[0.001s][warning][gc] -XX:+PrintGCDetails is deprecated. Will use -Xlog:gc* instead.
[0.004s][info   ][gc] Using G1
[0.040s][info   ][gc,init] Version: 17.0.12+7 (release)
[0.040s][info   ][gc,init] CPUs: 4 total, 4 available
[0.040s][info   ][gc,init] Memory: 3868M
[0.040s][info   ][gc,init] Large Page Support: Disabled
[0.040s][info   ][gc,init] NUMA Support: Disabled
[0.040s][info   ][gc,init] Compressed Oops: Enabled (32-bit)
[0.040s][info   ][gc,init] Heap Region Size: 1M
[0.040s][info   ][gc,init] Heap Min Capacity: 2G
[0.040s][info   ][gc,init] Heap Initial Capacity: 2G
[0.040s][info   ][gc,init] Heap Max Capacity: 2G
[0.040s][info   ][gc,init] Pre-touch: Disabled
[0.040s][info   ][gc,init] Parallel Workers: 4
[0.040s][info   ][gc,init] Concurrent Workers: 1
[0.040s][info   ][gc,init] Concurrent Refinement Workers: 4
[0.040s][info   ][gc,init] Periodic GC: Disabled
[0.068s][info   ][gc,metaspace] CDS archive(s) mapped at: [0x00007095b7000000-0x00007095b7bc7000-0x00007095b7bc7000), size 12349440, SharedBaseAddress: 0x00007095b7000000, ArchiveRelocationMode: 1.
[0.068s][info   ][gc,metaspace] Compressed class space mapped at: 0x00007095b8000000-0x00007095f8000000, reserved size: 1073741824
[0.068s][info   ][gc,metaspace] Narrow klass base: 0x00007095b7000000, Narrow klass shift: 0, Narrow klass range: 0x100000000
[0.221s][info   ][gc,start    ] GC(0) Pause Young (Concurrent Start) (G1 Humongous Allocation)
[0.222s][info   ][gc,task     ] GC(0) Using 4 workers of 4 for evacuation
[0.226s][info   ][gc,phases   ] GC(0)   Pre Evacuate Collection Set: 0.2ms
[0.226s][info   ][gc,phases   ] GC(0)   Merge Heap Roots: 0.2ms
[0.226s][info   ][gc,phases   ] GC(0)   Evacuate Collection Set: 0.5ms
[0.226s][info   ][gc,phases   ] GC(0)   Post Evacuate Collection Set: 3.2ms
[0.226s][info   ][gc,phases   ] GC(0)   Other: 0.9ms
[0.226s][info   ][gc,heap     ] GC(0) Eden regions: 2->0(101)
[0.226s][info   ][gc,heap     ] GC(0) Survivor regions: 0->1(13)
[0.226s][info   ][gc,heap     ] GC(0) Old regions: 0->0
[0.226s][info   ][gc,heap     ] GC(0) Archive regions: 2->2
[0.226s][info   ][gc,heap     ] GC(0) Humongous regions: 920->62
[0.226s][info   ][gc,metaspace] GC(0) Metaspace: 156K(384K)->156K(384K) NonClass: 147K(256K)->147K(256K) Class: 8K(128K)->8K(128K)
[0.226s][info   ][gc          ] GC(0) Pause Young (Concurrent Start) (G1 Humongous Allocation) 922M->63M(2048M) 5.142ms
[0.226s][info   ][gc,cpu      ] GC(0) User=0.00s Sys=0.00s Real=0.00s
[0.226s][info   ][gc          ] GC(1) Concurrent Undo Cycle
[0.226s][info   ][gc,marking  ] GC(1) Concurrent Cleanup for Next Mark
[0.333s][info   ][gc,marking  ] GC(1) Concurrent Cleanup for Next Mark 107.120ms
[0.334s][info   ][gc          ] GC(1) Concurrent Undo Cycle 107.238ms
[0.335s][info   ][gc,start    ] GC(2) Pause Young (Concurrent Start) (G1 Humongous Allocation)
[0.335s][info   ][gc,task     ] GC(2) Using 4 workers of 4 for evacuation
[0.338s][info   ][gc,phases   ] GC(2)   Pre Evacuate Collection Set: 0.2ms
[0.338s][info   ][gc,phases   ] GC(2)   Merge Heap Roots: 0.1ms
[0.338s][info   ][gc,phases   ] GC(2)   Evacuate Collection Set: 0.4ms
[0.338s][info   ][gc,phases   ] GC(2)   Post Evacuate Collection Set: 1.7ms
[0.338s][info   ][gc,phases   ] GC(2)   Other: 0.1ms
[0.338s][info   ][gc,heap     ] GC(2) Eden regions: 0->0(101)
[0.338s][info   ][gc,heap     ] GC(2) Survivor regions: 1->1(13)
[0.338s][info   ][gc,heap     ] GC(2) Old regions: 0->0
[0.338s][info   ][gc,heap     ] GC(2) Archive regions: 2->2
[0.338s][info   ][gc,heap     ] GC(2) Humongous regions: 1306->88
[0.338s][info   ][gc,metaspace] GC(2) Metaspace: 156K(384K)->156K(384K) NonClass: 148K(256K)->148K(256K) Class: 8K(128K)->8K(128K)
[0.338s][info   ][gc          ] GC(2) Pause Young (Concurrent Start) (G1 Humongous Allocation) 1307M->89M(2048M) 2.673ms
[0.338s][info   ][gc,cpu      ] GC(2) User=0.01s Sys=0.00s Real=0.01s
[0.338s][info   ][gc          ] GC(3) Concurrent Undo Cycle
[0.338s][info   ][gc,marking  ] GC(3) Concurrent Cleanup for Next Mark
[0.351s][info   ][gc,marking  ] GC(3) Concurrent Cleanup for Next Mark 13.268ms
[0.352s][info   ][gc          ] GC(3) Concurrent Undo Cycle 13.556ms
[0.394s][info   ][gc,start    ] GC(4) Pause Young (Concurrent Start) (G1 Humongous Allocation)
[0.394s][info   ][gc,task     ] GC(4) Using 4 workers of 4 for evacuation
[0.396s][info   ][gc,phases   ] GC(4)   Pre Evacuate Collection Set: 0.2ms
[0.396s][info   ][gc,phases   ] GC(4)   Merge Heap Roots: 0.1ms
[0.396s][info   ][gc,phases   ] GC(4)   Evacuate Collection Set: 0.3ms
[0.396s][info   ][gc,phases   ] GC(4)   Post Evacuate Collection Set: 1.1ms
[0.396s][info   ][gc,phases   ] GC(4)   Other: 0.2ms
[0.396s][info   ][gc,heap     ] GC(4) Eden regions: 1->0(120)
[0.396s][info   ][gc,heap     ] GC(4) Survivor regions: 1->1(13)
[0.396s][info   ][gc,heap     ] GC(4) Old regions: 0->0
[0.396s][info   ][gc,heap     ] GC(4) Archive regions: 2->2
[0.396s][info   ][gc,heap     ] GC(4) Humongous regions: 920->26
[0.396s][info   ][gc,metaspace] GC(4) Metaspace: 156K(384K)->156K(384K) NonClass: 148K(256K)->148K(256K) Class: 8K(128K)->8K(128K)
[0.396s][info   ][gc          ] GC(4) Pause Young (Concurrent Start) (G1 Humongous Allocation) 921M->27M(2048M) 1.917ms
[0.396s][info   ][gc,cpu      ] GC(4) User=0.00s Sys=0.00s Real=0.00s
[0.396s][info   ][gc          ] GC(5) Concurrent Undo Cycle
[0.396s][info   ][gc,marking  ] GC(5) Concurrent Cleanup for Next Mark
[0.431s][info   ][gc,marking  ] GC(5) Concurrent Cleanup for Next Mark 35.389ms
[0.431s][info   ][gc          ] GC(5) Concurrent Undo Cycle 35.601ms
[0.459s][info   ][gc,start    ] GC(6) Pause Young (Concurrent Start) (G1 Humongous Allocation)
[0.459s][info   ][gc,task     ] GC(6) Using 4 workers of 4 for evacuation
[0.461s][info   ][gc,phases   ] GC(6)   Pre Evacuate Collection Set: 0.2ms
[0.461s][info   ][gc,phases   ] GC(6)   Merge Heap Roots: 0.2ms
[0.461s][info   ][gc,phases   ] GC(6)   Evacuate Collection Set: 0.3ms
[0.461s][info   ][gc,phases   ] GC(6)   Post Evacuate Collection Set: 0.8ms
[0.461s][info   ][gc,phases   ] GC(6)   Other: 0.3ms
[0.461s][info   ][gc,heap     ] GC(6) Eden regions: 0->0(153)
[0.461s][info   ][gc,heap     ] GC(6) Survivor regions: 1->1(16)
[0.461s][info   ][gc,heap     ] GC(6) Old regions: 0->0
[0.461s][info   ][gc,heap     ] GC(6) Archive regions: 2->2
[0.461s][info   ][gc,heap     ] GC(6) Humongous regions: 920->12
[0.461s][info   ][gc,metaspace] GC(6) Metaspace: 156K(384K)->156K(384K) NonClass: 148K(256K)->148K(256K) Class: 8K(128K)->8K(128K)
[0.461s][info   ][gc          ] GC(6) Pause Young (Concurrent Start) (G1 Humongous Allocation) 921M->13M(2048M) 1.836ms
[0.461s][info   ][gc,cpu      ] GC(6) User=0.00s Sys=0.00s Real=0.00s
[0.461s][info   ][gc          ] GC(7) Concurrent Undo Cycle
[0.461s][info   ][gc,marking  ] GC(7) Concurrent Cleanup for Next Mark
[0.494s][info   ][gc,marking  ] GC(7) Concurrent Cleanup for Next Mark 32.537ms
[0.494s][info   ][gc          ] GC(7) Concurrent Undo Cycle 32.749ms
[0.525s][info   ][gc,start    ] GC(8) Pause Young (Concurrent Start) (G1 Humongous Allocation)
[0.525s][info   ][gc,task     ] GC(8) Using 4 workers of 4 for evacuation
[0.527s][info   ][gc,phases   ] GC(8)   Pre Evacuate Collection Set: 0.2ms
[0.527s][info   ][gc,phases   ] GC(8)   Merge Heap Roots: 0.1ms
[0.527s][info   ][gc,phases   ] GC(8)   Evacuate Collection Set: 0.7ms
[0.527s][info   ][gc,phases   ] GC(8)   Post Evacuate Collection Set: 0.9ms
[0.527s][info   ][gc,phases   ] GC(8)   Other: 0.2ms
[0.527s][info   ][gc,heap     ] GC(8) Eden regions: 0->0(191)
[0.527s][info   ][gc,heap     ] GC(8) Survivor regions: 1->1(20)
[0.527s][info   ][gc,heap     ] GC(8) Old regions: 0->0
[0.527s][info   ][gc,heap     ] GC(8) Archive regions: 2->2
[0.527s][info   ][gc,heap     ] GC(8) Humongous regions: 920->18
[0.527s][info   ][gc,metaspace] GC(8) Metaspace: 156K(384K)->156K(384K) NonClass: 148K(256K)->148K(256K) Class: 8K(128K)->8K(128K)
[0.527s][info   ][gc          ] GC(8) Pause Young (Concurrent Start) (G1 Humongous Allocation) 921M->19M(2048M) 2.172ms
[0.527s][info   ][gc,cpu      ] GC(8) User=0.00s Sys=0.00s Real=0.00s
[0.527s][info   ][gc          ] GC(9) Concurrent Undo Cycle
[0.527s][info   ][gc,marking  ] GC(9) Concurrent Cleanup for Next Mark
[0.568s][info   ][gc,marking  ] GC(9) Concurrent Cleanup for Next Mark 40.689ms
[0.568s][info   ][gc          ] GC(9) Concurrent Undo Cycle 40.913ms
[0.591s][info   ][gc,start    ] GC(10) Pause Young (Concurrent Start) (G1 Humongous Allocation)
[0.591s][info   ][gc,task     ] GC(10) Using 4 workers of 4 for evacuation
[0.593s][info   ][gc,phases   ] GC(10)   Pre Evacuate Collection Set: 0.2ms
[0.593s][info   ][gc,phases   ] GC(10)   Merge Heap Roots: 0.1ms
[0.593s][info   ][gc,phases   ] GC(10)   Evacuate Collection Set: 0.3ms
[0.593s][info   ][gc,phases   ] GC(10)   Post Evacuate Collection Set: 0.8ms
[0.593s][info   ][gc,phases   ] GC(10)   Other: 0.2ms
[0.593s][info   ][gc,heap     ] GC(10) Eden regions: 0->0(239)
[0.593s][info   ][gc,heap     ] GC(10) Survivor regions: 1->1(24)
[0.593s][info   ][gc,heap     ] GC(10) Old regions: 0->0
[0.593s][info   ][gc,heap     ] GC(10) Archive regions: 2->2
[0.593s][info   ][gc,heap     ] GC(10) Humongous regions: 920->42
[0.593s][info   ][gc,metaspace] GC(10) Metaspace: 156K(384K)->156K(384K) NonClass: 148K(256K)->148K(256K) Class: 8K(128K)->8K(128K)
[0.593s][info   ][gc          ] GC(10) Pause Young (Concurrent Start) (G1 Humongous Allocation) 921M->43M(2048M) 1.672ms
[0.593s][info   ][gc,cpu      ] GC(10) User=0.00s Sys=0.00s Real=0.00s
[0.593s][info   ][gc          ] GC(11) Concurrent Undo Cycle
[0.593s][info   ][gc,marking  ] GC(11) Concurrent Cleanup for Next Mark
[0.614s][info   ][gc,marking  ] GC(11) Concurrent Cleanup for Next Mark 21.257ms
[0.615s][info   ][gc          ] GC(11) Concurrent Undo Cycle 21.602ms
[0.664s][info   ][gc,start    ] GC(12) Pause Young (Concurrent Start) (G1 Humongous Allocation)
[0.664s][info   ][gc,task     ] GC(12) Using 4 workers of 4 for evacuation
[0.667s][info   ][gc,phases   ] GC(12)   Pre Evacuate Collection Set: 0.3ms
[0.667s][info   ][gc,phases   ] GC(12)   Merge Heap Roots: 0.2ms
[0.667s][info   ][gc,phases   ] GC(12)   Evacuate Collection Set: 0.4ms
[0.667s][info   ][gc,phases   ] GC(12)   Post Evacuate Collection Set: 1.1ms
[0.667s][info   ][gc,phases   ] GC(12)   Other: 0.3ms
[0.667s][info   ][gc,heap     ] GC(12) Eden regions: 0->0(295)
[0.667s][info   ][gc,heap     ] GC(12) Survivor regions: 1->1(30)
[0.667s][info   ][gc,heap     ] GC(12) Old regions: 0->0
[0.667s][info   ][gc,heap     ] GC(12) Archive regions: 2->2
[0.667s][info   ][gc,heap     ] GC(12) Humongous regions: 920->32
[0.667s][info   ][gc,metaspace] GC(12) Metaspace: 156K(384K)->156K(384K) NonClass: 148K(256K)->148K(256K) Class: 8K(128K)->8K(128K)
[0.667s][info   ][gc          ] GC(12) Pause Young (Concurrent Start) (G1 Humongous Allocation) 921M->33M(2048M) 2.483ms
[0.667s][info   ][gc,cpu      ] GC(12) User=0.00s Sys=0.01s Real=0.00s
[0.667s][info   ][gc          ] GC(13) Concurrent Undo Cycle
[0.667s][info   ][gc,marking  ] GC(13) Concurrent Cleanup for Next Mark
[0.700s][info   ][gc,marking  ] GC(13) Concurrent Cleanup for Next Mark 32.954ms
[0.701s][info   ][gc          ] GC(13) Concurrent Undo Cycle 33.693ms
[0.735s][info   ][gc,start    ] GC(14) Pause Young (Concurrent Start) (G1 Humongous Allocation)
[0.735s][info   ][gc,task     ] GC(14) Using 4 workers of 4 for evacuation
[0.737s][info   ][gc,phases   ] GC(14)   Pre Evacuate Collection Set: 0.2ms
[0.737s][info   ][gc,phases   ] GC(14)   Merge Heap Roots: 0.1ms
[0.737s][info   ][gc,phases   ] GC(14)   Evacuate Collection Set: 0.4ms
[0.737s][info   ][gc,phases   ] GC(14)   Post Evacuate Collection Set: 0.8ms
[0.737s][info   ][gc,phases   ] GC(14)   Other: 0.3ms
[0.737s][info   ][gc,heap     ] GC(14) Eden regions: 0->0(360)
[0.737s][info   ][gc,heap     ] GC(14) Survivor regions: 1->1(37)
[0.737s][info   ][gc,heap     ] GC(14) Old regions: 0->0
[0.737s][info   ][gc,heap     ] GC(14) Archive regions: 2->2
[0.737s][info   ][gc,heap     ] GC(14) Humongous regions: 920->86
[0.737s][info   ][gc,metaspace] GC(14) Metaspace: 156K(384K)->156K(384K) NonClass: 148K(256K)->148K(256K) Class: 8K(128K)->8K(128K)
[0.737s][info   ][gc          ] GC(14) Pause Young (Concurrent Start) (G1 Humongous Allocation) 921M->87M(2048M) 1.926ms
[0.737s][info   ][gc,cpu      ] GC(14) User=0.00s Sys=0.00s Real=0.00s
[0.737s][info   ][gc          ] GC(15) Concurrent Undo Cycle
[0.737s][info   ][gc,marking  ] GC(15) Concurrent Cleanup for Next Mark
[0.770s][info   ][gc,marking  ] GC(15) Concurrent Cleanup for Next Mark 33.125ms
[0.771s][info   ][gc          ] GC(15) Concurrent Undo Cycle 33.450ms
[0.800s][info   ][gc,start    ] GC(16) Pause Young (Concurrent Start) (G1 Humongous Allocation)
[0.800s][info   ][gc,task     ] GC(16) Using 4 workers of 4 for evacuation
[0.801s][info   ][gc,phases   ] GC(16)   Pre Evacuate Collection Set: 0.2ms
[0.801s][info   ][gc,phases   ] GC(16)   Merge Heap Roots: 0.1ms
[0.801s][info   ][gc,phases   ] GC(16)   Evacuate Collection Set: 0.4ms
[0.801s][info   ][gc,phases   ] GC(16)   Post Evacuate Collection Set: 0.9ms
[0.801s][info   ][gc,phases   ] GC(16)   Other: 0.2ms
[0.801s][info   ][gc,heap     ] GC(16) Eden regions: 0->0(433)
[0.801s][info   ][gc,heap     ] GC(16) Survivor regions: 1->1(46)
[0.801s][info   ][gc,heap     ] GC(16) Old regions: 0->0
[0.801s][info   ][gc,heap     ] GC(16) Archive regions: 2->2
[0.801s][info   ][gc,heap     ] GC(16) Humongous regions: 920->124
[0.801s][info   ][gc,metaspace] GC(16) Metaspace: 156K(384K)->156K(384K) NonClass: 148K(256K)->148K(256K) Class: 8K(128K)->8K(128K)
[0.801s][info   ][gc          ] GC(16) Pause Young (Concurrent Start) (G1 Humongous Allocation) 921M->125M(2048M) 1.834ms
[0.801s][info   ][gc,cpu      ] GC(16) User=0.00s Sys=0.00s Real=0.00s
[0.801s][info   ][gc          ] GC(17) Concurrent Undo Cycle
[0.801s][info   ][gc,marking  ] GC(17) Concurrent Cleanup for Next Mark
[0.813s][info   ][gc,marking  ] GC(17) Concurrent Cleanup for Next Mark 11.075ms
[0.813s][info   ][gc          ] GC(17) Concurrent Undo Cycle 11.251ms
[0.857s][info   ][gc,start    ] GC(18) Pause Young (Concurrent Start) (G1 Humongous Allocation)
[0.857s][info   ][gc,task     ] GC(18) Using 4 workers of 4 for evacuation
[0.858s][info   ][gc,phases   ] GC(18)   Pre Evacuate Collection Set: 0.2ms
[0.858s][info   ][gc,phases   ] GC(18)   Merge Heap Roots: 0.1ms
[0.858s][info   ][gc,phases   ] GC(18)   Evacuate Collection Set: 0.3ms
[0.858s][info   ][gc,phases   ] GC(18)   Post Evacuate Collection Set: 0.9ms
[0.858s][info   ][gc,phases   ] GC(18)   Other: 0.2ms
[0.858s][info   ][gc,heap     ] GC(18) Eden regions: 0->0(523)
[0.858s][info   ][gc,heap     ] GC(18) Survivor regions: 1->1(55)
[0.858s][info   ][gc,heap     ] GC(18) Old regions: 0->0
[0.858s][info   ][gc,heap     ] GC(18) Archive regions: 2->2
[0.858s][info   ][gc,heap     ] GC(18) Humongous regions: 920->132
[0.858s][info   ][gc,metaspace] GC(18) Metaspace: 156K(384K)->156K(384K) NonClass: 148K(256K)->148K(256K) Class: 8K(128K)->8K(128K)
[0.858s][info   ][gc          ] GC(18) Pause Young (Concurrent Start) (G1 Humongous Allocation) 921M->133M(2048M) 1.769ms
[0.858s][info   ][gc,cpu      ] GC(18) User=0.00s Sys=0.00s Real=0.01s
[0.858s][info   ][gc          ] GC(19) Concurrent Undo Cycle
[0.858s][info   ][gc,marking  ] GC(19) Concurrent Cleanup for Next Mark
[0.890s][info   ][gc,marking  ] GC(19) Concurrent Cleanup for Next Mark 31.924ms
[0.891s][info   ][gc          ] GC(19) Concurrent Undo Cycle 32.155ms
[0.917s][info   ][gc,start    ] GC(20) Pause Young (Concurrent Start) (G1 Humongous Allocation)
[0.917s][info   ][gc,task     ] GC(20) Using 4 workers of 4 for evacuation
[0.918s][info   ][gc,phases   ] GC(20)   Pre Evacuate Collection Set: 0.2ms
[0.918s][info   ][gc,phases   ] GC(20)   Merge Heap Roots: 0.1ms
[0.918s][info   ][gc,phases   ] GC(20)   Evacuate Collection Set: 0.3ms
[0.918s][info   ][gc,phases   ] GC(20)   Post Evacuate Collection Set: 0.7ms
[0.918s][info   ][gc,phases   ] GC(20)   Other: 0.2ms
[0.918s][info   ][gc,heap     ] GC(20) Eden regions: 0->0(619)
[0.918s][info   ][gc,heap     ] GC(20) Survivor regions: 1->1(66)
[0.918s][info   ][gc,heap     ] GC(20) Old regions: 0->0
[0.918s][info   ][gc,heap     ] GC(20) Archive regions: 2->2
[0.918s][info   ][gc,heap     ] GC(20) Humongous regions: 920->20
[0.918s][info   ][gc,metaspace] GC(20) Metaspace: 156K(384K)->156K(384K) NonClass: 148K(256K)->148K(256K) Class: 8K(128K)->8K(128K)
[0.918s][info   ][gc          ] GC(20) Pause Young (Concurrent Start) (G1 Humongous Allocation) 921M->21M(2048M) 1.612ms
[0.918s][info   ][gc,cpu      ] GC(20) User=0.00s Sys=0.00s Real=0.01s
[0.918s][info   ][gc          ] GC(21) Concurrent Undo Cycle
[0.919s][info   ][gc,marking  ] GC(21) Concurrent Cleanup for Next Mark
[0.952s][info   ][gc,marking  ] GC(21) Concurrent Cleanup for Next Mark 33.713ms
[0.953s][info   ][gc          ] GC(21) Concurrent Undo Cycle 34.029ms
[0.981s][info   ][gc,start    ] GC(22) Pause Young (Concurrent Start) (G1 Humongous Allocation)
[0.981s][info   ][gc,task     ] GC(22) Using 4 workers of 4 for evacuation
[0.983s][info   ][gc,phases   ] GC(22)   Pre Evacuate Collection Set: 0.3ms
[0.983s][info   ][gc,phases   ] GC(22)   Merge Heap Roots: 0.2ms
[0.983s][info   ][gc,phases   ] GC(22)   Evacuate Collection Set: 0.3ms
[0.983s][info   ][gc,phases   ] GC(22)   Post Evacuate Collection Set: 0.8ms
[0.983s][info   ][gc,phases   ] GC(22)   Other: 0.3ms
[0.983s][info   ][gc,heap     ] GC(22) Eden regions: 0->0(715)
[0.983s][info   ][gc,heap     ] GC(22) Survivor regions: 1->1(78)
[0.983s][info   ][gc,heap     ] GC(22) Old regions: 0->0
[0.983s][info   ][gc,heap     ] GC(22) Archive regions: 2->2
[0.983s][info   ][gc,heap     ] GC(22) Humongous regions: 920->112
[0.983s][info   ][gc,metaspace] GC(22) Metaspace: 156K(384K)->156K(384K) NonClass: 148K(256K)->148K(256K) Class: 8K(128K)->8K(128K)
[0.983s][info   ][gc          ] GC(22) Pause Young (Concurrent Start) (G1 Humongous Allocation) 921M->113M(2048M) 1.902ms
[0.983s][info   ][gc,cpu      ] GC(22) User=0.00s Sys=0.00s Real=0.00s
[0.983s][info   ][gc          ] GC(23) Concurrent Undo Cycle
[0.983s][info   ][gc,marking  ] GC(23) Concurrent Cleanup for Next Mark
[1.021s][info   ][gc,marking  ] GC(23) Concurrent Cleanup for Next Mark 37.209ms
[1.021s][info   ][gc          ] GC(23) Concurrent Undo Cycle 37.371ms
[1.042s][info   ][gc,start    ] GC(24) Pause Young (Concurrent Start) (G1 Humongous Allocation)
[1.042s][info   ][gc,task     ] GC(24) Using 4 workers of 4 for evacuation
[1.043s][info   ][gc,phases   ] GC(24)   Pre Evacuate Collection Set: 0.2ms
[1.043s][info   ][gc,phases   ] GC(24)   Merge Heap Roots: 0.1ms
[1.043s][info   ][gc,phases   ] GC(24)   Evacuate Collection Set: 0.3ms
[1.043s][info   ][gc,phases   ] GC(24)   Post Evacuate Collection Set: 0.8ms
[1.043s][info   ][gc,phases   ] GC(24)   Other: 0.2ms
[1.043s][info   ][gc,heap     ] GC(24) Eden regions: 0->0(821)
[1.043s][info   ][gc,heap     ] GC(24) Survivor regions: 1->1(90)
[1.043s][info   ][gc,heap     ] GC(24) Old regions: 0->0
[1.043s][info   ][gc,heap     ] GC(24) Archive regions: 2->2
[1.043s][info   ][gc,heap     ] GC(24) Humongous regions: 920->112
[1.043s][info   ][gc,metaspace] GC(24) Metaspace: 156K(384K)->156K(384K) NonClass: 148K(256K)->148K(256K) Class: 8K(128K)->8K(128K)
[1.043s][info   ][gc          ] GC(24) Pause Young (Concurrent Start) (G1 Humongous Allocation) 921M->113M(2048M) 1.708ms
[1.043s][info   ][gc,cpu      ] GC(24) User=0.00s Sys=0.00s Real=0.00s
[1.043s][info   ][gc          ] GC(25) Concurrent Undo Cycle
[1.043s][info   ][gc,marking  ] GC(25) Concurrent Cleanup for Next Mark
[1.070s][info   ][gc,marking  ] GC(25) Concurrent Cleanup for Next Mark 26.295ms
[1.070s][info   ][gc          ] GC(25) Concurrent Undo Cycle 26.454ms
[1.099s][info   ][gc,start    ] GC(26) Pause Young (Concurrent Start) (G1 Humongous Allocation)
[1.099s][info   ][gc,task     ] GC(26) Using 4 workers of 4 for evacuation
[1.101s][info   ][gc,phases   ] GC(26)   Pre Evacuate Collection Set: 0.2ms
[1.101s][info   ][gc,phases   ] GC(26)   Merge Heap Roots: 0.1ms
[1.101s][info   ][gc,phases   ] GC(26)   Evacuate Collection Set: 0.4ms
[1.101s][info   ][gc,phases   ] GC(26)   Post Evacuate Collection Set: 0.6ms
[1.101s][info   ][gc,phases   ] GC(26)   Other: 0.2ms
[1.101s][info   ][gc,heap     ] GC(26) Eden regions: 0->0(947)
[1.101s][info   ][gc,heap     ] GC(26) Survivor regions: 1->1(103)
[1.101s][info   ][gc,heap     ] GC(26) Old regions: 0->0
[1.101s][info   ][gc,heap     ] GC(26) Archive regions: 2->2
[1.101s][info   ][gc,heap     ] GC(26) Humongous regions: 922->86
[1.101s][info   ][gc,metaspace] GC(26) Metaspace: 156K(384K)->156K(384K) NonClass: 148K(256K)->148K(256K) Class: 8K(128K)->8K(128K)
[1.101s][info   ][gc          ] GC(26) Pause Young (Concurrent Start) (G1 Humongous Allocation) 923M->87M(2048M) 1.590ms
[1.101s][info   ][gc,cpu      ] GC(26) User=0.00s Sys=0.00s Real=0.00s
[1.101s][info   ][gc          ] GC(27) Concurrent Undo Cycle
[1.101s][info   ][gc,marking  ] GC(27) Concurrent Cleanup for Next Mark
[1.124s][info   ][gc,marking  ] GC(27) Concurrent Cleanup for Next Mark 23.175ms
[1.124s][info   ][gc          ] GC(27) Concurrent Undo Cycle 23.465ms
[1.158s][info   ][gc,start    ] GC(28) Pause Young (Concurrent Start) (G1 Humongous Allocation)
[1.158s][info   ][gc,task     ] GC(28) Using 4 workers of 4 for evacuation
[1.160s][info   ][gc,phases   ] GC(28)   Pre Evacuate Collection Set: 0.2ms
[1.160s][info   ][gc,phases   ] GC(28)   Merge Heap Roots: 0.1ms
[1.160s][info   ][gc,phases   ] GC(28)   Evacuate Collection Set: 0.3ms
[1.160s][info   ][gc,phases   ] GC(28)   Post Evacuate Collection Set: 1.0ms
[1.160s][info   ][gc,phases   ] GC(28)   Other: 0.2ms
[1.160s][info   ][gc,heap     ] GC(28) Eden regions: 0->0(1079)
[1.160s][info   ][gc,heap     ] GC(28) Survivor regions: 1->1(119)
[1.160s][info   ][gc,heap     ] GC(28) Old regions: 0->0
[1.160s][info   ][gc,heap     ] GC(28) Archive regions: 2->2
[1.160s][info   ][gc,heap     ] GC(28) Humongous regions: 920->32
[1.160s][info   ][gc,metaspace] GC(28) Metaspace: 156K(384K)->156K(384K) NonClass: 148K(256K)->148K(256K) Class: 8K(128K)->8K(128K)
[1.160s][info   ][gc          ] GC(28) Pause Young (Concurrent Start) (G1 Humongous Allocation) 921M->33M(2048M) 1.910ms
[1.160s][info   ][gc,cpu      ] GC(28) User=0.00s Sys=0.00s Real=0.01s
[1.160s][info   ][gc          ] GC(29) Concurrent Undo Cycle
[1.160s][info   ][gc,marking  ] GC(29) Concurrent Cleanup for Next Mark
[1.189s][info   ][gc,marking  ] GC(29) Concurrent Cleanup for Next Mark 29.014ms
[1.189s][info   ][gc          ] GC(29) Concurrent Undo Cycle 29.295ms
[1.224s][info   ][gc,start    ] GC(30) Pause Young (Concurrent Start) (G1 Humongous Allocation)
[1.224s][info   ][gc,task     ] GC(30) Using 4 workers of 4 for evacuation
[1.226s][info   ][gc,phases   ] GC(30)   Pre Evacuate Collection Set: 0.2ms
[1.226s][info   ][gc,phases   ] GC(30)   Merge Heap Roots: 0.1ms
[1.226s][info   ][gc,phases   ] GC(30)   Evacuate Collection Set: 0.3ms
[1.226s][info   ][gc,phases   ] GC(30)   Post Evacuate Collection Set: 0.6ms
[1.226s][info   ][gc,phases   ] GC(30)   Other: 0.2ms
[1.226s][info   ][gc,heap     ] GC(30) Eden regions: 0->0(1215)
[1.226s][info   ][gc,heap     ] GC(30) Survivor regions: 1->1(135)
[1.226s][info   ][gc,heap     ] GC(30) Old regions: 0->1
[1.226s][info   ][gc,heap     ] GC(30) Archive regions: 2->2
[1.226s][info   ][gc,heap     ] GC(30) Humongous regions: 922->58
[1.226s][info   ][gc,metaspace] GC(30) Metaspace: 156K(384K)->156K(384K) NonClass: 148K(256K)->148K(256K) Class: 8K(128K)->8K(128K)
[1.226s][info   ][gc          ] GC(30) Pause Young (Concurrent Start) (G1 Humongous Allocation) 923M->59M(2048M) 1.485ms
[1.226s][info   ][gc,cpu      ] GC(30) User=0.00s Sys=0.00s Real=0.00s
[1.226s][info   ][gc          ] GC(31) Concurrent Undo Cycle
[1.226s][info   ][gc,marking  ] GC(31) Concurrent Cleanup for Next Mark
[1.238s][info   ][gc,marking  ] GC(31) Concurrent Cleanup for Next Mark 12.247ms
[1.238s][info   ][gc          ] GC(31) Concurrent Undo Cycle 12.528ms
[1.286s][info   ][gc,start    ] GC(32) Pause Young (Concurrent Start) (G1 Humongous Allocation)
[1.286s][info   ][gc,task     ] GC(32) Using 4 workers of 4 for evacuation
[1.287s][info   ][gc,phases   ] GC(32)   Pre Evacuate Collection Set: 0.2ms
[1.287s][info   ][gc,phases   ] GC(32)   Merge Heap Roots: 0.1ms
[1.287s][info   ][gc,phases   ] GC(32)   Evacuate Collection Set: 0.2ms
[1.287s][info   ][gc,phases   ] GC(32)   Post Evacuate Collection Set: 0.6ms
[1.287s][info   ][gc,phases   ] GC(32)   Other: 0.2ms
[1.287s][info   ][gc,heap     ] GC(32) Eden regions: 0->0(223)
[1.287s][info   ][gc,heap     ] GC(32) Survivor regions: 1->1(152)
[1.287s][info   ][gc,heap     ] GC(32) Old regions: 1->1
[1.287s][info   ][gc,heap     ] GC(32) Archive regions: 2->2
[1.287s][info   ][gc,heap     ] GC(32) Humongous regions: 918->118
[1.287s][info   ][gc,metaspace] GC(32) Metaspace: 156K(384K)->156K(384K) NonClass: 148K(256K)->148K(256K) Class: 8K(128K)->8K(128K)
[1.287s][info   ][gc          ] GC(32) Pause Young (Concurrent Start) (G1 Humongous Allocation) 919M->119M(2048M) 1.358ms
[1.287s][info   ][gc,cpu      ] GC(32) User=0.00s Sys=0.00s Real=0.00s
[1.287s][info   ][gc          ] GC(33) Concurrent Undo Cycle
[1.287s][info   ][gc,marking  ] GC(33) Concurrent Cleanup for Next Mark
[1.307s][info   ][gc,marking  ] GC(33) Concurrent Cleanup for Next Mark 19.470ms
[1.307s][info   ][gc          ] GC(33) Concurrent Undo Cycle 19.677ms
[1.343s][info   ][gc,start    ] GC(34) Pause Young (Concurrent Start) (G1 Humongous Allocation)
[1.343s][info   ][gc,task     ] GC(34) Using 4 workers of 4 for evacuation
[1.344s][info   ][gc,phases   ] GC(34)   Pre Evacuate Collection Set: 0.2ms
[1.344s][info   ][gc,phases   ] GC(34)   Merge Heap Roots: 0.1ms
[1.344s][info   ][gc,phases   ] GC(34)   Evacuate Collection Set: 0.2ms
[1.344s][info   ][gc,phases   ] GC(34)   Post Evacuate Collection Set: 0.6ms
[1.344s][info   ][gc,phases   ] GC(34)   Other: 0.2ms
[1.344s][info   ][gc,heap     ] GC(34) Eden regions: 0->0(152)
[1.344s][info   ][gc,heap     ] GC(34) Survivor regions: 1->0(28)
[1.344s][info   ][gc,heap     ] GC(34) Old regions: 1->1
[1.344s][info   ][gc,heap     ] GC(34) Archive regions: 2->2
[1.344s][info   ][gc,heap     ] GC(34) Humongous regions: 918->50
[1.344s][info   ][gc,metaspace] GC(34) Metaspace: 156K(384K)->156K(384K) NonClass: 148K(256K)->148K(256K) Class: 8K(128K)->8K(128K)
[1.344s][info   ][gc          ] GC(34) Pause Young (Concurrent Start) (G1 Humongous Allocation) 919M->51M(2048M) 1.367ms
[1.344s][info   ][gc,cpu      ] GC(34) User=0.00s Sys=0.00s Real=0.00s
[1.344s][info   ][gc          ] GC(35) Concurrent Undo Cycle
[1.344s][info   ][gc,marking  ] GC(35) Concurrent Cleanup for Next Mark
[1.399s][info   ][gc,marking  ] GC(35) Concurrent Cleanup for Next Mark 54.761ms
[1.399s][info   ][gc          ] GC(35) Concurrent Undo Cycle 54.992ms
[1.406s][info   ][gc,start    ] GC(36) Pause Young (Concurrent Start) (G1 Humongous Allocation)
[1.406s][info   ][gc,task     ] GC(36) Using 4 workers of 4 for evacuation
[1.408s][info   ][gc,phases   ] GC(36)   Pre Evacuate Collection Set: 0.2ms
[1.408s][info   ][gc,phases   ] GC(36)   Merge Heap Roots: 0.1ms
[1.408s][info   ][gc,phases   ] GC(36)   Evacuate Collection Set: 0.3ms
[1.408s][info   ][gc,phases   ] GC(36)   Post Evacuate Collection Set: 0.9ms
[1.408s][info   ][gc,phases   ] GC(36)   Other: 0.2ms
[1.408s][info   ][gc,heap     ] GC(36) Eden regions: 0->0(152)
[1.408s][info   ][gc,heap     ] GC(36) Survivor regions: 0->0(19)
[1.408s][info   ][gc,heap     ] GC(36) Old regions: 1->1
[1.408s][info   ][gc,heap     ] GC(36) Archive regions: 2->2
[1.408s][info   ][gc,heap     ] GC(36) Humongous regions: 918->32
[1.408s][info   ][gc,metaspace] GC(36) Metaspace: 156K(384K)->156K(384K) NonClass: 148K(256K)->148K(256K) Class: 8K(128K)->8K(128K)
[1.408s][info   ][gc          ] GC(36) Pause Young (Concurrent Start) (G1 Humongous Allocation) 919M->33M(2048M) 1.777ms
[1.408s][info   ][gc,cpu      ] GC(36) User=0.01s Sys=0.00s Real=0.01s
[1.408s][info   ][gc          ] GC(37) Concurrent Undo Cycle
[1.408s][info   ][gc,marking  ] GC(37) Concurrent Cleanup for Next Mark
[1.438s][info   ][gc,marking  ] GC(37) Concurrent Cleanup for Next Mark 30.096ms
[1.439s][info   ][gc          ] GC(37) Concurrent Undo Cycle 30.308ms
[1.473s][info   ][gc,start    ] GC(38) Pause Young (Concurrent Start) (G1 Humongous Allocation)
[1.473s][info   ][gc,task     ] GC(38) Using 4 workers of 4 for evacuation
[1.474s][info   ][gc,phases   ] GC(38)   Pre Evacuate Collection Set: 0.2ms
[1.475s][info   ][gc,phases   ] GC(38)   Merge Heap Roots: 0.1ms
[1.475s][info   ][gc,phases   ] GC(38)   Evacuate Collection Set: 0.3ms
[1.475s][info   ][gc,phases   ] GC(38)   Post Evacuate Collection Set: 0.8ms
[1.475s][info   ][gc,phases   ] GC(38)   Other: 0.3ms
[1.475s][info   ][gc,heap     ] GC(38) Eden regions: 0->0(152)
[1.475s][info   ][gc,heap     ] GC(38) Survivor regions: 0->0(19)
[1.475s][info   ][gc,heap     ] GC(38) Old regions: 1->1
[1.475s][info   ][gc,heap     ] GC(38) Archive regions: 2->2
[1.475s][info   ][gc,heap     ] GC(38) Humongous regions: 918->18
[1.475s][info   ][gc,metaspace] GC(38) Metaspace: 156K(384K)->156K(384K) NonClass: 148K(256K)->148K(256K) Class: 8K(128K)->8K(128K)
[1.475s][info   ][gc          ] GC(38) Pause Young (Concurrent Start) (G1 Humongous Allocation) 919M->19M(2048M) 1.763ms
[1.475s][info   ][gc,cpu      ] GC(38) User=0.00s Sys=0.00s Real=0.00s
[1.475s][info   ][gc          ] GC(39) Concurrent Undo Cycle
[1.475s][info   ][gc,marking  ] GC(39) Concurrent Cleanup for Next Mark
[1.524s][info   ][gc,marking  ] GC(39) Concurrent Cleanup for Next Mark 49.344ms
[1.524s][info   ][gc          ] GC(39) Concurrent Undo Cycle 49.590ms
[1.539s][info   ][gc,start    ] GC(40) Pause Young (Concurrent Start) (G1 Humongous Allocation)
[1.539s][info   ][gc,task     ] GC(40) Using 4 workers of 4 for evacuation
[1.540s][info   ][gc,phases   ] GC(40)   Pre Evacuate Collection Set: 0.2ms
[1.540s][info   ][gc,phases   ] GC(40)   Merge Heap Roots: 0.1ms
[1.540s][info   ][gc,phases   ] GC(40)   Evacuate Collection Set: 0.2ms
[1.540s][info   ][gc,phases   ] GC(40)   Post Evacuate Collection Set: 0.7ms
[1.540s][info   ][gc,phases   ] GC(40)   Other: 0.2ms
[1.540s][info   ][gc,heap     ] GC(40) Eden regions: 0->0(152)
[1.540s][info   ][gc,heap     ] GC(40) Survivor regions: 0->0(19)
[1.540s][info   ][gc,heap     ] GC(40) Old regions: 1->1
[1.540s][info   ][gc,heap     ] GC(40) Archive regions: 2->2
[1.540s][info   ][gc,heap     ] GC(40) Humongous regions: 918->24
[1.540s][info   ][gc,metaspace] GC(40) Metaspace: 156K(384K)->156K(384K) NonClass: 148K(256K)->148K(256K) Class: 8K(128K)->8K(128K)
[1.540s][info   ][gc          ] GC(40) Pause Young (Concurrent Start) (G1 Humongous Allocation) 919M->25M(2048M) 1.458ms
[1.540s][info   ][gc,cpu      ] GC(40) User=0.00s Sys=0.00s Real=0.00s
[1.540s][info   ][gc          ] GC(41) Concurrent Undo Cycle
[1.540s][info   ][gc,marking  ] GC(41) Concurrent Cleanup for Next Mark
[1.552s][info   ][gc,marking  ] GC(41) Concurrent Cleanup for Next Mark 11.839ms
[1.553s][info   ][gc          ] GC(41) Concurrent Undo Cycle 12.715ms
[1.601s][info   ][gc,start    ] GC(42) Pause Young (Concurrent Start) (G1 Humongous Allocation)
[1.601s][info   ][gc,task     ] GC(42) Using 4 workers of 4 for evacuation
[1.603s][info   ][gc,phases   ] GC(42)   Pre Evacuate Collection Set: 0.2ms
[1.603s][info   ][gc,phases   ] GC(42)   Merge Heap Roots: 0.1ms
[1.603s][info   ][gc,phases   ] GC(42)   Evacuate Collection Set: 0.3ms
[1.603s][info   ][gc,phases   ] GC(42)   Post Evacuate Collection Set: 0.7ms
[1.603s][info   ][gc,phases   ] GC(42)   Other: 0.3ms
[1.603s][info   ][gc,heap     ] GC(42) Eden regions: 0->0(152)
[1.603s][info   ][gc,heap     ] GC(42) Survivor regions: 0->0(19)
[1.603s][info   ][gc,heap     ] GC(42) Old regions: 1->1
[1.603s][info   ][gc,heap     ] GC(42) Archive regions: 2->2
[1.603s][info   ][gc,heap     ] GC(42) Humongous regions: 918->60
[1.603s][info   ][gc,metaspace] GC(42) Metaspace: 156K(384K)->156K(384K) NonClass: 148K(256K)->148K(256K) Class: 8K(128K)->8K(128K)
[1.603s][info   ][gc          ] GC(42) Pause Young (Concurrent Start) (G1 Humongous Allocation) 919M->61M(2048M) 1.716ms
[1.603s][info   ][gc,cpu      ] GC(42) User=0.00s Sys=0.00s Real=0.00s
[1.603s][info   ][gc          ] GC(43) Concurrent Undo Cycle
[1.603s][info   ][gc,marking  ] GC(43) Concurrent Cleanup for Next Mark
[1.638s][info   ][gc,marking  ] GC(43) Concurrent Cleanup for Next Mark 35.432ms
[1.638s][info   ][gc          ] GC(43) Concurrent Undo Cycle 35.713ms
[1.664s][info   ][gc,start    ] GC(44) Pause Young (Concurrent Start) (G1 Humongous Allocation)
[1.664s][info   ][gc,task     ] GC(44) Using 4 workers of 4 for evacuation
[1.665s][info   ][gc,phases   ] GC(44)   Pre Evacuate Collection Set: 0.2ms
[1.665s][info   ][gc,phases   ] GC(44)   Merge Heap Roots: 0.1ms
[1.665s][info   ][gc,phases   ] GC(44)   Evacuate Collection Set: 0.2ms
[1.665s][info   ][gc,phases   ] GC(44)   Post Evacuate Collection Set: 0.7ms
[1.665s][info   ][gc,phases   ] GC(44)   Other: 0.2ms
[1.665s][info   ][gc,heap     ] GC(44) Eden regions: 0->0(152)
[1.665s][info   ][gc,heap     ] GC(44) Survivor regions: 0->0(19)
[1.665s][info   ][gc,heap     ] GC(44) Old regions: 1->1
[1.665s][info   ][gc,heap     ] GC(44) Archive regions: 2->2
[1.665s][info   ][gc,heap     ] GC(44) Humongous regions: 918->78
[1.665s][info   ][gc,metaspace] GC(44) Metaspace: 156K(384K)->156K(384K) NonClass: 148K(256K)->148K(256K) Class: 8K(128K)->8K(128K)
[1.665s][info   ][gc          ] GC(44) Pause Young (Concurrent Start) (G1 Humongous Allocation) 919M->79M(2048M) 1.477ms
[1.665s][info   ][gc,cpu      ] GC(44) User=0.00s Sys=0.00s Real=0.00s
[1.666s][info   ][gc          ] GC(45) Concurrent Undo Cycle
[1.666s][info   ][gc,marking  ] GC(45) Concurrent Cleanup for Next Mark
[1.682s][info   ][gc,marking  ] GC(45) Concurrent Cleanup for Next Mark 16.000ms
[1.682s][info   ][gc          ] GC(45) Concurrent Undo Cycle 16.178ms
[1.724s][info   ][gc,start    ] GC(46) Pause Young (Concurrent Start) (G1 Humongous Allocation)
[1.724s][info   ][gc,task     ] GC(46) Using 4 workers of 4 for evacuation
[1.725s][info   ][gc,phases   ] GC(46)   Pre Evacuate Collection Set: 0.2ms
[1.725s][info   ][gc,phases   ] GC(46)   Merge Heap Roots: 0.1ms
[1.725s][info   ][gc,phases   ] GC(46)   Evacuate Collection Set: 0.2ms
[1.725s][info   ][gc,phases   ] GC(46)   Post Evacuate Collection Set: 0.6ms
[1.725s][info   ][gc,phases   ] GC(46)   Other: 0.2ms
[1.725s][info   ][gc,heap     ] GC(46) Eden regions: 0->0(152)
[1.725s][info   ][gc,heap     ] GC(46) Survivor regions: 0->0(19)
[1.725s][info   ][gc,heap     ] GC(46) Old regions: 1->1
[1.725s][info   ][gc,heap     ] GC(46) Archive regions: 2->2
[1.725s][info   ][gc,heap     ] GC(46) Humongous regions: 918->84
[1.725s][info   ][gc,metaspace] GC(46) Metaspace: 156K(384K)->156K(384K) NonClass: 148K(256K)->148K(256K) Class: 8K(128K)->8K(128K)
[1.725s][info   ][gc          ] GC(46) Pause Young (Concurrent Start) (G1 Humongous Allocation) 919M->85M(2048M) 1.310ms
[1.725s][info   ][gc,cpu      ] GC(46) User=0.00s Sys=0.00s Real=0.00s
[1.725s][info   ][gc          ] GC(47) Concurrent Undo Cycle
[1.725s][info   ][gc,marking  ] GC(47) Concurrent Cleanup for Next Mark
[1.752s][info   ][gc,marking  ] GC(47) Concurrent Cleanup for Next Mark 26.837ms
[1.752s][info   ][gc          ] GC(47) Concurrent Undo Cycle 27.035ms
[1.783s][info   ][gc,start    ] GC(48) Pause Young (Concurrent Start) (G1 Humongous Allocation)
[1.783s][info   ][gc,task     ] GC(48) Using 4 workers of 4 for evacuation
[1.784s][info   ][gc,phases   ] GC(48)   Pre Evacuate Collection Set: 0.2ms
[1.784s][info   ][gc,phases   ] GC(48)   Merge Heap Roots: 0.1ms
[1.784s][info   ][gc,phases   ] GC(48)   Evacuate Collection Set: 0.3ms
[1.784s][info   ][gc,phases   ] GC(48)   Post Evacuate Collection Set: 0.7ms
[1.784s][info   ][gc,phases   ] GC(48)   Other: 0.2ms
[1.784s][info   ][gc,heap     ] GC(48) Eden regions: 1->0(234)
[1.784s][info   ][gc,heap     ] GC(48) Survivor regions: 0->1(19)
[1.784s][info   ][gc,heap     ] GC(48) Old regions: 1->1
[1.784s][info   ][gc,heap     ] GC(48) Archive regions: 2->2
[1.784s][info   ][gc,heap     ] GC(48) Humongous regions: 920->318
[1.784s][info   ][gc,metaspace] GC(48) Metaspace: 156K(384K)->156K(384K) NonClass: 148K(256K)->148K(256K) Class: 8K(128K)->8K(128K)
[1.784s][info   ][gc          ] GC(48) Pause Young (Concurrent Start) (G1 Humongous Allocation) 922M->319M(2048M) 1.513ms
[1.784s][info   ][gc,cpu      ] GC(48) User=0.00s Sys=0.00s Real=0.00s
[1.784s][info   ][gc          ] GC(49) Concurrent Undo Cycle
[1.784s][info   ][gc,marking  ] GC(49) Concurrent Cleanup for Next Mark
[1.818s][info   ][gc,marking  ] GC(49) Concurrent Cleanup for Next Mark 33.830ms
[1.818s][info   ][gc          ] GC(49) Concurrent Undo Cycle 34.009ms
[1.828s][info   ][gc,start    ] GC(50) Pause Young (Concurrent Start) (G1 Humongous Allocation)
[1.828s][info   ][gc,task     ] GC(50) Using 4 workers of 4 for evacuation
[1.830s][info   ][gc,phases   ] GC(50)   Pre Evacuate Collection Set: 0.2ms
[1.830s][info   ][gc,phases   ] GC(50)   Merge Heap Roots: 0.2ms
[1.830s][info   ][gc,phases   ] GC(50)   Evacuate Collection Set: 0.3ms
[1.830s][info   ][gc,phases   ] GC(50)   Post Evacuate Collection Set: 0.7ms
[1.830s][info   ][gc,phases   ] GC(50)   Other: 0.2ms
[1.830s][info   ][gc,heap     ] GC(50) Eden regions: 0->0(203)
[1.830s][info   ][gc,heap     ] GC(50) Survivor regions: 1->1(30)
[1.830s][info   ][gc,heap     ] GC(50) Old regions: 1->1
[1.830s][info   ][gc,heap     ] GC(50) Archive regions: 2->2
[1.830s][info   ][gc,heap     ] GC(50) Humongous regions: 918->320
[1.830s][info   ][gc,metaspace] GC(50) Metaspace: 156K(384K)->156K(384K) NonClass: 148K(256K)->148K(256K) Class: 8K(128K)->8K(128K)
[1.830s][info   ][gc          ] GC(50) Pause Young (Concurrent Start) (G1 Humongous Allocation) 919M->321M(2048M) 1.667ms
[1.830s][info   ][gc,cpu      ] GC(50) User=0.00s Sys=0.00s Real=0.00s
[1.830s][info   ][gc          ] GC(51) Concurrent Undo Cycle
[1.830s][info   ][gc,marking  ] GC(51) Concurrent Cleanup for Next Mark
[1.855s][info   ][gc,marking  ] GC(51) Concurrent Cleanup for Next Mark 24.621ms
[1.855s][info   ][gc          ] GC(51) Concurrent Undo Cycle 24.866ms
[1.871s][info   ][gc,start    ] GC(52) Pause Young (Concurrent Start) (G1 Humongous Allocation)
[1.871s][info   ][gc,task     ] GC(52) Using 4 workers of 4 for evacuation
[1.872s][info   ][gc,phases   ] GC(52)   Pre Evacuate Collection Set: 0.2ms
[1.872s][info   ][gc,phases   ] GC(52)   Merge Heap Roots: 0.1ms
[1.872s][info   ][gc,phases   ] GC(52)   Evacuate Collection Set: 0.2ms
[1.872s][info   ][gc,phases   ] GC(52)   Post Evacuate Collection Set: 0.6ms
[1.872s][info   ][gc,phases   ] GC(52)   Other: 0.2ms
[1.872s][info   ][gc,heap     ] GC(52) Eden regions: 2->0(202)
[1.872s][info   ][gc,heap     ] GC(52) Survivor regions: 1->1(26)
[1.872s][info   ][gc,heap     ] GC(52) Old regions: 1->1
[1.872s][info   ][gc,heap     ] GC(52) Archive regions: 2->2
[1.872s][info   ][gc,heap     ] GC(52) Humongous regions: 918->352
[1.872s][info   ][gc,metaspace] GC(52) Metaspace: 156K(384K)->156K(384K) NonClass: 148K(256K)->148K(256K) Class: 8K(128K)->8K(128K)
[1.872s][info   ][gc          ] GC(52) Pause Young (Concurrent Start) (G1 Humongous Allocation) 920M->353M(2048M) 1.349ms
[1.872s][info   ][gc,cpu      ] GC(52) User=0.00s Sys=0.00s Real=0.00s
[1.872s][info   ][gc          ] GC(53) Concurrent Undo Cycle
[1.872s][info   ][gc,marking  ] GC(53) Concurrent Cleanup for Next Mark
[1.889s][info   ][gc,marking  ] GC(53) Concurrent Cleanup for Next Mark 17.008ms
[1.889s][info   ][gc          ] GC(53) Concurrent Undo Cycle 17.327ms
[1.914s][info   ][gc,start    ] GC(54) Pause Young (Concurrent Start) (G1 Humongous Allocation)
[1.914s][info   ][gc,task     ] GC(54) Using 4 workers of 4 for evacuation
[1.915s][info   ][gc,phases   ] GC(54)   Pre Evacuate Collection Set: 0.2ms
[1.915s][info   ][gc,phases   ] GC(54)   Merge Heap Roots: 0.1ms
[1.915s][info   ][gc,phases   ] GC(54)   Evacuate Collection Set: 0.2ms
[1.915s][info   ][gc,phases   ] GC(54)   Post Evacuate Collection Set: 0.7ms
[1.915s][info   ][gc,phases   ] GC(54)   Other: 0.2ms
[1.915s][info   ][gc,heap     ] GC(54) Eden regions: 0->0(229)
[1.915s][info   ][gc,heap     ] GC(54) Survivor regions: 1->1(26)
[1.915s][info   ][gc,heap     ] GC(54) Old regions: 1->1
[1.915s][info   ][gc,heap     ] GC(54) Archive regions: 2->2
[1.915s][info   ][gc,heap     ] GC(54) Humongous regions: 920->388
[1.915s][info   ][gc,metaspace] GC(54) Metaspace: 156K(384K)->156K(384K) NonClass: 148K(256K)->148K(256K) Class: 8K(128K)->8K(128K)
[1.915s][info   ][gc          ] GC(54) Pause Young (Concurrent Start) (G1 Humongous Allocation) 921M->389M(2048M) 1.482ms
[1.915s][info   ][gc,cpu      ] GC(54) User=0.01s Sys=0.00s Real=0.00s
[1.915s][info   ][gc          ] GC(55) Concurrent Undo Cycle
[1.915s][info   ][gc,marking  ] GC(55) Concurrent Cleanup for Next Mark
[1.923s][info   ][gc,marking  ] GC(55) Concurrent Cleanup for Next Mark 7.393ms
[1.926s][info   ][gc          ] GC(55) Concurrent Undo Cycle 10.374ms
[1.953s][info   ][gc,start    ] GC(56) Pause Young (Concurrent Start) (G1 Humongous Allocation)
[1.953s][info   ][gc,task     ] GC(56) Using 4 workers of 4 for evacuation
[1.955s][info   ][gc,phases   ] GC(56)   Pre Evacuate Collection Set: 0.2ms
[1.955s][info   ][gc,phases   ] GC(56)   Merge Heap Roots: 0.1ms
[1.955s][info   ][gc,phases   ] GC(56)   Evacuate Collection Set: 0.3ms
[1.955s][info   ][gc,phases   ] GC(56)   Post Evacuate Collection Set: 0.6ms
[1.955s][info   ][gc,phases   ] GC(56)   Other: 0.2ms
[1.955s][info   ][gc,heap     ] GC(56) Eden regions: 0->0(257)
[1.955s][info   ][gc,heap     ] GC(56) Survivor regions: 1->1(29)
[1.955s][info   ][gc,heap     ] GC(56) Old regions: 1->1
[1.955s][info   ][gc,heap     ] GC(56) Archive regions: 2->2
[1.955s][info   ][gc,heap     ] GC(56) Humongous regions: 918->282
[1.955s][info   ][gc,metaspace] GC(56) Metaspace: 156K(384K)->156K(384K) NonClass: 148K(256K)->148K(256K) Class: 8K(128K)->8K(128K)
[1.955s][info   ][gc          ] GC(56) Pause Young (Concurrent Start) (G1 Humongous Allocation) 919M->283M(2048M) 1.443ms
[1.955s][info   ][gc,cpu      ] GC(56) User=0.00s Sys=0.00s Real=0.00s
[1.955s][info   ][gc          ] GC(57) Concurrent Undo Cycle
[1.955s][info   ][gc,marking  ] GC(57) Concurrent Cleanup for Next Mark
[1.964s][info   ][gc,marking  ] GC(57) Concurrent Cleanup for Next Mark 9.415ms
[1.964s][info   ][gc          ] GC(57) Concurrent Undo Cycle 9.588ms
[1.968s][info   ][gc,start    ] GC(58) Pause Young (Concurrent Start) (G1 Humongous Allocation)
[1.968s][info   ][gc,task     ] GC(58) Using 4 workers of 4 for evacuation
[1.969s][info   ][gc,phases   ] GC(58)   Pre Evacuate Collection Set: 0.2ms
[1.969s][info   ][gc,phases   ] GC(58)   Merge Heap Roots: 0.1ms
[1.969s][info   ][gc,phases   ] GC(58)   Evacuate Collection Set: 0.4ms
[1.969s][info   ][gc,phases   ] GC(58)   Post Evacuate Collection Set: 0.4ms
[1.969s][info   ][gc,phases   ] GC(58)   Other: 0.2ms
[1.969s][info   ][gc,heap     ] GC(58) Eden regions: 0->0(281)
[1.969s][info   ][gc,heap     ] GC(58) Survivor regions: 1->1(33)
[1.969s][info   ][gc,heap     ] GC(58) Old regions: 1->1
[1.969s][info   ][gc,heap     ] GC(58) Archive regions: 2->2
[1.969s][info   ][gc,heap     ] GC(58) Humongous regions: 412->288
[1.969s][info   ][gc,metaspace] GC(58) Metaspace: 156K(384K)->156K(384K) NonClass: 148K(256K)->148K(256K) Class: 8K(128K)->8K(128K)
[1.969s][info   ][gc          ] GC(58) Pause Young (Concurrent Start) (G1 Humongous Allocation) 413M->289M(2048M) 1.302ms
[1.969s][info   ][gc,cpu      ] GC(58) User=0.00s Sys=0.00s Real=0.00s
[1.970s][info   ][gc          ] GC(59) Concurrent Undo Cycle
[1.970s][info   ][gc,marking  ] GC(59) Concurrent Cleanup for Next Mark
[1.995s][info   ][gc,marking  ] GC(59) Concurrent Cleanup for Next Mark 25.702ms
[1.995s][info   ][gc          ] GC(59) Concurrent Undo Cycle 25.900ms
[2.014s][info   ][gc,start    ] GC(60) Pause Young (Concurrent Start) (G1 Humongous Allocation)
[2.014s][info   ][gc,task     ] GC(60) Using 4 workers of 4 for evacuation
[2.015s][info   ][gc,phases   ] GC(60)   Pre Evacuate Collection Set: 0.3ms
[2.015s][info   ][gc,phases   ] GC(60)   Merge Heap Roots: 0.1ms
[2.015s][info   ][gc,phases   ] GC(60)   Evacuate Collection Set: 0.3ms
[2.015s][info   ][gc,phases   ] GC(60)   Post Evacuate Collection Set: 0.6ms
[2.015s][info   ][gc,phases   ] GC(60)   Other: 0.4ms
[2.015s][info   ][gc,heap     ] GC(60) Eden regions: 0->0(305)
[2.015s][info   ][gc,heap     ] GC(60) Survivor regions: 1->1(36)
[2.015s][info   ][gc,heap     ] GC(60) Old regions: 1->1
[2.015s][info   ][gc,heap     ] GC(60) Archive regions: 2->2
[2.015s][info   ][gc,heap     ] GC(60) Humongous regions: 918->338
[2.015s][info   ][gc,metaspace] GC(60) Metaspace: 156K(384K)->156K(384K) NonClass: 148K(256K)->148K(256K) Class: 8K(128K)->8K(128K)
[2.015s][info   ][gc          ] GC(60) Pause Young (Concurrent Start) (G1 Humongous Allocation) 919M->339M(2048M) 1.825ms
[2.015s][info   ][gc,cpu      ] GC(60) User=0.00s Sys=0.00s Real=0.00s
[2.015s][info   ][gc          ] GC(61) Concurrent Undo Cycle
[2.015s][info   ][gc,marking  ] GC(61) Concurrent Cleanup for Next Mark
[2.029s][info   ][gc,marking  ] GC(61) Concurrent Cleanup for Next Mark 13.689ms
[2.029s][info   ][gc          ] GC(61) Concurrent Undo Cycle 14.015ms
[2.056s][info   ][gc,start    ] GC(62) Pause Young (Concurrent Start) (G1 Humongous Allocation)
[2.056s][info   ][gc,task     ] GC(62) Using 4 workers of 4 for evacuation
[2.058s][info   ][gc,phases   ] GC(62)   Pre Evacuate Collection Set: 0.3ms
[2.058s][info   ][gc,phases   ] GC(62)   Merge Heap Roots: 0.2ms
[2.058s][info   ][gc,phases   ] GC(62)   Evacuate Collection Set: 0.3ms
[2.058s][info   ][gc,phases   ] GC(62)   Post Evacuate Collection Set: 0.6ms
[2.058s][info   ][gc,phases   ] GC(62)   Other: 0.2ms
[2.058s][info   ][gc,heap     ] GC(62) Eden regions: 0->0(326)
[2.058s][info   ][gc,heap     ] GC(62) Survivor regions: 1->1(39)
[2.058s][info   ][gc,heap     ] GC(62) Old regions: 1->1
[2.058s][info   ][gc,heap     ] GC(62) Archive regions: 2->2
[2.058s][info   ][gc,heap     ] GC(62) Humongous regions: 918->294
[2.058s][info   ][gc,metaspace] GC(62) Metaspace: 156K(384K)->156K(384K) NonClass: 148K(256K)->148K(256K) Class: 8K(128K)->8K(128K)
[2.058s][info   ][gc          ] GC(62) Pause Young (Concurrent Start) (G1 Humongous Allocation) 919M->295M(2048M) 1.536ms
[2.058s][info   ][gc,cpu      ] GC(62) User=0.01s Sys=0.00s Real=0.00s
[2.058s][info   ][gc          ] GC(63) Concurrent Undo Cycle
[2.058s][info   ][gc,marking  ] GC(63) Concurrent Cleanup for Next Mark
[2.075s][info   ][gc,marking  ] GC(63) Concurrent Cleanup for Next Mark 16.772ms
[2.075s][info   ][gc          ] GC(63) Concurrent Undo Cycle 16.990ms
[2.102s][info   ][gc,start    ] GC(64) Pause Young (Concurrent Start) (G1 Humongous Allocation)
[2.102s][info   ][gc,task     ] GC(64) Using 4 workers of 4 for evacuation
[2.103s][info   ][gc,phases   ] GC(64)   Pre Evacuate Collection Set: 0.2ms
[2.103s][info   ][gc,phases   ] GC(64)   Merge Heap Roots: 0.1ms
[2.103s][info   ][gc,phases   ] GC(64)   Evacuate Collection Set: 0.2ms
[2.103s][info   ][gc,phases   ] GC(64)   Post Evacuate Collection Set: 0.5ms
[2.103s][info   ][gc,phases   ] GC(64)   Other: 0.2ms
[2.103s][info   ][gc,heap     ] GC(64) Eden regions: 0->0(346)
[2.103s][info   ][gc,heap     ] GC(64) Survivor regions: 1->1(41)
[2.103s][info   ][gc,heap     ] GC(64) Old regions: 1->1
[2.103s][info   ][gc,heap     ] GC(64) Archive regions: 2->2
[2.103s][info   ][gc,heap     ] GC(64) Humongous regions: 918->262
[2.103s][info   ][gc,metaspace] GC(64) Metaspace: 156K(384K)->156K(384K) NonClass: 148K(256K)->148K(256K) Class: 8K(128K)->8K(128K)
[2.104s][info   ][gc          ] GC(64) Pause Young (Concurrent Start) (G1 Humongous Allocation) 919M->263M(2048M) 1.310ms
[2.104s][info   ][gc,cpu      ] GC(64) User=0.00s Sys=0.00s Real=0.00s
[2.104s][info   ][gc          ] GC(65) Concurrent Undo Cycle
[2.104s][info   ][gc,marking  ] GC(65) Concurrent Cleanup for Next Mark
[2.134s][info   ][gc,marking  ] GC(65) Concurrent Cleanup for Next Mark 29.928ms
[2.134s][info   ][gc          ] GC(65) Concurrent Undo Cycle 30.121ms
[2.151s][info   ][gc,start    ] GC(66) Pause Young (Concurrent Start) (G1 Humongous Allocation)
[2.151s][info   ][gc,task     ] GC(66) Using 4 workers of 4 for evacuation
[2.152s][info   ][gc,phases   ] GC(66)   Pre Evacuate Collection Set: 0.2ms
[2.152s][info   ][gc,phases   ] GC(66)   Merge Heap Roots: 0.1ms
[2.152s][info   ][gc,phases   ] GC(66)   Evacuate Collection Set: 0.2ms
[2.152s][info   ][gc,phases   ] GC(66)   Post Evacuate Collection Set: 0.6ms
[2.152s][info   ][gc,phases   ] GC(66)   Other: 0.2ms
[2.152s][info   ][gc,heap     ] GC(66) Eden regions: 0->0(356)
[2.152s][info   ][gc,heap     ] GC(66) Survivor regions: 1->1(44)
[2.152s][info   ][gc,heap     ] GC(66) Old regions: 1->1
[2.152s][info   ][gc,heap     ] GC(66) Archive regions: 2->2
[2.152s][info   ][gc,heap     ] GC(66) Humongous regions: 918->272
[2.152s][info   ][gc,metaspace] GC(66) Metaspace: 156K(384K)->156K(384K) NonClass: 148K(256K)->148K(256K) Class: 8K(128K)->8K(128K)
[2.152s][info   ][gc          ] GC(66) Pause Young (Concurrent Start) (G1 Humongous Allocation) 919M->273M(2048M) 1.428ms
[2.152s][info   ][gc,cpu      ] GC(66) User=0.00s Sys=0.00s Real=0.00s
[2.152s][info   ][gc          ] GC(67) Concurrent Undo Cycle
[2.152s][info   ][gc,marking  ] GC(67) Concurrent Cleanup for Next Mark
[2.192s][info   ][gc,marking  ] GC(67) Concurrent Cleanup for Next Mark 39.687ms
[2.192s][info   ][gc          ] GC(67) Concurrent Undo Cycle 39.924ms
[2.198s][info   ][gc,start    ] GC(68) Pause Young (Concurrent Start) (G1 Humongous Allocation)
[2.198s][info   ][gc,task     ] GC(68) Using 4 workers of 4 for evacuation
[2.199s][info   ][gc,phases   ] GC(68)   Pre Evacuate Collection Set: 0.2ms
[2.199s][info   ][gc,phases   ] GC(68)   Merge Heap Roots: 0.1ms
[2.199s][info   ][gc,phases   ] GC(68)   Evacuate Collection Set: 0.2ms
[2.199s][info   ][gc,phases   ] GC(68)   Post Evacuate Collection Set: 0.5ms
[2.199s][info   ][gc,phases   ] GC(68)   Other: 0.2ms
[2.199s][info   ][gc,heap     ] GC(68) Eden regions: 0->0(369)
[2.199s][info   ][gc,heap     ] GC(68) Survivor regions: 1->1(45)
[2.199s][info   ][gc,heap     ] GC(68) Old regions: 1->1
[2.199s][info   ][gc,heap     ] GC(68) Archive regions: 2->2
[2.199s][info   ][gc,heap     ] GC(68) Humongous regions: 918->290
[2.199s][info   ][gc,metaspace] GC(68) Metaspace: 156K(384K)->156K(384K) NonClass: 148K(256K)->148K(256K) Class: 8K(128K)->8K(128K)
[2.199s][info   ][gc          ] GC(68) Pause Young (Concurrent Start) (G1 Humongous Allocation) 919M->291M(2048M) 1.311ms
[2.199s][info   ][gc,cpu      ] GC(68) User=0.00s Sys=0.00s Real=0.00s
[2.199s][info   ][gc          ] GC(69) Concurrent Undo Cycle
[2.199s][info   ][gc,marking  ] GC(69) Concurrent Cleanup for Next Mark
[2.215s][info   ][gc,marking  ] GC(69) Concurrent Cleanup for Next Mark 15.524ms
[2.215s][info   ][gc          ] GC(69) Concurrent Undo Cycle 15.694ms
[2.243s][info   ][gc,start    ] GC(70) Pause Young (Concurrent Start) (G1 Humongous Allocation)
[2.243s][info   ][gc,task     ] GC(70) Using 4 workers of 4 for evacuation
[2.245s][info   ][gc,phases   ] GC(70)   Pre Evacuate Collection Set: 0.2ms
[2.245s][info   ][gc,phases   ] GC(70)   Merge Heap Roots: 0.1ms
[2.245s][info   ][gc,phases   ] GC(70)   Evacuate Collection Set: 0.2ms
[2.245s][info   ][gc,phases   ] GC(70)   Post Evacuate Collection Set: 0.6ms
[2.245s][info   ][gc,phases   ] GC(70)   Other: 0.2ms
[2.245s][info   ][gc,heap     ] GC(70) Eden regions: 0->0(380)
[2.245s][info   ][gc,heap     ] GC(70) Survivor regions: 1->1(47)
[2.245s][info   ][gc,heap     ] GC(70) Old regions: 1->1
[2.245s][info   ][gc,heap     ] GC(70) Archive regions: 2->2
[2.245s][info   ][gc,heap     ] GC(70) Humongous regions: 918->300
[2.245s][info   ][gc,metaspace] GC(70) Metaspace: 156K(384K)->156K(384K) NonClass: 148K(256K)->148K(256K) Class: 8K(128K)->8K(128K)
[2.245s][info   ][gc          ] GC(70) Pause Young (Concurrent Start) (G1 Humongous Allocation) 919M->301M(2048M) 1.374ms
[2.245s][info   ][gc,cpu      ] GC(70) User=0.00s Sys=0.00s Real=0.00s
[2.245s][info   ][gc          ] GC(71) Concurrent Undo Cycle
[2.245s][info   ][gc,marking  ] GC(71) Concurrent Cleanup for Next Mark
[2.267s][info   ][gc,marking  ] GC(71) Concurrent Cleanup for Next Mark 22.255ms
[2.267s][info   ][gc          ] GC(71) Concurrent Undo Cycle 22.430ms
[2.288s][info   ][gc,start    ] GC(72) Pause Young (Concurrent Start) (G1 Humongous Allocation)
[2.288s][info   ][gc,task     ] GC(72) Using 4 workers of 4 for evacuation
[2.289s][info   ][gc,phases   ] GC(72)   Pre Evacuate Collection Set: 0.2ms
[2.289s][info   ][gc,phases   ] GC(72)   Merge Heap Roots: 0.1ms
[2.289s][info   ][gc,phases   ] GC(72)   Evacuate Collection Set: 0.2ms
[2.289s][info   ][gc,phases   ] GC(72)   Post Evacuate Collection Set: 0.6ms
[2.289s][info   ][gc,phases   ] GC(72)   Other: 0.2ms
[2.289s][info   ][gc,heap     ] GC(72) Eden regions: 0->0(390)
[2.289s][info   ][gc,heap     ] GC(72) Survivor regions: 1->1(48)
[2.289s][info   ][gc,heap     ] GC(72) Old regions: 1->1
[2.289s][info   ][gc,heap     ] GC(72) Archive regions: 2->2
[2.289s][info   ][gc,heap     ] GC(72) Humongous regions: 918->344
[2.289s][info   ][gc,metaspace] GC(72) Metaspace: 156K(384K)->156K(384K) NonClass: 148K(256K)->148K(256K) Class: 8K(128K)->8K(128K)
[2.289s][info   ][gc          ] GC(72) Pause Young (Concurrent Start) (G1 Humongous Allocation) 919M->345M(2048M) 1.367ms
[2.289s][info   ][gc,cpu      ] GC(72) User=0.00s Sys=0.00s Real=0.01s
[2.289s][info   ][gc          ] GC(73) Concurrent Undo Cycle
[2.289s][info   ][gc,marking  ] GC(73) Concurrent Cleanup for Next Mark
[2.308s][info   ][gc,marking  ] GC(73) Concurrent Cleanup for Next Mark 19.324ms
[2.308s][info   ][gc          ] GC(73) Concurrent Undo Cycle 19.519ms
[2.331s][info   ][gc,start    ] GC(74) Pause Young (Concurrent Start) (G1 Humongous Allocation)
[2.331s][info   ][gc,task     ] GC(74) Using 4 workers of 4 for evacuation
[2.332s][info   ][gc,phases   ] GC(74)   Pre Evacuate Collection Set: 0.2ms
[2.332s][info   ][gc,phases   ] GC(74)   Merge Heap Roots: 0.1ms
[2.332s][info   ][gc,phases   ] GC(74)   Evacuate Collection Set: 0.2ms
[2.332s][info   ][gc,phases   ] GC(74)   Post Evacuate Collection Set: 0.6ms
[2.332s][info   ][gc,phases   ] GC(74)   Other: 0.2ms
[2.332s][info   ][gc,heap     ] GC(74) Eden regions: 0->0(380)
[2.332s][info   ][gc,heap     ] GC(74) Survivor regions: 1->1(49)
[2.332s][info   ][gc,heap     ] GC(74) Old regions: 1->1
[2.332s][info   ][gc,heap     ] GC(74) Archive regions: 2->2
[2.332s][info   ][gc,heap     ] GC(74) Humongous regions: 918->280
[2.332s][info   ][gc,metaspace] GC(74) Metaspace: 156K(384K)->156K(384K) NonClass: 148K(256K)->148K(256K) Class: 8K(128K)->8K(128K)
[2.332s][info   ][gc          ] GC(74) Pause Young (Concurrent Start) (G1 Humongous Allocation) 919M->281M(2048M) 1.533ms
[2.332s][info   ][gc,cpu      ] GC(74) User=0.00s Sys=0.00s Real=0.00s
[2.332s][info   ][gc          ] GC(75) Concurrent Undo Cycle
[2.332s][info   ][gc,marking  ] GC(75) Concurrent Cleanup for Next Mark
[2.344s][info   ][gc,marking  ] GC(75) Concurrent Cleanup for Next Mark 12.163ms
[2.344s][info   ][gc          ] GC(75) Concurrent Undo Cycle 12.357ms
[2.379s][info   ][gc,start    ] GC(76) Pause Young (Concurrent Start) (G1 Humongous Allocation)
[2.379s][info   ][gc,task     ] GC(76) Using 4 workers of 4 for evacuation
[2.380s][info   ][gc,phases   ] GC(76)   Pre Evacuate Collection Set: 0.2ms
[2.380s][info   ][gc,phases   ] GC(76)   Merge Heap Roots: 0.1ms
[2.380s][info   ][gc,phases   ] GC(76)   Evacuate Collection Set: 0.2ms
[2.380s][info   ][gc,phases   ] GC(76)   Post Evacuate Collection Set: 0.6ms
[2.380s][info   ][gc,phases   ] GC(76)   Other: 0.2ms
[2.380s][info   ][gc,heap     ] GC(76) Eden regions: 0->0(375)
[2.380s][info   ][gc,heap     ] GC(76) Survivor regions: 1->1(48)
[2.380s][info   ][gc,heap     ] GC(76) Old regions: 1->1
[2.380s][info   ][gc,heap     ] GC(76) Archive regions: 2->2
[2.380s][info   ][gc,heap     ] GC(76) Humongous regions: 918->274
[2.380s][info   ][gc,metaspace] GC(76) Metaspace: 156K(384K)->156K(384K) NonClass: 148K(256K)->148K(256K) Class: 8K(128K)->8K(128K)
[2.380s][info   ][gc          ] GC(76) Pause Young (Concurrent Start) (G1 Humongous Allocation) 919M->275M(2048M) 1.472ms
[2.380s][info   ][gc,cpu      ] GC(76) User=0.00s Sys=0.00s Real=0.00s
[2.380s][info   ][gc          ] GC(77) Concurrent Undo Cycle
[2.380s][info   ][gc,marking  ] GC(77) Concurrent Cleanup for Next Mark
[2.391s][info   ][gc,marking  ] GC(77) Concurrent Cleanup for Next Mark 10.658ms
[2.394s][info   ][gc          ] GC(77) Concurrent Undo Cycle 13.507ms
[2.398s][info   ][gc,start    ] GC(78) Pause Young (Concurrent Start) (G1 Humongous Allocation)
[2.398s][info   ][gc,task     ] GC(78) Using 4 workers of 4 for evacuation
[2.399s][info   ][gc,phases   ] GC(78)   Pre Evacuate Collection Set: 0.2ms
[2.399s][info   ][gc,phases   ] GC(78)   Merge Heap Roots: 0.1ms
[2.399s][info   ][gc,phases   ] GC(78)   Evacuate Collection Set: 0.4ms
[2.399s][info   ][gc,phases   ] GC(78)   Post Evacuate Collection Set: 0.5ms
[2.399s][info   ][gc,phases   ] GC(78)   Other: 0.2ms
[2.399s][info   ][gc,heap     ] GC(78) Eden regions: 0->0(388)
[2.399s][info   ][gc,heap     ] GC(78) Survivor regions: 1->1(47)
[2.399s][info   ][gc,heap     ] GC(78) Old regions: 1->1
[2.399s][info   ][gc,heap     ] GC(78) Archive regions: 2->2
[2.399s][info   ][gc,heap     ] GC(78) Humongous regions: 466->256
[2.399s][info   ][gc,metaspace] GC(78) Metaspace: 156K(384K)->156K(384K) NonClass: 148K(256K)->148K(256K) Class: 8K(128K)->8K(128K)
[2.399s][info   ][gc          ] GC(78) Pause Young (Concurrent Start) (G1 Humongous Allocation) 467M->257M(2048M) 1.415ms
[2.399s][info   ][gc,cpu      ] GC(78) User=0.00s Sys=0.00s Real=0.01s
[2.399s][info   ][gc          ] GC(79) Concurrent Undo Cycle
[2.399s][info   ][gc,marking  ] GC(79) Concurrent Cleanup for Next Mark
[2.424s][info   ][gc,marking  ] GC(79) Concurrent Cleanup for Next Mark 24.675ms
[2.424s][info   ][gc          ] GC(79) Concurrent Undo Cycle 24.957ms
[2.444s][info   ][gc,start    ] GC(80) Pause Young (Concurrent Start) (G1 Humongous Allocation)
[2.445s][info   ][gc,task     ] GC(80) Using 4 workers of 4 for evacuation
[2.446s][info   ][gc,phases   ] GC(80)   Pre Evacuate Collection Set: 0.2ms
[2.446s][info   ][gc,phases   ] GC(80)   Merge Heap Roots: 0.1ms
[2.446s][info   ][gc,phases   ] GC(80)   Evacuate Collection Set: 0.3ms
[2.446s][info   ][gc,phases   ] GC(80)   Post Evacuate Collection Set: 0.6ms
[2.446s][info   ][gc,phases   ] GC(80)   Other: 0.2ms
[2.446s][info   ][gc,heap     ] GC(80) Eden regions: 0->0(406)
[2.446s][info   ][gc,heap     ] GC(80) Survivor regions: 1->1(49)
[2.446s][info   ][gc,heap     ] GC(80) Old regions: 1->1
[2.446s][info   ][gc,heap     ] GC(80) Archive regions: 2->2
[2.446s][info   ][gc,heap     ] GC(80) Humongous regions: 918->280
[2.446s][info   ][gc,metaspace] GC(80) Metaspace: 156K(384K)->156K(384K) NonClass: 148K(256K)->148K(256K) Class: 8K(128K)->8K(128K)
[2.446s][info   ][gc          ] GC(80) Pause Young (Concurrent Start) (G1 Humongous Allocation) 919M->281M(2048M) 1.394ms
[2.446s][info   ][gc,cpu      ] GC(80) User=0.00s Sys=0.00s Real=0.00s
[2.446s][info   ][gc          ] GC(81) Concurrent Undo Cycle
[2.446s][info   ][gc,marking  ] GC(81) Concurrent Cleanup for Next Mark
[2.465s][info   ][gc,marking  ] GC(81) Concurrent Cleanup for Next Mark 19.209ms
[2.466s][info   ][gc          ] GC(81) Concurrent Undo Cycle 19.576ms
[2.491s][info   ][gc,start    ] GC(82) Pause Young (Concurrent Start) (G1 Humongous Allocation)
[2.491s][info   ][gc,task     ] GC(82) Using 4 workers of 4 for evacuation
[2.492s][info   ][gc,phases   ] GC(82)   Pre Evacuate Collection Set: 0.2ms
[2.492s][info   ][gc,phases   ] GC(82)   Merge Heap Roots: 0.1ms
[2.492s][info   ][gc,phases   ] GC(82)   Evacuate Collection Set: 0.3ms
[2.492s][info   ][gc,phases   ] GC(82)   Post Evacuate Collection Set: 0.6ms
[2.492s][info   ][gc,phases   ] GC(82)   Other: 0.2ms
[2.492s][info   ][gc,heap     ] GC(82) Eden regions: 0->0(383)
[2.492s][info   ][gc,heap     ] GC(82) Survivor regions: 1->0(51)
[2.492s][info   ][gc,heap     ] GC(82) Old regions: 1->1
[2.492s][info   ][gc,heap     ] GC(82) Archive regions: 2->2
[2.492s][info   ][gc,heap     ] GC(82) Humongous regions: 918->278
[2.492s][info   ][gc,metaspace] GC(82) Metaspace: 156K(384K)->156K(384K) NonClass: 148K(256K)->148K(256K) Class: 8K(128K)->8K(128K)
[2.492s][info   ][gc          ] GC(82) Pause Young (Concurrent Start) (G1 Humongous Allocation) 919M->279M(2048M) 1.490ms
[2.492s][info   ][gc,cpu      ] GC(82) User=0.00s Sys=0.00s Real=0.00s
[2.492s][info   ][gc          ] GC(83) Concurrent Undo Cycle
[2.492s][info   ][gc,marking  ] GC(83) Concurrent Cleanup for Next Mark
[2.511s][info   ][gc,marking  ] GC(83) Concurrent Cleanup for Next Mark 19.017ms
[2.511s][info   ][gc          ] GC(83) Concurrent Undo Cycle 19.140ms
[2.538s][info   ][gc,start    ] GC(84) Pause Young (Concurrent Start) (G1 Humongous Allocation)
[2.538s][info   ][gc,task     ] GC(84) Using 4 workers of 4 for evacuation
[2.539s][info   ][gc,phases   ] GC(84)   Pre Evacuate Collection Set: 0.2ms
[2.539s][info   ][gc,phases   ] GC(84)   Merge Heap Roots: 0.1ms
[2.539s][info   ][gc,phases   ] GC(84)   Evacuate Collection Set: 0.2ms
[2.539s][info   ][gc,phases   ] GC(84)   Post Evacuate Collection Set: 0.5ms
[2.539s][info   ][gc,phases   ] GC(84)   Other: 0.2ms
[2.539s][info   ][gc,heap     ] GC(84) Eden regions: 0->0(383)
[2.539s][info   ][gc,heap     ] GC(84) Survivor regions: 0->0(48)
[2.539s][info   ][gc,heap     ] GC(84) Old regions: 1->1
[2.539s][info   ][gc,heap     ] GC(84) Archive regions: 2->2
[2.539s][info   ][gc,heap     ] GC(84) Humongous regions: 918->318
[2.539s][info   ][gc,metaspace] GC(84) Metaspace: 156K(384K)->156K(384K) NonClass: 148K(256K)->148K(256K) Class: 8K(128K)->8K(128K)
[2.539s][info   ][gc          ] GC(84) Pause Young (Concurrent Start) (G1 Humongous Allocation) 919M->319M(2048M) 1.253ms
[2.539s][info   ][gc,cpu      ] GC(84) User=0.00s Sys=0.00s Real=0.01s
[2.539s][info   ][gc          ] GC(85) Concurrent Undo Cycle
[2.539s][info   ][gc,marking  ] GC(85) Concurrent Cleanup for Next Mark
[2.569s][info   ][gc,marking  ] GC(85) Concurrent Cleanup for Next Mark 29.806ms
[2.569s][info   ][gc          ] GC(85) Concurrent Undo Cycle 30.010ms
[2.584s][info   ][gc,start    ] GC(86) Pause Young (Concurrent Start) (G1 Humongous Allocation)
[2.584s][info   ][gc,task     ] GC(86) Using 4 workers of 4 for evacuation
[2.586s][info   ][gc,phases   ] GC(86)   Pre Evacuate Collection Set: 0.2ms
[2.586s][info   ][gc,phases   ] GC(86)   Merge Heap Roots: 0.1ms
[2.586s][info   ][gc,phases   ] GC(86)   Evacuate Collection Set: 0.2ms
[2.586s][info   ][gc,phases   ] GC(86)   Post Evacuate Collection Set: 0.6ms
[2.586s][info   ][gc,phases   ] GC(86)   Other: 0.2ms
[2.586s][info   ][gc,heap     ] GC(86) Eden regions: 0->0(383)
[2.586s][info   ][gc,heap     ] GC(86) Survivor regions: 0->0(48)
[2.586s][info   ][gc,heap     ] GC(86) Old regions: 1->1
[2.586s][info   ][gc,heap     ] GC(86) Archive regions: 2->2
[2.586s][info   ][gc,heap     ] GC(86) Humongous regions: 918->316
[2.586s][info   ][gc,metaspace] GC(86) Metaspace: 156K(384K)->156K(384K) NonClass: 148K(256K)->148K(256K) Class: 8K(128K)->8K(128K)
[2.586s][info   ][gc          ] GC(86) Pause Young (Concurrent Start) (G1 Humongous Allocation) 919M->317M(2048M) 1.339ms
[2.586s][info   ][gc,cpu      ] GC(86) User=0.00s Sys=0.00s Real=0.00s
[2.586s][info   ][gc          ] GC(87) Concurrent Undo Cycle
[2.586s][info   ][gc,marking  ] GC(87) Concurrent Cleanup for Next Mark
[2.630s][info   ][gc,marking  ] GC(87) Concurrent Cleanup for Next Mark 44.557ms
[2.631s][info   ][gc          ] GC(87) Concurrent Undo Cycle 44.716ms
[2.632s][info   ][gc,start    ] GC(88) Pause Young (Concurrent Start) (G1 Humongous Allocation)
[2.632s][info   ][gc,task     ] GC(88) Using 4 workers of 4 for evacuation
[2.633s][info   ][gc,phases   ] GC(88)   Pre Evacuate Collection Set: 0.2ms
[2.633s][info   ][gc,phases   ] GC(88)   Merge Heap Roots: 0.1ms
[2.633s][info   ][gc,phases   ] GC(88)   Evacuate Collection Set: 0.2ms
[2.633s][info   ][gc,phases   ] GC(88)   Post Evacuate Collection Set: 0.5ms
[2.633s][info   ][gc,phases   ] GC(88)   Other: 0.2ms
[2.633s][info   ][gc,heap     ] GC(88) Eden regions: 0->0(383)
[2.633s][info   ][gc,heap     ] GC(88) Survivor regions: 0->0(48)
[2.633s][info   ][gc,heap     ] GC(88) Old regions: 1->1
[2.633s][info   ][gc,heap     ] GC(88) Archive regions: 2->2
[2.633s][info   ][gc,heap     ] GC(88) Humongous regions: 944->354
[2.633s][info   ][gc,metaspace] GC(88) Metaspace: 156K(384K)->156K(384K) NonClass: 148K(256K)->148K(256K) Class: 8K(128K)->8K(128K)
[2.633s][info   ][gc          ] GC(88) Pause Young (Concurrent Start) (G1 Humongous Allocation) 945M->355M(2048M) 1.338ms
[2.633s][info   ][gc,cpu      ] GC(88) User=0.00s Sys=0.00s Real=0.00s
[2.633s][info   ][gc          ] GC(89) Concurrent Undo Cycle
[2.633s][info   ][gc,marking  ] GC(89) Concurrent Cleanup for Next Mark
[2.667s][info   ][gc,marking  ] GC(89) Concurrent Cleanup for Next Mark 33.814ms
[2.667s][info   ][gc          ] GC(89) Concurrent Undo Cycle 34.034ms
[2.674s][info   ][gc,start    ] GC(90) Pause Young (Concurrent Start) (G1 Humongous Allocation)
[2.674s][info   ][gc,task     ] GC(90) Using 4 workers of 4 for evacuation
[2.676s][info   ][gc,phases   ] GC(90)   Pre Evacuate Collection Set: 0.1ms
[2.676s][info   ][gc,phases   ] GC(90)   Merge Heap Roots: 0.1ms
[2.676s][info   ][gc,phases   ] GC(90)   Evacuate Collection Set: 0.3ms
[2.676s][info   ][gc,phases   ] GC(90)   Post Evacuate Collection Set: 0.8ms
[2.676s][info   ][gc,phases   ] GC(90)   Other: 0.2ms
[2.676s][info   ][gc,heap     ] GC(90) Eden regions: 0->0(383)
[2.676s][info   ][gc,heap     ] GC(90) Survivor regions: 0->0(48)
[2.676s][info   ][gc,heap     ] GC(90) Old regions: 1->1
[2.676s][info   ][gc,heap     ] GC(90) Archive regions: 2->2
[2.676s][info   ][gc,heap     ] GC(90) Humongous regions: 918->362
[2.676s][info   ][gc,metaspace] GC(90) Metaspace: 156K(384K)->156K(384K) NonClass: 148K(256K)->148K(256K) Class: 8K(128K)->8K(128K)
[2.676s][info   ][gc          ] GC(90) Pause Young (Concurrent Start) (G1 Humongous Allocation) 919M->363M(2048M) 1.655ms
[2.676s][info   ][gc,cpu      ] GC(90) User=0.01s Sys=0.00s Real=0.00s
[2.676s][info   ][gc          ] GC(91) Concurrent Undo Cycle
[2.676s][info   ][gc,marking  ] GC(91) Concurrent Cleanup for Next Mark
[2.702s][info   ][gc,marking  ] GC(91) Concurrent Cleanup for Next Mark 25.808ms
[2.702s][info   ][gc          ] GC(91) Concurrent Undo Cycle 26.042ms
[2.719s][info   ][gc,start    ] GC(92) Pause Young (Concurrent Start) (G1 Humongous Allocation)
[2.719s][info   ][gc,task     ] GC(92) Using 4 workers of 4 for evacuation
[2.721s][info   ][gc,phases   ] GC(92)   Pre Evacuate Collection Set: 0.2ms
[2.721s][info   ][gc,phases   ] GC(92)   Merge Heap Roots: 0.1ms
[2.721s][info   ][gc,phases   ] GC(92)   Evacuate Collection Set: 0.2ms
[2.721s][info   ][gc,phases   ] GC(92)   Post Evacuate Collection Set: 0.6ms
[2.721s][info   ][gc,phases   ] GC(92)   Other: 0.2ms
[2.721s][info   ][gc,heap     ] GC(92) Eden regions: 0->0(383)
[2.721s][info   ][gc,heap     ] GC(92) Survivor regions: 0->0(48)
[2.721s][info   ][gc,heap     ] GC(92) Old regions: 1->1
[2.721s][info   ][gc,heap     ] GC(92) Archive regions: 2->2
[2.721s][info   ][gc,heap     ] GC(92) Humongous regions: 918->410
[2.721s][info   ][gc,metaspace] GC(92) Metaspace: 156K(384K)->156K(384K) NonClass: 148K(256K)->148K(256K) Class: 8K(128K)->8K(128K)
[2.721s][info   ][gc          ] GC(92) Pause Young (Concurrent Start) (G1 Humongous Allocation) 919M->411M(2048M) 1.395ms
[2.721s][info   ][gc,cpu      ] GC(92) User=0.00s Sys=0.00s Real=0.00s
[2.721s][info   ][gc          ] GC(93) Concurrent Undo Cycle
[2.721s][info   ][gc,marking  ] GC(93) Concurrent Cleanup for Next Mark
[2.736s][info   ][gc,marking  ] GC(93) Concurrent Cleanup for Next Mark 15.254ms
[2.736s][info   ][gc          ] GC(93) Concurrent Undo Cycle 15.450ms
[2.760s][info   ][gc,start    ] GC(94) Pause Young (Concurrent Start) (G1 Humongous Allocation)
[2.760s][info   ][gc,task     ] GC(94) Using 4 workers of 4 for evacuation
[2.762s][info   ][gc,phases   ] GC(94)   Pre Evacuate Collection Set: 0.2ms
[2.762s][info   ][gc,phases   ] GC(94)   Merge Heap Roots: 0.2ms
[2.762s][info   ][gc,phases   ] GC(94)   Evacuate Collection Set: 0.3ms
[2.762s][info   ][gc,phases   ] GC(94)   Post Evacuate Collection Set: 0.5ms
[2.762s][info   ][gc,phases   ] GC(94)   Other: 0.3ms
[2.762s][info   ][gc,heap     ] GC(94) Eden regions: 1->0(524)
[2.762s][info   ][gc,heap     ] GC(94) Survivor regions: 0->1(48)
[2.762s][info   ][gc,heap     ] GC(94) Old regions: 1->1
[2.762s][info   ][gc,heap     ] GC(94) Archive regions: 2->2
[2.762s][info   ][gc,heap     ] GC(94) Humongous regions: 918->636
[2.762s][info   ][gc,metaspace] GC(94) Metaspace: 156K(384K)->156K(384K) NonClass: 148K(256K)->148K(256K) Class: 8K(128K)->8K(128K)
[2.762s][info   ][gc          ] GC(94) Pause Young (Concurrent Start) (G1 Humongous Allocation) 919M->637M(2048M) 1.679ms
[2.762s][info   ][gc,cpu      ] GC(94) User=0.00s Sys=0.00s Real=0.00s
[2.762s][info   ][gc          ] GC(95) Concurrent Undo Cycle
[2.762s][info   ][gc,marking  ] GC(95) Concurrent Cleanup for Next Mark
[2.787s][info   ][gc,marking  ] GC(95) Concurrent Cleanup for Next Mark 24.951ms
[2.787s][info   ][gc          ] GC(95) Concurrent Undo Cycle 25.161ms
[2.789s][info   ][gc,start    ] GC(96) Pause Young (Concurrent Start) (G1 Humongous Allocation)
[2.789s][info   ][gc,task     ] GC(96) Using 4 workers of 4 for evacuation
[2.790s][info   ][gc,phases   ] GC(96)   Pre Evacuate Collection Set: 0.3ms
[2.790s][info   ][gc,phases   ] GC(96)   Merge Heap Roots: 0.1ms
[2.790s][info   ][gc,phases   ] GC(96)   Evacuate Collection Set: 0.3ms
[2.790s][info   ][gc,phases   ] GC(96)   Post Evacuate Collection Set: 0.5ms
[2.790s][info   ][gc,phases   ] GC(96)   Other: 0.2ms
[2.790s][info   ][gc,heap     ] GC(96) Eden regions: 0->0(558)
[2.790s][info   ][gc,heap     ] GC(96) Survivor regions: 1->1(66)
[2.790s][info   ][gc,heap     ] GC(96) Old regions: 1->1
[2.790s][info   ][gc,heap     ] GC(96) Archive regions: 2->2
[2.790s][info   ][gc,heap     ] GC(96) Humongous regions: 946->736
[2.790s][info   ][gc,metaspace] GC(96) Metaspace: 156K(384K)->156K(384K) NonClass: 148K(256K)->148K(256K) Class: 8K(128K)->8K(128K)
[2.790s][info   ][gc          ] GC(96) Pause Young (Concurrent Start) (G1 Humongous Allocation) 947M->737M(2048M) 1.589ms
[2.790s][info   ][gc,cpu      ] GC(96) User=0.00s Sys=0.00s Real=0.00s
[2.790s][info   ][gc          ] GC(97) Concurrent Undo Cycle
[2.790s][info   ][gc,marking  ] GC(97) Concurrent Cleanup for Next Mark
[2.823s][info   ][gc,marking  ] GC(97) Concurrent Cleanup for Next Mark 32.914ms
[2.823s][info   ][gc          ] GC(97) Concurrent Undo Cycle 33.071ms
[2.824s][info   ][gc,start    ] GC(98) Pause Young (Concurrent Start) (G1 Humongous Allocation)
[2.824s][info   ][gc,task     ] GC(98) Using 4 workers of 4 for evacuation
[2.825s][info   ][gc,phases   ] GC(98)   Pre Evacuate Collection Set: 0.2ms
[2.826s][info   ][gc,phases   ] GC(98)   Merge Heap Roots: 0.1ms
[2.826s][info   ][gc,phases   ] GC(98)   Evacuate Collection Set: 0.4ms
[2.826s][info   ][gc,phases   ] GC(98)   Post Evacuate Collection Set: 0.6ms
[2.826s][info   ][gc,phases   ] GC(98)   Other: 0.2ms
[2.826s][info   ][gc,heap     ] GC(98) Eden regions: 0->0(602)
[2.826s][info   ][gc,heap     ] GC(98) Survivor regions: 1->1(70)
[2.826s][info   ][gc,heap     ] GC(98) Old regions: 1->1
[2.826s][info   ][gc,heap     ] GC(98) Archive regions: 2->2
[2.826s][info   ][gc,heap     ] GC(98) Humongous regions: 1078->744
[2.826s][info   ][gc,metaspace] GC(98) Metaspace: 156K(384K)->156K(384K) NonClass: 148K(256K)->148K(256K) Class: 8K(128K)->8K(128K)
[2.826s][info   ][gc          ] GC(98) Pause Young (Concurrent Start) (G1 Humongous Allocation) 1079M->745M(2048M) 1.478ms
[2.826s][info   ][gc,cpu      ] GC(98) User=0.00s Sys=0.00s Real=0.00s
[2.826s][info   ][gc          ] GC(99) Concurrent Undo Cycle
[2.826s][info   ][gc,marking  ] GC(99) Concurrent Cleanup for Next Mark
[2.853s][info   ][gc,marking  ] GC(99) Concurrent Cleanup for Next Mark 26.829ms
[2.853s][info   ][gc          ] GC(99) Concurrent Undo Cycle 26.997ms
[2.855s][info   ][gc,start    ] GC(100) Pause Young (Concurrent Start) (G1 Humongous Allocation)
[2.855s][info   ][gc,task     ] GC(100) Using 4 workers of 4 for evacuation
[2.856s][info   ][gc,phases   ] GC(100)   Pre Evacuate Collection Set: 0.3ms
[2.857s][info   ][gc,phases   ] GC(100)   Merge Heap Roots: 0.1ms
[2.857s][info   ][gc,phases   ] GC(100)   Evacuate Collection Set: 0.2ms
[2.857s][info   ][gc,phases   ] GC(100)   Post Evacuate Collection Set: 0.6ms
[2.857s][info   ][gc,phases   ] GC(100)   Other: 0.2ms
[2.857s][info   ][gc,heap     ] GC(100) Eden regions: 0->0(634)
[2.857s][info   ][gc,heap     ] GC(100) Survivor regions: 1->1(76)
[2.857s][info   ][gc,heap     ] GC(100) Old regions: 1->1
[2.857s][info   ][gc,heap     ] GC(100) Archive regions: 2->2
[2.857s][info   ][gc,heap     ] GC(100) Humongous regions: 1104->736
[2.857s][info   ][gc,metaspace] GC(100) Metaspace: 156K(384K)->156K(384K) NonClass: 148K(256K)->148K(256K) Class: 8K(128K)->8K(128K)
[2.857s][info   ][gc          ] GC(100) Pause Young (Concurrent Start) (G1 Humongous Allocation) 1105M->737M(2048M) 1.420ms
[2.857s][info   ][gc,cpu      ] GC(100) User=0.00s Sys=0.00s Real=0.00s
[2.857s][info   ][gc          ] GC(101) Concurrent Undo Cycle
[2.857s][info   ][gc,marking  ] GC(101) Concurrent Cleanup for Next Mark
[2.889s][info   ][gc,marking  ] GC(101) Concurrent Cleanup for Next Mark 31.949ms
[2.889s][info   ][gc          ] GC(101) Concurrent Undo Cycle 32.052ms
[2.890s][info   ][gc,start    ] GC(102) Pause Young (Concurrent Start) (G1 Humongous Allocation)
[2.890s][info   ][gc,task     ] GC(102) Using 4 workers of 4 for evacuation
[2.892s][info   ][gc,phases   ] GC(102)   Pre Evacuate Collection Set: 0.2ms
[2.892s][info   ][gc,phases   ] GC(102)   Merge Heap Roots: 0.1ms
[2.892s][info   ][gc,phases   ] GC(102)   Evacuate Collection Set: 0.3ms
[2.892s][info   ][gc,phases   ] GC(102)   Post Evacuate Collection Set: 0.6ms
[2.892s][info   ][gc,phases   ] GC(102)   Other: 0.2ms
[2.892s][info   ][gc,heap     ] GC(102) Eden regions: 0->0(664)
[2.892s][info   ][gc,heap     ] GC(102) Survivor regions: 1->1(80)
[2.892s][info   ][gc,heap     ] GC(102) Old regions: 1->1
[2.892s][info   ][gc,heap     ] GC(102) Archive regions: 2->2
[2.892s][info   ][gc,heap     ] GC(102) Humongous regions: 1150->724
[2.892s][info   ][gc,metaspace] GC(102) Metaspace: 156K(384K)->156K(384K) NonClass: 148K(256K)->148K(256K) Class: 8K(128K)->8K(128K)
[2.892s][info   ][gc          ] GC(102) Pause Young (Concurrent Start) (G1 Humongous Allocation) 1151M->725M(2048M) 1.350ms
[2.892s][info   ][gc,cpu      ] GC(102) User=0.00s Sys=0.00s Real=0.00s
[2.892s][info   ][gc          ] GC(103) Concurrent Undo Cycle
[2.892s][info   ][gc,marking  ] GC(103) Concurrent Cleanup for Next Mark
[2.917s][info   ][gc,marking  ] GC(103) Concurrent Cleanup for Next Mark 25.512ms
[2.918s][info   ][gc          ] GC(103) Concurrent Undo Cycle 25.734ms
[2.919s][info   ][gc,start    ] GC(104) Pause Young (Concurrent Start) (G1 Humongous Allocation)
[2.919s][info   ][gc,task     ] GC(104) Using 4 workers of 4 for evacuation
[2.920s][info   ][gc,phases   ] GC(104)   Pre Evacuate Collection Set: 0.2ms
[2.920s][info   ][gc,phases   ] GC(104)   Merge Heap Roots: 0.1ms
[2.920s][info   ][gc,phases   ] GC(104)   Evacuate Collection Set: 0.2ms
[2.920s][info   ][gc,phases   ] GC(104)   Post Evacuate Collection Set: 0.5ms
[2.920s][info   ][gc,phases   ] GC(104)   Other: 0.2ms
[2.920s][info   ][gc,heap     ] GC(104) Eden regions: 0->0(692)
[2.920s][info   ][gc,heap     ] GC(104) Survivor regions: 1->1(84)
[2.920s][info   ][gc,heap     ] GC(104) Old regions: 1->1
[2.920s][info   ][gc,heap     ] GC(104) Archive regions: 2->2
[2.920s][info   ][gc,heap     ] GC(104) Humongous regions: 1064->724
[2.920s][info   ][gc,metaspace] GC(104) Metaspace: 156K(384K)->156K(384K) NonClass: 148K(256K)->148K(256K) Class: 8K(128K)->8K(128K)
[2.920s][info   ][gc          ] GC(104) Pause Young (Concurrent Start) (G1 Humongous Allocation) 1065M->725M(2048M) 1.274ms
[2.920s][info   ][gc,cpu      ] GC(104) User=0.00s Sys=0.00s Real=0.00s
[2.920s][info   ][gc          ] GC(105) Concurrent Undo Cycle
[2.920s][info   ][gc,marking  ] GC(105) Concurrent Cleanup for Next Mark
[2.927s][info   ][gc,marking  ] GC(105) Concurrent Cleanup for Next Mark 6.750ms
[2.927s][info   ][gc          ] GC(105) Concurrent Undo Cycle 7.020ms
[2.928s][info   ][gc,start    ] GC(106) Pause Young (Concurrent Start) (G1 Humongous Allocation)
[2.928s][info   ][gc,task     ] GC(106) Using 4 workers of 4 for evacuation
[2.931s][info   ][gc,phases   ] GC(106)   Pre Evacuate Collection Set: 0.4ms
[2.931s][info   ][gc,phases   ] GC(106)   Merge Heap Roots: 0.1ms
[2.931s][info   ][gc,phases   ] GC(106)   Evacuate Collection Set: 0.5ms
[2.931s][info   ][gc,phases   ] GC(106)   Post Evacuate Collection Set: 1.1ms
[2.931s][info   ][gc,phases   ] GC(106)   Other: 0.2ms
[2.931s][info   ][gc,heap     ] GC(106) Eden regions: 0->0(674)
[2.931s][info   ][gc,heap     ] GC(106) Survivor regions: 1->1(87)
[2.931s][info   ][gc,heap     ] GC(106) Old regions: 1->1
[2.931s][info   ][gc,heap     ] GC(106) Archive regions: 2->2
[2.931s][info   ][gc,heap     ] GC(106) Humongous regions: 750->732
[2.931s][info   ][gc,metaspace] GC(106) Metaspace: 156K(384K)->156K(384K) NonClass: 148K(256K)->148K(256K) Class: 8K(128K)->8K(128K)
[2.931s][info   ][gc          ] GC(106) Pause Young (Concurrent Start) (G1 Humongous Allocation) 751M->733M(2048M) 2.356ms
[2.931s][info   ][gc,cpu      ] GC(106) User=0.00s Sys=0.00s Real=0.00s
[2.931s][info   ][gc          ] GC(107) Concurrent Undo Cycle
[2.931s][info   ][gc,marking  ] GC(107) Concurrent Cleanup for Next Mark
[2.954s][info   ][gc,marking  ] GC(107) Concurrent Cleanup for Next Mark 23.302ms
[2.954s][info   ][gc          ] GC(107) Concurrent Undo Cycle 23.500ms
[2.955s][info   ][gc,start    ] GC(108) Pause Young (Concurrent Start) (G1 Humongous Allocation)
[2.955s][info   ][gc,task     ] GC(108) Using 4 workers of 4 for evacuation
[2.957s][info   ][gc,phases   ] GC(108)   Pre Evacuate Collection Set: 0.3ms
[2.957s][info   ][gc,phases   ] GC(108)   Merge Heap Roots: 0.1ms
[2.957s][info   ][gc,phases   ] GC(108)   Evacuate Collection Set: 0.3ms
[2.957s][info   ][gc,phases   ] GC(108)   Post Evacuate Collection Set: 0.5ms
[2.957s][info   ][gc,phases   ] GC(108)   Other: 0.2ms
[2.957s][info   ][gc,heap     ] GC(108) Eden regions: 0->0(708)
[2.957s][info   ][gc,heap     ] GC(108) Survivor regions: 1->1(85)
[2.957s][info   ][gc,heap     ] GC(108) Old regions: 1->1
[2.957s][info   ][gc,heap     ] GC(108) Archive regions: 2->2
[2.957s][info   ][gc,heap     ] GC(108) Humongous regions: 1026->768
[2.957s][info   ][gc,metaspace] GC(108) Metaspace: 156K(384K)->156K(384K) NonClass: 148K(256K)->148K(256K) Class: 8K(128K)->8K(128K)
[2.957s][info   ][gc          ] GC(108) Pause Young (Concurrent Start) (G1 Humongous Allocation) 1027M->769M(2048M) 1.454ms
[2.957s][info   ][gc,cpu      ] GC(108) User=0.00s Sys=0.01s Real=0.00s
[2.959s][info   ][gc          ] GC(109) Concurrent Undo Cycle
[2.960s][info   ][gc,marking  ] GC(109) Concurrent Cleanup for Next Mark
[2.979s][info   ][gc,marking  ] GC(109) Concurrent Cleanup for Next Mark 19.493ms
[2.979s][info   ][gc          ] GC(109) Concurrent Undo Cycle 19.837ms
[2.980s][info   ][gc,start    ] GC(110) Pause Young (Concurrent Start) (G1 Humongous Allocation)
[2.980s][info   ][gc,task     ] GC(110) Using 4 workers of 4 for evacuation
[2.982s][info   ][gc,phases   ] GC(110)   Pre Evacuate Collection Set: 0.2ms
[2.982s][info   ][gc,phases   ] GC(110)   Merge Heap Roots: 0.1ms
[2.982s][info   ][gc,phases   ] GC(110)   Evacuate Collection Set: 0.6ms
[2.982s][info   ][gc,phases   ] GC(110)   Post Evacuate Collection Set: 0.5ms
[2.982s][info   ][gc,phases   ] GC(110)   Other: 0.2ms
[2.982s][info   ][gc,heap     ] GC(110) Eden regions: 0->0(725)
[2.982s][info   ][gc,heap     ] GC(110) Survivor regions: 1->1(89)
[2.982s][info   ][gc,heap     ] GC(110) Old regions: 1->1
[2.982s][info   ][gc,heap     ] GC(110) Archive regions: 2->2
[2.982s][info   ][gc,heap     ] GC(110) Humongous regions: 1042->738
[2.982s][info   ][gc,metaspace] GC(110) Metaspace: 156K(384K)->156K(384K) NonClass: 148K(256K)->148K(256K) Class: 8K(128K)->8K(128K)
[2.982s][info   ][gc          ] GC(110) Pause Young (Concurrent Start) (G1 Humongous Allocation) 1043M->739M(2048M) 1.672ms
[2.982s][info   ][gc,cpu      ] GC(110) User=0.00s Sys=0.00s Real=0.00s
[2.982s][info   ][gc          ] GC(111) Concurrent Undo Cycle
[2.982s][info   ][gc,marking  ] GC(111) Concurrent Cleanup for Next Mark
[2.996s][info   ][gc,marking  ] GC(111) Concurrent Cleanup for Next Mark 13.472ms
[2.996s][info   ][gc          ] GC(111) Concurrent Undo Cycle 13.564ms
[2.999s][info   ][gc,start    ] GC(112) Pause Young (Concurrent Start) (G1 Humongous Allocation)
[2.999s][info   ][gc,task     ] GC(112) Using 4 workers of 4 for evacuation
[3.001s][info   ][gc,phases   ] GC(112)   Pre Evacuate Collection Set: 0.2ms
[3.001s][info   ][gc,phases   ] GC(112)   Merge Heap Roots: 0.1ms
[3.001s][info   ][gc,phases   ] GC(112)   Evacuate Collection Set: 0.3ms
[3.001s][info   ][gc,phases   ] GC(112)   Post Evacuate Collection Set: 0.4ms
[3.001s][info   ][gc,phases   ] GC(112)   Other: 0.2ms
[3.001s][info   ][gc,heap     ] GC(112) Eden regions: 0->0(711)
[3.001s][info   ][gc,heap     ] GC(112) Survivor regions: 1->1(91)
[3.001s][info   ][gc,heap     ] GC(112) Old regions: 1->1
[3.001s][info   ][gc,heap     ] GC(112) Archive regions: 2->2
[3.001s][info   ][gc,heap     ] GC(112) Humongous regions: 918->730
[3.001s][info   ][gc,metaspace] GC(112) Metaspace: 156K(384K)->156K(384K) NonClass: 148K(256K)->148K(256K) Class: 8K(128K)->8K(128K)
[3.001s][info   ][gc          ] GC(112) Pause Young (Concurrent Start) (G1 Humongous Allocation) 919M->731M(2048M) 1.185ms
[3.001s][info   ][gc,cpu      ] GC(112) User=0.00s Sys=0.00s Real=0.00s
[3.001s][info   ][gc          ] GC(113) Concurrent Undo Cycle
[3.001s][info   ][gc,marking  ] GC(113) Concurrent Cleanup for Next Mark
[3.031s][info   ][gc,marking  ] GC(113) Concurrent Cleanup for Next Mark 30.655ms
[3.032s][info   ][gc          ] GC(113) Concurrent Undo Cycle 30.934ms
[3.032s][info   ][gc,start    ] GC(114) Pause Young (Concurrent Start) (G1 Humongous Allocation)
[3.032s][info   ][gc,task     ] GC(114) Using 4 workers of 4 for evacuation
[3.033s][info   ][gc,phases   ] GC(114)   Pre Evacuate Collection Set: 0.2ms
[3.033s][info   ][gc,phases   ] GC(114)   Merge Heap Roots: 0.1ms
[3.033s][info   ][gc,phases   ] GC(114)   Evacuate Collection Set: 0.4ms
[3.033s][info   ][gc,phases   ] GC(114)   Post Evacuate Collection Set: 0.5ms
[3.033s][info   ][gc,phases   ] GC(114)   Other: 0.2ms
[3.033s][info   ][gc,heap     ] GC(114) Eden regions: 0->0(729)
[3.033s][info   ][gc,heap     ] GC(114) Survivor regions: 1->1(89)
[3.033s][info   ][gc,heap     ] GC(114) Old regions: 1->1
[3.033s][info   ][gc,heap     ] GC(114) Archive regions: 2->2
[3.033s][info   ][gc,heap     ] GC(114) Humongous regions: 1128->724
[3.033s][info   ][gc,metaspace] GC(114) Metaspace: 156K(384K)->156K(384K) NonClass: 148K(256K)->148K(256K) Class: 8K(128K)->8K(128K)
[3.033s][info   ][gc          ] GC(114) Pause Young (Concurrent Start) (G1 Humongous Allocation) 1129M->725M(2048M) 1.415ms
[3.034s][info   ][gc,cpu      ] GC(114) User=0.00s Sys=0.00s Real=0.00s
[3.034s][info   ][gc          ] GC(115) Concurrent Undo Cycle
[3.034s][info   ][gc,marking  ] GC(115) Concurrent Cleanup for Next Mark
[3.043s][info   ][gc,marking  ] GC(115) Concurrent Cleanup for Next Mark 9.373ms
[3.043s][info   ][gc          ] GC(115) Concurrent Undo Cycle 9.659ms
[3.052s][info   ][gc,start    ] GC(116) Pause Young (Concurrent Start) (G1 Humongous Allocation)
[3.052s][info   ][gc,task     ] GC(116) Using 4 workers of 4 for evacuation
[3.053s][info   ][gc,phases   ] GC(116)   Pre Evacuate Collection Set: 0.2ms
[3.053s][info   ][gc,phases   ] GC(116)   Merge Heap Roots: 0.1ms
[3.053s][info   ][gc,phases   ] GC(116)   Evacuate Collection Set: 0.2ms
[3.053s][info   ][gc,phases   ] GC(116)   Post Evacuate Collection Set: 0.4ms
[3.053s][info   ][gc,phases   ] GC(116)   Other: 0.2ms
[3.053s][info   ][gc,heap     ] GC(116) Eden regions: 0->0(725)
[3.053s][info   ][gc,heap     ] GC(116) Survivor regions: 1->1(92)
[3.053s][info   ][gc,heap     ] GC(116) Old regions: 1->1
[3.053s][info   ][gc,heap     ] GC(116) Archive regions: 2->2
[3.053s][info   ][gc,heap     ] GC(116) Humongous regions: 918->712
[3.053s][info   ][gc,metaspace] GC(116) Metaspace: 156K(384K)->156K(384K) NonClass: 148K(256K)->148K(256K) Class: 8K(128K)->8K(128K)
[3.053s][info   ][gc          ] GC(116) Pause Young (Concurrent Start) (G1 Humongous Allocation) 919M->713M(2048M) 1.236ms
[3.053s][info   ][gc,cpu      ] GC(116) User=0.01s Sys=0.00s Real=0.00s
[3.053s][info   ][gc          ] GC(117) Concurrent Undo Cycle
[3.053s][info   ][gc,marking  ] GC(117) Concurrent Cleanup for Next Mark
[3.076s][info   ][gc,marking  ] GC(117) Concurrent Cleanup for Next Mark 22.594ms
[3.076s][info   ][gc          ] GC(117) Concurrent Undo Cycle 22.844ms
[3.077s][info   ][gc,start    ] GC(118) Pause Young (Concurrent Start) (G1 Humongous Allocation)
[3.077s][info   ][gc,task     ] GC(118) Using 4 workers of 4 for evacuation
[3.079s][info   ][gc,phases   ] GC(118)   Pre Evacuate Collection Set: 0.2ms
[3.079s][info   ][gc,phases   ] GC(118)   Merge Heap Roots: 0.1ms
[3.079s][info   ][gc,phases   ] GC(118)   Evacuate Collection Set: 0.9ms
[3.079s][info   ][gc,phases   ] GC(118)   Post Evacuate Collection Set: 0.8ms
[3.079s][info   ][gc,phases   ] GC(118)   Other: 0.2ms
[3.079s][info   ][gc,heap     ] GC(118) Eden regions: 0->0(729)
[3.079s][info   ][gc,heap     ] GC(118) Survivor regions: 1->1(91)
[3.079s][info   ][gc,heap     ] GC(118) Old regions: 1->1
[3.079s][info   ][gc,heap     ] GC(118) Archive regions: 2->2
[3.079s][info   ][gc,heap     ] GC(118) Humongous regions: 1008->720
[3.079s][info   ][gc,metaspace] GC(118) Metaspace: 156K(384K)->156K(384K) NonClass: 148K(256K)->148K(256K) Class: 8K(128K)->8K(128K)
[3.079s][info   ][gc          ] GC(118) Pause Young (Concurrent Start) (G1 Humongous Allocation) 1009M->721M(2048M) 2.275ms
[3.079s][info   ][gc,cpu      ] GC(118) User=0.00s Sys=0.01s Real=0.01s
[3.079s][info   ][gc          ] GC(119) Concurrent Undo Cycle
[3.079s][info   ][gc,marking  ] GC(119) Concurrent Cleanup for Next Mark
[3.108s][info   ][gc,marking  ] GC(119) Concurrent Cleanup for Next Mark 29.436ms
[3.109s][info   ][gc          ] GC(119) Concurrent Undo Cycle 29.677ms
[3.110s][info   ][gc,start    ] GC(120) Pause Young (Concurrent Start) (G1 Humongous Allocation)
[3.110s][info   ][gc,task     ] GC(120) Using 4 workers of 4 for evacuation
[3.111s][info   ][gc,phases   ] GC(120)   Pre Evacuate Collection Set: 0.2ms
[3.111s][info   ][gc,phases   ] GC(120)   Merge Heap Roots: 0.1ms
[3.111s][info   ][gc,phases   ] GC(120)   Evacuate Collection Set: 0.5ms
[3.111s][info   ][gc,phases   ] GC(120)   Post Evacuate Collection Set: 0.6ms
[3.111s][info   ][gc,phases   ] GC(120)   Other: 0.2ms
[3.111s][info   ][gc,heap     ] GC(120) Eden regions: 0->0(748)
[3.111s][info   ][gc,heap     ] GC(120) Survivor regions: 1->1(92)
[3.111s][info   ][gc,heap     ] GC(120) Old regions: 1->1
[3.111s][info   ][gc,heap     ] GC(120) Archive regions: 2->2
[3.111s][info   ][gc,heap     ] GC(120) Humongous regions: 1118->706
[3.111s][info   ][gc,metaspace] GC(120) Metaspace: 156K(384K)->156K(384K) NonClass: 148K(256K)->148K(256K) Class: 8K(128K)->8K(128K)
[3.111s][info   ][gc          ] GC(120) Pause Young (Concurrent Start) (G1 Humongous Allocation) 1119M->707M(2048M) 1.641ms
[3.111s][info   ][gc,cpu      ] GC(120) User=0.00s Sys=0.00s Real=0.00s
[3.111s][info   ][gc          ] GC(121) Concurrent Undo Cycle
[3.111s][info   ][gc,marking  ] GC(121) Concurrent Cleanup for Next Mark
[3.123s][info   ][gc,marking  ] GC(121) Concurrent Cleanup for Next Mark 11.937ms
[3.123s][info   ][gc          ] GC(121) Concurrent Undo Cycle 12.059ms
[3.130s][info   ][gc,start    ] GC(122) Pause Young (Concurrent Start) (G1 Humongous Allocation)
[3.130s][info   ][gc,task     ] GC(122) Using 4 workers of 4 for evacuation
[3.131s][info   ][gc,phases   ] GC(122)   Pre Evacuate Collection Set: 0.2ms
[3.131s][info   ][gc,phases   ] GC(122)   Merge Heap Roots: 0.1ms
[3.131s][info   ][gc,phases   ] GC(122)   Evacuate Collection Set: 0.2ms
[3.131s][info   ][gc,phases   ] GC(122)   Post Evacuate Collection Set: 0.5ms
[3.131s][info   ][gc,phases   ] GC(122)   Other: 0.2ms
[3.131s][info   ][gc,heap     ] GC(122) Eden regions: 0->0(772)
[3.131s][info   ][gc,heap     ] GC(122) Survivor regions: 1->1(94)
[3.131s][info   ][gc,heap     ] GC(122) Old regions: 1->1
[3.131s][info   ][gc,heap     ] GC(122) Archive regions: 2->2
[3.131s][info   ][gc,heap     ] GC(122) Humongous regions: 918->710
[3.131s][info   ][gc,metaspace] GC(122) Metaspace: 156K(384K)->156K(384K) NonClass: 148K(256K)->148K(256K) Class: 8K(128K)->8K(128K)
[3.131s][info   ][gc          ] GC(122) Pause Young (Concurrent Start) (G1 Humongous Allocation) 919M->711M(2048M) 1.219ms
[3.131s][info   ][gc,cpu      ] GC(122) User=0.00s Sys=0.00s Real=0.00s
[3.131s][info   ][gc          ] GC(123) Concurrent Undo Cycle
[3.131s][info   ][gc,marking  ] GC(123) Concurrent Cleanup for Next Mark
[3.141s][info   ][gc,marking  ] GC(123) Concurrent Cleanup for Next Mark 10.427ms
[3.142s][info   ][gc          ] GC(123) Concurrent Undo Cycle 10.681ms
[3.150s][info   ][gc,start    ] GC(124) Pause Young (Concurrent Start) (G1 Humongous Allocation)
[3.150s][info   ][gc,task     ] GC(124) Using 4 workers of 4 for evacuation
[3.151s][info   ][gc,phases   ] GC(124)   Pre Evacuate Collection Set: 0.2ms
[3.151s][info   ][gc,phases   ] GC(124)   Merge Heap Roots: 0.1ms
[3.151s][info   ][gc,phases   ] GC(124)   Evacuate Collection Set: 0.2ms
[3.151s][info   ][gc,phases   ] GC(124)   Post Evacuate Collection Set: 0.4ms
[3.151s][info   ][gc,phases   ] GC(124)   Other: 0.2ms
[3.151s][info   ][gc,heap     ] GC(124) Eden regions: 0->0(793)
[3.151s][info   ][gc,heap     ] GC(124) Survivor regions: 1->0(97)
[3.151s][info   ][gc,heap     ] GC(124) Old regions: 1->1
[3.151s][info   ][gc,heap     ] GC(124) Archive regions: 2->2
[3.151s][info   ][gc,heap     ] GC(124) Humongous regions: 918->658
[3.151s][info   ][gc,metaspace] GC(124) Metaspace: 156K(384K)->156K(384K) NonClass: 148K(256K)->148K(256K) Class: 8K(128K)->8K(128K)
[3.151s][info   ][gc          ] GC(124) Pause Young (Concurrent Start) (G1 Humongous Allocation) 919M->659M(2048M) 1.259ms
[3.151s][info   ][gc,cpu      ] GC(124) User=0.00s Sys=0.00s Real=0.00s
[3.151s][info   ][gc          ] GC(125) Concurrent Undo Cycle
[3.151s][info   ][gc,marking  ] GC(125) Concurrent Cleanup for Next Mark
[3.180s][info   ][gc,marking  ] GC(125) Concurrent Cleanup for Next Mark 29.304ms
[3.181s][info   ][gc          ] GC(125) Concurrent Undo Cycle 29.587ms
[3.182s][info   ][gc,start    ] GC(126) Pause Young (Concurrent Start) (G1 Humongous Allocation)
[3.182s][info   ][gc,task     ] GC(126) Using 4 workers of 4 for evacuation
[3.183s][info   ][gc,phases   ] GC(126)   Pre Evacuate Collection Set: 0.2ms
[3.183s][info   ][gc,phases   ] GC(126)   Merge Heap Roots: 0.1ms
[3.183s][info   ][gc,phases   ] GC(126)   Evacuate Collection Set: 0.3ms
[3.183s][info   ][gc,phases   ] GC(126)   Post Evacuate Collection Set: 0.5ms
[3.183s][info   ][gc,phases   ] GC(126)   Other: 0.2ms
[3.183s][info   ][gc,heap     ] GC(126) Eden regions: 0->0(793)
[3.183s][info   ][gc,heap     ] GC(126) Survivor regions: 0->0(100)
[3.183s][info   ][gc,heap     ] GC(126) Old regions: 1->1
[3.183s][info   ][gc,heap     ] GC(126) Archive regions: 2->2
[3.183s][info   ][gc,heap     ] GC(126) Humongous regions: 996->688
[3.183s][info   ][gc,metaspace] GC(126) Metaspace: 156K(384K)->156K(384K) NonClass: 148K(256K)->148K(256K) Class: 8K(128K)->8K(128K)
[3.183s][info   ][gc          ] GC(126) Pause Young (Concurrent Start) (G1 Humongous Allocation) 997M->689M(2048M) 1.299ms
[3.183s][info   ][gc,cpu      ] GC(126) User=0.00s Sys=0.00s Real=0.00s
[3.183s][info   ][gc          ] GC(127) Concurrent Undo Cycle
[3.183s][info   ][gc,marking  ] GC(127) Concurrent Cleanup for Next Mark
[3.209s][info   ][gc,marking  ] GC(127) Concurrent Cleanup for Next Mark 26.509ms
[3.210s][info   ][gc          ] GC(127) Concurrent Undo Cycle 26.759ms
[3.211s][info   ][gc,start    ] GC(128) Pause Young (Concurrent Start) (G1 Humongous Allocation)
[3.211s][info   ][gc,task     ] GC(128) Using 4 workers of 4 for evacuation
[3.212s][info   ][gc,phases   ] GC(128)   Pre Evacuate Collection Set: 0.2ms
[3.212s][info   ][gc,phases   ] GC(128)   Merge Heap Roots: 0.1ms
[3.212s][info   ][gc,phases   ] GC(128)   Evacuate Collection Set: 0.4ms
[3.212s][info   ][gc,phases   ] GC(128)   Post Evacuate Collection Set: 0.6ms
[3.212s][info   ][gc,phases   ] GC(128)   Other: 0.2ms
[3.212s][info   ][gc,heap     ] GC(128) Eden regions: 0->0(793)
[3.212s][info   ][gc,heap     ] GC(128) Survivor regions: 0->0(100)
[3.212s][info   ][gc,heap     ] GC(128) Old regions: 1->1
[3.212s][info   ][gc,heap     ] GC(128) Archive regions: 2->2
[3.212s][info   ][gc,heap     ] GC(128) Humongous regions: 1038->710
[3.212s][info   ][gc,metaspace] GC(128) Metaspace: 156K(384K)->156K(384K) NonClass: 148K(256K)->148K(256K) Class: 8K(128K)->8K(128K)
[3.212s][info   ][gc          ] GC(128) Pause Young (Concurrent Start) (G1 Humongous Allocation) 1039M->711M(2048M) 1.553ms
[3.212s][info   ][gc,cpu      ] GC(128) User=0.00s Sys=0.00s Real=0.00s
[3.212s][info   ][gc          ] GC(129) Concurrent Undo Cycle
[3.212s][info   ][gc,marking  ] GC(129) Concurrent Cleanup for Next Mark
[3.237s][info   ][gc,marking  ] GC(129) Concurrent Cleanup for Next Mark 24.306ms
[3.237s][info   ][gc          ] GC(129) Concurrent Undo Cycle 24.621ms
[3.238s][info   ][gc,start    ] GC(130) Pause Young (Concurrent Start) (G1 Humongous Allocation)
[3.238s][info   ][gc,task     ] GC(130) Using 4 workers of 4 for evacuation
[3.239s][info   ][gc,phases   ] GC(130)   Pre Evacuate Collection Set: 0.2ms
[3.239s][info   ][gc,phases   ] GC(130)   Merge Heap Roots: 0.1ms
[3.239s][info   ][gc,phases   ] GC(130)   Evacuate Collection Set: 0.3ms
[3.239s][info   ][gc,phases   ] GC(130)   Post Evacuate Collection Set: 0.5ms
[3.239s][info   ][gc,phases   ] GC(130)   Other: 0.2ms
[3.239s][info   ][gc,heap     ] GC(130) Eden regions: 0->0(793)
[3.239s][info   ][gc,heap     ] GC(130) Survivor regions: 0->0(100)
[3.239s][info   ][gc,heap     ] GC(130) Old regions: 1->1
[3.239s][info   ][gc,heap     ] GC(130) Archive regions: 2->2
[3.239s][info   ][gc,heap     ] GC(130) Humongous regions: 1052->686
[3.239s][info   ][gc,metaspace] GC(130) Metaspace: 156K(384K)->156K(384K) NonClass: 148K(256K)->148K(256K) Class: 8K(128K)->8K(128K)
[3.239s][info   ][gc          ] GC(130) Pause Young (Concurrent Start) (G1 Humongous Allocation) 1053M->687M(2048M) 1.223ms
[3.239s][info   ][gc,cpu      ] GC(130) User=0.00s Sys=0.00s Real=0.01s
[3.239s][info   ][gc          ] GC(131) Concurrent Undo Cycle
[3.239s][info   ][gc,marking  ] GC(131) Concurrent Cleanup for Next Mark
[3.260s][info   ][gc,marking  ] GC(131) Concurrent Cleanup for Next Mark 21.323ms
[3.260s][info   ][gc          ] GC(131) Concurrent Undo Cycle 21.538ms
[3.261s][info   ][gc,start    ] GC(132) Pause Young (Concurrent Start) (G1 Humongous Allocation)
[3.261s][info   ][gc,task     ] GC(132) Using 4 workers of 4 for evacuation
[3.262s][info   ][gc,phases   ] GC(132)   Pre Evacuate Collection Set: 0.2ms
[3.262s][info   ][gc,phases   ] GC(132)   Merge Heap Roots: 0.1ms
[3.262s][info   ][gc,phases   ] GC(132)   Evacuate Collection Set: 0.2ms
[3.262s][info   ][gc,phases   ] GC(132)   Post Evacuate Collection Set: 0.5ms
[3.262s][info   ][gc,phases   ] GC(132)   Other: 0.1ms
[3.262s][info   ][gc,heap     ] GC(132) Eden regions: 0->0(793)
[3.262s][info   ][gc,heap     ] GC(132) Survivor regions: 0->0(100)
[3.262s][info   ][gc,heap     ] GC(132) Old regions: 1->1
[3.262s][info   ][gc,heap     ] GC(132) Archive regions: 2->2
[3.262s][info   ][gc,heap     ] GC(132) Humongous regions: 940->694
[3.262s][info   ][gc,metaspace] GC(132) Metaspace: 156K(384K)->156K(384K) NonClass: 148K(256K)->148K(256K) Class: 8K(128K)->8K(128K)
[3.262s][info   ][gc          ] GC(132) Pause Young (Concurrent Start) (G1 Humongous Allocation) 941M->695M(2048M) 1.200ms
[3.262s][info   ][gc,cpu      ] GC(132) User=0.00s Sys=0.00s Real=0.00s
[3.262s][info   ][gc          ] GC(133) Concurrent Undo Cycle
[3.262s][info   ][gc,marking  ] GC(133) Concurrent Cleanup for Next Mark
[3.276s][info   ][gc,marking  ] GC(133) Concurrent Cleanup for Next Mark 13.370ms
[3.276s][info   ][gc          ] GC(133) Concurrent Undo Cycle 13.581ms
[3.280s][info   ][gc,start    ] GC(134) Pause Young (Concurrent Start) (G1 Humongous Allocation)
[3.280s][info   ][gc,task     ] GC(134) Using 4 workers of 4 for evacuation
[3.281s][info   ][gc,phases   ] GC(134)   Pre Evacuate Collection Set: 0.2ms
[3.281s][info   ][gc,phases   ] GC(134)   Merge Heap Roots: 0.1ms
[3.281s][info   ][gc,phases   ] GC(134)   Evacuate Collection Set: 0.2ms
[3.281s][info   ][gc,phases   ] GC(134)   Post Evacuate Collection Set: 0.4ms
[3.281s][info   ][gc,phases   ] GC(134)   Other: 0.2ms
[3.281s][info   ][gc,heap     ] GC(134) Eden regions: 0->0(793)
[3.281s][info   ][gc,heap     ] GC(134) Survivor regions: 0->0(100)
[3.281s][info   ][gc,heap     ] GC(134) Old regions: 1->1
[3.281s][info   ][gc,heap     ] GC(134) Archive regions: 2->2
[3.281s][info   ][gc,heap     ] GC(134) Humongous regions: 918->686
[3.281s][info   ][gc,metaspace] GC(134) Metaspace: 156K(384K)->156K(384K) NonClass: 148K(256K)->148K(256K) Class: 8K(128K)->8K(128K)
[3.281s][info   ][gc          ] GC(134) Pause Young (Concurrent Start) (G1 Humongous Allocation) 919M->687M(2048M) 1.105ms
[3.281s][info   ][gc,cpu      ] GC(134) User=0.00s Sys=0.01s Real=0.00s
[3.281s][info   ][gc          ] GC(135) Concurrent Undo Cycle
[3.281s][info   ][gc,marking  ] GC(135) Concurrent Cleanup for Next Mark
[3.301s][info   ][gc,marking  ] GC(135) Concurrent Cleanup for Next Mark 19.797ms
[3.301s][info   ][gc          ] GC(135) Concurrent Undo Cycle 20.001ms
[3.302s][info   ][gc,start    ] GC(136) Pause Young (Concurrent Start) (G1 Humongous Allocation)
[3.302s][info   ][gc,task     ] GC(136) Using 4 workers of 4 for evacuation
[3.303s][info   ][gc,phases   ] GC(136)   Pre Evacuate Collection Set: 0.2ms
[3.303s][info   ][gc,phases   ] GC(136)   Merge Heap Roots: 0.1ms
[3.303s][info   ][gc,phases   ] GC(136)   Evacuate Collection Set: 0.2ms
[3.303s][info   ][gc,phases   ] GC(136)   Post Evacuate Collection Set: 0.5ms
[3.303s][info   ][gc,phases   ] GC(136)   Other: 0.2ms
[3.303s][info   ][gc,heap     ] GC(136) Eden regions: 0->0(793)
[3.303s][info   ][gc,heap     ] GC(136) Survivor regions: 0->0(100)
[3.303s][info   ][gc,heap     ] GC(136) Old regions: 1->1
[3.303s][info   ][gc,heap     ] GC(136) Archive regions: 2->2
[3.303s][info   ][gc,heap     ] GC(136) Humongous regions: 938->662
[3.303s][info   ][gc,metaspace] GC(136) Metaspace: 156K(384K)->156K(384K) NonClass: 148K(256K)->148K(256K) Class: 8K(128K)->8K(128K)
[3.303s][info   ][gc          ] GC(136) Pause Young (Concurrent Start) (G1 Humongous Allocation) 939M->663M(2048M) 1.201ms
[3.303s][info   ][gc,cpu      ] GC(136) User=0.00s Sys=0.00s Real=0.00s
[3.303s][info   ][gc          ] GC(137) Concurrent Undo Cycle
[3.303s][info   ][gc,marking  ] GC(137) Concurrent Cleanup for Next Mark
[3.315s][info   ][gc,marking  ] GC(137) Concurrent Cleanup for Next Mark 12.095ms
[3.316s][info   ][gc          ] GC(137) Concurrent Undo Cycle 12.234ms
[3.324s][info   ][gc,start    ] GC(138) Pause Young (Concurrent Start) (G1 Humongous Allocation)
[3.324s][info   ][gc,task     ] GC(138) Using 4 workers of 4 for evacuation
[3.325s][info   ][gc,phases   ] GC(138)   Pre Evacuate Collection Set: 0.2ms
[3.325s][info   ][gc,phases   ] GC(138)   Merge Heap Roots: 0.1ms
[3.325s][info   ][gc,phases   ] GC(138)   Evacuate Collection Set: 0.2ms
[3.325s][info   ][gc,phases   ] GC(138)   Post Evacuate Collection Set: 0.4ms
[3.325s][info   ][gc,phases   ] GC(138)   Other: 0.2ms
[3.325s][info   ][gc,heap     ] GC(138) Eden regions: 0->0(794)
[3.325s][info   ][gc,heap     ] GC(138) Survivor regions: 0->0(100)
[3.325s][info   ][gc,heap     ] GC(138) Old regions: 1->1
[3.325s][info   ][gc,heap     ] GC(138) Archive regions: 2->2
[3.325s][info   ][gc,heap     ] GC(138) Humongous regions: 918->700
[3.325s][info   ][gc,metaspace] GC(138) Metaspace: 156K(384K)->156K(384K) NonClass: 148K(256K)->148K(256K) Class: 8K(128K)->8K(128K)
[3.325s][info   ][gc          ] GC(138) Pause Young (Concurrent Start) (G1 Humongous Allocation) 919M->701M(2048M) 1.087ms
[3.325s][info   ][gc,cpu      ] GC(138) User=0.00s Sys=0.00s Real=0.00s
[3.325s][info   ][gc          ] GC(139) Concurrent Undo Cycle
[3.325s][info   ][gc,marking  ] GC(139) Concurrent Cleanup for Next Mark
[3.339s][info   ][gc,marking  ] GC(139) Concurrent Cleanup for Next Mark 14.092ms
[3.339s][info   ][gc          ] GC(139) Concurrent Undo Cycle 14.270ms
[3.344s][info   ][gc,start    ] GC(140) Pause Young (Concurrent Start) (G1 Humongous Allocation)
[3.344s][info   ][gc,task     ] GC(140) Using 4 workers of 4 for evacuation
[3.345s][info   ][gc,phases   ] GC(140)   Pre Evacuate Collection Set: 0.2ms
[3.345s][info   ][gc,phases   ] GC(140)   Merge Heap Roots: 0.1ms
[3.345s][info   ][gc,phases   ] GC(140)   Evacuate Collection Set: 0.4ms
[3.345s][info   ][gc,phases   ] GC(140)   Post Evacuate Collection Set: 0.4ms
[3.345s][info   ][gc,phases   ] GC(140)   Other: 0.2ms
[3.345s][info   ][gc,heap     ] GC(140) Eden regions: 0->0(794)
[3.345s][info   ][gc,heap     ] GC(140) Survivor regions: 0->0(100)
[3.345s][info   ][gc,heap     ] GC(140) Old regions: 1->1
[3.345s][info   ][gc,heap     ] GC(140) Archive regions: 2->2
[3.345s][info   ][gc,heap     ] GC(140) Humongous regions: 918->680
[3.345s][info   ][gc,metaspace] GC(140) Metaspace: 156K(384K)->156K(384K) NonClass: 148K(256K)->148K(256K) Class: 8K(128K)->8K(128K)
[3.345s][info   ][gc          ] GC(140) Pause Young (Concurrent Start) (G1 Humongous Allocation) 919M->681M(2048M) 1.276ms
[3.345s][info   ][gc,cpu      ] GC(140) User=0.00s Sys=0.00s Real=0.00s
[3.345s][info   ][gc          ] GC(141) Concurrent Undo Cycle
[3.345s][info   ][gc,marking  ] GC(141) Concurrent Cleanup for Next Mark
[3.367s][info   ][gc,marking  ] GC(141) Concurrent Cleanup for Next Mark 21.975ms
[3.367s][info   ][gc          ] GC(141) Concurrent Undo Cycle 22.147ms
[3.368s][info   ][gc,start    ] GC(142) Pause Young (Concurrent Start) (G1 Humongous Allocation)
[3.368s][info   ][gc,task     ] GC(142) Using 4 workers of 4 for evacuation
[3.369s][info   ][gc,phases   ] GC(142)   Pre Evacuate Collection Set: 0.2ms
[3.369s][info   ][gc,phases   ] GC(142)   Merge Heap Roots: 0.1ms
[3.369s][info   ][gc,phases   ] GC(142)   Evacuate Collection Set: 0.3ms
[3.369s][info   ][gc,phases   ] GC(142)   Post Evacuate Collection Set: 0.4ms
[3.369s][info   ][gc,phases   ] GC(142)   Other: 0.2ms
[3.369s][info   ][gc,heap     ] GC(142) Eden regions: 0->0(794)
[3.369s][info   ][gc,heap     ] GC(142) Survivor regions: 0->0(100)
[3.369s][info   ][gc,heap     ] GC(142) Old regions: 1->1
[3.369s][info   ][gc,heap     ] GC(142) Archive regions: 2->2
[3.369s][info   ][gc,heap     ] GC(142) Humongous regions: 958->718
[3.369s][info   ][gc,metaspace] GC(142) Metaspace: 156K(384K)->156K(384K) NonClass: 148K(256K)->148K(256K) Class: 8K(128K)->8K(128K)
[3.369s][info   ][gc          ] GC(142) Pause Young (Concurrent Start) (G1 Humongous Allocation) 959M->719M(2048M) 1.172ms
[3.369s][info   ][gc,cpu      ] GC(142) User=0.00s Sys=0.00s Real=0.00s
[3.369s][info   ][gc          ] GC(143) Concurrent Undo Cycle
[3.370s][info   ][gc,marking  ] GC(143) Concurrent Cleanup for Next Mark
[3.397s][info   ][gc,marking  ] GC(143) Concurrent Cleanup for Next Mark 27.599ms
[3.398s][info   ][gc          ] GC(143) Concurrent Undo Cycle 28.083ms
[3.399s][info   ][gc,start    ] GC(144) Pause Young (Concurrent Start) (G1 Humongous Allocation)
[3.399s][info   ][gc,task     ] GC(144) Using 4 workers of 4 for evacuation
[3.400s][info   ][gc,phases   ] GC(144)   Pre Evacuate Collection Set: 0.2ms
[3.400s][info   ][gc,phases   ] GC(144)   Merge Heap Roots: 0.1ms
[3.400s][info   ][gc,phases   ] GC(144)   Evacuate Collection Set: 0.2ms
[3.400s][info   ][gc,phases   ] GC(144)   Post Evacuate Collection Set: 0.5ms
[3.400s][info   ][gc,phases   ] GC(144)   Other: 0.2ms
[3.400s][info   ][gc,heap     ] GC(144) Eden regions: 0->0(794)
[3.400s][info   ][gc,heap     ] GC(144) Survivor regions: 0->0(100)
[3.400s][info   ][gc,heap     ] GC(144) Old regions: 1->1
[3.400s][info   ][gc,heap     ] GC(144) Archive regions: 2->2
[3.400s][info   ][gc,heap     ] GC(144) Humongous regions: 1118->770
[3.400s][info   ][gc,metaspace] GC(144) Metaspace: 156K(384K)->156K(384K) NonClass: 148K(256K)->148K(256K) Class: 8K(128K)->8K(128K)
[3.400s][info   ][gc          ] GC(144) Pause Young (Concurrent Start) (G1 Humongous Allocation) 1119M->771M(2048M) 1.246ms
[3.400s][info   ][gc,cpu      ] GC(144) User=0.00s Sys=0.00s Real=0.00s
[3.400s][info   ][gc          ] GC(145) Concurrent Undo Cycle
[3.400s][info   ][gc,marking  ] GC(145) Concurrent Cleanup for Next Mark
[3.408s][info   ][gc,marking  ] GC(145) Concurrent Cleanup for Next Mark 8.085ms
[3.408s][info   ][gc          ] GC(145) Concurrent Undo Cycle 8.246ms
[3.414s][info   ][gc,start    ] GC(146) Pause Young (Concurrent Start) (G1 Humongous Allocation)
[3.414s][info   ][gc,task     ] GC(146) Using 4 workers of 4 for evacuation
[3.415s][info   ][gc,phases   ] GC(146)   Pre Evacuate Collection Set: 0.2ms
[3.415s][info   ][gc,phases   ] GC(146)   Merge Heap Roots: 0.1ms
[3.415s][info   ][gc,phases   ] GC(146)   Evacuate Collection Set: 0.3ms
[3.415s][info   ][gc,phases   ] GC(146)   Post Evacuate Collection Set: 0.4ms
[3.415s][info   ][gc,phases   ] GC(146)   Other: 0.2ms
[3.415s][info   ][gc,heap     ] GC(146) Eden regions: 0->0(794)
[3.415s][info   ][gc,heap     ] GC(146) Survivor regions: 0->0(100)
[3.415s][info   ][gc,heap     ] GC(146) Old regions: 1->1
[3.415s][info   ][gc,heap     ] GC(146) Archive regions: 2->2
[3.415s][info   ][gc,heap     ] GC(146) Humongous regions: 918->764
[3.415s][info   ][gc,metaspace] GC(146) Metaspace: 156K(384K)->156K(384K) NonClass: 148K(256K)->148K(256K) Class: 8K(128K)->8K(128K)
[3.415s][info   ][gc          ] GC(146) Pause Young (Concurrent Start) (G1 Humongous Allocation) 919M->765M(2048M) 1.151ms
[3.415s][info   ][gc,cpu      ] GC(146) User=0.00s Sys=0.00s Real=0.00s
[3.415s][info   ][gc          ] GC(147) Concurrent Undo Cycle
[3.416s][info   ][gc,marking  ] GC(147) Concurrent Cleanup for Next Mark
[3.439s][info   ][gc,marking  ] GC(147) Concurrent Cleanup for Next Mark 23.935ms
[3.440s][info   ][gc          ] GC(147) Concurrent Undo Cycle 24.158ms
[3.440s][info   ][gc,start    ] GC(148) Pause Young (Concurrent Start) (G1 Humongous Allocation)
[3.440s][info   ][gc,task     ] GC(148) Using 4 workers of 4 for evacuation
[3.441s][info   ][gc,phases   ] GC(148)   Pre Evacuate Collection Set: 0.2ms
[3.441s][info   ][gc,phases   ] GC(148)   Merge Heap Roots: 0.1ms
[3.441s][info   ][gc,phases   ] GC(148)   Evacuate Collection Set: 0.2ms
[3.441s][info   ][gc,phases   ] GC(148)   Post Evacuate Collection Set: 0.5ms
[3.441s][info   ][gc,phases   ] GC(148)   Other: 0.2ms
[3.441s][info   ][gc,heap     ] GC(148) Eden regions: 0->0(794)
[3.441s][info   ][gc,heap     ] GC(148) Survivor regions: 0->0(100)
[3.441s][info   ][gc,heap     ] GC(148) Old regions: 1->1
[3.441s][info   ][gc,heap     ] GC(148) Archive regions: 2->2
[3.441s][info   ][gc,heap     ] GC(148) Humongous regions: 1092->790
[3.441s][info   ][gc,metaspace] GC(148) Metaspace: 156K(384K)->156K(384K) NonClass: 148K(256K)->148K(256K) Class: 8K(128K)->8K(128K)
[3.441s][info   ][gc          ] GC(148) Pause Young (Concurrent Start) (G1 Humongous Allocation) 1093M->791M(2048M) 1.211ms
[3.441s][info   ][gc,cpu      ] GC(148) User=0.00s Sys=0.00s Real=0.00s
[3.442s][info   ][gc          ] GC(149) Concurrent Undo Cycle
[3.442s][info   ][gc,marking  ] GC(149) Concurrent Cleanup for Next Mark
[3.471s][info   ][gc,marking  ] GC(149) Concurrent Cleanup for Next Mark 28.952ms
[3.471s][info   ][gc          ] GC(149) Concurrent Undo Cycle 29.063ms
[3.472s][info   ][gc,start    ] GC(150) Pause Young (Concurrent Start) (G1 Humongous Allocation)
[3.472s][info   ][gc,task     ] GC(150) Using 4 workers of 4 for evacuation
[3.473s][info   ][gc,phases   ] GC(150)   Pre Evacuate Collection Set: 0.4ms
[3.473s][info   ][gc,phases   ] GC(150)   Merge Heap Roots: 0.1ms
[3.473s][info   ][gc,phases   ] GC(150)   Evacuate Collection Set: 0.2ms
[3.473s][info   ][gc,phases   ] GC(150)   Post Evacuate Collection Set: 0.5ms
[3.473s][info   ][gc,phases   ] GC(150)   Other: 0.1ms
[3.473s][info   ][gc,heap     ] GC(150) Eden regions: 0->0(793)
[3.473s][info   ][gc,heap     ] GC(150) Survivor regions: 0->0(100)
[3.473s][info   ][gc,heap     ] GC(150) Old regions: 1->1
[3.473s][info   ][gc,heap     ] GC(150) Archive regions: 2->2
[3.473s][info   ][gc,heap     ] GC(150) Humongous regions: 1176->776
[3.473s][info   ][gc,metaspace] GC(150) Metaspace: 156K(384K)->156K(384K) NonClass: 148K(256K)->148K(256K) Class: 8K(128K)->8K(128K)
[3.473s][info   ][gc          ] GC(150) Pause Young (Concurrent Start) (G1 Humongous Allocation) 1177M->777M(2048M) 1.432ms
[3.473s][info   ][gc,cpu      ] GC(150) User=0.00s Sys=0.00s Real=0.00s
[3.473s][info   ][gc          ] GC(151) Concurrent Undo Cycle
[3.473s][info   ][gc,marking  ] GC(151) Concurrent Cleanup for Next Mark
[3.503s][info   ][gc,marking  ] GC(151) Concurrent Cleanup for Next Mark 29.180ms
[3.503s][info   ][gc          ] GC(151) Concurrent Undo Cycle 29.418ms
[3.504s][info   ][gc,start    ] GC(152) Pause Young (Concurrent Start) (G1 Humongous Allocation)
[3.504s][info   ][gc,task     ] GC(152) Using 4 workers of 4 for evacuation
[3.506s][info   ][gc,phases   ] GC(152)   Pre Evacuate Collection Set: 0.2ms
[3.506s][info   ][gc,phases   ] GC(152)   Merge Heap Roots: 0.1ms
[3.506s][info   ][gc,phases   ] GC(152)   Evacuate Collection Set: 0.4ms
[3.506s][info   ][gc,phases   ] GC(152)   Post Evacuate Collection Set: 0.9ms
[3.506s][info   ][gc,phases   ] GC(152)   Other: 0.2ms
[3.506s][info   ][gc,heap     ] GC(152) Eden regions: 0->0(792)
[3.506s][info   ][gc,heap     ] GC(152) Survivor regions: 0->0(100)
[3.506s][info   ][gc,heap     ] GC(152) Old regions: 1->1
[3.506s][info   ][gc,heap     ] GC(152) Archive regions: 2->2
[3.506s][info   ][gc,heap     ] GC(152) Humongous regions: 1180->724
[3.506s][info   ][gc,metaspace] GC(152) Metaspace: 156K(384K)->156K(384K) NonClass: 148K(256K)->148K(256K) Class: 8K(128K)->8K(128K)
[3.506s][info   ][gc          ] GC(152) Pause Young (Concurrent Start) (G1 Humongous Allocation) 1181M->725M(2048M) 1.867ms
[3.506s][info   ][gc,cpu      ] GC(152) User=0.00s Sys=0.00s Real=0.00s
[3.510s][info   ][gc          ] GC(153) Concurrent Undo Cycle
[3.510s][info   ][gc,marking  ] GC(153) Concurrent Cleanup for Next Mark
[3.527s][info   ][gc,marking  ] GC(153) Concurrent Cleanup for Next Mark 16.259ms
[3.527s][info   ][gc          ] GC(153) Concurrent Undo Cycle 16.595ms
[3.527s][info   ][gc,start    ] GC(154) Pause Young (Concurrent Start) (G1 Humongous Allocation)
[3.527s][info   ][gc,task     ] GC(154) Using 4 workers of 4 for evacuation
[3.530s][info   ][gc,phases   ] GC(154)   Pre Evacuate Collection Set: 0.2ms
[3.530s][info   ][gc,phases   ] GC(154)   Merge Heap Roots: 0.1ms
[3.530s][info   ][gc,phases   ] GC(154)   Evacuate Collection Set: 1.5ms
[3.530s][info   ][gc,phases   ] GC(154)   Post Evacuate Collection Set: 0.5ms
[3.530s][info   ][gc,phases   ] GC(154)   Other: 0.2ms
[3.530s][info   ][gc,heap     ] GC(154) Eden regions: 0->0(793)
[3.530s][info   ][gc,heap     ] GC(154) Survivor regions: 0->0(99)
[3.530s][info   ][gc,heap     ] GC(154) Old regions: 1->1
[3.530s][info   ][gc,heap     ] GC(154) Archive regions: 2->2
[3.530s][info   ][gc,heap     ] GC(154) Humongous regions: 986->710
[3.530s][info   ][gc,metaspace] GC(154) Metaspace: 156K(384K)->156K(384K) NonClass: 148K(256K)->148K(256K) Class: 8K(128K)->8K(128K)
[3.530s][info   ][gc          ] GC(154) Pause Young (Concurrent Start) (G1 Humongous Allocation) 987M->711M(2048M) 2.490ms
[3.530s][info   ][gc,cpu      ] GC(154) User=0.00s Sys=0.00s Real=0.01s
[3.530s][info   ][gc          ] GC(155) Concurrent Undo Cycle
[3.530s][info   ][gc,marking  ] GC(155) Concurrent Cleanup for Next Mark
[3.542s][info   ][gc,marking  ] GC(155) Concurrent Cleanup for Next Mark 12.349ms
[3.542s][info   ][gc          ] GC(155) Concurrent Undo Cycle 12.531ms
[3.543s][info   ][gc,start    ] GC(156) Pause Young (Concurrent Start) (G1 Humongous Allocation)
[3.543s][info   ][gc,task     ] GC(156) Using 4 workers of 4 for evacuation
[3.544s][info   ][gc,phases   ] GC(156)   Pre Evacuate Collection Set: 0.2ms
[3.544s][info   ][gc,phases   ] GC(156)   Merge Heap Roots: 0.1ms
[3.545s][info   ][gc,phases   ] GC(156)   Evacuate Collection Set: 0.5ms
[3.545s][info   ][gc,phases   ] GC(156)   Post Evacuate Collection Set: 0.4ms
[3.545s][info   ][gc,phases   ] GC(156)   Other: 0.2ms
[3.545s][info   ][gc,heap     ] GC(156) Eden regions: 0->0(793)
[3.545s][info   ][gc,heap     ] GC(156) Survivor regions: 0->0(100)
[3.545s][info   ][gc,heap     ] GC(156) Old regions: 1->1
[3.545s][info   ][gc,heap     ] GC(156) Archive regions: 2->2
[3.545s][info   ][gc,heap     ] GC(156) Humongous regions: 846->708
[3.545s][info   ][gc,metaspace] GC(156) Metaspace: 156K(384K)->156K(384K) NonClass: 148K(256K)->148K(256K) Class: 8K(128K)->8K(128K)
[3.545s][info   ][gc          ] GC(156) Pause Young (Concurrent Start) (G1 Humongous Allocation) 847M->709M(2048M) 1.330ms
[3.545s][info   ][gc,cpu      ] GC(156) User=0.00s Sys=0.00s Real=0.00s
[3.545s][info   ][gc          ] GC(157) Concurrent Undo Cycle
[3.545s][info   ][gc,marking  ] GC(157) Concurrent Cleanup for Next Mark
[3.572s][info   ][gc,marking  ] GC(157) Concurrent Cleanup for Next Mark 27.447ms
[3.572s][info   ][gc          ] GC(157) Concurrent Undo Cycle 27.636ms
[3.573s][info   ][gc,start    ] GC(158) Pause Young (Concurrent Start) (G1 Humongous Allocation)
[3.573s][info   ][gc,task     ] GC(158) Using 4 workers of 4 for evacuation
[3.574s][info   ][gc,phases   ] GC(158)   Pre Evacuate Collection Set: 0.3ms
[3.574s][info   ][gc,phases   ] GC(158)   Merge Heap Roots: 0.1ms
[3.574s][info   ][gc,phases   ] GC(158)   Evacuate Collection Set: 0.2ms
[3.574s][info   ][gc,phases   ] GC(158)   Post Evacuate Collection Set: 0.5ms
[3.574s][info   ][gc,phases   ] GC(158)   Other: 0.2ms
[3.574s][info   ][gc,heap     ] GC(158) Eden regions: 0->0(793)
[3.574s][info   ][gc,heap     ] GC(158) Survivor regions: 0->0(100)
[3.574s][info   ][gc,heap     ] GC(158) Old regions: 1->1
[3.574s][info   ][gc,heap     ] GC(158) Archive regions: 2->2
[3.574s][info   ][gc,heap     ] GC(158) Humongous regions: 1084->756
[3.574s][info   ][gc,metaspace] GC(158) Metaspace: 156K(384K)->156K(384K) NonClass: 148K(256K)->148K(256K) Class: 8K(128K)->8K(128K)
[3.574s][info   ][gc          ] GC(158) Pause Young (Concurrent Start) (G1 Humongous Allocation) 1085M->757M(2048M) 1.355ms
[3.574s][info   ][gc,cpu      ] GC(158) User=0.00s Sys=0.00s Real=0.00s
[3.574s][info   ][gc          ] GC(159) Concurrent Undo Cycle
[3.574s][info   ][gc,marking  ] GC(159) Concurrent Cleanup for Next Mark
[3.591s][info   ][gc,marking  ] GC(159) Concurrent Cleanup for Next Mark 16.917ms
[3.592s][info   ][gc          ] GC(159) Concurrent Undo Cycle 17.100ms
[3.593s][info   ][gc,start    ] GC(160) Pause Young (Concurrent Start) (G1 Humongous Allocation)
[3.593s][info   ][gc,task     ] GC(160) Using 4 workers of 4 for evacuation
[3.594s][info   ][gc,phases   ] GC(160)   Pre Evacuate Collection Set: 0.2ms
[3.594s][info   ][gc,phases   ] GC(160)   Merge Heap Roots: 0.1ms
[3.594s][info   ][gc,phases   ] GC(160)   Evacuate Collection Set: 0.2ms
[3.594s][info   ][gc,phases   ] GC(160)   Post Evacuate Collection Set: 0.4ms
[3.594s][info   ][gc,phases   ] GC(160)   Other: 0.1ms
[3.594s][info   ][gc,heap     ] GC(160) Eden regions: 0->0(793)
[3.594s][info   ][gc,heap     ] GC(160) Survivor regions: 0->0(100)
[3.594s][info   ][gc,heap     ] GC(160) Old regions: 1->1
[3.594s][info   ][gc,heap     ] GC(160) Archive regions: 2->2
[3.594s][info   ][gc,heap     ] GC(160) Humongous regions: 954->760
[3.594s][info   ][gc,metaspace] GC(160) Metaspace: 156K(384K)->156K(384K) NonClass: 148K(256K)->148K(256K) Class: 8K(128K)->8K(128K)
[3.594s][info   ][gc          ] GC(160) Pause Young (Concurrent Start) (G1 Humongous Allocation) 955M->761M(2048M) 1.102ms
[3.594s][info   ][gc,cpu      ] GC(160) User=0.00s Sys=0.00s Real=0.00s
[3.594s][info   ][gc          ] GC(161) Concurrent Undo Cycle
[3.594s][info   ][gc,marking  ] GC(161) Concurrent Cleanup for Next Mark
[3.610s][info   ][gc,marking  ] GC(161) Concurrent Cleanup for Next Mark 16.056ms
[3.610s][info   ][gc          ] GC(161) Concurrent Undo Cycle 16.367ms
[3.611s][info   ][gc,start    ] GC(162) Pause Young (Concurrent Start) (G1 Humongous Allocation)
[3.611s][info   ][gc,task     ] GC(162) Using 4 workers of 4 for evacuation
[3.613s][info   ][gc,phases   ] GC(162)   Pre Evacuate Collection Set: 0.3ms
[3.613s][info   ][gc,phases   ] GC(162)   Merge Heap Roots: 0.2ms
[3.613s][info   ][gc,phases   ] GC(162)   Evacuate Collection Set: 0.4ms
[3.613s][info   ][gc,phases   ] GC(162)   Post Evacuate Collection Set: 0.4ms
[3.613s][info   ][gc,phases   ] GC(162)   Other: 0.2ms
[3.613s][info   ][gc,heap     ] GC(162) Eden regions: 0->0(793)
[3.613s][info   ][gc,heap     ] GC(162) Survivor regions: 0->0(100)
[3.613s][info   ][gc,heap     ] GC(162) Old regions: 1->1
[3.613s][info   ][gc,heap     ] GC(162) Archive regions: 2->2
[3.613s][info   ][gc,heap     ] GC(162) Humongous regions: 944->762
[3.613s][info   ][gc,metaspace] GC(162) Metaspace: 156K(384K)->156K(384K) NonClass: 148K(256K)->148K(256K) Class: 8K(128K)->8K(128K)
[3.613s][info   ][gc          ] GC(162) Pause Young (Concurrent Start) (G1 Humongous Allocation) 945M->763M(2048M) 1.507ms
[3.613s][info   ][gc,cpu      ] GC(162) User=0.00s Sys=0.00s Real=0.00s
[3.613s][info   ][gc          ] GC(163) Concurrent Undo Cycle
[3.613s][info   ][gc,marking  ] GC(163) Concurrent Cleanup for Next Mark
[3.627s][info   ][gc,marking  ] GC(163) Concurrent Cleanup for Next Mark 13.916ms
[3.627s][info   ][gc          ] GC(163) Concurrent Undo Cycle 14.092ms
[3.628s][info   ][gc,start    ] GC(164) Pause Young (Concurrent Start) (G1 Humongous Allocation)
[3.628s][info   ][gc,task     ] GC(164) Using 4 workers of 4 for evacuation
[3.629s][info   ][gc,phases   ] GC(164)   Pre Evacuate Collection Set: 0.2ms
[3.629s][info   ][gc,phases   ] GC(164)   Merge Heap Roots: 0.1ms
[3.629s][info   ][gc,phases   ] GC(164)   Evacuate Collection Set: 0.2ms
[3.629s][info   ][gc,phases   ] GC(164)   Post Evacuate Collection Set: 0.3ms
[3.629s][info   ][gc,phases   ] GC(164)   Other: 0.2ms
[3.629s][info   ][gc,heap     ] GC(164) Eden regions: 0->0(793)
[3.629s][info   ][gc,heap     ] GC(164) Survivor regions: 0->0(100)
[3.629s][info   ][gc,heap     ] GC(164) Old regions: 1->1
[3.629s][info   ][gc,heap     ] GC(164) Archive regions: 2->2
[3.629s][info   ][gc,heap     ] GC(164) Humongous regions: 918->796
[3.629s][info   ][gc,metaspace] GC(164) Metaspace: 156K(384K)->156K(384K) NonClass: 148K(256K)->148K(256K) Class: 8K(128K)->8K(128K)
[3.629s][info   ][gc          ] GC(164) Pause Young (Concurrent Start) (G1 Humongous Allocation) 919M->797M(2048M) 1.045ms
[3.629s][info   ][gc,cpu      ] GC(164) User=0.00s Sys=0.00s Real=0.01s
[3.629s][info   ][gc          ] GC(165) Concurrent Undo Cycle
[3.629s][info   ][gc,marking  ] GC(165) Concurrent Cleanup for Next Mark
[3.640s][info   ][gc,marking  ] GC(165) Concurrent Cleanup for Next Mark 11.154ms
[3.640s][info   ][gc          ] GC(165) Concurrent Undo Cycle 11.320ms
[3.642s][info   ][gc,start    ] GC(166) Pause Young (Concurrent Start) (G1 Humongous Allocation)
[3.642s][info   ][gc,task     ] GC(166) Using 4 workers of 4 for evacuation
[3.643s][info   ][gc,phases   ] GC(166)   Pre Evacuate Collection Set: 0.3ms
[3.643s][info   ][gc,phases   ] GC(166)   Merge Heap Roots: 0.1ms
[3.643s][info   ][gc,phases   ] GC(166)   Evacuate Collection Set: 0.2ms
[3.643s][info   ][gc,phases   ] GC(166)   Post Evacuate Collection Set: 0.4ms
[3.643s][info   ][gc,phases   ] GC(166)   Other: 0.2ms
[3.643s][info   ][gc,heap     ] GC(166) Eden regions: 0->0(793)
[3.643s][info   ][gc,heap     ] GC(166) Survivor regions: 0->0(100)
[3.643s][info   ][gc,heap     ] GC(166) Old regions: 1->1
[3.643s][info   ][gc,heap     ] GC(166) Archive regions: 2->2
[3.643s][info   ][gc,heap     ] GC(166) Humongous regions: 918->794
[3.643s][info   ][gc,metaspace] GC(166) Metaspace: 156K(384K)->156K(384K) NonClass: 148K(256K)->148K(256K) Class: 8K(128K)->8K(128K)
[3.643s][info   ][gc          ] GC(166) Pause Young (Concurrent Start) (G1 Humongous Allocation) 919M->795M(2048M) 1.227ms
[3.643s][info   ][gc,cpu      ] GC(166) User=0.00s Sys=0.00s Real=0.00s
[3.643s][info   ][gc          ] GC(167) Concurrent Undo Cycle
[3.643s][info   ][gc,marking  ] GC(167) Concurrent Cleanup for Next Mark
[3.675s][info   ][gc,marking  ] GC(167) Concurrent Cleanup for Next Mark 32.084ms
[3.675s][info   ][gc          ] GC(167) Concurrent Undo Cycle 32.221ms
[3.677s][info   ][gc,start    ] GC(168) Pause Young (Concurrent Start) (G1 Humongous Allocation)
[3.677s][info   ][gc,task     ] GC(168) Using 4 workers of 4 for evacuation
[3.679s][info   ][gc,phases   ] GC(168)   Pre Evacuate Collection Set: 0.3ms
[3.679s][info   ][gc,phases   ] GC(168)   Merge Heap Roots: 0.1ms
[3.679s][info   ][gc,phases   ] GC(168)   Evacuate Collection Set: 0.3ms
[3.679s][info   ][gc,phases   ] GC(168)   Post Evacuate Collection Set: 0.6ms
[3.679s][info   ][gc,phases   ] GC(168)   Other: 0.3ms
[3.679s][info   ][gc,heap     ] GC(168) Eden regions: 0->0(793)
[3.679s][info   ][gc,heap     ] GC(168) Survivor regions: 0->0(100)
[3.679s][info   ][gc,heap     ] GC(168) Old regions: 1->1
[3.679s][info   ][gc,heap     ] GC(168) Archive regions: 2->2
[3.679s][info   ][gc,heap     ] GC(168) Humongous regions: 1210->802
[3.679s][info   ][gc,metaspace] GC(168) Metaspace: 156K(384K)->156K(384K) NonClass: 148K(256K)->148K(256K) Class: 8K(128K)->8K(128K)
[3.679s][info   ][gc          ] GC(168) Pause Young (Concurrent Start) (G1 Humongous Allocation) 1211M->803M(2048M) 1.803ms
[3.679s][info   ][gc,cpu      ] GC(168) User=0.00s Sys=0.01s Real=0.01s
[3.679s][info   ][gc          ] GC(169) Concurrent Undo Cycle
[3.679s][info   ][gc,marking  ] GC(169) Concurrent Cleanup for Next Mark
[3.695s][info   ][gc,marking  ] GC(169) Concurrent Cleanup for Next Mark 16.227ms
[3.695s][info   ][gc          ] GC(169) Concurrent Undo Cycle 16.439ms
[3.696s][info   ][gc,start    ] GC(170) Pause Young (Concurrent Start) (G1 Humongous Allocation)
[3.696s][info   ][gc,task     ] GC(170) Using 4 workers of 4 for evacuation
[3.698s][info   ][gc,phases   ] GC(170)   Pre Evacuate Collection Set: 0.2ms
[3.698s][info   ][gc,phases   ] GC(170)   Merge Heap Roots: 0.1ms
[3.698s][info   ][gc,phases   ] GC(170)   Evacuate Collection Set: 0.3ms
[3.698s][info   ][gc,phases   ] GC(170)   Post Evacuate Collection Set: 0.4ms
[3.698s][info   ][gc,phases   ] GC(170)   Other: 0.2ms
[3.698s][info   ][gc,heap     ] GC(170) Eden regions: 0->0(793)
[3.698s][info   ][gc,heap     ] GC(170) Survivor regions: 0->0(100)
[3.698s][info   ][gc,heap     ] GC(170) Old regions: 1->1
[3.698s][info   ][gc,heap     ] GC(170) Archive regions: 2->2
[3.698s][info   ][gc,heap     ] GC(170) Humongous regions: 1004->798
[3.698s][info   ][gc,metaspace] GC(170) Metaspace: 156K(384K)->156K(384K) NonClass: 148K(256K)->148K(256K) Class: 8K(128K)->8K(128K)
[3.698s][info   ][gc          ] GC(170) Pause Young (Concurrent Start) (G1 Humongous Allocation) 1005M->799M(2048M) 1.279ms
[3.698s][info   ][gc,cpu      ] GC(170) User=0.00s Sys=0.00s Real=0.00s
[3.698s][info   ][gc          ] GC(171) Concurrent Undo Cycle
[3.698s][info   ][gc,marking  ] GC(171) Concurrent Cleanup for Next Mark
[3.720s][info   ][gc,marking  ] GC(171) Concurrent Cleanup for Next Mark 22.566ms
[3.721s][info   ][gc          ] GC(171) Concurrent Undo Cycle 22.846ms
[3.721s][info   ][gc,start    ] GC(172) Pause Young (Concurrent Start) (G1 Humongous Allocation)
[3.721s][info   ][gc,task     ] GC(172) Using 4 workers of 4 for evacuation
[3.723s][info   ][gc,phases   ] GC(172)   Pre Evacuate Collection Set: 0.4ms
[3.723s][info   ][gc,phases   ] GC(172)   Merge Heap Roots: 0.2ms
[3.723s][info   ][gc,phases   ] GC(172)   Evacuate Collection Set: 0.3ms
[3.723s][info   ][gc,phases   ] GC(172)   Post Evacuate Collection Set: 0.8ms
[3.723s][info   ][gc,phases   ] GC(172)   Other: 0.2ms
[3.723s][info   ][gc,heap     ] GC(172) Eden regions: 0->0(792)
[3.723s][info   ][gc,heap     ] GC(172) Survivor regions: 0->0(100)
[3.723s][info   ][gc,heap     ] GC(172) Old regions: 1->1
[3.723s][info   ][gc,heap     ] GC(172) Archive regions: 2->2
[3.723s][info   ][gc,heap     ] GC(172) Humongous regions: 1096->770
[3.723s][info   ][gc,metaspace] GC(172) Metaspace: 156K(384K)->156K(384K) NonClass: 148K(256K)->148K(256K) Class: 8K(128K)->8K(128K)
[3.723s][info   ][gc          ] GC(172) Pause Young (Concurrent Start) (G1 Humongous Allocation) 1097M->771M(2048M) 1.941ms
[3.723s][info   ][gc,cpu      ] GC(172) User=0.00s Sys=0.00s Real=0.00s
[3.724s][info   ][gc          ] GC(173) Concurrent Undo Cycle
[3.724s][info   ][gc,marking  ] GC(173) Concurrent Cleanup for Next Mark
[3.744s][info   ][gc,marking  ] GC(173) Concurrent Cleanup for Next Mark 20.134ms
[3.744s][info   ][gc          ] GC(173) Concurrent Undo Cycle 20.428ms
[3.745s][info   ][gc,start    ] GC(174) Pause Young (Concurrent Start) (G1 Humongous Allocation)
[3.745s][info   ][gc,task     ] GC(174) Using 4 workers of 4 for evacuation
[3.747s][info   ][gc,phases   ] GC(174)   Pre Evacuate Collection Set: 0.4ms
[3.747s][info   ][gc,phases   ] GC(174)   Merge Heap Roots: 0.1ms
[3.747s][info   ][gc,phases   ] GC(174)   Evacuate Collection Set: 0.6ms
[3.747s][info   ][gc,phases   ] GC(174)   Post Evacuate Collection Set: 0.6ms
[3.747s][info   ][gc,phases   ] GC(174)   Other: 0.2ms
[3.747s][info   ][gc,heap     ] GC(174) Eden regions: 0->0(792)
[3.747s][info   ][gc,heap     ] GC(174) Survivor regions: 0->0(99)
[3.747s][info   ][gc,heap     ] GC(174) Old regions: 1->1
[3.747s][info   ][gc,heap     ] GC(174) Archive regions: 2->2
[3.747s][info   ][gc,heap     ] GC(174) Humongous regions: 1006->744
[3.747s][info   ][gc,metaspace] GC(174) Metaspace: 156K(384K)->156K(384K) NonClass: 148K(256K)->148K(256K) Class: 8K(128K)->8K(128K)
[3.747s][info   ][gc          ] GC(174) Pause Young (Concurrent Start) (G1 Humongous Allocation) 1007M->745M(2048M) 2.026ms
[3.747s][info   ][gc,cpu      ] GC(174) User=0.01s Sys=0.00s Real=0.00s
[3.747s][info   ][gc          ] GC(175) Concurrent Undo Cycle
[3.747s][info   ][gc,marking  ] GC(175) Concurrent Cleanup for Next Mark
[3.771s][info   ][gc,marking  ] GC(175) Concurrent Cleanup for Next Mark 23.931ms
[3.771s][info   ][gc          ] GC(175) Concurrent Undo Cycle 24.173ms
[3.772s][info   ][gc,start    ] GC(176) Pause Young (Concurrent Start) (G1 Humongous Allocation)
[3.772s][info   ][gc,task     ] GC(176) Using 4 workers of 4 for evacuation
[3.774s][info   ][gc,phases   ] GC(176)   Pre Evacuate Collection Set: 0.2ms
[3.774s][info   ][gc,phases   ] GC(176)   Merge Heap Roots: 0.1ms
[3.774s][info   ][gc,phases   ] GC(176)   Evacuate Collection Set: 0.3ms
[3.774s][info   ][gc,phases   ] GC(176)   Post Evacuate Collection Set: 0.5ms
[3.774s][info   ][gc,phases   ] GC(176)   Other: 0.2ms
[3.774s][info   ][gc,heap     ] GC(176) Eden regions: 0->0(792)
[3.774s][info   ][gc,heap     ] GC(176) Survivor regions: 0->0(99)
[3.774s][info   ][gc,heap     ] GC(176) Old regions: 1->1
[3.774s][info   ][gc,heap     ] GC(176) Archive regions: 2->2
[3.774s][info   ][gc,heap     ] GC(176) Humongous regions: 1016->772
[3.774s][info   ][gc,metaspace] GC(176) Metaspace: 156K(384K)->156K(384K) NonClass: 148K(256K)->148K(256K) Class: 8K(128K)->8K(128K)
[3.774s][info   ][gc          ] GC(176) Pause Young (Concurrent Start) (G1 Humongous Allocation) 1017M->773M(2048M) 1.429ms
[3.774s][info   ][gc,cpu      ] GC(176) User=0.01s Sys=0.00s Real=0.00s
[3.774s][info   ][gc          ] GC(177) Concurrent Undo Cycle
[3.774s][info   ][gc,marking  ] GC(177) Concurrent Cleanup for Next Mark
[3.786s][info   ][gc,marking  ] GC(177) Concurrent Cleanup for Next Mark 12.468ms
[3.787s][info   ][gc          ] GC(177) Concurrent Undo Cycle 12.913ms
[3.788s][info   ][gc,start    ] GC(178) Pause Young (Concurrent Start) (G1 Humongous Allocation)
[3.788s][info   ][gc,task     ] GC(178) Using 4 workers of 4 for evacuation
[3.790s][info   ][gc,phases   ] GC(178)   Pre Evacuate Collection Set: 0.3ms
[3.790s][info   ][gc,phases   ] GC(178)   Merge Heap Roots: 0.1ms
[3.790s][info   ][gc,phases   ] GC(178)   Evacuate Collection Set: 0.7ms
[3.790s][info   ][gc,phases   ] GC(178)   Post Evacuate Collection Set: 0.5ms
[3.790s][info   ][gc,phases   ] GC(178)   Other: 0.2ms
[3.790s][info   ][gc,heap     ] GC(178) Eden regions: 0->0(792)
[3.790s][info   ][gc,heap     ] GC(178) Survivor regions: 0->0(99)
[3.790s][info   ][gc,heap     ] GC(178) Old regions: 1->1
[3.790s][info   ][gc,heap     ] GC(178) Archive regions: 2->2
[3.790s][info   ][gc,heap     ] GC(178) Humongous regions: 918->760
[3.790s][info   ][gc,metaspace] GC(178) Metaspace: 156K(384K)->156K(384K) NonClass: 148K(256K)->148K(256K) Class: 8K(128K)->8K(128K)
[3.790s][info   ][gc          ] GC(178) Pause Young (Concurrent Start) (G1 Humongous Allocation) 919M->761M(2048M) 1.904ms
[3.790s][info   ][gc,cpu      ] GC(178) User=0.00s Sys=0.00s Real=0.00s
[3.790s][info   ][gc          ] GC(179) Concurrent Undo Cycle
[3.790s][info   ][gc,marking  ] GC(179) Concurrent Cleanup for Next Mark
[3.806s][info   ][gc,marking  ] GC(179) Concurrent Cleanup for Next Mark 15.379ms
[3.806s][info   ][gc          ] GC(179) Concurrent Undo Cycle 15.542ms
[3.806s][info   ][gc,start    ] GC(180) Pause Young (Concurrent Start) (G1 Humongous Allocation)
[3.806s][info   ][gc,task     ] GC(180) Using 4 workers of 4 for evacuation
[3.808s][info   ][gc,phases   ] GC(180)   Pre Evacuate Collection Set: 0.2ms
[3.808s][info   ][gc,phases   ] GC(180)   Merge Heap Roots: 0.1ms
[3.808s][info   ][gc,phases   ] GC(180)   Evacuate Collection Set: 0.4ms
[3.808s][info   ][gc,phases   ] GC(180)   Post Evacuate Collection Set: 0.4ms
[3.808s][info   ][gc,phases   ] GC(180)   Other: 0.2ms
[3.808s][info   ][gc,heap     ] GC(180) Eden regions: 0->0(793)
[3.808s][info   ][gc,heap     ] GC(180) Survivor regions: 0->0(99)
[3.808s][info   ][gc,heap     ] GC(180) Old regions: 1->1
[3.808s][info   ][gc,heap     ] GC(180) Archive regions: 2->2
[3.808s][info   ][gc,heap     ] GC(180) Humongous regions: 928->792
[3.808s][info   ][gc,metaspace] GC(180) Metaspace: 156K(384K)->156K(384K) NonClass: 148K(256K)->148K(256K) Class: 8K(128K)->8K(128K)
[3.808s][info   ][gc          ] GC(180) Pause Young (Concurrent Start) (G1 Humongous Allocation) 929M->793M(2048M) 1.446ms
[3.808s][info   ][gc,cpu      ] GC(180) User=0.00s Sys=0.00s Real=0.00s
[3.808s][info   ][gc          ] GC(181) Concurrent Undo Cycle
[3.808s][info   ][gc,marking  ] GC(181) Concurrent Cleanup for Next Mark
[3.820s][info   ][gc,marking  ] GC(181) Concurrent Cleanup for Next Mark 12.234ms
[3.820s][info   ][gc          ] GC(181) Concurrent Undo Cycle 12.393ms
[3.821s][info   ][gc,start    ] GC(182) Pause Young (Concurrent Start) (G1 Humongous Allocation)
[3.821s][info   ][gc,task     ] GC(182) Using 4 workers of 4 for evacuation
[3.823s][info   ][gc,phases   ] GC(182)   Pre Evacuate Collection Set: 0.3ms
[3.823s][info   ][gc,phases   ] GC(182)   Merge Heap Roots: 0.1ms
[3.823s][info   ][gc,phases   ] GC(182)   Evacuate Collection Set: 0.6ms
[3.823s][info   ][gc,phases   ] GC(182)   Post Evacuate Collection Set: 0.5ms
[3.823s][info   ][gc,phases   ] GC(182)   Other: 0.2ms
[3.823s][info   ][gc,heap     ] GC(182) Eden regions: 0->0(793)
[3.823s][info   ][gc,heap     ] GC(182) Survivor regions: 0->0(100)
[3.823s][info   ][gc,heap     ] GC(182) Old regions: 1->1
[3.823s][info   ][gc,heap     ] GC(182) Archive regions: 2->2
[3.823s][info   ][gc,heap     ] GC(182) Humongous regions: 918->800
[3.823s][info   ][gc,metaspace] GC(182) Metaspace: 156K(384K)->156K(384K) NonClass: 148K(256K)->148K(256K) Class: 8K(128K)->8K(128K)
[3.823s][info   ][gc          ] GC(182) Pause Young (Concurrent Start) (G1 Humongous Allocation) 919M->801M(2048M) 1.708ms
[3.823s][info   ][gc,cpu      ] GC(182) User=0.00s Sys=0.00s Real=0.00s
[3.823s][info   ][gc          ] GC(183) Concurrent Undo Cycle
[3.823s][info   ][gc,marking  ] GC(183) Concurrent Cleanup for Next Mark
[3.841s][info   ][gc,marking  ] GC(183) Concurrent Cleanup for Next Mark 18.363ms
[3.841s][info   ][gc          ] GC(183) Concurrent Undo Cycle 18.577ms
[3.842s][info   ][gc,start    ] GC(184) Pause Young (Concurrent Start) (G1 Humongous Allocation)
[3.842s][info   ][gc,task     ] GC(184) Using 4 workers of 4 for evacuation
[3.843s][info   ][gc,phases   ] GC(184)   Pre Evacuate Collection Set: 0.2ms
[3.843s][info   ][gc,phases   ] GC(184)   Merge Heap Roots: 0.1ms
[3.843s][info   ][gc,phases   ] GC(184)   Evacuate Collection Set: 0.2ms
[3.843s][info   ][gc,phases   ] GC(184)   Post Evacuate Collection Set: 0.6ms
[3.843s][info   ][gc,phases   ] GC(184)   Other: 0.2ms
[3.843s][info   ][gc,heap     ] GC(184) Eden regions: 0->0(793)
[3.843s][info   ][gc,heap     ] GC(184) Survivor regions: 0->0(100)
[3.843s][info   ][gc,heap     ] GC(184) Old regions: 1->1
[3.843s][info   ][gc,heap     ] GC(184) Archive regions: 2->2
[3.843s][info   ][gc,heap     ] GC(184) Humongous regions: 1004->752
[3.843s][info   ][gc,metaspace] GC(184) Metaspace: 156K(384K)->156K(384K) NonClass: 148K(256K)->148K(256K) Class: 8K(128K)->8K(128K)
[3.843s][info   ][gc          ] GC(184) Pause Young (Concurrent Start) (G1 Humongous Allocation) 1005M->753M(2048M) 1.454ms
[3.843s][info   ][gc,cpu      ] GC(184) User=0.00s Sys=0.01s Real=0.00s
[3.843s][info   ][gc          ] GC(185) Concurrent Undo Cycle
[3.843s][info   ][gc,marking  ] GC(185) Concurrent Cleanup for Next Mark
[3.871s][info   ][gc,marking  ] GC(185) Concurrent Cleanup for Next Mark 27.843ms
[3.871s][info   ][gc          ] GC(185) Concurrent Undo Cycle 28.067ms
[3.872s][info   ][gc,start    ] GC(186) Pause Young (Concurrent Start) (G1 Humongous Allocation)
[3.872s][info   ][gc,task     ] GC(186) Using 4 workers of 4 for evacuation
[3.873s][info   ][gc,phases   ] GC(186)   Pre Evacuate Collection Set: 0.2ms
[3.873s][info   ][gc,phases   ] GC(186)   Merge Heap Roots: 0.1ms
[3.873s][info   ][gc,phases   ] GC(186)   Evacuate Collection Set: 0.3ms
[3.873s][info   ][gc,phases   ] GC(186)   Post Evacuate Collection Set: 0.5ms
[3.873s][info   ][gc,phases   ] GC(186)   Other: 0.2ms
[3.873s][info   ][gc,heap     ] GC(186) Eden regions: 0->0(793)
[3.873s][info   ][gc,heap     ] GC(186) Survivor regions: 0->0(100)
[3.873s][info   ][gc,heap     ] GC(186) Old regions: 1->1
[3.874s][info   ][gc,heap     ] GC(186) Archive regions: 2->2
[3.874s][info   ][gc,heap     ] GC(186) Humongous regions: 1120->754
[3.874s][info   ][gc,metaspace] GC(186) Metaspace: 156K(384K)->156K(384K) NonClass: 148K(256K)->148K(256K) Class: 8K(128K)->8K(128K)
[3.874s][info   ][gc          ] GC(186) Pause Young (Concurrent Start) (G1 Humongous Allocation) 1121M->755M(2048M) 1.297ms
[3.874s][info   ][gc,cpu      ] GC(186) User=0.00s Sys=0.01s Real=0.00s
[3.874s][info   ][gc          ] GC(187) Concurrent Undo Cycle
[3.874s][info   ][gc,marking  ] GC(187) Concurrent Cleanup for Next Mark
[3.894s][info   ][gc,marking  ] GC(187) Concurrent Cleanup for Next Mark 20.338ms
[3.894s][info   ][gc          ] GC(187) Concurrent Undo Cycle 20.522ms
[3.895s][info   ][gc,start    ] GC(188) Pause Young (Concurrent Start) (G1 Humongous Allocation)
[3.895s][info   ][gc,task     ] GC(188) Using 4 workers of 4 for evacuation
[3.896s][info   ][gc,phases   ] GC(188)   Pre Evacuate Collection Set: 0.4ms
[3.896s][info   ][gc,phases   ] GC(188)   Merge Heap Roots: 0.2ms
[3.896s][info   ][gc,phases   ] GC(188)   Evacuate Collection Set: 0.4ms
[3.896s][info   ][gc,phases   ] GC(188)   Post Evacuate Collection Set: 0.6ms
[3.896s][info   ][gc,phases   ] GC(188)   Other: 0.3ms
[3.896s][info   ][gc,heap     ] GC(188) Eden regions: 0->0(792)
[3.896s][info   ][gc,heap     ] GC(188) Survivor regions: 0->0(100)
[3.896s][info   ][gc,heap     ] GC(188) Old regions: 1->1
[3.896s][info   ][gc,heap     ] GC(188) Archive regions: 2->2
[3.896s][info   ][gc,heap     ] GC(188) Humongous regions: 1016->704
[3.896s][info   ][gc,metaspace] GC(188) Metaspace: 156K(384K)->156K(384K) NonClass: 148K(256K)->148K(256K) Class: 8K(128K)->8K(128K)
[3.896s][info   ][gc          ] GC(188) Pause Young (Concurrent Start) (G1 Humongous Allocation) 1017M->705M(2048M) 1.887ms
[3.897s][info   ][gc,cpu      ] GC(188) User=0.00s Sys=0.00s Real=0.00s
[3.897s][info   ][gc          ] GC(189) Concurrent Undo Cycle
[3.897s][info   ][gc,marking  ] GC(189) Concurrent Cleanup for Next Mark
[3.918s][info   ][gc,marking  ] GC(189) Concurrent Cleanup for Next Mark 21.712ms
[3.918s][info   ][gc          ] GC(189) Concurrent Undo Cycle 21.932ms
[3.919s][info   ][gc,start    ] GC(190) Pause Young (Concurrent Start) (G1 Humongous Allocation)
[3.919s][info   ][gc,task     ] GC(190) Using 4 workers of 4 for evacuation
[3.920s][info   ][gc,phases   ] GC(190)   Pre Evacuate Collection Set: 0.2ms
[3.920s][info   ][gc,phases   ] GC(190)   Merge Heap Roots: 0.1ms
[3.920s][info   ][gc,phases   ] GC(190)   Evacuate Collection Set: 0.2ms
[3.920s][info   ][gc,phases   ] GC(190)   Post Evacuate Collection Set: 0.4ms
[3.920s][info   ][gc,phases   ] GC(190)   Other: 0.2ms
[3.920s][info   ][gc,heap     ] GC(190) Eden regions: 0->0(793)
[3.920s][info   ][gc,heap     ] GC(190) Survivor regions: 0->0(99)
[3.920s][info   ][gc,heap     ] GC(190) Old regions: 1->1
[3.920s][info   ][gc,heap     ] GC(190) Archive regions: 2->2
[3.920s][info   ][gc,heap     ] GC(190) Humongous regions: 1000->726
[3.920s][info   ][gc,metaspace] GC(190) Metaspace: 156K(384K)->156K(384K) NonClass: 148K(256K)->148K(256K) Class: 8K(128K)->8K(128K)
[3.920s][info   ][gc          ] GC(190) Pause Young (Concurrent Start) (G1 Humongous Allocation) 1001M->727M(2048M) 1.212ms
[3.920s][info   ][gc,cpu      ] GC(190) User=0.01s Sys=0.00s Real=0.00s
[3.920s][info   ][gc          ] GC(191) Concurrent Undo Cycle
[3.920s][info   ][gc,marking  ] GC(191) Concurrent Cleanup for Next Mark
[3.950s][info   ][gc,marking  ] GC(191) Concurrent Cleanup for Next Mark 30.300ms
[3.951s][info   ][gc          ] GC(191) Concurrent Undo Cycle 30.546ms
[3.951s][info   ][gc,start    ] GC(192) Pause Young (Concurrent Start) (G1 Humongous Allocation)
[3.951s][info   ][gc,task     ] GC(192) Using 4 workers of 4 for evacuation
[3.953s][info   ][gc,phases   ] GC(192)   Pre Evacuate Collection Set: 0.2ms
[3.953s][info   ][gc,phases   ] GC(192)   Merge Heap Roots: 0.1ms
[3.953s][info   ][gc,phases   ] GC(192)   Evacuate Collection Set: 0.4ms
[3.953s][info   ][gc,phases   ] GC(192)   Post Evacuate Collection Set: 0.6ms
[3.953s][info   ][gc,phases   ] GC(192)   Other: 0.2ms
[3.953s][info   ][gc,heap     ] GC(192) Eden regions: 0->0(793)
[3.953s][info   ][gc,heap     ] GC(192) Survivor regions: 0->0(100)
[3.953s][info   ][gc,heap     ] GC(192) Old regions: 1->1
[3.953s][info   ][gc,heap     ] GC(192) Archive regions: 2->2
[3.953s][info   ][gc,heap     ] GC(192) Humongous regions: 1110->786
[3.953s][info   ][gc,metaspace] GC(192) Metaspace: 156K(384K)->156K(384K) NonClass: 148K(256K)->148K(256K) Class: 8K(128K)->8K(128K)
[3.953s][info   ][gc          ] GC(192) Pause Young (Concurrent Start) (G1 Humongous Allocation) 1111M->787M(2048M) 1.540ms
[3.953s][info   ][gc,cpu      ] GC(192) User=0.00s Sys=0.00s Real=0.00s
[3.953s][info   ][gc          ] GC(193) Concurrent Undo Cycle
[3.953s][info   ][gc,marking  ] GC(193) Concurrent Cleanup for Next Mark
[3.967s][info   ][gc,marking  ] GC(193) Concurrent Cleanup for Next Mark 14.506ms
[3.968s][info   ][gc          ] GC(193) Concurrent Undo Cycle 14.716ms
[3.968s][info   ][gc,start    ] GC(194) Pause Young (Concurrent Start) (G1 Humongous Allocation)
[3.968s][info   ][gc,task     ] GC(194) Using 4 workers of 4 for evacuation
[3.969s][info   ][gc,phases   ] GC(194)   Pre Evacuate Collection Set: 0.2ms
[3.969s][info   ][gc,phases   ] GC(194)   Merge Heap Roots: 0.1ms
[3.969s][info   ][gc,phases   ] GC(194)   Evacuate Collection Set: 0.3ms
[3.969s][info   ][gc,phases   ] GC(194)   Post Evacuate Collection Set: 0.5ms
[3.969s][info   ][gc,phases   ] GC(194)   Other: 0.2ms
[3.969s][info   ][gc,heap     ] GC(194) Eden regions: 0->0(793)
[3.969s][info   ][gc,heap     ] GC(194) Survivor regions: 0->0(100)
[3.969s][info   ][gc,heap     ] GC(194) Old regions: 1->1
[3.969s][info   ][gc,heap     ] GC(194) Archive regions: 2->2
[3.969s][info   ][gc,heap     ] GC(194) Humongous regions: 948->810
[3.969s][info   ][gc,metaspace] GC(194) Metaspace: 156K(384K)->156K(384K) NonClass: 148K(256K)->148K(256K) Class: 8K(128K)->8K(128K)
[3.969s][info   ][gc          ] GC(194) Pause Young (Concurrent Start) (G1 Humongous Allocation) 949M->811M(2048M) 1.241ms
[3.969s][info   ][gc,cpu      ] GC(194) User=0.00s Sys=0.00s Real=0.00s
[3.969s][info   ][gc          ] GC(195) Concurrent Undo Cycle
[3.969s][info   ][gc,marking  ] GC(195) Concurrent Cleanup for Next Mark
[3.987s][info   ][gc,marking  ] GC(195) Concurrent Cleanup for Next Mark 17.210ms
[3.987s][info   ][gc          ] GC(195) Concurrent Undo Cycle 17.440ms
[3.987s][info   ][gc,start    ] GC(196) Pause Young (Concurrent Start) (G1 Humongous Allocation)
[3.987s][info   ][gc,task     ] GC(196) Using 4 workers of 4 for evacuation
[3.989s][info   ][gc,phases   ] GC(196)   Pre Evacuate Collection Set: 0.2ms
[3.989s][info   ][gc,phases   ] GC(196)   Merge Heap Roots: 0.1ms
[3.989s][info   ][gc,phases   ] GC(196)   Evacuate Collection Set: 0.3ms
[3.989s][info   ][gc,phases   ] GC(196)   Post Evacuate Collection Set: 1.0ms
[3.989s][info   ][gc,phases   ] GC(196)   Other: 0.2ms
[3.989s][info   ][gc,heap     ] GC(196) Eden regions: 0->0(792)
[3.989s][info   ][gc,heap     ] GC(196) Survivor regions: 0->0(100)
[3.989s][info   ][gc,heap     ] GC(196) Old regions: 1->1
[3.989s][info   ][gc,heap     ] GC(196) Archive regions: 2->2
[3.989s][info   ][gc,heap     ] GC(196) Humongous regions: 1030->810
[3.989s][info   ][gc,metaspace] GC(196) Metaspace: 156K(384K)->156K(384K) NonClass: 148K(256K)->148K(256K) Class: 8K(128K)->8K(128K)
[3.989s][info   ][gc          ] GC(196) Pause Young (Concurrent Start) (G1 Humongous Allocation) 1031M->811M(2048M) 1.858ms
[3.989s][info   ][gc,cpu      ] GC(196) User=0.00s Sys=0.00s Real=0.01s
[3.989s][info   ][gc          ] GC(197) Concurrent Undo Cycle
[3.989s][info   ][gc,marking  ] GC(197) Concurrent Cleanup for Next Mark
[4.002s][info   ][gc,marking  ] GC(197) Concurrent Cleanup for Next Mark 13.003ms
[4.002s][info   ][gc          ] GC(197) Concurrent Undo Cycle 13.205ms
[4.003s][info   ][gc,start    ] GC(198) Pause Young (Concurrent Start) (G1 Humongous Allocation)
[4.003s][info   ][gc,task     ] GC(198) Using 4 workers of 4 for evacuation
[4.005s][info   ][gc,phases   ] GC(198)   Pre Evacuate Collection Set: 0.2ms
[4.005s][info   ][gc,phases   ] GC(198)   Merge Heap Roots: 0.1ms
[4.005s][info   ][gc,phases   ] GC(198)   Evacuate Collection Set: 1.0ms
[4.005s][info   ][gc,phases   ] GC(198)   Post Evacuate Collection Set: 0.6ms
[4.005s][info   ][gc,phases   ] GC(198)   Other: 0.2ms
[4.005s][info   ][gc,heap     ] GC(198) Eden regions: 0->0(792)
[4.005s][info   ][gc,heap     ] GC(198) Survivor regions: 0->0(99)
[4.005s][info   ][gc,heap     ] GC(198) Old regions: 1->1
[4.005s][info   ][gc,heap     ] GC(198) Archive regions: 2->2
[4.005s][info   ][gc,heap     ] GC(198) Humongous regions: 958->786
[4.005s][info   ][gc,metaspace] GC(198) Metaspace: 156K(384K)->156K(384K) NonClass: 148K(256K)->148K(256K) Class: 8K(128K)->8K(128K)
[4.005s][info   ][gc          ] GC(198) Pause Young (Concurrent Start) (G1 Humongous Allocation) 959M->787M(2048M) 2.249ms
[4.005s][info   ][gc,cpu      ] GC(198) User=0.01s Sys=0.00s Real=0.00s
[4.005s][info   ][gc          ] GC(199) Concurrent Undo Cycle
[4.005s][info   ][gc,marking  ] GC(199) Concurrent Cleanup for Next Mark
[4.017s][info   ][gc,marking  ] GC(199) Concurrent Cleanup for Next Mark 11.855ms
[4.018s][info   ][gc          ] GC(199) Concurrent Undo Cycle 12.198ms
[4.019s][info   ][gc,start    ] GC(200) Pause Young (Concurrent Start) (G1 Humongous Allocation)
[4.019s][info   ][gc,task     ] GC(200) Using 4 workers of 4 for evacuation
[4.021s][info   ][gc,phases   ] GC(200)   Pre Evacuate Collection Set: 0.3ms
[4.021s][info   ][gc,phases   ] GC(200)   Merge Heap Roots: 0.3ms
[4.021s][info   ][gc,phases   ] GC(200)   Evacuate Collection Set: 0.5ms
[4.021s][info   ][gc,phases   ] GC(200)   Post Evacuate Collection Set: 0.9ms
[4.021s][info   ][gc,phases   ] GC(200)   Other: 0.3ms
[4.021s][info   ][gc,heap     ] GC(200) Eden regions: 0->0(791)
[4.021s][info   ][gc,heap     ] GC(200) Survivor regions: 0->0(99)
[4.021s][info   ][gc,heap     ] GC(200) Old regions: 1->1
[4.021s][info   ][gc,heap     ] GC(200) Archive regions: 2->2
[4.021s][info   ][gc,heap     ] GC(200) Humongous regions: 918->854
[4.021s][info   ][gc,metaspace] GC(200) Metaspace: 156K(384K)->156K(384K) NonClass: 148K(256K)->148K(256K) Class: 8K(128K)->8K(128K)
[4.021s][info   ][gc          ] GC(200) Pause Young (Concurrent Start) (G1 Humongous Allocation) 919M->855M(2048M) 2.419ms
[4.021s][info   ][gc,cpu      ] GC(200) User=0.00s Sys=0.00s Real=0.00s
[4.021s][info   ][gc          ] GC(201) Concurrent Undo Cycle
[4.021s][info   ][gc,marking  ] GC(201) Concurrent Cleanup for Next Mark
[4.037s][info   ][gc,marking  ] GC(201) Concurrent Cleanup for Next Mark 15.897ms
[4.038s][info   ][gc          ] GC(201) Concurrent Undo Cycle 16.224ms
[4.038s][info   ][gc,start    ] GC(202) Pause Young (Concurrent Start) (G1 Humongous Allocation)
[4.038s][info   ][gc,task     ] GC(202) Using 4 workers of 4 for evacuation
[4.040s][info   ][gc,phases   ] GC(202)   Pre Evacuate Collection Set: 0.3ms
[4.040s][info   ][gc,phases   ] GC(202)   Merge Heap Roots: 0.1ms
[4.040s][info   ][gc,phases   ] GC(202)   Evacuate Collection Set: 0.6ms
[4.040s][info   ][gc,phases   ] GC(202)   Post Evacuate Collection Set: 0.4ms
[4.040s][info   ][gc,phases   ] GC(202)   Other: 0.2ms
[4.040s][info   ][gc,heap     ] GC(202) Eden regions: 0->0(792)
[4.040s][info   ][gc,heap     ] GC(202) Survivor regions: 0->0(99)
[4.040s][info   ][gc,heap     ] GC(202) Old regions: 1->1
[4.040s][info   ][gc,heap     ] GC(202) Archive regions: 2->2
[4.040s][info   ][gc,heap     ] GC(202) Humongous regions: 1024->856
[4.040s][info   ][gc,metaspace] GC(202) Metaspace: 156K(384K)->156K(384K) NonClass: 148K(256K)->148K(256K) Class: 8K(128K)->8K(128K)
[4.040s][info   ][gc          ] GC(202) Pause Young (Concurrent Start) (G1 Humongous Allocation) 1025M->857M(2048M) 1.663ms
[4.040s][info   ][gc,cpu      ] GC(202) User=0.00s Sys=0.00s Real=0.00s
[4.040s][info   ][gc          ] GC(203) Concurrent Undo Cycle
[4.040s][info   ][gc,marking  ] GC(203) Concurrent Cleanup for Next Mark
[4.051s][info   ][gc,marking  ] GC(203) Concurrent Cleanup for Next Mark 10.633ms
[4.051s][info   ][gc          ] GC(203) Concurrent Undo Cycle 10.902ms
[4.052s][info   ][gc,start    ] GC(204) Pause Young (Concurrent Start) (G1 Humongous Allocation)
[4.052s][info   ][gc,task     ] GC(204) Using 4 workers of 4 for evacuation
[4.054s][info   ][gc,phases   ] GC(204)   Pre Evacuate Collection Set: 0.2ms
[4.054s][info   ][gc,phases   ] GC(204)   Merge Heap Roots: 0.1ms
[4.054s][info   ][gc,phases   ] GC(204)   Evacuate Collection Set: 0.6ms
[4.054s][info   ][gc,phases   ] GC(204)   Post Evacuate Collection Set: 0.4ms
[4.054s][info   ][gc,phases   ] GC(204)   Other: 0.2ms
[4.054s][info   ][gc,heap     ] GC(204) Eden regions: 0->0(792)
[4.054s][info   ][gc,heap     ] GC(204) Survivor regions: 0->0(99)
[4.054s][info   ][gc,heap     ] GC(204) Old regions: 1->1
[4.054s][info   ][gc,heap     ] GC(204) Archive regions: 2->2
[4.054s][info   ][gc,heap     ] GC(204) Humongous regions: 968->832
[4.054s][info   ][gc,metaspace] GC(204) Metaspace: 156K(384K)->156K(384K) NonClass: 148K(256K)->148K(256K) Class: 8K(128K)->8K(128K)
[4.054s][info   ][gc          ] GC(204) Pause Young (Concurrent Start) (G1 Humongous Allocation) 969M->833M(2048M) 1.538ms
[4.054s][info   ][gc,cpu      ] GC(204) User=0.00s Sys=0.00s Real=0.00s
[4.054s][info   ][gc          ] GC(205) Concurrent Undo Cycle
[4.054s][info   ][gc,marking  ] GC(205) Concurrent Cleanup for Next Mark
[4.068s][info   ][gc,marking  ] GC(205) Concurrent Cleanup for Next Mark 13.968ms
[4.068s][info   ][gc          ] GC(205) Concurrent Undo Cycle 14.237ms
[4.069s][info   ][gc,start    ] GC(206) Pause Young (Concurrent Start) (G1 Humongous Allocation)
[4.069s][info   ][gc,task     ] GC(206) Using 4 workers of 4 for evacuation
[4.070s][info   ][gc,phases   ] GC(206)   Pre Evacuate Collection Set: 0.3ms
[4.070s][info   ][gc,phases   ] GC(206)   Merge Heap Roots: 0.1ms
[4.070s][info   ][gc,phases   ] GC(206)   Evacuate Collection Set: 0.4ms
[4.070s][info   ][gc,phases   ] GC(206)   Post Evacuate Collection Set: 0.5ms
[4.070s][info   ][gc,phases   ] GC(206)   Other: 0.2ms
[4.070s][info   ][gc,heap     ] GC(206) Eden regions: 0->0(792)
[4.070s][info   ][gc,heap     ] GC(206) Survivor regions: 0->0(99)
[4.070s][info   ][gc,heap     ] GC(206) Old regions: 1->1
[4.070s][info   ][gc,heap     ] GC(206) Archive regions: 2->2
[4.070s][info   ][gc,heap     ] GC(206) Humongous regions: 1002->828
[4.070s][info   ][gc,metaspace] GC(206) Metaspace: 156K(384K)->156K(384K) NonClass: 148K(256K)->148K(256K) Class: 8K(128K)->8K(128K)
[4.070s][info   ][gc          ] GC(206) Pause Young (Concurrent Start) (G1 Humongous Allocation) 1003M->829M(2048M) 1.524ms
[4.070s][info   ][gc,cpu      ] GC(206) User=0.00s Sys=0.01s Real=0.00s
[4.070s][info   ][gc          ] GC(207) Concurrent Undo Cycle
[4.070s][info   ][gc,marking  ] GC(207) Concurrent Cleanup for Next Mark
[4.083s][info   ][gc,marking  ] GC(207) Concurrent Cleanup for Next Mark 12.662ms
[4.083s][info   ][gc          ] GC(207) Concurrent Undo Cycle 12.855ms
[4.084s][info   ][gc,start    ] GC(208) Pause Young (Concurrent Start) (G1 Humongous Allocation)
[4.084s][info   ][gc,task     ] GC(208) Using 4 workers of 4 for evacuation
[4.085s][info   ][gc,phases   ] GC(208)   Pre Evacuate Collection Set: 0.1ms
[4.085s][info   ][gc,phases   ] GC(208)   Merge Heap Roots: 0.1ms
[4.085s][info   ][gc,phases   ] GC(208)   Evacuate Collection Set: 0.2ms
[4.085s][info   ][gc,phases   ] GC(208)   Post Evacuate Collection Set: 0.4ms
[4.085s][info   ][gc,phases   ] GC(208)   Other: 0.2ms
[4.085s][info   ][gc,heap     ] GC(208) Eden regions: 0->0(793)
[4.085s][info   ][gc,heap     ] GC(208) Survivor regions: 0->0(99)
[4.085s][info   ][gc,heap     ] GC(208) Old regions: 1->1
[4.085s][info   ][gc,heap     ] GC(208) Archive regions: 2->2
[4.085s][info   ][gc,heap     ] GC(208) Humongous regions: 978->824
[4.085s][info   ][gc,metaspace] GC(208) Metaspace: 156K(384K)->156K(384K) NonClass: 148K(256K)->148K(256K) Class: 8K(128K)->8K(128K)
[4.085s][info   ][gc          ] GC(208) Pause Young (Concurrent Start) (G1 Humongous Allocation) 979M->825M(2048M) 1.092ms
[4.085s][info   ][gc,cpu      ] GC(208) User=0.00s Sys=0.00s Real=0.00s
[4.085s][info   ][gc          ] GC(209) Concurrent Undo Cycle
[4.085s][info   ][gc,marking  ] GC(209) Concurrent Cleanup for Next Mark
[4.099s][info   ][gc,marking  ] GC(209) Concurrent Cleanup for Next Mark 13.250ms
[4.099s][info   ][gc          ] GC(209) Concurrent Undo Cycle 13.503ms
[4.100s][info   ][gc,start    ] GC(210) Pause Young (Concurrent Start) (G1 Humongous Allocation)
[4.100s][info   ][gc,task     ] GC(210) Using 4 workers of 4 for evacuation
[4.102s][info   ][gc,phases   ] GC(210)   Pre Evacuate Collection Set: 0.2ms
[4.102s][info   ][gc,phases   ] GC(210)   Merge Heap Roots: 0.1ms
[4.102s][info   ][gc,phases   ] GC(210)   Evacuate Collection Set: 0.6ms
[4.102s][info   ][gc,phases   ] GC(210)   Post Evacuate Collection Set: 0.4ms
[4.102s][info   ][gc,phases   ] GC(210)   Other: 0.2ms
[4.102s][info   ][gc,heap     ] GC(210) Eden regions: 0->0(793)
[4.102s][info   ][gc,heap     ] GC(210) Survivor regions: 0->0(100)
[4.102s][info   ][gc,heap     ] GC(210) Old regions: 1->1
[4.102s][info   ][gc,heap     ] GC(210) Archive regions: 2->2
[4.102s][info   ][gc,heap     ] GC(210) Humongous regions: 942->822
[4.102s][info   ][gc,metaspace] GC(210) Metaspace: 156K(384K)->156K(384K) NonClass: 148K(256K)->148K(256K) Class: 8K(128K)->8K(128K)
[4.102s][info   ][gc          ] GC(210) Pause Young (Concurrent Start) (G1 Humongous Allocation) 943M->823M(2048M) 1.623ms
[4.102s][info   ][gc,cpu      ] GC(210) User=0.00s Sys=0.00s Real=0.00s
[4.102s][info   ][gc          ] GC(211) Concurrent Undo Cycle
[4.102s][info   ][gc,marking  ] GC(211) Concurrent Cleanup for Next Mark
[4.110s][info   ][gc,marking  ] GC(211) Concurrent Cleanup for Next Mark 8.728ms
[4.111s][info   ][gc          ] GC(211) Concurrent Undo Cycle 9.039ms
[4.112s][info   ][gc,start    ] GC(212) Pause Young (Concurrent Start) (G1 Humongous Allocation)
[4.112s][info   ][gc,task     ] GC(212) Using 4 workers of 4 for evacuation
[4.113s][info   ][gc,phases   ] GC(212)   Pre Evacuate Collection Set: 0.3ms
[4.113s][info   ][gc,phases   ] GC(212)   Merge Heap Roots: 0.4ms
[4.113s][info   ][gc,phases   ] GC(212)   Evacuate Collection Set: 0.3ms
[4.113s][info   ][gc,phases   ] GC(212)   Post Evacuate Collection Set: 0.5ms
[4.113s][info   ][gc,phases   ] GC(212)   Other: 0.2ms
[4.113s][info   ][gc,heap     ] GC(212) Eden regions: 0->0(792)
[4.113s][info   ][gc,heap     ] GC(212) Survivor regions: 0->0(100)
[4.113s][info   ][gc,heap     ] GC(212) Old regions: 1->1
[4.113s][info   ][gc,heap     ] GC(212) Archive regions: 2->2
[4.113s][info   ][gc,heap     ] GC(212) Humongous regions: 918->806
[4.113s][info   ][gc,metaspace] GC(212) Metaspace: 156K(384K)->156K(384K) NonClass: 148K(256K)->148K(256K) Class: 8K(128K)->8K(128K)
[4.114s][info   ][gc          ] GC(212) Pause Young (Concurrent Start) (G1 Humongous Allocation) 919M->807M(2048M) 1.805ms
[4.114s][info   ][gc,cpu      ] GC(212) User=0.01s Sys=0.00s Real=0.00s
[4.114s][info   ][gc          ] GC(213) Concurrent Undo Cycle
[4.114s][info   ][gc,marking  ] GC(213) Concurrent Cleanup for Next Mark
[4.125s][info   ][gc,marking  ] GC(213) Concurrent Cleanup for Next Mark 11.709ms
[4.126s][info   ][gc          ] GC(213) Concurrent Undo Cycle 11.955ms
[4.127s][info   ][gc,start    ] GC(214) Pause Young (Concurrent Start) (G1 Humongous Allocation)
[4.127s][info   ][gc,task     ] GC(214) Using 4 workers of 4 for evacuation
[4.128s][info   ][gc,phases   ] GC(214)   Pre Evacuate Collection Set: 0.2ms
[4.128s][info   ][gc,phases   ] GC(214)   Merge Heap Roots: 0.1ms
[4.128s][info   ][gc,phases   ] GC(214)   Evacuate Collection Set: 0.2ms
[4.128s][info   ][gc,phases   ] GC(214)   Post Evacuate Collection Set: 0.4ms
[4.128s][info   ][gc,phases   ] GC(214)   Other: 0.2ms
[4.128s][info   ][gc,heap     ] GC(214) Eden regions: 0->0(793)
[4.128s][info   ][gc,heap     ] GC(214) Survivor regions: 0->0(99)
[4.128s][info   ][gc,heap     ] GC(214) Old regions: 1->1
[4.128s][info   ][gc,heap     ] GC(214) Archive regions: 2->2
[4.128s][info   ][gc,heap     ] GC(214) Humongous regions: 936->808
[4.128s][info   ][gc,metaspace] GC(214) Metaspace: 156K(384K)->156K(384K) NonClass: 148K(256K)->148K(256K) Class: 8K(128K)->8K(128K)
[4.128s][info   ][gc          ] GC(214) Pause Young (Concurrent Start) (G1 Humongous Allocation) 937M->809M(2048M) 1.152ms
[4.128s][info   ][gc,cpu      ] GC(214) User=0.00s Sys=0.00s Real=0.00s
[4.128s][info   ][gc          ] GC(215) Concurrent Undo Cycle
[4.128s][info   ][gc,marking  ] GC(215) Concurrent Cleanup for Next Mark
[4.145s][info   ][gc,marking  ] GC(215) Concurrent Cleanup for Next Mark 17.334ms
[4.145s][info   ][gc          ] GC(215) Concurrent Undo Cycle 17.562ms
[4.146s][info   ][gc,start    ] GC(216) Pause Young (Concurrent Start) (G1 Humongous Allocation)
[4.146s][info   ][gc,task     ] GC(216) Using 4 workers of 4 for evacuation
[4.148s][info   ][gc,phases   ] GC(216)   Pre Evacuate Collection Set: 0.2ms
[4.148s][info   ][gc,phases   ] GC(216)   Merge Heap Roots: 0.1ms
[4.148s][info   ][gc,phases   ] GC(216)   Evacuate Collection Set: 0.6ms
[4.148s][info   ][gc,phases   ] GC(216)   Post Evacuate Collection Set: 0.4ms
[4.148s][info   ][gc,phases   ] GC(216)   Other: 0.2ms
[4.148s][info   ][gc,heap     ] GC(216) Eden regions: 0->0(793)
[4.148s][info   ][gc,heap     ] GC(216) Survivor regions: 0->0(100)
[4.148s][info   ][gc,heap     ] GC(216) Old regions: 1->1
[4.148s][info   ][gc,heap     ] GC(216) Archive regions: 2->2
[4.148s][info   ][gc,heap     ] GC(216) Humongous regions: 1014->790
[4.148s][info   ][gc,metaspace] GC(216) Metaspace: 156K(384K)->156K(384K) NonClass: 148K(256K)->148K(256K) Class: 8K(128K)->8K(128K)
[4.148s][info   ][gc          ] GC(216) Pause Young (Concurrent Start) (G1 Humongous Allocation) 1015M->791M(2048M) 1.538ms
[4.148s][info   ][gc,cpu      ] GC(216) User=0.00s Sys=0.00s Real=0.00s
[4.148s][info   ][gc          ] GC(217) Concurrent Undo Cycle
[4.148s][info   ][gc,marking  ] GC(217) Concurrent Cleanup for Next Mark
[4.163s][info   ][gc,marking  ] GC(217) Concurrent Cleanup for Next Mark 14.650ms
[4.163s][info   ][gc          ] GC(217) Concurrent Undo Cycle 14.870ms
[4.164s][info   ][gc,start    ] GC(218) Pause Young (Concurrent Start) (G1 Humongous Allocation)
[4.164s][info   ][gc,task     ] GC(218) Using 4 workers of 4 for evacuation
[4.165s][info   ][gc,phases   ] GC(218)   Pre Evacuate Collection Set: 0.4ms
[4.165s][info   ][gc,phases   ] GC(218)   Merge Heap Roots: 0.1ms
[4.165s][info   ][gc,phases   ] GC(218)   Evacuate Collection Set: 0.3ms
[4.165s][info   ][gc,phases   ] GC(218)   Post Evacuate Collection Set: 0.5ms
[4.165s][info   ][gc,phases   ] GC(218)   Other: 0.3ms
[4.165s][info   ][gc,heap     ] GC(218) Eden regions: 0->0(793)
[4.165s][info   ][gc,heap     ] GC(218) Survivor regions: 0->0(100)
[4.165s][info   ][gc,heap     ] GC(218) Old regions: 1->1
[4.165s][info   ][gc,heap     ] GC(218) Archive regions: 2->2
[4.165s][info   ][gc,heap     ] GC(218) Humongous regions: 948->810
[4.165s][info   ][gc,metaspace] GC(218) Metaspace: 156K(384K)->156K(384K) NonClass: 148K(256K)->148K(256K) Class: 8K(128K)->8K(128K)
[4.165s][info   ][gc          ] GC(218) Pause Young (Concurrent Start) (G1 Humongous Allocation) 949M->811M(2048M) 1.646ms
[4.165s][info   ][gc,cpu      ] GC(218) User=0.00s Sys=0.00s Real=0.00s
[4.165s][info   ][gc          ] GC(219) Concurrent Undo Cycle
[4.165s][info   ][gc,marking  ] GC(219) Concurrent Cleanup for Next Mark
[4.178s][info   ][gc,marking  ] GC(219) Concurrent Cleanup for Next Mark 12.722ms
[4.178s][info   ][gc          ] GC(219) Concurrent Undo Cycle 12.937ms
[4.180s][info   ][gc,start    ] GC(220) Pause Young (Concurrent Start) (G1 Humongous Allocation)
[4.180s][info   ][gc,task     ] GC(220) Using 4 workers of 4 for evacuation
[4.182s][info   ][gc,phases   ] GC(220)   Pre Evacuate Collection Set: 0.3ms
[4.182s][info   ][gc,phases   ] GC(220)   Merge Heap Roots: 0.1ms
[4.182s][info   ][gc,phases   ] GC(220)   Evacuate Collection Set: 0.6ms
[4.182s][info   ][gc,phases   ] GC(220)   Post Evacuate Collection Set: 0.6ms
[4.182s][info   ][gc,phases   ] GC(220)   Other: 0.3ms
[4.182s][info   ][gc,heap     ] GC(220) Eden regions: 0->0(793)
[4.182s][info   ][gc,heap     ] GC(220) Survivor regions: 0->0(100)
[4.182s][info   ][gc,heap     ] GC(220) Old regions: 1->1
[4.182s][info   ][gc,heap     ] GC(220) Archive regions: 2->2
[4.182s][info   ][gc,heap     ] GC(220) Humongous regions: 938->824
[4.182s][info   ][gc,metaspace] GC(220) Metaspace: 156K(384K)->156K(384K) NonClass: 148K(256K)->148K(256K) Class: 8K(128K)->8K(128K)
[4.182s][info   ][gc          ] GC(220) Pause Young (Concurrent Start) (G1 Humongous Allocation) 939M->825M(2048M) 2.024ms
[4.182s][info   ][gc,cpu      ] GC(220) User=0.00s Sys=0.00s Real=0.00s
[4.182s][info   ][gc          ] GC(221) Concurrent Undo Cycle
[4.182s][info   ][gc,marking  ] GC(221) Concurrent Cleanup for Next Mark
[4.194s][info   ][gc,marking  ] GC(221) Concurrent Cleanup for Next Mark 11.754ms
[4.194s][info   ][gc          ] GC(221) Concurrent Undo Cycle 11.965ms
[4.194s][info   ][gc,start    ] GC(222) Pause Young (Concurrent Start) (G1 Humongous Allocation)
[4.194s][info   ][gc,task     ] GC(222) Using 4 workers of 4 for evacuation
[4.196s][info   ][gc,phases   ] GC(222)   Pre Evacuate Collection Set: 0.2ms
[4.196s][info   ][gc,phases   ] GC(222)   Merge Heap Roots: 0.1ms
[4.196s][info   ][gc,phases   ] GC(222)   Evacuate Collection Set: 0.2ms
[4.196s][info   ][gc,phases   ] GC(222)   Post Evacuate Collection Set: 0.5ms
[4.196s][info   ][gc,phases   ] GC(222)   Other: 0.2ms
[4.196s][info   ][gc,heap     ] GC(222) Eden regions: 0->0(793)
[4.196s][info   ][gc,heap     ] GC(222) Survivor regions: 0->0(100)
[4.196s][info   ][gc,heap     ] GC(222) Old regions: 1->1
[4.196s][info   ][gc,heap     ] GC(222) Archive regions: 2->2
[4.196s][info   ][gc,heap     ] GC(222) Humongous regions: 926->838
[4.196s][info   ][gc,metaspace] GC(222) Metaspace: 156K(384K)->156K(384K) NonClass: 148K(256K)->148K(256K) Class: 8K(128K)->8K(128K)
[4.196s][info   ][gc          ] GC(222) Pause Young (Concurrent Start) (G1 Humongous Allocation) 927M->839M(2048M) 1.257ms
[4.196s][info   ][gc,cpu      ] GC(222) User=0.00s Sys=0.00s Real=0.00s
[4.196s][info   ][gc          ] GC(223) Concurrent Undo Cycle
[4.196s][info   ][gc,marking  ] GC(223) Concurrent Cleanup for Next Mark
[4.208s][info   ][gc,marking  ] GC(223) Concurrent Cleanup for Next Mark 12.422ms
[4.208s][info   ][gc          ] GC(223) Concurrent Undo Cycle 12.617ms
[4.209s][info   ][gc,start    ] GC(224) Pause Young (Concurrent Start) (G1 Humongous Allocation)
[4.209s][info   ][gc,task     ] GC(224) Using 4 workers of 4 for evacuation
[4.210s][info   ][gc,phases   ] GC(224)   Pre Evacuate Collection Set: 0.2ms
[4.210s][info   ][gc,phases   ] GC(224)   Merge Heap Roots: 0.1ms
[4.210s][info   ][gc,phases   ] GC(224)   Evacuate Collection Set: 0.2ms
[4.210s][info   ][gc,phases   ] GC(224)   Post Evacuate Collection Set: 0.4ms
[4.210s][info   ][gc,phases   ] GC(224)   Other: 0.2ms
[4.210s][info   ][gc,heap     ] GC(224) Eden regions: 0->0(793)
[4.210s][info   ][gc,heap     ] GC(224) Survivor regions: 0->0(100)
[4.210s][info   ][gc,heap     ] GC(224) Old regions: 1->1
[4.210s][info   ][gc,heap     ] GC(224) Archive regions: 2->2
[4.210s][info   ][gc,heap     ] GC(224) Humongous regions: 940->854
[4.210s][info   ][gc,metaspace] GC(224) Metaspace: 156K(384K)->156K(384K) NonClass: 148K(256K)->148K(256K) Class: 8K(128K)->8K(128K)
[4.210s][info   ][gc          ] GC(224) Pause Young (Concurrent Start) (G1 Humongous Allocation) 941M->855M(2048M) 1.152ms
[4.210s][info   ][gc,cpu      ] GC(224) User=0.00s Sys=0.00s Real=0.00s
[4.210s][info   ][gc          ] GC(225) Concurrent Undo Cycle
[4.210s][info   ][gc,marking  ] GC(225) Concurrent Cleanup for Next Mark
[4.225s][info   ][gc,marking  ] GC(225) Concurrent Cleanup for Next Mark 15.140ms
[4.225s][info   ][gc          ] GC(225) Concurrent Undo Cycle 15.417ms
[4.226s][info   ][gc,start    ] GC(226) Pause Young (Concurrent Start) (G1 Humongous Allocation)
[4.226s][info   ][gc,task     ] GC(226) Using 4 workers of 4 for evacuation
[4.227s][info   ][gc,phases   ] GC(226)   Pre Evacuate Collection Set: 0.3ms
[4.228s][info   ][gc,phases   ] GC(226)   Merge Heap Roots: 0.1ms
[4.228s][info   ][gc,phases   ] GC(226)   Evacuate Collection Set: 0.4ms
[4.228s][info   ][gc,phases   ] GC(226)   Post Evacuate Collection Set: 0.5ms
[4.228s][info   ][gc,phases   ] GC(226)   Other: 0.2ms
[4.228s][info   ][gc,heap     ] GC(226) Eden regions: 0->0(793)
[4.228s][info   ][gc,heap     ] GC(226) Survivor regions: 0->0(100)
[4.228s][info   ][gc,heap     ] GC(226) Old regions: 1->1
[4.228s][info   ][gc,heap     ] GC(226) Archive regions: 2->2
[4.228s][info   ][gc,heap     ] GC(226) Humongous regions: 1034->822
[4.228s][info   ][gc,metaspace] GC(226) Metaspace: 156K(384K)->156K(384K) NonClass: 148K(256K)->148K(256K) Class: 8K(128K)->8K(128K)
[4.228s][info   ][gc          ] GC(226) Pause Young (Concurrent Start) (G1 Humongous Allocation) 1035M->823M(2048M) 1.533ms
[4.228s][info   ][gc,cpu      ] GC(226) User=0.00s Sys=0.00s Real=0.00s
[4.228s][info   ][gc          ] GC(227) Concurrent Undo Cycle
[4.228s][info   ][gc,marking  ] GC(227) Concurrent Cleanup for Next Mark
[4.236s][info   ][gc,marking  ] GC(227) Concurrent Cleanup for Next Mark 8.703ms
[4.237s][info   ][gc          ] GC(227) Concurrent Undo Cycle 8.877ms
[4.238s][info   ][gc,start    ] GC(228) Pause Young (Concurrent Start) (G1 Humongous Allocation)
[4.238s][info   ][gc,task     ] GC(228) Using 4 workers of 4 for evacuation
[4.239s][info   ][gc,phases   ] GC(228)   Pre Evacuate Collection Set: 0.3ms
[4.239s][info   ][gc,phases   ] GC(228)   Merge Heap Roots: 0.1ms
[4.239s][info   ][gc,phases   ] GC(228)   Evacuate Collection Set: 0.2ms
[4.239s][info   ][gc,phases   ] GC(228)   Post Evacuate Collection Set: 0.5ms
[4.239s][info   ][gc,phases   ] GC(228)   Other: 0.2ms
[4.239s][info   ][gc,heap     ] GC(228) Eden regions: 0->0(793)
[4.239s][info   ][gc,heap     ] GC(228) Survivor regions: 0->0(100)
[4.239s][info   ][gc,heap     ] GC(228) Old regions: 1->1
[4.239s][info   ][gc,heap     ] GC(228) Archive regions: 2->2
[4.239s][info   ][gc,heap     ] GC(228) Humongous regions: 918->830
[4.239s][info   ][gc,metaspace] GC(228) Metaspace: 156K(384K)->156K(384K) NonClass: 148K(256K)->148K(256K) Class: 8K(128K)->8K(128K)
[4.239s][info   ][gc          ] GC(228) Pause Young (Concurrent Start) (G1 Humongous Allocation) 919M->831M(2048M) 1.318ms
[4.239s][info   ][gc,cpu      ] GC(228) User=0.01s Sys=0.00s Real=0.00s
[4.240s][info   ][gc          ] GC(229) Concurrent Undo Cycle
[4.240s][info   ][gc,marking  ] GC(229) Concurrent Cleanup for Next Mark
[4.252s][info   ][gc,marking  ] GC(229) Concurrent Cleanup for Next Mark 12.405ms
[4.252s][info   ][gc          ] GC(229) Concurrent Undo Cycle 12.610ms
[4.253s][info   ][gc,start    ] GC(230) Pause Young (Concurrent Start) (G1 Humongous Allocation)
[4.253s][info   ][gc,task     ] GC(230) Using 4 workers of 4 for evacuation
[4.254s][info   ][gc,phases   ] GC(230)   Pre Evacuate Collection Set: 0.3ms
[4.254s][info   ][gc,phases   ] GC(230)   Merge Heap Roots: 0.1ms
[4.254s][info   ][gc,phases   ] GC(230)   Evacuate Collection Set: 0.2ms
[4.254s][info   ][gc,phases   ] GC(230)   Post Evacuate Collection Set: 0.5ms
[4.254s][info   ][gc,phases   ] GC(230)   Other: 0.2ms
[4.254s][info   ][gc,heap     ] GC(230) Eden regions: 0->0(793)
[4.254s][info   ][gc,heap     ] GC(230) Survivor regions: 0->0(100)
[4.254s][info   ][gc,heap     ] GC(230) Old regions: 1->1
[4.254s][info   ][gc,heap     ] GC(230) Archive regions: 2->2
[4.254s][info   ][gc,heap     ] GC(230) Humongous regions: 976->840
[4.254s][info   ][gc,metaspace] GC(230) Metaspace: 156K(384K)->156K(384K) NonClass: 148K(256K)->148K(256K) Class: 8K(128K)->8K(128K)
[4.254s][info   ][gc          ] GC(230) Pause Young (Concurrent Start) (G1 Humongous Allocation) 977M->841M(2048M) 1.326ms
[4.254s][info   ][gc,cpu      ] GC(230) User=0.00s Sys=0.01s Real=0.00s
[4.254s][info   ][gc          ] GC(231) Concurrent Undo Cycle
[4.254s][info   ][gc,marking  ] GC(231) Concurrent Cleanup for Next Mark
[4.269s][info   ][gc,marking  ] GC(231) Concurrent Cleanup for Next Mark 14.913ms
[4.270s][info   ][gc          ] GC(231) Concurrent Undo Cycle 15.213ms
[4.271s][info   ][gc,start    ] GC(232) Pause Young (Concurrent Start) (G1 Humongous Allocation)
[4.271s][info   ][gc,task     ] GC(232) Using 4 workers of 4 for evacuation
[4.272s][info   ][gc,phases   ] GC(232)   Pre Evacuate Collection Set: 0.3ms
[4.272s][info   ][gc,phases   ] GC(232)   Merge Heap Roots: 0.2ms
[4.272s][info   ][gc,phases   ] GC(232)   Evacuate Collection Set: 0.3ms
[4.272s][info   ][gc,phases   ] GC(232)   Post Evacuate Collection Set: 0.4ms
[4.272s][info   ][gc,phases   ] GC(232)   Other: 0.3ms
[4.272s][info   ][gc,heap     ] GC(232) Eden regions: 0->0(793)
[4.272s][info   ][gc,heap     ] GC(232) Survivor regions: 0->0(100)
[4.272s][info   ][gc,heap     ] GC(232) Old regions: 1->1
[4.272s][info   ][gc,heap     ] GC(232) Archive regions: 2->2
[4.272s][info   ][gc,heap     ] GC(232) Humongous regions: 1000->852
[4.272s][info   ][gc,metaspace] GC(232) Metaspace: 156K(384K)->156K(384K) NonClass: 148K(256K)->148K(256K) Class: 8K(128K)->8K(128K)
[4.272s][info   ][gc          ] GC(232) Pause Young (Concurrent Start) (G1 Humongous Allocation) 1001M->853M(2048M) 1.510ms
[4.272s][info   ][gc,cpu      ] GC(232) User=0.00s Sys=0.00s Real=0.00s
[4.272s][info   ][gc          ] GC(233) Concurrent Undo Cycle
[4.272s][info   ][gc,marking  ] GC(233) Concurrent Cleanup for Next Mark
[4.287s][info   ][gc,marking  ] GC(233) Concurrent Cleanup for Next Mark 14.798ms
[4.288s][info   ][gc          ] GC(233) Concurrent Undo Cycle 15.103ms
[4.288s][info   ][gc,start    ] GC(234) Pause Young (Concurrent Start) (G1 Humongous Allocation)
[4.288s][info   ][gc,task     ] GC(234) Using 4 workers of 4 for evacuation
[4.290s][info   ][gc,phases   ] GC(234)   Pre Evacuate Collection Set: 0.3ms
[4.290s][info   ][gc,phases   ] GC(234)   Merge Heap Roots: 0.2ms
[4.290s][info   ][gc,phases   ] GC(234)   Evacuate Collection Set: 0.5ms
[4.290s][info   ][gc,phases   ] GC(234)   Post Evacuate Collection Set: 0.5ms
[4.290s][info   ][gc,phases   ] GC(234)   Other: 0.2ms
[4.290s][info   ][gc,heap     ] GC(234) Eden regions: 0->0(793)
[4.290s][info   ][gc,heap     ] GC(234) Survivor regions: 0->0(100)
[4.290s][info   ][gc,heap     ] GC(234) Old regions: 1->1
[4.290s][info   ][gc,heap     ] GC(234) Archive regions: 2->2
[4.290s][info   ][gc,heap     ] GC(234) Humongous regions: 1008->838
[4.290s][info   ][gc,metaspace] GC(234) Metaspace: 156K(384K)->156K(384K) NonClass: 148K(256K)->148K(256K) Class: 8K(128K)->8K(128K)
[4.290s][info   ][gc          ] GC(234) Pause Young (Concurrent Start) (G1 Humongous Allocation) 1009M->839M(2048M) 1.755ms
[4.290s][info   ][gc,cpu      ] GC(234) User=0.00s Sys=0.00s Real=0.00s
[4.290s][info   ][gc          ] GC(235) Concurrent Undo Cycle
[4.290s][info   ][gc,marking  ] GC(235) Concurrent Cleanup for Next Mark
[4.304s][info   ][gc,marking  ] GC(235) Concurrent Cleanup for Next Mark 13.465ms
[4.304s][info   ][gc          ] GC(235) Concurrent Undo Cycle 13.744ms
[4.305s][info   ][gc,start    ] GC(236) Pause Young (Concurrent Start) (G1 Humongous Allocation)
[4.305s][info   ][gc,task     ] GC(236) Using 4 workers of 4 for evacuation
[4.306s][info   ][gc,phases   ] GC(236)   Pre Evacuate Collection Set: 0.2ms
[4.306s][info   ][gc,phases   ] GC(236)   Merge Heap Roots: 0.1ms
[4.306s][info   ][gc,phases   ] GC(236)   Evacuate Collection Set: 0.6ms
[4.306s][info   ][gc,phases   ] GC(236)   Post Evacuate Collection Set: 0.4ms
[4.306s][info   ][gc,phases   ] GC(236)   Other: 0.2ms
[4.306s][info   ][gc,heap     ] GC(236) Eden regions: 0->0(793)
[4.306s][info   ][gc,heap     ] GC(236) Survivor regions: 0->0(100)
[4.306s][info   ][gc,heap     ] GC(236) Old regions: 1->1
[4.306s][info   ][gc,heap     ] GC(236) Archive regions: 2->2
[4.306s][info   ][gc,heap     ] GC(236) Humongous regions: 966->878
[4.306s][info   ][gc,metaspace] GC(236) Metaspace: 156K(384K)->156K(384K) NonClass: 148K(256K)->148K(256K) Class: 8K(128K)->8K(128K)
[4.306s][info   ][gc          ] GC(236) Pause Young (Concurrent Start) (G1 Humongous Allocation) 967M->879M(2048M) 1.447ms
[4.306s][info   ][gc,cpu      ] GC(236) User=0.00s Sys=0.00s Real=0.00s
[4.306s][info   ][gc          ] GC(237) Concurrent Undo Cycle
[4.306s][info   ][gc,marking  ] GC(237) Concurrent Cleanup for Next Mark
[4.324s][info   ][gc,marking  ] GC(237) Concurrent Cleanup for Next Mark 18.148ms
[4.325s][info   ][gc          ] GC(237) Concurrent Undo Cycle 18.561ms
[4.326s][info   ][gc,start    ] GC(238) Pause Young (Concurrent Start) (G1 Humongous Allocation)
[4.326s][info   ][gc,task     ] GC(238) Using 4 workers of 4 for evacuation
[4.327s][info   ][gc,phases   ] GC(238)   Pre Evacuate Collection Set: 0.2ms
[4.327s][info   ][gc,phases   ] GC(238)   Merge Heap Roots: 0.1ms
[4.327s][info   ][gc,phases   ] GC(238)   Evacuate Collection Set: 0.3ms
[4.327s][info   ][gc,phases   ] GC(238)   Post Evacuate Collection Set: 0.4ms
[4.327s][info   ][gc,phases   ] GC(238)   Other: 0.2ms
[4.327s][info   ][gc,heap     ] GC(238) Eden regions: 0->0(793)
[4.327s][info   ][gc,heap     ] GC(238) Survivor regions: 0->0(100)
[4.327s][info   ][gc,heap     ] GC(238) Old regions: 1->1
[4.327s][info   ][gc,heap     ] GC(238) Archive regions: 2->2
[4.327s][info   ][gc,heap     ] GC(238) Humongous regions: 1088->876
[4.327s][info   ][gc,metaspace] GC(238) Metaspace: 156K(384K)->156K(384K) NonClass: 148K(256K)->148K(256K) Class: 8K(128K)->8K(128K)
[4.327s][info   ][gc          ] GC(238) Pause Young (Concurrent Start) (G1 Humongous Allocation) 1089M->877M(2048M) 1.235ms
[4.327s][info   ][gc,cpu      ] GC(238) User=0.00s Sys=0.00s Real=0.00s
[4.327s][info   ][gc          ] GC(239) Concurrent Undo Cycle
[4.327s][info   ][gc,marking  ] GC(239) Concurrent Cleanup for Next Mark
[4.338s][info   ][gc,marking  ] GC(239) Concurrent Cleanup for Next Mark 10.670ms
[4.338s][info   ][gc          ] GC(239) Concurrent Undo Cycle 10.916ms
[4.339s][info   ][gc,start    ] GC(240) Pause Young (Concurrent Start) (G1 Humongous Allocation)
[4.339s][info   ][gc,task     ] GC(240) Using 4 workers of 4 for evacuation
[4.340s][info   ][gc,phases   ] GC(240)   Pre Evacuate Collection Set: 0.2ms
[4.340s][info   ][gc,phases   ] GC(240)   Merge Heap Roots: 0.1ms
[4.340s][info   ][gc,phases   ] GC(240)   Evacuate Collection Set: 0.2ms
[4.340s][info   ][gc,phases   ] GC(240)   Post Evacuate Collection Set: 0.4ms
[4.340s][info   ][gc,phases   ] GC(240)   Other: 0.2ms
[4.340s][info   ][gc,heap     ] GC(240) Eden regions: 0->0(793)
[4.340s][info   ][gc,heap     ] GC(240) Survivor regions: 0->0(100)
[4.340s][info   ][gc,heap     ] GC(240) Old regions: 1->1
[4.340s][info   ][gc,heap     ] GC(240) Archive regions: 2->2
[4.340s][info   ][gc,heap     ] GC(240) Humongous regions: 984->884
[4.340s][info   ][gc,metaspace] GC(240) Metaspace: 156K(384K)->156K(384K) NonClass: 148K(256K)->148K(256K) Class: 8K(128K)->8K(128K)
[4.340s][info   ][gc          ] GC(240) Pause Young (Concurrent Start) (G1 Humongous Allocation) 985M->885M(2048M) 1.199ms
[4.340s][info   ][gc,cpu      ] GC(240) User=0.00s Sys=0.00s Real=0.00s
[4.341s][info   ][gc          ] GC(241) Concurrent Undo Cycle
[4.341s][info   ][gc,marking  ] GC(241) Concurrent Cleanup for Next Mark
[4.357s][info   ][gc,marking  ] GC(241) Concurrent Cleanup for Next Mark 16.246ms
[4.357s][info   ][gc          ] GC(241) Concurrent Undo Cycle 16.590ms
[4.358s][info   ][gc,start    ] GC(242) Pause Young (Concurrent Start) (G1 Humongous Allocation)
[4.358s][info   ][gc,task     ] GC(242) Using 4 workers of 4 for evacuation
[4.360s][info   ][gc,phases   ] GC(242)   Pre Evacuate Collection Set: 0.4ms
[4.360s][info   ][gc,phases   ] GC(242)   Merge Heap Roots: 0.1ms
[4.360s][info   ][gc,phases   ] GC(242)   Evacuate Collection Set: 0.3ms
[4.360s][info   ][gc,phases   ] GC(242)   Post Evacuate Collection Set: 0.5ms
[4.360s][info   ][gc,phases   ] GC(242)   Other: 0.3ms
[4.360s][info   ][gc,heap     ] GC(242) Eden regions: 0->0(793)
[4.360s][info   ][gc,heap     ] GC(242) Survivor regions: 0->0(100)
[4.360s][info   ][gc,heap     ] GC(242) Old regions: 1->1
[4.360s][info   ][gc,heap     ] GC(242) Archive regions: 2->2
[4.360s][info   ][gc,heap     ] GC(242) Humongous regions: 1064->856
[4.360s][info   ][gc,metaspace] GC(242) Metaspace: 156K(384K)->156K(384K) NonClass: 148K(256K)->148K(256K) Class: 8K(128K)->8K(128K)
[4.360s][info   ][gc          ] GC(242) Pause Young (Concurrent Start) (G1 Humongous Allocation) 1065M->857M(2048M) 1.592ms
[4.360s][info   ][gc,cpu      ] GC(242) User=0.00s Sys=0.00s Real=0.00s
[4.360s][info   ][gc          ] GC(243) Concurrent Undo Cycle
[4.360s][info   ][gc,marking  ] GC(243) Concurrent Cleanup for Next Mark
[4.374s][info   ][gc,marking  ] GC(243) Concurrent Cleanup for Next Mark 13.713ms
[4.374s][info   ][gc          ] GC(243) Concurrent Undo Cycle 14.012ms
[4.375s][info   ][gc,start    ] GC(244) Pause Young (Concurrent Start) (G1 Humongous Allocation)
[4.375s][info   ][gc,task     ] GC(244) Using 4 workers of 4 for evacuation
[4.376s][info   ][gc,phases   ] GC(244)   Pre Evacuate Collection Set: 0.2ms
[4.376s][info   ][gc,phases   ] GC(244)   Merge Heap Roots: 0.1ms
[4.376s][info   ][gc,phases   ] GC(244)   Evacuate Collection Set: 0.3ms
[4.377s][info   ][gc,phases   ] GC(244)   Post Evacuate Collection Set: 0.5ms
[4.377s][info   ][gc,phases   ] GC(244)   Other: 0.2ms
[4.377s][info   ][gc,heap     ] GC(244) Eden regions: 0->0(793)
[4.377s][info   ][gc,heap     ] GC(244) Survivor regions: 0->0(100)
[4.377s][info   ][gc,heap     ] GC(244) Old regions: 1->1
[4.377s][info   ][gc,heap     ] GC(244) Archive regions: 2->2
[4.377s][info   ][gc,heap     ] GC(244) Humongous regions: 976->862
[4.377s][info   ][gc,metaspace] GC(244) Metaspace: 156K(384K)->156K(384K) NonClass: 148K(256K)->148K(256K) Class: 8K(128K)->8K(128K)
[4.377s][info   ][gc          ] GC(244) Pause Young (Concurrent Start) (G1 Humongous Allocation) 977M->863M(2048M) 1.425ms
[4.377s][info   ][gc,cpu      ] GC(244) User=0.00s Sys=0.00s Real=0.00s
[4.377s][info   ][gc          ] GC(245) Concurrent Undo Cycle
[4.377s][info   ][gc,marking  ] GC(245) Concurrent Cleanup for Next Mark
[4.391s][info   ][gc,marking  ] GC(245) Concurrent Cleanup for Next Mark 14.684ms
[4.392s][info   ][gc          ] GC(245) Concurrent Undo Cycle 14.922ms
[4.392s][info   ][gc,start    ] GC(246) Pause Young (Concurrent Start) (G1 Humongous Allocation)
[4.392s][info   ][gc,task     ] GC(246) Using 4 workers of 4 for evacuation
[4.393s][info   ][gc,phases   ] GC(246)   Pre Evacuate Collection Set: 0.2ms
[4.393s][info   ][gc,phases   ] GC(246)   Merge Heap Roots: 0.1ms
[4.393s][info   ][gc,phases   ] GC(246)   Evacuate Collection Set: 0.3ms
[4.394s][info   ][gc,phases   ] GC(246)   Post Evacuate Collection Set: 0.8ms
[4.394s][info   ][gc,phases   ] GC(246)   Other: 0.2ms
[4.394s][info   ][gc,heap     ] GC(246) Eden regions: 0->0(793)
[4.394s][info   ][gc,heap     ] GC(246) Survivor regions: 0->0(100)
[4.394s][info   ][gc,heap     ] GC(246) Old regions: 1->1
[4.394s][info   ][gc,heap     ] GC(246) Archive regions: 2->2
[4.394s][info   ][gc,heap     ] GC(246) Humongous regions: 1010->848
[4.394s][info   ][gc,metaspace] GC(246) Metaspace: 156K(384K)->156K(384K) NonClass: 148K(256K)->148K(256K) Class: 8K(128K)->8K(128K)
[4.394s][info   ][gc          ] GC(246) Pause Young (Concurrent Start) (G1 Humongous Allocation) 1011M->849M(2048M) 1.674ms
[4.394s][info   ][gc,cpu      ] GC(246) User=0.00s Sys=0.00s Real=0.00s
[4.394s][info   ][gc          ] GC(247) Concurrent Undo Cycle
[4.394s][info   ][gc,marking  ] GC(247) Concurrent Cleanup for Next Mark
[4.402s][info   ][gc,marking  ] GC(247) Concurrent Cleanup for Next Mark 8.578ms
[4.402s][info   ][gc          ] GC(247) Concurrent Undo Cycle 8.745ms
[4.403s][info   ][gc,start    ] GC(248) Pause Young (Concurrent Start) (G1 Humongous Allocation)
[4.403s][info   ][gc,task     ] GC(248) Using 4 workers of 4 for evacuation
[4.404s][info   ][gc,phases   ] GC(248)   Pre Evacuate Collection Set: 0.2ms
[4.404s][info   ][gc,phases   ] GC(248)   Merge Heap Roots: 0.1ms
[4.404s][info   ][gc,phases   ] GC(248)   Evacuate Collection Set: 0.2ms
[4.404s][info   ][gc,phases   ] GC(248)   Post Evacuate Collection Set: 0.4ms
[4.404s][info   ][gc,phases   ] GC(248)   Other: 0.1ms
[4.404s][info   ][gc,heap     ] GC(248) Eden regions: 0->0(793)
[4.404s][info   ][gc,heap     ] GC(248) Survivor regions: 0->0(100)
[4.404s][info   ][gc,heap     ] GC(248) Old regions: 1->1
[4.404s][info   ][gc,heap     ] GC(248) Archive regions: 2->2
[4.404s][info   ][gc,heap     ] GC(248) Humongous regions: 918->822
[4.404s][info   ][gc,metaspace] GC(248) Metaspace: 156K(384K)->156K(384K) NonClass: 148K(256K)->148K(256K) Class: 8K(128K)->8K(128K)
[4.404s][info   ][gc          ] GC(248) Pause Young (Concurrent Start) (G1 Humongous Allocation) 919M->823M(2048M) 1.137ms
[4.404s][info   ][gc,cpu      ] GC(248) User=0.00s Sys=0.00s Real=0.00s
[4.404s][info   ][gc          ] GC(249) Concurrent Undo Cycle
[4.404s][info   ][gc,marking  ] GC(249) Concurrent Cleanup for Next Mark
[4.420s][info   ][gc,marking  ] GC(249) Concurrent Cleanup for Next Mark 15.524ms
[4.420s][info   ][gc          ] GC(249) Concurrent Undo Cycle 15.817ms
[4.421s][info   ][gc,start    ] GC(250) Pause Young (Concurrent Start) (G1 Humongous Allocation)
[4.421s][info   ][gc,task     ] GC(250) Using 4 workers of 4 for evacuation
[4.422s][info   ][gc,phases   ] GC(250)   Pre Evacuate Collection Set: 0.2ms
[4.422s][info   ][gc,phases   ] GC(250)   Merge Heap Roots: 0.1ms
[4.422s][info   ][gc,phases   ] GC(250)   Evacuate Collection Set: 0.3ms
[4.422s][info   ][gc,phases   ] GC(250)   Post Evacuate Collection Set: 0.5ms
[4.422s][info   ][gc,phases   ] GC(250)   Other: 0.2ms
[4.422s][info   ][gc,heap     ] GC(250) Eden regions: 0->0(793)
[4.422s][info   ][gc,heap     ] GC(250) Survivor regions: 0->0(100)
[4.422s][info   ][gc,heap     ] GC(250) Old regions: 1->1
[4.422s][info   ][gc,heap     ] GC(250) Archive regions: 2->2
[4.422s][info   ][gc,heap     ] GC(250) Humongous regions: 1012->802
[4.422s][info   ][gc,metaspace] GC(250) Metaspace: 156K(384K)->156K(384K) NonClass: 148K(256K)->148K(256K) Class: 8K(128K)->8K(128K)
[4.422s][info   ][gc          ] GC(250) Pause Young (Concurrent Start) (G1 Humongous Allocation) 1013M->803M(2048M) 1.313ms
[4.422s][info   ][gc,cpu      ] GC(250) User=0.00s Sys=0.00s Real=0.00s
[4.422s][info   ][gc          ] GC(251) Concurrent Undo Cycle
[4.422s][info   ][gc,marking  ] GC(251) Concurrent Cleanup for Next Mark
[4.433s][info   ][gc,marking  ] GC(251) Concurrent Cleanup for Next Mark 11.226ms
[4.433s][info   ][gc          ] GC(251) Concurrent Undo Cycle 11.498ms
[4.435s][info   ][gc,start    ] GC(252) Pause Young (Concurrent Start) (G1 Humongous Allocation)
[4.435s][info   ][gc,task     ] GC(252) Using 4 workers of 4 for evacuation
[4.436s][info   ][gc,phases   ] GC(252)   Pre Evacuate Collection Set: 0.2ms
[4.436s][info   ][gc,phases   ] GC(252)   Merge Heap Roots: 0.1ms
[4.436s][info   ][gc,phases   ] GC(252)   Evacuate Collection Set: 0.3ms
[4.436s][info   ][gc,phases   ] GC(252)   Post Evacuate Collection Set: 0.4ms
[4.436s][info   ][gc,phases   ] GC(252)   Other: 0.2ms
[4.436s][info   ][gc,heap     ] GC(252) Eden regions: 0->0(793)
[4.436s][info   ][gc,heap     ] GC(252) Survivor regions: 0->0(100)
[4.436s][info   ][gc,heap     ] GC(252) Old regions: 1->1
[4.436s][info   ][gc,heap     ] GC(252) Archive regions: 2->2
[4.436s][info   ][gc,heap     ] GC(252) Humongous regions: 934->824
[4.436s][info   ][gc,metaspace] GC(252) Metaspace: 156K(384K)->156K(384K) NonClass: 148K(256K)->148K(256K) Class: 8K(128K)->8K(128K)
[4.436s][info   ][gc          ] GC(252) Pause Young (Concurrent Start) (G1 Humongous Allocation) 935M->825M(2048M) 1.389ms
[4.436s][info   ][gc,cpu      ] GC(252) User=0.00s Sys=0.00s Real=0.00s
[4.436s][info   ][gc          ] GC(253) Concurrent Undo Cycle
[4.436s][info   ][gc,marking  ] GC(253) Concurrent Cleanup for Next Mark
[4.449s][info   ][gc,marking  ] GC(253) Concurrent Cleanup for Next Mark 12.922ms
[4.449s][info   ][gc          ] GC(253) Concurrent Undo Cycle 13.154ms
[4.450s][info   ][gc,start    ] GC(254) Pause Young (Concurrent Start) (G1 Humongous Allocation)
[4.450s][info   ][gc,task     ] GC(254) Using 4 workers of 4 for evacuation
[4.451s][info   ][gc,phases   ] GC(254)   Pre Evacuate Collection Set: 0.2ms
[4.451s][info   ][gc,phases   ] GC(254)   Merge Heap Roots: 0.1ms
[4.451s][info   ][gc,phases   ] GC(254)   Evacuate Collection Set: 0.3ms
[4.451s][info   ][gc,phases   ] GC(254)   Post Evacuate Collection Set: 0.4ms
[4.451s][info   ][gc,phases   ] GC(254)   Other: 0.2ms
[4.451s][info   ][gc,heap     ] GC(254) Eden regions: 0->0(793)
[4.451s][info   ][gc,heap     ] GC(254) Survivor regions: 0->0(100)
[4.451s][info   ][gc,heap     ] GC(254) Old regions: 1->1
[4.451s][info   ][gc,heap     ] GC(254) Archive regions: 2->2
[4.451s][info   ][gc,heap     ] GC(254) Humongous regions: 952->856
[4.451s][info   ][gc,metaspace] GC(254) Metaspace: 156K(384K)->156K(384K) NonClass: 148K(256K)->148K(256K) Class: 8K(128K)->8K(128K)
[4.451s][info   ][gc          ] GC(254) Pause Young (Concurrent Start) (G1 Humongous Allocation) 953M->857M(2048M) 1.220ms
[4.451s][info   ][gc,cpu      ] GC(254) User=0.00s Sys=0.00s Real=0.00s
[4.452s][info   ][gc          ] GC(255) Concurrent Undo Cycle
[4.452s][info   ][gc,marking  ] GC(255) Concurrent Cleanup for Next Mark
[4.464s][info   ][gc,marking  ] GC(255) Concurrent Cleanup for Next Mark 12.110ms
[4.464s][info   ][gc          ] GC(255) Concurrent Undo Cycle 12.352ms
[4.465s][info   ][gc,start    ] GC(256) Pause Young (Concurrent Start) (G1 Humongous Allocation)
[4.465s][info   ][gc,task     ] GC(256) Using 4 workers of 4 for evacuation
[4.467s][info   ][gc,phases   ] GC(256)   Pre Evacuate Collection Set: 0.2ms
[4.467s][info   ][gc,phases   ] GC(256)   Merge Heap Roots: 0.1ms
[4.467s][info   ][gc,phases   ] GC(256)   Evacuate Collection Set: 0.4ms
[4.467s][info   ][gc,phases   ] GC(256)   Post Evacuate Collection Set: 0.4ms
[4.467s][info   ][gc,phases   ] GC(256)   Other: 0.2ms
[4.467s][info   ][gc,heap     ] GC(256) Eden regions: 0->0(793)
[4.467s][info   ][gc,heap     ] GC(256) Survivor regions: 0->0(100)
[4.467s][info   ][gc,heap     ] GC(256) Old regions: 1->1
[4.467s][info   ][gc,heap     ] GC(256) Archive regions: 2->2
[4.467s][info   ][gc,heap     ] GC(256) Humongous regions: 960->862
[4.467s][info   ][gc,metaspace] GC(256) Metaspace: 156K(384K)->156K(384K) NonClass: 148K(256K)->148K(256K) Class: 8K(128K)->8K(128K)
[4.467s][info   ][gc          ] GC(256) Pause Young (Concurrent Start) (G1 Humongous Allocation) 961M->863M(2048M) 1.420ms
[4.467s][info   ][gc,cpu      ] GC(256) User=0.01s Sys=0.00s Real=0.00s
[4.467s][info   ][gc          ] GC(257) Concurrent Undo Cycle
[4.467s][info   ][gc,marking  ] GC(257) Concurrent Cleanup for Next Mark
[4.484s][info   ][gc,marking  ] GC(257) Concurrent Cleanup for Next Mark 16.925ms
[4.484s][info   ][gc          ] GC(257) Concurrent Undo Cycle 17.180ms
[4.484s][info   ][gc,start    ] GC(258) Pause Young (Concurrent Start) (G1 Humongous Allocation)
[4.484s][info   ][gc,task     ] GC(258) Using 4 workers of 4 for evacuation
[4.486s][info   ][gc,phases   ] GC(258)   Pre Evacuate Collection Set: 0.4ms
[4.486s][info   ][gc,phases   ] GC(258)   Merge Heap Roots: 0.1ms
[4.486s][info   ][gc,phases   ] GC(258)   Evacuate Collection Set: 0.4ms
[4.486s][info   ][gc,phases   ] GC(258)   Post Evacuate Collection Set: 0.5ms
[4.486s][info   ][gc,phases   ] GC(258)   Other: 0.2ms
[4.486s][info   ][gc,heap     ] GC(258) Eden regions: 0->0(793)
[4.486s][info   ][gc,heap     ] GC(258) Survivor regions: 0->0(100)
[4.486s][info   ][gc,heap     ] GC(258) Old regions: 1->1
[4.486s][info   ][gc,heap     ] GC(258) Archive regions: 2->2
[4.486s][info   ][gc,heap     ] GC(258) Humongous regions: 1040->822
[4.486s][info   ][gc,metaspace] GC(258) Metaspace: 156K(384K)->156K(384K) NonClass: 148K(256K)->148K(256K) Class: 8K(128K)->8K(128K)
[4.486s][info   ][gc          ] GC(258) Pause Young (Concurrent Start) (G1 Humongous Allocation) 1041M->823M(2048M) 1.787ms
[4.486s][info   ][gc,cpu      ] GC(258) User=0.00s Sys=0.00s Real=0.00s
[4.486s][info   ][gc          ] GC(259) Concurrent Undo Cycle
[4.486s][info   ][gc,marking  ] GC(259) Concurrent Cleanup for Next Mark
[4.498s][info   ][gc,marking  ] GC(259) Concurrent Cleanup for Next Mark 11.659ms
[4.498s][info   ][gc          ] GC(259) Concurrent Undo Cycle 11.843ms
[4.499s][info   ][gc,start    ] GC(260) Pause Young (Concurrent Start) (G1 Humongous Allocation)
[4.499s][info   ][gc,task     ] GC(260) Using 4 workers of 4 for evacuation
[4.500s][info   ][gc,phases   ] GC(260)   Pre Evacuate Collection Set: 0.3ms
[4.500s][info   ][gc,phases   ] GC(260)   Merge Heap Roots: 0.1ms
[4.500s][info   ][gc,phases   ] GC(260)   Evacuate Collection Set: 0.3ms
[4.500s][info   ][gc,phases   ] GC(260)   Post Evacuate Collection Set: 0.4ms
[4.500s][info   ][gc,phases   ] GC(260)   Other: 0.2ms
[4.500s][info   ][gc,heap     ] GC(260) Eden regions: 0->0(793)
[4.500s][info   ][gc,heap     ] GC(260) Survivor regions: 0->0(100)
[4.500s][info   ][gc,heap     ] GC(260) Old regions: 1->1
[4.500s][info   ][gc,heap     ] GC(260) Archive regions: 2->2
[4.500s][info   ][gc,heap     ] GC(260) Humongous regions: 952->836
[4.500s][info   ][gc,metaspace] GC(260) Metaspace: 156K(384K)->156K(384K) NonClass: 148K(256K)->148K(256K) Class: 8K(128K)->8K(128K)
[4.500s][info   ][gc          ] GC(260) Pause Young (Concurrent Start) (G1 Humongous Allocation) 953M->837M(2048M) 1.418ms
[4.500s][info   ][gc,cpu      ] GC(260) User=0.00s Sys=0.00s Real=0.00s
[4.501s][info   ][gc          ] GC(261) Concurrent Undo Cycle
[4.501s][info   ][gc,marking  ] GC(261) Concurrent Cleanup for Next Mark
[4.512s][info   ][gc,marking  ] GC(261) Concurrent Cleanup for Next Mark 11.029ms
[4.512s][info   ][gc          ] GC(261) Concurrent Undo Cycle 11.219ms
[4.513s][info   ][gc,start    ] GC(262) Pause Young (Concurrent Start) (G1 Humongous Allocation)
[4.513s][info   ][gc,task     ] GC(262) Using 4 workers of 4 for evacuation
[4.514s][info   ][gc,phases   ] GC(262)   Pre Evacuate Collection Set: 0.3ms
[4.514s][info   ][gc,phases   ] GC(262)   Merge Heap Roots: 0.1ms
[4.514s][info   ][gc,phases   ] GC(262)   Evacuate Collection Set: 0.2ms
[4.514s][info   ][gc,phases   ] GC(262)   Post Evacuate Collection Set: 0.5ms
[4.514s][info   ][gc,phases   ] GC(262)   Other: 0.2ms
[4.514s][info   ][gc,heap     ] GC(262) Eden regions: 0->0(793)
[4.514s][info   ][gc,heap     ] GC(262) Survivor regions: 0->0(100)
[4.514s][info   ][gc,heap     ] GC(262) Old regions: 1->1
[4.514s][info   ][gc,heap     ] GC(262) Archive regions: 2->2
[4.515s][info   ][gc,heap     ] GC(262) Humongous regions: 946->850
[4.515s][info   ][gc,metaspace] GC(262) Metaspace: 156K(384K)->156K(384K) NonClass: 148K(256K)->148K(256K) Class: 8K(128K)->8K(128K)
[4.515s][info   ][gc          ] GC(262) Pause Young (Concurrent Start) (G1 Humongous Allocation) 947M->851M(2048M) 1.298ms
[4.515s][info   ][gc,cpu      ] GC(262) User=0.00s Sys=0.00s Real=0.00s
[4.515s][info   ][gc          ] GC(263) Concurrent Undo Cycle
[4.515s][info   ][gc,marking  ] GC(263) Concurrent Cleanup for Next Mark
[4.525s][info   ][gc,marking  ] GC(263) Concurrent Cleanup for Next Mark 10.468ms
[4.525s][info   ][gc          ] GC(263) Concurrent Undo Cycle 10.638ms
[4.526s][info   ][gc,start    ] GC(264) Pause Young (Concurrent Start) (G1 Humongous Allocation)
[4.526s][info   ][gc,task     ] GC(264) Using 4 workers of 4 for evacuation
[4.527s][info   ][gc,phases   ] GC(264)   Pre Evacuate Collection Set: 0.2ms
[4.527s][info   ][gc,phases   ] GC(264)   Merge Heap Roots: 0.1ms
[4.527s][info   ][gc,phases   ] GC(264)   Evacuate Collection Set: 0.3ms
[4.527s][info   ][gc,phases   ] GC(264)   Post Evacuate Collection Set: 0.4ms
[4.527s][info   ][gc,phases   ] GC(264)   Other: 0.2ms
[4.527s][info   ][gc,heap     ] GC(264) Eden regions: 0->0(793)
[4.527s][info   ][gc,heap     ] GC(264) Survivor regions: 0->0(100)
[4.527s][info   ][gc,heap     ] GC(264) Old regions: 1->1
[4.527s][info   ][gc,heap     ] GC(264) Archive regions: 2->2
[4.527s][info   ][gc,heap     ] GC(264) Humongous regions: 946->864
[4.527s][info   ][gc,metaspace] GC(264) Metaspace: 156K(384K)->156K(384K) NonClass: 148K(256K)->148K(256K) Class: 8K(128K)->8K(128K)
[4.527s][info   ][gc          ] GC(264) Pause Young (Concurrent Start) (G1 Humongous Allocation) 947M->865M(2048M) 1.245ms
[4.527s][info   ][gc,cpu      ] GC(264) User=0.00s Sys=0.00s Real=0.00s
[4.527s][info   ][gc          ] GC(265) Concurrent Undo Cycle
[4.527s][info   ][gc,marking  ] GC(265) Concurrent Cleanup for Next Mark
[4.543s][info   ][gc,marking  ] GC(265) Concurrent Cleanup for Next Mark 15.251ms
[4.543s][info   ][gc          ] GC(265) Concurrent Undo Cycle 15.435ms
[4.543s][info   ][gc,start    ] GC(266) Pause Young (Concurrent Start) (G1 Humongous Allocation)
[4.543s][info   ][gc,task     ] GC(266) Using 4 workers of 4 for evacuation
[4.545s][info   ][gc,phases   ] GC(266)   Pre Evacuate Collection Set: 0.2ms
[4.545s][info   ][gc,phases   ] GC(266)   Merge Heap Roots: 0.1ms
[4.545s][info   ][gc,phases   ] GC(266)   Evacuate Collection Set: 0.3ms
[4.545s][info   ][gc,phases   ] GC(266)   Post Evacuate Collection Set: 0.7ms
[4.545s][info   ][gc,phases   ] GC(266)   Other: 0.2ms
[4.545s][info   ][gc,heap     ] GC(266) Eden regions: 0->0(793)
[4.545s][info   ][gc,heap     ] GC(266) Survivor regions: 0->0(100)
[4.545s][info   ][gc,heap     ] GC(266) Old regions: 1->1
[4.545s][info   ][gc,heap     ] GC(266) Archive regions: 2->2
[4.545s][info   ][gc,heap     ] GC(266) Humongous regions: 1028->892
[4.545s][info   ][gc,metaspace] GC(266) Metaspace: 156K(384K)->156K(384K) NonClass: 148K(256K)->148K(256K) Class: 8K(128K)->8K(128K)
[4.545s][info   ][gc          ] GC(266) Pause Young (Concurrent Start) (G1 Humongous Allocation) 1029M->893M(2048M) 1.610ms
[4.545s][info   ][gc,cpu      ] GC(266) User=0.00s Sys=0.00s Real=0.00s
[4.545s][info   ][gc          ] GC(267) Concurrent Undo Cycle
[4.545s][info   ][gc,marking  ] GC(267) Concurrent Cleanup for Next Mark
[4.551s][info   ][gc,marking  ] GC(267) Concurrent Cleanup for Next Mark 6.479ms
[4.551s][info   ][gc          ] GC(267) Concurrent Undo Cycle 6.665ms
[4.553s][info   ][gc,start    ] GC(268) Pause Young (Concurrent Start) (G1 Humongous Allocation)
[4.553s][info   ][gc,task     ] GC(268) Using 4 workers of 4 for evacuation
[4.554s][info   ][gc,phases   ] GC(268)   Pre Evacuate Collection Set: 0.2ms
[4.554s][info   ][gc,phases   ] GC(268)   Merge Heap Roots: 0.1ms
[4.554s][info   ][gc,phases   ] GC(268)   Evacuate Collection Set: 0.2ms
[4.554s][info   ][gc,phases   ] GC(268)   Post Evacuate Collection Set: 0.3ms
[4.554s][info   ][gc,phases   ] GC(268)   Other: 0.2ms
[4.554s][info   ][gc,heap     ] GC(268) Eden regions: 0->0(793)
[4.554s][info   ][gc,heap     ] GC(268) Survivor regions: 0->0(100)
[4.554s][info   ][gc,heap     ] GC(268) Old regions: 1->1
[4.554s][info   ][gc,heap     ] GC(268) Archive regions: 2->2
[4.554s][info   ][gc,heap     ] GC(268) Humongous regions: 924->898
[4.554s][info   ][gc,metaspace] GC(268) Metaspace: 156K(384K)->156K(384K) NonClass: 148K(256K)->148K(256K) Class: 8K(128K)->8K(128K)
[4.554s][info   ][gc          ] GC(268) Pause Young (Concurrent Start) (G1 Humongous Allocation) 925M->899M(2048M) 1.215ms
[4.554s][info   ][gc,cpu      ] GC(268) User=0.00s Sys=0.00s Real=0.00s
[4.554s][info   ][gc          ] GC(269) Concurrent Undo Cycle
[4.554s][info   ][gc,marking  ] GC(269) Concurrent Cleanup for Next Mark
[4.568s][info   ][gc,marking  ] GC(269) Concurrent Cleanup for Next Mark 13.988ms
[4.568s][info   ][gc          ] GC(269) Concurrent Undo Cycle 14.193ms
[4.569s][info   ][gc,start    ] GC(270) Pause Young (Concurrent Start) (G1 Humongous Allocation)
[4.569s][info   ][gc,task     ] GC(270) Using 4 workers of 4 for evacuation
[4.571s][info   ][gc,phases   ] GC(270)   Pre Evacuate Collection Set: 0.2ms
[4.571s][info   ][gc,phases   ] GC(270)   Merge Heap Roots: 0.1ms
[4.571s][info   ][gc,phases   ] GC(270)   Evacuate Collection Set: 0.3ms
[4.571s][info   ][gc,phases   ] GC(270)   Post Evacuate Collection Set: 0.5ms
[4.571s][info   ][gc,phases   ] GC(270)   Other: 0.2ms
[4.571s][info   ][gc,heap     ] GC(270) Eden regions: 0->0(793)
[4.571s][info   ][gc,heap     ] GC(270) Survivor regions: 0->0(100)
[4.571s][info   ][gc,heap     ] GC(270) Old regions: 1->1
[4.571s][info   ][gc,heap     ] GC(270) Archive regions: 2->2
[4.571s][info   ][gc,heap     ] GC(270) Humongous regions: 1074->900
[4.571s][info   ][gc,metaspace] GC(270) Metaspace: 156K(384K)->156K(384K) NonClass: 148K(256K)->148K(256K) Class: 8K(128K)->8K(128K)
[4.571s][info   ][gc          ] GC(270) Pause Young (Concurrent Start) (G1 Humongous Allocation) 1075M->901M(2048M) 1.297ms
[4.571s][info   ][gc,cpu      ] GC(270) User=0.00s Sys=0.00s Real=0.00s
[4.571s][info   ][gc          ] GC(271) Concurrent Undo Cycle
[4.571s][info   ][gc,marking  ] GC(271) Concurrent Cleanup for Next Mark
[4.584s][info   ][gc,marking  ] GC(271) Concurrent Cleanup for Next Mark 12.862ms
[4.584s][info   ][gc          ] GC(271) Concurrent Undo Cycle 13.075ms
[4.585s][info   ][gc,start    ] GC(272) Pause Young (Concurrent Start) (G1 Humongous Allocation)
[4.585s][info   ][gc,task     ] GC(272) Using 4 workers of 4 for evacuation
[4.586s][info   ][gc,phases   ] GC(272)   Pre Evacuate Collection Set: 0.2ms
[4.586s][info   ][gc,phases   ] GC(272)   Merge Heap Roots: 0.1ms
[4.586s][info   ][gc,phases   ] GC(272)   Evacuate Collection Set: 0.3ms
[4.586s][info   ][gc,phases   ] GC(272)   Post Evacuate Collection Set: 0.4ms
[4.586s][info   ][gc,phases   ] GC(272)   Other: 0.2ms
[4.586s][info   ][gc,heap     ] GC(272) Eden regions: 0->0(793)
[4.586s][info   ][gc,heap     ] GC(272) Survivor regions: 0->0(100)
[4.586s][info   ][gc,heap     ] GC(272) Old regions: 1->1
[4.586s][info   ][gc,heap     ] GC(272) Archive regions: 2->2
[4.586s][info   ][gc,heap     ] GC(272) Humongous regions: 1032->898
[4.586s][info   ][gc,metaspace] GC(272) Metaspace: 156K(384K)->156K(384K) NonClass: 148K(256K)->148K(256K) Class: 8K(128K)->8K(128K)
[4.586s][info   ][gc          ] GC(272) Pause Young (Concurrent Start) (G1 Humongous Allocation) 1033M->899M(2048M) 1.154ms
[4.586s][info   ][gc,cpu      ] GC(272) User=0.00s Sys=0.00s Real=0.00s
[4.586s][info   ][gc          ] GC(273) Concurrent Undo Cycle
[4.586s][info   ][gc,marking  ] GC(273) Concurrent Cleanup for Next Mark
[4.599s][info   ][gc,marking  ] GC(273) Concurrent Cleanup for Next Mark 13.427ms
[4.599s][info   ][gc          ] GC(273) Concurrent Undo Cycle 13.732ms
[4.600s][info   ][gc,start    ] GC(274) Pause Young (Concurrent Start) (G1 Humongous Allocation)
[4.600s][info   ][gc,task     ] GC(274) Using 4 workers of 4 for evacuation
[4.602s][info   ][gc,phases   ] GC(274)   Pre Evacuate Collection Set: 0.2ms
[4.602s][info   ][gc,phases   ] GC(274)   Merge Heap Roots: 0.1ms
[4.602s][info   ][gc,phases   ] GC(274)   Evacuate Collection Set: 0.6ms
[4.602s][info   ][gc,phases   ] GC(274)   Post Evacuate Collection Set: 0.4ms
[4.602s][info   ][gc,phases   ] GC(274)   Other: 0.2ms
[4.602s][info   ][gc,heap     ] GC(274) Eden regions: 0->0(793)
[4.602s][info   ][gc,heap     ] GC(274) Survivor regions: 0->0(100)
[4.602s][info   ][gc,heap     ] GC(274) Old regions: 1->1
[4.602s][info   ][gc,heap     ] GC(274) Archive regions: 2->2
[4.602s][info   ][gc,heap     ] GC(274) Humongous regions: 1066->916
[4.602s][info   ][gc,metaspace] GC(274) Metaspace: 156K(384K)->156K(384K) NonClass: 148K(256K)->148K(256K) Class: 8K(128K)->8K(128K)
[4.602s][info   ][gc          ] GC(274) Pause Young (Concurrent Start) (G1 Humongous Allocation) 1067M->917M(2048M) 1.666ms
[4.602s][info   ][gc,cpu      ] GC(274) User=0.00s Sys=0.00s Real=0.00s
[4.602s][info   ][gc          ] GC(275) Concurrent Undo Cycle
[4.602s][info   ][gc,marking  ] GC(275) Concurrent Cleanup for Next Mark
[4.617s][info   ][gc,marking  ] GC(275) Concurrent Cleanup for Next Mark 15.117ms
[4.617s][info   ][gc          ] GC(275) Concurrent Undo Cycle 15.366ms
[4.618s][info   ][gc,start    ] GC(276) Pause Young (Concurrent Start) (G1 Humongous Allocation)
[4.618s][info   ][gc,task     ] GC(276) Using 4 workers of 4 for evacuation
[4.620s][info   ][gc,phases   ] GC(276)   Pre Evacuate Collection Set: 0.4ms
[4.620s][info   ][gc,phases   ] GC(276)   Merge Heap Roots: 0.2ms
[4.620s][info   ][gc,phases   ] GC(276)   Evacuate Collection Set: 0.2ms
[4.620s][info   ][gc,phases   ] GC(276)   Post Evacuate Collection Set: 0.5ms
[4.620s][info   ][gc,phases   ] GC(276)   Other: 0.2ms
[4.620s][info   ][gc,heap     ] GC(276) Eden regions: 0->0(793)
[4.620s][info   ][gc,heap     ] GC(276) Survivor regions: 0->0(100)
[4.620s][info   ][gc,heap     ] GC(276) Old regions: 1->1
[4.620s][info   ][gc,heap     ] GC(276) Archive regions: 2->2
[4.620s][info   ][gc,heap     ] GC(276) Humongous regions: 1104->914
[4.620s][info   ][gc,metaspace] GC(276) Metaspace: 156K(384K)->156K(384K) NonClass: 148K(256K)->148K(256K) Class: 8K(128K)->8K(128K)
[4.620s][info   ][gc          ] GC(276) Pause Young (Concurrent Start) (G1 Humongous Allocation) 1105M->915M(2048M) 1.565ms
[4.620s][info   ][gc,cpu      ] GC(276) User=0.00s Sys=0.00s Real=0.00s
[4.620s][info   ][gc          ] GC(277) Concurrent Undo Cycle
[4.620s][info   ][gc,marking  ] GC(277) Concurrent Cleanup for Next Mark
[4.636s][info   ][gc,marking  ] GC(277) Concurrent Cleanup for Next Mark 15.729ms
[4.636s][info   ][gc          ] GC(277) Concurrent Undo Cycle 15.963ms
[4.637s][info   ][gc,start    ] GC(278) Pause Young (Concurrent Start) (G1 Humongous Allocation)
[4.637s][info   ][gc,task     ] GC(278) Using 4 workers of 4 for evacuation
[4.639s][info   ][gc,phases   ] GC(278)   Pre Evacuate Collection Set: 0.3ms
[4.639s][info   ][gc,phases   ] GC(278)   Merge Heap Roots: 0.1ms
[4.639s][info   ][gc,phases   ] GC(278)   Evacuate Collection Set: 0.6ms
[4.639s][info   ][gc,phases   ] GC(278)   Post Evacuate Collection Set: 0.5ms
[4.639s][info   ][gc,phases   ] GC(278)   Other: 0.2ms
[4.639s][info   ][gc,heap     ] GC(278) Eden regions: 0->0(722)
[4.639s][info   ][gc,heap     ] GC(278) Survivor regions: 0->0(100)
[4.639s][info   ][gc,heap     ] GC(278) Old regions: 1->1
[4.639s][info   ][gc,heap     ] GC(278) Archive regions: 2->2
[4.639s][info   ][gc,heap     ] GC(278) Humongous regions: 1102->924
[4.639s][info   ][gc,metaspace] GC(278) Metaspace: 156K(384K)->156K(384K) NonClass: 148K(256K)->148K(256K) Class: 8K(128K)->8K(128K)
[4.639s][info   ][gc          ] GC(278) Pause Young (Concurrent Start) (G1 Humongous Allocation) 1103M->925M(2048M) 1.811ms
[4.639s][info   ][gc,cpu      ] GC(278) User=0.00s Sys=0.00s Real=0.01s
[4.639s][info   ][gc          ] GC(279) Concurrent Mark Cycle
[4.639s][info   ][gc,marking  ] GC(279) Concurrent Clear Claimed Marks
[4.639s][info   ][gc,marking  ] GC(279) Concurrent Clear Claimed Marks 0.009ms
[4.639s][info   ][gc,marking  ] GC(279) Concurrent Scan Root Regions
[4.639s][info   ][gc,marking  ] GC(279) Concurrent Scan Root Regions 0.006ms
[4.639s][info   ][gc,marking  ] GC(279) Concurrent Mark
[4.639s][info   ][gc,marking  ] GC(279) Concurrent Mark From Roots
[4.639s][info   ][gc,task     ] GC(279) Using 1 workers of 1 for marking
[4.647s][info   ][gc,marking  ] GC(279) Concurrent Mark From Roots 7.538ms
[4.647s][info   ][gc,marking  ] GC(279) Concurrent Preclean
[4.647s][info   ][gc,marking  ] GC(279) Concurrent Preclean 0.111ms
[4.648s][info   ][gc,start    ] GC(279) Pause Remark
[4.649s][info   ][gc          ] GC(279) Pause Remark 1045M->573M(2048M) 0.976ms
[4.649s][info   ][gc,cpu      ] GC(279) User=0.00s Sys=0.00s Real=0.00s
[4.649s][info   ][gc,marking  ] GC(279) Concurrent Mark 9.906ms
[4.649s][info   ][gc,marking  ] GC(279) Concurrent Rebuild Remembered Sets
[4.653s][info   ][gc,marking  ] GC(279) Concurrent Rebuild Remembered Sets 3.801ms
[4.654s][info   ][gc,start    ] GC(279) Pause Cleanup
[4.654s][info   ][gc          ] GC(279) Pause Cleanup 647M->647M(2048M) 0.296ms
[4.654s][info   ][gc,cpu      ] GC(279) User=0.00s Sys=0.00s Real=0.00s
[4.654s][info   ][gc,marking  ] GC(279) Concurrent Cleanup for Next Mark
[4.710s][info   ][gc,marking  ] GC(279) Concurrent Cleanup for Next Mark 56.001ms
[4.710s][info   ][gc          ] GC(279) Concurrent Mark Cycle 70.901ms
[4.714s][info   ][gc,start    ] GC(280) Pause Young (Concurrent Start) (G1 Humongous Allocation)
[4.714s][info   ][gc,task     ] GC(280) Using 4 workers of 4 for evacuation
[4.715s][info   ][gc,phases   ] GC(280)   Pre Evacuate Collection Set: 0.3ms
[4.715s][info   ][gc,phases   ] GC(280)   Merge Heap Roots: 0.2ms
[4.715s][info   ][gc,phases   ] GC(280)   Evacuate Collection Set: 0.2ms
[4.715s][info   ][gc,phases   ] GC(280)   Post Evacuate Collection Set: 0.5ms
[4.715s][info   ][gc,phases   ] GC(280)   Other: 0.2ms
[4.715s][info   ][gc,heap     ] GC(280) Eden regions: 1->0(924)
[4.715s][info   ][gc,heap     ] GC(280) Survivor regions: 0->1(91)
[4.715s][info   ][gc,heap     ] GC(280) Old regions: 1->1
[4.715s][info   ][gc,heap     ] GC(280) Archive regions: 2->2
[4.715s][info   ][gc,heap     ] GC(280) Humongous regions: 1298->818
[4.715s][info   ][gc,metaspace] GC(280) Metaspace: 156K(384K)->156K(384K) NonClass: 148K(256K)->148K(256K) Class: 8K(128K)->8K(128K)
[4.715s][info   ][gc          ] GC(280) Pause Young (Concurrent Start) (G1 Humongous Allocation) 1299M->819M(2048M) 1.494ms
[4.715s][info   ][gc,cpu      ] GC(280) User=0.00s Sys=0.00s Real=0.00s
[4.715s][info   ][gc          ] GC(281) Concurrent Undo Cycle
[4.715s][info   ][gc,marking  ] GC(281) Concurrent Cleanup for Next Mark
[4.728s][info   ][gc,marking  ] GC(281) Concurrent Cleanup for Next Mark 12.998ms
[4.729s][info   ][gc          ] GC(281) Concurrent Undo Cycle 13.259ms
[4.729s][info   ][gc,start    ] GC(282) Pause Young (Concurrent Start) (G1 Humongous Allocation)
[4.729s][info   ][gc,task     ] GC(282) Using 4 workers of 4 for evacuation
[4.731s][info   ][gc,phases   ] GC(282)   Pre Evacuate Collection Set: 0.2ms
[4.731s][info   ][gc,phases   ] GC(282)   Merge Heap Roots: 0.1ms
[4.731s][info   ][gc,phases   ] GC(282)   Evacuate Collection Set: 0.5ms
[4.731s][info   ][gc,phases   ] GC(282)   Post Evacuate Collection Set: 0.3ms
[4.731s][info   ][gc,phases   ] GC(282)   Other: 0.2ms
[4.731s][info   ][gc,heap     ] GC(282) Eden regions: 0->0(868)
[4.731s][info   ][gc,heap     ] GC(282) Survivor regions: 1->1(116)
[4.731s][info   ][gc,heap     ] GC(282) Old regions: 1->1
[4.731s][info   ][gc,heap     ] GC(282) Archive regions: 2->2
[4.731s][info   ][gc,heap     ] GC(282) Humongous regions: 990->880
[4.731s][info   ][gc,metaspace] GC(282) Metaspace: 156K(384K)->156K(384K) NonClass: 148K(256K)->148K(256K) Class: 8K(128K)->8K(128K)
[4.731s][info   ][gc          ] GC(282) Pause Young (Concurrent Start) (G1 Humongous Allocation) 991M->881M(2048M) 1.310ms
[4.731s][info   ][gc,cpu      ] GC(282) User=0.00s Sys=0.00s Real=0.00s
[4.731s][info   ][gc          ] GC(283) Concurrent Undo Cycle
[4.731s][info   ][gc,marking  ] GC(283) Concurrent Cleanup for Next Mark
[4.737s][info   ][gc,marking  ] GC(283) Concurrent Cleanup for Next Mark 5.990ms
[4.737s][info   ][gc          ] GC(283) Concurrent Undo Cycle 6.164ms
[4.738s][info   ][gc,start    ] GC(284) Pause Young (Concurrent Start) (G1 Humongous Allocation)
[4.738s][info   ][gc,task     ] GC(284) Using 4 workers of 4 for evacuation
[4.739s][info   ][gc,phases   ] GC(284)   Pre Evacuate Collection Set: 0.2ms
[4.739s][info   ][gc,phases   ] GC(284)   Merge Heap Roots: 0.1ms
[4.739s][info   ][gc,phases   ] GC(284)   Evacuate Collection Set: 0.4ms
[4.739s][info   ][gc,phases   ] GC(284)   Post Evacuate Collection Set: 0.2ms
[4.739s][info   ][gc,phases   ] GC(284)   Other: 0.2ms
[4.739s][info   ][gc,heap     ] GC(284) Eden regions: 0->0(861)
[4.739s][info   ][gc,heap     ] GC(284) Survivor regions: 1->1(109)
[4.739s][info   ][gc,heap     ] GC(284) Old regions: 1->1
[4.739s][info   ][gc,heap     ] GC(284) Archive regions: 2->2
[4.739s][info   ][gc,heap     ] GC(284) Humongous regions: 918->888
[4.739s][info   ][gc,metaspace] GC(284) Metaspace: 156K(384K)->156K(384K) NonClass: 148K(256K)->148K(256K) Class: 8K(128K)->8K(128K)
[4.739s][info   ][gc          ] GC(284) Pause Young (Concurrent Start) (G1 Humongous Allocation) 919M->889M(2048M) 1.162ms
[4.739s][info   ][gc,cpu      ] GC(284) User=0.00s Sys=0.00s Real=0.00s
[4.740s][info   ][gc          ] GC(285) Concurrent Undo Cycle
[4.740s][info   ][gc,marking  ] GC(285) Concurrent Cleanup for Next Mark
[4.754s][info   ][gc,marking  ] GC(285) Concurrent Cleanup for Next Mark 14.728ms
[4.755s][info   ][gc          ] GC(285) Concurrent Undo Cycle 15.033ms
[4.755s][info   ][gc,start    ] GC(286) Pause Young (Concurrent Start) (G1 Humongous Allocation)
[4.755s][info   ][gc,task     ] GC(286) Using 4 workers of 4 for evacuation
[4.756s][info   ][gc,phases   ] GC(286)   Pre Evacuate Collection Set: 0.2ms
[4.756s][info   ][gc,phases   ] GC(286)   Merge Heap Roots: 0.1ms
[4.756s][info   ][gc,phases   ] GC(286)   Evacuate Collection Set: 0.4ms
[4.756s][info   ][gc,phases   ] GC(286)   Post Evacuate Collection Set: 0.4ms
[4.756s][info   ][gc,phases   ] GC(286)   Other: 0.2ms
[4.756s][info   ][gc,heap     ] GC(286) Eden regions: 0->0(805)
[4.756s][info   ][gc,heap     ] GC(286) Survivor regions: 1->1(108)
[4.756s][info   ][gc,heap     ] GC(286) Old regions: 1->1
[4.756s][info   ][gc,heap     ] GC(286) Archive regions: 2->2
[4.756s][info   ][gc,heap     ] GC(286) Humongous regions: 1068->950
[4.757s][info   ][gc,metaspace] GC(286) Metaspace: 156K(384K)->156K(384K) NonClass: 148K(256K)->148K(256K) Class: 8K(128K)->8K(128K)
[4.757s][info   ][gc          ] GC(286) Pause Young (Concurrent Start) (G1 Humongous Allocation) 1069M->951M(2048M) 1.343ms
[4.757s][info   ][gc,cpu      ] GC(286) User=0.00s Sys=0.00s Real=0.00s
[4.757s][info   ][gc          ] GC(287) Concurrent Mark Cycle
[4.757s][info   ][gc,marking  ] GC(287) Concurrent Clear Claimed Marks
[4.757s][info   ][gc,marking  ] GC(287) Concurrent Clear Claimed Marks 0.006ms
[4.757s][info   ][gc,marking  ] GC(287) Concurrent Scan Root Regions
[4.757s][info   ][gc,marking  ] GC(287) Concurrent Scan Root Regions 0.183ms
[4.757s][info   ][gc,marking  ] GC(287) Concurrent Mark
[4.757s][info   ][gc,marking  ] GC(287) Concurrent Mark From Roots
[4.757s][info   ][gc,task     ] GC(287) Using 1 workers of 1 for marking
[4.762s][info   ][gc,marking  ] GC(287) Concurrent Mark From Roots 5.481ms
[4.762s][info   ][gc,marking  ] GC(287) Concurrent Preclean
[4.762s][info   ][gc,marking  ] GC(287) Concurrent Preclean 0.077ms
[4.763s][info   ][gc,start    ] GC(287) Pause Remark
[4.764s][info   ][gc          ] GC(287) Pause Remark 1025M->617M(2048M) 0.896ms
[4.764s][info   ][gc,cpu      ] GC(287) User=0.00s Sys=0.00s Real=0.00s
[4.764s][info   ][gc,marking  ] GC(287) Concurrent Mark 7.492ms
[4.764s][info   ][gc,marking  ] GC(287) Concurrent Rebuild Remembered Sets
[4.768s][info   ][gc,marking  ] GC(287) Concurrent Rebuild Remembered Sets 3.891ms
[4.770s][info   ][gc,start    ] GC(287) Pause Cleanup
[4.770s][info   ][gc          ] GC(287) Pause Cleanup 681M->681M(2048M) 0.319ms
[4.770s][info   ][gc,cpu      ] GC(287) User=0.00s Sys=0.00s Real=0.00s
[4.770s][info   ][gc,marking  ] GC(287) Concurrent Cleanup for Next Mark
[4.783s][info   ][gc,marking  ] GC(287) Concurrent Cleanup for Next Mark 13.177ms
[4.783s][info   ][gc          ] GC(287) Concurrent Mark Cycle 26.736ms
[4.789s][info   ][gc,start    ] GC(288) Pause Young (Concurrent Start) (G1 Humongous Allocation)
[4.789s][info   ][gc,task     ] GC(288) Using 4 workers of 4 for evacuation
[4.791s][info   ][gc,phases   ] GC(288)   Pre Evacuate Collection Set: 0.2ms
[4.791s][info   ][gc,phases   ] GC(288)   Merge Heap Roots: 0.1ms
[4.791s][info   ][gc,phases   ] GC(288)   Evacuate Collection Set: 0.6ms
[4.791s][info   ][gc,phases   ] GC(288)   Post Evacuate Collection Set: 0.4ms
[4.791s][info   ][gc,phases   ] GC(288)   Other: 0.2ms
[4.791s][info   ][gc,heap     ] GC(288) Eden regions: 0->0(1095)
[4.791s][info   ][gc,heap     ] GC(288) Survivor regions: 1->1(101)
[4.791s][info   ][gc,heap     ] GC(288) Old regions: 1->1
[4.791s][info   ][gc,heap     ] GC(288) Archive regions: 2->2
[4.791s][info   ][gc,heap     ] GC(288) Humongous regions: 918->630
[4.791s][info   ][gc,metaspace] GC(288) Metaspace: 156K(384K)->156K(384K) NonClass: 148K(256K)->148K(256K) Class: 8K(128K)->8K(128K)
[4.791s][info   ][gc          ] GC(288) Pause Young (Concurrent Start) (G1 Humongous Allocation) 919M->631M(2048M) 1.575ms
[4.791s][info   ][gc,cpu      ] GC(288) User=0.00s Sys=0.00s Real=0.00s
[4.791s][info   ][gc          ] GC(289) Concurrent Undo Cycle
[4.791s][info   ][gc,marking  ] GC(289) Concurrent Cleanup for Next Mark
[4.845s][info   ][gc,marking  ] GC(289) Concurrent Cleanup for Next Mark 54.452ms
[4.845s][info   ][gc          ] GC(289) Concurrent Undo Cycle 54.640ms
[4.847s][info   ][gc,start    ] GC(290) Pause Young (Concurrent Start) (G1 Humongous Allocation)
[4.847s][info   ][gc,task     ] GC(290) Using 4 workers of 4 for evacuation
[4.848s][info   ][gc,phases   ] GC(290)   Pre Evacuate Collection Set: 0.2ms
[4.848s][info   ][gc,phases   ] GC(290)   Merge Heap Roots: 0.1ms
[4.848s][info   ][gc,phases   ] GC(290)   Evacuate Collection Set: 0.4ms
[4.848s][info   ][gc,phases   ] GC(290)   Post Evacuate Collection Set: 0.8ms
[4.848s][info   ][gc,phases   ] GC(290)   Other: 0.2ms
[4.848s][info   ][gc,heap     ] GC(290) Eden regions: 0->0(1118)
[4.848s][info   ][gc,heap     ] GC(290) Survivor regions: 1->1(137)
[4.848s][info   ][gc,heap     ] GC(290) Old regions: 1->1
[4.848s][info   ][gc,heap     ] GC(290) Archive regions: 2->2
[4.848s][info   ][gc,heap     ] GC(290) Humongous regions: 1374->604
[4.848s][info   ][gc,metaspace] GC(290) Metaspace: 156K(384K)->156K(384K) NonClass: 148K(256K)->148K(256K) Class: 8K(128K)->8K(128K)
[4.848s][info   ][gc          ] GC(290) Pause Young (Concurrent Start) (G1 Humongous Allocation) 1375M->605M(2048M) 1.803ms
[4.848s][info   ][gc,cpu      ] GC(290) User=0.00s Sys=0.01s Real=0.01s
[4.848s][info   ][gc          ] GC(291) Concurrent Undo Cycle
[4.848s][info   ][gc,marking  ] GC(291) Concurrent Cleanup for Next Mark
[4.869s][info   ][gc,marking  ] GC(291) Concurrent Cleanup for Next Mark 20.103ms
[4.869s][info   ][gc          ] GC(291) Concurrent Undo Cycle 20.271ms
[4.872s][info   ][gc,start    ] GC(292) Pause Young (Concurrent Start) (G1 Humongous Allocation)
[4.872s][info   ][gc,task     ] GC(292) Using 4 workers of 4 for evacuation
[4.873s][info   ][gc,phases   ] GC(292)   Pre Evacuate Collection Set: 0.2ms
[4.873s][info   ][gc,phases   ] GC(292)   Merge Heap Roots: 0.1ms
[4.873s][info   ][gc,phases   ] GC(292)   Evacuate Collection Set: 0.2ms
[4.873s][info   ][gc,phases   ] GC(292)   Post Evacuate Collection Set: 0.6ms
[4.873s][info   ][gc,phases   ] GC(292)   Other: 0.2ms
[4.873s][info   ][gc,heap     ] GC(292) Eden regions: 0->0(1095)
[4.873s][info   ][gc,heap     ] GC(292) Survivor regions: 1->1(140)
[4.873s][info   ][gc,heap     ] GC(292) Old regions: 1->1
[4.873s][info   ][gc,heap     ] GC(292) Archive regions: 2->2
[4.873s][info   ][gc,heap     ] GC(292) Humongous regions: 918->630
[4.873s][info   ][gc,metaspace] GC(292) Metaspace: 156K(384K)->156K(384K) NonClass: 148K(256K)->148K(256K) Class: 8K(128K)->8K(128K)
[4.873s][info   ][gc          ] GC(292) Pause Young (Concurrent Start) (G1 Humongous Allocation) 919M->631M(2048M) 1.390ms
[4.873s][info   ][gc,cpu      ] GC(292) User=0.00s Sys=0.00s Real=0.00s
[4.873s][info   ][gc          ] GC(293) Concurrent Undo Cycle
[4.873s][info   ][gc,marking  ] GC(293) Concurrent Cleanup for Next Mark
[4.902s][info   ][gc,marking  ] GC(293) Concurrent Cleanup for Next Mark 29.032ms
[4.902s][info   ][gc          ] GC(293) Concurrent Undo Cycle 29.323ms
[4.903s][info   ][gc,start    ] GC(294) Pause Young (Concurrent Start) (G1 Humongous Allocation)
[4.903s][info   ][gc,task     ] GC(294) Using 4 workers of 4 for evacuation
[4.904s][info   ][gc,phases   ] GC(294)   Pre Evacuate Collection Set: 0.3ms
[4.904s][info   ][gc,phases   ] GC(294)   Merge Heap Roots: 0.1ms
[4.904s][info   ][gc,phases   ] GC(294)   Evacuate Collection Set: 0.2ms
[4.904s][info   ][gc,phases   ] GC(294)   Post Evacuate Collection Set: 0.7ms
[4.904s][info   ][gc,phases   ] GC(294)   Other: 0.2ms
[4.904s][info   ][gc,heap     ] GC(294) Eden regions: 0->0(1080)
[4.904s][info   ][gc,heap     ] GC(294) Survivor regions: 1->1(137)
[4.904s][info   ][gc,heap     ] GC(294) Old regions: 1->1
[4.904s][info   ][gc,heap     ] GC(294) Archive regions: 2->2
[4.904s][info   ][gc,heap     ] GC(294) Humongous regions: 1002->646
[4.904s][info   ][gc,metaspace] GC(294) Metaspace: 156K(384K)->156K(384K) NonClass: 148K(256K)->148K(256K) Class: 8K(128K)->8K(128K)
[4.904s][info   ][gc          ] GC(294) Pause Young (Concurrent Start) (G1 Humongous Allocation) 1003M->647M(2048M) 1.580ms
[4.904s][info   ][gc,cpu      ] GC(294) User=0.01s Sys=0.00s Real=0.00s
[4.905s][info   ][gc          ] GC(295) Concurrent Undo Cycle
[4.905s][info   ][gc,marking  ] GC(295) Concurrent Cleanup for Next Mark
[4.925s][info   ][gc,marking  ] GC(295) Concurrent Cleanup for Next Mark 20.224ms
[4.925s][info   ][gc          ] GC(295) Concurrent Undo Cycle 20.945ms
[4.927s][info   ][gc,start    ] GC(296) Pause Young (Concurrent Start) (G1 Humongous Allocation)
[4.927s][info   ][gc,task     ] GC(296) Using 4 workers of 4 for evacuation
[4.928s][info   ][gc,phases   ] GC(296)   Pre Evacuate Collection Set: 0.3ms
[4.928s][info   ][gc,phases   ] GC(296)   Merge Heap Roots: 0.2ms
[4.928s][info   ][gc,phases   ] GC(296)   Evacuate Collection Set: 0.3ms
[4.928s][info   ][gc,phases   ] GC(296)   Post Evacuate Collection Set: 0.5ms
[4.928s][info   ][gc,phases   ] GC(296)   Other: 0.2ms
[4.928s][info   ][gc,heap     ] GC(296) Eden regions: 0->0(1077)
[4.928s][info   ][gc,heap     ] GC(296) Survivor regions: 1->1(136)
[4.928s][info   ][gc,heap     ] GC(296) Old regions: 1->1
[4.928s][info   ][gc,heap     ] GC(296) Archive regions: 2->2
[4.928s][info   ][gc,heap     ] GC(296) Humongous regions: 918->650
[4.928s][info   ][gc,metaspace] GC(296) Metaspace: 156K(384K)->156K(384K) NonClass: 148K(256K)->148K(256K) Class: 8K(128K)->8K(128K)
[4.928s][info   ][gc          ] GC(296) Pause Young (Concurrent Start) (G1 Humongous Allocation) 919M->651M(2048M) 1.470ms
[4.928s][info   ][gc,cpu      ] GC(296) User=0.00s Sys=0.00s Real=0.01s
[4.928s][info   ][gc          ] GC(297) Concurrent Undo Cycle
[4.928s][info   ][gc,marking  ] GC(297) Concurrent Cleanup for Next Mark
[4.944s][info   ][gc,marking  ] GC(297) Concurrent Cleanup for Next Mark 15.590ms
[4.944s][info   ][gc          ] GC(297) Concurrent Undo Cycle 16.133ms
[4.950s][info   ][gc,start    ] GC(298) Pause Young (Concurrent Start) (G1 Humongous Allocation)
[4.950s][info   ][gc,task     ] GC(298) Using 4 workers of 4 for evacuation
[4.952s][info   ][gc,phases   ] GC(298)   Pre Evacuate Collection Set: 0.2ms
[4.952s][info   ][gc,phases   ] GC(298)   Merge Heap Roots: 0.1ms
[4.952s][info   ][gc,phases   ] GC(298)   Evacuate Collection Set: 0.3ms
[4.952s][info   ][gc,phases   ] GC(298)   Post Evacuate Collection Set: 0.5ms
[4.952s][info   ][gc,phases   ] GC(298)   Other: 0.2ms
[4.952s][info   ][gc,heap     ] GC(298) Eden regions: 0->0(1102)
[4.952s][info   ][gc,heap     ] GC(298) Survivor regions: 1->1(135)
[4.952s][info   ][gc,heap     ] GC(298) Old regions: 1->1
[4.952s][info   ][gc,heap     ] GC(298) Archive regions: 2->2
[4.952s][info   ][gc,heap     ] GC(298) Humongous regions: 918->622
[4.952s][info   ][gc,metaspace] GC(298) Metaspace: 156K(384K)->156K(384K) NonClass: 148K(256K)->148K(256K) Class: 8K(128K)->8K(128K)
[4.952s][info   ][gc          ] GC(298) Pause Young (Concurrent Start) (G1 Humongous Allocation) 919M->623M(2048M) 1.457ms
[4.952s][info   ][gc,cpu      ] GC(298) User=0.00s Sys=0.00s Real=0.00s
[4.952s][info   ][gc          ] GC(299) Concurrent Undo Cycle
[4.952s][info   ][gc,marking  ] GC(299) Concurrent Cleanup for Next Mark
[4.964s][info   ][gc,marking  ] GC(299) Concurrent Cleanup for Next Mark 12.327ms
[4.964s][info   ][gc          ] GC(299) Concurrent Undo Cycle 12.460ms
[4.975s][info   ][gc,start    ] GC(300) Pause Young (Concurrent Start) (G1 Humongous Allocation)
[4.976s][info   ][gc,task     ] GC(300) Using 4 workers of 4 for evacuation
[4.977s][info   ][gc,phases   ] GC(300)   Pre Evacuate Collection Set: 0.2ms
[4.977s][info   ][gc,phases   ] GC(300)   Merge Heap Roots: 0.1ms
[4.977s][info   ][gc,phases   ] GC(300)   Evacuate Collection Set: 0.5ms
[4.977s][info   ][gc,phases   ] GC(300)   Post Evacuate Collection Set: 0.6ms
[4.977s][info   ][gc,phases   ] GC(300)   Other: 0.2ms
[4.977s][info   ][gc,heap     ] GC(300) Eden regions: 0->0(1167)
[4.977s][info   ][gc,heap     ] GC(300) Survivor regions: 1->1(138)
[4.977s][info   ][gc,heap     ] GC(300) Old regions: 1->1
[4.977s][info   ][gc,heap     ] GC(300) Archive regions: 2->2
[4.977s][info   ][gc,heap     ] GC(300) Humongous regions: 918->550
[4.977s][info   ][gc,metaspace] GC(300) Metaspace: 156K(384K)->156K(384K) NonClass: 148K(256K)->148K(256K) Class: 8K(128K)->8K(128K)
[4.977s][info   ][gc          ] GC(300) Pause Young (Concurrent Start) (G1 Humongous Allocation) 919M->551M(2048M) 1.618ms
[4.977s][info   ][gc,cpu      ] GC(300) User=0.00s Sys=0.00s Real=0.00s
[4.977s][info   ][gc          ] GC(301) Concurrent Undo Cycle
[4.977s][info   ][gc,marking  ] GC(301) Concurrent Cleanup for Next Mark
[5.005s][info   ][gc,marking  ] GC(301) Concurrent Cleanup for Next Mark 27.608ms
[5.005s][info   ][gc          ] GC(301) Concurrent Undo Cycle 27.825ms
[5.007s][info   ][gc,start    ] GC(302) Pause Young (Concurrent Start) (G1 Humongous Allocation)
[5.007s][info   ][gc,task     ] GC(302) Using 4 workers of 4 for evacuation
[5.008s][info   ][gc,phases   ] GC(302)   Pre Evacuate Collection Set: 0.2ms
[5.008s][info   ][gc,phases   ] GC(302)   Merge Heap Roots: 0.1ms
[5.008s][info   ][gc,phases   ] GC(302)   Evacuate Collection Set: 0.4ms
[5.008s][info   ][gc,phases   ] GC(302)   Post Evacuate Collection Set: 0.5ms
[5.008s][info   ][gc,phases   ] GC(302)   Other: 0.2ms
[5.008s][info   ][gc,heap     ] GC(302) Eden regions: 0->0(1202)
[5.008s][info   ][gc,heap     ] GC(302) Survivor regions: 1->1(146)
[5.008s][info   ][gc,heap     ] GC(302) Old regions: 1->1
[5.008s][info   ][gc,heap     ] GC(302) Archive regions: 2->2
[5.008s][info   ][gc,heap     ] GC(302) Humongous regions: 918->512
[5.008s][info   ][gc,metaspace] GC(302) Metaspace: 156K(384K)->156K(384K) NonClass: 148K(256K)->148K(256K) Class: 8K(128K)->8K(128K)
[5.008s][info   ][gc          ] GC(302) Pause Young (Concurrent Start) (G1 Humongous Allocation) 919M->513M(2048M) 1.505ms
[5.008s][info   ][gc,cpu      ] GC(302) User=0.00s Sys=0.00s Real=0.01s
[5.008s][info   ][gc          ] GC(303) Concurrent Undo Cycle
[5.008s][info   ][gc,marking  ] GC(303) Concurrent Cleanup for Next Mark
[5.032s][info   ][gc,marking  ] GC(303) Concurrent Cleanup for Next Mark 24.005ms
[5.033s][info   ][gc          ] GC(303) Concurrent Undo Cycle 24.274ms
[5.042s][info   ][gc,start    ] GC(304) Pause Young (Concurrent Start) (G1 Humongous Allocation)
[5.042s][info   ][gc,task     ] GC(304) Using 4 workers of 4 for evacuation
[5.044s][info   ][gc,phases   ] GC(304)   Pre Evacuate Collection Set: 0.2ms
[5.044s][info   ][gc,phases   ] GC(304)   Merge Heap Roots: 0.1ms
[5.044s][info   ][gc,phases   ] GC(304)   Evacuate Collection Set: 0.3ms
[5.044s][info   ][gc,phases   ] GC(304)   Post Evacuate Collection Set: 0.6ms
[5.044s][info   ][gc,phases   ] GC(304)   Other: 0.2ms
[5.044s][info   ][gc,heap     ] GC(304) Eden regions: 0->0(1149)
[5.044s][info   ][gc,heap     ] GC(304) Survivor regions: 1->1(151)
[5.044s][info   ][gc,heap     ] GC(304) Old regions: 1->1
[5.044s][info   ][gc,heap     ] GC(304) Archive regions: 2->2
[5.044s][info   ][gc,heap     ] GC(304) Humongous regions: 918->570
[5.044s][info   ][gc,metaspace] GC(304) Metaspace: 156K(384K)->156K(384K) NonClass: 148K(256K)->148K(256K) Class: 8K(128K)->8K(128K)
[5.044s][info   ][gc          ] GC(304) Pause Young (Concurrent Start) (G1 Humongous Allocation) 919M->571M(2048M) 1.571ms
[5.044s][info   ][gc,cpu      ] GC(304) User=0.00s Sys=0.00s Real=0.00s
[5.044s][info   ][gc          ] GC(305) Concurrent Undo Cycle
[5.044s][info   ][gc,marking  ] GC(305) Concurrent Cleanup for Next Mark
[5.069s][info   ][gc,marking  ] GC(305) Concurrent Cleanup for Next Mark 25.415ms
[5.070s][info   ][gc          ] GC(305) Concurrent Undo Cycle 25.543ms
[5.072s][info   ][gc,start    ] GC(306) Pause Young (Concurrent Start) (G1 Humongous Allocation)
[5.072s][info   ][gc,task     ] GC(306) Using 4 workers of 4 for evacuation
[5.074s][info   ][gc,phases   ] GC(306)   Pre Evacuate Collection Set: 0.3ms
[5.074s][info   ][gc,phases   ] GC(306)   Merge Heap Roots: 0.1ms
[5.074s][info   ][gc,phases   ] GC(306)   Evacuate Collection Set: 0.6ms
[5.074s][info   ][gc,phases   ] GC(306)   Post Evacuate Collection Set: 0.5ms
[5.074s][info   ][gc,phases   ] GC(306)   Other: 0.2ms
[5.074s][info   ][gc,heap     ] GC(306) Eden regions: 0->0(1127)
[5.074s][info   ][gc,heap     ] GC(306) Survivor regions: 1->1(144)
[5.074s][info   ][gc,heap     ] GC(306) Old regions: 1->1
[5.074s][info   ][gc,heap     ] GC(306) Archive regions: 2->2
[5.074s][info   ][gc,heap     ] GC(306) Humongous regions: 918->594
[5.074s][info   ][gc,metaspace] GC(306) Metaspace: 156K(384K)->156K(384K) NonClass: 148K(256K)->148K(256K) Class: 8K(128K)->8K(128K)
[5.074s][info   ][gc          ] GC(306) Pause Young (Concurrent Start) (G1 Humongous Allocation) 919M->595M(2048M) 1.871ms
[5.074s][info   ][gc,cpu      ] GC(306) User=0.00s Sys=0.00s Real=0.00s
[5.074s][info   ][gc          ] GC(307) Concurrent Undo Cycle
[5.074s][info   ][gc,marking  ] GC(307) Concurrent Cleanup for Next Mark
[5.084s][info   ][gc,marking  ] GC(307) Concurrent Cleanup for Next Mark 9.536ms
[5.084s][info   ][gc          ] GC(307) Concurrent Undo Cycle 9.818ms
[5.085s][info   ][gc,start    ] GC(308) Pause Young (Concurrent Start) (G1 Humongous Allocation)
[5.085s][info   ][gc,task     ] GC(308) Using 4 workers of 4 for evacuation
[5.086s][info   ][gc,phases   ] GC(308)   Pre Evacuate Collection Set: 0.3ms
[5.086s][info   ][gc,phases   ] GC(308)   Merge Heap Roots: 0.1ms
[5.086s][info   ][gc,phases   ] GC(308)   Evacuate Collection Set: 0.3ms
[5.086s][info   ][gc,phases   ] GC(308)   Post Evacuate Collection Set: 0.4ms
[5.086s][info   ][gc,phases   ] GC(308)   Other: 0.2ms
[5.086s][info   ][gc,heap     ] GC(308) Eden regions: 0->0(1116)
[5.086s][info   ][gc,heap     ] GC(308) Survivor regions: 1->1(141)
[5.086s][info   ][gc,heap     ] GC(308) Old regions: 1->1
[5.086s][info   ][gc,heap     ] GC(308) Archive regions: 2->2
[5.086s][info   ][gc,heap     ] GC(308) Humongous regions: 696->606
[5.086s][info   ][gc,metaspace] GC(308) Metaspace: 156K(384K)->156K(384K) NonClass: 148K(256K)->148K(256K) Class: 8K(128K)->8K(128K)
[5.086s][info   ][gc          ] GC(308) Pause Young (Concurrent Start) (G1 Humongous Allocation) 697M->607M(2048M) 1.374ms
[5.086s][info   ][gc,cpu      ] GC(308) User=0.00s Sys=0.01s Real=0.00s
[5.086s][info   ][gc          ] GC(309) Concurrent Undo Cycle
[5.086s][info   ][gc,marking  ] GC(309) Concurrent Cleanup for Next Mark
[5.104s][info   ][gc,marking  ] GC(309) Concurrent Cleanup for Next Mark 17.322ms
[5.104s][info   ][gc          ] GC(309) Concurrent Undo Cycle 17.530ms
[5.112s][info   ][gc,start    ] GC(310) Pause Young (Concurrent Start) (G1 Humongous Allocation)
[5.112s][info   ][gc,task     ] GC(310) Using 4 workers of 4 for evacuation
[5.113s][info   ][gc,phases   ] GC(310)   Pre Evacuate Collection Set: 0.3ms
[5.113s][info   ][gc,phases   ] GC(310)   Merge Heap Roots: 0.1ms
[5.113s][info   ][gc,phases   ] GC(310)   Evacuate Collection Set: 0.3ms
[5.113s][info   ][gc,phases   ] GC(310)   Post Evacuate Collection Set: 0.5ms
[5.113s][info   ][gc,phases   ] GC(310)   Other: 0.3ms
[5.113s][info   ][gc,heap     ] GC(310) Eden regions: 0->0(1106)
[5.113s][info   ][gc,heap     ] GC(310) Survivor regions: 1->0(140)
[5.113s][info   ][gc,heap     ] GC(310) Old regions: 1->1
[5.113s][info   ][gc,heap     ] GC(310) Archive regions: 2->2
[5.113s][info   ][gc,heap     ] GC(310) Humongous regions: 918->618
[5.113s][info   ][gc,metaspace] GC(310) Metaspace: 156K(384K)->156K(384K) NonClass: 148K(256K)->148K(256K) Class: 8K(128K)->8K(128K)
[5.113s][info   ][gc          ] GC(310) Pause Young (Concurrent Start) (G1 Humongous Allocation) 919M->619M(2048M) 1.650ms
[5.113s][info   ][gc,cpu      ] GC(310) User=0.00s Sys=0.00s Real=0.00s
[5.113s][info   ][gc          ] GC(311) Concurrent Undo Cycle
[5.113s][info   ][gc,marking  ] GC(311) Concurrent Cleanup for Next Mark
[5.136s][info   ][gc,marking  ] GC(311) Concurrent Cleanup for Next Mark 22.873ms
[5.136s][info   ][gc          ] GC(311) Concurrent Undo Cycle 23.119ms
[5.137s][info   ][gc,start    ] GC(312) Pause Young (Concurrent Start) (G1 Humongous Allocation)
[5.137s][info   ][gc,task     ] GC(312) Using 4 workers of 4 for evacuation
[5.139s][info   ][gc,phases   ] GC(312)   Pre Evacuate Collection Set: 0.2ms
[5.139s][info   ][gc,phases   ] GC(312)   Merge Heap Roots: 0.1ms
[5.139s][info   ][gc,phases   ] GC(312)   Evacuate Collection Set: 0.3ms
[5.139s][info   ][gc,phases   ] GC(312)   Post Evacuate Collection Set: 0.6ms
[5.139s][info   ][gc,phases   ] GC(312)   Other: 0.2ms
[5.139s][info   ][gc,heap     ] GC(312) Eden regions: 0->0(1081)
[5.139s][info   ][gc,heap     ] GC(312) Survivor regions: 0->0(139)
[5.139s][info   ][gc,heap     ] GC(312) Old regions: 1->1
[5.139s][info   ][gc,heap     ] GC(312) Archive regions: 2->2
[5.139s][info   ][gc,heap     ] GC(312) Humongous regions: 928->646
[5.139s][info   ][gc,metaspace] GC(312) Metaspace: 156K(384K)->156K(384K) NonClass: 148K(256K)->148K(256K) Class: 8K(128K)->8K(128K)
[5.139s][info   ][gc          ] GC(312) Pause Young (Concurrent Start) (G1 Humongous Allocation) 929M->647M(2048M) 1.471ms
[5.139s][info   ][gc,cpu      ] GC(312) User=0.00s Sys=0.00s Real=0.01s
[5.139s][info   ][gc          ] GC(313) Concurrent Undo Cycle
[5.139s][info   ][gc,marking  ] GC(313) Concurrent Cleanup for Next Mark
[5.152s][info   ][gc,marking  ] GC(313) Concurrent Cleanup for Next Mark 12.964ms
[5.152s][info   ][gc          ] GC(313) Concurrent Undo Cycle 13.246ms
[5.163s][info   ][gc,start    ] GC(314) Pause Young (Concurrent Start) (G1 Humongous Allocation)
[5.163s][info   ][gc,task     ] GC(314) Using 4 workers of 4 for evacuation
[5.165s][info   ][gc,phases   ] GC(314)   Pre Evacuate Collection Set: 0.2ms
[5.165s][info   ][gc,phases   ] GC(314)   Merge Heap Roots: 0.1ms
[5.165s][info   ][gc,phases   ] GC(314)   Evacuate Collection Set: 0.3ms
[5.165s][info   ][gc,phases   ] GC(314)   Post Evacuate Collection Set: 0.6ms
[5.165s][info   ][gc,phases   ] GC(314)   Other: 0.2ms
[5.165s][info   ][gc,heap     ] GC(314) Eden regions: 0->0(1092)
[5.165s][info   ][gc,heap     ] GC(314) Survivor regions: 0->0(136)
[5.165s][info   ][gc,heap     ] GC(314) Old regions: 1->1
[5.165s][info   ][gc,heap     ] GC(314) Archive regions: 2->2
[5.165s][info   ][gc,heap     ] GC(314) Humongous regions: 918->634
[5.165s][info   ][gc,metaspace] GC(314) Metaspace: 156K(384K)->156K(384K) NonClass: 148K(256K)->148K(256K) Class: 8K(128K)->8K(128K)
[5.165s][info   ][gc          ] GC(314) Pause Young (Concurrent Start) (G1 Humongous Allocation) 919M->635M(2048M) 1.457ms
[5.165s][info   ][gc,cpu      ] GC(314) User=0.00s Sys=0.00s Real=0.00s
[5.165s][info   ][gc          ] GC(315) Concurrent Undo Cycle
[5.165s][info   ][gc,marking  ] GC(315) Concurrent Cleanup for Next Mark
[5.187s][info   ][gc,marking  ] GC(315) Concurrent Cleanup for Next Mark 21.719ms
[5.187s][info   ][gc          ] GC(315) Concurrent Undo Cycle 22.148ms
[5.189s][info   ][gc,start    ] GC(316) Pause Young (Concurrent Start) (G1 Humongous Allocation)
[5.189s][info   ][gc,task     ] GC(316) Using 4 workers of 4 for evacuation
[5.190s][info   ][gc,phases   ] GC(316)   Pre Evacuate Collection Set: 0.2ms
[5.190s][info   ][gc,phases   ] GC(316)   Merge Heap Roots: 0.1ms
[5.190s][info   ][gc,phases   ] GC(316)   Evacuate Collection Set: 0.6ms
[5.190s][info   ][gc,phases   ] GC(316)   Post Evacuate Collection Set: 0.5ms
[5.190s][info   ][gc,phases   ] GC(316)   Other: 0.2ms
[5.190s][info   ][gc,heap     ] GC(316) Eden regions: 0->0(1123)
[5.190s][info   ][gc,heap     ] GC(316) Survivor regions: 0->0(137)
[5.190s][info   ][gc,heap     ] GC(316) Old regions: 1->1
[5.190s][info   ][gc,heap     ] GC(316) Archive regions: 2->2
[5.190s][info   ][gc,heap     ] GC(316) Humongous regions: 920->600
[5.190s][info   ][gc,metaspace] GC(316) Metaspace: 156K(384K)->156K(384K) NonClass: 148K(256K)->148K(256K) Class: 8K(128K)->8K(128K)
[5.190s][info   ][gc          ] GC(316) Pause Young (Concurrent Start) (G1 Humongous Allocation) 921M->601M(2048M) 1.633ms
[5.190s][info   ][gc,cpu      ] GC(316) User=0.00s Sys=0.00s Real=0.00s
[5.190s][info   ][gc          ] GC(317) Concurrent Undo Cycle
[5.190s][info   ][gc,marking  ] GC(317) Concurrent Cleanup for Next Mark
[5.195s][info   ][gc,marking  ] GC(317) Concurrent Cleanup for Next Mark 4.786ms
[5.195s][info   ][gc          ] GC(317) Concurrent Undo Cycle 4.937ms
[5.202s][info   ][gc,start    ] GC(318) Pause Young (Concurrent Start) (G1 Humongous Allocation)
[5.203s][info   ][gc,task     ] GC(318) Using 4 workers of 4 for evacuation
[5.204s][info   ][gc,phases   ] GC(318)   Pre Evacuate Collection Set: 0.4ms
[5.204s][info   ][gc,phases   ] GC(318)   Merge Heap Roots: 0.1ms
[5.204s][info   ][gc,phases   ] GC(318)   Evacuate Collection Set: 0.3ms
[5.204s][info   ][gc,phases   ] GC(318)   Post Evacuate Collection Set: 0.7ms
[5.204s][info   ][gc,phases   ] GC(318)   Other: 0.4ms
[5.204s][info   ][gc,heap     ] GC(318) Eden regions: 0->0(1117)
[5.204s][info   ][gc,heap     ] GC(318) Survivor regions: 0->0(141)
[5.204s][info   ][gc,heap     ] GC(318) Old regions: 1->1
[5.204s][info   ][gc,heap     ] GC(318) Archive regions: 2->2
[5.204s][info   ][gc,heap     ] GC(318) Humongous regions: 710->606
[5.204s][info   ][gc,metaspace] GC(318) Metaspace: 158K(384K)->158K(384K) NonClass: 150K(256K)->150K(256K) Class: 8K(128K)->8K(128K)
[5.204s][info   ][gc          ] GC(318) Pause Young (Concurrent Start) (G1 Humongous Allocation) 711M->607M(2048M) 1.969ms
[5.204s][info   ][gc,cpu      ] GC(318) User=0.00s Sys=0.00s Real=0.00s
[5.204s][info   ][gc          ] GC(319) Concurrent Undo Cycle
[5.204s][info   ][gc,marking  ] GC(319) Concurrent Cleanup for Next Mark
[5.233s][info   ][gc,marking  ] GC(319) Concurrent Cleanup for Next Mark 28.832ms
[5.237s][info   ][gc          ] GC(319) Concurrent Undo Cycle 32.119ms
[5.237s][info   ][gc,start    ] GC(320) Pause Young (Concurrent Start) (G1 Humongous Allocation)
[5.237s][info   ][gc,task     ] GC(320) Using 4 workers of 4 for evacuation
[5.238s][info   ][gc,phases   ] GC(320)   Pre Evacuate Collection Set: 0.2ms
[5.238s][info   ][gc,phases   ] GC(320)   Merge Heap Roots: 0.1ms
[5.238s][info   ][gc,phases   ] GC(320)   Evacuate Collection Set: 0.3ms
[5.238s][info   ][gc,phases   ] GC(320)   Post Evacuate Collection Set: 0.7ms
[5.238s][info   ][gc,phases   ] GC(320)   Other: 0.2ms
[5.238s][info   ][gc,heap     ] GC(320) Eden regions: 0->0(1097)
[5.238s][info   ][gc,heap     ] GC(320) Survivor regions: 0->0(140)
[5.238s][info   ][gc,heap     ] GC(320) Old regions: 1->1
[5.238s][info   ][gc,heap     ] GC(320) Archive regions: 2->2
[5.238s][info   ][gc,heap     ] GC(320) Humongous regions: 1000->628
[5.238s][info   ][gc,metaspace] GC(320) Metaspace: 158K(384K)->158K(384K) NonClass: 150K(256K)->150K(256K) Class: 8K(128K)->8K(128K)
[5.238s][info   ][gc          ] GC(320) Pause Young (Concurrent Start) (G1 Humongous Allocation) 1001M->629M(2048M) 1.504ms
[5.238s][info   ][gc,cpu      ] GC(320) User=0.00s Sys=0.00s Real=0.01s
[5.238s][info   ][gc          ] GC(321) Concurrent Undo Cycle
[5.238s][info   ][gc,marking  ] GC(321) Concurrent Cleanup for Next Mark
[5.268s][info   ][gc,marking  ] GC(321) Concurrent Cleanup for Next Mark 29.098ms
[5.268s][info   ][gc          ] GC(321) Concurrent Undo Cycle 30.081ms
[5.269s][info   ][gc,start    ] GC(322) Pause Young (Concurrent Start) (G1 Humongous Allocation)
[5.270s][info   ][gc,task     ] GC(322) Using 4 workers of 4 for evacuation
[5.271s][info   ][gc,phases   ] GC(322)   Pre Evacuate Collection Set: 0.2ms
[5.271s][info   ][gc,phases   ] GC(322)   Merge Heap Roots: 0.1ms
[5.271s][info   ][gc,phases   ] GC(322)   Evacuate Collection Set: 0.5ms
[5.271s][info   ][gc,phases   ] GC(322)   Post Evacuate Collection Set: 0.7ms
[5.271s][info   ][gc,phases   ] GC(322)   Other: 0.2ms
[5.271s][info   ][gc,heap     ] GC(322) Eden regions: 0->0(1106)
[5.271s][info   ][gc,heap     ] GC(322) Survivor regions: 0->0(138)
[5.271s][info   ][gc,heap     ] GC(322) Old regions: 1->1
[5.271s][info   ][gc,heap     ] GC(322) Archive regions: 2->2
[5.271s][info   ][gc,heap     ] GC(322) Humongous regions: 1028->618
[5.271s][info   ][gc,metaspace] GC(322) Metaspace: 158K(384K)->158K(384K) NonClass: 150K(256K)->150K(256K) Class: 8K(128K)->8K(128K)
[5.271s][info   ][gc          ] GC(322) Pause Young (Concurrent Start) (G1 Humongous Allocation) 1029M->619M(2048M) 1.727ms
[5.271s][info   ][gc,cpu      ] GC(322) User=0.00s Sys=0.00s Real=0.00s
[5.271s][info   ][gc          ] GC(323) Concurrent Undo Cycle
[5.271s][info   ][gc,marking  ] GC(323) Concurrent Cleanup for Next Mark
[5.295s][info   ][gc,marking  ] GC(323) Concurrent Cleanup for Next Mark 23.290ms
[5.295s][info   ][gc          ] GC(323) Concurrent Undo Cycle 23.565ms
[5.295s][info   ][gc,start    ] GC(324) Pause Young (Concurrent Start) (G1 Humongous Allocation)
[5.295s][info   ][gc,task     ] GC(324) Using 4 workers of 4 for evacuation
[5.297s][info   ][gc,phases   ] GC(324)   Pre Evacuate Collection Set: 0.2ms
[5.297s][info   ][gc,phases   ] GC(324)   Merge Heap Roots: 0.5ms
[5.297s][info   ][gc,phases   ] GC(324)   Evacuate Collection Set: 0.5ms
[5.297s][info   ][gc,phases   ] GC(324)   Post Evacuate Collection Set: 0.6ms
[5.297s][info   ][gc,phases   ] GC(324)   Other: 0.2ms
[5.297s][info   ][gc,heap     ] GC(324) Eden regions: 0->0(1137)
[5.297s][info   ][gc,heap     ] GC(324) Survivor regions: 0->0(139)
[5.297s][info   ][gc,heap     ] GC(324) Old regions: 1->1
[5.297s][info   ][gc,heap     ] GC(324) Archive regions: 2->2
[5.297s][info   ][gc,heap     ] GC(324) Humongous regions: 942->584
[5.297s][info   ][gc,metaspace] GC(324) Metaspace: 158K(384K)->158K(384K) NonClass: 150K(256K)->150K(256K) Class: 8K(128K)->8K(128K)
[5.298s][info   ][gc          ] GC(324) Pause Young (Concurrent Start) (G1 Humongous Allocation) 943M->585M(2048M) 2.081ms
[5.298s][info   ][gc,cpu      ] GC(324) User=0.00s Sys=0.00s Real=0.00s
[5.298s][info   ][gc          ] GC(325) Concurrent Undo Cycle
[5.298s][info   ][gc,marking  ] GC(325) Concurrent Cleanup for Next Mark
[5.323s][info   ][gc,marking  ] GC(325) Concurrent Cleanup for Next Mark 24.923ms
[5.323s][info   ][gc          ] GC(325) Concurrent Undo Cycle 25.114ms
[5.323s][info   ][gc,start    ] GC(326) Pause Young (Concurrent Start) (G1 Humongous Allocation)
[5.323s][info   ][gc,task     ] GC(326) Using 4 workers of 4 for evacuation
[5.324s][info   ][gc,phases   ] GC(326)   Pre Evacuate Collection Set: 0.2ms
[5.324s][info   ][gc,phases   ] GC(326)   Merge Heap Roots: 0.1ms
[5.324s][info   ][gc,phases   ] GC(326)   Evacuate Collection Set: 0.2ms
[5.324s][info   ][gc,phases   ] GC(326)   Post Evacuate Collection Set: 0.5ms
[5.324s][info   ][gc,phases   ] GC(326)   Other: 0.2ms
[5.324s][info   ][gc,heap     ] GC(326) Eden regions: 0->0(1117)
[5.324s][info   ][gc,heap     ] GC(326) Survivor regions: 0->0(143)
[5.324s][info   ][gc,heap     ] GC(326) Old regions: 1->1
[5.324s][info   ][gc,heap     ] GC(326) Archive regions: 2->2
[5.324s][info   ][gc,heap     ] GC(326) Humongous regions: 928->606
[5.324s][info   ][gc,metaspace] GC(326) Metaspace: 158K(384K)->158K(384K) NonClass: 150K(256K)->150K(256K) Class: 8K(128K)->8K(128K)
[5.324s][info   ][gc          ] GC(326) Pause Young (Concurrent Start) (G1 Humongous Allocation) 929M->607M(2048M) 1.226ms
[5.324s][info   ][gc,cpu      ] GC(326) User=0.00s Sys=0.00s Real=0.00s
[5.325s][info   ][gc          ] GC(327) Concurrent Undo Cycle
[5.325s][info   ][gc,marking  ] GC(327) Concurrent Cleanup for Next Mark
[5.344s][info   ][gc,marking  ] GC(327) Concurrent Cleanup for Next Mark 19.870ms
[5.347s][info   ][gc          ] GC(327) Concurrent Undo Cycle 22.231ms
[5.350s][info   ][gc,start    ] GC(328) Pause Young (Concurrent Start) (G1 Humongous Allocation)
[5.350s][info   ][gc,task     ] GC(328) Using 4 workers of 4 for evacuation
[5.351s][info   ][gc,phases   ] GC(328)   Pre Evacuate Collection Set: 0.1ms
[5.351s][info   ][gc,phases   ] GC(328)   Merge Heap Roots: 0.1ms
[5.351s][info   ][gc,phases   ] GC(328)   Evacuate Collection Set: 0.2ms
[5.351s][info   ][gc,phases   ] GC(328)   Post Evacuate Collection Set: 0.5ms
[5.351s][info   ][gc,phases   ] GC(328)   Other: 0.2ms
[5.351s][info   ][gc,heap     ] GC(328) Eden regions: 0->0(1074)
[5.351s][info   ][gc,heap     ] GC(328) Survivor regions: 0->0(140)
[5.351s][info   ][gc,heap     ] GC(328) Old regions: 1->1
[5.351s][info   ][gc,heap     ] GC(328) Archive regions: 2->2
[5.351s][info   ][gc,heap     ] GC(328) Humongous regions: 920->654
[5.351s][info   ][gc,metaspace] GC(328) Metaspace: 158K(384K)->158K(384K) NonClass: 150K(256K)->150K(256K) Class: 8K(128K)->8K(128K)
[5.351s][info   ][gc          ] GC(328) Pause Young (Concurrent Start) (G1 Humongous Allocation) 921M->655M(2048M) 1.171ms
[5.351s][info   ][gc,cpu      ] GC(328) User=0.00s Sys=0.00s Real=0.00s
[5.351s][info   ][gc          ] GC(329) Concurrent Undo Cycle
[5.351s][info   ][gc,marking  ] GC(329) Concurrent Cleanup for Next Mark
[5.371s][info   ][gc,marking  ] GC(329) Concurrent Cleanup for Next Mark 19.996ms
[5.371s][info   ][gc          ] GC(329) Concurrent Undo Cycle 20.090ms
[5.374s][info   ][gc,start    ] GC(330) Pause Young (Concurrent Start) (G1 Humongous Allocation)
[5.374s][info   ][gc,task     ] GC(330) Using 4 workers of 4 for evacuation
[5.375s][info   ][gc,phases   ] GC(330)   Pre Evacuate Collection Set: 0.2ms
[5.375s][info   ][gc,phases   ] GC(330)   Merge Heap Roots: 0.1ms
[5.375s][info   ][gc,phases   ] GC(330)   Evacuate Collection Set: 0.4ms
[5.375s][info   ][gc,phases   ] GC(330)   Post Evacuate Collection Set: 0.5ms
[5.375s][info   ][gc,phases   ] GC(330)   Other: 0.3ms
[5.375s][info   ][gc,heap     ] GC(330) Eden regions: 0->0(1047)
[5.375s][info   ][gc,heap     ] GC(330) Survivor regions: 0->0(135)
[5.375s][info   ][gc,heap     ] GC(330) Old regions: 1->1
[5.375s][info   ][gc,heap     ] GC(330) Archive regions: 2->2
[5.375s][info   ][gc,heap     ] GC(330) Humongous regions: 918->684
[5.375s][info   ][gc,metaspace] GC(330) Metaspace: 158K(384K)->158K(384K) NonClass: 150K(256K)->150K(256K) Class: 8K(128K)->8K(128K)
[5.375s][info   ][gc          ] GC(330) Pause Young (Concurrent Start) (G1 Humongous Allocation) 919M->685M(2048M) 1.505ms
[5.375s][info   ][gc,cpu      ] GC(330) User=0.00s Sys=0.00s Real=0.00s
[5.375s][info   ][gc          ] GC(331) Concurrent Undo Cycle
[5.375s][info   ][gc,marking  ] GC(331) Concurrent Cleanup for Next Mark
[5.392s][info   ][gc,marking  ] GC(331) Concurrent Cleanup for Next Mark 16.525ms
[5.392s][info   ][gc          ] GC(331) Concurrent Undo Cycle 16.811ms
[5.397s][info   ][gc,start    ] GC(332) Pause Young (Concurrent Start) (G1 Humongous Allocation)
[5.397s][info   ][gc,task     ] GC(332) Using 4 workers of 4 for evacuation
[5.398s][info   ][gc,phases   ] GC(332)   Pre Evacuate Collection Set: 0.2ms
[5.398s][info   ][gc,phases   ] GC(332)   Merge Heap Roots: 0.1ms
[5.398s][info   ][gc,phases   ] GC(332)   Evacuate Collection Set: 0.2ms
[5.398s][info   ][gc,phases   ] GC(332)   Post Evacuate Collection Set: 0.4ms
[5.398s][info   ][gc,phases   ] GC(332)   Other: 0.2ms
[5.398s][info   ][gc,heap     ] GC(332) Eden regions: 1->0(952)
[5.398s][info   ][gc,heap     ] GC(332) Survivor regions: 0->1(131)
[5.398s][info   ][gc,heap     ] GC(332) Old regions: 1->1
[5.398s][info   ][gc,heap     ] GC(332) Archive regions: 2->2
[5.398s][info   ][gc,heap     ] GC(332) Humongous regions: 918->808
[5.398s][info   ][gc,metaspace] GC(332) Metaspace: 158K(384K)->158K(384K) NonClass: 150K(256K)->150K(256K) Class: 8K(128K)->8K(128K)
[5.398s][info   ][gc          ] GC(332) Pause Young (Concurrent Start) (G1 Humongous Allocation) 920M->809M(2048M) 1.196ms
[5.398s][info   ][gc,cpu      ] GC(332) User=0.00s Sys=0.00s Real=0.01s
[5.398s][info   ][gc          ] GC(333) Concurrent Undo Cycle
[5.398s][info   ][gc,marking  ] GC(333) Concurrent Cleanup for Next Mark
[5.409s][info   ][gc,marking  ] GC(333) Concurrent Cleanup for Next Mark 10.725ms
[5.409s][info   ][gc          ] GC(333) Concurrent Undo Cycle 10.922ms
[5.410s][info   ][gc,start    ] GC(334) Pause Young (Concurrent Start) (G1 Humongous Allocation)
[5.410s][info   ][gc,task     ] GC(334) Using 4 workers of 4 for evacuation
[5.411s][info   ][gc,phases   ] GC(334)   Pre Evacuate Collection Set: 0.2ms
[5.411s][info   ][gc,phases   ] GC(334)   Merge Heap Roots: 0.1ms
[5.411s][info   ][gc,phases   ] GC(334)   Evacuate Collection Set: 0.4ms
[5.411s][info   ][gc,phases   ] GC(334)   Post Evacuate Collection Set: 0.3ms
[5.411s][info   ][gc,phases   ] GC(334)   Other: 0.2ms
[5.411s][info   ][gc,heap     ] GC(334) Eden regions: 0->0(863)
[5.411s][info   ][gc,heap     ] GC(334) Survivor regions: 1->1(120)
[5.411s][info   ][gc,heap     ] GC(334) Old regions: 1->1
[5.411s][info   ][gc,heap     ] GC(334) Archive regions: 2->2
[5.411s][info   ][gc,heap     ] GC(334) Humongous regions: 928->904
[5.411s][info   ][gc,metaspace] GC(334) Metaspace: 158K(384K)->158K(384K) NonClass: 150K(256K)->150K(256K) Class: 8K(128K)->8K(128K)
[5.411s][info   ][gc          ] GC(334) Pause Young (Concurrent Start) (G1 Humongous Allocation) 929M->905M(2048M) 1.243ms
[5.411s][info   ][gc,cpu      ] GC(334) User=0.00s Sys=0.00s Real=0.00s
[5.411s][info   ][gc          ] GC(335) Concurrent Undo Cycle
[5.411s][info   ][gc,marking  ] GC(335) Concurrent Cleanup for Next Mark
[5.424s][info   ][gc,marking  ] GC(335) Concurrent Cleanup for Next Mark 13.505ms
[5.425s][info   ][gc          ] GC(335) Concurrent Undo Cycle 13.792ms
[5.426s][info   ][gc,start    ] GC(336) Pause Young (Concurrent Start) (G1 Humongous Allocation)
[5.426s][info   ][gc,task     ] GC(336) Using 4 workers of 4 for evacuation
[5.427s][info   ][gc,phases   ] GC(336)   Pre Evacuate Collection Set: 0.2ms
[5.427s][info   ][gc,phases   ] GC(336)   Merge Heap Roots: 0.1ms
[5.427s][info   ][gc,phases   ] GC(336)   Evacuate Collection Set: 0.3ms
[5.427s][info   ][gc,phases   ] GC(336)   Post Evacuate Collection Set: 0.3ms
[5.427s][info   ][gc,phases   ] GC(336)   Other: 0.2ms
[5.427s][info   ][gc,heap     ] GC(336) Eden regions: 0->0(761)
[5.427s][info   ][gc,heap     ] GC(336) Survivor regions: 1->1(108)
[5.427s][info   ][gc,heap     ] GC(336) Old regions: 1->1
[5.427s][info   ][gc,heap     ] GC(336) Archive regions: 2->2
[5.427s][info   ][gc,heap     ] GC(336) Humongous regions: 1044->1014
[5.427s][info   ][gc,metaspace] GC(336) Metaspace: 158K(384K)->158K(384K) NonClass: 150K(256K)->150K(256K) Class: 8K(128K)->8K(128K)
[5.427s][info   ][gc          ] GC(336) Pause Young (Concurrent Start) (G1 Humongous Allocation) 1045M->1015M(2048M) 1.113ms
[5.427s][info   ][gc,cpu      ] GC(336) User=0.00s Sys=0.00s Real=0.00s
[5.427s][info   ][gc          ] GC(337) Concurrent Mark Cycle
[5.427s][info   ][gc,marking  ] GC(337) Concurrent Clear Claimed Marks
[5.427s][info   ][gc,marking  ] GC(337) Concurrent Clear Claimed Marks 0.010ms
[5.427s][info   ][gc,marking  ] GC(337) Concurrent Scan Root Regions
[5.427s][info   ][gc,marking  ] GC(337) Concurrent Scan Root Regions 0.142ms
[5.427s][info   ][gc,marking  ] GC(337) Concurrent Mark
[5.427s][info   ][gc,marking  ] GC(337) Concurrent Mark From Roots
[5.427s][info   ][gc,task     ] GC(337) Using 1 workers of 1 for marking
[5.436s][info   ][gc,marking  ] GC(337) Concurrent Mark From Roots 8.386ms
[5.436s][info   ][gc,marking  ] GC(337) Concurrent Preclean
[5.436s][info   ][gc,marking  ] GC(337) Concurrent Preclean 0.099ms
[5.437s][info   ][gc,start    ] GC(337) Pause Remark
[5.438s][info   ][gc          ] GC(337) Pause Remark 1149M->895M(2048M) 1.123ms
[5.438s][info   ][gc,cpu      ] GC(337) User=0.01s Sys=0.00s Real=0.00s
[5.438s][info   ][gc,marking  ] GC(337) Concurrent Mark 10.686ms
[5.438s][info   ][gc,marking  ] GC(337) Concurrent Rebuild Remembered Sets
[5.443s][info   ][gc,marking  ] GC(337) Concurrent Rebuild Remembered Sets 5.298ms
[5.444s][info   ][gc,start    ] GC(337) Pause Cleanup
[5.444s][info   ][gc          ] GC(337) Pause Cleanup 1001M->1001M(2048M) 0.218ms
[5.444s][info   ][gc,cpu      ] GC(337) User=0.00s Sys=0.00s Real=0.00s
[5.444s][info   ][gc,marking  ] GC(337) Concurrent Cleanup for Next Mark
[5.459s][info   ][gc,marking  ] GC(337) Concurrent Cleanup for Next Mark 14.369ms
[5.459s][info   ][gc          ] GC(337) Concurrent Mark Cycle 31.811ms
[5.460s][info   ][gc,start    ] GC(338) Pause Young (Concurrent Start) (G1 Humongous Allocation)
[5.460s][info   ][gc,task     ] GC(338) Using 4 workers of 4 for evacuation
[5.461s][info   ][gc,phases   ] GC(338)   Pre Evacuate Collection Set: 0.2ms
[5.461s][info   ][gc,phases   ] GC(338)   Merge Heap Roots: 0.1ms
[5.462s][info   ][gc,phases   ] GC(338)   Evacuate Collection Set: 0.3ms
[5.462s][info   ][gc,phases   ] GC(338)   Post Evacuate Collection Set: 1.0ms
[5.462s][info   ][gc,phases   ] GC(338)   Other: 0.2ms
[5.462s][info   ][gc,heap     ] GC(338) Eden regions: 0->0(1033)
[5.462s][info   ][gc,heap     ] GC(338) Survivor regions: 1->1(96)
[5.462s][info   ][gc,heap     ] GC(338) Old regions: 1->1
[5.462s][info   ][gc,heap     ] GC(338) Archive regions: 2->2
[5.462s][info   ][gc,heap     ] GC(338) Humongous regions: 1146->720
[5.462s][info   ][gc,metaspace] GC(338) Metaspace: 158K(384K)->158K(384K) NonClass: 150K(256K)->150K(256K) Class: 8K(128K)->8K(128K)
[5.462s][info   ][gc          ] GC(338) Pause Young (Concurrent Start) (G1 Humongous Allocation) 1147M->721M(2048M) 1.845ms
[5.462s][info   ][gc,cpu      ] GC(338) User=0.00s Sys=0.00s Real=0.00s
[5.462s][info   ][gc          ] GC(339) Concurrent Undo Cycle
[5.462s][info   ][gc,marking  ] GC(339) Concurrent Cleanup for Next Mark
[5.470s][info   ][gc,marking  ] GC(339) Concurrent Cleanup for Next Mark 8.462ms
[5.470s][info   ][gc          ] GC(339) Concurrent Undo Cycle 8.629ms
[5.471s][info   ][gc,start    ] GC(340) Pause Young (Concurrent Start) (G1 Humongous Allocation)
[5.471s][info   ][gc,task     ] GC(340) Using 4 workers of 4 for evacuation
[5.475s][info   ][gc,phases   ] GC(340)   Pre Evacuate Collection Set: 0.5ms
[5.475s][info   ][gc,phases   ] GC(340)   Merge Heap Roots: 2.0ms
[5.475s][info   ][gc,phases   ] GC(340)   Evacuate Collection Set: 0.6ms
[5.475s][info   ][gc,phases   ] GC(340)   Post Evacuate Collection Set: 0.7ms
[5.475s][info   ][gc,phases   ] GC(340)   Other: 0.3ms
[5.475s][info   ][gc,heap     ] GC(340) Eden regions: 0->0(1035)
[5.475s][info   ][gc,heap     ] GC(340) Survivor regions: 1->1(130)
[5.475s][info   ][gc,heap     ] GC(340) Old regions: 1->1
[5.475s][info   ][gc,heap     ] GC(340) Archive regions: 2->2
[5.475s][info   ][gc,heap     ] GC(340) Humongous regions: 762->718
[5.475s][info   ][gc,metaspace] GC(340) Metaspace: 158K(384K)->158K(384K) NonClass: 150K(256K)->150K(256K) Class: 8K(128K)->8K(128K)
[5.475s][info   ][gc          ] GC(340) Pause Young (Concurrent Start) (G1 Humongous Allocation) 763M->719M(2048M) 4.199ms
[5.475s][info   ][gc,cpu      ] GC(340) User=0.00s Sys=0.00s Real=0.00s
[5.475s][info   ][gc          ] GC(341) Concurrent Undo Cycle
[5.475s][info   ][gc,marking  ] GC(341) Concurrent Cleanup for Next Mark
[5.489s][info   ][gc,marking  ] GC(341) Concurrent Cleanup for Next Mark 14.195ms
[5.489s][info   ][gc          ] GC(341) Concurrent Undo Cycle 14.384ms
[5.493s][info   ][gc,start    ] GC(342) Pause Young (Concurrent Start) (G1 Humongous Allocation)
[5.493s][info   ][gc,task     ] GC(342) Using 4 workers of 4 for evacuation
[5.494s][info   ][gc,phases   ] GC(342)   Pre Evacuate Collection Set: 0.2ms
[5.494s][info   ][gc,phases   ] GC(342)   Merge Heap Roots: 0.1ms
[5.494s][info   ][gc,phases   ] GC(342)   Evacuate Collection Set: 0.2ms
[5.494s][info   ][gc,phases   ] GC(342)   Post Evacuate Collection Set: 0.5ms
[5.494s][info   ][gc,phases   ] GC(342)   Other: 0.2ms
[5.494s][info   ][gc,heap     ] GC(342) Eden regions: 0->0(1042)
[5.494s][info   ][gc,heap     ] GC(342) Survivor regions: 1->1(130)
[5.494s][info   ][gc,heap     ] GC(342) Old regions: 1->1
[5.494s][info   ][gc,heap     ] GC(342) Archive regions: 2->2
[5.494s][info   ][gc,heap     ] GC(342) Humongous regions: 918->710
[5.494s][info   ][gc,metaspace] GC(342) Metaspace: 158K(384K)->158K(384K) NonClass: 150K(256K)->150K(256K) Class: 8K(128K)->8K(128K)
[5.494s][info   ][gc          ] GC(342) Pause Young (Concurrent Start) (G1 Humongous Allocation) 919M->711M(2048M) 1.414ms
[5.494s][info   ][gc,cpu      ] GC(342) User=0.00s Sys=0.00s Real=0.00s
[5.494s][info   ][gc          ] GC(343) Concurrent Undo Cycle
[5.494s][info   ][gc,marking  ] GC(343) Concurrent Cleanup for Next Mark
[5.507s][info   ][gc,marking  ] GC(343) Concurrent Cleanup for Next Mark 12.800ms
[5.507s][info   ][gc          ] GC(343) Concurrent Undo Cycle 13.077ms
[5.512s][info   ][gc,start    ] GC(344) Pause Young (Concurrent Start) (G1 Humongous Allocation)
[5.512s][info   ][gc,task     ] GC(344) Using 4 workers of 4 for evacuation
[5.514s][info   ][gc,phases   ] GC(344)   Pre Evacuate Collection Set: 0.3ms
[5.514s][info   ][gc,phases   ] GC(344)   Merge Heap Roots: 0.2ms
[5.514s][info   ][gc,phases   ] GC(344)   Evacuate Collection Set: 0.3ms
[5.514s][info   ][gc,phases   ] GC(344)   Post Evacuate Collection Set: 0.9ms
[5.514s][info   ][gc,phases   ] GC(344)   Other: 0.3ms
[5.514s][info   ][gc,heap     ] GC(344) Eden regions: 0->0(1100)
[5.514s][info   ][gc,heap     ] GC(344) Survivor regions: 1->1(131)
[5.514s][info   ][gc,heap     ] GC(344) Old regions: 1->1
[5.514s][info   ][gc,heap     ] GC(344) Archive regions: 2->2
[5.514s][info   ][gc,heap     ] GC(344) Humongous regions: 918->648
[5.514s][info   ][gc,metaspace] GC(344) Metaspace: 158K(384K)->158K(384K) NonClass: 150K(256K)->150K(256K) Class: 8K(128K)->8K(128K)
[5.514s][info   ][gc          ] GC(344) Pause Young (Concurrent Start) (G1 Humongous Allocation) 919M->649M(2048M) 2.044ms
[5.514s][info   ][gc,cpu      ] GC(344) User=0.00s Sys=0.01s Real=0.00s
[5.514s][info   ][gc          ] GC(345) Concurrent Undo Cycle
[5.514s][info   ][gc,marking  ] GC(345) Concurrent Cleanup for Next Mark
[5.527s][info   ][gc,marking  ] GC(345) Concurrent Cleanup for Next Mark 12.820ms
[5.527s][info   ][gc          ] GC(345) Concurrent Undo Cycle 13.063ms
[5.536s][info   ][gc,start    ] GC(346) Pause Young (Concurrent Start) (G1 Humongous Allocation)
[5.536s][info   ][gc,task     ] GC(346) Using 4 workers of 4 for evacuation
[5.538s][info   ][gc,phases   ] GC(346)   Pre Evacuate Collection Set: 0.2ms
[5.538s][info   ][gc,phases   ] GC(346)   Merge Heap Roots: 0.1ms
[5.538s][info   ][gc,phases   ] GC(346)   Evacuate Collection Set: 1.1ms
[5.538s][info   ][gc,phases   ] GC(346)   Post Evacuate Collection Set: 0.6ms
[5.538s][info   ][gc,phases   ] GC(346)   Other: 0.2ms
[5.538s][info   ][gc,heap     ] GC(346) Eden regions: 0->0(1107)
[5.538s][info   ][gc,heap     ] GC(346) Survivor regions: 1->1(138)
[5.538s][info   ][gc,heap     ] GC(346) Old regions: 1->1
[5.538s][info   ][gc,heap     ] GC(346) Archive regions: 2->2
[5.538s][info   ][gc,heap     ] GC(346) Humongous regions: 918->640
[5.538s][info   ][gc,metaspace] GC(346) Metaspace: 158K(384K)->158K(384K) NonClass: 150K(256K)->150K(256K) Class: 8K(128K)->8K(128K)
[5.538s][info   ][gc          ] GC(346) Pause Young (Concurrent Start) (G1 Humongous Allocation) 919M->641M(2048M) 2.291ms
[5.538s][info   ][gc,cpu      ] GC(346) User=0.00s Sys=0.00s Real=0.00s
[5.538s][info   ][gc          ] GC(347) Concurrent Undo Cycle
[5.538s][info   ][gc,marking  ] GC(347) Concurrent Cleanup for Next Mark
[5.567s][info   ][gc,marking  ] GC(347) Concurrent Cleanup for Next Mark 29.484ms
[5.568s][info   ][gc          ] GC(347) Concurrent Undo Cycle 29.694ms
[5.568s][info   ][gc,start    ] GC(348) Pause Young (Concurrent Start) (G1 Humongous Allocation)
[5.569s][info   ][gc,task     ] GC(348) Using 4 workers of 4 for evacuation
[5.571s][info   ][gc,phases   ] GC(348)   Pre Evacuate Collection Set: 0.4ms
[5.571s][info   ][gc,phases   ] GC(348)   Merge Heap Roots: 0.2ms
[5.571s][info   ][gc,phases   ] GC(348)   Evacuate Collection Set: 0.4ms
[5.571s][info   ][gc,phases   ] GC(348)   Post Evacuate Collection Set: 1.6ms
[5.571s][info   ][gc,phases   ] GC(348)   Other: 0.3ms
[5.571s][info   ][gc,heap     ] GC(348) Eden regions: 0->0(1096)
[5.571s][info   ][gc,heap     ] GC(348) Survivor regions: 1->1(139)
[5.571s][info   ][gc,heap     ] GC(348) Old regions: 1->1
[5.571s][info   ][gc,heap     ] GC(348) Archive regions: 2->2
[5.571s][info   ][gc,heap     ] GC(348) Humongous regions: 990->652
[5.571s][info   ][gc,metaspace] GC(348) Metaspace: 158K(384K)->158K(384K) NonClass: 150K(256K)->150K(256K) Class: 8K(128K)->8K(128K)
[5.571s][info   ][gc          ] GC(348) Pause Young (Concurrent Start) (G1 Humongous Allocation) 991M->653M(2048M) 3.018ms
[5.572s][info   ][gc,cpu      ] GC(348) User=0.00s Sys=0.00s Real=0.00s
[5.572s][info   ][gc          ] GC(349) Concurrent Undo Cycle
[5.572s][info   ][gc,marking  ] GC(349) Concurrent Cleanup for Next Mark
[5.592s][info   ][gc,marking  ] GC(349) Concurrent Cleanup for Next Mark 20.525ms
[5.592s][info   ][gc          ] GC(349) Concurrent Undo Cycle 20.705ms
[5.594s][info   ][gc,start    ] GC(350) Pause Young (Concurrent Start) (G1 Humongous Allocation)
[5.594s][info   ][gc,task     ] GC(350) Using 4 workers of 4 for evacuation
[5.595s][info   ][gc,phases   ] GC(350)   Pre Evacuate Collection Set: 0.2ms
[5.595s][info   ][gc,phases   ] GC(350)   Merge Heap Roots: 0.1ms
[5.595s][info   ][gc,phases   ] GC(350)   Evacuate Collection Set: 0.3ms
[5.595s][info   ][gc,phases   ] GC(350)   Post Evacuate Collection Set: 0.5ms
[5.595s][info   ][gc,phases   ] GC(350)   Other: 0.2ms
[5.595s][info   ][gc,heap     ] GC(350) Eden regions: 0->0(1084)
[5.595s][info   ][gc,heap     ] GC(350) Survivor regions: 1->1(138)
[5.595s][info   ][gc,heap     ] GC(350) Old regions: 1->1
[5.595s][info   ][gc,heap     ] GC(350) Archive regions: 2->2
[5.595s][info   ][gc,heap     ] GC(350) Humongous regions: 918->658
[5.595s][info   ][gc,metaspace] GC(350) Metaspace: 158K(384K)->158K(384K) NonClass: 150K(256K)->150K(256K) Class: 8K(128K)->8K(128K)
[5.595s][info   ][gc          ] GC(350) Pause Young (Concurrent Start) (G1 Humongous Allocation) 919M->659M(2048M) 1.260ms
[5.595s][info   ][gc,cpu      ] GC(350) User=0.01s Sys=0.00s Real=0.00s
[5.595s][info   ][gc          ] GC(351) Concurrent Undo Cycle
[5.595s][info   ][gc,marking  ] GC(351) Concurrent Cleanup for Next Mark
[5.626s][info   ][gc,marking  ] GC(351) Concurrent Cleanup for Next Mark 30.498ms
[5.626s][info   ][gc          ] GC(351) Concurrent Undo Cycle 30.705ms
[5.627s][info   ][gc,start    ] GC(352) Pause Young (Concurrent Start) (G1 Humongous Allocation)
[5.627s][info   ][gc,task     ] GC(352) Using 4 workers of 4 for evacuation
[5.628s][info   ][gc,phases   ] GC(352)   Pre Evacuate Collection Set: 0.2ms
[5.628s][info   ][gc,phases   ] GC(352)   Merge Heap Roots: 0.1ms
[5.628s][info   ][gc,phases   ] GC(352)   Evacuate Collection Set: 0.3ms
[5.628s][info   ][gc,phases   ] GC(352)   Post Evacuate Collection Set: 0.5ms
[5.628s][info   ][gc,phases   ] GC(352)   Other: 0.2ms
[5.628s][info   ][gc,heap     ] GC(352) Eden regions: 0->0(1046)
[5.628s][info   ][gc,heap     ] GC(352) Survivor regions: 1->1(136)
[5.628s][info   ][gc,heap     ] GC(352) Old regions: 1->1
[5.628s][info   ][gc,heap     ] GC(352) Archive regions: 2->2
[5.628s][info   ][gc,heap     ] GC(352) Humongous regions: 1062->706
[5.628s][info   ][gc,metaspace] GC(352) Metaspace: 158K(384K)->158K(384K) NonClass: 150K(256K)->150K(256K) Class: 8K(128K)->8K(128K)
[5.628s][info   ][gc          ] GC(352) Pause Young (Concurrent Start) (G1 Humongous Allocation) 1063M->707M(2048M) 1.358ms
[5.628s][info   ][gc,cpu      ] GC(352) User=0.00s Sys=0.00s Real=0.00s
[5.628s][info   ][gc          ] GC(353) Concurrent Undo Cycle
[5.628s][info   ][gc,marking  ] GC(353) Concurrent Cleanup for Next Mark
[5.641s][info   ][gc,marking  ] GC(353) Concurrent Cleanup for Next Mark 12.363ms
[5.641s][info   ][gc          ] GC(353) Concurrent Undo Cycle 12.629ms
[5.646s][info   ][gc,start    ] GC(354) Pause Young (Concurrent Start) (G1 Humongous Allocation)
[5.646s][info   ][gc,task     ] GC(354) Using 4 workers of 4 for evacuation
[5.647s][info   ][gc,phases   ] GC(354)   Pre Evacuate Collection Set: 0.2ms
[5.647s][info   ][gc,phases   ] GC(354)   Merge Heap Roots: 0.1ms
[5.647s][info   ][gc,phases   ] GC(354)   Evacuate Collection Set: 0.3ms
[5.647s][info   ][gc,phases   ] GC(354)   Post Evacuate Collection Set: 0.5ms
[5.647s][info   ][gc,phases   ] GC(354)   Other: 0.2ms
[5.647s][info   ][gc,heap     ] GC(354) Eden regions: 0->0(1076)
[5.647s][info   ][gc,heap     ] GC(354) Survivor regions: 1->1(131)
[5.647s][info   ][gc,heap     ] GC(354) Old regions: 1->1
[5.647s][info   ][gc,heap     ] GC(354) Archive regions: 2->2
[5.648s][info   ][gc,heap     ] GC(354) Humongous regions: 918->674
[5.648s][info   ][gc,metaspace] GC(354) Metaspace: 158K(384K)->158K(384K) NonClass: 150K(256K)->150K(256K) Class: 8K(128K)->8K(128K)
[5.648s][info   ][gc          ] GC(354) Pause Young (Concurrent Start) (G1 Humongous Allocation) 919M->675M(2048M) 1.289ms
[5.648s][info   ][gc,cpu      ] GC(354) User=0.00s Sys=0.00s Real=0.00s
[5.648s][info   ][gc          ] GC(355) Concurrent Undo Cycle
[5.648s][info   ][gc,marking  ] GC(355) Concurrent Cleanup for Next Mark
[5.665s][info   ][gc,marking  ] GC(355) Concurrent Cleanup for Next Mark 17.567ms
[5.665s][info   ][gc          ] GC(355) Concurrent Undo Cycle 17.732ms
[5.667s][info   ][gc,start    ] GC(356) Pause Young (Concurrent Start) (G1 Humongous Allocation)
[5.667s][info   ][gc,task     ] GC(356) Using 4 workers of 4 for evacuation
[5.668s][info   ][gc,phases   ] GC(356)   Pre Evacuate Collection Set: 0.1ms
[5.668s][info   ][gc,phases   ] GC(356)   Merge Heap Roots: 0.1ms
[5.668s][info   ][gc,phases   ] GC(356)   Evacuate Collection Set: 0.3ms
[5.668s][info   ][gc,phases   ] GC(356)   Post Evacuate Collection Set: 0.4ms
[5.668s][info   ][gc,phases   ] GC(356)   Other: 0.1ms
[5.668s][info   ][gc,heap     ] GC(356) Eden regions: 0->0(1057)
[5.668s][info   ][gc,heap     ] GC(356) Survivor regions: 1->1(135)
[5.668s][info   ][gc,heap     ] GC(356) Old regions: 1->1
[5.668s][info   ][gc,heap     ] GC(356) Archive regions: 2->2
[5.668s][info   ][gc,heap     ] GC(356) Humongous regions: 918->694
[5.668s][info   ][gc,metaspace] GC(356) Metaspace: 158K(384K)->158K(384K) NonClass: 150K(256K)->150K(256K) Class: 8K(128K)->8K(128K)
[5.668s][info   ][gc          ] GC(356) Pause Young (Concurrent Start) (G1 Humongous Allocation) 919M->695M(2048M) 1.181ms
[5.668s][info   ][gc,cpu      ] GC(356) User=0.01s Sys=0.01s Real=0.00s
[5.668s][info   ][gc          ] GC(357) Concurrent Undo Cycle
[5.668s][info   ][gc,marking  ] GC(357) Concurrent Cleanup for Next Mark
[5.696s][info   ][gc,marking  ] GC(357) Concurrent Cleanup for Next Mark 28.031ms
[5.696s][info   ][gc          ] GC(357) Concurrent Undo Cycle 28.346ms
[5.697s][info   ][gc,start    ] GC(358) Pause Young (Concurrent Start) (G1 Humongous Allocation)
[5.697s][info   ][gc,task     ] GC(358) Using 4 workers of 4 for evacuation
[5.698s][info   ][gc,phases   ] GC(358)   Pre Evacuate Collection Set: 0.2ms
[5.698s][info   ][gc,phases   ] GC(358)   Merge Heap Roots: 0.1ms
[5.698s][info   ][gc,phases   ] GC(358)   Evacuate Collection Set: 0.5ms
[5.698s][info   ][gc,phases   ] GC(358)   Post Evacuate Collection Set: 0.5ms
[5.698s][info   ][gc,phases   ] GC(358)   Other: 0.2ms
[5.698s][info   ][gc,heap     ] GC(358) Eden regions: 0->0(1085)
[5.698s][info   ][gc,heap     ] GC(358) Survivor regions: 1->1(133)
[5.698s][info   ][gc,heap     ] GC(358) Old regions: 1->1
[5.698s][info   ][gc,heap     ] GC(358) Archive regions: 2->2
[5.698s][info   ][gc,heap     ] GC(358) Humongous regions: 1068->664
[5.698s][info   ][gc,metaspace] GC(358) Metaspace: 158K(384K)->158K(384K) NonClass: 150K(256K)->150K(256K) Class: 8K(128K)->8K(128K)
[5.698s][info   ][gc          ] GC(358) Pause Young (Concurrent Start) (G1 Humongous Allocation) 1069M->665M(2048M) 1.583ms
[5.698s][info   ][gc,cpu      ] GC(358) User=0.00s Sys=0.00s Real=0.01s
[5.698s][info   ][gc          ] GC(359) Concurrent Undo Cycle
[5.698s][info   ][gc,marking  ] GC(359) Concurrent Cleanup for Next Mark
[5.722s][info   ][gc,marking  ] GC(359) Concurrent Cleanup for Next Mark 24.091ms
[5.722s][info   ][gc          ] GC(359) Concurrent Undo Cycle 24.299ms
[5.723s][info   ][gc,start    ] GC(360) Pause Young (Concurrent Start) (G1 Humongous Allocation)
[5.723s][info   ][gc,task     ] GC(360) Using 4 workers of 4 for evacuation
[5.724s][info   ][gc,phases   ] GC(360)   Pre Evacuate Collection Set: 0.2ms
[5.724s][info   ][gc,phases   ] GC(360)   Merge Heap Roots: 0.1ms
[5.724s][info   ][gc,phases   ] GC(360)   Evacuate Collection Set: 0.2ms
[5.724s][info   ][gc,phases   ] GC(360)   Post Evacuate Collection Set: 0.5ms
[5.724s][info   ][gc,phases   ] GC(360)   Other: 0.1ms
[5.724s][info   ][gc,heap     ] GC(360) Eden regions: 0->0(1083)
[5.724s][info   ][gc,heap     ] GC(360) Survivor regions: 1->1(136)
[5.724s][info   ][gc,heap     ] GC(360) Old regions: 1->1
[5.724s][info   ][gc,heap     ] GC(360) Archive regions: 2->2
[5.724s][info   ][gc,heap     ] GC(360) Humongous regions: 988->666
[5.724s][info   ][gc,metaspace] GC(360) Metaspace: 158K(384K)->158K(384K) NonClass: 150K(256K)->150K(256K) Class: 8K(128K)->8K(128K)
[5.724s][info   ][gc          ] GC(360) Pause Young (Concurrent Start) (G1 Humongous Allocation) 989M->667M(2048M) 1.202ms
[5.724s][info   ][gc,cpu      ] GC(360) User=0.01s Sys=0.01s Real=0.00s
[5.724s][info   ][gc          ] GC(361) Concurrent Undo Cycle
[5.724s][info   ][gc,marking  ] GC(361) Concurrent Cleanup for Next Mark
[5.733s][info   ][gc,marking  ] GC(361) Concurrent Cleanup for Next Mark 9.243ms
[5.733s][info   ][gc          ] GC(361) Concurrent Undo Cycle 9.462ms
[5.736s][info   ][gc,start    ] GC(362) Pause Young (Concurrent Start) (G1 Humongous Allocation)
[5.736s][info   ][gc,task     ] GC(362) Using 4 workers of 4 for evacuation
[5.738s][info   ][gc,phases   ] GC(362)   Pre Evacuate Collection Set: 0.2ms
[5.738s][info   ][gc,phases   ] GC(362)   Merge Heap Roots: 0.1ms
[5.738s][info   ][gc,phases   ] GC(362)   Evacuate Collection Set: 0.5ms
[5.738s][info   ][gc,phases   ] GC(362)   Post Evacuate Collection Set: 0.6ms
[5.738s][info   ][gc,phases   ] GC(362)   Other: 0.3ms
[5.738s][info   ][gc,heap     ] GC(362) Eden regions: 0->0(1093)
[5.738s][info   ][gc,heap     ] GC(362) Survivor regions: 1->0(136)
[5.738s][info   ][gc,heap     ] GC(362) Old regions: 1->1
[5.738s][info   ][gc,heap     ] GC(362) Archive regions: 2->2
[5.738s][info   ][gc,heap     ] GC(362) Humongous regions: 748->656
[5.738s][info   ][gc,metaspace] GC(362) Metaspace: 158K(384K)->158K(384K) NonClass: 150K(256K)->150K(256K) Class: 8K(128K)->8K(128K)
[5.738s][info   ][gc          ] GC(362) Pause Young (Concurrent Start) (G1 Humongous Allocation) 749M->657M(2048M) 1.823ms
[5.738s][info   ][gc,cpu      ] GC(362) User=0.00s Sys=0.00s Real=0.00s
[5.738s][info   ][gc          ] GC(363) Concurrent Undo Cycle
[5.738s][info   ][gc,marking  ] GC(363) Concurrent Cleanup for Next Mark
[5.761s][info   ][gc,marking  ] GC(363) Concurrent Cleanup for Next Mark 23.114ms
[5.762s][info   ][gc          ] GC(363) Concurrent Undo Cycle 23.410ms
[5.763s][info   ][gc,start    ] GC(364) Pause Young (Concurrent Start) (G1 Humongous Allocation)
[5.763s][info   ][gc,task     ] GC(364) Using 4 workers of 4 for evacuation
[5.765s][info   ][gc,phases   ] GC(364)   Pre Evacuate Collection Set: 0.4ms
[5.765s][info   ][gc,phases   ] GC(364)   Merge Heap Roots: 0.1ms
[5.765s][info   ][gc,phases   ] GC(364)   Evacuate Collection Set: 0.3ms
[5.765s][info   ][gc,phases   ] GC(364)   Post Evacuate Collection Set: 0.6ms
[5.765s][info   ][gc,phases   ] GC(364)   Other: 0.5ms
[5.765s][info   ][gc,heap     ] GC(364) Eden regions: 0->0(1108)
[5.765s][info   ][gc,heap     ] GC(364) Survivor regions: 0->0(137)
[5.765s][info   ][gc,heap     ] GC(364) Old regions: 1->1
[5.765s][info   ][gc,heap     ] GC(364) Archive regions: 2->2
[5.765s][info   ][gc,heap     ] GC(364) Humongous regions: 968->640
[5.765s][info   ][gc,metaspace] GC(364) Metaspace: 158K(384K)->158K(384K) NonClass: 150K(256K)->150K(256K) Class: 8K(128K)->8K(128K)
[5.765s][info   ][gc          ] GC(364) Pause Young (Concurrent Start) (G1 Humongous Allocation) 969M->641M(2048M) 2.012ms
[5.765s][info   ][gc,cpu      ] GC(364) User=0.00s Sys=0.00s Real=0.00s
[5.765s][info   ][gc          ] GC(365) Concurrent Undo Cycle
[5.765s][info   ][gc,marking  ] GC(365) Concurrent Cleanup for Next Mark
[5.777s][info   ][gc,marking  ] GC(365) Concurrent Cleanup for Next Mark 11.881ms
[5.777s][info   ][gc          ] GC(365) Concurrent Undo Cycle 12.059ms
[5.779s][info   ][gc,start    ] GC(366) Pause Young (Concurrent Start) (G1 Humongous Allocation)
[5.779s][info   ][gc,task     ] GC(366) Using 4 workers of 4 for evacuation
[5.780s][info   ][gc,phases   ] GC(366)   Pre Evacuate Collection Set: 0.2ms
[5.780s][info   ][gc,phases   ] GC(366)   Merge Heap Roots: 0.1ms
[5.780s][info   ][gc,phases   ] GC(366)   Evacuate Collection Set: 0.3ms
[5.780s][info   ][gc,phases   ] GC(366)   Post Evacuate Collection Set: 0.5ms
[5.780s][info   ][gc,phases   ] GC(366)   Other: 0.2ms
[5.780s][info   ][gc,heap     ] GC(366) Eden regions: 0->0(1115)
[5.780s][info   ][gc,heap     ] GC(366) Survivor regions: 0->0(139)
[5.780s][info   ][gc,heap     ] GC(366) Old regions: 1->1
[5.780s][info   ][gc,heap     ] GC(366) Archive regions: 2->2
[5.780s][info   ][gc,heap     ] GC(366) Humongous regions: 800->632
[5.780s][info   ][gc,metaspace] GC(366) Metaspace: 158K(384K)->158K(384K) NonClass: 150K(256K)->150K(256K) Class: 8K(128K)->8K(128K)
[5.780s][info   ][gc          ] GC(366) Pause Young (Concurrent Start) (G1 Humongous Allocation) 801M->633M(2048M) 1.418ms
[5.780s][info   ][gc,cpu      ] GC(366) User=0.00s Sys=0.00s Real=0.00s
[5.780s][info   ][gc          ] GC(367) Concurrent Undo Cycle
[5.780s][info   ][gc,marking  ] GC(367) Concurrent Cleanup for Next Mark
[5.801s][info   ][gc,marking  ] GC(367) Concurrent Cleanup for Next Mark 20.185ms
[5.801s][info   ][gc          ] GC(367) Concurrent Undo Cycle 20.407ms
[5.802s][info   ][gc,start    ] GC(368) Pause Young (Concurrent Start) (G1 Humongous Allocation)
[5.802s][info   ][gc,task     ] GC(368) Using 4 workers of 4 for evacuation
[5.804s][info   ][gc,phases   ] GC(368)   Pre Evacuate Collection Set: 0.2ms
[5.804s][info   ][gc,phases   ] GC(368)   Merge Heap Roots: 0.1ms
[5.804s][info   ][gc,phases   ] GC(368)   Evacuate Collection Set: 0.4ms
[5.804s][info   ][gc,phases   ] GC(368)   Post Evacuate Collection Set: 0.5ms
[5.804s][info   ][gc,phases   ] GC(368)   Other: 0.2ms
[5.804s][info   ][gc,heap     ] GC(368) Eden regions: 0->0(1148)
[5.804s][info   ][gc,heap     ] GC(368) Survivor regions: 0->0(140)
[5.804s][info   ][gc,heap     ] GC(368) Old regions: 1->1
[5.804s][info   ][gc,heap     ] GC(368) Archive regions: 2->2
[5.804s][info   ][gc,heap     ] GC(368) Humongous regions: 918->596
[5.804s][info   ][gc,metaspace] GC(368) Metaspace: 158K(384K)->158K(384K) NonClass: 150K(256K)->150K(256K) Class: 8K(128K)->8K(128K)
[5.804s][info   ][gc          ] GC(368) Pause Young (Concurrent Start) (G1 Humongous Allocation) 919M->597M(2048M) 1.496ms
[5.804s][info   ][gc,cpu      ] GC(368) User=0.00s Sys=0.00s Real=0.00s
[5.804s][info   ][gc          ] GC(369) Concurrent Undo Cycle
[5.804s][info   ][gc,marking  ] GC(369) Concurrent Cleanup for Next Mark
[5.817s][info   ][gc,marking  ] GC(369) Concurrent Cleanup for Next Mark 13.251ms
[5.817s][info   ][gc          ] GC(369) Concurrent Undo Cycle 13.454ms
[5.833s][info   ][gc,start    ] GC(370) Pause Young (Concurrent Start) (G1 Humongous Allocation)
[5.833s][info   ][gc,task     ] GC(370) Using 4 workers of 4 for evacuation
[5.834s][info   ][gc,phases   ] GC(370)   Pre Evacuate Collection Set: 0.3ms
[5.834s][info   ][gc,phases   ] GC(370)   Merge Heap Roots: 0.1ms
[5.834s][info   ][gc,phases   ] GC(370)   Evacuate Collection Set: 0.2ms
[5.834s][info   ][gc,phases   ] GC(370)   Post Evacuate Collection Set: 0.7ms
[5.834s][info   ][gc,phases   ] GC(370)   Other: 0.2ms
[5.834s][info   ][gc,heap     ] GC(370) Eden regions: 0->0(1160)
[5.834s][info   ][gc,heap     ] GC(370) Survivor regions: 0->0(144)
[5.834s][info   ][gc,heap     ] GC(370) Old regions: 1->1
[5.834s][info   ][gc,heap     ] GC(370) Archive regions: 2->2
[5.834s][info   ][gc,heap     ] GC(370) Humongous regions: 918->584
[5.834s][info   ][gc,metaspace] GC(370) Metaspace: 158K(384K)->158K(384K) NonClass: 150K(256K)->150K(256K) Class: 8K(128K)->8K(128K)
[5.834s][info   ][gc          ] GC(370) Pause Young (Concurrent Start) (G1 Humongous Allocation) 919M->585M(2048M) 1.691ms
[5.834s][info   ][gc,cpu      ] GC(370) User=0.00s Sys=0.01s Real=0.00s
[5.834s][info   ][gc          ] GC(371) Concurrent Undo Cycle
[5.834s][info   ][gc,marking  ] GC(371) Concurrent Cleanup for Next Mark
[5.856s][info   ][gc,marking  ] GC(371) Concurrent Cleanup for Next Mark 21.890ms
[5.856s][info   ][gc          ] GC(371) Concurrent Undo Cycle 22.084ms
[5.861s][info   ][gc,start    ] GC(372) Pause Young (Concurrent Start) (G1 Humongous Allocation)
[5.861s][info   ][gc,task     ] GC(372) Using 4 workers of 4 for evacuation
[5.863s][info   ][gc,phases   ] GC(372)   Pre Evacuate Collection Set: 0.2ms
[5.863s][info   ][gc,phases   ] GC(372)   Merge Heap Roots: 0.1ms
[5.863s][info   ][gc,phases   ] GC(372)   Evacuate Collection Set: 0.5ms
[5.863s][info   ][gc,phases   ] GC(372)   Post Evacuate Collection Set: 0.6ms
[5.863s][info   ][gc,phases   ] GC(372)   Other: 0.2ms
[5.863s][info   ][gc,heap     ] GC(372) Eden regions: 0->0(1141)
[5.863s][info   ][gc,heap     ] GC(372) Survivor regions: 0->0(145)
[5.863s][info   ][gc,heap     ] GC(372) Old regions: 1->1
[5.863s][info   ][gc,heap     ] GC(372) Archive regions: 2->2
[5.863s][info   ][gc,heap     ] GC(372) Humongous regions: 918->604
[5.863s][info   ][gc,metaspace] GC(372) Metaspace: 158K(384K)->158K(384K) NonClass: 150K(256K)->150K(256K) Class: 8K(128K)->8K(128K)
[5.863s][info   ][gc          ] GC(372) Pause Young (Concurrent Start) (G1 Humongous Allocation) 919M->605M(2048M) 1.731ms
[5.863s][info   ][gc,cpu      ] GC(372) User=0.00s Sys=0.00s Real=0.00s
[5.863s][info   ][gc          ] GC(373) Concurrent Undo Cycle
[5.863s][info   ][gc,marking  ] GC(373) Concurrent Cleanup for Next Mark
[5.867s][info   ][gc,marking  ] GC(373) Concurrent Cleanup for Next Mark 4.496ms
[5.867s][info   ][gc          ] GC(373) Concurrent Undo Cycle 4.642ms
[5.873s][info   ][gc,start    ] GC(374) Pause Young (Concurrent Start) (G1 Humongous Allocation)
[5.873s][info   ][gc,task     ] GC(374) Using 4 workers of 4 for evacuation
[5.874s][info   ][gc,phases   ] GC(374)   Pre Evacuate Collection Set: 0.2ms
[5.874s][info   ][gc,phases   ] GC(374)   Merge Heap Roots: 0.1ms
[5.874s][info   ][gc,phases   ] GC(374)   Evacuate Collection Set: 0.2ms
[5.874s][info   ][gc,phases   ] GC(374)   Post Evacuate Collection Set: 0.4ms
[5.874s][info   ][gc,phases   ] GC(374)   Other: 0.2ms
[5.874s][info   ][gc,heap     ] GC(374) Eden regions: 0->0(1150)
[5.874s][info   ][gc,heap     ] GC(374) Survivor regions: 0->0(143)
[5.874s][info   ][gc,heap     ] GC(374) Old regions: 1->1
[5.874s][info   ][gc,heap     ] GC(374) Archive regions: 2->2
[5.874s][info   ][gc,heap     ] GC(374) Humongous regions: 704->594
[5.874s][info   ][gc,metaspace] GC(374) Metaspace: 158K(384K)->158K(384K) NonClass: 150K(256K)->150K(256K) Class: 8K(128K)->8K(128K)
[5.874s][info   ][gc          ] GC(374) Pause Young (Concurrent Start) (G1 Humongous Allocation) 705M->595M(2048M) 1.083ms
[5.874s][info   ][gc,cpu      ] GC(374) User=0.00s Sys=0.00s Real=0.00s
[5.874s][info   ][gc          ] GC(375) Concurrent Undo Cycle
[5.874s][info   ][gc,marking  ] GC(375) Concurrent Cleanup for Next Mark
[5.879s][info   ][gc,marking  ] GC(375) Concurrent Cleanup for Next Mark 4.704ms
[5.879s][info   ][gc          ] GC(375) Concurrent Undo Cycle 4.845ms
[5.899s][info   ][gc,start    ] GC(376) Pause Young (Concurrent Start) (G1 Humongous Allocation)
[5.899s][info   ][gc,task     ] GC(376) Using 4 workers of 4 for evacuation
[5.900s][info   ][gc,phases   ] GC(376)   Pre Evacuate Collection Set: 0.2ms
[5.900s][info   ][gc,phases   ] GC(376)   Merge Heap Roots: 0.1ms
[5.900s][info   ][gc,phases   ] GC(376)   Evacuate Collection Set: 0.3ms
[5.900s][info   ][gc,phases   ] GC(376)   Post Evacuate Collection Set: 0.5ms
[5.900s][info   ][gc,phases   ] GC(376)   Other: 0.2ms
[5.900s][info   ][gc,heap     ] GC(376) Eden regions: 0->0(1173)
[5.900s][info   ][gc,heap     ] GC(376) Survivor regions: 0->0(144)
[5.900s][info   ][gc,heap     ] GC(376) Old regions: 1->1
[5.900s][info   ][gc,heap     ] GC(376) Archive regions: 2->2
[5.900s][info   ][gc,heap     ] GC(376) Humongous regions: 918->570
[5.900s][info   ][gc,metaspace] GC(376) Metaspace: 158K(384K)->158K(384K) NonClass: 150K(256K)->150K(256K) Class: 8K(128K)->8K(128K)
[5.900s][info   ][gc          ] GC(376) Pause Young (Concurrent Start) (G1 Humongous Allocation) 919M->571M(2048M) 1.422ms
[5.900s][info   ][gc,cpu      ] GC(376) User=0.00s Sys=0.00s Real=0.00s
[5.900s][info   ][gc          ] GC(377) Concurrent Undo Cycle
[5.900s][info   ][gc,marking  ] GC(377) Concurrent Cleanup for Next Mark
[5.920s][info   ][gc,marking  ] GC(377) Concurrent Cleanup for Next Mark 19.800ms
[5.920s][info   ][gc          ] GC(377) Concurrent Undo Cycle 20.010ms
[5.926s][info   ][gc,start    ] GC(378) Pause Young (Concurrent Start) (G1 Humongous Allocation)
[5.926s][info   ][gc,task     ] GC(378) Using 4 workers of 4 for evacuation
[5.928s][info   ][gc,phases   ] GC(378)   Pre Evacuate Collection Set: 0.2ms
[5.928s][info   ][gc,phases   ] GC(378)   Merge Heap Roots: 0.1ms
[5.928s][info   ][gc,phases   ] GC(378)   Evacuate Collection Set: 0.3ms
[5.928s][info   ][gc,phases   ] GC(378)   Post Evacuate Collection Set: 0.6ms
[5.928s][info   ][gc,phases   ] GC(378)   Other: 0.2ms
[5.928s][info   ][gc,heap     ] GC(378) Eden regions: 0->0(1150)
[5.928s][info   ][gc,heap     ] GC(378) Survivor regions: 0->0(147)
[5.928s][info   ][gc,heap     ] GC(378) Old regions: 1->1
[5.928s][info   ][gc,heap     ] GC(378) Archive regions: 2->2
[5.928s][info   ][gc,heap     ] GC(378) Humongous regions: 918->594
[5.928s][info   ][gc,metaspace] GC(378) Metaspace: 158K(384K)->158K(384K) NonClass: 150K(256K)->150K(256K) Class: 8K(128K)->8K(128K)
[5.928s][info   ][gc          ] GC(378) Pause Young (Concurrent Start) (G1 Humongous Allocation) 919M->595M(2048M) 1.441ms
[5.928s][info   ][gc,cpu      ] GC(378) User=0.00s Sys=0.00s Real=0.00s
[5.928s][info   ][gc          ] GC(379) Concurrent Undo Cycle
[5.928s][info   ][gc,marking  ] GC(379) Concurrent Cleanup for Next Mark
[5.959s][info   ][gc,marking  ] GC(379) Concurrent Cleanup for Next Mark 31.421ms
[5.962s][info   ][gc          ] GC(379) Concurrent Undo Cycle 34.602ms
[5.963s][info   ][gc,start    ] GC(380) Pause Young (Concurrent Start) (G1 Humongous Allocation)
[5.963s][info   ][gc,task     ] GC(380) Using 4 workers of 4 for evacuation
[5.965s][info   ][gc,phases   ] GC(380)   Pre Evacuate Collection Set: 0.2ms
[5.965s][info   ][gc,phases   ] GC(380)   Merge Heap Roots: 0.1ms
[5.965s][info   ][gc,phases   ] GC(380)   Evacuate Collection Set: 0.5ms
[5.965s][info   ][gc,phases   ] GC(380)   Post Evacuate Collection Set: 0.9ms
[5.965s][info   ][gc,phases   ] GC(380)   Other: 0.2ms
[5.965s][info   ][gc,heap     ] GC(380) Eden regions: 0->0(1158)
[5.965s][info   ][gc,heap     ] GC(380) Survivor regions: 0->0(144)
[5.965s][info   ][gc,heap     ] GC(380) Old regions: 1->1
[5.965s][info   ][gc,heap     ] GC(380) Archive regions: 2->2
[5.965s][info   ][gc,heap     ] GC(380) Humongous regions: 1038->586
[5.965s][info   ][gc,metaspace] GC(380) Metaspace: 158K(384K)->158K(384K) NonClass: 150K(256K)->150K(256K) Class: 8K(128K)->8K(128K)
[5.965s][info   ][gc          ] GC(380) Pause Young (Concurrent Start) (G1 Humongous Allocation) 1039M->587M(2048M) 1.956ms
[5.965s][info   ][gc,cpu      ] GC(380) User=0.00s Sys=0.00s Real=0.00s
[5.965s][info   ][gc          ] GC(381) Concurrent Undo Cycle
[5.965s][info   ][gc,marking  ] GC(381) Concurrent Cleanup for Next Mark
[5.984s][info   ][gc,marking  ] GC(381) Concurrent Cleanup for Next Mark 18.688ms
[5.984s][info   ][gc          ] GC(381) Concurrent Undo Cycle 18.902ms
[5.991s][info   ][gc,start    ] GC(382) Pause Young (Concurrent Start) (G1 Humongous Allocation)
[5.991s][info   ][gc,task     ] GC(382) Using 4 workers of 4 for evacuation
[5.992s][info   ][gc,phases   ] GC(382)   Pre Evacuate Collection Set: 0.3ms
[5.992s][info   ][gc,phases   ] GC(382)   Merge Heap Roots: 0.1ms
[5.992s][info   ][gc,phases   ] GC(382)   Evacuate Collection Set: 0.2ms
[5.992s][info   ][gc,phases   ] GC(382)   Post Evacuate Collection Set: 0.5ms
[5.992s][info   ][gc,phases   ] GC(382)   Other: 0.2ms
[5.992s][info   ][gc,heap     ] GC(382) Eden regions: 0->0(1198)
[5.992s][info   ][gc,heap     ] GC(382) Survivor regions: 0->0(145)
[5.992s][info   ][gc,heap     ] GC(382) Old regions: 1->1
[5.992s][info   ][gc,heap     ] GC(382) Archive regions: 2->2
[5.992s][info   ][gc,heap     ] GC(382) Humongous regions: 918->542
[5.992s][info   ][gc,metaspace] GC(382) Metaspace: 158K(384K)->158K(384K) NonClass: 150K(256K)->150K(256K) Class: 8K(128K)->8K(128K)
[5.992s][info   ][gc          ] GC(382) Pause Young (Concurrent Start) (G1 Humongous Allocation) 919M->543M(2048M) 1.352ms
[5.992s][info   ][gc,cpu      ] GC(382) User=0.00s Sys=0.00s Real=0.00s
[5.992s][info   ][gc          ] GC(383) Concurrent Undo Cycle
[5.992s][info   ][gc,marking  ] GC(383) Concurrent Cleanup for Next Mark
[6.032s][info   ][gc,marking  ] GC(383) Concurrent Cleanup for Next Mark 39.695ms
[6.032s][info   ][gc          ] GC(383) Concurrent Undo Cycle 39.937ms
[6.033s][info   ][gc,start    ] GC(384) Pause Young (Concurrent Start) (G1 Humongous Allocation)
[6.033s][info   ][gc,task     ] GC(384) Using 4 workers of 4 for evacuation
[6.034s][info   ][gc,phases   ] GC(384)   Pre Evacuate Collection Set: 0.2ms
[6.034s][info   ][gc,phases   ] GC(384)   Merge Heap Roots: 0.1ms
[6.034s][info   ][gc,phases   ] GC(384)   Evacuate Collection Set: 0.4ms
[6.034s][info   ][gc,phases   ] GC(384)   Post Evacuate Collection Set: 0.6ms
[6.034s][info   ][gc,phases   ] GC(384)   Other: 0.2ms
[6.034s][info   ][gc,heap     ] GC(384) Eden regions: 0->0(1228)
[6.034s][info   ][gc,heap     ] GC(384) Survivor regions: 0->0(150)
[6.034s][info   ][gc,heap     ] GC(384) Old regions: 1->1
[6.034s][info   ][gc,heap     ] GC(384) Archive regions: 2->2
[6.034s][info   ][gc,heap     ] GC(384) Humongous regions: 1112->484
[6.034s][info   ][gc,metaspace] GC(384) Metaspace: 158K(384K)->158K(384K) NonClass: 150K(256K)->150K(256K) Class: 8K(128K)->8K(128K)
[6.034s][info   ][gc          ] GC(384) Pause Young (Concurrent Start) (G1 Humongous Allocation) 1113M->485M(2048M) 1.483ms
[6.034s][info   ][gc,cpu      ] GC(384) User=0.00s Sys=0.00s Real=0.00s
[6.034s][info   ][gc          ] GC(385) Concurrent Undo Cycle
[6.035s][info   ][gc,marking  ] GC(385) Concurrent Cleanup for Next Mark
[6.050s][info   ][gc,marking  ] GC(385) Concurrent Cleanup for Next Mark 15.529ms
[6.050s][info   ][gc          ] GC(385) Concurrent Undo Cycle 15.721ms
[6.066s][info   ][gc,start    ] GC(386) Pause Young (Concurrent Start) (G1 Humongous Allocation)
[6.066s][info   ][gc,task     ] GC(386) Using 4 workers of 4 for evacuation
[6.067s][info   ][gc,phases   ] GC(386)   Pre Evacuate Collection Set: 0.3ms
[6.067s][info   ][gc,phases   ] GC(386)   Merge Heap Roots: 0.1ms
[6.067s][info   ][gc,phases   ] GC(386)   Evacuate Collection Set: 0.4ms
[6.067s][info   ][gc,phases   ] GC(386)   Post Evacuate Collection Set: 0.6ms
[6.067s][info   ][gc,phases   ] GC(386)   Other: 0.2ms
[6.067s][info   ][gc,heap     ] GC(386) Eden regions: 0->0(1189)
[6.067s][info   ][gc,heap     ] GC(386) Survivor regions: 0->0(154)
[6.067s][info   ][gc,heap     ] GC(386) Old regions: 1->1
[6.067s][info   ][gc,heap     ] GC(386) Archive regions: 2->2
[6.067s][info   ][gc,heap     ] GC(386) Humongous regions: 918->552
[6.067s][info   ][gc,metaspace] GC(386) Metaspace: 158K(384K)->158K(384K) NonClass: 150K(256K)->150K(256K) Class: 8K(128K)->8K(128K)
[6.067s][info   ][gc          ] GC(386) Pause Young (Concurrent Start) (G1 Humongous Allocation) 919M->553M(2048M) 1.672ms
[6.067s][info   ][gc,cpu      ] GC(386) User=0.00s Sys=0.01s Real=0.00s
[6.067s][info   ][gc          ] GC(387) Concurrent Undo Cycle
[6.067s][info   ][gc,marking  ] GC(387) Concurrent Cleanup for Next Mark
[6.086s][info   ][gc,marking  ] GC(387) Concurrent Cleanup for Next Mark 16.463ms
[6.086s][info   ][gc          ] GC(387) Concurrent Undo Cycle 18.460ms
[6.096s][info   ][gc,start    ] GC(388) Pause Young (Concurrent Start) (G1 Humongous Allocation)
[6.096s][info   ][gc,task     ] GC(388) Using 4 workers of 4 for evacuation
[6.097s][info   ][gc,phases   ] GC(388)   Pre Evacuate Collection Set: 0.2ms
[6.097s][info   ][gc,phases   ] GC(388)   Merge Heap Roots: 0.1ms
[6.097s][info   ][gc,phases   ] GC(388)   Evacuate Collection Set: 0.5ms
[6.097s][info   ][gc,phases   ] GC(388)   Post Evacuate Collection Set: 0.5ms
[6.097s][info   ][gc,phases   ] GC(388)   Other: 0.2ms
[6.097s][info   ][gc,heap     ] GC(388) Eden regions: 0->0(1191)
[6.097s][info   ][gc,heap     ] GC(388) Survivor regions: 0->0(149)
[6.097s][info   ][gc,heap     ] GC(388) Old regions: 1->1
[6.097s][info   ][gc,heap     ] GC(388) Archive regions: 2->2
[6.097s][info   ][gc,heap     ] GC(388) Humongous regions: 918->550
[6.098s][info   ][gc,metaspace] GC(388) Metaspace: 158K(384K)->158K(384K) NonClass: 150K(256K)->150K(256K) Class: 8K(128K)->8K(128K)
[6.098s][info   ][gc          ] GC(388) Pause Young (Concurrent Start) (G1 Humongous Allocation) 919M->551M(2048M) 1.596ms
[6.098s][info   ][gc,cpu      ] GC(388) User=0.00s Sys=0.00s Real=0.00s
[6.098s][info   ][gc          ] GC(389) Concurrent Undo Cycle
[6.098s][info   ][gc,marking  ] GC(389) Concurrent Cleanup for Next Mark
[6.115s][info   ][gc,marking  ] GC(389) Concurrent Cleanup for Next Mark 16.889ms
[6.115s][info   ][gc          ] GC(389) Concurrent Undo Cycle 17.102ms
[6.125s][info   ][gc,start    ] GC(390) Pause Young (Concurrent Start) (G1 Humongous Allocation)
[6.126s][info   ][gc,task     ] GC(390) Using 4 workers of 4 for evacuation
[6.127s][info   ][gc,phases   ] GC(390)   Pre Evacuate Collection Set: 0.2ms
[6.127s][info   ][gc,phases   ] GC(390)   Merge Heap Roots: 0.1ms
[6.127s][info   ][gc,phases   ] GC(390)   Evacuate Collection Set: 0.2ms
[6.127s][info   ][gc,phases   ] GC(390)   Post Evacuate Collection Set: 0.6ms
[6.127s][info   ][gc,phases   ] GC(390)   Other: 0.2ms
[6.127s][info   ][gc,heap     ] GC(390) Eden regions: 0->0(1174)
[6.127s][info   ][gc,heap     ] GC(390) Survivor regions: 0->0(149)
[6.127s][info   ][gc,heap     ] GC(390) Old regions: 1->1
[6.127s][info   ][gc,heap     ] GC(390) Archive regions: 2->2
[6.127s][info   ][gc,heap     ] GC(390) Humongous regions: 918->568
[6.127s][info   ][gc,metaspace] GC(390) Metaspace: 158K(384K)->158K(384K) NonClass: 150K(256K)->150K(256K) Class: 8K(128K)->8K(128K)
[6.127s][info   ][gc          ] GC(390) Pause Young (Concurrent Start) (G1 Humongous Allocation) 919M->569M(2048M) 1.337ms
[6.127s][info   ][gc,cpu      ] GC(390) User=0.00s Sys=0.00s Real=0.00s
[6.127s][info   ][gc          ] GC(391) Concurrent Undo Cycle
[6.127s][info   ][gc,marking  ] GC(391) Concurrent Cleanup for Next Mark
[6.135s][info   ][gc,marking  ] GC(391) Concurrent Cleanup for Next Mark 8.396ms
[6.136s][info   ][gc          ] GC(391) Concurrent Undo Cycle 9.497ms
[6.155s][info   ][gc,start    ] GC(392) Pause Young (Concurrent Start) (G1 Humongous Allocation)
[6.155s][info   ][gc,task     ] GC(392) Using 4 workers of 4 for evacuation
[6.156s][info   ][gc,phases   ] GC(392)   Pre Evacuate Collection Set: 0.2ms
[6.156s][info   ][gc,phases   ] GC(392)   Merge Heap Roots: 0.1ms
[6.156s][info   ][gc,phases   ] GC(392)   Evacuate Collection Set: 0.3ms
[6.156s][info   ][gc,phases   ] GC(392)   Post Evacuate Collection Set: 0.8ms
[6.156s][info   ][gc,phases   ] GC(392)   Other: 0.2ms
[6.156s][info   ][gc,heap     ] GC(392) Eden regions: 0->0(1108)
[6.156s][info   ][gc,heap     ] GC(392) Survivor regions: 0->0(147)
[6.156s][info   ][gc,heap     ] GC(392) Old regions: 1->1
[6.156s][info   ][gc,heap     ] GC(392) Archive regions: 2->2
[6.156s][info   ][gc,heap     ] GC(392) Humongous regions: 918->640
[6.156s][info   ][gc,metaspace] GC(392) Metaspace: 158K(384K)->158K(384K) NonClass: 150K(256K)->150K(256K) Class: 8K(128K)->8K(128K)
[6.156s][info   ][gc          ] GC(392) Pause Young (Concurrent Start) (G1 Humongous Allocation) 919M->641M(2048M) 1.630ms
[6.156s][info   ][gc,cpu      ] GC(392) User=0.00s Sys=0.00s Real=0.00s
[6.157s][info   ][gc          ] GC(393) Concurrent Undo Cycle
[6.157s][info   ][gc,marking  ] GC(393) Concurrent Cleanup for Next Mark
[6.177s][info   ][gc,marking  ] GC(393) Concurrent Cleanup for Next Mark 20.580ms
[6.177s][info   ][gc          ] GC(393) Concurrent Undo Cycle 20.792ms
[6.181s][info   ][gc,start    ] GC(394) Pause Young (Concurrent Start) (G1 Humongous Allocation)
[6.181s][info   ][gc,task     ] GC(394) Using 4 workers of 4 for evacuation
[6.183s][info   ][gc,phases   ] GC(394)   Pre Evacuate Collection Set: 0.2ms
[6.183s][info   ][gc,phases   ] GC(394)   Merge Heap Roots: 0.1ms
[6.183s][info   ][gc,phases   ] GC(394)   Evacuate Collection Set: 0.3ms
[6.183s][info   ][gc,phases   ] GC(394)   Post Evacuate Collection Set: 0.8ms
[6.183s][info   ][gc,phases   ] GC(394)   Other: 0.3ms
[6.183s][info   ][gc,heap     ] GC(394) Eden regions: 0->0(1084)
[6.183s][info   ][gc,heap     ] GC(394) Survivor regions: 0->0(139)
[6.183s][info   ][gc,heap     ] GC(394) Old regions: 1->1
[6.183s][info   ][gc,heap     ] GC(394) Archive regions: 2->2
[6.183s][info   ][gc,heap     ] GC(394) Humongous regions: 918->666
[6.183s][info   ][gc,metaspace] GC(394) Metaspace: 158K(384K)->158K(384K) NonClass: 150K(256K)->150K(256K) Class: 8K(128K)->8K(128K)
[6.183s][info   ][gc          ] GC(394) Pause Young (Concurrent Start) (G1 Humongous Allocation) 919M->667M(2048M) 1.765ms
[6.183s][info   ][gc,cpu      ] GC(394) User=0.00s Sys=0.00s Real=0.00s
[6.183s][info   ][gc          ] GC(395) Concurrent Undo Cycle
[6.183s][info   ][gc,marking  ] GC(395) Concurrent Cleanup for Next Mark
[6.205s][info   ][gc,marking  ] GC(395) Concurrent Cleanup for Next Mark 21.956ms
[6.205s][info   ][gc          ] GC(395) Concurrent Undo Cycle 22.161ms
[6.206s][info   ][gc,start    ] GC(396) Pause Young (Concurrent Start) (G1 Humongous Allocation)
[6.206s][info   ][gc,task     ] GC(396) Using 4 workers of 4 for evacuation
[6.207s][info   ][gc,phases   ] GC(396)   Pre Evacuate Collection Set: 0.2ms
[6.207s][info   ][gc,phases   ] GC(396)   Merge Heap Roots: 0.1ms
[6.207s][info   ][gc,phases   ] GC(396)   Evacuate Collection Set: 0.3ms
[6.207s][info   ][gc,phases   ] GC(396)   Post Evacuate Collection Set: 0.6ms
[6.207s][info   ][gc,phases   ] GC(396)   Other: 0.2ms
[6.207s][info   ][gc,heap     ] GC(396) Eden regions: 0->0(1073)
[6.207s][info   ][gc,heap     ] GC(396) Survivor regions: 0->0(136)
[6.207s][info   ][gc,heap     ] GC(396) Old regions: 1->1
[6.207s][info   ][gc,heap     ] GC(396) Archive regions: 2->2
[6.207s][info   ][gc,heap     ] GC(396) Humongous regions: 942->678
[6.207s][info   ][gc,metaspace] GC(396) Metaspace: 158K(384K)->158K(384K) NonClass: 150K(256K)->150K(256K) Class: 8K(128K)->8K(128K)
[6.207s][info   ][gc          ] GC(396) Pause Young (Concurrent Start) (G1 Humongous Allocation) 943M->679M(2048M) 1.458ms
[6.207s][info   ][gc,cpu      ] GC(396) User=0.00s Sys=0.00s Real=0.00s
[6.207s][info   ][gc          ] GC(397) Concurrent Undo Cycle
[6.207s][info   ][gc,marking  ] GC(397) Concurrent Cleanup for Next Mark
[6.231s][info   ][gc,marking  ] GC(397) Concurrent Cleanup for Next Mark 23.780ms
[6.231s][info   ][gc          ] GC(397) Concurrent Undo Cycle 24.012ms
[6.232s][info   ][gc,start    ] GC(398) Pause Young (Concurrent Start) (G1 Humongous Allocation)
[6.232s][info   ][gc,task     ] GC(398) Using 4 workers of 4 for evacuation
[6.233s][info   ][gc,phases   ] GC(398)   Pre Evacuate Collection Set: 0.3ms
[6.233s][info   ][gc,phases   ] GC(398)   Merge Heap Roots: 0.1ms
[6.233s][info   ][gc,phases   ] GC(398)   Evacuate Collection Set: 0.2ms
[6.233s][info   ][gc,phases   ] GC(398)   Post Evacuate Collection Set: 0.5ms
[6.233s][info   ][gc,phases   ] GC(398)   Other: 0.2ms
[6.233s][info   ][gc,heap     ] GC(398) Eden regions: 0->0(1099)
[6.233s][info   ][gc,heap     ] GC(398) Survivor regions: 0->0(135)
[6.233s][info   ][gc,heap     ] GC(398) Old regions: 1->1
[6.233s][info   ][gc,heap     ] GC(398) Archive regions: 2->2
[6.233s][info   ][gc,heap     ] GC(398) Humongous regions: 976->650
[6.233s][info   ][gc,metaspace] GC(398) Metaspace: 158K(384K)->158K(384K) NonClass: 150K(256K)->150K(256K) Class: 8K(128K)->8K(128K)
[6.233s][info   ][gc          ] GC(398) Pause Young (Concurrent Start) (G1 Humongous Allocation) 977M->651M(2048M) 1.350ms
[6.233s][info   ][gc,cpu      ] GC(398) User=0.00s Sys=0.00s Real=0.00s
[6.233s][info   ][gc          ] GC(399) Concurrent Undo Cycle
[6.233s][info   ][gc,marking  ] GC(399) Concurrent Cleanup for Next Mark
[6.247s][info   ][gc,marking  ] GC(399) Concurrent Cleanup for Next Mark 13.322ms
[6.247s][info   ][gc          ] GC(399) Concurrent Undo Cycle 13.511ms
[6.255s][info   ][gc,start    ] GC(400) Pause Young (Concurrent Start) (G1 Humongous Allocation)
[6.255s][info   ][gc,task     ] GC(400) Using 4 workers of 4 for evacuation
[6.256s][info   ][gc,phases   ] GC(400)   Pre Evacuate Collection Set: 0.3ms
[6.256s][info   ][gc,phases   ] GC(400)   Merge Heap Roots: 0.1ms
[6.256s][info   ][gc,phases   ] GC(400)   Evacuate Collection Set: 0.2ms
[6.256s][info   ][gc,phases   ] GC(400)   Post Evacuate Collection Set: 0.5ms
[6.256s][info   ][gc,phases   ] GC(400)   Other: 0.2ms
[6.256s][info   ][gc,heap     ] GC(400) Eden regions: 0->0(1158)
[6.256s][info   ][gc,heap     ] GC(400) Survivor regions: 0->0(138)
[6.256s][info   ][gc,heap     ] GC(400) Old regions: 1->1
[6.256s][info   ][gc,heap     ] GC(400) Archive regions: 2->2
[6.256s][info   ][gc,heap     ] GC(400) Humongous regions: 918->586
[6.256s][info   ][gc,metaspace] GC(400) Metaspace: 158K(384K)->158K(384K) NonClass: 150K(256K)->150K(256K) Class: 8K(128K)->8K(128K)
[6.256s][info   ][gc          ] GC(400) Pause Young (Concurrent Start) (G1 Humongous Allocation) 919M->587M(2048M) 1.385ms
[6.256s][info   ][gc,cpu      ] GC(400) User=0.00s Sys=0.01s Real=0.00s
[6.256s][info   ][gc          ] GC(401) Concurrent Undo Cycle
[6.256s][info   ][gc,marking  ] GC(401) Concurrent Cleanup for Next Mark
[6.276s][info   ][gc,marking  ] GC(401) Concurrent Cleanup for Next Mark 20.028ms
[6.276s][info   ][gc          ] GC(401) Concurrent Undo Cycle 20.340ms
[6.285s][info   ][gc,start    ] GC(402) Pause Young (Concurrent Start) (G1 Humongous Allocation)
[6.285s][info   ][gc,task     ] GC(402) Using 4 workers of 4 for evacuation
[6.287s][info   ][gc,phases   ] GC(402)   Pre Evacuate Collection Set: 0.3ms
[6.287s][info   ][gc,phases   ] GC(402)   Merge Heap Roots: 0.1ms
[6.287s][info   ][gc,phases   ] GC(402)   Evacuate Collection Set: 0.7ms
[6.287s][info   ][gc,phases   ] GC(402)   Post Evacuate Collection Set: 0.5ms
[6.287s][info   ][gc,phases   ] GC(402)   Other: 0.2ms
[6.287s][info   ][gc,heap     ] GC(402) Eden regions: 0->0(1132)
[6.287s][info   ][gc,heap     ] GC(402) Survivor regions: 0->0(145)
[6.287s][info   ][gc,heap     ] GC(402) Old regions: 1->1
[6.287s][info   ][gc,heap     ] GC(402) Archive regions: 2->2
[6.287s][info   ][gc,heap     ] GC(402) Humongous regions: 918->614
[6.287s][info   ][gc,metaspace] GC(402) Metaspace: 158K(384K)->158K(384K) NonClass: 150K(256K)->150K(256K) Class: 8K(128K)->8K(128K)
[6.287s][info   ][gc          ] GC(402) Pause Young (Concurrent Start) (G1 Humongous Allocation) 919M->615M(2048M) 1.817ms
[6.287s][info   ][gc,cpu      ] GC(402) User=0.01s Sys=0.00s Real=0.00s
[6.287s][info   ][gc          ] GC(403) Concurrent Undo Cycle
[6.287s][info   ][gc,marking  ] GC(403) Concurrent Cleanup for Next Mark
[6.299s][info   ][gc,marking  ] GC(403) Concurrent Cleanup for Next Mark 11.473ms
[6.299s][info   ][gc          ] GC(403) Concurrent Undo Cycle 11.707ms
[6.314s][info   ][gc,start    ] GC(404) Pause Young (Concurrent Start) (G1 Humongous Allocation)
[6.314s][info   ][gc,task     ] GC(404) Using 4 workers of 4 for evacuation
[6.315s][info   ][gc,phases   ] GC(404)   Pre Evacuate Collection Set: 0.2ms
[6.315s][info   ][gc,phases   ] GC(404)   Merge Heap Roots: 0.1ms
[6.315s][info   ][gc,phases   ] GC(404)   Evacuate Collection Set: 0.2ms
[6.315s][info   ][gc,phases   ] GC(404)   Post Evacuate Collection Set: 0.5ms
[6.315s][info   ][gc,phases   ] GC(404)   Other: 0.2ms
[6.315s][info   ][gc,heap     ] GC(404) Eden regions: 0->0(1139)
[6.315s][info   ][gc,heap     ] GC(404) Survivor regions: 0->0(142)
[6.315s][info   ][gc,heap     ] GC(404) Old regions: 1->1
[6.315s][info   ][gc,heap     ] GC(404) Archive regions: 2->2
[6.315s][info   ][gc,heap     ] GC(404) Humongous regions: 918->606
[6.315s][info   ][gc,metaspace] GC(404) Metaspace: 158K(384K)->158K(384K) NonClass: 150K(256K)->150K(256K) Class: 8K(128K)->8K(128K)
[6.315s][info   ][gc          ] GC(404) Pause Young (Concurrent Start) (G1 Humongous Allocation) 919M->607M(2048M) 1.351ms
[6.315s][info   ][gc,cpu      ] GC(404) User=0.00s Sys=0.00s Real=0.00s
[6.315s][info   ][gc          ] GC(405) Concurrent Undo Cycle
[6.315s][info   ][gc,marking  ] GC(405) Concurrent Cleanup for Next Mark
[6.322s][info   ][gc,marking  ] GC(405) Concurrent Cleanup for Next Mark 7.147ms
[6.322s][info   ][gc          ] GC(405) Concurrent Undo Cycle 7.256ms
[6.327s][info   ][gc,start    ] GC(406) Pause Young (Concurrent Start) (G1 Humongous Allocation)
[6.327s][info   ][gc,task     ] GC(406) Using 4 workers of 4 for evacuation
[6.329s][info   ][gc,phases   ] GC(406)   Pre Evacuate Collection Set: 0.2ms
[6.329s][info   ][gc,phases   ] GC(406)   Merge Heap Roots: 0.1ms
[6.329s][info   ][gc,phases   ] GC(406)   Evacuate Collection Set: 0.7ms
[6.329s][info   ][gc,phases   ] GC(406)   Post Evacuate Collection Set: 0.4ms
[6.329s][info   ][gc,phases   ] GC(406)   Other: 0.2ms
[6.329s][info   ][gc,heap     ] GC(406) Eden regions: 0->0(1124)
[6.329s][info   ][gc,heap     ] GC(406) Survivor regions: 0->0(143)
[6.329s][info   ][gc,heap     ] GC(406) Old regions: 1->1
[6.329s][info   ][gc,heap     ] GC(406) Archive regions: 2->2
[6.329s][info   ][gc,heap     ] GC(406) Humongous regions: 710->622
[6.329s][info   ][gc,metaspace] GC(406) Metaspace: 158K(384K)->158K(384K) NonClass: 150K(256K)->150K(256K) Class: 8K(128K)->8K(128K)
[6.329s][info   ][gc          ] GC(406) Pause Young (Concurrent Start) (G1 Humongous Allocation) 711M->623M(2048M) 1.673ms
[6.329s][info   ][gc,cpu      ] GC(406) User=0.00s Sys=0.00s Real=0.01s
[6.329s][info   ][gc          ] GC(407) Concurrent Undo Cycle
[6.329s][info   ][gc,marking  ] GC(407) Concurrent Cleanup for Next Mark
[6.345s][info   ][gc,marking  ] GC(407) Concurrent Cleanup for Next Mark 15.720ms
[6.345s][info   ][gc          ] GC(407) Concurrent Undo Cycle 15.956ms
[6.352s][info   ][gc,start    ] GC(408) Pause Young (Concurrent Start) (G1 Humongous Allocation)
[6.352s][info   ][gc,task     ] GC(408) Using 4 workers of 4 for evacuation
[6.353s][info   ][gc,phases   ] GC(408)   Pre Evacuate Collection Set: 0.2ms
[6.353s][info   ][gc,phases   ] GC(408)   Merge Heap Roots: 0.1ms
[6.353s][info   ][gc,phases   ] GC(408)   Evacuate Collection Set: 0.3ms
[6.353s][info   ][gc,phases   ] GC(408)   Post Evacuate Collection Set: 0.6ms
[6.353s][info   ][gc,phases   ] GC(408)   Other: 0.3ms
[6.353s][info   ][gc,heap     ] GC(408) Eden regions: 0->0(1139)
[6.353s][info   ][gc,heap     ] GC(408) Survivor regions: 0->0(141)
[6.353s][info   ][gc,heap     ] GC(408) Old regions: 1->1
[6.353s][info   ][gc,heap     ] GC(408) Archive regions: 2->2
[6.353s][info   ][gc,heap     ] GC(408) Humongous regions: 918->606
[6.353s][info   ][gc,metaspace] GC(408) Metaspace: 158K(384K)->158K(384K) NonClass: 150K(256K)->150K(256K) Class: 8K(128K)->8K(128K)
[6.353s][info   ][gc          ] GC(408) Pause Young (Concurrent Start) (G1 Humongous Allocation) 919M->607M(2048M) 1.469ms
[6.353s][info   ][gc,cpu      ] GC(408) User=0.00s Sys=0.00s Real=0.00s
[6.353s][info   ][gc          ] GC(409) Concurrent Undo Cycle
[6.353s][info   ][gc,marking  ] GC(409) Concurrent Cleanup for Next Mark
[6.365s][info   ][gc,marking  ] GC(409) Concurrent Cleanup for Next Mark 12.158ms
[6.366s][info   ][gc          ] GC(409) Concurrent Undo Cycle 12.545ms
[6.368s][info   ][gc,start    ] GC(410) Pause Young (Concurrent Start) (G1 Humongous Allocation)
[6.368s][info   ][gc,task     ] GC(410) Using 4 workers of 4 for evacuation
[6.369s][info   ][gc,phases   ] GC(410)   Pre Evacuate Collection Set: 0.2ms
[6.369s][info   ][gc,phases   ] GC(410)   Merge Heap Roots: 0.1ms
[6.369s][info   ][gc,phases   ] GC(410)   Evacuate Collection Set: 0.2ms
[6.369s][info   ][gc,phases   ] GC(410)   Post Evacuate Collection Set: 0.4ms
[6.369s][info   ][gc,phases   ] GC(410)   Other: 0.2ms
[6.369s][info   ][gc,heap     ] GC(410) Eden regions: 0->0(1137)
[6.369s][info   ][gc,heap     ] GC(410) Survivor regions: 0->0(143)
[6.369s][info   ][gc,heap     ] GC(410) Old regions: 1->1
[6.369s][info   ][gc,heap     ] GC(410) Archive regions: 2->2
[6.369s][info   ][gc,heap     ] GC(410) Humongous regions: 744->608
[6.369s][info   ][gc,metaspace] GC(410) Metaspace: 158K(384K)->158K(384K) NonClass: 150K(256K)->150K(256K) Class: 8K(128K)->8K(128K)
[6.369s][info   ][gc          ] GC(410) Pause Young (Concurrent Start) (G1 Humongous Allocation) 745M->609M(2048M) 1.181ms
[6.369s][info   ][gc,cpu      ] GC(410) User=0.00s Sys=0.00s Real=0.01s
[6.372s][info   ][gc          ] GC(411) Concurrent Undo Cycle
[6.373s][info   ][gc,marking  ] GC(411) Concurrent Cleanup for Next Mark
[6.396s][info   ][gc,marking  ] GC(411) Concurrent Cleanup for Next Mark 22.934ms
[6.396s][info   ][gc          ] GC(411) Concurrent Undo Cycle 23.220ms
[6.397s][info   ][gc,start    ] GC(412) Pause Young (Concurrent Start) (G1 Humongous Allocation)
[6.397s][info   ][gc,task     ] GC(412) Using 4 workers of 4 for evacuation
[6.398s][info   ][gc,phases   ] GC(412)   Pre Evacuate Collection Set: 0.2ms
[6.398s][info   ][gc,phases   ] GC(412)   Merge Heap Roots: 0.1ms
[6.398s][info   ][gc,phases   ] GC(412)   Evacuate Collection Set: 0.3ms
[6.398s][info   ][gc,phases   ] GC(412)   Post Evacuate Collection Set: 0.6ms
[6.398s][info   ][gc,phases   ] GC(412)   Other: 0.2ms
[6.398s][info   ][gc,heap     ] GC(412) Eden regions: 0->0(1112)
[6.398s][info   ][gc,heap     ] GC(412) Survivor regions: 0->0(143)
[6.398s][info   ][gc,heap     ] GC(412) Old regions: 1->1
[6.398s][info   ][gc,heap     ] GC(412) Archive regions: 2->2
[6.398s][info   ][gc,heap     ] GC(412) Humongous regions: 946->636
[6.398s][info   ][gc,metaspace] GC(412) Metaspace: 158K(384K)->158K(384K) NonClass: 150K(256K)->150K(256K) Class: 8K(128K)->8K(128K)
[6.398s][info   ][gc          ] GC(412) Pause Young (Concurrent Start) (G1 Humongous Allocation) 947M->637M(2048M) 1.364ms
[6.398s][info   ][gc,cpu      ] GC(412) User=0.00s Sys=0.01s Real=0.01s
[6.398s][info   ][gc          ] GC(413) Concurrent Undo Cycle
[6.398s][info   ][gc,marking  ] GC(413) Concurrent Cleanup for Next Mark
[6.420s][info   ][gc,marking  ] GC(413) Concurrent Cleanup for Next Mark 21.186ms
[6.420s][info   ][gc          ] GC(413) Concurrent Undo Cycle 21.444ms
[6.421s][info   ][gc,start    ] GC(414) Pause Young (Concurrent Start) (G1 Humongous Allocation)
[6.421s][info   ][gc,task     ] GC(414) Using 4 workers of 4 for evacuation
[6.422s][info   ][gc,phases   ] GC(414)   Pre Evacuate Collection Set: 0.2ms
[6.422s][info   ][gc,phases   ] GC(414)   Merge Heap Roots: 0.1ms
[6.422s][info   ][gc,phases   ] GC(414)   Evacuate Collection Set: 0.3ms
[6.422s][info   ][gc,phases   ] GC(414)   Post Evacuate Collection Set: 0.4ms
[6.422s][info   ][gc,phases   ] GC(414)   Other: 0.2ms
[6.422s][info   ][gc,heap     ] GC(414) Eden regions: 0->0(1075)
[6.422s][info   ][gc,heap     ] GC(414) Survivor regions: 0->0(139)
[6.422s][info   ][gc,heap     ] GC(414) Old regions: 1->1
[6.422s][info   ][gc,heap     ] GC(414) Archive regions: 2->2
[6.422s][info   ][gc,heap     ] GC(414) Humongous regions: 918->676
[6.422s][info   ][gc,metaspace] GC(414) Metaspace: 158K(384K)->158K(384K) NonClass: 150K(256K)->150K(256K) Class: 8K(128K)->8K(128K)
[6.422s][info   ][gc          ] GC(414) Pause Young (Concurrent Start) (G1 Humongous Allocation) 919M->677M(2048M) 1.189ms
[6.422s][info   ][gc,cpu      ] GC(414) User=0.00s Sys=0.00s Real=0.00s
[6.423s][info   ][gc          ] GC(415) Concurrent Undo Cycle
[6.423s][info   ][gc,marking  ] GC(415) Concurrent Cleanup for Next Mark
[6.450s][info   ][gc,marking  ] GC(415) Concurrent Cleanup for Next Mark 27.150ms
[6.450s][info   ][gc          ] GC(415) Concurrent Undo Cycle 27.403ms
[6.451s][info   ][gc,start    ] GC(416) Pause Young (Concurrent Start) (G1 Humongous Allocation)
[6.451s][info   ][gc,task     ] GC(416) Using 4 workers of 4 for evacuation
[6.453s][info   ][gc,phases   ] GC(416)   Pre Evacuate Collection Set: 0.4ms
[6.453s][info   ][gc,phases   ] GC(416)   Merge Heap Roots: 0.1ms
[6.453s][info   ][gc,phases   ] GC(416)   Evacuate Collection Set: 0.3ms
[6.453s][info   ][gc,phases   ] GC(416)   Post Evacuate Collection Set: 0.8ms
[6.453s][info   ][gc,phases   ] GC(416)   Other: 0.2ms
[6.453s][info   ][gc,heap     ] GC(416) Eden regions: 0->0(1010)
[6.453s][info   ][gc,heap     ] GC(416) Survivor regions: 0->0(135)
[6.453s][info   ][gc,heap     ] GC(416) Old regions: 1->1
[6.453s][info   ][gc,heap     ] GC(416) Archive regions: 2->2
[6.453s][info   ][gc,heap     ] GC(416) Humongous regions: 1038->746
[6.453s][info   ][gc,metaspace] GC(416) Metaspace: 158K(384K)->158K(384K) NonClass: 150K(256K)->150K(256K) Class: 8K(128K)->8K(128K)
[6.453s][info   ][gc          ] GC(416) Pause Young (Concurrent Start) (G1 Humongous Allocation) 1039M->747M(2048M) 1.926ms
[6.453s][info   ][gc,cpu      ] GC(416) User=0.00s Sys=0.00s Real=0.00s
[6.454s][info   ][gc          ] GC(417) Concurrent Undo Cycle
[6.454s][info   ][gc,marking  ] GC(417) Concurrent Cleanup for Next Mark
[6.482s][info   ][gc,marking  ] GC(417) Concurrent Cleanup for Next Mark 28.225ms
[6.483s][info   ][gc          ] GC(417) Concurrent Undo Cycle 28.884ms
[6.484s][info   ][gc,start    ] GC(418) Pause Young (Concurrent Start) (G1 Humongous Allocation)
[6.484s][info   ][gc,task     ] GC(418) Using 4 workers of 4 for evacuation
[6.486s][info   ][gc,phases   ] GC(418)   Pre Evacuate Collection Set: 0.4ms
[6.486s][info   ][gc,phases   ] GC(418)   Merge Heap Roots: 0.1ms
[6.486s][info   ][gc,phases   ] GC(418)   Evacuate Collection Set: 1.2ms
[6.486s][info   ][gc,phases   ] GC(418)   Post Evacuate Collection Set: 0.8ms
[6.486s][info   ][gc,phases   ] GC(418)   Other: 0.2ms
[6.486s][info   ][gc,heap     ] GC(418) Eden regions: 0->0(1025)
[6.486s][info   ][gc,heap     ] GC(418) Survivor regions: 0->0(127)
[6.486s][info   ][gc,heap     ] GC(418) Old regions: 1->1
[6.486s][info   ][gc,heap     ] GC(418) Archive regions: 2->2
[6.486s][info   ][gc,heap     ] GC(418) Humongous regions: 1118->730
[6.486s][info   ][gc,metaspace] GC(418) Metaspace: 158K(384K)->158K(384K) NonClass: 150K(256K)->150K(256K) Class: 8K(128K)->8K(128K)
[6.486s][info   ][gc          ] GC(418) Pause Young (Concurrent Start) (G1 Humongous Allocation) 1119M->731M(2048M) 2.914ms
[6.487s][info   ][gc,cpu      ] GC(418) User=0.00s Sys=0.00s Real=0.00s
[6.487s][info   ][gc          ] GC(419) Concurrent Undo Cycle
[6.487s][info   ][gc,marking  ] GC(419) Concurrent Cleanup for Next Mark
[6.493s][info   ][gc,marking  ] GC(419) Concurrent Cleanup for Next Mark 6.788ms
[6.494s][info   ][gc          ] GC(419) Concurrent Undo Cycle 6.987ms
[6.505s][info   ][gc,start    ] GC(420) Pause Young (Concurrent Start) (G1 Humongous Allocation)
[6.505s][info   ][gc,task     ] GC(420) Using 4 workers of 4 for evacuation
[6.506s][info   ][gc,phases   ] GC(420)   Pre Evacuate Collection Set: 0.3ms
[6.506s][info   ][gc,phases   ] GC(420)   Merge Heap Roots: 0.2ms
[6.506s][info   ][gc,phases   ] GC(420)   Evacuate Collection Set: 0.4ms
[6.506s][info   ][gc,phases   ] GC(420)   Post Evacuate Collection Set: 0.5ms
[6.506s][info   ][gc,phases   ] GC(420)   Other: 0.3ms
[6.506s][info   ][gc,heap     ] GC(420) Eden regions: 0->0(1051)
[6.506s][info   ][gc,heap     ] GC(420) Survivor regions: 0->0(129)
[6.506s][info   ][gc,heap     ] GC(420) Old regions: 1->1
[6.506s][info   ][gc,heap     ] GC(420) Archive regions: 2->2
[6.506s][info   ][gc,heap     ] GC(420) Humongous regions: 918->702
[6.506s][info   ][gc,metaspace] GC(420) Metaspace: 158K(384K)->158K(384K) NonClass: 150K(256K)->150K(256K) Class: 8K(128K)->8K(128K)
[6.506s][info   ][gc          ] GC(420) Pause Young (Concurrent Start) (G1 Humongous Allocation) 919M->703M(2048M) 1.678ms
[6.506s][info   ][gc,cpu      ] GC(420) User=0.00s Sys=0.01s Real=0.00s
[6.506s][info   ][gc          ] GC(421) Concurrent Undo Cycle
[6.506s][info   ][gc,marking  ] GC(421) Concurrent Cleanup for Next Mark
[6.526s][info   ][gc,marking  ] GC(421) Concurrent Cleanup for Next Mark 19.944ms
[6.527s][info   ][gc          ] GC(421) Concurrent Undo Cycle 20.272ms
[6.527s][info   ][gc,start    ] GC(422) Pause Young (Concurrent Start) (G1 Humongous Allocation)
[6.527s][info   ][gc,task     ] GC(422) Using 4 workers of 4 for evacuation
[6.529s][info   ][gc,phases   ] GC(422)   Pre Evacuate Collection Set: 0.2ms
[6.529s][info   ][gc,phases   ] GC(422)   Merge Heap Roots: 0.1ms
[6.529s][info   ][gc,phases   ] GC(422)   Evacuate Collection Set: 0.4ms
[6.529s][info   ][gc,phases   ] GC(422)   Post Evacuate Collection Set: 0.6ms
[6.529s][info   ][gc,phases   ] GC(422)   Other: 0.2ms
[6.529s][info   ][gc,heap     ] GC(422) Eden regions: 0->0(1036)
[6.529s][info   ][gc,heap     ] GC(422) Survivor regions: 0->0(132)
[6.529s][info   ][gc,heap     ] GC(422) Old regions: 1->1
[6.529s][info   ][gc,heap     ] GC(422) Archive regions: 2->2
[6.529s][info   ][gc,heap     ] GC(422) Humongous regions: 950->718
[6.529s][info   ][gc,metaspace] GC(422) Metaspace: 158K(384K)->158K(384K) NonClass: 150K(256K)->150K(256K) Class: 8K(128K)->8K(128K)
[6.529s][info   ][gc          ] GC(422) Pause Young (Concurrent Start) (G1 Humongous Allocation) 951M->719M(2048M) 1.567ms
[6.529s][info   ][gc,cpu      ] GC(422) User=0.00s Sys=0.00s Real=0.01s
[6.529s][info   ][gc          ] GC(423) Concurrent Undo Cycle
[6.529s][info   ][gc,marking  ] GC(423) Concurrent Cleanup for Next Mark
[6.534s][info   ][gc,marking  ] GC(423) Concurrent Cleanup for Next Mark 5.140ms
[6.534s][info   ][gc          ] GC(423) Concurrent Undo Cycle 5.277ms
[6.542s][info   ][gc,start    ] GC(424) Pause Young (Concurrent Start) (G1 Humongous Allocation)
[6.542s][info   ][gc,task     ] GC(424) Using 4 workers of 4 for evacuation
[6.544s][info   ][gc,phases   ] GC(424)   Pre Evacuate Collection Set: 0.2ms
[6.544s][info   ][gc,phases   ] GC(424)   Merge Heap Roots: 0.1ms
[6.544s][info   ][gc,phases   ] GC(424)   Evacuate Collection Set: 0.6ms
[6.544s][info   ][gc,phases   ] GC(424)   Post Evacuate Collection Set: 0.4ms
[6.544s][info   ][gc,phases   ] GC(424)   Other: 0.2ms
[6.544s][info   ][gc,heap     ] GC(424) Eden regions: 0->0(1045)
[6.544s][info   ][gc,heap     ] GC(424) Survivor regions: 0->0(130)
[6.544s][info   ][gc,heap     ] GC(424) Old regions: 1->1
[6.544s][info   ][gc,heap     ] GC(424) Archive regions: 2->2
[6.544s][info   ][gc,heap     ] GC(424) Humongous regions: 864->708
[6.544s][info   ][gc,metaspace] GC(424) Metaspace: 158K(384K)->158K(384K) NonClass: 150K(256K)->150K(256K) Class: 8K(128K)->8K(128K)
[6.544s][info   ][gc          ] GC(424) Pause Young (Concurrent Start) (G1 Humongous Allocation) 865M->709M(2048M) 1.631ms
[6.544s][info   ][gc,cpu      ] GC(424) User=0.01s Sys=0.00s Real=0.00s
[6.544s][info   ][gc          ] GC(425) Concurrent Undo Cycle
[6.544s][info   ][gc,marking  ] GC(425) Concurrent Cleanup for Next Mark
[6.571s][info   ][gc,marking  ] GC(425) Concurrent Cleanup for Next Mark 27.450ms
[6.572s][info   ][gc          ] GC(425) Concurrent Undo Cycle 27.708ms
[6.573s][info   ][gc,start    ] GC(426) Pause Young (Concurrent Start) (G1 Humongous Allocation)
[6.573s][info   ][gc,task     ] GC(426) Using 4 workers of 4 for evacuation
[6.574s][info   ][gc,phases   ] GC(426)   Pre Evacuate Collection Set: 0.3ms
[6.574s][info   ][gc,phases   ] GC(426)   Merge Heap Roots: 0.1ms
[6.574s][info   ][gc,phases   ] GC(426)   Evacuate Collection Set: 0.4ms
[6.575s][info   ][gc,phases   ] GC(426)   Post Evacuate Collection Set: 0.7ms
[6.575s][info   ][gc,phases   ] GC(426)   Other: 0.2ms
[6.575s][info   ][gc,heap     ] GC(426) Eden regions: 0->0(1075)
[6.575s][info   ][gc,heap     ] GC(426) Survivor regions: 0->0(131)
[6.575s][info   ][gc,heap     ] GC(426) Old regions: 1->1
[6.575s][info   ][gc,heap     ] GC(426) Archive regions: 2->2
[6.575s][info   ][gc,heap     ] GC(426) Humongous regions: 1068->676
[6.575s][info   ][gc,metaspace] GC(426) Metaspace: 158K(384K)->158K(384K) NonClass: 150K(256K)->150K(256K) Class: 8K(128K)->8K(128K)
[6.575s][info   ][gc          ] GC(426) Pause Young (Concurrent Start) (G1 Humongous Allocation) 1069M->677M(2048M) 1.770ms
[6.575s][info   ][gc,cpu      ] GC(426) User=0.01s Sys=0.00s Real=0.00s
[6.575s][info   ][gc          ] GC(427) Concurrent Undo Cycle
[6.578s][info   ][gc,marking  ] GC(427) Concurrent Cleanup for Next Mark
[6.602s][info   ][gc,marking  ] GC(427) Concurrent Cleanup for Next Mark 23.976ms
[6.602s][info   ][gc          ] GC(427) Concurrent Undo Cycle 27.011ms
[6.602s][info   ][gc,start    ] GC(428) Pause Young (Concurrent Start) (G1 Humongous Allocation)
[6.602s][info   ][gc,task     ] GC(428) Using 4 workers of 4 for evacuation
[6.604s][info   ][gc,phases   ] GC(428)   Pre Evacuate Collection Set: 0.3ms
[6.604s][info   ][gc,phases   ] GC(428)   Merge Heap Roots: 0.1ms
[6.604s][info   ][gc,phases   ] GC(428)   Evacuate Collection Set: 0.3ms
[6.604s][info   ][gc,phases   ] GC(428)   Post Evacuate Collection Set: 0.6ms
[6.604s][info   ][gc,phases   ] GC(428)   Other: 0.2ms
[6.604s][info   ][gc,heap     ] GC(428) Eden regions: 0->0(1075)
[6.604s][info   ][gc,heap     ] GC(428) Survivor regions: 0->0(135)
[6.604s][info   ][gc,heap     ] GC(428) Old regions: 1->1
[6.604s][info   ][gc,heap     ] GC(428) Archive regions: 2->2
[6.604s][info   ][gc,heap     ] GC(428) Humongous regions: 1040->676
[6.604s][info   ][gc,metaspace] GC(428) Metaspace: 158K(384K)->158K(384K) NonClass: 150K(256K)->150K(256K) Class: 8K(128K)->8K(128K)
[6.604s][info   ][gc          ] GC(428) Pause Young (Concurrent Start) (G1 Humongous Allocation) 1041M->677M(2048M) 1.543ms
[6.604s][info   ][gc,cpu      ] GC(428) User=0.00s Sys=0.00s Real=0.00s
[6.604s][info   ][gc          ] GC(429) Concurrent Undo Cycle
[6.604s][info   ][gc,marking  ] GC(429) Concurrent Cleanup for Next Mark
[6.617s][info   ][gc,marking  ] GC(429) Concurrent Cleanup for Next Mark 12.854ms
[6.617s][info   ][gc          ] GC(429) Concurrent Undo Cycle 13.053ms
[6.625s][info   ][gc,start    ] GC(430) Pause Young (Concurrent Start) (G1 Humongous Allocation)
[6.625s][info   ][gc,task     ] GC(430) Using 4 workers of 4 for evacuation
[6.626s][info   ][gc,phases   ] GC(430)   Pre Evacuate Collection Set: 0.2ms
[6.626s][info   ][gc,phases   ] GC(430)   Merge Heap Roots: 0.1ms
[6.626s][info   ][gc,phases   ] GC(430)   Evacuate Collection Set: 0.4ms
[6.626s][info   ][gc,phases   ] GC(430)   Post Evacuate Collection Set: 0.5ms
[6.626s][info   ][gc,phases   ] GC(430)   Other: 0.2ms
[6.626s][info   ][gc,heap     ] GC(430) Eden regions: 0->0(1128)
[6.626s][info   ][gc,heap     ] GC(430) Survivor regions: 0->0(135)
[6.626s][info   ][gc,heap     ] GC(430) Old regions: 1->1
[6.626s][info   ][gc,heap     ] GC(430) Archive regions: 2->2
[6.626s][info   ][gc,heap     ] GC(430) Humongous regions: 918->618
[6.626s][info   ][gc,metaspace] GC(430) Metaspace: 158K(384K)->158K(384K) NonClass: 150K(256K)->150K(256K) Class: 8K(128K)->8K(128K)
[6.626s][info   ][gc          ] GC(430) Pause Young (Concurrent Start) (G1 Humongous Allocation) 919M->619M(2048M) 1.518ms
[6.626s][info   ][gc,cpu      ] GC(430) User=0.00s Sys=0.01s Real=0.00s
[6.626s][info   ][gc          ] GC(431) Concurrent Undo Cycle
[6.626s][info   ][gc,marking  ] GC(431) Concurrent Cleanup for Next Mark
[6.639s][info   ][gc,marking  ] GC(431) Concurrent Cleanup for Next Mark 12.148ms
[6.639s][info   ][gc          ] GC(431) Concurrent Undo Cycle 12.415ms
[6.651s][info   ][gc,start    ] GC(432) Pause Young (Concurrent Start) (G1 Humongous Allocation)
[6.651s][info   ][gc,task     ] GC(432) Using 4 workers of 4 for evacuation
[6.653s][info   ][gc,phases   ] GC(432)   Pre Evacuate Collection Set: 0.2ms
[6.653s][info   ][gc,phases   ] GC(432)   Merge Heap Roots: 0.1ms
[6.653s][info   ][gc,phases   ] GC(432)   Evacuate Collection Set: 0.5ms
[6.653s][info   ][gc,phases   ] GC(432)   Post Evacuate Collection Set: 0.5ms
[6.653s][info   ][gc,phases   ] GC(432)   Other: 0.2ms
[6.653s][info   ][gc,heap     ] GC(432) Eden regions: 0->0(1152)
[6.653s][info   ][gc,heap     ] GC(432) Survivor regions: 0->0(141)
[6.653s][info   ][gc,heap     ] GC(432) Old regions: 1->1
[6.653s][info   ][gc,heap     ] GC(432) Archive regions: 2->2
[6.653s][info   ][gc,heap     ] GC(432) Humongous regions: 918->592
[6.653s][info   ][gc,metaspace] GC(432) Metaspace: 158K(384K)->158K(384K) NonClass: 150K(256K)->150K(256K) Class: 8K(128K)->8K(128K)
[6.653s][info   ][gc          ] GC(432) Pause Young (Concurrent Start) (G1 Humongous Allocation) 919M->593M(2048M) 1.548ms
[6.653s][info   ][gc,cpu      ] GC(432) User=0.00s Sys=0.00s Real=0.00s
[6.653s][info   ][gc          ] GC(433) Concurrent Undo Cycle
[6.653s][info   ][gc,marking  ] GC(433) Concurrent Cleanup for Next Mark
[6.667s][info   ][gc,marking  ] GC(433) Concurrent Cleanup for Next Mark 14.622ms
[6.668s][info   ][gc          ] GC(433) Concurrent Undo Cycle 14.814ms
[6.678s][info   ][gc,start    ] GC(434) Pause Young (Concurrent Start) (G1 Humongous Allocation)
[6.678s][info   ][gc,task     ] GC(434) Using 4 workers of 4 for evacuation
[6.679s][info   ][gc,phases   ] GC(434)   Pre Evacuate Collection Set: 0.2ms
[6.679s][info   ][gc,phases   ] GC(434)   Merge Heap Roots: 0.1ms
[6.679s][info   ][gc,phases   ] GC(434)   Evacuate Collection Set: 0.5ms
[6.679s][info   ][gc,phases   ] GC(434)   Post Evacuate Collection Set: 0.9ms
[6.680s][info   ][gc,phases   ] GC(434)   Other: 0.2ms
[6.680s][info   ][gc,heap     ] GC(434) Eden regions: 0->0(1137)
[6.680s][info   ][gc,heap     ] GC(434) Survivor regions: 0->0(144)
[6.680s][info   ][gc,heap     ] GC(434) Old regions: 1->1
[6.680s][info   ][gc,heap     ] GC(434) Archive regions: 2->2
[6.680s][info   ][gc,heap     ] GC(434) Humongous regions: 918->608
[6.680s][info   ][gc,metaspace] GC(434) Metaspace: 158K(384K)->158K(384K) NonClass: 150K(256K)->150K(256K) Class: 8K(128K)->8K(128K)
[6.680s][info   ][gc          ] GC(434) Pause Young (Concurrent Start) (G1 Humongous Allocation) 919M->609M(2048M) 2.052ms
[6.680s][info   ][gc,cpu      ] GC(434) User=0.01s Sys=0.00s Real=0.01s
[6.680s][info   ][gc          ] GC(435) Concurrent Undo Cycle
[6.680s][info   ][gc,marking  ] GC(435) Concurrent Cleanup for Next Mark
[6.692s][info   ][gc,marking  ] GC(435) Concurrent Cleanup for Next Mark 12.419ms
[6.692s][info   ][gc          ] GC(435) Concurrent Undo Cycle 12.670ms
[6.705s][info   ][gc,start    ] GC(436) Pause Young (Concurrent Start) (G1 Humongous Allocation)
[6.705s][info   ][gc,task     ] GC(436) Using 4 workers of 4 for evacuation
[6.707s][info   ][gc,phases   ] GC(436)   Pre Evacuate Collection Set: 0.2ms
[6.707s][info   ][gc,phases   ] GC(436)   Merge Heap Roots: 0.1ms
[6.707s][info   ][gc,phases   ] GC(436)   Evacuate Collection Set: 0.4ms
[6.707s][info   ][gc,phases   ] GC(436)   Post Evacuate Collection Set: 0.4ms
[6.707s][info   ][gc,phases   ] GC(436)   Other: 0.2ms
[6.707s][info   ][gc,heap     ] GC(436) Eden regions: 0->0(1088)
[6.707s][info   ][gc,heap     ] GC(436) Survivor regions: 0->0(143)
[6.707s][info   ][gc,heap     ] GC(436) Old regions: 1->1
[6.707s][info   ][gc,heap     ] GC(436) Archive regions: 2->2
[6.707s][info   ][gc,heap     ] GC(436) Humongous regions: 918->662
[6.707s][info   ][gc,metaspace] GC(436) Metaspace: 158K(384K)->158K(384K) NonClass: 150K(256K)->150K(256K) Class: 8K(128K)->8K(128K)
[6.707s][info   ][gc          ] GC(436) Pause Young (Concurrent Start) (G1 Humongous Allocation) 919M->663M(2048M) 1.399ms
[6.707s][info   ][gc,cpu      ] GC(436) User=0.00s Sys=0.00s Real=0.00s
[6.707s][info   ][gc          ] GC(437) Concurrent Undo Cycle
[6.707s][info   ][gc,marking  ] GC(437) Concurrent Cleanup for Next Mark
[6.717s][info   ][gc,marking  ] GC(437) Concurrent Cleanup for Next Mark 10.222ms
[6.717s][info   ][gc          ] GC(437) Concurrent Undo Cycle 10.376ms
[6.728s][info   ][gc,start    ] GC(438) Pause Young (Concurrent Start) (G1 Humongous Allocation)
[6.729s][info   ][gc,task     ] GC(438) Using 4 workers of 4 for evacuation
[6.730s][info   ][gc,phases   ] GC(438)   Pre Evacuate Collection Set: 0.5ms
[6.730s][info   ][gc,phases   ] GC(438)   Merge Heap Roots: 0.1ms
[6.730s][info   ][gc,phases   ] GC(438)   Evacuate Collection Set: 0.5ms
[6.730s][info   ][gc,phases   ] GC(438)   Post Evacuate Collection Set: 0.5ms
[6.730s][info   ][gc,phases   ] GC(438)   Other: 0.3ms
[6.730s][info   ][gc,heap     ] GC(438) Eden regions: 0->0(1097)
[6.730s][info   ][gc,heap     ] GC(438) Survivor regions: 0->0(136)
[6.730s][info   ][gc,heap     ] GC(438) Old regions: 1->1
[6.730s][info   ][gc,heap     ] GC(438) Archive regions: 2->2
[6.730s][info   ][gc,heap     ] GC(438) Humongous regions: 918->652
[6.730s][info   ][gc,metaspace] GC(438) Metaspace: 158K(384K)->158K(384K) NonClass: 150K(256K)->150K(256K) Class: 8K(128K)->8K(128K)
[6.730s][info   ][gc          ] GC(438) Pause Young (Concurrent Start) (G1 Humongous Allocation) 919M->653M(2048M) 1.963ms
[6.730s][info   ][gc,cpu      ] GC(438) User=0.01s Sys=0.00s Real=0.00s
[6.730s][info   ][gc          ] GC(439) Concurrent Undo Cycle
[6.731s][info   ][gc,marking  ] GC(439) Concurrent Cleanup for Next Mark
[6.736s][info   ][gc,marking  ] GC(439) Concurrent Cleanup for Next Mark 5.967ms
[6.737s][info   ][gc          ] GC(439) Concurrent Undo Cycle 6.429ms
[6.743s][info   ][gc,start    ] GC(440) Pause Young (Concurrent Start) (G1 Humongous Allocation)
[6.743s][info   ][gc,task     ] GC(440) Using 4 workers of 4 for evacuation
[6.744s][info   ][gc,phases   ] GC(440)   Pre Evacuate Collection Set: 0.3ms
[6.744s][info   ][gc,phases   ] GC(440)   Merge Heap Roots: 0.1ms
[6.744s][info   ][gc,phases   ] GC(440)   Evacuate Collection Set: 0.2ms
[6.744s][info   ][gc,phases   ] GC(440)   Post Evacuate Collection Set: 0.3ms
[6.744s][info   ][gc,phases   ] GC(440)   Other: 0.2ms
[6.744s][info   ][gc,heap     ] GC(440) Eden regions: 0->0(1078)
[6.744s][info   ][gc,heap     ] GC(440) Survivor regions: 0->0(138)
[6.744s][info   ][gc,heap     ] GC(440) Old regions: 1->1
[6.744s][info   ][gc,heap     ] GC(440) Archive regions: 2->2
[6.744s][info   ][gc,heap     ] GC(440) Humongous regions: 766->672
[6.744s][info   ][gc,metaspace] GC(440) Metaspace: 158K(384K)->158K(384K) NonClass: 150K(256K)->150K(256K) Class: 8K(128K)->8K(128K)
[6.744s][info   ][gc          ] GC(440) Pause Young (Concurrent Start) (G1 Humongous Allocation) 767M->673M(2048M) 1.158ms
[6.744s][info   ][gc,cpu      ] GC(440) User=0.00s Sys=0.00s Real=0.00s
[6.744s][info   ][gc          ] GC(441) Concurrent Undo Cycle
[6.744s][info   ][gc,marking  ] GC(441) Concurrent Cleanup for Next Mark
[6.775s][info   ][gc,marking  ] GC(441) Concurrent Cleanup for Next Mark 30.273ms
[6.775s][info   ][gc          ] GC(441) Concurrent Undo Cycle 30.528ms
[6.775s][info   ][gc,start    ] GC(442) Pause Young (Concurrent Start) (G1 Humongous Allocation)
[6.776s][info   ][gc,task     ] GC(442) Using 4 workers of 4 for evacuation
[6.777s][info   ][gc,phases   ] GC(442)   Pre Evacuate Collection Set: 0.2ms
[6.777s][info   ][gc,phases   ] GC(442)   Merge Heap Roots: 0.1ms
[6.777s][info   ][gc,phases   ] GC(442)   Evacuate Collection Set: 0.3ms
[6.777s][info   ][gc,phases   ] GC(442)   Post Evacuate Collection Set: 0.5ms
[6.777s][info   ][gc,phases   ] GC(442)   Other: 0.1ms
[6.777s][info   ][gc,heap     ] GC(442) Eden regions: 0->0(1123)
[6.777s][info   ][gc,heap     ] GC(442) Survivor regions: 0->0(135)
[6.777s][info   ][gc,heap     ] GC(442) Old regions: 1->1
[6.777s][info   ][gc,heap     ] GC(442) Archive regions: 2->2
[6.777s][info   ][gc,heap     ] GC(442) Humongous regions: 1060->624
[6.777s][info   ][gc,metaspace] GC(442) Metaspace: 158K(384K)->158K(384K) NonClass: 150K(256K)->150K(256K) Class: 8K(128K)->8K(128K)
[6.777s][info   ][gc          ] GC(442) Pause Young (Concurrent Start) (G1 Humongous Allocation) 1061M->625M(2048M) 1.294ms
[6.777s][info   ][gc,cpu      ] GC(442) User=0.01s Sys=0.00s Real=0.00s
[6.777s][info   ][gc          ] GC(443) Concurrent Undo Cycle
[6.777s][info   ][gc,marking  ] GC(443) Concurrent Cleanup for Next Mark
[6.793s][info   ][gc,marking  ] GC(443) Concurrent Cleanup for Next Mark 15.659ms
[6.793s][info   ][gc          ] GC(443) Concurrent Undo Cycle 15.914ms
[6.801s][info   ][gc,start    ] GC(444) Pause Young (Concurrent Start) (G1 Humongous Allocation)
[6.801s][info   ][gc,task     ] GC(444) Using 4 workers of 4 for evacuation
[6.803s][info   ][gc,phases   ] GC(444)   Pre Evacuate Collection Set: 0.2ms
[6.803s][info   ][gc,phases   ] GC(444)   Merge Heap Roots: 0.1ms
[6.803s][info   ][gc,phases   ] GC(444)   Evacuate Collection Set: 0.3ms
[6.803s][info   ][gc,phases   ] GC(444)   Post Evacuate Collection Set: 0.5ms
[6.803s][info   ][gc,phases   ] GC(444)   Other: 0.2ms
[6.803s][info   ][gc,heap     ] GC(444) Eden regions: 0->0(1145)
[6.803s][info   ][gc,heap     ] GC(444) Survivor regions: 0->0(141)
[6.803s][info   ][gc,heap     ] GC(444) Old regions: 1->1
[6.803s][info   ][gc,heap     ] GC(444) Archive regions: 2->2
[6.803s][info   ][gc,heap     ] GC(444) Humongous regions: 918->600
[6.803s][info   ][gc,metaspace] GC(444) Metaspace: 158K(384K)->158K(384K) NonClass: 150K(256K)->150K(256K) Class: 8K(128K)->8K(128K)
[6.803s][info   ][gc          ] GC(444) Pause Young (Concurrent Start) (G1 Humongous Allocation) 919M->601M(2048M) 1.365ms
[6.803s][info   ][gc,cpu      ] GC(444) User=0.00s Sys=0.00s Real=0.00s
[6.803s][info   ][gc          ] GC(445) Concurrent Undo Cycle
[6.803s][info   ][gc,marking  ] GC(445) Concurrent Cleanup for Next Mark
[6.826s][info   ][gc,marking  ] GC(445) Concurrent Cleanup for Next Mark 23.663ms
[6.827s][info   ][gc          ] GC(445) Concurrent Undo Cycle 23.892ms
[6.828s][info   ][gc,start    ] GC(446) Pause Young (Concurrent Start) (G1 Humongous Allocation)
[6.828s][info   ][gc,task     ] GC(446) Using 4 workers of 4 for evacuation
[6.829s][info   ][gc,phases   ] GC(446)   Pre Evacuate Collection Set: 0.2ms
[6.829s][info   ][gc,phases   ] GC(446)   Merge Heap Roots: 0.1ms
[6.829s][info   ][gc,phases   ] GC(446)   Evacuate Collection Set: 0.2ms
[6.829s][info   ][gc,phases   ] GC(446)   Post Evacuate Collection Set: 0.5ms
[6.829s][info   ][gc,phases   ] GC(446)   Other: 0.2ms
[6.829s][info   ][gc,heap     ] GC(446) Eden regions: 0->0(1093)
[6.829s][info   ][gc,heap     ] GC(446) Survivor regions: 0->0(144)
[6.829s][info   ][gc,heap     ] GC(446) Old regions: 1->1
[6.829s][info   ][gc,heap     ] GC(446) Archive regions: 2->2
[6.829s][info   ][gc,heap     ] GC(446) Humongous regions: 932->656
[6.829s][info   ][gc,metaspace] GC(446) Metaspace: 158K(384K)->158K(384K) NonClass: 150K(256K)->150K(256K) Class: 8K(128K)->8K(128K)
[6.829s][info   ][gc          ] GC(446) Pause Young (Concurrent Start) (G1 Humongous Allocation) 933M->657M(2048M) 1.238ms
[6.829s][info   ][gc,cpu      ] GC(446) User=0.00s Sys=0.00s Real=0.01s
[6.829s][info   ][gc          ] GC(447) Concurrent Undo Cycle
[6.829s][info   ][gc,marking  ] GC(447) Concurrent Cleanup for Next Mark
[6.840s][info   ][gc,marking  ] GC(447) Concurrent Cleanup for Next Mark 11.026ms
[6.840s][info   ][gc          ] GC(447) Concurrent Undo Cycle 11.240ms
[6.850s][info   ][gc,start    ] GC(448) Pause Young (Concurrent Start) (G1 Humongous Allocation)
[6.850s][info   ][gc,task     ] GC(448) Using 4 workers of 4 for evacuation
[6.851s][info   ][gc,phases   ] GC(448)   Pre Evacuate Collection Set: 0.2ms
[6.851s][info   ][gc,phases   ] GC(448)   Merge Heap Roots: 0.1ms
[6.851s][info   ][gc,phases   ] GC(448)   Evacuate Collection Set: 0.7ms
[6.851s][info   ][gc,phases   ] GC(448)   Post Evacuate Collection Set: 0.6ms
[6.851s][info   ][gc,phases   ] GC(448)   Other: 0.2ms
[6.851s][info   ][gc,heap     ] GC(448) Eden regions: 0->0(1064)
[6.851s][info   ][gc,heap     ] GC(448) Survivor regions: 0->0(137)
[6.851s][info   ][gc,heap     ] GC(448) Old regions: 1->1
[6.851s][info   ][gc,heap     ] GC(448) Archive regions: 2->2
[6.851s][info   ][gc,heap     ] GC(448) Humongous regions: 918->688
[6.851s][info   ][gc,metaspace] GC(448) Metaspace: 158K(384K)->158K(384K) NonClass: 150K(256K)->150K(256K) Class: 8K(128K)->8K(128K)
[6.851s][info   ][gc          ] GC(448) Pause Young (Concurrent Start) (G1 Humongous Allocation) 919M->689M(2048M) 1.879ms
[6.851s][info   ][gc,cpu      ] GC(448) User=0.00s Sys=0.00s Real=0.00s
[6.851s][info   ][gc          ] GC(449) Concurrent Undo Cycle
[6.852s][info   ][gc,marking  ] GC(449) Concurrent Cleanup for Next Mark
[6.860s][info   ][gc,marking  ] GC(449) Concurrent Cleanup for Next Mark 8.463ms
[6.860s][info   ][gc          ] GC(449) Concurrent Undo Cycle 8.955ms
[6.871s][info   ][gc,start    ] GC(450) Pause Young (Concurrent Start) (G1 Humongous Allocation)
[6.871s][info   ][gc,task     ] GC(450) Using 4 workers of 4 for evacuation
[6.872s][info   ][gc,phases   ] GC(450)   Pre Evacuate Collection Set: 0.2ms
[6.872s][info   ][gc,phases   ] GC(450)   Merge Heap Roots: 0.1ms
[6.872s][info   ][gc,phases   ] GC(450)   Evacuate Collection Set: 0.2ms
[6.872s][info   ][gc,phases   ] GC(450)   Post Evacuate Collection Set: 0.5ms
[6.872s][info   ][gc,phases   ] GC(450)   Other: 0.2ms
[6.872s][info   ][gc,heap     ] GC(450) Eden regions: 0->0(1060)
[6.872s][info   ][gc,heap     ] GC(450) Survivor regions: 0->0(133)
[6.872s][info   ][gc,heap     ] GC(450) Old regions: 1->1
[6.872s][info   ][gc,heap     ] GC(450) Archive regions: 2->2
[6.872s][info   ][gc,heap     ] GC(450) Humongous regions: 918->692
[6.872s][info   ][gc,metaspace] GC(450) Metaspace: 158K(384K)->158K(384K) NonClass: 150K(256K)->150K(256K) Class: 8K(128K)->8K(128K)
[6.872s][info   ][gc          ] GC(450) Pause Young (Concurrent Start) (G1 Humongous Allocation) 919M->693M(2048M) 1.229ms
[6.872s][info   ][gc,cpu      ] GC(450) User=0.01s Sys=0.01s Real=0.00s
[6.872s][info   ][gc          ] GC(451) Concurrent Undo Cycle
[6.872s][info   ][gc,marking  ] GC(451) Concurrent Cleanup for Next Mark
[6.888s][info   ][gc,marking  ] GC(451) Concurrent Cleanup for Next Mark 15.316ms
[6.888s][info   ][gc          ] GC(451) Concurrent Undo Cycle 15.503ms
[6.891s][info   ][gc,start    ] GC(452) Pause Young (Concurrent Start) (G1 Humongous Allocation)
[6.891s][info   ][gc,task     ] GC(452) Using 4 workers of 4 for evacuation
[6.892s][info   ][gc,phases   ] GC(452)   Pre Evacuate Collection Set: 0.2ms
[6.892s][info   ][gc,phases   ] GC(452)   Merge Heap Roots: 0.2ms
[6.892s][info   ][gc,phases   ] GC(452)   Evacuate Collection Set: 0.2ms
[6.892s][info   ][gc,phases   ] GC(452)   Post Evacuate Collection Set: 0.4ms
[6.892s][info   ][gc,phases   ] GC(452)   Other: 0.2ms
[6.892s][info   ][gc,heap     ] GC(452) Eden regions: 0->0(1058)
[6.892s][info   ][gc,heap     ] GC(452) Survivor regions: 0->0(133)
[6.892s][info   ][gc,heap     ] GC(452) Old regions: 1->1
[6.892s][info   ][gc,heap     ] GC(452) Archive regions: 2->2
[6.892s][info   ][gc,heap     ] GC(452) Humongous regions: 918->694
[6.892s][info   ][gc,metaspace] GC(452) Metaspace: 158K(384K)->158K(384K) NonClass: 150K(256K)->150K(256K) Class: 8K(128K)->8K(128K)
[6.892s][info   ][gc          ] GC(452) Pause Young (Concurrent Start) (G1 Humongous Allocation) 919M->695M(2048M) 1.244ms
[6.892s][info   ][gc,cpu      ] GC(452) User=0.00s Sys=0.00s Real=0.00s
[6.892s][info   ][gc          ] GC(453) Concurrent Undo Cycle
[6.892s][info   ][gc,marking  ] GC(453) Concurrent Cleanup for Next Mark
[6.910s][info   ][gc,marking  ] GC(453) Concurrent Cleanup for Next Mark 17.243ms
[6.910s][info   ][gc          ] GC(453) Concurrent Undo Cycle 17.479ms
[6.911s][info   ][gc,start    ] GC(454) Pause Young (Concurrent Start) (G1 Humongous Allocation)
[6.911s][info   ][gc,task     ] GC(454) Using 4 workers of 4 for evacuation
[6.912s][info   ][gc,phases   ] GC(454)   Pre Evacuate Collection Set: 0.2ms
[6.912s][info   ][gc,phases   ] GC(454)   Merge Heap Roots: 0.1ms
[6.912s][info   ][gc,phases   ] GC(454)   Evacuate Collection Set: 0.3ms
[6.912s][info   ][gc,phases   ] GC(454)   Post Evacuate Collection Set: 0.6ms
[6.912s][info   ][gc,phases   ] GC(454)   Other: 0.2ms
[6.912s][info   ][gc,heap     ] GC(454) Eden regions: 0->0(1097)
[6.912s][info   ][gc,heap     ] GC(454) Survivor regions: 0->0(133)
[6.912s][info   ][gc,heap     ] GC(454) Old regions: 1->1
[6.912s][info   ][gc,heap     ] GC(454) Archive regions: 2->2
[6.912s][info   ][gc,heap     ] GC(454) Humongous regions: 922->652
[6.912s][info   ][gc,metaspace] GC(454) Metaspace: 158K(384K)->158K(384K) NonClass: 150K(256K)->150K(256K) Class: 8K(128K)->8K(128K)
[6.912s][info   ][gc          ] GC(454) Pause Young (Concurrent Start) (G1 Humongous Allocation) 923M->653M(2048M) 1.400ms
[6.912s][info   ][gc,cpu      ] GC(454) User=0.00s Sys=0.00s Real=0.00s
[6.912s][info   ][gc          ] GC(455) Concurrent Undo Cycle
[6.912s][info   ][gc,marking  ] GC(455) Concurrent Cleanup for Next Mark
[6.941s][info   ][gc,marking  ] GC(455) Concurrent Cleanup for Next Mark 28.437ms
[6.941s][info   ][gc          ] GC(455) Concurrent Undo Cycle 28.655ms
[6.942s][info   ][gc,start    ] GC(456) Pause Young (Concurrent Start) (G1 Humongous Allocation)
[6.942s][info   ][gc,task     ] GC(456) Using 4 workers of 4 for evacuation
[6.943s][info   ][gc,phases   ] GC(456)   Pre Evacuate Collection Set: 0.3ms
[6.943s][info   ][gc,phases   ] GC(456)   Merge Heap Roots: 0.2ms
[6.943s][info   ][gc,phases   ] GC(456)   Evacuate Collection Set: 0.3ms
[6.943s][info   ][gc,phases   ] GC(456)   Post Evacuate Collection Set: 0.7ms
[6.943s][info   ][gc,phases   ] GC(456)   Other: 0.2ms
[6.943s][info   ][gc,heap     ] GC(456) Eden regions: 0->0(1082)
[6.943s][info   ][gc,heap     ] GC(456) Survivor regions: 0->0(138)
[6.944s][info   ][gc,heap     ] GC(456) Old regions: 1->1
[6.944s][info   ][gc,heap     ] GC(456) Archive regions: 2->2
[6.944s][info   ][gc,heap     ] GC(456) Humongous regions: 1050->668
[6.944s][info   ][gc,metaspace] GC(456) Metaspace: 158K(384K)->158K(384K) NonClass: 150K(256K)->150K(256K) Class: 8K(128K)->8K(128K)
[6.944s][info   ][gc          ] GC(456) Pause Young (Concurrent Start) (G1 Humongous Allocation) 1051M->669M(2048M) 1.731ms
[6.944s][info   ][gc,cpu      ] GC(456) User=0.00s Sys=0.00s Real=0.00s
[6.944s][info   ][gc          ] GC(457) Concurrent Undo Cycle
[6.944s][info   ][gc,marking  ] GC(457) Concurrent Cleanup for Next Mark
[6.953s][info   ][gc,marking  ] GC(457) Concurrent Cleanup for Next Mark 9.337ms
[6.953s][info   ][gc          ] GC(457) Concurrent Undo Cycle 9.508ms
[6.954s][info   ][gc,start    ] GC(458) Pause Young (Concurrent Start) (G1 Humongous Allocation)
[6.954s][info   ][gc,task     ] GC(458) Using 4 workers of 4 for evacuation
[6.956s][info   ][gc,phases   ] GC(458)   Pre Evacuate Collection Set: 0.3ms
[6.956s][info   ][gc,phases   ] GC(458)   Merge Heap Roots: 0.1ms
[6.956s][info   ][gc,phases   ] GC(458)   Evacuate Collection Set: 0.4ms
[6.956s][info   ][gc,phases   ] GC(458)   Post Evacuate Collection Set: 0.4ms
[6.956s][info   ][gc,phases   ] GC(458)   Other: 0.2ms
[6.956s][info   ][gc,heap     ] GC(458) Eden regions: 0->0(1076)
[6.956s][info   ][gc,heap     ] GC(458) Survivor regions: 0->0(136)
[6.956s][info   ][gc,heap     ] GC(458) Old regions: 1->1
[6.956s][info   ][gc,heap     ] GC(458) Archive regions: 2->2
[6.956s][info   ][gc,heap     ] GC(458) Humongous regions: 748->674
[6.956s][info   ][gc,metaspace] GC(458) Metaspace: 158K(384K)->158K(384K) NonClass: 150K(256K)->150K(256K) Class: 8K(128K)->8K(128K)
[6.956s][info   ][gc          ] GC(458) Pause Young (Concurrent Start) (G1 Humongous Allocation) 749M->675M(2048M) 1.575ms
[6.956s][info   ][gc,cpu      ] GC(458) User=0.00s Sys=0.00s Real=0.00s
[6.956s][info   ][gc          ] GC(459) Concurrent Undo Cycle
[6.956s][info   ][gc,marking  ] GC(459) Concurrent Cleanup for Next Mark
[6.983s][info   ][gc,marking  ] GC(459) Concurrent Cleanup for Next Mark 27.404ms
[6.983s][info   ][gc          ] GC(459) Concurrent Undo Cycle 27.688ms
[6.985s][info   ][gc,start    ] GC(460) Pause Young (Concurrent Start) (G1 Humongous Allocation)
[6.985s][info   ][gc,task     ] GC(460) Using 4 workers of 4 for evacuation
[6.986s][info   ][gc,phases   ] GC(460)   Pre Evacuate Collection Set: 0.3ms
[6.986s][info   ][gc,phases   ] GC(460)   Merge Heap Roots: 0.1ms
[6.986s][info   ][gc,phases   ] GC(460)   Evacuate Collection Set: 0.3ms
[6.986s][info   ][gc,phases   ] GC(460)   Post Evacuate Collection Set: 0.5ms
[6.986s][info   ][gc,phases   ] GC(460)   Other: 0.2ms
[6.986s][info   ][gc,heap     ] GC(460) Eden regions: 0->0(1076)
[6.986s][info   ][gc,heap     ] GC(460) Survivor regions: 0->0(135)
[6.986s][info   ][gc,heap     ] GC(460) Old regions: 1->1
[6.986s][info   ][gc,heap     ] GC(460) Archive regions: 2->2
[6.986s][info   ][gc,heap     ] GC(460) Humongous regions: 1032->674
[6.986s][info   ][gc,metaspace] GC(460) Metaspace: 158K(384K)->158K(384K) NonClass: 150K(256K)->150K(256K) Class: 8K(128K)->8K(128K)
[6.986s][info   ][gc          ] GC(460) Pause Young (Concurrent Start) (G1 Humongous Allocation) 1033M->675M(2048M) 1.361ms
[6.986s][info   ][gc,cpu      ] GC(460) User=0.00s Sys=0.01s Real=0.00s
[6.986s][info   ][gc          ] GC(461) Concurrent Undo Cycle
[6.986s][info   ][gc,marking  ] GC(461) Concurrent Cleanup for Next Mark
[7.010s][info   ][gc,marking  ] GC(461) Concurrent Cleanup for Next Mark 24.108ms
[7.010s][info   ][gc          ] GC(461) Concurrent Undo Cycle 24.334ms
[7.011s][info   ][gc,start    ] GC(462) Pause Young (Concurrent Start) (G1 Humongous Allocation)
[7.011s][info   ][gc,task     ] GC(462) Using 4 workers of 4 for evacuation
[7.012s][info   ][gc,phases   ] GC(462)   Pre Evacuate Collection Set: 0.2ms
[7.012s][info   ][gc,phases   ] GC(462)   Merge Heap Roots: 0.1ms
[7.012s][info   ][gc,phases   ] GC(462)   Evacuate Collection Set: 0.3ms
[7.012s][info   ][gc,phases   ] GC(462)   Post Evacuate Collection Set: 0.5ms
[7.012s][info   ][gc,phases   ] GC(462)   Other: 0.2ms
[7.012s][info   ][gc,heap     ] GC(462) Eden regions: 0->0(1108)
[7.012s][info   ][gc,heap     ] GC(462) Survivor regions: 0->0(135)
[7.012s][info   ][gc,heap     ] GC(462) Old regions: 1->1
[7.012s][info   ][gc,heap     ] GC(462) Archive regions: 2->2
[7.012s][info   ][gc,heap     ] GC(462) Humongous regions: 1006->640
[7.012s][info   ][gc,metaspace] GC(462) Metaspace: 158K(384K)->158K(384K) NonClass: 150K(256K)->150K(256K) Class: 8K(128K)->8K(128K)
[7.012s][info   ][gc          ] GC(462) Pause Young (Concurrent Start) (G1 Humongous Allocation) 1007M->641M(2048M) 1.355ms
[7.012s][info   ][gc,cpu      ] GC(462) User=0.00s Sys=0.00s Real=0.00s
[7.012s][info   ][gc          ] GC(463) Concurrent Undo Cycle
[7.012s][info   ][gc,marking  ] GC(463) Concurrent Cleanup for Next Mark
[7.033s][info   ][gc,marking  ] GC(463) Concurrent Cleanup for Next Mark 20.768ms
[7.033s][info   ][gc          ] GC(463) Concurrent Undo Cycle 21.021ms
[7.035s][info   ][gc,start    ] GC(464) Pause Young (Concurrent Start) (G1 Humongous Allocation)
[7.035s][info   ][gc,task     ] GC(464) Using 4 workers of 4 for evacuation
[7.038s][info   ][gc,phases   ] GC(464)   Pre Evacuate Collection Set: 1.1ms
[7.038s][info   ][gc,phases   ] GC(464)   Merge Heap Roots: 0.2ms
[7.038s][info   ][gc,phases   ] GC(464)   Evacuate Collection Set: 0.5ms
[7.038s][info   ][gc,phases   ] GC(464)   Post Evacuate Collection Set: 1.1ms
[7.038s][info   ][gc,phases   ] GC(464)   Other: 0.2ms
[7.038s][info   ][gc,heap     ] GC(464) Eden regions: 0->0(1100)
[7.038s][info   ][gc,heap     ] GC(464) Survivor regions: 0->0(139)
[7.038s][info   ][gc,heap     ] GC(464) Old regions: 1->1
[7.038s][info   ][gc,heap     ] GC(464) Archive regions: 2->2
[7.038s][info   ][gc,heap     ] GC(464) Humongous regions: 924->648
[7.038s][info   ][gc,metaspace] GC(464) Metaspace: 158K(384K)->158K(384K) NonClass: 150K(256K)->150K(256K) Class: 8K(128K)->8K(128K)
[7.038s][info   ][gc          ] GC(464) Pause Young (Concurrent Start) (G1 Humongous Allocation) 925M->649M(2048M) 3.161ms
[7.038s][info   ][gc,cpu      ] GC(464) User=0.00s Sys=0.01s Real=0.00s
[7.038s][info   ][gc          ] GC(465) Concurrent Undo Cycle
[7.038s][info   ][gc,marking  ] GC(465) Concurrent Cleanup for Next Mark
[7.061s][info   ][gc,marking  ] GC(465) Concurrent Cleanup for Next Mark 23.686ms
[7.062s][info   ][gc          ] GC(465) Concurrent Undo Cycle 23.928ms
[7.063s][info   ][gc,start    ] GC(466) Pause Young (Concurrent Start) (G1 Humongous Allocation)
[7.063s][info   ][gc,task     ] GC(466) Using 4 workers of 4 for evacuation
[7.064s][info   ][gc,phases   ] GC(466)   Pre Evacuate Collection Set: 0.2ms
[7.064s][info   ][gc,phases   ] GC(466)   Merge Heap Roots: 0.1ms
[7.064s][info   ][gc,phases   ] GC(466)   Evacuate Collection Set: 0.4ms
[7.064s][info   ][gc,phases   ] GC(466)   Post Evacuate Collection Set: 0.5ms
[7.064s][info   ][gc,phases   ] GC(466)   Other: 0.2ms
[7.064s][info   ][gc,heap     ] GC(466) Eden regions: 0->0(1028)
[7.064s][info   ][gc,heap     ] GC(466) Survivor regions: 0->0(138)
[7.064s][info   ][gc,heap     ] GC(466) Old regions: 1->1
[7.064s][info   ][gc,heap     ] GC(466) Archive regions: 2->2
[7.064s][info   ][gc,heap     ] GC(466) Humongous regions: 930->726
[7.064s][info   ][gc,metaspace] GC(466) Metaspace: 158K(384K)->158K(384K) NonClass: 150K(256K)->150K(256K) Class: 8K(128K)->8K(128K)
[7.064s][info   ][gc          ] GC(466) Pause Young (Concurrent Start) (G1 Humongous Allocation) 931M->727M(2048M) 1.444ms
[7.064s][info   ][gc,cpu      ] GC(466) User=0.00s Sys=0.00s Real=0.00s
[7.065s][info   ][gc          ] GC(467) Concurrent Undo Cycle
[7.065s][info   ][gc,marking  ] GC(467) Concurrent Cleanup for Next Mark
[7.077s][info   ][gc,marking  ] GC(467) Concurrent Cleanup for Next Mark 12.483ms
[7.077s][info   ][gc          ] GC(467) Concurrent Undo Cycle 12.658ms
[7.083s][info   ][gc,start    ] GC(468) Pause Young (Concurrent Start) (G1 Humongous Allocation)
[7.083s][info   ][gc,task     ] GC(468) Using 4 workers of 4 for evacuation
[7.085s][info   ][gc,phases   ] GC(468)   Pre Evacuate Collection Set: 0.3ms
[7.085s][info   ][gc,phases   ] GC(468)   Merge Heap Roots: 0.4ms
[7.085s][info   ][gc,phases   ] GC(468)   Evacuate Collection Set: 0.4ms
[7.085s][info   ][gc,phases   ] GC(468)   Post Evacuate Collection Set: 0.5ms
[7.085s][info   ][gc,phases   ] GC(468)   Other: 0.3ms
[7.085s][info   ][gc,heap     ] GC(468) Eden regions: 0->0(1017)
[7.085s][info   ][gc,heap     ] GC(468) Survivor regions: 0->0(129)
[7.085s][info   ][gc,heap     ] GC(468) Old regions: 1->1
[7.085s][info   ][gc,heap     ] GC(468) Archive regions: 2->2
[7.085s][info   ][gc,heap     ] GC(468) Humongous regions: 918->738
[7.085s][info   ][gc,metaspace] GC(468) Metaspace: 158K(384K)->158K(384K) NonClass: 150K(256K)->150K(256K) Class: 8K(128K)->8K(128K)
[7.085s][info   ][gc          ] GC(468) Pause Young (Concurrent Start) (G1 Humongous Allocation) 919M->739M(2048M) 2.073ms
[7.085s][info   ][gc,cpu      ] GC(468) User=0.00s Sys=0.00s Real=0.00s
[7.085s][info   ][gc          ] GC(469) Concurrent Undo Cycle
[7.085s][info   ][gc,marking  ] GC(469) Concurrent Cleanup for Next Mark
[7.092s][info   ][gc,marking  ] GC(469) Concurrent Cleanup for Next Mark 6.595ms
[7.092s][info   ][gc          ] GC(469) Concurrent Undo Cycle 6.723ms
[7.098s][info   ][gc,start    ] GC(470) Pause Young (Concurrent Start) (G1 Humongous Allocation)
[7.098s][info   ][gc,task     ] GC(470) Using 4 workers of 4 for evacuation
[7.099s][info   ][gc,phases   ] GC(470)   Pre Evacuate Collection Set: 0.2ms
[7.099s][info   ][gc,phases   ] GC(470)   Merge Heap Roots: 0.1ms
[7.099s][info   ][gc,phases   ] GC(470)   Evacuate Collection Set: 0.3ms
[7.099s][info   ][gc,phases   ] GC(470)   Post Evacuate Collection Set: 0.4ms
[7.099s][info   ][gc,phases   ] GC(470)   Other: 0.2ms
[7.099s][info   ][gc,heap     ] GC(470) Eden regions: 0->0(1004)
[7.099s][info   ][gc,heap     ] GC(470) Survivor regions: 0->0(128)
[7.099s][info   ][gc,heap     ] GC(470) Old regions: 1->1
[7.099s][info   ][gc,heap     ] GC(470) Archive regions: 2->2
[7.099s][info   ][gc,heap     ] GC(470) Humongous regions: 864->752
[7.099s][info   ][gc,metaspace] GC(470) Metaspace: 158K(384K)->158K(384K) NonClass: 150K(256K)->150K(256K) Class: 8K(128K)->8K(128K)
[7.099s][info   ][gc          ] GC(470) Pause Young (Concurrent Start) (G1 Humongous Allocation) 865M->753M(2048M) 1.276ms
[7.099s][info   ][gc,cpu      ] GC(470) User=0.00s Sys=0.00s Real=0.00s
[7.099s][info   ][gc          ] GC(471) Concurrent Undo Cycle
[7.099s][info   ][gc,marking  ] GC(471) Concurrent Cleanup for Next Mark
[7.127s][info   ][gc,marking  ] GC(471) Concurrent Cleanup for Next Mark 27.879ms
[7.128s][info   ][gc          ] GC(471) Concurrent Undo Cycle 28.134ms
[7.129s][info   ][gc,start    ] GC(472) Pause Young (Concurrent Start) (G1 Humongous Allocation)
[7.129s][info   ][gc,task     ] GC(472) Using 4 workers of 4 for evacuation
[7.130s][info   ][gc,phases   ] GC(472)   Pre Evacuate Collection Set: 0.2ms
[7.130s][info   ][gc,phases   ] GC(472)   Merge Heap Roots: 0.2ms
[7.130s][info   ][gc,phases   ] GC(472)   Evacuate Collection Set: 0.3ms
[7.130s][info   ][gc,phases   ] GC(472)   Post Evacuate Collection Set: 0.5ms
[7.130s][info   ][gc,phases   ] GC(472)   Other: 0.2ms
[7.130s][info   ][gc,heap     ] GC(472) Eden regions: 0->0(979)
[7.130s][info   ][gc,heap     ] GC(472) Survivor regions: 0->0(126)
[7.130s][info   ][gc,heap     ] GC(472) Old regions: 1->1
[7.130s][info   ][gc,heap     ] GC(472) Archive regions: 2->2
[7.130s][info   ][gc,heap     ] GC(472) Humongous regions: 1138->780
[7.130s][info   ][gc,metaspace] GC(472) Metaspace: 158K(384K)->158K(384K) NonClass: 150K(256K)->150K(256K) Class: 8K(128K)->8K(128K)
[7.130s][info   ][gc          ] GC(472) Pause Young (Concurrent Start) (G1 Humongous Allocation) 1139M->781M(2048M) 1.416ms
[7.130s][info   ][gc,cpu      ] GC(472) User=0.00s Sys=0.00s Real=0.00s
[7.130s][info   ][gc          ] GC(473) Concurrent Undo Cycle
[7.130s][info   ][gc,marking  ] GC(473) Concurrent Cleanup for Next Mark
[7.149s][info   ][gc,marking  ] GC(473) Concurrent Cleanup for Next Mark 19.089ms
[7.150s][info   ][gc          ] GC(473) Concurrent Undo Cycle 19.381ms
[7.150s][info   ][gc,start    ] GC(474) Pause Young (Concurrent Start) (G1 Humongous Allocation)
[7.150s][info   ][gc,task     ] GC(474) Using 4 workers of 4 for evacuation
[7.152s][info   ][gc,phases   ] GC(474)   Pre Evacuate Collection Set: 0.2ms
[7.152s][info   ][gc,phases   ] GC(474)   Merge Heap Roots: 0.1ms
[7.152s][info   ][gc,phases   ] GC(474)   Evacuate Collection Set: 0.5ms
[7.152s][info   ][gc,phases   ] GC(474)   Post Evacuate Collection Set: 0.4ms
[7.152s][info   ][gc,phases   ] GC(474)   Other: 0.2ms
[7.152s][info   ][gc,heap     ] GC(474) Eden regions: 0->0(953)
[7.152s][info   ][gc,heap     ] GC(474) Survivor regions: 0->0(123)
[7.152s][info   ][gc,heap     ] GC(474) Old regions: 1->1
[7.152s][info   ][gc,heap     ] GC(474) Archive regions: 2->2
[7.152s][info   ][gc,heap     ] GC(474) Humongous regions: 1006->808
[7.152s][info   ][gc,metaspace] GC(474) Metaspace: 158K(384K)->158K(384K) NonClass: 150K(256K)->150K(256K) Class: 8K(128K)->8K(128K)
[7.152s][info   ][gc          ] GC(474) Pause Young (Concurrent Start) (G1 Humongous Allocation) 1007M->809M(2048M) 1.438ms
[7.152s][info   ][gc,cpu      ] GC(474) User=0.00s Sys=0.00s Real=0.00s
[7.152s][info   ][gc          ] GC(475) Concurrent Undo Cycle
[7.152s][info   ][gc,marking  ] GC(475) Concurrent Cleanup for Next Mark
[7.177s][info   ][gc,marking  ] GC(475) Concurrent Cleanup for Next Mark 25.398ms
[7.178s][info   ][gc          ] GC(475) Concurrent Undo Cycle 25.743ms
[7.178s][info   ][gc,start    ] GC(476) Pause Young (Concurrent Start) (G1 Humongous Allocation)
[7.178s][info   ][gc,task     ] GC(476) Using 4 workers of 4 for evacuation
[7.180s][info   ][gc,phases   ] GC(476)   Pre Evacuate Collection Set: 0.3ms
[7.180s][info   ][gc,phases   ] GC(476)   Merge Heap Roots: 0.1ms
[7.180s][info   ][gc,phases   ] GC(476)   Evacuate Collection Set: 0.2ms
[7.180s][info   ][gc,phases   ] GC(476)   Post Evacuate Collection Set: 0.5ms
[7.180s][info   ][gc,phases   ] GC(476)   Other: 0.2ms
[7.180s][info   ][gc,heap     ] GC(476) Eden regions: 0->0(901)
[7.180s][info   ][gc,heap     ] GC(476) Survivor regions: 0->0(120)
[7.180s][info   ][gc,heap     ] GC(476) Old regions: 1->1
[7.180s][info   ][gc,heap     ] GC(476) Archive regions: 2->2
[7.180s][info   ][gc,heap     ] GC(476) Humongous regions: 1146->864
[7.180s][info   ][gc,metaspace] GC(476) Metaspace: 158K(384K)->158K(384K) NonClass: 150K(256K)->150K(256K) Class: 8K(128K)->8K(128K)
[7.180s][info   ][gc          ] GC(476) Pause Young (Concurrent Start) (G1 Humongous Allocation) 1147M->865M(2048M) 1.446ms
[7.180s][info   ][gc,cpu      ] GC(476) User=0.00s Sys=0.00s Real=0.00s
[7.180s][info   ][gc          ] GC(477) Concurrent Undo Cycle
[7.180s][info   ][gc,marking  ] GC(477) Concurrent Cleanup for Next Mark
[7.199s][info   ][gc,marking  ] GC(477) Concurrent Cleanup for Next Mark 18.702ms
[7.199s][info   ][gc          ] GC(477) Concurrent Undo Cycle 18.921ms
[7.200s][info   ][gc,start    ] GC(478) Pause Young (Concurrent Start) (G1 Humongous Allocation)
[7.200s][info   ][gc,task     ] GC(478) Using 4 workers of 4 for evacuation
[7.201s][info   ][gc,phases   ] GC(478)   Pre Evacuate Collection Set: 0.3ms
[7.201s][info   ][gc,phases   ] GC(478)   Merge Heap Roots: 0.1ms
[7.201s][info   ][gc,phases   ] GC(478)   Evacuate Collection Set: 0.4ms
[7.201s][info   ][gc,phases   ] GC(478)   Post Evacuate Collection Set: 0.6ms
[7.201s][info   ][gc,phases   ] GC(478)   Other: 0.2ms
[7.201s][info   ][gc,heap     ] GC(478) Eden regions: 0->0(910)
[7.201s][info   ][gc,heap     ] GC(478) Survivor regions: 0->0(113)
[7.201s][info   ][gc,heap     ] GC(478) Old regions: 1->1
[7.201s][info   ][gc,heap     ] GC(478) Archive regions: 2->2
[7.201s][info   ][gc,heap     ] GC(478) Humongous regions: 1104->854
[7.201s][info   ][gc,metaspace] GC(478) Metaspace: 158K(384K)->158K(384K) NonClass: 150K(256K)->150K(256K) Class: 8K(128K)->8K(128K)
[7.201s][info   ][gc          ] GC(478) Pause Young (Concurrent Start) (G1 Humongous Allocation) 1105M->855M(2048M) 1.669ms
[7.201s][info   ][gc,cpu      ] GC(478) User=0.00s Sys=0.00s Real=0.00s
[7.201s][info   ][gc          ] GC(479) Concurrent Undo Cycle
[7.201s][info   ][gc,marking  ] GC(479) Concurrent Cleanup for Next Mark
[7.218s][info   ][gc,marking  ] GC(479) Concurrent Cleanup for Next Mark 17.002ms
[7.219s][info   ][gc          ] GC(479) Concurrent Undo Cycle 17.242ms
[7.220s][info   ][gc,start    ] GC(480) Pause Young (Concurrent Start) (G1 Humongous Allocation)
[7.220s][info   ][gc,task     ] GC(480) Using 4 workers of 4 for evacuation
[7.221s][info   ][gc,phases   ] GC(480)   Pre Evacuate Collection Set: 0.2ms
[7.221s][info   ][gc,phases   ] GC(480)   Merge Heap Roots: 0.1ms
[7.221s][info   ][gc,phases   ] GC(480)   Evacuate Collection Set: 0.5ms
[7.221s][info   ][gc,phases   ] GC(480)   Post Evacuate Collection Set: 0.5ms
[7.221s][info   ][gc,phases   ] GC(480)   Other: 0.2ms
[7.221s][info   ][gc,heap     ] GC(480) Eden regions: 0->0(905)
[7.221s][info   ][gc,heap     ] GC(480) Survivor regions: 0->0(114)
[7.221s][info   ][gc,heap     ] GC(480) Old regions: 1->1
[7.221s][info   ][gc,heap     ] GC(480) Archive regions: 2->2
[7.221s][info   ][gc,heap     ] GC(480) Humongous regions: 1066->860
[7.221s][info   ][gc,metaspace] GC(480) Metaspace: 158K(384K)->158K(384K) NonClass: 150K(256K)->150K(256K) Class: 8K(128K)->8K(128K)
[7.221s][info   ][gc          ] GC(480) Pause Young (Concurrent Start) (G1 Humongous Allocation) 1067M->861M(2048M) 1.588ms
[7.221s][info   ][gc,cpu      ] GC(480) User=0.00s Sys=0.00s Real=0.00s
[7.221s][info   ][gc          ] GC(481) Concurrent Undo Cycle
[7.221s][info   ][gc,marking  ] GC(481) Concurrent Cleanup for Next Mark
[7.232s][info   ][gc,marking  ] GC(481) Concurrent Cleanup for Next Mark 10.754ms
[7.232s][info   ][gc          ] GC(481) Concurrent Undo Cycle 10.963ms
[7.233s][info   ][gc,start    ] GC(482) Pause Young (Concurrent Start) (G1 Humongous Allocation)
[7.233s][info   ][gc,task     ] GC(482) Using 4 workers of 4 for evacuation
[7.235s][info   ][gc,phases   ] GC(482)   Pre Evacuate Collection Set: 0.4ms
[7.235s][info   ][gc,phases   ] GC(482)   Merge Heap Roots: 0.1ms
[7.235s][info   ][gc,phases   ] GC(482)   Evacuate Collection Set: 0.3ms
[7.235s][info   ][gc,phases   ] GC(482)   Post Evacuate Collection Set: 0.5ms
[7.235s][info   ][gc,phases   ] GC(482)   Other: 0.2ms
[7.235s][info   ][gc,heap     ] GC(482) Eden regions: 0->0(901)
[7.235s][info   ][gc,heap     ] GC(482) Survivor regions: 0->0(114)
[7.235s][info   ][gc,heap     ] GC(482) Old regions: 1->1
[7.235s][info   ][gc,heap     ] GC(482) Archive regions: 2->2
[7.235s][info   ][gc,heap     ] GC(482) Humongous regions: 958->864
[7.235s][info   ][gc,metaspace] GC(482) Metaspace: 158K(384K)->158K(384K) NonClass: 150K(256K)->150K(256K) Class: 8K(128K)->8K(128K)
[7.235s][info   ][gc          ] GC(482) Pause Young (Concurrent Start) (G1 Humongous Allocation) 959M->865M(2048M) 1.567ms
[7.235s][info   ][gc,cpu      ] GC(482) User=0.00s Sys=0.00s Real=0.00s
[7.235s][info   ][gc          ] GC(483) Concurrent Undo Cycle
[7.235s][info   ][gc,marking  ] GC(483) Concurrent Cleanup for Next Mark
[7.266s][info   ][gc,marking  ] GC(483) Concurrent Cleanup for Next Mark 31.442ms
[7.267s][info   ][gc          ] GC(483) Concurrent Undo Cycle 31.688ms
[7.268s][info   ][gc,start    ] GC(484) Pause Young (Concurrent Start) (G1 Humongous Allocation)
[7.268s][info   ][gc,task     ] GC(484) Using 4 workers of 4 for evacuation
[7.270s][info   ][gc,phases   ] GC(484)   Pre Evacuate Collection Set: 0.3ms
[7.270s][info   ][gc,phases   ] GC(484)   Merge Heap Roots: 0.1ms
[7.270s][info   ][gc,phases   ] GC(484)   Evacuate Collection Set: 0.3ms
[7.270s][info   ][gc,phases   ] GC(484)   Post Evacuate Collection Set: 1.0ms
[7.270s][info   ][gc,phases   ] GC(484)   Other: 0.2ms
[7.270s][info   ][gc,heap     ] GC(484) Eden regions: 0->0(871)
[7.270s][info   ][gc,heap     ] GC(484) Survivor regions: 0->0(113)
[7.270s][info   ][gc,heap     ] GC(484) Old regions: 1->1
[7.270s][info   ][gc,heap     ] GC(484) Archive regions: 2->2
[7.270s][info   ][gc,heap     ] GC(484) Humongous regions: 1244->896
[7.270s][info   ][gc,metaspace] GC(484) Metaspace: 158K(384K)->158K(384K) NonClass: 150K(256K)->150K(256K) Class: 8K(128K)->8K(128K)
[7.270s][info   ][gc          ] GC(484) Pause Young (Concurrent Start) (G1 Humongous Allocation) 1245M->897M(2048M) 2.052ms
[7.270s][info   ][gc,cpu      ] GC(484) User=0.00s Sys=0.00s Real=0.01s
[7.271s][info   ][gc          ] GC(485) Concurrent Undo Cycle
[7.271s][info   ][gc,marking  ] GC(485) Concurrent Cleanup for Next Mark
[7.288s][info   ][gc,marking  ] GC(485) Concurrent Cleanup for Next Mark 17.506ms
[7.288s][info   ][gc          ] GC(485) Concurrent Undo Cycle 17.723ms
[7.289s][info   ][gc,start    ] GC(486) Pause Young (Concurrent Start) (G1 Humongous Allocation)
[7.289s][info   ][gc,task     ] GC(486) Using 4 workers of 4 for evacuation
[7.290s][info   ][gc,phases   ] GC(486)   Pre Evacuate Collection Set: 0.2ms
[7.290s][info   ][gc,phases   ] GC(486)   Merge Heap Roots: 0.1ms
[7.291s][info   ][gc,phases   ] GC(486)   Evacuate Collection Set: 0.3ms
[7.291s][info   ][gc,phases   ] GC(486)   Post Evacuate Collection Set: 0.4ms
[7.291s][info   ][gc,phases   ] GC(486)   Other: 0.2ms
[7.291s][info   ][gc,heap     ] GC(486) Eden regions: 0->0(853)
[7.291s][info   ][gc,heap     ] GC(486) Survivor regions: 0->0(109)
[7.291s][info   ][gc,heap     ] GC(486) Old regions: 1->1
[7.291s][info   ][gc,heap     ] GC(486) Archive regions: 2->2
[7.291s][info   ][gc,heap     ] GC(486) Humongous regions: 1116->916
[7.291s][info   ][gc,metaspace] GC(486) Metaspace: 158K(384K)->158K(384K) NonClass: 150K(256K)->150K(256K) Class: 8K(128K)->8K(128K)
[7.291s][info   ][gc          ] GC(486) Pause Young (Concurrent Start) (G1 Humongous Allocation) 1117M->917M(2048M) 1.294ms
[7.291s][info   ][gc,cpu      ] GC(486) User=0.00s Sys=0.00s Real=0.00s
[7.291s][info   ][gc          ] GC(487) Concurrent Undo Cycle
[7.291s][info   ][gc,marking  ] GC(487) Concurrent Cleanup for Next Mark
[7.303s][info   ][gc,marking  ] GC(487) Concurrent Cleanup for Next Mark 12.502ms
[7.303s][info   ][gc          ] GC(487) Concurrent Undo Cycle 12.697ms
[7.304s][info   ][gc,start    ] GC(488) Pause Young (Concurrent Start) (G1 Humongous Allocation)
[7.304s][info   ][gc,task     ] GC(488) Using 4 workers of 4 for evacuation
[7.305s][info   ][gc,phases   ] GC(488)   Pre Evacuate Collection Set: 0.2ms
[7.305s][info   ][gc,phases   ] GC(488)   Merge Heap Roots: 0.1ms
[7.305s][info   ][gc,phases   ] GC(488)   Evacuate Collection Set: 0.4ms
[7.305s][info   ][gc,phases   ] GC(488)   Post Evacuate Collection Set: 0.4ms
[7.305s][info   ][gc,phases   ] GC(488)   Other: 0.1ms
[7.305s][info   ][gc,heap     ] GC(488) Eden regions: 0->0(881)
[7.305s][info   ][gc,heap     ] GC(488) Survivor regions: 0->0(107)
[7.305s][info   ][gc,heap     ] GC(488) Old regions: 1->1
[7.305s][info   ][gc,heap     ] GC(488) Archive regions: 2->2
[7.305s][info   ][gc,heap     ] GC(488) Humongous regions: 1030->886
[7.305s][info   ][gc,metaspace] GC(488) Metaspace: 158K(384K)->158K(384K) NonClass: 150K(256K)->150K(256K) Class: 8K(128K)->8K(128K)
[7.305s][info   ][gc          ] GC(488) Pause Young (Concurrent Start) (G1 Humongous Allocation) 1031M->887M(2048M) 1.379ms
[7.305s][info   ][gc,cpu      ] GC(488) User=0.00s Sys=0.00s Real=0.00s
[7.305s][info   ][gc          ] GC(489) Concurrent Undo Cycle
[7.305s][info   ][gc,marking  ] GC(489) Concurrent Cleanup for Next Mark
[7.330s][info   ][gc,marking  ] GC(489) Concurrent Cleanup for Next Mark 24.501ms
[7.330s][info   ][gc          ] GC(489) Concurrent Undo Cycle 24.850ms
[7.330s][info   ][gc,start    ] GC(490) Pause Young (Concurrent Start) (G1 Humongous Allocation)
[7.330s][info   ][gc,task     ] GC(490) Using 4 workers of 4 for evacuation
[7.332s][info   ][gc,phases   ] GC(490)   Pre Evacuate Collection Set: 0.2ms
[7.332s][info   ][gc,phases   ] GC(490)   Merge Heap Roots: 0.1ms
[7.332s][info   ][gc,phases   ] GC(490)   Evacuate Collection Set: 0.2ms
[7.332s][info   ][gc,phases   ] GC(490)   Post Evacuate Collection Set: 0.6ms
[7.332s][info   ][gc,phases   ] GC(490)   Other: 0.2ms
[7.332s][info   ][gc,heap     ] GC(490) Eden regions: 0->0(882)
[7.332s][info   ][gc,heap     ] GC(490) Survivor regions: 0->0(111)
[7.332s][info   ][gc,heap     ] GC(490) Old regions: 1->1
[7.332s][info   ][gc,heap     ] GC(490) Archive regions: 2->2
[7.332s][info   ][gc,heap     ] GC(490) Humongous regions: 1220->884
[7.332s][info   ][gc,metaspace] GC(490) Metaspace: 158K(384K)->158K(384K) NonClass: 150K(256K)->150K(256K) Class: 8K(128K)->8K(128K)
[7.332s][info   ][gc          ] GC(490) Pause Young (Concurrent Start) (G1 Humongous Allocation) 1221M->885M(2048M) 1.388ms
[7.332s][info   ][gc,cpu      ] GC(490) User=0.00s Sys=0.00s Real=0.00s
[7.332s][info   ][gc          ] GC(491) Concurrent Undo Cycle
[7.332s][info   ][gc,marking  ] GC(491) Concurrent Cleanup for Next Mark
[7.361s][info   ][gc,marking  ] GC(491) Concurrent Cleanup for Next Mark 29.524ms
[7.362s][info   ][gc          ] GC(491) Concurrent Undo Cycle 30.092ms
[7.363s][info   ][gc,start    ] GC(492) Pause Young (Concurrent Start) (G1 Humongous Allocation)
[7.363s][info   ][gc,task     ] GC(492) Using 4 workers of 4 for evacuation
[7.364s][info   ][gc,phases   ] GC(492)   Pre Evacuate Collection Set: 0.3ms
[7.364s][info   ][gc,phases   ] GC(492)   Merge Heap Roots: 0.1ms
[7.364s][info   ][gc,phases   ] GC(492)   Evacuate Collection Set: 0.5ms
[7.364s][info   ][gc,phases   ] GC(492)   Post Evacuate Collection Set: 0.7ms
[7.364s][info   ][gc,phases   ] GC(492)   Other: 0.3ms
[7.364s][info   ][gc,heap     ] GC(492) Eden regions: 0->0(962)
[7.364s][info   ][gc,heap     ] GC(492) Survivor regions: 0->0(111)
[7.364s][info   ][gc,heap     ] GC(492) Old regions: 1->1
[7.364s][info   ][gc,heap     ] GC(492) Archive regions: 2->2
[7.364s][info   ][gc,heap     ] GC(492) Humongous regions: 1304->798
[7.364s][info   ][gc,metaspace] GC(492) Metaspace: 158K(384K)->158K(384K) NonClass: 150K(256K)->150K(256K) Class: 8K(128K)->8K(128K)
[7.364s][info   ][gc          ] GC(492) Pause Young (Concurrent Start) (G1 Humongous Allocation) 1305M->799M(2048M) 1.924ms
[7.365s][info   ][gc,cpu      ] GC(492) User=0.00s Sys=0.00s Real=0.00s
[7.365s][info   ][gc          ] GC(493) Concurrent Undo Cycle
[7.365s][info   ][gc,marking  ] GC(493) Concurrent Cleanup for Next Mark
[7.386s][info   ][gc,marking  ] GC(493) Concurrent Cleanup for Next Mark 21.661ms
[7.386s][info   ][gc          ] GC(493) Concurrent Undo Cycle 21.857ms
[7.387s][info   ][gc,start    ] GC(494) Pause Young (Concurrent Start) (G1 Humongous Allocation)
[7.387s][info   ][gc,task     ] GC(494) Using 4 workers of 4 for evacuation
[7.388s][info   ][gc,phases   ] GC(494)   Pre Evacuate Collection Set: 0.3ms
[7.388s][info   ][gc,phases   ] GC(494)   Merge Heap Roots: 0.1ms
[7.388s][info   ][gc,phases   ] GC(494)   Evacuate Collection Set: 0.2ms
[7.388s][info   ][gc,phases   ] GC(494)   Post Evacuate Collection Set: 0.6ms
[7.388s][info   ][gc,phases   ] GC(494)   Other: 0.2ms
[7.388s][info   ][gc,heap     ] GC(494) Eden regions: 0->0(971)
[7.388s][info   ][gc,heap     ] GC(494) Survivor regions: 0->0(121)
[7.388s][info   ][gc,heap     ] GC(494) Old regions: 1->1
[7.388s][info   ][gc,heap     ] GC(494) Archive regions: 2->2
[7.388s][info   ][gc,heap     ] GC(494) Humongous regions: 1072->788
[7.388s][info   ][gc,metaspace] GC(494) Metaspace: 158K(384K)->158K(384K) NonClass: 150K(256K)->150K(256K) Class: 8K(128K)->8K(128K)
[7.388s][info   ][gc          ] GC(494) Pause Young (Concurrent Start) (G1 Humongous Allocation) 1073M->789M(2048M) 1.470ms
[7.388s][info   ][gc,cpu      ] GC(494) User=0.00s Sys=0.00s Real=0.01s
[7.388s][info   ][gc          ] GC(495) Concurrent Undo Cycle
[7.389s][info   ][gc,marking  ] GC(495) Concurrent Cleanup for Next Mark
[7.411s][info   ][gc,marking  ] GC(495) Concurrent Cleanup for Next Mark 22.041ms
[7.411s][info   ][gc          ] GC(495) Concurrent Undo Cycle 22.419ms
[7.412s][info   ][gc,start    ] GC(496) Pause Young (Concurrent Start) (G1 Humongous Allocation)
[7.412s][info   ][gc,task     ] GC(496) Using 4 workers of 4 for evacuation
[7.414s][info   ][gc,phases   ] GC(496)   Pre Evacuate Collection Set: 0.3ms
[7.414s][info   ][gc,phases   ] GC(496)   Merge Heap Roots: 0.1ms
[7.414s][info   ][gc,phases   ] GC(496)   Evacuate Collection Set: 0.4ms
[7.414s][info   ][gc,phases   ] GC(496)   Post Evacuate Collection Set: 0.5ms
[7.414s][info   ][gc,phases   ] GC(496)   Other: 0.2ms
[7.414s][info   ][gc,heap     ] GC(496) Eden regions: 0->0(1021)
[7.414s][info   ][gc,heap     ] GC(496) Survivor regions: 0->0(122)
[7.414s][info   ][gc,heap     ] GC(496) Old regions: 1->1
[7.414s][info   ][gc,heap     ] GC(496) Archive regions: 2->2
[7.414s][info   ][gc,heap     ] GC(496) Humongous regions: 1086->734
[7.414s][info   ][gc,metaspace] GC(496) Metaspace: 158K(384K)->158K(384K) NonClass: 150K(256K)->150K(256K) Class: 8K(128K)->8K(128K)
[7.414s][info   ][gc          ] GC(496) Pause Young (Concurrent Start) (G1 Humongous Allocation) 1087M->735M(2048M) 1.626ms
[7.414s][info   ][gc,cpu      ] GC(496) User=0.00s Sys=0.00s Real=0.00s
[7.414s][info   ][gc          ] GC(497) Concurrent Undo Cycle
[7.414s][info   ][gc,marking  ] GC(497) Concurrent Cleanup for Next Mark
[7.428s][info   ][gc,marking  ] GC(497) Concurrent Cleanup for Next Mark 14.644ms
[7.429s][info   ][gc          ] GC(497) Concurrent Undo Cycle 14.823ms
[7.429s][info   ][gc,start    ] GC(498) Pause Young (Concurrent Start) (G1 Humongous Allocation)
[7.429s][info   ][gc,task     ] GC(498) Using 4 workers of 4 for evacuation
[7.430s][info   ][gc,phases   ] GC(498)   Pre Evacuate Collection Set: 0.3ms
[7.430s][info   ][gc,phases   ] GC(498)   Merge Heap Roots: 0.1ms
[7.430s][info   ][gc,phases   ] GC(498)   Evacuate Collection Set: 0.2ms
[7.430s][info   ][gc,phases   ] GC(498)   Post Evacuate Collection Set: 0.5ms
[7.430s][info   ][gc,phases   ] GC(498)   Other: 0.2ms
[7.430s][info   ][gc,heap     ] GC(498) Eden regions: 0->0(1017)
[7.430s][info   ][gc,heap     ] GC(498) Survivor regions: 0->0(128)
[7.430s][info   ][gc,heap     ] GC(498) Old regions: 1->1
[7.430s][info   ][gc,heap     ] GC(498) Archive regions: 2->2
[7.430s][info   ][gc,heap     ] GC(498) Humongous regions: 922->738
[7.430s][info   ][gc,metaspace] GC(498) Metaspace: 158K(384K)->158K(384K) NonClass: 150K(256K)->150K(256K) Class: 8K(128K)->8K(128K)
[7.430s][info   ][gc          ] GC(498) Pause Young (Concurrent Start) (G1 Humongous Allocation) 923M->739M(2048M) 1.345ms
[7.430s][info   ][gc,cpu      ] GC(498) User=0.00s Sys=0.00s Real=0.00s
[7.430s][info   ][gc          ] GC(499) Concurrent Undo Cycle
[7.430s][info   ][gc,marking  ] GC(499) Concurrent Cleanup for Next Mark
[7.441s][info   ][gc,marking  ] GC(499) Concurrent Cleanup for Next Mark 10.610ms
[7.441s][info   ][gc          ] GC(499) Concurrent Undo Cycle 10.890ms
[7.446s][info   ][gc,start    ] GC(500) Pause Young (Concurrent Start) (G1 Humongous Allocation)
[7.446s][info   ][gc,task     ] GC(500) Using 4 workers of 4 for evacuation
[7.447s][info   ][gc,phases   ] GC(500)   Pre Evacuate Collection Set: 0.2ms
[7.447s][info   ][gc,phases   ] GC(500)   Merge Heap Roots: 0.1ms
[7.447s][info   ][gc,phases   ] GC(500)   Evacuate Collection Set: 0.2ms
[7.447s][info   ][gc,phases   ] GC(500)   Post Evacuate Collection Set: 0.4ms
[7.447s][info   ][gc,phases   ] GC(500)   Other: 0.2ms
[7.447s][info   ][gc,heap     ] GC(500) Eden regions: 0->0(960)
[7.447s][info   ][gc,heap     ] GC(500) Survivor regions: 0->0(128)
[7.447s][info   ][gc,heap     ] GC(500) Old regions: 1->1
[7.447s][info   ][gc,heap     ] GC(500) Archive regions: 2->2
[7.447s][info   ][gc,heap     ] GC(500) Humongous regions: 918->800
[7.447s][info   ][gc,metaspace] GC(500) Metaspace: 158K(384K)->158K(384K) NonClass: 150K(256K)->150K(256K) Class: 8K(128K)->8K(128K)
[7.447s][info   ][gc          ] GC(500) Pause Young (Concurrent Start) (G1 Humongous Allocation) 919M->801M(2048M) 1.186ms
[7.447s][info   ][gc,cpu      ] GC(500) User=0.00s Sys=0.00s Real=0.00s
[7.447s][info   ][gc          ] GC(501) Concurrent Undo Cycle
[7.447s][info   ][gc,marking  ] GC(501) Concurrent Cleanup for Next Mark
[7.460s][info   ][gc,marking  ] GC(501) Concurrent Cleanup for Next Mark 12.649ms
[7.460s][info   ][gc          ] GC(501) Concurrent Undo Cycle 12.826ms
[7.461s][info   ][gc,start    ] GC(502) Pause Young (Concurrent Start) (G1 Humongous Allocation)
[7.461s][info   ][gc,task     ] GC(502) Using 4 workers of 4 for evacuation
[7.462s][info   ][gc,phases   ] GC(502)   Pre Evacuate Collection Set: 0.2ms
[7.462s][info   ][gc,phases   ] GC(502)   Merge Heap Roots: 0.1ms
[7.462s][info   ][gc,phases   ] GC(502)   Evacuate Collection Set: 0.3ms
[7.462s][info   ][gc,phases   ] GC(502)   Post Evacuate Collection Set: 0.4ms
[7.462s][info   ][gc,phases   ] GC(502)   Other: 0.2ms
[7.462s][info   ][gc,heap     ] GC(502) Eden regions: 0->0(932)
[7.462s][info   ][gc,heap     ] GC(502) Survivor regions: 0->0(120)
[7.462s][info   ][gc,heap     ] GC(502) Old regions: 1->1
[7.462s][info   ][gc,heap     ] GC(502) Archive regions: 2->2
[7.462s][info   ][gc,heap     ] GC(502) Humongous regions: 960->830
[7.462s][info   ][gc,metaspace] GC(502) Metaspace: 158K(384K)->158K(384K) NonClass: 150K(256K)->150K(256K) Class: 8K(128K)->8K(128K)
[7.462s][info   ][gc          ] GC(502) Pause Young (Concurrent Start) (G1 Humongous Allocation) 961M->831M(2048M) 1.144ms
[7.462s][info   ][gc,cpu      ] GC(502) User=0.00s Sys=0.00s Real=0.00s
[7.462s][info   ][gc          ] GC(503) Concurrent Undo Cycle
[7.462s][info   ][gc,marking  ] GC(503) Concurrent Cleanup for Next Mark
[7.471s][info   ][gc,marking  ] GC(503) Concurrent Cleanup for Next Mark 8.882ms
[7.471s][info   ][gc          ] GC(503) Concurrent Undo Cycle 9.041ms
[7.472s][info   ][gc,start    ] GC(504) Pause Young (Concurrent Start) (G1 Humongous Allocation)
[7.472s][info   ][gc,task     ] GC(504) Using 4 workers of 4 for evacuation
[7.474s][info   ][gc,phases   ] GC(504)   Pre Evacuate Collection Set: 0.3ms
[7.474s][info   ][gc,phases   ] GC(504)   Merge Heap Roots: 0.1ms
[7.474s][info   ][gc,phases   ] GC(504)   Evacuate Collection Set: 0.3ms
[7.474s][info   ][gc,phases   ] GC(504)   Post Evacuate Collection Set: 0.5ms
[7.474s][info   ][gc,phases   ] GC(504)   Other: 0.3ms
[7.474s][info   ][gc,heap     ] GC(504) Eden regions: 0->0(936)
[7.474s][info   ][gc,heap     ] GC(504) Survivor regions: 0->0(117)
[7.474s][info   ][gc,heap     ] GC(504) Old regions: 1->1
[7.474s][info   ][gc,heap     ] GC(504) Archive regions: 2->2
[7.474s][info   ][gc,heap     ] GC(504) Humongous regions: 926->826
[7.474s][info   ][gc,metaspace] GC(504) Metaspace: 158K(384K)->158K(384K) NonClass: 150K(256K)->150K(256K) Class: 8K(128K)->8K(128K)
[7.474s][info   ][gc          ] GC(504) Pause Young (Concurrent Start) (G1 Humongous Allocation) 927M->827M(2048M) 1.562ms
[7.474s][info   ][gc,cpu      ] GC(504) User=0.00s Sys=0.00s Real=0.00s
[7.474s][info   ][gc          ] GC(505) Concurrent Undo Cycle
[7.474s][info   ][gc,marking  ] GC(505) Concurrent Cleanup for Next Mark
[7.489s][info   ][gc,marking  ] GC(505) Concurrent Cleanup for Next Mark 14.606ms
[7.489s][info   ][gc          ] GC(505) Concurrent Undo Cycle 14.809ms
[7.490s][info   ][gc,start    ] GC(506) Pause Young (Concurrent Start) (G1 Humongous Allocation)
[7.490s][info   ][gc,task     ] GC(506) Using 4 workers of 4 for evacuation
[7.491s][info   ][gc,phases   ] GC(506)   Pre Evacuate Collection Set: 0.2ms
[7.491s][info   ][gc,phases   ] GC(506)   Merge Heap Roots: 0.1ms
[7.491s][info   ][gc,phases   ] GC(506)   Evacuate Collection Set: 0.3ms
[7.491s][info   ][gc,phases   ] GC(506)   Post Evacuate Collection Set: 0.4ms
[7.491s][info   ][gc,phases   ] GC(506)   Other: 0.2ms
[7.491s][info   ][gc,heap     ] GC(506) Eden regions: 0->0(962)
[7.491s][info   ][gc,heap     ] GC(506) Survivor regions: 0->0(117)
[7.491s][info   ][gc,heap     ] GC(506) Old regions: 1->1
[7.491s][info   ][gc,heap     ] GC(506) Archive regions: 2->2
[7.491s][info   ][gc,heap     ] GC(506) Humongous regions: 1012->798
[7.491s][info   ][gc,metaspace] GC(506) Metaspace: 158K(384K)->158K(384K) NonClass: 150K(256K)->150K(256K) Class: 8K(128K)->8K(128K)
[7.491s][info   ][gc          ] GC(506) Pause Young (Concurrent Start) (G1 Humongous Allocation) 1013M->799M(2048M) 1.154ms
[7.491s][info   ][gc,cpu      ] GC(506) User=0.00s Sys=0.00s Real=0.00s
[7.491s][info   ][gc          ] GC(507) Concurrent Undo Cycle
[7.491s][info   ][gc,marking  ] GC(507) Concurrent Cleanup for Next Mark
[7.498s][info   ][gc,marking  ] GC(507) Concurrent Cleanup for Next Mark 7.098ms
[7.498s][info   ][gc          ] GC(507) Concurrent Undo Cycle 7.234ms
[7.501s][info   ][gc,start    ] GC(508) Pause Young (Concurrent Start) (G1 Humongous Allocation)
[7.501s][info   ][gc,task     ] GC(508) Using 4 workers of 4 for evacuation
[7.503s][info   ][gc,phases   ] GC(508)   Pre Evacuate Collection Set: 0.2ms
[7.503s][info   ][gc,phases   ] GC(508)   Merge Heap Roots: 0.1ms
[7.503s][info   ][gc,phases   ] GC(508)   Evacuate Collection Set: 0.3ms
[7.503s][info   ][gc,phases   ] GC(508)   Post Evacuate Collection Set: 0.4ms
[7.503s][info   ][gc,phases   ] GC(508)   Other: 0.2ms
[7.503s][info   ][gc,heap     ] GC(508) Eden regions: 0->0(949)
[7.503s][info   ][gc,heap     ] GC(508) Survivor regions: 0->0(121)
[7.503s][info   ][gc,heap     ] GC(508) Old regions: 1->1
[7.503s][info   ][gc,heap     ] GC(508) Archive regions: 2->2
[7.503s][info   ][gc,heap     ] GC(508) Humongous regions: 890->812
[7.503s][info   ][gc,metaspace] GC(508) Metaspace: 158K(384K)->158K(384K) NonClass: 150K(256K)->150K(256K) Class: 8K(128K)->8K(128K)
[7.503s][info   ][gc          ] GC(508) Pause Young (Concurrent Start) (G1 Humongous Allocation) 891M->813M(2048M) 1.313ms
[7.503s][info   ][gc,cpu      ] GC(508) User=0.00s Sys=0.00s Real=0.00s
[7.503s][info   ][gc          ] GC(509) Concurrent Undo Cycle
[7.503s][info   ][gc,marking  ] GC(509) Concurrent Cleanup for Next Mark
[7.513s][info   ][gc,marking  ] GC(509) Concurrent Cleanup for Next Mark 9.950ms
[7.513s][info   ][gc          ] GC(509) Concurrent Undo Cycle 10.221ms
[7.515s][info   ][gc,start    ] GC(510) Pause Young (Concurrent Start) (G1 Humongous Allocation)
[7.515s][info   ][gc,task     ] GC(510) Using 4 workers of 4 for evacuation
[7.516s][info   ][gc,phases   ] GC(510)   Pre Evacuate Collection Set: 0.2ms
[7.516s][info   ][gc,phases   ] GC(510)   Merge Heap Roots: 0.1ms
[7.516s][info   ][gc,phases   ] GC(510)   Evacuate Collection Set: 0.3ms
[7.516s][info   ][gc,phases   ] GC(510)   Post Evacuate Collection Set: 0.4ms
[7.516s][info   ][gc,phases   ] GC(510)   Other: 0.2ms
[7.516s][info   ][gc,heap     ] GC(510) Eden regions: 0->0(960)
[7.516s][info   ][gc,heap     ] GC(510) Survivor regions: 0->0(119)
[7.516s][info   ][gc,heap     ] GC(510) Old regions: 1->1
[7.516s][info   ][gc,heap     ] GC(510) Archive regions: 2->2
[7.516s][info   ][gc,heap     ] GC(510) Humongous regions: 918->800
[7.516s][info   ][gc,metaspace] GC(510) Metaspace: 158K(384K)->158K(384K) NonClass: 150K(256K)->150K(256K) Class: 8K(128K)->8K(128K)
[7.516s][info   ][gc          ] GC(510) Pause Young (Concurrent Start) (G1 Humongous Allocation) 919M->801M(2048M) 1.323ms
[7.516s][info   ][gc,cpu      ] GC(510) User=0.00s Sys=0.00s Real=0.00s
[7.516s][info   ][gc          ] GC(511) Concurrent Undo Cycle
[7.516s][info   ][gc,marking  ] GC(511) Concurrent Cleanup for Next Mark
[7.527s][info   ][gc,marking  ] GC(511) Concurrent Cleanup for Next Mark 11.116ms
[7.528s][info   ][gc          ] GC(511) Concurrent Undo Cycle 11.338ms
[7.530s][info   ][gc,start    ] GC(512) Pause Young (Concurrent Start) (G1 Humongous Allocation)
[7.530s][info   ][gc,task     ] GC(512) Using 4 workers of 4 for evacuation
[7.531s][info   ][gc,phases   ] GC(512)   Pre Evacuate Collection Set: 0.2ms
[7.531s][info   ][gc,phases   ] GC(512)   Merge Heap Roots: 0.1ms
[7.531s][info   ][gc,phases   ] GC(512)   Evacuate Collection Set: 0.6ms
[7.531s][info   ][gc,phases   ] GC(512)   Post Evacuate Collection Set: 0.5ms
[7.531s][info   ][gc,phases   ] GC(512)   Other: 0.2ms
[7.531s][info   ][gc,heap     ] GC(512) Eden regions: 0->0(969)
[7.531s][info   ][gc,heap     ] GC(512) Survivor regions: 0->0(120)
[7.531s][info   ][gc,heap     ] GC(512) Old regions: 1->1
[7.531s][info   ][gc,heap     ] GC(512) Archive regions: 2->2
[7.531s][info   ][gc,heap     ] GC(512) Humongous regions: 918->790
[7.531s][info   ][gc,metaspace] GC(512) Metaspace: 158K(384K)->158K(384K) NonClass: 150K(256K)->150K(256K) Class: 8K(128K)->8K(128K)
[7.531s][info   ][gc          ] GC(512) Pause Young (Concurrent Start) (G1 Humongous Allocation) 919M->791M(2048M) 1.652ms
[7.531s][info   ][gc,cpu      ] GC(512) User=0.00s Sys=0.00s Real=0.00s
[7.532s][info   ][gc          ] GC(513) Concurrent Undo Cycle
[7.532s][info   ][gc,marking  ] GC(513) Concurrent Cleanup for Next Mark
[7.553s][info   ][gc,marking  ] GC(513) Concurrent Cleanup for Next Mark 21.437ms
[7.553s][info   ][gc          ] GC(513) Concurrent Undo Cycle 21.567ms
[7.553s][info   ][gc,start    ] GC(514) Pause Young (Concurrent Start) (G1 Humongous Allocation)
[7.553s][info   ][gc,task     ] GC(514) Using 4 workers of 4 for evacuation
[7.555s][info   ][gc,phases   ] GC(514)   Pre Evacuate Collection Set: 0.3ms
[7.555s][info   ][gc,phases   ] GC(514)   Merge Heap Roots: 0.1ms
[7.555s][info   ][gc,phases   ] GC(514)   Evacuate Collection Set: 0.3ms
[7.555s][info   ][gc,phases   ] GC(514)   Post Evacuate Collection Set: 0.5ms
[7.555s][info   ][gc,phases   ] GC(514)   Other: 0.2ms
[7.555s][info   ][gc,heap     ] GC(514) Eden regions: 0->0(980)
[7.555s][info   ][gc,heap     ] GC(514) Survivor regions: 0->0(122)
[7.555s][info   ][gc,heap     ] GC(514) Old regions: 1->1
[7.555s][info   ][gc,heap     ] GC(514) Archive regions: 2->2
[7.555s][info   ][gc,heap     ] GC(514) Humongous regions: 1056->778
[7.555s][info   ][gc,metaspace] GC(514) Metaspace: 158K(384K)->158K(384K) NonClass: 150K(256K)->150K(256K) Class: 8K(128K)->8K(128K)
[7.555s][info   ][gc          ] GC(514) Pause Young (Concurrent Start) (G1 Humongous Allocation) 1057M->779M(2048M) 1.453ms
[7.555s][info   ][gc,cpu      ] GC(514) User=0.01s Sys=0.01s Real=0.00s
[7.555s][info   ][gc          ] GC(515) Concurrent Undo Cycle
[7.555s][info   ][gc,marking  ] GC(515) Concurrent Cleanup for Next Mark
[7.564s][info   ][gc,marking  ] GC(515) Concurrent Cleanup for Next Mark 9.138ms
[7.564s][info   ][gc          ] GC(515) Concurrent Undo Cycle 9.272ms
[7.569s][info   ][gc,start    ] GC(516) Pause Young (Concurrent Start) (G1 Humongous Allocation)
[7.569s][info   ][gc,task     ] GC(516) Using 4 workers of 4 for evacuation
[7.570s][info   ][gc,phases   ] GC(516)   Pre Evacuate Collection Set: 0.3ms
[7.570s][info   ][gc,phases   ] GC(516)   Merge Heap Roots: 0.1ms
[7.570s][info   ][gc,phases   ] GC(516)   Evacuate Collection Set: 0.2ms
[7.570s][info   ][gc,phases   ] GC(516)   Post Evacuate Collection Set: 0.4ms
[7.570s][info   ][gc,phases   ] GC(516)   Other: 0.2ms
[7.570s][info   ][gc,heap     ] GC(516) Eden regions: 0->0(979)
[7.570s][info   ][gc,heap     ] GC(516) Survivor regions: 0->0(123)
[7.570s][info   ][gc,heap     ] GC(516) Old regions: 1->1
[7.570s][info   ][gc,heap     ] GC(516) Archive regions: 2->2
[7.570s][info   ][gc,heap     ] GC(516) Humongous regions: 918->780
[7.570s][info   ][gc,metaspace] GC(516) Metaspace: 158K(384K)->158K(384K) NonClass: 150K(256K)->150K(256K) Class: 8K(128K)->8K(128K)
[7.570s][info   ][gc          ] GC(516) Pause Young (Concurrent Start) (G1 Humongous Allocation) 919M->781M(2048M) 1.284ms
[7.570s][info   ][gc,cpu      ] GC(516) User=0.00s Sys=0.00s Real=0.00s
[7.570s][info   ][gc          ] GC(517) Concurrent Undo Cycle
[7.570s][info   ][gc,marking  ] GC(517) Concurrent Cleanup for Next Mark
[7.595s][info   ][gc,marking  ] GC(517) Concurrent Cleanup for Next Mark 25.000ms
[7.596s][info   ][gc          ] GC(517) Concurrent Undo Cycle 25.237ms
[7.597s][info   ][gc,start    ] GC(518) Pause Young (Concurrent Start) (G1 Humongous Allocation)
[7.597s][info   ][gc,task     ] GC(518) Using 4 workers of 4 for evacuation
[7.599s][info   ][gc,phases   ] GC(518)   Pre Evacuate Collection Set: 0.4ms
[7.599s][info   ][gc,phases   ] GC(518)   Merge Heap Roots: 0.1ms
[7.599s][info   ][gc,phases   ] GC(518)   Evacuate Collection Set: 0.4ms
[7.599s][info   ][gc,phases   ] GC(518)   Post Evacuate Collection Set: 0.8ms
[7.599s][info   ][gc,phases   ] GC(518)   Other: 0.2ms
[7.599s][info   ][gc,heap     ] GC(518) Eden regions: 0->0(1043)
[7.599s][info   ][gc,heap     ] GC(518) Survivor regions: 0->0(123)
[7.599s][info   ][gc,heap     ] GC(518) Old regions: 1->1
[7.599s][info   ][gc,heap     ] GC(518) Archive regions: 2->2
[7.599s][info   ][gc,heap     ] GC(518) Humongous regions: 1142->710
[7.599s][info   ][gc,metaspace] GC(518) Metaspace: 158K(384K)->158K(384K) NonClass: 150K(256K)->150K(256K) Class: 8K(128K)->8K(128K)
[7.599s][info   ][gc          ] GC(518) Pause Young (Concurrent Start) (G1 Humongous Allocation) 1143M->711M(2048M) 2.002ms
[7.599s][info   ][gc,cpu      ] GC(518) User=0.00s Sys=0.00s Real=0.01s
[7.599s][info   ][gc          ] GC(519) Concurrent Undo Cycle
[7.599s][info   ][gc,marking  ] GC(519) Concurrent Cleanup for Next Mark
[7.604s][info   ][gc,marking  ] GC(519) Concurrent Cleanup for Next Mark 5.405ms
[7.604s][info   ][gc          ] GC(519) Concurrent Undo Cycle 5.474ms
[7.607s][info   ][gc,start    ] GC(520) Pause Young (Concurrent Start) (G1 Humongous Allocation)
[7.607s][info   ][gc,task     ] GC(520) Using 4 workers of 4 for evacuation
[7.608s][info   ][gc,phases   ] GC(520)   Pre Evacuate Collection Set: 0.2ms
[7.608s][info   ][gc,phases   ] GC(520)   Merge Heap Roots: 0.1ms
[7.608s][info   ][gc,phases   ] GC(520)   Evacuate Collection Set: 0.5ms
[7.608s][info   ][gc,phases   ] GC(520)   Post Evacuate Collection Set: 0.3ms
[7.608s][info   ][gc,phases   ] GC(520)   Other: 0.2ms
[7.608s][info   ][gc,heap     ] GC(520) Eden regions: 0->0(1047)
[7.608s][info   ][gc,heap     ] GC(520) Survivor regions: 0->0(131)
[7.608s][info   ][gc,heap     ] GC(520) Old regions: 1->1
[7.608s][info   ][gc,heap     ] GC(520) Archive regions: 2->2
[7.608s][info   ][gc,heap     ] GC(520) Humongous regions: 776->706
[7.608s][info   ][gc,metaspace] GC(520) Metaspace: 158K(384K)->158K(384K) NonClass: 150K(256K)->150K(256K) Class: 8K(128K)->8K(128K)
[7.608s][info   ][gc          ] GC(520) Pause Young (Concurrent Start) (G1 Humongous Allocation) 777M->707M(2048M) 1.380ms
[7.608s][info   ][gc,cpu      ] GC(520) User=0.00s Sys=0.01s Real=0.01s
[7.608s][info   ][gc          ] GC(521) Concurrent Undo Cycle
[7.608s][info   ][gc,marking  ] GC(521) Concurrent Cleanup for Next Mark
[7.629s][info   ][gc,marking  ] GC(521) Concurrent Cleanup for Next Mark 20.930ms
[7.629s][info   ][gc          ] GC(521) Concurrent Undo Cycle 21.162ms
[7.631s][info   ][gc,start    ] GC(522) Pause Young (Concurrent Start) (G1 Humongous Allocation)
[7.631s][info   ][gc,task     ] GC(522) Using 4 workers of 4 for evacuation
[7.632s][info   ][gc,phases   ] GC(522)   Pre Evacuate Collection Set: 0.1ms
[7.632s][info   ][gc,phases   ] GC(522)   Merge Heap Roots: 0.1ms
[7.632s][info   ][gc,phases   ] GC(522)   Evacuate Collection Set: 0.3ms
[7.632s][info   ][gc,phases   ] GC(522)   Post Evacuate Collection Set: 0.4ms
[7.632s][info   ][gc,phases   ] GC(522)   Other: 0.2ms
[7.632s][info   ][gc,heap     ] GC(522) Eden regions: 0->0(1010)
[7.632s][info   ][gc,heap     ] GC(522) Survivor regions: 0->0(131)
[7.632s][info   ][gc,heap     ] GC(522) Old regions: 1->1
[7.632s][info   ][gc,heap     ] GC(522) Archive regions: 2->2
[7.632s][info   ][gc,heap     ] GC(522) Humongous regions: 964->746
[7.632s][info   ][gc,metaspace] GC(522) Metaspace: 158K(384K)->158K(384K) NonClass: 150K(256K)->150K(256K) Class: 8K(128K)->8K(128K)
[7.632s][info   ][gc          ] GC(522) Pause Young (Concurrent Start) (G1 Humongous Allocation) 965M->747M(2048M) 1.131ms
[7.632s][info   ][gc,cpu      ] GC(522) User=0.00s Sys=0.00s Real=0.00s
[7.632s][info   ][gc          ] GC(523) Concurrent Undo Cycle
[7.632s][info   ][gc,marking  ] GC(523) Concurrent Cleanup for Next Mark
[7.656s][info   ][gc,marking  ] GC(523) Concurrent Cleanup for Next Mark 24.254ms
[7.656s][info   ][gc          ] GC(523) Concurrent Undo Cycle 24.471ms
[7.657s][info   ][gc,start    ] GC(524) Pause Young (Concurrent Start) (G1 Humongous Allocation)
[7.657s][info   ][gc,task     ] GC(524) Using 4 workers of 4 for evacuation
[7.658s][info   ][gc,phases   ] GC(524)   Pre Evacuate Collection Set: 0.2ms
[7.658s][info   ][gc,phases   ] GC(524)   Merge Heap Roots: 0.1ms
[7.658s][info   ][gc,phases   ] GC(524)   Evacuate Collection Set: 0.2ms
[7.658s][info   ][gc,phases   ] GC(524)   Post Evacuate Collection Set: 0.5ms
[7.658s][info   ][gc,phases   ] GC(524)   Other: 0.1ms
[7.658s][info   ][gc,heap     ] GC(524) Eden regions: 0->0(1004)
[7.658s][info   ][gc,heap     ] GC(524) Survivor regions: 0->0(127)
[7.658s][info   ][gc,heap     ] GC(524) Old regions: 1->1
[7.658s][info   ][gc,heap     ] GC(524) Archive regions: 2->2
[7.658s][info   ][gc,heap     ] GC(524) Humongous regions: 1100->752
[7.658s][info   ][gc,metaspace] GC(524) Metaspace: 158K(384K)->158K(384K) NonClass: 150K(256K)->150K(256K) Class: 8K(128K)->8K(128K)
[7.658s][info   ][gc          ] GC(524) Pause Young (Concurrent Start) (G1 Humongous Allocation) 1101M->753M(2048M) 1.236ms
[7.658s][info   ][gc,cpu      ] GC(524) User=0.00s Sys=0.00s Real=0.01s
[7.658s][info   ][gc          ] GC(525) Concurrent Undo Cycle
[7.658s][info   ][gc,marking  ] GC(525) Concurrent Cleanup for Next Mark
[7.682s][info   ][gc,marking  ] GC(525) Concurrent Cleanup for Next Mark 24.063ms
[7.683s][info   ][gc          ] GC(525) Concurrent Undo Cycle 24.359ms
[7.683s][info   ][gc,start    ] GC(526) Pause Young (Concurrent Start) (G1 Humongous Allocation)
[7.683s][info   ][gc,task     ] GC(526) Using 4 workers of 4 for evacuation
[7.684s][info   ][gc,phases   ] GC(526)   Pre Evacuate Collection Set: 0.1ms
[7.684s][info   ][gc,phases   ] GC(526)   Merge Heap Roots: 0.1ms
[7.684s][info   ][gc,phases   ] GC(526)   Evacuate Collection Set: 0.2ms
[7.684s][info   ][gc,phases   ] GC(526)   Post Evacuate Collection Set: 0.5ms
[7.684s][info   ][gc,phases   ] GC(526)   Other: 0.2ms
[7.684s][info   ][gc,heap     ] GC(526) Eden regions: 0->0(1028)
[7.684s][info   ][gc,heap     ] GC(526) Survivor regions: 0->0(126)
[7.684s][info   ][gc,heap     ] GC(526) Old regions: 1->1
[7.684s][info   ][gc,heap     ] GC(526) Archive regions: 2->2
[7.684s][info   ][gc,heap     ] GC(526) Humongous regions: 1072->726
[7.684s][info   ][gc,metaspace] GC(526) Metaspace: 158K(384K)->158K(384K) NonClass: 150K(256K)->150K(256K) Class: 8K(128K)->8K(128K)
[7.684s][info   ][gc          ] GC(526) Pause Young (Concurrent Start) (G1 Humongous Allocation) 1073M->727M(2048M) 1.111ms
[7.684s][info   ][gc,cpu      ] GC(526) User=0.00s Sys=0.00s Real=0.00s
[7.685s][info   ][gc          ] GC(527) Concurrent Undo Cycle
[7.685s][info   ][gc,marking  ] GC(527) Concurrent Cleanup for Next Mark
[7.702s][info   ][gc,marking  ] GC(527) Concurrent Cleanup for Next Mark 17.230ms
[7.702s][info   ][gc          ] GC(527) Concurrent Undo Cycle 17.438ms
[7.703s][info   ][gc,start    ] GC(528) Pause Young (Concurrent Start) (G1 Humongous Allocation)
[7.703s][info   ][gc,task     ] GC(528) Using 4 workers of 4 for evacuation
[7.704s][info   ][gc,phases   ] GC(528)   Pre Evacuate Collection Set: 0.2ms
[7.704s][info   ][gc,phases   ] GC(528)   Merge Heap Roots: 0.1ms
[7.704s][info   ][gc,phases   ] GC(528)   Evacuate Collection Set: 0.3ms
[7.704s][info   ][gc,phases   ] GC(528)   Post Evacuate Collection Set: 0.4ms
[7.704s][info   ][gc,phases   ] GC(528)   Other: 0.2ms
[7.704s][info   ][gc,heap     ] GC(528) Eden regions: 0->0(1001)
[7.704s][info   ][gc,heap     ] GC(528) Survivor regions: 0->0(129)
[7.704s][info   ][gc,heap     ] GC(528) Old regions: 1->1
[7.704s][info   ][gc,heap     ] GC(528) Archive regions: 2->2
[7.704s][info   ][gc,heap     ] GC(528) Humongous regions: 934->756
[7.704s][info   ][gc,metaspace] GC(528) Metaspace: 158K(384K)->158K(384K) NonClass: 150K(256K)->150K(256K) Class: 8K(128K)->8K(128K)
[7.704s][info   ][gc          ] GC(528) Pause Young (Concurrent Start) (G1 Humongous Allocation) 935M->757M(2048M) 1.184ms
[7.704s][info   ][gc,cpu      ] GC(528) User=0.00s Sys=0.00s Real=0.00s
[7.704s][info   ][gc          ] GC(529) Concurrent Undo Cycle
[7.704s][info   ][gc,marking  ] GC(529) Concurrent Cleanup for Next Mark
[7.723s][info   ][gc,marking  ] GC(529) Concurrent Cleanup for Next Mark 18.690ms
[7.723s][info   ][gc          ] GC(529) Concurrent Undo Cycle 18.882ms
[7.723s][info   ][gc,start    ] GC(530) Pause Young (Concurrent Start) (G1 Humongous Allocation)
[7.723s][info   ][gc,task     ] GC(530) Using 4 workers of 4 for evacuation
[7.725s][info   ][gc,phases   ] GC(530)   Pre Evacuate Collection Set: 0.2ms
[7.725s][info   ][gc,phases   ] GC(530)   Merge Heap Roots: 0.1ms
[7.725s][info   ][gc,phases   ] GC(530)   Evacuate Collection Set: 0.4ms
[7.725s][info   ][gc,phases   ] GC(530)   Post Evacuate Collection Set: 0.4ms
[7.725s][info   ][gc,phases   ] GC(530)   Other: 0.2ms
[7.725s][info   ][gc,heap     ] GC(530) Eden regions: 0->0(1010)
[7.725s][info   ][gc,heap     ] GC(530) Survivor regions: 0->0(126)
[7.725s][info   ][gc,heap     ] GC(530) Old regions: 1->1
[7.725s][info   ][gc,heap     ] GC(530) Archive regions: 2->2
[7.725s][info   ][gc,heap     ] GC(530) Humongous regions: 998->746
[7.725s][info   ][gc,metaspace] GC(530) Metaspace: 158K(384K)->158K(384K) NonClass: 150K(256K)->150K(256K) Class: 8K(128K)->8K(128K)
[7.725s][info   ][gc          ] GC(530) Pause Young (Concurrent Start) (G1 Humongous Allocation) 999M->747M(2048M) 1.314ms
[7.725s][info   ][gc,cpu      ] GC(530) User=0.00s Sys=0.00s Real=0.00s
[7.725s][info   ][gc          ] GC(531) Concurrent Undo Cycle
[7.725s][info   ][gc,marking  ] GC(531) Concurrent Cleanup for Next Mark
[7.739s][info   ][gc,marking  ] GC(531) Concurrent Cleanup for Next Mark 14.253ms
[7.739s][info   ][gc          ] GC(531) Concurrent Undo Cycle 14.453ms
[7.740s][info   ][gc,start    ] GC(532) Pause Young (Concurrent Start) (G1 Humongous Allocation)
[7.740s][info   ][gc,task     ] GC(532) Using 4 workers of 4 for evacuation
[7.741s][info   ][gc,phases   ] GC(532)   Pre Evacuate Collection Set: 0.3ms
[7.741s][info   ][gc,phases   ] GC(532)   Merge Heap Roots: 0.1ms
[7.741s][info   ][gc,phases   ] GC(532)   Evacuate Collection Set: 0.3ms
[7.741s][info   ][gc,phases   ] GC(532)   Post Evacuate Collection Set: 0.4ms
[7.741s][info   ][gc,phases   ] GC(532)   Other: 0.2ms
[7.741s][info   ][gc,heap     ] GC(532) Eden regions: 0->0(1006)
[7.741s][info   ][gc,heap     ] GC(532) Survivor regions: 0->0(127)
[7.741s][info   ][gc,heap     ] GC(532) Old regions: 1->1
[7.741s][info   ][gc,heap     ] GC(532) Archive regions: 2->2
[7.741s][info   ][gc,heap     ] GC(532) Humongous regions: 924->750
[7.741s][info   ][gc,metaspace] GC(532) Metaspace: 158K(384K)->158K(384K) NonClass: 150K(256K)->150K(256K) Class: 8K(128K)->8K(128K)
[7.741s][info   ][gc          ] GC(532) Pause Young (Concurrent Start) (G1 Humongous Allocation) 925M->751M(2048M) 1.231ms
[7.742s][info   ][gc,cpu      ] GC(532) User=0.00s Sys=0.00s Real=0.00s
[7.742s][info   ][gc          ] GC(533) Concurrent Undo Cycle
[7.742s][info   ][gc,marking  ] GC(533) Concurrent Cleanup for Next Mark
[7.755s][info   ][gc,marking  ] GC(533) Concurrent Cleanup for Next Mark 13.584ms
[7.755s][info   ][gc          ] GC(533) Concurrent Undo Cycle 13.889ms
[7.757s][info   ][gc,start    ] GC(534) Pause Young (Concurrent Start) (G1 Humongous Allocation)
[7.757s][info   ][gc,task     ] GC(534) Using 4 workers of 4 for evacuation
[7.758s][info   ][gc,phases   ] GC(534)   Pre Evacuate Collection Set: 0.2ms
[7.758s][info   ][gc,phases   ] GC(534)   Merge Heap Roots: 0.1ms
[7.758s][info   ][gc,phases   ] GC(534)   Evacuate Collection Set: 0.3ms
[7.758s][info   ][gc,phases   ] GC(534)   Post Evacuate Collection Set: 0.4ms
[7.758s][info   ][gc,phases   ] GC(534)   Other: 0.2ms
[7.758s][info   ][gc,heap     ] GC(534) Eden regions: 0->0(984)
[7.758s][info   ][gc,heap     ] GC(534) Survivor regions: 0->0(126)
[7.758s][info   ][gc,heap     ] GC(534) Old regions: 1->1
[7.758s][info   ][gc,heap     ] GC(534) Archive regions: 2->2
[7.758s][info   ][gc,heap     ] GC(534) Humongous regions: 918->774
[7.758s][info   ][gc,metaspace] GC(534) Metaspace: 158K(384K)->158K(384K) NonClass: 150K(256K)->150K(256K) Class: 8K(128K)->8K(128K)
[7.758s][info   ][gc          ] GC(534) Pause Young (Concurrent Start) (G1 Humongous Allocation) 919M->775M(2048M) 1.126ms
[7.758s][info   ][gc,cpu      ] GC(534) User=0.00s Sys=0.00s Real=0.01s
[7.758s][info   ][gc          ] GC(535) Concurrent Undo Cycle
[7.758s][info   ][gc,marking  ] GC(535) Concurrent Cleanup for Next Mark
[7.770s][info   ][gc,marking  ] GC(535) Concurrent Cleanup for Next Mark 11.146ms
[7.770s][info   ][gc          ] GC(535) Concurrent Undo Cycle 11.370ms
[7.772s][info   ][gc,start    ] GC(536) Pause Young (Concurrent Start) (G1 Humongous Allocation)
[7.772s][info   ][gc,task     ] GC(536) Using 4 workers of 4 for evacuation
[7.773s][info   ][gc,phases   ] GC(536)   Pre Evacuate Collection Set: 0.2ms
[7.773s][info   ][gc,phases   ] GC(536)   Merge Heap Roots: 0.1ms
[7.773s][info   ][gc,phases   ] GC(536)   Evacuate Collection Set: 0.2ms
[7.773s][info   ][gc,phases   ] GC(536)   Post Evacuate Collection Set: 0.4ms
[7.773s][info   ][gc,phases   ] GC(536)   Other: 0.2ms
[7.773s][info   ][gc,heap     ] GC(536) Eden regions: 0->0(979)
[7.773s][info   ][gc,heap     ] GC(536) Survivor regions: 0->0(123)
[7.773s][info   ][gc,heap     ] GC(536) Old regions: 1->1
[7.773s][info   ][gc,heap     ] GC(536) Archive regions: 2->2
[7.773s][info   ][gc,heap     ] GC(536) Humongous regions: 918->780
[7.773s][info   ][gc,metaspace] GC(536) Metaspace: 158K(384K)->158K(384K) NonClass: 150K(256K)->150K(256K) Class: 8K(128K)->8K(128K)
[7.773s][info   ][gc          ] GC(536) Pause Young (Concurrent Start) (G1 Humongous Allocation) 919M->781M(2048M) 1.115ms
[7.773s][info   ][gc,cpu      ] GC(536) User=0.01s Sys=0.00s Real=0.00s
[7.773s][info   ][gc          ] GC(537) Concurrent Undo Cycle
[7.773s][info   ][gc,marking  ] GC(537) Concurrent Cleanup for Next Mark
[7.787s][info   ][gc,marking  ] GC(537) Concurrent Cleanup for Next Mark 13.700ms
[7.787s][info   ][gc          ] GC(537) Concurrent Undo Cycle 13.903ms
[7.788s][info   ][gc,start    ] GC(538) Pause Young (Concurrent Start) (G1 Humongous Allocation)
[7.788s][info   ][gc,task     ] GC(538) Using 4 workers of 4 for evacuation
[7.789s][info   ][gc,phases   ] GC(538)   Pre Evacuate Collection Set: 0.2ms
[7.789s][info   ][gc,phases   ] GC(538)   Merge Heap Roots: 0.1ms
[7.789s][info   ][gc,phases   ] GC(538)   Evacuate Collection Set: 0.2ms
[7.789s][info   ][gc,phases   ] GC(538)   Post Evacuate Collection Set: 0.3ms
[7.789s][info   ][gc,phases   ] GC(538)   Other: 0.1ms
[7.789s][info   ][gc,heap     ] GC(538) Eden regions: 0->0(949)
[7.789s][info   ][gc,heap     ] GC(538) Survivor regions: 0->0(123)
[7.789s][info   ][gc,heap     ] GC(538) Old regions: 1->1
[7.789s][info   ][gc,heap     ] GC(538) Archive regions: 2->2
[7.789s][info   ][gc,heap     ] GC(538) Humongous regions: 940->812
[7.789s][info   ][gc,metaspace] GC(538) Metaspace: 158K(384K)->158K(384K) NonClass: 150K(256K)->150K(256K) Class: 8K(128K)->8K(128K)
[7.789s][info   ][gc          ] GC(538) Pause Young (Concurrent Start) (G1 Humongous Allocation) 941M->813M(2048M) 0.985ms
[7.789s][info   ][gc,cpu      ] GC(538) User=0.00s Sys=0.00s Real=0.01s
[7.789s][info   ][gc          ] GC(539) Concurrent Undo Cycle
[7.789s][info   ][gc,marking  ] GC(539) Concurrent Cleanup for Next Mark
[7.797s][info   ][gc,marking  ] GC(539) Concurrent Cleanup for Next Mark 7.940ms
[7.797s][info   ][gc          ] GC(539) Concurrent Undo Cycle 8.100ms
[7.799s][info   ][gc,start    ] GC(540) Pause Young (Concurrent Start) (G1 Humongous Allocation)
[7.799s][info   ][gc,task     ] GC(540) Using 4 workers of 4 for evacuation
[7.801s][info   ][gc,phases   ] GC(540)   Pre Evacuate Collection Set: 0.3ms
[7.801s][info   ][gc,phases   ] GC(540)   Merge Heap Roots: 0.1ms
[7.801s][info   ][gc,phases   ] GC(540)   Evacuate Collection Set: 0.5ms
[7.801s][info   ][gc,phases   ] GC(540)   Post Evacuate Collection Set: 0.4ms
[7.801s][info   ][gc,phases   ] GC(540)   Other: 0.3ms
[7.801s][info   ][gc,heap     ] GC(540) Eden regions: 0->0(942)
[7.801s][info   ][gc,heap     ] GC(540) Survivor regions: 0->0(119)
[7.801s][info   ][gc,heap     ] GC(540) Old regions: 1->1
[7.801s][info   ][gc,heap     ] GC(540) Archive regions: 2->2
[7.801s][info   ][gc,heap     ] GC(540) Humongous regions: 918->820
[7.801s][info   ][gc,metaspace] GC(540) Metaspace: 158K(384K)->158K(384K) NonClass: 150K(256K)->150K(256K) Class: 8K(128K)->8K(128K)
[7.801s][info   ][gc          ] GC(540) Pause Young (Concurrent Start) (G1 Humongous Allocation) 919M->821M(2048M) 1.572ms
[7.801s][info   ][gc,cpu      ] GC(540) User=0.00s Sys=0.00s Real=0.00s
[7.801s][info   ][gc          ] GC(541) Concurrent Undo Cycle
[7.801s][info   ][gc,marking  ] GC(541) Concurrent Cleanup for Next Mark
[7.811s][info   ][gc,marking  ] GC(541) Concurrent Cleanup for Next Mark 10.279ms
[7.811s][info   ][gc          ] GC(541) Concurrent Undo Cycle 10.473ms
[7.812s][info   ][gc,start    ] GC(542) Pause Young (Concurrent Start) (G1 Humongous Allocation)
[7.812s][info   ][gc,task     ] GC(542) Using 4 workers of 4 for evacuation
[7.813s][info   ][gc,phases   ] GC(542)   Pre Evacuate Collection Set: 0.2ms
[7.813s][info   ][gc,phases   ] GC(542)   Merge Heap Roots: 0.1ms
[7.813s][info   ][gc,phases   ] GC(542)   Evacuate Collection Set: 0.3ms
[7.813s][info   ][gc,phases   ] GC(542)   Post Evacuate Collection Set: 0.4ms
[7.813s][info   ][gc,phases   ] GC(542)   Other: 0.3ms
[7.813s][info   ][gc,heap     ] GC(542) Eden regions: 0->0(956)
[7.813s][info   ][gc,heap     ] GC(542) Survivor regions: 0->0(118)
[7.813s][info   ][gc,heap     ] GC(542) Old regions: 1->1
[7.813s][info   ][gc,heap     ] GC(542) Archive regions: 2->2
[7.813s][info   ][gc,heap     ] GC(542) Humongous regions: 922->804
[7.813s][info   ][gc,metaspace] GC(542) Metaspace: 158K(384K)->158K(384K) NonClass: 150K(256K)->150K(256K) Class: 8K(128K)->8K(128K)
[7.813s][info   ][gc          ] GC(542) Pause Young (Concurrent Start) (G1 Humongous Allocation) 923M->805M(2048M) 1.227ms
[7.813s][info   ][gc,cpu      ] GC(542) User=0.00s Sys=0.01s Real=0.00s
[7.813s][info   ][gc          ] GC(543) Concurrent Undo Cycle
[7.813s][info   ][gc,marking  ] GC(543) Concurrent Cleanup for Next Mark
[7.828s][info   ][gc,marking  ] GC(543) Concurrent Cleanup for Next Mark 14.618ms
[7.828s][info   ][gc          ] GC(543) Concurrent Undo Cycle 14.822ms
[7.829s][info   ][gc,start    ] GC(544) Pause Young (Concurrent Start) (G1 Humongous Allocation)
[7.829s][info   ][gc,task     ] GC(544) Using 4 workers of 4 for evacuation
[7.830s][info   ][gc,phases   ] GC(544)   Pre Evacuate Collection Set: 0.2ms
[7.830s][info   ][gc,phases   ] GC(544)   Merge Heap Roots: 0.1ms
[7.830s][info   ][gc,phases   ] GC(544)   Evacuate Collection Set: 0.2ms
[7.830s][info   ][gc,phases   ] GC(544)   Post Evacuate Collection Set: 0.4ms
[7.830s][info   ][gc,phases   ] GC(544)   Other: 0.2ms
[7.830s][info   ][gc,heap     ] GC(544) Eden regions: 0->0(975)
[7.830s][info   ][gc,heap     ] GC(544) Survivor regions: 0->0(120)
[7.830s][info   ][gc,heap     ] GC(544) Old regions: 1->1
[7.830s][info   ][gc,heap     ] GC(544) Archive regions: 2->2
[7.830s][info   ][gc,heap     ] GC(544) Humongous regions: 974->784
[7.830s][info   ][gc,metaspace] GC(544) Metaspace: 158K(384K)->158K(384K) NonClass: 150K(256K)->150K(256K) Class: 8K(128K)->8K(128K)
[7.830s][info   ][gc          ] GC(544) Pause Young (Concurrent Start) (G1 Humongous Allocation) 975M->785M(2048M) 1.169ms
[7.830s][info   ][gc,cpu      ] GC(544) User=0.01s Sys=0.00s Real=0.00s
[7.830s][info   ][gc          ] GC(545) Concurrent Undo Cycle
[7.830s][info   ][gc,marking  ] GC(545) Concurrent Cleanup for Next Mark
[7.839s][info   ][gc,marking  ] GC(545) Concurrent Cleanup for Next Mark 8.867ms
[7.839s][info   ][gc          ] GC(545) Concurrent Undo Cycle 9.082ms
[7.841s][info   ][gc,start    ] GC(546) Pause Young (Concurrent Start) (G1 Humongous Allocation)
[7.841s][info   ][gc,task     ] GC(546) Using 4 workers of 4 for evacuation
[7.842s][info   ][gc,phases   ] GC(546)   Pre Evacuate Collection Set: 0.2ms
[7.842s][info   ][gc,phases   ] GC(546)   Merge Heap Roots: 0.1ms
[7.842s][info   ][gc,phases   ] GC(546)   Evacuate Collection Set: 0.2ms
[7.842s][info   ][gc,phases   ] GC(546)   Post Evacuate Collection Set: 0.3ms
[7.842s][info   ][gc,phases   ] GC(546)   Other: 0.2ms
[7.842s][info   ][gc,heap     ] GC(546) Eden regions: 0->0(954)
[7.842s][info   ][gc,heap     ] GC(546) Survivor regions: 0->0(122)
[7.842s][info   ][gc,heap     ] GC(546) Old regions: 1->1
[7.842s][info   ][gc,heap     ] GC(546) Archive regions: 2->2
[7.842s][info   ][gc,heap     ] GC(546) Humongous regions: 886->806
[7.842s][info   ][gc,metaspace] GC(546) Metaspace: 158K(384K)->158K(384K) NonClass: 150K(256K)->150K(256K) Class: 8K(128K)->8K(128K)
[7.842s][info   ][gc          ] GC(546) Pause Young (Concurrent Start) (G1 Humongous Allocation) 887M->807M(2048M) 1.013ms
[7.842s][info   ][gc,cpu      ] GC(546) User=0.00s Sys=0.00s Real=0.00s
[7.842s][info   ][gc          ] GC(547) Concurrent Undo Cycle
[7.842s][info   ][gc,marking  ] GC(547) Concurrent Cleanup for Next Mark
[7.854s][info   ][gc,marking  ] GC(547) Concurrent Cleanup for Next Mark 11.909ms
[7.854s][info   ][gc          ] GC(547) Concurrent Undo Cycle 12.116ms
[7.855s][info   ][gc,start    ] GC(548) Pause Young (Concurrent Start) (G1 Humongous Allocation)
[7.855s][info   ][gc,task     ] GC(548) Using 4 workers of 4 for evacuation
[7.856s][info   ][gc,phases   ] GC(548)   Pre Evacuate Collection Set: 0.2ms
[7.856s][info   ][gc,phases   ] GC(548)   Merge Heap Roots: 0.1ms
[7.856s][info   ][gc,phases   ] GC(548)   Evacuate Collection Set: 0.2ms
[7.856s][info   ][gc,phases   ] GC(548)   Post Evacuate Collection Set: 0.4ms
[7.856s][info   ][gc,phases   ] GC(548)   Other: 0.1ms
[7.856s][info   ][gc,heap     ] GC(548) Eden regions: 0->0(966)
[7.856s][info   ][gc,heap     ] GC(548) Survivor regions: 0->0(120)
[7.856s][info   ][gc,heap     ] GC(548) Old regions: 1->1
[7.856s][info   ][gc,heap     ] GC(548) Archive regions: 2->2
[7.856s][info   ][gc,heap     ] GC(548) Humongous regions: 942->794
[7.856s][info   ][gc,metaspace] GC(548) Metaspace: 158K(384K)->158K(384K) NonClass: 150K(256K)->150K(256K) Class: 8K(128K)->8K(128K)
[7.856s][info   ][gc          ] GC(548) Pause Young (Concurrent Start) (G1 Humongous Allocation) 943M->795M(2048M) 1.123ms
[7.856s][info   ][gc,cpu      ] GC(548) User=0.00s Sys=0.00s Real=0.00s
[7.857s][info   ][gc          ] GC(549) Concurrent Undo Cycle
[7.857s][info   ][gc,marking  ] GC(549) Concurrent Cleanup for Next Mark
[7.870s][info   ][gc,marking  ] GC(549) Concurrent Cleanup for Next Mark 13.655ms
[7.870s][info   ][gc          ] GC(549) Concurrent Undo Cycle 13.856ms
[7.871s][info   ][gc,start    ] GC(550) Pause Young (Concurrent Start) (G1 Humongous Allocation)
[7.871s][info   ][gc,task     ] GC(550) Using 4 workers of 4 for evacuation
[7.872s][info   ][gc,phases   ] GC(550)   Pre Evacuate Collection Set: 0.2ms
[7.872s][info   ][gc,phases   ] GC(550)   Merge Heap Roots: 0.1ms
[7.872s][info   ][gc,phases   ] GC(550)   Evacuate Collection Set: 0.2ms
[7.872s][info   ][gc,phases   ] GC(550)   Post Evacuate Collection Set: 0.4ms
[7.872s][info   ][gc,phases   ] GC(550)   Other: 0.1ms
[7.872s][info   ][gc,heap     ] GC(550) Eden regions: 0->0(975)
[7.872s][info   ][gc,heap     ] GC(550) Survivor regions: 0->0(121)
[7.872s][info   ][gc,heap     ] GC(550) Old regions: 1->1
[7.872s][info   ][gc,heap     ] GC(550) Archive regions: 2->2
[7.872s][info   ][gc,heap     ] GC(550) Humongous regions: 958->784
[7.872s][info   ][gc,metaspace] GC(550) Metaspace: 158K(384K)->158K(384K) NonClass: 150K(256K)->150K(256K) Class: 8K(128K)->8K(128K)
[7.872s][info   ][gc          ] GC(550) Pause Young (Concurrent Start) (G1 Humongous Allocation) 959M->785M(2048M) 1.149ms
[7.872s][info   ][gc,cpu      ] GC(550) User=0.00s Sys=0.00s Real=0.00s
[7.872s][info   ][gc          ] GC(551) Concurrent Undo Cycle
[7.872s][info   ][gc,marking  ] GC(551) Concurrent Cleanup for Next Mark
[7.885s][info   ][gc,marking  ] GC(551) Concurrent Cleanup for Next Mark 12.769ms
[7.885s][info   ][gc          ] GC(551) Concurrent Undo Cycle 12.958ms
[7.886s][info   ][gc,start    ] GC(552) Pause Young (Concurrent Start) (G1 Humongous Allocation)
[7.886s][info   ][gc,task     ] GC(552) Using 4 workers of 4 for evacuation
[7.887s][info   ][gc,phases   ] GC(552)   Pre Evacuate Collection Set: 0.2ms
[7.887s][info   ][gc,phases   ] GC(552)   Merge Heap Roots: 0.1ms
[7.887s][info   ][gc,phases   ] GC(552)   Evacuate Collection Set: 0.2ms
[7.887s][info   ][gc,phases   ] GC(552)   Post Evacuate Collection Set: 0.4ms
[7.887s][info   ][gc,phases   ] GC(552)   Other: 0.1ms
[7.887s][info   ][gc,heap     ] GC(552) Eden regions: 0->0(990)
[7.887s][info   ][gc,heap     ] GC(552) Survivor regions: 0->0(122)
[7.887s][info   ][gc,heap     ] GC(552) Old regions: 1->1
[7.887s][info   ][gc,heap     ] GC(552) Archive regions: 2->2
[7.887s][info   ][gc,heap     ] GC(552) Humongous regions: 928->768
[7.887s][info   ][gc,metaspace] GC(552) Metaspace: 158K(384K)->158K(384K) NonClass: 150K(256K)->150K(256K) Class: 8K(128K)->8K(128K)
[7.887s][info   ][gc          ] GC(552) Pause Young (Concurrent Start) (G1 Humongous Allocation) 929M->769M(2048M) 1.045ms
[7.887s][info   ][gc,cpu      ] GC(552) User=0.00s Sys=0.00s Real=0.00s
[7.887s][info   ][gc          ] GC(553) Concurrent Undo Cycle
[7.887s][info   ][gc,marking  ] GC(553) Concurrent Cleanup for Next Mark
[7.902s][info   ][gc,marking  ] GC(553) Concurrent Cleanup for Next Mark 15.050ms
[7.902s][info   ][gc          ] GC(553) Concurrent Undo Cycle 15.276ms
[7.903s][info   ][gc,start    ] GC(554) Pause Young (Concurrent Start) (G1 Humongous Allocation)
[7.903s][info   ][gc,task     ] GC(554) Using 4 workers of 4 for evacuation
[7.904s][info   ][gc,phases   ] GC(554)   Pre Evacuate Collection Set: 0.2ms
[7.904s][info   ][gc,phases   ] GC(554)   Merge Heap Roots: 0.1ms
[7.904s][info   ][gc,phases   ] GC(554)   Evacuate Collection Set: 0.2ms
[7.904s][info   ][gc,phases   ] GC(554)   Post Evacuate Collection Set: 0.4ms
[7.904s][info   ][gc,phases   ] GC(554)   Other: 0.2ms
[7.904s][info   ][gc,heap     ] GC(554) Eden regions: 0->0(971)
[7.904s][info   ][gc,heap     ] GC(554) Survivor regions: 0->0(124)
[7.904s][info   ][gc,heap     ] GC(554) Old regions: 1->1
[7.904s][info   ][gc,heap     ] GC(554) Archive regions: 2->2
[7.904s][info   ][gc,heap     ] GC(554) Humongous regions: 962->788
[7.904s][info   ][gc,metaspace] GC(554) Metaspace: 158K(384K)->158K(384K) NonClass: 150K(256K)->150K(256K) Class: 8K(128K)->8K(128K)
[7.904s][info   ][gc          ] GC(554) Pause Young (Concurrent Start) (G1 Humongous Allocation) 963M->789M(2048M) 1.102ms
[7.904s][info   ][gc,cpu      ] GC(554) User=0.00s Sys=0.01s Real=0.00s
[7.904s][info   ][gc          ] GC(555) Concurrent Undo Cycle
[7.904s][info   ][gc,marking  ] GC(555) Concurrent Cleanup for Next Mark
[7.915s][info   ][gc,marking  ] GC(555) Concurrent Cleanup for Next Mark 10.788ms
[7.915s][info   ][gc          ] GC(555) Concurrent Undo Cycle 11.001ms
[7.917s][info   ][gc,start    ] GC(556) Pause Young (Concurrent Start) (G1 Humongous Allocation)
[7.917s][info   ][gc,task     ] GC(556) Using 4 workers of 4 for evacuation
[7.918s][info   ][gc,phases   ] GC(556)   Pre Evacuate Collection Set: 0.2ms
[7.918s][info   ][gc,phases   ] GC(556)   Merge Heap Roots: 0.1ms
[7.918s][info   ][gc,phases   ] GC(556)   Evacuate Collection Set: 0.3ms
[7.918s][info   ][gc,phases   ] GC(556)   Post Evacuate Collection Set: 0.3ms
[7.918s][info   ][gc,phases   ] GC(556)   Other: 0.2ms
[7.918s][info   ][gc,heap     ] GC(556) Eden regions: 0->0(942)
[7.918s][info   ][gc,heap     ] GC(556) Survivor regions: 0->0(122)
[7.918s][info   ][gc,heap     ] GC(556) Old regions: 1->1
[7.918s][info   ][gc,heap     ] GC(556) Archive regions: 2->2
[7.918s][info   ][gc,heap     ] GC(556) Humongous regions: 918->820
[7.919s][info   ][gc,metaspace] GC(556) Metaspace: 158K(384K)->158K(384K) NonClass: 150K(256K)->150K(256K) Class: 8K(128K)->8K(128K)
[7.919s][info   ][gc          ] GC(556) Pause Young (Concurrent Start) (G1 Humongous Allocation) 919M->821M(2048M) 1.133ms
[7.919s][info   ][gc,cpu      ] GC(556) User=0.00s Sys=0.00s Real=0.01s
[7.919s][info   ][gc          ] GC(557) Concurrent Undo Cycle
[7.919s][info   ][gc,marking  ] GC(557) Concurrent Cleanup for Next Mark
[7.926s][info   ][gc,marking  ] GC(557) Concurrent Cleanup for Next Mark 7.720ms
[7.926s][info   ][gc          ] GC(557) Concurrent Undo Cycle 7.891ms
[7.929s][info   ][gc,start    ] GC(558) Pause Young (Concurrent Start) (G1 Humongous Allocation)
[7.929s][info   ][gc,task     ] GC(558) Using 4 workers of 4 for evacuation
[7.930s][info   ][gc,phases   ] GC(558)   Pre Evacuate Collection Set: 0.2ms
[7.930s][info   ][gc,phases   ] GC(558)   Merge Heap Roots: 0.1ms
[7.930s][info   ][gc,phases   ] GC(558)   Evacuate Collection Set: 0.2ms
[7.930s][info   ][gc,phases   ] GC(558)   Post Evacuate Collection Set: 0.4ms
[7.930s][info   ][gc,phases   ] GC(558)   Other: 0.2ms
[7.930s][info   ][gc,heap     ] GC(558) Eden regions: 0->0(947)
[7.930s][info   ][gc,heap     ] GC(558) Survivor regions: 0->0(118)
[7.930s][info   ][gc,heap     ] GC(558) Old regions: 1->1
[7.930s][info   ][gc,heap     ] GC(558) Archive regions: 2->2
[7.930s][info   ][gc,heap     ] GC(558) Humongous regions: 918->814
[7.930s][info   ][gc,metaspace] GC(558) Metaspace: 158K(384K)->158K(384K) NonClass: 150K(256K)->150K(256K) Class: 8K(128K)->8K(128K)
[7.930s][info   ][gc          ] GC(558) Pause Young (Concurrent Start) (G1 Humongous Allocation) 919M->815M(2048M) 1.214ms
[7.930s][info   ][gc,cpu      ] GC(558) User=0.00s Sys=0.01s Real=0.00s
[7.930s][info   ][gc          ] GC(559) Concurrent Undo Cycle
[7.930s][info   ][gc,marking  ] GC(559) Concurrent Cleanup for Next Mark
[7.943s][info   ][gc,marking  ] GC(559) Concurrent Cleanup for Next Mark 12.864ms
[7.943s][info   ][gc          ] GC(559) Concurrent Undo Cycle 13.101ms
[7.945s][info   ][gc,start    ] GC(560) Pause Young (Concurrent Start) (G1 Humongous Allocation)
[7.945s][info   ][gc,task     ] GC(560) Using 4 workers of 4 for evacuation
[7.946s][info   ][gc,phases   ] GC(560)   Pre Evacuate Collection Set: 0.3ms
[7.946s][info   ][gc,phases   ] GC(560)   Merge Heap Roots: 0.1ms
[7.946s][info   ][gc,phases   ] GC(560)   Evacuate Collection Set: 0.3ms
[7.946s][info   ][gc,phases   ] GC(560)   Post Evacuate Collection Set: 0.4ms
[7.946s][info   ][gc,phases   ] GC(560)   Other: 0.2ms
[7.946s][info   ][gc,heap     ] GC(560) Eden regions: 0->0(925)
[7.946s][info   ][gc,heap     ] GC(560) Survivor regions: 0->0(119)
[7.946s][info   ][gc,heap     ] GC(560) Old regions: 1->1
[7.946s][info   ][gc,heap     ] GC(560) Archive regions: 2->2
[7.946s][info   ][gc,heap     ] GC(560) Humongous regions: 964->838
[7.946s][info   ][gc,metaspace] GC(560) Metaspace: 158K(384K)->158K(384K) NonClass: 150K(256K)->150K(256K) Class: 8K(128K)->8K(128K)
[7.946s][info   ][gc          ] GC(560) Pause Young (Concurrent Start) (G1 Humongous Allocation) 965M->839M(2048M) 1.277ms
[7.946s][info   ][gc,cpu      ] GC(560) User=0.00s Sys=0.00s Real=0.00s
[7.946s][info   ][gc          ] GC(561) Concurrent Undo Cycle
[7.946s][info   ][gc,marking  ] GC(561) Concurrent Cleanup for Next Mark
[7.961s][info   ][gc,marking  ] GC(561) Concurrent Cleanup for Next Mark 14.672ms
[7.961s][info   ][gc          ] GC(561) Concurrent Undo Cycle 15.079ms
[7.962s][info   ][gc,start    ] GC(562) Pause Young (Concurrent Start) (G1 Humongous Allocation)
[7.962s][info   ][gc,task     ] GC(562) Using 4 workers of 4 for evacuation
[7.964s][info   ][gc,phases   ] GC(562)   Pre Evacuate Collection Set: 0.5ms
[7.964s][info   ][gc,phases   ] GC(562)   Merge Heap Roots: 0.1ms
[7.964s][info   ][gc,phases   ] GC(562)   Evacuate Collection Set: 1.0ms
[7.964s][info   ][gc,phases   ] GC(562)   Post Evacuate Collection Set: 0.5ms
[7.964s][info   ][gc,phases   ] GC(562)   Other: 0.3ms
[7.964s][info   ][gc,heap     ] GC(562) Eden regions: 0->0(908)
[7.964s][info   ][gc,heap     ] GC(562) Survivor regions: 0->0(116)
[7.964s][info   ][gc,heap     ] GC(562) Old regions: 1->1
[7.964s][info   ][gc,heap     ] GC(562) Archive regions: 2->2
[7.965s][info   ][gc,heap     ] GC(562) Humongous regions: 1000->856
[7.965s][info   ][gc,metaspace] GC(562) Metaspace: 158K(384K)->158K(384K) NonClass: 150K(256K)->150K(256K) Class: 8K(128K)->8K(128K)
[7.965s][info   ][gc          ] GC(562) Pause Young (Concurrent Start) (G1 Humongous Allocation) 1001M->857M(2048M) 2.383ms
[7.965s][info   ][gc,cpu      ] GC(562) User=0.00s Sys=0.00s Real=0.00s
[7.965s][info   ][gc          ] GC(563) Concurrent Undo Cycle
[7.965s][info   ][gc,marking  ] GC(563) Concurrent Cleanup for Next Mark
[7.977s][info   ][gc,marking  ] GC(563) Concurrent Cleanup for Next Mark 12.259ms
[7.977s][info   ][gc          ] GC(563) Concurrent Undo Cycle 12.451ms
[7.978s][info   ][gc,start    ] GC(564) Pause Young (Concurrent Start) (G1 Humongous Allocation)
[7.978s][info   ][gc,task     ] GC(564) Using 4 workers of 4 for evacuation
[7.979s][info   ][gc,phases   ] GC(564)   Pre Evacuate Collection Set: 0.2ms
[7.979s][info   ][gc,phases   ] GC(564)   Merge Heap Roots: 0.1ms
[7.979s][info   ][gc,phases   ] GC(564)   Evacuate Collection Set: 0.2ms
[7.979s][info   ][gc,phases   ] GC(564)   Post Evacuate Collection Set: 0.6ms
[7.979s][info   ][gc,phases   ] GC(564)   Other: 0.2ms
[7.979s][info   ][gc,heap     ] GC(564) Eden regions: 0->0(882)
[7.979s][info   ][gc,heap     ] GC(564) Survivor regions: 0->0(114)
[7.979s][info   ][gc,heap     ] GC(564) Old regions: 1->1
[7.979s][info   ][gc,heap     ] GC(564) Archive regions: 2->2
[7.979s][info   ][gc,heap     ] GC(564) Humongous regions: 996->884
[7.979s][info   ][gc,metaspace] GC(564) Metaspace: 158K(384K)->158K(384K) NonClass: 150K(256K)->150K(256K) Class: 8K(128K)->8K(128K)
[7.979s][info   ][gc          ] GC(564) Pause Young (Concurrent Start) (G1 Humongous Allocation) 997M->885M(2048M) 1.333ms
[7.979s][info   ][gc,cpu      ] GC(564) User=0.00s Sys=0.00s Real=0.01s
[7.979s][info   ][gc          ] GC(565) Concurrent Undo Cycle
[7.979s][info   ][gc,marking  ] GC(565) Concurrent Cleanup for Next Mark
[7.988s][info   ][gc,marking  ] GC(565) Concurrent Cleanup for Next Mark 9.189ms
[7.989s][info   ][gc          ] GC(565) Concurrent Undo Cycle 9.398ms
[7.989s][info   ][gc,start    ] GC(566) Pause Young (Concurrent Start) (G1 Humongous Allocation)
[7.989s][info   ][gc,task     ] GC(566) Using 4 workers of 4 for evacuation
[7.990s][info   ][gc,phases   ] GC(566)   Pre Evacuate Collection Set: 0.3ms
[7.990s][info   ][gc,phases   ] GC(566)   Merge Heap Roots: 0.1ms
[7.990s][info   ][gc,phases   ] GC(566)   Evacuate Collection Set: 0.3ms
[7.990s][info   ][gc,phases   ] GC(566)   Post Evacuate Collection Set: 0.3ms
[7.990s][info   ][gc,phases   ] GC(566)   Other: 0.2ms
[7.990s][info   ][gc,heap     ] GC(566) Eden regions: 0->0(864)
[7.990s][info   ][gc,heap     ] GC(566) Survivor regions: 0->0(111)
[7.990s][info   ][gc,heap     ] GC(566) Old regions: 1->1
[7.990s][info   ][gc,heap     ] GC(566) Archive regions: 2->2
[7.990s][info   ][gc,heap     ] GC(566) Humongous regions: 952->904
[7.990s][info   ][gc,metaspace] GC(566) Metaspace: 158K(384K)->158K(384K) NonClass: 150K(256K)->150K(256K) Class: 8K(128K)->8K(128K)
[7.990s][info   ][gc          ] GC(566) Pause Young (Concurrent Start) (G1 Humongous Allocation) 953M->905M(2048M) 1.173ms
[7.990s][info   ][gc,cpu      ] GC(566) User=0.00s Sys=0.00s Real=0.00s
[7.990s][info   ][gc          ] GC(567) Concurrent Undo Cycle
[7.990s][info   ][gc,marking  ] GC(567) Concurrent Cleanup for Next Mark
[8.005s][info   ][gc,marking  ] GC(567) Concurrent Cleanup for Next Mark 14.428ms
[8.005s][info   ][gc          ] GC(567) Concurrent Undo Cycle 14.704ms
[8.006s][info   ][gc,start    ] GC(568) Pause Young (Concurrent Start) (G1 Humongous Allocation)
[8.006s][info   ][gc,task     ] GC(568) Using 4 workers of 4 for evacuation
[8.008s][info   ][gc,phases   ] GC(568)   Pre Evacuate Collection Set: 0.2ms
[8.008s][info   ][gc,phases   ] GC(568)   Merge Heap Roots: 0.1ms
[8.008s][info   ][gc,phases   ] GC(568)   Evacuate Collection Set: 0.6ms
[8.008s][info   ][gc,phases   ] GC(568)   Post Evacuate Collection Set: 0.4ms
[8.008s][info   ][gc,phases   ] GC(568)   Other: 0.2ms
[8.008s][info   ][gc,heap     ] GC(568) Eden regions: 0->0(916)
[8.008s][info   ][gc,heap     ] GC(568) Survivor regions: 0->0(108)
[8.008s][info   ][gc,heap     ] GC(568) Old regions: 1->1
[8.008s][info   ][gc,heap     ] GC(568) Archive regions: 2->2
[8.008s][info   ][gc,heap     ] GC(568) Humongous regions: 1082->848
[8.008s][info   ][gc,metaspace] GC(568) Metaspace: 158K(384K)->158K(384K) NonClass: 150K(256K)->150K(256K) Class: 8K(128K)->8K(128K)
[8.008s][info   ][gc          ] GC(568) Pause Young (Concurrent Start) (G1 Humongous Allocation) 1083M->849M(2048M) 1.527ms
[8.008s][info   ][gc,cpu      ] GC(568) User=0.00s Sys=0.00s Real=0.00s
[8.008s][info   ][gc          ] GC(569) Concurrent Undo Cycle
[8.008s][info   ][gc,marking  ] GC(569) Concurrent Cleanup for Next Mark
[8.019s][info   ][gc,marking  ] GC(569) Concurrent Cleanup for Next Mark 11.117ms
[8.019s][info   ][gc          ] GC(569) Concurrent Undo Cycle 11.224ms
[8.019s][info   ][gc,start    ] GC(570) Pause Young (Concurrent Start) (G1 Humongous Allocation)
[8.019s][info   ][gc,task     ] GC(570) Using 4 workers of 4 for evacuation
[8.021s][info   ][gc,phases   ] GC(570)   Pre Evacuate Collection Set: 0.2ms
[8.021s][info   ][gc,phases   ] GC(570)   Merge Heap Roots: 0.1ms
[8.021s][info   ][gc,phases   ] GC(570)   Evacuate Collection Set: 0.6ms
[8.021s][info   ][gc,phases   ] GC(570)   Post Evacuate Collection Set: 0.3ms
[8.021s][info   ][gc,phases   ] GC(570)   Other: 0.1ms
[8.021s][info   ][gc,heap     ] GC(570) Eden regions: 0->0(890)
[8.021s][info   ][gc,heap     ] GC(570) Survivor regions: 0->0(115)
[8.021s][info   ][gc,heap     ] GC(570) Old regions: 1->1
[8.021s][info   ][gc,heap     ] GC(570) Archive regions: 2->2
[8.021s][info   ][gc,heap     ] GC(570) Humongous regions: 948->876
[8.021s][info   ][gc,metaspace] GC(570) Metaspace: 158K(384K)->158K(384K) NonClass: 150K(256K)->150K(256K) Class: 8K(128K)->8K(128K)
[8.021s][info   ][gc          ] GC(570) Pause Young (Concurrent Start) (G1 Humongous Allocation) 949M->877M(2048M) 1.412ms
[8.021s][info   ][gc,cpu      ] GC(570) User=0.00s Sys=0.00s Real=0.00s
[8.021s][info   ][gc          ] GC(571) Concurrent Undo Cycle
[8.021s][info   ][gc,marking  ] GC(571) Concurrent Cleanup for Next Mark
[8.035s][info   ][gc,marking  ] GC(571) Concurrent Cleanup for Next Mark 14.559ms
[8.036s][info   ][gc          ] GC(571) Concurrent Undo Cycle 14.766ms
[8.037s][info   ][gc,start    ] GC(572) Pause Young (Concurrent Start) (G1 Humongous Allocation)
[8.037s][info   ][gc,task     ] GC(572) Using 4 workers of 4 for evacuation
[8.038s][info   ][gc,phases   ] GC(572)   Pre Evacuate Collection Set: 0.3ms
[8.038s][info   ][gc,phases   ] GC(572)   Merge Heap Roots: 0.1ms
[8.038s][info   ][gc,phases   ] GC(572)   Evacuate Collection Set: 0.2ms
[8.038s][info   ][gc,phases   ] GC(572)   Post Evacuate Collection Set: 0.4ms
[8.038s][info   ][gc,phases   ] GC(572)   Other: 0.2ms
[8.038s][info   ][gc,heap     ] GC(572) Eden regions: 0->0(844)
[8.038s][info   ][gc,heap     ] GC(572) Survivor regions: 0->0(112)
[8.038s][info   ][gc,heap     ] GC(572) Old regions: 1->1
[8.038s][info   ][gc,heap     ] GC(572) Archive regions: 2->2
[8.038s][info   ][gc,heap     ] GC(572) Humongous regions: 1058->926
[8.038s][info   ][gc,metaspace] GC(572) Metaspace: 158K(384K)->158K(384K) NonClass: 150K(256K)->150K(256K) Class: 8K(128K)->8K(128K)
[8.038s][info   ][gc          ] GC(572) Pause Young (Concurrent Start) (G1 Humongous Allocation) 1059M->927M(2048M) 1.238ms
[8.038s][info   ][gc,cpu      ] GC(572) User=0.00s Sys=0.00s Real=0.00s
[8.038s][info   ][gc          ] GC(573) Concurrent Mark Cycle
[8.038s][info   ][gc,marking  ] GC(573) Concurrent Clear Claimed Marks
[8.038s][info   ][gc,marking  ] GC(573) Concurrent Clear Claimed Marks 0.008ms
[8.038s][info   ][gc,marking  ] GC(573) Concurrent Scan Root Regions
[8.038s][info   ][gc,marking  ] GC(573) Concurrent Scan Root Regions 0.006ms
[8.038s][info   ][gc,marking  ] GC(573) Concurrent Mark
[8.038s][info   ][gc,marking  ] GC(573) Concurrent Mark From Roots
[8.038s][info   ][gc,task     ] GC(573) Using 1 workers of 1 for marking
[8.046s][info   ][gc,marking  ] GC(573) Concurrent Mark From Roots 7.636ms
[8.046s][info   ][gc,marking  ] GC(573) Concurrent Preclean
[8.046s][info   ][gc,marking  ] GC(573) Concurrent Preclean 0.150ms
[8.047s][info   ][gc,start    ] GC(573) Pause Remark
[8.048s][info   ][gc          ] GC(573) Pause Remark 1049M->1049M(2048M) 0.792ms
[8.048s][info   ][gc,cpu      ] GC(573) User=0.00s Sys=0.00s Real=0.00s
[8.048s][info   ][gc,marking  ] GC(573) Concurrent Mark 10.068ms
[8.048s][info   ][gc,marking  ] GC(573) Concurrent Rebuild Remembered Sets
[8.054s][info   ][gc,marking  ] GC(573) Concurrent Rebuild Remembered Sets 6.437ms
[8.055s][info   ][gc,start    ] GC(573) Pause Cleanup
[8.055s][info   ][gc          ] GC(573) Pause Cleanup 1157M->1157M(2048M) 0.252ms
[8.055s][info   ][gc,cpu      ] GC(573) User=0.00s Sys=0.00s Real=0.00s
[8.055s][info   ][gc,marking  ] GC(573) Concurrent Cleanup for Next Mark
[8.072s][info   ][gc,marking  ] GC(573) Concurrent Cleanup for Next Mark 16.875ms
[8.073s][info   ][gc          ] GC(573) Concurrent Mark Cycle 34.813ms
[8.074s][info   ][gc,start    ] GC(574) Pause Young (Concurrent Start) (G1 Humongous Allocation)
[8.074s][info   ][gc,task     ] GC(574) Using 4 workers of 4 for evacuation
[8.076s][info   ][gc,phases   ] GC(574)   Pre Evacuate Collection Set: 0.4ms
[8.076s][info   ][gc,phases   ] GC(574)   Merge Heap Roots: 0.4ms
[8.076s][info   ][gc,phases   ] GC(574)   Evacuate Collection Set: 0.5ms
[8.076s][info   ][gc,phases   ] GC(574)   Post Evacuate Collection Set: 0.7ms
[8.076s][info   ][gc,phases   ] GC(574)   Other: 0.2ms
[8.076s][info   ][gc,heap     ] GC(574) Eden regions: 0->0(877)
[8.076s][info   ][gc,heap     ] GC(574) Survivor regions: 0->0(106)
[8.076s][info   ][gc,heap     ] GC(574) Old regions: 1->1
[8.076s][info   ][gc,heap     ] GC(574) Archive regions: 2->2
[8.076s][info   ][gc,heap     ] GC(574) Humongous regions: 1346->890
[8.076s][info   ][gc,metaspace] GC(574) Metaspace: 158K(384K)->158K(384K) NonClass: 150K(256K)->150K(256K) Class: 8K(128K)->8K(128K)
[8.076s][info   ][gc          ] GC(574) Pause Young (Concurrent Start) (G1 Humongous Allocation) 1347M->891M(2048M) 2.275ms
[8.076s][info   ][gc,cpu      ] GC(574) User=0.00s Sys=0.00s Real=0.00s
[8.076s][info   ][gc          ] GC(575) Concurrent Undo Cycle
[8.076s][info   ][gc,marking  ] GC(575) Concurrent Cleanup for Next Mark
[8.089s][info   ][gc,marking  ] GC(575) Concurrent Cleanup for Next Mark 12.520ms
[8.089s][info   ][gc          ] GC(575) Concurrent Undo Cycle 12.744ms
[8.090s][info   ][gc,start    ] GC(576) Pause Young (Concurrent Start) (G1 Humongous Allocation)
[8.090s][info   ][gc,task     ] GC(576) Using 4 workers of 4 for evacuation
[8.091s][info   ][gc,phases   ] GC(576)   Pre Evacuate Collection Set: 0.3ms
[8.091s][info   ][gc,phases   ] GC(576)   Merge Heap Roots: 0.1ms
[8.091s][info   ][gc,phases   ] GC(576)   Evacuate Collection Set: 0.3ms
[8.091s][info   ][gc,phases   ] GC(576)   Post Evacuate Collection Set: 0.5ms
[8.091s][info   ][gc,phases   ] GC(576)   Other: 0.2ms
[8.091s][info   ][gc,heap     ] GC(576) Eden regions: 0->0(858)
[8.091s][info   ][gc,heap     ] GC(576) Survivor regions: 0->0(110)
[8.091s][info   ][gc,heap     ] GC(576) Old regions: 1->1
[8.091s][info   ][gc,heap     ] GC(576) Archive regions: 2->2
[8.091s][info   ][gc,heap     ] GC(576) Humongous regions: 1012->910
[8.091s][info   ][gc,metaspace] GC(576) Metaspace: 158K(384K)->158K(384K) NonClass: 150K(256K)->150K(256K) Class: 8K(128K)->8K(128K)
[8.091s][info   ][gc          ] GC(576) Pause Young (Concurrent Start) (G1 Humongous Allocation) 1013M->911M(2048M) 1.419ms
[8.091s][info   ][gc,cpu      ] GC(576) User=0.00s Sys=0.00s Real=0.00s
[8.091s][info   ][gc          ] GC(577) Concurrent Undo Cycle
[8.091s][info   ][gc,marking  ] GC(577) Concurrent Cleanup for Next Mark
[8.105s][info   ][gc,marking  ] GC(577) Concurrent Cleanup for Next Mark 14.138ms
[8.106s][info   ][gc          ] GC(577) Concurrent Undo Cycle 14.339ms
[8.107s][info   ][gc,start    ] GC(578) Pause Young (Concurrent Start) (G1 Humongous Allocation)
[8.107s][info   ][gc,task     ] GC(578) Using 4 workers of 4 for evacuation
[8.108s][info   ][gc,phases   ] GC(578)   Pre Evacuate Collection Set: 0.3ms
[8.108s][info   ][gc,phases   ] GC(578)   Merge Heap Roots: 0.1ms
[8.108s][info   ][gc,phases   ] GC(578)   Evacuate Collection Set: 0.5ms
[8.108s][info   ][gc,phases   ] GC(578)   Post Evacuate Collection Set: 0.4ms
[8.108s][info   ][gc,phases   ] GC(578)   Other: 0.2ms
[8.108s][info   ][gc,heap     ] GC(578) Eden regions: 0->0(862)
[8.108s][info   ][gc,heap     ] GC(578) Survivor regions: 0->0(108)
[8.108s][info   ][gc,heap     ] GC(578) Old regions: 1->1
[8.108s][info   ][gc,heap     ] GC(578) Archive regions: 2->2
[8.108s][info   ][gc,heap     ] GC(578) Humongous regions: 1070->906
[8.108s][info   ][gc,metaspace] GC(578) Metaspace: 158K(384K)->158K(384K) NonClass: 150K(256K)->150K(256K) Class: 8K(128K)->8K(128K)
[8.108s][info   ][gc          ] GC(578) Pause Young (Concurrent Start) (G1 Humongous Allocation) 1071M->907M(2048M) 1.443ms
[8.108s][info   ][gc,cpu      ] GC(578) User=0.00s Sys=0.01s Real=0.01s
[8.108s][info   ][gc          ] GC(579) Concurrent Undo Cycle
[8.108s][info   ][gc,marking  ] GC(579) Concurrent Cleanup for Next Mark
[8.120s][info   ][gc,marking  ] GC(579) Concurrent Cleanup for Next Mark 11.984ms
[8.121s][info   ][gc          ] GC(579) Concurrent Undo Cycle 12.190ms
[8.122s][info   ][gc,start    ] GC(580) Pause Young (Concurrent Start) (G1 Humongous Allocation)
[8.122s][info   ][gc,task     ] GC(580) Using 4 workers of 4 for evacuation
[8.123s][info   ][gc,phases   ] GC(580)   Pre Evacuate Collection Set: 0.3ms
[8.123s][info   ][gc,phases   ] GC(580)   Merge Heap Roots: 0.1ms
[8.123s][info   ][gc,phases   ] GC(580)   Evacuate Collection Set: 0.5ms
[8.123s][info   ][gc,phases   ] GC(580)   Post Evacuate Collection Set: 0.5ms
[8.123s][info   ][gc,phases   ] GC(580)   Other: 0.2ms
[8.123s][info   ][gc,heap     ] GC(580) Eden regions: 0->0(881)
[8.123s][info   ][gc,heap     ] GC(580) Survivor regions: 0->0(108)
[8.123s][info   ][gc,heap     ] GC(580) Old regions: 1->1
[8.123s][info   ][gc,heap     ] GC(580) Archive regions: 2->2
[8.123s][info   ][gc,heap     ] GC(580) Humongous regions: 1036->886
[8.123s][info   ][gc,metaspace] GC(580) Metaspace: 158K(384K)->158K(384K) NonClass: 150K(256K)->150K(256K) Class: 8K(128K)->8K(128K)
[8.123s][info   ][gc          ] GC(580) Pause Young (Concurrent Start) (G1 Humongous Allocation) 1037M->887M(2048M) 1.551ms
[8.123s][info   ][gc,cpu      ] GC(580) User=0.00s Sys=0.00s Real=0.00s
[8.123s][info   ][gc          ] GC(581) Concurrent Undo Cycle
[8.123s][info   ][gc,marking  ] GC(581) Concurrent Cleanup for Next Mark
[8.135s][info   ][gc,marking  ] GC(581) Concurrent Cleanup for Next Mark 11.794ms
[8.135s][info   ][gc          ] GC(581) Concurrent Undo Cycle 12.003ms
[8.136s][info   ][gc,start    ] GC(582) Pause Young (Concurrent Start) (G1 Humongous Allocation)
[8.136s][info   ][gc,task     ] GC(582) Using 4 workers of 4 for evacuation
[8.138s][info   ][gc,phases   ] GC(582)   Pre Evacuate Collection Set: 0.3ms
[8.138s][info   ][gc,phases   ] GC(582)   Merge Heap Roots: 0.1ms
[8.138s][info   ][gc,phases   ] GC(582)   Evacuate Collection Set: 0.5ms
[8.138s][info   ][gc,phases   ] GC(582)   Post Evacuate Collection Set: 0.3ms
[8.138s][info   ][gc,phases   ] GC(582)   Other: 0.2ms
[8.138s][info   ][gc,heap     ] GC(582) Eden regions: 0->0(892)
[8.138s][info   ][gc,heap     ] GC(582) Survivor regions: 0->0(111)
[8.138s][info   ][gc,heap     ] GC(582) Old regions: 1->1
[8.138s][info   ][gc,heap     ] GC(582) Archive regions: 2->2
[8.138s][info   ][gc,heap     ] GC(582) Humongous regions: 1020->874
[8.138s][info   ][gc,metaspace] GC(582) Metaspace: 158K(384K)->158K(384K) NonClass: 150K(256K)->150K(256K) Class: 8K(128K)->8K(128K)
[8.138s][info   ][gc          ] GC(582) Pause Young (Concurrent Start) (G1 Humongous Allocation) 1021M->875M(2048M) 1.496ms
[8.138s][info   ][gc,cpu      ] GC(582) User=0.00s Sys=0.00s Real=0.00s
[8.138s][info   ][gc          ] GC(583) Concurrent Undo Cycle
[8.138s][info   ][gc,marking  ] GC(583) Concurrent Cleanup for Next Mark
[8.151s][info   ][gc,marking  ] GC(583) Concurrent Cleanup for Next Mark 12.675ms
[8.151s][info   ][gc          ] GC(583) Concurrent Undo Cycle 12.827ms
[8.151s][info   ][gc,start    ] GC(584) Pause Young (Concurrent Start) (G1 Humongous Allocation)
[8.151s][info   ][gc,task     ] GC(584) Using 4 workers of 4 for evacuation
[8.152s][info   ][gc,phases   ] GC(584)   Pre Evacuate Collection Set: 0.3ms
[8.152s][info   ][gc,phases   ] GC(584)   Merge Heap Roots: 0.1ms
[8.152s][info   ][gc,phases   ] GC(584)   Evacuate Collection Set: 0.2ms
[8.152s][info   ][gc,phases   ] GC(584)   Post Evacuate Collection Set: 0.6ms
[8.152s][info   ][gc,phases   ] GC(584)   Other: 0.1ms
[8.152s][info   ][gc,heap     ] GC(584) Eden regions: 0->0(932)
[8.152s][info   ][gc,heap     ] GC(584) Survivor regions: 0->0(112)
[8.152s][info   ][gc,heap     ] GC(584) Old regions: 1->1
[8.152s][info   ][gc,heap     ] GC(584) Archive regions: 2->2
[8.152s][info   ][gc,heap     ] GC(584) Humongous regions: 1024->830
[8.152s][info   ][gc,metaspace] GC(584) Metaspace: 158K(384K)->158K(384K) NonClass: 150K(256K)->150K(256K) Class: 8K(128K)->8K(128K)
[8.152s][info   ][gc          ] GC(584) Pause Young (Concurrent Start) (G1 Humongous Allocation) 1025M->831M(2048M) 1.345ms
[8.152s][info   ][gc,cpu      ] GC(584) User=0.00s Sys=0.00s Real=0.00s
[8.152s][info   ][gc          ] GC(585) Concurrent Undo Cycle
[8.152s][info   ][gc,marking  ] GC(585) Concurrent Cleanup for Next Mark
[8.170s][info   ][gc,marking  ] GC(585) Concurrent Cleanup for Next Mark 17.397ms
[8.170s][info   ][gc          ] GC(585) Concurrent Undo Cycle 17.754ms
[8.171s][info   ][gc,start    ] GC(586) Pause Young (Concurrent Start) (G1 Humongous Allocation)
[8.171s][info   ][gc,task     ] GC(586) Using 4 workers of 4 for evacuation
[8.173s][info   ][gc,phases   ] GC(586)   Pre Evacuate Collection Set: 0.2ms
[8.173s][info   ][gc,phases   ] GC(586)   Merge Heap Roots: 0.1ms
[8.173s][info   ][gc,phases   ] GC(586)   Evacuate Collection Set: 0.5ms
[8.173s][info   ][gc,phases   ] GC(586)   Post Evacuate Collection Set: 0.7ms
[8.173s][info   ][gc,phases   ] GC(586)   Other: 0.2ms
[8.173s][info   ][gc,heap     ] GC(586) Eden regions: 0->0(905)
[8.173s][info   ][gc,heap     ] GC(586) Survivor regions: 0->0(117)
[8.173s][info   ][gc,heap     ] GC(586) Old regions: 1->1
[8.173s][info   ][gc,heap     ] GC(586) Archive regions: 2->2
[8.173s][info   ][gc,heap     ] GC(586) Humongous regions: 1030->860
[8.173s][info   ][gc,metaspace] GC(586) Metaspace: 158K(384K)->158K(384K) NonClass: 150K(256K)->150K(256K) Class: 8K(128K)->8K(128K)
[8.173s][info   ][gc          ] GC(586) Pause Young (Concurrent Start) (G1 Humongous Allocation) 1031M->861M(2048M) 1.759ms
[8.173s][info   ][gc,cpu      ] GC(586) User=0.00s Sys=0.00s Real=0.00s
[8.173s][info   ][gc          ] GC(587) Concurrent Undo Cycle
[8.173s][info   ][gc,marking  ] GC(587) Concurrent Cleanup for Next Mark
[8.183s][info   ][gc,marking  ] GC(587) Concurrent Cleanup for Next Mark 9.431ms
[8.183s][info   ][gc          ] GC(587) Concurrent Undo Cycle 9.600ms
[8.183s][info   ][gc,start    ] GC(588) Pause Young (Concurrent Start) (G1 Humongous Allocation)
[8.183s][info   ][gc,task     ] GC(588) Using 4 workers of 4 for evacuation
[8.184s][info   ][gc,phases   ] GC(588)   Pre Evacuate Collection Set: 0.2ms
[8.184s][info   ][gc,phases   ] GC(588)   Merge Heap Roots: 0.1ms
[8.184s][info   ][gc,phases   ] GC(588)   Evacuate Collection Set: 0.3ms
[8.184s][info   ][gc,phases   ] GC(588)   Post Evacuate Collection Set: 0.4ms
[8.184s][info   ][gc,phases   ] GC(588)   Other: 0.2ms
[8.184s][info   ][gc,heap     ] GC(588) Eden regions: 0->0(899)
[8.184s][info   ][gc,heap     ] GC(588) Survivor regions: 0->0(114)
[8.184s][info   ][gc,heap     ] GC(588) Old regions: 1->1
[8.184s][info   ][gc,heap     ] GC(588) Archive regions: 2->2
[8.184s][info   ][gc,heap     ] GC(588) Humongous regions: 960->866
[8.184s][info   ][gc,metaspace] GC(588) Metaspace: 158K(384K)->158K(384K) NonClass: 150K(256K)->150K(256K) Class: 8K(128K)->8K(128K)
[8.184s][info   ][gc          ] GC(588) Pause Young (Concurrent Start) (G1 Humongous Allocation) 961M->867M(2048M) 1.201ms
[8.184s][info   ][gc,cpu      ] GC(588) User=0.00s Sys=0.00s Real=0.00s
[8.184s][info   ][gc          ] GC(589) Concurrent Undo Cycle
[8.184s][info   ][gc,marking  ] GC(589) Concurrent Cleanup for Next Mark
[8.200s][info   ][gc,marking  ] GC(589) Concurrent Cleanup for Next Mark 15.241ms
[8.200s][info   ][gc          ] GC(589) Concurrent Undo Cycle 15.421ms
[8.200s][info   ][gc,start    ] GC(590) Pause Young (Concurrent Start) (G1 Humongous Allocation)
[8.200s][info   ][gc,task     ] GC(590) Using 4 workers of 4 for evacuation
[8.202s][info   ][gc,phases   ] GC(590)   Pre Evacuate Collection Set: 0.2ms
[8.202s][info   ][gc,phases   ] GC(590)   Merge Heap Roots: 0.1ms
[8.202s][info   ][gc,phases   ] GC(590)   Evacuate Collection Set: 0.4ms
[8.202s][info   ][gc,phases   ] GC(590)   Post Evacuate Collection Set: 0.5ms
[8.202s][info   ][gc,phases   ] GC(590)   Other: 0.2ms
[8.202s][info   ][gc,heap     ] GC(590) Eden regions: 0->0(894)
[8.202s][info   ][gc,heap     ] GC(590) Survivor regions: 0->0(113)
[8.202s][info   ][gc,heap     ] GC(590) Old regions: 1->1
[8.202s][info   ][gc,heap     ] GC(590) Archive regions: 2->2
[8.202s][info   ][gc,heap     ] GC(590) Humongous regions: 1052->872
[8.202s][info   ][gc,metaspace] GC(590) Metaspace: 158K(384K)->158K(384K) NonClass: 150K(256K)->150K(256K) Class: 8K(128K)->8K(128K)
[8.202s][info   ][gc          ] GC(590) Pause Young (Concurrent Start) (G1 Humongous Allocation) 1053M->873M(2048M) 1.370ms
[8.202s][info   ][gc,cpu      ] GC(590) User=0.00s Sys=0.00s Real=0.00s
[8.202s][info   ][gc          ] GC(591) Concurrent Undo Cycle
[8.202s][info   ][gc,marking  ] GC(591) Concurrent Cleanup for Next Mark
[8.214s][info   ][gc,marking  ] GC(591) Concurrent Cleanup for Next Mark 12.246ms
[8.214s][info   ][gc          ] GC(591) Concurrent Undo Cycle 12.442ms
[8.215s][info   ][gc,start    ] GC(592) Pause Young (Concurrent Start) (G1 Humongous Allocation)
[8.215s][info   ][gc,task     ] GC(592) Using 4 workers of 4 for evacuation
[8.216s][info   ][gc,phases   ] GC(592)   Pre Evacuate Collection Set: 0.2ms
[8.216s][info   ][gc,phases   ] GC(592)   Merge Heap Roots: 0.1ms
[8.216s][info   ][gc,phases   ] GC(592)   Evacuate Collection Set: 0.2ms
[8.216s][info   ][gc,phases   ] GC(592)   Post Evacuate Collection Set: 0.4ms
[8.216s][info   ][gc,phases   ] GC(592)   Other: 0.1ms
[8.216s][info   ][gc,heap     ] GC(592) Eden regions: 0->0(925)
[8.216s][info   ][gc,heap     ] GC(592) Survivor regions: 0->0(112)
[8.216s][info   ][gc,heap     ] GC(592) Old regions: 1->1
[8.216s][info   ][gc,heap     ] GC(592) Archive regions: 2->2
[8.216s][info   ][gc,heap     ] GC(592) Humongous regions: 1002->838
[8.216s][info   ][gc,metaspace] GC(592) Metaspace: 158K(384K)->158K(384K) NonClass: 150K(256K)->150K(256K) Class: 8K(128K)->8K(128K)
[8.216s][info   ][gc          ] GC(592) Pause Young (Concurrent Start) (G1 Humongous Allocation) 1003M->839M(2048M) 1.106ms
[8.216s][info   ][gc,cpu      ] GC(592) User=0.00s Sys=0.00s Real=0.00s
[8.216s][info   ][gc          ] GC(593) Concurrent Undo Cycle
[8.216s][info   ][gc,marking  ] GC(593) Concurrent Cleanup for Next Mark
[8.228s][info   ][gc,marking  ] GC(593) Concurrent Cleanup for Next Mark 12.350ms
[8.228s][info   ][gc          ] GC(593) Concurrent Undo Cycle 12.560ms
[8.229s][info   ][gc,start    ] GC(594) Pause Young (Concurrent Start) (G1 Humongous Allocation)
[8.229s][info   ][gc,task     ] GC(594) Using 4 workers of 4 for evacuation
[8.231s][info   ][gc,phases   ] GC(594)   Pre Evacuate Collection Set: 0.3ms
[8.231s][info   ][gc,phases   ] GC(594)   Merge Heap Roots: 0.1ms
[8.231s][info   ][gc,phases   ] GC(594)   Evacuate Collection Set: 0.7ms
[8.231s][info   ][gc,phases   ] GC(594)   Post Evacuate Collection Set: 0.7ms
[8.231s][info   ][gc,phases   ] GC(594)   Other: 0.2ms
[8.231s][info   ][gc,heap     ] GC(594) Eden regions: 0->0(975)
[8.231s][info   ][gc,heap     ] GC(594) Survivor regions: 0->0(116)
[8.231s][info   ][gc,heap     ] GC(594) Old regions: 1->1
[8.231s][info   ][gc,heap     ] GC(594) Archive regions: 2->2
[8.231s][info   ][gc,heap     ] GC(594) Humongous regions: 982->784
[8.231s][info   ][gc,metaspace] GC(594) Metaspace: 158K(384K)->158K(384K) NonClass: 150K(256K)->150K(256K) Class: 8K(128K)->8K(128K)
[8.231s][info   ][gc          ] GC(594) Pause Young (Concurrent Start) (G1 Humongous Allocation) 983M->785M(2048M) 1.977ms
[8.231s][info   ][gc,cpu      ] GC(594) User=0.00s Sys=0.00s Real=0.00s
[8.231s][info   ][gc          ] GC(595) Concurrent Undo Cycle
[8.231s][info   ][gc,marking  ] GC(595) Concurrent Cleanup for Next Mark
[8.239s][info   ][gc,marking  ] GC(595) Concurrent Cleanup for Next Mark 8.006ms
[8.239s][info   ][gc          ] GC(595) Concurrent Undo Cycle 8.208ms
[8.240s][info   ][gc,start    ] GC(596) Pause Young (Concurrent Start) (G1 Humongous Allocation)
[8.240s][info   ][gc,task     ] GC(596) Using 4 workers of 4 for evacuation
[8.241s][info   ][gc,phases   ] GC(596)   Pre Evacuate Collection Set: 0.2ms
[8.241s][info   ][gc,phases   ] GC(596)   Merge Heap Roots: 0.1ms
[8.241s][info   ][gc,phases   ] GC(596)   Evacuate Collection Set: 0.2ms
[8.241s][info   ][gc,phases   ] GC(596)   Post Evacuate Collection Set: 0.4ms
[8.241s][info   ][gc,phases   ] GC(596)   Other: 0.2ms
[8.241s][info   ][gc,heap     ] GC(596) Eden regions: 0->0(962)
[8.241s][info   ][gc,heap     ] GC(596) Survivor regions: 0->0(122)
[8.241s][info   ][gc,heap     ] GC(596) Old regions: 1->1
[8.241s][info   ][gc,heap     ] GC(596) Archive regions: 2->2
[8.241s][info   ][gc,heap     ] GC(596) Humongous regions: 850->798
[8.241s][info   ][gc,metaspace] GC(596) Metaspace: 158K(384K)->158K(384K) NonClass: 150K(256K)->150K(256K) Class: 8K(128K)->8K(128K)
[8.241s][info   ][gc          ] GC(596) Pause Young (Concurrent Start) (G1 Humongous Allocation) 851M->799M(2048M) 1.091ms
[8.241s][info   ][gc,cpu      ] GC(596) User=0.00s Sys=0.00s Real=0.00s
[8.244s][info   ][gc          ] GC(597) Concurrent Undo Cycle
[8.244s][info   ][gc,marking  ] GC(597) Concurrent Cleanup for Next Mark
[8.260s][info   ][gc,marking  ] GC(597) Concurrent Cleanup for Next Mark 16.212ms
[8.260s][info   ][gc          ] GC(597) Concurrent Undo Cycle 16.441ms
[8.261s][info   ][gc,start    ] GC(598) Pause Young (Concurrent Start) (G1 Humongous Allocation)
[8.261s][info   ][gc,task     ] GC(598) Using 4 workers of 4 for evacuation
[8.262s][info   ][gc,phases   ] GC(598)   Pre Evacuate Collection Set: 0.2ms
[8.262s][info   ][gc,phases   ] GC(598)   Merge Heap Roots: 0.1ms
[8.262s][info   ][gc,phases   ] GC(598)   Evacuate Collection Set: 0.2ms
[8.262s][info   ][gc,phases   ] GC(598)   Post Evacuate Collection Set: 0.4ms
[8.262s][info   ][gc,phases   ] GC(598)   Other: 0.2ms
[8.262s][info   ][gc,heap     ] GC(598) Eden regions: 0->0(934)
[8.262s][info   ][gc,heap     ] GC(598) Survivor regions: 0->0(121)
[8.262s][info   ][gc,heap     ] GC(598) Old regions: 1->1
[8.262s][info   ][gc,heap     ] GC(598) Archive regions: 2->2
[8.262s][info   ][gc,heap     ] GC(598) Humongous regions: 1034->828
[8.262s][info   ][gc,metaspace] GC(598) Metaspace: 158K(384K)->158K(384K) NonClass: 150K(256K)->150K(256K) Class: 8K(128K)->8K(128K)
[8.262s][info   ][gc          ] GC(598) Pause Young (Concurrent Start) (G1 Humongous Allocation) 1035M->829M(2048M) 1.128ms
[8.262s][info   ][gc,cpu      ] GC(598) User=0.01s Sys=0.00s Real=0.00s
[8.262s][info   ][gc          ] GC(599) Concurrent Undo Cycle
[8.262s][info   ][gc,marking  ] GC(599) Concurrent Cleanup for Next Mark
[8.278s][info   ][gc,marking  ] GC(599) Concurrent Cleanup for Next Mark 15.865ms
[8.278s][info   ][gc          ] GC(599) Concurrent Undo Cycle 16.081ms
[8.279s][info   ][gc,start    ] GC(600) Pause Young (Concurrent Start) (G1 Humongous Allocation)
[8.279s][info   ][gc,task     ] GC(600) Using 4 workers of 4 for evacuation
[8.280s][info   ][gc,phases   ] GC(600)   Pre Evacuate Collection Set: 0.2ms
[8.280s][info   ][gc,phases   ] GC(600)   Merge Heap Roots: 0.1ms
[8.280s][info   ][gc,phases   ] GC(600)   Evacuate Collection Set: 0.2ms
[8.280s][info   ][gc,phases   ] GC(600)   Post Evacuate Collection Set: 0.5ms
[8.280s][info   ][gc,phases   ] GC(600)   Other: 0.2ms
[8.280s][info   ][gc,heap     ] GC(600) Eden regions: 0->0(1006)
[8.280s][info   ][gc,heap     ] GC(600) Survivor regions: 0->0(117)
[8.280s][info   ][gc,heap     ] GC(600) Old regions: 1->1
[8.280s][info   ][gc,heap     ] GC(600) Archive regions: 2->2
[8.280s][info   ][gc,heap     ] GC(600) Humongous regions: 1030->750
[8.280s][info   ][gc,metaspace] GC(600) Metaspace: 158K(384K)->158K(384K) NonClass: 150K(256K)->150K(256K) Class: 8K(128K)->8K(128K)
[8.280s][info   ][gc          ] GC(600) Pause Young (Concurrent Start) (G1 Humongous Allocation) 1031M->751M(2048M) 1.171ms
[8.280s][info   ][gc,cpu      ] GC(600) User=0.00s Sys=0.00s Real=0.00s
[8.280s][info   ][gc          ] GC(601) Concurrent Undo Cycle
[8.280s][info   ][gc,marking  ] GC(601) Concurrent Cleanup for Next Mark
[8.292s][info   ][gc,marking  ] GC(601) Concurrent Cleanup for Next Mark 11.896ms
[8.293s][info   ][gc          ] GC(601) Concurrent Undo Cycle 12.221ms
[8.295s][info   ][gc,start    ] GC(602) Pause Young (Concurrent Start) (G1 Humongous Allocation)
[8.295s][info   ][gc,task     ] GC(602) Using 4 workers of 4 for evacuation
[8.297s][info   ][gc,phases   ] GC(602)   Pre Evacuate Collection Set: 0.2ms
[8.297s][info   ][gc,phases   ] GC(602)   Merge Heap Roots: 0.1ms
[8.297s][info   ][gc,phases   ] GC(602)   Evacuate Collection Set: 0.5ms
[8.297s][info   ][gc,phases   ] GC(602)   Post Evacuate Collection Set: 0.6ms
[8.297s][info   ][gc,phases   ] GC(602)   Other: 0.3ms
[8.297s][info   ][gc,heap     ] GC(602) Eden regions: 0->0(1012)
[8.297s][info   ][gc,heap     ] GC(602) Survivor regions: 0->0(126)
[8.297s][info   ][gc,heap     ] GC(602) Old regions: 1->1
[8.297s][info   ][gc,heap     ] GC(602) Archive regions: 2->2
[8.297s][info   ][gc,heap     ] GC(602) Humongous regions: 918->744
[8.297s][info   ][gc,metaspace] GC(602) Metaspace: 158K(384K)->158K(384K) NonClass: 150K(256K)->150K(256K) Class: 8K(128K)->8K(128K)
[8.297s][info   ][gc          ] GC(602) Pause Young (Concurrent Start) (G1 Humongous Allocation) 919M->745M(2048M) 1.714ms
[8.297s][info   ][gc,cpu      ] GC(602) User=0.00s Sys=0.00s Real=0.00s
[8.297s][info   ][gc          ] GC(603) Concurrent Undo Cycle
[8.297s][info   ][gc,marking  ] GC(603) Concurrent Cleanup for Next Mark
[8.311s][info   ][gc,marking  ] GC(603) Concurrent Cleanup for Next Mark 13.472ms
[8.311s][info   ][gc          ] GC(603) Concurrent Undo Cycle 13.689ms
[8.314s][info   ][gc,start    ] GC(604) Pause Young (Concurrent Start) (G1 Humongous Allocation)
[8.314s][info   ][gc,task     ] GC(604) Using 4 workers of 4 for evacuation
[8.315s][info   ][gc,phases   ] GC(604)   Pre Evacuate Collection Set: 0.2ms
[8.315s][info   ][gc,phases   ] GC(604)   Merge Heap Roots: 0.1ms
[8.315s][info   ][gc,phases   ] GC(604)   Evacuate Collection Set: 0.3ms
[8.315s][info   ][gc,phases   ] GC(604)   Post Evacuate Collection Set: 0.5ms
[8.315s][info   ][gc,phases   ] GC(604)   Other: 0.2ms
[8.315s][info   ][gc,heap     ] GC(604) Eden regions: 0->0(1041)
[8.315s][info   ][gc,heap     ] GC(604) Survivor regions: 0->0(127)
[8.315s][info   ][gc,heap     ] GC(604) Old regions: 1->1
[8.315s][info   ][gc,heap     ] GC(604) Archive regions: 2->2
[8.315s][info   ][gc,heap     ] GC(604) Humongous regions: 918->712
[8.315s][info   ][gc,metaspace] GC(604) Metaspace: 158K(384K)->158K(384K) NonClass: 150K(256K)->150K(256K) Class: 8K(128K)->8K(128K)
[8.315s][info   ][gc          ] GC(604) Pause Young (Concurrent Start) (G1 Humongous Allocation) 919M->713M(2048M) 1.463ms
[8.315s][info   ][gc,cpu      ] GC(604) User=0.00s Sys=0.01s Real=0.00s
[8.315s][info   ][gc          ] GC(605) Concurrent Undo Cycle
[8.315s][info   ][gc,marking  ] GC(605) Concurrent Cleanup for Next Mark
[8.323s][info   ][gc,marking  ] GC(605) Concurrent Cleanup for Next Mark 7.921ms
[8.324s][info   ][gc          ] GC(605) Concurrent Undo Cycle 8.160ms
[8.325s][info   ][gc,start    ] GC(606) Pause Young (Concurrent Start) (G1 Humongous Allocation)
[8.325s][info   ][gc,task     ] GC(606) Using 4 workers of 4 for evacuation
[8.327s][info   ][gc,phases   ] GC(606)   Pre Evacuate Collection Set: 0.2ms
[8.327s][info   ][gc,phases   ] GC(606)   Merge Heap Roots: 0.1ms
[8.327s][info   ][gc,phases   ] GC(606)   Evacuate Collection Set: 0.7ms
[8.327s][info   ][gc,phases   ] GC(606)   Post Evacuate Collection Set: 0.3ms
[8.327s][info   ][gc,phases   ] GC(606)   Other: 0.2ms
[8.327s][info   ][gc,heap     ] GC(606) Eden regions: 0->0(1047)
[8.327s][info   ][gc,heap     ] GC(606) Survivor regions: 0->0(131)
[8.327s][info   ][gc,heap     ] GC(606) Old regions: 1->1
[8.327s][info   ][gc,heap     ] GC(606) Archive regions: 2->2
[8.327s][info   ][gc,heap     ] GC(606) Humongous regions: 798->706
[8.327s][info   ][gc,metaspace] GC(606) Metaspace: 158K(384K)->158K(384K) NonClass: 150K(256K)->150K(256K) Class: 8K(128K)->8K(128K)
[8.327s][info   ][gc          ] GC(606) Pause Young (Concurrent Start) (G1 Humongous Allocation) 799M->707M(2048M) 1.627ms
[8.327s][info   ][gc,cpu      ] GC(606) User=0.00s Sys=0.00s Real=0.00s
[8.327s][info   ][gc          ] GC(607) Concurrent Undo Cycle
[8.327s][info   ][gc,marking  ] GC(607) Concurrent Cleanup for Next Mark
[8.341s][info   ][gc,marking  ] GC(607) Concurrent Cleanup for Next Mark 14.421ms
[8.341s][info   ][gc          ] GC(607) Concurrent Undo Cycle 14.649ms
[8.345s][info   ][gc,start    ] GC(608) Pause Young (Concurrent Start) (G1 Humongous Allocation)
[8.345s][info   ][gc,task     ] GC(608) Using 4 workers of 4 for evacuation
[8.346s][info   ][gc,phases   ] GC(608)   Pre Evacuate Collection Set: 0.2ms
[8.346s][info   ][gc,phases   ] GC(608)   Merge Heap Roots: 0.1ms
[8.346s][info   ][gc,phases   ] GC(608)   Evacuate Collection Set: 0.3ms
[8.346s][info   ][gc,phases   ] GC(608)   Post Evacuate Collection Set: 0.5ms
[8.346s][info   ][gc,phases   ] GC(608)   Other: 0.2ms
[8.346s][info   ][gc,heap     ] GC(608) Eden regions: 0->0(1045)
[8.346s][info   ][gc,heap     ] GC(608) Survivor regions: 0->0(131)
[8.346s][info   ][gc,heap     ] GC(608) Old regions: 1->1
[8.346s][info   ][gc,heap     ] GC(608) Archive regions: 2->2
[8.346s][info   ][gc,heap     ] GC(608) Humongous regions: 918->708
[8.346s][info   ][gc,metaspace] GC(608) Metaspace: 158K(384K)->158K(384K) NonClass: 150K(256K)->150K(256K) Class: 8K(128K)->8K(128K)
[8.346s][info   ][gc          ] GC(608) Pause Young (Concurrent Start) (G1 Humongous Allocation) 919M->709M(2048M) 1.464ms
[8.346s][info   ][gc,cpu      ] GC(608) User=0.00s Sys=0.00s Real=0.00s
[8.346s][info   ][gc          ] GC(609) Concurrent Undo Cycle
[8.346s][info   ][gc,marking  ] GC(609) Concurrent Cleanup for Next Mark
[8.376s][info   ][gc,marking  ] GC(609) Concurrent Cleanup for Next Mark 29.345ms
[8.376s][info   ][gc          ] GC(609) Concurrent Undo Cycle 29.571ms
[8.376s][info   ][gc,start    ] GC(610) Pause Young (Concurrent Start) (G1 Humongous Allocation)
[8.376s][info   ][gc,task     ] GC(610) Using 4 workers of 4 for evacuation
[8.378s][info   ][gc,phases   ] GC(610)   Pre Evacuate Collection Set: 0.3ms
[8.378s][info   ][gc,phases   ] GC(610)   Merge Heap Roots: 0.1ms
[8.378s][info   ][gc,phases   ] GC(610)   Evacuate Collection Set: 0.3ms
[8.378s][info   ][gc,phases   ] GC(610)   Post Evacuate Collection Set: 0.7ms
[8.378s][info   ][gc,phases   ] GC(610)   Other: 0.4ms
[8.378s][info   ][gc,heap     ] GC(610) Eden regions: 0->0(1027)
[8.378s][info   ][gc,heap     ] GC(610) Survivor regions: 0->0(131)
[8.378s][info   ][gc,heap     ] GC(610) Old regions: 1->1
[8.378s][info   ][gc,heap     ] GC(610) Archive regions: 2->2
[8.378s][info   ][gc,heap     ] GC(610) Humongous regions: 1080->728
[8.378s][info   ][gc,metaspace] GC(610) Metaspace: 158K(384K)->158K(384K) NonClass: 150K(256K)->150K(256K) Class: 8K(128K)->8K(128K)
[8.378s][info   ][gc          ] GC(610) Pause Young (Concurrent Start) (G1 Humongous Allocation) 1081M->729M(2048M) 1.814ms
[8.378s][info   ][gc,cpu      ] GC(610) User=0.00s Sys=0.00s Real=0.01s
[8.378s][info   ][gc          ] GC(611) Concurrent Undo Cycle
[8.378s][info   ][gc,marking  ] GC(611) Concurrent Cleanup for Next Mark
[8.400s][info   ][gc,marking  ] GC(611) Concurrent Cleanup for Next Mark 21.855ms
[8.400s][info   ][gc          ] GC(611) Concurrent Undo Cycle 22.103ms
[8.401s][info   ][gc,start    ] GC(612) Pause Young (Concurrent Start) (G1 Humongous Allocation)
[8.401s][info   ][gc,task     ] GC(612) Using 4 workers of 4 for evacuation
[8.402s][info   ][gc,phases   ] GC(612)   Pre Evacuate Collection Set: 0.2ms
[8.402s][info   ][gc,phases   ] GC(612)   Merge Heap Roots: 0.1ms
[8.402s][info   ][gc,phases   ] GC(612)   Evacuate Collection Set: 0.3ms
[8.402s][info   ][gc,phases   ] GC(612)   Post Evacuate Collection Set: 0.6ms
[8.402s][info   ][gc,phases   ] GC(612)   Other: 0.2ms
[8.402s][info   ][gc,heap     ] GC(612) Eden regions: 0->0(1008)
[8.402s][info   ][gc,heap     ] GC(612) Survivor regions: 0->0(129)
[8.402s][info   ][gc,heap     ] GC(612) Old regions: 1->1
[8.402s][info   ][gc,heap     ] GC(612) Archive regions: 2->2
[8.402s][info   ][gc,heap     ] GC(612) Humongous regions: 978->748
[8.402s][info   ][gc,metaspace] GC(612) Metaspace: 158K(384K)->158K(384K) NonClass: 150K(256K)->150K(256K) Class: 8K(128K)->8K(128K)
[8.402s][info   ][gc          ] GC(612) Pause Young (Concurrent Start) (G1 Humongous Allocation) 979M->749M(2048M) 1.427ms
[8.402s][info   ][gc,cpu      ] GC(612) User=0.00s Sys=0.00s Real=0.00s
[8.403s][info   ][gc          ] GC(613) Concurrent Undo Cycle
[8.403s][info   ][gc,marking  ] GC(613) Concurrent Cleanup for Next Mark
[8.430s][info   ][gc,marking  ] GC(613) Concurrent Cleanup for Next Mark 27.122ms
[8.430s][info   ][gc          ] GC(613) Concurrent Undo Cycle 27.435ms
[8.431s][info   ][gc,start    ] GC(614) Pause Young (Concurrent Start) (G1 Humongous Allocation)
[8.431s][info   ][gc,task     ] GC(614) Using 4 workers of 4 for evacuation
[8.432s][info   ][gc,phases   ] GC(614)   Pre Evacuate Collection Set: 0.2ms
[8.432s][info   ][gc,phases   ] GC(614)   Merge Heap Roots: 0.1ms
[8.432s][info   ][gc,phases   ] GC(614)   Evacuate Collection Set: 0.3ms
[8.432s][info   ][gc,phases   ] GC(614)   Post Evacuate Collection Set: 0.6ms
[8.432s][info   ][gc,phases   ] GC(614)   Other: 0.2ms
[8.432s][info   ][gc,heap     ] GC(614) Eden regions: 0->0(1004)
[8.432s][info   ][gc,heap     ] GC(614) Survivor regions: 0->0(126)
[8.432s][info   ][gc,heap     ] GC(614) Old regions: 1->1
[8.432s][info   ][gc,heap     ] GC(614) Archive regions: 2->2
[8.432s][info   ][gc,heap     ] GC(614) Humongous regions: 1104->752
[8.432s][info   ][gc,metaspace] GC(614) Metaspace: 158K(384K)->158K(384K) NonClass: 150K(256K)->150K(256K) Class: 8K(128K)->8K(128K)
[8.432s][info   ][gc          ] GC(614) Pause Young (Concurrent Start) (G1 Humongous Allocation) 1105M->753M(2048M) 1.524ms
[8.432s][info   ][gc,cpu      ] GC(614) User=0.00s Sys=0.00s Real=0.00s
[8.432s][info   ][gc          ] GC(615) Concurrent Undo Cycle
[8.432s][info   ][gc,marking  ] GC(615) Concurrent Cleanup for Next Mark
[8.445s][info   ][gc,marking  ] GC(615) Concurrent Cleanup for Next Mark 12.247ms
[8.445s][info   ][gc          ] GC(615) Concurrent Undo Cycle 12.497ms
[8.448s][info   ][gc,start    ] GC(616) Pause Young (Concurrent Start) (G1 Humongous Allocation)
[8.448s][info   ][gc,task     ] GC(616) Using 4 workers of 4 for evacuation
[8.449s][info   ][gc,phases   ] GC(616)   Pre Evacuate Collection Set: 0.2ms
[8.449s][info   ][gc,phases   ] GC(616)   Merge Heap Roots: 0.1ms
[8.449s][info   ][gc,phases   ] GC(616)   Evacuate Collection Set: 0.4ms
[8.449s][info   ][gc,phases   ] GC(616)   Post Evacuate Collection Set: 0.5ms
[8.449s][info   ][gc,phases   ] GC(616)   Other: 0.2ms
[8.449s][info   ][gc,heap     ] GC(616) Eden regions: 0->0(991)
[8.449s][info   ][gc,heap     ] GC(616) Survivor regions: 0->0(126)
[8.449s][info   ][gc,heap     ] GC(616) Old regions: 1->1
[8.449s][info   ][gc,heap     ] GC(616) Archive regions: 2->2
[8.449s][info   ][gc,heap     ] GC(616) Humongous regions: 918->766
[8.449s][info   ][gc,metaspace] GC(616) Metaspace: 158K(384K)->158K(384K) NonClass: 150K(256K)->150K(256K) Class: 8K(128K)->8K(128K)
[8.449s][info   ][gc          ] GC(616) Pause Young (Concurrent Start) (G1 Humongous Allocation) 919M->767M(2048M) 1.631ms
[8.449s][info   ][gc,cpu      ] GC(616) User=0.00s Sys=0.00s Real=0.01s
[8.449s][info   ][gc          ] GC(617) Concurrent Undo Cycle
[8.449s][info   ][gc,marking  ] GC(617) Concurrent Cleanup for Next Mark
[8.466s][info   ][gc,marking  ] GC(617) Concurrent Cleanup for Next Mark 16.318ms
[8.466s][info   ][gc          ] GC(617) Concurrent Undo Cycle 16.560ms
[8.467s][info   ][gc,start    ] GC(618) Pause Young (Concurrent Start) (G1 Humongous Allocation)
[8.467s][info   ][gc,task     ] GC(618) Using 4 workers of 4 for evacuation
[8.469s][info   ][gc,phases   ] GC(618)   Pre Evacuate Collection Set: 0.4ms
[8.469s][info   ][gc,phases   ] GC(618)   Merge Heap Roots: 0.2ms
[8.469s][info   ][gc,phases   ] GC(618)   Evacuate Collection Set: 0.4ms
[8.469s][info   ][gc,phases   ] GC(618)   Post Evacuate Collection Set: 0.7ms
[8.469s][info   ][gc,phases   ] GC(618)   Other: 0.3ms
[8.469s][info   ][gc,heap     ] GC(618) Eden regions: 0->0(1008)
[8.469s][info   ][gc,heap     ] GC(618) Survivor regions: 0->0(124)
[8.469s][info   ][gc,heap     ] GC(618) Old regions: 1->1
[8.469s][info   ][gc,heap     ] GC(618) Archive regions: 2->2
[8.469s][info   ][gc,heap     ] GC(618) Humongous regions: 944->748
[8.469s][info   ][gc,metaspace] GC(618) Metaspace: 158K(384K)->158K(384K) NonClass: 150K(256K)->150K(256K) Class: 8K(128K)->8K(128K)
[8.469s][info   ][gc          ] GC(618) Pause Young (Concurrent Start) (G1 Humongous Allocation) 945M->749M(2048M) 2.060ms
[8.469s][info   ][gc,cpu      ] GC(618) User=0.00s Sys=0.00s Real=0.01s
[8.469s][info   ][gc          ] GC(619) Concurrent Undo Cycle
[8.469s][info   ][gc,marking  ] GC(619) Concurrent Cleanup for Next Mark
[8.501s][info   ][gc,marking  ] GC(619) Concurrent Cleanup for Next Mark 31.599ms
[8.501s][info   ][gc          ] GC(619) Concurrent Undo Cycle 31.936ms
[8.503s][info   ][gc,start    ] GC(620) Pause Young (Concurrent Start) (G1 Humongous Allocation)
[8.503s][info   ][gc,task     ] GC(620) Using 4 workers of 4 for evacuation
[8.505s][info   ][gc,phases   ] GC(620)   Pre Evacuate Collection Set: 0.2ms
[8.505s][info   ][gc,phases   ] GC(620)   Merge Heap Roots: 0.4ms
[8.505s][info   ][gc,phases   ] GC(620)   Evacuate Collection Set: 1.0ms
[8.505s][info   ][gc,phases   ] GC(620)   Post Evacuate Collection Set: 0.6ms
[8.505s][info   ][gc,phases   ] GC(620)   Other: 0.2ms
[8.505s][info   ][gc,heap     ] GC(620) Eden regions: 0->0(1015)
[8.505s][info   ][gc,heap     ] GC(620) Survivor regions: 0->0(126)
[8.505s][info   ][gc,heap     ] GC(620) Old regions: 1->1
[8.505s][info   ][gc,heap     ] GC(620) Archive regions: 2->2
[8.505s][info   ][gc,heap     ] GC(620) Humongous regions: 1130->740
[8.505s][info   ][gc,metaspace] GC(620) Metaspace: 158K(384K)->158K(384K) NonClass: 150K(256K)->150K(256K) Class: 8K(128K)->8K(128K)
[8.505s][info   ][gc          ] GC(620) Pause Young (Concurrent Start) (G1 Humongous Allocation) 1131M->741M(2048M) 2.544ms
[8.506s][info   ][gc,cpu      ] GC(620) User=0.01s Sys=0.00s Real=0.00s
[8.506s][info   ][gc          ] GC(621) Concurrent Undo Cycle
[8.506s][info   ][gc,marking  ] GC(621) Concurrent Cleanup for Next Mark
[8.522s][info   ][gc,marking  ] GC(621) Concurrent Cleanup for Next Mark 16.061ms
[8.522s][info   ][gc          ] GC(621) Concurrent Undo Cycle 16.427ms
[8.523s][info   ][gc,start    ] GC(622) Pause Young (Concurrent Start) (G1 Humongous Allocation)
[8.523s][info   ][gc,task     ] GC(622) Using 4 workers of 4 for evacuation
[8.524s][info   ][gc,phases   ] GC(622)   Pre Evacuate Collection Set: 0.2ms
[8.525s][info   ][gc,phases   ] GC(622)   Merge Heap Roots: 0.1ms
[8.525s][info   ][gc,phases   ] GC(622)   Evacuate Collection Set: 0.4ms
[8.525s][info   ][gc,phases   ] GC(622)   Post Evacuate Collection Set: 0.6ms
[8.525s][info   ][gc,phases   ] GC(622)   Other: 0.2ms
[8.525s][info   ][gc,heap     ] GC(622) Eden regions: 0->0(1036)
[8.525s][info   ][gc,heap     ] GC(622) Survivor regions: 0->0(127)
[8.525s][info   ][gc,heap     ] GC(622) Old regions: 1->1
[8.525s][info   ][gc,heap     ] GC(622) Archive regions: 2->2
[8.525s][info   ][gc,heap     ] GC(622) Humongous regions: 922->718
[8.525s][info   ][gc,metaspace] GC(622) Metaspace: 158K(384K)->158K(384K) NonClass: 150K(256K)->150K(256K) Class: 8K(128K)->8K(128K)
[8.525s][info   ][gc          ] GC(622) Pause Young (Concurrent Start) (G1 Humongous Allocation) 923M->719M(2048M) 1.469ms
[8.525s][info   ][gc,cpu      ] GC(622) User=0.00s Sys=0.00s Real=0.00s
[8.525s][info   ][gc          ] GC(623) Concurrent Undo Cycle
[8.525s][info   ][gc,marking  ] GC(623) Concurrent Cleanup for Next Mark
[8.546s][info   ][gc,marking  ] GC(623) Concurrent Cleanup for Next Mark 21.725ms
[8.547s][info   ][gc          ] GC(623) Concurrent Undo Cycle 21.885ms
[8.548s][info   ][gc,start    ] GC(624) Pause Young (Concurrent Start) (G1 Humongous Allocation)
[8.548s][info   ][gc,task     ] GC(624) Using 4 workers of 4 for evacuation
[8.549s][info   ][gc,phases   ] GC(624)   Pre Evacuate Collection Set: 0.2ms
[8.549s][info   ][gc,phases   ] GC(624)   Merge Heap Roots: 0.1ms
[8.549s][info   ][gc,phases   ] GC(624)   Evacuate Collection Set: 0.3ms
[8.549s][info   ][gc,phases   ] GC(624)   Post Evacuate Collection Set: 0.4ms
[8.549s][info   ][gc,phases   ] GC(624)   Other: 0.2ms
[8.549s][info   ][gc,heap     ] GC(624) Eden regions: 0->0(1051)
[8.549s][info   ][gc,heap     ] GC(624) Survivor regions: 0->0(130)
[8.549s][info   ][gc,heap     ] GC(624) Old regions: 1->1
[8.549s][info   ][gc,heap     ] GC(624) Archive regions: 2->2
[8.549s][info   ][gc,heap     ] GC(624) Humongous regions: 982->702
[8.549s][info   ][gc,metaspace] GC(624) Metaspace: 158K(384K)->158K(384K) NonClass: 150K(256K)->150K(256K) Class: 8K(128K)->8K(128K)
[8.549s][info   ][gc          ] GC(624) Pause Young (Concurrent Start) (G1 Humongous Allocation) 983M->703M(2048M) 1.212ms
[8.549s][info   ][gc,cpu      ] GC(624) User=0.00s Sys=0.00s Real=0.00s
[8.550s][info   ][gc          ] GC(625) Concurrent Undo Cycle
[8.550s][info   ][gc,marking  ] GC(625) Concurrent Cleanup for Next Mark
[8.578s][info   ][gc,marking  ] GC(625) Concurrent Cleanup for Next Mark 28.723ms
[8.579s][info   ][gc          ] GC(625) Concurrent Undo Cycle 29.047ms
[8.579s][info   ][gc,start    ] GC(626) Pause Young (Concurrent Start) (G1 Humongous Allocation)
[8.579s][info   ][gc,task     ] GC(626) Using 4 workers of 4 for evacuation
[8.581s][info   ][gc,phases   ] GC(626)   Pre Evacuate Collection Set: 0.3ms
[8.581s][info   ][gc,phases   ] GC(626)   Merge Heap Roots: 0.1ms
[8.581s][info   ][gc,phases   ] GC(626)   Evacuate Collection Set: 0.7ms
[8.581s][info   ][gc,phases   ] GC(626)   Post Evacuate Collection Set: 0.5ms
[8.581s][info   ][gc,phases   ] GC(626)   Other: 0.2ms
[8.581s][info   ][gc,heap     ] GC(626) Eden regions: 0->0(1006)
[8.581s][info   ][gc,heap     ] GC(626) Survivor regions: 0->0(132)
[8.581s][info   ][gc,heap     ] GC(626) Old regions: 1->1
[8.581s][info   ][gc,heap     ] GC(626) Archive regions: 2->2
[8.581s][info   ][gc,heap     ] GC(626) Humongous regions: 1092->750
[8.581s][info   ][gc,metaspace] GC(626) Metaspace: 158K(384K)->158K(384K) NonClass: 150K(256K)->150K(256K) Class: 8K(128K)->8K(128K)
[8.581s][info   ][gc          ] GC(626) Pause Young (Concurrent Start) (G1 Humongous Allocation) 1093M->751M(2048M) 1.827ms
[8.581s][info   ][gc,cpu      ] GC(626) User=0.00s Sys=0.00s Real=0.00s
[8.581s][info   ][gc          ] GC(627) Concurrent Undo Cycle
[8.581s][info   ][gc,marking  ] GC(627) Concurrent Cleanup for Next Mark
[8.595s][info   ][gc,marking  ] GC(627) Concurrent Cleanup for Next Mark 14.471ms
[8.596s][info   ][gc          ] GC(627) Concurrent Undo Cycle 14.771ms
[8.597s][info   ][gc,start    ] GC(628) Pause Young (Concurrent Start) (G1 Humongous Allocation)
[8.597s][info   ][gc,task     ] GC(628) Using 4 workers of 4 for evacuation
[8.599s][info   ][gc,phases   ] GC(628)   Pre Evacuate Collection Set: 0.3ms
[8.599s][info   ][gc,phases   ] GC(628)   Merge Heap Roots: 0.1ms
[8.599s][info   ][gc,phases   ] GC(628)   Evacuate Collection Set: 0.5ms
[8.599s][info   ][gc,phases   ] GC(628)   Post Evacuate Collection Set: 0.6ms
[8.599s][info   ][gc,phases   ] GC(628)   Other: 0.2ms
[8.599s][info   ][gc,heap     ] GC(628) Eden regions: 0->0(990)
[8.599s][info   ][gc,heap     ] GC(628) Survivor regions: 0->0(126)
[8.599s][info   ][gc,heap     ] GC(628) Old regions: 1->1
[8.599s][info   ][gc,heap     ] GC(628) Archive regions: 2->2
[8.599s][info   ][gc,heap     ] GC(628) Humongous regions: 918->768
[8.599s][info   ][gc,metaspace] GC(628) Metaspace: 158K(384K)->158K(384K) NonClass: 150K(256K)->150K(256K) Class: 8K(128K)->8K(128K)
[8.599s][info   ][gc          ] GC(628) Pause Young (Concurrent Start) (G1 Humongous Allocation) 919M->769M(2048M) 1.704ms
[8.599s][info   ][gc,cpu      ] GC(628) User=0.01s Sys=0.00s Real=0.01s
[8.599s][info   ][gc          ] GC(629) Concurrent Undo Cycle
[8.599s][info   ][gc,marking  ] GC(629) Concurrent Cleanup for Next Mark
[8.610s][info   ][gc,marking  ] GC(629) Concurrent Cleanup for Next Mark 11.237ms
[8.610s][info   ][gc          ] GC(629) Concurrent Undo Cycle 11.444ms
[8.611s][info   ][gc,start    ] GC(630) Pause Young (Concurrent Start) (G1 Humongous Allocation)
[8.611s][info   ][gc,task     ] GC(630) Using 4 workers of 4 for evacuation
[8.612s][info   ][gc,phases   ] GC(630)   Pre Evacuate Collection Set: 0.2ms
[8.612s][info   ][gc,phases   ] GC(630)   Merge Heap Roots: 0.1ms
[8.612s][info   ][gc,phases   ] GC(630)   Evacuate Collection Set: 0.2ms
[8.612s][info   ][gc,phases   ] GC(630)   Post Evacuate Collection Set: 0.5ms
[8.612s][info   ][gc,phases   ] GC(630)   Other: 0.2ms
[8.612s][info   ][gc,heap     ] GC(630) Eden regions: 0->0(1010)
[8.612s][info   ][gc,heap     ] GC(630) Survivor regions: 0->0(124)
[8.612s][info   ][gc,heap     ] GC(630) Old regions: 1->1
[8.612s][info   ][gc,heap     ] GC(630) Archive regions: 2->2
[8.612s][info   ][gc,heap     ] GC(630) Humongous regions: 892->746
[8.612s][info   ][gc,metaspace] GC(630) Metaspace: 158K(384K)->158K(384K) NonClass: 150K(256K)->150K(256K) Class: 8K(128K)->8K(128K)
[8.612s][info   ][gc          ] GC(630) Pause Young (Concurrent Start) (G1 Humongous Allocation) 893M->747M(2048M) 1.261ms
[8.612s][info   ][gc,cpu      ] GC(630) User=0.00s Sys=0.00s Real=0.00s
[8.612s][info   ][gc          ] GC(631) Concurrent Undo Cycle
[8.612s][info   ][gc,marking  ] GC(631) Concurrent Cleanup for Next Mark
[8.629s][info   ][gc,marking  ] GC(631) Concurrent Cleanup for Next Mark 16.044ms
[8.629s][info   ][gc          ] GC(631) Concurrent Undo Cycle 16.251ms
[8.630s][info   ][gc,start    ] GC(632) Pause Young (Concurrent Start) (G1 Humongous Allocation)
[8.630s][info   ][gc,task     ] GC(632) Using 4 workers of 4 for evacuation
[8.631s][info   ][gc,phases   ] GC(632)   Pre Evacuate Collection Set: 0.3ms
[8.631s][info   ][gc,phases   ] GC(632)   Merge Heap Roots: 0.1ms
[8.631s][info   ][gc,phases   ] GC(632)   Evacuate Collection Set: 0.3ms
[8.631s][info   ][gc,phases   ] GC(632)   Post Evacuate Collection Set: 0.4ms
[8.631s][info   ][gc,phases   ] GC(632)   Other: 0.2ms
[8.631s][info   ][gc,heap     ] GC(632) Eden regions: 0->0(1032)
[8.631s][info   ][gc,heap     ] GC(632) Survivor regions: 0->0(127)
[8.631s][info   ][gc,heap     ] GC(632) Old regions: 1->1
[8.631s][info   ][gc,heap     ] GC(632) Archive regions: 2->2
[8.631s][info   ][gc,heap     ] GC(632) Humongous regions: 930->722
[8.631s][info   ][gc,metaspace] GC(632) Metaspace: 158K(384K)->158K(384K) NonClass: 150K(256K)->150K(256K) Class: 8K(128K)->8K(128K)
[8.631s][info   ][gc          ] GC(632) Pause Young (Concurrent Start) (G1 Humongous Allocation) 931M->723M(2048M) 1.346ms
[8.631s][info   ][gc,cpu      ] GC(632) User=0.01s Sys=0.01s Real=0.00s
[8.631s][info   ][gc          ] GC(633) Concurrent Undo Cycle
[8.631s][info   ][gc,marking  ] GC(633) Concurrent Cleanup for Next Mark
[8.642s][info   ][gc,marking  ] GC(633) Concurrent Cleanup for Next Mark 11.107ms
[8.642s][info   ][gc          ] GC(633) Concurrent Undo Cycle 11.322ms
[8.649s][info   ][gc,start    ] GC(634) Pause Young (Concurrent Start) (G1 Humongous Allocation)
[8.649s][info   ][gc,task     ] GC(634) Using 4 workers of 4 for evacuation
[8.650s][info   ][gc,phases   ] GC(634)   Pre Evacuate Collection Set: 0.2ms
[8.650s][info   ][gc,phases   ] GC(634)   Merge Heap Roots: 0.1ms
[8.650s][info   ][gc,phases   ] GC(634)   Evacuate Collection Set: 0.3ms
[8.650s][info   ][gc,phases   ] GC(634)   Post Evacuate Collection Set: 0.4ms
[8.650s][info   ][gc,phases   ] GC(634)   Other: 0.2ms
[8.650s][info   ][gc,heap     ] GC(634) Eden regions: 0->0(1060)
[8.650s][info   ][gc,heap     ] GC(634) Survivor regions: 0->0(129)
[8.650s][info   ][gc,heap     ] GC(634) Old regions: 1->1
[8.650s][info   ][gc,heap     ] GC(634) Archive regions: 2->2
[8.650s][info   ][gc,heap     ] GC(634) Humongous regions: 918->692
[8.650s][info   ][gc,metaspace] GC(634) Metaspace: 158K(384K)->158K(384K) NonClass: 150K(256K)->150K(256K) Class: 8K(128K)->8K(128K)
[8.650s][info   ][gc          ] GC(634) Pause Young (Concurrent Start) (G1 Humongous Allocation) 919M->693M(2048M) 1.315ms
[8.650s][info   ][gc,cpu      ] GC(634) User=0.00s Sys=0.00s Real=0.00s
[8.650s][info   ][gc          ] GC(635) Concurrent Undo Cycle
[8.650s][info   ][gc,marking  ] GC(635) Concurrent Cleanup for Next Mark
[8.675s][info   ][gc,marking  ] GC(635) Concurrent Cleanup for Next Mark 24.904ms
[8.676s][info   ][gc          ] GC(635) Concurrent Undo Cycle 25.284ms
[8.676s][info   ][gc,start    ] GC(636) Pause Young (Concurrent Start) (G1 Humongous Allocation)
[8.676s][info   ][gc,task     ] GC(636) Using 4 workers of 4 for evacuation
[8.678s][info   ][gc,phases   ] GC(636)   Pre Evacuate Collection Set: 0.2ms
[8.678s][info   ][gc,phases   ] GC(636)   Merge Heap Roots: 0.1ms
[8.678s][info   ][gc,phases   ] GC(636)   Evacuate Collection Set: 0.4ms
[8.678s][info   ][gc,phases   ] GC(636)   Post Evacuate Collection Set: 1.1ms
[8.678s][info   ][gc,phases   ] GC(636)   Other: 0.2ms
[8.678s][info   ][gc,heap     ] GC(636) Eden regions: 0->0(1027)
[8.678s][info   ][gc,heap     ] GC(636) Survivor regions: 0->0(133)
[8.678s][info   ][gc,heap     ] GC(636) Old regions: 1->1
[8.678s][info   ][gc,heap     ] GC(636) Archive regions: 2->2
[8.678s][info   ][gc,heap     ] GC(636) Humongous regions: 1022->728
[8.678s][info   ][gc,metaspace] GC(636) Metaspace: 158K(384K)->158K(384K) NonClass: 150K(256K)->150K(256K) Class: 8K(128K)->8K(128K)
[8.678s][info   ][gc          ] GC(636) Pause Young (Concurrent Start) (G1 Humongous Allocation) 1023M->729M(2048M) 2.200ms
[8.678s][info   ][gc,cpu      ] GC(636) User=0.00s Sys=0.00s Real=0.01s
[8.679s][info   ][gc          ] GC(637) Concurrent Undo Cycle
[8.679s][info   ][gc,marking  ] GC(637) Concurrent Cleanup for Next Mark
[8.698s][info   ][gc,marking  ] GC(637) Concurrent Cleanup for Next Mark 19.248ms
[8.698s][info   ][gc          ] GC(637) Concurrent Undo Cycle 19.566ms
[8.699s][info   ][gc,start    ] GC(638) Pause Young (Concurrent Start) (G1 Humongous Allocation)
[8.699s][info   ][gc,task     ] GC(638) Using 4 workers of 4 for evacuation
[8.701s][info   ][gc,phases   ] GC(638)   Pre Evacuate Collection Set: 0.2ms
[8.701s][info   ][gc,phases   ] GC(638)   Merge Heap Roots: 0.1ms
[8.701s][info   ][gc,phases   ] GC(638)   Evacuate Collection Set: 0.8ms
[8.701s][info   ][gc,phases   ] GC(638)   Post Evacuate Collection Set: 0.7ms
[8.701s][info   ][gc,phases   ] GC(638)   Other: 0.2ms
[8.701s][info   ][gc,heap     ] GC(638) Eden regions: 0->0(1025)
[8.701s][info   ][gc,heap     ] GC(638) Survivor regions: 0->0(129)
[8.701s][info   ][gc,heap     ] GC(638) Old regions: 1->1
[8.701s][info   ][gc,heap     ] GC(638) Archive regions: 2->2
[8.701s][info   ][gc,heap     ] GC(638) Humongous regions: 950->730
[8.701s][info   ][gc,metaspace] GC(638) Metaspace: 158K(384K)->158K(384K) NonClass: 150K(256K)->150K(256K) Class: 8K(128K)->8K(128K)
[8.701s][info   ][gc          ] GC(638) Pause Young (Concurrent Start) (G1 Humongous Allocation) 951M->731M(2048M) 2.188ms
[8.701s][info   ][gc,cpu      ] GC(638) User=0.00s Sys=0.00s Real=0.00s
[8.701s][info   ][gc          ] GC(639) Concurrent Undo Cycle
[8.702s][info   ][gc,marking  ] GC(639) Concurrent Cleanup for Next Mark
[8.709s][info   ][gc,marking  ] GC(639) Concurrent Cleanup for Next Mark 7.894ms
[8.710s][info   ][gc          ] GC(639) Concurrent Undo Cycle 8.107ms
[8.710s][info   ][gc,start    ] GC(640) Pause Young (Concurrent Start) (G1 Humongous Allocation)
[8.710s][info   ][gc,task     ] GC(640) Using 4 workers of 4 for evacuation
[8.711s][info   ][gc,phases   ] GC(640)   Pre Evacuate Collection Set: 0.2ms
[8.712s][info   ][gc,phases   ] GC(640)   Merge Heap Roots: 0.1ms
[8.712s][info   ][gc,phases   ] GC(640)   Evacuate Collection Set: 0.5ms
[8.712s][info   ][gc,phases   ] GC(640)   Post Evacuate Collection Set: 0.3ms
[8.712s][info   ][gc,phases   ] GC(640)   Other: 0.2ms
[8.712s][info   ][gc,heap     ] GC(640) Eden regions: 0->0(1017)
[8.712s][info   ][gc,heap     ] GC(640) Survivor regions: 0->0(129)
[8.712s][info   ][gc,heap     ] GC(640) Old regions: 1->1
[8.712s][info   ][gc,heap     ] GC(640) Archive regions: 2->2
[8.712s][info   ][gc,heap     ] GC(640) Humongous regions: 810->738
[8.712s][info   ][gc,metaspace] GC(640) Metaspace: 158K(384K)->158K(384K) NonClass: 150K(256K)->150K(256K) Class: 8K(128K)->8K(128K)
[8.712s][info   ][gc          ] GC(640) Pause Young (Concurrent Start) (G1 Humongous Allocation) 811M->739M(2048M) 1.300ms
[8.712s][info   ][gc,cpu      ] GC(640) User=0.00s Sys=0.00s Real=0.00s
[8.712s][info   ][gc          ] GC(641) Concurrent Undo Cycle
[8.712s][info   ][gc,marking  ] GC(641) Concurrent Cleanup for Next Mark
[8.743s][info   ][gc,marking  ] GC(641) Concurrent Cleanup for Next Mark 31.048ms
[8.743s][info   ][gc          ] GC(641) Concurrent Undo Cycle 31.301ms
[8.744s][info   ][gc,start    ] GC(642) Pause Young (Concurrent Start) (G1 Humongous Allocation)
[8.744s][info   ][gc,task     ] GC(642) Using 4 workers of 4 for evacuation
[8.745s][info   ][gc,phases   ] GC(642)   Pre Evacuate Collection Set: 0.3ms
[8.745s][info   ][gc,phases   ] GC(642)   Merge Heap Roots: 0.1ms
[8.745s][info   ][gc,phases   ] GC(642)   Evacuate Collection Set: 0.4ms
[8.745s][info   ][gc,phases   ] GC(642)   Post Evacuate Collection Set: 0.6ms
[8.745s][info   ][gc,phases   ] GC(642)   Other: 0.2ms
[8.745s][info   ][gc,heap     ] GC(642) Eden regions: 0->0(997)
[8.745s][info   ][gc,heap     ] GC(642) Survivor regions: 0->0(128)
[8.745s][info   ][gc,heap     ] GC(642) Old regions: 1->1
[8.745s][info   ][gc,heap     ] GC(642) Archive regions: 2->2
[8.745s][info   ][gc,heap     ] GC(642) Humongous regions: 1166->760
[8.745s][info   ][gc,metaspace] GC(642) Metaspace: 158K(384K)->158K(384K) NonClass: 150K(256K)->150K(256K) Class: 8K(128K)->8K(128K)
[8.745s][info   ][gc          ] GC(642) Pause Young (Concurrent Start) (G1 Humongous Allocation) 1167M->761M(2048M) 1.703ms
[8.745s][info   ][gc,cpu      ] GC(642) User=0.00s Sys=0.00s Real=0.00s
[8.745s][info   ][gc          ] GC(643) Concurrent Undo Cycle
[8.745s][info   ][gc,marking  ] GC(643) Concurrent Cleanup for Next Mark
[8.769s][info   ][gc,marking  ] GC(643) Concurrent Cleanup for Next Mark 23.576ms
[8.769s][info   ][gc          ] GC(643) Concurrent Undo Cycle 23.826ms
[8.770s][info   ][gc,start    ] GC(644) Pause Young (Concurrent Start) (G1 Humongous Allocation)
[8.770s][info   ][gc,task     ] GC(644) Using 4 workers of 4 for evacuation
[8.771s][info   ][gc,phases   ] GC(644)   Pre Evacuate Collection Set: 0.2ms
[8.771s][info   ][gc,phases   ] GC(644)   Merge Heap Roots: 0.1ms
[8.771s][info   ][gc,phases   ] GC(644)   Evacuate Collection Set: 0.2ms
[8.771s][info   ][gc,phases   ] GC(644)   Post Evacuate Collection Set: 0.5ms
[8.771s][info   ][gc,phases   ] GC(644)   Other: 0.2ms
[8.771s][info   ][gc,heap     ] GC(644) Eden regions: 0->0(1060)
[8.771s][info   ][gc,heap     ] GC(644) Survivor regions: 0->0(125)
[8.771s][info   ][gc,heap     ] GC(644) Old regions: 1->1
[8.771s][info   ][gc,heap     ] GC(644) Archive regions: 2->2
[8.771s][info   ][gc,heap     ] GC(644) Humongous regions: 1080->692
[8.771s][info   ][gc,metaspace] GC(644) Metaspace: 158K(384K)->158K(384K) NonClass: 150K(256K)->150K(256K) Class: 8K(128K)->8K(128K)
[8.771s][info   ][gc          ] GC(644) Pause Young (Concurrent Start) (G1 Humongous Allocation) 1081M->693M(2048M) 1.253ms
[8.771s][info   ][gc,cpu      ] GC(644) User=0.00s Sys=0.00s Real=0.00s
[8.771s][info   ][gc          ] GC(645) Concurrent Undo Cycle
[8.771s][info   ][gc,marking  ] GC(645) Concurrent Cleanup for Next Mark
[8.784s][info   ][gc,marking  ] GC(645) Concurrent Cleanup for Next Mark 12.472ms
[8.784s][info   ][gc          ] GC(645) Concurrent Undo Cycle 12.814ms
[8.791s][info   ][gc,start    ] GC(646) Pause Young (Concurrent Start) (G1 Humongous Allocation)
[8.791s][info   ][gc,task     ] GC(646) Using 4 workers of 4 for evacuation
[8.792s][info   ][gc,phases   ] GC(646)   Pre Evacuate Collection Set: 0.3ms
[8.792s][info   ][gc,phases   ] GC(646)   Merge Heap Roots: 0.2ms
[8.792s][info   ][gc,phases   ] GC(646)   Evacuate Collection Set: 0.4ms
[8.793s][info   ][gc,phases   ] GC(646)   Post Evacuate Collection Set: 0.5ms
[8.793s][info   ][gc,phases   ] GC(646)   Other: 0.2ms
[8.793s][info   ][gc,heap     ] GC(646) Eden regions: 0->0(1124)
[8.793s][info   ][gc,heap     ] GC(646) Survivor regions: 0->0(133)
[8.793s][info   ][gc,heap     ] GC(646) Old regions: 1->1
[8.793s][info   ][gc,heap     ] GC(646) Archive regions: 2->2
[8.793s][info   ][gc,heap     ] GC(646) Humongous regions: 918->622
[8.793s][info   ][gc,metaspace] GC(646) Metaspace: 158K(384K)->158K(384K) NonClass: 150K(256K)->150K(256K) Class: 8K(128K)->8K(128K)
[8.793s][info   ][gc          ] GC(646) Pause Young (Concurrent Start) (G1 Humongous Allocation) 919M->623M(2048M) 1.665ms
[8.793s][info   ][gc,cpu      ] GC(646) User=0.00s Sys=0.00s Real=0.00s
[8.793s][info   ][gc          ] GC(647) Concurrent Undo Cycle
[8.793s][info   ][gc,marking  ] GC(647) Concurrent Cleanup for Next Mark
[8.801s][info   ][gc,marking  ] GC(647) Concurrent Cleanup for Next Mark 8.684ms
[8.801s][info   ][gc          ] GC(647) Concurrent Undo Cycle 8.853ms
[8.802s][info   ][gc,start    ] GC(648) Pause Young (Concurrent Start) (G1 Humongous Allocation)
[8.802s][info   ][gc,task     ] GC(648) Using 4 workers of 4 for evacuation
[8.803s][info   ][gc,phases   ] GC(648)   Pre Evacuate Collection Set: 0.2ms
[8.803s][info   ][gc,phases   ] GC(648)   Merge Heap Roots: 0.1ms
[8.803s][info   ][gc,phases   ] GC(648)   Evacuate Collection Set: 0.3ms
[8.803s][info   ][gc,phases   ] GC(648)   Post Evacuate Collection Set: 0.4ms
[8.803s][info   ][gc,phases   ] GC(648)   Other: 0.2ms
[8.803s][info   ][gc,heap     ] GC(648) Eden regions: 0->0(1121)
[8.803s][info   ][gc,heap     ] GC(648) Survivor regions: 0->0(141)
[8.803s][info   ][gc,heap     ] GC(648) Old regions: 1->1
[8.803s][info   ][gc,heap     ] GC(648) Archive regions: 2->2
[8.803s][info   ][gc,heap     ] GC(648) Humongous regions: 702->626
[8.803s][info   ][gc,metaspace] GC(648) Metaspace: 158K(384K)->158K(384K) NonClass: 150K(256K)->150K(256K) Class: 8K(128K)->8K(128K)
[8.803s][info   ][gc          ] GC(648) Pause Young (Concurrent Start) (G1 Humongous Allocation) 703M->627M(2048M) 1.179ms
[8.803s][info   ][gc,cpu      ] GC(648) User=0.00s Sys=0.01s Real=0.00s
[8.803s][info   ][gc          ] GC(649) Concurrent Undo Cycle
[8.803s][info   ][gc,marking  ] GC(649) Concurrent Cleanup for Next Mark
[8.818s][info   ][gc,marking  ] GC(649) Concurrent Cleanup for Next Mark 15.040ms
[8.818s][info   ][gc          ] GC(649) Concurrent Undo Cycle 15.232ms
[8.826s][info   ][gc,start    ] GC(650) Pause Young (Concurrent Start) (G1 Humongous Allocation)
[8.826s][info   ][gc,task     ] GC(650) Using 4 workers of 4 for evacuation
[8.827s][info   ][gc,phases   ] GC(650)   Pre Evacuate Collection Set: 0.2ms
[8.827s][info   ][gc,phases   ] GC(650)   Merge Heap Roots: 0.1ms
[8.827s][info   ][gc,phases   ] GC(650)   Evacuate Collection Set: 0.6ms
[8.827s][info   ][gc,phases   ] GC(650)   Post Evacuate Collection Set: 0.5ms
[8.827s][info   ][gc,phases   ] GC(650)   Other: 0.2ms
[8.827s][info   ][gc,heap     ] GC(650) Eden regions: 0->0(1152)
[8.827s][info   ][gc,heap     ] GC(650) Survivor regions: 0->0(141)
[8.827s][info   ][gc,heap     ] GC(650) Old regions: 1->1
[8.827s][info   ][gc,heap     ] GC(650) Archive regions: 2->2
[8.827s][info   ][gc,heap     ] GC(650) Humongous regions: 918->592
[8.827s][info   ][gc,metaspace] GC(650) Metaspace: 158K(384K)->158K(384K) NonClass: 150K(256K)->150K(256K) Class: 8K(128K)->8K(128K)
[8.827s][info   ][gc          ] GC(650) Pause Young (Concurrent Start) (G1 Humongous Allocation) 919M->593M(2048M) 1.671ms
[8.827s][info   ][gc,cpu      ] GC(650) User=0.00s Sys=0.00s Real=0.00s
[8.828s][info   ][gc          ] GC(651) Concurrent Undo Cycle
[8.828s][info   ][gc,marking  ] GC(651) Concurrent Cleanup for Next Mark
[8.841s][info   ][gc,marking  ] GC(651) Concurrent Cleanup for Next Mark 13.747ms
[8.841s][info   ][gc          ] GC(651) Concurrent Undo Cycle 13.952ms
[8.852s][info   ][gc,start    ] GC(652) Pause Young (Concurrent Start) (G1 Humongous Allocation)
[8.852s][info   ][gc,task     ] GC(652) Using 4 workers of 4 for evacuation
[8.853s][info   ][gc,phases   ] GC(652)   Pre Evacuate Collection Set: 0.3ms
[8.853s][info   ][gc,phases   ] GC(652)   Merge Heap Roots: 0.1ms
[8.853s][info   ][gc,phases   ] GC(652)   Evacuate Collection Set: 0.2ms
[8.853s][info   ][gc,phases   ] GC(652)   Post Evacuate Collection Set: 0.5ms
[8.853s][info   ][gc,phases   ] GC(652)   Other: 0.2ms
[8.853s][info   ][gc,heap     ] GC(652) Eden regions: 0->0(1150)
[8.853s][info   ][gc,heap     ] GC(652) Survivor regions: 0->0(144)
[8.853s][info   ][gc,heap     ] GC(652) Old regions: 1->1
[8.853s][info   ][gc,heap     ] GC(652) Archive regions: 2->2
[8.853s][info   ][gc,heap     ] GC(652) Humongous regions: 918->594
[8.853s][info   ][gc,metaspace] GC(652) Metaspace: 158K(384K)->158K(384K) NonClass: 150K(256K)->150K(256K) Class: 8K(128K)->8K(128K)
[8.853s][info   ][gc          ] GC(652) Pause Young (Concurrent Start) (G1 Humongous Allocation) 919M->595M(2048M) 1.310ms
[8.853s][info   ][gc,cpu      ] GC(652) User=0.00s Sys=0.00s Real=0.00s
[8.853s][info   ][gc          ] GC(653) Concurrent Undo Cycle
[8.853s][info   ][gc,marking  ] GC(653) Concurrent Cleanup for Next Mark
[8.867s][info   ][gc,marking  ] GC(653) Concurrent Cleanup for Next Mark 14.083ms
[8.867s][info   ][gc          ] GC(653) Concurrent Undo Cycle 14.306ms
[8.878s][info   ][gc,start    ] GC(654) Pause Young (Concurrent Start) (G1 Humongous Allocation)
[8.878s][info   ][gc,task     ] GC(654) Using 4 workers of 4 for evacuation
[8.879s][info   ][gc,phases   ] GC(654)   Pre Evacuate Collection Set: 0.2ms
[8.879s][info   ][gc,phases   ] GC(654)   Merge Heap Roots: 0.1ms
[8.879s][info   ][gc,phases   ] GC(654)   Evacuate Collection Set: 0.3ms
[8.879s][info   ][gc,phases   ] GC(654)   Post Evacuate Collection Set: 0.6ms
[8.879s][info   ][gc,phases   ] GC(654)   Other: 0.2ms
[8.879s][info   ][gc,heap     ] GC(654) Eden regions: 0->0(1128)
[8.879s][info   ][gc,heap     ] GC(654) Survivor regions: 0->0(144)
[8.879s][info   ][gc,heap     ] GC(654) Old regions: 1->1
[8.879s][info   ][gc,heap     ] GC(654) Archive regions: 2->2
[8.879s][info   ][gc,heap     ] GC(654) Humongous regions: 918->618
[8.879s][info   ][gc,metaspace] GC(654) Metaspace: 158K(384K)->158K(384K) NonClass: 150K(256K)->150K(256K) Class: 8K(128K)->8K(128K)
[8.879s][info   ][gc          ] GC(654) Pause Young (Concurrent Start) (G1 Humongous Allocation) 919M->619M(2048M) 1.469ms
[8.879s][info   ][gc,cpu      ] GC(654) User=0.00s Sys=0.00s Real=0.01s
[8.879s][info   ][gc          ] GC(655) Concurrent Undo Cycle
[8.879s][info   ][gc,marking  ] GC(655) Concurrent Cleanup for Next Mark
[8.895s][info   ][gc,marking  ] GC(655) Concurrent Cleanup for Next Mark 15.475ms
[8.895s][info   ][gc          ] GC(655) Concurrent Undo Cycle 15.688ms
[8.904s][info   ][gc,start    ] GC(656) Pause Young (Concurrent Start) (G1 Humongous Allocation)
[8.904s][info   ][gc,task     ] GC(656) Using 4 workers of 4 for evacuation
[8.905s][info   ][gc,phases   ] GC(656)   Pre Evacuate Collection Set: 0.2ms
[8.905s][info   ][gc,phases   ] GC(656)   Merge Heap Roots: 0.1ms
[8.905s][info   ][gc,phases   ] GC(656)   Evacuate Collection Set: 0.2ms
[8.905s][info   ][gc,phases   ] GC(656)   Post Evacuate Collection Set: 0.5ms
[8.905s][info   ][gc,phases   ] GC(656)   Other: 0.2ms
[8.905s][info   ][gc,heap     ] GC(656) Eden regions: 0->0(1123)
[8.905s][info   ][gc,heap     ] GC(656) Survivor regions: 0->0(141)
[8.905s][info   ][gc,heap     ] GC(656) Old regions: 1->1
[8.905s][info   ][gc,heap     ] GC(656) Archive regions: 2->2
[8.905s][info   ][gc,heap     ] GC(656) Humongous regions: 918->624
[8.905s][info   ][gc,metaspace] GC(656) Metaspace: 158K(384K)->158K(384K) NonClass: 150K(256K)->150K(256K) Class: 8K(128K)->8K(128K)
[8.905s][info   ][gc          ] GC(656) Pause Young (Concurrent Start) (G1 Humongous Allocation) 919M->625M(2048M) 1.161ms
[8.905s][info   ][gc,cpu      ] GC(656) User=0.00s Sys=0.00s Real=0.00s
[8.905s][info   ][gc          ] GC(657) Concurrent Undo Cycle
[8.905s][info   ][gc,marking  ] GC(657) Concurrent Cleanup for Next Mark
[8.919s][info   ][gc,marking  ] GC(657) Concurrent Cleanup for Next Mark 14.060ms
[8.919s][info   ][gc          ] GC(657) Concurrent Undo Cycle 14.253ms
[8.928s][info   ][gc,start    ] GC(658) Pause Young (Concurrent Start) (G1 Humongous Allocation)
[8.928s][info   ][gc,task     ] GC(658) Using 4 workers of 4 for evacuation
[8.929s][info   ][gc,phases   ] GC(658)   Pre Evacuate Collection Set: 0.2ms
[8.929s][info   ][gc,phases   ] GC(658)   Merge Heap Roots: 0.1ms
[8.929s][info   ][gc,phases   ] GC(658)   Evacuate Collection Set: 0.3ms
[8.929s][info   ][gc,phases   ] GC(658)   Post Evacuate Collection Set: 0.6ms
[8.929s][info   ][gc,phases   ] GC(658)   Other: 0.3ms
[8.929s][info   ][gc,heap     ] GC(658) Eden regions: 0->0(1076)
[8.929s][info   ][gc,heap     ] GC(658) Survivor regions: 0->0(141)
[8.929s][info   ][gc,heap     ] GC(658) Old regions: 1->1
[8.929s][info   ][gc,heap     ] GC(658) Archive regions: 2->2
[8.929s][info   ][gc,heap     ] GC(658) Humongous regions: 918->674
[8.929s][info   ][gc,metaspace] GC(658) Metaspace: 158K(384K)->158K(384K) NonClass: 150K(256K)->150K(256K) Class: 8K(128K)->8K(128K)
[8.929s][info   ][gc          ] GC(658) Pause Young (Concurrent Start) (G1 Humongous Allocation) 919M->675M(2048M) 1.486ms
[8.929s][info   ][gc,cpu      ] GC(658) User=0.00s Sys=0.00s Real=0.01s
[8.929s][info   ][gc          ] GC(659) Concurrent Undo Cycle
[8.929s][info   ][gc,marking  ] GC(659) Concurrent Cleanup for Next Mark
[8.939s][info   ][gc,marking  ] GC(659) Concurrent Cleanup for Next Mark 9.095ms
[8.945s][info   ][gc          ] GC(659) Concurrent Undo Cycle 15.352ms
[8.950s][info   ][gc,start    ] GC(660) Pause Young (Concurrent Start) (G1 Humongous Allocation)
[8.950s][info   ][gc,task     ] GC(660) Using 4 workers of 4 for evacuation
[8.951s][info   ][gc,phases   ] GC(660)   Pre Evacuate Collection Set: 0.2ms
[8.951s][info   ][gc,phases   ] GC(660)   Merge Heap Roots: 0.1ms
[8.951s][info   ][gc,phases   ] GC(660)   Evacuate Collection Set: 0.2ms
[8.951s][info   ][gc,phases   ] GC(660)   Post Evacuate Collection Set: 0.5ms
[8.951s][info   ][gc,phases   ] GC(660)   Other: 0.2ms
[8.951s][info   ][gc,heap     ] GC(660) Eden regions: 0->0(1126)
[8.951s][info   ][gc,heap     ] GC(660) Survivor regions: 0->0(135)
[8.951s][info   ][gc,heap     ] GC(660) Old regions: 1->1
[8.951s][info   ][gc,heap     ] GC(660) Archive regions: 2->2
[8.951s][info   ][gc,heap     ] GC(660) Humongous regions: 918->620
[8.951s][info   ][gc,metaspace] GC(660) Metaspace: 158K(384K)->158K(384K) NonClass: 150K(256K)->150K(256K) Class: 8K(128K)->8K(128K)
[8.951s][info   ][gc          ] GC(660) Pause Young (Concurrent Start) (G1 Humongous Allocation) 919M->621M(2048M) 1.217ms
[8.951s][info   ][gc,cpu      ] GC(660) User=0.01s Sys=0.00s Real=0.00s
[8.951s][info   ][gc          ] GC(661) Concurrent Undo Cycle
[8.951s][info   ][gc,marking  ] GC(661) Concurrent Cleanup for Next Mark
[8.964s][info   ][gc,marking  ] GC(661) Concurrent Cleanup for Next Mark 12.947ms
[8.964s][info   ][gc          ] GC(661) Concurrent Undo Cycle 13.183ms
[8.974s][info   ][gc,start    ] GC(662) Pause Young (Concurrent Start) (G1 Humongous Allocation)
[8.975s][info   ][gc,task     ] GC(662) Using 4 workers of 4 for evacuation
[8.976s][info   ][gc,phases   ] GC(662)   Pre Evacuate Collection Set: 0.4ms
[8.976s][info   ][gc,phases   ] GC(662)   Merge Heap Roots: 0.2ms
[8.976s][info   ][gc,phases   ] GC(662)   Evacuate Collection Set: 0.3ms
[8.976s][info   ][gc,phases   ] GC(662)   Post Evacuate Collection Set: 0.8ms
[8.976s][info   ][gc,phases   ] GC(662)   Other: 0.2ms
[8.976s][info   ][gc,heap     ] GC(662) Eden regions: 0->0(1167)
[8.976s][info   ][gc,heap     ] GC(662) Survivor regions: 0->0(141)
[8.976s][info   ][gc,heap     ] GC(662) Old regions: 1->1
[8.976s][info   ][gc,heap     ] GC(662) Archive regions: 2->2
[8.976s][info   ][gc,heap     ] GC(662) Humongous regions: 918->576
[8.976s][info   ][gc,metaspace] GC(662) Metaspace: 158K(384K)->158K(384K) NonClass: 150K(256K)->150K(256K) Class: 8K(128K)->8K(128K)
[8.976s][info   ][gc          ] GC(662) Pause Young (Concurrent Start) (G1 Humongous Allocation) 919M->577M(2048M) 1.909ms
[8.976s][info   ][gc,cpu      ] GC(662) User=0.00s Sys=0.00s Real=0.00s
[8.976s][info   ][gc          ] GC(663) Concurrent Undo Cycle
[8.976s][info   ][gc,marking  ] GC(663) Concurrent Cleanup for Next Mark
[9.022s][info   ][gc,marking  ] GC(663) Concurrent Cleanup for Next Mark 45.856ms
[9.023s][info   ][gc          ] GC(663) Concurrent Undo Cycle 46.130ms
[9.024s][info   ][gc,start    ] GC(664) Pause Young (Concurrent Start) (G1 Humongous Allocation)
[9.024s][info   ][gc,task     ] GC(664) Using 4 workers of 4 for evacuation
[9.025s][info   ][gc,phases   ] GC(664)   Pre Evacuate Collection Set: 0.2ms
[9.025s][info   ][gc,phases   ] GC(664)   Merge Heap Roots: 0.1ms
[9.025s][info   ][gc,phases   ] GC(664)   Evacuate Collection Set: 0.3ms
[9.025s][info   ][gc,phases   ] GC(664)   Post Evacuate Collection Set: 0.7ms
[9.025s][info   ][gc,phases   ] GC(664)   Other: 0.2ms
[9.025s][info   ][gc,heap     ] GC(664) Eden regions: 0->0(1167)
[9.025s][info   ][gc,heap     ] GC(664) Survivor regions: 0->0(146)
[9.025s][info   ][gc,heap     ] GC(664) Old regions: 1->1
[9.025s][info   ][gc,heap     ] GC(664) Archive regions: 2->2
[9.025s][info   ][gc,heap     ] GC(664) Humongous regions: 1242->576
[9.025s][info   ][gc,metaspace] GC(664) Metaspace: 158K(384K)->158K(384K) NonClass: 150K(256K)->150K(256K) Class: 8K(128K)->8K(128K)
[9.025s][info   ][gc          ] GC(664) Pause Young (Concurrent Start) (G1 Humongous Allocation) 1243M->577M(2048M) 1.546ms
[9.025s][info   ][gc,cpu      ] GC(664) User=0.00s Sys=0.00s Real=0.00s
[9.025s][info   ][gc          ] GC(665) Concurrent Undo Cycle
[9.026s][info   ][gc,marking  ] GC(665) Concurrent Cleanup for Next Mark
[9.050s][info   ][gc,marking  ] GC(665) Concurrent Cleanup for Next Mark 24.111ms
[9.050s][info   ][gc          ] GC(665) Concurrent Undo Cycle 24.440ms
[9.052s][info   ][gc,start    ] GC(666) Pause Young (Concurrent Start) (G1 Humongous Allocation)
[9.052s][info   ][gc,task     ] GC(666) Using 4 workers of 4 for evacuation
[9.054s][info   ][gc,phases   ] GC(666)   Pre Evacuate Collection Set: 0.3ms
[9.054s][info   ][gc,phases   ] GC(666)   Merge Heap Roots: 0.1ms
[9.054s][info   ][gc,phases   ] GC(666)   Evacuate Collection Set: 0.3ms
[9.054s][info   ][gc,phases   ] GC(666)   Post Evacuate Collection Set: 0.5ms
[9.054s][info   ][gc,phases   ] GC(666)   Other: 0.5ms
[9.054s][info   ][gc,heap     ] GC(666) Eden regions: 0->0(1158)
[9.054s][info   ][gc,heap     ] GC(666) Survivor regions: 0->0(146)
[9.054s][info   ][gc,heap     ] GC(666) Old regions: 1->1
[9.054s][info   ][gc,heap     ] GC(666) Archive regions: 2->2
[9.054s][info   ][gc,heap     ] GC(666) Humongous regions: 918->586
[9.054s][info   ][gc,metaspace] GC(666) Metaspace: 158K(384K)->158K(384K) NonClass: 150K(256K)->150K(256K) Class: 8K(128K)->8K(128K)
[9.054s][info   ][gc          ] GC(666) Pause Young (Concurrent Start) (G1 Humongous Allocation) 919M->587M(2048M) 1.598ms
[9.054s][info   ][gc,cpu      ] GC(666) User=0.00s Sys=0.00s Real=0.00s
[9.054s][info   ][gc          ] GC(667) Concurrent Undo Cycle
[9.054s][info   ][gc,marking  ] GC(667) Concurrent Cleanup for Next Mark
[9.095s][info   ][gc,marking  ] GC(667) Concurrent Cleanup for Next Mark 40.988ms
[9.095s][info   ][gc          ] GC(667) Concurrent Undo Cycle 41.241ms
[9.096s][info   ][gc,start    ] GC(668) Pause Young (Concurrent Start) (G1 Humongous Allocation)
[9.096s][info   ][gc,task     ] GC(668) Using 4 workers of 4 for evacuation
[9.097s][info   ][gc,phases   ] GC(668)   Pre Evacuate Collection Set: 0.3ms
[9.097s][info   ][gc,phases   ] GC(668)   Merge Heap Roots: 0.1ms
[9.097s][info   ][gc,phases   ] GC(668)   Evacuate Collection Set: 0.2ms
[9.097s][info   ][gc,phases   ] GC(668)   Post Evacuate Collection Set: 0.6ms
[9.097s][info   ][gc,phases   ] GC(668)   Other: 0.1ms
[9.097s][info   ][gc,heap     ] GC(668) Eden regions: 0->0(1064)
[9.097s][info   ][gc,heap     ] GC(668) Survivor regions: 0->0(145)
[9.097s][info   ][gc,heap     ] GC(668) Old regions: 1->1
[9.097s][info   ][gc,heap     ] GC(668) Archive regions: 2->2
[9.097s][info   ][gc,heap     ] GC(668) Humongous regions: 1198->688
[9.097s][info   ][gc,metaspace] GC(668) Metaspace: 158K(384K)->158K(384K) NonClass: 150K(256K)->150K(256K) Class: 8K(128K)->8K(128K)
[9.097s][info   ][gc          ] GC(668) Pause Young (Concurrent Start) (G1 Humongous Allocation) 1199M->689M(2048M) 1.411ms
[9.097s][info   ][gc,cpu      ] GC(668) User=0.00s Sys=0.00s Real=0.00s
[9.098s][info   ][gc          ] GC(669) Concurrent Undo Cycle
[9.098s][info   ][gc,marking  ] GC(669) Concurrent Cleanup for Next Mark
[9.126s][info   ][gc,marking  ] GC(669) Concurrent Cleanup for Next Mark 28.158ms
[9.126s][info   ][gc          ] GC(669) Concurrent Undo Cycle 28.363ms
[9.127s][info   ][gc,start    ] GC(670) Pause Young (Concurrent Start) (G1 Humongous Allocation)
[9.127s][info   ][gc,task     ] GC(670) Using 4 workers of 4 for evacuation
[9.129s][info   ][gc,phases   ] GC(670)   Pre Evacuate Collection Set: 0.2ms
[9.129s][info   ][gc,phases   ] GC(670)   Merge Heap Roots: 0.1ms
[9.129s][info   ][gc,phases   ] GC(670)   Evacuate Collection Set: 0.2ms
[9.129s][info   ][gc,phases   ] GC(670)   Post Evacuate Collection Set: 1.1ms
[9.129s][info   ][gc,phases   ] GC(670)   Other: 0.2ms
[9.129s][info   ][gc,heap     ] GC(670) Eden regions: 0->0(1084)
[9.129s][info   ][gc,heap     ] GC(670) Survivor regions: 0->0(133)
[9.129s][info   ][gc,heap     ] GC(670) Old regions: 1->1
[9.129s][info   ][gc,heap     ] GC(670) Archive regions: 2->2
[9.129s][info   ][gc,heap     ] GC(670) Humongous regions: 1086->666
[9.129s][info   ][gc,metaspace] GC(670) Metaspace: 158K(384K)->158K(384K) NonClass: 150K(256K)->150K(256K) Class: 8K(128K)->8K(128K)
[9.129s][info   ][gc          ] GC(670) Pause Young (Concurrent Start) (G1 Humongous Allocation) 1087M->667M(2048M) 1.850ms
[9.129s][info   ][gc,cpu      ] GC(670) User=0.00s Sys=0.00s Real=0.01s
[9.129s][info   ][gc          ] GC(671) Concurrent Undo Cycle
[9.129s][info   ][gc,marking  ] GC(671) Concurrent Cleanup for Next Mark
[9.165s][info   ][gc,marking  ] GC(671) Concurrent Cleanup for Next Mark 35.673ms
[9.165s][info   ][gc          ] GC(671) Concurrent Undo Cycle 35.843ms
[9.166s][info   ][gc,start    ] GC(672) Pause Young (Concurrent Start) (G1 Humongous Allocation)
[9.166s][info   ][gc,task     ] GC(672) Using 4 workers of 4 for evacuation
[9.168s][info   ][gc,phases   ] GC(672)   Pre Evacuate Collection Set: 0.2ms
[9.168s][info   ][gc,phases   ] GC(672)   Merge Heap Roots: 0.2ms
[9.168s][info   ][gc,phases   ] GC(672)   Evacuate Collection Set: 0.3ms
[9.168s][info   ][gc,phases   ] GC(672)   Post Evacuate Collection Set: 0.6ms
[9.168s][info   ][gc,phases   ] GC(672)   Other: 0.2ms
[9.168s][info   ][gc,heap     ] GC(672) Eden regions: 0->0(1148)
[9.168s][info   ][gc,heap     ] GC(672) Survivor regions: 0->0(136)
[9.168s][info   ][gc,heap     ] GC(672) Old regions: 1->1
[9.168s][info   ][gc,heap     ] GC(672) Archive regions: 2->2
[9.168s][info   ][gc,heap     ] GC(672) Humongous regions: 1170->596
[9.168s][info   ][gc,metaspace] GC(672) Metaspace: 158K(384K)->158K(384K) NonClass: 150K(256K)->150K(256K) Class: 8K(128K)->8K(128K)
[9.168s][info   ][gc          ] GC(672) Pause Young (Concurrent Start) (G1 Humongous Allocation) 1171M->597M(2048M) 1.507ms
[9.168s][info   ][gc,cpu      ] GC(672) User=0.01s Sys=0.00s Real=0.00s
[9.168s][info   ][gc          ] GC(673) Concurrent Undo Cycle
[9.168s][info   ][gc,marking  ] GC(673) Concurrent Cleanup for Next Mark
[9.181s][info   ][gc,marking  ] GC(673) Concurrent Cleanup for Next Mark 13.715ms
[9.182s][info   ][gc          ] GC(673) Concurrent Undo Cycle 13.960ms
[9.197s][info   ][gc,start    ] GC(674) Pause Young (Concurrent Start) (G1 Humongous Allocation)
[9.197s][info   ][gc,task     ] GC(674) Using 4 workers of 4 for evacuation
[9.199s][info   ][gc,phases   ] GC(674)   Pre Evacuate Collection Set: 0.2ms
[9.199s][info   ][gc,phases   ] GC(674)   Merge Heap Roots: 0.1ms
[9.199s][info   ][gc,phases   ] GC(674)   Evacuate Collection Set: 0.3ms
[9.199s][info   ][gc,phases   ] GC(674)   Post Evacuate Collection Set: 0.6ms
[9.199s][info   ][gc,phases   ] GC(674)   Other: 0.2ms
[9.199s][info   ][gc,heap     ] GC(674) Eden regions: 0->0(1200)
[9.199s][info   ][gc,heap     ] GC(674) Survivor regions: 0->0(144)
[9.199s][info   ][gc,heap     ] GC(674) Old regions: 1->1
[9.199s][info   ][gc,heap     ] GC(674) Archive regions: 2->2
[9.199s][info   ][gc,heap     ] GC(674) Humongous regions: 918->540
[9.199s][info   ][gc,metaspace] GC(674) Metaspace: 158K(384K)->158K(384K) NonClass: 150K(256K)->150K(256K) Class: 8K(128K)->8K(128K)
[9.199s][info   ][gc          ] GC(674) Pause Young (Concurrent Start) (G1 Humongous Allocation) 919M->541M(2048M) 1.476ms
[9.199s][info   ][gc,cpu      ] GC(674) User=0.00s Sys=0.00s Real=0.01s
[9.199s][info   ][gc          ] GC(675) Concurrent Undo Cycle
[9.199s][info   ][gc,marking  ] GC(675) Concurrent Cleanup for Next Mark
[9.209s][info   ][gc,marking  ] GC(675) Concurrent Cleanup for Next Mark 10.615ms
[9.210s][info   ][gc          ] GC(675) Concurrent Undo Cycle 10.781ms
[9.228s][info   ][gc,start    ] GC(676) Pause Young (Concurrent Start) (G1 Humongous Allocation)
[9.228s][info   ][gc,task     ] GC(676) Using 4 workers of 4 for evacuation
[9.230s][info   ][gc,phases   ] GC(676)   Pre Evacuate Collection Set: 0.2ms
[9.230s][info   ][gc,phases   ] GC(676)   Merge Heap Roots: 0.2ms
[9.230s][info   ][gc,phases   ] GC(676)   Evacuate Collection Set: 0.5ms
[9.230s][info   ][gc,phases   ] GC(676)   Post Evacuate Collection Set: 0.6ms
[9.230s][info   ][gc,phases   ] GC(676)   Other: 0.3ms
[9.230s][info   ][gc,heap     ] GC(676) Eden regions: 0->0(1202)
[9.230s][info   ][gc,heap     ] GC(676) Survivor regions: 0->0(150)
[9.230s][info   ][gc,heap     ] GC(676) Old regions: 1->1
[9.230s][info   ][gc,heap     ] GC(676) Archive regions: 2->2
[9.230s][info   ][gc,heap     ] GC(676) Humongous regions: 918->538
[9.230s][info   ][gc,metaspace] GC(676) Metaspace: 158K(384K)->158K(384K) NonClass: 150K(256K)->150K(256K) Class: 8K(128K)->8K(128K)
[9.230s][info   ][gc          ] GC(676) Pause Young (Concurrent Start) (G1 Humongous Allocation) 919M->539M(2048M) 1.889ms
[9.230s][info   ][gc,cpu      ] GC(676) User=0.00s Sys=0.00s Real=0.00s
[9.230s][info   ][gc          ] GC(677) Concurrent Undo Cycle
[9.230s][info   ][gc,marking  ] GC(677) Concurrent Cleanup for Next Mark
[9.240s][info   ][gc,marking  ] GC(677) Concurrent Cleanup for Next Mark 9.278ms
[9.240s][info   ][gc          ] GC(677) Concurrent Undo Cycle 9.542ms
[9.240s][info   ][gc,start    ] GC(678) Pause Young (Concurrent Start) (G1 Humongous Allocation)
[9.240s][info   ][gc,task     ] GC(678) Using 4 workers of 4 for evacuation
[9.242s][info   ][gc,phases   ] GC(678)   Pre Evacuate Collection Set: 0.2ms
[9.242s][info   ][gc,phases   ] GC(678)   Merge Heap Roots: 0.1ms
[9.242s][info   ][gc,phases   ] GC(678)   Evacuate Collection Set: 0.5ms
[9.242s][info   ][gc,phases   ] GC(678)   Post Evacuate Collection Set: 0.3ms
[9.242s][info   ][gc,phases   ] GC(678)   Other: 0.2ms
[9.242s][info   ][gc,heap     ] GC(678) Eden regions: 0->0(1178)
[9.242s][info   ][gc,heap     ] GC(678) Survivor regions: 0->0(151)
[9.242s][info   ][gc,heap     ] GC(678) Old regions: 1->1
[9.242s][info   ][gc,heap     ] GC(678) Archive regions: 2->2
[9.242s][info   ][gc,heap     ] GC(678) Humongous regions: 624->564
[9.242s][info   ][gc,metaspace] GC(678) Metaspace: 158K(384K)->158K(384K) NonClass: 150K(256K)->150K(256K) Class: 8K(128K)->8K(128K)
[9.242s][info   ][gc          ] GC(678) Pause Young (Concurrent Start) (G1 Humongous Allocation) 625M->565M(2048M) 1.222ms
[9.242s][info   ][gc,cpu      ] GC(678) User=0.00s Sys=0.00s Real=0.00s
[9.242s][info   ][gc          ] GC(679) Concurrent Undo Cycle
[9.242s][info   ][gc,marking  ] GC(679) Concurrent Cleanup for Next Mark
[9.248s][info   ][gc,marking  ] GC(679) Concurrent Cleanup for Next Mark 5.798ms
[9.248s][info   ][gc          ] GC(679) Concurrent Undo Cycle 5.949ms
[9.268s][info   ][gc,start    ] GC(680) Pause Young (Concurrent Start) (G1 Humongous Allocation)
[9.268s][info   ][gc,task     ] GC(680) Using 4 workers of 4 for evacuation
[9.270s][info   ][gc,phases   ] GC(680)   Pre Evacuate Collection Set: 0.3ms
[9.270s][info   ][gc,phases   ] GC(680)   Merge Heap Roots: 0.1ms
[9.270s][info   ][gc,phases   ] GC(680)   Evacuate Collection Set: 0.2ms
[9.270s][info   ][gc,phases   ] GC(680)   Post Evacuate Collection Set: 0.5ms
[9.270s][info   ][gc,phases   ] GC(680)   Other: 0.2ms
[9.270s][info   ][gc,heap     ] GC(680) Eden regions: 0->0(1228)
[9.270s][info   ][gc,heap     ] GC(680) Survivor regions: 0->0(148)
[9.270s][info   ][gc,heap     ] GC(680) Old regions: 1->1
[9.270s][info   ][gc,heap     ] GC(680) Archive regions: 2->2
[9.270s][info   ][gc,heap     ] GC(680) Humongous regions: 918->470
[9.270s][info   ][gc,metaspace] GC(680) Metaspace: 158K(384K)->158K(384K) NonClass: 150K(256K)->150K(256K) Class: 8K(128K)->8K(128K)
[9.270s][info   ][gc          ] GC(680) Pause Young (Concurrent Start) (G1 Humongous Allocation) 919M->471M(2048M) 1.317ms
[9.270s][info   ][gc,cpu      ] GC(680) User=0.00s Sys=0.00s Real=0.00s
[9.270s][info   ][gc          ] GC(681) Concurrent Undo Cycle
[9.270s][info   ][gc,marking  ] GC(681) Concurrent Cleanup for Next Mark
[9.296s][info   ][gc,marking  ] GC(681) Concurrent Cleanup for Next Mark 26.581ms
[9.296s][info   ][gc          ] GC(681) Concurrent Undo Cycle 26.822ms
[9.303s][info   ][gc,start    ] GC(682) Pause Young (Concurrent Start) (G1 Humongous Allocation)
[9.303s][info   ][gc,task     ] GC(682) Using 4 workers of 4 for evacuation
[9.304s][info   ][gc,phases   ] GC(682)   Pre Evacuate Collection Set: 0.2ms
[9.304s][info   ][gc,phases   ] GC(682)   Merge Heap Roots: 0.1ms
[9.304s][info   ][gc,phases   ] GC(682)   Evacuate Collection Set: 0.2ms
[9.304s][info   ][gc,phases   ] GC(682)   Post Evacuate Collection Set: 0.6ms
[9.304s][info   ][gc,phases   ] GC(682)   Other: 0.2ms
[9.304s][info   ][gc,heap     ] GC(682) Eden regions: 0->0(1228)
[9.304s][info   ][gc,heap     ] GC(682) Survivor regions: 0->0(154)
[9.304s][info   ][gc,heap     ] GC(682) Old regions: 1->1
[9.304s][info   ][gc,heap     ] GC(682) Archive regions: 2->2
[9.304s][info   ][gc,heap     ] GC(682) Humongous regions: 918->428
[9.304s][info   ][gc,metaspace] GC(682) Metaspace: 158K(384K)->158K(384K) NonClass: 150K(256K)->150K(256K) Class: 8K(128K)->8K(128K)
[9.304s][info   ][gc          ] GC(682) Pause Young (Concurrent Start) (G1 Humongous Allocation) 919M->429M(2048M) 1.295ms
[9.304s][info   ][gc,cpu      ] GC(682) User=0.00s Sys=0.00s Real=0.00s
[9.304s][info   ][gc          ] GC(683) Concurrent Undo Cycle
[9.304s][info   ][gc,marking  ] GC(683) Concurrent Cleanup for Next Mark
[9.331s][info   ][gc,marking  ] GC(683) Concurrent Cleanup for Next Mark 26.443ms
[9.331s][info   ][gc          ] GC(683) Concurrent Undo Cycle 26.570ms
[9.339s][info   ][gc,start    ] GC(684) Pause Young (Concurrent Start) (G1 Humongous Allocation)
[9.339s][info   ][gc,task     ] GC(684) Using 4 workers of 4 for evacuation
[9.341s][info   ][gc,phases   ] GC(684)   Pre Evacuate Collection Set: 0.2ms
[9.341s][info   ][gc,phases   ] GC(684)   Merge Heap Roots: 0.1ms
[9.341s][info   ][gc,phases   ] GC(684)   Evacuate Collection Set: 0.2ms
[9.341s][info   ][gc,phases   ] GC(684)   Post Evacuate Collection Set: 0.5ms
[9.341s][info   ][gc,phases   ] GC(684)   Other: 0.2ms
[9.341s][info   ][gc,heap     ] GC(684) Eden regions: 0->0(1228)
[9.341s][info   ][gc,heap     ] GC(684) Survivor regions: 0->0(154)
[9.341s][info   ][gc,heap     ] GC(684) Old regions: 1->1
[9.341s][info   ][gc,heap     ] GC(684) Archive regions: 2->2
[9.341s][info   ][gc,heap     ] GC(684) Humongous regions: 918->430
[9.341s][info   ][gc,metaspace] GC(684) Metaspace: 158K(384K)->158K(384K) NonClass: 150K(256K)->150K(256K) Class: 8K(128K)->8K(128K)
[9.341s][info   ][gc          ] GC(684) Pause Young (Concurrent Start) (G1 Humongous Allocation) 919M->431M(2048M) 1.275ms
[9.341s][info   ][gc,cpu      ] GC(684) User=0.00s Sys=0.00s Real=0.00s
[9.341s][info   ][gc          ] GC(685) Concurrent Undo Cycle
[9.341s][info   ][gc,marking  ] GC(685) Concurrent Cleanup for Next Mark
[9.372s][info   ][gc,marking  ] GC(685) Concurrent Cleanup for Next Mark 31.361ms
[9.372s][info   ][gc          ] GC(685) Concurrent Undo Cycle 31.645ms
[9.377s][info   ][gc,start    ] GC(686) Pause Young (Concurrent Start) (G1 Humongous Allocation)
[9.377s][info   ][gc,task     ] GC(686) Using 4 workers of 4 for evacuation
[9.379s][info   ][gc,phases   ] GC(686)   Pre Evacuate Collection Set: 0.3ms
[9.379s][info   ][gc,phases   ] GC(686)   Merge Heap Roots: 0.1ms
[9.379s][info   ][gc,phases   ] GC(686)   Evacuate Collection Set: 0.3ms
[9.379s][info   ][gc,phases   ] GC(686)   Post Evacuate Collection Set: 0.6ms
[9.379s][info   ][gc,phases   ] GC(686)   Other: 0.2ms
[9.379s][info   ][gc,heap     ] GC(686) Eden regions: 0->0(1228)
[9.379s][info   ][gc,heap     ] GC(686) Survivor regions: 0->0(154)
[9.379s][info   ][gc,heap     ] GC(686) Old regions: 1->1
[9.379s][info   ][gc,heap     ] GC(686) Archive regions: 2->2
[9.379s][info   ][gc,heap     ] GC(686) Humongous regions: 918->418
[9.379s][info   ][gc,metaspace] GC(686) Metaspace: 158K(384K)->158K(384K) NonClass: 150K(256K)->150K(256K) Class: 8K(128K)->8K(128K)
[9.379s][info   ][gc          ] GC(686) Pause Young (Concurrent Start) (G1 Humongous Allocation) 919M->419M(2048M) 1.501ms
[9.379s][info   ][gc,cpu      ] GC(686) User=0.00s Sys=0.00s Real=0.01s
[9.379s][info   ][gc          ] GC(687) Concurrent Undo Cycle
[9.379s][info   ][gc,marking  ] GC(687) Concurrent Cleanup for Next Mark
[9.397s][info   ][gc,marking  ] GC(687) Concurrent Cleanup for Next Mark 17.869ms
[9.397s][info   ][gc          ] GC(687) Concurrent Undo Cycle 18.072ms
[9.415s][info   ][gc,start    ] GC(688) Pause Young (Concurrent Start) (G1 Humongous Allocation)
[9.415s][info   ][gc,task     ] GC(688) Using 4 workers of 4 for evacuation
[9.416s][info   ][gc,phases   ] GC(688)   Pre Evacuate Collection Set: 0.3ms
[9.416s][info   ][gc,phases   ] GC(688)   Merge Heap Roots: 0.1ms
[9.416s][info   ][gc,phases   ] GC(688)   Evacuate Collection Set: 0.2ms
[9.416s][info   ][gc,phases   ] GC(688)   Post Evacuate Collection Set: 0.5ms
[9.416s][info   ][gc,phases   ] GC(688)   Other: 0.2ms
[9.416s][info   ][gc,heap     ] GC(688) Eden regions: 0->0(1228)
[9.417s][info   ][gc,heap     ] GC(688) Survivor regions: 0->0(154)
[9.417s][info   ][gc,heap     ] GC(688) Old regions: 1->1
[9.417s][info   ][gc,heap     ] GC(688) Archive regions: 2->2
[9.417s][info   ][gc,heap     ] GC(688) Humongous regions: 918->496
[9.417s][info   ][gc,metaspace] GC(688) Metaspace: 158K(384K)->158K(384K) NonClass: 150K(256K)->150K(256K) Class: 8K(128K)->8K(128K)
[9.417s][info   ][gc          ] GC(688) Pause Young (Concurrent Start) (G1 Humongous Allocation) 919M->497M(2048M) 1.373ms
[9.417s][info   ][gc,cpu      ] GC(688) User=0.01s Sys=0.00s Real=0.00s
[9.417s][info   ][gc          ] GC(689) Concurrent Undo Cycle
[9.417s][info   ][gc,marking  ] GC(689) Concurrent Cleanup for Next Mark
[9.447s][info   ][gc,marking  ] GC(689) Concurrent Cleanup for Next Mark 29.939ms
[9.447s][info   ][gc          ] GC(689) Concurrent Undo Cycle 30.129ms
[9.449s][info   ][gc,start    ] GC(690) Pause Young (Concurrent Start) (G1 Humongous Allocation)
[9.449s][info   ][gc,task     ] GC(690) Using 4 workers of 4 for evacuation
[9.450s][info   ][gc,phases   ] GC(690)   Pre Evacuate Collection Set: 0.2ms
[9.450s][info   ][gc,phases   ] GC(690)   Merge Heap Roots: 0.1ms
[9.450s][info   ][gc,phases   ] GC(690)   Evacuate Collection Set: 0.4ms
[9.450s][info   ][gc,phases   ] GC(690)   Post Evacuate Collection Set: 0.5ms
[9.450s][info   ][gc,phases   ] GC(690)   Other: 0.2ms
[9.450s][info   ][gc,heap     ] GC(690) Eden regions: 0->0(1208)
[9.450s][info   ][gc,heap     ] GC(690) Survivor regions: 0->0(154)
[9.450s][info   ][gc,heap     ] GC(690) Old regions: 1->1
[9.450s][info   ][gc,heap     ] GC(690) Archive regions: 2->2
[9.450s][info   ][gc,heap     ] GC(690) Humongous regions: 918->532
[9.450s][info   ][gc,metaspace] GC(690) Metaspace: 158K(384K)->158K(384K) NonClass: 150K(256K)->150K(256K) Class: 8K(128K)->8K(128K)
[9.450s][info   ][gc          ] GC(690) Pause Young (Concurrent Start) (G1 Humongous Allocation) 919M->533M(2048M) 1.490ms
[9.450s][info   ][gc,cpu      ] GC(690) User=0.00s Sys=0.00s Real=0.00s
[9.450s][info   ][gc          ] GC(691) Concurrent Undo Cycle
[9.450s][info   ][gc,marking  ] GC(691) Concurrent Cleanup for Next Mark
[9.467s][info   ][gc,marking  ] GC(691) Concurrent Cleanup for Next Mark 16.795ms
[9.467s][info   ][gc          ] GC(691) Concurrent Undo Cycle 16.988ms
[9.478s][info   ][gc,start    ] GC(692) Pause Young (Concurrent Start) (G1 Humongous Allocation)
[9.478s][info   ][gc,task     ] GC(692) Using 4 workers of 4 for evacuation
[9.479s][info   ][gc,phases   ] GC(692)   Pre Evacuate Collection Set: 0.3ms
[9.479s][info   ][gc,phases   ] GC(692)   Merge Heap Roots: 0.1ms
[9.479s][info   ][gc,phases   ] GC(692)   Evacuate Collection Set: 0.5ms
[9.480s][info   ][gc,phases   ] GC(692)   Post Evacuate Collection Set: 0.7ms
[9.480s][info   ][gc,phases   ] GC(692)   Other: 0.3ms
[9.480s][info   ][gc,heap     ] GC(692) Eden regions: 0->0(1228)
[9.480s][info   ][gc,heap     ] GC(692) Survivor regions: 0->0(151)
[9.480s][info   ][gc,heap     ] GC(692) Old regions: 1->1
[9.480s][info   ][gc,heap     ] GC(692) Archive regions: 2->2
[9.480s][info   ][gc,heap     ] GC(692) Humongous regions: 918->494
[9.480s][info   ][gc,metaspace] GC(692) Metaspace: 158K(384K)->158K(384K) NonClass: 150K(256K)->150K(256K) Class: 8K(128K)->8K(128K)
[9.480s][info   ][gc          ] GC(692) Pause Young (Concurrent Start) (G1 Humongous Allocation) 919M->495M(2048M) 2.051ms
[9.480s][info   ][gc,cpu      ] GC(692) User=0.00s Sys=0.00s Real=0.01s
[9.480s][info   ][gc          ] GC(693) Concurrent Undo Cycle
[9.480s][info   ][gc,marking  ] GC(693) Concurrent Cleanup for Next Mark
[9.489s][info   ][gc,marking  ] GC(693) Concurrent Cleanup for Next Mark 9.545ms
[9.489s][info   ][gc          ] GC(693) Concurrent Undo Cycle 9.736ms
[9.490s][info   ][gc,start    ] GC(694) Pause Young (Concurrent Start) (G1 Humongous Allocation)
[9.490s][info   ][gc,task     ] GC(694) Using 4 workers of 4 for evacuation
[9.491s][info   ][gc,phases   ] GC(694)   Pre Evacuate Collection Set: 0.2ms
[9.491s][info   ][gc,phases   ] GC(694)   Merge Heap Roots: 0.1ms
[9.491s][info   ][gc,phases   ] GC(694)   Evacuate Collection Set: 0.3ms
[9.491s][info   ][gc,phases   ] GC(694)   Post Evacuate Collection Set: 0.4ms
[9.491s][info   ][gc,phases   ] GC(694)   Other: 0.2ms
[9.491s][info   ][gc,heap     ] GC(694) Eden regions: 0->0(1228)
[9.491s][info   ][gc,heap     ] GC(694) Survivor regions: 0->0(154)
[9.491s][info   ][gc,heap     ] GC(694) Old regions: 1->1
[9.491s][info   ][gc,heap     ] GC(694) Archive regions: 2->2
[9.491s][info   ][gc,heap     ] GC(694) Humongous regions: 588->476
[9.491s][info   ][gc,metaspace] GC(694) Metaspace: 158K(384K)->158K(384K) NonClass: 150K(256K)->150K(256K) Class: 8K(128K)->8K(128K)
[9.491s][info   ][gc          ] GC(694) Pause Young (Concurrent Start) (G1 Humongous Allocation) 589M->477M(2048M) 1.123ms
[9.491s][info   ][gc,cpu      ] GC(694) User=0.00s Sys=0.01s Real=0.00s
[9.491s][info   ][gc          ] GC(695) Concurrent Undo Cycle
[9.491s][info   ][gc,marking  ] GC(695) Concurrent Cleanup for Next Mark
[9.513s][info   ][gc,marking  ] GC(695) Concurrent Cleanup for Next Mark 21.926ms
[9.513s][info   ][gc          ] GC(695) Concurrent Undo Cycle 22.133ms
[9.524s][info   ][gc,start    ] GC(696) Pause Young (Concurrent Start) (G1 Humongous Allocation)
[9.524s][info   ][gc,task     ] GC(696) Using 4 workers of 4 for evacuation
[9.526s][info   ][gc,phases   ] GC(696)   Pre Evacuate Collection Set: 0.2ms
[9.526s][info   ][gc,phases   ] GC(696)   Merge Heap Roots: 0.1ms
[9.526s][info   ][gc,phases   ] GC(696)   Evacuate Collection Set: 0.3ms
[9.526s][info   ][gc,phases   ] GC(696)   Post Evacuate Collection Set: 0.6ms
[9.526s][info   ][gc,phases   ] GC(696)   Other: 0.2ms
[9.526s][info   ][gc,heap     ] GC(696) Eden regions: 0->0(1228)
[9.526s][info   ][gc,heap     ] GC(696) Survivor regions: 0->0(154)
[9.526s][info   ][gc,heap     ] GC(696) Old regions: 1->1
[9.526s][info   ][gc,heap     ] GC(696) Archive regions: 2->2
[9.526s][info   ][gc,heap     ] GC(696) Humongous regions: 918->452
[9.526s][info   ][gc,metaspace] GC(696) Metaspace: 158K(384K)->158K(384K) NonClass: 150K(256K)->150K(256K) Class: 8K(128K)->8K(128K)
[9.526s][info   ][gc          ] GC(696) Pause Young (Concurrent Start) (G1 Humongous Allocation) 919M->453M(2048M) 1.436ms
[9.526s][info   ][gc,cpu      ] GC(696) User=0.00s Sys=0.00s Real=0.00s
[9.526s][info   ][gc          ] GC(697) Concurrent Undo Cycle
[9.526s][info   ][gc,marking  ] GC(697) Concurrent Cleanup for Next Mark
[9.545s][info   ][gc,marking  ] GC(697) Concurrent Cleanup for Next Mark 18.901ms
[9.545s][info   ][gc          ] GC(697) Concurrent Undo Cycle 19.091ms
[9.560s][info   ][gc,start    ] GC(698) Pause Young (Concurrent Start) (G1 Humongous Allocation)
[9.560s][info   ][gc,task     ] GC(698) Using 4 workers of 4 for evacuation
[9.561s][info   ][gc,phases   ] GC(698)   Pre Evacuate Collection Set: 0.2ms
[9.561s][info   ][gc,phases   ] GC(698)   Merge Heap Roots: 0.1ms
[9.561s][info   ][gc,phases   ] GC(698)   Evacuate Collection Set: 0.2ms
[9.561s][info   ][gc,phases   ] GC(698)   Post Evacuate Collection Set: 0.6ms
[9.561s][info   ][gc,phases   ] GC(698)   Other: 0.2ms
[9.561s][info   ][gc,heap     ] GC(698) Eden regions: 0->0(1228)
[9.561s][info   ][gc,heap     ] GC(698) Survivor regions: 0->0(154)
[9.561s][info   ][gc,heap     ] GC(698) Old regions: 1->1
[9.561s][info   ][gc,heap     ] GC(698) Archive regions: 2->2
[9.561s][info   ][gc,heap     ] GC(698) Humongous regions: 918->406
[9.561s][info   ][gc,metaspace] GC(698) Metaspace: 158K(384K)->158K(384K) NonClass: 150K(256K)->150K(256K) Class: 8K(128K)->8K(128K)
[9.561s][info   ][gc          ] GC(698) Pause Young (Concurrent Start) (G1 Humongous Allocation) 919M->407M(2048M) 1.331ms
[9.561s][info   ][gc,cpu      ] GC(698) User=0.00s Sys=0.00s Real=0.00s
[9.561s][info   ][gc          ] GC(699) Concurrent Undo Cycle
[9.561s][info   ][gc,marking  ] GC(699) Concurrent Cleanup for Next Mark
[9.593s][info   ][gc,marking  ] GC(699) Concurrent Cleanup for Next Mark 31.592ms
[9.593s][info   ][gc          ] GC(699) Concurrent Undo Cycle 31.815ms
[9.598s][info   ][gc,start    ] GC(700) Pause Young (Concurrent Start) (G1 Humongous Allocation)
[9.598s][info   ][gc,task     ] GC(700) Using 4 workers of 4 for evacuation
[9.599s][info   ][gc,phases   ] GC(700)   Pre Evacuate Collection Set: 0.2ms
[9.599s][info   ][gc,phases   ] GC(700)   Merge Heap Roots: 0.1ms
[9.599s][info   ][gc,phases   ] GC(700)   Evacuate Collection Set: 0.4ms
[9.599s][info   ][gc,phases   ] GC(700)   Post Evacuate Collection Set: 0.5ms
[9.599s][info   ][gc,phases   ] GC(700)   Other: 0.2ms
[9.599s][info   ][gc,heap     ] GC(700) Eden regions: 0->0(1228)
[9.599s][info   ][gc,heap     ] GC(700) Survivor regions: 0->0(154)
[9.599s][info   ][gc,heap     ] GC(700) Old regions: 1->1
[9.599s][info   ][gc,heap     ] GC(700) Archive regions: 2->2
[9.599s][info   ][gc,heap     ] GC(700) Humongous regions: 918->406
[9.599s][info   ][gc,metaspace] GC(700) Metaspace: 158K(384K)->158K(384K) NonClass: 150K(256K)->150K(256K) Class: 8K(128K)->8K(128K)
[9.599s][info   ][gc          ] GC(700) Pause Young (Concurrent Start) (G1 Humongous Allocation) 919M->407M(2048M) 1.534ms
[9.599s][info   ][gc,cpu      ] GC(700) User=0.00s Sys=0.00s Real=0.01s
[9.599s][info   ][gc          ] GC(701) Concurrent Undo Cycle
[9.599s][info   ][gc,marking  ] GC(701) Concurrent Cleanup for Next Mark
[9.611s][info   ][gc,marking  ] GC(701) Concurrent Cleanup for Next Mark 11.392ms
[9.611s][info   ][gc          ] GC(701) Concurrent Undo Cycle 11.551ms
[9.614s][info   ][gc,start    ] GC(702) Pause Young (Concurrent Start) (G1 Humongous Allocation)
[9.614s][info   ][gc,task     ] GC(702) Using 4 workers of 4 for evacuation
[9.616s][info   ][gc,phases   ] GC(702)   Pre Evacuate Collection Set: 0.2ms
[9.616s][info   ][gc,phases   ] GC(702)   Merge Heap Roots: 0.1ms
[9.616s][info   ][gc,phases   ] GC(702)   Evacuate Collection Set: 0.6ms
[9.616s][info   ][gc,phases   ] GC(702)   Post Evacuate Collection Set: 0.5ms
[9.616s][info   ][gc,phases   ] GC(702)   Other: 0.2ms
[9.616s][info   ][gc,heap     ] GC(702) Eden regions: 0->0(1228)
[9.616s][info   ][gc,heap     ] GC(702) Survivor regions: 0->0(154)
[9.616s][info   ][gc,heap     ] GC(702) Old regions: 1->1
[9.616s][info   ][gc,heap     ] GC(702) Archive regions: 2->2
[9.616s][info   ][gc,heap     ] GC(702) Humongous regions: 552->362
[9.616s][info   ][gc,metaspace] GC(702) Metaspace: 158K(384K)->158K(384K) NonClass: 150K(256K)->150K(256K) Class: 8K(128K)->8K(128K)
[9.616s][info   ][gc          ] GC(702) Pause Young (Concurrent Start) (G1 Humongous Allocation) 553M->363M(2048M) 1.672ms
[9.616s][info   ][gc,cpu      ] GC(702) User=0.00s Sys=0.00s Real=0.00s
[9.616s][info   ][gc          ] GC(703) Concurrent Undo Cycle
[9.616s][info   ][gc,marking  ] GC(703) Concurrent Cleanup for Next Mark
[9.625s][info   ][gc,marking  ] GC(703) Concurrent Cleanup for Next Mark 9.653ms
[9.625s][info   ][gc          ] GC(703) Concurrent Undo Cycle 9.829ms
[9.654s][info   ][gc,start    ] GC(704) Pause Young (Concurrent Start) (G1 Humongous Allocation)
[9.654s][info   ][gc,task     ] GC(704) Using 4 workers of 4 for evacuation
[9.655s][info   ][gc,phases   ] GC(704)   Pre Evacuate Collection Set: 0.2ms
[9.655s][info   ][gc,phases   ] GC(704)   Merge Heap Roots: 0.1ms
[9.655s][info   ][gc,phases   ] GC(704)   Evacuate Collection Set: 0.3ms
[9.655s][info   ][gc,phases   ] GC(704)   Post Evacuate Collection Set: 0.6ms
[9.655s][info   ][gc,phases   ] GC(704)   Other: 0.2ms
[9.655s][info   ][gc,heap     ] GC(704) Eden regions: 0->0(1228)
[9.655s][info   ][gc,heap     ] GC(704) Survivor regions: 0->0(154)
[9.655s][info   ][gc,heap     ] GC(704) Old regions: 1->1
[9.655s][info   ][gc,heap     ] GC(704) Archive regions: 2->2
[9.656s][info   ][gc,heap     ] GC(704) Humongous regions: 918->356
[9.656s][info   ][gc,metaspace] GC(704) Metaspace: 158K(384K)->158K(384K) NonClass: 150K(256K)->150K(256K) Class: 8K(128K)->8K(128K)
[9.656s][info   ][gc          ] GC(704) Pause Young (Concurrent Start) (G1 Humongous Allocation) 919M->357M(2048M) 1.499ms
[9.656s][info   ][gc,cpu      ] GC(704) User=0.00s Sys=0.00s Real=0.00s
[9.656s][info   ][gc          ] GC(705) Concurrent Undo Cycle
[9.656s][info   ][gc,marking  ] GC(705) Concurrent Cleanup for Next Mark
[9.666s][info   ][gc,marking  ] GC(705) Concurrent Cleanup for Next Mark 10.060ms
[9.666s][info   ][gc          ] GC(705) Concurrent Undo Cycle 10.290ms
[9.697s][info   ][gc,start    ] GC(706) Pause Young (Concurrent Start) (G1 Humongous Allocation)
[9.697s][info   ][gc,task     ] GC(706) Using 4 workers of 4 for evacuation
[9.698s][info   ][gc,phases   ] GC(706)   Pre Evacuate Collection Set: 0.2ms
[9.698s][info   ][gc,phases   ] GC(706)   Merge Heap Roots: 0.1ms
[9.698s][info   ][gc,phases   ] GC(706)   Evacuate Collection Set: 0.2ms
[9.698s][info   ][gc,phases   ] GC(706)   Post Evacuate Collection Set: 0.6ms
[9.698s][info   ][gc,phases   ] GC(706)   Other: 0.2ms
[9.698s][info   ][gc,heap     ] GC(706) Eden regions: 0->0(1228)
[9.698s][info   ][gc,heap     ] GC(706) Survivor regions: 0->0(154)
[9.698s][info   ][gc,heap     ] GC(706) Old regions: 1->1
[9.698s][info   ][gc,heap     ] GC(706) Archive regions: 2->2
[9.698s][info   ][gc,heap     ] GC(706) Humongous regions: 918->336
[9.698s][info   ][gc,metaspace] GC(706) Metaspace: 158K(384K)->158K(384K) NonClass: 150K(256K)->150K(256K) Class: 8K(128K)->8K(128K)
[9.698s][info   ][gc          ] GC(706) Pause Young (Concurrent Start) (G1 Humongous Allocation) 919M->337M(2048M) 1.412ms
[9.698s][info   ][gc,cpu      ] GC(706) User=0.00s Sys=0.00s Real=0.01s
[9.698s][info   ][gc          ] GC(707) Concurrent Undo Cycle
[9.698s][info   ][gc,marking  ] GC(707) Concurrent Cleanup for Next Mark
[9.711s][info   ][gc,marking  ] GC(707) Concurrent Cleanup for Next Mark 12.419ms
[9.711s][info   ][gc          ] GC(707) Concurrent Undo Cycle 12.593ms
[9.739s][info   ][gc,start    ] GC(708) Pause Young (Concurrent Start) (G1 Humongous Allocation)
[9.739s][info   ][gc,task     ] GC(708) Using 4 workers of 4 for evacuation
[9.740s][info   ][gc,phases   ] GC(708)   Pre Evacuate Collection Set: 0.2ms
[9.740s][info   ][gc,phases   ] GC(708)   Merge Heap Roots: 0.1ms
[9.740s][info   ][gc,phases   ] GC(708)   Evacuate Collection Set: 0.3ms
[9.740s][info   ][gc,phases   ] GC(708)   Post Evacuate Collection Set: 0.7ms
[9.740s][info   ][gc,phases   ] GC(708)   Other: 0.3ms
[9.740s][info   ][gc,heap     ] GC(708) Eden regions: 0->0(1228)
[9.740s][info   ][gc,heap     ] GC(708) Survivor regions: 0->0(154)
[9.740s][info   ][gc,heap     ] GC(708) Old regions: 1->1
[9.740s][info   ][gc,heap     ] GC(708) Archive regions: 2->2
[9.740s][info   ][gc,heap     ] GC(708) Humongous regions: 918->378
[9.740s][info   ][gc,metaspace] GC(708) Metaspace: 158K(384K)->158K(384K) NonClass: 150K(256K)->150K(256K) Class: 8K(128K)->8K(128K)
[9.740s][info   ][gc          ] GC(708) Pause Young (Concurrent Start) (G1 Humongous Allocation) 919M->379M(2048M) 1.738ms
[9.741s][info   ][gc,cpu      ] GC(708) User=0.00s Sys=0.01s Real=0.00s
[9.741s][info   ][gc          ] GC(709) Concurrent Undo Cycle
[9.741s][info   ][gc,marking  ] GC(709) Concurrent Cleanup for Next Mark
[9.764s][info   ][gc,marking  ] GC(709) Concurrent Cleanup for Next Mark 22.947ms
[9.764s][info   ][gc          ] GC(709) Concurrent Undo Cycle 23.198ms
[9.780s][info   ][gc,start    ] GC(710) Pause Young (Concurrent Start) (G1 Humongous Allocation)
[9.780s][info   ][gc,task     ] GC(710) Using 4 workers of 4 for evacuation
[9.781s][info   ][gc,phases   ] GC(710)   Pre Evacuate Collection Set: 0.2ms
[9.781s][info   ][gc,phases   ] GC(710)   Merge Heap Roots: 0.1ms
[9.781s][info   ][gc,phases   ] GC(710)   Evacuate Collection Set: 0.4ms
[9.781s][info   ][gc,phases   ] GC(710)   Post Evacuate Collection Set: 0.6ms
[9.781s][info   ][gc,phases   ] GC(710)   Other: 0.2ms
[9.781s][info   ][gc,heap     ] GC(710) Eden regions: 0->0(1228)
[9.781s][info   ][gc,heap     ] GC(710) Survivor regions: 0->0(154)
[9.781s][info   ][gc,heap     ] GC(710) Old regions: 1->1
[9.781s][info   ][gc,heap     ] GC(710) Archive regions: 2->2
[9.781s][info   ][gc,heap     ] GC(710) Humongous regions: 918->374
[9.781s][info   ][gc,metaspace] GC(710) Metaspace: 158K(384K)->158K(384K) NonClass: 150K(256K)->150K(256K) Class: 8K(128K)->8K(128K)
[9.781s][info   ][gc          ] GC(710) Pause Young (Concurrent Start) (G1 Humongous Allocation) 919M->375M(2048M) 1.619ms
[9.781s][info   ][gc,cpu      ] GC(710) User=0.00s Sys=0.00s Real=0.00s
[9.781s][info   ][gc          ] GC(711) Concurrent Undo Cycle
[9.781s][info   ][gc,marking  ] GC(711) Concurrent Cleanup for Next Mark
[9.830s][info   ][gc,marking  ] GC(711) Concurrent Cleanup for Next Mark 48.697ms
[9.831s][info   ][gc          ] GC(711) Concurrent Undo Cycle 49.472ms
[9.831s][info   ][gc,start    ] GC(712) Pause Young (Concurrent Start) (G1 Humongous Allocation)
[9.832s][info   ][gc,task     ] GC(712) Using 4 workers of 4 for evacuation
[9.833s][info   ][gc,phases   ] GC(712)   Pre Evacuate Collection Set: 0.3ms
[9.833s][info   ][gc,phases   ] GC(712)   Merge Heap Roots: 0.1ms
[9.833s][info   ][gc,phases   ] GC(712)   Evacuate Collection Set: 0.4ms
[9.833s][info   ][gc,phases   ] GC(712)   Post Evacuate Collection Set: 0.6ms
[9.833s][info   ][gc,phases   ] GC(712)   Other: 0.2ms
[9.833s][info   ][gc,heap     ] GC(712) Eden regions: 0->0(1228)
[9.833s][info   ][gc,heap     ] GC(712) Survivor regions: 0->0(154)
[9.833s][info   ][gc,heap     ] GC(712) Old regions: 1->1
[9.833s][info   ][gc,heap     ] GC(712) Archive regions: 2->2
[9.833s][info   ][gc,heap     ] GC(712) Humongous regions: 1054->396
[9.833s][info   ][gc,metaspace] GC(712) Metaspace: 158K(384K)->158K(384K) NonClass: 150K(256K)->150K(256K) Class: 8K(128K)->8K(128K)
[9.833s][info   ][gc          ] GC(712) Pause Young (Concurrent Start) (G1 Humongous Allocation) 1055M->397M(2048M) 1.678ms
[9.833s][info   ][gc,cpu      ] GC(712) User=0.00s Sys=0.00s Real=0.00s
[9.833s][info   ][gc          ] GC(713) Concurrent Undo Cycle
[9.833s][info   ][gc,marking  ] GC(713) Concurrent Cleanup for Next Mark
[9.863s][info   ][gc,marking  ] GC(713) Concurrent Cleanup for Next Mark 29.825ms
[9.863s][info   ][gc          ] GC(713) Concurrent Undo Cycle 30.037ms
[9.871s][info   ][gc,start    ] GC(714) Pause Young (Concurrent Start) (G1 Humongous Allocation)
[9.871s][info   ][gc,task     ] GC(714) Using 4 workers of 4 for evacuation
[9.873s][info   ][gc,phases   ] GC(714)   Pre Evacuate Collection Set: 0.2ms
[9.873s][info   ][gc,phases   ] GC(714)   Merge Heap Roots: 0.1ms
[9.873s][info   ][gc,phases   ] GC(714)   Evacuate Collection Set: 0.2ms
[9.873s][info   ][gc,phases   ] GC(714)   Post Evacuate Collection Set: 0.6ms
[9.873s][info   ][gc,phases   ] GC(714)   Other: 0.2ms
[9.873s][info   ][gc,heap     ] GC(714) Eden regions: 0->0(1228)
[9.873s][info   ][gc,heap     ] GC(714) Survivor regions: 0->0(154)
[9.873s][info   ][gc,heap     ] GC(714) Old regions: 1->1
[9.873s][info   ][gc,heap     ] GC(714) Archive regions: 2->2
[9.873s][info   ][gc,heap     ] GC(714) Humongous regions: 918->352
[9.873s][info   ][gc,metaspace] GC(714) Metaspace: 158K(384K)->158K(384K) NonClass: 150K(256K)->150K(256K) Class: 8K(128K)->8K(128K)
[9.873s][info   ][gc          ] GC(714) Pause Young (Concurrent Start) (G1 Humongous Allocation) 919M->353M(2048M) 1.351ms
[9.873s][info   ][gc,cpu      ] GC(714) User=0.00s Sys=0.00s Real=0.00s
[9.873s][info   ][gc          ] GC(715) Concurrent Undo Cycle
[9.873s][info   ][gc,marking  ] GC(715) Concurrent Cleanup for Next Mark
[9.896s][info   ][gc,marking  ] GC(715) Concurrent Cleanup for Next Mark 23.009ms
[9.896s][info   ][gc          ] GC(715) Concurrent Undo Cycle 23.268ms
[9.915s][info   ][gc,start    ] GC(716) Pause Young (Concurrent Start) (G1 Humongous Allocation)
[9.915s][info   ][gc,task     ] GC(716) Using 4 workers of 4 for evacuation
[9.917s][info   ][gc,phases   ] GC(716)   Pre Evacuate Collection Set: 0.2ms
[9.917s][info   ][gc,phases   ] GC(716)   Merge Heap Roots: 0.1ms
[9.917s][info   ][gc,phases   ] GC(716)   Evacuate Collection Set: 0.2ms
[9.917s][info   ][gc,phases   ] GC(716)   Post Evacuate Collection Set: 0.6ms
[9.917s][info   ][gc,phases   ] GC(716)   Other: 0.2ms
[9.917s][info   ][gc,heap     ] GC(716) Eden regions: 0->0(1228)
[9.917s][info   ][gc,heap     ] GC(716) Survivor regions: 0->0(154)
[9.917s][info   ][gc,heap     ] GC(716) Old regions: 1->1
[9.917s][info   ][gc,heap     ] GC(716) Archive regions: 2->2
[9.917s][info   ][gc,heap     ] GC(716) Humongous regions: 918->390
[9.917s][info   ][gc,metaspace] GC(716) Metaspace: 158K(384K)->158K(384K) NonClass: 150K(256K)->150K(256K) Class: 8K(128K)->8K(128K)
[9.917s][info   ][gc          ] GC(716) Pause Young (Concurrent Start) (G1 Humongous Allocation) 919M->391M(2048M) 1.356ms
[9.917s][info   ][gc,cpu      ] GC(716) User=0.00s Sys=0.00s Real=0.00s
[9.917s][info   ][gc          ] GC(717) Concurrent Undo Cycle
[9.917s][info   ][gc,marking  ] GC(717) Concurrent Cleanup for Next Mark
[9.928s][info   ][gc,marking  ] GC(717) Concurrent Cleanup for Next Mark 10.722ms
[9.928s][info   ][gc          ] GC(717) Concurrent Undo Cycle 10.861ms
[9.928s][info   ][gc,start    ] GC(718) Pause Young (Concurrent Start) (G1 Humongous Allocation)
[9.928s][info   ][gc,task     ] GC(718) Using 4 workers of 4 for evacuation
[9.930s][info   ][gc,phases   ] GC(718)   Pre Evacuate Collection Set: 0.3ms
[9.930s][info   ][gc,phases   ] GC(718)   Merge Heap Roots: 0.1ms
[9.930s][info   ][gc,phases   ] GC(718)   Evacuate Collection Set: 0.4ms
[9.930s][info   ][gc,phases   ] GC(718)   Post Evacuate Collection Set: 0.4ms
[9.930s][info   ][gc,phases   ] GC(718)   Other: 0.2ms
[9.930s][info   ][gc,heap     ] GC(718) Eden regions: 0->0(1228)
[9.930s][info   ][gc,heap     ] GC(718) Survivor regions: 0->0(154)
[9.930s][info   ][gc,heap     ] GC(718) Old regions: 1->1
[9.930s][info   ][gc,heap     ] GC(718) Archive regions: 2->2
[9.930s][info   ][gc,heap     ] GC(718) Humongous regions: 476->370
[9.930s][info   ][gc,metaspace] GC(718) Metaspace: 158K(384K)->158K(384K) NonClass: 150K(256K)->150K(256K) Class: 8K(128K)->8K(128K)
[9.930s][info   ][gc          ] GC(718) Pause Young (Concurrent Start) (G1 Humongous Allocation) 477M->371M(2048M) 1.418ms
[9.930s][info   ][gc,cpu      ] GC(718) User=0.00s Sys=0.00s Real=0.00s
[9.930s][info   ][gc          ] GC(719) Concurrent Undo Cycle
[9.930s][info   ][gc,marking  ] GC(719) Concurrent Cleanup for Next Mark
[9.955s][info   ][gc,marking  ] GC(719) Concurrent Cleanup for Next Mark 25.353ms
[9.955s][info   ][gc          ] GC(719) Concurrent Undo Cycle 25.567ms
[9.970s][info   ][gc,start    ] GC(720) Pause Young (Concurrent Start) (G1 Humongous Allocation)
[9.970s][info   ][gc,task     ] GC(720) Using 4 workers of 4 for evacuation
[9.971s][info   ][gc,phases   ] GC(720)   Pre Evacuate Collection Set: 0.3ms
[9.971s][info   ][gc,phases   ] GC(720)   Merge Heap Roots: 0.1ms
[9.971s][info   ][gc,phases   ] GC(720)   Evacuate Collection Set: 0.3ms
[9.971s][info   ][gc,phases   ] GC(720)   Post Evacuate Collection Set: 0.7ms
[9.971s][info   ][gc,phases   ] GC(720)   Other: 0.3ms
[9.971s][info   ][gc,heap     ] GC(720) Eden regions: 0->0(1228)
[9.971s][info   ][gc,heap     ] GC(720) Survivor regions: 0->0(154)
[9.971s][info   ][gc,heap     ] GC(720) Old regions: 1->1
[9.972s][info   ][gc,heap     ] GC(720) Archive regions: 2->2
[9.972s][info   ][gc,heap     ] GC(720) Humongous regions: 918->390
[9.972s][info   ][gc,metaspace] GC(720) Metaspace: 158K(384K)->158K(384K) NonClass: 150K(256K)->150K(256K) Class: 8K(128K)->8K(128K)
[9.972s][info   ][gc          ] GC(720) Pause Young (Concurrent Start) (G1 Humongous Allocation) 919M->391M(2048M) 1.870ms
[9.972s][info   ][gc,cpu      ] GC(720) User=0.00s Sys=0.00s Real=0.00s
[9.972s][info   ][gc          ] GC(721) Concurrent Undo Cycle
[9.972s][info   ][gc,marking  ] GC(721) Concurrent Cleanup for Next Mark
[9.976s][info   ][gc,marking  ] GC(721) Concurrent Cleanup for Next Mark 4.035ms
[9.976s][info   ][gc          ] GC(721) Concurrent Undo Cycle 4.179ms
[9.977s][info   ][gc,start    ] GC(722) Pause Young (Concurrent Start) (G1 Humongous Allocation)
[9.977s][info   ][gc,task     ] GC(722) Using 4 workers of 4 for evacuation
[9.978s][info   ][gc,phases   ] GC(722)   Pre Evacuate Collection Set: 0.2ms
[9.978s][info   ][gc,phases   ] GC(722)   Merge Heap Roots: 0.1ms
[9.978s][info   ][gc,phases   ] GC(722)   Evacuate Collection Set: 0.4ms
[9.978s][info   ][gc,phases   ] GC(722)   Post Evacuate Collection Set: 0.2ms
[9.978s][info   ][gc,phases   ] GC(722)   Other: 0.1ms
[9.978s][info   ][gc,heap     ] GC(722) Eden regions: 0->0(1228)
[9.978s][info   ][gc,heap     ] GC(722) Survivor regions: 0->0(154)
[9.978s][info   ][gc,heap     ] GC(722) Old regions: 1->1
[9.978s][info   ][gc,heap     ] GC(722) Archive regions: 2->2
[9.978s][info   ][gc,heap     ] GC(722) Humongous regions: 394->394
[9.978s][info   ][gc,metaspace] GC(722) Metaspace: 158K(384K)->158K(384K) NonClass: 150K(256K)->150K(256K) Class: 8K(128K)->8K(128K)
[9.978s][info   ][gc          ] GC(722) Pause Young (Concurrent Start) (G1 Humongous Allocation) 395M->395M(2048M) 1.107ms
[9.978s][info   ][gc,cpu      ] GC(722) User=0.00s Sys=0.00s Real=0.00s
[9.978s][info   ][gc          ] GC(723) Concurrent Undo Cycle
[9.978s][info   ][gc,marking  ] GC(723) Concurrent Cleanup for Next Mark
[10.009s][info   ][gc,marking  ] GC(723) Concurrent Cleanup for Next Mark 31.296ms
[10.009s][info   ][gc          ] GC(723) Concurrent Undo Cycle 31.503ms
[10.017s][info   ][gc,start    ] GC(724) Pause Young (Concurrent Start) (G1 Humongous Allocation)
[10.017s][info   ][gc,task     ] GC(724) Using 4 workers of 4 for evacuation
[10.019s][info   ][gc,phases   ] GC(724)   Pre Evacuate Collection Set: 0.1ms
[10.019s][info   ][gc,phases   ] GC(724)   Merge Heap Roots: 0.1ms
[10.019s][info   ][gc,phases   ] GC(724)   Evacuate Collection Set: 0.5ms
[10.019s][info   ][gc,phases   ] GC(724)   Post Evacuate Collection Set: 0.5ms
[10.019s][info   ][gc,phases   ] GC(724)   Other: 0.2ms
[10.019s][info   ][gc,heap     ] GC(724) Eden regions: 0->0(1228)
[10.019s][info   ][gc,heap     ] GC(724) Survivor regions: 0->0(154)
[10.019s][info   ][gc,heap     ] GC(724) Old regions: 1->1
[10.019s][info   ][gc,heap     ] GC(724) Archive regions: 2->2
[10.019s][info   ][gc,heap     ] GC(724) Humongous regions: 918->408
[10.019s][info   ][gc,metaspace] GC(724) Metaspace: 158K(384K)->158K(384K) NonClass: 150K(256K)->150K(256K) Class: 8K(128K)->8K(128K)
[10.019s][info   ][gc          ] GC(724) Pause Young (Concurrent Start) (G1 Humongous Allocation) 919M->409M(2048M) 1.513ms
[10.019s][info   ][gc,cpu      ] GC(724) User=0.00s Sys=0.00s Real=0.01s
[10.019s][info   ][gc          ] GC(725) Concurrent Undo Cycle
[10.019s][info   ][gc,marking  ] GC(725) Concurrent Cleanup for Next Mark
[10.032s][info   ][gc,marking  ] GC(725) Concurrent Cleanup for Next Mark 13.594ms
[10.032s][info   ][gc          ] GC(725) Concurrent Undo Cycle 13.778ms
[10.056s][info   ][gc,start    ] GC(726) Pause Young (Concurrent Start) (G1 Humongous Allocation)
[10.056s][info   ][gc,task     ] GC(726) Using 4 workers of 4 for evacuation
[10.058s][info   ][gc,phases   ] GC(726)   Pre Evacuate Collection Set: 0.2ms
[10.058s][info   ][gc,phases   ] GC(726)   Merge Heap Roots: 0.1ms
[10.058s][info   ][gc,phases   ] GC(726)   Evacuate Collection Set: 0.4ms
[10.058s][info   ][gc,phases   ] GC(726)   Post Evacuate Collection Set: 0.8ms
[10.058s][info   ][gc,phases   ] GC(726)   Other: 0.2ms
[10.058s][info   ][gc,heap     ] GC(726) Eden regions: 0->0(1228)
[10.058s][info   ][gc,heap     ] GC(726) Survivor regions: 0->0(154)
[10.058s][info   ][gc,heap     ] GC(726) Old regions: 1->1
[10.058s][info   ][gc,heap     ] GC(726) Archive regions: 2->2
[10.058s][info   ][gc,heap     ] GC(726) Humongous regions: 918->416
[10.058s][info   ][gc,metaspace] GC(726) Metaspace: 158K(384K)->158K(384K) NonClass: 150K(256K)->150K(256K) Class: 8K(128K)->8K(128K)
[10.058s][info   ][gc          ] GC(726) Pause Young (Concurrent Start) (G1 Humongous Allocation) 919M->417M(2048M) 1.724ms
[10.058s][info   ][gc,cpu      ] GC(726) User=0.00s Sys=0.01s Real=0.00s
[10.058s][info   ][gc          ] GC(727) Concurrent Undo Cycle
[10.058s][info   ][gc,marking  ] GC(727) Concurrent Cleanup for Next Mark
[10.083s][info   ][gc,marking  ] GC(727) Concurrent Cleanup for Next Mark 24.901ms
[10.083s][info   ][gc          ] GC(727) Concurrent Undo Cycle 25.104ms
[10.094s][info   ][gc,start    ] GC(728) Pause Young (Concurrent Start) (G1 Humongous Allocation)
[10.094s][info   ][gc,task     ] GC(728) Using 4 workers of 4 for evacuation
[10.095s][info   ][gc,phases   ] GC(728)   Pre Evacuate Collection Set: 0.2ms
[10.095s][info   ][gc,phases   ] GC(728)   Merge Heap Roots: 0.1ms
[10.095s][info   ][gc,phases   ] GC(728)   Evacuate Collection Set: 0.2ms
[10.095s][info   ][gc,phases   ] GC(728)   Post Evacuate Collection Set: 0.6ms
[10.095s][info   ][gc,phases   ] GC(728)   Other: 0.2ms
[10.095s][info   ][gc,heap     ] GC(728) Eden regions: 0->0(1228)
[10.095s][info   ][gc,heap     ] GC(728) Survivor regions: 0->0(154)
[10.095s][info   ][gc,heap     ] GC(728) Old regions: 1->1
[10.095s][info   ][gc,heap     ] GC(728) Archive regions: 2->2
[10.095s][info   ][gc,heap     ] GC(728) Humongous regions: 918->466
[10.095s][info   ][gc,metaspace] GC(728) Metaspace: 158K(384K)->158K(384K) NonClass: 150K(256K)->150K(256K) Class: 8K(128K)->8K(128K)
[10.095s][info   ][gc          ] GC(728) Pause Young (Concurrent Start) (G1 Humongous Allocation) 919M->467M(2048M) 1.409ms
[10.095s][info   ][gc,cpu      ] GC(728) User=0.00s Sys=0.00s Real=0.00s
[10.095s][info   ][gc          ] GC(729) Concurrent Undo Cycle
[10.095s][info   ][gc,marking  ] GC(729) Concurrent Cleanup for Next Mark
[10.130s][info   ][gc,marking  ] GC(729) Concurrent Cleanup for Next Mark 35.271ms
[10.131s][info   ][gc          ] GC(729) Concurrent Undo Cycle 35.483ms
[10.131s][info   ][gc,start    ] GC(730) Pause Young (Concurrent Start) (G1 Humongous Allocation)
[10.131s][info   ][gc,task     ] GC(730) Using 4 workers of 4 for evacuation
[10.132s][info   ][gc,phases   ] GC(730)   Pre Evacuate Collection Set: 0.1ms
[10.133s][info   ][gc,phases   ] GC(730)   Merge Heap Roots: 0.1ms
[10.133s][info   ][gc,phases   ] GC(730)   Evacuate Collection Set: 0.2ms
[10.133s][info   ][gc,phases   ] GC(730)   Post Evacuate Collection Set: 0.5ms
[10.133s][info   ][gc,phases   ] GC(730)   Other: 0.2ms
[10.133s][info   ][gc,heap     ] GC(730) Eden regions: 0->0(1228)
[10.133s][info   ][gc,heap     ] GC(730) Survivor regions: 0->0(154)
[10.133s][info   ][gc,heap     ] GC(730) Old regions: 1->1
[10.133s][info   ][gc,heap     ] GC(730) Archive regions: 2->2
[10.133s][info   ][gc,heap     ] GC(730) Humongous regions: 968->456
[10.133s][info   ][gc,metaspace] GC(730) Metaspace: 158K(384K)->158K(384K) NonClass: 150K(256K)->150K(256K) Class: 8K(128K)->8K(128K)
[10.133s][info   ][gc          ] GC(730) Pause Young (Concurrent Start) (G1 Humongous Allocation) 969M->457M(2048M) 1.203ms
[10.133s][info   ][gc,cpu      ] GC(730) User=0.00s Sys=0.00s Real=0.00s
[10.133s][info   ][gc          ] GC(731) Concurrent Undo Cycle
[10.133s][info   ][gc,marking  ] GC(731) Concurrent Cleanup for Next Mark
[10.176s][info   ][gc,marking  ] GC(731) Concurrent Cleanup for Next Mark 42.907ms
[10.176s][info   ][gc          ] GC(731) Concurrent Undo Cycle 43.143ms
[10.176s][info   ][gc,start    ] GC(732) Pause Young (Concurrent Start) (G1 Humongous Allocation)
[10.176s][info   ][gc,task     ] GC(732) Using 4 workers of 4 for evacuation
[10.178s][info   ][gc,phases   ] GC(732)   Pre Evacuate Collection Set: 0.2ms
[10.178s][info   ][gc,phases   ] GC(732)   Merge Heap Roots: 0.1ms
[10.178s][info   ][gc,phases   ] GC(732)   Evacuate Collection Set: 0.3ms
[10.178s][info   ][gc,phases   ] GC(732)   Post Evacuate Collection Set: 0.7ms
[10.178s][info   ][gc,phases   ] GC(732)   Other: 0.2ms
[10.178s][info   ][gc,heap     ] GC(732) Eden regions: 0->0(1228)
[10.178s][info   ][gc,heap     ] GC(732) Survivor regions: 0->0(154)
[10.178s][info   ][gc,heap     ] GC(732) Old regions: 1->1
[10.178s][info   ][gc,heap     ] GC(732) Archive regions: 2->2
[10.178s][info   ][gc,heap     ] GC(732) Humongous regions: 1082->498
[10.178s][info   ][gc,metaspace] GC(732) Metaspace: 158K(384K)->158K(384K) NonClass: 150K(256K)->150K(256K) Class: 8K(128K)->8K(128K)
[10.178s][info   ][gc          ] GC(732) Pause Young (Concurrent Start) (G1 Humongous Allocation) 1083M->499M(2048M) 1.379ms
[10.178s][info   ][gc,cpu      ] GC(732) User=0.00s Sys=0.00s Real=0.00s
[10.178s][info   ][gc          ] GC(733) Concurrent Undo Cycle
[10.178s][info   ][gc,marking  ] GC(733) Concurrent Cleanup for Next Mark
[10.207s][info   ][gc,marking  ] GC(733) Concurrent Cleanup for Next Mark 29.463ms
[10.212s][info   ][gc          ] GC(733) Concurrent Undo Cycle 33.893ms
[10.212s][info   ][gc,start    ] GC(734) Pause Young (Concurrent Start) (G1 Humongous Allocation)
[10.212s][info   ][gc,task     ] GC(734) Using 4 workers of 4 for evacuation
[10.214s][info   ][gc,phases   ] GC(734)   Pre Evacuate Collection Set: 0.2ms
[10.214s][info   ][gc,phases   ] GC(734)   Merge Heap Roots: 0.1ms
[10.214s][info   ][gc,phases   ] GC(734)   Evacuate Collection Set: 0.6ms
[10.214s][info   ][gc,phases   ] GC(734)   Post Evacuate Collection Set: 0.7ms
[10.214s][info   ][gc,phases   ] GC(734)   Other: 0.2ms
[10.214s][info   ][gc,heap     ] GC(734) Eden regions: 0->0(1228)
[10.214s][info   ][gc,heap     ] GC(734) Survivor regions: 0->0(154)
[10.214s][info   ][gc,heap     ] GC(734) Old regions: 1->1
[10.214s][info   ][gc,heap     ] GC(734) Archive regions: 2->2
[10.214s][info   ][gc,heap     ] GC(734) Humongous regions: 962->430
[10.214s][info   ][gc,metaspace] GC(734) Metaspace: 158K(384K)->158K(384K) NonClass: 150K(256K)->150K(256K) Class: 8K(128K)->8K(128K)
[10.214s][info   ][gc          ] GC(734) Pause Young (Concurrent Start) (G1 Humongous Allocation) 963M->431M(2048M) 1.839ms
[10.214s][info   ][gc,cpu      ] GC(734) User=0.01s Sys=0.00s Real=0.00s
[10.214s][info   ][gc          ] GC(735) Concurrent Undo Cycle
[10.214s][info   ][gc,marking  ] GC(735) Concurrent Cleanup for Next Mark
[10.227s][info   ][gc,marking  ] GC(735) Concurrent Cleanup for Next Mark 12.834ms
[10.227s][info   ][gc          ] GC(735) Concurrent Undo Cycle 12.988ms
[10.233s][info   ][gc,start    ] GC(736) Pause Young (Concurrent Start) (G1 Humongous Allocation)
[10.233s][info   ][gc,task     ] GC(736) Using 4 workers of 4 for evacuation
[10.234s][info   ][gc,phases   ] GC(736)   Pre Evacuate Collection Set: 0.2ms
[10.234s][info   ][gc,phases   ] GC(736)   Merge Heap Roots: 0.1ms
[10.234s][info   ][gc,phases   ] GC(736)   Evacuate Collection Set: 0.2ms
[10.234s][info   ][gc,phases   ] GC(736)   Post Evacuate Collection Set: 0.4ms
[10.234s][info   ][gc,phases   ] GC(736)   Other: 0.2ms
[10.234s][info   ][gc,heap     ] GC(736) Eden regions: 0->0(1228)
[10.234s][info   ][gc,heap     ] GC(736) Survivor regions: 0->0(154)
[10.234s][info   ][gc,heap     ] GC(736) Old regions: 1->1
[10.234s][info   ][gc,heap     ] GC(736) Archive regions: 2->2
[10.234s][info   ][gc,heap     ] GC(736) Humongous regions: 664->482
[10.234s][info   ][gc,metaspace] GC(736) Metaspace: 158K(384K)->158K(384K) NonClass: 150K(256K)->150K(256K) Class: 8K(128K)->8K(128K)
[10.234s][info   ][gc          ] GC(736) Pause Young (Concurrent Start) (G1 Humongous Allocation) 665M->483M(2048M) 1.148ms
[10.234s][info   ][gc,cpu      ] GC(736) User=0.00s Sys=0.00s Real=0.00s
[10.235s][info   ][gc          ] GC(737) Concurrent Undo Cycle
[10.236s][info   ][gc,marking  ] GC(737) Concurrent Cleanup for Next Mark
[10.259s][info   ][gc,marking  ] GC(737) Concurrent Cleanup for Next Mark 23.558ms
[10.259s][info   ][gc          ] GC(737) Concurrent Undo Cycle 24.815ms
[10.267s][info   ][gc,start    ] GC(738) Pause Young (Concurrent Start) (G1 Humongous Allocation)
[10.267s][info   ][gc,task     ] GC(738) Using 4 workers of 4 for evacuation
[10.268s][info   ][gc,phases   ] GC(738)   Pre Evacuate Collection Set: 0.4ms
[10.268s][info   ][gc,phases   ] GC(738)   Merge Heap Roots: 0.1ms
[10.268s][info   ][gc,phases   ] GC(738)   Evacuate Collection Set: 0.2ms
[10.268s][info   ][gc,phases   ] GC(738)   Post Evacuate Collection Set: 0.6ms
[10.268s][info   ][gc,phases   ] GC(738)   Other: 0.2ms
[10.268s][info   ][gc,heap     ] GC(738) Eden regions: 0->0(1228)
[10.268s][info   ][gc,heap     ] GC(738) Survivor regions: 0->0(154)
[10.268s][info   ][gc,heap     ] GC(738) Old regions: 1->1
[10.268s][info   ][gc,heap     ] GC(738) Archive regions: 2->2
[10.268s][info   ][gc,heap     ] GC(738) Humongous regions: 918->450
[10.268s][info   ][gc,metaspace] GC(738) Metaspace: 158K(384K)->158K(384K) NonClass: 150K(256K)->150K(256K) Class: 8K(128K)->8K(128K)
[10.268s][info   ][gc          ] GC(738) Pause Young (Concurrent Start) (G1 Humongous Allocation) 919M->451M(2048M) 1.641ms
[10.268s][info   ][gc,cpu      ] GC(738) User=0.00s Sys=0.00s Real=0.01s
[10.268s][info   ][gc          ] GC(739) Concurrent Undo Cycle
[10.268s][info   ][gc,marking  ] GC(739) Concurrent Cleanup for Next Mark
[10.309s][info   ][gc,marking  ] GC(739) Concurrent Cleanup for Next Mark 40.694ms
[10.309s][info   ][gc          ] GC(739) Concurrent Undo Cycle 40.965ms
[10.310s][info   ][gc,start    ] GC(740) Pause Young (Concurrent Start) (G1 Humongous Allocation)
[10.310s][info   ][gc,task     ] GC(740) Using 4 workers of 4 for evacuation
[10.312s][info   ][gc,phases   ] GC(740)   Pre Evacuate Collection Set: 0.2ms
[10.312s][info   ][gc,phases   ] GC(740)   Merge Heap Roots: 0.1ms
[10.312s][info   ][gc,phases   ] GC(740)   Evacuate Collection Set: 0.3ms
[10.312s][info   ][gc,phases   ] GC(740)   Post Evacuate Collection Set: 0.7ms
[10.312s][info   ][gc,phases   ] GC(740)   Other: 0.2ms
[10.312s][info   ][gc,heap     ] GC(740) Eden regions: 0->0(1228)
[10.312s][info   ][gc,heap     ] GC(740) Survivor regions: 0->0(154)
[10.312s][info   ][gc,heap     ] GC(740) Old regions: 1->1
[10.312s][info   ][gc,heap     ] GC(740) Archive regions: 2->2
[10.312s][info   ][gc,heap     ] GC(740) Humongous regions: 1020->440
[10.312s][info   ][gc,metaspace] GC(740) Metaspace: 158K(384K)->158K(384K) NonClass: 150K(256K)->150K(256K) Class: 8K(128K)->8K(128K)
[10.312s][info   ][gc          ] GC(740) Pause Young (Concurrent Start) (G1 Humongous Allocation) 1021M->441M(2048M) 1.694ms
[10.312s][info   ][gc,cpu      ] GC(740) User=0.00s Sys=0.00s Real=0.00s
[10.312s][info   ][gc          ] GC(741) Concurrent Undo Cycle
[10.312s][info   ][gc,marking  ] GC(741) Concurrent Cleanup for Next Mark
[10.338s][info   ][gc,marking  ] GC(741) Concurrent Cleanup for Next Mark 26.167ms
[10.338s][info   ][gc          ] GC(741) Concurrent Undo Cycle 26.498ms
[10.350s][info   ][gc,start    ] GC(742) Pause Young (Concurrent Start) (G1 Humongous Allocation)
[10.350s][info   ][gc,task     ] GC(742) Using 4 workers of 4 for evacuation
[10.351s][info   ][gc,phases   ] GC(742)   Pre Evacuate Collection Set: 0.2ms
[10.351s][info   ][gc,phases   ] GC(742)   Merge Heap Roots: 0.1ms
[10.351s][info   ][gc,phases   ] GC(742)   Evacuate Collection Set: 0.2ms
[10.351s][info   ][gc,phases   ] GC(742)   Post Evacuate Collection Set: 0.6ms
[10.351s][info   ][gc,phases   ] GC(742)   Other: 0.2ms
[10.351s][info   ][gc,heap     ] GC(742) Eden regions: 0->0(1228)
[10.351s][info   ][gc,heap     ] GC(742) Survivor regions: 0->0(154)
[10.351s][info   ][gc,heap     ] GC(742) Old regions: 1->1
[10.351s][info   ][gc,heap     ] GC(742) Archive regions: 2->2
[10.351s][info   ][gc,heap     ] GC(742) Humongous regions: 918->382
[10.351s][info   ][gc,metaspace] GC(742) Metaspace: 158K(384K)->158K(384K) NonClass: 150K(256K)->150K(256K) Class: 8K(128K)->8K(128K)
[10.351s][info   ][gc          ] GC(742) Pause Young (Concurrent Start) (G1 Humongous Allocation) 919M->383M(2048M) 1.380ms
[10.351s][info   ][gc,cpu      ] GC(742) User=0.00s Sys=0.00s Real=0.00s
[10.351s][info   ][gc          ] GC(743) Concurrent Undo Cycle
[10.351s][info   ][gc,marking  ] GC(743) Concurrent Cleanup for Next Mark
[10.370s][info   ][gc,marking  ] GC(743) Concurrent Cleanup for Next Mark 19.092ms
[10.371s][info   ][gc          ] GC(743) Concurrent Undo Cycle 19.339ms
[10.391s][info   ][gc,start    ] GC(744) Pause Young (Concurrent Start) (G1 Humongous Allocation)
[10.391s][info   ][gc,task     ] GC(744) Using 4 workers of 4 for evacuation
[10.393s][info   ][gc,phases   ] GC(744)   Pre Evacuate Collection Set: 0.2ms
[10.393s][info   ][gc,phases   ] GC(744)   Merge Heap Roots: 0.1ms
[10.393s][info   ][gc,phases   ] GC(744)   Evacuate Collection Set: 0.5ms
[10.393s][info   ][gc,phases   ] GC(744)   Post Evacuate Collection Set: 0.9ms
[10.393s][info   ][gc,phases   ] GC(744)   Other: 0.3ms
[10.393s][info   ][gc,heap     ] GC(744) Eden regions: 0->0(1228)
[10.393s][info   ][gc,heap     ] GC(744) Survivor regions: 0->0(154)
[10.393s][info   ][gc,heap     ] GC(744) Old regions: 1->1
[10.393s][info   ][gc,heap     ] GC(744) Archive regions: 2->2
[10.393s][info   ][gc,heap     ] GC(744) Humongous regions: 918->456
[10.393s][info   ][gc,metaspace] GC(744) Metaspace: 158K(384K)->158K(384K) NonClass: 150K(256K)->150K(256K) Class: 8K(128K)->8K(128K)
[10.393s][info   ][gc          ] GC(744) Pause Young (Concurrent Start) (G1 Humongous Allocation) 919M->457M(2048M) 2.077ms
[10.393s][info   ][gc,cpu      ] GC(744) User=0.00s Sys=0.00s Real=0.00s
[10.393s][info   ][gc          ] GC(745) Concurrent Undo Cycle
[10.393s][info   ][gc,marking  ] GC(745) Concurrent Cleanup for Next Mark
[10.418s][info   ][gc,marking  ] GC(745) Concurrent Cleanup for Next Mark 24.829ms
[10.418s][info   ][gc          ] GC(745) Concurrent Undo Cycle 25.099ms
[10.432s][info   ][gc,start    ] GC(746) Pause Young (Concurrent Start) (G1 Humongous Allocation)
[10.432s][info   ][gc,task     ] GC(746) Using 4 workers of 4 for evacuation
[10.433s][info   ][gc,phases   ] GC(746)   Pre Evacuate Collection Set: 0.2ms
[10.433s][info   ][gc,phases   ] GC(746)   Merge Heap Roots: 0.1ms
[10.433s][info   ][gc,phases   ] GC(746)   Evacuate Collection Set: 0.3ms
[10.433s][info   ][gc,phases   ] GC(746)   Post Evacuate Collection Set: 0.7ms
[10.433s][info   ][gc,phases   ] GC(746)   Other: 0.2ms
[10.433s][info   ][gc,heap     ] GC(746) Eden regions: 0->0(1228)
[10.433s][info   ][gc,heap     ] GC(746) Survivor regions: 0->0(154)
[10.433s][info   ][gc,heap     ] GC(746) Old regions: 1->1
[10.433s][info   ][gc,heap     ] GC(746) Archive regions: 2->2
[10.433s][info   ][gc,heap     ] GC(746) Humongous regions: 918->394
[10.433s][info   ][gc,metaspace] GC(746) Metaspace: 158K(384K)->158K(384K) NonClass: 150K(256K)->150K(256K) Class: 8K(128K)->8K(128K)
[10.433s][info   ][gc          ] GC(746) Pause Young (Concurrent Start) (G1 Humongous Allocation) 919M->395M(2048M) 1.601ms
[10.433s][info   ][gc,cpu      ] GC(746) User=0.01s Sys=0.00s Real=0.00s
[10.433s][info   ][gc          ] GC(747) Concurrent Undo Cycle
[10.433s][info   ][gc,marking  ] GC(747) Concurrent Cleanup for Next Mark
[10.443s][info   ][gc,marking  ] GC(747) Concurrent Cleanup for Next Mark 9.306ms
[10.443s][info   ][gc          ] GC(747) Concurrent Undo Cycle 9.465ms
[10.472s][info   ][gc,start    ] GC(748) Pause Young (Concurrent Start) (G1 Humongous Allocation)
[10.473s][info   ][gc,task     ] GC(748) Using 4 workers of 4 for evacuation
[10.474s][info   ][gc,phases   ] GC(748)   Pre Evacuate Collection Set: 0.2ms
[10.474s][info   ][gc,phases   ] GC(748)   Merge Heap Roots: 0.1ms
[10.474s][info   ][gc,phases   ] GC(748)   Evacuate Collection Set: 0.5ms
[10.474s][info   ][gc,phases   ] GC(748)   Post Evacuate Collection Set: 0.6ms
[10.474s][info   ][gc,phases   ] GC(748)   Other: 0.2ms
[10.474s][info   ][gc,heap     ] GC(748) Eden regions: 0->0(1228)
[10.474s][info   ][gc,heap     ] GC(748) Survivor regions: 0->0(154)
[10.474s][info   ][gc,heap     ] GC(748) Old regions: 1->1
[10.474s][info   ][gc,heap     ] GC(748) Archive regions: 2->2
[10.474s][info   ][gc,heap     ] GC(748) Humongous regions: 918->356
[10.474s][info   ][gc,metaspace] GC(748) Metaspace: 158K(384K)->158K(384K) NonClass: 150K(256K)->150K(256K) Class: 8K(128K)->8K(128K)
[10.474s][info   ][gc          ] GC(748) Pause Young (Concurrent Start) (G1 Humongous Allocation) 919M->357M(2048M) 1.574ms
[10.474s][info   ][gc,cpu      ] GC(748) User=0.01s Sys=0.00s Real=0.00s
[10.474s][info   ][gc          ] GC(749) Concurrent Undo Cycle
[10.474s][info   ][gc,marking  ] GC(749) Concurrent Cleanup for Next Mark
[10.485s][info   ][gc,marking  ] GC(749) Concurrent Cleanup for Next Mark 10.936ms
[10.485s][info   ][gc          ] GC(749) Concurrent Undo Cycle 11.093ms
[10.486s][info   ][gc,start    ] GC(750) Pause Young (Concurrent Start) (G1 Humongous Allocation)
[10.486s][info   ][gc,task     ] GC(750) Using 4 workers of 4 for evacuation
[10.488s][info   ][gc,phases   ] GC(750)   Pre Evacuate Collection Set: 0.3ms
[10.488s][info   ][gc,phases   ] GC(750)   Merge Heap Roots: 0.1ms
[10.488s][info   ][gc,phases   ] GC(750)   Evacuate Collection Set: 1.1ms
[10.488s][info   ][gc,phases   ] GC(750)   Post Evacuate Collection Set: 0.5ms
[10.488s][info   ][gc,phases   ] GC(750)   Other: 0.2ms
[10.488s][info   ][gc,heap     ] GC(750) Eden regions: 0->0(1228)
[10.488s][info   ][gc,heap     ] GC(750) Survivor regions: 0->0(154)
[10.488s][info   ][gc,heap     ] GC(750) Old regions: 1->1
[10.488s][info   ][gc,heap     ] GC(750) Archive regions: 2->2
[10.488s][info   ][gc,heap     ] GC(750) Humongous regions: 454->360
[10.488s][info   ][gc,metaspace] GC(750) Metaspace: 158K(384K)->158K(384K) NonClass: 150K(256K)->150K(256K) Class: 8K(128K)->8K(128K)
[10.488s][info   ][gc          ] GC(750) Pause Young (Concurrent Start) (G1 Humongous Allocation) 455M->361M(2048M) 2.330ms
[10.488s][info   ][gc,cpu      ] GC(750) User=0.00s Sys=0.00s Real=0.01s
[10.488s][info   ][gc          ] GC(751) Concurrent Undo Cycle
[10.488s][info   ][gc,marking  ] GC(751) Concurrent Cleanup for Next Mark
[10.515s][info   ][gc,marking  ] GC(751) Concurrent Cleanup for Next Mark 26.799ms
[10.515s][info   ][gc          ] GC(751) Concurrent Undo Cycle 27.085ms
[10.532s][info   ][gc,start    ] GC(752) Pause Young (Concurrent Start) (G1 Humongous Allocation)
[10.532s][info   ][gc,task     ] GC(752) Using 4 workers of 4 for evacuation
[10.533s][info   ][gc,phases   ] GC(752)   Pre Evacuate Collection Set: 0.2ms
[10.534s][info   ][gc,phases   ] GC(752)   Merge Heap Roots: 0.1ms
[10.534s][info   ][gc,phases   ] GC(752)   Evacuate Collection Set: 0.3ms
[10.534s][info   ][gc,phases   ] GC(752)   Post Evacuate Collection Set: 0.7ms
[10.534s][info   ][gc,phases   ] GC(752)   Other: 0.3ms
[10.534s][info   ][gc,heap     ] GC(752) Eden regions: 0->0(1228)
[10.534s][info   ][gc,heap     ] GC(752) Survivor regions: 0->0(154)
[10.534s][info   ][gc,heap     ] GC(752) Old regions: 1->1
[10.534s][info   ][gc,heap     ] GC(752) Archive regions: 2->2
[10.534s][info   ][gc,heap     ] GC(752) Humongous regions: 918->376
[10.534s][info   ][gc,metaspace] GC(752) Metaspace: 158K(384K)->158K(384K) NonClass: 150K(256K)->150K(256K) Class: 8K(128K)->8K(128K)
[10.534s][info   ][gc          ] GC(752) Pause Young (Concurrent Start) (G1 Humongous Allocation) 919M->377M(2048M) 1.703ms
[10.534s][info   ][gc,cpu      ] GC(752) User=0.00s Sys=0.00s Real=0.00s
[10.534s][info   ][gc          ] GC(753) Concurrent Undo Cycle
[10.534s][info   ][gc,marking  ] GC(753) Concurrent Cleanup for Next Mark
[10.538s][info   ][gc,marking  ] GC(753) Concurrent Cleanup for Next Mark 4.225ms
[10.538s][info   ][gc          ] GC(753) Concurrent Undo Cycle 4.394ms
[10.538s][info   ][gc,start    ] GC(754) Pause Young (Concurrent Start) (G1 Humongous Allocation)
[10.538s][info   ][gc,task     ] GC(754) Using 4 workers of 4 for evacuation
[10.539s][info   ][gc,phases   ] GC(754)   Pre Evacuate Collection Set: 0.1ms
[10.539s][info   ][gc,phases   ] GC(754)   Merge Heap Roots: 0.1ms
[10.539s][info   ][gc,phases   ] GC(754)   Evacuate Collection Set: 0.4ms
[10.539s][info   ][gc,phases   ] GC(754)   Post Evacuate Collection Set: 0.3ms
[10.539s][info   ][gc,phases   ] GC(754)   Other: 0.2ms
[10.539s][info   ][gc,heap     ] GC(754) Eden regions: 0->0(1228)
[10.539s][info   ][gc,heap     ] GC(754) Survivor regions: 0->0(154)
[10.539s][info   ][gc,heap     ] GC(754) Old regions: 1->1
[10.539s][info   ][gc,heap     ] GC(754) Archive regions: 2->2
[10.539s][info   ][gc,heap     ] GC(754) Humongous regions: 380->378
[10.539s][info   ][gc,metaspace] GC(754) Metaspace: 158K(384K)->158K(384K) NonClass: 150K(256K)->150K(256K) Class: 8K(128K)->8K(128K)
[10.539s][info   ][gc          ] GC(754) Pause Young (Concurrent Start) (G1 Humongous Allocation) 381M->379M(2048M) 1.158ms
[10.539s][info   ][gc,cpu      ] GC(754) User=0.01s Sys=0.00s Real=0.00s
[10.539s][info   ][gc          ] GC(755) Concurrent Undo Cycle
[10.539s][info   ][gc,marking  ] GC(755) Concurrent Cleanup for Next Mark
[10.552s][info   ][gc,marking  ] GC(755) Concurrent Cleanup for Next Mark 13.054ms
[10.553s][info   ][gc          ] GC(755) Concurrent Undo Cycle 13.232ms
[10.580s][info   ][gc,start    ] GC(756) Pause Young (Concurrent Start) (G1 Humongous Allocation)
[10.580s][info   ][gc,task     ] GC(756) Using 4 workers of 4 for evacuation
[10.581s][info   ][gc,phases   ] GC(756)   Pre Evacuate Collection Set: 0.2ms
[10.581s][info   ][gc,phases   ] GC(756)   Merge Heap Roots: 0.1ms
[10.581s][info   ][gc,phases   ] GC(756)   Evacuate Collection Set: 0.3ms
[10.581s][info   ][gc,phases   ] GC(756)   Post Evacuate Collection Set: 0.6ms
[10.581s][info   ][gc,phases   ] GC(756)   Other: 0.2ms
[10.581s][info   ][gc,heap     ] GC(756) Eden regions: 0->0(1228)
[10.581s][info   ][gc,heap     ] GC(756) Survivor regions: 0->0(154)
[10.581s][info   ][gc,heap     ] GC(756) Old regions: 1->1
[10.581s][info   ][gc,heap     ] GC(756) Archive regions: 2->2
[10.581s][info   ][gc,heap     ] GC(756) Humongous regions: 918->320
[10.581s][info   ][gc,metaspace] GC(756) Metaspace: 158K(384K)->158K(384K) NonClass: 150K(256K)->150K(256K) Class: 8K(128K)->8K(128K)
[10.581s][info   ][gc          ] GC(756) Pause Young (Concurrent Start) (G1 Humongous Allocation) 919M->321M(2048M) 1.445ms
[10.581s][info   ][gc,cpu      ] GC(756) User=0.00s Sys=0.00s Real=0.00s
[10.581s][info   ][gc          ] GC(757) Concurrent Undo Cycle
[10.581s][info   ][gc,marking  ] GC(757) Concurrent Cleanup for Next Mark
[10.596s][info   ][gc,marking  ] GC(757) Concurrent Cleanup for Next Mark 14.933ms
[10.596s][info   ][gc          ] GC(757) Concurrent Undo Cycle 15.103ms
[10.623s][info   ][gc,start    ] GC(758) Pause Young (Concurrent Start) (G1 Humongous Allocation)
[10.623s][info   ][gc,task     ] GC(758) Using 4 workers of 4 for evacuation
[10.624s][info   ][gc,phases   ] GC(758)   Pre Evacuate Collection Set: 0.2ms
[10.624s][info   ][gc,phases   ] GC(758)   Merge Heap Roots: 0.1ms
[10.624s][info   ][gc,phases   ] GC(758)   Evacuate Collection Set: 0.3ms
[10.624s][info   ][gc,phases   ] GC(758)   Post Evacuate Collection Set: 0.6ms
[10.624s][info   ][gc,phases   ] GC(758)   Other: 0.2ms
[10.624s][info   ][gc,heap     ] GC(758) Eden regions: 0->0(1228)
[10.624s][info   ][gc,heap     ] GC(758) Survivor regions: 0->0(154)
[10.624s][info   ][gc,heap     ] GC(758) Old regions: 1->1
[10.624s][info   ][gc,heap     ] GC(758) Archive regions: 2->2
[10.624s][info   ][gc,heap     ] GC(758) Humongous regions: 918->382
[10.624s][info   ][gc,metaspace] GC(758) Metaspace: 158K(384K)->158K(384K) NonClass: 150K(256K)->150K(256K) Class: 8K(128K)->8K(128K)
[10.624s][info   ][gc          ] GC(758) Pause Young (Concurrent Start) (G1 Humongous Allocation) 919M->383M(2048M) 1.396ms
[10.624s][info   ][gc,cpu      ] GC(758) User=0.00s Sys=0.00s Real=0.00s
[10.624s][info   ][gc          ] GC(759) Concurrent Undo Cycle
[10.624s][info   ][gc,marking  ] GC(759) Concurrent Cleanup for Next Mark
[10.659s][info   ][gc,marking  ] GC(759) Concurrent Cleanup for Next Mark 34.399ms
[10.659s][info   ][gc          ] GC(759) Concurrent Undo Cycle 34.790ms
[10.663s][info   ][gc,start    ] GC(760) Pause Young (Concurrent Start) (G1 Humongous Allocation)
[10.663s][info   ][gc,task     ] GC(760) Using 4 workers of 4 for evacuation
[10.664s][info   ][gc,phases   ] GC(760)   Pre Evacuate Collection Set: 0.2ms
[10.664s][info   ][gc,phases   ] GC(760)   Merge Heap Roots: 0.1ms
[10.664s][info   ][gc,phases   ] GC(760)   Evacuate Collection Set: 0.2ms
[10.664s][info   ][gc,phases   ] GC(760)   Post Evacuate Collection Set: 0.6ms
[10.664s][info   ][gc,phases   ] GC(760)   Other: 0.2ms
[10.664s][info   ][gc,heap     ] GC(760) Eden regions: 0->0(1228)
[10.664s][info   ][gc,heap     ] GC(760) Survivor regions: 0->0(154)
[10.664s][info   ][gc,heap     ] GC(760) Old regions: 1->1
[10.664s][info   ][gc,heap     ] GC(760) Archive regions: 2->2
[10.664s][info   ][gc,heap     ] GC(760) Humongous regions: 918->408
[10.664s][info   ][gc,metaspace] GC(760) Metaspace: 158K(384K)->158K(384K) NonClass: 150K(256K)->150K(256K) Class: 8K(128K)->8K(128K)
[10.664s][info   ][gc          ] GC(760) Pause Young (Concurrent Start) (G1 Humongous Allocation) 919M->409M(2048M) 1.336ms
[10.664s][info   ][gc,cpu      ] GC(760) User=0.01s Sys=0.00s Real=0.00s
[10.664s][info   ][gc          ] GC(761) Concurrent Undo Cycle
[10.664s][info   ][gc,marking  ] GC(761) Concurrent Cleanup for Next Mark
[10.675s][info   ][gc,marking  ] GC(761) Concurrent Cleanup for Next Mark 11.258ms
[10.676s][info   ][gc          ] GC(761) Concurrent Undo Cycle 11.485ms
[10.701s][info   ][gc,start    ] GC(762) Pause Young (Concurrent Start) (G1 Humongous Allocation)
[10.701s][info   ][gc,task     ] GC(762) Using 4 workers of 4 for evacuation
[10.702s][info   ][gc,phases   ] GC(762)   Pre Evacuate Collection Set: 0.1ms
[10.702s][info   ][gc,phases   ] GC(762)   Merge Heap Roots: 0.1ms
[10.702s][info   ][gc,phases   ] GC(762)   Evacuate Collection Set: 0.2ms
[10.702s][info   ][gc,phases   ] GC(762)   Post Evacuate Collection Set: 0.5ms
[10.702s][info   ][gc,phases   ] GC(762)   Other: 0.2ms
[10.702s][info   ][gc,heap     ] GC(762) Eden regions: 0->0(1228)
[10.702s][info   ][gc,heap     ] GC(762) Survivor regions: 0->0(154)
[10.702s][info   ][gc,heap     ] GC(762) Old regions: 1->1
[10.702s][info   ][gc,heap     ] GC(762) Archive regions: 2->2
[10.702s][info   ][gc,heap     ] GC(762) Humongous regions: 918->410
[10.702s][info   ][gc,metaspace] GC(762) Metaspace: 158K(384K)->158K(384K) NonClass: 150K(256K)->150K(256K) Class: 8K(128K)->8K(128K)
[10.702s][info   ][gc          ] GC(762) Pause Young (Concurrent Start) (G1 Humongous Allocation) 919M->411M(2048M) 1.232ms
[10.702s][info   ][gc,cpu      ] GC(762) User=0.00s Sys=0.00s Real=0.00s
[10.702s][info   ][gc          ] GC(763) Concurrent Undo Cycle
[10.702s][info   ][gc,marking  ] GC(763) Concurrent Cleanup for Next Mark
[10.742s][info   ][gc,marking  ] GC(763) Concurrent Cleanup for Next Mark 39.722ms
[10.742s][info   ][gc          ] GC(763) Concurrent Undo Cycle 39.956ms
[10.743s][info   ][gc,start    ] GC(764) Pause Young (Concurrent Start) (G1 Humongous Allocation)
[10.743s][info   ][gc,task     ] GC(764) Using 4 workers of 4 for evacuation
[10.744s][info   ][gc,phases   ] GC(764)   Pre Evacuate Collection Set: 0.2ms
[10.744s][info   ][gc,phases   ] GC(764)   Merge Heap Roots: 0.1ms
[10.744s][info   ][gc,phases   ] GC(764)   Evacuate Collection Set: 0.2ms
[10.744s][info   ][gc,phases   ] GC(764)   Post Evacuate Collection Set: 0.6ms
[10.744s][info   ][gc,phases   ] GC(764)   Other: 0.2ms
[10.744s][info   ][gc,heap     ] GC(764) Eden regions: 0->0(1228)
[10.744s][info   ][gc,heap     ] GC(764) Survivor regions: 0->0(154)
[10.744s][info   ][gc,heap     ] GC(764) Old regions: 1->1
[10.744s][info   ][gc,heap     ] GC(764) Archive regions: 2->2
[10.744s][info   ][gc,heap     ] GC(764) Humongous regions: 934->410
[10.744s][info   ][gc,metaspace] GC(764) Metaspace: 158K(384K)->158K(384K) NonClass: 150K(256K)->150K(256K) Class: 8K(128K)->8K(128K)
[10.744s][info   ][gc          ] GC(764) Pause Young (Concurrent Start) (G1 Humongous Allocation) 935M->411M(2048M) 1.365ms
[10.744s][info   ][gc,cpu      ] GC(764) User=0.01s Sys=0.00s Real=0.00s
[10.744s][info   ][gc          ] GC(765) Concurrent Undo Cycle
[10.744s][info   ][gc,marking  ] GC(765) Concurrent Cleanup for Next Mark
[10.769s][info   ][gc,marking  ] GC(765) Concurrent Cleanup for Next Mark 24.855ms
[10.770s][info   ][gc          ] GC(765) Concurrent Undo Cycle 25.071ms
[10.782s][info   ][gc,start    ] GC(766) Pause Young (Concurrent Start) (G1 Humongous Allocation)
[10.782s][info   ][gc,task     ] GC(766) Using 4 workers of 4 for evacuation
[10.784s][info   ][gc,phases   ] GC(766)   Pre Evacuate Collection Set: 0.3ms
[10.784s][info   ][gc,phases   ] GC(766)   Merge Heap Roots: 0.1ms
[10.784s][info   ][gc,phases   ] GC(766)   Evacuate Collection Set: 0.2ms
[10.784s][info   ][gc,phases   ] GC(766)   Post Evacuate Collection Set: 0.5ms
[10.784s][info   ][gc,phases   ] GC(766)   Other: 0.2ms
[10.784s][info   ][gc,heap     ] GC(766) Eden regions: 0->0(1228)
[10.784s][info   ][gc,heap     ] GC(766) Survivor regions: 0->0(154)
[10.784s][info   ][gc,heap     ] GC(766) Old regions: 1->1
[10.784s][info   ][gc,heap     ] GC(766) Archive regions: 2->2
[10.784s][info   ][gc,heap     ] GC(766) Humongous regions: 918->432
[10.784s][info   ][gc,metaspace] GC(766) Metaspace: 158K(384K)->158K(384K) NonClass: 150K(256K)->150K(256K) Class: 8K(128K)->8K(128K)
[10.784s][info   ][gc          ] GC(766) Pause Young (Concurrent Start) (G1 Humongous Allocation) 919M->433M(2048M) 1.369ms
[10.784s][info   ][gc,cpu      ] GC(766) User=0.00s Sys=0.00s Real=0.00s
[10.784s][info   ][gc          ] GC(767) Concurrent Undo Cycle
[10.784s][info   ][gc,marking  ] GC(767) Concurrent Cleanup for Next Mark
[10.802s][info   ][gc,marking  ] GC(767) Concurrent Cleanup for Next Mark 17.849ms
[10.802s][info   ][gc          ] GC(767) Concurrent Undo Cycle 18.089ms
[10.819s][info   ][gc,start    ] GC(768) Pause Young (Concurrent Start) (G1 Humongous Allocation)
[10.819s][info   ][gc,task     ] GC(768) Using 4 workers of 4 for evacuation
[10.820s][info   ][gc,phases   ] GC(768)   Pre Evacuate Collection Set: 0.5ms
[10.820s][info   ][gc,phases   ] GC(768)   Merge Heap Roots: 0.1ms
[10.820s][info   ][gc,phases   ] GC(768)   Evacuate Collection Set: 0.3ms
[10.820s][info   ][gc,phases   ] GC(768)   Post Evacuate Collection Set: 0.7ms
[10.820s][info   ][gc,phases   ] GC(768)   Other: 0.3ms
[10.820s][info   ][gc,heap     ] GC(768) Eden regions: 0->0(1228)
[10.820s][info   ][gc,heap     ] GC(768) Survivor regions: 0->0(154)
[10.820s][info   ][gc,heap     ] GC(768) Old regions: 1->1
[10.820s][info   ][gc,heap     ] GC(768) Archive regions: 2->2
[10.820s][info   ][gc,heap     ] GC(768) Humongous regions: 918->438
[10.820s][info   ][gc,metaspace] GC(768) Metaspace: 158K(384K)->158K(384K) NonClass: 150K(256K)->150K(256K) Class: 8K(128K)->8K(128K)
[10.821s][info   ][gc          ] GC(768) Pause Young (Concurrent Start) (G1 Humongous Allocation) 919M->439M(2048M) 1.961ms
[10.821s][info   ][gc,cpu      ] GC(768) User=0.00s Sys=0.00s Real=0.00s
[10.821s][info   ][gc          ] GC(769) Concurrent Undo Cycle
[10.821s][info   ][gc,marking  ] GC(769) Concurrent Cleanup for Next Mark
[10.832s][info   ][gc,marking  ] GC(769) Concurrent Cleanup for Next Mark 11.101ms
[10.832s][info   ][gc          ] GC(769) Concurrent Undo Cycle 11.235ms
[10.833s][info   ][gc,start    ] GC(770) Pause Young (Concurrent Start) (G1 Humongous Allocation)
[10.833s][info   ][gc,task     ] GC(770) Using 4 workers of 4 for evacuation
[10.834s][info   ][gc,phases   ] GC(770)   Pre Evacuate Collection Set: 0.2ms
[10.834s][info   ][gc,phases   ] GC(770)   Merge Heap Roots: 0.1ms
[10.834s][info   ][gc,phases   ] GC(770)   Evacuate Collection Set: 0.5ms
[10.834s][info   ][gc,phases   ] GC(770)   Post Evacuate Collection Set: 0.4ms
[10.834s][info   ][gc,phases   ] GC(770)   Other: 0.2ms
[10.834s][info   ][gc,heap     ] GC(770) Eden regions: 0->0(1228)
[10.834s][info   ][gc,heap     ] GC(770) Survivor regions: 0->0(154)
[10.834s][info   ][gc,heap     ] GC(770) Old regions: 1->1
[10.834s][info   ][gc,heap     ] GC(770) Archive regions: 2->2
[10.834s][info   ][gc,heap     ] GC(770) Humongous regions: 564->450
[10.834s][info   ][gc,metaspace] GC(770) Metaspace: 158K(384K)->158K(384K) NonClass: 150K(256K)->150K(256K) Class: 8K(128K)->8K(128K)
[10.834s][info   ][gc          ] GC(770) Pause Young (Concurrent Start) (G1 Humongous Allocation) 565M->451M(2048M) 1.457ms
[10.834s][info   ][gc,cpu      ] GC(770) User=0.00s Sys=0.00s Real=0.00s
[10.835s][info   ][gc          ] GC(771) Concurrent Undo Cycle
[10.835s][info   ][gc,marking  ] GC(771) Concurrent Cleanup for Next Mark
[10.857s][info   ][gc,marking  ] GC(771) Concurrent Cleanup for Next Mark 22.893ms
[10.860s][info   ][gc          ] GC(771) Concurrent Undo Cycle 25.847ms
[10.868s][info   ][gc,start    ] GC(772) Pause Young (Concurrent Start) (G1 Humongous Allocation)
[10.868s][info   ][gc,task     ] GC(772) Using 4 workers of 4 for evacuation
[10.869s][info   ][gc,phases   ] GC(772)   Pre Evacuate Collection Set: 0.2ms
[10.869s][info   ][gc,phases   ] GC(772)   Merge Heap Roots: 0.1ms
[10.869s][info   ][gc,phases   ] GC(772)   Evacuate Collection Set: 0.2ms
[10.869s][info   ][gc,phases   ] GC(772)   Post Evacuate Collection Set: 0.6ms
[10.869s][info   ][gc,phases   ] GC(772)   Other: 0.2ms
[10.869s][info   ][gc,heap     ] GC(772) Eden regions: 0->0(1228)
[10.869s][info   ][gc,heap     ] GC(772) Survivor regions: 0->0(154)
[10.869s][info   ][gc,heap     ] GC(772) Old regions: 1->1
[10.869s][info   ][gc,heap     ] GC(772) Archive regions: 2->2
[10.869s][info   ][gc,heap     ] GC(772) Humongous regions: 918->406
[10.869s][info   ][gc,metaspace] GC(772) Metaspace: 158K(384K)->158K(384K) NonClass: 150K(256K)->150K(256K) Class: 8K(128K)->8K(128K)
[10.869s][info   ][gc          ] GC(772) Pause Young (Concurrent Start) (G1 Humongous Allocation) 919M->407M(2048M) 1.365ms
[10.870s][info   ][gc,cpu      ] GC(772) User=0.00s Sys=0.00s Real=0.01s
[10.870s][info   ][gc          ] GC(773) Concurrent Undo Cycle
[10.870s][info   ][gc,marking  ] GC(773) Concurrent Cleanup for Next Mark
[10.890s][info   ][gc,marking  ] GC(773) Concurrent Cleanup for Next Mark 20.473ms
[10.890s][info   ][gc          ] GC(773) Concurrent Undo Cycle 20.714ms
[10.906s][info   ][gc,start    ] GC(774) Pause Young (Concurrent Start) (G1 Humongous Allocation)
[10.906s][info   ][gc,task     ] GC(774) Using 4 workers of 4 for evacuation
[10.908s][info   ][gc,phases   ] GC(774)   Pre Evacuate Collection Set: 0.2ms
[10.908s][info   ][gc,phases   ] GC(774)   Merge Heap Roots: 0.1ms
[10.908s][info   ][gc,phases   ] GC(774)   Evacuate Collection Set: 0.3ms
[10.908s][info   ][gc,phases   ] GC(774)   Post Evacuate Collection Set: 0.5ms
[10.908s][info   ][gc,phases   ] GC(774)   Other: 0.2ms
[10.908s][info   ][gc,heap     ] GC(774) Eden regions: 0->0(1228)
[10.908s][info   ][gc,heap     ] GC(774) Survivor regions: 0->0(154)
[10.908s][info   ][gc,heap     ] GC(774) Old regions: 1->1
[10.908s][info   ][gc,heap     ] GC(774) Archive regions: 2->2
[10.908s][info   ][gc,heap     ] GC(774) Humongous regions: 918->444
[10.908s][info   ][gc,metaspace] GC(774) Metaspace: 158K(384K)->158K(384K) NonClass: 150K(256K)->150K(256K) Class: 8K(128K)->8K(128K)
[10.908s][info   ][gc          ] GC(774) Pause Young (Concurrent Start) (G1 Humongous Allocation) 919M->445M(2048M) 1.364ms
[10.908s][info   ][gc,cpu      ] GC(774) User=0.00s Sys=0.00s Real=0.00s
[10.908s][info   ][gc          ] GC(775) Concurrent Undo Cycle
[10.908s][info   ][gc,marking  ] GC(775) Concurrent Cleanup for Next Mark
[10.929s][info   ][gc,marking  ] GC(775) Concurrent Cleanup for Next Mark 21.236ms
[10.929s][info   ][gc          ] GC(775) Concurrent Undo Cycle 21.689ms
[10.943s][info   ][gc,start    ] GC(776) Pause Young (Concurrent Start) (G1 Humongous Allocation)
[10.943s][info   ][gc,task     ] GC(776) Using 4 workers of 4 for evacuation
[10.944s][info   ][gc,phases   ] GC(776)   Pre Evacuate Collection Set: 0.2ms
[10.944s][info   ][gc,phases   ] GC(776)   Merge Heap Roots: 0.1ms
[10.944s][info   ][gc,phases   ] GC(776)   Evacuate Collection Set: 0.5ms
[10.944s][info   ][gc,phases   ] GC(776)   Post Evacuate Collection Set: 0.7ms
[10.944s][info   ][gc,phases   ] GC(776)   Other: 0.2ms
[10.944s][info   ][gc,heap     ] GC(776) Eden regions: 0->0(1228)
[10.944s][info   ][gc,heap     ] GC(776) Survivor regions: 0->0(154)
[10.944s][info   ][gc,heap     ] GC(776) Old regions: 1->1
[10.944s][info   ][gc,heap     ] GC(776) Archive regions: 2->2
[10.944s][info   ][gc,heap     ] GC(776) Humongous regions: 918->432
[10.944s][info   ][gc,metaspace] GC(776) Metaspace: 158K(384K)->158K(384K) NonClass: 150K(256K)->150K(256K) Class: 8K(128K)->8K(128K)
[10.944s][info   ][gc          ] GC(776) Pause Young (Concurrent Start) (G1 Humongous Allocation) 919M->433M(2048M) 1.693ms
[10.944s][info   ][gc,cpu      ] GC(776) User=0.00s Sys=0.00s Real=0.00s
[10.944s][info   ][gc          ] GC(777) Concurrent Undo Cycle
[10.944s][info   ][gc,marking  ] GC(777) Concurrent Cleanup for Next Mark
[10.963s][info   ][gc,marking  ] GC(777) Concurrent Cleanup for Next Mark 18.272ms
[10.963s][info   ][gc          ] GC(777) Concurrent Undo Cycle 18.498ms
[10.983s][info   ][gc,start    ] GC(778) Pause Young (Concurrent Start) (G1 Humongous Allocation)
[10.983s][info   ][gc,task     ] GC(778) Using 4 workers of 4 for evacuation
[10.984s][info   ][gc,phases   ] GC(778)   Pre Evacuate Collection Set: 0.2ms
[10.984s][info   ][gc,phases   ] GC(778)   Merge Heap Roots: 0.1ms
[10.984s][info   ][gc,phases   ] GC(778)   Evacuate Collection Set: 0.3ms
[10.984s][info   ][gc,phases   ] GC(778)   Post Evacuate Collection Set: 0.5ms
[10.984s][info   ][gc,phases   ] GC(778)   Other: 0.2ms
[10.984s][info   ][gc,heap     ] GC(778) Eden regions: 0->0(1228)
[10.984s][info   ][gc,heap     ] GC(778) Survivor regions: 0->0(154)
[10.984s][info   ][gc,heap     ] GC(778) Old regions: 1->1
[10.984s][info   ][gc,heap     ] GC(778) Archive regions: 2->2
[10.984s][info   ][gc,heap     ] GC(778) Humongous regions: 918->472
[10.984s][info   ][gc,metaspace] GC(778) Metaspace: 158K(384K)->158K(384K) NonClass: 150K(256K)->150K(256K) Class: 8K(128K)->8K(128K)
[10.984s][info   ][gc          ] GC(778) Pause Young (Concurrent Start) (G1 Humongous Allocation) 919M->473M(2048M) 1.430ms
[10.984s][info   ][gc,cpu      ] GC(778) User=0.00s Sys=0.00s Real=0.00s
[10.984s][info   ][gc          ] GC(779) Concurrent Undo Cycle
[10.984s][info   ][gc,marking  ] GC(779) Concurrent Cleanup for Next Mark
[11.002s][info   ][gc,marking  ] GC(779) Concurrent Cleanup for Next Mark 17.840ms
[11.002s][info   ][gc          ] GC(779) Concurrent Undo Cycle 18.038ms
[11.017s][info   ][gc,start    ] GC(780) Pause Young (Concurrent Start) (G1 Humongous Allocation)
[11.017s][info   ][gc,task     ] GC(780) Using 4 workers of 4 for evacuation
[11.018s][info   ][gc,phases   ] GC(780)   Pre Evacuate Collection Set: 0.2ms
[11.018s][info   ][gc,phases   ] GC(780)   Merge Heap Roots: 0.1ms
[11.018s][info   ][gc,phases   ] GC(780)   Evacuate Collection Set: 0.2ms
[11.018s][info   ][gc,phases   ] GC(780)   Post Evacuate Collection Set: 0.5ms
[11.018s][info   ][gc,phases   ] GC(780)   Other: 0.2ms
[11.018s][info   ][gc,heap     ] GC(780) Eden regions: 0->0(1228)
[11.018s][info   ][gc,heap     ] GC(780) Survivor regions: 0->0(154)
[11.018s][info   ][gc,heap     ] GC(780) Old regions: 1->1
[11.018s][info   ][gc,heap     ] GC(780) Archive regions: 2->2
[11.018s][info   ][gc,heap     ] GC(780) Humongous regions: 918->480
[11.018s][info   ][gc,metaspace] GC(780) Metaspace: 158K(384K)->158K(384K) NonClass: 150K(256K)->150K(256K) Class: 8K(128K)->8K(128K)
[11.018s][info   ][gc          ] GC(780) Pause Young (Concurrent Start) (G1 Humongous Allocation) 919M->481M(2048M) 1.261ms
[11.018s][info   ][gc,cpu      ] GC(780) User=0.00s Sys=0.00s Real=0.01s
[11.018s][info   ][gc          ] GC(781) Concurrent Undo Cycle
[11.018s][info   ][gc,marking  ] GC(781) Concurrent Cleanup for Next Mark
[11.044s][info   ][gc,marking  ] GC(781) Concurrent Cleanup for Next Mark 26.067ms
[11.044s][info   ][gc          ] GC(781) Concurrent Undo Cycle 26.261ms
[11.050s][info   ][gc,start    ] GC(782) Pause Young (Concurrent Start) (G1 Humongous Allocation)
[11.050s][info   ][gc,task     ] GC(782) Using 4 workers of 4 for evacuation
[11.051s][info   ][gc,phases   ] GC(782)   Pre Evacuate Collection Set: 0.2ms
[11.051s][info   ][gc,phases   ] GC(782)   Merge Heap Roots: 0.1ms
[11.051s][info   ][gc,phases   ] GC(782)   Evacuate Collection Set: 0.3ms
[11.051s][info   ][gc,phases   ] GC(782)   Post Evacuate Collection Set: 0.6ms
[11.051s][info   ][gc,phases   ] GC(782)   Other: 0.3ms
[11.051s][info   ][gc,heap     ] GC(782) Eden regions: 0->0(1228)
[11.051s][info   ][gc,heap     ] GC(782) Survivor regions: 0->0(154)
[11.051s][info   ][gc,heap     ] GC(782) Old regions: 1->1
[11.051s][info   ][gc,heap     ] GC(782) Archive regions: 2->2
[11.051s][info   ][gc,heap     ] GC(782) Humongous regions: 918->458
[11.051s][info   ][gc,metaspace] GC(782) Metaspace: 158K(384K)->158K(384K) NonClass: 150K(256K)->150K(256K) Class: 8K(128K)->8K(128K)
[11.051s][info   ][gc          ] GC(782) Pause Young (Concurrent Start) (G1 Humongous Allocation) 919M->459M(2048M) 1.461ms
[11.051s][info   ][gc,cpu      ] GC(782) User=0.00s Sys=0.00s Real=0.00s
[11.051s][info   ][gc          ] GC(783) Concurrent Undo Cycle
[11.051s][info   ][gc,marking  ] GC(783) Concurrent Cleanup for Next Mark
[11.065s][info   ][gc,marking  ] GC(783) Concurrent Cleanup for Next Mark 13.676ms
[11.065s][info   ][gc          ] GC(783) Concurrent Undo Cycle 13.841ms
[11.086s][info   ][gc,start    ] GC(784) Pause Young (Concurrent Start) (G1 Humongous Allocation)
[11.086s][info   ][gc,task     ] GC(784) Using 4 workers of 4 for evacuation
[11.088s][info   ][gc,phases   ] GC(784)   Pre Evacuate Collection Set: 0.3ms
[11.088s][info   ][gc,phases   ] GC(784)   Merge Heap Roots: 0.1ms
[11.088s][info   ][gc,phases   ] GC(784)   Evacuate Collection Set: 0.3ms
[11.088s][info   ][gc,phases   ] GC(784)   Post Evacuate Collection Set: 0.6ms
[11.088s][info   ][gc,phases   ] GC(784)   Other: 0.3ms
[11.088s][info   ][gc,heap     ] GC(784) Eden regions: 0->0(1228)
[11.088s][info   ][gc,heap     ] GC(784) Survivor regions: 0->0(154)
[11.088s][info   ][gc,heap     ] GC(784) Old regions: 1->1
[11.088s][info   ][gc,heap     ] GC(784) Archive regions: 2->2
[11.088s][info   ][gc,heap     ] GC(784) Humongous regions: 918->382
[11.088s][info   ][gc,metaspace] GC(784) Metaspace: 158K(384K)->158K(384K) NonClass: 150K(256K)->150K(256K) Class: 8K(128K)->8K(128K)
[11.088s][info   ][gc          ] GC(784) Pause Young (Concurrent Start) (G1 Humongous Allocation) 919M->383M(2048M) 1.672ms
[11.088s][info   ][gc,cpu      ] GC(784) User=0.00s Sys=0.00s Real=0.00s
[11.088s][info   ][gc          ] GC(785) Concurrent Undo Cycle
[11.091s][info   ][gc,marking  ] GC(785) Concurrent Cleanup for Next Mark
[11.116s][info   ][gc,marking  ] GC(785) Concurrent Cleanup for Next Mark 24.949ms
[11.116s][info   ][gc          ] GC(785) Concurrent Undo Cycle 28.319ms
[11.127s][info   ][gc,start    ] GC(786) Pause Young (Concurrent Start) (G1 Humongous Allocation)
[11.127s][info   ][gc,task     ] GC(786) Using 4 workers of 4 for evacuation
[11.129s][info   ][gc,phases   ] GC(786)   Pre Evacuate Collection Set: 0.3ms
[11.129s][info   ][gc,phases   ] GC(786)   Merge Heap Roots: 0.1ms
[11.129s][info   ][gc,phases   ] GC(786)   Evacuate Collection Set: 0.3ms
[11.129s][info   ][gc,phases   ] GC(786)   Post Evacuate Collection Set: 0.8ms
[11.129s][info   ][gc,phases   ] GC(786)   Other: 0.2ms
[11.129s][info   ][gc,heap     ] GC(786) Eden regions: 0->0(1228)
[11.129s][info   ][gc,heap     ] GC(786) Survivor regions: 0->0(154)
[11.129s][info   ][gc,heap     ] GC(786) Old regions: 1->1
[11.129s][info   ][gc,heap     ] GC(786) Archive regions: 2->2
[11.129s][info   ][gc,heap     ] GC(786) Humongous regions: 918->366
[11.129s][info   ][gc,metaspace] GC(786) Metaspace: 158K(384K)->158K(384K) NonClass: 150K(256K)->150K(256K) Class: 8K(128K)->8K(128K)
[11.129s][info   ][gc          ] GC(786) Pause Young (Concurrent Start) (G1 Humongous Allocation) 919M->367M(2048M) 1.768ms
[11.129s][info   ][gc,cpu      ] GC(786) User=0.00s Sys=0.01s Real=0.01s
[11.129s][info   ][gc          ] GC(787) Concurrent Undo Cycle
[11.129s][info   ][gc,marking  ] GC(787) Concurrent Cleanup for Next Mark
[11.147s][info   ][gc,marking  ] GC(787) Concurrent Cleanup for Next Mark 17.444ms
[11.147s][info   ][gc          ] GC(787) Concurrent Undo Cycle 17.757ms
[11.172s][info   ][gc,start    ] GC(788) Pause Young (Concurrent Start) (G1 Humongous Allocation)
[11.172s][info   ][gc,task     ] GC(788) Using 4 workers of 4 for evacuation
[11.174s][info   ][gc,phases   ] GC(788)   Pre Evacuate Collection Set: 0.3ms
[11.174s][info   ][gc,phases   ] GC(788)   Merge Heap Roots: 0.1ms
[11.174s][info   ][gc,phases   ] GC(788)   Evacuate Collection Set: 0.3ms
[11.174s][info   ][gc,phases   ] GC(788)   Post Evacuate Collection Set: 0.8ms
[11.174s][info   ][gc,phases   ] GC(788)   Other: 0.2ms
[11.174s][info   ][gc,heap     ] GC(788) Eden regions: 0->0(1228)
[11.174s][info   ][gc,heap     ] GC(788) Survivor regions: 0->0(154)
[11.174s][info   ][gc,heap     ] GC(788) Old regions: 1->1
[11.174s][info   ][gc,heap     ] GC(788) Archive regions: 2->2
[11.174s][info   ][gc,heap     ] GC(788) Humongous regions: 920->342
[11.174s][info   ][gc,metaspace] GC(788) Metaspace: 158K(384K)->158K(384K) NonClass: 150K(256K)->150K(256K) Class: 8K(128K)->8K(128K)
[11.174s][info   ][gc          ] GC(788) Pause Young (Concurrent Start) (G1 Humongous Allocation) 921M->343M(2048M) 1.746ms
[11.174s][info   ][gc,cpu      ] GC(788) User=0.00s Sys=0.00s Real=0.00s
[11.174s][info   ][gc          ] GC(789) Concurrent Undo Cycle
[11.174s][info   ][gc,marking  ] GC(789) Concurrent Cleanup for Next Mark
[11.208s][info   ][gc,marking  ] GC(789) Concurrent Cleanup for Next Mark 34.719ms
[11.209s][info   ][gc          ] GC(789) Concurrent Undo Cycle 34.896ms
[11.215s][info   ][gc,start    ] GC(790) Pause Young (Concurrent Start) (G1 Humongous Allocation)
[11.215s][info   ][gc,task     ] GC(790) Using 4 workers of 4 for evacuation
[11.216s][info   ][gc,phases   ] GC(790)   Pre Evacuate Collection Set: 0.2ms
[11.216s][info   ][gc,phases   ] GC(790)   Merge Heap Roots: 0.1ms
[11.216s][info   ][gc,phases   ] GC(790)   Evacuate Collection Set: 0.2ms
[11.216s][info   ][gc,phases   ] GC(790)   Post Evacuate Collection Set: 0.5ms
[11.216s][info   ][gc,phases   ] GC(790)   Other: 0.2ms
[11.216s][info   ][gc,heap     ] GC(790) Eden regions: 0->0(1228)
[11.216s][info   ][gc,heap     ] GC(790) Survivor regions: 0->0(154)
[11.216s][info   ][gc,heap     ] GC(790) Old regions: 1->1
[11.216s][info   ][gc,heap     ] GC(790) Archive regions: 2->2
[11.216s][info   ][gc,heap     ] GC(790) Humongous regions: 918->318
[11.216s][info   ][gc,metaspace] GC(790) Metaspace: 158K(384K)->158K(384K) NonClass: 150K(256K)->150K(256K) Class: 8K(128K)->8K(128K)
[11.216s][info   ][gc          ] GC(790) Pause Young (Concurrent Start) (G1 Humongous Allocation) 919M->319M(2048M) 1.271ms
[11.216s][info   ][gc,cpu      ] GC(790) User=0.00s Sys=0.00s Real=0.00s
[11.216s][info   ][gc          ] GC(791) Concurrent Undo Cycle
[11.216s][info   ][gc,marking  ] GC(791) Concurrent Cleanup for Next Mark
[11.237s][info   ][gc,marking  ] GC(791) Concurrent Cleanup for Next Mark 20.263ms
[11.237s][info   ][gc          ] GC(791) Concurrent Undo Cycle 20.467ms
[11.259s][info   ][gc,start    ] GC(792) Pause Young (Concurrent Start) (G1 Humongous Allocation)
[11.259s][info   ][gc,task     ] GC(792) Using 4 workers of 4 for evacuation
[11.260s][info   ][gc,phases   ] GC(792)   Pre Evacuate Collection Set: 0.2ms
[11.260s][info   ][gc,phases   ] GC(792)   Merge Heap Roots: 0.1ms
[11.260s][info   ][gc,phases   ] GC(792)   Evacuate Collection Set: 0.2ms
[11.260s][info   ][gc,phases   ] GC(792)   Post Evacuate Collection Set: 0.6ms
[11.260s][info   ][gc,phases   ] GC(792)   Other: 0.2ms
[11.260s][info   ][gc,heap     ] GC(792) Eden regions: 0->0(1228)
[11.260s][info   ][gc,heap     ] GC(792) Survivor regions: 0->0(154)
[11.260s][info   ][gc,heap     ] GC(792) Old regions: 1->1
[11.260s][info   ][gc,heap     ] GC(792) Archive regions: 2->2
[11.260s][info   ][gc,heap     ] GC(792) Humongous regions: 918->308
[11.260s][info   ][gc,metaspace] GC(792) Metaspace: 158K(384K)->158K(384K) NonClass: 150K(256K)->150K(256K) Class: 8K(128K)->8K(128K)
[11.260s][info   ][gc          ] GC(792) Pause Young (Concurrent Start) (G1 Humongous Allocation) 919M->309M(2048M) 1.490ms
[11.260s][info   ][gc,cpu      ] GC(792) User=0.00s Sys=0.00s Real=0.00s
[11.260s][info   ][gc          ] GC(793) Concurrent Undo Cycle
[11.260s][info   ][gc,marking  ] GC(793) Concurrent Cleanup for Next Mark
[11.272s][info   ][gc,marking  ] GC(793) Concurrent Cleanup for Next Mark 11.329ms
[11.272s][info   ][gc          ] GC(793) Concurrent Undo Cycle 11.462ms
[11.304s][info   ][gc,start    ] GC(794) Pause Young (Concurrent Start) (G1 Humongous Allocation)
[11.304s][info   ][gc,task     ] GC(794) Using 4 workers of 4 for evacuation
[11.306s][info   ][gc,phases   ] GC(794)   Pre Evacuate Collection Set: 0.1ms
[11.306s][info   ][gc,phases   ] GC(794)   Merge Heap Roots: 0.1ms
[11.306s][info   ][gc,phases   ] GC(794)   Evacuate Collection Set: 0.7ms
[11.306s][info   ][gc,phases   ] GC(794)   Post Evacuate Collection Set: 0.6ms
[11.306s][info   ][gc,phases   ] GC(794)   Other: 0.2ms
[11.306s][info   ][gc,heap     ] GC(794) Eden regions: 0->0(1228)
[11.306s][info   ][gc,heap     ] GC(794) Survivor regions: 0->0(154)
[11.306s][info   ][gc,heap     ] GC(794) Old regions: 1->1
[11.306s][info   ][gc,heap     ] GC(794) Archive regions: 2->2
[11.306s][info   ][gc,heap     ] GC(794) Humongous regions: 918->378
[11.306s][info   ][gc,metaspace] GC(794) Metaspace: 158K(384K)->158K(384K) NonClass: 150K(256K)->150K(256K) Class: 8K(128K)->8K(128K)
[11.306s][info   ][gc          ] GC(794) Pause Young (Concurrent Start) (G1 Humongous Allocation) 919M->379M(2048M) 1.815ms
[11.306s][info   ][gc,cpu      ] GC(794) User=0.00s Sys=0.00s Real=0.00s
[11.306s][info   ][gc          ] GC(795) Concurrent Undo Cycle
[11.306s][info   ][gc,marking  ] GC(795) Concurrent Cleanup for Next Mark
[11.315s][info   ][gc,marking  ] GC(795) Concurrent Cleanup for Next Mark 9.412ms
[11.316s][info   ][gc          ] GC(795) Concurrent Undo Cycle 9.610ms
[11.347s][info   ][gc,start    ] GC(796) Pause Young (Concurrent Start) (G1 Humongous Allocation)
[11.347s][info   ][gc,task     ] GC(796) Using 4 workers of 4 for evacuation
[11.349s][info   ][gc,phases   ] GC(796)   Pre Evacuate Collection Set: 0.2ms
[11.349s][info   ][gc,phases   ] GC(796)   Merge Heap Roots: 0.2ms
[11.349s][info   ][gc,phases   ] GC(796)   Evacuate Collection Set: 0.4ms
[11.349s][info   ][gc,phases   ] GC(796)   Post Evacuate Collection Set: 0.8ms
[11.349s][info   ][gc,phases   ] GC(796)   Other: 0.3ms
[11.349s][info   ][gc,heap     ] GC(796) Eden regions: 0->0(1228)
[11.349s][info   ][gc,heap     ] GC(796) Survivor regions: 0->0(154)
[11.349s][info   ][gc,heap     ] GC(796) Old regions: 1->1
[11.349s][info   ][gc,heap     ] GC(796) Archive regions: 2->2
[11.349s][info   ][gc,heap     ] GC(796) Humongous regions: 918->406
[11.349s][info   ][gc,metaspace] GC(796) Metaspace: 158K(384K)->158K(384K) NonClass: 150K(256K)->150K(256K) Class: 8K(128K)->8K(128K)
[11.349s][info   ][gc          ] GC(796) Pause Young (Concurrent Start) (G1 Humongous Allocation) 919M->407M(2048M) 1.960ms
[11.349s][info   ][gc,cpu      ] GC(796) User=0.01s Sys=0.00s Real=0.01s
[11.349s][info   ][gc          ] GC(797) Concurrent Undo Cycle
[11.349s][info   ][gc,marking  ] GC(797) Concurrent Cleanup for Next Mark
[11.372s][info   ][gc,marking  ] GC(797) Concurrent Cleanup for Next Mark 22.879ms
[11.373s][info   ][gc          ] GC(797) Concurrent Undo Cycle 23.105ms
[11.387s][info   ][gc,start    ] GC(798) Pause Young (Concurrent Start) (G1 Humongous Allocation)
[11.387s][info   ][gc,task     ] GC(798) Using 4 workers of 4 for evacuation
[11.388s][info   ][gc,phases   ] GC(798)   Pre Evacuate Collection Set: 0.2ms
[11.388s][info   ][gc,phases   ] GC(798)   Merge Heap Roots: 0.1ms
[11.388s][info   ][gc,phases   ] GC(798)   Evacuate Collection Set: 0.3ms
[11.388s][info   ][gc,phases   ] GC(798)   Post Evacuate Collection Set: 0.6ms
[11.388s][info   ][gc,phases   ] GC(798)   Other: 0.2ms
[11.388s][info   ][gc,heap     ] GC(798) Eden regions: 0->0(1228)
[11.388s][info   ][gc,heap     ] GC(798) Survivor regions: 0->0(154)
[11.388s][info   ][gc,heap     ] GC(798) Old regions: 1->1
[11.388s][info   ][gc,heap     ] GC(798) Archive regions: 2->2
[11.388s][info   ][gc,heap     ] GC(798) Humongous regions: 918->466
[11.388s][info   ][gc,metaspace] GC(798) Metaspace: 158K(384K)->158K(384K) NonClass: 150K(256K)->150K(256K) Class: 8K(128K)->8K(128K)
[11.388s][info   ][gc          ] GC(798) Pause Young (Concurrent Start) (G1 Humongous Allocation) 919M->467M(2048M) 1.348ms
[11.388s][info   ][gc,cpu      ] GC(798) User=0.00s Sys=0.00s Real=0.01s
[11.389s][info   ][gc          ] GC(799) Concurrent Undo Cycle
[11.389s][info   ][gc,marking  ] GC(799) Concurrent Cleanup for Next Mark
[11.400s][info   ][gc,marking  ] GC(799) Concurrent Cleanup for Next Mark 11.769ms
[11.400s][info   ][gc          ] GC(799) Concurrent Undo Cycle 11.962ms
[11.422s][info   ][gc,start    ] GC(800) Pause Young (Concurrent Start) (G1 Humongous Allocation)
[11.422s][info   ][gc,task     ] GC(800) Using 4 workers of 4 for evacuation
[11.423s][info   ][gc,phases   ] GC(800)   Pre Evacuate Collection Set: 0.2ms
[11.423s][info   ][gc,phases   ] GC(800)   Merge Heap Roots: 0.1ms
[11.423s][info   ][gc,phases   ] GC(800)   Evacuate Collection Set: 0.2ms
[11.423s][info   ][gc,phases   ] GC(800)   Post Evacuate Collection Set: 0.5ms
[11.423s][info   ][gc,phases   ] GC(800)   Other: 0.2ms
[11.423s][info   ][gc,heap     ] GC(800) Eden regions: 0->0(1228)
[11.423s][info   ][gc,heap     ] GC(800) Survivor regions: 0->0(154)
[11.423s][info   ][gc,heap     ] GC(800) Old regions: 1->1
[11.423s][info   ][gc,heap     ] GC(800) Archive regions: 2->2
[11.423s][info   ][gc,heap     ] GC(800) Humongous regions: 918->490
[11.423s][info   ][gc,metaspace] GC(800) Metaspace: 158K(384K)->158K(384K) NonClass: 150K(256K)->150K(256K) Class: 8K(128K)->8K(128K)
[11.423s][info   ][gc          ] GC(800) Pause Young (Concurrent Start) (G1 Humongous Allocation) 919M->491M(2048M) 1.344ms
[11.423s][info   ][gc,cpu      ] GC(800) User=0.01s Sys=0.00s Real=0.00s
[11.423s][info   ][gc          ] GC(801) Concurrent Undo Cycle
[11.423s][info   ][gc,marking  ] GC(801) Concurrent Cleanup for Next Mark
[11.438s][info   ][gc,marking  ] GC(801) Concurrent Cleanup for Next Mark 14.495ms
[11.438s][info   ][gc          ] GC(801) Concurrent Undo Cycle 14.652ms
[11.456s][info   ][gc,start    ] GC(802) Pause Young (Concurrent Start) (G1 Humongous Allocation)
[11.456s][info   ][gc,task     ] GC(802) Using 4 workers of 4 for evacuation
[11.457s][info   ][gc,phases   ] GC(802)   Pre Evacuate Collection Set: 0.2ms
[11.457s][info   ][gc,phases   ] GC(802)   Merge Heap Roots: 0.1ms
[11.457s][info   ][gc,phases   ] GC(802)   Evacuate Collection Set: 0.2ms
[11.457s][info   ][gc,phases   ] GC(802)   Post Evacuate Collection Set: 0.7ms
[11.457s][info   ][gc,phases   ] GC(802)   Other: 0.2ms
[11.457s][info   ][gc,heap     ] GC(802) Eden regions: 0->0(1211)
[11.457s][info   ][gc,heap     ] GC(802) Survivor regions: 0->0(154)
[11.457s][info   ][gc,heap     ] GC(802) Old regions: 1->1
[11.457s][info   ][gc,heap     ] GC(802) Archive regions: 2->2
[11.457s][info   ][gc,heap     ] GC(802) Humongous regions: 918->528
[11.457s][info   ][gc,metaspace] GC(802) Metaspace: 158K(384K)->158K(384K) NonClass: 150K(256K)->150K(256K) Class: 8K(128K)->8K(128K)
[11.458s][info   ][gc          ] GC(802) Pause Young (Concurrent Start) (G1 Humongous Allocation) 919M->529M(2048M) 1.484ms
[11.458s][info   ][gc,cpu      ] GC(802) User=0.00s Sys=0.00s Real=0.00s
[11.458s][info   ][gc          ] GC(803) Concurrent Undo Cycle
[11.458s][info   ][gc,marking  ] GC(803) Concurrent Cleanup for Next Mark
[11.471s][info   ][gc,marking  ] GC(803) Concurrent Cleanup for Next Mark 13.351ms
[11.471s][info   ][gc          ] GC(803) Concurrent Undo Cycle 13.528ms
[11.486s][info   ][gc,start    ] GC(804) Pause Young (Concurrent Start) (G1 Humongous Allocation)
[11.486s][info   ][gc,task     ] GC(804) Using 4 workers of 4 for evacuation
[11.487s][info   ][gc,phases   ] GC(804)   Pre Evacuate Collection Set: 0.2ms
[11.487s][info   ][gc,phases   ] GC(804)   Merge Heap Roots: 0.1ms
[11.487s][info   ][gc,phases   ] GC(804)   Evacuate Collection Set: 0.3ms
[11.487s][info   ][gc,phases   ] GC(804)   Post Evacuate Collection Set: 0.5ms
[11.487s][info   ][gc,phases   ] GC(804)   Other: 0.2ms
[11.487s][info   ][gc,heap     ] GC(804) Eden regions: 0->0(1143)
[11.487s][info   ][gc,heap     ] GC(804) Survivor regions: 0->0(152)
[11.487s][info   ][gc,heap     ] GC(804) Old regions: 1->1
[11.487s][info   ][gc,heap     ] GC(804) Archive regions: 2->2
[11.487s][info   ][gc,heap     ] GC(804) Humongous regions: 918->602
[11.487s][info   ][gc,metaspace] GC(804) Metaspace: 158K(384K)->158K(384K) NonClass: 150K(256K)->150K(256K) Class: 8K(128K)->8K(128K)
[11.487s][info   ][gc          ] GC(804) Pause Young (Concurrent Start) (G1 Humongous Allocation) 919M->603M(2048M) 1.285ms
[11.487s][info   ][gc,cpu      ] GC(804) User=0.00s Sys=0.00s Real=0.00s
[11.487s][info   ][gc          ] GC(805) Concurrent Undo Cycle
[11.487s][info   ][gc,marking  ] GC(805) Concurrent Cleanup for Next Mark
[11.510s][info   ][gc,marking  ] GC(805) Concurrent Cleanup for Next Mark 22.855ms
[11.510s][info   ][gc          ] GC(805) Concurrent Undo Cycle 23.162ms
[11.513s][info   ][gc,start    ] GC(806) Pause Young (Concurrent Start) (G1 Humongous Allocation)
[11.513s][info   ][gc,task     ] GC(806) Using 4 workers of 4 for evacuation
[11.514s][info   ][gc,phases   ] GC(806)   Pre Evacuate Collection Set: 0.2ms
[11.514s][info   ][gc,phases   ] GC(806)   Merge Heap Roots: 0.1ms
[11.514s][info   ][gc,phases   ] GC(806)   Evacuate Collection Set: 0.3ms
[11.514s][info   ][gc,phases   ] GC(806)   Post Evacuate Collection Set: 0.5ms
[11.514s][info   ][gc,phases   ] GC(806)   Other: 0.2ms
[11.514s][info   ][gc,heap     ] GC(806) Eden regions: 0->0(1136)
[11.514s][info   ][gc,heap     ] GC(806) Survivor regions: 0->0(143)
[11.514s][info   ][gc,heap     ] GC(806) Old regions: 1->1
[11.515s][info   ][gc,heap     ] GC(806) Archive regions: 2->2
[11.515s][info   ][gc,heap     ] GC(806) Humongous regions: 918->610
[11.515s][info   ][gc,metaspace] GC(806) Metaspace: 158K(384K)->158K(384K) NonClass: 150K(256K)->150K(256K) Class: 8K(128K)->8K(128K)
[11.515s][info   ][gc          ] GC(806) Pause Young (Concurrent Start) (G1 Humongous Allocation) 919M->611M(2048M) 1.439ms
[11.515s][info   ][gc,cpu      ] GC(806) User=0.00s Sys=0.00s Real=0.00s
[11.515s][info   ][gc          ] GC(807) Concurrent Undo Cycle
[11.515s][info   ][gc,marking  ] GC(807) Concurrent Cleanup for Next Mark
[11.526s][info   ][gc,marking  ] GC(807) Concurrent Cleanup for Next Mark 11.689ms
[11.529s][info   ][gc          ] GC(807) Concurrent Undo Cycle 14.831ms
[11.538s][info   ][gc,start    ] GC(808) Pause Young (Concurrent Start) (G1 Humongous Allocation)
[11.538s][info   ][gc,task     ] GC(808) Using 4 workers of 4 for evacuation
[11.539s][info   ][gc,phases   ] GC(808)   Pre Evacuate Collection Set: 0.3ms
[11.539s][info   ][gc,phases   ] GC(808)   Merge Heap Roots: 0.1ms
[11.539s][info   ][gc,phases   ] GC(808)   Evacuate Collection Set: 0.2ms
[11.539s][info   ][gc,phases   ] GC(808)   Post Evacuate Collection Set: 0.5ms
[11.539s][info   ][gc,phases   ] GC(808)   Other: 0.2ms
[11.539s][info   ][gc,heap     ] GC(808) Eden regions: 0->0(1136)
[11.539s][info   ][gc,heap     ] GC(808) Survivor regions: 0->0(142)
[11.539s][info   ][gc,heap     ] GC(808) Old regions: 1->1
[11.539s][info   ][gc,heap     ] GC(808) Archive regions: 2->2
[11.539s][info   ][gc,heap     ] GC(808) Humongous regions: 918->610
[11.539s][info   ][gc,metaspace] GC(808) Metaspace: 158K(384K)->158K(384K) NonClass: 150K(256K)->150K(256K) Class: 8K(128K)->8K(128K)
[11.539s][info   ][gc          ] GC(808) Pause Young (Concurrent Start) (G1 Humongous Allocation) 919M->611M(2048M) 1.467ms
[11.539s][info   ][gc,cpu      ] GC(808) User=0.00s Sys=0.01s Real=0.01s
[11.539s][info   ][gc          ] GC(809) Concurrent Undo Cycle
[11.539s][info   ][gc,marking  ] GC(809) Concurrent Cleanup for Next Mark
[11.550s][info   ][gc,marking  ] GC(809) Concurrent Cleanup for Next Mark 10.932ms
[11.550s][info   ][gc          ] GC(809) Concurrent Undo Cycle 11.356ms
[11.564s][info   ][gc,start    ] GC(810) Pause Young (Concurrent Start) (G1 Humongous Allocation)
[11.564s][info   ][gc,task     ] GC(810) Using 4 workers of 4 for evacuation
[11.566s][info   ][gc,phases   ] GC(810)   Pre Evacuate Collection Set: 0.2ms
[11.566s][info   ][gc,phases   ] GC(810)   Merge Heap Roots: 0.1ms
[11.566s][info   ][gc,phases   ] GC(810)   Evacuate Collection Set: 0.4ms
[11.566s][info   ][gc,phases   ] GC(810)   Post Evacuate Collection Set: 0.4ms
[11.566s][info   ][gc,phases   ] GC(810)   Other: 0.2ms
[11.566s][info   ][gc,heap     ] GC(810) Eden regions: 0->0(1148)
[11.566s][info   ][gc,heap     ] GC(810) Survivor regions: 0->0(142)
[11.566s][info   ][gc,heap     ] GC(810) Old regions: 1->1
[11.566s][info   ][gc,heap     ] GC(810) Archive regions: 2->2
[11.566s][info   ][gc,heap     ] GC(810) Humongous regions: 918->596
[11.566s][info   ][gc,metaspace] GC(810) Metaspace: 158K(384K)->158K(384K) NonClass: 150K(256K)->150K(256K) Class: 8K(128K)->8K(128K)
[11.566s][info   ][gc          ] GC(810) Pause Young (Concurrent Start) (G1 Humongous Allocation) 919M->597M(2048M) 1.380ms
[11.566s][info   ][gc,cpu      ] GC(810) User=0.00s Sys=0.00s Real=0.00s
[11.566s][info   ][gc          ] GC(811) Concurrent Undo Cycle
[11.566s][info   ][gc,marking  ] GC(811) Concurrent Cleanup for Next Mark
[11.576s][info   ][gc,marking  ] GC(811) Concurrent Cleanup for Next Mark 10.673ms
[11.577s][info   ][gc          ] GC(811) Concurrent Undo Cycle 10.905ms
[11.591s][info   ][gc,start    ] GC(812) Pause Young (Concurrent Start) (G1 Humongous Allocation)
[11.591s][info   ][gc,task     ] GC(812) Using 4 workers of 4 for evacuation
[11.593s][info   ][gc,phases   ] GC(812)   Pre Evacuate Collection Set: 0.2ms
[11.593s][info   ][gc,phases   ] GC(812)   Merge Heap Roots: 0.1ms
[11.593s][info   ][gc,phases   ] GC(812)   Evacuate Collection Set: 0.4ms
[11.593s][info   ][gc,phases   ] GC(812)   Post Evacuate Collection Set: 0.5ms
[11.593s][info   ][gc,phases   ] GC(812)   Other: 0.2ms
[11.593s][info   ][gc,heap     ] GC(812) Eden regions: 0->0(1165)
[11.593s][info   ][gc,heap     ] GC(812) Survivor regions: 0->0(144)
[11.593s][info   ][gc,heap     ] GC(812) Old regions: 1->1
[11.593s][info   ][gc,heap     ] GC(812) Archive regions: 2->2
[11.593s][info   ][gc,heap     ] GC(812) Humongous regions: 918->578
[11.593s][info   ][gc,metaspace] GC(812) Metaspace: 158K(384K)->158K(384K) NonClass: 150K(256K)->150K(256K) Class: 8K(128K)->8K(128K)
[11.593s][info   ][gc          ] GC(812) Pause Young (Concurrent Start) (G1 Humongous Allocation) 919M->579M(2048M) 1.358ms
[11.593s][info   ][gc,cpu      ] GC(812) User=0.00s Sys=0.00s Real=0.00s
[11.593s][info   ][gc          ] GC(813) Concurrent Undo Cycle
[11.593s][info   ][gc,marking  ] GC(813) Concurrent Cleanup for Next Mark
[11.612s][info   ][gc,marking  ] GC(813) Concurrent Cleanup for Next Mark 19.603ms
[11.613s][info   ][gc          ] GC(813) Concurrent Undo Cycle 20.001ms
[11.620s][info   ][gc,start    ] GC(814) Pause Young (Concurrent Start) (G1 Humongous Allocation)
[11.620s][info   ][gc,task     ] GC(814) Using 4 workers of 4 for evacuation
[11.621s][info   ][gc,phases   ] GC(814)   Pre Evacuate Collection Set: 0.2ms
[11.621s][info   ][gc,phases   ] GC(814)   Merge Heap Roots: 0.1ms
[11.621s][info   ][gc,phases   ] GC(814)   Evacuate Collection Set: 0.2ms
[11.621s][info   ][gc,phases   ] GC(814)   Post Evacuate Collection Set: 0.6ms
[11.621s][info   ][gc,phases   ] GC(814)   Other: 0.2ms
[11.621s][info   ][gc,heap     ] GC(814) Eden regions: 0->0(1165)
[11.621s][info   ][gc,heap     ] GC(814) Survivor regions: 0->0(146)
[11.621s][info   ][gc,heap     ] GC(814) Old regions: 1->1
[11.621s][info   ][gc,heap     ] GC(814) Archive regions: 2->2
[11.621s][info   ][gc,heap     ] GC(814) Humongous regions: 918->578
[11.621s][info   ][gc,metaspace] GC(814) Metaspace: 158K(384K)->158K(384K) NonClass: 150K(256K)->150K(256K) Class: 8K(128K)->8K(128K)
[11.621s][info   ][gc          ] GC(814) Pause Young (Concurrent Start) (G1 Humongous Allocation) 919M->579M(2048M) 1.297ms
[11.621s][info   ][gc,cpu      ] GC(814) User=0.00s Sys=0.00s Real=0.00s
[11.622s][info   ][gc          ] GC(815) Concurrent Undo Cycle
[11.622s][info   ][gc,marking  ] GC(815) Concurrent Cleanup for Next Mark
[11.628s][info   ][gc,marking  ] GC(815) Concurrent Cleanup for Next Mark 6.018ms
[11.628s][info   ][gc          ] GC(815) Concurrent Undo Cycle 6.280ms
[11.633s][info   ][gc,start    ] GC(816) Pause Young (Concurrent Start) (G1 Humongous Allocation)
[11.634s][info   ][gc,task     ] GC(816) Using 4 workers of 4 for evacuation
[11.635s][info   ][gc,phases   ] GC(816)   Pre Evacuate Collection Set: 0.2ms
[11.635s][info   ][gc,phases   ] GC(816)   Merge Heap Roots: 0.1ms
[11.635s][info   ][gc,phases   ] GC(816)   Evacuate Collection Set: 0.6ms
[11.635s][info   ][gc,phases   ] GC(816)   Post Evacuate Collection Set: 0.3ms
[11.635s][info   ][gc,phases   ] GC(816)   Other: 0.2ms
[11.635s][info   ][gc,heap     ] GC(816) Eden regions: 0->0(1176)
[11.635s][info   ][gc,heap     ] GC(816) Survivor regions: 0->0(146)
[11.635s][info   ][gc,heap     ] GC(816) Old regions: 1->1
[11.635s][info   ][gc,heap     ] GC(816) Archive regions: 2->2
[11.635s][info   ][gc,heap     ] GC(816) Humongous regions: 702->566
[11.635s][info   ][gc,metaspace] GC(816) Metaspace: 158K(384K)->158K(384K) NonClass: 150K(256K)->150K(256K) Class: 8K(128K)->8K(128K)
[11.635s][info   ][gc          ] GC(816) Pause Young (Concurrent Start) (G1 Humongous Allocation) 703M->567M(2048M) 1.465ms
[11.635s][info   ][gc,cpu      ] GC(816) User=0.00s Sys=0.00s Real=0.00s
[11.635s][info   ][gc          ] GC(817) Concurrent Undo Cycle
[11.635s][info   ][gc,marking  ] GC(817) Concurrent Cleanup for Next Mark
[11.661s][info   ][gc,marking  ] GC(817) Concurrent Cleanup for Next Mark 25.824ms
[11.661s][info   ][gc          ] GC(817) Concurrent Undo Cycle 26.053ms
[11.662s][info   ][gc,start    ] GC(818) Pause Young (Concurrent Start) (G1 Humongous Allocation)
[11.662s][info   ][gc,task     ] GC(818) Using 4 workers of 4 for evacuation
[11.663s][info   ][gc,phases   ] GC(818)   Pre Evacuate Collection Set: 0.2ms
[11.663s][info   ][gc,phases   ] GC(818)   Merge Heap Roots: 0.1ms
[11.663s][info   ][gc,phases   ] GC(818)   Evacuate Collection Set: 0.3ms
[11.663s][info   ][gc,phases   ] GC(818)   Post Evacuate Collection Set: 0.5ms
[11.663s][info   ][gc,phases   ] GC(818)   Other: 0.2ms
[11.663s][info   ][gc,heap     ] GC(818) Eden regions: 0->0(1147)
[11.663s][info   ][gc,heap     ] GC(818) Survivor regions: 0->0(147)
[11.663s][info   ][gc,heap     ] GC(818) Old regions: 1->1
[11.663s][info   ][gc,heap     ] GC(818) Archive regions: 2->2
[11.663s][info   ][gc,heap     ] GC(818) Humongous regions: 920->598
[11.663s][info   ][gc,metaspace] GC(818) Metaspace: 158K(384K)->158K(384K) NonClass: 150K(256K)->150K(256K) Class: 8K(128K)->8K(128K)
[11.663s][info   ][gc          ] GC(818) Pause Young (Concurrent Start) (G1 Humongous Allocation) 921M->599M(2048M) 1.284ms
[11.663s][info   ][gc,cpu      ] GC(818) User=0.00s Sys=0.00s Real=0.00s
[11.663s][info   ][gc          ] GC(819) Concurrent Undo Cycle
[11.663s][info   ][gc,marking  ] GC(819) Concurrent Cleanup for Next Mark
[11.695s][info   ][gc,marking  ] GC(819) Concurrent Cleanup for Next Mark 31.065ms
[11.695s][info   ][gc          ] GC(819) Concurrent Undo Cycle 31.415ms
[11.696s][info   ][gc,start    ] GC(820) Pause Young (Concurrent Start) (G1 Humongous Allocation)
[11.696s][info   ][gc,task     ] GC(820) Using 4 workers of 4 for evacuation
[11.698s][info   ][gc,phases   ] GC(820)   Pre Evacuate Collection Set: 0.3ms
[11.698s][info   ][gc,phases   ] GC(820)   Merge Heap Roots: 0.1ms
[11.698s][info   ][gc,phases   ] GC(820)   Evacuate Collection Set: 0.9ms
[11.698s][info   ][gc,phases   ] GC(820)   Post Evacuate Collection Set: 0.7ms
[11.698s][info   ][gc,phases   ] GC(820)   Other: 0.3ms
[11.698s][info   ][gc,heap     ] GC(820) Eden regions: 0->0(1160)
[11.698s][info   ][gc,heap     ] GC(820) Survivor regions: 0->0(144)
[11.698s][info   ][gc,heap     ] GC(820) Old regions: 1->1
[11.698s][info   ][gc,heap     ] GC(820) Archive regions: 2->2
[11.698s][info   ][gc,heap     ] GC(820) Humongous regions: 1004->584
[11.698s][info   ][gc,metaspace] GC(820) Metaspace: 158K(384K)->158K(384K) NonClass: 150K(256K)->150K(256K) Class: 8K(128K)->8K(128K)
[11.698s][info   ][gc          ] GC(820) Pause Young (Concurrent Start) (G1 Humongous Allocation) 1005M->585M(2048M) 2.355ms
[11.698s][info   ][gc,cpu      ] GC(820) User=0.01s Sys=0.00s Real=0.00s
[11.698s][info   ][gc          ] GC(821) Concurrent Undo Cycle
[11.698s][info   ][gc,marking  ] GC(821) Concurrent Cleanup for Next Mark
[11.715s][info   ][gc,marking  ] GC(821) Concurrent Cleanup for Next Mark 16.520ms
[11.715s][info   ][gc          ] GC(821) Concurrent Undo Cycle 16.766ms
[11.725s][info   ][gc,start    ] GC(822) Pause Young (Concurrent Start) (G1 Humongous Allocation)
[11.725s][info   ][gc,task     ] GC(822) Using 4 workers of 4 for evacuation
[11.726s][info   ][gc,phases   ] GC(822)   Pre Evacuate Collection Set: 0.2ms
[11.726s][info   ][gc,phases   ] GC(822)   Merge Heap Roots: 0.1ms
[11.726s][info   ][gc,phases   ] GC(822)   Evacuate Collection Set: 0.5ms
[11.726s][info   ][gc,phases   ] GC(822)   Post Evacuate Collection Set: 0.5ms
[11.727s][info   ][gc,phases   ] GC(822)   Other: 0.2ms
[11.727s][info   ][gc,heap     ] GC(822) Eden regions: 0->0(1204)
[11.727s][info   ][gc,heap     ] GC(822) Survivor regions: 0->0(145)
[11.727s][info   ][gc,heap     ] GC(822) Old regions: 1->1
[11.727s][info   ][gc,heap     ] GC(822) Archive regions: 2->2
[11.727s][info   ][gc,heap     ] GC(822) Humongous regions: 920->536
[11.727s][info   ][gc,metaspace] GC(822) Metaspace: 158K(384K)->158K(384K) NonClass: 150K(256K)->150K(256K) Class: 8K(128K)->8K(128K)
[11.727s][info   ][gc          ] GC(822) Pause Young (Concurrent Start) (G1 Humongous Allocation) 921M->537M(2048M) 1.582ms
[11.727s][info   ][gc,cpu      ] GC(822) User=0.00s Sys=0.01s Real=0.00s
[11.727s][info   ][gc          ] GC(823) Concurrent Undo Cycle
[11.727s][info   ][gc,marking  ] GC(823) Concurrent Cleanup for Next Mark
[11.771s][info   ][gc,marking  ] GC(823) Concurrent Cleanup for Next Mark 43.892ms
[11.771s][info   ][gc          ] GC(823) Concurrent Undo Cycle 44.083ms
[11.772s][info   ][gc,start    ] GC(824) Pause Young (Concurrent Start) (G1 Humongous Allocation)
[11.772s][info   ][gc,task     ] GC(824) Using 4 workers of 4 for evacuation
[11.773s][info   ][gc,phases   ] GC(824)   Pre Evacuate Collection Set: 0.1ms
[11.773s][info   ][gc,phases   ] GC(824)   Merge Heap Roots: 0.1ms
[11.773s][info   ][gc,phases   ] GC(824)   Evacuate Collection Set: 0.2ms
[11.773s][info   ][gc,phases   ] GC(824)   Post Evacuate Collection Set: 0.7ms
[11.773s][info   ][gc,phases   ] GC(824)   Other: 0.2ms
[11.773s][info   ][gc,heap     ] GC(824) Eden regions: 0->0(1228)
[11.773s][info   ][gc,heap     ] GC(824) Survivor regions: 0->0(151)
[11.773s][info   ][gc,heap     ] GC(824) Old regions: 1->1
[11.773s][info   ][gc,heap     ] GC(824) Archive regions: 2->2
[11.773s][info   ][gc,heap     ] GC(824) Humongous regions: 1148->504
[11.773s][info   ][gc,metaspace] GC(824) Metaspace: 158K(384K)->158K(384K) NonClass: 150K(256K)->150K(256K) Class: 8K(128K)->8K(128K)
[11.773s][info   ][gc          ] GC(824) Pause Young (Concurrent Start) (G1 Humongous Allocation) 1149M->505M(2048M) 1.376ms
[11.773s][info   ][gc,cpu      ] GC(824) User=0.00s Sys=0.00s Real=0.00s
[11.773s][info   ][gc          ] GC(825) Concurrent Undo Cycle
[11.774s][info   ][gc,marking  ] GC(825) Concurrent Cleanup for Next Mark
[11.811s][info   ][gc,marking  ] GC(825) Concurrent Cleanup for Next Mark 36.994ms
[11.811s][info   ][gc          ] GC(825) Concurrent Undo Cycle 37.318ms
[11.812s][info   ][gc,start    ] GC(826) Pause Young (Concurrent Start) (G1 Humongous Allocation)
[11.812s][info   ][gc,task     ] GC(826) Using 4 workers of 4 for evacuation
[11.814s][info   ][gc,phases   ] GC(826)   Pre Evacuate Collection Set: 0.2ms
[11.814s][info   ][gc,phases   ] GC(826)   Merge Heap Roots: 0.1ms
[11.814s][info   ][gc,phases   ] GC(826)   Evacuate Collection Set: 0.3ms
[11.814s][info   ][gc,phases   ] GC(826)   Post Evacuate Collection Set: 0.6ms
[11.814s][info   ][gc,phases   ] GC(826)   Other: 0.3ms
[11.814s][info   ][gc,heap     ] GC(826) Eden regions: 0->0(1219)
[11.814s][info   ][gc,heap     ] GC(826) Survivor regions: 0->0(154)
[11.814s][info   ][gc,heap     ] GC(826) Old regions: 1->1
[11.814s][info   ][gc,heap     ] GC(826) Archive regions: 2->2
[11.814s][info   ][gc,heap     ] GC(826) Humongous regions: 994->520
[11.814s][info   ][gc,metaspace] GC(826) Metaspace: 158K(384K)->158K(384K) NonClass: 150K(256K)->150K(256K) Class: 8K(128K)->8K(128K)
[11.814s][info   ][gc          ] GC(826) Pause Young (Concurrent Start) (G1 Humongous Allocation) 995M->521M(2048M) 1.599ms
[11.814s][info   ][gc,cpu      ] GC(826) User=0.00s Sys=0.00s Real=0.00s
[11.814s][info   ][gc          ] GC(827) Concurrent Undo Cycle
[11.814s][info   ][gc,marking  ] GC(827) Concurrent Cleanup for Next Mark
[11.818s][info   ][gc,marking  ] GC(827) Concurrent Cleanup for Next Mark 4.732ms
[11.819s][info   ][gc          ] GC(827) Concurrent Undo Cycle 4.834ms
[11.819s][info   ][gc,start    ] GC(828) Pause Young (Concurrent Start) (G1 Humongous Allocation)
[11.819s][info   ][gc,task     ] GC(828) Using 4 workers of 4 for evacuation
[11.820s][info   ][gc,phases   ] GC(828)   Pre Evacuate Collection Set: 0.1ms
[11.820s][info   ][gc,phases   ] GC(828)   Merge Heap Roots: 0.1ms
[11.820s][info   ][gc,phases   ] GC(828)   Evacuate Collection Set: 0.2ms
[11.820s][info   ][gc,phases   ] GC(828)   Post Evacuate Collection Set: 0.3ms
[11.820s][info   ][gc,phases   ] GC(828)   Other: 0.1ms
[11.820s][info   ][gc,heap     ] GC(828) Eden regions: 0->0(1228)
[11.820s][info   ][gc,heap     ] GC(828) Survivor regions: 0->0(153)
[11.820s][info   ][gc,heap     ] GC(828) Old regions: 1->1
[11.820s][info   ][gc,heap     ] GC(828) Archive regions: 2->2
[11.820s][info   ][gc,heap     ] GC(828) Humongous regions: 524->506
[11.820s][info   ][gc,metaspace] GC(828) Metaspace: 158K(384K)->158K(384K) NonClass: 150K(256K)->150K(256K) Class: 8K(128K)->8K(128K)
[11.820s][info   ][gc          ] GC(828) Pause Young (Concurrent Start) (G1 Humongous Allocation) 525M->507M(2048M) 1.027ms
[11.820s][info   ][gc,cpu      ] GC(828) User=0.00s Sys=0.00s Real=0.00s
[11.820s][info   ][gc          ] GC(829) Concurrent Undo Cycle
[11.820s][info   ][gc,marking  ] GC(829) Concurrent Cleanup for Next Mark
[11.833s][info   ][gc,marking  ] GC(829) Concurrent Cleanup for Next Mark 12.635ms
[11.833s][info   ][gc          ] GC(829) Concurrent Undo Cycle 12.897ms
[11.850s][info   ][gc,start    ] GC(830) Pause Young (Concurrent Start) (G1 Humongous Allocation)
[11.850s][info   ][gc,task     ] GC(830) Using 4 workers of 4 for evacuation
[11.851s][info   ][gc,phases   ] GC(830)   Pre Evacuate Collection Set: 0.2ms
[11.851s][info   ][gc,phases   ] GC(830)   Merge Heap Roots: 0.1ms
[11.851s][info   ][gc,phases   ] GC(830)   Evacuate Collection Set: 0.3ms
[11.851s][info   ][gc,phases   ] GC(830)   Post Evacuate Collection Set: 0.5ms
[11.851s][info   ][gc,phases   ] GC(830)   Other: 0.3ms
[11.851s][info   ][gc,heap     ] GC(830) Eden regions: 0->0(1211)
[11.851s][info   ][gc,heap     ] GC(830) Survivor regions: 0->0(154)
[11.851s][info   ][gc,heap     ] GC(830) Old regions: 1->1
[11.851s][info   ][gc,heap     ] GC(830) Archive regions: 2->2
[11.851s][info   ][gc,heap     ] GC(830) Humongous regions: 918->528
[11.851s][info   ][gc,metaspace] GC(830) Metaspace: 158K(384K)->158K(384K) NonClass: 150K(256K)->150K(256K) Class: 8K(128K)->8K(128K)
[11.851s][info   ][gc          ] GC(830) Pause Young (Concurrent Start) (G1 Humongous Allocation) 919M->529M(2048M) 1.413ms
[11.851s][info   ][gc,cpu      ] GC(830) User=0.00s Sys=0.00s Real=0.00s
[11.851s][info   ][gc          ] GC(831) Concurrent Undo Cycle
[11.851s][info   ][gc,marking  ] GC(831) Concurrent Cleanup for Next Mark
[11.874s][info   ][gc,marking  ] GC(831) Concurrent Cleanup for Next Mark 22.633ms
[11.874s][info   ][gc          ] GC(831) Concurrent Undo Cycle 22.903ms
[11.884s][info   ][gc,start    ] GC(832) Pause Young (Concurrent Start) (G1 Humongous Allocation)
[11.884s][info   ][gc,task     ] GC(832) Using 4 workers of 4 for evacuation
[11.886s][info   ][gc,phases   ] GC(832)   Pre Evacuate Collection Set: 0.2ms
[11.886s][info   ][gc,phases   ] GC(832)   Merge Heap Roots: 0.1ms
[11.886s][info   ][gc,phases   ] GC(832)   Evacuate Collection Set: 0.7ms
[11.886s][info   ][gc,phases   ] GC(832)   Post Evacuate Collection Set: 0.6ms
[11.886s][info   ][gc,phases   ] GC(832)   Other: 0.3ms
[11.886s][info   ][gc,heap     ] GC(832) Eden regions: 0->0(1187)
[11.886s][info   ][gc,heap     ] GC(832) Survivor regions: 0->0(152)
[11.886s][info   ][gc,heap     ] GC(832) Old regions: 1->1
[11.886s][info   ][gc,heap     ] GC(832) Archive regions: 2->2
[11.886s][info   ][gc,heap     ] GC(832) Humongous regions: 918->554
[11.886s][info   ][gc,metaspace] GC(832) Metaspace: 158K(384K)->158K(384K) NonClass: 150K(256K)->150K(256K) Class: 8K(128K)->8K(128K)
[11.886s][info   ][gc          ] GC(832) Pause Young (Concurrent Start) (G1 Humongous Allocation) 919M->555M(2048M) 1.988ms
[11.886s][info   ][gc,cpu      ] GC(832) User=0.01s Sys=0.00s Real=0.00s
[11.886s][info   ][gc          ] GC(833) Concurrent Undo Cycle
[11.886s][info   ][gc,marking  ] GC(833) Concurrent Cleanup for Next Mark
[11.927s][info   ][gc,marking  ] GC(833) Concurrent Cleanup for Next Mark 40.123ms
[11.927s][info   ][gc          ] GC(833) Concurrent Undo Cycle 40.461ms
[11.928s][info   ][gc,start    ] GC(834) Pause Young (Concurrent Start) (G1 Humongous Allocation)
[11.928s][info   ][gc,task     ] GC(834) Using 4 workers of 4 for evacuation
[11.930s][info   ][gc,phases   ] GC(834)   Pre Evacuate Collection Set: 0.2ms
[11.930s][info   ][gc,phases   ] GC(834)   Merge Heap Roots: 0.1ms
[11.930s][info   ][gc,phases   ] GC(834)   Evacuate Collection Set: 0.4ms
[11.930s][info   ][gc,phases   ] GC(834)   Post Evacuate Collection Set: 0.8ms
[11.930s][info   ][gc,phases   ] GC(834)   Other: 0.2ms
[11.930s][info   ][gc,heap     ] GC(834) Eden regions: 0->0(1222)
[11.930s][info   ][gc,heap     ] GC(834) Survivor regions: 0->0(149)
[11.930s][info   ][gc,heap     ] GC(834) Old regions: 1->1
[11.930s][info   ][gc,heap     ] GC(834) Archive regions: 2->2
[11.930s][info   ][gc,heap     ] GC(834) Humongous regions: 1130->516
[11.930s][info   ][gc,metaspace] GC(834) Metaspace: 158K(384K)->158K(384K) NonClass: 150K(256K)->150K(256K) Class: 8K(128K)->8K(128K)
[11.930s][info   ][gc          ] GC(834) Pause Young (Concurrent Start) (G1 Humongous Allocation) 1131M->517M(2048M) 1.770ms
[11.930s][info   ][gc,cpu      ] GC(834) User=0.00s Sys=0.00s Real=0.00s
[11.930s][info   ][gc          ] GC(835) Concurrent Undo Cycle
[11.930s][info   ][gc,marking  ] GC(835) Concurrent Cleanup for Next Mark
[11.945s][info   ][gc,marking  ] GC(835) Concurrent Cleanup for Next Mark 15.352ms
[11.948s][info   ][gc          ] GC(835) Concurrent Undo Cycle 18.482ms
[11.961s][info   ][gc,start    ] GC(836) Pause Young (Concurrent Start) (G1 Humongous Allocation)
[11.961s][info   ][gc,task     ] GC(836) Using 4 workers of 4 for evacuation
[11.962s][info   ][gc,phases   ] GC(836)   Pre Evacuate Collection Set: 0.2ms
[11.962s][info   ][gc,phases   ] GC(836)   Merge Heap Roots: 0.1ms
[11.962s][info   ][gc,phases   ] GC(836)   Evacuate Collection Set: 0.2ms
[11.962s][info   ][gc,phases   ] GC(836)   Post Evacuate Collection Set: 0.7ms
[11.962s][info   ][gc,phases   ] GC(836)   Other: 0.2ms
[11.962s][info   ][gc,heap     ] GC(836) Eden regions: 0->0(1228)
[11.962s][info   ][gc,heap     ] GC(836) Survivor regions: 0->0(153)
[11.962s][info   ][gc,heap     ] GC(836) Old regions: 1->1
[11.962s][info   ][gc,heap     ] GC(836) Archive regions: 2->2
[11.962s][info   ][gc,heap     ] GC(836) Humongous regions: 922->454
[11.962s][info   ][gc,metaspace] GC(836) Metaspace: 158K(384K)->158K(384K) NonClass: 150K(256K)->150K(256K) Class: 8K(128K)->8K(128K)
[11.962s][info   ][gc          ] GC(836) Pause Young (Concurrent Start) (G1 Humongous Allocation) 923M->455M(2048M) 1.520ms
[11.962s][info   ][gc,cpu      ] GC(836) User=0.00s Sys=0.00s Real=0.00s
[11.962s][info   ][gc          ] GC(837) Concurrent Undo Cycle
[11.962s][info   ][gc,marking  ] GC(837) Concurrent Cleanup for Next Mark
[12.001s][info   ][gc,marking  ] GC(837) Concurrent Cleanup for Next Mark 38.852ms
[12.001s][info   ][gc          ] GC(837) Concurrent Undo Cycle 39.070ms
[12.002s][info   ][gc,start    ] GC(838) Pause Young (Concurrent Start) (G1 Humongous Allocation)
[12.002s][info   ][gc,task     ] GC(838) Using 4 workers of 4 for evacuation
[12.004s][info   ][gc,phases   ] GC(838)   Pre Evacuate Collection Set: 0.2ms
[12.004s][info   ][gc,phases   ] GC(838)   Merge Heap Roots: 0.1ms
[12.004s][info   ][gc,phases   ] GC(838)   Evacuate Collection Set: 0.4ms
[12.004s][info   ][gc,phases   ] GC(838)   Post Evacuate Collection Set: 0.7ms
[12.004s][info   ][gc,phases   ] GC(838)   Other: 0.2ms
[12.004s][info   ][gc,heap     ] GC(838) Eden regions: 0->0(1228)
[12.004s][info   ][gc,heap     ] GC(838) Survivor regions: 0->0(154)
[12.004s][info   ][gc,heap     ] GC(838) Old regions: 1->1
[12.004s][info   ][gc,heap     ] GC(838) Archive regions: 2->2
[12.004s][info   ][gc,heap     ] GC(838) Humongous regions: 978->430
[12.004s][info   ][gc,metaspace] GC(838) Metaspace: 158K(384K)->158K(384K) NonClass: 150K(256K)->150K(256K) Class: 8K(128K)->8K(128K)
[12.004s][info   ][gc          ] GC(838) Pause Young (Concurrent Start) (G1 Humongous Allocation) 979M->431M(2048M) 1.635ms
[12.004s][info   ][gc,cpu      ] GC(838) User=0.00s Sys=0.00s Real=0.00s
[12.004s][info   ][gc          ] GC(839) Concurrent Undo Cycle
[12.004s][info   ][gc,marking  ] GC(839) Concurrent Cleanup for Next Mark
[12.036s][info   ][gc,marking  ] GC(839) Concurrent Cleanup for Next Mark 31.804ms
[12.036s][info   ][gc          ] GC(839) Concurrent Undo Cycle 32.000ms
[12.039s][info   ][gc,start    ] GC(840) Pause Young (Concurrent Start) (G1 Humongous Allocation)
[12.039s][info   ][gc,task     ] GC(840) Using 4 workers of 4 for evacuation
[12.041s][info   ][gc,phases   ] GC(840)   Pre Evacuate Collection Set: 0.3ms
[12.041s][info   ][gc,phases   ] GC(840)   Merge Heap Roots: 0.2ms
[12.041s][info   ][gc,phases   ] GC(840)   Evacuate Collection Set: 0.4ms
[12.041s][info   ][gc,phases   ] GC(840)   Post Evacuate Collection Set: 0.6ms
[12.041s][info   ][gc,phases   ] GC(840)   Other: 0.2ms
[12.041s][info   ][gc,heap     ] GC(840) Eden regions: 0->0(1222)
[12.041s][info   ][gc,heap     ] GC(840) Survivor regions: 0->0(154)
[12.041s][info   ][gc,heap     ] GC(840) Old regions: 1->1
[12.041s][info   ][gc,heap     ] GC(840) Archive regions: 2->2
[12.041s][info   ][gc,heap     ] GC(840) Humongous regions: 918->516
[12.041s][info   ][gc,metaspace] GC(840) Metaspace: 158K(384K)->158K(384K) NonClass: 150K(256K)->150K(256K) Class: 8K(128K)->8K(128K)
[12.041s][info   ][gc          ] GC(840) Pause Young (Concurrent Start) (G1 Humongous Allocation) 919M->517M(2048M) 1.683ms
[12.041s][info   ][gc,cpu      ] GC(840) User=0.00s Sys=0.00s Real=0.00s
[12.041s][info   ][gc          ] GC(841) Concurrent Undo Cycle
[12.041s][info   ][gc,marking  ] GC(841) Concurrent Cleanup for Next Mark
[12.076s][info   ][gc,marking  ] GC(841) Concurrent Cleanup for Next Mark 34.694ms
[12.076s][info   ][gc          ] GC(841) Concurrent Undo Cycle 34.922ms
[12.077s][info   ][gc,start    ] GC(842) Pause Young (Concurrent Start) (G1 Humongous Allocation)
[12.077s][info   ][gc,task     ] GC(842) Using 4 workers of 4 for evacuation
[12.078s][info   ][gc,phases   ] GC(842)   Pre Evacuate Collection Set: 0.2ms
[12.078s][info   ][gc,phases   ] GC(842)   Merge Heap Roots: 0.1ms
[12.078s][info   ][gc,phases   ] GC(842)   Evacuate Collection Set: 0.2ms
[12.078s][info   ][gc,phases   ] GC(842)   Post Evacuate Collection Set: 0.6ms
[12.078s][info   ][gc,phases   ] GC(842)   Other: 0.1ms
[12.078s][info   ][gc,heap     ] GC(842) Eden regions: 0->0(1213)
[12.078s][info   ][gc,heap     ] GC(842) Survivor regions: 0->0(153)
[12.078s][info   ][gc,heap     ] GC(842) Old regions: 1->1
[12.078s][info   ][gc,heap     ] GC(842) Archive regions: 2->2
[12.078s][info   ][gc,heap     ] GC(842) Humongous regions: 984->526
[12.078s][info   ][gc,metaspace] GC(842) Metaspace: 158K(384K)->158K(384K) NonClass: 150K(256K)->150K(256K) Class: 8K(128K)->8K(128K)
[12.078s][info   ][gc          ] GC(842) Pause Young (Concurrent Start) (G1 Humongous Allocation) 985M->527M(2048M) 1.214ms
[12.078s][info   ][gc,cpu      ] GC(842) User=0.00s Sys=0.00s Real=0.01s
[12.078s][info   ][gc          ] GC(843) Concurrent Undo Cycle
[12.078s][info   ][gc,marking  ] GC(843) Concurrent Cleanup for Next Mark
[12.121s][info   ][gc,marking  ] GC(843) Concurrent Cleanup for Next Mark 42.461ms
[12.121s][info   ][gc          ] GC(843) Concurrent Undo Cycle 42.743ms
[12.122s][info   ][gc,start    ] GC(844) Pause Young (Concurrent Start) (G1 Humongous Allocation)
[12.122s][info   ][gc,task     ] GC(844) Using 4 workers of 4 for evacuation
[12.124s][info   ][gc,phases   ] GC(844)   Pre Evacuate Collection Set: 0.2ms
[12.124s][info   ][gc,phases   ] GC(844)   Merge Heap Roots: 0.1ms
[12.124s][info   ][gc,phases   ] GC(844)   Evacuate Collection Set: 0.3ms
[12.124s][info   ][gc,phases   ] GC(844)   Post Evacuate Collection Set: 0.6ms
[12.124s][info   ][gc,phases   ] GC(844)   Other: 0.1ms
[12.124s][info   ][gc,heap     ] GC(844) Eden regions: 0->0(1156)
[12.124s][info   ][gc,heap     ] GC(844) Survivor regions: 0->0(152)
[12.124s][info   ][gc,heap     ] GC(844) Old regions: 1->1
[12.124s][info   ][gc,heap     ] GC(844) Archive regions: 2->2
[12.124s][info   ][gc,heap     ] GC(844) Humongous regions: 1098->588
[12.124s][info   ][gc,metaspace] GC(844) Metaspace: 158K(384K)->158K(384K) NonClass: 150K(256K)->150K(256K) Class: 8K(128K)->8K(128K)
[12.124s][info   ][gc          ] GC(844) Pause Young (Concurrent Start) (G1 Humongous Allocation) 1099M->589M(2048M) 1.454ms
[12.124s][info   ][gc,cpu      ] GC(844) User=0.00s Sys=0.00s Real=0.00s
[12.124s][info   ][gc          ] GC(845) Concurrent Undo Cycle
[12.124s][info   ][gc,marking  ] GC(845) Concurrent Cleanup for Next Mark
[12.140s][info   ][gc,marking  ] GC(845) Concurrent Cleanup for Next Mark 16.118ms
[12.140s][info   ][gc          ] GC(845) Concurrent Undo Cycle 16.276ms
[12.151s][info   ][gc,start    ] GC(846) Pause Young (Concurrent Start) (G1 Humongous Allocation)
[12.151s][info   ][gc,task     ] GC(846) Using 4 workers of 4 for evacuation
[12.153s][info   ][gc,phases   ] GC(846)   Pre Evacuate Collection Set: 0.2ms
[12.153s][info   ][gc,phases   ] GC(846)   Merge Heap Roots: 0.1ms
[12.153s][info   ][gc,phases   ] GC(846)   Evacuate Collection Set: 0.6ms
[12.153s][info   ][gc,phases   ] GC(846)   Post Evacuate Collection Set: 0.5ms
[12.153s][info   ][gc,phases   ] GC(846)   Other: 0.3ms
[12.153s][info   ][gc,heap     ] GC(846) Eden regions: 0->0(1152)
[12.153s][info   ][gc,heap     ] GC(846) Survivor regions: 0->0(145)
[12.153s][info   ][gc,heap     ] GC(846) Old regions: 1->1
[12.153s][info   ][gc,heap     ] GC(846) Archive regions: 2->2
[12.153s][info   ][gc,heap     ] GC(846) Humongous regions: 918->592
[12.153s][info   ][gc,metaspace] GC(846) Metaspace: 158K(384K)->158K(384K) NonClass: 150K(256K)->150K(256K) Class: 8K(128K)->8K(128K)
[12.153s][info   ][gc          ] GC(846) Pause Young (Concurrent Start) (G1 Humongous Allocation) 919M->593M(2048M) 1.750ms
[12.153s][info   ][gc,cpu      ] GC(846) User=0.00s Sys=0.00s Real=0.00s
[12.153s][info   ][gc          ] GC(847) Concurrent Undo Cycle
[12.153s][info   ][gc,marking  ] GC(847) Concurrent Cleanup for Next Mark
[12.186s][info   ][gc,marking  ] GC(847) Concurrent Cleanup for Next Mark 32.659ms
[12.186s][info   ][gc          ] GC(847) Concurrent Undo Cycle 32.919ms
[12.187s][info   ][gc,start    ] GC(848) Pause Young (Concurrent Start) (G1 Humongous Allocation)
[12.187s][info   ][gc,task     ] GC(848) Using 4 workers of 4 for evacuation
[12.189s][info   ][gc,phases   ] GC(848)   Pre Evacuate Collection Set: 0.2ms
[12.189s][info   ][gc,phases   ] GC(848)   Merge Heap Roots: 0.1ms
[12.189s][info   ][gc,phases   ] GC(848)   Evacuate Collection Set: 0.4ms
[12.189s][info   ][gc,phases   ] GC(848)   Post Evacuate Collection Set: 0.7ms
[12.189s][info   ][gc,phases   ] GC(848)   Other: 0.1ms
[12.189s][info   ][gc,heap     ] GC(848) Eden regions: 0->0(1134)
[12.189s][info   ][gc,heap     ] GC(848) Survivor regions: 0->0(144)
[12.189s][info   ][gc,heap     ] GC(848) Old regions: 1->1
[12.189s][info   ][gc,heap     ] GC(848) Archive regions: 2->2
[12.189s][info   ][gc,heap     ] GC(848) Humongous regions: 1012->612
[12.189s][info   ][gc,metaspace] GC(848) Metaspace: 158K(384K)->158K(384K) NonClass: 150K(256K)->150K(256K) Class: 8K(128K)->8K(128K)
[12.189s][info   ][gc          ] GC(848) Pause Young (Concurrent Start) (G1 Humongous Allocation) 1013M->613M(2048M) 1.541ms
[12.189s][info   ][gc,cpu      ] GC(848) User=0.00s Sys=0.00s Real=0.01s
[12.189s][info   ][gc          ] GC(849) Concurrent Undo Cycle
[12.189s][info   ][gc,marking  ] GC(849) Concurrent Cleanup for Next Mark
[12.228s][info   ][gc,marking  ] GC(849) Concurrent Cleanup for Next Mark 39.519ms
[12.228s][info   ][gc          ] GC(849) Concurrent Undo Cycle 39.791ms
[12.230s][info   ][gc,start    ] GC(850) Pause Young (Concurrent Start) (G1 Humongous Allocation)
[12.230s][info   ][gc,task     ] GC(850) Using 4 workers of 4 for evacuation
[12.231s][info   ][gc,phases   ] GC(850)   Pre Evacuate Collection Set: 0.3ms
[12.231s][info   ][gc,phases   ] GC(850)   Merge Heap Roots: 0.1ms
[12.231s][info   ][gc,phases   ] GC(850)   Evacuate Collection Set: 0.3ms
[12.231s][info   ][gc,phases   ] GC(850)   Post Evacuate Collection Set: 0.7ms
[12.231s][info   ][gc,phases   ] GC(850)   Other: 0.2ms
[12.231s][info   ][gc,heap     ] GC(850) Eden regions: 0->0(1182)
[12.231s][info   ][gc,heap     ] GC(850) Survivor regions: 0->0(142)
[12.231s][info   ][gc,heap     ] GC(850) Old regions: 1->1
[12.231s][info   ][gc,heap     ] GC(850) Archive regions: 2->2
[12.231s][info   ][gc,heap     ] GC(850) Humongous regions: 1152->560
[12.231s][info   ][gc,metaspace] GC(850) Metaspace: 158K(384K)->158K(384K) NonClass: 150K(256K)->150K(256K) Class: 8K(128K)->8K(128K)
[12.231s][info   ][gc          ] GC(850) Pause Young (Concurrent Start) (G1 Humongous Allocation) 1153M->561M(2048M) 1.624ms
[12.231s][info   ][gc,cpu      ] GC(850) User=0.00s Sys=0.00s Real=0.00s
[12.231s][info   ][gc          ] GC(851) Concurrent Undo Cycle
[12.231s][info   ][gc,marking  ] GC(851) Concurrent Cleanup for Next Mark
[12.256s][info   ][gc,marking  ] GC(851) Concurrent Cleanup for Next Mark 24.966ms
[12.256s][info   ][gc          ] GC(851) Concurrent Undo Cycle 25.217ms
[12.258s][info   ][gc,start    ] GC(852) Pause Young (Concurrent Start) (G1 Humongous Allocation)
[12.258s][info   ][gc,task     ] GC(852) Using 4 workers of 4 for evacuation
[12.259s][info   ][gc,phases   ] GC(852)   Pre Evacuate Collection Set: 0.3ms
[12.259s][info   ][gc,phases   ] GC(852)   Merge Heap Roots: 0.1ms
[12.259s][info   ][gc,phases   ] GC(852)   Evacuate Collection Set: 0.2ms
[12.259s][info   ][gc,phases   ] GC(852)   Post Evacuate Collection Set: 0.6ms
[12.259s][info   ][gc,phases   ] GC(852)   Other: 0.2ms
[12.259s][info   ][gc,heap     ] GC(852) Eden regions: 0->0(1228)
[12.259s][info   ][gc,heap     ] GC(852) Survivor regions: 0->0(148)
[12.259s][info   ][gc,heap     ] GC(852) Old regions: 1->1
[12.259s][info   ][gc,heap     ] GC(852) Archive regions: 2->2
[12.259s][info   ][gc,heap     ] GC(852) Humongous regions: 918->496
[12.259s][info   ][gc,metaspace] GC(852) Metaspace: 158K(384K)->158K(384K) NonClass: 150K(256K)->150K(256K) Class: 8K(128K)->8K(128K)
[12.259s][info   ][gc          ] GC(852) Pause Young (Concurrent Start) (G1 Humongous Allocation) 919M->497M(2048M) 1.487ms
[12.259s][info   ][gc,cpu      ] GC(852) User=0.00s Sys=0.00s Real=0.01s
[12.259s][info   ][gc          ] GC(853) Concurrent Undo Cycle
[12.260s][info   ][gc,marking  ] GC(853) Concurrent Cleanup for Next Mark
[12.296s][info   ][gc,marking  ] GC(853) Concurrent Cleanup for Next Mark 36.906ms
[12.297s][info   ][gc          ] GC(853) Concurrent Undo Cycle 37.161ms
[12.298s][info   ][gc,start    ] GC(854) Pause Young (Concurrent Start) (G1 Humongous Allocation)
[12.298s][info   ][gc,task     ] GC(854) Using 4 workers of 4 for evacuation
[12.300s][info   ][gc,phases   ] GC(854)   Pre Evacuate Collection Set: 0.3ms
[12.300s][info   ][gc,phases   ] GC(854)   Merge Heap Roots: 0.1ms
[12.300s][info   ][gc,phases   ] GC(854)   Evacuate Collection Set: 0.4ms
[12.300s][info   ][gc,phases   ] GC(854)   Post Evacuate Collection Set: 0.9ms
[12.300s][info   ][gc,phases   ] GC(854)   Other: 0.2ms
[12.300s][info   ][gc,heap     ] GC(854) Eden regions: 0->0(1204)
[12.300s][info   ][gc,heap     ] GC(854) Survivor regions: 0->0(154)
[12.300s][info   ][gc,heap     ] GC(854) Old regions: 1->1
[12.300s][info   ][gc,heap     ] GC(854) Archive regions: 2->2
[12.300s][info   ][gc,heap     ] GC(854) Humongous regions: 968->536
[12.300s][info   ][gc,metaspace] GC(854) Metaspace: 158K(384K)->158K(384K) NonClass: 150K(256K)->150K(256K) Class: 8K(128K)->8K(128K)
[12.300s][info   ][gc          ] GC(854) Pause Young (Concurrent Start) (G1 Humongous Allocation) 969M->537M(2048M) 2.037ms
[12.300s][info   ][gc,cpu      ] GC(854) User=0.00s Sys=0.01s Real=0.01s
[12.300s][info   ][gc          ] GC(855) Concurrent Undo Cycle
[12.300s][info   ][gc,marking  ] GC(855) Concurrent Cleanup for Next Mark
[12.329s][info   ][gc,marking  ] GC(855) Concurrent Cleanup for Next Mark 28.320ms
[12.331s][info   ][gc          ] GC(855) Concurrent Undo Cycle 30.779ms
[12.331s][info   ][gc,start    ] GC(856) Pause Young (Concurrent Start) (G1 Humongous Allocation)
[12.331s][info   ][gc,task     ] GC(856) Using 4 workers of 4 for evacuation
[12.333s][info   ][gc,phases   ] GC(856)   Pre Evacuate Collection Set: 0.2ms
[12.333s][info   ][gc,phases   ] GC(856)   Merge Heap Roots: 0.1ms
[12.333s][info   ][gc,phases   ] GC(856)   Evacuate Collection Set: 0.3ms
[12.333s][info   ][gc,phases   ] GC(856)   Post Evacuate Collection Set: 0.6ms
[12.333s][info   ][gc,phases   ] GC(856)   Other: 0.2ms
[12.333s][info   ][gc,heap     ] GC(856) Eden regions: 0->0(1228)
[12.333s][info   ][gc,heap     ] GC(856) Survivor regions: 0->0(151)
[12.333s][info   ][gc,heap     ] GC(856) Old regions: 1->1
[12.333s][info   ][gc,heap     ] GC(856) Archive regions: 2->2
[12.333s][info   ][gc,heap     ] GC(856) Humongous regions: 918->504
[12.333s][info   ][gc,metaspace] GC(856) Metaspace: 158K(384K)->158K(384K) NonClass: 150K(256K)->150K(256K) Class: 8K(128K)->8K(128K)
[12.333s][info   ][gc          ] GC(856) Pause Young (Concurrent Start) (G1 Humongous Allocation) 919M->505M(2048M) 1.428ms
[12.333s][info   ][gc,cpu      ] GC(856) User=0.00s Sys=0.00s Real=0.00s
[12.333s][info   ][gc          ] GC(857) Concurrent Undo Cycle
[12.333s][info   ][gc,marking  ] GC(857) Concurrent Cleanup for Next Mark
[12.370s][info   ][gc,marking  ] GC(857) Concurrent Cleanup for Next Mark 36.710ms
[12.370s][info   ][gc          ] GC(857) Concurrent Undo Cycle 36.928ms
[12.371s][info   ][gc,start    ] GC(858) Pause Young (Concurrent Start) (G1 Humongous Allocation)
[12.371s][info   ][gc,task     ] GC(858) Using 4 workers of 4 for evacuation
[12.372s][info   ][gc,phases   ] GC(858)   Pre Evacuate Collection Set: 0.2ms
[12.372s][info   ][gc,phases   ] GC(858)   Merge Heap Roots: 0.1ms
[12.372s][info   ][gc,phases   ] GC(858)   Evacuate Collection Set: 0.5ms
[12.372s][info   ][gc,phases   ] GC(858)   Post Evacuate Collection Set: 0.6ms
[12.372s][info   ][gc,phases   ] GC(858)   Other: 0.2ms
[12.372s][info   ][gc,heap     ] GC(858) Eden regions: 0->0(1228)
[12.372s][info   ][gc,heap     ] GC(858) Survivor regions: 0->0(154)
[12.372s][info   ][gc,heap     ] GC(858) Old regions: 1->1
[12.372s][info   ][gc,heap     ] GC(858) Archive regions: 2->2
[12.372s][info   ][gc,heap     ] GC(858) Humongous regions: 1008->462
[12.372s][info   ][gc,metaspace] GC(858) Metaspace: 158K(384K)->158K(384K) NonClass: 150K(256K)->150K(256K) Class: 8K(128K)->8K(128K)
[12.372s][info   ][gc          ] GC(858) Pause Young (Concurrent Start) (G1 Humongous Allocation) 1009M->463M(2048M) 1.564ms
[12.372s][info   ][gc,cpu      ] GC(858) User=0.00s Sys=0.00s Real=0.00s
[12.372s][info   ][gc          ] GC(859) Concurrent Undo Cycle
[12.372s][info   ][gc,marking  ] GC(859) Concurrent Cleanup for Next Mark
[12.405s][info   ][gc,marking  ] GC(859) Concurrent Cleanup for Next Mark 32.718ms
[12.405s][info   ][gc          ] GC(859) Concurrent Undo Cycle 32.928ms
[12.407s][info   ][gc,start    ] GC(860) Pause Young (Concurrent Start) (G1 Humongous Allocation)
[12.407s][info   ][gc,task     ] GC(860) Using 4 workers of 4 for evacuation
[12.409s][info   ][gc,phases   ] GC(860)   Pre Evacuate Collection Set: 0.2ms
[12.409s][info   ][gc,phases   ] GC(860)   Merge Heap Roots: 0.2ms
[12.409s][info   ][gc,phases   ] GC(860)   Evacuate Collection Set: 0.4ms
[12.409s][info   ][gc,phases   ] GC(860)   Post Evacuate Collection Set: 0.6ms
[12.409s][info   ][gc,phases   ] GC(860)   Other: 0.2ms
[12.409s][info   ][gc,heap     ] GC(860) Eden regions: 0->0(1228)
[12.409s][info   ][gc,heap     ] GC(860) Survivor regions: 0->0(154)
[12.409s][info   ][gc,heap     ] GC(860) Old regions: 1->1
[12.409s][info   ][gc,heap     ] GC(860) Archive regions: 2->2
[12.409s][info   ][gc,heap     ] GC(860) Humongous regions: 918->486
[12.409s][info   ][gc,metaspace] GC(860) Metaspace: 158K(384K)->158K(384K) NonClass: 150K(256K)->150K(256K) Class: 8K(128K)->8K(128K)
[12.409s][info   ][gc          ] GC(860) Pause Young (Concurrent Start) (G1 Humongous Allocation) 919M->487M(2048M) 1.642ms
[12.409s][info   ][gc,cpu      ] GC(860) User=0.00s Sys=0.00s Real=0.01s
[12.409s][info   ][gc          ] GC(861) Concurrent Undo Cycle
[12.409s][info   ][gc,marking  ] GC(861) Concurrent Cleanup for Next Mark
[12.419s][info   ][gc,marking  ] GC(861) Concurrent Cleanup for Next Mark 9.739ms
[12.419s][info   ][gc          ] GC(861) Concurrent Undo Cycle 9.948ms
[12.441s][info   ][gc,start    ] GC(862) Pause Young (Concurrent Start) (G1 Humongous Allocation)
[12.441s][info   ][gc,task     ] GC(862) Using 4 workers of 4 for evacuation
[12.442s][info   ][gc,phases   ] GC(862)   Pre Evacuate Collection Set: 0.2ms
[12.442s][info   ][gc,phases   ] GC(862)   Merge Heap Roots: 0.1ms
[12.442s][info   ][gc,phases   ] GC(862)   Evacuate Collection Set: 0.4ms
[12.442s][info   ][gc,phases   ] GC(862)   Post Evacuate Collection Set: 0.8ms
[12.442s][info   ][gc,phases   ] GC(862)   Other: 0.2ms
[12.442s][info   ][gc,heap     ] GC(862) Eden regions: 0->0(1228)
[12.442s][info   ][gc,heap     ] GC(862) Survivor regions: 0->0(154)
[12.442s][info   ][gc,heap     ] GC(862) Old regions: 1->1
[12.442s][info   ][gc,heap     ] GC(862) Archive regions: 2->2
[12.442s][info   ][gc,heap     ] GC(862) Humongous regions: 918->484
[12.442s][info   ][gc,metaspace] GC(862) Metaspace: 158K(384K)->158K(384K) NonClass: 150K(256K)->150K(256K) Class: 8K(128K)->8K(128K)
[12.442s][info   ][gc          ] GC(862) Pause Young (Concurrent Start) (G1 Humongous Allocation) 919M->485M(2048M) 1.697ms
[12.442s][info   ][gc,cpu      ] GC(862) User=0.00s Sys=0.00s Real=0.00s
[12.442s][info   ][gc          ] GC(863) Concurrent Undo Cycle
[12.442s][info   ][gc,marking  ] GC(863) Concurrent Cleanup for Next Mark
[12.466s][info   ][gc,marking  ] GC(863) Concurrent Cleanup for Next Mark 23.361ms
[12.466s][info   ][gc          ] GC(863) Concurrent Undo Cycle 23.600ms
[12.475s][info   ][gc,start    ] GC(864) Pause Young (Concurrent Start) (G1 Humongous Allocation)
[12.475s][info   ][gc,task     ] GC(864) Using 4 workers of 4 for evacuation
[12.476s][info   ][gc,phases   ] GC(864)   Pre Evacuate Collection Set: 0.2ms
[12.476s][info   ][gc,phases   ] GC(864)   Merge Heap Roots: 0.1ms
[12.476s][info   ][gc,phases   ] GC(864)   Evacuate Collection Set: 0.2ms
[12.476s][info   ][gc,phases   ] GC(864)   Post Evacuate Collection Set: 0.5ms
[12.476s][info   ][gc,phases   ] GC(864)   Other: 0.2ms
[12.476s][info   ][gc,heap     ] GC(864) Eden regions: 0->0(1228)
[12.476s][info   ][gc,heap     ] GC(864) Survivor regions: 0->0(154)
[12.476s][info   ][gc,heap     ] GC(864) Old regions: 1->1
[12.476s][info   ][gc,heap     ] GC(864) Archive regions: 2->2
[12.476s][info   ][gc,heap     ] GC(864) Humongous regions: 918->462
[12.476s][info   ][gc,metaspace] GC(864) Metaspace: 158K(384K)->158K(384K) NonClass: 150K(256K)->150K(256K) Class: 8K(128K)->8K(128K)
[12.476s][info   ][gc          ] GC(864) Pause Young (Concurrent Start) (G1 Humongous Allocation) 919M->463M(2048M) 1.252ms
[12.476s][info   ][gc,cpu      ] GC(864) User=0.00s Sys=0.00s Real=0.00s
[12.476s][info   ][gc          ] GC(865) Concurrent Undo Cycle
[12.476s][info   ][gc,marking  ] GC(865) Concurrent Cleanup for Next Mark
[12.506s][info   ][gc,marking  ] GC(865) Concurrent Cleanup for Next Mark 29.848ms
[12.506s][info   ][gc          ] GC(865) Concurrent Undo Cycle 30.013ms
[12.510s][info   ][gc,start    ] GC(866) Pause Young (Concurrent Start) (G1 Humongous Allocation)
[12.510s][info   ][gc,task     ] GC(866) Using 4 workers of 4 for evacuation
[12.511s][info   ][gc,phases   ] GC(866)   Pre Evacuate Collection Set: 0.2ms
[12.511s][info   ][gc,phases   ] GC(866)   Merge Heap Roots: 0.1ms
[12.511s][info   ][gc,phases   ] GC(866)   Evacuate Collection Set: 0.2ms
[12.511s][info   ][gc,phases   ] GC(866)   Post Evacuate Collection Set: 0.6ms
[12.511s][info   ][gc,phases   ] GC(866)   Other: 0.2ms
[12.511s][info   ][gc,heap     ] GC(866) Eden regions: 0->0(1228)
[12.511s][info   ][gc,heap     ] GC(866) Survivor regions: 0->0(154)
[12.511s][info   ][gc,heap     ] GC(866) Old regions: 1->1
[12.511s][info   ][gc,heap     ] GC(866) Archive regions: 2->2
[12.511s][info   ][gc,heap     ] GC(866) Humongous regions: 918->416
[12.511s][info   ][gc,metaspace] GC(866) Metaspace: 158K(384K)->158K(384K) NonClass: 150K(256K)->150K(256K) Class: 8K(128K)->8K(128K)
[12.511s][info   ][gc          ] GC(866) Pause Young (Concurrent Start) (G1 Humongous Allocation) 919M->417M(2048M) 1.367ms
[12.511s][info   ][gc,cpu      ] GC(866) User=0.00s Sys=0.00s Real=0.00s
[12.511s][info   ][gc          ] GC(867) Concurrent Undo Cycle
[12.511s][info   ][gc,marking  ] GC(867) Concurrent Cleanup for Next Mark
[12.524s][info   ][gc,marking  ] GC(867) Concurrent Cleanup for Next Mark 12.667ms
[12.524s][info   ][gc          ] GC(867) Concurrent Undo Cycle 12.831ms
[12.548s][info   ][gc,start    ] GC(868) Pause Young (Concurrent Start) (G1 Humongous Allocation)
[12.548s][info   ][gc,task     ] GC(868) Using 4 workers of 4 for evacuation
[12.549s][info   ][gc,phases   ] GC(868)   Pre Evacuate Collection Set: 0.2ms
[12.549s][info   ][gc,phases   ] GC(868)   Merge Heap Roots: 0.1ms
[12.549s][info   ][gc,phases   ] GC(868)   Evacuate Collection Set: 0.3ms
[12.549s][info   ][gc,phases   ] GC(868)   Post Evacuate Collection Set: 0.9ms
[12.549s][info   ][gc,phases   ] GC(868)   Other: 0.2ms
[12.549s][info   ][gc,heap     ] GC(868) Eden regions: 0->0(1228)
[12.549s][info   ][gc,heap     ] GC(868) Survivor regions: 0->0(154)
[12.549s][info   ][gc,heap     ] GC(868) Old regions: 1->1
[12.549s][info   ][gc,heap     ] GC(868) Archive regions: 2->2
[12.549s][info   ][gc,heap     ] GC(868) Humongous regions: 918->398
[12.549s][info   ][gc,metaspace] GC(868) Metaspace: 158K(384K)->158K(384K) NonClass: 150K(256K)->150K(256K) Class: 8K(128K)->8K(128K)
[12.549s][info   ][gc          ] GC(868) Pause Young (Concurrent Start) (G1 Humongous Allocation) 919M->399M(2048M) 1.704ms
[12.549s][info   ][gc,cpu      ] GC(868) User=0.00s Sys=0.01s Real=0.01s
[12.549s][info   ][gc          ] GC(869) Concurrent Undo Cycle
[12.549s][info   ][gc,marking  ] GC(869) Concurrent Cleanup for Next Mark
[12.556s][info   ][gc,marking  ] GC(869) Concurrent Cleanup for Next Mark 6.676ms
[12.557s][info   ][gc          ] GC(869) Concurrent Undo Cycle 7.389ms
[12.586s][info   ][gc,start    ] GC(870) Pause Young (Concurrent Start) (G1 Humongous Allocation)
[12.586s][info   ][gc,task     ] GC(870) Using 4 workers of 4 for evacuation
[12.587s][info   ][gc,phases   ] GC(870)   Pre Evacuate Collection Set: 0.2ms
[12.587s][info   ][gc,phases   ] GC(870)   Merge Heap Roots: 0.1ms
[12.587s][info   ][gc,phases   ] GC(870)   Evacuate Collection Set: 0.2ms
[12.587s][info   ][gc,phases   ] GC(870)   Post Evacuate Collection Set: 0.5ms
[12.587s][info   ][gc,phases   ] GC(870)   Other: 0.2ms
[12.587s][info   ][gc,heap     ] GC(870) Eden regions: 0->0(1228)
[12.587s][info   ][gc,heap     ] GC(870) Survivor regions: 0->0(154)
[12.587s][info   ][gc,heap     ] GC(870) Old regions: 1->1
[12.587s][info   ][gc,heap     ] GC(870) Archive regions: 2->2
[12.587s][info   ][gc,heap     ] GC(870) Humongous regions: 918->416
[12.587s][info   ][gc,metaspace] GC(870) Metaspace: 158K(384K)->158K(384K) NonClass: 150K(256K)->150K(256K) Class: 8K(128K)->8K(128K)
[12.588s][info   ][gc          ] GC(870) Pause Young (Concurrent Start) (G1 Humongous Allocation) 919M->417M(2048M) 1.263ms
[12.588s][info   ][gc,cpu      ] GC(870) User=0.00s Sys=0.00s Real=0.00s
[12.588s][info   ][gc          ] GC(871) Concurrent Undo Cycle
[12.588s][info   ][gc,marking  ] GC(871) Concurrent Cleanup for Next Mark
[12.600s][info   ][gc,marking  ] GC(871) Concurrent Cleanup for Next Mark 12.536ms
[12.600s][info   ][gc          ] GC(871) Concurrent Undo Cycle 12.725ms
[12.623s][info   ][gc,start    ] GC(872) Pause Young (Concurrent Start) (G1 Humongous Allocation)
[12.623s][info   ][gc,task     ] GC(872) Using 4 workers of 4 for evacuation
[12.625s][info   ][gc,phases   ] GC(872)   Pre Evacuate Collection Set: 0.3ms
[12.625s][info   ][gc,phases   ] GC(872)   Merge Heap Roots: 0.2ms
[12.625s][info   ][gc,phases   ] GC(872)   Evacuate Collection Set: 0.4ms
[12.625s][info   ][gc,phases   ] GC(872)   Post Evacuate Collection Set: 0.7ms
[12.625s][info   ][gc,phases   ] GC(872)   Other: 0.3ms
[12.625s][info   ][gc,heap     ] GC(872) Eden regions: 0->0(1228)
[12.625s][info   ][gc,heap     ] GC(872) Survivor regions: 0->0(154)
[12.625s][info   ][gc,heap     ] GC(872) Old regions: 1->1
[12.625s][info   ][gc,heap     ] GC(872) Archive regions: 2->2
[12.625s][info   ][gc,heap     ] GC(872) Humongous regions: 918->418
[12.625s][info   ][gc,metaspace] GC(872) Metaspace: 158K(384K)->158K(384K) NonClass: 150K(256K)->150K(256K) Class: 8K(128K)->8K(128K)
[12.625s][info   ][gc          ] GC(872) Pause Young (Concurrent Start) (G1 Humongous Allocation) 919M->419M(2048M) 1.868ms
[12.625s][info   ][gc,cpu      ] GC(872) User=0.00s Sys=0.00s Real=0.00s
[12.625s][info   ][gc          ] GC(873) Concurrent Undo Cycle
[12.625s][info   ][gc,marking  ] GC(873) Concurrent Cleanup for Next Mark
[12.670s][info   ][gc,marking  ] GC(873) Concurrent Cleanup for Next Mark 44.579ms
[12.670s][info   ][gc          ] GC(873) Concurrent Undo Cycle 44.861ms
[12.671s][info   ][gc,start    ] GC(874) Pause Young (Concurrent Start) (G1 Humongous Allocation)
[12.671s][info   ][gc,task     ] GC(874) Using 4 workers of 4 for evacuation
[12.673s][info   ][gc,phases   ] GC(874)   Pre Evacuate Collection Set: 0.2ms
[12.673s][info   ][gc,phases   ] GC(874)   Merge Heap Roots: 0.1ms
[12.673s][info   ][gc,phases   ] GC(874)   Evacuate Collection Set: 0.3ms
[12.673s][info   ][gc,phases   ] GC(874)   Post Evacuate Collection Set: 0.8ms
[12.673s][info   ][gc,phases   ] GC(874)   Other: 0.2ms
[12.673s][info   ][gc,heap     ] GC(874) Eden regions: 0->0(1228)
[12.673s][info   ][gc,heap     ] GC(874) Survivor regions: 0->0(154)
[12.673s][info   ][gc,heap     ] GC(874) Old regions: 1->1
[12.673s][info   ][gc,heap     ] GC(874) Archive regions: 2->2
[12.673s][info   ][gc,heap     ] GC(874) Humongous regions: 1076->326
[12.673s][info   ][gc,metaspace] GC(874) Metaspace: 158K(384K)->158K(384K) NonClass: 150K(256K)->150K(256K) Class: 8K(128K)->8K(128K)
[12.673s][info   ][gc          ] GC(874) Pause Young (Concurrent Start) (G1 Humongous Allocation) 1077M->327M(2048M) 1.684ms
[12.673s][info   ][gc,cpu      ] GC(874) User=0.00s Sys=0.01s Real=0.00s
[12.673s][info   ][gc          ] GC(875) Concurrent Undo Cycle
[12.673s][info   ][gc,marking  ] GC(875) Concurrent Cleanup for Next Mark
[12.705s][info   ][gc,marking  ] GC(875) Concurrent Cleanup for Next Mark 32.005ms
[12.706s][info   ][gc          ] GC(875) Concurrent Undo Cycle 32.365ms
[12.715s][info   ][gc,start    ] GC(876) Pause Young (Concurrent Start) (G1 Humongous Allocation)
[12.715s][info   ][gc,task     ] GC(876) Using 4 workers of 4 for evacuation
[12.717s][info   ][gc,phases   ] GC(876)   Pre Evacuate Collection Set: 0.2ms
[12.717s][info   ][gc,phases   ] GC(876)   Merge Heap Roots: 0.1ms
[12.717s][info   ][gc,phases   ] GC(876)   Evacuate Collection Set: 0.3ms
[12.717s][info   ][gc,phases   ] GC(876)   Post Evacuate Collection Set: 0.6ms
[12.717s][info   ][gc,phases   ] GC(876)   Other: 0.2ms
[12.717s][info   ][gc,heap     ] GC(876) Eden regions: 0->0(1228)
[12.717s][info   ][gc,heap     ] GC(876) Survivor regions: 0->0(154)
[12.717s][info   ][gc,heap     ] GC(876) Old regions: 1->1
[12.717s][info   ][gc,heap     ] GC(876) Archive regions: 2->2
[12.717s][info   ][gc,heap     ] GC(876) Humongous regions: 918->362
[12.717s][info   ][gc,metaspace] GC(876) Metaspace: 158K(384K)->158K(384K) NonClass: 150K(256K)->150K(256K) Class: 8K(128K)->8K(128K)
[12.717s][info   ][gc          ] GC(876) Pause Young (Concurrent Start) (G1 Humongous Allocation) 919M->363M(2048M) 1.502ms
[12.717s][info   ][gc,cpu      ] GC(876) User=0.00s Sys=0.01s Real=0.00s
[12.717s][info   ][gc          ] GC(877) Concurrent Undo Cycle
[12.717s][info   ][gc,marking  ] GC(877) Concurrent Cleanup for Next Mark
[12.721s][info   ][gc,marking  ] GC(877) Concurrent Cleanup for Next Mark 4.675ms
[12.722s][info   ][gc          ] GC(877) Concurrent Undo Cycle 5.040ms
[12.726s][info   ][gc,start    ] GC(878) Pause Young (Concurrent Start) (G1 Humongous Allocation)
[12.726s][info   ][gc,task     ] GC(878) Using 4 workers of 4 for evacuation
[12.727s][info   ][gc,phases   ] GC(878)   Pre Evacuate Collection Set: 0.2ms
[12.727s][info   ][gc,phases   ] GC(878)   Merge Heap Roots: 0.1ms
[12.727s][info   ][gc,phases   ] GC(878)   Evacuate Collection Set: 0.2ms
[12.727s][info   ][gc,phases   ] GC(878)   Post Evacuate Collection Set: 0.4ms
[12.727s][info   ][gc,phases   ] GC(878)   Other: 0.2ms
[12.727s][info   ][gc,heap     ] GC(878) Eden regions: 0->0(1228)
[12.727s][info   ][gc,heap     ] GC(878) Survivor regions: 0->0(154)
[12.727s][info   ][gc,heap     ] GC(878) Old regions: 1->1
[12.727s][info   ][gc,heap     ] GC(878) Archive regions: 2->2
[12.727s][info   ][gc,heap     ] GC(878) Humongous regions: 448->360
[12.727s][info   ][gc,metaspace] GC(878) Metaspace: 158K(384K)->158K(384K) NonClass: 150K(256K)->150K(256K) Class: 8K(128K)->8K(128K)
[12.727s][info   ][gc          ] GC(878) Pause Young (Concurrent Start) (G1 Humongous Allocation) 449M->361M(2048M) 1.014ms
[12.727s][info   ][gc,cpu      ] GC(878) User=0.00s Sys=0.00s Real=0.00s
[12.727s][info   ][gc          ] GC(879) Concurrent Undo Cycle
[12.727s][info   ][gc,marking  ] GC(879) Concurrent Cleanup for Next Mark
[12.770s][info   ][gc,marking  ] GC(879) Concurrent Cleanup for Next Mark 42.955ms
[12.771s][info   ][gc          ] GC(879) Concurrent Undo Cycle 43.375ms
[12.771s][info   ][gc,start    ] GC(880) Pause Young (Concurrent Start) (G1 Humongous Allocation)
[12.771s][info   ][gc,task     ] GC(880) Using 4 workers of 4 for evacuation
[12.772s][info   ][gc,phases   ] GC(880)   Pre Evacuate Collection Set: 0.2ms
[12.772s][info   ][gc,phases   ] GC(880)   Merge Heap Roots: 0.1ms
[12.772s][info   ][gc,phases   ] GC(880)   Evacuate Collection Set: 0.2ms
[12.772s][info   ][gc,phases   ] GC(880)   Post Evacuate Collection Set: 0.6ms
[12.772s][info   ][gc,phases   ] GC(880)   Other: 0.1ms
[12.772s][info   ][gc,heap     ] GC(880) Eden regions: 0->0(1228)
[12.772s][info   ][gc,heap     ] GC(880) Survivor regions: 0->0(154)
[12.772s][info   ][gc,heap     ] GC(880) Old regions: 1->1
[12.773s][info   ][gc,heap     ] GC(880) Archive regions: 2->2
[12.773s][info   ][gc,heap     ] GC(880) Humongous regions: 974->310
[12.773s][info   ][gc,metaspace] GC(880) Metaspace: 158K(384K)->158K(384K) NonClass: 150K(256K)->150K(256K) Class: 8K(128K)->8K(128K)
[12.773s][info   ][gc          ] GC(880) Pause Young (Concurrent Start) (G1 Humongous Allocation) 975M->311M(2048M) 1.273ms
[12.773s][info   ][gc,cpu      ] GC(880) User=0.01s Sys=0.00s Real=0.00s
[12.773s][info   ][gc          ] GC(881) Concurrent Undo Cycle
[12.773s][info   ][gc,marking  ] GC(881) Concurrent Cleanup for Next Mark
[12.811s][info   ][gc,marking  ] GC(881) Concurrent Cleanup for Next Mark 38.158ms
[12.811s][info   ][gc          ] GC(881) Concurrent Undo Cycle 38.339ms
[12.819s][info   ][gc,start    ] GC(882) Pause Young (Concurrent Start) (G1 Humongous Allocation)
[12.819s][info   ][gc,task     ] GC(882) Using 4 workers of 4 for evacuation
[12.821s][info   ][gc,phases   ] GC(882)   Pre Evacuate Collection Set: 0.2ms
[12.821s][info   ][gc,phases   ] GC(882)   Merge Heap Roots: 0.1ms
[12.821s][info   ][gc,phases   ] GC(882)   Evacuate Collection Set: 0.2ms
[12.821s][info   ][gc,phases   ] GC(882)   Post Evacuate Collection Set: 0.7ms
[12.821s][info   ][gc,phases   ] GC(882)   Other: 0.2ms
[12.821s][info   ][gc,heap     ] GC(882) Eden regions: 0->0(1228)
[12.821s][info   ][gc,heap     ] GC(882) Survivor regions: 0->0(154)
[12.821s][info   ][gc,heap     ] GC(882) Old regions: 1->1
[12.821s][info   ][gc,heap     ] GC(882) Archive regions: 2->2
[12.821s][info   ][gc,heap     ] GC(882) Humongous regions: 918->346
[12.821s][info   ][gc,metaspace] GC(882) Metaspace: 158K(384K)->158K(384K) NonClass: 150K(256K)->150K(256K) Class: 8K(128K)->8K(128K)
[12.821s][info   ][gc          ] GC(882) Pause Young (Concurrent Start) (G1 Humongous Allocation) 919M->347M(2048M) 1.497ms
[12.821s][info   ][gc,cpu      ] GC(882) User=0.00s Sys=0.00s Real=0.00s
[12.821s][info   ][gc          ] GC(883) Concurrent Undo Cycle
[12.821s][info   ][gc,marking  ] GC(883) Concurrent Cleanup for Next Mark
[12.840s][info   ][gc,marking  ] GC(883) Concurrent Cleanup for Next Mark 19.441ms
[12.840s][info   ][gc          ] GC(883) Concurrent Undo Cycle 19.576ms
[12.865s][info   ][gc,start    ] GC(884) Pause Young (Concurrent Start) (G1 Humongous Allocation)
[12.865s][info   ][gc,task     ] GC(884) Using 4 workers of 4 for evacuation
[12.866s][info   ][gc,phases   ] GC(884)   Pre Evacuate Collection Set: 0.2ms
[12.866s][info   ][gc,phases   ] GC(884)   Merge Heap Roots: 0.1ms
[12.866s][info   ][gc,phases   ] GC(884)   Evacuate Collection Set: 0.3ms
[12.866s][info   ][gc,phases   ] GC(884)   Post Evacuate Collection Set: 0.7ms
[12.866s][info   ][gc,phases   ] GC(884)   Other: 0.3ms
[12.866s][info   ][gc,heap     ] GC(884) Eden regions: 0->0(1228)
[12.866s][info   ][gc,heap     ] GC(884) Survivor regions: 0->0(154)
[12.866s][info   ][gc,heap     ] GC(884) Old regions: 1->1
[12.866s][info   ][gc,heap     ] GC(884) Archive regions: 2->2
[12.866s][info   ][gc,heap     ] GC(884) Humongous regions: 918->412
[12.866s][info   ][gc,metaspace] GC(884) Metaspace: 158K(384K)->158K(384K) NonClass: 150K(256K)->150K(256K) Class: 8K(128K)->8K(128K)
[12.866s][info   ][gc          ] GC(884) Pause Young (Concurrent Start) (G1 Humongous Allocation) 919M->413M(2048M) 1.487ms
[12.866s][info   ][gc,cpu      ] GC(884) User=0.00s Sys=0.00s Real=0.00s
[12.866s][info   ][gc          ] GC(885) Concurrent Undo Cycle
[12.866s][info   ][gc,marking  ] GC(885) Concurrent Cleanup for Next Mark
[12.879s][info   ][gc,marking  ] GC(885) Concurrent Cleanup for Next Mark 13.016ms
[12.879s][info   ][gc          ] GC(885) Concurrent Undo Cycle 13.208ms
[12.906s][info   ][gc,start    ] GC(886) Pause Young (Concurrent Start) (G1 Humongous Allocation)
[12.906s][info   ][gc,task     ] GC(886) Using 4 workers of 4 for evacuation
[12.907s][info   ][gc,phases   ] GC(886)   Pre Evacuate Collection Set: 0.2ms
[12.907s][info   ][gc,phases   ] GC(886)   Merge Heap Roots: 0.1ms
[12.907s][info   ][gc,phases   ] GC(886)   Evacuate Collection Set: 0.3ms
[12.907s][info   ][gc,phases   ] GC(886)   Post Evacuate Collection Set: 0.6ms
[12.907s][info   ][gc,phases   ] GC(886)   Other: 0.2ms
[12.907s][info   ][gc,heap     ] GC(886) Eden regions: 0->0(1228)
[12.907s][info   ][gc,heap     ] GC(886) Survivor regions: 0->0(154)
[12.907s][info   ][gc,heap     ] GC(886) Old regions: 1->1
[12.907s][info   ][gc,heap     ] GC(886) Archive regions: 2->2
[12.907s][info   ][gc,heap     ] GC(886) Humongous regions: 918->386
[12.907s][info   ][gc,metaspace] GC(886) Metaspace: 158K(384K)->158K(384K) NonClass: 150K(256K)->150K(256K) Class: 8K(128K)->8K(128K)
[12.907s][info   ][gc          ] GC(886) Pause Young (Concurrent Start) (G1 Humongous Allocation) 919M->387M(2048M) 1.499ms
[12.907s][info   ][gc,cpu      ] GC(886) User=0.00s Sys=0.00s Real=0.00s
[12.908s][info   ][gc          ] GC(887) Concurrent Undo Cycle
[12.908s][info   ][gc,marking  ] GC(887) Concurrent Cleanup for Next Mark
[12.913s][info   ][gc,marking  ] GC(887) Concurrent Cleanup for Next Mark 5.671ms
[12.913s][info   ][gc          ] GC(887) Concurrent Undo Cycle 5.909ms
[12.915s][info   ][gc,start    ] GC(888) Pause Young (Concurrent Start) (G1 Humongous Allocation)
[12.915s][info   ][gc,task     ] GC(888) Using 4 workers of 4 for evacuation
[12.916s][info   ][gc,phases   ] GC(888)   Pre Evacuate Collection Set: 0.2ms
[12.916s][info   ][gc,phases   ] GC(888)   Merge Heap Roots: 0.1ms
[12.916s][info   ][gc,phases   ] GC(888)   Evacuate Collection Set: 0.2ms
[12.916s][info   ][gc,phases   ] GC(888)   Post Evacuate Collection Set: 0.7ms
[12.916s][info   ][gc,phases   ] GC(888)   Other: 0.2ms
[12.916s][info   ][gc,heap     ] GC(888) Eden regions: 0->0(1228)
[12.916s][info   ][gc,heap     ] GC(888) Survivor regions: 0->0(154)
[12.916s][info   ][gc,heap     ] GC(888) Old regions: 1->1
[12.916s][info   ][gc,heap     ] GC(888) Archive regions: 2->2
[12.916s][info   ][gc,heap     ] GC(888) Humongous regions: 428->364
[12.916s][info   ][gc,metaspace] GC(888) Metaspace: 158K(384K)->158K(384K) NonClass: 150K(256K)->150K(256K) Class: 8K(128K)->8K(128K)
[12.916s][info   ][gc          ] GC(888) Pause Young (Concurrent Start) (G1 Humongous Allocation) 429M->365M(2048M) 1.385ms
[12.916s][info   ][gc,cpu      ] GC(888) User=0.00s Sys=0.00s Real=0.00s
[12.916s][info   ][gc          ] GC(889) Concurrent Undo Cycle
[12.916s][info   ][gc,marking  ] GC(889) Concurrent Cleanup for Next Mark
[12.945s][info   ][gc,marking  ] GC(889) Concurrent Cleanup for Next Mark 28.403ms
[12.945s][info   ][gc          ] GC(889) Concurrent Undo Cycle 28.603ms
[12.958s][info   ][gc,start    ] GC(890) Pause Young (Concurrent Start) (G1 Humongous Allocation)
[12.958s][info   ][gc,task     ] GC(890) Using 4 workers of 4 for evacuation
[12.959s][info   ][gc,phases   ] GC(890)   Pre Evacuate Collection Set: 0.2ms
[12.959s][info   ][gc,phases   ] GC(890)   Merge Heap Roots: 0.1ms
[12.959s][info   ][gc,phases   ] GC(890)   Evacuate Collection Set: 0.3ms
[12.959s][info   ][gc,phases   ] GC(890)   Post Evacuate Collection Set: 0.7ms
[12.959s][info   ][gc,phases   ] GC(890)   Other: 0.2ms
[12.959s][info   ][gc,heap     ] GC(890) Eden regions: 0->0(1228)
[12.959s][info   ][gc,heap     ] GC(890) Survivor regions: 0->0(154)
[12.959s][info   ][gc,heap     ] GC(890) Old regions: 1->1
[12.959s][info   ][gc,heap     ] GC(890) Archive regions: 2->2
[12.959s][info   ][gc,heap     ] GC(890) Humongous regions: 918->342
[12.959s][info   ][gc,metaspace] GC(890) Metaspace: 158K(384K)->158K(384K) NonClass: 150K(256K)->150K(256K) Class: 8K(128K)->8K(128K)
[12.959s][info   ][gc          ] GC(890) Pause Young (Concurrent Start) (G1 Humongous Allocation) 919M->343M(2048M) 1.479ms
[12.959s][info   ][gc,cpu      ] GC(890) User=0.00s Sys=0.00s Real=0.01s
[12.959s][info   ][gc          ] GC(891) Concurrent Undo Cycle
[12.959s][info   ][gc,marking  ] GC(891) Concurrent Cleanup for Next Mark
[12.984s][info   ][gc,marking  ] GC(891) Concurrent Cleanup for Next Mark 24.521ms
[12.984s][info   ][gc          ] GC(891) Concurrent Undo Cycle 24.765ms
[13.001s][info   ][gc,start    ] GC(892) Pause Young (Concurrent Start) (G1 Humongous Allocation)
[13.001s][info   ][gc,task     ] GC(892) Using 4 workers of 4 for evacuation
[13.003s][info   ][gc,phases   ] GC(892)   Pre Evacuate Collection Set: 0.2ms
[13.003s][info   ][gc,phases   ] GC(892)   Merge Heap Roots: 0.1ms
[13.003s][info   ][gc,phases   ] GC(892)   Evacuate Collection Set: 0.3ms
[13.003s][info   ][gc,phases   ] GC(892)   Post Evacuate Collection Set: 0.6ms
[13.003s][info   ][gc,phases   ] GC(892)   Other: 0.2ms
[13.003s][info   ][gc,heap     ] GC(892) Eden regions: 0->0(1228)
[13.003s][info   ][gc,heap     ] GC(892) Survivor regions: 0->0(154)
[13.003s][info   ][gc,heap     ] GC(892) Old regions: 1->1
[13.003s][info   ][gc,heap     ] GC(892) Archive regions: 2->2
[13.003s][info   ][gc,heap     ] GC(892) Humongous regions: 918->342
[13.003s][info   ][gc,metaspace] GC(892) Metaspace: 158K(384K)->158K(384K) NonClass: 150K(256K)->150K(256K) Class: 8K(128K)->8K(128K)
[13.003s][info   ][gc          ] GC(892) Pause Young (Concurrent Start) (G1 Humongous Allocation) 919M->343M(2048M) 1.458ms
[13.003s][info   ][gc,cpu      ] GC(892) User=0.00s Sys=0.00s Real=0.00s
[13.003s][info   ][gc          ] GC(893) Concurrent Undo Cycle
[13.003s][info   ][gc,marking  ] GC(893) Concurrent Cleanup for Next Mark
[13.022s][info   ][gc,marking  ] GC(893) Concurrent Cleanup for Next Mark 19.425ms
[13.022s][info   ][gc          ] GC(893) Concurrent Undo Cycle 19.633ms
[13.046s][info   ][gc,start    ] GC(894) Pause Young (Concurrent Start) (G1 Humongous Allocation)
[13.046s][info   ][gc,task     ] GC(894) Using 4 workers of 4 for evacuation
[13.048s][info   ][gc,phases   ] GC(894)   Pre Evacuate Collection Set: 0.2ms
[13.048s][info   ][gc,phases   ] GC(894)   Merge Heap Roots: 0.1ms
[13.048s][info   ][gc,phases   ] GC(894)   Evacuate Collection Set: 0.2ms
[13.048s][info   ][gc,phases   ] GC(894)   Post Evacuate Collection Set: 0.9ms
[13.048s][info   ][gc,phases   ] GC(894)   Other: 0.2ms
[13.048s][info   ][gc,heap     ] GC(894) Eden regions: 0->0(1228)
[13.048s][info   ][gc,heap     ] GC(894) Survivor regions: 0->0(154)
[13.048s][info   ][gc,heap     ] GC(894) Old regions: 1->1
[13.048s][info   ][gc,heap     ] GC(894) Archive regions: 2->2
[13.048s][info   ][gc,heap     ] GC(894) Humongous regions: 918->346
[13.048s][info   ][gc,metaspace] GC(894) Metaspace: 158K(384K)->158K(384K) NonClass: 150K(256K)->150K(256K) Class: 8K(128K)->8K(128K)
[13.048s][info   ][gc          ] GC(894) Pause Young (Concurrent Start) (G1 Humongous Allocation) 919M->347M(2048M) 1.917ms
[13.048s][info   ][gc,cpu      ] GC(894) User=0.00s Sys=0.00s Real=0.01s
[13.048s][info   ][gc          ] GC(895) Concurrent Undo Cycle
[13.048s][info   ][gc,marking  ] GC(895) Concurrent Cleanup for Next Mark
[13.074s][info   ][gc,marking  ] GC(895) Concurrent Cleanup for Next Mark 25.260ms
[13.074s][info   ][gc          ] GC(895) Concurrent Undo Cycle 25.458ms
[13.092s][info   ][gc,start    ] GC(896) Pause Young (Concurrent Start) (G1 Humongous Allocation)
[13.092s][info   ][gc,task     ] GC(896) Using 4 workers of 4 for evacuation
[13.094s][info   ][gc,phases   ] GC(896)   Pre Evacuate Collection Set: 0.2ms
[13.094s][info   ][gc,phases   ] GC(896)   Merge Heap Roots: 0.1ms
[13.094s][info   ][gc,phases   ] GC(896)   Evacuate Collection Set: 0.2ms
[13.094s][info   ][gc,phases   ] GC(896)   Post Evacuate Collection Set: 0.6ms
[13.094s][info   ][gc,phases   ] GC(896)   Other: 0.2ms
[13.094s][info   ][gc,heap     ] GC(896) Eden regions: 0->0(1228)
[13.094s][info   ][gc,heap     ] GC(896) Survivor regions: 0->0(154)
[13.094s][info   ][gc,heap     ] GC(896) Old regions: 1->1
[13.094s][info   ][gc,heap     ] GC(896) Archive regions: 2->2
[13.094s][info   ][gc,heap     ] GC(896) Humongous regions: 918->306
[13.094s][info   ][gc,metaspace] GC(896) Metaspace: 158K(384K)->158K(384K) NonClass: 150K(256K)->150K(256K) Class: 8K(128K)->8K(128K)
[13.094s][info   ][gc          ] GC(896) Pause Young (Concurrent Start) (G1 Humongous Allocation) 919M->307M(2048M) 1.403ms
[13.094s][info   ][gc,cpu      ] GC(896) User=0.00s Sys=0.00s Real=0.00s
[13.094s][info   ][gc          ] GC(897) Concurrent Undo Cycle
[13.094s][info   ][gc,marking  ] GC(897) Concurrent Cleanup for Next Mark
[13.109s][info   ][gc,marking  ] GC(897) Concurrent Cleanup for Next Mark 15.106ms
[13.109s][info   ][gc          ] GC(897) Concurrent Undo Cycle 15.309ms
[13.138s][info   ][gc,start    ] GC(898) Pause Young (Concurrent Start) (G1 Humongous Allocation)
[13.138s][info   ][gc,task     ] GC(898) Using 4 workers of 4 for evacuation
[13.139s][info   ][gc,phases   ] GC(898)   Pre Evacuate Collection Set: 0.2ms
[13.139s][info   ][gc,phases   ] GC(898)   Merge Heap Roots: 0.1ms
[13.139s][info   ][gc,phases   ] GC(898)   Evacuate Collection Set: 0.3ms
[13.139s][info   ][gc,phases   ] GC(898)   Post Evacuate Collection Set: 0.6ms
[13.139s][info   ][gc,phases   ] GC(898)   Other: 0.2ms
[13.139s][info   ][gc,heap     ] GC(898) Eden regions: 0->0(1228)
[13.139s][info   ][gc,heap     ] GC(898) Survivor regions: 0->0(154)
[13.139s][info   ][gc,heap     ] GC(898) Old regions: 1->1
[13.139s][info   ][gc,heap     ] GC(898) Archive regions: 2->2
[13.139s][info   ][gc,heap     ] GC(898) Humongous regions: 918->358
[13.139s][info   ][gc,metaspace] GC(898) Metaspace: 158K(384K)->158K(384K) NonClass: 150K(256K)->150K(256K) Class: 8K(128K)->8K(128K)
[13.139s][info   ][gc          ] GC(898) Pause Young (Concurrent Start) (G1 Humongous Allocation) 919M->359M(2048M) 1.332ms
[13.139s][info   ][gc,cpu      ] GC(898) User=0.00s Sys=0.00s Real=0.00s
[13.140s][info   ][gc          ] GC(899) Concurrent Undo Cycle
[13.140s][info   ][gc,marking  ] GC(899) Concurrent Cleanup for Next Mark
[13.154s][info   ][gc,marking  ] GC(899) Concurrent Cleanup for Next Mark 14.155ms
[13.155s][info   ][gc          ] GC(899) Concurrent Undo Cycle 15.418ms
[13.180s][info   ][gc,start    ] GC(900) Pause Young (Concurrent Start) (G1 Humongous Allocation)
[13.180s][info   ][gc,task     ] GC(900) Using 4 workers of 4 for evacuation
[13.182s][info   ][gc,phases   ] GC(900)   Pre Evacuate Collection Set: 0.2ms
[13.182s][info   ][gc,phases   ] GC(900)   Merge Heap Roots: 0.1ms
[13.182s][info   ][gc,phases   ] GC(900)   Evacuate Collection Set: 0.3ms
[13.182s][info   ][gc,phases   ] GC(900)   Post Evacuate Collection Set: 0.6ms
[13.182s][info   ][gc,phases   ] GC(900)   Other: 0.2ms
[13.182s][info   ][gc,heap     ] GC(900) Eden regions: 0->0(1228)
[13.182s][info   ][gc,heap     ] GC(900) Survivor regions: 0->0(154)
[13.182s][info   ][gc,heap     ] GC(900) Old regions: 1->1
[13.182s][info   ][gc,heap     ] GC(900) Archive regions: 2->2
[13.182s][info   ][gc,heap     ] GC(900) Humongous regions: 918->486
[13.182s][info   ][gc,metaspace] GC(900) Metaspace: 158K(384K)->158K(384K) NonClass: 150K(256K)->150K(256K) Class: 8K(128K)->8K(128K)
[13.182s][info   ][gc          ] GC(900) Pause Young (Concurrent Start) (G1 Humongous Allocation) 919M->487M(2048M) 1.451ms
[13.182s][info   ][gc,cpu      ] GC(900) User=0.00s Sys=0.00s Real=0.00s
[13.182s][info   ][gc          ] GC(901) Concurrent Undo Cycle
[13.182s][info   ][gc,marking  ] GC(901) Concurrent Cleanup for Next Mark
[13.209s][info   ][gc,marking  ] GC(901) Concurrent Cleanup for Next Mark 27.208ms
[13.209s][info   ][gc          ] GC(901) Concurrent Undo Cycle 27.503ms
[13.214s][info   ][gc,start    ] GC(902) Pause Young (Concurrent Start) (G1 Humongous Allocation)
[13.214s][info   ][gc,task     ] GC(902) Using 4 workers of 4 for evacuation
[13.216s][info   ][gc,phases   ] GC(902)   Pre Evacuate Collection Set: 0.2ms
[13.216s][info   ][gc,phases   ] GC(902)   Merge Heap Roots: 0.1ms
[13.216s][info   ][gc,phases   ] GC(902)   Evacuate Collection Set: 0.3ms
[13.216s][info   ][gc,phases   ] GC(902)   Post Evacuate Collection Set: 0.6ms
[13.216s][info   ][gc,phases   ] GC(902)   Other: 0.2ms
[13.216s][info   ][gc,heap     ] GC(902) Eden regions: 0->0(1211)
[13.216s][info   ][gc,heap     ] GC(902) Survivor regions: 0->0(154)
[13.216s][info   ][gc,heap     ] GC(902) Old regions: 1->1
[13.216s][info   ][gc,heap     ] GC(902) Archive regions: 2->2
[13.216s][info   ][gc,heap     ] GC(902) Humongous regions: 918->528
[13.216s][info   ][gc,metaspace] GC(902) Metaspace: 158K(384K)->158K(384K) NonClass: 150K(256K)->150K(256K) Class: 8K(128K)->8K(128K)
[13.216s][info   ][gc          ] GC(902) Pause Young (Concurrent Start) (G1 Humongous Allocation) 919M->529M(2048M) 1.470ms
[13.216s][info   ][gc,cpu      ] GC(902) User=0.00s Sys=0.00s Real=0.00s
[13.216s][info   ][gc          ] GC(903) Concurrent Undo Cycle
[13.216s][info   ][gc,marking  ] GC(903) Concurrent Cleanup for Next Mark
[13.234s][info   ][gc,marking  ] GC(903) Concurrent Cleanup for Next Mark 17.742ms
[13.234s][info   ][gc          ] GC(903) Concurrent Undo Cycle 17.933ms
[13.246s][info   ][gc,start    ] GC(904) Pause Young (Concurrent Start) (G1 Humongous Allocation)
[13.246s][info   ][gc,task     ] GC(904) Using 4 workers of 4 for evacuation
[13.247s][info   ][gc,phases   ] GC(904)   Pre Evacuate Collection Set: 0.2ms
[13.247s][info   ][gc,phases   ] GC(904)   Merge Heap Roots: 0.1ms
[13.247s][info   ][gc,phases   ] GC(904)   Evacuate Collection Set: 0.2ms
[13.247s][info   ][gc,phases   ] GC(904)   Post Evacuate Collection Set: 0.5ms
[13.247s][info   ][gc,phases   ] GC(904)   Other: 0.2ms
[13.247s][info   ][gc,heap     ] GC(904) Eden regions: 0->0(1228)
[13.247s][info   ][gc,heap     ] GC(904) Survivor regions: 0->0(152)
[13.247s][info   ][gc,heap     ] GC(904) Old regions: 1->1
[13.247s][info   ][gc,heap     ] GC(904) Archive regions: 2->2
[13.247s][info   ][gc,heap     ] GC(904) Humongous regions: 918->476
[13.247s][info   ][gc,metaspace] GC(904) Metaspace: 158K(384K)->158K(384K) NonClass: 150K(256K)->150K(256K) Class: 8K(128K)->8K(128K)
[13.247s][info   ][gc          ] GC(904) Pause Young (Concurrent Start) (G1 Humongous Allocation) 919M->477M(2048M) 1.375ms
[13.247s][info   ][gc,cpu      ] GC(904) User=0.00s Sys=0.00s Real=0.00s
[13.247s][info   ][gc          ] GC(905) Concurrent Undo Cycle
[13.247s][info   ][gc,marking  ] GC(905) Concurrent Cleanup for Next Mark
[13.261s][info   ][gc,marking  ] GC(905) Concurrent Cleanup for Next Mark 14.071ms
[13.261s][info   ][gc          ] GC(905) Concurrent Undo Cycle 14.259ms
[13.279s][info   ][gc,start    ] GC(906) Pause Young (Concurrent Start) (G1 Humongous Allocation)
[13.279s][info   ][gc,task     ] GC(906) Using 4 workers of 4 for evacuation
[13.280s][info   ][gc,phases   ] GC(906)   Pre Evacuate Collection Set: 0.3ms
[13.280s][info   ][gc,phases   ] GC(906)   Merge Heap Roots: 0.1ms
[13.280s][info   ][gc,phases   ] GC(906)   Evacuate Collection Set: 0.2ms
[13.280s][info   ][gc,phases   ] GC(906)   Post Evacuate Collection Set: 0.6ms
[13.280s][info   ][gc,phases   ] GC(906)   Other: 0.3ms
[13.280s][info   ][gc,heap     ] GC(906) Eden regions: 0->0(1222)
[13.280s][info   ][gc,heap     ] GC(906) Survivor regions: 0->0(154)
[13.280s][info   ][gc,heap     ] GC(906) Old regions: 1->1
[13.280s][info   ][gc,heap     ] GC(906) Archive regions: 2->2
[13.280s][info   ][gc,heap     ] GC(906) Humongous regions: 918->516
[13.280s][info   ][gc,metaspace] GC(906) Metaspace: 158K(384K)->158K(384K) NonClass: 150K(256K)->150K(256K) Class: 8K(128K)->8K(128K)
[13.280s][info   ][gc          ] GC(906) Pause Young (Concurrent Start) (G1 Humongous Allocation) 919M->517M(2048M) 1.568ms
[13.280s][info   ][gc,cpu      ] GC(906) User=0.00s Sys=0.00s Real=0.00s
[13.280s][info   ][gc          ] GC(907) Concurrent Undo Cycle
[13.280s][info   ][gc,marking  ] GC(907) Concurrent Cleanup for Next Mark
[13.299s][info   ][gc,marking  ] GC(907) Concurrent Cleanup for Next Mark 18.393ms
[13.299s][info   ][gc          ] GC(907) Concurrent Undo Cycle 18.614ms
[13.315s][info   ][gc,start    ] GC(908) Pause Young (Concurrent Start) (G1 Humongous Allocation)
[13.315s][info   ][gc,task     ] GC(908) Using 4 workers of 4 for evacuation
[13.316s][info   ][gc,phases   ] GC(908)   Pre Evacuate Collection Set: 0.2ms
[13.316s][info   ][gc,phases   ] GC(908)   Merge Heap Roots: 0.1ms
[13.316s][info   ][gc,phases   ] GC(908)   Evacuate Collection Set: 0.3ms
[13.316s][info   ][gc,phases   ] GC(908)   Post Evacuate Collection Set: 0.6ms
[13.316s][info   ][gc,phases   ] GC(908)   Other: 0.2ms
[13.316s][info   ][gc,heap     ] GC(908) Eden regions: 0->0(1217)
[13.316s][info   ][gc,heap     ] GC(908) Survivor regions: 0->0(153)
[13.316s][info   ][gc,heap     ] GC(908) Old regions: 1->1
[13.316s][info   ][gc,heap     ] GC(908) Archive regions: 2->2
[13.316s][info   ][gc,heap     ] GC(908) Humongous regions: 918->522
[13.316s][info   ][gc,metaspace] GC(908) Metaspace: 158K(384K)->158K(384K) NonClass: 150K(256K)->150K(256K) Class: 8K(128K)->8K(128K)
[13.316s][info   ][gc          ] GC(908) Pause Young (Concurrent Start) (G1 Humongous Allocation) 919M->523M(2048M) 1.447ms
[13.316s][info   ][gc,cpu      ] GC(908) User=0.00s Sys=0.00s Real=0.00s
[13.316s][info   ][gc          ] GC(909) Concurrent Undo Cycle
[13.316s][info   ][gc,marking  ] GC(909) Concurrent Cleanup for Next Mark
[13.351s][info   ][gc,marking  ] GC(909) Concurrent Cleanup for Next Mark 34.902ms
[13.352s][info   ][gc          ] GC(909) Concurrent Undo Cycle 35.079ms
[13.353s][info   ][gc,start    ] GC(910) Pause Young (Concurrent Start) (G1 Humongous Allocation)
[13.353s][info   ][gc,task     ] GC(910) Using 4 workers of 4 for evacuation
[13.354s][info   ][gc,phases   ] GC(910)   Pre Evacuate Collection Set: 0.2ms
[13.354s][info   ][gc,phases   ] GC(910)   Merge Heap Roots: 0.1ms
[13.354s][info   ][gc,phases   ] GC(910)   Evacuate Collection Set: 0.4ms
[13.354s][info   ][gc,phases   ] GC(910)   Post Evacuate Collection Set: 0.5ms
[13.354s][info   ][gc,phases   ] GC(910)   Other: 0.2ms
[13.354s][info   ][gc,heap     ] GC(910) Eden regions: 0->0(1213)
[13.354s][info   ][gc,heap     ] GC(910) Survivor regions: 0->0(153)
[13.354s][info   ][gc,heap     ] GC(910) Old regions: 1->1
[13.354s][info   ][gc,heap     ] GC(910) Archive regions: 2->2
[13.354s][info   ][gc,heap     ] GC(910) Humongous regions: 1012->526
[13.354s][info   ][gc,metaspace] GC(910) Metaspace: 158K(384K)->158K(384K) NonClass: 150K(256K)->150K(256K) Class: 8K(128K)->8K(128K)
[13.354s][info   ][gc          ] GC(910) Pause Young (Concurrent Start) (G1 Humongous Allocation) 1013M->527M(2048M) 1.391ms
[13.354s][info   ][gc,cpu      ] GC(910) User=0.00s Sys=0.00s Real=0.00s
[13.354s][info   ][gc          ] GC(911) Concurrent Undo Cycle
[13.354s][info   ][gc,marking  ] GC(911) Concurrent Cleanup for Next Mark
[13.372s][info   ][gc,marking  ] GC(911) Concurrent Cleanup for Next Mark 17.226ms
[13.372s][info   ][gc          ] GC(911) Concurrent Undo Cycle 17.456ms
[13.387s][info   ][gc,start    ] GC(912) Pause Young (Concurrent Start) (G1 Humongous Allocation)
[13.387s][info   ][gc,task     ] GC(912) Using 4 workers of 4 for evacuation
[13.389s][info   ][gc,phases   ] GC(912)   Pre Evacuate Collection Set: 0.2ms
[13.389s][info   ][gc,phases   ] GC(912)   Merge Heap Roots: 0.2ms
[13.389s][info   ][gc,phases   ] GC(912)   Evacuate Collection Set: 0.3ms
[13.389s][info   ][gc,phases   ] GC(912)   Post Evacuate Collection Set: 0.6ms
[13.389s][info   ][gc,phases   ] GC(912)   Other: 0.2ms
[13.389s][info   ][gc,heap     ] GC(912) Eden regions: 0->0(1228)
[13.389s][info   ][gc,heap     ] GC(912) Survivor regions: 0->0(152)
[13.389s][info   ][gc,heap     ] GC(912) Old regions: 1->1
[13.389s][info   ][gc,heap     ] GC(912) Archive regions: 2->2
[13.389s][info   ][gc,heap     ] GC(912) Humongous regions: 918->486
[13.389s][info   ][gc,metaspace] GC(912) Metaspace: 158K(384K)->158K(384K) NonClass: 150K(256K)->150K(256K) Class: 8K(128K)->8K(128K)
[13.389s][info   ][gc          ] GC(912) Pause Young (Concurrent Start) (G1 Humongous Allocation) 919M->487M(2048M) 1.605ms
[13.389s][info   ][gc,cpu      ] GC(912) User=0.00s Sys=0.00s Real=0.01s
[13.389s][info   ][gc          ] GC(913) Concurrent Undo Cycle
[13.389s][info   ][gc,marking  ] GC(913) Concurrent Cleanup for Next Mark
[13.407s][info   ][gc,marking  ] GC(913) Concurrent Cleanup for Next Mark 18.181ms
[13.407s][info   ][gc          ] GC(913) Concurrent Undo Cycle 18.465ms
[13.423s][info   ][gc,start    ] GC(914) Pause Young (Concurrent Start) (G1 Humongous Allocation)
[13.423s][info   ][gc,task     ] GC(914) Using 4 workers of 4 for evacuation
[13.424s][info   ][gc,phases   ] GC(914)   Pre Evacuate Collection Set: 0.2ms
[13.424s][info   ][gc,phases   ] GC(914)   Merge Heap Roots: 0.1ms
[13.424s][info   ][gc,phases   ] GC(914)   Evacuate Collection Set: 0.3ms
[13.424s][info   ][gc,phases   ] GC(914)   Post Evacuate Collection Set: 0.5ms
[13.424s][info   ][gc,phases   ] GC(914)   Other: 0.2ms
[13.424s][info   ][gc,heap     ] GC(914) Eden regions: 0->0(1206)
[13.424s][info   ][gc,heap     ] GC(914) Survivor regions: 0->0(154)
[13.424s][info   ][gc,heap     ] GC(914) Old regions: 1->1
[13.424s][info   ][gc,heap     ] GC(914) Archive regions: 2->2
[13.424s][info   ][gc,heap     ] GC(914) Humongous regions: 918->534
[13.424s][info   ][gc,metaspace] GC(914) Metaspace: 158K(384K)->158K(384K) NonClass: 150K(256K)->150K(256K) Class: 8K(128K)->8K(128K)
[13.424s][info   ][gc          ] GC(914) Pause Young (Concurrent Start) (G1 Humongous Allocation) 919M->535M(2048M) 1.343ms
[13.424s][info   ][gc,cpu      ] GC(914) User=0.00s Sys=0.01s Real=0.00s
[13.424s][info   ][gc          ] GC(915) Concurrent Undo Cycle
[13.424s][info   ][gc,marking  ] GC(915) Concurrent Cleanup for Next Mark
[13.456s][info   ][gc,marking  ] GC(915) Concurrent Cleanup for Next Mark 31.311ms
[13.456s][info   ][gc          ] GC(915) Concurrent Undo Cycle 31.634ms
[13.456s][info   ][gc,start    ] GC(916) Pause Young (Concurrent Start) (G1 Humongous Allocation)
[13.456s][info   ][gc,task     ] GC(916) Using 4 workers of 4 for evacuation
[13.458s][info   ][gc,phases   ] GC(916)   Pre Evacuate Collection Set: 0.2ms
[13.458s][info   ][gc,phases   ] GC(916)   Merge Heap Roots: 0.1ms
[13.458s][info   ][gc,phases   ] GC(916)   Evacuate Collection Set: 0.4ms
[13.458s][info   ][gc,phases   ] GC(916)   Post Evacuate Collection Set: 0.5ms
[13.458s][info   ][gc,phases   ] GC(916)   Other: 0.2ms
[13.458s][info   ][gc,heap     ] GC(916) Eden regions: 0->0(1180)
[13.458s][info   ][gc,heap     ] GC(916) Survivor regions: 0->0(151)
[13.458s][info   ][gc,heap     ] GC(916) Old regions: 1->1
[13.458s][info   ][gc,heap     ] GC(916) Archive regions: 2->2
[13.458s][info   ][gc,heap     ] GC(916) Humongous regions: 986->562
[13.458s][info   ][gc,metaspace] GC(916) Metaspace: 158K(384K)->158K(384K) NonClass: 150K(256K)->150K(256K) Class: 8K(128K)->8K(128K)
[13.458s][info   ][gc          ] GC(916) Pause Young (Concurrent Start) (G1 Humongous Allocation) 987M->563M(2048M) 1.371ms
[13.458s][info   ][gc,cpu      ] GC(916) User=0.00s Sys=0.00s Real=0.00s
[13.458s][info   ][gc          ] GC(917) Concurrent Undo Cycle
[13.458s][info   ][gc,marking  ] GC(917) Concurrent Cleanup for Next Mark
[13.478s][info   ][gc,marking  ] GC(917) Concurrent Cleanup for Next Mark 20.299ms
[13.478s][info   ][gc          ] GC(917) Concurrent Undo Cycle 20.505ms
[13.485s][info   ][gc,start    ] GC(918) Pause Young (Concurrent Start) (G1 Humongous Allocation)
[13.485s][info   ][gc,task     ] GC(918) Using 4 workers of 4 for evacuation
[13.486s][info   ][gc,phases   ] GC(918)   Pre Evacuate Collection Set: 0.2ms
[13.486s][info   ][gc,phases   ] GC(918)   Merge Heap Roots: 0.1ms
[13.486s][info   ][gc,phases   ] GC(918)   Evacuate Collection Set: 0.4ms
[13.486s][info   ][gc,phases   ] GC(918)   Post Evacuate Collection Set: 0.5ms
[13.486s][info   ][gc,phases   ] GC(918)   Other: 0.2ms
[13.486s][info   ][gc,heap     ] GC(918) Eden regions: 0->0(1185)
[13.486s][info   ][gc,heap     ] GC(918) Survivor regions: 0->0(148)
[13.486s][info   ][gc,heap     ] GC(918) Old regions: 1->1
[13.486s][info   ][gc,heap     ] GC(918) Archive regions: 2->2
[13.486s][info   ][gc,heap     ] GC(918) Humongous regions: 918->556
[13.486s][info   ][gc,metaspace] GC(918) Metaspace: 158K(384K)->158K(384K) NonClass: 150K(256K)->150K(256K) Class: 8K(128K)->8K(128K)
[13.486s][info   ][gc          ] GC(918) Pause Young (Concurrent Start) (G1 Humongous Allocation) 919M->557M(2048M) 1.455ms
[13.486s][info   ][gc,cpu      ] GC(918) User=0.00s Sys=0.01s Real=0.00s
[13.486s][info   ][gc          ] GC(919) Concurrent Undo Cycle
[13.486s][info   ][gc,marking  ] GC(919) Concurrent Cleanup for Next Mark
[13.506s][info   ][gc,marking  ] GC(919) Concurrent Cleanup for Next Mark 19.945ms
[13.506s][info   ][gc          ] GC(919) Concurrent Undo Cycle 20.166ms
[13.516s][info   ][gc,start    ] GC(920) Pause Young (Concurrent Start) (G1 Humongous Allocation)
[13.516s][info   ][gc,task     ] GC(920) Using 4 workers of 4 for evacuation
[13.518s][info   ][gc,phases   ] GC(920)   Pre Evacuate Collection Set: 0.3ms
[13.518s][info   ][gc,phases   ] GC(920)   Merge Heap Roots: 0.1ms
[13.518s][info   ][gc,phases   ] GC(920)   Evacuate Collection Set: 0.5ms
[13.518s][info   ][gc,phases   ] GC(920)   Post Evacuate Collection Set: 0.6ms
[13.518s][info   ][gc,phases   ] GC(920)   Other: 0.2ms
[13.518s][info   ][gc,heap     ] GC(920) Eden regions: 0->0(1193)
[13.518s][info   ][gc,heap     ] GC(920) Survivor regions: 0->0(149)
[13.518s][info   ][gc,heap     ] GC(920) Old regions: 1->1
[13.518s][info   ][gc,heap     ] GC(920) Archive regions: 2->2
[13.518s][info   ][gc,heap     ] GC(920) Humongous regions: 918->548
[13.518s][info   ][gc,metaspace] GC(920) Metaspace: 158K(384K)->158K(384K) NonClass: 150K(256K)->150K(256K) Class: 8K(128K)->8K(128K)
[13.518s][info   ][gc          ] GC(920) Pause Young (Concurrent Start) (G1 Humongous Allocation) 919M->549M(2048M) 1.771ms
[13.518s][info   ][gc,cpu      ] GC(920) User=0.00s Sys=0.00s Real=0.00s
[13.518s][info   ][gc          ] GC(921) Concurrent Undo Cycle
[13.518s][info   ][gc,marking  ] GC(921) Concurrent Cleanup for Next Mark
[13.532s][info   ][gc,marking  ] GC(921) Concurrent Cleanup for Next Mark 13.748ms
[13.532s][info   ][gc          ] GC(921) Concurrent Undo Cycle 13.942ms
[13.545s][info   ][gc,start    ] GC(922) Pause Young (Concurrent Start) (G1 Humongous Allocation)
[13.545s][info   ][gc,task     ] GC(922) Using 4 workers of 4 for evacuation
[13.547s][info   ][gc,phases   ] GC(922)   Pre Evacuate Collection Set: 0.3ms
[13.547s][info   ][gc,phases   ] GC(922)   Merge Heap Roots: 0.1ms
[13.547s][info   ][gc,phases   ] GC(922)   Evacuate Collection Set: 0.3ms
[13.547s][info   ][gc,phases   ] GC(922)   Post Evacuate Collection Set: 0.5ms
[13.547s][info   ][gc,phases   ] GC(922)   Other: 0.3ms
[13.547s][info   ][gc,heap     ] GC(922) Eden regions: 0->0(1224)
[13.547s][info   ][gc,heap     ] GC(922) Survivor regions: 0->0(150)
[13.547s][info   ][gc,heap     ] GC(922) Old regions: 1->1
[13.547s][info   ][gc,heap     ] GC(922) Archive regions: 2->2
[13.547s][info   ][gc,heap     ] GC(922) Humongous regions: 918->514
[13.547s][info   ][gc,metaspace] GC(922) Metaspace: 158K(384K)->158K(384K) NonClass: 150K(256K)->150K(256K) Class: 8K(128K)->8K(128K)
[13.547s][info   ][gc          ] GC(922) Pause Young (Concurrent Start) (G1 Humongous Allocation) 919M->515M(2048M) 1.555ms
[13.547s][info   ][gc,cpu      ] GC(922) User=0.00s Sys=0.00s Real=0.00s
[13.547s][info   ][gc          ] GC(923) Concurrent Undo Cycle
[13.547s][info   ][gc,marking  ] GC(923) Concurrent Cleanup for Next Mark
[13.581s][info   ][gc,marking  ] GC(923) Concurrent Cleanup for Next Mark 34.089ms
[13.581s][info   ][gc          ] GC(923) Concurrent Undo Cycle 34.337ms
[13.582s][info   ][gc,start    ] GC(924) Pause Young (Concurrent Start) (G1 Humongous Allocation)
[13.582s][info   ][gc,task     ] GC(924) Using 4 workers of 4 for evacuation
[13.584s][info   ][gc,phases   ] GC(924)   Pre Evacuate Collection Set: 0.2ms
[13.584s][info   ][gc,phases   ] GC(924)   Merge Heap Roots: 0.1ms
[13.584s][info   ][gc,phases   ] GC(924)   Evacuate Collection Set: 0.3ms
[13.584s][info   ][gc,phases   ] GC(924)   Post Evacuate Collection Set: 0.6ms
[13.584s][info   ][gc,phases   ] GC(924)   Other: 0.2ms
[13.584s][info   ][gc,heap     ] GC(924) Eden regions: 0->0(1228)
[13.584s][info   ][gc,heap     ] GC(924) Survivor regions: 0->0(153)
[13.584s][info   ][gc,heap     ] GC(924) Old regions: 1->1
[13.584s][info   ][gc,heap     ] GC(924) Archive regions: 2->2
[13.584s][info   ][gc,heap     ] GC(924) Humongous regions: 1006->504
[13.584s][info   ][gc,metaspace] GC(924) Metaspace: 158K(384K)->158K(384K) NonClass: 150K(256K)->150K(256K) Class: 8K(128K)->8K(128K)
[13.584s][info   ][gc          ] GC(924) Pause Young (Concurrent Start) (G1 Humongous Allocation) 1007M->505M(2048M) 1.416ms
[13.584s][info   ][gc,cpu      ] GC(924) User=0.00s Sys=0.00s Real=0.00s
[13.584s][info   ][gc          ] GC(925) Concurrent Undo Cycle
[13.584s][info   ][gc,marking  ] GC(925) Concurrent Cleanup for Next Mark
[13.594s][info   ][gc,marking  ] GC(925) Concurrent Cleanup for Next Mark 10.158ms
[13.594s][info   ][gc          ] GC(925) Concurrent Undo Cycle 10.289ms
[13.615s][info   ][gc,start    ] GC(926) Pause Young (Concurrent Start) (G1 Humongous Allocation)
[13.615s][info   ][gc,task     ] GC(926) Using 4 workers of 4 for evacuation
[13.616s][info   ][gc,phases   ] GC(926)   Pre Evacuate Collection Set: 0.2ms
[13.616s][info   ][gc,phases   ] GC(926)   Merge Heap Roots: 0.1ms
[13.616s][info   ][gc,phases   ] GC(926)   Evacuate Collection Set: 0.2ms
[13.616s][info   ][gc,phases   ] GC(926)   Post Evacuate Collection Set: 0.6ms
[13.616s][info   ][gc,phases   ] GC(926)   Other: 0.2ms
[13.616s][info   ][gc,heap     ] GC(926) Eden regions: 0->0(1228)
[13.616s][info   ][gc,heap     ] GC(926) Survivor regions: 0->0(154)
[13.616s][info   ][gc,heap     ] GC(926) Old regions: 1->1
[13.616s][info   ][gc,heap     ] GC(926) Archive regions: 2->2
[13.616s][info   ][gc,heap     ] GC(926) Humongous regions: 918->498
[13.616s][info   ][gc,metaspace] GC(926) Metaspace: 158K(384K)->158K(384K) NonClass: 150K(256K)->150K(256K) Class: 8K(128K)->8K(128K)
[13.616s][info   ][gc          ] GC(926) Pause Young (Concurrent Start) (G1 Humongous Allocation) 919M->499M(2048M) 1.403ms
[13.616s][info   ][gc,cpu      ] GC(926) User=0.00s Sys=0.00s Real=0.00s
[13.616s][info   ][gc          ] GC(927) Concurrent Undo Cycle
[13.616s][info   ][gc,marking  ] GC(927) Concurrent Cleanup for Next Mark
[13.633s][info   ][gc,marking  ] GC(927) Concurrent Cleanup for Next Mark 17.034ms
[13.633s][info   ][gc          ] GC(927) Concurrent Undo Cycle 17.222ms
[13.647s][info   ][gc,start    ] GC(928) Pause Young (Concurrent Start) (G1 Humongous Allocation)
[13.647s][info   ][gc,task     ] GC(928) Using 4 workers of 4 for evacuation
[13.648s][info   ][gc,phases   ] GC(928)   Pre Evacuate Collection Set: 0.2ms
[13.648s][info   ][gc,phases   ] GC(928)   Merge Heap Roots: 0.1ms
[13.648s][info   ][gc,phases   ] GC(928)   Evacuate Collection Set: 0.2ms
[13.648s][info   ][gc,phases   ] GC(928)   Post Evacuate Collection Set: 0.6ms
[13.648s][info   ][gc,phases   ] GC(928)   Other: 0.2ms
[13.648s][info   ][gc,heap     ] GC(928) Eden regions: 0->0(1228)
[13.648s][info   ][gc,heap     ] GC(928) Survivor regions: 0->0(154)
[13.648s][info   ][gc,heap     ] GC(928) Old regions: 1->1
[13.648s][info   ][gc,heap     ] GC(928) Archive regions: 2->2
[13.648s][info   ][gc,heap     ] GC(928) Humongous regions: 918->502
[13.648s][info   ][gc,metaspace] GC(928) Metaspace: 158K(384K)->158K(384K) NonClass: 150K(256K)->150K(256K) Class: 8K(128K)->8K(128K)
[13.648s][info   ][gc          ] GC(928) Pause Young (Concurrent Start) (G1 Humongous Allocation) 919M->503M(2048M) 1.369ms
[13.648s][info   ][gc,cpu      ] GC(928) User=0.00s Sys=0.00s Real=0.01s
[13.648s][info   ][gc          ] GC(929) Concurrent Undo Cycle
[13.648s][info   ][gc,marking  ] GC(929) Concurrent Cleanup for Next Mark
[13.664s][info   ][gc,marking  ] GC(929) Concurrent Cleanup for Next Mark 15.004ms
[13.664s][info   ][gc          ] GC(929) Concurrent Undo Cycle 15.194ms
[13.679s][info   ][gc,start    ] GC(930) Pause Young (Concurrent Start) (G1 Humongous Allocation)
[13.679s][info   ][gc,task     ] GC(930) Using 4 workers of 4 for evacuation
[13.680s][info   ][gc,phases   ] GC(930)   Pre Evacuate Collection Set: 0.2ms
[13.680s][info   ][gc,phases   ] GC(930)   Merge Heap Roots: 0.1ms
[13.680s][info   ][gc,phases   ] GC(930)   Evacuate Collection Set: 0.3ms
[13.680s][info   ][gc,phases   ] GC(930)   Post Evacuate Collection Set: 0.6ms
[13.680s][info   ][gc,phases   ] GC(930)   Other: 0.2ms
[13.680s][info   ][gc,heap     ] GC(930) Eden regions: 0->0(1228)
[13.680s][info   ][gc,heap     ] GC(930) Survivor regions: 0->0(154)
[13.680s][info   ][gc,heap     ] GC(930) Old regions: 1->1
[13.680s][info   ][gc,heap     ] GC(930) Archive regions: 2->2
[13.680s][info   ][gc,heap     ] GC(930) Humongous regions: 918->488
[13.680s][info   ][gc,metaspace] GC(930) Metaspace: 158K(384K)->158K(384K) NonClass: 150K(256K)->150K(256K) Class: 8K(128K)->8K(128K)
[13.680s][info   ][gc          ] GC(930) Pause Young (Concurrent Start) (G1 Humongous Allocation) 919M->489M(2048M) 1.412ms
[13.681s][info   ][gc,cpu      ] GC(930) User=0.00s Sys=0.00s Real=0.00s
[13.681s][info   ][gc          ] GC(931) Concurrent Undo Cycle
[13.681s][info   ][gc,marking  ] GC(931) Concurrent Cleanup for Next Mark
[13.695s][info   ][gc,marking  ] GC(931) Concurrent Cleanup for Next Mark 14.521ms
[13.695s][info   ][gc          ] GC(931) Concurrent Undo Cycle 14.698ms
[13.713s][info   ][gc,start    ] GC(932) Pause Young (Concurrent Start) (G1 Humongous Allocation)
[13.713s][info   ][gc,task     ] GC(932) Using 4 workers of 4 for evacuation
[13.714s][info   ][gc,phases   ] GC(932)   Pre Evacuate Collection Set: 0.2ms
[13.714s][info   ][gc,phases   ] GC(932)   Merge Heap Roots: 0.1ms
[13.714s][info   ][gc,phases   ] GC(932)   Evacuate Collection Set: 0.5ms
[13.714s][info   ][gc,phases   ] GC(932)   Post Evacuate Collection Set: 0.5ms
[13.714s][info   ][gc,phases   ] GC(932)   Other: 0.3ms
[13.714s][info   ][gc,heap     ] GC(932) Eden regions: 0->0(1228)
[13.714s][info   ][gc,heap     ] GC(932) Survivor regions: 0->0(154)
[13.714s][info   ][gc,heap     ] GC(932) Old regions: 1->1
[13.714s][info   ][gc,heap     ] GC(932) Archive regions: 2->2
[13.714s][info   ][gc,heap     ] GC(932) Humongous regions: 918->458
[13.714s][info   ][gc,metaspace] GC(932) Metaspace: 158K(384K)->158K(384K) NonClass: 150K(256K)->150K(256K) Class: 8K(128K)->8K(128K)
[13.714s][info   ][gc          ] GC(932) Pause Young (Concurrent Start) (G1 Humongous Allocation) 919M->459M(2048M) 1.738ms
[13.714s][info   ][gc,cpu      ] GC(932) User=0.00s Sys=0.00s Real=0.00s
[13.714s][info   ][gc          ] GC(933) Concurrent Undo Cycle
[13.714s][info   ][gc,marking  ] GC(933) Concurrent Cleanup for Next Mark
[13.740s][info   ][gc,marking  ] GC(933) Concurrent Cleanup for Next Mark 25.125ms
[13.740s][info   ][gc          ] GC(933) Concurrent Undo Cycle 25.345ms
[13.748s][info   ][gc,start    ] GC(934) Pause Young (Concurrent Start) (G1 Humongous Allocation)
[13.748s][info   ][gc,task     ] GC(934) Using 4 workers of 4 for evacuation
[13.749s][info   ][gc,phases   ] GC(934)   Pre Evacuate Collection Set: 0.3ms
[13.749s][info   ][gc,phases   ] GC(934)   Merge Heap Roots: 0.1ms
[13.749s][info   ][gc,phases   ] GC(934)   Evacuate Collection Set: 0.2ms
[13.749s][info   ][gc,phases   ] GC(934)   Post Evacuate Collection Set: 0.5ms
[13.749s][info   ][gc,phases   ] GC(934)   Other: 0.2ms
[13.749s][info   ][gc,heap     ] GC(934) Eden regions: 0->0(1228)
[13.749s][info   ][gc,heap     ] GC(934) Survivor regions: 0->0(154)
[13.749s][info   ][gc,heap     ] GC(934) Old regions: 1->1
[13.749s][info   ][gc,heap     ] GC(934) Archive regions: 2->2
[13.749s][info   ][gc,heap     ] GC(934) Humongous regions: 918->484
[13.749s][info   ][gc,metaspace] GC(934) Metaspace: 158K(384K)->158K(384K) NonClass: 150K(256K)->150K(256K) Class: 8K(128K)->8K(128K)
[13.749s][info   ][gc          ] GC(934) Pause Young (Concurrent Start) (G1 Humongous Allocation) 919M->485M(2048M) 1.411ms
[13.749s][info   ][gc,cpu      ] GC(934) User=0.00s Sys=0.00s Real=0.01s
[13.749s][info   ][gc          ] GC(935) Concurrent Undo Cycle
[13.749s][info   ][gc,marking  ] GC(935) Concurrent Cleanup for Next Mark
[13.769s][info   ][gc,marking  ] GC(935) Concurrent Cleanup for Next Mark 19.939ms
[13.769s][info   ][gc          ] GC(935) Concurrent Undo Cycle 20.371ms
[13.780s][info   ][gc,start    ] GC(936) Pause Young (Concurrent Start) (G1 Humongous Allocation)
[13.780s][info   ][gc,task     ] GC(936) Using 4 workers of 4 for evacuation
[13.782s][info   ][gc,phases   ] GC(936)   Pre Evacuate Collection Set: 0.2ms
[13.782s][info   ][gc,phases   ] GC(936)   Merge Heap Roots: 0.1ms
[13.782s][info   ][gc,phases   ] GC(936)   Evacuate Collection Set: 0.4ms
[13.782s][info   ][gc,phases   ] GC(936)   Post Evacuate Collection Set: 0.5ms
[13.782s][info   ][gc,phases   ] GC(936)   Other: 0.2ms
[13.782s][info   ][gc,heap     ] GC(936) Eden regions: 0->0(1228)
[13.782s][info   ][gc,heap     ] GC(936) Survivor regions: 0->0(154)
[13.782s][info   ][gc,heap     ] GC(936) Old regions: 1->1
[13.782s][info   ][gc,heap     ] GC(936) Archive regions: 2->2
[13.782s][info   ][gc,heap     ] GC(936) Humongous regions: 918->454
[13.782s][info   ][gc,metaspace] GC(936) Metaspace: 158K(384K)->158K(384K) NonClass: 150K(256K)->150K(256K) Class: 8K(128K)->8K(128K)
[13.782s][info   ][gc          ] GC(936) Pause Young (Concurrent Start) (G1 Humongous Allocation) 919M->455M(2048M) 1.416ms
[13.782s][info   ][gc,cpu      ] GC(936) User=0.00s Sys=0.00s Real=0.00s
[13.782s][info   ][gc          ] GC(937) Concurrent Undo Cycle
[13.782s][info   ][gc,marking  ] GC(937) Concurrent Cleanup for Next Mark
[13.791s][info   ][gc,marking  ] GC(937) Concurrent Cleanup for Next Mark 9.375ms
[13.792s][info   ][gc          ] GC(937) Concurrent Undo Cycle 10.092ms
[13.793s][info   ][gc,start    ] GC(938) Pause Young (Concurrent Start) (G1 Humongous Allocation)
[13.793s][info   ][gc,task     ] GC(938) Using 4 workers of 4 for evacuation
[13.794s][info   ][gc,phases   ] GC(938)   Pre Evacuate Collection Set: 0.2ms
[13.794s][info   ][gc,phases   ] GC(938)   Merge Heap Roots: 0.1ms
[13.794s][info   ][gc,phases   ] GC(938)   Evacuate Collection Set: 0.5ms
[13.794s][info   ][gc,phases   ] GC(938)   Post Evacuate Collection Set: 0.3ms
[13.794s][info   ][gc,phases   ] GC(938)   Other: 0.1ms
[13.794s][info   ][gc,heap     ] GC(938) Eden regions: 0->0(1228)
[13.794s][info   ][gc,heap     ] GC(938) Survivor regions: 0->0(154)
[13.794s][info   ][gc,heap     ] GC(938) Old regions: 1->1
[13.794s][info   ][gc,heap     ] GC(938) Archive regions: 2->2
[13.794s][info   ][gc,heap     ] GC(938) Humongous regions: 522->442
[13.794s][info   ][gc,metaspace] GC(938) Metaspace: 158K(384K)->158K(384K) NonClass: 150K(256K)->150K(256K) Class: 8K(128K)->8K(128K)
[13.794s][info   ][gc          ] GC(938) Pause Young (Concurrent Start) (G1 Humongous Allocation) 523M->443M(2048M) 1.243ms
[13.794s][info   ][gc,cpu      ] GC(938) User=0.00s Sys=0.00s Real=0.00s
[13.794s][info   ][gc          ] GC(939) Concurrent Undo Cycle
[13.794s][info   ][gc,marking  ] GC(939) Concurrent Cleanup for Next Mark
[13.821s][info   ][gc,marking  ] GC(939) Concurrent Cleanup for Next Mark 27.114ms
[13.821s][info   ][gc          ] GC(939) Concurrent Undo Cycle 27.318ms
[13.828s][info   ][gc,start    ] GC(940) Pause Young (Concurrent Start) (G1 Humongous Allocation)
[13.828s][info   ][gc,task     ] GC(940) Using 4 workers of 4 for evacuation
[13.829s][info   ][gc,phases   ] GC(940)   Pre Evacuate Collection Set: 0.2ms
[13.829s][info   ][gc,phases   ] GC(940)   Merge Heap Roots: 0.1ms
[13.829s][info   ][gc,phases   ] GC(940)   Evacuate Collection Set: 0.3ms
[13.829s][info   ][gc,phases   ] GC(940)   Post Evacuate Collection Set: 0.8ms
[13.829s][info   ][gc,phases   ] GC(940)   Other: 0.2ms
[13.829s][info   ][gc,heap     ] GC(940) Eden regions: 0->0(1228)
[13.829s][info   ][gc,heap     ] GC(940) Survivor regions: 0->0(154)
[13.829s][info   ][gc,heap     ] GC(940) Old regions: 1->1
[13.829s][info   ][gc,heap     ] GC(940) Archive regions: 2->2
[13.829s][info   ][gc,heap     ] GC(940) Humongous regions: 918->456
[13.829s][info   ][gc,metaspace] GC(940) Metaspace: 158K(384K)->158K(384K) NonClass: 150K(256K)->150K(256K) Class: 8K(128K)->8K(128K)
[13.829s][info   ][gc          ] GC(940) Pause Young (Concurrent Start) (G1 Humongous Allocation) 919M->457M(2048M) 1.655ms
[13.829s][info   ][gc,cpu      ] GC(940) User=0.00s Sys=0.00s Real=0.01s
[13.829s][info   ][gc          ] GC(941) Concurrent Undo Cycle
[13.829s][info   ][gc,marking  ] GC(941) Concurrent Cleanup for Next Mark
[13.841s][info   ][gc,marking  ] GC(941) Concurrent Cleanup for Next Mark 11.157ms
[13.841s][info   ][gc          ] GC(941) Concurrent Undo Cycle 11.315ms
[13.865s][info   ][gc,start    ] GC(942) Pause Young (Concurrent Start) (G1 Humongous Allocation)
[13.865s][info   ][gc,task     ] GC(942) Using 4 workers of 4 for evacuation
[13.866s][info   ][gc,phases   ] GC(942)   Pre Evacuate Collection Set: 0.3ms
[13.867s][info   ][gc,phases   ] GC(942)   Merge Heap Roots: 0.1ms
[13.867s][info   ][gc,phases   ] GC(942)   Evacuate Collection Set: 0.4ms
[13.867s][info   ][gc,phases   ] GC(942)   Post Evacuate Collection Set: 0.6ms
[13.867s][info   ][gc,phases   ] GC(942)   Other: 0.3ms
[13.867s][info   ][gc,heap     ] GC(942) Eden regions: 0->0(1228)
[13.867s][info   ][gc,heap     ] GC(942) Survivor regions: 0->0(154)
[13.867s][info   ][gc,heap     ] GC(942) Old regions: 1->1
[13.867s][info   ][gc,heap     ] GC(942) Archive regions: 2->2
[13.867s][info   ][gc,heap     ] GC(942) Humongous regions: 918->442
[13.867s][info   ][gc,metaspace] GC(942) Metaspace: 158K(384K)->158K(384K) NonClass: 150K(256K)->150K(256K) Class: 8K(128K)->8K(128K)
[13.867s][info   ][gc          ] GC(942) Pause Young (Concurrent Start) (G1 Humongous Allocation) 919M->443M(2048M) 1.797ms
[13.867s][info   ][gc,cpu      ] GC(942) User=0.00s Sys=0.00s Real=0.00s
[13.867s][info   ][gc          ] GC(943) Concurrent Undo Cycle
[13.867s][info   ][gc,marking  ] GC(943) Concurrent Cleanup for Next Mark
[13.880s][info   ][gc,marking  ] GC(943) Concurrent Cleanup for Next Mark 13.691ms
[13.881s][info   ][gc          ] GC(943) Concurrent Undo Cycle 14.000ms
[13.901s][info   ][gc,start    ] GC(944) Pause Young (Concurrent Start) (G1 Humongous Allocation)
[13.901s][info   ][gc,task     ] GC(944) Using 4 workers of 4 for evacuation
[13.902s][info   ][gc,phases   ] GC(944)   Pre Evacuate Collection Set: 0.2ms
[13.902s][info   ][gc,phases   ] GC(944)   Merge Heap Roots: 0.1ms
[13.902s][info   ][gc,phases   ] GC(944)   Evacuate Collection Set: 0.2ms
[13.902s][info   ][gc,phases   ] GC(944)   Post Evacuate Collection Set: 0.5ms
[13.902s][info   ][gc,phases   ] GC(944)   Other: 0.2ms
[13.902s][info   ][gc,heap     ] GC(944) Eden regions: 0->0(1228)
[13.903s][info   ][gc,heap     ] GC(944) Survivor regions: 0->0(154)
[13.903s][info   ][gc,heap     ] GC(944) Old regions: 1->1
[13.903s][info   ][gc,heap     ] GC(944) Archive regions: 2->2
[13.903s][info   ][gc,heap     ] GC(944) Humongous regions: 918->378
[13.903s][info   ][gc,metaspace] GC(944) Metaspace: 158K(384K)->158K(384K) NonClass: 150K(256K)->150K(256K) Class: 8K(128K)->8K(128K)
[13.903s][info   ][gc          ] GC(944) Pause Young (Concurrent Start) (G1 Humongous Allocation) 919M->379M(2048M) 1.319ms
[13.903s][info   ][gc,cpu      ] GC(944) User=0.00s Sys=0.00s Real=0.00s
[13.903s][info   ][gc          ] GC(945) Concurrent Undo Cycle
[13.903s][info   ][gc,marking  ] GC(945) Concurrent Cleanup for Next Mark
[13.917s][info   ][gc,marking  ] GC(945) Concurrent Cleanup for Next Mark 14.054ms
[13.917s][info   ][gc          ] GC(945) Concurrent Undo Cycle 14.273ms
[13.943s][info   ][gc,start    ] GC(946) Pause Young (Concurrent Start) (G1 Humongous Allocation)
[13.943s][info   ][gc,task     ] GC(946) Using 4 workers of 4 for evacuation
[13.945s][info   ][gc,phases   ] GC(946)   Pre Evacuate Collection Set: 0.4ms
[13.945s][info   ][gc,phases   ] GC(946)   Merge Heap Roots: 0.1ms
[13.945s][info   ][gc,phases   ] GC(946)   Evacuate Collection Set: 0.3ms
[13.945s][info   ][gc,phases   ] GC(946)   Post Evacuate Collection Set: 0.7ms
[13.945s][info   ][gc,phases   ] GC(946)   Other: 0.2ms
[13.945s][info   ][gc,heap     ] GC(946) Eden regions: 0->0(1228)
[13.945s][info   ][gc,heap     ] GC(946) Survivor regions: 0->0(154)
[13.945s][info   ][gc,heap     ] GC(946) Old regions: 1->1
[13.945s][info   ][gc,heap     ] GC(946) Archive regions: 2->2
[13.945s][info   ][gc,heap     ] GC(946) Humongous regions: 918->426
[13.945s][info   ][gc,metaspace] GC(946) Metaspace: 158K(384K)->158K(384K) NonClass: 150K(256K)->150K(256K) Class: 8K(128K)->8K(128K)
[13.945s][info   ][gc          ] GC(946) Pause Young (Concurrent Start) (G1 Humongous Allocation) 919M->427M(2048M) 1.764ms
[13.945s][info   ][gc,cpu      ] GC(946) User=0.00s Sys=0.00s Real=0.00s
[13.945s][info   ][gc          ] GC(947) Concurrent Undo Cycle
[13.945s][info   ][gc,marking  ] GC(947) Concurrent Cleanup for Next Mark
[13.990s][info   ][gc,marking  ] GC(947) Concurrent Cleanup for Next Mark 45.300ms
[13.991s][info   ][gc          ] GC(947) Concurrent Undo Cycle 45.653ms
[13.992s][info   ][gc,start    ] GC(948) Pause Young (Concurrent Start) (G1 Humongous Allocation)
[13.992s][info   ][gc,task     ] GC(948) Using 4 workers of 4 for evacuation
[13.993s][info   ][gc,phases   ] GC(948)   Pre Evacuate Collection Set: 0.2ms
[13.993s][info   ][gc,phases   ] GC(948)   Merge Heap Roots: 0.1ms
[13.993s][info   ][gc,phases   ] GC(948)   Evacuate Collection Set: 0.2ms
[13.993s][info   ][gc,phases   ] GC(948)   Post Evacuate Collection Set: 0.7ms
[13.993s][info   ][gc,phases   ] GC(948)   Other: 0.2ms
[13.993s][info   ][gc,heap     ] GC(948) Eden regions: 0->0(1228)
[13.993s][info   ][gc,heap     ] GC(948) Survivor regions: 0->0(154)
[13.993s][info   ][gc,heap     ] GC(948) Old regions: 1->1
[13.993s][info   ][gc,heap     ] GC(948) Archive regions: 2->2
[13.993s][info   ][gc,heap     ] GC(948) Humongous regions: 1060->372
[13.993s][info   ][gc,metaspace] GC(948) Metaspace: 158K(384K)->158K(384K) NonClass: 150K(256K)->150K(256K) Class: 8K(128K)->8K(128K)
[13.993s][info   ][gc          ] GC(948) Pause Young (Concurrent Start) (G1 Humongous Allocation) 1061M->373M(2048M) 1.457ms
[13.993s][info   ][gc,cpu      ] GC(948) User=0.00s Sys=0.01s Real=0.00s
[13.993s][info   ][gc          ] GC(949) Concurrent Undo Cycle
[13.993s][info   ][gc,marking  ] GC(949) Concurrent Cleanup for Next Mark
[14.019s][info   ][gc,marking  ] GC(949) Concurrent Cleanup for Next Mark 26.250ms
[14.020s][info   ][gc          ] GC(949) Concurrent Undo Cycle 26.445ms
[14.033s][info   ][gc,start    ] GC(950) Pause Young (Concurrent Start) (G1 Humongous Allocation)
[14.033s][info   ][gc,task     ] GC(950) Using 4 workers of 4 for evacuation
[14.035s][info   ][gc,phases   ] GC(950)   Pre Evacuate Collection Set: 0.2ms
[14.035s][info   ][gc,phases   ] GC(950)   Merge Heap Roots: 0.1ms
[14.035s][info   ][gc,phases   ] GC(950)   Evacuate Collection Set: 0.4ms
[14.035s][info   ][gc,phases   ] GC(950)   Post Evacuate Collection Set: 0.6ms
[14.035s][info   ][gc,phases   ] GC(950)   Other: 0.2ms
[14.035s][info   ][gc,heap     ] GC(950) Eden regions: 0->0(1228)
[14.035s][info   ][gc,heap     ] GC(950) Survivor regions: 0->0(154)
[14.035s][info   ][gc,heap     ] GC(950) Old regions: 1->1
[14.035s][info   ][gc,heap     ] GC(950) Archive regions: 2->2
[14.035s][info   ][gc,heap     ] GC(950) Humongous regions: 918->330
[14.035s][info   ][gc,metaspace] GC(950) Metaspace: 158K(384K)->158K(384K) NonClass: 150K(256K)->150K(256K) Class: 8K(128K)->8K(128K)
[14.035s][info   ][gc          ] GC(950) Pause Young (Concurrent Start) (G1 Humongous Allocation) 919M->331M(2048M) 1.581ms
[14.035s][info   ][gc,cpu      ] GC(950) User=0.00s Sys=0.00s Real=0.00s
[14.035s][info   ][gc          ] GC(951) Concurrent Undo Cycle
[14.035s][info   ][gc,marking  ] GC(951) Concurrent Cleanup for Next Mark
[14.054s][info   ][gc,marking  ] GC(951) Concurrent Cleanup for Next Mark 19.520ms
[14.055s][info   ][gc          ] GC(951) Concurrent Undo Cycle 19.684ms
[14.077s][info   ][gc,start    ] GC(952) Pause Young (Concurrent Start) (G1 Humongous Allocation)
[14.077s][info   ][gc,task     ] GC(952) Using 4 workers of 4 for evacuation
[14.078s][info   ][gc,phases   ] GC(952)   Pre Evacuate Collection Set: 0.1ms
[14.078s][info   ][gc,phases   ] GC(952)   Merge Heap Roots: 0.1ms
[14.078s][info   ][gc,phases   ] GC(952)   Evacuate Collection Set: 0.2ms
[14.078s][info   ][gc,phases   ] GC(952)   Post Evacuate Collection Set: 0.6ms
[14.078s][info   ][gc,phases   ] GC(952)   Other: 0.2ms
[14.078s][info   ][gc,heap     ] GC(952) Eden regions: 0->0(1228)
[14.078s][info   ][gc,heap     ] GC(952) Survivor regions: 0->0(154)
[14.078s][info   ][gc,heap     ] GC(952) Old regions: 1->1
[14.078s][info   ][gc,heap     ] GC(952) Archive regions: 2->2
[14.078s][info   ][gc,heap     ] GC(952) Humongous regions: 918->284
[14.078s][info   ][gc,metaspace] GC(952) Metaspace: 158K(384K)->158K(384K) NonClass: 150K(256K)->150K(256K) Class: 8K(128K)->8K(128K)
[14.078s][info   ][gc          ] GC(952) Pause Young (Concurrent Start) (G1 Humongous Allocation) 919M->285M(2048M) 1.368ms
[14.078s][info   ][gc,cpu      ] GC(952) User=0.00s Sys=0.00s Real=0.01s
[14.078s][info   ][gc          ] GC(953) Concurrent Undo Cycle
[14.079s][info   ][gc,marking  ] GC(953) Concurrent Cleanup for Next Mark
[14.095s][info   ][gc,marking  ] GC(953) Concurrent Cleanup for Next Mark 16.673ms
[14.096s][info   ][gc          ] GC(953) Concurrent Undo Cycle 17.043ms
[14.130s][info   ][gc,start    ] GC(954) Pause Young (Concurrent Start) (G1 Humongous Allocation)
[14.130s][info   ][gc,task     ] GC(954) Using 4 workers of 4 for evacuation
[14.131s][info   ][gc,phases   ] GC(954)   Pre Evacuate Collection Set: 0.2ms
[14.131s][info   ][gc,phases   ] GC(954)   Merge Heap Roots: 0.1ms
[14.131s][info   ][gc,phases   ] GC(954)   Evacuate Collection Set: 0.3ms
[14.131s][info   ][gc,phases   ] GC(954)   Post Evacuate Collection Set: 0.7ms
[14.131s][info   ][gc,phases   ] GC(954)   Other: 0.2ms
[14.131s][info   ][gc,heap     ] GC(954) Eden regions: 0->0(1228)
[14.131s][info   ][gc,heap     ] GC(954) Survivor regions: 0->0(154)
[14.131s][info   ][gc,heap     ] GC(954) Old regions: 1->1
[14.131s][info   ][gc,heap     ] GC(954) Archive regions: 2->2
[14.131s][info   ][gc,heap     ] GC(954) Humongous regions: 918->246
[14.131s][info   ][gc,metaspace] GC(954) Metaspace: 158K(384K)->158K(384K) NonClass: 150K(256K)->150K(256K) Class: 8K(128K)->8K(128K)
[14.131s][info   ][gc          ] GC(954) Pause Young (Concurrent Start) (G1 Humongous Allocation) 919M->247M(2048M) 1.559ms
[14.131s][info   ][gc,cpu      ] GC(954) User=0.00s Sys=0.00s Real=0.00s
[14.131s][info   ][gc          ] GC(955) Concurrent Undo Cycle
[14.131s][info   ][gc,marking  ] GC(955) Concurrent Cleanup for Next Mark
[14.139s][info   ][gc,marking  ] GC(955) Concurrent Cleanup for Next Mark 7.528ms
[14.139s][info   ][gc          ] GC(955) Concurrent Undo Cycle 7.671ms
[14.178s][info   ][gc,start    ] GC(956) Pause Young (Concurrent Start) (G1 Humongous Allocation)
[14.178s][info   ][gc,task     ] GC(956) Using 4 workers of 4 for evacuation
[14.180s][info   ][gc,phases   ] GC(956)   Pre Evacuate Collection Set: 0.3ms
[14.180s][info   ][gc,phases   ] GC(956)   Merge Heap Roots: 0.1ms
[14.180s][info   ][gc,phases   ] GC(956)   Evacuate Collection Set: 0.4ms
[14.180s][info   ][gc,phases   ] GC(956)   Post Evacuate Collection Set: 0.8ms
[14.180s][info   ][gc,phases   ] GC(956)   Other: 0.3ms
[14.180s][info   ][gc,heap     ] GC(956) Eden regions: 0->0(1228)
[14.180s][info   ][gc,heap     ] GC(956) Survivor regions: 0->0(154)
[14.180s][info   ][gc,heap     ] GC(956) Old regions: 1->1
[14.180s][info   ][gc,heap     ] GC(956) Archive regions: 2->2
[14.180s][info   ][gc,heap     ] GC(956) Humongous regions: 918->286
[14.180s][info   ][gc,metaspace] GC(956) Metaspace: 158K(384K)->158K(384K) NonClass: 150K(256K)->150K(256K) Class: 8K(128K)->8K(128K)
[14.180s][info   ][gc          ] GC(956) Pause Young (Concurrent Start) (G1 Humongous Allocation) 919M->287M(2048M) 1.976ms
[14.180s][info   ][gc,cpu      ] GC(956) User=0.00s Sys=0.00s Real=0.01s
[14.180s][info   ][gc          ] GC(957) Concurrent Undo Cycle
[14.180s][info   ][gc,marking  ] GC(957) Concurrent Cleanup for Next Mark
[14.192s][info   ][gc,marking  ] GC(957) Concurrent Cleanup for Next Mark 11.191ms
[14.192s][info   ][gc          ] GC(957) Concurrent Undo Cycle 11.369ms
[14.225s][info   ][gc,start    ] GC(958) Pause Young (Concurrent Start) (G1 Humongous Allocation)
[14.225s][info   ][gc,task     ] GC(958) Using 4 workers of 4 for evacuation
[14.227s][info   ][gc,phases   ] GC(958)   Pre Evacuate Collection Set: 0.2ms
[14.227s][info   ][gc,phases   ] GC(958)   Merge Heap Roots: 0.1ms
[14.227s][info   ][gc,phases   ] GC(958)   Evacuate Collection Set: 0.3ms
[14.227s][info   ][gc,phases   ] GC(958)   Post Evacuate Collection Set: 0.5ms
[14.227s][info   ][gc,phases   ] GC(958)   Other: 0.2ms
[14.227s][info   ][gc,heap     ] GC(958) Eden regions: 0->0(1228)
[14.227s][info   ][gc,heap     ] GC(958) Survivor regions: 0->0(154)
[14.227s][info   ][gc,heap     ] GC(958) Old regions: 1->1
[14.227s][info   ][gc,heap     ] GC(958) Archive regions: 2->2
[14.227s][info   ][gc,heap     ] GC(958) Humongous regions: 918->320
[14.227s][info   ][gc,metaspace] GC(958) Metaspace: 158K(384K)->158K(384K) NonClass: 150K(256K)->150K(256K) Class: 8K(128K)->8K(128K)
[14.227s][info   ][gc          ] GC(958) Pause Young (Concurrent Start) (G1 Humongous Allocation) 919M->321M(2048M) 1.324ms
[14.227s][info   ][gc,cpu      ] GC(958) User=0.01s Sys=0.00s Real=0.00s
[14.227s][info   ][gc          ] GC(959) Concurrent Undo Cycle
[14.227s][info   ][gc,marking  ] GC(959) Concurrent Cleanup for Next Mark
[14.246s][info   ][gc,marking  ] GC(959) Concurrent Cleanup for Next Mark 18.944ms
[14.246s][info   ][gc          ] GC(959) Concurrent Undo Cycle 19.169ms
[14.270s][info   ][gc,start    ] GC(960) Pause Young (Concurrent Start) (G1 Humongous Allocation)
[14.271s][info   ][gc,task     ] GC(960) Using 4 workers of 4 for evacuation
[14.272s][info   ][gc,phases   ] GC(960)   Pre Evacuate Collection Set: 0.2ms
[14.272s][info   ][gc,phases   ] GC(960)   Merge Heap Roots: 0.1ms
[14.272s][info   ][gc,phases   ] GC(960)   Evacuate Collection Set: 0.4ms
[14.272s][info   ][gc,phases   ] GC(960)   Post Evacuate Collection Set: 0.5ms
[14.272s][info   ][gc,phases   ] GC(960)   Other: 0.2ms
[14.272s][info   ][gc,heap     ] GC(960) Eden regions: 0->0(1228)
[14.272s][info   ][gc,heap     ] GC(960) Survivor regions: 0->0(154)
[14.272s][info   ][gc,heap     ] GC(960) Old regions: 1->1
[14.272s][info   ][gc,heap     ] GC(960) Archive regions: 2->2
[14.272s][info   ][gc,heap     ] GC(960) Humongous regions: 918->358
[14.272s][info   ][gc,metaspace] GC(960) Metaspace: 158K(384K)->158K(384K) NonClass: 150K(256K)->150K(256K) Class: 8K(128K)->8K(128K)
[14.272s][info   ][gc          ] GC(960) Pause Young (Concurrent Start) (G1 Humongous Allocation) 919M->359M(2048M) 1.551ms
[14.272s][info   ][gc,cpu      ] GC(960) User=0.00s Sys=0.00s Real=0.00s
[14.272s][info   ][gc          ] GC(961) Concurrent Undo Cycle
[14.272s][info   ][gc,marking  ] GC(961) Concurrent Cleanup for Next Mark
[14.289s][info   ][gc,marking  ] GC(961) Concurrent Cleanup for Next Mark 16.876ms
[14.292s][info   ][gc          ] GC(961) Concurrent Undo Cycle 19.514ms
[14.313s][info   ][gc,start    ] GC(962) Pause Young (Concurrent Start) (G1 Humongous Allocation)
[14.313s][info   ][gc,task     ] GC(962) Using 4 workers of 4 for evacuation
[14.314s][info   ][gc,phases   ] GC(962)   Pre Evacuate Collection Set: 0.2ms
[14.314s][info   ][gc,phases   ] GC(962)   Merge Heap Roots: 0.1ms
[14.314s][info   ][gc,phases   ] GC(962)   Evacuate Collection Set: 0.3ms
[14.314s][info   ][gc,phases   ] GC(962)   Post Evacuate Collection Set: 0.6ms
[14.314s][info   ][gc,phases   ] GC(962)   Other: 0.2ms
[14.314s][info   ][gc,heap     ] GC(962) Eden regions: 0->0(1228)
[14.314s][info   ][gc,heap     ] GC(962) Survivor regions: 0->0(154)
[14.314s][info   ][gc,heap     ] GC(962) Old regions: 1->1
[14.314s][info   ][gc,heap     ] GC(962) Archive regions: 2->2
[14.314s][info   ][gc,heap     ] GC(962) Humongous regions: 918->298
[14.314s][info   ][gc,metaspace] GC(962) Metaspace: 158K(384K)->158K(384K) NonClass: 150K(256K)->150K(256K) Class: 8K(128K)->8K(128K)
[14.314s][info   ][gc          ] GC(962) Pause Young (Concurrent Start) (G1 Humongous Allocation) 919M->299M(2048M) 1.472ms
[14.314s][info   ][gc,cpu      ] GC(962) User=0.00s Sys=0.00s Real=0.00s
[14.314s][info   ][gc          ] GC(963) Concurrent Undo Cycle
[14.314s][info   ][gc,marking  ] GC(963) Concurrent Cleanup for Next Mark
[14.340s][info   ][gc,marking  ] GC(963) Concurrent Cleanup for Next Mark 25.773ms
[14.340s][info   ][gc          ] GC(963) Concurrent Undo Cycle 26.031ms
[14.358s][info   ][gc,start    ] GC(964) Pause Young (Concurrent Start) (G1 Humongous Allocation)
[14.358s][info   ][gc,task     ] GC(964) Using 4 workers of 4 for evacuation
[14.359s][info   ][gc,phases   ] GC(964)   Pre Evacuate Collection Set: 0.3ms
[14.359s][info   ][gc,phases   ] GC(964)   Merge Heap Roots: 0.1ms
[14.359s][info   ][gc,phases   ] GC(964)   Evacuate Collection Set: 0.2ms
[14.359s][info   ][gc,phases   ] GC(964)   Post Evacuate Collection Set: 0.5ms
[14.359s][info   ][gc,phases   ] GC(964)   Other: 0.2ms
[14.359s][info   ][gc,heap     ] GC(964) Eden regions: 0->0(1228)
[14.359s][info   ][gc,heap     ] GC(964) Survivor regions: 0->0(154)
[14.359s][info   ][gc,heap     ] GC(964) Old regions: 1->1
[14.359s][info   ][gc,heap     ] GC(964) Archive regions: 2->2
[14.359s][info   ][gc,heap     ] GC(964) Humongous regions: 918->290
[14.359s][info   ][gc,metaspace] GC(964) Metaspace: 158K(384K)->158K(384K) NonClass: 150K(256K)->150K(256K) Class: 8K(128K)->8K(128K)
[14.359s][info   ][gc          ] GC(964) Pause Young (Concurrent Start) (G1 Humongous Allocation) 919M->291M(2048M) 1.434ms
[14.359s][info   ][gc,cpu      ] GC(964) User=0.00s Sys=0.00s Real=0.01s
[14.359s][info   ][gc          ] GC(965) Concurrent Undo Cycle
[14.359s][info   ][gc,marking  ] GC(965) Concurrent Cleanup for Next Mark
[14.384s][info   ][gc,marking  ] GC(965) Concurrent Cleanup for Next Mark 24.410ms
[14.384s][info   ][gc          ] GC(965) Concurrent Undo Cycle 24.926ms
[14.409s][info   ][gc,start    ] GC(966) Pause Young (Concurrent Start) (G1 Humongous Allocation)
[14.409s][info   ][gc,task     ] GC(966) Using 4 workers of 4 for evacuation
[14.410s][info   ][gc,phases   ] GC(966)   Pre Evacuate Collection Set: 0.3ms
[14.410s][info   ][gc,phases   ] GC(966)   Merge Heap Roots: 0.1ms
[14.410s][info   ][gc,phases   ] GC(966)   Evacuate Collection Set: 0.3ms
[14.410s][info   ][gc,phases   ] GC(966)   Post Evacuate Collection Set: 0.6ms
[14.410s][info   ][gc,phases   ] GC(966)   Other: 0.2ms
[14.410s][info   ][gc,heap     ] GC(966) Eden regions: 0->0(1228)
[14.410s][info   ][gc,heap     ] GC(966) Survivor regions: 0->0(154)
[14.410s][info   ][gc,heap     ] GC(966) Old regions: 1->1
[14.410s][info   ][gc,heap     ] GC(966) Archive regions: 2->2
[14.410s][info   ][gc,heap     ] GC(966) Humongous regions: 918->268
[14.410s][info   ][gc,metaspace] GC(966) Metaspace: 158K(384K)->158K(384K) NonClass: 150K(256K)->150K(256K) Class: 8K(128K)->8K(128K)
[14.410s][info   ][gc          ] GC(966) Pause Young (Concurrent Start) (G1 Humongous Allocation) 919M->269M(2048M) 1.522ms
[14.410s][info   ][gc,cpu      ] GC(966) User=0.00s Sys=0.00s Real=0.00s
[14.411s][info   ][gc          ] GC(967) Concurrent Undo Cycle
[14.411s][info   ][gc,marking  ] GC(967) Concurrent Cleanup for Next Mark
[14.437s][info   ][gc,marking  ] GC(967) Concurrent Cleanup for Next Mark 26.043ms
[14.437s][info   ][gc          ] GC(967) Concurrent Undo Cycle 26.239ms
[14.457s][info   ][gc,start    ] GC(968) Pause Young (Concurrent Start) (G1 Humongous Allocation)
[14.457s][info   ][gc,task     ] GC(968) Using 4 workers of 4 for evacuation
[14.458s][info   ][gc,phases   ] GC(968)   Pre Evacuate Collection Set: 0.2ms
[14.458s][info   ][gc,phases   ] GC(968)   Merge Heap Roots: 0.1ms
[14.458s][info   ][gc,phases   ] GC(968)   Evacuate Collection Set: 0.3ms
[14.458s][info   ][gc,phases   ] GC(968)   Post Evacuate Collection Set: 0.7ms
[14.458s][info   ][gc,phases   ] GC(968)   Other: 0.2ms
[14.458s][info   ][gc,heap     ] GC(968) Eden regions: 0->0(1228)
[14.458s][info   ][gc,heap     ] GC(968) Survivor regions: 0->0(154)
[14.458s][info   ][gc,heap     ] GC(968) Old regions: 1->1
[14.458s][info   ][gc,heap     ] GC(968) Archive regions: 2->2
[14.458s][info   ][gc,heap     ] GC(968) Humongous regions: 918->304
[14.458s][info   ][gc,metaspace] GC(968) Metaspace: 158K(384K)->158K(384K) NonClass: 150K(256K)->150K(256K) Class: 8K(128K)->8K(128K)
[14.458s][info   ][gc          ] GC(968) Pause Young (Concurrent Start) (G1 Humongous Allocation) 919M->305M(2048M) 1.488ms
[14.458s][info   ][gc,cpu      ] GC(968) User=0.00s Sys=0.01s Real=0.01s
[14.459s][info   ][gc          ] GC(969) Concurrent Undo Cycle
[14.459s][info   ][gc,marking  ] GC(969) Concurrent Cleanup for Next Mark
[14.480s][info   ][gc,marking  ] GC(969) Concurrent Cleanup for Next Mark 21.015ms
[14.480s][info   ][gc          ] GC(969) Concurrent Undo Cycle 21.257ms
[14.505s][info   ][gc,start    ] GC(970) Pause Young (Concurrent Start) (G1 Humongous Allocation)
[14.505s][info   ][gc,task     ] GC(970) Using 4 workers of 4 for evacuation
[14.508s][info   ][gc,phases   ] GC(970)   Pre Evacuate Collection Set: 0.3ms
[14.508s][info   ][gc,phases   ] GC(970)   Merge Heap Roots: 0.1ms
[14.508s][info   ][gc,phases   ] GC(970)   Evacuate Collection Set: 0.9ms
[14.508s][info   ][gc,phases   ] GC(970)   Post Evacuate Collection Set: 1.4ms
[14.508s][info   ][gc,phases   ] GC(970)   Other: 0.3ms
[14.508s][info   ][gc,heap     ] GC(970) Eden regions: 0->0(1228)
[14.508s][info   ][gc,heap     ] GC(970) Survivor regions: 0->0(154)
[14.508s][info   ][gc,heap     ] GC(970) Old regions: 1->1
[14.508s][info   ][gc,heap     ] GC(970) Archive regions: 2->2
[14.508s][info   ][gc,heap     ] GC(970) Humongous regions: 918->278
[14.508s][info   ][gc,metaspace] GC(970) Metaspace: 158K(384K)->158K(384K) NonClass: 150K(256K)->150K(256K) Class: 8K(128K)->8K(128K)
[14.508s][info   ][gc          ] GC(970) Pause Young (Concurrent Start) (G1 Humongous Allocation) 919M->279M(2048M) 3.128ms
[14.509s][info   ][gc,cpu      ] GC(970) User=0.00s Sys=0.00s Real=0.01s
[14.509s][info   ][gc          ] GC(971) Concurrent Undo Cycle
[14.509s][info   ][gc,marking  ] GC(971) Concurrent Cleanup for Next Mark
[14.520s][info   ][gc,marking  ] GC(971) Concurrent Cleanup for Next Mark 11.188ms
[14.520s][info   ][gc          ] GC(971) Concurrent Undo Cycle 11.364ms
[14.558s][info   ][gc,start    ] GC(972) Pause Young (Concurrent Start) (G1 Humongous Allocation)
[14.558s][info   ][gc,task     ] GC(972) Using 4 workers of 4 for evacuation
[14.561s][info   ][gc,phases   ] GC(972)   Pre Evacuate Collection Set: 0.2ms
[14.561s][info   ][gc,phases   ] GC(972)   Merge Heap Roots: 0.1ms
[14.561s][info   ][gc,phases   ] GC(972)   Evacuate Collection Set: 0.3ms
[14.561s][info   ][gc,phases   ] GC(972)   Post Evacuate Collection Set: 2.0ms
[14.561s][info   ][gc,phases   ] GC(972)   Other: 0.2ms
[14.561s][info   ][gc,heap     ] GC(972) Eden regions: 0->0(1228)
[14.561s][info   ][gc,heap     ] GC(972) Survivor regions: 0->0(154)
[14.561s][info   ][gc,heap     ] GC(972) Old regions: 1->1
[14.561s][info   ][gc,heap     ] GC(972) Archive regions: 2->2
[14.561s][info   ][gc,heap     ] GC(972) Humongous regions: 918->214
[14.561s][info   ][gc,metaspace] GC(972) Metaspace: 158K(384K)->158K(384K) NonClass: 150K(256K)->150K(256K) Class: 8K(128K)->8K(128K)
[14.561s][info   ][gc          ] GC(972) Pause Young (Concurrent Start) (G1 Humongous Allocation) 919M->215M(2048M) 2.882ms
[14.561s][info   ][gc,cpu      ] GC(972) User=0.00s Sys=0.00s Real=0.01s
[14.561s][info   ][gc          ] GC(973) Concurrent Undo Cycle
[14.561s][info   ][gc,marking  ] GC(973) Concurrent Cleanup for Next Mark
[14.599s][info   ][gc,marking  ] GC(973) Concurrent Cleanup for Next Mark 37.803ms
[14.599s][info   ][gc          ] GC(973) Concurrent Undo Cycle 38.187ms
[14.615s][info   ][gc,start    ] GC(974) Pause Young (Concurrent Start) (G1 Humongous Allocation)
[14.615s][info   ][gc,task     ] GC(974) Using 4 workers of 4 for evacuation
[14.616s][info   ][gc,phases   ] GC(974)   Pre Evacuate Collection Set: 0.2ms
[14.616s][info   ][gc,phases   ] GC(974)   Merge Heap Roots: 0.1ms
[14.616s][info   ][gc,phases   ] GC(974)   Evacuate Collection Set: 0.6ms
[14.616s][info   ][gc,phases   ] GC(974)   Post Evacuate Collection Set: 0.7ms
[14.616s][info   ][gc,phases   ] GC(974)   Other: 0.3ms
[14.616s][info   ][gc,heap     ] GC(974) Eden regions: 0->0(1228)
[14.616s][info   ][gc,heap     ] GC(974) Survivor regions: 0->0(154)
[14.616s][info   ][gc,heap     ] GC(974) Old regions: 1->1
[14.616s][info   ][gc,heap     ] GC(974) Archive regions: 2->2
[14.616s][info   ][gc,heap     ] GC(974) Humongous regions: 918->178
[14.616s][info   ][gc,metaspace] GC(974) Metaspace: 158K(384K)->158K(384K) NonClass: 150K(256K)->150K(256K) Class: 8K(128K)->8K(128K)
[14.616s][info   ][gc          ] GC(974) Pause Young (Concurrent Start) (G1 Humongous Allocation) 919M->179M(2048M) 1.939ms
[14.616s][info   ][gc,cpu      ] GC(974) User=0.00s Sys=0.00s Real=0.00s
[14.617s][info   ][gc          ] GC(975) Concurrent Undo Cycle
[14.617s][info   ][gc,marking  ] GC(975) Concurrent Cleanup for Next Mark
[14.644s][info   ][gc,marking  ] GC(975) Concurrent Cleanup for Next Mark 27.798ms
[14.645s][info   ][gc          ] GC(975) Concurrent Undo Cycle 28.008ms
[14.667s][info   ][gc,start    ] GC(976) Pause Young (Concurrent Start) (G1 Humongous Allocation)
[14.667s][info   ][gc,task     ] GC(976) Using 4 workers of 4 for evacuation
[14.669s][info   ][gc,phases   ] GC(976)   Pre Evacuate Collection Set: 0.3ms
[14.669s][info   ][gc,phases   ] GC(976)   Merge Heap Roots: 0.1ms
[14.669s][info   ][gc,phases   ] GC(976)   Evacuate Collection Set: 0.2ms
[14.669s][info   ][gc,phases   ] GC(976)   Post Evacuate Collection Set: 0.6ms
[14.669s][info   ][gc,phases   ] GC(976)   Other: 0.2ms
[14.669s][info   ][gc,heap     ] GC(976) Eden regions: 0->0(1228)
[14.669s][info   ][gc,heap     ] GC(976) Survivor regions: 0->0(154)
[14.669s][info   ][gc,heap     ] GC(976) Old regions: 1->1
[14.669s][info   ][gc,heap     ] GC(976) Archive regions: 2->2
[14.669s][info   ][gc,heap     ] GC(976) Humongous regions: 918->220
[14.669s][info   ][gc,metaspace] GC(976) Metaspace: 158K(384K)->158K(384K) NonClass: 150K(256K)->150K(256K) Class: 8K(128K)->8K(128K)
[14.669s][info   ][gc          ] GC(976) Pause Young (Concurrent Start) (G1 Humongous Allocation) 919M->221M(2048M) 1.413ms
[14.669s][info   ][gc,cpu      ] GC(976) User=0.00s Sys=0.00s Real=0.01s
[14.669s][info   ][gc          ] GC(977) Concurrent Undo Cycle
[14.669s][info   ][gc,marking  ] GC(977) Concurrent Cleanup for Next Mark
[14.703s][info   ][gc,marking  ] GC(977) Concurrent Cleanup for Next Mark 33.676ms
[14.703s][info   ][gc          ] GC(977) Concurrent Undo Cycle 33.892ms
[14.720s][info   ][gc,start    ] GC(978) Pause Young (Concurrent Start) (G1 Humongous Allocation)
[14.720s][info   ][gc,task     ] GC(978) Using 4 workers of 4 for evacuation
[14.721s][info   ][gc,phases   ] GC(978)   Pre Evacuate Collection Set: 0.2ms
[14.721s][info   ][gc,phases   ] GC(978)   Merge Heap Roots: 0.1ms
[14.721s][info   ][gc,phases   ] GC(978)   Evacuate Collection Set: 0.2ms
[14.721s][info   ][gc,phases   ] GC(978)   Post Evacuate Collection Set: 0.6ms
[14.722s][info   ][gc,phases   ] GC(978)   Other: 0.3ms
[14.722s][info   ][gc,heap     ] GC(978) Eden regions: 0->0(1228)
[14.722s][info   ][gc,heap     ] GC(978) Survivor regions: 0->0(154)
[14.722s][info   ][gc,heap     ] GC(978) Old regions: 1->1
[14.722s][info   ][gc,heap     ] GC(978) Archive regions: 2->2
[14.722s][info   ][gc,heap     ] GC(978) Humongous regions: 918->230
[14.722s][info   ][gc,metaspace] GC(978) Metaspace: 158K(384K)->158K(384K) NonClass: 150K(256K)->150K(256K) Class: 8K(128K)->8K(128K)
[14.722s][info   ][gc          ] GC(978) Pause Young (Concurrent Start) (G1 Humongous Allocation) 919M->231M(2048M) 1.566ms
[14.722s][info   ][gc,cpu      ] GC(978) User=0.00s Sys=0.00s Real=0.00s
[14.722s][info   ][gc          ] GC(979) Concurrent Undo Cycle
[14.722s][info   ][gc,marking  ] GC(979) Concurrent Cleanup for Next Mark
[14.742s][info   ][gc,marking  ] GC(979) Concurrent Cleanup for Next Mark 19.688ms
[14.742s][info   ][gc          ] GC(979) Concurrent Undo Cycle 19.884ms
[14.773s][info   ][gc,start    ] GC(980) Pause Young (Concurrent Start) (G1 Humongous Allocation)
[14.773s][info   ][gc,task     ] GC(980) Using 4 workers of 4 for evacuation
[14.775s][info   ][gc,phases   ] GC(980)   Pre Evacuate Collection Set: 0.2ms
[14.775s][info   ][gc,phases   ] GC(980)   Merge Heap Roots: 0.1ms
[14.775s][info   ][gc,phases   ] GC(980)   Evacuate Collection Set: 0.5ms
[14.775s][info   ][gc,phases   ] GC(980)   Post Evacuate Collection Set: 0.6ms
[14.775s][info   ][gc,phases   ] GC(980)   Other: 0.2ms
[14.775s][info   ][gc,heap     ] GC(980) Eden regions: 0->0(1228)
[14.775s][info   ][gc,heap     ] GC(980) Survivor regions: 0->0(154)
[14.775s][info   ][gc,heap     ] GC(980) Old regions: 1->1
[14.775s][info   ][gc,heap     ] GC(980) Archive regions: 2->2
[14.775s][info   ][gc,heap     ] GC(980) Humongous regions: 918->254
[14.775s][info   ][gc,metaspace] GC(980) Metaspace: 158K(384K)->158K(384K) NonClass: 150K(256K)->150K(256K) Class: 8K(128K)->8K(128K)
[14.775s][info   ][gc          ] GC(980) Pause Young (Concurrent Start) (G1 Humongous Allocation) 919M->255M(2048M) 1.724ms
[14.775s][info   ][gc,cpu      ] GC(980) User=0.00s Sys=0.01s Real=0.00s
[14.775s][info   ][gc          ] GC(981) Concurrent Undo Cycle
[14.775s][info   ][gc,marking  ] GC(981) Concurrent Cleanup for Next Mark
[14.781s][info   ][gc,marking  ] GC(981) Concurrent Cleanup for Next Mark 6.523ms
[14.786s][info   ][gc          ] GC(981) Concurrent Undo Cycle 10.956ms
[14.789s][info   ][gc,start    ] GC(982) Pause Young (Concurrent Start) (G1 Humongous Allocation)
[14.789s][info   ][gc,task     ] GC(982) Using 4 workers of 4 for evacuation
[14.791s][info   ][gc,phases   ] GC(982)   Pre Evacuate Collection Set: 0.3ms
[14.791s][info   ][gc,phases   ] GC(982)   Merge Heap Roots: 0.1ms
[14.791s][info   ][gc,phases   ] GC(982)   Evacuate Collection Set: 0.7ms
[14.791s][info   ][gc,phases   ] GC(982)   Post Evacuate Collection Set: 0.6ms
[14.791s][info   ][gc,phases   ] GC(982)   Other: 0.2ms
[14.791s][info   ][gc,heap     ] GC(982) Eden regions: 0->0(1228)
[14.791s][info   ][gc,heap     ] GC(982) Survivor regions: 0->0(154)
[14.791s][info   ][gc,heap     ] GC(982) Old regions: 1->1
[14.791s][info   ][gc,heap     ] GC(982) Archive regions: 2->2
[14.791s][info   ][gc,heap     ] GC(982) Humongous regions: 400->266
[14.791s][info   ][gc,metaspace] GC(982) Metaspace: 158K(384K)->158K(384K) NonClass: 150K(256K)->150K(256K) Class: 8K(128K)->8K(128K)
[14.791s][info   ][gc          ] GC(982) Pause Young (Concurrent Start) (G1 Humongous Allocation) 401M->267M(2048M) 2.001ms
[14.791s][info   ][gc,cpu      ] GC(982) User=0.00s Sys=0.00s Real=0.00s
[14.791s][info   ][gc          ] GC(983) Concurrent Undo Cycle
[14.791s][info   ][gc,marking  ] GC(983) Concurrent Cleanup for Next Mark
[14.833s][info   ][gc,marking  ] GC(983) Concurrent Cleanup for Next Mark 41.301ms
[14.833s][info   ][gc          ] GC(983) Concurrent Undo Cycle 41.638ms
[14.840s][info   ][gc,start    ] GC(984) Pause Young (Concurrent Start) (G1 Humongous Allocation)
[14.840s][info   ][gc,task     ] GC(984) Using 4 workers of 4 for evacuation
[14.842s][info   ][gc,phases   ] GC(984)   Pre Evacuate Collection Set: 0.2ms
[14.842s][info   ][gc,phases   ] GC(984)   Merge Heap Roots: 0.1ms
[14.842s][info   ][gc,phases   ] GC(984)   Evacuate Collection Set: 0.3ms
[14.842s][info   ][gc,phases   ] GC(984)   Post Evacuate Collection Set: 0.7ms
[14.842s][info   ][gc,phases   ] GC(984)   Other: 0.3ms
[14.842s][info   ][gc,heap     ] GC(984) Eden regions: 0->0(1228)
[14.842s][info   ][gc,heap     ] GC(984) Survivor regions: 0->0(154)
[14.842s][info   ][gc,heap     ] GC(984) Old regions: 1->1
[14.842s][info   ][gc,heap     ] GC(984) Archive regions: 2->2
[14.842s][info   ][gc,heap     ] GC(984) Humongous regions: 918->242
[14.842s][info   ][gc,metaspace] GC(984) Metaspace: 158K(384K)->158K(384K) NonClass: 150K(256K)->150K(256K) Class: 8K(128K)->8K(128K)
[14.842s][info   ][gc          ] GC(984) Pause Young (Concurrent Start) (G1 Humongous Allocation) 919M->243M(2048M) 1.703ms
[14.842s][info   ][gc,cpu      ] GC(984) User=0.00s Sys=0.00s Real=0.00s
[14.842s][info   ][gc          ] GC(985) Concurrent Undo Cycle
[14.842s][info   ][gc,marking  ] GC(985) Concurrent Cleanup for Next Mark
[14.881s][info   ][gc,marking  ] GC(985) Concurrent Cleanup for Next Mark 38.417ms
[14.881s][info   ][gc          ] GC(985) Concurrent Undo Cycle 38.666ms
[14.897s][info   ][gc,start    ] GC(986) Pause Young (Concurrent Start) (G1 Humongous Allocation)
[14.897s][info   ][gc,task     ] GC(986) Using 4 workers of 4 for evacuation
[14.900s][info   ][gc,phases   ] GC(986)   Pre Evacuate Collection Set: 0.2ms
[14.900s][info   ][gc,phases   ] GC(986)   Merge Heap Roots: 0.2ms
[14.900s][info   ][gc,phases   ] GC(986)   Evacuate Collection Set: 0.6ms
[14.900s][info   ][gc,phases   ] GC(986)   Post Evacuate Collection Set: 1.3ms
[14.900s][info   ][gc,phases   ] GC(986)   Other: 0.3ms
[14.900s][info   ][gc,heap     ] GC(986) Eden regions: 0->0(1228)
[14.900s][info   ][gc,heap     ] GC(986) Survivor regions: 0->0(154)
[14.900s][info   ][gc,heap     ] GC(986) Old regions: 1->1
[14.900s][info   ][gc,heap     ] GC(986) Archive regions: 2->2
[14.900s][info   ][gc,heap     ] GC(986) Humongous regions: 918->176
[14.900s][info   ][gc,metaspace] GC(986) Metaspace: 158K(384K)->158K(384K) NonClass: 150K(256K)->150K(256K) Class: 8K(128K)->8K(128K)
[14.900s][info   ][gc          ] GC(986) Pause Young (Concurrent Start) (G1 Humongous Allocation) 919M->177M(2048M) 2.882ms
[14.900s][info   ][gc,cpu      ] GC(986) User=0.01s Sys=0.00s Real=0.01s
[14.900s][info   ][gc          ] GC(987) Concurrent Undo Cycle
[14.900s][info   ][gc,marking  ] GC(987) Concurrent Cleanup for Next Mark
[14.932s][info   ][gc,marking  ] GC(987) Concurrent Cleanup for Next Mark 31.835ms
[14.932s][info   ][gc          ] GC(987) Concurrent Undo Cycle 32.087ms
[14.961s][info   ][gc,start    ] GC(988) Pause Young (Concurrent Start) (G1 Humongous Allocation)
[14.961s][info   ][gc,task     ] GC(988) Using 4 workers of 4 for evacuation
[14.962s][info   ][gc,phases   ] GC(988)   Pre Evacuate Collection Set: 0.2ms
[14.962s][info   ][gc,phases   ] GC(988)   Merge Heap Roots: 0.1ms
[14.962s][info   ][gc,phases   ] GC(988)   Evacuate Collection Set: 0.4ms
[14.962s][info   ][gc,phases   ] GC(988)   Post Evacuate Collection Set: 0.8ms
[14.962s][info   ][gc,phases   ] GC(988)   Other: 0.3ms
[14.963s][info   ][gc,heap     ] GC(988) Eden regions: 0->0(1228)
[14.963s][info   ][gc,heap     ] GC(988) Survivor regions: 0->0(154)
[14.963s][info   ][gc,heap     ] GC(988) Old regions: 1->1
[14.963s][info   ][gc,heap     ] GC(988) Archive regions: 2->2
[14.963s][info   ][gc,heap     ] GC(988) Humongous regions: 920->226
[14.963s][info   ][gc,metaspace] GC(988) Metaspace: 158K(384K)->158K(384K) NonClass: 150K(256K)->150K(256K) Class: 8K(128K)->8K(128K)
[14.963s][info   ][gc          ] GC(988) Pause Young (Concurrent Start) (G1 Humongous Allocation) 921M->227M(2048M) 2.030ms
[14.963s][info   ][gc,cpu      ] GC(988) User=0.00s Sys=0.00s Real=0.00s
[14.963s][info   ][gc          ] GC(989) Concurrent Undo Cycle
[14.963s][info   ][gc,marking  ] GC(989) Concurrent Cleanup for Next Mark
[14.973s][info   ][gc,marking  ] GC(989) Concurrent Cleanup for Next Mark 10.402ms
[14.973s][info   ][gc          ] GC(989) Concurrent Undo Cycle 10.598ms
[15.015s][info   ][gc,start    ] GC(990) Pause Young (Concurrent Start) (G1 Humongous Allocation)
[15.015s][info   ][gc,task     ] GC(990) Using 4 workers of 4 for evacuation
[15.017s][info   ][gc,phases   ] GC(990)   Pre Evacuate Collection Set: 0.3ms
[15.017s][info   ][gc,phases   ] GC(990)   Merge Heap Roots: 0.1ms
[15.017s][info   ][gc,phases   ] GC(990)   Evacuate Collection Set: 0.4ms
[15.017s][info   ][gc,phases   ] GC(990)   Post Evacuate Collection Set: 1.0ms
[15.017s][info   ][gc,phases   ] GC(990)   Other: 0.3ms
[15.017s][info   ][gc,heap     ] GC(990) Eden regions: 0->0(1228)
[15.017s][info   ][gc,heap     ] GC(990) Survivor regions: 0->0(154)
[15.017s][info   ][gc,heap     ] GC(990) Old regions: 1->1
[15.017s][info   ][gc,heap     ] GC(990) Archive regions: 2->2
[15.017s][info   ][gc,heap     ] GC(990) Humongous regions: 918->264
[15.017s][info   ][gc,metaspace] GC(990) Metaspace: 158K(384K)->158K(384K) NonClass: 150K(256K)->150K(256K) Class: 8K(128K)->8K(128K)
[15.017s][info   ][gc          ] GC(990) Pause Young (Concurrent Start) (G1 Humongous Allocation) 919M->265M(2048M) 2.207ms
[15.017s][info   ][gc,cpu      ] GC(990) User=0.01s Sys=0.00s Real=0.00s
[15.017s][info   ][gc          ] GC(991) Concurrent Undo Cycle
[15.017s][info   ][gc,marking  ] GC(991) Concurrent Cleanup for Next Mark
[15.028s][info   ][gc,marking  ] GC(991) Concurrent Cleanup for Next Mark 10.591ms
[15.028s][info   ][gc          ] GC(991) Concurrent Undo Cycle 11.162ms
[15.035s][info   ][gc,start    ] GC(992) Pause Young (Concurrent Start) (G1 Humongous Allocation)
[15.035s][info   ][gc,task     ] GC(992) Using 4 workers of 4 for evacuation
[15.037s][info   ][gc,phases   ] GC(992)   Pre Evacuate Collection Set: 0.2ms
[15.037s][info   ][gc,phases   ] GC(992)   Merge Heap Roots: 0.1ms
[15.037s][info   ][gc,phases   ] GC(992)   Evacuate Collection Set: 0.5ms
[15.037s][info   ][gc,phases   ] GC(992)   Post Evacuate Collection Set: 0.6ms
[15.037s][info   ][gc,phases   ] GC(992)   Other: 0.3ms
[15.037s][info   ][gc,heap     ] GC(992) Eden regions: 0->0(1228)
[15.037s][info   ][gc,heap     ] GC(992) Survivor regions: 0->0(154)
[15.037s][info   ][gc,heap     ] GC(992) Old regions: 1->1
[15.037s][info   ][gc,heap     ] GC(992) Archive regions: 2->2
[15.037s][info   ][gc,heap     ] GC(992) Humongous regions: 432->312
[15.037s][info   ][gc,metaspace] GC(992) Metaspace: 158K(384K)->158K(384K) NonClass: 150K(256K)->150K(256K) Class: 8K(128K)->8K(128K)
[15.037s][info   ][gc          ] GC(992) Pause Young (Concurrent Start) (G1 Humongous Allocation) 433M->313M(2048M) 1.929ms
[15.037s][info   ][gc,cpu      ] GC(992) User=0.00s Sys=0.01s Real=0.00s
[15.037s][info   ][gc          ] GC(993) Concurrent Undo Cycle
[15.037s][info   ][gc,marking  ] GC(993) Concurrent Cleanup for Next Mark
[15.061s][info   ][gc,marking  ] GC(993) Concurrent Cleanup for Next Mark 23.821ms
[15.061s][info   ][gc          ] GC(993) Concurrent Undo Cycle 24.041ms
[15.086s][info   ][gc,start    ] GC(994) Pause Young (Concurrent Start) (G1 Humongous Allocation)
[15.086s][info   ][gc,task     ] GC(994) Using 4 workers of 4 for evacuation
[15.087s][info   ][gc,phases   ] GC(994)   Pre Evacuate Collection Set: 0.2ms
[15.088s][info   ][gc,phases   ] GC(994)   Merge Heap Roots: 0.1ms
[15.088s][info   ][gc,phases   ] GC(994)   Evacuate Collection Set: 0.4ms
[15.088s][info   ][gc,phases   ] GC(994)   Post Evacuate Collection Set: 0.9ms
[15.088s][info   ][gc,phases   ] GC(994)   Other: 0.3ms
[15.088s][info   ][gc,heap     ] GC(994) Eden regions: 0->0(1228)
[15.088s][info   ][gc,heap     ] GC(994) Survivor regions: 0->0(154)
[15.088s][info   ][gc,heap     ] GC(994) Old regions: 1->1
[15.088s][info   ][gc,heap     ] GC(994) Archive regions: 2->2
[15.088s][info   ][gc,heap     ] GC(994) Humongous regions: 918->386
[15.088s][info   ][gc,metaspace] GC(994) Metaspace: 158K(384K)->158K(384K) NonClass: 150K(256K)->150K(256K) Class: 8K(128K)->8K(128K)
[15.088s][info   ][gc          ] GC(994) Pause Young (Concurrent Start) (G1 Humongous Allocation) 919M->387M(2048M) 2.007ms
[15.088s][info   ][gc,cpu      ] GC(994) User=0.01s Sys=0.00s Real=0.00s
[15.088s][info   ][gc          ] GC(995) Concurrent Undo Cycle
[15.088s][info   ][gc,marking  ] GC(995) Concurrent Cleanup for Next Mark
[15.100s][info   ][gc,marking  ] GC(995) Concurrent Cleanup for Next Mark 12.450ms
[15.100s][info   ][gc          ] GC(995) Concurrent Undo Cycle 12.654ms
[15.128s][info   ][gc,start    ] GC(996) Pause Young (Concurrent Start) (G1 Humongous Allocation)
[15.128s][info   ][gc,task     ] GC(996) Using 4 workers of 4 for evacuation
[15.129s][info   ][gc,phases   ] GC(996)   Pre Evacuate Collection Set: 0.2ms
[15.129s][info   ][gc,phases   ] GC(996)   Merge Heap Roots: 0.1ms
[15.129s][info   ][gc,phases   ] GC(996)   Evacuate Collection Set: 0.4ms
[15.129s][info   ][gc,phases   ] GC(996)   Post Evacuate Collection Set: 0.8ms
[15.129s][info   ][gc,phases   ] GC(996)   Other: 0.2ms
[15.129s][info   ][gc,heap     ] GC(996) Eden regions: 0->0(1228)
[15.129s][info   ][gc,heap     ] GC(996) Survivor regions: 0->0(154)
[15.129s][info   ][gc,heap     ] GC(996) Old regions: 1->1
[15.129s][info   ][gc,heap     ] GC(996) Archive regions: 2->2
[15.129s][info   ][gc,heap     ] GC(996) Humongous regions: 918->366
[15.129s][info   ][gc,metaspace] GC(996) Metaspace: 158K(384K)->158K(384K) NonClass: 150K(256K)->150K(256K) Class: 8K(128K)->8K(128K)
[15.129s][info   ][gc          ] GC(996) Pause Young (Concurrent Start) (G1 Humongous Allocation) 919M->367M(2048M) 1.791ms
[15.129s][info   ][gc,cpu      ] GC(996) User=0.00s Sys=0.00s Real=0.01s
[15.130s][info   ][gc          ] GC(997) Concurrent Undo Cycle
[15.130s][info   ][gc,marking  ] GC(997) Concurrent Cleanup for Next Mark
[15.142s][info   ][gc,marking  ] GC(997) Concurrent Cleanup for Next Mark 12.146ms
[15.143s][info   ][gc          ] GC(997) Concurrent Undo Cycle 13.483ms
[15.174s][info   ][gc,start    ] GC(998) Pause Young (Concurrent Start) (G1 Humongous Allocation)
[15.174s][info   ][gc,task     ] GC(998) Using 4 workers of 4 for evacuation
[15.176s][info   ][gc,phases   ] GC(998)   Pre Evacuate Collection Set: 0.3ms
[15.176s][info   ][gc,phases   ] GC(998)   Merge Heap Roots: 0.1ms
[15.176s][info   ][gc,phases   ] GC(998)   Evacuate Collection Set: 0.3ms
[15.176s][info   ][gc,phases   ] GC(998)   Post Evacuate Collection Set: 0.8ms
[15.176s][info   ][gc,phases   ] GC(998)   Other: 0.3ms
[15.176s][info   ][gc,heap     ] GC(998) Eden regions: 0->0(1228)
[15.176s][info   ][gc,heap     ] GC(998) Survivor regions: 0->0(154)
[15.176s][info   ][gc,heap     ] GC(998) Old regions: 1->1
[15.176s][info   ][gc,heap     ] GC(998) Archive regions: 2->2
[15.176s][info   ][gc,heap     ] GC(998) Humongous regions: 918->410
[15.176s][info   ][gc,metaspace] GC(998) Metaspace: 158K(384K)->158K(384K) NonClass: 150K(256K)->150K(256K) Class: 8K(128K)->8K(128K)
[15.176s][info   ][gc          ] GC(998) Pause Young (Concurrent Start) (G1 Humongous Allocation) 919M->411M(2048M) 2.010ms
[15.176s][info   ][gc,cpu      ] GC(998) User=0.00s Sys=0.00s Real=0.00s
[15.176s][info   ][gc          ] GC(999) Concurrent Undo Cycle
[15.176s][info   ][gc,marking  ] GC(999) Concurrent Cleanup for Next Mark
[15.183s][info   ][gc,marking  ] GC(999) Concurrent Cleanup for Next Mark 6.624ms
[15.183s][info   ][gc          ] GC(999) Concurrent Undo Cycle 6.802ms
[15.187s][info   ][gc,start    ] GC(1000) Pause Young (Concurrent Start) (G1 Humongous Allocation)
[15.187s][info   ][gc,task     ] GC(1000) Using 4 workers of 4 for evacuation
[15.188s][info   ][gc,phases   ] GC(1000)   Pre Evacuate Collection Set: 0.2ms
[15.188s][info   ][gc,phases   ] GC(1000)   Merge Heap Roots: 0.1ms
[15.188s][info   ][gc,phases   ] GC(1000)   Evacuate Collection Set: 0.4ms
[15.188s][info   ][gc,phases   ] GC(1000)   Post Evacuate Collection Set: 0.5ms
[15.188s][info   ][gc,phases   ] GC(1000)   Other: 0.2ms
[15.188s][info   ][gc,heap     ] GC(1000) Eden regions: 0->0(1228)
[15.188s][info   ][gc,heap     ] GC(1000) Survivor regions: 0->0(154)
[15.189s][info   ][gc,heap     ] GC(1000) Old regions: 1->1
[15.189s][info   ][gc,heap     ] GC(1000) Archive regions: 2->2
[15.189s][info   ][gc,heap     ] GC(1000) Humongous regions: 494->400
[15.189s][info   ][gc,metaspace] GC(1000) Metaspace: 158K(384K)->158K(384K) NonClass: 150K(256K)->150K(256K) Class: 8K(128K)->8K(128K)
[15.189s][info   ][gc          ] GC(1000) Pause Young (Concurrent Start) (G1 Humongous Allocation) 495M->401M(2048M) 1.466ms
[15.189s][info   ][gc,cpu      ] GC(1000) User=0.01s Sys=0.00s Real=0.01s
[15.189s][info   ][gc          ] GC(1001) Concurrent Undo Cycle
[15.189s][info   ][gc,marking  ] GC(1001) Concurrent Cleanup for Next Mark
[15.233s][info   ][gc,marking  ] GC(1001) Concurrent Cleanup for Next Mark 44.041ms
[15.233s][info   ][gc          ] GC(1001) Concurrent Undo Cycle 44.335ms
[15.234s][info   ][gc,start    ] GC(1002) Pause Young (Concurrent Start) (G1 Humongous Allocation)
[15.234s][info   ][gc,task     ] GC(1002) Using 4 workers of 4 for evacuation
[15.236s][info   ][gc,phases   ] GC(1002)   Pre Evacuate Collection Set: 0.2ms
[15.236s][info   ][gc,phases   ] GC(1002)   Merge Heap Roots: 0.1ms
[15.236s][info   ][gc,phases   ] GC(1002)   Evacuate Collection Set: 0.6ms
[15.236s][info   ][gc,phases   ] GC(1002)   Post Evacuate Collection Set: 0.6ms
[15.236s][info   ][gc,phases   ] GC(1002)   Other: 0.2ms
[15.236s][info   ][gc,heap     ] GC(1002) Eden regions: 0->0(1228)
[15.236s][info   ][gc,heap     ] GC(1002) Survivor regions: 0->0(154)
[15.236s][info   ][gc,heap     ] GC(1002) Old regions: 1->1
[15.236s][info   ][gc,heap     ] GC(1002) Archive regions: 2->2
[15.236s][info   ][gc,heap     ] GC(1002) Humongous regions: 996->432
[15.236s][info   ][gc,metaspace] GC(1002) Metaspace: 158K(384K)->158K(384K) NonClass: 150K(256K)->150K(256K) Class: 8K(128K)->8K(128K)
[15.236s][info   ][gc          ] GC(1002) Pause Young (Concurrent Start) (G1 Humongous Allocation) 997M->433M(2048M) 1.821ms
[15.236s][info   ][gc,cpu      ] GC(1002) User=0.00s Sys=0.00s Real=0.00s
[15.236s][info   ][gc          ] GC(1003) Concurrent Undo Cycle
[15.236s][info   ][gc,marking  ] GC(1003) Concurrent Cleanup for Next Mark
[15.269s][info   ][gc,marking  ] GC(1003) Concurrent Cleanup for Next Mark 32.913ms
[15.269s][info   ][gc          ] GC(1003) Concurrent Undo Cycle 33.138ms
[15.273s][info   ][gc,start    ] GC(1004) Pause Young (Concurrent Start) (G1 Humongous Allocation)
[15.273s][info   ][gc,task     ] GC(1004) Using 4 workers of 4 for evacuation
[15.274s][info   ][gc,phases   ] GC(1004)   Pre Evacuate Collection Set: 0.2ms
[15.274s][info   ][gc,phases   ] GC(1004)   Merge Heap Roots: 0.1ms
[15.274s][info   ][gc,phases   ] GC(1004)   Evacuate Collection Set: 0.4ms
[15.274s][info   ][gc,phases   ] GC(1004)   Post Evacuate Collection Set: 0.8ms
[15.274s][info   ][gc,phases   ] GC(1004)   Other: 0.2ms
[15.274s][info   ][gc,heap     ] GC(1004) Eden regions: 0->0(1228)
[15.274s][info   ][gc,heap     ] GC(1004) Survivor regions: 0->0(154)
[15.274s][info   ][gc,heap     ] GC(1004) Old regions: 1->1
[15.274s][info   ][gc,heap     ] GC(1004) Archive regions: 2->2
[15.274s][info   ][gc,heap     ] GC(1004) Humongous regions: 920->474
[15.275s][info   ][gc,metaspace] GC(1004) Metaspace: 158K(384K)->158K(384K) NonClass: 150K(256K)->150K(256K) Class: 8K(128K)->8K(128K)
[15.275s][info   ][gc          ] GC(1004) Pause Young (Concurrent Start) (G1 Humongous Allocation) 921M->475M(2048M) 1.736ms
[15.275s][info   ][gc,cpu      ] GC(1004) User=0.01s Sys=0.00s Real=0.00s
[15.275s][info   ][gc          ] GC(1005) Concurrent Undo Cycle
[15.275s][info   ][gc,marking  ] GC(1005) Concurrent Cleanup for Next Mark
[15.319s][info   ][gc,marking  ] GC(1005) Concurrent Cleanup for Next Mark 43.957ms
[15.319s][info   ][gc          ] GC(1005) Concurrent Undo Cycle 44.295ms
[15.319s][info   ][gc,start    ] GC(1006) Pause Young (Concurrent Start) (G1 Humongous Allocation)
[15.319s][info   ][gc,task     ] GC(1006) Using 4 workers of 4 for evacuation
[15.321s][info   ][gc,phases   ] GC(1006)   Pre Evacuate Collection Set: 0.3ms
[15.321s][info   ][gc,phases   ] GC(1006)   Merge Heap Roots: 0.1ms
[15.321s][info   ][gc,phases   ] GC(1006)   Evacuate Collection Set: 0.4ms
[15.321s][info   ][gc,phases   ] GC(1006)   Post Evacuate Collection Set: 1.0ms
[15.321s][info   ][gc,phases   ] GC(1006)   Other: 0.3ms
[15.321s][info   ][gc,heap     ] GC(1006) Eden regions: 0->0(1228)
[15.321s][info   ][gc,heap     ] GC(1006) Survivor regions: 0->0(154)
[15.321s][info   ][gc,heap     ] GC(1006) Old regions: 1->1
[15.321s][info   ][gc,heap     ] GC(1006) Archive regions: 2->2
[15.321s][info   ][gc,heap     ] GC(1006) Humongous regions: 1102->356
[15.321s][info   ][gc,metaspace] GC(1006) Metaspace: 158K(384K)->158K(384K) NonClass: 150K(256K)->150K(256K) Class: 8K(128K)->8K(128K)
[15.321s][info   ][gc          ] GC(1006) Pause Young (Concurrent Start) (G1 Humongous Allocation) 1103M->357M(2048M) 2.090ms
[15.322s][info   ][gc,cpu      ] GC(1006) User=0.00s Sys=0.00s Real=0.00s
[15.322s][info   ][gc          ] GC(1007) Concurrent Undo Cycle
[15.322s][info   ][gc,marking  ] GC(1007) Concurrent Cleanup for Next Mark
[15.364s][info   ][gc,marking  ] GC(1007) Concurrent Cleanup for Next Mark 42.441ms
[15.364s][info   ][gc          ] GC(1007) Concurrent Undo Cycle 42.600ms
[15.365s][info   ][gc,start    ] GC(1008) Pause Young (Concurrent Start) (G1 Humongous Allocation)
[15.365s][info   ][gc,task     ] GC(1008) Using 4 workers of 4 for evacuation
[15.367s][info   ][gc,phases   ] GC(1008)   Pre Evacuate Collection Set: 0.4ms
[15.367s][info   ][gc,phases   ] GC(1008)   Merge Heap Roots: 0.1ms
[15.367s][info   ][gc,phases   ] GC(1008)   Evacuate Collection Set: 0.4ms
[15.367s][info   ][gc,phases   ] GC(1008)   Post Evacuate Collection Set: 0.8ms
[15.367s][info   ][gc,phases   ] GC(1008)   Other: 0.3ms
[15.367s][info   ][gc,heap     ] GC(1008) Eden regions: 0->0(1228)
[15.367s][info   ][gc,heap     ] GC(1008) Survivor regions: 0->0(154)
[15.367s][info   ][gc,heap     ] GC(1008) Old regions: 1->1
[15.367s][info   ][gc,heap     ] GC(1008) Archive regions: 2->2
[15.367s][info   ][gc,heap     ] GC(1008) Humongous regions: 970->386
[15.367s][info   ][gc,metaspace] GC(1008) Metaspace: 158K(384K)->158K(384K) NonClass: 150K(256K)->150K(256K) Class: 8K(128K)->8K(128K)
[15.367s][info   ][gc          ] GC(1008) Pause Young (Concurrent Start) (G1 Humongous Allocation) 971M->387M(2048M) 2.137ms
[15.367s][info   ][gc,cpu      ] GC(1008) User=0.00s Sys=0.00s Real=0.00s
[15.368s][info   ][gc          ] GC(1009) Concurrent Undo Cycle
[15.368s][info   ][gc,marking  ] GC(1009) Concurrent Cleanup for Next Mark
[15.383s][info   ][gc,marking  ] GC(1009) Concurrent Cleanup for Next Mark 15.008ms
[15.383s][info   ][gc          ] GC(1009) Concurrent Undo Cycle 15.299ms
[15.405s][info   ][gc,start    ] GC(1010) Pause Young (Concurrent Start) (G1 Humongous Allocation)
[15.405s][info   ][gc,task     ] GC(1010) Using 4 workers of 4 for evacuation
[15.407s][info   ][gc,phases   ] GC(1010)   Pre Evacuate Collection Set: 0.1ms
[15.407s][info   ][gc,phases   ] GC(1010)   Merge Heap Roots: 0.1ms
[15.407s][info   ][gc,phases   ] GC(1010)   Evacuate Collection Set: 0.2ms
[15.407s][info   ][gc,phases   ] GC(1010)   Post Evacuate Collection Set: 0.6ms
[15.407s][info   ][gc,phases   ] GC(1010)   Other: 0.3ms
[15.407s][info   ][gc,heap     ] GC(1010) Eden regions: 0->0(1228)
[15.407s][info   ][gc,heap     ] GC(1010) Survivor regions: 0->0(154)
[15.407s][info   ][gc,heap     ] GC(1010) Old regions: 1->1
[15.407s][info   ][gc,heap     ] GC(1010) Archive regions: 2->2
[15.407s][info   ][gc,heap     ] GC(1010) Humongous regions: 918->444
[15.407s][info   ][gc,metaspace] GC(1010) Metaspace: 158K(384K)->158K(384K) NonClass: 150K(256K)->150K(256K) Class: 8K(128K)->8K(128K)
[15.407s][info   ][gc          ] GC(1010) Pause Young (Concurrent Start) (G1 Humongous Allocation) 919M->445M(2048M) 1.514ms
[15.407s][info   ][gc,cpu      ] GC(1010) User=0.01s Sys=0.00s Real=0.00s
[15.407s][info   ][gc          ] GC(1011) Concurrent Undo Cycle
[15.407s][info   ][gc,marking  ] GC(1011) Concurrent Cleanup for Next Mark
[15.428s][info   ][gc,marking  ] GC(1011) Concurrent Cleanup for Next Mark 20.513ms
[15.428s][info   ][gc          ] GC(1011) Concurrent Undo Cycle 20.797ms
[15.441s][info   ][gc,start    ] GC(1012) Pause Young (Concurrent Start) (G1 Humongous Allocation)
[15.441s][info   ][gc,task     ] GC(1012) Using 4 workers of 4 for evacuation
[15.443s][info   ][gc,phases   ] GC(1012)   Pre Evacuate Collection Set: 0.2ms
[15.443s][info   ][gc,phases   ] GC(1012)   Merge Heap Roots: 0.1ms
[15.443s][info   ][gc,phases   ] GC(1012)   Evacuate Collection Set: 0.5ms
[15.443s][info   ][gc,phases   ] GC(1012)   Post Evacuate Collection Set: 0.8ms
[15.443s][info   ][gc,phases   ] GC(1012)   Other: 0.2ms
[15.443s][info   ][gc,heap     ] GC(1012) Eden regions: 0->0(1222)
[15.443s][info   ][gc,heap     ] GC(1012) Survivor regions: 0->0(154)
[15.443s][info   ][gc,heap     ] GC(1012) Old regions: 1->1
[15.443s][info   ][gc,heap     ] GC(1012) Archive regions: 2->2
[15.443s][info   ][gc,heap     ] GC(1012) Humongous regions: 918->516
[15.443s][info   ][gc,metaspace] GC(1012) Metaspace: 158K(384K)->158K(384K) NonClass: 150K(256K)->150K(256K) Class: 8K(128K)->8K(128K)
[15.443s][info   ][gc          ] GC(1012) Pause Young (Concurrent Start) (G1 Humongous Allocation) 919M->517M(2048M) 1.954ms
[15.443s][info   ][gc,cpu      ] GC(1012) User=0.01s Sys=0.00s Real=0.00s
[15.443s][info   ][gc          ] GC(1013) Concurrent Undo Cycle
[15.443s][info   ][gc,marking  ] GC(1013) Concurrent Cleanup for Next Mark
[15.461s][info   ][gc,marking  ] GC(1013) Concurrent Cleanup for Next Mark 17.603ms
[15.461s][info   ][gc          ] GC(1013) Concurrent Undo Cycle 17.807ms
[15.475s][info   ][gc,start    ] GC(1014) Pause Young (Concurrent Start) (G1 Humongous Allocation)
[15.475s][info   ][gc,task     ] GC(1014) Using 4 workers of 4 for evacuation
[15.476s][info   ][gc,phases   ] GC(1014)   Pre Evacuate Collection Set: 0.2ms
[15.476s][info   ][gc,phases   ] GC(1014)   Merge Heap Roots: 0.1ms
[15.476s][info   ][gc,phases   ] GC(1014)   Evacuate Collection Set: 0.6ms
[15.476s][info   ][gc,phases   ] GC(1014)   Post Evacuate Collection Set: 0.6ms
[15.476s][info   ][gc,phases   ] GC(1014)   Other: 0.2ms
[15.476s][info   ][gc,heap     ] GC(1014) Eden regions: 0->0(1228)
[15.476s][info   ][gc,heap     ] GC(1014) Survivor regions: 0->0(153)
[15.476s][info   ][gc,heap     ] GC(1014) Old regions: 1->1
[15.476s][info   ][gc,heap     ] GC(1014) Archive regions: 2->2
[15.476s][info   ][gc,heap     ] GC(1014) Humongous regions: 918->510
[15.476s][info   ][gc,metaspace] GC(1014) Metaspace: 158K(384K)->158K(384K) NonClass: 150K(256K)->150K(256K) Class: 8K(128K)->8K(128K)
[15.476s][info   ][gc          ] GC(1014) Pause Young (Concurrent Start) (G1 Humongous Allocation) 919M->511M(2048M) 1.763ms
[15.476s][info   ][gc,cpu      ] GC(1014) User=0.00s Sys=0.00s Real=0.00s
[15.476s][info   ][gc          ] GC(1015) Concurrent Undo Cycle
[15.476s][info   ][gc,marking  ] GC(1015) Concurrent Cleanup for Next Mark
[15.500s][info   ][gc,marking  ] GC(1015) Concurrent Cleanup for Next Mark 23.792ms
[15.500s][info   ][gc          ] GC(1015) Concurrent Undo Cycle 24.074ms
[15.508s][info   ][gc,start    ] GC(1016) Pause Young (Concurrent Start) (G1 Humongous Allocation)
[15.508s][info   ][gc,task     ] GC(1016) Using 4 workers of 4 for evacuation
[15.510s][info   ][gc,phases   ] GC(1016)   Pre Evacuate Collection Set: 0.3ms
[15.510s][info   ][gc,phases   ] GC(1016)   Merge Heap Roots: 0.1ms
[15.510s][info   ][gc,phases   ] GC(1016)   Evacuate Collection Set: 0.4ms
[15.510s][info   ][gc,phases   ] GC(1016)   Post Evacuate Collection Set: 0.7ms
[15.510s][info   ][gc,phases   ] GC(1016)   Other: 0.2ms
[15.510s][info   ][gc,heap     ] GC(1016) Eden regions: 0->0(1215)
[15.510s][info   ][gc,heap     ] GC(1016) Survivor regions: 0->0(154)
[15.510s][info   ][gc,heap     ] GC(1016) Old regions: 1->1
[15.510s][info   ][gc,heap     ] GC(1016) Archive regions: 2->2
[15.510s][info   ][gc,heap     ] GC(1016) Humongous regions: 918->524
[15.510s][info   ][gc,metaspace] GC(1016) Metaspace: 158K(384K)->158K(384K) NonClass: 150K(256K)->150K(256K) Class: 8K(128K)->8K(128K)
[15.510s][info   ][gc          ] GC(1016) Pause Young (Concurrent Start) (G1 Humongous Allocation) 919M->525M(2048M) 1.778ms
[15.510s][info   ][gc,cpu      ] GC(1016) User=0.00s Sys=0.00s Real=0.00s
[15.510s][info   ][gc          ] GC(1017) Concurrent Undo Cycle
[15.510s][info   ][gc,marking  ] GC(1017) Concurrent Cleanup for Next Mark
[15.533s][info   ][gc,marking  ] GC(1017) Concurrent Cleanup for Next Mark 23.153ms
[15.533s][info   ][gc          ] GC(1017) Concurrent Undo Cycle 23.363ms
[15.539s][info   ][gc,start    ] GC(1018) Pause Young (Concurrent Start) (G1 Humongous Allocation)
[15.539s][info   ][gc,task     ] GC(1018) Using 4 workers of 4 for evacuation
[15.540s][info   ][gc,phases   ] GC(1018)   Pre Evacuate Collection Set: 0.2ms
[15.540s][info   ][gc,phases   ] GC(1018)   Merge Heap Roots: 0.1ms
[15.540s][info   ][gc,phases   ] GC(1018)   Evacuate Collection Set: 0.5ms
[15.540s][info   ][gc,phases   ] GC(1018)   Post Evacuate Collection Set: 0.5ms
[15.540s][info   ][gc,phases   ] GC(1018)   Other: 0.2ms
[15.540s][info   ][gc,heap     ] GC(1018) Eden regions: 0->0(1213)
[15.540s][info   ][gc,heap     ] GC(1018) Survivor regions: 0->0(152)
[15.540s][info   ][gc,heap     ] GC(1018) Old regions: 1->1
[15.540s][info   ][gc,heap     ] GC(1018) Archive regions: 2->2
[15.540s][info   ][gc,heap     ] GC(1018) Humongous regions: 918->526
[15.540s][info   ][gc,metaspace] GC(1018) Metaspace: 158K(384K)->158K(384K) NonClass: 150K(256K)->150K(256K) Class: 8K(128K)->8K(128K)
[15.540s][info   ][gc          ] GC(1018) Pause Young (Concurrent Start) (G1 Humongous Allocation) 919M->527M(2048M) 1.561ms
[15.540s][info   ][gc,cpu      ] GC(1018) User=0.00s Sys=0.00s Real=0.01s
[15.540s][info   ][gc          ] GC(1019) Concurrent Undo Cycle
[15.540s][info   ][gc,marking  ] GC(1019) Concurrent Cleanup for Next Mark
[15.568s][info   ][gc,marking  ] GC(1019) Concurrent Cleanup for Next Mark 27.711ms
[15.568s][info   ][gc          ] GC(1019) Concurrent Undo Cycle 27.923ms
[15.570s][info   ][gc,start    ] GC(1020) Pause Young (Concurrent Start) (G1 Humongous Allocation)
[15.570s][info   ][gc,task     ] GC(1020) Using 4 workers of 4 for evacuation
[15.571s][info   ][gc,phases   ] GC(1020)   Pre Evacuate Collection Set: 0.2ms
[15.571s][info   ][gc,phases   ] GC(1020)   Merge Heap Roots: 0.1ms
[15.571s][info   ][gc,phases   ] GC(1020)   Evacuate Collection Set: 0.2ms
[15.571s][info   ][gc,phases   ] GC(1020)   Post Evacuate Collection Set: 0.6ms
[15.571s][info   ][gc,phases   ] GC(1020)   Other: 0.2ms
[15.571s][info   ][gc,heap     ] GC(1020) Eden regions: 0->0(1217)
[15.571s][info   ][gc,heap     ] GC(1020) Survivor regions: 0->0(152)
[15.571s][info   ][gc,heap     ] GC(1020) Old regions: 1->1
[15.571s][info   ][gc,heap     ] GC(1020) Archive regions: 2->2
[15.571s][info   ][gc,heap     ] GC(1020) Humongous regions: 918->522
[15.571s][info   ][gc,metaspace] GC(1020) Metaspace: 158K(384K)->158K(384K) NonClass: 150K(256K)->150K(256K) Class: 8K(128K)->8K(128K)
[15.571s][info   ][gc          ] GC(1020) Pause Young (Concurrent Start) (G1 Humongous Allocation) 919M->523M(2048M) 1.302ms
[15.571s][info   ][gc,cpu      ] GC(1020) User=0.00s Sys=0.00s Real=0.00s
[15.571s][info   ][gc          ] GC(1021) Concurrent Undo Cycle
[15.571s][info   ][gc,marking  ] GC(1021) Concurrent Cleanup for Next Mark
[15.578s][info   ][gc,marking  ] GC(1021) Concurrent Cleanup for Next Mark 7.133ms
[15.579s][info   ][gc          ] GC(1021) Concurrent Undo Cycle 7.280ms
[15.582s][info   ][gc,start    ] GC(1022) Pause Young (Concurrent Start) (G1 Humongous Allocation)
[15.582s][info   ][gc,task     ] GC(1022) Using 4 workers of 4 for evacuation
[15.584s][info   ][gc,phases   ] GC(1022)   Pre Evacuate Collection Set: 0.3ms
[15.584s][info   ][gc,phases   ] GC(1022)   Merge Heap Roots: 0.1ms
[15.584s][info   ][gc,phases   ] GC(1022)   Evacuate Collection Set: 0.2ms
[15.584s][info   ][gc,phases   ] GC(1022)   Post Evacuate Collection Set: 0.4ms
[15.584s][info   ][gc,phases   ] GC(1022)   Other: 0.2ms
[15.584s][info   ][gc,heap     ] GC(1022) Eden regions: 0->0(1200)
[15.584s][info   ][gc,heap     ] GC(1022) Survivor regions: 0->0(153)
[15.584s][info   ][gc,heap     ] GC(1022) Old regions: 1->1
[15.584s][info   ][gc,heap     ] GC(1022) Archive regions: 2->2
[15.584s][info   ][gc,heap     ] GC(1022) Humongous regions: 618->540
[15.584s][info   ][gc,metaspace] GC(1022) Metaspace: 158K(384K)->158K(384K) NonClass: 150K(256K)->150K(256K) Class: 8K(128K)->8K(128K)
[15.584s][info   ][gc          ] GC(1022) Pause Young (Concurrent Start) (G1 Humongous Allocation) 619M->541M(2048M) 1.320ms
[15.584s][info   ][gc,cpu      ] GC(1022) User=0.00s Sys=0.00s Real=0.00s
[15.584s][info   ][gc          ] GC(1023) Concurrent Undo Cycle
[15.584s][info   ][gc,marking  ] GC(1023) Concurrent Cleanup for Next Mark
[15.611s][info   ][gc,marking  ] GC(1023) Concurrent Cleanup for Next Mark 26.725ms
[15.613s][info   ][gc          ] GC(1023) Concurrent Undo Cycle 28.788ms
[15.614s][info   ][gc,start    ] GC(1024) Pause Young (Concurrent Start) (G1 Humongous Allocation)
[15.614s][info   ][gc,task     ] GC(1024) Using 4 workers of 4 for evacuation
[15.615s][info   ][gc,phases   ] GC(1024)   Pre Evacuate Collection Set: 0.2ms
[15.615s][info   ][gc,phases   ] GC(1024)   Merge Heap Roots: 0.1ms
[15.615s][info   ][gc,phases   ] GC(1024)   Evacuate Collection Set: 0.2ms
[15.615s][info   ][gc,phases   ] GC(1024)   Post Evacuate Collection Set: 0.6ms
[15.615s][info   ][gc,phases   ] GC(1024)   Other: 0.2ms
[15.615s][info   ][gc,heap     ] GC(1024) Eden regions: 0->0(1180)
[15.615s][info   ][gc,heap     ] GC(1024) Survivor regions: 0->0(150)
[15.615s][info   ][gc,heap     ] GC(1024) Old regions: 1->1
[15.615s][info   ][gc,heap     ] GC(1024) Archive regions: 2->2
[15.615s][info   ][gc,heap     ] GC(1024) Humongous regions: 936->562
[15.615s][info   ][gc,metaspace] GC(1024) Metaspace: 158K(384K)->158K(384K) NonClass: 150K(256K)->150K(256K) Class: 8K(128K)->8K(128K)
[15.615s][info   ][gc          ] GC(1024) Pause Young (Concurrent Start) (G1 Humongous Allocation) 937M->563M(2048M) 1.450ms
[15.615s][info   ][gc,cpu      ] GC(1024) User=0.00s Sys=0.00s Real=0.00s
[15.615s][info   ][gc          ] GC(1025) Concurrent Undo Cycle
[15.615s][info   ][gc,marking  ] GC(1025) Concurrent Cleanup for Next Mark
[15.630s][info   ][gc,marking  ] GC(1025) Concurrent Cleanup for Next Mark 14.863ms
[15.631s][info   ][gc          ] GC(1025) Concurrent Undo Cycle 15.289ms
[15.647s][info   ][gc,start    ] GC(1026) Pause Young (Concurrent Start) (G1 Humongous Allocation)
[15.647s][info   ][gc,task     ] GC(1026) Using 4 workers of 4 for evacuation
[15.649s][info   ][gc,phases   ] GC(1026)   Pre Evacuate Collection Set: 0.2ms
[15.649s][info   ][gc,phases   ] GC(1026)   Merge Heap Roots: 0.2ms
[15.649s][info   ][gc,phases   ] GC(1026)   Evacuate Collection Set: 0.6ms
[15.649s][info   ][gc,phases   ] GC(1026)   Post Evacuate Collection Set: 0.7ms
[15.649s][info   ][gc,phases   ] GC(1026)   Other: 0.3ms
[15.649s][info   ][gc,heap     ] GC(1026) Eden regions: 0->0(1171)
[15.649s][info   ][gc,heap     ] GC(1026) Survivor regions: 0->0(148)
[15.649s][info   ][gc,heap     ] GC(1026) Old regions: 1->1
[15.649s][info   ][gc,heap     ] GC(1026) Archive regions: 2->2
[15.649s][info   ][gc,heap     ] GC(1026) Humongous regions: 918->572
[15.649s][info   ][gc,metaspace] GC(1026) Metaspace: 158K(384K)->158K(384K) NonClass: 150K(256K)->150K(256K) Class: 8K(128K)->8K(128K)
[15.649s][info   ][gc          ] GC(1026) Pause Young (Concurrent Start) (G1 Humongous Allocation) 919M->573M(2048M) 2.075ms
[15.649s][info   ][gc,cpu      ] GC(1026) User=0.00s Sys=0.01s Real=0.01s
[15.650s][info   ][gc          ] GC(1027) Concurrent Undo Cycle
[15.650s][info   ][gc,marking  ] GC(1027) Concurrent Cleanup for Next Mark
[15.682s][info   ][gc,marking  ] GC(1027) Concurrent Cleanup for Next Mark 32.632ms
[15.682s][info   ][gc          ] GC(1027) Concurrent Undo Cycle 32.886ms
[15.683s][info   ][gc,start    ] GC(1028) Pause Young (Concurrent Start) (G1 Humongous Allocation)
[15.683s][info   ][gc,task     ] GC(1028) Using 4 workers of 4 for evacuation
[15.684s][info   ][gc,phases   ] GC(1028)   Pre Evacuate Collection Set: 0.2ms
[15.684s][info   ][gc,phases   ] GC(1028)   Merge Heap Roots: 0.1ms
[15.684s][info   ][gc,phases   ] GC(1028)   Evacuate Collection Set: 0.3ms
[15.684s][info   ][gc,phases   ] GC(1028)   Post Evacuate Collection Set: 0.6ms
[15.684s][info   ][gc,phases   ] GC(1028)   Other: 0.2ms
[15.684s][info   ][gc,heap     ] GC(1028) Eden regions: 0->0(1191)
[15.684s][info   ][gc,heap     ] GC(1028) Survivor regions: 0->0(147)
[15.684s][info   ][gc,heap     ] GC(1028) Old regions: 1->1
[15.684s][info   ][gc,heap     ] GC(1028) Archive regions: 2->2
[15.684s][info   ][gc,heap     ] GC(1028) Humongous regions: 988->550
[15.684s][info   ][gc,metaspace] GC(1028) Metaspace: 158K(384K)->158K(384K) NonClass: 150K(256K)->150K(256K) Class: 8K(128K)->8K(128K)
[15.684s][info   ][gc          ] GC(1028) Pause Young (Concurrent Start) (G1 Humongous Allocation) 989M->551M(2048M) 1.441ms
[15.684s][info   ][gc,cpu      ] GC(1028) User=0.00s Sys=0.00s Real=0.00s
[15.684s][info   ][gc          ] GC(1029) Concurrent Undo Cycle
[15.687s][info   ][gc,marking  ] GC(1029) Concurrent Cleanup for Next Mark
[15.713s][info   ][gc,marking  ] GC(1029) Concurrent Cleanup for Next Mark 28.611ms
[15.713s][info   ][gc          ] GC(1029) Concurrent Undo Cycle 28.827ms
[15.713s][info   ][gc,start    ] GC(1030) Pause Young (Concurrent Start) (G1 Humongous Allocation)
[15.713s][info   ][gc,task     ] GC(1030) Using 4 workers of 4 for evacuation
[15.715s][info   ][gc,phases   ] GC(1030)   Pre Evacuate Collection Set: 0.2ms
[15.715s][info   ][gc,phases   ] GC(1030)   Merge Heap Roots: 0.1ms
[15.715s][info   ][gc,phases   ] GC(1030)   Evacuate Collection Set: 0.2ms
[15.715s][info   ][gc,phases   ] GC(1030)   Post Evacuate Collection Set: 0.5ms
[15.715s][info   ][gc,phases   ] GC(1030)   Other: 0.2ms
[15.715s][info   ][gc,heap     ] GC(1030) Eden regions: 0->0(1145)
[15.715s][info   ][gc,heap     ] GC(1030) Survivor regions: 0->0(149)
[15.715s][info   ][gc,heap     ] GC(1030) Old regions: 1->1
[15.715s][info   ][gc,heap     ] GC(1030) Archive regions: 2->2
[15.715s][info   ][gc,heap     ] GC(1030) Humongous regions: 946->600
[15.715s][info   ][gc,metaspace] GC(1030) Metaspace: 158K(384K)->158K(384K) NonClass: 150K(256K)->150K(256K) Class: 8K(128K)->8K(128K)
[15.715s][info   ][gc          ] GC(1030) Pause Young (Concurrent Start) (G1 Humongous Allocation) 947M->601M(2048M) 1.336ms
[15.715s][info   ][gc,cpu      ] GC(1030) User=0.00s Sys=0.00s Real=0.00s
[15.715s][info   ][gc          ] GC(1031) Concurrent Undo Cycle
[15.715s][info   ][gc,marking  ] GC(1031) Concurrent Cleanup for Next Mark
[15.737s][info   ][gc,marking  ] GC(1031) Concurrent Cleanup for Next Mark 22.247ms
[15.737s][info   ][gc          ] GC(1031) Concurrent Undo Cycle 22.465ms
[15.740s][info   ][gc,start    ] GC(1032) Pause Young (Concurrent Start) (G1 Humongous Allocation)
[15.740s][info   ][gc,task     ] GC(1032) Using 4 workers of 4 for evacuation
[15.742s][info   ][gc,phases   ] GC(1032)   Pre Evacuate Collection Set: 0.2ms
[15.742s][info   ][gc,phases   ] GC(1032)   Merge Heap Roots: 0.1ms
[15.742s][info   ][gc,phases   ] GC(1032)   Evacuate Collection Set: 0.4ms
[15.742s][info   ][gc,phases   ] GC(1032)   Post Evacuate Collection Set: 0.6ms
[15.742s][info   ][gc,phases   ] GC(1032)   Other: 0.2ms
[15.742s][info   ][gc,heap     ] GC(1032) Eden regions: 0->0(1165)
[15.742s][info   ][gc,heap     ] GC(1032) Survivor regions: 0->0(144)
[15.742s][info   ][gc,heap     ] GC(1032) Old regions: 1->1
[15.742s][info   ][gc,heap     ] GC(1032) Archive regions: 2->2
[15.742s][info   ][gc,heap     ] GC(1032) Humongous regions: 918->578
[15.742s][info   ][gc,metaspace] GC(1032) Metaspace: 158K(384K)->158K(384K) NonClass: 150K(256K)->150K(256K) Class: 8K(128K)->8K(128K)
[15.742s][info   ][gc          ] GC(1032) Pause Young (Concurrent Start) (G1 Humongous Allocation) 919M->579M(2048M) 1.535ms
[15.742s][info   ][gc,cpu      ] GC(1032) User=0.00s Sys=0.00s Real=0.00s
[15.742s][info   ][gc          ] GC(1033) Concurrent Undo Cycle
[15.742s][info   ][gc,marking  ] GC(1033) Concurrent Cleanup for Next Mark
[15.759s][info   ][gc,marking  ] GC(1033) Concurrent Cleanup for Next Mark 17.559ms
[15.760s][info   ][gc          ] GC(1033) Concurrent Undo Cycle 17.843ms
[15.770s][info   ][gc,start    ] GC(1034) Pause Young (Concurrent Start) (G1 Humongous Allocation)
[15.770s][info   ][gc,task     ] GC(1034) Using 4 workers of 4 for evacuation
[15.772s][info   ][gc,phases   ] GC(1034)   Pre Evacuate Collection Set: 0.3ms
[15.772s][info   ][gc,phases   ] GC(1034)   Merge Heap Roots: 0.1ms
[15.772s][info   ][gc,phases   ] GC(1034)   Evacuate Collection Set: 0.4ms
[15.772s][info   ][gc,phases   ] GC(1034)   Post Evacuate Collection Set: 0.7ms
[15.772s][info   ][gc,phases   ] GC(1034)   Other: 0.2ms
[15.772s][info   ][gc,heap     ] GC(1034) Eden regions: 0->0(1209)
[15.772s][info   ][gc,heap     ] GC(1034) Survivor regions: 0->0(146)
[15.772s][info   ][gc,heap     ] GC(1034) Old regions: 1->1
[15.772s][info   ][gc,heap     ] GC(1034) Archive regions: 2->2
[15.772s][info   ][gc,heap     ] GC(1034) Humongous regions: 918->530
[15.772s][info   ][gc,metaspace] GC(1034) Metaspace: 158K(384K)->158K(384K) NonClass: 150K(256K)->150K(256K) Class: 8K(128K)->8K(128K)
[15.772s][info   ][gc          ] GC(1034) Pause Young (Concurrent Start) (G1 Humongous Allocation) 919M->531M(2048M) 1.752ms
[15.772s][info   ][gc,cpu      ] GC(1034) User=0.00s Sys=0.00s Real=0.00s
[15.772s][info   ][gc          ] GC(1035) Concurrent Undo Cycle
[15.772s][info   ][gc,marking  ] GC(1035) Concurrent Cleanup for Next Mark
[15.789s][info   ][gc,marking  ] GC(1035) Concurrent Cleanup for Next Mark 16.487ms
[15.789s][info   ][gc          ] GC(1035) Concurrent Undo Cycle 16.736ms
[15.807s][info   ][gc,start    ] GC(1036) Pause Young (Concurrent Start) (G1 Humongous Allocation)
[15.807s][info   ][gc,task     ] GC(1036) Using 4 workers of 4 for evacuation
[15.809s][info   ][gc,phases   ] GC(1036)   Pre Evacuate Collection Set: 0.3ms
[15.809s][info   ][gc,phases   ] GC(1036)   Merge Heap Roots: 0.1ms
[15.809s][info   ][gc,phases   ] GC(1036)   Evacuate Collection Set: 0.4ms
[15.809s][info   ][gc,phases   ] GC(1036)   Post Evacuate Collection Set: 0.6ms
[15.809s][info   ][gc,phases   ] GC(1036)   Other: 0.3ms
[15.809s][info   ][gc,heap     ] GC(1036) Eden regions: 0->0(1228)
[15.809s][info   ][gc,heap     ] GC(1036) Survivor regions: 0->0(152)
[15.809s][info   ][gc,heap     ] GC(1036) Old regions: 1->1
[15.809s][info   ][gc,heap     ] GC(1036) Archive regions: 2->2
[15.809s][info   ][gc,heap     ] GC(1036) Humongous regions: 918->504
[15.809s][info   ][gc,metaspace] GC(1036) Metaspace: 158K(384K)->158K(384K) NonClass: 150K(256K)->150K(256K) Class: 8K(128K)->8K(128K)
[15.809s][info   ][gc          ] GC(1036) Pause Young (Concurrent Start) (G1 Humongous Allocation) 919M->505M(2048M) 1.870ms
[15.809s][info   ][gc,cpu      ] GC(1036) User=0.00s Sys=0.00s Real=0.01s
[15.809s][info   ][gc          ] GC(1037) Concurrent Undo Cycle
[15.809s][info   ][gc,marking  ] GC(1037) Concurrent Cleanup for Next Mark
[15.846s][info   ][gc,marking  ] GC(1037) Concurrent Cleanup for Next Mark 37.639ms
[15.847s][info   ][gc          ] GC(1037) Concurrent Undo Cycle 37.896ms
[15.851s][info   ][gc,start    ] GC(1038) Pause Young (Concurrent Start) (G1 Humongous Allocation)
[15.851s][info   ][gc,task     ] GC(1038) Using 4 workers of 4 for evacuation
[15.853s][info   ][gc,phases   ] GC(1038)   Pre Evacuate Collection Set: 0.4ms
[15.853s][info   ][gc,phases   ] GC(1038)   Merge Heap Roots: 0.1ms
[15.853s][info   ][gc,phases   ] GC(1038)   Evacuate Collection Set: 0.5ms
[15.853s][info   ][gc,phases   ] GC(1038)   Post Evacuate Collection Set: 0.9ms
[15.853s][info   ][gc,phases   ] GC(1038)   Other: 0.4ms
[15.853s][info   ][gc,heap     ] GC(1038) Eden regions: 0->0(1228)
[15.853s][info   ][gc,heap     ] GC(1038) Survivor regions: 0->0(154)
[15.853s][info   ][gc,heap     ] GC(1038) Old regions: 1->1
[15.853s][info   ][gc,heap     ] GC(1038) Archive regions: 2->2
[15.853s][info   ][gc,heap     ] GC(1038) Humongous regions: 920->486
[15.853s][info   ][gc,metaspace] GC(1038) Metaspace: 158K(384K)->158K(384K) NonClass: 150K(256K)->150K(256K) Class: 8K(128K)->8K(128K)
[15.853s][info   ][gc          ] GC(1038) Pause Young (Concurrent Start) (G1 Humongous Allocation) 921M->487M(2048M) 2.361ms
[15.853s][info   ][gc,cpu      ] GC(1038) User=0.00s Sys=0.00s Real=0.00s
[15.853s][info   ][gc          ] GC(1039) Concurrent Undo Cycle
[15.853s][info   ][gc,marking  ] GC(1039) Concurrent Cleanup for Next Mark
[15.869s][info   ][gc,marking  ] GC(1039) Concurrent Cleanup for Next Mark 16.067ms
[15.870s][info   ][gc          ] GC(1039) Concurrent Undo Cycle 16.341ms
[15.897s][info   ][gc,start    ] GC(1040) Pause Young (Concurrent Start) (G1 Humongous Allocation)
[15.897s][info   ][gc,task     ] GC(1040) Using 4 workers of 4 for evacuation
[15.899s][info   ][gc,phases   ] GC(1040)   Pre Evacuate Collection Set: 0.3ms
[15.899s][info   ][gc,phases   ] GC(1040)   Merge Heap Roots: 0.1ms
[15.899s][info   ][gc,phases   ] GC(1040)   Evacuate Collection Set: 0.6ms
[15.899s][info   ][gc,phases   ] GC(1040)   Post Evacuate Collection Set: 0.6ms
[15.899s][info   ][gc,phases   ] GC(1040)   Other: 0.3ms
[15.899s][info   ][gc,heap     ] GC(1040) Eden regions: 0->0(1222)
[15.899s][info   ][gc,heap     ] GC(1040) Survivor regions: 0->0(154)
[15.899s][info   ][gc,heap     ] GC(1040) Old regions: 1->1
[15.899s][info   ][gc,heap     ] GC(1040) Archive regions: 2->2
[15.899s][info   ][gc,heap     ] GC(1040) Humongous regions: 920->516
[15.899s][info   ][gc,metaspace] GC(1040) Metaspace: 158K(384K)->158K(384K) NonClass: 150K(256K)->150K(256K) Class: 8K(128K)->8K(128K)
[15.899s][info   ][gc          ] GC(1040) Pause Young (Concurrent Start) (G1 Humongous Allocation) 921M->517M(2048M) 2.053ms
[15.899s][info   ][gc,cpu      ] GC(1040) User=0.00s Sys=0.00s Real=0.01s
[15.899s][info   ][gc          ] GC(1041) Concurrent Undo Cycle
[15.899s][info   ][gc,marking  ] GC(1041) Concurrent Cleanup for Next Mark
[15.927s][info   ][gc,marking  ] GC(1041) Concurrent Cleanup for Next Mark 28.093ms
[15.928s][info   ][gc          ] GC(1041) Concurrent Undo Cycle 28.981ms
[15.939s][info   ][gc,start    ] GC(1042) Pause Young (Concurrent Start) (G1 Humongous Allocation)
[15.939s][info   ][gc,task     ] GC(1042) Using 4 workers of 4 for evacuation
[15.940s][info   ][gc,phases   ] GC(1042)   Pre Evacuate Collection Set: 0.2ms
[15.940s][info   ][gc,phases   ] GC(1042)   Merge Heap Roots: 0.1ms
[15.940s][info   ][gc,phases   ] GC(1042)   Evacuate Collection Set: 0.4ms
[15.940s][info   ][gc,phases   ] GC(1042)   Post Evacuate Collection Set: 0.8ms
[15.940s][info   ][gc,phases   ] GC(1042)   Other: 0.2ms
[15.940s][info   ][gc,heap     ] GC(1042) Eden regions: 0->0(1228)
[15.940s][info   ][gc,heap     ] GC(1042) Survivor regions: 0->0(153)
[15.940s][info   ][gc,heap     ] GC(1042) Old regions: 1->1
[15.940s][info   ][gc,heap     ] GC(1042) Archive regions: 2->2
[15.940s][info   ][gc,heap     ] GC(1042) Humongous regions: 918->500
[15.940s][info   ][gc,metaspace] GC(1042) Metaspace: 158K(384K)->158K(384K) NonClass: 150K(256K)->150K(256K) Class: 8K(128K)->8K(128K)
[15.940s][info   ][gc          ] GC(1042) Pause Young (Concurrent Start) (G1 Humongous Allocation) 919M->501M(2048M) 1.850ms
[15.940s][info   ][gc,cpu      ] GC(1042) User=0.00s Sys=0.00s Real=0.00s
[15.940s][info   ][gc          ] GC(1043) Concurrent Undo Cycle
[15.941s][info   ][gc,marking  ] GC(1043) Concurrent Cleanup for Next Mark
[15.985s][info   ][gc,marking  ] GC(1043) Concurrent Cleanup for Next Mark 44.238ms
[15.985s][info   ][gc          ] GC(1043) Concurrent Undo Cycle 44.553ms
[15.986s][info   ][gc,start    ] GC(1044) Pause Young (Concurrent Start) (G1 Humongous Allocation)
[15.986s][info   ][gc,task     ] GC(1044) Using 4 workers of 4 for evacuation
[15.988s][info   ][gc,phases   ] GC(1044)   Pre Evacuate Collection Set: 0.3ms
[15.988s][info   ][gc,phases   ] GC(1044)   Merge Heap Roots: 0.1ms
[15.988s][info   ][gc,phases   ] GC(1044)   Evacuate Collection Set: 0.5ms
[15.988s][info   ][gc,phases   ] GC(1044)   Post Evacuate Collection Set: 0.8ms
[15.988s][info   ][gc,phases   ] GC(1044)   Other: 0.2ms
[15.988s][info   ][gc,heap     ] GC(1044) Eden regions: 0->0(1228)
[15.988s][info   ][gc,heap     ] GC(1044) Survivor regions: 0->0(154)
[15.988s][info   ][gc,heap     ] GC(1044) Old regions: 1->1
[15.988s][info   ][gc,heap     ] GC(1044) Archive regions: 2->2
[15.988s][info   ][gc,heap     ] GC(1044) Humongous regions: 1084->422
[15.988s][info   ][gc,metaspace] GC(1044) Metaspace: 158K(384K)->158K(384K) NonClass: 150K(256K)->150K(256K) Class: 8K(128K)->8K(128K)
[15.988s][info   ][gc          ] GC(1044) Pause Young (Concurrent Start) (G1 Humongous Allocation) 1085M->423M(2048M) 1.948ms
[15.988s][info   ][gc,cpu      ] GC(1044) User=0.00s Sys=0.00s Real=0.01s
[15.988s][info   ][gc          ] GC(1045) Concurrent Undo Cycle
[15.988s][info   ][gc,marking  ] GC(1045) Concurrent Cleanup for Next Mark
[16.011s][info   ][gc,marking  ] GC(1045) Concurrent Cleanup for Next Mark 22.580ms
[16.011s][info   ][gc          ] GC(1045) Concurrent Undo Cycle 22.759ms
[16.028s][info   ][gc,start    ] GC(1046) Pause Young (Concurrent Start) (G1 Humongous Allocation)
[16.028s][info   ][gc,task     ] GC(1046) Using 4 workers of 4 for evacuation
[16.030s][info   ][gc,phases   ] GC(1046)   Pre Evacuate Collection Set: 0.3ms
[16.030s][info   ][gc,phases   ] GC(1046)   Merge Heap Roots: 0.1ms
[16.030s][info   ][gc,phases   ] GC(1046)   Evacuate Collection Set: 0.4ms
[16.030s][info   ][gc,phases   ] GC(1046)   Post Evacuate Collection Set: 0.6ms
[16.030s][info   ][gc,phases   ] GC(1046)   Other: 0.4ms
[16.030s][info   ][gc,heap     ] GC(1046) Eden regions: 0->0(1228)
[16.030s][info   ][gc,heap     ] GC(1046) Survivor regions: 0->0(154)
[16.030s][info   ][gc,heap     ] GC(1046) Old regions: 1->1
[16.030s][info   ][gc,heap     ] GC(1046) Archive regions: 2->2
[16.030s][info   ][gc,heap     ] GC(1046) Humongous regions: 918->370
[16.030s][info   ][gc,metaspace] GC(1046) Metaspace: 158K(384K)->158K(384K) NonClass: 150K(256K)->150K(256K) Class: 8K(128K)->8K(128K)
[16.030s][info   ][gc          ] GC(1046) Pause Young (Concurrent Start) (G1 Humongous Allocation) 919M->371M(2048M) 1.853ms
[16.030s][info   ][gc,cpu      ] GC(1046) User=0.00s Sys=0.00s Real=0.01s
[16.030s][info   ][gc          ] GC(1047) Concurrent Undo Cycle
[16.030s][info   ][gc,marking  ] GC(1047) Concurrent Cleanup for Next Mark
[16.061s][info   ][gc,marking  ] GC(1047) Concurrent Cleanup for Next Mark 30.750ms
[16.061s][info   ][gc          ] GC(1047) Concurrent Undo Cycle 31.012ms
[16.079s][info   ][gc,start    ] GC(1048) Pause Young (Concurrent Start) (G1 Humongous Allocation)
[16.079s][info   ][gc,task     ] GC(1048) Using 4 workers of 4 for evacuation
[16.081s][info   ][gc,phases   ] GC(1048)   Pre Evacuate Collection Set: 0.3ms
[16.081s][info   ][gc,phases   ] GC(1048)   Merge Heap Roots: 0.1ms
[16.081s][info   ][gc,phases   ] GC(1048)   Evacuate Collection Set: 0.3ms
[16.081s][info   ][gc,phases   ] GC(1048)   Post Evacuate Collection Set: 0.7ms
[16.081s][info   ][gc,phases   ] GC(1048)   Other: 0.3ms
[16.081s][info   ][gc,heap     ] GC(1048) Eden regions: 0->0(1228)
[16.081s][info   ][gc,heap     ] GC(1048) Survivor regions: 0->0(154)
[16.081s][info   ][gc,heap     ] GC(1048) Old regions: 1->1
[16.081s][info   ][gc,heap     ] GC(1048) Archive regions: 2->2
[16.081s][info   ][gc,heap     ] GC(1048) Humongous regions: 918->382
[16.081s][info   ][gc,metaspace] GC(1048) Metaspace: 158K(384K)->158K(384K) NonClass: 150K(256K)->150K(256K) Class: 8K(128K)->8K(128K)
[16.081s][info   ][gc          ] GC(1048) Pause Young (Concurrent Start) (G1 Humongous Allocation) 919M->383M(2048M) 1.873ms
[16.081s][info   ][gc,cpu      ] GC(1048) User=0.00s Sys=0.01s Real=0.00s
[16.081s][info   ][gc          ] GC(1049) Concurrent Undo Cycle
[16.081s][info   ][gc,marking  ] GC(1049) Concurrent Cleanup for Next Mark
[16.129s][info   ][gc,marking  ] GC(1049) Concurrent Cleanup for Next Mark 48.110ms
[16.129s][info   ][gc          ] GC(1049) Concurrent Undo Cycle 48.533ms
[16.131s][info   ][gc,start    ] GC(1050) Pause Young (Concurrent Start) (G1 Humongous Allocation)
[16.131s][info   ][gc,task     ] GC(1050) Using 4 workers of 4 for evacuation
[16.132s][info   ][gc,phases   ] GC(1050)   Pre Evacuate Collection Set: 0.2ms
[16.132s][info   ][gc,phases   ] GC(1050)   Merge Heap Roots: 0.1ms
[16.132s][info   ][gc,phases   ] GC(1050)   Evacuate Collection Set: 0.5ms
[16.132s][info   ][gc,phases   ] GC(1050)   Post Evacuate Collection Set: 0.6ms
[16.132s][info   ][gc,phases   ] GC(1050)   Other: 0.2ms
[16.132s][info   ][gc,heap     ] GC(1050) Eden regions: 0->0(1228)
[16.132s][info   ][gc,heap     ] GC(1050) Survivor regions: 0->0(154)
[16.132s][info   ][gc,heap     ] GC(1050) Old regions: 1->1
[16.132s][info   ][gc,heap     ] GC(1050) Archive regions: 2->2
[16.132s][info   ][gc,heap     ] GC(1050) Humongous regions: 968->444
[16.132s][info   ][gc,metaspace] GC(1050) Metaspace: 158K(384K)->158K(384K) NonClass: 150K(256K)->150K(256K) Class: 8K(128K)->8K(128K)
[16.132s][info   ][gc          ] GC(1050) Pause Young (Concurrent Start) (G1 Humongous Allocation) 969M->445M(2048M) 1.762ms
[16.132s][info   ][gc,cpu      ] GC(1050) User=0.00s Sys=0.00s Real=0.00s
[16.132s][info   ][gc          ] GC(1051) Concurrent Undo Cycle
[16.132s][info   ][gc,marking  ] GC(1051) Concurrent Cleanup for Next Mark
[16.141s][info   ][gc,marking  ] GC(1051) Concurrent Cleanup for Next Mark 8.512ms
[16.141s][info   ][gc          ] GC(1051) Concurrent Undo Cycle 8.806ms
[16.144s][info   ][gc,start    ] GC(1052) Pause Young (Concurrent Start) (G1 Humongous Allocation)
[16.144s][info   ][gc,task     ] GC(1052) Using 4 workers of 4 for evacuation
[16.145s][info   ][gc,phases   ] GC(1052)   Pre Evacuate Collection Set: 0.2ms
[16.145s][info   ][gc,phases   ] GC(1052)   Merge Heap Roots: 0.1ms
[16.145s][info   ][gc,phases   ] GC(1052)   Evacuate Collection Set: 0.3ms
[16.145s][info   ][gc,phases   ] GC(1052)   Post Evacuate Collection Set: 0.3ms
[16.145s][info   ][gc,phases   ] GC(1052)   Other: 0.2ms
[16.145s][info   ][gc,heap     ] GC(1052) Eden regions: 0->0(1228)
[16.145s][info   ][gc,heap     ] GC(1052) Survivor regions: 0->0(154)
[16.145s][info   ][gc,heap     ] GC(1052) Old regions: 1->1
[16.145s][info   ][gc,heap     ] GC(1052) Archive regions: 2->2
[16.145s][info   ][gc,heap     ] GC(1052) Humongous regions: 514->448
[16.145s][info   ][gc,metaspace] GC(1052) Metaspace: 158K(384K)->158K(384K) NonClass: 150K(256K)->150K(256K) Class: 8K(128K)->8K(128K)
[16.145s][info   ][gc          ] GC(1052) Pause Young (Concurrent Start) (G1 Humongous Allocation) 515M->449M(2048M) 1.197ms
[16.145s][info   ][gc,cpu      ] GC(1052) User=0.00s Sys=0.00s Real=0.00s
[16.149s][info   ][gc          ] GC(1053) Concurrent Undo Cycle
[16.149s][info   ][gc,marking  ] GC(1053) Concurrent Cleanup for Next Mark
[16.194s][info   ][gc,marking  ] GC(1053) Concurrent Cleanup for Next Mark 45.436ms
[16.194s][info   ][gc          ] GC(1053) Concurrent Undo Cycle 45.695ms
[16.195s][info   ][gc,start    ] GC(1054) Pause Young (Concurrent Start) (G1 Humongous Allocation)
[16.195s][info   ][gc,task     ] GC(1054) Using 4 workers of 4 for evacuation
[16.197s][info   ][gc,phases   ] GC(1054)   Pre Evacuate Collection Set: 0.4ms
[16.197s][info   ][gc,phases   ] GC(1054)   Merge Heap Roots: 0.2ms
[16.198s][info   ][gc,phases   ] GC(1054)   Evacuate Collection Set: 0.4ms
[16.198s][info   ][gc,phases   ] GC(1054)   Post Evacuate Collection Set: 0.8ms
[16.198s][info   ][gc,phases   ] GC(1054)   Other: 0.3ms
[16.198s][info   ][gc,heap     ] GC(1054) Eden regions: 0->0(1228)
[16.198s][info   ][gc,heap     ] GC(1054) Survivor regions: 0->0(154)
[16.198s][info   ][gc,heap     ] GC(1054) Old regions: 1->1
[16.198s][info   ][gc,heap     ] GC(1054) Archive regions: 2->2
[16.198s][info   ][gc,heap     ] GC(1054) Humongous regions: 1090->470
[16.198s][info   ][gc,metaspace] GC(1054) Metaspace: 158K(384K)->158K(384K) NonClass: 150K(256K)->150K(256K) Class: 8K(128K)->8K(128K)
[16.198s][info   ][gc          ] GC(1054) Pause Young (Concurrent Start) (G1 Humongous Allocation) 1091M->471M(2048M) 2.174ms
[16.198s][info   ][gc,cpu      ] GC(1054) User=0.00s Sys=0.00s Real=0.00s
[16.198s][info   ][gc          ] GC(1055) Concurrent Undo Cycle
[16.198s][info   ][gc,marking  ] GC(1055) Concurrent Cleanup for Next Mark
[16.239s][info   ][gc,marking  ] GC(1055) Concurrent Cleanup for Next Mark 41.153ms
[16.239s][info   ][gc          ] GC(1055) Concurrent Undo Cycle 41.540ms
[16.240s][info   ][gc,start    ] GC(1056) Pause Young (Concurrent Start) (G1 Humongous Allocation)
[16.240s][info   ][gc,task     ] GC(1056) Using 4 workers of 4 for evacuation
[16.242s][info   ][gc,phases   ] GC(1056)   Pre Evacuate Collection Set: 0.3ms
[16.242s][info   ][gc,phases   ] GC(1056)   Merge Heap Roots: 0.1ms
[16.242s][info   ][gc,phases   ] GC(1056)   Evacuate Collection Set: 0.3ms
[16.242s][info   ][gc,phases   ] GC(1056)   Post Evacuate Collection Set: 0.8ms
[16.242s][info   ][gc,phases   ] GC(1056)   Other: 0.2ms
[16.242s][info   ][gc,heap     ] GC(1056) Eden regions: 0->0(1228)
[16.242s][info   ][gc,heap     ] GC(1056) Survivor regions: 0->0(154)
[16.242s][info   ][gc,heap     ] GC(1056) Old regions: 1->1
[16.242s][info   ][gc,heap     ] GC(1056) Archive regions: 2->2
[16.242s][info   ][gc,heap     ] GC(1056) Humongous regions: 956->510
[16.242s][info   ][gc,metaspace] GC(1056) Metaspace: 158K(384K)->158K(384K) NonClass: 150K(256K)->150K(256K) Class: 8K(128K)->8K(128K)
[16.242s][info   ][gc          ] GC(1056) Pause Young (Concurrent Start) (G1 Humongous Allocation) 957M->511M(2048M) 1.864ms
[16.242s][info   ][gc,cpu      ] GC(1056) User=0.00s Sys=0.01s Real=0.00s
[16.242s][info   ][gc          ] GC(1057) Concurrent Undo Cycle
[16.242s][info   ][gc,marking  ] GC(1057) Concurrent Cleanup for Next Mark
[16.267s][info   ][gc,marking  ] GC(1057) Concurrent Cleanup for Next Mark 25.077ms
[16.268s][info   ][gc          ] GC(1057) Concurrent Undo Cycle 25.454ms
[16.275s][info   ][gc,start    ] GC(1058) Pause Young (Concurrent Start) (G1 Humongous Allocation)
[16.275s][info   ][gc,task     ] GC(1058) Using 4 workers of 4 for evacuation
[16.276s][info   ][gc,phases   ] GC(1058)   Pre Evacuate Collection Set: 0.3ms
[16.276s][info   ][gc,phases   ] GC(1058)   Merge Heap Roots: 0.1ms
[16.276s][info   ][gc,phases   ] GC(1058)   Evacuate Collection Set: 0.2ms
[16.276s][info   ][gc,phases   ] GC(1058)   Post Evacuate Collection Set: 0.6ms
[16.276s][info   ][gc,phases   ] GC(1058)   Other: 0.2ms
[16.276s][info   ][gc,heap     ] GC(1058) Eden regions: 0->0(1191)
[16.276s][info   ][gc,heap     ] GC(1058) Survivor regions: 0->0(154)
[16.276s][info   ][gc,heap     ] GC(1058) Old regions: 1->1
[16.276s][info   ][gc,heap     ] GC(1058) Archive regions: 2->2
[16.276s][info   ][gc,heap     ] GC(1058) Humongous regions: 918->550
[16.276s][info   ][gc,metaspace] GC(1058) Metaspace: 158K(384K)->158K(384K) NonClass: 150K(256K)->150K(256K) Class: 8K(128K)->8K(128K)
[16.276s][info   ][gc          ] GC(1058) Pause Young (Concurrent Start) (G1 Humongous Allocation) 919M->551M(2048M) 1.491ms
[16.276s][info   ][gc,cpu      ] GC(1058) User=0.00s Sys=0.00s Real=0.00s
[16.276s][info   ][gc          ] GC(1059) Concurrent Undo Cycle
[16.276s][info   ][gc,marking  ] GC(1059) Concurrent Cleanup for Next Mark
[16.296s][info   ][gc,marking  ] GC(1059) Concurrent Cleanup for Next Mark 19.656ms
[16.296s][info   ][gc          ] GC(1059) Concurrent Undo Cycle 20.128ms
[16.306s][info   ][gc,start    ] GC(1060) Pause Young (Concurrent Start) (G1 Humongous Allocation)
[16.306s][info   ][gc,task     ] GC(1060) Using 4 workers of 4 for evacuation
[16.307s][info   ][gc,phases   ] GC(1060)   Pre Evacuate Collection Set: 0.3ms
[16.307s][info   ][gc,phases   ] GC(1060)   Merge Heap Roots: 0.2ms
[16.307s][info   ][gc,phases   ] GC(1060)   Evacuate Collection Set: 0.4ms
[16.307s][info   ][gc,phases   ] GC(1060)   Post Evacuate Collection Set: 0.6ms
[16.307s][info   ][gc,phases   ] GC(1060)   Other: 0.2ms
[16.307s][info   ][gc,heap     ] GC(1060) Eden regions: 0->0(1167)
[16.307s][info   ][gc,heap     ] GC(1060) Survivor regions: 0->0(149)
[16.307s][info   ][gc,heap     ] GC(1060) Old regions: 1->1
[16.307s][info   ][gc,heap     ] GC(1060) Archive regions: 2->2
[16.307s][info   ][gc,heap     ] GC(1060) Humongous regions: 918->576
[16.307s][info   ][gc,metaspace] GC(1060) Metaspace: 158K(384K)->158K(384K) NonClass: 150K(256K)->150K(256K) Class: 8K(128K)->8K(128K)
[16.307s][info   ][gc          ] GC(1060) Pause Young (Concurrent Start) (G1 Humongous Allocation) 919M->577M(2048M) 1.753ms
[16.307s][info   ][gc,cpu      ] GC(1060) User=0.00s Sys=0.00s Real=0.00s
[16.307s][info   ][gc          ] GC(1061) Concurrent Undo Cycle
[16.307s][info   ][gc,marking  ] GC(1061) Concurrent Cleanup for Next Mark
[16.318s][info   ][gc,marking  ] GC(1061) Concurrent Cleanup for Next Mark 10.926ms
[16.319s][info   ][gc          ] GC(1061) Concurrent Undo Cycle 11.164ms
[16.334s][info   ][gc,start    ] GC(1062) Pause Young (Concurrent Start) (G1 Humongous Allocation)
[16.334s][info   ][gc,task     ] GC(1062) Using 4 workers of 4 for evacuation
[16.336s][info   ][gc,phases   ] GC(1062)   Pre Evacuate Collection Set: 0.2ms
[16.336s][info   ][gc,phases   ] GC(1062)   Merge Heap Roots: 0.1ms
[16.336s][info   ][gc,phases   ] GC(1062)   Evacuate Collection Set: 0.4ms
[16.336s][info   ][gc,phases   ] GC(1062)   Post Evacuate Collection Set: 0.6ms
[16.336s][info   ][gc,phases   ] GC(1062)   Other: 0.2ms
[16.336s][info   ][gc,heap     ] GC(1062) Eden regions: 0->0(1204)
[16.336s][info   ][gc,heap     ] GC(1062) Survivor regions: 0->0(146)
[16.336s][info   ][gc,heap     ] GC(1062) Old regions: 1->1
[16.336s][info   ][gc,heap     ] GC(1062) Archive regions: 2->2
[16.336s][info   ][gc,heap     ] GC(1062) Humongous regions: 918->536
[16.336s][info   ][gc,metaspace] GC(1062) Metaspace: 158K(384K)->158K(384K) NonClass: 150K(256K)->150K(256K) Class: 8K(128K)->8K(128K)
[16.336s][info   ][gc          ] GC(1062) Pause Young (Concurrent Start) (G1 Humongous Allocation) 919M->537M(2048M) 1.553ms
[16.336s][info   ][gc,cpu      ] GC(1062) User=0.00s Sys=0.00s Real=0.00s
[16.336s][info   ][gc          ] GC(1063) Concurrent Undo Cycle
[16.336s][info   ][gc,marking  ] GC(1063) Concurrent Cleanup for Next Mark
[16.364s][info   ][gc,marking  ] GC(1063) Concurrent Cleanup for Next Mark 27.677ms
[16.364s][info   ][gc          ] GC(1063) Concurrent Undo Cycle 27.885ms
[16.368s][info   ][gc,start    ] GC(1064) Pause Young (Concurrent Start) (G1 Humongous Allocation)
[16.369s][info   ][gc,task     ] GC(1064) Using 4 workers of 4 for evacuation
[16.371s][info   ][gc,phases   ] GC(1064)   Pre Evacuate Collection Set: 0.3ms
[16.371s][info   ][gc,phases   ] GC(1064)   Merge Heap Roots: 0.2ms
[16.371s][info   ][gc,phases   ] GC(1064)   Evacuate Collection Set: 0.3ms
[16.371s][info   ][gc,phases   ] GC(1064)   Post Evacuate Collection Set: 1.7ms
[16.371s][info   ][gc,phases   ] GC(1064)   Other: 0.3ms
[16.371s][info   ][gc,heap     ] GC(1064) Eden regions: 0->0(1219)
[16.371s][info   ][gc,heap     ] GC(1064) Survivor regions: 0->0(151)
[16.371s][info   ][gc,heap     ] GC(1064) Old regions: 1->1
[16.371s][info   ][gc,heap     ] GC(1064) Archive regions: 2->2
[16.371s][info   ][gc,heap     ] GC(1064) Humongous regions: 918->520
[16.371s][info   ][gc,metaspace] GC(1064) Metaspace: 158K(384K)->158K(384K) NonClass: 150K(256K)->150K(256K) Class: 8K(128K)->8K(128K)
[16.371s][info   ][gc          ] GC(1064) Pause Young (Concurrent Start) (G1 Humongous Allocation) 919M->521M(2048M) 2.921ms
[16.371s][info   ][gc,cpu      ] GC(1064) User=0.00s Sys=0.00s Real=0.00s
[16.371s][info   ][gc          ] GC(1065) Concurrent Undo Cycle
[16.372s][info   ][gc,marking  ] GC(1065) Concurrent Cleanup for Next Mark
[16.401s][info   ][gc,marking  ] GC(1065) Concurrent Cleanup for Next Mark 29.220ms
[16.401s][info   ][gc          ] GC(1065) Concurrent Undo Cycle 29.461ms
[16.408s][info   ][gc,start    ] GC(1066) Pause Young (Concurrent Start) (G1 Humongous Allocation)
[16.408s][info   ][gc,task     ] GC(1066) Using 4 workers of 4 for evacuation
[16.410s][info   ][gc,phases   ] GC(1066)   Pre Evacuate Collection Set: 0.3ms
[16.410s][info   ][gc,phases   ] GC(1066)   Merge Heap Roots: 0.2ms
[16.410s][info   ][gc,phases   ] GC(1066)   Evacuate Collection Set: 0.5ms
[16.410s][info   ][gc,phases   ] GC(1066)   Post Evacuate Collection Set: 0.7ms
[16.410s][info   ][gc,phases   ] GC(1066)   Other: 0.3ms
[16.410s][info   ][gc,heap     ] GC(1066) Eden regions: 0->0(1219)
[16.410s][info   ][gc,heap     ] GC(1066) Survivor regions: 0->0(153)
[16.410s][info   ][gc,heap     ] GC(1066) Old regions: 1->1
[16.410s][info   ][gc,heap     ] GC(1066) Archive regions: 2->2
[16.410s][info   ][gc,heap     ] GC(1066) Humongous regions: 918->520
[16.410s][info   ][gc,metaspace] GC(1066) Metaspace: 158K(384K)->158K(384K) NonClass: 150K(256K)->150K(256K) Class: 8K(128K)->8K(128K)
[16.410s][info   ][gc          ] GC(1066) Pause Young (Concurrent Start) (G1 Humongous Allocation) 919M->521M(2048M) 2.052ms
[16.410s][info   ][gc,cpu      ] GC(1066) User=0.00s Sys=0.00s Real=0.01s
[16.410s][info   ][gc          ] GC(1067) Concurrent Undo Cycle
[16.410s][info   ][gc,marking  ] GC(1067) Concurrent Cleanup for Next Mark
[16.441s][info   ][gc,marking  ] GC(1067) Concurrent Cleanup for Next Mark 30.148ms
[16.441s][info   ][gc          ] GC(1067) Concurrent Undo Cycle 30.831ms
[16.446s][info   ][gc,start    ] GC(1068) Pause Young (Concurrent Start) (G1 Humongous Allocation)
[16.446s][info   ][gc,task     ] GC(1068) Using 4 workers of 4 for evacuation
[16.448s][info   ][gc,phases   ] GC(1068)   Pre Evacuate Collection Set: 0.3ms
[16.448s][info   ][gc,phases   ] GC(1068)   Merge Heap Roots: 0.1ms
[16.448s][info   ][gc,phases   ] GC(1068)   Evacuate Collection Set: 0.5ms
[16.448s][info   ][gc,phases   ] GC(1068)   Post Evacuate Collection Set: 0.7ms
[16.448s][info   ][gc,phases   ] GC(1068)   Other: 0.2ms
[16.448s][info   ][gc,heap     ] GC(1068) Eden regions: 0->0(1228)
[16.448s][info   ][gc,heap     ] GC(1068) Survivor regions: 0->0(153)
[16.448s][info   ][gc,heap     ] GC(1068) Old regions: 1->1
[16.448s][info   ][gc,heap     ] GC(1068) Archive regions: 2->2
[16.448s][info   ][gc,heap     ] GC(1068) Humongous regions: 918->468
[16.448s][info   ][gc,metaspace] GC(1068) Metaspace: 158K(384K)->158K(384K) NonClass: 150K(256K)->150K(256K) Class: 8K(128K)->8K(128K)
[16.448s][info   ][gc          ] GC(1068) Pause Young (Concurrent Start) (G1 Humongous Allocation) 919M->469M(2048M) 1.892ms
[16.448s][info   ][gc,cpu      ] GC(1068) User=0.00s Sys=0.01s Real=0.00s
[16.448s][info   ][gc          ] GC(1069) Concurrent Undo Cycle
[16.448s][info   ][gc,marking  ] GC(1069) Concurrent Cleanup for Next Mark
[16.484s][info   ][gc,marking  ] GC(1069) Concurrent Cleanup for Next Mark 36.117ms
[16.485s][info   ][gc          ] GC(1069) Concurrent Undo Cycle 36.425ms
[16.486s][info   ][gc,start    ] GC(1070) Pause Young (Concurrent Start) (G1 Humongous Allocation)
[16.486s][info   ][gc,task     ] GC(1070) Using 4 workers of 4 for evacuation
[16.488s][info   ][gc,phases   ] GC(1070)   Pre Evacuate Collection Set: 0.2ms
[16.488s][info   ][gc,phases   ] GC(1070)   Merge Heap Roots: 0.1ms
[16.488s][info   ][gc,phases   ] GC(1070)   Evacuate Collection Set: 1.1ms
[16.488s][info   ][gc,phases   ] GC(1070)   Post Evacuate Collection Set: 0.7ms
[16.488s][info   ][gc,phases   ] GC(1070)   Other: 0.2ms
[16.488s][info   ][gc,heap     ] GC(1070) Eden regions: 0->0(1228)
[16.488s][info   ][gc,heap     ] GC(1070) Survivor regions: 0->0(154)
[16.488s][info   ][gc,heap     ] GC(1070) Old regions: 1->1
[16.488s][info   ][gc,heap     ] GC(1070) Archive regions: 2->2
[16.488s][info   ][gc,heap     ] GC(1070) Humongous regions: 924->418
[16.488s][info   ][gc,metaspace] GC(1070) Metaspace: 158K(384K)->158K(384K) NonClass: 150K(256K)->150K(256K) Class: 8K(128K)->8K(128K)
[16.488s][info   ][gc          ] GC(1070) Pause Young (Concurrent Start) (G1 Humongous Allocation) 925M->419M(2048M) 2.454ms
[16.488s][info   ][gc,cpu      ] GC(1070) User=0.00s Sys=0.00s Real=0.01s
[16.488s][info   ][gc          ] GC(1071) Concurrent Undo Cycle
[16.488s][info   ][gc,marking  ] GC(1071) Concurrent Cleanup for Next Mark
[16.519s][info   ][gc,marking  ] GC(1071) Concurrent Cleanup for Next Mark 31.190ms
[16.520s][info   ][gc          ] GC(1071) Concurrent Undo Cycle 31.390ms
[16.526s][info   ][gc,start    ] GC(1072) Pause Young (Concurrent Start) (G1 Humongous Allocation)
[16.526s][info   ][gc,task     ] GC(1072) Using 4 workers of 4 for evacuation
[16.528s][info   ][gc,phases   ] GC(1072)   Pre Evacuate Collection Set: 0.2ms
[16.528s][info   ][gc,phases   ] GC(1072)   Merge Heap Roots: 0.1ms
[16.528s][info   ][gc,phases   ] GC(1072)   Evacuate Collection Set: 0.3ms
[16.528s][info   ][gc,phases   ] GC(1072)   Post Evacuate Collection Set: 0.7ms
[16.528s][info   ][gc,phases   ] GC(1072)   Other: 0.2ms
[16.528s][info   ][gc,heap     ] GC(1072) Eden regions: 0->0(1228)
[16.528s][info   ][gc,heap     ] GC(1072) Survivor regions: 0->0(154)
[16.528s][info   ][gc,heap     ] GC(1072) Old regions: 1->1
[16.528s][info   ][gc,heap     ] GC(1072) Archive regions: 2->2
[16.528s][info   ][gc,heap     ] GC(1072) Humongous regions: 918->352
[16.528s][info   ][gc,metaspace] GC(1072) Metaspace: 158K(384K)->158K(384K) NonClass: 150K(256K)->150K(256K) Class: 8K(128K)->8K(128K)
[16.528s][info   ][gc          ] GC(1072) Pause Young (Concurrent Start) (G1 Humongous Allocation) 919M->353M(2048M) 1.676ms
[16.528s][info   ][gc,cpu      ] GC(1072) User=0.00s Sys=0.00s Real=0.00s
[16.528s][info   ][gc          ] GC(1073) Concurrent Undo Cycle
[16.528s][info   ][gc,marking  ] GC(1073) Concurrent Cleanup for Next Mark
[16.551s][info   ][gc,marking  ] GC(1073) Concurrent Cleanup for Next Mark 23.385ms
[16.551s][info   ][gc          ] GC(1073) Concurrent Undo Cycle 23.644ms
[16.576s][info   ][gc,start    ] GC(1074) Pause Young (Concurrent Start) (G1 Humongous Allocation)
[16.576s][info   ][gc,task     ] GC(1074) Using 4 workers of 4 for evacuation
[16.579s][info   ][gc,phases   ] GC(1074)   Pre Evacuate Collection Set: 0.2ms
[16.579s][info   ][gc,phases   ] GC(1074)   Merge Heap Roots: 0.1ms
[16.579s][info   ][gc,phases   ] GC(1074)   Evacuate Collection Set: 0.5ms
[16.579s][info   ][gc,phases   ] GC(1074)   Post Evacuate Collection Set: 1.2ms
[16.579s][info   ][gc,phases   ] GC(1074)   Other: 0.2ms
[16.579s][info   ][gc,heap     ] GC(1074) Eden regions: 0->0(1228)
[16.579s][info   ][gc,heap     ] GC(1074) Survivor regions: 0->0(154)
[16.579s][info   ][gc,heap     ] GC(1074) Old regions: 1->1
[16.579s][info   ][gc,heap     ] GC(1074) Archive regions: 2->2
[16.579s][info   ][gc,heap     ] GC(1074) Humongous regions: 920->316
[16.579s][info   ][gc,metaspace] GC(1074) Metaspace: 158K(384K)->158K(384K) NonClass: 150K(256K)->150K(256K) Class: 8K(128K)->8K(128K)
[16.579s][info   ][gc          ] GC(1074) Pause Young (Concurrent Start) (G1 Humongous Allocation) 921M->317M(2048M) 2.388ms
[16.579s][info   ][gc,cpu      ] GC(1074) User=0.00s Sys=0.00s Real=0.01s
[16.579s][info   ][gc          ] GC(1075) Concurrent Undo Cycle
[16.579s][info   ][gc,marking  ] GC(1075) Concurrent Cleanup for Next Mark
[16.601s][info   ][gc,marking  ] GC(1075) Concurrent Cleanup for Next Mark 21.788ms
[16.601s][info   ][gc          ] GC(1075) Concurrent Undo Cycle 22.123ms
[16.631s][info   ][gc,start    ] GC(1076) Pause Young (Concurrent Start) (G1 Humongous Allocation)
[16.631s][info   ][gc,task     ] GC(1076) Using 4 workers of 4 for evacuation
[16.633s][info   ][gc,phases   ] GC(1076)   Pre Evacuate Collection Set: 0.2ms
[16.633s][info   ][gc,phases   ] GC(1076)   Merge Heap Roots: 0.1ms
[16.633s][info   ][gc,phases   ] GC(1076)   Evacuate Collection Set: 0.4ms
[16.633s][info   ][gc,phases   ] GC(1076)   Post Evacuate Collection Set: 0.7ms
[16.633s][info   ][gc,phases   ] GC(1076)   Other: 0.3ms
[16.633s][info   ][gc,heap     ] GC(1076) Eden regions: 0->0(1228)
[16.633s][info   ][gc,heap     ] GC(1076) Survivor regions: 0->0(154)
[16.633s][info   ][gc,heap     ] GC(1076) Old regions: 1->1
[16.633s][info   ][gc,heap     ] GC(1076) Archive regions: 2->2
[16.633s][info   ][gc,heap     ] GC(1076) Humongous regions: 918->320
[16.633s][info   ][gc,metaspace] GC(1076) Metaspace: 158K(384K)->158K(384K) NonClass: 150K(256K)->150K(256K) Class: 8K(128K)->8K(128K)
[16.633s][info   ][gc          ] GC(1076) Pause Young (Concurrent Start) (G1 Humongous Allocation) 919M->321M(2048M) 1.737ms
[16.633s][info   ][gc,cpu      ] GC(1076) User=0.00s Sys=0.00s Real=0.00s
[16.633s][info   ][gc          ] GC(1077) Concurrent Undo Cycle
[16.633s][info   ][gc,marking  ] GC(1077) Concurrent Cleanup for Next Mark
[16.655s][info   ][gc,marking  ] GC(1077) Concurrent Cleanup for Next Mark 22.083ms
[16.655s][info   ][gc          ] GC(1077) Concurrent Undo Cycle 22.328ms
[16.683s][info   ][gc,start    ] GC(1078) Pause Young (Concurrent Start) (G1 Humongous Allocation)
[16.683s][info   ][gc,task     ] GC(1078) Using 4 workers of 4 for evacuation
[16.685s][info   ][gc,phases   ] GC(1078)   Pre Evacuate Collection Set: 0.3ms
[16.685s][info   ][gc,phases   ] GC(1078)   Merge Heap Roots: 0.1ms
[16.685s][info   ][gc,phases   ] GC(1078)   Evacuate Collection Set: 0.4ms
[16.685s][info   ][gc,phases   ] GC(1078)   Post Evacuate Collection Set: 1.0ms
[16.685s][info   ][gc,phases   ] GC(1078)   Other: 0.3ms
[16.685s][info   ][gc,heap     ] GC(1078) Eden regions: 0->0(1228)
[16.685s][info   ][gc,heap     ] GC(1078) Survivor regions: 0->0(154)
[16.685s][info   ][gc,heap     ] GC(1078) Old regions: 1->1
[16.685s][info   ][gc,heap     ] GC(1078) Archive regions: 2->2
[16.685s][info   ][gc,heap     ] GC(1078) Humongous regions: 918->256
[16.685s][info   ][gc,metaspace] GC(1078) Metaspace: 158K(384K)->158K(384K) NonClass: 150K(256K)->150K(256K) Class: 8K(128K)->8K(128K)
[16.685s][info   ][gc          ] GC(1078) Pause Young (Concurrent Start) (G1 Humongous Allocation) 919M->257M(2048M) 2.171ms
[16.685s][info   ][gc,cpu      ] GC(1078) User=0.00s Sys=0.00s Real=0.00s
[16.685s][info   ][gc          ] GC(1079) Concurrent Undo Cycle
[16.685s][info   ][gc,marking  ] GC(1079) Concurrent Cleanup for Next Mark
[16.702s][info   ][gc,marking  ] GC(1079) Concurrent Cleanup for Next Mark 16.817ms
[16.702s][info   ][gc          ] GC(1079) Concurrent Undo Cycle 17.040ms
[16.738s][info   ][gc,start    ] GC(1080) Pause Young (Concurrent Start) (G1 Humongous Allocation)
[16.738s][info   ][gc,task     ] GC(1080) Using 4 workers of 4 for evacuation
[16.741s][info   ][gc,phases   ] GC(1080)   Pre Evacuate Collection Set: 0.3ms
[16.741s][info   ][gc,phases   ] GC(1080)   Merge Heap Roots: 0.2ms
[16.741s][info   ][gc,phases   ] GC(1080)   Evacuate Collection Set: 0.4ms
[16.741s][info   ][gc,phases   ] GC(1080)   Post Evacuate Collection Set: 1.2ms
[16.741s][info   ][gc,phases   ] GC(1080)   Other: 0.3ms
[16.741s][info   ][gc,heap     ] GC(1080) Eden regions: 0->0(1228)
[16.741s][info   ][gc,heap     ] GC(1080) Survivor regions: 0->0(154)
[16.741s][info   ][gc,heap     ] GC(1080) Old regions: 1->1
[16.741s][info   ][gc,heap     ] GC(1080) Archive regions: 2->2
[16.741s][info   ][gc,heap     ] GC(1080) Humongous regions: 918->220
[16.741s][info   ][gc,metaspace] GC(1080) Metaspace: 158K(384K)->158K(384K) NonClass: 150K(256K)->150K(256K) Class: 8K(128K)->8K(128K)
[16.741s][info   ][gc          ] GC(1080) Pause Young (Concurrent Start) (G1 Humongous Allocation) 919M->221M(2048M) 2.518ms
[16.741s][info   ][gc,cpu      ] GC(1080) User=0.01s Sys=0.00s Real=0.00s
[16.741s][info   ][gc          ] GC(1081) Concurrent Undo Cycle
[16.741s][info   ][gc,marking  ] GC(1081) Concurrent Cleanup for Next Mark
[16.792s][info   ][gc,marking  ] GC(1081) Concurrent Cleanup for Next Mark 50.537ms
[16.792s][info   ][gc          ] GC(1081) Concurrent Undo Cycle 50.896ms
[16.797s][info   ][gc,start    ] GC(1082) Pause Young (Concurrent Start) (G1 Humongous Allocation)
[16.797s][info   ][gc,task     ] GC(1082) Using 4 workers of 4 for evacuation
[16.799s][info   ][gc,phases   ] GC(1082)   Pre Evacuate Collection Set: 0.2ms
[16.799s][info   ][gc,phases   ] GC(1082)   Merge Heap Roots: 0.1ms
[16.799s][info   ][gc,phases   ] GC(1082)   Evacuate Collection Set: 0.3ms
[16.799s][info   ][gc,phases   ] GC(1082)   Post Evacuate Collection Set: 0.9ms
[16.799s][info   ][gc,phases   ] GC(1082)   Other: 0.3ms
[16.799s][info   ][gc,heap     ] GC(1082) Eden regions: 0->0(1228)
[16.799s][info   ][gc,heap     ] GC(1082) Survivor regions: 0->0(154)
[16.799s][info   ][gc,heap     ] GC(1082) Old regions: 1->1
[16.799s][info   ][gc,heap     ] GC(1082) Archive regions: 2->2
[16.799s][info   ][gc,heap     ] GC(1082) Humongous regions: 918->310
[16.799s][info   ][gc,metaspace] GC(1082) Metaspace: 158K(384K)->158K(384K) NonClass: 150K(256K)->150K(256K) Class: 8K(128K)->8K(128K)
[16.799s][info   ][gc          ] GC(1082) Pause Young (Concurrent Start) (G1 Humongous Allocation) 919M->311M(2048M) 1.978ms
[16.799s][info   ][gc,cpu      ] GC(1082) User=0.00s Sys=0.00s Real=0.01s
[16.799s][info   ][gc          ] GC(1083) Concurrent Undo Cycle
[16.799s][info   ][gc,marking  ] GC(1083) Concurrent Cleanup for Next Mark
[16.825s][info   ][gc,marking  ] GC(1083) Concurrent Cleanup for Next Mark 25.747ms
[16.825s][info   ][gc          ] GC(1083) Concurrent Undo Cycle 25.888ms
[16.849s][info   ][gc,start    ] GC(1084) Pause Young (Concurrent Start) (G1 Humongous Allocation)
[16.849s][info   ][gc,task     ] GC(1084) Using 4 workers of 4 for evacuation
[16.851s][info   ][gc,phases   ] GC(1084)   Pre Evacuate Collection Set: 0.2ms
[16.851s][info   ][gc,phases   ] GC(1084)   Merge Heap Roots: 0.3ms
[16.851s][info   ][gc,phases   ] GC(1084)   Evacuate Collection Set: 0.5ms
[16.851s][info   ][gc,phases   ] GC(1084)   Post Evacuate Collection Set: 0.8ms
[16.851s][info   ][gc,phases   ] GC(1084)   Other: 0.3ms
[16.851s][info   ][gc,heap     ] GC(1084) Eden regions: 0->0(1228)
[16.851s][info   ][gc,heap     ] GC(1084) Survivor regions: 0->0(154)
[16.851s][info   ][gc,heap     ] GC(1084) Old regions: 1->1
[16.851s][info   ][gc,heap     ] GC(1084) Archive regions: 2->2
[16.851s][info   ][gc,heap     ] GC(1084) Humongous regions: 918->336
[16.851s][info   ][gc,metaspace] GC(1084) Metaspace: 158K(384K)->158K(384K) NonClass: 150K(256K)->150K(256K) Class: 8K(128K)->8K(128K)
[16.851s][info   ][gc          ] GC(1084) Pause Young (Concurrent Start) (G1 Humongous Allocation) 919M->337M(2048M) 2.132ms
[16.851s][info   ][gc,cpu      ] GC(1084) User=0.00s Sys=0.00s Real=0.00s
[16.851s][info   ][gc          ] GC(1085) Concurrent Undo Cycle
[16.851s][info   ][gc,marking  ] GC(1085) Concurrent Cleanup for Next Mark
[16.867s][info   ][gc,marking  ] GC(1085) Concurrent Cleanup for Next Mark 16.194ms
[16.867s][info   ][gc          ] GC(1085) Concurrent Undo Cycle 16.510ms
[16.899s][info   ][gc,start    ] GC(1086) Pause Young (Concurrent Start) (G1 Humongous Allocation)
[16.899s][info   ][gc,task     ] GC(1086) Using 4 workers of 4 for evacuation
[16.901s][info   ][gc,phases   ] GC(1086)   Pre Evacuate Collection Set: 0.2ms
[16.901s][info   ][gc,phases   ] GC(1086)   Merge Heap Roots: 0.1ms
[16.901s][info   ][gc,phases   ] GC(1086)   Evacuate Collection Set: 0.3ms
[16.901s][info   ][gc,phases   ] GC(1086)   Post Evacuate Collection Set: 0.7ms
[16.901s][info   ][gc,phases   ] GC(1086)   Other: 0.2ms
[16.901s][info   ][gc,heap     ] GC(1086) Eden regions: 0->0(1228)
[16.901s][info   ][gc,heap     ] GC(1086) Survivor regions: 0->0(154)
[16.901s][info   ][gc,heap     ] GC(1086) Old regions: 1->1
[16.901s][info   ][gc,heap     ] GC(1086) Archive regions: 2->2
[16.901s][info   ][gc,heap     ] GC(1086) Humongous regions: 918->350
[16.901s][info   ][gc,metaspace] GC(1086) Metaspace: 158K(384K)->158K(384K) NonClass: 150K(256K)->150K(256K) Class: 8K(128K)->8K(128K)
[16.901s][info   ][gc          ] GC(1086) Pause Young (Concurrent Start) (G1 Humongous Allocation) 919M->351M(2048M) 1.593ms
[16.901s][info   ][gc,cpu      ] GC(1086) User=0.00s Sys=0.00s Real=0.00s
[16.901s][info   ][gc          ] GC(1087) Concurrent Undo Cycle
[16.901s][info   ][gc,marking  ] GC(1087) Concurrent Cleanup for Next Mark
[16.929s][info   ][gc,marking  ] GC(1087) Concurrent Cleanup for Next Mark 27.679ms
[16.929s][info   ][gc          ] GC(1087) Concurrent Undo Cycle 28.180ms
[16.951s][info   ][gc,start    ] GC(1088) Pause Young (Concurrent Start) (G1 Humongous Allocation)
[16.952s][info   ][gc,task     ] GC(1088) Using 4 workers of 4 for evacuation
[16.954s][info   ][gc,phases   ] GC(1088)   Pre Evacuate Collection Set: 0.2ms
[16.954s][info   ][gc,phases   ] GC(1088)   Merge Heap Roots: 0.2ms
[16.954s][info   ][gc,phases   ] GC(1088)   Evacuate Collection Set: 0.6ms
[16.954s][info   ][gc,phases   ] GC(1088)   Post Evacuate Collection Set: 1.4ms
[16.954s][info   ][gc,phases   ] GC(1088)   Other: 0.4ms
[16.954s][info   ][gc,heap     ] GC(1088) Eden regions: 0->0(1228)
[16.954s][info   ][gc,heap     ] GC(1088) Survivor regions: 0->0(154)
[16.954s][info   ][gc,heap     ] GC(1088) Old regions: 1->1
[16.954s][info   ][gc,heap     ] GC(1088) Archive regions: 2->2
[16.954s][info   ][gc,heap     ] GC(1088) Humongous regions: 918->328
[16.954s][info   ][gc,metaspace] GC(1088) Metaspace: 158K(384K)->158K(384K) NonClass: 150K(256K)->150K(256K) Class: 8K(128K)->8K(128K)
[16.954s][info   ][gc          ] GC(1088) Pause Young (Concurrent Start) (G1 Humongous Allocation) 919M->329M(2048M) 3.006ms
[16.954s][info   ][gc,cpu      ] GC(1088) User=0.00s Sys=0.01s Real=0.00s
[16.955s][info   ][gc          ] GC(1089) Concurrent Undo Cycle
[16.955s][info   ][gc,marking  ] GC(1089) Concurrent Cleanup for Next Mark
[16.999s][info   ][gc,marking  ] GC(1089) Concurrent Cleanup for Next Mark 44.099ms
[16.999s][info   ][gc          ] GC(1089) Concurrent Undo Cycle 44.423ms
[17.007s][info   ][gc,start    ] GC(1090) Pause Young (Concurrent Start) (G1 Humongous Allocation)
[17.007s][info   ][gc,task     ] GC(1090) Using 4 workers of 4 for evacuation
[17.009s][info   ][gc,phases   ] GC(1090)   Pre Evacuate Collection Set: 0.2ms
[17.009s][info   ][gc,phases   ] GC(1090)   Merge Heap Roots: 0.2ms
[17.009s][info   ][gc,phases   ] GC(1090)   Evacuate Collection Set: 0.4ms
[17.009s][info   ][gc,phases   ] GC(1090)   Post Evacuate Collection Set: 0.8ms
[17.009s][info   ][gc,phases   ] GC(1090)   Other: 0.3ms
[17.009s][info   ][gc,heap     ] GC(1090) Eden regions: 0->0(1228)
[17.009s][info   ][gc,heap     ] GC(1090) Survivor regions: 0->0(154)
[17.009s][info   ][gc,heap     ] GC(1090) Old regions: 1->1
[17.009s][info   ][gc,heap     ] GC(1090) Archive regions: 2->2
[17.009s][info   ][gc,heap     ] GC(1090) Humongous regions: 918->360
[17.009s][info   ][gc,metaspace] GC(1090) Metaspace: 158K(384K)->158K(384K) NonClass: 150K(256K)->150K(256K) Class: 8K(128K)->8K(128K)
[17.009s][info   ][gc          ] GC(1090) Pause Young (Concurrent Start) (G1 Humongous Allocation) 919M->361M(2048M) 2.014ms
[17.009s][info   ][gc,cpu      ] GC(1090) User=0.00s Sys=0.00s Real=0.01s
[17.009s][info   ][gc          ] GC(1091) Concurrent Undo Cycle
[17.010s][info   ][gc,marking  ] GC(1091) Concurrent Cleanup for Next Mark
[17.032s][info   ][gc,marking  ] GC(1091) Concurrent Cleanup for Next Mark 22.157ms
[17.032s][info   ][gc          ] GC(1091) Concurrent Undo Cycle 22.579ms
[17.057s][info   ][gc,start    ] GC(1092) Pause Young (Concurrent Start) (G1 Humongous Allocation)
[17.057s][info   ][gc,task     ] GC(1092) Using 4 workers of 4 for evacuation
[17.058s][info   ][gc,phases   ] GC(1092)   Pre Evacuate Collection Set: 0.2ms
[17.058s][info   ][gc,phases   ] GC(1092)   Merge Heap Roots: 0.1ms
[17.058s][info   ][gc,phases   ] GC(1092)   Evacuate Collection Set: 0.3ms
[17.058s][info   ][gc,phases   ] GC(1092)   Post Evacuate Collection Set: 0.8ms
[17.058s][info   ][gc,phases   ] GC(1092)   Other: 0.3ms
[17.058s][info   ][gc,heap     ] GC(1092) Eden regions: 0->0(1228)
[17.058s][info   ][gc,heap     ] GC(1092) Survivor regions: 0->0(154)
[17.058s][info   ][gc,heap     ] GC(1092) Old regions: 1->1
[17.058s][info   ][gc,heap     ] GC(1092) Archive regions: 2->2
[17.058s][info   ][gc,heap     ] GC(1092) Humongous regions: 918->346
[17.058s][info   ][gc,metaspace] GC(1092) Metaspace: 158K(384K)->158K(384K) NonClass: 150K(256K)->150K(256K) Class: 8K(128K)->8K(128K)
[17.058s][info   ][gc          ] GC(1092) Pause Young (Concurrent Start) (G1 Humongous Allocation) 919M->347M(2048M) 1.817ms
[17.058s][info   ][gc,cpu      ] GC(1092) User=0.00s Sys=0.00s Real=0.01s
[17.058s][info   ][gc          ] GC(1093) Concurrent Undo Cycle
[17.058s][info   ][gc,marking  ] GC(1093) Concurrent Cleanup for Next Mark
[17.080s][info   ][gc,marking  ] GC(1093) Concurrent Cleanup for Next Mark 21.730ms
[17.081s][info   ][gc          ] GC(1093) Concurrent Undo Cycle 22.102ms
[17.113s][info   ][gc,start    ] GC(1094) Pause Young (Concurrent Start) (G1 Humongous Allocation)
[17.113s][info   ][gc,task     ] GC(1094) Using 4 workers of 4 for evacuation
[17.114s][info   ][gc,phases   ] GC(1094)   Pre Evacuate Collection Set: 0.2ms
[17.114s][info   ][gc,phases   ] GC(1094)   Merge Heap Roots: 0.1ms
[17.114s][info   ][gc,phases   ] GC(1094)   Evacuate Collection Set: 0.3ms
[17.114s][info   ][gc,phases   ] GC(1094)   Post Evacuate Collection Set: 0.8ms
[17.114s][info   ][gc,phases   ] GC(1094)   Other: 0.3ms
[17.114s][info   ][gc,heap     ] GC(1094) Eden regions: 0->0(1228)
[17.114s][info   ][gc,heap     ] GC(1094) Survivor regions: 0->0(154)
[17.114s][info   ][gc,heap     ] GC(1094) Old regions: 1->1
[17.114s][info   ][gc,heap     ] GC(1094) Archive regions: 2->2
[17.114s][info   ][gc,heap     ] GC(1094) Humongous regions: 918->298
[17.114s][info   ][gc,metaspace] GC(1094) Metaspace: 158K(384K)->158K(384K) NonClass: 150K(256K)->150K(256K) Class: 8K(128K)->8K(128K)
[17.114s][info   ][gc          ] GC(1094) Pause Young (Concurrent Start) (G1 Humongous Allocation) 919M->299M(2048M) 1.724ms
[17.114s][info   ][gc,cpu      ] GC(1094) User=0.00s Sys=0.00s Real=0.00s
[17.114s][info   ][gc          ] GC(1095) Concurrent Undo Cycle
[17.114s][info   ][gc,marking  ] GC(1095) Concurrent Cleanup for Next Mark
[17.132s][info   ][gc,marking  ] GC(1095) Concurrent Cleanup for Next Mark 17.229ms
[17.132s][info   ][gc          ] GC(1095) Concurrent Undo Cycle 17.442ms
[17.172s][info   ][gc,start    ] GC(1096) Pause Young (Concurrent Start) (G1 Humongous Allocation)
[17.172s][info   ][gc,task     ] GC(1096) Using 4 workers of 4 for evacuation
[17.174s][info   ][gc,phases   ] GC(1096)   Pre Evacuate Collection Set: 0.3ms
[17.174s][info   ][gc,phases   ] GC(1096)   Merge Heap Roots: 0.1ms
[17.174s][info   ][gc,phases   ] GC(1096)   Evacuate Collection Set: 0.7ms
[17.174s][info   ][gc,phases   ] GC(1096)   Post Evacuate Collection Set: 0.8ms
[17.174s][info   ][gc,phases   ] GC(1096)   Other: 0.5ms
[17.174s][info   ][gc,heap     ] GC(1096) Eden regions: 0->0(1228)
[17.174s][info   ][gc,heap     ] GC(1096) Survivor regions: 0->0(154)
[17.174s][info   ][gc,heap     ] GC(1096) Old regions: 1->1
[17.174s][info   ][gc,heap     ] GC(1096) Archive regions: 2->2
[17.174s][info   ][gc,heap     ] GC(1096) Humongous regions: 918->324
[17.174s][info   ][gc,metaspace] GC(1096) Metaspace: 158K(384K)->158K(384K) NonClass: 150K(256K)->150K(256K) Class: 8K(128K)->8K(128K)
[17.174s][info   ][gc          ] GC(1096) Pause Young (Concurrent Start) (G1 Humongous Allocation) 919M->325M(2048M) 2.422ms
[17.174s][info   ][gc,cpu      ] GC(1096) User=0.00s Sys=0.00s Real=0.00s
[17.175s][info   ][gc          ] GC(1097) Concurrent Undo Cycle
[17.175s][info   ][gc,marking  ] GC(1097) Concurrent Cleanup for Next Mark
[17.208s][info   ][gc,marking  ] GC(1097) Concurrent Cleanup for Next Mark 33.719ms
[17.208s][info   ][gc          ] GC(1097) Concurrent Undo Cycle 33.951ms
[17.230s][info   ][gc,start    ] GC(1098) Pause Young (Concurrent Start) (G1 Humongous Allocation)
[17.230s][info   ][gc,task     ] GC(1098) Using 4 workers of 4 for evacuation
[17.232s][info   ][gc,phases   ] GC(1098)   Pre Evacuate Collection Set: 0.2ms
[17.232s][info   ][gc,phases   ] GC(1098)   Merge Heap Roots: 0.1ms
[17.232s][info   ][gc,phases   ] GC(1098)   Evacuate Collection Set: 0.6ms
[17.232s][info   ][gc,phases   ] GC(1098)   Post Evacuate Collection Set: 1.0ms
[17.232s][info   ][gc,phases   ] GC(1098)   Other: 0.3ms
[17.232s][info   ][gc,heap     ] GC(1098) Eden regions: 0->0(1228)
[17.232s][info   ][gc,heap     ] GC(1098) Survivor regions: 0->0(154)
[17.232s][info   ][gc,heap     ] GC(1098) Old regions: 1->1
[17.232s][info   ][gc,heap     ] GC(1098) Archive regions: 2->2
[17.232s][info   ][gc,heap     ] GC(1098) Humongous regions: 918->316
[17.232s][info   ][gc,metaspace] GC(1098) Metaspace: 158K(384K)->158K(384K) NonClass: 150K(256K)->150K(256K) Class: 8K(128K)->8K(128K)
[17.232s][info   ][gc          ] GC(1098) Pause Young (Concurrent Start) (G1 Humongous Allocation) 919M->317M(2048M) 2.407ms
[17.232s][info   ][gc,cpu      ] GC(1098) User=0.01s Sys=0.00s Real=0.00s
[17.232s][info   ][gc          ] GC(1099) Concurrent Undo Cycle
[17.232s][info   ][gc,marking  ] GC(1099) Concurrent Cleanup for Next Mark
[17.270s][info   ][gc,marking  ] GC(1099) Concurrent Cleanup for Next Mark 37.600ms
[17.270s][info   ][gc          ] GC(1099) Concurrent Undo Cycle 37.993ms
[17.284s][info   ][gc,start    ] GC(1100) Pause Young (Concurrent Start) (G1 Humongous Allocation)
[17.284s][info   ][gc,task     ] GC(1100) Using 4 workers of 4 for evacuation
[17.286s][info   ][gc,phases   ] GC(1100)   Pre Evacuate Collection Set: 0.2ms
[17.286s][info   ][gc,phases   ] GC(1100)   Merge Heap Roots: 0.1ms
[17.286s][info   ][gc,phases   ] GC(1100)   Evacuate Collection Set: 0.3ms
[17.286s][info   ][gc,phases   ] GC(1100)   Post Evacuate Collection Set: 0.9ms
[17.286s][info   ][gc,phases   ] GC(1100)   Other: 0.3ms
[17.286s][info   ][gc,heap     ] GC(1100) Eden regions: 0->0(1228)
[17.286s][info   ][gc,heap     ] GC(1100) Survivor regions: 0->0(154)
[17.286s][info   ][gc,heap     ] GC(1100) Old regions: 1->1
[17.286s][info   ][gc,heap     ] GC(1100) Archive regions: 2->2
[17.286s][info   ][gc,heap     ] GC(1100) Humongous regions: 918->336
[17.286s][info   ][gc,metaspace] GC(1100) Metaspace: 158K(384K)->158K(384K) NonClass: 150K(256K)->150K(256K) Class: 8K(128K)->8K(128K)
[17.286s][info   ][gc          ] GC(1100) Pause Young (Concurrent Start) (G1 Humongous Allocation) 919M->337M(2048M) 1.845ms
[17.286s][info   ][gc,cpu      ] GC(1100) User=0.00s Sys=0.01s Real=0.00s
[17.286s][info   ][gc          ] GC(1101) Concurrent Undo Cycle
[17.286s][info   ][gc,marking  ] GC(1101) Concurrent Cleanup for Next Mark
[17.297s][info   ][gc,marking  ] GC(1101) Concurrent Cleanup for Next Mark 10.674ms
[17.297s][info   ][gc          ] GC(1101) Concurrent Undo Cycle 10.895ms
[17.333s][info   ][gc,start    ] GC(1102) Pause Young (Concurrent Start) (G1 Humongous Allocation)
[17.333s][info   ][gc,task     ] GC(1102) Using 4 workers of 4 for evacuation
[17.335s][info   ][gc,phases   ] GC(1102)   Pre Evacuate Collection Set: 0.2ms
[17.335s][info   ][gc,phases   ] GC(1102)   Merge Heap Roots: 0.1ms
[17.335s][info   ][gc,phases   ] GC(1102)   Evacuate Collection Set: 0.3ms
[17.335s][info   ][gc,phases   ] GC(1102)   Post Evacuate Collection Set: 0.7ms
[17.335s][info   ][gc,phases   ] GC(1102)   Other: 0.2ms
[17.335s][info   ][gc,heap     ] GC(1102) Eden regions: 0->0(1228)
[17.335s][info   ][gc,heap     ] GC(1102) Survivor regions: 0->0(154)
[17.335s][info   ][gc,heap     ] GC(1102) Old regions: 1->1
[17.335s][info   ][gc,heap     ] GC(1102) Archive regions: 2->2
[17.335s][info   ][gc,heap     ] GC(1102) Humongous regions: 918->322
[17.335s][info   ][gc,metaspace] GC(1102) Metaspace: 158K(384K)->158K(384K) NonClass: 150K(256K)->150K(256K) Class: 8K(128K)->8K(128K)
[17.335s][info   ][gc          ] GC(1102) Pause Young (Concurrent Start) (G1 Humongous Allocation) 919M->323M(2048M) 1.615ms
[17.335s][info   ][gc,cpu      ] GC(1102) User=0.00s Sys=0.00s Real=0.00s
[17.335s][info   ][gc          ] GC(1103) Concurrent Undo Cycle
[17.335s][info   ][gc,marking  ] GC(1103) Concurrent Cleanup for Next Mark
[17.362s][info   ][gc,marking  ] GC(1103) Concurrent Cleanup for Next Mark 26.779ms
[17.362s][info   ][gc          ] GC(1103) Concurrent Undo Cycle 27.058ms
[17.386s][info   ][gc,start    ] GC(1104) Pause Young (Concurrent Start) (G1 Humongous Allocation)
[17.386s][info   ][gc,task     ] GC(1104) Using 4 workers of 4 for evacuation
[17.389s][info   ][gc,phases   ] GC(1104)   Pre Evacuate Collection Set: 0.7ms
[17.389s][info   ][gc,phases   ] GC(1104)   Merge Heap Roots: 0.2ms
[17.389s][info   ][gc,phases   ] GC(1104)   Evacuate Collection Set: 0.4ms
[17.389s][info   ][gc,phases   ] GC(1104)   Post Evacuate Collection Set: 0.9ms
[17.389s][info   ][gc,phases   ] GC(1104)   Other: 0.4ms
[17.389s][info   ][gc,heap     ] GC(1104) Eden regions: 0->0(1228)
[17.389s][info   ][gc,heap     ] GC(1104) Survivor regions: 0->0(154)
[17.389s][info   ][gc,heap     ] GC(1104) Old regions: 1->1
[17.389s][info   ][gc,heap     ] GC(1104) Archive regions: 2->2
[17.389s][info   ][gc,heap     ] GC(1104) Humongous regions: 920->450
[17.389s][info   ][gc,metaspace] GC(1104) Metaspace: 158K(384K)->158K(384K) NonClass: 150K(256K)->150K(256K) Class: 8K(128K)->8K(128K)
[17.389s][info   ][gc          ] GC(1104) Pause Young (Concurrent Start) (G1 Humongous Allocation) 921M->451M(2048M) 2.714ms
[17.389s][info   ][gc,cpu      ] GC(1104) User=0.00s Sys=0.00s Real=0.01s
[17.389s][info   ][gc          ] GC(1105) Concurrent Undo Cycle
[17.389s][info   ][gc,marking  ] GC(1105) Concurrent Cleanup for Next Mark
[17.398s][info   ][gc,marking  ] GC(1105) Concurrent Cleanup for Next Mark 8.829ms
[17.398s][info   ][gc          ] GC(1105) Concurrent Undo Cycle 9.077ms
[17.430s][info   ][gc,start    ] GC(1106) Pause Young (Concurrent Start) (G1 Humongous Allocation)
[17.430s][info   ][gc,task     ] GC(1106) Using 4 workers of 4 for evacuation
[17.432s][info   ][gc,phases   ] GC(1106)   Pre Evacuate Collection Set: 0.2ms
[17.432s][info   ][gc,phases   ] GC(1106)   Merge Heap Roots: 0.1ms
[17.432s][info   ][gc,phases   ] GC(1106)   Evacuate Collection Set: 0.2ms
[17.432s][info   ][gc,phases   ] GC(1106)   Post Evacuate Collection Set: 0.6ms
[17.432s][info   ][gc,phases   ] GC(1106)   Other: 0.2ms
[17.432s][info   ][gc,heap     ] GC(1106) Eden regions: 0->0(1228)
[17.432s][info   ][gc,heap     ] GC(1106) Survivor regions: 0->0(154)
[17.432s][info   ][gc,heap     ] GC(1106) Old regions: 1->1
[17.432s][info   ][gc,heap     ] GC(1106) Archive regions: 2->2
[17.432s][info   ][gc,heap     ] GC(1106) Humongous regions: 920->434
[17.432s][info   ][gc,metaspace] GC(1106) Metaspace: 158K(384K)->158K(384K) NonClass: 150K(256K)->150K(256K) Class: 8K(128K)->8K(128K)
[17.432s][info   ][gc          ] GC(1106) Pause Young (Concurrent Start) (G1 Humongous Allocation) 921M->435M(2048M) 1.431ms
[17.432s][info   ][gc,cpu      ] GC(1106) User=0.00s Sys=0.00s Real=0.00s
[17.432s][info   ][gc          ] GC(1107) Concurrent Undo Cycle
[17.432s][info   ][gc,marking  ] GC(1107) Concurrent Cleanup for Next Mark
[17.440s][info   ][gc,marking  ] GC(1107) Concurrent Cleanup for Next Mark 7.850ms
[17.440s][info   ][gc          ] GC(1107) Concurrent Undo Cycle 8.023ms
[17.468s][info   ][gc,start    ] GC(1108) Pause Young (Concurrent Start) (G1 Humongous Allocation)
[17.468s][info   ][gc,task     ] GC(1108) Using 4 workers of 4 for evacuation
[17.470s][info   ][gc,phases   ] GC(1108)   Pre Evacuate Collection Set: 0.2ms
[17.470s][info   ][gc,phases   ] GC(1108)   Merge Heap Roots: 0.1ms
[17.470s][info   ][gc,phases   ] GC(1108)   Evacuate Collection Set: 0.3ms
[17.470s][info   ][gc,phases   ] GC(1108)   Post Evacuate Collection Set: 0.6ms
[17.470s][info   ][gc,phases   ] GC(1108)   Other: 0.3ms
[17.470s][info   ][gc,heap     ] GC(1108) Eden regions: 0->0(1178)
[17.470s][info   ][gc,heap     ] GC(1108) Survivor regions: 0->0(154)
[17.470s][info   ][gc,heap     ] GC(1108) Old regions: 1->1
[17.470s][info   ][gc,heap     ] GC(1108) Archive regions: 2->2
[17.470s][info   ][gc,heap     ] GC(1108) Humongous regions: 918->564
[17.470s][info   ][gc,metaspace] GC(1108) Metaspace: 158K(384K)->158K(384K) NonClass: 150K(256K)->150K(256K) Class: 8K(128K)->8K(128K)
[17.470s][info   ][gc          ] GC(1108) Pause Young (Concurrent Start) (G1 Humongous Allocation) 919M->565M(2048M) 1.610ms
[17.470s][info   ][gc,cpu      ] GC(1108) User=0.00s Sys=0.00s Real=0.00s
[17.470s][info   ][gc          ] GC(1109) Concurrent Undo Cycle
[17.470s][info   ][gc,marking  ] GC(1109) Concurrent Cleanup for Next Mark
[17.493s][info   ][gc,marking  ] GC(1109) Concurrent Cleanup for Next Mark 23.056ms
[17.493s][info   ][gc          ] GC(1109) Concurrent Undo Cycle 23.356ms
[17.502s][info   ][gc,start    ] GC(1110) Pause Young (Concurrent Start) (G1 Humongous Allocation)
[17.502s][info   ][gc,task     ] GC(1110) Using 4 workers of 4 for evacuation
[17.505s][info   ][gc,phases   ] GC(1110)   Pre Evacuate Collection Set: 0.4ms
[17.505s][info   ][gc,phases   ] GC(1110)   Merge Heap Roots: 0.2ms
[17.505s][info   ][gc,phases   ] GC(1110)   Evacuate Collection Set: 1.0ms
[17.505s][info   ][gc,phases   ] GC(1110)   Post Evacuate Collection Set: 0.9ms
[17.505s][info   ][gc,phases   ] GC(1110)   Other: 0.3ms
[17.505s][info   ][gc,heap     ] GC(1110) Eden regions: 0->0(1147)
[17.505s][info   ][gc,heap     ] GC(1110) Survivor regions: 0->0(148)
[17.505s][info   ][gc,heap     ] GC(1110) Old regions: 1->1
[17.505s][info   ][gc,heap     ] GC(1110) Archive regions: 2->2
[17.505s][info   ][gc,heap     ] GC(1110) Humongous regions: 918->598
[17.505s][info   ][gc,metaspace] GC(1110) Metaspace: 158K(384K)->158K(384K) NonClass: 150K(256K)->150K(256K) Class: 8K(128K)->8K(128K)
[17.505s][info   ][gc          ] GC(1110) Pause Young (Concurrent Start) (G1 Humongous Allocation) 919M->599M(2048M) 2.843ms
[17.505s][info   ][gc,cpu      ] GC(1110) User=0.00s Sys=0.00s Real=0.00s
[17.505s][info   ][gc          ] GC(1111) Concurrent Undo Cycle
[17.505s][info   ][gc,marking  ] GC(1111) Concurrent Cleanup for Next Mark
[17.516s][info   ][gc,marking  ] GC(1111) Concurrent Cleanup for Next Mark 11.112ms
[17.516s][info   ][gc          ] GC(1111) Concurrent Undo Cycle 11.304ms
[17.517s][info   ][gc,start    ] GC(1112) Pause Young (Concurrent Start) (G1 Humongous Allocation)
[17.517s][info   ][gc,task     ] GC(1112) Using 4 workers of 4 for evacuation
[17.519s][info   ][gc,phases   ] GC(1112)   Pre Evacuate Collection Set: 0.2ms
[17.519s][info   ][gc,phases   ] GC(1112)   Merge Heap Roots: 0.1ms
[17.519s][info   ][gc,phases   ] GC(1112)   Evacuate Collection Set: 0.4ms
[17.519s][info   ][gc,phases   ] GC(1112)   Post Evacuate Collection Set: 0.4ms
[17.519s][info   ][gc,phases   ] GC(1112)   Other: 0.2ms
[17.519s][info   ][gc,heap     ] GC(1112) Eden regions: 0->0(1128)
[17.519s][info   ][gc,heap     ] GC(1112) Survivor regions: 0->0(144)
[17.519s][info   ][gc,heap     ] GC(1112) Old regions: 1->1
[17.519s][info   ][gc,heap     ] GC(1112) Archive regions: 2->2
[17.519s][info   ][gc,heap     ] GC(1112) Humongous regions: 712->618
[17.519s][info   ][gc,metaspace] GC(1112) Metaspace: 158K(384K)->158K(384K) NonClass: 150K(256K)->150K(256K) Class: 8K(128K)->8K(128K)
[17.519s][info   ][gc          ] GC(1112) Pause Young (Concurrent Start) (G1 Humongous Allocation) 713M->619M(2048M) 1.495ms
[17.519s][info   ][gc,cpu      ] GC(1112) User=0.00s Sys=0.01s Real=0.01s
[17.519s][info   ][gc          ] GC(1113) Concurrent Undo Cycle
[17.519s][info   ][gc,marking  ] GC(1113) Concurrent Cleanup for Next Mark
[17.544s][info   ][gc,marking  ] GC(1113) Concurrent Cleanup for Next Mark 24.715ms
[17.544s][info   ][gc          ] GC(1113) Concurrent Undo Cycle 24.948ms
[17.544s][info   ][gc,start    ] GC(1114) Pause Young (Concurrent Start) (G1 Humongous Allocation)
[17.544s][info   ][gc,task     ] GC(1114) Using 4 workers of 4 for evacuation
[17.546s][info   ][gc,phases   ] GC(1114)   Pre Evacuate Collection Set: 0.2ms
[17.546s][info   ][gc,phases   ] GC(1114)   Merge Heap Roots: 0.1ms
[17.546s][info   ][gc,phases   ] GC(1114)   Evacuate Collection Set: 0.2ms
[17.546s][info   ][gc,phases   ] GC(1114)   Post Evacuate Collection Set: 1.0ms
[17.546s][info   ][gc,phases   ] GC(1114)   Other: 0.2ms
[17.546s][info   ][gc,heap     ] GC(1114) Eden regions: 0->0(1156)
[17.546s][info   ][gc,heap     ] GC(1114) Survivor regions: 0->0(141)
[17.546s][info   ][gc,heap     ] GC(1114) Old regions: 1->1
[17.546s][info   ][gc,heap     ] GC(1114) Archive regions: 2->2
[17.546s][info   ][gc,heap     ] GC(1114) Humongous regions: 944->588
[17.546s][info   ][gc,metaspace] GC(1114) Metaspace: 158K(384K)->158K(384K) NonClass: 150K(256K)->150K(256K) Class: 8K(128K)->8K(128K)
[17.546s][info   ][gc          ] GC(1114) Pause Young (Concurrent Start) (G1 Humongous Allocation) 945M->589M(2048M) 1.830ms
[17.546s][info   ][gc,cpu      ] GC(1114) User=0.00s Sys=0.00s Real=0.00s
[17.546s][info   ][gc          ] GC(1115) Concurrent Undo Cycle
[17.546s][info   ][gc,marking  ] GC(1115) Concurrent Cleanup for Next Mark
[17.576s][info   ][gc,marking  ] GC(1115) Concurrent Cleanup for Next Mark 30.078ms
[17.577s][info   ][gc          ] GC(1115) Concurrent Undo Cycle 30.319ms
[17.578s][info   ][gc,start    ] GC(1116) Pause Young (Concurrent Start) (G1 Humongous Allocation)
[17.578s][info   ][gc,task     ] GC(1116) Using 4 workers of 4 for evacuation
[17.579s][info   ][gc,phases   ] GC(1116)   Pre Evacuate Collection Set: 0.3ms
[17.579s][info   ][gc,phases   ] GC(1116)   Merge Heap Roots: 0.1ms
[17.579s][info   ][gc,phases   ] GC(1116)   Evacuate Collection Set: 0.3ms
[17.579s][info   ][gc,phases   ] GC(1116)   Post Evacuate Collection Set: 0.7ms
[17.579s][info   ][gc,phases   ] GC(1116)   Other: 0.2ms
[17.579s][info   ][gc,heap     ] GC(1116) Eden regions: 0->0(1136)
[17.579s][info   ][gc,heap     ] GC(1116) Survivor regions: 0->0(145)
[17.579s][info   ][gc,heap     ] GC(1116) Old regions: 1->1
[17.579s][info   ][gc,heap     ] GC(1116) Archive regions: 2->2
[17.579s][info   ][gc,heap     ] GC(1116) Humongous regions: 974->610
[17.579s][info   ][gc,metaspace] GC(1116) Metaspace: 158K(384K)->158K(384K) NonClass: 150K(256K)->150K(256K) Class: 8K(128K)->8K(128K)
[17.579s][info   ][gc          ] GC(1116) Pause Young (Concurrent Start) (G1 Humongous Allocation) 975M->611M(2048M) 1.738ms
[17.579s][info   ][gc,cpu      ] GC(1116) User=0.01s Sys=0.00s Real=0.01s
[17.579s][info   ][gc          ] GC(1117) Concurrent Undo Cycle
[17.579s][info   ][gc,marking  ] GC(1117) Concurrent Cleanup for Next Mark
[17.607s][info   ][gc,marking  ] GC(1117) Concurrent Cleanup for Next Mark 27.115ms
[17.607s][info   ][gc          ] GC(1117) Concurrent Undo Cycle 27.368ms
[17.608s][info   ][gc,start    ] GC(1118) Pause Young (Concurrent Start) (G1 Humongous Allocation)
[17.608s][info   ][gc,task     ] GC(1118) Using 4 workers of 4 for evacuation
[17.609s][info   ][gc,phases   ] GC(1118)   Pre Evacuate Collection Set: 0.2ms
[17.609s][info   ][gc,phases   ] GC(1118)   Merge Heap Roots: 0.2ms
[17.609s][info   ][gc,phases   ] GC(1118)   Evacuate Collection Set: 0.4ms
[17.609s][info   ][gc,phases   ] GC(1118)   Post Evacuate Collection Set: 0.7ms
[17.609s][info   ][gc,phases   ] GC(1118)   Other: 0.3ms
[17.609s][info   ][gc,heap     ] GC(1118) Eden regions: 0->0(1134)
[17.609s][info   ][gc,heap     ] GC(1118) Survivor regions: 0->0(142)
[17.609s][info   ][gc,heap     ] GC(1118) Old regions: 1->1
[17.609s][info   ][gc,heap     ] GC(1118) Archive regions: 2->2
[17.609s][info   ][gc,heap     ] GC(1118) Humongous regions: 934->612
[17.609s][info   ][gc,metaspace] GC(1118) Metaspace: 158K(384K)->158K(384K) NonClass: 150K(256K)->150K(256K) Class: 8K(128K)->8K(128K)
[17.609s][info   ][gc          ] GC(1118) Pause Young (Concurrent Start) (G1 Humongous Allocation) 935M->613M(2048M) 1.805ms
[17.609s][info   ][gc,cpu      ] GC(1118) User=0.00s Sys=0.00s Real=0.01s
[17.609s][info   ][gc          ] GC(1119) Concurrent Undo Cycle
[17.609s][info   ][gc,marking  ] GC(1119) Concurrent Cleanup for Next Mark
[17.631s][info   ][gc,marking  ] GC(1119) Concurrent Cleanup for Next Mark 21.512ms
[17.631s][info   ][gc          ] GC(1119) Concurrent Undo Cycle 21.791ms
[17.635s][info   ][gc,start    ] GC(1120) Pause Young (Concurrent Start) (G1 Humongous Allocation)
[17.635s][info   ][gc,task     ] GC(1120) Using 4 workers of 4 for evacuation
[17.637s][info   ][gc,phases   ] GC(1120)   Pre Evacuate Collection Set: 0.2ms
[17.637s][info   ][gc,phases   ] GC(1120)   Merge Heap Roots: 0.1ms
[17.637s][info   ][gc,phases   ] GC(1120)   Evacuate Collection Set: 0.4ms
[17.637s][info   ][gc,phases   ] GC(1120)   Post Evacuate Collection Set: 0.6ms
[17.637s][info   ][gc,phases   ] GC(1120)   Other: 0.2ms
[17.637s][info   ][gc,heap     ] GC(1120) Eden regions: 0->0(1121)
[17.637s][info   ][gc,heap     ] GC(1120) Survivor regions: 0->0(142)
[17.637s][info   ][gc,heap     ] GC(1120) Old regions: 1->1
[17.637s][info   ][gc,heap     ] GC(1120) Archive regions: 2->2
[17.637s][info   ][gc,heap     ] GC(1120) Humongous regions: 918->626
[17.637s][info   ][gc,metaspace] GC(1120) Metaspace: 158K(384K)->158K(384K) NonClass: 150K(256K)->150K(256K) Class: 8K(128K)->8K(128K)
[17.637s][info   ][gc          ] GC(1120) Pause Young (Concurrent Start) (G1 Humongous Allocation) 919M->627M(2048M) 1.601ms
[17.637s][info   ][gc,cpu      ] GC(1120) User=0.00s Sys=0.00s Real=0.00s
[17.637s][info   ][gc          ] GC(1121) Concurrent Undo Cycle
[17.637s][info   ][gc,marking  ] GC(1121) Concurrent Cleanup for Next Mark
[17.660s][info   ][gc,marking  ] GC(1121) Concurrent Cleanup for Next Mark 23.324ms
[17.661s][info   ][gc          ] GC(1121) Concurrent Undo Cycle 23.711ms
[17.663s][info   ][gc,start    ] GC(1122) Pause Young (Concurrent Start) (G1 Humongous Allocation)
[17.663s][info   ][gc,task     ] GC(1122) Using 4 workers of 4 for evacuation
[17.665s][info   ][gc,phases   ] GC(1122)   Pre Evacuate Collection Set: 0.3ms
[17.665s][info   ][gc,phases   ] GC(1122)   Merge Heap Roots: 0.1ms
[17.665s][info   ][gc,phases   ] GC(1122)   Evacuate Collection Set: 0.4ms
[17.665s][info   ][gc,phases   ] GC(1122)   Post Evacuate Collection Set: 1.0ms
[17.665s][info   ][gc,phases   ] GC(1122)   Other: 0.3ms
[17.665s][info   ][gc,heap     ] GC(1122) Eden regions: 0->0(1147)
[17.665s][info   ][gc,heap     ] GC(1122) Survivor regions: 0->0(141)
[17.665s][info   ][gc,heap     ] GC(1122) Old regions: 1->1
[17.665s][info   ][gc,heap     ] GC(1122) Archive regions: 2->2
[17.665s][info   ][gc,heap     ] GC(1122) Humongous regions: 918->598
[17.665s][info   ][gc,metaspace] GC(1122) Metaspace: 158K(384K)->158K(384K) NonClass: 150K(256K)->150K(256K) Class: 8K(128K)->8K(128K)
[17.665s][info   ][gc          ] GC(1122) Pause Young (Concurrent Start) (G1 Humongous Allocation) 919M->599M(2048M) 2.204ms
[17.665s][info   ][gc,cpu      ] GC(1122) User=0.01s Sys=0.00s Real=0.00s
[17.665s][info   ][gc          ] GC(1123) Concurrent Undo Cycle
[17.665s][info   ][gc,marking  ] GC(1123) Concurrent Cleanup for Next Mark
[17.691s][info   ][gc,marking  ] GC(1123) Concurrent Cleanup for Next Mark 25.705ms
[17.691s][info   ][gc          ] GC(1123) Concurrent Undo Cycle 26.055ms
[17.693s][info   ][gc,start    ] GC(1124) Pause Young (Concurrent Start) (G1 Humongous Allocation)
[17.693s][info   ][gc,task     ] GC(1124) Using 4 workers of 4 for evacuation
[17.694s][info   ][gc,phases   ] GC(1124)   Pre Evacuate Collection Set: 0.3ms
[17.694s][info   ][gc,phases   ] GC(1124)   Merge Heap Roots: 0.1ms
[17.695s][info   ][gc,phases   ] GC(1124)   Evacuate Collection Set: 0.2ms
[17.695s][info   ][gc,phases   ] GC(1124)   Post Evacuate Collection Set: 0.5ms
[17.695s][info   ][gc,phases   ] GC(1124)   Other: 0.2ms
[17.695s][info   ][gc,heap     ] GC(1124) Eden regions: 0->0(1171)
[17.695s][info   ][gc,heap     ] GC(1124) Survivor regions: 0->0(144)
[17.695s][info   ][gc,heap     ] GC(1124) Old regions: 1->1
[17.695s][info   ][gc,heap     ] GC(1124) Archive regions: 2->2
[17.695s][info   ][gc,heap     ] GC(1124) Humongous regions: 918->572
[17.695s][info   ][gc,metaspace] GC(1124) Metaspace: 158K(384K)->158K(384K) NonClass: 150K(256K)->150K(256K) Class: 8K(128K)->8K(128K)
[17.695s][info   ][gc          ] GC(1124) Pause Young (Concurrent Start) (G1 Humongous Allocation) 919M->573M(2048M) 1.415ms
[17.695s][info   ][gc,cpu      ] GC(1124) User=0.01s Sys=0.00s Real=0.00s
[17.695s][info   ][gc          ] GC(1125) Concurrent Undo Cycle
[17.695s][info   ][gc,marking  ] GC(1125) Concurrent Cleanup for Next Mark
[17.708s][info   ][gc,marking  ] GC(1125) Concurrent Cleanup for Next Mark 13.206ms
[17.708s][info   ][gc          ] GC(1125) Concurrent Undo Cycle 13.610ms
[17.724s][info   ][gc,start    ] GC(1126) Pause Young (Concurrent Start) (G1 Humongous Allocation)
[17.724s][info   ][gc,task     ] GC(1126) Using 4 workers of 4 for evacuation
[17.726s][info   ][gc,phases   ] GC(1126)   Pre Evacuate Collection Set: 0.2ms
[17.726s][info   ][gc,phases   ] GC(1126)   Merge Heap Roots: 0.1ms
[17.726s][info   ][gc,phases   ] GC(1126)   Evacuate Collection Set: 0.6ms
[17.726s][info   ][gc,phases   ] GC(1126)   Post Evacuate Collection Set: 0.7ms
[17.726s][info   ][gc,phases   ] GC(1126)   Other: 0.2ms
[17.726s][info   ][gc,heap     ] GC(1126) Eden regions: 0->0(1163)
[17.726s][info   ][gc,heap     ] GC(1126) Survivor regions: 0->0(147)
[17.726s][info   ][gc,heap     ] GC(1126) Old regions: 1->1
[17.726s][info   ][gc,heap     ] GC(1126) Archive regions: 2->2
[17.726s][info   ][gc,heap     ] GC(1126) Humongous regions: 918->580
[17.726s][info   ][gc,metaspace] GC(1126) Metaspace: 158K(384K)->158K(384K) NonClass: 150K(256K)->150K(256K) Class: 8K(128K)->8K(128K)
[17.726s][info   ][gc          ] GC(1126) Pause Young (Concurrent Start) (G1 Humongous Allocation) 919M->581M(2048M) 1.861ms
[17.726s][info   ][gc,cpu      ] GC(1126) User=0.00s Sys=0.01s Real=0.00s
[17.726s][info   ][gc          ] GC(1127) Concurrent Undo Cycle
[17.726s][info   ][gc,marking  ] GC(1127) Concurrent Cleanup for Next Mark
[17.754s][info   ][gc,marking  ] GC(1127) Concurrent Cleanup for Next Mark 27.834ms
[17.754s][info   ][gc          ] GC(1127) Concurrent Undo Cycle 28.034ms
[17.755s][info   ][gc,start    ] GC(1128) Pause Young (Concurrent Start) (G1 Humongous Allocation)
[17.755s][info   ][gc,task     ] GC(1128) Using 4 workers of 4 for evacuation
[17.757s][info   ][gc,phases   ] GC(1128)   Pre Evacuate Collection Set: 0.2ms
[17.757s][info   ][gc,phases   ] GC(1128)   Merge Heap Roots: 0.1ms
[17.757s][info   ][gc,phases   ] GC(1128)   Evacuate Collection Set: 0.5ms
[17.757s][info   ][gc,phases   ] GC(1128)   Post Evacuate Collection Set: 0.5ms
[17.757s][info   ][gc,phases   ] GC(1128)   Other: 0.2ms
[17.757s][info   ][gc,heap     ] GC(1128) Eden regions: 0->0(1130)
[17.757s][info   ][gc,heap     ] GC(1128) Survivor regions: 0->0(146)
[17.757s][info   ][gc,heap     ] GC(1128) Old regions: 1->1
[17.757s][info   ][gc,heap     ] GC(1128) Archive regions: 2->2
[17.757s][info   ][gc,heap     ] GC(1128) Humongous regions: 936->616
[17.757s][info   ][gc,metaspace] GC(1128) Metaspace: 158K(384K)->158K(384K) NonClass: 150K(256K)->150K(256K) Class: 8K(128K)->8K(128K)
[17.757s][info   ][gc          ] GC(1128) Pause Young (Concurrent Start) (G1 Humongous Allocation) 937M->617M(2048M) 1.592ms
[17.757s][info   ][gc,cpu      ] GC(1128) User=0.00s Sys=0.00s Real=0.00s
[17.757s][info   ][gc          ] GC(1129) Concurrent Undo Cycle
[17.757s][info   ][gc,marking  ] GC(1129) Concurrent Cleanup for Next Mark
[17.779s][info   ][gc,marking  ] GC(1129) Concurrent Cleanup for Next Mark 21.848ms
[17.779s][info   ][gc          ] GC(1129) Concurrent Undo Cycle 22.341ms
[17.782s][info   ][gc,start    ] GC(1130) Pause Young (Concurrent Start) (G1 Humongous Allocation)
[17.782s][info   ][gc,task     ] GC(1130) Using 4 workers of 4 for evacuation
[17.783s][info   ][gc,phases   ] GC(1130)   Pre Evacuate Collection Set: 0.3ms
[17.783s][info   ][gc,phases   ] GC(1130)   Merge Heap Roots: 0.1ms
[17.783s][info   ][gc,phases   ] GC(1130)   Evacuate Collection Set: 0.3ms
[17.783s][info   ][gc,phases   ] GC(1130)   Post Evacuate Collection Set: 0.5ms
[17.783s][info   ][gc,phases   ] GC(1130)   Other: 0.2ms
[17.783s][info   ][gc,heap     ] GC(1130) Eden regions: 0->0(1084)
[17.783s][info   ][gc,heap     ] GC(1130) Survivor regions: 0->0(142)
[17.783s][info   ][gc,heap     ] GC(1130) Old regions: 1->1
[17.783s][info   ][gc,heap     ] GC(1130) Archive regions: 2->2
[17.783s][info   ][gc,heap     ] GC(1130) Humongous regions: 918->666
[17.783s][info   ][gc,metaspace] GC(1130) Metaspace: 158K(384K)->158K(384K) NonClass: 150K(256K)->150K(256K) Class: 8K(128K)->8K(128K)
[17.783s][info   ][gc          ] GC(1130) Pause Young (Concurrent Start) (G1 Humongous Allocation) 919M->667M(2048M) 1.461ms
[17.783s][info   ][gc,cpu      ] GC(1130) User=0.00s Sys=0.01s Real=0.00s
[17.783s][info   ][gc          ] GC(1131) Concurrent Undo Cycle
[17.784s][info   ][gc,marking  ] GC(1131) Concurrent Cleanup for Next Mark
[17.800s][info   ][gc,marking  ] GC(1131) Concurrent Cleanup for Next Mark 16.176ms
[17.800s][info   ][gc          ] GC(1131) Concurrent Undo Cycle 16.394ms
[17.805s][info   ][gc,start    ] GC(1132) Pause Young (Concurrent Start) (G1 Humongous Allocation)
[17.805s][info   ][gc,task     ] GC(1132) Using 4 workers of 4 for evacuation
[17.806s][info   ][gc,phases   ] GC(1132)   Pre Evacuate Collection Set: 0.2ms
[17.806s][info   ][gc,phases   ] GC(1132)   Merge Heap Roots: 0.1ms
[17.806s][info   ][gc,phases   ] GC(1132)   Evacuate Collection Set: 0.2ms
[17.806s][info   ][gc,phases   ] GC(1132)   Post Evacuate Collection Set: 0.5ms
[17.806s][info   ][gc,phases   ] GC(1132)   Other: 0.2ms
[17.806s][info   ][gc,heap     ] GC(1132) Eden regions: 0->0(1136)
[17.806s][info   ][gc,heap     ] GC(1132) Survivor regions: 0->0(136)
[17.806s][info   ][gc,heap     ] GC(1132) Old regions: 1->1
[17.806s][info   ][gc,heap     ] GC(1132) Archive regions: 2->2
[17.806s][info   ][gc,heap     ] GC(1132) Humongous regions: 918->610
[17.806s][info   ][gc,metaspace] GC(1132) Metaspace: 158K(384K)->158K(384K) NonClass: 150K(256K)->150K(256K) Class: 8K(128K)->8K(128K)
[17.806s][info   ][gc          ] GC(1132) Pause Young (Concurrent Start) (G1 Humongous Allocation) 919M->611M(2048M) 1.294ms
[17.806s][info   ][gc,cpu      ] GC(1132) User=0.00s Sys=0.00s Real=0.00s
[17.806s][info   ][gc          ] GC(1133) Concurrent Undo Cycle
[17.806s][info   ][gc,marking  ] GC(1133) Concurrent Cleanup for Next Mark
[17.818s][info   ][gc,marking  ] GC(1133) Concurrent Cleanup for Next Mark 12.187ms
[17.818s][info   ][gc          ] GC(1133) Concurrent Undo Cycle 12.352ms
[17.832s][info   ][gc,start    ] GC(1134) Pause Young (Concurrent Start) (G1 Humongous Allocation)
[17.832s][info   ][gc,task     ] GC(1134) Using 4 workers of 4 for evacuation
[17.834s][info   ][gc,phases   ] GC(1134)   Pre Evacuate Collection Set: 0.2ms
[17.834s][info   ][gc,phases   ] GC(1134)   Merge Heap Roots: 0.1ms
[17.834s][info   ][gc,phases   ] GC(1134)   Evacuate Collection Set: 0.4ms
[17.834s][info   ][gc,phases   ] GC(1134)   Post Evacuate Collection Set: 0.5ms
[17.834s][info   ][gc,phases   ] GC(1134)   Other: 0.2ms
[17.834s][info   ][gc,heap     ] GC(1134) Eden regions: 0->0(1123)
[17.834s][info   ][gc,heap     ] GC(1134) Survivor regions: 0->0(142)
[17.834s][info   ][gc,heap     ] GC(1134) Old regions: 1->1
[17.834s][info   ][gc,heap     ] GC(1134) Archive regions: 2->2
[17.834s][info   ][gc,heap     ] GC(1134) Humongous regions: 918->624
[17.834s][info   ][gc,metaspace] GC(1134) Metaspace: 158K(384K)->158K(384K) NonClass: 150K(256K)->150K(256K) Class: 8K(128K)->8K(128K)
[17.834s][info   ][gc          ] GC(1134) Pause Young (Concurrent Start) (G1 Humongous Allocation) 919M->625M(2048M) 1.544ms
[17.834s][info   ][gc,cpu      ] GC(1134) User=0.01s Sys=0.00s Real=0.00s
[17.834s][info   ][gc          ] GC(1135) Concurrent Undo Cycle
[17.834s][info   ][gc,marking  ] GC(1135) Concurrent Cleanup for Next Mark
[17.844s][info   ][gc,marking  ] GC(1135) Concurrent Cleanup for Next Mark 7.493ms
[17.844s][info   ][gc          ] GC(1135) Concurrent Undo Cycle 9.846ms
[17.857s][info   ][gc,start    ] GC(1136) Pause Young (Concurrent Start) (G1 Humongous Allocation)
[17.857s][info   ][gc,task     ] GC(1136) Using 4 workers of 4 for evacuation
[17.859s][info   ][gc,phases   ] GC(1136)   Pre Evacuate Collection Set: 0.3ms
[17.859s][info   ][gc,phases   ] GC(1136)   Merge Heap Roots: 0.1ms
[17.859s][info   ][gc,phases   ] GC(1136)   Evacuate Collection Set: 0.7ms
[17.860s][info   ][gc,phases   ] GC(1136)   Post Evacuate Collection Set: 0.7ms
[17.860s][info   ][gc,phases   ] GC(1136)   Other: 0.3ms
[17.860s][info   ][gc,heap     ] GC(1136) Eden regions: 0->0(1108)
[17.860s][info   ][gc,heap     ] GC(1136) Survivor regions: 0->0(141)
[17.860s][info   ][gc,heap     ] GC(1136) Old regions: 1->1
[17.860s][info   ][gc,heap     ] GC(1136) Archive regions: 2->2
[17.860s][info   ][gc,heap     ] GC(1136) Humongous regions: 918->640
[17.860s][info   ][gc,metaspace] GC(1136) Metaspace: 158K(384K)->158K(384K) NonClass: 150K(256K)->150K(256K) Class: 8K(128K)->8K(128K)
[17.860s][info   ][gc          ] GC(1136) Pause Young (Concurrent Start) (G1 Humongous Allocation) 919M->641M(2048M) 2.332ms
[17.860s][info   ][gc,cpu      ] GC(1136) User=0.00s Sys=0.00s Real=0.01s
[17.860s][info   ][gc          ] GC(1137) Concurrent Undo Cycle
[17.860s][info   ][gc,marking  ] GC(1137) Concurrent Cleanup for Next Mark
[17.878s][info   ][gc,marking  ] GC(1137) Concurrent Cleanup for Next Mark 18.316ms
[17.878s][info   ][gc          ] GC(1137) Concurrent Undo Cycle 18.507ms
[17.885s][info   ][gc,start    ] GC(1138) Pause Young (Concurrent Start) (G1 Humongous Allocation)
[17.885s][info   ][gc,task     ] GC(1138) Using 4 workers of 4 for evacuation
[17.887s][info   ][gc,phases   ] GC(1138)   Pre Evacuate Collection Set: 0.6ms
[17.887s][info   ][gc,phases   ] GC(1138)   Merge Heap Roots: 0.1ms
[17.887s][info   ][gc,phases   ] GC(1138)   Evacuate Collection Set: 0.5ms
[17.887s][info   ][gc,phases   ] GC(1138)   Post Evacuate Collection Set: 0.6ms
[17.887s][info   ][gc,phases   ] GC(1138)   Other: 0.4ms
[17.887s][info   ][gc,heap     ] GC(1138) Eden regions: 0->0(1071)
[17.887s][info   ][gc,heap     ] GC(1138) Survivor regions: 0->0(139)
[17.887s][info   ][gc,heap     ] GC(1138) Old regions: 1->1
[17.887s][info   ][gc,heap     ] GC(1138) Archive regions: 2->2
[17.887s][info   ][gc,heap     ] GC(1138) Humongous regions: 918->680
[17.887s][info   ][gc,metaspace] GC(1138) Metaspace: 158K(384K)->158K(384K) NonClass: 150K(256K)->150K(256K) Class: 8K(128K)->8K(128K)
[17.887s][info   ][gc          ] GC(1138) Pause Young (Concurrent Start) (G1 Humongous Allocation) 919M->681M(2048M) 2.257ms
[17.887s][info   ][gc,cpu      ] GC(1138) User=0.00s Sys=0.00s Real=0.00s
[17.887s][info   ][gc          ] GC(1139) Concurrent Undo Cycle
[17.887s][info   ][gc,marking  ] GC(1139) Concurrent Cleanup for Next Mark
[17.902s][info   ][gc,marking  ] GC(1139) Concurrent Cleanup for Next Mark 14.631ms
[17.902s][info   ][gc          ] GC(1139) Concurrent Undo Cycle 14.915ms
[17.907s][info   ][gc,start    ] GC(1140) Pause Young (Concurrent Start) (G1 Humongous Allocation)
[17.908s][info   ][gc,task     ] GC(1140) Using 4 workers of 4 for evacuation
[17.909s][info   ][gc,phases   ] GC(1140)   Pre Evacuate Collection Set: 0.2ms
[17.909s][info   ][gc,phases   ] GC(1140)   Merge Heap Roots: 0.1ms
[17.909s][info   ][gc,phases   ] GC(1140)   Evacuate Collection Set: 0.4ms
[17.909s][info   ][gc,phases   ] GC(1140)   Post Evacuate Collection Set: 0.5ms
[17.909s][info   ][gc,phases   ] GC(1140)   Other: 0.2ms
[17.909s][info   ][gc,heap     ] GC(1140) Eden regions: 0->0(1099)
[17.909s][info   ][gc,heap     ] GC(1140) Survivor regions: 0->0(134)
[17.909s][info   ][gc,heap     ] GC(1140) Old regions: 1->1
[17.909s][info   ][gc,heap     ] GC(1140) Archive regions: 2->2
[17.909s][info   ][gc,heap     ] GC(1140) Humongous regions: 918->650
[17.909s][info   ][gc,metaspace] GC(1140) Metaspace: 158K(384K)->158K(384K) NonClass: 150K(256K)->150K(256K) Class: 8K(128K)->8K(128K)
[17.909s][info   ][gc          ] GC(1140) Pause Young (Concurrent Start) (G1 Humongous Allocation) 919M->651M(2048M) 1.465ms
[17.909s][info   ][gc,cpu      ] GC(1140) User=0.01s Sys=0.00s Real=0.01s
[17.909s][info   ][gc          ] GC(1141) Concurrent Undo Cycle
[17.909s][info   ][gc,marking  ] GC(1141) Concurrent Cleanup for Next Mark
[17.934s][info   ][gc,marking  ] GC(1141) Concurrent Cleanup for Next Mark 24.698ms
[17.934s][info   ][gc          ] GC(1141) Concurrent Undo Cycle 24.928ms
[17.934s][info   ][gc,start    ] GC(1142) Pause Young (Concurrent Start) (G1 Humongous Allocation)
[17.935s][info   ][gc,task     ] GC(1142) Using 4 workers of 4 for evacuation
[17.936s][info   ][gc,phases   ] GC(1142)   Pre Evacuate Collection Set: 0.3ms
[17.936s][info   ][gc,phases   ] GC(1142)   Merge Heap Roots: 0.1ms
[17.936s][info   ][gc,phases   ] GC(1142)   Evacuate Collection Set: 0.4ms
[17.936s][info   ][gc,phases   ] GC(1142)   Post Evacuate Collection Set: 0.6ms
[17.936s][info   ][gc,phases   ] GC(1142)   Other: 0.3ms
[17.936s][info   ][gc,heap     ] GC(1142) Eden regions: 0->0(1106)
[17.936s][info   ][gc,heap     ] GC(1142) Survivor regions: 0->0(138)
[17.936s][info   ][gc,heap     ] GC(1142) Old regions: 1->1
[17.936s][info   ][gc,heap     ] GC(1142) Archive regions: 2->2
[17.936s][info   ][gc,heap     ] GC(1142) Humongous regions: 948->642
[17.936s][info   ][gc,metaspace] GC(1142) Metaspace: 158K(384K)->158K(384K) NonClass: 150K(256K)->150K(256K) Class: 8K(128K)->8K(128K)
[17.936s][info   ][gc          ] GC(1142) Pause Young (Concurrent Start) (G1 Humongous Allocation) 949M->643M(2048M) 1.733ms
[17.936s][info   ][gc,cpu      ] GC(1142) User=0.00s Sys=0.00s Real=0.00s
[17.936s][info   ][gc          ] GC(1143) Concurrent Undo Cycle
[17.936s][info   ][gc,marking  ] GC(1143) Concurrent Cleanup for Next Mark
[17.955s][info   ][gc,marking  ] GC(1143) Concurrent Cleanup for Next Mark 18.861ms
[17.955s][info   ][gc          ] GC(1143) Concurrent Undo Cycle 19.069ms
[17.967s][info   ][gc,start    ] GC(1144) Pause Young (Concurrent Start) (G1 Humongous Allocation)
[17.967s][info   ][gc,task     ] GC(1144) Using 4 workers of 4 for evacuation
[17.968s][info   ][gc,phases   ] GC(1144)   Pre Evacuate Collection Set: 0.2ms
[17.968s][info   ][gc,phases   ] GC(1144)   Merge Heap Roots: 0.1ms
[17.968s][info   ][gc,phases   ] GC(1144)   Evacuate Collection Set: 0.4ms
[17.968s][info   ][gc,phases   ] GC(1144)   Post Evacuate Collection Set: 0.5ms
[17.968s][info   ][gc,phases   ] GC(1144)   Other: 0.2ms
[17.968s][info   ][gc,heap     ] GC(1144) Eden regions: 0->0(1071)
[17.968s][info   ][gc,heap     ] GC(1144) Survivor regions: 0->0(139)
[17.968s][info   ][gc,heap     ] GC(1144) Old regions: 1->1
[17.968s][info   ][gc,heap     ] GC(1144) Archive regions: 2->2
[17.968s][info   ][gc,heap     ] GC(1144) Humongous regions: 918->680
[17.968s][info   ][gc,metaspace] GC(1144) Metaspace: 158K(384K)->158K(384K) NonClass: 150K(256K)->150K(256K) Class: 8K(128K)->8K(128K)
[17.969s][info   ][gc          ] GC(1144) Pause Young (Concurrent Start) (G1 Humongous Allocation) 919M->681M(2048M) 1.478ms
[17.969s][info   ][gc,cpu      ] GC(1144) User=0.00s Sys=0.00s Real=0.01s
[17.969s][info   ][gc          ] GC(1145) Concurrent Undo Cycle
[17.969s][info   ][gc,marking  ] GC(1145) Concurrent Cleanup for Next Mark
[17.991s][info   ][gc,marking  ] GC(1145) Concurrent Cleanup for Next Mark 21.966ms
[17.991s][info   ][gc          ] GC(1145) Concurrent Undo Cycle 22.314ms
[17.992s][info   ][gc,start    ] GC(1146) Pause Young (Concurrent Start) (G1 Humongous Allocation)
[17.992s][info   ][gc,task     ] GC(1146) Using 4 workers of 4 for evacuation
[17.993s][info   ][gc,phases   ] GC(1146)   Pre Evacuate Collection Set: 0.3ms
[17.993s][info   ][gc,phases   ] GC(1146)   Merge Heap Roots: 0.1ms
[17.993s][info   ][gc,phases   ] GC(1146)   Evacuate Collection Set: 0.4ms
[17.993s][info   ][gc,phases   ] GC(1146)   Post Evacuate Collection Set: 0.5ms
[17.993s][info   ][gc,phases   ] GC(1146)   Other: 0.2ms
[17.993s][info   ][gc,heap     ] GC(1146) Eden regions: 0->0(1100)
[17.993s][info   ][gc,heap     ] GC(1146) Survivor regions: 0->0(134)
[17.993s][info   ][gc,heap     ] GC(1146) Old regions: 1->1
[17.993s][info   ][gc,heap     ] GC(1146) Archive regions: 2->2
[17.993s][info   ][gc,heap     ] GC(1146) Humongous regions: 960->648
[17.993s][info   ][gc,metaspace] GC(1146) Metaspace: 158K(384K)->158K(384K) NonClass: 150K(256K)->150K(256K) Class: 8K(128K)->8K(128K)
[17.993s][info   ][gc          ] GC(1146) Pause Young (Concurrent Start) (G1 Humongous Allocation) 961M->649M(2048M) 1.576ms
[17.993s][info   ][gc,cpu      ] GC(1146) User=0.00s Sys=0.00s Real=0.00s
[17.994s][info   ][gc          ] GC(1147) Concurrent Undo Cycle
[17.994s][info   ][gc,marking  ] GC(1147) Concurrent Cleanup for Next Mark
[18.001s][info   ][gc,marking  ] GC(1147) Concurrent Cleanup for Next Mark 7.695ms
[18.001s][info   ][gc          ] GC(1147) Concurrent Undo Cycle 7.835ms
[18.018s][info   ][gc,start    ] GC(1148) Pause Young (Concurrent Start) (G1 Humongous Allocation)
[18.019s][info   ][gc,task     ] GC(1148) Using 4 workers of 4 for evacuation
[18.020s][info   ][gc,phases   ] GC(1148)   Pre Evacuate Collection Set: 0.2ms
[18.020s][info   ][gc,phases   ] GC(1148)   Merge Heap Roots: 0.1ms
[18.020s][info   ][gc,phases   ] GC(1148)   Evacuate Collection Set: 0.2ms
[18.020s][info   ][gc,phases   ] GC(1148)   Post Evacuate Collection Set: 0.5ms
[18.020s][info   ][gc,phases   ] GC(1148)   Other: 0.2ms
[18.020s][info   ][gc,heap     ] GC(1148) Eden regions: 0->0(1100)
[18.020s][info   ][gc,heap     ] GC(1148) Survivor regions: 0->0(138)
[18.020s][info   ][gc,heap     ] GC(1148) Old regions: 1->1
[18.020s][info   ][gc,heap     ] GC(1148) Archive regions: 2->2
[18.020s][info   ][gc,heap     ] GC(1148) Humongous regions: 918->648
[18.020s][info   ][gc,metaspace] GC(1148) Metaspace: 158K(384K)->158K(384K) NonClass: 150K(256K)->150K(256K) Class: 8K(128K)->8K(128K)
[18.020s][info   ][gc          ] GC(1148) Pause Young (Concurrent Start) (G1 Humongous Allocation) 919M->649M(2048M) 1.362ms
[18.020s][info   ][gc,cpu      ] GC(1148) User=0.01s Sys=0.00s Real=0.00s
[18.020s][info   ][gc          ] GC(1149) Concurrent Undo Cycle
[18.020s][info   ][gc,marking  ] GC(1149) Concurrent Cleanup for Next Mark
[18.052s][info   ][gc,marking  ] GC(1149) Concurrent Cleanup for Next Mark 31.600ms
[18.052s][info   ][gc          ] GC(1149) Concurrent Undo Cycle 31.810ms
[18.052s][info   ][gc,start    ] GC(1150) Pause Young (Concurrent Start) (G1 Humongous Allocation)
[18.052s][info   ][gc,task     ] GC(1150) Using 4 workers of 4 for evacuation
[18.054s][info   ][gc,phases   ] GC(1150)   Pre Evacuate Collection Set: 0.2ms
[18.054s][info   ][gc,phases   ] GC(1150)   Merge Heap Roots: 0.1ms
[18.054s][info   ][gc,phases   ] GC(1150)   Evacuate Collection Set: 0.4ms
[18.054s][info   ][gc,phases   ] GC(1150)   Post Evacuate Collection Set: 0.5ms
[18.054s][info   ][gc,phases   ] GC(1150)   Other: 0.1ms
[18.054s][info   ][gc,heap     ] GC(1150) Eden regions: 0->0(1128)
[18.054s][info   ][gc,heap     ] GC(1150) Survivor regions: 0->0(138)
[18.054s][info   ][gc,heap     ] GC(1150) Old regions: 1->1
[18.054s][info   ][gc,heap     ] GC(1150) Archive regions: 2->2
[18.054s][info   ][gc,heap     ] GC(1150) Humongous regions: 1050->618
[18.054s][info   ][gc,metaspace] GC(1150) Metaspace: 158K(384K)->158K(384K) NonClass: 150K(256K)->150K(256K) Class: 8K(128K)->8K(128K)
[18.054s][info   ][gc          ] GC(1150) Pause Young (Concurrent Start) (G1 Humongous Allocation) 1051M->619M(2048M) 1.455ms
[18.054s][info   ][gc,cpu      ] GC(1150) User=0.00s Sys=0.01s Real=0.00s
[18.054s][info   ][gc          ] GC(1151) Concurrent Undo Cycle
[18.054s][info   ][gc,marking  ] GC(1151) Concurrent Cleanup for Next Mark
[18.060s][info   ][gc,marking  ] GC(1151) Concurrent Cleanup for Next Mark 6.344ms
[18.060s][info   ][gc          ] GC(1151) Concurrent Undo Cycle 6.420ms
[18.062s][info   ][gc,start    ] GC(1152) Pause Young (Concurrent Start) (G1 Humongous Allocation)
[18.062s][info   ][gc,task     ] GC(1152) Using 4 workers of 4 for evacuation
[18.064s][info   ][gc,phases   ] GC(1152)   Pre Evacuate Collection Set: 0.2ms
[18.064s][info   ][gc,phases   ] GC(1152)   Merge Heap Roots: 0.1ms
[18.064s][info   ][gc,phases   ] GC(1152)   Evacuate Collection Set: 0.8ms
[18.064s][info   ][gc,phases   ] GC(1152)   Post Evacuate Collection Set: 0.4ms
[18.064s][info   ][gc,phases   ] GC(1152)   Other: 0.2ms
[18.064s][info   ][gc,heap     ] GC(1152) Eden regions: 0->0(1128)
[18.064s][info   ][gc,heap     ] GC(1152) Survivor regions: 0->0(141)
[18.064s][info   ][gc,heap     ] GC(1152) Old regions: 1->1
[18.064s][info   ][gc,heap     ] GC(1152) Archive regions: 2->2
[18.064s][info   ][gc,heap     ] GC(1152) Humongous regions: 662->618
[18.064s][info   ][gc,metaspace] GC(1152) Metaspace: 158K(384K)->158K(384K) NonClass: 150K(256K)->150K(256K) Class: 8K(128K)->8K(128K)
[18.064s][info   ][gc          ] GC(1152) Pause Young (Concurrent Start) (G1 Humongous Allocation) 663M->619M(2048M) 1.733ms
[18.064s][info   ][gc,cpu      ] GC(1152) User=0.00s Sys=0.00s Real=0.00s
[18.064s][info   ][gc          ] GC(1153) Concurrent Undo Cycle
[18.064s][info   ][gc,marking  ] GC(1153) Concurrent Cleanup for Next Mark
[18.089s][info   ][gc,marking  ] GC(1153) Concurrent Cleanup for Next Mark 25.013ms
[18.089s][info   ][gc          ] GC(1153) Concurrent Undo Cycle 25.255ms
[18.090s][info   ][gc,start    ] GC(1154) Pause Young (Concurrent Start) (G1 Humongous Allocation)
[18.090s][info   ][gc,task     ] GC(1154) Using 4 workers of 4 for evacuation
[18.091s][info   ][gc,phases   ] GC(1154)   Pre Evacuate Collection Set: 0.2ms
[18.091s][info   ][gc,phases   ] GC(1154)   Merge Heap Roots: 0.1ms
[18.091s][info   ][gc,phases   ] GC(1154)   Evacuate Collection Set: 0.4ms
[18.091s][info   ][gc,phases   ] GC(1154)   Post Evacuate Collection Set: 0.5ms
[18.091s][info   ][gc,phases   ] GC(1154)   Other: 0.2ms
[18.091s][info   ][gc,heap     ] GC(1154) Eden regions: 0->0(1097)
[18.091s][info   ][gc,heap     ] GC(1154) Survivor regions: 0->0(141)
[18.091s][info   ][gc,heap     ] GC(1154) Old regions: 1->1
[18.091s][info   ][gc,heap     ] GC(1154) Archive regions: 2->2
[18.091s][info   ][gc,heap     ] GC(1154) Humongous regions: 936->652
[18.091s][info   ][gc,metaspace] GC(1154) Metaspace: 158K(384K)->158K(384K) NonClass: 150K(256K)->150K(256K) Class: 8K(128K)->8K(128K)
[18.091s][info   ][gc          ] GC(1154) Pause Young (Concurrent Start) (G1 Humongous Allocation) 937M->653M(2048M) 1.529ms
[18.091s][info   ][gc,cpu      ] GC(1154) User=0.00s Sys=0.01s Real=0.00s
[18.091s][info   ][gc          ] GC(1155) Concurrent Undo Cycle
[18.091s][info   ][gc,marking  ] GC(1155) Concurrent Cleanup for Next Mark
[18.119s][info   ][gc,marking  ] GC(1155) Concurrent Cleanup for Next Mark 27.940ms
[18.120s][info   ][gc          ] GC(1155) Concurrent Undo Cycle 28.372ms
[18.121s][info   ][gc,start    ] GC(1156) Pause Young (Concurrent Start) (G1 Humongous Allocation)
[18.121s][info   ][gc,task     ] GC(1156) Using 4 workers of 4 for evacuation
[18.122s][info   ][gc,phases   ] GC(1156)   Pre Evacuate Collection Set: 0.3ms
[18.122s][info   ][gc,phases   ] GC(1156)   Merge Heap Roots: 0.1ms
[18.122s][info   ][gc,phases   ] GC(1156)   Evacuate Collection Set: 0.3ms
[18.122s][info   ][gc,phases   ] GC(1156)   Post Evacuate Collection Set: 0.6ms
[18.122s][info   ][gc,phases   ] GC(1156)   Other: 0.2ms
[18.122s][info   ][gc,heap     ] GC(1156) Eden regions: 0->0(1080)
[18.122s][info   ][gc,heap     ] GC(1156) Survivor regions: 0->0(138)
[18.122s][info   ][gc,heap     ] GC(1156) Old regions: 1->1
[18.122s][info   ][gc,heap     ] GC(1156) Archive regions: 2->2
[18.122s][info   ][gc,heap     ] GC(1156) Humongous regions: 980->670
[18.122s][info   ][gc,metaspace] GC(1156) Metaspace: 158K(384K)->158K(384K) NonClass: 150K(256K)->150K(256K) Class: 8K(128K)->8K(128K)
[18.122s][info   ][gc          ] GC(1156) Pause Young (Concurrent Start) (G1 Humongous Allocation) 981M->671M(2048M) 1.530ms
[18.122s][info   ][gc,cpu      ] GC(1156) User=0.00s Sys=0.00s Real=0.00s
[18.123s][info   ][gc          ] GC(1157) Concurrent Undo Cycle
[18.123s][info   ][gc,marking  ] GC(1157) Concurrent Cleanup for Next Mark
[18.138s][info   ][gc,marking  ] GC(1157) Concurrent Cleanup for Next Mark 15.409ms
[18.138s][info   ][gc          ] GC(1157) Concurrent Undo Cycle 15.602ms
[18.146s][info   ][gc,start    ] GC(1158) Pause Young (Concurrent Start) (G1 Humongous Allocation)
[18.146s][info   ][gc,task     ] GC(1158) Using 4 workers of 4 for evacuation
[18.147s][info   ][gc,phases   ] GC(1158)   Pre Evacuate Collection Set: 0.4ms
[18.147s][info   ][gc,phases   ] GC(1158)   Merge Heap Roots: 0.1ms
[18.147s][info   ][gc,phases   ] GC(1158)   Evacuate Collection Set: 0.4ms
[18.147s][info   ][gc,phases   ] GC(1158)   Post Evacuate Collection Set: 0.6ms
[18.147s][info   ][gc,phases   ] GC(1158)   Other: 0.3ms
[18.147s][info   ][gc,heap     ] GC(1158) Eden regions: 0->0(1106)
[18.147s][info   ][gc,heap     ] GC(1158) Survivor regions: 0->0(135)
[18.147s][info   ][gc,heap     ] GC(1158) Old regions: 1->1
[18.147s][info   ][gc,heap     ] GC(1158) Archive regions: 2->2
[18.147s][info   ][gc,heap     ] GC(1158) Humongous regions: 918->642
[18.147s][info   ][gc,metaspace] GC(1158) Metaspace: 158K(384K)->158K(384K) NonClass: 150K(256K)->150K(256K) Class: 8K(128K)->8K(128K)
[18.147s][info   ][gc          ] GC(1158) Pause Young (Concurrent Start) (G1 Humongous Allocation) 919M->643M(2048M) 1.857ms
[18.147s][info   ][gc,cpu      ] GC(1158) User=0.00s Sys=0.00s Real=0.00s
[18.147s][info   ][gc          ] GC(1159) Concurrent Undo Cycle
[18.147s][info   ][gc,marking  ] GC(1159) Concurrent Cleanup for Next Mark
[18.163s][info   ][gc,marking  ] GC(1159) Concurrent Cleanup for Next Mark 15.500ms
[18.163s][info   ][gc          ] GC(1159) Concurrent Undo Cycle 15.710ms
[18.171s][info   ][gc,start    ] GC(1160) Pause Young (Concurrent Start) (G1 Humongous Allocation)
[18.171s][info   ][gc,task     ] GC(1160) Using 4 workers of 4 for evacuation
[18.173s][info   ][gc,phases   ] GC(1160)   Pre Evacuate Collection Set: 0.2ms
[18.173s][info   ][gc,phases   ] GC(1160)   Merge Heap Roots: 0.1ms
[18.173s][info   ][gc,phases   ] GC(1160)   Evacuate Collection Set: 0.3ms
[18.173s][info   ][gc,phases   ] GC(1160)   Post Evacuate Collection Set: 0.6ms
[18.173s][info   ][gc,phases   ] GC(1160)   Other: 0.2ms
[18.173s][info   ][gc,heap     ] GC(1160) Eden regions: 0->0(1156)
[18.173s][info   ][gc,heap     ] GC(1160) Survivor regions: 0->0(139)
[18.173s][info   ][gc,heap     ] GC(1160) Old regions: 1->1
[18.173s][info   ][gc,heap     ] GC(1160) Archive regions: 2->2
[18.173s][info   ][gc,heap     ] GC(1160) Humongous regions: 918->588
[18.173s][info   ][gc,metaspace] GC(1160) Metaspace: 158K(384K)->158K(384K) NonClass: 150K(256K)->150K(256K) Class: 8K(128K)->8K(128K)
[18.173s][info   ][gc          ] GC(1160) Pause Young (Concurrent Start) (G1 Humongous Allocation) 919M->589M(2048M) 1.494ms
[18.173s][info   ][gc,cpu      ] GC(1160) User=0.00s Sys=0.00s Real=0.00s
[18.173s][info   ][gc          ] GC(1161) Concurrent Undo Cycle
[18.173s][info   ][gc,marking  ] GC(1161) Concurrent Cleanup for Next Mark
[18.201s][info   ][gc,marking  ] GC(1161) Concurrent Cleanup for Next Mark 28.455ms
[18.203s][info   ][gc          ] GC(1161) Concurrent Undo Cycle 30.312ms
[18.204s][info   ][gc,start    ] GC(1162) Pause Young (Concurrent Start) (G1 Humongous Allocation)
[18.204s][info   ][gc,task     ] GC(1162) Using 4 workers of 4 for evacuation
[18.205s][info   ][gc,phases   ] GC(1162)   Pre Evacuate Collection Set: 0.2ms
[18.205s][info   ][gc,phases   ] GC(1162)   Merge Heap Roots: 0.1ms
[18.205s][info   ][gc,phases   ] GC(1162)   Evacuate Collection Set: 0.3ms
[18.205s][info   ][gc,phases   ] GC(1162)   Post Evacuate Collection Set: 0.7ms
[18.205s][info   ][gc,phases   ] GC(1162)   Other: 0.2ms
[18.205s][info   ][gc,heap     ] GC(1162) Eden regions: 0->0(1154)
[18.205s][info   ][gc,heap     ] GC(1162) Survivor regions: 0->0(145)
[18.205s][info   ][gc,heap     ] GC(1162) Old regions: 1->1
[18.205s][info   ][gc,heap     ] GC(1162) Archive regions: 2->2
[18.205s][info   ][gc,heap     ] GC(1162) Humongous regions: 964->590
[18.205s][info   ][gc,metaspace] GC(1162) Metaspace: 158K(384K)->158K(384K) NonClass: 150K(256K)->150K(256K) Class: 8K(128K)->8K(128K)
[18.205s][info   ][gc          ] GC(1162) Pause Young (Concurrent Start) (G1 Humongous Allocation) 965M->591M(2048M) 1.558ms
[18.205s][info   ][gc,cpu      ] GC(1162) User=0.00s Sys=0.00s Real=0.00s
[18.206s][info   ][gc          ] GC(1163) Concurrent Undo Cycle
[18.206s][info   ][gc,marking  ] GC(1163) Concurrent Cleanup for Next Mark
[18.218s][info   ][gc,marking  ] GC(1163) Concurrent Cleanup for Next Mark 12.801ms
[18.219s][info   ][gc          ] GC(1163) Concurrent Undo Cycle 13.089ms
[18.233s][info   ][gc,start    ] GC(1164) Pause Young (Concurrent Start) (G1 Humongous Allocation)
[18.233s][info   ][gc,task     ] GC(1164) Using 4 workers of 4 for evacuation
[18.235s][info   ][gc,phases   ] GC(1164)   Pre Evacuate Collection Set: 0.2ms
[18.235s][info   ][gc,phases   ] GC(1164)   Merge Heap Roots: 0.1ms
[18.235s][info   ][gc,phases   ] GC(1164)   Evacuate Collection Set: 0.2ms
[18.235s][info   ][gc,phases   ] GC(1164)   Post Evacuate Collection Set: 0.6ms
[18.235s][info   ][gc,phases   ] GC(1164)   Other: 0.2ms
[18.235s][info   ][gc,heap     ] GC(1164) Eden regions: 0->0(1195)
[18.235s][info   ][gc,heap     ] GC(1164) Survivor regions: 0->0(145)
[18.235s][info   ][gc,heap     ] GC(1164) Old regions: 1->1
[18.235s][info   ][gc,heap     ] GC(1164) Archive regions: 2->2
[18.235s][info   ][gc,heap     ] GC(1164) Humongous regions: 920->546
[18.235s][info   ][gc,metaspace] GC(1164) Metaspace: 158K(384K)->158K(384K) NonClass: 150K(256K)->150K(256K) Class: 8K(128K)->8K(128K)
[18.235s][info   ][gc          ] GC(1164) Pause Young (Concurrent Start) (G1 Humongous Allocation) 921M->547M(2048M) 1.387ms
[18.235s][info   ][gc,cpu      ] GC(1164) User=0.00s Sys=0.00s Real=0.00s
[18.235s][info   ][gc          ] GC(1165) Concurrent Undo Cycle
[18.235s][info   ][gc,marking  ] GC(1165) Concurrent Cleanup for Next Mark
[18.256s][info   ][gc,marking  ] GC(1165) Concurrent Cleanup for Next Mark 21.059ms
[18.256s][info   ][gc          ] GC(1165) Concurrent Undo Cycle 21.289ms
[18.265s][info   ][gc,start    ] GC(1166) Pause Young (Concurrent Start) (G1 Humongous Allocation)
[18.265s][info   ][gc,task     ] GC(1166) Using 4 workers of 4 for evacuation
[18.266s][info   ][gc,phases   ] GC(1166)   Pre Evacuate Collection Set: 0.2ms
[18.266s][info   ][gc,phases   ] GC(1166)   Merge Heap Roots: 0.1ms
[18.266s][info   ][gc,phases   ] GC(1166)   Evacuate Collection Set: 0.3ms
[18.266s][info   ][gc,phases   ] GC(1166)   Post Evacuate Collection Set: 0.6ms
[18.266s][info   ][gc,phases   ] GC(1166)   Other: 0.2ms
[18.266s][info   ][gc,heap     ] GC(1166) Eden regions: 0->0(1198)
[18.266s][info   ][gc,heap     ] GC(1166) Survivor regions: 0->0(150)
[18.266s][info   ][gc,heap     ] GC(1166) Old regions: 1->1
[18.266s][info   ][gc,heap     ] GC(1166) Archive regions: 2->2
[18.266s][info   ][gc,heap     ] GC(1166) Humongous regions: 920->542
[18.266s][info   ][gc,metaspace] GC(1166) Metaspace: 158K(384K)->158K(384K) NonClass: 150K(256K)->150K(256K) Class: 8K(128K)->8K(128K)
[18.266s][info   ][gc          ] GC(1166) Pause Young (Concurrent Start) (G1 Humongous Allocation) 921M->543M(2048M) 1.387ms
[18.266s][info   ][gc,cpu      ] GC(1166) User=0.00s Sys=0.01s Real=0.00s
[18.266s][info   ][gc          ] GC(1167) Concurrent Undo Cycle
[18.266s][info   ][gc,marking  ] GC(1167) Concurrent Cleanup for Next Mark
[18.280s][info   ][gc,marking  ] GC(1167) Concurrent Cleanup for Next Mark 14.049ms
[18.280s][info   ][gc          ] GC(1167) Concurrent Undo Cycle 14.274ms
[18.281s][info   ][gc,start    ] GC(1168) Pause Young (Concurrent Start) (G1 Humongous Allocation)
[18.281s][info   ][gc,task     ] GC(1168) Using 4 workers of 4 for evacuation
[18.282s][info   ][gc,phases   ] GC(1168)   Pre Evacuate Collection Set: 0.2ms
[18.282s][info   ][gc,phases   ] GC(1168)   Merge Heap Roots: 0.1ms
[18.282s][info   ][gc,phases   ] GC(1168)   Evacuate Collection Set: 0.3ms
[18.282s][info   ][gc,phases   ] GC(1168)   Post Evacuate Collection Set: 0.4ms
[18.282s][info   ][gc,phases   ] GC(1168)   Other: 0.2ms
[18.282s][info   ][gc,heap     ] GC(1168) Eden regions: 0->0(1228)
[18.282s][info   ][gc,heap     ] GC(1168) Survivor regions: 0->0(150)
[18.282s][info   ][gc,heap     ] GC(1168) Old regions: 1->1
[18.282s][info   ][gc,heap     ] GC(1168) Archive regions: 2->2
[18.282s][info   ][gc,heap     ] GC(1168) Humongous regions: 700->498
[18.282s][info   ][gc,metaspace] GC(1168) Metaspace: 158K(384K)->158K(384K) NonClass: 150K(256K)->150K(256K) Class: 8K(128K)->8K(128K)
[18.282s][info   ][gc          ] GC(1168) Pause Young (Concurrent Start) (G1 Humongous Allocation) 701M->499M(2048M) 1.268ms
[18.282s][info   ][gc,cpu      ] GC(1168) User=0.00s Sys=0.00s Real=0.00s
[18.282s][info   ][gc          ] GC(1169) Concurrent Undo Cycle
[18.282s][info   ][gc,marking  ] GC(1169) Concurrent Cleanup for Next Mark
[18.299s][info   ][gc,marking  ] GC(1169) Concurrent Cleanup for Next Mark 16.609ms
[18.299s][info   ][gc          ] GC(1169) Concurrent Undo Cycle 16.811ms
[18.314s][info   ][gc,start    ] GC(1170) Pause Young (Concurrent Start) (G1 Humongous Allocation)
[18.314s][info   ][gc,task     ] GC(1170) Using 4 workers of 4 for evacuation
[18.315s][info   ][gc,phases   ] GC(1170)   Pre Evacuate Collection Set: 0.2ms
[18.315s][info   ][gc,phases   ] GC(1170)   Merge Heap Roots: 0.1ms
[18.315s][info   ][gc,phases   ] GC(1170)   Evacuate Collection Set: 0.4ms
[18.315s][info   ][gc,phases   ] GC(1170)   Post Evacuate Collection Set: 0.5ms
[18.315s][info   ][gc,phases   ] GC(1170)   Other: 0.2ms
[18.315s][info   ][gc,heap     ] GC(1170) Eden regions: 0->0(1202)
[18.315s][info   ][gc,heap     ] GC(1170) Survivor regions: 0->0(154)
[18.315s][info   ][gc,heap     ] GC(1170) Old regions: 1->1
[18.315s][info   ][gc,heap     ] GC(1170) Archive regions: 2->2
[18.315s][info   ][gc,heap     ] GC(1170) Humongous regions: 918->538
[18.315s][info   ][gc,metaspace] GC(1170) Metaspace: 158K(384K)->158K(384K) NonClass: 150K(256K)->150K(256K) Class: 8K(128K)->8K(128K)
[18.315s][info   ][gc          ] GC(1170) Pause Young (Concurrent Start) (G1 Humongous Allocation) 919M->539M(2048M) 1.472ms
[18.315s][info   ][gc,cpu      ] GC(1170) User=0.00s Sys=0.00s Real=0.00s
[18.315s][info   ][gc          ] GC(1171) Concurrent Undo Cycle
[18.315s][info   ][gc,marking  ] GC(1171) Concurrent Cleanup for Next Mark
[18.340s][info   ][gc,marking  ] GC(1171) Concurrent Cleanup for Next Mark 25.000ms
[18.340s][info   ][gc          ] GC(1171) Concurrent Undo Cycle 25.185ms
[18.345s][info   ][gc,start    ] GC(1172) Pause Young (Concurrent Start) (G1 Humongous Allocation)
[18.345s][info   ][gc,task     ] GC(1172) Using 4 workers of 4 for evacuation
[18.346s][info   ][gc,phases   ] GC(1172)   Pre Evacuate Collection Set: 0.2ms
[18.346s][info   ][gc,phases   ] GC(1172)   Merge Heap Roots: 0.1ms
[18.346s][info   ][gc,phases   ] GC(1172)   Evacuate Collection Set: 0.5ms
[18.346s][info   ][gc,phases   ] GC(1172)   Post Evacuate Collection Set: 0.5ms
[18.346s][info   ][gc,phases   ] GC(1172)   Other: 0.2ms
[18.346s][info   ][gc,heap     ] GC(1172) Eden regions: 0->0(1202)
[18.346s][info   ][gc,heap     ] GC(1172) Survivor regions: 0->0(151)
[18.346s][info   ][gc,heap     ] GC(1172) Old regions: 1->1
[18.346s][info   ][gc,heap     ] GC(1172) Archive regions: 2->2
[18.346s][info   ][gc,heap     ] GC(1172) Humongous regions: 918->538
[18.346s][info   ][gc,metaspace] GC(1172) Metaspace: 158K(384K)->158K(384K) NonClass: 150K(256K)->150K(256K) Class: 8K(128K)->8K(128K)
[18.346s][info   ][gc          ] GC(1172) Pause Young (Concurrent Start) (G1 Humongous Allocation) 919M->539M(2048M) 1.611ms
[18.346s][info   ][gc,cpu      ] GC(1172) User=0.00s Sys=0.00s Real=0.00s
[18.346s][info   ][gc          ] GC(1173) Concurrent Undo Cycle
[18.346s][info   ][gc,marking  ] GC(1173) Concurrent Cleanup for Next Mark
[18.375s][info   ][gc,marking  ] GC(1173) Concurrent Cleanup for Next Mark 28.116ms
[18.375s][info   ][gc          ] GC(1173) Concurrent Undo Cycle 28.293ms
[18.379s][info   ][gc,start    ] GC(1174) Pause Young (Concurrent Start) (G1 Humongous Allocation)
[18.379s][info   ][gc,task     ] GC(1174) Using 4 workers of 4 for evacuation
[18.380s][info   ][gc,phases   ] GC(1174)   Pre Evacuate Collection Set: 0.2ms
[18.380s][info   ][gc,phases   ] GC(1174)   Merge Heap Roots: 0.1ms
[18.380s][info   ][gc,phases   ] GC(1174)   Evacuate Collection Set: 0.3ms
[18.380s][info   ][gc,phases   ] GC(1174)   Post Evacuate Collection Set: 0.7ms
[18.380s][info   ][gc,phases   ] GC(1174)   Other: 0.3ms
[18.380s][info   ][gc,heap     ] GC(1174) Eden regions: 0->0(1197)
[18.380s][info   ][gc,heap     ] GC(1174) Survivor regions: 0->0(151)
[18.380s][info   ][gc,heap     ] GC(1174) Old regions: 1->1
[18.380s][info   ][gc,heap     ] GC(1174) Archive regions: 2->2
[18.380s][info   ][gc,heap     ] GC(1174) Humongous regions: 920->544
[18.380s][info   ][gc,metaspace] GC(1174) Metaspace: 158K(384K)->158K(384K) NonClass: 150K(256K)->150K(256K) Class: 8K(128K)->8K(128K)
[18.380s][info   ][gc          ] GC(1174) Pause Young (Concurrent Start) (G1 Humongous Allocation) 921M->545M(2048M) 1.854ms
[18.380s][info   ][gc,cpu      ] GC(1174) User=0.00s Sys=0.00s Real=0.00s
[18.381s][info   ][gc          ] GC(1175) Concurrent Undo Cycle
[18.381s][info   ][gc,marking  ] GC(1175) Concurrent Cleanup for Next Mark
[18.406s][info   ][gc,marking  ] GC(1175) Concurrent Cleanup for Next Mark 25.213ms
[18.406s][info   ][gc          ] GC(1175) Concurrent Undo Cycle 25.466ms
[18.416s][info   ][gc,start    ] GC(1176) Pause Young (Concurrent Start) (G1 Humongous Allocation)
[18.416s][info   ][gc,task     ] GC(1176) Using 4 workers of 4 for evacuation
[18.418s][info   ][gc,phases   ] GC(1176)   Pre Evacuate Collection Set: 0.3ms
[18.418s][info   ][gc,phases   ] GC(1176)   Merge Heap Roots: 0.2ms
[18.418s][info   ][gc,phases   ] GC(1176)   Evacuate Collection Set: 0.5ms
[18.418s][info   ][gc,phases   ] GC(1176)   Post Evacuate Collection Set: 1.0ms
[18.418s][info   ][gc,phases   ] GC(1176)   Other: 0.3ms
[18.418s][info   ][gc,heap     ] GC(1176) Eden regions: 0->0(1169)
[18.418s][info   ][gc,heap     ] GC(1176) Survivor regions: 0->0(150)
[18.418s][info   ][gc,heap     ] GC(1176) Old regions: 1->1
[18.418s][info   ][gc,heap     ] GC(1176) Archive regions: 2->2
[18.418s][info   ][gc,heap     ] GC(1176) Humongous regions: 918->574
[18.418s][info   ][gc,metaspace] GC(1176) Metaspace: 158K(384K)->158K(384K) NonClass: 150K(256K)->150K(256K) Class: 8K(128K)->8K(128K)
[18.418s][info   ][gc          ] GC(1176) Pause Young (Concurrent Start) (G1 Humongous Allocation) 919M->575M(2048M) 2.279ms
[18.418s][info   ][gc,cpu      ] GC(1176) User=0.00s Sys=0.00s Real=0.00s
[18.418s][info   ][gc          ] GC(1177) Concurrent Undo Cycle
[18.418s][info   ][gc,marking  ] GC(1177) Concurrent Cleanup for Next Mark
[18.431s][info   ][gc,marking  ] GC(1177) Concurrent Cleanup for Next Mark 13.418ms
[18.432s][info   ][gc          ] GC(1177) Concurrent Undo Cycle 13.595ms
[18.448s][info   ][gc,start    ] GC(1178) Pause Young (Concurrent Start) (G1 Humongous Allocation)
[18.448s][info   ][gc,task     ] GC(1178) Using 4 workers of 4 for evacuation
[18.449s][info   ][gc,phases   ] GC(1178)   Pre Evacuate Collection Set: 0.3ms
[18.449s][info   ][gc,phases   ] GC(1178)   Merge Heap Roots: 0.1ms
[18.449s][info   ][gc,phases   ] GC(1178)   Evacuate Collection Set: 0.6ms
[18.449s][info   ][gc,phases   ] GC(1178)   Post Evacuate Collection Set: 0.6ms
[18.449s][info   ][gc,phases   ] GC(1178)   Other: 0.2ms
[18.449s][info   ][gc,heap     ] GC(1178) Eden regions: 0->0(1124)
[18.449s][info   ][gc,heap     ] GC(1178) Survivor regions: 0->0(147)
[18.449s][info   ][gc,heap     ] GC(1178) Old regions: 1->1
[18.449s][info   ][gc,heap     ] GC(1178) Archive regions: 2->2
[18.449s][info   ][gc,heap     ] GC(1178) Humongous regions: 918->622
[18.449s][info   ][gc,metaspace] GC(1178) Metaspace: 158K(384K)->158K(384K) NonClass: 150K(256K)->150K(256K) Class: 8K(128K)->8K(128K)
[18.449s][info   ][gc          ] GC(1178) Pause Young (Concurrent Start) (G1 Humongous Allocation) 919M->623M(2048M) 1.843ms
[18.449s][info   ][gc,cpu      ] GC(1178) User=0.01s Sys=0.00s Real=0.01s
[18.449s][info   ][gc          ] GC(1179) Concurrent Undo Cycle
[18.450s][info   ][gc,marking  ] GC(1179) Concurrent Cleanup for Next Mark
[18.464s][info   ][gc,marking  ] GC(1179) Concurrent Cleanup for Next Mark 14.397ms
[18.464s][info   ][gc          ] GC(1179) Concurrent Undo Cycle 14.662ms
[18.473s][info   ][gc,start    ] GC(1180) Pause Young (Concurrent Start) (G1 Humongous Allocation)
[18.473s][info   ][gc,task     ] GC(1180) Using 4 workers of 4 for evacuation
[18.474s][info   ][gc,phases   ] GC(1180)   Pre Evacuate Collection Set: 0.2ms
[18.474s][info   ][gc,phases   ] GC(1180)   Merge Heap Roots: 0.1ms
[18.474s][info   ][gc,phases   ] GC(1180)   Evacuate Collection Set: 0.3ms
[18.474s][info   ][gc,phases   ] GC(1180)   Post Evacuate Collection Set: 0.5ms
[18.474s][info   ][gc,phases   ] GC(1180)   Other: 0.2ms
[18.474s][info   ][gc,heap     ] GC(1180) Eden regions: 0->0(1147)
[18.475s][info   ][gc,heap     ] GC(1180) Survivor regions: 0->0(141)
[18.475s][info   ][gc,heap     ] GC(1180) Old regions: 1->1
[18.475s][info   ][gc,heap     ] GC(1180) Archive regions: 2->2
[18.475s][info   ][gc,heap     ] GC(1180) Humongous regions: 918->598
[18.475s][info   ][gc,metaspace] GC(1180) Metaspace: 158K(384K)->158K(384K) NonClass: 150K(256K)->150K(256K) Class: 8K(128K)->8K(128K)
[18.475s][info   ][gc          ] GC(1180) Pause Young (Concurrent Start) (G1 Humongous Allocation) 919M->599M(2048M) 1.428ms
[18.475s][info   ][gc,cpu      ] GC(1180) User=0.00s Sys=0.00s Real=0.00s
[18.475s][info   ][gc          ] GC(1181) Concurrent Undo Cycle
[18.475s][info   ][gc,marking  ] GC(1181) Concurrent Cleanup for Next Mark
[18.500s][info   ][gc,marking  ] GC(1181) Concurrent Cleanup for Next Mark 25.060ms
[18.500s][info   ][gc          ] GC(1181) Concurrent Undo Cycle 25.288ms
[18.501s][info   ][gc,start    ] GC(1182) Pause Young (Concurrent Start) (G1 Humongous Allocation)
[18.501s][info   ][gc,task     ] GC(1182) Using 4 workers of 4 for evacuation
[18.503s][info   ][gc,phases   ] GC(1182)   Pre Evacuate Collection Set: 0.2ms
[18.503s][info   ][gc,phases   ] GC(1182)   Merge Heap Roots: 0.2ms
[18.503s][info   ][gc,phases   ] GC(1182)   Evacuate Collection Set: 1.1ms
[18.503s][info   ][gc,phases   ] GC(1182)   Post Evacuate Collection Set: 0.6ms
[18.503s][info   ][gc,phases   ] GC(1182)   Other: 0.2ms
[18.503s][info   ][gc,heap     ] GC(1182) Eden regions: 0->0(1187)
[18.503s][info   ][gc,heap     ] GC(1182) Survivor regions: 0->0(144)
[18.503s][info   ][gc,heap     ] GC(1182) Old regions: 1->1
[18.503s][info   ][gc,heap     ] GC(1182) Archive regions: 2->2
[18.503s][info   ][gc,heap     ] GC(1182) Humongous regions: 930->554
[18.503s][info   ][gc,metaspace] GC(1182) Metaspace: 158K(384K)->158K(384K) NonClass: 150K(256K)->150K(256K) Class: 8K(128K)->8K(128K)
[18.503s][info   ][gc          ] GC(1182) Pause Young (Concurrent Start) (G1 Humongous Allocation) 931M->555M(2048M) 2.357ms
[18.503s][info   ][gc,cpu      ] GC(1182) User=0.00s Sys=0.00s Real=0.00s
[18.503s][info   ][gc          ] GC(1183) Concurrent Undo Cycle
[18.503s][info   ][gc,marking  ] GC(1183) Concurrent Cleanup for Next Mark
[18.523s][info   ][gc,marking  ] GC(1183) Concurrent Cleanup for Next Mark 20.292ms
[18.524s][info   ][gc          ] GC(1183) Concurrent Undo Cycle 20.542ms
[18.531s][info   ][gc,start    ] GC(1184) Pause Young (Concurrent Start) (G1 Humongous Allocation)
[18.531s][info   ][gc,task     ] GC(1184) Using 4 workers of 4 for evacuation
[18.532s][info   ][gc,phases   ] GC(1184)   Pre Evacuate Collection Set: 0.2ms
[18.532s][info   ][gc,phases   ] GC(1184)   Merge Heap Roots: 0.2ms
[18.532s][info   ][gc,phases   ] GC(1184)   Evacuate Collection Set: 0.3ms
[18.532s][info   ][gc,phases   ] GC(1184)   Post Evacuate Collection Set: 0.6ms
[18.532s][info   ][gc,phases   ] GC(1184)   Other: 0.2ms
[18.532s][info   ][gc,heap     ] GC(1184) Eden regions: 0->0(1139)
[18.532s][info   ][gc,heap     ] GC(1184) Survivor regions: 0->0(149)
[18.532s][info   ][gc,heap     ] GC(1184) Old regions: 1->1
[18.532s][info   ][gc,heap     ] GC(1184) Archive regions: 2->2
[18.532s][info   ][gc,heap     ] GC(1184) Humongous regions: 918->606
[18.532s][info   ][gc,metaspace] GC(1184) Metaspace: 158K(384K)->158K(384K) NonClass: 150K(256K)->150K(256K) Class: 8K(128K)->8K(128K)
[18.532s][info   ][gc          ] GC(1184) Pause Young (Concurrent Start) (G1 Humongous Allocation) 919M->607M(2048M) 1.543ms
[18.532s][info   ][gc,cpu      ] GC(1184) User=0.00s Sys=0.01s Real=0.00s
[18.532s][info   ][gc          ] GC(1185) Concurrent Undo Cycle
[18.532s][info   ][gc,marking  ] GC(1185) Concurrent Cleanup for Next Mark
[18.548s][info   ][gc,marking  ] GC(1185) Concurrent Cleanup for Next Mark 16.318ms
[18.549s][info   ][gc          ] GC(1185) Concurrent Undo Cycle 16.526ms
[18.557s][info   ][gc,start    ] GC(1186) Pause Young (Concurrent Start) (G1 Humongous Allocation)
[18.558s][info   ][gc,task     ] GC(1186) Using 4 workers of 4 for evacuation
[18.559s][info   ][gc,phases   ] GC(1186)   Pre Evacuate Collection Set: 0.3ms
[18.559s][info   ][gc,phases   ] GC(1186)   Merge Heap Roots: 0.1ms
[18.559s][info   ][gc,phases   ] GC(1186)   Evacuate Collection Set: 0.3ms
[18.559s][info   ][gc,phases   ] GC(1186)   Post Evacuate Collection Set: 0.6ms
[18.559s][info   ][gc,phases   ] GC(1186)   Other: 0.3ms
[18.559s][info   ][gc,heap     ] GC(1186) Eden regions: 0->0(1154)
[18.559s][info   ][gc,heap     ] GC(1186) Survivor regions: 0->0(143)
[18.559s][info   ][gc,heap     ] GC(1186) Old regions: 1->1
[18.559s][info   ][gc,heap     ] GC(1186) Archive regions: 2->2
[18.559s][info   ][gc,heap     ] GC(1186) Humongous regions: 918->590
[18.559s][info   ][gc,metaspace] GC(1186) Metaspace: 158K(384K)->158K(384K) NonClass: 150K(256K)->150K(256K) Class: 8K(128K)->8K(128K)
[18.559s][info   ][gc          ] GC(1186) Pause Young (Concurrent Start) (G1 Humongous Allocation) 919M->591M(2048M) 1.642ms
[18.559s][info   ][gc,cpu      ] GC(1186) User=0.00s Sys=0.00s Real=0.01s
[18.559s][info   ][gc          ] GC(1187) Concurrent Undo Cycle
[18.559s][info   ][gc,marking  ] GC(1187) Concurrent Cleanup for Next Mark
[18.579s][info   ][gc,marking  ] GC(1187) Concurrent Cleanup for Next Mark 19.995ms
[18.580s][info   ][gc          ] GC(1187) Concurrent Undo Cycle 20.373ms
[18.586s][info   ][gc,start    ] GC(1188) Pause Young (Concurrent Start) (G1 Humongous Allocation)
[18.586s][info   ][gc,task     ] GC(1188) Using 4 workers of 4 for evacuation
[18.588s][info   ][gc,phases   ] GC(1188)   Pre Evacuate Collection Set: 0.3ms
[18.588s][info   ][gc,phases   ] GC(1188)   Merge Heap Roots: 0.2ms
[18.588s][info   ][gc,phases   ] GC(1188)   Evacuate Collection Set: 0.4ms
[18.588s][info   ][gc,phases   ] GC(1188)   Post Evacuate Collection Set: 0.6ms
[18.588s][info   ][gc,phases   ] GC(1188)   Other: 0.4ms
[18.588s][info   ][gc,heap     ] GC(1188) Eden regions: 0->0(1228)
[18.588s][info   ][gc,heap     ] GC(1188) Survivor regions: 0->0(145)
[18.588s][info   ][gc,heap     ] GC(1188) Old regions: 1->1
[18.588s][info   ][gc,heap     ] GC(1188) Archive regions: 2->2
[18.588s][info   ][gc,heap     ] GC(1188) Humongous regions: 918->500
[18.588s][info   ][gc,metaspace] GC(1188) Metaspace: 158K(384K)->158K(384K) NonClass: 150K(256K)->150K(256K) Class: 8K(128K)->8K(128K)
[18.588s][info   ][gc          ] GC(1188) Pause Young (Concurrent Start) (G1 Humongous Allocation) 919M->501M(2048M) 1.883ms
[18.588s][info   ][gc,cpu      ] GC(1188) User=0.01s Sys=0.00s Real=0.00s
[18.588s][info   ][gc          ] GC(1189) Concurrent Undo Cycle
[18.588s][info   ][gc,marking  ] GC(1189) Concurrent Cleanup for Next Mark
[18.616s][info   ][gc,marking  ] GC(1189) Concurrent Cleanup for Next Mark 28.557ms
[18.617s][info   ][gc          ] GC(1189) Concurrent Undo Cycle 28.768ms
[18.621s][info   ][gc,start    ] GC(1190) Pause Young (Concurrent Start) (G1 Humongous Allocation)
[18.621s][info   ][gc,task     ] GC(1190) Using 4 workers of 4 for evacuation
[18.623s][info   ][gc,phases   ] GC(1190)   Pre Evacuate Collection Set: 0.2ms
[18.623s][info   ][gc,phases   ] GC(1190)   Merge Heap Roots: 0.1ms
[18.623s][info   ][gc,phases   ] GC(1190)   Evacuate Collection Set: 0.3ms
[18.623s][info   ][gc,phases   ] GC(1190)   Post Evacuate Collection Set: 0.6ms
[18.623s][info   ][gc,phases   ] GC(1190)   Other: 0.2ms
[18.623s][info   ][gc,heap     ] GC(1190) Eden regions: 0->0(1228)
[18.623s][info   ][gc,heap     ] GC(1190) Survivor regions: 0->0(154)
[18.623s][info   ][gc,heap     ] GC(1190) Old regions: 1->1
[18.623s][info   ][gc,heap     ] GC(1190) Archive regions: 2->2
[18.623s][info   ][gc,heap     ] GC(1190) Humongous regions: 918->476
[18.623s][info   ][gc,metaspace] GC(1190) Metaspace: 158K(384K)->158K(384K) NonClass: 150K(256K)->150K(256K) Class: 8K(128K)->8K(128K)
[18.623s][info   ][gc          ] GC(1190) Pause Young (Concurrent Start) (G1 Humongous Allocation) 919M->477M(2048M) 1.532ms
[18.623s][info   ][gc,cpu      ] GC(1190) User=0.00s Sys=0.00s Real=0.00s
[18.623s][info   ][gc          ] GC(1191) Concurrent Undo Cycle
[18.623s][info   ][gc,marking  ] GC(1191) Concurrent Cleanup for Next Mark
[18.644s][info   ][gc,marking  ] GC(1191) Concurrent Cleanup for Next Mark 20.975ms
[18.644s][info   ][gc          ] GC(1191) Concurrent Undo Cycle 21.193ms
[18.656s][info   ][gc,start    ] GC(1192) Pause Young (Concurrent Start) (G1 Humongous Allocation)
[18.656s][info   ][gc,task     ] GC(1192) Using 4 workers of 4 for evacuation
[18.657s][info   ][gc,phases   ] GC(1192)   Pre Evacuate Collection Set: 0.2ms
[18.658s][info   ][gc,phases   ] GC(1192)   Merge Heap Roots: 0.1ms
[18.658s][info   ][gc,phases   ] GC(1192)   Evacuate Collection Set: 0.3ms
[18.658s][info   ][gc,phases   ] GC(1192)   Post Evacuate Collection Set: 0.6ms
[18.658s][info   ][gc,phases   ] GC(1192)   Other: 0.2ms
[18.658s][info   ][gc,heap     ] GC(1192) Eden regions: 0->0(1222)
[18.658s][info   ][gc,heap     ] GC(1192) Survivor regions: 0->0(154)
[18.658s][info   ][gc,heap     ] GC(1192) Old regions: 1->1
[18.658s][info   ][gc,heap     ] GC(1192) Archive regions: 2->2
[18.658s][info   ][gc,heap     ] GC(1192) Humongous regions: 918->516
[18.658s][info   ][gc,metaspace] GC(1192) Metaspace: 158K(384K)->158K(384K) NonClass: 150K(256K)->150K(256K) Class: 8K(128K)->8K(128K)
[18.658s][info   ][gc          ] GC(1192) Pause Young (Concurrent Start) (G1 Humongous Allocation) 919M->517M(2048M) 1.482ms
[18.658s][info   ][gc,cpu      ] GC(1192) User=0.00s Sys=0.00s Real=0.00s
[18.658s][info   ][gc          ] GC(1193) Concurrent Undo Cycle
[18.658s][info   ][gc,marking  ] GC(1193) Concurrent Cleanup for Next Mark
[18.679s][info   ][gc,marking  ] GC(1193) Concurrent Cleanup for Next Mark 20.929ms
[18.679s][info   ][gc          ] GC(1193) Concurrent Undo Cycle 21.166ms
[18.688s][info   ][gc,start    ] GC(1194) Pause Young (Concurrent Start) (G1 Humongous Allocation)
[18.688s][info   ][gc,task     ] GC(1194) Using 4 workers of 4 for evacuation
[18.690s][info   ][gc,phases   ] GC(1194)   Pre Evacuate Collection Set: 0.2ms
[18.690s][info   ][gc,phases   ] GC(1194)   Merge Heap Roots: 0.1ms
[18.690s][info   ][gc,phases   ] GC(1194)   Evacuate Collection Set: 0.2ms
[18.690s][info   ][gc,phases   ] GC(1194)   Post Evacuate Collection Set: 0.6ms
[18.690s][info   ][gc,phases   ] GC(1194)   Other: 0.2ms
[18.690s][info   ][gc,heap     ] GC(1194) Eden regions: 0->0(1217)
[18.690s][info   ][gc,heap     ] GC(1194) Survivor regions: 0->0(153)
[18.690s][info   ][gc,heap     ] GC(1194) Old regions: 1->1
[18.690s][info   ][gc,heap     ] GC(1194) Archive regions: 2->2
[18.690s][info   ][gc,heap     ] GC(1194) Humongous regions: 918->522
[18.690s][info   ][gc,metaspace] GC(1194) Metaspace: 158K(384K)->158K(384K) NonClass: 150K(256K)->150K(256K) Class: 8K(128K)->8K(128K)
[18.690s][info   ][gc          ] GC(1194) Pause Young (Concurrent Start) (G1 Humongous Allocation) 919M->523M(2048M) 1.479ms
[18.690s][info   ][gc,cpu      ] GC(1194) User=0.00s Sys=0.00s Real=0.00s
[18.690s][info   ][gc          ] GC(1195) Concurrent Undo Cycle
[18.690s][info   ][gc,marking  ] GC(1195) Concurrent Cleanup for Next Mark
[18.716s][info   ][gc,marking  ] GC(1195) Concurrent Cleanup for Next Mark 26.298ms
[18.716s][info   ][gc          ] GC(1195) Concurrent Undo Cycle 26.421ms
[18.721s][info   ][gc,start    ] GC(1196) Pause Young (Concurrent Start) (G1 Humongous Allocation)
[18.721s][info   ][gc,task     ] GC(1196) Using 4 workers of 4 for evacuation
[18.723s][info   ][gc,phases   ] GC(1196)   Pre Evacuate Collection Set: 0.3ms
[18.723s][info   ][gc,phases   ] GC(1196)   Merge Heap Roots: 0.1ms
[18.723s][info   ][gc,phases   ] GC(1196)   Evacuate Collection Set: 0.3ms
[18.723s][info   ][gc,phases   ] GC(1196)   Post Evacuate Collection Set: 0.6ms
[18.723s][info   ][gc,phases   ] GC(1196)   Other: 0.2ms
[18.723s][info   ][gc,heap     ] GC(1196) Eden regions: 0->0(1224)
[18.723s][info   ][gc,heap     ] GC(1196) Survivor regions: 0->0(153)
[18.723s][info   ][gc,heap     ] GC(1196) Old regions: 1->1
[18.723s][info   ][gc,heap     ] GC(1196) Archive regions: 2->2
[18.723s][info   ][gc,heap     ] GC(1196) Humongous regions: 918->514
[18.723s][info   ][gc,metaspace] GC(1196) Metaspace: 158K(384K)->158K(384K) NonClass: 150K(256K)->150K(256K) Class: 8K(128K)->8K(128K)
[18.723s][info   ][gc          ] GC(1196) Pause Young (Concurrent Start) (G1 Humongous Allocation) 919M->515M(2048M) 1.500ms
[18.723s][info   ][gc,cpu      ] GC(1196) User=0.00s Sys=0.00s Real=0.00s
[18.723s][info   ][gc          ] GC(1197) Concurrent Undo Cycle
[18.723s][info   ][gc,marking  ] GC(1197) Concurrent Cleanup for Next Mark
[18.732s][info   ][gc,marking  ] GC(1197) Concurrent Cleanup for Next Mark 9.244ms
[18.732s][info   ][gc          ] GC(1197) Concurrent Undo Cycle 9.424ms
[18.753s][info   ][gc,start    ] GC(1198) Pause Young (Concurrent Start) (G1 Humongous Allocation)
[18.753s][info   ][gc,task     ] GC(1198) Using 4 workers of 4 for evacuation
[18.755s][info   ][gc,phases   ] GC(1198)   Pre Evacuate Collection Set: 0.2ms
[18.755s][info   ][gc,phases   ] GC(1198)   Merge Heap Roots: 0.1ms
[18.755s][info   ][gc,phases   ] GC(1198)   Evacuate Collection Set: 0.3ms
[18.755s][info   ][gc,phases   ] GC(1198)   Post Evacuate Collection Set: 0.5ms
[18.755s][info   ][gc,phases   ] GC(1198)   Other: 0.2ms
[18.755s][info   ][gc,heap     ] GC(1198) Eden regions: 0->0(1193)
[18.755s][info   ][gc,heap     ] GC(1198) Survivor regions: 0->0(153)
[18.755s][info   ][gc,heap     ] GC(1198) Old regions: 1->1
[18.755s][info   ][gc,heap     ] GC(1198) Archive regions: 2->2
[18.755s][info   ][gc,heap     ] GC(1198) Humongous regions: 918->548
[18.755s][info   ][gc,metaspace] GC(1198) Metaspace: 158K(384K)->158K(384K) NonClass: 150K(256K)->150K(256K) Class: 8K(128K)->8K(128K)
[18.755s][info   ][gc          ] GC(1198) Pause Young (Concurrent Start) (G1 Humongous Allocation) 919M->549M(2048M) 1.435ms
[18.755s][info   ][gc,cpu      ] GC(1198) User=0.00s Sys=0.00s Real=0.00s
[18.755s][info   ][gc          ] GC(1199) Concurrent Undo Cycle
[18.755s][info   ][gc,marking  ] GC(1199) Concurrent Cleanup for Next Mark
[18.773s][info   ][gc,marking  ] GC(1199) Concurrent Cleanup for Next Mark 18.276ms
[18.773s][info   ][gc          ] GC(1199) Concurrent Undo Cycle 18.442ms
[18.786s][info   ][gc,start    ] GC(1200) Pause Young (Concurrent Start) (G1 Humongous Allocation)
[18.786s][info   ][gc,task     ] GC(1200) Using 4 workers of 4 for evacuation
[18.787s][info   ][gc,phases   ] GC(1200)   Pre Evacuate Collection Set: 0.2ms
[18.787s][info   ][gc,phases   ] GC(1200)   Merge Heap Roots: 0.1ms
[18.787s][info   ][gc,phases   ] GC(1200)   Evacuate Collection Set: 0.3ms
[18.787s][info   ][gc,phases   ] GC(1200)   Post Evacuate Collection Set: 0.6ms
[18.787s][info   ][gc,phases   ] GC(1200)   Other: 0.2ms
[18.787s][info   ][gc,heap     ] GC(1200) Eden regions: 0->0(1228)
[18.787s][info   ][gc,heap     ] GC(1200) Survivor regions: 0->0(150)
[18.787s][info   ][gc,heap     ] GC(1200) Old regions: 1->1
[18.787s][info   ][gc,heap     ] GC(1200) Archive regions: 2->2
[18.787s][info   ][gc,heap     ] GC(1200) Humongous regions: 918->500
[18.787s][info   ][gc,metaspace] GC(1200) Metaspace: 158K(384K)->158K(384K) NonClass: 150K(256K)->150K(256K) Class: 8K(128K)->8K(128K)
[18.787s][info   ][gc          ] GC(1200) Pause Young (Concurrent Start) (G1 Humongous Allocation) 919M->501M(2048M) 1.458ms
[18.787s][info   ][gc,cpu      ] GC(1200) User=0.00s Sys=0.00s Real=0.00s
[18.787s][info   ][gc          ] GC(1201) Concurrent Undo Cycle
[18.787s][info   ][gc,marking  ] GC(1201) Concurrent Cleanup for Next Mark
[18.804s][info   ][gc,marking  ] GC(1201) Concurrent Cleanup for Next Mark 16.271ms
[18.804s][info   ][gc          ] GC(1201) Concurrent Undo Cycle 16.659ms
[18.820s][info   ][gc,start    ] GC(1202) Pause Young (Concurrent Start) (G1 Humongous Allocation)
[18.820s][info   ][gc,task     ] GC(1202) Using 4 workers of 4 for evacuation
[18.822s][info   ][gc,phases   ] GC(1202)   Pre Evacuate Collection Set: 0.2ms
[18.822s][info   ][gc,phases   ] GC(1202)   Merge Heap Roots: 0.1ms
[18.822s][info   ][gc,phases   ] GC(1202)   Evacuate Collection Set: 0.3ms
[18.822s][info   ][gc,phases   ] GC(1202)   Post Evacuate Collection Set: 0.9ms
[18.822s][info   ][gc,phases   ] GC(1202)   Other: 0.3ms
[18.822s][info   ][gc,heap     ] GC(1202) Eden regions: 0->0(1228)
[18.822s][info   ][gc,heap     ] GC(1202) Survivor regions: 0->0(154)
[18.822s][info   ][gc,heap     ] GC(1202) Old regions: 1->1
[18.822s][info   ][gc,heap     ] GC(1202) Archive regions: 2->2
[18.822s][info   ][gc,heap     ] GC(1202) Humongous regions: 918->470
[18.822s][info   ][gc,metaspace] GC(1202) Metaspace: 158K(384K)->158K(384K) NonClass: 150K(256K)->150K(256K) Class: 8K(128K)->8K(128K)
[18.822s][info   ][gc          ] GC(1202) Pause Young (Concurrent Start) (G1 Humongous Allocation) 919M->471M(2048M) 1.959ms
[18.822s][info   ][gc,cpu      ] GC(1202) User=0.00s Sys=0.00s Real=0.00s
[18.822s][info   ][gc          ] GC(1203) Concurrent Undo Cycle
[18.822s][info   ][gc,marking  ] GC(1203) Concurrent Cleanup for Next Mark
[18.867s][info   ][gc,marking  ] GC(1203) Concurrent Cleanup for Next Mark 45.568ms
[18.868s][info   ][gc          ] GC(1203) Concurrent Undo Cycle 45.788ms
[18.868s][info   ][gc,start    ] GC(1204) Pause Young (Concurrent Start) (G1 Humongous Allocation)
[18.868s][info   ][gc,task     ] GC(1204) Using 4 workers of 4 for evacuation
[18.869s][info   ][gc,phases   ] GC(1204)   Pre Evacuate Collection Set: 0.2ms
[18.870s][info   ][gc,phases   ] GC(1204)   Merge Heap Roots: 0.1ms
[18.870s][info   ][gc,phases   ] GC(1204)   Evacuate Collection Set: 0.2ms
[18.870s][info   ][gc,phases   ] GC(1204)   Post Evacuate Collection Set: 0.7ms
[18.870s][info   ][gc,phases   ] GC(1204)   Other: 0.2ms
[18.870s][info   ][gc,heap     ] GC(1204) Eden regions: 0->0(1228)
[18.870s][info   ][gc,heap     ] GC(1204) Survivor regions: 0->0(154)
[18.870s][info   ][gc,heap     ] GC(1204) Old regions: 1->1
[18.870s][info   ][gc,heap     ] GC(1204) Archive regions: 2->2
[18.870s][info   ][gc,heap     ] GC(1204) Humongous regions: 1122->444
[18.870s][info   ][gc,metaspace] GC(1204) Metaspace: 158K(384K)->158K(384K) NonClass: 150K(256K)->150K(256K) Class: 8K(128K)->8K(128K)
[18.870s][info   ][gc          ] GC(1204) Pause Young (Concurrent Start) (G1 Humongous Allocation) 1123M->445M(2048M) 1.456ms
[18.870s][info   ][gc,cpu      ] GC(1204) User=0.00s Sys=0.01s Real=0.00s
[18.870s][info   ][gc          ] GC(1205) Concurrent Undo Cycle
[18.870s][info   ][gc,marking  ] GC(1205) Concurrent Cleanup for Next Mark
[18.903s][info   ][gc,marking  ] GC(1205) Concurrent Cleanup for Next Mark 32.229ms
[18.903s][info   ][gc          ] GC(1205) Concurrent Undo Cycle 33.477ms
[18.904s][info   ][gc,start    ] GC(1206) Pause Young (Concurrent Start) (G1 Humongous Allocation)
[18.904s][info   ][gc,task     ] GC(1206) Using 4 workers of 4 for evacuation
[18.905s][info   ][gc,phases   ] GC(1206)   Pre Evacuate Collection Set: 0.3ms
[18.905s][info   ][gc,phases   ] GC(1206)   Merge Heap Roots: 0.1ms
[18.905s][info   ][gc,phases   ] GC(1206)   Evacuate Collection Set: 0.2ms
[18.905s][info   ][gc,phases   ] GC(1206)   Post Evacuate Collection Set: 0.6ms
[18.905s][info   ][gc,phases   ] GC(1206)   Other: 0.2ms
[18.905s][info   ][gc,heap     ] GC(1206) Eden regions: 0->0(1228)
[18.905s][info   ][gc,heap     ] GC(1206) Survivor regions: 0->0(154)
[18.905s][info   ][gc,heap     ] GC(1206) Old regions: 1->1
[18.905s][info   ][gc,heap     ] GC(1206) Archive regions: 2->2
[18.905s][info   ][gc,heap     ] GC(1206) Humongous regions: 918->480
[18.905s][info   ][gc,metaspace] GC(1206) Metaspace: 158K(384K)->158K(384K) NonClass: 150K(256K)->150K(256K) Class: 8K(128K)->8K(128K)
[18.905s][info   ][gc          ] GC(1206) Pause Young (Concurrent Start) (G1 Humongous Allocation) 919M->481M(2048M) 1.409ms
[18.906s][info   ][gc,cpu      ] GC(1206) User=0.00s Sys=0.00s Real=0.00s
[18.906s][info   ][gc          ] GC(1207) Concurrent Undo Cycle
[18.906s][info   ][gc,marking  ] GC(1207) Concurrent Cleanup for Next Mark
[18.931s][info   ][gc,marking  ] GC(1207) Concurrent Cleanup for Next Mark 25.654ms
[18.932s][info   ][gc          ] GC(1207) Concurrent Undo Cycle 25.966ms
[18.939s][info   ][gc,start    ] GC(1208) Pause Young (Concurrent Start) (G1 Humongous Allocation)
[18.939s][info   ][gc,task     ] GC(1208) Using 4 workers of 4 for evacuation
[18.941s][info   ][gc,phases   ] GC(1208)   Pre Evacuate Collection Set: 0.3ms
[18.941s][info   ][gc,phases   ] GC(1208)   Merge Heap Roots: 0.2ms
[18.941s][info   ][gc,phases   ] GC(1208)   Evacuate Collection Set: 0.4ms
[18.941s][info   ][gc,phases   ] GC(1208)   Post Evacuate Collection Set: 0.7ms
[18.941s][info   ][gc,phases   ] GC(1208)   Other: 0.3ms
[18.941s][info   ][gc,heap     ] GC(1208) Eden regions: 0->0(1198)
[18.941s][info   ][gc,heap     ] GC(1208) Survivor regions: 0->0(154)
[18.941s][info   ][gc,heap     ] GC(1208) Old regions: 1->1
[18.941s][info   ][gc,heap     ] GC(1208) Archive regions: 2->2
[18.941s][info   ][gc,heap     ] GC(1208) Humongous regions: 918->542
[18.941s][info   ][gc,metaspace] GC(1208) Metaspace: 158K(384K)->158K(384K) NonClass: 150K(256K)->150K(256K) Class: 8K(128K)->8K(128K)
[18.941s][info   ][gc          ] GC(1208) Pause Young (Concurrent Start) (G1 Humongous Allocation) 919M->543M(2048M) 1.871ms
[18.941s][info   ][gc,cpu      ] GC(1208) User=0.00s Sys=0.01s Real=0.00s
[18.941s][info   ][gc          ] GC(1209) Concurrent Undo Cycle
[18.941s][info   ][gc,marking  ] GC(1209) Concurrent Cleanup for Next Mark
[18.964s][info   ][gc,marking  ] GC(1209) Concurrent Cleanup for Next Mark 23.163ms
[18.964s][info   ][gc          ] GC(1209) Concurrent Undo Cycle 23.458ms
[18.971s][info   ][gc,start    ] GC(1210) Pause Young (Concurrent Start) (G1 Humongous Allocation)
[18.971s][info   ][gc,task     ] GC(1210) Using 4 workers of 4 for evacuation
[18.973s][info   ][gc,phases   ] GC(1210)   Pre Evacuate Collection Set: 0.2ms
[18.973s][info   ][gc,phases   ] GC(1210)   Merge Heap Roots: 0.1ms
[18.973s][info   ][gc,phases   ] GC(1210)   Evacuate Collection Set: 0.3ms
[18.973s][info   ][gc,phases   ] GC(1210)   Post Evacuate Collection Set: 0.5ms
[18.973s][info   ][gc,phases   ] GC(1210)   Other: 0.2ms
[18.973s][info   ][gc,heap     ] GC(1210) Eden regions: 0->0(1185)
[18.973s][info   ][gc,heap     ] GC(1210) Survivor regions: 0->0(150)
[18.973s][info   ][gc,heap     ] GC(1210) Old regions: 1->1
[18.973s][info   ][gc,heap     ] GC(1210) Archive regions: 2->2
[18.973s][info   ][gc,heap     ] GC(1210) Humongous regions: 918->556
[18.973s][info   ][gc,metaspace] GC(1210) Metaspace: 158K(384K)->158K(384K) NonClass: 150K(256K)->150K(256K) Class: 8K(128K)->8K(128K)
[18.973s][info   ][gc          ] GC(1210) Pause Young (Concurrent Start) (G1 Humongous Allocation) 919M->557M(2048M) 1.444ms
[18.973s][info   ][gc,cpu      ] GC(1210) User=0.00s Sys=0.00s Real=0.00s
[18.973s][info   ][gc          ] GC(1211) Concurrent Undo Cycle
[18.973s][info   ][gc,marking  ] GC(1211) Concurrent Cleanup for Next Mark
[18.988s][info   ][gc,marking  ] GC(1211) Concurrent Cleanup for Next Mark 14.803ms
[18.988s][info   ][gc          ] GC(1211) Concurrent Undo Cycle 14.998ms
[19.002s][info   ][gc,start    ] GC(1212) Pause Young (Concurrent Start) (G1 Humongous Allocation)
[19.003s][info   ][gc,task     ] GC(1212) Using 4 workers of 4 for evacuation
[19.004s][info   ][gc,phases   ] GC(1212)   Pre Evacuate Collection Set: 0.1ms
[19.004s][info   ][gc,phases   ] GC(1212)   Merge Heap Roots: 0.1ms
[19.004s][info   ][gc,phases   ] GC(1212)   Evacuate Collection Set: 0.5ms
[19.004s][info   ][gc,phases   ] GC(1212)   Post Evacuate Collection Set: 0.6ms
[19.004s][info   ][gc,phases   ] GC(1212)   Other: 0.2ms
[19.004s][info   ][gc,heap     ] GC(1212) Eden regions: 0->0(1222)
[19.004s][info   ][gc,heap     ] GC(1212) Survivor regions: 0->0(149)
[19.004s][info   ][gc,heap     ] GC(1212) Old regions: 1->1
[19.004s][info   ][gc,heap     ] GC(1212) Archive regions: 2->2
[19.004s][info   ][gc,heap     ] GC(1212) Humongous regions: 918->516
[19.004s][info   ][gc,metaspace] GC(1212) Metaspace: 158K(384K)->158K(384K) NonClass: 150K(256K)->150K(256K) Class: 8K(128K)->8K(128K)
[19.004s][info   ][gc          ] GC(1212) Pause Young (Concurrent Start) (G1 Humongous Allocation) 919M->517M(2048M) 1.621ms
[19.004s][info   ][gc,cpu      ] GC(1212) User=0.00s Sys=0.00s Real=0.00s
[19.004s][info   ][gc          ] GC(1213) Concurrent Undo Cycle
[19.004s][info   ][gc,marking  ] GC(1213) Concurrent Cleanup for Next Mark
[19.049s][info   ][gc,marking  ] GC(1213) Concurrent Cleanup for Next Mark 44.335ms
[19.049s][info   ][gc          ] GC(1213) Concurrent Undo Cycle 44.555ms
[19.049s][info   ][gc,start    ] GC(1214) Pause Young (Concurrent Start) (G1 Humongous Allocation)
[19.049s][info   ][gc,task     ] GC(1214) Using 4 workers of 4 for evacuation
[19.051s][info   ][gc,phases   ] GC(1214)   Pre Evacuate Collection Set: 0.2ms
[19.051s][info   ][gc,phases   ] GC(1214)   Merge Heap Roots: 0.1ms
[19.051s][info   ][gc,phases   ] GC(1214)   Evacuate Collection Set: 0.2ms
[19.051s][info   ][gc,phases   ] GC(1214)   Post Evacuate Collection Set: 0.9ms
[19.051s][info   ][gc,phases   ] GC(1214)   Other: 0.2ms
[19.051s][info   ][gc,heap     ] GC(1214) Eden regions: 0->0(1228)
[19.051s][info   ][gc,heap     ] GC(1214) Survivor regions: 0->0(153)
[19.051s][info   ][gc,heap     ] GC(1214) Old regions: 1->1
[19.051s][info   ][gc,heap     ] GC(1214) Archive regions: 2->2
[19.051s][info   ][gc,heap     ] GC(1214) Humongous regions: 1150->432
[19.051s][info   ][gc,metaspace] GC(1214) Metaspace: 158K(384K)->158K(384K) NonClass: 150K(256K)->150K(256K) Class: 8K(128K)->8K(128K)
[19.051s][info   ][gc          ] GC(1214) Pause Young (Concurrent Start) (G1 Humongous Allocation) 1151M->433M(2048M) 1.792ms
[19.051s][info   ][gc,cpu      ] GC(1214) User=0.01s Sys=0.00s Real=0.00s
[19.051s][info   ][gc          ] GC(1215) Concurrent Undo Cycle
[19.051s][info   ][gc,marking  ] GC(1215) Concurrent Cleanup for Next Mark
[19.081s][info   ][gc,marking  ] GC(1215) Concurrent Cleanup for Next Mark 29.302ms
[19.081s][info   ][gc          ] GC(1215) Concurrent Undo Cycle 29.505ms
[19.088s][info   ][gc,start    ] GC(1216) Pause Young (Concurrent Start) (G1 Humongous Allocation)
[19.088s][info   ][gc,task     ] GC(1216) Using 4 workers of 4 for evacuation
[19.089s][info   ][gc,phases   ] GC(1216)   Pre Evacuate Collection Set: 0.2ms
[19.089s][info   ][gc,phases   ] GC(1216)   Merge Heap Roots: 0.1ms
[19.089s][info   ][gc,phases   ] GC(1216)   Evacuate Collection Set: 0.2ms
[19.089s][info   ][gc,phases   ] GC(1216)   Post Evacuate Collection Set: 0.6ms
[19.089s][info   ][gc,phases   ] GC(1216)   Other: 0.2ms
[19.089s][info   ][gc,heap     ] GC(1216) Eden regions: 0->0(1228)
[19.089s][info   ][gc,heap     ] GC(1216) Survivor regions: 0->0(154)
[19.089s][info   ][gc,heap     ] GC(1216) Old regions: 1->1
[19.089s][info   ][gc,heap     ] GC(1216) Archive regions: 2->2
[19.089s][info   ][gc,heap     ] GC(1216) Humongous regions: 918->458
[19.089s][info   ][gc,metaspace] GC(1216) Metaspace: 158K(384K)->158K(384K) NonClass: 150K(256K)->150K(256K) Class: 8K(128K)->8K(128K)
[19.089s][info   ][gc          ] GC(1216) Pause Young (Concurrent Start) (G1 Humongous Allocation) 919M->459M(2048M) 1.449ms
[19.089s][info   ][gc,cpu      ] GC(1216) User=0.00s Sys=0.00s Real=0.01s
[19.089s][info   ][gc          ] GC(1217) Concurrent Undo Cycle
[19.089s][info   ][gc,marking  ] GC(1217) Concurrent Cleanup for Next Mark
[19.110s][info   ][gc,marking  ] GC(1217) Concurrent Cleanup for Next Mark 21.043ms
[19.110s][info   ][gc          ] GC(1217) Concurrent Undo Cycle 21.244ms
[19.122s][info   ][gc,start    ] GC(1218) Pause Young (Concurrent Start) (G1 Humongous Allocation)
[19.122s][info   ][gc,task     ] GC(1218) Using 4 workers of 4 for evacuation
[19.124s][info   ][gc,phases   ] GC(1218)   Pre Evacuate Collection Set: 0.2ms
[19.124s][info   ][gc,phases   ] GC(1218)   Merge Heap Roots: 0.1ms
[19.124s][info   ][gc,phases   ] GC(1218)   Evacuate Collection Set: 0.5ms
[19.124s][info   ][gc,phases   ] GC(1218)   Post Evacuate Collection Set: 0.6ms
[19.124s][info   ][gc,phases   ] GC(1218)   Other: 0.2ms
[19.124s][info   ][gc,heap     ] GC(1218) Eden regions: 0->0(1228)
[19.124s][info   ][gc,heap     ] GC(1218) Survivor regions: 0->0(154)
[19.124s][info   ][gc,heap     ] GC(1218) Old regions: 1->1
[19.124s][info   ][gc,heap     ] GC(1218) Archive regions: 2->2
[19.124s][info   ][gc,heap     ] GC(1218) Humongous regions: 918->472
[19.124s][info   ][gc,metaspace] GC(1218) Metaspace: 158K(384K)->158K(384K) NonClass: 150K(256K)->150K(256K) Class: 8K(128K)->8K(128K)
[19.124s][info   ][gc          ] GC(1218) Pause Young (Concurrent Start) (G1 Humongous Allocation) 919M->473M(2048M) 1.670ms
[19.124s][info   ][gc,cpu      ] GC(1218) User=0.00s Sys=0.00s Real=0.00s
[19.124s][info   ][gc          ] GC(1219) Concurrent Undo Cycle
[19.124s][info   ][gc,marking  ] GC(1219) Concurrent Cleanup for Next Mark
[19.147s][info   ][gc,marking  ] GC(1219) Concurrent Cleanup for Next Mark 22.675ms
[19.147s][info   ][gc          ] GC(1219) Concurrent Undo Cycle 22.866ms
[19.158s][info   ][gc,start    ] GC(1220) Pause Young (Concurrent Start) (G1 Humongous Allocation)
[19.158s][info   ][gc,task     ] GC(1220) Using 4 workers of 4 for evacuation
[19.160s][info   ][gc,phases   ] GC(1220)   Pre Evacuate Collection Set: 0.2ms
[19.160s][info   ][gc,phases   ] GC(1220)   Merge Heap Roots: 0.1ms
[19.160s][info   ][gc,phases   ] GC(1220)   Evacuate Collection Set: 0.2ms
[19.160s][info   ][gc,phases   ] GC(1220)   Post Evacuate Collection Set: 0.6ms
[19.160s][info   ][gc,phases   ] GC(1220)   Other: 0.2ms
[19.160s][info   ][gc,heap     ] GC(1220) Eden regions: 0->0(1228)
[19.160s][info   ][gc,heap     ] GC(1220) Survivor regions: 0->0(154)
[19.160s][info   ][gc,heap     ] GC(1220) Old regions: 1->1
[19.160s][info   ][gc,heap     ] GC(1220) Archive regions: 2->2
[19.160s][info   ][gc,heap     ] GC(1220) Humongous regions: 918->498
[19.160s][info   ][gc,metaspace] GC(1220) Metaspace: 158K(384K)->158K(384K) NonClass: 150K(256K)->150K(256K) Class: 8K(128K)->8K(128K)
[19.160s][info   ][gc          ] GC(1220) Pause Young (Concurrent Start) (G1 Humongous Allocation) 919M->499M(2048M) 1.397ms
[19.160s][info   ][gc,cpu      ] GC(1220) User=0.00s Sys=0.00s Real=0.01s
[19.160s][info   ][gc          ] GC(1221) Concurrent Undo Cycle
[19.160s][info   ][gc,marking  ] GC(1221) Concurrent Cleanup for Next Mark
[19.179s][info   ][gc,marking  ] GC(1221) Concurrent Cleanup for Next Mark 18.775ms
[19.179s][info   ][gc          ] GC(1221) Concurrent Undo Cycle 19.035ms
[19.191s][info   ][gc,start    ] GC(1222) Pause Young (Concurrent Start) (G1 Humongous Allocation)
[19.191s][info   ][gc,task     ] GC(1222) Using 4 workers of 4 for evacuation
[19.193s][info   ][gc,phases   ] GC(1222)   Pre Evacuate Collection Set: 0.2ms
[19.193s][info   ][gc,phases   ] GC(1222)   Merge Heap Roots: 0.1ms
[19.193s][info   ][gc,phases   ] GC(1222)   Evacuate Collection Set: 0.5ms
[19.193s][info   ][gc,phases   ] GC(1222)   Post Evacuate Collection Set: 0.8ms
[19.193s][info   ][gc,phases   ] GC(1222)   Other: 0.2ms
[19.193s][info   ][gc,heap     ] GC(1222) Eden regions: 0->0(1228)
[19.193s][info   ][gc,heap     ] GC(1222) Survivor regions: 0->0(154)
[19.193s][info   ][gc,heap     ] GC(1222) Old regions: 1->1
[19.193s][info   ][gc,heap     ] GC(1222) Archive regions: 2->2
[19.193s][info   ][gc,heap     ] GC(1222) Humongous regions: 918->422
[19.193s][info   ][gc,metaspace] GC(1222) Metaspace: 158K(384K)->158K(384K) NonClass: 150K(256K)->150K(256K) Class: 8K(128K)->8K(128K)
[19.193s][info   ][gc          ] GC(1222) Pause Young (Concurrent Start) (G1 Humongous Allocation) 919M->423M(2048M) 1.819ms
[19.193s][info   ][gc,cpu      ] GC(1222) User=0.00s Sys=0.00s Real=0.00s
[19.193s][info   ][gc          ] GC(1223) Concurrent Undo Cycle
[19.193s][info   ][gc,marking  ] GC(1223) Concurrent Cleanup for Next Mark
[19.211s][info   ][gc,marking  ] GC(1223) Concurrent Cleanup for Next Mark 18.164ms
[19.211s][info   ][gc          ] GC(1223) Concurrent Undo Cycle 18.362ms
[19.231s][info   ][gc,start    ] GC(1224) Pause Young (Concurrent Start) (G1 Humongous Allocation)
[19.232s][info   ][gc,task     ] GC(1224) Using 4 workers of 4 for evacuation
[19.233s][info   ][gc,phases   ] GC(1224)   Pre Evacuate Collection Set: 0.4ms
[19.233s][info   ][gc,phases   ] GC(1224)   Merge Heap Roots: 0.2ms
[19.233s][info   ][gc,phases   ] GC(1224)   Evacuate Collection Set: 0.3ms
[19.233s][info   ][gc,phases   ] GC(1224)   Post Evacuate Collection Set: 0.8ms
[19.233s][info   ][gc,phases   ] GC(1224)   Other: 0.3ms
[19.233s][info   ][gc,heap     ] GC(1224) Eden regions: 0->0(1228)
[19.233s][info   ][gc,heap     ] GC(1224) Survivor regions: 0->0(154)
[19.233s][info   ][gc,heap     ] GC(1224) Old regions: 1->1
[19.233s][info   ][gc,heap     ] GC(1224) Archive regions: 2->2
[19.233s][info   ][gc,heap     ] GC(1224) Humongous regions: 918->402
[19.233s][info   ][gc,metaspace] GC(1224) Metaspace: 158K(384K)->158K(384K) NonClass: 150K(256K)->150K(256K) Class: 8K(128K)->8K(128K)
[19.233s][info   ][gc          ] GC(1224) Pause Young (Concurrent Start) (G1 Humongous Allocation) 919M->403M(2048M) 2.028ms
[19.233s][info   ][gc,cpu      ] GC(1224) User=0.00s Sys=0.00s Real=0.00s
[19.234s][info   ][gc          ] GC(1225) Concurrent Undo Cycle
[19.234s][info   ][gc,marking  ] GC(1225) Concurrent Cleanup for Next Mark
[19.269s][info   ][gc,marking  ] GC(1225) Concurrent Cleanup for Next Mark 35.366ms
[19.269s][info   ][gc          ] GC(1225) Concurrent Undo Cycle 35.571ms
[19.272s][info   ][gc,start    ] GC(1226) Pause Young (Concurrent Start) (G1 Humongous Allocation)
[19.272s][info   ][gc,task     ] GC(1226) Using 4 workers of 4 for evacuation
[19.273s][info   ][gc,phases   ] GC(1226)   Pre Evacuate Collection Set: 0.2ms
[19.273s][info   ][gc,phases   ] GC(1226)   Merge Heap Roots: 0.1ms
[19.273s][info   ][gc,phases   ] GC(1226)   Evacuate Collection Set: 0.6ms
[19.273s][info   ][gc,phases   ] GC(1226)   Post Evacuate Collection Set: 0.6ms
[19.273s][info   ][gc,phases   ] GC(1226)   Other: 0.2ms
[19.273s][info   ][gc,heap     ] GC(1226) Eden regions: 0->0(1228)
[19.273s][info   ][gc,heap     ] GC(1226) Survivor regions: 0->0(154)
[19.273s][info   ][gc,heap     ] GC(1226) Old regions: 1->1
[19.273s][info   ][gc,heap     ] GC(1226) Archive regions: 2->2
[19.273s][info   ][gc,heap     ] GC(1226) Humongous regions: 918->428
[19.273s][info   ][gc,metaspace] GC(1226) Metaspace: 158K(384K)->158K(384K) NonClass: 150K(256K)->150K(256K) Class: 8K(128K)->8K(128K)
[19.273s][info   ][gc          ] GC(1226) Pause Young (Concurrent Start) (G1 Humongous Allocation) 919M->429M(2048M) 1.717ms
[19.273s][info   ][gc,cpu      ] GC(1226) User=0.00s Sys=0.00s Real=0.00s
[19.273s][info   ][gc          ] GC(1227) Concurrent Undo Cycle
[19.273s][info   ][gc,marking  ] GC(1227) Concurrent Cleanup for Next Mark
[19.289s][info   ][gc,marking  ] GC(1227) Concurrent Cleanup for Next Mark 15.934ms
[19.290s][info   ][gc          ] GC(1227) Concurrent Undo Cycle 16.869ms
[19.310s][info   ][gc,start    ] GC(1228) Pause Young (Concurrent Start) (G1 Humongous Allocation)
[19.310s][info   ][gc,task     ] GC(1228) Using 4 workers of 4 for evacuation
[19.311s][info   ][gc,phases   ] GC(1228)   Pre Evacuate Collection Set: 0.2ms
[19.311s][info   ][gc,phases   ] GC(1228)   Merge Heap Roots: 0.1ms
[19.311s][info   ][gc,phases   ] GC(1228)   Evacuate Collection Set: 0.2ms
[19.311s][info   ][gc,phases   ] GC(1228)   Post Evacuate Collection Set: 0.5ms
[19.311s][info   ][gc,phases   ] GC(1228)   Other: 0.2ms
[19.311s][info   ][gc,heap     ] GC(1228) Eden regions: 0->0(1228)
[19.311s][info   ][gc,heap     ] GC(1228) Survivor regions: 0->0(154)
[19.311s][info   ][gc,heap     ] GC(1228) Old regions: 1->1
[19.311s][info   ][gc,heap     ] GC(1228) Archive regions: 2->2
[19.311s][info   ][gc,heap     ] GC(1228) Humongous regions: 918->402
[19.311s][info   ][gc,metaspace] GC(1228) Metaspace: 158K(384K)->158K(384K) NonClass: 150K(256K)->150K(256K) Class: 8K(128K)->8K(128K)
[19.311s][info   ][gc          ] GC(1228) Pause Young (Concurrent Start) (G1 Humongous Allocation) 919M->403M(2048M) 1.311ms
[19.311s][info   ][gc,cpu      ] GC(1228) User=0.00s Sys=0.00s Real=0.00s
[19.311s][info   ][gc          ] GC(1229) Concurrent Undo Cycle
[19.311s][info   ][gc,marking  ] GC(1229) Concurrent Cleanup for Next Mark
[19.349s][info   ][gc,marking  ] GC(1229) Concurrent Cleanup for Next Mark 37.789ms
[19.349s][info   ][gc          ] GC(1229) Concurrent Undo Cycle 38.116ms
[19.350s][info   ][gc,start    ] GC(1230) Pause Young (Concurrent Start) (G1 Humongous Allocation)
[19.350s][info   ][gc,task     ] GC(1230) Using 4 workers of 4 for evacuation
[19.352s][info   ][gc,phases   ] GC(1230)   Pre Evacuate Collection Set: 0.2ms
[19.352s][info   ][gc,phases   ] GC(1230)   Merge Heap Roots: 0.1ms
[19.352s][info   ][gc,phases   ] GC(1230)   Evacuate Collection Set: 0.2ms
[19.352s][info   ][gc,phases   ] GC(1230)   Post Evacuate Collection Set: 0.8ms
[19.352s][info   ][gc,phases   ] GC(1230)   Other: 0.2ms
[19.352s][info   ][gc,heap     ] GC(1230) Eden regions: 0->0(1228)
[19.352s][info   ][gc,heap     ] GC(1230) Survivor regions: 0->0(154)
[19.352s][info   ][gc,heap     ] GC(1230) Old regions: 1->1
[19.352s][info   ][gc,heap     ] GC(1230) Archive regions: 2->2
[19.352s][info   ][gc,heap     ] GC(1230) Humongous regions: 930->340
[19.352s][info   ][gc,metaspace] GC(1230) Metaspace: 158K(384K)->158K(384K) NonClass: 150K(256K)->150K(256K) Class: 8K(128K)->8K(128K)
[19.352s][info   ][gc          ] GC(1230) Pause Young (Concurrent Start) (G1 Humongous Allocation) 931M->341M(2048M) 1.616ms
[19.352s][info   ][gc,cpu      ] GC(1230) User=0.00s Sys=0.00s Real=0.00s
[19.352s][info   ][gc          ] GC(1231) Concurrent Undo Cycle
[19.352s][info   ][gc,marking  ] GC(1231) Concurrent Cleanup for Next Mark
[19.387s][info   ][gc,marking  ] GC(1231) Concurrent Cleanup for Next Mark 35.650ms
[19.387s][info   ][gc          ] GC(1231) Concurrent Undo Cycle 35.774ms
[19.397s][info   ][gc,start    ] GC(1232) Pause Young (Concurrent Start) (G1 Humongous Allocation)
[19.397s][info   ][gc,task     ] GC(1232) Using 4 workers of 4 for evacuation
[19.399s][info   ][gc,phases   ] GC(1232)   Pre Evacuate Collection Set: 0.2ms
[19.399s][info   ][gc,phases   ] GC(1232)   Merge Heap Roots: 0.2ms
[19.399s][info   ][gc,phases   ] GC(1232)   Evacuate Collection Set: 0.4ms
[19.399s][info   ][gc,phases   ] GC(1232)   Post Evacuate Collection Set: 0.9ms
[19.399s][info   ][gc,phases   ] GC(1232)   Other: 0.3ms
[19.399s][info   ][gc,heap     ] GC(1232) Eden regions: 0->0(1228)
[19.399s][info   ][gc,heap     ] GC(1232) Survivor regions: 0->0(154)
[19.399s][info   ][gc,heap     ] GC(1232) Old regions: 1->1
[19.399s][info   ][gc,heap     ] GC(1232) Archive regions: 2->2
[19.399s][info   ][gc,heap     ] GC(1232) Humongous regions: 918->362
[19.399s][info   ][gc,metaspace] GC(1232) Metaspace: 158K(384K)->158K(384K) NonClass: 150K(256K)->150K(256K) Class: 8K(128K)->8K(128K)
[19.399s][info   ][gc          ] GC(1232) Pause Young (Concurrent Start) (G1 Humongous Allocation) 919M->363M(2048M) 1.967ms
[19.399s][info   ][gc,cpu      ] GC(1232) User=0.00s Sys=0.01s Real=0.01s
[19.399s][info   ][gc          ] GC(1233) Concurrent Undo Cycle
[19.399s][info   ][gc,marking  ] GC(1233) Concurrent Cleanup for Next Mark
[19.407s][info   ][gc,marking  ] GC(1233) Concurrent Cleanup for Next Mark 8.204ms
[19.408s][info   ][gc          ] GC(1233) Concurrent Undo Cycle 8.368ms
[19.409s][info   ][gc,start    ] GC(1234) Pause Young (Concurrent Start) (G1 Humongous Allocation)
[19.409s][info   ][gc,task     ] GC(1234) Using 4 workers of 4 for evacuation
[19.410s][info   ][gc,phases   ] GC(1234)   Pre Evacuate Collection Set: 0.2ms
[19.410s][info   ][gc,phases   ] GC(1234)   Merge Heap Roots: 0.1ms
[19.410s][info   ][gc,phases   ] GC(1234)   Evacuate Collection Set: 0.3ms
[19.410s][info   ][gc,phases   ] GC(1234)   Post Evacuate Collection Set: 0.4ms
[19.410s][info   ][gc,phases   ] GC(1234)   Other: 0.2ms
[19.410s][info   ][gc,heap     ] GC(1234) Eden regions: 0->0(1228)
[19.410s][info   ][gc,heap     ] GC(1234) Survivor regions: 0->0(154)
[19.410s][info   ][gc,heap     ] GC(1234) Old regions: 1->1
[19.410s][info   ][gc,heap     ] GC(1234) Archive regions: 2->2
[19.410s][info   ][gc,heap     ] GC(1234) Humongous regions: 438->326
[19.410s][info   ][gc,metaspace] GC(1234) Metaspace: 158K(384K)->158K(384K) NonClass: 150K(256K)->150K(256K) Class: 8K(128K)->8K(128K)
[19.410s][info   ][gc          ] GC(1234) Pause Young (Concurrent Start) (G1 Humongous Allocation) 439M->327M(2048M) 1.230ms
[19.410s][info   ][gc,cpu      ] GC(1234) User=0.00s Sys=0.00s Real=0.00s
[19.410s][info   ][gc          ] GC(1235) Concurrent Undo Cycle
[19.410s][info   ][gc,marking  ] GC(1235) Concurrent Cleanup for Next Mark
[19.459s][info   ][gc,marking  ] GC(1235) Concurrent Cleanup for Next Mark 48.191ms
[19.459s][info   ][gc          ] GC(1235) Concurrent Undo Cycle 48.380ms
[19.459s][info   ][gc,start    ] GC(1236) Pause Young (Concurrent Start) (G1 Humongous Allocation)
[19.459s][info   ][gc,task     ] GC(1236) Using 4 workers of 4 for evacuation
[19.461s][info   ][gc,phases   ] GC(1236)   Pre Evacuate Collection Set: 0.2ms
[19.461s][info   ][gc,phases   ] GC(1236)   Merge Heap Roots: 0.1ms
[19.461s][info   ][gc,phases   ] GC(1236)   Evacuate Collection Set: 0.3ms
[19.461s][info   ][gc,phases   ] GC(1236)   Post Evacuate Collection Set: 0.8ms
[19.461s][info   ][gc,phases   ] GC(1236)   Other: 0.2ms
[19.461s][info   ][gc,heap     ] GC(1236) Eden regions: 0->0(1228)
[19.461s][info   ][gc,heap     ] GC(1236) Survivor regions: 0->0(154)
[19.461s][info   ][gc,heap     ] GC(1236) Old regions: 1->1
[19.461s][info   ][gc,heap     ] GC(1236) Archive regions: 2->2
[19.461s][info   ][gc,heap     ] GC(1236) Humongous regions: 966->330
[19.461s][info   ][gc,metaspace] GC(1236) Metaspace: 158K(384K)->158K(384K) NonClass: 150K(256K)->150K(256K) Class: 8K(128K)->8K(128K)
[19.461s][info   ][gc          ] GC(1236) Pause Young (Concurrent Start) (G1 Humongous Allocation) 967M->331M(2048M) 1.653ms
[19.461s][info   ][gc,cpu      ] GC(1236) User=0.01s Sys=0.00s Real=0.00s
[19.461s][info   ][gc          ] GC(1237) Concurrent Undo Cycle
[19.461s][info   ][gc,marking  ] GC(1237) Concurrent Cleanup for Next Mark
[19.477s][info   ][gc,marking  ] GC(1237) Concurrent Cleanup for Next Mark 16.365ms
[19.477s][info   ][gc          ] GC(1237) Concurrent Undo Cycle 16.658ms
[19.506s][info   ][gc,start    ] GC(1238) Pause Young (Concurrent Start) (G1 Humongous Allocation)
[19.506s][info   ][gc,task     ] GC(1238) Using 4 workers of 4 for evacuation
[19.507s][info   ][gc,phases   ] GC(1238)   Pre Evacuate Collection Set: 0.2ms
[19.507s][info   ][gc,phases   ] GC(1238)   Merge Heap Roots: 0.1ms
[19.507s][info   ][gc,phases   ] GC(1238)   Evacuate Collection Set: 0.3ms
[19.507s][info   ][gc,phases   ] GC(1238)   Post Evacuate Collection Set: 0.9ms
[19.507s][info   ][gc,phases   ] GC(1238)   Other: 0.2ms
[19.507s][info   ][gc,heap     ] GC(1238) Eden regions: 0->0(1228)
[19.507s][info   ][gc,heap     ] GC(1238) Survivor regions: 0->0(154)
[19.507s][info   ][gc,heap     ] GC(1238) Old regions: 1->1
[19.507s][info   ][gc,heap     ] GC(1238) Archive regions: 2->2
[19.507s][info   ][gc,heap     ] GC(1238) Humongous regions: 918->422
[19.507s][info   ][gc,metaspace] GC(1238) Metaspace: 158K(384K)->158K(384K) NonClass: 150K(256K)->150K(256K) Class: 8K(128K)->8K(128K)
[19.507s][info   ][gc          ] GC(1238) Pause Young (Concurrent Start) (G1 Humongous Allocation) 919M->423M(2048M) 1.849ms
[19.507s][info   ][gc,cpu      ] GC(1238) User=0.00s Sys=0.00s Real=0.00s
[19.507s][info   ][gc          ] GC(1239) Concurrent Undo Cycle
[19.507s][info   ][gc,marking  ] GC(1239) Concurrent Cleanup for Next Mark
[19.528s][info   ][gc,marking  ] GC(1239) Concurrent Cleanup for Next Mark 20.951ms
[19.529s][info   ][gc          ] GC(1239) Concurrent Undo Cycle 21.190ms
[19.545s][info   ][gc,start    ] GC(1240) Pause Young (Concurrent Start) (G1 Humongous Allocation)
[19.545s][info   ][gc,task     ] GC(1240) Using 4 workers of 4 for evacuation
[19.547s][info   ][gc,phases   ] GC(1240)   Pre Evacuate Collection Set: 0.2ms
[19.547s][info   ][gc,phases   ] GC(1240)   Merge Heap Roots: 0.1ms
[19.547s][info   ][gc,phases   ] GC(1240)   Evacuate Collection Set: 0.3ms
[19.547s][info   ][gc,phases   ] GC(1240)   Post Evacuate Collection Set: 0.7ms
[19.547s][info   ][gc,phases   ] GC(1240)   Other: 0.3ms
[19.547s][info   ][gc,heap     ] GC(1240) Eden regions: 0->0(1228)
[19.547s][info   ][gc,heap     ] GC(1240) Survivor regions: 0->0(154)
[19.547s][info   ][gc,heap     ] GC(1240) Old regions: 1->1
[19.547s][info   ][gc,heap     ] GC(1240) Archive regions: 2->2
[19.547s][info   ][gc,heap     ] GC(1240) Humongous regions: 918->350
[19.547s][info   ][gc,metaspace] GC(1240) Metaspace: 158K(384K)->158K(384K) NonClass: 150K(256K)->150K(256K) Class: 8K(128K)->8K(128K)
[19.547s][info   ][gc          ] GC(1240) Pause Young (Concurrent Start) (G1 Humongous Allocation) 919M->351M(2048M) 1.671ms
[19.547s][info   ][gc,cpu      ] GC(1240) User=0.00s Sys=0.00s Real=0.00s
[19.547s][info   ][gc          ] GC(1241) Concurrent Undo Cycle
[19.547s][info   ][gc,marking  ] GC(1241) Concurrent Cleanup for Next Mark
[19.574s][info   ][gc,marking  ] GC(1241) Concurrent Cleanup for Next Mark 26.421ms
[19.574s][info   ][gc          ] GC(1241) Concurrent Undo Cycle 26.683ms
[19.588s][info   ][gc,start    ] GC(1242) Pause Young (Concurrent Start) (G1 Humongous Allocation)
[19.588s][info   ][gc,task     ] GC(1242) Using 4 workers of 4 for evacuation
[19.589s][info   ][gc,phases   ] GC(1242)   Pre Evacuate Collection Set: 0.2ms
[19.589s][info   ][gc,phases   ] GC(1242)   Merge Heap Roots: 0.1ms
[19.589s][info   ][gc,phases   ] GC(1242)   Evacuate Collection Set: 0.2ms
[19.589s][info   ][gc,phases   ] GC(1242)   Post Evacuate Collection Set: 0.5ms
[19.589s][info   ][gc,phases   ] GC(1242)   Other: 0.2ms
[19.589s][info   ][gc,heap     ] GC(1242) Eden regions: 0->0(1228)
[19.589s][info   ][gc,heap     ] GC(1242) Survivor regions: 0->0(154)
[19.589s][info   ][gc,heap     ] GC(1242) Old regions: 1->1
[19.589s][info   ][gc,heap     ] GC(1242) Archive regions: 2->2
[19.589s][info   ][gc,heap     ] GC(1242) Humongous regions: 918->406
[19.589s][info   ][gc,metaspace] GC(1242) Metaspace: 158K(384K)->158K(384K) NonClass: 150K(256K)->150K(256K) Class: 8K(128K)->8K(128K)
[19.589s][info   ][gc          ] GC(1242) Pause Young (Concurrent Start) (G1 Humongous Allocation) 919M->407M(2048M) 1.250ms
[19.589s][info   ][gc,cpu      ] GC(1242) User=0.00s Sys=0.00s Real=0.01s
[19.589s][info   ][gc          ] GC(1243) Concurrent Undo Cycle
[19.589s][info   ][gc,marking  ] GC(1243) Concurrent Cleanup for Next Mark
[19.601s][info   ][gc,marking  ] GC(1243) Concurrent Cleanup for Next Mark 11.498ms
[19.601s][info   ][gc          ] GC(1243) Concurrent Undo Cycle 11.707ms
[19.626s][info   ][gc,start    ] GC(1244) Pause Young (Concurrent Start) (G1 Humongous Allocation)
[19.626s][info   ][gc,task     ] GC(1244) Using 4 workers of 4 for evacuation
[19.627s][info   ][gc,phases   ] GC(1244)   Pre Evacuate Collection Set: 0.2ms
[19.628s][info   ][gc,phases   ] GC(1244)   Merge Heap Roots: 0.1ms
[19.628s][info   ][gc,phases   ] GC(1244)   Evacuate Collection Set: 0.3ms
[19.628s][info   ][gc,phases   ] GC(1244)   Post Evacuate Collection Set: 0.6ms
[19.628s][info   ][gc,phases   ] GC(1244)   Other: 0.2ms
[19.628s][info   ][gc,heap     ] GC(1244) Eden regions: 0->0(1228)
[19.628s][info   ][gc,heap     ] GC(1244) Survivor regions: 0->0(154)
[19.628s][info   ][gc,heap     ] GC(1244) Old regions: 1->1
[19.628s][info   ][gc,heap     ] GC(1244) Archive regions: 2->2
[19.628s][info   ][gc,heap     ] GC(1244) Humongous regions: 918->394
[19.628s][info   ][gc,metaspace] GC(1244) Metaspace: 158K(384K)->158K(384K) NonClass: 150K(256K)->150K(256K) Class: 8K(128K)->8K(128K)
[19.628s][info   ][gc          ] GC(1244) Pause Young (Concurrent Start) (G1 Humongous Allocation) 919M->395M(2048M) 1.473ms
[19.628s][info   ][gc,cpu      ] GC(1244) User=0.00s Sys=0.00s Real=0.00s
[19.628s][info   ][gc          ] GC(1245) Concurrent Undo Cycle
[19.628s][info   ][gc,marking  ] GC(1245) Concurrent Cleanup for Next Mark
[19.655s][info   ][gc,marking  ] GC(1245) Concurrent Cleanup for Next Mark 27.378ms
[19.655s][info   ][gc          ] GC(1245) Concurrent Undo Cycle 27.679ms
[19.666s][info   ][gc,start    ] GC(1246) Pause Young (Concurrent Start) (G1 Humongous Allocation)
[19.666s][info   ][gc,task     ] GC(1246) Using 4 workers of 4 for evacuation
[19.667s][info   ][gc,phases   ] GC(1246)   Pre Evacuate Collection Set: 0.2ms
[19.667s][info   ][gc,phases   ] GC(1246)   Merge Heap Roots: 0.1ms
[19.667s][info   ][gc,phases   ] GC(1246)   Evacuate Collection Set: 0.2ms
[19.667s][info   ][gc,phases   ] GC(1246)   Post Evacuate Collection Set: 0.6ms
[19.667s][info   ][gc,phases   ] GC(1246)   Other: 0.2ms
[19.667s][info   ][gc,heap     ] GC(1246) Eden regions: 0->0(1228)
[19.667s][info   ][gc,heap     ] GC(1246) Survivor regions: 0->0(154)
[19.667s][info   ][gc,heap     ] GC(1246) Old regions: 1->1
[19.667s][info   ][gc,heap     ] GC(1246) Archive regions: 2->2
[19.667s][info   ][gc,heap     ] GC(1246) Humongous regions: 920->430
[19.667s][info   ][gc,metaspace] GC(1246) Metaspace: 158K(384K)->158K(384K) NonClass: 150K(256K)->150K(256K) Class: 8K(128K)->8K(128K)
[19.667s][info   ][gc          ] GC(1246) Pause Young (Concurrent Start) (G1 Humongous Allocation) 921M->431M(2048M) 1.439ms
[19.667s][info   ][gc,cpu      ] GC(1246) User=0.00s Sys=0.00s Real=0.00s
[19.667s][info   ][gc          ] GC(1247) Concurrent Undo Cycle
[19.667s][info   ][gc,marking  ] GC(1247) Concurrent Cleanup for Next Mark
[19.701s][info   ][gc,marking  ] GC(1247) Concurrent Cleanup for Next Mark 33.369ms
[19.701s][info   ][gc          ] GC(1247) Concurrent Undo Cycle 33.636ms
[19.703s][info   ][gc,start    ] GC(1248) Pause Young (Concurrent Start) (G1 Humongous Allocation)
[19.703s][info   ][gc,task     ] GC(1248) Using 4 workers of 4 for evacuation
[19.704s][info   ][gc,phases   ] GC(1248)   Pre Evacuate Collection Set: 0.2ms
[19.704s][info   ][gc,phases   ] GC(1248)   Merge Heap Roots: 0.1ms
[19.704s][info   ][gc,phases   ] GC(1248)   Evacuate Collection Set: 0.4ms
[19.704s][info   ][gc,phases   ] GC(1248)   Post Evacuate Collection Set: 0.5ms
[19.704s][info   ][gc,phases   ] GC(1248)   Other: 0.2ms
[19.704s][info   ][gc,heap     ] GC(1248) Eden regions: 0->0(1228)
[19.704s][info   ][gc,heap     ] GC(1248) Survivor regions: 0->0(154)
[19.704s][info   ][gc,heap     ] GC(1248) Old regions: 1->1
[19.704s][info   ][gc,heap     ] GC(1248) Archive regions: 2->2
[19.704s][info   ][gc,heap     ] GC(1248) Humongous regions: 918->498
[19.704s][info   ][gc,metaspace] GC(1248) Metaspace: 158K(384K)->158K(384K) NonClass: 150K(256K)->150K(256K) Class: 8K(128K)->8K(128K)
[19.704s][info   ][gc          ] GC(1248) Pause Young (Concurrent Start) (G1 Humongous Allocation) 919M->499M(2048M) 1.427ms
[19.704s][info   ][gc,cpu      ] GC(1248) User=0.00s Sys=0.00s Real=0.00s
[19.704s][info   ][gc          ] GC(1249) Concurrent Undo Cycle
[19.704s][info   ][gc,marking  ] GC(1249) Concurrent Cleanup for Next Mark
[19.724s][info   ][gc,marking  ] GC(1249) Concurrent Cleanup for Next Mark 19.393ms
[19.724s][info   ][gc          ] GC(1249) Concurrent Undo Cycle 19.675ms
[19.735s][info   ][gc,start    ] GC(1250) Pause Young (Concurrent Start) (G1 Humongous Allocation)
[19.735s][info   ][gc,task     ] GC(1250) Using 4 workers of 4 for evacuation
[19.736s][info   ][gc,phases   ] GC(1250)   Pre Evacuate Collection Set: 0.2ms
[19.736s][info   ][gc,phases   ] GC(1250)   Merge Heap Roots: 0.1ms
[19.736s][info   ][gc,phases   ] GC(1250)   Evacuate Collection Set: 0.2ms
[19.736s][info   ][gc,phases   ] GC(1250)   Post Evacuate Collection Set: 0.6ms
[19.736s][info   ][gc,phases   ] GC(1250)   Other: 0.2ms
[19.736s][info   ][gc,heap     ] GC(1250) Eden regions: 0->0(1224)
[19.736s][info   ][gc,heap     ] GC(1250) Survivor regions: 0->0(154)
[19.736s][info   ][gc,heap     ] GC(1250) Old regions: 1->1
[19.736s][info   ][gc,heap     ] GC(1250) Archive regions: 2->2
[19.736s][info   ][gc,heap     ] GC(1250) Humongous regions: 918->514
[19.736s][info   ][gc,metaspace] GC(1250) Metaspace: 158K(384K)->158K(384K) NonClass: 150K(256K)->150K(256K) Class: 8K(128K)->8K(128K)
[19.736s][info   ][gc          ] GC(1250) Pause Young (Concurrent Start) (G1 Humongous Allocation) 919M->515M(2048M) 1.382ms
[19.737s][info   ][gc,cpu      ] GC(1250) User=0.00s Sys=0.00s Real=0.00s
[19.737s][info   ][gc          ] GC(1251) Concurrent Undo Cycle
[19.737s][info   ][gc,marking  ] GC(1251) Concurrent Cleanup for Next Mark
[19.774s][info   ][gc,marking  ] GC(1251) Concurrent Cleanup for Next Mark 37.735ms
[19.775s][info   ][gc          ] GC(1251) Concurrent Undo Cycle 37.932ms
[19.776s][info   ][gc,start    ] GC(1252) Pause Young (Concurrent Start) (G1 Humongous Allocation)
[19.776s][info   ][gc,task     ] GC(1252) Using 4 workers of 4 for evacuation
[19.777s][info   ][gc,phases   ] GC(1252)   Pre Evacuate Collection Set: 0.3ms
[19.777s][info   ][gc,phases   ] GC(1252)   Merge Heap Roots: 0.1ms
[19.777s][info   ][gc,phases   ] GC(1252)   Evacuate Collection Set: 0.3ms
[19.777s][info   ][gc,phases   ] GC(1252)   Post Evacuate Collection Set: 0.7ms
[19.777s][info   ][gc,phases   ] GC(1252)   Other: 0.2ms
[19.777s][info   ][gc,heap     ] GC(1252) Eden regions: 0->0(1228)
[19.777s][info   ][gc,heap     ] GC(1252) Survivor regions: 0->0(153)
[19.777s][info   ][gc,heap     ] GC(1252) Old regions: 1->1
[19.777s][info   ][gc,heap     ] GC(1252) Archive regions: 2->2
[19.777s][info   ][gc,heap     ] GC(1252) Humongous regions: 1022->506
[19.777s][info   ][gc,metaspace] GC(1252) Metaspace: 158K(384K)->158K(384K) NonClass: 150K(256K)->150K(256K) Class: 8K(128K)->8K(128K)
[19.777s][info   ][gc          ] GC(1252) Pause Young (Concurrent Start) (G1 Humongous Allocation) 1023M->507M(2048M) 1.551ms
[19.777s][info   ][gc,cpu      ] GC(1252) User=0.00s Sys=0.00s Real=0.00s
[19.777s][info   ][gc          ] GC(1253) Concurrent Undo Cycle
[19.777s][info   ][gc,marking  ] GC(1253) Concurrent Cleanup for Next Mark
[19.807s][info   ][gc,marking  ] GC(1253) Concurrent Cleanup for Next Mark 29.866ms
[19.808s][info   ][gc          ] GC(1253) Concurrent Undo Cycle 30.105ms
[19.808s][info   ][gc,start    ] GC(1254) Pause Young (Concurrent Start) (G1 Humongous Allocation)
[19.808s][info   ][gc,task     ] GC(1254) Using 4 workers of 4 for evacuation
[19.810s][info   ][gc,phases   ] GC(1254)   Pre Evacuate Collection Set: 0.2ms
[19.810s][info   ][gc,phases   ] GC(1254)   Merge Heap Roots: 0.1ms
[19.810s][info   ][gc,phases   ] GC(1254)   Evacuate Collection Set: 0.2ms
[19.810s][info   ][gc,phases   ] GC(1254)   Post Evacuate Collection Set: 0.5ms
[19.810s][info   ][gc,phases   ] GC(1254)   Other: 0.2ms
[19.810s][info   ][gc,heap     ] GC(1254) Eden regions: 0->0(1222)
[19.810s][info   ][gc,heap     ] GC(1254) Survivor regions: 0->0(154)
[19.810s][info   ][gc,heap     ] GC(1254) Old regions: 1->1
[19.810s][info   ][gc,heap     ] GC(1254) Archive regions: 2->2
[19.810s][info   ][gc,heap     ] GC(1254) Humongous regions: 924->516
[19.810s][info   ][gc,metaspace] GC(1254) Metaspace: 158K(384K)->158K(384K) NonClass: 150K(256K)->150K(256K) Class: 8K(128K)->8K(128K)
[19.810s][info   ][gc          ] GC(1254) Pause Young (Concurrent Start) (G1 Humongous Allocation) 925M->517M(2048M) 1.288ms
[19.810s][info   ][gc,cpu      ] GC(1254) User=0.00s Sys=0.01s Real=0.00s
[19.810s][info   ][gc          ] GC(1255) Concurrent Undo Cycle
[19.810s][info   ][gc,marking  ] GC(1255) Concurrent Cleanup for Next Mark
[19.837s][info   ][gc,marking  ] GC(1255) Concurrent Cleanup for Next Mark 27.108ms
[19.837s][info   ][gc          ] GC(1255) Concurrent Undo Cycle 27.314ms
[19.840s][info   ][gc,start    ] GC(1256) Pause Young (Concurrent Start) (G1 Humongous Allocation)
[19.840s][info   ][gc,task     ] GC(1256) Using 4 workers of 4 for evacuation
[19.842s][info   ][gc,phases   ] GC(1256)   Pre Evacuate Collection Set: 0.3ms
[19.842s][info   ][gc,phases   ] GC(1256)   Merge Heap Roots: 0.1ms
[19.842s][info   ][gc,phases   ] GC(1256)   Evacuate Collection Set: 0.4ms
[19.842s][info   ][gc,phases   ] GC(1256)   Post Evacuate Collection Set: 0.7ms
[19.842s][info   ][gc,phases   ] GC(1256)   Other: 0.2ms
[19.842s][info   ][gc,heap     ] GC(1256) Eden regions: 0->0(1228)
[19.842s][info   ][gc,heap     ] GC(1256) Survivor regions: 0->0(153)
[19.842s][info   ][gc,heap     ] GC(1256) Old regions: 1->1
[19.842s][info   ][gc,heap     ] GC(1256) Archive regions: 2->2
[19.842s][info   ][gc,heap     ] GC(1256) Humongous regions: 918->500
[19.842s][info   ][gc,metaspace] GC(1256) Metaspace: 158K(384K)->158K(384K) NonClass: 150K(256K)->150K(256K) Class: 8K(128K)->8K(128K)
[19.842s][info   ][gc          ] GC(1256) Pause Young (Concurrent Start) (G1 Humongous Allocation) 919M->501M(2048M) 1.692ms
[19.842s][info   ][gc,cpu      ] GC(1256) User=0.01s Sys=0.00s Real=0.00s
[19.842s][info   ][gc          ] GC(1257) Concurrent Undo Cycle
[19.842s][info   ][gc,marking  ] GC(1257) Concurrent Cleanup for Next Mark
[19.858s][info   ][gc,marking  ] GC(1257) Concurrent Cleanup for Next Mark 15.833ms
[19.858s][info   ][gc          ] GC(1257) Concurrent Undo Cycle 16.062ms
[19.873s][info   ][gc,start    ] GC(1258) Pause Young (Concurrent Start) (G1 Humongous Allocation)
[19.873s][info   ][gc,task     ] GC(1258) Using 4 workers of 4 for evacuation
[19.875s][info   ][gc,phases   ] GC(1258)   Pre Evacuate Collection Set: 0.2ms
[19.875s][info   ][gc,phases   ] GC(1258)   Merge Heap Roots: 0.1ms
[19.875s][info   ][gc,phases   ] GC(1258)   Evacuate Collection Set: 0.3ms
[19.875s][info   ][gc,phases   ] GC(1258)   Post Evacuate Collection Set: 0.6ms
[19.875s][info   ][gc,phases   ] GC(1258)   Other: 0.2ms
[19.875s][info   ][gc,heap     ] GC(1258) Eden regions: 0->0(1228)
[19.875s][info   ][gc,heap     ] GC(1258) Survivor regions: 0->0(154)
[19.875s][info   ][gc,heap     ] GC(1258) Old regions: 1->1
[19.875s][info   ][gc,heap     ] GC(1258) Archive regions: 2->2
[19.875s][info   ][gc,heap     ] GC(1258) Humongous regions: 918->508
[19.875s][info   ][gc,metaspace] GC(1258) Metaspace: 158K(384K)->158K(384K) NonClass: 150K(256K)->150K(256K) Class: 8K(128K)->8K(128K)
[19.875s][info   ][gc          ] GC(1258) Pause Young (Concurrent Start) (G1 Humongous Allocation) 919M->509M(2048M) 1.454ms
[19.875s][info   ][gc,cpu      ] GC(1258) User=0.00s Sys=0.00s Real=0.00s
[19.875s][info   ][gc          ] GC(1259) Concurrent Undo Cycle
[19.875s][info   ][gc,marking  ] GC(1259) Concurrent Cleanup for Next Mark
[19.891s][info   ][gc,marking  ] GC(1259) Concurrent Cleanup for Next Mark 16.507ms
[19.892s][info   ][gc          ] GC(1259) Concurrent Undo Cycle 16.687ms
[19.905s][info   ][gc,start    ] GC(1260) Pause Young (Concurrent Start) (G1 Humongous Allocation)
[19.905s][info   ][gc,task     ] GC(1260) Using 4 workers of 4 for evacuation
[19.906s][info   ][gc,phases   ] GC(1260)   Pre Evacuate Collection Set: 0.3ms
[19.906s][info   ][gc,phases   ] GC(1260)   Merge Heap Roots: 0.1ms
[19.906s][info   ][gc,phases   ] GC(1260)   Evacuate Collection Set: 0.3ms
[19.906s][info   ][gc,phases   ] GC(1260)   Post Evacuate Collection Set: 0.6ms
[19.906s][info   ][gc,phases   ] GC(1260)   Other: 0.3ms
[19.906s][info   ][gc,heap     ] GC(1260) Eden regions: 0->0(1228)
[19.906s][info   ][gc,heap     ] GC(1260) Survivor regions: 0->0(154)
[19.906s][info   ][gc,heap     ] GC(1260) Old regions: 1->1
[19.906s][info   ][gc,heap     ] GC(1260) Archive regions: 2->2
[19.906s][info   ][gc,heap     ] GC(1260) Humongous regions: 918->454
[19.906s][info   ][gc,metaspace] GC(1260) Metaspace: 158K(384K)->158K(384K) NonClass: 150K(256K)->150K(256K) Class: 8K(128K)->8K(128K)
[19.906s][info   ][gc          ] GC(1260) Pause Young (Concurrent Start) (G1 Humongous Allocation) 919M->455M(2048M) 1.598ms
[19.906s][info   ][gc,cpu      ] GC(1260) User=0.00s Sys=0.00s Real=0.00s
[19.906s][info   ][gc          ] GC(1261) Concurrent Undo Cycle
[19.906s][info   ][gc,marking  ] GC(1261) Concurrent Cleanup for Next Mark
[19.932s][info   ][gc,marking  ] GC(1261) Concurrent Cleanup for Next Mark 25.022ms
[19.932s][info   ][gc          ] GC(1261) Concurrent Undo Cycle 25.124ms
[19.942s][info   ][gc,start    ] GC(1262) Pause Young (Concurrent Start) (G1 Humongous Allocation)
[19.942s][info   ][gc,task     ] GC(1262) Using 4 workers of 4 for evacuation
[19.944s][info   ][gc,phases   ] GC(1262)   Pre Evacuate Collection Set: 0.2ms
[19.944s][info   ][gc,phases   ] GC(1262)   Merge Heap Roots: 0.1ms
[19.944s][info   ][gc,phases   ] GC(1262)   Evacuate Collection Set: 0.6ms
[19.944s][info   ][gc,phases   ] GC(1262)   Post Evacuate Collection Set: 0.6ms
[19.944s][info   ][gc,phases   ] GC(1262)   Other: 0.2ms
[19.944s][info   ][gc,heap     ] GC(1262) Eden regions: 0->0(1228)
[19.944s][info   ][gc,heap     ] GC(1262) Survivor regions: 0->0(154)
[19.944s][info   ][gc,heap     ] GC(1262) Old regions: 1->1
[19.944s][info   ][gc,heap     ] GC(1262) Archive regions: 2->2
[19.944s][info   ][gc,heap     ] GC(1262) Humongous regions: 918->466
[19.944s][info   ][gc,metaspace] GC(1262) Metaspace: 158K(384K)->158K(384K) NonClass: 150K(256K)->150K(256K) Class: 8K(128K)->8K(128K)
[19.944s][info   ][gc          ] GC(1262) Pause Young (Concurrent Start) (G1 Humongous Allocation) 919M->467M(2048M) 1.835ms
[19.944s][info   ][gc,cpu      ] GC(1262) User=0.00s Sys=0.00s Real=0.00s
[19.944s][info   ][gc          ] GC(1263) Concurrent Undo Cycle
[19.944s][info   ][gc,marking  ] GC(1263) Concurrent Cleanup for Next Mark
[19.970s][info   ][gc,marking  ] GC(1263) Concurrent Cleanup for Next Mark 26.164ms
[19.971s][info   ][gc          ] GC(1263) Concurrent Undo Cycle 26.366ms
[19.977s][info   ][gc,start    ] GC(1264) Pause Young (Concurrent Start) (G1 Humongous Allocation)
[19.977s][info   ][gc,task     ] GC(1264) Using 4 workers of 4 for evacuation
[19.978s][info   ][gc,phases   ] GC(1264)   Pre Evacuate Collection Set: 0.2ms
[19.978s][info   ][gc,phases   ] GC(1264)   Merge Heap Roots: 0.1ms
[19.978s][info   ][gc,phases   ] GC(1264)   Evacuate Collection Set: 0.2ms
[19.978s][info   ][gc,phases   ] GC(1264)   Post Evacuate Collection Set: 0.5ms
[19.978s][info   ][gc,phases   ] GC(1264)   Other: 0.2ms
[19.978s][info   ][gc,heap     ] GC(1264) Eden regions: 0->0(1228)
[19.978s][info   ][gc,heap     ] GC(1264) Survivor regions: 0->0(154)
[19.978s][info   ][gc,heap     ] GC(1264) Old regions: 1->1
[19.978s][info   ][gc,heap     ] GC(1264) Archive regions: 2->2
[19.978s][info   ][gc,heap     ] GC(1264) Humongous regions: 918->506
[19.978s][info   ][gc,metaspace] GC(1264) Metaspace: 158K(384K)->158K(384K) NonClass: 150K(256K)->150K(256K) Class: 8K(128K)->8K(128K)
[19.979s][info   ][gc          ] GC(1264) Pause Young (Concurrent Start) (G1 Humongous Allocation) 919M->507M(2048M) 1.323ms
[19.979s][info   ][gc,cpu      ] GC(1264) User=0.00s Sys=0.00s Real=0.01s
[19.979s][info   ][gc          ] GC(1265) Concurrent Undo Cycle
[19.979s][info   ][gc,marking  ] GC(1265) Concurrent Cleanup for Next Mark
[19.993s][info   ][gc,marking  ] GC(1265) Concurrent Cleanup for Next Mark 14.576ms
[19.993s][info   ][gc          ] GC(1265) Concurrent Undo Cycle 14.758ms
[20.011s][info   ][gc,start    ] GC(1266) Pause Young (Concurrent Start) (G1 Humongous Allocation)
[20.011s][info   ][gc,task     ] GC(1266) Using 4 workers of 4 for evacuation
[20.012s][info   ][gc,phases   ] GC(1266)   Pre Evacuate Collection Set: 0.2ms
[20.012s][info   ][gc,phases   ] GC(1266)   Merge Heap Roots: 0.1ms
[20.012s][info   ][gc,phases   ] GC(1266)   Evacuate Collection Set: 0.2ms
[20.012s][info   ][gc,phases   ] GC(1266)   Post Evacuate Collection Set: 0.7ms
[20.012s][info   ][gc,phases   ] GC(1266)   Other: 0.2ms
[20.012s][info   ][gc,heap     ] GC(1266) Eden regions: 0->0(1185)
[20.012s][info   ][gc,heap     ] GC(1266) Survivor regions: 0->0(154)
[20.012s][info   ][gc,heap     ] GC(1266) Old regions: 1->1
[20.012s][info   ][gc,heap     ] GC(1266) Archive regions: 2->2
[20.012s][info   ][gc,heap     ] GC(1266) Humongous regions: 918->556
[20.012s][info   ][gc,metaspace] GC(1266) Metaspace: 158K(384K)->158K(384K) NonClass: 150K(256K)->150K(256K) Class: 8K(128K)->8K(128K)
[20.012s][info   ][gc          ] GC(1266) Pause Young (Concurrent Start) (G1 Humongous Allocation) 919M->557M(2048M) 1.561ms
[20.012s][info   ][gc,cpu      ] GC(1266) User=0.00s Sys=0.00s Real=0.00s
[20.012s][info   ][gc          ] GC(1267) Concurrent Undo Cycle
[20.012s][info   ][gc,marking  ] GC(1267) Concurrent Cleanup for Next Mark
[20.025s][info   ][gc,marking  ] GC(1267) Concurrent Cleanup for Next Mark 13.159ms
[20.026s][info   ][gc          ] GC(1267) Concurrent Undo Cycle 13.397ms
[20.042s][info   ][gc,start    ] GC(1268) Pause Young (Concurrent Start) (G1 Humongous Allocation)
[20.042s][info   ][gc,task     ] GC(1268) Using 4 workers of 4 for evacuation
[20.043s][info   ][gc,phases   ] GC(1268)   Pre Evacuate Collection Set: 0.2ms
[20.043s][info   ][gc,phases   ] GC(1268)   Merge Heap Roots: 0.1ms
[20.043s][info   ][gc,phases   ] GC(1268)   Evacuate Collection Set: 0.2ms
[20.043s][info   ][gc,phases   ] GC(1268)   Post Evacuate Collection Set: 0.6ms
[20.043s][info   ][gc,phases   ] GC(1268)   Other: 0.2ms
[20.043s][info   ][gc,heap     ] GC(1268) Eden regions: 0->0(1213)
[20.043s][info   ][gc,heap     ] GC(1268) Survivor regions: 0->0(149)
[20.043s][info   ][gc,heap     ] GC(1268) Old regions: 1->1
[20.043s][info   ][gc,heap     ] GC(1268) Archive regions: 2->2
[20.043s][info   ][gc,heap     ] GC(1268) Humongous regions: 918->526
[20.043s][info   ][gc,metaspace] GC(1268) Metaspace: 158K(384K)->158K(384K) NonClass: 150K(256K)->150K(256K) Class: 8K(128K)->8K(128K)
[20.043s][info   ][gc          ] GC(1268) Pause Young (Concurrent Start) (G1 Humongous Allocation) 919M->527M(2048M) 1.343ms
[20.043s][info   ][gc,cpu      ] GC(1268) User=0.00s Sys=0.00s Real=0.00s
[20.043s][info   ][gc          ] GC(1269) Concurrent Undo Cycle
[20.043s][info   ][gc,marking  ] GC(1269) Concurrent Cleanup for Next Mark
[20.055s][info   ][gc,marking  ] GC(1269) Concurrent Cleanup for Next Mark 11.376ms
[20.055s][info   ][gc          ] GC(1269) Concurrent Undo Cycle 11.550ms
[20.074s][info   ][gc,start    ] GC(1270) Pause Young (Concurrent Start) (G1 Humongous Allocation)
[20.074s][info   ][gc,task     ] GC(1270) Using 4 workers of 4 for evacuation
[20.076s][info   ][gc,phases   ] GC(1270)   Pre Evacuate Collection Set: 0.2ms
[20.076s][info   ][gc,phases   ] GC(1270)   Merge Heap Roots: 0.1ms
[20.076s][info   ][gc,phases   ] GC(1270)   Evacuate Collection Set: 0.4ms
[20.076s][info   ][gc,phases   ] GC(1270)   Post Evacuate Collection Set: 0.6ms
[20.076s][info   ][gc,phases   ] GC(1270)   Other: 0.2ms
[20.076s][info   ][gc,heap     ] GC(1270) Eden regions: 0->0(1215)
[20.076s][info   ][gc,heap     ] GC(1270) Survivor regions: 0->0(152)
[20.076s][info   ][gc,heap     ] GC(1270) Old regions: 1->1
[20.076s][info   ][gc,heap     ] GC(1270) Archive regions: 2->2
[20.076s][info   ][gc,heap     ] GC(1270) Humongous regions: 920->524
[20.076s][info   ][gc,metaspace] GC(1270) Metaspace: 158K(384K)->158K(384K) NonClass: 150K(256K)->150K(256K) Class: 8K(128K)->8K(128K)
[20.076s][info   ][gc          ] GC(1270) Pause Young (Concurrent Start) (G1 Humongous Allocation) 921M->525M(2048M) 1.613ms
[20.076s][info   ][gc,cpu      ] GC(1270) User=0.00s Sys=0.00s Real=0.00s
[20.076s][info   ][gc          ] GC(1271) Concurrent Undo Cycle
[20.076s][info   ][gc,marking  ] GC(1271) Concurrent Cleanup for Next Mark
[20.096s][info   ][gc,marking  ] GC(1271) Concurrent Cleanup for Next Mark 19.369ms
[20.096s][info   ][gc          ] GC(1271) Concurrent Undo Cycle 19.541ms
[20.116s][info   ][gc,start    ] GC(1272) Pause Young (Concurrent Start) (G1 Humongous Allocation)
[20.116s][info   ][gc,task     ] GC(1272) Using 4 workers of 4 for evacuation
[20.118s][info   ][gc,phases   ] GC(1272)   Pre Evacuate Collection Set: 0.3ms
[20.118s][info   ][gc,phases   ] GC(1272)   Merge Heap Roots: 0.1ms
[20.118s][info   ][gc,phases   ] GC(1272)   Evacuate Collection Set: 0.7ms
[20.118s][info   ][gc,phases   ] GC(1272)   Post Evacuate Collection Set: 0.8ms
[20.118s][info   ][gc,phases   ] GC(1272)   Other: 0.4ms
[20.118s][info   ][gc,heap     ] GC(1272) Eden regions: 0->0(1189)
[20.118s][info   ][gc,heap     ] GC(1272) Survivor regions: 0->0(152)
[20.118s][info   ][gc,heap     ] GC(1272) Old regions: 1->1
[20.118s][info   ][gc,heap     ] GC(1272) Archive regions: 2->2
[20.118s][info   ][gc,heap     ] GC(1272) Humongous regions: 918->552
[20.118s][info   ][gc,metaspace] GC(1272) Metaspace: 158K(384K)->158K(384K) NonClass: 150K(256K)->150K(256K) Class: 8K(128K)->8K(128K)
[20.118s][info   ][gc          ] GC(1272) Pause Young (Concurrent Start) (G1 Humongous Allocation) 919M->553M(2048M) 2.514ms
[20.118s][info   ][gc,cpu      ] GC(1272) User=0.00s Sys=0.00s Real=0.01s
[20.118s][info   ][gc          ] GC(1273) Concurrent Undo Cycle
[20.118s][info   ][gc,marking  ] GC(1273) Concurrent Cleanup for Next Mark
[20.145s][info   ][gc,marking  ] GC(1273) Concurrent Cleanup for Next Mark 27.115ms
[20.146s][info   ][gc          ] GC(1273) Concurrent Undo Cycle 27.435ms
[20.153s][info   ][gc,start    ] GC(1274) Pause Young (Concurrent Start) (G1 Humongous Allocation)
[20.153s][info   ][gc,task     ] GC(1274) Using 4 workers of 4 for evacuation
[20.155s][info   ][gc,phases   ] GC(1274)   Pre Evacuate Collection Set: 0.4ms
[20.155s][info   ][gc,phases   ] GC(1274)   Merge Heap Roots: 0.2ms
[20.155s][info   ][gc,phases   ] GC(1274)   Evacuate Collection Set: 0.5ms
[20.155s][info   ][gc,phases   ] GC(1274)   Post Evacuate Collection Set: 0.8ms
[20.155s][info   ][gc,phases   ] GC(1274)   Other: 0.3ms
[20.155s][info   ][gc,heap     ] GC(1274) Eden regions: 0->0(1217)
[20.155s][info   ][gc,heap     ] GC(1274) Survivor regions: 0->0(149)
[20.156s][info   ][gc,heap     ] GC(1274) Old regions: 1->1
[20.156s][info   ][gc,heap     ] GC(1274) Archive regions: 2->2
[20.156s][info   ][gc,heap     ] GC(1274) Humongous regions: 918->522
[20.156s][info   ][gc,metaspace] GC(1274) Metaspace: 158K(384K)->158K(384K) NonClass: 150K(256K)->150K(256K) Class: 8K(128K)->8K(128K)
[20.156s][info   ][gc          ] GC(1274) Pause Young (Concurrent Start) (G1 Humongous Allocation) 919M->523M(2048M) 2.353ms
[20.156s][info   ][gc,cpu      ] GC(1274) User=0.00s Sys=0.01s Real=0.00s
[20.156s][info   ][gc          ] GC(1275) Concurrent Undo Cycle
[20.156s][info   ][gc,marking  ] GC(1275) Concurrent Cleanup for Next Mark
[20.170s][info   ][gc,marking  ] GC(1275) Concurrent Cleanup for Next Mark 13.334ms
[20.170s][info   ][gc          ] GC(1275) Concurrent Undo Cycle 13.968ms
[20.189s][info   ][gc,start    ] GC(1276) Pause Young (Concurrent Start) (G1 Humongous Allocation)
[20.190s][info   ][gc,task     ] GC(1276) Using 4 workers of 4 for evacuation
[20.191s][info   ][gc,phases   ] GC(1276)   Pre Evacuate Collection Set: 0.2ms
[20.191s][info   ][gc,phases   ] GC(1276)   Merge Heap Roots: 0.2ms
[20.191s][info   ][gc,phases   ] GC(1276)   Evacuate Collection Set: 0.4ms
[20.191s][info   ][gc,phases   ] GC(1276)   Post Evacuate Collection Set: 0.7ms
[20.191s][info   ][gc,phases   ] GC(1276)   Other: 0.4ms
[20.191s][info   ][gc,heap     ] GC(1276) Eden regions: 0->0(1228)
[20.191s][info   ][gc,heap     ] GC(1276) Survivor regions: 0->0(153)
[20.191s][info   ][gc,heap     ] GC(1276) Old regions: 1->1
[20.191s][info   ][gc,heap     ] GC(1276) Archive regions: 2->2
[20.191s][info   ][gc,heap     ] GC(1276) Humongous regions: 918->508
[20.191s][info   ][gc,metaspace] GC(1276) Metaspace: 158K(384K)->158K(384K) NonClass: 150K(256K)->150K(256K) Class: 8K(128K)->8K(128K)
[20.191s][info   ][gc          ] GC(1276) Pause Young (Concurrent Start) (G1 Humongous Allocation) 919M->509M(2048M) 1.912ms
[20.191s][info   ][gc,cpu      ] GC(1276) User=0.01s Sys=0.00s Real=0.00s
[20.191s][info   ][gc          ] GC(1277) Concurrent Undo Cycle
[20.191s][info   ][gc,marking  ] GC(1277) Concurrent Cleanup for Next Mark
[20.233s][info   ][gc,marking  ] GC(1277) Concurrent Cleanup for Next Mark 41.361ms
[20.233s][info   ][gc          ] GC(1277) Concurrent Undo Cycle 41.803ms
[20.234s][info   ][gc,start    ] GC(1278) Pause Young (Concurrent Start) (G1 Humongous Allocation)
[20.234s][info   ][gc,task     ] GC(1278) Using 4 workers of 4 for evacuation
[20.236s][info   ][gc,phases   ] GC(1278)   Pre Evacuate Collection Set: 0.2ms
[20.236s][info   ][gc,phases   ] GC(1278)   Merge Heap Roots: 0.1ms
[20.236s][info   ][gc,phases   ] GC(1278)   Evacuate Collection Set: 0.5ms
[20.236s][info   ][gc,phases   ] GC(1278)   Post Evacuate Collection Set: 0.7ms
[20.236s][info   ][gc,phases   ] GC(1278)   Other: 0.2ms
[20.236s][info   ][gc,heap     ] GC(1278) Eden regions: 0->0(1189)
[20.236s][info   ][gc,heap     ] GC(1278) Survivor regions: 0->0(154)
[20.236s][info   ][gc,heap     ] GC(1278) Old regions: 1->1
[20.236s][info   ][gc,heap     ] GC(1278) Archive regions: 2->2
[20.236s][info   ][gc,heap     ] GC(1278) Humongous regions: 1040->552
[20.236s][info   ][gc,metaspace] GC(1278) Metaspace: 158K(384K)->158K(384K) NonClass: 150K(256K)->150K(256K) Class: 8K(128K)->8K(128K)
[20.236s][info   ][gc          ] GC(1278) Pause Young (Concurrent Start) (G1 Humongous Allocation) 1041M->553M(2048M) 1.853ms
[20.236s][info   ][gc,cpu      ] GC(1278) User=0.00s Sys=0.00s Real=0.00s
[20.236s][info   ][gc          ] GC(1279) Concurrent Undo Cycle
[20.236s][info   ][gc,marking  ] GC(1279) Concurrent Cleanup for Next Mark
[20.255s][info   ][gc,marking  ] GC(1279) Concurrent Cleanup for Next Mark 18.903ms
[20.255s][info   ][gc          ] GC(1279) Concurrent Undo Cycle 19.108ms
[20.265s][info   ][gc,start    ] GC(1280) Pause Young (Concurrent Start) (G1 Humongous Allocation)
[20.265s][info   ][gc,task     ] GC(1280) Using 4 workers of 4 for evacuation
[20.266s][info   ][gc,phases   ] GC(1280)   Pre Evacuate Collection Set: 0.2ms
[20.266s][info   ][gc,phases   ] GC(1280)   Merge Heap Roots: 0.1ms
[20.267s][info   ][gc,phases   ] GC(1280)   Evacuate Collection Set: 0.3ms
[20.267s][info   ][gc,phases   ] GC(1280)   Post Evacuate Collection Set: 0.8ms
[20.267s][info   ][gc,phases   ] GC(1280)   Other: 0.2ms
[20.267s][info   ][gc,heap     ] GC(1280) Eden regions: 0->0(1197)
[20.267s][info   ][gc,heap     ] GC(1280) Survivor regions: 0->0(149)
[20.267s][info   ][gc,heap     ] GC(1280) Old regions: 1->1
[20.267s][info   ][gc,heap     ] GC(1280) Archive regions: 2->2
[20.267s][info   ][gc,heap     ] GC(1280) Humongous regions: 918->544
[20.267s][info   ][gc,metaspace] GC(1280) Metaspace: 158K(384K)->158K(384K) NonClass: 150K(256K)->150K(256K) Class: 8K(128K)->8K(128K)
[20.267s][info   ][gc          ] GC(1280) Pause Young (Concurrent Start) (G1 Humongous Allocation) 919M->545M(2048M) 1.728ms
[20.267s][info   ][gc,cpu      ] GC(1280) User=0.00s Sys=0.00s Real=0.00s
[20.267s][info   ][gc          ] GC(1281) Concurrent Undo Cycle
[20.267s][info   ][gc,marking  ] GC(1281) Concurrent Cleanup for Next Mark
[20.302s][info   ][gc,marking  ] GC(1281) Concurrent Cleanup for Next Mark 34.946ms
[20.302s][info   ][gc          ] GC(1281) Concurrent Undo Cycle 35.204ms
[20.303s][info   ][gc,start    ] GC(1282) Pause Young (Concurrent Start) (G1 Humongous Allocation)
[20.303s][info   ][gc,task     ] GC(1282) Using 4 workers of 4 for evacuation
[20.305s][info   ][gc,phases   ] GC(1282)   Pre Evacuate Collection Set: 0.2ms
[20.305s][info   ][gc,phases   ] GC(1282)   Merge Heap Roots: 0.1ms
[20.305s][info   ][gc,phases   ] GC(1282)   Evacuate Collection Set: 0.5ms
[20.305s][info   ][gc,phases   ] GC(1282)   Post Evacuate Collection Set: 0.6ms
[20.305s][info   ][gc,phases   ] GC(1282)   Other: 0.1ms
[20.305s][info   ][gc,heap     ] GC(1282) Eden regions: 0->0(1222)
[20.305s][info   ][gc,heap     ] GC(1282) Survivor regions: 0->0(150)
[20.305s][info   ][gc,heap     ] GC(1282) Old regions: 1->1
[20.305s][info   ][gc,heap     ] GC(1282) Archive regions: 2->2
[20.305s][info   ][gc,heap     ] GC(1282) Humongous regions: 998->516
[20.305s][info   ][gc,metaspace] GC(1282) Metaspace: 158K(384K)->158K(384K) NonClass: 150K(256K)->150K(256K) Class: 8K(128K)->8K(128K)
[20.305s][info   ][gc          ] GC(1282) Pause Young (Concurrent Start) (G1 Humongous Allocation) 999M->517M(2048M) 1.667ms
[20.305s][info   ][gc,cpu      ] GC(1282) User=0.01s Sys=0.00s Real=0.00s
[20.305s][info   ][gc          ] GC(1283) Concurrent Undo Cycle
[20.305s][info   ][gc,marking  ] GC(1283) Concurrent Cleanup for Next Mark
[20.330s][info   ][gc,marking  ] GC(1283) Concurrent Cleanup for Next Mark 24.633ms
[20.330s][info   ][gc          ] GC(1283) Concurrent Undo Cycle 25.079ms
[20.335s][info   ][gc,start    ] GC(1284) Pause Young (Concurrent Start) (G1 Humongous Allocation)
[20.336s][info   ][gc,task     ] GC(1284) Using 4 workers of 4 for evacuation
[20.337s][info   ][gc,phases   ] GC(1284)   Pre Evacuate Collection Set: 0.2ms
[20.337s][info   ][gc,phases   ] GC(1284)   Merge Heap Roots: 0.3ms
[20.337s][info   ][gc,phases   ] GC(1284)   Evacuate Collection Set: 0.4ms
[20.337s][info   ][gc,phases   ] GC(1284)   Post Evacuate Collection Set: 0.6ms
[20.337s][info   ][gc,phases   ] GC(1284)   Other: 0.3ms
[20.337s][info   ][gc,heap     ] GC(1284) Eden regions: 0->0(1206)
[20.337s][info   ][gc,heap     ] GC(1284) Survivor regions: 0->0(153)
[20.337s][info   ][gc,heap     ] GC(1284) Old regions: 1->1
[20.337s][info   ][gc,heap     ] GC(1284) Archive regions: 2->2
[20.337s][info   ][gc,heap     ] GC(1284) Humongous regions: 918->534
[20.337s][info   ][gc,metaspace] GC(1284) Metaspace: 158K(384K)->158K(384K) NonClass: 150K(256K)->150K(256K) Class: 8K(128K)->8K(128K)
[20.337s][info   ][gc          ] GC(1284) Pause Young (Concurrent Start) (G1 Humongous Allocation) 919M->535M(2048M) 1.848ms
[20.337s][info   ][gc,cpu      ] GC(1284) User=0.00s Sys=0.00s Real=0.00s
[20.337s][info   ][gc          ] GC(1285) Concurrent Undo Cycle
[20.337s][info   ][gc,marking  ] GC(1285) Concurrent Cleanup for Next Mark
[20.353s][info   ][gc,marking  ] GC(1285) Concurrent Cleanup for Next Mark 15.768ms
[20.353s][info   ][gc          ] GC(1285) Concurrent Undo Cycle 15.939ms
[20.357s][info   ][gc,start    ] GC(1286) Pause Young (Concurrent Start) (G1 Humongous Allocation)
[20.357s][info   ][gc,task     ] GC(1286) Using 4 workers of 4 for evacuation
[20.358s][info   ][gc,phases   ] GC(1286)   Pre Evacuate Collection Set: 0.2ms
[20.358s][info   ][gc,phases   ] GC(1286)   Merge Heap Roots: 0.1ms
[20.358s][info   ][gc,phases   ] GC(1286)   Evacuate Collection Set: 0.2ms
[20.358s][info   ][gc,phases   ] GC(1286)   Post Evacuate Collection Set: 0.4ms
[20.358s][info   ][gc,phases   ] GC(1286)   Other: 0.2ms
[20.358s][info   ][gc,heap     ] GC(1286) Eden regions: 0->0(1167)
[20.358s][info   ][gc,heap     ] GC(1286) Survivor regions: 0->0(151)
[20.358s][info   ][gc,heap     ] GC(1286) Old regions: 1->1
[20.358s][info   ][gc,heap     ] GC(1286) Archive regions: 2->2
[20.358s][info   ][gc,heap     ] GC(1286) Humongous regions: 760->576
[20.358s][info   ][gc,metaspace] GC(1286) Metaspace: 158K(384K)->158K(384K) NonClass: 150K(256K)->150K(256K) Class: 8K(128K)->8K(128K)
[20.358s][info   ][gc          ] GC(1286) Pause Young (Concurrent Start) (G1 Humongous Allocation) 761M->577M(2048M) 1.093ms
[20.358s][info   ][gc,cpu      ] GC(1286) User=0.00s Sys=0.01s Real=0.00s
[20.358s][info   ][gc          ] GC(1287) Concurrent Undo Cycle
[20.358s][info   ][gc,marking  ] GC(1287) Concurrent Cleanup for Next Mark
[20.388s][info   ][gc,marking  ] GC(1287) Concurrent Cleanup for Next Mark 29.790ms
[20.388s][info   ][gc          ] GC(1287) Concurrent Undo Cycle 29.971ms
[20.389s][info   ][gc,start    ] GC(1288) Pause Young (Concurrent Start) (G1 Humongous Allocation)
[20.389s][info   ][gc,task     ] GC(1288) Using 4 workers of 4 for evacuation
[20.390s][info   ][gc,phases   ] GC(1288)   Pre Evacuate Collection Set: 0.2ms
[20.390s][info   ][gc,phases   ] GC(1288)   Merge Heap Roots: 0.1ms
[20.390s][info   ][gc,phases   ] GC(1288)   Evacuate Collection Set: 0.4ms
[20.390s][info   ][gc,phases   ] GC(1288)   Post Evacuate Collection Set: 0.5ms
[20.390s][info   ][gc,phases   ] GC(1288)   Other: 0.1ms
[20.390s][info   ][gc,heap     ] GC(1288) Eden regions: 0->0(1106)
[20.390s][info   ][gc,heap     ] GC(1288) Survivor regions: 0->0(146)
[20.390s][info   ][gc,heap     ] GC(1288) Old regions: 1->1
[20.390s][info   ][gc,heap     ] GC(1288) Archive regions: 2->2
[20.390s][info   ][gc,heap     ] GC(1288) Humongous regions: 970->642
[20.390s][info   ][gc,metaspace] GC(1288) Metaspace: 158K(384K)->158K(384K) NonClass: 150K(256K)->150K(256K) Class: 8K(128K)->8K(128K)
[20.390s][info   ][gc          ] GC(1288) Pause Young (Concurrent Start) (G1 Humongous Allocation) 971M->643M(2048M) 1.476ms
[20.390s][info   ][gc,cpu      ] GC(1288) User=0.00s Sys=0.00s Real=0.00s
[20.390s][info   ][gc          ] GC(1289) Concurrent Undo Cycle
[20.390s][info   ][gc,marking  ] GC(1289) Concurrent Cleanup for Next Mark
[20.405s][info   ][gc,marking  ] GC(1289) Concurrent Cleanup for Next Mark 14.066ms
[20.405s][info   ][gc          ] GC(1289) Concurrent Undo Cycle 14.296ms
[20.413s][info   ][gc,start    ] GC(1290) Pause Young (Concurrent Start) (G1 Humongous Allocation)
[20.413s][info   ][gc,task     ] GC(1290) Using 4 workers of 4 for evacuation
[20.414s][info   ][gc,phases   ] GC(1290)   Pre Evacuate Collection Set: 0.2ms
[20.414s][info   ][gc,phases   ] GC(1290)   Merge Heap Roots: 0.1ms
[20.414s][info   ][gc,phases   ] GC(1290)   Evacuate Collection Set: 0.3ms
[20.414s][info   ][gc,phases   ] GC(1290)   Post Evacuate Collection Set: 0.4ms
[20.414s][info   ][gc,phases   ] GC(1290)   Other: 0.2ms
[20.414s][info   ][gc,heap     ] GC(1290) Eden regions: 0->0(1027)
[20.414s][info   ][gc,heap     ] GC(1290) Survivor regions: 0->0(139)
[20.414s][info   ][gc,heap     ] GC(1290) Old regions: 1->1
[20.414s][info   ][gc,heap     ] GC(1290) Archive regions: 2->2
[20.414s][info   ][gc,heap     ] GC(1290) Humongous regions: 918->728
[20.414s][info   ][gc,metaspace] GC(1290) Metaspace: 158K(384K)->158K(384K) NonClass: 150K(256K)->150K(256K) Class: 8K(128K)->8K(128K)
[20.414s][info   ][gc          ] GC(1290) Pause Young (Concurrent Start) (G1 Humongous Allocation) 919M->729M(2048M) 1.228ms
[20.414s][info   ][gc,cpu      ] GC(1290) User=0.01s Sys=0.00s Real=0.00s
[20.414s][info   ][gc          ] GC(1291) Concurrent Undo Cycle
[20.414s][info   ][gc,marking  ] GC(1291) Concurrent Cleanup for Next Mark
[20.437s][info   ][gc,marking  ] GC(1291) Concurrent Cleanup for Next Mark 22.128ms
[20.437s][info   ][gc          ] GC(1291) Concurrent Undo Cycle 22.327ms
[20.437s][info   ][gc,start    ] GC(1292) Pause Young (Concurrent Start) (G1 Humongous Allocation)
[20.437s][info   ][gc,task     ] GC(1292) Using 4 workers of 4 for evacuation
[20.438s][info   ][gc,phases   ] GC(1292)   Pre Evacuate Collection Set: 0.1ms
[20.438s][info   ][gc,phases   ] GC(1292)   Merge Heap Roots: 0.1ms
[20.438s][info   ][gc,phases   ] GC(1292)   Evacuate Collection Set: 0.2ms
[20.438s][info   ][gc,phases   ] GC(1292)   Post Evacuate Collection Set: 0.5ms
[20.438s][info   ][gc,phases   ] GC(1292)   Other: 0.2ms
[20.438s][info   ][gc,heap     ] GC(1292) Eden regions: 0->0(1034)
[20.438s][info   ][gc,heap     ] GC(1292) Survivor regions: 0->0(129)
[20.438s][info   ][gc,heap     ] GC(1292) Old regions: 1->1
[20.438s][info   ][gc,heap     ] GC(1292) Archive regions: 2->2
[20.438s][info   ][gc,heap     ] GC(1292) Humongous regions: 1028->720
[20.438s][info   ][gc,metaspace] GC(1292) Metaspace: 158K(384K)->158K(384K) NonClass: 150K(256K)->150K(256K) Class: 8K(128K)->8K(128K)
[20.438s][info   ][gc          ] GC(1292) Pause Young (Concurrent Start) (G1 Humongous Allocation) 1029M->721M(2048M) 1.163ms
[20.438s][info   ][gc,cpu      ] GC(1292) User=0.00s Sys=0.00s Real=0.01s
[20.438s][info   ][gc          ] GC(1293) Concurrent Undo Cycle
[20.438s][info   ][gc,marking  ] GC(1293) Concurrent Cleanup for Next Mark
[20.451s][info   ][gc,marking  ] GC(1293) Concurrent Cleanup for Next Mark 12.658ms
[20.451s][info   ][gc          ] GC(1293) Concurrent Undo Cycle 12.780ms
[20.458s][info   ][gc,start    ] GC(1294) Pause Young (Concurrent Start) (G1 Humongous Allocation)
[20.458s][info   ][gc,task     ] GC(1294) Using 4 workers of 4 for evacuation
[20.459s][info   ][gc,phases   ] GC(1294)   Pre Evacuate Collection Set: 0.2ms
[20.459s][info   ][gc,phases   ] GC(1294)   Merge Heap Roots: 0.1ms
[20.459s][info   ][gc,phases   ] GC(1294)   Evacuate Collection Set: 0.2ms
[20.459s][info   ][gc,phases   ] GC(1294)   Post Evacuate Collection Set: 0.4ms
[20.459s][info   ][gc,phases   ] GC(1294)   Other: 0.2ms
[20.459s][info   ][gc,heap     ] GC(1294) Eden regions: 0->0(1015)
[20.459s][info   ][gc,heap     ] GC(1294) Survivor regions: 0->0(130)
[20.459s][info   ][gc,heap     ] GC(1294) Old regions: 1->1
[20.459s][info   ][gc,heap     ] GC(1294) Archive regions: 2->2
[20.459s][info   ][gc,heap     ] GC(1294) Humongous regions: 918->740
[20.459s][info   ][gc,metaspace] GC(1294) Metaspace: 158K(384K)->158K(384K) NonClass: 150K(256K)->150K(256K) Class: 8K(128K)->8K(128K)
[20.459s][info   ][gc          ] GC(1294) Pause Young (Concurrent Start) (G1 Humongous Allocation) 919M->741M(2048M) 1.168ms
[20.459s][info   ][gc,cpu      ] GC(1294) User=0.00s Sys=0.00s Real=0.01s
[20.459s][info   ][gc          ] GC(1295) Concurrent Undo Cycle
[20.459s][info   ][gc,marking  ] GC(1295) Concurrent Cleanup for Next Mark
[20.485s][info   ][gc,marking  ] GC(1295) Concurrent Cleanup for Next Mark 25.730ms
[20.485s][info   ][gc          ] GC(1295) Concurrent Undo Cycle 25.948ms
[20.485s][info   ][gc,start    ] GC(1296) Pause Young (Concurrent Start) (G1 Humongous Allocation)
[20.485s][info   ][gc,task     ] GC(1296) Using 4 workers of 4 for evacuation
[20.487s][info   ][gc,phases   ] GC(1296)   Pre Evacuate Collection Set: 0.3ms
[20.487s][info   ][gc,phases   ] GC(1296)   Merge Heap Roots: 0.1ms
[20.487s][info   ][gc,phases   ] GC(1296)   Evacuate Collection Set: 0.2ms
[20.487s][info   ][gc,phases   ] GC(1296)   Post Evacuate Collection Set: 0.5ms
[20.487s][info   ][gc,phases   ] GC(1296)   Other: 0.2ms
[20.487s][info   ][gc,heap     ] GC(1296) Eden regions: 0->0(1015)
[20.487s][info   ][gc,heap     ] GC(1296) Survivor regions: 0->0(127)
[20.487s][info   ][gc,heap     ] GC(1296) Old regions: 1->1
[20.487s][info   ][gc,heap     ] GC(1296) Archive regions: 2->2
[20.487s][info   ][gc,heap     ] GC(1296) Humongous regions: 1078->740
[20.487s][info   ][gc,metaspace] GC(1296) Metaspace: 158K(384K)->158K(384K) NonClass: 150K(256K)->150K(256K) Class: 8K(128K)->8K(128K)
[20.487s][info   ][gc          ] GC(1296) Pause Young (Concurrent Start) (G1 Humongous Allocation) 1079M->741M(2048M) 1.430ms
[20.487s][info   ][gc,cpu      ] GC(1296) User=0.00s Sys=0.00s Real=0.00s
[20.487s][info   ][gc          ] GC(1297) Concurrent Undo Cycle
[20.487s][info   ][gc,marking  ] GC(1297) Concurrent Cleanup for Next Mark
[20.509s][info   ][gc,marking  ] GC(1297) Concurrent Cleanup for Next Mark 22.405ms
[20.510s][info   ][gc          ] GC(1297) Concurrent Undo Cycle 22.766ms
[20.510s][info   ][gc,start    ] GC(1298) Pause Young (Concurrent Start) (G1 Humongous Allocation)
[20.510s][info   ][gc,task     ] GC(1298) Using 4 workers of 4 for evacuation
[20.511s][info   ][gc,phases   ] GC(1298)   Pre Evacuate Collection Set: 0.2ms
[20.511s][info   ][gc,phases   ] GC(1298)   Merge Heap Roots: 0.1ms
[20.511s][info   ][gc,phases   ] GC(1298)   Evacuate Collection Set: 0.2ms
[20.511s][info   ][gc,phases   ] GC(1298)   Post Evacuate Collection Set: 0.6ms
[20.511s][info   ][gc,phases   ] GC(1298)   Other: 0.2ms
[20.511s][info   ][gc,heap     ] GC(1298) Eden regions: 0->0(1051)
[20.511s][info   ][gc,heap     ] GC(1298) Survivor regions: 0->0(127)
[20.511s][info   ][gc,heap     ] GC(1298) Old regions: 1->1
[20.511s][info   ][gc,heap     ] GC(1298) Archive regions: 2->2
[20.511s][info   ][gc,heap     ] GC(1298) Humongous regions: 1030->702
[20.511s][info   ][gc,metaspace] GC(1298) Metaspace: 158K(384K)->158K(384K) NonClass: 150K(256K)->150K(256K) Class: 8K(128K)->8K(128K)
[20.512s][info   ][gc          ] GC(1298) Pause Young (Concurrent Start) (G1 Humongous Allocation) 1031M->703M(2048M) 1.418ms
[20.512s][info   ][gc,cpu      ] GC(1298) User=0.00s Sys=0.00s Real=0.00s
[20.512s][info   ][gc          ] GC(1299) Concurrent Undo Cycle
[20.512s][info   ][gc,marking  ] GC(1299) Concurrent Cleanup for Next Mark
[20.532s][info   ][gc,marking  ] GC(1299) Concurrent Cleanup for Next Mark 20.336ms
[20.533s][info   ][gc          ] GC(1299) Concurrent Undo Cycle 20.729ms
[20.533s][info   ][gc,start    ] GC(1300) Pause Young (Concurrent Start) (G1 Humongous Allocation)
[20.533s][info   ][gc,task     ] GC(1300) Using 4 workers of 4 for evacuation
[20.535s][info   ][gc,phases   ] GC(1300)   Pre Evacuate Collection Set: 0.2ms
[20.535s][info   ][gc,phases   ] GC(1300)   Merge Heap Roots: 0.1ms
[20.535s][info   ][gc,phases   ] GC(1300)   Evacuate Collection Set: 0.5ms
[20.535s][info   ][gc,phases   ] GC(1300)   Post Evacuate Collection Set: 0.5ms
[20.535s][info   ][gc,phases   ] GC(1300)   Other: 0.2ms
[20.535s][info   ][gc,heap     ] GC(1300) Eden regions: 0->0(1038)
[20.535s][info   ][gc,heap     ] GC(1300) Survivor regions: 0->0(132)
[20.535s][info   ][gc,heap     ] GC(1300) Old regions: 1->1
[20.535s][info   ][gc,heap     ] GC(1300) Archive regions: 2->2
[20.535s][info   ][gc,heap     ] GC(1300) Humongous regions: 956->716
[20.535s][info   ][gc,metaspace] GC(1300) Metaspace: 158K(384K)->158K(384K) NonClass: 150K(256K)->150K(256K) Class: 8K(128K)->8K(128K)
[20.535s][info   ][gc          ] GC(1300) Pause Young (Concurrent Start) (G1 Humongous Allocation) 957M->717M(2048M) 1.724ms
[20.535s][info   ][gc,cpu      ] GC(1300) User=0.00s Sys=0.00s Real=0.00s
[20.535s][info   ][gc          ] GC(1301) Concurrent Undo Cycle
[20.535s][info   ][gc,marking  ] GC(1301) Concurrent Cleanup for Next Mark
[20.542s][info   ][gc,marking  ] GC(1301) Concurrent Cleanup for Next Mark 7.022ms
[20.542s][info   ][gc          ] GC(1301) Concurrent Undo Cycle 7.193ms
[20.543s][info   ][gc,start    ] GC(1302) Pause Young (Concurrent Start) (G1 Humongous Allocation)
[20.544s][info   ][gc,task     ] GC(1302) Using 4 workers of 4 for evacuation
[20.545s][info   ][gc,phases   ] GC(1302)   Pre Evacuate Collection Set: 0.2ms
[20.545s][info   ][gc,phases   ] GC(1302)   Merge Heap Roots: 0.1ms
[20.545s][info   ][gc,phases   ] GC(1302)   Evacuate Collection Set: 0.4ms
[20.545s][info   ][gc,phases   ] GC(1302)   Post Evacuate Collection Set: 0.4ms
[20.545s][info   ][gc,phases   ] GC(1302)   Other: 0.2ms
[20.545s][info   ][gc,heap     ] GC(1302) Eden regions: 0->0(1030)
[20.545s][info   ][gc,heap     ] GC(1302) Survivor regions: 0->0(130)
[20.545s][info   ][gc,heap     ] GC(1302) Old regions: 1->1
[20.545s][info   ][gc,heap     ] GC(1302) Archive regions: 2->2
[20.545s][info   ][gc,heap     ] GC(1302) Humongous regions: 792->724
[20.545s][info   ][gc,metaspace] GC(1302) Metaspace: 158K(384K)->158K(384K) NonClass: 150K(256K)->150K(256K) Class: 8K(128K)->8K(128K)
[20.545s][info   ][gc          ] GC(1302) Pause Young (Concurrent Start) (G1 Humongous Allocation) 793M->725M(2048M) 1.411ms
[20.545s][info   ][gc,cpu      ] GC(1302) User=0.00s Sys=0.01s Real=0.00s
[20.545s][info   ][gc          ] GC(1303) Concurrent Undo Cycle
[20.545s][info   ][gc,marking  ] GC(1303) Concurrent Cleanup for Next Mark
[20.573s][info   ][gc,marking  ] GC(1303) Concurrent Cleanup for Next Mark 27.695ms
[20.573s][info   ][gc          ] GC(1303) Concurrent Undo Cycle 27.922ms
[20.574s][info   ][gc,start    ] GC(1304) Pause Young (Concurrent Start) (G1 Humongous Allocation)
[20.574s][info   ][gc,task     ] GC(1304) Using 4 workers of 4 for evacuation
[20.575s][info   ][gc,phases   ] GC(1304)   Pre Evacuate Collection Set: 0.3ms
[20.575s][info   ][gc,phases   ] GC(1304)   Merge Heap Roots: 0.1ms
[20.575s][info   ][gc,phases   ] GC(1304)   Evacuate Collection Set: 0.2ms
[20.575s][info   ][gc,phases   ] GC(1304)   Post Evacuate Collection Set: 0.6ms
[20.575s][info   ][gc,phases   ] GC(1304)   Other: 0.2ms
[20.575s][info   ][gc,heap     ] GC(1304) Eden regions: 0->0(1034)
[20.575s][info   ][gc,heap     ] GC(1304) Survivor regions: 0->0(129)
[20.575s][info   ][gc,heap     ] GC(1304) Old regions: 1->1
[20.575s][info   ][gc,heap     ] GC(1304) Archive regions: 2->2
[20.575s][info   ][gc,heap     ] GC(1304) Humongous regions: 1090->720
[20.575s][info   ][gc,metaspace] GC(1304) Metaspace: 158K(384K)->158K(384K) NonClass: 150K(256K)->150K(256K) Class: 8K(128K)->8K(128K)
[20.575s][info   ][gc          ] GC(1304) Pause Young (Concurrent Start) (G1 Humongous Allocation) 1091M->721M(2048M) 1.467ms
[20.575s][info   ][gc,cpu      ] GC(1304) User=0.00s Sys=0.00s Real=0.00s
[20.575s][info   ][gc          ] GC(1305) Concurrent Undo Cycle
[20.575s][info   ][gc,marking  ] GC(1305) Concurrent Cleanup for Next Mark
[20.591s][info   ][gc,marking  ] GC(1305) Concurrent Cleanup for Next Mark 16.132ms
[20.592s][info   ][gc          ] GC(1305) Concurrent Undo Cycle 16.382ms
[20.592s][info   ][gc,start    ] GC(1306) Pause Young (Concurrent Start) (G1 Humongous Allocation)
[20.592s][info   ][gc,task     ] GC(1306) Using 4 workers of 4 for evacuation
[20.593s][info   ][gc,phases   ] GC(1306)   Pre Evacuate Collection Set: 0.2ms
[20.593s][info   ][gc,phases   ] GC(1306)   Merge Heap Roots: 0.1ms
[20.593s][info   ][gc,phases   ] GC(1306)   Evacuate Collection Set: 0.2ms
[20.593s][info   ][gc,phases   ] GC(1306)   Post Evacuate Collection Set: 0.4ms
[20.593s][info   ][gc,phases   ] GC(1306)   Other: 0.2ms
[20.593s][info   ][gc,heap     ] GC(1306) Eden regions: 0->0(1027)
[20.593s][info   ][gc,heap     ] GC(1306) Survivor regions: 0->0(130)
[20.593s][info   ][gc,heap     ] GC(1306) Old regions: 1->1
[20.593s][info   ][gc,heap     ] GC(1306) Archive regions: 2->2
[20.593s][info   ][gc,heap     ] GC(1306) Humongous regions: 918->728
[20.593s][info   ][gc,metaspace] GC(1306) Metaspace: 158K(384K)->158K(384K) NonClass: 150K(256K)->150K(256K) Class: 8K(128K)->8K(128K)
[20.593s][info   ][gc          ] GC(1306) Pause Young (Concurrent Start) (G1 Humongous Allocation) 919M->729M(2048M) 1.174ms
[20.593s][info   ][gc,cpu      ] GC(1306) User=0.00s Sys=0.00s Real=0.00s
[20.593s][info   ][gc          ] GC(1307) Concurrent Undo Cycle
[20.593s][info   ][gc,marking  ] GC(1307) Concurrent Cleanup for Next Mark
[20.626s][info   ][gc,marking  ] GC(1307) Concurrent Cleanup for Next Mark 32.768ms
[20.626s][info   ][gc          ] GC(1307) Concurrent Undo Cycle 33.061ms
[20.628s][info   ][gc,start    ] GC(1308) Pause Young (Concurrent Start) (G1 Humongous Allocation)
[20.628s][info   ][gc,task     ] GC(1308) Using 4 workers of 4 for evacuation
[20.629s][info   ][gc,phases   ] GC(1308)   Pre Evacuate Collection Set: 0.2ms
[20.629s][info   ][gc,phases   ] GC(1308)   Merge Heap Roots: 0.1ms
[20.629s][info   ][gc,phases   ] GC(1308)   Evacuate Collection Set: 0.3ms
[20.629s][info   ][gc,phases   ] GC(1308)   Post Evacuate Collection Set: 0.7ms
[20.629s][info   ][gc,phases   ] GC(1308)   Other: 0.2ms
[20.629s][info   ][gc,heap     ] GC(1308) Eden regions: 0->0(1001)
[20.629s][info   ][gc,heap     ] GC(1308) Survivor regions: 0->0(129)
[20.629s][info   ][gc,heap     ] GC(1308) Old regions: 1->1
[20.629s][info   ][gc,heap     ] GC(1308) Archive regions: 2->2
[20.629s][info   ][gc,heap     ] GC(1308) Humongous regions: 1122->756
[20.629s][info   ][gc,metaspace] GC(1308) Metaspace: 158K(384K)->158K(384K) NonClass: 150K(256K)->150K(256K) Class: 8K(128K)->8K(128K)
[20.629s][info   ][gc          ] GC(1308) Pause Young (Concurrent Start) (G1 Humongous Allocation) 1123M->757M(2048M) 1.614ms
[20.629s][info   ][gc,cpu      ] GC(1308) User=0.00s Sys=0.00s Real=0.01s
[20.629s][info   ][gc          ] GC(1309) Concurrent Undo Cycle
[20.629s][info   ][gc,marking  ] GC(1309) Concurrent Cleanup for Next Mark
[20.639s][info   ][gc,marking  ] GC(1309) Concurrent Cleanup for Next Mark 9.479ms
[20.639s][info   ][gc          ] GC(1309) Concurrent Undo Cycle 9.689ms
[20.645s][info   ][gc,start    ] GC(1310) Pause Young (Concurrent Start) (G1 Humongous Allocation)
[20.645s][info   ][gc,task     ] GC(1310) Using 4 workers of 4 for evacuation
[20.646s][info   ][gc,phases   ] GC(1310)   Pre Evacuate Collection Set: 0.2ms
[20.646s][info   ][gc,phases   ] GC(1310)   Merge Heap Roots: 0.1ms
[20.646s][info   ][gc,phases   ] GC(1310)   Evacuate Collection Set: 0.4ms
[20.646s][info   ][gc,phases   ] GC(1310)   Post Evacuate Collection Set: 0.5ms
[20.646s][info   ][gc,phases   ] GC(1310)   Other: 0.2ms
[20.646s][info   ][gc,heap     ] GC(1310) Eden regions: 0->0(971)
[20.646s][info   ][gc,heap     ] GC(1310) Survivor regions: 0->0(126)
[20.646s][info   ][gc,heap     ] GC(1310) Old regions: 1->1
[20.646s][info   ][gc,heap     ] GC(1310) Archive regions: 2->2
[20.646s][info   ][gc,heap     ] GC(1310) Humongous regions: 918->788
[20.646s][info   ][gc,metaspace] GC(1310) Metaspace: 158K(384K)->158K(384K) NonClass: 150K(256K)->150K(256K) Class: 8K(128K)->8K(128K)
[20.646s][info   ][gc          ] GC(1310) Pause Young (Concurrent Start) (G1 Humongous Allocation) 919M->789M(2048M) 1.498ms
[20.646s][info   ][gc,cpu      ] GC(1310) User=0.01s Sys=0.00s Real=0.00s
[20.646s][info   ][gc          ] GC(1311) Concurrent Undo Cycle
[20.646s][info   ][gc,marking  ] GC(1311) Concurrent Cleanup for Next Mark
[20.661s][info   ][gc,marking  ] GC(1311) Concurrent Cleanup for Next Mark 15.053ms
[20.661s][info   ][gc          ] GC(1311) Concurrent Undo Cycle 15.254ms
[20.662s][info   ][gc,start    ] GC(1312) Pause Young (Concurrent Start) (G1 Humongous Allocation)
[20.662s][info   ][gc,task     ] GC(1312) Using 4 workers of 4 for evacuation
[20.665s][info   ][gc,phases   ] GC(1312)   Pre Evacuate Collection Set: 0.3ms
[20.665s][info   ][gc,phases   ] GC(1312)   Merge Heap Roots: 0.2ms
[20.665s][info   ][gc,phases   ] GC(1312)   Evacuate Collection Set: 1.7ms
[20.665s][info   ][gc,phases   ] GC(1312)   Post Evacuate Collection Set: 0.5ms
[20.665s][info   ][gc,phases   ] GC(1312)   Other: 0.3ms
[20.665s][info   ][gc,heap     ] GC(1312) Eden regions: 0->0(934)
[20.665s][info   ][gc,heap     ] GC(1312) Survivor regions: 0->0(122)
[20.665s][info   ][gc,heap     ] GC(1312) Old regions: 1->1
[20.665s][info   ][gc,heap     ] GC(1312) Archive regions: 2->2
[20.665s][info   ][gc,heap     ] GC(1312) Humongous regions: 966->828
[20.665s][info   ][gc,metaspace] GC(1312) Metaspace: 158K(384K)->158K(384K) NonClass: 150K(256K)->150K(256K) Class: 8K(128K)->8K(128K)
[20.665s][info   ][gc          ] GC(1312) Pause Young (Concurrent Start) (G1 Humongous Allocation) 967M->829M(2048M) 3.031ms
[20.665s][info   ][gc,cpu      ] GC(1312) User=0.01s Sys=0.00s Real=0.00s
[20.665s][info   ][gc          ] GC(1313) Concurrent Undo Cycle
[20.665s][info   ][gc,marking  ] GC(1313) Concurrent Cleanup for Next Mark
[20.685s][info   ][gc,marking  ] GC(1313) Concurrent Cleanup for Next Mark 19.765ms
[20.685s][info   ][gc          ] GC(1313) Concurrent Undo Cycle 19.966ms
[20.686s][info   ][gc,start    ] GC(1314) Pause Young (Concurrent Start) (G1 Humongous Allocation)
[20.686s][info   ][gc,task     ] GC(1314) Using 4 workers of 4 for evacuation
[20.687s][info   ][gc,phases   ] GC(1314)   Pre Evacuate Collection Set: 0.3ms
[20.687s][info   ][gc,phases   ] GC(1314)   Merge Heap Roots: 0.1ms
[20.687s][info   ][gc,phases   ] GC(1314)   Evacuate Collection Set: 0.3ms
[20.687s][info   ][gc,phases   ] GC(1314)   Post Evacuate Collection Set: 0.5ms
[20.687s][info   ][gc,phases   ] GC(1314)   Other: 0.2ms
[20.687s][info   ][gc,heap     ] GC(1314) Eden regions: 0->0(973)
[20.687s][info   ][gc,heap     ] GC(1314) Survivor regions: 0->0(117)
[20.687s][info   ][gc,heap     ] GC(1314) Old regions: 1->1
[20.687s][info   ][gc,heap     ] GC(1314) Archive regions: 2->2
[20.687s][info   ][gc,heap     ] GC(1314) Humongous regions: 1090->786
[20.687s][info   ][gc,metaspace] GC(1314) Metaspace: 158K(384K)->158K(384K) NonClass: 150K(256K)->150K(256K) Class: 8K(128K)->8K(128K)
[20.687s][info   ][gc          ] GC(1314) Pause Young (Concurrent Start) (G1 Humongous Allocation) 1091M->787M(2048M) 1.419ms
[20.687s][info   ][gc,cpu      ] GC(1314) User=0.00s Sys=0.00s Real=0.00s
[20.687s][info   ][gc          ] GC(1315) Concurrent Undo Cycle
[20.687s][info   ][gc,marking  ] GC(1315) Concurrent Cleanup for Next Mark
[20.715s][info   ][gc,marking  ] GC(1315) Concurrent Cleanup for Next Mark 27.480ms
[20.715s][info   ][gc          ] GC(1315) Concurrent Undo Cycle 27.795ms
[20.715s][info   ][gc,start    ] GC(1316) Pause Young (Concurrent Start) (G1 Humongous Allocation)
[20.715s][info   ][gc,task     ] GC(1316) Using 4 workers of 4 for evacuation
[20.716s][info   ][gc,phases   ] GC(1316)   Pre Evacuate Collection Set: 0.2ms
[20.716s][info   ][gc,phases   ] GC(1316)   Merge Heap Roots: 0.1ms
[20.716s][info   ][gc,phases   ] GC(1316)   Evacuate Collection Set: 0.2ms
[20.716s][info   ][gc,phases   ] GC(1316)   Post Evacuate Collection Set: 0.6ms
[20.716s][info   ][gc,phases   ] GC(1316)   Other: 0.1ms
[20.716s][info   ][gc,heap     ] GC(1316) Eden regions: 0->0(899)
[20.716s][info   ][gc,heap     ] GC(1316) Survivor regions: 0->0(122)
[20.716s][info   ][gc,heap     ] GC(1316) Old regions: 1->1
[20.716s][info   ][gc,heap     ] GC(1316) Archive regions: 2->2
[20.716s][info   ][gc,heap     ] GC(1316) Humongous regions: 1164->866
[20.716s][info   ][gc,metaspace] GC(1316) Metaspace: 158K(384K)->158K(384K) NonClass: 150K(256K)->150K(256K) Class: 8K(128K)->8K(128K)
[20.716s][info   ][gc          ] GC(1316) Pause Young (Concurrent Start) (G1 Humongous Allocation) 1165M->867M(2048M) 1.322ms
[20.716s][info   ][gc,cpu      ] GC(1316) User=0.00s Sys=0.00s Real=0.00s
[20.716s][info   ][gc          ] GC(1317) Concurrent Undo Cycle
[20.716s][info   ][gc,marking  ] GC(1317) Concurrent Cleanup for Next Mark
[20.742s][info   ][gc,marking  ] GC(1317) Concurrent Cleanup for Next Mark 25.554ms
[20.742s][info   ][gc          ] GC(1317) Concurrent Undo Cycle 25.804ms
[20.743s][info   ][gc,start    ] GC(1318) Pause Young (Concurrent Start) (G1 Humongous Allocation)
[20.743s][info   ][gc,task     ] GC(1318) Using 4 workers of 4 for evacuation
[20.744s][info   ][gc,phases   ] GC(1318)   Pre Evacuate Collection Set: 0.1ms
[20.744s][info   ][gc,phases   ] GC(1318)   Merge Heap Roots: 0.1ms
[20.744s][info   ][gc,phases   ] GC(1318)   Evacuate Collection Set: 0.3ms
[20.744s][info   ][gc,phases   ] GC(1318)   Post Evacuate Collection Set: 0.5ms
[20.744s][info   ][gc,phases   ] GC(1318)   Other: 0.2ms
[20.744s][info   ][gc,heap     ] GC(1318) Eden regions: 0->0(842)
[20.744s][info   ][gc,heap     ] GC(1318) Survivor regions: 0->0(113)
[20.744s][info   ][gc,heap     ] GC(1318) Old regions: 1->1
[20.744s][info   ][gc,heap     ] GC(1318) Archive regions: 2->2
[20.744s][info   ][gc,heap     ] GC(1318) Humongous regions: 1224->928
[20.744s][info   ][gc,metaspace] GC(1318) Metaspace: 158K(384K)->158K(384K) NonClass: 150K(256K)->150K(256K) Class: 8K(128K)->8K(128K)
[20.744s][info   ][gc          ] GC(1318) Pause Young (Concurrent Start) (G1 Humongous Allocation) 1225M->929M(2048M) 1.302ms
[20.744s][info   ][gc,cpu      ] GC(1318) User=0.01s Sys=0.00s Real=0.00s
[20.744s][info   ][gc          ] GC(1319) Concurrent Mark Cycle
[20.744s][info   ][gc,marking  ] GC(1319) Concurrent Clear Claimed Marks
[20.744s][info   ][gc,marking  ] GC(1319) Concurrent Clear Claimed Marks 0.007ms
[20.744s][info   ][gc,marking  ] GC(1319) Concurrent Scan Root Regions
[20.744s][info   ][gc,marking  ] GC(1319) Concurrent Scan Root Regions 0.006ms
[20.744s][info   ][gc,marking  ] GC(1319) Concurrent Mark
[20.744s][info   ][gc,marking  ] GC(1319) Concurrent Mark From Roots
[20.744s][info   ][gc,task     ] GC(1319) Using 1 workers of 1 for marking
[20.758s][info   ][gc,marking  ] GC(1319) Concurrent Mark From Roots 13.170ms
[20.758s][info   ][gc,marking  ] GC(1319) Concurrent Preclean
[20.758s][info   ][gc,marking  ] GC(1319) Concurrent Preclean 0.114ms
[20.759s][info   ][gc,start    ] GC(1319) Pause Remark
[20.759s][info   ][gc          ] GC(1319) Pause Remark 1151M->1151M(2048M) 0.565ms
[20.759s][info   ][gc,cpu      ] GC(1319) User=0.00s Sys=0.00s Real=0.01s
[20.759s][info   ][gc,marking  ] GC(1319) Concurrent Mark 14.817ms
[20.759s][info   ][gc,marking  ] GC(1319) Concurrent Rebuild Remembered Sets
[20.772s][info   ][gc,marking  ] GC(1319) Concurrent Rebuild Remembered Sets 13.064ms
[20.774s][info   ][gc,start    ] GC(1319) Pause Cleanup
[20.774s][info   ][gc          ] GC(1319) Pause Cleanup 1365M->1365M(2048M) 0.222ms
[20.774s][info   ][gc,cpu      ] GC(1319) User=0.00s Sys=0.00s Real=0.00s
[20.774s][info   ][gc,marking  ] GC(1319) Concurrent Cleanup for Next Mark
[20.785s][info   ][gc,marking  ] GC(1319) Concurrent Cleanup for Next Mark 11.056ms
[20.785s][info   ][gc          ] GC(1319) Concurrent Mark Cycle 40.607ms
[20.786s][info   ][gc,start    ] GC(1320) Pause Young (Concurrent Start) (G1 Humongous Allocation)
[20.786s][info   ][gc,task     ] GC(1320) Using 4 workers of 4 for evacuation
[20.788s][info   ][gc,phases   ] GC(1320)   Pre Evacuate Collection Set: 0.2ms
[20.788s][info   ][gc,phases   ] GC(1320)   Merge Heap Roots: 0.2ms
[20.788s][info   ][gc,phases   ] GC(1320)   Evacuate Collection Set: 0.2ms
[20.788s][info   ][gc,phases   ] GC(1320)   Post Evacuate Collection Set: 0.6ms
[20.788s][info   ][gc,phases   ] GC(1320)   Other: 0.2ms
[20.788s][info   ][gc,heap     ] GC(1320) Eden regions: 0->0(895)
[20.788s][info   ][gc,heap     ] GC(1320) Survivor regions: 0->0(106)
[20.788s][info   ][gc,heap     ] GC(1320) Old regions: 1->1
[20.788s][info   ][gc,heap     ] GC(1320) Archive regions: 2->2
[20.788s][info   ][gc,heap     ] GC(1320) Humongous regions: 1444->870
[20.788s][info   ][gc,metaspace] GC(1320) Metaspace: 158K(384K)->158K(384K) NonClass: 150K(256K)->150K(256K) Class: 8K(128K)->8K(128K)
[20.788s][info   ][gc          ] GC(1320) Pause Young (Concurrent Start) (G1 Humongous Allocation) 1445M->871M(2048M) 1.482ms
[20.788s][info   ][gc,cpu      ] GC(1320) User=0.00s Sys=0.00s Real=0.00s
[20.788s][info   ][gc          ] GC(1321) Concurrent Undo Cycle
[20.788s][info   ][gc,marking  ] GC(1321) Concurrent Cleanup for Next Mark
[20.800s][info   ][gc,marking  ] GC(1321) Concurrent Cleanup for Next Mark 12.047ms
[20.800s][info   ][gc          ] GC(1321) Concurrent Undo Cycle 12.208ms
[20.801s][info   ][gc,start    ] GC(1322) Pause Young (Concurrent Start) (G1 Humongous Allocation)
[20.801s][info   ][gc,task     ] GC(1322) Using 4 workers of 4 for evacuation
[20.803s][info   ][gc,phases   ] GC(1322)   Pre Evacuate Collection Set: 0.2ms
[20.803s][info   ][gc,phases   ] GC(1322)   Merge Heap Roots: 0.1ms
[20.803s][info   ][gc,phases   ] GC(1322)   Evacuate Collection Set: 1.2ms
[20.803s][info   ][gc,phases   ] GC(1322)   Post Evacuate Collection Set: 0.4ms
[20.803s][info   ][gc,phases   ] GC(1322)   Other: 0.2ms
[20.803s][info   ][gc,heap     ] GC(1322) Eden regions: 0->0(886)
[20.803s][info   ][gc,heap     ] GC(1322) Survivor regions: 0->0(112)
[20.803s][info   ][gc,heap     ] GC(1322) Old regions: 1->1
[20.803s][info   ][gc,heap     ] GC(1322) Archive regions: 2->2
[20.803s][info   ][gc,heap     ] GC(1322) Humongous regions: 1006->880
[20.803s][info   ][gc,metaspace] GC(1322) Metaspace: 158K(384K)->158K(384K) NonClass: 150K(256K)->150K(256K) Class: 8K(128K)->8K(128K)
[20.803s][info   ][gc          ] GC(1322) Pause Young (Concurrent Start) (G1 Humongous Allocation) 1007M->881M(2048M) 2.212ms
[20.803s][info   ][gc,cpu      ] GC(1322) User=0.00s Sys=0.00s Real=0.00s
[20.803s][info   ][gc          ] GC(1323) Concurrent Undo Cycle
[20.803s][info   ][gc,marking  ] GC(1323) Concurrent Cleanup for Next Mark
[20.835s][info   ][gc,marking  ] GC(1323) Concurrent Cleanup for Next Mark 32.093ms
[20.835s][info   ][gc          ] GC(1323) Concurrent Undo Cycle 32.262ms
[20.836s][info   ][gc,start    ] GC(1324) Pause Young (Concurrent Start) (G1 Humongous Allocation)
[20.836s][info   ][gc,task     ] GC(1324) Using 4 workers of 4 for evacuation
[20.838s][info   ][gc,phases   ] GC(1324)   Pre Evacuate Collection Set: 0.2ms
[20.838s][info   ][gc,phases   ] GC(1324)   Merge Heap Roots: 0.1ms
[20.838s][info   ][gc,phases   ] GC(1324)   Evacuate Collection Set: 0.5ms
[20.838s][info   ][gc,phases   ] GC(1324)   Post Evacuate Collection Set: 0.7ms
[20.838s][info   ][gc,phases   ] GC(1324)   Other: 0.2ms
[20.838s][info   ][gc,heap     ] GC(1324) Eden regions: 0->0(894)
[20.838s][info   ][gc,heap     ] GC(1324) Survivor regions: 0->0(111)
[20.838s][info   ][gc,heap     ] GC(1324) Old regions: 1->1
[20.838s][info   ][gc,heap     ] GC(1324) Archive regions: 2->2
[20.838s][info   ][gc,heap     ] GC(1324) Humongous regions: 1338->872
[20.838s][info   ][gc,metaspace] GC(1324) Metaspace: 158K(384K)->158K(384K) NonClass: 150K(256K)->150K(256K) Class: 8K(128K)->8K(128K)
[20.838s][info   ][gc          ] GC(1324) Pause Young (Concurrent Start) (G1 Humongous Allocation) 1339M->873M(2048M) 1.663ms
[20.838s][info   ][gc,cpu      ] GC(1324) User=0.01s Sys=0.00s Real=0.00s
[20.838s][info   ][gc          ] GC(1325) Concurrent Undo Cycle
[20.838s][info   ][gc,marking  ] GC(1325) Concurrent Cleanup for Next Mark
[20.848s][info   ][gc,marking  ] GC(1325) Concurrent Cleanup for Next Mark 10.392ms
[20.848s][info   ][gc          ] GC(1325) Concurrent Undo Cycle 10.581ms
[20.849s][info   ][gc,start    ] GC(1326) Pause Young (Concurrent Start) (G1 Humongous Allocation)
[20.849s][info   ][gc,task     ] GC(1326) Using 4 workers of 4 for evacuation
[20.850s][info   ][gc,phases   ] GC(1326)   Pre Evacuate Collection Set: 0.2ms
[20.850s][info   ][gc,phases   ] GC(1326)   Merge Heap Roots: 0.1ms
[20.850s][info   ][gc,phases   ] GC(1326)   Evacuate Collection Set: 0.2ms
[20.850s][info   ][gc,phases   ] GC(1326)   Post Evacuate Collection Set: 0.4ms
[20.850s][info   ][gc,phases   ] GC(1326)   Other: 0.2ms
[20.850s][info   ][gc,heap     ] GC(1326) Eden regions: 0->0(899)
[20.850s][info   ][gc,heap     ] GC(1326) Survivor regions: 0->0(112)
[20.850s][info   ][gc,heap     ] GC(1326) Old regions: 1->1
[20.850s][info   ][gc,heap     ] GC(1326) Archive regions: 2->2
[20.850s][info   ][gc,heap     ] GC(1326) Humongous regions: 984->866
[20.850s][info   ][gc,metaspace] GC(1326) Metaspace: 158K(384K)->158K(384K) NonClass: 150K(256K)->150K(256K) Class: 8K(128K)->8K(128K)
[20.850s][info   ][gc          ] GC(1326) Pause Young (Concurrent Start) (G1 Humongous Allocation) 985M->867M(2048M) 1.162ms
[20.850s][info   ][gc,cpu      ] GC(1326) User=0.00s Sys=0.01s Real=0.00s
[20.850s][info   ][gc          ] GC(1327) Concurrent Undo Cycle
[20.850s][info   ][gc,marking  ] GC(1327) Concurrent Cleanup for Next Mark
[20.872s][info   ][gc,marking  ] GC(1327) Concurrent Cleanup for Next Mark 21.441ms
[20.872s][info   ][gc          ] GC(1327) Concurrent Undo Cycle 21.707ms
[20.873s][info   ][gc,start    ] GC(1328) Pause Young (Concurrent Start) (G1 Humongous Allocation)
[20.873s][info   ][gc,task     ] GC(1328) Using 4 workers of 4 for evacuation
[20.874s][info   ][gc,phases   ] GC(1328)   Pre Evacuate Collection Set: 0.3ms
[20.874s][info   ][gc,phases   ] GC(1328)   Merge Heap Roots: 0.1ms
[20.874s][info   ][gc,phases   ] GC(1328)   Evacuate Collection Set: 0.3ms
[20.874s][info   ][gc,phases   ] GC(1328)   Post Evacuate Collection Set: 0.6ms
[20.874s][info   ][gc,phases   ] GC(1328)   Other: 0.2ms
[20.874s][info   ][gc,heap     ] GC(1328) Eden regions: 0->0(954)
[20.874s][info   ][gc,heap     ] GC(1328) Survivor regions: 0->0(113)
[20.874s][info   ][gc,heap     ] GC(1328) Old regions: 1->1
[20.874s][info   ][gc,heap     ] GC(1328) Archive regions: 2->2
[20.874s][info   ][gc,heap     ] GC(1328) Humongous regions: 1158->806
[20.874s][info   ][gc,metaspace] GC(1328) Metaspace: 158K(384K)->158K(384K) NonClass: 150K(256K)->150K(256K) Class: 8K(128K)->8K(128K)
[20.874s][info   ][gc          ] GC(1328) Pause Young (Concurrent Start) (G1 Humongous Allocation) 1159M->807M(2048M) 1.586ms
[20.874s][info   ][gc,cpu      ] GC(1328) User=0.00s Sys=0.00s Real=0.00s
[20.875s][info   ][gc          ] GC(1329) Concurrent Undo Cycle
[20.875s][info   ][gc,marking  ] GC(1329) Concurrent Cleanup for Next Mark
[20.887s][info   ][gc,marking  ] GC(1329) Concurrent Cleanup for Next Mark 12.543ms
[20.887s][info   ][gc          ] GC(1329) Concurrent Undo Cycle 12.751ms
[20.888s][info   ][gc,start    ] GC(1330) Pause Young (Concurrent Start) (G1 Humongous Allocation)
[20.888s][info   ][gc,task     ] GC(1330) Using 4 workers of 4 for evacuation
[20.889s][info   ][gc,phases   ] GC(1330)   Pre Evacuate Collection Set: 0.2ms
[20.889s][info   ][gc,phases   ] GC(1330)   Merge Heap Roots: 0.1ms
[20.889s][info   ][gc,phases   ] GC(1330)   Evacuate Collection Set: 0.4ms
[20.889s][info   ][gc,phases   ] GC(1330)   Post Evacuate Collection Set: 0.3ms
[20.889s][info   ][gc,phases   ] GC(1330)   Other: 0.1ms
[20.889s][info   ][gc,heap     ] GC(1330) Eden regions: 0->0(932)
[20.889s][info   ][gc,heap     ] GC(1330) Survivor regions: 0->0(120)
[20.889s][info   ][gc,heap     ] GC(1330) Old regions: 1->1
[20.889s][info   ][gc,heap     ] GC(1330) Archive regions: 2->2
[20.889s][info   ][gc,heap     ] GC(1330) Humongous regions: 940->830
[20.889s][info   ][gc,metaspace] GC(1330) Metaspace: 158K(384K)->158K(384K) NonClass: 150K(256K)->150K(256K) Class: 8K(128K)->8K(128K)
[20.889s][info   ][gc          ] GC(1330) Pause Young (Concurrent Start) (G1 Humongous Allocation) 941M->831M(2048M) 1.212ms
[20.889s][info   ][gc,cpu      ] GC(1330) User=0.00s Sys=0.00s Real=0.01s
[20.889s][info   ][gc          ] GC(1331) Concurrent Undo Cycle
[20.889s][info   ][gc,marking  ] GC(1331) Concurrent Cleanup for Next Mark
[20.909s][info   ][gc,marking  ] GC(1331) Concurrent Cleanup for Next Mark 20.366ms
[20.910s][info   ][gc          ] GC(1331) Concurrent Undo Cycle 20.553ms
[20.910s][info   ][gc,start    ] GC(1332) Pause Young (Concurrent Start) (G1 Humongous Allocation)
[20.910s][info   ][gc,task     ] GC(1332) Using 4 workers of 4 for evacuation
[20.912s][info   ][gc,phases   ] GC(1332)   Pre Evacuate Collection Set: 0.2ms
[20.912s][info   ][gc,phases   ] GC(1332)   Merge Heap Roots: 0.1ms
[20.912s][info   ][gc,phases   ] GC(1332)   Evacuate Collection Set: 0.2ms
[20.912s][info   ][gc,phases   ] GC(1332)   Post Evacuate Collection Set: 0.5ms
[20.912s][info   ][gc,phases   ] GC(1332)   Other: 0.1ms
[20.912s][info   ][gc,heap     ] GC(1332) Eden regions: 0->0(923)
[20.912s][info   ][gc,heap     ] GC(1332) Survivor regions: 0->0(117)
[20.912s][info   ][gc,heap     ] GC(1332) Old regions: 1->1
[20.912s][info   ][gc,heap     ] GC(1332) Archive regions: 2->2
[20.912s][info   ][gc,heap     ] GC(1332) Humongous regions: 1088->840
[20.912s][info   ][gc,metaspace] GC(1332) Metaspace: 158K(384K)->158K(384K) NonClass: 150K(256K)->150K(256K) Class: 8K(128K)->8K(128K)
[20.912s][info   ][gc          ] GC(1332) Pause Young (Concurrent Start) (G1 Humongous Allocation) 1089M->841M(2048M) 1.236ms
[20.912s][info   ][gc,cpu      ] GC(1332) User=0.00s Sys=0.00s Real=0.00s
[20.912s][info   ][gc          ] GC(1333) Concurrent Undo Cycle
[20.912s][info   ][gc,marking  ] GC(1333) Concurrent Cleanup for Next Mark
[20.938s][info   ][gc,marking  ] GC(1333) Concurrent Cleanup for Next Mark 26.199ms
[20.938s][info   ][gc          ] GC(1333) Concurrent Undo Cycle 26.505ms
[20.940s][info   ][gc,start    ] GC(1334) Pause Young (Concurrent Start) (G1 Humongous Allocation)
[20.940s][info   ][gc,task     ] GC(1334) Using 4 workers of 4 for evacuation
[20.941s][info   ][gc,phases   ] GC(1334)   Pre Evacuate Collection Set: 0.2ms
[20.941s][info   ][gc,phases   ] GC(1334)   Merge Heap Roots: 0.1ms
[20.941s][info   ][gc,phases   ] GC(1334)   Evacuate Collection Set: 0.5ms
[20.941s][info   ][gc,phases   ] GC(1334)   Post Evacuate Collection Set: 0.6ms
[20.941s][info   ][gc,phases   ] GC(1334)   Other: 0.2ms
[20.941s][info   ][gc,heap     ] GC(1334) Eden regions: 0->0(954)
[20.941s][info   ][gc,heap     ] GC(1334) Survivor regions: 0->0(116)
[20.941s][info   ][gc,heap     ] GC(1334) Old regions: 1->1
[20.941s][info   ][gc,heap     ] GC(1334) Archive regions: 2->2
[20.941s][info   ][gc,heap     ] GC(1334) Humongous regions: 1192->806
[20.941s][info   ][gc,metaspace] GC(1334) Metaspace: 158K(384K)->158K(384K) NonClass: 150K(256K)->150K(256K) Class: 8K(128K)->8K(128K)
[20.941s][info   ][gc          ] GC(1334) Pause Young (Concurrent Start) (G1 Humongous Allocation) 1193M->807M(2048M) 1.692ms
[20.941s][info   ][gc,cpu      ] GC(1334) User=0.00s Sys=0.01s Real=0.00s
[20.941s][info   ][gc          ] GC(1335) Concurrent Undo Cycle
[20.941s][info   ][gc,marking  ] GC(1335) Concurrent Cleanup for Next Mark
[20.950s][info   ][gc,marking  ] GC(1335) Concurrent Cleanup for Next Mark 8.417ms
[20.950s][info   ][gc          ] GC(1335) Concurrent Undo Cycle 8.499ms
[20.950s][info   ][gc,start    ] GC(1336) Pause Young (Concurrent Start) (G1 Humongous Allocation)
[20.950s][info   ][gc,task     ] GC(1336) Using 4 workers of 4 for evacuation
[20.951s][info   ][gc,phases   ] GC(1336)   Pre Evacuate Collection Set: 0.2ms
[20.951s][info   ][gc,phases   ] GC(1336)   Merge Heap Roots: 0.1ms
[20.951s][info   ][gc,phases   ] GC(1336)   Evacuate Collection Set: 0.2ms
[20.951s][info   ][gc,phases   ] GC(1336)   Post Evacuate Collection Set: 0.3ms
[20.951s][info   ][gc,phases   ] GC(1336)   Other: 0.1ms
[20.951s][info   ][gc,heap     ] GC(1336) Eden regions: 0->0(958)
[20.951s][info   ][gc,heap     ] GC(1336) Survivor regions: 0->0(120)
[20.951s][info   ][gc,heap     ] GC(1336) Old regions: 1->1
[20.951s][info   ][gc,heap     ] GC(1336) Archive regions: 2->2
[20.951s][info   ][gc,heap     ] GC(1336) Humongous regions: 868->802
[20.951s][info   ][gc,metaspace] GC(1336) Metaspace: 158K(384K)->158K(384K) NonClass: 150K(256K)->150K(256K) Class: 8K(128K)->8K(128K)
[20.951s][info   ][gc          ] GC(1336) Pause Young (Concurrent Start) (G1 Humongous Allocation) 869M->803M(2048M) 1.075ms
[20.951s][info   ][gc,cpu      ] GC(1336) User=0.00s Sys=0.00s Real=0.00s
[20.951s][info   ][gc          ] GC(1337) Concurrent Undo Cycle
[20.951s][info   ][gc,marking  ] GC(1337) Concurrent Cleanup for Next Mark
[20.957s][info   ][gc,marking  ] GC(1337) Concurrent Cleanup for Next Mark 5.918ms
[20.957s][info   ][gc          ] GC(1337) Concurrent Undo Cycle 6.055ms
[20.959s][info   ][gc,start    ] GC(1338) Pause Young (Concurrent Start) (G1 Humongous Allocation)
[20.959s][info   ][gc,task     ] GC(1338) Using 4 workers of 4 for evacuation
[20.961s][info   ][gc,phases   ] GC(1338)   Pre Evacuate Collection Set: 0.2ms
[20.961s][info   ][gc,phases   ] GC(1338)   Merge Heap Roots: 0.1ms
[20.961s][info   ][gc,phases   ] GC(1338)   Evacuate Collection Set: 0.5ms
[20.961s][info   ][gc,phases   ] GC(1338)   Post Evacuate Collection Set: 0.3ms
[20.961s][info   ][gc,phases   ] GC(1338)   Other: 0.2ms
[20.961s][info   ][gc,heap     ] GC(1338) Eden regions: 0->0(953)
[20.961s][info   ][gc,heap     ] GC(1338) Survivor regions: 0->0(120)
[20.961s][info   ][gc,heap     ] GC(1338) Old regions: 1->1
[20.961s][info   ][gc,heap     ] GC(1338) Archive regions: 2->2
[20.961s][info   ][gc,heap     ] GC(1338) Humongous regions: 858->808
[20.961s][info   ][gc,metaspace] GC(1338) Metaspace: 158K(384K)->158K(384K) NonClass: 150K(256K)->150K(256K) Class: 8K(128K)->8K(128K)
[20.961s][info   ][gc          ] GC(1338) Pause Young (Concurrent Start) (G1 Humongous Allocation) 859M->809M(2048M) 1.309ms
[20.961s][info   ][gc,cpu      ] GC(1338) User=0.00s Sys=0.00s Real=0.00s
[20.961s][info   ][gc          ] GC(1339) Concurrent Undo Cycle
[20.961s][info   ][gc,marking  ] GC(1339) Concurrent Cleanup for Next Mark
[20.970s][info   ][gc,marking  ] GC(1339) Concurrent Cleanup for Next Mark 9.436ms
[20.970s][info   ][gc          ] GC(1339) Concurrent Undo Cycle 9.636ms
[20.971s][info   ][gc,start    ] GC(1340) Pause Young (Concurrent Start) (G1 Humongous Allocation)
[20.971s][info   ][gc,task     ] GC(1340) Using 4 workers of 4 for evacuation
[20.973s][info   ][gc,phases   ] GC(1340)   Pre Evacuate Collection Set: 0.2ms
[20.973s][info   ][gc,phases   ] GC(1340)   Merge Heap Roots: 0.1ms
[20.973s][info   ][gc,phases   ] GC(1340)   Evacuate Collection Set: 0.4ms
[20.973s][info   ][gc,phases   ] GC(1340)   Post Evacuate Collection Set: 0.4ms
[20.973s][info   ][gc,phases   ] GC(1340)   Other: 0.2ms
[20.973s][info   ][gc,heap     ] GC(1340) Eden regions: 0->0(951)
[20.973s][info   ][gc,heap     ] GC(1340) Survivor regions: 0->0(120)
[20.973s][info   ][gc,heap     ] GC(1340) Old regions: 1->1
[20.973s][info   ][gc,heap     ] GC(1340) Archive regions: 2->2
[20.973s][info   ][gc,heap     ] GC(1340) Humongous regions: 910->810
[20.973s][info   ][gc,metaspace] GC(1340) Metaspace: 158K(384K)->158K(384K) NonClass: 150K(256K)->150K(256K) Class: 8K(128K)->8K(128K)
[20.973s][info   ][gc          ] GC(1340) Pause Young (Concurrent Start) (G1 Humongous Allocation) 911M->811M(2048M) 1.322ms
[20.973s][info   ][gc,cpu      ] GC(1340) User=0.00s Sys=0.00s Real=0.00s
[20.973s][info   ][gc          ] GC(1341) Concurrent Undo Cycle
[20.973s][info   ][gc,marking  ] GC(1341) Concurrent Cleanup for Next Mark
[20.986s][info   ][gc,marking  ] GC(1341) Concurrent Cleanup for Next Mark 12.951ms
[20.986s][info   ][gc          ] GC(1341) Concurrent Undo Cycle 13.155ms
[20.987s][info   ][gc,start    ] GC(1342) Pause Young (Concurrent Start) (G1 Humongous Allocation)
[20.987s][info   ][gc,task     ] GC(1342) Using 4 workers of 4 for evacuation
[20.988s][info   ][gc,phases   ] GC(1342)   Pre Evacuate Collection Set: 0.2ms
[20.988s][info   ][gc,phases   ] GC(1342)   Merge Heap Roots: 0.1ms
[20.988s][info   ][gc,phases   ] GC(1342)   Evacuate Collection Set: 0.3ms
[20.988s][info   ][gc,phases   ] GC(1342)   Post Evacuate Collection Set: 0.5ms
[20.988s][info   ][gc,phases   ] GC(1342)   Other: 0.1ms
[20.988s][info   ][gc,heap     ] GC(1342) Eden regions: 0->0(958)
[20.988s][info   ][gc,heap     ] GC(1342) Survivor regions: 0->0(119)
[20.988s][info   ][gc,heap     ] GC(1342) Old regions: 1->1
[20.988s][info   ][gc,heap     ] GC(1342) Archive regions: 2->2
[20.988s][info   ][gc,heap     ] GC(1342) Humongous regions: 956->802
[20.988s][info   ][gc,metaspace] GC(1342) Metaspace: 158K(384K)->158K(384K) NonClass: 150K(256K)->150K(256K) Class: 8K(128K)->8K(128K)
[20.988s][info   ][gc          ] GC(1342) Pause Young (Concurrent Start) (G1 Humongous Allocation) 957M->803M(2048M) 1.307ms
[20.988s][info   ][gc,cpu      ] GC(1342) User=0.00s Sys=0.00s Real=0.01s
[20.988s][info   ][gc          ] GC(1343) Concurrent Undo Cycle
[20.988s][info   ][gc,marking  ] GC(1343) Concurrent Cleanup for Next Mark
[21.000s][info   ][gc,marking  ] GC(1343) Concurrent Cleanup for Next Mark 11.733ms
[21.000s][info   ][gc          ] GC(1343) Concurrent Undo Cycle 11.918ms
[21.001s][info   ][gc,start    ] GC(1344) Pause Young (Concurrent Start) (G1 Humongous Allocation)
[21.001s][info   ][gc,task     ] GC(1344) Using 4 workers of 4 for evacuation
[21.002s][info   ][gc,phases   ] GC(1344)   Pre Evacuate Collection Set: 0.2ms
[21.002s][info   ][gc,phases   ] GC(1344)   Merge Heap Roots: 0.1ms
[21.002s][info   ][gc,phases   ] GC(1344)   Evacuate Collection Set: 0.5ms
[21.002s][info   ][gc,phases   ] GC(1344)   Post Evacuate Collection Set: 0.3ms
[21.002s][info   ][gc,phases   ] GC(1344)   Other: 0.2ms
[21.002s][info   ][gc,heap     ] GC(1344) Eden regions: 0->0(921)
[21.002s][info   ][gc,heap     ] GC(1344) Survivor regions: 0->0(120)
[21.002s][info   ][gc,heap     ] GC(1344) Old regions: 1->1
[21.002s][info   ][gc,heap     ] GC(1344) Archive regions: 2->2
[21.002s][info   ][gc,heap     ] GC(1344) Humongous regions: 936->842
[21.002s][info   ][gc,metaspace] GC(1344) Metaspace: 158K(384K)->158K(384K) NonClass: 150K(256K)->150K(256K) Class: 8K(128K)->8K(128K)
[21.002s][info   ][gc          ] GC(1344) Pause Young (Concurrent Start) (G1 Humongous Allocation) 937M->843M(2048M) 1.444ms
[21.002s][info   ][gc,cpu      ] GC(1344) User=0.00s Sys=0.00s Real=0.00s
[21.002s][info   ][gc          ] GC(1345) Concurrent Undo Cycle
[21.002s][info   ][gc,marking  ] GC(1345) Concurrent Cleanup for Next Mark
[21.013s][info   ][gc,marking  ] GC(1345) Concurrent Cleanup for Next Mark 10.986ms
[21.013s][info   ][gc          ] GC(1345) Concurrent Undo Cycle 11.154ms
[21.014s][info   ][gc,start    ] GC(1346) Pause Young (Concurrent Start) (G1 Humongous Allocation)
[21.014s][info   ][gc,task     ] GC(1346) Using 4 workers of 4 for evacuation
[21.015s][info   ][gc,phases   ] GC(1346)   Pre Evacuate Collection Set: 0.2ms
[21.015s][info   ][gc,phases   ] GC(1346)   Merge Heap Roots: 0.1ms
[21.015s][info   ][gc,phases   ] GC(1346)   Evacuate Collection Set: 0.3ms
[21.015s][info   ][gc,phases   ] GC(1346)   Post Evacuate Collection Set: 0.6ms
[21.015s][info   ][gc,phases   ] GC(1346)   Other: 0.2ms
[21.015s][info   ][gc,heap     ] GC(1346) Eden regions: 0->0(934)
[21.015s][info   ][gc,heap     ] GC(1346) Survivor regions: 0->0(116)
[21.015s][info   ][gc,heap     ] GC(1346) Old regions: 1->1
[21.015s][info   ][gc,heap     ] GC(1346) Archive regions: 2->2
[21.015s][info   ][gc,heap     ] GC(1346) Humongous regions: 970->828
[21.015s][info   ][gc,metaspace] GC(1346) Metaspace: 158K(384K)->158K(384K) NonClass: 150K(256K)->150K(256K) Class: 8K(128K)->8K(128K)
[21.016s][info   ][gc          ] GC(1346) Pause Young (Concurrent Start) (G1 Humongous Allocation) 971M->829M(2048M) 1.434ms
[21.016s][info   ][gc,cpu      ] GC(1346) User=0.00s Sys=0.00s Real=0.00s
[21.016s][info   ][gc          ] GC(1347) Concurrent Undo Cycle
[21.016s][info   ][gc,marking  ] GC(1347) Concurrent Cleanup for Next Mark
[21.030s][info   ][gc,marking  ] GC(1347) Concurrent Cleanup for Next Mark 14.584ms
[21.031s][info   ][gc          ] GC(1347) Concurrent Undo Cycle 15.017ms
[21.032s][info   ][gc,start    ] GC(1348) Pause Young (Concurrent Start) (G1 Humongous Allocation)
[21.032s][info   ][gc,task     ] GC(1348) Using 4 workers of 4 for evacuation
[21.033s][info   ][gc,phases   ] GC(1348)   Pre Evacuate Collection Set: 0.2ms
[21.033s][info   ][gc,phases   ] GC(1348)   Merge Heap Roots: 0.1ms
[21.033s][info   ][gc,phases   ] GC(1348)   Evacuate Collection Set: 0.3ms
[21.033s][info   ][gc,phases   ] GC(1348)   Post Evacuate Collection Set: 0.4ms
[21.033s][info   ][gc,phases   ] GC(1348)   Other: 0.2ms
[21.033s][info   ][gc,heap     ] GC(1348) Eden regions: 0->0(932)
[21.033s][info   ][gc,heap     ] GC(1348) Survivor regions: 0->0(117)
[21.033s][info   ][gc,heap     ] GC(1348) Old regions: 1->1
[21.033s][info   ][gc,heap     ] GC(1348) Archive regions: 2->2
[21.033s][info   ][gc,heap     ] GC(1348) Humongous regions: 994->830
[21.033s][info   ][gc,metaspace] GC(1348) Metaspace: 158K(384K)->158K(384K) NonClass: 150K(256K)->150K(256K) Class: 8K(128K)->8K(128K)
[21.033s][info   ][gc          ] GC(1348) Pause Young (Concurrent Start) (G1 Humongous Allocation) 995M->831M(2048M) 1.230ms
[21.033s][info   ][gc,cpu      ] GC(1348) User=0.01s Sys=0.00s Real=0.00s
[21.033s][info   ][gc          ] GC(1349) Concurrent Undo Cycle
[21.033s][info   ][gc,marking  ] GC(1349) Concurrent Cleanup for Next Mark
[21.043s][info   ][gc,marking  ] GC(1349) Concurrent Cleanup for Next Mark 9.855ms
[21.043s][info   ][gc          ] GC(1349) Concurrent Undo Cycle 10.048ms
[21.043s][info   ][gc,start    ] GC(1350) Pause Young (Concurrent Start) (G1 Humongous Allocation)
[21.043s][info   ][gc,task     ] GC(1350) Using 4 workers of 4 for evacuation
[21.044s][info   ][gc,phases   ] GC(1350)   Pre Evacuate Collection Set: 0.2ms
[21.044s][info   ][gc,phases   ] GC(1350)   Merge Heap Roots: 0.1ms
[21.044s][info   ][gc,phases   ] GC(1350)   Evacuate Collection Set: 0.5ms
[21.044s][info   ][gc,phases   ] GC(1350)   Post Evacuate Collection Set: 0.3ms
[21.044s][info   ][gc,phases   ] GC(1350)   Other: 0.2ms
[21.044s][info   ][gc,heap     ] GC(1350) Eden regions: 0->0(936)
[21.044s][info   ][gc,heap     ] GC(1350) Survivor regions: 0->0(117)
[21.044s][info   ][gc,heap     ] GC(1350) Old regions: 1->1
[21.044s][info   ][gc,heap     ] GC(1350) Archive regions: 2->2
[21.044s][info   ][gc,heap     ] GC(1350) Humongous regions: 938->826
[21.044s][info   ][gc,metaspace] GC(1350) Metaspace: 158K(384K)->158K(384K) NonClass: 150K(256K)->150K(256K) Class: 8K(128K)->8K(128K)
[21.044s][info   ][gc          ] GC(1350) Pause Young (Concurrent Start) (G1 Humongous Allocation) 939M->827M(2048M) 1.310ms
[21.045s][info   ][gc,cpu      ] GC(1350) User=0.00s Sys=0.00s Real=0.00s
[21.045s][info   ][gc          ] GC(1351) Concurrent Undo Cycle
[21.045s][info   ][gc,marking  ] GC(1351) Concurrent Cleanup for Next Mark
[21.060s][info   ][gc,marking  ] GC(1351) Concurrent Cleanup for Next Mark 15.728ms
[21.060s][info   ][gc          ] GC(1351) Concurrent Undo Cycle 15.927ms
[21.061s][info   ][gc,start    ] GC(1352) Pause Young (Concurrent Start) (G1 Humongous Allocation)
[21.062s][info   ][gc,task     ] GC(1352) Using 4 workers of 4 for evacuation
[21.063s][info   ][gc,phases   ] GC(1352)   Pre Evacuate Collection Set: 0.2ms
[21.063s][info   ][gc,phases   ] GC(1352)   Merge Heap Roots: 0.2ms
[21.063s][info   ][gc,phases   ] GC(1352)   Evacuate Collection Set: 0.4ms
[21.063s][info   ][gc,phases   ] GC(1352)   Post Evacuate Collection Set: 0.5ms
[21.063s][info   ][gc,phases   ] GC(1352)   Other: 0.2ms
[21.063s][info   ][gc,heap     ] GC(1352) Eden regions: 0->0(914)
[21.063s][info   ][gc,heap     ] GC(1352) Survivor regions: 0->0(117)
[21.063s][info   ][gc,heap     ] GC(1352) Old regions: 1->1
[21.063s][info   ][gc,heap     ] GC(1352) Archive regions: 2->2
[21.063s][info   ][gc,heap     ] GC(1352) Humongous regions: 1016->850
[21.063s][info   ][gc,metaspace] GC(1352) Metaspace: 158K(384K)->158K(384K) NonClass: 150K(256K)->150K(256K) Class: 8K(128K)->8K(128K)
[21.063s][info   ][gc          ] GC(1352) Pause Young (Concurrent Start) (G1 Humongous Allocation) 1017M->851M(2048M) 1.685ms
[21.063s][info   ][gc,cpu      ] GC(1352) User=0.00s Sys=0.00s Real=0.00s
[21.063s][info   ][gc          ] GC(1353) Concurrent Undo Cycle
[21.063s][info   ][gc,marking  ] GC(1353) Concurrent Cleanup for Next Mark
[21.072s][info   ][gc,marking  ] GC(1353) Concurrent Cleanup for Next Mark 8.578ms
[21.072s][info   ][gc          ] GC(1353) Concurrent Undo Cycle 8.764ms
[21.073s][info   ][gc,start    ] GC(1354) Pause Young (Concurrent Start) (G1 Humongous Allocation)
[21.073s][info   ][gc,task     ] GC(1354) Using 4 workers of 4 for evacuation
[21.074s][info   ][gc,phases   ] GC(1354)   Pre Evacuate Collection Set: 0.2ms
[21.074s][info   ][gc,phases   ] GC(1354)   Merge Heap Roots: 0.2ms
[21.074s][info   ][gc,phases   ] GC(1354)   Evacuate Collection Set: 0.4ms
[21.074s][info   ][gc,phases   ] GC(1354)   Post Evacuate Collection Set: 0.6ms
[21.074s][info   ][gc,phases   ] GC(1354)   Other: 0.2ms
[21.074s][info   ][gc,heap     ] GC(1354) Eden regions: 0->0(969)
[21.074s][info   ][gc,heap     ] GC(1354) Survivor regions: 0->0(115)
[21.074s][info   ][gc,heap     ] GC(1354) Old regions: 1->1
[21.074s][info   ][gc,heap     ] GC(1354) Archive regions: 2->2
[21.074s][info   ][gc,heap     ] GC(1354) Humongous regions: 950->790
[21.074s][info   ][gc,metaspace] GC(1354) Metaspace: 158K(384K)->158K(384K) NonClass: 150K(256K)->150K(256K) Class: 8K(128K)->8K(128K)
[21.074s][info   ][gc          ] GC(1354) Pause Young (Concurrent Start) (G1 Humongous Allocation) 951M->791M(2048M) 1.652ms
[21.074s][info   ][gc,cpu      ] GC(1354) User=0.00s Sys=0.00s Real=0.00s
[21.075s][info   ][gc          ] GC(1355) Concurrent Undo Cycle
[21.075s][info   ][gc,marking  ] GC(1355) Concurrent Cleanup for Next Mark
[21.088s][info   ][gc,marking  ] GC(1355) Concurrent Cleanup for Next Mark 13.727ms
[21.089s][info   ][gc          ] GC(1355) Concurrent Undo Cycle 14.008ms
[21.089s][info   ][gc,start    ] GC(1356) Pause Young (Concurrent Start) (G1 Humongous Allocation)
[21.089s][info   ][gc,task     ] GC(1356) Using 4 workers of 4 for evacuation
[21.091s][info   ][gc,phases   ] GC(1356)   Pre Evacuate Collection Set: 0.2ms
[21.091s][info   ][gc,phases   ] GC(1356)   Merge Heap Roots: 0.2ms
[21.091s][info   ][gc,phases   ] GC(1356)   Evacuate Collection Set: 0.5ms
[21.091s][info   ][gc,phases   ] GC(1356)   Post Evacuate Collection Set: 0.4ms
[21.091s][info   ][gc,phases   ] GC(1356)   Other: 0.2ms
[21.091s][info   ][gc,heap     ] GC(1356) Eden regions: 0->0(956)
[21.091s][info   ][gc,heap     ] GC(1356) Survivor regions: 0->0(122)
[21.091s][info   ][gc,heap     ] GC(1356) Old regions: 1->1
[21.091s][info   ][gc,heap     ] GC(1356) Archive regions: 2->2
[21.091s][info   ][gc,heap     ] GC(1356) Humongous regions: 944->804
[21.091s][info   ][gc,metaspace] GC(1356) Metaspace: 158K(384K)->158K(384K) NonClass: 150K(256K)->150K(256K) Class: 8K(128K)->8K(128K)
[21.091s][info   ][gc          ] GC(1356) Pause Young (Concurrent Start) (G1 Humongous Allocation) 945M->805M(2048M) 1.551ms
[21.091s][info   ][gc,cpu      ] GC(1356) User=0.00s Sys=0.00s Real=0.00s
[21.091s][info   ][gc          ] GC(1357) Concurrent Undo Cycle
[21.091s][info   ][gc,marking  ] GC(1357) Concurrent Cleanup for Next Mark
[21.105s][info   ][gc,marking  ] GC(1357) Concurrent Cleanup for Next Mark 14.444ms
[21.105s][info   ][gc          ] GC(1357) Concurrent Undo Cycle 14.713ms
[21.106s][info   ][gc,start    ] GC(1358) Pause Young (Concurrent Start) (G1 Humongous Allocation)
[21.106s][info   ][gc,task     ] GC(1358) Using 4 workers of 4 for evacuation
[21.107s][info   ][gc,phases   ] GC(1358)   Pre Evacuate Collection Set: 0.2ms
[21.107s][info   ][gc,phases   ] GC(1358)   Merge Heap Roots: 0.1ms
[21.107s][info   ][gc,phases   ] GC(1358)   Evacuate Collection Set: 0.3ms
[21.107s][info   ][gc,phases   ] GC(1358)   Post Evacuate Collection Set: 0.4ms
[21.107s][info   ][gc,phases   ] GC(1358)   Other: 0.2ms
[21.107s][info   ][gc,heap     ] GC(1358) Eden regions: 0->0(929)
[21.107s][info   ][gc,heap     ] GC(1358) Survivor regions: 0->0(120)
[21.107s][info   ][gc,heap     ] GC(1358) Old regions: 1->1
[21.107s][info   ][gc,heap     ] GC(1358) Archive regions: 2->2
[21.107s][info   ][gc,heap     ] GC(1358) Humongous regions: 966->834
[21.107s][info   ][gc,metaspace] GC(1358) Metaspace: 158K(384K)->158K(384K) NonClass: 150K(256K)->150K(256K) Class: 8K(128K)->8K(128K)
[21.107s][info   ][gc          ] GC(1358) Pause Young (Concurrent Start) (G1 Humongous Allocation) 967M->835M(2048M) 1.234ms
[21.107s][info   ][gc,cpu      ] GC(1358) User=0.00s Sys=0.01s Real=0.00s
[21.107s][info   ][gc          ] GC(1359) Concurrent Undo Cycle
[21.107s][info   ][gc,marking  ] GC(1359) Concurrent Cleanup for Next Mark
[21.119s][info   ][gc,marking  ] GC(1359) Concurrent Cleanup for Next Mark 11.533ms
[21.119s][info   ][gc          ] GC(1359) Concurrent Undo Cycle 11.707ms
[21.120s][info   ][gc,start    ] GC(1360) Pause Young (Concurrent Start) (G1 Humongous Allocation)
[21.120s][info   ][gc,task     ] GC(1360) Using 4 workers of 4 for evacuation
[21.121s][info   ][gc,phases   ] GC(1360)   Pre Evacuate Collection Set: 0.1ms
[21.121s][info   ][gc,phases   ] GC(1360)   Merge Heap Roots: 0.1ms
[21.121s][info   ][gc,phases   ] GC(1360)   Evacuate Collection Set: 0.2ms
[21.121s][info   ][gc,phases   ] GC(1360)   Post Evacuate Collection Set: 0.4ms
[21.121s][info   ][gc,phases   ] GC(1360)   Other: 0.2ms
[21.121s][info   ][gc,heap     ] GC(1360) Eden regions: 0->0(951)
[21.121s][info   ][gc,heap     ] GC(1360) Survivor regions: 0->0(117)
[21.121s][info   ][gc,heap     ] GC(1360) Old regions: 1->1
[21.121s][info   ][gc,heap     ] GC(1360) Archive regions: 2->2
[21.121s][info   ][gc,heap     ] GC(1360) Humongous regions: 948->810
[21.121s][info   ][gc,metaspace] GC(1360) Metaspace: 158K(384K)->158K(384K) NonClass: 150K(256K)->150K(256K) Class: 8K(128K)->8K(128K)
[21.121s][info   ][gc          ] GC(1360) Pause Young (Concurrent Start) (G1 Humongous Allocation) 949M->811M(2048M) 1.081ms
[21.121s][info   ][gc,cpu      ] GC(1360) User=0.00s Sys=0.00s Real=0.00s
[21.121s][info   ][gc          ] GC(1361) Concurrent Undo Cycle
[21.121s][info   ][gc,marking  ] GC(1361) Concurrent Cleanup for Next Mark
[21.134s][info   ][gc,marking  ] GC(1361) Concurrent Cleanup for Next Mark 13.328ms
[21.134s][info   ][gc          ] GC(1361) Concurrent Undo Cycle 13.585ms
[21.136s][info   ][gc,start    ] GC(1362) Pause Young (Concurrent Start) (G1 Humongous Allocation)
[21.136s][info   ][gc,task     ] GC(1362) Using 4 workers of 4 for evacuation
[21.137s][info   ][gc,phases   ] GC(1362)   Pre Evacuate Collection Set: 0.2ms
[21.137s][info   ][gc,phases   ] GC(1362)   Merge Heap Roots: 0.1ms
[21.137s][info   ][gc,phases   ] GC(1362)   Evacuate Collection Set: 0.3ms
[21.137s][info   ][gc,phases   ] GC(1362)   Post Evacuate Collection Set: 0.5ms
[21.137s][info   ][gc,phases   ] GC(1362)   Other: 0.2ms
[21.137s][info   ][gc,heap     ] GC(1362) Eden regions: 0->0(949)
[21.137s][info   ][gc,heap     ] GC(1362) Survivor regions: 0->0(119)
[21.137s][info   ][gc,heap     ] GC(1362) Old regions: 1->1
[21.137s][info   ][gc,heap     ] GC(1362) Archive regions: 2->2
[21.137s][info   ][gc,heap     ] GC(1362) Humongous regions: 960->812
[21.137s][info   ][gc,metaspace] GC(1362) Metaspace: 158K(384K)->158K(384K) NonClass: 150K(256K)->150K(256K) Class: 8K(128K)->8K(128K)
[21.137s][info   ][gc          ] GC(1362) Pause Young (Concurrent Start) (G1 Humongous Allocation) 961M->813M(2048M) 1.328ms
[21.137s][info   ][gc,cpu      ] GC(1362) User=0.00s Sys=0.00s Real=0.00s
[21.137s][info   ][gc          ] GC(1363) Concurrent Undo Cycle
[21.137s][info   ][gc,marking  ] GC(1363) Concurrent Cleanup for Next Mark
[21.150s][info   ][gc,marking  ] GC(1363) Concurrent Cleanup for Next Mark 13.294ms
[21.150s][info   ][gc          ] GC(1363) Concurrent Undo Cycle 13.574ms
[21.152s][info   ][gc,start    ] GC(1364) Pause Young (Concurrent Start) (G1 Humongous Allocation)
[21.152s][info   ][gc,task     ] GC(1364) Using 4 workers of 4 for evacuation
[21.153s][info   ][gc,phases   ] GC(1364)   Pre Evacuate Collection Set: 0.1ms
[21.153s][info   ][gc,phases   ] GC(1364)   Merge Heap Roots: 0.1ms
[21.153s][info   ][gc,phases   ] GC(1364)   Evacuate Collection Set: 0.3ms
[21.153s][info   ][gc,phases   ] GC(1364)   Post Evacuate Collection Set: 0.4ms
[21.153s][info   ][gc,phases   ] GC(1364)   Other: 0.2ms
[21.153s][info   ][gc,heap     ] GC(1364) Eden regions: 0->0(932)
[21.153s][info   ][gc,heap     ] GC(1364) Survivor regions: 0->0(119)
[21.153s][info   ][gc,heap     ] GC(1364) Old regions: 1->1
[21.153s][info   ][gc,heap     ] GC(1364) Archive regions: 2->2
[21.153s][info   ][gc,heap     ] GC(1364) Humongous regions: 962->830
[21.153s][info   ][gc,metaspace] GC(1364) Metaspace: 158K(384K)->158K(384K) NonClass: 150K(256K)->150K(256K) Class: 8K(128K)->8K(128K)
[21.153s][info   ][gc          ] GC(1364) Pause Young (Concurrent Start) (G1 Humongous Allocation) 963M->831M(2048M) 1.205ms
[21.153s][info   ][gc,cpu      ] GC(1364) User=0.01s Sys=0.00s Real=0.00s
[21.153s][info   ][gc          ] GC(1365) Concurrent Undo Cycle
[21.153s][info   ][gc,marking  ] GC(1365) Concurrent Cleanup for Next Mark
[21.165s][info   ][gc,marking  ] GC(1365) Concurrent Cleanup for Next Mark 12.258ms
[21.165s][info   ][gc          ] GC(1365) Concurrent Undo Cycle 12.440ms
[21.166s][info   ][gc,start    ] GC(1366) Pause Young (Concurrent Start) (G1 Humongous Allocation)
[21.166s][info   ][gc,task     ] GC(1366) Using 4 workers of 4 for evacuation
[21.167s][info   ][gc,phases   ] GC(1366)   Pre Evacuate Collection Set: 0.2ms
[21.167s][info   ][gc,phases   ] GC(1366)   Merge Heap Roots: 0.1ms
[21.167s][info   ][gc,phases   ] GC(1366)   Evacuate Collection Set: 0.2ms
[21.167s][info   ][gc,phases   ] GC(1366)   Post Evacuate Collection Set: 0.4ms
[21.167s][info   ][gc,phases   ] GC(1366)   Other: 0.2ms
[21.167s][info   ][gc,heap     ] GC(1366) Eden regions: 0->0(918)
[21.167s][info   ][gc,heap     ] GC(1366) Survivor regions: 0->0(117)
[21.167s][info   ][gc,heap     ] GC(1366) Old regions: 1->1
[21.167s][info   ][gc,heap     ] GC(1366) Archive regions: 2->2
[21.167s][info   ][gc,heap     ] GC(1366) Humongous regions: 960->846
[21.167s][info   ][gc,metaspace] GC(1366) Metaspace: 158K(384K)->158K(384K) NonClass: 150K(256K)->150K(256K) Class: 8K(128K)->8K(128K)
[21.167s][info   ][gc          ] GC(1366) Pause Young (Concurrent Start) (G1 Humongous Allocation) 961M->847M(2048M) 1.235ms
[21.167s][info   ][gc,cpu      ] GC(1366) User=0.00s Sys=0.00s Real=0.00s
[21.167s][info   ][gc          ] GC(1367) Concurrent Undo Cycle
[21.167s][info   ][gc,marking  ] GC(1367) Concurrent Cleanup for Next Mark
[21.178s][info   ][gc,marking  ] GC(1367) Concurrent Cleanup for Next Mark 11.073ms
[21.178s][info   ][gc          ] GC(1367) Concurrent Undo Cycle 11.268ms
[21.179s][info   ][gc,start    ] GC(1368) Pause Young (Concurrent Start) (G1 Humongous Allocation)
[21.179s][info   ][gc,task     ] GC(1368) Using 4 workers of 4 for evacuation
[21.181s][info   ][gc,phases   ] GC(1368)   Pre Evacuate Collection Set: 0.2ms
[21.181s][info   ][gc,phases   ] GC(1368)   Merge Heap Roots: 0.1ms
[21.181s][info   ][gc,phases   ] GC(1368)   Evacuate Collection Set: 0.3ms
[21.181s][info   ][gc,phases   ] GC(1368)   Post Evacuate Collection Set: 0.5ms
[21.181s][info   ][gc,phases   ] GC(1368)   Other: 0.2ms
[21.181s][info   ][gc,heap     ] GC(1368) Eden regions: 0->0(927)
[21.181s][info   ][gc,heap     ] GC(1368) Survivor regions: 0->0(115)
[21.181s][info   ][gc,heap     ] GC(1368) Old regions: 1->1
[21.181s][info   ][gc,heap     ] GC(1368) Archive regions: 2->2
[21.181s][info   ][gc,heap     ] GC(1368) Humongous regions: 974->836
[21.181s][info   ][gc,metaspace] GC(1368) Metaspace: 158K(384K)->158K(384K) NonClass: 150K(256K)->150K(256K) Class: 8K(128K)->8K(128K)
[21.181s][info   ][gc          ] GC(1368) Pause Young (Concurrent Start) (G1 Humongous Allocation) 975M->837M(2048M) 1.366ms
[21.181s][info   ][gc,cpu      ] GC(1368) User=0.00s Sys=0.00s Real=0.00s
[21.181s][info   ][gc          ] GC(1369) Concurrent Undo Cycle
[21.181s][info   ][gc,marking  ] GC(1369) Concurrent Cleanup for Next Mark
[21.196s][info   ][gc,marking  ] GC(1369) Concurrent Cleanup for Next Mark 14.746ms
[21.196s][info   ][gc          ] GC(1369) Concurrent Undo Cycle 15.034ms
[21.197s][info   ][gc,start    ] GC(1370) Pause Young (Concurrent Start) (G1 Humongous Allocation)
[21.197s][info   ][gc,task     ] GC(1370) Using 4 workers of 4 for evacuation
[21.199s][info   ][gc,phases   ] GC(1370)   Pre Evacuate Collection Set: 0.3ms
[21.199s][info   ][gc,phases   ] GC(1370)   Merge Heap Roots: 0.1ms
[21.199s][info   ][gc,phases   ] GC(1370)   Evacuate Collection Set: 0.8ms
[21.199s][info   ][gc,phases   ] GC(1370)   Post Evacuate Collection Set: 0.4ms
[21.199s][info   ][gc,phases   ] GC(1370)   Other: 0.2ms
[21.199s][info   ][gc,heap     ] GC(1370) Eden regions: 0->0(905)
[21.199s][info   ][gc,heap     ] GC(1370) Survivor regions: 0->0(116)
[21.199s][info   ][gc,heap     ] GC(1370) Old regions: 1->1
[21.199s][info   ][gc,heap     ] GC(1370) Archive regions: 2->2
[21.199s][info   ][gc,heap     ] GC(1370) Humongous regions: 1012->860
[21.199s][info   ][gc,metaspace] GC(1370) Metaspace: 158K(384K)->158K(384K) NonClass: 150K(256K)->150K(256K) Class: 8K(128K)->8K(128K)
[21.199s][info   ][gc          ] GC(1370) Pause Young (Concurrent Start) (G1 Humongous Allocation) 1013M->861M(2048M) 1.829ms
[21.199s][info   ][gc,cpu      ] GC(1370) User=0.00s Sys=0.00s Real=0.01s
[21.199s][info   ][gc          ] GC(1371) Concurrent Undo Cycle
[21.199s][info   ][gc,marking  ] GC(1371) Concurrent Cleanup for Next Mark
[21.211s][info   ][gc,marking  ] GC(1371) Concurrent Cleanup for Next Mark 11.719ms
[21.211s][info   ][gc          ] GC(1371) Concurrent Undo Cycle 11.917ms
[21.212s][info   ][gc,start    ] GC(1372) Pause Young (Concurrent Start) (G1 Humongous Allocation)
[21.212s][info   ][gc,task     ] GC(1372) Using 4 workers of 4 for evacuation
[21.213s][info   ][gc,phases   ] GC(1372)   Pre Evacuate Collection Set: 0.3ms
[21.213s][info   ][gc,phases   ] GC(1372)   Merge Heap Roots: 0.1ms
[21.213s][info   ][gc,phases   ] GC(1372)   Evacuate Collection Set: 0.4ms
[21.213s][info   ][gc,phases   ] GC(1372)   Post Evacuate Collection Set: 0.5ms
[21.213s][info   ][gc,phases   ] GC(1372)   Other: 0.2ms
[21.213s][info   ][gc,heap     ] GC(1372) Eden regions: 0->0(927)
[21.213s][info   ][gc,heap     ] GC(1372) Survivor regions: 0->0(114)
[21.213s][info   ][gc,heap     ] GC(1372) Old regions: 1->1
[21.213s][info   ][gc,heap     ] GC(1372) Archive regions: 2->2
[21.213s][info   ][gc,heap     ] GC(1372) Humongous regions: 1006->836
[21.213s][info   ][gc,metaspace] GC(1372) Metaspace: 158K(384K)->158K(384K) NonClass: 150K(256K)->150K(256K) Class: 8K(128K)->8K(128K)
[21.213s][info   ][gc          ] GC(1372) Pause Young (Concurrent Start) (G1 Humongous Allocation) 1007M->837M(2048M) 1.413ms
[21.213s][info   ][gc,cpu      ] GC(1372) User=0.00s Sys=0.01s Real=0.00s
[21.213s][info   ][gc          ] GC(1373) Concurrent Undo Cycle
[21.213s][info   ][gc,marking  ] GC(1373) Concurrent Cleanup for Next Mark
[21.226s][info   ][gc,marking  ] GC(1373) Concurrent Cleanup for Next Mark 12.170ms
[21.226s][info   ][gc          ] GC(1373) Concurrent Undo Cycle 12.383ms
[21.227s][info   ][gc,start    ] GC(1374) Pause Young (Concurrent Start) (G1 Humongous Allocation)
[21.227s][info   ][gc,task     ] GC(1374) Using 4 workers of 4 for evacuation
[21.228s][info   ][gc,phases   ] GC(1374)   Pre Evacuate Collection Set: 0.2ms
[21.228s][info   ][gc,phases   ] GC(1374)   Merge Heap Roots: 0.1ms
[21.228s][info   ][gc,phases   ] GC(1374)   Evacuate Collection Set: 0.3ms
[21.228s][info   ][gc,phases   ] GC(1374)   Post Evacuate Collection Set: 0.3ms
[21.228s][info   ][gc,phases   ] GC(1374)   Other: 0.2ms
[21.228s][info   ][gc,heap     ] GC(1374) Eden regions: 0->0(897)
[21.228s][info   ][gc,heap     ] GC(1374) Survivor regions: 0->0(116)
[21.228s][info   ][gc,heap     ] GC(1374) Old regions: 1->1
[21.228s][info   ][gc,heap     ] GC(1374) Archive regions: 2->2
[21.228s][info   ][gc,heap     ] GC(1374) Humongous regions: 980->868
[21.228s][info   ][gc,metaspace] GC(1374) Metaspace: 158K(384K)->158K(384K) NonClass: 150K(256K)->150K(256K) Class: 8K(128K)->8K(128K)
[21.228s][info   ][gc          ] GC(1374) Pause Young (Concurrent Start) (G1 Humongous Allocation) 981M->869M(2048M) 1.196ms
[21.228s][info   ][gc,cpu      ] GC(1374) User=0.00s Sys=0.00s Real=0.00s
[21.228s][info   ][gc          ] GC(1375) Concurrent Undo Cycle
[21.228s][info   ][gc,marking  ] GC(1375) Concurrent Cleanup for Next Mark
[21.239s][info   ][gc,marking  ] GC(1375) Concurrent Cleanup for Next Mark 10.759ms
[21.239s][info   ][gc          ] GC(1375) Concurrent Undo Cycle 10.938ms
[21.240s][info   ][gc,start    ] GC(1376) Pause Young (Concurrent Start) (G1 Humongous Allocation)
[21.240s][info   ][gc,task     ] GC(1376) Using 4 workers of 4 for evacuation
[21.241s][info   ][gc,phases   ] GC(1376)   Pre Evacuate Collection Set: 0.2ms
[21.241s][info   ][gc,phases   ] GC(1376)   Merge Heap Roots: 0.1ms
[21.241s][info   ][gc,phases   ] GC(1376)   Evacuate Collection Set: 0.2ms
[21.241s][info   ][gc,phases   ] GC(1376)   Post Evacuate Collection Set: 0.3ms
[21.241s][info   ][gc,phases   ] GC(1376)   Other: 0.2ms
[21.241s][info   ][gc,heap     ] GC(1376) Eden regions: 0->0(906)
[21.241s][info   ][gc,heap     ] GC(1376) Survivor regions: 0->0(113)
[21.241s][info   ][gc,heap     ] GC(1376) Old regions: 1->1
[21.241s][info   ][gc,heap     ] GC(1376) Archive regions: 2->2
[21.241s][info   ][gc,heap     ] GC(1376) Humongous regions: 970->858
[21.241s][info   ][gc,metaspace] GC(1376) Metaspace: 158K(384K)->158K(384K) NonClass: 150K(256K)->150K(256K) Class: 8K(128K)->8K(128K)
[21.241s][info   ][gc          ] GC(1376) Pause Young (Concurrent Start) (G1 Humongous Allocation) 971M->859M(2048M) 1.026ms
[21.241s][info   ][gc,cpu      ] GC(1376) User=0.00s Sys=0.00s Real=0.00s
[21.241s][info   ][gc          ] GC(1377) Concurrent Undo Cycle
[21.241s][info   ][gc,marking  ] GC(1377) Concurrent Cleanup for Next Mark
[21.254s][info   ][gc,marking  ] GC(1377) Concurrent Cleanup for Next Mark 13.136ms
[21.254s][info   ][gc          ] GC(1377) Concurrent Undo Cycle 13.553ms
[21.255s][info   ][gc,start    ] GC(1378) Pause Young (Concurrent Start) (G1 Humongous Allocation)
[21.255s][info   ][gc,task     ] GC(1378) Using 4 workers of 4 for evacuation
[21.256s][info   ][gc,phases   ] GC(1378)   Pre Evacuate Collection Set: 0.2ms
[21.256s][info   ][gc,phases   ] GC(1378)   Merge Heap Roots: 0.1ms
[21.256s][info   ][gc,phases   ] GC(1378)   Evacuate Collection Set: 0.3ms
[21.256s][info   ][gc,phases   ] GC(1378)   Post Evacuate Collection Set: 0.5ms
[21.256s][info   ][gc,phases   ] GC(1378)   Other: 0.2ms
[21.256s][info   ][gc,heap     ] GC(1378) Eden regions: 0->0(936)
[21.256s][info   ][gc,heap     ] GC(1378) Survivor regions: 0->0(114)
[21.256s][info   ][gc,heap     ] GC(1378) Old regions: 1->1
[21.256s][info   ][gc,heap     ] GC(1378) Archive regions: 2->2
[21.256s][info   ][gc,heap     ] GC(1378) Humongous regions: 1012->826
[21.256s][info   ][gc,metaspace] GC(1378) Metaspace: 158K(384K)->158K(384K) NonClass: 150K(256K)->150K(256K) Class: 8K(128K)->8K(128K)
[21.256s][info   ][gc          ] GC(1378) Pause Young (Concurrent Start) (G1 Humongous Allocation) 1013M->827M(2048M) 1.334ms
[21.256s][info   ][gc,cpu      ] GC(1378) User=0.00s Sys=0.00s Real=0.00s
[21.256s][info   ][gc          ] GC(1379) Concurrent Undo Cycle
[21.256s][info   ][gc,marking  ] GC(1379) Concurrent Cleanup for Next Mark
[21.269s][info   ][gc,marking  ] GC(1379) Concurrent Cleanup for Next Mark 12.963ms
[21.269s][info   ][gc          ] GC(1379) Concurrent Undo Cycle 13.164ms
[21.270s][info   ][gc,start    ] GC(1380) Pause Young (Concurrent Start) (G1 Humongous Allocation)
[21.270s][info   ][gc,task     ] GC(1380) Using 4 workers of 4 for evacuation
[21.272s][info   ][gc,phases   ] GC(1380)   Pre Evacuate Collection Set: 0.2ms
[21.272s][info   ][gc,phases   ] GC(1380)   Merge Heap Roots: 0.1ms
[21.272s][info   ][gc,phases   ] GC(1380)   Evacuate Collection Set: 0.6ms
[21.272s][info   ][gc,phases   ] GC(1380)   Post Evacuate Collection Set: 0.4ms
[21.272s][info   ][gc,phases   ] GC(1380)   Other: 0.2ms
[21.272s][info   ][gc,heap     ] GC(1380) Eden regions: 0->0(953)
[21.272s][info   ][gc,heap     ] GC(1380) Survivor regions: 0->0(117)
[21.272s][info   ][gc,heap     ] GC(1380) Old regions: 1->1
[21.272s][info   ][gc,heap     ] GC(1380) Archive regions: 2->2
[21.272s][info   ][gc,heap     ] GC(1380) Humongous regions: 976->808
[21.272s][info   ][gc,metaspace] GC(1380) Metaspace: 158K(384K)->158K(384K) NonClass: 150K(256K)->150K(256K) Class: 8K(128K)->8K(128K)
[21.272s][info   ][gc          ] GC(1380) Pause Young (Concurrent Start) (G1 Humongous Allocation) 977M->809M(2048M) 1.695ms
[21.272s][info   ][gc,cpu      ] GC(1380) User=0.00s Sys=0.00s Real=0.00s
[21.272s][info   ][gc          ] GC(1381) Concurrent Undo Cycle
[21.272s][info   ][gc,marking  ] GC(1381) Concurrent Cleanup for Next Mark
[21.282s][info   ][gc,marking  ] GC(1381) Concurrent Cleanup for Next Mark 10.102ms
[21.282s][info   ][gc          ] GC(1381) Concurrent Undo Cycle 10.314ms
[21.284s][info   ][gc,start    ] GC(1382) Pause Young (Concurrent Start) (G1 Humongous Allocation)
[21.284s][info   ][gc,task     ] GC(1382) Using 4 workers of 4 for evacuation
[21.285s][info   ][gc,phases   ] GC(1382)   Pre Evacuate Collection Set: 0.2ms
[21.285s][info   ][gc,phases   ] GC(1382)   Merge Heap Roots: 0.1ms
[21.285s][info   ][gc,phases   ] GC(1382)   Evacuate Collection Set: 0.4ms
[21.285s][info   ][gc,phases   ] GC(1382)   Post Evacuate Collection Set: 0.3ms
[21.285s][info   ][gc,phases   ] GC(1382)   Other: 0.2ms
[21.285s][info   ][gc,heap     ] GC(1382) Eden regions: 0->0(921)
[21.285s][info   ][gc,heap     ] GC(1382) Survivor regions: 0->0(120)
[21.285s][info   ][gc,heap     ] GC(1382) Old regions: 1->1
[21.285s][info   ][gc,heap     ] GC(1382) Archive regions: 2->2
[21.285s][info   ][gc,heap     ] GC(1382) Humongous regions: 918->842
[21.285s][info   ][gc,metaspace] GC(1382) Metaspace: 158K(384K)->158K(384K) NonClass: 150K(256K)->150K(256K) Class: 8K(128K)->8K(128K)
[21.285s][info   ][gc          ] GC(1382) Pause Young (Concurrent Start) (G1 Humongous Allocation) 919M->843M(2048M) 1.234ms
[21.285s][info   ][gc,cpu      ] GC(1382) User=0.00s Sys=0.00s Real=0.00s
[21.285s][info   ][gc          ] GC(1383) Concurrent Undo Cycle
[21.285s][info   ][gc,marking  ] GC(1383) Concurrent Cleanup for Next Mark
[21.297s][info   ][gc,marking  ] GC(1383) Concurrent Cleanup for Next Mark 12.563ms
[21.298s][info   ][gc          ] GC(1383) Concurrent Undo Cycle 12.751ms
[21.299s][info   ][gc,start    ] GC(1384) Pause Young (Concurrent Start) (G1 Humongous Allocation)
[21.299s][info   ][gc,task     ] GC(1384) Using 4 workers of 4 for evacuation
[21.300s][info   ][gc,phases   ] GC(1384)   Pre Evacuate Collection Set: 0.2ms
[21.300s][info   ][gc,phases   ] GC(1384)   Merge Heap Roots: 0.1ms
[21.300s][info   ][gc,phases   ] GC(1384)   Evacuate Collection Set: 0.2ms
[21.300s][info   ][gc,phases   ] GC(1384)   Post Evacuate Collection Set: 0.7ms
[21.300s][info   ][gc,phases   ] GC(1384)   Other: 0.2ms
[21.300s][info   ][gc,heap     ] GC(1384) Eden regions: 0->0(919)
[21.300s][info   ][gc,heap     ] GC(1384) Survivor regions: 0->0(116)
[21.300s][info   ][gc,heap     ] GC(1384) Old regions: 1->1
[21.300s][info   ][gc,heap     ] GC(1384) Archive regions: 2->2
[21.300s][info   ][gc,heap     ] GC(1384) Humongous regions: 986->844
[21.300s][info   ][gc,metaspace] GC(1384) Metaspace: 158K(384K)->158K(384K) NonClass: 150K(256K)->150K(256K) Class: 8K(128K)->8K(128K)
[21.300s][info   ][gc          ] GC(1384) Pause Young (Concurrent Start) (G1 Humongous Allocation) 987M->845M(2048M) 1.369ms
[21.300s][info   ][gc,cpu      ] GC(1384) User=0.00s Sys=0.00s Real=0.00s
[21.300s][info   ][gc          ] GC(1385) Concurrent Undo Cycle
[21.300s][info   ][gc,marking  ] GC(1385) Concurrent Cleanup for Next Mark
[21.313s][info   ][gc,marking  ] GC(1385) Concurrent Cleanup for Next Mark 12.560ms
[21.313s][info   ][gc          ] GC(1385) Concurrent Undo Cycle 12.785ms
[21.313s][info   ][gc,start    ] GC(1386) Pause Young (Concurrent Start) (G1 Humongous Allocation)
[21.313s][info   ][gc,task     ] GC(1386) Using 4 workers of 4 for evacuation
[21.314s][info   ][gc,phases   ] GC(1386)   Pre Evacuate Collection Set: 0.2ms
[21.314s][info   ][gc,phases   ] GC(1386)   Merge Heap Roots: 0.1ms
[21.314s][info   ][gc,phases   ] GC(1386)   Evacuate Collection Set: 0.2ms
[21.314s][info   ][gc,phases   ] GC(1386)   Post Evacuate Collection Set: 0.4ms
[21.314s][info   ][gc,phases   ] GC(1386)   Other: 0.2ms
[21.314s][info   ][gc,heap     ] GC(1386) Eden regions: 0->0(921)
[21.314s][info   ][gc,heap     ] GC(1386) Survivor regions: 0->0(115)
[21.314s][info   ][gc,heap     ] GC(1386) Old regions: 1->1
[21.314s][info   ][gc,heap     ] GC(1386) Archive regions: 2->2
[21.314s][info   ][gc,heap     ] GC(1386) Humongous regions: 974->842
[21.314s][info   ][gc,metaspace] GC(1386) Metaspace: 158K(384K)->158K(384K) NonClass: 150K(256K)->150K(256K) Class: 8K(128K)->8K(128K)
[21.314s][info   ][gc          ] GC(1386) Pause Young (Concurrent Start) (G1 Humongous Allocation) 975M->843M(2048M) 1.150ms
[21.314s][info   ][gc,cpu      ] GC(1386) User=0.00s Sys=0.00s Real=0.00s
[21.314s][info   ][gc          ] GC(1387) Concurrent Undo Cycle
[21.314s][info   ][gc,marking  ] GC(1387) Concurrent Cleanup for Next Mark
[21.329s][info   ][gc,marking  ] GC(1387) Concurrent Cleanup for Next Mark 14.815ms
[21.329s][info   ][gc          ] GC(1387) Concurrent Undo Cycle 15.068ms
[21.330s][info   ][gc,start    ] GC(1388) Pause Young (Concurrent Start) (G1 Humongous Allocation)
[21.330s][info   ][gc,task     ] GC(1388) Using 4 workers of 4 for evacuation
[21.332s][info   ][gc,phases   ] GC(1388)   Pre Evacuate Collection Set: 0.2ms
[21.332s][info   ][gc,phases   ] GC(1388)   Merge Heap Roots: 0.1ms
[21.332s][info   ][gc,phases   ] GC(1388)   Evacuate Collection Set: 0.3ms
[21.332s][info   ][gc,phases   ] GC(1388)   Post Evacuate Collection Set: 0.5ms
[21.332s][info   ][gc,phases   ] GC(1388)   Other: 0.2ms
[21.332s][info   ][gc,heap     ] GC(1388) Eden regions: 0->0(951)
[21.332s][info   ][gc,heap     ] GC(1388) Survivor regions: 0->0(116)
[21.332s][info   ][gc,heap     ] GC(1388) Old regions: 1->1
[21.332s][info   ][gc,heap     ] GC(1388) Archive regions: 2->2
[21.332s][info   ][gc,heap     ] GC(1388) Humongous regions: 1030->810
[21.332s][info   ][gc,metaspace] GC(1388) Metaspace: 158K(384K)->158K(384K) NonClass: 150K(256K)->150K(256K) Class: 8K(128K)->8K(128K)
[21.332s][info   ][gc          ] GC(1388) Pause Young (Concurrent Start) (G1 Humongous Allocation) 1031M->811M(2048M) 1.241ms
[21.332s][info   ][gc,cpu      ] GC(1388) User=0.00s Sys=0.00s Real=0.00s
[21.332s][info   ][gc          ] GC(1389) Concurrent Undo Cycle
[21.332s][info   ][gc,marking  ] GC(1389) Concurrent Cleanup for Next Mark
[21.345s][info   ][gc,marking  ] GC(1389) Concurrent Cleanup for Next Mark 13.167ms
[21.345s][info   ][gc          ] GC(1389) Concurrent Undo Cycle 13.367ms
[21.346s][info   ][gc,start    ] GC(1390) Pause Young (Concurrent Start) (G1 Humongous Allocation)
[21.346s][info   ][gc,task     ] GC(1390) Using 4 workers of 4 for evacuation
[21.347s][info   ][gc,phases   ] GC(1390)   Pre Evacuate Collection Set: 0.2ms
[21.347s][info   ][gc,phases   ] GC(1390)   Merge Heap Roots: 0.1ms
[21.347s][info   ][gc,phases   ] GC(1390)   Evacuate Collection Set: 0.2ms
[21.347s][info   ][gc,phases   ] GC(1390)   Post Evacuate Collection Set: 0.4ms
[21.347s][info   ][gc,phases   ] GC(1390)   Other: 0.2ms
[21.347s][info   ][gc,heap     ] GC(1390) Eden regions: 0->0(964)
[21.347s][info   ][gc,heap     ] GC(1390) Survivor regions: 0->0(119)
[21.347s][info   ][gc,heap     ] GC(1390) Old regions: 1->1
[21.347s][info   ][gc,heap     ] GC(1390) Archive regions: 2->2
[21.347s][info   ][gc,heap     ] GC(1390) Humongous regions: 966->796
[21.347s][info   ][gc,metaspace] GC(1390) Metaspace: 158K(384K)->158K(384K) NonClass: 150K(256K)->150K(256K) Class: 8K(128K)->8K(128K)
[21.347s][info   ][gc          ] GC(1390) Pause Young (Concurrent Start) (G1 Humongous Allocation) 967M->797M(2048M) 1.134ms
[21.347s][info   ][gc,cpu      ] GC(1390) User=0.00s Sys=0.00s Real=0.00s
[21.347s][info   ][gc          ] GC(1391) Concurrent Undo Cycle
[21.347s][info   ][gc,marking  ] GC(1391) Concurrent Cleanup for Next Mark
[21.355s][info   ][gc,marking  ] GC(1391) Concurrent Cleanup for Next Mark 7.955ms
[21.355s][info   ][gc          ] GC(1391) Concurrent Undo Cycle 8.235ms
[21.359s][info   ][gc,start    ] GC(1392) Pause Young (Concurrent Start) (G1 Humongous Allocation)
[21.359s][info   ][gc,task     ] GC(1392) Using 4 workers of 4 for evacuation
[21.360s][info   ][gc,phases   ] GC(1392)   Pre Evacuate Collection Set: 0.2ms
[21.360s][info   ][gc,phases   ] GC(1392)   Merge Heap Roots: 0.1ms
[21.360s][info   ][gc,phases   ] GC(1392)   Evacuate Collection Set: 0.2ms
[21.360s][info   ][gc,phases   ] GC(1392)   Post Evacuate Collection Set: 0.4ms
[21.360s][info   ][gc,phases   ] GC(1392)   Other: 0.2ms
[21.360s][info   ][gc,heap     ] GC(1392) Eden regions: 0->0(977)
[21.360s][info   ][gc,heap     ] GC(1392) Survivor regions: 0->0(121)
[21.360s][info   ][gc,heap     ] GC(1392) Old regions: 1->1
[21.360s][info   ][gc,heap     ] GC(1392) Archive regions: 2->2
[21.360s][info   ][gc,heap     ] GC(1392) Humongous regions: 918->782
[21.360s][info   ][gc,metaspace] GC(1392) Metaspace: 158K(384K)->158K(384K) NonClass: 150K(256K)->150K(256K) Class: 8K(128K)->8K(128K)
[21.360s][info   ][gc          ] GC(1392) Pause Young (Concurrent Start) (G1 Humongous Allocation) 919M->783M(2048M) 1.084ms
[21.360s][info   ][gc,cpu      ] GC(1392) User=0.00s Sys=0.00s Real=0.00s
[21.360s][info   ][gc          ] GC(1393) Concurrent Undo Cycle
[21.360s][info   ][gc,marking  ] GC(1393) Concurrent Cleanup for Next Mark
[21.372s][info   ][gc,marking  ] GC(1393) Concurrent Cleanup for Next Mark 12.362ms
[21.373s][info   ][gc          ] GC(1393) Concurrent Undo Cycle 12.569ms
[21.373s][info   ][gc,start    ] GC(1394) Pause Young (Concurrent Start) (G1 Humongous Allocation)
[21.373s][info   ][gc,task     ] GC(1394) Using 4 workers of 4 for evacuation
[21.375s][info   ][gc,phases   ] GC(1394)   Pre Evacuate Collection Set: 0.2ms
[21.375s][info   ][gc,phases   ] GC(1394)   Merge Heap Roots: 0.1ms
[21.375s][info   ][gc,phases   ] GC(1394)   Evacuate Collection Set: 0.5ms
[21.375s][info   ][gc,phases   ] GC(1394)   Post Evacuate Collection Set: 0.4ms
[21.375s][info   ][gc,phases   ] GC(1394)   Other: 0.2ms
[21.375s][info   ][gc,heap     ] GC(1394) Eden regions: 0->0(967)
[21.375s][info   ][gc,heap     ] GC(1394) Survivor regions: 0->0(123)
[21.375s][info   ][gc,heap     ] GC(1394) Old regions: 1->1
[21.375s][info   ][gc,heap     ] GC(1394) Archive regions: 2->2
[21.375s][info   ][gc,heap     ] GC(1394) Humongous regions: 912->792
[21.375s][info   ][gc,metaspace] GC(1394) Metaspace: 158K(384K)->158K(384K) NonClass: 150K(256K)->150K(256K) Class: 8K(128K)->8K(128K)
[21.375s][info   ][gc          ] GC(1394) Pause Young (Concurrent Start) (G1 Humongous Allocation) 913M->793M(2048M) 1.410ms
[21.375s][info   ][gc,cpu      ] GC(1394) User=0.01s Sys=0.00s Real=0.00s
[21.375s][info   ][gc          ] GC(1395) Concurrent Undo Cycle
[21.375s][info   ][gc,marking  ] GC(1395) Concurrent Cleanup for Next Mark
[21.388s][info   ][gc,marking  ] GC(1395) Concurrent Cleanup for Next Mark 13.558ms
[21.389s][info   ][gc          ] GC(1395) Concurrent Undo Cycle 13.771ms
[21.389s][info   ][gc,start    ] GC(1396) Pause Young (Concurrent Start) (G1 Humongous Allocation)
[21.389s][info   ][gc,task     ] GC(1396) Using 4 workers of 4 for evacuation
[21.391s][info   ][gc,phases   ] GC(1396)   Pre Evacuate Collection Set: 0.2ms
[21.391s][info   ][gc,phases   ] GC(1396)   Merge Heap Roots: 0.1ms
[21.391s][info   ][gc,phases   ] GC(1396)   Evacuate Collection Set: 0.4ms
[21.391s][info   ][gc,phases   ] GC(1396)   Post Evacuate Collection Set: 0.4ms
[21.391s][info   ][gc,phases   ] GC(1396)   Other: 0.2ms
[21.391s][info   ][gc,heap     ] GC(1396) Eden regions: 0->0(943)
[21.391s][info   ][gc,heap     ] GC(1396) Survivor regions: 0->0(121)
[21.391s][info   ][gc,heap     ] GC(1396) Old regions: 1->1
[21.391s][info   ][gc,heap     ] GC(1396) Archive regions: 2->2
[21.391s][info   ][gc,heap     ] GC(1396) Humongous regions: 946->818
[21.391s][info   ][gc,metaspace] GC(1396) Metaspace: 158K(384K)->158K(384K) NonClass: 150K(256K)->150K(256K) Class: 8K(128K)->8K(128K)
[21.391s][info   ][gc          ] GC(1396) Pause Young (Concurrent Start) (G1 Humongous Allocation) 947M->819M(2048M) 1.334ms
[21.391s][info   ][gc,cpu      ] GC(1396) User=0.00s Sys=0.00s Real=0.00s
[21.391s][info   ][gc          ] GC(1397) Concurrent Undo Cycle
[21.391s][info   ][gc,marking  ] GC(1397) Concurrent Cleanup for Next Mark
[21.403s][info   ][gc,marking  ] GC(1397) Concurrent Cleanup for Next Mark 12.068ms
[21.403s][info   ][gc          ] GC(1397) Concurrent Undo Cycle 12.280ms
[21.403s][info   ][gc,start    ] GC(1398) Pause Young (Concurrent Start) (G1 Humongous Allocation)
[21.403s][info   ][gc,task     ] GC(1398) Using 4 workers of 4 for evacuation
[21.404s][info   ][gc,phases   ] GC(1398)   Pre Evacuate Collection Set: 0.2ms
[21.404s][info   ][gc,phases   ] GC(1398)   Merge Heap Roots: 0.1ms
[21.404s][info   ][gc,phases   ] GC(1398)   Evacuate Collection Set: 0.2ms
[21.404s][info   ][gc,phases   ] GC(1398)   Post Evacuate Collection Set: 0.3ms
[21.404s][info   ][gc,phases   ] GC(1398)   Other: 0.2ms
[21.404s][info   ][gc,heap     ] GC(1398) Eden regions: 0->0(923)
[21.404s][info   ][gc,heap     ] GC(1398) Survivor regions: 0->0(118)
[21.404s][info   ][gc,heap     ] GC(1398) Old regions: 1->1
[21.404s][info   ][gc,heap     ] GC(1398) Archive regions: 2->2
[21.404s][info   ][gc,heap     ] GC(1398) Humongous regions: 928->840
[21.404s][info   ][gc,metaspace] GC(1398) Metaspace: 158K(384K)->158K(384K) NonClass: 150K(256K)->150K(256K) Class: 8K(128K)->8K(128K)
[21.404s][info   ][gc          ] GC(1398) Pause Young (Concurrent Start) (G1 Humongous Allocation) 929M->841M(2048M) 1.100ms
[21.404s][info   ][gc,cpu      ] GC(1398) User=0.01s Sys=0.00s Real=0.00s
[21.404s][info   ][gc          ] GC(1399) Concurrent Undo Cycle
[21.404s][info   ][gc,marking  ] GC(1399) Concurrent Cleanup for Next Mark
[21.419s][info   ][gc,marking  ] GC(1399) Concurrent Cleanup for Next Mark 14.050ms
[21.419s][info   ][gc          ] GC(1399) Concurrent Undo Cycle 14.265ms
[21.419s][info   ][gc,start    ] GC(1400) Pause Young (Concurrent Start) (G1 Humongous Allocation)
[21.419s][info   ][gc,task     ] GC(1400) Using 4 workers of 4 for evacuation
[21.421s][info   ][gc,phases   ] GC(1400)   Pre Evacuate Collection Set: 0.2ms
[21.421s][info   ][gc,phases   ] GC(1400)   Merge Heap Roots: 0.1ms
[21.421s][info   ][gc,phases   ] GC(1400)   Evacuate Collection Set: 0.3ms
[21.421s][info   ][gc,phases   ] GC(1400)   Post Evacuate Collection Set: 0.6ms
[21.421s][info   ][gc,phases   ] GC(1400)   Other: 0.2ms
[21.421s][info   ][gc,heap     ] GC(1400) Eden regions: 0->0(908)
[21.421s][info   ][gc,heap     ] GC(1400) Survivor regions: 0->0(116)
[21.421s][info   ][gc,heap     ] GC(1400) Old regions: 1->1
[21.421s][info   ][gc,heap     ] GC(1400) Archive regions: 2->2
[21.421s][info   ][gc,heap     ] GC(1400) Humongous regions: 1006->856
[21.421s][info   ][gc,metaspace] GC(1400) Metaspace: 158K(384K)->158K(384K) NonClass: 150K(256K)->150K(256K) Class: 8K(128K)->8K(128K)
[21.421s][info   ][gc          ] GC(1400) Pause Young (Concurrent Start) (G1 Humongous Allocation) 1007M->857M(2048M) 1.419ms
[21.421s][info   ][gc,cpu      ] GC(1400) User=0.00s Sys=0.00s Real=0.00s
[21.421s][info   ][gc          ] GC(1401) Concurrent Undo Cycle
[21.421s][info   ][gc,marking  ] GC(1401) Concurrent Cleanup for Next Mark
[21.430s][info   ][gc,marking  ] GC(1401) Concurrent Cleanup for Next Mark 8.856ms
[21.430s][info   ][gc          ] GC(1401) Concurrent Undo Cycle 9.109ms
[21.431s][info   ][gc,start    ] GC(1402) Pause Young (Concurrent Start) (G1 Humongous Allocation)
[21.431s][info   ][gc,task     ] GC(1402) Using 4 workers of 4 for evacuation
[21.432s][info   ][gc,phases   ] GC(1402)   Pre Evacuate Collection Set: 0.2ms
[21.432s][info   ][gc,phases   ] GC(1402)   Merge Heap Roots: 0.1ms
[21.432s][info   ][gc,phases   ] GC(1402)   Evacuate Collection Set: 0.3ms
[21.432s][info   ][gc,phases   ] GC(1402)   Post Evacuate Collection Set: 0.4ms
[21.432s][info   ][gc,phases   ] GC(1402)   Other: 0.2ms
[21.432s][info   ][gc,heap     ] GC(1402) Eden regions: 0->0(919)
[21.432s][info   ][gc,heap     ] GC(1402) Survivor regions: 0->0(114)
[21.432s][info   ][gc,heap     ] GC(1402) Old regions: 1->1
[21.432s][info   ][gc,heap     ] GC(1402) Archive regions: 2->2
[21.432s][info   ][gc,heap     ] GC(1402) Humongous regions: 956->844
[21.432s][info   ][gc,metaspace] GC(1402) Metaspace: 158K(384K)->158K(384K) NonClass: 150K(256K)->150K(256K) Class: 8K(128K)->8K(128K)
[21.432s][info   ][gc          ] GC(1402) Pause Young (Concurrent Start) (G1 Humongous Allocation) 957M->845M(2048M) 1.177ms
[21.432s][info   ][gc,cpu      ] GC(1402) User=0.00s Sys=0.01s Real=0.00s
[21.432s][info   ][gc          ] GC(1403) Concurrent Undo Cycle
[21.432s][info   ][gc,marking  ] GC(1403) Concurrent Cleanup for Next Mark
[21.444s][info   ][gc,marking  ] GC(1403) Concurrent Cleanup for Next Mark 12.068ms
[21.445s][info   ][gc          ] GC(1403) Concurrent Undo Cycle 12.237ms
[21.446s][info   ][gc,start    ] GC(1404) Pause Young (Concurrent Start) (G1 Humongous Allocation)
[21.446s][info   ][gc,task     ] GC(1404) Using 4 workers of 4 for evacuation
[21.447s][info   ][gc,phases   ] GC(1404)   Pre Evacuate Collection Set: 0.2ms
[21.447s][info   ][gc,phases   ] GC(1404)   Merge Heap Roots: 0.2ms
[21.447s][info   ][gc,phases   ] GC(1404)   Evacuate Collection Set: 0.5ms
[21.447s][info   ][gc,phases   ] GC(1404)   Post Evacuate Collection Set: 0.4ms
[21.447s][info   ][gc,phases   ] GC(1404)   Other: 0.3ms
[21.447s][info   ][gc,heap     ] GC(1404) Eden regions: 0->0(914)
[21.447s][info   ][gc,heap     ] GC(1404) Survivor regions: 0->0(115)
[21.447s][info   ][gc,heap     ] GC(1404) Old regions: 1->1
[21.447s][info   ][gc,heap     ] GC(1404) Archive regions: 2->2
[21.447s][info   ][gc,heap     ] GC(1404) Humongous regions: 996->850
[21.447s][info   ][gc,metaspace] GC(1404) Metaspace: 158K(384K)->158K(384K) NonClass: 150K(256K)->150K(256K) Class: 8K(128K)->8K(128K)
[21.447s][info   ][gc          ] GC(1404) Pause Young (Concurrent Start) (G1 Humongous Allocation) 997M->851M(2048M) 1.684ms
[21.447s][info   ][gc,cpu      ] GC(1404) User=0.00s Sys=0.00s Real=0.00s
[21.447s][info   ][gc          ] GC(1405) Concurrent Undo Cycle
[21.447s][info   ][gc,marking  ] GC(1405) Concurrent Cleanup for Next Mark
[21.455s][info   ][gc,marking  ] GC(1405) Concurrent Cleanup for Next Mark 7.954ms
[21.455s][info   ][gc          ] GC(1405) Concurrent Undo Cycle 8.112ms
[21.456s][info   ][gc,start    ] GC(1406) Pause Young (Concurrent Start) (G1 Humongous Allocation)
[21.456s][info   ][gc,task     ] GC(1406) Using 4 workers of 4 for evacuation
[21.457s][info   ][gc,phases   ] GC(1406)   Pre Evacuate Collection Set: 0.2ms
[21.457s][info   ][gc,phases   ] GC(1406)   Merge Heap Roots: 0.1ms
[21.457s][info   ][gc,phases   ] GC(1406)   Evacuate Collection Set: 0.2ms
[21.457s][info   ][gc,phases   ] GC(1406)   Post Evacuate Collection Set: 0.4ms
[21.457s][info   ][gc,phases   ] GC(1406)   Other: 0.2ms
[21.457s][info   ][gc,heap     ] GC(1406) Eden regions: 0->0(934)
[21.457s][info   ][gc,heap     ] GC(1406) Survivor regions: 0->0(115)
[21.457s][info   ][gc,heap     ] GC(1406) Old regions: 1->1
[21.457s][info   ][gc,heap     ] GC(1406) Archive regions: 2->2
[21.457s][info   ][gc,heap     ] GC(1406) Humongous regions: 918->828
[21.457s][info   ][gc,metaspace] GC(1406) Metaspace: 158K(384K)->158K(384K) NonClass: 150K(256K)->150K(256K) Class: 8K(128K)->8K(128K)
[21.457s][info   ][gc          ] GC(1406) Pause Young (Concurrent Start) (G1 Humongous Allocation) 919M->829M(2048M) 1.045ms
[21.457s][info   ][gc,cpu      ] GC(1406) User=0.00s Sys=0.00s Real=0.00s
[21.457s][info   ][gc          ] GC(1407) Concurrent Undo Cycle
[21.457s][info   ][gc,marking  ] GC(1407) Concurrent Cleanup for Next Mark
[21.471s][info   ][gc,marking  ] GC(1407) Concurrent Cleanup for Next Mark 14.188ms
[21.472s][info   ][gc          ] GC(1407) Concurrent Undo Cycle 14.490ms
[21.472s][info   ][gc,start    ] GC(1408) Pause Young (Concurrent Start) (G1 Humongous Allocation)
[21.472s][info   ][gc,task     ] GC(1408) Using 4 workers of 4 for evacuation
[21.473s][info   ][gc,phases   ] GC(1408)   Pre Evacuate Collection Set: 0.2ms
[21.473s][info   ][gc,phases   ] GC(1408)   Merge Heap Roots: 0.1ms
[21.473s][info   ][gc,phases   ] GC(1408)   Evacuate Collection Set: 0.2ms
[21.473s][info   ][gc,phases   ] GC(1408)   Post Evacuate Collection Set: 0.4ms
[21.473s][info   ][gc,phases   ] GC(1408)   Other: 0.2ms
[21.473s][info   ][gc,heap     ] GC(1408) Eden regions: 0->0(942)
[21.473s][info   ][gc,heap     ] GC(1408) Survivor regions: 0->0(117)
[21.473s][info   ][gc,heap     ] GC(1408) Old regions: 1->1
[21.473s][info   ][gc,heap     ] GC(1408) Archive regions: 2->2
[21.473s][info   ][gc,heap     ] GC(1408) Humongous regions: 1008->820
[21.473s][info   ][gc,metaspace] GC(1408) Metaspace: 158K(384K)->158K(384K) NonClass: 150K(256K)->150K(256K) Class: 8K(128K)->8K(128K)
[21.473s][info   ][gc          ] GC(1408) Pause Young (Concurrent Start) (G1 Humongous Allocation) 1009M->821M(2048M) 1.125ms
[21.473s][info   ][gc,cpu      ] GC(1408) User=0.00s Sys=0.00s Real=0.00s
[21.473s][info   ][gc          ] GC(1409) Concurrent Undo Cycle
[21.473s][info   ][gc,marking  ] GC(1409) Concurrent Cleanup for Next Mark
[21.487s][info   ][gc,marking  ] GC(1409) Concurrent Cleanup for Next Mark 13.432ms
[21.487s][info   ][gc          ] GC(1409) Concurrent Undo Cycle 13.699ms
[21.488s][info   ][gc,start    ] GC(1410) Pause Young (Concurrent Start) (G1 Humongous Allocation)
[21.488s][info   ][gc,task     ] GC(1410) Using 4 workers of 4 for evacuation
[21.490s][info   ][gc,phases   ] GC(1410)   Pre Evacuate Collection Set: 0.3ms
[21.490s][info   ][gc,phases   ] GC(1410)   Merge Heap Roots: 0.1ms
[21.490s][info   ][gc,phases   ] GC(1410)   Evacuate Collection Set: 0.5ms
[21.490s][info   ][gc,phases   ] GC(1410)   Post Evacuate Collection Set: 0.5ms
[21.490s][info   ][gc,phases   ] GC(1410)   Other: 0.2ms
[21.490s][info   ][gc,heap     ] GC(1410) Eden regions: 0->0(997)
[21.490s][info   ][gc,heap     ] GC(1410) Survivor regions: 0->0(118)
[21.490s][info   ][gc,heap     ] GC(1410) Old regions: 1->1
[21.490s][info   ][gc,heap     ] GC(1410) Archive regions: 2->2
[21.490s][info   ][gc,heap     ] GC(1410) Humongous regions: 966->760
[21.490s][info   ][gc,metaspace] GC(1410) Metaspace: 158K(384K)->158K(384K) NonClass: 150K(256K)->150K(256K) Class: 8K(128K)->8K(128K)
[21.490s][info   ][gc          ] GC(1410) Pause Young (Concurrent Start) (G1 Humongous Allocation) 967M->761M(2048M) 1.698ms
[21.490s][info   ][gc,cpu      ] GC(1410) User=0.00s Sys=0.01s Real=0.01s
[21.490s][info   ][gc          ] GC(1411) Concurrent Undo Cycle
[21.490s][info   ][gc,marking  ] GC(1411) Concurrent Cleanup for Next Mark
[21.502s][info   ][gc,marking  ] GC(1411) Concurrent Cleanup for Next Mark 12.413ms
[21.502s][info   ][gc          ] GC(1411) Concurrent Undo Cycle 12.624ms
[21.504s][info   ][gc,start    ] GC(1412) Pause Young (Concurrent Start) (G1 Humongous Allocation)
[21.504s][info   ][gc,task     ] GC(1412) Using 4 workers of 4 for evacuation
[21.506s][info   ][gc,phases   ] GC(1412)   Pre Evacuate Collection Set: 0.2ms
[21.506s][info   ][gc,phases   ] GC(1412)   Merge Heap Roots: 0.1ms
[21.506s][info   ][gc,phases   ] GC(1412)   Evacuate Collection Set: 0.8ms
[21.506s][info   ][gc,phases   ] GC(1412)   Post Evacuate Collection Set: 0.4ms
[21.506s][info   ][gc,phases   ] GC(1412)   Other: 0.2ms
[21.506s][info   ][gc,heap     ] GC(1412) Eden regions: 0->0(980)
[21.506s][info   ][gc,heap     ] GC(1412) Survivor regions: 0->0(125)
[21.506s][info   ][gc,heap     ] GC(1412) Old regions: 1->1
[21.506s][info   ][gc,heap     ] GC(1412) Archive regions: 2->2
[21.506s][info   ][gc,heap     ] GC(1412) Humongous regions: 918->778
[21.506s][info   ][gc,metaspace] GC(1412) Metaspace: 158K(384K)->158K(384K) NonClass: 150K(256K)->150K(256K) Class: 8K(128K)->8K(128K)
[21.506s][info   ][gc          ] GC(1412) Pause Young (Concurrent Start) (G1 Humongous Allocation) 919M->779M(2048M) 1.727ms
[21.506s][info   ][gc,cpu      ] GC(1412) User=0.01s Sys=0.00s Real=0.00s
[21.506s][info   ][gc          ] GC(1413) Concurrent Undo Cycle
[21.506s][info   ][gc,marking  ] GC(1413) Concurrent Cleanup for Next Mark
[21.515s][info   ][gc,marking  ] GC(1413) Concurrent Cleanup for Next Mark 8.339ms
[21.515s][info   ][gc          ] GC(1413) Concurrent Undo Cycle 8.521ms
[21.515s][info   ][gc,start    ] GC(1414) Pause Young (Concurrent Start) (G1 Humongous Allocation)
[21.515s][info   ][gc,task     ] GC(1414) Using 4 workers of 4 for evacuation
[21.517s][info   ][gc,phases   ] GC(1414)   Pre Evacuate Collection Set: 0.3ms
[21.517s][info   ][gc,phases   ] GC(1414)   Merge Heap Roots: 0.1ms
[21.517s][info   ][gc,phases   ] GC(1414)   Evacuate Collection Set: 0.3ms
[21.517s][info   ][gc,phases   ] GC(1414)   Post Evacuate Collection Set: 0.5ms
[21.517s][info   ][gc,phases   ] GC(1414)   Other: 0.2ms
[21.517s][info   ][gc,heap     ] GC(1414) Eden regions: 0->0(979)
[21.517s][info   ][gc,heap     ] GC(1414) Survivor regions: 0->0(123)
[21.517s][info   ][gc,heap     ] GC(1414) Old regions: 1->1
[21.517s][info   ][gc,heap     ] GC(1414) Archive regions: 2->2
[21.517s][info   ][gc,heap     ] GC(1414) Humongous regions: 848->780
[21.517s][info   ][gc,metaspace] GC(1414) Metaspace: 158K(384K)->158K(384K) NonClass: 150K(256K)->150K(256K) Class: 8K(128K)->8K(128K)
[21.517s][info   ][gc          ] GC(1414) Pause Young (Concurrent Start) (G1 Humongous Allocation) 849M->781M(2048M) 1.440ms
[21.517s][info   ][gc,cpu      ] GC(1414) User=0.01s Sys=0.00s Real=0.00s
[21.517s][info   ][gc          ] GC(1415) Concurrent Undo Cycle
[21.517s][info   ][gc,marking  ] GC(1415) Concurrent Cleanup for Next Mark
[21.532s][info   ][gc,marking  ] GC(1415) Concurrent Cleanup for Next Mark 14.867ms
[21.532s][info   ][gc          ] GC(1415) Concurrent Undo Cycle 15.093ms
[21.533s][info   ][gc,start    ] GC(1416) Pause Young (Concurrent Start) (G1 Humongous Allocation)
[21.533s][info   ][gc,task     ] GC(1416) Using 4 workers of 4 for evacuation
[21.534s][info   ][gc,phases   ] GC(1416)   Pre Evacuate Collection Set: 0.2ms
[21.534s][info   ][gc,phases   ] GC(1416)   Merge Heap Roots: 0.1ms
[21.534s][info   ][gc,phases   ] GC(1416)   Evacuate Collection Set: 0.3ms
[21.534s][info   ][gc,phases   ] GC(1416)   Post Evacuate Collection Set: 0.6ms
[21.534s][info   ][gc,phases   ] GC(1416)   Other: 0.2ms
[21.534s][info   ][gc,heap     ] GC(1416) Eden regions: 0->0(962)
[21.534s][info   ][gc,heap     ] GC(1416) Survivor regions: 0->0(123)
[21.534s][info   ][gc,heap     ] GC(1416) Old regions: 1->1
[21.534s][info   ][gc,heap     ] GC(1416) Archive regions: 2->2
[21.534s][info   ][gc,heap     ] GC(1416) Humongous regions: 960->798
[21.534s][info   ][gc,metaspace] GC(1416) Metaspace: 158K(384K)->158K(384K) NonClass: 150K(256K)->150K(256K) Class: 8K(128K)->8K(128K)
[21.534s][info   ][gc          ] GC(1416) Pause Young (Concurrent Start) (G1 Humongous Allocation) 961M->799M(2048M) 1.523ms
[21.534s][info   ][gc,cpu      ] GC(1416) User=0.00s Sys=0.00s Real=0.00s
[21.534s][info   ][gc          ] GC(1417) Concurrent Undo Cycle
[21.534s][info   ][gc,marking  ] GC(1417) Concurrent Cleanup for Next Mark
[21.550s][info   ][gc,marking  ] GC(1417) Concurrent Cleanup for Next Mark 15.305ms
[21.550s][info   ][gc          ] GC(1417) Concurrent Undo Cycle 15.578ms
[21.551s][info   ][gc,start    ] GC(1418) Pause Young (Concurrent Start) (G1 Humongous Allocation)
[21.551s][info   ][gc,task     ] GC(1418) Using 4 workers of 4 for evacuation
[21.552s][info   ][gc,phases   ] GC(1418)   Pre Evacuate Collection Set: 0.2ms
[21.552s][info   ][gc,phases   ] GC(1418)   Merge Heap Roots: 0.1ms
[21.552s][info   ][gc,phases   ] GC(1418)   Evacuate Collection Set: 0.3ms
[21.552s][info   ][gc,phases   ] GC(1418)   Post Evacuate Collection Set: 0.7ms
[21.552s][info   ][gc,phases   ] GC(1418)   Other: 0.2ms
[21.552s][info   ][gc,heap     ] GC(1418) Eden regions: 0->0(977)
[21.552s][info   ][gc,heap     ] GC(1418) Survivor regions: 0->0(121)
[21.552s][info   ][gc,heap     ] GC(1418) Old regions: 1->1
[21.552s][info   ][gc,heap     ] GC(1418) Archive regions: 2->2
[21.552s][info   ][gc,heap     ] GC(1418) Humongous regions: 972->782
[21.552s][info   ][gc,metaspace] GC(1418) Metaspace: 158K(384K)->158K(384K) NonClass: 150K(256K)->150K(256K) Class: 8K(128K)->8K(128K)
[21.552s][info   ][gc          ] GC(1418) Pause Young (Concurrent Start) (G1 Humongous Allocation) 973M->783M(2048M) 1.514ms
[21.552s][info   ][gc,cpu      ] GC(1418) User=0.00s Sys=0.01s Real=0.00s
[21.553s][info   ][gc          ] GC(1419) Concurrent Undo Cycle
[21.553s][info   ][gc,marking  ] GC(1419) Concurrent Cleanup for Next Mark
[21.568s][info   ][gc,marking  ] GC(1419) Concurrent Cleanup for Next Mark 14.962ms
[21.568s][info   ][gc          ] GC(1419) Concurrent Undo Cycle 15.166ms
[21.569s][info   ][gc,start    ] GC(1420) Pause Young (Concurrent Start) (G1 Humongous Allocation)
[21.569s][info   ][gc,task     ] GC(1420) Using 4 workers of 4 for evacuation
[21.570s][info   ][gc,phases   ] GC(1420)   Pre Evacuate Collection Set: 0.2ms
[21.570s][info   ][gc,phases   ] GC(1420)   Merge Heap Roots: 0.1ms
[21.570s][info   ][gc,phases   ] GC(1420)   Evacuate Collection Set: 0.4ms
[21.570s][info   ][gc,phases   ] GC(1420)   Post Evacuate Collection Set: 0.7ms
[21.570s][info   ][gc,phases   ] GC(1420)   Other: 0.2ms
[21.570s][info   ][gc,heap     ] GC(1420) Eden regions: 0->0(1006)
[21.570s][info   ][gc,heap     ] GC(1420) Survivor regions: 0->0(123)
[21.570s][info   ][gc,heap     ] GC(1420) Old regions: 1->1
[21.570s][info   ][gc,heap     ] GC(1420) Archive regions: 2->2
[21.570s][info   ][gc,heap     ] GC(1420) Humongous regions: 932->750
[21.570s][info   ][gc,metaspace] GC(1420) Metaspace: 158K(384K)->158K(384K) NonClass: 150K(256K)->150K(256K) Class: 8K(128K)->8K(128K)
[21.570s][info   ][gc          ] GC(1420) Pause Young (Concurrent Start) (G1 Humongous Allocation) 933M->751M(2048M) 1.737ms
[21.570s][info   ][gc,cpu      ] GC(1420) User=0.00s Sys=0.01s Real=0.00s
[21.571s][info   ][gc          ] GC(1421) Concurrent Undo Cycle
[21.571s][info   ][gc,marking  ] GC(1421) Concurrent Cleanup for Next Mark
[21.586s][info   ][gc,marking  ] GC(1421) Concurrent Cleanup for Next Mark 15.062ms
[21.586s][info   ][gc          ] GC(1421) Concurrent Undo Cycle 15.280ms
[21.586s][info   ][gc,start    ] GC(1422) Pause Young (Concurrent Start) (G1 Humongous Allocation)
[21.587s][info   ][gc,task     ] GC(1422) Using 4 workers of 4 for evacuation
[21.588s][info   ][gc,phases   ] GC(1422)   Pre Evacuate Collection Set: 0.2ms
[21.588s][info   ][gc,phases   ] GC(1422)   Merge Heap Roots: 0.1ms
[21.588s][info   ][gc,phases   ] GC(1422)   Evacuate Collection Set: 0.3ms
[21.588s][info   ][gc,phases   ] GC(1422)   Post Evacuate Collection Set: 0.4ms
[21.588s][info   ][gc,phases   ] GC(1422)   Other: 0.2ms
[21.588s][info   ][gc,heap     ] GC(1422) Eden regions: 0->0(980)
[21.588s][info   ][gc,heap     ] GC(1422) Survivor regions: 0->0(126)
[21.588s][info   ][gc,heap     ] GC(1422) Old regions: 1->1
[21.588s][info   ][gc,heap     ] GC(1422) Archive regions: 2->2
[21.588s][info   ][gc,heap     ] GC(1422) Humongous regions: 918->778
[21.588s][info   ][gc,metaspace] GC(1422) Metaspace: 158K(384K)->158K(384K) NonClass: 150K(256K)->150K(256K) Class: 8K(128K)->8K(128K)
[21.588s][info   ][gc          ] GC(1422) Pause Young (Concurrent Start) (G1 Humongous Allocation) 919M->779M(2048M) 1.256ms
[21.588s][info   ][gc,cpu      ] GC(1422) User=0.01s Sys=0.00s Real=0.00s
[21.588s][info   ][gc          ] GC(1423) Concurrent Undo Cycle
[21.588s][info   ][gc,marking  ] GC(1423) Concurrent Cleanup for Next Mark
[21.602s][info   ][gc,marking  ] GC(1423) Concurrent Cleanup for Next Mark 14.288ms
[21.602s][info   ][gc          ] GC(1423) Concurrent Undo Cycle 14.483ms
[21.603s][info   ][gc,start    ] GC(1424) Pause Young (Concurrent Start) (G1 Humongous Allocation)
[21.603s][info   ][gc,task     ] GC(1424) Using 4 workers of 4 for evacuation
[21.604s][info   ][gc,phases   ] GC(1424)   Pre Evacuate Collection Set: 0.2ms
[21.604s][info   ][gc,phases   ] GC(1424)   Merge Heap Roots: 0.1ms
[21.604s][info   ][gc,phases   ] GC(1424)   Evacuate Collection Set: 0.2ms
[21.604s][info   ][gc,phases   ] GC(1424)   Post Evacuate Collection Set: 0.5ms
[21.604s][info   ][gc,phases   ] GC(1424)   Other: 0.2ms
[21.604s][info   ][gc,heap     ] GC(1424) Eden regions: 0->0(982)
[21.604s][info   ][gc,heap     ] GC(1424) Survivor regions: 0->0(123)
[21.604s][info   ][gc,heap     ] GC(1424) Old regions: 1->1
[21.604s][info   ][gc,heap     ] GC(1424) Archive regions: 2->2
[21.604s][info   ][gc,heap     ] GC(1424) Humongous regions: 942->776
[21.604s][info   ][gc,metaspace] GC(1424) Metaspace: 158K(384K)->158K(384K) NonClass: 150K(256K)->150K(256K) Class: 8K(128K)->8K(128K)
[21.604s][info   ][gc          ] GC(1424) Pause Young (Concurrent Start) (G1 Humongous Allocation) 943M->777M(2048M) 1.332ms
[21.604s][info   ][gc,cpu      ] GC(1424) User=0.00s Sys=0.00s Real=0.00s
[21.604s][info   ][gc          ] GC(1425) Concurrent Undo Cycle
[21.604s][info   ][gc,marking  ] GC(1425) Concurrent Cleanup for Next Mark
[21.613s][info   ][gc,marking  ] GC(1425) Concurrent Cleanup for Next Mark 8.893ms
[21.613s][info   ][gc          ] GC(1425) Concurrent Undo Cycle 9.064ms
[21.618s][info   ][gc,start    ] GC(1426) Pause Young (Concurrent Start) (G1 Humongous Allocation)
[21.618s][info   ][gc,task     ] GC(1426) Using 4 workers of 4 for evacuation
[21.619s][info   ][gc,phases   ] GC(1426)   Pre Evacuate Collection Set: 0.2ms
[21.619s][info   ][gc,phases   ] GC(1426)   Merge Heap Roots: 0.2ms
[21.619s][info   ][gc,phases   ] GC(1426)   Evacuate Collection Set: 0.3ms
[21.619s][info   ][gc,phases   ] GC(1426)   Post Evacuate Collection Set: 0.4ms
[21.619s][info   ][gc,phases   ] GC(1426)   Other: 0.2ms
[21.619s][info   ][gc,heap     ] GC(1426) Eden regions: 0->0(969)
[21.619s][info   ][gc,heap     ] GC(1426) Survivor regions: 0->0(123)
[21.619s][info   ][gc,heap     ] GC(1426) Old regions: 1->1
[21.619s][info   ][gc,heap     ] GC(1426) Archive regions: 2->2
[21.619s][info   ][gc,heap     ] GC(1426) Humongous regions: 918->790
[21.619s][info   ][gc,metaspace] GC(1426) Metaspace: 158K(384K)->158K(384K) NonClass: 150K(256K)->150K(256K) Class: 8K(128K)->8K(128K)
[21.619s][info   ][gc          ] GC(1426) Pause Young (Concurrent Start) (G1 Humongous Allocation) 919M->791M(2048M) 1.390ms
[21.619s][info   ][gc,cpu      ] GC(1426) User=0.00s Sys=0.00s Real=0.01s
[21.619s][info   ][gc          ] GC(1427) Concurrent Undo Cycle
[21.619s][info   ][gc,marking  ] GC(1427) Concurrent Cleanup for Next Mark
[21.629s][info   ][gc,marking  ] GC(1427) Concurrent Cleanup for Next Mark 9.879ms
[21.629s][info   ][gc          ] GC(1427) Concurrent Undo Cycle 10.112ms
[21.631s][info   ][gc,start    ] GC(1428) Pause Young (Concurrent Start) (G1 Humongous Allocation)
[21.631s][info   ][gc,task     ] GC(1428) Using 4 workers of 4 for evacuation
[21.633s][info   ][gc,phases   ] GC(1428)   Pre Evacuate Collection Set: 0.2ms
[21.633s][info   ][gc,phases   ] GC(1428)   Merge Heap Roots: 0.1ms
[21.633s][info   ][gc,phases   ] GC(1428)   Evacuate Collection Set: 0.3ms
[21.633s][info   ][gc,phases   ] GC(1428)   Post Evacuate Collection Set: 0.4ms
[21.633s][info   ][gc,phases   ] GC(1428)   Other: 0.2ms
[21.633s][info   ][gc,heap     ] GC(1428) Eden regions: 0->0(923)
[21.633s][info   ][gc,heap     ] GC(1428) Survivor regions: 0->0(122)
[21.633s][info   ][gc,heap     ] GC(1428) Old regions: 1->1
[21.633s][info   ][gc,heap     ] GC(1428) Archive regions: 2->2
[21.633s][info   ][gc,heap     ] GC(1428) Humongous regions: 918->840
[21.633s][info   ][gc,metaspace] GC(1428) Metaspace: 158K(384K)->158K(384K) NonClass: 150K(256K)->150K(256K) Class: 8K(128K)->8K(128K)
[21.633s][info   ][gc          ] GC(1428) Pause Young (Concurrent Start) (G1 Humongous Allocation) 919M->841M(2048M) 1.295ms
[21.633s][info   ][gc,cpu      ] GC(1428) User=0.01s Sys=0.00s Real=0.00s
[21.633s][info   ][gc          ] GC(1429) Concurrent Undo Cycle
[21.633s][info   ][gc,marking  ] GC(1429) Concurrent Cleanup for Next Mark
[21.648s][info   ][gc,marking  ] GC(1429) Concurrent Cleanup for Next Mark 15.124ms
[21.648s][info   ][gc          ] GC(1429) Concurrent Undo Cycle 15.381ms
[21.649s][info   ][gc,start    ] GC(1430) Pause Young (Concurrent Start) (G1 Humongous Allocation)
[21.649s][info   ][gc,task     ] GC(1430) Using 4 workers of 4 for evacuation
[21.650s][info   ][gc,phases   ] GC(1430)   Pre Evacuate Collection Set: 0.2ms
[21.650s][info   ][gc,phases   ] GC(1430)   Merge Heap Roots: 0.1ms
[21.650s][info   ][gc,phases   ] GC(1430)   Evacuate Collection Set: 0.3ms
[21.650s][info   ][gc,phases   ] GC(1430)   Post Evacuate Collection Set: 0.5ms
[21.650s][info   ][gc,phases   ] GC(1430)   Other: 0.2ms
[21.650s][info   ][gc,heap     ] GC(1430) Eden regions: 0->0(929)
[21.650s][info   ][gc,heap     ] GC(1430) Survivor regions: 0->0(116)
[21.650s][info   ][gc,heap     ] GC(1430) Old regions: 1->1
[21.650s][info   ][gc,heap     ] GC(1430) Archive regions: 2->2
[21.650s][info   ][gc,heap     ] GC(1430) Humongous regions: 1034->834
[21.650s][info   ][gc,metaspace] GC(1430) Metaspace: 158K(384K)->158K(384K) NonClass: 150K(256K)->150K(256K) Class: 8K(128K)->8K(128K)
[21.650s][info   ][gc          ] GC(1430) Pause Young (Concurrent Start) (G1 Humongous Allocation) 1035M->835M(2048M) 1.381ms
[21.650s][info   ][gc,cpu      ] GC(1430) User=0.00s Sys=0.00s Real=0.00s
[21.650s][info   ][gc          ] GC(1431) Concurrent Undo Cycle
[21.650s][info   ][gc,marking  ] GC(1431) Concurrent Cleanup for Next Mark
[21.661s][info   ][gc,marking  ] GC(1431) Concurrent Cleanup for Next Mark 10.329ms
[21.661s][info   ][gc          ] GC(1431) Concurrent Undo Cycle 10.461ms
[21.662s][info   ][gc,start    ] GC(1432) Pause Young (Concurrent Start) (G1 Humongous Allocation)
[21.662s][info   ][gc,task     ] GC(1432) Using 4 workers of 4 for evacuation
[21.663s][info   ][gc,phases   ] GC(1432)   Pre Evacuate Collection Set: 0.3ms
[21.663s][info   ][gc,phases   ] GC(1432)   Merge Heap Roots: 0.2ms
[21.663s][info   ][gc,phases   ] GC(1432)   Evacuate Collection Set: 0.4ms
[21.663s][info   ][gc,phases   ] GC(1432)   Post Evacuate Collection Set: 0.4ms
[21.663s][info   ][gc,phases   ] GC(1432)   Other: 0.2ms
[21.663s][info   ][gc,heap     ] GC(1432) Eden regions: 0->0(929)
[21.663s][info   ][gc,heap     ] GC(1432) Survivor regions: 0->0(117)
[21.663s][info   ][gc,heap     ] GC(1432) Old regions: 1->1
[21.663s][info   ][gc,heap     ] GC(1432) Archive regions: 2->2
[21.663s][info   ][gc,heap     ] GC(1432) Humongous regions: 936->834
[21.663s][info   ][gc,metaspace] GC(1432) Metaspace: 158K(384K)->158K(384K) NonClass: 150K(256K)->150K(256K) Class: 8K(128K)->8K(128K)
[21.663s][info   ][gc          ] GC(1432) Pause Young (Concurrent Start) (G1 Humongous Allocation) 937M->835M(2048M) 1.620ms
[21.663s][info   ][gc,cpu      ] GC(1432) User=0.00s Sys=0.01s Real=0.00s
[21.663s][info   ][gc          ] GC(1433) Concurrent Undo Cycle
[21.663s][info   ][gc,marking  ] GC(1433) Concurrent Cleanup for Next Mark
[21.674s][info   ][gc,marking  ] GC(1433) Concurrent Cleanup for Next Mark 10.206ms
[21.674s][info   ][gc          ] GC(1433) Concurrent Undo Cycle 10.423ms
[21.674s][info   ][gc,start    ] GC(1434) Pause Young (Concurrent Start) (G1 Humongous Allocation)
[21.674s][info   ][gc,task     ] GC(1434) Using 4 workers of 4 for evacuation
[21.675s][info   ][gc,phases   ] GC(1434)   Pre Evacuate Collection Set: 0.2ms
[21.676s][info   ][gc,phases   ] GC(1434)   Merge Heap Roots: 0.1ms
[21.676s][info   ][gc,phases   ] GC(1434)   Evacuate Collection Set: 0.2ms
[21.676s][info   ][gc,phases   ] GC(1434)   Post Evacuate Collection Set: 0.3ms
[21.676s][info   ][gc,phases   ] GC(1434)   Other: 0.2ms
[21.676s][info   ][gc,heap     ] GC(1434) Eden regions: 0->0(919)
[21.676s][info   ][gc,heap     ] GC(1434) Survivor regions: 0->0(117)
[21.676s][info   ][gc,heap     ] GC(1434) Old regions: 1->1
[21.676s][info   ][gc,heap     ] GC(1434) Archive regions: 2->2
[21.676s][info   ][gc,heap     ] GC(1434) Humongous regions: 950->844
[21.676s][info   ][gc,metaspace] GC(1434) Metaspace: 158K(384K)->158K(384K) NonClass: 150K(256K)->150K(256K) Class: 8K(128K)->8K(128K)
[21.676s][info   ][gc          ] GC(1434) Pause Young (Concurrent Start) (G1 Humongous Allocation) 951M->845M(2048M) 1.147ms
[21.676s][info   ][gc,cpu      ] GC(1434) User=0.00s Sys=0.00s Real=0.00s
[21.676s][info   ][gc          ] GC(1435) Concurrent Undo Cycle
[21.676s][info   ][gc,marking  ] GC(1435) Concurrent Cleanup for Next Mark
[21.689s][info   ][gc,marking  ] GC(1435) Concurrent Cleanup for Next Mark 13.325ms
[21.689s][info   ][gc          ] GC(1435) Concurrent Undo Cycle 13.532ms
[21.690s][info   ][gc,start    ] GC(1436) Pause Young (Concurrent Start) (G1 Humongous Allocation)
[21.690s][info   ][gc,task     ] GC(1436) Using 4 workers of 4 for evacuation
[21.691s][info   ][gc,phases   ] GC(1436)   Pre Evacuate Collection Set: 0.2ms
[21.691s][info   ][gc,phases   ] GC(1436)   Merge Heap Roots: 0.1ms
[21.691s][info   ][gc,phases   ] GC(1436)   Evacuate Collection Set: 0.3ms
[21.691s][info   ][gc,phases   ] GC(1436)   Post Evacuate Collection Set: 0.4ms
[21.691s][info   ][gc,phases   ] GC(1436)   Other: 0.2ms
[21.691s][info   ][gc,heap     ] GC(1436) Eden regions: 0->0(923)
[21.691s][info   ][gc,heap     ] GC(1436) Survivor regions: 0->0(115)
[21.691s][info   ][gc,heap     ] GC(1436) Old regions: 1->1
[21.691s][info   ][gc,heap     ] GC(1436) Archive regions: 2->2
[21.691s][info   ][gc,heap     ] GC(1436) Humongous regions: 996->840
[21.691s][info   ][gc,metaspace] GC(1436) Metaspace: 158K(384K)->158K(384K) NonClass: 150K(256K)->150K(256K) Class: 8K(128K)->8K(128K)
[21.691s][info   ][gc          ] GC(1436) Pause Young (Concurrent Start) (G1 Humongous Allocation) 997M->841M(2048M) 1.202ms
[21.691s][info   ][gc,cpu      ] GC(1436) User=0.01s Sys=0.00s Real=0.00s
[21.691s][info   ][gc          ] GC(1437) Concurrent Undo Cycle
[21.691s][info   ][gc,marking  ] GC(1437) Concurrent Cleanup for Next Mark
[21.707s][info   ][gc,marking  ] GC(1437) Concurrent Cleanup for Next Mark 15.168ms
[21.707s][info   ][gc          ] GC(1437) Concurrent Undo Cycle 15.441ms
[21.708s][info   ][gc,start    ] GC(1438) Pause Young (Concurrent Start) (G1 Humongous Allocation)
[21.708s][info   ][gc,task     ] GC(1438) Using 4 workers of 4 for evacuation
[21.709s][info   ][gc,phases   ] GC(1438)   Pre Evacuate Collection Set: 0.1ms
[21.709s][info   ][gc,phases   ] GC(1438)   Merge Heap Roots: 0.1ms
[21.709s][info   ][gc,phases   ] GC(1438)   Evacuate Collection Set: 0.2ms
[21.709s][info   ][gc,phases   ] GC(1438)   Post Evacuate Collection Set: 0.4ms
[21.709s][info   ][gc,phases   ] GC(1438)   Other: 0.2ms
[21.709s][info   ][gc,heap     ] GC(1438) Eden regions: 0->0(910)
[21.709s][info   ][gc,heap     ] GC(1438) Survivor regions: 0->0(116)
[21.709s][info   ][gc,heap     ] GC(1438) Old regions: 1->1
[21.709s][info   ][gc,heap     ] GC(1438) Archive regions: 2->2
[21.709s][info   ][gc,heap     ] GC(1438) Humongous regions: 1028->854
[21.709s][info   ][gc,metaspace] GC(1438) Metaspace: 158K(384K)->158K(384K) NonClass: 150K(256K)->150K(256K) Class: 8K(128K)->8K(128K)
[21.709s][info   ][gc          ] GC(1438) Pause Young (Concurrent Start) (G1 Humongous Allocation) 1029M->855M(2048M) 1.035ms
[21.709s][info   ][gc,cpu      ] GC(1438) User=0.00s Sys=0.00s Real=0.01s
[21.709s][info   ][gc          ] GC(1439) Concurrent Undo Cycle
[21.709s][info   ][gc,marking  ] GC(1439) Concurrent Cleanup for Next Mark
[21.720s][info   ][gc,marking  ] GC(1439) Concurrent Cleanup for Next Mark 10.666ms
[21.720s][info   ][gc          ] GC(1439) Concurrent Undo Cycle 10.838ms
[21.721s][info   ][gc,start    ] GC(1440) Pause Young (Concurrent Start) (G1 Humongous Allocation)
[21.721s][info   ][gc,task     ] GC(1440) Using 4 workers of 4 for evacuation
[21.722s][info   ][gc,phases   ] GC(1440)   Pre Evacuate Collection Set: 0.2ms
[21.722s][info   ][gc,phases   ] GC(1440)   Merge Heap Roots: 0.1ms
[21.722s][info   ][gc,phases   ] GC(1440)   Evacuate Collection Set: 0.3ms
[21.722s][info   ][gc,phases   ] GC(1440)   Post Evacuate Collection Set: 0.3ms
[21.722s][info   ][gc,phases   ] GC(1440)   Other: 0.2ms
[21.722s][info   ][gc,heap     ] GC(1440) Eden regions: 0->0(903)
[21.722s][info   ][gc,heap     ] GC(1440) Survivor regions: 0->0(114)
[21.722s][info   ][gc,heap     ] GC(1440) Old regions: 1->1
[21.722s][info   ][gc,heap     ] GC(1440) Archive regions: 2->2
[21.722s][info   ][gc,heap     ] GC(1440) Humongous regions: 962->862
[21.722s][info   ][gc,metaspace] GC(1440) Metaspace: 158K(384K)->158K(384K) NonClass: 150K(256K)->150K(256K) Class: 8K(128K)->8K(128K)
[21.722s][info   ][gc          ] GC(1440) Pause Young (Concurrent Start) (G1 Humongous Allocation) 963M->863M(2048M) 1.119ms
[21.722s][info   ][gc,cpu      ] GC(1440) User=0.00s Sys=0.00s Real=0.00s
[21.722s][info   ][gc          ] GC(1441) Concurrent Undo Cycle
[21.722s][info   ][gc,marking  ] GC(1441) Concurrent Cleanup for Next Mark
[21.731s][info   ][gc,marking  ] GC(1441) Concurrent Cleanup for Next Mark 9.072ms
[21.731s][info   ][gc          ] GC(1441) Concurrent Undo Cycle 9.236ms
[21.732s][info   ][gc,start    ] GC(1442) Pause Young (Concurrent Start) (G1 Humongous Allocation)
[21.732s][info   ][gc,task     ] GC(1442) Using 4 workers of 4 for evacuation
[21.733s][info   ][gc,phases   ] GC(1442)   Pre Evacuate Collection Set: 0.1ms
[21.733s][info   ][gc,phases   ] GC(1442)   Merge Heap Roots: 0.1ms
[21.733s][info   ][gc,phases   ] GC(1442)   Evacuate Collection Set: 0.3ms
[21.733s][info   ][gc,phases   ] GC(1442)   Post Evacuate Collection Set: 0.3ms
[21.733s][info   ][gc,phases   ] GC(1442)   Other: 0.2ms
[21.733s][info   ][gc,heap     ] GC(1442) Eden regions: 0->0(908)
[21.733s][info   ][gc,heap     ] GC(1442) Survivor regions: 0->0(113)
[21.733s][info   ][gc,heap     ] GC(1442) Old regions: 1->1
[21.733s][info   ][gc,heap     ] GC(1442) Archive regions: 2->2
[21.733s][info   ][gc,heap     ] GC(1442) Humongous regions: 938->856
[21.733s][info   ][gc,metaspace] GC(1442) Metaspace: 158K(384K)->158K(384K) NonClass: 150K(256K)->150K(256K) Class: 8K(128K)->8K(128K)
[21.733s][info   ][gc          ] GC(1442) Pause Young (Concurrent Start) (G1 Humongous Allocation) 939M->857M(2048M) 1.072ms
[21.733s][info   ][gc,cpu      ] GC(1442) User=0.00s Sys=0.00s Real=0.00s
[21.733s][info   ][gc          ] GC(1443) Concurrent Undo Cycle
[21.733s][info   ][gc,marking  ] GC(1443) Concurrent Cleanup for Next Mark
[21.743s][info   ][gc,marking  ] GC(1443) Concurrent Cleanup for Next Mark 10.223ms
[21.743s][info   ][gc          ] GC(1443) Concurrent Undo Cycle 10.341ms
[21.744s][info   ][gc,start    ] GC(1444) Pause Young (Concurrent Start) (G1 Humongous Allocation)
[21.744s][info   ][gc,task     ] GC(1444) Using 4 workers of 4 for evacuation
[21.745s][info   ][gc,phases   ] GC(1444)   Pre Evacuate Collection Set: 0.1ms
[21.745s][info   ][gc,phases   ] GC(1444)   Merge Heap Roots: 0.1ms
[21.745s][info   ][gc,phases   ] GC(1444)   Evacuate Collection Set: 0.2ms
[21.745s][info   ][gc,phases   ] GC(1444)   Post Evacuate Collection Set: 0.3ms
[21.745s][info   ][gc,phases   ] GC(1444)   Other: 0.2ms
[21.745s][info   ][gc,heap     ] GC(1444) Eden regions: 0->0(906)
[21.745s][info   ][gc,heap     ] GC(1444) Survivor regions: 0->0(114)
[21.745s][info   ][gc,heap     ] GC(1444) Old regions: 1->1
[21.745s][info   ][gc,heap     ] GC(1444) Archive regions: 2->2
[21.745s][info   ][gc,heap     ] GC(1444) Humongous regions: 970->858
[21.745s][info   ][gc,metaspace] GC(1444) Metaspace: 158K(384K)->158K(384K) NonClass: 150K(256K)->150K(256K) Class: 8K(128K)->8K(128K)
[21.745s][info   ][gc          ] GC(1444) Pause Young (Concurrent Start) (G1 Humongous Allocation) 971M->859M(2048M) 1.047ms
[21.745s][info   ][gc,cpu      ] GC(1444) User=0.00s Sys=0.00s Real=0.00s
[21.745s][info   ][gc          ] GC(1445) Concurrent Undo Cycle
[21.745s][info   ][gc,marking  ] GC(1445) Concurrent Cleanup for Next Mark
[21.761s][info   ][gc,marking  ] GC(1445) Concurrent Cleanup for Next Mark 16.003ms
[21.761s][info   ][gc          ] GC(1445) Concurrent Undo Cycle 16.742ms
[21.763s][info   ][gc,start    ] GC(1446) Pause Young (Concurrent Start) (G1 Humongous Allocation)
[21.763s][info   ][gc,task     ] GC(1446) Using 4 workers of 4 for evacuation
[21.766s][info   ][gc,phases   ] GC(1446)   Pre Evacuate Collection Set: 0.3ms
[21.766s][info   ][gc,phases   ] GC(1446)   Merge Heap Roots: 0.1ms
[21.766s][info   ][gc,phases   ] GC(1446)   Evacuate Collection Set: 1.2ms
[21.766s][info   ][gc,phases   ] GC(1446)   Post Evacuate Collection Set: 1.4ms
[21.766s][info   ][gc,phases   ] GC(1446)   Other: 0.2ms
[21.766s][info   ][gc,heap     ] GC(1446) Eden regions: 0->0(918)
[21.766s][info   ][gc,heap     ] GC(1446) Survivor regions: 0->0(114)
[21.766s][info   ][gc,heap     ] GC(1446) Old regions: 1->1
[21.766s][info   ][gc,heap     ] GC(1446) Archive regions: 2->2
[21.766s][info   ][gc,heap     ] GC(1446) Humongous regions: 1038->846
[21.766s][info   ][gc,metaspace] GC(1446) Metaspace: 158K(384K)->158K(384K) NonClass: 150K(256K)->150K(256K) Class: 8K(128K)->8K(128K)
[21.766s][info   ][gc          ] GC(1446) Pause Young (Concurrent Start) (G1 Humongous Allocation) 1039M->847M(2048M) 3.377ms
[21.766s][info   ][gc,cpu      ] GC(1446) User=0.00s Sys=0.00s Real=0.00s
[21.766s][info   ][gc          ] GC(1447) Concurrent Undo Cycle
[21.766s][info   ][gc,marking  ] GC(1447) Concurrent Cleanup for Next Mark
[21.782s][info   ][gc,marking  ] GC(1447) Concurrent Cleanup for Next Mark 16.132ms
[21.783s][info   ][gc          ] GC(1447) Concurrent Undo Cycle 16.357ms
[21.784s][info   ][gc,start    ] GC(1448) Pause Young (Concurrent Start) (G1 Humongous Allocation)
[21.784s][info   ][gc,task     ] GC(1448) Using 4 workers of 4 for evacuation
[21.786s][info   ][gc,phases   ] GC(1448)   Pre Evacuate Collection Set: 0.5ms
[21.786s][info   ][gc,phases   ] GC(1448)   Merge Heap Roots: 0.2ms
[21.786s][info   ][gc,phases   ] GC(1448)   Evacuate Collection Set: 0.5ms
[21.786s][info   ][gc,phases   ] GC(1448)   Post Evacuate Collection Set: 0.6ms
[21.786s][info   ][gc,phases   ] GC(1448)   Other: 0.2ms
[21.786s][info   ][gc,heap     ] GC(1448) Eden regions: 0->0(934)
[21.786s][info   ][gc,heap     ] GC(1448) Survivor regions: 0->0(115)
[21.786s][info   ][gc,heap     ] GC(1448) Old regions: 1->1
[21.786s][info   ][gc,heap     ] GC(1448) Archive regions: 2->2
[21.786s][info   ][gc,heap     ] GC(1448) Humongous regions: 1010->828
[21.786s][info   ][gc,metaspace] GC(1448) Metaspace: 158K(384K)->158K(384K) NonClass: 150K(256K)->150K(256K) Class: 8K(128K)->8K(128K)
[21.786s][info   ][gc          ] GC(1448) Pause Young (Concurrent Start) (G1 Humongous Allocation) 1011M->829M(2048M) 2.121ms
[21.786s][info   ][gc,cpu      ] GC(1448) User=0.00s Sys=0.00s Real=0.00s
[21.786s][info   ][gc          ] GC(1449) Concurrent Undo Cycle
[21.786s][info   ][gc,marking  ] GC(1449) Concurrent Cleanup for Next Mark
[21.805s][info   ][gc,marking  ] GC(1449) Concurrent Cleanup for Next Mark 18.905ms
[21.805s][info   ][gc          ] GC(1449) Concurrent Undo Cycle 19.262ms
[21.806s][info   ][gc,start    ] GC(1450) Pause Young (Concurrent Start) (G1 Humongous Allocation)
[21.806s][info   ][gc,task     ] GC(1450) Using 4 workers of 4 for evacuation
[21.809s][info   ][gc,phases   ] GC(1450)   Pre Evacuate Collection Set: 0.3ms
[21.809s][info   ][gc,phases   ] GC(1450)   Merge Heap Roots: 0.2ms
[21.809s][info   ][gc,phases   ] GC(1450)   Evacuate Collection Set: 0.4ms
[21.809s][info   ][gc,phases   ] GC(1450)   Post Evacuate Collection Set: 1.0ms
[21.809s][info   ][gc,phases   ] GC(1450)   Other: 0.3ms
[21.809s][info   ][gc,heap     ] GC(1450) Eden regions: 0->0(934)
[21.809s][info   ][gc,heap     ] GC(1450) Survivor regions: 0->0(117)
[21.809s][info   ][gc,heap     ] GC(1450) Old regions: 1->1
[21.809s][info   ][gc,heap     ] GC(1450) Archive regions: 2->2
[21.809s][info   ][gc,heap     ] GC(1450) Humongous regions: 1026->828
[21.809s][info   ][gc,metaspace] GC(1450) Metaspace: 158K(384K)->158K(384K) NonClass: 150K(256K)->150K(256K) Class: 8K(128K)->8K(128K)
[21.809s][info   ][gc          ] GC(1450) Pause Young (Concurrent Start) (G1 Humongous Allocation) 1027M->829M(2048M) 2.277ms
[21.809s][info   ][gc,cpu      ] GC(1450) User=0.00s Sys=0.00s Real=0.01s
[21.809s][info   ][gc          ] GC(1451) Concurrent Undo Cycle
[21.809s][info   ][gc,marking  ] GC(1451) Concurrent Cleanup for Next Mark
[21.820s][info   ][gc,marking  ] GC(1451) Concurrent Cleanup for Next Mark 11.343ms
[21.820s][info   ][gc          ] GC(1451) Concurrent Undo Cycle 11.488ms
[21.821s][info   ][gc,start    ] GC(1452) Pause Young (Concurrent Start) (G1 Humongous Allocation)
[21.821s][info   ][gc,task     ] GC(1452) Using 4 workers of 4 for evacuation
[21.823s][info   ][gc,phases   ] GC(1452)   Pre Evacuate Collection Set: 0.3ms
[21.823s][info   ][gc,phases   ] GC(1452)   Merge Heap Roots: 0.1ms
[21.823s][info   ][gc,phases   ] GC(1452)   Evacuate Collection Set: 0.6ms
[21.823s][info   ][gc,phases   ] GC(1452)   Post Evacuate Collection Set: 0.5ms
[21.823s][info   ][gc,phases   ] GC(1452)   Other: 0.3ms
[21.823s][info   ][gc,heap     ] GC(1452) Eden regions: 0->0(934)
[21.823s][info   ][gc,heap     ] GC(1452) Survivor regions: 0->0(117)
[21.823s][info   ][gc,heap     ] GC(1452) Old regions: 1->1
[21.823s][info   ][gc,heap     ] GC(1452) Archive regions: 2->2
[21.823s][info   ][gc,heap     ] GC(1452) Humongous regions: 930->828
[21.823s][info   ][gc,metaspace] GC(1452) Metaspace: 158K(384K)->158K(384K) NonClass: 150K(256K)->150K(256K) Class: 8K(128K)->8K(128K)
[21.823s][info   ][gc          ] GC(1452) Pause Young (Concurrent Start) (G1 Humongous Allocation) 931M->829M(2048M) 1.922ms
[21.823s][info   ][gc,cpu      ] GC(1452) User=0.00s Sys=0.00s Real=0.00s
[21.823s][info   ][gc          ] GC(1453) Concurrent Undo Cycle
[21.823s][info   ][gc,marking  ] GC(1453) Concurrent Cleanup for Next Mark
[21.843s][info   ][gc,marking  ] GC(1453) Concurrent Cleanup for Next Mark 20.472ms
[21.844s][info   ][gc          ] GC(1453) Concurrent Undo Cycle 20.812ms
[21.849s][info   ][gc,start    ] GC(1454) Pause Young (Concurrent Start) (G1 Humongous Allocation)
[21.849s][info   ][gc,task     ] GC(1454) Using 4 workers of 4 for evacuation
[21.855s][info   ][gc,phases   ] GC(1454)   Pre Evacuate Collection Set: 0.4ms
[21.855s][info   ][gc,phases   ] GC(1454)   Merge Heap Roots: 0.1ms
[21.855s][info   ][gc,phases   ] GC(1454)   Evacuate Collection Set: 3.8ms
[21.855s][info   ][gc,phases   ] GC(1454)   Post Evacuate Collection Set: 1.4ms
[21.855s][info   ][gc,phases   ] GC(1454)   Other: 0.3ms
[21.855s][info   ][gc,heap     ] GC(1454) Eden regions: 0->0(919)
[21.855s][info   ][gc,heap     ] GC(1454) Survivor regions: 0->0(117)
[21.855s][info   ][gc,heap     ] GC(1454) Old regions: 1->1
[21.855s][info   ][gc,heap     ] GC(1454) Archive regions: 2->2
[21.855s][info   ][gc,heap     ] GC(1454) Humongous regions: 1014->844
[21.855s][info   ][gc,metaspace] GC(1454) Metaspace: 158K(384K)->158K(384K) NonClass: 150K(256K)->150K(256K) Class: 8K(128K)->8K(128K)
[21.855s][info   ][gc          ] GC(1454) Pause Young (Concurrent Start) (G1 Humongous Allocation) 1015M->845M(2048M) 6.291ms
[21.855s][info   ][gc,cpu      ] GC(1454) User=0.00s Sys=0.00s Real=0.00s
[21.855s][info   ][gc          ] GC(1455) Concurrent Undo Cycle
[21.855s][info   ][gc,marking  ] GC(1455) Concurrent Cleanup for Next Mark
[21.868s][info   ][gc,marking  ] GC(1455) Concurrent Cleanup for Next Mark 13.231ms
[21.869s][info   ][gc          ] GC(1455) Concurrent Undo Cycle 13.463ms
[21.869s][info   ][gc,start    ] GC(1456) Pause Young (Concurrent Start) (G1 Humongous Allocation)
[21.869s][info   ][gc,task     ] GC(1456) Using 4 workers of 4 for evacuation
[21.871s][info   ][gc,phases   ] GC(1456)   Pre Evacuate Collection Set: 0.3ms
[21.871s][info   ][gc,phases   ] GC(1456)   Merge Heap Roots: 0.1ms
[21.871s][info   ][gc,phases   ] GC(1456)   Evacuate Collection Set: 0.5ms
[21.871s][info   ][gc,phases   ] GC(1456)   Post Evacuate Collection Set: 0.7ms
[21.871s][info   ][gc,phases   ] GC(1456)   Other: 0.2ms
[21.871s][info   ][gc,heap     ] GC(1456) Eden regions: 0->0(873)
[21.871s][info   ][gc,heap     ] GC(1456) Survivor regions: 0->0(115)
[21.871s][info   ][gc,heap     ] GC(1456) Old regions: 1->1
[21.871s][info   ][gc,heap     ] GC(1456) Archive regions: 2->2
[21.871s][info   ][gc,heap     ] GC(1456) Humongous regions: 952->894
[21.871s][info   ][gc,metaspace] GC(1456) Metaspace: 158K(384K)->158K(384K) NonClass: 150K(256K)->150K(256K) Class: 8K(128K)->8K(128K)
[21.871s][info   ][gc          ] GC(1456) Pause Young (Concurrent Start) (G1 Humongous Allocation) 953M->895M(2048M) 2.148ms
[21.871s][info   ][gc,cpu      ] GC(1456) User=0.00s Sys=0.00s Real=0.00s
[21.871s][info   ][gc          ] GC(1457) Concurrent Undo Cycle
[21.871s][info   ][gc,marking  ] GC(1457) Concurrent Cleanup for Next Mark
[21.885s][info   ][gc,marking  ] GC(1457) Concurrent Cleanup for Next Mark 14.135ms
[21.885s][info   ][gc          ] GC(1457) Concurrent Undo Cycle 14.411ms
[21.887s][info   ][gc,start    ] GC(1458) Pause Young (Concurrent Start) (G1 Humongous Allocation)
[21.887s][info   ][gc,task     ] GC(1458) Using 4 workers of 4 for evacuation
[21.890s][info   ][gc,phases   ] GC(1458)   Pre Evacuate Collection Set: 0.6ms
[21.890s][info   ][gc,phases   ] GC(1458)   Merge Heap Roots: 0.2ms
[21.890s][info   ][gc,phases   ] GC(1458)   Evacuate Collection Set: 0.6ms
[21.890s][info   ][gc,phases   ] GC(1458)   Post Evacuate Collection Set: 0.9ms
[21.890s][info   ][gc,phases   ] GC(1458)   Other: 0.2ms
[21.890s][info   ][gc,heap     ] GC(1458) Eden regions: 0->0(886)
[21.890s][info   ][gc,heap     ] GC(1458) Survivor regions: 0->0(110)
[21.890s][info   ][gc,heap     ] GC(1458) Old regions: 1->1
[21.890s][info   ][gc,heap     ] GC(1458) Archive regions: 2->2
[21.890s][info   ][gc,heap     ] GC(1458) Humongous regions: 1050->880
[21.890s][info   ][gc,metaspace] GC(1458) Metaspace: 158K(384K)->158K(384K) NonClass: 150K(256K)->150K(256K) Class: 8K(128K)->8K(128K)
[21.890s][info   ][gc          ] GC(1458) Pause Young (Concurrent Start) (G1 Humongous Allocation) 1051M->881M(2048M) 2.645ms
[21.890s][info   ][gc,cpu      ] GC(1458) User=0.00s Sys=0.01s Real=0.01s
[21.890s][info   ][gc          ] GC(1459) Concurrent Undo Cycle
[21.890s][info   ][gc,marking  ] GC(1459) Concurrent Cleanup for Next Mark
[21.900s][info   ][gc,marking  ] GC(1459) Concurrent Cleanup for Next Mark 9.765ms
[21.900s][info   ][gc          ] GC(1459) Concurrent Undo Cycle 9.987ms
[21.901s][info   ][gc,start    ] GC(1460) Pause Young (Concurrent Start) (G1 Humongous Allocation)
[21.901s][info   ][gc,task     ] GC(1460) Using 4 workers of 4 for evacuation
[21.903s][info   ][gc,phases   ] GC(1460)   Pre Evacuate Collection Set: 0.3ms
[21.903s][info   ][gc,phases   ] GC(1460)   Merge Heap Roots: 0.1ms
[21.903s][info   ][gc,phases   ] GC(1460)   Evacuate Collection Set: 1.0ms
[21.903s][info   ][gc,phases   ] GC(1460)   Post Evacuate Collection Set: 0.7ms
[21.903s][info   ][gc,phases   ] GC(1460)   Other: 0.2ms
[21.903s][info   ][gc,heap     ] GC(1460) Eden regions: 0->0(877)
[21.903s][info   ][gc,heap     ] GC(1460) Survivor regions: 0->0(111)
[21.903s][info   ][gc,heap     ] GC(1460) Old regions: 1->1
[21.903s][info   ][gc,heap     ] GC(1460) Archive regions: 2->2
[21.903s][info   ][gc,heap     ] GC(1460) Humongous regions: 966->890
[21.903s][info   ][gc,metaspace] GC(1460) Metaspace: 158K(384K)->158K(384K) NonClass: 150K(256K)->150K(256K) Class: 8K(128K)->8K(128K)
[21.903s][info   ][gc          ] GC(1460) Pause Young (Concurrent Start) (G1 Humongous Allocation) 967M->891M(2048M) 2.455ms
[21.903s][info   ][gc,cpu      ] GC(1460) User=0.00s Sys=0.00s Real=0.00s
[21.903s][info   ][gc          ] GC(1461) Concurrent Undo Cycle
[21.903s][info   ][gc,marking  ] GC(1461) Concurrent Cleanup for Next Mark
[21.918s][info   ][gc,marking  ] GC(1461) Concurrent Cleanup for Next Mark 14.065ms
[21.918s][info   ][gc          ] GC(1461) Concurrent Undo Cycle 14.332ms
[21.919s][info   ][gc,start    ] GC(1462) Pause Young (Concurrent Start) (G1 Humongous Allocation)
[21.919s][info   ][gc,task     ] GC(1462) Using 4 workers of 4 for evacuation
[21.921s][info   ][gc,phases   ] GC(1462)   Pre Evacuate Collection Set: 0.3ms
[21.921s][info   ][gc,phases   ] GC(1462)   Merge Heap Roots: 0.1ms
[21.921s][info   ][gc,phases   ] GC(1462)   Evacuate Collection Set: 0.7ms
[21.921s][info   ][gc,phases   ] GC(1462)   Post Evacuate Collection Set: 0.6ms
[21.921s][info   ][gc,phases   ] GC(1462)   Other: 0.3ms
[21.921s][info   ][gc,heap     ] GC(1462) Eden regions: 0->0(868)
[21.921s][info   ][gc,heap     ] GC(1462) Survivor regions: 0->0(110)
[21.921s][info   ][gc,heap     ] GC(1462) Old regions: 1->1
[21.921s][info   ][gc,heap     ] GC(1462) Archive regions: 2->2
[21.921s][info   ][gc,heap     ] GC(1462) Humongous regions: 1032->900
[21.921s][info   ][gc,metaspace] GC(1462) Metaspace: 158K(384K)->158K(384K) NonClass: 150K(256K)->150K(256K) Class: 8K(128K)->8K(128K)
[21.921s][info   ][gc          ] GC(1462) Pause Young (Concurrent Start) (G1 Humongous Allocation) 1033M->901M(2048M) 2.231ms
[21.921s][info   ][gc,cpu      ] GC(1462) User=0.00s Sys=0.00s Real=0.00s
[21.921s][info   ][gc          ] GC(1463) Concurrent Undo Cycle
[21.922s][info   ][gc,marking  ] GC(1463) Concurrent Cleanup for Next Mark
[21.934s][info   ][gc,marking  ] GC(1463) Concurrent Cleanup for Next Mark 12.400ms
[21.934s][info   ][gc          ] GC(1463) Concurrent Undo Cycle 12.732ms
[21.935s][info   ][gc,start    ] GC(1464) Pause Young (Concurrent Start) (G1 Humongous Allocation)
[21.935s][info   ][gc,task     ] GC(1464) Using 4 workers of 4 for evacuation
[21.937s][info   ][gc,phases   ] GC(1464)   Pre Evacuate Collection Set: 0.3ms
[21.937s][info   ][gc,phases   ] GC(1464)   Merge Heap Roots: 0.2ms
[21.937s][info   ][gc,phases   ] GC(1464)   Evacuate Collection Set: 0.9ms
[21.937s][info   ][gc,phases   ] GC(1464)   Post Evacuate Collection Set: 0.8ms
[21.937s][info   ][gc,phases   ] GC(1464)   Other: 0.2ms
[21.937s][info   ][gc,heap     ] GC(1464) Eden regions: 0->0(875)
[21.937s][info   ][gc,heap     ] GC(1464) Survivor regions: 0->0(109)
[21.937s][info   ][gc,heap     ] GC(1464) Old regions: 1->1
[21.937s][info   ][gc,heap     ] GC(1464) Archive regions: 2->2
[21.937s][info   ][gc,heap     ] GC(1464) Humongous regions: 1006->892
[21.937s][info   ][gc,metaspace] GC(1464) Metaspace: 158K(384K)->158K(384K) NonClass: 150K(256K)->150K(256K) Class: 8K(128K)->8K(128K)
[21.937s][info   ][gc          ] GC(1464) Pause Young (Concurrent Start) (G1 Humongous Allocation) 1007M->893M(2048M) 2.486ms
[21.937s][info   ][gc,cpu      ] GC(1464) User=0.00s Sys=0.00s Real=0.00s
[21.938s][info   ][gc          ] GC(1465) Concurrent Undo Cycle
[21.938s][info   ][gc,marking  ] GC(1465) Concurrent Cleanup for Next Mark
[21.952s][info   ][gc,marking  ] GC(1465) Concurrent Cleanup for Next Mark 14.249ms
[21.952s][info   ][gc          ] GC(1465) Concurrent Undo Cycle 14.513ms
[21.954s][info   ][gc,start    ] GC(1466) Pause Young (Concurrent Start) (G1 Humongous Allocation)
[21.954s][info   ][gc,task     ] GC(1466) Using 4 workers of 4 for evacuation
[21.955s][info   ][gc,phases   ] GC(1466)   Pre Evacuate Collection Set: 0.3ms
[21.955s][info   ][gc,phases   ] GC(1466)   Merge Heap Roots: 0.1ms
[21.955s][info   ][gc,phases   ] GC(1466)   Evacuate Collection Set: 0.3ms
[21.955s][info   ][gc,phases   ] GC(1466)   Post Evacuate Collection Set: 0.7ms
[21.955s][info   ][gc,phases   ] GC(1466)   Other: 0.4ms
[21.955s][info   ][gc,heap     ] GC(1466) Eden regions: 0->0(882)
[21.955s][info   ][gc,heap     ] GC(1466) Survivor regions: 0->0(110)
[21.955s][info   ][gc,heap     ] GC(1466) Old regions: 1->1
[21.955s][info   ][gc,heap     ] GC(1466) Archive regions: 2->2
[21.955s][info   ][gc,heap     ] GC(1466) Humongous regions: 1022->884
[21.955s][info   ][gc,metaspace] GC(1466) Metaspace: 158K(384K)->158K(384K) NonClass: 150K(256K)->150K(256K) Class: 8K(128K)->8K(128K)
[21.955s][info   ][gc          ] GC(1466) Pause Young (Concurrent Start) (G1 Humongous Allocation) 1023M->885M(2048M) 1.934ms
[21.955s][info   ][gc,cpu      ] GC(1466) User=0.00s Sys=0.00s Real=0.00s
[21.956s][info   ][gc          ] GC(1467) Concurrent Undo Cycle
[21.956s][info   ][gc,marking  ] GC(1467) Concurrent Cleanup for Next Mark
[21.970s][info   ][gc,marking  ] GC(1467) Concurrent Cleanup for Next Mark 14.245ms
[21.970s][info   ][gc          ] GC(1467) Concurrent Undo Cycle 14.532ms
[21.971s][info   ][gc,start    ] GC(1468) Pause Young (Concurrent Start) (G1 Humongous Allocation)
[21.971s][info   ][gc,task     ] GC(1468) Using 4 workers of 4 for evacuation
[21.972s][info   ][gc,phases   ] GC(1468)   Pre Evacuate Collection Set: 0.2ms
[21.972s][info   ][gc,phases   ] GC(1468)   Merge Heap Roots: 0.1ms
[21.972s][info   ][gc,phases   ] GC(1468)   Evacuate Collection Set: 0.4ms
[21.973s][info   ][gc,phases   ] GC(1468)   Post Evacuate Collection Set: 0.7ms
[21.973s][info   ][gc,phases   ] GC(1468)   Other: 0.2ms
[21.973s][info   ][gc,heap     ] GC(1468) Eden regions: 0->0(860)
[21.973s][info   ][gc,heap     ] GC(1468) Survivor regions: 0->0(111)
[21.973s][info   ][gc,heap     ] GC(1468) Old regions: 1->1
[21.973s][info   ][gc,heap     ] GC(1468) Archive regions: 2->2
[21.973s][info   ][gc,heap     ] GC(1468) Humongous regions: 1032->908
[21.973s][info   ][gc,metaspace] GC(1468) Metaspace: 158K(384K)->158K(384K) NonClass: 150K(256K)->150K(256K) Class: 8K(128K)->8K(128K)
[21.973s][info   ][gc          ] GC(1468) Pause Young (Concurrent Start) (G1 Humongous Allocation) 1033M->909M(2048M) 1.828ms
[21.973s][info   ][gc,cpu      ] GC(1468) User=0.00s Sys=0.00s Real=0.00s
[21.973s][info   ][gc          ] GC(1469) Concurrent Undo Cycle
[21.973s][info   ][gc,marking  ] GC(1469) Concurrent Cleanup for Next Mark
[21.986s][info   ][gc,marking  ] GC(1469) Concurrent Cleanup for Next Mark 13.043ms
[21.986s][info   ][gc          ] GC(1469) Concurrent Undo Cycle 13.274ms
[21.987s][info   ][gc,start    ] GC(1470) Pause Young (Concurrent Start) (G1 Humongous Allocation)
[21.987s][info   ][gc,task     ] GC(1470) Using 4 workers of 4 for evacuation
[21.988s][info   ][gc,phases   ] GC(1470)   Pre Evacuate Collection Set: 0.2ms
[21.989s][info   ][gc,phases   ] GC(1470)   Merge Heap Roots: 0.1ms
[21.989s][info   ][gc,phases   ] GC(1470)   Evacuate Collection Set: 0.4ms
[21.989s][info   ][gc,phases   ] GC(1470)   Post Evacuate Collection Set: 0.8ms
[21.989s][info   ][gc,phases   ] GC(1470)   Other: 0.2ms
[21.989s][info   ][gc,heap     ] GC(1470) Eden regions: 0->0(892)
[21.989s][info   ][gc,heap     ] GC(1470) Survivor regions: 0->0(108)
[21.989s][info   ][gc,heap     ] GC(1470) Old regions: 1->1
[21.989s][info   ][gc,heap     ] GC(1470) Archive regions: 2->2
[21.989s][info   ][gc,heap     ] GC(1470) Humongous regions: 1040->874
[21.989s][info   ][gc,metaspace] GC(1470) Metaspace: 158K(384K)->158K(384K) NonClass: 150K(256K)->150K(256K) Class: 8K(128K)->8K(128K)
[21.989s][info   ][gc          ] GC(1470) Pause Young (Concurrent Start) (G1 Humongous Allocation) 1041M->875M(2048M) 1.811ms
[21.989s][info   ][gc,cpu      ] GC(1470) User=0.00s Sys=0.00s Real=0.01s
[21.989s][info   ][gc          ] GC(1471) Concurrent Undo Cycle
[21.989s][info   ][gc,marking  ] GC(1471) Concurrent Cleanup for Next Mark
[21.998s][info   ][gc,marking  ] GC(1471) Concurrent Cleanup for Next Mark 9.215ms
[21.998s][info   ][gc          ] GC(1471) Concurrent Undo Cycle 9.444ms
[21.999s][info   ][gc,start    ] GC(1472) Pause Young (Concurrent Start) (G1 Humongous Allocation)
[21.999s][info   ][gc,task     ] GC(1472) Using 4 workers of 4 for evacuation
[22.000s][info   ][gc,phases   ] GC(1472)   Pre Evacuate Collection Set: 0.2ms
[22.000s][info   ][gc,phases   ] GC(1472)   Merge Heap Roots: 0.1ms
[22.000s][info   ][gc,phases   ] GC(1472)   Evacuate Collection Set: 0.3ms
[22.000s][info   ][gc,phases   ] GC(1472)   Post Evacuate Collection Set: 0.4ms
[22.000s][info   ][gc,phases   ] GC(1472)   Other: 0.2ms
[22.000s][info   ][gc,heap     ] GC(1472) Eden regions: 0->0(905)
[22.000s][info   ][gc,heap     ] GC(1472) Survivor regions: 0->0(112)
[22.000s][info   ][gc,heap     ] GC(1472) Old regions: 1->1
[22.000s][info   ][gc,heap     ] GC(1472) Archive regions: 2->2
[22.000s][info   ][gc,heap     ] GC(1472) Humongous regions: 942->860
[22.000s][info   ][gc,metaspace] GC(1472) Metaspace: 158K(384K)->158K(384K) NonClass: 150K(256K)->150K(256K) Class: 8K(128K)->8K(128K)
[22.000s][info   ][gc          ] GC(1472) Pause Young (Concurrent Start) (G1 Humongous Allocation) 943M->861M(2048M) 1.224ms
[22.000s][info   ][gc,cpu      ] GC(1472) User=0.00s Sys=0.00s Real=0.00s
[22.000s][info   ][gc          ] GC(1473) Concurrent Undo Cycle
[22.000s][info   ][gc,marking  ] GC(1473) Concurrent Cleanup for Next Mark
[22.015s][info   ][gc,marking  ] GC(1473) Concurrent Cleanup for Next Mark 14.405ms
[22.015s][info   ][gc          ] GC(1473) Concurrent Undo Cycle 14.699ms
[22.016s][info   ][gc,start    ] GC(1474) Pause Young (Concurrent Start) (G1 Humongous Allocation)
[22.016s][info   ][gc,task     ] GC(1474) Using 4 workers of 4 for evacuation
[22.017s][info   ][gc,phases   ] GC(1474)   Pre Evacuate Collection Set: 0.2ms
[22.017s][info   ][gc,phases   ] GC(1474)   Merge Heap Roots: 0.1ms
[22.017s][info   ][gc,phases   ] GC(1474)   Evacuate Collection Set: 0.2ms
[22.017s][info   ][gc,phases   ] GC(1474)   Post Evacuate Collection Set: 0.4ms
[22.017s][info   ][gc,phases   ] GC(1474)   Other: 0.2ms
[22.017s][info   ][gc,heap     ] GC(1474) Eden regions: 0->0(879)
[22.017s][info   ][gc,heap     ] GC(1474) Survivor regions: 0->0(114)
[22.017s][info   ][gc,heap     ] GC(1474) Old regions: 1->1
[22.017s][info   ][gc,heap     ] GC(1474) Archive regions: 2->2
[22.017s][info   ][gc,heap     ] GC(1474) Humongous regions: 1030->888
[22.017s][info   ][gc,metaspace] GC(1474) Metaspace: 158K(384K)->158K(384K) NonClass: 150K(256K)->150K(256K) Class: 8K(128K)->8K(128K)
[22.017s][info   ][gc          ] GC(1474) Pause Young (Concurrent Start) (G1 Humongous Allocation) 1031M->889M(2048M) 1.235ms
[22.017s][info   ][gc,cpu      ] GC(1474) User=0.00s Sys=0.00s Real=0.00s
[22.017s][info   ][gc          ] GC(1475) Concurrent Undo Cycle
[22.017s][info   ][gc,marking  ] GC(1475) Concurrent Cleanup for Next Mark
[22.032s][info   ][gc,marking  ] GC(1475) Concurrent Cleanup for Next Mark 14.784ms
[22.032s][info   ][gc          ] GC(1475) Concurrent Undo Cycle 15.034ms
[22.033s][info   ][gc,start    ] GC(1476) Pause Young (Concurrent Start) (G1 Humongous Allocation)
[22.033s][info   ][gc,task     ] GC(1476) Using 4 workers of 4 for evacuation
[22.034s][info   ][gc,phases   ] GC(1476)   Pre Evacuate Collection Set: 0.2ms
[22.034s][info   ][gc,phases   ] GC(1476)   Merge Heap Roots: 0.1ms
[22.034s][info   ][gc,phases   ] GC(1476)   Evacuate Collection Set: 0.5ms
[22.034s][info   ][gc,phases   ] GC(1476)   Post Evacuate Collection Set: 0.4ms
[22.034s][info   ][gc,phases   ] GC(1476)   Other: 0.2ms
[22.034s][info   ][gc,heap     ] GC(1476) Eden regions: 0->0(845)
[22.034s][info   ][gc,heap     ] GC(1476) Survivor regions: 0->0(110)
[22.034s][info   ][gc,heap     ] GC(1476) Old regions: 1->1
[22.034s][info   ][gc,heap     ] GC(1476) Archive regions: 2->2
[22.034s][info   ][gc,heap     ] GC(1476) Humongous regions: 1070->924
[22.034s][info   ][gc,metaspace] GC(1476) Metaspace: 158K(384K)->158K(384K) NonClass: 150K(256K)->150K(256K) Class: 8K(128K)->8K(128K)
[22.034s][info   ][gc          ] GC(1476) Pause Young (Concurrent Start) (G1 Humongous Allocation) 1071M->925M(2048M) 1.460ms
[22.034s][info   ][gc,cpu      ] GC(1476) User=0.00s Sys=0.00s Real=0.00s
[22.034s][info   ][gc          ] GC(1477) Concurrent Mark Cycle
[22.034s][info   ][gc,marking  ] GC(1477) Concurrent Clear Claimed Marks
[22.034s][info   ][gc,marking  ] GC(1477) Concurrent Clear Claimed Marks 0.008ms
[22.034s][info   ][gc,marking  ] GC(1477) Concurrent Scan Root Regions
[22.034s][info   ][gc,marking  ] GC(1477) Concurrent Scan Root Regions 0.007ms
[22.034s][info   ][gc,marking  ] GC(1477) Concurrent Mark
[22.034s][info   ][gc,marking  ] GC(1477) Concurrent Mark From Roots
[22.034s][info   ][gc,task     ] GC(1477) Using 1 workers of 1 for marking
[22.042s][info   ][gc,marking  ] GC(1477) Concurrent Mark From Roots 7.911ms
[22.042s][info   ][gc,marking  ] GC(1477) Concurrent Preclean
[22.043s][info   ][gc,marking  ] GC(1477) Concurrent Preclean 0.093ms
[22.043s][info   ][gc,start    ] GC(1477) Pause Remark
[22.045s][info   ][gc          ] GC(1477) Pause Remark 1043M->1043M(2048M) 1.575ms
[22.045s][info   ][gc,cpu      ] GC(1477) User=0.01s Sys=0.00s Real=0.00s
[22.045s][info   ][gc,marking  ] GC(1477) Concurrent Mark 10.822ms
[22.045s][info   ][gc,marking  ] GC(1477) Concurrent Rebuild Remembered Sets
[22.053s][info   ][gc,marking  ] GC(1477) Concurrent Rebuild Remembered Sets 7.315ms
[22.054s][info   ][gc,start    ] GC(1477) Pause Cleanup
[22.054s][info   ][gc          ] GC(1477) Pause Cleanup 1161M->1161M(2048M) 0.261ms
[22.054s][info   ][gc,cpu      ] GC(1477) User=0.00s Sys=0.01s Real=0.00s
[22.054s][info   ][gc,marking  ] GC(1477) Concurrent Cleanup for Next Mark
[22.075s][info   ][gc,marking  ] GC(1477) Concurrent Cleanup for Next Mark 21.236ms
[22.075s][info   ][gc          ] GC(1477) Concurrent Mark Cycle 41.051ms
[22.076s][info   ][gc,start    ] GC(1478) Pause Young (Concurrent Start) (G1 Humongous Allocation)
[22.076s][info   ][gc,task     ] GC(1478) Using 4 workers of 4 for evacuation
[22.079s][info   ][gc,phases   ] GC(1478)   Pre Evacuate Collection Set: 0.4ms
[22.079s][info   ][gc,phases   ] GC(1478)   Merge Heap Roots: 0.2ms
[22.079s][info   ][gc,phases   ] GC(1478)   Evacuate Collection Set: 1.1ms
[22.079s][info   ][gc,phases   ] GC(1478)   Post Evacuate Collection Set: 0.9ms
[22.079s][info   ][gc,phases   ] GC(1478)   Other: 0.2ms
[22.079s][info   ][gc,heap     ] GC(1478) Eden regions: 0->0(847)
[22.079s][info   ][gc,heap     ] GC(1478) Survivor regions: 0->0(106)
[22.079s][info   ][gc,heap     ] GC(1478) Old regions: 1->1
[22.079s][info   ][gc,heap     ] GC(1478) Archive regions: 2->2
[22.079s][info   ][gc,heap     ] GC(1478) Humongous regions: 1412->922
[22.079s][info   ][gc,metaspace] GC(1478) Metaspace: 158K(384K)->158K(384K) NonClass: 150K(256K)->150K(256K) Class: 8K(128K)->8K(128K)
[22.079s][info   ][gc          ] GC(1478) Pause Young (Concurrent Start) (G1 Humongous Allocation) 1413M->923M(2048M) 2.931ms
[22.079s][info   ][gc,cpu      ] GC(1478) User=0.01s Sys=0.00s Real=0.01s
[22.079s][info   ][gc          ] GC(1479) Concurrent Mark Cycle
[22.079s][info   ][gc,marking  ] GC(1479) Concurrent Clear Claimed Marks
[22.079s][info   ][gc,marking  ] GC(1479) Concurrent Clear Claimed Marks 0.010ms
[22.079s][info   ][gc,marking  ] GC(1479) Concurrent Scan Root Regions
[22.079s][info   ][gc,marking  ] GC(1479) Concurrent Scan Root Regions 0.007ms
[22.079s][info   ][gc,marking  ] GC(1479) Concurrent Mark
[22.079s][info   ][gc,marking  ] GC(1479) Concurrent Mark From Roots
[22.079s][info   ][gc,task     ] GC(1479) Using 1 workers of 1 for marking
[22.087s][info   ][gc,marking  ] GC(1479) Concurrent Mark From Roots 8.089ms
[22.088s][info   ][gc,marking  ] GC(1479) Concurrent Preclean
[22.088s][info   ][gc,marking  ] GC(1479) Concurrent Preclean 0.100ms
[22.089s][info   ][gc,start    ] GC(1479) Pause Remark
[22.090s][info   ][gc          ] GC(1479) Pause Remark 1059M->1059M(2048M) 0.832ms
[22.090s][info   ][gc,cpu      ] GC(1479) User=0.00s Sys=0.00s Real=0.00s
[22.090s][info   ][gc,marking  ] GC(1479) Concurrent Mark 10.539ms
[22.090s][info   ][gc,marking  ] GC(1479) Concurrent Rebuild Remembered Sets
[22.097s][info   ][gc,marking  ] GC(1479) Concurrent Rebuild Remembered Sets 7.345ms
[22.098s][info   ][gc,start    ] GC(1479) Pause Cleanup
[22.098s][info   ][gc          ] GC(1479) Pause Cleanup 1177M->1177M(2048M) 0.279ms
[22.098s][info   ][gc,cpu      ] GC(1479) User=0.00s Sys=0.00s Real=0.00s
[22.098s][info   ][gc,marking  ] GC(1479) Concurrent Cleanup for Next Mark
[22.113s][info   ][gc,marking  ] GC(1479) Concurrent Cleanup for Next Mark 14.929ms
[22.113s][info   ][gc          ] GC(1479) Concurrent Mark Cycle 33.926ms
[22.114s][info   ][gc,start    ] GC(1480) Pause Young (Concurrent Start) (G1 Humongous Allocation)
[22.115s][info   ][gc,task     ] GC(1480) Using 4 workers of 4 for evacuation
[22.116s][info   ][gc,phases   ] GC(1480)   Pre Evacuate Collection Set: 0.3ms
[22.116s][info   ][gc,phases   ] GC(1480)   Merge Heap Roots: 0.3ms
[22.116s][info   ][gc,phases   ] GC(1480)   Evacuate Collection Set: 0.2ms
[22.116s][info   ][gc,phases   ] GC(1480)   Post Evacuate Collection Set: 0.6ms
[22.116s][info   ][gc,phases   ] GC(1480)   Other: 0.2ms
[22.116s][info   ][gc,heap     ] GC(1480) Eden regions: 0->0(847)
[22.116s][info   ][gc,heap     ] GC(1480) Survivor regions: 0->0(106)
[22.116s][info   ][gc,heap     ] GC(1480) Old regions: 1->1
[22.116s][info   ][gc,heap     ] GC(1480) Archive regions: 2->2
[22.116s][info   ][gc,heap     ] GC(1480) Humongous regions: 1362->922
[22.116s][info   ][gc,metaspace] GC(1480) Metaspace: 158K(384K)->158K(384K) NonClass: 150K(256K)->150K(256K) Class: 8K(128K)->8K(128K)
[22.116s][info   ][gc          ] GC(1480) Pause Young (Concurrent Start) (G1 Humongous Allocation) 1363M->923M(2048M) 1.580ms
[22.116s][info   ][gc,cpu      ] GC(1480) User=0.00s Sys=0.00s Real=0.00s
[22.116s][info   ][gc          ] GC(1481) Concurrent Mark Cycle
[22.116s][info   ][gc,marking  ] GC(1481) Concurrent Clear Claimed Marks
[22.116s][info   ][gc,marking  ] GC(1481) Concurrent Clear Claimed Marks 0.007ms
[22.116s][info   ][gc,marking  ] GC(1481) Concurrent Scan Root Regions
[22.116s][info   ][gc,marking  ] GC(1481) Concurrent Scan Root Regions 0.006ms
[22.116s][info   ][gc,marking  ] GC(1481) Concurrent Mark
[22.116s][info   ][gc,marking  ] GC(1481) Concurrent Mark From Roots
[22.116s][info   ][gc,task     ] GC(1481) Using 1 workers of 1 for marking
[22.123s][info   ][gc,marking  ] GC(1481) Concurrent Mark From Roots 6.403ms
[22.123s][info   ][gc,marking  ] GC(1481) Concurrent Preclean
[22.123s][info   ][gc,marking  ] GC(1481) Concurrent Preclean 0.091ms
[22.124s][info   ][gc,start    ] GC(1481) Pause Remark
[22.124s][info   ][gc          ] GC(1481) Pause Remark 1025M->1025M(2048M) 0.599ms
[22.124s][info   ][gc,cpu      ] GC(1481) User=0.00s Sys=0.00s Real=0.00s
[22.124s][info   ][gc,marking  ] GC(1481) Concurrent Mark 8.138ms
[22.124s][info   ][gc,marking  ] GC(1481) Concurrent Rebuild Remembered Sets
[22.130s][info   ][gc,marking  ] GC(1481) Concurrent Rebuild Remembered Sets 5.405ms
[22.131s][info   ][gc,start    ] GC(1481) Pause Cleanup
[22.131s][info   ][gc          ] GC(1481) Pause Cleanup 1117M->1117M(2048M) 0.198ms
[22.131s][info   ][gc,cpu      ] GC(1481) User=0.00s Sys=0.00s Real=0.00s
[22.131s][info   ][gc,marking  ] GC(1481) Concurrent Cleanup for Next Mark
[22.144s][info   ][gc,marking  ] GC(1481) Concurrent Cleanup for Next Mark 12.475ms
[22.144s][info   ][gc          ] GC(1481) Concurrent Mark Cycle 27.656ms
[22.145s][info   ][gc,start    ] GC(1482) Pause Young (Concurrent Start) (G1 Humongous Allocation)
[22.145s][info   ][gc,task     ] GC(1482) Using 4 workers of 4 for evacuation
[22.147s][info   ][gc,phases   ] GC(1482)   Pre Evacuate Collection Set: 0.2ms
[22.147s][info   ][gc,phases   ] GC(1482)   Merge Heap Roots: 0.4ms
[22.147s][info   ][gc,phases   ] GC(1482)   Evacuate Collection Set: 0.3ms
[22.147s][info   ][gc,phases   ] GC(1482)   Post Evacuate Collection Set: 0.5ms
[22.147s][info   ][gc,phases   ] GC(1482)   Other: 0.2ms
[22.147s][info   ][gc,heap     ] GC(1482) Eden regions: 0->0(860)
[22.147s][info   ][gc,heap     ] GC(1482) Survivor regions: 0->0(106)
[22.147s][info   ][gc,heap     ] GC(1482) Old regions: 1->1
[22.147s][info   ][gc,heap     ] GC(1482) Archive regions: 2->2
[22.147s][info   ][gc,heap     ] GC(1482) Humongous regions: 1256->908
[22.147s][info   ][gc,metaspace] GC(1482) Metaspace: 158K(384K)->158K(384K) NonClass: 150K(256K)->150K(256K) Class: 8K(128K)->8K(128K)
[22.147s][info   ][gc          ] GC(1482) Pause Young (Concurrent Start) (G1 Humongous Allocation) 1257M->909M(2048M) 1.761ms
[22.147s][info   ][gc,cpu      ] GC(1482) User=0.00s Sys=0.00s Real=0.00s
[22.147s][info   ][gc          ] GC(1483) Concurrent Undo Cycle
[22.147s][info   ][gc,marking  ] GC(1483) Concurrent Cleanup for Next Mark
[22.156s][info   ][gc,marking  ] GC(1483) Concurrent Cleanup for Next Mark 9.480ms
[22.156s][info   ][gc          ] GC(1483) Concurrent Undo Cycle 9.676ms
[22.157s][info   ][gc,start    ] GC(1484) Pause Young (Concurrent Start) (G1 Humongous Allocation)
[22.157s][info   ][gc,task     ] GC(1484) Using 4 workers of 4 for evacuation
[22.158s][info   ][gc,phases   ] GC(1484)   Pre Evacuate Collection Set: 0.2ms
[22.158s][info   ][gc,phases   ] GC(1484)   Merge Heap Roots: 0.1ms
[22.158s][info   ][gc,phases   ] GC(1484)   Evacuate Collection Set: 0.3ms
[22.158s][info   ][gc,phases   ] GC(1484)   Post Evacuate Collection Set: 0.4ms
[22.158s][info   ][gc,phases   ] GC(1484)   Other: 0.2ms
[22.158s][info   ][gc,heap     ] GC(1484) Eden regions: 0->0(855)
[22.158s][info   ][gc,heap     ] GC(1484) Survivor regions: 0->0(108)
[22.158s][info   ][gc,heap     ] GC(1484) Old regions: 1->1
[22.158s][info   ][gc,heap     ] GC(1484) Archive regions: 2->2
[22.158s][info   ][gc,heap     ] GC(1484) Humongous regions: 996->914
[22.158s][info   ][gc,metaspace] GC(1484) Metaspace: 158K(384K)->158K(384K) NonClass: 150K(256K)->150K(256K) Class: 8K(128K)->8K(128K)
[22.158s][info   ][gc          ] GC(1484) Pause Young (Concurrent Start) (G1 Humongous Allocation) 997M->915M(2048M) 1.251ms
[22.158s][info   ][gc,cpu      ] GC(1484) User=0.00s Sys=0.01s Real=0.01s
[22.158s][info   ][gc          ] GC(1485) Concurrent Undo Cycle
[22.158s][info   ][gc,marking  ] GC(1485) Concurrent Cleanup for Next Mark
[22.175s][info   ][gc,marking  ] GC(1485) Concurrent Cleanup for Next Mark 16.464ms
[22.175s][info   ][gc          ] GC(1485) Concurrent Undo Cycle 16.691ms
[22.176s][info   ][gc,start    ] GC(1486) Pause Young (Concurrent Start) (G1 Humongous Allocation)
[22.176s][info   ][gc,task     ] GC(1486) Using 4 workers of 4 for evacuation
[22.177s][info   ][gc,phases   ] GC(1486)   Pre Evacuate Collection Set: 0.2ms
[22.177s][info   ][gc,phases   ] GC(1486)   Merge Heap Roots: 0.1ms
[22.177s][info   ][gc,phases   ] GC(1486)   Evacuate Collection Set: 0.3ms
[22.177s][info   ][gc,phases   ] GC(1486)   Post Evacuate Collection Set: 0.5ms
[22.177s][info   ][gc,phases   ] GC(1486)   Other: 0.2ms
[22.177s][info   ][gc,heap     ] GC(1486) Eden regions: 0->0(827)
[22.177s][info   ][gc,heap     ] GC(1486) Survivor regions: 0->0(107)
[22.177s][info   ][gc,heap     ] GC(1486) Old regions: 1->1
[22.177s][info   ][gc,heap     ] GC(1486) Archive regions: 2->2
[22.177s][info   ][gc,heap     ] GC(1486) Humongous regions: 1106->944
[22.177s][info   ][gc,metaspace] GC(1486) Metaspace: 158K(384K)->158K(384K) NonClass: 150K(256K)->150K(256K) Class: 8K(128K)->8K(128K)
[22.177s][info   ][gc          ] GC(1486) Pause Young (Concurrent Start) (G1 Humongous Allocation) 1107M->945M(2048M) 1.225ms
[22.177s][info   ][gc,cpu      ] GC(1486) User=0.00s Sys=0.00s Real=0.00s
[22.177s][info   ][gc          ] GC(1487) Concurrent Mark Cycle
[22.177s][info   ][gc,marking  ] GC(1487) Concurrent Clear Claimed Marks
[22.177s][info   ][gc,marking  ] GC(1487) Concurrent Clear Claimed Marks 0.007ms
[22.177s][info   ][gc,marking  ] GC(1487) Concurrent Scan Root Regions
[22.177s][info   ][gc,marking  ] GC(1487) Concurrent Scan Root Regions 0.006ms
[22.177s][info   ][gc,marking  ] GC(1487) Concurrent Mark
[22.177s][info   ][gc,marking  ] GC(1487) Concurrent Mark From Roots
[22.177s][info   ][gc,task     ] GC(1487) Using 1 workers of 1 for marking
[22.184s][info   ][gc,marking  ] GC(1487) Concurrent Mark From Roots 6.402ms
[22.184s][info   ][gc,marking  ] GC(1487) Concurrent Preclean
[22.184s][info   ][gc,marking  ] GC(1487) Concurrent Preclean 0.090ms
[22.185s][info   ][gc,start    ] GC(1487) Pause Remark
[22.186s][info   ][gc          ] GC(1487) Pause Remark 1045M->1045M(2048M) 0.833ms
[22.186s][info   ][gc,cpu      ] GC(1487) User=0.00s Sys=0.00s Real=0.00s
[22.186s][info   ][gc,marking  ] GC(1487) Concurrent Mark 8.727ms
[22.186s][info   ][gc,marking  ] GC(1487) Concurrent Rebuild Remembered Sets
[22.192s][info   ][gc,marking  ] GC(1487) Concurrent Rebuild Remembered Sets 5.777ms
[22.193s][info   ][gc,start    ] GC(1487) Pause Cleanup
[22.193s][info   ][gc          ] GC(1487) Pause Cleanup 1145M->1145M(2048M) 0.238ms
[22.193s][info   ][gc,cpu      ] GC(1487) User=0.00s Sys=0.00s Real=0.00s
[22.193s][info   ][gc,marking  ] GC(1487) Concurrent Cleanup for Next Mark
[22.206s][info   ][gc,marking  ] GC(1487) Concurrent Cleanup for Next Mark 12.173ms
[22.206s][info   ][gc          ] GC(1487) Concurrent Mark Cycle 28.358ms
[22.207s][info   ][gc,start    ] GC(1488) Pause Young (Concurrent Start) (G1 Humongous Allocation)
[22.207s][info   ][gc,task     ] GC(1488) Using 4 workers of 4 for evacuation
[22.209s][info   ][gc,phases   ] GC(1488)   Pre Evacuate Collection Set: 0.2ms
[22.209s][info   ][gc,phases   ] GC(1488)   Merge Heap Roots: 0.3ms
[22.209s][info   ][gc,phases   ] GC(1488)   Evacuate Collection Set: 0.2ms
[22.209s][info   ][gc,phases   ] GC(1488)   Post Evacuate Collection Set: 0.5ms
[22.209s][info   ][gc,phases   ] GC(1488)   Other: 0.2ms
[22.209s][info   ][gc,heap     ] GC(1488) Eden regions: 0->0(827)
[22.209s][info   ][gc,heap     ] GC(1488) Survivor regions: 0->0(104)
[22.209s][info   ][gc,heap     ] GC(1488) Old regions: 1->1
[22.209s][info   ][gc,heap     ] GC(1488) Archive regions: 2->2
[22.209s][info   ][gc,heap     ] GC(1488) Humongous regions: 1270->944
[22.209s][info   ][gc,metaspace] GC(1488) Metaspace: 158K(384K)->158K(384K) NonClass: 150K(256K)->150K(256K) Class: 8K(128K)->8K(128K)
[22.209s][info   ][gc          ] GC(1488) Pause Young (Concurrent Start) (G1 Humongous Allocation) 1271M->945M(2048M) 1.504ms
[22.209s][info   ][gc,cpu      ] GC(1488) User=0.00s Sys=0.00s Real=0.01s
[22.209s][info   ][gc          ] GC(1489) Concurrent Mark Cycle
[22.209s][info   ][gc,marking  ] GC(1489) Concurrent Clear Claimed Marks
[22.209s][info   ][gc,marking  ] GC(1489) Concurrent Clear Claimed Marks 0.009ms
[22.209s][info   ][gc,marking  ] GC(1489) Concurrent Scan Root Regions
[22.209s][info   ][gc,marking  ] GC(1489) Concurrent Scan Root Regions 0.006ms
[22.209s][info   ][gc,marking  ] GC(1489) Concurrent Mark
[22.209s][info   ][gc,marking  ] GC(1489) Concurrent Mark From Roots
[22.209s][info   ][gc,task     ] GC(1489) Using 1 workers of 1 for marking
[22.216s][info   ][gc,marking  ] GC(1489) Concurrent Mark From Roots 7.023ms
[22.216s][info   ][gc,marking  ] GC(1489) Concurrent Preclean
[22.216s][info   ][gc,marking  ] GC(1489) Concurrent Preclean 0.108ms
[22.217s][info   ][gc,start    ] GC(1489) Pause Remark
[22.218s][info   ][gc          ] GC(1489) Pause Remark 1053M->1053M(2048M) 1.331ms
[22.218s][info   ][gc,cpu      ] GC(1489) User=0.00s Sys=0.00s Real=0.01s
[22.218s][info   ][gc,marking  ] GC(1489) Concurrent Mark 9.604ms
[22.218s][info   ][gc,marking  ] GC(1489) Concurrent Rebuild Remembered Sets
[22.225s][info   ][gc,marking  ] GC(1489) Concurrent Rebuild Remembered Sets 6.400ms
[22.225s][info   ][gc,start    ] GC(1489) Pause Cleanup
[22.226s][info   ][gc          ] GC(1489) Pause Cleanup 1165M->1165M(2048M) 0.257ms
[22.226s][info   ][gc,cpu      ] GC(1489) User=0.00s Sys=0.00s Real=0.00s
[22.226s][info   ][gc,marking  ] GC(1489) Concurrent Cleanup for Next Mark
[22.240s][info   ][gc,marking  ] GC(1489) Concurrent Cleanup for Next Mark 14.539ms
[22.240s][info   ][gc          ] GC(1489) Concurrent Mark Cycle 31.662ms
[22.241s][info   ][gc,start    ] GC(1490) Pause Young (Concurrent Start) (G1 Humongous Allocation)
[22.241s][info   ][gc,task     ] GC(1490) Using 4 workers of 4 for evacuation
[22.243s][info   ][gc,phases   ] GC(1490)   Pre Evacuate Collection Set: 0.2ms
[22.243s][info   ][gc,phases   ] GC(1490)   Merge Heap Roots: 0.3ms
[22.243s][info   ][gc,phases   ] GC(1490)   Evacuate Collection Set: 0.3ms
[22.243s][info   ][gc,phases   ] GC(1490)   Post Evacuate Collection Set: 0.5ms
[22.243s][info   ][gc,phases   ] GC(1490)   Other: 0.2ms
[22.243s][info   ][gc,heap     ] GC(1490) Eden regions: 0->0(794)
[22.243s][info   ][gc,heap     ] GC(1490) Survivor regions: 0->0(104)
[22.243s][info   ][gc,heap     ] GC(1490) Old regions: 1->1
[22.243s][info   ][gc,heap     ] GC(1490) Archive regions: 2->2
[22.243s][info   ][gc,heap     ] GC(1490) Humongous regions: 1330->980
[22.243s][info   ][gc,metaspace] GC(1490) Metaspace: 158K(384K)->158K(384K) NonClass: 150K(256K)->150K(256K) Class: 8K(128K)->8K(128K)
[22.243s][info   ][gc          ] GC(1490) Pause Young (Concurrent Start) (G1 Humongous Allocation) 1331M->981M(2048M) 1.615ms
[22.243s][info   ][gc,cpu      ] GC(1490) User=0.00s Sys=0.00s Real=0.00s
[22.243s][info   ][gc          ] GC(1491) Concurrent Mark Cycle
[22.243s][info   ][gc,marking  ] GC(1491) Concurrent Clear Claimed Marks
[22.243s][info   ][gc,marking  ] GC(1491) Concurrent Clear Claimed Marks 0.008ms
[22.243s][info   ][gc,marking  ] GC(1491) Concurrent Scan Root Regions
[22.243s][info   ][gc,marking  ] GC(1491) Concurrent Scan Root Regions 0.006ms
[22.243s][info   ][gc,marking  ] GC(1491) Concurrent Mark
[22.243s][info   ][gc,marking  ] GC(1491) Concurrent Mark From Roots
[22.243s][info   ][gc,task     ] GC(1491) Using 1 workers of 1 for marking
[22.252s][info   ][gc,marking  ] GC(1491) Concurrent Mark From Roots 8.847ms
[22.252s][info   ][gc,marking  ] GC(1491) Concurrent Preclean
[22.252s][info   ][gc,marking  ] GC(1491) Concurrent Preclean 0.091ms
[22.252s][info   ][gc,start    ] GC(1491) Pause Remark
[22.253s][info   ][gc          ] GC(1491) Pause Remark 1103M->1103M(2048M) 0.615ms
[22.253s][info   ][gc,cpu      ] GC(1491) User=0.00s Sys=0.00s Real=0.00s
[22.253s][info   ][gc,marking  ] GC(1491) Concurrent Mark 10.297ms
[22.253s][info   ][gc,marking  ] GC(1491) Concurrent Rebuild Remembered Sets
[22.260s][info   ][gc,marking  ] GC(1491) Concurrent Rebuild Remembered Sets 6.576ms
[22.261s][info   ][gc,start    ] GC(1491) Pause Cleanup
[22.261s][info   ][gc          ] GC(1491) Pause Cleanup 1207M->1207M(2048M) 0.309ms
[22.261s][info   ][gc,cpu      ] GC(1491) User=0.01s Sys=0.00s Real=0.00s
[22.261s][info   ][gc,marking  ] GC(1491) Concurrent Cleanup for Next Mark
[22.276s][info   ][gc,marking  ] GC(1491) Concurrent Cleanup for Next Mark 15.031ms
[22.276s][info   ][gc          ] GC(1491) Concurrent Mark Cycle 33.437ms
[22.277s][info   ][gc,start    ] GC(1492) Pause Young (Concurrent Start) (G1 Humongous Allocation)
[22.277s][info   ][gc,task     ] GC(1492) Using 4 workers of 4 for evacuation
[22.278s][info   ][gc,phases   ] GC(1492)   Pre Evacuate Collection Set: 0.3ms
[22.278s][info   ][gc,phases   ] GC(1492)   Merge Heap Roots: 0.2ms
[22.278s][info   ][gc,phases   ] GC(1492)   Evacuate Collection Set: 0.3ms
[22.278s][info   ][gc,phases   ] GC(1492)   Post Evacuate Collection Set: 0.6ms
[22.278s][info   ][gc,phases   ] GC(1492)   Other: 0.2ms
[22.279s][info   ][gc,heap     ] GC(1492) Eden regions: 0->0(821)
[22.279s][info   ][gc,heap     ] GC(1492) Survivor regions: 0->0(100)
[22.279s][info   ][gc,heap     ] GC(1492) Old regions: 1->1
[22.279s][info   ][gc,heap     ] GC(1492) Archive regions: 2->2
[22.279s][info   ][gc,heap     ] GC(1492) Humongous regions: 1380->950
[22.279s][info   ][gc,metaspace] GC(1492) Metaspace: 158K(384K)->158K(384K) NonClass: 150K(256K)->150K(256K) Class: 8K(128K)->8K(128K)
[22.279s][info   ][gc          ] GC(1492) Pause Young (Concurrent Start) (G1 Humongous Allocation) 1381M->951M(2048M) 1.781ms
[22.279s][info   ][gc,cpu      ] GC(1492) User=0.00s Sys=0.01s Real=0.01s
[22.279s][info   ][gc          ] GC(1493) Concurrent Mark Cycle
[22.279s][info   ][gc,marking  ] GC(1493) Concurrent Clear Claimed Marks
[22.279s][info   ][gc,marking  ] GC(1493) Concurrent Clear Claimed Marks 0.011ms
[22.279s][info   ][gc,marking  ] GC(1493) Concurrent Scan Root Regions
[22.279s][info   ][gc,marking  ] GC(1493) Concurrent Scan Root Regions 0.008ms
[22.279s][info   ][gc,marking  ] GC(1493) Concurrent Mark
[22.279s][info   ][gc,marking  ] GC(1493) Concurrent Mark From Roots
[22.279s][info   ][gc,task     ] GC(1493) Using 1 workers of 1 for marking
[22.285s][info   ][gc,marking  ] GC(1493) Concurrent Mark From Roots 6.560ms
[22.285s][info   ][gc,marking  ] GC(1493) Concurrent Preclean
[22.285s][info   ][gc,marking  ] GC(1493) Concurrent Preclean 0.088ms
[22.286s][info   ][gc,start    ] GC(1493) Pause Remark
[22.287s][info   ][gc          ] GC(1493) Pause Remark 1063M->1063M(2048M) 0.551ms
[22.287s][info   ][gc,cpu      ] GC(1493) User=0.00s Sys=0.00s Real=0.00s
[22.287s][info   ][gc,marking  ] GC(1493) Concurrent Mark 8.402ms
[22.287s][info   ][gc,marking  ] GC(1493) Concurrent Rebuild Remembered Sets
[22.294s][info   ][gc,marking  ] GC(1493) Concurrent Rebuild Remembered Sets 6.709ms
[22.295s][info   ][gc,start    ] GC(1493) Pause Cleanup
[22.295s][info   ][gc          ] GC(1493) Pause Cleanup 1177M->1177M(2048M) 0.271ms
[22.295s][info   ][gc,cpu      ] GC(1493) User=0.00s Sys=0.00s Real=0.00s
[22.295s][info   ][gc,marking  ] GC(1493) Concurrent Cleanup for Next Mark
[22.311s][info   ][gc,marking  ] GC(1493) Concurrent Cleanup for Next Mark 15.762ms
[22.311s][info   ][gc          ] GC(1493) Concurrent Mark Cycle 32.609ms
[22.312s][info   ][gc,start    ] GC(1494) Pause Young (Concurrent Start) (G1 Humongous Allocation)
[22.312s][info   ][gc,task     ] GC(1494) Using 4 workers of 4 for evacuation
[22.314s][info   ][gc,phases   ] GC(1494)   Pre Evacuate Collection Set: 0.2ms
[22.314s][info   ][gc,phases   ] GC(1494)   Merge Heap Roots: 0.3ms
[22.314s][info   ][gc,phases   ] GC(1494)   Evacuate Collection Set: 0.5ms
[22.314s][info   ][gc,phases   ] GC(1494)   Post Evacuate Collection Set: 0.6ms
[22.314s][info   ][gc,phases   ] GC(1494)   Other: 0.3ms
[22.314s][info   ][gc,heap     ] GC(1494) Eden regions: 0->0(912)
[22.314s][info   ][gc,heap     ] GC(1494) Survivor regions: 0->0(103)
[22.314s][info   ][gc,heap     ] GC(1494) Old regions: 1->1
[22.314s][info   ][gc,heap     ] GC(1494) Archive regions: 2->2
[22.314s][info   ][gc,heap     ] GC(1494) Humongous regions: 1372->852
[22.314s][info   ][gc,metaspace] GC(1494) Metaspace: 158K(384K)->158K(384K) NonClass: 150K(256K)->150K(256K) Class: 8K(128K)->8K(128K)
[22.314s][info   ][gc          ] GC(1494) Pause Young (Concurrent Start) (G1 Humongous Allocation) 1373M->853M(2048M) 1.988ms
[22.314s][info   ][gc,cpu      ] GC(1494) User=0.00s Sys=0.00s Real=0.00s
[22.314s][info   ][gc          ] GC(1495) Concurrent Undo Cycle
[22.314s][info   ][gc,marking  ] GC(1495) Concurrent Cleanup for Next Mark
[22.327s][info   ][gc,marking  ] GC(1495) Concurrent Cleanup for Next Mark 12.772ms
[22.327s][info   ][gc          ] GC(1495) Concurrent Undo Cycle 12.925ms
[22.327s][info   ][gc,start    ] GC(1496) Pause Young (Concurrent Start) (G1 Humongous Allocation)
[22.327s][info   ][gc,task     ] GC(1496) Using 4 workers of 4 for evacuation
[22.329s][info   ][gc,phases   ] GC(1496)   Pre Evacuate Collection Set: 0.2ms
[22.329s][info   ][gc,phases   ] GC(1496)   Merge Heap Roots: 0.1ms
[22.329s][info   ][gc,phases   ] GC(1496)   Evacuate Collection Set: 0.2ms
[22.329s][info   ][gc,phases   ] GC(1496)   Post Evacuate Collection Set: 0.4ms
[22.329s][info   ][gc,phases   ] GC(1496)   Other: 0.2ms
[22.329s][info   ][gc,heap     ] GC(1496) Eden regions: 0->0(919)
[22.329s][info   ][gc,heap     ] GC(1496) Survivor regions: 0->0(114)
[22.329s][info   ][gc,heap     ] GC(1496) Old regions: 1->1
[22.329s][info   ][gc,heap     ] GC(1496) Archive regions: 2->2
[22.329s][info   ][gc,heap     ] GC(1496) Humongous regions: 978->844
[22.329s][info   ][gc,metaspace] GC(1496) Metaspace: 158K(384K)->158K(384K) NonClass: 150K(256K)->150K(256K) Class: 8K(128K)->8K(128K)
[22.329s][info   ][gc          ] GC(1496) Pause Young (Concurrent Start) (G1 Humongous Allocation) 979M->845M(2048M) 1.195ms
[22.329s][info   ][gc,cpu      ] GC(1496) User=0.00s Sys=0.00s Real=0.01s
[22.329s][info   ][gc          ] GC(1497) Concurrent Undo Cycle
[22.329s][info   ][gc,marking  ] GC(1497) Concurrent Cleanup for Next Mark
[22.342s][info   ][gc,marking  ] GC(1497) Concurrent Cleanup for Next Mark 13.728ms
[22.343s][info   ][gc          ] GC(1497) Concurrent Undo Cycle 13.918ms
[22.343s][info   ][gc,start    ] GC(1498) Pause Young (Concurrent Start) (G1 Humongous Allocation)
[22.343s][info   ][gc,task     ] GC(1498) Using 4 workers of 4 for evacuation
[22.344s][info   ][gc,phases   ] GC(1498)   Pre Evacuate Collection Set: 0.2ms
[22.344s][info   ][gc,phases   ] GC(1498)   Merge Heap Roots: 0.1ms
[22.344s][info   ][gc,phases   ] GC(1498)   Evacuate Collection Set: 0.2ms
[22.344s][info   ][gc,phases   ] GC(1498)   Post Evacuate Collection Set: 0.4ms
[22.344s][info   ][gc,phases   ] GC(1498)   Other: 0.2ms
[22.344s][info   ][gc,heap     ] GC(1498) Eden regions: 0->0(888)
[22.344s][info   ][gc,heap     ] GC(1498) Survivor regions: 0->0(115)
[22.344s][info   ][gc,heap     ] GC(1498) Old regions: 1->1
[22.344s][info   ][gc,heap     ] GC(1498) Archive regions: 2->2
[22.344s][info   ][gc,heap     ] GC(1498) Humongous regions: 1010->878
[22.344s][info   ][gc,metaspace] GC(1498) Metaspace: 158K(384K)->158K(384K) NonClass: 150K(256K)->150K(256K) Class: 8K(128K)->8K(128K)
[22.344s][info   ][gc          ] GC(1498) Pause Young (Concurrent Start) (G1 Humongous Allocation) 1011M->879M(2048M) 1.118ms
[22.344s][info   ][gc,cpu      ] GC(1498) User=0.00s Sys=0.00s Real=0.00s
[22.344s][info   ][gc          ] GC(1499) Concurrent Undo Cycle
[22.344s][info   ][gc,marking  ] GC(1499) Concurrent Cleanup for Next Mark
[22.360s][info   ][gc,marking  ] GC(1499) Concurrent Cleanup for Next Mark 15.742ms
[22.360s][info   ][gc          ] GC(1499) Concurrent Undo Cycle 15.979ms
[22.362s][info   ][gc,start    ] GC(1500) Pause Young (Concurrent Start) (G1 Humongous Allocation)
[22.362s][info   ][gc,task     ] GC(1500) Using 4 workers of 4 for evacuation
[22.363s][info   ][gc,phases   ] GC(1500)   Pre Evacuate Collection Set: 0.2ms
[22.363s][info   ][gc,phases   ] GC(1500)   Merge Heap Roots: 0.1ms
[22.363s][info   ][gc,phases   ] GC(1500)   Evacuate Collection Set: 0.3ms
[22.363s][info   ][gc,phases   ] GC(1500)   Post Evacuate Collection Set: 0.5ms
[22.363s][info   ][gc,phases   ] GC(1500)   Other: 0.2ms
[22.363s][info   ][gc,heap     ] GC(1500) Eden regions: 0->0(918)
[22.363s][info   ][gc,heap     ] GC(1500) Survivor regions: 0->0(111)
[22.363s][info   ][gc,heap     ] GC(1500) Old regions: 1->1
[22.363s][info   ][gc,heap     ] GC(1500) Archive regions: 2->2
[22.363s][info   ][gc,heap     ] GC(1500) Humongous regions: 1056->846
[22.363s][info   ][gc,metaspace] GC(1500) Metaspace: 158K(384K)->158K(384K) NonClass: 150K(256K)->150K(256K) Class: 8K(128K)->8K(128K)
[22.363s][info   ][gc          ] GC(1500) Pause Young (Concurrent Start) (G1 Humongous Allocation) 1057M->847M(2048M) 1.310ms
[22.363s][info   ][gc,cpu      ] GC(1500) User=0.00s Sys=0.00s Real=0.00s
[22.363s][info   ][gc          ] GC(1501) Concurrent Undo Cycle
[22.363s][info   ][gc,marking  ] GC(1501) Concurrent Cleanup for Next Mark
[22.375s][info   ][gc,marking  ] GC(1501) Concurrent Cleanup for Next Mark 12.405ms
[22.376s][info   ][gc          ] GC(1501) Concurrent Undo Cycle 12.645ms
[22.376s][info   ][gc,start    ] GC(1502) Pause Young (Concurrent Start) (G1 Humongous Allocation)
[22.376s][info   ][gc,task     ] GC(1502) Using 4 workers of 4 for evacuation
[22.377s][info   ][gc,phases   ] GC(1502)   Pre Evacuate Collection Set: 0.2ms
[22.377s][info   ][gc,phases   ] GC(1502)   Merge Heap Roots: 0.1ms
[22.377s][info   ][gc,phases   ] GC(1502)   Evacuate Collection Set: 0.2ms
[22.377s][info   ][gc,phases   ] GC(1502)   Post Evacuate Collection Set: 0.4ms
[22.377s][info   ][gc,phases   ] GC(1502)   Other: 0.1ms
[22.377s][info   ][gc,heap     ] GC(1502) Eden regions: 0->0(916)
[22.377s][info   ][gc,heap     ] GC(1502) Survivor regions: 0->0(115)
[22.377s][info   ][gc,heap     ] GC(1502) Old regions: 1->1
[22.377s][info   ][gc,heap     ] GC(1502) Archive regions: 2->2
[22.377s][info   ][gc,heap     ] GC(1502) Humongous regions: 988->848
[22.377s][info   ][gc,metaspace] GC(1502) Metaspace: 158K(384K)->158K(384K) NonClass: 150K(256K)->150K(256K) Class: 8K(128K)->8K(128K)
[22.377s][info   ][gc          ] GC(1502) Pause Young (Concurrent Start) (G1 Humongous Allocation) 989M->849M(2048M) 1.077ms
[22.377s][info   ][gc,cpu      ] GC(1502) User=0.00s Sys=0.00s Real=0.00s
[22.377s][info   ][gc          ] GC(1503) Concurrent Undo Cycle
[22.377s][info   ][gc,marking  ] GC(1503) Concurrent Cleanup for Next Mark
[22.389s][info   ][gc,marking  ] GC(1503) Concurrent Cleanup for Next Mark 11.941ms
[22.389s][info   ][gc          ] GC(1503) Concurrent Undo Cycle 12.202ms
[22.391s][info   ][gc,start    ] GC(1504) Pause Young (Concurrent Start) (G1 Humongous Allocation)
[22.391s][info   ][gc,task     ] GC(1504) Using 4 workers of 4 for evacuation
[22.392s][info   ][gc,phases   ] GC(1504)   Pre Evacuate Collection Set: 0.3ms
[22.392s][info   ][gc,phases   ] GC(1504)   Merge Heap Roots: 0.2ms
[22.392s][info   ][gc,phases   ] GC(1504)   Evacuate Collection Set: 0.3ms
[22.392s][info   ][gc,phases   ] GC(1504)   Post Evacuate Collection Set: 0.4ms
[22.392s][info   ][gc,phases   ] GC(1504)   Other: 0.2ms
[22.392s][info   ][gc,heap     ] GC(1504) Eden regions: 0->0(929)
[22.392s][info   ][gc,heap     ] GC(1504) Survivor regions: 0->0(115)
[22.392s][info   ][gc,heap     ] GC(1504) Old regions: 1->1
[22.392s][info   ][gc,heap     ] GC(1504) Archive regions: 2->2
[22.392s][info   ][gc,heap     ] GC(1504) Humongous regions: 976->834
[22.392s][info   ][gc,metaspace] GC(1504) Metaspace: 158K(384K)->158K(384K) NonClass: 150K(256K)->150K(256K) Class: 8K(128K)->8K(128K)
[22.392s][info   ][gc          ] GC(1504) Pause Young (Concurrent Start) (G1 Humongous Allocation) 977M->835M(2048M) 1.402ms
[22.392s][info   ][gc,cpu      ] GC(1504) User=0.00s Sys=0.00s Real=0.00s
[22.392s][info   ][gc          ] GC(1505) Concurrent Undo Cycle
[22.392s][info   ][gc,marking  ] GC(1505) Concurrent Cleanup for Next Mark
[22.407s][info   ][gc,marking  ] GC(1505) Concurrent Cleanup for Next Mark 15.035ms
[22.407s][info   ][gc          ] GC(1505) Concurrent Undo Cycle 15.241ms
[22.408s][info   ][gc,start    ] GC(1506) Pause Young (Concurrent Start) (G1 Humongous Allocation)
[22.408s][info   ][gc,task     ] GC(1506) Using 4 workers of 4 for evacuation
[22.409s][info   ][gc,phases   ] GC(1506)   Pre Evacuate Collection Set: 0.2ms
[22.409s][info   ][gc,phases   ] GC(1506)   Merge Heap Roots: 0.1ms
[22.409s][info   ][gc,phases   ] GC(1506)   Evacuate Collection Set: 0.2ms
[22.409s][info   ][gc,phases   ] GC(1506)   Post Evacuate Collection Set: 0.4ms
[22.409s][info   ][gc,phases   ] GC(1506)   Other: 0.2ms
[22.409s][info   ][gc,heap     ] GC(1506) Eden regions: 0->0(951)
[22.409s][info   ][gc,heap     ] GC(1506) Survivor regions: 0->0(117)
[22.409s][info   ][gc,heap     ] GC(1506) Old regions: 1->1
[22.409s][info   ][gc,heap     ] GC(1506) Archive regions: 2->2
[22.409s][info   ][gc,heap     ] GC(1506) Humongous regions: 1016->810
[22.409s][info   ][gc,metaspace] GC(1506) Metaspace: 158K(384K)->158K(384K) NonClass: 150K(256K)->150K(256K) Class: 8K(128K)->8K(128K)
[22.409s][info   ][gc          ] GC(1506) Pause Young (Concurrent Start) (G1 Humongous Allocation) 1017M->811M(2048M) 1.124ms
[22.409s][info   ][gc,cpu      ] GC(1506) User=0.00s Sys=0.00s Real=0.00s
[22.409s][info   ][gc          ] GC(1507) Concurrent Undo Cycle
[22.409s][info   ][gc,marking  ] GC(1507) Concurrent Cleanup for Next Mark
[22.421s][info   ][gc,marking  ] GC(1507) Concurrent Cleanup for Next Mark 11.264ms
[22.421s][info   ][gc          ] GC(1507) Concurrent Undo Cycle 11.466ms
[22.422s][info   ][gc,start    ] GC(1508) Pause Young (Concurrent Start) (G1 Humongous Allocation)
[22.422s][info   ][gc,task     ] GC(1508) Using 4 workers of 4 for evacuation
[22.423s][info   ][gc,phases   ] GC(1508)   Pre Evacuate Collection Set: 0.2ms
[22.423s][info   ][gc,phases   ] GC(1508)   Merge Heap Roots: 0.1ms
[22.423s][info   ][gc,phases   ] GC(1508)   Evacuate Collection Set: 0.3ms
[22.423s][info   ][gc,phases   ] GC(1508)   Post Evacuate Collection Set: 0.4ms
[22.423s][info   ][gc,phases   ] GC(1508)   Other: 0.2ms
[22.423s][info   ][gc,heap     ] GC(1508) Eden regions: 0->0(971)
[22.423s][info   ][gc,heap     ] GC(1508) Survivor regions: 0->0(119)
[22.423s][info   ][gc,heap     ] GC(1508) Old regions: 1->1
[22.423s][info   ][gc,heap     ] GC(1508) Archive regions: 2->2
[22.423s][info   ][gc,heap     ] GC(1508) Humongous regions: 936->788
[22.423s][info   ][gc,metaspace] GC(1508) Metaspace: 158K(384K)->158K(384K) NonClass: 150K(256K)->150K(256K) Class: 8K(128K)->8K(128K)
[22.423s][info   ][gc          ] GC(1508) Pause Young (Concurrent Start) (G1 Humongous Allocation) 937M->789M(2048M) 1.080ms
[22.423s][info   ][gc,cpu      ] GC(1508) User=0.00s Sys=0.00s Real=0.00s
[22.423s][info   ][gc          ] GC(1509) Concurrent Undo Cycle
[22.423s][info   ][gc,marking  ] GC(1509) Concurrent Cleanup for Next Mark
[22.436s][info   ][gc,marking  ] GC(1509) Concurrent Cleanup for Next Mark 13.271ms
[22.436s][info   ][gc          ] GC(1509) Concurrent Undo Cycle 13.471ms
[22.437s][info   ][gc,start    ] GC(1510) Pause Young (Concurrent Start) (G1 Humongous Allocation)
[22.437s][info   ][gc,task     ] GC(1510) Using 4 workers of 4 for evacuation
[22.438s][info   ][gc,phases   ] GC(1510)   Pre Evacuate Collection Set: 0.2ms
[22.438s][info   ][gc,phases   ] GC(1510)   Merge Heap Roots: 0.1ms
[22.438s][info   ][gc,phases   ] GC(1510)   Evacuate Collection Set: 0.2ms
[22.438s][info   ][gc,phases   ] GC(1510)   Post Evacuate Collection Set: 0.4ms
[22.438s][info   ][gc,phases   ] GC(1510)   Other: 0.2ms
[22.438s][info   ][gc,heap     ] GC(1510) Eden regions: 0->0(949)
[22.438s][info   ][gc,heap     ] GC(1510) Survivor regions: 0->0(122)
[22.438s][info   ][gc,heap     ] GC(1510) Old regions: 1->1
[22.438s][info   ][gc,heap     ] GC(1510) Archive regions: 2->2
[22.438s][info   ][gc,heap     ] GC(1510) Humongous regions: 936->812
[22.438s][info   ][gc,metaspace] GC(1510) Metaspace: 158K(384K)->158K(384K) NonClass: 150K(256K)->150K(256K) Class: 8K(128K)->8K(128K)
[22.438s][info   ][gc          ] GC(1510) Pause Young (Concurrent Start) (G1 Humongous Allocation) 937M->813M(2048M) 1.115ms
[22.438s][info   ][gc,cpu      ] GC(1510) User=0.00s Sys=0.00s Real=0.01s
[22.439s][info   ][gc          ] GC(1511) Concurrent Undo Cycle
[22.439s][info   ][gc,marking  ] GC(1511) Concurrent Cleanup for Next Mark
[22.454s][info   ][gc,marking  ] GC(1511) Concurrent Cleanup for Next Mark 15.104ms
[22.454s][info   ][gc          ] GC(1511) Concurrent Undo Cycle 15.301ms
[22.454s][info   ][gc,start    ] GC(1512) Pause Young (Concurrent Start) (G1 Humongous Allocation)
[22.454s][info   ][gc,task     ] GC(1512) Using 4 workers of 4 for evacuation
[22.455s][info   ][gc,phases   ] GC(1512)   Pre Evacuate Collection Set: 0.2ms
[22.455s][info   ][gc,phases   ] GC(1512)   Merge Heap Roots: 0.1ms
[22.455s][info   ][gc,phases   ] GC(1512)   Evacuate Collection Set: 0.2ms
[22.455s][info   ][gc,phases   ] GC(1512)   Post Evacuate Collection Set: 0.4ms
[22.455s][info   ][gc,phases   ] GC(1512)   Other: 0.2ms
[22.455s][info   ][gc,heap     ] GC(1512) Eden regions: 0->0(966)
[22.455s][info   ][gc,heap     ] GC(1512) Survivor regions: 0->0(119)
[22.456s][info   ][gc,heap     ] GC(1512) Old regions: 1->1
[22.456s][info   ][gc,heap     ] GC(1512) Archive regions: 2->2
[22.456s][info   ][gc,heap     ] GC(1512) Humongous regions: 990->794
[22.456s][info   ][gc,metaspace] GC(1512) Metaspace: 158K(384K)->158K(384K) NonClass: 150K(256K)->150K(256K) Class: 8K(128K)->8K(128K)
[22.456s][info   ][gc          ] GC(1512) Pause Young (Concurrent Start) (G1 Humongous Allocation) 991M->795M(2048M) 1.162ms
[22.456s][info   ][gc,cpu      ] GC(1512) User=0.00s Sys=0.00s Real=0.00s
[22.456s][info   ][gc          ] GC(1513) Concurrent Undo Cycle
[22.456s][info   ][gc,marking  ] GC(1513) Concurrent Cleanup for Next Mark
[22.469s][info   ][gc,marking  ] GC(1513) Concurrent Cleanup for Next Mark 13.567ms
[22.469s][info   ][gc          ] GC(1513) Concurrent Undo Cycle 13.797ms
[22.470s][info   ][gc,start    ] GC(1514) Pause Young (Concurrent Start) (G1 Humongous Allocation)
[22.470s][info   ][gc,task     ] GC(1514) Using 4 workers of 4 for evacuation
[22.471s][info   ][gc,phases   ] GC(1514)   Pre Evacuate Collection Set: 0.2ms
[22.471s][info   ][gc,phases   ] GC(1514)   Merge Heap Roots: 0.1ms
[22.471s][info   ][gc,phases   ] GC(1514)   Evacuate Collection Set: 0.2ms
[22.471s][info   ][gc,phases   ] GC(1514)   Post Evacuate Collection Set: 0.4ms
[22.471s][info   ][gc,phases   ] GC(1514)   Other: 0.1ms
[22.471s][info   ][gc,heap     ] GC(1514) Eden regions: 0->0(940)
[22.471s][info   ][gc,heap     ] GC(1514) Survivor regions: 0->0(121)
[22.471s][info   ][gc,heap     ] GC(1514) Old regions: 1->1
[22.471s][info   ][gc,heap     ] GC(1514) Archive regions: 2->2
[22.471s][info   ][gc,heap     ] GC(1514) Humongous regions: 950->822
[22.471s][info   ][gc,metaspace] GC(1514) Metaspace: 158K(384K)->158K(384K) NonClass: 150K(256K)->150K(256K) Class: 8K(128K)->8K(128K)
[22.471s][info   ][gc          ] GC(1514) Pause Young (Concurrent Start) (G1 Humongous Allocation) 951M->823M(2048M) 1.075ms
[22.471s][info   ][gc,cpu      ] GC(1514) User=0.00s Sys=0.00s Real=0.00s
[22.471s][info   ][gc          ] GC(1515) Concurrent Undo Cycle
[22.471s][info   ][gc,marking  ] GC(1515) Concurrent Cleanup for Next Mark
[22.481s][info   ][gc,marking  ] GC(1515) Concurrent Cleanup for Next Mark 9.555ms
[22.481s][info   ][gc          ] GC(1515) Concurrent Undo Cycle 9.810ms
[22.482s][info   ][gc,start    ] GC(1516) Pause Young (Concurrent Start) (G1 Humongous Allocation)
[22.482s][info   ][gc,task     ] GC(1516) Using 4 workers of 4 for evacuation
[22.483s][info   ][gc,phases   ] GC(1516)   Pre Evacuate Collection Set: 0.3ms
[22.483s][info   ][gc,phases   ] GC(1516)   Merge Heap Roots: 0.1ms
[22.483s][info   ][gc,phases   ] GC(1516)   Evacuate Collection Set: 0.2ms
[22.483s][info   ][gc,phases   ] GC(1516)   Post Evacuate Collection Set: 0.4ms
[22.483s][info   ][gc,phases   ] GC(1516)   Other: 0.1ms
[22.483s][info   ][gc,heap     ] GC(1516) Eden regions: 0->0(966)
[22.483s][info   ][gc,heap     ] GC(1516) Survivor regions: 0->0(118)
[22.483s][info   ][gc,heap     ] GC(1516) Old regions: 1->1
[22.483s][info   ][gc,heap     ] GC(1516) Archive regions: 2->2
[22.483s][info   ][gc,heap     ] GC(1516) Humongous regions: 920->794
[22.483s][info   ][gc,metaspace] GC(1516) Metaspace: 158K(384K)->158K(384K) NonClass: 150K(256K)->150K(256K) Class: 8K(128K)->8K(128K)
[22.483s][info   ][gc          ] GC(1516) Pause Young (Concurrent Start) (G1 Humongous Allocation) 921M->795M(2048M) 1.120ms
[22.483s][info   ][gc,cpu      ] GC(1516) User=0.00s Sys=0.00s Real=0.00s
[22.483s][info   ][gc          ] GC(1517) Concurrent Undo Cycle
[22.483s][info   ][gc,marking  ] GC(1517) Concurrent Cleanup for Next Mark
[22.497s][info   ][gc,marking  ] GC(1517) Concurrent Cleanup for Next Mark 13.607ms
[22.497s][info   ][gc          ] GC(1517) Concurrent Undo Cycle 13.797ms
[22.497s][info   ][gc,start    ] GC(1518) Pause Young (Concurrent Start) (G1 Humongous Allocation)
[22.497s][info   ][gc,task     ] GC(1518) Using 4 workers of 4 for evacuation
[22.498s][info   ][gc,phases   ] GC(1518)   Pre Evacuate Collection Set: 0.2ms
[22.498s][info   ][gc,phases   ] GC(1518)   Merge Heap Roots: 0.1ms
[22.498s][info   ][gc,phases   ] GC(1518)   Evacuate Collection Set: 0.3ms
[22.498s][info   ][gc,phases   ] GC(1518)   Post Evacuate Collection Set: 0.4ms
[22.498s][info   ][gc,phases   ] GC(1518)   Other: 0.2ms
[22.498s][info   ][gc,heap     ] GC(1518) Eden regions: 0->0(988)
[22.498s][info   ][gc,heap     ] GC(1518) Survivor regions: 0->0(121)
[22.498s][info   ][gc,heap     ] GC(1518) Old regions: 1->1
[22.498s][info   ][gc,heap     ] GC(1518) Archive regions: 2->2
[22.498s][info   ][gc,heap     ] GC(1518) Humongous regions: 960->770
[22.498s][info   ][gc,metaspace] GC(1518) Metaspace: 158K(384K)->158K(384K) NonClass: 150K(256K)->150K(256K) Class: 8K(128K)->8K(128K)
[22.498s][info   ][gc          ] GC(1518) Pause Young (Concurrent Start) (G1 Humongous Allocation) 961M->771M(2048M) 1.223ms
[22.498s][info   ][gc,cpu      ] GC(1518) User=0.00s Sys=0.00s Real=0.01s
[22.498s][info   ][gc          ] GC(1519) Concurrent Undo Cycle
[22.498s][info   ][gc,marking  ] GC(1519) Concurrent Cleanup for Next Mark
[22.510s][info   ][gc,marking  ] GC(1519) Concurrent Cleanup for Next Mark 11.418ms
[22.510s][info   ][gc          ] GC(1519) Concurrent Undo Cycle 11.610ms
[22.512s][info   ][gc,start    ] GC(1520) Pause Young (Concurrent Start) (G1 Humongous Allocation)
[22.512s][info   ][gc,task     ] GC(1520) Using 4 workers of 4 for evacuation
[22.513s][info   ][gc,phases   ] GC(1520)   Pre Evacuate Collection Set: 0.2ms
[22.513s][info   ][gc,phases   ] GC(1520)   Merge Heap Roots: 0.1ms
[22.513s][info   ][gc,phases   ] GC(1520)   Evacuate Collection Set: 0.2ms
[22.513s][info   ][gc,phases   ] GC(1520)   Post Evacuate Collection Set: 0.4ms
[22.513s][info   ][gc,phases   ] GC(1520)   Other: 0.2ms
[22.513s][info   ][gc,heap     ] GC(1520) Eden regions: 0->0(975)
[22.513s][info   ][gc,heap     ] GC(1520) Survivor regions: 0->0(124)
[22.513s][info   ][gc,heap     ] GC(1520) Old regions: 1->1
[22.513s][info   ][gc,heap     ] GC(1520) Archive regions: 2->2
[22.513s][info   ][gc,heap     ] GC(1520) Humongous regions: 918->784
[22.513s][info   ][gc,metaspace] GC(1520) Metaspace: 158K(384K)->158K(384K) NonClass: 150K(256K)->150K(256K) Class: 8K(128K)->8K(128K)
[22.513s][info   ][gc          ] GC(1520) Pause Young (Concurrent Start) (G1 Humongous Allocation) 919M->785M(2048M) 1.217ms
[22.513s][info   ][gc,cpu      ] GC(1520) User=0.00s Sys=0.00s Real=0.00s
[22.513s][info   ][gc          ] GC(1521) Concurrent Undo Cycle
[22.513s][info   ][gc,marking  ] GC(1521) Concurrent Cleanup for Next Mark
[22.520s][info   ][gc,marking  ] GC(1521) Concurrent Cleanup for Next Mark 7.194ms
[22.520s][info   ][gc          ] GC(1521) Concurrent Undo Cycle 7.317ms
[22.526s][info   ][gc,start    ] GC(1522) Pause Young (Concurrent Start) (G1 Humongous Allocation)
[22.526s][info   ][gc,task     ] GC(1522) Using 4 workers of 4 for evacuation
[22.527s][info   ][gc,phases   ] GC(1522)   Pre Evacuate Collection Set: 0.2ms
[22.527s][info   ][gc,phases   ] GC(1522)   Merge Heap Roots: 0.1ms
[22.527s][info   ][gc,phases   ] GC(1522)   Evacuate Collection Set: 0.2ms
[22.527s][info   ][gc,phases   ] GC(1522)   Post Evacuate Collection Set: 0.4ms
[22.527s][info   ][gc,phases   ] GC(1522)   Other: 0.2ms
[22.527s][info   ][gc,heap     ] GC(1522) Eden regions: 0->0(951)
[22.527s][info   ][gc,heap     ] GC(1522) Survivor regions: 0->0(122)
[22.527s][info   ][gc,heap     ] GC(1522) Old regions: 1->1
[22.527s][info   ][gc,heap     ] GC(1522) Archive regions: 2->2
[22.527s][info   ][gc,heap     ] GC(1522) Humongous regions: 918->810
[22.527s][info   ][gc,metaspace] GC(1522) Metaspace: 158K(384K)->158K(384K) NonClass: 150K(256K)->150K(256K) Class: 8K(128K)->8K(128K)
[22.527s][info   ][gc          ] GC(1522) Pause Young (Concurrent Start) (G1 Humongous Allocation) 919M->811M(2048M) 1.057ms
[22.527s][info   ][gc,cpu      ] GC(1522) User=0.00s Sys=0.00s Real=0.00s
[22.527s][info   ][gc          ] GC(1523) Concurrent Undo Cycle
[22.527s][info   ][gc,marking  ] GC(1523) Concurrent Cleanup for Next Mark
[22.542s][info   ][gc,marking  ] GC(1523) Concurrent Cleanup for Next Mark 14.473ms
[22.542s][info   ][gc          ] GC(1523) Concurrent Undo Cycle 14.642ms
[22.543s][info   ][gc,start    ] GC(1524) Pause Young (Concurrent Start) (G1 Humongous Allocation)
[22.543s][info   ][gc,task     ] GC(1524) Using 4 workers of 4 for evacuation
[22.544s][info   ][gc,phases   ] GC(1524)   Pre Evacuate Collection Set: 0.2ms
[22.544s][info   ][gc,phases   ] GC(1524)   Merge Heap Roots: 0.1ms
[22.544s][info   ][gc,phases   ] GC(1524)   Evacuate Collection Set: 0.2ms
[22.544s][info   ][gc,phases   ] GC(1524)   Post Evacuate Collection Set: 0.4ms
[22.544s][info   ][gc,phases   ] GC(1524)   Other: 0.1ms
[22.544s][info   ][gc,heap     ] GC(1524) Eden regions: 0->0(927)
[22.544s][info   ][gc,heap     ] GC(1524) Survivor regions: 0->0(119)
[22.544s][info   ][gc,heap     ] GC(1524) Old regions: 1->1
[22.544s][info   ][gc,heap     ] GC(1524) Archive regions: 2->2
[22.544s][info   ][gc,heap     ] GC(1524) Humongous regions: 988->836
[22.544s][info   ][gc,metaspace] GC(1524) Metaspace: 158K(384K)->158K(384K) NonClass: 150K(256K)->150K(256K) Class: 8K(128K)->8K(128K)
[22.544s][info   ][gc          ] GC(1524) Pause Young (Concurrent Start) (G1 Humongous Allocation) 989M->837M(2048M) 1.126ms
[22.544s][info   ][gc,cpu      ] GC(1524) User=0.00s Sys=0.00s Real=0.00s
[22.544s][info   ][gc          ] GC(1525) Concurrent Undo Cycle
[22.544s][info   ][gc,marking  ] GC(1525) Concurrent Cleanup for Next Mark
[22.554s][info   ][gc,marking  ] GC(1525) Concurrent Cleanup for Next Mark 10.078ms
[22.555s][info   ][gc          ] GC(1525) Concurrent Undo Cycle 10.390ms
[22.556s][info   ][gc,start    ] GC(1526) Pause Young (Concurrent Start) (G1 Humongous Allocation)
[22.556s][info   ][gc,task     ] GC(1526) Using 4 workers of 4 for evacuation
[22.557s][info   ][gc,phases   ] GC(1526)   Pre Evacuate Collection Set: 0.2ms
[22.557s][info   ][gc,phases   ] GC(1526)   Merge Heap Roots: 0.1ms
[22.557s][info   ][gc,phases   ] GC(1526)   Evacuate Collection Set: 0.2ms
[22.557s][info   ][gc,phases   ] GC(1526)   Post Evacuate Collection Set: 0.4ms
[22.557s][info   ][gc,phases   ] GC(1526)   Other: 0.1ms
[22.557s][info   ][gc,heap     ] GC(1526) Eden regions: 0->0(930)
[22.557s][info   ][gc,heap     ] GC(1526) Survivor regions: 0->0(116)
[22.557s][info   ][gc,heap     ] GC(1526) Old regions: 1->1
[22.557s][info   ][gc,heap     ] GC(1526) Archive regions: 2->2
[22.557s][info   ][gc,heap     ] GC(1526) Humongous regions: 948->832
[22.557s][info   ][gc,metaspace] GC(1526) Metaspace: 158K(384K)->158K(384K) NonClass: 150K(256K)->150K(256K) Class: 8K(128K)->8K(128K)
[22.557s][info   ][gc          ] GC(1526) Pause Young (Concurrent Start) (G1 Humongous Allocation) 949M->833M(2048M) 1.033ms
[22.557s][info   ][gc,cpu      ] GC(1526) User=0.00s Sys=0.01s Real=0.00s
[22.557s][info   ][gc          ] GC(1527) Concurrent Undo Cycle
[22.557s][info   ][gc,marking  ] GC(1527) Concurrent Cleanup for Next Mark
[22.572s][info   ][gc,marking  ] GC(1527) Concurrent Cleanup for Next Mark 15.254ms
[22.572s][info   ][gc          ] GC(1527) Concurrent Undo Cycle 15.461ms
[22.574s][info   ][gc,start    ] GC(1528) Pause Young (Concurrent Start) (G1 Humongous Allocation)
[22.574s][info   ][gc,task     ] GC(1528) Using 4 workers of 4 for evacuation
[22.575s][info   ][gc,phases   ] GC(1528)   Pre Evacuate Collection Set: 0.2ms
[22.575s][info   ][gc,phases   ] GC(1528)   Merge Heap Roots: 0.1ms
[22.575s][info   ][gc,phases   ] GC(1528)   Evacuate Collection Set: 0.2ms
[22.575s][info   ][gc,phases   ] GC(1528)   Post Evacuate Collection Set: 0.4ms
[22.575s][info   ][gc,phases   ] GC(1528)   Other: 0.1ms
[22.575s][info   ][gc,heap     ] GC(1528) Eden regions: 0->0(923)
[22.575s][info   ][gc,heap     ] GC(1528) Survivor regions: 0->0(117)
[22.575s][info   ][gc,heap     ] GC(1528) Old regions: 1->1
[22.575s][info   ][gc,heap     ] GC(1528) Archive regions: 2->2
[22.575s][info   ][gc,heap     ] GC(1528) Humongous regions: 1026->840
[22.575s][info   ][gc,metaspace] GC(1528) Metaspace: 158K(384K)->158K(384K) NonClass: 150K(256K)->150K(256K) Class: 8K(128K)->8K(128K)
[22.575s][info   ][gc          ] GC(1528) Pause Young (Concurrent Start) (G1 Humongous Allocation) 1027M->841M(2048M) 1.150ms
[22.575s][info   ][gc,cpu      ] GC(1528) User=0.00s Sys=0.00s Real=0.00s
[22.575s][info   ][gc          ] GC(1529) Concurrent Undo Cycle
[22.575s][info   ][gc,marking  ] GC(1529) Concurrent Cleanup for Next Mark
[22.591s][info   ][gc,marking  ] GC(1529) Concurrent Cleanup for Next Mark 16.389ms
[22.591s][info   ][gc          ] GC(1529) Concurrent Undo Cycle 16.723ms
[22.592s][info   ][gc,start    ] GC(1530) Pause Young (Concurrent Start) (G1 Humongous Allocation)
[22.592s][info   ][gc,task     ] GC(1530) Using 4 workers of 4 for evacuation
[22.593s][info   ][gc,phases   ] GC(1530)   Pre Evacuate Collection Set: 0.2ms
[22.593s][info   ][gc,phases   ] GC(1530)   Merge Heap Roots: 0.1ms
[22.593s][info   ][gc,phases   ] GC(1530)   Evacuate Collection Set: 0.2ms
[22.593s][info   ][gc,phases   ] GC(1530)   Post Evacuate Collection Set: 0.4ms
[22.593s][info   ][gc,phases   ] GC(1530)   Other: 0.1ms
[22.593s][info   ][gc,heap     ] GC(1530) Eden regions: 0->0(908)
[22.593s][info   ][gc,heap     ] GC(1530) Survivor regions: 0->0(116)
[22.593s][info   ][gc,heap     ] GC(1530) Old regions: 1->1
[22.593s][info   ][gc,heap     ] GC(1530) Archive regions: 2->2
[22.593s][info   ][gc,heap     ] GC(1530) Humongous regions: 1040->856
[22.593s][info   ][gc,metaspace] GC(1530) Metaspace: 158K(384K)->158K(384K) NonClass: 150K(256K)->150K(256K) Class: 8K(128K)->8K(128K)
[22.593s][info   ][gc          ] GC(1530) Pause Young (Concurrent Start) (G1 Humongous Allocation) 1041M->857M(2048M) 1.074ms
[22.593s][info   ][gc,cpu      ] GC(1530) User=0.00s Sys=0.00s Real=0.00s
[22.593s][info   ][gc          ] GC(1531) Concurrent Undo Cycle
[22.593s][info   ][gc,marking  ] GC(1531) Concurrent Cleanup for Next Mark
[22.607s][info   ][gc,marking  ] GC(1531) Concurrent Cleanup for Next Mark 13.779ms
[22.607s][info   ][gc          ] GC(1531) Concurrent Undo Cycle 13.963ms
[22.608s][info   ][gc,start    ] GC(1532) Pause Young (Concurrent Start) (G1 Humongous Allocation)
[22.608s][info   ][gc,task     ] GC(1532) Using 4 workers of 4 for evacuation
[22.609s][info   ][gc,phases   ] GC(1532)   Pre Evacuate Collection Set: 0.2ms
[22.609s][info   ][gc,phases   ] GC(1532)   Merge Heap Roots: 0.1ms
[22.609s][info   ][gc,phases   ] GC(1532)   Evacuate Collection Set: 0.3ms
[22.609s][info   ][gc,phases   ] GC(1532)   Post Evacuate Collection Set: 0.4ms
[22.609s][info   ][gc,phases   ] GC(1532)   Other: 0.1ms
[22.609s][info   ][gc,heap     ] GC(1532) Eden regions: 0->0(960)
[22.609s][info   ][gc,heap     ] GC(1532) Survivor regions: 0->0(114)
[22.609s][info   ][gc,heap     ] GC(1532) Old regions: 1->1
[22.609s][info   ][gc,heap     ] GC(1532) Archive regions: 2->2
[22.609s][info   ][gc,heap     ] GC(1532) Humongous regions: 1012->800
[22.609s][info   ][gc,metaspace] GC(1532) Metaspace: 158K(384K)->158K(384K) NonClass: 150K(256K)->150K(256K) Class: 8K(128K)->8K(128K)
[22.609s][info   ][gc          ] GC(1532) Pause Young (Concurrent Start) (G1 Humongous Allocation) 1013M->801M(2048M) 1.132ms
[22.609s][info   ][gc,cpu      ] GC(1532) User=0.00s Sys=0.00s Real=0.01s
[22.609s][info   ][gc          ] GC(1533) Concurrent Undo Cycle
[22.609s][info   ][gc,marking  ] GC(1533) Concurrent Cleanup for Next Mark
[22.621s][info   ][gc,marking  ] GC(1533) Concurrent Cleanup for Next Mark 12.273ms
[22.621s][info   ][gc          ] GC(1533) Concurrent Undo Cycle 12.435ms
[22.622s][info   ][gc,start    ] GC(1534) Pause Young (Concurrent Start) (G1 Humongous Allocation)
[22.622s][info   ][gc,task     ] GC(1534) Using 4 workers of 4 for evacuation
[22.623s][info   ][gc,phases   ] GC(1534)   Pre Evacuate Collection Set: 0.2ms
[22.623s][info   ][gc,phases   ] GC(1534)   Merge Heap Roots: 0.1ms
[22.623s][info   ][gc,phases   ] GC(1534)   Evacuate Collection Set: 0.7ms
[22.623s][info   ][gc,phases   ] GC(1534)   Post Evacuate Collection Set: 0.4ms
[22.623s][info   ][gc,phases   ] GC(1534)   Other: 0.2ms
[22.623s][info   ][gc,heap     ] GC(1534) Eden regions: 0->0(973)
[22.623s][info   ][gc,heap     ] GC(1534) Survivor regions: 0->0(120)
[22.623s][info   ][gc,heap     ] GC(1534) Old regions: 1->1
[22.623s][info   ][gc,heap     ] GC(1534) Archive regions: 2->2
[22.623s][info   ][gc,heap     ] GC(1534) Humongous regions: 936->786
[22.623s][info   ][gc,metaspace] GC(1534) Metaspace: 158K(384K)->158K(384K) NonClass: 150K(256K)->150K(256K) Class: 8K(128K)->8K(128K)
[22.623s][info   ][gc          ] GC(1534) Pause Young (Concurrent Start) (G1 Humongous Allocation) 937M->787M(2048M) 1.628ms
[22.623s][info   ][gc,cpu      ] GC(1534) User=0.00s Sys=0.00s Real=0.00s
[22.623s][info   ][gc          ] GC(1535) Concurrent Undo Cycle
[22.623s][info   ][gc,marking  ] GC(1535) Concurrent Cleanup for Next Mark
[22.636s][info   ][gc,marking  ] GC(1535) Concurrent Cleanup for Next Mark 12.799ms
[22.636s][info   ][gc          ] GC(1535) Concurrent Undo Cycle 13.026ms
[22.637s][info   ][gc,start    ] GC(1536) Pause Young (Concurrent Start) (G1 Humongous Allocation)
[22.637s][info   ][gc,task     ] GC(1536) Using 4 workers of 4 for evacuation
[22.638s][info   ][gc,phases   ] GC(1536)   Pre Evacuate Collection Set: 0.1ms
[22.638s][info   ][gc,phases   ] GC(1536)   Merge Heap Roots: 0.1ms
[22.638s][info   ][gc,phases   ] GC(1536)   Evacuate Collection Set: 0.2ms
[22.638s][info   ][gc,phases   ] GC(1536)   Post Evacuate Collection Set: 0.3ms
[22.638s][info   ][gc,phases   ] GC(1536)   Other: 0.1ms
[22.638s][info   ][gc,heap     ] GC(1536) Eden regions: 0->0(962)
[22.638s][info   ][gc,heap     ] GC(1536) Survivor regions: 0->0(122)
[22.638s][info   ][gc,heap     ] GC(1536) Old regions: 1->1
[22.638s][info   ][gc,heap     ] GC(1536) Archive regions: 2->2
[22.638s][info   ][gc,heap     ] GC(1536) Humongous regions: 922->798
[22.638s][info   ][gc,metaspace] GC(1536) Metaspace: 158K(384K)->158K(384K) NonClass: 150K(256K)->150K(256K) Class: 8K(128K)->8K(128K)
[22.638s][info   ][gc          ] GC(1536) Pause Young (Concurrent Start) (G1 Humongous Allocation) 923M->799M(2048M) 0.996ms
[22.638s][info   ][gc,cpu      ] GC(1536) User=0.00s Sys=0.00s Real=0.00s
[22.638s][info   ][gc          ] GC(1537) Concurrent Undo Cycle
[22.638s][info   ][gc,marking  ] GC(1537) Concurrent Cleanup for Next Mark
[22.653s][info   ][gc,marking  ] GC(1537) Concurrent Cleanup for Next Mark 15.483ms
[22.653s][info   ][gc          ] GC(1537) Concurrent Undo Cycle 15.663ms
[22.654s][info   ][gc,start    ] GC(1538) Pause Young (Concurrent Start) (G1 Humongous Allocation)
[22.654s][info   ][gc,task     ] GC(1538) Using 4 workers of 4 for evacuation
[22.656s][info   ][gc,phases   ] GC(1538)   Pre Evacuate Collection Set: 0.3ms
[22.656s][info   ][gc,phases   ] GC(1538)   Merge Heap Roots: 0.1ms
[22.656s][info   ][gc,phases   ] GC(1538)   Evacuate Collection Set: 0.3ms
[22.656s][info   ][gc,phases   ] GC(1538)   Post Evacuate Collection Set: 0.4ms
[22.656s][info   ][gc,phases   ] GC(1538)   Other: 0.2ms
[22.656s][info   ][gc,heap     ] GC(1538) Eden regions: 0->0(940)
[22.656s][info   ][gc,heap     ] GC(1538) Survivor regions: 0->0(121)
[22.656s][info   ][gc,heap     ] GC(1538) Old regions: 1->1
[22.656s][info   ][gc,heap     ] GC(1538) Archive regions: 2->2
[22.656s][info   ][gc,heap     ] GC(1538) Humongous regions: 970->822
[22.656s][info   ][gc,metaspace] GC(1538) Metaspace: 158K(384K)->158K(384K) NonClass: 150K(256K)->150K(256K) Class: 8K(128K)->8K(128K)
[22.656s][info   ][gc          ] GC(1538) Pause Young (Concurrent Start) (G1 Humongous Allocation) 971M->823M(2048M) 1.215ms
[22.656s][info   ][gc,cpu      ] GC(1538) User=0.00s Sys=0.00s Real=0.00s
[22.656s][info   ][gc          ] GC(1539) Concurrent Undo Cycle
[22.656s][info   ][gc,marking  ] GC(1539) Concurrent Cleanup for Next Mark
[22.672s][info   ][gc,marking  ] GC(1539) Concurrent Cleanup for Next Mark 16.277ms
[22.672s][info   ][gc          ] GC(1539) Concurrent Undo Cycle 16.532ms
[22.672s][info   ][gc,start    ] GC(1540) Pause Young (Concurrent Start) (G1 Humongous Allocation)
[22.672s][info   ][gc,task     ] GC(1540) Using 4 workers of 4 for evacuation
[22.674s][info   ][gc,phases   ] GC(1540)   Pre Evacuate Collection Set: 0.2ms
[22.674s][info   ][gc,phases   ] GC(1540)   Merge Heap Roots: 0.1ms
[22.674s][info   ][gc,phases   ] GC(1540)   Evacuate Collection Set: 0.2ms
[22.674s][info   ][gc,phases   ] GC(1540)   Post Evacuate Collection Set: 0.5ms
[22.674s][info   ][gc,phases   ] GC(1540)   Other: 0.2ms
[22.674s][info   ][gc,heap     ] GC(1540) Eden regions: 0->0(997)
[22.674s][info   ][gc,heap     ] GC(1540) Survivor regions: 0->0(118)
[22.674s][info   ][gc,heap     ] GC(1540) Old regions: 1->1
[22.674s][info   ][gc,heap     ] GC(1540) Archive regions: 2->2
[22.674s][info   ][gc,heap     ] GC(1540) Humongous regions: 1014->760
[22.674s][info   ][gc,metaspace] GC(1540) Metaspace: 158K(384K)->158K(384K) NonClass: 150K(256K)->150K(256K) Class: 8K(128K)->8K(128K)
[22.674s][info   ][gc          ] GC(1540) Pause Young (Concurrent Start) (G1 Humongous Allocation) 1015M->761M(2048M) 1.211ms
[22.674s][info   ][gc,cpu      ] GC(1540) User=0.00s Sys=0.00s Real=0.00s
[22.674s][info   ][gc          ] GC(1541) Concurrent Undo Cycle
[22.674s][info   ][gc,marking  ] GC(1541) Concurrent Cleanup for Next Mark
[22.687s][info   ][gc,marking  ] GC(1541) Concurrent Cleanup for Next Mark 13.697ms
[22.688s][info   ][gc          ] GC(1541) Concurrent Undo Cycle 13.862ms
[22.688s][info   ][gc,start    ] GC(1542) Pause Young (Concurrent Start) (G1 Humongous Allocation)
[22.688s][info   ][gc,task     ] GC(1542) Using 4 workers of 4 for evacuation
[22.689s][info   ][gc,phases   ] GC(1542)   Pre Evacuate Collection Set: 0.2ms
[22.689s][info   ][gc,phases   ] GC(1542)   Merge Heap Roots: 0.1ms
[22.689s][info   ][gc,phases   ] GC(1542)   Evacuate Collection Set: 0.2ms
[22.689s][info   ][gc,phases   ] GC(1542)   Post Evacuate Collection Set: 0.4ms
[22.689s][info   ][gc,phases   ] GC(1542)   Other: 0.2ms
[22.690s][info   ][gc,heap     ] GC(1542) Eden regions: 0->0(982)
[22.690s][info   ][gc,heap     ] GC(1542) Survivor regions: 0->0(125)
[22.690s][info   ][gc,heap     ] GC(1542) Old regions: 1->1
[22.690s][info   ][gc,heap     ] GC(1542) Archive regions: 2->2
[22.690s][info   ][gc,heap     ] GC(1542) Humongous regions: 926->776
[22.690s][info   ][gc,metaspace] GC(1542) Metaspace: 158K(384K)->158K(384K) NonClass: 150K(256K)->150K(256K) Class: 8K(128K)->8K(128K)
[22.690s][info   ][gc          ] GC(1542) Pause Young (Concurrent Start) (G1 Humongous Allocation) 927M->777M(2048M) 1.111ms
[22.690s][info   ][gc,cpu      ] GC(1542) User=0.00s Sys=0.00s Real=0.00s
[22.690s][info   ][gc          ] GC(1543) Concurrent Undo Cycle
[22.690s][info   ][gc,marking  ] GC(1543) Concurrent Cleanup for Next Mark
[22.703s][info   ][gc,marking  ] GC(1543) Concurrent Cleanup for Next Mark 13.521ms
[22.703s][info   ][gc          ] GC(1543) Concurrent Undo Cycle 13.716ms
[22.704s][info   ][gc,start    ] GC(1544) Pause Young (Concurrent Start) (G1 Humongous Allocation)
[22.704s][info   ][gc,task     ] GC(1544) Using 4 workers of 4 for evacuation
[22.705s][info   ][gc,phases   ] GC(1544)   Pre Evacuate Collection Set: 0.2ms
[22.705s][info   ][gc,phases   ] GC(1544)   Merge Heap Roots: 0.1ms
[22.705s][info   ][gc,phases   ] GC(1544)   Evacuate Collection Set: 0.2ms
[22.705s][info   ][gc,phases   ] GC(1544)   Post Evacuate Collection Set: 0.3ms
[22.705s][info   ][gc,phases   ] GC(1544)   Other: 0.2ms
[22.705s][info   ][gc,heap     ] GC(1544) Eden regions: 0->0(945)
[22.705s][info   ][gc,heap     ] GC(1544) Survivor regions: 0->0(123)
[22.705s][info   ][gc,heap     ] GC(1544) Old regions: 1->1
[22.705s][info   ][gc,heap     ] GC(1544) Archive regions: 2->2
[22.705s][info   ][gc,heap     ] GC(1544) Humongous regions: 928->816
[22.705s][info   ][gc,metaspace] GC(1544) Metaspace: 158K(384K)->158K(384K) NonClass: 150K(256K)->150K(256K) Class: 8K(128K)->8K(128K)
[22.705s][info   ][gc          ] GC(1544) Pause Young (Concurrent Start) (G1 Humongous Allocation) 929M->817M(2048M) 1.027ms
[22.705s][info   ][gc,cpu      ] GC(1544) User=0.01s Sys=0.00s Real=0.00s
[22.705s][info   ][gc          ] GC(1545) Concurrent Undo Cycle
[22.705s][info   ][gc,marking  ] GC(1545) Concurrent Cleanup for Next Mark
[22.719s][info   ][gc,marking  ] GC(1545) Concurrent Cleanup for Next Mark 14.022ms
[22.719s][info   ][gc          ] GC(1545) Concurrent Undo Cycle 14.222ms
[22.720s][info   ][gc,start    ] GC(1546) Pause Young (Concurrent Start) (G1 Humongous Allocation)
[22.720s][info   ][gc,task     ] GC(1546) Using 4 workers of 4 for evacuation
[22.722s][info   ][gc,phases   ] GC(1546)   Pre Evacuate Collection Set: 0.1ms
[22.722s][info   ][gc,phases   ] GC(1546)   Merge Heap Roots: 0.1ms
[22.722s][info   ][gc,phases   ] GC(1546)   Evacuate Collection Set: 0.5ms
[22.722s][info   ][gc,phases   ] GC(1546)   Post Evacuate Collection Set: 0.4ms
[22.722s][info   ][gc,phases   ] GC(1546)   Other: 0.2ms
[22.722s][info   ][gc,heap     ] GC(1546) Eden regions: 0->0(947)
[22.722s][info   ][gc,heap     ] GC(1546) Survivor regions: 0->0(119)
[22.722s][info   ][gc,heap     ] GC(1546) Old regions: 1->1
[22.722s][info   ][gc,heap     ] GC(1546) Archive regions: 2->2
[22.722s][info   ][gc,heap     ] GC(1546) Humongous regions: 978->814
[22.722s][info   ][gc,metaspace] GC(1546) Metaspace: 158K(384K)->158K(384K) NonClass: 150K(256K)->150K(256K) Class: 8K(128K)->8K(128K)
[22.722s][info   ][gc          ] GC(1546) Pause Young (Concurrent Start) (G1 Humongous Allocation) 979M->815M(2048M) 1.305ms
[22.722s][info   ][gc,cpu      ] GC(1546) User=0.00s Sys=0.00s Real=0.00s
[22.722s][info   ][gc          ] GC(1547) Concurrent Undo Cycle
[22.722s][info   ][gc,marking  ] GC(1547) Concurrent Cleanup for Next Mark
[22.737s][info   ][gc,marking  ] GC(1547) Concurrent Cleanup for Next Mark 15.658ms
[22.738s][info   ][gc          ] GC(1547) Concurrent Undo Cycle 15.833ms
[22.738s][info   ][gc,start    ] GC(1548) Pause Young (Concurrent Start) (G1 Humongous Allocation)
[22.738s][info   ][gc,task     ] GC(1548) Using 4 workers of 4 for evacuation
[22.740s][info   ][gc,phases   ] GC(1548)   Pre Evacuate Collection Set: 0.3ms
[22.740s][info   ][gc,phases   ] GC(1548)   Merge Heap Roots: 0.2ms
[22.740s][info   ][gc,phases   ] GC(1548)   Evacuate Collection Set: 0.3ms
[22.740s][info   ][gc,phases   ] GC(1548)   Post Evacuate Collection Set: 0.5ms
[22.740s][info   ][gc,phases   ] GC(1548)   Other: 0.2ms
[22.740s][info   ][gc,heap     ] GC(1548) Eden regions: 0->0(953)
[22.740s][info   ][gc,heap     ] GC(1548) Survivor regions: 0->0(119)
[22.740s][info   ][gc,heap     ] GC(1548) Old regions: 1->1
[22.740s][info   ][gc,heap     ] GC(1548) Archive regions: 2->2
[22.740s][info   ][gc,heap     ] GC(1548) Humongous regions: 996->808
[22.740s][info   ][gc,metaspace] GC(1548) Metaspace: 158K(384K)->158K(384K) NonClass: 150K(256K)->150K(256K) Class: 8K(128K)->8K(128K)
[22.740s][info   ][gc          ] GC(1548) Pause Young (Concurrent Start) (G1 Humongous Allocation) 997M->809M(2048M) 1.551ms
[22.740s][info   ][gc,cpu      ] GC(1548) User=0.00s Sys=0.00s Real=0.00s
[22.740s][info   ][gc          ] GC(1549) Concurrent Undo Cycle
[22.740s][info   ][gc,marking  ] GC(1549) Concurrent Cleanup for Next Mark
[22.750s][info   ][gc,marking  ] GC(1549) Concurrent Cleanup for Next Mark 10.560ms
[22.750s][info   ][gc          ] GC(1549) Concurrent Undo Cycle 10.687ms
[22.751s][info   ][gc,start    ] GC(1550) Pause Young (Concurrent Start) (G1 Humongous Allocation)
[22.751s][info   ][gc,task     ] GC(1550) Using 4 workers of 4 for evacuation
[22.752s][info   ][gc,phases   ] GC(1550)   Pre Evacuate Collection Set: 0.2ms
[22.752s][info   ][gc,phases   ] GC(1550)   Merge Heap Roots: 0.1ms
[22.752s][info   ][gc,phases   ] GC(1550)   Evacuate Collection Set: 0.3ms
[22.752s][info   ][gc,phases   ] GC(1550)   Post Evacuate Collection Set: 0.3ms
[22.752s][info   ][gc,phases   ] GC(1550)   Other: 0.1ms
[22.752s][info   ][gc,heap     ] GC(1550) Eden regions: 0->0(932)
[22.752s][info   ][gc,heap     ] GC(1550) Survivor regions: 0->0(120)
[22.752s][info   ][gc,heap     ] GC(1550) Old regions: 1->1
[22.752s][info   ][gc,heap     ] GC(1550) Archive regions: 2->2
[22.752s][info   ][gc,heap     ] GC(1550) Humongous regions: 920->830
[22.752s][info   ][gc,metaspace] GC(1550) Metaspace: 158K(384K)->158K(384K) NonClass: 150K(256K)->150K(256K) Class: 8K(128K)->8K(128K)
[22.752s][info   ][gc          ] GC(1550) Pause Young (Concurrent Start) (G1 Humongous Allocation) 921M->831M(2048M) 1.043ms
[22.752s][info   ][gc,cpu      ] GC(1550) User=0.00s Sys=0.00s Real=0.00s
[22.752s][info   ][gc          ] GC(1551) Concurrent Undo Cycle
[22.752s][info   ][gc,marking  ] GC(1551) Concurrent Cleanup for Next Mark
[22.767s][info   ][gc,marking  ] GC(1551) Concurrent Cleanup for Next Mark 15.292ms
[22.767s][info   ][gc          ] GC(1551) Concurrent Undo Cycle 15.524ms
[22.768s][info   ][gc,start    ] GC(1552) Pause Young (Concurrent Start) (G1 Humongous Allocation)
[22.768s][info   ][gc,task     ] GC(1552) Using 4 workers of 4 for evacuation
[22.769s][info   ][gc,phases   ] GC(1552)   Pre Evacuate Collection Set: 0.2ms
[22.769s][info   ][gc,phases   ] GC(1552)   Merge Heap Roots: 0.1ms
[22.769s][info   ][gc,phases   ] GC(1552)   Evacuate Collection Set: 0.4ms
[22.769s][info   ][gc,phases   ] GC(1552)   Post Evacuate Collection Set: 0.3ms
[22.769s][info   ][gc,phases   ] GC(1552)   Other: 0.2ms
[22.769s][info   ][gc,heap     ] GC(1552) Eden regions: 0->0(879)
[22.769s][info   ][gc,heap     ] GC(1552) Survivor regions: 0->0(117)
[22.769s][info   ][gc,heap     ] GC(1552) Old regions: 1->1
[22.769s][info   ][gc,heap     ] GC(1552) Archive regions: 2->2
[22.769s][info   ][gc,heap     ] GC(1552) Humongous regions: 1010->888
[22.769s][info   ][gc,metaspace] GC(1552) Metaspace: 158K(384K)->158K(384K) NonClass: 150K(256K)->150K(256K) Class: 8K(128K)->8K(128K)
[22.769s][info   ][gc          ] GC(1552) Pause Young (Concurrent Start) (G1 Humongous Allocation) 1011M->889M(2048M) 1.228ms
[22.769s][info   ][gc,cpu      ] GC(1552) User=0.00s Sys=0.00s Real=0.01s
[22.769s][info   ][gc          ] GC(1553) Concurrent Undo Cycle
[22.769s][info   ][gc,marking  ] GC(1553) Concurrent Cleanup for Next Mark
[22.784s][info   ][gc,marking  ] GC(1553) Concurrent Cleanup for Next Mark 14.319ms
[22.784s][info   ][gc          ] GC(1553) Concurrent Undo Cycle 14.604ms
[22.785s][info   ][gc,start    ] GC(1554) Pause Young (Concurrent Start) (G1 Humongous Allocation)
[22.785s][info   ][gc,task     ] GC(1554) Using 4 workers of 4 for evacuation
[22.786s][info   ][gc,phases   ] GC(1554)   Pre Evacuate Collection Set: 0.2ms
[22.786s][info   ][gc,phases   ] GC(1554)   Merge Heap Roots: 0.1ms
[22.786s][info   ][gc,phases   ] GC(1554)   Evacuate Collection Set: 0.2ms
[22.786s][info   ][gc,phases   ] GC(1554)   Post Evacuate Collection Set: 0.4ms
[22.786s][info   ][gc,phases   ] GC(1554)   Other: 0.2ms
[22.786s][info   ][gc,heap     ] GC(1554) Eden regions: 0->0(862)
[22.786s][info   ][gc,heap     ] GC(1554) Survivor regions: 0->0(110)
[22.786s][info   ][gc,heap     ] GC(1554) Old regions: 1->1
[22.786s][info   ][gc,heap     ] GC(1554) Archive regions: 2->2
[22.786s][info   ][gc,heap     ] GC(1554) Humongous regions: 1062->906
[22.786s][info   ][gc,metaspace] GC(1554) Metaspace: 158K(384K)->158K(384K) NonClass: 150K(256K)->150K(256K) Class: 8K(128K)->8K(128K)
[22.786s][info   ][gc          ] GC(1554) Pause Young (Concurrent Start) (G1 Humongous Allocation) 1063M->907M(2048M) 1.115ms
[22.786s][info   ][gc,cpu      ] GC(1554) User=0.00s Sys=0.00s Real=0.00s
[22.786s][info   ][gc          ] GC(1555) Concurrent Undo Cycle
[22.786s][info   ][gc,marking  ] GC(1555) Concurrent Cleanup for Next Mark
[22.799s][info   ][gc,marking  ] GC(1555) Concurrent Cleanup for Next Mark 12.715ms
[22.799s][info   ][gc          ] GC(1555) Concurrent Undo Cycle 12.944ms
[22.800s][info   ][gc,start    ] GC(1556) Pause Young (Concurrent Start) (G1 Humongous Allocation)
[22.800s][info   ][gc,task     ] GC(1556) Using 4 workers of 4 for evacuation
[22.801s][info   ][gc,phases   ] GC(1556)   Pre Evacuate Collection Set: 0.2ms
[22.801s][info   ][gc,phases   ] GC(1556)   Merge Heap Roots: 0.1ms
[22.801s][info   ][gc,phases   ] GC(1556)   Evacuate Collection Set: 0.2ms
[22.801s][info   ][gc,phases   ] GC(1556)   Post Evacuate Collection Set: 0.4ms
[22.801s][info   ][gc,phases   ] GC(1556)   Other: 0.2ms
[22.801s][info   ][gc,heap     ] GC(1556) Eden regions: 0->0(831)
[22.801s][info   ][gc,heap     ] GC(1556) Survivor regions: 0->0(108)
[22.801s][info   ][gc,heap     ] GC(1556) Old regions: 1->1
[22.801s][info   ][gc,heap     ] GC(1556) Archive regions: 2->2
[22.801s][info   ][gc,heap     ] GC(1556) Humongous regions: 1044->940
[22.801s][info   ][gc,metaspace] GC(1556) Metaspace: 158K(384K)->158K(384K) NonClass: 150K(256K)->150K(256K) Class: 8K(128K)->8K(128K)
[22.801s][info   ][gc          ] GC(1556) Pause Young (Concurrent Start) (G1 Humongous Allocation) 1045M->941M(2048M) 1.119ms
[22.801s][info   ][gc,cpu      ] GC(1556) User=0.00s Sys=0.00s Real=0.00s
[22.801s][info   ][gc          ] GC(1557) Concurrent Mark Cycle
[22.801s][info   ][gc,marking  ] GC(1557) Concurrent Clear Claimed Marks
[22.801s][info   ][gc,marking  ] GC(1557) Concurrent Clear Claimed Marks 0.006ms
[22.801s][info   ][gc,marking  ] GC(1557) Concurrent Scan Root Regions
[22.801s][info   ][gc,marking  ] GC(1557) Concurrent Scan Root Regions 0.006ms
[22.801s][info   ][gc,marking  ] GC(1557) Concurrent Mark
[22.801s][info   ][gc,marking  ] GC(1557) Concurrent Mark From Roots
[22.801s][info   ][gc,task     ] GC(1557) Using 1 workers of 1 for marking
[22.811s][info   ][gc,marking  ] GC(1557) Concurrent Mark From Roots 10.101ms
[22.811s][info   ][gc,marking  ] GC(1557) Concurrent Preclean
[22.811s][info   ][gc,marking  ] GC(1557) Concurrent Preclean 0.087ms
[22.812s][info   ][gc,start    ] GC(1557) Pause Remark
[22.813s][info   ][gc          ] GC(1557) Pause Remark 1099M->1099M(2048M) 0.718ms
[22.813s][info   ][gc,cpu      ] GC(1557) User=0.00s Sys=0.00s Real=0.00s
[22.813s][info   ][gc,marking  ] GC(1557) Concurrent Mark 12.003ms
[22.813s][info   ][gc,marking  ] GC(1557) Concurrent Rebuild Remembered Sets
[22.819s][info   ][gc,marking  ] GC(1557) Concurrent Rebuild Remembered Sets 6.187ms
[22.820s][info   ][gc,start    ] GC(1557) Pause Cleanup
[22.821s][info   ][gc          ] GC(1557) Pause Cleanup 1209M->1209M(2048M) 0.276ms
[22.821s][info   ][gc,cpu      ] GC(1557) User=0.00s Sys=0.00s Real=0.00s
[22.823s][info   ][gc,marking  ] GC(1557) Concurrent Cleanup for Next Mark
[22.839s][info   ][gc,marking  ] GC(1557) Concurrent Cleanup for Next Mark 15.884ms
[22.839s][info   ][gc          ] GC(1557) Concurrent Mark Cycle 38.232ms
[22.840s][info   ][gc,start    ] GC(1558) Pause Young (Concurrent Start) (G1 Humongous Allocation)
[22.840s][info   ][gc,task     ] GC(1558) Using 4 workers of 4 for evacuation
[22.842s][info   ][gc,phases   ] GC(1558)   Pre Evacuate Collection Set: 0.3ms
[22.842s][info   ][gc,phases   ] GC(1558)   Merge Heap Roots: 0.2ms
[22.842s][info   ][gc,phases   ] GC(1558)   Evacuate Collection Set: 0.2ms
[22.842s][info   ][gc,phases   ] GC(1558)   Post Evacuate Collection Set: 0.6ms
[22.842s][info   ][gc,phases   ] GC(1558)   Other: 0.3ms
[22.842s][info   ][gc,heap     ] GC(1558) Eden regions: 0->0(838)
[22.842s][info   ][gc,heap     ] GC(1558) Survivor regions: 0->0(104)
[22.842s][info   ][gc,heap     ] GC(1558) Old regions: 1->1
[22.842s][info   ][gc,heap     ] GC(1558) Archive regions: 2->2
[22.842s][info   ][gc,heap     ] GC(1558) Humongous regions: 1444->932
[22.842s][info   ][gc,metaspace] GC(1558) Metaspace: 158K(384K)->158K(384K) NonClass: 150K(256K)->150K(256K) Class: 8K(128K)->8K(128K)
[22.842s][info   ][gc          ] GC(1558) Pause Young (Concurrent Start) (G1 Humongous Allocation) 1445M->933M(2048M) 1.731ms
[22.842s][info   ][gc,cpu      ] GC(1558) User=0.00s Sys=0.00s Real=0.00s
[22.842s][info   ][gc          ] GC(1559) Concurrent Mark Cycle
[22.842s][info   ][gc,marking  ] GC(1559) Concurrent Clear Claimed Marks
[22.842s][info   ][gc,marking  ] GC(1559) Concurrent Clear Claimed Marks 0.007ms
[22.842s][info   ][gc,marking  ] GC(1559) Concurrent Scan Root Regions
[22.842s][info   ][gc,marking  ] GC(1559) Concurrent Scan Root Regions 0.006ms
[22.842s][info   ][gc,marking  ] GC(1559) Concurrent Mark
[22.842s][info   ][gc,marking  ] GC(1559) Concurrent Mark From Roots
[22.842s][info   ][gc,task     ] GC(1559) Using 1 workers of 1 for marking
[22.848s][info   ][gc,marking  ] GC(1559) Concurrent Mark From Roots 6.167ms
[22.848s][info   ][gc,marking  ] GC(1559) Concurrent Preclean
[22.848s][info   ][gc,marking  ] GC(1559) Concurrent Preclean 0.142ms
[22.849s][info   ][gc,start    ] GC(1559) Pause Remark
[22.850s][info   ][gc          ] GC(1559) Pause Remark 1035M->1035M(2048M) 0.684ms
[22.850s][info   ][gc,cpu      ] GC(1559) User=0.00s Sys=0.00s Real=0.00s
[22.850s][info   ][gc,marking  ] GC(1559) Concurrent Mark 7.572ms
[22.850s][info   ][gc,marking  ] GC(1559) Concurrent Rebuild Remembered Sets
[22.857s][info   ][gc,marking  ] GC(1559) Concurrent Rebuild Remembered Sets 7.379ms
[22.858s][info   ][gc,start    ] GC(1559) Pause Cleanup
[22.858s][info   ][gc          ] GC(1559) Pause Cleanup 1163M->1163M(2048M) 0.219ms
[22.858s][info   ][gc,cpu      ] GC(1559) User=0.00s Sys=0.00s Real=0.01s
[22.858s][info   ][gc,marking  ] GC(1559) Concurrent Cleanup for Next Mark
[22.872s][info   ][gc,marking  ] GC(1559) Concurrent Cleanup for Next Mark 14.150ms
[22.873s][info   ][gc          ] GC(1559) Concurrent Mark Cycle 30.566ms
[22.874s][info   ][gc,start    ] GC(1560) Pause Young (Concurrent Start) (G1 Humongous Allocation)
[22.874s][info   ][gc,task     ] GC(1560) Using 4 workers of 4 for evacuation
[22.875s][info   ][gc,phases   ] GC(1560)   Pre Evacuate Collection Set: 0.3ms
[22.875s][info   ][gc,phases   ] GC(1560)   Merge Heap Roots: 0.2ms
[22.875s][info   ][gc,phases   ] GC(1560)   Evacuate Collection Set: 0.3ms
[22.875s][info   ][gc,phases   ] GC(1560)   Post Evacuate Collection Set: 0.6ms
[22.875s][info   ][gc,phases   ] GC(1560)   Other: 0.2ms
[22.875s][info   ][gc,heap     ] GC(1560) Eden regions: 0->0(781)
[22.875s][info   ][gc,heap     ] GC(1560) Survivor regions: 0->0(105)
[22.875s][info   ][gc,heap     ] GC(1560) Old regions: 1->1
[22.875s][info   ][gc,heap     ] GC(1560) Archive regions: 2->2
[22.875s][info   ][gc,heap     ] GC(1560) Humongous regions: 1324->994
[22.875s][info   ][gc,metaspace] GC(1560) Metaspace: 158K(384K)->158K(384K) NonClass: 150K(256K)->150K(256K) Class: 8K(128K)->8K(128K)
[22.875s][info   ][gc          ] GC(1560) Pause Young (Concurrent Start) (G1 Humongous Allocation) 1325M->995M(2048M) 1.632ms
[22.875s][info   ][gc,cpu      ] GC(1560) User=0.00s Sys=0.00s Real=0.00s
[22.875s][info   ][gc          ] GC(1561) Concurrent Mark Cycle
[22.875s][info   ][gc,marking  ] GC(1561) Concurrent Clear Claimed Marks
[22.875s][info   ][gc,marking  ] GC(1561) Concurrent Clear Claimed Marks 0.007ms
[22.875s][info   ][gc,marking  ] GC(1561) Concurrent Scan Root Regions
[22.875s][info   ][gc,marking  ] GC(1561) Concurrent Scan Root Regions 0.006ms
[22.875s][info   ][gc,marking  ] GC(1561) Concurrent Mark
[22.875s][info   ][gc,marking  ] GC(1561) Concurrent Mark From Roots
[22.875s][info   ][gc,task     ] GC(1561) Using 1 workers of 1 for marking
[22.883s][info   ][gc,marking  ] GC(1561) Concurrent Mark From Roots 7.397ms
[22.883s][info   ][gc,marking  ] GC(1561) Concurrent Preclean
[22.883s][info   ][gc,marking  ] GC(1561) Concurrent Preclean 0.130ms
[22.884s][info   ][gc,start    ] GC(1561) Pause Remark
[22.885s][info   ][gc          ] GC(1561) Pause Remark 1115M->1115M(2048M) 0.867ms
[22.885s][info   ][gc,cpu      ] GC(1561) User=0.00s Sys=0.00s Real=0.00s
[22.885s][info   ][gc,marking  ] GC(1561) Concurrent Mark 9.373ms
[22.885s][info   ][gc,marking  ] GC(1561) Concurrent Rebuild Remembered Sets
[22.890s][info   ][gc,marking  ] GC(1561) Concurrent Rebuild Remembered Sets 5.263ms
[22.890s][info   ][gc,start    ] GC(1561) Pause Cleanup
[22.891s][info   ][gc          ] GC(1561) Pause Cleanup 1171M->1171M(2048M) 0.206ms
[22.891s][info   ][gc,cpu      ] GC(1561) User=0.00s Sys=0.00s Real=0.00s
[22.891s][info   ][gc,marking  ] GC(1561) Concurrent Cleanup for Next Mark
[22.904s][info   ][gc,marking  ] GC(1561) Concurrent Cleanup for Next Mark 12.811ms
[22.904s][info   ][gc          ] GC(1561) Concurrent Mark Cycle 28.507ms
[22.904s][info   ][gc,start    ] GC(1562) Pause Young (Concurrent Start) (G1 Humongous Allocation)
[22.904s][info   ][gc,task     ] GC(1562) Using 4 workers of 4 for evacuation
[22.906s][info   ][gc,phases   ] GC(1562)   Pre Evacuate Collection Set: 0.2ms
[22.906s][info   ][gc,phases   ] GC(1562)   Merge Heap Roots: 0.2ms
[22.906s][info   ][gc,phases   ] GC(1562)   Evacuate Collection Set: 0.2ms
[22.906s][info   ][gc,phases   ] GC(1562)   Post Evacuate Collection Set: 0.5ms
[22.906s][info   ][gc,phases   ] GC(1562)   Other: 0.2ms
[22.906s][info   ][gc,heap     ] GC(1562) Eden regions: 0->0(792)
[22.906s][info   ][gc,heap     ] GC(1562) Survivor regions: 0->0(98)
[22.906s][info   ][gc,heap     ] GC(1562) Old regions: 1->1
[22.906s][info   ][gc,heap     ] GC(1562) Archive regions: 2->2
[22.906s][info   ][gc,heap     ] GC(1562) Humongous regions: 1320->982
[22.906s][info   ][gc,metaspace] GC(1562) Metaspace: 158K(384K)->158K(384K) NonClass: 150K(256K)->150K(256K) Class: 8K(128K)->8K(128K)
[22.906s][info   ][gc          ] GC(1562) Pause Young (Concurrent Start) (G1 Humongous Allocation) 1321M->983M(2048M) 1.390ms
[22.906s][info   ][gc,cpu      ] GC(1562) User=0.00s Sys=0.00s Real=0.00s
[22.906s][info   ][gc          ] GC(1563) Concurrent Mark Cycle
[22.906s][info   ][gc,marking  ] GC(1563) Concurrent Clear Claimed Marks
[22.906s][info   ][gc,marking  ] GC(1563) Concurrent Clear Claimed Marks 0.006ms
[22.906s][info   ][gc,marking  ] GC(1563) Concurrent Scan Root Regions
[22.906s][info   ][gc,marking  ] GC(1563) Concurrent Scan Root Regions 0.005ms
[22.906s][info   ][gc,marking  ] GC(1563) Concurrent Mark
[22.906s][info   ][gc,marking  ] GC(1563) Concurrent Mark From Roots
[22.906s][info   ][gc,task     ] GC(1563) Using 1 workers of 1 for marking
[22.914s][info   ][gc,marking  ] GC(1563) Concurrent Mark From Roots 8.538ms
[22.914s][info   ][gc,marking  ] GC(1563) Concurrent Preclean
[22.914s][info   ][gc,marking  ] GC(1563) Concurrent Preclean 0.123ms
[22.915s][info   ][gc,start    ] GC(1563) Pause Remark
[22.916s][info   ][gc          ] GC(1563) Pause Remark 1117M->1117M(2048M) 0.781ms
[22.916s][info   ][gc,cpu      ] GC(1563) User=0.00s Sys=0.00s Real=0.00s
[22.916s][info   ][gc,marking  ] GC(1563) Concurrent Mark 10.044ms
[22.916s][info   ][gc,marking  ] GC(1563) Concurrent Rebuild Remembered Sets
[22.922s][info   ][gc,marking  ] GC(1563) Concurrent Rebuild Remembered Sets 6.290ms
[22.923s][info   ][gc,start    ] GC(1563) Pause Cleanup
[22.924s][info   ][gc          ] GC(1563) Pause Cleanup 1241M->1241M(2048M) 0.269ms
[22.924s][info   ][gc,cpu      ] GC(1563) User=0.00s Sys=0.00s Real=0.00s
[22.924s][info   ][gc,marking  ] GC(1563) Concurrent Cleanup for Next Mark
[22.938s][info   ][gc,marking  ] GC(1563) Concurrent Cleanup for Next Mark 14.078ms
[22.938s][info   ][gc          ] GC(1563) Concurrent Mark Cycle 32.370ms
[22.939s][info   ][gc,start    ] GC(1564) Pause Young (Concurrent Start) (G1 Humongous Allocation)
[22.939s][info   ][gc,task     ] GC(1564) Using 4 workers of 4 for evacuation
[22.940s][info   ][gc,phases   ] GC(1564)   Pre Evacuate Collection Set: 0.2ms
[22.940s][info   ][gc,phases   ] GC(1564)   Merge Heap Roots: 0.2ms
[22.940s][info   ][gc,phases   ] GC(1564)   Evacuate Collection Set: 0.3ms
[22.940s][info   ][gc,phases   ] GC(1564)   Post Evacuate Collection Set: 0.6ms
[22.941s][info   ][gc,phases   ] GC(1564)   Other: 0.2ms
[22.941s][info   ][gc,heap     ] GC(1564) Eden regions: 0->0(814)
[22.941s][info   ][gc,heap     ] GC(1564) Survivor regions: 0->0(99)
[22.941s][info   ][gc,heap     ] GC(1564) Old regions: 1->1
[22.941s][info   ][gc,heap     ] GC(1564) Archive regions: 2->2
[22.941s][info   ][gc,heap     ] GC(1564) Humongous regions: 1416->958
[22.941s][info   ][gc,metaspace] GC(1564) Metaspace: 158K(384K)->158K(384K) NonClass: 150K(256K)->150K(256K) Class: 8K(128K)->8K(128K)
[22.941s][info   ][gc          ] GC(1564) Pause Young (Concurrent Start) (G1 Humongous Allocation) 1417M->959M(2048M) 1.577ms
[22.941s][info   ][gc,cpu      ] GC(1564) User=0.00s Sys=0.00s Real=0.00s
[22.941s][info   ][gc          ] GC(1565) Concurrent Mark Cycle
[22.941s][info   ][gc,marking  ] GC(1565) Concurrent Clear Claimed Marks
[22.941s][info   ][gc,marking  ] GC(1565) Concurrent Clear Claimed Marks 0.007ms
[22.941s][info   ][gc,marking  ] GC(1565) Concurrent Scan Root Regions
[22.941s][info   ][gc,marking  ] GC(1565) Concurrent Scan Root Regions 0.006ms
[22.941s][info   ][gc,marking  ] GC(1565) Concurrent Mark
[22.941s][info   ][gc,marking  ] GC(1565) Concurrent Mark From Roots
[22.941s][info   ][gc,task     ] GC(1565) Using 1 workers of 1 for marking
[22.947s][info   ][gc,marking  ] GC(1565) Concurrent Mark From Roots 6.487ms
[22.947s][info   ][gc,marking  ] GC(1565) Concurrent Preclean
[22.947s][info   ][gc,marking  ] GC(1565) Concurrent Preclean 0.093ms
[22.948s][info   ][gc,start    ] GC(1565) Pause Remark
[22.949s][info   ][gc          ] GC(1565) Pause Remark 1067M->1067M(2048M) 0.618ms
[22.949s][info   ][gc,cpu      ] GC(1565) User=0.00s Sys=0.00s Real=0.00s
[22.949s][info   ][gc,marking  ] GC(1565) Concurrent Mark 8.236ms
[22.949s][info   ][gc,marking  ] GC(1565) Concurrent Rebuild Remembered Sets
[22.955s][info   ][gc,marking  ] GC(1565) Concurrent Rebuild Remembered Sets 5.703ms
[22.956s][info   ][gc,start    ] GC(1565) Pause Cleanup
[22.956s][info   ][gc          ] GC(1565) Pause Cleanup 1183M->1183M(2048M) 0.301ms
[22.956s][info   ][gc,cpu      ] GC(1565) User=0.00s Sys=0.00s Real=0.00s
[22.957s][info   ][gc,marking  ] GC(1565) Concurrent Cleanup for Next Mark
[22.970s][info   ][gc,marking  ] GC(1565) Concurrent Cleanup for Next Mark 13.069ms
[22.970s][info   ][gc          ] GC(1565) Concurrent Mark Cycle 29.141ms
[22.971s][info   ][gc,start    ] GC(1566) Pause Young (Concurrent Start) (G1 Humongous Allocation)
[22.971s][info   ][gc,task     ] GC(1566) Using 4 workers of 4 for evacuation
[22.972s][info   ][gc,phases   ] GC(1566)   Pre Evacuate Collection Set: 0.3ms
[22.973s][info   ][gc,phases   ] GC(1566)   Merge Heap Roots: 0.3ms
[22.973s][info   ][gc,phases   ] GC(1566)   Evacuate Collection Set: 0.2ms
[22.973s][info   ][gc,phases   ] GC(1566)   Post Evacuate Collection Set: 0.6ms
[22.973s][info   ][gc,phases   ] GC(1566)   Other: 0.2ms
[22.973s][info   ][gc,heap     ] GC(1566) Eden regions: 0->0(757)
[22.973s][info   ][gc,heap     ] GC(1566) Survivor regions: 0->0(102)
[22.973s][info   ][gc,heap     ] GC(1566) Old regions: 1->1
[22.973s][info   ][gc,heap     ] GC(1566) Archive regions: 2->2
[22.973s][info   ][gc,heap     ] GC(1566) Humongous regions: 1342->1020
[22.973s][info   ][gc,metaspace] GC(1566) Metaspace: 158K(384K)->158K(384K) NonClass: 150K(256K)->150K(256K) Class: 8K(128K)->8K(128K)
[22.973s][info   ][gc          ] GC(1566) Pause Young (Concurrent Start) (G1 Humongous Allocation) 1343M->1021M(2048M) 1.701ms
[22.973s][info   ][gc,cpu      ] GC(1566) User=0.00s Sys=0.00s Real=0.00s
[22.973s][info   ][gc          ] GC(1567) Concurrent Mark Cycle
[22.973s][info   ][gc,marking  ] GC(1567) Concurrent Clear Claimed Marks
[22.973s][info   ][gc,marking  ] GC(1567) Concurrent Clear Claimed Marks 0.006ms
[22.973s][info   ][gc,marking  ] GC(1567) Concurrent Scan Root Regions
[22.973s][info   ][gc,marking  ] GC(1567) Concurrent Scan Root Regions 0.006ms
[22.973s][info   ][gc,marking  ] GC(1567) Concurrent Mark
[22.973s][info   ][gc,marking  ] GC(1567) Concurrent Mark From Roots
[22.973s][info   ][gc,task     ] GC(1567) Using 1 workers of 1 for marking
[22.979s][info   ][gc,marking  ] GC(1567) Concurrent Mark From Roots 6.578ms
[22.979s][info   ][gc,marking  ] GC(1567) Concurrent Preclean
[22.980s][info   ][gc,marking  ] GC(1567) Concurrent Preclean 0.095ms
[22.980s][info   ][gc,start    ] GC(1567) Pause Remark
[22.981s][info   ][gc          ] GC(1567) Pause Remark 1107M->1107M(2048M) 0.573ms
[22.981s][info   ][gc,cpu      ] GC(1567) User=0.00s Sys=0.00s Real=0.00s
[22.981s][info   ][gc,marking  ] GC(1567) Concurrent Mark 8.100ms
[22.981s][info   ][gc,marking  ] GC(1567) Concurrent Rebuild Remembered Sets
[22.986s][info   ][gc,marking  ] GC(1567) Concurrent Rebuild Remembered Sets 5.385ms
[22.987s][info   ][gc,start    ] GC(1567) Pause Cleanup
[22.987s][info   ][gc          ] GC(1567) Pause Cleanup 1203M->1203M(2048M) 0.219ms
[22.987s][info   ][gc,cpu      ] GC(1567) User=0.00s Sys=0.00s Real=0.00s
[22.987s][info   ][gc,marking  ] GC(1567) Concurrent Cleanup for Next Mark
[23.002s][info   ][gc,marking  ] GC(1567) Concurrent Cleanup for Next Mark 14.515ms
[23.002s][info   ][gc          ] GC(1567) Concurrent Mark Cycle 29.739ms
[23.003s][info   ][gc,start    ] GC(1568) Pause Young (Concurrent Start) (G1 Humongous Allocation)
[23.003s][info   ][gc,task     ] GC(1568) Using 4 workers of 4 for evacuation
[23.004s][info   ][gc,phases   ] GC(1568)   Pre Evacuate Collection Set: 0.2ms
[23.004s][info   ][gc,phases   ] GC(1568)   Merge Heap Roots: 0.3ms
[23.004s][info   ][gc,phases   ] GC(1568)   Evacuate Collection Set: 0.2ms
[23.004s][info   ][gc,phases   ] GC(1568)   Post Evacuate Collection Set: 0.6ms
[23.004s][info   ][gc,phases   ] GC(1568)   Other: 0.2ms
[23.004s][info   ][gc,heap     ] GC(1568) Eden regions: 0->0(797)
[23.004s][info   ][gc,heap     ] GC(1568) Survivor regions: 0->0(95)
[23.004s][info   ][gc,heap     ] GC(1568) Old regions: 1->1
[23.004s][info   ][gc,heap     ] GC(1568) Archive regions: 2->2
[23.004s][info   ][gc,heap     ] GC(1568) Humongous regions: 1378->976
[23.004s][info   ][gc,metaspace] GC(1568) Metaspace: 158K(384K)->158K(384K) NonClass: 150K(256K)->150K(256K) Class: 8K(128K)->8K(128K)
[23.004s][info   ][gc          ] GC(1568) Pause Young (Concurrent Start) (G1 Humongous Allocation) 1379M->977M(2048M) 1.568ms
[23.004s][info   ][gc,cpu      ] GC(1568) User=0.01s Sys=0.01s Real=0.00s
[23.004s][info   ][gc          ] GC(1569) Concurrent Mark Cycle
[23.005s][info   ][gc,marking  ] GC(1569) Concurrent Clear Claimed Marks
[23.005s][info   ][gc,marking  ] GC(1569) Concurrent Clear Claimed Marks 0.008ms
[23.005s][info   ][gc,marking  ] GC(1569) Concurrent Scan Root Regions
[23.005s][info   ][gc,marking  ] GC(1569) Concurrent Scan Root Regions 0.006ms
[23.005s][info   ][gc,marking  ] GC(1569) Concurrent Mark
[23.005s][info   ][gc,marking  ] GC(1569) Concurrent Mark From Roots
[23.005s][info   ][gc,task     ] GC(1569) Using 1 workers of 1 for marking
[23.012s][info   ][gc,marking  ] GC(1569) Concurrent Mark From Roots 7.104ms
[23.012s][info   ][gc,marking  ] GC(1569) Concurrent Preclean
[23.012s][info   ][gc,marking  ] GC(1569) Concurrent Preclean 0.093ms
[23.013s][info   ][gc,start    ] GC(1569) Pause Remark
[23.014s][info   ][gc          ] GC(1569) Pause Remark 1099M->1099M(2048M) 0.664ms
[23.014s][info   ][gc,cpu      ] GC(1569) User=0.00s Sys=0.00s Real=0.00s
[23.014s][info   ][gc,marking  ] GC(1569) Concurrent Mark 9.685ms
[23.014s][info   ][gc,marking  ] GC(1569) Concurrent Rebuild Remembered Sets
[23.021s][info   ][gc,marking  ] GC(1569) Concurrent Rebuild Remembered Sets 6.617ms
[23.022s][info   ][gc,start    ] GC(1569) Pause Cleanup
[23.022s][info   ][gc          ] GC(1569) Pause Cleanup 1209M->1209M(2048M) 0.286ms
[23.022s][info   ][gc,cpu      ] GC(1569) User=0.00s Sys=0.00s Real=0.00s
[23.022s][info   ][gc,marking  ] GC(1569) Concurrent Cleanup for Next Mark
[23.047s][info   ][gc,marking  ] GC(1569) Concurrent Cleanup for Next Mark 24.129ms
[23.047s][info   ][gc          ] GC(1569) Concurrent Mark Cycle 42.278ms
[23.047s][info   ][gc,start    ] GC(1570) Pause Young (Concurrent Start) (G1 Humongous Allocation)
[23.047s][info   ][gc,task     ] GC(1570) Using 4 workers of 4 for evacuation
[23.049s][info   ][gc,phases   ] GC(1570)   Pre Evacuate Collection Set: 0.3ms
[23.049s][info   ][gc,phases   ] GC(1570)   Merge Heap Roots: 0.3ms
[23.049s][info   ][gc,phases   ] GC(1570)   Evacuate Collection Set: 0.3ms
[23.049s][info   ][gc,phases   ] GC(1570)   Post Evacuate Collection Set: 0.8ms
[23.049s][info   ][gc,phases   ] GC(1570)   Other: 0.2ms
[23.049s][info   ][gc,heap     ] GC(1570) Eden regions: 0->0(868)
[23.049s][info   ][gc,heap     ] GC(1570) Survivor regions: 0->0(100)
[23.049s][info   ][gc,heap     ] GC(1570) Old regions: 1->1
[23.049s][info   ][gc,heap     ] GC(1570) Archive regions: 2->2
[23.049s][info   ][gc,heap     ] GC(1570) Humongous regions: 1426->900
[23.049s][info   ][gc,metaspace] GC(1570) Metaspace: 158K(384K)->158K(384K) NonClass: 150K(256K)->150K(256K) Class: 8K(128K)->8K(128K)
[23.049s][info   ][gc          ] GC(1570) Pause Young (Concurrent Start) (G1 Humongous Allocation) 1427M->901M(2048M) 1.921ms
[23.049s][info   ][gc,cpu      ] GC(1570) User=0.00s Sys=0.00s Real=0.01s
[23.049s][info   ][gc          ] GC(1571) Concurrent Undo Cycle
[23.052s][info   ][gc,marking  ] GC(1571) Concurrent Cleanup for Next Mark
[23.061s][info   ][gc,marking  ] GC(1571) Concurrent Cleanup for Next Mark 8.733ms
[23.061s][info   ][gc          ] GC(1571) Concurrent Undo Cycle 11.664ms
[23.062s][info   ][gc,start    ] GC(1572) Pause Young (Concurrent Start) (G1 Humongous Allocation)
[23.062s][info   ][gc,task     ] GC(1572) Using 4 workers of 4 for evacuation
[23.063s][info   ][gc,phases   ] GC(1572)   Pre Evacuate Collection Set: 0.3ms
[23.063s][info   ][gc,phases   ] GC(1572)   Merge Heap Roots: 0.1ms
[23.063s][info   ][gc,phases   ] GC(1572)   Evacuate Collection Set: 0.4ms
[23.063s][info   ][gc,phases   ] GC(1572)   Post Evacuate Collection Set: 0.5ms
[23.063s][info   ][gc,phases   ] GC(1572)   Other: 0.2ms
[23.063s][info   ][gc,heap     ] GC(1572) Eden regions: 0->0(879)
[23.063s][info   ][gc,heap     ] GC(1572) Survivor regions: 0->0(109)
[23.063s][info   ][gc,heap     ] GC(1572) Old regions: 1->1
[23.063s][info   ][gc,heap     ] GC(1572) Archive regions: 2->2
[23.063s][info   ][gc,heap     ] GC(1572) Humongous regions: 1042->888
[23.063s][info   ][gc,metaspace] GC(1572) Metaspace: 158K(384K)->158K(384K) NonClass: 150K(256K)->150K(256K) Class: 8K(128K)->8K(128K)
[23.063s][info   ][gc          ] GC(1572) Pause Young (Concurrent Start) (G1 Humongous Allocation) 1043M->889M(2048M) 1.679ms
[23.063s][info   ][gc,cpu      ] GC(1572) User=0.01s Sys=0.00s Real=0.00s
[23.063s][info   ][gc          ] GC(1573) Concurrent Undo Cycle
[23.063s][info   ][gc,marking  ] GC(1573) Concurrent Cleanup for Next Mark
[23.074s][info   ][gc,marking  ] GC(1573) Concurrent Cleanup for Next Mark 10.974ms
[23.075s][info   ][gc          ] GC(1573) Concurrent Undo Cycle 11.184ms
[23.075s][info   ][gc,start    ] GC(1574) Pause Young (Concurrent Start) (G1 Humongous Allocation)
[23.075s][info   ][gc,task     ] GC(1574) Using 4 workers of 4 for evacuation
[23.076s][info   ][gc,phases   ] GC(1574)   Pre Evacuate Collection Set: 0.2ms
[23.076s][info   ][gc,phases   ] GC(1574)   Merge Heap Roots: 0.1ms
[23.076s][info   ][gc,phases   ] GC(1574)   Evacuate Collection Set: 0.2ms
[23.076s][info   ][gc,phases   ] GC(1574)   Post Evacuate Collection Set: 0.4ms
[23.076s][info   ][gc,phases   ] GC(1574)   Other: 0.2ms
[23.076s][info   ][gc,heap     ] GC(1574) Eden regions: 0->0(903)
[23.076s][info   ][gc,heap     ] GC(1574) Survivor regions: 0->0(110)
[23.076s][info   ][gc,heap     ] GC(1574) Old regions: 1->1
[23.076s][info   ][gc,heap     ] GC(1574) Archive regions: 2->2
[23.076s][info   ][gc,heap     ] GC(1574) Humongous regions: 994->862
[23.076s][info   ][gc,metaspace] GC(1574) Metaspace: 158K(384K)->158K(384K) NonClass: 150K(256K)->150K(256K) Class: 8K(128K)->8K(128K)
[23.076s][info   ][gc          ] GC(1574) Pause Young (Concurrent Start) (G1 Humongous Allocation) 995M->863M(2048M) 1.240ms
[23.076s][info   ][gc,cpu      ] GC(1574) User=0.00s Sys=0.00s Real=0.00s
[23.076s][info   ][gc          ] GC(1575) Concurrent Undo Cycle
[23.076s][info   ][gc,marking  ] GC(1575) Concurrent Cleanup for Next Mark
[23.093s][info   ][gc,marking  ] GC(1575) Concurrent Cleanup for Next Mark 16.889ms
[23.093s][info   ][gc          ] GC(1575) Concurrent Undo Cycle 17.085ms
[23.094s][info   ][gc,start    ] GC(1576) Pause Young (Concurrent Start) (G1 Humongous Allocation)
[23.094s][info   ][gc,task     ] GC(1576) Using 4 workers of 4 for evacuation
[23.096s][info   ][gc,phases   ] GC(1576)   Pre Evacuate Collection Set: 0.3ms
[23.096s][info   ][gc,phases   ] GC(1576)   Merge Heap Roots: 0.1ms
[23.096s][info   ][gc,phases   ] GC(1576)   Evacuate Collection Set: 0.2ms
[23.096s][info   ][gc,phases   ] GC(1576)   Post Evacuate Collection Set: 0.7ms
[23.096s][info   ][gc,phases   ] GC(1576)   Other: 0.2ms
[23.096s][info   ][gc,heap     ] GC(1576) Eden regions: 0->0(910)
[23.096s][info   ][gc,heap     ] GC(1576) Survivor regions: 0->0(113)
[23.096s][info   ][gc,heap     ] GC(1576) Old regions: 1->1
[23.096s][info   ][gc,heap     ] GC(1576) Archive regions: 2->2
[23.096s][info   ][gc,heap     ] GC(1576) Humongous regions: 1046->854
[23.096s][info   ][gc,metaspace] GC(1576) Metaspace: 158K(384K)->158K(384K) NonClass: 150K(256K)->150K(256K) Class: 8K(128K)->8K(128K)
[23.096s][info   ][gc          ] GC(1576) Pause Young (Concurrent Start) (G1 Humongous Allocation) 1047M->855M(2048M) 1.651ms
[23.096s][info   ][gc,cpu      ] GC(1576) User=0.00s Sys=0.00s Real=0.00s
[23.096s][info   ][gc          ] GC(1577) Concurrent Undo Cycle
[23.096s][info   ][gc,marking  ] GC(1577) Concurrent Cleanup for Next Mark
[23.113s][info   ][gc,marking  ] GC(1577) Concurrent Cleanup for Next Mark 17.297ms
[23.114s][info   ][gc          ] GC(1577) Concurrent Undo Cycle 17.675ms
[23.115s][info   ][gc,start    ] GC(1578) Pause Young (Concurrent Start) (G1 Humongous Allocation)
[23.115s][info   ][gc,task     ] GC(1578) Using 4 workers of 4 for evacuation
[23.116s][info   ][gc,phases   ] GC(1578)   Pre Evacuate Collection Set: 0.2ms
[23.116s][info   ][gc,phases   ] GC(1578)   Merge Heap Roots: 0.1ms
[23.116s][info   ][gc,phases   ] GC(1578)   Evacuate Collection Set: 0.4ms
[23.116s][info   ][gc,phases   ] GC(1578)   Post Evacuate Collection Set: 0.6ms
[23.116s][info   ][gc,phases   ] GC(1578)   Other: 0.2ms
[23.116s][info   ][gc,heap     ] GC(1578) Eden regions: 0->0(866)
[23.116s][info   ][gc,heap     ] GC(1578) Survivor regions: 0->0(114)
[23.116s][info   ][gc,heap     ] GC(1578) Old regions: 1->1
[23.116s][info   ][gc,heap     ] GC(1578) Archive regions: 2->2
[23.116s][info   ][gc,heap     ] GC(1578) Humongous regions: 1064->902
[23.116s][info   ][gc,metaspace] GC(1578) Metaspace: 158K(384K)->158K(384K) NonClass: 150K(256K)->150K(256K) Class: 8K(128K)->8K(128K)
[23.116s][info   ][gc          ] GC(1578) Pause Young (Concurrent Start) (G1 Humongous Allocation) 1065M->903M(2048M) 1.560ms
[23.116s][info   ][gc,cpu      ] GC(1578) User=0.00s Sys=0.00s Real=0.00s
[23.117s][info   ][gc          ] GC(1579) Concurrent Undo Cycle
[23.117s][info   ][gc,marking  ] GC(1579) Concurrent Cleanup for Next Mark
[23.128s][info   ][gc,marking  ] GC(1579) Concurrent Cleanup for Next Mark 11.744ms
[23.129s][info   ][gc          ] GC(1579) Concurrent Undo Cycle 11.982ms
[23.129s][info   ][gc,start    ] GC(1580) Pause Young (Concurrent Start) (G1 Humongous Allocation)
[23.129s][info   ][gc,task     ] GC(1580) Using 4 workers of 4 for evacuation
[23.131s][info   ][gc,phases   ] GC(1580)   Pre Evacuate Collection Set: 0.3ms
[23.131s][info   ][gc,phases   ] GC(1580)   Merge Heap Roots: 0.1ms
[23.131s][info   ][gc,phases   ] GC(1580)   Evacuate Collection Set: 0.9ms
[23.131s][info   ][gc,phases   ] GC(1580)   Post Evacuate Collection Set: 0.9ms
[23.131s][info   ][gc,phases   ] GC(1580)   Other: 0.2ms
[23.131s][info   ][gc,heap     ] GC(1580) Eden regions: 0->0(849)
[23.131s][info   ][gc,heap     ] GC(1580) Survivor regions: 0->0(109)
[23.131s][info   ][gc,heap     ] GC(1580) Old regions: 1->1
[23.131s][info   ][gc,heap     ] GC(1580) Archive regions: 2->2
[23.131s][info   ][gc,heap     ] GC(1580) Humongous regions: 1008->920
[23.131s][info   ][gc,metaspace] GC(1580) Metaspace: 158K(384K)->158K(384K) NonClass: 150K(256K)->150K(256K) Class: 8K(128K)->8K(128K)
[23.131s][info   ][gc          ] GC(1580) Pause Young (Concurrent Start) (G1 Humongous Allocation) 1009M->921M(2048M) 2.557ms
[23.131s][info   ][gc,cpu      ] GC(1580) User=0.00s Sys=0.00s Real=0.00s
[23.131s][info   ][gc          ] GC(1581) Concurrent Mark Cycle
[23.131s][info   ][gc,marking  ] GC(1581) Concurrent Clear Claimed Marks
[23.131s][info   ][gc,marking  ] GC(1581) Concurrent Clear Claimed Marks 0.007ms
[23.131s][info   ][gc,marking  ] GC(1581) Concurrent Scan Root Regions
[23.131s][info   ][gc,marking  ] GC(1581) Concurrent Scan Root Regions 0.006ms
[23.131s][info   ][gc,marking  ] GC(1581) Concurrent Mark
[23.131s][info   ][gc,marking  ] GC(1581) Concurrent Mark From Roots
[23.131s][info   ][gc,task     ] GC(1581) Using 1 workers of 1 for marking
[23.139s][info   ][gc,marking  ] GC(1581) Concurrent Mark From Roots 7.361ms
[23.139s][info   ][gc,marking  ] GC(1581) Concurrent Preclean
[23.139s][info   ][gc,marking  ] GC(1581) Concurrent Preclean 0.108ms
[23.140s][info   ][gc,start    ] GC(1581) Pause Remark
[23.140s][info   ][gc          ] GC(1581) Pause Remark 1033M->1033M(2048M) 0.728ms
[23.140s][info   ][gc,cpu      ] GC(1581) User=0.00s Sys=0.00s Real=0.00s
[23.140s][info   ][gc,marking  ] GC(1581) Concurrent Mark 9.046ms
[23.140s][info   ][gc,marking  ] GC(1581) Concurrent Rebuild Remembered Sets
[23.148s][info   ][gc,marking  ] GC(1581) Concurrent Rebuild Remembered Sets 7.353ms
[23.149s][info   ][gc,start    ] GC(1581) Pause Cleanup
[23.149s][info   ][gc          ] GC(1581) Pause Cleanup 1153M->1153M(2048M) 0.313ms
[23.149s][info   ][gc,cpu      ] GC(1581) User=0.00s Sys=0.00s Real=0.00s
[23.149s][info   ][gc,marking  ] GC(1581) Concurrent Cleanup for Next Mark
[23.168s][info   ][gc,marking  ] GC(1581) Concurrent Cleanup for Next Mark 18.331ms
[23.168s][info   ][gc          ] GC(1581) Concurrent Mark Cycle 36.794ms
[23.169s][info   ][gc,start    ] GC(1582) Pause Young (Concurrent Start) (G1 Humongous Allocation)
[23.169s][info   ][gc,task     ] GC(1582) Using 4 workers of 4 for evacuation
[23.171s][info   ][gc,phases   ] GC(1582)   Pre Evacuate Collection Set: 0.3ms
[23.171s][info   ][gc,phases   ] GC(1582)   Merge Heap Roots: 0.2ms
[23.171s][info   ][gc,phases   ] GC(1582)   Evacuate Collection Set: 0.4ms
[23.171s][info   ][gc,phases   ] GC(1582)   Post Evacuate Collection Set: 1.0ms
[23.171s][info   ][gc,phases   ] GC(1582)   Other: 0.2ms
[23.171s][info   ][gc,heap     ] GC(1582) Eden regions: 0->0(881)
[23.171s][info   ][gc,heap     ] GC(1582) Survivor regions: 0->0(107)
[23.171s][info   ][gc,heap     ] GC(1582) Old regions: 1->1
[23.171s][info   ][gc,heap     ] GC(1582) Archive regions: 2->2
[23.171s][info   ][gc,heap     ] GC(1582) Humongous regions: 1380->886
[23.171s][info   ][gc,metaspace] GC(1582) Metaspace: 158K(384K)->158K(384K) NonClass: 150K(256K)->150K(256K) Class: 8K(128K)->8K(128K)
[23.171s][info   ][gc          ] GC(1582) Pause Young (Concurrent Start) (G1 Humongous Allocation) 1381M->887M(2048M) 2.261ms
[23.171s][info   ][gc,cpu      ] GC(1582) User=0.00s Sys=0.00s Real=0.00s
[23.171s][info   ][gc          ] GC(1583) Concurrent Undo Cycle
[23.171s][info   ][gc,marking  ] GC(1583) Concurrent Cleanup for Next Mark
[23.184s][info   ][gc,marking  ] GC(1583) Concurrent Cleanup for Next Mark 12.766ms
[23.184s][info   ][gc          ] GC(1583) Concurrent Undo Cycle 13.034ms
[23.185s][info   ][gc,start    ] GC(1584) Pause Young (Concurrent Start) (G1 Humongous Allocation)
[23.185s][info   ][gc,task     ] GC(1584) Using 4 workers of 4 for evacuation
[23.187s][info   ][gc,phases   ] GC(1584)   Pre Evacuate Collection Set: 0.3ms
[23.187s][info   ][gc,phases   ] GC(1584)   Merge Heap Roots: 0.1ms
[23.187s][info   ][gc,phases   ] GC(1584)   Evacuate Collection Set: 0.6ms
[23.187s][info   ][gc,phases   ] GC(1584)   Post Evacuate Collection Set: 0.4ms
[23.187s][info   ][gc,phases   ] GC(1584)   Other: 0.2ms
[23.187s][info   ][gc,heap     ] GC(1584) Eden regions: 0->0(897)
[23.187s][info   ][gc,heap     ] GC(1584) Survivor regions: 0->0(111)
[23.187s][info   ][gc,heap     ] GC(1584) Old regions: 1->1
[23.187s][info   ][gc,heap     ] GC(1584) Archive regions: 2->2
[23.187s][info   ][gc,heap     ] GC(1584) Humongous regions: 1028->868
[23.187s][info   ][gc,metaspace] GC(1584) Metaspace: 158K(384K)->158K(384K) NonClass: 150K(256K)->150K(256K) Class: 8K(128K)->8K(128K)
[23.187s][info   ][gc          ] GC(1584) Pause Young (Concurrent Start) (G1 Humongous Allocation) 1029M->869M(2048M) 1.771ms
[23.187s][info   ][gc,cpu      ] GC(1584) User=0.00s Sys=0.00s Real=0.00s
[23.187s][info   ][gc          ] GC(1585) Concurrent Undo Cycle
[23.187s][info   ][gc,marking  ] GC(1585) Concurrent Cleanup for Next Mark
[23.201s][info   ][gc,marking  ] GC(1585) Concurrent Cleanup for Next Mark 13.895ms
[23.201s][info   ][gc          ] GC(1585) Concurrent Undo Cycle 14.086ms
[23.201s][info   ][gc,start    ] GC(1586) Pause Young (Concurrent Start) (G1 Humongous Allocation)
[23.201s][info   ][gc,task     ] GC(1586) Using 4 workers of 4 for evacuation
[23.203s][info   ][gc,phases   ] GC(1586)   Pre Evacuate Collection Set: 0.4ms
[23.203s][info   ][gc,phases   ] GC(1586)   Merge Heap Roots: 0.1ms
[23.203s][info   ][gc,phases   ] GC(1586)   Evacuate Collection Set: 0.3ms
[23.203s][info   ][gc,phases   ] GC(1586)   Post Evacuate Collection Set: 0.4ms
[23.203s][info   ][gc,phases   ] GC(1586)   Other: 0.2ms
[23.203s][info   ][gc,heap     ] GC(1586) Eden regions: 0->0(881)
[23.203s][info   ][gc,heap     ] GC(1586) Survivor regions: 0->0(113)
[23.203s][info   ][gc,heap     ] GC(1586) Old regions: 1->1
[23.203s][info   ][gc,heap     ] GC(1586) Archive regions: 2->2
[23.203s][info   ][gc,heap     ] GC(1586) Humongous regions: 1022->886
[23.203s][info   ][gc,metaspace] GC(1586) Metaspace: 158K(384K)->158K(384K) NonClass: 150K(256K)->150K(256K) Class: 8K(128K)->8K(128K)
[23.203s][info   ][gc          ] GC(1586) Pause Young (Concurrent Start) (G1 Humongous Allocation) 1023M->887M(2048M) 1.494ms
[23.203s][info   ][gc,cpu      ] GC(1586) User=0.00s Sys=0.00s Real=0.00s
[23.203s][info   ][gc          ] GC(1587) Concurrent Undo Cycle
[23.203s][info   ][gc,marking  ] GC(1587) Concurrent Cleanup for Next Mark
[23.216s][info   ][gc,marking  ] GC(1587) Concurrent Cleanup for Next Mark 12.895ms
[23.216s][info   ][gc          ] GC(1587) Concurrent Undo Cycle 13.178ms
[23.217s][info   ][gc,start    ] GC(1588) Pause Young (Concurrent Start) (G1 Humongous Allocation)
[23.217s][info   ][gc,task     ] GC(1588) Using 4 workers of 4 for evacuation
[23.218s][info   ][gc,phases   ] GC(1588)   Pre Evacuate Collection Set: 0.2ms
[23.218s][info   ][gc,phases   ] GC(1588)   Merge Heap Roots: 0.1ms
[23.218s][info   ][gc,phases   ] GC(1588)   Evacuate Collection Set: 0.4ms
[23.218s][info   ][gc,phases   ] GC(1588)   Post Evacuate Collection Set: 0.5ms
[23.218s][info   ][gc,phases   ] GC(1588)   Other: 0.2ms
[23.218s][info   ][gc,heap     ] GC(1588) Eden regions: 0->0(868)
[23.218s][info   ][gc,heap     ] GC(1588) Survivor regions: 0->0(111)
[23.218s][info   ][gc,heap     ] GC(1588) Old regions: 1->1
[23.218s][info   ][gc,heap     ] GC(1588) Archive regions: 2->2
[23.218s][info   ][gc,heap     ] GC(1588) Humongous regions: 1016->900
[23.218s][info   ][gc,metaspace] GC(1588) Metaspace: 158K(384K)->158K(384K) NonClass: 150K(256K)->150K(256K) Class: 8K(128K)->8K(128K)
[23.218s][info   ][gc          ] GC(1588) Pause Young (Concurrent Start) (G1 Humongous Allocation) 1017M->901M(2048M) 1.559ms
[23.218s][info   ][gc,cpu      ] GC(1588) User=0.00s Sys=0.00s Real=0.01s
[23.218s][info   ][gc          ] GC(1589) Concurrent Undo Cycle
[23.218s][info   ][gc,marking  ] GC(1589) Concurrent Cleanup for Next Mark
[23.231s][info   ][gc,marking  ] GC(1589) Concurrent Cleanup for Next Mark 12.618ms
[23.231s][info   ][gc          ] GC(1589) Concurrent Undo Cycle 12.985ms
[23.232s][info   ][gc,start    ] GC(1590) Pause Young (Concurrent Start) (G1 Humongous Allocation)
[23.232s][info   ][gc,task     ] GC(1590) Using 4 workers of 4 for evacuation
[23.234s][info   ][gc,phases   ] GC(1590)   Pre Evacuate Collection Set: 0.2ms
[23.234s][info   ][gc,phases   ] GC(1590)   Merge Heap Roots: 0.1ms
[23.234s][info   ][gc,phases   ] GC(1590)   Evacuate Collection Set: 0.3ms
[23.234s][info   ][gc,phases   ] GC(1590)   Post Evacuate Collection Set: 0.5ms
[23.234s][info   ][gc,phases   ] GC(1590)   Other: 0.2ms
[23.234s][info   ][gc,heap     ] GC(1590) Eden regions: 0->0(870)
[23.234s][info   ][gc,heap     ] GC(1590) Survivor regions: 0->0(109)
[23.234s][info   ][gc,heap     ] GC(1590) Old regions: 1->1
[23.234s][info   ][gc,heap     ] GC(1590) Archive regions: 2->2
[23.234s][info   ][gc,heap     ] GC(1590) Humongous regions: 1028->898
[23.234s][info   ][gc,metaspace] GC(1590) Metaspace: 158K(384K)->158K(384K) NonClass: 150K(256K)->150K(256K) Class: 8K(128K)->8K(128K)
[23.234s][info   ][gc          ] GC(1590) Pause Young (Concurrent Start) (G1 Humongous Allocation) 1029M->899M(2048M) 1.416ms
[23.234s][info   ][gc,cpu      ] GC(1590) User=0.00s Sys=0.00s Real=0.00s
[23.234s][info   ][gc          ] GC(1591) Concurrent Undo Cycle
[23.234s][info   ][gc,marking  ] GC(1591) Concurrent Cleanup for Next Mark
[23.244s][info   ][gc,marking  ] GC(1591) Concurrent Cleanup for Next Mark 9.683ms
[23.244s][info   ][gc          ] GC(1591) Concurrent Undo Cycle 9.872ms
[23.244s][info   ][gc,start    ] GC(1592) Pause Young (Concurrent Start) (G1 Humongous Allocation)
[23.244s][info   ][gc,task     ] GC(1592) Using 4 workers of 4 for evacuation
[23.246s][info   ][gc,phases   ] GC(1592)   Pre Evacuate Collection Set: 0.2ms
[23.246s][info   ][gc,phases   ] GC(1592)   Merge Heap Roots: 0.1ms
[23.246s][info   ][gc,phases   ] GC(1592)   Evacuate Collection Set: 0.3ms
[23.246s][info   ][gc,phases   ] GC(1592)   Post Evacuate Collection Set: 0.6ms
[23.246s][info   ][gc,phases   ] GC(1592)   Other: 0.2ms
[23.246s][info   ][gc,heap     ] GC(1592) Eden regions: 0->0(905)
[23.246s][info   ][gc,heap     ] GC(1592) Survivor regions: 0->0(109)
[23.246s][info   ][gc,heap     ] GC(1592) Old regions: 1->1
[23.246s][info   ][gc,heap     ] GC(1592) Archive regions: 2->2
[23.246s][info   ][gc,heap     ] GC(1592) Humongous regions: 992->860
[23.246s][info   ][gc,metaspace] GC(1592) Metaspace: 158K(384K)->158K(384K) NonClass: 150K(256K)->150K(256K) Class: 8K(128K)->8K(128K)
[23.246s][info   ][gc          ] GC(1592) Pause Young (Concurrent Start) (G1 Humongous Allocation) 993M->861M(2048M) 1.522ms
[23.246s][info   ][gc,cpu      ] GC(1592) User=0.00s Sys=0.00s Real=0.00s
[23.246s][info   ][gc          ] GC(1593) Concurrent Undo Cycle
[23.246s][info   ][gc,marking  ] GC(1593) Concurrent Cleanup for Next Mark
[23.261s][info   ][gc,marking  ] GC(1593) Concurrent Cleanup for Next Mark 14.856ms
[23.261s][info   ][gc          ] GC(1593) Concurrent Undo Cycle 15.024ms
[23.261s][info   ][gc,start    ] GC(1594) Pause Young (Concurrent Start) (G1 Humongous Allocation)
[23.261s][info   ][gc,task     ] GC(1594) Using 4 workers of 4 for evacuation
[23.263s][info   ][gc,phases   ] GC(1594)   Pre Evacuate Collection Set: 0.3ms
[23.263s][info   ][gc,phases   ] GC(1594)   Merge Heap Roots: 0.1ms
[23.263s][info   ][gc,phases   ] GC(1594)   Evacuate Collection Set: 0.4ms
[23.263s][info   ][gc,phases   ] GC(1594)   Post Evacuate Collection Set: 0.6ms
[23.263s][info   ][gc,phases   ] GC(1594)   Other: 0.2ms
[23.263s][info   ][gc,heap     ] GC(1594) Eden regions: 0->0(951)
[23.263s][info   ][gc,heap     ] GC(1594) Survivor regions: 0->0(114)
[23.263s][info   ][gc,heap     ] GC(1594) Old regions: 1->1
[23.263s][info   ][gc,heap     ] GC(1594) Archive regions: 2->2
[23.263s][info   ][gc,heap     ] GC(1594) Humongous regions: 1016->810
[23.263s][info   ][gc,metaspace] GC(1594) Metaspace: 158K(384K)->158K(384K) NonClass: 150K(256K)->150K(256K) Class: 8K(128K)->8K(128K)
[23.263s][info   ][gc          ] GC(1594) Pause Young (Concurrent Start) (G1 Humongous Allocation) 1017M->811M(2048M) 1.779ms
[23.263s][info   ][gc,cpu      ] GC(1594) User=0.00s Sys=0.00s Real=0.00s
[23.263s][info   ][gc          ] GC(1595) Concurrent Undo Cycle
[23.263s][info   ][gc,marking  ] GC(1595) Concurrent Cleanup for Next Mark
[23.278s][info   ][gc,marking  ] GC(1595) Concurrent Cleanup for Next Mark 15.144ms
[23.279s][info   ][gc          ] GC(1595) Concurrent Undo Cycle 15.345ms
[23.280s][info   ][gc,start    ] GC(1596) Pause Young (Concurrent Start) (G1 Humongous Allocation)
[23.280s][info   ][gc,task     ] GC(1596) Using 4 workers of 4 for evacuation
[23.281s][info   ][gc,phases   ] GC(1596)   Pre Evacuate Collection Set: 0.4ms
[23.281s][info   ][gc,phases   ] GC(1596)   Merge Heap Roots: 0.1ms
[23.281s][info   ][gc,phases   ] GC(1596)   Evacuate Collection Set: 0.3ms
[23.281s][info   ][gc,phases   ] GC(1596)   Post Evacuate Collection Set: 0.5ms
[23.281s][info   ][gc,phases   ] GC(1596)   Other: 0.2ms
[23.281s][info   ][gc,heap     ] GC(1596) Eden regions: 0->0(921)
[23.281s][info   ][gc,heap     ] GC(1596) Survivor regions: 0->0(119)
[23.281s][info   ][gc,heap     ] GC(1596) Old regions: 1->1
[23.281s][info   ][gc,heap     ] GC(1596) Archive regions: 2->2
[23.281s][info   ][gc,heap     ] GC(1596) Humongous regions: 974->842
[23.281s][info   ][gc,metaspace] GC(1596) Metaspace: 158K(384K)->158K(384K) NonClass: 150K(256K)->150K(256K) Class: 8K(128K)->8K(128K)
[23.281s][info   ][gc          ] GC(1596) Pause Young (Concurrent Start) (G1 Humongous Allocation) 975M->843M(2048M) 1.527ms
[23.281s][info   ][gc,cpu      ] GC(1596) User=0.00s Sys=0.01s Real=0.00s
[23.281s][info   ][gc          ] GC(1597) Concurrent Undo Cycle
[23.281s][info   ][gc,marking  ] GC(1597) Concurrent Cleanup for Next Mark
[23.291s][info   ][gc,marking  ] GC(1597) Concurrent Cleanup for Next Mark 9.928ms
[23.292s][info   ][gc          ] GC(1597) Concurrent Undo Cycle 10.149ms
[23.293s][info   ][gc,start    ] GC(1598) Pause Young (Concurrent Start) (G1 Humongous Allocation)
[23.293s][info   ][gc,task     ] GC(1598) Using 4 workers of 4 for evacuation
[23.294s][info   ][gc,phases   ] GC(1598)   Pre Evacuate Collection Set: 0.2ms
[23.294s][info   ][gc,phases   ] GC(1598)   Merge Heap Roots: 0.1ms
[23.294s][info   ][gc,phases   ] GC(1598)   Evacuate Collection Set: 0.4ms
[23.294s][info   ][gc,phases   ] GC(1598)   Post Evacuate Collection Set: 0.4ms
[23.294s][info   ][gc,phases   ] GC(1598)   Other: 0.2ms
[23.294s][info   ][gc,heap     ] GC(1598) Eden regions: 0->0(954)
[23.294s][info   ][gc,heap     ] GC(1598) Survivor regions: 0->0(116)
[23.294s][info   ][gc,heap     ] GC(1598) Old regions: 1->1
[23.294s][info   ][gc,heap     ] GC(1598) Archive regions: 2->2
[23.294s][info   ][gc,heap     ] GC(1598) Humongous regions: 938->806
[23.294s][info   ][gc,metaspace] GC(1598) Metaspace: 158K(384K)->158K(384K) NonClass: 150K(256K)->150K(256K) Class: 8K(128K)->8K(128K)
[23.294s][info   ][gc          ] GC(1598) Pause Young (Concurrent Start) (G1 Humongous Allocation) 939M->807M(2048M) 1.373ms
[23.294s][info   ][gc,cpu      ] GC(1598) User=0.00s Sys=0.00s Real=0.00s
[23.294s][info   ][gc          ] GC(1599) Concurrent Undo Cycle
[23.294s][info   ][gc,marking  ] GC(1599) Concurrent Cleanup for Next Mark
[23.304s][info   ][gc,marking  ] GC(1599) Concurrent Cleanup for Next Mark 10.369ms
[23.305s][info   ][gc          ] GC(1599) Concurrent Undo Cycle 10.540ms
[23.307s][info   ][gc,start    ] GC(1600) Pause Young (Concurrent Start) (G1 Humongous Allocation)
[23.307s][info   ][gc,task     ] GC(1600) Using 4 workers of 4 for evacuation
[23.308s][info   ][gc,phases   ] GC(1600)   Pre Evacuate Collection Set: 0.2ms
[23.308s][info   ][gc,phases   ] GC(1600)   Merge Heap Roots: 0.1ms
[23.308s][info   ][gc,phases   ] GC(1600)   Evacuate Collection Set: 0.2ms
[23.308s][info   ][gc,phases   ] GC(1600)   Post Evacuate Collection Set: 0.4ms
[23.308s][info   ][gc,phases   ] GC(1600)   Other: 0.2ms
[23.308s][info   ][gc,heap     ] GC(1600) Eden regions: 0->0(969)
[23.308s][info   ][gc,heap     ] GC(1600) Survivor regions: 0->0(120)
[23.308s][info   ][gc,heap     ] GC(1600) Old regions: 1->1
[23.308s][info   ][gc,heap     ] GC(1600) Archive regions: 2->2
[23.308s][info   ][gc,heap     ] GC(1600) Humongous regions: 918->790
[23.308s][info   ][gc,metaspace] GC(1600) Metaspace: 158K(384K)->158K(384K) NonClass: 150K(256K)->150K(256K) Class: 8K(128K)->8K(128K)
[23.308s][info   ][gc          ] GC(1600) Pause Young (Concurrent Start) (G1 Humongous Allocation) 919M->791M(2048M) 1.198ms
[23.308s][info   ][gc,cpu      ] GC(1600) User=0.01s Sys=0.01s Real=0.00s
[23.308s][info   ][gc          ] GC(1601) Concurrent Undo Cycle
[23.308s][info   ][gc,marking  ] GC(1601) Concurrent Cleanup for Next Mark
[23.319s][info   ][gc,marking  ] GC(1601) Concurrent Cleanup for Next Mark 10.905ms
[23.319s][info   ][gc          ] GC(1601) Concurrent Undo Cycle 11.136ms
[23.322s][info   ][gc,start    ] GC(1602) Pause Young (Concurrent Start) (G1 Humongous Allocation)
[23.322s][info   ][gc,task     ] GC(1602) Using 4 workers of 4 for evacuation
[23.323s][info   ][gc,phases   ] GC(1602)   Pre Evacuate Collection Set: 0.3ms
[23.323s][info   ][gc,phases   ] GC(1602)   Merge Heap Roots: 0.1ms
[23.323s][info   ][gc,phases   ] GC(1602)   Evacuate Collection Set: 0.3ms
[23.323s][info   ][gc,phases   ] GC(1602)   Post Evacuate Collection Set: 0.4ms
[23.323s][info   ][gc,phases   ] GC(1602)   Other: 0.2ms
[23.323s][info   ][gc,heap     ] GC(1602) Eden regions: 0->0(967)
[23.323s][info   ][gc,heap     ] GC(1602) Survivor regions: 0->0(122)
[23.323s][info   ][gc,heap     ] GC(1602) Old regions: 1->1
[23.323s][info   ][gc,heap     ] GC(1602) Archive regions: 2->2
[23.323s][info   ][gc,heap     ] GC(1602) Humongous regions: 918->792
[23.323s][info   ][gc,metaspace] GC(1602) Metaspace: 158K(384K)->158K(384K) NonClass: 150K(256K)->150K(256K) Class: 8K(128K)->8K(128K)
[23.323s][info   ][gc          ] GC(1602) Pause Young (Concurrent Start) (G1 Humongous Allocation) 919M->793M(2048M) 1.388ms
[23.323s][info   ][gc,cpu      ] GC(1602) User=0.00s Sys=0.00s Real=0.00s
[23.323s][info   ][gc          ] GC(1603) Concurrent Undo Cycle
[23.323s][info   ][gc,marking  ] GC(1603) Concurrent Cleanup for Next Mark
[23.335s][info   ][gc,marking  ] GC(1603) Concurrent Cleanup for Next Mark 11.528ms
[23.335s][info   ][gc          ] GC(1603) Concurrent Undo Cycle 11.811ms
[23.337s][info   ][gc,start    ] GC(1604) Pause Young (Concurrent Start) (G1 Humongous Allocation)
[23.337s][info   ][gc,task     ] GC(1604) Using 4 workers of 4 for evacuation
[23.338s][info   ][gc,phases   ] GC(1604)   Pre Evacuate Collection Set: 0.2ms
[23.338s][info   ][gc,phases   ] GC(1604)   Merge Heap Roots: 0.1ms
[23.338s][info   ][gc,phases   ] GC(1604)   Evacuate Collection Set: 0.2ms
[23.338s][info   ][gc,phases   ] GC(1604)   Post Evacuate Collection Set: 0.5ms
[23.338s][info   ][gc,phases   ] GC(1604)   Other: 0.2ms
[23.338s][info   ][gc,heap     ] GC(1604) Eden regions: 0->0(973)
[23.338s][info   ][gc,heap     ] GC(1604) Survivor regions: 0->0(121)
[23.338s][info   ][gc,heap     ] GC(1604) Old regions: 1->1
[23.338s][info   ][gc,heap     ] GC(1604) Archive regions: 2->2
[23.338s][info   ][gc,heap     ] GC(1604) Humongous regions: 918->786
[23.338s][info   ][gc,metaspace] GC(1604) Metaspace: 158K(384K)->158K(384K) NonClass: 150K(256K)->150K(256K) Class: 8K(128K)->8K(128K)
[23.338s][info   ][gc          ] GC(1604) Pause Young (Concurrent Start) (G1 Humongous Allocation) 919M->787M(2048M) 1.366ms
[23.338s][info   ][gc,cpu      ] GC(1604) User=0.00s Sys=0.00s Real=0.01s
[23.338s][info   ][gc          ] GC(1605) Concurrent Undo Cycle
[23.338s][info   ][gc,marking  ] GC(1605) Concurrent Cleanup for Next Mark
[23.349s][info   ][gc,marking  ] GC(1605) Concurrent Cleanup for Next Mark 10.957ms
[23.349s][info   ][gc          ] GC(1605) Concurrent Undo Cycle 11.230ms
[23.352s][info   ][gc,start    ] GC(1606) Pause Young (Concurrent Start) (G1 Humongous Allocation)
[23.352s][info   ][gc,task     ] GC(1606) Using 4 workers of 4 for evacuation
[23.354s][info   ][gc,phases   ] GC(1606)   Pre Evacuate Collection Set: 0.2ms
[23.354s][info   ][gc,phases   ] GC(1606)   Merge Heap Roots: 0.1ms
[23.354s][info   ][gc,phases   ] GC(1606)   Evacuate Collection Set: 0.6ms
[23.354s][info   ][gc,phases   ] GC(1606)   Post Evacuate Collection Set: 0.4ms
[23.354s][info   ][gc,phases   ] GC(1606)   Other: 0.2ms
[23.354s][info   ][gc,heap     ] GC(1606) Eden regions: 0->0(949)
[23.354s][info   ][gc,heap     ] GC(1606) Survivor regions: 0->0(122)
[23.354s][info   ][gc,heap     ] GC(1606) Old regions: 1->1
[23.354s][info   ][gc,heap     ] GC(1606) Archive regions: 2->2
[23.354s][info   ][gc,heap     ] GC(1606) Humongous regions: 920->812
[23.354s][info   ][gc,metaspace] GC(1606) Metaspace: 158K(384K)->158K(384K) NonClass: 150K(256K)->150K(256K) Class: 8K(128K)->8K(128K)
[23.354s][info   ][gc          ] GC(1606) Pause Young (Concurrent Start) (G1 Humongous Allocation) 921M->813M(2048M) 1.543ms
[23.354s][info   ][gc,cpu      ] GC(1606) User=0.00s Sys=0.00s Real=0.00s
[23.354s][info   ][gc          ] GC(1607) Concurrent Undo Cycle
[23.354s][info   ][gc,marking  ] GC(1607) Concurrent Cleanup for Next Mark
[23.367s][info   ][gc,marking  ] GC(1607) Concurrent Cleanup for Next Mark 12.704ms
[23.367s][info   ][gc          ] GC(1607) Concurrent Undo Cycle 12.955ms
[23.367s][info   ][gc,start    ] GC(1608) Pause Young (Concurrent Start) (G1 Humongous Allocation)
[23.367s][info   ][gc,task     ] GC(1608) Using 4 workers of 4 for evacuation
[23.368s][info   ][gc,phases   ] GC(1608)   Pre Evacuate Collection Set: 0.2ms
[23.368s][info   ][gc,phases   ] GC(1608)   Merge Heap Roots: 0.1ms
[23.368s][info   ][gc,phases   ] GC(1608)   Evacuate Collection Set: 0.3ms
[23.368s][info   ][gc,phases   ] GC(1608)   Post Evacuate Collection Set: 0.5ms
[23.368s][info   ][gc,phases   ] GC(1608)   Other: 0.2ms
[23.368s][info   ][gc,heap     ] GC(1608) Eden regions: 0->0(962)
[23.368s][info   ][gc,heap     ] GC(1608) Survivor regions: 0->0(119)
[23.368s][info   ][gc,heap     ] GC(1608) Old regions: 1->1
[23.368s][info   ][gc,heap     ] GC(1608) Archive regions: 2->2
[23.368s][info   ][gc,heap     ] GC(1608) Humongous regions: 944->798
[23.368s][info   ][gc,metaspace] GC(1608) Metaspace: 158K(384K)->158K(384K) NonClass: 150K(256K)->150K(256K) Class: 8K(128K)->8K(128K)
[23.368s][info   ][gc          ] GC(1608) Pause Young (Concurrent Start) (G1 Humongous Allocation) 945M->799M(2048M) 1.351ms
[23.368s][info   ][gc,cpu      ] GC(1608) User=0.00s Sys=0.00s Real=0.01s
[23.368s][info   ][gc          ] GC(1609) Concurrent Undo Cycle
[23.368s][info   ][gc,marking  ] GC(1609) Concurrent Cleanup for Next Mark
[23.384s][info   ][gc,marking  ] GC(1609) Concurrent Cleanup for Next Mark 15.499ms
[23.384s][info   ][gc          ] GC(1609) Concurrent Undo Cycle 15.896ms
[23.385s][info   ][gc,start    ] GC(1610) Pause Young (Concurrent Start) (G1 Humongous Allocation)
[23.385s][info   ][gc,task     ] GC(1610) Using 4 workers of 4 for evacuation
[23.386s][info   ][gc,phases   ] GC(1610)   Pre Evacuate Collection Set: 0.2ms
[23.386s][info   ][gc,phases   ] GC(1610)   Merge Heap Roots: 0.1ms
[23.386s][info   ][gc,phases   ] GC(1610)   Evacuate Collection Set: 0.3ms
[23.386s][info   ][gc,phases   ] GC(1610)   Post Evacuate Collection Set: 0.5ms
[23.386s][info   ][gc,phases   ] GC(1610)   Other: 0.2ms
[23.386s][info   ][gc,heap     ] GC(1610) Eden regions: 0->0(954)
[23.386s][info   ][gc,heap     ] GC(1610) Survivor regions: 0->0(121)
[23.386s][info   ][gc,heap     ] GC(1610) Old regions: 1->1
[23.386s][info   ][gc,heap     ] GC(1610) Archive regions: 2->2
[23.386s][info   ][gc,heap     ] GC(1610) Humongous regions: 970->806
[23.386s][info   ][gc,metaspace] GC(1610) Metaspace: 158K(384K)->158K(384K) NonClass: 150K(256K)->150K(256K) Class: 8K(128K)->8K(128K)
[23.386s][info   ][gc          ] GC(1610) Pause Young (Concurrent Start) (G1 Humongous Allocation) 971M->807M(2048M) 1.370ms
[23.386s][info   ][gc,cpu      ] GC(1610) User=0.00s Sys=0.00s Real=0.00s
[23.386s][info   ][gc          ] GC(1611) Concurrent Undo Cycle
[23.386s][info   ][gc,marking  ] GC(1611) Concurrent Cleanup for Next Mark
[23.401s][info   ][gc,marking  ] GC(1611) Concurrent Cleanup for Next Mark 14.512ms
[23.401s][info   ][gc          ] GC(1611) Concurrent Undo Cycle 14.766ms
[23.401s][info   ][gc,start    ] GC(1612) Pause Young (Concurrent Start) (G1 Humongous Allocation)
[23.401s][info   ][gc,task     ] GC(1612) Using 4 workers of 4 for evacuation
[23.403s][info   ][gc,phases   ] GC(1612)   Pre Evacuate Collection Set: 0.2ms
[23.403s][info   ][gc,phases   ] GC(1612)   Merge Heap Roots: 0.1ms
[23.403s][info   ][gc,phases   ] GC(1612)   Evacuate Collection Set: 0.3ms
[23.403s][info   ][gc,phases   ] GC(1612)   Post Evacuate Collection Set: 0.5ms
[23.403s][info   ][gc,phases   ] GC(1612)   Other: 0.2ms
[23.403s][info   ][gc,heap     ] GC(1612) Eden regions: 0->0(940)
[23.403s][info   ][gc,heap     ] GC(1612) Survivor regions: 0->0(120)
[23.403s][info   ][gc,heap     ] GC(1612) Old regions: 1->1
[23.403s][info   ][gc,heap     ] GC(1612) Archive regions: 2->2
[23.403s][info   ][gc,heap     ] GC(1612) Humongous regions: 970->822
[23.403s][info   ][gc,metaspace] GC(1612) Metaspace: 158K(384K)->158K(384K) NonClass: 150K(256K)->150K(256K) Class: 8K(128K)->8K(128K)
[23.403s][info   ][gc          ] GC(1612) Pause Young (Concurrent Start) (G1 Humongous Allocation) 971M->823M(2048M) 1.350ms
[23.403s][info   ][gc,cpu      ] GC(1612) User=0.01s Sys=0.00s Real=0.00s
[23.403s][info   ][gc          ] GC(1613) Concurrent Undo Cycle
[23.403s][info   ][gc,marking  ] GC(1613) Concurrent Cleanup for Next Mark
[23.417s][info   ][gc,marking  ] GC(1613) Concurrent Cleanup for Next Mark 13.958ms
[23.417s][info   ][gc          ] GC(1613) Concurrent Undo Cycle 14.165ms
[23.417s][info   ][gc,start    ] GC(1614) Pause Young (Concurrent Start) (G1 Humongous Allocation)
[23.417s][info   ][gc,task     ] GC(1614) Using 4 workers of 4 for evacuation
[23.419s][info   ][gc,phases   ] GC(1614)   Pre Evacuate Collection Set: 0.2ms
[23.419s][info   ][gc,phases   ] GC(1614)   Merge Heap Roots: 0.2ms
[23.419s][info   ][gc,phases   ] GC(1614)   Evacuate Collection Set: 0.6ms
[23.419s][info   ][gc,phases   ] GC(1614)   Post Evacuate Collection Set: 0.5ms
[23.419s][info   ][gc,phases   ] GC(1614)   Other: 0.2ms
[23.419s][info   ][gc,heap     ] GC(1614) Eden regions: 0->0(943)
[23.419s][info   ][gc,heap     ] GC(1614) Survivor regions: 0->0(118)
[23.419s][info   ][gc,heap     ] GC(1614) Old regions: 1->1
[23.419s][info   ][gc,heap     ] GC(1614) Archive regions: 2->2
[23.419s][info   ][gc,heap     ] GC(1614) Humongous regions: 980->818
[23.419s][info   ][gc,metaspace] GC(1614) Metaspace: 158K(384K)->158K(384K) NonClass: 150K(256K)->150K(256K) Class: 8K(128K)->8K(128K)
[23.419s][info   ][gc          ] GC(1614) Pause Young (Concurrent Start) (G1 Humongous Allocation) 981M->819M(2048M) 1.752ms
[23.419s][info   ][gc,cpu      ] GC(1614) User=0.01s Sys=0.00s Real=0.01s
[23.419s][info   ][gc          ] GC(1615) Concurrent Undo Cycle
[23.419s][info   ][gc,marking  ] GC(1615) Concurrent Cleanup for Next Mark
[23.431s][info   ][gc,marking  ] GC(1615) Concurrent Cleanup for Next Mark 11.281ms
[23.431s][info   ][gc          ] GC(1615) Concurrent Undo Cycle 11.474ms
[23.432s][info   ][gc,start    ] GC(1616) Pause Young (Concurrent Start) (G1 Humongous Allocation)
[23.432s][info   ][gc,task     ] GC(1616) Using 4 workers of 4 for evacuation
[23.433s][info   ][gc,phases   ] GC(1616)   Pre Evacuate Collection Set: 0.2ms
[23.433s][info   ][gc,phases   ] GC(1616)   Merge Heap Roots: 0.1ms
[23.433s][info   ][gc,phases   ] GC(1616)   Evacuate Collection Set: 0.4ms
[23.433s][info   ][gc,phases   ] GC(1616)   Post Evacuate Collection Set: 0.4ms
[23.433s][info   ][gc,phases   ] GC(1616)   Other: 0.2ms
[23.433s][info   ][gc,heap     ] GC(1616) Eden regions: 0->0(962)
[23.433s][info   ][gc,heap     ] GC(1616) Survivor regions: 0->0(118)
[23.433s][info   ][gc,heap     ] GC(1616) Old regions: 1->1
[23.433s][info   ][gc,heap     ] GC(1616) Archive regions: 2->2
[23.433s][info   ][gc,heap     ] GC(1616) Humongous regions: 940->798
[23.433s][info   ][gc,metaspace] GC(1616) Metaspace: 158K(384K)->158K(384K) NonClass: 150K(256K)->150K(256K) Class: 8K(128K)->8K(128K)
[23.433s][info   ][gc          ] GC(1616) Pause Young (Concurrent Start) (G1 Humongous Allocation) 941M->799M(2048M) 1.411ms
[23.433s][info   ][gc,cpu      ] GC(1616) User=0.00s Sys=0.01s Real=0.00s
[23.433s][info   ][gc          ] GC(1617) Concurrent Undo Cycle
[23.433s][info   ][gc,marking  ] GC(1617) Concurrent Cleanup for Next Mark
[23.446s][info   ][gc,marking  ] GC(1617) Concurrent Cleanup for Next Mark 12.773ms
[23.446s][info   ][gc          ] GC(1617) Concurrent Undo Cycle 12.988ms
[23.447s][info   ][gc,start    ] GC(1618) Pause Young (Concurrent Start) (G1 Humongous Allocation)
[23.447s][info   ][gc,task     ] GC(1618) Using 4 workers of 4 for evacuation
[23.448s][info   ][gc,phases   ] GC(1618)   Pre Evacuate Collection Set: 0.1ms
[23.448s][info   ][gc,phases   ] GC(1618)   Merge Heap Roots: 0.1ms
[23.448s][info   ][gc,phases   ] GC(1618)   Evacuate Collection Set: 0.2ms
[23.448s][info   ][gc,phases   ] GC(1618)   Post Evacuate Collection Set: 0.4ms
[23.448s][info   ][gc,phases   ] GC(1618)   Other: 0.2ms
[23.448s][info   ][gc,heap     ] GC(1618) Eden regions: 0->0(945)
[23.448s][info   ][gc,heap     ] GC(1618) Survivor regions: 0->0(121)
[23.448s][info   ][gc,heap     ] GC(1618) Old regions: 1->1
[23.448s][info   ][gc,heap     ] GC(1618) Archive regions: 2->2
[23.448s][info   ][gc,heap     ] GC(1618) Humongous regions: 938->816
[23.448s][info   ][gc,metaspace] GC(1618) Metaspace: 158K(384K)->158K(384K) NonClass: 150K(256K)->150K(256K) Class: 8K(128K)->8K(128K)
[23.448s][info   ][gc          ] GC(1618) Pause Young (Concurrent Start) (G1 Humongous Allocation) 939M->817M(2048M) 1.116ms
[23.448s][info   ][gc,cpu      ] GC(1618) User=0.00s Sys=0.00s Real=0.01s
[23.448s][info   ][gc          ] GC(1619) Concurrent Undo Cycle
[23.448s][info   ][gc,marking  ] GC(1619) Concurrent Cleanup for Next Mark
[23.460s][info   ][gc,marking  ] GC(1619) Concurrent Cleanup for Next Mark 11.349ms
[23.460s][info   ][gc          ] GC(1619) Concurrent Undo Cycle 11.611ms
[23.460s][info   ][gc,start    ] GC(1620) Pause Young (Concurrent Start) (G1 Humongous Allocation)
[23.460s][info   ][gc,task     ] GC(1620) Using 4 workers of 4 for evacuation
[23.462s][info   ][gc,phases   ] GC(1620)   Pre Evacuate Collection Set: 0.2ms
[23.462s][info   ][gc,phases   ] GC(1620)   Merge Heap Roots: 0.1ms
[23.462s][info   ][gc,phases   ] GC(1620)   Evacuate Collection Set: 0.5ms
[23.462s][info   ][gc,phases   ] GC(1620)   Post Evacuate Collection Set: 0.3ms
[23.462s][info   ][gc,phases   ] GC(1620)   Other: 0.1ms
[23.462s][info   ][gc,heap     ] GC(1620) Eden regions: 0->0(951)
[23.462s][info   ][gc,heap     ] GC(1620) Survivor regions: 0->0(119)
[23.462s][info   ][gc,heap     ] GC(1620) Old regions: 1->1
[23.462s][info   ][gc,heap     ] GC(1620) Archive regions: 2->2
[23.462s][info   ][gc,heap     ] GC(1620) Humongous regions: 950->810
[23.462s][info   ][gc,metaspace] GC(1620) Metaspace: 158K(384K)->158K(384K) NonClass: 150K(256K)->150K(256K) Class: 8K(128K)->8K(128K)
[23.462s][info   ][gc          ] GC(1620) Pause Young (Concurrent Start) (G1 Humongous Allocation) 951M->811M(2048M) 1.335ms
[23.462s][info   ][gc,cpu      ] GC(1620) User=0.00s Sys=0.00s Real=0.00s
[23.462s][info   ][gc          ] GC(1621) Concurrent Undo Cycle
[23.462s][info   ][gc,marking  ] GC(1621) Concurrent Cleanup for Next Mark
[23.471s][info   ][gc,marking  ] GC(1621) Concurrent Cleanup for Next Mark 9.246ms
[23.471s][info   ][gc          ] GC(1621) Concurrent Undo Cycle 9.462ms
[23.473s][info   ][gc,start    ] GC(1622) Pause Young (Concurrent Start) (G1 Humongous Allocation)
[23.473s][info   ][gc,task     ] GC(1622) Using 4 workers of 4 for evacuation
[23.475s][info   ][gc,phases   ] GC(1622)   Pre Evacuate Collection Set: 0.3ms
[23.475s][info   ][gc,phases   ] GC(1622)   Merge Heap Roots: 0.1ms
[23.475s][info   ][gc,phases   ] GC(1622)   Evacuate Collection Set: 0.2ms
[23.475s][info   ][gc,phases   ] GC(1622)   Post Evacuate Collection Set: 0.4ms
[23.475s][info   ][gc,phases   ] GC(1622)   Other: 0.2ms
[23.475s][info   ][gc,heap     ] GC(1622) Eden regions: 0->0(969)
[23.475s][info   ][gc,heap     ] GC(1622) Survivor regions: 0->0(119)
[23.475s][info   ][gc,heap     ] GC(1622) Old regions: 1->1
[23.475s][info   ][gc,heap     ] GC(1622) Archive regions: 2->2
[23.475s][info   ][gc,heap     ] GC(1622) Humongous regions: 918->790
[23.475s][info   ][gc,metaspace] GC(1622) Metaspace: 158K(384K)->158K(384K) NonClass: 150K(256K)->150K(256K) Class: 8K(128K)->8K(128K)
[23.475s][info   ][gc          ] GC(1622) Pause Young (Concurrent Start) (G1 Humongous Allocation) 919M->791M(2048M) 1.317ms
[23.475s][info   ][gc,cpu      ] GC(1622) User=0.00s Sys=0.00s Real=0.00s
[23.475s][info   ][gc          ] GC(1623) Concurrent Undo Cycle
[23.475s][info   ][gc,marking  ] GC(1623) Concurrent Cleanup for Next Mark
[23.491s][info   ][gc,marking  ] GC(1623) Concurrent Cleanup for Next Mark 15.756ms
[23.491s][info   ][gc          ] GC(1623) Concurrent Undo Cycle 16.010ms
[23.492s][info   ][gc,start    ] GC(1624) Pause Young (Concurrent Start) (G1 Humongous Allocation)
[23.492s][info   ][gc,task     ] GC(1624) Using 4 workers of 4 for evacuation
[23.493s][info   ][gc,phases   ] GC(1624)   Pre Evacuate Collection Set: 0.2ms
[23.493s][info   ][gc,phases   ] GC(1624)   Merge Heap Roots: 0.1ms
[23.493s][info   ][gc,phases   ] GC(1624)   Evacuate Collection Set: 0.2ms
[23.493s][info   ][gc,phases   ] GC(1624)   Post Evacuate Collection Set: 0.4ms
[23.493s][info   ][gc,phases   ] GC(1624)   Other: 0.2ms
[23.493s][info   ][gc,heap     ] GC(1624) Eden regions: 0->0(912)
[23.493s][info   ][gc,heap     ] GC(1624) Survivor regions: 0->0(122)
[23.493s][info   ][gc,heap     ] GC(1624) Old regions: 1->1
[23.493s][info   ][gc,heap     ] GC(1624) Archive regions: 2->2
[23.493s][info   ][gc,heap     ] GC(1624) Humongous regions: 988->852
[23.493s][info   ][gc,metaspace] GC(1624) Metaspace: 158K(384K)->158K(384K) NonClass: 150K(256K)->150K(256K) Class: 8K(128K)->8K(128K)
[23.493s][info   ][gc          ] GC(1624) Pause Young (Concurrent Start) (G1 Humongous Allocation) 989M->853M(2048M) 1.136ms
[23.493s][info   ][gc,cpu      ] GC(1624) User=0.01s Sys=0.00s Real=0.00s
[23.493s][info   ][gc          ] GC(1625) Concurrent Undo Cycle
[23.493s][info   ][gc,marking  ] GC(1625) Concurrent Cleanup for Next Mark
[23.507s][info   ][gc,marking  ] GC(1625) Concurrent Cleanup for Next Mark 14.206ms
[23.507s][info   ][gc          ] GC(1625) Concurrent Undo Cycle 14.451ms
[23.509s][info   ][gc,start    ] GC(1626) Pause Young (Concurrent Start) (G1 Humongous Allocation)
[23.509s][info   ][gc,task     ] GC(1626) Using 4 workers of 4 for evacuation
[23.510s][info   ][gc,phases   ] GC(1626)   Pre Evacuate Collection Set: 0.2ms
[23.510s][info   ][gc,phases   ] GC(1626)   Merge Heap Roots: 0.1ms
[23.510s][info   ][gc,phases   ] GC(1626)   Evacuate Collection Set: 0.2ms
[23.510s][info   ][gc,phases   ] GC(1626)   Post Evacuate Collection Set: 0.4ms
[23.510s][info   ][gc,phases   ] GC(1626)   Other: 0.2ms
[23.510s][info   ][gc,heap     ] GC(1626) Eden regions: 0->0(916)
[23.510s][info   ][gc,heap     ] GC(1626) Survivor regions: 0->0(114)
[23.510s][info   ][gc,heap     ] GC(1626) Old regions: 1->1
[23.510s][info   ][gc,heap     ] GC(1626) Archive regions: 2->2
[23.510s][info   ][gc,heap     ] GC(1626) Humongous regions: 1020->848
[23.510s][info   ][gc,metaspace] GC(1626) Metaspace: 158K(384K)->158K(384K) NonClass: 150K(256K)->150K(256K) Class: 8K(128K)->8K(128K)
[23.510s][info   ][gc          ] GC(1626) Pause Young (Concurrent Start) (G1 Humongous Allocation) 1021M->849M(2048M) 1.193ms
[23.510s][info   ][gc,cpu      ] GC(1626) User=0.00s Sys=0.00s Real=0.00s
[23.510s][info   ][gc          ] GC(1627) Concurrent Undo Cycle
[23.510s][info   ][gc,marking  ] GC(1627) Concurrent Cleanup for Next Mark
[23.521s][info   ][gc,marking  ] GC(1627) Concurrent Cleanup for Next Mark 11.121ms
[23.522s][info   ][gc          ] GC(1627) Concurrent Undo Cycle 11.389ms
[23.522s][info   ][gc,start    ] GC(1628) Pause Young (Concurrent Start) (G1 Humongous Allocation)
[23.522s][info   ][gc,task     ] GC(1628) Using 4 workers of 4 for evacuation
[23.523s][info   ][gc,phases   ] GC(1628)   Pre Evacuate Collection Set: 0.2ms
[23.523s][info   ][gc,phases   ] GC(1628)   Merge Heap Roots: 0.1ms
[23.523s][info   ][gc,phases   ] GC(1628)   Evacuate Collection Set: 0.2ms
[23.523s][info   ][gc,phases   ] GC(1628)   Post Evacuate Collection Set: 0.4ms
[23.523s][info   ][gc,phases   ] GC(1628)   Other: 0.1ms
[23.523s][info   ][gc,heap     ] GC(1628) Eden regions: 0->0(901)
[23.523s][info   ][gc,heap     ] GC(1628) Survivor regions: 0->0(115)
[23.523s][info   ][gc,heap     ] GC(1628) Old regions: 1->1
[23.523s][info   ][gc,heap     ] GC(1628) Archive regions: 2->2
[23.523s][info   ][gc,heap     ] GC(1628) Humongous regions: 952->864
[23.523s][info   ][gc,metaspace] GC(1628) Metaspace: 158K(384K)->158K(384K) NonClass: 150K(256K)->150K(256K) Class: 8K(128K)->8K(128K)
[23.523s][info   ][gc          ] GC(1628) Pause Young (Concurrent Start) (G1 Humongous Allocation) 953M->865M(2048M) 1.078ms
[23.523s][info   ][gc,cpu      ] GC(1628) User=0.00s Sys=0.00s Real=0.00s
[23.523s][info   ][gc          ] GC(1629) Concurrent Undo Cycle
[23.523s][info   ][gc,marking  ] GC(1629) Concurrent Cleanup for Next Mark
[23.538s][info   ][gc,marking  ] GC(1629) Concurrent Cleanup for Next Mark 14.888ms
[23.539s][info   ][gc          ] GC(1629) Concurrent Undo Cycle 15.098ms
[23.539s][info   ][gc,start    ] GC(1630) Pause Young (Concurrent Start) (G1 Humongous Allocation)
[23.539s][info   ][gc,task     ] GC(1630) Using 4 workers of 4 for evacuation
[23.541s][info   ][gc,phases   ] GC(1630)   Pre Evacuate Collection Set: 0.1ms
[23.541s][info   ][gc,phases   ] GC(1630)   Merge Heap Roots: 0.1ms
[23.541s][info   ][gc,phases   ] GC(1630)   Evacuate Collection Set: 0.3ms
[23.541s][info   ][gc,phases   ] GC(1630)   Post Evacuate Collection Set: 0.4ms
[23.541s][info   ][gc,phases   ] GC(1630)   Other: 0.2ms
[23.541s][info   ][gc,heap     ] GC(1630) Eden regions: 0->0(886)
[23.541s][info   ][gc,heap     ] GC(1630) Survivor regions: 0->0(113)
[23.541s][info   ][gc,heap     ] GC(1630) Old regions: 1->1
[23.541s][info   ][gc,heap     ] GC(1630) Archive regions: 2->2
[23.541s][info   ][gc,heap     ] GC(1630) Humongous regions: 1048->880
[23.541s][info   ][gc,metaspace] GC(1630) Metaspace: 158K(384K)->158K(384K) NonClass: 150K(256K)->150K(256K) Class: 8K(128K)->8K(128K)
[23.541s][info   ][gc          ] GC(1630) Pause Young (Concurrent Start) (G1 Humongous Allocation) 1049M->881M(2048M) 1.203ms
[23.541s][info   ][gc,cpu      ] GC(1630) User=0.00s Sys=0.00s Real=0.00s
[23.541s][info   ][gc          ] GC(1631) Concurrent Undo Cycle
[23.541s][info   ][gc,marking  ] GC(1631) Concurrent Cleanup for Next Mark
[23.553s][info   ][gc,marking  ] GC(1631) Concurrent Cleanup for Next Mark 12.685ms
[23.554s][info   ][gc          ] GC(1631) Concurrent Undo Cycle 12.966ms
[23.554s][info   ][gc,start    ] GC(1632) Pause Young (Concurrent Start) (G1 Humongous Allocation)
[23.554s][info   ][gc,task     ] GC(1632) Using 4 workers of 4 for evacuation
[23.555s][info   ][gc,phases   ] GC(1632)   Pre Evacuate Collection Set: 0.2ms
[23.555s][info   ][gc,phases   ] GC(1632)   Merge Heap Roots: 0.1ms
[23.555s][info   ][gc,phases   ] GC(1632)   Evacuate Collection Set: 0.2ms
[23.555s][info   ][gc,phases   ] GC(1632)   Post Evacuate Collection Set: 0.4ms
[23.555s][info   ][gc,phases   ] GC(1632)   Other: 0.2ms
[23.555s][info   ][gc,heap     ] GC(1632) Eden regions: 0->0(895)
[23.555s][info   ][gc,heap     ] GC(1632) Survivor regions: 0->0(111)
[23.555s][info   ][gc,heap     ] GC(1632) Old regions: 1->1
[23.555s][info   ][gc,heap     ] GC(1632) Archive regions: 2->2
[23.555s][info   ][gc,heap     ] GC(1632) Humongous regions: 1016->870
[23.555s][info   ][gc,metaspace] GC(1632) Metaspace: 158K(384K)->158K(384K) NonClass: 150K(256K)->150K(256K) Class: 8K(128K)->8K(128K)
[23.555s][info   ][gc          ] GC(1632) Pause Young (Concurrent Start) (G1 Humongous Allocation) 1017M->871M(2048M) 1.156ms
[23.555s][info   ][gc,cpu      ] GC(1632) User=0.00s Sys=0.00s Real=0.00s
[23.555s][info   ][gc          ] GC(1633) Concurrent Undo Cycle
[23.555s][info   ][gc,marking  ] GC(1633) Concurrent Cleanup for Next Mark
[23.571s][info   ][gc,marking  ] GC(1633) Concurrent Cleanup for Next Mark 15.071ms
[23.571s][info   ][gc          ] GC(1633) Concurrent Undo Cycle 15.228ms
[23.571s][info   ][gc,start    ] GC(1634) Pause Young (Concurrent Start) (G1 Humongous Allocation)
[23.571s][info   ][gc,task     ] GC(1634) Using 4 workers of 4 for evacuation
[23.572s][info   ][gc,phases   ] GC(1634)   Pre Evacuate Collection Set: 0.2ms
[23.572s][info   ][gc,phases   ] GC(1634)   Merge Heap Roots: 0.1ms
[23.572s][info   ][gc,phases   ] GC(1634)   Evacuate Collection Set: 0.2ms
[23.572s][info   ][gc,phases   ] GC(1634)   Post Evacuate Collection Set: 0.4ms
[23.572s][info   ][gc,phases   ] GC(1634)   Other: 0.1ms
[23.572s][info   ][gc,heap     ] GC(1634) Eden regions: 0->0(862)
[23.572s][info   ][gc,heap     ] GC(1634) Survivor regions: 0->0(112)
[23.572s][info   ][gc,heap     ] GC(1634) Old regions: 1->1
[23.572s][info   ][gc,heap     ] GC(1634) Archive regions: 2->2
[23.572s][info   ][gc,heap     ] GC(1634) Humongous regions: 1056->906
[23.572s][info   ][gc,metaspace] GC(1634) Metaspace: 158K(384K)->158K(384K) NonClass: 150K(256K)->150K(256K) Class: 8K(128K)->8K(128K)
[23.572s][info   ][gc          ] GC(1634) Pause Young (Concurrent Start) (G1 Humongous Allocation) 1057M->907M(2048M) 1.150ms
[23.572s][info   ][gc,cpu      ] GC(1634) User=0.00s Sys=0.00s Real=0.00s
[23.572s][info   ][gc          ] GC(1635) Concurrent Undo Cycle
[23.572s][info   ][gc,marking  ] GC(1635) Concurrent Cleanup for Next Mark
[23.583s][info   ][gc,marking  ] GC(1635) Concurrent Cleanup for Next Mark 10.797ms
[23.584s][info   ][gc          ] GC(1635) Concurrent Undo Cycle 11.287ms
[23.585s][info   ][gc,start    ] GC(1636) Pause Young (Concurrent Start) (G1 Humongous Allocation)
[23.585s][info   ][gc,task     ] GC(1636) Using 4 workers of 4 for evacuation
[23.586s][info   ][gc,phases   ] GC(1636)   Pre Evacuate Collection Set: 0.3ms
[23.586s][info   ][gc,phases   ] GC(1636)   Merge Heap Roots: 0.1ms
[23.586s][info   ][gc,phases   ] GC(1636)   Evacuate Collection Set: 0.2ms
[23.586s][info   ][gc,phases   ] GC(1636)   Post Evacuate Collection Set: 0.4ms
[23.586s][info   ][gc,phases   ] GC(1636)   Other: 0.2ms
[23.586s][info   ][gc,heap     ] GC(1636) Eden regions: 0->0(862)
[23.586s][info   ][gc,heap     ] GC(1636) Survivor regions: 0->0(108)
[23.586s][info   ][gc,heap     ] GC(1636) Old regions: 1->1
[23.586s][info   ][gc,heap     ] GC(1636) Archive regions: 2->2
[23.586s][info   ][gc,heap     ] GC(1636) Humongous regions: 1012->906
[23.586s][info   ][gc,metaspace] GC(1636) Metaspace: 158K(384K)->158K(384K) NonClass: 150K(256K)->150K(256K) Class: 8K(128K)->8K(128K)
[23.586s][info   ][gc          ] GC(1636) Pause Young (Concurrent Start) (G1 Humongous Allocation) 1013M->907M(2048M) 1.247ms
[23.586s][info   ][gc,cpu      ] GC(1636) User=0.00s Sys=0.01s Real=0.00s
[23.587s][info   ][gc          ] GC(1637) Concurrent Undo Cycle
[23.587s][info   ][gc,marking  ] GC(1637) Concurrent Cleanup for Next Mark
[23.601s][info   ][gc,marking  ] GC(1637) Concurrent Cleanup for Next Mark 14.302ms
[23.601s][info   ][gc          ] GC(1637) Concurrent Undo Cycle 14.536ms
[23.603s][info   ][gc,start    ] GC(1638) Pause Young (Concurrent Start) (G1 Humongous Allocation)
[23.603s][info   ][gc,task     ] GC(1638) Using 4 workers of 4 for evacuation
[23.605s][info   ][gc,phases   ] GC(1638)   Pre Evacuate Collection Set: 0.7ms
[23.605s][info   ][gc,phases   ] GC(1638)   Merge Heap Roots: 0.1ms
[23.605s][info   ][gc,phases   ] GC(1638)   Evacuate Collection Set: 0.4ms
[23.605s][info   ][gc,phases   ] GC(1638)   Post Evacuate Collection Set: 0.8ms
[23.605s][info   ][gc,phases   ] GC(1638)   Other: 0.2ms
[23.605s][info   ][gc,heap     ] GC(1638) Eden regions: 0->0(851)
[23.605s][info   ][gc,heap     ] GC(1638) Survivor regions: 0->0(108)
[23.605s][info   ][gc,heap     ] GC(1638) Old regions: 1->1
[23.605s][info   ][gc,heap     ] GC(1638) Archive regions: 2->2
[23.605s][info   ][gc,heap     ] GC(1638) Humongous regions: 1076->918
[23.605s][info   ][gc,metaspace] GC(1638) Metaspace: 158K(384K)->158K(384K) NonClass: 150K(256K)->150K(256K) Class: 8K(128K)->8K(128K)
[23.605s][info   ][gc          ] GC(1638) Pause Young (Concurrent Start) (G1 Humongous Allocation) 1077M->919M(2048M) 2.244ms
[23.605s][info   ][gc,cpu      ] GC(1638) User=0.01s Sys=0.00s Real=0.00s
[23.605s][info   ][gc          ] GC(1639) Concurrent Undo Cycle
[23.605s][info   ][gc,marking  ] GC(1639) Concurrent Cleanup for Next Mark
[23.620s][info   ][gc,marking  ] GC(1639) Concurrent Cleanup for Next Mark 15.134ms
[23.620s][info   ][gc          ] GC(1639) Concurrent Undo Cycle 15.386ms
[23.621s][info   ][gc,start    ] GC(1640) Pause Young (Concurrent Start) (G1 Humongous Allocation)
[23.621s][info   ][gc,task     ] GC(1640) Using 4 workers of 4 for evacuation
[23.623s][info   ][gc,phases   ] GC(1640)   Pre Evacuate Collection Set: 0.3ms
[23.623s][info   ][gc,phases   ] GC(1640)   Merge Heap Roots: 0.1ms
[23.623s][info   ][gc,phases   ] GC(1640)   Evacuate Collection Set: 0.5ms
[23.623s][info   ][gc,phases   ] GC(1640)   Post Evacuate Collection Set: 1.3ms
[23.623s][info   ][gc,phases   ] GC(1640)   Other: 0.2ms
[23.624s][info   ][gc,heap     ] GC(1640) Eden regions: 0->0(879)
[23.624s][info   ][gc,heap     ] GC(1640) Survivor regions: 0->0(107)
[23.624s][info   ][gc,heap     ] GC(1640) Old regions: 1->1
[23.624s][info   ][gc,heap     ] GC(1640) Archive regions: 2->2
[23.624s][info   ][gc,heap     ] GC(1640) Humongous regions: 1096->888
[23.624s][info   ][gc,metaspace] GC(1640) Metaspace: 158K(384K)->158K(384K) NonClass: 150K(256K)->150K(256K) Class: 8K(128K)->8K(128K)
[23.624s][info   ][gc          ] GC(1640) Pause Young (Concurrent Start) (G1 Humongous Allocation) 1097M->889M(2048M) 2.421ms
[23.624s][info   ][gc,cpu      ] GC(1640) User=0.00s Sys=0.00s Real=0.00s
[23.624s][info   ][gc          ] GC(1641) Concurrent Undo Cycle
[23.624s][info   ][gc,marking  ] GC(1641) Concurrent Cleanup for Next Mark
[23.633s][info   ][gc,marking  ] GC(1641) Concurrent Cleanup for Next Mark 8.978ms
[23.633s][info   ][gc          ] GC(1641) Concurrent Undo Cycle 9.115ms
[23.633s][info   ][gc,start    ] GC(1642) Pause Young (Concurrent Start) (G1 Humongous Allocation)
[23.633s][info   ][gc,task     ] GC(1642) Using 4 workers of 4 for evacuation
[23.636s][info   ][gc,phases   ] GC(1642)   Pre Evacuate Collection Set: 0.4ms
[23.636s][info   ][gc,phases   ] GC(1642)   Merge Heap Roots: 0.1ms
[23.636s][info   ][gc,phases   ] GC(1642)   Evacuate Collection Set: 1.3ms
[23.636s][info   ][gc,phases   ] GC(1642)   Post Evacuate Collection Set: 0.7ms
[23.636s][info   ][gc,phases   ] GC(1642)   Other: 0.2ms
[23.636s][info   ][gc,heap     ] GC(1642) Eden regions: 0->0(873)
[23.636s][info   ][gc,heap     ] GC(1642) Survivor regions: 0->0(110)
[23.636s][info   ][gc,heap     ] GC(1642) Old regions: 1->1
[23.636s][info   ][gc,heap     ] GC(1642) Archive regions: 2->2
[23.636s][info   ][gc,heap     ] GC(1642) Humongous regions: 958->894
[23.636s][info   ][gc,metaspace] GC(1642) Metaspace: 158K(384K)->158K(384K) NonClass: 150K(256K)->150K(256K) Class: 8K(128K)->8K(128K)
[23.636s][info   ][gc          ] GC(1642) Pause Young (Concurrent Start) (G1 Humongous Allocation) 959M->895M(2048M) 2.751ms
[23.636s][info   ][gc,cpu      ] GC(1642) User=0.01s Sys=0.00s Real=0.00s
[23.636s][info   ][gc          ] GC(1643) Concurrent Undo Cycle
[23.636s][info   ][gc,marking  ] GC(1643) Concurrent Cleanup for Next Mark
[23.651s][info   ][gc,marking  ] GC(1643) Concurrent Cleanup for Next Mark 14.695ms
[23.651s][info   ][gc          ] GC(1643) Concurrent Undo Cycle 14.913ms
[23.652s][info   ][gc,start    ] GC(1644) Pause Young (Concurrent Start) (G1 Humongous Allocation)
[23.652s][info   ][gc,task     ] GC(1644) Using 4 workers of 4 for evacuation
[23.653s][info   ][gc,phases   ] GC(1644)   Pre Evacuate Collection Set: 0.2ms
[23.653s][info   ][gc,phases   ] GC(1644)   Merge Heap Roots: 0.1ms
[23.653s][info   ][gc,phases   ] GC(1644)   Evacuate Collection Set: 0.3ms
[23.653s][info   ][gc,phases   ] GC(1644)   Post Evacuate Collection Set: 0.5ms
[23.653s][info   ][gc,phases   ] GC(1644)   Other: 0.2ms
[23.653s][info   ][gc,heap     ] GC(1644) Eden regions: 0->0(862)
[23.653s][info   ][gc,heap     ] GC(1644) Survivor regions: 0->0(110)
[23.653s][info   ][gc,heap     ] GC(1644) Old regions: 1->1
[23.653s][info   ][gc,heap     ] GC(1644) Archive regions: 2->2
[23.653s][info   ][gc,heap     ] GC(1644) Humongous regions: 1082->906
[23.653s][info   ][gc,metaspace] GC(1644) Metaspace: 158K(384K)->158K(384K) NonClass: 150K(256K)->150K(256K) Class: 8K(128K)->8K(128K)
[23.653s][info   ][gc          ] GC(1644) Pause Young (Concurrent Start) (G1 Humongous Allocation) 1083M->907M(2048M) 1.376ms
[23.653s][info   ][gc,cpu      ] GC(1644) User=0.00s Sys=0.00s Real=0.00s
[23.653s][info   ][gc          ] GC(1645) Concurrent Undo Cycle
[23.653s][info   ][gc,marking  ] GC(1645) Concurrent Cleanup for Next Mark
[23.667s][info   ][gc,marking  ] GC(1645) Concurrent Cleanup for Next Mark 14.072ms
[23.667s][info   ][gc          ] GC(1645) Concurrent Undo Cycle 14.288ms
[23.668s][info   ][gc,start    ] GC(1646) Pause Young (Concurrent Start) (G1 Humongous Allocation)
[23.668s][info   ][gc,task     ] GC(1646) Using 4 workers of 4 for evacuation
[23.670s][info   ][gc,phases   ] GC(1646)   Pre Evacuate Collection Set: 0.2ms
[23.670s][info   ][gc,phases   ] GC(1646)   Merge Heap Roots: 0.1ms
[23.670s][info   ][gc,phases   ] GC(1646)   Evacuate Collection Set: 0.3ms
[23.670s][info   ][gc,phases   ] GC(1646)   Post Evacuate Collection Set: 1.2ms
[23.670s][info   ][gc,phases   ] GC(1646)   Other: 0.2ms
[23.670s][info   ][gc,heap     ] GC(1646) Eden regions: 0->0(827)
[23.670s][info   ][gc,heap     ] GC(1646) Survivor regions: 0->0(108)
[23.670s][info   ][gc,heap     ] GC(1646) Old regions: 1->1
[23.670s][info   ][gc,heap     ] GC(1646) Archive regions: 2->2
[23.670s][info   ][gc,heap     ] GC(1646) Humongous regions: 1066->944
[23.670s][info   ][gc,metaspace] GC(1646) Metaspace: 158K(384K)->158K(384K) NonClass: 150K(256K)->150K(256K) Class: 8K(128K)->8K(128K)
[23.670s][info   ][gc          ] GC(1646) Pause Young (Concurrent Start) (G1 Humongous Allocation) 1067M->945M(2048M) 2.107ms
[23.670s][info   ][gc,cpu      ] GC(1646) User=0.00s Sys=0.00s Real=0.00s
[23.671s][info   ][gc          ] GC(1647) Concurrent Mark Cycle
[23.671s][info   ][gc,marking  ] GC(1647) Concurrent Clear Claimed Marks
[23.671s][info   ][gc,marking  ] GC(1647) Concurrent Clear Claimed Marks 0.008ms
[23.671s][info   ][gc,marking  ] GC(1647) Concurrent Scan Root Regions
[23.671s][info   ][gc,marking  ] GC(1647) Concurrent Scan Root Regions 0.006ms
[23.671s][info   ][gc,marking  ] GC(1647) Concurrent Mark
[23.671s][info   ][gc,marking  ] GC(1647) Concurrent Mark From Roots
[23.671s][info   ][gc,task     ] GC(1647) Using 1 workers of 1 for marking
[23.678s][info   ][gc,marking  ] GC(1647) Concurrent Mark From Roots 7.190ms
[23.678s][info   ][gc,marking  ] GC(1647) Concurrent Preclean
[23.678s][info   ][gc,marking  ] GC(1647) Concurrent Preclean 0.093ms
[23.679s][info   ][gc,start    ] GC(1647) Pause Remark
[23.680s][info   ][gc          ] GC(1647) Pause Remark 1065M->1065M(2048M) 0.771ms
[23.680s][info   ][gc,cpu      ] GC(1647) User=0.00s Sys=0.00s Real=0.00s
[23.680s][info   ][gc,marking  ] GC(1647) Concurrent Mark 9.253ms
[23.680s][info   ][gc,marking  ] GC(1647) Concurrent Rebuild Remembered Sets
[23.686s][info   ][gc,marking  ] GC(1647) Concurrent Rebuild Remembered Sets 6.003ms
[23.687s][info   ][gc,start    ] GC(1647) Pause Cleanup
[23.687s][info   ][gc          ] GC(1647) Pause Cleanup 1179M->1179M(2048M) 0.169ms
[23.687s][info   ][gc,cpu      ] GC(1647) User=0.00s Sys=0.00s Real=0.00s
[23.687s][info   ][gc,marking  ] GC(1647) Concurrent Cleanup for Next Mark
[23.700s][info   ][gc,marking  ] GC(1647) Concurrent Cleanup for Next Mark 12.804ms
[23.700s][info   ][gc          ] GC(1647) Concurrent Mark Cycle 29.487ms
[23.700s][info   ][gc,start    ] GC(1648) Pause Young (Concurrent Start) (G1 Humongous Allocation)
[23.700s][info   ][gc,task     ] GC(1648) Using 4 workers of 4 for evacuation
[23.702s][info   ][gc,phases   ] GC(1648)   Pre Evacuate Collection Set: 0.2ms
[23.702s][info   ][gc,phases   ] GC(1648)   Merge Heap Roots: 0.2ms
[23.702s][info   ][gc,phases   ] GC(1648)   Evacuate Collection Set: 0.3ms
[23.702s][info   ][gc,phases   ] GC(1648)   Post Evacuate Collection Set: 0.6ms
[23.702s][info   ][gc,phases   ] GC(1648)   Other: 0.2ms
[23.702s][info   ][gc,heap     ] GC(1648) Eden regions: 0->0(864)
[23.702s][info   ][gc,heap     ] GC(1648) Survivor regions: 0->0(104)
[23.702s][info   ][gc,heap     ] GC(1648) Old regions: 1->1
[23.702s][info   ][gc,heap     ] GC(1648) Archive regions: 2->2
[23.702s][info   ][gc,heap     ] GC(1648) Humongous regions: 1326->904
[23.702s][info   ][gc,metaspace] GC(1648) Metaspace: 158K(384K)->158K(384K) NonClass: 150K(256K)->150K(256K) Class: 8K(128K)->8K(128K)
[23.702s][info   ][gc          ] GC(1648) Pause Young (Concurrent Start) (G1 Humongous Allocation) 1327M->905M(2048M) 1.532ms
[23.702s][info   ][gc,cpu      ] GC(1648) User=0.00s Sys=0.00s Real=0.00s
[23.702s][info   ][gc          ] GC(1649) Concurrent Undo Cycle
[23.702s][info   ][gc,marking  ] GC(1649) Concurrent Cleanup for Next Mark
[23.715s][info   ][gc,marking  ] GC(1649) Concurrent Cleanup for Next Mark 12.924ms
[23.715s][info   ][gc          ] GC(1649) Concurrent Undo Cycle 13.119ms
[23.716s][info   ][gc,start    ] GC(1650) Pause Young (Concurrent Start) (G1 Humongous Allocation)
[23.716s][info   ][gc,task     ] GC(1650) Using 4 workers of 4 for evacuation
[23.717s][info   ][gc,phases   ] GC(1650)   Pre Evacuate Collection Set: 0.2ms
[23.717s][info   ][gc,phases   ] GC(1650)   Merge Heap Roots: 0.1ms
[23.717s][info   ][gc,phases   ] GC(1650)   Evacuate Collection Set: 0.2ms
[23.717s][info   ][gc,phases   ] GC(1650)   Post Evacuate Collection Set: 0.4ms
[23.717s][info   ][gc,phases   ] GC(1650)   Other: 0.2ms
[23.717s][info   ][gc,heap     ] GC(1650) Eden regions: 0->0(862)
[23.717s][info   ][gc,heap     ] GC(1650) Survivor regions: 0->0(108)
[23.717s][info   ][gc,heap     ] GC(1650) Old regions: 1->1
[23.717s][info   ][gc,heap     ] GC(1650) Archive regions: 2->2
[23.717s][info   ][gc,heap     ] GC(1650) Humongous regions: 1062->906
[23.717s][info   ][gc,metaspace] GC(1650) Metaspace: 158K(384K)->158K(384K) NonClass: 150K(256K)->150K(256K) Class: 8K(128K)->8K(128K)
[23.717s][info   ][gc          ] GC(1650) Pause Young (Concurrent Start) (G1 Humongous Allocation) 1063M->907M(2048M) 1.214ms
[23.717s][info   ][gc,cpu      ] GC(1650) User=0.00s Sys=0.00s Real=0.00s
[23.717s][info   ][gc          ] GC(1651) Concurrent Undo Cycle
[23.717s][info   ][gc,marking  ] GC(1651) Concurrent Cleanup for Next Mark
[23.732s][info   ][gc,marking  ] GC(1651) Concurrent Cleanup for Next Mark 14.616ms
[23.732s][info   ][gc          ] GC(1651) Concurrent Undo Cycle 14.789ms
[23.733s][info   ][gc,start    ] GC(1652) Pause Young (Concurrent Start) (G1 Humongous Allocation)
[23.733s][info   ][gc,task     ] GC(1652) Using 4 workers of 4 for evacuation
[23.734s][info   ][gc,phases   ] GC(1652)   Pre Evacuate Collection Set: 0.2ms
[23.734s][info   ][gc,phases   ] GC(1652)   Merge Heap Roots: 0.1ms
[23.734s][info   ][gc,phases   ] GC(1652)   Evacuate Collection Set: 0.7ms
[23.734s][info   ][gc,phases   ] GC(1652)   Post Evacuate Collection Set: 0.3ms
[23.734s][info   ][gc,phases   ] GC(1652)   Other: 0.2ms
[23.734s][info   ][gc,heap     ] GC(1652) Eden regions: 0->0(884)
[23.734s][info   ][gc,heap     ] GC(1652) Survivor regions: 0->0(108)
[23.734s][info   ][gc,heap     ] GC(1652) Old regions: 1->1
[23.734s][info   ][gc,heap     ] GC(1652) Archive regions: 2->2
[23.734s][info   ][gc,heap     ] GC(1652) Humongous regions: 1044->882
[23.734s][info   ][gc,metaspace] GC(1652) Metaspace: 158K(384K)->158K(384K) NonClass: 150K(256K)->150K(256K) Class: 8K(128K)->8K(128K)
[23.734s][info   ][gc          ] GC(1652) Pause Young (Concurrent Start) (G1 Humongous Allocation) 1045M->883M(2048M) 1.600ms
[23.734s][info   ][gc,cpu      ] GC(1652) User=0.01s Sys=0.00s Real=0.00s
[23.734s][info   ][gc          ] GC(1653) Concurrent Undo Cycle
[23.734s][info   ][gc,marking  ] GC(1653) Concurrent Cleanup for Next Mark
[23.747s][info   ][gc,marking  ] GC(1653) Concurrent Cleanup for Next Mark 12.118ms
[23.747s][info   ][gc          ] GC(1653) Concurrent Undo Cycle 12.306ms
[23.748s][info   ][gc,start    ] GC(1654) Pause Young (Concurrent Start) (G1 Humongous Allocation)
[23.748s][info   ][gc,task     ] GC(1654) Using 4 workers of 4 for evacuation
[23.749s][info   ][gc,phases   ] GC(1654)   Pre Evacuate Collection Set: 0.2ms
[23.749s][info   ][gc,phases   ] GC(1654)   Merge Heap Roots: 0.1ms
[23.749s][info   ][gc,phases   ] GC(1654)   Evacuate Collection Set: 0.3ms
[23.749s][info   ][gc,phases   ] GC(1654)   Post Evacuate Collection Set: 0.4ms
[23.749s][info   ][gc,phases   ] GC(1654)   Other: 0.2ms
[23.749s][info   ][gc,heap     ] GC(1654) Eden regions: 0->0(894)
[23.749s][info   ][gc,heap     ] GC(1654) Survivor regions: 0->0(111)
[23.749s][info   ][gc,heap     ] GC(1654) Old regions: 1->1
[23.749s][info   ][gc,heap     ] GC(1654) Archive regions: 2->2
[23.749s][info   ][gc,heap     ] GC(1654) Humongous regions: 1020->872
[23.749s][info   ][gc,metaspace] GC(1654) Metaspace: 158K(384K)->158K(384K) NonClass: 150K(256K)->150K(256K) Class: 8K(128K)->8K(128K)
[23.749s][info   ][gc          ] GC(1654) Pause Young (Concurrent Start) (G1 Humongous Allocation) 1021M->873M(2048M) 1.241ms
[23.749s][info   ][gc,cpu      ] GC(1654) User=0.00s Sys=0.01s Real=0.01s
[23.749s][info   ][gc          ] GC(1655) Concurrent Undo Cycle
[23.749s][info   ][gc,marking  ] GC(1655) Concurrent Cleanup for Next Mark
[23.763s][info   ][gc,marking  ] GC(1655) Concurrent Cleanup for Next Mark 13.599ms
[23.763s][info   ][gc          ] GC(1655) Concurrent Undo Cycle 13.800ms
[23.764s][info   ][gc,start    ] GC(1656) Pause Young (Concurrent Start) (G1 Humongous Allocation)
[23.764s][info   ][gc,task     ] GC(1656) Using 4 workers of 4 for evacuation
[23.765s][info   ][gc,phases   ] GC(1656)   Pre Evacuate Collection Set: 0.2ms
[23.765s][info   ][gc,phases   ] GC(1656)   Merge Heap Roots: 0.1ms
[23.765s][info   ][gc,phases   ] GC(1656)   Evacuate Collection Set: 0.5ms
[23.765s][info   ][gc,phases   ] GC(1656)   Post Evacuate Collection Set: 0.4ms
[23.765s][info   ][gc,phases   ] GC(1656)   Other: 0.2ms
[23.765s][info   ][gc,heap     ] GC(1656) Eden regions: 0->0(875)
[23.765s][info   ][gc,heap     ] GC(1656) Survivor regions: 0->0(112)
[23.765s][info   ][gc,heap     ] GC(1656) Old regions: 1->1
[23.765s][info   ][gc,heap     ] GC(1656) Archive regions: 2->2
[23.765s][info   ][gc,heap     ] GC(1656) Humongous regions: 1018->892
[23.765s][info   ][gc,metaspace] GC(1656) Metaspace: 158K(384K)->158K(384K) NonClass: 150K(256K)->150K(256K) Class: 8K(128K)->8K(128K)
[23.765s][info   ][gc          ] GC(1656) Pause Young (Concurrent Start) (G1 Humongous Allocation) 1019M->893M(2048M) 1.449ms
[23.765s][info   ][gc,cpu      ] GC(1656) User=0.00s Sys=0.00s Real=0.00s
[23.765s][info   ][gc          ] GC(1657) Concurrent Undo Cycle
[23.765s][info   ][gc,marking  ] GC(1657) Concurrent Cleanup for Next Mark
[23.780s][info   ][gc,marking  ] GC(1657) Concurrent Cleanup for Next Mark 14.522ms
[23.780s][info   ][gc          ] GC(1657) Concurrent Undo Cycle 14.786ms
[23.780s][info   ][gc,start    ] GC(1658) Pause Young (Concurrent Start) (G1 Humongous Allocation)
[23.780s][info   ][gc,task     ] GC(1658) Using 4 workers of 4 for evacuation
[23.782s][info   ][gc,phases   ] GC(1658)   Pre Evacuate Collection Set: 0.2ms
[23.782s][info   ][gc,phases   ] GC(1658)   Merge Heap Roots: 0.1ms
[23.782s][info   ][gc,phases   ] GC(1658)   Evacuate Collection Set: 0.3ms
[23.782s][info   ][gc,phases   ] GC(1658)   Post Evacuate Collection Set: 0.5ms
[23.782s][info   ][gc,phases   ] GC(1658)   Other: 0.2ms
[23.782s][info   ][gc,heap     ] GC(1658) Eden regions: 0->0(914)
[23.782s][info   ][gc,heap     ] GC(1658) Survivor regions: 0->0(110)
[23.782s][info   ][gc,heap     ] GC(1658) Old regions: 1->1
[23.782s][info   ][gc,heap     ] GC(1658) Archive regions: 2->2
[23.782s][info   ][gc,heap     ] GC(1658) Humongous regions: 1070->850
[23.782s][info   ][gc,metaspace] GC(1658) Metaspace: 158K(384K)->158K(384K) NonClass: 150K(256K)->150K(256K) Class: 8K(128K)->8K(128K)
[23.782s][info   ][gc          ] GC(1658) Pause Young (Concurrent Start) (G1 Humongous Allocation) 1071M->851M(2048M) 1.400ms
[23.782s][info   ][gc,cpu      ] GC(1658) User=0.00s Sys=0.01s Real=0.00s
[23.782s][info   ][gc          ] GC(1659) Concurrent Undo Cycle
[23.782s][info   ][gc,marking  ] GC(1659) Concurrent Cleanup for Next Mark
[23.796s][info   ][gc,marking  ] GC(1659) Concurrent Cleanup for Next Mark 14.273ms
[23.796s][info   ][gc          ] GC(1659) Concurrent Undo Cycle 14.616ms
[23.798s][info   ][gc,start    ] GC(1660) Pause Young (Concurrent Start) (G1 Humongous Allocation)
[23.798s][info   ][gc,task     ] GC(1660) Using 4 workers of 4 for evacuation
[23.799s][info   ][gc,phases   ] GC(1660)   Pre Evacuate Collection Set: 0.2ms
[23.799s][info   ][gc,phases   ] GC(1660)   Merge Heap Roots: 0.1ms
[23.799s][info   ][gc,phases   ] GC(1660)   Evacuate Collection Set: 0.3ms
[23.799s][info   ][gc,phases   ] GC(1660)   Post Evacuate Collection Set: 0.7ms
[23.799s][info   ][gc,phases   ] GC(1660)   Other: 0.2ms
[23.799s][info   ][gc,heap     ] GC(1660) Eden regions: 0->0(980)
[23.799s][info   ][gc,heap     ] GC(1660) Survivor regions: 0->0(115)
[23.799s][info   ][gc,heap     ] GC(1660) Old regions: 1->1
[23.799s][info   ][gc,heap     ] GC(1660) Archive regions: 2->2
[23.799s][info   ][gc,heap     ] GC(1660) Humongous regions: 1018->778
[23.799s][info   ][gc,metaspace] GC(1660) Metaspace: 158K(384K)->158K(384K) NonClass: 150K(256K)->150K(256K) Class: 8K(128K)->8K(128K)
[23.799s][info   ][gc          ] GC(1660) Pause Young (Concurrent Start) (G1 Humongous Allocation) 1019M->779M(2048M) 1.451ms
[23.799s][info   ][gc,cpu      ] GC(1660) User=0.00s Sys=0.00s Real=0.01s
[23.799s][info   ][gc          ] GC(1661) Concurrent Undo Cycle
[23.799s][info   ][gc,marking  ] GC(1661) Concurrent Cleanup for Next Mark
[23.810s][info   ][gc,marking  ] GC(1661) Concurrent Cleanup for Next Mark 10.523ms
[23.810s][info   ][gc          ] GC(1661) Concurrent Undo Cycle 10.744ms
[23.811s][info   ][gc,start    ] GC(1662) Pause Young (Concurrent Start) (G1 Humongous Allocation)
[23.811s][info   ][gc,task     ] GC(1662) Using 4 workers of 4 for evacuation
[23.812s][info   ][gc,phases   ] GC(1662)   Pre Evacuate Collection Set: 0.2ms
[23.812s][info   ][gc,phases   ] GC(1662)   Merge Heap Roots: 0.1ms
[23.812s][info   ][gc,phases   ] GC(1662)   Evacuate Collection Set: 0.4ms
[23.812s][info   ][gc,phases   ] GC(1662)   Post Evacuate Collection Set: 0.5ms
[23.812s][info   ][gc,phases   ] GC(1662)   Other: 0.2ms
[23.812s][info   ][gc,heap     ] GC(1662) Eden regions: 0->0(947)
[23.812s][info   ][gc,heap     ] GC(1662) Survivor regions: 0->0(123)
[23.812s][info   ][gc,heap     ] GC(1662) Old regions: 1->1
[23.812s][info   ][gc,heap     ] GC(1662) Archive regions: 2->2
[23.813s][info   ][gc,heap     ] GC(1662) Humongous regions: 904->814
[23.813s][info   ][gc,metaspace] GC(1662) Metaspace: 158K(384K)->158K(384K) NonClass: 150K(256K)->150K(256K) Class: 8K(128K)->8K(128K)
[23.813s][info   ][gc          ] GC(1662) Pause Young (Concurrent Start) (G1 Humongous Allocation) 905M->815M(2048M) 1.450ms
[23.813s][info   ][gc,cpu      ] GC(1662) User=0.00s Sys=0.00s Real=0.00s
[23.813s][info   ][gc          ] GC(1663) Concurrent Undo Cycle
[23.813s][info   ][gc,marking  ] GC(1663) Concurrent Cleanup for Next Mark
[23.826s][info   ][gc,marking  ] GC(1663) Concurrent Cleanup for Next Mark 13.587ms
[23.826s][info   ][gc          ] GC(1663) Concurrent Undo Cycle 13.859ms
[23.827s][info   ][gc,start    ] GC(1664) Pause Young (Concurrent Start) (G1 Humongous Allocation)
[23.827s][info   ][gc,task     ] GC(1664) Using 4 workers of 4 for evacuation
[23.829s][info   ][gc,phases   ] GC(1664)   Pre Evacuate Collection Set: 0.2ms
[23.829s][info   ][gc,phases   ] GC(1664)   Merge Heap Roots: 0.1ms
[23.829s][info   ][gc,phases   ] GC(1664)   Evacuate Collection Set: 0.7ms
[23.829s][info   ][gc,phases   ] GC(1664)   Post Evacuate Collection Set: 0.5ms
[23.829s][info   ][gc,phases   ] GC(1664)   Other: 0.2ms
[23.829s][info   ][gc,heap     ] GC(1664) Eden regions: 0->0(943)
[23.829s][info   ][gc,heap     ] GC(1664) Survivor regions: 0->0(119)
[23.829s][info   ][gc,heap     ] GC(1664) Old regions: 1->1
[23.829s][info   ][gc,heap     ] GC(1664) Archive regions: 2->2
[23.829s][info   ][gc,heap     ] GC(1664) Humongous regions: 978->818
[23.829s][info   ][gc,metaspace] GC(1664) Metaspace: 158K(384K)->158K(384K) NonClass: 150K(256K)->150K(256K) Class: 8K(128K)->8K(128K)
[23.829s][info   ][gc          ] GC(1664) Pause Young (Concurrent Start) (G1 Humongous Allocation) 979M->819M(2048M) 1.756ms
[23.829s][info   ][gc,cpu      ] GC(1664) User=0.00s Sys=0.00s Real=0.01s
[23.829s][info   ][gc          ] GC(1665) Concurrent Undo Cycle
[23.829s][info   ][gc,marking  ] GC(1665) Concurrent Cleanup for Next Mark
[23.841s][info   ][gc,marking  ] GC(1665) Concurrent Cleanup for Next Mark 12.026ms
[23.841s][info   ][gc          ] GC(1665) Concurrent Undo Cycle 12.219ms
[23.842s][info   ][gc,start    ] GC(1666) Pause Young (Concurrent Start) (G1 Humongous Allocation)
[23.842s][info   ][gc,task     ] GC(1666) Using 4 workers of 4 for evacuation
[23.844s][info   ][gc,phases   ] GC(1666)   Pre Evacuate Collection Set: 0.3ms
[23.844s][info   ][gc,phases   ] GC(1666)   Merge Heap Roots: 0.1ms
[23.844s][info   ][gc,phases   ] GC(1666)   Evacuate Collection Set: 0.4ms
[23.844s][info   ][gc,phases   ] GC(1666)   Post Evacuate Collection Set: 0.4ms
[23.844s][info   ][gc,phases   ] GC(1666)   Other: 0.1ms
[23.844s][info   ][gc,heap     ] GC(1666) Eden regions: 0->0(964)
[23.844s][info   ][gc,heap     ] GC(1666) Survivor regions: 0->0(118)
[23.844s][info   ][gc,heap     ] GC(1666) Old regions: 1->1
[23.844s][info   ][gc,heap     ] GC(1666) Archive regions: 2->2
[23.844s][info   ][gc,heap     ] GC(1666) Humongous regions: 946->796
[23.844s][info   ][gc,metaspace] GC(1666) Metaspace: 158K(384K)->158K(384K) NonClass: 150K(256K)->150K(256K) Class: 8K(128K)->8K(128K)
[23.844s][info   ][gc          ] GC(1666) Pause Young (Concurrent Start) (G1 Humongous Allocation) 947M->797M(2048M) 1.330ms
[23.844s][info   ][gc,cpu      ] GC(1666) User=0.00s Sys=0.00s Real=0.00s
[23.844s][info   ][gc          ] GC(1667) Concurrent Undo Cycle
[23.844s][info   ][gc,marking  ] GC(1667) Concurrent Cleanup for Next Mark
[23.853s][info   ][gc,marking  ] GC(1667) Concurrent Cleanup for Next Mark 9.658ms
[23.853s][info   ][gc          ] GC(1667) Concurrent Undo Cycle 9.820ms
[23.857s][info   ][gc,start    ] GC(1668) Pause Young (Concurrent Start) (G1 Humongous Allocation)
[23.857s][info   ][gc,task     ] GC(1668) Using 4 workers of 4 for evacuation
[23.858s][info   ][gc,phases   ] GC(1668)   Pre Evacuate Collection Set: 0.3ms
[23.858s][info   ][gc,phases   ] GC(1668)   Merge Heap Roots: 0.1ms
[23.858s][info   ][gc,phases   ] GC(1668)   Evacuate Collection Set: 0.3ms
[23.858s][info   ][gc,phases   ] GC(1668)   Post Evacuate Collection Set: 0.5ms
[23.858s][info   ][gc,phases   ] GC(1668)   Other: 0.2ms
[23.858s][info   ][gc,heap     ] GC(1668) Eden regions: 0->0(936)
[23.858s][info   ][gc,heap     ] GC(1668) Survivor regions: 0->0(121)
[23.858s][info   ][gc,heap     ] GC(1668) Old regions: 1->1
[23.858s][info   ][gc,heap     ] GC(1668) Archive regions: 2->2
[23.858s][info   ][gc,heap     ] GC(1668) Humongous regions: 918->826
[23.858s][info   ][gc,metaspace] GC(1668) Metaspace: 158K(384K)->158K(384K) NonClass: 150K(256K)->150K(256K) Class: 8K(128K)->8K(128K)
[23.858s][info   ][gc          ] GC(1668) Pause Young (Concurrent Start) (G1 Humongous Allocation) 919M->827M(2048M) 1.353ms
[23.858s][info   ][gc,cpu      ] GC(1668) User=0.00s Sys=0.00s Real=0.01s
[23.858s][info   ][gc          ] GC(1669) Concurrent Undo Cycle
[23.858s][info   ][gc,marking  ] GC(1669) Concurrent Cleanup for Next Mark
[23.870s][info   ][gc,marking  ] GC(1669) Concurrent Cleanup for Next Mark 11.227ms
[23.870s][info   ][gc          ] GC(1669) Concurrent Undo Cycle 11.365ms
[23.871s][info   ][gc,start    ] GC(1670) Pause Young (Concurrent Start) (G1 Humongous Allocation)
[23.871s][info   ][gc,task     ] GC(1670) Using 4 workers of 4 for evacuation
[23.875s][info   ][gc,phases   ] GC(1670)   Pre Evacuate Collection Set: 0.3ms
[23.875s][info   ][gc,phases   ] GC(1670)   Merge Heap Roots: 0.1ms
[23.875s][info   ][gc,phases   ] GC(1670)   Evacuate Collection Set: 3.2ms
[23.875s][info   ][gc,phases   ] GC(1670)   Post Evacuate Collection Set: 0.3ms
[23.875s][info   ][gc,phases   ] GC(1670)   Other: 0.2ms
[23.875s][info   ][gc,heap     ] GC(1670) Eden regions: 0->0(912)
[23.875s][info   ][gc,heap     ] GC(1670) Survivor regions: 0->0(117)
[23.875s][info   ][gc,heap     ] GC(1670) Old regions: 1->1
[23.875s][info   ][gc,heap     ] GC(1670) Archive regions: 2->2
[23.875s][info   ][gc,heap     ] GC(1670) Humongous regions: 926->852
[23.875s][info   ][gc,metaspace] GC(1670) Metaspace: 158K(384K)->158K(384K) NonClass: 150K(256K)->150K(256K) Class: 8K(128K)->8K(128K)
[23.875s][info   ][gc          ] GC(1670) Pause Young (Concurrent Start) (G1 Humongous Allocation) 927M->853M(2048M) 4.131ms
[23.875s][info   ][gc,cpu      ] GC(1670) User=0.00s Sys=0.00s Real=0.00s
[23.875s][info   ][gc          ] GC(1671) Concurrent Undo Cycle
[23.875s][info   ][gc,marking  ] GC(1671) Concurrent Cleanup for Next Mark
[23.900s][info   ][gc,marking  ] GC(1671) Concurrent Cleanup for Next Mark 25.019ms
[23.901s][info   ][gc          ] GC(1671) Concurrent Undo Cycle 25.310ms
[23.902s][info   ][gc,start    ] GC(1672) Pause Young (Concurrent Start) (G1 Humongous Allocation)
[23.902s][info   ][gc,task     ] GC(1672) Using 4 workers of 4 for evacuation
[23.905s][info   ][gc,phases   ] GC(1672)   Pre Evacuate Collection Set: 0.4ms
[23.905s][info   ][gc,phases   ] GC(1672)   Merge Heap Roots: 0.2ms
[23.905s][info   ][gc,phases   ] GC(1672)   Evacuate Collection Set: 1.3ms
[23.905s][info   ][gc,phases   ] GC(1672)   Post Evacuate Collection Set: 1.2ms
[23.905s][info   ][gc,phases   ] GC(1672)   Other: 0.3ms
[23.905s][info   ][gc,heap     ] GC(1672) Eden regions: 0->0(905)
[23.905s][info   ][gc,heap     ] GC(1672) Survivor regions: 0->0(114)
[23.905s][info   ][gc,heap     ] GC(1672) Old regions: 1->1
[23.905s][info   ][gc,heap     ] GC(1672) Archive regions: 2->2
[23.905s][info   ][gc,heap     ] GC(1672) Humongous regions: 1182->860
[23.905s][info   ][gc,metaspace] GC(1672) Metaspace: 158K(384K)->158K(384K) NonClass: 150K(256K)->150K(256K) Class: 8K(128K)->8K(128K)
[23.905s][info   ][gc          ] GC(1672) Pause Young (Concurrent Start) (G1 Humongous Allocation) 1183M->861M(2048M) 3.361ms
[23.905s][info   ][gc,cpu      ] GC(1672) User=0.00s Sys=0.00s Real=0.00s
[23.906s][info   ][gc          ] GC(1673) Concurrent Undo Cycle
[23.906s][info   ][gc,marking  ] GC(1673) Concurrent Cleanup for Next Mark
[23.936s][info   ][gc,marking  ] GC(1673) Concurrent Cleanup for Next Mark 29.573ms
[23.936s][info   ][gc          ] GC(1673) Concurrent Undo Cycle 29.828ms
[23.937s][info   ][gc,start    ] GC(1674) Pause Young (Concurrent Start) (G1 Humongous Allocation)
[23.937s][info   ][gc,task     ] GC(1674) Using 4 workers of 4 for evacuation
[23.938s][info   ][gc,phases   ] GC(1674)   Pre Evacuate Collection Set: 0.2ms
[23.938s][info   ][gc,phases   ] GC(1674)   Merge Heap Roots: 0.1ms
[23.938s][info   ][gc,phases   ] GC(1674)   Evacuate Collection Set: 0.4ms
[23.938s][info   ][gc,phases   ] GC(1674)   Post Evacuate Collection Set: 0.9ms
[23.938s][info   ][gc,phases   ] GC(1674)   Other: 0.2ms
[23.938s][info   ][gc,heap     ] GC(1674) Eden regions: 0->0(940)
[23.938s][info   ][gc,heap     ] GC(1674) Survivor regions: 0->0(114)
[23.938s][info   ][gc,heap     ] GC(1674) Old regions: 1->1
[23.938s][info   ][gc,heap     ] GC(1674) Archive regions: 2->2
[23.938s][info   ][gc,heap     ] GC(1674) Humongous regions: 1230->822
[23.938s][info   ][gc,metaspace] GC(1674) Metaspace: 158K(384K)->158K(384K) NonClass: 150K(256K)->150K(256K) Class: 8K(128K)->8K(128K)
[23.939s][info   ][gc          ] GC(1674) Pause Young (Concurrent Start) (G1 Humongous Allocation) 1231M->823M(2048M) 1.928ms
[23.939s][info   ][gc,cpu      ] GC(1674) User=0.00s Sys=0.00s Real=0.01s
[23.939s][info   ][gc          ] GC(1675) Concurrent Undo Cycle
[23.939s][info   ][gc,marking  ] GC(1675) Concurrent Cleanup for Next Mark
[23.974s][info   ][gc,marking  ] GC(1675) Concurrent Cleanup for Next Mark 35.601ms
[23.974s][info   ][gc          ] GC(1675) Concurrent Undo Cycle 35.813ms
[23.975s][info   ][gc,start    ] GC(1676) Pause Young (Concurrent Start) (G1 Humongous Allocation)
[23.975s][info   ][gc,task     ] GC(1676) Using 4 workers of 4 for evacuation
[23.977s][info   ][gc,phases   ] GC(1676)   Pre Evacuate Collection Set: 0.2ms
[23.977s][info   ][gc,phases   ] GC(1676)   Merge Heap Roots: 0.1ms
[23.977s][info   ][gc,phases   ] GC(1676)   Evacuate Collection Set: 0.6ms
[23.977s][info   ][gc,phases   ] GC(1676)   Post Evacuate Collection Set: 0.6ms
[23.977s][info   ][gc,phases   ] GC(1676)   Other: 0.1ms
[23.977s][info   ][gc,heap     ] GC(1676) Eden regions: 0->0(919)
[23.977s][info   ][gc,heap     ] GC(1676) Survivor regions: 0->0(118)
[23.977s][info   ][gc,heap     ] GC(1676) Old regions: 1->1
[23.977s][info   ][gc,heap     ] GC(1676) Archive regions: 2->2
[23.977s][info   ][gc,heap     ] GC(1676) Humongous regions: 1290->844
[23.977s][info   ][gc,metaspace] GC(1676) Metaspace: 158K(384K)->158K(384K) NonClass: 150K(256K)->150K(256K) Class: 8K(128K)->8K(128K)
[23.977s][info   ][gc          ] GC(1676) Pause Young (Concurrent Start) (G1 Humongous Allocation) 1291M->845M(2048M) 1.818ms
[23.977s][info   ][gc,cpu      ] GC(1676) User=0.00s Sys=0.00s Real=0.00s
[23.977s][info   ][gc          ] GC(1677) Concurrent Undo Cycle
[23.977s][info   ][gc,marking  ] GC(1677) Concurrent Cleanup for Next Mark
[23.987s][info   ][gc,marking  ] GC(1677) Concurrent Cleanup for Next Mark 9.880ms
[23.987s][info   ][gc          ] GC(1677) Concurrent Undo Cycle 10.144ms
[23.989s][info   ][gc,start    ] GC(1678) Pause Young (Concurrent Start) (G1 Humongous Allocation)
[23.989s][info   ][gc,task     ] GC(1678) Using 4 workers of 4 for evacuation
[23.991s][info   ][gc,phases   ] GC(1678)   Pre Evacuate Collection Set: 0.4ms
[23.991s][info   ][gc,phases   ] GC(1678)   Merge Heap Roots: 0.2ms
[23.991s][info   ][gc,phases   ] GC(1678)   Evacuate Collection Set: 1.1ms
[23.991s][info   ][gc,phases   ] GC(1678)   Post Evacuate Collection Set: 0.5ms
[23.991s][info   ][gc,phases   ] GC(1678)   Other: 0.3ms
[23.991s][info   ][gc,heap     ] GC(1678) Eden regions: 0->0(927)
[23.991s][info   ][gc,heap     ] GC(1678) Survivor regions: 0->0(115)
[23.991s][info   ][gc,heap     ] GC(1678) Old regions: 1->1
[23.991s][info   ][gc,heap     ] GC(1678) Archive regions: 2->2
[23.991s][info   ][gc,heap     ] GC(1678) Humongous regions: 942->836
[23.991s][info   ][gc,metaspace] GC(1678) Metaspace: 158K(384K)->158K(384K) NonClass: 150K(256K)->150K(256K) Class: 8K(128K)->8K(128K)
[23.991s][info   ][gc          ] GC(1678) Pause Young (Concurrent Start) (G1 Humongous Allocation) 943M->837M(2048M) 2.425ms
[23.991s][info   ][gc,cpu      ] GC(1678) User=0.01s Sys=0.00s Real=0.00s
[23.991s][info   ][gc          ] GC(1679) Concurrent Undo Cycle
[23.991s][info   ][gc,marking  ] GC(1679) Concurrent Cleanup for Next Mark
[24.001s][info   ][gc,marking  ] GC(1679) Concurrent Cleanup for Next Mark 10.181ms
[24.001s][info   ][gc          ] GC(1679) Concurrent Undo Cycle 10.397ms
[24.002s][info   ][gc,start    ] GC(1680) Pause Young (Concurrent Start) (G1 Humongous Allocation)
[24.002s][info   ][gc,task     ] GC(1680) Using 4 workers of 4 for evacuation
[24.003s][info   ][gc,phases   ] GC(1680)   Pre Evacuate Collection Set: 0.3ms
[24.003s][info   ][gc,phases   ] GC(1680)   Merge Heap Roots: 0.1ms
[24.003s][info   ][gc,phases   ] GC(1680)   Evacuate Collection Set: 0.3ms
[24.003s][info   ][gc,phases   ] GC(1680)   Post Evacuate Collection Set: 0.5ms
[24.003s][info   ][gc,phases   ] GC(1680)   Other: 0.2ms
[24.003s][info   ][gc,heap     ] GC(1680) Eden regions: 0->0(940)
[24.003s][info   ][gc,heap     ] GC(1680) Survivor regions: 0->0(116)
[24.003s][info   ][gc,heap     ] GC(1680) Old regions: 1->1
[24.003s][info   ][gc,heap     ] GC(1680) Archive regions: 2->2
[24.003s][info   ][gc,heap     ] GC(1680) Humongous regions: 912->822
[24.003s][info   ][gc,metaspace] GC(1680) Metaspace: 158K(384K)->158K(384K) NonClass: 150K(256K)->150K(256K) Class: 8K(128K)->8K(128K)
[24.003s][info   ][gc          ] GC(1680) Pause Young (Concurrent Start) (G1 Humongous Allocation) 913M->823M(2048M) 1.568ms
[24.003s][info   ][gc,cpu      ] GC(1680) User=0.00s Sys=0.01s Real=0.00s
[24.004s][info   ][gc          ] GC(1681) Concurrent Undo Cycle
[24.004s][info   ][gc,marking  ] GC(1681) Concurrent Cleanup for Next Mark
[24.022s][info   ][gc,marking  ] GC(1681) Concurrent Cleanup for Next Mark 17.977ms
[24.022s][info   ][gc          ] GC(1681) Concurrent Undo Cycle 18.327ms
[24.023s][info   ][gc,start    ] GC(1682) Pause Young (Concurrent Start) (G1 Humongous Allocation)
[24.023s][info   ][gc,task     ] GC(1682) Using 4 workers of 4 for evacuation
[24.025s][info   ][gc,phases   ] GC(1682)   Pre Evacuate Collection Set: 0.3ms
[24.025s][info   ][gc,phases   ] GC(1682)   Merge Heap Roots: 0.1ms
[24.025s][info   ][gc,phases   ] GC(1682)   Evacuate Collection Set: 0.3ms
[24.025s][info   ][gc,phases   ] GC(1682)   Post Evacuate Collection Set: 0.5ms
[24.025s][info   ][gc,phases   ] GC(1682)   Other: 0.2ms
[24.025s][info   ][gc,heap     ] GC(1682) Eden regions: 0->0(918)
[24.025s][info   ][gc,heap     ] GC(1682) Survivor regions: 0->0(118)
[24.025s][info   ][gc,heap     ] GC(1682) Old regions: 1->1
[24.025s][info   ][gc,heap     ] GC(1682) Archive regions: 2->2
[24.025s][info   ][gc,heap     ] GC(1682) Humongous regions: 1034->846
[24.025s][info   ][gc,metaspace] GC(1682) Metaspace: 158K(384K)->158K(384K) NonClass: 150K(256K)->150K(256K) Class: 8K(128K)->8K(128K)
[24.025s][info   ][gc          ] GC(1682) Pause Young (Concurrent Start) (G1 Humongous Allocation) 1035M->847M(2048M) 1.424ms
[24.025s][info   ][gc,cpu      ] GC(1682) User=0.01s Sys=0.00s Real=0.00s
[24.025s][info   ][gc          ] GC(1683) Concurrent Undo Cycle
[24.025s][info   ][gc,marking  ] GC(1683) Concurrent Cleanup for Next Mark
[24.035s][info   ][gc,marking  ] GC(1683) Concurrent Cleanup for Next Mark 10.496ms
[24.035s][info   ][gc          ] GC(1683) Concurrent Undo Cycle 10.786ms
[24.037s][info   ][gc,start    ] GC(1684) Pause Young (Concurrent Start) (G1 Humongous Allocation)
[24.037s][info   ][gc,task     ] GC(1684) Using 4 workers of 4 for evacuation
[24.038s][info   ][gc,phases   ] GC(1684)   Pre Evacuate Collection Set: 0.2ms
[24.038s][info   ][gc,phases   ] GC(1684)   Merge Heap Roots: 0.1ms
[24.038s][info   ][gc,phases   ] GC(1684)   Evacuate Collection Set: 0.3ms
[24.038s][info   ][gc,phases   ] GC(1684)   Post Evacuate Collection Set: 0.3ms
[24.038s][info   ][gc,phases   ] GC(1684)   Other: 0.2ms
[24.038s][info   ][gc,heap     ] GC(1684) Eden regions: 0->0(894)
[24.038s][info   ][gc,heap     ] GC(1684) Survivor regions: 0->0(115)
[24.038s][info   ][gc,heap     ] GC(1684) Old regions: 1->1
[24.038s][info   ][gc,heap     ] GC(1684) Archive regions: 2->2
[24.038s][info   ][gc,heap     ] GC(1684) Humongous regions: 948->872
[24.038s][info   ][gc,metaspace] GC(1684) Metaspace: 158K(384K)->158K(384K) NonClass: 150K(256K)->150K(256K) Class: 8K(128K)->8K(128K)
[24.038s][info   ][gc          ] GC(1684) Pause Young (Concurrent Start) (G1 Humongous Allocation) 949M->873M(2048M) 1.103ms
[24.038s][info   ][gc,cpu      ] GC(1684) User=0.01s Sys=0.00s Real=0.00s
[24.038s][info   ][gc          ] GC(1685) Concurrent Undo Cycle
[24.038s][info   ][gc,marking  ] GC(1685) Concurrent Cleanup for Next Mark
[24.042s][info   ][gc,marking  ] GC(1685) Concurrent Cleanup for Next Mark 4.543ms
[24.042s][info   ][gc          ] GC(1685) Concurrent Undo Cycle 4.585ms
[24.045s][info   ][gc,start    ] GC(1686) Pause Young (Concurrent Start) (G1 Humongous Allocation)
[24.045s][info   ][gc,task     ] GC(1686) Using 4 workers of 4 for evacuation
[24.048s][info   ][gc,phases   ] GC(1686)   Pre Evacuate Collection Set: 0.2ms
[24.048s][info   ][gc,phases   ] GC(1686)   Merge Heap Roots: 0.1ms
[24.048s][info   ][gc,phases   ] GC(1686)   Evacuate Collection Set: 0.4ms
[24.048s][info   ][gc,phases   ] GC(1686)   Post Evacuate Collection Set: 1.9ms
[24.048s][info   ][gc,phases   ] GC(1686)   Other: 0.2ms
[24.048s][info   ][gc,heap     ] GC(1686) Eden regions: 0->0(890)
[24.048s][info   ][gc,heap     ] GC(1686) Survivor regions: 0->0(112)
[24.048s][info   ][gc,heap     ] GC(1686) Old regions: 1->1
[24.048s][info   ][gc,heap     ] GC(1686) Archive regions: 2->2
[24.048s][info   ][gc,heap     ] GC(1686) Humongous regions: 918->876
[24.048s][info   ][gc,metaspace] GC(1686) Metaspace: 158K(384K)->158K(384K) NonClass: 150K(256K)->150K(256K) Class: 8K(128K)->8K(128K)
[24.048s][info   ][gc          ] GC(1686) Pause Young (Concurrent Start) (G1 Humongous Allocation) 919M->877M(2048M) 2.919ms
[24.048s][info   ][gc,cpu      ] GC(1686) User=0.01s Sys=0.00s Real=0.00s
[24.048s][info   ][gc          ] GC(1687) Concurrent Undo Cycle
[24.048s][info   ][gc,marking  ] GC(1687) Concurrent Cleanup for Next Mark
[24.064s][info   ][gc,marking  ] GC(1687) Concurrent Cleanup for Next Mark 15.394ms
[24.064s][info   ][gc          ] GC(1687) Concurrent Undo Cycle 15.623ms
[24.064s][info   ][gc,start    ] GC(1688) Pause Young (Concurrent Start) (G1 Humongous Allocation)
[24.064s][info   ][gc,task     ] GC(1688) Using 4 workers of 4 for evacuation
[24.065s][info   ][gc,phases   ] GC(1688)   Pre Evacuate Collection Set: 0.2ms
[24.065s][info   ][gc,phases   ] GC(1688)   Merge Heap Roots: 0.1ms
[24.065s][info   ][gc,phases   ] GC(1688)   Evacuate Collection Set: 0.3ms
[24.065s][info   ][gc,phases   ] GC(1688)   Post Evacuate Collection Set: 0.6ms
[24.065s][info   ][gc,phases   ] GC(1688)   Other: 0.2ms
[24.065s][info   ][gc,heap     ] GC(1688) Eden regions: 0->0(868)
[24.065s][info   ][gc,heap     ] GC(1688) Survivor regions: 0->0(112)
[24.065s][info   ][gc,heap     ] GC(1688) Old regions: 1->1
[24.065s][info   ][gc,heap     ] GC(1688) Archive regions: 2->2
[24.065s][info   ][gc,heap     ] GC(1688) Humongous regions: 1062->900
[24.065s][info   ][gc,metaspace] GC(1688) Metaspace: 158K(384K)->158K(384K) NonClass: 150K(256K)->150K(256K) Class: 8K(128K)->8K(128K)
[24.065s][info   ][gc          ] GC(1688) Pause Young (Concurrent Start) (G1 Humongous Allocation) 1063M->901M(2048M) 1.421ms
[24.065s][info   ][gc,cpu      ] GC(1688) User=0.00s Sys=0.01s Real=0.00s
[24.065s][info   ][gc          ] GC(1689) Concurrent Undo Cycle
[24.065s][info   ][gc,marking  ] GC(1689) Concurrent Cleanup for Next Mark
[24.082s][info   ][gc,marking  ] GC(1689) Concurrent Cleanup for Next Mark 16.156ms
[24.082s][info   ][gc          ] GC(1689) Concurrent Undo Cycle 16.551ms
[24.083s][info   ][gc,start    ] GC(1690) Pause Young (Concurrent Start) (G1 Humongous Allocation)
[24.083s][info   ][gc,task     ] GC(1690) Using 4 workers of 4 for evacuation
[24.086s][info   ][gc,phases   ] GC(1690)   Pre Evacuate Collection Set: 0.4ms
[24.086s][info   ][gc,phases   ] GC(1690)   Merge Heap Roots: 0.2ms
[24.086s][info   ][gc,phases   ] GC(1690)   Evacuate Collection Set: 1.0ms
[24.086s][info   ][gc,phases   ] GC(1690)   Post Evacuate Collection Set: 0.8ms
[24.086s][info   ][gc,phases   ] GC(1690)   Other: 0.3ms
[24.086s][info   ][gc,heap     ] GC(1690) Eden regions: 0->0(851)
[24.086s][info   ][gc,heap     ] GC(1690) Survivor regions: 0->0(109)
[24.086s][info   ][gc,heap     ] GC(1690) Old regions: 1->1
[24.086s][info   ][gc,heap     ] GC(1690) Archive regions: 2->2
[24.086s][info   ][gc,heap     ] GC(1690) Humongous regions: 1080->918
[24.086s][info   ][gc,metaspace] GC(1690) Metaspace: 158K(384K)->158K(384K) NonClass: 150K(256K)->150K(256K) Class: 8K(128K)->8K(128K)
[24.086s][info   ][gc          ] GC(1690) Pause Young (Concurrent Start) (G1 Humongous Allocation) 1081M->919M(2048M) 2.766ms
[24.086s][info   ][gc,cpu      ] GC(1690) User=0.00s Sys=0.00s Real=0.00s
[24.086s][info   ][gc          ] GC(1691) Concurrent Undo Cycle
[24.086s][info   ][gc,marking  ] GC(1691) Concurrent Cleanup for Next Mark
[24.099s][info   ][gc,marking  ] GC(1691) Concurrent Cleanup for Next Mark 13.288ms
[24.100s][info   ][gc          ] GC(1691) Concurrent Undo Cycle 13.496ms
[24.100s][info   ][gc,start    ] GC(1692) Pause Young (Concurrent Start) (G1 Humongous Allocation)
[24.100s][info   ][gc,task     ] GC(1692) Using 4 workers of 4 for evacuation
[24.101s][info   ][gc,phases   ] GC(1692)   Pre Evacuate Collection Set: 0.2ms
[24.101s][info   ][gc,phases   ] GC(1692)   Merge Heap Roots: 0.1ms
[24.101s][info   ][gc,phases   ] GC(1692)   Evacuate Collection Set: 0.2ms
[24.101s][info   ][gc,phases   ] GC(1692)   Post Evacuate Collection Set: 0.5ms
[24.101s][info   ][gc,phases   ] GC(1692)   Other: 0.2ms
[24.101s][info   ][gc,heap     ] GC(1692) Eden regions: 0->0(875)
[24.101s][info   ][gc,heap     ] GC(1692) Survivor regions: 0->0(107)
[24.101s][info   ][gc,heap     ] GC(1692) Old regions: 1->1
[24.101s][info   ][gc,heap     ] GC(1692) Archive regions: 2->2
[24.101s][info   ][gc,heap     ] GC(1692) Humongous regions: 1078->892
[24.101s][info   ][gc,metaspace] GC(1692) Metaspace: 158K(384K)->158K(384K) NonClass: 150K(256K)->150K(256K) Class: 8K(128K)->8K(128K)
[24.101s][info   ][gc          ] GC(1692) Pause Young (Concurrent Start) (G1 Humongous Allocation) 1079M->893M(2048M) 1.326ms
[24.101s][info   ][gc,cpu      ] GC(1692) User=0.00s Sys=0.00s Real=0.00s
[24.102s][info   ][gc          ] GC(1693) Concurrent Undo Cycle
[24.102s][info   ][gc,marking  ] GC(1693) Concurrent Cleanup for Next Mark
[24.117s][info   ][gc,marking  ] GC(1693) Concurrent Cleanup for Next Mark 15.522ms
[24.118s][info   ][gc          ] GC(1693) Concurrent Undo Cycle 15.897ms
[24.119s][info   ][gc,start    ] GC(1694) Pause Young (Concurrent Start) (G1 Humongous Allocation)
[24.119s][info   ][gc,task     ] GC(1694) Using 4 workers of 4 for evacuation
[24.120s][info   ][gc,phases   ] GC(1694)   Pre Evacuate Collection Set: 0.2ms
[24.120s][info   ][gc,phases   ] GC(1694)   Merge Heap Roots: 0.1ms
[24.120s][info   ][gc,phases   ] GC(1694)   Evacuate Collection Set: 0.6ms
[24.120s][info   ][gc,phases   ] GC(1694)   Post Evacuate Collection Set: 0.5ms
[24.120s][info   ][gc,phases   ] GC(1694)   Other: 0.2ms
[24.120s][info   ][gc,heap     ] GC(1694) Eden regions: 0->0(849)
[24.120s][info   ][gc,heap     ] GC(1694) Survivor regions: 0->0(110)
[24.120s][info   ][gc,heap     ] GC(1694) Old regions: 1->1
[24.120s][info   ][gc,heap     ] GC(1694) Archive regions: 2->2
[24.120s][info   ][gc,heap     ] GC(1694) Humongous regions: 1060->920
[24.120s][info   ][gc,metaspace] GC(1694) Metaspace: 158K(384K)->158K(384K) NonClass: 150K(256K)->150K(256K) Class: 8K(128K)->8K(128K)
[24.121s][info   ][gc          ] GC(1694) Pause Young (Concurrent Start) (G1 Humongous Allocation) 1061M->921M(2048M) 1.666ms
[24.121s][info   ][gc,cpu      ] GC(1694) User=0.00s Sys=0.00s Real=0.00s
[24.121s][info   ][gc          ] GC(1695) Concurrent Mark Cycle
[24.121s][info   ][gc,marking  ] GC(1695) Concurrent Clear Claimed Marks
[24.121s][info   ][gc,marking  ] GC(1695) Concurrent Clear Claimed Marks 0.008ms
[24.121s][info   ][gc,marking  ] GC(1695) Concurrent Scan Root Regions
[24.121s][info   ][gc,marking  ] GC(1695) Concurrent Scan Root Regions 0.006ms
[24.121s][info   ][gc,marking  ] GC(1695) Concurrent Mark
[24.121s][info   ][gc,marking  ] GC(1695) Concurrent Mark From Roots
[24.121s][info   ][gc,task     ] GC(1695) Using 1 workers of 1 for marking
[24.128s][info   ][gc,marking  ] GC(1695) Concurrent Mark From Roots 6.841ms
[24.128s][info   ][gc,marking  ] GC(1695) Concurrent Preclean
[24.128s][info   ][gc,marking  ] GC(1695) Concurrent Preclean 0.504ms
[24.129s][info   ][gc,start    ] GC(1695) Pause Remark
[24.129s][info   ][gc          ] GC(1695) Pause Remark 1039M->1039M(2048M) 0.729ms
[24.129s][info   ][gc,cpu      ] GC(1695) User=0.00s Sys=0.01s Real=0.00s
[24.129s][info   ][gc,marking  ] GC(1695) Concurrent Mark 8.866ms
[24.130s][info   ][gc,marking  ] GC(1695) Concurrent Rebuild Remembered Sets
[24.136s][info   ][gc,marking  ] GC(1695) Concurrent Rebuild Remembered Sets 6.269ms
[24.137s][info   ][gc,start    ] GC(1695) Pause Cleanup
[24.137s][info   ][gc          ] GC(1695) Pause Cleanup 1139M->1139M(2048M) 0.311ms
[24.137s][info   ][gc,cpu      ] GC(1695) User=0.00s Sys=0.00s Real=0.00s
[24.137s][info   ][gc,marking  ] GC(1695) Concurrent Cleanup for Next Mark
[24.154s][info   ][gc,marking  ] GC(1695) Concurrent Cleanup for Next Mark 17.106ms
[24.154s][info   ][gc          ] GC(1695) Concurrent Mark Cycle 33.814ms
[24.155s][info   ][gc,start    ] GC(1696) Pause Young (Concurrent Start) (G1 Humongous Allocation)
[24.155s][info   ][gc,task     ] GC(1696) Using 4 workers of 4 for evacuation
[24.157s][info   ][gc,phases   ] GC(1696)   Pre Evacuate Collection Set: 0.2ms
[24.157s][info   ][gc,phases   ] GC(1696)   Merge Heap Roots: 0.5ms
[24.157s][info   ][gc,phases   ] GC(1696)   Evacuate Collection Set: 0.3ms
[24.157s][info   ][gc,phases   ] GC(1696)   Post Evacuate Collection Set: 0.7ms
[24.157s][info   ][gc,phases   ] GC(1696)   Other: 0.2ms
[24.157s][info   ][gc,heap     ] GC(1696) Eden regions: 0->0(829)
[24.157s][info   ][gc,heap     ] GC(1696) Survivor regions: 0->0(107)
[24.157s][info   ][gc,heap     ] GC(1696) Old regions: 1->1
[24.157s][info   ][gc,heap     ] GC(1696) Archive regions: 2->2
[24.157s][info   ][gc,heap     ] GC(1696) Humongous regions: 1334->942
[24.157s][info   ][gc,metaspace] GC(1696) Metaspace: 158K(384K)->158K(384K) NonClass: 150K(256K)->150K(256K) Class: 8K(128K)->8K(128K)
[24.157s][info   ][gc          ] GC(1696) Pause Young (Concurrent Start) (G1 Humongous Allocation) 1335M->943M(2048M) 1.976ms
[24.157s][info   ][gc,cpu      ] GC(1696) User=0.00s Sys=0.00s Real=0.00s
[24.157s][info   ][gc          ] GC(1697) Concurrent Mark Cycle
[24.157s][info   ][gc,marking  ] GC(1697) Concurrent Clear Claimed Marks
[24.157s][info   ][gc,marking  ] GC(1697) Concurrent Clear Claimed Marks 0.008ms
[24.157s][info   ][gc,marking  ] GC(1697) Concurrent Scan Root Regions
[24.157s][info   ][gc,marking  ] GC(1697) Concurrent Scan Root Regions 0.006ms
[24.157s][info   ][gc,marking  ] GC(1697) Concurrent Mark
[24.157s][info   ][gc,marking  ] GC(1697) Concurrent Mark From Roots
[24.157s][info   ][gc,task     ] GC(1697) Using 1 workers of 1 for marking
[24.165s][info   ][gc,marking  ] GC(1697) Concurrent Mark From Roots 8.063ms
[24.165s][info   ][gc,marking  ] GC(1697) Concurrent Preclean
[24.165s][info   ][gc,marking  ] GC(1697) Concurrent Preclean 0.085ms
[24.166s][info   ][gc,start    ] GC(1697) Pause Remark
[24.167s][info   ][gc          ] GC(1697) Pause Remark 1015M->1015M(2048M) 1.439ms
[24.167s][info   ][gc,cpu      ] GC(1697) User=0.00s Sys=0.00s Real=0.00s
[24.167s][info   ][gc,marking  ] GC(1697) Concurrent Mark 9.947ms
[24.167s][info   ][gc,marking  ] GC(1697) Concurrent Rebuild Remembered Sets
[24.173s][info   ][gc,marking  ] GC(1697) Concurrent Rebuild Remembered Sets 6.045ms
[24.174s][info   ][gc,start    ] GC(1697) Pause Cleanup
[24.174s][info   ][gc          ] GC(1697) Pause Cleanup 1107M->1107M(2048M) 0.272ms
[24.174s][info   ][gc,cpu      ] GC(1697) User=0.00s Sys=0.00s Real=0.00s
[24.174s][info   ][gc,marking  ] GC(1697) Concurrent Cleanup for Next Mark
[24.188s][info   ][gc,marking  ] GC(1697) Concurrent Cleanup for Next Mark 13.769ms
[24.188s][info   ][gc          ] GC(1697) Concurrent Mark Cycle 31.304ms
[24.189s][info   ][gc,start    ] GC(1698) Pause Young (Concurrent Start) (G1 Humongous Allocation)
[24.189s][info   ][gc,task     ] GC(1698) Using 4 workers of 4 for evacuation
[24.191s][info   ][gc,phases   ] GC(1698)   Pre Evacuate Collection Set: 0.3ms
[24.191s][info   ][gc,phases   ] GC(1698)   Merge Heap Roots: 0.3ms
[24.191s][info   ][gc,phases   ] GC(1698)   Evacuate Collection Set: 0.6ms
[24.191s][info   ][gc,phases   ] GC(1698)   Post Evacuate Collection Set: 0.8ms
[24.191s][info   ][gc,phases   ] GC(1698)   Other: 0.2ms
[24.191s][info   ][gc,heap     ] GC(1698) Eden regions: 0->0(836)
[24.191s][info   ][gc,heap     ] GC(1698) Survivor regions: 0->0(104)
[24.191s][info   ][gc,heap     ] GC(1698) Old regions: 1->1
[24.191s][info   ][gc,heap     ] GC(1698) Archive regions: 2->2
[24.191s][info   ][gc,heap     ] GC(1698) Humongous regions: 1264->934
[24.191s][info   ][gc,metaspace] GC(1698) Metaspace: 158K(384K)->158K(384K) NonClass: 150K(256K)->150K(256K) Class: 8K(128K)->8K(128K)
[24.191s][info   ][gc          ] GC(1698) Pause Young (Concurrent Start) (G1 Humongous Allocation) 1265M->935M(2048M) 2.197ms
[24.191s][info   ][gc,cpu      ] GC(1698) User=0.00s Sys=0.00s Real=0.00s
[24.191s][info   ][gc          ] GC(1699) Concurrent Mark Cycle
[24.191s][info   ][gc,marking  ] GC(1699) Concurrent Clear Claimed Marks
[24.191s][info   ][gc,marking  ] GC(1699) Concurrent Clear Claimed Marks 0.010ms
[24.191s][info   ][gc,marking  ] GC(1699) Concurrent Scan Root Regions
[24.191s][info   ][gc,marking  ] GC(1699) Concurrent Scan Root Regions 0.008ms
[24.191s][info   ][gc,marking  ] GC(1699) Concurrent Mark
[24.191s][info   ][gc,marking  ] GC(1699) Concurrent Mark From Roots
[24.191s][info   ][gc,task     ] GC(1699) Using 1 workers of 1 for marking
[24.199s][info   ][gc,marking  ] GC(1699) Concurrent Mark From Roots 8.071ms
[24.200s][info   ][gc,marking  ] GC(1699) Concurrent Preclean
[24.200s][info   ][gc,marking  ] GC(1699) Concurrent Preclean 0.134ms
[24.200s][info   ][gc,start    ] GC(1699) Pause Remark
[24.201s][info   ][gc          ] GC(1699) Pause Remark 1061M->1061M(2048M) 0.725ms
[24.201s][info   ][gc,cpu      ] GC(1699) User=0.01s Sys=0.00s Real=0.00s
[24.201s][info   ][gc,marking  ] GC(1699) Concurrent Mark 9.871ms
[24.201s][info   ][gc,marking  ] GC(1699) Concurrent Rebuild Remembered Sets
[24.208s][info   ][gc,marking  ] GC(1699) Concurrent Rebuild Remembered Sets 6.383ms
[24.209s][info   ][gc,start    ] GC(1699) Pause Cleanup
[24.209s][info   ][gc          ] GC(1699) Pause Cleanup 1167M->1167M(2048M) 0.286ms
[24.209s][info   ][gc,cpu      ] GC(1699) User=0.00s Sys=0.00s Real=0.00s
[24.209s][info   ][gc,marking  ] GC(1699) Concurrent Cleanup for Next Mark
[24.223s][info   ][gc,marking  ] GC(1699) Concurrent Cleanup for Next Mark 13.816ms
[24.223s][info   ][gc          ] GC(1699) Concurrent Mark Cycle 31.804ms
[24.224s][info   ][gc,start    ] GC(1700) Pause Young (Concurrent Start) (G1 Humongous Allocation)
[24.224s][info   ][gc,task     ] GC(1700) Using 4 workers of 4 for evacuation
[24.226s][info   ][gc,phases   ] GC(1700)   Pre Evacuate Collection Set: 0.3ms
[24.226s][info   ][gc,phases   ] GC(1700)   Merge Heap Roots: 0.2ms
[24.226s][info   ][gc,phases   ] GC(1700)   Evacuate Collection Set: 0.2ms
[24.226s][info   ][gc,phases   ] GC(1700)   Post Evacuate Collection Set: 0.5ms
[24.226s][info   ][gc,phases   ] GC(1700)   Other: 0.2ms
[24.226s][info   ][gc,heap     ] GC(1700) Eden regions: 0->0(794)
[24.226s][info   ][gc,heap     ] GC(1700) Survivor regions: 0->0(105)
[24.226s][info   ][gc,heap     ] GC(1700) Old regions: 1->1
[24.226s][info   ][gc,heap     ] GC(1700) Archive regions: 2->2
[24.226s][info   ][gc,heap     ] GC(1700) Humongous regions: 1332->980
[24.226s][info   ][gc,metaspace] GC(1700) Metaspace: 158K(384K)->158K(384K) NonClass: 150K(256K)->150K(256K) Class: 8K(128K)->8K(128K)
[24.226s][info   ][gc          ] GC(1700) Pause Young (Concurrent Start) (G1 Humongous Allocation) 1333M->981M(2048M) 1.399ms
[24.226s][info   ][gc,cpu      ] GC(1700) User=0.00s Sys=0.00s Real=0.00s
[24.226s][info   ][gc          ] GC(1701) Concurrent Mark Cycle
[24.226s][info   ][gc,marking  ] GC(1701) Concurrent Clear Claimed Marks
[24.226s][info   ][gc,marking  ] GC(1701) Concurrent Clear Claimed Marks 0.006ms
[24.226s][info   ][gc,marking  ] GC(1701) Concurrent Scan Root Regions
[24.226s][info   ][gc,marking  ] GC(1701) Concurrent Scan Root Regions 0.006ms
[24.226s][info   ][gc,marking  ] GC(1701) Concurrent Mark
[24.226s][info   ][gc,marking  ] GC(1701) Concurrent Mark From Roots
[24.226s][info   ][gc,task     ] GC(1701) Using 1 workers of 1 for marking
[24.233s][info   ][gc,marking  ] GC(1701) Concurrent Mark From Roots 7.450ms
[24.233s][info   ][gc,marking  ] GC(1701) Concurrent Preclean
[24.234s][info   ][gc,marking  ] GC(1701) Concurrent Preclean 0.105ms
[24.235s][info   ][gc,start    ] GC(1701) Pause Remark
[24.236s][info   ][gc          ] GC(1701) Pause Remark 1115M->1115M(2048M) 0.901ms
[24.236s][info   ][gc,cpu      ] GC(1701) User=0.00s Sys=0.00s Real=0.00s
[24.236s][info   ][gc,marking  ] GC(1701) Concurrent Mark 10.070ms
[24.236s][info   ][gc,marking  ] GC(1701) Concurrent Rebuild Remembered Sets
[24.246s][info   ][gc,marking  ] GC(1701) Concurrent Rebuild Remembered Sets 10.409ms
[24.248s][info   ][gc,start    ] GC(1701) Pause Cleanup
[24.248s][info   ][gc          ] GC(1701) Pause Cleanup 1287M->1287M(2048M) 0.247ms
[24.248s][info   ][gc,cpu      ] GC(1701) User=0.00s Sys=0.00s Real=0.00s
[24.250s][info   ][gc,marking  ] GC(1701) Concurrent Cleanup for Next Mark
[24.262s][info   ][gc,marking  ] GC(1701) Concurrent Cleanup for Next Mark 11.348ms
[24.262s][info   ][gc          ] GC(1701) Concurrent Mark Cycle 36.025ms
[24.264s][info   ][gc,start    ] GC(1702) Pause Young (Concurrent Start) (G1 Humongous Allocation)
[24.264s][info   ][gc,task     ] GC(1702) Using 4 workers of 4 for evacuation
[24.265s][info   ][gc,phases   ] GC(1702)   Pre Evacuate Collection Set: 0.2ms
[24.265s][info   ][gc,phases   ] GC(1702)   Merge Heap Roots: 0.3ms
[24.265s][info   ][gc,phases   ] GC(1702)   Evacuate Collection Set: 0.2ms
[24.265s][info   ][gc,phases   ] GC(1702)   Post Evacuate Collection Set: 0.6ms
[24.265s][info   ][gc,phases   ] GC(1702)   Other: 0.2ms
[24.265s][info   ][gc,heap     ] GC(1702) Eden regions: 0->0(748)
[24.265s][info   ][gc,heap     ] GC(1702) Survivor regions: 0->0(100)
[24.265s][info   ][gc,heap     ] GC(1702) Old regions: 1->1
[24.265s][info   ][gc,heap     ] GC(1702) Archive regions: 2->2
[24.265s][info   ][gc,heap     ] GC(1702) Humongous regions: 1466->1030
[24.265s][info   ][gc,metaspace] GC(1702) Metaspace: 158K(384K)->158K(384K) NonClass: 150K(256K)->150K(256K) Class: 8K(128K)->8K(128K)
[24.265s][info   ][gc          ] GC(1702) Pause Young (Concurrent Start) (G1 Humongous Allocation) 1467M->1031M(2048M) 1.551ms
[24.266s][info   ][gc,cpu      ] GC(1702) User=0.00s Sys=0.00s Real=0.00s
[24.266s][info   ][gc          ] GC(1703) Concurrent Mark Cycle
[24.266s][info   ][gc,marking  ] GC(1703) Concurrent Clear Claimed Marks
[24.266s][info   ][gc,marking  ] GC(1703) Concurrent Clear Claimed Marks 0.007ms
[24.266s][info   ][gc,marking  ] GC(1703) Concurrent Scan Root Regions
[24.266s][info   ][gc,marking  ] GC(1703) Concurrent Scan Root Regions 0.006ms
[24.266s][info   ][gc,marking  ] GC(1703) Concurrent Mark
[24.266s][info   ][gc,marking  ] GC(1703) Concurrent Mark From Roots
[24.266s][info   ][gc,task     ] GC(1703) Using 1 workers of 1 for marking
[24.273s][info   ][gc,marking  ] GC(1703) Concurrent Mark From Roots 7.793ms
[24.274s][info   ][gc,marking  ] GC(1703) Concurrent Preclean
[24.274s][info   ][gc,marking  ] GC(1703) Concurrent Preclean 0.084ms
[24.274s][info   ][gc,start    ] GC(1703) Pause Remark
[24.275s][info   ][gc          ] GC(1703) Pause Remark 1141M->1141M(2048M) 0.860ms
[24.275s][info   ][gc,cpu      ] GC(1703) User=0.00s Sys=0.00s Real=0.00s
[24.275s][info   ][gc,marking  ] GC(1703) Concurrent Mark 9.151ms
[24.275s][info   ][gc,marking  ] GC(1703) Concurrent Rebuild Remembered Sets
[24.281s][info   ][gc,marking  ] GC(1703) Concurrent Rebuild Remembered Sets 6.421ms
[24.282s][info   ][gc,start    ] GC(1703) Pause Cleanup
[24.283s][info   ][gc          ] GC(1703) Pause Cleanup 1253M->1253M(2048M) 0.275ms
[24.283s][info   ][gc,cpu      ] GC(1703) User=0.00s Sys=0.00s Real=0.00s
[24.283s][info   ][gc,marking  ] GC(1703) Concurrent Cleanup for Next Mark
[24.298s][info   ][gc,marking  ] GC(1703) Concurrent Cleanup for Next Mark 15.542ms
[24.299s][info   ][gc          ] GC(1703) Concurrent Mark Cycle 32.949ms
[24.300s][info   ][gc,start    ] GC(1704) Pause Young (Concurrent Start) (G1 Humongous Allocation)
[24.300s][info   ][gc,task     ] GC(1704) Using 4 workers of 4 for evacuation
[24.302s][info   ][gc,phases   ] GC(1704)   Pre Evacuate Collection Set: 0.3ms
[24.302s][info   ][gc,phases   ] GC(1704)   Merge Heap Roots: 0.3ms
[24.302s][info   ][gc,phases   ] GC(1704)   Evacuate Collection Set: 0.2ms
[24.302s][info   ][gc,phases   ] GC(1704)   Post Evacuate Collection Set: 0.6ms
[24.302s][info   ][gc,phases   ] GC(1704)   Other: 0.2ms
[24.302s][info   ][gc,heap     ] GC(1704) Eden regions: 0->0(725)
[24.302s][info   ][gc,heap     ] GC(1704) Survivor regions: 0->0(94)
[24.302s][info   ][gc,heap     ] GC(1704) Old regions: 1->1
[24.302s][info   ][gc,heap     ] GC(1704) Archive regions: 2->2
[24.302s][info   ][gc,heap     ] GC(1704) Humongous regions: 1448->1054
[24.302s][info   ][gc,metaspace] GC(1704) Metaspace: 158K(384K)->158K(384K) NonClass: 150K(256K)->150K(256K) Class: 8K(128K)->8K(128K)
[24.302s][info   ][gc          ] GC(1704) Pause Young (Concurrent Start) (G1 Humongous Allocation) 1449M->1055M(2048M) 1.676ms
[24.302s][info   ][gc,cpu      ] GC(1704) User=0.01s Sys=0.00s Real=0.00s
[24.302s][info   ][gc          ] GC(1705) Concurrent Mark Cycle
[24.302s][info   ][gc,marking  ] GC(1705) Concurrent Clear Claimed Marks
[24.302s][info   ][gc,marking  ] GC(1705) Concurrent Clear Claimed Marks 0.007ms
[24.302s][info   ][gc,marking  ] GC(1705) Concurrent Scan Root Regions
[24.302s][info   ][gc,marking  ] GC(1705) Concurrent Scan Root Regions 0.006ms
[24.302s][info   ][gc,marking  ] GC(1705) Concurrent Mark
[24.302s][info   ][gc,marking  ] GC(1705) Concurrent Mark From Roots
[24.302s][info   ][gc,task     ] GC(1705) Using 1 workers of 1 for marking
[24.309s][info   ][gc,marking  ] GC(1705) Concurrent Mark From Roots 7.143ms
[24.309s][info   ][gc,marking  ] GC(1705) Concurrent Preclean
[24.309s][info   ][gc,marking  ] GC(1705) Concurrent Preclean 0.127ms
[24.311s][info   ][gc,start    ] GC(1705) Pause Remark
[24.311s][info   ][gc          ] GC(1705) Pause Remark 1195M->1195M(2048M) 0.628ms
[24.311s][info   ][gc,cpu      ] GC(1705) User=0.00s Sys=0.00s Real=0.00s
[24.311s][info   ][gc,marking  ] GC(1705) Concurrent Mark 9.523ms
[24.311s][info   ][gc,marking  ] GC(1705) Concurrent Rebuild Remembered Sets
[24.318s][info   ][gc,marking  ] GC(1705) Concurrent Rebuild Remembered Sets 6.661ms
[24.319s][info   ][gc,start    ] GC(1705) Pause Cleanup
[24.320s][info   ][gc          ] GC(1705) Pause Cleanup 1303M->1303M(2048M) 0.241ms
[24.320s][info   ][gc,cpu      ] GC(1705) User=0.00s Sys=0.00s Real=0.00s
[24.320s][info   ][gc,marking  ] GC(1705) Concurrent Cleanup for Next Mark
[24.334s][info   ][gc,marking  ] GC(1705) Concurrent Cleanup for Next Mark 14.322ms
[24.334s][info   ][gc          ] GC(1705) Concurrent Mark Cycle 32.295ms
[24.336s][info   ][gc,start    ] GC(1706) Pause Young (Concurrent Start) (G1 Humongous Allocation)
[24.336s][info   ][gc,task     ] GC(1706) Using 4 workers of 4 for evacuation
[24.337s][info   ][gc,phases   ] GC(1706)   Pre Evacuate Collection Set: 0.3ms
[24.337s][info   ][gc,phases   ] GC(1706)   Merge Heap Roots: 0.2ms
[24.337s][info   ][gc,phases   ] GC(1706)   Evacuate Collection Set: 0.2ms
[24.337s][info   ][gc,phases   ] GC(1706)   Post Evacuate Collection Set: 0.6ms
[24.337s][info   ][gc,phases   ] GC(1706)   Other: 0.2ms
[24.337s][info   ][gc,heap     ] GC(1706) Eden regions: 0->0(714)
[24.337s][info   ][gc,heap     ] GC(1706) Survivor regions: 0->0(91)
[24.337s][info   ][gc,heap     ] GC(1706) Old regions: 1->1
[24.337s][info   ][gc,heap     ] GC(1706) Archive regions: 2->2
[24.337s][info   ][gc,heap     ] GC(1706) Humongous regions: 1472->1066
[24.337s][info   ][gc,metaspace] GC(1706) Metaspace: 158K(384K)->158K(384K) NonClass: 150K(256K)->150K(256K) Class: 8K(128K)->8K(128K)
[24.337s][info   ][gc          ] GC(1706) Pause Young (Concurrent Start) (G1 Humongous Allocation) 1473M->1067M(2048M) 1.507ms
[24.337s][info   ][gc,cpu      ] GC(1706) User=0.00s Sys=0.00s Real=0.00s
[24.337s][info   ][gc          ] GC(1707) Concurrent Mark Cycle
[24.337s][info   ][gc,marking  ] GC(1707) Concurrent Clear Claimed Marks
[24.337s][info   ][gc,marking  ] GC(1707) Concurrent Clear Claimed Marks 0.007ms
[24.337s][info   ][gc,marking  ] GC(1707) Concurrent Scan Root Regions
[24.337s][info   ][gc,marking  ] GC(1707) Concurrent Scan Root Regions 0.006ms
[24.337s][info   ][gc,marking  ] GC(1707) Concurrent Mark
[24.337s][info   ][gc,marking  ] GC(1707) Concurrent Mark From Roots
[24.337s][info   ][gc,task     ] GC(1707) Using 1 workers of 1 for marking
[24.344s][info   ][gc,marking  ] GC(1707) Concurrent Mark From Roots 6.662ms
[24.344s][info   ][gc,marking  ] GC(1707) Concurrent Preclean
[24.344s][info   ][gc,marking  ] GC(1707) Concurrent Preclean 0.099ms
[24.346s][info   ][gc,start    ] GC(1707) Pause Remark
[24.347s][info   ][gc          ] GC(1707) Pause Remark 1177M->1177M(2048M) 1.074ms
[24.347s][info   ][gc,cpu      ] GC(1707) User=0.00s Sys=0.00s Real=0.00s
[24.347s][info   ][gc,marking  ] GC(1707) Concurrent Mark 9.496ms
[24.347s][info   ][gc,marking  ] GC(1707) Concurrent Rebuild Remembered Sets
[24.353s][info   ][gc,marking  ] GC(1707) Concurrent Rebuild Remembered Sets 6.456ms
[24.354s][info   ][gc,start    ] GC(1707) Pause Cleanup
[24.354s][info   ][gc          ] GC(1707) Pause Cleanup 1291M->1291M(2048M) 0.270ms
[24.354s][info   ][gc,cpu      ] GC(1707) User=0.00s Sys=0.00s Real=0.00s
[24.354s][info   ][gc,marking  ] GC(1707) Concurrent Cleanup for Next Mark
[24.369s][info   ][gc,marking  ] GC(1707) Concurrent Cleanup for Next Mark 14.824ms
[24.369s][info   ][gc          ] GC(1707) Concurrent Mark Cycle 32.149ms
[24.370s][info   ][gc,start    ] GC(1708) Pause Young (Concurrent Start) (G1 Humongous Allocation)
[24.370s][info   ][gc,task     ] GC(1708) Using 4 workers of 4 for evacuation
[24.372s][info   ][gc,phases   ] GC(1708)   Pre Evacuate Collection Set: 0.2ms
[24.372s][info   ][gc,phases   ] GC(1708)   Merge Heap Roots: 0.2ms
[24.372s][info   ][gc,phases   ] GC(1708)   Evacuate Collection Set: 0.2ms
[24.372s][info   ][gc,phases   ] GC(1708)   Post Evacuate Collection Set: 0.6ms
[24.372s][info   ][gc,phases   ] GC(1708)   Other: 0.2ms
[24.372s][info   ][gc,heap     ] GC(1708) Eden regions: 0->0(761)
[24.372s][info   ][gc,heap     ] GC(1708) Survivor regions: 0->0(90)
[24.372s][info   ][gc,heap     ] GC(1708) Old regions: 1->1
[24.372s][info   ][gc,heap     ] GC(1708) Archive regions: 2->2
[24.372s][info   ][gc,heap     ] GC(1708) Humongous regions: 1458->1016
[24.372s][info   ][gc,metaspace] GC(1708) Metaspace: 158K(384K)->158K(384K) NonClass: 150K(256K)->150K(256K) Class: 8K(128K)->8K(128K)
[24.372s][info   ][gc          ] GC(1708) Pause Young (Concurrent Start) (G1 Humongous Allocation) 1459M->1017M(2048M) 1.542ms
[24.372s][info   ][gc,cpu      ] GC(1708) User=0.00s Sys=0.00s Real=0.00s
[24.372s][info   ][gc          ] GC(1709) Concurrent Mark Cycle
[24.372s][info   ][gc,marking  ] GC(1709) Concurrent Clear Claimed Marks
[24.372s][info   ][gc,marking  ] GC(1709) Concurrent Clear Claimed Marks 0.008ms
[24.372s][info   ][gc,marking  ] GC(1709) Concurrent Scan Root Regions
[24.372s][info   ][gc,marking  ] GC(1709) Concurrent Scan Root Regions 0.006ms
[24.372s][info   ][gc,marking  ] GC(1709) Concurrent Mark
[24.372s][info   ][gc,marking  ] GC(1709) Concurrent Mark From Roots
[24.372s][info   ][gc,task     ] GC(1709) Using 1 workers of 1 for marking
[24.380s][info   ][gc,marking  ] GC(1709) Concurrent Mark From Roots 7.506ms
[24.380s][info   ][gc,marking  ] GC(1709) Concurrent Preclean
[24.380s][info   ][gc,marking  ] GC(1709) Concurrent Preclean 0.105ms
[24.380s][info   ][gc,start    ] GC(1709) Pause Remark
[24.381s][info   ][gc          ] GC(1709) Pause Remark 1127M->1127M(2048M) 0.620ms
[24.381s][info   ][gc,cpu      ] GC(1709) User=0.00s Sys=0.00s Real=0.00s
[24.381s][info   ][gc,marking  ] GC(1709) Concurrent Mark 8.951ms
[24.381s][info   ][gc,marking  ] GC(1709) Concurrent Rebuild Remembered Sets
[24.388s][info   ][gc,marking  ] GC(1709) Concurrent Rebuild Remembered Sets 6.865ms
[24.389s][info   ][gc,start    ] GC(1709) Pause Cleanup
[24.389s][info   ][gc          ] GC(1709) Pause Cleanup 1257M->1257M(2048M) 0.253ms
[24.389s][info   ][gc,cpu      ] GC(1709) User=0.00s Sys=0.00s Real=0.00s
[24.389s][info   ][gc,marking  ] GC(1709) Concurrent Cleanup for Next Mark
[24.404s][info   ][gc,marking  ] GC(1709) Concurrent Cleanup for Next Mark 15.269ms
[24.405s][info   ][gc          ] GC(1709) Concurrent Mark Cycle 32.559ms
[24.405s][info   ][gc,start    ] GC(1710) Pause Young (Concurrent Start) (G1 Humongous Allocation)
[24.405s][info   ][gc,task     ] GC(1710) Using 4 workers of 4 for evacuation
[24.407s][info   ][gc,phases   ] GC(1710)   Pre Evacuate Collection Set: 0.2ms
[24.407s][info   ][gc,phases   ] GC(1710)   Merge Heap Roots: 0.2ms
[24.407s][info   ][gc,phases   ] GC(1710)   Evacuate Collection Set: 0.3ms
[24.407s][info   ][gc,phases   ] GC(1710)   Post Evacuate Collection Set: 0.6ms
[24.407s][info   ][gc,phases   ] GC(1710)   Other: 0.2ms
[24.407s][info   ][gc,heap     ] GC(1710) Eden regions: 0->0(794)
[24.407s][info   ][gc,heap     ] GC(1710) Survivor regions: 0->0(96)
[24.407s][info   ][gc,heap     ] GC(1710) Old regions: 1->1
[24.407s][info   ][gc,heap     ] GC(1710) Archive regions: 2->2
[24.407s][info   ][gc,heap     ] GC(1710) Humongous regions: 1436->980
[24.407s][info   ][gc,metaspace] GC(1710) Metaspace: 158K(384K)->158K(384K) NonClass: 150K(256K)->150K(256K) Class: 8K(128K)->8K(128K)
[24.407s][info   ][gc          ] GC(1710) Pause Young (Concurrent Start) (G1 Humongous Allocation) 1437M->981M(2048M) 1.564ms
[24.407s][info   ][gc,cpu      ] GC(1710) User=0.00s Sys=0.00s Real=0.00s
[24.407s][info   ][gc          ] GC(1711) Concurrent Mark Cycle
[24.407s][info   ][gc,marking  ] GC(1711) Concurrent Clear Claimed Marks
[24.407s][info   ][gc,marking  ] GC(1711) Concurrent Clear Claimed Marks 0.007ms
[24.407s][info   ][gc,marking  ] GC(1711) Concurrent Scan Root Regions
[24.407s][info   ][gc,marking  ] GC(1711) Concurrent Scan Root Regions 0.006ms
[24.407s][info   ][gc,marking  ] GC(1711) Concurrent Mark
[24.407s][info   ][gc,marking  ] GC(1711) Concurrent Mark From Roots
[24.407s][info   ][gc,task     ] GC(1711) Using 1 workers of 1 for marking
[24.414s][info   ][gc,marking  ] GC(1711) Concurrent Mark From Roots 7.324ms
[24.414s][info   ][gc,marking  ] GC(1711) Concurrent Preclean
[24.414s][info   ][gc,marking  ] GC(1711) Concurrent Preclean 0.117ms
[24.414s][info   ][gc,start    ] GC(1711) Pause Remark
[24.415s][info   ][gc          ] GC(1711) Pause Remark 1065M->1065M(2048M) 0.578ms
[24.415s][info   ][gc,cpu      ] GC(1711) User=0.00s Sys=0.00s Real=0.00s
[24.415s][info   ][gc,marking  ] GC(1711) Concurrent Mark 8.282ms
[24.415s][info   ][gc,marking  ] GC(1711) Concurrent Rebuild Remembered Sets
[24.420s][info   ][gc,marking  ] GC(1711) Concurrent Rebuild Remembered Sets 5.106ms
[24.421s][info   ][gc,start    ] GC(1711) Pause Cleanup
[24.421s][info   ][gc          ] GC(1711) Pause Cleanup 1147M->1147M(2048M) 0.181ms
[24.421s][info   ][gc,cpu      ] GC(1711) User=0.00s Sys=0.00s Real=0.00s
[24.421s][info   ][gc,marking  ] GC(1711) Concurrent Cleanup for Next Mark
[24.430s][info   ][gc,marking  ] GC(1711) Concurrent Cleanup for Next Mark 9.193ms
[24.430s][info   ][gc          ] GC(1711) Concurrent Mark Cycle 23.688ms
[24.431s][info   ][gc,start    ] GC(1712) Pause Young (Concurrent Start) (G1 Humongous Allocation)
[24.431s][info   ][gc,task     ] GC(1712) Using 4 workers of 4 for evacuation
[24.432s][info   ][gc,phases   ] GC(1712)   Pre Evacuate Collection Set: 0.3ms
[24.432s][info   ][gc,phases   ] GC(1712)   Merge Heap Roots: 0.2ms
[24.432s][info   ][gc,phases   ] GC(1712)   Evacuate Collection Set: 0.3ms
[24.432s][info   ][gc,phases   ] GC(1712)   Post Evacuate Collection Set: 0.5ms
[24.432s][info   ][gc,phases   ] GC(1712)   Other: 0.2ms
[24.432s][info   ][gc,heap     ] GC(1712) Eden regions: 0->0(785)
[24.432s][info   ][gc,heap     ] GC(1712) Survivor regions: 0->0(100)
[24.432s][info   ][gc,heap     ] GC(1712) Old regions: 1->1
[24.432s][info   ][gc,heap     ] GC(1712) Archive regions: 2->2
[24.432s][info   ][gc,heap     ] GC(1712) Humongous regions: 1228->990
[24.432s][info   ][gc,metaspace] GC(1712) Metaspace: 158K(384K)->158K(384K) NonClass: 150K(256K)->150K(256K) Class: 8K(128K)->8K(128K)
[24.432s][info   ][gc          ] GC(1712) Pause Young (Concurrent Start) (G1 Humongous Allocation) 1229M->991M(2048M) 1.535ms
[24.432s][info   ][gc,cpu      ] GC(1712) User=0.00s Sys=0.00s Real=0.00s
[24.432s][info   ][gc          ] GC(1713) Concurrent Mark Cycle
[24.432s][info   ][gc,marking  ] GC(1713) Concurrent Clear Claimed Marks
[24.432s][info   ][gc,marking  ] GC(1713) Concurrent Clear Claimed Marks 0.010ms
[24.432s][info   ][gc,marking  ] GC(1713) Concurrent Scan Root Regions
[24.432s][info   ][gc,marking  ] GC(1713) Concurrent Scan Root Regions 0.007ms
[24.432s][info   ][gc,marking  ] GC(1713) Concurrent Mark
[24.432s][info   ][gc,marking  ] GC(1713) Concurrent Mark From Roots
[24.432s][info   ][gc,task     ] GC(1713) Using 1 workers of 1 for marking
[24.439s][info   ][gc,marking  ] GC(1713) Concurrent Mark From Roots 6.546ms
[24.439s][info   ][gc,marking  ] GC(1713) Concurrent Preclean
[24.440s][info   ][gc,marking  ] GC(1713) Concurrent Preclean 0.596ms
[24.440s][info   ][gc,start    ] GC(1713) Pause Remark
[24.440s][info   ][gc          ] GC(1713) Pause Remark 1111M->1111M(2048M) 0.645ms
[24.440s][info   ][gc,cpu      ] GC(1713) User=0.00s Sys=0.01s Real=0.00s
[24.441s][info   ][gc,marking  ] GC(1713) Concurrent Mark 8.246ms
[24.441s][info   ][gc,marking  ] GC(1713) Concurrent Rebuild Remembered Sets
[24.446s][info   ][gc,marking  ] GC(1713) Concurrent Rebuild Remembered Sets 5.756ms
[24.447s][info   ][gc,start    ] GC(1713) Pause Cleanup
[24.447s][info   ][gc          ] GC(1713) Pause Cleanup 1211M->1211M(2048M) 0.253ms
[24.447s][info   ][gc,cpu      ] GC(1713) User=0.00s Sys=0.00s Real=0.00s
[24.447s][info   ][gc,marking  ] GC(1713) Concurrent Cleanup for Next Mark
[24.461s][info   ][gc,marking  ] GC(1713) Concurrent Cleanup for Next Mark 13.688ms
[24.461s][info   ][gc          ] GC(1713) Concurrent Mark Cycle 28.886ms
[24.462s][info   ][gc,start    ] GC(1714) Pause Young (Concurrent Start) (G1 Humongous Allocation)
[24.462s][info   ][gc,task     ] GC(1714) Using 4 workers of 4 for evacuation
[24.464s][info   ][gc,phases   ] GC(1714)   Pre Evacuate Collection Set: 0.5ms
[24.464s][info   ][gc,phases   ] GC(1714)   Merge Heap Roots: 0.3ms
[24.464s][info   ][gc,phases   ] GC(1714)   Evacuate Collection Set: 0.3ms
[24.464s][info   ][gc,phases   ] GC(1714)   Post Evacuate Collection Set: 0.6ms
[24.464s][info   ][gc,phases   ] GC(1714)   Other: 0.2ms
[24.464s][info   ][gc,heap     ] GC(1714) Eden regions: 0->0(807)
[24.464s][info   ][gc,heap     ] GC(1714) Survivor regions: 0->0(99)
[24.464s][info   ][gc,heap     ] GC(1714) Old regions: 1->1
[24.464s][info   ][gc,heap     ] GC(1714) Archive regions: 2->2
[24.464s][info   ][gc,heap     ] GC(1714) Humongous regions: 1368->966
[24.464s][info   ][gc,metaspace] GC(1714) Metaspace: 158K(384K)->158K(384K) NonClass: 150K(256K)->150K(256K) Class: 8K(128K)->8K(128K)
[24.464s][info   ][gc          ] GC(1714) Pause Young (Concurrent Start) (G1 Humongous Allocation) 1369M->967M(2048M) 1.953ms
[24.464s][info   ][gc,cpu      ] GC(1714) User=0.00s Sys=0.00s Real=0.00s
[24.464s][info   ][gc          ] GC(1715) Concurrent Mark Cycle
[24.464s][info   ][gc,marking  ] GC(1715) Concurrent Clear Claimed Marks
[24.464s][info   ][gc,marking  ] GC(1715) Concurrent Clear Claimed Marks 0.008ms
[24.464s][info   ][gc,marking  ] GC(1715) Concurrent Scan Root Regions
[24.464s][info   ][gc,marking  ] GC(1715) Concurrent Scan Root Regions 0.006ms
[24.464s][info   ][gc,marking  ] GC(1715) Concurrent Mark
[24.464s][info   ][gc,marking  ] GC(1715) Concurrent Mark From Roots
[24.464s][info   ][gc,task     ] GC(1715) Using 1 workers of 1 for marking
[24.471s][info   ][gc,marking  ] GC(1715) Concurrent Mark From Roots 7.050ms
[24.471s][info   ][gc,marking  ] GC(1715) Concurrent Preclean
[24.471s][info   ][gc,marking  ] GC(1715) Concurrent Preclean 0.084ms
[24.472s][info   ][gc,start    ] GC(1715) Pause Remark
[24.472s][info   ][gc          ] GC(1715) Pause Remark 1081M->1081M(2048M) 0.753ms
[24.472s][info   ][gc,cpu      ] GC(1715) User=0.00s Sys=0.00s Real=0.00s
[24.473s][info   ][gc,marking  ] GC(1715) Concurrent Mark 8.845ms
[24.473s][info   ][gc,marking  ] GC(1715) Concurrent Rebuild Remembered Sets
[24.478s][info   ][gc,marking  ] GC(1715) Concurrent Rebuild Remembered Sets 5.619ms
[24.479s][info   ][gc,start    ] GC(1715) Pause Cleanup
[24.479s][info   ][gc          ] GC(1715) Pause Cleanup 1181M->1181M(2048M) 0.277ms
[24.479s][info   ][gc,cpu      ] GC(1715) User=0.00s Sys=0.00s Real=0.00s
[24.479s][info   ][gc,marking  ] GC(1715) Concurrent Cleanup for Next Mark
[24.493s][info   ][gc,marking  ] GC(1715) Concurrent Cleanup for Next Mark 14.064ms
[24.494s][info   ][gc          ] GC(1715) Concurrent Mark Cycle 30.166ms
[24.494s][info   ][gc,start    ] GC(1716) Pause Young (Concurrent Start) (G1 Humongous Allocation)
[24.494s][info   ][gc,task     ] GC(1716) Using 4 workers of 4 for evacuation
[24.496s][info   ][gc,phases   ] GC(1716)   Pre Evacuate Collection Set: 0.2ms
[24.496s][info   ][gc,phases   ] GC(1716)   Merge Heap Roots: 0.2ms
[24.496s][info   ][gc,phases   ] GC(1716)   Evacuate Collection Set: 0.6ms
[24.496s][info   ][gc,phases   ] GC(1716)   Post Evacuate Collection Set: 0.6ms
[24.496s][info   ][gc,phases   ] GC(1716)   Other: 0.2ms
[24.496s][info   ][gc,heap     ] GC(1716) Eden regions: 0->0(785)
[24.496s][info   ][gc,heap     ] GC(1716) Survivor regions: 0->0(101)
[24.496s][info   ][gc,heap     ] GC(1716) Old regions: 1->1
[24.496s][info   ][gc,heap     ] GC(1716) Archive regions: 2->2
[24.496s][info   ][gc,heap     ] GC(1716) Humongous regions: 1348->990
[24.496s][info   ][gc,metaspace] GC(1716) Metaspace: 158K(384K)->158K(384K) NonClass: 150K(256K)->150K(256K) Class: 8K(128K)->8K(128K)
[24.496s][info   ][gc          ] GC(1716) Pause Young (Concurrent Start) (G1 Humongous Allocation) 1349M->991M(2048M) 1.848ms
[24.496s][info   ][gc,cpu      ] GC(1716) User=0.00s Sys=0.00s Real=0.00s
[24.496s][info   ][gc          ] GC(1717) Concurrent Mark Cycle
[24.496s][info   ][gc,marking  ] GC(1717) Concurrent Clear Claimed Marks
[24.496s][info   ][gc,marking  ] GC(1717) Concurrent Clear Claimed Marks 0.007ms
[24.496s][info   ][gc,marking  ] GC(1717) Concurrent Scan Root Regions
[24.496s][info   ][gc,marking  ] GC(1717) Concurrent Scan Root Regions 0.006ms
[24.496s][info   ][gc,marking  ] GC(1717) Concurrent Mark
[24.496s][info   ][gc,marking  ] GC(1717) Concurrent Mark From Roots
[24.496s][info   ][gc,task     ] GC(1717) Using 1 workers of 1 for marking
[24.502s][info   ][gc,marking  ] GC(1717) Concurrent Mark From Roots 5.808ms
[24.502s][info   ][gc,marking  ] GC(1717) Concurrent Preclean
[24.507s][info   ][gc,marking  ] GC(1717) Concurrent Preclean 4.275ms
[24.507s][info   ][gc,start    ] GC(1717) Pause Remark
[24.508s][info   ][gc          ] GC(1717) Pause Remark 1119M->1119M(2048M) 0.668ms
[24.508s][info   ][gc,cpu      ] GC(1717) User=0.00s Sys=0.00s Real=0.00s
[24.508s][info   ][gc,marking  ] GC(1717) Concurrent Mark 11.575ms
[24.508s][info   ][gc,marking  ] GC(1717) Concurrent Rebuild Remembered Sets
[24.514s][info   ][gc,marking  ] GC(1717) Concurrent Rebuild Remembered Sets 6.446ms
[24.515s][info   ][gc,start    ] GC(1717) Pause Cleanup
[24.515s][info   ][gc          ] GC(1717) Pause Cleanup 1217M->1217M(2048M) 0.246ms
[24.515s][info   ][gc,cpu      ] GC(1717) User=0.00s Sys=0.00s Real=0.00s
[24.515s][info   ][gc,marking  ] GC(1717) Concurrent Cleanup for Next Mark
[24.531s][info   ][gc,marking  ] GC(1717) Concurrent Cleanup for Next Mark 15.463ms
[24.531s][info   ][gc          ] GC(1717) Concurrent Mark Cycle 34.694ms
[24.532s][info   ][gc,start    ] GC(1718) Pause Young (Concurrent Start) (G1 Humongous Allocation)
[24.532s][info   ][gc,task     ] GC(1718) Using 4 workers of 4 for evacuation
[24.534s][info   ][gc,phases   ] GC(1718)   Pre Evacuate Collection Set: 0.2ms
[24.534s][info   ][gc,phases   ] GC(1718)   Merge Heap Roots: 0.3ms
[24.534s][info   ][gc,phases   ] GC(1718)   Evacuate Collection Set: 0.4ms
[24.534s][info   ][gc,phases   ] GC(1718)   Post Evacuate Collection Set: 0.7ms
[24.534s][info   ][gc,phases   ] GC(1718)   Other: 0.2ms
[24.534s][info   ][gc,heap     ] GC(1718) Eden regions: 0->0(779)
[24.534s][info   ][gc,heap     ] GC(1718) Survivor regions: 0->0(99)
[24.534s][info   ][gc,heap     ] GC(1718) Old regions: 1->1
[24.534s][info   ][gc,heap     ] GC(1718) Archive regions: 2->2
[24.534s][info   ][gc,heap     ] GC(1718) Humongous regions: 1398->996
[24.534s][info   ][gc,metaspace] GC(1718) Metaspace: 158K(384K)->158K(384K) NonClass: 150K(256K)->150K(256K) Class: 8K(128K)->8K(128K)
[24.534s][info   ][gc          ] GC(1718) Pause Young (Concurrent Start) (G1 Humongous Allocation) 1399M->997M(2048M) 1.966ms
[24.534s][info   ][gc,cpu      ] GC(1718) User=0.00s Sys=0.00s Real=0.00s
[24.534s][info   ][gc          ] GC(1719) Concurrent Mark Cycle
[24.534s][info   ][gc,marking  ] GC(1719) Concurrent Clear Claimed Marks
[24.534s][info   ][gc,marking  ] GC(1719) Concurrent Clear Claimed Marks 0.008ms
[24.534s][info   ][gc,marking  ] GC(1719) Concurrent Scan Root Regions
[24.534s][info   ][gc,marking  ] GC(1719) Concurrent Scan Root Regions 0.006ms
[24.534s][info   ][gc,marking  ] GC(1719) Concurrent Mark
[24.534s][info   ][gc,marking  ] GC(1719) Concurrent Mark From Roots
[24.534s][info   ][gc,task     ] GC(1719) Using 1 workers of 1 for marking
[24.542s][info   ][gc,marking  ] GC(1719) Concurrent Mark From Roots 7.667ms
[24.542s][info   ][gc,marking  ] GC(1719) Concurrent Preclean
[24.542s][info   ][gc,marking  ] GC(1719) Concurrent Preclean 0.092ms
[24.543s][info   ][gc,start    ] GC(1719) Pause Remark
[24.544s][info   ][gc          ] GC(1719) Pause Remark 1133M->1133M(2048M) 0.629ms
[24.544s][info   ][gc,cpu      ] GC(1719) User=0.01s Sys=0.00s Real=0.00s
[24.544s][info   ][gc,marking  ] GC(1719) Concurrent Mark 9.662ms
[24.544s][info   ][gc,marking  ] GC(1719) Concurrent Rebuild Remembered Sets
[24.551s][info   ][gc,marking  ] GC(1719) Concurrent Rebuild Remembered Sets 7.286ms
[24.553s][info   ][gc,start    ] GC(1719) Pause Cleanup
[24.553s][info   ][gc          ] GC(1719) Pause Cleanup 1247M->1247M(2048M) 0.203ms
[24.553s][info   ][gc,cpu      ] GC(1719) User=0.00s Sys=0.00s Real=0.00s
[24.553s][info   ][gc,marking  ] GC(1719) Concurrent Cleanup for Next Mark
[24.566s][info   ][gc,marking  ] GC(1719) Concurrent Cleanup for Next Mark 13.221ms
[24.566s][info   ][gc          ] GC(1719) Concurrent Mark Cycle 31.973ms
[24.567s][info   ][gc,start    ] GC(1720) Pause Young (Concurrent Start) (G1 Humongous Allocation)
[24.567s][info   ][gc,task     ] GC(1720) Using 4 workers of 4 for evacuation
[24.569s][info   ][gc,phases   ] GC(1720)   Pre Evacuate Collection Set: 0.2ms
[24.569s][info   ][gc,phases   ] GC(1720)   Merge Heap Roots: 0.3ms
[24.569s][info   ][gc,phases   ] GC(1720)   Evacuate Collection Set: 0.3ms
[24.569s][info   ][gc,phases   ] GC(1720)   Post Evacuate Collection Set: 0.6ms
[24.569s][info   ][gc,phases   ] GC(1720)   Other: 0.2ms
[24.569s][info   ][gc,heap     ] GC(1720) Eden regions: 0->0(783)
[24.569s][info   ][gc,heap     ] GC(1720) Survivor regions: 0->0(98)
[24.569s][info   ][gc,heap     ] GC(1720) Old regions: 1->1
[24.569s][info   ][gc,heap     ] GC(1720) Archive regions: 2->2
[24.569s][info   ][gc,heap     ] GC(1720) Humongous regions: 1404->992
[24.569s][info   ][gc,metaspace] GC(1720) Metaspace: 158K(384K)->158K(384K) NonClass: 150K(256K)->150K(256K) Class: 8K(128K)->8K(128K)
[24.569s][info   ][gc          ] GC(1720) Pause Young (Concurrent Start) (G1 Humongous Allocation) 1405M->993M(2048M) 1.505ms
[24.569s][info   ][gc,cpu      ] GC(1720) User=0.00s Sys=0.00s Real=0.01s
[24.569s][info   ][gc          ] GC(1721) Concurrent Mark Cycle
[24.569s][info   ][gc,marking  ] GC(1721) Concurrent Clear Claimed Marks
[24.569s][info   ][gc,marking  ] GC(1721) Concurrent Clear Claimed Marks 0.007ms
[24.569s][info   ][gc,marking  ] GC(1721) Concurrent Scan Root Regions
[24.569s][info   ][gc,marking  ] GC(1721) Concurrent Scan Root Regions 0.006ms
[24.569s][info   ][gc,marking  ] GC(1721) Concurrent Mark
[24.569s][info   ][gc,marking  ] GC(1721) Concurrent Mark From Roots
[24.569s][info   ][gc,task     ] GC(1721) Using 1 workers of 1 for marking
[24.576s][info   ][gc,marking  ] GC(1721) Concurrent Mark From Roots 7.131ms
[24.576s][info   ][gc,marking  ] GC(1721) Concurrent Preclean
[24.576s][info   ][gc,marking  ] GC(1721) Concurrent Preclean 0.085ms
[24.577s][info   ][gc,start    ] GC(1721) Pause Remark
[24.578s][info   ][gc          ] GC(1721) Pause Remark 1127M->1127M(2048M) 0.583ms
[24.578s][info   ][gc,cpu      ] GC(1721) User=0.00s Sys=0.00s Real=0.01s
[24.578s][info   ][gc,marking  ] GC(1721) Concurrent Mark 8.973ms
[24.578s][info   ][gc,marking  ] GC(1721) Concurrent Rebuild Remembered Sets
[24.585s][info   ][gc,marking  ] GC(1721) Concurrent Rebuild Remembered Sets 6.492ms
[24.587s][info   ][gc,start    ] GC(1721) Pause Cleanup
[24.587s][info   ][gc          ] GC(1721) Pause Cleanup 1217M->1217M(2048M) 0.312ms
[24.587s][info   ][gc,cpu      ] GC(1721) User=0.00s Sys=0.00s Real=0.00s
[24.588s][info   ][gc,marking  ] GC(1721) Concurrent Cleanup for Next Mark
[24.602s][info   ][gc,marking  ] GC(1721) Concurrent Cleanup for Next Mark 14.481ms
[24.602s][info   ][gc          ] GC(1721) Concurrent Mark Cycle 33.430ms
[24.604s][info   ][gc,start    ] GC(1722) Pause Young (Concurrent Start) (G1 Humongous Allocation)
[24.604s][info   ][gc,task     ] GC(1722) Using 4 workers of 4 for evacuation
[24.606s][info   ][gc,phases   ] GC(1722)   Pre Evacuate Collection Set: 0.4ms
[24.606s][info   ][gc,phases   ] GC(1722)   Merge Heap Roots: 0.3ms
[24.606s][info   ][gc,phases   ] GC(1722)   Evacuate Collection Set: 0.5ms
[24.606s][info   ][gc,phases   ] GC(1722)   Post Evacuate Collection Set: 1.0ms
[24.606s][info   ][gc,phases   ] GC(1722)   Other: 0.2ms
[24.606s][info   ][gc,heap     ] GC(1722) Eden regions: 0->0(779)
[24.606s][info   ][gc,heap     ] GC(1722) Survivor regions: 0->0(98)
[24.606s][info   ][gc,heap     ] GC(1722) Old regions: 1->1
[24.606s][info   ][gc,heap     ] GC(1722) Archive regions: 2->2
[24.606s][info   ][gc,heap     ] GC(1722) Humongous regions: 1370->996
[24.606s][info   ][gc,metaspace] GC(1722) Metaspace: 158K(384K)->158K(384K) NonClass: 150K(256K)->150K(256K) Class: 8K(128K)->8K(128K)
[24.607s][info   ][gc          ] GC(1722) Pause Young (Concurrent Start) (G1 Humongous Allocation) 1371M->997M(2048M) 2.460ms
[24.607s][info   ][gc,cpu      ] GC(1722) User=0.01s Sys=0.00s Real=0.00s
[24.607s][info   ][gc          ] GC(1723) Concurrent Mark Cycle
[24.607s][info   ][gc,marking  ] GC(1723) Concurrent Clear Claimed Marks
[24.607s][info   ][gc,marking  ] GC(1723) Concurrent Clear Claimed Marks 0.013ms
[24.607s][info   ][gc,marking  ] GC(1723) Concurrent Scan Root Regions
[24.607s][info   ][gc,marking  ] GC(1723) Concurrent Scan Root Regions 0.009ms
[24.607s][info   ][gc,marking  ] GC(1723) Concurrent Mark
[24.607s][info   ][gc,marking  ] GC(1723) Concurrent Mark From Roots
[24.607s][info   ][gc,task     ] GC(1723) Using 1 workers of 1 for marking
[24.621s][info   ][gc,marking  ] GC(1723) Concurrent Mark From Roots 14.499ms
[24.621s][info   ][gc,marking  ] GC(1723) Concurrent Preclean
[24.622s][info   ][gc,marking  ] GC(1723) Concurrent Preclean 0.117ms
[24.622s][info   ][gc,start    ] GC(1723) Pause Remark
[24.623s][info   ][gc          ] GC(1723) Pause Remark 1145M->1145M(2048M) 0.913ms
[24.623s][info   ][gc,cpu      ] GC(1723) User=0.00s Sys=0.00s Real=0.00s
[24.623s][info   ][gc,marking  ] GC(1723) Concurrent Mark 16.741ms
[24.623s][info   ][gc,marking  ] GC(1723) Concurrent Rebuild Remembered Sets
[24.634s][info   ][gc,marking  ] GC(1723) Concurrent Rebuild Remembered Sets 10.265ms
[24.635s][info   ][gc,start    ] GC(1723) Pause Cleanup
[24.636s][info   ][gc          ] GC(1723) Pause Cleanup 1289M->1289M(2048M) 0.585ms
[24.636s][info   ][gc,cpu      ] GC(1723) User=0.00s Sys=0.00s Real=0.00s
[24.636s][info   ][gc,marking  ] GC(1723) Concurrent Cleanup for Next Mark
[24.653s][info   ][gc,marking  ] GC(1723) Concurrent Cleanup for Next Mark 16.560ms
[24.653s][info   ][gc          ] GC(1723) Concurrent Mark Cycle 46.168ms
[24.654s][info   ][gc,start    ] GC(1724) Pause Young (Concurrent Start) (G1 Humongous Allocation)
[24.654s][info   ][gc,task     ] GC(1724) Using 4 workers of 4 for evacuation
[24.657s][info   ][gc,phases   ] GC(1724)   Pre Evacuate Collection Set: 0.3ms
[24.657s][info   ][gc,phases   ] GC(1724)   Merge Heap Roots: 0.3ms
[24.657s][info   ][gc,phases   ] GC(1724)   Evacuate Collection Set: 0.3ms
[24.657s][info   ][gc,phases   ] GC(1724)   Post Evacuate Collection Set: 1.3ms
[24.657s][info   ][gc,phases   ] GC(1724)   Other: 0.3ms
[24.657s][info   ][gc,heap     ] GC(1724) Eden regions: 0->0(746)
[24.657s][info   ][gc,heap     ] GC(1724) Survivor regions: 0->0(98)
[24.657s][info   ][gc,heap     ] GC(1724) Old regions: 1->1
[24.657s][info   ][gc,heap     ] GC(1724) Archive regions: 2->2
[24.657s][info   ][gc,heap     ] GC(1724) Humongous regions: 1474->1032
[24.657s][info   ][gc,metaspace] GC(1724) Metaspace: 158K(384K)->158K(384K) NonClass: 150K(256K)->150K(256K) Class: 8K(128K)->8K(128K)
[24.657s][info   ][gc          ] GC(1724) Pause Young (Concurrent Start) (G1 Humongous Allocation) 1475M->1033M(2048M) 2.569ms
[24.657s][info   ][gc,cpu      ] GC(1724) User=0.00s Sys=0.00s Real=0.00s
[24.657s][info   ][gc          ] GC(1725) Concurrent Mark Cycle
[24.657s][info   ][gc,marking  ] GC(1725) Concurrent Clear Claimed Marks
[24.657s][info   ][gc,marking  ] GC(1725) Concurrent Clear Claimed Marks 0.014ms
[24.657s][info   ][gc,marking  ] GC(1725) Concurrent Scan Root Regions
[24.657s][info   ][gc,marking  ] GC(1725) Concurrent Scan Root Regions 0.007ms
[24.657s][info   ][gc,marking  ] GC(1725) Concurrent Mark
[24.657s][info   ][gc,marking  ] GC(1725) Concurrent Mark From Roots
[24.657s][info   ][gc,task     ] GC(1725) Using 1 workers of 1 for marking
[24.678s][info   ][gc,marking  ] GC(1725) Concurrent Mark From Roots 21.300ms
[24.679s][info   ][gc,marking  ] GC(1725) Concurrent Preclean
[24.679s][info   ][gc,marking  ] GC(1725) Concurrent Preclean 0.175ms
[24.686s][info   ][gc,start    ] GC(1725) Pause Remark
[24.688s][info   ][gc          ] GC(1725) Pause Remark 1413M->1413M(2048M) 1.233ms
[24.688s][info   ][gc,cpu      ] GC(1725) User=0.00s Sys=0.00s Real=0.00s
[24.688s][info   ][gc,marking  ] GC(1725) Concurrent Mark 30.741ms
[24.688s][info   ][gc,marking  ] GC(1725) Concurrent Rebuild Remembered Sets
[24.701s][info   ][gc,marking  ] GC(1725) Concurrent Rebuild Remembered Sets 13.530ms
[24.705s][info   ][gc,start    ] GC(1725) Pause Cleanup
[24.705s][info   ][gc          ] GC(1725) Pause Cleanup 1527M->1527M(2048M) 0.392ms
[24.705s][info   ][gc,cpu      ] GC(1725) User=0.00s Sys=0.00s Real=0.00s
[24.705s][info   ][gc,marking  ] GC(1725) Concurrent Cleanup for Next Mark
[24.719s][info   ][gc,marking  ] GC(1725) Concurrent Cleanup for Next Mark 13.767ms
[24.719s][info   ][gc          ] GC(1725) Concurrent Mark Cycle 62.457ms
[24.721s][info   ][gc,start    ] GC(1726) Pause Young (Concurrent Start) (G1 Humongous Allocation)
[24.721s][info   ][gc,task     ] GC(1726) Using 4 workers of 4 for evacuation
[24.724s][info   ][gc,phases   ] GC(1726)   Pre Evacuate Collection Set: 0.3ms
[24.724s][info   ][gc,phases   ] GC(1726)   Merge Heap Roots: 0.3ms
[24.724s][info   ][gc,phases   ] GC(1726)   Evacuate Collection Set: 0.6ms
[24.724s][info   ][gc,phases   ] GC(1726)   Post Evacuate Collection Set: 1.0ms
[24.724s][info   ][gc,phases   ] GC(1726)   Other: 0.3ms
[24.724s][info   ][gc,heap     ] GC(1726) Eden regions: 0->0(735)
[24.724s][info   ][gc,heap     ] GC(1726) Survivor regions: 0->0(94)
[24.724s][info   ][gc,heap     ] GC(1726) Old regions: 1->1
[24.724s][info   ][gc,heap     ] GC(1726) Archive regions: 2->2
[24.724s][info   ][gc,heap     ] GC(1726) Humongous regions: 1606->1044
[24.724s][info   ][gc,metaspace] GC(1726) Metaspace: 158K(384K)->158K(384K) NonClass: 150K(256K)->150K(256K) Class: 8K(128K)->8K(128K)
[24.724s][info   ][gc          ] GC(1726) Pause Young (Concurrent Start) (G1 Humongous Allocation) 1607M->1045M(2048M) 2.626ms
[24.724s][info   ][gc,cpu      ] GC(1726) User=0.00s Sys=0.00s Real=0.00s
[24.724s][info   ][gc          ] GC(1727) Concurrent Mark Cycle
[24.724s][info   ][gc,marking  ] GC(1727) Concurrent Clear Claimed Marks
[24.724s][info   ][gc,marking  ] GC(1727) Concurrent Clear Claimed Marks 0.011ms
[24.724s][info   ][gc,marking  ] GC(1727) Concurrent Scan Root Regions
[24.724s][info   ][gc,marking  ] GC(1727) Concurrent Scan Root Regions 0.017ms
[24.724s][info   ][gc,marking  ] GC(1727) Concurrent Mark
[24.724s][info   ][gc,marking  ] GC(1727) Concurrent Mark From Roots
[24.724s][info   ][gc,task     ] GC(1727) Using 1 workers of 1 for marking
[24.741s][info   ][gc,marking  ] GC(1727) Concurrent Mark From Roots 16.357ms
[24.741s][info   ][gc,marking  ] GC(1727) Concurrent Preclean
[24.741s][info   ][gc,marking  ] GC(1727) Concurrent Preclean 0.105ms
[24.742s][info   ][gc,start    ] GC(1727) Pause Remark
[24.743s][info   ][gc          ] GC(1727) Pause Remark 1251M->1251M(2048M) 1.340ms
[24.743s][info   ][gc,cpu      ] GC(1727) User=0.00s Sys=0.00s Real=0.00s
[24.743s][info   ][gc,marking  ] GC(1727) Concurrent Mark 19.269ms
[24.744s][info   ][gc,marking  ] GC(1727) Concurrent Rebuild Remembered Sets
[24.763s][info   ][gc,marking  ] GC(1727) Concurrent Rebuild Remembered Sets 19.061ms
[24.764s][info   ][gc,start    ] GC(1727) Pause Cleanup
[24.764s][info   ][gc          ] GC(1727) Pause Cleanup 1511M->1511M(2048M) 0.314ms
[24.764s][info   ][gc,cpu      ] GC(1727) User=0.00s Sys=0.00s Real=0.00s
[24.764s][info   ][gc,marking  ] GC(1727) Concurrent Cleanup for Next Mark
[24.787s][info   ][gc,marking  ] GC(1727) Concurrent Cleanup for Next Mark 22.658ms
[24.787s][info   ][gc          ] GC(1727) Concurrent Mark Cycle 63.088ms
[24.789s][info   ][gc,start    ] GC(1728) Pause Young (Concurrent Start) (G1 Humongous Allocation)
[24.789s][info   ][gc,task     ] GC(1728) Using 4 workers of 4 for evacuation
[24.791s][info   ][gc,phases   ] GC(1728)   Pre Evacuate Collection Set: 0.2ms
[24.791s][info   ][gc,phases   ] GC(1728)   Merge Heap Roots: 0.3ms
[24.791s][info   ][gc,phases   ] GC(1728)   Evacuate Collection Set: 0.3ms
[24.791s][info   ][gc,phases   ] GC(1728)   Post Evacuate Collection Set: 0.9ms
[24.791s][info   ][gc,phases   ] GC(1728)   Other: 0.2ms
[24.791s][info   ][gc,heap     ] GC(1728) Eden regions: 0->0(759)
[24.791s][info   ][gc,heap     ] GC(1728) Survivor regions: 0->0(92)
[24.791s][info   ][gc,heap     ] GC(1728) Old regions: 1->1
[24.791s][info   ][gc,heap     ] GC(1728) Archive regions: 2->2
[24.791s][info   ][gc,heap     ] GC(1728) Humongous regions: 1708->1018
[24.791s][info   ][gc,metaspace] GC(1728) Metaspace: 158K(384K)->158K(384K) NonClass: 150K(256K)->150K(256K) Class: 8K(128K)->8K(128K)
[24.791s][info   ][gc          ] GC(1728) Pause Young (Concurrent Start) (G1 Humongous Allocation) 1709M->1019M(2048M) 1.915ms
[24.791s][info   ][gc,cpu      ] GC(1728) User=0.00s Sys=0.00s Real=0.00s
[24.791s][info   ][gc          ] GC(1729) Concurrent Mark Cycle
[24.791s][info   ][gc,marking  ] GC(1729) Concurrent Clear Claimed Marks
[24.791s][info   ][gc,marking  ] GC(1729) Concurrent Clear Claimed Marks 0.009ms
[24.791s][info   ][gc,marking  ] GC(1729) Concurrent Scan Root Regions
[24.792s][info   ][gc,marking  ] GC(1729) Concurrent Scan Root Regions 0.007ms
[24.792s][info   ][gc,marking  ] GC(1729) Concurrent Mark
[24.792s][info   ][gc,marking  ] GC(1729) Concurrent Mark From Roots
[24.792s][info   ][gc,task     ] GC(1729) Using 1 workers of 1 for marking
[24.806s][info   ][gc,marking  ] GC(1729) Concurrent Mark From Roots 14.916ms
[24.807s][info   ][gc,marking  ] GC(1729) Concurrent Preclean
[24.807s][info   ][gc,marking  ] GC(1729) Concurrent Preclean 0.115ms
[24.807s][info   ][gc,start    ] GC(1729) Pause Remark
[24.808s][info   ][gc          ] GC(1729) Pause Remark 1215M->1215M(2048M) 0.625ms
[24.808s][info   ][gc,cpu      ] GC(1729) User=0.00s Sys=0.00s Real=0.00s
[24.808s][info   ][gc,marking  ] GC(1729) Concurrent Mark 16.442ms
[24.808s][info   ][gc,marking  ] GC(1729) Concurrent Rebuild Remembered Sets
[24.817s][info   ][gc,marking  ] GC(1729) Concurrent Rebuild Remembered Sets 8.784ms
[24.818s][info   ][gc,start    ] GC(1729) Pause Cleanup
[24.818s][info   ][gc          ] GC(1729) Pause Cleanup 1361M->1361M(2048M) 0.268ms
[24.818s][info   ][gc,cpu      ] GC(1729) User=0.00s Sys=0.00s Real=0.01s
[24.818s][info   ][gc,marking  ] GC(1729) Concurrent Cleanup for Next Mark
[24.843s][info   ][gc,marking  ] GC(1729) Concurrent Cleanup for Next Mark 24.699ms
[24.843s][info   ][gc          ] GC(1729) Concurrent Mark Cycle 51.607ms
[24.844s][info   ][gc,start    ] GC(1730) Pause Young (Concurrent Start) (G1 Humongous Allocation)
[24.844s][info   ][gc,task     ] GC(1730) Using 4 workers of 4 for evacuation
[24.846s][info   ][gc,phases   ] GC(1730)   Pre Evacuate Collection Set: 0.2ms
[24.846s][info   ][gc,phases   ] GC(1730)   Merge Heap Roots: 0.2ms
[24.846s][info   ][gc,phases   ] GC(1730)   Evacuate Collection Set: 0.2ms
[24.846s][info   ][gc,phases   ] GC(1730)   Post Evacuate Collection Set: 0.9ms
[24.846s][info   ][gc,phases   ] GC(1730)   Other: 0.2ms
[24.846s][info   ][gc,heap     ] GC(1730) Eden regions: 0->0(692)
[24.846s][info   ][gc,heap     ] GC(1730) Survivor regions: 0->0(95)
[24.846s][info   ][gc,heap     ] GC(1730) Old regions: 1->1
[24.846s][info   ][gc,heap     ] GC(1730) Archive regions: 2->2
[24.846s][info   ][gc,heap     ] GC(1730) Humongous regions: 1696->1090
[24.846s][info   ][gc,metaspace] GC(1730) Metaspace: 158K(384K)->158K(384K) NonClass: 150K(256K)->150K(256K) Class: 8K(128K)->8K(128K)
[24.846s][info   ][gc          ] GC(1730) Pause Young (Concurrent Start) (G1 Humongous Allocation) 1697M->1091M(2048M) 1.842ms
[24.846s][info   ][gc,cpu      ] GC(1730) User=0.00s Sys=0.00s Real=0.00s
[24.846s][info   ][gc          ] GC(1731) Concurrent Mark Cycle
[24.846s][info   ][gc,marking  ] GC(1731) Concurrent Clear Claimed Marks
[24.846s][info   ][gc,marking  ] GC(1731) Concurrent Clear Claimed Marks 0.006ms
[24.846s][info   ][gc,marking  ] GC(1731) Concurrent Scan Root Regions
[24.846s][info   ][gc,marking  ] GC(1731) Concurrent Scan Root Regions 0.005ms
[24.846s][info   ][gc,marking  ] GC(1731) Concurrent Mark
[24.846s][info   ][gc,marking  ] GC(1731) Concurrent Mark From Roots
[24.846s][info   ][gc,task     ] GC(1731) Using 1 workers of 1 for marking
[24.861s][info   ][gc,marking  ] GC(1731) Concurrent Mark From Roots 14.686ms
[24.861s][info   ][gc,marking  ] GC(1731) Concurrent Preclean
[24.861s][info   ][gc,marking  ] GC(1731) Concurrent Preclean 0.077ms
[24.861s][info   ][gc,start    ] GC(1731) Pause Remark
[24.862s][info   ][gc          ] GC(1731) Pause Remark 1313M->1313M(2048M) 0.579ms
[24.862s][info   ][gc,cpu      ] GC(1731) User=0.00s Sys=0.00s Real=0.00s
[24.862s][info   ][gc,marking  ] GC(1731) Concurrent Mark 15.793ms
[24.862s][info   ][gc,marking  ] GC(1731) Concurrent Rebuild Remembered Sets
[24.869s][info   ][gc,marking  ] GC(1731) Concurrent Rebuild Remembered Sets 7.253ms
[24.870s][info   ][gc,start    ] GC(1731) Pause Cleanup
[24.870s][info   ][gc          ] GC(1731) Pause Cleanup 1437M->1437M(2048M) 0.207ms
[24.871s][info   ][gc,cpu      ] GC(1731) User=0.00s Sys=0.00s Real=0.00s
[24.871s][info   ][gc,marking  ] GC(1731) Concurrent Cleanup for Next Mark
[24.896s][info   ][gc,marking  ] GC(1731) Concurrent Cleanup for Next Mark 25.604ms
[24.896s][info   ][gc          ] GC(1731) Concurrent Mark Cycle 50.342ms
[24.898s][info   ][gc,start    ] GC(1732) Pause Young (Concurrent Start) (G1 Humongous Allocation)
[24.898s][info   ][gc,task     ] GC(1732) Using 4 workers of 4 for evacuation
[24.900s][info   ][gc,phases   ] GC(1732)   Pre Evacuate Collection Set: 0.3ms
[24.900s][info   ][gc,phases   ] GC(1732)   Merge Heap Roots: 0.3ms
[24.900s][info   ][gc,phases   ] GC(1732)   Evacuate Collection Set: 0.2ms
[24.900s][info   ][gc,phases   ] GC(1732)   Post Evacuate Collection Set: 0.7ms
[24.900s][info   ][gc,phases   ] GC(1732)   Other: 0.2ms
[24.900s][info   ][gc,heap     ] GC(1732) Eden regions: 0->0(727)
[24.900s][info   ][gc,heap     ] GC(1732) Survivor regions: 0->0(87)
[24.900s][info   ][gc,heap     ] GC(1732) Old regions: 1->1
[24.900s][info   ][gc,heap     ] GC(1732) Archive regions: 2->2
[24.900s][info   ][gc,heap     ] GC(1732) Humongous regions: 1758->1052
[24.900s][info   ][gc,metaspace] GC(1732) Metaspace: 158K(384K)->158K(384K) NonClass: 150K(256K)->150K(256K) Class: 8K(128K)->8K(128K)
[24.900s][info   ][gc          ] GC(1732) Pause Young (Concurrent Start) (G1 Humongous Allocation) 1759M->1053M(2048M) 1.729ms
[24.900s][info   ][gc,cpu      ] GC(1732) User=0.00s Sys=0.00s Real=0.01s
[24.900s][info   ][gc          ] GC(1733) Concurrent Mark Cycle
[24.900s][info   ][gc,marking  ] GC(1733) Concurrent Clear Claimed Marks
[24.900s][info   ][gc,marking  ] GC(1733) Concurrent Clear Claimed Marks 0.007ms
[24.900s][info   ][gc,marking  ] GC(1733) Concurrent Scan Root Regions
[24.900s][info   ][gc,marking  ] GC(1733) Concurrent Scan Root Regions 0.006ms
[24.900s][info   ][gc,marking  ] GC(1733) Concurrent Mark
[24.900s][info   ][gc,marking  ] GC(1733) Concurrent Mark From Roots
[24.900s][info   ][gc,task     ] GC(1733) Using 1 workers of 1 for marking
[24.907s][info   ][gc,marking  ] GC(1733) Concurrent Mark From Roots 7.724ms
[24.908s][info   ][gc,marking  ] GC(1733) Concurrent Preclean
[24.908s][info   ][gc,marking  ] GC(1733) Concurrent Preclean 0.072ms
[24.914s][info   ][gc,start    ] GC(1733) Pause Remark
[24.915s][info   ][gc          ] GC(1733) Pause Remark 1253M->1253M(2048M) 0.668ms
[24.915s][info   ][gc,cpu      ] GC(1733) User=0.00s Sys=0.00s Real=0.00s
[24.915s][info   ][gc,marking  ] GC(1733) Concurrent Mark 15.283ms
[24.915s][info   ][gc,marking  ] GC(1733) Concurrent Rebuild Remembered Sets
[24.933s][info   ][gc,marking  ] GC(1733) Concurrent Rebuild Remembered Sets 18.368ms
[24.934s][info   ][gc,start    ] GC(1733) Pause Cleanup
[24.934s][info   ][gc          ] GC(1733) Pause Cleanup 1551M->1551M(2048M) 0.281ms
[24.934s][info   ][gc,cpu      ] GC(1733) User=0.00s Sys=0.00s Real=0.00s
[24.934s][info   ][gc,marking  ] GC(1733) Concurrent Cleanup for Next Mark
[24.948s][info   ][gc,marking  ] GC(1733) Concurrent Cleanup for Next Mark 12.997ms
[24.948s][info   ][gc          ] GC(1733) Concurrent Mark Cycle 48.056ms
[24.949s][info   ][gc,start    ] GC(1734) Pause Young (Concurrent Start) (G1 Humongous Allocation)
[24.949s][info   ][gc,task     ] GC(1734) Using 4 workers of 4 for evacuation
[24.951s][info   ][gc,phases   ] GC(1734)   Pre Evacuate Collection Set: 0.2ms
[24.951s][info   ][gc,phases   ] GC(1734)   Merge Heap Roots: 0.3ms
[24.951s][info   ][gc,phases   ] GC(1734)   Evacuate Collection Set: 0.4ms
[24.951s][info   ][gc,phases   ] GC(1734)   Post Evacuate Collection Set: 0.6ms
[24.951s][info   ][gc,phases   ] GC(1734)   Other: 0.2ms
[24.951s][info   ][gc,heap     ] GC(1734) Eden regions: 1->0(634)
[24.951s][info   ][gc,heap     ] GC(1734) Survivor regions: 0->1(91)
[24.951s][info   ][gc,heap     ] GC(1734) Old regions: 1->1
[24.951s][info   ][gc,heap     ] GC(1734) Archive regions: 2->2
[24.951s][info   ][gc,heap     ] GC(1734) Humongous regions: 1708->1162
[24.951s][info   ][gc,metaspace] GC(1734) Metaspace: 158K(384K)->158K(384K) NonClass: 150K(256K)->150K(256K) Class: 8K(128K)->8K(128K)
[24.951s][info   ][gc          ] GC(1734) Pause Young (Concurrent Start) (G1 Humongous Allocation) 1709M->1163M(2048M) 1.719ms
[24.951s][info   ][gc,cpu      ] GC(1734) User=0.01s Sys=0.00s Real=0.00s
[24.951s][info   ][gc          ] GC(1735) Concurrent Mark Cycle
[24.951s][info   ][gc,marking  ] GC(1735) Concurrent Clear Claimed Marks
[24.951s][info   ][gc,marking  ] GC(1735) Concurrent Clear Claimed Marks 0.008ms
[24.951s][info   ][gc,marking  ] GC(1735) Concurrent Scan Root Regions
[24.951s][info   ][gc,marking  ] GC(1735) Concurrent Scan Root Regions 0.125ms
[24.951s][info   ][gc,marking  ] GC(1735) Concurrent Mark
[24.951s][info   ][gc,marking  ] GC(1735) Concurrent Mark From Roots
[24.951s][info   ][gc,task     ] GC(1735) Using 1 workers of 1 for marking
[24.968s][info   ][gc,marking  ] GC(1735) Concurrent Mark From Roots 17.256ms
[24.969s][info   ][gc,marking  ] GC(1735) Concurrent Preclean
[24.969s][info   ][gc,marking  ] GC(1735) Concurrent Preclean 0.219ms
[24.970s][info   ][gc,start    ] GC(1735) Pause Remark
[24.970s][info   ][gc          ] GC(1735) Pause Remark 1447M->1391M(2048M) 0.833ms
[24.970s][info   ][gc,cpu      ] GC(1735) User=0.00s Sys=0.00s Real=0.00s
[24.970s][info   ][gc,marking  ] GC(1735) Concurrent Mark 19.522ms
[24.971s][info   ][gc,marking  ] GC(1735) Concurrent Rebuild Remembered Sets
[24.985s][info   ][gc,marking  ] GC(1735) Concurrent Rebuild Remembered Sets 14.692ms
[24.986s][info   ][gc,start    ] GC(1735) Pause Cleanup
[24.987s][info   ][gc          ] GC(1735) Pause Cleanup 1639M->1639M(2048M) 0.453ms
[24.987s][info   ][gc,cpu      ] GC(1735) User=0.00s Sys=0.00s Real=0.00s
[24.987s][info   ][gc,marking  ] GC(1735) Concurrent Cleanup for Next Mark
[25.000s][info   ][gc,marking  ] GC(1735) Concurrent Cleanup for Next Mark 12.874ms
[25.000s][info   ][gc          ] GC(1735) Concurrent Mark Cycle 48.918ms
[25.001s][info   ][gc,start    ] GC(1736) Pause Young (Concurrent Start) (G1 Humongous Allocation)
[25.001s][info   ][gc,task     ] GC(1736) Using 4 workers of 4 for evacuation
[25.002s][info   ][gc,phases   ] GC(1736)   Pre Evacuate Collection Set: 0.2ms
[25.002s][info   ][gc,phases   ] GC(1736)   Merge Heap Roots: 0.1ms
[25.002s][info   ][gc,phases   ] GC(1736)   Evacuate Collection Set: 0.2ms
[25.002s][info   ][gc,phases   ] GC(1736)   Post Evacuate Collection Set: 0.7ms
[25.002s][info   ][gc,phases   ] GC(1736)   Other: 0.2ms
[25.002s][info   ][gc,heap     ] GC(1736) Eden regions: 0->0(668)
[25.002s][info   ][gc,heap     ] GC(1736) Survivor regions: 1->1(80)
[25.002s][info   ][gc,heap     ] GC(1736) Old regions: 1->1
[25.002s][info   ][gc,heap     ] GC(1736) Archive regions: 2->2
[25.002s][info   ][gc,heap     ] GC(1736) Humongous regions: 1782->1126
[25.002s][info   ][gc,metaspace] GC(1736) Metaspace: 158K(384K)->158K(384K) NonClass: 150K(256K)->150K(256K) Class: 8K(128K)->8K(128K)
[25.002s][info   ][gc          ] GC(1736) Pause Young (Concurrent Start) (G1 Humongous Allocation) 1783M->1127M(2048M) 1.418ms
[25.002s][info   ][gc,cpu      ] GC(1736) User=0.00s Sys=0.00s Real=0.00s
[25.002s][info   ][gc          ] GC(1737) Concurrent Mark Cycle
[25.002s][info   ][gc,marking  ] GC(1737) Concurrent Clear Claimed Marks
[25.002s][info   ][gc,marking  ] GC(1737) Concurrent Clear Claimed Marks 0.023ms
[25.002s][info   ][gc,marking  ] GC(1737) Concurrent Scan Root Regions
[25.002s][info   ][gc,marking  ] GC(1737) Concurrent Scan Root Regions 0.195ms
[25.002s][info   ][gc,marking  ] GC(1737) Concurrent Mark
[25.003s][info   ][gc,marking  ] GC(1737) Concurrent Mark From Roots
[25.003s][info   ][gc,task     ] GC(1737) Using 1 workers of 1 for marking
[25.019s][info   ][gc,marking  ] GC(1737) Concurrent Mark From Roots 16.007ms
[25.019s][info   ][gc,marking  ] GC(1737) Concurrent Preclean
[25.019s][info   ][gc,marking  ] GC(1737) Concurrent Preclean 0.108ms
[25.019s][info   ][gc,start    ] GC(1737) Pause Remark
[25.020s][info   ][gc          ] GC(1737) Pause Remark 1393M->1393M(2048M) 0.759ms
[25.020s][info   ][gc,cpu      ] GC(1737) User=0.00s Sys=0.00s Real=0.00s
[25.020s][info   ][gc,marking  ] GC(1737) Concurrent Mark 17.597ms
[25.020s][info   ][gc,marking  ] GC(1737) Concurrent Rebuild Remembered Sets
[25.038s][info   ][gc,marking  ] GC(1737) Concurrent Rebuild Remembered Sets 18.273ms
[25.046s][info   ][gc,start    ] GC(1737) Pause Cleanup
[25.047s][info   ][gc          ] GC(1737) Pause Cleanup 1789M->1789M(2048M) 0.336ms
[25.047s][info   ][gc,cpu      ] GC(1737) User=0.00s Sys=0.00s Real=0.00s
[25.047s][info   ][gc,marking  ] GC(1737) Concurrent Cleanup for Next Mark
[25.054s][info   ][gc,marking  ] GC(1737) Concurrent Cleanup for Next Mark 7.273ms
[25.054s][info   ][gc          ] GC(1737) Concurrent Mark Cycle 51.761ms
[25.056s][info   ][gc,start    ] GC(1738) Pause Young (Concurrent Start) (G1 Humongous Allocation)
[25.056s][info   ][gc,task     ] GC(1738) Using 4 workers of 4 for evacuation
[25.058s][info   ][gc,phases   ] GC(1738)   Pre Evacuate Collection Set: 0.2ms
[25.058s][info   ][gc,phases   ] GC(1738)   Merge Heap Roots: 0.1ms
[25.058s][info   ][gc,phases   ] GC(1738)   Evacuate Collection Set: 0.3ms
[25.058s][info   ][gc,phases   ] GC(1738)   Post Evacuate Collection Set: 0.9ms
[25.058s][info   ][gc,phases   ] GC(1738)   Other: 0.2ms
[25.058s][info   ][gc,heap     ] GC(1738) Eden regions: 0->0(701)
[25.058s][info   ][gc,heap     ] GC(1738) Survivor regions: 1->1(84)
[25.058s][info   ][gc,heap     ] GC(1738) Old regions: 1->1
[25.058s][info   ][gc,heap     ] GC(1738) Archive regions: 2->2
[25.058s][info   ][gc,heap     ] GC(1738) Humongous regions: 1842->1090
[25.058s][info   ][gc,metaspace] GC(1738) Metaspace: 158K(384K)->158K(384K) NonClass: 150K(256K)->150K(256K) Class: 8K(128K)->8K(128K)
[25.058s][info   ][gc          ] GC(1738) Pause Young (Concurrent Start) (G1 Humongous Allocation) 1843M->1091M(2048M) 1.683ms
[25.058s][info   ][gc,cpu      ] GC(1738) User=0.00s Sys=0.00s Real=0.00s
[25.058s][info   ][gc          ] GC(1739) Concurrent Mark Cycle
[25.058s][info   ][gc,marking  ] GC(1739) Concurrent Clear Claimed Marks
[25.058s][info   ][gc,marking  ] GC(1739) Concurrent Clear Claimed Marks 0.007ms
[25.058s][info   ][gc,marking  ] GC(1739) Concurrent Scan Root Regions
[25.058s][info   ][gc,marking  ] GC(1739) Concurrent Scan Root Regions 0.283ms
[25.058s][info   ][gc,marking  ] GC(1739) Concurrent Mark
[25.058s][info   ][gc,marking  ] GC(1739) Concurrent Mark From Roots
[25.058s][info   ][gc,task     ] GC(1739) Using 1 workers of 1 for marking
[25.074s][info   ][gc,marking  ] GC(1739) Concurrent Mark From Roots 16.269ms
[25.075s][info   ][gc,marking  ] GC(1739) Concurrent Preclean
[25.075s][info   ][gc,marking  ] GC(1739) Concurrent Preclean 0.106ms
[25.075s][info   ][gc,start    ] GC(1739) Pause Remark
[25.076s][info   ][gc          ] GC(1739) Pause Remark 1357M->1357M(2048M) 0.628ms
[25.076s][info   ][gc,cpu      ] GC(1739) User=0.00s Sys=0.00s Real=0.00s
[25.076s][info   ][gc,marking  ] GC(1739) Concurrent Mark 17.658ms
[25.076s][info   ][gc,marking  ] GC(1739) Concurrent Rebuild Remembered Sets
[25.094s][info   ][gc,marking  ] GC(1739) Concurrent Rebuild Remembered Sets 18.197ms
[25.095s][info   ][gc,start    ] GC(1739) Pause Cleanup
[25.095s][info   ][gc          ] GC(1739) Pause Cleanup 1635M->1635M(2048M) 0.238ms
[25.095s][info   ][gc,cpu      ] GC(1739) User=0.00s Sys=0.00s Real=0.00s
[25.095s][info   ][gc,marking  ] GC(1739) Concurrent Cleanup for Next Mark
[25.111s][info   ][gc,marking  ] GC(1739) Concurrent Cleanup for Next Mark 16.007ms
[25.111s][info   ][gc          ] GC(1739) Concurrent Mark Cycle 53.695ms
[25.113s][info   ][gc,start    ] GC(1740) Pause Young (Concurrent Start) (G1 Humongous Allocation)
[25.113s][info   ][gc,task     ] GC(1740) Using 4 workers of 4 for evacuation
[25.114s][info   ][gc,phases   ] GC(1740)   Pre Evacuate Collection Set: 0.2ms
[25.114s][info   ][gc,phases   ] GC(1740)   Merge Heap Roots: 0.1ms
[25.114s][info   ][gc,phases   ] GC(1740)   Evacuate Collection Set: 0.4ms
[25.114s][info   ][gc,phases   ] GC(1740)   Post Evacuate Collection Set: 0.9ms
[25.114s][info   ][gc,phases   ] GC(1740)   Other: 0.2ms
[25.114s][info   ][gc,heap     ] GC(1740) Eden regions: 0->0(632)
[25.114s][info   ][gc,heap     ] GC(1740) Survivor regions: 1->1(88)
[25.114s][info   ][gc,heap     ] GC(1740) Old regions: 1->1
[25.114s][info   ][gc,heap     ] GC(1740) Archive regions: 2->2
[25.114s][info   ][gc,heap     ] GC(1740) Humongous regions: 1832->1164
[25.114s][info   ][gc,metaspace] GC(1740) Metaspace: 158K(384K)->158K(384K) NonClass: 150K(256K)->150K(256K) Class: 8K(128K)->8K(128K)
[25.114s][info   ][gc          ] GC(1740) Pause Young (Concurrent Start) (G1 Humongous Allocation) 1833M->1165M(2048M) 1.821ms
[25.114s][info   ][gc,cpu      ] GC(1740) User=0.00s Sys=0.00s Real=0.00s
[25.115s][info   ][gc          ] GC(1741) Concurrent Mark Cycle
[25.115s][info   ][gc,marking  ] GC(1741) Concurrent Clear Claimed Marks
[25.115s][info   ][gc,marking  ] GC(1741) Concurrent Clear Claimed Marks 0.008ms
[25.115s][info   ][gc,marking  ] GC(1741) Concurrent Scan Root Regions
[25.115s][info   ][gc,marking  ] GC(1741) Concurrent Scan Root Regions 0.177ms
[25.115s][info   ][gc,marking  ] GC(1741) Concurrent Mark
[25.115s][info   ][gc,marking  ] GC(1741) Concurrent Mark From Roots
[25.115s][info   ][gc,task     ] GC(1741) Using 1 workers of 1 for marking
[25.131s][info   ][gc,marking  ] GC(1741) Concurrent Mark From Roots 16.287ms
[25.131s][info   ][gc,marking  ] GC(1741) Concurrent Preclean
[25.131s][info   ][gc,marking  ] GC(1741) Concurrent Preclean 0.177ms
[25.133s][info   ][gc,start    ] GC(1741) Pause Remark
[25.134s][info   ][gc          ] GC(1741) Pause Remark 1419M->1419M(2048M) 0.659ms
[25.134s][info   ][gc,cpu      ] GC(1741) User=0.00s Sys=0.00s Real=0.00s
[25.134s][info   ][gc,marking  ] GC(1741) Concurrent Mark 19.159ms
[25.134s][info   ][gc,marking  ] GC(1741) Concurrent Rebuild Remembered Sets
[25.152s][info   ][gc,marking  ] GC(1741) Concurrent Rebuild Remembered Sets 18.025ms
[25.153s][info   ][gc,start    ] GC(1741) Pause Cleanup
[25.153s][info   ][gc          ] GC(1741) Pause Cleanup 1713M->1713M(2048M) 0.355ms
[25.153s][info   ][gc,cpu      ] GC(1741) User=0.00s Sys=0.00s Real=0.00s
[25.154s][info   ][gc,marking  ] GC(1741) Concurrent Cleanup for Next Mark
[25.166s][info   ][gc,marking  ] GC(1741) Concurrent Cleanup for Next Mark 12.682ms
[25.166s][info   ][gc          ] GC(1741) Concurrent Mark Cycle 51.832ms
[25.168s][info   ][gc,start    ] GC(1742) Pause Young (Concurrent Start) (G1 Humongous Allocation)
[25.168s][info   ][gc,task     ] GC(1742) Using 4 workers of 4 for evacuation
[25.170s][info   ][gc,phases   ] GC(1742)   Pre Evacuate Collection Set: 0.2ms
[25.170s][info   ][gc,phases   ] GC(1742)   Merge Heap Roots: 0.1ms
[25.170s][info   ][gc,phases   ] GC(1742)   Evacuate Collection Set: 0.3ms
[25.170s][info   ][gc,phases   ] GC(1742)   Post Evacuate Collection Set: 1.3ms
[25.170s][info   ][gc,phases   ] GC(1742)   Other: 0.2ms
[25.170s][info   ][gc,heap     ] GC(1742) Eden regions: 0->0(775)
[25.170s][info   ][gc,heap     ] GC(1742) Survivor regions: 1->1(80)
[25.170s][info   ][gc,heap     ] GC(1742) Old regions: 1->1
[25.170s][info   ][gc,heap     ] GC(1742) Archive regions: 2->2
[25.170s][info   ][gc,heap     ] GC(1742) Humongous regions: 1850->1012
[25.170s][info   ][gc,metaspace] GC(1742) Metaspace: 158K(384K)->158K(384K) NonClass: 150K(256K)->150K(256K) Class: 8K(128K)->8K(128K)
[25.170s][info   ][gc          ] GC(1742) Pause Young (Concurrent Start) (G1 Humongous Allocation) 1851M->1013M(2048M) 2.191ms
[25.170s][info   ][gc,cpu      ] GC(1742) User=0.00s Sys=0.00s Real=0.01s
[25.170s][info   ][gc          ] GC(1743) Concurrent Mark Cycle
[25.170s][info   ][gc,marking  ] GC(1743) Concurrent Clear Claimed Marks
[25.170s][info   ][gc,marking  ] GC(1743) Concurrent Clear Claimed Marks 0.008ms
[25.170s][info   ][gc,marking  ] GC(1743) Concurrent Scan Root Regions
[25.171s][info   ][gc,marking  ] GC(1743) Concurrent Scan Root Regions 0.295ms
[25.171s][info   ][gc,marking  ] GC(1743) Concurrent Mark
[25.171s][info   ][gc,marking  ] GC(1743) Concurrent Mark From Roots
[25.171s][info   ][gc,task     ] GC(1743) Using 1 workers of 1 for marking
[25.180s][info   ][gc,marking  ] GC(1743) Concurrent Mark From Roots 9.842ms
[25.181s][info   ][gc,marking  ] GC(1743) Concurrent Preclean
[25.181s][info   ][gc,marking  ] GC(1743) Concurrent Preclean 0.080ms
[25.181s][info   ][gc,start    ] GC(1743) Pause Remark
[25.182s][info   ][gc          ] GC(1743) Pause Remark 1141M->1141M(2048M) 0.647ms
[25.182s][info   ][gc,cpu      ] GC(1743) User=0.00s Sys=0.00s Real=0.00s
[25.182s][info   ][gc,marking  ] GC(1743) Concurrent Mark 11.094ms
[25.182s][info   ][gc,marking  ] GC(1743) Concurrent Rebuild Remembered Sets
[25.187s][info   ][gc,marking  ] GC(1743) Concurrent Rebuild Remembered Sets 5.848ms
[25.189s][info   ][gc,start    ] GC(1743) Pause Cleanup
[25.189s][info   ][gc          ] GC(1743) Pause Cleanup 1243M->1243M(2048M) 0.221ms
[25.189s][info   ][gc,cpu      ] GC(1743) User=0.00s Sys=0.00s Real=0.00s
[25.189s][info   ][gc,marking  ] GC(1743) Concurrent Cleanup for Next Mark
[25.204s][info   ][gc,marking  ] GC(1743) Concurrent Cleanup for Next Mark 15.324ms
[25.204s][info   ][gc          ] GC(1743) Concurrent Mark Cycle 34.288ms
[25.206s][info   ][gc,start    ] GC(1744) Pause Young (Concurrent Start) (G1 Humongous Allocation)
[25.206s][info   ][gc,task     ] GC(1744) Using 4 workers of 4 for evacuation
[25.207s][info   ][gc,phases   ] GC(1744)   Pre Evacuate Collection Set: 0.2ms
[25.207s][info   ][gc,phases   ] GC(1744)   Merge Heap Roots: 0.1ms
[25.207s][info   ][gc,phases   ] GC(1744)   Evacuate Collection Set: 0.2ms
[25.207s][info   ][gc,phases   ] GC(1744)   Post Evacuate Collection Set: 0.6ms
[25.207s][info   ][gc,phases   ] GC(1744)   Other: 0.1ms
[25.207s][info   ][gc,heap     ] GC(1744) Eden regions: 0->0(746)
[25.207s][info   ][gc,heap     ] GC(1744) Survivor regions: 1->1(97)
[25.207s][info   ][gc,heap     ] GC(1744) Old regions: 1->1
[25.207s][info   ][gc,heap     ] GC(1744) Archive regions: 2->2
[25.207s][info   ][gc,heap     ] GC(1744) Humongous regions: 1430->1042
[25.207s][info   ][gc,metaspace] GC(1744) Metaspace: 158K(384K)->158K(384K) NonClass: 150K(256K)->150K(256K) Class: 8K(128K)->8K(128K)
[25.207s][info   ][gc          ] GC(1744) Pause Young (Concurrent Start) (G1 Humongous Allocation) 1431M->1043M(2048M) 1.290ms
[25.207s][info   ][gc,cpu      ] GC(1744) User=0.00s Sys=0.00s Real=0.00s
[25.207s][info   ][gc          ] GC(1745) Concurrent Mark Cycle
[25.207s][info   ][gc,marking  ] GC(1745) Concurrent Clear Claimed Marks
[25.207s][info   ][gc,marking  ] GC(1745) Concurrent Clear Claimed Marks 0.006ms
[25.207s][info   ][gc,marking  ] GC(1745) Concurrent Scan Root Regions
[25.207s][info   ][gc,marking  ] GC(1745) Concurrent Scan Root Regions 0.169ms
[25.207s][info   ][gc,marking  ] GC(1745) Concurrent Mark
[25.207s][info   ][gc,marking  ] GC(1745) Concurrent Mark From Roots
[25.207s][info   ][gc,task     ] GC(1745) Using 1 workers of 1 for marking
[25.214s][info   ][gc,marking  ] GC(1745) Concurrent Mark From Roots 6.268ms
[25.214s][info   ][gc,marking  ] GC(1745) Concurrent Preclean
[25.214s][info   ][gc,marking  ] GC(1745) Concurrent Preclean 0.090ms
[25.215s][info   ][gc,start    ] GC(1745) Pause Remark
[25.215s][info   ][gc          ] GC(1745) Pause Remark 1149M->1149M(2048M) 0.574ms
[25.215s][info   ][gc,cpu      ] GC(1745) User=0.00s Sys=0.00s Real=0.00s
[25.215s][info   ][gc,marking  ] GC(1745) Concurrent Mark 8.243ms
[25.215s][info   ][gc,marking  ] GC(1745) Concurrent Rebuild Remembered Sets
[25.221s][info   ][gc,marking  ] GC(1745) Concurrent Rebuild Remembered Sets 5.611ms
[25.222s][info   ][gc,start    ] GC(1745) Pause Cleanup
[25.222s][info   ][gc          ] GC(1745) Pause Cleanup 1253M->1253M(2048M) 0.245ms
[25.222s][info   ][gc,cpu      ] GC(1745) User=0.00s Sys=0.00s Real=0.00s
[25.222s][info   ][gc,marking  ] GC(1745) Concurrent Cleanup for Next Mark
[25.237s][info   ][gc,marking  ] GC(1745) Concurrent Cleanup for Next Mark 14.351ms
[25.237s][info   ][gc          ] GC(1745) Concurrent Mark Cycle 30.044ms
[25.238s][info   ][gc,start    ] GC(1746) Pause Young (Concurrent Start) (G1 Humongous Allocation)
[25.238s][info   ][gc,task     ] GC(1746) Using 4 workers of 4 for evacuation
[25.239s][info   ][gc,phases   ] GC(1746)   Pre Evacuate Collection Set: 0.2ms
[25.239s][info   ][gc,phases   ] GC(1746)   Merge Heap Roots: 0.1ms
[25.239s][info   ][gc,phases   ] GC(1746)   Evacuate Collection Set: 0.2ms
[25.239s][info   ][gc,phases   ] GC(1746)   Post Evacuate Collection Set: 0.6ms
[25.239s][info   ][gc,phases   ] GC(1746)   Other: 0.1ms
[25.239s][info   ][gc,heap     ] GC(1746) Eden regions: 0->0(726)
[25.239s][info   ][gc,heap     ] GC(1746) Survivor regions: 1->1(94)
[25.239s][info   ][gc,heap     ] GC(1746) Old regions: 1->1
[25.239s][info   ][gc,heap     ] GC(1746) Archive regions: 2->2
[25.239s][info   ][gc,heap     ] GC(1746) Humongous regions: 1426->1064
[25.239s][info   ][gc,metaspace] GC(1746) Metaspace: 158K(384K)->158K(384K) NonClass: 150K(256K)->150K(256K) Class: 8K(128K)->8K(128K)
[25.239s][info   ][gc          ] GC(1746) Pause Young (Concurrent Start) (G1 Humongous Allocation) 1427M->1065M(2048M) 1.301ms
[25.239s][info   ][gc,cpu      ] GC(1746) User=0.00s Sys=0.00s Real=0.01s
[25.239s][info   ][gc          ] GC(1747) Concurrent Mark Cycle
[25.239s][info   ][gc,marking  ] GC(1747) Concurrent Clear Claimed Marks
[25.239s][info   ][gc,marking  ] GC(1747) Concurrent Clear Claimed Marks 0.006ms
[25.239s][info   ][gc,marking  ] GC(1747) Concurrent Scan Root Regions
[25.239s][info   ][gc,marking  ] GC(1747) Concurrent Scan Root Regions 0.144ms
[25.239s][info   ][gc,marking  ] GC(1747) Concurrent Mark
[25.239s][info   ][gc,marking  ] GC(1747) Concurrent Mark From Roots
[25.239s][info   ][gc,task     ] GC(1747) Using 1 workers of 1 for marking
[25.245s][info   ][gc,marking  ] GC(1747) Concurrent Mark From Roots 5.597ms
[25.245s][info   ][gc,marking  ] GC(1747) Concurrent Preclean
[25.245s][info   ][gc,marking  ] GC(1747) Concurrent Preclean 0.073ms
[25.245s][info   ][gc,start    ] GC(1747) Pause Remark
[25.246s][info   ][gc          ] GC(1747) Pause Remark 1099M->1099M(2048M) 0.596ms
[25.246s][info   ][gc,cpu      ] GC(1747) User=0.00s Sys=0.00s Real=0.00s
[25.246s][info   ][gc,marking  ] GC(1747) Concurrent Mark 6.824ms
[25.246s][info   ][gc,marking  ] GC(1747) Concurrent Rebuild Remembered Sets
[25.255s][info   ][gc,marking  ] GC(1747) Concurrent Rebuild Remembered Sets 8.453ms
[25.255s][info   ][gc,start    ] GC(1747) Pause Cleanup
[25.256s][info   ][gc          ] GC(1747) Pause Cleanup 1251M->1251M(2048M) 0.228ms
[25.256s][info   ][gc,cpu      ] GC(1747) User=0.00s Sys=0.00s Real=0.00s
[25.256s][info   ][gc,marking  ] GC(1747) Concurrent Cleanup for Next Mark
[25.272s][info   ][gc,marking  ] GC(1747) Concurrent Cleanup for Next Mark 15.984ms
[25.272s][info   ][gc          ] GC(1747) Concurrent Mark Cycle 33.029ms
[25.273s][info   ][gc,start    ] GC(1748) Pause Young (Concurrent Start) (G1 Humongous Allocation)
[25.273s][info   ][gc,task     ] GC(1748) Using 4 workers of 4 for evacuation
[25.274s][info   ][gc,phases   ] GC(1748)   Pre Evacuate Collection Set: 0.2ms
[25.274s][info   ][gc,phases   ] GC(1748)   Merge Heap Roots: 0.1ms
[25.274s][info   ][gc,phases   ] GC(1748)   Evacuate Collection Set: 0.2ms
[25.274s][info   ][gc,phases   ] GC(1748)   Post Evacuate Collection Set: 0.6ms
[25.274s][info   ][gc,phases   ] GC(1748)   Other: 0.2ms
[25.274s][info   ][gc,heap     ] GC(1748) Eden regions: 0->0(718)
[25.274s][info   ][gc,heap     ] GC(1748) Survivor regions: 1->1(91)
[25.274s][info   ][gc,heap     ] GC(1748) Old regions: 1->1
[25.274s][info   ][gc,heap     ] GC(1748) Archive regions: 2->2
[25.274s][info   ][gc,heap     ] GC(1748) Humongous regions: 1456->1072
[25.274s][info   ][gc,metaspace] GC(1748) Metaspace: 158K(384K)->158K(384K) NonClass: 150K(256K)->150K(256K) Class: 8K(128K)->8K(128K)
[25.274s][info   ][gc          ] GC(1748) Pause Young (Concurrent Start) (G1 Humongous Allocation) 1457M->1073M(2048M) 1.408ms
[25.274s][info   ][gc,cpu      ] GC(1748) User=0.00s Sys=0.00s Real=0.00s
[25.274s][info   ][gc          ] GC(1749) Concurrent Mark Cycle
[25.274s][info   ][gc,marking  ] GC(1749) Concurrent Clear Claimed Marks
[25.274s][info   ][gc,marking  ] GC(1749) Concurrent Clear Claimed Marks 0.007ms
[25.274s][info   ][gc,marking  ] GC(1749) Concurrent Scan Root Regions
[25.274s][info   ][gc,marking  ] GC(1749) Concurrent Scan Root Regions 0.099ms
[25.274s][info   ][gc,marking  ] GC(1749) Concurrent Mark
[25.274s][info   ][gc,marking  ] GC(1749) Concurrent Mark From Roots
[25.274s][info   ][gc,task     ] GC(1749) Using 1 workers of 1 for marking
[25.282s][info   ][gc,marking  ] GC(1749) Concurrent Mark From Roots 7.690ms
[25.282s][info   ][gc,marking  ] GC(1749) Concurrent Preclean
[25.282s][info   ][gc,marking  ] GC(1749) Concurrent Preclean 0.083ms
[25.282s][info   ][gc,start    ] GC(1749) Pause Remark
[25.283s][info   ][gc          ] GC(1749) Pause Remark 1161M->1161M(2048M) 0.604ms
[25.283s][info   ][gc,cpu      ] GC(1749) User=0.00s Sys=0.00s Real=0.00s
[25.283s][info   ][gc,marking  ] GC(1749) Concurrent Mark 8.741ms
[25.283s][info   ][gc,marking  ] GC(1749) Concurrent Rebuild Remembered Sets
[25.288s][info   ][gc,marking  ] GC(1749) Concurrent Rebuild Remembered Sets 5.413ms
[25.289s][info   ][gc,start    ] GC(1749) Pause Cleanup
[25.290s][info   ][gc          ] GC(1749) Pause Cleanup 1251M->1251M(2048M) 0.206ms
[25.290s][info   ][gc,cpu      ] GC(1749) User=0.00s Sys=0.00s Real=0.00s
[25.290s][info   ][gc,marking  ] GC(1749) Concurrent Cleanup for Next Mark
[25.302s][info   ][gc,marking  ] GC(1749) Concurrent Cleanup for Next Mark 12.717ms
[25.303s][info   ][gc          ] GC(1749) Concurrent Mark Cycle 28.504ms
[25.304s][info   ][gc,start    ] GC(1750) Pause Young (Concurrent Start) (G1 Humongous Allocation)
[25.304s][info   ][gc,task     ] GC(1750) Using 4 workers of 4 for evacuation
[25.305s][info   ][gc,phases   ] GC(1750)   Pre Evacuate Collection Set: 0.2ms
[25.305s][info   ][gc,phases   ] GC(1750)   Merge Heap Roots: 0.1ms
[25.305s][info   ][gc,phases   ] GC(1750)   Evacuate Collection Set: 0.5ms
[25.305s][info   ][gc,phases   ] GC(1750)   Post Evacuate Collection Set: 0.5ms
[25.305s][info   ][gc,phases   ] GC(1750)   Other: 0.2ms
[25.305s][info   ][gc,heap     ] GC(1750) Eden regions: 0->0(718)
[25.305s][info   ][gc,heap     ] GC(1750) Survivor regions: 1->1(90)
[25.305s][info   ][gc,heap     ] GC(1750) Old regions: 1->1
[25.305s][info   ][gc,heap     ] GC(1750) Archive regions: 2->2
[25.305s][info   ][gc,heap     ] GC(1750) Humongous regions: 1404->1072
[25.305s][info   ][gc,metaspace] GC(1750) Metaspace: 158K(384K)->158K(384K) NonClass: 150K(256K)->150K(256K) Class: 8K(128K)->8K(128K)
[25.305s][info   ][gc          ] GC(1750) Pause Young (Concurrent Start) (G1 Humongous Allocation) 1405M->1073M(2048M) 1.559ms
[25.305s][info   ][gc,cpu      ] GC(1750) User=0.00s Sys=0.00s Real=0.00s
[25.305s][info   ][gc          ] GC(1751) Concurrent Mark Cycle
[25.305s][info   ][gc,marking  ] GC(1751) Concurrent Clear Claimed Marks
[25.305s][info   ][gc,marking  ] GC(1751) Concurrent Clear Claimed Marks 0.009ms
[25.305s][info   ][gc,marking  ] GC(1751) Concurrent Scan Root Regions
[25.305s][info   ][gc,marking  ] GC(1751) Concurrent Scan Root Regions 0.253ms
[25.305s][info   ][gc,marking  ] GC(1751) Concurrent Mark
[25.305s][info   ][gc,marking  ] GC(1751) Concurrent Mark From Roots
[25.305s][info   ][gc,task     ] GC(1751) Using 1 workers of 1 for marking
[25.313s][info   ][gc,marking  ] GC(1751) Concurrent Mark From Roots 6.991ms
[25.313s][info   ][gc,marking  ] GC(1751) Concurrent Preclean
[25.313s][info   ][gc,marking  ] GC(1751) Concurrent Preclean 0.153ms
[25.313s][info   ][gc,start    ] GC(1751) Pause Remark
[25.314s][info   ][gc          ] GC(1751) Pause Remark 1179M->1179M(2048M) 0.648ms
[25.314s][info   ][gc,cpu      ] GC(1751) User=0.00s Sys=0.00s Real=0.00s
[25.314s][info   ][gc,marking  ] GC(1751) Concurrent Mark 8.736ms
[25.314s][info   ][gc,marking  ] GC(1751) Concurrent Rebuild Remembered Sets
[25.320s][info   ][gc,marking  ] GC(1751) Concurrent Rebuild Remembered Sets 5.303ms
[25.321s][info   ][gc,start    ] GC(1751) Pause Cleanup
[25.321s][info   ][gc          ] GC(1751) Pause Cleanup 1271M->1271M(2048M) 0.417ms
[25.321s][info   ][gc,cpu      ] GC(1751) User=0.01s Sys=0.00s Real=0.00s
[25.321s][info   ][gc,marking  ] GC(1751) Concurrent Cleanup for Next Mark
[25.336s][info   ][gc,marking  ] GC(1751) Concurrent Cleanup for Next Mark 14.382ms
[25.336s][info   ][gc          ] GC(1751) Concurrent Mark Cycle 30.568ms
[25.336s][info   ][gc,start    ] GC(1752) Pause Young (Concurrent Start) (G1 Humongous Allocation)
[25.336s][info   ][gc,task     ] GC(1752) Using 4 workers of 4 for evacuation
[25.337s][info   ][gc,phases   ] GC(1752)   Pre Evacuate Collection Set: 0.2ms
[25.338s][info   ][gc,phases   ] GC(1752)   Merge Heap Roots: 0.1ms
[25.338s][info   ][gc,phases   ] GC(1752)   Evacuate Collection Set: 0.2ms
[25.338s][info   ][gc,phases   ] GC(1752)   Post Evacuate Collection Set: 0.6ms
[25.338s][info   ][gc,phases   ] GC(1752)   Other: 0.2ms
[25.338s][info   ][gc,heap     ] GC(1752) Eden regions: 0->0(634)
[25.338s][info   ][gc,heap     ] GC(1752) Survivor regions: 1->1(90)
[25.338s][info   ][gc,heap     ] GC(1752) Old regions: 1->1
[25.338s][info   ][gc,heap     ] GC(1752) Archive regions: 2->2
[25.338s][info   ][gc,heap     ] GC(1752) Humongous regions: 1444->1162
[25.338s][info   ][gc,metaspace] GC(1752) Metaspace: 158K(384K)->158K(384K) NonClass: 150K(256K)->150K(256K) Class: 8K(128K)->8K(128K)
[25.338s][info   ][gc          ] GC(1752) Pause Young (Concurrent Start) (G1 Humongous Allocation) 1445M->1163M(2048M) 1.374ms
[25.338s][info   ][gc,cpu      ] GC(1752) User=0.00s Sys=0.00s Real=0.00s
[25.338s][info   ][gc          ] GC(1753) Concurrent Mark Cycle
[25.338s][info   ][gc,marking  ] GC(1753) Concurrent Clear Claimed Marks
[25.338s][info   ][gc,marking  ] GC(1753) Concurrent Clear Claimed Marks 0.007ms
[25.338s][info   ][gc,marking  ] GC(1753) Concurrent Scan Root Regions
[25.338s][info   ][gc,marking  ] GC(1753) Concurrent Scan Root Regions 0.102ms
[25.338s][info   ][gc,marking  ] GC(1753) Concurrent Mark
[25.338s][info   ][gc,marking  ] GC(1753) Concurrent Mark From Roots
[25.338s][info   ][gc,task     ] GC(1753) Using 1 workers of 1 for marking
[25.344s][info   ][gc,marking  ] GC(1753) Concurrent Mark From Roots 6.424ms
[25.344s][info   ][gc,marking  ] GC(1753) Concurrent Preclean
[25.344s][info   ][gc,marking  ] GC(1753) Concurrent Preclean 0.084ms
[25.345s][info   ][gc,start    ] GC(1753) Pause Remark
[25.345s][info   ][gc          ] GC(1753) Pause Remark 1233M->1233M(2048M) 0.754ms
[25.345s][info   ][gc,cpu      ] GC(1753) User=0.00s Sys=0.00s Real=0.00s
[25.345s][info   ][gc,marking  ] GC(1753) Concurrent Mark 7.672ms
[25.345s][info   ][gc,marking  ] GC(1753) Concurrent Rebuild Remembered Sets
[25.352s][info   ][gc,marking  ] GC(1753) Concurrent Rebuild Remembered Sets 6.071ms
[25.352s][info   ][gc,start    ] GC(1753) Pause Cleanup
[25.353s][info   ][gc          ] GC(1753) Pause Cleanup 1347M->1347M(2048M) 0.259ms
[25.353s][info   ][gc,cpu      ] GC(1753) User=0.00s Sys=0.00s Real=0.00s
[25.353s][info   ][gc,marking  ] GC(1753) Concurrent Cleanup for Next Mark
[25.368s][info   ][gc,marking  ] GC(1753) Concurrent Cleanup for Next Mark 14.944ms
[25.368s][info   ][gc          ] GC(1753) Concurrent Mark Cycle 30.436ms
[25.369s][info   ][gc,start    ] GC(1754) Pause Young (Concurrent Start) (G1 Humongous Allocation)
[25.369s][info   ][gc,task     ] GC(1754) Using 4 workers of 4 for evacuation
[25.370s][info   ][gc,phases   ] GC(1754)   Pre Evacuate Collection Set: 0.2ms
[25.370s][info   ][gc,phases   ] GC(1754)   Merge Heap Roots: 0.1ms
[25.370s][info   ][gc,phases   ] GC(1754)   Evacuate Collection Set: 0.2ms
[25.370s][info   ][gc,phases   ] GC(1754)   Post Evacuate Collection Set: 0.5ms
[25.370s][info   ][gc,phases   ] GC(1754)   Other: 0.2ms
[25.370s][info   ][gc,heap     ] GC(1754) Eden regions: 0->0(576)
[25.370s][info   ][gc,heap     ] GC(1754) Survivor regions: 1->1(80)
[25.370s][info   ][gc,heap     ] GC(1754) Old regions: 1->1
[25.370s][info   ][gc,heap     ] GC(1754) Archive regions: 2->2
[25.370s][info   ][gc,heap     ] GC(1754) Humongous regions: 1514->1224
[25.370s][info   ][gc,metaspace] GC(1754) Metaspace: 158K(384K)->158K(384K) NonClass: 150K(256K)->150K(256K) Class: 8K(128K)->8K(128K)
[25.370s][info   ][gc          ] GC(1754) Pause Young (Concurrent Start) (G1 Humongous Allocation) 1515M->1225M(2048M) 1.409ms
[25.370s][info   ][gc,cpu      ] GC(1754) User=0.00s Sys=0.00s Real=0.00s
[25.370s][info   ][gc          ] GC(1755) Concurrent Mark Cycle
[25.370s][info   ][gc,marking  ] GC(1755) Concurrent Clear Claimed Marks
[25.370s][info   ][gc,marking  ] GC(1755) Concurrent Clear Claimed Marks 0.007ms
[25.370s][info   ][gc,marking  ] GC(1755) Concurrent Scan Root Regions
[25.370s][info   ][gc,marking  ] GC(1755) Concurrent Scan Root Regions 0.193ms
[25.370s][info   ][gc,marking  ] GC(1755) Concurrent Mark
[25.370s][info   ][gc,marking  ] GC(1755) Concurrent Mark From Roots
[25.370s][info   ][gc,task     ] GC(1755) Using 1 workers of 1 for marking
[25.376s][info   ][gc,marking  ] GC(1755) Concurrent Mark From Roots 6.056ms
[25.377s][info   ][gc,marking  ] GC(1755) Concurrent Preclean
[25.377s][info   ][gc,marking  ] GC(1755) Concurrent Preclean 0.082ms
[25.377s][info   ][gc,start    ] GC(1755) Pause Remark
[25.378s][info   ][gc          ] GC(1755) Pause Remark 1335M->1335M(2048M) 1.060ms
[25.378s][info   ][gc,cpu      ] GC(1755) User=0.01s Sys=0.00s Real=0.01s
[25.378s][info   ][gc,marking  ] GC(1755) Concurrent Mark 8.098ms
[25.378s][info   ][gc,marking  ] GC(1755) Concurrent Rebuild Remembered Sets
[25.385s][info   ][gc,marking  ] GC(1755) Concurrent Rebuild Remembered Sets 6.317ms
[25.386s][info   ][gc,start    ] GC(1755) Pause Cleanup
[25.386s][info   ][gc          ] GC(1755) Pause Cleanup 1455M->1455M(2048M) 0.232ms
[25.386s][info   ][gc,cpu      ] GC(1755) User=0.00s Sys=0.00s Real=0.00s
[25.386s][info   ][gc,marking  ] GC(1755) Concurrent Cleanup for Next Mark
[25.403s][info   ][gc,marking  ] GC(1755) Concurrent Cleanup for Next Mark 16.978ms
[25.403s][info   ][gc          ] GC(1755) Concurrent Mark Cycle 33.170ms
[25.404s][info   ][gc,start    ] GC(1756) Pause Young (Concurrent Start) (G1 Humongous Allocation)
[25.404s][info   ][gc,task     ] GC(1756) Using 4 workers of 4 for evacuation
[25.405s][info   ][gc,phases   ] GC(1756)   Pre Evacuate Collection Set: 0.2ms
[25.406s][info   ][gc,phases   ] GC(1756)   Merge Heap Roots: 0.1ms
[25.406s][info   ][gc,phases   ] GC(1756)   Evacuate Collection Set: 0.2ms
[25.406s][info   ][gc,phases   ] GC(1756)   Post Evacuate Collection Set: 0.6ms
[25.406s][info   ][gc,phases   ] GC(1756)   Other: 0.1ms
[25.406s][info   ][gc,heap     ] GC(1756) Eden regions: 0->0(617)
[25.406s][info   ][gc,heap     ] GC(1756) Survivor regions: 1->1(73)
[25.406s][info   ][gc,heap     ] GC(1756) Old regions: 1->1
[25.406s][info   ][gc,heap     ] GC(1756) Archive regions: 2->2
[25.406s][info   ][gc,heap     ] GC(1756) Humongous regions: 1660->1180
[25.406s][info   ][gc,metaspace] GC(1756) Metaspace: 158K(384K)->158K(384K) NonClass: 150K(256K)->150K(256K) Class: 8K(128K)->8K(128K)
[25.406s][info   ][gc          ] GC(1756) Pause Young (Concurrent Start) (G1 Humongous Allocation) 1661M->1181M(2048M) 1.348ms
[25.406s][info   ][gc,cpu      ] GC(1756) User=0.00s Sys=0.00s Real=0.00s
[25.406s][info   ][gc          ] GC(1757) Concurrent Mark Cycle
[25.406s][info   ][gc,marking  ] GC(1757) Concurrent Clear Claimed Marks
[25.406s][info   ][gc,marking  ] GC(1757) Concurrent Clear Claimed Marks 0.006ms
[25.406s][info   ][gc,marking  ] GC(1757) Concurrent Scan Root Regions
[25.406s][info   ][gc,marking  ] GC(1757) Concurrent Scan Root Regions 0.098ms
[25.406s][info   ][gc,marking  ] GC(1757) Concurrent Mark
[25.406s][info   ][gc,marking  ] GC(1757) Concurrent Mark From Roots
[25.406s][info   ][gc,task     ] GC(1757) Using 1 workers of 1 for marking
[25.414s][info   ][gc,marking  ] GC(1757) Concurrent Mark From Roots 8.171ms
[25.414s][info   ][gc,marking  ] GC(1757) Concurrent Preclean
[25.414s][info   ][gc,marking  ] GC(1757) Concurrent Preclean 0.157ms
[25.415s][info   ][gc,start    ] GC(1757) Pause Remark
[25.415s][info   ][gc          ] GC(1757) Pause Remark 1309M->1309M(2048M) 0.501ms
[25.415s][info   ][gc,cpu      ] GC(1757) User=0.00s Sys=0.00s Real=0.00s
[25.415s][info   ][gc,marking  ] GC(1757) Concurrent Mark 9.674ms
[25.415s][info   ][gc,marking  ] GC(1757) Concurrent Rebuild Remembered Sets
[25.422s][info   ][gc,marking  ] GC(1757) Concurrent Rebuild Remembered Sets 6.576ms
[25.423s][info   ][gc,start    ] GC(1757) Pause Cleanup
[25.423s][info   ][gc          ] GC(1757) Pause Cleanup 1411M->1411M(2048M) 0.225ms
[25.423s][info   ][gc,cpu      ] GC(1757) User=0.00s Sys=0.00s Real=0.00s
[25.423s][info   ][gc,marking  ] GC(1757) Concurrent Cleanup for Next Mark
[25.437s][info   ][gc,marking  ] GC(1757) Concurrent Cleanup for Next Mark 13.606ms
[25.437s][info   ][gc          ] GC(1757) Concurrent Mark Cycle 31.223ms
[25.438s][info   ][gc,start    ] GC(1758) Pause Young (Concurrent Start) (G1 Humongous Allocation)
[25.438s][info   ][gc,task     ] GC(1758) Using 4 workers of 4 for evacuation
[25.439s][info   ][gc,phases   ] GC(1758)   Pre Evacuate Collection Set: 0.2ms
[25.439s][info   ][gc,phases   ] GC(1758)   Merge Heap Roots: 0.1ms
[25.439s][info   ][gc,phases   ] GC(1758)   Evacuate Collection Set: 0.3ms
[25.439s][info   ][gc,phases   ] GC(1758)   Post Evacuate Collection Set: 0.5ms
[25.439s][info   ][gc,phases   ] GC(1758)   Other: 0.2ms
[25.439s][info   ][gc,heap     ] GC(1758) Eden regions: 0->0(600)
[25.439s][info   ][gc,heap     ] GC(1758) Survivor regions: 1->1(78)
[25.439s][info   ][gc,heap     ] GC(1758) Old regions: 1->1
[25.439s][info   ][gc,heap     ] GC(1758) Archive regions: 2->2
[25.439s][info   ][gc,heap     ] GC(1758) Humongous regions: 1578->1198
[25.439s][info   ][gc,metaspace] GC(1758) Metaspace: 158K(384K)->158K(384K) NonClass: 150K(256K)->150K(256K) Class: 8K(128K)->8K(128K)
[25.439s][info   ][gc          ] GC(1758) Pause Young (Concurrent Start) (G1 Humongous Allocation) 1579M->1199M(2048M) 1.357ms
[25.439s][info   ][gc,cpu      ] GC(1758) User=0.01s Sys=0.01s Real=0.01s
[25.439s][info   ][gc          ] GC(1759) Concurrent Mark Cycle
[25.439s][info   ][gc,marking  ] GC(1759) Concurrent Clear Claimed Marks
[25.439s][info   ][gc,marking  ] GC(1759) Concurrent Clear Claimed Marks 0.010ms
[25.439s][info   ][gc,marking  ] GC(1759) Concurrent Scan Root Regions
[25.439s][info   ][gc,marking  ] GC(1759) Concurrent Scan Root Regions 0.156ms
[25.439s][info   ][gc,marking  ] GC(1759) Concurrent Mark
[25.439s][info   ][gc,marking  ] GC(1759) Concurrent Mark From Roots
[25.439s][info   ][gc,task     ] GC(1759) Using 1 workers of 1 for marking
[25.447s][info   ][gc,marking  ] GC(1759) Concurrent Mark From Roots 7.940ms
[25.447s][info   ][gc,marking  ] GC(1759) Concurrent Preclean
[25.447s][info   ][gc,marking  ] GC(1759) Concurrent Preclean 0.104ms
[25.448s][info   ][gc,start    ] GC(1759) Pause Remark
[25.449s][info   ][gc          ] GC(1759) Pause Remark 1309M->1309M(2048M) 0.971ms
[25.449s][info   ][gc,cpu      ] GC(1759) User=0.00s Sys=0.00s Real=0.00s
[25.449s][info   ][gc,marking  ] GC(1759) Concurrent Mark 10.173ms
[25.449s][info   ][gc,marking  ] GC(1759) Concurrent Rebuild Remembered Sets
[25.464s][info   ][gc,marking  ] GC(1759) Concurrent Rebuild Remembered Sets 14.944ms
[25.467s][info   ][gc,start    ] GC(1759) Pause Cleanup
[25.467s][info   ][gc          ] GC(1759) Pause Cleanup 1515M->1515M(2048M) 0.360ms
[25.467s][info   ][gc,cpu      ] GC(1759) User=0.00s Sys=0.00s Real=0.00s
[25.467s][info   ][gc,marking  ] GC(1759) Concurrent Cleanup for Next Mark
[25.482s][info   ][gc,marking  ] GC(1759) Concurrent Cleanup for Next Mark 14.660ms
[25.482s][info   ][gc          ] GC(1759) Concurrent Mark Cycle 43.028ms
[25.483s][info   ][gc,start    ] GC(1760) Pause Young (Concurrent Start) (G1 Humongous Allocation)
[25.483s][info   ][gc,task     ] GC(1760) Using 4 workers of 4 for evacuation
[25.485s][info   ][gc,phases   ] GC(1760)   Pre Evacuate Collection Set: 0.3ms
[25.485s][info   ][gc,phases   ] GC(1760)   Merge Heap Roots: 0.1ms
[25.485s][info   ][gc,phases   ] GC(1760)   Evacuate Collection Set: 0.7ms
[25.485s][info   ][gc,phases   ] GC(1760)   Post Evacuate Collection Set: 0.7ms
[25.485s][info   ][gc,phases   ] GC(1760)   Other: 0.3ms
[25.485s][info   ][gc,heap     ] GC(1760) Eden regions: 0->0(567)
[25.485s][info   ][gc,heap     ] GC(1760) Survivor regions: 1->1(76)
[25.485s][info   ][gc,heap     ] GC(1760) Old regions: 1->1
[25.485s][info   ][gc,heap     ] GC(1760) Archive regions: 2->2
[25.485s][info   ][gc,heap     ] GC(1760) Humongous regions: 1686->1234
[25.485s][info   ][gc,metaspace] GC(1760) Metaspace: 158K(384K)->158K(384K) NonClass: 150K(256K)->150K(256K) Class: 8K(128K)->8K(128K)
[25.485s][info   ][gc          ] GC(1760) Pause Young (Concurrent Start) (G1 Humongous Allocation) 1687M->1235M(2048M) 2.218ms
[25.485s][info   ][gc,cpu      ] GC(1760) User=0.00s Sys=0.00s Real=0.00s
[25.485s][info   ][gc          ] GC(1761) Concurrent Mark Cycle
[25.485s][info   ][gc,marking  ] GC(1761) Concurrent Clear Claimed Marks
[25.485s][info   ][gc,marking  ] GC(1761) Concurrent Clear Claimed Marks 0.009ms
[25.485s][info   ][gc,marking  ] GC(1761) Concurrent Scan Root Regions
[25.486s][info   ][gc,marking  ] GC(1761) Concurrent Scan Root Regions 0.458ms
[25.486s][info   ][gc,marking  ] GC(1761) Concurrent Mark
[25.486s][info   ][gc,marking  ] GC(1761) Concurrent Mark From Roots
[25.486s][info   ][gc,task     ] GC(1761) Using 1 workers of 1 for marking
[25.493s][info   ][gc,marking  ] GC(1761) Concurrent Mark From Roots 7.349ms
[25.493s][info   ][gc,marking  ] GC(1761) Concurrent Preclean
[25.493s][info   ][gc,marking  ] GC(1761) Concurrent Preclean 0.091ms
[25.494s][info   ][gc,start    ] GC(1761) Pause Remark
[25.495s][info   ][gc          ] GC(1761) Pause Remark 1355M->1355M(2048M) 0.684ms
[25.495s][info   ][gc,cpu      ] GC(1761) User=0.00s Sys=0.00s Real=0.00s
[25.495s][info   ][gc,marking  ] GC(1761) Concurrent Mark 9.317ms
[25.495s][info   ][gc,marking  ] GC(1761) Concurrent Rebuild Remembered Sets
[25.507s][info   ][gc,marking  ] GC(1761) Concurrent Rebuild Remembered Sets 11.980ms
[25.508s][info   ][gc,start    ] GC(1761) Pause Cleanup
[25.508s][info   ][gc          ] GC(1761) Pause Cleanup 1547M->1547M(2048M) 0.277ms
[25.508s][info   ][gc,cpu      ] GC(1761) User=0.00s Sys=0.00s Real=0.01s
[25.508s][info   ][gc,marking  ] GC(1761) Concurrent Cleanup for Next Mark
[25.523s][info   ][gc,marking  ] GC(1761) Concurrent Cleanup for Next Mark 15.067ms
[25.524s][info   ][gc          ] GC(1761) Concurrent Mark Cycle 38.240ms
[25.524s][info   ][gc,start    ] GC(1762) Pause Young (Concurrent Start) (G1 Humongous Allocation)
[25.524s][info   ][gc,task     ] GC(1762) Using 4 workers of 4 for evacuation
[25.525s][info   ][gc,phases   ] GC(1762)   Pre Evacuate Collection Set: 0.2ms
[25.525s][info   ][gc,phases   ] GC(1762)   Merge Heap Roots: 0.1ms
[25.525s][info   ][gc,phases   ] GC(1762)   Evacuate Collection Set: 0.3ms
[25.525s][info   ][gc,phases   ] GC(1762)   Post Evacuate Collection Set: 0.6ms
[25.525s][info   ][gc,phases   ] GC(1762)   Other: 0.2ms
[25.525s][info   ][gc,heap     ] GC(1762) Eden regions: 0->0(514)
[25.525s][info   ][gc,heap     ] GC(1762) Survivor regions: 1->1(71)
[25.525s][info   ][gc,heap     ] GC(1762) Old regions: 1->1
[25.525s][info   ][gc,heap     ] GC(1762) Archive regions: 2->2
[25.525s][info   ][gc,heap     ] GC(1762) Humongous regions: 1726->1290
[25.525s][info   ][gc,metaspace] GC(1762) Metaspace: 158K(384K)->158K(384K) NonClass: 150K(256K)->150K(256K) Class: 8K(128K)->8K(128K)
[25.525s][info   ][gc          ] GC(1762) Pause Young (Concurrent Start) (G1 Humongous Allocation) 1727M->1291M(2048M) 1.403ms
[25.525s][info   ][gc,cpu      ] GC(1762) User=0.00s Sys=0.00s Real=0.00s
[25.526s][info   ][gc          ] GC(1763) Concurrent Mark Cycle
[25.526s][info   ][gc,marking  ] GC(1763) Concurrent Clear Claimed Marks
[25.526s][info   ][gc,marking  ] GC(1763) Concurrent Clear Claimed Marks 0.008ms
[25.526s][info   ][gc,marking  ] GC(1763) Concurrent Scan Root Regions
[25.526s][info   ][gc,marking  ] GC(1763) Concurrent Scan Root Regions 0.245ms
[25.526s][info   ][gc,marking  ] GC(1763) Concurrent Mark
[25.526s][info   ][gc,marking  ] GC(1763) Concurrent Mark From Roots
[25.526s][info   ][gc,task     ] GC(1763) Using 1 workers of 1 for marking
[25.533s][info   ][gc,marking  ] GC(1763) Concurrent Mark From Roots 7.029ms
[25.533s][info   ][gc,marking  ] GC(1763) Concurrent Preclean
[25.533s][info   ][gc,marking  ] GC(1763) Concurrent Preclean 0.087ms
[25.534s][info   ][gc,start    ] GC(1763) Pause Remark
[25.535s][info   ][gc          ] GC(1763) Pause Remark 1393M->1393M(2048M) 0.702ms
[25.535s][info   ][gc,cpu      ] GC(1763) User=0.00s Sys=0.00s Real=0.00s
[25.535s][info   ][gc,marking  ] GC(1763) Concurrent Mark 8.950ms
[25.535s][info   ][gc,marking  ] GC(1763) Concurrent Rebuild Remembered Sets
[25.542s][info   ][gc,marking  ] GC(1763) Concurrent Rebuild Remembered Sets 7.077ms
[25.543s][info   ][gc,start    ] GC(1763) Pause Cleanup
[25.544s][info   ][gc          ] GC(1763) Pause Cleanup 1525M->1525M(2048M) 0.468ms
[25.544s][info   ][gc,cpu      ] GC(1763) User=0.00s Sys=0.00s Real=0.00s
[25.544s][info   ][gc,marking  ] GC(1763) Concurrent Cleanup for Next Mark
[25.557s][info   ][gc,marking  ] GC(1763) Concurrent Cleanup for Next Mark 13.590ms
[25.558s][info   ][gc          ] GC(1763) Concurrent Mark Cycle 32.094ms
[25.558s][info   ][gc,start    ] GC(1764) Pause Young (Concurrent Start) (G1 Humongous Allocation)
[25.558s][info   ][gc,task     ] GC(1764) Using 4 workers of 4 for evacuation
[25.560s][info   ][gc,phases   ] GC(1764)   Pre Evacuate Collection Set: 0.2ms
[25.560s][info   ][gc,phases   ] GC(1764)   Merge Heap Roots: 0.2ms
[25.560s][info   ][gc,phases   ] GC(1764)   Evacuate Collection Set: 0.2ms
[25.560s][info   ][gc,phases   ] GC(1764)   Post Evacuate Collection Set: 1.2ms
[25.560s][info   ][gc,phases   ] GC(1764)   Other: 0.2ms
[25.560s][info   ][gc,heap     ] GC(1764) Eden regions: 0->0(558)
[25.560s][info   ][gc,heap     ] GC(1764) Survivor regions: 1->0(65)
[25.560s][info   ][gc,heap     ] GC(1764) Old regions: 1->1
[25.560s][info   ][gc,heap     ] GC(1764) Archive regions: 2->2
[25.560s][info   ][gc,heap     ] GC(1764) Humongous regions: 1690->1244
[25.560s][info   ][gc,metaspace] GC(1764) Metaspace: 158K(384K)->158K(384K) NonClass: 150K(256K)->150K(256K) Class: 8K(128K)->8K(128K)
[25.560s][info   ][gc          ] GC(1764) Pause Young (Concurrent Start) (G1 Humongous Allocation) 1691M->1245M(2048M) 2.108ms
[25.560s][info   ][gc,cpu      ] GC(1764) User=0.00s Sys=0.00s Real=0.01s
[25.560s][info   ][gc          ] GC(1765) Concurrent Mark Cycle
[25.560s][info   ][gc,marking  ] GC(1765) Concurrent Clear Claimed Marks
[25.560s][info   ][gc,marking  ] GC(1765) Concurrent Clear Claimed Marks 0.014ms
[25.560s][info   ][gc,marking  ] GC(1765) Concurrent Scan Root Regions
[25.560s][info   ][gc,marking  ] GC(1765) Concurrent Scan Root Regions 0.094ms
[25.560s][info   ][gc,marking  ] GC(1765) Concurrent Mark
[25.560s][info   ][gc,marking  ] GC(1765) Concurrent Mark From Roots
[25.560s][info   ][gc,task     ] GC(1765) Using 1 workers of 1 for marking
[25.568s][info   ][gc,marking  ] GC(1765) Concurrent Mark From Roots 7.979ms
[25.568s][info   ][gc,marking  ] GC(1765) Concurrent Preclean
[25.569s][info   ][gc,marking  ] GC(1765) Concurrent Preclean 0.088ms
[25.569s][info   ][gc,start    ] GC(1765) Pause Remark
[25.570s][info   ][gc          ] GC(1765) Pause Remark 1377M->1377M(2048M) 0.576ms
[25.570s][info   ][gc,cpu      ] GC(1765) User=0.00s Sys=0.00s Real=0.00s
[25.570s][info   ][gc,marking  ] GC(1765) Concurrent Mark 9.845ms
[25.570s][info   ][gc,marking  ] GC(1765) Concurrent Rebuild Remembered Sets
[25.578s][info   ][gc,marking  ] GC(1765) Concurrent Rebuild Remembered Sets 8.183ms
[25.579s][info   ][gc,start    ] GC(1765) Pause Cleanup
[25.580s][info   ][gc          ] GC(1765) Pause Cleanup 1513M->1513M(2048M) 0.260ms
[25.580s][info   ][gc,cpu      ] GC(1765) User=0.00s Sys=0.00s Real=0.00s
[25.580s][info   ][gc,marking  ] GC(1765) Concurrent Cleanup for Next Mark
[25.590s][info   ][gc,marking  ] GC(1765) Concurrent Cleanup for Next Mark 10.146ms
[25.590s][info   ][gc          ] GC(1765) Concurrent Mark Cycle 29.878ms
[25.591s][info   ][gc,start    ] GC(1766) Pause Young (Concurrent Start) (G1 Humongous Allocation)
[25.591s][info   ][gc,task     ] GC(1766) Using 4 workers of 4 for evacuation
[25.592s][info   ][gc,phases   ] GC(1766)   Pre Evacuate Collection Set: 0.2ms
[25.592s][info   ][gc,phases   ] GC(1766)   Merge Heap Roots: 0.3ms
[25.592s][info   ][gc,phases   ] GC(1766)   Evacuate Collection Set: 0.2ms
[25.592s][info   ][gc,phases   ] GC(1766)   Post Evacuate Collection Set: 0.5ms
[25.592s][info   ][gc,phases   ] GC(1766)   Other: 0.1ms
[25.592s][info   ][gc,heap     ] GC(1766) Eden regions: 0->0(560)
[25.592s][info   ][gc,heap     ] GC(1766) Survivor regions: 0->0(70)
[25.592s][info   ][gc,heap     ] GC(1766) Old regions: 1->1
[25.592s][info   ][gc,heap     ] GC(1766) Archive regions: 2->2
[25.592s][info   ][gc,heap     ] GC(1766) Humongous regions: 1632->1242
[25.592s][info   ][gc,metaspace] GC(1766) Metaspace: 158K(384K)->158K(384K) NonClass: 150K(256K)->150K(256K) Class: 8K(128K)->8K(128K)
[25.592s][info   ][gc          ] GC(1766) Pause Young (Concurrent Start) (G1 Humongous Allocation) 1633M->1243M(2048M) 1.441ms
[25.592s][info   ][gc,cpu      ] GC(1766) User=0.00s Sys=0.00s Real=0.00s
[25.592s][info   ][gc          ] GC(1767) Concurrent Mark Cycle
[25.592s][info   ][gc,marking  ] GC(1767) Concurrent Clear Claimed Marks
[25.592s][info   ][gc,marking  ] GC(1767) Concurrent Clear Claimed Marks 0.006ms
[25.592s][info   ][gc,marking  ] GC(1767) Concurrent Scan Root Regions
[25.592s][info   ][gc,marking  ] GC(1767) Concurrent Scan Root Regions 0.005ms
[25.592s][info   ][gc,marking  ] GC(1767) Concurrent Mark
[25.592s][info   ][gc,marking  ] GC(1767) Concurrent Mark From Roots
[25.592s][info   ][gc,task     ] GC(1767) Using 1 workers of 1 for marking
[25.598s][info   ][gc,marking  ] GC(1767) Concurrent Mark From Roots 6.251ms
[25.599s][info   ][gc,marking  ] GC(1767) Concurrent Preclean
[25.599s][info   ][gc,marking  ] GC(1767) Concurrent Preclean 0.089ms
[25.599s][info   ][gc,start    ] GC(1767) Pause Remark
[25.600s][info   ][gc          ] GC(1767) Pause Remark 1307M->1307M(2048M) 0.575ms
[25.600s][info   ][gc,cpu      ] GC(1767) User=0.01s Sys=0.00s Real=0.00s
[25.600s][info   ][gc,marking  ] GC(1767) Concurrent Mark 7.514ms
[25.600s][info   ][gc,marking  ] GC(1767) Concurrent Rebuild Remembered Sets
[25.607s][info   ][gc,marking  ] GC(1767) Concurrent Rebuild Remembered Sets 7.432ms
[25.608s][info   ][gc,start    ] GC(1767) Pause Cleanup
[25.609s][info   ][gc          ] GC(1767) Pause Cleanup 1419M->1419M(2048M) 0.372ms
[25.609s][info   ][gc,cpu      ] GC(1767) User=0.00s Sys=0.00s Real=0.00s
[25.609s][info   ][gc,marking  ] GC(1767) Concurrent Cleanup for Next Mark
[25.624s][info   ][gc,marking  ] GC(1767) Concurrent Cleanup for Next Mark 15.395ms
[25.624s][info   ][gc          ] GC(1767) Concurrent Mark Cycle 32.109ms
[25.625s][info   ][gc,start    ] GC(1768) Pause Young (Concurrent Start) (G1 Humongous Allocation)
[25.625s][info   ][gc,task     ] GC(1768) Using 4 workers of 4 for evacuation
[25.627s][info   ][gc,phases   ] GC(1768)   Pre Evacuate Collection Set: 0.2ms
[25.627s][info   ][gc,phases   ] GC(1768)   Merge Heap Roots: 0.3ms
[25.627s][info   ][gc,phases   ] GC(1768)   Evacuate Collection Set: 0.3ms
[25.627s][info   ][gc,phases   ] GC(1768)   Post Evacuate Collection Set: 0.6ms
[25.627s][info   ][gc,phases   ] GC(1768)   Other: 0.1ms
[25.627s][info   ][gc,heap     ] GC(1768) Eden regions: 0->0(657)
[25.627s][info   ][gc,heap     ] GC(1768) Survivor regions: 0->0(70)
[25.627s][info   ][gc,heap     ] GC(1768) Old regions: 1->1
[25.627s][info   ][gc,heap     ] GC(1768) Archive regions: 2->2
[25.627s][info   ][gc,heap     ] GC(1768) Humongous regions: 1616->1138
[25.627s][info   ][gc,metaspace] GC(1768) Metaspace: 158K(384K)->158K(384K) NonClass: 150K(256K)->150K(256K) Class: 8K(128K)->8K(128K)
[25.627s][info   ][gc          ] GC(1768) Pause Young (Concurrent Start) (G1 Humongous Allocation) 1617M->1139M(2048M) 1.566ms
[25.627s][info   ][gc,cpu      ] GC(1768) User=0.00s Sys=0.00s Real=0.00s
[25.627s][info   ][gc          ] GC(1769) Concurrent Mark Cycle
[25.627s][info   ][gc,marking  ] GC(1769) Concurrent Clear Claimed Marks
[25.627s][info   ][gc,marking  ] GC(1769) Concurrent Clear Claimed Marks 0.007ms
[25.627s][info   ][gc,marking  ] GC(1769) Concurrent Scan Root Regions
[25.627s][info   ][gc,marking  ] GC(1769) Concurrent Scan Root Regions 0.006ms
[25.627s][info   ][gc,marking  ] GC(1769) Concurrent Mark
[25.627s][info   ][gc,marking  ] GC(1769) Concurrent Mark From Roots
[25.627s][info   ][gc,task     ] GC(1769) Using 1 workers of 1 for marking
[25.634s][info   ][gc,marking  ] GC(1769) Concurrent Mark From Roots 6.989ms
[25.634s][info   ][gc,marking  ] GC(1769) Concurrent Preclean
[25.634s][info   ][gc,marking  ] GC(1769) Concurrent Preclean 0.096ms
[25.635s][info   ][gc,start    ] GC(1769) Pause Remark
[25.636s][info   ][gc          ] GC(1769) Pause Remark 1271M->1271M(2048M) 0.862ms
[25.636s][info   ][gc,cpu      ] GC(1769) User=0.00s Sys=0.00s Real=0.00s
[25.636s][info   ][gc,marking  ] GC(1769) Concurrent Mark 9.267ms
[25.636s][info   ][gc,marking  ] GC(1769) Concurrent Rebuild Remembered Sets
[25.643s][info   ][gc,marking  ] GC(1769) Concurrent Rebuild Remembered Sets 7.202ms
[25.644s][info   ][gc,start    ] GC(1769) Pause Cleanup
[25.645s][info   ][gc          ] GC(1769) Pause Cleanup 1383M->1383M(2048M) 0.219ms
[25.645s][info   ][gc,cpu      ] GC(1769) User=0.00s Sys=0.00s Real=0.00s
[25.645s][info   ][gc,marking  ] GC(1769) Concurrent Cleanup for Next Mark
[25.660s][info   ][gc,marking  ] GC(1769) Concurrent Cleanup for Next Mark 14.805ms
[25.660s][info   ][gc          ] GC(1769) Concurrent Mark Cycle 32.809ms
[25.661s][info   ][gc,start    ] GC(1770) Pause Young (Concurrent Start) (G1 Humongous Allocation)
[25.661s][info   ][gc,task     ] GC(1770) Using 4 workers of 4 for evacuation
[25.662s][info   ][gc,phases   ] GC(1770)   Pre Evacuate Collection Set: 0.2ms
[25.662s][info   ][gc,phases   ] GC(1770)   Merge Heap Roots: 0.2ms
[25.662s][info   ][gc,phases   ] GC(1770)   Evacuate Collection Set: 0.3ms
[25.662s][info   ][gc,phases   ] GC(1770)   Post Evacuate Collection Set: 0.8ms
[25.662s][info   ][gc,phases   ] GC(1770)   Other: 0.2ms
[25.662s][info   ][gc,heap     ] GC(1770) Eden regions: 0->0(702)
[25.662s][info   ][gc,heap     ] GC(1770) Survivor regions: 0->0(83)
[25.662s][info   ][gc,heap     ] GC(1770) Old regions: 1->1
[25.662s][info   ][gc,heap     ] GC(1770) Archive regions: 2->2
[25.662s][info   ][gc,heap     ] GC(1770) Humongous regions: 1556->1090
[25.663s][info   ][gc,metaspace] GC(1770) Metaspace: 158K(384K)->158K(384K) NonClass: 150K(256K)->150K(256K) Class: 8K(128K)->8K(128K)
[25.663s][info   ][gc          ] GC(1770) Pause Young (Concurrent Start) (G1 Humongous Allocation) 1557M->1091M(2048M) 1.829ms
[25.663s][info   ][gc,cpu      ] GC(1770) User=0.00s Sys=0.00s Real=0.00s
[25.663s][info   ][gc          ] GC(1771) Concurrent Mark Cycle
[25.663s][info   ][gc,marking  ] GC(1771) Concurrent Clear Claimed Marks
[25.663s][info   ][gc,marking  ] GC(1771) Concurrent Clear Claimed Marks 0.006ms
[25.663s][info   ][gc,marking  ] GC(1771) Concurrent Scan Root Regions
[25.663s][info   ][gc,marking  ] GC(1771) Concurrent Scan Root Regions 0.006ms
[25.663s][info   ][gc,marking  ] GC(1771) Concurrent Mark
[25.663s][info   ][gc,marking  ] GC(1771) Concurrent Mark From Roots
[25.663s][info   ][gc,task     ] GC(1771) Using 1 workers of 1 for marking
[25.671s][info   ][gc,marking  ] GC(1771) Concurrent Mark From Roots 7.877ms
[25.671s][info   ][gc,marking  ] GC(1771) Concurrent Preclean
[25.671s][info   ][gc,marking  ] GC(1771) Concurrent Preclean 0.146ms
[25.671s][info   ][gc,start    ] GC(1771) Pause Remark
[25.672s][info   ][gc          ] GC(1771) Pause Remark 1191M->1191M(2048M) 0.580ms
[25.672s][info   ][gc,cpu      ] GC(1771) User=0.00s Sys=0.00s Real=0.00s
[25.672s][info   ][gc,marking  ] GC(1771) Concurrent Mark 9.434ms
[25.672s][info   ][gc,marking  ] GC(1771) Concurrent Rebuild Remembered Sets
[25.678s][info   ][gc,marking  ] GC(1771) Concurrent Rebuild Remembered Sets 5.799ms
[25.678s][info   ][gc,start    ] GC(1771) Pause Cleanup
[25.679s][info   ][gc          ] GC(1771) Pause Cleanup 1289M->1289M(2048M) 0.200ms
[25.679s][info   ][gc,cpu      ] GC(1771) User=0.00s Sys=0.00s Real=0.00s
[25.679s][info   ][gc,marking  ] GC(1771) Concurrent Cleanup for Next Mark
[25.695s][info   ][gc,marking  ] GC(1771) Concurrent Cleanup for Next Mark 15.873ms
[25.695s][info   ][gc          ] GC(1771) Concurrent Mark Cycle 32.318ms
[25.696s][info   ][gc,start    ] GC(1772) Pause Young (Concurrent Start) (G1 Humongous Allocation)
[25.696s][info   ][gc,task     ] GC(1772) Using 4 workers of 4 for evacuation
[25.698s][info   ][gc,phases   ] GC(1772)   Pre Evacuate Collection Set: 0.3ms
[25.698s][info   ][gc,phases   ] GC(1772)   Merge Heap Roots: 0.2ms
[25.698s][info   ][gc,phases   ] GC(1772)   Evacuate Collection Set: 0.3ms
[25.698s][info   ][gc,phases   ] GC(1772)   Post Evacuate Collection Set: 0.4ms
[25.698s][info   ][gc,phases   ] GC(1772)   Other: 0.2ms
[25.698s][info   ][gc,heap     ] GC(1772) Eden regions: 0->0(631)
[25.698s][info   ][gc,heap     ] GC(1772) Survivor regions: 0->0(88)
[25.698s][info   ][gc,heap     ] GC(1772) Old regions: 1->1
[25.698s][info   ][gc,heap     ] GC(1772) Archive regions: 2->2
[25.698s][info   ][gc,heap     ] GC(1772) Humongous regions: 1468->1166
[25.698s][info   ][gc,metaspace] GC(1772) Metaspace: 158K(384K)->158K(384K) NonClass: 150K(256K)->150K(256K) Class: 8K(128K)->8K(128K)
[25.698s][info   ][gc          ] GC(1772) Pause Young (Concurrent Start) (G1 Humongous Allocation) 1469M->1167M(2048M) 1.462ms
[25.698s][info   ][gc,cpu      ] GC(1772) User=0.01s Sys=0.00s Real=0.00s
[25.698s][info   ][gc          ] GC(1773) Concurrent Mark Cycle
[25.698s][info   ][gc,marking  ] GC(1773) Concurrent Clear Claimed Marks
[25.698s][info   ][gc,marking  ] GC(1773) Concurrent Clear Claimed Marks 0.007ms
[25.698s][info   ][gc,marking  ] GC(1773) Concurrent Scan Root Regions
[25.698s][info   ][gc,marking  ] GC(1773) Concurrent Scan Root Regions 0.006ms
[25.698s][info   ][gc,marking  ] GC(1773) Concurrent Mark
[25.698s][info   ][gc,marking  ] GC(1773) Concurrent Mark From Roots
[25.698s][info   ][gc,task     ] GC(1773) Using 1 workers of 1 for marking
[25.704s][info   ][gc,marking  ] GC(1773) Concurrent Mark From Roots 6.707ms
[25.705s][info   ][gc,marking  ] GC(1773) Concurrent Preclean
[25.705s][info   ][gc,marking  ] GC(1773) Concurrent Preclean 0.131ms
[25.705s][info   ][gc,start    ] GC(1773) Pause Remark
[25.706s][info   ][gc          ] GC(1773) Pause Remark 1261M->1261M(2048M) 0.574ms
[25.706s][info   ][gc,cpu      ] GC(1773) User=0.00s Sys=0.00s Real=0.00s
[25.706s][info   ][gc,marking  ] GC(1773) Concurrent Mark 8.322ms
[25.706s][info   ][gc,marking  ] GC(1773) Concurrent Rebuild Remembered Sets
[25.713s][info   ][gc,marking  ] GC(1773) Concurrent Rebuild Remembered Sets 7.363ms
[25.715s][info   ][gc,start    ] GC(1773) Pause Cleanup
[25.715s][info   ][gc          ] GC(1773) Pause Cleanup 1389M->1389M(2048M) 0.354ms
[25.715s][info   ][gc,cpu      ] GC(1773) User=0.00s Sys=0.00s Real=0.00s
[25.715s][info   ][gc,marking  ] GC(1773) Concurrent Cleanup for Next Mark
[25.729s][info   ][gc,marking  ] GC(1773) Concurrent Cleanup for Next Mark 13.835ms
[25.729s][info   ][gc          ] GC(1773) Concurrent Mark Cycle 31.403ms
[25.730s][info   ][gc,start    ] GC(1774) Pause Young (Concurrent Start) (G1 Humongous Allocation)
[25.730s][info   ][gc,task     ] GC(1774) Using 4 workers of 4 for evacuation
[25.731s][info   ][gc,phases   ] GC(1774)   Pre Evacuate Collection Set: 0.3ms
[25.731s][info   ][gc,phases   ] GC(1774)   Merge Heap Roots: 0.4ms
[25.732s][info   ][gc,phases   ] GC(1774)   Evacuate Collection Set: 0.3ms
[25.732s][info   ][gc,phases   ] GC(1774)   Post Evacuate Collection Set: 0.7ms
[25.732s][info   ][gc,phases   ] GC(1774)   Other: 0.1ms
[25.732s][info   ][gc,heap     ] GC(1774) Eden regions: 0->0(676)
[25.732s][info   ][gc,heap     ] GC(1774) Survivor regions: 0->0(79)
[25.732s][info   ][gc,heap     ] GC(1774) Old regions: 1->1
[25.732s][info   ][gc,heap     ] GC(1774) Archive regions: 2->2
[25.732s][info   ][gc,heap     ] GC(1774) Humongous regions: 1572->1118
[25.732s][info   ][gc,metaspace] GC(1774) Metaspace: 158K(384K)->158K(384K) NonClass: 150K(256K)->150K(256K) Class: 8K(128K)->8K(128K)
[25.732s][info   ][gc          ] GC(1774) Pause Young (Concurrent Start) (G1 Humongous Allocation) 1573M->1119M(2048M) 1.850ms
[25.732s][info   ][gc,cpu      ] GC(1774) User=0.00s Sys=0.00s Real=0.00s
[25.732s][info   ][gc          ] GC(1775) Concurrent Mark Cycle
[25.732s][info   ][gc,marking  ] GC(1775) Concurrent Clear Claimed Marks
[25.732s][info   ][gc,marking  ] GC(1775) Concurrent Clear Claimed Marks 0.008ms
[25.732s][info   ][gc,marking  ] GC(1775) Concurrent Scan Root Regions
[25.732s][info   ][gc,marking  ] GC(1775) Concurrent Scan Root Regions 0.006ms
[25.732s][info   ][gc,marking  ] GC(1775) Concurrent Mark
[25.732s][info   ][gc,marking  ] GC(1775) Concurrent Mark From Roots
[25.732s][info   ][gc,task     ] GC(1775) Using 1 workers of 1 for marking
[25.738s][info   ][gc,marking  ] GC(1775) Concurrent Mark From Roots 6.376ms
[25.738s][info   ][gc,marking  ] GC(1775) Concurrent Preclean
[25.738s][info   ][gc,marking  ] GC(1775) Concurrent Preclean 0.080ms
[25.739s][info   ][gc,start    ] GC(1775) Pause Remark
[25.739s][info   ][gc          ] GC(1775) Pause Remark 1229M->1229M(2048M) 0.591ms
[25.739s][info   ][gc,cpu      ] GC(1775) User=0.00s Sys=0.01s Real=0.00s
[25.739s][info   ][gc,marking  ] GC(1775) Concurrent Mark 7.698ms
[25.739s][info   ][gc,marking  ] GC(1775) Concurrent Rebuild Remembered Sets
[25.746s][info   ][gc,marking  ] GC(1775) Concurrent Rebuild Remembered Sets 6.737ms
[25.747s][info   ][gc,start    ] GC(1775) Pause Cleanup
[25.747s][info   ][gc          ] GC(1775) Pause Cleanup 1351M->1351M(2048M) 0.218ms
[25.747s][info   ][gc,cpu      ] GC(1775) User=0.00s Sys=0.00s Real=0.00s
[25.748s][info   ][gc,marking  ] GC(1775) Concurrent Cleanup for Next Mark
[25.759s][info   ][gc,marking  ] GC(1775) Concurrent Cleanup for Next Mark 11.219ms
[25.759s][info   ][gc          ] GC(1775) Concurrent Mark Cycle 27.280ms
[25.759s][info   ][gc,start    ] GC(1776) Pause Young (Concurrent Start) (G1 Humongous Allocation)
[25.759s][info   ][gc,task     ] GC(1776) Using 4 workers of 4 for evacuation
[25.761s][info   ][gc,phases   ] GC(1776)   Pre Evacuate Collection Set: 0.2ms
[25.761s][info   ][gc,phases   ] GC(1776)   Merge Heap Roots: 0.2ms
[25.761s][info   ][gc,phases   ] GC(1776)   Evacuate Collection Set: 0.5ms
[25.761s][info   ][gc,phases   ] GC(1776)   Post Evacuate Collection Set: 0.4ms
[25.761s][info   ][gc,phases   ] GC(1776)   Other: 0.2ms
[25.761s][info   ][gc,heap     ] GC(1776) Eden regions: 0->0(656)
[25.761s][info   ][gc,heap     ] GC(1776) Survivor regions: 0->0(85)
[25.761s][info   ][gc,heap     ] GC(1776) Old regions: 1->1
[25.761s][info   ][gc,heap     ] GC(1776) Archive regions: 2->2
[25.761s][info   ][gc,heap     ] GC(1776) Humongous regions: 1486->1140
[25.761s][info   ][gc,metaspace] GC(1776) Metaspace: 158K(384K)->158K(384K) NonClass: 150K(256K)->150K(256K) Class: 8K(128K)->8K(128K)
[25.761s][info   ][gc          ] GC(1776) Pause Young (Concurrent Start) (G1 Humongous Allocation) 1487M->1141M(2048M) 1.637ms
[25.761s][info   ][gc,cpu      ] GC(1776) User=0.01s Sys=0.00s Real=0.00s
[25.761s][info   ][gc          ] GC(1777) Concurrent Mark Cycle
[25.761s][info   ][gc,marking  ] GC(1777) Concurrent Clear Claimed Marks
[25.761s][info   ][gc,marking  ] GC(1777) Concurrent Clear Claimed Marks 0.010ms
[25.761s][info   ][gc,marking  ] GC(1777) Concurrent Scan Root Regions
[25.761s][info   ][gc,marking  ] GC(1777) Concurrent Scan Root Regions 0.005ms
[25.761s][info   ][gc,marking  ] GC(1777) Concurrent Mark
[25.761s][info   ][gc,marking  ] GC(1777) Concurrent Mark From Roots
[25.761s][info   ][gc,task     ] GC(1777) Using 1 workers of 1 for marking
[25.768s][info   ][gc,marking  ] GC(1777) Concurrent Mark From Roots 7.244ms
[25.768s][info   ][gc,marking  ] GC(1777) Concurrent Preclean
[25.769s][info   ][gc,marking  ] GC(1777) Concurrent Preclean 0.102ms
[25.769s][info   ][gc,start    ] GC(1777) Pause Remark
[25.770s][info   ][gc          ] GC(1777) Pause Remark 1265M->1265M(2048M) 0.618ms
[25.770s][info   ][gc,cpu      ] GC(1777) User=0.00s Sys=0.00s Real=0.00s
[25.770s][info   ][gc,marking  ] GC(1777) Concurrent Mark 8.793ms
[25.770s][info   ][gc,marking  ] GC(1777) Concurrent Rebuild Remembered Sets
[25.777s][info   ][gc,marking  ] GC(1777) Concurrent Rebuild Remembered Sets 7.227ms
[25.778s][info   ][gc,start    ] GC(1777) Pause Cleanup
[25.778s][info   ][gc          ] GC(1777) Pause Cleanup 1395M->1395M(2048M) 0.230ms
[25.778s][info   ][gc,cpu      ] GC(1777) User=0.00s Sys=0.00s Real=0.01s
[25.778s][info   ][gc,marking  ] GC(1777) Concurrent Cleanup for Next Mark
[25.796s][info   ][gc,marking  ] GC(1777) Concurrent Cleanup for Next Mark 17.949ms
[25.796s][info   ][gc          ] GC(1777) Concurrent Mark Cycle 35.452ms
[25.798s][info   ][gc,start    ] GC(1778) Pause Young (Concurrent Start) (G1 Humongous Allocation)
[25.798s][info   ][gc,task     ] GC(1778) Using 4 workers of 4 for evacuation
[25.799s][info   ][gc,phases   ] GC(1778)   Pre Evacuate Collection Set: 0.4ms
[25.800s][info   ][gc,phases   ] GC(1778)   Merge Heap Roots: 0.3ms
[25.800s][info   ][gc,phases   ] GC(1778)   Evacuate Collection Set: 0.3ms
[25.800s][info   ][gc,phases   ] GC(1778)   Post Evacuate Collection Set: 0.7ms
[25.800s][info   ][gc,phases   ] GC(1778)   Other: 0.3ms
[25.800s][info   ][gc,heap     ] GC(1778) Eden regions: 0->0(657)
[25.800s][info   ][gc,heap     ] GC(1778) Survivor regions: 0->0(82)
[25.800s][info   ][gc,heap     ] GC(1778) Old regions: 1->1
[25.800s][info   ][gc,heap     ] GC(1778) Archive regions: 2->2
[25.800s][info   ][gc,heap     ] GC(1778) Humongous regions: 1580->1138
[25.800s][info   ][gc,metaspace] GC(1778) Metaspace: 158K(384K)->158K(384K) NonClass: 150K(256K)->150K(256K) Class: 8K(128K)->8K(128K)
[25.800s][info   ][gc          ] GC(1778) Pause Young (Concurrent Start) (G1 Humongous Allocation) 1581M->1139M(2048M) 2.071ms
[25.800s][info   ][gc,cpu      ] GC(1778) User=0.00s Sys=0.00s Real=0.01s
[25.800s][info   ][gc          ] GC(1779) Concurrent Mark Cycle
[25.800s][info   ][gc,marking  ] GC(1779) Concurrent Clear Claimed Marks
[25.800s][info   ][gc,marking  ] GC(1779) Concurrent Clear Claimed Marks 0.009ms
[25.800s][info   ][gc,marking  ] GC(1779) Concurrent Scan Root Regions
[25.800s][info   ][gc,marking  ] GC(1779) Concurrent Scan Root Regions 0.006ms
[25.800s][info   ][gc,marking  ] GC(1779) Concurrent Mark
[25.800s][info   ][gc,marking  ] GC(1779) Concurrent Mark From Roots
[25.800s][info   ][gc,task     ] GC(1779) Using 1 workers of 1 for marking
[25.808s][info   ][gc,marking  ] GC(1779) Concurrent Mark From Roots 8.156ms
[25.808s][info   ][gc,marking  ] GC(1779) Concurrent Preclean
[25.808s][info   ][gc,marking  ] GC(1779) Concurrent Preclean 0.085ms
[25.808s][info   ][gc,start    ] GC(1779) Pause Remark
[25.809s][info   ][gc          ] GC(1779) Pause Remark 1243M->1243M(2048M) 1.029ms
[25.809s][info   ][gc,cpu      ] GC(1779) User=0.00s Sys=0.01s Real=0.00s
[25.809s][info   ][gc,marking  ] GC(1779) Concurrent Mark 9.601ms
[25.809s][info   ][gc,marking  ] GC(1779) Concurrent Rebuild Remembered Sets
[25.818s][info   ][gc,marking  ] GC(1779) Concurrent Rebuild Remembered Sets 8.705ms
[25.824s][info   ][gc,start    ] GC(1779) Pause Cleanup
[25.824s][info   ][gc          ] GC(1779) Pause Cleanup 1391M->1391M(2048M) 0.406ms
[25.824s][info   ][gc,cpu      ] GC(1779) User=0.00s Sys=0.00s Real=0.00s
[25.824s][info   ][gc,marking  ] GC(1779) Concurrent Cleanup for Next Mark
[25.838s][info   ][gc,marking  ] GC(1779) Concurrent Cleanup for Next Mark 14.009ms
[25.838s][info   ][gc          ] GC(1779) Concurrent Mark Cycle 38.681ms
[25.839s][info   ][gc,start    ] GC(1780) Pause Young (Concurrent Start) (G1 Humongous Allocation)
[25.839s][info   ][gc,task     ] GC(1780) Using 4 workers of 4 for evacuation
[25.841s][info   ][gc,phases   ] GC(1780)   Pre Evacuate Collection Set: 0.2ms
[25.841s][info   ][gc,phases   ] GC(1780)   Merge Heap Roots: 0.2ms
[25.841s][info   ][gc,phases   ] GC(1780)   Evacuate Collection Set: 0.2ms
[25.841s][info   ][gc,phases   ] GC(1780)   Post Evacuate Collection Set: 0.6ms
[25.841s][info   ][gc,phases   ] GC(1780)   Other: 0.1ms
[25.841s][info   ][gc,heap     ] GC(1780) Eden regions: 0->0(682)
[25.841s][info   ][gc,heap     ] GC(1780) Survivor regions: 0->0(83)
[25.841s][info   ][gc,heap     ] GC(1780) Old regions: 1->1
[25.841s][info   ][gc,heap     ] GC(1780) Archive regions: 2->2
[25.841s][info   ][gc,heap     ] GC(1780) Humongous regions: 1566->1112
[25.841s][info   ][gc,metaspace] GC(1780) Metaspace: 158K(384K)->158K(384K) NonClass: 150K(256K)->150K(256K) Class: 8K(128K)->8K(128K)
[25.841s][info   ][gc          ] GC(1780) Pause Young (Concurrent Start) (G1 Humongous Allocation) 1567M->1113M(2048M) 1.447ms
[25.841s][info   ][gc,cpu      ] GC(1780) User=0.00s Sys=0.00s Real=0.00s
[25.841s][info   ][gc          ] GC(1781) Concurrent Mark Cycle
[25.841s][info   ][gc,marking  ] GC(1781) Concurrent Clear Claimed Marks
[25.841s][info   ][gc,marking  ] GC(1781) Concurrent Clear Claimed Marks 0.007ms
[25.841s][info   ][gc,marking  ] GC(1781) Concurrent Scan Root Regions
[25.841s][info   ][gc,marking  ] GC(1781) Concurrent Scan Root Regions 0.006ms
[25.841s][info   ][gc,marking  ] GC(1781) Concurrent Mark
[25.841s][info   ][gc,marking  ] GC(1781) Concurrent Mark From Roots
[25.841s][info   ][gc,task     ] GC(1781) Using 1 workers of 1 for marking
[25.849s][info   ][gc,marking  ] GC(1781) Concurrent Mark From Roots 7.544ms
[25.849s][info   ][gc,marking  ] GC(1781) Concurrent Preclean
[25.849s][info   ][gc,marking  ] GC(1781) Concurrent Preclean 0.088ms
[25.849s][info   ][gc,start    ] GC(1781) Pause Remark
[25.850s][info   ][gc          ] GC(1781) Pause Remark 1237M->1237M(2048M) 0.585ms
[25.850s][info   ][gc,cpu      ] GC(1781) User=0.00s Sys=0.00s Real=0.00s
[25.850s][info   ][gc,marking  ] GC(1781) Concurrent Mark 8.903ms
[25.850s][info   ][gc,marking  ] GC(1781) Concurrent Rebuild Remembered Sets
[25.856s][info   ][gc,marking  ] GC(1781) Concurrent Rebuild Remembered Sets 6.425ms
[25.858s][info   ][gc,start    ] GC(1781) Pause Cleanup
[25.858s][info   ][gc          ] GC(1781) Pause Cleanup 1345M->1345M(2048M) 0.219ms
[25.858s][info   ][gc,cpu      ] GC(1781) User=0.00s Sys=0.00s Real=0.00s
[25.858s][info   ][gc,marking  ] GC(1781) Concurrent Cleanup for Next Mark
[25.874s][info   ][gc,marking  ] GC(1781) Concurrent Cleanup for Next Mark 15.474ms
[25.874s][info   ][gc          ] GC(1781) Concurrent Mark Cycle 32.727ms
[25.875s][info   ][gc,start    ] GC(1782) Pause Young (Concurrent Start) (G1 Humongous Allocation)
[25.875s][info   ][gc,task     ] GC(1782) Using 4 workers of 4 for evacuation
[25.876s][info   ][gc,phases   ] GC(1782)   Pre Evacuate Collection Set: 0.2ms
[25.876s][info   ][gc,phases   ] GC(1782)   Merge Heap Roots: 0.3ms
[25.876s][info   ][gc,phases   ] GC(1782)   Evacuate Collection Set: 0.2ms
[25.876s][info   ][gc,phases   ] GC(1782)   Post Evacuate Collection Set: 0.5ms
[25.876s][info   ][gc,phases   ] GC(1782)   Other: 0.2ms
[25.876s][info   ][gc,heap     ] GC(1782) Eden regions: 0->0(629)
[25.876s][info   ][gc,heap     ] GC(1782) Survivor regions: 0->0(86)
[25.876s][info   ][gc,heap     ] GC(1782) Old regions: 1->1
[25.876s][info   ][gc,heap     ] GC(1782) Archive regions: 2->2
[25.876s][info   ][gc,heap     ] GC(1782) Humongous regions: 1542->1168
[25.876s][info   ][gc,metaspace] GC(1782) Metaspace: 158K(384K)->158K(384K) NonClass: 150K(256K)->150K(256K) Class: 8K(128K)->8K(128K)
[25.876s][info   ][gc          ] GC(1782) Pause Young (Concurrent Start) (G1 Humongous Allocation) 1543M->1169M(2048M) 1.485ms
[25.876s][info   ][gc,cpu      ] GC(1782) User=0.00s Sys=0.00s Real=0.00s
[25.876s][info   ][gc          ] GC(1783) Concurrent Mark Cycle
[25.876s][info   ][gc,marking  ] GC(1783) Concurrent Clear Claimed Marks
[25.876s][info   ][gc,marking  ] GC(1783) Concurrent Clear Claimed Marks 0.007ms
[25.876s][info   ][gc,marking  ] GC(1783) Concurrent Scan Root Regions
[25.876s][info   ][gc,marking  ] GC(1783) Concurrent Scan Root Regions 0.006ms
[25.876s][info   ][gc,marking  ] GC(1783) Concurrent Mark
[25.876s][info   ][gc,marking  ] GC(1783) Concurrent Mark From Roots
[25.876s][info   ][gc,task     ] GC(1783) Using 1 workers of 1 for marking
[25.883s][info   ][gc,marking  ] GC(1783) Concurrent Mark From Roots 6.646ms
[25.883s][info   ][gc,marking  ] GC(1783) Concurrent Preclean
[25.883s][info   ][gc,marking  ] GC(1783) Concurrent Preclean 0.118ms
[25.884s][info   ][gc,start    ] GC(1783) Pause Remark
[25.884s][info   ][gc          ] GC(1783) Pause Remark 1285M->1285M(2048M) 0.563ms
[25.884s][info   ][gc,cpu      ] GC(1783) User=0.00s Sys=0.00s Real=0.00s
[25.884s][info   ][gc,marking  ] GC(1783) Concurrent Mark 8.215ms
[25.884s][info   ][gc,marking  ] GC(1783) Concurrent Rebuild Remembered Sets
[25.891s][info   ][gc,marking  ] GC(1783) Concurrent Rebuild Remembered Sets 6.929ms
[25.892s][info   ][gc,start    ] GC(1783) Pause Cleanup
[25.892s][info   ][gc          ] GC(1783) Pause Cleanup 1403M->1403M(2048M) 0.261ms
[25.892s][info   ][gc,cpu      ] GC(1783) User=0.00s Sys=0.00s Real=0.00s
[25.892s][info   ][gc,marking  ] GC(1783) Concurrent Cleanup for Next Mark
[25.906s][info   ][gc,marking  ] GC(1783) Concurrent Cleanup for Next Mark 13.940ms
[25.906s][info   ][gc          ] GC(1783) Concurrent Mark Cycle 30.267ms
[25.907s][info   ][gc,start    ] GC(1784) Pause Young (Concurrent Start) (G1 Humongous Allocation)
[25.907s][info   ][gc,task     ] GC(1784) Using 4 workers of 4 for evacuation
[25.908s][info   ][gc,phases   ] GC(1784)   Pre Evacuate Collection Set: 0.2ms
[25.908s][info   ][gc,phases   ] GC(1784)   Merge Heap Roots: 0.2ms
[25.908s][info   ][gc,phases   ] GC(1784)   Evacuate Collection Set: 0.2ms
[25.908s][info   ][gc,phases   ] GC(1784)   Post Evacuate Collection Set: 0.6ms
[25.908s][info   ][gc,phases   ] GC(1784)   Other: 0.1ms
[25.908s][info   ][gc,heap     ] GC(1784) Eden regions: 0->0(695)
[25.908s][info   ][gc,heap     ] GC(1784) Survivor regions: 0->0(79)
[25.908s][info   ][gc,heap     ] GC(1784) Old regions: 1->1
[25.908s][info   ][gc,heap     ] GC(1784) Archive regions: 2->2
[25.908s][info   ][gc,heap     ] GC(1784) Humongous regions: 1568->1098
[25.908s][info   ][gc,metaspace] GC(1784) Metaspace: 158K(384K)->158K(384K) NonClass: 150K(256K)->150K(256K) Class: 8K(128K)->8K(128K)
[25.908s][info   ][gc          ] GC(1784) Pause Young (Concurrent Start) (G1 Humongous Allocation) 1569M->1099M(2048M) 1.469ms
[25.908s][info   ][gc,cpu      ] GC(1784) User=0.00s Sys=0.00s Real=0.01s
[25.908s][info   ][gc          ] GC(1785) Concurrent Mark Cycle
[25.908s][info   ][gc,marking  ] GC(1785) Concurrent Clear Claimed Marks
[25.908s][info   ][gc,marking  ] GC(1785) Concurrent Clear Claimed Marks 0.007ms
[25.908s][info   ][gc,marking  ] GC(1785) Concurrent Scan Root Regions
[25.908s][info   ][gc,marking  ] GC(1785) Concurrent Scan Root Regions 0.005ms
[25.908s][info   ][gc,marking  ] GC(1785) Concurrent Mark
[25.908s][info   ][gc,marking  ] GC(1785) Concurrent Mark From Roots
[25.908s][info   ][gc,task     ] GC(1785) Using 1 workers of 1 for marking
[25.916s][info   ][gc,marking  ] GC(1785) Concurrent Mark From Roots 7.193ms
[25.916s][info   ][gc,marking  ] GC(1785) Concurrent Preclean
[25.916s][info   ][gc,marking  ] GC(1785) Concurrent Preclean 0.083ms
[25.917s][info   ][gc,start    ] GC(1785) Pause Remark
[25.917s][info   ][gc          ] GC(1785) Pause Remark 1221M->1221M(2048M) 0.633ms
[25.917s][info   ][gc,cpu      ] GC(1785) User=0.01s Sys=0.00s Real=0.00s
[25.917s][info   ][gc,marking  ] GC(1785) Concurrent Mark 9.119ms
[25.917s][info   ][gc,marking  ] GC(1785) Concurrent Rebuild Remembered Sets
[25.925s][info   ][gc,marking  ] GC(1785) Concurrent Rebuild Remembered Sets 7.186ms
[25.926s][info   ][gc,start    ] GC(1785) Pause Cleanup
[25.926s][info   ][gc          ] GC(1785) Pause Cleanup 1359M->1359M(2048M) 0.227ms
[25.926s][info   ][gc,cpu      ] GC(1785) User=0.00s Sys=0.00s Real=0.00s
[25.926s][info   ][gc,marking  ] GC(1785) Concurrent Cleanup for Next Mark
[25.940s][info   ][gc,marking  ] GC(1785) Concurrent Cleanup for Next Mark 14.269ms
[25.941s][info   ][gc          ] GC(1785) Concurrent Mark Cycle 32.286ms
[25.941s][info   ][gc,start    ] GC(1786) Pause Young (Concurrent Start) (G1 Humongous Allocation)
[25.941s][info   ][gc,task     ] GC(1786) Using 4 workers of 4 for evacuation
[25.943s][info   ][gc,phases   ] GC(1786)   Pre Evacuate Collection Set: 0.2ms
[25.943s][info   ][gc,phases   ] GC(1786)   Merge Heap Roots: 0.4ms
[25.943s][info   ][gc,phases   ] GC(1786)   Evacuate Collection Set: 0.2ms
[25.943s][info   ][gc,phases   ] GC(1786)   Post Evacuate Collection Set: 0.6ms
[25.943s][info   ][gc,phases   ] GC(1786)   Other: 0.2ms
[25.943s][info   ][gc,heap     ] GC(1786) Eden regions: 0->0(691)
[25.943s][info   ][gc,heap     ] GC(1786) Survivor regions: 0->0(87)
[25.943s][info   ][gc,heap     ] GC(1786) Old regions: 1->1
[25.943s][info   ][gc,heap     ] GC(1786) Archive regions: 2->2
[25.943s][info   ][gc,heap     ] GC(1786) Humongous regions: 1530->1102
[25.943s][info   ][gc,metaspace] GC(1786) Metaspace: 158K(384K)->158K(384K) NonClass: 150K(256K)->150K(256K) Class: 8K(128K)->8K(128K)
[25.943s][info   ][gc          ] GC(1786) Pause Young (Concurrent Start) (G1 Humongous Allocation) 1531M->1103M(2048M) 1.640ms
[25.943s][info   ][gc,cpu      ] GC(1786) User=0.00s Sys=0.00s Real=0.00s
[25.943s][info   ][gc          ] GC(1787) Concurrent Mark Cycle
[25.946s][info   ][gc,marking  ] GC(1787) Concurrent Clear Claimed Marks
[25.946s][info   ][gc,marking  ] GC(1787) Concurrent Clear Claimed Marks 0.071ms
[25.946s][info   ][gc,marking  ] GC(1787) Concurrent Scan Root Regions
[25.946s][info   ][gc,marking  ] GC(1787) Concurrent Scan Root Regions 0.009ms
[25.946s][info   ][gc,marking  ] GC(1787) Concurrent Mark
[25.946s][info   ][gc,marking  ] GC(1787) Concurrent Mark From Roots
[25.946s][info   ][gc,task     ] GC(1787) Using 1 workers of 1 for marking
[25.959s][info   ][gc,marking  ] GC(1787) Concurrent Mark From Roots 12.890ms
[25.959s][info   ][gc,marking  ] GC(1787) Concurrent Preclean
[25.959s][info   ][gc,marking  ] GC(1787) Concurrent Preclean 0.211ms
[25.960s][info   ][gc,start    ] GC(1787) Pause Remark
[25.961s][info   ][gc          ] GC(1787) Pause Remark 1349M->1349M(2048M) 0.831ms
[25.961s][info   ][gc,cpu      ] GC(1787) User=0.00s Sys=0.00s Real=0.00s
[25.961s][info   ][gc,marking  ] GC(1787) Concurrent Mark 15.178ms
[25.961s][info   ][gc,marking  ] GC(1787) Concurrent Rebuild Remembered Sets
[25.971s][info   ][gc,marking  ] GC(1787) Concurrent Rebuild Remembered Sets 9.951ms
[25.972s][info   ][gc,start    ] GC(1787) Pause Cleanup
[25.972s][info   ][gc          ] GC(1787) Pause Cleanup 1519M->1519M(2048M) 0.258ms
[25.972s][info   ][gc,cpu      ] GC(1787) User=0.00s Sys=0.00s Real=0.00s
[25.972s][info   ][gc,marking  ] GC(1787) Concurrent Cleanup for Next Mark
[25.989s][info   ][gc,marking  ] GC(1787) Concurrent Cleanup for Next Mark 16.725ms
[25.989s][info   ][gc          ] GC(1787) Concurrent Mark Cycle 46.109ms
[25.990s][info   ][gc,start    ] GC(1788) Pause Young (Concurrent Start) (G1 Humongous Allocation)
[25.990s][info   ][gc,task     ] GC(1788) Using 4 workers of 4 for evacuation
[25.992s][info   ][gc,phases   ] GC(1788)   Pre Evacuate Collection Set: 0.2ms
[25.992s][info   ][gc,phases   ] GC(1788)   Merge Heap Roots: 0.2ms
[25.992s][info   ][gc,phases   ] GC(1788)   Evacuate Collection Set: 0.3ms
[25.992s][info   ][gc,phases   ] GC(1788)   Post Evacuate Collection Set: 0.6ms
[25.992s][info   ][gc,phases   ] GC(1788)   Other: 0.2ms
[25.992s][info   ][gc,heap     ] GC(1788) Eden regions: 0->0(590)
[25.992s][info   ][gc,heap     ] GC(1788) Survivor regions: 0->0(87)
[25.992s][info   ][gc,heap     ] GC(1788) Old regions: 1->1
[25.992s][info   ][gc,heap     ] GC(1788) Archive regions: 2->2
[25.992s][info   ][gc,heap     ] GC(1788) Humongous regions: 1720->1210
[25.992s][info   ][gc,metaspace] GC(1788) Metaspace: 158K(384K)->158K(384K) NonClass: 150K(256K)->150K(256K) Class: 8K(128K)->8K(128K)
[25.992s][info   ][gc          ] GC(1788) Pause Young (Concurrent Start) (G1 Humongous Allocation) 1721M->1211M(2048M) 1.480ms
[25.992s][info   ][gc,cpu      ] GC(1788) User=0.00s Sys=0.00s Real=0.00s
[25.992s][info   ][gc          ] GC(1789) Concurrent Mark Cycle
[25.992s][info   ][gc,marking  ] GC(1789) Concurrent Clear Claimed Marks
[25.992s][info   ][gc,marking  ] GC(1789) Concurrent Clear Claimed Marks 0.007ms
[25.992s][info   ][gc,marking  ] GC(1789) Concurrent Scan Root Regions
[25.992s][info   ][gc,marking  ] GC(1789) Concurrent Scan Root Regions 0.021ms
[25.992s][info   ][gc,marking  ] GC(1789) Concurrent Mark
[25.992s][info   ][gc,marking  ] GC(1789) Concurrent Mark From Roots
[25.992s][info   ][gc,task     ] GC(1789) Using 1 workers of 1 for marking
[26.000s][info   ][gc,marking  ] GC(1789) Concurrent Mark From Roots 8.194ms
[26.000s][info   ][gc,marking  ] GC(1789) Concurrent Preclean
[26.000s][info   ][gc,marking  ] GC(1789) Concurrent Preclean 0.095ms
[26.001s][info   ][gc,start    ] GC(1789) Pause Remark
[26.002s][info   ][gc          ] GC(1789) Pause Remark 1355M->1355M(2048M) 0.903ms
[26.002s][info   ][gc,cpu      ] GC(1789) User=0.00s Sys=0.00s Real=0.00s
[26.003s][info   ][gc,marking  ] GC(1789) Concurrent Mark 10.688ms
[26.003s][info   ][gc,marking  ] GC(1789) Concurrent Rebuild Remembered Sets
[26.016s][info   ][gc,marking  ] GC(1789) Concurrent Rebuild Remembered Sets 13.056ms
[26.016s][info   ][gc,start    ] GC(1789) Pause Cleanup
[26.016s][info   ][gc          ] GC(1789) Pause Cleanup 1573M->1573M(2048M) 0.334ms
[26.016s][info   ][gc,cpu      ] GC(1789) User=0.00s Sys=0.00s Real=0.00s
[26.017s][info   ][gc,marking  ] GC(1789) Concurrent Cleanup for Next Mark
[26.037s][info   ][gc,marking  ] GC(1789) Concurrent Cleanup for Next Mark 20.909ms
[26.038s][info   ][gc          ] GC(1789) Concurrent Mark Cycle 45.748ms
[26.039s][info   ][gc,start    ] GC(1790) Pause Young (Concurrent Start) (G1 Humongous Allocation)
[26.039s][info   ][gc,task     ] GC(1790) Using 4 workers of 4 for evacuation
[26.041s][info   ][gc,phases   ] GC(1790)   Pre Evacuate Collection Set: 0.2ms
[26.041s][info   ][gc,phases   ] GC(1790)   Merge Heap Roots: 0.2ms
[26.041s][info   ][gc,phases   ] GC(1790)   Evacuate Collection Set: 0.5ms
[26.041s][info   ][gc,phases   ] GC(1790)   Post Evacuate Collection Set: 1.1ms
[26.041s][info   ][gc,phases   ] GC(1790)   Other: 0.1ms
[26.041s][info   ][gc,heap     ] GC(1790) Eden regions: 0->0(603)
[26.041s][info   ][gc,heap     ] GC(1790) Survivor regions: 0->0(74)
[26.041s][info   ][gc,heap     ] GC(1790) Old regions: 1->1
[26.041s][info   ][gc,heap     ] GC(1790) Archive regions: 2->2
[26.041s][info   ][gc,heap     ] GC(1790) Humongous regions: 1856->1196
[26.041s][info   ][gc,metaspace] GC(1790) Metaspace: 158K(384K)->158K(384K) NonClass: 150K(256K)->150K(256K) Class: 8K(128K)->8K(128K)
[26.041s][info   ][gc          ] GC(1790) Pause Young (Concurrent Start) (G1 Humongous Allocation) 1857M->1197M(2048M) 2.301ms
[26.041s][info   ][gc,cpu      ] GC(1790) User=0.00s Sys=0.00s Real=0.00s
[26.041s][info   ][gc          ] GC(1791) Concurrent Mark Cycle
[26.041s][info   ][gc,marking  ] GC(1791) Concurrent Clear Claimed Marks
[26.041s][info   ][gc,marking  ] GC(1791) Concurrent Clear Claimed Marks 0.007ms
[26.041s][info   ][gc,marking  ] GC(1791) Concurrent Scan Root Regions
[26.041s][info   ][gc,marking  ] GC(1791) Concurrent Scan Root Regions 0.006ms
[26.041s][info   ][gc,marking  ] GC(1791) Concurrent Mark
[26.041s][info   ][gc,marking  ] GC(1791) Concurrent Mark From Roots
[26.041s][info   ][gc,task     ] GC(1791) Using 1 workers of 1 for marking
[26.060s][info   ][gc,marking  ] GC(1791) Concurrent Mark From Roots 18.636ms
[26.060s][info   ][gc,marking  ] GC(1791) Concurrent Preclean
[26.060s][info   ][gc,marking  ] GC(1791) Concurrent Preclean 0.090ms
[26.061s][info   ][gc,start    ] GC(1791) Pause Remark
[26.061s][info   ][gc          ] GC(1791) Pause Remark 1469M->1469M(2048M) 0.760ms
[26.061s][info   ][gc,cpu      ] GC(1791) User=0.00s Sys=0.00s Real=0.00s
[26.061s][info   ][gc,marking  ] GC(1791) Concurrent Mark 20.315ms
[26.061s][info   ][gc,marking  ] GC(1791) Concurrent Rebuild Remembered Sets
[26.078s][info   ][gc,marking  ] GC(1791) Concurrent Rebuild Remembered Sets 16.713ms
[26.079s][info   ][gc,start    ] GC(1791) Pause Cleanup
[26.079s][info   ][gc          ] GC(1791) Pause Cleanup 1739M->1739M(2048M) 0.304ms
[26.079s][info   ][gc,cpu      ] GC(1791) User=0.00s Sys=0.00s Real=0.00s
[26.079s][info   ][gc,marking  ] GC(1791) Concurrent Cleanup for Next Mark
[26.094s][info   ][gc,marking  ] GC(1791) Concurrent Cleanup for Next Mark 14.342ms
[26.094s][info   ][gc          ] GC(1791) Concurrent Mark Cycle 52.589ms
[26.095s][info   ][gc,start    ] GC(1792) Pause Young (Concurrent Start) (G1 Humongous Allocation)
[26.095s][info   ][gc,task     ] GC(1792) Using 4 workers of 4 for evacuation
[26.097s][info   ][gc,phases   ] GC(1792)   Pre Evacuate Collection Set: 0.3ms
[26.097s][info   ][gc,phases   ] GC(1792)   Merge Heap Roots: 0.3ms
[26.097s][info   ][gc,phases   ] GC(1792)   Evacuate Collection Set: 0.3ms
[26.097s][info   ][gc,phases   ] GC(1792)   Post Evacuate Collection Set: 0.7ms
[26.097s][info   ][gc,phases   ] GC(1792)   Other: 0.2ms
[26.097s][info   ][gc,heap     ] GC(1792) Eden regions: 0->0(536)
[26.097s][info   ][gc,heap     ] GC(1792) Survivor regions: 0->0(76)
[26.097s][info   ][gc,heap     ] GC(1792) Old regions: 1->1
[26.097s][info   ][gc,heap     ] GC(1792) Archive regions: 2->2
[26.097s][info   ][gc,heap     ] GC(1792) Humongous regions: 1904->1268
[26.097s][info   ][gc,metaspace] GC(1792) Metaspace: 158K(384K)->158K(384K) NonClass: 150K(256K)->150K(256K) Class: 8K(128K)->8K(128K)
[26.097s][info   ][gc          ] GC(1792) Pause Young (Concurrent Start) (G1 Humongous Allocation) 1905M->1269M(2048M) 1.870ms
[26.097s][info   ][gc,cpu      ] GC(1792) User=0.00s Sys=0.00s Real=0.00s
[26.097s][info   ][gc          ] GC(1793) Concurrent Mark Cycle
[26.097s][info   ][gc,marking  ] GC(1793) Concurrent Clear Claimed Marks
[26.097s][info   ][gc,marking  ] GC(1793) Concurrent Clear Claimed Marks 0.006ms
[26.097s][info   ][gc,marking  ] GC(1793) Concurrent Scan Root Regions
[26.097s][info   ][gc,marking  ] GC(1793) Concurrent Scan Root Regions 0.005ms
[26.097s][info   ][gc,marking  ] GC(1793) Concurrent Mark
[26.097s][info   ][gc,marking  ] GC(1793) Concurrent Mark From Roots
[26.097s][info   ][gc,task     ] GC(1793) Using 1 workers of 1 for marking
[26.112s][info   ][gc,marking  ] GC(1793) Concurrent Mark From Roots 14.631ms
[26.112s][info   ][gc,marking  ] GC(1793) Concurrent Preclean
[26.112s][info   ][gc,marking  ] GC(1793) Concurrent Preclean 0.110ms
[26.113s][info   ][gc,start    ] GC(1793) Pause Remark
[26.113s][info   ][gc          ] GC(1793) Pause Remark 1513M->1513M(2048M) 0.564ms
[26.113s][info   ][gc,cpu      ] GC(1793) User=0.00s Sys=0.00s Real=0.00s
[26.113s][info   ][gc,marking  ] GC(1793) Concurrent Mark 16.292ms
[26.113s][info   ][gc,marking  ] GC(1793) Concurrent Rebuild Remembered Sets
[26.122s][info   ][gc,marking  ] GC(1793) Concurrent Rebuild Remembered Sets 8.337ms
[26.123s][info   ][gc,start    ] GC(1793) Pause Cleanup
[26.123s][info   ][gc          ] GC(1793) Pause Cleanup 1657M->1657M(2048M) 0.221ms
[26.123s][info   ][gc,cpu      ] GC(1793) User=0.00s Sys=0.00s Real=0.00s
[26.123s][info   ][gc,marking  ] GC(1793) Concurrent Cleanup for Next Mark
[26.137s][info   ][gc,marking  ] GC(1793) Concurrent Cleanup for Next Mark 14.391ms
[26.137s][info   ][gc          ] GC(1793) Concurrent Mark Cycle 40.437ms
[26.138s][info   ][gc,start    ] GC(1794) Pause Young (Concurrent Start) (G1 Humongous Allocation)
[26.138s][info   ][gc,task     ] GC(1794) Using 4 workers of 4 for evacuation
[26.140s][info   ][gc,phases   ] GC(1794)   Pre Evacuate Collection Set: 0.2ms
[26.140s][info   ][gc,phases   ] GC(1794)   Merge Heap Roots: 0.2ms
[26.140s][info   ][gc,phases   ] GC(1794)   Evacuate Collection Set: 0.2ms
[26.140s][info   ][gc,phases   ] GC(1794)   Post Evacuate Collection Set: 0.7ms
[26.140s][info   ][gc,phases   ] GC(1794)   Other: 0.1ms
[26.140s][info   ][gc,heap     ] GC(1794) Eden regions: 0->0(524)
[26.140s][info   ][gc,heap     ] GC(1794) Survivor regions: 0->0(67)
[26.140s][info   ][gc,heap     ] GC(1794) Old regions: 1->1
[26.140s][info   ][gc,heap     ] GC(1794) Archive regions: 2->2
[26.140s][info   ][gc,heap     ] GC(1794) Humongous regions: 1830->1280
[26.140s][info   ][gc,metaspace] GC(1794) Metaspace: 158K(384K)->158K(384K) NonClass: 150K(256K)->150K(256K) Class: 8K(128K)->8K(128K)
[26.140s][info   ][gc          ] GC(1794) Pause Young (Concurrent Start) (G1 Humongous Allocation) 1831M->1281M(2048M) 1.560ms
[26.140s][info   ][gc,cpu      ] GC(1794) User=0.00s Sys=0.00s Real=0.00s
[26.140s][info   ][gc          ] GC(1795) Concurrent Mark Cycle
[26.140s][info   ][gc,marking  ] GC(1795) Concurrent Clear Claimed Marks
[26.140s][info   ][gc,marking  ] GC(1795) Concurrent Clear Claimed Marks 0.006ms
[26.140s][info   ][gc,marking  ] GC(1795) Concurrent Scan Root Regions
[26.140s][info   ][gc,marking  ] GC(1795) Concurrent Scan Root Regions 0.005ms
[26.140s][info   ][gc,marking  ] GC(1795) Concurrent Mark
[26.140s][info   ][gc,marking  ] GC(1795) Concurrent Mark From Roots
[26.140s][info   ][gc,task     ] GC(1795) Using 1 workers of 1 for marking
[26.146s][info   ][gc,marking  ] GC(1795) Concurrent Mark From Roots 6.322ms
[26.146s][info   ][gc,marking  ] GC(1795) Concurrent Preclean
[26.146s][info   ][gc,marking  ] GC(1795) Concurrent Preclean 0.151ms
[26.147s][info   ][gc,start    ] GC(1795) Pause Remark
[26.148s][info   ][gc          ] GC(1795) Pause Remark 1371M->1371M(2048M) 0.587ms
[26.148s][info   ][gc,cpu      ] GC(1795) User=0.00s Sys=0.00s Real=0.00s
[26.148s][info   ][gc,marking  ] GC(1795) Concurrent Mark 8.194ms
[26.148s][info   ][gc,marking  ] GC(1795) Concurrent Rebuild Remembered Sets
[26.155s][info   ][gc,marking  ] GC(1795) Concurrent Rebuild Remembered Sets 7.218ms
[26.156s][info   ][gc,start    ] GC(1795) Pause Cleanup
[26.157s][info   ][gc          ] GC(1795) Pause Cleanup 1503M->1503M(2048M) 0.248ms
[26.157s][info   ][gc,cpu      ] GC(1795) User=0.00s Sys=0.00s Real=0.00s
[26.157s][info   ][gc,marking  ] GC(1795) Concurrent Cleanup for Next Mark
[26.173s][info   ][gc,marking  ] GC(1795) Concurrent Cleanup for Next Mark 15.913ms
[26.173s][info   ][gc          ] GC(1795) Concurrent Mark Cycle 33.088ms
[26.174s][info   ][gc,start    ] GC(1796) Pause Young (Concurrent Start) (G1 Humongous Allocation)
[26.174s][info   ][gc,task     ] GC(1796) Using 4 workers of 4 for evacuation
[26.176s][info   ][gc,phases   ] GC(1796)   Pre Evacuate Collection Set: 0.4ms
[26.176s][info   ][gc,phases   ] GC(1796)   Merge Heap Roots: 0.4ms
[26.176s][info   ][gc,phases   ] GC(1796)   Evacuate Collection Set: 0.2ms
[26.176s][info   ][gc,phases   ] GC(1796)   Post Evacuate Collection Set: 0.6ms
[26.176s][info   ][gc,phases   ] GC(1796)   Other: 0.2ms
[26.176s][info   ][gc,heap     ] GC(1796) Eden regions: 0->0(504)
[26.176s][info   ][gc,heap     ] GC(1796) Survivor regions: 0->0(66)
[26.176s][info   ][gc,heap     ] GC(1796) Old regions: 1->1
[26.176s][info   ][gc,heap     ] GC(1796) Archive regions: 2->2
[26.176s][info   ][gc,heap     ] GC(1796) Humongous regions: 1710->1302
[26.176s][info   ][gc,metaspace] GC(1796) Metaspace: 158K(384K)->158K(384K) NonClass: 150K(256K)->150K(256K) Class: 8K(128K)->8K(128K)
[26.176s][info   ][gc          ] GC(1796) Pause Young (Concurrent Start) (G1 Humongous Allocation) 1711M->1303M(2048M) 1.807ms
[26.176s][info   ][gc,cpu      ] GC(1796) User=0.00s Sys=0.00s Real=0.00s
[26.176s][info   ][gc          ] GC(1797) Concurrent Mark Cycle
[26.176s][info   ][gc,marking  ] GC(1797) Concurrent Clear Claimed Marks
[26.176s][info   ][gc,marking  ] GC(1797) Concurrent Clear Claimed Marks 0.006ms
[26.176s][info   ][gc,marking  ] GC(1797) Concurrent Scan Root Regions
[26.176s][info   ][gc,marking  ] GC(1797) Concurrent Scan Root Regions 0.005ms
[26.176s][info   ][gc,marking  ] GC(1797) Concurrent Mark
[26.176s][info   ][gc,marking  ] GC(1797) Concurrent Mark From Roots
[26.176s][info   ][gc,task     ] GC(1797) Using 1 workers of 1 for marking
[26.185s][info   ][gc,marking  ] GC(1797) Concurrent Mark From Roots 8.892ms
[26.185s][info   ][gc,marking  ] GC(1797) Concurrent Preclean
[26.185s][info   ][gc,marking  ] GC(1797) Concurrent Preclean 0.083ms
[26.186s][info   ][gc,start    ] GC(1797) Pause Remark
[26.187s][info   ][gc          ] GC(1797) Pause Remark 1433M->1433M(2048M) 0.659ms
[26.187s][info   ][gc,cpu      ] GC(1797) User=0.00s Sys=0.00s Real=0.00s
[26.187s][info   ][gc,marking  ] GC(1797) Concurrent Mark 10.745ms
[26.187s][info   ][gc,marking  ] GC(1797) Concurrent Rebuild Remembered Sets
[26.194s][info   ][gc,marking  ] GC(1797) Concurrent Rebuild Remembered Sets 7.088ms
[26.194s][info   ][gc,start    ] GC(1797) Pause Cleanup
[26.195s][info   ][gc          ] GC(1797) Pause Cleanup 1561M->1561M(2048M) 0.220ms
[26.195s][info   ][gc,cpu      ] GC(1797) User=0.00s Sys=0.00s Real=0.00s
[26.195s][info   ][gc,marking  ] GC(1797) Concurrent Cleanup for Next Mark
[26.210s][info   ][gc,marking  ] GC(1797) Concurrent Cleanup for Next Mark 15.033ms
[26.210s][info   ][gc          ] GC(1797) Concurrent Mark Cycle 34.010ms
[26.211s][info   ][gc,start    ] GC(1798) Pause Young (Concurrent Start) (G1 Humongous Allocation)
[26.211s][info   ][gc,task     ] GC(1798) Using 4 workers of 4 for evacuation
[26.213s][info   ][gc,phases   ] GC(1798)   Pre Evacuate Collection Set: 0.4ms
[26.213s][info   ][gc,phases   ] GC(1798)   Merge Heap Roots: 0.4ms
[26.213s][info   ][gc,phases   ] GC(1798)   Evacuate Collection Set: 0.4ms
[26.213s][info   ][gc,phases   ] GC(1798)   Post Evacuate Collection Set: 0.9ms
[26.213s][info   ][gc,phases   ] GC(1798)   Other: 0.4ms
[26.213s][info   ][gc,heap     ] GC(1798) Eden regions: 0->0(552)
[26.213s][info   ][gc,heap     ] GC(1798) Survivor regions: 0->0(63)
[26.213s][info   ][gc,heap     ] GC(1798) Old regions: 1->1
[26.213s][info   ][gc,heap     ] GC(1798) Archive regions: 2->2
[26.213s][info   ][gc,heap     ] GC(1798) Humongous regions: 1750->1250
[26.213s][info   ][gc,metaspace] GC(1798) Metaspace: 158K(384K)->158K(384K) NonClass: 150K(256K)->150K(256K) Class: 8K(128K)->8K(128K)
[26.213s][info   ][gc          ] GC(1798) Pause Young (Concurrent Start) (G1 Humongous Allocation) 1751M->1251M(2048M) 2.451ms
[26.213s][info   ][gc,cpu      ] GC(1798) User=0.01s Sys=0.00s Real=0.00s
[26.213s][info   ][gc          ] GC(1799) Concurrent Mark Cycle
[26.213s][info   ][gc,marking  ] GC(1799) Concurrent Clear Claimed Marks
[26.213s][info   ][gc,marking  ] GC(1799) Concurrent Clear Claimed Marks 0.011ms
[26.213s][info   ][gc,marking  ] GC(1799) Concurrent Scan Root Regions
[26.213s][info   ][gc,marking  ] GC(1799) Concurrent Scan Root Regions 0.006ms
[26.213s][info   ][gc,marking  ] GC(1799) Concurrent Mark
[26.213s][info   ][gc,marking  ] GC(1799) Concurrent Mark From Roots
[26.213s][info   ][gc,task     ] GC(1799) Using 1 workers of 1 for marking
[26.221s][info   ][gc,marking  ] GC(1799) Concurrent Mark From Roots 7.870ms
[26.221s][info   ][gc,marking  ] GC(1799) Concurrent Preclean
[26.221s][info   ][gc,marking  ] GC(1799) Concurrent Preclean 0.090ms
[26.222s][info   ][gc,start    ] GC(1799) Pause Remark
[26.223s][info   ][gc          ] GC(1799) Pause Remark 1391M->1391M(2048M) 0.709ms
[26.223s][info   ][gc,cpu      ] GC(1799) User=0.00s Sys=0.00s Real=0.00s
[26.223s][info   ][gc,marking  ] GC(1799) Concurrent Mark 9.596ms
[26.223s][info   ][gc,marking  ] GC(1799) Concurrent Rebuild Remembered Sets
[26.232s][info   ][gc,marking  ] GC(1799) Concurrent Rebuild Remembered Sets 9.245ms
[26.233s][info   ][gc,start    ] GC(1799) Pause Cleanup
[26.233s][info   ][gc          ] GC(1799) Pause Cleanup 1541M->1541M(2048M) 0.257ms
[26.233s][info   ][gc,cpu      ] GC(1799) User=0.00s Sys=0.00s Real=0.00s
[26.233s][info   ][gc,marking  ] GC(1799) Concurrent Cleanup for Next Mark
[26.249s][info   ][gc,marking  ] GC(1799) Concurrent Cleanup for Next Mark 15.646ms
[26.249s][info   ][gc          ] GC(1799) Concurrent Mark Cycle 35.832ms
[26.250s][info   ][gc,start    ] GC(1800) Pause Young (Concurrent Start) (G1 Humongous Allocation)
[26.250s][info   ][gc,task     ] GC(1800) Using 4 workers of 4 for evacuation
[26.252s][info   ][gc,phases   ] GC(1800)   Pre Evacuate Collection Set: 0.3ms
[26.252s][info   ][gc,phases   ] GC(1800)   Merge Heap Roots: 0.2ms
[26.252s][info   ][gc,phases   ] GC(1800)   Evacuate Collection Set: 0.3ms
[26.252s][info   ][gc,phases   ] GC(1800)   Post Evacuate Collection Set: 0.6ms
[26.252s][info   ][gc,phases   ] GC(1800)   Other: 0.2ms
[26.252s][info   ][gc,heap     ] GC(1800) Eden regions: 0->0(541)
[26.252s][info   ][gc,heap     ] GC(1800) Survivor regions: 0->0(69)
[26.252s][info   ][gc,heap     ] GC(1800) Old regions: 1->1
[26.252s][info   ][gc,heap     ] GC(1800) Archive regions: 2->2
[26.252s][info   ][gc,heap     ] GC(1800) Humongous regions: 1736->1262
[26.252s][info   ][gc,metaspace] GC(1800) Metaspace: 158K(384K)->158K(384K) NonClass: 150K(256K)->150K(256K) Class: 8K(128K)->8K(128K)
[26.252s][info   ][gc          ] GC(1800) Pause Young (Concurrent Start) (G1 Humongous Allocation) 1737M->1263M(2048M) 1.535ms
[26.252s][info   ][gc,cpu      ] GC(1800) User=0.00s Sys=0.00s Real=0.00s
[26.252s][info   ][gc          ] GC(1801) Concurrent Mark Cycle
[26.252s][info   ][gc,marking  ] GC(1801) Concurrent Clear Claimed Marks
[26.252s][info   ][gc,marking  ] GC(1801) Concurrent Clear Claimed Marks 0.028ms
[26.252s][info   ][gc,marking  ] GC(1801) Concurrent Scan Root Regions
[26.252s][info   ][gc,marking  ] GC(1801) Concurrent Scan Root Regions 0.006ms
[26.252s][info   ][gc,marking  ] GC(1801) Concurrent Mark
[26.252s][info   ][gc,marking  ] GC(1801) Concurrent Mark From Roots
[26.252s][info   ][gc,task     ] GC(1801) Using 1 workers of 1 for marking
[26.261s][info   ][gc,marking  ] GC(1801) Concurrent Mark From Roots 9.131ms
[26.261s][info   ][gc,marking  ] GC(1801) Concurrent Preclean
[26.261s][info   ][gc,marking  ] GC(1801) Concurrent Preclean 0.091ms
[26.262s][info   ][gc,start    ] GC(1801) Pause Remark
[26.263s][info   ][gc          ] GC(1801) Pause Remark 1379M->1379M(2048M) 0.744ms
[26.263s][info   ][gc,cpu      ] GC(1801) User=0.00s Sys=0.00s Real=0.00s
[26.263s][info   ][gc,marking  ] GC(1801) Concurrent Mark 11.322ms
[26.263s][info   ][gc,marking  ] GC(1801) Concurrent Rebuild Remembered Sets
[26.271s][info   ][gc,marking  ] GC(1801) Concurrent Rebuild Remembered Sets 7.766ms
[26.272s][info   ][gc,start    ] GC(1801) Pause Cleanup
[26.272s][info   ][gc          ] GC(1801) Pause Cleanup 1521M->1521M(2048M) 0.305ms
[26.272s][info   ][gc,cpu      ] GC(1801) User=0.00s Sys=0.00s Real=0.00s
[26.273s][info   ][gc,marking  ] GC(1801) Concurrent Cleanup for Next Mark
[26.286s][info   ][gc,marking  ] GC(1801) Concurrent Cleanup for Next Mark 13.542ms
[26.286s][info   ][gc          ] GC(1801) Concurrent Mark Cycle 34.613ms
[26.287s][info   ][gc,start    ] GC(1802) Pause Young (Concurrent Start) (G1 Humongous Allocation)
[26.287s][info   ][gc,task     ] GC(1802) Using 4 workers of 4 for evacuation
[26.289s][info   ][gc,phases   ] GC(1802)   Pre Evacuate Collection Set: 0.2ms
[26.289s][info   ][gc,phases   ] GC(1802)   Merge Heap Roots: 0.2ms
[26.289s][info   ][gc,phases   ] GC(1802)   Evacuate Collection Set: 0.2ms
[26.289s][info   ][gc,phases   ] GC(1802)   Post Evacuate Collection Set: 0.8ms
[26.289s][info   ][gc,phases   ] GC(1802)   Other: 0.2ms
[26.289s][info   ][gc,heap     ] GC(1802) Eden regions: 0->0(513)
[26.289s][info   ][gc,heap     ] GC(1802) Survivor regions: 0->0(68)
[26.289s][info   ][gc,heap     ] GC(1802) Old regions: 1->1
[26.289s][info   ][gc,heap     ] GC(1802) Archive regions: 2->2
[26.289s][info   ][gc,heap     ] GC(1802) Humongous regions: 1692->1292
[26.289s][info   ][gc,metaspace] GC(1802) Metaspace: 158K(384K)->158K(384K) NonClass: 150K(256K)->150K(256K) Class: 8K(128K)->8K(128K)
[26.289s][info   ][gc          ] GC(1802) Pause Young (Concurrent Start) (G1 Humongous Allocation) 1693M->1293M(2048M) 1.715ms
[26.289s][info   ][gc,cpu      ] GC(1802) User=0.00s Sys=0.01s Real=0.01s
[26.289s][info   ][gc          ] GC(1803) Concurrent Mark Cycle
[26.289s][info   ][gc,marking  ] GC(1803) Concurrent Clear Claimed Marks
[26.289s][info   ][gc,marking  ] GC(1803) Concurrent Clear Claimed Marks 0.013ms
[26.289s][info   ][gc,marking  ] GC(1803) Concurrent Scan Root Regions
[26.289s][info   ][gc,marking  ] GC(1803) Concurrent Scan Root Regions 0.023ms
[26.289s][info   ][gc,marking  ] GC(1803) Concurrent Mark
[26.289s][info   ][gc,marking  ] GC(1803) Concurrent Mark From Roots
[26.289s][info   ][gc,task     ] GC(1803) Using 1 workers of 1 for marking
[26.296s][info   ][gc,marking  ] GC(1803) Concurrent Mark From Roots 7.397ms
[26.296s][info   ][gc,marking  ] GC(1803) Concurrent Preclean
[26.297s][info   ][gc,marking  ] GC(1803) Concurrent Preclean 0.086ms
[26.297s][info   ][gc,start    ] GC(1803) Pause Remark
[26.298s][info   ][gc          ] GC(1803) Pause Remark 1421M->1421M(2048M) 0.686ms
[26.298s][info   ][gc,cpu      ] GC(1803) User=0.00s Sys=0.00s Real=0.01s
[26.298s][info   ][gc,marking  ] GC(1803) Concurrent Mark 9.283ms
[26.298s][info   ][gc,marking  ] GC(1803) Concurrent Rebuild Remembered Sets
[26.309s][info   ][gc,marking  ] GC(1803) Concurrent Rebuild Remembered Sets 10.357ms
[26.310s][info   ][gc,start    ] GC(1803) Pause Cleanup
[26.310s][info   ][gc          ] GC(1803) Pause Cleanup 1611M->1611M(2048M) 0.278ms
[26.310s][info   ][gc,cpu      ] GC(1803) User=0.00s Sys=0.00s Real=0.00s
[26.310s][info   ][gc,marking  ] GC(1803) Concurrent Cleanup for Next Mark
[26.324s][info   ][gc,marking  ] GC(1803) Concurrent Cleanup for Next Mark 13.692ms
[26.324s][info   ][gc          ] GC(1803) Concurrent Mark Cycle 35.518ms
[26.325s][info   ][gc,start    ] GC(1804) Pause Young (Concurrent Start) (G1 Humongous Allocation)
[26.325s][info   ][gc,task     ] GC(1804) Using 4 workers of 4 for evacuation
[26.327s][info   ][gc,phases   ] GC(1804)   Pre Evacuate Collection Set: 0.3ms
[26.327s][info   ][gc,phases   ] GC(1804)   Merge Heap Roots: 0.2ms
[26.327s][info   ][gc,phases   ] GC(1804)   Evacuate Collection Set: 0.5ms
[26.327s][info   ][gc,phases   ] GC(1804)   Post Evacuate Collection Set: 0.7ms
[26.327s][info   ][gc,phases   ] GC(1804)   Other: 0.1ms
[26.327s][info   ][gc,heap     ] GC(1804) Eden regions: 0->0(556)
[26.327s][info   ][gc,heap     ] GC(1804) Survivor regions: 0->0(65)
[26.327s][info   ][gc,heap     ] GC(1804) Old regions: 1->1
[26.327s][info   ][gc,heap     ] GC(1804) Archive regions: 2->2
[26.327s][info   ][gc,heap     ] GC(1804) Humongous regions: 1770->1246
[26.327s][info   ][gc,metaspace] GC(1804) Metaspace: 158K(384K)->158K(384K) NonClass: 150K(256K)->150K(256K) Class: 8K(128K)->8K(128K)
[26.327s][info   ][gc          ] GC(1804) Pause Young (Concurrent Start) (G1 Humongous Allocation) 1771M->1247M(2048M) 1.792ms
[26.327s][info   ][gc,cpu      ] GC(1804) User=0.00s Sys=0.00s Real=0.00s
[26.327s][info   ][gc          ] GC(1805) Concurrent Mark Cycle
[26.327s][info   ][gc,marking  ] GC(1805) Concurrent Clear Claimed Marks
[26.327s][info   ][gc,marking  ] GC(1805) Concurrent Clear Claimed Marks 0.008ms
[26.327s][info   ][gc,marking  ] GC(1805) Concurrent Scan Root Regions
[26.327s][info   ][gc,marking  ] GC(1805) Concurrent Scan Root Regions 0.007ms
[26.327s][info   ][gc,marking  ] GC(1805) Concurrent Mark
[26.327s][info   ][gc,marking  ] GC(1805) Concurrent Mark From Roots
[26.327s][info   ][gc,task     ] GC(1805) Using 1 workers of 1 for marking
[26.334s][info   ][gc,marking  ] GC(1805) Concurrent Mark From Roots 7.493ms
[26.334s][info   ][gc,marking  ] GC(1805) Concurrent Preclean
[26.334s][info   ][gc,marking  ] GC(1805) Concurrent Preclean 0.082ms
[26.335s][info   ][gc,start    ] GC(1805) Pause Remark
[26.336s][info   ][gc          ] GC(1805) Pause Remark 1347M->1347M(2048M) 0.597ms
[26.336s][info   ][gc,cpu      ] GC(1805) User=0.00s Sys=0.01s Real=0.00s
[26.336s][info   ][gc,marking  ] GC(1805) Concurrent Mark 9.349ms
[26.336s][info   ][gc,marking  ] GC(1805) Concurrent Rebuild Remembered Sets
[26.343s][info   ][gc,marking  ] GC(1805) Concurrent Rebuild Remembered Sets 6.986ms
[26.344s][info   ][gc,start    ] GC(1805) Pause Cleanup
[26.344s][info   ][gc          ] GC(1805) Pause Cleanup 1479M->1479M(2048M) 0.231ms
[26.344s][info   ][gc,cpu      ] GC(1805) User=0.00s Sys=0.00s Real=0.00s
[26.344s][info   ][gc,marking  ] GC(1805) Concurrent Cleanup for Next Mark
[26.359s][info   ][gc,marking  ] GC(1805) Concurrent Cleanup for Next Mark 14.719ms
[26.359s][info   ][gc          ] GC(1805) Concurrent Mark Cycle 32.490ms
[26.360s][info   ][gc,start    ] GC(1806) Pause Young (Concurrent Start) (G1 Humongous Allocation)
[26.360s][info   ][gc,task     ] GC(1806) Using 4 workers of 4 for evacuation
[26.362s][info   ][gc,phases   ] GC(1806)   Pre Evacuate Collection Set: 0.3ms
[26.362s][info   ][gc,phases   ] GC(1806)   Merge Heap Roots: 0.4ms
[26.362s][info   ][gc,phases   ] GC(1806)   Evacuate Collection Set: 0.3ms
[26.362s][info   ][gc,phases   ] GC(1806)   Post Evacuate Collection Set: 0.5ms
[26.362s][info   ][gc,phases   ] GC(1806)   Other: 0.2ms
[26.362s][info   ][gc,heap     ] GC(1806) Eden regions: 0->0(509)
[26.362s][info   ][gc,heap     ] GC(1806) Survivor regions: 0->0(70)
[26.362s][info   ][gc,heap     ] GC(1806) Old regions: 1->1
[26.362s][info   ][gc,heap     ] GC(1806) Archive regions: 2->2
[26.362s][info   ][gc,heap     ] GC(1806) Humongous regions: 1666->1296
[26.362s][info   ][gc,metaspace] GC(1806) Metaspace: 158K(384K)->158K(384K) NonClass: 150K(256K)->150K(256K) Class: 8K(128K)->8K(128K)
[26.362s][info   ][gc          ] GC(1806) Pause Young (Concurrent Start) (G1 Humongous Allocation) 1667M->1297M(2048M) 1.808ms
[26.362s][info   ][gc,cpu      ] GC(1806) User=0.00s Sys=0.00s Real=0.00s
[26.362s][info   ][gc          ] GC(1807) Concurrent Mark Cycle
[26.362s][info   ][gc,marking  ] GC(1807) Concurrent Clear Claimed Marks
[26.362s][info   ][gc,marking  ] GC(1807) Concurrent Clear Claimed Marks 0.010ms
[26.362s][info   ][gc,marking  ] GC(1807) Concurrent Scan Root Regions
[26.362s][info   ][gc,marking  ] GC(1807) Concurrent Scan Root Regions 0.007ms
[26.362s][info   ][gc,marking  ] GC(1807) Concurrent Mark
[26.362s][info   ][gc,marking  ] GC(1807) Concurrent Mark From Roots
[26.362s][info   ][gc,task     ] GC(1807) Using 1 workers of 1 for marking
[26.371s][info   ][gc,marking  ] GC(1807) Concurrent Mark From Roots 8.684ms
[26.371s][info   ][gc,marking  ] GC(1807) Concurrent Preclean
[26.371s][info   ][gc,marking  ] GC(1807) Concurrent Preclean 0.080ms
[26.371s][info   ][gc,start    ] GC(1807) Pause Remark
[26.372s][info   ][gc          ] GC(1807) Pause Remark 1433M->1433M(2048M) 0.817ms
[26.372s][info   ][gc,cpu      ] GC(1807) User=0.01s Sys=0.00s Real=0.00s
[26.372s][info   ][gc,marking  ] GC(1807) Concurrent Mark 10.185ms
[26.372s][info   ][gc,marking  ] GC(1807) Concurrent Rebuild Remembered Sets
[26.380s][info   ][gc,marking  ] GC(1807) Concurrent Rebuild Remembered Sets 7.298ms
[26.380s][info   ][gc,start    ] GC(1807) Pause Cleanup
[26.380s][info   ][gc          ] GC(1807) Pause Cleanup 1561M->1561M(2048M) 0.224ms
[26.380s][info   ][gc,cpu      ] GC(1807) User=0.00s Sys=0.00s Real=0.00s
[26.380s][info   ][gc,marking  ] GC(1807) Concurrent Cleanup for Next Mark
[26.396s][info   ][gc,marking  ] GC(1807) Concurrent Cleanup for Next Mark 15.730ms
[26.396s][info   ][gc          ] GC(1807) Concurrent Mark Cycle 34.402ms
[26.397s][info   ][gc,start    ] GC(1808) Pause Young (Concurrent Start) (G1 Humongous Allocation)
[26.397s][info   ][gc,task     ] GC(1808) Using 4 workers of 4 for evacuation
[26.399s][info   ][gc,phases   ] GC(1808)   Pre Evacuate Collection Set: 0.2ms
[26.399s][info   ][gc,phases   ] GC(1808)   Merge Heap Roots: 0.3ms
[26.399s][info   ][gc,phases   ] GC(1808)   Evacuate Collection Set: 0.2ms
[26.399s][info   ][gc,phases   ] GC(1808)   Post Evacuate Collection Set: 0.6ms
[26.399s][info   ][gc,phases   ] GC(1808)   Other: 0.2ms
[26.399s][info   ][gc,heap     ] GC(1808) Eden regions: 0->0(498)
[26.399s][info   ][gc,heap     ] GC(1808) Survivor regions: 0->0(64)
[26.399s][info   ][gc,heap     ] GC(1808) Old regions: 1->1
[26.399s][info   ][gc,heap     ] GC(1808) Archive regions: 2->2
[26.399s][info   ][gc,heap     ] GC(1808) Humongous regions: 1756->1308
[26.399s][info   ][gc,metaspace] GC(1808) Metaspace: 158K(384K)->158K(384K) NonClass: 150K(256K)->150K(256K) Class: 8K(128K)->8K(128K)
[26.399s][info   ][gc          ] GC(1808) Pause Young (Concurrent Start) (G1 Humongous Allocation) 1757M->1309M(2048M) 1.558ms
[26.399s][info   ][gc,cpu      ] GC(1808) User=0.00s Sys=0.00s Real=0.01s
[26.399s][info   ][gc          ] GC(1809) Concurrent Mark Cycle
[26.399s][info   ][gc,marking  ] GC(1809) Concurrent Clear Claimed Marks
[26.399s][info   ][gc,marking  ] GC(1809) Concurrent Clear Claimed Marks 0.008ms
[26.399s][info   ][gc,marking  ] GC(1809) Concurrent Scan Root Regions
[26.399s][info   ][gc,marking  ] GC(1809) Concurrent Scan Root Regions 0.006ms
[26.399s][info   ][gc,marking  ] GC(1809) Concurrent Mark
[26.399s][info   ][gc,marking  ] GC(1809) Concurrent Mark From Roots
[26.399s][info   ][gc,task     ] GC(1809) Using 1 workers of 1 for marking
[26.407s][info   ][gc,marking  ] GC(1809) Concurrent Mark From Roots 8.258ms
[26.407s][info   ][gc,marking  ] GC(1809) Concurrent Preclean
[26.408s][info   ][gc,marking  ] GC(1809) Concurrent Preclean 0.084ms
[26.408s][info   ][gc,start    ] GC(1809) Pause Remark
[26.409s][info   ][gc          ] GC(1809) Pause Remark 1453M->1453M(2048M) 0.687ms
[26.409s][info   ][gc,cpu      ] GC(1809) User=0.00s Sys=0.00s Real=0.00s
[26.409s][info   ][gc,marking  ] GC(1809) Concurrent Mark 9.938ms
[26.409s][info   ][gc,marking  ] GC(1809) Concurrent Rebuild Remembered Sets
[26.417s][info   ][gc,marking  ] GC(1809) Concurrent Rebuild Remembered Sets 8.133ms
[26.419s][info   ][gc,start    ] GC(1809) Pause Cleanup
[26.419s][info   ][gc          ] GC(1809) Pause Cleanup 1591M->1591M(2048M) 0.240ms
[26.419s][info   ][gc,cpu      ] GC(1809) User=0.00s Sys=0.00s Real=0.00s
[26.419s][info   ][gc,marking  ] GC(1809) Concurrent Cleanup for Next Mark
[26.434s][info   ][gc,marking  ] GC(1809) Concurrent Cleanup for Next Mark 14.927ms
[26.434s][info   ][gc          ] GC(1809) Concurrent Mark Cycle 35.000ms
[26.435s][info   ][gc,start    ] GC(1810) Pause Young (Concurrent Start) (G1 Humongous Allocation)
[26.435s][info   ][gc,task     ] GC(1810) Using 4 workers of 4 for evacuation
[26.436s][info   ][gc,phases   ] GC(1810)   Pre Evacuate Collection Set: 0.2ms
[26.436s][info   ][gc,phases   ] GC(1810)   Merge Heap Roots: 0.3ms
[26.436s][info   ][gc,phases   ] GC(1810)   Evacuate Collection Set: 0.2ms
[26.436s][info   ][gc,phases   ] GC(1810)   Post Evacuate Collection Set: 0.6ms
[26.436s][info   ][gc,phases   ] GC(1810)   Other: 0.2ms
[26.436s][info   ][gc,heap     ] GC(1810) Eden regions: 0->0(504)
[26.436s][info   ][gc,heap     ] GC(1810) Survivor regions: 0->0(63)
[26.436s][info   ][gc,heap     ] GC(1810) Old regions: 1->1
[26.436s][info   ][gc,heap     ] GC(1810) Archive regions: 2->2
[26.436s][info   ][gc,heap     ] GC(1810) Humongous regions: 1784->1302
[26.436s][info   ][gc,metaspace] GC(1810) Metaspace: 158K(384K)->158K(384K) NonClass: 150K(256K)->150K(256K) Class: 8K(128K)->8K(128K)
[26.436s][info   ][gc          ] GC(1810) Pause Young (Concurrent Start) (G1 Humongous Allocation) 1785M->1303M(2048M) 1.649ms
[26.436s][info   ][gc,cpu      ] GC(1810) User=0.00s Sys=0.00s Real=0.00s
[26.436s][info   ][gc          ] GC(1811) Concurrent Mark Cycle
[26.436s][info   ][gc,marking  ] GC(1811) Concurrent Clear Claimed Marks
[26.436s][info   ][gc,marking  ] GC(1811) Concurrent Clear Claimed Marks 0.006ms
[26.436s][info   ][gc,marking  ] GC(1811) Concurrent Scan Root Regions
[26.436s][info   ][gc,marking  ] GC(1811) Concurrent Scan Root Regions 0.005ms
[26.436s][info   ][gc,marking  ] GC(1811) Concurrent Mark
[26.436s][info   ][gc,marking  ] GC(1811) Concurrent Mark From Roots
[26.436s][info   ][gc,task     ] GC(1811) Using 1 workers of 1 for marking
[26.443s][info   ][gc,marking  ] GC(1811) Concurrent Mark From Roots 6.951ms
[26.444s][info   ][gc,marking  ] GC(1811) Concurrent Preclean
[26.444s][info   ][gc,marking  ] GC(1811) Concurrent Preclean 0.101ms
[26.445s][info   ][gc,start    ] GC(1811) Pause Remark
[26.445s][info   ][gc          ] GC(1811) Pause Remark 1429M->1429M(2048M) 0.733ms
[26.445s][info   ][gc,cpu      ] GC(1811) User=0.00s Sys=0.00s Real=0.00s
[26.445s][info   ][gc,marking  ] GC(1811) Concurrent Mark 8.903ms
[26.445s][info   ][gc,marking  ] GC(1811) Concurrent Rebuild Remembered Sets
[26.453s][info   ][gc,marking  ] GC(1811) Concurrent Rebuild Remembered Sets 7.797ms
[26.454s][info   ][gc,start    ] GC(1811) Pause Cleanup
[26.455s][info   ][gc          ] GC(1811) Pause Cleanup 1577M->1577M(2048M) 0.225ms
[26.455s][info   ][gc,cpu      ] GC(1811) User=0.00s Sys=0.00s Real=0.00s
[26.455s][info   ][gc,marking  ] GC(1811) Concurrent Cleanup for Next Mark
[26.469s][info   ][gc,marking  ] GC(1811) Concurrent Cleanup for Next Mark 14.476ms
[26.469s][info   ][gc          ] GC(1811) Concurrent Mark Cycle 32.985ms
[26.471s][info   ][gc,start    ] GC(1812) Pause Young (Concurrent Start) (G1 Humongous Allocation)
[26.471s][info   ][gc,task     ] GC(1812) Using 4 workers of 4 for evacuation
[26.472s][info   ][gc,phases   ] GC(1812)   Pre Evacuate Collection Set: 0.2ms
[26.472s][info   ][gc,phases   ] GC(1812)   Merge Heap Roots: 0.3ms
[26.472s][info   ][gc,phases   ] GC(1812)   Evacuate Collection Set: 0.2ms
[26.472s][info   ][gc,phases   ] GC(1812)   Post Evacuate Collection Set: 0.6ms
[26.472s][info   ][gc,phases   ] GC(1812)   Other: 0.2ms
[26.472s][info   ][gc,heap     ] GC(1812) Eden regions: 0->0(539)
[26.472s][info   ][gc,heap     ] GC(1812) Survivor regions: 0->0(63)
[26.472s][info   ][gc,heap     ] GC(1812) Old regions: 1->1
[26.472s][info   ][gc,heap     ] GC(1812) Archive regions: 2->2
[26.472s][info   ][gc,heap     ] GC(1812) Humongous regions: 1754->1264
[26.472s][info   ][gc,metaspace] GC(1812) Metaspace: 158K(384K)->158K(384K) NonClass: 150K(256K)->150K(256K) Class: 8K(128K)->8K(128K)
[26.472s][info   ][gc          ] GC(1812) Pause Young (Concurrent Start) (G1 Humongous Allocation) 1755M->1265M(2048M) 1.546ms
[26.472s][info   ][gc,cpu      ] GC(1812) User=0.00s Sys=0.00s Real=0.00s
[26.472s][info   ][gc          ] GC(1813) Concurrent Mark Cycle
[26.472s][info   ][gc,marking  ] GC(1813) Concurrent Clear Claimed Marks
[26.472s][info   ][gc,marking  ] GC(1813) Concurrent Clear Claimed Marks 0.006ms
[26.472s][info   ][gc,marking  ] GC(1813) Concurrent Scan Root Regions
[26.472s][info   ][gc,marking  ] GC(1813) Concurrent Scan Root Regions 0.005ms
[26.472s][info   ][gc,marking  ] GC(1813) Concurrent Mark
[26.472s][info   ][gc,marking  ] GC(1813) Concurrent Mark From Roots
[26.472s][info   ][gc,task     ] GC(1813) Using 1 workers of 1 for marking
[26.480s][info   ][gc,marking  ] GC(1813) Concurrent Mark From Roots 7.477ms
[26.480s][info   ][gc,marking  ] GC(1813) Concurrent Preclean
[26.480s][info   ][gc,marking  ] GC(1813) Concurrent Preclean 0.086ms
[26.480s][info   ][gc,start    ] GC(1813) Pause Remark
[26.481s][info   ][gc          ] GC(1813) Pause Remark 1359M->1359M(2048M) 0.625ms
[26.481s][info   ][gc,cpu      ] GC(1813) User=0.01s Sys=0.00s Real=0.00s
[26.481s][info   ][gc,marking  ] GC(1813) Concurrent Mark 8.764ms
[26.481s][info   ][gc,marking  ] GC(1813) Concurrent Rebuild Remembered Sets
[26.489s][info   ][gc,marking  ] GC(1813) Concurrent Rebuild Remembered Sets 7.660ms
[26.489s][info   ][gc,start    ] GC(1813) Pause Cleanup
[26.490s][info   ][gc          ] GC(1813) Pause Cleanup 1493M->1493M(2048M) 0.417ms
[26.490s][info   ][gc,cpu      ] GC(1813) User=0.00s Sys=0.00s Real=0.00s
[26.490s][info   ][gc,marking  ] GC(1813) Concurrent Cleanup for Next Mark
[26.502s][info   ][gc,marking  ] GC(1813) Concurrent Cleanup for Next Mark 11.709ms
[26.502s][info   ][gc          ] GC(1813) Concurrent Mark Cycle 29.511ms
[26.503s][info   ][gc,start    ] GC(1814) Pause Young (Concurrent Start) (G1 Humongous Allocation)
[26.503s][info   ][gc,task     ] GC(1814) Using 4 workers of 4 for evacuation
[26.504s][info   ][gc,phases   ] GC(1814)   Pre Evacuate Collection Set: 0.2ms
[26.504s][info   ][gc,phases   ] GC(1814)   Merge Heap Roots: 0.3ms
[26.504s][info   ][gc,phases   ] GC(1814)   Evacuate Collection Set: 0.2ms
[26.504s][info   ][gc,phases   ] GC(1814)   Post Evacuate Collection Set: 0.5ms
[26.504s][info   ][gc,phases   ] GC(1814)   Other: 0.2ms
[26.504s][info   ][gc,heap     ] GC(1814) Eden regions: 0->0(539)
[26.504s][info   ][gc,heap     ] GC(1814) Survivor regions: 0->0(68)
[26.504s][info   ][gc,heap     ] GC(1814) Old regions: 1->1
[26.504s][info   ][gc,heap     ] GC(1814) Archive regions: 2->2
[26.504s][info   ][gc,heap     ] GC(1814) Humongous regions: 1630->1264
[26.505s][info   ][gc,metaspace] GC(1814) Metaspace: 158K(384K)->158K(384K) NonClass: 150K(256K)->150K(256K) Class: 8K(128K)->8K(128K)
[26.505s][info   ][gc          ] GC(1814) Pause Young (Concurrent Start) (G1 Humongous Allocation) 1631M->1265M(2048M) 1.549ms
[26.505s][info   ][gc,cpu      ] GC(1814) User=0.00s Sys=0.01s Real=0.00s
[26.505s][info   ][gc          ] GC(1815) Concurrent Mark Cycle
[26.505s][info   ][gc,marking  ] GC(1815) Concurrent Clear Claimed Marks
[26.505s][info   ][gc,marking  ] GC(1815) Concurrent Clear Claimed Marks 0.011ms
[26.505s][info   ][gc,marking  ] GC(1815) Concurrent Scan Root Regions
[26.505s][info   ][gc,marking  ] GC(1815) Concurrent Scan Root Regions 0.006ms
[26.505s][info   ][gc,marking  ] GC(1815) Concurrent Mark
[26.505s][info   ][gc,marking  ] GC(1815) Concurrent Mark From Roots
[26.505s][info   ][gc,task     ] GC(1815) Using 1 workers of 1 for marking
[26.514s][info   ][gc,marking  ] GC(1815) Concurrent Mark From Roots 9.432ms
[26.514s][info   ][gc,marking  ] GC(1815) Concurrent Preclean
[26.514s][info   ][gc,marking  ] GC(1815) Concurrent Preclean 0.111ms
[26.516s][info   ][gc,start    ] GC(1815) Pause Remark
[26.516s][info   ][gc          ] GC(1815) Pause Remark 1419M->1419M(2048M) 0.723ms
[26.516s][info   ][gc,cpu      ] GC(1815) User=0.00s Sys=0.00s Real=0.00s
[26.516s][info   ][gc,marking  ] GC(1815) Concurrent Mark 11.827ms
[26.516s][info   ][gc,marking  ] GC(1815) Concurrent Rebuild Remembered Sets
[26.525s][info   ][gc,marking  ] GC(1815) Concurrent Rebuild Remembered Sets 8.600ms
[26.526s][info   ][gc,start    ] GC(1815) Pause Cleanup
[26.526s][info   ][gc          ] GC(1815) Pause Cleanup 1579M->1579M(2048M) 0.215ms
[26.526s][info   ][gc,cpu      ] GC(1815) User=0.00s Sys=0.00s Real=0.00s
[26.527s][info   ][gc,marking  ] GC(1815) Concurrent Cleanup for Next Mark
[26.543s][info   ][gc,marking  ] GC(1815) Concurrent Cleanup for Next Mark 16.588ms
[26.543s][info   ][gc          ] GC(1815) Concurrent Mark Cycle 38.791ms
[26.545s][info   ][gc,start    ] GC(1816) Pause Young (Concurrent Start) (G1 Humongous Allocation)
[26.545s][info   ][gc,task     ] GC(1816) Using 4 workers of 4 for evacuation
[26.546s][info   ][gc,phases   ] GC(1816)   Pre Evacuate Collection Set: 0.2ms
[26.546s][info   ][gc,phases   ] GC(1816)   Merge Heap Roots: 0.2ms
[26.546s][info   ][gc,phases   ] GC(1816)   Evacuate Collection Set: 0.3ms
[26.546s][info   ][gc,phases   ] GC(1816)   Post Evacuate Collection Set: 0.9ms
[26.546s][info   ][gc,phases   ] GC(1816)   Other: 0.1ms
[26.546s][info   ][gc,heap     ] GC(1816) Eden regions: 0->0(530)
[26.546s][info   ][gc,heap     ] GC(1816) Survivor regions: 0->0(68)
[26.546s][info   ][gc,heap     ] GC(1816) Old regions: 1->1
[26.546s][info   ][gc,heap     ] GC(1816) Archive regions: 2->2
[26.546s][info   ][gc,heap     ] GC(1816) Humongous regions: 1790->1274
[26.546s][info   ][gc,metaspace] GC(1816) Metaspace: 158K(384K)->158K(384K) NonClass: 150K(256K)->150K(256K) Class: 8K(128K)->8K(128K)
[26.546s][info   ][gc          ] GC(1816) Pause Young (Concurrent Start) (G1 Humongous Allocation) 1791M->1275M(2048M) 1.901ms
[26.546s][info   ][gc,cpu      ] GC(1816) User=0.00s Sys=0.00s Real=0.00s
[26.546s][info   ][gc          ] GC(1817) Concurrent Mark Cycle
[26.546s][info   ][gc,marking  ] GC(1817) Concurrent Clear Claimed Marks
[26.547s][info   ][gc,marking  ] GC(1817) Concurrent Clear Claimed Marks 0.008ms
[26.547s][info   ][gc,marking  ] GC(1817) Concurrent Scan Root Regions
[26.547s][info   ][gc,marking  ] GC(1817) Concurrent Scan Root Regions 0.006ms
[26.547s][info   ][gc,marking  ] GC(1817) Concurrent Mark
[26.547s][info   ][gc,marking  ] GC(1817) Concurrent Mark From Roots
[26.547s][info   ][gc,task     ] GC(1817) Using 1 workers of 1 for marking
[26.554s][info   ][gc,marking  ] GC(1817) Concurrent Mark From Roots 7.385ms
[26.554s][info   ][gc,marking  ] GC(1817) Concurrent Preclean
[26.554s][info   ][gc,marking  ] GC(1817) Concurrent Preclean 0.094ms
[26.555s][info   ][gc,start    ] GC(1817) Pause Remark
[26.556s][info   ][gc          ] GC(1817) Pause Remark 1393M->1393M(2048M) 0.814ms
[26.556s][info   ][gc,cpu      ] GC(1817) User=0.00s Sys=0.00s Real=0.00s
[26.556s][info   ][gc,marking  ] GC(1817) Concurrent Mark 9.085ms
[26.556s][info   ][gc,marking  ] GC(1817) Concurrent Rebuild Remembered Sets
[26.565s][info   ][gc,marking  ] GC(1817) Concurrent Rebuild Remembered Sets 8.901ms
[26.566s][info   ][gc,start    ] GC(1817) Pause Cleanup
[26.566s][info   ][gc          ] GC(1817) Pause Cleanup 1541M->1541M(2048M) 0.273ms
[26.566s][info   ][gc,cpu      ] GC(1817) User=0.00s Sys=0.00s Real=0.00s
[26.566s][info   ][gc,marking  ] GC(1817) Concurrent Cleanup for Next Mark
[26.581s][info   ][gc,marking  ] GC(1817) Concurrent Cleanup for Next Mark 15.271ms
[26.582s][info   ][gc          ] GC(1817) Concurrent Mark Cycle 35.025ms
[26.583s][info   ][gc,start    ] GC(1818) Pause Young (Concurrent Start) (G1 Humongous Allocation)
[26.583s][info   ][gc,task     ] GC(1818) Using 4 workers of 4 for evacuation
[26.584s][info   ][gc,phases   ] GC(1818)   Pre Evacuate Collection Set: 0.4ms
[26.584s][info   ][gc,phases   ] GC(1818)   Merge Heap Roots: 0.3ms
[26.584s][info   ][gc,phases   ] GC(1818)   Evacuate Collection Set: 0.3ms
[26.584s][info   ][gc,phases   ] GC(1818)   Post Evacuate Collection Set: 0.6ms
[26.585s][info   ][gc,phases   ] GC(1818)   Other: 0.3ms
[26.585s][info   ][gc,heap     ] GC(1818) Eden regions: 0->0(521)
[26.585s][info   ][gc,heap     ] GC(1818) Survivor regions: 0->0(67)
[26.585s][info   ][gc,heap     ] GC(1818) Old regions: 1->1
[26.585s][info   ][gc,heap     ] GC(1818) Archive regions: 2->2
[26.585s][info   ][gc,heap     ] GC(1818) Humongous regions: 1728->1284
[26.585s][info   ][gc,metaspace] GC(1818) Metaspace: 158K(384K)->158K(384K) NonClass: 150K(256K)->150K(256K) Class: 8K(128K)->8K(128K)
[26.585s][info   ][gc          ] GC(1818) Pause Young (Concurrent Start) (G1 Humongous Allocation) 1729M->1285M(2048M) 1.919ms
[26.585s][info   ][gc,cpu      ] GC(1818) User=0.00s Sys=0.00s Real=0.00s
[26.585s][info   ][gc          ] GC(1819) Concurrent Mark Cycle
[26.585s][info   ][gc,marking  ] GC(1819) Concurrent Clear Claimed Marks
[26.585s][info   ][gc,marking  ] GC(1819) Concurrent Clear Claimed Marks 0.008ms
[26.585s][info   ][gc,marking  ] GC(1819) Concurrent Scan Root Regions
[26.585s][info   ][gc,marking  ] GC(1819) Concurrent Scan Root Regions 0.006ms
[26.585s][info   ][gc,marking  ] GC(1819) Concurrent Mark
[26.585s][info   ][gc,marking  ] GC(1819) Concurrent Mark From Roots
[26.585s][info   ][gc,task     ] GC(1819) Using 1 workers of 1 for marking
[26.592s][info   ][gc,marking  ] GC(1819) Concurrent Mark From Roots 7.135ms
[26.592s][info   ][gc,marking  ] GC(1819) Concurrent Preclean
[26.592s][info   ][gc,marking  ] GC(1819) Concurrent Preclean 0.087ms
[26.592s][info   ][gc,start    ] GC(1819) Pause Remark
[26.593s][info   ][gc          ] GC(1819) Pause Remark 1421M->1421M(2048M) 0.587ms
[26.593s][info   ][gc,cpu      ] GC(1819) User=0.00s Sys=0.00s Real=0.00s
[26.593s][info   ][gc,marking  ] GC(1819) Concurrent Mark 8.428ms
[26.593s][info   ][gc,marking  ] GC(1819) Concurrent Rebuild Remembered Sets
[26.600s][info   ][gc,marking  ] GC(1819) Concurrent Rebuild Remembered Sets 7.064ms
[26.601s][info   ][gc,start    ] GC(1819) Pause Cleanup
[26.601s][info   ][gc          ] GC(1819) Pause Cleanup 1529M->1529M(2048M) 0.270ms
[26.601s][info   ][gc,cpu      ] GC(1819) User=0.00s Sys=0.00s Real=0.00s
[26.601s][info   ][gc,marking  ] GC(1819) Concurrent Cleanup for Next Mark
[26.614s][info   ][gc,marking  ] GC(1819) Concurrent Cleanup for Next Mark 12.623ms
[26.614s][info   ][gc          ] GC(1819) Concurrent Mark Cycle 29.508ms
[26.615s][info   ][gc,start    ] GC(1820) Pause Young (Concurrent Start) (G1 Humongous Allocation)
[26.615s][info   ][gc,task     ] GC(1820) Using 4 workers of 4 for evacuation
[26.616s][info   ][gc,phases   ] GC(1820)   Pre Evacuate Collection Set: 0.2ms
[26.616s][info   ][gc,phases   ] GC(1820)   Merge Heap Roots: 0.3ms
[26.616s][info   ][gc,phases   ] GC(1820)   Evacuate Collection Set: 0.3ms
[26.616s][info   ][gc,phases   ] GC(1820)   Post Evacuate Collection Set: 0.6ms
[26.616s][info   ][gc,phases   ] GC(1820)   Other: 0.2ms
[26.616s][info   ][gc,heap     ] GC(1820) Eden regions: 0->0(552)
[26.616s][info   ][gc,heap     ] GC(1820) Survivor regions: 0->0(66)
[26.616s][info   ][gc,heap     ] GC(1820) Old regions: 1->1
[26.616s][info   ][gc,heap     ] GC(1820) Archive regions: 2->2
[26.616s][info   ][gc,heap     ] GC(1820) Humongous regions: 1688->1250
[26.616s][info   ][gc,metaspace] GC(1820) Metaspace: 158K(384K)->158K(384K) NonClass: 150K(256K)->150K(256K) Class: 8K(128K)->8K(128K)
[26.616s][info   ][gc          ] GC(1820) Pause Young (Concurrent Start) (G1 Humongous Allocation) 1689M->1251M(2048M) 1.632ms
[26.616s][info   ][gc,cpu      ] GC(1820) User=0.00s Sys=0.01s Real=0.00s
[26.616s][info   ][gc          ] GC(1821) Concurrent Mark Cycle
[26.616s][info   ][gc,marking  ] GC(1821) Concurrent Clear Claimed Marks
[26.616s][info   ][gc,marking  ] GC(1821) Concurrent Clear Claimed Marks 0.036ms
[26.616s][info   ][gc,marking  ] GC(1821) Concurrent Scan Root Regions
[26.617s][info   ][gc,marking  ] GC(1821) Concurrent Scan Root Regions 0.006ms
[26.617s][info   ][gc,marking  ] GC(1821) Concurrent Mark
[26.617s][info   ][gc,marking  ] GC(1821) Concurrent Mark From Roots
[26.617s][info   ][gc,task     ] GC(1821) Using 1 workers of 1 for marking
[26.625s][info   ][gc,marking  ] GC(1821) Concurrent Mark From Roots 8.100ms
[26.625s][info   ][gc,marking  ] GC(1821) Concurrent Preclean
[26.625s][info   ][gc,marking  ] GC(1821) Concurrent Preclean 0.092ms
[26.625s][info   ][gc,start    ] GC(1821) Pause Remark
[26.626s][info   ][gc          ] GC(1821) Pause Remark 1389M->1389M(2048M) 0.607ms
[26.626s][info   ][gc,cpu      ] GC(1821) User=0.00s Sys=0.00s Real=0.00s
[26.626s][info   ][gc,marking  ] GC(1821) Concurrent Mark 9.654ms
[26.626s][info   ][gc,marking  ] GC(1821) Concurrent Rebuild Remembered Sets
[26.636s][info   ][gc,marking  ] GC(1821) Concurrent Rebuild Remembered Sets 10.077ms
[26.637s][info   ][gc,start    ] GC(1821) Pause Cleanup
[26.638s][info   ][gc          ] GC(1821) Pause Cleanup 1559M->1559M(2048M) 0.239ms
[26.638s][info   ][gc,cpu      ] GC(1821) User=0.00s Sys=0.00s Real=0.00s
[26.638s][info   ][gc,marking  ] GC(1821) Concurrent Cleanup for Next Mark
[26.654s][info   ][gc,marking  ] GC(1821) Concurrent Cleanup for Next Mark 16.597ms
[26.655s][info   ][gc          ] GC(1821) Concurrent Mark Cycle 38.208ms
[26.655s][info   ][gc,start    ] GC(1822) Pause Young (Concurrent Start) (G1 Humongous Allocation)
[26.655s][info   ][gc,task     ] GC(1822) Using 4 workers of 4 for evacuation
[26.657s][info   ][gc,phases   ] GC(1822)   Pre Evacuate Collection Set: 0.2ms
[26.657s][info   ][gc,phases   ] GC(1822)   Merge Heap Roots: 0.2ms
[26.657s][info   ][gc,phases   ] GC(1822)   Evacuate Collection Set: 0.3ms
[26.657s][info   ][gc,phases   ] GC(1822)   Post Evacuate Collection Set: 0.7ms
[26.657s][info   ][gc,phases   ] GC(1822)   Other: 0.1ms
[26.657s][info   ][gc,heap     ] GC(1822) Eden regions: 0->0(575)
[26.657s][info   ][gc,heap     ] GC(1822) Survivor regions: 0->0(69)
[26.657s][info   ][gc,heap     ] GC(1822) Old regions: 1->1
[26.657s][info   ][gc,heap     ] GC(1822) Archive regions: 2->2
[26.657s][info   ][gc,heap     ] GC(1822) Humongous regions: 1764->1226
[26.657s][info   ][gc,metaspace] GC(1822) Metaspace: 158K(384K)->158K(384K) NonClass: 150K(256K)->150K(256K) Class: 8K(128K)->8K(128K)
[26.657s][info   ][gc          ] GC(1822) Pause Young (Concurrent Start) (G1 Humongous Allocation) 1765M->1227M(2048M) 1.604ms
[26.657s][info   ][gc,cpu      ] GC(1822) User=0.00s Sys=0.00s Real=0.00s
[26.657s][info   ][gc          ] GC(1823) Concurrent Mark Cycle
[26.657s][info   ][gc,marking  ] GC(1823) Concurrent Clear Claimed Marks
[26.657s][info   ][gc,marking  ] GC(1823) Concurrent Clear Claimed Marks 0.006ms
[26.657s][info   ][gc,marking  ] GC(1823) Concurrent Scan Root Regions
[26.657s][info   ][gc,marking  ] GC(1823) Concurrent Scan Root Regions 0.005ms
[26.657s][info   ][gc,marking  ] GC(1823) Concurrent Mark
[26.657s][info   ][gc,marking  ] GC(1823) Concurrent Mark From Roots
[26.657s][info   ][gc,task     ] GC(1823) Using 1 workers of 1 for marking
[26.664s][info   ][gc,marking  ] GC(1823) Concurrent Mark From Roots 7.157ms
[26.664s][info   ][gc,marking  ] GC(1823) Concurrent Preclean
[26.664s][info   ][gc,marking  ] GC(1823) Concurrent Preclean 0.085ms
[26.664s][info   ][gc,start    ] GC(1823) Pause Remark
[26.665s][info   ][gc          ] GC(1823) Pause Remark 1291M->1291M(2048M) 0.623ms
[26.665s][info   ][gc,cpu      ] GC(1823) User=0.00s Sys=0.00s Real=0.00s
[26.665s][info   ][gc,marking  ] GC(1823) Concurrent Mark 8.354ms
[26.665s][info   ][gc,marking  ] GC(1823) Concurrent Rebuild Remembered Sets
[26.672s][info   ][gc,marking  ] GC(1823) Concurrent Rebuild Remembered Sets 7.010ms
[26.674s][info   ][gc,start    ] GC(1823) Pause Cleanup
[26.674s][info   ][gc          ] GC(1823) Pause Cleanup 1437M->1437M(2048M) 0.221ms
[26.674s][info   ][gc,cpu      ] GC(1823) User=0.00s Sys=0.00s Real=0.00s
[26.674s][info   ][gc,marking  ] GC(1823) Concurrent Cleanup for Next Mark
[26.689s][info   ][gc,marking  ] GC(1823) Concurrent Cleanup for Next Mark 14.765ms
[26.689s][info   ][gc          ] GC(1823) Concurrent Mark Cycle 32.592ms
[26.690s][info   ][gc,start    ] GC(1824) Pause Young (Concurrent Start) (G1 Humongous Allocation)
[26.690s][info   ][gc,task     ] GC(1824) Using 4 workers of 4 for evacuation
[26.692s][info   ][gc,phases   ] GC(1824)   Pre Evacuate Collection Set: 0.2ms
[26.692s][info   ][gc,phases   ] GC(1824)   Merge Heap Roots: 0.2ms
[26.692s][info   ][gc,phases   ] GC(1824)   Evacuate Collection Set: 0.5ms
[26.692s][info   ][gc,phases   ] GC(1824)   Post Evacuate Collection Set: 1.1ms
[26.692s][info   ][gc,phases   ] GC(1824)   Other: 0.2ms
[26.692s][info   ][gc,heap     ] GC(1824) Eden regions: 0->0(577)
[26.692s][info   ][gc,heap     ] GC(1824) Survivor regions: 0->0(72)
[26.692s][info   ][gc,heap     ] GC(1824) Old regions: 1->1
[26.692s][info   ][gc,heap     ] GC(1824) Archive regions: 2->2
[26.692s][info   ][gc,heap     ] GC(1824) Humongous regions: 1620->1224
[26.692s][info   ][gc,metaspace] GC(1824) Metaspace: 158K(384K)->158K(384K) NonClass: 150K(256K)->150K(256K) Class: 8K(128K)->8K(128K)
[26.692s][info   ][gc          ] GC(1824) Pause Young (Concurrent Start) (G1 Humongous Allocation) 1621M->1225M(2048M) 2.208ms
[26.692s][info   ][gc,cpu      ] GC(1824) User=0.00s Sys=0.00s Real=0.00s
[26.693s][info   ][gc          ] GC(1825) Concurrent Mark Cycle
[26.693s][info   ][gc,marking  ] GC(1825) Concurrent Clear Claimed Marks
[26.693s][info   ][gc,marking  ] GC(1825) Concurrent Clear Claimed Marks 0.007ms
[26.693s][info   ][gc,marking  ] GC(1825) Concurrent Scan Root Regions
[26.693s][info   ][gc,marking  ] GC(1825) Concurrent Scan Root Regions 0.006ms
[26.693s][info   ][gc,marking  ] GC(1825) Concurrent Mark
[26.693s][info   ][gc,marking  ] GC(1825) Concurrent Mark From Roots
[26.693s][info   ][gc,task     ] GC(1825) Using 1 workers of 1 for marking
[26.700s][info   ][gc,marking  ] GC(1825) Concurrent Mark From Roots 7.593ms
[26.700s][info   ][gc,marking  ] GC(1825) Concurrent Preclean
[26.700s][info   ][gc,marking  ] GC(1825) Concurrent Preclean 0.093ms
[26.701s][info   ][gc,start    ] GC(1825) Pause Remark
[26.701s][info   ][gc          ] GC(1825) Pause Remark 1337M->1337M(2048M) 0.641ms
[26.701s][info   ][gc,cpu      ] GC(1825) User=0.00s Sys=0.00s Real=0.00s
[26.702s][info   ][gc,marking  ] GC(1825) Concurrent Mark 8.944ms
[26.702s][info   ][gc,marking  ] GC(1825) Concurrent Rebuild Remembered Sets
[26.711s][info   ][gc,marking  ] GC(1825) Concurrent Rebuild Remembered Sets 9.918ms
[26.713s][info   ][gc,start    ] GC(1825) Pause Cleanup
[26.713s][info   ][gc          ] GC(1825) Pause Cleanup 1513M->1513M(2048M) 0.250ms
[26.713s][info   ][gc,cpu      ] GC(1825) User=0.00s Sys=0.00s Real=0.00s
[26.713s][info   ][gc,marking  ] GC(1825) Concurrent Cleanup for Next Mark
[26.728s][info   ][gc,marking  ] GC(1825) Concurrent Cleanup for Next Mark 15.341ms
[26.729s][info   ][gc          ] GC(1825) Concurrent Mark Cycle 36.155ms
[26.730s][info   ][gc,start    ] GC(1826) Pause Young (Concurrent Start) (G1 Humongous Allocation)
[26.730s][info   ][gc,task     ] GC(1826) Using 4 workers of 4 for evacuation
[26.731s][info   ][gc,phases   ] GC(1826)   Pre Evacuate Collection Set: 0.2ms
[26.731s][info   ][gc,phases   ] GC(1826)   Merge Heap Roots: 0.2ms
[26.731s][info   ][gc,phases   ] GC(1826)   Evacuate Collection Set: 0.3ms
[26.731s][info   ][gc,phases   ] GC(1826)   Post Evacuate Collection Set: 0.7ms
[26.731s][info   ][gc,phases   ] GC(1826)   Other: 0.1ms
[26.731s][info   ][gc,heap     ] GC(1826) Eden regions: 0->0(562)
[26.731s][info   ][gc,heap     ] GC(1826) Survivor regions: 0->0(73)
[26.731s][info   ][gc,heap     ] GC(1826) Old regions: 1->1
[26.731s][info   ][gc,heap     ] GC(1826) Archive regions: 2->2
[26.731s][info   ][gc,heap     ] GC(1826) Humongous regions: 1710->1240
[26.731s][info   ][gc,metaspace] GC(1826) Metaspace: 158K(384K)->158K(384K) NonClass: 150K(256K)->150K(256K) Class: 8K(128K)->8K(128K)
[26.731s][info   ][gc          ] GC(1826) Pause Young (Concurrent Start) (G1 Humongous Allocation) 1711M->1241M(2048M) 1.632ms
[26.731s][info   ][gc,cpu      ] GC(1826) User=0.00s Sys=0.00s Real=0.00s
[26.731s][info   ][gc          ] GC(1827) Concurrent Mark Cycle
[26.731s][info   ][gc,marking  ] GC(1827) Concurrent Clear Claimed Marks
[26.731s][info   ][gc,marking  ] GC(1827) Concurrent Clear Claimed Marks 0.007ms
[26.731s][info   ][gc,marking  ] GC(1827) Concurrent Scan Root Regions
[26.731s][info   ][gc,marking  ] GC(1827) Concurrent Scan Root Regions 0.006ms
[26.731s][info   ][gc,marking  ] GC(1827) Concurrent Mark
[26.731s][info   ][gc,marking  ] GC(1827) Concurrent Mark From Roots
[26.731s][info   ][gc,task     ] GC(1827) Using 1 workers of 1 for marking
[26.738s][info   ][gc,marking  ] GC(1827) Concurrent Mark From Roots 6.627ms
[26.738s][info   ][gc,marking  ] GC(1827) Concurrent Preclean
[26.738s][info   ][gc,marking  ] GC(1827) Concurrent Preclean 0.078ms
[26.739s][info   ][gc,start    ] GC(1827) Pause Remark
[26.740s][info   ][gc          ] GC(1827) Pause Remark 1333M->1333M(2048M) 0.710ms
[26.740s][info   ][gc,cpu      ] GC(1827) User=0.00s Sys=0.00s Real=0.00s
[26.740s][info   ][gc,marking  ] GC(1827) Concurrent Mark 8.282ms
[26.740s][info   ][gc,marking  ] GC(1827) Concurrent Rebuild Remembered Sets
[26.749s][info   ][gc,marking  ] GC(1827) Concurrent Rebuild Remembered Sets 9.707ms
[26.751s][info   ][gc,start    ] GC(1827) Pause Cleanup
[26.752s][info   ][gc          ] GC(1827) Pause Cleanup 1521M->1521M(2048M) 0.286ms
[26.752s][info   ][gc,cpu      ] GC(1827) User=0.00s Sys=0.00s Real=0.00s
[26.752s][info   ][gc,marking  ] GC(1827) Concurrent Cleanup for Next Mark
[26.765s][info   ][gc,marking  ] GC(1827) Concurrent Cleanup for Next Mark 13.605ms
[26.766s][info   ][gc          ] GC(1827) Concurrent Mark Cycle 34.295ms
[26.766s][info   ][gc,start    ] GC(1828) Pause Young (Concurrent Start) (G1 Humongous Allocation)
[26.766s][info   ][gc,task     ] GC(1828) Using 4 workers of 4 for evacuation
[26.768s][info   ][gc,phases   ] GC(1828)   Pre Evacuate Collection Set: 0.2ms
[26.768s][info   ][gc,phases   ] GC(1828)   Merge Heap Roots: 0.3ms
[26.768s][info   ][gc,phases   ] GC(1828)   Evacuate Collection Set: 0.2ms
[26.768s][info   ][gc,phases   ] GC(1828)   Post Evacuate Collection Set: 0.7ms
[26.768s][info   ][gc,phases   ] GC(1828)   Other: 0.1ms
[26.768s][info   ][gc,heap     ] GC(1828) Eden regions: 0->0(626)
[26.768s][info   ][gc,heap     ] GC(1828) Survivor regions: 0->0(71)
[26.768s][info   ][gc,heap     ] GC(1828) Old regions: 1->1
[26.768s][info   ][gc,heap     ] GC(1828) Archive regions: 2->2
[26.768s][info   ][gc,heap     ] GC(1828) Humongous regions: 1680->1172
[26.768s][info   ][gc,metaspace] GC(1828) Metaspace: 158K(384K)->158K(384K) NonClass: 150K(256K)->150K(256K) Class: 8K(128K)->8K(128K)
[26.768s][info   ][gc          ] GC(1828) Pause Young (Concurrent Start) (G1 Humongous Allocation) 1681M->1173M(2048M) 1.627ms
[26.768s][info   ][gc,cpu      ] GC(1828) User=0.00s Sys=0.00s Real=0.00s
[26.768s][info   ][gc          ] GC(1829) Concurrent Mark Cycle
[26.768s][info   ][gc,marking  ] GC(1829) Concurrent Clear Claimed Marks
[26.768s][info   ][gc,marking  ] GC(1829) Concurrent Clear Claimed Marks 0.007ms
[26.768s][info   ][gc,marking  ] GC(1829) Concurrent Scan Root Regions
[26.768s][info   ][gc,marking  ] GC(1829) Concurrent Scan Root Regions 0.006ms
[26.768s][info   ][gc,marking  ] GC(1829) Concurrent Mark
[26.768s][info   ][gc,marking  ] GC(1829) Concurrent Mark From Roots
[26.768s][info   ][gc,task     ] GC(1829) Using 1 workers of 1 for marking
[26.777s][info   ][gc,marking  ] GC(1829) Concurrent Mark From Roots 9.252ms
[26.777s][info   ][gc,marking  ] GC(1829) Concurrent Preclean
[26.778s][info   ][gc,marking  ] GC(1829) Concurrent Preclean 0.222ms
[26.779s][info   ][gc,start    ] GC(1829) Pause Remark
[26.780s][info   ][gc          ] GC(1829) Pause Remark 1333M->1333M(2048M) 1.002ms
[26.780s][info   ][gc,cpu      ] GC(1829) User=0.00s Sys=0.00s Real=0.00s
[26.780s][info   ][gc,marking  ] GC(1829) Concurrent Mark 12.078ms
[26.780s][info   ][gc,marking  ] GC(1829) Concurrent Rebuild Remembered Sets
[26.788s][info   ][gc,marking  ] GC(1829) Concurrent Rebuild Remembered Sets 8.292ms
[26.789s][info   ][gc,start    ] GC(1829) Pause Cleanup
[26.790s][info   ][gc          ] GC(1829) Pause Cleanup 1477M->1477M(2048M) 0.255ms
[26.790s][info   ][gc,cpu      ] GC(1829) User=0.00s Sys=0.00s Real=0.00s
[26.790s][info   ][gc,marking  ] GC(1829) Concurrent Cleanup for Next Mark
[26.804s][info   ][gc,marking  ] GC(1829) Concurrent Cleanup for Next Mark 14.061ms
[26.804s][info   ][gc          ] GC(1829) Concurrent Mark Cycle 36.227ms
[26.805s][info   ][gc,start    ] GC(1830) Pause Young (Concurrent Start) (G1 Humongous Allocation)
[26.805s][info   ][gc,task     ] GC(1830) Using 4 workers of 4 for evacuation
[26.806s][info   ][gc,phases   ] GC(1830)   Pre Evacuate Collection Set: 0.2ms
[26.806s][info   ][gc,phases   ] GC(1830)   Merge Heap Roots: 0.2ms
[26.806s][info   ][gc,phases   ] GC(1830)   Evacuate Collection Set: 0.2ms
[26.806s][info   ][gc,phases   ] GC(1830)   Post Evacuate Collection Set: 0.6ms
[26.806s][info   ][gc,phases   ] GC(1830)   Other: 0.2ms
[26.806s][info   ][gc,heap     ] GC(1830) Eden regions: 0->0(637)
[26.806s][info   ][gc,heap     ] GC(1830) Survivor regions: 0->0(79)
[26.806s][info   ][gc,heap     ] GC(1830) Old regions: 1->1
[26.806s][info   ][gc,heap     ] GC(1830) Archive regions: 2->2
[26.806s][info   ][gc,heap     ] GC(1830) Humongous regions: 1648->1160
[26.806s][info   ][gc,metaspace] GC(1830) Metaspace: 158K(384K)->158K(384K) NonClass: 150K(256K)->150K(256K) Class: 8K(128K)->8K(128K)
[26.806s][info   ][gc          ] GC(1830) Pause Young (Concurrent Start) (G1 Humongous Allocation) 1649M->1161M(2048M) 1.460ms
[26.806s][info   ][gc,cpu      ] GC(1830) User=0.00s Sys=0.00s Real=0.00s
[26.806s][info   ][gc          ] GC(1831) Concurrent Mark Cycle
[26.806s][info   ][gc,marking  ] GC(1831) Concurrent Clear Claimed Marks
[26.806s][info   ][gc,marking  ] GC(1831) Concurrent Clear Claimed Marks 0.008ms
[26.806s][info   ][gc,marking  ] GC(1831) Concurrent Scan Root Regions
[26.806s][info   ][gc,marking  ] GC(1831) Concurrent Scan Root Regions 0.007ms
[26.806s][info   ][gc,marking  ] GC(1831) Concurrent Mark
[26.806s][info   ][gc,marking  ] GC(1831) Concurrent Mark From Roots
[26.806s][info   ][gc,task     ] GC(1831) Using 1 workers of 1 for marking
[26.813s][info   ][gc,marking  ] GC(1831) Concurrent Mark From Roots 6.592ms
[26.813s][info   ][gc,marking  ] GC(1831) Concurrent Preclean
[26.813s][info   ][gc,marking  ] GC(1831) Concurrent Preclean 0.098ms
[26.814s][info   ][gc,start    ] GC(1831) Pause Remark
[26.816s][info   ][gc          ] GC(1831) Pause Remark 1275M->1275M(2048M) 1.571ms
[26.816s][info   ][gc,cpu      ] GC(1831) User=0.00s Sys=0.00s Real=0.00s
[26.816s][info   ][gc,marking  ] GC(1831) Concurrent Mark 9.494ms
[26.816s][info   ][gc,marking  ] GC(1831) Concurrent Rebuild Remembered Sets
[26.824s][info   ][gc,marking  ] GC(1831) Concurrent Rebuild Remembered Sets 8.547ms
[26.825s][info   ][gc,start    ] GC(1831) Pause Cleanup
[26.825s][info   ][gc          ] GC(1831) Pause Cleanup 1393M->1393M(2048M) 0.286ms
[26.825s][info   ][gc,cpu      ] GC(1831) User=0.00s Sys=0.00s Real=0.00s
[26.825s][info   ][gc,marking  ] GC(1831) Concurrent Cleanup for Next Mark
[26.840s][info   ][gc,marking  ] GC(1831) Concurrent Cleanup for Next Mark 14.821ms
[26.841s][info   ][gc          ] GC(1831) Concurrent Mark Cycle 34.509ms
[26.841s][info   ][gc,start    ] GC(1832) Pause Young (Concurrent Start) (G1 Humongous Allocation)
[26.841s][info   ][gc,task     ] GC(1832) Using 4 workers of 4 for evacuation
[26.843s][info   ][gc,phases   ] GC(1832)   Pre Evacuate Collection Set: 0.3ms
[26.843s][info   ][gc,phases   ] GC(1832)   Merge Heap Roots: 0.2ms
[26.843s][info   ][gc,phases   ] GC(1832)   Evacuate Collection Set: 0.2ms
[26.843s][info   ][gc,phases   ] GC(1832)   Post Evacuate Collection Set: 0.6ms
[26.843s][info   ][gc,phases   ] GC(1832)   Other: 0.2ms
[26.843s][info   ][gc,heap     ] GC(1832) Eden regions: 0->0(656)
[26.843s][info   ][gc,heap     ] GC(1832) Survivor regions: 0->0(80)
[26.843s][info   ][gc,heap     ] GC(1832) Old regions: 1->1
[26.843s][info   ][gc,heap     ] GC(1832) Archive regions: 2->2
[26.843s][info   ][gc,heap     ] GC(1832) Humongous regions: 1580->1140
[26.843s][info   ][gc,metaspace] GC(1832) Metaspace: 158K(384K)->158K(384K) NonClass: 150K(256K)->150K(256K) Class: 8K(128K)->8K(128K)
[26.843s][info   ][gc          ] GC(1832) Pause Young (Concurrent Start) (G1 Humongous Allocation) 1581M->1141M(2048M) 1.568ms
[26.843s][info   ][gc,cpu      ] GC(1832) User=0.00s Sys=0.00s Real=0.00s
[26.843s][info   ][gc          ] GC(1833) Concurrent Mark Cycle
[26.843s][info   ][gc,marking  ] GC(1833) Concurrent Clear Claimed Marks
[26.843s][info   ][gc,marking  ] GC(1833) Concurrent Clear Claimed Marks 0.006ms
[26.843s][info   ][gc,marking  ] GC(1833) Concurrent Scan Root Regions
[26.843s][info   ][gc,marking  ] GC(1833) Concurrent Scan Root Regions 0.005ms
[26.843s][info   ][gc,marking  ] GC(1833) Concurrent Mark
[26.843s][info   ][gc,marking  ] GC(1833) Concurrent Mark From Roots
[26.843s][info   ][gc,task     ] GC(1833) Using 1 workers of 1 for marking
[26.851s][info   ][gc,marking  ] GC(1833) Concurrent Mark From Roots 7.419ms
[26.851s][info   ][gc,marking  ] GC(1833) Concurrent Preclean
[26.851s][info   ][gc,marking  ] GC(1833) Concurrent Preclean 0.081ms
[26.851s][info   ][gc,start    ] GC(1833) Pause Remark
[26.852s][info   ][gc          ] GC(1833) Pause Remark 1235M->1235M(2048M) 0.743ms
[26.852s][info   ][gc,cpu      ] GC(1833) User=0.00s Sys=0.00s Real=0.00s
[26.852s][info   ][gc,marking  ] GC(1833) Concurrent Mark 8.690ms
[26.852s][info   ][gc,marking  ] GC(1833) Concurrent Rebuild Remembered Sets
[26.858s][info   ][gc,marking  ] GC(1833) Concurrent Rebuild Remembered Sets 6.218ms
[26.859s][info   ][gc,start    ] GC(1833) Pause Cleanup
[26.859s][info   ][gc          ] GC(1833) Pause Cleanup 1345M->1345M(2048M) 0.192ms
[26.859s][info   ][gc,cpu      ] GC(1833) User=0.00s Sys=0.00s Real=0.00s
[26.860s][info   ][gc,marking  ] GC(1833) Concurrent Cleanup for Next Mark
[26.873s][info   ][gc,marking  ] GC(1833) Concurrent Cleanup for Next Mark 13.913ms
[26.874s][info   ][gc          ] GC(1833) Concurrent Mark Cycle 30.523ms
[26.874s][info   ][gc,start    ] GC(1834) Pause Young (Concurrent Start) (G1 Humongous Allocation)
[26.874s][info   ][gc,task     ] GC(1834) Using 4 workers of 4 for evacuation
[26.876s][info   ][gc,phases   ] GC(1834)   Pre Evacuate Collection Set: 0.2ms
[26.876s][info   ][gc,phases   ] GC(1834)   Merge Heap Roots: 0.2ms
[26.876s][info   ][gc,phases   ] GC(1834)   Evacuate Collection Set: 0.6ms
[26.876s][info   ][gc,phases   ] GC(1834)   Post Evacuate Collection Set: 0.4ms
[26.876s][info   ][gc,phases   ] GC(1834)   Other: 0.2ms
[26.876s][info   ][gc,heap     ] GC(1834) Eden regions: 0->0(616)
[26.876s][info   ][gc,heap     ] GC(1834) Survivor regions: 0->0(82)
[26.876s][info   ][gc,heap     ] GC(1834) Old regions: 1->1
[26.876s][info   ][gc,heap     ] GC(1834) Archive regions: 2->2
[26.876s][info   ][gc,heap     ] GC(1834) Humongous regions: 1512->1182
[26.876s][info   ][gc,metaspace] GC(1834) Metaspace: 158K(384K)->158K(384K) NonClass: 150K(256K)->150K(256K) Class: 8K(128K)->8K(128K)
[26.876s][info   ][gc          ] GC(1834) Pause Young (Concurrent Start) (G1 Humongous Allocation) 1513M->1183M(2048M) 1.653ms
[26.876s][info   ][gc,cpu      ] GC(1834) User=0.00s Sys=0.00s Real=0.00s
[26.876s][info   ][gc          ] GC(1835) Concurrent Mark Cycle
[26.876s][info   ][gc,marking  ] GC(1835) Concurrent Clear Claimed Marks
[26.876s][info   ][gc,marking  ] GC(1835) Concurrent Clear Claimed Marks 0.007ms
[26.876s][info   ][gc,marking  ] GC(1835) Concurrent Scan Root Regions
[26.876s][info   ][gc,marking  ] GC(1835) Concurrent Scan Root Regions 0.006ms
[26.876s][info   ][gc,marking  ] GC(1835) Concurrent Mark
[26.876s][info   ][gc,marking  ] GC(1835) Concurrent Mark From Roots
[26.876s][info   ][gc,task     ] GC(1835) Using 1 workers of 1 for marking
[26.883s][info   ][gc,marking  ] GC(1835) Concurrent Mark From Roots 7.211ms
[26.883s][info   ][gc,marking  ] GC(1835) Concurrent Preclean
[26.883s][info   ][gc,marking  ] GC(1835) Concurrent Preclean 0.086ms
[26.885s][info   ][gc,start    ] GC(1835) Pause Remark
[26.886s][info   ][gc          ] GC(1835) Pause Remark 1307M->1307M(2048M) 0.816ms
[26.886s][info   ][gc,cpu      ] GC(1835) User=0.00s Sys=0.00s Real=0.00s
[26.886s][info   ][gc,marking  ] GC(1835) Concurrent Mark 10.057ms
[26.886s][info   ][gc,marking  ] GC(1835) Concurrent Rebuild Remembered Sets
[26.893s][info   ][gc,marking  ] GC(1835) Concurrent Rebuild Remembered Sets 6.707ms
[26.894s][info   ][gc,start    ] GC(1835) Pause Cleanup
[26.894s][info   ][gc          ] GC(1835) Pause Cleanup 1425M->1425M(2048M) 0.225ms
[26.894s][info   ][gc,cpu      ] GC(1835) User=0.01s Sys=0.00s Real=0.00s
[26.894s][info   ][gc,marking  ] GC(1835) Concurrent Cleanup for Next Mark
[26.909s][info   ][gc,marking  ] GC(1835) Concurrent Cleanup for Next Mark 14.920ms
[26.910s][info   ][gc          ] GC(1835) Concurrent Mark Cycle 33.536ms
[26.910s][info   ][gc,start    ] GC(1836) Pause Young (Concurrent Start) (G1 Humongous Allocation)
[26.911s][info   ][gc,task     ] GC(1836) Using 4 workers of 4 for evacuation
[26.912s][info   ][gc,phases   ] GC(1836)   Pre Evacuate Collection Set: 0.2ms
[26.912s][info   ][gc,phases   ] GC(1836)   Merge Heap Roots: 0.3ms
[26.912s][info   ][gc,phases   ] GC(1836)   Evacuate Collection Set: 0.6ms
[26.913s][info   ][gc,phases   ] GC(1836)   Post Evacuate Collection Set: 0.7ms
[26.913s][info   ][gc,phases   ] GC(1836)   Other: 0.2ms
[26.913s][info   ][gc,heap     ] GC(1836) Eden regions: 0->0(650)
[26.913s][info   ][gc,heap     ] GC(1836) Survivor regions: 0->0(77)
[26.913s][info   ][gc,heap     ] GC(1836) Old regions: 1->1
[26.913s][info   ][gc,heap     ] GC(1836) Archive regions: 2->2
[26.913s][info   ][gc,heap     ] GC(1836) Humongous regions: 1606->1146
[26.913s][info   ][gc,metaspace] GC(1836) Metaspace: 158K(384K)->158K(384K) NonClass: 150K(256K)->150K(256K) Class: 8K(128K)->8K(128K)
[26.913s][info   ][gc          ] GC(1836) Pause Young (Concurrent Start) (G1 Humongous Allocation) 1607M->1147M(2048M) 2.087ms
[26.913s][info   ][gc,cpu      ] GC(1836) User=0.00s Sys=0.00s Real=0.00s
[26.913s][info   ][gc          ] GC(1837) Concurrent Mark Cycle
[26.913s][info   ][gc,marking  ] GC(1837) Concurrent Clear Claimed Marks
[26.913s][info   ][gc,marking  ] GC(1837) Concurrent Clear Claimed Marks 0.008ms
[26.913s][info   ][gc,marking  ] GC(1837) Concurrent Scan Root Regions
[26.913s][info   ][gc,marking  ] GC(1837) Concurrent Scan Root Regions 0.006ms
[26.913s][info   ][gc,marking  ] GC(1837) Concurrent Mark
[26.913s][info   ][gc,marking  ] GC(1837) Concurrent Mark From Roots
[26.913s][info   ][gc,task     ] GC(1837) Using 1 workers of 1 for marking
[26.922s][info   ][gc,marking  ] GC(1837) Concurrent Mark From Roots 9.415ms
[26.922s][info   ][gc,marking  ] GC(1837) Concurrent Preclean
[26.922s][info   ][gc,marking  ] GC(1837) Concurrent Preclean 0.111ms
[26.924s][info   ][gc,start    ] GC(1837) Pause Remark
[26.924s][info   ][gc          ] GC(1837) Pause Remark 1321M->1321M(2048M) 0.777ms
[26.924s][info   ][gc,cpu      ] GC(1837) User=0.00s Sys=0.00s Real=0.00s
[26.924s][info   ][gc,marking  ] GC(1837) Concurrent Mark 11.732ms
[26.924s][info   ][gc,marking  ] GC(1837) Concurrent Rebuild Remembered Sets
[26.933s][info   ][gc,marking  ] GC(1837) Concurrent Rebuild Remembered Sets 8.617ms
[26.934s][info   ][gc,start    ] GC(1837) Pause Cleanup
[26.934s][info   ][gc          ] GC(1837) Pause Cleanup 1475M->1475M(2048M) 0.251ms
[26.934s][info   ][gc,cpu      ] GC(1837) User=0.00s Sys=0.00s Real=0.00s
[26.934s][info   ][gc,marking  ] GC(1837) Concurrent Cleanup for Next Mark
[26.949s][info   ][gc,marking  ] GC(1837) Concurrent Cleanup for Next Mark 15.400ms
[26.950s][info   ][gc          ] GC(1837) Concurrent Mark Cycle 37.011ms
[26.950s][info   ][gc,start    ] GC(1838) Pause Young (Concurrent Start) (G1 Humongous Allocation)
[26.950s][info   ][gc,task     ] GC(1838) Using 4 workers of 4 for evacuation
[26.952s][info   ][gc,phases   ] GC(1838)   Pre Evacuate Collection Set: 0.2ms
[26.952s][info   ][gc,phases   ] GC(1838)   Merge Heap Roots: 0.3ms
[26.952s][info   ][gc,phases   ] GC(1838)   Evacuate Collection Set: 0.3ms
[26.952s][info   ][gc,phases   ] GC(1838)   Post Evacuate Collection Set: 0.6ms
[26.952s][info   ][gc,phases   ] GC(1838)   Other: 0.2ms
[26.952s][info   ][gc,heap     ] GC(1838) Eden regions: 0->0(614)
[26.952s][info   ][gc,heap     ] GC(1838) Survivor regions: 0->0(82)
[26.952s][info   ][gc,heap     ] GC(1838) Old regions: 1->1
[26.952s][info   ][gc,heap     ] GC(1838) Archive regions: 2->2
[26.952s][info   ][gc,heap     ] GC(1838) Humongous regions: 1660->1184
[26.952s][info   ][gc,metaspace] GC(1838) Metaspace: 158K(384K)->158K(384K) NonClass: 150K(256K)->150K(256K) Class: 8K(128K)->8K(128K)
[26.952s][info   ][gc          ] GC(1838) Pause Young (Concurrent Start) (G1 Humongous Allocation) 1661M->1185M(2048M) 1.606ms
[26.952s][info   ][gc,cpu      ] GC(1838) User=0.00s Sys=0.00s Real=0.00s
[26.952s][info   ][gc          ] GC(1839) Concurrent Mark Cycle
[26.952s][info   ][gc,marking  ] GC(1839) Concurrent Clear Claimed Marks
[26.952s][info   ][gc,marking  ] GC(1839) Concurrent Clear Claimed Marks 0.007ms
[26.952s][info   ][gc,marking  ] GC(1839) Concurrent Scan Root Regions
[26.952s][info   ][gc,marking  ] GC(1839) Concurrent Scan Root Regions 0.006ms
[26.952s][info   ][gc,marking  ] GC(1839) Concurrent Mark
[26.952s][info   ][gc,marking  ] GC(1839) Concurrent Mark From Roots
[26.952s][info   ][gc,task     ] GC(1839) Using 1 workers of 1 for marking
[26.959s][info   ][gc,marking  ] GC(1839) Concurrent Mark From Roots 7.187ms
[26.959s][info   ][gc,marking  ] GC(1839) Concurrent Preclean
[26.959s][info   ][gc,marking  ] GC(1839) Concurrent Preclean 0.098ms
[26.959s][info   ][gc,start    ] GC(1839) Pause Remark
[26.960s][info   ][gc          ] GC(1839) Pause Remark 1303M->1303M(2048M) 0.618ms
[26.960s][info   ][gc,cpu      ] GC(1839) User=0.00s Sys=0.00s Real=0.00s
[26.960s][info   ][gc,marking  ] GC(1839) Concurrent Mark 8.286ms
[26.960s][info   ][gc,marking  ] GC(1839) Concurrent Rebuild Remembered Sets
[26.969s][info   ][gc,marking  ] GC(1839) Concurrent Rebuild Remembered Sets 9.133ms
[26.970s][info   ][gc,start    ] GC(1839) Pause Cleanup
[26.970s][info   ][gc          ] GC(1839) Pause Cleanup 1465M->1465M(2048M) 0.252ms
[26.970s][info   ][gc,cpu      ] GC(1839) User=0.00s Sys=0.00s Real=0.00s
[26.970s][info   ][gc,marking  ] GC(1839) Concurrent Cleanup for Next Mark
[26.989s][info   ][gc,marking  ] GC(1839) Concurrent Cleanup for Next Mark 18.904ms
[26.989s][info   ][gc          ] GC(1839) Concurrent Mark Cycle 37.580ms
[26.990s][info   ][gc,start    ] GC(1840) Pause Young (Concurrent Start) (G1 Humongous Allocation)
[26.990s][info   ][gc,task     ] GC(1840) Using 4 workers of 4 for evacuation
[26.991s][info   ][gc,phases   ] GC(1840)   Pre Evacuate Collection Set: 0.2ms
[26.991s][info   ][gc,phases   ] GC(1840)   Merge Heap Roots: 0.2ms
[26.991s][info   ][gc,phases   ] GC(1840)   Evacuate Collection Set: 0.2ms
[26.991s][info   ][gc,phases   ] GC(1840)   Post Evacuate Collection Set: 0.6ms
[26.991s][info   ][gc,phases   ] GC(1840)   Other: 0.1ms
[26.991s][info   ][gc,heap     ] GC(1840) Eden regions: 0->0(618)
[26.991s][info   ][gc,heap     ] GC(1840) Survivor regions: 0->0(77)
[26.991s][info   ][gc,heap     ] GC(1840) Old regions: 1->1
[26.991s][info   ][gc,heap     ] GC(1840) Archive regions: 2->2
[26.991s][info   ][gc,heap     ] GC(1840) Humongous regions: 1704->1180
[26.991s][info   ][gc,metaspace] GC(1840) Metaspace: 158K(384K)->158K(384K) NonClass: 150K(256K)->150K(256K) Class: 8K(128K)->8K(128K)
[26.991s][info   ][gc          ] GC(1840) Pause Young (Concurrent Start) (G1 Humongous Allocation) 1705M->1181M(2048M) 1.515ms
[26.991s][info   ][gc,cpu      ] GC(1840) User=0.00s Sys=0.00s Real=0.00s
[26.991s][info   ][gc          ] GC(1841) Concurrent Mark Cycle
[26.991s][info   ][gc,marking  ] GC(1841) Concurrent Clear Claimed Marks
[26.991s][info   ][gc,marking  ] GC(1841) Concurrent Clear Claimed Marks 0.034ms
[26.991s][info   ][gc,marking  ] GC(1841) Concurrent Scan Root Regions
[26.991s][info   ][gc,marking  ] GC(1841) Concurrent Scan Root Regions 0.007ms
[26.991s][info   ][gc,marking  ] GC(1841) Concurrent Mark
[26.991s][info   ][gc,marking  ] GC(1841) Concurrent Mark From Roots
[26.991s][info   ][gc,task     ] GC(1841) Using 1 workers of 1 for marking
[26.999s][info   ][gc,marking  ] GC(1841) Concurrent Mark From Roots 7.138ms
[26.999s][info   ][gc,marking  ] GC(1841) Concurrent Preclean
[26.999s][info   ][gc,marking  ] GC(1841) Concurrent Preclean 0.074ms
[26.999s][info   ][gc,start    ] GC(1841) Pause Remark
[27.000s][info   ][gc          ] GC(1841) Pause Remark 1293M->1293M(2048M) 0.681ms
[27.000s][info   ][gc,cpu      ] GC(1841) User=0.00s Sys=0.00s Real=0.00s
[27.000s][info   ][gc,marking  ] GC(1841) Concurrent Mark 8.877ms
[27.000s][info   ][gc,marking  ] GC(1841) Concurrent Rebuild Remembered Sets
[27.007s][info   ][gc,marking  ] GC(1841) Concurrent Rebuild Remembered Sets 7.063ms
[27.008s][info   ][gc,start    ] GC(1841) Pause Cleanup
[27.008s][info   ][gc          ] GC(1841) Pause Cleanup 1403M->1403M(2048M) 0.218ms
[27.008s][info   ][gc,cpu      ] GC(1841) User=0.00s Sys=0.00s Real=0.01s
[27.008s][info   ][gc,marking  ] GC(1841) Concurrent Cleanup for Next Mark
[27.022s][info   ][gc,marking  ] GC(1841) Concurrent Cleanup for Next Mark 13.512ms
[27.022s][info   ][gc          ] GC(1841) Concurrent Mark Cycle 30.546ms
[27.023s][info   ][gc,start    ] GC(1842) Pause Young (Concurrent Start) (G1 Humongous Allocation)
[27.023s][info   ][gc,task     ] GC(1842) Using 4 workers of 4 for evacuation
[27.024s][info   ][gc,phases   ] GC(1842)   Pre Evacuate Collection Set: 0.3ms
[27.024s][info   ][gc,phases   ] GC(1842)   Merge Heap Roots: 0.3ms
[27.024s][info   ][gc,phases   ] GC(1842)   Evacuate Collection Set: 0.2ms
[27.024s][info   ][gc,phases   ] GC(1842)   Post Evacuate Collection Set: 0.6ms
[27.024s][info   ][gc,phases   ] GC(1842)   Other: 0.2ms
[27.024s][info   ][gc,heap     ] GC(1842) Eden regions: 0->0(618)
[27.024s][info   ][gc,heap     ] GC(1842) Survivor regions: 0->0(78)
[27.024s][info   ][gc,heap     ] GC(1842) Old regions: 1->1
[27.024s][info   ][gc,heap     ] GC(1842) Archive regions: 2->2
[27.024s][info   ][gc,heap     ] GC(1842) Humongous regions: 1560->1180
[27.024s][info   ][gc,metaspace] GC(1842) Metaspace: 158K(384K)->158K(384K) NonClass: 150K(256K)->150K(256K) Class: 8K(128K)->8K(128K)
[27.024s][info   ][gc          ] GC(1842) Pause Young (Concurrent Start) (G1 Humongous Allocation) 1561M->1181M(2048M) 1.666ms
[27.024s][info   ][gc,cpu      ] GC(1842) User=0.00s Sys=0.00s Real=0.00s
[27.025s][info   ][gc          ] GC(1843) Concurrent Mark Cycle
[27.025s][info   ][gc,marking  ] GC(1843) Concurrent Clear Claimed Marks
[27.025s][info   ][gc,marking  ] GC(1843) Concurrent Clear Claimed Marks 0.007ms
[27.025s][info   ][gc,marking  ] GC(1843) Concurrent Scan Root Regions
[27.025s][info   ][gc,marking  ] GC(1843) Concurrent Scan Root Regions 0.006ms
[27.025s][info   ][gc,marking  ] GC(1843) Concurrent Mark
[27.025s][info   ][gc,marking  ] GC(1843) Concurrent Mark From Roots
[27.025s][info   ][gc,task     ] GC(1843) Using 1 workers of 1 for marking
[27.032s][info   ][gc,marking  ] GC(1843) Concurrent Mark From Roots 7.318ms
[27.032s][info   ][gc,marking  ] GC(1843) Concurrent Preclean
[27.032s][info   ][gc,marking  ] GC(1843) Concurrent Preclean 0.126ms
[27.035s][info   ][gc,start    ] GC(1843) Pause Remark
[27.036s][info   ][gc          ] GC(1843) Pause Remark 1327M->1327M(2048M) 0.673ms
[27.036s][info   ][gc,cpu      ] GC(1843) User=0.00s Sys=0.00s Real=0.00s
[27.036s][info   ][gc,marking  ] GC(1843) Concurrent Mark 11.231ms
[27.036s][info   ][gc,marking  ] GC(1843) Concurrent Rebuild Remembered Sets
[27.043s][info   ][gc,marking  ] GC(1843) Concurrent Rebuild Remembered Sets 7.027ms
[27.044s][info   ][gc,start    ] GC(1843) Pause Cleanup
[27.044s][info   ][gc          ] GC(1843) Pause Cleanup 1459M->1459M(2048M) 0.182ms
[27.044s][info   ][gc,cpu      ] GC(1843) User=0.00s Sys=0.00s Real=0.00s
[27.044s][info   ][gc,marking  ] GC(1843) Concurrent Cleanup for Next Mark
[27.060s][info   ][gc,marking  ] GC(1843) Concurrent Cleanup for Next Mark 15.502ms
[27.060s][info   ][gc          ] GC(1843) Concurrent Mark Cycle 35.506ms
[27.061s][info   ][gc,start    ] GC(1844) Pause Young (Concurrent Start) (G1 Humongous Allocation)
[27.061s][info   ][gc,task     ] GC(1844) Using 4 workers of 4 for evacuation
[27.063s][info   ][gc,phases   ] GC(1844)   Pre Evacuate Collection Set: 0.2ms
[27.063s][info   ][gc,phases   ] GC(1844)   Merge Heap Roots: 0.2ms
[27.063s][info   ][gc,phases   ] GC(1844)   Evacuate Collection Set: 0.2ms
[27.063s][info   ][gc,phases   ] GC(1844)   Post Evacuate Collection Set: 0.8ms
[27.063s][info   ][gc,phases   ] GC(1844)   Other: 0.2ms
[27.063s][info   ][gc,heap     ] GC(1844) Eden regions: 0->0(680)
[27.063s][info   ][gc,heap     ] GC(1844) Survivor regions: 0->0(78)
[27.063s][info   ][gc,heap     ] GC(1844) Old regions: 1->1
[27.063s][info   ][gc,heap     ] GC(1844) Archive regions: 2->2
[27.063s][info   ][gc,heap     ] GC(1844) Humongous regions: 1664->1114
[27.063s][info   ][gc,metaspace] GC(1844) Metaspace: 158K(384K)->158K(384K) NonClass: 150K(256K)->150K(256K) Class: 8K(128K)->8K(128K)
[27.063s][info   ][gc          ] GC(1844) Pause Young (Concurrent Start) (G1 Humongous Allocation) 1665M->1115M(2048M) 1.714ms
[27.063s][info   ][gc,cpu      ] GC(1844) User=0.00s Sys=0.00s Real=0.00s
[27.063s][info   ][gc          ] GC(1845) Concurrent Mark Cycle
[27.063s][info   ][gc,marking  ] GC(1845) Concurrent Clear Claimed Marks
[27.063s][info   ][gc,marking  ] GC(1845) Concurrent Clear Claimed Marks 0.007ms
[27.063s][info   ][gc,marking  ] GC(1845) Concurrent Scan Root Regions
[27.063s][info   ][gc,marking  ] GC(1845) Concurrent Scan Root Regions 0.005ms
[27.063s][info   ][gc,marking  ] GC(1845) Concurrent Mark
[27.063s][info   ][gc,marking  ] GC(1845) Concurrent Mark From Roots
[27.063s][info   ][gc,task     ] GC(1845) Using 1 workers of 1 for marking
[27.071s][info   ][gc,marking  ] GC(1845) Concurrent Mark From Roots 7.801ms
[27.071s][info   ][gc,marking  ] GC(1845) Concurrent Preclean
[27.071s][info   ][gc,marking  ] GC(1845) Concurrent Preclean 0.108ms
[27.072s][info   ][gc,start    ] GC(1845) Pause Remark
[27.073s][info   ][gc          ] GC(1845) Pause Remark 1243M->1243M(2048M) 0.729ms
[27.073s][info   ][gc,cpu      ] GC(1845) User=0.00s Sys=0.01s Real=0.00s
[27.073s][info   ][gc,marking  ] GC(1845) Concurrent Mark 9.925ms
[27.073s][info   ][gc,marking  ] GC(1845) Concurrent Rebuild Remembered Sets
[27.080s][info   ][gc,marking  ] GC(1845) Concurrent Rebuild Remembered Sets 6.993ms
[27.081s][info   ][gc,start    ] GC(1845) Pause Cleanup
[27.081s][info   ][gc          ] GC(1845) Pause Cleanup 1359M->1359M(2048M) 0.227ms
[27.081s][info   ][gc,cpu      ] GC(1845) User=0.00s Sys=0.00s Real=0.00s
[27.081s][info   ][gc,marking  ] GC(1845) Concurrent Cleanup for Next Mark
[27.096s][info   ][gc,marking  ] GC(1845) Concurrent Cleanup for Next Mark 14.537ms
[27.096s][info   ][gc          ] GC(1845) Concurrent Mark Cycle 33.197ms
[27.097s][info   ][gc,start    ] GC(1846) Pause Young (Concurrent Start) (G1 Humongous Allocation)
[27.097s][info   ][gc,task     ] GC(1846) Using 4 workers of 4 for evacuation
[27.098s][info   ][gc,phases   ] GC(1846)   Pre Evacuate Collection Set: 0.3ms
[27.098s][info   ][gc,phases   ] GC(1846)   Merge Heap Roots: 0.3ms
[27.098s][info   ][gc,phases   ] GC(1846)   Evacuate Collection Set: 0.3ms
[27.098s][info   ][gc,phases   ] GC(1846)   Post Evacuate Collection Set: 0.7ms
[27.098s][info   ][gc,phases   ] GC(1846)   Other: 0.2ms
[27.098s][info   ][gc,heap     ] GC(1846) Eden regions: 0->0(701)
[27.098s][info   ][gc,heap     ] GC(1846) Survivor regions: 0->0(85)
[27.098s][info   ][gc,heap     ] GC(1846) Old regions: 1->1
[27.098s][info   ][gc,heap     ] GC(1846) Archive regions: 2->2
[27.098s][info   ][gc,heap     ] GC(1846) Humongous regions: 1550->1092
[27.098s][info   ][gc,metaspace] GC(1846) Metaspace: 158K(384K)->158K(384K) NonClass: 150K(256K)->150K(256K) Class: 8K(128K)->8K(128K)
[27.098s][info   ][gc          ] GC(1846) Pause Young (Concurrent Start) (G1 Humongous Allocation) 1551M->1093M(2048M) 1.746ms
[27.098s][info   ][gc,cpu      ] GC(1846) User=0.01s Sys=0.00s Real=0.01s
[27.099s][info   ][gc          ] GC(1847) Concurrent Mark Cycle
[27.099s][info   ][gc,marking  ] GC(1847) Concurrent Clear Claimed Marks
[27.099s][info   ][gc,marking  ] GC(1847) Concurrent Clear Claimed Marks 0.011ms
[27.099s][info   ][gc,marking  ] GC(1847) Concurrent Scan Root Regions
[27.099s][info   ][gc,marking  ] GC(1847) Concurrent Scan Root Regions 0.007ms
[27.099s][info   ][gc,marking  ] GC(1847) Concurrent Mark
[27.099s][info   ][gc,marking  ] GC(1847) Concurrent Mark From Roots
[27.099s][info   ][gc,task     ] GC(1847) Using 1 workers of 1 for marking
[27.106s][info   ][gc,marking  ] GC(1847) Concurrent Mark From Roots 7.675ms
[27.107s][info   ][gc,marking  ] GC(1847) Concurrent Preclean
[27.107s][info   ][gc,marking  ] GC(1847) Concurrent Preclean 0.088ms
[27.107s][info   ][gc,start    ] GC(1847) Pause Remark
[27.108s][info   ][gc          ] GC(1847) Pause Remark 1227M->1227M(2048M) 0.740ms
[27.108s][info   ][gc,cpu      ] GC(1847) User=0.00s Sys=0.00s Real=0.01s
[27.108s][info   ][gc,marking  ] GC(1847) Concurrent Mark 9.625ms
[27.108s][info   ][gc,marking  ] GC(1847) Concurrent Rebuild Remembered Sets
[27.116s][info   ][gc,marking  ] GC(1847) Concurrent Rebuild Remembered Sets 7.802ms
[27.117s][info   ][gc,start    ] GC(1847) Pause Cleanup
[27.117s][info   ][gc          ] GC(1847) Pause Cleanup 1351M->1351M(2048M) 0.351ms
[27.117s][info   ][gc,cpu      ] GC(1847) User=0.01s Sys=0.00s Real=0.00s
[27.118s][info   ][gc,marking  ] GC(1847) Concurrent Cleanup for Next Mark
[27.132s][info   ][gc,marking  ] GC(1847) Concurrent Cleanup for Next Mark 13.988ms
[27.132s][info   ][gc          ] GC(1847) Concurrent Mark Cycle 33.039ms
[27.133s][info   ][gc,start    ] GC(1848) Pause Young (Concurrent Start) (G1 Humongous Allocation)
[27.133s][info   ][gc,task     ] GC(1848) Using 4 workers of 4 for evacuation
[27.134s][info   ][gc,phases   ] GC(1848)   Pre Evacuate Collection Set: 0.2ms
[27.134s][info   ][gc,phases   ] GC(1848)   Merge Heap Roots: 0.2ms
[27.134s][info   ][gc,phases   ] GC(1848)   Evacuate Collection Set: 0.2ms
[27.134s][info   ][gc,phases   ] GC(1848)   Post Evacuate Collection Set: 0.6ms
[27.134s][info   ][gc,phases   ] GC(1848)   Other: 0.2ms
[27.134s][info   ][gc,heap     ] GC(1848) Eden regions: 0->0(746)
[27.134s][info   ][gc,heap     ] GC(1848) Survivor regions: 0->0(88)
[27.134s][info   ][gc,heap     ] GC(1848) Old regions: 1->1
[27.134s][info   ][gc,heap     ] GC(1848) Archive regions: 2->2
[27.134s][info   ][gc,heap     ] GC(1848) Humongous regions: 1496->1044
[27.134s][info   ][gc,metaspace] GC(1848) Metaspace: 158K(384K)->158K(384K) NonClass: 150K(256K)->150K(256K) Class: 8K(128K)->8K(128K)
[27.134s][info   ][gc          ] GC(1848) Pause Young (Concurrent Start) (G1 Humongous Allocation) 1497M->1045M(2048M) 1.494ms
[27.134s][info   ][gc,cpu      ] GC(1848) User=0.00s Sys=0.00s Real=0.00s
[27.134s][info   ][gc          ] GC(1849) Concurrent Mark Cycle
[27.134s][info   ][gc,marking  ] GC(1849) Concurrent Clear Claimed Marks
[27.134s][info   ][gc,marking  ] GC(1849) Concurrent Clear Claimed Marks 0.008ms
[27.134s][info   ][gc,marking  ] GC(1849) Concurrent Scan Root Regions
[27.134s][info   ][gc,marking  ] GC(1849) Concurrent Scan Root Regions 0.006ms
[27.134s][info   ][gc,marking  ] GC(1849) Concurrent Mark
[27.134s][info   ][gc,marking  ] GC(1849) Concurrent Mark From Roots
[27.134s][info   ][gc,task     ] GC(1849) Using 1 workers of 1 for marking
[27.141s][info   ][gc,marking  ] GC(1849) Concurrent Mark From Roots 6.871ms
[27.141s][info   ][gc,marking  ] GC(1849) Concurrent Preclean
[27.141s][info   ][gc,marking  ] GC(1849) Concurrent Preclean 0.078ms
[27.142s][info   ][gc,start    ] GC(1849) Pause Remark
[27.143s][info   ][gc          ] GC(1849) Pause Remark 1147M->1147M(2048M) 1.137ms
[27.143s][info   ][gc,cpu      ] GC(1849) User=0.00s Sys=0.00s Real=0.00s
[27.143s][info   ][gc,marking  ] GC(1849) Concurrent Mark 8.506ms
[27.143s][info   ][gc,marking  ] GC(1849) Concurrent Rebuild Remembered Sets
[27.151s][info   ][gc,marking  ] GC(1849) Concurrent Rebuild Remembered Sets 8.352ms
[27.152s][info   ][gc,start    ] GC(1849) Pause Cleanup
[27.152s][info   ][gc          ] GC(1849) Pause Cleanup 1277M->1277M(2048M) 0.441ms
[27.152s][info   ][gc,cpu      ] GC(1849) User=0.00s Sys=0.00s Real=0.00s
[27.159s][info   ][gc,marking  ] GC(1849) Concurrent Cleanup for Next Mark
[27.176s][info   ][gc,marking  ] GC(1849) Concurrent Cleanup for Next Mark 16.468ms
[27.176s][info   ][gc          ] GC(1849) Concurrent Mark Cycle 41.748ms
[27.177s][info   ][gc,start    ] GC(1850) Pause Young (Concurrent Start) (G1 Humongous Allocation)
[27.177s][info   ][gc,task     ] GC(1850) Using 4 workers of 4 for evacuation
[27.179s][info   ][gc,phases   ] GC(1850)   Pre Evacuate Collection Set: 0.2ms
[27.180s][info   ][gc,phases   ] GC(1850)   Merge Heap Roots: 0.5ms
[27.180s][info   ][gc,phases   ] GC(1850)   Evacuate Collection Set: 0.6ms
[27.180s][info   ][gc,phases   ] GC(1850)   Post Evacuate Collection Set: 0.7ms
[27.180s][info   ][gc,phases   ] GC(1850)   Other: 0.2ms
[27.180s][info   ][gc,heap     ] GC(1850) Eden regions: 0->0(725)
[27.180s][info   ][gc,heap     ] GC(1850) Survivor regions: 0->0(94)
[27.180s][info   ][gc,heap     ] GC(1850) Old regions: 1->1
[27.180s][info   ][gc,heap     ] GC(1850) Archive regions: 2->2
[27.180s][info   ][gc,heap     ] GC(1850) Humongous regions: 1596->1066
[27.180s][info   ][gc,metaspace] GC(1850) Metaspace: 158K(384K)->158K(384K) NonClass: 150K(256K)->150K(256K) Class: 8K(128K)->8K(128K)
[27.180s][info   ][gc          ] GC(1850) Pause Young (Concurrent Start) (G1 Humongous Allocation) 1597M->1067M(2048M) 2.316ms
[27.180s][info   ][gc,cpu      ] GC(1850) User=0.01s Sys=0.00s Real=0.01s
[27.180s][info   ][gc          ] GC(1851) Concurrent Mark Cycle
[27.180s][info   ][gc,marking  ] GC(1851) Concurrent Clear Claimed Marks
[27.180s][info   ][gc,marking  ] GC(1851) Concurrent Clear Claimed Marks 0.009ms
[27.180s][info   ][gc,marking  ] GC(1851) Concurrent Scan Root Regions
[27.180s][info   ][gc,marking  ] GC(1851) Concurrent Scan Root Regions 0.006ms
[27.180s][info   ][gc,marking  ] GC(1851) Concurrent Mark
[27.180s][info   ][gc,marking  ] GC(1851) Concurrent Mark From Roots
[27.180s][info   ][gc,task     ] GC(1851) Using 1 workers of 1 for marking
[27.208s][info   ][gc,marking  ] GC(1851) Concurrent Mark From Roots 27.774ms
[27.208s][info   ][gc,marking  ] GC(1851) Concurrent Preclean
[27.208s][info   ][gc,marking  ] GC(1851) Concurrent Preclean 0.143ms
[27.209s][info   ][gc,start    ] GC(1851) Pause Remark
[27.211s][info   ][gc          ] GC(1851) Pause Remark 1487M->1487M(2048M) 1.906ms
[27.211s][info   ][gc,cpu      ] GC(1851) User=0.00s Sys=0.00s Real=0.00s
[27.211s][info   ][gc,marking  ] GC(1851) Concurrent Mark 31.213ms
[27.211s][info   ][gc,marking  ] GC(1851) Concurrent Rebuild Remembered Sets
[27.244s][info   ][gc,marking  ] GC(1851) Concurrent Rebuild Remembered Sets 33.455ms
[27.246s][info   ][gc,start    ] GC(1851) Pause Cleanup
[27.246s][info   ][gc          ] GC(1851) Pause Cleanup 1941M->1941M(2048M) 0.219ms
[27.246s][info   ][gc,cpu      ] GC(1851) User=0.00s Sys=0.00s Real=0.00s
[27.246s][info   ][gc,marking  ] GC(1851) Concurrent Cleanup for Next Mark
[27.261s][info   ][gc,marking  ] GC(1851) Concurrent Cleanup for Next Mark 14.828ms
[27.262s][info   ][gc,start    ] GC(1852) Pause Young (Normal) (G1 Humongous Allocation)
[27.262s][info   ][gc,task     ] GC(1852) Using 4 workers of 4 for evacuation
[27.265s][info   ][gc,phases   ] GC(1852)   Pre Evacuate Collection Set: 0.4ms
[27.265s][info   ][gc,phases   ] GC(1852)   Merge Heap Roots: 0.3ms
[27.265s][info   ][gc,phases   ] GC(1852)   Evacuate Collection Set: 1.0ms
[27.265s][info   ][gc,phases   ] GC(1852)   Post Evacuate Collection Set: 1.2ms
[27.265s][info   ][gc,phases   ] GC(1852)   Other: 0.2ms
[27.265s][info   ][gc,heap     ] GC(1852) Eden regions: 0->0(635)
[27.265s][info   ][gc,heap     ] GC(1852) Survivor regions: 0->0(1)
[27.265s][info   ][gc,heap     ] GC(1852) Old regions: 1->1
[27.265s][info   ][gc,heap     ] GC(1852) Archive regions: 2->2
[27.265s][info   ][gc,heap     ] GC(1852) Humongous regions: 2044->1162
[27.265s][info   ][gc,metaspace] GC(1852) Metaspace: 158K(384K)->158K(384K) NonClass: 150K(256K)->150K(256K) Class: 8K(128K)->8K(128K)
[27.265s][info   ][gc          ] GC(1852) Pause Young (Normal) (G1 Humongous Allocation) 2045M->1163M(2048M) 3.128ms
[27.265s][info   ][gc,cpu      ] GC(1852) User=0.00s Sys=0.00s Real=0.00s
[27.266s][info   ][gc          ] GC(1851) Concurrent Mark Cycle 85.936ms
[27.266s][info   ][gc,start    ] GC(1853) Pause Young (Concurrent Start) (G1 Humongous Allocation)
[27.266s][info   ][gc,task     ] GC(1853) Using 4 workers of 4 for evacuation
[27.268s][info   ][gc,phases   ] GC(1853)   Pre Evacuate Collection Set: 0.3ms
[27.268s][info   ][gc,phases   ] GC(1853)   Merge Heap Roots: 0.5ms
[27.268s][info   ][gc,phases   ] GC(1853)   Evacuate Collection Set: 0.5ms
[27.268s][info   ][gc,phases   ] GC(1853)   Post Evacuate Collection Set: 0.5ms
[27.268s][info   ][gc,phases   ] GC(1853)   Other: 0.1ms
[27.268s][info   ][gc,heap     ] GC(1853) Eden regions: 0->0(635)
[27.268s][info   ][gc,heap     ] GC(1853) Survivor regions: 0->0(80)
[27.268s][info   ][gc,heap     ] GC(1853) Old regions: 1->1
[27.268s][info   ][gc,heap     ] GC(1853) Archive regions: 2->2
[27.268s][info   ][gc,heap     ] GC(1853) Humongous regions: 1166->1162
[27.268s][info   ][gc,metaspace] GC(1853) Metaspace: 158K(384K)->158K(384K) NonClass: 150K(256K)->150K(256K) Class: 8K(128K)->8K(128K)
[27.268s][info   ][gc          ] GC(1853) Pause Young (Concurrent Start) (G1 Humongous Allocation) 1167M->1163M(2048M) 1.985ms
[27.268s][info   ][gc,cpu      ] GC(1853) User=0.00s Sys=0.00s Real=0.00s
[27.268s][info   ][gc          ] GC(1854) Concurrent Mark Cycle
[27.268s][info   ][gc,marking  ] GC(1854) Concurrent Clear Claimed Marks
[27.268s][info   ][gc,marking  ] GC(1854) Concurrent Clear Claimed Marks 0.010ms
[27.268s][info   ][gc,marking  ] GC(1854) Concurrent Scan Root Regions
[27.268s][info   ][gc,marking  ] GC(1854) Concurrent Scan Root Regions 0.007ms
[27.268s][info   ][gc,marking  ] GC(1854) Concurrent Mark
[27.268s][info   ][gc,marking  ] GC(1854) Concurrent Mark From Roots
[27.268s][info   ][gc,task     ] GC(1854) Using 1 workers of 1 for marking
[27.276s][info   ][gc,marking  ] GC(1854) Concurrent Mark From Roots 8.269ms
[27.276s][info   ][gc,marking  ] GC(1854) Concurrent Preclean
[27.277s][info   ][gc,marking  ] GC(1854) Concurrent Preclean 0.114ms
[27.279s][info   ][gc,start    ] GC(1854) Pause Remark
[27.280s][info   ][gc          ] GC(1854) Pause Remark 1315M->1315M(2048M) 0.952ms
[27.280s][info   ][gc,cpu      ] GC(1854) User=0.00s Sys=0.00s Real=0.00s
[27.280s][info   ][gc,marking  ] GC(1854) Concurrent Mark 11.638ms
[27.280s][info   ][gc,marking  ] GC(1854) Concurrent Rebuild Remembered Sets
[27.295s][info   ][gc,marking  ] GC(1854) Concurrent Rebuild Remembered Sets 15.121ms
[27.296s][info   ][gc,start    ] GC(1854) Pause Cleanup
[27.296s][info   ][gc          ] GC(1854) Pause Cleanup 1551M->1551M(2048M) 0.445ms
[27.296s][info   ][gc,cpu      ] GC(1854) User=0.00s Sys=0.00s Real=0.00s
[27.296s][info   ][gc,marking  ] GC(1854) Concurrent Cleanup for Next Mark
[27.326s][info   ][gc,marking  ] GC(1854) Concurrent Cleanup for Next Mark 29.343ms
[27.326s][info   ][gc          ] GC(1854) Concurrent Mark Cycle 57.825ms
[27.326s][info   ][gc,start    ] GC(1855) Pause Young (Concurrent Start) (G1 Humongous Allocation)
[27.326s][info   ][gc,task     ] GC(1855) Using 4 workers of 4 for evacuation
[27.328s][info   ][gc,phases   ] GC(1855)   Pre Evacuate Collection Set: 0.3ms
[27.328s][info   ][gc,phases   ] GC(1855)   Merge Heap Roots: 0.2ms
[27.328s][info   ][gc,phases   ] GC(1855)   Evacuate Collection Set: 0.3ms
[27.328s][info   ][gc,phases   ] GC(1855)   Post Evacuate Collection Set: 1.0ms
[27.328s][info   ][gc,phases   ] GC(1855)   Other: 0.2ms
[27.328s][info   ][gc,heap     ] GC(1855) Eden regions: 0->0(614)
[27.328s][info   ][gc,heap     ] GC(1855) Survivor regions: 0->0(80)
[27.328s][info   ][gc,heap     ] GC(1855) Old regions: 1->1
[27.328s][info   ][gc,heap     ] GC(1855) Archive regions: 2->2
[27.328s][info   ][gc,heap     ] GC(1855) Humongous regions: 1942->1184
[27.328s][info   ][gc,metaspace] GC(1855) Metaspace: 158K(384K)->158K(384K) NonClass: 150K(256K)->150K(256K) Class: 8K(128K)->8K(128K)
[27.328s][info   ][gc          ] GC(1855) Pause Young (Concurrent Start) (G1 Humongous Allocation) 1943M->1185M(2048M) 2.034ms
[27.328s][info   ][gc,cpu      ] GC(1855) User=0.01s Sys=0.01s Real=0.01s
[27.328s][info   ][gc          ] GC(1856) Concurrent Mark Cycle
[27.328s][info   ][gc,marking  ] GC(1856) Concurrent Clear Claimed Marks
[27.328s][info   ][gc,marking  ] GC(1856) Concurrent Clear Claimed Marks 0.006ms
[27.328s][info   ][gc,marking  ] GC(1856) Concurrent Scan Root Regions
[27.328s][info   ][gc,marking  ] GC(1856) Concurrent Scan Root Regions 0.006ms
[27.328s][info   ][gc,marking  ] GC(1856) Concurrent Mark
[27.328s][info   ][gc,marking  ] GC(1856) Concurrent Mark From Roots
[27.328s][info   ][gc,task     ] GC(1856) Using 1 workers of 1 for marking
[27.341s][info   ][gc,marking  ] GC(1856) Concurrent Mark From Roots 13.144ms
[27.342s][info   ][gc,marking  ] GC(1856) Concurrent Preclean
[27.342s][info   ][gc,marking  ] GC(1856) Concurrent Preclean 0.108ms
[27.343s][info   ][gc,start    ] GC(1856) Pause Remark
[27.344s][info   ][gc          ] GC(1856) Pause Remark 1413M->1413M(2048M) 0.817ms
[27.344s][info   ][gc,cpu      ] GC(1856) User=0.00s Sys=0.00s Real=0.00s
[27.344s][info   ][gc,marking  ] GC(1856) Concurrent Mark 15.416ms
[27.344s][info   ][gc,marking  ] GC(1856) Concurrent Rebuild Remembered Sets
[27.352s][info   ][gc,marking  ] GC(1856) Concurrent Rebuild Remembered Sets 8.467ms
[27.353s][info   ][gc,start    ] GC(1856) Pause Cleanup
[27.353s][info   ][gc          ] GC(1856) Pause Cleanup 1551M->1551M(2048M) 0.233ms
[27.353s][info   ][gc,cpu      ] GC(1856) User=0.00s Sys=0.00s Real=0.00s
[27.355s][info   ][gc,marking  ] GC(1856) Concurrent Cleanup for Next Mark
[27.385s][info   ][gc,marking  ] GC(1856) Concurrent Cleanup for Next Mark 29.346ms
[27.385s][info   ][gc          ] GC(1856) Concurrent Mark Cycle 56.685ms
[27.386s][info   ][gc,start    ] GC(1857) Pause Young (Concurrent Start) (G1 Humongous Allocation)
[27.386s][info   ][gc,task     ] GC(1857) Using 4 workers of 4 for evacuation
[27.388s][info   ][gc,phases   ] GC(1857)   Pre Evacuate Collection Set: 0.2ms
[27.388s][info   ][gc,phases   ] GC(1857)   Merge Heap Roots: 0.2ms
[27.388s][info   ][gc,phases   ] GC(1857)   Evacuate Collection Set: 0.2ms
[27.388s][info   ][gc,phases   ] GC(1857)   Post Evacuate Collection Set: 0.9ms
[27.388s][info   ][gc,phases   ] GC(1857)   Other: 0.1ms
[27.388s][info   ][gc,heap     ] GC(1857) Eden regions: 0->0(626)
[27.388s][info   ][gc,heap     ] GC(1857) Survivor regions: 0->0(59)
[27.388s][info   ][gc,heap     ] GC(1857) Old regions: 1->1
[27.388s][info   ][gc,heap     ] GC(1857) Archive regions: 2->2
[27.388s][info   ][gc,heap     ] GC(1857) Humongous regions: 1986->1172
[27.388s][info   ][gc,metaspace] GC(1857) Metaspace: 158K(384K)->158K(384K) NonClass: 150K(256K)->150K(256K) Class: 8K(128K)->8K(128K)
[27.388s][info   ][gc          ] GC(1857) Pause Young (Concurrent Start) (G1 Humongous Allocation) 1987M->1173M(2048M) 1.757ms
[27.388s][info   ][gc,cpu      ] GC(1857) User=0.00s Sys=0.00s Real=0.00s
[27.388s][info   ][gc          ] GC(1858) Concurrent Mark Cycle
[27.388s][info   ][gc,marking  ] GC(1858) Concurrent Clear Claimed Marks
[27.388s][info   ][gc,marking  ] GC(1858) Concurrent Clear Claimed Marks 0.009ms
[27.388s][info   ][gc,marking  ] GC(1858) Concurrent Scan Root Regions
[27.388s][info   ][gc,marking  ] GC(1858) Concurrent Scan Root Regions 0.007ms
[27.388s][info   ][gc,marking  ] GC(1858) Concurrent Mark
[27.388s][info   ][gc,marking  ] GC(1858) Concurrent Mark From Roots
[27.388s][info   ][gc,task     ] GC(1858) Using 1 workers of 1 for marking
[27.397s][info   ][gc,marking  ] GC(1858) Concurrent Mark From Roots 9.296ms
[27.397s][info   ][gc,marking  ] GC(1858) Concurrent Preclean
[27.397s][info   ][gc,marking  ] GC(1858) Concurrent Preclean 0.087ms
[27.398s][info   ][gc,start    ] GC(1858) Pause Remark
[27.399s][info   ][gc          ] GC(1858) Pause Remark 1317M->1317M(2048M) 0.683ms
[27.399s][info   ][gc,cpu      ] GC(1858) User=0.01s Sys=0.00s Real=0.00s
[27.399s][info   ][gc,marking  ] GC(1858) Concurrent Mark 11.240ms
[27.399s][info   ][gc,marking  ] GC(1858) Concurrent Rebuild Remembered Sets
[27.406s][info   ][gc,marking  ] GC(1858) Concurrent Rebuild Remembered Sets 6.992ms
[27.407s][info   ][gc,start    ] GC(1858) Pause Cleanup
[27.408s][info   ][gc          ] GC(1858) Pause Cleanup 1451M->1451M(2048M) 0.459ms
[27.408s][info   ][gc,cpu      ] GC(1858) User=0.00s Sys=0.00s Real=0.00s
[27.408s][info   ][gc,marking  ] GC(1858) Concurrent Cleanup for Next Mark
[27.417s][info   ][gc,marking  ] GC(1858) Concurrent Cleanup for Next Mark 9.285ms
[27.417s][info   ][gc          ] GC(1858) Concurrent Mark Cycle 29.501ms
[27.418s][info   ][gc,start    ] GC(1859) Pause Young (Concurrent Start) (G1 Humongous Allocation)
[27.418s][info   ][gc,task     ] GC(1859) Using 4 workers of 4 for evacuation
[27.419s][info   ][gc,phases   ] GC(1859)   Pre Evacuate Collection Set: 0.2ms
[27.419s][info   ][gc,phases   ] GC(1859)   Merge Heap Roots: 0.2ms
[27.419s][info   ][gc,phases   ] GC(1859)   Evacuate Collection Set: 0.2ms
[27.419s][info   ][gc,phases   ] GC(1859)   Post Evacuate Collection Set: 0.5ms
[27.419s][info   ][gc,phases   ] GC(1859)   Other: 0.2ms
[27.419s][info   ][gc,heap     ] GC(1859) Eden regions: 0->0(592)
[27.419s][info   ][gc,heap     ] GC(1859) Survivor regions: 0->0(79)
[27.419s][info   ][gc,heap     ] GC(1859) Old regions: 1->1
[27.419s][info   ][gc,heap     ] GC(1859) Archive regions: 2->2
[27.419s][info   ][gc,heap     ] GC(1859) Humongous regions: 1552->1208
[27.419s][info   ][gc,metaspace] GC(1859) Metaspace: 158K(384K)->158K(384K) NonClass: 150K(256K)->150K(256K) Class: 8K(128K)->8K(128K)
[27.419s][info   ][gc          ] GC(1859) Pause Young (Concurrent Start) (G1 Humongous Allocation) 1553M->1209M(2048M) 1.430ms
[27.419s][info   ][gc,cpu      ] GC(1859) User=0.00s Sys=0.00s Real=0.01s
[27.419s][info   ][gc          ] GC(1860) Concurrent Mark Cycle
[27.419s][info   ][gc,marking  ] GC(1860) Concurrent Clear Claimed Marks
[27.419s][info   ][gc,marking  ] GC(1860) Concurrent Clear Claimed Marks 0.006ms
[27.419s][info   ][gc,marking  ] GC(1860) Concurrent Scan Root Regions
[27.419s][info   ][gc,marking  ] GC(1860) Concurrent Scan Root Regions 0.005ms
[27.419s][info   ][gc,marking  ] GC(1860) Concurrent Mark
[27.419s][info   ][gc,marking  ] GC(1860) Concurrent Mark From Roots
[27.419s][info   ][gc,task     ] GC(1860) Using 1 workers of 1 for marking
[27.435s][info   ][gc,marking  ] GC(1860) Concurrent Mark From Roots 15.655ms
[27.435s][info   ][gc,marking  ] GC(1860) Concurrent Preclean
[27.435s][info   ][gc,marking  ] GC(1860) Concurrent Preclean 0.111ms
[27.438s][info   ][gc,start    ] GC(1860) Pause Remark
[27.438s][info   ][gc          ] GC(1860) Pause Remark 1447M->1447M(2048M) 0.651ms
[27.438s][info   ][gc,cpu      ] GC(1860) User=0.00s Sys=0.00s Real=0.01s
[27.439s][info   ][gc,marking  ] GC(1860) Concurrent Mark 19.166ms
[27.439s][info   ][gc,marking  ] GC(1860) Concurrent Rebuild Remembered Sets
[27.456s][info   ][gc,marking  ] GC(1860) Concurrent Rebuild Remembered Sets 17.215ms
[27.457s][info   ][gc,start    ] GC(1860) Pause Cleanup
[27.457s][info   ][gc          ] GC(1860) Pause Cleanup 1733M->1733M(2048M) 0.241ms
[27.457s][info   ][gc,cpu      ] GC(1860) User=0.00s Sys=0.00s Real=0.00s
[27.457s][info   ][gc,marking  ] GC(1860) Concurrent Cleanup for Next Mark
[27.471s][info   ][gc,marking  ] GC(1860) Concurrent Cleanup for Next Mark 14.109ms
[27.472s][info   ][gc          ] GC(1860) Concurrent Mark Cycle 52.181ms
[27.472s][info   ][gc,start    ] GC(1861) Pause Young (Concurrent Start) (G1 Humongous Allocation)
[27.472s][info   ][gc,task     ] GC(1861) Using 4 workers of 4 for evacuation
[27.474s][info   ][gc,phases   ] GC(1861)   Pre Evacuate Collection Set: 0.3ms
[27.474s][info   ][gc,phases   ] GC(1861)   Merge Heap Roots: 0.3ms
[27.474s][info   ][gc,phases   ] GC(1861)   Evacuate Collection Set: 0.2ms
[27.474s][info   ][gc,phases   ] GC(1861)   Post Evacuate Collection Set: 0.8ms
[27.474s][info   ][gc,phases   ] GC(1861)   Other: 0.2ms
[27.474s][info   ][gc,heap     ] GC(1861) Eden regions: 0->0(687)
[27.474s][info   ][gc,heap     ] GC(1861) Survivor regions: 0->0(74)
[27.474s][info   ][gc,heap     ] GC(1861) Old regions: 1->1
[27.474s][info   ][gc,heap     ] GC(1861) Archive regions: 2->2
[27.474s][info   ][gc,heap     ] GC(1861) Humongous regions: 1908->1106
[27.474s][info   ][gc,metaspace] GC(1861) Metaspace: 158K(384K)->158K(384K) NonClass: 150K(256K)->150K(256K) Class: 8K(128K)->8K(128K)
[27.474s][info   ][gc          ] GC(1861) Pause Young (Concurrent Start) (G1 Humongous Allocation) 1909M->1107M(2048M) 1.925ms
[27.474s][info   ][gc,cpu      ] GC(1861) User=0.01s Sys=0.00s Real=0.00s
[27.474s][info   ][gc          ] GC(1862) Concurrent Mark Cycle
[27.474s][info   ][gc,marking  ] GC(1862) Concurrent Clear Claimed Marks
[27.474s][info   ][gc,marking  ] GC(1862) Concurrent Clear Claimed Marks 0.007ms
[27.474s][info   ][gc,marking  ] GC(1862) Concurrent Scan Root Regions
[27.474s][info   ][gc,marking  ] GC(1862) Concurrent Scan Root Regions 0.064ms
[27.474s][info   ][gc,marking  ] GC(1862) Concurrent Mark
[27.474s][info   ][gc,marking  ] GC(1862) Concurrent Mark From Roots
[27.474s][info   ][gc,task     ] GC(1862) Using 1 workers of 1 for marking
[27.482s][info   ][gc,marking  ] GC(1862) Concurrent Mark From Roots 7.442ms
[27.482s][info   ][gc,marking  ] GC(1862) Concurrent Preclean
[27.482s][info   ][gc,marking  ] GC(1862) Concurrent Preclean 0.089ms
[27.483s][info   ][gc,start    ] GC(1862) Pause Remark
[27.484s][info   ][gc          ] GC(1862) Pause Remark 1213M->1213M(2048M) 0.698ms
[27.484s][info   ][gc,cpu      ] GC(1862) User=0.00s Sys=0.00s Real=0.00s
[27.484s][info   ][gc,marking  ] GC(1862) Concurrent Mark 9.533ms
[27.484s][info   ][gc,marking  ] GC(1862) Concurrent Rebuild Remembered Sets
[27.499s][info   ][gc,marking  ] GC(1862) Concurrent Rebuild Remembered Sets 15.429ms
[27.502s][info   ][gc,start    ] GC(1862) Pause Cleanup
[27.502s][info   ][gc          ] GC(1862) Pause Cleanup 1499M->1499M(2048M) 0.311ms
[27.502s][info   ][gc,cpu      ] GC(1862) User=0.00s Sys=0.00s Real=0.00s
[27.503s][info   ][gc,marking  ] GC(1862) Concurrent Cleanup for Next Mark
[27.523s][info   ][gc,marking  ] GC(1862) Concurrent Cleanup for Next Mark 20.132ms
[27.523s][info   ][gc          ] GC(1862) Concurrent Mark Cycle 48.799ms
[27.524s][info   ][gc,start    ] GC(1863) Pause Young (Concurrent Start) (G1 Humongous Allocation)
[27.524s][info   ][gc,task     ] GC(1863) Using 4 workers of 4 for evacuation
[27.526s][info   ][gc,phases   ] GC(1863)   Pre Evacuate Collection Set: 0.2ms
[27.526s][info   ][gc,phases   ] GC(1863)   Merge Heap Roots: 0.2ms
[27.526s][info   ][gc,phases   ] GC(1863)   Evacuate Collection Set: 0.2ms
[27.526s][info   ][gc,phases   ] GC(1863)   Post Evacuate Collection Set: 0.7ms
[27.526s][info   ][gc,phases   ] GC(1863)   Other: 0.2ms
[27.526s][info   ][gc,heap     ] GC(1863) Eden regions: 0->0(736)
[27.526s][info   ][gc,heap     ] GC(1863) Survivor regions: 0->0(86)
[27.526s][info   ][gc,heap     ] GC(1863) Old regions: 1->1
[27.526s][info   ][gc,heap     ] GC(1863) Archive regions: 2->2
[27.526s][info   ][gc,heap     ] GC(1863) Humongous regions: 1772->1054
[27.526s][info   ][gc,metaspace] GC(1863) Metaspace: 158K(384K)->158K(384K) NonClass: 150K(256K)->150K(256K) Class: 8K(128K)->8K(128K)
[27.526s][info   ][gc          ] GC(1863) Pause Young (Concurrent Start) (G1 Humongous Allocation) 1773M->1055M(2048M) 1.685ms
[27.526s][info   ][gc,cpu      ] GC(1863) User=0.00s Sys=0.00s Real=0.00s
[27.526s][info   ][gc          ] GC(1864) Concurrent Mark Cycle
[27.526s][info   ][gc,marking  ] GC(1864) Concurrent Clear Claimed Marks
[27.526s][info   ][gc,marking  ] GC(1864) Concurrent Clear Claimed Marks 0.033ms
[27.526s][info   ][gc,marking  ] GC(1864) Concurrent Scan Root Regions
[27.526s][info   ][gc,marking  ] GC(1864) Concurrent Scan Root Regions 0.006ms
[27.526s][info   ][gc,marking  ] GC(1864) Concurrent Mark
[27.526s][info   ][gc,marking  ] GC(1864) Concurrent Mark From Roots
[27.526s][info   ][gc,task     ] GC(1864) Using 1 workers of 1 for marking
[27.536s][info   ][gc,marking  ] GC(1864) Concurrent Mark From Roots 9.889ms
[27.536s][info   ][gc,marking  ] GC(1864) Concurrent Preclean
[27.536s][info   ][gc,marking  ] GC(1864) Concurrent Preclean 0.089ms
[27.536s][info   ][gc,start    ] GC(1864) Pause Remark
[27.537s][info   ][gc          ] GC(1864) Pause Remark 1187M->1187M(2048M) 0.663ms
[27.537s][info   ][gc,cpu      ] GC(1864) User=0.00s Sys=0.00s Real=0.00s
[27.540s][info   ][gc,marking  ] GC(1864) Concurrent Mark 13.935ms
[27.540s][info   ][gc,marking  ] GC(1864) Concurrent Rebuild Remembered Sets
[27.559s][info   ][gc,marking  ] GC(1864) Concurrent Rebuild Remembered Sets 18.890ms
[27.560s][info   ][gc,start    ] GC(1864) Pause Cleanup
[27.560s][info   ][gc          ] GC(1864) Pause Cleanup 1551M->1551M(2048M) 0.393ms
[27.560s][info   ][gc,cpu      ] GC(1864) User=0.00s Sys=0.00s Real=0.00s
[27.560s][info   ][gc,marking  ] GC(1864) Concurrent Cleanup for Next Mark
[27.580s][info   ][gc,marking  ] GC(1864) Concurrent Cleanup for Next Mark 19.976ms
[27.580s][info   ][gc          ] GC(1864) Concurrent Mark Cycle 54.694ms
[27.581s][info   ][gc,start    ] GC(1865) Pause Young (Concurrent Start) (G1 Humongous Allocation)
[27.581s][info   ][gc,task     ] GC(1865) Using 4 workers of 4 for evacuation
[27.583s][info   ][gc,phases   ] GC(1865)   Pre Evacuate Collection Set: 0.2ms
[27.583s][info   ][gc,phases   ] GC(1865)   Merge Heap Roots: 0.3ms
[27.583s][info   ][gc,phases   ] GC(1865)   Evacuate Collection Set: 0.2ms
[27.583s][info   ][gc,phases   ] GC(1865)   Post Evacuate Collection Set: 0.8ms
[27.583s][info   ][gc,phases   ] GC(1865)   Other: 0.2ms
[27.583s][info   ][gc,heap     ] GC(1865) Eden regions: 0->0(776)
[27.583s][info   ][gc,heap     ] GC(1865) Survivor regions: 0->0(92)
[27.583s][info   ][gc,heap     ] GC(1865) Old regions: 1->1
[27.583s][info   ][gc,heap     ] GC(1865) Archive regions: 2->2
[27.583s][info   ][gc,heap     ] GC(1865) Humongous regions: 1798->1012
[27.583s][info   ][gc,metaspace] GC(1865) Metaspace: 158K(384K)->158K(384K) NonClass: 150K(256K)->150K(256K) Class: 8K(128K)->8K(128K)
[27.583s][info   ][gc          ] GC(1865) Pause Young (Concurrent Start) (G1 Humongous Allocation) 1799M->1013M(2048M) 1.722ms
[27.583s][info   ][gc,cpu      ] GC(1865) User=0.00s Sys=0.00s Real=0.00s
[27.583s][info   ][gc          ] GC(1866) Concurrent Mark Cycle
[27.583s][info   ][gc,marking  ] GC(1866) Concurrent Clear Claimed Marks
[27.583s][info   ][gc,marking  ] GC(1866) Concurrent Clear Claimed Marks 0.007ms
[27.583s][info   ][gc,marking  ] GC(1866) Concurrent Scan Root Regions
[27.583s][info   ][gc,marking  ] GC(1866) Concurrent Scan Root Regions 0.005ms
[27.583s][info   ][gc,marking  ] GC(1866) Concurrent Mark
[27.583s][info   ][gc,marking  ] GC(1866) Concurrent Mark From Roots
[27.583s][info   ][gc,task     ] GC(1866) Using 1 workers of 1 for marking
[27.599s][info   ][gc,marking  ] GC(1866) Concurrent Mark From Roots 15.251ms
[27.599s][info   ][gc,marking  ] GC(1866) Concurrent Preclean
[27.599s][info   ][gc,marking  ] GC(1866) Concurrent Preclean 0.189ms
[27.600s][info   ][gc,start    ] GC(1866) Pause Remark
[27.601s][info   ][gc          ] GC(1866) Pause Remark 1237M->1237M(2048M) 0.750ms
[27.601s][info   ][gc,cpu      ] GC(1866) User=0.00s Sys=0.00s Real=0.00s
[27.601s][info   ][gc,marking  ] GC(1866) Concurrent Mark 17.454ms
[27.601s][info   ][gc,marking  ] GC(1866) Concurrent Rebuild Remembered Sets
[27.611s][info   ][gc,marking  ] GC(1866) Concurrent Rebuild Remembered Sets 10.559ms
[27.612s][info   ][gc,start    ] GC(1866) Pause Cleanup
[27.612s][info   ][gc          ] GC(1866) Pause Cleanup 1415M->1415M(2048M) 0.274ms
[27.613s][info   ][gc,cpu      ] GC(1866) User=0.00s Sys=0.00s Real=0.00s
[27.613s][info   ][gc,marking  ] GC(1866) Concurrent Cleanup for Next Mark
[27.640s][info   ][gc,marking  ] GC(1866) Concurrent Cleanup for Next Mark 27.602ms
[27.640s][info   ][gc          ] GC(1866) Concurrent Mark Cycle 57.251ms
[27.641s][info   ][gc,start    ] GC(1867) Pause Young (Concurrent Start) (G1 Humongous Allocation)
[27.641s][info   ][gc,task     ] GC(1867) Using 4 workers of 4 for evacuation
[27.643s][info   ][gc,phases   ] GC(1867)   Pre Evacuate Collection Set: 0.2ms
[27.643s][info   ][gc,phases   ] GC(1867)   Merge Heap Roots: 0.2ms
[27.643s][info   ][gc,phases   ] GC(1867)   Evacuate Collection Set: 0.5ms
[27.643s][info   ][gc,phases   ] GC(1867)   Post Evacuate Collection Set: 0.9ms
[27.643s][info   ][gc,phases   ] GC(1867)   Other: 0.2ms
[27.643s][info   ][gc,heap     ] GC(1867) Eden regions: 0->0(768)
[27.643s][info   ][gc,heap     ] GC(1867) Survivor regions: 0->0(97)
[27.643s][info   ][gc,heap     ] GC(1867) Old regions: 1->1
[27.643s][info   ][gc,heap     ] GC(1867) Archive regions: 2->2
[27.643s][info   ][gc,heap     ] GC(1867) Humongous regions: 1816->1020
[27.643s][info   ][gc,metaspace] GC(1867) Metaspace: 158K(384K)->158K(384K) NonClass: 150K(256K)->150K(256K) Class: 8K(128K)->8K(128K)
[27.643s][info   ][gc          ] GC(1867) Pause Young (Concurrent Start) (G1 Humongous Allocation) 1817M->1021M(2048M) 1.988ms
[27.643s][info   ][gc,cpu      ] GC(1867) User=0.00s Sys=0.00s Real=0.00s
[27.643s][info   ][gc          ] GC(1868) Concurrent Mark Cycle
[27.643s][info   ][gc,marking  ] GC(1868) Concurrent Clear Claimed Marks
[27.643s][info   ][gc,marking  ] GC(1868) Concurrent Clear Claimed Marks 0.008ms
[27.643s][info   ][gc,marking  ] GC(1868) Concurrent Scan Root Regions
[27.643s][info   ][gc,marking  ] GC(1868) Concurrent Scan Root Regions 0.006ms
[27.643s][info   ][gc,marking  ] GC(1868) Concurrent Mark
[27.643s][info   ][gc,marking  ] GC(1868) Concurrent Mark From Roots
[27.643s][info   ][gc,task     ] GC(1868) Using 1 workers of 1 for marking
[27.649s][info   ][gc,marking  ] GC(1868) Concurrent Mark From Roots 6.346ms
[27.650s][info   ][gc,marking  ] GC(1868) Concurrent Preclean
[27.650s][info   ][gc,marking  ] GC(1868) Concurrent Preclean 0.089ms
[27.650s][info   ][gc,start    ] GC(1868) Pause Remark
[27.651s][info   ][gc          ] GC(1868) Pause Remark 1117M->1117M(2048M) 0.666ms
[27.651s][info   ][gc,cpu      ] GC(1868) User=0.00s Sys=0.00s Real=0.00s
[27.651s][info   ][gc,marking  ] GC(1868) Concurrent Mark 8.131ms
[27.651s][info   ][gc,marking  ] GC(1868) Concurrent Rebuild Remembered Sets
[27.660s][info   ][gc,marking  ] GC(1868) Concurrent Rebuild Remembered Sets 9.010ms
[27.661s][info   ][gc,start    ] GC(1868) Pause Cleanup
[27.662s][info   ][gc          ] GC(1868) Pause Cleanup 1251M->1251M(2048M) 0.252ms
[27.662s][info   ][gc,cpu      ] GC(1868) User=0.00s Sys=0.00s Real=0.00s
[27.662s][info   ][gc,marking  ] GC(1868) Concurrent Cleanup for Next Mark
[27.695s][info   ][gc,marking  ] GC(1868) Concurrent Cleanup for Next Mark 32.910ms
[27.695s][info   ][gc          ] GC(1868) Concurrent Mark Cycle 51.876ms
[27.696s][info   ][gc,start    ] GC(1869) Pause Young (Concurrent Start) (G1 Humongous Allocation)
[27.696s][info   ][gc,task     ] GC(1869) Using 4 workers of 4 for evacuation
[27.698s][info   ][gc,phases   ] GC(1869)   Pre Evacuate Collection Set: 0.3ms
[27.698s][info   ][gc,phases   ] GC(1869)   Merge Heap Roots: 0.3ms
[27.698s][info   ][gc,phases   ] GC(1869)   Evacuate Collection Set: 0.6ms
[27.698s][info   ][gc,phases   ] GC(1869)   Post Evacuate Collection Set: 0.7ms
[27.698s][info   ][gc,phases   ] GC(1869)   Other: 0.2ms
[27.698s][info   ][gc,heap     ] GC(1869) Eden regions: 0->0(774)
[27.698s][info   ][gc,heap     ] GC(1869) Survivor regions: 0->0(96)
[27.698s][info   ][gc,heap     ] GC(1869) Old regions: 1->1
[27.698s][info   ][gc,heap     ] GC(1869) Archive regions: 2->2
[27.698s][info   ][gc,heap     ] GC(1869) Humongous regions: 1706->1014
[27.698s][info   ][gc,metaspace] GC(1869) Metaspace: 158K(384K)->158K(384K) NonClass: 150K(256K)->150K(256K) Class: 8K(128K)->8K(128K)
[27.698s][info   ][gc          ] GC(1869) Pause Young (Concurrent Start) (G1 Humongous Allocation) 1707M->1015M(2048M) 2.127ms
[27.698s][info   ][gc,cpu      ] GC(1869) User=0.00s Sys=0.01s Real=0.00s
[27.698s][info   ][gc          ] GC(1870) Concurrent Mark Cycle
[27.698s][info   ][gc,marking  ] GC(1870) Concurrent Clear Claimed Marks
[27.698s][info   ][gc,marking  ] GC(1870) Concurrent Clear Claimed Marks 0.008ms
[27.698s][info   ][gc,marking  ] GC(1870) Concurrent Scan Root Regions
[27.698s][info   ][gc,marking  ] GC(1870) Concurrent Scan Root Regions 0.006ms
[27.698s][info   ][gc,marking  ] GC(1870) Concurrent Mark
[27.698s][info   ][gc,marking  ] GC(1870) Concurrent Mark From Roots
[27.698s][info   ][gc,task     ] GC(1870) Using 1 workers of 1 for marking
[27.704s][info   ][gc,marking  ] GC(1870) Concurrent Mark From Roots 5.632ms
[27.704s][info   ][gc,marking  ] GC(1870) Concurrent Preclean
[27.707s][info   ][gc,marking  ] GC(1870) Concurrent Preclean 3.169ms
[27.708s][info   ][gc,start    ] GC(1870) Pause Remark
[27.708s][info   ][gc          ] GC(1870) Pause Remark 1143M->1143M(2048M) 0.695ms
[27.708s][info   ][gc,cpu      ] GC(1870) User=0.00s Sys=0.00s Real=0.01s
[27.708s][info   ][gc,marking  ] GC(1870) Concurrent Mark 10.525ms
[27.709s][info   ][gc,marking  ] GC(1870) Concurrent Rebuild Remembered Sets
[27.720s][info   ][gc,marking  ] GC(1870) Concurrent Rebuild Remembered Sets 10.038ms
[27.721s][info   ][gc,start    ] GC(1870) Pause Cleanup
[27.721s][info   ][gc          ] GC(1870) Pause Cleanup 1327M->1327M(2048M) 0.322ms
[27.721s][info   ][gc,cpu      ] GC(1870) User=0.00s Sys=0.00s Real=0.00s
[27.721s][info   ][gc,marking  ] GC(1870) Concurrent Cleanup for Next Mark
[27.736s][info   ][gc,marking  ] GC(1870) Concurrent Cleanup for Next Mark 14.846ms
[27.736s][info   ][gc          ] GC(1870) Concurrent Mark Cycle 38.579ms
[27.737s][info   ][gc,start    ] GC(1871) Pause Young (Concurrent Start) (G1 Humongous Allocation)
[27.737s][info   ][gc,task     ] GC(1871) Using 4 workers of 4 for evacuation
[27.739s][info   ][gc,phases   ] GC(1871)   Pre Evacuate Collection Set: 0.3ms
[27.739s][info   ][gc,phases   ] GC(1871)   Merge Heap Roots: 0.4ms
[27.739s][info   ][gc,phases   ] GC(1871)   Evacuate Collection Set: 0.5ms
[27.739s][info   ][gc,phases   ] GC(1871)   Post Evacuate Collection Set: 0.8ms
[27.739s][info   ][gc,phases   ] GC(1871)   Other: 0.2ms
[27.739s][info   ][gc,heap     ] GC(1871) Eden regions: 0->0(783)
[27.739s][info   ][gc,heap     ] GC(1871) Survivor regions: 0->0(97)
[27.739s][info   ][gc,heap     ] GC(1871) Old regions: 1->1
[27.739s][info   ][gc,heap     ] GC(1871) Archive regions: 2->2
[27.739s][info   ][gc,heap     ] GC(1871) Humongous regions: 1514->1004
[27.739s][info   ][gc,metaspace] GC(1871) Metaspace: 158K(384K)->158K(384K) NonClass: 150K(256K)->150K(256K) Class: 8K(128K)->8K(128K)
[27.740s][info   ][gc          ] GC(1871) Pause Young (Concurrent Start) (G1 Humongous Allocation) 1515M->1005M(2048M) 2.184ms
[27.740s][info   ][gc,cpu      ] GC(1871) User=0.00s Sys=0.01s Real=0.01s
[27.740s][info   ][gc          ] GC(1872) Concurrent Mark Cycle
[27.740s][info   ][gc,marking  ] GC(1872) Concurrent Clear Claimed Marks
[27.740s][info   ][gc,marking  ] GC(1872) Concurrent Clear Claimed Marks 0.007ms
[27.740s][info   ][gc,marking  ] GC(1872) Concurrent Scan Root Regions
[27.740s][info   ][gc,marking  ] GC(1872) Concurrent Scan Root Regions 0.006ms
[27.740s][info   ][gc,marking  ] GC(1872) Concurrent Mark
[27.740s][info   ][gc,marking  ] GC(1872) Concurrent Mark From Roots
[27.740s][info   ][gc,task     ] GC(1872) Using 1 workers of 1 for marking
[27.749s][info   ][gc,marking  ] GC(1872) Concurrent Mark From Roots 9.253ms
[27.749s][info   ][gc,marking  ] GC(1872) Concurrent Preclean
[27.749s][info   ][gc,marking  ] GC(1872) Concurrent Preclean 0.082ms
[27.750s][info   ][gc,start    ] GC(1872) Pause Remark
[27.750s][info   ][gc          ] GC(1872) Pause Remark 1093M->1093M(2048M) 0.798ms
[27.750s][info   ][gc,cpu      ] GC(1872) User=0.00s Sys=0.00s Real=0.00s
[27.750s][info   ][gc,marking  ] GC(1872) Concurrent Mark 10.903ms
[27.750s][info   ][gc,marking  ] GC(1872) Concurrent Rebuild Remembered Sets
[27.759s][info   ][gc,marking  ] GC(1872) Concurrent Rebuild Remembered Sets 8.339ms
[27.760s][info   ][gc,start    ] GC(1872) Pause Cleanup
[27.760s][info   ][gc          ] GC(1872) Pause Cleanup 1223M->1223M(2048M) 0.319ms
[27.760s][info   ][gc,cpu      ] GC(1872) User=0.00s Sys=0.00s Real=0.00s
[27.760s][info   ][gc,marking  ] GC(1872) Concurrent Cleanup for Next Mark
[27.776s][info   ][gc,marking  ] GC(1872) Concurrent Cleanup for Next Mark 16.007ms
[27.776s][info   ][gc          ] GC(1872) Concurrent Mark Cycle 36.903ms
[27.778s][info   ][gc,start    ] GC(1873) Pause Young (Concurrent Start) (G1 Humongous Allocation)
[27.778s][info   ][gc,task     ] GC(1873) Using 4 workers of 4 for evacuation
[27.779s][info   ][gc,phases   ] GC(1873)   Pre Evacuate Collection Set: 0.3ms
[27.779s][info   ][gc,phases   ] GC(1873)   Merge Heap Roots: 0.3ms
[27.779s][info   ][gc,phases   ] GC(1873)   Evacuate Collection Set: 0.5ms
[27.779s][info   ][gc,phases   ] GC(1873)   Post Evacuate Collection Set: 0.5ms
[27.779s][info   ][gc,phases   ] GC(1873)   Other: 0.2ms
[27.779s][info   ][gc,heap     ] GC(1873) Eden regions: 0->0(802)
[27.779s][info   ][gc,heap     ] GC(1873) Survivor regions: 0->0(98)
[27.779s][info   ][gc,heap     ] GC(1873) Old regions: 1->1
[27.779s][info   ][gc,heap     ] GC(1873) Archive regions: 2->2
[27.779s][info   ][gc,heap     ] GC(1873) Humongous regions: 1422->984
[27.779s][info   ][gc,metaspace] GC(1873) Metaspace: 158K(384K)->158K(384K) NonClass: 150K(256K)->150K(256K) Class: 8K(128K)->8K(128K)
[27.779s][info   ][gc          ] GC(1873) Pause Young (Concurrent Start) (G1 Humongous Allocation) 1423M->985M(2048M) 1.753ms
[27.779s][info   ][gc,cpu      ] GC(1873) User=0.00s Sys=0.01s Real=0.01s
[27.779s][info   ][gc          ] GC(1874) Concurrent Mark Cycle
[27.779s][info   ][gc,marking  ] GC(1874) Concurrent Clear Claimed Marks
[27.779s][info   ][gc,marking  ] GC(1874) Concurrent Clear Claimed Marks 0.008ms
[27.779s][info   ][gc,marking  ] GC(1874) Concurrent Scan Root Regions
[27.779s][info   ][gc,marking  ] GC(1874) Concurrent Scan Root Regions 0.006ms
[27.779s][info   ][gc,marking  ] GC(1874) Concurrent Mark
[27.779s][info   ][gc,marking  ] GC(1874) Concurrent Mark From Roots
[27.779s][info   ][gc,task     ] GC(1874) Using 1 workers of 1 for marking
[27.794s][info   ][gc,marking  ] GC(1874) Concurrent Mark From Roots 14.268ms
[27.794s][info   ][gc,marking  ] GC(1874) Concurrent Preclean
[27.794s][info   ][gc,marking  ] GC(1874) Concurrent Preclean 0.107ms
[27.795s][info   ][gc,start    ] GC(1874) Pause Remark
[27.795s][info   ][gc          ] GC(1874) Pause Remark 1213M->1213M(2048M) 0.765ms
[27.796s][info   ][gc,cpu      ] GC(1874) User=0.00s Sys=0.00s Real=0.00s
[27.796s][info   ][gc,marking  ] GC(1874) Concurrent Mark 16.086ms
[27.796s][info   ][gc,marking  ] GC(1874) Concurrent Rebuild Remembered Sets
[27.808s][info   ][gc,marking  ] GC(1874) Concurrent Rebuild Remembered Sets 12.821ms
[27.809s][info   ][gc,start    ] GC(1874) Pause Cleanup
[27.809s][info   ][gc          ] GC(1874) Pause Cleanup 1435M->1435M(2048M) 0.264ms
[27.809s][info   ][gc,cpu      ] GC(1874) User=0.00s Sys=0.00s Real=0.00s
[27.809s][info   ][gc,marking  ] GC(1874) Concurrent Cleanup for Next Mark
[27.834s][info   ][gc,marking  ] GC(1874) Concurrent Cleanup for Next Mark 24.916ms
[27.835s][info   ][gc          ] GC(1874) Concurrent Mark Cycle 55.195ms
[27.836s][info   ][gc,start    ] GC(1875) Pause Young (Concurrent Start) (G1 Humongous Allocation)
[27.836s][info   ][gc,task     ] GC(1875) Using 4 workers of 4 for evacuation
[27.837s][info   ][gc,phases   ] GC(1875)   Pre Evacuate Collection Set: 0.3ms
[27.837s][info   ][gc,phases   ] GC(1875)   Merge Heap Roots: 0.2ms
[27.837s][info   ][gc,phases   ] GC(1875)   Evacuate Collection Set: 0.2ms
[27.837s][info   ][gc,phases   ] GC(1875)   Post Evacuate Collection Set: 0.8ms
[27.837s][info   ][gc,phases   ] GC(1875)   Other: 0.1ms
[27.837s][info   ][gc,heap     ] GC(1875) Eden regions: 0->0(806)
[27.837s][info   ][gc,heap     ] GC(1875) Survivor regions: 0->0(101)
[27.837s][info   ][gc,heap     ] GC(1875) Old regions: 1->1
[27.837s][info   ][gc,heap     ] GC(1875) Archive regions: 2->2
[27.837s][info   ][gc,heap     ] GC(1875) Humongous regions: 1778->980
[27.837s][info   ][gc,metaspace] GC(1875) Metaspace: 158K(384K)->158K(384K) NonClass: 150K(256K)->150K(256K) Class: 8K(128K)->8K(128K)
[27.837s][info   ][gc          ] GC(1875) Pause Young (Concurrent Start) (G1 Humongous Allocation) 1779M->981M(2048M) 1.714ms
[27.837s][info   ][gc,cpu      ] GC(1875) User=0.00s Sys=0.00s Real=0.00s
[27.837s][info   ][gc          ] GC(1876) Concurrent Mark Cycle
[27.837s][info   ][gc,marking  ] GC(1876) Concurrent Clear Claimed Marks
[27.837s][info   ][gc,marking  ] GC(1876) Concurrent Clear Claimed Marks 0.007ms
[27.837s][info   ][gc,marking  ] GC(1876) Concurrent Scan Root Regions
[27.837s][info   ][gc,marking  ] GC(1876) Concurrent Scan Root Regions 0.005ms
[27.837s][info   ][gc,marking  ] GC(1876) Concurrent Mark
[27.837s][info   ][gc,marking  ] GC(1876) Concurrent Mark From Roots
[27.838s][info   ][gc,task     ] GC(1876) Using 1 workers of 1 for marking
[27.850s][info   ][gc,marking  ] GC(1876) Concurrent Mark From Roots 12.203ms
[27.850s][info   ][gc,marking  ] GC(1876) Concurrent Preclean
[27.850s][info   ][gc,marking  ] GC(1876) Concurrent Preclean 0.095ms
[27.851s][info   ][gc,start    ] GC(1876) Pause Remark
[27.851s][info   ][gc          ] GC(1876) Pause Remark 1165M->1165M(2048M) 0.651ms
[27.851s][info   ][gc,cpu      ] GC(1876) User=0.00s Sys=0.00s Real=0.00s
[27.851s][info   ][gc,marking  ] GC(1876) Concurrent Mark 13.966ms
[27.851s][info   ][gc,marking  ] GC(1876) Concurrent Rebuild Remembered Sets
[27.868s][info   ][gc,marking  ] GC(1876) Concurrent Rebuild Remembered Sets 16.540ms
[27.869s][info   ][gc,start    ] GC(1876) Pause Cleanup
[27.869s][info   ][gc          ] GC(1876) Pause Cleanup 1437M->1437M(2048M) 0.237ms
[27.869s][info   ][gc,cpu      ] GC(1876) User=0.00s Sys=0.00s Real=0.00s
[27.870s][info   ][gc,marking  ] GC(1876) Concurrent Cleanup for Next Mark
[27.897s][info   ][gc,marking  ] GC(1876) Concurrent Cleanup for Next Mark 27.180ms
[27.897s][info   ][gc          ] GC(1876) Concurrent Mark Cycle 59.570ms
[27.898s][info   ][gc,start    ] GC(1877) Pause Young (Concurrent Start) (G1 Humongous Allocation)
[27.898s][info   ][gc,task     ] GC(1877) Using 4 workers of 4 for evacuation
[27.900s][info   ][gc,phases   ] GC(1877)   Pre Evacuate Collection Set: 0.2ms
[27.900s][info   ][gc,phases   ] GC(1877)   Merge Heap Roots: 0.2ms
[27.900s][info   ][gc,phases   ] GC(1877)   Evacuate Collection Set: 0.3ms
[27.900s][info   ][gc,phases   ] GC(1877)   Post Evacuate Collection Set: 0.9ms
[27.900s][info   ][gc,phases   ] GC(1877)   Other: 0.2ms
[27.900s][info   ][gc,heap     ] GC(1877) Eden regions: 0->0(903)
[27.900s][info   ][gc,heap     ] GC(1877) Survivor regions: 0->0(101)
[27.900s][info   ][gc,heap     ] GC(1877) Old regions: 1->1
[27.900s][info   ][gc,heap     ] GC(1877) Archive regions: 2->2
[27.900s][info   ][gc,heap     ] GC(1877) Humongous regions: 1764->876
[27.900s][info   ][gc,metaspace] GC(1877) Metaspace: 158K(384K)->158K(384K) NonClass: 150K(256K)->150K(256K) Class: 8K(128K)->8K(128K)
[27.900s][info   ][gc          ] GC(1877) Pause Young (Concurrent Start) (G1 Humongous Allocation) 1765M->877M(2048M) 1.836ms
[27.900s][info   ][gc,cpu      ] GC(1877) User=0.00s Sys=0.00s Real=0.01s
[27.900s][info   ][gc          ] GC(1878) Concurrent Undo Cycle
[27.900s][info   ][gc,marking  ] GC(1878) Concurrent Cleanup for Next Mark
[27.919s][info   ][gc,marking  ] GC(1878) Concurrent Cleanup for Next Mark 19.233ms
[27.919s][info   ][gc          ] GC(1878) Concurrent Undo Cycle 19.417ms
[27.920s][info   ][gc,start    ] GC(1879) Pause Young (Concurrent Start) (G1 Humongous Allocation)
[27.920s][info   ][gc,task     ] GC(1879) Using 4 workers of 4 for evacuation
[27.922s][info   ][gc,phases   ] GC(1879)   Pre Evacuate Collection Set: 0.2ms
[27.922s][info   ][gc,phases   ] GC(1879)   Merge Heap Roots: 0.1ms
[27.922s][info   ][gc,phases   ] GC(1879)   Evacuate Collection Set: 0.3ms
[27.922s][info   ][gc,phases   ] GC(1879)   Post Evacuate Collection Set: 0.6ms
[27.922s][info   ][gc,phases   ] GC(1879)   Other: 0.2ms
[27.922s][info   ][gc,heap     ] GC(1879) Eden regions: 0->0(892)
[27.922s][info   ][gc,heap     ] GC(1879) Survivor regions: 0->0(113)
[27.922s][info   ][gc,heap     ] GC(1879) Old regions: 1->1
[27.922s][info   ][gc,heap     ] GC(1879) Archive regions: 2->2
[27.922s][info   ][gc,heap     ] GC(1879) Humongous regions: 1136->888
[27.922s][info   ][gc,metaspace] GC(1879) Metaspace: 158K(384K)->158K(384K) NonClass: 150K(256K)->150K(256K) Class: 8K(128K)->8K(128K)
[27.922s][info   ][gc          ] GC(1879) Pause Young (Concurrent Start) (G1 Humongous Allocation) 1137M->889M(2048M) 1.495ms
[27.922s][info   ][gc,cpu      ] GC(1879) User=0.00s Sys=0.00s Real=0.00s
[27.922s][info   ][gc          ] GC(1880) Concurrent Undo Cycle
[27.922s][info   ][gc,marking  ] GC(1880) Concurrent Cleanup for Next Mark
[27.931s][info   ][gc,marking  ] GC(1880) Concurrent Cleanup for Next Mark 8.770ms
[27.931s][info   ][gc          ] GC(1880) Concurrent Undo Cycle 8.913ms
[27.931s][info   ][gc,start    ] GC(1881) Pause Young (Concurrent Start) (G1 Humongous Allocation)
[27.931s][info   ][gc,task     ] GC(1881) Using 4 workers of 4 for evacuation
[27.933s][info   ][gc,phases   ] GC(1881)   Pre Evacuate Collection Set: 0.2ms
[27.933s][info   ][gc,phases   ] GC(1881)   Merge Heap Roots: 0.1ms
[27.933s][info   ][gc,phases   ] GC(1881)   Evacuate Collection Set: 0.6ms
[27.933s][info   ][gc,phases   ] GC(1881)   Post Evacuate Collection Set: 0.4ms
[27.933s][info   ][gc,phases   ] GC(1881)   Other: 0.2ms
[27.933s][info   ][gc,heap     ] GC(1881) Eden regions: 0->0(886)
[27.933s][info   ][gc,heap     ] GC(1881) Survivor regions: 0->0(112)
[27.933s][info   ][gc,heap     ] GC(1881) Old regions: 1->1
[27.933s][info   ][gc,heap     ] GC(1881) Archive regions: 2->2
[27.933s][info   ][gc,heap     ] GC(1881) Humongous regions: 958->894
[27.933s][info   ][gc,metaspace] GC(1881) Metaspace: 158K(384K)->158K(384K) NonClass: 150K(256K)->150K(256K) Class: 8K(128K)->8K(128K)
[27.933s][info   ][gc          ] GC(1881) Pause Young (Concurrent Start) (G1 Humongous Allocation) 959M->895M(2048M) 1.543ms
[27.933s][info   ][gc,cpu      ] GC(1881) User=0.00s Sys=0.00s Real=0.00s
[27.933s][info   ][gc          ] GC(1882) Concurrent Undo Cycle
[27.933s][info   ][gc,marking  ] GC(1882) Concurrent Cleanup for Next Mark
[27.938s][info   ][gc,marking  ] GC(1882) Concurrent Cleanup for Next Mark 5.401ms
[27.942s][info   ][gc          ] GC(1882) Concurrent Undo Cycle 9.028ms
[27.942s][info   ][gc,start    ] GC(1883) Pause Young (Concurrent Start) (G1 Humongous Allocation)
[27.942s][info   ][gc,task     ] GC(1883) Using 4 workers of 4 for evacuation
[27.943s][info   ][gc,phases   ] GC(1883)   Pre Evacuate Collection Set: 0.2ms
[27.943s][info   ][gc,phases   ] GC(1883)   Merge Heap Roots: 0.1ms
[27.943s][info   ][gc,phases   ] GC(1883)   Evacuate Collection Set: 0.3ms
[27.943s][info   ][gc,phases   ] GC(1883)   Post Evacuate Collection Set: 0.4ms
[27.943s][info   ][gc,phases   ] GC(1883)   Other: 0.2ms
[27.943s][info   ][gc,heap     ] GC(1883) Eden regions: 0->0(866)
[27.943s][info   ][gc,heap     ] GC(1883) Survivor regions: 0->0(111)
[27.943s][info   ][gc,heap     ] GC(1883) Old regions: 1->1
[27.943s][info   ][gc,heap     ] GC(1883) Archive regions: 2->2
[27.943s][info   ][gc,heap     ] GC(1883) Humongous regions: 980->916
[27.943s][info   ][gc,metaspace] GC(1883) Metaspace: 158K(384K)->158K(384K) NonClass: 150K(256K)->150K(256K) Class: 8K(128K)->8K(128K)
[27.943s][info   ][gc          ] GC(1883) Pause Young (Concurrent Start) (G1 Humongous Allocation) 981M->917M(2048M) 1.156ms
[27.944s][info   ][gc,cpu      ] GC(1883) User=0.01s Sys=0.00s Real=0.00s
[27.944s][info   ][gc          ] GC(1884) Concurrent Undo Cycle
[27.944s][info   ][gc,marking  ] GC(1884) Concurrent Cleanup for Next Mark
[27.963s][info   ][gc,marking  ] GC(1884) Concurrent Cleanup for Next Mark 19.516ms
[27.963s][info   ][gc          ] GC(1884) Concurrent Undo Cycle 19.702ms
[27.964s][info   ][gc,start    ] GC(1885) Pause Young (Concurrent Start) (G1 Humongous Allocation)
[27.964s][info   ][gc,task     ] GC(1885) Using 4 workers of 4 for evacuation
[27.965s][info   ][gc,phases   ] GC(1885)   Pre Evacuate Collection Set: 0.2ms
[27.965s][info   ][gc,phases   ] GC(1885)   Merge Heap Roots: 0.1ms
[27.965s][info   ][gc,phases   ] GC(1885)   Evacuate Collection Set: 0.3ms
[27.965s][info   ][gc,phases   ] GC(1885)   Post Evacuate Collection Set: 0.5ms
[27.965s][info   ][gc,phases   ] GC(1885)   Other: 0.2ms
[27.965s][info   ][gc,heap     ] GC(1885) Eden regions: 0->0(811)
[27.965s][info   ][gc,heap     ] GC(1885) Survivor regions: 0->0(109)
[27.965s][info   ][gc,heap     ] GC(1885) Old regions: 1->1
[27.965s][info   ][gc,heap     ] GC(1885) Archive regions: 2->2
[27.965s][info   ][gc,heap     ] GC(1885) Humongous regions: 1168->974
[27.966s][info   ][gc,metaspace] GC(1885) Metaspace: 158K(384K)->158K(384K) NonClass: 150K(256K)->150K(256K) Class: 8K(128K)->8K(128K)
[27.966s][info   ][gc          ] GC(1885) Pause Young (Concurrent Start) (G1 Humongous Allocation) 1169M->975M(2048M) 1.273ms
[27.966s][info   ][gc,cpu      ] GC(1885) User=0.00s Sys=0.00s Real=0.00s
[27.966s][info   ][gc          ] GC(1886) Concurrent Mark Cycle
[27.966s][info   ][gc,marking  ] GC(1886) Concurrent Clear Claimed Marks
[27.966s][info   ][gc,marking  ] GC(1886) Concurrent Clear Claimed Marks 0.006ms
[27.966s][info   ][gc,marking  ] GC(1886) Concurrent Scan Root Regions
[27.966s][info   ][gc,marking  ] GC(1886) Concurrent Scan Root Regions 0.005ms
[27.966s][info   ][gc,marking  ] GC(1886) Concurrent Mark
[27.966s][info   ][gc,marking  ] GC(1886) Concurrent Mark From Roots
[27.966s][info   ][gc,task     ] GC(1886) Using 1 workers of 1 for marking
[27.974s][info   ][gc,marking  ] GC(1886) Concurrent Mark From Roots 7.966ms
[27.974s][info   ][gc,marking  ] GC(1886) Concurrent Preclean
[27.974s][info   ][gc,marking  ] GC(1886) Concurrent Preclean 0.132ms
[27.974s][info   ][gc,start    ] GC(1886) Pause Remark
[27.975s][info   ][gc          ] GC(1886) Pause Remark 1099M->1099M(2048M) 0.613ms
[27.975s][info   ][gc,cpu      ] GC(1886) User=0.00s Sys=0.00s Real=0.00s
[27.975s][info   ][gc,marking  ] GC(1886) Concurrent Mark 9.348ms
[27.975s][info   ][gc,marking  ] GC(1886) Concurrent Rebuild Remembered Sets
[27.983s][info   ][gc,marking  ] GC(1886) Concurrent Rebuild Remembered Sets 8.043ms
[27.984s][info   ][gc,start    ] GC(1886) Pause Cleanup
[27.984s][info   ][gc          ] GC(1886) Pause Cleanup 1233M->1233M(2048M) 0.240ms
[27.984s][info   ][gc,cpu      ] GC(1886) User=0.00s Sys=0.00s Real=0.00s
[27.984s][info   ][gc,marking  ] GC(1886) Concurrent Cleanup for Next Mark
[28.005s][info   ][gc,marking  ] GC(1886) Concurrent Cleanup for Next Mark 20.515ms
[28.005s][info   ][gc          ] GC(1886) Concurrent Mark Cycle 39.493ms
[28.006s][info   ][gc,start    ] GC(1887) Pause Young (Concurrent Start) (G1 Humongous Allocation)
[28.006s][info   ][gc,task     ] GC(1887) Using 4 workers of 4 for evacuation
[28.007s][info   ][gc,phases   ] GC(1887)   Pre Evacuate Collection Set: 0.2ms
[28.007s][info   ][gc,phases   ] GC(1887)   Merge Heap Roots: 0.2ms
[28.007s][info   ][gc,phases   ] GC(1887)   Evacuate Collection Set: 0.2ms
[28.007s][info   ][gc,phases   ] GC(1887)   Post Evacuate Collection Set: 0.7ms
[28.007s][info   ][gc,phases   ] GC(1887)   Other: 0.2ms
[28.007s][info   ][gc,heap     ] GC(1887) Eden regions: 0->0(804)
[28.007s][info   ][gc,heap     ] GC(1887) Survivor regions: 0->0(102)
[28.007s][info   ][gc,heap     ] GC(1887) Old regions: 1->1
[28.007s][info   ][gc,heap     ] GC(1887) Archive regions: 2->2
[28.007s][info   ][gc,heap     ] GC(1887) Humongous regions: 1508->982
[28.007s][info   ][gc,metaspace] GC(1887) Metaspace: 158K(384K)->158K(384K) NonClass: 150K(256K)->150K(256K) Class: 8K(128K)->8K(128K)
[28.007s][info   ][gc          ] GC(1887) Pause Young (Concurrent Start) (G1 Humongous Allocation) 1509M->983M(2048M) 1.619ms
[28.007s][info   ][gc,cpu      ] GC(1887) User=0.00s Sys=0.00s Real=0.00s
[28.007s][info   ][gc          ] GC(1888) Concurrent Mark Cycle
[28.007s][info   ][gc,marking  ] GC(1888) Concurrent Clear Claimed Marks
[28.007s][info   ][gc,marking  ] GC(1888) Concurrent Clear Claimed Marks 0.007ms
[28.007s][info   ][gc,marking  ] GC(1888) Concurrent Scan Root Regions
[28.007s][info   ][gc,marking  ] GC(1888) Concurrent Scan Root Regions 0.006ms
[28.007s][info   ][gc,marking  ] GC(1888) Concurrent Mark
[28.007s][info   ][gc,marking  ] GC(1888) Concurrent Mark From Roots
[28.007s][info   ][gc,task     ] GC(1888) Using 1 workers of 1 for marking
[28.017s][info   ][gc,marking  ] GC(1888) Concurrent Mark From Roots 9.291ms
[28.017s][info   ][gc,marking  ] GC(1888) Concurrent Preclean
[28.017s][info   ][gc,marking  ] GC(1888) Concurrent Preclean 0.102ms
[28.018s][info   ][gc,start    ] GC(1888) Pause Remark
[28.019s][info   ][gc          ] GC(1888) Pause Remark 1137M->1137M(2048M) 0.556ms
[28.019s][info   ][gc,cpu      ] GC(1888) User=0.00s Sys=0.00s Real=0.00s
[28.019s][info   ][gc,marking  ] GC(1888) Concurrent Mark 11.398ms
[28.019s][info   ][gc,marking  ] GC(1888) Concurrent Rebuild Remembered Sets
[28.031s][info   ][gc,marking  ] GC(1888) Concurrent Rebuild Remembered Sets 12.091ms
[28.035s][info   ][gc,start    ] GC(1888) Pause Cleanup
[28.036s][info   ][gc          ] GC(1888) Pause Cleanup 1385M->1385M(2048M) 0.323ms
[28.036s][info   ][gc,cpu      ] GC(1888) User=0.00s Sys=0.00s Real=0.00s
[28.036s][info   ][gc,marking  ] GC(1888) Concurrent Cleanup for Next Mark
[28.055s][info   ][gc,marking  ] GC(1888) Concurrent Cleanup for Next Mark 19.580ms
[28.056s][info   ][gc          ] GC(1888) Concurrent Mark Cycle 48.152ms
[28.056s][info   ][gc,start    ] GC(1889) Pause Young (Concurrent Start) (G1 Humongous Allocation)
[28.056s][info   ][gc,task     ] GC(1889) Using 4 workers of 4 for evacuation
[28.057s][info   ][gc,phases   ] GC(1889)   Pre Evacuate Collection Set: 0.2ms
[28.057s][info   ][gc,phases   ] GC(1889)   Merge Heap Roots: 0.2ms
[28.057s][info   ][gc,phases   ] GC(1889)   Evacuate Collection Set: 0.2ms
[28.057s][info   ][gc,phases   ] GC(1889)   Post Evacuate Collection Set: 0.6ms
[28.057s][info   ][gc,phases   ] GC(1889)   Other: 0.1ms
[28.057s][info   ][gc,heap     ] GC(1889) Eden regions: 0->0(747)
[28.057s][info   ][gc,heap     ] GC(1889) Survivor regions: 0->0(101)
[28.057s][info   ][gc,heap     ] GC(1889) Old regions: 1->1
[28.057s][info   ][gc,heap     ] GC(1889) Archive regions: 2->2
[28.057s][info   ][gc,heap     ] GC(1889) Humongous regions: 1644->1042
[28.057s][info   ][gc,metaspace] GC(1889) Metaspace: 158K(384K)->158K(384K) NonClass: 150K(256K)->150K(256K) Class: 8K(128K)->8K(128K)
[28.057s][info   ][gc          ] GC(1889) Pause Young (Concurrent Start) (G1 Humongous Allocation) 1645M->1043M(2048M) 1.499ms
[28.057s][info   ][gc,cpu      ] GC(1889) User=0.00s Sys=0.00s Real=0.00s
[28.058s][info   ][gc          ] GC(1890) Concurrent Mark Cycle
[28.058s][info   ][gc,marking  ] GC(1890) Concurrent Clear Claimed Marks
[28.058s][info   ][gc,marking  ] GC(1890) Concurrent Clear Claimed Marks 0.006ms
[28.058s][info   ][gc,marking  ] GC(1890) Concurrent Scan Root Regions
[28.058s][info   ][gc,marking  ] GC(1890) Concurrent Scan Root Regions 0.005ms
[28.058s][info   ][gc,marking  ] GC(1890) Concurrent Mark
[28.058s][info   ][gc,marking  ] GC(1890) Concurrent Mark From Roots
[28.058s][info   ][gc,task     ] GC(1890) Using 1 workers of 1 for marking
[28.066s][info   ][gc,marking  ] GC(1890) Concurrent Mark From Roots 8.848ms
[28.067s][info   ][gc,marking  ] GC(1890) Concurrent Preclean
[28.067s][info   ][gc,marking  ] GC(1890) Concurrent Preclean 0.090ms
[28.067s][info   ][gc,start    ] GC(1890) Pause Remark
[28.068s][info   ][gc          ] GC(1890) Pause Remark 1175M->1175M(2048M) 0.555ms
[28.068s][info   ][gc,cpu      ] GC(1890) User=0.00s Sys=0.00s Real=0.00s
[28.068s][info   ][gc,marking  ] GC(1890) Concurrent Mark 10.477ms
[28.068s][info   ][gc,marking  ] GC(1890) Concurrent Rebuild Remembered Sets
[28.087s][info   ][gc,marking  ] GC(1890) Concurrent Rebuild Remembered Sets 18.638ms
[28.096s][info   ][gc,start    ] GC(1890) Pause Cleanup
[28.096s][info   ][gc          ] GC(1890) Pause Cleanup 1623M->1623M(2048M) 0.329ms
[28.096s][info   ][gc,cpu      ] GC(1890) User=0.00s Sys=0.00s Real=0.00s
[28.098s][info   ][gc,marking  ] GC(1890) Concurrent Cleanup for Next Mark
[28.125s][info   ][gc,marking  ] GC(1890) Concurrent Cleanup for Next Mark 27.793ms
[28.126s][info   ][gc,start    ] GC(1891) Pause Young (Normal) (G1 Humongous Allocation)
[28.126s][info   ][gc,task     ] GC(1891) Using 4 workers of 4 for evacuation
[28.128s][info   ][gc,phases   ] GC(1891)   Pre Evacuate Collection Set: 0.4ms
[28.128s][info   ][gc,phases   ] GC(1891)   Merge Heap Roots: 0.4ms
[28.128s][info   ][gc,phases   ] GC(1891)   Evacuate Collection Set: 0.2ms
[28.128s][info   ][gc,phases   ] GC(1891)   Post Evacuate Collection Set: 1.1ms
[28.128s][info   ][gc,phases   ] GC(1891)   Other: 0.3ms
[28.128s][info   ][gc,heap     ] GC(1891) Eden regions: 0->0(806)
[28.128s][info   ][gc,heap     ] GC(1891) Survivor regions: 0->0(1)
[28.128s][info   ][gc,heap     ] GC(1891) Old regions: 1->1
[28.128s][info   ][gc,heap     ] GC(1891) Archive regions: 2->2
[28.128s][info   ][gc,heap     ] GC(1891) Humongous regions: 2044->980
[28.128s][info   ][gc,metaspace] GC(1891) Metaspace: 158K(384K)->158K(384K) NonClass: 150K(256K)->150K(256K) Class: 8K(128K)->8K(128K)
[28.128s][info   ][gc          ] GC(1891) Pause Young (Normal) (G1 Humongous Allocation) 2045M->981M(2048M) 2.371ms
[28.128s][info   ][gc,cpu      ] GC(1891) User=0.00s Sys=0.00s Real=0.01s
[28.128s][info   ][gc          ] GC(1890) Concurrent Mark Cycle 70.851ms
[28.129s][info   ][gc,start    ] GC(1892) Pause Young (Concurrent Start) (G1 Humongous Allocation)
[28.129s][info   ][gc,task     ] GC(1892) Using 4 workers of 4 for evacuation
[28.130s][info   ][gc,phases   ] GC(1892)   Pre Evacuate Collection Set: 0.2ms
[28.130s][info   ][gc,phases   ] GC(1892)   Merge Heap Roots: 0.2ms
[28.130s][info   ][gc,phases   ] GC(1892)   Evacuate Collection Set: 0.2ms
[28.130s][info   ][gc,phases   ] GC(1892)   Post Evacuate Collection Set: 0.4ms
[28.130s][info   ][gc,phases   ] GC(1892)   Other: 0.1ms
[28.130s][info   ][gc,heap     ] GC(1892) Eden regions: 0->0(817)
[28.130s][info   ][gc,heap     ] GC(1892) Survivor regions: 0->0(101)
[28.130s][info   ][gc,heap     ] GC(1892) Old regions: 1->1
[28.130s][info   ][gc,heap     ] GC(1892) Archive regions: 2->2
[28.130s][info   ][gc,heap     ] GC(1892) Humongous regions: 982->968
[28.130s][info   ][gc,metaspace] GC(1892) Metaspace: 158K(384K)->158K(384K) NonClass: 150K(256K)->150K(256K) Class: 8K(128K)->8K(128K)
[28.130s][info   ][gc          ] GC(1892) Pause Young (Concurrent Start) (G1 Humongous Allocation) 983M->969M(2048M) 1.283ms
[28.130s][info   ][gc,cpu      ] GC(1892) User=0.00s Sys=0.00s Real=0.00s
[28.130s][info   ][gc          ] GC(1893) Concurrent Mark Cycle
[28.130s][info   ][gc,marking  ] GC(1893) Concurrent Clear Claimed Marks
[28.130s][info   ][gc,marking  ] GC(1893) Concurrent Clear Claimed Marks 0.012ms
[28.130s][info   ][gc,marking  ] GC(1893) Concurrent Scan Root Regions
[28.130s][info   ][gc,marking  ] GC(1893) Concurrent Scan Root Regions 0.009ms
[28.130s][info   ][gc,marking  ] GC(1893) Concurrent Mark
[28.130s][info   ][gc,marking  ] GC(1893) Concurrent Mark From Roots
[28.130s][info   ][gc,task     ] GC(1893) Using 1 workers of 1 for marking
[28.137s][info   ][gc,marking  ] GC(1893) Concurrent Mark From Roots 7.135ms
[28.137s][info   ][gc,marking  ] GC(1893) Concurrent Preclean
[28.137s][info   ][gc,marking  ] GC(1893) Concurrent Preclean 0.088ms
[28.138s][info   ][gc,start    ] GC(1893) Pause Remark
[28.139s][info   ][gc          ] GC(1893) Pause Remark 1093M->1093M(2048M) 0.882ms
[28.139s][info   ][gc,cpu      ] GC(1893) User=0.00s Sys=0.00s Real=0.01s
[28.139s][info   ][gc,marking  ] GC(1893) Concurrent Mark 8.627ms
[28.139s][info   ][gc,marking  ] GC(1893) Concurrent Rebuild Remembered Sets
[28.152s][info   ][gc,marking  ] GC(1893) Concurrent Rebuild Remembered Sets 13.302ms
[28.153s][info   ][gc,start    ] GC(1893) Pause Cleanup
[28.153s][info   ][gc          ] GC(1893) Pause Cleanup 1285M->1285M(2048M) 0.329ms
[28.154s][info   ][gc,cpu      ] GC(1893) User=0.00s Sys=0.00s Real=0.00s
[28.154s][info   ][gc,marking  ] GC(1893) Concurrent Cleanup for Next Mark
[28.171s][info   ][gc,marking  ] GC(1893) Concurrent Cleanup for Next Mark 17.028ms
[28.171s][info   ][gc          ] GC(1893) Concurrent Mark Cycle 40.777ms
[28.172s][info   ][gc,start    ] GC(1894) Pause Young (Concurrent Start) (G1 Humongous Allocation)
[28.172s][info   ][gc,task     ] GC(1894) Using 4 workers of 4 for evacuation
[28.174s][info   ][gc,phases   ] GC(1894)   Pre Evacuate Collection Set: 0.3ms
[28.174s][info   ][gc,phases   ] GC(1894)   Merge Heap Roots: 0.3ms
[28.174s][info   ][gc,phases   ] GC(1894)   Evacuate Collection Set: 0.3ms
[28.174s][info   ][gc,phases   ] GC(1894)   Post Evacuate Collection Set: 0.7ms
[28.174s][info   ][gc,phases   ] GC(1894)   Other: 0.2ms
[28.174s][info   ][gc,heap     ] GC(1894) Eden regions: 0->0(762)
[28.174s][info   ][gc,heap     ] GC(1894) Survivor regions: 0->0(103)
[28.174s][info   ][gc,heap     ] GC(1894) Old regions: 1->1
[28.174s][info   ][gc,heap     ] GC(1894) Archive regions: 2->2
[28.174s][info   ][gc,heap     ] GC(1894) Humongous regions: 1474->1026
[28.174s][info   ][gc,metaspace] GC(1894) Metaspace: 158K(384K)->158K(384K) NonClass: 150K(256K)->150K(256K) Class: 8K(128K)->8K(128K)
[28.174s][info   ][gc          ] GC(1894) Pause Young (Concurrent Start) (G1 Humongous Allocation) 1475M->1027M(2048M) 1.958ms
[28.174s][info   ][gc,cpu      ] GC(1894) User=0.00s Sys=0.00s Real=0.00s
[28.174s][info   ][gc          ] GC(1895) Concurrent Mark Cycle
[28.174s][info   ][gc,marking  ] GC(1895) Concurrent Clear Claimed Marks
[28.174s][info   ][gc,marking  ] GC(1895) Concurrent Clear Claimed Marks 0.008ms
[28.174s][info   ][gc,marking  ] GC(1895) Concurrent Scan Root Regions
[28.174s][info   ][gc,marking  ] GC(1895) Concurrent Scan Root Regions 0.006ms
[28.174s][info   ][gc,marking  ] GC(1895) Concurrent Mark
[28.174s][info   ][gc,marking  ] GC(1895) Concurrent Mark From Roots
[28.174s][info   ][gc,task     ] GC(1895) Using 1 workers of 1 for marking
[28.189s][info   ][gc,marking  ] GC(1895) Concurrent Mark From Roots 14.948ms
[28.189s][info   ][gc,marking  ] GC(1895) Concurrent Preclean
[28.190s][info   ][gc,marking  ] GC(1895) Concurrent Preclean 0.253ms
[28.191s][info   ][gc,start    ] GC(1895) Pause Remark
[28.192s][info   ][gc          ] GC(1895) Pause Remark 1235M->1235M(2048M) 0.974ms
[28.192s][info   ][gc,cpu      ] GC(1895) User=0.01s Sys=0.00s Real=0.00s
[28.192s][info   ][gc,marking  ] GC(1895) Concurrent Mark 17.772ms
[28.192s][info   ][gc,marking  ] GC(1895) Concurrent Rebuild Remembered Sets
[28.203s][info   ][gc,marking  ] GC(1895) Concurrent Rebuild Remembered Sets 10.716ms
[28.205s][info   ][gc,start    ] GC(1895) Pause Cleanup
[28.205s][info   ][gc          ] GC(1895) Pause Cleanup 1399M->1399M(2048M) 0.402ms
[28.205s][info   ][gc,cpu      ] GC(1895) User=0.00s Sys=0.00s Real=0.00s
[28.205s][info   ][gc,marking  ] GC(1895) Concurrent Cleanup for Next Mark
[28.242s][info   ][gc,marking  ] GC(1895) Concurrent Cleanup for Next Mark 36.515ms
[28.242s][info   ][gc          ] GC(1895) Concurrent Mark Cycle 67.686ms
[28.243s][info   ][gc,start    ] GC(1896) Pause Young (Concurrent Start) (G1 Humongous Allocation)
[28.243s][info   ][gc,task     ] GC(1896) Using 4 workers of 4 for evacuation
[28.245s][info   ][gc,phases   ] GC(1896)   Pre Evacuate Collection Set: 0.2ms
[28.245s][info   ][gc,phases   ] GC(1896)   Merge Heap Roots: 0.3ms
[28.245s][info   ][gc,phases   ] GC(1896)   Evacuate Collection Set: 0.2ms
[28.245s][info   ][gc,phases   ] GC(1896)   Post Evacuate Collection Set: 0.8ms
[28.245s][info   ][gc,phases   ] GC(1896)   Other: 0.2ms
[28.245s][info   ][gc,heap     ] GC(1896) Eden regions: 0->0(747)
[28.245s][info   ][gc,heap     ] GC(1896) Survivor regions: 0->0(96)
[28.245s][info   ][gc,heap     ] GC(1896) Old regions: 1->1
[28.245s][info   ][gc,heap     ] GC(1896) Archive regions: 2->2
[28.245s][info   ][gc,heap     ] GC(1896) Humongous regions: 1866->1042
[28.245s][info   ][gc,metaspace] GC(1896) Metaspace: 158K(384K)->158K(384K) NonClass: 150K(256K)->150K(256K) Class: 8K(128K)->8K(128K)
[28.245s][info   ][gc          ] GC(1896) Pause Young (Concurrent Start) (G1 Humongous Allocation) 1867M->1043M(2048M) 1.809ms
[28.245s][info   ][gc,cpu      ] GC(1896) User=0.01s Sys=0.00s Real=0.00s
[28.245s][info   ][gc          ] GC(1897) Concurrent Mark Cycle
[28.245s][info   ][gc,marking  ] GC(1897) Concurrent Clear Claimed Marks
[28.245s][info   ][gc,marking  ] GC(1897) Concurrent Clear Claimed Marks 0.012ms
[28.245s][info   ][gc,marking  ] GC(1897) Concurrent Scan Root Regions
[28.245s][info   ][gc,marking  ] GC(1897) Concurrent Scan Root Regions 0.009ms
[28.245s][info   ][gc,marking  ] GC(1897) Concurrent Mark
[28.245s][info   ][gc,marking  ] GC(1897) Concurrent Mark From Roots
[28.245s][info   ][gc,task     ] GC(1897) Using 1 workers of 1 for marking
[28.257s][info   ][gc,marking  ] GC(1897) Concurrent Mark From Roots 11.884ms
[28.257s][info   ][gc,marking  ] GC(1897) Concurrent Preclean
[28.258s][info   ][gc,marking  ] GC(1897) Concurrent Preclean 0.094ms
[28.258s][info   ][gc,start    ] GC(1897) Pause Remark
[28.259s][info   ][gc          ] GC(1897) Pause Remark 1227M->1227M(2048M) 0.705ms
[28.259s][info   ][gc,cpu      ] GC(1897) User=0.00s Sys=0.00s Real=0.00s
[28.259s][info   ][gc,marking  ] GC(1897) Concurrent Mark 13.862ms
[28.259s][info   ][gc,marking  ] GC(1897) Concurrent Rebuild Remembered Sets
[28.271s][info   ][gc,marking  ] GC(1897) Concurrent Rebuild Remembered Sets 11.899ms
[28.272s][info   ][gc,start    ] GC(1897) Pause Cleanup
[28.272s][info   ][gc          ] GC(1897) Pause Cleanup 1401M->1401M(2048M) 0.239ms
[28.272s][info   ][gc,cpu      ] GC(1897) User=0.00s Sys=0.00s Real=0.00s
[28.272s][info   ][gc,marking  ] GC(1897) Concurrent Cleanup for Next Mark
[28.293s][info   ][gc,marking  ] GC(1897) Concurrent Cleanup for Next Mark 20.366ms
[28.293s][info   ][gc          ] GC(1897) Concurrent Mark Cycle 47.744ms
[28.294s][info   ][gc,start    ] GC(1898) Pause Young (Concurrent Start) (G1 Humongous Allocation)
[28.294s][info   ][gc,task     ] GC(1898) Using 4 workers of 4 for evacuation
[28.296s][info   ][gc,phases   ] GC(1898)   Pre Evacuate Collection Set: 0.3ms
[28.296s][info   ][gc,phases   ] GC(1898)   Merge Heap Roots: 0.3ms
[28.296s][info   ][gc,phases   ] GC(1898)   Evacuate Collection Set: 0.6ms
[28.296s][info   ][gc,phases   ] GC(1898)   Post Evacuate Collection Set: 1.1ms
[28.296s][info   ][gc,phases   ] GC(1898)   Other: 0.2ms
[28.296s][info   ][gc,heap     ] GC(1898) Eden regions: 0->0(717)
[28.296s][info   ][gc,heap     ] GC(1898) Survivor regions: 0->0(94)
[28.296s][info   ][gc,heap     ] GC(1898) Old regions: 1->1
[28.296s][info   ][gc,heap     ] GC(1898) Archive regions: 2->2
[28.296s][info   ][gc,heap     ] GC(1898) Humongous regions: 1666->1074
[28.296s][info   ][gc,metaspace] GC(1898) Metaspace: 158K(384K)->158K(384K) NonClass: 150K(256K)->150K(256K) Class: 8K(128K)->8K(128K)
[28.296s][info   ][gc          ] GC(1898) Pause Young (Concurrent Start) (G1 Humongous Allocation) 1667M->1075M(2048M) 2.481ms
[28.296s][info   ][gc,cpu      ] GC(1898) User=0.00s Sys=0.00s Real=0.00s
[28.297s][info   ][gc          ] GC(1899) Concurrent Mark Cycle
[28.297s][info   ][gc,marking  ] GC(1899) Concurrent Clear Claimed Marks
[28.297s][info   ][gc,marking  ] GC(1899) Concurrent Clear Claimed Marks 0.009ms
[28.297s][info   ][gc,marking  ] GC(1899) Concurrent Scan Root Regions
[28.297s][info   ][gc,marking  ] GC(1899) Concurrent Scan Root Regions 0.006ms
[28.297s][info   ][gc,marking  ] GC(1899) Concurrent Mark
[28.297s][info   ][gc,marking  ] GC(1899) Concurrent Mark From Roots
[28.297s][info   ][gc,task     ] GC(1899) Using 1 workers of 1 for marking
[28.305s][info   ][gc,marking  ] GC(1899) Concurrent Mark From Roots 8.052ms
[28.305s][info   ][gc,marking  ] GC(1899) Concurrent Preclean
[28.305s][info   ][gc,marking  ] GC(1899) Concurrent Preclean 0.125ms
[28.306s][info   ][gc,start    ] GC(1899) Pause Remark
[28.306s][info   ][gc          ] GC(1899) Pause Remark 1193M->1193M(2048M) 0.545ms
[28.306s][info   ][gc,cpu      ] GC(1899) User=0.00s Sys=0.01s Real=0.00s
[28.306s][info   ][gc,marking  ] GC(1899) Concurrent Mark 9.620ms
[28.306s][info   ][gc,marking  ] GC(1899) Concurrent Rebuild Remembered Sets
[28.328s][info   ][gc,marking  ] GC(1899) Concurrent Rebuild Remembered Sets 21.324ms
[28.329s][info   ][gc,start    ] GC(1899) Pause Cleanup
[28.330s][info   ][gc          ] GC(1899) Pause Cleanup 1531M->1531M(2048M) 0.858ms
[28.330s][info   ][gc,cpu      ] GC(1899) User=0.00s Sys=0.00s Real=0.00s
[28.330s][info   ][gc,marking  ] GC(1899) Concurrent Cleanup for Next Mark
[28.349s][info   ][gc,marking  ] GC(1899) Concurrent Cleanup for Next Mark 19.387ms
[28.349s][info   ][gc          ] GC(1899) Concurrent Mark Cycle 52.801ms
[28.350s][info   ][gc,start    ] GC(1900) Pause Young (Concurrent Start) (G1 Humongous Allocation)
[28.350s][info   ][gc,task     ] GC(1900) Using 4 workers of 4 for evacuation
[28.352s][info   ][gc,phases   ] GC(1900)   Pre Evacuate Collection Set: 0.2ms
[28.352s][info   ][gc,phases   ] GC(1900)   Merge Heap Roots: 0.3ms
[28.352s][info   ][gc,phases   ] GC(1900)   Evacuate Collection Set: 0.3ms
[28.352s][info   ][gc,phases   ] GC(1900)   Post Evacuate Collection Set: 0.8ms
[28.352s][info   ][gc,phases   ] GC(1900)   Other: 0.2ms
[28.352s][info   ][gc,heap     ] GC(1900) Eden regions: 0->0(693)
[28.352s][info   ][gc,heap     ] GC(1900) Survivor regions: 0->0(90)
[28.352s][info   ][gc,heap     ] GC(1900) Old regions: 1->1
[28.352s][info   ][gc,heap     ] GC(1900) Archive regions: 2->2
[28.352s][info   ][gc,heap     ] GC(1900) Humongous regions: 1772->1100
[28.352s][info   ][gc,metaspace] GC(1900) Metaspace: 158K(384K)->158K(384K) NonClass: 150K(256K)->150K(256K) Class: 8K(128K)->8K(128K)
[28.352s][info   ][gc          ] GC(1900) Pause Young (Concurrent Start) (G1 Humongous Allocation) 1773M->1101M(2048M) 1.847ms
[28.352s][info   ][gc,cpu      ] GC(1900) User=0.00s Sys=0.00s Real=0.00s
[28.352s][info   ][gc          ] GC(1901) Concurrent Mark Cycle
[28.352s][info   ][gc,marking  ] GC(1901) Concurrent Clear Claimed Marks
[28.352s][info   ][gc,marking  ] GC(1901) Concurrent Clear Claimed Marks 0.047ms
[28.352s][info   ][gc,marking  ] GC(1901) Concurrent Scan Root Regions
[28.352s][info   ][gc,marking  ] GC(1901) Concurrent Scan Root Regions 0.006ms
[28.352s][info   ][gc,marking  ] GC(1901) Concurrent Mark
[28.352s][info   ][gc,marking  ] GC(1901) Concurrent Mark From Roots
[28.352s][info   ][gc,task     ] GC(1901) Using 1 workers of 1 for marking
[28.369s][info   ][gc,marking  ] GC(1901) Concurrent Mark From Roots 17.104ms
[28.369s][info   ][gc,marking  ] GC(1901) Concurrent Preclean
[28.369s][info   ][gc,marking  ] GC(1901) Concurrent Preclean 0.120ms
[28.370s][info   ][gc,start    ] GC(1901) Pause Remark
[28.371s][info   ][gc          ] GC(1901) Pause Remark 1303M->1303M(2048M) 0.723ms
[28.371s][info   ][gc,cpu      ] GC(1901) User=0.00s Sys=0.00s Real=0.00s
[28.371s][info   ][gc,marking  ] GC(1901) Concurrent Mark 19.027ms
[28.371s][info   ][gc,marking  ] GC(1901) Concurrent Rebuild Remembered Sets
[28.388s][info   ][gc,marking  ] GC(1901) Concurrent Rebuild Remembered Sets 17.215ms
[28.390s][info   ][gc,start    ] GC(1901) Pause Cleanup
[28.390s][info   ][gc          ] GC(1901) Pause Cleanup 1563M->1563M(2048M) 0.304ms
[28.390s][info   ][gc,cpu      ] GC(1901) User=0.00s Sys=0.00s Real=0.00s
[28.390s][info   ][gc,marking  ] GC(1901) Concurrent Cleanup for Next Mark
[28.417s][info   ][gc,marking  ] GC(1901) Concurrent Cleanup for Next Mark 26.384ms
[28.417s][info   ][gc          ] GC(1901) Concurrent Mark Cycle 64.684ms
[28.418s][info   ][gc,start    ] GC(1902) Pause Young (Concurrent Start) (G1 Humongous Allocation)
[28.418s][info   ][gc,task     ] GC(1902) Using 4 workers of 4 for evacuation
[28.419s][info   ][gc,phases   ] GC(1902)   Pre Evacuate Collection Set: 0.2ms
[28.419s][info   ][gc,phases   ] GC(1902)   Merge Heap Roots: 0.3ms
[28.419s][info   ][gc,phases   ] GC(1902)   Evacuate Collection Set: 0.3ms
[28.419s][info   ][gc,phases   ] GC(1902)   Post Evacuate Collection Set: 0.8ms
[28.420s][info   ][gc,phases   ] GC(1902)   Other: 0.2ms
[28.420s][info   ][gc,heap     ] GC(1902) Eden regions: 0->0(626)
[28.420s][info   ][gc,heap     ] GC(1902) Survivor regions: 0->0(87)
[28.420s][info   ][gc,heap     ] GC(1902) Old regions: 1->1
[28.420s][info   ][gc,heap     ] GC(1902) Archive regions: 2->2
[28.420s][info   ][gc,heap     ] GC(1902) Humongous regions: 1906->1172
[28.420s][info   ][gc,metaspace] GC(1902) Metaspace: 158K(384K)->158K(384K) NonClass: 150K(256K)->150K(256K) Class: 8K(128K)->8K(128K)
[28.420s][info   ][gc          ] GC(1902) Pause Young (Concurrent Start) (G1 Humongous Allocation) 1907M->1173M(2048M) 1.855ms
[28.420s][info   ][gc,cpu      ] GC(1902) User=0.00s Sys=0.00s Real=0.01s
[28.420s][info   ][gc          ] GC(1903) Concurrent Mark Cycle
[28.420s][info   ][gc,marking  ] GC(1903) Concurrent Clear Claimed Marks
[28.420s][info   ][gc,marking  ] GC(1903) Concurrent Clear Claimed Marks 0.022ms
[28.420s][info   ][gc,marking  ] GC(1903) Concurrent Scan Root Regions
[28.420s][info   ][gc,marking  ] GC(1903) Concurrent Scan Root Regions 0.006ms
[28.420s][info   ][gc,marking  ] GC(1903) Concurrent Mark
[28.420s][info   ][gc,marking  ] GC(1903) Concurrent Mark From Roots
[28.420s][info   ][gc,task     ] GC(1903) Using 1 workers of 1 for marking
[28.426s][info   ][gc,marking  ] GC(1903) Concurrent Mark From Roots 5.899ms
[28.426s][info   ][gc,marking  ] GC(1903) Concurrent Preclean
[28.426s][info   ][gc,marking  ] GC(1903) Concurrent Preclean 0.095ms
[28.426s][info   ][gc,start    ] GC(1903) Pause Remark
[28.427s][info   ][gc          ] GC(1903) Pause Remark 1237M->1237M(2048M) 0.698ms
[28.427s][info   ][gc,cpu      ] GC(1903) User=0.00s Sys=0.00s Real=0.00s
[28.427s][info   ][gc,marking  ] GC(1903) Concurrent Mark 7.569ms
[28.427s][info   ][gc,marking  ] GC(1903) Concurrent Rebuild Remembered Sets
[28.446s][info   ][gc,marking  ] GC(1903) Concurrent Rebuild Remembered Sets 18.393ms
[28.447s][info   ][gc,start    ] GC(1903) Pause Cleanup
[28.447s][info   ][gc          ] GC(1903) Pause Cleanup 1535M->1535M(2048M) 0.294ms
[28.447s][info   ][gc,cpu      ] GC(1903) User=0.00s Sys=0.00s Real=0.00s
[28.447s][info   ][gc,marking  ] GC(1903) Concurrent Cleanup for Next Mark
[28.471s][info   ][gc,marking  ] GC(1903) Concurrent Cleanup for Next Mark 23.893ms
[28.471s][info   ][gc          ] GC(1903) Concurrent Mark Cycle 51.788ms
[28.472s][info   ][gc,start    ] GC(1904) Pause Young (Concurrent Start) (G1 Humongous Allocation)
[28.472s][info   ][gc,task     ] GC(1904) Using 4 workers of 4 for evacuation
[28.474s][info   ][gc,phases   ] GC(1904)   Pre Evacuate Collection Set: 0.3ms
[28.474s][info   ][gc,phases   ] GC(1904)   Merge Heap Roots: 0.3ms
[28.474s][info   ][gc,phases   ] GC(1904)   Evacuate Collection Set: 0.3ms
[28.474s][info   ][gc,phases   ] GC(1904)   Post Evacuate Collection Set: 0.7ms
[28.474s][info   ][gc,phases   ] GC(1904)   Other: 0.2ms
[28.474s][info   ][gc,heap     ] GC(1904) Eden regions: 0->0(714)
[28.474s][info   ][gc,heap     ] GC(1904) Survivor regions: 0->0(79)
[28.474s][info   ][gc,heap     ] GC(1904) Old regions: 1->1
[28.474s][info   ][gc,heap     ] GC(1904) Archive regions: 2->2
[28.474s][info   ][gc,heap     ] GC(1904) Humongous regions: 1846->1078
[28.474s][info   ][gc,metaspace] GC(1904) Metaspace: 158K(384K)->158K(384K) NonClass: 150K(256K)->150K(256K) Class: 8K(128K)->8K(128K)
[28.474s][info   ][gc          ] GC(1904) Pause Young (Concurrent Start) (G1 Humongous Allocation) 1847M->1079M(2048M) 1.761ms
[28.474s][info   ][gc,cpu      ] GC(1904) User=0.00s Sys=0.00s Real=0.00s
[28.474s][info   ][gc          ] GC(1905) Concurrent Mark Cycle
[28.474s][info   ][gc,marking  ] GC(1905) Concurrent Clear Claimed Marks
[28.474s][info   ][gc,marking  ] GC(1905) Concurrent Clear Claimed Marks 0.008ms
[28.474s][info   ][gc,marking  ] GC(1905) Concurrent Scan Root Regions
[28.474s][info   ][gc,marking  ] GC(1905) Concurrent Scan Root Regions 0.024ms
[28.474s][info   ][gc,marking  ] GC(1905) Concurrent Mark
[28.474s][info   ][gc,marking  ] GC(1905) Concurrent Mark From Roots
[28.474s][info   ][gc,task     ] GC(1905) Using 1 workers of 1 for marking
[28.487s][info   ][gc,marking  ] GC(1905) Concurrent Mark From Roots 12.418ms
[28.487s][info   ][gc,marking  ] GC(1905) Concurrent Preclean
[28.487s][info   ][gc,marking  ] GC(1905) Concurrent Preclean 0.093ms
[28.487s][info   ][gc,start    ] GC(1905) Pause Remark
[28.488s][info   ][gc          ] GC(1905) Pause Remark 1253M->1253M(2048M) 0.736ms
[28.488s][info   ][gc,cpu      ] GC(1905) User=0.00s Sys=0.00s Real=0.01s
[28.488s][info   ][gc,marking  ] GC(1905) Concurrent Mark 14.053ms
[28.488s][info   ][gc,marking  ] GC(1905) Concurrent Rebuild Remembered Sets
[28.502s][info   ][gc,marking  ] GC(1905) Concurrent Rebuild Remembered Sets 13.777ms
[28.503s][info   ][gc,start    ] GC(1905) Pause Cleanup
[28.503s][info   ][gc          ] GC(1905) Pause Cleanup 1481M->1481M(2048M) 0.319ms
[28.503s][info   ][gc,cpu      ] GC(1905) User=0.00s Sys=0.00s Real=0.00s
[28.503s][info   ][gc,marking  ] GC(1905) Concurrent Cleanup for Next Mark
[28.527s][info   ][gc,marking  ] GC(1905) Concurrent Cleanup for Next Mark 23.688ms
[28.527s][info   ][gc          ] GC(1905) Concurrent Mark Cycle 53.248ms
[28.528s][info   ][gc,start    ] GC(1906) Pause Young (Concurrent Start) (G1 Humongous Allocation)
[28.528s][info   ][gc,task     ] GC(1906) Using 4 workers of 4 for evacuation
[28.530s][info   ][gc,phases   ] GC(1906)   Pre Evacuate Collection Set: 0.4ms
[28.530s][info   ][gc,phases   ] GC(1906)   Merge Heap Roots: 0.4ms
[28.530s][info   ][gc,phases   ] GC(1906)   Evacuate Collection Set: 0.3ms
[28.530s][info   ][gc,phases   ] GC(1906)   Post Evacuate Collection Set: 0.8ms
[28.530s][info   ][gc,phases   ] GC(1906)   Other: 0.2ms
[28.530s][info   ][gc,heap     ] GC(1906) Eden regions: 0->0(706)
[28.530s][info   ][gc,heap     ] GC(1906) Survivor regions: 0->0(90)
[28.530s][info   ][gc,heap     ] GC(1906) Old regions: 1->1
[28.530s][info   ][gc,heap     ] GC(1906) Archive regions: 2->2
[28.530s][info   ][gc,heap     ] GC(1906) Humongous regions: 1812->1086
[28.530s][info   ][gc,metaspace] GC(1906) Metaspace: 158K(384K)->158K(384K) NonClass: 150K(256K)->150K(256K) Class: 8K(128K)->8K(128K)
[28.530s][info   ][gc          ] GC(1906) Pause Young (Concurrent Start) (G1 Humongous Allocation) 1813M->1087M(2048M) 2.084ms
[28.530s][info   ][gc,cpu      ] GC(1906) User=0.00s Sys=0.00s Real=0.00s
[28.530s][info   ][gc          ] GC(1907) Concurrent Mark Cycle
[28.531s][info   ][gc,marking  ] GC(1907) Concurrent Clear Claimed Marks
[28.531s][info   ][gc,marking  ] GC(1907) Concurrent Clear Claimed Marks 0.008ms
[28.531s][info   ][gc,marking  ] GC(1907) Concurrent Scan Root Regions
[28.531s][info   ][gc,marking  ] GC(1907) Concurrent Scan Root Regions 0.006ms
[28.531s][info   ][gc,marking  ] GC(1907) Concurrent Mark
[28.531s][info   ][gc,marking  ] GC(1907) Concurrent Mark From Roots
[28.531s][info   ][gc,task     ] GC(1907) Using 1 workers of 1 for marking
[28.547s][info   ][gc,marking  ] GC(1907) Concurrent Mark From Roots 16.525ms
[28.547s][info   ][gc,marking  ] GC(1907) Concurrent Preclean
[28.547s][info   ][gc,marking  ] GC(1907) Concurrent Preclean 0.096ms
[28.548s][info   ][gc,start    ] GC(1907) Pause Remark
[28.549s][info   ][gc          ] GC(1907) Pause Remark 1349M->1349M(2048M) 0.741ms
[28.549s][info   ][gc,cpu      ] GC(1907) User=0.00s Sys=0.00s Real=0.00s
[28.549s][info   ][gc,marking  ] GC(1907) Concurrent Mark 18.462ms
[28.549s][info   ][gc,marking  ] GC(1907) Concurrent Rebuild Remembered Sets
[28.569s][info   ][gc,marking  ] GC(1907) Concurrent Rebuild Remembered Sets 20.086ms
[28.573s][info   ][gc,start    ] GC(1907) Pause Cleanup
[28.573s][info   ][gc          ] GC(1907) Pause Cleanup 1723M->1723M(2048M) 0.266ms
[28.573s][info   ][gc,cpu      ] GC(1907) User=0.00s Sys=0.00s Real=0.00s
[28.573s][info   ][gc,marking  ] GC(1907) Concurrent Cleanup for Next Mark
[28.597s][info   ][gc,marking  ] GC(1907) Concurrent Cleanup for Next Mark 23.827ms
[28.598s][info   ][gc,start    ] GC(1908) Pause Young (Normal) (G1 Humongous Allocation)
[28.598s][info   ][gc,task     ] GC(1908) Using 4 workers of 4 for evacuation
[28.600s][info   ][gc,phases   ] GC(1908)   Pre Evacuate Collection Set: 0.2ms
[28.600s][info   ][gc,phases   ] GC(1908)   Merge Heap Roots: 0.3ms
[28.600s][info   ][gc,phases   ] GC(1908)   Evacuate Collection Set: 0.5ms
[28.600s][info   ][gc,phases   ] GC(1908)   Post Evacuate Collection Set: 0.8ms
[28.600s][info   ][gc,phases   ] GC(1908)   Other: 0.1ms
[28.600s][info   ][gc,heap     ] GC(1908) Eden regions: 0->0(712)
[28.600s][info   ][gc,heap     ] GC(1908) Survivor regions: 0->0(1)
[28.600s][info   ][gc,heap     ] GC(1908) Old regions: 1->1
[28.600s][info   ][gc,heap     ] GC(1908) Archive regions: 2->2
[28.600s][info   ][gc,heap     ] GC(1908) Humongous regions: 2044->1080
[28.600s][info   ][gc,metaspace] GC(1908) Metaspace: 158K(384K)->158K(384K) NonClass: 150K(256K)->150K(256K) Class: 8K(128K)->8K(128K)
[28.600s][info   ][gc          ] GC(1908) Pause Young (Normal) (G1 Humongous Allocation) 2045M->1081M(2048M) 1.970ms
[28.600s][info   ][gc,cpu      ] GC(1908) User=0.00s Sys=0.01s Real=0.01s
[28.600s][info   ][gc          ] GC(1907) Concurrent Mark Cycle 69.220ms
[28.600s][info   ][gc,start    ] GC(1909) Pause Young (Concurrent Start) (G1 Humongous Allocation)
[28.600s][info   ][gc,task     ] GC(1909) Using 4 workers of 4 for evacuation
[28.601s][info   ][gc,phases   ] GC(1909)   Pre Evacuate Collection Set: 0.1ms
[28.601s][info   ][gc,phases   ] GC(1909)   Merge Heap Roots: 0.1ms
[28.601s][info   ][gc,phases   ] GC(1909)   Evacuate Collection Set: 0.2ms
[28.601s][info   ][gc,phases   ] GC(1909)   Post Evacuate Collection Set: 0.3ms
[28.601s][info   ][gc,phases   ] GC(1909)   Other: 0.1ms
[28.601s][info   ][gc,heap     ] GC(1909) Eden regions: 0->0(717)
[28.601s][info   ][gc,heap     ] GC(1909) Survivor regions: 0->0(89)
[28.601s][info   ][gc,heap     ] GC(1909) Old regions: 1->1
[28.601s][info   ][gc,heap     ] GC(1909) Archive regions: 2->2
[28.601s][info   ][gc,heap     ] GC(1909) Humongous regions: 1088->1074
[28.601s][info   ][gc,metaspace] GC(1909) Metaspace: 158K(384K)->158K(384K) NonClass: 150K(256K)->150K(256K) Class: 8K(128K)->8K(128K)
[28.601s][info   ][gc          ] GC(1909) Pause Young (Concurrent Start) (G1 Humongous Allocation) 1089M->1075M(2048M) 0.866ms
[28.601s][info   ][gc,cpu      ] GC(1909) User=0.00s Sys=0.00s Real=0.00s
[28.601s][info   ][gc          ] GC(1910) Concurrent Mark Cycle
[28.601s][info   ][gc,marking  ] GC(1910) Concurrent Clear Claimed Marks
[28.601s][info   ][gc,marking  ] GC(1910) Concurrent Clear Claimed Marks 0.007ms
[28.601s][info   ][gc,marking  ] GC(1910) Concurrent Scan Root Regions
[28.601s][info   ][gc,marking  ] GC(1910) Concurrent Scan Root Regions 0.005ms
[28.601s][info   ][gc,marking  ] GC(1910) Concurrent Mark
[28.601s][info   ][gc,marking  ] GC(1910) Concurrent Mark From Roots
[28.601s][info   ][gc,task     ] GC(1910) Using 1 workers of 1 for marking
[28.609s][info   ][gc,marking  ] GC(1910) Concurrent Mark From Roots 7.587ms
[28.609s][info   ][gc,marking  ] GC(1910) Concurrent Preclean
[28.609s][info   ][gc,marking  ] GC(1910) Concurrent Preclean 0.501ms
[28.610s][info   ][gc,start    ] GC(1910) Pause Remark
[28.611s][info   ][gc          ] GC(1910) Pause Remark 1217M->1217M(2048M) 0.863ms
[28.611s][info   ][gc,cpu      ] GC(1910) User=0.00s Sys=0.00s Real=0.00s
[28.611s][info   ][gc,marking  ] GC(1910) Concurrent Mark 9.735ms
[28.611s][info   ][gc,marking  ] GC(1910) Concurrent Rebuild Remembered Sets
[28.630s][info   ][gc,marking  ] GC(1910) Concurrent Rebuild Remembered Sets 18.821ms
[28.631s][info   ][gc,start    ] GC(1910) Pause Cleanup
[28.631s][info   ][gc          ] GC(1910) Pause Cleanup 1521M->1521M(2048M) 0.285ms
[28.631s][info   ][gc,cpu      ] GC(1910) User=0.00s Sys=0.00s Real=0.00s
[28.631s][info   ][gc,marking  ] GC(1910) Concurrent Cleanup for Next Mark
[28.654s][info   ][gc,marking  ] GC(1910) Concurrent Cleanup for Next Mark 22.271ms
[28.654s][info   ][gc          ] GC(1910) Concurrent Mark Cycle 52.930ms
[28.654s][info   ][gc,start    ] GC(1911) Pause Young (Concurrent Start) (G1 Humongous Allocation)
[28.654s][info   ][gc,task     ] GC(1911) Using 4 workers of 4 for evacuation
[28.656s][info   ][gc,phases   ] GC(1911)   Pre Evacuate Collection Set: 0.2ms
[28.656s][info   ][gc,phases   ] GC(1911)   Merge Heap Roots: 0.2ms
[28.656s][info   ][gc,phases   ] GC(1911)   Evacuate Collection Set: 0.3ms
[28.656s][info   ][gc,phases   ] GC(1911)   Post Evacuate Collection Set: 0.7ms
[28.656s][info   ][gc,phases   ] GC(1911)   Other: 0.2ms
[28.656s][info   ][gc,heap     ] GC(1911) Eden regions: 0->0(736)
[28.656s][info   ][gc,heap     ] GC(1911) Survivor regions: 0->0(90)
[28.656s][info   ][gc,heap     ] GC(1911) Old regions: 1->1
[28.656s][info   ][gc,heap     ] GC(1911) Archive regions: 2->2
[28.656s][info   ][gc,heap     ] GC(1911) Humongous regions: 1834->1054
[28.656s][info   ][gc,metaspace] GC(1911) Metaspace: 158K(384K)->158K(384K) NonClass: 150K(256K)->150K(256K) Class: 8K(128K)->8K(128K)
[28.656s][info   ][gc          ] GC(1911) Pause Young (Concurrent Start) (G1 Humongous Allocation) 1835M->1055M(2048M) 1.656ms
[28.656s][info   ][gc,cpu      ] GC(1911) User=0.00s Sys=0.00s Real=0.00s
[28.656s][info   ][gc          ] GC(1912) Concurrent Mark Cycle
[28.656s][info   ][gc,marking  ] GC(1912) Concurrent Clear Claimed Marks
[28.656s][info   ][gc,marking  ] GC(1912) Concurrent Clear Claimed Marks 0.007ms
[28.656s][info   ][gc,marking  ] GC(1912) Concurrent Scan Root Regions
[28.656s][info   ][gc,marking  ] GC(1912) Concurrent Scan Root Regions 0.006ms
[28.656s][info   ][gc,marking  ] GC(1912) Concurrent Mark
[28.656s][info   ][gc,marking  ] GC(1912) Concurrent Mark From Roots
[28.656s][info   ][gc,task     ] GC(1912) Using 1 workers of 1 for marking
[28.667s][info   ][gc,marking  ] GC(1912) Concurrent Mark From Roots 10.537ms
[28.667s][info   ][gc,marking  ] GC(1912) Concurrent Preclean
[28.667s][info   ][gc,marking  ] GC(1912) Concurrent Preclean 0.110ms
[28.667s][info   ][gc,start    ] GC(1912) Pause Remark
[28.668s][info   ][gc          ] GC(1912) Pause Remark 1209M->1209M(2048M) 0.571ms
[28.668s][info   ][gc,cpu      ] GC(1912) User=0.00s Sys=0.00s Real=0.00s
[28.668s][info   ][gc,marking  ] GC(1912) Concurrent Mark 11.816ms
[28.668s][info   ][gc,marking  ] GC(1912) Concurrent Rebuild Remembered Sets
[28.674s][info   ][gc,marking  ] GC(1912) Concurrent Rebuild Remembered Sets 6.445ms
[28.675s][info   ][gc,start    ] GC(1912) Pause Cleanup
[28.675s][info   ][gc          ] GC(1912) Pause Cleanup 1317M->1317M(2048M) 0.262ms
[28.675s][info   ][gc,cpu      ] GC(1912) User=0.00s Sys=0.00s Real=0.00s
[28.675s][info   ][gc,marking  ] GC(1912) Concurrent Cleanup for Next Mark
[28.690s][info   ][gc,marking  ] GC(1912) Concurrent Cleanup for Next Mark 14.436ms
[28.690s][info   ][gc          ] GC(1912) Concurrent Mark Cycle 33.844ms
[28.691s][info   ][gc,start    ] GC(1913) Pause Young (Concurrent Start) (G1 Humongous Allocation)
[28.691s][info   ][gc,task     ] GC(1913) Using 4 workers of 4 for evacuation
[28.692s][info   ][gc,phases   ] GC(1913)   Pre Evacuate Collection Set: 0.2ms
[28.692s][info   ][gc,phases   ] GC(1913)   Merge Heap Roots: 0.2ms
[28.692s][info   ][gc,phases   ] GC(1913)   Evacuate Collection Set: 0.2ms
[28.692s][info   ][gc,phases   ] GC(1913)   Post Evacuate Collection Set: 0.6ms
[28.692s][info   ][gc,phases   ] GC(1913)   Other: 0.1ms
[28.692s][info   ][gc,heap     ] GC(1913) Eden regions: 0->0(777)
[28.692s][info   ][gc,heap     ] GC(1913) Survivor regions: 0->0(92)
[28.692s][info   ][gc,heap     ] GC(1913) Old regions: 1->1
[28.692s][info   ][gc,heap     ] GC(1913) Archive regions: 2->2
[28.692s][info   ][gc,heap     ] GC(1913) Humongous regions: 1486->1010
[28.692s][info   ][gc,metaspace] GC(1913) Metaspace: 158K(384K)->158K(384K) NonClass: 150K(256K)->150K(256K) Class: 8K(128K)->8K(128K)
[28.692s][info   ][gc          ] GC(1913) Pause Young (Concurrent Start) (G1 Humongous Allocation) 1487M->1011M(2048M) 1.430ms
[28.692s][info   ][gc,cpu      ] GC(1913) User=0.00s Sys=0.00s Real=0.00s
[28.692s][info   ][gc          ] GC(1914) Concurrent Mark Cycle
[28.692s][info   ][gc,marking  ] GC(1914) Concurrent Clear Claimed Marks
[28.692s][info   ][gc,marking  ] GC(1914) Concurrent Clear Claimed Marks 0.009ms
[28.692s][info   ][gc,marking  ] GC(1914) Concurrent Scan Root Regions
[28.692s][info   ][gc,marking  ] GC(1914) Concurrent Scan Root Regions 0.007ms
[28.692s][info   ][gc,marking  ] GC(1914) Concurrent Mark
[28.692s][info   ][gc,marking  ] GC(1914) Concurrent Mark From Roots
[28.692s][info   ][gc,task     ] GC(1914) Using 1 workers of 1 for marking
[28.699s][info   ][gc,marking  ] GC(1914) Concurrent Mark From Roots 7.240ms
[28.699s][info   ][gc,marking  ] GC(1914) Concurrent Preclean
[28.700s][info   ][gc,marking  ] GC(1914) Concurrent Preclean 0.079ms
[28.700s][info   ][gc,start    ] GC(1914) Pause Remark
[28.701s][info   ][gc          ] GC(1914) Pause Remark 1135M->1135M(2048M) 0.592ms
[28.701s][info   ][gc,cpu      ] GC(1914) User=0.00s Sys=0.00s Real=0.00s
[28.701s][info   ][gc,marking  ] GC(1914) Concurrent Mark 8.718ms
[28.701s][info   ][gc,marking  ] GC(1914) Concurrent Rebuild Remembered Sets
[28.710s][info   ][gc,marking  ] GC(1914) Concurrent Rebuild Remembered Sets 9.237ms
[28.711s][info   ][gc,start    ] GC(1914) Pause Cleanup
[28.711s][info   ][gc          ] GC(1914) Pause Cleanup 1285M->1285M(2048M) 0.254ms
[28.711s][info   ][gc,cpu      ] GC(1914) User=0.00s Sys=0.00s Real=0.00s
[28.711s][info   ][gc,marking  ] GC(1914) Concurrent Cleanup for Next Mark
[28.728s][info   ][gc,marking  ] GC(1914) Concurrent Cleanup for Next Mark 16.568ms
[28.728s][info   ][gc          ] GC(1914) Concurrent Mark Cycle 36.181ms
[28.729s][info   ][gc,start    ] GC(1915) Pause Young (Concurrent Start) (G1 Humongous Allocation)
[28.729s][info   ][gc,task     ] GC(1915) Using 4 workers of 4 for evacuation
[28.731s][info   ][gc,phases   ] GC(1915)   Pre Evacuate Collection Set: 0.3ms
[28.731s][info   ][gc,phases   ] GC(1915)   Merge Heap Roots: 0.3ms
[28.731s][info   ][gc,phases   ] GC(1915)   Evacuate Collection Set: 0.6ms
[28.731s][info   ][gc,phases   ] GC(1915)   Post Evacuate Collection Set: 0.6ms
[28.731s][info   ][gc,phases   ] GC(1915)   Other: 0.2ms
[28.731s][info   ][gc,heap     ] GC(1915) Eden regions: 0->0(749)
[28.731s][info   ][gc,heap     ] GC(1915) Survivor regions: 0->0(98)
[28.731s][info   ][gc,heap     ] GC(1915) Old regions: 1->1
[28.731s][info   ][gc,heap     ] GC(1915) Archive regions: 2->2
[28.731s][info   ][gc,heap     ] GC(1915) Humongous regions: 1486->1040
[28.731s][info   ][gc,metaspace] GC(1915) Metaspace: 158K(384K)->158K(384K) NonClass: 150K(256K)->150K(256K) Class: 8K(128K)->8K(128K)
[28.731s][info   ][gc          ] GC(1915) Pause Young (Concurrent Start) (G1 Humongous Allocation) 1487M->1041M(2048M) 2.028ms
[28.731s][info   ][gc,cpu      ] GC(1915) User=0.00s Sys=0.00s Real=0.00s
[28.731s][info   ][gc          ] GC(1916) Concurrent Mark Cycle
[28.731s][info   ][gc,marking  ] GC(1916) Concurrent Clear Claimed Marks
[28.731s][info   ][gc,marking  ] GC(1916) Concurrent Clear Claimed Marks 0.007ms
[28.731s][info   ][gc,marking  ] GC(1916) Concurrent Scan Root Regions
[28.731s][info   ][gc,marking  ] GC(1916) Concurrent Scan Root Regions 0.006ms
[28.731s][info   ][gc,marking  ] GC(1916) Concurrent Mark
[28.731s][info   ][gc,marking  ] GC(1916) Concurrent Mark From Roots
[28.731s][info   ][gc,task     ] GC(1916) Using 1 workers of 1 for marking
[28.738s][info   ][gc,marking  ] GC(1916) Concurrent Mark From Roots 6.910ms
[28.738s][info   ][gc,marking  ] GC(1916) Concurrent Preclean
[28.738s][info   ][gc,marking  ] GC(1916) Concurrent Preclean 0.088ms
[28.739s][info   ][gc,start    ] GC(1916) Pause Remark
[28.740s][info   ][gc          ] GC(1916) Pause Remark 1139M->1139M(2048M) 0.567ms
[28.740s][info   ][gc,cpu      ] GC(1916) User=0.00s Sys=0.00s Real=0.00s
[28.740s][info   ][gc,marking  ] GC(1916) Concurrent Mark 8.776ms
[28.740s][info   ][gc,marking  ] GC(1916) Concurrent Rebuild Remembered Sets
[28.745s][info   ][gc,marking  ] GC(1916) Concurrent Rebuild Remembered Sets 5.294ms
[28.745s][info   ][gc,start    ] GC(1916) Pause Cleanup
[28.745s][info   ][gc          ] GC(1916) Pause Cleanup 1227M->1227M(2048M) 0.231ms
[28.746s][info   ][gc,cpu      ] GC(1916) User=0.00s Sys=0.00s Real=0.00s
[28.746s][info   ][gc,marking  ] GC(1916) Concurrent Cleanup for Next Mark
[28.756s][info   ][gc,marking  ] GC(1916) Concurrent Cleanup for Next Mark 10.021ms
[28.756s][info   ][gc          ] GC(1916) Concurrent Mark Cycle 24.901ms
[28.757s][info   ][gc,start    ] GC(1917) Pause Young (Concurrent Start) (G1 Humongous Allocation)
[28.757s][info   ][gc,task     ] GC(1917) Using 4 workers of 4 for evacuation
[28.758s][info   ][gc,phases   ] GC(1917)   Pre Evacuate Collection Set: 0.2ms
[28.758s][info   ][gc,phases   ] GC(1917)   Merge Heap Roots: 0.2ms
[28.758s][info   ][gc,phases   ] GC(1917)   Evacuate Collection Set: 0.2ms
[28.758s][info   ][gc,phases   ] GC(1917)   Post Evacuate Collection Set: 0.5ms
[28.758s][info   ][gc,phases   ] GC(1917)   Other: 0.2ms
[28.758s][info   ][gc,heap     ] GC(1917) Eden regions: 0->0(731)
[28.758s][info   ][gc,heap     ] GC(1917) Survivor regions: 0->0(94)
[28.758s][info   ][gc,heap     ] GC(1917) Old regions: 1->1
[28.758s][info   ][gc,heap     ] GC(1917) Archive regions: 2->2
[28.758s][info   ][gc,heap     ] GC(1917) Humongous regions: 1336->1060
[28.758s][info   ][gc,metaspace] GC(1917) Metaspace: 158K(384K)->158K(384K) NonClass: 150K(256K)->150K(256K) Class: 8K(128K)->8K(128K)
[28.758s][info   ][gc          ] GC(1917) Pause Young (Concurrent Start) (G1 Humongous Allocation) 1337M->1061M(2048M) 1.368ms
[28.758s][info   ][gc,cpu      ] GC(1917) User=0.00s Sys=0.00s Real=0.01s
[28.758s][info   ][gc          ] GC(1918) Concurrent Mark Cycle
[28.758s][info   ][gc,marking  ] GC(1918) Concurrent Clear Claimed Marks
[28.758s][info   ][gc,marking  ] GC(1918) Concurrent Clear Claimed Marks 0.007ms
[28.758s][info   ][gc,marking  ] GC(1918) Concurrent Scan Root Regions
[28.758s][info   ][gc,marking  ] GC(1918) Concurrent Scan Root Regions 0.006ms
[28.758s][info   ][gc,marking  ] GC(1918) Concurrent Mark
[28.758s][info   ][gc,marking  ] GC(1918) Concurrent Mark From Roots
[28.758s][info   ][gc,task     ] GC(1918) Using 1 workers of 1 for marking
[28.765s][info   ][gc,marking  ] GC(1918) Concurrent Mark From Roots 6.952ms
[28.766s][info   ][gc,marking  ] GC(1918) Concurrent Preclean
[28.766s][info   ][gc,marking  ] GC(1918) Concurrent Preclean 0.085ms
[28.766s][info   ][gc,start    ] GC(1918) Pause Remark
[28.767s][info   ][gc          ] GC(1918) Pause Remark 1171M->1171M(2048M) 0.574ms
[28.767s][info   ][gc,cpu      ] GC(1918) User=0.00s Sys=0.00s Real=0.00s
[28.767s][info   ][gc,marking  ] GC(1918) Concurrent Mark 8.703ms
[28.767s][info   ][gc,marking  ] GC(1918) Concurrent Rebuild Remembered Sets
[28.773s][info   ][gc,marking  ] GC(1918) Concurrent Rebuild Remembered Sets 6.142ms
[28.775s][info   ][gc,start    ] GC(1918) Pause Cleanup
[28.775s][info   ][gc          ] GC(1918) Pause Cleanup 1293M->1293M(2048M) 0.177ms
[28.775s][info   ][gc,cpu      ] GC(1918) User=0.00s Sys=0.00s Real=0.00s
[28.775s][info   ][gc,marking  ] GC(1918) Concurrent Cleanup for Next Mark
[28.790s][info   ][gc,marking  ] GC(1918) Concurrent Cleanup for Next Mark 14.628ms
[28.790s][info   ][gc          ] GC(1918) Concurrent Mark Cycle 31.561ms
[28.791s][info   ][gc,start    ] GC(1919) Pause Young (Concurrent Start) (G1 Humongous Allocation)
[28.791s][info   ][gc,task     ] GC(1919) Using 4 workers of 4 for evacuation
[28.792s][info   ][gc,phases   ] GC(1919)   Pre Evacuate Collection Set: 0.3ms
[28.792s][info   ][gc,phases   ] GC(1919)   Merge Heap Roots: 0.2ms
[28.792s][info   ][gc,phases   ] GC(1919)   Evacuate Collection Set: 0.2ms
[28.792s][info   ][gc,phases   ] GC(1919)   Post Evacuate Collection Set: 0.5ms
[28.792s][info   ][gc,phases   ] GC(1919)   Other: 0.1ms
[28.792s][info   ][gc,heap     ] GC(1919) Eden regions: 0->0(704)
[28.792s][info   ][gc,heap     ] GC(1919) Survivor regions: 0->0(92)
[28.792s][info   ][gc,heap     ] GC(1919) Old regions: 1->1
[28.792s][info   ][gc,heap     ] GC(1919) Archive regions: 2->2
[28.792s][info   ][gc,heap     ] GC(1919) Humongous regions: 1470->1088
[28.792s][info   ][gc,metaspace] GC(1919) Metaspace: 158K(384K)->158K(384K) NonClass: 150K(256K)->150K(256K) Class: 8K(128K)->8K(128K)
[28.792s][info   ][gc          ] GC(1919) Pause Young (Concurrent Start) (G1 Humongous Allocation) 1471M->1089M(2048M) 1.494ms
[28.792s][info   ][gc,cpu      ] GC(1919) User=0.01s Sys=0.00s Real=0.00s
[28.792s][info   ][gc          ] GC(1920) Concurrent Mark Cycle
[28.792s][info   ][gc,marking  ] GC(1920) Concurrent Clear Claimed Marks
[28.792s][info   ][gc,marking  ] GC(1920) Concurrent Clear Claimed Marks 0.007ms
[28.792s][info   ][gc,marking  ] GC(1920) Concurrent Scan Root Regions
[28.792s][info   ][gc,marking  ] GC(1920) Concurrent Scan Root Regions 0.006ms
[28.792s][info   ][gc,marking  ] GC(1920) Concurrent Mark
[28.792s][info   ][gc,marking  ] GC(1920) Concurrent Mark From Roots
[28.792s][info   ][gc,task     ] GC(1920) Using 1 workers of 1 for marking
[28.800s][info   ][gc,marking  ] GC(1920) Concurrent Mark From Roots 7.566ms
[28.800s][info   ][gc,marking  ] GC(1920) Concurrent Preclean
[28.800s][info   ][gc,marking  ] GC(1920) Concurrent Preclean 0.207ms
[28.800s][info   ][gc,start    ] GC(1920) Pause Remark
[28.801s][info   ][gc          ] GC(1920) Pause Remark 1213M->1213M(2048M) 0.612ms
[28.801s][info   ][gc,cpu      ] GC(1920) User=0.00s Sys=0.00s Real=0.00s
[28.801s][info   ][gc,marking  ] GC(1920) Concurrent Mark 8.978ms
[28.801s][info   ][gc,marking  ] GC(1920) Concurrent Rebuild Remembered Sets
[28.808s][info   ][gc,marking  ] GC(1920) Concurrent Rebuild Remembered Sets 6.401ms
[28.808s][info   ][gc,start    ] GC(1920) Pause Cleanup
[28.809s][info   ][gc          ] GC(1920) Pause Cleanup 1333M->1333M(2048M) 0.285ms
[28.809s][info   ][gc,cpu      ] GC(1920) User=0.00s Sys=0.00s Real=0.00s
[28.809s][info   ][gc,marking  ] GC(1920) Concurrent Cleanup for Next Mark
[28.823s][info   ][gc,marking  ] GC(1920) Concurrent Cleanup for Next Mark 13.829ms
[28.823s][info   ][gc          ] GC(1920) Concurrent Mark Cycle 30.623ms
[28.824s][info   ][gc,start    ] GC(1921) Pause Young (Concurrent Start) (G1 Humongous Allocation)
[28.824s][info   ][gc,task     ] GC(1921) Using 4 workers of 4 for evacuation
[28.825s][info   ][gc,phases   ] GC(1921)   Pre Evacuate Collection Set: 0.2ms
[28.825s][info   ][gc,phases   ] GC(1921)   Merge Heap Roots: 0.2ms
[28.825s][info   ][gc,phases   ] GC(1921)   Evacuate Collection Set: 0.3ms
[28.825s][info   ][gc,phases   ] GC(1921)   Post Evacuate Collection Set: 0.5ms
[28.825s][info   ][gc,phases   ] GC(1921)   Other: 0.2ms
[28.825s][info   ][gc,heap     ] GC(1921) Eden regions: 0->0(682)
[28.825s][info   ][gc,heap     ] GC(1921) Survivor regions: 0->0(88)
[28.825s][info   ][gc,heap     ] GC(1921) Old regions: 1->1
[28.825s][info   ][gc,heap     ] GC(1921) Archive regions: 2->2
[28.825s][info   ][gc,heap     ] GC(1921) Humongous regions: 1508->1112
[28.825s][info   ][gc,metaspace] GC(1921) Metaspace: 158K(384K)->158K(384K) NonClass: 150K(256K)->150K(256K) Class: 8K(128K)->8K(128K)
[28.825s][info   ][gc          ] GC(1921) Pause Young (Concurrent Start) (G1 Humongous Allocation) 1509M->1113M(2048M) 1.462ms
[28.825s][info   ][gc,cpu      ] GC(1921) User=0.00s Sys=0.00s Real=0.00s
[28.825s][info   ][gc          ] GC(1922) Concurrent Mark Cycle
[28.825s][info   ][gc,marking  ] GC(1922) Concurrent Clear Claimed Marks
[28.825s][info   ][gc,marking  ] GC(1922) Concurrent Clear Claimed Marks 0.007ms
[28.825s][info   ][gc,marking  ] GC(1922) Concurrent Scan Root Regions
[28.825s][info   ][gc,marking  ] GC(1922) Concurrent Scan Root Regions 0.007ms
[28.825s][info   ][gc,marking  ] GC(1922) Concurrent Mark
[28.825s][info   ][gc,marking  ] GC(1922) Concurrent Mark From Roots
[28.825s][info   ][gc,task     ] GC(1922) Using 1 workers of 1 for marking
[28.832s][info   ][gc,marking  ] GC(1922) Concurrent Mark From Roots 6.841ms
[28.832s][info   ][gc,marking  ] GC(1922) Concurrent Preclean
[28.832s][info   ][gc,marking  ] GC(1922) Concurrent Preclean 0.084ms
[28.833s][info   ][gc,start    ] GC(1922) Pause Remark
[28.833s][info   ][gc          ] GC(1922) Pause Remark 1209M->1209M(2048M) 0.624ms
[28.834s][info   ][gc,cpu      ] GC(1922) User=0.00s Sys=0.00s Real=0.00s
[28.834s][info   ][gc,marking  ] GC(1922) Concurrent Mark 8.548ms
[28.834s][info   ][gc,marking  ] GC(1922) Concurrent Rebuild Remembered Sets
[28.841s][info   ][gc,marking  ] GC(1922) Concurrent Rebuild Remembered Sets 6.879ms
[28.841s][info   ][gc,start    ] GC(1922) Pause Cleanup
[28.842s][info   ][gc          ] GC(1922) Pause Cleanup 1339M->1339M(2048M) 0.202ms
[28.842s][info   ][gc,cpu      ] GC(1922) User=0.00s Sys=0.00s Real=0.00s
[28.842s][info   ][gc,marking  ] GC(1922) Concurrent Cleanup for Next Mark
[28.856s][info   ][gc,marking  ] GC(1922) Concurrent Cleanup for Next Mark 14.616ms
[28.856s][info   ][gc          ] GC(1922) Concurrent Mark Cycle 31.446ms
[28.857s][info   ][gc,start    ] GC(1923) Pause Young (Concurrent Start) (G1 Humongous Allocation)
[28.857s][info   ][gc,task     ] GC(1923) Using 4 workers of 4 for evacuation
[28.858s][info   ][gc,phases   ] GC(1923)   Pre Evacuate Collection Set: 0.2ms
[28.858s][info   ][gc,phases   ] GC(1923)   Merge Heap Roots: 0.2ms
[28.859s][info   ][gc,phases   ] GC(1923)   Evacuate Collection Set: 0.2ms
[28.859s][info   ][gc,phases   ] GC(1923)   Post Evacuate Collection Set: 0.5ms
[28.859s][info   ][gc,phases   ] GC(1923)   Other: 0.2ms
[28.859s][info   ][gc,heap     ] GC(1923) Eden regions: 0->0(689)
[28.859s][info   ][gc,heap     ] GC(1923) Survivor regions: 0->0(86)
[28.859s][info   ][gc,heap     ] GC(1923) Old regions: 1->1
[28.859s][info   ][gc,heap     ] GC(1923) Archive regions: 2->2
[28.859s][info   ][gc,heap     ] GC(1923) Humongous regions: 1520->1104
[28.859s][info   ][gc,metaspace] GC(1923) Metaspace: 158K(384K)->158K(384K) NonClass: 150K(256K)->150K(256K) Class: 8K(128K)->8K(128K)
[28.859s][info   ][gc          ] GC(1923) Pause Young (Concurrent Start) (G1 Humongous Allocation) 1521M->1105M(2048M) 1.393ms
[28.859s][info   ][gc,cpu      ] GC(1923) User=0.00s Sys=0.00s Real=0.01s
[28.859s][info   ][gc          ] GC(1924) Concurrent Mark Cycle
[28.859s][info   ][gc,marking  ] GC(1924) Concurrent Clear Claimed Marks
[28.859s][info   ][gc,marking  ] GC(1924) Concurrent Clear Claimed Marks 0.006ms
[28.859s][info   ][gc,marking  ] GC(1924) Concurrent Scan Root Regions
[28.859s][info   ][gc,marking  ] GC(1924) Concurrent Scan Root Regions 0.005ms
[28.859s][info   ][gc,marking  ] GC(1924) Concurrent Mark
[28.859s][info   ][gc,marking  ] GC(1924) Concurrent Mark From Roots
[28.859s][info   ][gc,task     ] GC(1924) Using 1 workers of 1 for marking
[28.866s][info   ][gc,marking  ] GC(1924) Concurrent Mark From Roots 7.452ms
[28.866s][info   ][gc,marking  ] GC(1924) Concurrent Preclean
[28.866s][info   ][gc,marking  ] GC(1924) Concurrent Preclean 0.080ms
[28.872s][info   ][gc,start    ] GC(1924) Pause Remark
[28.873s][info   ][gc          ] GC(1924) Pause Remark 1273M->1273M(2048M) 0.994ms
[28.873s][info   ][gc,cpu      ] GC(1924) User=0.01s Sys=0.00s Real=0.00s
[28.873s][info   ][gc,marking  ] GC(1924) Concurrent Mark 14.539ms
[28.873s][info   ][gc,marking  ] GC(1924) Concurrent Rebuild Remembered Sets
[28.892s][info   ][gc,marking  ] GC(1924) Concurrent Rebuild Remembered Sets 18.866ms
[28.893s][info   ][gc,start    ] GC(1924) Pause Cleanup
[28.893s][info   ][gc          ] GC(1924) Pause Cleanup 1587M->1587M(2048M) 0.274ms
[28.893s][info   ][gc,cpu      ] GC(1924) User=0.00s Sys=0.00s Real=0.00s
[28.893s][info   ][gc,marking  ] GC(1924) Concurrent Cleanup for Next Mark
[28.911s][info   ][gc,marking  ] GC(1924) Concurrent Cleanup for Next Mark 17.672ms
[28.911s][info   ][gc          ] GC(1924) Concurrent Mark Cycle 52.654ms
[28.912s][info   ][gc,start    ] GC(1925) Pause Young (Concurrent Start) (G1 Humongous Allocation)
[28.912s][info   ][gc,task     ] GC(1925) Using 4 workers of 4 for evacuation
[28.913s][info   ][gc,phases   ] GC(1925)   Pre Evacuate Collection Set: 0.2ms
[28.913s][info   ][gc,phases   ] GC(1925)   Merge Heap Roots: 0.3ms
[28.913s][info   ][gc,phases   ] GC(1925)   Evacuate Collection Set: 0.3ms
[28.913s][info   ][gc,phases   ] GC(1925)   Post Evacuate Collection Set: 0.8ms
[28.913s][info   ][gc,phases   ] GC(1925)   Other: 0.2ms
[28.913s][info   ][gc,heap     ] GC(1925) Eden regions: 0->0(755)
[28.913s][info   ][gc,heap     ] GC(1925) Survivor regions: 0->0(87)
[28.913s][info   ][gc,heap     ] GC(1925) Old regions: 1->1
[28.913s][info   ][gc,heap     ] GC(1925) Archive regions: 2->2
[28.913s][info   ][gc,heap     ] GC(1925) Humongous regions: 1814->1034
[28.913s][info   ][gc,metaspace] GC(1925) Metaspace: 158K(384K)->158K(384K) NonClass: 150K(256K)->150K(256K) Class: 8K(128K)->8K(128K)
[28.913s][info   ][gc          ] GC(1925) Pause Young (Concurrent Start) (G1 Humongous Allocation) 1815M->1035M(2048M) 1.820ms
[28.913s][info   ][gc,cpu      ] GC(1925) User=0.00s Sys=0.00s Real=0.00s
[28.913s][info   ][gc          ] GC(1926) Concurrent Mark Cycle
[28.913s][info   ][gc,marking  ] GC(1926) Concurrent Clear Claimed Marks
[28.913s][info   ][gc,marking  ] GC(1926) Concurrent Clear Claimed Marks 0.008ms
[28.913s][info   ][gc,marking  ] GC(1926) Concurrent Scan Root Regions
[28.913s][info   ][gc,marking  ] GC(1926) Concurrent Scan Root Regions 0.007ms
[28.914s][info   ][gc,marking  ] GC(1926) Concurrent Mark
[28.914s][info   ][gc,marking  ] GC(1926) Concurrent Mark From Roots
[28.914s][info   ][gc,task     ] GC(1926) Using 1 workers of 1 for marking
[28.921s][info   ][gc,marking  ] GC(1926) Concurrent Mark From Roots 7.547ms
[28.921s][info   ][gc,marking  ] GC(1926) Concurrent Preclean
[28.921s][info   ][gc,marking  ] GC(1926) Concurrent Preclean 0.074ms
[28.922s][info   ][gc,start    ] GC(1926) Pause Remark
[28.923s][info   ][gc          ] GC(1926) Pause Remark 1167M->1167M(2048M) 0.811ms
[28.923s][info   ][gc,cpu      ] GC(1926) User=0.00s Sys=0.00s Real=0.00s
[28.923s][info   ][gc,marking  ] GC(1926) Concurrent Mark 9.568ms
[28.923s][info   ][gc,marking  ] GC(1926) Concurrent Rebuild Remembered Sets
[28.938s][info   ][gc,marking  ] GC(1926) Concurrent Rebuild Remembered Sets 15.335ms
[28.940s][info   ][gc,start    ] GC(1926) Pause Cleanup
[28.940s][info   ][gc          ] GC(1926) Pause Cleanup 1419M->1419M(2048M) 0.261ms
[28.940s][info   ][gc,cpu      ] GC(1926) User=0.00s Sys=0.00s Real=0.00s
[28.940s][info   ][gc,marking  ] GC(1926) Concurrent Cleanup for Next Mark
[28.961s][info   ][gc,marking  ] GC(1926) Concurrent Cleanup for Next Mark 20.826ms
[28.961s][info   ][gc          ] GC(1926) Concurrent Mark Cycle 47.711ms
[28.962s][info   ][gc,start    ] GC(1927) Pause Young (Concurrent Start) (G1 Humongous Allocation)
[28.962s][info   ][gc,task     ] GC(1927) Using 4 workers of 4 for evacuation
[28.964s][info   ][gc,phases   ] GC(1927)   Pre Evacuate Collection Set: 0.3ms
[28.964s][info   ][gc,phases   ] GC(1927)   Merge Heap Roots: 0.3ms
[28.964s][info   ][gc,phases   ] GC(1927)   Evacuate Collection Set: 0.3ms
[28.964s][info   ][gc,phases   ] GC(1927)   Post Evacuate Collection Set: 0.8ms
[28.964s][info   ][gc,phases   ] GC(1927)   Other: 0.2ms
[28.964s][info   ][gc,heap     ] GC(1927) Eden regions: 0->0(731)
[28.964s][info   ][gc,heap     ] GC(1927) Survivor regions: 0->0(95)
[28.964s][info   ][gc,heap     ] GC(1927) Old regions: 1->1
[28.964s][info   ][gc,heap     ] GC(1927) Archive regions: 2->2
[28.964s][info   ][gc,heap     ] GC(1927) Humongous regions: 1702->1060
[28.964s][info   ][gc,metaspace] GC(1927) Metaspace: 158K(384K)->158K(384K) NonClass: 150K(256K)->150K(256K) Class: 8K(128K)->8K(128K)
[28.964s][info   ][gc          ] GC(1927) Pause Young (Concurrent Start) (G1 Humongous Allocation) 1703M->1061M(2048M) 1.814ms
[28.964s][info   ][gc,cpu      ] GC(1927) User=0.00s Sys=0.00s Real=0.00s
[28.964s][info   ][gc          ] GC(1928) Concurrent Mark Cycle
[28.964s][info   ][gc,marking  ] GC(1928) Concurrent Clear Claimed Marks
[28.964s][info   ][gc,marking  ] GC(1928) Concurrent Clear Claimed Marks 0.008ms
[28.964s][info   ][gc,marking  ] GC(1928) Concurrent Scan Root Regions
[28.964s][info   ][gc,marking  ] GC(1928) Concurrent Scan Root Regions 0.006ms
[28.964s][info   ][gc,marking  ] GC(1928) Concurrent Mark
[28.964s][info   ][gc,marking  ] GC(1928) Concurrent Mark From Roots
[28.964s][info   ][gc,task     ] GC(1928) Using 1 workers of 1 for marking
[28.984s][info   ][gc,marking  ] GC(1928) Concurrent Mark From Roots 19.352ms
[28.984s][info   ][gc,marking  ] GC(1928) Concurrent Preclean
[28.984s][info   ][gc,marking  ] GC(1928) Concurrent Preclean 0.093ms
[28.985s][info   ][gc,start    ] GC(1928) Pause Remark
[28.986s][info   ][gc          ] GC(1928) Pause Remark 1395M->1395M(2048M) 0.861ms
[28.986s][info   ][gc,cpu      ] GC(1928) User=0.00s Sys=0.00s Real=0.00s
[28.986s][info   ][gc,marking  ] GC(1928) Concurrent Mark 21.477ms
[28.986s][info   ][gc,marking  ] GC(1928) Concurrent Rebuild Remembered Sets
[29.002s][info   ][gc,marking  ] GC(1928) Concurrent Rebuild Remembered Sets 16.620ms
[29.006s][info   ][gc,start    ] GC(1928) Pause Cleanup
[29.006s][info   ][gc          ] GC(1928) Pause Cleanup 1713M->1713M(2048M) 0.265ms
[29.006s][info   ][gc,cpu      ] GC(1928) User=0.00s Sys=0.00s Real=0.00s
[29.006s][info   ][gc,marking  ] GC(1928) Concurrent Cleanup for Next Mark
[29.028s][info   ][gc,marking  ] GC(1928) Concurrent Cleanup for Next Mark 21.600ms
[29.028s][info   ][gc          ] GC(1928) Concurrent Mark Cycle 63.905ms
[29.028s][info   ][gc,start    ] GC(1929) Pause Young (Concurrent Start) (G1 Humongous Allocation)
[29.028s][info   ][gc,task     ] GC(1929) Using 4 workers of 4 for evacuation
[29.031s][info   ][gc,phases   ] GC(1929)   Pre Evacuate Collection Set: 0.4ms
[29.031s][info   ][gc,phases   ] GC(1929)   Merge Heap Roots: 0.4ms
[29.031s][info   ][gc,phases   ] GC(1929)   Evacuate Collection Set: 0.4ms
[29.031s][info   ][gc,phases   ] GC(1929)   Post Evacuate Collection Set: 1.0ms
[29.031s][info   ][gc,phases   ] GC(1929)   Other: 0.2ms
[29.031s][info   ][gc,heap     ] GC(1929) Eden regions: 0->0(770)
[29.031s][info   ][gc,heap     ] GC(1929) Survivor regions: 0->0(31)
[29.031s][info   ][gc,heap     ] GC(1929) Old regions: 1->1
[29.031s][info   ][gc,heap     ] GC(1929) Archive regions: 2->2
[29.031s][info   ][gc,heap     ] GC(1929) Humongous regions: 2014->1018
[29.031s][info   ][gc,metaspace] GC(1929) Metaspace: 158K(384K)->158K(384K) NonClass: 150K(256K)->150K(256K) Class: 8K(128K)->8K(128K)
[29.031s][info   ][gc          ] GC(1929) Pause Young (Concurrent Start) (G1 Humongous Allocation) 2015M->1019M(2048M) 2.363ms
[29.031s][info   ][gc,cpu      ] GC(1929) User=0.01s Sys=0.00s Real=0.01s
[29.031s][info   ][gc          ] GC(1930) Concurrent Mark Cycle
[29.031s][info   ][gc,marking  ] GC(1930) Concurrent Clear Claimed Marks
[29.031s][info   ][gc,marking  ] GC(1930) Concurrent Clear Claimed Marks 0.009ms
[29.031s][info   ][gc,marking  ] GC(1930) Concurrent Scan Root Regions
[29.031s][info   ][gc,marking  ] GC(1930) Concurrent Scan Root Regions 0.007ms
[29.031s][info   ][gc,marking  ] GC(1930) Concurrent Mark
[29.031s][info   ][gc,marking  ] GC(1930) Concurrent Mark From Roots
[29.031s][info   ][gc,task     ] GC(1930) Using 1 workers of 1 for marking
[29.040s][info   ][gc,marking  ] GC(1930) Concurrent Mark From Roots 9.293ms
[29.040s][info   ][gc,marking  ] GC(1930) Concurrent Preclean
[29.040s][info   ][gc,marking  ] GC(1930) Concurrent Preclean 0.095ms
[29.041s][info   ][gc,start    ] GC(1930) Pause Remark
[29.042s][info   ][gc          ] GC(1930) Pause Remark 1187M->1187M(2048M) 1.036ms
[29.042s][info   ][gc,cpu      ] GC(1930) User=0.01s Sys=0.00s Real=0.00s
[29.043s][info   ][gc,marking  ] GC(1930) Concurrent Mark 11.643ms
[29.043s][info   ][gc,marking  ] GC(1930) Concurrent Rebuild Remembered Sets
[29.056s][info   ][gc,marking  ] GC(1930) Concurrent Rebuild Remembered Sets 13.852ms
[29.058s][info   ][gc,start    ] GC(1930) Pause Cleanup
[29.058s][info   ][gc          ] GC(1930) Pause Cleanup 1419M->1419M(2048M) 0.404ms
[29.058s][info   ][gc,cpu      ] GC(1930) User=0.00s Sys=0.01s Real=0.01s
[29.058s][info   ][gc,marking  ] GC(1930) Concurrent Cleanup for Next Mark
[29.079s][info   ][gc,marking  ] GC(1930) Concurrent Cleanup for Next Mark 20.851ms
[29.080s][info   ][gc          ] GC(1930) Concurrent Mark Cycle 48.748ms
[29.080s][info   ][gc,start    ] GC(1931) Pause Young (Concurrent Start) (G1 Humongous Allocation)
[29.080s][info   ][gc,task     ] GC(1931) Using 4 workers of 4 for evacuation
[29.082s][info   ][gc,phases   ] GC(1931)   Pre Evacuate Collection Set: 0.4ms
[29.082s][info   ][gc,phases   ] GC(1931)   Merge Heap Roots: 0.3ms
[29.082s][info   ][gc,phases   ] GC(1931)   Evacuate Collection Set: 0.2ms
[29.082s][info   ][gc,phases   ] GC(1931)   Post Evacuate Collection Set: 0.7ms
[29.082s][info   ][gc,phases   ] GC(1931)   Other: 0.2ms
[29.082s][info   ][gc,heap     ] GC(1931) Eden regions: 0->0(759)
[29.082s][info   ][gc,heap     ] GC(1931) Survivor regions: 0->0(97)
[29.082s][info   ][gc,heap     ] GC(1931) Old regions: 1->1
[29.082s][info   ][gc,heap     ] GC(1931) Archive regions: 2->2
[29.082s][info   ][gc,heap     ] GC(1931) Humongous regions: 1674->1030
[29.082s][info   ][gc,metaspace] GC(1931) Metaspace: 158K(384K)->158K(384K) NonClass: 150K(256K)->150K(256K) Class: 8K(128K)->8K(128K)
[29.082s][info   ][gc          ] GC(1931) Pause Young (Concurrent Start) (G1 Humongous Allocation) 1675M->1031M(2048M) 1.869ms
[29.082s][info   ][gc,cpu      ] GC(1931) User=0.01s Sys=0.00s Real=0.00s
[29.082s][info   ][gc          ] GC(1932) Concurrent Mark Cycle
[29.082s][info   ][gc,marking  ] GC(1932) Concurrent Clear Claimed Marks
[29.082s][info   ][gc,marking  ] GC(1932) Concurrent Clear Claimed Marks 0.008ms
[29.082s][info   ][gc,marking  ] GC(1932) Concurrent Scan Root Regions
[29.082s][info   ][gc,marking  ] GC(1932) Concurrent Scan Root Regions 0.007ms
[29.082s][info   ][gc,marking  ] GC(1932) Concurrent Mark
[29.082s][info   ][gc,marking  ] GC(1932) Concurrent Mark From Roots
[29.082s][info   ][gc,task     ] GC(1932) Using 1 workers of 1 for marking
[29.091s][info   ][gc,marking  ] GC(1932) Concurrent Mark From Roots 8.333ms
[29.091s][info   ][gc,marking  ] GC(1932) Concurrent Preclean
[29.091s][info   ][gc,marking  ] GC(1932) Concurrent Preclean 0.106ms
[29.092s][info   ][gc,start    ] GC(1932) Pause Remark
[29.093s][info   ][gc          ] GC(1932) Pause Remark 1171M->1171M(2048M) 0.825ms
[29.093s][info   ][gc,cpu      ] GC(1932) User=0.01s Sys=0.00s Real=0.00s
[29.093s][info   ][gc,marking  ] GC(1932) Concurrent Mark 10.535ms
[29.093s][info   ][gc,marking  ] GC(1932) Concurrent Rebuild Remembered Sets
[29.104s][info   ][gc,marking  ] GC(1932) Concurrent Rebuild Remembered Sets 11.595ms
[29.105s][info   ][gc,start    ] GC(1932) Pause Cleanup
[29.105s][info   ][gc          ] GC(1932) Pause Cleanup 1343M->1343M(2048M) 0.245ms
[29.105s][info   ][gc,cpu      ] GC(1932) User=0.00s Sys=0.00s Real=0.00s
[29.105s][info   ][gc,marking  ] GC(1932) Concurrent Cleanup for Next Mark
[29.135s][info   ][gc,marking  ] GC(1932) Concurrent Cleanup for Next Mark 29.246ms
[29.135s][info   ][gc          ] GC(1932) Concurrent Mark Cycle 52.652ms
[29.135s][info   ][gc,start    ] GC(1933) Pause Young (Concurrent Start) (G1 Humongous Allocation)
[29.135s][info   ][gc,task     ] GC(1933) Using 4 workers of 4 for evacuation
[29.137s][info   ][gc,phases   ] GC(1933)   Pre Evacuate Collection Set: 0.5ms
[29.137s][info   ][gc,phases   ] GC(1933)   Merge Heap Roots: 0.3ms
[29.137s][info   ][gc,phases   ] GC(1933)   Evacuate Collection Set: 0.2ms
[29.137s][info   ][gc,phases   ] GC(1933)   Post Evacuate Collection Set: 0.9ms
[29.137s][info   ][gc,phases   ] GC(1933)   Other: 0.2ms
[29.137s][info   ][gc,heap     ] GC(1933) Eden regions: 0->0(742)
[29.137s][info   ][gc,heap     ] GC(1933) Survivor regions: 0->0(95)
[29.137s][info   ][gc,heap     ] GC(1933) Old regions: 1->1
[29.137s][info   ][gc,heap     ] GC(1933) Archive regions: 2->2
[29.137s][info   ][gc,heap     ] GC(1933) Humongous regions: 1720->1048
[29.137s][info   ][gc,metaspace] GC(1933) Metaspace: 158K(384K)->158K(384K) NonClass: 150K(256K)->150K(256K) Class: 8K(128K)->8K(128K)
[29.137s][info   ][gc          ] GC(1933) Pause Young (Concurrent Start) (G1 Humongous Allocation) 1721M->1049M(2048M) 2.197ms
[29.138s][info   ][gc,cpu      ] GC(1933) User=0.00s Sys=0.00s Real=0.00s
[29.138s][info   ][gc          ] GC(1934) Concurrent Mark Cycle
[29.138s][info   ][gc,marking  ] GC(1934) Concurrent Clear Claimed Marks
[29.138s][info   ][gc,marking  ] GC(1934) Concurrent Clear Claimed Marks 0.007ms
[29.138s][info   ][gc,marking  ] GC(1934) Concurrent Scan Root Regions
[29.138s][info   ][gc,marking  ] GC(1934) Concurrent Scan Root Regions 0.006ms
[29.138s][info   ][gc,marking  ] GC(1934) Concurrent Mark
[29.138s][info   ][gc,marking  ] GC(1934) Concurrent Mark From Roots
[29.138s][info   ][gc,task     ] GC(1934) Using 1 workers of 1 for marking
[29.146s][info   ][gc,marking  ] GC(1934) Concurrent Mark From Roots 8.617ms
[29.146s][info   ][gc,marking  ] GC(1934) Concurrent Preclean
[29.146s][info   ][gc,marking  ] GC(1934) Concurrent Preclean 0.125ms
[29.147s][info   ][gc,start    ] GC(1934) Pause Remark
[29.148s][info   ][gc          ] GC(1934) Pause Remark 1141M->1141M(2048M) 0.661ms
[29.148s][info   ][gc,cpu      ] GC(1934) User=0.00s Sys=0.00s Real=0.00s
[29.148s][info   ][gc,marking  ] GC(1934) Concurrent Mark 10.185ms
[29.148s][info   ][gc,marking  ] GC(1934) Concurrent Rebuild Remembered Sets
[29.162s][info   ][gc,marking  ] GC(1934) Concurrent Rebuild Remembered Sets 14.618ms
[29.163s][info   ][gc,start    ] GC(1934) Pause Cleanup
[29.163s][info   ][gc          ] GC(1934) Pause Cleanup 1345M->1345M(2048M) 0.332ms
[29.163s][info   ][gc,cpu      ] GC(1934) User=0.00s Sys=0.00s Real=0.00s
[29.164s][info   ][gc,marking  ] GC(1934) Concurrent Cleanup for Next Mark
[29.194s][info   ][gc,marking  ] GC(1934) Concurrent Cleanup for Next Mark 30.652ms
[29.194s][info   ][gc          ] GC(1934) Concurrent Mark Cycle 56.848ms
[29.195s][info   ][gc,start    ] GC(1935) Pause Young (Concurrent Start) (G1 Humongous Allocation)
[29.195s][info   ][gc,task     ] GC(1935) Using 4 workers of 4 for evacuation
[29.197s][info   ][gc,phases   ] GC(1935)   Pre Evacuate Collection Set: 0.4ms
[29.197s][info   ][gc,phases   ] GC(1935)   Merge Heap Roots: 0.4ms
[29.197s][info   ][gc,phases   ] GC(1935)   Evacuate Collection Set: 0.3ms
[29.197s][info   ][gc,phases   ] GC(1935)   Post Evacuate Collection Set: 0.9ms
[29.197s][info   ][gc,phases   ] GC(1935)   Other: 0.2ms
[29.197s][info   ][gc,heap     ] GC(1935) Eden regions: 0->0(772)
[29.197s][info   ][gc,heap     ] GC(1935) Survivor regions: 0->0(93)
[29.197s][info   ][gc,heap     ] GC(1935) Old regions: 1->1
[29.197s][info   ][gc,heap     ] GC(1935) Archive regions: 2->2
[29.197s][info   ][gc,heap     ] GC(1935) Humongous regions: 1752->1016
[29.197s][info   ][gc,metaspace] GC(1935) Metaspace: 158K(384K)->158K(384K) NonClass: 150K(256K)->150K(256K) Class: 8K(128K)->8K(128K)
[29.197s][info   ][gc          ] GC(1935) Pause Young (Concurrent Start) (G1 Humongous Allocation) 1753M->1017M(2048M) 2.250ms
[29.197s][info   ][gc,cpu      ] GC(1935) User=0.00s Sys=0.00s Real=0.00s
[29.197s][info   ][gc          ] GC(1936) Concurrent Mark Cycle
[29.197s][info   ][gc,marking  ] GC(1936) Concurrent Clear Claimed Marks
[29.197s][info   ][gc,marking  ] GC(1936) Concurrent Clear Claimed Marks 0.007ms
[29.197s][info   ][gc,marking  ] GC(1936) Concurrent Scan Root Regions
[29.197s][info   ][gc,marking  ] GC(1936) Concurrent Scan Root Regions 0.006ms
[29.197s][info   ][gc,marking  ] GC(1936) Concurrent Mark
[29.197s][info   ][gc,marking  ] GC(1936) Concurrent Mark From Roots
[29.197s][info   ][gc,task     ] GC(1936) Using 1 workers of 1 for marking
[29.213s][info   ][gc,marking  ] GC(1936) Concurrent Mark From Roots 15.685ms
[29.213s][info   ][gc,marking  ] GC(1936) Concurrent Preclean
[29.213s][info   ][gc,marking  ] GC(1936) Concurrent Preclean 0.114ms
[29.214s][info   ][gc,start    ] GC(1936) Pause Remark
[29.215s][info   ][gc          ] GC(1936) Pause Remark 1233M->1233M(2048M) 0.987ms
[29.215s][info   ][gc,cpu      ] GC(1936) User=0.00s Sys=0.00s Real=0.00s
[29.215s][info   ][gc,marking  ] GC(1936) Concurrent Mark 17.881ms
[29.215s][info   ][gc,marking  ] GC(1936) Concurrent Rebuild Remembered Sets
[29.223s][info   ][gc,marking  ] GC(1936) Concurrent Rebuild Remembered Sets 7.845ms
[29.224s][info   ][gc,start    ] GC(1936) Pause Cleanup
[29.224s][info   ][gc          ] GC(1936) Pause Cleanup 1377M->1377M(2048M) 0.260ms
[29.224s][info   ][gc,cpu      ] GC(1936) User=0.00s Sys=0.00s Real=0.00s
[29.224s][info   ][gc,marking  ] GC(1936) Concurrent Cleanup for Next Mark
[29.252s][info   ][gc,marking  ] GC(1936) Concurrent Cleanup for Next Mark 27.276ms
[29.252s][info   ][gc          ] GC(1936) Concurrent Mark Cycle 54.578ms
[29.253s][info   ][gc,start    ] GC(1937) Pause Young (Concurrent Start) (G1 Humongous Allocation)
[29.253s][info   ][gc,task     ] GC(1937) Using 4 workers of 4 for evacuation
[29.254s][info   ][gc,phases   ] GC(1937)   Pre Evacuate Collection Set: 0.3ms
[29.254s][info   ][gc,phases   ] GC(1937)   Merge Heap Roots: 0.3ms
[29.254s][info   ][gc,phases   ] GC(1937)   Evacuate Collection Set: 0.3ms
[29.254s][info   ][gc,phases   ] GC(1937)   Post Evacuate Collection Set: 0.7ms
[29.254s][info   ][gc,phases   ] GC(1937)   Other: 0.2ms
[29.254s][info   ][gc,heap     ] GC(1937) Eden regions: 0->0(759)
[29.254s][info   ][gc,heap     ] GC(1937) Survivor regions: 0->0(97)
[29.254s][info   ][gc,heap     ] GC(1937) Old regions: 1->1
[29.254s][info   ][gc,heap     ] GC(1937) Archive regions: 2->2
[29.254s][info   ][gc,heap     ] GC(1937) Humongous regions: 1740->1030
[29.254s][info   ][gc,metaspace] GC(1937) Metaspace: 158K(384K)->158K(384K) NonClass: 150K(256K)->150K(256K) Class: 8K(128K)->8K(128K)
[29.255s][info   ][gc          ] GC(1937) Pause Young (Concurrent Start) (G1 Humongous Allocation) 1741M->1031M(2048M) 1.799ms
[29.255s][info   ][gc,cpu      ] GC(1937) User=0.00s Sys=0.00s Real=0.00s
[29.255s][info   ][gc          ] GC(1938) Concurrent Mark Cycle
[29.255s][info   ][gc,marking  ] GC(1938) Concurrent Clear Claimed Marks
[29.255s][info   ][gc,marking  ] GC(1938) Concurrent Clear Claimed Marks 0.006ms
[29.255s][info   ][gc,marking  ] GC(1938) Concurrent Scan Root Regions
[29.255s][info   ][gc,marking  ] GC(1938) Concurrent Scan Root Regions 0.006ms
[29.255s][info   ][gc,marking  ] GC(1938) Concurrent Mark
[29.255s][info   ][gc,marking  ] GC(1938) Concurrent Mark From Roots
[29.255s][info   ][gc,task     ] GC(1938) Using 1 workers of 1 for marking
[29.270s][info   ][gc,marking  ] GC(1938) Concurrent Mark From Roots 15.779ms
[29.271s][info   ][gc,marking  ] GC(1938) Concurrent Preclean
[29.271s][info   ][gc,marking  ] GC(1938) Concurrent Preclean 0.095ms
[29.271s][info   ][gc,start    ] GC(1938) Pause Remark
[29.272s][info   ][gc          ] GC(1938) Pause Remark 1269M->1269M(2048M) 0.805ms
[29.272s][info   ][gc,cpu      ] GC(1938) User=0.00s Sys=0.00s Real=0.00s
[29.272s][info   ][gc,marking  ] GC(1938) Concurrent Mark 17.478ms
[29.272s][info   ][gc,marking  ] GC(1938) Concurrent Rebuild Remembered Sets
[29.280s][info   ][gc,marking  ] GC(1938) Concurrent Rebuild Remembered Sets 7.490ms
[29.281s][info   ][gc,start    ] GC(1938) Pause Cleanup
[29.281s][info   ][gc          ] GC(1938) Pause Cleanup 1401M->1401M(2048M) 0.317ms
[29.281s][info   ][gc,cpu      ] GC(1938) User=0.00s Sys=0.00s Real=0.00s
[29.281s][info   ][gc,marking  ] GC(1938) Concurrent Cleanup for Next Mark
[29.298s][info   ][gc,marking  ] GC(1938) Concurrent Cleanup for Next Mark 17.142ms
[29.299s][info   ][gc          ] GC(1938) Concurrent Mark Cycle 43.973ms
[29.299s][info   ][gc,start    ] GC(1939) Pause Young (Concurrent Start) (G1 Humongous Allocation)
[29.299s][info   ][gc,task     ] GC(1939) Using 4 workers of 4 for evacuation
[29.301s][info   ][gc,phases   ] GC(1939)   Pre Evacuate Collection Set: 0.2ms
[29.301s][info   ][gc,phases   ] GC(1939)   Merge Heap Roots: 0.2ms
[29.301s][info   ][gc,phases   ] GC(1939)   Evacuate Collection Set: 0.2ms
[29.301s][info   ][gc,phases   ] GC(1939)   Post Evacuate Collection Set: 0.7ms
[29.301s][info   ][gc,phases   ] GC(1939)   Other: 0.1ms
[29.301s][info   ][gc,heap     ] GC(1939) Eden regions: 0->0(712)
[29.301s][info   ][gc,heap     ] GC(1939) Survivor regions: 0->0(95)
[29.301s][info   ][gc,heap     ] GC(1939) Old regions: 1->1
[29.301s][info   ][gc,heap     ] GC(1939) Archive regions: 2->2
[29.301s][info   ][gc,heap     ] GC(1939) Humongous regions: 1622->1080
[29.301s][info   ][gc,metaspace] GC(1939) Metaspace: 158K(384K)->158K(384K) NonClass: 150K(256K)->150K(256K) Class: 8K(128K)->8K(128K)
[29.301s][info   ][gc          ] GC(1939) Pause Young (Concurrent Start) (G1 Humongous Allocation) 1623M->1081M(2048M) 1.565ms
[29.301s][info   ][gc,cpu      ] GC(1939) User=0.00s Sys=0.00s Real=0.00s
[29.302s][info   ][gc          ] GC(1940) Concurrent Mark Cycle
[29.302s][info   ][gc,marking  ] GC(1940) Concurrent Clear Claimed Marks
[29.302s][info   ][gc,marking  ] GC(1940) Concurrent Clear Claimed Marks 0.009ms
[29.302s][info   ][gc,marking  ] GC(1940) Concurrent Scan Root Regions
[29.302s][info   ][gc,marking  ] GC(1940) Concurrent Scan Root Regions 0.006ms
[29.302s][info   ][gc,marking  ] GC(1940) Concurrent Mark
[29.302s][info   ][gc,marking  ] GC(1940) Concurrent Mark From Roots
[29.302s][info   ][gc,task     ] GC(1940) Using 1 workers of 1 for marking
[29.315s][info   ][gc,marking  ] GC(1940) Concurrent Mark From Roots 12.384ms
[29.315s][info   ][gc,marking  ] GC(1940) Concurrent Preclean
[29.315s][info   ][gc,marking  ] GC(1940) Concurrent Preclean 0.116ms
[29.316s][info   ][gc,start    ] GC(1940) Pause Remark
[29.316s][info   ][gc          ] GC(1940) Pause Remark 1279M->1279M(2048M) 0.674ms
[29.316s][info   ][gc,cpu      ] GC(1940) User=0.00s Sys=0.00s Real=0.00s
[29.316s][info   ][gc,marking  ] GC(1940) Concurrent Mark 13.986ms
[29.316s][info   ][gc,marking  ] GC(1940) Concurrent Rebuild Remembered Sets
[29.334s][info   ][gc,marking  ] GC(1940) Concurrent Rebuild Remembered Sets 17.710ms
[29.335s][info   ][gc,start    ] GC(1940) Pause Cleanup
[29.335s][info   ][gc          ] GC(1940) Pause Cleanup 1575M->1575M(2048M) 0.250ms
[29.335s][info   ][gc,cpu      ] GC(1940) User=0.00s Sys=0.00s Real=0.00s
[29.335s][info   ][gc,marking  ] GC(1940) Concurrent Cleanup for Next Mark
[29.354s][info   ][gc,marking  ] GC(1940) Concurrent Cleanup for Next Mark 19.172ms
[29.354s][info   ][gc          ] GC(1940) Concurrent Mark Cycle 52.172ms
[29.355s][info   ][gc,start    ] GC(1941) Pause Young (Concurrent Start) (G1 Humongous Allocation)
[29.355s][info   ][gc,task     ] GC(1941) Using 4 workers of 4 for evacuation
[29.357s][info   ][gc,phases   ] GC(1941)   Pre Evacuate Collection Set: 0.2ms
[29.357s][info   ][gc,phases   ] GC(1941)   Merge Heap Roots: 0.2ms
[29.357s][info   ][gc,phases   ] GC(1941)   Evacuate Collection Set: 0.3ms
[29.357s][info   ][gc,phases   ] GC(1941)   Post Evacuate Collection Set: 1.1ms
[29.357s][info   ][gc,phases   ] GC(1941)   Other: 0.2ms
[29.357s][info   ][gc,heap     ] GC(1941) Eden regions: 0->0(639)
[29.357s][info   ][gc,heap     ] GC(1941) Survivor regions: 0->0(89)
[29.357s][info   ][gc,heap     ] GC(1941) Old regions: 1->1
[29.357s][info   ][gc,heap     ] GC(1941) Archive regions: 2->2
[29.357s][info   ][gc,heap     ] GC(1941) Humongous regions: 1822->1158
[29.357s][info   ][gc,metaspace] GC(1941) Metaspace: 158K(384K)->158K(384K) NonClass: 150K(256K)->150K(256K) Class: 8K(128K)->8K(128K)
[29.357s][info   ][gc          ] GC(1941) Pause Young (Concurrent Start) (G1 Humongous Allocation) 1823M->1159M(2048M) 2.024ms
[29.357s][info   ][gc,cpu      ] GC(1941) User=0.00s Sys=0.00s Real=0.00s
[29.357s][info   ][gc          ] GC(1942) Concurrent Mark Cycle
[29.357s][info   ][gc,marking  ] GC(1942) Concurrent Clear Claimed Marks
[29.357s][info   ][gc,marking  ] GC(1942) Concurrent Clear Claimed Marks 0.025ms
[29.357s][info   ][gc,marking  ] GC(1942) Concurrent Scan Root Regions
[29.357s][info   ][gc,marking  ] GC(1942) Concurrent Scan Root Regions 0.006ms
[29.357s][info   ][gc,marking  ] GC(1942) Concurrent Mark
[29.357s][info   ][gc,marking  ] GC(1942) Concurrent Mark From Roots
[29.357s][info   ][gc,task     ] GC(1942) Using 1 workers of 1 for marking
[29.365s][info   ][gc,marking  ] GC(1942) Concurrent Mark From Roots 7.216ms
[29.365s][info   ][gc,marking  ] GC(1942) Concurrent Preclean
[29.365s][info   ][gc,marking  ] GC(1942) Concurrent Preclean 0.231ms
[29.365s][info   ][gc,start    ] GC(1942) Pause Remark
[29.366s][info   ][gc          ] GC(1942) Pause Remark 1245M->1245M(2048M) 0.654ms
[29.366s][info   ][gc,cpu      ] GC(1942) User=0.00s Sys=0.00s Real=0.00s
[29.366s][info   ][gc,marking  ] GC(1942) Concurrent Mark 8.776ms
[29.366s][info   ][gc,marking  ] GC(1942) Concurrent Rebuild Remembered Sets
[29.384s][info   ][gc,marking  ] GC(1942) Concurrent Rebuild Remembered Sets 17.358ms
[29.385s][info   ][gc,start    ] GC(1942) Pause Cleanup
[29.385s][info   ][gc          ] GC(1942) Pause Cleanup 1529M->1529M(2048M) 0.260ms
[29.385s][info   ][gc,cpu      ] GC(1942) User=0.00s Sys=0.00s Real=0.00s
[29.385s][info   ][gc,marking  ] GC(1942) Concurrent Cleanup for Next Mark
[29.410s][info   ][gc,marking  ] GC(1942) Concurrent Cleanup for Next Mark 24.667ms
[29.410s][info   ][gc          ] GC(1942) Concurrent Mark Cycle 52.458ms
[29.411s][info   ][gc,start    ] GC(1943) Pause Young (Concurrent Start) (G1 Humongous Allocation)
[29.411s][info   ][gc,task     ] GC(1943) Using 4 workers of 4 for evacuation
[29.413s][info   ][gc,phases   ] GC(1943)   Pre Evacuate Collection Set: 0.2ms
[29.413s][info   ][gc,phases   ] GC(1943)   Merge Heap Roots: 0.2ms
[29.413s][info   ][gc,phases   ] GC(1943)   Evacuate Collection Set: 0.3ms
[29.413s][info   ][gc,phases   ] GC(1943)   Post Evacuate Collection Set: 1.1ms
[29.413s][info   ][gc,phases   ] GC(1943)   Other: 0.2ms
[29.413s][info   ][gc,heap     ] GC(1943) Eden regions: 0->0(526)
[29.413s][info   ][gc,heap     ] GC(1943) Survivor regions: 0->0(80)
[29.413s][info   ][gc,heap     ] GC(1943) Old regions: 1->1
[29.413s][info   ][gc,heap     ] GC(1943) Archive regions: 2->2
[29.413s][info   ][gc,heap     ] GC(1943) Humongous regions: 1852->1278
[29.413s][info   ][gc,metaspace] GC(1943) Metaspace: 158K(384K)->158K(384K) NonClass: 150K(256K)->150K(256K) Class: 8K(128K)->8K(128K)
[29.413s][info   ][gc          ] GC(1943) Pause Young (Concurrent Start) (G1 Humongous Allocation) 1853M->1279M(2048M) 2.032ms
[29.413s][info   ][gc,cpu      ] GC(1943) User=0.00s Sys=0.00s Real=0.00s
[29.413s][info   ][gc          ] GC(1944) Concurrent Mark Cycle
[29.413s][info   ][gc,marking  ] GC(1944) Concurrent Clear Claimed Marks
[29.413s][info   ][gc,marking  ] GC(1944) Concurrent Clear Claimed Marks 0.006ms
[29.413s][info   ][gc,marking  ] GC(1944) Concurrent Scan Root Regions
[29.413s][info   ][gc,marking  ] GC(1944) Concurrent Scan Root Regions 0.005ms
[29.413s][info   ][gc,marking  ] GC(1944) Concurrent Mark
[29.413s][info   ][gc,marking  ] GC(1944) Concurrent Mark From Roots
[29.413s][info   ][gc,task     ] GC(1944) Using 1 workers of 1 for marking
[29.419s][info   ][gc,marking  ] GC(1944) Concurrent Mark From Roots 6.371ms
[29.419s][info   ][gc,marking  ] GC(1944) Concurrent Preclean
[29.419s][info   ][gc,marking  ] GC(1944) Concurrent Preclean 0.090ms
[29.420s][info   ][gc,start    ] GC(1944) Pause Remark
[29.421s][info   ][gc          ] GC(1944) Pause Remark 1371M->1371M(2048M) 0.983ms
[29.421s][info   ][gc,cpu      ] GC(1944) User=0.00s Sys=0.00s Real=0.00s
[29.421s][info   ][gc,marking  ] GC(1944) Concurrent Mark 8.650ms
[29.421s][info   ][gc,marking  ] GC(1944) Concurrent Rebuild Remembered Sets
[29.430s][info   ][gc,marking  ] GC(1944) Concurrent Rebuild Remembered Sets 8.891ms
[29.431s][info   ][gc,start    ] GC(1944) Pause Cleanup
[29.431s][info   ][gc          ] GC(1944) Pause Cleanup 1519M->1519M(2048M) 0.263ms
[29.431s][info   ][gc,cpu      ] GC(1944) User=0.00s Sys=0.00s Real=0.00s
[29.431s][info   ][gc,marking  ] GC(1944) Concurrent Cleanup for Next Mark
[29.447s][info   ][gc,marking  ] GC(1944) Concurrent Cleanup for Next Mark 15.750ms
[29.448s][info   ][gc          ] GC(1944) Concurrent Mark Cycle 35.072ms
[29.449s][info   ][gc,start    ] GC(1945) Pause Young (Concurrent Start) (G1 Humongous Allocation)
[29.449s][info   ][gc,task     ] GC(1945) Using 4 workers of 4 for evacuation
[29.450s][info   ][gc,phases   ] GC(1945)   Pre Evacuate Collection Set: 0.3ms
[29.450s][info   ][gc,phases   ] GC(1945)   Merge Heap Roots: 0.2ms
[29.450s][info   ][gc,phases   ] GC(1945)   Evacuate Collection Set: 0.3ms
[29.450s][info   ][gc,phases   ] GC(1945)   Post Evacuate Collection Set: 0.6ms
[29.450s][info   ][gc,phases   ] GC(1945)   Other: 0.2ms
[29.450s][info   ][gc,heap     ] GC(1945) Eden regions: 0->0(459)
[29.450s][info   ][gc,heap     ] GC(1945) Survivor regions: 0->0(66)
[29.450s][info   ][gc,heap     ] GC(1945) Old regions: 1->1
[29.450s][info   ][gc,heap     ] GC(1945) Archive regions: 2->2
[29.450s][info   ][gc,heap     ] GC(1945) Humongous regions: 1712->1350
[29.450s][info   ][gc,metaspace] GC(1945) Metaspace: 158K(384K)->158K(384K) NonClass: 150K(256K)->150K(256K) Class: 8K(128K)->8K(128K)
[29.450s][info   ][gc          ] GC(1945) Pause Young (Concurrent Start) (G1 Humongous Allocation) 1713M->1351M(2048M) 1.687ms
[29.450s][info   ][gc,cpu      ] GC(1945) User=0.00s Sys=0.00s Real=0.00s
[29.450s][info   ][gc          ] GC(1946) Concurrent Mark Cycle
[29.450s][info   ][gc,marking  ] GC(1946) Concurrent Clear Claimed Marks
[29.450s][info   ][gc,marking  ] GC(1946) Concurrent Clear Claimed Marks 0.007ms
[29.450s][info   ][gc,marking  ] GC(1946) Concurrent Scan Root Regions
[29.450s][info   ][gc,marking  ] GC(1946) Concurrent Scan Root Regions 0.006ms
[29.450s][info   ][gc,marking  ] GC(1946) Concurrent Mark
[29.450s][info   ][gc,marking  ] GC(1946) Concurrent Mark From Roots
[29.450s][info   ][gc,task     ] GC(1946) Using 1 workers of 1 for marking
[29.469s][info   ][gc,marking  ] GC(1946) Concurrent Mark From Roots 18.926ms
[29.470s][info   ][gc,marking  ] GC(1946) Concurrent Preclean
[29.470s][info   ][gc,marking  ] GC(1946) Concurrent Preclean 0.118ms
[29.471s][info   ][gc,start    ] GC(1946) Pause Remark
[29.471s][info   ][gc          ] GC(1946) Pause Remark 1655M->1655M(2048M) 0.667ms
[29.471s][info   ][gc,cpu      ] GC(1946) User=0.00s Sys=0.00s Real=0.00s
[29.472s][info   ][gc,marking  ] GC(1946) Concurrent Mark 21.105ms
[29.472s][info   ][gc,marking  ] GC(1946) Concurrent Rebuild Remembered Sets
[29.481s][info   ][gc,marking  ] GC(1946) Concurrent Rebuild Remembered Sets 8.985ms
[29.481s][info   ][gc,start    ] GC(1946) Pause Cleanup
[29.482s][info   ][gc          ] GC(1946) Pause Cleanup 1803M->1803M(2048M) 0.293ms
[29.482s][info   ][gc,cpu      ] GC(1946) User=0.01s Sys=0.00s Real=0.00s
[29.482s][info   ][gc,marking  ] GC(1946) Concurrent Cleanup for Next Mark
[29.502s][info   ][gc,marking  ] GC(1946) Concurrent Cleanup for Next Mark 19.875ms
[29.502s][info   ][gc,start    ] GC(1947) Pause Young (Normal) (G1 Humongous Allocation)
[29.502s][info   ][gc,task     ] GC(1947) Using 4 workers of 4 for evacuation
[29.504s][info   ][gc,phases   ] GC(1947)   Pre Evacuate Collection Set: 0.3ms
[29.504s][info   ][gc,phases   ] GC(1947)   Merge Heap Roots: 0.3ms
[29.504s][info   ][gc,phases   ] GC(1947)   Evacuate Collection Set: 0.2ms
[29.504s][info   ][gc,phases   ] GC(1947)   Post Evacuate Collection Set: 0.9ms
[29.504s][info   ][gc,phases   ] GC(1947)   Other: 0.1ms
[29.504s][info   ][gc,heap     ] GC(1947) Eden regions: 0->0(464)
[29.504s][info   ][gc,heap     ] GC(1947) Survivor regions: 0->0(1)
[29.504s][info   ][gc,heap     ] GC(1947) Old regions: 1->1
[29.504s][info   ][gc,heap     ] GC(1947) Archive regions: 2->2
[29.504s][info   ][gc,heap     ] GC(1947) Humongous regions: 2044->1344
[29.504s][info   ][gc,metaspace] GC(1947) Metaspace: 158K(384K)->158K(384K) NonClass: 150K(256K)->150K(256K) Class: 8K(128K)->8K(128K)
[29.504s][info   ][gc          ] GC(1947) Pause Young (Normal) (G1 Humongous Allocation) 2045M->1345M(2048M) 1.899ms
[29.504s][info   ][gc,cpu      ] GC(1947) User=0.00s Sys=0.00s Real=0.00s
[29.504s][info   ][gc          ] GC(1946) Concurrent Mark Cycle 53.884ms
[29.505s][info   ][gc,start    ] GC(1948) Pause Young (Concurrent Start) (G1 Humongous Allocation)
[29.505s][info   ][gc,task     ] GC(1948) Using 4 workers of 4 for evacuation
[29.505s][info   ][gc,phases   ] GC(1948)   Pre Evacuate Collection Set: 0.2ms
[29.505s][info   ][gc,phases   ] GC(1948)   Merge Heap Roots: 0.1ms
[29.505s][info   ][gc,phases   ] GC(1948)   Evacuate Collection Set: 0.3ms
[29.505s][info   ][gc,phases   ] GC(1948)   Post Evacuate Collection Set: 0.3ms
[29.505s][info   ][gc,phases   ] GC(1948)   Other: 0.1ms
[29.505s][info   ][gc,heap     ] GC(1948) Eden regions: 0->0(476)
[29.505s][info   ][gc,heap     ] GC(1948) Survivor regions: 0->0(58)
[29.505s][info   ][gc,heap     ] GC(1948) Old regions: 1->1
[29.505s][info   ][gc,heap     ] GC(1948) Archive regions: 2->2
[29.505s][info   ][gc,heap     ] GC(1948) Humongous regions: 1346->1332
[29.505s][info   ][gc,metaspace] GC(1948) Metaspace: 158K(384K)->158K(384K) NonClass: 150K(256K)->150K(256K) Class: 8K(128K)->8K(128K)
[29.505s][info   ][gc          ] GC(1948) Pause Young (Concurrent Start) (G1 Humongous Allocation) 1347M->1333M(2048M) 0.978ms
[29.505s][info   ][gc,cpu      ] GC(1948) User=0.00s Sys=0.01s Real=0.00s
[29.508s][info   ][gc          ] GC(1949) Concurrent Mark Cycle
[29.508s][info   ][gc,marking  ] GC(1949) Concurrent Clear Claimed Marks
[29.508s][info   ][gc,marking  ] GC(1949) Concurrent Clear Claimed Marks 0.013ms
[29.508s][info   ][gc,marking  ] GC(1949) Concurrent Scan Root Regions
[29.508s][info   ][gc,marking  ] GC(1949) Concurrent Scan Root Regions 0.006ms
[29.508s][info   ][gc,marking  ] GC(1949) Concurrent Mark
[29.508s][info   ][gc,marking  ] GC(1949) Concurrent Mark From Roots
[29.508s][info   ][gc,task     ] GC(1949) Using 1 workers of 1 for marking
[29.525s][info   ][gc,marking  ] GC(1949) Concurrent Mark From Roots 17.225ms
[29.526s][info   ][gc,marking  ] GC(1949) Concurrent Preclean
[29.526s][info   ][gc,marking  ] GC(1949) Concurrent Preclean 0.227ms
[29.527s][info   ][gc,start    ] GC(1949) Pause Remark
[29.527s][info   ][gc          ] GC(1949) Pause Remark 1647M->1647M(2048M) 0.682ms
[29.528s][info   ][gc,cpu      ] GC(1949) User=0.00s Sys=0.00s Real=0.00s
[29.528s][info   ][gc,marking  ] GC(1949) Concurrent Mark 19.370ms
[29.528s][info   ][gc,marking  ] GC(1949) Concurrent Rebuild Remembered Sets
[29.545s][info   ][gc,marking  ] GC(1949) Concurrent Rebuild Remembered Sets 16.894ms
[29.546s][info   ][gc,start    ] GC(1949) Pause Cleanup
[29.546s][info   ][gc          ] GC(1949) Pause Cleanup 1909M->1909M(2048M) 0.407ms
[29.546s][info   ][gc,cpu      ] GC(1949) User=0.00s Sys=0.00s Real=0.00s
[29.546s][info   ][gc,marking  ] GC(1949) Concurrent Cleanup for Next Mark
[29.558s][info   ][gc,start    ] GC(1950) Pause Young (Normal) (G1 Humongous Allocation)
[29.558s][info   ][gc,task     ] GC(1950) Using 4 workers of 4 for evacuation
[29.559s][info   ][gc,phases   ] GC(1950)   Pre Evacuate Collection Set: 0.2ms
[29.559s][info   ][gc,phases   ] GC(1950)   Merge Heap Roots: 0.2ms
[29.559s][info   ][gc,phases   ] GC(1950)   Evacuate Collection Set: 0.2ms
[29.559s][info   ][gc,phases   ] GC(1950)   Post Evacuate Collection Set: 0.8ms
[29.559s][info   ][gc,phases   ] GC(1950)   Other: 0.1ms
[29.559s][info   ][gc,heap     ] GC(1950) Eden regions: 0->0(597)
[29.559s][info   ][gc,heap     ] GC(1950) Survivor regions: 0->0(1)
[29.559s][info   ][gc,heap     ] GC(1950) Old regions: 1->1
[29.559s][info   ][gc,heap     ] GC(1950) Archive regions: 2->2
[29.559s][info   ][gc,heap     ] GC(1950) Humongous regions: 2044->1202
[29.559s][info   ][gc,metaspace] GC(1950) Metaspace: 158K(384K)->158K(384K) NonClass: 150K(256K)->150K(256K) Class: 8K(128K)->8K(128K)
[29.559s][info   ][gc          ] GC(1950) Pause Young (Normal) (G1 Humongous Allocation) 2045M->1203M(2048M) 1.641ms
[29.559s][info   ][gc,cpu      ] GC(1950) User=0.00s Sys=0.00s Real=0.01s
[29.567s][info   ][gc,marking  ] GC(1949) Concurrent Cleanup for Next Mark 20.849ms
[29.568s][info   ][gc          ] GC(1949) Concurrent Mark Cycle 59.490ms
[29.568s][info   ][gc,start    ] GC(1951) Pause Young (Concurrent Start) (G1 Humongous Allocation)
[29.569s][info   ][gc,task     ] GC(1951) Using 4 workers of 4 for evacuation
[29.570s][info   ][gc,phases   ] GC(1951)   Pre Evacuate Collection Set: 0.4ms
[29.570s][info   ][gc,phases   ] GC(1951)   Merge Heap Roots: 0.1ms
[29.570s][info   ][gc,phases   ] GC(1951)   Evacuate Collection Set: 0.2ms
[29.570s][info   ][gc,phases   ] GC(1951)   Post Evacuate Collection Set: 0.4ms
[29.570s][info   ][gc,phases   ] GC(1951)   Other: 0.2ms
[29.570s][info   ][gc,heap     ] GC(1951) Eden regions: 0->0(611)
[29.570s][info   ][gc,heap     ] GC(1951) Survivor regions: 0->0(75)
[29.570s][info   ][gc,heap     ] GC(1951) Old regions: 1->1
[29.570s][info   ][gc,heap     ] GC(1951) Archive regions: 2->2
[29.570s][info   ][gc,heap     ] GC(1951) Humongous regions: 1316->1188
[29.570s][info   ][gc,metaspace] GC(1951) Metaspace: 158K(384K)->158K(384K) NonClass: 150K(256K)->150K(256K) Class: 8K(128K)->8K(128K)
[29.570s][info   ][gc          ] GC(1951) Pause Young (Concurrent Start) (G1 Humongous Allocation) 1317M->1189M(2048M) 1.335ms
[29.570s][info   ][gc,cpu      ] GC(1951) User=0.00s Sys=0.01s Real=0.00s
[29.570s][info   ][gc          ] GC(1952) Concurrent Mark Cycle
[29.570s][info   ][gc,marking  ] GC(1952) Concurrent Clear Claimed Marks
[29.570s][info   ][gc,marking  ] GC(1952) Concurrent Clear Claimed Marks 0.007ms
[29.570s][info   ][gc,marking  ] GC(1952) Concurrent Scan Root Regions
[29.570s][info   ][gc,marking  ] GC(1952) Concurrent Scan Root Regions 0.006ms
[29.570s][info   ][gc,marking  ] GC(1952) Concurrent Mark
[29.570s][info   ][gc,marking  ] GC(1952) Concurrent Mark From Roots
[29.570s][info   ][gc,task     ] GC(1952) Using 1 workers of 1 for marking
[29.591s][info   ][gc,marking  ] GC(1952) Concurrent Mark From Roots 20.819ms
[29.591s][info   ][gc,marking  ] GC(1952) Concurrent Preclean
[29.591s][info   ][gc,marking  ] GC(1952) Concurrent Preclean 0.132ms
[29.592s][info   ][gc,start    ] GC(1952) Pause Remark
[29.593s][info   ][gc          ] GC(1952) Pause Remark 1499M->1499M(2048M) 0.853ms
[29.593s][info   ][gc,cpu      ] GC(1952) User=0.00s Sys=0.00s Real=0.00s
[29.593s][info   ][gc,marking  ] GC(1952) Concurrent Mark 22.962ms
[29.593s][info   ][gc,marking  ] GC(1952) Concurrent Rebuild Remembered Sets
[29.611s][info   ][gc,marking  ] GC(1952) Concurrent Rebuild Remembered Sets 18.194ms
[29.612s][info   ][gc,start    ] GC(1952) Pause Cleanup
[29.612s][info   ][gc          ] GC(1952) Pause Cleanup 1781M->1781M(2048M) 0.337ms
[29.612s][info   ][gc,cpu      ] GC(1952) User=0.00s Sys=0.00s Real=0.00s
[29.612s][info   ][gc,marking  ] GC(1952) Concurrent Cleanup for Next Mark
[29.633s][info   ][gc,start    ] GC(1953) Pause Young (Normal) (G1 Humongous Allocation)
[29.633s][info   ][gc,task     ] GC(1953) Using 4 workers of 4 for evacuation
[29.635s][info   ][gc,phases   ] GC(1953)   Pre Evacuate Collection Set: 0.3ms
[29.635s][info   ][gc,phases   ] GC(1953)   Merge Heap Roots: 0.3ms
[29.635s][info   ][gc,phases   ] GC(1953)   Evacuate Collection Set: 0.2ms
[29.635s][info   ][gc,phases   ] GC(1953)   Post Evacuate Collection Set: 0.8ms
[29.635s][info   ][gc,phases   ] GC(1953)   Other: 0.1ms
[29.635s][info   ][gc,heap     ] GC(1953) Eden regions: 0->0(620)
[29.635s][info   ][gc,heap     ] GC(1953) Survivor regions: 0->0(1)
[29.635s][info   ][gc,heap     ] GC(1953) Old regions: 1->1
[29.635s][info   ][gc,heap     ] GC(1953) Archive regions: 2->2
[29.635s][info   ][gc,heap     ] GC(1953) Humongous regions: 2044->1178
[29.635s][info   ][gc,metaspace] GC(1953) Metaspace: 158K(384K)->158K(384K) NonClass: 150K(256K)->150K(256K) Class: 8K(128K)->8K(128K)
[29.635s][info   ][gc          ] GC(1953) Pause Young (Normal) (G1 Humongous Allocation) 2045M->1179M(2048M) 1.779ms
[29.635s][info   ][gc,cpu      ] GC(1953) User=0.00s Sys=0.00s Real=0.00s
[29.635s][info   ][gc,marking  ] GC(1952) Concurrent Cleanup for Next Mark 22.602ms
[29.635s][info   ][gc          ] GC(1952) Concurrent Mark Cycle 64.977ms
[29.636s][info   ][gc,start    ] GC(1954) Pause Young (Concurrent Start) (G1 Humongous Allocation)
[29.636s][info   ][gc,task     ] GC(1954) Using 4 workers of 4 for evacuation
[29.637s][info   ][gc,phases   ] GC(1954)   Pre Evacuate Collection Set: 0.1ms
[29.637s][info   ][gc,phases   ] GC(1954)   Merge Heap Roots: 0.1ms
[29.637s][info   ][gc,phases   ] GC(1954)   Evacuate Collection Set: 0.5ms
[29.637s][info   ][gc,phases   ] GC(1954)   Post Evacuate Collection Set: 0.2ms
[29.637s][info   ][gc,phases   ] GC(1954)   Other: 0.1ms
[29.637s][info   ][gc,heap     ] GC(1954) Eden regions: 0->0(614)
[29.637s][info   ][gc,heap     ] GC(1954) Survivor regions: 0->0(78)
[29.637s][info   ][gc,heap     ] GC(1954) Old regions: 1->1
[29.637s][info   ][gc,heap     ] GC(1954) Archive regions: 2->2
[29.637s][info   ][gc,heap     ] GC(1954) Humongous regions: 1184->1184
[29.637s][info   ][gc,metaspace] GC(1954) Metaspace: 158K(384K)->158K(384K) NonClass: 150K(256K)->150K(256K) Class: 8K(128K)->8K(128K)
[29.637s][info   ][gc          ] GC(1954) Pause Young (Concurrent Start) (G1 Humongous Allocation) 1185M->1185M(2048M) 1.028ms
[29.637s][info   ][gc,cpu      ] GC(1954) User=0.00s Sys=0.00s Real=0.00s
[29.637s][info   ][gc          ] GC(1955) Concurrent Mark Cycle
[29.637s][info   ][gc,marking  ] GC(1955) Concurrent Clear Claimed Marks
[29.637s][info   ][gc,marking  ] GC(1955) Concurrent Clear Claimed Marks 0.006ms
[29.637s][info   ][gc,marking  ] GC(1955) Concurrent Scan Root Regions
[29.637s][info   ][gc,marking  ] GC(1955) Concurrent Scan Root Regions 0.005ms
[29.637s][info   ][gc,marking  ] GC(1955) Concurrent Mark
[29.637s][info   ][gc,marking  ] GC(1955) Concurrent Mark From Roots
[29.637s][info   ][gc,task     ] GC(1955) Using 1 workers of 1 for marking
[29.650s][info   ][gc,marking  ] GC(1955) Concurrent Mark From Roots 12.710ms
[29.650s][info   ][gc,marking  ] GC(1955) Concurrent Preclean
[29.650s][info   ][gc,marking  ] GC(1955) Concurrent Preclean 0.085ms
[29.651s][info   ][gc,start    ] GC(1955) Pause Remark
[29.652s][info   ][gc          ] GC(1955) Pause Remark 1387M->1387M(2048M) 0.753ms
[29.652s][info   ][gc,cpu      ] GC(1955) User=0.00s Sys=0.00s Real=0.00s
[29.652s][info   ][gc,marking  ] GC(1955) Concurrent Mark 14.822ms
[29.652s][info   ][gc,marking  ] GC(1955) Concurrent Rebuild Remembered Sets
[29.668s][info   ][gc,marking  ] GC(1955) Concurrent Rebuild Remembered Sets 16.427ms
[29.670s][info   ][gc,start    ] GC(1955) Pause Cleanup
[29.670s][info   ][gc          ] GC(1955) Pause Cleanup 1655M->1655M(2048M) 0.336ms
[29.670s][info   ][gc,cpu      ] GC(1955) User=0.00s Sys=0.00s Real=0.00s
[29.670s][info   ][gc,marking  ] GC(1955) Concurrent Cleanup for Next Mark
[29.685s][info   ][gc,marking  ] GC(1955) Concurrent Cleanup for Next Mark 14.612ms
[29.685s][info   ][gc          ] GC(1955) Concurrent Mark Cycle 48.379ms
[29.686s][info   ][gc,start    ] GC(1956) Pause Young (Concurrent Start) (G1 Humongous Allocation)
[29.686s][info   ][gc,task     ] GC(1956) Using 4 workers of 4 for evacuation
[29.687s][info   ][gc,phases   ] GC(1956)   Pre Evacuate Collection Set: 0.2ms
[29.687s][info   ][gc,phases   ] GC(1956)   Merge Heap Roots: 0.3ms
[29.687s][info   ][gc,phases   ] GC(1956)   Evacuate Collection Set: 0.2ms
[29.687s][info   ][gc,phases   ] GC(1956)   Post Evacuate Collection Set: 0.6ms
[29.687s][info   ][gc,phases   ] GC(1956)   Other: 0.2ms
[29.687s][info   ][gc,heap     ] GC(1956) Eden regions: 0->0(566)
[29.687s][info   ][gc,heap     ] GC(1956) Survivor regions: 0->0(77)
[29.687s][info   ][gc,heap     ] GC(1956) Old regions: 1->1
[29.687s][info   ][gc,heap     ] GC(1956) Archive regions: 2->2
[29.687s][info   ][gc,heap     ] GC(1956) Humongous regions: 1826->1236
[29.687s][info   ][gc,metaspace] GC(1956) Metaspace: 158K(384K)->158K(384K) NonClass: 150K(256K)->150K(256K) Class: 8K(128K)->8K(128K)
[29.687s][info   ][gc          ] GC(1956) Pause Young (Concurrent Start) (G1 Humongous Allocation) 1827M->1237M(2048M) 1.618ms
[29.687s][info   ][gc,cpu      ] GC(1956) User=0.00s Sys=0.00s Real=0.00s
[29.687s][info   ][gc          ] GC(1957) Concurrent Mark Cycle
[29.687s][info   ][gc,marking  ] GC(1957) Concurrent Clear Claimed Marks
[29.687s][info   ][gc,marking  ] GC(1957) Concurrent Clear Claimed Marks 0.008ms
[29.687s][info   ][gc,marking  ] GC(1957) Concurrent Scan Root Regions
[29.687s][info   ][gc,marking  ] GC(1957) Concurrent Scan Root Regions 0.006ms
[29.687s][info   ][gc,marking  ] GC(1957) Concurrent Mark
[29.687s][info   ][gc,marking  ] GC(1957) Concurrent Mark From Roots
[29.687s][info   ][gc,task     ] GC(1957) Using 1 workers of 1 for marking
[29.703s][info   ][gc,marking  ] GC(1957) Concurrent Mark From Roots 15.944ms
[29.704s][info   ][gc,marking  ] GC(1957) Concurrent Preclean
[29.704s][info   ][gc,marking  ] GC(1957) Concurrent Preclean 0.168ms
[29.705s][info   ][gc,start    ] GC(1957) Pause Remark
[29.706s][info   ][gc          ] GC(1957) Pause Remark 1491M->1491M(2048M) 0.808ms
[29.706s][info   ][gc,cpu      ] GC(1957) User=0.00s Sys=0.01s Real=0.00s
[29.706s][info   ][gc,marking  ] GC(1957) Concurrent Mark 18.257ms
[29.706s][info   ][gc,marking  ] GC(1957) Concurrent Rebuild Remembered Sets
[29.725s][info   ][gc,marking  ] GC(1957) Concurrent Rebuild Remembered Sets 19.558ms
[29.726s][info   ][gc,start    ] GC(1957) Pause Cleanup
[29.726s][info   ][gc          ] GC(1957) Pause Cleanup 1811M->1811M(2048M) 0.233ms
[29.726s][info   ][gc,cpu      ] GC(1957) User=0.00s Sys=0.00s Real=0.00s
[29.726s][info   ][gc,marking  ] GC(1957) Concurrent Cleanup for Next Mark
[29.739s][info   ][gc,marking  ] GC(1957) Concurrent Cleanup for Next Mark 12.397ms
[29.739s][info   ][gc          ] GC(1957) Concurrent Mark Cycle 51.448ms
[29.739s][info   ][gc,start    ] GC(1958) Pause Young (Concurrent Start) (G1 Humongous Allocation)
[29.739s][info   ][gc,task     ] GC(1958) Using 4 workers of 4 for evacuation
[29.741s][info   ][gc,phases   ] GC(1958)   Pre Evacuate Collection Set: 0.3ms
[29.741s][info   ][gc,phases   ] GC(1958)   Merge Heap Roots: 0.3ms
[29.741s][info   ][gc,phases   ] GC(1958)   Evacuate Collection Set: 0.5ms
[29.741s][info   ][gc,phases   ] GC(1958)   Post Evacuate Collection Set: 0.8ms
[29.741s][info   ][gc,phases   ] GC(1958)   Other: 0.1ms
[29.741s][info   ][gc,heap     ] GC(1958) Eden regions: 0->0(567)
[29.741s][info   ][gc,heap     ] GC(1958) Survivor regions: 0->0(71)
[29.741s][info   ][gc,heap     ] GC(1958) Old regions: 1->1
[29.741s][info   ][gc,heap     ] GC(1958) Archive regions: 2->2
[29.741s][info   ][gc,heap     ] GC(1958) Humongous regions: 1944->1234
[29.741s][info   ][gc,metaspace] GC(1958) Metaspace: 158K(384K)->158K(384K) NonClass: 150K(256K)->150K(256K) Class: 8K(128K)->8K(128K)
[29.741s][info   ][gc          ] GC(1958) Pause Young (Concurrent Start) (G1 Humongous Allocation) 1945M->1235M(2048M) 2.079ms
[29.741s][info   ][gc,cpu      ] GC(1958) User=0.00s Sys=0.00s Real=0.00s
[29.741s][info   ][gc          ] GC(1959) Concurrent Mark Cycle
[29.741s][info   ][gc,marking  ] GC(1959) Concurrent Clear Claimed Marks
[29.741s][info   ][gc,marking  ] GC(1959) Concurrent Clear Claimed Marks 0.008ms
[29.741s][info   ][gc,marking  ] GC(1959) Concurrent Scan Root Regions
[29.741s][info   ][gc,marking  ] GC(1959) Concurrent Scan Root Regions 0.006ms
[29.741s][info   ][gc,marking  ] GC(1959) Concurrent Mark
[29.741s][info   ][gc,marking  ] GC(1959) Concurrent Mark From Roots
[29.741s][info   ][gc,task     ] GC(1959) Using 1 workers of 1 for marking
[29.763s][info   ][gc,marking  ] GC(1959) Concurrent Mark From Roots 21.292ms
[29.763s][info   ][gc,marking  ] GC(1959) Concurrent Preclean
[29.763s][info   ][gc,marking  ] GC(1959) Concurrent Preclean 0.221ms
[29.764s][info   ][gc,start    ] GC(1959) Pause Remark
[29.765s][info   ][gc          ] GC(1959) Pause Remark 1569M->1569M(2048M) 0.709ms
[29.765s][info   ][gc,cpu      ] GC(1959) User=0.00s Sys=0.00s Real=0.00s
[29.765s][info   ][gc,marking  ] GC(1959) Concurrent Mark 23.780ms
[29.765s][info   ][gc,marking  ] GC(1959) Concurrent Rebuild Remembered Sets
[29.784s][info   ][gc,marking  ] GC(1959) Concurrent Rebuild Remembered Sets 19.011ms
[29.785s][info   ][gc,start    ] GC(1959) Pause Cleanup
[29.786s][info   ][gc          ] GC(1959) Pause Cleanup 1863M->1863M(2048M) 0.244ms
[29.786s][info   ][gc,cpu      ] GC(1959) User=0.00s Sys=0.00s Real=0.00s
[29.786s][info   ][gc,marking  ] GC(1959) Concurrent Cleanup for Next Mark
[29.801s][info   ][gc,start    ] GC(1960) Pause Young (Normal) (G1 Humongous Allocation)
[29.801s][info   ][gc,task     ] GC(1960) Using 4 workers of 4 for evacuation
[29.804s][info   ][gc,phases   ] GC(1960)   Pre Evacuate Collection Set: 0.7ms
[29.804s][info   ][gc,phases   ] GC(1960)   Merge Heap Roots: 0.4ms
[29.804s][info   ][gc,phases   ] GC(1960)   Evacuate Collection Set: 0.7ms
[29.804s][info   ][gc,phases   ] GC(1960)   Post Evacuate Collection Set: 1.0ms
[29.804s][info   ][gc,phases   ] GC(1960)   Other: 0.2ms
[29.804s][info   ][gc,heap     ] GC(1960) Eden regions: 0->0(622)
[29.804s][info   ][gc,heap     ] GC(1960) Survivor regions: 0->0(1)
[29.804s][info   ][gc,heap     ] GC(1960) Old regions: 1->1
[29.804s][info   ][gc,heap     ] GC(1960) Archive regions: 2->2
[29.804s][info   ][gc,heap     ] GC(1960) Humongous regions: 2044->1176
[29.804s][info   ][gc,metaspace] GC(1960) Metaspace: 158K(384K)->158K(384K) NonClass: 150K(256K)->150K(256K) Class: 8K(128K)->8K(128K)
[29.804s][info   ][gc          ] GC(1960) Pause Young (Normal) (G1 Humongous Allocation) 2045M->1177M(2048M) 2.923ms
[29.804s][info   ][gc,cpu      ] GC(1960) User=0.00s Sys=0.00s Real=0.00s
[29.805s][info   ][gc,marking  ] GC(1959) Concurrent Cleanup for Next Mark 18.851ms
[29.805s][info   ][gc          ] GC(1959) Concurrent Mark Cycle 63.300ms
[29.805s][info   ][gc,start    ] GC(1961) Pause Young (Concurrent Start) (G1 Humongous Allocation)
[29.805s][info   ][gc,task     ] GC(1961) Using 4 workers of 4 for evacuation
[29.806s][info   ][gc,phases   ] GC(1961)   Pre Evacuate Collection Set: 0.2ms
[29.806s][info   ][gc,phases   ] GC(1961)   Merge Heap Roots: 0.1ms
[29.806s][info   ][gc,phases   ] GC(1961)   Evacuate Collection Set: 0.4ms
[29.806s][info   ][gc,phases   ] GC(1961)   Post Evacuate Collection Set: 0.2ms
[29.806s][info   ][gc,phases   ] GC(1961)   Other: 0.1ms
[29.806s][info   ][gc,heap     ] GC(1961) Eden regions: 0->0(620)
[29.806s][info   ][gc,heap     ] GC(1961) Survivor regions: 0->0(78)
[29.806s][info   ][gc,heap     ] GC(1961) Old regions: 1->1
[29.806s][info   ][gc,heap     ] GC(1961) Archive regions: 2->2
[29.806s][info   ][gc,heap     ] GC(1961) Humongous regions: 1188->1178
[29.806s][info   ][gc,metaspace] GC(1961) Metaspace: 158K(384K)->158K(384K) NonClass: 150K(256K)->150K(256K) Class: 8K(128K)->8K(128K)
[29.806s][info   ][gc          ] GC(1961) Pause Young (Concurrent Start) (G1 Humongous Allocation) 1189M->1179M(2048M) 1.097ms
[29.806s][info   ][gc,cpu      ] GC(1961) User=0.00s Sys=0.01s Real=0.00s
[29.806s][info   ][gc          ] GC(1962) Concurrent Mark Cycle
[29.806s][info   ][gc,marking  ] GC(1962) Concurrent Clear Claimed Marks
[29.806s][info   ][gc,marking  ] GC(1962) Concurrent Clear Claimed Marks 0.009ms
[29.806s][info   ][gc,marking  ] GC(1962) Concurrent Scan Root Regions
[29.806s][info   ][gc,marking  ] GC(1962) Concurrent Scan Root Regions 0.007ms
[29.806s][info   ][gc,marking  ] GC(1962) Concurrent Mark
[29.806s][info   ][gc,marking  ] GC(1962) Concurrent Mark From Roots
[29.806s][info   ][gc,task     ] GC(1962) Using 1 workers of 1 for marking
[29.815s][info   ][gc,marking  ] GC(1962) Concurrent Mark From Roots 8.323ms
[29.815s][info   ][gc,marking  ] GC(1962) Concurrent Preclean
[29.815s][info   ][gc,marking  ] GC(1962) Concurrent Preclean 0.095ms
[29.816s][info   ][gc,start    ] GC(1962) Pause Remark
[29.816s][info   ][gc          ] GC(1962) Pause Remark 1321M->1321M(2048M) 0.743ms
[29.816s][info   ][gc,cpu      ] GC(1962) User=0.00s Sys=0.01s Real=0.00s
[29.816s][info   ][gc,marking  ] GC(1962) Concurrent Mark 10.023ms
[29.816s][info   ][gc,marking  ] GC(1962) Concurrent Rebuild Remembered Sets
[29.824s][info   ][gc,marking  ] GC(1962) Concurrent Rebuild Remembered Sets 7.342ms
[29.824s][info   ][gc,start    ] GC(1962) Pause Cleanup
[29.825s][info   ][gc          ] GC(1962) Pause Cleanup 1455M->1455M(2048M) 0.408ms
[29.825s][info   ][gc,cpu      ] GC(1962) User=0.00s Sys=0.00s Real=0.00s
[29.825s][info   ][gc,marking  ] GC(1962) Concurrent Cleanup for Next Mark
[29.834s][info   ][gc,marking  ] GC(1962) Concurrent Cleanup for Next Mark 9.455ms
[29.835s][info   ][gc          ] GC(1962) Concurrent Mark Cycle 28.214ms
[29.835s][info   ][gc,start    ] GC(1963) Pause Young (Concurrent Start) (G1 Humongous Allocation)
[29.835s][info   ][gc,task     ] GC(1963) Using 4 workers of 4 for evacuation
[29.836s][info   ][gc,phases   ] GC(1963)   Pre Evacuate Collection Set: 0.3ms
[29.836s][info   ][gc,phases   ] GC(1963)   Merge Heap Roots: 0.2ms
[29.836s][info   ][gc,phases   ] GC(1963)   Evacuate Collection Set: 0.3ms
[29.836s][info   ][gc,phases   ] GC(1963)   Post Evacuate Collection Set: 0.4ms
[29.836s][info   ][gc,phases   ] GC(1963)   Other: 0.2ms
[29.836s][info   ][gc,heap     ] GC(1963) Eden regions: 0->0(573)
[29.836s][info   ][gc,heap     ] GC(1963) Survivor regions: 0->0(78)
[29.836s][info   ][gc,heap     ] GC(1963) Old regions: 1->1
[29.836s][info   ][gc,heap     ] GC(1963) Archive regions: 2->2
[29.836s][info   ][gc,heap     ] GC(1963) Humongous regions: 1550->1228
[29.836s][info   ][gc,metaspace] GC(1963) Metaspace: 158K(384K)->158K(384K) NonClass: 150K(256K)->150K(256K) Class: 8K(128K)->8K(128K)
[29.836s][info   ][gc          ] GC(1963) Pause Young (Concurrent Start) (G1 Humongous Allocation) 1551M->1229M(2048M) 1.409ms
[29.836s][info   ][gc,cpu      ] GC(1963) User=0.00s Sys=0.00s Real=0.00s
[29.836s][info   ][gc          ] GC(1964) Concurrent Mark Cycle
[29.836s][info   ][gc,marking  ] GC(1964) Concurrent Clear Claimed Marks
[29.836s][info   ][gc,marking  ] GC(1964) Concurrent Clear Claimed Marks 0.008ms
[29.836s][info   ][gc,marking  ] GC(1964) Concurrent Scan Root Regions
[29.836s][info   ][gc,marking  ] GC(1964) Concurrent Scan Root Regions 0.005ms
[29.836s][info   ][gc,marking  ] GC(1964) Concurrent Mark
[29.836s][info   ][gc,marking  ] GC(1964) Concurrent Mark From Roots
[29.836s][info   ][gc,task     ] GC(1964) Using 1 workers of 1 for marking
[29.845s][info   ][gc,marking  ] GC(1964) Concurrent Mark From Roots 8.037ms
[29.845s][info   ][gc,marking  ] GC(1964) Concurrent Preclean
[29.845s][info   ][gc,marking  ] GC(1964) Concurrent Preclean 0.123ms
[29.845s][info   ][gc,start    ] GC(1964) Pause Remark
[29.846s][info   ][gc          ] GC(1964) Pause Remark 1357M->1357M(2048M) 1.037ms
[29.846s][info   ][gc,cpu      ] GC(1964) User=0.01s Sys=0.00s Real=0.00s
[29.846s][info   ][gc,marking  ] GC(1964) Concurrent Mark 10.037ms
[29.846s][info   ][gc,marking  ] GC(1964) Concurrent Rebuild Remembered Sets
[29.854s][info   ][gc,marking  ] GC(1964) Concurrent Rebuild Remembered Sets 7.897ms
[29.855s][info   ][gc,start    ] GC(1964) Pause Cleanup
[29.855s][info   ][gc          ] GC(1964) Pause Cleanup 1503M->1503M(2048M) 0.476ms
[29.855s][info   ][gc,cpu      ] GC(1964) User=0.00s Sys=0.00s Real=0.00s
[29.856s][info   ][gc,marking  ] GC(1964) Concurrent Cleanup for Next Mark
[29.871s][info   ][gc,marking  ] GC(1964) Concurrent Cleanup for Next Mark 15.010ms
[29.871s][info   ][gc          ] GC(1964) Concurrent Mark Cycle 34.440ms
[29.872s][info   ][gc,start    ] GC(1965) Pause Young (Concurrent Start) (G1 Humongous Allocation)
[29.872s][info   ][gc,task     ] GC(1965) Using 4 workers of 4 for evacuation
[29.874s][info   ][gc,phases   ] GC(1965)   Pre Evacuate Collection Set: 0.4ms
[29.874s][info   ][gc,phases   ] GC(1965)   Merge Heap Roots: 0.4ms
[29.874s][info   ][gc,phases   ] GC(1965)   Evacuate Collection Set: 0.6ms
[29.874s][info   ][gc,phases   ] GC(1965)   Post Evacuate Collection Set: 0.7ms
[29.874s][info   ][gc,phases   ] GC(1965)   Other: 0.2ms
[29.874s][info   ][gc,heap     ] GC(1965) Eden regions: 0->0(560)
[29.874s][info   ][gc,heap     ] GC(1965) Survivor regions: 0->0(72)
[29.874s][info   ][gc,heap     ] GC(1965) Old regions: 1->1
[29.874s][info   ][gc,heap     ] GC(1965) Archive regions: 2->2
[29.874s][info   ][gc,heap     ] GC(1965) Humongous regions: 1692->1242
[29.874s][info   ][gc,metaspace] GC(1965) Metaspace: 158K(384K)->158K(384K) NonClass: 150K(256K)->150K(256K) Class: 8K(128K)->8K(128K)
[29.874s][info   ][gc          ] GC(1965) Pause Young (Concurrent Start) (G1 Humongous Allocation) 1693M->1243M(2048M) 2.407ms
[29.874s][info   ][gc,cpu      ] GC(1965) User=0.00s Sys=0.00s Real=0.00s
[29.874s][info   ][gc          ] GC(1966) Concurrent Mark Cycle
[29.874s][info   ][gc,marking  ] GC(1966) Concurrent Clear Claimed Marks
[29.874s][info   ][gc,marking  ] GC(1966) Concurrent Clear Claimed Marks 0.009ms
[29.874s][info   ][gc,marking  ] GC(1966) Concurrent Scan Root Regions
[29.874s][info   ][gc,marking  ] GC(1966) Concurrent Scan Root Regions 0.006ms
[29.874s][info   ][gc,marking  ] GC(1966) Concurrent Mark
[29.874s][info   ][gc,marking  ] GC(1966) Concurrent Mark From Roots
[29.874s][info   ][gc,task     ] GC(1966) Using 1 workers of 1 for marking
[29.883s][info   ][gc,marking  ] GC(1966) Concurrent Mark From Roots 8.932ms
[29.883s][info   ][gc,marking  ] GC(1966) Concurrent Preclean
[29.883s][info   ][gc,marking  ] GC(1966) Concurrent Preclean 0.087ms
[29.884s][info   ][gc,start    ] GC(1966) Pause Remark
[29.885s][info   ][gc          ] GC(1966) Pause Remark 1383M->1383M(2048M) 0.875ms
[29.885s][info   ][gc,cpu      ] GC(1966) User=0.00s Sys=0.00s Real=0.00s
[29.885s][info   ][gc,marking  ] GC(1966) Concurrent Mark 11.142ms
[29.885s][info   ][gc,marking  ] GC(1966) Concurrent Rebuild Remembered Sets
[29.893s][info   ][gc,marking  ] GC(1966) Concurrent Rebuild Remembered Sets 7.800ms
[29.894s][info   ][gc,start    ] GC(1966) Pause Cleanup
[29.894s][info   ][gc          ] GC(1966) Pause Cleanup 1517M->1517M(2048M) 0.288ms
[29.894s][info   ][gc,cpu      ] GC(1966) User=0.00s Sys=0.00s Real=0.00s
[29.894s][info   ][gc,marking  ] GC(1966) Concurrent Cleanup for Next Mark
[29.908s][info   ][gc,marking  ] GC(1966) Concurrent Cleanup for Next Mark 13.582ms
[29.908s][info   ][gc          ] GC(1966) Concurrent Mark Cycle 33.862ms
[29.909s][info   ][gc,start    ] GC(1967) Pause Young (Concurrent Start) (G1 Humongous Allocation)
[29.909s][info   ][gc,task     ] GC(1967) Using 4 workers of 4 for evacuation
[29.910s][info   ][gc,phases   ] GC(1967)   Pre Evacuate Collection Set: 0.3ms
[29.910s][info   ][gc,phases   ] GC(1967)   Merge Heap Roots: 0.3ms
[29.910s][info   ][gc,phases   ] GC(1967)   Evacuate Collection Set: 0.2ms
[29.910s][info   ][gc,phases   ] GC(1967)   Post Evacuate Collection Set: 0.6ms
[29.910s][info   ][gc,phases   ] GC(1967)   Other: 0.2ms
[29.910s][info   ][gc,heap     ] GC(1967) Eden regions: 0->0(521)
[29.910s][info   ][gc,heap     ] GC(1967) Survivor regions: 0->0(70)
[29.910s][info   ][gc,heap     ] GC(1967) Old regions: 1->1
[29.910s][info   ][gc,heap     ] GC(1967) Archive regions: 2->2
[29.910s][info   ][gc,heap     ] GC(1967) Humongous regions: 1668->1284
[29.910s][info   ][gc,metaspace] GC(1967) Metaspace: 158K(384K)->158K(384K) NonClass: 150K(256K)->150K(256K) Class: 8K(128K)->8K(128K)
[29.910s][info   ][gc          ] GC(1967) Pause Young (Concurrent Start) (G1 Humongous Allocation) 1669M->1285M(2048M) 1.529ms
[29.910s][info   ][gc,cpu      ] GC(1967) User=0.01s Sys=0.00s Real=0.00s
[29.910s][info   ][gc          ] GC(1968) Concurrent Mark Cycle
[29.910s][info   ][gc,marking  ] GC(1968) Concurrent Clear Claimed Marks
[29.910s][info   ][gc,marking  ] GC(1968) Concurrent Clear Claimed Marks 0.008ms
[29.910s][info   ][gc,marking  ] GC(1968) Concurrent Scan Root Regions
[29.910s][info   ][gc,marking  ] GC(1968) Concurrent Scan Root Regions 0.006ms
[29.910s][info   ][gc,marking  ] GC(1968) Concurrent Mark
[29.910s][info   ][gc,marking  ] GC(1968) Concurrent Mark From Roots
[29.910s][info   ][gc,task     ] GC(1968) Using 1 workers of 1 for marking
[29.917s][info   ][gc,marking  ] GC(1968) Concurrent Mark From Roots 7.251ms
[29.918s][info   ][gc,marking  ] GC(1968) Concurrent Preclean
[29.918s][info   ][gc,marking  ] GC(1968) Concurrent Preclean 0.104ms
[29.919s][info   ][gc,start    ] GC(1968) Pause Remark
[29.920s][info   ][gc          ] GC(1968) Pause Remark 1405M->1405M(2048M) 1.118ms
[29.920s][info   ][gc,cpu      ] GC(1968) User=0.00s Sys=0.00s Real=0.00s
[29.920s][info   ][gc,marking  ] GC(1968) Concurrent Mark 9.563ms
[29.920s][info   ][gc,marking  ] GC(1968) Concurrent Rebuild Remembered Sets
[29.928s][info   ][gc,marking  ] GC(1968) Concurrent Rebuild Remembered Sets 8.403ms
[29.929s][info   ][gc,start    ] GC(1968) Pause Cleanup
[29.930s][info   ][gc          ] GC(1968) Pause Cleanup 1555M->1555M(2048M) 0.611ms
[29.930s][info   ][gc,cpu      ] GC(1968) User=0.00s Sys=0.00s Real=0.00s
[29.930s][info   ][gc,marking  ] GC(1968) Concurrent Cleanup for Next Mark
[29.944s][info   ][gc,marking  ] GC(1968) Concurrent Cleanup for Next Mark 13.239ms
[29.944s][info   ][gc          ] GC(1968) Concurrent Mark Cycle 33.669ms
[29.945s][info   ][gc,start    ] GC(1969) Pause Young (Concurrent Start) (G1 Humongous Allocation)
[29.945s][info   ][gc,task     ] GC(1969) Using 4 workers of 4 for evacuation
[29.946s][info   ][gc,phases   ] GC(1969)   Pre Evacuate Collection Set: 0.3ms
[29.946s][info   ][gc,phases   ] GC(1969)   Merge Heap Roots: 0.3ms
[29.946s][info   ][gc,phases   ] GC(1969)   Evacuate Collection Set: 0.4ms
[29.946s][info   ][gc,phases   ] GC(1969)   Post Evacuate Collection Set: 0.8ms
[29.946s][info   ][gc,phases   ] GC(1969)   Other: 0.2ms
[29.946s][info   ][gc,heap     ] GC(1969) Eden regions: 0->0(537)
[29.946s][info   ][gc,heap     ] GC(1969) Survivor regions: 0->0(66)
[29.946s][info   ][gc,heap     ] GC(1969) Old regions: 1->1
[29.946s][info   ][gc,heap     ] GC(1969) Archive regions: 2->2
[29.946s][info   ][gc,heap     ] GC(1969) Humongous regions: 1728->1266
[29.946s][info   ][gc,metaspace] GC(1969) Metaspace: 158K(384K)->158K(384K) NonClass: 150K(256K)->150K(256K) Class: 8K(128K)->8K(128K)
[29.946s][info   ][gc          ] GC(1969) Pause Young (Concurrent Start) (G1 Humongous Allocation) 1729M->1267M(2048M) 1.911ms
[29.946s][info   ][gc,cpu      ] GC(1969) User=0.00s Sys=0.00s Real=0.00s
[29.946s][info   ][gc          ] GC(1970) Concurrent Mark Cycle
[29.946s][info   ][gc,marking  ] GC(1970) Concurrent Clear Claimed Marks
[29.947s][info   ][gc,marking  ] GC(1970) Concurrent Clear Claimed Marks 0.010ms
[29.947s][info   ][gc,marking  ] GC(1970) Concurrent Scan Root Regions
[29.947s][info   ][gc,marking  ] GC(1970) Concurrent Scan Root Regions 0.014ms
[29.947s][info   ][gc,marking  ] GC(1970) Concurrent Mark
[29.947s][info   ][gc,marking  ] GC(1970) Concurrent Mark From Roots
[29.947s][info   ][gc,task     ] GC(1970) Using 1 workers of 1 for marking
[29.955s][info   ][gc,marking  ] GC(1970) Concurrent Mark From Roots 8.288ms
[29.955s][info   ][gc,marking  ] GC(1970) Concurrent Preclean
[29.955s][info   ][gc,marking  ] GC(1970) Concurrent Preclean 0.147ms
[29.955s][info   ][gc,start    ] GC(1970) Pause Remark
[29.956s][info   ][gc          ] GC(1970) Pause Remark 1391M->1391M(2048M) 0.697ms
[29.956s][info   ][gc,cpu      ] GC(1970) User=0.00s Sys=0.00s Real=0.00s
[29.956s][info   ][gc,marking  ] GC(1970) Concurrent Mark 9.653ms
[29.956s][info   ][gc,marking  ] GC(1970) Concurrent Rebuild Remembered Sets
[29.963s][info   ][gc,marking  ] GC(1970) Concurrent Rebuild Remembered Sets 6.904ms
[29.964s][info   ][gc,start    ] GC(1970) Pause Cleanup
[29.965s][info   ][gc          ] GC(1970) Pause Cleanup 1513M->1513M(2048M) 0.266ms
[29.965s][info   ][gc,cpu      ] GC(1970) User=0.00s Sys=0.00s Real=0.00s
[29.965s][info   ][gc,marking  ] GC(1970) Concurrent Cleanup for Next Mark
[29.980s][info   ][gc,marking  ] GC(1970) Concurrent Cleanup for Next Mark 14.756ms
[29.980s][info   ][gc          ] GC(1970) Concurrent Mark Cycle 33.347ms
[29.981s][info   ][gc,start    ] GC(1971) Pause Young (Concurrent Start) (G1 Humongous Allocation)
[29.981s][info   ][gc,task     ] GC(1971) Using 4 workers of 4 for evacuation
[29.983s][info   ][gc,phases   ] GC(1971)   Pre Evacuate Collection Set: 0.3ms
[29.983s][info   ][gc,phases   ] GC(1971)   Merge Heap Roots: 0.3ms
[29.983s][info   ][gc,phases   ] GC(1971)   Evacuate Collection Set: 0.5ms
[29.983s][info   ][gc,phases   ] GC(1971)   Post Evacuate Collection Set: 0.5ms
[29.983s][info   ][gc,phases   ] GC(1971)   Other: 0.2ms
[29.983s][info   ][gc,heap     ] GC(1971) Eden regions: 0->0(500)
[29.983s][info   ][gc,heap     ] GC(1971) Survivor regions: 0->0(68)
[29.983s][info   ][gc,heap     ] GC(1971) Old regions: 1->1
[29.983s][info   ][gc,heap     ] GC(1971) Archive regions: 2->2
[29.983s][info   ][gc,heap     ] GC(1971) Humongous regions: 1706->1306
[29.983s][info   ][gc,metaspace] GC(1971) Metaspace: 158K(384K)->158K(384K) NonClass: 150K(256K)->150K(256K) Class: 8K(128K)->8K(128K)
[29.983s][info   ][gc          ] GC(1971) Pause Young (Concurrent Start) (G1 Humongous Allocation) 1707M->1307M(2048M) 1.911ms
[29.983s][info   ][gc,cpu      ] GC(1971) User=0.00s Sys=0.00s Real=0.00s
[29.983s][info   ][gc          ] GC(1972) Concurrent Mark Cycle
[29.983s][info   ][gc,marking  ] GC(1972) Concurrent Clear Claimed Marks
[29.983s][info   ][gc,marking  ] GC(1972) Concurrent Clear Claimed Marks 0.019ms
[29.983s][info   ][gc,marking  ] GC(1972) Concurrent Scan Root Regions
[29.983s][info   ][gc,marking  ] GC(1972) Concurrent Scan Root Regions 0.006ms
[29.983s][info   ][gc,marking  ] GC(1972) Concurrent Mark
[29.983s][info   ][gc,marking  ] GC(1972) Concurrent Mark From Roots
[29.983s][info   ][gc,task     ] GC(1972) Using 1 workers of 1 for marking
[29.990s][info   ][gc,marking  ] GC(1972) Concurrent Mark From Roots 7.283ms
[29.990s][info   ][gc,marking  ] GC(1972) Concurrent Preclean
[29.990s][info   ][gc,marking  ] GC(1972) Concurrent Preclean 0.103ms
[29.991s][info   ][gc,start    ] GC(1972) Pause Remark
[29.991s][info   ][gc          ] GC(1972) Pause Remark 1407M->1407M(2048M) 0.623ms
[29.992s][info   ][gc,cpu      ] GC(1972) User=0.00s Sys=0.00s Real=0.00s
[29.992s][info   ][gc,marking  ] GC(1972) Concurrent Mark 8.829ms
[29.992s][info   ][gc,marking  ] GC(1972) Concurrent Rebuild Remembered Sets
[29.999s][info   ][gc,marking  ] GC(1972) Concurrent Rebuild Remembered Sets 7.557ms
[30.000s][info   ][gc,start    ] GC(1972) Pause Cleanup
[30.000s][info   ][gc          ] GC(1972) Pause Cleanup 1523M->1523M(2048M) 0.336ms
[30.000s][info   ][gc,cpu      ] GC(1972) User=0.00s Sys=0.00s Real=0.00s
[30.000s][info   ][gc,marking  ] GC(1972) Concurrent Cleanup for Next Mark
[30.014s][info   ][gc,marking  ] GC(1972) Concurrent Cleanup for Next Mark 13.508ms
[30.014s][info   ][gc          ] GC(1972) Concurrent Mark Cycle 31.422ms
[30.015s][info   ][gc,start    ] GC(1973) Pause Young (Concurrent Start) (G1 Humongous Allocation)
[30.015s][info   ][gc,task     ] GC(1973) Using 4 workers of 4 for evacuation
[30.016s][info   ][gc,phases   ] GC(1973)   Pre Evacuate Collection Set: 0.3ms
[30.016s][info   ][gc,phases   ] GC(1973)   Merge Heap Roots: 0.2ms
[30.016s][info   ][gc,phases   ] GC(1973)   Evacuate Collection Set: 0.2ms
[30.016s][info   ][gc,phases   ] GC(1973)   Post Evacuate Collection Set: 0.5ms
[30.016s][info   ][gc,phases   ] GC(1973)   Other: 0.1ms
[30.016s][info   ][gc,heap     ] GC(1973) Eden regions: 0->0(507)
[30.016s][info   ][gc,heap     ] GC(1973) Survivor regions: 0->0(63)
[30.016s][info   ][gc,heap     ] GC(1973) Old regions: 1->1
[30.016s][info   ][gc,heap     ] GC(1973) Archive regions: 2->2
[30.016s][info   ][gc,heap     ] GC(1973) Humongous regions: 1686->1298
[30.016s][info   ][gc,metaspace] GC(1973) Metaspace: 158K(384K)->158K(384K) NonClass: 150K(256K)->150K(256K) Class: 8K(128K)->8K(128K)
[30.016s][info   ][gc          ] GC(1973) Pause Young (Concurrent Start) (G1 Humongous Allocation) 1687M->1299M(2048M) 1.450ms
[30.016s][info   ][gc,cpu      ] GC(1973) User=0.00s Sys=0.00s Real=0.00s
[30.016s][info   ][gc          ] GC(1974) Concurrent Mark Cycle
[30.016s][info   ][gc,marking  ] GC(1974) Concurrent Clear Claimed Marks
[30.016s][info   ][gc,marking  ] GC(1974) Concurrent Clear Claimed Marks 0.007ms
[30.016s][info   ][gc,marking  ] GC(1974) Concurrent Scan Root Regions
[30.016s][info   ][gc,marking  ] GC(1974) Concurrent Scan Root Regions 0.006ms
[30.016s][info   ][gc,marking  ] GC(1974) Concurrent Mark
[30.016s][info   ][gc,marking  ] GC(1974) Concurrent Mark From Roots
[30.016s][info   ][gc,task     ] GC(1974) Using 1 workers of 1 for marking
[30.023s][info   ][gc,marking  ] GC(1974) Concurrent Mark From Roots 6.820ms
[30.023s][info   ][gc,marking  ] GC(1974) Concurrent Preclean
[30.023s][info   ][gc,marking  ] GC(1974) Concurrent Preclean 0.093ms
[30.024s][info   ][gc,start    ] GC(1974) Pause Remark
[30.025s][info   ][gc          ] GC(1974) Pause Remark 1423M->1423M(2048M) 0.510ms
[30.025s][info   ][gc,cpu      ] GC(1974) User=0.01s Sys=0.00s Real=0.00s
[30.025s][info   ][gc,marking  ] GC(1974) Concurrent Mark 8.747ms
[30.025s][info   ][gc,marking  ] GC(1974) Concurrent Rebuild Remembered Sets
[30.038s][info   ][gc,marking  ] GC(1974) Concurrent Rebuild Remembered Sets 12.773ms
[30.038s][info   ][gc,start    ] GC(1974) Pause Cleanup
[30.039s][info   ][gc          ] GC(1974) Pause Cleanup 1639M->1639M(2048M) 0.249ms
[30.039s][info   ][gc,cpu      ] GC(1974) User=0.00s Sys=0.00s Real=0.00s
[30.040s][info   ][gc,marking  ] GC(1974) Concurrent Cleanup for Next Mark
[30.068s][info   ][gc,marking  ] GC(1974) Concurrent Cleanup for Next Mark 28.707ms
[30.068s][info   ][gc          ] GC(1974) Concurrent Mark Cycle 52.029ms
[30.070s][info   ][gc,start    ] GC(1975) Pause Young (Concurrent Start) (G1 Humongous Allocation)
[30.070s][info   ][gc,task     ] GC(1975) Using 4 workers of 4 for evacuation
[30.071s][info   ][gc,phases   ] GC(1975)   Pre Evacuate Collection Set: 0.2ms
[30.071s][info   ][gc,phases   ] GC(1975)   Merge Heap Roots: 0.2ms
[30.071s][info   ][gc,phases   ] GC(1975)   Evacuate Collection Set: 0.3ms
[30.071s][info   ][gc,phases   ] GC(1975)   Post Evacuate Collection Set: 0.7ms
[30.071s][info   ][gc,phases   ] GC(1975)   Other: 0.1ms
[30.071s][info   ][gc,heap     ] GC(1975) Eden regions: 0->0(468)
[30.071s][info   ][gc,heap     ] GC(1975) Survivor regions: 0->0(1)
[30.071s][info   ][gc,heap     ] GC(1975) Old regions: 1->1
[30.071s][info   ][gc,heap     ] GC(1975) Archive regions: 2->2
[30.071s][info   ][gc,heap     ] GC(1975) Humongous regions: 2044->1340
[30.071s][info   ][gc,metaspace] GC(1975) Metaspace: 158K(384K)->158K(384K) NonClass: 150K(256K)->150K(256K) Class: 8K(128K)->8K(128K)
[30.071s][info   ][gc          ] GC(1975) Pause Young (Concurrent Start) (G1 Humongous Allocation) 2045M->1341M(2048M) 1.656ms
[30.071s][info   ][gc,cpu      ] GC(1975) User=0.00s Sys=0.00s Real=0.00s
[30.071s][info   ][gc          ] GC(1976) Concurrent Mark Cycle
[30.072s][info   ][gc,marking  ] GC(1976) Concurrent Clear Claimed Marks
[30.072s][info   ][gc,marking  ] GC(1976) Concurrent Clear Claimed Marks 0.663ms
[30.072s][info   ][gc,marking  ] GC(1976) Concurrent Scan Root Regions
[30.072s][info   ][gc,marking  ] GC(1976) Concurrent Scan Root Regions 0.008ms
[30.072s][info   ][gc,marking  ] GC(1976) Concurrent Mark
[30.072s][info   ][gc,marking  ] GC(1976) Concurrent Mark From Roots
[30.072s][info   ][gc,task     ] GC(1976) Using 1 workers of 1 for marking
[30.083s][info   ][gc,marking  ] GC(1976) Concurrent Mark From Roots 10.617ms
[30.083s][info   ][gc,marking  ] GC(1976) Concurrent Preclean
[30.083s][info   ][gc,marking  ] GC(1976) Concurrent Preclean 0.084ms
[30.083s][info   ][gc,start    ] GC(1976) Pause Remark
[30.084s][info   ][gc          ] GC(1976) Pause Remark 1519M->1519M(2048M) 0.673ms
[30.084s][info   ][gc,cpu      ] GC(1976) User=0.00s Sys=0.00s Real=0.00s
[30.084s][info   ][gc,marking  ] GC(1976) Concurrent Mark 12.078ms
[30.084s][info   ][gc,marking  ] GC(1976) Concurrent Rebuild Remembered Sets
[30.102s][info   ][gc,marking  ] GC(1976) Concurrent Rebuild Remembered Sets 18.148ms
[30.103s][info   ][gc,start    ] GC(1976) Pause Cleanup
[30.104s][info   ][gc          ] GC(1976) Pause Cleanup 1831M->1831M(2048M) 0.248ms
[30.104s][info   ][gc,cpu      ] GC(1976) User=0.00s Sys=0.00s Real=0.00s
[30.104s][info   ][gc,marking  ] GC(1976) Concurrent Cleanup for Next Mark
[30.120s][info   ][gc,start    ] GC(1977) Pause Young (Normal) (G1 Humongous Allocation)
[30.120s][info   ][gc,task     ] GC(1977) Using 4 workers of 4 for evacuation
[30.122s][info   ][gc,phases   ] GC(1977)   Pre Evacuate Collection Set: 0.2ms
[30.122s][info   ][gc,phases   ] GC(1977)   Merge Heap Roots: 0.3ms
[30.122s][info   ][gc,phases   ] GC(1977)   Evacuate Collection Set: 0.2ms
[30.122s][info   ][gc,phases   ] GC(1977)   Post Evacuate Collection Set: 0.8ms
[30.122s][info   ][gc,phases   ] GC(1977)   Other: 0.2ms
[30.122s][info   ][gc,heap     ] GC(1977) Eden regions: 0->0(498)
[30.122s][info   ][gc,heap     ] GC(1977) Survivor regions: 0->0(1)
[30.122s][info   ][gc,heap     ] GC(1977) Old regions: 1->1
[30.122s][info   ][gc,heap     ] GC(1977) Archive regions: 2->2
[30.122s][info   ][gc,heap     ] GC(1977) Humongous regions: 2044->1308
[30.122s][info   ][gc,metaspace] GC(1977) Metaspace: 158K(384K)->158K(384K) NonClass: 150K(256K)->150K(256K) Class: 8K(128K)->8K(128K)
[30.122s][info   ][gc          ] GC(1977) Pause Young (Normal) (G1 Humongous Allocation) 2045M->1309M(2048M) 1.755ms
[30.122s][info   ][gc,cpu      ] GC(1977) User=0.01s Sys=0.00s Real=0.00s
[30.123s][info   ][gc,marking  ] GC(1976) Concurrent Cleanup for Next Mark 19.485ms
[30.123s][info   ][gc          ] GC(1976) Concurrent Mark Cycle 51.954ms
[30.123s][info   ][gc,start    ] GC(1978) Pause Young (Concurrent Start) (G1 Humongous Allocation)
[30.123s][info   ][gc,task     ] GC(1978) Using 4 workers of 4 for evacuation
[30.124s][info   ][gc,phases   ] GC(1978)   Pre Evacuate Collection Set: 0.1ms
[30.124s][info   ][gc,phases   ] GC(1978)   Merge Heap Roots: 0.1ms
[30.124s][info   ][gc,phases   ] GC(1978)   Evacuate Collection Set: 0.2ms
[30.124s][info   ][gc,phases   ] GC(1978)   Post Evacuate Collection Set: 0.3ms
[30.124s][info   ][gc,phases   ] GC(1978)   Other: 0.1ms
[30.124s][info   ][gc,heap     ] GC(1978) Eden regions: 0->0(504)
[30.124s][info   ][gc,heap     ] GC(1978) Survivor regions: 0->0(63)
[30.124s][info   ][gc,heap     ] GC(1978) Old regions: 1->1
[30.124s][info   ][gc,heap     ] GC(1978) Archive regions: 2->2
[30.124s][info   ][gc,heap     ] GC(1978) Humongous regions: 1324->1302
[30.124s][info   ][gc,metaspace] GC(1978) Metaspace: 158K(384K)->158K(384K) NonClass: 150K(256K)->150K(256K) Class: 8K(128K)->8K(128K)
[30.124s][info   ][gc          ] GC(1978) Pause Young (Concurrent Start) (G1 Humongous Allocation) 1325M->1303M(2048M) 0.899ms
[30.124s][info   ][gc,cpu      ] GC(1978) User=0.00s Sys=0.00s Real=0.00s
[30.124s][info   ][gc          ] GC(1979) Concurrent Mark Cycle
[30.124s][info   ][gc,marking  ] GC(1979) Concurrent Clear Claimed Marks
[30.124s][info   ][gc,marking  ] GC(1979) Concurrent Clear Claimed Marks 0.007ms
[30.124s][info   ][gc,marking  ] GC(1979) Concurrent Scan Root Regions
[30.124s][info   ][gc,marking  ] GC(1979) Concurrent Scan Root Regions 0.005ms
[30.124s][info   ][gc,marking  ] GC(1979) Concurrent Mark
[30.124s][info   ][gc,marking  ] GC(1979) Concurrent Mark From Roots
[30.124s][info   ][gc,task     ] GC(1979) Using 1 workers of 1 for marking
[30.131s][info   ][gc,marking  ] GC(1979) Concurrent Mark From Roots 6.729ms
[30.131s][info   ][gc,marking  ] GC(1979) Concurrent Preclean
[30.131s][info   ][gc,marking  ] GC(1979) Concurrent Preclean 0.083ms
[30.132s][info   ][gc,start    ] GC(1979) Pause Remark
[30.133s][info   ][gc          ] GC(1979) Pause Remark 1405M->1405M(2048M) 0.647ms
[30.133s][info   ][gc,cpu      ] GC(1979) User=0.01s Sys=0.00s Real=0.00s
[30.133s][info   ][gc,marking  ] GC(1979) Concurrent Mark 8.541ms
[30.133s][info   ][gc,marking  ] GC(1979) Concurrent Rebuild Remembered Sets
[30.152s][info   ][gc,marking  ] GC(1979) Concurrent Rebuild Remembered Sets 19.464ms
[30.153s][info   ][gc,start    ] GC(1979) Pause Cleanup
[30.153s][info   ][gc          ] GC(1979) Pause Cleanup 1699M->1699M(2048M) 0.241ms
[30.153s][info   ][gc,cpu      ] GC(1979) User=0.00s Sys=0.00s Real=0.00s
[30.159s][info   ][gc,marking  ] GC(1979) Concurrent Cleanup for Next Mark
[30.177s][info   ][gc,marking  ] GC(1979) Concurrent Cleanup for Next Mark 17.548ms
[30.177s][info   ][gc          ] GC(1979) Concurrent Mark Cycle 52.736ms
[30.177s][info   ][gc,start    ] GC(1980) Pause Young (Concurrent Start) (G1 Humongous Allocation)
[30.177s][info   ][gc,task     ] GC(1980) Using 4 workers of 4 for evacuation
[30.179s][info   ][gc,phases   ] GC(1980)   Pre Evacuate Collection Set: 0.2ms
[30.179s][info   ][gc,phases   ] GC(1980)   Merge Heap Roots: 0.3ms
[30.179s][info   ][gc,phases   ] GC(1980)   Evacuate Collection Set: 0.2ms
[30.179s][info   ][gc,phases   ] GC(1980)   Post Evacuate Collection Set: 0.9ms
[30.179s][info   ][gc,phases   ] GC(1980)   Other: 0.1ms
[30.179s][info   ][gc,heap     ] GC(1980) Eden regions: 0->0(476)
[30.179s][info   ][gc,heap     ] GC(1980) Survivor regions: 0->0(19)
[30.179s][info   ][gc,heap     ] GC(1980) Old regions: 1->1
[30.179s][info   ][gc,heap     ] GC(1980) Archive regions: 2->2
[30.179s][info   ][gc,heap     ] GC(1980) Humongous regions: 2026->1332
[30.179s][info   ][gc,metaspace] GC(1980) Metaspace: 158K(384K)->158K(384K) NonClass: 150K(256K)->150K(256K) Class: 8K(128K)->8K(128K)
[30.179s][info   ][gc          ] GC(1980) Pause Young (Concurrent Start) (G1 Humongous Allocation) 2027M->1333M(2048M) 1.899ms
[30.179s][info   ][gc,cpu      ] GC(1980) User=0.00s Sys=0.01s Real=0.01s
[30.179s][info   ][gc          ] GC(1981) Concurrent Mark Cycle
[30.179s][info   ][gc,marking  ] GC(1981) Concurrent Clear Claimed Marks
[30.179s][info   ][gc,marking  ] GC(1981) Concurrent Clear Claimed Marks 0.009ms
[30.179s][info   ][gc,marking  ] GC(1981) Concurrent Scan Root Regions
[30.179s][info   ][gc,marking  ] GC(1981) Concurrent Scan Root Regions 0.008ms
[30.179s][info   ][gc,marking  ] GC(1981) Concurrent Mark
[30.179s][info   ][gc,marking  ] GC(1981) Concurrent Mark From Roots
[30.179s][info   ][gc,task     ] GC(1981) Using 1 workers of 1 for marking
[30.199s][info   ][gc,marking  ] GC(1981) Concurrent Mark From Roots 19.135ms
[30.199s][info   ][gc,marking  ] GC(1981) Concurrent Preclean
[30.199s][info   ][gc,marking  ] GC(1981) Concurrent Preclean 0.094ms
[30.199s][info   ][gc,start    ] GC(1981) Pause Remark
[30.200s][info   ][gc          ] GC(1981) Pause Remark 1635M->1635M(2048M) 0.759ms
[30.200s][info   ][gc,cpu      ] GC(1981) User=0.00s Sys=0.00s Real=0.00s
[30.200s][info   ][gc,marking  ] GC(1981) Concurrent Mark 20.808ms
[30.200s][info   ][gc,marking  ] GC(1981) Concurrent Rebuild Remembered Sets
[30.219s][info   ][gc,marking  ] GC(1981) Concurrent Rebuild Remembered Sets 19.086ms
[30.220s][info   ][gc,start    ] GC(1981) Pause Cleanup
[30.220s][info   ][gc          ] GC(1981) Pause Cleanup 1947M->1947M(2048M) 0.289ms
[30.220s][info   ][gc,cpu      ] GC(1981) User=0.00s Sys=0.00s Real=0.00s
[30.220s][info   ][gc,marking  ] GC(1981) Concurrent Cleanup for Next Mark
[30.229s][info   ][gc,start    ] GC(1982) Pause Young (Normal) (G1 Humongous Allocation)
[30.230s][info   ][gc,task     ] GC(1982) Using 4 workers of 4 for evacuation
[30.233s][info   ][gc,phases   ] GC(1982)   Pre Evacuate Collection Set: 0.4ms
[30.233s][info   ][gc,phases   ] GC(1982)   Merge Heap Roots: 1.8ms
[30.233s][info   ][gc,phases   ] GC(1982)   Evacuate Collection Set: 0.2ms
[30.233s][info   ][gc,phases   ] GC(1982)   Post Evacuate Collection Set: 0.8ms
[30.233s][info   ][gc,phases   ] GC(1982)   Other: 0.2ms
[30.233s][info   ][gc,heap     ] GC(1982) Eden regions: 0->0(481)
[30.233s][info   ][gc,heap     ] GC(1982) Survivor regions: 0->0(1)
[30.233s][info   ][gc,heap     ] GC(1982) Old regions: 1->1
[30.233s][info   ][gc,heap     ] GC(1982) Archive regions: 2->2
[30.233s][info   ][gc,heap     ] GC(1982) Humongous regions: 2044->1326
[30.233s][info   ][gc,metaspace] GC(1982) Metaspace: 158K(384K)->158K(384K) NonClass: 150K(256K)->150K(256K) Class: 8K(128K)->8K(128K)
[30.233s][info   ][gc          ] GC(1982) Pause Young (Normal) (G1 Humongous Allocation) 2045M->1327M(2048M) 3.554ms
[30.233s][info   ][gc,cpu      ] GC(1982) User=0.00s Sys=0.01s Real=0.00s
[30.236s][info   ][gc,marking  ] GC(1981) Concurrent Cleanup for Next Mark 16.050ms
[30.236s][info   ][gc          ] GC(1981) Concurrent Mark Cycle 57.028ms
[30.237s][info   ][gc,start    ] GC(1983) Pause Young (Concurrent Start) (G1 Humongous Allocation)
[30.237s][info   ][gc,task     ] GC(1983) Using 4 workers of 4 for evacuation
[30.238s][info   ][gc,phases   ] GC(1983)   Pre Evacuate Collection Set: 0.2ms
[30.238s][info   ][gc,phases   ] GC(1983)   Merge Heap Roots: 0.1ms
[30.238s][info   ][gc,phases   ] GC(1983)   Evacuate Collection Set: 0.2ms
[30.238s][info   ][gc,phases   ] GC(1983)   Post Evacuate Collection Set: 0.3ms
[30.238s][info   ][gc,phases   ] GC(1983)   Other: 0.1ms
[30.238s][info   ][gc,heap     ] GC(1983) Eden regions: 0->0(487)
[30.238s][info   ][gc,heap     ] GC(1983) Survivor regions: 0->0(61)
[30.238s][info   ][gc,heap     ] GC(1983) Old regions: 1->1
[30.238s][info   ][gc,heap     ] GC(1983) Archive regions: 2->2
[30.238s][info   ][gc,heap     ] GC(1983) Humongous regions: 1372->1320
[30.238s][info   ][gc,metaspace] GC(1983) Metaspace: 158K(384K)->158K(384K) NonClass: 150K(256K)->150K(256K) Class: 8K(128K)->8K(128K)
[30.238s][info   ][gc          ] GC(1983) Pause Young (Concurrent Start) (G1 Humongous Allocation) 1373M->1321M(2048M) 1.085ms
[30.238s][info   ][gc,cpu      ] GC(1983) User=0.01s Sys=0.00s Real=0.00s
[30.238s][info   ][gc          ] GC(1984) Concurrent Mark Cycle
[30.238s][info   ][gc,marking  ] GC(1984) Concurrent Clear Claimed Marks
[30.239s][info   ][gc,marking  ] GC(1984) Concurrent Clear Claimed Marks 0.848ms
[30.239s][info   ][gc,marking  ] GC(1984) Concurrent Scan Root Regions
[30.239s][info   ][gc,marking  ] GC(1984) Concurrent Scan Root Regions 0.006ms
[30.239s][info   ][gc,marking  ] GC(1984) Concurrent Mark
[30.239s][info   ][gc,marking  ] GC(1984) Concurrent Mark From Roots
[30.239s][info   ][gc,task     ] GC(1984) Using 1 workers of 1 for marking
[30.255s][info   ][gc,marking  ] GC(1984) Concurrent Mark From Roots 16.368ms
[30.255s][info   ][gc,marking  ] GC(1984) Concurrent Preclean
[30.255s][info   ][gc,marking  ] GC(1984) Concurrent Preclean 0.105ms
[30.256s][info   ][gc,start    ] GC(1984) Pause Remark
[30.257s][info   ][gc          ] GC(1984) Pause Remark 1599M->1599M(2048M) 0.858ms
[30.257s][info   ][gc,cpu      ] GC(1984) User=0.00s Sys=0.00s Real=0.00s
[30.257s][info   ][gc,marking  ] GC(1984) Concurrent Mark 18.066ms
[30.257s][info   ][gc,marking  ] GC(1984) Concurrent Rebuild Remembered Sets
[30.285s][info   ][gc,start    ] GC(1985) Pause Young (Normal) (G1 Humongous Allocation)
[30.286s][info   ][gc,task     ] GC(1985) Using 4 workers of 4 for evacuation
[30.287s][info   ][gc,phases   ] GC(1985)   Pre Evacuate Collection Set: 0.3ms
[30.287s][info   ][gc,phases   ] GC(1985)   Merge Heap Roots: 0.3ms
[30.287s][info   ][gc,phases   ] GC(1985)   Evacuate Collection Set: 0.2ms
[30.287s][info   ][gc,phases   ] GC(1985)   Post Evacuate Collection Set: 0.7ms
[30.287s][info   ][gc,phases   ] GC(1985)   Other: 0.2ms
[30.287s][info   ][gc,heap     ] GC(1985) Eden regions: 0->0(417)
[30.287s][info   ][gc,heap     ] GC(1985) Survivor regions: 0->0(1)
[30.287s][info   ][gc,heap     ] GC(1985) Old regions: 1->1
[30.287s][info   ][gc,heap     ] GC(1985) Archive regions: 2->2
[30.287s][info   ][gc,heap     ] GC(1985) Humongous regions: 2044->1394
[30.287s][info   ][gc,metaspace] GC(1985) Metaspace: 158K(384K)->158K(384K) NonClass: 150K(256K)->150K(256K) Class: 8K(128K)->8K(128K)
[30.287s][info   ][gc          ] GC(1985) Pause Young (Normal) (G1 Humongous Allocation) 2045M->1395M(2048M) 1.721ms
[30.287s][info   ][gc,cpu      ] GC(1985) User=0.00s Sys=0.01s Real=0.00s
[30.287s][info   ][gc,marking  ] GC(1984) Concurrent Rebuild Remembered Sets 30.545ms
[30.288s][info   ][gc,start    ] GC(1984) Pause Cleanup
[30.288s][info   ][gc          ] GC(1984) Pause Cleanup 1397M->1397M(2048M) 0.542ms
[30.288s][info   ][gc,cpu      ] GC(1984) User=0.00s Sys=0.00s Real=0.01s
[30.289s][info   ][gc,marking  ] GC(1984) Concurrent Cleanup for Next Mark
[30.311s][info   ][gc,marking  ] GC(1984) Concurrent Cleanup for Next Mark 22.806ms
[30.312s][info   ][gc          ] GC(1984) Concurrent Mark Cycle 73.823ms
[30.312s][info   ][gc,start    ] GC(1986) Pause Young (Concurrent Start) (G1 Humongous Allocation)
[30.312s][info   ][gc,task     ] GC(1986) Using 4 workers of 4 for evacuation
[30.314s][info   ][gc,phases   ] GC(1986)   Pre Evacuate Collection Set: 0.2ms
[30.314s][info   ][gc,phases   ] GC(1986)   Merge Heap Roots: 0.1ms
[30.314s][info   ][gc,phases   ] GC(1986)   Evacuate Collection Set: 0.3ms
[30.314s][info   ][gc,phases   ] GC(1986)   Post Evacuate Collection Set: 0.5ms
[30.314s][info   ][gc,phases   ] GC(1986)   Other: 0.2ms
[30.314s][info   ][gc,heap     ] GC(1986) Eden regions: 0->0(371)
[30.314s][info   ][gc,heap     ] GC(1986) Survivor regions: 0->0(53)
[30.314s][info   ][gc,heap     ] GC(1986) Old regions: 1->1
[30.314s][info   ][gc,heap     ] GC(1986) Archive regions: 2->2
[30.314s][info   ][gc,heap     ] GC(1986) Humongous regions: 1698->1444
[30.314s][info   ][gc,metaspace] GC(1986) Metaspace: 158K(384K)->158K(384K) NonClass: 150K(256K)->150K(256K) Class: 8K(128K)->8K(128K)
[30.314s][info   ][gc          ] GC(1986) Pause Young (Concurrent Start) (G1 Humongous Allocation) 1699M->1445M(2048M) 1.365ms
[30.314s][info   ][gc,cpu      ] GC(1986) User=0.00s Sys=0.00s Real=0.00s
[30.314s][info   ][gc          ] GC(1987) Concurrent Mark Cycle
[30.314s][info   ][gc,marking  ] GC(1987) Concurrent Clear Claimed Marks
[30.314s][info   ][gc,marking  ] GC(1987) Concurrent Clear Claimed Marks 0.008ms
[30.314s][info   ][gc,marking  ] GC(1987) Concurrent Scan Root Regions
[30.314s][info   ][gc,marking  ] GC(1987) Concurrent Scan Root Regions 0.006ms
[30.314s][info   ][gc,marking  ] GC(1987) Concurrent Mark
[30.314s][info   ][gc,marking  ] GC(1987) Concurrent Mark From Roots
[30.314s][info   ][gc,task     ] GC(1987) Using 1 workers of 1 for marking
[30.339s][info   ][gc,marking  ] GC(1987) Concurrent Mark From Roots 24.714ms
[30.339s][info   ][gc,marking  ] GC(1987) Concurrent Preclean
[30.339s][info   ][gc,marking  ] GC(1987) Concurrent Preclean 0.091ms
[30.340s][info   ][gc,start    ] GC(1987) Pause Remark
[30.340s][info   ][gc          ] GC(1987) Pause Remark 1837M->1837M(2048M) 0.624ms
[30.340s][info   ][gc,cpu      ] GC(1987) User=0.00s Sys=0.00s Real=0.00s
[30.341s][info   ][gc,marking  ] GC(1987) Concurrent Mark 26.547ms
[30.341s][info   ][gc,marking  ] GC(1987) Concurrent Rebuild Remembered Sets
[30.353s][info   ][gc,start    ] GC(1988) Pause Young (Normal) (G1 Humongous Allocation)
[30.353s][info   ][gc,task     ] GC(1988) Using 4 workers of 4 for evacuation
[30.354s][info   ][gc,phases   ] GC(1988)   Pre Evacuate Collection Set: 0.2ms
[30.354s][info   ][gc,phases   ] GC(1988)   Merge Heap Roots: 0.1ms
[30.354s][info   ][gc,phases   ] GC(1988)   Evacuate Collection Set: 0.4ms
[30.354s][info   ][gc,phases   ] GC(1988)   Post Evacuate Collection Set: 0.7ms
[30.354s][info   ][gc,phases   ] GC(1988)   Other: 0.1ms
[30.354s][info   ][gc,heap     ] GC(1988) Eden regions: 0->0(399)
[30.354s][info   ][gc,heap     ] GC(1988) Survivor regions: 0->0(1)
[30.354s][info   ][gc,heap     ] GC(1988) Old regions: 1->1
[30.354s][info   ][gc,heap     ] GC(1988) Archive regions: 2->2
[30.354s][info   ][gc,heap     ] GC(1988) Humongous regions: 2044->1414
[30.354s][info   ][gc,metaspace] GC(1988) Metaspace: 158K(384K)->158K(384K) NonClass: 150K(256K)->150K(256K) Class: 8K(128K)->8K(128K)
[30.355s][info   ][gc          ] GC(1988) Pause Young (Normal) (G1 Humongous Allocation) 2045M->1415M(2048M) 1.730ms
[30.355s][info   ][gc,cpu      ] GC(1988) User=0.00s Sys=0.01s Real=0.00s
[30.363s][info   ][gc,marking  ] GC(1987) Concurrent Rebuild Remembered Sets 22.755ms
[30.364s][info   ][gc,start    ] GC(1987) Pause Cleanup
[30.365s][info   ][gc          ] GC(1987) Pause Cleanup 1577M->1577M(2048M) 0.295ms
[30.365s][info   ][gc,cpu      ] GC(1987) User=0.00s Sys=0.00s Real=0.00s
[30.365s][info   ][gc,marking  ] GC(1987) Concurrent Cleanup for Next Mark
[30.392s][info   ][gc,marking  ] GC(1987) Concurrent Cleanup for Next Mark 27.563ms
[30.392s][info   ][gc          ] GC(1987) Concurrent Mark Cycle 78.513ms
[30.393s][info   ][gc,start    ] GC(1989) Pause Young (Concurrent Start) (G1 Humongous Allocation)
[30.393s][info   ][gc,task     ] GC(1989) Using 4 workers of 4 for evacuation
[30.394s][info   ][gc,phases   ] GC(1989)   Pre Evacuate Collection Set: 0.2ms
[30.394s][info   ][gc,phases   ] GC(1989)   Merge Heap Roots: 0.3ms
[30.394s][info   ][gc,phases   ] GC(1989)   Evacuate Collection Set: 0.2ms
[30.394s][info   ][gc,phases   ] GC(1989)   Post Evacuate Collection Set: 0.6ms
[30.394s][info   ][gc,phases   ] GC(1989)   Other: 0.1ms
[30.394s][info   ][gc,heap     ] GC(1989) Eden regions: 0->0(309)
[30.395s][info   ][gc,heap     ] GC(1989) Survivor regions: 0->0(50)
[30.395s][info   ][gc,heap     ] GC(1989) Old regions: 1->1
[30.395s][info   ][gc,heap     ] GC(1989) Archive regions: 2->2
[30.395s][info   ][gc,heap     ] GC(1989) Humongous regions: 1970->1510
[30.395s][info   ][gc,metaspace] GC(1989) Metaspace: 158K(384K)->158K(384K) NonClass: 150K(256K)->150K(256K) Class: 8K(128K)->8K(128K)
[30.395s][info   ][gc          ] GC(1989) Pause Young (Concurrent Start) (G1 Humongous Allocation) 1971M->1511M(2048M) 1.624ms
[30.395s][info   ][gc,cpu      ] GC(1989) User=0.00s Sys=0.00s Real=0.00s
[30.395s][info   ][gc          ] GC(1990) Concurrent Mark Cycle
[30.395s][info   ][gc,marking  ] GC(1990) Concurrent Clear Claimed Marks
[30.395s][info   ][gc,marking  ] GC(1990) Concurrent Clear Claimed Marks 0.008ms
[30.395s][info   ][gc,marking  ] GC(1990) Concurrent Scan Root Regions
[30.395s][info   ][gc,marking  ] GC(1990) Concurrent Scan Root Regions 0.006ms
[30.395s][info   ][gc,marking  ] GC(1990) Concurrent Mark
[30.395s][info   ][gc,marking  ] GC(1990) Concurrent Mark From Roots
[30.395s][info   ][gc,task     ] GC(1990) Using 1 workers of 1 for marking
[30.405s][info   ][gc,marking  ] GC(1990) Concurrent Mark From Roots 10.092ms
[30.405s][info   ][gc,marking  ] GC(1990) Concurrent Preclean
[30.405s][info   ][gc,marking  ] GC(1990) Concurrent Preclean 0.095ms
[30.406s][info   ][gc,start    ] GC(1990) Pause Remark
[30.407s][info   ][gc          ] GC(1990) Pause Remark 1671M->1671M(2048M) 1.189ms
[30.407s][info   ][gc,cpu      ] GC(1990) User=0.00s Sys=0.00s Real=0.00s
[30.407s][info   ][gc,marking  ] GC(1990) Concurrent Mark 12.496ms
[30.407s][info   ][gc,marking  ] GC(1990) Concurrent Rebuild Remembered Sets
[30.422s][info   ][gc,marking  ] GC(1990) Concurrent Rebuild Remembered Sets 14.516ms
[30.423s][info   ][gc,start    ] GC(1990) Pause Cleanup
[30.423s][info   ][gc          ] GC(1990) Pause Cleanup 1891M->1891M(2048M) 0.238ms
[30.423s][info   ][gc,cpu      ] GC(1990) User=0.00s Sys=0.00s Real=0.00s
[30.423s][info   ][gc,marking  ] GC(1990) Concurrent Cleanup for Next Mark
[30.436s][info   ][gc,start    ] GC(1991) Pause Young (Normal) (G1 Humongous Allocation)
[30.436s][info   ][gc,task     ] GC(1991) Using 4 workers of 4 for evacuation
[30.438s][info   ][gc,phases   ] GC(1991)   Pre Evacuate Collection Set: 0.2ms
[30.438s][info   ][gc,phases   ] GC(1991)   Merge Heap Roots: 0.3ms
[30.438s][info   ][gc,phases   ] GC(1991)   Evacuate Collection Set: 0.2ms
[30.438s][info   ][gc,phases   ] GC(1991)   Post Evacuate Collection Set: 0.7ms
[30.438s][info   ][gc,phases   ] GC(1991)   Other: 0.1ms
[30.438s][info   ][gc,heap     ] GC(1991) Eden regions: 0->0(356)
[30.438s][info   ][gc,heap     ] GC(1991) Survivor regions: 0->0(1)
[30.438s][info   ][gc,heap     ] GC(1991) Old regions: 1->1
[30.438s][info   ][gc,heap     ] GC(1991) Archive regions: 2->2
[30.438s][info   ][gc,heap     ] GC(1991) Humongous regions: 2044->1460
[30.438s][info   ][gc,metaspace] GC(1991) Metaspace: 158K(384K)->158K(384K) NonClass: 150K(256K)->150K(256K) Class: 8K(128K)->8K(128K)
[30.438s][info   ][gc          ] GC(1991) Pause Young (Normal) (G1 Humongous Allocation) 2045M->1461M(2048M) 1.633ms
[30.438s][info   ][gc,cpu      ] GC(1991) User=0.00s Sys=0.00s Real=0.00s
[30.444s][info   ][gc,marking  ] GC(1990) Concurrent Cleanup for Next Mark 20.175ms
[30.444s][info   ][gc          ] GC(1990) Concurrent Mark Cycle 49.012ms
[30.445s][info   ][gc,start    ] GC(1992) Pause Young (Concurrent Start) (G1 Humongous Allocation)
[30.445s][info   ][gc,task     ] GC(1992) Using 4 workers of 4 for evacuation
[30.446s][info   ][gc,phases   ] GC(1992)   Pre Evacuate Collection Set: 0.4ms
[30.446s][info   ][gc,phases   ] GC(1992)   Merge Heap Roots: 0.1ms
[30.446s][info   ][gc,phases   ] GC(1992)   Evacuate Collection Set: 0.4ms
[30.446s][info   ][gc,phases   ] GC(1992)   Post Evacuate Collection Set: 0.3ms
[30.446s][info   ][gc,phases   ] GC(1992)   Other: 0.2ms
[30.446s][info   ][gc,heap     ] GC(1992) Eden regions: 0->0(357)
[30.446s][info   ][gc,heap     ] GC(1992) Survivor regions: 0->0(45)
[30.446s][info   ][gc,heap     ] GC(1992) Old regions: 1->1
[30.446s][info   ][gc,heap     ] GC(1992) Archive regions: 2->2
[30.446s][info   ][gc,heap     ] GC(1992) Humongous regions: 1550->1458
[30.446s][info   ][gc,metaspace] GC(1992) Metaspace: 158K(384K)->158K(384K) NonClass: 150K(256K)->150K(256K) Class: 8K(128K)->8K(128K)
[30.446s][info   ][gc          ] GC(1992) Pause Young (Concurrent Start) (G1 Humongous Allocation) 1551M->1459M(2048M) 1.524ms
[30.446s][info   ][gc,cpu      ] GC(1992) User=0.00s Sys=0.00s Real=0.00s
[30.446s][info   ][gc          ] GC(1993) Concurrent Mark Cycle
[30.447s][info   ][gc,marking  ] GC(1993) Concurrent Clear Claimed Marks
[30.447s][info   ][gc,marking  ] GC(1993) Concurrent Clear Claimed Marks 0.008ms
[30.447s][info   ][gc,marking  ] GC(1993) Concurrent Scan Root Regions
[30.447s][info   ][gc,marking  ] GC(1993) Concurrent Scan Root Regions 0.006ms
[30.447s][info   ][gc,marking  ] GC(1993) Concurrent Mark
[30.447s][info   ][gc,marking  ] GC(1993) Concurrent Mark From Roots
[30.447s][info   ][gc,task     ] GC(1993) Using 1 workers of 1 for marking
[30.456s][info   ][gc,marking  ] GC(1993) Concurrent Mark From Roots 9.481ms
[30.456s][info   ][gc,marking  ] GC(1993) Concurrent Preclean
[30.456s][info   ][gc,marking  ] GC(1993) Concurrent Preclean 0.089ms
[30.457s][info   ][gc,start    ] GC(1993) Pause Remark
[30.458s][info   ][gc          ] GC(1993) Pause Remark 1609M->1609M(2048M) 0.699ms
[30.458s][info   ][gc,cpu      ] GC(1993) User=0.01s Sys=0.00s Real=0.00s
[30.458s][info   ][gc,marking  ] GC(1993) Concurrent Mark 11.413ms
[30.459s][info   ][gc,marking  ] GC(1993) Concurrent Rebuild Remembered Sets
[30.478s][info   ][gc,marking  ] GC(1993) Concurrent Rebuild Remembered Sets 18.516ms
[30.479s][info   ][gc,start    ] GC(1993) Pause Cleanup
[30.479s][info   ][gc          ] GC(1993) Pause Cleanup 1891M->1891M(2048M) 0.334ms
[30.479s][info   ][gc,cpu      ] GC(1993) User=0.00s Sys=0.00s Real=0.00s
[30.479s][info   ][gc,marking  ] GC(1993) Concurrent Cleanup for Next Mark
[30.491s][info   ][gc,start    ] GC(1994) Pause Young (Normal) (G1 Humongous Allocation)
[30.491s][info   ][gc,task     ] GC(1994) Using 4 workers of 4 for evacuation
[30.493s][info   ][gc,phases   ] GC(1994)   Pre Evacuate Collection Set: 0.3ms
[30.493s][info   ][gc,phases   ] GC(1994)   Merge Heap Roots: 0.7ms
[30.493s][info   ][gc,phases   ] GC(1994)   Evacuate Collection Set: 0.2ms
[30.493s][info   ][gc,phases   ] GC(1994)   Post Evacuate Collection Set: 0.9ms
[30.493s][info   ][gc,phases   ] GC(1994)   Other: 0.2ms
[30.493s][info   ][gc,heap     ] GC(1994) Eden regions: 0->0(326)
[30.493s][info   ][gc,heap     ] GC(1994) Survivor regions: 0->0(1)
[30.493s][info   ][gc,heap     ] GC(1994) Old regions: 1->1
[30.493s][info   ][gc,heap     ] GC(1994) Archive regions: 2->2
[30.493s][info   ][gc,heap     ] GC(1994) Humongous regions: 2044->1492
[30.493s][info   ][gc,metaspace] GC(1994) Metaspace: 158K(384K)->158K(384K) NonClass: 150K(256K)->150K(256K) Class: 8K(128K)->8K(128K)
[30.493s][info   ][gc          ] GC(1994) Pause Young (Normal) (G1 Humongous Allocation) 2045M->1493M(2048M) 2.391ms
[30.493s][info   ][gc,cpu      ] GC(1994) User=0.00s Sys=0.00s Real=0.00s
[30.503s][info   ][gc,marking  ] GC(1993) Concurrent Cleanup for Next Mark 23.796ms
[30.503s][info   ][gc          ] GC(1993) Concurrent Mark Cycle 56.824ms
[30.504s][info   ][gc,start    ] GC(1995) Pause Young (Concurrent Start) (G1 Humongous Allocation)
[30.504s][info   ][gc,task     ] GC(1995) Using 4 workers of 4 for evacuation
[30.506s][info   ][gc,phases   ] GC(1995)   Pre Evacuate Collection Set: 0.3ms
[30.506s][info   ][gc,phases   ] GC(1995)   Merge Heap Roots: 0.1ms
[30.506s][info   ][gc,phases   ] GC(1995)   Evacuate Collection Set: 0.5ms
[30.506s][info   ][gc,phases   ] GC(1995)   Post Evacuate Collection Set: 0.5ms
[30.506s][info   ][gc,phases   ] GC(1995)   Other: 0.1ms
[30.506s][info   ][gc,heap     ] GC(1995) Eden regions: 0->0(316)
[30.506s][info   ][gc,heap     ] GC(1995) Survivor regions: 0->0(41)
[30.506s][info   ][gc,heap     ] GC(1995) Old regions: 1->1
[30.506s][info   ][gc,heap     ] GC(1995) Archive regions: 2->2
[30.506s][info   ][gc,heap     ] GC(1995) Humongous regions: 1626->1502
[30.506s][info   ][gc,metaspace] GC(1995) Metaspace: 158K(384K)->158K(384K) NonClass: 150K(256K)->150K(256K) Class: 8K(128K)->8K(128K)
[30.506s][info   ][gc          ] GC(1995) Pause Young (Concurrent Start) (G1 Humongous Allocation) 1627M->1503M(2048M) 1.683ms
[30.506s][info   ][gc,cpu      ] GC(1995) User=0.00s Sys=0.00s Real=0.00s
[30.506s][info   ][gc          ] GC(1996) Concurrent Mark Cycle
[30.506s][info   ][gc,marking  ] GC(1996) Concurrent Clear Claimed Marks
[30.506s][info   ][gc,marking  ] GC(1996) Concurrent Clear Claimed Marks 0.006ms
[30.506s][info   ][gc,marking  ] GC(1996) Concurrent Scan Root Regions
[30.506s][info   ][gc,marking  ] GC(1996) Concurrent Scan Root Regions 0.006ms
[30.506s][info   ][gc,marking  ] GC(1996) Concurrent Mark
[30.506s][info   ][gc,marking  ] GC(1996) Concurrent Mark From Roots
[30.506s][info   ][gc,task     ] GC(1996) Using 1 workers of 1 for marking
[30.517s][info   ][gc,marking  ] GC(1996) Concurrent Mark From Roots 10.878ms
[30.517s][info   ][gc,marking  ] GC(1996) Concurrent Preclean
[30.517s][info   ][gc,marking  ] GC(1996) Concurrent Preclean 0.205ms
[30.518s][info   ][gc,start    ] GC(1996) Pause Remark
[30.519s][info   ][gc          ] GC(1996) Pause Remark 1627M->1627M(2048M) 0.872ms
[30.519s][info   ][gc,cpu      ] GC(1996) User=0.00s Sys=0.01s Real=0.01s
[30.519s][info   ][gc,marking  ] GC(1996) Concurrent Mark 12.839ms
[30.519s][info   ][gc,marking  ] GC(1996) Concurrent Rebuild Remembered Sets
[30.535s][info   ][gc,marking  ] GC(1996) Concurrent Rebuild Remembered Sets 15.766ms
[30.535s][info   ][gc,start    ] GC(1996) Pause Cleanup
[30.535s][info   ][gc          ] GC(1996) Pause Cleanup 1877M->1877M(2048M) 0.243ms
[30.535s][info   ][gc,cpu      ] GC(1996) User=0.00s Sys=0.00s Real=0.00s
[30.535s][info   ][gc,marking  ] GC(1996) Concurrent Cleanup for Next Mark
[30.551s][info   ][gc,start    ] GC(1997) Pause Young (Normal) (G1 Humongous Allocation)
[30.551s][info   ][gc,task     ] GC(1997) Using 4 workers of 4 for evacuation
[30.554s][info   ][gc,phases   ] GC(1997)   Pre Evacuate Collection Set: 0.4ms
[30.554s][info   ][gc,phases   ] GC(1997)   Merge Heap Roots: 0.5ms
[30.554s][info   ][gc,phases   ] GC(1997)   Evacuate Collection Set: 0.4ms
[30.554s][info   ][gc,phases   ] GC(1997)   Post Evacuate Collection Set: 0.7ms
[30.554s][info   ][gc,phases   ] GC(1997)   Other: 0.2ms
[30.554s][info   ][gc,heap     ] GC(1997) Eden regions: 0->0(309)
[30.554s][info   ][gc,heap     ] GC(1997) Survivor regions: 0->0(1)
[30.554s][info   ][gc,heap     ] GC(1997) Old regions: 1->1
[30.554s][info   ][gc,heap     ] GC(1997) Archive regions: 2->2
[30.554s][info   ][gc,heap     ] GC(1997) Humongous regions: 2044->1510
[30.554s][info   ][gc,metaspace] GC(1997) Metaspace: 158K(384K)->158K(384K) NonClass: 150K(256K)->150K(256K) Class: 8K(128K)->8K(128K)
[30.554s][info   ][gc          ] GC(1997) Pause Young (Normal) (G1 Humongous Allocation) 2045M->1511M(2048M) 2.262ms
[30.554s][info   ][gc,cpu      ] GC(1997) User=0.00s Sys=0.00s Real=0.00s
[30.554s][info   ][gc,marking  ] GC(1996) Concurrent Cleanup for Next Mark 18.530ms
[30.554s][info   ][gc          ] GC(1996) Concurrent Mark Cycle 47.856ms
[30.555s][info   ][gc,start    ] GC(1998) Pause Young (Concurrent Start) (G1 Humongous Allocation)
[30.555s][info   ][gc,task     ] GC(1998) Using 4 workers of 4 for evacuation
[30.556s][info   ][gc,phases   ] GC(1998)   Pre Evacuate Collection Set: 0.2ms
[30.556s][info   ][gc,phases   ] GC(1998)   Merge Heap Roots: 0.1ms
[30.556s][info   ][gc,phases   ] GC(1998)   Evacuate Collection Set: 0.2ms
[30.556s][info   ][gc,phases   ] GC(1998)   Post Evacuate Collection Set: 0.8ms
[30.556s][info   ][gc,phases   ] GC(1998)   Other: 0.2ms
[30.556s][info   ][gc,heap     ] GC(1998) Eden regions: 0->0(305)
[30.556s][info   ][gc,heap     ] GC(1998) Survivor regions: 0->0(39)
[30.556s][info   ][gc,heap     ] GC(1998) Old regions: 1->1
[30.556s][info   ][gc,heap     ] GC(1998) Archive regions: 2->2
[30.556s][info   ][gc,heap     ] GC(1998) Humongous regions: 1516->1514
[30.556s][info   ][gc,metaspace] GC(1998) Metaspace: 158K(384K)->158K(384K) NonClass: 150K(256K)->150K(256K) Class: 8K(128K)->8K(128K)
[30.556s][info   ][gc          ] GC(1998) Pause Young (Concurrent Start) (G1 Humongous Allocation) 1517M->1515M(2048M) 1.633ms
[30.556s][info   ][gc,cpu      ] GC(1998) User=0.00s Sys=0.01s Real=0.00s
[30.557s][info   ][gc          ] GC(1999) Concurrent Mark Cycle
[30.557s][info   ][gc,marking  ] GC(1999) Concurrent Clear Claimed Marks
[30.557s][info   ][gc,marking  ] GC(1999) Concurrent Clear Claimed Marks 0.019ms
[30.557s][info   ][gc,marking  ] GC(1999) Concurrent Scan Root Regions
[30.557s][info   ][gc,marking  ] GC(1999) Concurrent Scan Root Regions 0.008ms
[30.557s][info   ][gc,marking  ] GC(1999) Concurrent Mark
[30.557s][info   ][gc,marking  ] GC(1999) Concurrent Mark From Roots
[30.557s][info   ][gc,task     ] GC(1999) Using 1 workers of 1 for marking
[30.566s][info   ][gc,marking  ] GC(1999) Concurrent Mark From Roots 9.281ms
[30.566s][info   ][gc,marking  ] GC(1999) Concurrent Preclean
[30.566s][info   ][gc,marking  ] GC(1999) Concurrent Preclean 0.087ms
[30.566s][info   ][gc,start    ] GC(1999) Pause Remark
[30.568s][info   ][gc          ] GC(1999) Pause Remark 1623M->1623M(2048M) 1.911ms
[30.568s][info   ][gc,cpu      ] GC(1999) User=0.00s Sys=0.00s Real=0.01s
[30.568s][info   ][gc,marking  ] GC(1999) Concurrent Mark 11.772ms
[30.568s][info   ][gc,marking  ] GC(1999) Concurrent Rebuild Remembered Sets
[30.583s][info   ][gc,marking  ] GC(1999) Concurrent Rebuild Remembered Sets 14.420ms
[30.584s][info   ][gc,start    ] GC(1999) Pause Cleanup
[30.584s][info   ][gc          ] GC(1999) Pause Cleanup 1801M->1801M(2048M) 0.470ms
[30.584s][info   ][gc,cpu      ] GC(1999) User=0.00s Sys=0.00s Real=0.00s
[30.584s][info   ][gc,marking  ] GC(1999) Concurrent Cleanup for Next Mark
[30.599s][info   ][gc,marking  ] GC(1999) Concurrent Cleanup for Next Mark 14.504ms
[30.599s][info   ][gc          ] GC(1999) Concurrent Mark Cycle 42.427ms
[30.600s][info   ][gc,start    ] GC(2000) Pause Young (Concurrent Start) (G1 Humongous Allocation)
[30.600s][info   ][gc,task     ] GC(2000) Using 4 workers of 4 for evacuation
[30.603s][info   ][gc,phases   ] GC(2000)   Pre Evacuate Collection Set: 0.8ms
[30.603s][info   ][gc,phases   ] GC(2000)   Merge Heap Roots: 0.5ms
[30.603s][info   ][gc,phases   ] GC(2000)   Evacuate Collection Set: 0.6ms
[30.603s][info   ][gc,phases   ] GC(2000)   Post Evacuate Collection Set: 1.0ms
[30.603s][info   ][gc,phases   ] GC(2000)   Other: 0.5ms
[30.603s][info   ][gc,heap     ] GC(2000) Eden regions: 0->0(333)
[30.603s][info   ][gc,heap     ] GC(2000) Survivor regions: 0->0(39)
[30.603s][info   ][gc,heap     ] GC(2000) Old regions: 1->1
[30.603s][info   ][gc,heap     ] GC(2000) Archive regions: 2->2
[30.603s][info   ][gc,heap     ] GC(2000) Humongous regions: 1932->1484
[30.603s][info   ][gc,metaspace] GC(2000) Metaspace: 158K(384K)->158K(384K) NonClass: 150K(256K)->150K(256K) Class: 8K(128K)->8K(128K)
[30.603s][info   ][gc          ] GC(2000) Pause Young (Concurrent Start) (G1 Humongous Allocation) 1933M->1485M(2048M) 3.402ms
[30.603s][info   ][gc,cpu      ] GC(2000) User=0.00s Sys=0.01s Real=0.00s
[30.603s][info   ][gc          ] GC(2001) Concurrent Mark Cycle
[30.603s][info   ][gc,marking  ] GC(2001) Concurrent Clear Claimed Marks
[30.604s][info   ][gc,marking  ] GC(2001) Concurrent Clear Claimed Marks 0.009ms
[30.604s][info   ][gc,marking  ] GC(2001) Concurrent Scan Root Regions
[30.604s][info   ][gc,marking  ] GC(2001) Concurrent Scan Root Regions 0.007ms
[30.604s][info   ][gc,marking  ] GC(2001) Concurrent Mark
[30.604s][info   ][gc,marking  ] GC(2001) Concurrent Mark From Roots
[30.604s][info   ][gc,task     ] GC(2001) Using 1 workers of 1 for marking
[30.615s][info   ][gc,marking  ] GC(2001) Concurrent Mark From Roots 11.481ms
[30.615s][info   ][gc,marking  ] GC(2001) Concurrent Preclean
[30.615s][info   ][gc,marking  ] GC(2001) Concurrent Preclean 0.229ms
[30.617s][info   ][gc,start    ] GC(2001) Pause Remark
[30.620s][info   ][gc          ] GC(2001) Pause Remark 1659M->1659M(2048M) 3.388ms
[30.620s][info   ][gc,cpu      ] GC(2001) User=0.00s Sys=0.00s Real=0.01s
[30.620s][info   ][gc,marking  ] GC(2001) Concurrent Mark 16.783ms
[30.620s][info   ][gc,marking  ] GC(2001) Concurrent Rebuild Remembered Sets
[30.633s][info   ][gc,marking  ] GC(2001) Concurrent Rebuild Remembered Sets 12.860ms
[30.635s][info   ][gc,start    ] GC(2001) Pause Cleanup
[30.635s][info   ][gc          ] GC(2001) Pause Cleanup 1837M->1837M(2048M) 0.383ms
[30.635s][info   ][gc,cpu      ] GC(2001) User=0.00s Sys=0.00s Real=0.00s
[30.635s][info   ][gc,marking  ] GC(2001) Concurrent Cleanup for Next Mark
[30.651s][info   ][gc,marking  ] GC(2001) Concurrent Cleanup for Next Mark 15.370ms
[30.651s][info   ][gc          ] GC(2001) Concurrent Mark Cycle 47.343ms
[30.652s][info   ][gc,start    ] GC(2002) Pause Young (Concurrent Start) (G1 Humongous Allocation)
[30.652s][info   ][gc,task     ] GC(2002) Using 4 workers of 4 for evacuation
[30.655s][info   ][gc,phases   ] GC(2002)   Pre Evacuate Collection Set: 0.6ms
[30.655s][info   ][gc,phases   ] GC(2002)   Merge Heap Roots: 0.5ms
[30.655s][info   ][gc,phases   ] GC(2002)   Evacuate Collection Set: 0.7ms
[30.655s][info   ][gc,phases   ] GC(2002)   Post Evacuate Collection Set: 1.0ms
[30.655s][info   ][gc,phases   ] GC(2002)   Other: 0.3ms
[30.655s][info   ][gc,heap     ] GC(2002) Eden regions: 0->0(331)
[30.655s][info   ][gc,heap     ] GC(2002) Survivor regions: 0->0(42)
[30.655s][info   ][gc,heap     ] GC(2002) Old regions: 1->1
[30.655s][info   ][gc,heap     ] GC(2002) Archive regions: 2->2
[30.655s][info   ][gc,heap     ] GC(2002) Humongous regions: 1980->1486
[30.655s][info   ][gc,metaspace] GC(2002) Metaspace: 158K(384K)->158K(384K) NonClass: 150K(256K)->150K(256K) Class: 8K(128K)->8K(128K)
[30.655s][info   ][gc          ] GC(2002) Pause Young (Concurrent Start) (G1 Humongous Allocation) 1981M->1487M(2048M) 3.206ms
[30.655s][info   ][gc,cpu      ] GC(2002) User=0.00s Sys=0.01s Real=0.00s
[30.655s][info   ][gc          ] GC(2003) Concurrent Mark Cycle
[30.655s][info   ][gc,marking  ] GC(2003) Concurrent Clear Claimed Marks
[30.655s][info   ][gc,marking  ] GC(2003) Concurrent Clear Claimed Marks 0.011ms
[30.655s][info   ][gc,marking  ] GC(2003) Concurrent Scan Root Regions
[30.655s][info   ][gc,marking  ] GC(2003) Concurrent Scan Root Regions 0.007ms
[30.655s][info   ][gc,marking  ] GC(2003) Concurrent Mark
[30.655s][info   ][gc,marking  ] GC(2003) Concurrent Mark From Roots
[30.655s][info   ][gc,task     ] GC(2003) Using 1 workers of 1 for marking
[30.665s][info   ][gc,marking  ] GC(2003) Concurrent Mark From Roots 10.348ms
[30.666s][info   ][gc,marking  ] GC(2003) Concurrent Preclean
[30.666s][info   ][gc,marking  ] GC(2003) Concurrent Preclean 0.116ms
[30.666s][info   ][gc,start    ] GC(2003) Pause Remark
[30.667s][info   ][gc          ] GC(2003) Pause Remark 1631M->1631M(2048M) 1.085ms
[30.667s][info   ][gc,cpu      ] GC(2003) User=0.00s Sys=0.00s Real=0.00s
[30.668s][info   ][gc,marking  ] GC(2003) Concurrent Mark 12.481ms
[30.668s][info   ][gc,marking  ] GC(2003) Concurrent Rebuild Remembered Sets
[30.683s][info   ][gc,marking  ] GC(2003) Concurrent Rebuild Remembered Sets 15.784ms
[30.684s][info   ][gc,start    ] GC(2003) Pause Cleanup
[30.685s][info   ][gc          ] GC(2003) Pause Cleanup 1841M->1841M(2048M) 0.374ms
[30.685s][info   ][gc,cpu      ] GC(2003) User=0.00s Sys=0.00s Real=0.00s
[30.685s][info   ][gc,marking  ] GC(2003) Concurrent Cleanup for Next Mark
[30.705s][info   ][gc,marking  ] GC(2003) Concurrent Cleanup for Next Mark 20.158ms
[30.706s][info   ][gc,start    ] GC(2004) Pause Young (Normal) (G1 Humongous Allocation)
[30.706s][info   ][gc,task     ] GC(2004) Using 4 workers of 4 for evacuation
[30.708s][info   ][gc,phases   ] GC(2004)   Pre Evacuate Collection Set: 0.4ms
[30.708s][info   ][gc,phases   ] GC(2004)   Merge Heap Roots: 0.4ms
[30.708s][info   ][gc,phases   ] GC(2004)   Evacuate Collection Set: 0.2ms
[30.708s][info   ][gc,phases   ] GC(2004)   Post Evacuate Collection Set: 0.7ms
[30.708s][info   ][gc,phases   ] GC(2004)   Other: 0.2ms
[30.708s][info   ][gc,heap     ] GC(2004) Eden regions: 0->0(401)
[30.708s][info   ][gc,heap     ] GC(2004) Survivor regions: 0->0(1)
[30.708s][info   ][gc,heap     ] GC(2004) Old regions: 1->1
[30.708s][info   ][gc,heap     ] GC(2004) Archive regions: 2->2
[30.708s][info   ][gc,heap     ] GC(2004) Humongous regions: 2044->1412
[30.708s][info   ][gc,metaspace] GC(2004) Metaspace: 158K(384K)->158K(384K) NonClass: 150K(256K)->150K(256K) Class: 8K(128K)->8K(128K)
[30.708s][info   ][gc          ] GC(2004) Pause Young (Normal) (G1 Humongous Allocation) 2045M->1413M(2048M) 2.168ms
[30.708s][info   ][gc,cpu      ] GC(2004) User=0.00s Sys=0.00s Real=0.00s
[30.708s][info   ][gc          ] GC(2003) Concurrent Mark Cycle 53.356ms
[30.709s][info   ][gc,start    ] GC(2005) Pause Young (Concurrent Start) (G1 Humongous Allocation)
[30.709s][info   ][gc,task     ] GC(2005) Using 4 workers of 4 for evacuation
[30.710s][info   ][gc,phases   ] GC(2005)   Pre Evacuate Collection Set: 0.2ms
[30.710s][info   ][gc,phases   ] GC(2005)   Merge Heap Roots: 0.1ms
[30.710s][info   ][gc,phases   ] GC(2005)   Evacuate Collection Set: 0.5ms
[30.711s][info   ][gc,phases   ] GC(2005)   Post Evacuate Collection Set: 0.3ms
[30.711s][info   ][gc,phases   ] GC(2005)   Other: 0.1ms
[30.711s][info   ][gc,heap     ] GC(2005) Eden regions: 0->0(406)
[30.711s][info   ][gc,heap     ] GC(2005) Survivor regions: 0->0(51)
[30.711s][info   ][gc,heap     ] GC(2005) Old regions: 1->1
[30.711s][info   ][gc,heap     ] GC(2005) Archive regions: 2->2
[30.711s][info   ][gc,heap     ] GC(2005) Humongous regions: 1424->1406
[30.711s][info   ][gc,metaspace] GC(2005) Metaspace: 158K(384K)->158K(384K) NonClass: 150K(256K)->150K(256K) Class: 8K(128K)->8K(128K)
[30.711s][info   ][gc          ] GC(2005) Pause Young (Concurrent Start) (G1 Humongous Allocation) 1425M->1407M(2048M) 1.248ms
[30.711s][info   ][gc,cpu      ] GC(2005) User=0.00s Sys=0.00s Real=0.00s
[30.711s][info   ][gc          ] GC(2006) Concurrent Mark Cycle
[30.711s][info   ][gc,marking  ] GC(2006) Concurrent Clear Claimed Marks
[30.711s][info   ][gc,marking  ] GC(2006) Concurrent Clear Claimed Marks 0.012ms
[30.711s][info   ][gc,marking  ] GC(2006) Concurrent Scan Root Regions
[30.711s][info   ][gc,marking  ] GC(2006) Concurrent Scan Root Regions 0.009ms
[30.711s][info   ][gc,marking  ] GC(2006) Concurrent Mark
[30.711s][info   ][gc,marking  ] GC(2006) Concurrent Mark From Roots
[30.711s][info   ][gc,task     ] GC(2006) Using 1 workers of 1 for marking
[30.736s][info   ][gc,marking  ] GC(2006) Concurrent Mark From Roots 24.885ms
[30.736s][info   ][gc,marking  ] GC(2006) Concurrent Preclean
[30.736s][info   ][gc,marking  ] GC(2006) Concurrent Preclean 0.137ms
[30.737s][info   ][gc,start    ] GC(2006) Pause Remark
[30.738s][info   ][gc          ] GC(2006) Pause Remark 1697M->1697M(2048M) 0.804ms
[30.738s][info   ][gc,cpu      ] GC(2006) User=0.00s Sys=0.00s Real=0.01s
[30.747s][info   ][gc,marking  ] GC(2006) Concurrent Mark 35.997ms
[30.747s][info   ][gc,marking  ] GC(2006) Concurrent Rebuild Remembered Sets
[30.766s][info   ][gc,start    ] GC(2007) Pause Young (Normal) (G1 Humongous Allocation)
[30.767s][info   ][gc,task     ] GC(2007) Using 4 workers of 4 for evacuation
[30.769s][info   ][gc,phases   ] GC(2007)   Pre Evacuate Collection Set: 0.2ms
[30.769s][info   ][gc,phases   ] GC(2007)   Merge Heap Roots: 0.3ms
[30.769s][info   ][gc,phases   ] GC(2007)   Evacuate Collection Set: 0.2ms
[30.769s][info   ][gc,phases   ] GC(2007)   Post Evacuate Collection Set: 1.3ms
[30.769s][info   ][gc,phases   ] GC(2007)   Other: 0.1ms
[30.769s][info   ][gc,heap     ] GC(2007) Eden regions: 0->0(447)
[30.769s][info   ][gc,heap     ] GC(2007) Survivor regions: 0->0(1)
[30.769s][info   ][gc,heap     ] GC(2007) Old regions: 1->1
[30.769s][info   ][gc,heap     ] GC(2007) Archive regions: 2->2
[30.769s][info   ][gc,heap     ] GC(2007) Humongous regions: 2044->1362
[30.769s][info   ][gc,metaspace] GC(2007) Metaspace: 158K(384K)->158K(384K) NonClass: 150K(256K)->150K(256K) Class: 8K(128K)->8K(128K)
[30.769s][info   ][gc          ] GC(2007) Pause Young (Normal) (G1 Humongous Allocation) 2045M->1363M(2048M) 2.268ms
[30.769s][info   ][gc,cpu      ] GC(2007) User=0.00s Sys=0.00s Real=0.01s
[30.777s][info   ][gc,marking  ] GC(2006) Concurrent Rebuild Remembered Sets 30.500ms
[30.778s][info   ][gc,start    ] GC(2006) Pause Cleanup
[30.779s][info   ][gc          ] GC(2006) Pause Cleanup 1497M->1497M(2048M) 0.388ms
[30.779s][info   ][gc,cpu      ] GC(2006) User=0.00s Sys=0.00s Real=0.00s
[30.779s][info   ][gc,marking  ] GC(2006) Concurrent Cleanup for Next Mark
[30.802s][info   ][gc,marking  ] GC(2006) Concurrent Cleanup for Next Mark 23.181ms
[30.802s][info   ][gc          ] GC(2006) Concurrent Mark Cycle 91.489ms
[30.803s][info   ][gc,start    ] GC(2008) Pause Young (Concurrent Start) (G1 Humongous Allocation)
[30.803s][info   ][gc,task     ] GC(2008) Using 4 workers of 4 for evacuation
[30.805s][info   ][gc,phases   ] GC(2008)   Pre Evacuate Collection Set: 0.3ms
[30.805s][info   ][gc,phases   ] GC(2008)   Merge Heap Roots: 0.1ms
[30.805s][info   ][gc,phases   ] GC(2008)   Evacuate Collection Set: 0.4ms
[30.805s][info   ][gc,phases   ] GC(2008)   Post Evacuate Collection Set: 1.4ms
[30.805s][info   ][gc,phases   ] GC(2008)   Other: 0.2ms
[30.805s][info   ][gc,heap     ] GC(2008) Eden regions: 0->0(496)
[30.805s][info   ][gc,heap     ] GC(2008) Survivor regions: 0->0(56)
[30.805s][info   ][gc,heap     ] GC(2008) Old regions: 1->1
[30.805s][info   ][gc,heap     ] GC(2008) Archive regions: 2->2
[30.805s][info   ][gc,heap     ] GC(2008) Humongous regions: 1746->1310
[30.805s][info   ][gc,metaspace] GC(2008) Metaspace: 158K(384K)->158K(384K) NonClass: 150K(256K)->150K(256K) Class: 8K(128K)->8K(128K)
[30.805s][info   ][gc          ] GC(2008) Pause Young (Concurrent Start) (G1 Humongous Allocation) 1747M->1311M(2048M) 2.503ms
[30.805s][info   ][gc,cpu      ] GC(2008) User=0.00s Sys=0.01s Real=0.00s
[30.805s][info   ][gc          ] GC(2009) Concurrent Mark Cycle
[30.805s][info   ][gc,marking  ] GC(2009) Concurrent Clear Claimed Marks
[30.805s][info   ][gc,marking  ] GC(2009) Concurrent Clear Claimed Marks 0.008ms
[30.805s][info   ][gc,marking  ] GC(2009) Concurrent Scan Root Regions
[30.805s][info   ][gc,marking  ] GC(2009) Concurrent Scan Root Regions 0.007ms
[30.805s][info   ][gc,marking  ] GC(2009) Concurrent Mark
[30.805s][info   ][gc,marking  ] GC(2009) Concurrent Mark From Roots
[30.805s][info   ][gc,task     ] GC(2009) Using 1 workers of 1 for marking
[30.821s][info   ][gc,marking  ] GC(2009) Concurrent Mark From Roots 15.935ms
[30.821s][info   ][gc,marking  ] GC(2009) Concurrent Preclean
[30.822s][info   ][gc,marking  ] GC(2009) Concurrent Preclean 0.117ms
[30.822s][info   ][gc,start    ] GC(2009) Pause Remark
[30.823s][info   ][gc          ] GC(2009) Pause Remark 1543M->1543M(2048M) 0.718ms
[30.823s][info   ][gc,cpu      ] GC(2009) User=0.01s Sys=0.00s Real=0.00s
[30.823s][info   ][gc,marking  ] GC(2009) Concurrent Mark 17.551ms
[30.823s][info   ][gc,marking  ] GC(2009) Concurrent Rebuild Remembered Sets
[30.847s][info   ][gc,marking  ] GC(2009) Concurrent Rebuild Remembered Sets 24.000ms
[30.847s][info   ][gc,start    ] GC(2009) Pause Cleanup
[30.848s][info   ][gc          ] GC(2009) Pause Cleanup 1915M->1915M(2048M) 0.254ms
[30.848s][info   ][gc,cpu      ] GC(2009) User=0.00s Sys=0.00s Real=0.00s
[30.848s][info   ][gc,marking  ] GC(2009) Concurrent Cleanup for Next Mark
[30.860s][info   ][gc,start    ] GC(2010) Pause Young (Normal) (G1 Humongous Allocation)
[30.860s][info   ][gc,task     ] GC(2010) Using 4 workers of 4 for evacuation
[30.862s][info   ][gc,phases   ] GC(2010)   Pre Evacuate Collection Set: 0.3ms
[30.862s][info   ][gc,phases   ] GC(2010)   Merge Heap Roots: 0.3ms
[30.862s][info   ][gc,phases   ] GC(2010)   Evacuate Collection Set: 0.2ms
[30.862s][info   ][gc,phases   ] GC(2010)   Post Evacuate Collection Set: 1.0ms
[30.862s][info   ][gc,phases   ] GC(2010)   Other: 0.2ms
[30.862s][info   ][gc,heap     ] GC(2010) Eden regions: 0->0(416)
[30.862s][info   ][gc,heap     ] GC(2010) Survivor regions: 0->0(1)
[30.862s][info   ][gc,heap     ] GC(2010) Old regions: 1->1
[30.862s][info   ][gc,heap     ] GC(2010) Archive regions: 2->2
[30.862s][info   ][gc,heap     ] GC(2010) Humongous regions: 2044->1396
[30.862s][info   ][gc,metaspace] GC(2010) Metaspace: 158K(384K)->158K(384K) NonClass: 150K(256K)->150K(256K) Class: 8K(128K)->8K(128K)
[30.862s][info   ][gc          ] GC(2010) Pause Young (Normal) (G1 Humongous Allocation) 2045M->1397M(2048M) 2.100ms
[30.862s][info   ][gc,cpu      ] GC(2010) User=0.01s Sys=0.00s Real=0.00s
[30.875s][info   ][gc,marking  ] GC(2009) Concurrent Cleanup for Next Mark 27.490ms
[30.875s][info   ][gc          ] GC(2009) Concurrent Mark Cycle 70.034ms
[30.876s][info   ][gc,start    ] GC(2011) Pause Young (Concurrent Start) (G1 Humongous Allocation)
[30.876s][info   ][gc,task     ] GC(2011) Using 4 workers of 4 for evacuation
[30.877s][info   ][gc,phases   ] GC(2011)   Pre Evacuate Collection Set: 0.3ms
[30.877s][info   ][gc,phases   ] GC(2011)   Merge Heap Roots: 0.1ms
[30.877s][info   ][gc,phases   ] GC(2011)   Evacuate Collection Set: 0.6ms
[30.877s][info   ][gc,phases   ] GC(2011)   Post Evacuate Collection Set: 0.4ms
[30.878s][info   ][gc,phases   ] GC(2011)   Other: 0.2ms
[30.878s][info   ][gc,heap     ] GC(2011) Eden regions: 0->0(419)
[30.878s][info   ][gc,heap     ] GC(2011) Survivor regions: 0->0(52)
[30.878s][info   ][gc,heap     ] GC(2011) Old regions: 1->1
[30.878s][info   ][gc,heap     ] GC(2011) Archive regions: 2->2
[30.878s][info   ][gc,heap     ] GC(2011) Humongous regions: 1568->1392
[30.878s][info   ][gc,metaspace] GC(2011) Metaspace: 158K(384K)->158K(384K) NonClass: 150K(256K)->150K(256K) Class: 8K(128K)->8K(128K)
[30.878s][info   ][gc          ] GC(2011) Pause Young (Concurrent Start) (G1 Humongous Allocation) 1569M->1393M(2048M) 1.710ms
[30.878s][info   ][gc,cpu      ] GC(2011) User=0.00s Sys=0.00s Real=0.00s
[30.878s][info   ][gc          ] GC(2012) Concurrent Mark Cycle
[30.878s][info   ][gc,marking  ] GC(2012) Concurrent Clear Claimed Marks
[30.878s][info   ][gc,marking  ] GC(2012) Concurrent Clear Claimed Marks 0.008ms
[30.878s][info   ][gc,marking  ] GC(2012) Concurrent Scan Root Regions
[30.878s][info   ][gc,marking  ] GC(2012) Concurrent Scan Root Regions 0.006ms
[30.878s][info   ][gc,marking  ] GC(2012) Concurrent Mark
[30.878s][info   ][gc,marking  ] GC(2012) Concurrent Mark From Roots
[30.878s][info   ][gc,task     ] GC(2012) Using 1 workers of 1 for marking
[30.894s][info   ][gc,marking  ] GC(2012) Concurrent Mark From Roots 15.864ms
[30.894s][info   ][gc,marking  ] GC(2012) Concurrent Preclean
[30.894s][info   ][gc,marking  ] GC(2012) Concurrent Preclean 0.096ms
[30.895s][info   ][gc,start    ] GC(2012) Pause Remark
[30.896s][info   ][gc          ] GC(2012) Pause Remark 1615M->1615M(2048M) 0.977ms
[30.896s][info   ][gc,cpu      ] GC(2012) User=0.00s Sys=0.00s Real=0.00s
[30.896s][info   ][gc,marking  ] GC(2012) Concurrent Mark 18.347ms
[30.896s][info   ][gc,marking  ] GC(2012) Concurrent Rebuild Remembered Sets
[30.922s][info   ][gc,marking  ] GC(2012) Concurrent Rebuild Remembered Sets 26.218ms
[30.924s][info   ][gc,start    ] GC(2012) Pause Cleanup
[30.924s][info   ][gc          ] GC(2012) Pause Cleanup 2005M->2005M(2048M) 0.276ms
[30.924s][info   ][gc,cpu      ] GC(2012) User=0.00s Sys=0.00s Real=0.00s
[30.924s][info   ][gc,marking  ] GC(2012) Concurrent Cleanup for Next Mark
[30.931s][info   ][gc,start    ] GC(2013) Pause Young (Normal) (G1 Humongous Allocation)
[30.931s][info   ][gc,task     ] GC(2013) Using 4 workers of 4 for evacuation
[30.932s][info   ][gc,phases   ] GC(2013)   Pre Evacuate Collection Set: 0.2ms
[30.932s][info   ][gc,phases   ] GC(2013)   Merge Heap Roots: 0.3ms
[30.932s][info   ][gc,phases   ] GC(2013)   Evacuate Collection Set: 0.2ms
[30.932s][info   ][gc,phases   ] GC(2013)   Post Evacuate Collection Set: 0.8ms
[30.932s][info   ][gc,phases   ] GC(2013)   Other: 0.2ms
[30.932s][info   ][gc,heap     ] GC(2013) Eden regions: 0->0(401)
[30.932s][info   ][gc,heap     ] GC(2013) Survivor regions: 0->0(1)
[30.932s][info   ][gc,heap     ] GC(2013) Old regions: 1->1
[30.932s][info   ][gc,heap     ] GC(2013) Archive regions: 2->2
[30.932s][info   ][gc,heap     ] GC(2013) Humongous regions: 2044->1412
[30.932s][info   ][gc,metaspace] GC(2013) Metaspace: 158K(384K)->158K(384K) NonClass: 150K(256K)->150K(256K) Class: 8K(128K)->8K(128K)
[30.932s][info   ][gc          ] GC(2013) Pause Young (Normal) (G1 Humongous Allocation) 2045M->1413M(2048M) 1.748ms
[30.932s][info   ][gc,cpu      ] GC(2013) User=0.00s Sys=0.00s Real=0.00s
[30.934s][info   ][gc,marking  ] GC(2012) Concurrent Cleanup for Next Mark 10.296ms
[30.934s][info   ][gc          ] GC(2012) Concurrent Mark Cycle 56.800ms
[30.935s][info   ][gc,start    ] GC(2014) Pause Young (Concurrent Start) (G1 Humongous Allocation)
[30.935s][info   ][gc,task     ] GC(2014) Using 4 workers of 4 for evacuation
[30.937s][info   ][gc,phases   ] GC(2014)   Pre Evacuate Collection Set: 0.2ms
[30.937s][info   ][gc,phases   ] GC(2014)   Merge Heap Roots: 0.1ms
[30.937s][info   ][gc,phases   ] GC(2014)   Evacuate Collection Set: 0.3ms
[30.937s][info   ][gc,phases   ] GC(2014)   Post Evacuate Collection Set: 0.6ms
[30.937s][info   ][gc,phases   ] GC(2014)   Other: 0.1ms
[30.937s][info   ][gc,heap     ] GC(2014) Eden regions: 0->0(399)
[30.937s][info   ][gc,heap     ] GC(2014) Survivor regions: 0->0(51)
[30.937s][info   ][gc,heap     ] GC(2014) Old regions: 1->1
[30.937s][info   ][gc,heap     ] GC(2014) Archive regions: 2->2
[30.937s][info   ][gc,heap     ] GC(2014) Humongous regions: 1452->1414
[30.937s][info   ][gc,metaspace] GC(2014) Metaspace: 158K(384K)->158K(384K) NonClass: 150K(256K)->150K(256K) Class: 8K(128K)->8K(128K)
[30.937s][info   ][gc          ] GC(2014) Pause Young (Concurrent Start) (G1 Humongous Allocation) 1453M->1415M(2048M) 1.440ms
[30.937s][info   ][gc,cpu      ] GC(2014) User=0.00s Sys=0.00s Real=0.00s
[30.937s][info   ][gc          ] GC(2015) Concurrent Mark Cycle
[30.937s][info   ][gc,marking  ] GC(2015) Concurrent Clear Claimed Marks
[30.937s][info   ][gc,marking  ] GC(2015) Concurrent Clear Claimed Marks 0.007ms
[30.937s][info   ][gc,marking  ] GC(2015) Concurrent Scan Root Regions
[30.937s][info   ][gc,marking  ] GC(2015) Concurrent Scan Root Regions 0.006ms
[30.937s][info   ][gc,marking  ] GC(2015) Concurrent Mark
[30.937s][info   ][gc,marking  ] GC(2015) Concurrent Mark From Roots
[30.937s][info   ][gc,task     ] GC(2015) Using 1 workers of 1 for marking
[30.946s][info   ][gc,marking  ] GC(2015) Concurrent Mark From Roots 8.786ms
[30.946s][info   ][gc,marking  ] GC(2015) Concurrent Preclean
[30.946s][info   ][gc,marking  ] GC(2015) Concurrent Preclean 0.426ms
[30.947s][info   ][gc,start    ] GC(2015) Pause Remark
[30.948s][info   ][gc          ] GC(2015) Pause Remark 1555M->1555M(2048M) 1.092ms
[30.948s][info   ][gc,cpu      ] GC(2015) User=0.00s Sys=0.00s Real=0.01s
[30.948s][info   ][gc,marking  ] GC(2015) Concurrent Mark 11.324ms
[30.948s][info   ][gc,marking  ] GC(2015) Concurrent Rebuild Remembered Sets
[30.957s][info   ][gc,marking  ] GC(2015) Concurrent Rebuild Remembered Sets 8.690ms
[30.958s][info   ][gc,start    ] GC(2015) Pause Cleanup
[30.958s][info   ][gc          ] GC(2015) Pause Cleanup 1709M->1709M(2048M) 0.294ms
[30.958s][info   ][gc,cpu      ] GC(2015) User=0.00s Sys=0.00s Real=0.01s
[30.958s][info   ][gc,marking  ] GC(2015) Concurrent Cleanup for Next Mark
[30.973s][info   ][gc,marking  ] GC(2015) Concurrent Cleanup for Next Mark 14.452ms
[30.973s][info   ][gc          ] GC(2015) Concurrent Mark Cycle 36.216ms
[30.974s][info   ][gc,start    ] GC(2016) Pause Young (Concurrent Start) (G1 Humongous Allocation)
[30.974s][info   ][gc,task     ] GC(2016) Using 4 workers of 4 for evacuation
[30.976s][info   ][gc,phases   ] GC(2016)   Pre Evacuate Collection Set: 0.2ms
[30.976s][info   ][gc,phases   ] GC(2016)   Merge Heap Roots: 0.3ms
[30.976s][info   ][gc,phases   ] GC(2016)   Evacuate Collection Set: 0.3ms
[30.976s][info   ][gc,phases   ] GC(2016)   Post Evacuate Collection Set: 1.0ms
[30.976s][info   ][gc,phases   ] GC(2016)   Other: 0.2ms
[30.976s][info   ][gc,heap     ] GC(2016) Eden regions: 0->0(446)
[30.976s][info   ][gc,heap     ] GC(2016) Survivor regions: 0->0(50)
[30.976s][info   ][gc,heap     ] GC(2016) Old regions: 1->1
[30.976s][info   ][gc,heap     ] GC(2016) Archive regions: 2->2
[30.976s][info   ][gc,heap     ] GC(2016) Humongous regions: 1880->1364
[30.976s][info   ][gc,metaspace] GC(2016) Metaspace: 158K(384K)->158K(384K) NonClass: 150K(256K)->150K(256K) Class: 8K(128K)->8K(128K)
[30.976s][info   ][gc          ] GC(2016) Pause Young (Concurrent Start) (G1 Humongous Allocation) 1881M->1365M(2048M) 2.096ms
[30.976s][info   ][gc,cpu      ] GC(2016) User=0.00s Sys=0.00s Real=0.00s
[30.976s][info   ][gc          ] GC(2017) Concurrent Mark Cycle
[30.976s][info   ][gc,marking  ] GC(2017) Concurrent Clear Claimed Marks
[30.976s][info   ][gc,marking  ] GC(2017) Concurrent Clear Claimed Marks 0.007ms
[30.976s][info   ][gc,marking  ] GC(2017) Concurrent Scan Root Regions
[30.976s][info   ][gc,marking  ] GC(2017) Concurrent Scan Root Regions 0.006ms
[30.976s][info   ][gc,marking  ] GC(2017) Concurrent Mark
[30.976s][info   ][gc,marking  ] GC(2017) Concurrent Mark From Roots
[30.976s][info   ][gc,task     ] GC(2017) Using 1 workers of 1 for marking
[30.987s][info   ][gc,marking  ] GC(2017) Concurrent Mark From Roots 10.632ms
[30.987s][info   ][gc,marking  ] GC(2017) Concurrent Preclean
[30.987s][info   ][gc,marking  ] GC(2017) Concurrent Preclean 0.094ms
[30.987s][info   ][gc,start    ] GC(2017) Pause Remark
[30.988s][info   ][gc          ] GC(2017) Pause Remark 1481M->1481M(2048M) 0.913ms
[30.988s][info   ][gc,cpu      ] GC(2017) User=0.00s Sys=0.00s Real=0.01s
[30.989s][info   ][gc,marking  ] GC(2017) Concurrent Mark 12.051ms
[30.989s][info   ][gc,marking  ] GC(2017) Concurrent Rebuild Remembered Sets
[30.998s][info   ][gc,marking  ] GC(2017) Concurrent Rebuild Remembered Sets 9.004ms
[30.999s][info   ][gc,start    ] GC(2017) Pause Cleanup
[30.999s][info   ][gc          ] GC(2017) Pause Cleanup 1621M->1621M(2048M) 0.274ms
[30.999s][info   ][gc,cpu      ] GC(2017) User=0.00s Sys=0.00s Real=0.00s
[30.999s][info   ][gc,marking  ] GC(2017) Concurrent Cleanup for Next Mark
[31.014s][info   ][gc,marking  ] GC(2017) Concurrent Cleanup for Next Mark 14.373ms
[31.014s][info   ][gc          ] GC(2017) Concurrent Mark Cycle 37.459ms
[31.014s][info   ][gc,start    ] GC(2018) Pause Young (Concurrent Start) (G1 Humongous Allocation)
[31.014s][info   ][gc,task     ] GC(2018) Using 4 workers of 4 for evacuation
[31.016s][info   ][gc,phases   ] GC(2018)   Pre Evacuate Collection Set: 0.3ms
[31.017s][info   ][gc,phases   ] GC(2018)   Merge Heap Roots: 0.3ms
[31.017s][info   ][gc,phases   ] GC(2018)   Evacuate Collection Set: 0.4ms
[31.017s][info   ][gc,phases   ] GC(2018)   Post Evacuate Collection Set: 0.9ms
[31.017s][info   ][gc,phases   ] GC(2018)   Other: 0.2ms
[31.017s][info   ][gc,heap     ] GC(2018) Eden regions: 0->0(455)
[31.017s][info   ][gc,heap     ] GC(2018) Survivor regions: 0->0(56)
[31.017s][info   ][gc,heap     ] GC(2018) Old regions: 1->1
[31.017s][info   ][gc,heap     ] GC(2018) Archive regions: 2->2
[31.017s][info   ][gc,heap     ] GC(2018) Humongous regions: 1790->1354
[31.017s][info   ][gc,metaspace] GC(2018) Metaspace: 158K(384K)->158K(384K) NonClass: 150K(256K)->150K(256K) Class: 8K(128K)->8K(128K)
[31.017s][info   ][gc          ] GC(2018) Pause Young (Concurrent Start) (G1 Humongous Allocation) 1791M->1355M(2048M) 2.149ms
[31.017s][info   ][gc,cpu      ] GC(2018) User=0.00s Sys=0.00s Real=0.00s
[31.017s][info   ][gc          ] GC(2019) Concurrent Mark Cycle
[31.017s][info   ][gc,marking  ] GC(2019) Concurrent Clear Claimed Marks
[31.017s][info   ][gc,marking  ] GC(2019) Concurrent Clear Claimed Marks 0.007ms
[31.017s][info   ][gc,marking  ] GC(2019) Concurrent Scan Root Regions
[31.017s][info   ][gc,marking  ] GC(2019) Concurrent Scan Root Regions 0.006ms
[31.017s][info   ][gc,marking  ] GC(2019) Concurrent Mark
[31.017s][info   ][gc,marking  ] GC(2019) Concurrent Mark From Roots
[31.017s][info   ][gc,task     ] GC(2019) Using 1 workers of 1 for marking
[31.025s][info   ][gc,marking  ] GC(2019) Concurrent Mark From Roots 8.180ms
[31.025s][info   ][gc,marking  ] GC(2019) Concurrent Preclean
[31.025s][info   ][gc,marking  ] GC(2019) Concurrent Preclean 0.075ms
[31.025s][info   ][gc,start    ] GC(2019) Pause Remark
[31.026s][info   ][gc          ] GC(2019) Pause Remark 1459M->1459M(2048M) 0.664ms
[31.026s][info   ][gc,cpu      ] GC(2019) User=0.00s Sys=0.00s Real=0.00s
[31.026s][info   ][gc,marking  ] GC(2019) Concurrent Mark 9.191ms
[31.026s][info   ][gc,marking  ] GC(2019) Concurrent Rebuild Remembered Sets
[31.037s][info   ][gc,marking  ] GC(2019) Concurrent Rebuild Remembered Sets 11.140ms
[31.038s][info   ][gc,start    ] GC(2019) Pause Cleanup
[31.038s][info   ][gc          ] GC(2019) Pause Cleanup 1627M->1627M(2048M) 0.268ms
[31.038s][info   ][gc,cpu      ] GC(2019) User=0.00s Sys=0.00s Real=0.01s
[31.038s][info   ][gc,marking  ] GC(2019) Concurrent Cleanup for Next Mark
[31.054s][info   ][gc,marking  ] GC(2019) Concurrent Cleanup for Next Mark 15.268ms
[31.054s][info   ][gc          ] GC(2019) Concurrent Mark Cycle 37.065ms
[31.055s][info   ][gc,start    ] GC(2020) Pause Young (Concurrent Start) (G1 Humongous Allocation)
[31.055s][info   ][gc,task     ] GC(2020) Using 4 workers of 4 for evacuation
[31.057s][info   ][gc,phases   ] GC(2020)   Pre Evacuate Collection Set: 0.3ms
[31.057s][info   ][gc,phases   ] GC(2020)   Merge Heap Roots: 0.3ms
[31.057s][info   ][gc,phases   ] GC(2020)   Evacuate Collection Set: 0.5ms
[31.057s][info   ][gc,phases   ] GC(2020)   Post Evacuate Collection Set: 0.7ms
[31.057s][info   ][gc,phases   ] GC(2020)   Other: 0.2ms
[31.057s][info   ][gc,heap     ] GC(2020) Eden regions: 0->0(417)
[31.057s][info   ][gc,heap     ] GC(2020) Survivor regions: 0->0(57)
[31.057s][info   ][gc,heap     ] GC(2020) Old regions: 1->1
[31.057s][info   ][gc,heap     ] GC(2020) Archive regions: 2->2
[31.057s][info   ][gc,heap     ] GC(2020) Humongous regions: 1796->1394
[31.057s][info   ][gc,metaspace] GC(2020) Metaspace: 158K(384K)->158K(384K) NonClass: 150K(256K)->150K(256K) Class: 8K(128K)->8K(128K)
[31.057s][info   ][gc          ] GC(2020) Pause Young (Concurrent Start) (G1 Humongous Allocation) 1797M->1395M(2048M) 1.939ms
[31.057s][info   ][gc,cpu      ] GC(2020) User=0.00s Sys=0.00s Real=0.00s
[31.057s][info   ][gc          ] GC(2021) Concurrent Mark Cycle
[31.057s][info   ][gc,marking  ] GC(2021) Concurrent Clear Claimed Marks
[31.057s][info   ][gc,marking  ] GC(2021) Concurrent Clear Claimed Marks 0.007ms
[31.057s][info   ][gc,marking  ] GC(2021) Concurrent Scan Root Regions
[31.057s][info   ][gc,marking  ] GC(2021) Concurrent Scan Root Regions 0.006ms
[31.057s][info   ][gc,marking  ] GC(2021) Concurrent Mark
[31.057s][info   ][gc,marking  ] GC(2021) Concurrent Mark From Roots
[31.057s][info   ][gc,task     ] GC(2021) Using 1 workers of 1 for marking
[31.066s][info   ][gc,marking  ] GC(2021) Concurrent Mark From Roots 9.035ms
[31.067s][info   ][gc,marking  ] GC(2021) Concurrent Preclean
[31.067s][info   ][gc,marking  ] GC(2021) Concurrent Preclean 0.186ms
[31.068s][info   ][gc,start    ] GC(2021) Pause Remark
[31.069s][info   ][gc          ] GC(2021) Pause Remark 1531M->1531M(2048M) 0.769ms
[31.069s][info   ][gc,cpu      ] GC(2021) User=0.00s Sys=0.00s Real=0.01s
[31.069s][info   ][gc,marking  ] GC(2021) Concurrent Mark 11.424ms
[31.069s][info   ][gc,marking  ] GC(2021) Concurrent Rebuild Remembered Sets
[31.081s][info   ][gc,marking  ] GC(2021) Concurrent Rebuild Remembered Sets 12.252ms
[31.083s][info   ][gc,start    ] GC(2021) Pause Cleanup
[31.083s][info   ][gc          ] GC(2021) Pause Cleanup 1731M->1731M(2048M) 0.242ms
[31.083s][info   ][gc,cpu      ] GC(2021) User=0.00s Sys=0.00s Real=0.00s
[31.083s][info   ][gc,marking  ] GC(2021) Concurrent Cleanup for Next Mark
[31.098s][info   ][gc,marking  ] GC(2021) Concurrent Cleanup for Next Mark 15.309ms
[31.098s][info   ][gc          ] GC(2021) Concurrent Mark Cycle 41.068ms
[31.099s][info   ][gc,start    ] GC(2022) Pause Young (Concurrent Start) (G1 Humongous Allocation)
[31.099s][info   ][gc,task     ] GC(2022) Using 4 workers of 4 for evacuation
[31.101s][info   ][gc,phases   ] GC(2022)   Pre Evacuate Collection Set: 0.3ms
[31.101s][info   ][gc,phases   ] GC(2022)   Merge Heap Roots: 0.3ms
[31.101s][info   ][gc,phases   ] GC(2022)   Evacuate Collection Set: 0.3ms
[31.101s][info   ][gc,phases   ] GC(2022)   Post Evacuate Collection Set: 0.6ms
[31.101s][info   ][gc,phases   ] GC(2022)   Other: 0.2ms
[31.101s][info   ][gc,heap     ] GC(2022) Eden regions: 0->0(432)
[31.101s][info   ][gc,heap     ] GC(2022) Survivor regions: 0->0(53)
[31.101s][info   ][gc,heap     ] GC(2022) Old regions: 1->1
[31.101s][info   ][gc,heap     ] GC(2022) Archive regions: 2->2
[31.101s][info   ][gc,heap     ] GC(2022) Humongous regions: 1900->1378
[31.101s][info   ][gc,metaspace] GC(2022) Metaspace: 158K(384K)->158K(384K) NonClass: 150K(256K)->150K(256K) Class: 8K(128K)->8K(128K)
[31.101s][info   ][gc          ] GC(2022) Pause Young (Concurrent Start) (G1 Humongous Allocation) 1901M->1379M(2048M) 1.851ms
[31.101s][info   ][gc,cpu      ] GC(2022) User=0.00s Sys=0.00s Real=0.00s
[31.101s][info   ][gc          ] GC(2023) Concurrent Mark Cycle
[31.101s][info   ][gc,marking  ] GC(2023) Concurrent Clear Claimed Marks
[31.101s][info   ][gc,marking  ] GC(2023) Concurrent Clear Claimed Marks 0.007ms
[31.101s][info   ][gc,marking  ] GC(2023) Concurrent Scan Root Regions
[31.101s][info   ][gc,marking  ] GC(2023) Concurrent Scan Root Regions 0.006ms
[31.101s][info   ][gc,marking  ] GC(2023) Concurrent Mark
[31.101s][info   ][gc,marking  ] GC(2023) Concurrent Mark From Roots
[31.102s][info   ][gc,task     ] GC(2023) Using 1 workers of 1 for marking
[31.110s][info   ][gc,marking  ] GC(2023) Concurrent Mark From Roots 8.828ms
[31.111s][info   ][gc,marking  ] GC(2023) Concurrent Preclean
[31.111s][info   ][gc,marking  ] GC(2023) Concurrent Preclean 0.096ms
[31.112s][info   ][gc,start    ] GC(2023) Pause Remark
[31.113s][info   ][gc          ] GC(2023) Pause Remark 1533M->1533M(2048M) 0.913ms
[31.113s][info   ][gc,cpu      ] GC(2023) User=0.00s Sys=0.00s Real=0.00s
[31.113s][info   ][gc,marking  ] GC(2023) Concurrent Mark 11.185ms
[31.113s][info   ][gc,marking  ] GC(2023) Concurrent Rebuild Remembered Sets
[31.124s][info   ][gc,marking  ] GC(2023) Concurrent Rebuild Remembered Sets 11.725ms
[31.125s][info   ][gc,start    ] GC(2023) Pause Cleanup
[31.126s][info   ][gc          ] GC(2023) Pause Cleanup 1727M->1727M(2048M) 0.225ms
[31.126s][info   ][gc,cpu      ] GC(2023) User=0.00s Sys=0.00s Real=0.00s
[31.126s][info   ][gc,marking  ] GC(2023) Concurrent Cleanup for Next Mark
[31.144s][info   ][gc,marking  ] GC(2023) Concurrent Cleanup for Next Mark 18.239ms
[31.144s][info   ][gc          ] GC(2023) Concurrent Mark Cycle 42.859ms
[31.145s][info   ][gc,start    ] GC(2024) Pause Young (Concurrent Start) (G1 Humongous Allocation)
[31.145s][info   ][gc,task     ] GC(2024) Using 4 workers of 4 for evacuation
[31.147s][info   ][gc,phases   ] GC(2024)   Pre Evacuate Collection Set: 0.5ms
[31.147s][info   ][gc,phases   ] GC(2024)   Merge Heap Roots: 0.3ms
[31.147s][info   ][gc,phases   ] GC(2024)   Evacuate Collection Set: 0.3ms
[31.147s][info   ][gc,phases   ] GC(2024)   Post Evacuate Collection Set: 0.7ms
[31.147s][info   ][gc,phases   ] GC(2024)   Other: 0.3ms
[31.147s][info   ][gc,heap     ] GC(2024) Eden regions: 0->0(395)
[31.147s][info   ][gc,heap     ] GC(2024) Survivor regions: 0->0(54)
[31.147s][info   ][gc,heap     ] GC(2024) Old regions: 1->1
[31.147s][info   ][gc,heap     ] GC(2024) Archive regions: 2->2
[31.147s][info   ][gc,heap     ] GC(2024) Humongous regions: 1934->1418
[31.147s][info   ][gc,metaspace] GC(2024) Metaspace: 158K(384K)->158K(384K) NonClass: 150K(256K)->150K(256K) Class: 8K(128K)->8K(128K)
[31.147s][info   ][gc          ] GC(2024) Pause Young (Concurrent Start) (G1 Humongous Allocation) 1935M->1419M(2048M) 2.206ms
[31.147s][info   ][gc,cpu      ] GC(2024) User=0.00s Sys=0.00s Real=0.00s
[31.147s][info   ][gc          ] GC(2025) Concurrent Mark Cycle
[31.147s][info   ][gc,marking  ] GC(2025) Concurrent Clear Claimed Marks
[31.147s][info   ][gc,marking  ] GC(2025) Concurrent Clear Claimed Marks 0.031ms
[31.147s][info   ][gc,marking  ] GC(2025) Concurrent Scan Root Regions
[31.147s][info   ][gc,marking  ] GC(2025) Concurrent Scan Root Regions 0.006ms
[31.147s][info   ][gc,marking  ] GC(2025) Concurrent Mark
[31.147s][info   ][gc,marking  ] GC(2025) Concurrent Mark From Roots
[31.147s][info   ][gc,task     ] GC(2025) Using 1 workers of 1 for marking
[31.155s][info   ][gc,marking  ] GC(2025) Concurrent Mark From Roots 7.098ms
[31.155s][info   ][gc,marking  ] GC(2025) Concurrent Preclean
[31.155s][info   ][gc,marking  ] GC(2025) Concurrent Preclean 0.091ms
[31.155s][info   ][gc,start    ] GC(2025) Pause Remark
[31.156s][info   ][gc          ] GC(2025) Pause Remark 1523M->1523M(2048M) 0.753ms
[31.156s][info   ][gc,cpu      ] GC(2025) User=0.00s Sys=0.00s Real=0.00s
[31.156s][info   ][gc,marking  ] GC(2025) Concurrent Mark 8.586ms
[31.156s][info   ][gc,marking  ] GC(2025) Concurrent Rebuild Remembered Sets
[31.165s][info   ][gc,marking  ] GC(2025) Concurrent Rebuild Remembered Sets 9.079ms
[31.165s][info   ][gc,start    ] GC(2025) Pause Cleanup
[31.166s][info   ][gc          ] GC(2025) Pause Cleanup 1651M->1651M(2048M) 0.347ms
[31.166s][info   ][gc,cpu      ] GC(2025) User=0.00s Sys=0.00s Real=0.00s
[31.166s][info   ][gc,marking  ] GC(2025) Concurrent Cleanup for Next Mark
[31.178s][info   ][gc,marking  ] GC(2025) Concurrent Cleanup for Next Mark 12.143ms
[31.178s][info   ][gc          ] GC(2025) Concurrent Mark Cycle 30.890ms
[31.179s][info   ][gc,start    ] GC(2026) Pause Young (Concurrent Start) (G1 Humongous Allocation)
[31.179s][info   ][gc,task     ] GC(2026) Using 4 workers of 4 for evacuation
[31.181s][info   ][gc,phases   ] GC(2026)   Pre Evacuate Collection Set: 0.4ms
[31.182s][info   ][gc,phases   ] GC(2026)   Merge Heap Roots: 0.5ms
[31.182s][info   ][gc,phases   ] GC(2026)   Evacuate Collection Set: 0.4ms
[31.182s][info   ][gc,phases   ] GC(2026)   Post Evacuate Collection Set: 0.7ms
[31.182s][info   ][gc,phases   ] GC(2026)   Other: 0.3ms
[31.182s][info   ][gc,heap     ] GC(2026) Eden regions: 0->0(389)
[31.182s][info   ][gc,heap     ] GC(2026) Survivor regions: 0->0(50)
[31.182s][info   ][gc,heap     ] GC(2026) Old regions: 1->1
[31.182s][info   ][gc,heap     ] GC(2026) Archive regions: 2->2
[31.182s][info   ][gc,heap     ] GC(2026) Humongous regions: 1802->1424
[31.182s][info   ][gc,metaspace] GC(2026) Metaspace: 158K(384K)->158K(384K) NonClass: 150K(256K)->150K(256K) Class: 8K(128K)->8K(128K)
[31.182s][info   ][gc          ] GC(2026) Pause Young (Concurrent Start) (G1 Humongous Allocation) 1803M->1425M(2048M) 2.364ms
[31.182s][info   ][gc,cpu      ] GC(2026) User=0.00s Sys=0.00s Real=0.00s
[31.182s][info   ][gc          ] GC(2027) Concurrent Mark Cycle
[31.182s][info   ][gc,marking  ] GC(2027) Concurrent Clear Claimed Marks
[31.182s][info   ][gc,marking  ] GC(2027) Concurrent Clear Claimed Marks 0.008ms
[31.182s][info   ][gc,marking  ] GC(2027) Concurrent Scan Root Regions
[31.182s][info   ][gc,marking  ] GC(2027) Concurrent Scan Root Regions 0.006ms
[31.182s][info   ][gc,marking  ] GC(2027) Concurrent Mark
[31.182s][info   ][gc,marking  ] GC(2027) Concurrent Mark From Roots
[31.182s][info   ][gc,task     ] GC(2027) Using 1 workers of 1 for marking
[31.191s][info   ][gc,marking  ] GC(2027) Concurrent Mark From Roots 9.220ms
[31.191s][info   ][gc,marking  ] GC(2027) Concurrent Preclean
[31.191s][info   ][gc,marking  ] GC(2027) Concurrent Preclean 0.085ms
[31.192s][info   ][gc,start    ] GC(2027) Pause Remark
[31.193s][info   ][gc          ] GC(2027) Pause Remark 1573M->1573M(2048M) 0.702ms
[31.193s][info   ][gc,cpu      ] GC(2027) User=0.00s Sys=0.00s Real=0.00s
[31.193s][info   ][gc,marking  ] GC(2027) Concurrent Mark 11.322ms
[31.193s][info   ][gc,marking  ] GC(2027) Concurrent Rebuild Remembered Sets
[31.205s][info   ][gc,marking  ] GC(2027) Concurrent Rebuild Remembered Sets 11.544ms
[31.206s][info   ][gc,start    ] GC(2027) Pause Cleanup
[31.206s][info   ][gc          ] GC(2027) Pause Cleanup 1765M->1765M(2048M) 0.272ms
[31.206s][info   ][gc,cpu      ] GC(2027) User=0.00s Sys=0.00s Real=0.00s
[31.206s][info   ][gc,marking  ] GC(2027) Concurrent Cleanup for Next Mark
[31.216s][info   ][gc,marking  ] GC(2027) Concurrent Cleanup for Next Mark 9.355ms
[31.216s][info   ][gc          ] GC(2027) Concurrent Mark Cycle 34.097ms
[31.217s][info   ][gc,start    ] GC(2028) Pause Young (Concurrent Start) (G1 Humongous Allocation)
[31.217s][info   ][gc,task     ] GC(2028) Using 4 workers of 4 for evacuation
[31.218s][info   ][gc,phases   ] GC(2028)   Pre Evacuate Collection Set: 0.3ms
[31.218s][info   ][gc,phases   ] GC(2028)   Merge Heap Roots: 0.3ms
[31.218s][info   ][gc,phases   ] GC(2028)   Evacuate Collection Set: 0.4ms
[31.218s][info   ][gc,phases   ] GC(2028)   Post Evacuate Collection Set: 0.6ms
[31.218s][info   ][gc,phases   ] GC(2028)   Other: 0.2ms
[31.218s][info   ][gc,heap     ] GC(2028) Eden regions: 0->0(389)
[31.218s][info   ][gc,heap     ] GC(2028) Survivor regions: 0->0(49)
[31.218s][info   ][gc,heap     ] GC(2028) Old regions: 1->1
[31.218s][info   ][gc,heap     ] GC(2028) Archive regions: 2->2
[31.218s][info   ][gc,heap     ] GC(2028) Humongous regions: 1854->1424
[31.218s][info   ][gc,metaspace] GC(2028) Metaspace: 158K(384K)->158K(384K) NonClass: 150K(256K)->150K(256K) Class: 8K(128K)->8K(128K)
[31.219s][info   ][gc          ] GC(2028) Pause Young (Concurrent Start) (G1 Humongous Allocation) 1855M->1425M(2048M) 1.817ms
[31.219s][info   ][gc,cpu      ] GC(2028) User=0.00s Sys=0.00s Real=0.01s
[31.219s][info   ][gc          ] GC(2029) Concurrent Mark Cycle
[31.219s][info   ][gc,marking  ] GC(2029) Concurrent Clear Claimed Marks
[31.219s][info   ][gc,marking  ] GC(2029) Concurrent Clear Claimed Marks 0.007ms
[31.219s][info   ][gc,marking  ] GC(2029) Concurrent Scan Root Regions
[31.219s][info   ][gc,marking  ] GC(2029) Concurrent Scan Root Regions 0.005ms
[31.219s][info   ][gc,marking  ] GC(2029) Concurrent Mark
[31.219s][info   ][gc,marking  ] GC(2029) Concurrent Mark From Roots
[31.219s][info   ][gc,task     ] GC(2029) Using 1 workers of 1 for marking
[31.225s][info   ][gc,marking  ] GC(2029) Concurrent Mark From Roots 6.610ms
[31.225s][info   ][gc,marking  ] GC(2029) Concurrent Preclean
[31.225s][info   ][gc,marking  ] GC(2029) Concurrent Preclean 0.088ms
[31.226s][info   ][gc,start    ] GC(2029) Pause Remark
[31.227s][info   ][gc          ] GC(2029) Pause Remark 1537M->1537M(2048M) 0.921ms
[31.227s][info   ][gc,cpu      ] GC(2029) User=0.00s Sys=0.00s Real=0.00s
[31.227s][info   ][gc,marking  ] GC(2029) Concurrent Mark 8.671ms
[31.227s][info   ][gc,marking  ] GC(2029) Concurrent Rebuild Remembered Sets
[31.236s][info   ][gc,marking  ] GC(2029) Concurrent Rebuild Remembered Sets 9.151ms
[31.237s][info   ][gc,start    ] GC(2029) Pause Cleanup
[31.237s][info   ][gc          ] GC(2029) Pause Cleanup 1675M->1675M(2048M) 0.276ms
[31.237s][info   ][gc,cpu      ] GC(2029) User=0.00s Sys=0.00s Real=0.00s
[31.238s][info   ][gc,marking  ] GC(2029) Concurrent Cleanup for Next Mark
[31.249s][info   ][gc,marking  ] GC(2029) Concurrent Cleanup for Next Mark 11.434ms
[31.249s][info   ][gc          ] GC(2029) Concurrent Mark Cycle 30.609ms
[31.250s][info   ][gc,start    ] GC(2030) Pause Young (Concurrent Start) (G1 Humongous Allocation)
[31.250s][info   ][gc,task     ] GC(2030) Using 4 workers of 4 for evacuation
[31.252s][info   ][gc,phases   ] GC(2030)   Pre Evacuate Collection Set: 0.2ms
[31.252s][info   ][gc,phases   ] GC(2030)   Merge Heap Roots: 0.3ms
[31.252s][info   ][gc,phases   ] GC(2030)   Evacuate Collection Set: 0.2ms
[31.252s][info   ][gc,phases   ] GC(2030)   Post Evacuate Collection Set: 0.5ms
[31.252s][info   ][gc,phases   ] GC(2030)   Other: 0.1ms
[31.252s][info   ][gc,heap     ] GC(2030) Eden regions: 0->0(395)
[31.252s][info   ][gc,heap     ] GC(2030) Survivor regions: 0->0(49)
[31.252s][info   ][gc,heap     ] GC(2030) Old regions: 1->1
[31.252s][info   ][gc,heap     ] GC(2030) Archive regions: 2->2
[31.252s][info   ][gc,heap     ] GC(2030) Humongous regions: 1802->1418
[31.252s][info   ][gc,metaspace] GC(2030) Metaspace: 158K(384K)->158K(384K) NonClass: 150K(256K)->150K(256K) Class: 8K(128K)->8K(128K)
[31.252s][info   ][gc          ] GC(2030) Pause Young (Concurrent Start) (G1 Humongous Allocation) 1803M->1419M(2048M) 1.478ms
[31.252s][info   ][gc,cpu      ] GC(2030) User=0.00s Sys=0.00s Real=0.00s
[31.252s][info   ][gc          ] GC(2031) Concurrent Mark Cycle
[31.252s][info   ][gc,marking  ] GC(2031) Concurrent Clear Claimed Marks
[31.252s][info   ][gc,marking  ] GC(2031) Concurrent Clear Claimed Marks 0.007ms
[31.252s][info   ][gc,marking  ] GC(2031) Concurrent Scan Root Regions
[31.252s][info   ][gc,marking  ] GC(2031) Concurrent Scan Root Regions 0.005ms
[31.252s][info   ][gc,marking  ] GC(2031) Concurrent Mark
[31.252s][info   ][gc,marking  ] GC(2031) Concurrent Mark From Roots
[31.252s][info   ][gc,task     ] GC(2031) Using 1 workers of 1 for marking
[31.259s][info   ][gc,marking  ] GC(2031) Concurrent Mark From Roots 7.237ms
[31.259s][info   ][gc,marking  ] GC(2031) Concurrent Preclean
[31.259s][info   ][gc,marking  ] GC(2031) Concurrent Preclean 0.101ms
[31.260s][info   ][gc,start    ] GC(2031) Pause Remark
[31.261s][info   ][gc          ] GC(2031) Pause Remark 1553M->1553M(2048M) 0.713ms
[31.261s][info   ][gc,cpu      ] GC(2031) User=0.01s Sys=0.00s Real=0.00s
[31.261s][info   ][gc,marking  ] GC(2031) Concurrent Mark 9.470ms
[31.261s][info   ][gc,marking  ] GC(2031) Concurrent Rebuild Remembered Sets
[31.270s][info   ][gc,marking  ] GC(2031) Concurrent Rebuild Remembered Sets 8.406ms
[31.270s][info   ][gc,start    ] GC(2031) Pause Cleanup
[31.271s][info   ][gc          ] GC(2031) Pause Cleanup 1707M->1707M(2048M) 0.265ms
[31.271s][info   ][gc,cpu      ] GC(2031) User=0.00s Sys=0.00s Real=0.00s
[31.271s][info   ][gc,marking  ] GC(2031) Concurrent Cleanup for Next Mark
[31.285s][info   ][gc,marking  ] GC(2031) Concurrent Cleanup for Next Mark 14.365ms
[31.285s][info   ][gc          ] GC(2031) Concurrent Mark Cycle 33.689ms
[31.286s][info   ][gc,start    ] GC(2032) Pause Young (Concurrent Start) (G1 Humongous Allocation)
[31.286s][info   ][gc,task     ] GC(2032) Using 4 workers of 4 for evacuation
[31.288s][info   ][gc,phases   ] GC(2032)   Pre Evacuate Collection Set: 0.2ms
[31.288s][info   ][gc,phases   ] GC(2032)   Merge Heap Roots: 0.3ms
[31.288s][info   ][gc,phases   ] GC(2032)   Evacuate Collection Set: 0.5ms
[31.288s][info   ][gc,phases   ] GC(2032)   Post Evacuate Collection Set: 0.6ms
[31.288s][info   ][gc,phases   ] GC(2032)   Other: 0.2ms
[31.288s][info   ][gc,heap     ] GC(2032) Eden regions: 0->0(457)
[31.288s][info   ][gc,heap     ] GC(2032) Survivor regions: 0->0(50)
[31.288s][info   ][gc,heap     ] GC(2032) Old regions: 1->1
[31.288s][info   ][gc,heap     ] GC(2032) Archive regions: 2->2
[31.288s][info   ][gc,heap     ] GC(2032) Humongous regions: 1888->1352
[31.288s][info   ][gc,metaspace] GC(2032) Metaspace: 158K(384K)->158K(384K) NonClass: 150K(256K)->150K(256K) Class: 8K(128K)->8K(128K)
[31.288s][info   ][gc          ] GC(2032) Pause Young (Concurrent Start) (G1 Humongous Allocation) 1889M->1353M(2048M) 1.905ms
[31.288s][info   ][gc,cpu      ] GC(2032) User=0.00s Sys=0.01s Real=0.01s
[31.288s][info   ][gc          ] GC(2033) Concurrent Mark Cycle
[31.288s][info   ][gc,marking  ] GC(2033) Concurrent Clear Claimed Marks
[31.288s][info   ][gc,marking  ] GC(2033) Concurrent Clear Claimed Marks 0.007ms
[31.288s][info   ][gc,marking  ] GC(2033) Concurrent Scan Root Regions
[31.288s][info   ][gc,marking  ] GC(2033) Concurrent Scan Root Regions 0.005ms
[31.288s][info   ][gc,marking  ] GC(2033) Concurrent Mark
[31.288s][info   ][gc,marking  ] GC(2033) Concurrent Mark From Roots
[31.288s][info   ][gc,task     ] GC(2033) Using 1 workers of 1 for marking
[31.296s][info   ][gc,marking  ] GC(2033) Concurrent Mark From Roots 7.570ms
[31.296s][info   ][gc,marking  ] GC(2033) Concurrent Preclean
[31.296s][info   ][gc,marking  ] GC(2033) Concurrent Preclean 0.095ms
[31.297s][info   ][gc,start    ] GC(2033) Pause Remark
[31.298s][info   ][gc          ] GC(2033) Pause Remark 1455M->1455M(2048M) 0.934ms
[31.298s][info   ][gc,cpu      ] GC(2033) User=0.00s Sys=0.00s Real=0.01s
[31.298s][info   ][gc,marking  ] GC(2033) Concurrent Mark 9.984ms
[31.298s][info   ][gc,marking  ] GC(2033) Concurrent Rebuild Remembered Sets
[31.308s][info   ][gc,marking  ] GC(2033) Concurrent Rebuild Remembered Sets 9.553ms
[31.309s][info   ][gc,start    ] GC(2033) Pause Cleanup
[31.309s][info   ][gc          ] GC(2033) Pause Cleanup 1601M->1601M(2048M) 0.296ms
[31.309s][info   ][gc,cpu      ] GC(2033) User=0.00s Sys=0.00s Real=0.00s
[31.309s][info   ][gc,marking  ] GC(2033) Concurrent Cleanup for Next Mark
[31.323s][info   ][gc,marking  ] GC(2033) Concurrent Cleanup for Next Mark 14.045ms
[31.324s][info   ][gc          ] GC(2033) Concurrent Mark Cycle 35.215ms
[31.325s][info   ][gc,start    ] GC(2034) Pause Young (Concurrent Start) (G1 Humongous Allocation)
[31.325s][info   ][gc,task     ] GC(2034) Using 4 workers of 4 for evacuation
[31.326s][info   ][gc,phases   ] GC(2034)   Pre Evacuate Collection Set: 0.2ms
[31.326s][info   ][gc,phases   ] GC(2034)   Merge Heap Roots: 0.3ms
[31.326s][info   ][gc,phases   ] GC(2034)   Evacuate Collection Set: 0.2ms
[31.326s][info   ][gc,phases   ] GC(2034)   Post Evacuate Collection Set: 0.6ms
[31.326s][info   ][gc,phases   ] GC(2034)   Other: 0.1ms
[31.326s][info   ][gc,heap     ] GC(2034) Eden regions: 0->0(498)
[31.326s][info   ][gc,heap     ] GC(2034) Survivor regions: 0->0(58)
[31.326s][info   ][gc,heap     ] GC(2034) Old regions: 1->1
[31.326s][info   ][gc,heap     ] GC(2034) Archive regions: 2->2
[31.326s][info   ][gc,heap     ] GC(2034) Humongous regions: 1774->1308
[31.326s][info   ][gc,metaspace] GC(2034) Metaspace: 158K(384K)->158K(384K) NonClass: 150K(256K)->150K(256K) Class: 8K(128K)->8K(128K)
[31.326s][info   ][gc          ] GC(2034) Pause Young (Concurrent Start) (G1 Humongous Allocation) 1775M->1309M(2048M) 1.509ms
[31.326s][info   ][gc,cpu      ] GC(2034) User=0.00s Sys=0.00s Real=0.00s
[31.326s][info   ][gc          ] GC(2035) Concurrent Mark Cycle
[31.326s][info   ][gc,marking  ] GC(2035) Concurrent Clear Claimed Marks
[31.326s][info   ][gc,marking  ] GC(2035) Concurrent Clear Claimed Marks 0.008ms
[31.326s][info   ][gc,marking  ] GC(2035) Concurrent Scan Root Regions
[31.326s][info   ][gc,marking  ] GC(2035) Concurrent Scan Root Regions 0.006ms
[31.326s][info   ][gc,marking  ] GC(2035) Concurrent Mark
[31.326s][info   ][gc,marking  ] GC(2035) Concurrent Mark From Roots
[31.326s][info   ][gc,task     ] GC(2035) Using 1 workers of 1 for marking
[31.334s][info   ][gc,marking  ] GC(2035) Concurrent Mark From Roots 7.790ms
[31.334s][info   ][gc,marking  ] GC(2035) Concurrent Preclean
[31.334s][info   ][gc,marking  ] GC(2035) Concurrent Preclean 0.085ms
[31.335s][info   ][gc,start    ] GC(2035) Pause Remark
[31.336s][info   ][gc          ] GC(2035) Pause Remark 1439M->1439M(2048M) 0.748ms
[31.336s][info   ][gc,cpu      ] GC(2035) User=0.00s Sys=0.00s Real=0.00s
[31.336s][info   ][gc,marking  ] GC(2035) Concurrent Mark 9.884ms
[31.336s][info   ][gc,marking  ] GC(2035) Concurrent Rebuild Remembered Sets
[31.343s][info   ][gc,marking  ] GC(2035) Concurrent Rebuild Remembered Sets 7.413ms
[31.344s][info   ][gc,start    ] GC(2035) Pause Cleanup
[31.345s][info   ][gc          ] GC(2035) Pause Cleanup 1569M->1569M(2048M) 0.253ms
[31.345s][info   ][gc,cpu      ] GC(2035) User=0.00s Sys=0.00s Real=0.00s
[31.345s][info   ][gc,marking  ] GC(2035) Concurrent Cleanup for Next Mark
[31.359s][info   ][gc,marking  ] GC(2035) Concurrent Cleanup for Next Mark 13.913ms
[31.359s][info   ][gc          ] GC(2035) Concurrent Mark Cycle 32.683ms
[31.359s][info   ][gc,start    ] GC(2036) Pause Young (Concurrent Start) (G1 Humongous Allocation)
[31.359s][info   ][gc,task     ] GC(2036) Using 4 workers of 4 for evacuation
[31.361s][info   ][gc,phases   ] GC(2036)   Pre Evacuate Collection Set: 0.2ms
[31.361s][info   ][gc,phases   ] GC(2036)   Merge Heap Roots: 0.2ms
[31.361s][info   ][gc,phases   ] GC(2036)   Evacuate Collection Set: 0.2ms
[31.361s][info   ][gc,phases   ] GC(2036)   Post Evacuate Collection Set: 0.6ms
[31.361s][info   ][gc,phases   ] GC(2036)   Other: 0.2ms
[31.361s][info   ][gc,heap     ] GC(2036) Eden regions: 0->0(472)
[31.361s][info   ][gc,heap     ] GC(2036) Survivor regions: 0->0(63)
[31.361s][info   ][gc,heap     ] GC(2036) Old regions: 1->1
[31.361s][info   ][gc,heap     ] GC(2036) Archive regions: 2->2
[31.361s][info   ][gc,heap     ] GC(2036) Humongous regions: 1734->1336
[31.361s][info   ][gc,metaspace] GC(2036) Metaspace: 158K(384K)->158K(384K) NonClass: 150K(256K)->150K(256K) Class: 8K(128K)->8K(128K)
[31.361s][info   ][gc          ] GC(2036) Pause Young (Concurrent Start) (G1 Humongous Allocation) 1735M->1337M(2048M) 1.519ms
[31.361s][info   ][gc,cpu      ] GC(2036) User=0.01s Sys=0.00s Real=0.00s
[31.361s][info   ][gc          ] GC(2037) Concurrent Mark Cycle
[31.361s][info   ][gc,marking  ] GC(2037) Concurrent Clear Claimed Marks
[31.361s][info   ][gc,marking  ] GC(2037) Concurrent Clear Claimed Marks 0.007ms
[31.361s][info   ][gc,marking  ] GC(2037) Concurrent Scan Root Regions
[31.361s][info   ][gc,marking  ] GC(2037) Concurrent Scan Root Regions 0.005ms
[31.361s][info   ][gc,marking  ] GC(2037) Concurrent Mark
[31.361s][info   ][gc,marking  ] GC(2037) Concurrent Mark From Roots
[31.361s][info   ][gc,task     ] GC(2037) Using 1 workers of 1 for marking
[31.371s][info   ][gc,marking  ] GC(2037) Concurrent Mark From Roots 9.853ms
[31.371s][info   ][gc,marking  ] GC(2037) Concurrent Preclean
[31.371s][info   ][gc,marking  ] GC(2037) Concurrent Preclean 0.215ms
[31.372s][info   ][gc,start    ] GC(2037) Pause Remark
[31.373s][info   ][gc          ] GC(2037) Pause Remark 1481M->1481M(2048M) 0.690ms
[31.373s][info   ][gc,cpu      ] GC(2037) User=0.00s Sys=0.00s Real=0.00s
[31.373s][info   ][gc,marking  ] GC(2037) Concurrent Mark 12.382ms
[31.373s][info   ][gc,marking  ] GC(2037) Concurrent Rebuild Remembered Sets
[31.381s][info   ][gc,marking  ] GC(2037) Concurrent Rebuild Remembered Sets 7.757ms
[31.382s][info   ][gc,start    ] GC(2037) Pause Cleanup
[31.382s][info   ][gc          ] GC(2037) Pause Cleanup 1619M->1619M(2048M) 0.250ms
[31.382s][info   ][gc,cpu      ] GC(2037) User=0.00s Sys=0.00s Real=0.00s
[31.382s][info   ][gc,marking  ] GC(2037) Concurrent Cleanup for Next Mark
[31.397s][info   ][gc,marking  ] GC(2037) Concurrent Cleanup for Next Mark 14.828ms
[31.397s][info   ][gc          ] GC(2037) Concurrent Mark Cycle 36.495ms
[31.398s][info   ][gc,start    ] GC(2038) Pause Young (Concurrent Start) (G1 Humongous Allocation)
[31.398s][info   ][gc,task     ] GC(2038) Using 4 workers of 4 for evacuation
[31.400s][info   ][gc,phases   ] GC(2038)   Pre Evacuate Collection Set: 0.2ms
[31.400s][info   ][gc,phases   ] GC(2038)   Merge Heap Roots: 0.4ms
[31.400s][info   ][gc,phases   ] GC(2038)   Evacuate Collection Set: 0.6ms
[31.400s][info   ][gc,phases   ] GC(2038)   Post Evacuate Collection Set: 0.6ms
[31.400s][info   ][gc,phases   ] GC(2038)   Other: 0.1ms
[31.400s][info   ][gc,heap     ] GC(2038) Eden regions: 0->0(474)
[31.400s][info   ][gc,heap     ] GC(2038) Survivor regions: 0->0(59)
[31.400s][info   ][gc,heap     ] GC(2038) Old regions: 1->1
[31.400s][info   ][gc,heap     ] GC(2038) Archive regions: 2->2
[31.400s][info   ][gc,heap     ] GC(2038) Humongous regions: 1800->1334
[31.400s][info   ][gc,metaspace] GC(2038) Metaspace: 158K(384K)->158K(384K) NonClass: 150K(256K)->150K(256K) Class: 8K(128K)->8K(128K)
[31.400s][info   ][gc          ] GC(2038) Pause Young (Concurrent Start) (G1 Humongous Allocation) 1801M->1335M(2048M) 2.101ms
[31.400s][info   ][gc,cpu      ] GC(2038) User=0.00s Sys=0.00s Real=0.00s
[31.401s][info   ][gc          ] GC(2039) Concurrent Mark Cycle
[31.401s][info   ][gc,marking  ] GC(2039) Concurrent Clear Claimed Marks
[31.401s][info   ][gc,marking  ] GC(2039) Concurrent Clear Claimed Marks 0.007ms
[31.401s][info   ][gc,marking  ] GC(2039) Concurrent Scan Root Regions
[31.401s][info   ][gc,marking  ] GC(2039) Concurrent Scan Root Regions 0.006ms
[31.401s][info   ][gc,marking  ] GC(2039) Concurrent Mark
[31.401s][info   ][gc,marking  ] GC(2039) Concurrent Mark From Roots
[31.401s][info   ][gc,task     ] GC(2039) Using 1 workers of 1 for marking
[31.408s][info   ][gc,marking  ] GC(2039) Concurrent Mark From Roots 7.155ms
[31.408s][info   ][gc,marking  ] GC(2039) Concurrent Preclean
[31.408s][info   ][gc,marking  ] GC(2039) Concurrent Preclean 0.097ms
[31.409s][info   ][gc,start    ] GC(2039) Pause Remark
[31.409s][info   ][gc          ] GC(2039) Pause Remark 1431M->1431M(2048M) 0.714ms
[31.409s][info   ][gc,cpu      ] GC(2039) User=0.00s Sys=0.00s Real=0.00s
[31.409s][info   ][gc,marking  ] GC(2039) Concurrent Mark 8.810ms
[31.409s][info   ][gc,marking  ] GC(2039) Concurrent Rebuild Remembered Sets
[31.418s][info   ][gc,marking  ] GC(2039) Concurrent Rebuild Remembered Sets 8.810ms
[31.420s][info   ][gc,start    ] GC(2039) Pause Cleanup
[31.420s][info   ][gc          ] GC(2039) Pause Cleanup 1597M->1597M(2048M) 0.252ms
[31.420s][info   ][gc,cpu      ] GC(2039) User=0.00s Sys=0.01s Real=0.00s
[31.420s][info   ][gc,marking  ] GC(2039) Concurrent Cleanup for Next Mark
[31.435s][info   ][gc,marking  ] GC(2039) Concurrent Cleanup for Next Mark 15.213ms
[31.436s][info   ][gc          ] GC(2039) Concurrent Mark Cycle 35.101ms
[31.437s][info   ][gc,start    ] GC(2040) Pause Young (Concurrent Start) (G1 Humongous Allocation)
[31.437s][info   ][gc,task     ] GC(2040) Using 4 workers of 4 for evacuation
[31.438s][info   ][gc,phases   ] GC(2040)   Pre Evacuate Collection Set: 0.2ms
[31.438s][info   ][gc,phases   ] GC(2040)   Merge Heap Roots: 0.2ms
[31.438s][info   ][gc,phases   ] GC(2040)   Evacuate Collection Set: 0.2ms
[31.438s][info   ][gc,phases   ] GC(2040)   Post Evacuate Collection Set: 0.5ms
[31.438s][info   ][gc,phases   ] GC(2040)   Other: 0.2ms
[31.438s][info   ][gc,heap     ] GC(2040) Eden regions: 0->0(440)
[31.438s][info   ][gc,heap     ] GC(2040) Survivor regions: 0->0(60)
[31.438s][info   ][gc,heap     ] GC(2040) Old regions: 1->1
[31.438s][info   ][gc,heap     ] GC(2040) Archive regions: 2->2
[31.438s][info   ][gc,heap     ] GC(2040) Humongous regions: 1786->1370
[31.438s][info   ][gc,metaspace] GC(2040) Metaspace: 158K(384K)->158K(384K) NonClass: 150K(256K)->150K(256K) Class: 8K(128K)->8K(128K)
[31.438s][info   ][gc          ] GC(2040) Pause Young (Concurrent Start) (G1 Humongous Allocation) 1787M->1371M(2048M) 1.445ms
[31.438s][info   ][gc,cpu      ] GC(2040) User=0.01s Sys=0.00s Real=0.01s
[31.438s][info   ][gc          ] GC(2041) Concurrent Mark Cycle
[31.438s][info   ][gc,marking  ] GC(2041) Concurrent Clear Claimed Marks
[31.438s][info   ][gc,marking  ] GC(2041) Concurrent Clear Claimed Marks 0.009ms
[31.438s][info   ][gc,marking  ] GC(2041) Concurrent Scan Root Regions
[31.438s][info   ][gc,marking  ] GC(2041) Concurrent Scan Root Regions 0.007ms
[31.438s][info   ][gc,marking  ] GC(2041) Concurrent Mark
[31.438s][info   ][gc,marking  ] GC(2041) Concurrent Mark From Roots
[31.438s][info   ][gc,task     ] GC(2041) Using 1 workers of 1 for marking
[31.444s][info   ][gc,marking  ] GC(2041) Concurrent Mark From Roots 5.541ms
[31.444s][info   ][gc,marking  ] GC(2041) Concurrent Preclean
[31.444s][info   ][gc,marking  ] GC(2041) Concurrent Preclean 0.092ms
[31.445s][info   ][gc,start    ] GC(2041) Pause Remark
[31.445s][info   ][gc          ] GC(2041) Pause Remark 1445M->1445M(2048M) 0.679ms
[31.445s][info   ][gc,cpu      ] GC(2041) User=0.00s Sys=0.00s Real=0.00s
[31.446s][info   ][gc,marking  ] GC(2041) Concurrent Mark 7.337ms
[31.446s][info   ][gc,marking  ] GC(2041) Concurrent Rebuild Remembered Sets
[31.456s][info   ][gc,marking  ] GC(2041) Concurrent Rebuild Remembered Sets 10.811ms
[31.457s][info   ][gc,start    ] GC(2041) Pause Cleanup
[31.457s][info   ][gc          ] GC(2041) Pause Cleanup 1625M->1625M(2048M) 0.276ms
[31.457s][info   ][gc,cpu      ] GC(2041) User=0.00s Sys=0.00s Real=0.00s
[31.457s][info   ][gc,marking  ] GC(2041) Concurrent Cleanup for Next Mark
[31.476s][info   ][gc,marking  ] GC(2041) Concurrent Cleanup for Next Mark 18.207ms
[31.476s][info   ][gc          ] GC(2041) Concurrent Mark Cycle 37.627ms
[31.477s][info   ][gc,start    ] GC(2042) Pause Young (Concurrent Start) (G1 Humongous Allocation)
[31.477s][info   ][gc,task     ] GC(2042) Using 4 workers of 4 for evacuation
[31.479s][info   ][gc,phases   ] GC(2042)   Pre Evacuate Collection Set: 0.3ms
[31.479s][info   ][gc,phases   ] GC(2042)   Merge Heap Roots: 0.4ms
[31.479s][info   ][gc,phases   ] GC(2042)   Evacuate Collection Set: 0.3ms
[31.479s][info   ][gc,phases   ] GC(2042)   Post Evacuate Collection Set: 1.0ms
[31.479s][info   ][gc,phases   ] GC(2042)   Other: 0.2ms
[31.479s][info   ][gc,heap     ] GC(2042) Eden regions: 0->0(507)
[31.479s][info   ][gc,heap     ] GC(2042) Survivor regions: 0->0(55)
[31.479s][info   ][gc,heap     ] GC(2042) Old regions: 1->1
[31.479s][info   ][gc,heap     ] GC(2042) Archive regions: 2->2
[31.479s][info   ][gc,heap     ] GC(2042) Humongous regions: 1850->1298
[31.479s][info   ][gc,metaspace] GC(2042) Metaspace: 158K(384K)->158K(384K) NonClass: 150K(256K)->150K(256K) Class: 8K(128K)->8K(128K)
[31.479s][info   ][gc          ] GC(2042) Pause Young (Concurrent Start) (G1 Humongous Allocation) 1851M->1299M(2048M) 2.268ms
[31.479s][info   ][gc,cpu      ] GC(2042) User=0.01s Sys=0.00s Real=0.01s
[31.479s][info   ][gc          ] GC(2043) Concurrent Mark Cycle
[31.479s][info   ][gc,marking  ] GC(2043) Concurrent Clear Claimed Marks
[31.479s][info   ][gc,marking  ] GC(2043) Concurrent Clear Claimed Marks 0.007ms
[31.479s][info   ][gc,marking  ] GC(2043) Concurrent Scan Root Regions
[31.479s][info   ][gc,marking  ] GC(2043) Concurrent Scan Root Regions 0.006ms
[31.479s][info   ][gc,marking  ] GC(2043) Concurrent Mark
[31.479s][info   ][gc,marking  ] GC(2043) Concurrent Mark From Roots
[31.479s][info   ][gc,task     ] GC(2043) Using 1 workers of 1 for marking
[31.488s][info   ][gc,marking  ] GC(2043) Concurrent Mark From Roots 8.279ms
[31.488s][info   ][gc,marking  ] GC(2043) Concurrent Preclean
[31.488s][info   ][gc,marking  ] GC(2043) Concurrent Preclean 0.121ms
[31.488s][info   ][gc,start    ] GC(2043) Pause Remark
[31.489s][info   ][gc          ] GC(2043) Pause Remark 1443M->1443M(2048M) 0.802ms
[31.489s][info   ][gc,cpu      ] GC(2043) User=0.00s Sys=0.00s Real=0.01s
[31.489s][info   ][gc,marking  ] GC(2043) Concurrent Mark 10.013ms
[31.489s][info   ][gc,marking  ] GC(2043) Concurrent Rebuild Remembered Sets
[31.500s][info   ][gc,marking  ] GC(2043) Concurrent Rebuild Remembered Sets 10.342ms
[31.501s][info   ][gc,start    ] GC(2043) Pause Cleanup
[31.501s][info   ][gc          ] GC(2043) Pause Cleanup 1607M->1607M(2048M) 0.329ms
[31.501s][info   ][gc,cpu      ] GC(2043) User=0.00s Sys=0.01s Real=0.00s
[31.501s][info   ][gc,marking  ] GC(2043) Concurrent Cleanup for Next Mark
[31.516s][info   ][gc,marking  ] GC(2043) Concurrent Cleanup for Next Mark 14.328ms
[31.516s][info   ][gc          ] GC(2043) Concurrent Mark Cycle 36.649ms
[31.517s][info   ][gc,start    ] GC(2044) Pause Young (Concurrent Start) (G1 Humongous Allocation)
[31.517s][info   ][gc,task     ] GC(2044) Using 4 workers of 4 for evacuation
[31.518s][info   ][gc,phases   ] GC(2044)   Pre Evacuate Collection Set: 0.2ms
[31.518s][info   ][gc,phases   ] GC(2044)   Merge Heap Roots: 0.3ms
[31.518s][info   ][gc,phases   ] GC(2044)   Evacuate Collection Set: 0.3ms
[31.518s][info   ][gc,phases   ] GC(2044)   Post Evacuate Collection Set: 0.9ms
[31.518s][info   ][gc,phases   ] GC(2044)   Other: 0.2ms
[31.518s][info   ][gc,heap     ] GC(2044) Eden regions: 0->0(500)
[31.519s][info   ][gc,heap     ] GC(2044) Survivor regions: 0->0(64)
[31.519s][info   ][gc,heap     ] GC(2044) Old regions: 1->1
[31.519s][info   ][gc,heap     ] GC(2044) Archive regions: 2->2
[31.519s][info   ][gc,heap     ] GC(2044) Humongous regions: 1776->1306
[31.519s][info   ][gc,metaspace] GC(2044) Metaspace: 158K(384K)->158K(384K) NonClass: 150K(256K)->150K(256K) Class: 8K(128K)->8K(128K)
[31.519s][info   ][gc          ] GC(2044) Pause Young (Concurrent Start) (G1 Humongous Allocation) 1777M->1307M(2048M) 1.947ms
[31.519s][info   ][gc,cpu      ] GC(2044) User=0.00s Sys=0.00s Real=0.01s
[31.519s][info   ][gc          ] GC(2045) Concurrent Mark Cycle
[31.519s][info   ][gc,marking  ] GC(2045) Concurrent Clear Claimed Marks
[31.519s][info   ][gc,marking  ] GC(2045) Concurrent Clear Claimed Marks 0.029ms
[31.519s][info   ][gc,marking  ] GC(2045) Concurrent Scan Root Regions
[31.519s][info   ][gc,marking  ] GC(2045) Concurrent Scan Root Regions 0.006ms
[31.519s][info   ][gc,marking  ] GC(2045) Concurrent Mark
[31.519s][info   ][gc,marking  ] GC(2045) Concurrent Mark From Roots
[31.519s][info   ][gc,task     ] GC(2045) Using 1 workers of 1 for marking
[31.526s][info   ][gc,marking  ] GC(2045) Concurrent Mark From Roots 6.965ms
[31.526s][info   ][gc,marking  ] GC(2045) Concurrent Preclean
[31.526s][info   ][gc,marking  ] GC(2045) Concurrent Preclean 0.273ms
[31.526s][info   ][gc,start    ] GC(2045) Pause Remark
[31.527s][info   ][gc          ] GC(2045) Pause Remark 1413M->1413M(2048M) 0.730ms
[31.527s][info   ][gc,cpu      ] GC(2045) User=0.00s Sys=0.00s Real=0.00s
[31.530s][info   ][gc,marking  ] GC(2045) Concurrent Mark 11.568ms
[31.530s][info   ][gc,marking  ] GC(2045) Concurrent Rebuild Remembered Sets
[31.540s][info   ][gc,marking  ] GC(2045) Concurrent Rebuild Remembered Sets 9.692ms
[31.541s][info   ][gc,start    ] GC(2045) Pause Cleanup
[31.541s][info   ][gc          ] GC(2045) Pause Cleanup 1627M->1627M(2048M) 0.235ms
[31.541s][info   ][gc,cpu      ] GC(2045) User=0.00s Sys=0.00s Real=0.00s
[31.541s][info   ][gc,marking  ] GC(2045) Concurrent Cleanup for Next Mark
[31.558s][info   ][gc,marking  ] GC(2045) Concurrent Cleanup for Next Mark 16.916ms
[31.559s][info   ][gc          ] GC(2045) Concurrent Mark Cycle 40.000ms
[31.559s][info   ][gc,start    ] GC(2046) Pause Young (Concurrent Start) (G1 Humongous Allocation)
[31.559s][info   ][gc,task     ] GC(2046) Using 4 workers of 4 for evacuation
[31.561s][info   ][gc,phases   ] GC(2046)   Pre Evacuate Collection Set: 0.3ms
[31.561s][info   ][gc,phases   ] GC(2046)   Merge Heap Roots: 0.3ms
[31.561s][info   ][gc,phases   ] GC(2046)   Evacuate Collection Set: 0.4ms
[31.561s][info   ][gc,phases   ] GC(2046)   Post Evacuate Collection Set: 0.7ms
[31.561s][info   ][gc,phases   ] GC(2046)   Other: 0.2ms
[31.561s][info   ][gc,heap     ] GC(2046) Eden regions: 0->0(487)
[31.561s][info   ][gc,heap     ] GC(2046) Survivor regions: 0->0(63)
[31.561s][info   ][gc,heap     ] GC(2046) Old regions: 1->1
[31.561s][info   ][gc,heap     ] GC(2046) Archive regions: 2->2
[31.561s][info   ][gc,heap     ] GC(2046) Humongous regions: 1830->1320
[31.561s][info   ][gc,metaspace] GC(2046) Metaspace: 158K(384K)->158K(384K) NonClass: 150K(256K)->150K(256K) Class: 8K(128K)->8K(128K)
[31.561s][info   ][gc          ] GC(2046) Pause Young (Concurrent Start) (G1 Humongous Allocation) 1831M->1321M(2048M) 1.940ms
[31.561s][info   ][gc,cpu      ] GC(2046) User=0.00s Sys=0.00s Real=0.00s
[31.561s][info   ][gc          ] GC(2047) Concurrent Mark Cycle
[31.561s][info   ][gc,marking  ] GC(2047) Concurrent Clear Claimed Marks
[31.561s][info   ][gc,marking  ] GC(2047) Concurrent Clear Claimed Marks 0.008ms
[31.561s][info   ][gc,marking  ] GC(2047) Concurrent Scan Root Regions
[31.561s][info   ][gc,marking  ] GC(2047) Concurrent Scan Root Regions 0.006ms
[31.561s][info   ][gc,marking  ] GC(2047) Concurrent Mark
[31.561s][info   ][gc,marking  ] GC(2047) Concurrent Mark From Roots
[31.561s][info   ][gc,task     ] GC(2047) Using 1 workers of 1 for marking
[31.570s][info   ][gc,marking  ] GC(2047) Concurrent Mark From Roots 8.442ms
[31.570s][info   ][gc,marking  ] GC(2047) Concurrent Preclean
[31.570s][info   ][gc,marking  ] GC(2047) Concurrent Preclean 0.114ms
[31.571s][info   ][gc,start    ] GC(2047) Pause Remark
[31.572s][info   ][gc          ] GC(2047) Pause Remark 1447M->1447M(2048M) 0.998ms
[31.572s][info   ][gc,cpu      ] GC(2047) User=0.00s Sys=0.00s Real=0.00s
[31.572s][info   ][gc,marking  ] GC(2047) Concurrent Mark 10.490ms
[31.572s][info   ][gc,marking  ] GC(2047) Concurrent Rebuild Remembered Sets
[31.582s][info   ][gc,marking  ] GC(2047) Concurrent Rebuild Remembered Sets 9.884ms
[31.582s][info   ][gc,start    ] GC(2047) Pause Cleanup
[31.583s][info   ][gc          ] GC(2047) Pause Cleanup 1609M->1609M(2048M) 0.300ms
[31.583s][info   ][gc,cpu      ] GC(2047) User=0.00s Sys=0.00s Real=0.00s
[31.583s][info   ][gc,marking  ] GC(2047) Concurrent Cleanup for Next Mark
[31.596s][info   ][gc,marking  ] GC(2047) Concurrent Cleanup for Next Mark 13.074ms
[31.596s][info   ][gc          ] GC(2047) Concurrent Mark Cycle 34.902ms
[31.597s][info   ][gc,start    ] GC(2048) Pause Young (Concurrent Start) (G1 Humongous Allocation)
[31.597s][info   ][gc,task     ] GC(2048) Using 4 workers of 4 for evacuation
[31.599s][info   ][gc,phases   ] GC(2048)   Pre Evacuate Collection Set: 0.2ms
[31.599s][info   ][gc,phases   ] GC(2048)   Merge Heap Roots: 0.3ms
[31.599s][info   ][gc,phases   ] GC(2048)   Evacuate Collection Set: 0.5ms
[31.599s][info   ][gc,phases   ] GC(2048)   Post Evacuate Collection Set: 0.6ms
[31.599s][info   ][gc,phases   ] GC(2048)   Other: 0.2ms
[31.599s][info   ][gc,heap     ] GC(2048) Eden regions: 0->0(414)
[31.599s][info   ][gc,heap     ] GC(2048) Survivor regions: 0->0(61)
[31.599s][info   ][gc,heap     ] GC(2048) Old regions: 1->1
[31.599s][info   ][gc,heap     ] GC(2048) Archive regions: 2->2
[31.599s][info   ][gc,heap     ] GC(2048) Humongous regions: 1760->1398
[31.599s][info   ][gc,metaspace] GC(2048) Metaspace: 158K(384K)->158K(384K) NonClass: 150K(256K)->150K(256K) Class: 8K(128K)->8K(128K)
[31.599s][info   ][gc          ] GC(2048) Pause Young (Concurrent Start) (G1 Humongous Allocation) 1761M->1399M(2048M) 1.969ms
[31.599s][info   ][gc,cpu      ] GC(2048) User=0.00s Sys=0.00s Real=0.01s
[31.599s][info   ][gc          ] GC(2049) Concurrent Mark Cycle
[31.599s][info   ][gc,marking  ] GC(2049) Concurrent Clear Claimed Marks
[31.599s][info   ][gc,marking  ] GC(2049) Concurrent Clear Claimed Marks 0.007ms
[31.599s][info   ][gc,marking  ] GC(2049) Concurrent Scan Root Regions
[31.599s][info   ][gc,marking  ] GC(2049) Concurrent Scan Root Regions 0.006ms
[31.599s][info   ][gc,marking  ] GC(2049) Concurrent Mark
[31.599s][info   ][gc,marking  ] GC(2049) Concurrent Mark From Roots
[31.599s][info   ][gc,task     ] GC(2049) Using 1 workers of 1 for marking
[31.613s][info   ][gc,marking  ] GC(2049) Concurrent Mark From Roots 12.696ms
[31.613s][info   ][gc,marking  ] GC(2049) Concurrent Preclean
[31.613s][info   ][gc,marking  ] GC(2049) Concurrent Preclean 0.287ms
[31.614s][info   ][gc,start    ] GC(2049) Pause Remark
[31.614s][info   ][gc          ] GC(2049) Pause Remark 1619M->1619M(2048M) 0.685ms
[31.614s][info   ][gc,cpu      ] GC(2049) User=0.00s Sys=0.00s Real=0.00s
[31.615s][info   ][gc,marking  ] GC(2049) Concurrent Mark 15.046ms
[31.615s][info   ][gc,marking  ] GC(2049) Concurrent Rebuild Remembered Sets
[31.630s][info   ][gc,marking  ] GC(2049) Concurrent Rebuild Remembered Sets 15.691ms
[31.632s][info   ][gc,start    ] GC(2049) Pause Cleanup
[31.632s][info   ][gc          ] GC(2049) Pause Cleanup 1877M->1877M(2048M) 0.333ms
[31.632s][info   ][gc,cpu      ] GC(2049) User=0.00s Sys=0.00s Real=0.00s
[31.632s][info   ][gc,marking  ] GC(2049) Concurrent Cleanup for Next Mark
[31.647s][info   ][gc,start    ] GC(2050) Pause Young (Normal) (G1 Humongous Allocation)
[31.647s][info   ][gc,task     ] GC(2050) Using 4 workers of 4 for evacuation
[31.649s][info   ][gc,phases   ] GC(2050)   Pre Evacuate Collection Set: 0.2ms
[31.649s][info   ][gc,phases   ] GC(2050)   Merge Heap Roots: 0.3ms
[31.649s][info   ][gc,phases   ] GC(2050)   Evacuate Collection Set: 0.2ms
[31.649s][info   ][gc,phases   ] GC(2050)   Post Evacuate Collection Set: 0.9ms
[31.649s][info   ][gc,phases   ] GC(2050)   Other: 0.2ms
[31.649s][info   ][gc,heap     ] GC(2050) Eden regions: 0->0(359)
[31.649s][info   ][gc,heap     ] GC(2050) Survivor regions: 0->0(1)
[31.649s][info   ][gc,heap     ] GC(2050) Old regions: 1->1
[31.649s][info   ][gc,heap     ] GC(2050) Archive regions: 2->2
[31.649s][info   ][gc,heap     ] GC(2050) Humongous regions: 2044->1456
[31.649s][info   ][gc,metaspace] GC(2050) Metaspace: 158K(384K)->158K(384K) NonClass: 150K(256K)->150K(256K) Class: 8K(128K)->8K(128K)
[31.649s][info   ][gc          ] GC(2050) Pause Young (Normal) (G1 Humongous Allocation) 2045M->1457M(2048M) 1.873ms
[31.649s][info   ][gc,cpu      ] GC(2050) User=0.00s Sys=0.00s Real=0.01s
[31.649s][info   ][gc,marking  ] GC(2049) Concurrent Cleanup for Next Mark 17.463ms
[31.649s][info   ][gc          ] GC(2049) Concurrent Mark Cycle 50.056ms
[31.650s][info   ][gc,start    ] GC(2051) Pause Young (Concurrent Start) (G1 Humongous Allocation)
[31.650s][info   ][gc,task     ] GC(2051) Using 4 workers of 4 for evacuation
[31.651s][info   ][gc,phases   ] GC(2051)   Pre Evacuate Collection Set: 0.2ms
[31.651s][info   ][gc,phases   ] GC(2051)   Merge Heap Roots: 0.2ms
[31.651s][info   ][gc,phases   ] GC(2051)   Evacuate Collection Set: 0.3ms
[31.651s][info   ][gc,phases   ] GC(2051)   Post Evacuate Collection Set: 0.3ms
[31.651s][info   ][gc,phases   ] GC(2051)   Other: 0.1ms
[31.651s][info   ][gc,heap     ] GC(2051) Eden regions: 0->0(359)
[31.651s][info   ][gc,heap     ] GC(2051) Survivor regions: 0->0(45)
[31.651s][info   ][gc,heap     ] GC(2051) Old regions: 1->1
[31.651s][info   ][gc,heap     ] GC(2051) Archive regions: 2->2
[31.651s][info   ][gc,heap     ] GC(2051) Humongous regions: 1464->1456
[31.651s][info   ][gc,metaspace] GC(2051) Metaspace: 158K(384K)->158K(384K) NonClass: 150K(256K)->150K(256K) Class: 8K(128K)->8K(128K)
[31.651s][info   ][gc          ] GC(2051) Pause Young (Concurrent Start) (G1 Humongous Allocation) 1465M->1457M(2048M) 1.112ms
[31.651s][info   ][gc,cpu      ] GC(2051) User=0.00s Sys=0.00s Real=0.00s
[31.651s][info   ][gc          ] GC(2052) Concurrent Mark Cycle
[31.651s][info   ][gc,marking  ] GC(2052) Concurrent Clear Claimed Marks
[31.651s][info   ][gc,marking  ] GC(2052) Concurrent Clear Claimed Marks 0.008ms
[31.651s][info   ][gc,marking  ] GC(2052) Concurrent Scan Root Regions
[31.651s][info   ][gc,marking  ] GC(2052) Concurrent Scan Root Regions 0.006ms
[31.651s][info   ][gc,marking  ] GC(2052) Concurrent Mark
[31.651s][info   ][gc,marking  ] GC(2052) Concurrent Mark From Roots
[31.651s][info   ][gc,task     ] GC(2052) Using 1 workers of 1 for marking
[31.659s][info   ][gc,marking  ] GC(2052) Concurrent Mark From Roots 8.081ms
[31.659s][info   ][gc,marking  ] GC(2052) Concurrent Preclean
[31.659s][info   ][gc,marking  ] GC(2052) Concurrent Preclean 0.083ms
[31.659s][info   ][gc,start    ] GC(2052) Pause Remark
[31.660s][info   ][gc          ] GC(2052) Pause Remark 1597M->1597M(2048M) 0.688ms
[31.660s][info   ][gc,cpu      ] GC(2052) User=0.00s Sys=0.00s Real=0.00s
[31.660s][info   ][gc,marking  ] GC(2052) Concurrent Mark 9.299ms
[31.660s][info   ][gc,marking  ] GC(2052) Concurrent Rebuild Remembered Sets
[31.674s][info   ][gc,marking  ] GC(2052) Concurrent Rebuild Remembered Sets 13.649ms
[31.675s][info   ][gc,start    ] GC(2052) Pause Cleanup
[31.675s][info   ][gc          ] GC(2052) Pause Cleanup 1811M->1811M(2048M) 0.220ms
[31.675s][info   ][gc,cpu      ] GC(2052) User=0.00s Sys=0.00s Real=0.00s
[31.676s][info   ][gc,marking  ] GC(2052) Concurrent Cleanup for Next Mark
[31.693s][info   ][gc,marking  ] GC(2052) Concurrent Cleanup for Next Mark 17.257ms
[31.693s][info   ][gc          ] GC(2052) Concurrent Mark Cycle 42.211ms
[31.694s][info   ][gc,start    ] GC(2053) Pause Young (Concurrent Start) (G1 Humongous Allocation)
[31.694s][info   ][gc,task     ] GC(2053) Using 4 workers of 4 for evacuation
[31.696s][info   ][gc,phases   ] GC(2053)   Pre Evacuate Collection Set: 0.2ms
[31.696s][info   ][gc,phases   ] GC(2053)   Merge Heap Roots: 0.3ms
[31.696s][info   ][gc,phases   ] GC(2053)   Evacuate Collection Set: 0.5ms
[31.696s][info   ][gc,phases   ] GC(2053)   Post Evacuate Collection Set: 1.0ms
[31.696s][info   ][gc,phases   ] GC(2053)   Other: 0.2ms
[31.696s][info   ][gc,heap     ] GC(2053) Eden regions: 0->0(365)
[31.696s][info   ][gc,heap     ] GC(2053) Survivor regions: 0->0(21)
[31.696s][info   ][gc,heap     ] GC(2053) Old regions: 1->1
[31.696s][info   ][gc,heap     ] GC(2053) Archive regions: 2->2
[31.696s][info   ][gc,heap     ] GC(2053) Humongous regions: 2024->1450
[31.696s][info   ][gc,metaspace] GC(2053) Metaspace: 158K(384K)->158K(384K) NonClass: 150K(256K)->150K(256K) Class: 8K(128K)->8K(128K)
[31.696s][info   ][gc          ] GC(2053) Pause Young (Concurrent Start) (G1 Humongous Allocation) 2025M->1451M(2048M) 2.240ms
[31.696s][info   ][gc,cpu      ] GC(2053) User=0.00s Sys=0.00s Real=0.00s
[31.696s][info   ][gc          ] GC(2054) Concurrent Mark Cycle
[31.696s][info   ][gc,marking  ] GC(2054) Concurrent Clear Claimed Marks
[31.696s][info   ][gc,marking  ] GC(2054) Concurrent Clear Claimed Marks 0.008ms
[31.696s][info   ][gc,marking  ] GC(2054) Concurrent Scan Root Regions
[31.696s][info   ][gc,marking  ] GC(2054) Concurrent Scan Root Regions 0.006ms
[31.696s][info   ][gc,marking  ] GC(2054) Concurrent Mark
[31.696s][info   ][gc,marking  ] GC(2054) Concurrent Mark From Roots
[31.696s][info   ][gc,task     ] GC(2054) Using 1 workers of 1 for marking
[31.704s][info   ][gc,marking  ] GC(2054) Concurrent Mark From Roots 8.028ms
[31.704s][info   ][gc,marking  ] GC(2054) Concurrent Preclean
[31.704s][info   ][gc,marking  ] GC(2054) Concurrent Preclean 0.155ms
[31.705s][info   ][gc,start    ] GC(2054) Pause Remark
[31.706s][info   ][gc          ] GC(2054) Pause Remark 1595M->1595M(2048M) 0.670ms
[31.706s][info   ][gc,cpu      ] GC(2054) User=0.00s Sys=0.00s Real=0.00s
[31.706s][info   ][gc,marking  ] GC(2054) Concurrent Mark 10.000ms
[31.706s][info   ][gc,marking  ] GC(2054) Concurrent Rebuild Remembered Sets
[31.715s][info   ][gc,marking  ] GC(2054) Concurrent Rebuild Remembered Sets 9.313ms
[31.717s][info   ][gc,start    ] GC(2054) Pause Cleanup
[31.717s][info   ][gc          ] GC(2054) Pause Cleanup 1751M->1751M(2048M) 0.355ms
[31.717s][info   ][gc,cpu      ] GC(2054) User=0.00s Sys=0.00s Real=0.00s
[31.717s][info   ][gc,marking  ] GC(2054) Concurrent Cleanup for Next Mark
[31.731s][info   ][gc,marking  ] GC(2054) Concurrent Cleanup for Next Mark 13.843ms
[31.731s][info   ][gc          ] GC(2054) Concurrent Mark Cycle 35.388ms
[31.732s][info   ][gc,start    ] GC(2055) Pause Young (Concurrent Start) (G1 Humongous Allocation)
[31.732s][info   ][gc,task     ] GC(2055) Using 4 workers of 4 for evacuation
[31.734s][info   ][gc,phases   ] GC(2055)   Pre Evacuate Collection Set: 0.3ms
[31.734s][info   ][gc,phases   ] GC(2055)   Merge Heap Roots: 0.3ms
[31.734s][info   ][gc,phases   ] GC(2055)   Evacuate Collection Set: 0.2ms
[31.734s][info   ][gc,phases   ] GC(2055)   Post Evacuate Collection Set: 0.8ms
[31.734s][info   ][gc,phases   ] GC(2055)   Other: 0.2ms
[31.734s][info   ][gc,heap     ] GC(2055) Eden regions: 0->0(382)
[31.734s][info   ][gc,heap     ] GC(2055) Survivor regions: 0->0(46)
[31.734s][info   ][gc,heap     ] GC(2055) Old regions: 1->1
[31.734s][info   ][gc,heap     ] GC(2055) Archive regions: 2->2
[31.734s][info   ][gc,heap     ] GC(2055) Humongous regions: 1916->1432
[31.734s][info   ][gc,metaspace] GC(2055) Metaspace: 158K(384K)->158K(384K) NonClass: 150K(256K)->150K(256K) Class: 8K(128K)->8K(128K)
[31.734s][info   ][gc          ] GC(2055) Pause Young (Concurrent Start) (G1 Humongous Allocation) 1917M->1433M(2048M) 1.960ms
[31.734s][info   ][gc,cpu      ] GC(2055) User=0.00s Sys=0.00s Real=0.00s
[31.734s][info   ][gc          ] GC(2056) Concurrent Mark Cycle
[31.734s][info   ][gc,marking  ] GC(2056) Concurrent Clear Claimed Marks
[31.734s][info   ][gc,marking  ] GC(2056) Concurrent Clear Claimed Marks 0.007ms
[31.734s][info   ][gc,marking  ] GC(2056) Concurrent Scan Root Regions
[31.734s][info   ][gc,marking  ] GC(2056) Concurrent Scan Root Regions 0.006ms
[31.734s][info   ][gc,marking  ] GC(2056) Concurrent Mark
[31.734s][info   ][gc,marking  ] GC(2056) Concurrent Mark From Roots
[31.734s][info   ][gc,task     ] GC(2056) Using 1 workers of 1 for marking
[31.740s][info   ][gc,marking  ] GC(2056) Concurrent Mark From Roots 6.278ms
[31.741s][info   ][gc,marking  ] GC(2056) Concurrent Preclean
[31.741s][info   ][gc,marking  ] GC(2056) Concurrent Preclean 0.081ms
[31.742s][info   ][gc,start    ] GC(2056) Pause Remark
[31.742s][info   ][gc          ] GC(2056) Pause Remark 1525M->1525M(2048M) 0.808ms
[31.742s][info   ][gc,cpu      ] GC(2056) User=0.00s Sys=0.00s Real=0.00s
[31.742s][info   ][gc,marking  ] GC(2056) Concurrent Mark 8.326ms
[31.742s][info   ][gc,marking  ] GC(2056) Concurrent Rebuild Remembered Sets
[31.753s][info   ][gc,marking  ] GC(2056) Concurrent Rebuild Remembered Sets 10.554ms
[31.755s][info   ][gc,start    ] GC(2056) Pause Cleanup
[31.755s][info   ][gc          ] GC(2056) Pause Cleanup 1707M->1707M(2048M) 0.247ms
[31.755s][info   ][gc,cpu      ] GC(2056) User=0.00s Sys=0.00s Real=0.00s
[31.755s][info   ][gc,marking  ] GC(2056) Concurrent Cleanup for Next Mark
[31.770s][info   ][gc,marking  ] GC(2056) Concurrent Cleanup for Next Mark 14.790ms
[31.770s][info   ][gc          ] GC(2056) Concurrent Mark Cycle 35.740ms
[31.771s][info   ][gc,start    ] GC(2057) Pause Young (Concurrent Start) (G1 Humongous Allocation)
[31.771s][info   ][gc,task     ] GC(2057) Using 4 workers of 4 for evacuation
[31.774s][info   ][gc,phases   ] GC(2057)   Pre Evacuate Collection Set: 0.2ms
[31.774s][info   ][gc,phases   ] GC(2057)   Merge Heap Roots: 0.3ms
[31.774s][info   ][gc,phases   ] GC(2057)   Evacuate Collection Set: 0.2ms
[31.774s][info   ][gc,phases   ] GC(2057)   Post Evacuate Collection Set: 2.1ms
[31.774s][info   ][gc,phases   ] GC(2057)   Other: 0.2ms
[31.774s][info   ][gc,heap     ] GC(2057) Eden regions: 0->0(371)
[31.774s][info   ][gc,heap     ] GC(2057) Survivor regions: 0->0(48)
[31.774s][info   ][gc,heap     ] GC(2057) Old regions: 1->1
[31.774s][info   ][gc,heap     ] GC(2057) Archive regions: 2->2
[31.774s][info   ][gc,heap     ] GC(2057) Humongous regions: 1880->1444
[31.774s][info   ][gc,metaspace] GC(2057) Metaspace: 158K(384K)->158K(384K) NonClass: 150K(256K)->150K(256K) Class: 8K(128K)->8K(128K)
[31.774s][info   ][gc          ] GC(2057) Pause Young (Concurrent Start) (G1 Humongous Allocation) 1881M->1445M(2048M) 3.116ms
[31.774s][info   ][gc,cpu      ] GC(2057) User=0.00s Sys=0.00s Real=0.00s
[31.774s][info   ][gc          ] GC(2058) Concurrent Mark Cycle
[31.774s][info   ][gc,marking  ] GC(2058) Concurrent Clear Claimed Marks
[31.774s][info   ][gc,marking  ] GC(2058) Concurrent Clear Claimed Marks 0.011ms
[31.774s][info   ][gc,marking  ] GC(2058) Concurrent Scan Root Regions
[31.774s][info   ][gc,marking  ] GC(2058) Concurrent Scan Root Regions 0.007ms
[31.774s][info   ][gc,marking  ] GC(2058) Concurrent Mark
[31.774s][info   ][gc,marking  ] GC(2058) Concurrent Mark From Roots
[31.774s][info   ][gc,task     ] GC(2058) Using 1 workers of 1 for marking
[31.783s][info   ][gc,marking  ] GC(2058) Concurrent Mark From Roots 8.382ms
[31.783s][info   ][gc,marking  ] GC(2058) Concurrent Preclean
[31.783s][info   ][gc,marking  ] GC(2058) Concurrent Preclean 0.081ms
[31.783s][info   ][gc,start    ] GC(2058) Pause Remark
[31.784s][info   ][gc          ] GC(2058) Pause Remark 1577M->1577M(2048M) 0.737ms
[31.784s][info   ][gc,cpu      ] GC(2058) User=0.00s Sys=0.00s Real=0.00s
[31.784s][info   ][gc,marking  ] GC(2058) Concurrent Mark 9.737ms
[31.784s][info   ][gc,marking  ] GC(2058) Concurrent Rebuild Remembered Sets
[31.796s][info   ][gc,marking  ] GC(2058) Concurrent Rebuild Remembered Sets 11.539ms
[31.799s][info   ][gc,start    ] GC(2058) Pause Cleanup
[31.799s][info   ][gc          ] GC(2058) Pause Cleanup 1765M->1765M(2048M) 0.256ms
[31.799s][info   ][gc,cpu      ] GC(2058) User=0.00s Sys=0.00s Real=0.00s
[31.799s][info   ][gc,marking  ] GC(2058) Concurrent Cleanup for Next Mark
[31.811s][info   ][gc,marking  ] GC(2058) Concurrent Cleanup for Next Mark 11.468ms
[31.811s][info   ][gc          ] GC(2058) Concurrent Mark Cycle 36.873ms
[31.812s][info   ][gc,start    ] GC(2059) Pause Young (Concurrent Start) (G1 Humongous Allocation)
[31.812s][info   ][gc,task     ] GC(2059) Using 4 workers of 4 for evacuation
[31.814s][info   ][gc,phases   ] GC(2059)   Pre Evacuate Collection Set: 0.3ms
[31.814s][info   ][gc,phases   ] GC(2059)   Merge Heap Roots: 0.3ms
[31.814s][info   ][gc,phases   ] GC(2059)   Evacuate Collection Set: 0.2ms
[31.814s][info   ][gc,phases   ] GC(2059)   Post Evacuate Collection Set: 0.6ms
[31.814s][info   ][gc,phases   ] GC(2059)   Other: 0.2ms
[31.814s][info   ][gc,heap     ] GC(2059) Eden regions: 0->0(354)
[31.814s][info   ][gc,heap     ] GC(2059) Survivor regions: 0->0(47)
[31.814s][info   ][gc,heap     ] GC(2059) Old regions: 1->1
[31.814s][info   ][gc,heap     ] GC(2059) Archive regions: 2->2
[31.814s][info   ][gc,heap     ] GC(2059) Humongous regions: 1914->1462
[31.814s][info   ][gc,metaspace] GC(2059) Metaspace: 158K(384K)->158K(384K) NonClass: 150K(256K)->150K(256K) Class: 8K(128K)->8K(128K)
[31.814s][info   ][gc          ] GC(2059) Pause Young (Concurrent Start) (G1 Humongous Allocation) 1915M->1463M(2048M) 1.775ms
[31.814s][info   ][gc,cpu      ] GC(2059) User=0.00s Sys=0.00s Real=0.00s
[31.814s][info   ][gc          ] GC(2060) Concurrent Mark Cycle
[31.814s][info   ][gc,marking  ] GC(2060) Concurrent Clear Claimed Marks
[31.814s][info   ][gc,marking  ] GC(2060) Concurrent Clear Claimed Marks 0.008ms
[31.814s][info   ][gc,marking  ] GC(2060) Concurrent Scan Root Regions
[31.814s][info   ][gc,marking  ] GC(2060) Concurrent Scan Root Regions 0.006ms
[31.814s][info   ][gc,marking  ] GC(2060) Concurrent Mark
[31.814s][info   ][gc,marking  ] GC(2060) Concurrent Mark From Roots
[31.814s][info   ][gc,task     ] GC(2060) Using 1 workers of 1 for marking
[31.822s][info   ][gc,marking  ] GC(2060) Concurrent Mark From Roots 8.523ms
[31.822s][info   ][gc,marking  ] GC(2060) Concurrent Preclean
[31.823s][info   ][gc,marking  ] GC(2060) Concurrent Preclean 0.173ms
[31.823s][info   ][gc,start    ] GC(2060) Pause Remark
[31.824s][info   ][gc          ] GC(2060) Pause Remark 1611M->1611M(2048M) 0.597ms
[31.824s][info   ][gc,cpu      ] GC(2060) User=0.00s Sys=0.00s Real=0.00s
[31.824s][info   ][gc,marking  ] GC(2060) Concurrent Mark 10.191ms
[31.824s][info   ][gc,marking  ] GC(2060) Concurrent Rebuild Remembered Sets
[31.834s][info   ][gc,marking  ] GC(2060) Concurrent Rebuild Remembered Sets 9.565ms
[31.835s][info   ][gc,start    ] GC(2060) Pause Cleanup
[31.836s][info   ][gc          ] GC(2060) Pause Cleanup 1785M->1785M(2048M) 0.291ms
[31.836s][info   ][gc,cpu      ] GC(2060) User=0.00s Sys=0.00s Real=0.00s
[31.836s][info   ][gc,marking  ] GC(2060) Concurrent Cleanup for Next Mark
[31.850s][info   ][gc,marking  ] GC(2060) Concurrent Cleanup for Next Mark 14.556ms
[31.851s][info   ][gc          ] GC(2060) Concurrent Mark Cycle 37.020ms
[31.852s][info   ][gc,start    ] GC(2061) Pause Young (Concurrent Start) (G1 Humongous Allocation)
[31.852s][info   ][gc,task     ] GC(2061) Using 4 workers of 4 for evacuation
[31.854s][info   ][gc,phases   ] GC(2061)   Pre Evacuate Collection Set: 0.3ms
[31.854s][info   ][gc,phases   ] GC(2061)   Merge Heap Roots: 0.3ms
[31.854s][info   ][gc,phases   ] GC(2061)   Evacuate Collection Set: 0.3ms
[31.854s][info   ][gc,phases   ] GC(2061)   Post Evacuate Collection Set: 0.9ms
[31.854s][info   ][gc,phases   ] GC(2061)   Other: 0.2ms
[31.854s][info   ][gc,heap     ] GC(2061) Eden regions: 0->0(384)
[31.854s][info   ][gc,heap     ] GC(2061) Survivor regions: 0->0(45)
[31.854s][info   ][gc,heap     ] GC(2061) Old regions: 1->1
[31.854s][info   ][gc,heap     ] GC(2061) Archive regions: 2->2
[31.854s][info   ][gc,heap     ] GC(2061) Humongous regions: 1970->1430
[31.854s][info   ][gc,metaspace] GC(2061) Metaspace: 158K(384K)->158K(384K) NonClass: 150K(256K)->150K(256K) Class: 8K(128K)->8K(128K)
[31.854s][info   ][gc          ] GC(2061) Pause Young (Concurrent Start) (G1 Humongous Allocation) 1971M->1431M(2048M) 2.135ms
[31.854s][info   ][gc,cpu      ] GC(2061) User=0.00s Sys=0.00s Real=0.00s
[31.854s][info   ][gc          ] GC(2062) Concurrent Mark Cycle
[31.860s][info   ][gc,marking  ] GC(2062) Concurrent Clear Claimed Marks
[31.861s][info   ][gc,marking  ] GC(2062) Concurrent Clear Claimed Marks 0.048ms
[31.861s][info   ][gc,marking  ] GC(2062) Concurrent Scan Root Regions
[31.861s][info   ][gc,marking  ] GC(2062) Concurrent Scan Root Regions 0.006ms
[31.861s][info   ][gc,marking  ] GC(2062) Concurrent Mark
[31.861s][info   ][gc,marking  ] GC(2062) Concurrent Mark From Roots
[31.861s][info   ][gc,task     ] GC(2062) Using 1 workers of 1 for marking
[31.868s][info   ][gc,marking  ] GC(2062) Concurrent Mark From Roots 7.235ms
[31.868s][info   ][gc,marking  ] GC(2062) Concurrent Preclean
[31.868s][info   ][gc,marking  ] GC(2062) Concurrent Preclean 0.077ms
[31.869s][info   ][gc,start    ] GC(2062) Pause Remark
[31.869s][info   ][gc          ] GC(2062) Pause Remark 1661M->1661M(2048M) 0.623ms
[31.869s][info   ][gc,cpu      ] GC(2062) User=0.00s Sys=0.00s Real=0.00s
[31.869s][info   ][gc,marking  ] GC(2062) Concurrent Mark 8.838ms
[31.869s][info   ][gc,marking  ] GC(2062) Concurrent Rebuild Remembered Sets
[31.881s][info   ][gc,marking  ] GC(2062) Concurrent Rebuild Remembered Sets 12.027ms
[31.883s][info   ][gc,start    ] GC(2062) Pause Cleanup
[31.883s][info   ][gc          ] GC(2062) Pause Cleanup 1885M->1885M(2048M) 0.323ms
[31.883s][info   ][gc,cpu      ] GC(2062) User=0.00s Sys=0.00s Real=0.00s
[31.884s][info   ][gc,marking  ] GC(2062) Concurrent Cleanup for Next Mark
[31.897s][info   ][gc,start    ] GC(2063) Pause Young (Normal) (G1 Humongous Allocation)
[31.897s][info   ][gc,task     ] GC(2063) Using 4 workers of 4 for evacuation
[31.899s][info   ][gc,phases   ] GC(2063)   Pre Evacuate Collection Set: 0.2ms
[31.899s][info   ][gc,phases   ] GC(2063)   Merge Heap Roots: 0.2ms
[31.899s][info   ][gc,phases   ] GC(2063)   Evacuate Collection Set: 0.5ms
[31.899s][info   ][gc,phases   ] GC(2063)   Post Evacuate Collection Set: 1.2ms
[31.899s][info   ][gc,phases   ] GC(2063)   Other: 0.1ms
[31.899s][info   ][gc,heap     ] GC(2063) Eden regions: 0->0(438)
[31.899s][info   ][gc,heap     ] GC(2063) Survivor regions: 0->0(1)
[31.899s][info   ][gc,heap     ] GC(2063) Old regions: 1->1
[31.899s][info   ][gc,heap     ] GC(2063) Archive regions: 2->2
[31.899s][info   ][gc,heap     ] GC(2063) Humongous regions: 2044->1372
[31.899s][info   ][gc,metaspace] GC(2063) Metaspace: 158K(384K)->158K(384K) NonClass: 150K(256K)->150K(256K) Class: 8K(128K)->8K(128K)
[31.899s][info   ][gc          ] GC(2063) Pause Young (Normal) (G1 Humongous Allocation) 2045M->1373M(2048M) 2.376ms
[31.899s][info   ][gc,cpu      ] GC(2063) User=0.00s Sys=0.00s Real=0.01s
[31.899s][info   ][gc,marking  ] GC(2062) Concurrent Cleanup for Next Mark 15.850ms
[31.899s][info   ][gc          ] GC(2062) Concurrent Mark Cycle 45.660ms
[31.900s][info   ][gc,start    ] GC(2064) Pause Young (Concurrent Start) (G1 Humongous Allocation)
[31.900s][info   ][gc,task     ] GC(2064) Using 4 workers of 4 for evacuation
[31.901s][info   ][gc,phases   ] GC(2064)   Pre Evacuate Collection Set: 0.2ms
[31.901s][info   ][gc,phases   ] GC(2064)   Merge Heap Roots: 0.1ms
[31.901s][info   ][gc,phases   ] GC(2064)   Evacuate Collection Set: 0.2ms
[31.901s][info   ][gc,phases   ] GC(2064)   Post Evacuate Collection Set: 0.3ms
[31.901s][info   ][gc,phases   ] GC(2064)   Other: 0.1ms
[31.901s][info   ][gc,heap     ] GC(2064) Eden regions: 0->0(440)
[31.901s][info   ][gc,heap     ] GC(2064) Survivor regions: 0->0(55)
[31.901s][info   ][gc,heap     ] GC(2064) Old regions: 1->1
[31.901s][info   ][gc,heap     ] GC(2064) Archive regions: 2->2
[31.901s][info   ][gc,heap     ] GC(2064) Humongous regions: 1382->1370
[31.901s][info   ][gc,metaspace] GC(2064) Metaspace: 158K(384K)->158K(384K) NonClass: 150K(256K)->150K(256K) Class: 8K(128K)->8K(128K)
[31.901s][info   ][gc          ] GC(2064) Pause Young (Concurrent Start) (G1 Humongous Allocation) 1383M->1371M(2048M) 0.991ms
[31.901s][info   ][gc,cpu      ] GC(2064) User=0.00s Sys=0.00s Real=0.00s
[31.901s][info   ][gc          ] GC(2065) Concurrent Mark Cycle
[31.901s][info   ][gc,marking  ] GC(2065) Concurrent Clear Claimed Marks
[31.901s][info   ][gc,marking  ] GC(2065) Concurrent Clear Claimed Marks 0.008ms
[31.901s][info   ][gc,marking  ] GC(2065) Concurrent Scan Root Regions
[31.901s][info   ][gc,marking  ] GC(2065) Concurrent Scan Root Regions 0.006ms
[31.901s][info   ][gc,marking  ] GC(2065) Concurrent Mark
[31.901s][info   ][gc,marking  ] GC(2065) Concurrent Mark From Roots
[31.901s][info   ][gc,task     ] GC(2065) Using 1 workers of 1 for marking
[31.910s][info   ][gc,marking  ] GC(2065) Concurrent Mark From Roots 8.379ms
[31.910s][info   ][gc,marking  ] GC(2065) Concurrent Preclean
[31.910s][info   ][gc,marking  ] GC(2065) Concurrent Preclean 0.091ms
[31.910s][info   ][gc,start    ] GC(2065) Pause Remark
[31.911s][info   ][gc          ] GC(2065) Pause Remark 1519M->1519M(2048M) 0.608ms
[31.911s][info   ][gc,cpu      ] GC(2065) User=0.00s Sys=0.00s Real=0.00s
[31.911s][info   ][gc,marking  ] GC(2065) Concurrent Mark 9.848ms
[31.911s][info   ][gc,marking  ] GC(2065) Concurrent Rebuild Remembered Sets
[31.920s][info   ][gc,marking  ] GC(2065) Concurrent Rebuild Remembered Sets 8.591ms
[31.921s][info   ][gc,start    ] GC(2065) Pause Cleanup
[31.921s][info   ][gc          ] GC(2065) Pause Cleanup 1647M->1647M(2048M) 0.245ms
[31.921s][info   ][gc,cpu      ] GC(2065) User=0.00s Sys=0.00s Real=0.00s
[31.921s][info   ][gc,marking  ] GC(2065) Concurrent Cleanup for Next Mark
[31.936s][info   ][gc,marking  ] GC(2065) Concurrent Cleanup for Next Mark 14.722ms
[31.936s][info   ][gc          ] GC(2065) Concurrent Mark Cycle 34.693ms
[31.936s][info   ][gc,start    ] GC(2066) Pause Young (Concurrent Start) (G1 Humongous Allocation)
[31.936s][info   ][gc,task     ] GC(2066) Using 4 workers of 4 for evacuation
[31.938s][info   ][gc,phases   ] GC(2066)   Pre Evacuate Collection Set: 0.2ms
[31.938s][info   ][gc,phases   ] GC(2066)   Merge Heap Roots: 0.3ms
[31.938s][info   ][gc,phases   ] GC(2066)   Evacuate Collection Set: 0.2ms
[31.938s][info   ][gc,phases   ] GC(2066)   Post Evacuate Collection Set: 0.7ms
[31.938s][info   ][gc,phases   ] GC(2066)   Other: 0.2ms
[31.938s][info   ][gc,heap     ] GC(2066) Eden regions: 0->0(423)
[31.938s][info   ][gc,heap     ] GC(2066) Survivor regions: 0->0(55)
[31.938s][info   ][gc,heap     ] GC(2066) Old regions: 1->1
[31.938s][info   ][gc,heap     ] GC(2066) Archive regions: 2->2
[31.938s][info   ][gc,heap     ] GC(2066) Humongous regions: 1832->1388
[31.938s][info   ][gc,metaspace] GC(2066) Metaspace: 158K(384K)->158K(384K) NonClass: 150K(256K)->150K(256K) Class: 8K(128K)->8K(128K)
[31.938s][info   ][gc          ] GC(2066) Pause Young (Concurrent Start) (G1 Humongous Allocation) 1833M->1389M(2048M) 1.595ms
[31.938s][info   ][gc,cpu      ] GC(2066) User=0.00s Sys=0.00s Real=0.00s
[31.938s][info   ][gc          ] GC(2067) Concurrent Mark Cycle
[31.938s][info   ][gc,marking  ] GC(2067) Concurrent Clear Claimed Marks
[31.938s][info   ][gc,marking  ] GC(2067) Concurrent Clear Claimed Marks 0.008ms
[31.938s][info   ][gc,marking  ] GC(2067) Concurrent Scan Root Regions
[31.938s][info   ][gc,marking  ] GC(2067) Concurrent Scan Root Regions 0.006ms
[31.938s][info   ][gc,marking  ] GC(2067) Concurrent Mark
[31.938s][info   ][gc,marking  ] GC(2067) Concurrent Mark From Roots
[31.938s][info   ][gc,task     ] GC(2067) Using 1 workers of 1 for marking
[31.946s][info   ][gc,marking  ] GC(2067) Concurrent Mark From Roots 8.320ms
[31.947s][info   ][gc,marking  ] GC(2067) Concurrent Preclean
[31.947s][info   ][gc,marking  ] GC(2067) Concurrent Preclean 0.690ms
[31.948s][info   ][gc,start    ] GC(2067) Pause Remark
[31.949s][info   ][gc          ] GC(2067) Pause Remark 1531M->1531M(2048M) 0.702ms
[31.949s][info   ][gc,cpu      ] GC(2067) User=0.00s Sys=0.00s Real=0.00s
[31.949s][info   ][gc,marking  ] GC(2067) Concurrent Mark 10.889ms
[31.949s][info   ][gc,marking  ] GC(2067) Concurrent Rebuild Remembered Sets
[31.957s][info   ][gc,marking  ] GC(2067) Concurrent Rebuild Remembered Sets 8.070ms
[31.958s][info   ][gc,start    ] GC(2067) Pause Cleanup
[31.959s][info   ][gc          ] GC(2067) Pause Cleanup 1683M->1683M(2048M) 0.336ms
[31.959s][info   ][gc,cpu      ] GC(2067) User=0.00s Sys=0.00s Real=0.00s
[31.959s][info   ][gc,marking  ] GC(2067) Concurrent Cleanup for Next Mark
[31.973s][info   ][gc,marking  ] GC(2067) Concurrent Cleanup for Next Mark 13.834ms
[31.973s][info   ][gc          ] GC(2067) Concurrent Mark Cycle 34.734ms
[31.973s][info   ][gc,start    ] GC(2068) Pause Young (Concurrent Start) (G1 Humongous Allocation)
[31.973s][info   ][gc,task     ] GC(2068) Using 4 workers of 4 for evacuation
[31.975s][info   ][gc,phases   ] GC(2068)   Pre Evacuate Collection Set: 0.2ms
[31.975s][info   ][gc,phases   ] GC(2068)   Merge Heap Roots: 0.3ms
[31.975s][info   ][gc,phases   ] GC(2068)   Evacuate Collection Set: 0.2ms
[31.975s][info   ][gc,phases   ] GC(2068)   Post Evacuate Collection Set: 0.6ms
[31.975s][info   ][gc,phases   ] GC(2068)   Other: 0.3ms
[31.975s][info   ][gc,heap     ] GC(2068) Eden regions: 0->0(481)
[31.975s][info   ][gc,heap     ] GC(2068) Survivor regions: 0->0(53)
[31.975s][info   ][gc,heap     ] GC(2068) Old regions: 1->1
[31.975s][info   ][gc,heap     ] GC(2068) Archive regions: 2->2
[31.975s][info   ][gc,heap     ] GC(2068) Humongous regions: 1848->1326
[31.975s][info   ][gc,metaspace] GC(2068) Metaspace: 158K(384K)->158K(384K) NonClass: 150K(256K)->150K(256K) Class: 8K(128K)->8K(128K)
[31.975s][info   ][gc          ] GC(2068) Pause Young (Concurrent Start) (G1 Humongous Allocation) 1849M->1327M(2048M) 1.688ms
[31.975s][info   ][gc,cpu      ] GC(2068) User=0.00s Sys=0.00s Real=0.00s
[31.975s][info   ][gc          ] GC(2069) Concurrent Mark Cycle
[31.975s][info   ][gc,marking  ] GC(2069) Concurrent Clear Claimed Marks
[31.975s][info   ][gc,marking  ] GC(2069) Concurrent Clear Claimed Marks 0.008ms
[31.975s][info   ][gc,marking  ] GC(2069) Concurrent Scan Root Regions
[31.975s][info   ][gc,marking  ] GC(2069) Concurrent Scan Root Regions 0.006ms
[31.975s][info   ][gc,marking  ] GC(2069) Concurrent Mark
[31.975s][info   ][gc,marking  ] GC(2069) Concurrent Mark From Roots
[31.975s][info   ][gc,task     ] GC(2069) Using 1 workers of 1 for marking
[31.983s][info   ][gc,marking  ] GC(2069) Concurrent Mark From Roots 7.554ms
[31.983s][info   ][gc,marking  ] GC(2069) Concurrent Preclean
[31.983s][info   ][gc,marking  ] GC(2069) Concurrent Preclean 0.094ms
[31.983s][info   ][gc,start    ] GC(2069) Pause Remark
[31.984s][info   ][gc          ] GC(2069) Pause Remark 1447M->1447M(2048M) 0.838ms
[31.984s][info   ][gc,cpu      ] GC(2069) User=0.00s Sys=0.01s Real=0.00s
[31.984s][info   ][gc,marking  ] GC(2069) Concurrent Mark 9.223ms
[31.984s][info   ][gc,marking  ] GC(2069) Concurrent Rebuild Remembered Sets
[31.992s][info   ][gc,marking  ] GC(2069) Concurrent Rebuild Remembered Sets 7.370ms
[31.993s][info   ][gc,start    ] GC(2069) Pause Cleanup
[31.993s][info   ][gc          ] GC(2069) Pause Cleanup 1591M->1591M(2048M) 0.241ms
[31.993s][info   ][gc,cpu      ] GC(2069) User=0.00s Sys=0.00s Real=0.00s
[31.993s][info   ][gc,marking  ] GC(2069) Concurrent Cleanup for Next Mark
[32.008s][info   ][gc,marking  ] GC(2069) Concurrent Cleanup for Next Mark 14.937ms
[32.009s][info   ][gc          ] GC(2069) Concurrent Mark Cycle 33.716ms
[32.009s][info   ][gc,start    ] GC(2070) Pause Young (Concurrent Start) (G1 Humongous Allocation)
[32.009s][info   ][gc,task     ] GC(2070) Using 4 workers of 4 for evacuation
[32.011s][info   ][gc,phases   ] GC(2070)   Pre Evacuate Collection Set: 0.2ms
[32.011s][info   ][gc,phases   ] GC(2070)   Merge Heap Roots: 0.2ms
[32.011s][info   ][gc,phases   ] GC(2070)   Evacuate Collection Set: 0.2ms
[32.011s][info   ][gc,phases   ] GC(2070)   Post Evacuate Collection Set: 0.6ms
[32.011s][info   ][gc,phases   ] GC(2070)   Other: 0.1ms
[32.011s][info   ][gc,heap     ] GC(2070) Eden regions: 0->0(513)
[32.011s][info   ][gc,heap     ] GC(2070) Survivor regions: 0->0(61)
[32.011s][info   ][gc,heap     ] GC(2070) Old regions: 1->1
[32.011s][info   ][gc,heap     ] GC(2070) Archive regions: 2->2
[32.011s][info   ][gc,heap     ] GC(2070) Humongous regions: 1776->1292
[32.011s][info   ][gc,metaspace] GC(2070) Metaspace: 158K(384K)->158K(384K) NonClass: 150K(256K)->150K(256K) Class: 8K(128K)->8K(128K)
[32.011s][info   ][gc          ] GC(2070) Pause Young (Concurrent Start) (G1 Humongous Allocation) 1777M->1293M(2048M) 1.576ms
[32.011s][info   ][gc,cpu      ] GC(2070) User=0.00s Sys=0.00s Real=0.00s
[32.011s][info   ][gc          ] GC(2071) Concurrent Mark Cycle
[32.011s][info   ][gc,marking  ] GC(2071) Concurrent Clear Claimed Marks
[32.011s][info   ][gc,marking  ] GC(2071) Concurrent Clear Claimed Marks 0.008ms
[32.011s][info   ][gc,marking  ] GC(2071) Concurrent Scan Root Regions
[32.011s][info   ][gc,marking  ] GC(2071) Concurrent Scan Root Regions 0.006ms
[32.011s][info   ][gc,marking  ] GC(2071) Concurrent Mark
[32.011s][info   ][gc,marking  ] GC(2071) Concurrent Mark From Roots
[32.011s][info   ][gc,task     ] GC(2071) Using 1 workers of 1 for marking
[32.018s][info   ][gc,marking  ] GC(2071) Concurrent Mark From Roots 6.959ms
[32.018s][info   ][gc,marking  ] GC(2071) Concurrent Preclean
[32.018s][info   ][gc,marking  ] GC(2071) Concurrent Preclean 0.078ms
[32.019s][info   ][gc,start    ] GC(2071) Pause Remark
[32.020s][info   ][gc          ] GC(2071) Pause Remark 1389M->1389M(2048M) 0.729ms
[32.020s][info   ][gc,cpu      ] GC(2071) User=0.00s Sys=0.00s Real=0.00s
[32.020s][info   ][gc,marking  ] GC(2071) Concurrent Mark 8.842ms
[32.020s][info   ][gc,marking  ] GC(2071) Concurrent Rebuild Remembered Sets
[32.029s][info   ][gc,marking  ] GC(2071) Concurrent Rebuild Remembered Sets 8.981ms
[32.030s][info   ][gc,start    ] GC(2071) Pause Cleanup
[32.030s][info   ][gc          ] GC(2071) Pause Cleanup 1537M->1537M(2048M) 0.259ms
[32.030s][info   ][gc,cpu      ] GC(2071) User=0.00s Sys=0.00s Real=0.00s
[32.030s][info   ][gc,marking  ] GC(2071) Concurrent Cleanup for Next Mark
[32.043s][info   ][gc,marking  ] GC(2071) Concurrent Cleanup for Next Mark 12.733ms
[32.043s][info   ][gc          ] GC(2071) Concurrent Mark Cycle 31.839ms
[32.044s][info   ][gc,start    ] GC(2072) Pause Young (Concurrent Start) (G1 Humongous Allocation)
[32.044s][info   ][gc,task     ] GC(2072) Using 4 workers of 4 for evacuation
[32.046s][info   ][gc,phases   ] GC(2072)   Pre Evacuate Collection Set: 0.3ms
[32.046s][info   ][gc,phases   ] GC(2072)   Merge Heap Roots: 0.3ms
[32.046s][info   ][gc,phases   ] GC(2072)   Evacuate Collection Set: 0.2ms
[32.046s][info   ][gc,phases   ] GC(2072)   Post Evacuate Collection Set: 0.7ms
[32.046s][info   ][gc,phases   ] GC(2072)   Other: 0.2ms
[32.046s][info   ][gc,heap     ] GC(2072) Eden regions: 0->0(513)
[32.046s][info   ][gc,heap     ] GC(2072) Survivor regions: 0->0(65)
[32.046s][info   ][gc,heap     ] GC(2072) Old regions: 1->1
[32.046s][info   ][gc,heap     ] GC(2072) Archive regions: 2->2
[32.046s][info   ][gc,heap     ] GC(2072) Humongous regions: 1696->1292
[32.046s][info   ][gc,metaspace] GC(2072) Metaspace: 158K(384K)->158K(384K) NonClass: 150K(256K)->150K(256K) Class: 8K(128K)->8K(128K)
[32.046s][info   ][gc          ] GC(2072) Pause Young (Concurrent Start) (G1 Humongous Allocation) 1697M->1293M(2048M) 1.635ms
[32.046s][info   ][gc,cpu      ] GC(2072) User=0.00s Sys=0.00s Real=0.00s
[32.046s][info   ][gc          ] GC(2073) Concurrent Mark Cycle
[32.046s][info   ][gc,marking  ] GC(2073) Concurrent Clear Claimed Marks
[32.046s][info   ][gc,marking  ] GC(2073) Concurrent Clear Claimed Marks 0.007ms
[32.046s][info   ][gc,marking  ] GC(2073) Concurrent Scan Root Regions
[32.046s][info   ][gc,marking  ] GC(2073) Concurrent Scan Root Regions 0.006ms
[32.046s][info   ][gc,marking  ] GC(2073) Concurrent Mark
[32.046s][info   ][gc,marking  ] GC(2073) Concurrent Mark From Roots
[32.046s][info   ][gc,task     ] GC(2073) Using 1 workers of 1 for marking
[32.052s][info   ][gc,marking  ] GC(2073) Concurrent Mark From Roots 6.422ms
[32.052s][info   ][gc,marking  ] GC(2073) Concurrent Preclean
[32.052s][info   ][gc,marking  ] GC(2073) Concurrent Preclean 0.085ms
[32.054s][info   ][gc,start    ] GC(2073) Pause Remark
[32.054s][info   ][gc          ] GC(2073) Pause Remark 1401M->1401M(2048M) 0.702ms
[32.054s][info   ][gc,cpu      ] GC(2073) User=0.00s Sys=0.00s Real=0.00s
[32.054s][info   ][gc,marking  ] GC(2073) Concurrent Mark 8.643ms
[32.054s][info   ][gc,marking  ] GC(2073) Concurrent Rebuild Remembered Sets
[32.061s][info   ][gc,marking  ] GC(2073) Concurrent Rebuild Remembered Sets 6.933ms
[32.063s][info   ][gc,start    ] GC(2073) Pause Cleanup
[32.063s][info   ][gc          ] GC(2073) Pause Cleanup 1539M->1539M(2048M) 0.234ms
[32.063s][info   ][gc,cpu      ] GC(2073) User=0.00s Sys=0.00s Real=0.00s
[32.063s][info   ][gc,marking  ] GC(2073) Concurrent Cleanup for Next Mark
[32.076s][info   ][gc,marking  ] GC(2073) Concurrent Cleanup for Next Mark 13.335ms
[32.076s][info   ][gc          ] GC(2073) Concurrent Mark Cycle 30.608ms
[32.077s][info   ][gc,start    ] GC(2074) Pause Young (Concurrent Start) (G1 Humongous Allocation)
[32.077s][info   ][gc,task     ] GC(2074) Using 4 workers of 4 for evacuation
[32.078s][info   ][gc,phases   ] GC(2074)   Pre Evacuate Collection Set: 0.2ms
[32.078s][info   ][gc,phases   ] GC(2074)   Merge Heap Roots: 0.2ms
[32.078s][info   ][gc,phases   ] GC(2074)   Evacuate Collection Set: 0.3ms
[32.078s][info   ][gc,phases   ] GC(2074)   Post Evacuate Collection Set: 0.6ms
[32.078s][info   ][gc,phases   ] GC(2074)   Other: 0.1ms
[32.078s][info   ][gc,heap     ] GC(2074) Eden regions: 0->0(511)
[32.078s][info   ][gc,heap     ] GC(2074) Survivor regions: 0->0(65)
[32.078s][info   ][gc,heap     ] GC(2074) Old regions: 1->1
[32.078s][info   ][gc,heap     ] GC(2074) Archive regions: 2->2
[32.078s][info   ][gc,heap     ] GC(2074) Humongous regions: 1704->1294
[32.078s][info   ][gc,metaspace] GC(2074) Metaspace: 158K(384K)->158K(384K) NonClass: 150K(256K)->150K(256K) Class: 8K(128K)->8K(128K)
[32.078s][info   ][gc          ] GC(2074) Pause Young (Concurrent Start) (G1 Humongous Allocation) 1705M->1295M(2048M) 1.515ms
[32.078s][info   ][gc,cpu      ] GC(2074) User=0.00s Sys=0.00s Real=0.01s
[32.078s][info   ][gc          ] GC(2075) Concurrent Mark Cycle
[32.078s][info   ][gc,marking  ] GC(2075) Concurrent Clear Claimed Marks
[32.078s][info   ][gc,marking  ] GC(2075) Concurrent Clear Claimed Marks 0.006ms
[32.078s][info   ][gc,marking  ] GC(2075) Concurrent Scan Root Regions
[32.078s][info   ][gc,marking  ] GC(2075) Concurrent Scan Root Regions 0.006ms
[32.078s][info   ][gc,marking  ] GC(2075) Concurrent Mark
[32.078s][info   ][gc,marking  ] GC(2075) Concurrent Mark From Roots
[32.078s][info   ][gc,task     ] GC(2075) Using 1 workers of 1 for marking
[32.085s][info   ][gc,marking  ] GC(2075) Concurrent Mark From Roots 6.849ms
[32.085s][info   ][gc,marking  ] GC(2075) Concurrent Preclean
[32.085s][info   ][gc,marking  ] GC(2075) Concurrent Preclean 0.085ms
[32.086s][info   ][gc,start    ] GC(2075) Pause Remark
[32.087s][info   ][gc          ] GC(2075) Pause Remark 1399M->1399M(2048M) 0.565ms
[32.087s][info   ][gc,cpu      ] GC(2075) User=0.00s Sys=0.00s Real=0.00s
[32.087s][info   ][gc,marking  ] GC(2075) Concurrent Mark 8.708ms
[32.087s][info   ][gc,marking  ] GC(2075) Concurrent Rebuild Remembered Sets
[32.093s][info   ][gc,marking  ] GC(2075) Concurrent Rebuild Remembered Sets 6.278ms
[32.094s][info   ][gc,start    ] GC(2075) Pause Cleanup
[32.094s][info   ][gc          ] GC(2075) Pause Cleanup 1511M->1511M(2048M) 0.226ms
[32.094s][info   ][gc,cpu      ] GC(2075) User=0.00s Sys=0.00s Real=0.00s
[32.094s][info   ][gc,marking  ] GC(2075) Concurrent Cleanup for Next Mark
[32.108s][info   ][gc,marking  ] GC(2075) Concurrent Cleanup for Next Mark 13.746ms
[32.108s][info   ][gc          ] GC(2075) Concurrent Mark Cycle 29.500ms
[32.109s][info   ][gc,start    ] GC(2076) Pause Young (Concurrent Start) (G1 Humongous Allocation)
[32.109s][info   ][gc,task     ] GC(2076) Using 4 workers of 4 for evacuation
[32.110s][info   ][gc,phases   ] GC(2076)   Pre Evacuate Collection Set: 0.2ms
[32.110s][info   ][gc,phases   ] GC(2076)   Merge Heap Roots: 0.2ms
[32.110s][info   ][gc,phases   ] GC(2076)   Evacuate Collection Set: 0.3ms
[32.110s][info   ][gc,phases   ] GC(2076)   Post Evacuate Collection Set: 0.6ms
[32.110s][info   ][gc,phases   ] GC(2076)   Other: 0.1ms
[32.110s][info   ][gc,heap     ] GC(2076) Eden regions: 0->0(560)
[32.110s][info   ][gc,heap     ] GC(2076) Survivor regions: 0->0(64)
[32.110s][info   ][gc,heap     ] GC(2076) Old regions: 1->1
[32.110s][info   ][gc,heap     ] GC(2076) Archive regions: 2->2
[32.110s][info   ][gc,heap     ] GC(2076) Humongous regions: 1678->1242
[32.110s][info   ][gc,metaspace] GC(2076) Metaspace: 158K(384K)->158K(384K) NonClass: 150K(256K)->150K(256K) Class: 8K(128K)->8K(128K)
[32.110s][info   ][gc          ] GC(2076) Pause Young (Concurrent Start) (G1 Humongous Allocation) 1679M->1243M(2048M) 1.513ms
[32.110s][info   ][gc,cpu      ] GC(2076) User=0.00s Sys=0.00s Real=0.00s
[32.110s][info   ][gc          ] GC(2077) Concurrent Mark Cycle
[32.111s][info   ][gc,marking  ] GC(2077) Concurrent Clear Claimed Marks
[32.111s][info   ][gc,marking  ] GC(2077) Concurrent Clear Claimed Marks 0.007ms
[32.111s][info   ][gc,marking  ] GC(2077) Concurrent Scan Root Regions
[32.111s][info   ][gc,marking  ] GC(2077) Concurrent Scan Root Regions 0.006ms
[32.111s][info   ][gc,marking  ] GC(2077) Concurrent Mark
[32.111s][info   ][gc,marking  ] GC(2077) Concurrent Mark From Roots
[32.111s][info   ][gc,task     ] GC(2077) Using 1 workers of 1 for marking
[32.118s][info   ][gc,marking  ] GC(2077) Concurrent Mark From Roots 7.796ms
[32.119s][info   ][gc,marking  ] GC(2077) Concurrent Preclean
[32.119s][info   ][gc,marking  ] GC(2077) Concurrent Preclean 0.112ms
[32.119s][info   ][gc,start    ] GC(2077) Pause Remark
[32.120s][info   ][gc          ] GC(2077) Pause Remark 1367M->1367M(2048M) 0.683ms
[32.120s][info   ][gc,cpu      ] GC(2077) User=0.00s Sys=0.00s Real=0.00s
[32.120s][info   ][gc,marking  ] GC(2077) Concurrent Mark 9.463ms
[32.120s][info   ][gc,marking  ] GC(2077) Concurrent Rebuild Remembered Sets
[32.127s][info   ][gc,marking  ] GC(2077) Concurrent Rebuild Remembered Sets 7.391ms
[32.129s][info   ][gc,start    ] GC(2077) Pause Cleanup
[32.129s][info   ][gc          ] GC(2077) Pause Cleanup 1505M->1505M(2048M) 0.322ms
[32.129s][info   ][gc,cpu      ] GC(2077) User=0.00s Sys=0.00s Real=0.00s
[32.129s][info   ][gc,marking  ] GC(2077) Concurrent Cleanup for Next Mark
[32.145s][info   ][gc,marking  ] GC(2077) Concurrent Cleanup for Next Mark 15.401ms
[32.145s][info   ][gc          ] GC(2077) Concurrent Mark Cycle 34.355ms
[32.145s][info   ][gc,start    ] GC(2078) Pause Young (Concurrent Start) (G1 Humongous Allocation)
[32.145s][info   ][gc,task     ] GC(2078) Using 4 workers of 4 for evacuation
[32.147s][info   ][gc,phases   ] GC(2078)   Pre Evacuate Collection Set: 0.3ms
[32.147s][info   ][gc,phases   ] GC(2078)   Merge Heap Roots: 0.3ms
[32.147s][info   ][gc,phases   ] GC(2078)   Evacuate Collection Set: 0.2ms
[32.147s][info   ][gc,phases   ] GC(2078)   Post Evacuate Collection Set: 0.7ms
[32.147s][info   ][gc,phases   ] GC(2078)   Other: 0.2ms
[32.147s][info   ][gc,heap     ] GC(2078) Eden regions: 0->0(573)
[32.147s][info   ][gc,heap     ] GC(2078) Survivor regions: 0->0(70)
[32.147s][info   ][gc,heap     ] GC(2078) Old regions: 1->1
[32.147s][info   ][gc,heap     ] GC(2078) Archive regions: 2->2
[32.147s][info   ][gc,heap     ] GC(2078) Humongous regions: 1702->1228
[32.147s][info   ][gc,metaspace] GC(2078) Metaspace: 158K(384K)->158K(384K) NonClass: 150K(256K)->150K(256K) Class: 8K(128K)->8K(128K)
[32.147s][info   ][gc          ] GC(2078) Pause Young (Concurrent Start) (G1 Humongous Allocation) 1703M->1229M(2048M) 1.763ms
[32.147s][info   ][gc,cpu      ] GC(2078) User=0.00s Sys=0.00s Real=0.00s
[32.147s][info   ][gc          ] GC(2079) Concurrent Mark Cycle
[32.147s][info   ][gc,marking  ] GC(2079) Concurrent Clear Claimed Marks
[32.147s][info   ][gc,marking  ] GC(2079) Concurrent Clear Claimed Marks 0.016ms
[32.147s][info   ][gc,marking  ] GC(2079) Concurrent Scan Root Regions
[32.147s][info   ][gc,marking  ] GC(2079) Concurrent Scan Root Regions 0.006ms
[32.147s][info   ][gc,marking  ] GC(2079) Concurrent Mark
[32.147s][info   ][gc,marking  ] GC(2079) Concurrent Mark From Roots
[32.147s][info   ][gc,task     ] GC(2079) Using 1 workers of 1 for marking
[32.155s][info   ][gc,marking  ] GC(2079) Concurrent Mark From Roots 8.075ms
[32.156s][info   ][gc,marking  ] GC(2079) Concurrent Preclean
[32.156s][info   ][gc,marking  ] GC(2079) Concurrent Preclean 0.088ms
[32.156s][info   ][gc,start    ] GC(2079) Pause Remark
[32.157s][info   ][gc          ] GC(2079) Pause Remark 1351M->1351M(2048M) 0.693ms
[32.157s][info   ][gc,cpu      ] GC(2079) User=0.00s Sys=0.00s Real=0.00s
[32.157s][info   ][gc,marking  ] GC(2079) Concurrent Mark 9.439ms
[32.157s][info   ][gc,marking  ] GC(2079) Concurrent Rebuild Remembered Sets
[32.165s][info   ][gc,marking  ] GC(2079) Concurrent Rebuild Remembered Sets 7.838ms
[32.166s][info   ][gc,start    ] GC(2079) Pause Cleanup
[32.166s][info   ][gc          ] GC(2079) Pause Cleanup 1481M->1481M(2048M) 0.237ms
[32.166s][info   ][gc,cpu      ] GC(2079) User=0.00s Sys=0.00s Real=0.00s
[32.166s][info   ][gc,marking  ] GC(2079) Concurrent Cleanup for Next Mark
[32.184s][info   ][gc,marking  ] GC(2079) Concurrent Cleanup for Next Mark 17.526ms
[32.184s][info   ][gc          ] GC(2079) Concurrent Mark Cycle 36.433ms
[32.185s][info   ][gc,start    ] GC(2080) Pause Young (Concurrent Start) (G1 Humongous Allocation)
[32.185s][info   ][gc,task     ] GC(2080) Using 4 workers of 4 for evacuation
[32.186s][info   ][gc,phases   ] GC(2080)   Pre Evacuate Collection Set: 0.3ms
[32.186s][info   ][gc,phases   ] GC(2080)   Merge Heap Roots: 0.3ms
[32.186s][info   ][gc,phases   ] GC(2080)   Evacuate Collection Set: 0.2ms
[32.186s][info   ][gc,phases   ] GC(2080)   Post Evacuate Collection Set: 0.6ms
[32.186s][info   ][gc,phases   ] GC(2080)   Other: 0.2ms
[32.186s][info   ][gc,heap     ] GC(2080) Eden regions: 0->0(605)
[32.186s][info   ][gc,heap     ] GC(2080) Survivor regions: 0->0(72)
[32.186s][info   ][gc,heap     ] GC(2080) Old regions: 1->1
[32.186s][info   ][gc,heap     ] GC(2080) Archive regions: 2->2
[32.186s][info   ][gc,heap     ] GC(2080) Humongous regions: 1714->1194
[32.186s][info   ][gc,metaspace] GC(2080) Metaspace: 158K(384K)->158K(384K) NonClass: 150K(256K)->150K(256K) Class: 8K(128K)->8K(128K)
[32.187s][info   ][gc          ] GC(2080) Pause Young (Concurrent Start) (G1 Humongous Allocation) 1715M->1195M(2048M) 1.678ms
[32.187s][info   ][gc,cpu      ] GC(2080) User=0.01s Sys=0.00s Real=0.00s
[32.187s][info   ][gc          ] GC(2081) Concurrent Mark Cycle
[32.187s][info   ][gc,marking  ] GC(2081) Concurrent Clear Claimed Marks
[32.187s][info   ][gc,marking  ] GC(2081) Concurrent Clear Claimed Marks 0.009ms
[32.187s][info   ][gc,marking  ] GC(2081) Concurrent Scan Root Regions
[32.187s][info   ][gc,marking  ] GC(2081) Concurrent Scan Root Regions 0.006ms
[32.187s][info   ][gc,marking  ] GC(2081) Concurrent Mark
[32.187s][info   ][gc,marking  ] GC(2081) Concurrent Mark From Roots
[32.187s][info   ][gc,task     ] GC(2081) Using 1 workers of 1 for marking
[32.194s][info   ][gc,marking  ] GC(2081) Concurrent Mark From Roots 7.756ms
[32.195s][info   ][gc,marking  ] GC(2081) Concurrent Preclean
[32.195s][info   ][gc,marking  ] GC(2081) Concurrent Preclean 0.142ms
[32.198s][info   ][gc,start    ] GC(2081) Pause Remark
[32.198s][info   ][gc          ] GC(2081) Pause Remark 1353M->1353M(2048M) 0.601ms
[32.198s][info   ][gc,cpu      ] GC(2081) User=0.00s Sys=0.00s Real=0.01s
[32.199s][info   ][gc,marking  ] GC(2081) Concurrent Mark 11.899ms
[32.199s][info   ][gc,marking  ] GC(2081) Concurrent Rebuild Remembered Sets
[32.206s][info   ][gc,marking  ] GC(2081) Concurrent Rebuild Remembered Sets 7.519ms
[32.207s][info   ][gc,start    ] GC(2081) Pause Cleanup
[32.207s][info   ][gc          ] GC(2081) Pause Cleanup 1495M->1495M(2048M) 0.256ms
[32.207s][info   ][gc,cpu      ] GC(2081) User=0.00s Sys=0.00s Real=0.00s
[32.207s][info   ][gc,marking  ] GC(2081) Concurrent Cleanup for Next Mark
[32.224s][info   ][gc,marking  ] GC(2081) Concurrent Cleanup for Next Mark 17.198ms
[32.224s][info   ][gc          ] GC(2081) Concurrent Mark Cycle 37.895ms
[32.225s][info   ][gc,start    ] GC(2082) Pause Young (Concurrent Start) (G1 Humongous Allocation)
[32.225s][info   ][gc,task     ] GC(2082) Using 4 workers of 4 for evacuation
[32.228s][info   ][gc,phases   ] GC(2082)   Pre Evacuate Collection Set: 0.3ms
[32.228s][info   ][gc,phases   ] GC(2082)   Merge Heap Roots: 0.5ms
[32.228s][info   ][gc,phases   ] GC(2082)   Evacuate Collection Set: 1.2ms
[32.228s][info   ][gc,phases   ] GC(2082)   Post Evacuate Collection Set: 0.7ms
[32.228s][info   ][gc,phases   ] GC(2082)   Other: 0.2ms
[32.228s][info   ][gc,heap     ] GC(2082) Eden regions: 0->0(641)
[32.228s][info   ][gc,heap     ] GC(2082) Survivor regions: 0->0(76)
[32.228s][info   ][gc,heap     ] GC(2082) Old regions: 1->1
[32.228s][info   ][gc,heap     ] GC(2082) Archive regions: 2->2
[32.228s][info   ][gc,heap     ] GC(2082) Humongous regions: 1708->1156
[32.228s][info   ][gc,metaspace] GC(2082) Metaspace: 158K(384K)->158K(384K) NonClass: 150K(256K)->150K(256K) Class: 8K(128K)->8K(128K)
[32.228s][info   ][gc          ] GC(2082) Pause Young (Concurrent Start) (G1 Humongous Allocation) 1709M->1157M(2048M) 2.940ms
[32.228s][info   ][gc,cpu      ] GC(2082) User=0.00s Sys=0.00s Real=0.00s
[32.228s][info   ][gc          ] GC(2083) Concurrent Mark Cycle
[32.228s][info   ][gc,marking  ] GC(2083) Concurrent Clear Claimed Marks
[32.228s][info   ][gc,marking  ] GC(2083) Concurrent Clear Claimed Marks 0.007ms
[32.228s][info   ][gc,marking  ] GC(2083) Concurrent Scan Root Regions
[32.228s][info   ][gc,marking  ] GC(2083) Concurrent Scan Root Regions 0.006ms
[32.228s][info   ][gc,marking  ] GC(2083) Concurrent Mark
[32.228s][info   ][gc,marking  ] GC(2083) Concurrent Mark From Roots
[32.228s][info   ][gc,task     ] GC(2083) Using 1 workers of 1 for marking
[32.236s][info   ][gc,marking  ] GC(2083) Concurrent Mark From Roots 8.251ms
[32.236s][info   ][gc,marking  ] GC(2083) Concurrent Preclean
[32.237s][info   ][gc,marking  ] GC(2083) Concurrent Preclean 0.107ms
[32.237s][info   ][gc,start    ] GC(2083) Pause Remark
[32.238s][info   ][gc          ] GC(2083) Pause Remark 1297M->1297M(2048M) 0.629ms
[32.238s][info   ][gc,cpu      ] GC(2083) User=0.00s Sys=0.00s Real=0.00s
[32.238s][info   ][gc,marking  ] GC(2083) Concurrent Mark 9.908ms
[32.238s][info   ][gc,marking  ] GC(2083) Concurrent Rebuild Remembered Sets
[32.245s][info   ][gc,marking  ] GC(2083) Concurrent Rebuild Remembered Sets 6.770ms
[32.246s][info   ][gc,start    ] GC(2083) Pause Cleanup
[32.246s][info   ][gc          ] GC(2083) Pause Cleanup 1405M->1405M(2048M) 0.289ms
[32.246s][info   ][gc,cpu      ] GC(2083) User=0.00s Sys=0.00s Real=0.00s
[32.247s][info   ][gc,marking  ] GC(2083) Concurrent Cleanup for Next Mark
[32.263s][info   ][gc,marking  ] GC(2083) Concurrent Cleanup for Next Mark 15.982ms
[32.263s][info   ][gc          ] GC(2083) Concurrent Mark Cycle 34.722ms
[32.264s][info   ][gc,start    ] GC(2084) Pause Young (Concurrent Start) (G1 Humongous Allocation)
[32.264s][info   ][gc,task     ] GC(2084) Using 4 workers of 4 for evacuation
[32.266s][info   ][gc,phases   ] GC(2084)   Pre Evacuate Collection Set: 0.3ms
[32.266s][info   ][gc,phases   ] GC(2084)   Merge Heap Roots: 0.4ms
[32.266s][info   ][gc,phases   ] GC(2084)   Evacuate Collection Set: 0.3ms
[32.266s][info   ][gc,phases   ] GC(2084)   Post Evacuate Collection Set: 0.9ms
[32.266s][info   ][gc,phases   ] GC(2084)   Other: 0.3ms
[32.266s][info   ][gc,heap     ] GC(2084) Eden regions: 0->0(719)
[32.266s][info   ][gc,heap     ] GC(2084) Survivor regions: 0->0(81)
[32.266s][info   ][gc,heap     ] GC(2084) Old regions: 1->1
[32.266s][info   ][gc,heap     ] GC(2084) Archive regions: 2->2
[32.266s][info   ][gc,heap     ] GC(2084) Humongous regions: 1590->1072
[32.266s][info   ][gc,metaspace] GC(2084) Metaspace: 158K(384K)->158K(384K) NonClass: 150K(256K)->150K(256K) Class: 8K(128K)->8K(128K)
[32.266s][info   ][gc          ] GC(2084) Pause Young (Concurrent Start) (G1 Humongous Allocation) 1591M->1073M(2048M) 2.380ms
[32.266s][info   ][gc,cpu      ] GC(2084) User=0.01s Sys=0.00s Real=0.00s
[32.266s][info   ][gc          ] GC(2085) Concurrent Mark Cycle
[32.266s][info   ][gc,marking  ] GC(2085) Concurrent Clear Claimed Marks
[32.266s][info   ][gc,marking  ] GC(2085) Concurrent Clear Claimed Marks 0.010ms
[32.266s][info   ][gc,marking  ] GC(2085) Concurrent Scan Root Regions
[32.266s][info   ][gc,marking  ] GC(2085) Concurrent Scan Root Regions 0.007ms
[32.266s][info   ][gc,marking  ] GC(2085) Concurrent Mark
[32.266s][info   ][gc,marking  ] GC(2085) Concurrent Mark From Roots
[32.266s][info   ][gc,task     ] GC(2085) Using 1 workers of 1 for marking
[32.276s][info   ][gc,marking  ] GC(2085) Concurrent Mark From Roots 10.181ms
[32.276s][info   ][gc,marking  ] GC(2085) Concurrent Preclean
[32.277s][info   ][gc,marking  ] GC(2085) Concurrent Preclean 0.118ms
[32.277s][info   ][gc,start    ] GC(2085) Pause Remark
[32.278s][info   ][gc          ] GC(2085) Pause Remark 1213M->1213M(2048M) 0.755ms
[32.278s][info   ][gc,cpu      ] GC(2085) User=0.00s Sys=0.00s Real=0.00s
[32.278s][info   ][gc,marking  ] GC(2085) Concurrent Mark 12.014ms
[32.278s][info   ][gc,marking  ] GC(2085) Concurrent Rebuild Remembered Sets
[32.286s][info   ][gc,marking  ] GC(2085) Concurrent Rebuild Remembered Sets 8.146ms
[32.287s][info   ][gc,start    ] GC(2085) Pause Cleanup
[32.287s][info   ][gc          ] GC(2085) Pause Cleanup 1345M->1345M(2048M) 0.282ms
[32.287s][info   ][gc,cpu      ] GC(2085) User=0.00s Sys=0.00s Real=0.00s
[32.287s][info   ][gc,marking  ] GC(2085) Concurrent Cleanup for Next Mark
[32.300s][info   ][gc,marking  ] GC(2085) Concurrent Cleanup for Next Mark 12.991ms
[32.300s][info   ][gc          ] GC(2085) Concurrent Mark Cycle 34.481ms
[32.301s][info   ][gc,start    ] GC(2086) Pause Young (Concurrent Start) (G1 Humongous Allocation)
[32.301s][info   ][gc,task     ] GC(2086) Using 4 workers of 4 for evacuation
[32.303s][info   ][gc,phases   ] GC(2086)   Pre Evacuate Collection Set: 0.2ms
[32.303s][info   ][gc,phases   ] GC(2086)   Merge Heap Roots: 0.2ms
[32.303s][info   ][gc,phases   ] GC(2086)   Evacuate Collection Set: 0.4ms
[32.303s][info   ][gc,phases   ] GC(2086)   Post Evacuate Collection Set: 0.8ms
[32.303s][info   ][gc,phases   ] GC(2086)   Other: 0.2ms
[32.303s][info   ][gc,heap     ] GC(2086) Eden regions: 0->0(734)
[32.303s][info   ][gc,heap     ] GC(2086) Survivor regions: 0->0(90)
[32.303s][info   ][gc,heap     ] GC(2086) Old regions: 1->1
[32.303s][info   ][gc,heap     ] GC(2086) Archive regions: 2->2
[32.303s][info   ][gc,heap     ] GC(2086) Humongous regions: 1508->1056
[32.303s][info   ][gc,metaspace] GC(2086) Metaspace: 158K(384K)->158K(384K) NonClass: 150K(256K)->150K(256K) Class: 8K(128K)->8K(128K)
[32.303s][info   ][gc          ] GC(2086) Pause Young (Concurrent Start) (G1 Humongous Allocation) 1509M->1057M(2048M) 1.883ms
[32.303s][info   ][gc,cpu      ] GC(2086) User=0.01s Sys=0.00s Real=0.00s
[32.303s][info   ][gc          ] GC(2087) Concurrent Mark Cycle
[32.303s][info   ][gc,marking  ] GC(2087) Concurrent Clear Claimed Marks
[32.303s][info   ][gc,marking  ] GC(2087) Concurrent Clear Claimed Marks 0.012ms
[32.303s][info   ][gc,marking  ] GC(2087) Concurrent Scan Root Regions
[32.303s][info   ][gc,marking  ] GC(2087) Concurrent Scan Root Regions 0.006ms
[32.303s][info   ][gc,marking  ] GC(2087) Concurrent Mark
[32.303s][info   ][gc,marking  ] GC(2087) Concurrent Mark From Roots
[32.303s][info   ][gc,task     ] GC(2087) Using 1 workers of 1 for marking
[32.312s][info   ][gc,marking  ] GC(2087) Concurrent Mark From Roots 8.469ms
[32.312s][info   ][gc,marking  ] GC(2087) Concurrent Preclean
[32.312s][info   ][gc,marking  ] GC(2087) Concurrent Preclean 0.088ms
[32.313s][info   ][gc,start    ] GC(2087) Pause Remark
[32.313s][info   ][gc          ] GC(2087) Pause Remark 1207M->1207M(2048M) 0.703ms
[32.313s][info   ][gc,cpu      ] GC(2087) User=0.00s Sys=0.00s Real=0.00s
[32.314s][info   ][gc,marking  ] GC(2087) Concurrent Mark 10.477ms
[32.314s][info   ][gc,marking  ] GC(2087) Concurrent Rebuild Remembered Sets
[32.322s][info   ][gc,marking  ] GC(2087) Concurrent Rebuild Remembered Sets 8.118ms
[32.322s][info   ][gc,start    ] GC(2087) Pause Cleanup
[32.323s][info   ][gc          ] GC(2087) Pause Cleanup 1339M->1339M(2048M) 0.270ms
[32.323s][info   ][gc,cpu      ] GC(2087) User=0.00s Sys=0.00s Real=0.00s
[32.323s][info   ][gc,marking  ] GC(2087) Concurrent Cleanup for Next Mark
[32.337s][info   ][gc,marking  ] GC(2087) Concurrent Cleanup for Next Mark 14.316ms
[32.337s][info   ][gc          ] GC(2087) Concurrent Mark Cycle 34.194ms
[32.338s][info   ][gc,start    ] GC(2088) Pause Young (Concurrent Start) (G1 Humongous Allocation)
[32.338s][info   ][gc,task     ] GC(2088) Using 4 workers of 4 for evacuation
[32.339s][info   ][gc,phases   ] GC(2088)   Pre Evacuate Collection Set: 0.2ms
[32.339s][info   ][gc,phases   ] GC(2088)   Merge Heap Roots: 0.2ms
[32.339s][info   ][gc,phases   ] GC(2088)   Evacuate Collection Set: 0.2ms
[32.339s][info   ][gc,phases   ] GC(2088)   Post Evacuate Collection Set: 0.6ms
[32.339s][info   ][gc,phases   ] GC(2088)   Other: 0.2ms
[32.339s][info   ][gc,heap     ] GC(2088) Eden regions: 0->0(704)
[32.339s][info   ][gc,heap     ] GC(2088) Survivor regions: 0->0(92)
[32.339s][info   ][gc,heap     ] GC(2088) Old regions: 1->1
[32.339s][info   ][gc,heap     ] GC(2088) Archive regions: 2->2
[32.339s][info   ][gc,heap     ] GC(2088) Humongous regions: 1514->1088
[32.339s][info   ][gc,metaspace] GC(2088) Metaspace: 158K(384K)->158K(384K) NonClass: 150K(256K)->150K(256K) Class: 8K(128K)->8K(128K)
[32.339s][info   ][gc          ] GC(2088) Pause Young (Concurrent Start) (G1 Humongous Allocation) 1515M->1089M(2048M) 1.532ms
[32.339s][info   ][gc,cpu      ] GC(2088) User=0.00s Sys=0.00s Real=0.01s
[32.339s][info   ][gc          ] GC(2089) Concurrent Mark Cycle
[32.339s][info   ][gc,marking  ] GC(2089) Concurrent Clear Claimed Marks
[32.339s][info   ][gc,marking  ] GC(2089) Concurrent Clear Claimed Marks 0.008ms
[32.339s][info   ][gc,marking  ] GC(2089) Concurrent Scan Root Regions
[32.339s][info   ][gc,marking  ] GC(2089) Concurrent Scan Root Regions 0.006ms
[32.339s][info   ][gc,marking  ] GC(2089) Concurrent Mark
[32.339s][info   ][gc,marking  ] GC(2089) Concurrent Mark From Roots
[32.339s][info   ][gc,task     ] GC(2089) Using 1 workers of 1 for marking
[32.347s][info   ][gc,marking  ] GC(2089) Concurrent Mark From Roots 7.736ms
[32.347s][info   ][gc,marking  ] GC(2089) Concurrent Preclean
[32.347s][info   ][gc,marking  ] GC(2089) Concurrent Preclean 0.086ms
[32.349s][info   ][gc,start    ] GC(2089) Pause Remark
[32.350s][info   ][gc          ] GC(2089) Pause Remark 1233M->1233M(2048M) 0.975ms
[32.350s][info   ][gc,cpu      ] GC(2089) User=0.00s Sys=0.00s Real=0.00s
[32.350s][info   ][gc,marking  ] GC(2089) Concurrent Mark 10.709ms
[32.350s][info   ][gc,marking  ] GC(2089) Concurrent Rebuild Remembered Sets
[32.357s][info   ][gc,marking  ] GC(2089) Concurrent Rebuild Remembered Sets 6.384ms
[32.357s][info   ][gc,start    ] GC(2089) Pause Cleanup
[32.357s][info   ][gc          ] GC(2089) Pause Cleanup 1349M->1349M(2048M) 0.201ms
[32.357s][info   ][gc,cpu      ] GC(2089) User=0.00s Sys=0.00s Real=0.00s
[32.357s][info   ][gc,marking  ] GC(2089) Concurrent Cleanup for Next Mark
[32.373s][info   ][gc,marking  ] GC(2089) Concurrent Cleanup for Next Mark 15.299ms
[32.373s][info   ][gc          ] GC(2089) Concurrent Mark Cycle 33.738ms
[32.374s][info   ][gc,start    ] GC(2090) Pause Young (Concurrent Start) (G1 Humongous Allocation)
[32.374s][info   ][gc,task     ] GC(2090) Using 4 workers of 4 for evacuation
[32.375s][info   ][gc,phases   ] GC(2090)   Pre Evacuate Collection Set: 0.2ms
[32.375s][info   ][gc,phases   ] GC(2090)   Merge Heap Roots: 0.2ms
[32.375s][info   ][gc,phases   ] GC(2090)   Evacuate Collection Set: 0.2ms
[32.375s][info   ][gc,phases   ] GC(2090)   Post Evacuate Collection Set: 0.6ms
[32.375s][info   ][gc,phases   ] GC(2090)   Other: 0.2ms
[32.375s][info   ][gc,heap     ] GC(2090) Eden regions: 0->0(747)
[32.375s][info   ][gc,heap     ] GC(2090) Survivor regions: 0->0(88)
[32.375s][info   ][gc,heap     ] GC(2090) Old regions: 1->1
[32.375s][info   ][gc,heap     ] GC(2090) Archive regions: 2->2
[32.375s][info   ][gc,heap     ] GC(2090) Humongous regions: 1534->1042
[32.375s][info   ][gc,metaspace] GC(2090) Metaspace: 158K(384K)->158K(384K) NonClass: 150K(256K)->150K(256K) Class: 8K(128K)->8K(128K)
[32.375s][info   ][gc          ] GC(2090) Pause Young (Concurrent Start) (G1 Humongous Allocation) 1535M->1043M(2048M) 1.520ms
[32.375s][info   ][gc,cpu      ] GC(2090) User=0.00s Sys=0.01s Real=0.00s
[32.375s][info   ][gc          ] GC(2091) Concurrent Mark Cycle
[32.375s][info   ][gc,marking  ] GC(2091) Concurrent Clear Claimed Marks
[32.375s][info   ][gc,marking  ] GC(2091) Concurrent Clear Claimed Marks 0.027ms
[32.375s][info   ][gc,marking  ] GC(2091) Concurrent Scan Root Regions
[32.375s][info   ][gc,marking  ] GC(2091) Concurrent Scan Root Regions 0.006ms
[32.375s][info   ][gc,marking  ] GC(2091) Concurrent Mark
[32.375s][info   ][gc,marking  ] GC(2091) Concurrent Mark From Roots
[32.375s][info   ][gc,task     ] GC(2091) Using 1 workers of 1 for marking
[32.383s][info   ][gc,marking  ] GC(2091) Concurrent Mark From Roots 8.059ms
[32.383s][info   ][gc,marking  ] GC(2091) Concurrent Preclean
[32.384s][info   ][gc,marking  ] GC(2091) Concurrent Preclean 0.092ms
[32.384s][info   ][gc,start    ] GC(2091) Pause Remark
[32.385s][info   ][gc          ] GC(2091) Pause Remark 1165M->1165M(2048M) 0.956ms
[32.385s][info   ][gc,cpu      ] GC(2091) User=0.00s Sys=0.00s Real=0.00s
[32.385s][info   ][gc,marking  ] GC(2091) Concurrent Mark 9.742ms
[32.385s][info   ][gc,marking  ] GC(2091) Concurrent Rebuild Remembered Sets
[32.390s][info   ][gc,marking  ] GC(2091) Concurrent Rebuild Remembered Sets 5.512ms
[32.391s][info   ][gc,start    ] GC(2091) Pause Cleanup
[32.391s][info   ][gc          ] GC(2091) Pause Cleanup 1259M->1259M(2048M) 0.219ms
[32.391s][info   ][gc,cpu      ] GC(2091) User=0.00s Sys=0.00s Real=0.00s
[32.391s][info   ][gc,marking  ] GC(2091) Concurrent Cleanup for Next Mark
[32.406s][info   ][gc,marking  ] GC(2091) Concurrent Cleanup for Next Mark 14.501ms
[32.406s][info   ][gc          ] GC(2091) Concurrent Mark Cycle 30.747ms
[32.406s][info   ][gc,start    ] GC(2092) Pause Young (Concurrent Start) (G1 Humongous Allocation)
[32.406s][info   ][gc,task     ] GC(2092) Using 4 workers of 4 for evacuation
[32.408s][info   ][gc,phases   ] GC(2092)   Pre Evacuate Collection Set: 0.2ms
[32.408s][info   ][gc,phases   ] GC(2092)   Merge Heap Roots: 0.2ms
[32.408s][info   ][gc,phases   ] GC(2092)   Evacuate Collection Set: 0.3ms
[32.408s][info   ][gc,phases   ] GC(2092)   Post Evacuate Collection Set: 0.5ms
[32.408s][info   ][gc,phases   ] GC(2092)   Other: 0.2ms
[32.408s][info   ][gc,heap     ] GC(2092) Eden regions: 0->0(755)
[32.408s][info   ][gc,heap     ] GC(2092) Survivor regions: 0->0(94)
[32.408s][info   ][gc,heap     ] GC(2092) Old regions: 1->1
[32.408s][info   ][gc,heap     ] GC(2092) Archive regions: 2->2
[32.408s][info   ][gc,heap     ] GC(2092) Humongous regions: 1440->1034
[32.408s][info   ][gc,metaspace] GC(2092) Metaspace: 158K(384K)->158K(384K) NonClass: 150K(256K)->150K(256K) Class: 8K(128K)->8K(128K)
[32.408s][info   ][gc          ] GC(2092) Pause Young (Concurrent Start) (G1 Humongous Allocation) 1441M->1035M(2048M) 1.434ms
[32.408s][info   ][gc,cpu      ] GC(2092) User=0.01s Sys=0.00s Real=0.00s
[32.408s][info   ][gc          ] GC(2093) Concurrent Mark Cycle
[32.408s][info   ][gc,marking  ] GC(2093) Concurrent Clear Claimed Marks
[32.408s][info   ][gc,marking  ] GC(2093) Concurrent Clear Claimed Marks 0.007ms
[32.408s][info   ][gc,marking  ] GC(2093) Concurrent Scan Root Regions
[32.408s][info   ][gc,marking  ] GC(2093) Concurrent Scan Root Regions 0.005ms
[32.408s][info   ][gc,marking  ] GC(2093) Concurrent Mark
[32.408s][info   ][gc,marking  ] GC(2093) Concurrent Mark From Roots
[32.408s][info   ][gc,task     ] GC(2093) Using 1 workers of 1 for marking
[32.416s][info   ][gc,marking  ] GC(2093) Concurrent Mark From Roots 7.959ms
[32.416s][info   ][gc,marking  ] GC(2093) Concurrent Preclean
[32.416s][info   ][gc,marking  ] GC(2093) Concurrent Preclean 0.081ms
[32.417s][info   ][gc,start    ] GC(2093) Pause Remark
[32.417s][info   ][gc          ] GC(2093) Pause Remark 1159M->1159M(2048M) 0.556ms
[32.417s][info   ][gc,cpu      ] GC(2093) User=0.00s Sys=0.00s Real=0.00s
[32.417s][info   ][gc,marking  ] GC(2093) Concurrent Mark 9.379ms
[32.417s][info   ][gc,marking  ] GC(2093) Concurrent Rebuild Remembered Sets
[32.423s][info   ][gc,marking  ] GC(2093) Concurrent Rebuild Remembered Sets 5.730ms
[32.423s][info   ][gc,start    ] GC(2093) Pause Cleanup
[32.424s][info   ][gc          ] GC(2093) Pause Cleanup 1269M->1269M(2048M) 0.168ms
[32.424s][info   ][gc,cpu      ] GC(2093) User=0.00s Sys=0.00s Real=0.00s
[32.424s][info   ][gc,marking  ] GC(2093) Concurrent Cleanup for Next Mark
[32.439s][info   ][gc,marking  ] GC(2093) Concurrent Cleanup for Next Mark 14.960ms
[32.439s][info   ][gc          ] GC(2093) Concurrent Mark Cycle 31.081ms
[32.440s][info   ][gc,start    ] GC(2094) Pause Young (Concurrent Start) (G1 Humongous Allocation)
[32.440s][info   ][gc,task     ] GC(2094) Using 4 workers of 4 for evacuation
[32.441s][info   ][gc,phases   ] GC(2094)   Pre Evacuate Collection Set: 0.2ms
[32.441s][info   ][gc,phases   ] GC(2094)   Merge Heap Roots: 0.2ms
[32.441s][info   ][gc,phases   ] GC(2094)   Evacuate Collection Set: 0.3ms
[32.441s][info   ][gc,phases   ] GC(2094)   Post Evacuate Collection Set: 0.6ms
[32.441s][info   ][gc,phases   ] GC(2094)   Other: 0.1ms
[32.441s][info   ][gc,heap     ] GC(2094) Eden regions: 0->0(777)
[32.441s][info   ][gc,heap     ] GC(2094) Survivor regions: 0->0(95)
[32.441s][info   ][gc,heap     ] GC(2094) Old regions: 1->1
[32.441s][info   ][gc,heap     ] GC(2094) Archive regions: 2->2
[32.441s][info   ][gc,heap     ] GC(2094) Humongous regions: 1442->1010
[32.441s][info   ][gc,metaspace] GC(2094) Metaspace: 158K(384K)->158K(384K) NonClass: 150K(256K)->150K(256K) Class: 8K(128K)->8K(128K)
[32.441s][info   ][gc          ] GC(2094) Pause Young (Concurrent Start) (G1 Humongous Allocation) 1443M->1011M(2048M) 1.502ms
[32.441s][info   ][gc,cpu      ] GC(2094) User=0.00s Sys=0.00s Real=0.00s
[32.442s][info   ][gc          ] GC(2095) Concurrent Mark Cycle
[32.442s][info   ][gc,marking  ] GC(2095) Concurrent Clear Claimed Marks
[32.442s][info   ][gc,marking  ] GC(2095) Concurrent Clear Claimed Marks 0.007ms
[32.442s][info   ][gc,marking  ] GC(2095) Concurrent Scan Root Regions
[32.442s][info   ][gc,marking  ] GC(2095) Concurrent Scan Root Regions 0.006ms
[32.442s][info   ][gc,marking  ] GC(2095) Concurrent Mark
[32.442s][info   ][gc,marking  ] GC(2095) Concurrent Mark From Roots
[32.442s][info   ][gc,task     ] GC(2095) Using 1 workers of 1 for marking
[32.449s][info   ][gc,marking  ] GC(2095) Concurrent Mark From Roots 6.845ms
[32.449s][info   ][gc,marking  ] GC(2095) Concurrent Preclean
[32.449s][info   ][gc,marking  ] GC(2095) Concurrent Preclean 0.083ms
[32.450s][info   ][gc,start    ] GC(2095) Pause Remark
[32.450s][info   ][gc          ] GC(2095) Pause Remark 1131M->1131M(2048M) 0.614ms
[32.450s][info   ][gc,cpu      ] GC(2095) User=0.00s Sys=0.00s Real=0.00s
[32.450s][info   ][gc,marking  ] GC(2095) Concurrent Mark 8.661ms
[32.450s][info   ][gc,marking  ] GC(2095) Concurrent Rebuild Remembered Sets
[32.456s][info   ][gc,marking  ] GC(2095) Concurrent Rebuild Remembered Sets 5.900ms
[32.457s][info   ][gc,start    ] GC(2095) Pause Cleanup
[32.458s][info   ][gc          ] GC(2095) Pause Cleanup 1247M->1247M(2048M) 0.401ms
[32.458s][info   ][gc,cpu      ] GC(2095) User=0.01s Sys=0.00s Real=0.00s
[32.458s][info   ][gc,marking  ] GC(2095) Concurrent Cleanup for Next Mark
[32.473s][info   ][gc,marking  ] GC(2095) Concurrent Cleanup for Next Mark 15.687ms
[32.474s][info   ][gc          ] GC(2095) Concurrent Mark Cycle 32.149ms
[32.475s][info   ][gc,start    ] GC(2096) Pause Young (Concurrent Start) (G1 Humongous Allocation)
[32.475s][info   ][gc,task     ] GC(2096) Using 4 workers of 4 for evacuation
[32.477s][info   ][gc,phases   ] GC(2096)   Pre Evacuate Collection Set: 0.2ms
[32.477s][info   ][gc,phases   ] GC(2096)   Merge Heap Roots: 0.4ms
[32.477s][info   ][gc,phases   ] GC(2096)   Evacuate Collection Set: 0.2ms
[32.477s][info   ][gc,phases   ] GC(2096)   Post Evacuate Collection Set: 0.6ms
[32.477s][info   ][gc,phases   ] GC(2096)   Other: 0.2ms
[32.477s][info   ][gc,heap     ] GC(2096) Eden regions: 0->0(849)
[32.477s][info   ][gc,heap     ] GC(2096) Survivor regions: 0->0(98)
[32.477s][info   ][gc,heap     ] GC(2096) Old regions: 1->1
[32.477s][info   ][gc,heap     ] GC(2096) Archive regions: 2->2
[32.477s][info   ][gc,heap     ] GC(2096) Humongous regions: 1442->934
[32.477s][info   ][gc,metaspace] GC(2096) Metaspace: 158K(384K)->158K(384K) NonClass: 150K(256K)->150K(256K) Class: 8K(128K)->8K(128K)
[32.477s][info   ][gc          ] GC(2096) Pause Young (Concurrent Start) (G1 Humongous Allocation) 1443M->935M(2048M) 1.696ms
[32.477s][info   ][gc,cpu      ] GC(2096) User=0.00s Sys=0.00s Real=0.00s
[32.477s][info   ][gc          ] GC(2097) Concurrent Mark Cycle
[32.477s][info   ][gc,marking  ] GC(2097) Concurrent Clear Claimed Marks
[32.477s][info   ][gc,marking  ] GC(2097) Concurrent Clear Claimed Marks 0.007ms
[32.477s][info   ][gc,marking  ] GC(2097) Concurrent Scan Root Regions
[32.477s][info   ][gc,marking  ] GC(2097) Concurrent Scan Root Regions 0.006ms
[32.477s][info   ][gc,marking  ] GC(2097) Concurrent Mark
[32.477s][info   ][gc,marking  ] GC(2097) Concurrent Mark From Roots
[32.477s][info   ][gc,task     ] GC(2097) Using 1 workers of 1 for marking
[32.483s][info   ][gc,marking  ] GC(2097) Concurrent Mark From Roots 6.032ms
[32.483s][info   ][gc,marking  ] GC(2097) Concurrent Preclean
[32.483s][info   ][gc,marking  ] GC(2097) Concurrent Preclean 0.085ms
[32.483s][info   ][gc,start    ] GC(2097) Pause Remark
[32.484s][info   ][gc          ] GC(2097) Pause Remark 1027M->1027M(2048M) 0.717ms
[32.484s][info   ][gc,cpu      ] GC(2097) User=0.00s Sys=0.00s Real=0.00s
[32.484s][info   ][gc,marking  ] GC(2097) Concurrent Mark 7.609ms
[32.484s][info   ][gc,marking  ] GC(2097) Concurrent Rebuild Remembered Sets
[32.489s][info   ][gc,marking  ] GC(2097) Concurrent Rebuild Remembered Sets 4.790ms
[32.490s][info   ][gc,start    ] GC(2097) Pause Cleanup
[32.490s][info   ][gc          ] GC(2097) Pause Cleanup 1107M->1107M(2048M) 0.251ms
[32.490s][info   ][gc,cpu      ] GC(2097) User=0.00s Sys=0.00s Real=0.00s
[32.490s][info   ][gc,marking  ] GC(2097) Concurrent Cleanup for Next Mark
[32.506s][info   ][gc,marking  ] GC(2097) Concurrent Cleanup for Next Mark 15.786ms
[32.506s][info   ][gc          ] GC(2097) Concurrent Mark Cycle 29.661ms
[32.507s][info   ][gc,start    ] GC(2098) Pause Young (Concurrent Start) (G1 Humongous Allocation)
[32.507s][info   ][gc,task     ] GC(2098) Using 4 workers of 4 for evacuation
[32.510s][info   ][gc,phases   ] GC(2098)   Pre Evacuate Collection Set: 1.1ms
[32.510s][info   ][gc,phases   ] GC(2098)   Merge Heap Roots: 0.2ms
[32.510s][info   ][gc,phases   ] GC(2098)   Evacuate Collection Set: 0.3ms
[32.510s][info   ][gc,phases   ] GC(2098)   Post Evacuate Collection Set: 0.8ms
[32.510s][info   ][gc,phases   ] GC(2098)   Other: 0.2ms
[32.510s][info   ][gc,heap     ] GC(2098) Eden regions: 0->0(873)
[32.510s][info   ][gc,heap     ] GC(2098) Survivor regions: 0->0(107)
[32.510s][info   ][gc,heap     ] GC(2098) Old regions: 1->1
[32.510s][info   ][gc,heap     ] GC(2098) Archive regions: 2->2
[32.510s][info   ][gc,heap     ] GC(2098) Humongous regions: 1290->908
[32.510s][info   ][gc,metaspace] GC(2098) Metaspace: 158K(384K)->158K(384K) NonClass: 150K(256K)->150K(256K) Class: 8K(128K)->8K(128K)
[32.510s][info   ][gc          ] GC(2098) Pause Young (Concurrent Start) (G1 Humongous Allocation) 1291M->909M(2048M) 2.674ms
[32.510s][info   ][gc,cpu      ] GC(2098) User=0.00s Sys=0.00s Real=0.01s
[32.510s][info   ][gc          ] GC(2099) Concurrent Undo Cycle
[32.510s][info   ][gc,marking  ] GC(2099) Concurrent Cleanup for Next Mark
[32.525s][info   ][gc,marking  ] GC(2099) Concurrent Cleanup for Next Mark 15.301ms
[32.526s][info   ][gc          ] GC(2099) Concurrent Undo Cycle 15.522ms
[32.527s][info   ][gc,start    ] GC(2100) Pause Young (Concurrent Start) (G1 Humongous Allocation)
[32.527s][info   ][gc,task     ] GC(2100) Using 4 workers of 4 for evacuation
[32.528s][info   ][gc,phases   ] GC(2100)   Pre Evacuate Collection Set: 0.3ms
[32.528s][info   ][gc,phases   ] GC(2100)   Merge Heap Roots: 0.1ms
[32.528s][info   ][gc,phases   ] GC(2100)   Evacuate Collection Set: 0.5ms
[32.528s][info   ][gc,phases   ] GC(2100)   Post Evacuate Collection Set: 0.6ms
[32.528s][info   ][gc,phases   ] GC(2100)   Other: 0.2ms
[32.528s][info   ][gc,heap     ] GC(2100) Eden regions: 0->0(922)
[32.528s][info   ][gc,heap     ] GC(2100) Survivor regions: 0->0(110)
[32.528s][info   ][gc,heap     ] GC(2100) Old regions: 1->1
[32.528s][info   ][gc,heap     ] GC(2100) Archive regions: 2->2
[32.528s][info   ][gc,heap     ] GC(2100) Humongous regions: 1016->856
[32.528s][info   ][gc,metaspace] GC(2100) Metaspace: 158K(384K)->158K(384K) NonClass: 150K(256K)->150K(256K) Class: 8K(128K)->8K(128K)
[32.528s][info   ][gc          ] GC(2100) Pause Young (Concurrent Start) (G1 Humongous Allocation) 1017M->857M(2048M) 1.809ms
[32.528s][info   ][gc,cpu      ] GC(2100) User=0.00s Sys=0.00s Real=0.01s
[32.528s][info   ][gc          ] GC(2101) Concurrent Undo Cycle
[32.529s][info   ][gc,marking  ] GC(2101) Concurrent Cleanup for Next Mark
[32.545s][info   ][gc,marking  ] GC(2101) Concurrent Cleanup for Next Mark 16.662ms
[32.545s][info   ][gc          ] GC(2101) Concurrent Undo Cycle 16.974ms
[32.547s][info   ][gc,start    ] GC(2102) Pause Young (Concurrent Start) (G1 Humongous Allocation)
[32.547s][info   ][gc,task     ] GC(2102) Using 4 workers of 4 for evacuation
[32.549s][info   ][gc,phases   ] GC(2102)   Pre Evacuate Collection Set: 0.3ms
[32.549s][info   ][gc,phases   ] GC(2102)   Merge Heap Roots: 0.1ms
[32.549s][info   ][gc,phases   ] GC(2102)   Evacuate Collection Set: 0.8ms
[32.549s][info   ][gc,phases   ] GC(2102)   Post Evacuate Collection Set: 1.0ms
[32.549s][info   ][gc,phases   ] GC(2102)   Other: 0.2ms
[32.549s][info   ][gc,heap     ] GC(2102) Eden regions: 0->0(899)
[32.549s][info   ][gc,heap     ] GC(2102) Survivor regions: 0->0(116)
[32.549s][info   ][gc,heap     ] GC(2102) Old regions: 1->1
[32.549s][info   ][gc,heap     ] GC(2102) Archive regions: 2->2
[32.549s][info   ][gc,heap     ] GC(2102) Humongous regions: 1016->880
[32.549s][info   ][gc,metaspace] GC(2102) Metaspace: 158K(384K)->158K(384K) NonClass: 150K(256K)->150K(256K) Class: 8K(128K)->8K(128K)
[32.549s][info   ][gc          ] GC(2102) Pause Young (Concurrent Start) (G1 Humongous Allocation) 1017M->881M(2048M) 2.652ms
[32.549s][info   ][gc,cpu      ] GC(2102) User=0.00s Sys=0.00s Real=0.01s
[32.549s][info   ][gc          ] GC(2103) Concurrent Undo Cycle
[32.549s][info   ][gc,marking  ] GC(2103) Concurrent Cleanup for Next Mark
[32.563s][info   ][gc,marking  ] GC(2103) Concurrent Cleanup for Next Mark 13.501ms
[32.563s][info   ][gc          ] GC(2103) Concurrent Undo Cycle 13.878ms
[32.564s][info   ][gc,start    ] GC(2104) Pause Young (Concurrent Start) (G1 Humongous Allocation)
[32.564s][info   ][gc,task     ] GC(2104) Using 4 workers of 4 for evacuation
[32.566s][info   ][gc,phases   ] GC(2104)   Pre Evacuate Collection Set: 0.3ms
[32.566s][info   ][gc,phases   ] GC(2104)   Merge Heap Roots: 0.1ms
[32.566s][info   ][gc,phases   ] GC(2104)   Evacuate Collection Set: 0.7ms
[32.566s][info   ][gc,phases   ] GC(2104)   Post Evacuate Collection Set: 0.6ms
[32.566s][info   ][gc,phases   ] GC(2104)   Other: 0.2ms
[32.566s][info   ][gc,heap     ] GC(2104) Eden regions: 0->0(911)
[32.566s][info   ][gc,heap     ] GC(2104) Survivor regions: 0->0(113)
[32.566s][info   ][gc,heap     ] GC(2104) Old regions: 1->1
[32.566s][info   ][gc,heap     ] GC(2104) Archive regions: 2->2
[32.566s][info   ][gc,heap     ] GC(2104) Humongous regions: 994->868
[32.566s][info   ][gc,metaspace] GC(2104) Metaspace: 158K(384K)->158K(384K) NonClass: 150K(256K)->150K(256K) Class: 8K(128K)->8K(128K)
[32.566s][info   ][gc          ] GC(2104) Pause Young (Concurrent Start) (G1 Humongous Allocation) 995M->869M(2048M) 2.038ms
[32.566s][info   ][gc,cpu      ] GC(2104) User=0.00s Sys=0.00s Real=0.00s
[32.566s][info   ][gc          ] GC(2105) Concurrent Undo Cycle
[32.566s][info   ][gc,marking  ] GC(2105) Concurrent Cleanup for Next Mark
[32.583s][info   ][gc,marking  ] GC(2105) Concurrent Cleanup for Next Mark 17.266ms
[32.583s][info   ][gc          ] GC(2105) Concurrent Undo Cycle 17.508ms
[32.584s][info   ][gc,start    ] GC(2106) Pause Young (Concurrent Start) (G1 Humongous Allocation)
[32.584s][info   ][gc,task     ] GC(2106) Using 4 workers of 4 for evacuation
[32.586s][info   ][gc,phases   ] GC(2106)   Pre Evacuate Collection Set: 0.2ms
[32.586s][info   ][gc,phases   ] GC(2106)   Merge Heap Roots: 0.1ms
[32.586s][info   ][gc,phases   ] GC(2106)   Evacuate Collection Set: 0.3ms
[32.586s][info   ][gc,phases   ] GC(2106)   Post Evacuate Collection Set: 0.5ms
[32.586s][info   ][gc,phases   ] GC(2106)   Other: 0.2ms
[32.586s][info   ][gc,heap     ] GC(2106) Eden regions: 0->0(942)
[32.586s][info   ][gc,heap     ] GC(2106) Survivor regions: 0->0(114)
[32.586s][info   ][gc,heap     ] GC(2106) Old regions: 1->1
[32.586s][info   ][gc,heap     ] GC(2106) Archive regions: 2->2
[32.586s][info   ][gc,heap     ] GC(2106) Humongous regions: 1026->834
[32.586s][info   ][gc,metaspace] GC(2106) Metaspace: 158K(384K)->158K(384K) NonClass: 150K(256K)->150K(256K) Class: 8K(128K)->8K(128K)
[32.586s][info   ][gc          ] GC(2106) Pause Young (Concurrent Start) (G1 Humongous Allocation) 1027M->835M(2048M) 1.534ms
[32.586s][info   ][gc,cpu      ] GC(2106) User=0.00s Sys=0.01s Real=0.00s
[32.586s][info   ][gc          ] GC(2107) Concurrent Undo Cycle
[32.586s][info   ][gc,marking  ] GC(2107) Concurrent Cleanup for Next Mark
[32.599s][info   ][gc,marking  ] GC(2107) Concurrent Cleanup for Next Mark 13.357ms
[32.600s][info   ][gc          ] GC(2107) Concurrent Undo Cycle 13.580ms
[32.601s][info   ][gc,start    ] GC(2108) Pause Young (Concurrent Start) (G1 Humongous Allocation)
[32.601s][info   ][gc,task     ] GC(2108) Using 4 workers of 4 for evacuation
[32.602s][info   ][gc,phases   ] GC(2108)   Pre Evacuate Collection Set: 0.3ms
[32.602s][info   ][gc,phases   ] GC(2108)   Merge Heap Roots: 0.1ms
[32.602s][info   ][gc,phases   ] GC(2108)   Evacuate Collection Set: 0.4ms
[32.602s][info   ][gc,phases   ] GC(2108)   Post Evacuate Collection Set: 0.6ms
[32.602s][info   ][gc,phases   ] GC(2108)   Other: 0.2ms
[32.602s][info   ][gc,heap     ] GC(2108) Eden regions: 0->0(954)
[32.602s][info   ][gc,heap     ] GC(2108) Survivor regions: 0->0(118)
[32.602s][info   ][gc,heap     ] GC(2108) Old regions: 1->1
[32.602s][info   ][gc,heap     ] GC(2108) Archive regions: 2->2
[32.602s][info   ][gc,heap     ] GC(2108) Humongous regions: 984->822
[32.602s][info   ][gc,metaspace] GC(2108) Metaspace: 158K(384K)->158K(384K) NonClass: 150K(256K)->150K(256K) Class: 8K(128K)->8K(128K)
[32.602s][info   ][gc          ] GC(2108) Pause Young (Concurrent Start) (G1 Humongous Allocation) 985M->823M(2048M) 1.642ms
[32.602s][info   ][gc,cpu      ] GC(2108) User=0.00s Sys=0.00s Real=0.00s
[32.602s][info   ][gc          ] GC(2109) Concurrent Undo Cycle
[32.602s][info   ][gc,marking  ] GC(2109) Concurrent Cleanup for Next Mark
[32.620s][info   ][gc,marking  ] GC(2109) Concurrent Cleanup for Next Mark 17.485ms
[32.620s][info   ][gc          ] GC(2109) Concurrent Undo Cycle 17.726ms
[32.621s][info   ][gc,start    ] GC(2110) Pause Young (Concurrent Start) (G1 Humongous Allocation)
[32.621s][info   ][gc,task     ] GC(2110) Using 4 workers of 4 for evacuation
[32.623s][info   ][gc,phases   ] GC(2110)   Pre Evacuate Collection Set: 0.2ms
[32.623s][info   ][gc,phases   ] GC(2110)   Merge Heap Roots: 0.1ms
[32.623s][info   ][gc,phases   ] GC(2110)   Evacuate Collection Set: 0.4ms
[32.623s][info   ][gc,phases   ] GC(2110)   Post Evacuate Collection Set: 0.6ms
[32.623s][info   ][gc,phases   ] GC(2110)   Other: 0.2ms
[32.623s][info   ][gc,heap     ] GC(2110) Eden regions: 0->0(935)
[32.623s][info   ][gc,heap     ] GC(2110) Survivor regions: 0->0(120)
[32.623s][info   ][gc,heap     ] GC(2110) Old regions: 1->1
[32.623s][info   ][gc,heap     ] GC(2110) Archive regions: 2->2
[32.623s][info   ][gc,heap     ] GC(2110) Humongous regions: 1020->842
[32.623s][info   ][gc,metaspace] GC(2110) Metaspace: 158K(384K)->158K(384K) NonClass: 150K(256K)->150K(256K) Class: 8K(128K)->8K(128K)
[32.623s][info   ][gc          ] GC(2110) Pause Young (Concurrent Start) (G1 Humongous Allocation) 1021M->843M(2048M) 1.603ms
[32.623s][info   ][gc,cpu      ] GC(2110) User=0.00s Sys=0.00s Real=0.00s
[32.623s][info   ][gc          ] GC(2111) Concurrent Undo Cycle
[32.623s][info   ][gc,marking  ] GC(2111) Concurrent Cleanup for Next Mark
[32.636s][info   ][gc,marking  ] GC(2111) Concurrent Cleanup for Next Mark 12.663ms
[32.636s][info   ][gc          ] GC(2111) Concurrent Undo Cycle 13.125ms
[32.636s][info   ][gc,start    ] GC(2112) Pause Young (Concurrent Start) (G1 Humongous Allocation)
[32.636s][info   ][gc,task     ] GC(2112) Using 4 workers of 4 for evacuation
[32.638s][info   ][gc,phases   ] GC(2112)   Pre Evacuate Collection Set: 0.2ms
[32.638s][info   ][gc,phases   ] GC(2112)   Merge Heap Roots: 0.1ms
[32.638s][info   ][gc,phases   ] GC(2112)   Evacuate Collection Set: 0.3ms
[32.638s][info   ][gc,phases   ] GC(2112)   Post Evacuate Collection Set: 0.6ms
[32.638s][info   ][gc,phases   ] GC(2112)   Other: 0.2ms
[32.638s][info   ][gc,heap     ] GC(2112) Eden regions: 0->0(941)
[32.638s][info   ][gc,heap     ] GC(2112) Survivor regions: 0->0(117)
[32.638s][info   ][gc,heap     ] GC(2112) Old regions: 1->1
[32.638s][info   ][gc,heap     ] GC(2112) Archive regions: 2->2
[32.638s][info   ][gc,heap     ] GC(2112) Humongous regions: 948->836
[32.638s][info   ][gc,metaspace] GC(2112) Metaspace: 158K(384K)->158K(384K) NonClass: 150K(256K)->150K(256K) Class: 8K(128K)->8K(128K)
[32.638s][info   ][gc          ] GC(2112) Pause Young (Concurrent Start) (G1 Humongous Allocation) 949M->837M(2048M) 1.546ms
[32.638s][info   ][gc,cpu      ] GC(2112) User=0.00s Sys=0.00s Real=0.00s
[32.638s][info   ][gc          ] GC(2113) Concurrent Undo Cycle
[32.638s][info   ][gc,marking  ] GC(2113) Concurrent Cleanup for Next Mark
[32.650s][info   ][gc,marking  ] GC(2113) Concurrent Cleanup for Next Mark 11.855ms
[32.650s][info   ][gc          ] GC(2113) Concurrent Undo Cycle 12.077ms
[32.651s][info   ][gc,start    ] GC(2114) Pause Young (Concurrent Start) (G1 Humongous Allocation)
[32.651s][info   ][gc,task     ] GC(2114) Using 4 workers of 4 for evacuation
[32.653s][info   ][gc,phases   ] GC(2114)   Pre Evacuate Collection Set: 0.2ms
[32.653s][info   ][gc,phases   ] GC(2114)   Merge Heap Roots: 0.1ms
[32.653s][info   ][gc,phases   ] GC(2114)   Evacuate Collection Set: 0.9ms
[32.653s][info   ][gc,phases   ] GC(2114)   Post Evacuate Collection Set: 0.6ms
[32.653s][info   ][gc,phases   ] GC(2114)   Other: 0.2ms
[32.653s][info   ][gc,heap     ] GC(2114) Eden regions: 0->0(952)
[32.653s][info   ][gc,heap     ] GC(2114) Survivor regions: 0->0(118)
[32.653s][info   ][gc,heap     ] GC(2114) Old regions: 1->1
[32.653s][info   ][gc,heap     ] GC(2114) Archive regions: 2->2
[32.653s][info   ][gc,heap     ] GC(2114) Humongous regions: 958->824
[32.653s][info   ][gc,metaspace] GC(2114) Metaspace: 158K(384K)->158K(384K) NonClass: 150K(256K)->150K(256K) Class: 8K(128K)->8K(128K)
[32.653s][info   ][gc          ] GC(2114) Pause Young (Concurrent Start) (G1 Humongous Allocation) 959M->825M(2048M) 2.030ms
[32.653s][info   ][gc,cpu      ] GC(2114) User=0.00s Sys=0.00s Real=0.00s
[32.653s][info   ][gc          ] GC(2115) Concurrent Undo Cycle
[32.653s][info   ][gc,marking  ] GC(2115) Concurrent Cleanup for Next Mark
[32.667s][info   ][gc,marking  ] GC(2115) Concurrent Cleanup for Next Mark 13.627ms
[32.667s][info   ][gc          ] GC(2115) Concurrent Undo Cycle 13.859ms
[32.668s][info   ][gc,start    ] GC(2116) Pause Young (Concurrent Start) (G1 Humongous Allocation)
[32.668s][info   ][gc,task     ] GC(2116) Using 4 workers of 4 for evacuation
[32.669s][info   ][gc,phases   ] GC(2116)   Pre Evacuate Collection Set: 0.3ms
[32.669s][info   ][gc,phases   ] GC(2116)   Merge Heap Roots: 0.1ms
[32.669s][info   ][gc,phases   ] GC(2116)   Evacuate Collection Set: 0.3ms
[32.669s][info   ][gc,phases   ] GC(2116)   Post Evacuate Collection Set: 0.6ms
[32.669s][info   ][gc,phases   ] GC(2116)   Other: 0.3ms
[32.669s][info   ][gc,heap     ] GC(2116) Eden regions: 0->0(931)
[32.669s][info   ][gc,heap     ] GC(2116) Survivor regions: 0->0(119)
[32.669s][info   ][gc,heap     ] GC(2116) Old regions: 1->1
[32.669s][info   ][gc,heap     ] GC(2116) Archive regions: 2->2
[32.669s][info   ][gc,heap     ] GC(2116) Humongous regions: 970->846
[32.669s][info   ][gc,metaspace] GC(2116) Metaspace: 158K(384K)->158K(384K) NonClass: 150K(256K)->150K(256K) Class: 8K(128K)->8K(128K)
[32.669s][info   ][gc          ] GC(2116) Pause Young (Concurrent Start) (G1 Humongous Allocation) 971M->847M(2048M) 1.651ms
[32.670s][info   ][gc,cpu      ] GC(2116) User=0.00s Sys=0.00s Real=0.01s
[32.670s][info   ][gc          ] GC(2117) Concurrent Undo Cycle
[32.670s][info   ][gc,marking  ] GC(2117) Concurrent Cleanup for Next Mark
[32.683s][info   ][gc,marking  ] GC(2117) Concurrent Cleanup for Next Mark 13.811ms
[32.684s][info   ][gc          ] GC(2117) Concurrent Undo Cycle 14.074ms
[32.685s][info   ][gc,start    ] GC(2118) Pause Young (Concurrent Start) (G1 Humongous Allocation)
[32.685s][info   ][gc,task     ] GC(2118) Using 4 workers of 4 for evacuation
[32.686s][info   ][gc,phases   ] GC(2118)   Pre Evacuate Collection Set: 0.2ms
[32.686s][info   ][gc,phases   ] GC(2118)   Merge Heap Roots: 0.1ms
[32.686s][info   ][gc,phases   ] GC(2118)   Evacuate Collection Set: 0.3ms
[32.686s][info   ][gc,phases   ] GC(2118)   Post Evacuate Collection Set: 0.8ms
[32.686s][info   ][gc,phases   ] GC(2118)   Other: 0.2ms
[32.687s][info   ][gc,heap     ] GC(2118) Eden regions: 0->0(944)
[32.687s][info   ][gc,heap     ] GC(2118) Survivor regions: 0->0(117)
[32.687s][info   ][gc,heap     ] GC(2118) Old regions: 1->1
[32.687s][info   ][gc,heap     ] GC(2118) Archive regions: 2->2
[32.687s][info   ][gc,heap     ] GC(2118) Humongous regions: 978->832
[32.687s][info   ][gc,metaspace] GC(2118) Metaspace: 158K(384K)->158K(384K) NonClass: 150K(256K)->150K(256K) Class: 8K(128K)->8K(128K)
[32.687s][info   ][gc          ] GC(2118) Pause Young (Concurrent Start) (G1 Humongous Allocation) 979M->833M(2048M) 1.755ms
[32.687s][info   ][gc,cpu      ] GC(2118) User=0.01s Sys=0.00s Real=0.00s
[32.687s][info   ][gc          ] GC(2119) Concurrent Undo Cycle
[32.687s][info   ][gc,marking  ] GC(2119) Concurrent Cleanup for Next Mark
[32.703s][info   ][gc,marking  ] GC(2119) Concurrent Cleanup for Next Mark 15.214ms
[32.703s][info   ][gc          ] GC(2119) Concurrent Undo Cycle 15.542ms
[32.704s][info   ][gc,start    ] GC(2120) Pause Young (Concurrent Start) (G1 Humongous Allocation)
[32.704s][info   ][gc,task     ] GC(2120) Using 4 workers of 4 for evacuation
[32.707s][info   ][gc,phases   ] GC(2120)   Pre Evacuate Collection Set: 0.3ms
[32.707s][info   ][gc,phases   ] GC(2120)   Merge Heap Roots: 0.1ms
[32.707s][info   ][gc,phases   ] GC(2120)   Evacuate Collection Set: 1.0ms
[32.707s][info   ][gc,phases   ] GC(2120)   Post Evacuate Collection Set: 0.7ms
[32.707s][info   ][gc,phases   ] GC(2120)   Other: 0.3ms
[32.707s][info   ][gc,heap     ] GC(2120) Eden regions: 0->0(931)
[32.707s][info   ][gc,heap     ] GC(2120) Survivor regions: 0->0(118)
[32.707s][info   ][gc,heap     ] GC(2120) Old regions: 1->1
[32.707s][info   ][gc,heap     ] GC(2120) Archive regions: 2->2
[32.707s][info   ][gc,heap     ] GC(2120) Humongous regions: 984->846
[32.707s][info   ][gc,metaspace] GC(2120) Metaspace: 158K(384K)->158K(384K) NonClass: 150K(256K)->150K(256K) Class: 8K(128K)->8K(128K)
[32.707s][info   ][gc          ] GC(2120) Pause Young (Concurrent Start) (G1 Humongous Allocation) 985M->847M(2048M) 2.720ms
[32.707s][info   ][gc,cpu      ] GC(2120) User=0.01s Sys=0.00s Real=0.00s
[32.708s][info   ][gc          ] GC(2121) Concurrent Undo Cycle
[32.708s][info   ][gc,marking  ] GC(2121) Concurrent Cleanup for Next Mark
[32.722s][info   ][gc,marking  ] GC(2121) Concurrent Cleanup for Next Mark 13.880ms
[32.722s][info   ][gc          ] GC(2121) Concurrent Undo Cycle 14.140ms
[32.723s][info   ][gc,start    ] GC(2122) Pause Young (Concurrent Start) (G1 Humongous Allocation)
[32.723s][info   ][gc,task     ] GC(2122) Using 4 workers of 4 for evacuation
[32.726s][info   ][gc,phases   ] GC(2122)   Pre Evacuate Collection Set: 0.4ms
[32.726s][info   ][gc,phases   ] GC(2122)   Merge Heap Roots: 0.1ms
[32.726s][info   ][gc,phases   ] GC(2122)   Evacuate Collection Set: 0.7ms
[32.726s][info   ][gc,phases   ] GC(2122)   Post Evacuate Collection Set: 1.6ms
[32.726s][info   ][gc,phases   ] GC(2122)   Other: 0.2ms
[32.726s][info   ][gc,heap     ] GC(2122) Eden regions: 0->0(926)
[32.726s][info   ][gc,heap     ] GC(2122) Survivor regions: 0->0(117)
[32.726s][info   ][gc,heap     ] GC(2122) Old regions: 1->1
[32.726s][info   ][gc,heap     ] GC(2122) Archive regions: 2->2
[32.726s][info   ][gc,heap     ] GC(2122) Humongous regions: 996->852
[32.726s][info   ][gc,metaspace] GC(2122) Metaspace: 158K(384K)->158K(384K) NonClass: 150K(256K)->150K(256K) Class: 8K(128K)->8K(128K)
[32.727s][info   ][gc          ] GC(2122) Pause Young (Concurrent Start) (G1 Humongous Allocation) 997M->853M(2048M) 3.247ms
[32.727s][info   ][gc,cpu      ] GC(2122) User=0.00s Sys=0.00s Real=0.00s
[32.727s][info   ][gc          ] GC(2123) Concurrent Undo Cycle
[32.727s][info   ][gc,marking  ] GC(2123) Concurrent Cleanup for Next Mark
[32.744s][info   ][gc,marking  ] GC(2123) Concurrent Cleanup for Next Mark 17.129ms
[32.744s][info   ][gc          ] GC(2123) Concurrent Undo Cycle 17.476ms
[32.745s][info   ][gc,start    ] GC(2124) Pause Young (Concurrent Start) (G1 Humongous Allocation)
[32.745s][info   ][gc,task     ] GC(2124) Using 4 workers of 4 for evacuation
[32.746s][info   ][gc,phases   ] GC(2124)   Pre Evacuate Collection Set: 0.3ms
[32.746s][info   ][gc,phases   ] GC(2124)   Merge Heap Roots: 0.1ms
[32.746s][info   ][gc,phases   ] GC(2124)   Evacuate Collection Set: 0.4ms
[32.746s][info   ][gc,phases   ] GC(2124)   Post Evacuate Collection Set: 0.5ms
[32.746s][info   ][gc,phases   ] GC(2124)   Other: 0.2ms
[32.746s][info   ][gc,heap     ] GC(2124) Eden regions: 0->0(912)
[32.747s][info   ][gc,heap     ] GC(2124) Survivor regions: 0->0(116)
[32.747s][info   ][gc,heap     ] GC(2124) Old regions: 1->1
[32.747s][info   ][gc,heap     ] GC(2124) Archive regions: 2->2
[32.747s][info   ][gc,heap     ] GC(2124) Humongous regions: 1036->866
[32.747s][info   ][gc,metaspace] GC(2124) Metaspace: 158K(384K)->158K(384K) NonClass: 150K(256K)->150K(256K) Class: 8K(128K)->8K(128K)
[32.747s][info   ][gc          ] GC(2124) Pause Young (Concurrent Start) (G1 Humongous Allocation) 1037M->867M(2048M) 1.633ms
[32.747s][info   ][gc,cpu      ] GC(2124) User=0.00s Sys=0.00s Real=0.00s
[32.747s][info   ][gc          ] GC(2125) Concurrent Undo Cycle
[32.747s][info   ][gc,marking  ] GC(2125) Concurrent Cleanup for Next Mark
[32.782s][info   ][gc,marking  ] GC(2125) Concurrent Cleanup for Next Mark 34.870ms
[32.782s][info   ][gc          ] GC(2125) Concurrent Undo Cycle 35.063ms
[32.783s][info   ][gc,start    ] GC(2126) Pause Young (Concurrent Start) (G1 Humongous Allocation)
[32.783s][info   ][gc,task     ] GC(2126) Using 4 workers of 4 for evacuation
[32.785s][info   ][gc,phases   ] GC(2126)   Pre Evacuate Collection Set: 0.3ms
[32.785s][info   ][gc,phases   ] GC(2126)   Merge Heap Roots: 0.1ms
[32.785s][info   ][gc,phases   ] GC(2126)   Evacuate Collection Set: 0.6ms
[32.785s][info   ][gc,phases   ] GC(2126)   Post Evacuate Collection Set: 0.6ms
[32.785s][info   ][gc,phases   ] GC(2126)   Other: 0.2ms
[32.785s][info   ][gc,heap     ] GC(2126) Eden regions: 0->0(903)
[32.785s][info   ][gc,heap     ] GC(2126) Survivor regions: 0->0(114)
[32.785s][info   ][gc,heap     ] GC(2126) Old regions: 1->1
[32.785s][info   ][gc,heap     ] GC(2126) Archive regions: 2->2
[32.785s][info   ][gc,heap     ] GC(2126) Humongous regions: 1318->876
[32.785s][info   ][gc,metaspace] GC(2126) Metaspace: 158K(384K)->158K(384K) NonClass: 150K(256K)->150K(256K) Class: 8K(128K)->8K(128K)
[32.785s][info   ][gc          ] GC(2126) Pause Young (Concurrent Start) (G1 Humongous Allocation) 1319M->877M(2048M) 1.881ms
[32.785s][info   ][gc,cpu      ] GC(2126) User=0.00s Sys=0.00s Real=0.00s
[32.785s][info   ][gc          ] GC(2127) Concurrent Undo Cycle
[32.785s][info   ][gc,marking  ] GC(2127) Concurrent Cleanup for Next Mark
[32.819s][info   ][gc,marking  ] GC(2127) Concurrent Cleanup for Next Mark 33.525ms
[32.819s][info   ][gc          ] GC(2127) Concurrent Undo Cycle 33.744ms
[32.819s][info   ][gc,start    ] GC(2128) Pause Young (Concurrent Start) (G1 Humongous Allocation)
[32.819s][info   ][gc,task     ] GC(2128) Using 4 workers of 4 for evacuation
[32.821s][info   ][gc,phases   ] GC(2128)   Pre Evacuate Collection Set: 0.2ms
[32.821s][info   ][gc,phases   ] GC(2128)   Merge Heap Roots: 0.1ms
[32.821s][info   ][gc,phases   ] GC(2128)   Evacuate Collection Set: 0.6ms
[32.821s][info   ][gc,phases   ] GC(2128)   Post Evacuate Collection Set: 0.6ms
[32.821s][info   ][gc,phases   ] GC(2128)   Other: 0.2ms
[32.821s][info   ][gc,heap     ] GC(2128) Eden regions: 0->0(860)
[32.821s][info   ][gc,heap     ] GC(2128) Survivor regions: 0->0(113)
[32.821s][info   ][gc,heap     ] GC(2128) Old regions: 1->1
[32.821s][info   ][gc,heap     ] GC(2128) Archive regions: 2->2
[32.821s][info   ][gc,heap     ] GC(2128) Humongous regions: 1328->922
[32.821s][info   ][gc,metaspace] GC(2128) Metaspace: 158K(384K)->158K(384K) NonClass: 150K(256K)->150K(256K) Class: 8K(128K)->8K(128K)
[32.821s][info   ][gc          ] GC(2128) Pause Young (Concurrent Start) (G1 Humongous Allocation) 1329M->923M(2048M) 1.864ms
[32.821s][info   ][gc,cpu      ] GC(2128) User=0.00s Sys=0.00s Real=0.00s
[32.821s][info   ][gc          ] GC(2129) Concurrent Mark Cycle
[32.821s][info   ][gc,marking  ] GC(2129) Concurrent Clear Claimed Marks
[32.821s][info   ][gc,marking  ] GC(2129) Concurrent Clear Claimed Marks 0.009ms
[32.821s][info   ][gc,marking  ] GC(2129) Concurrent Scan Root Regions
[32.821s][info   ][gc,marking  ] GC(2129) Concurrent Scan Root Regions 0.006ms
[32.821s][info   ][gc,marking  ] GC(2129) Concurrent Mark
[32.821s][info   ][gc,marking  ] GC(2129) Concurrent Mark From Roots
[32.821s][info   ][gc,task     ] GC(2129) Using 1 workers of 1 for marking
[32.832s][info   ][gc,marking  ] GC(2129) Concurrent Mark From Roots 10.857ms
[32.832s][info   ][gc,marking  ] GC(2129) Concurrent Preclean
[32.832s][info   ][gc,marking  ] GC(2129) Concurrent Preclean 0.128ms
[32.834s][info   ][gc,start    ] GC(2129) Pause Remark
[32.835s][info   ][gc          ] GC(2129) Pause Remark 1095M->1095M(2048M) 0.989ms
[32.835s][info   ][gc,cpu      ] GC(2129) User=0.01s Sys=0.00s Real=0.00s
[32.835s][info   ][gc,marking  ] GC(2129) Concurrent Mark 13.380ms
[32.835s][info   ][gc,marking  ] GC(2129) Concurrent Rebuild Remembered Sets
[32.848s][info   ][gc,marking  ] GC(2129) Concurrent Rebuild Remembered Sets 13.390ms
[32.851s][info   ][gc,start    ] GC(2129) Pause Cleanup
[32.851s][info   ][gc          ] GC(2129) Pause Cleanup 1333M->1333M(2048M) 0.342ms
[32.851s][info   ][gc,cpu      ] GC(2129) User=0.00s Sys=0.00s Real=0.00s
[32.851s][info   ][gc,marking  ] GC(2129) Concurrent Cleanup for Next Mark
[32.876s][info   ][gc,marking  ] GC(2129) Concurrent Cleanup for Next Mark 25.189ms
[32.877s][info   ][gc          ] GC(2129) Concurrent Mark Cycle 55.276ms
[32.877s][info   ][gc,start    ] GC(2130) Pause Young (Concurrent Start) (G1 Humongous Allocation)
[32.877s][info   ][gc,task     ] GC(2130) Using 4 workers of 4 for evacuation
[32.879s][info   ][gc,phases   ] GC(2130)   Pre Evacuate Collection Set: 0.2ms
[32.879s][info   ][gc,phases   ] GC(2130)   Merge Heap Roots: 0.2ms
[32.879s][info   ][gc,phases   ] GC(2130)   Evacuate Collection Set: 0.6ms
[32.879s][info   ][gc,phases   ] GC(2130)   Post Evacuate Collection Set: 0.9ms
[32.879s][info   ][gc,phases   ] GC(2130)   Other: 0.2ms
[32.879s][info   ][gc,heap     ] GC(2130) Eden regions: 0->0(866)
[32.879s][info   ][gc,heap     ] GC(2130) Survivor regions: 0->0(108)
[32.879s][info   ][gc,heap     ] GC(2130) Old regions: 1->1
[32.879s][info   ][gc,heap     ] GC(2130) Archive regions: 2->2
[32.879s][info   ][gc,heap     ] GC(2130) Humongous regions: 1654->916
[32.879s][info   ][gc,metaspace] GC(2130) Metaspace: 158K(384K)->158K(384K) NonClass: 150K(256K)->150K(256K) Class: 8K(128K)->8K(128K)
[32.879s][info   ][gc          ] GC(2130) Pause Young (Concurrent Start) (G1 Humongous Allocation) 1655M->917M(2048M) 2.205ms
[32.879s][info   ][gc,cpu      ] GC(2130) User=0.01s Sys=0.00s Real=0.01s
[32.880s][info   ][gc          ] GC(2131) Concurrent Undo Cycle
[32.880s][info   ][gc,marking  ] GC(2131) Concurrent Cleanup for Next Mark
[32.895s][info   ][gc,marking  ] GC(2131) Concurrent Cleanup for Next Mark 15.463ms
[32.895s][info   ][gc          ] GC(2131) Concurrent Undo Cycle 15.718ms
[32.896s][info   ][gc,start    ] GC(2132) Pause Young (Concurrent Start) (G1 Humongous Allocation)
[32.896s][info   ][gc,task     ] GC(2132) Using 4 workers of 4 for evacuation
[32.898s][info   ][gc,phases   ] GC(2132)   Pre Evacuate Collection Set: 0.2ms
[32.898s][info   ][gc,phases   ] GC(2132)   Merge Heap Roots: 0.1ms
[32.898s][info   ][gc,phases   ] GC(2132)   Evacuate Collection Set: 0.3ms
[32.898s][info   ][gc,phases   ] GC(2132)   Post Evacuate Collection Set: 0.5ms
[32.898s][info   ][gc,phases   ] GC(2132)   Other: 0.2ms
[32.898s][info   ][gc,heap     ] GC(2132) Eden regions: 0->0(918)
[32.898s][info   ][gc,heap     ] GC(2132) Survivor regions: 0->0(109)
[32.898s][info   ][gc,heap     ] GC(2132) Old regions: 1->1
[32.898s][info   ][gc,heap     ] GC(2132) Archive regions: 2->2
[32.898s][info   ][gc,heap     ] GC(2132) Humongous regions: 1096->860
[32.898s][info   ][gc,metaspace] GC(2132) Metaspace: 158K(384K)->158K(384K) NonClass: 150K(256K)->150K(256K) Class: 8K(128K)->8K(128K)
[32.898s][info   ][gc          ] GC(2132) Pause Young (Concurrent Start) (G1 Humongous Allocation) 1097M->861M(2048M) 1.380ms
[32.898s][info   ][gc,cpu      ] GC(2132) User=0.00s Sys=0.00s Real=0.00s
[32.898s][info   ][gc          ] GC(2133) Concurrent Undo Cycle
[32.898s][info   ][gc,marking  ] GC(2133) Concurrent Cleanup for Next Mark
[32.922s][info   ][gc,marking  ] GC(2133) Concurrent Cleanup for Next Mark 23.673ms
[32.922s][info   ][gc          ] GC(2133) Concurrent Undo Cycle 23.882ms
[32.922s][info   ][gc,start    ] GC(2134) Pause Young (Concurrent Start) (G1 Humongous Allocation)
[32.922s][info   ][gc,task     ] GC(2134) Using 4 workers of 4 for evacuation
[32.923s][info   ][gc,phases   ] GC(2134)   Pre Evacuate Collection Set: 0.3ms
[32.923s][info   ][gc,phases   ] GC(2134)   Merge Heap Roots: 0.1ms
[32.923s][info   ][gc,phases   ] GC(2134)   Evacuate Collection Set: 0.2ms
[32.923s][info   ][gc,phases   ] GC(2134)   Post Evacuate Collection Set: 0.6ms
[32.923s][info   ][gc,phases   ] GC(2134)   Other: 0.2ms
[32.923s][info   ][gc,heap     ] GC(2134) Eden regions: 0->0(959)
[32.923s][info   ][gc,heap     ] GC(2134) Survivor regions: 0->0(115)
[32.924s][info   ][gc,heap     ] GC(2134) Old regions: 1->1
[32.924s][info   ][gc,heap     ] GC(2134) Archive regions: 2->2
[32.924s][info   ][gc,heap     ] GC(2134) Humongous regions: 1166->816
[32.924s][info   ][gc,metaspace] GC(2134) Metaspace: 158K(384K)->158K(384K) NonClass: 150K(256K)->150K(256K) Class: 8K(128K)->8K(128K)
[32.924s][info   ][gc          ] GC(2134) Pause Young (Concurrent Start) (G1 Humongous Allocation) 1167M->817M(2048M) 1.469ms
[32.924s][info   ][gc,cpu      ] GC(2134) User=0.00s Sys=0.00s Real=0.00s
[32.924s][info   ][gc          ] GC(2135) Concurrent Undo Cycle
[32.924s][info   ][gc,marking  ] GC(2135) Concurrent Cleanup for Next Mark
[32.944s][info   ][gc,marking  ] GC(2135) Concurrent Cleanup for Next Mark 20.648ms
[32.945s][info   ][gc          ] GC(2135) Concurrent Undo Cycle 20.987ms
[32.946s][info   ][gc,start    ] GC(2136) Pause Young (Concurrent Start) (G1 Humongous Allocation)
[32.946s][info   ][gc,task     ] GC(2136) Using 4 workers of 4 for evacuation
[32.947s][info   ][gc,phases   ] GC(2136)   Pre Evacuate Collection Set: 0.3ms
[32.947s][info   ][gc,phases   ] GC(2136)   Merge Heap Roots: 0.1ms
[32.947s][info   ][gc,phases   ] GC(2136)   Evacuate Collection Set: 0.4ms
[32.947s][info   ][gc,phases   ] GC(2136)   Post Evacuate Collection Set: 0.6ms
[32.947s][info   ][gc,phases   ] GC(2136)   Other: 0.2ms
[32.947s][info   ][gc,heap     ] GC(2136) Eden regions: 0->0(927)
[32.947s][info   ][gc,heap     ] GC(2136) Survivor regions: 0->0(120)
[32.947s][info   ][gc,heap     ] GC(2136) Old regions: 1->1
[32.947s][info   ][gc,heap     ] GC(2136) Archive regions: 2->2
[32.947s][info   ][gc,heap     ] GC(2136) Humongous regions: 1076->850
[32.947s][info   ][gc,metaspace] GC(2136) Metaspace: 158K(384K)->158K(384K) NonClass: 150K(256K)->150K(256K) Class: 8K(128K)->8K(128K)
[32.947s][info   ][gc          ] GC(2136) Pause Young (Concurrent Start) (G1 Humongous Allocation) 1077M->851M(2048M) 1.597ms
[32.947s][info   ][gc,cpu      ] GC(2136) User=0.00s Sys=0.00s Real=0.00s
[32.947s][info   ][gc          ] GC(2137) Concurrent Undo Cycle
[32.947s][info   ][gc,marking  ] GC(2137) Concurrent Cleanup for Next Mark
[32.959s][info   ][gc,marking  ] GC(2137) Concurrent Cleanup for Next Mark 11.892ms
[32.959s][info   ][gc          ] GC(2137) Concurrent Undo Cycle 12.099ms
[32.960s][info   ][gc,start    ] GC(2138) Pause Young (Concurrent Start) (G1 Humongous Allocation)
[32.960s][info   ][gc,task     ] GC(2138) Using 4 workers of 4 for evacuation
[32.961s][info   ][gc,phases   ] GC(2138)   Pre Evacuate Collection Set: 0.3ms
[32.961s][info   ][gc,phases   ] GC(2138)   Merge Heap Roots: 0.1ms
[32.961s][info   ][gc,phases   ] GC(2138)   Evacuate Collection Set: 0.2ms
[32.961s][info   ][gc,phases   ] GC(2138)   Post Evacuate Collection Set: 0.4ms
[32.961s][info   ][gc,phases   ] GC(2138)   Other: 0.2ms
[32.961s][info   ][gc,heap     ] GC(2138) Eden regions: 0->0(952)
[32.961s][info   ][gc,heap     ] GC(2138) Survivor regions: 0->0(116)
[32.961s][info   ][gc,heap     ] GC(2138) Old regions: 1->1
[32.961s][info   ][gc,heap     ] GC(2138) Archive regions: 2->2
[32.961s][info   ][gc,heap     ] GC(2138) Humongous regions: 982->824
[32.961s][info   ][gc,metaspace] GC(2138) Metaspace: 158K(384K)->158K(384K) NonClass: 150K(256K)->150K(256K) Class: 8K(128K)->8K(128K)
[32.961s][info   ][gc          ] GC(2138) Pause Young (Concurrent Start) (G1 Humongous Allocation) 983M->825M(2048M) 1.297ms
[32.961s][info   ][gc,cpu      ] GC(2138) User=0.00s Sys=0.00s Real=0.00s
[32.961s][info   ][gc          ] GC(2139) Concurrent Undo Cycle
[32.961s][info   ][gc,marking  ] GC(2139) Concurrent Cleanup for Next Mark
[32.985s][info   ][gc,marking  ] GC(2139) Concurrent Cleanup for Next Mark 23.737ms
[32.985s][info   ][gc          ] GC(2139) Concurrent Undo Cycle 23.988ms
[32.986s][info   ][gc,start    ] GC(2140) Pause Young (Concurrent Start) (G1 Humongous Allocation)
[32.986s][info   ][gc,task     ] GC(2140) Using 4 workers of 4 for evacuation
[32.988s][info   ][gc,phases   ] GC(2140)   Pre Evacuate Collection Set: 0.3ms
[32.988s][info   ][gc,phases   ] GC(2140)   Merge Heap Roots: 0.1ms
[32.988s][info   ][gc,phases   ] GC(2140)   Evacuate Collection Set: 0.4ms
[32.988s][info   ][gc,phases   ] GC(2140)   Post Evacuate Collection Set: 1.2ms
[32.988s][info   ][gc,phases   ] GC(2140)   Other: 0.3ms
[32.988s][info   ][gc,heap     ] GC(2140) Eden regions: 0->0(969)
[32.988s][info   ][gc,heap     ] GC(2140) Survivor regions: 0->0(119)
[32.988s][info   ][gc,heap     ] GC(2140) Old regions: 1->1
[32.988s][info   ][gc,heap     ] GC(2140) Archive regions: 2->2
[32.988s][info   ][gc,heap     ] GC(2140) Humongous regions: 1134->806
[32.988s][info   ][gc,metaspace] GC(2140) Metaspace: 158K(384K)->158K(384K) NonClass: 150K(256K)->150K(256K) Class: 8K(128K)->8K(128K)
[32.988s][info   ][gc          ] GC(2140) Pause Young (Concurrent Start) (G1 Humongous Allocation) 1135M->807M(2048M) 2.306ms
[32.988s][info   ][gc,cpu      ] GC(2140) User=0.00s Sys=0.00s Real=0.01s
[32.989s][info   ][gc          ] GC(2141) Concurrent Undo Cycle
[32.989s][info   ][gc,marking  ] GC(2141) Concurrent Cleanup for Next Mark
[32.999s][info   ][gc,marking  ] GC(2141) Concurrent Cleanup for Next Mark 10.403ms
[32.999s][info   ][gc          ] GC(2141) Concurrent Undo Cycle 10.568ms
[33.000s][info   ][gc,start    ] GC(2142) Pause Young (Concurrent Start) (G1 Humongous Allocation)
[33.000s][info   ][gc,task     ] GC(2142) Using 4 workers of 4 for evacuation
[33.001s][info   ][gc,phases   ] GC(2142)   Pre Evacuate Collection Set: 0.2ms
[33.001s][info   ][gc,phases   ] GC(2142)   Merge Heap Roots: 0.1ms
[33.001s][info   ][gc,phases   ] GC(2142)   Evacuate Collection Set: 0.3ms
[33.001s][info   ][gc,phases   ] GC(2142)   Post Evacuate Collection Set: 0.4ms
[33.001s][info   ][gc,phases   ] GC(2142)   Other: 0.2ms
[33.001s][info   ][gc,heap     ] GC(2142) Eden regions: 0->0(954)
[33.001s][info   ][gc,heap     ] GC(2142) Survivor regions: 0->0(122)
[33.001s][info   ][gc,heap     ] GC(2142) Old regions: 1->1
[33.001s][info   ][gc,heap     ] GC(2142) Archive regions: 2->2
[33.001s][info   ][gc,heap     ] GC(2142) Humongous regions: 918->822
[33.001s][info   ][gc,metaspace] GC(2142) Metaspace: 158K(384K)->158K(384K) NonClass: 150K(256K)->150K(256K) Class: 8K(128K)->8K(128K)
[33.001s][info   ][gc          ] GC(2142) Pause Young (Concurrent Start) (G1 Humongous Allocation) 919M->823M(2048M) 1.326ms
[33.001s][info   ][gc,cpu      ] GC(2142) User=0.01s Sys=0.00s Real=0.00s
[33.001s][info   ][gc          ] GC(2143) Concurrent Undo Cycle
[33.002s][info   ][gc,marking  ] GC(2143) Concurrent Cleanup for Next Mark
[33.025s][info   ][gc,marking  ] GC(2143) Concurrent Cleanup for Next Mark 23.857ms
[33.026s][info   ][gc          ] GC(2143) Concurrent Undo Cycle 24.083ms
[33.027s][info   ][gc,start    ] GC(2144) Pause Young (Concurrent Start) (G1 Humongous Allocation)
[33.027s][info   ][gc,task     ] GC(2144) Using 4 workers of 4 for evacuation
[33.028s][info   ][gc,phases   ] GC(2144)   Pre Evacuate Collection Set: 0.2ms
[33.028s][info   ][gc,phases   ] GC(2144)   Merge Heap Roots: 0.1ms
[33.028s][info   ][gc,phases   ] GC(2144)   Evacuate Collection Set: 0.2ms
[33.028s][info   ][gc,phases   ] GC(2144)   Post Evacuate Collection Set: 0.5ms
[33.028s][info   ][gc,phases   ] GC(2144)   Other: 0.2ms
[33.028s][info   ][gc,heap     ] GC(2144) Eden regions: 0->0(942)
[33.028s][info   ][gc,heap     ] GC(2144) Survivor regions: 0->0(120)
[33.028s][info   ][gc,heap     ] GC(2144) Old regions: 1->1
[33.028s][info   ][gc,heap     ] GC(2144) Archive regions: 2->2
[33.028s][info   ][gc,heap     ] GC(2144) Humongous regions: 1134->834
[33.028s][info   ][gc,metaspace] GC(2144) Metaspace: 158K(384K)->158K(384K) NonClass: 150K(256K)->150K(256K) Class: 8K(128K)->8K(128K)
[33.028s][info   ][gc          ] GC(2144) Pause Young (Concurrent Start) (G1 Humongous Allocation) 1135M->835M(2048M) 1.250ms
[33.028s][info   ][gc,cpu      ] GC(2144) User=0.00s Sys=0.00s Real=0.00s
[33.028s][info   ][gc          ] GC(2145) Concurrent Undo Cycle
[33.028s][info   ][gc,marking  ] GC(2145) Concurrent Cleanup for Next Mark
[33.039s][info   ][gc,marking  ] GC(2145) Concurrent Cleanup for Next Mark 10.485ms
[33.039s][info   ][gc          ] GC(2145) Concurrent Undo Cycle 10.682ms
[33.039s][info   ][gc,start    ] GC(2146) Pause Young (Concurrent Start) (G1 Humongous Allocation)
[33.039s][info   ][gc,task     ] GC(2146) Using 4 workers of 4 for evacuation
[33.040s][info   ][gc,phases   ] GC(2146)   Pre Evacuate Collection Set: 0.2ms
[33.040s][info   ][gc,phases   ] GC(2146)   Merge Heap Roots: 0.1ms
[33.040s][info   ][gc,phases   ] GC(2146)   Evacuate Collection Set: 0.2ms
[33.040s][info   ][gc,phases   ] GC(2146)   Post Evacuate Collection Set: 0.5ms
[33.040s][info   ][gc,phases   ] GC(2146)   Other: 0.2ms
[33.040s][info   ][gc,heap     ] GC(2146) Eden regions: 0->0(959)
[33.040s][info   ][gc,heap     ] GC(2146) Survivor regions: 0->0(118)
[33.040s][info   ][gc,heap     ] GC(2146) Old regions: 1->1
[33.040s][info   ][gc,heap     ] GC(2146) Archive regions: 2->2
[33.040s][info   ][gc,heap     ] GC(2146) Humongous regions: 934->816
[33.040s][info   ][gc,metaspace] GC(2146) Metaspace: 158K(384K)->158K(384K) NonClass: 150K(256K)->150K(256K) Class: 8K(128K)->8K(128K)
[33.040s][info   ][gc          ] GC(2146) Pause Young (Concurrent Start) (G1 Humongous Allocation) 935M->817M(2048M) 1.245ms
[33.040s][info   ][gc,cpu      ] GC(2146) User=0.00s Sys=0.00s Real=0.00s
[33.040s][info   ][gc          ] GC(2147) Concurrent Undo Cycle
[33.040s][info   ][gc,marking  ] GC(2147) Concurrent Cleanup for Next Mark
[33.060s][info   ][gc,marking  ] GC(2147) Concurrent Cleanup for Next Mark 19.786ms
[33.061s][info   ][gc          ] GC(2147) Concurrent Undo Cycle 20.057ms
[33.061s][info   ][gc,start    ] GC(2148) Pause Young (Concurrent Start) (G1 Humongous Allocation)
[33.061s][info   ][gc,task     ] GC(2148) Using 4 workers of 4 for evacuation
[33.062s][info   ][gc,phases   ] GC(2148)   Pre Evacuate Collection Set: 0.2ms
[33.062s][info   ][gc,phases   ] GC(2148)   Merge Heap Roots: 0.1ms
[33.062s][info   ][gc,phases   ] GC(2148)   Evacuate Collection Set: 0.2ms
[33.062s][info   ][gc,phases   ] GC(2148)   Post Evacuate Collection Set: 0.5ms
[33.062s][info   ][gc,phases   ] GC(2148)   Other: 0.2ms
[33.062s][info   ][gc,heap     ] GC(2148) Eden regions: 0->0(995)
[33.062s][info   ][gc,heap     ] GC(2148) Survivor regions: 0->0(120)
[33.062s][info   ][gc,heap     ] GC(2148) Old regions: 1->1
[33.062s][info   ][gc,heap     ] GC(2148) Archive regions: 2->2
[33.062s][info   ][gc,heap     ] GC(2148) Humongous regions: 1072->778
[33.062s][info   ][gc,metaspace] GC(2148) Metaspace: 158K(384K)->158K(384K) NonClass: 150K(256K)->150K(256K) Class: 8K(128K)->8K(128K)
[33.062s][info   ][gc          ] GC(2148) Pause Young (Concurrent Start) (G1 Humongous Allocation) 1073M->779M(2048M) 1.329ms
[33.062s][info   ][gc,cpu      ] GC(2148) User=0.00s Sys=0.01s Real=0.00s
[33.062s][info   ][gc          ] GC(2149) Concurrent Undo Cycle
[33.062s][info   ][gc,marking  ] GC(2149) Concurrent Cleanup for Next Mark
[33.078s][info   ][gc,marking  ] GC(2149) Concurrent Cleanup for Next Mark 15.776ms
[33.078s][info   ][gc          ] GC(2149) Concurrent Undo Cycle 15.984ms
[33.080s][info   ][gc,start    ] GC(2150) Pause Young (Concurrent Start) (G1 Humongous Allocation)
[33.080s][info   ][gc,task     ] GC(2150) Using 4 workers of 4 for evacuation
[33.081s][info   ][gc,phases   ] GC(2150)   Pre Evacuate Collection Set: 0.2ms
[33.081s][info   ][gc,phases   ] GC(2150)   Merge Heap Roots: 0.1ms
[33.081s][info   ][gc,phases   ] GC(2150)   Evacuate Collection Set: 0.4ms
[33.081s][info   ][gc,phases   ] GC(2150)   Post Evacuate Collection Set: 0.4ms
[33.081s][info   ][gc,phases   ] GC(2150)   Other: 0.2ms
[33.081s][info   ][gc,heap     ] GC(2150) Eden regions: 0->0(999)
[33.081s][info   ][gc,heap     ] GC(2150) Survivor regions: 0->0(125)
[33.081s][info   ][gc,heap     ] GC(2150) Old regions: 1->1
[33.081s][info   ][gc,heap     ] GC(2150) Archive regions: 2->2
[33.081s][info   ][gc,heap     ] GC(2150) Humongous regions: 980->774
[33.081s][info   ][gc,metaspace] GC(2150) Metaspace: 158K(384K)->158K(384K) NonClass: 150K(256K)->150K(256K) Class: 8K(128K)->8K(128K)
[33.081s][info   ][gc          ] GC(2150) Pause Young (Concurrent Start) (G1 Humongous Allocation) 981M->775M(2048M) 1.373ms
[33.081s][info   ][gc,cpu      ] GC(2150) User=0.00s Sys=0.00s Real=0.00s
[33.082s][info   ][gc          ] GC(2151) Concurrent Undo Cycle
[33.082s][info   ][gc,marking  ] GC(2151) Concurrent Cleanup for Next Mark
[33.108s][info   ][gc,marking  ] GC(2151) Concurrent Cleanup for Next Mark 26.891ms
[33.109s][info   ][gc          ] GC(2151) Concurrent Undo Cycle 27.134ms
[33.109s][info   ][gc,start    ] GC(2152) Pause Young (Concurrent Start) (G1 Humongous Allocation)
[33.109s][info   ][gc,task     ] GC(2152) Using 4 workers of 4 for evacuation
[33.110s][info   ][gc,phases   ] GC(2152)   Pre Evacuate Collection Set: 0.2ms
[33.110s][info   ][gc,phases   ] GC(2152)   Merge Heap Roots: 0.1ms
[33.110s][info   ][gc,phases   ] GC(2152)   Evacuate Collection Set: 0.2ms
[33.110s][info   ][gc,phases   ] GC(2152)   Post Evacuate Collection Set: 0.5ms
[33.110s][info   ][gc,phases   ] GC(2152)   Other: 0.2ms
[33.110s][info   ][gc,heap     ] GC(2152) Eden regions: 0->0(971)
[33.110s][info   ][gc,heap     ] GC(2152) Survivor regions: 0->0(125)
[33.110s][info   ][gc,heap     ] GC(2152) Old regions: 1->1
[33.110s][info   ][gc,heap     ] GC(2152) Archive regions: 2->2
[33.110s][info   ][gc,heap     ] GC(2152) Humongous regions: 1144->804
[33.110s][info   ][gc,metaspace] GC(2152) Metaspace: 158K(384K)->158K(384K) NonClass: 150K(256K)->150K(256K) Class: 8K(128K)->8K(128K)
[33.110s][info   ][gc          ] GC(2152) Pause Young (Concurrent Start) (G1 Humongous Allocation) 1145M->805M(2048M) 1.297ms
[33.110s][info   ][gc,cpu      ] GC(2152) User=0.00s Sys=0.00s Real=0.00s
[33.110s][info   ][gc          ] GC(2153) Concurrent Undo Cycle
[33.110s][info   ][gc,marking  ] GC(2153) Concurrent Cleanup for Next Mark
[33.135s][info   ][gc,marking  ] GC(2153) Concurrent Cleanup for Next Mark 24.045ms
[33.135s][info   ][gc          ] GC(2153) Concurrent Undo Cycle 24.305ms
[33.136s][info   ][gc,start    ] GC(2154) Pause Young (Concurrent Start) (G1 Humongous Allocation)
[33.136s][info   ][gc,task     ] GC(2154) Using 4 workers of 4 for evacuation
[33.137s][info   ][gc,phases   ] GC(2154)   Pre Evacuate Collection Set: 0.2ms
[33.137s][info   ][gc,phases   ] GC(2154)   Merge Heap Roots: 0.1ms
[33.137s][info   ][gc,phases   ] GC(2154)   Evacuate Collection Set: 0.2ms
[33.137s][info   ][gc,phases   ] GC(2154)   Post Evacuate Collection Set: 0.6ms
[33.137s][info   ][gc,phases   ] GC(2154)   Other: 0.1ms
[33.138s][info   ][gc,heap     ] GC(2154) Eden regions: 0->0(999)
[33.138s][info   ][gc,heap     ] GC(2154) Survivor regions: 0->0(122)
[33.138s][info   ][gc,heap     ] GC(2154) Old regions: 1->1
[33.138s][info   ][gc,heap     ] GC(2154) Archive regions: 2->2
[33.138s][info   ][gc,heap     ] GC(2154) Humongous regions: 1122->774
[33.138s][info   ][gc,metaspace] GC(2154) Metaspace: 158K(384K)->158K(384K) NonClass: 150K(256K)->150K(256K) Class: 8K(128K)->8K(128K)
[33.138s][info   ][gc          ] GC(2154) Pause Young (Concurrent Start) (G1 Humongous Allocation) 1123M->775M(2048M) 1.348ms
[33.138s][info   ][gc,cpu      ] GC(2154) User=0.00s Sys=0.00s Real=0.00s
[33.138s][info   ][gc          ] GC(2155) Concurrent Undo Cycle
[33.138s][info   ][gc,marking  ] GC(2155) Concurrent Cleanup for Next Mark
[33.164s][info   ][gc,marking  ] GC(2155) Concurrent Cleanup for Next Mark 26.789ms
[33.165s][info   ][gc          ] GC(2155) Concurrent Undo Cycle 27.033ms
[33.166s][info   ][gc,start    ] GC(2156) Pause Young (Concurrent Start) (G1 Humongous Allocation)
[33.166s][info   ][gc,task     ] GC(2156) Using 4 workers of 4 for evacuation
[33.167s][info   ][gc,phases   ] GC(2156)   Pre Evacuate Collection Set: 0.2ms
[33.167s][info   ][gc,phases   ] GC(2156)   Merge Heap Roots: 0.1ms
[33.167s][info   ][gc,phases   ] GC(2156)   Evacuate Collection Set: 0.2ms
[33.167s][info   ][gc,phases   ] GC(2156)   Post Evacuate Collection Set: 0.7ms
[33.167s][info   ][gc,phases   ] GC(2156)   Other: 0.2ms
[33.167s][info   ][gc,heap     ] GC(2156) Eden regions: 0->0(956)
[33.167s][info   ][gc,heap     ] GC(2156) Survivor regions: 0->0(125)
[33.167s][info   ][gc,heap     ] GC(2156) Old regions: 1->1
[33.167s][info   ][gc,heap     ] GC(2156) Archive regions: 2->2
[33.167s][info   ][gc,heap     ] GC(2156) Humongous regions: 1140->820
[33.167s][info   ][gc,metaspace] GC(2156) Metaspace: 158K(384K)->158K(384K) NonClass: 150K(256K)->150K(256K) Class: 8K(128K)->8K(128K)
[33.167s][info   ][gc          ] GC(2156) Pause Young (Concurrent Start) (G1 Humongous Allocation) 1141M->821M(2048M) 1.648ms
[33.167s][info   ][gc,cpu      ] GC(2156) User=0.00s Sys=0.00s Real=0.00s
[33.170s][info   ][gc          ] GC(2157) Concurrent Undo Cycle
[33.170s][info   ][gc,marking  ] GC(2157) Concurrent Cleanup for Next Mark
[33.187s][info   ][gc,marking  ] GC(2157) Concurrent Cleanup for Next Mark 17.152ms
[33.187s][info   ][gc          ] GC(2157) Concurrent Undo Cycle 19.705ms
[33.187s][info   ][gc,start    ] GC(2158) Pause Young (Concurrent Start) (G1 Humongous Allocation)
[33.187s][info   ][gc,task     ] GC(2158) Using 4 workers of 4 for evacuation
[33.189s][info   ][gc,phases   ] GC(2158)   Pre Evacuate Collection Set: 0.2ms
[33.189s][info   ][gc,phases   ] GC(2158)   Merge Heap Roots: 0.2ms
[33.189s][info   ][gc,phases   ] GC(2158)   Evacuate Collection Set: 0.5ms
[33.189s][info   ][gc,phases   ] GC(2158)   Post Evacuate Collection Set: 0.7ms
[33.189s][info   ][gc,phases   ] GC(2158)   Other: 0.2ms
[33.189s][info   ][gc,heap     ] GC(2158) Eden regions: 0->0(963)
[33.189s][info   ][gc,heap     ] GC(2158) Survivor regions: 0->0(120)
[33.189s][info   ][gc,heap     ] GC(2158) Old regions: 1->1
[33.189s][info   ][gc,heap     ] GC(2158) Archive regions: 2->2
[33.189s][info   ][gc,heap     ] GC(2158) Humongous regions: 1080->812
[33.189s][info   ][gc,metaspace] GC(2158) Metaspace: 158K(384K)->158K(384K) NonClass: 150K(256K)->150K(256K) Class: 8K(128K)->8K(128K)
[33.189s][info   ][gc          ] GC(2158) Pause Young (Concurrent Start) (G1 Humongous Allocation) 1081M->813M(2048M) 1.836ms
[33.189s][info   ][gc,cpu      ] GC(2158) User=0.00s Sys=0.00s Real=0.01s
[33.189s][info   ][gc          ] GC(2159) Concurrent Undo Cycle
[33.189s][info   ][gc,marking  ] GC(2159) Concurrent Cleanup for Next Mark
[33.217s][info   ][gc,marking  ] GC(2159) Concurrent Cleanup for Next Mark 28.271ms
[33.218s][info   ][gc          ] GC(2159) Concurrent Undo Cycle 28.556ms
[33.219s][info   ][gc,start    ] GC(2160) Pause Young (Concurrent Start) (G1 Humongous Allocation)
[33.219s][info   ][gc,task     ] GC(2160) Using 4 workers of 4 for evacuation
[33.220s][info   ][gc,phases   ] GC(2160)   Pre Evacuate Collection Set: 0.3ms
[33.220s][info   ][gc,phases   ] GC(2160)   Merge Heap Roots: 0.2ms
[33.220s][info   ][gc,phases   ] GC(2160)   Evacuate Collection Set: 0.5ms
[33.220s][info   ][gc,phases   ] GC(2160)   Post Evacuate Collection Set: 0.6ms
[33.220s][info   ][gc,phases   ] GC(2160)   Other: 0.2ms
[33.220s][info   ][gc,heap     ] GC(2160) Eden regions: 0->0(1100)
[33.220s][info   ][gc,heap     ] GC(2160) Survivor regions: 0->0(121)
[33.220s][info   ][gc,heap     ] GC(2160) Old regions: 1->1
[33.220s][info   ][gc,heap     ] GC(2160) Archive regions: 2->2
[33.220s][info   ][gc,heap     ] GC(2160) Humongous regions: 1214->666
[33.220s][info   ][gc,metaspace] GC(2160) Metaspace: 158K(384K)->158K(384K) NonClass: 150K(256K)->150K(256K) Class: 8K(128K)->8K(128K)
[33.220s][info   ][gc          ] GC(2160) Pause Young (Concurrent Start) (G1 Humongous Allocation) 1215M->667M(2048M) 1.816ms
[33.220s][info   ][gc,cpu      ] GC(2160) User=0.00s Sys=0.00s Real=0.00s
[33.221s][info   ][gc          ] GC(2161) Concurrent Undo Cycle
[33.221s][info   ][gc,marking  ] GC(2161) Concurrent Cleanup for Next Mark
[33.244s][info   ][gc,marking  ] GC(2161) Concurrent Cleanup for Next Mark 23.103ms
[33.244s][info   ][gc          ] GC(2161) Concurrent Undo Cycle 23.500ms
[33.245s][info   ][gc,start    ] GC(2162) Pause Young (Concurrent Start) (G1 Humongous Allocation)
[33.245s][info   ][gc,task     ] GC(2162) Using 4 workers of 4 for evacuation
[33.246s][info   ][gc,phases   ] GC(2162)   Pre Evacuate Collection Set: 0.3ms
[33.246s][info   ][gc,phases   ] GC(2162)   Merge Heap Roots: 0.1ms
[33.246s][info   ][gc,phases   ] GC(2162)   Evacuate Collection Set: 0.2ms
[33.246s][info   ][gc,phases   ] GC(2162)   Post Evacuate Collection Set: 0.5ms
[33.246s][info   ][gc,phases   ] GC(2162)   Other: 0.2ms
[33.246s][info   ][gc,heap     ] GC(2162) Eden regions: 0->0(1076)
[33.246s][info   ][gc,heap     ] GC(2162) Survivor regions: 0->0(138)
[33.246s][info   ][gc,heap     ] GC(2162) Old regions: 1->1
[33.246s][info   ][gc,heap     ] GC(2162) Archive regions: 2->2
[33.246s][info   ][gc,heap     ] GC(2162) Humongous regions: 972->692
[33.246s][info   ][gc,metaspace] GC(2162) Metaspace: 158K(384K)->158K(384K) NonClass: 150K(256K)->150K(256K) Class: 8K(128K)->8K(128K)
[33.246s][info   ][gc          ] GC(2162) Pause Young (Concurrent Start) (G1 Humongous Allocation) 973M->693M(2048M) 1.412ms
[33.246s][info   ][gc,cpu      ] GC(2162) User=0.00s Sys=0.00s Real=0.00s
[33.246s][info   ][gc          ] GC(2163) Concurrent Undo Cycle
[33.246s][info   ][gc,marking  ] GC(2163) Concurrent Cleanup for Next Mark
[33.277s][info   ][gc,marking  ] GC(2163) Concurrent Cleanup for Next Mark 30.954ms
[33.277s][info   ][gc          ] GC(2163) Concurrent Undo Cycle 31.151ms
[33.278s][info   ][gc,start    ] GC(2164) Pause Young (Concurrent Start) (G1 Humongous Allocation)
[33.278s][info   ][gc,task     ] GC(2164) Using 4 workers of 4 for evacuation
[33.280s][info   ][gc,phases   ] GC(2164)   Pre Evacuate Collection Set: 0.3ms
[33.280s][info   ][gc,phases   ] GC(2164)   Merge Heap Roots: 0.1ms
[33.280s][info   ][gc,phases   ] GC(2164)   Evacuate Collection Set: 0.6ms
[33.280s][info   ][gc,phases   ] GC(2164)   Post Evacuate Collection Set: 0.6ms
[33.280s][info   ][gc,phases   ] GC(2164)   Other: 0.2ms
[33.280s][info   ][gc,heap     ] GC(2164) Eden regions: 0->0(999)
[33.280s][info   ][gc,heap     ] GC(2164) Survivor regions: 0->0(135)
[33.280s][info   ][gc,heap     ] GC(2164) Old regions: 1->1
[33.280s][info   ][gc,heap     ] GC(2164) Archive regions: 2->2
[33.280s][info   ][gc,heap     ] GC(2164) Humongous regions: 1150->774
[33.280s][info   ][gc,metaspace] GC(2164) Metaspace: 158K(384K)->158K(384K) NonClass: 150K(256K)->150K(256K) Class: 8K(128K)->8K(128K)
[33.280s][info   ][gc          ] GC(2164) Pause Young (Concurrent Start) (G1 Humongous Allocation) 1151M->775M(2048M) 1.835ms
[33.280s][info   ][gc,cpu      ] GC(2164) User=0.00s Sys=0.00s Real=0.01s
[33.280s][info   ][gc          ] GC(2165) Concurrent Undo Cycle
[33.280s][info   ][gc,marking  ] GC(2165) Concurrent Cleanup for Next Mark
[33.301s][info   ][gc,marking  ] GC(2165) Concurrent Cleanup for Next Mark 21.206ms
[33.301s][info   ][gc          ] GC(2165) Concurrent Undo Cycle 21.619ms
[33.302s][info   ][gc,start    ] GC(2166) Pause Young (Concurrent Start) (G1 Humongous Allocation)
[33.302s][info   ][gc,task     ] GC(2166) Using 4 workers of 4 for evacuation
[33.303s][info   ][gc,phases   ] GC(2166)   Pre Evacuate Collection Set: 0.2ms
[33.303s][info   ][gc,phases   ] GC(2166)   Merge Heap Roots: 0.1ms
[33.303s][info   ][gc,phases   ] GC(2166)   Evacuate Collection Set: 0.5ms
[33.303s][info   ][gc,phases   ] GC(2166)   Post Evacuate Collection Set: 0.5ms
[33.303s][info   ][gc,phases   ] GC(2166)   Other: 0.1ms
[33.303s][info   ][gc,heap     ] GC(2166) Eden regions: 0->0(976)
[33.303s][info   ][gc,heap     ] GC(2166) Survivor regions: 0->0(125)
[33.303s][info   ][gc,heap     ] GC(2166) Old regions: 1->1
[33.303s][info   ][gc,heap     ] GC(2166) Archive regions: 2->2
[33.303s][info   ][gc,heap     ] GC(2166) Humongous regions: 1060->798
[33.303s][info   ][gc,metaspace] GC(2166) Metaspace: 158K(384K)->158K(384K) NonClass: 150K(256K)->150K(256K) Class: 8K(128K)->8K(128K)
[33.303s][info   ][gc          ] GC(2166) Pause Young (Concurrent Start) (G1 Humongous Allocation) 1061M->799M(2048M) 1.504ms
[33.304s][info   ][gc,cpu      ] GC(2166) User=0.00s Sys=0.00s Real=0.00s
[33.304s][info   ][gc          ] GC(2167) Concurrent Undo Cycle
[33.304s][info   ][gc,marking  ] GC(2167) Concurrent Cleanup for Next Mark
[33.322s][info   ][gc,marking  ] GC(2167) Concurrent Cleanup for Next Mark 17.883ms
[33.322s][info   ][gc          ] GC(2167) Concurrent Undo Cycle 18.112ms
[33.322s][info   ][gc,start    ] GC(2168) Pause Young (Concurrent Start) (G1 Humongous Allocation)
[33.322s][info   ][gc,task     ] GC(2168) Using 4 workers of 4 for evacuation
[33.323s][info   ][gc,phases   ] GC(2168)   Pre Evacuate Collection Set: 0.2ms
[33.323s][info   ][gc,phases   ] GC(2168)   Merge Heap Roots: 0.1ms
[33.323s][info   ][gc,phases   ] GC(2168)   Evacuate Collection Set: 0.2ms
[33.323s][info   ][gc,phases   ] GC(2168)   Post Evacuate Collection Set: 0.5ms
[33.323s][info   ][gc,phases   ] GC(2168)   Other: 0.2ms
[33.323s][info   ][gc,heap     ] GC(2168) Eden regions: 0->0(967)
[33.323s][info   ][gc,heap     ] GC(2168) Survivor regions: 0->0(122)
[33.323s][info   ][gc,heap     ] GC(2168) Old regions: 1->1
[33.323s][info   ][gc,heap     ] GC(2168) Archive regions: 2->2
[33.323s][info   ][gc,heap     ] GC(2168) Humongous regions: 1038->808
[33.323s][info   ][gc,metaspace] GC(2168) Metaspace: 158K(384K)->158K(384K) NonClass: 150K(256K)->150K(256K) Class: 8K(128K)->8K(128K)
[33.323s][info   ][gc          ] GC(2168) Pause Young (Concurrent Start) (G1 Humongous Allocation) 1039M->809M(2048M) 1.372ms
[33.323s][info   ][gc,cpu      ] GC(2168) User=0.00s Sys=0.00s Real=0.00s
[33.324s][info   ][gc          ] GC(2169) Concurrent Undo Cycle
[33.324s][info   ][gc,marking  ] GC(2169) Concurrent Cleanup for Next Mark
[33.345s][info   ][gc,marking  ] GC(2169) Concurrent Cleanup for Next Mark 21.118ms
[33.345s][info   ][gc          ] GC(2169) Concurrent Undo Cycle 21.432ms
[33.346s][info   ][gc,start    ] GC(2170) Pause Young (Concurrent Start) (G1 Humongous Allocation)
[33.346s][info   ][gc,task     ] GC(2170) Using 4 workers of 4 for evacuation
[33.347s][info   ][gc,phases   ] GC(2170)   Pre Evacuate Collection Set: 0.2ms
[33.347s][info   ][gc,phases   ] GC(2170)   Merge Heap Roots: 0.1ms
[33.347s][info   ][gc,phases   ] GC(2170)   Evacuate Collection Set: 0.4ms
[33.347s][info   ][gc,phases   ] GC(2170)   Post Evacuate Collection Set: 0.6ms
[33.347s][info   ][gc,phases   ] GC(2170)   Other: 0.2ms
[33.347s][info   ][gc,heap     ] GC(2170) Eden regions: 0->0(956)
[33.347s][info   ][gc,heap     ] GC(2170) Survivor regions: 0->0(121)
[33.347s][info   ][gc,heap     ] GC(2170) Old regions: 1->1
[33.347s][info   ][gc,heap     ] GC(2170) Archive regions: 2->2
[33.347s][info   ][gc,heap     ] GC(2170) Humongous regions: 1086->820
[33.347s][info   ][gc,metaspace] GC(2170) Metaspace: 158K(384K)->158K(384K) NonClass: 150K(256K)->150K(256K) Class: 8K(128K)->8K(128K)
[33.347s][info   ][gc          ] GC(2170) Pause Young (Concurrent Start) (G1 Humongous Allocation) 1087M->821M(2048M) 1.586ms
[33.347s][info   ][gc,cpu      ] GC(2170) User=0.00s Sys=0.00s Real=0.00s
[33.347s][info   ][gc          ] GC(2171) Concurrent Undo Cycle
[33.347s][info   ][gc,marking  ] GC(2171) Concurrent Cleanup for Next Mark
[33.367s][info   ][gc,marking  ] GC(2171) Concurrent Cleanup for Next Mark 19.445ms
[33.367s][info   ][gc          ] GC(2171) Concurrent Undo Cycle 19.694ms
[33.369s][info   ][gc,start    ] GC(2172) Pause Young (Concurrent Start) (G1 Humongous Allocation)
[33.369s][info   ][gc,task     ] GC(2172) Using 4 workers of 4 for evacuation
[33.370s][info   ][gc,phases   ] GC(2172)   Pre Evacuate Collection Set: 0.2ms
[33.370s][info   ][gc,phases   ] GC(2172)   Merge Heap Roots: 0.1ms
[33.370s][info   ][gc,phases   ] GC(2172)   Evacuate Collection Set: 0.5ms
[33.370s][info   ][gc,phases   ] GC(2172)   Post Evacuate Collection Set: 0.5ms
[33.370s][info   ][gc,phases   ] GC(2172)   Other: 0.2ms
[33.370s][info   ][gc,heap     ] GC(2172) Eden regions: 0->0(899)
[33.370s][info   ][gc,heap     ] GC(2172) Survivor regions: 0->0(120)
[33.370s][info   ][gc,heap     ] GC(2172) Old regions: 1->1
[33.370s][info   ][gc,heap     ] GC(2172) Archive regions: 2->2
[33.370s][info   ][gc,heap     ] GC(2172) Humongous regions: 1078->880
[33.370s][info   ][gc,metaspace] GC(2172) Metaspace: 158K(384K)->158K(384K) NonClass: 150K(256K)->150K(256K) Class: 8K(128K)->8K(128K)
[33.370s][info   ][gc          ] GC(2172) Pause Young (Concurrent Start) (G1 Humongous Allocation) 1079M->881M(2048M) 1.496ms
[33.370s][info   ][gc,cpu      ] GC(2172) User=0.00s Sys=0.00s Real=0.00s
[33.370s][info   ][gc          ] GC(2173) Concurrent Undo Cycle
[33.370s][info   ][gc,marking  ] GC(2173) Concurrent Cleanup for Next Mark
[33.380s][info   ][gc,marking  ] GC(2173) Concurrent Cleanup for Next Mark 9.933ms
[33.380s][info   ][gc          ] GC(2173) Concurrent Undo Cycle 10.051ms
[33.381s][info   ][gc,start    ] GC(2174) Pause Young (Concurrent Start) (G1 Humongous Allocation)
[33.381s][info   ][gc,task     ] GC(2174) Using 4 workers of 4 for evacuation
[33.382s][info   ][gc,phases   ] GC(2174)   Pre Evacuate Collection Set: 0.1ms
[33.382s][info   ][gc,phases   ] GC(2174)   Merge Heap Roots: 0.1ms
[33.382s][info   ][gc,phases   ] GC(2174)   Evacuate Collection Set: 0.2ms
[33.382s][info   ][gc,phases   ] GC(2174)   Post Evacuate Collection Set: 0.4ms
[33.382s][info   ][gc,phases   ] GC(2174)   Other: 0.1ms
[33.382s][info   ][gc,heap     ] GC(2174) Eden regions: 0->0(916)
[33.382s][info   ][gc,heap     ] GC(2174) Survivor regions: 0->0(113)
[33.382s][info   ][gc,heap     ] GC(2174) Old regions: 1->1
[33.382s][info   ][gc,heap     ] GC(2174) Archive regions: 2->2
[33.382s][info   ][gc,heap     ] GC(2174) Humongous regions: 988->862
[33.382s][info   ][gc,metaspace] GC(2174) Metaspace: 158K(384K)->158K(384K) NonClass: 150K(256K)->150K(256K) Class: 8K(128K)->8K(128K)
[33.382s][info   ][gc          ] GC(2174) Pause Young (Concurrent Start) (G1 Humongous Allocation) 989M->863M(2048M) 1.137ms
[33.382s][info   ][gc,cpu      ] GC(2174) User=0.00s Sys=0.00s Real=0.00s
[33.382s][info   ][gc          ] GC(2175) Concurrent Undo Cycle
[33.382s][info   ][gc,marking  ] GC(2175) Concurrent Cleanup for Next Mark
[33.407s][info   ][gc,marking  ] GC(2175) Concurrent Cleanup for Next Mark 24.691ms
[33.407s][info   ][gc          ] GC(2175) Concurrent Undo Cycle 24.929ms
[33.407s][info   ][gc,start    ] GC(2176) Pause Young (Concurrent Start) (G1 Humongous Allocation)
[33.407s][info   ][gc,task     ] GC(2176) Using 4 workers of 4 for evacuation
[33.408s][info   ][gc,phases   ] GC(2176)   Pre Evacuate Collection Set: 0.2ms
[33.408s][info   ][gc,phases   ] GC(2176)   Merge Heap Roots: 0.1ms
[33.408s][info   ][gc,phases   ] GC(2176)   Evacuate Collection Set: 0.2ms
[33.408s][info   ][gc,phases   ] GC(2176)   Post Evacuate Collection Set: 0.5ms
[33.409s][info   ][gc,phases   ] GC(2176)   Other: 0.2ms
[33.409s][info   ][gc,heap     ] GC(2176) Eden regions: 0->0(903)
[33.409s][info   ][gc,heap     ] GC(2176) Survivor regions: 0->0(115)
[33.409s][info   ][gc,heap     ] GC(2176) Old regions: 1->1
[33.409s][info   ][gc,heap     ] GC(2176) Archive regions: 2->2
[33.409s][info   ][gc,heap     ] GC(2176) Humongous regions: 1220->876
[33.409s][info   ][gc,metaspace] GC(2176) Metaspace: 158K(384K)->158K(384K) NonClass: 150K(256K)->150K(256K) Class: 8K(128K)->8K(128K)
[33.409s][info   ][gc          ] GC(2176) Pause Young (Concurrent Start) (G1 Humongous Allocation) 1221M->877M(2048M) 1.292ms
[33.409s][info   ][gc,cpu      ] GC(2176) User=0.01s Sys=0.00s Real=0.01s
[33.409s][info   ][gc          ] GC(2177) Concurrent Undo Cycle
[33.409s][info   ][gc,marking  ] GC(2177) Concurrent Cleanup for Next Mark
[33.431s][info   ][gc,marking  ] GC(2177) Concurrent Cleanup for Next Mark 22.102ms
[33.431s][info   ][gc          ] GC(2177) Concurrent Undo Cycle 22.333ms
[33.432s][info   ][gc,start    ] GC(2178) Pause Young (Concurrent Start) (G1 Humongous Allocation)
[33.432s][info   ][gc,task     ] GC(2178) Using 4 workers of 4 for evacuation
[33.434s][info   ][gc,phases   ] GC(2178)   Pre Evacuate Collection Set: 0.3ms
[33.434s][info   ][gc,phases   ] GC(2178)   Merge Heap Roots: 0.2ms
[33.434s][info   ][gc,phases   ] GC(2178)   Evacuate Collection Set: 0.4ms
[33.434s][info   ][gc,phases   ] GC(2178)   Post Evacuate Collection Set: 0.7ms
[33.434s][info   ][gc,phases   ] GC(2178)   Other: 0.2ms
[33.434s][info   ][gc,heap     ] GC(2178) Eden regions: 0->0(967)
[33.434s][info   ][gc,heap     ] GC(2178) Survivor regions: 0->0(113)
[33.434s][info   ][gc,heap     ] GC(2178) Old regions: 1->1
[33.434s][info   ][gc,heap     ] GC(2178) Archive regions: 2->2
[33.434s][info   ][gc,heap     ] GC(2178) Humongous regions: 1148->808
[33.434s][info   ][gc,metaspace] GC(2178) Metaspace: 158K(384K)->158K(384K) NonClass: 150K(256K)->150K(256K) Class: 8K(128K)->8K(128K)
[33.434s][info   ][gc          ] GC(2178) Pause Young (Concurrent Start) (G1 Humongous Allocation) 1149M->809M(2048M) 1.735ms
[33.434s][info   ][gc,cpu      ] GC(2178) User=0.00s Sys=0.00s Real=0.00s
[33.434s][info   ][gc          ] GC(2179) Concurrent Undo Cycle
[33.434s][info   ][gc,marking  ] GC(2179) Concurrent Cleanup for Next Mark
[33.462s][info   ][gc,marking  ] GC(2179) Concurrent Cleanup for Next Mark 28.340ms
[33.462s][info   ][gc          ] GC(2179) Concurrent Undo Cycle 28.589ms
[33.463s][info   ][gc,start    ] GC(2180) Pause Young (Concurrent Start) (G1 Humongous Allocation)
[33.463s][info   ][gc,task     ] GC(2180) Using 4 workers of 4 for evacuation
[33.465s][info   ][gc,phases   ] GC(2180)   Pre Evacuate Collection Set: 0.2ms
[33.465s][info   ][gc,phases   ] GC(2180)   Merge Heap Roots: 0.1ms
[33.465s][info   ][gc,phases   ] GC(2180)   Evacuate Collection Set: 0.4ms
[33.465s][info   ][gc,phases   ] GC(2180)   Post Evacuate Collection Set: 0.6ms
[33.465s][info   ][gc,phases   ] GC(2180)   Other: 0.1ms
[33.465s][info   ][gc,heap     ] GC(2180) Eden regions: 0->0(989)
[33.465s][info   ][gc,heap     ] GC(2180) Survivor regions: 0->0(121)
[33.465s][info   ][gc,heap     ] GC(2180) Old regions: 1->1
[33.465s][info   ][gc,heap     ] GC(2180) Archive regions: 2->2
[33.465s][info   ][gc,heap     ] GC(2180) Humongous regions: 1206->784
[33.465s][info   ][gc,metaspace] GC(2180) Metaspace: 158K(384K)->158K(384K) NonClass: 150K(256K)->150K(256K) Class: 8K(128K)->8K(128K)
[33.465s][info   ][gc          ] GC(2180) Pause Young (Concurrent Start) (G1 Humongous Allocation) 1207M->785M(2048M) 1.512ms
[33.465s][info   ][gc,cpu      ] GC(2180) User=0.00s Sys=0.00s Real=0.00s
[33.465s][info   ][gc          ] GC(2181) Concurrent Undo Cycle
[33.465s][info   ][gc,marking  ] GC(2181) Concurrent Cleanup for Next Mark
[33.473s][info   ][gc,marking  ] GC(2181) Concurrent Cleanup for Next Mark 8.460ms
[33.473s][info   ][gc          ] GC(2181) Concurrent Undo Cycle 8.556ms
[33.478s][info   ][gc,start    ] GC(2182) Pause Young (Concurrent Start) (G1 Humongous Allocation)
[33.478s][info   ][gc,task     ] GC(2182) Using 4 workers of 4 for evacuation
[33.479s][info   ][gc,phases   ] GC(2182)   Pre Evacuate Collection Set: 0.2ms
[33.479s][info   ][gc,phases   ] GC(2182)   Merge Heap Roots: 0.1ms
[33.479s][info   ][gc,phases   ] GC(2182)   Evacuate Collection Set: 0.2ms
[33.479s][info   ][gc,phases   ] GC(2182)   Post Evacuate Collection Set: 0.4ms
[33.479s][info   ][gc,phases   ] GC(2182)   Other: 0.2ms
[33.479s][info   ][gc,heap     ] GC(2182) Eden regions: 0->0(987)
[33.479s][info   ][gc,heap     ] GC(2182) Survivor regions: 0->0(124)
[33.479s][info   ][gc,heap     ] GC(2182) Old regions: 1->1
[33.479s][info   ][gc,heap     ] GC(2182) Archive regions: 2->2
[33.479s][info   ][gc,heap     ] GC(2182) Humongous regions: 918->786
[33.479s][info   ][gc,metaspace] GC(2182) Metaspace: 158K(384K)->158K(384K) NonClass: 150K(256K)->150K(256K) Class: 8K(128K)->8K(128K)
[33.479s][info   ][gc          ] GC(2182) Pause Young (Concurrent Start) (G1 Humongous Allocation) 919M->787M(2048M) 1.127ms
[33.479s][info   ][gc,cpu      ] GC(2182) User=0.00s Sys=0.00s Real=0.01s
[33.479s][info   ][gc          ] GC(2183) Concurrent Undo Cycle
[33.479s][info   ][gc,marking  ] GC(2183) Concurrent Cleanup for Next Mark
[33.493s][info   ][gc,marking  ] GC(2183) Concurrent Cleanup for Next Mark 14.489ms
[33.493s][info   ][gc          ] GC(2183) Concurrent Undo Cycle 14.619ms
[33.494s][info   ][gc,start    ] GC(2184) Pause Young (Concurrent Start) (G1 Humongous Allocation)
[33.494s][info   ][gc,task     ] GC(2184) Using 4 workers of 4 for evacuation
[33.495s][info   ][gc,phases   ] GC(2184)   Pre Evacuate Collection Set: 0.1ms
[33.495s][info   ][gc,phases   ] GC(2184)   Merge Heap Roots: 0.1ms
[33.495s][info   ][gc,phases   ] GC(2184)   Evacuate Collection Set: 0.5ms
[33.495s][info   ][gc,phases   ] GC(2184)   Post Evacuate Collection Set: 0.5ms
[33.495s][info   ][gc,phases   ] GC(2184)   Other: 0.2ms
[33.495s][info   ][gc,heap     ] GC(2184) Eden regions: 0->0(1025)
[33.495s][info   ][gc,heap     ] GC(2184) Survivor regions: 0->0(124)
[33.495s][info   ][gc,heap     ] GC(2184) Old regions: 1->1
[33.495s][info   ][gc,heap     ] GC(2184) Archive regions: 2->2
[33.495s][info   ][gc,heap     ] GC(2184) Humongous regions: 974->746
[33.495s][info   ][gc,metaspace] GC(2184) Metaspace: 158K(384K)->158K(384K) NonClass: 150K(256K)->150K(256K) Class: 8K(128K)->8K(128K)
[33.495s][info   ][gc          ] GC(2184) Pause Young (Concurrent Start) (G1 Humongous Allocation) 975M->747M(2048M) 1.438ms
[33.495s][info   ][gc,cpu      ] GC(2184) User=0.00s Sys=0.00s Real=0.00s
[33.495s][info   ][gc          ] GC(2185) Concurrent Undo Cycle
[33.495s][info   ][gc,marking  ] GC(2185) Concurrent Cleanup for Next Mark
[33.513s][info   ][gc,marking  ] GC(2185) Concurrent Cleanup for Next Mark 17.544ms
[33.513s][info   ][gc          ] GC(2185) Concurrent Undo Cycle 17.750ms
[33.514s][info   ][gc,start    ] GC(2186) Pause Young (Concurrent Start) (G1 Humongous Allocation)
[33.514s][info   ][gc,task     ] GC(2186) Using 4 workers of 4 for evacuation
[33.515s][info   ][gc,phases   ] GC(2186)   Pre Evacuate Collection Set: 0.2ms
[33.515s][info   ][gc,phases   ] GC(2186)   Merge Heap Roots: 0.1ms
[33.515s][info   ][gc,phases   ] GC(2186)   Evacuate Collection Set: 0.3ms
[33.515s][info   ][gc,phases   ] GC(2186)   Post Evacuate Collection Set: 0.5ms
[33.515s][info   ][gc,phases   ] GC(2186)   Other: 0.2ms
[33.515s][info   ][gc,heap     ] GC(2186) Eden regions: 0->0(1014)
[33.515s][info   ][gc,heap     ] GC(2186) Survivor regions: 0->0(129)
[33.515s][info   ][gc,heap     ] GC(2186) Old regions: 1->1
[33.515s][info   ][gc,heap     ] GC(2186) Archive regions: 2->2
[33.515s][info   ][gc,heap     ] GC(2186) Humongous regions: 978->758
[33.515s][info   ][gc,metaspace] GC(2186) Metaspace: 158K(384K)->158K(384K) NonClass: 150K(256K)->150K(256K) Class: 8K(128K)->8K(128K)
[33.515s][info   ][gc          ] GC(2186) Pause Young (Concurrent Start) (G1 Humongous Allocation) 979M->759M(2048M) 1.314ms
[33.515s][info   ][gc,cpu      ] GC(2186) User=0.00s Sys=0.00s Real=0.00s
[33.515s][info   ][gc          ] GC(2187) Concurrent Undo Cycle
[33.515s][info   ][gc,marking  ] GC(2187) Concurrent Cleanup for Next Mark
[33.522s][info   ][gc,marking  ] GC(2187) Concurrent Cleanup for Next Mark 6.974ms
[33.522s][info   ][gc          ] GC(2187) Concurrent Undo Cycle 7.061ms
[33.524s][info   ][gc,start    ] GC(2188) Pause Young (Concurrent Start) (G1 Humongous Allocation)
[33.524s][info   ][gc,task     ] GC(2188) Using 4 workers of 4 for evacuation
[33.525s][info   ][gc,phases   ] GC(2188)   Pre Evacuate Collection Set: 0.1ms
[33.525s][info   ][gc,phases   ] GC(2188)   Merge Heap Roots: 0.1ms
[33.525s][info   ][gc,phases   ] GC(2188)   Evacuate Collection Set: 0.2ms
[33.525s][info   ][gc,phases   ] GC(2188)   Post Evacuate Collection Set: 0.3ms
[33.525s][info   ][gc,phases   ] GC(2188)   Other: 0.2ms
[33.525s][info   ][gc,heap     ] GC(2188) Eden regions: 0->0(1023)
[33.525s][info   ][gc,heap     ] GC(2188) Survivor regions: 0->0(127)
[33.525s][info   ][gc,heap     ] GC(2188) Old regions: 1->1
[33.525s][info   ][gc,heap     ] GC(2188) Archive regions: 2->2
[33.525s][info   ][gc,heap     ] GC(2188) Humongous regions: 832->748
[33.525s][info   ][gc,metaspace] GC(2188) Metaspace: 158K(384K)->158K(384K) NonClass: 150K(256K)->150K(256K) Class: 8K(128K)->8K(128K)
[33.525s][info   ][gc          ] GC(2188) Pause Young (Concurrent Start) (G1 Humongous Allocation) 833M->749M(2048M) 1.033ms
[33.525s][info   ][gc,cpu      ] GC(2188) User=0.00s Sys=0.00s Real=0.00s
[33.525s][info   ][gc          ] GC(2189) Concurrent Undo Cycle
[33.525s][info   ][gc,marking  ] GC(2189) Concurrent Cleanup for Next Mark
[33.534s][info   ][gc,marking  ] GC(2189) Concurrent Cleanup for Next Mark 8.803ms
[33.535s][info   ][gc          ] GC(2189) Concurrent Undo Cycle 9.070ms
[33.541s][info   ][gc,start    ] GC(2190) Pause Young (Concurrent Start) (G1 Humongous Allocation)
[33.541s][info   ][gc,task     ] GC(2190) Using 4 workers of 4 for evacuation
[33.542s][info   ][gc,phases   ] GC(2190)   Pre Evacuate Collection Set: 0.2ms
[33.542s][info   ][gc,phases   ] GC(2190)   Merge Heap Roots: 0.1ms
[33.542s][info   ][gc,phases   ] GC(2190)   Evacuate Collection Set: 0.3ms
[33.542s][info   ][gc,phases   ] GC(2190)   Post Evacuate Collection Set: 0.4ms
[33.542s][info   ][gc,phases   ] GC(2190)   Other: 0.2ms
[33.542s][info   ][gc,heap     ] GC(2190) Eden regions: 0->0(1016)
[33.542s][info   ][gc,heap     ] GC(2190) Survivor regions: 0->0(128)
[33.542s][info   ][gc,heap     ] GC(2190) Old regions: 1->1
[33.542s][info   ][gc,heap     ] GC(2190) Archive regions: 2->2
[33.542s][info   ][gc,heap     ] GC(2190) Humongous regions: 918->756
[33.542s][info   ][gc,metaspace] GC(2190) Metaspace: 158K(384K)->158K(384K) NonClass: 150K(256K)->150K(256K) Class: 8K(128K)->8K(128K)
[33.542s][info   ][gc          ] GC(2190) Pause Young (Concurrent Start) (G1 Humongous Allocation) 919M->757M(2048M) 1.278ms
[33.542s][info   ][gc,cpu      ] GC(2190) User=0.00s Sys=0.00s Real=0.00s
[33.542s][info   ][gc          ] GC(2191) Concurrent Undo Cycle
[33.542s][info   ][gc,marking  ] GC(2191) Concurrent Cleanup for Next Mark
[33.554s][info   ][gc,marking  ] GC(2191) Concurrent Cleanup for Next Mark 12.042ms
[33.554s][info   ][gc          ] GC(2191) Concurrent Undo Cycle 12.132ms
[33.556s][info   ][gc,start    ] GC(2192) Pause Young (Concurrent Start) (G1 Humongous Allocation)
[33.556s][info   ][gc,task     ] GC(2192) Using 4 workers of 4 for evacuation
[33.558s][info   ][gc,phases   ] GC(2192)   Pre Evacuate Collection Set: 0.1ms
[33.558s][info   ][gc,phases   ] GC(2192)   Merge Heap Roots: 0.1ms
[33.558s][info   ][gc,phases   ] GC(2192)   Evacuate Collection Set: 0.5ms
[33.558s][info   ][gc,phases   ] GC(2192)   Post Evacuate Collection Set: 0.4ms
[33.558s][info   ][gc,phases   ] GC(2192)   Other: 0.2ms
[33.558s][info   ][gc,heap     ] GC(2192) Eden regions: 0->0(1008)
[33.558s][info   ][gc,heap     ] GC(2192) Survivor regions: 0->0(127)
[33.558s][info   ][gc,heap     ] GC(2192) Old regions: 1->1
[33.558s][info   ][gc,heap     ] GC(2192) Archive regions: 2->2
[33.558s][info   ][gc,heap     ] GC(2192) Humongous regions: 918->764
[33.558s][info   ][gc,metaspace] GC(2192) Metaspace: 158K(384K)->158K(384K) NonClass: 150K(256K)->150K(256K) Class: 8K(128K)->8K(128K)
[33.558s][info   ][gc          ] GC(2192) Pause Young (Concurrent Start) (G1 Humongous Allocation) 919M->765M(2048M) 1.385ms
[33.558s][info   ][gc,cpu      ] GC(2192) User=0.00s Sys=0.01s Real=0.00s
[33.558s][info   ][gc          ] GC(2193) Concurrent Undo Cycle
[33.558s][info   ][gc,marking  ] GC(2193) Concurrent Cleanup for Next Mark
[33.581s][info   ][gc,marking  ] GC(2193) Concurrent Cleanup for Next Mark 23.587ms
[33.581s][info   ][gc          ] GC(2193) Concurrent Undo Cycle 23.760ms
[33.583s][info   ][gc,start    ] GC(2194) Pause Young (Concurrent Start) (G1 Humongous Allocation)
[33.583s][info   ][gc,task     ] GC(2194) Using 4 workers of 4 for evacuation
[33.584s][info   ][gc,phases   ] GC(2194)   Pre Evacuate Collection Set: 0.2ms
[33.584s][info   ][gc,phases   ] GC(2194)   Merge Heap Roots: 0.1ms
[33.584s][info   ][gc,phases   ] GC(2194)   Evacuate Collection Set: 0.3ms
[33.584s][info   ][gc,phases   ] GC(2194)   Post Evacuate Collection Set: 0.5ms
[33.584s][info   ][gc,phases   ] GC(2194)   Other: 0.2ms
[33.584s][info   ][gc,heap     ] GC(2194) Eden regions: 0->0(954)
[33.584s][info   ][gc,heap     ] GC(2194) Survivor regions: 0->0(126)
[33.584s][info   ][gc,heap     ] GC(2194) Old regions: 1->1
[33.584s][info   ][gc,heap     ] GC(2194) Archive regions: 2->2
[33.584s][info   ][gc,heap     ] GC(2194) Humongous regions: 1082->822
[33.584s][info   ][gc,metaspace] GC(2194) Metaspace: 158K(384K)->158K(384K) NonClass: 150K(256K)->150K(256K) Class: 8K(128K)->8K(128K)
[33.584s][info   ][gc          ] GC(2194) Pause Young (Concurrent Start) (G1 Humongous Allocation) 1083M->823M(2048M) 1.362ms
[33.584s][info   ][gc,cpu      ] GC(2194) User=0.00s Sys=0.00s Real=0.00s
[33.584s][info   ][gc          ] GC(2195) Concurrent Undo Cycle
[33.584s][info   ][gc,marking  ] GC(2195) Concurrent Cleanup for Next Mark
[33.588s][info   ][gc,marking  ] GC(2195) Concurrent Cleanup for Next Mark 4.258ms
[33.588s][info   ][gc          ] GC(2195) Concurrent Undo Cycle 4.296ms
[33.588s][info   ][gc,start    ] GC(2196) Pause Young (Concurrent Start) (G1 Humongous Allocation)
[33.588s][info   ][gc,task     ] GC(2196) Using 4 workers of 4 for evacuation
[33.589s][info   ][gc,phases   ] GC(2196)   Pre Evacuate Collection Set: 0.1ms
[33.590s][info   ][gc,phases   ] GC(2196)   Merge Heap Roots: 0.1ms
[33.590s][info   ][gc,phases   ] GC(2196)   Evacuate Collection Set: 0.4ms
[33.590s][info   ][gc,phases   ] GC(2196)   Post Evacuate Collection Set: 0.3ms
[33.590s][info   ][gc,phases   ] GC(2196)   Other: 0.1ms
[33.590s][info   ][gc,heap     ] GC(2196) Eden regions: 0->0(950)
[33.590s][info   ][gc,heap     ] GC(2196) Survivor regions: 0->0(120)
[33.590s][info   ][gc,heap     ] GC(2196) Old regions: 1->1
[33.590s][info   ][gc,heap     ] GC(2196) Archive regions: 2->2
[33.590s][info   ][gc,heap     ] GC(2196) Humongous regions: 830->826
[33.590s][info   ][gc,metaspace] GC(2196) Metaspace: 158K(384K)->158K(384K) NonClass: 150K(256K)->150K(256K) Class: 8K(128K)->8K(128K)
[33.590s][info   ][gc          ] GC(2196) Pause Young (Concurrent Start) (G1 Humongous Allocation) 831M->827M(2048M) 1.107ms
[33.590s][info   ][gc,cpu      ] GC(2196) User=0.00s Sys=0.00s Real=0.00s
[33.590s][info   ][gc          ] GC(2197) Concurrent Undo Cycle
[33.590s][info   ][gc,marking  ] GC(2197) Concurrent Cleanup for Next Mark
[33.604s][info   ][gc,marking  ] GC(2197) Concurrent Cleanup for Next Mark 14.482ms
[33.604s][info   ][gc          ] GC(2197) Concurrent Undo Cycle 14.745ms
[33.605s][info   ][gc,start    ] GC(2198) Pause Young (Concurrent Start) (G1 Humongous Allocation)
[33.605s][info   ][gc,task     ] GC(2198) Using 4 workers of 4 for evacuation
[33.607s][info   ][gc,phases   ] GC(2198)   Pre Evacuate Collection Set: 0.2ms
[33.607s][info   ][gc,phases   ] GC(2198)   Merge Heap Roots: 0.1ms
[33.607s][info   ][gc,phases   ] GC(2198)   Evacuate Collection Set: 0.5ms
[33.607s][info   ][gc,phases   ] GC(2198)   Post Evacuate Collection Set: 0.5ms
[33.607s][info   ][gc,phases   ] GC(2198)   Other: 0.2ms
[33.607s][info   ][gc,heap     ] GC(2198) Eden regions: 0->0(978)
[33.607s][info   ][gc,heap     ] GC(2198) Survivor regions: 0->0(119)
[33.607s][info   ][gc,heap     ] GC(2198) Old regions: 1->1
[33.607s][info   ][gc,heap     ] GC(2198) Archive regions: 2->2
[33.607s][info   ][gc,heap     ] GC(2198) Humongous regions: 994->796
[33.607s][info   ][gc,metaspace] GC(2198) Metaspace: 158K(384K)->158K(384K) NonClass: 150K(256K)->150K(256K) Class: 8K(128K)->8K(128K)
[33.607s][info   ][gc          ] GC(2198) Pause Young (Concurrent Start) (G1 Humongous Allocation) 995M->797M(2048M) 1.542ms
[33.607s][info   ][gc,cpu      ] GC(2198) User=0.00s Sys=0.00s Real=0.00s
[33.607s][info   ][gc          ] GC(2199) Concurrent Undo Cycle
[33.607s][info   ][gc,marking  ] GC(2199) Concurrent Cleanup for Next Mark
[33.635s][info   ][gc,marking  ] GC(2199) Concurrent Cleanup for Next Mark 28.135ms
[33.635s][info   ][gc          ] GC(2199) Concurrent Undo Cycle 28.350ms
[33.636s][info   ][gc,start    ] GC(2200) Pause Young (Concurrent Start) (G1 Humongous Allocation)
[33.636s][info   ][gc,task     ] GC(2200) Using 4 workers of 4 for evacuation
[33.637s][info   ][gc,phases   ] GC(2200)   Pre Evacuate Collection Set: 0.2ms
[33.637s][info   ][gc,phases   ] GC(2200)   Merge Heap Roots: 0.1ms
[33.637s][info   ][gc,phases   ] GC(2200)   Evacuate Collection Set: 0.3ms
[33.637s][info   ][gc,phases   ] GC(2200)   Post Evacuate Collection Set: 0.5ms
[33.637s][info   ][gc,phases   ] GC(2200)   Other: 0.2ms
[33.637s][info   ][gc,heap     ] GC(2200) Eden regions: 0->0(912)
[33.637s][info   ][gc,heap     ] GC(2200) Survivor regions: 0->0(123)
[33.637s][info   ][gc,heap     ] GC(2200) Old regions: 1->1
[33.637s][info   ][gc,heap     ] GC(2200) Archive regions: 2->2
[33.637s][info   ][gc,heap     ] GC(2200) Humongous regions: 1184->866
[33.637s][info   ][gc,metaspace] GC(2200) Metaspace: 158K(384K)->158K(384K) NonClass: 150K(256K)->150K(256K) Class: 8K(128K)->8K(128K)
[33.637s][info   ][gc          ] GC(2200) Pause Young (Concurrent Start) (G1 Humongous Allocation) 1185M->867M(2048M) 1.301ms
[33.637s][info   ][gc,cpu      ] GC(2200) User=0.00s Sys=0.01s Real=0.00s
[33.637s][info   ][gc          ] GC(2201) Concurrent Undo Cycle
[33.637s][info   ][gc,marking  ] GC(2201) Concurrent Cleanup for Next Mark
[33.658s][info   ][gc,marking  ] GC(2201) Concurrent Cleanup for Next Mark 21.110ms
[33.658s][info   ][gc          ] GC(2201) Concurrent Undo Cycle 21.297ms
[33.659s][info   ][gc,start    ] GC(2202) Pause Young (Concurrent Start) (G1 Humongous Allocation)
[33.659s][info   ][gc,task     ] GC(2202) Using 4 workers of 4 for evacuation
[33.660s][info   ][gc,phases   ] GC(2202)   Pre Evacuate Collection Set: 0.2ms
[33.660s][info   ][gc,phases   ] GC(2202)   Merge Heap Roots: 0.1ms
[33.660s][info   ][gc,phases   ] GC(2202)   Evacuate Collection Set: 0.2ms
[33.660s][info   ][gc,phases   ] GC(2202)   Post Evacuate Collection Set: 0.5ms
[33.660s][info   ][gc,phases   ] GC(2202)   Other: 0.2ms
[33.660s][info   ][gc,heap     ] GC(2202) Eden regions: 0->0(860)
[33.660s][info   ][gc,heap     ] GC(2202) Survivor regions: 0->0(114)
[33.660s][info   ][gc,heap     ] GC(2202) Old regions: 1->1
[33.660s][info   ][gc,heap     ] GC(2202) Archive regions: 2->2
[33.660s][info   ][gc,heap     ] GC(2202) Humongous regions: 1152->922
[33.660s][info   ][gc,metaspace] GC(2202) Metaspace: 158K(384K)->158K(384K) NonClass: 150K(256K)->150K(256K) Class: 8K(128K)->8K(128K)
[33.660s][info   ][gc          ] GC(2202) Pause Young (Concurrent Start) (G1 Humongous Allocation) 1153M->923M(2048M) 1.225ms
[33.660s][info   ][gc,cpu      ] GC(2202) User=0.00s Sys=0.00s Real=0.00s
[33.660s][info   ][gc          ] GC(2203) Concurrent Mark Cycle
[33.660s][info   ][gc,marking  ] GC(2203) Concurrent Clear Claimed Marks
[33.660s][info   ][gc,marking  ] GC(2203) Concurrent Clear Claimed Marks 0.023ms
[33.660s][info   ][gc,marking  ] GC(2203) Concurrent Scan Root Regions
[33.660s][info   ][gc,marking  ] GC(2203) Concurrent Scan Root Regions 0.007ms
[33.660s][info   ][gc,marking  ] GC(2203) Concurrent Mark
[33.660s][info   ][gc,marking  ] GC(2203) Concurrent Mark From Roots
[33.660s][info   ][gc,task     ] GC(2203) Using 1 workers of 1 for marking
[33.667s][info   ][gc,marking  ] GC(2203) Concurrent Mark From Roots 6.888ms
[33.667s][info   ][gc,marking  ] GC(2203) Concurrent Preclean
[33.667s][info   ][gc,marking  ] GC(2203) Concurrent Preclean 0.093ms
[33.667s][info   ][gc,start    ] GC(2203) Pause Remark
[33.668s][info   ][gc          ] GC(2203) Pause Remark 1033M->1033M(2048M) 0.572ms
[33.668s][info   ][gc,cpu      ] GC(2203) User=0.00s Sys=0.00s Real=0.01s
[33.668s][info   ][gc,marking  ] GC(2203) Concurrent Mark 8.227ms
[33.668s][info   ][gc,marking  ] GC(2203) Concurrent Rebuild Remembered Sets
[33.673s][info   ][gc,marking  ] GC(2203) Concurrent Rebuild Remembered Sets 5.247ms
[33.674s][info   ][gc,start    ] GC(2203) Pause Cleanup
[33.675s][info   ][gc          ] GC(2203) Pause Cleanup 1129M->1129M(2048M) 0.367ms
[33.675s][info   ][gc,cpu      ] GC(2203) User=0.00s Sys=0.00s Real=0.00s
[33.675s][info   ][gc,marking  ] GC(2203) Concurrent Cleanup for Next Mark
[33.696s][info   ][gc,marking  ] GC(2203) Concurrent Cleanup for Next Mark 20.902ms
[33.696s][info   ][gc          ] GC(2203) Concurrent Mark Cycle 36.080ms
[33.697s][info   ][gc,start    ] GC(2204) Pause Young (Concurrent Start) (G1 Humongous Allocation)
[33.697s][info   ][gc,task     ] GC(2204) Using 4 workers of 4 for evacuation
[33.698s][info   ][gc,phases   ] GC(2204)   Pre Evacuate Collection Set: 0.2ms
[33.698s][info   ][gc,phases   ] GC(2204)   Merge Heap Roots: 0.2ms
[33.698s][info   ][gc,phases   ] GC(2204)   Evacuate Collection Set: 0.3ms
[33.698s][info   ][gc,phases   ] GC(2204)   Post Evacuate Collection Set: 0.7ms
[33.698s][info   ][gc,phases   ] GC(2204)   Other: 0.2ms
[33.698s][info   ][gc,heap     ] GC(2204) Eden regions: 0->0(791)
[33.698s][info   ][gc,heap     ] GC(2204) Survivor regions: 0->0(108)
[33.698s][info   ][gc,heap     ] GC(2204) Old regions: 1->1
[33.698s][info   ][gc,heap     ] GC(2204) Archive regions: 2->2
[33.698s][info   ][gc,heap     ] GC(2204) Humongous regions: 1416->996
[33.698s][info   ][gc,metaspace] GC(2204) Metaspace: 158K(384K)->158K(384K) NonClass: 150K(256K)->150K(256K) Class: 8K(128K)->8K(128K)
[33.699s][info   ][gc          ] GC(2204) Pause Young (Concurrent Start) (G1 Humongous Allocation) 1417M->997M(2048M) 1.623ms
[33.699s][info   ][gc,cpu      ] GC(2204) User=0.01s Sys=0.00s Real=0.01s
[33.699s][info   ][gc          ] GC(2205) Concurrent Mark Cycle
[33.699s][info   ][gc,marking  ] GC(2205) Concurrent Clear Claimed Marks
[33.699s][info   ][gc,marking  ] GC(2205) Concurrent Clear Claimed Marks 0.007ms
[33.699s][info   ][gc,marking  ] GC(2205) Concurrent Scan Root Regions
[33.699s][info   ][gc,marking  ] GC(2205) Concurrent Scan Root Regions 0.005ms
[33.699s][info   ][gc,marking  ] GC(2205) Concurrent Mark
[33.699s][info   ][gc,marking  ] GC(2205) Concurrent Mark From Roots
[33.699s][info   ][gc,task     ] GC(2205) Using 1 workers of 1 for marking
[33.704s][info   ][gc,marking  ] GC(2205) Concurrent Mark From Roots 5.055ms
[33.704s][info   ][gc,marking  ] GC(2205) Concurrent Preclean
[33.704s][info   ][gc,marking  ] GC(2205) Concurrent Preclean 0.079ms
[33.704s][info   ][gc,start    ] GC(2205) Pause Remark
[33.705s][info   ][gc          ] GC(2205) Pause Remark 1033M->1033M(2048M) 0.549ms
[33.705s][info   ][gc,cpu      ] GC(2205) User=0.00s Sys=0.00s Real=0.00s
[33.705s][info   ][gc,marking  ] GC(2205) Concurrent Mark 6.461ms
[33.705s][info   ][gc,marking  ] GC(2205) Concurrent Rebuild Remembered Sets
[33.714s][info   ][gc,marking  ] GC(2205) Concurrent Rebuild Remembered Sets 8.444ms
[33.715s][info   ][gc,start    ] GC(2205) Pause Cleanup
[33.715s][info   ][gc          ] GC(2205) Pause Cleanup 1147M->1147M(2048M) 0.243ms
[33.715s][info   ][gc,cpu      ] GC(2205) User=0.00s Sys=0.00s Real=0.00s
[33.715s][info   ][gc,marking  ] GC(2205) Concurrent Cleanup for Next Mark
[33.742s][info   ][gc,marking  ] GC(2205) Concurrent Cleanup for Next Mark 27.043ms
[33.743s][info   ][gc          ] GC(2205) Concurrent Mark Cycle 43.969ms
[33.743s][info   ][gc,start    ] GC(2206) Pause Young (Concurrent Start) (G1 Humongous Allocation)
[33.743s][info   ][gc,task     ] GC(2206) Using 4 workers of 4 for evacuation
[33.745s][info   ][gc,phases   ] GC(2206)   Pre Evacuate Collection Set: 0.2ms
[33.745s][info   ][gc,phases   ] GC(2206)   Merge Heap Roots: 0.3ms
[33.745s][info   ][gc,phases   ] GC(2206)   Evacuate Collection Set: 0.2ms
[33.745s][info   ][gc,phases   ] GC(2206)   Post Evacuate Collection Set: 0.6ms
[33.745s][info   ][gc,phases   ] GC(2206)   Other: 0.2ms
[33.745s][info   ][gc,heap     ] GC(2206) Eden regions: 0->0(710)
[33.745s][info   ][gc,heap     ] GC(2206) Survivor regions: 0->0(99)
[33.745s][info   ][gc,heap     ] GC(2206) Old regions: 1->1
[33.745s][info   ][gc,heap     ] GC(2206) Archive regions: 2->2
[33.745s][info   ][gc,heap     ] GC(2206) Humongous regions: 1518->1082
[33.745s][info   ][gc,metaspace] GC(2206) Metaspace: 158K(384K)->158K(384K) NonClass: 150K(256K)->150K(256K) Class: 8K(128K)->8K(128K)
[33.745s][info   ][gc          ] GC(2206) Pause Young (Concurrent Start) (G1 Humongous Allocation) 1519M->1083M(2048M) 1.609ms
[33.745s][info   ][gc,cpu      ] GC(2206) User=0.00s Sys=0.00s Real=0.00s
[33.745s][info   ][gc          ] GC(2207) Concurrent Mark Cycle
[33.745s][info   ][gc,marking  ] GC(2207) Concurrent Clear Claimed Marks
[33.745s][info   ][gc,marking  ] GC(2207) Concurrent Clear Claimed Marks 0.008ms
[33.745s][info   ][gc,marking  ] GC(2207) Concurrent Scan Root Regions
[33.745s][info   ][gc,marking  ] GC(2207) Concurrent Scan Root Regions 0.006ms
[33.745s][info   ][gc,marking  ] GC(2207) Concurrent Mark
[33.745s][info   ][gc,marking  ] GC(2207) Concurrent Mark From Roots
[33.745s][info   ][gc,task     ] GC(2207) Using 1 workers of 1 for marking
[33.753s][info   ][gc,marking  ] GC(2207) Concurrent Mark From Roots 8.361ms
[33.754s][info   ][gc,marking  ] GC(2207) Concurrent Preclean
[33.754s][info   ][gc,marking  ] GC(2207) Concurrent Preclean 0.089ms
[33.754s][info   ][gc,start    ] GC(2207) Pause Remark
[33.755s][info   ][gc          ] GC(2207) Pause Remark 1231M->1231M(2048M) 0.917ms
[33.755s][info   ][gc,cpu      ] GC(2207) User=0.00s Sys=0.00s Real=0.00s
[33.755s][info   ][gc,marking  ] GC(2207) Concurrent Mark 9.961ms
[33.755s][info   ][gc,marking  ] GC(2207) Concurrent Rebuild Remembered Sets
[33.778s][info   ][gc,marking  ] GC(2207) Concurrent Rebuild Remembered Sets 23.155ms
[33.780s][info   ][gc,start    ] GC(2207) Pause Cleanup
[33.780s][info   ][gc          ] GC(2207) Pause Cleanup 1619M->1619M(2048M) 0.216ms
[33.780s][info   ][gc,cpu      ] GC(2207) User=0.00s Sys=0.00s Real=0.00s
[33.780s][info   ][gc,marking  ] GC(2207) Concurrent Cleanup for Next Mark
[33.784s][info   ][gc,marking  ] GC(2207) Concurrent Cleanup for Next Mark 4.545ms
[33.785s][info   ][gc          ] GC(2207) Concurrent Mark Cycle 39.462ms
[33.785s][info   ][gc,start    ] GC(2208) Pause Young (Concurrent Start) (G1 Humongous Allocation)
[33.785s][info   ][gc,task     ] GC(2208) Using 4 workers of 4 for evacuation
[33.787s][info   ][gc,phases   ] GC(2208)   Pre Evacuate Collection Set: 0.2ms
[33.787s][info   ][gc,phases   ] GC(2208)   Merge Heap Roots: 0.2ms
[33.787s][info   ][gc,phases   ] GC(2208)   Evacuate Collection Set: 0.2ms
[33.787s][info   ][gc,phases   ] GC(2208)   Post Evacuate Collection Set: 1.1ms
[33.787s][info   ][gc,phases   ] GC(2208)   Other: 0.1ms
[33.787s][info   ][gc,heap     ] GC(2208) Eden regions: 0->0(759)
[33.787s][info   ][gc,heap     ] GC(2208) Survivor regions: 0->0(89)
[33.787s][info   ][gc,heap     ] GC(2208) Old regions: 1->1
[33.787s][info   ][gc,heap     ] GC(2208) Archive regions: 2->2
[33.787s][info   ][gc,heap     ] GC(2208) Humongous regions: 1632->1030
[33.787s][info   ][gc,metaspace] GC(2208) Metaspace: 158K(384K)->158K(384K) NonClass: 150K(256K)->150K(256K) Class: 8K(128K)->8K(128K)
[33.787s][info   ][gc          ] GC(2208) Pause Young (Concurrent Start) (G1 Humongous Allocation) 1633M->1031M(2048M) 1.980ms
[33.787s][info   ][gc,cpu      ] GC(2208) User=0.00s Sys=0.00s Real=0.00s
[33.787s][info   ][gc          ] GC(2209) Concurrent Mark Cycle
[33.787s][info   ][gc,marking  ] GC(2209) Concurrent Clear Claimed Marks
[33.787s][info   ][gc,marking  ] GC(2209) Concurrent Clear Claimed Marks 0.012ms
[33.787s][info   ][gc,marking  ] GC(2209) Concurrent Scan Root Regions
[33.787s][info   ][gc,marking  ] GC(2209) Concurrent Scan Root Regions 0.008ms
[33.787s][info   ][gc,marking  ] GC(2209) Concurrent Mark
[33.787s][info   ][gc,marking  ] GC(2209) Concurrent Mark From Roots
[33.787s][info   ][gc,task     ] GC(2209) Using 1 workers of 1 for marking
[33.796s][info   ][gc,marking  ] GC(2209) Concurrent Mark From Roots 8.861ms
[33.796s][info   ][gc,marking  ] GC(2209) Concurrent Preclean
[33.796s][info   ][gc,marking  ] GC(2209) Concurrent Preclean 0.147ms
[33.797s][info   ][gc,start    ] GC(2209) Pause Remark
[33.797s][info   ][gc          ] GC(2209) Pause Remark 1173M->1173M(2048M) 0.683ms
[33.797s][info   ][gc,cpu      ] GC(2209) User=0.00s Sys=0.00s Real=0.00s
[33.797s][info   ][gc,marking  ] GC(2209) Concurrent Mark 10.590ms
[33.797s][info   ][gc,marking  ] GC(2209) Concurrent Rebuild Remembered Sets
[33.807s][info   ][gc,marking  ] GC(2209) Concurrent Rebuild Remembered Sets 9.049ms
[33.807s][info   ][gc,start    ] GC(2209) Pause Cleanup
[33.808s][info   ][gc          ] GC(2209) Pause Cleanup 1329M->1329M(2048M) 0.287ms
[33.808s][info   ][gc,cpu      ] GC(2209) User=0.00s Sys=0.00s Real=0.00s
[33.808s][info   ][gc,marking  ] GC(2209) Concurrent Cleanup for Next Mark
[33.822s][info   ][gc,marking  ] GC(2209) Concurrent Cleanup for Next Mark 13.833ms
[33.822s][info   ][gc          ] GC(2209) Concurrent Mark Cycle 34.900ms
[33.823s][info   ][gc,start    ] GC(2210) Pause Young (Concurrent Start) (G1 Humongous Allocation)
[33.823s][info   ][gc,task     ] GC(2210) Using 4 workers of 4 for evacuation
[33.824s][info   ][gc,phases   ] GC(2210)   Pre Evacuate Collection Set: 0.2ms
[33.824s][info   ][gc,phases   ] GC(2210)   Merge Heap Roots: 0.3ms
[33.824s][info   ][gc,phases   ] GC(2210)   Evacuate Collection Set: 0.2ms
[33.824s][info   ][gc,phases   ] GC(2210)   Post Evacuate Collection Set: 0.7ms
[33.824s][info   ][gc,phases   ] GC(2210)   Other: 0.2ms
[33.824s][info   ][gc,heap     ] GC(2210) Eden regions: 0->0(749)
[33.824s][info   ][gc,heap     ] GC(2210) Survivor regions: 0->0(95)
[33.824s][info   ][gc,heap     ] GC(2210) Old regions: 1->1
[33.824s][info   ][gc,heap     ] GC(2210) Archive regions: 2->2
[33.824s][info   ][gc,heap     ] GC(2210) Humongous regions: 1498->1040
[33.824s][info   ][gc,metaspace] GC(2210) Metaspace: 158K(384K)->158K(384K) NonClass: 150K(256K)->150K(256K) Class: 8K(128K)->8K(128K)
[33.824s][info   ][gc          ] GC(2210) Pause Young (Concurrent Start) (G1 Humongous Allocation) 1499M->1041M(2048M) 1.679ms
[33.824s][info   ][gc,cpu      ] GC(2210) User=0.00s Sys=0.00s Real=0.00s
[33.824s][info   ][gc          ] GC(2211) Concurrent Mark Cycle
[33.824s][info   ][gc,marking  ] GC(2211) Concurrent Clear Claimed Marks
[33.824s][info   ][gc,marking  ] GC(2211) Concurrent Clear Claimed Marks 0.009ms
[33.824s][info   ][gc,marking  ] GC(2211) Concurrent Scan Root Regions
[33.824s][info   ][gc,marking  ] GC(2211) Concurrent Scan Root Regions 0.006ms
[33.824s][info   ][gc,marking  ] GC(2211) Concurrent Mark
[33.824s][info   ][gc,marking  ] GC(2211) Concurrent Mark From Roots
[33.824s][info   ][gc,task     ] GC(2211) Using 1 workers of 1 for marking
[33.832s][info   ][gc,marking  ] GC(2211) Concurrent Mark From Roots 7.093ms
[33.832s][info   ][gc,marking  ] GC(2211) Concurrent Preclean
[33.832s][info   ][gc,marking  ] GC(2211) Concurrent Preclean 0.298ms
[33.833s][info   ][gc,start    ] GC(2211) Pause Remark
[33.834s][info   ][gc          ] GC(2211) Pause Remark 1175M->1175M(2048M) 0.850ms
[33.834s][info   ][gc,cpu      ] GC(2211) User=0.00s Sys=0.00s Real=0.00s
[33.834s][info   ][gc,marking  ] GC(2211) Concurrent Mark 9.399ms
[33.834s][info   ][gc,marking  ] GC(2211) Concurrent Rebuild Remembered Sets
[33.840s][info   ][gc,marking  ] GC(2211) Concurrent Rebuild Remembered Sets 6.176ms
[33.841s][info   ][gc,start    ] GC(2211) Pause Cleanup
[33.841s][info   ][gc          ] GC(2211) Pause Cleanup 1295M->1295M(2048M) 0.249ms
[33.841s][info   ][gc,cpu      ] GC(2211) User=0.00s Sys=0.00s Real=0.00s
[33.841s][info   ][gc,marking  ] GC(2211) Concurrent Cleanup for Next Mark
[33.854s][info   ][gc,marking  ] GC(2211) Concurrent Cleanup for Next Mark 12.791ms
[33.854s][info   ][gc          ] GC(2211) Concurrent Mark Cycle 30.051ms
[33.855s][info   ][gc,start    ] GC(2212) Pause Young (Concurrent Start) (G1 Humongous Allocation)
[33.856s][info   ][gc,task     ] GC(2212) Using 4 workers of 4 for evacuation
[33.857s][info   ][gc,phases   ] GC(2212)   Pre Evacuate Collection Set: 0.2ms
[33.857s][info   ][gc,phases   ] GC(2212)   Merge Heap Roots: 0.2ms
[33.857s][info   ][gc,phases   ] GC(2212)   Evacuate Collection Set: 0.3ms
[33.857s][info   ][gc,phases   ] GC(2212)   Post Evacuate Collection Set: 0.6ms
[33.857s][info   ][gc,phases   ] GC(2212)   Other: 0.2ms
[33.857s][info   ][gc,heap     ] GC(2212) Eden regions: 0->0(746)
[33.857s][info   ][gc,heap     ] GC(2212) Survivor regions: 0->0(94)
[33.857s][info   ][gc,heap     ] GC(2212) Old regions: 1->1
[33.857s][info   ][gc,heap     ] GC(2212) Archive regions: 2->2
[33.857s][info   ][gc,heap     ] GC(2212) Humongous regions: 1438->1044
[33.857s][info   ][gc,metaspace] GC(2212) Metaspace: 158K(384K)->158K(384K) NonClass: 150K(256K)->150K(256K) Class: 8K(128K)->8K(128K)
[33.857s][info   ][gc          ] GC(2212) Pause Young (Concurrent Start) (G1 Humongous Allocation) 1439M->1045M(2048M) 1.467ms
[33.857s][info   ][gc,cpu      ] GC(2212) User=0.00s Sys=0.00s Real=0.00s
[33.857s][info   ][gc          ] GC(2213) Concurrent Mark Cycle
[33.857s][info   ][gc,marking  ] GC(2213) Concurrent Clear Claimed Marks
[33.857s][info   ][gc,marking  ] GC(2213) Concurrent Clear Claimed Marks 0.008ms
[33.857s][info   ][gc,marking  ] GC(2213) Concurrent Scan Root Regions
[33.857s][info   ][gc,marking  ] GC(2213) Concurrent Scan Root Regions 0.006ms
[33.857s][info   ][gc,marking  ] GC(2213) Concurrent Mark
[33.857s][info   ][gc,marking  ] GC(2213) Concurrent Mark From Roots
[33.857s][info   ][gc,task     ] GC(2213) Using 1 workers of 1 for marking
[33.864s][info   ][gc,marking  ] GC(2213) Concurrent Mark From Roots 6.581ms
[33.864s][info   ][gc,marking  ] GC(2213) Concurrent Preclean
[33.864s][info   ][gc,marking  ] GC(2213) Concurrent Preclean 0.101ms
[33.865s][info   ][gc,start    ] GC(2213) Pause Remark
[33.866s][info   ][gc          ] GC(2213) Pause Remark 1139M->1139M(2048M) 0.592ms
[33.866s][info   ][gc,cpu      ] GC(2213) User=0.01s Sys=0.00s Real=0.00s
[33.866s][info   ][gc,marking  ] GC(2213) Concurrent Mark 8.624ms
[33.866s][info   ][gc,marking  ] GC(2213) Concurrent Rebuild Remembered Sets
[33.872s][info   ][gc,marking  ] GC(2213) Concurrent Rebuild Remembered Sets 6.016ms
[33.873s][info   ][gc,start    ] GC(2213) Pause Cleanup
[33.873s][info   ][gc          ] GC(2213) Pause Cleanup 1255M->1255M(2048M) 0.245ms
[33.873s][info   ][gc,cpu      ] GC(2213) User=0.00s Sys=0.00s Real=0.00s
[33.873s][info   ][gc,marking  ] GC(2213) Concurrent Cleanup for Next Mark
[33.886s][info   ][gc,marking  ] GC(2213) Concurrent Cleanup for Next Mark 13.088ms
[33.886s][info   ][gc          ] GC(2213) Concurrent Mark Cycle 29.155ms
[33.887s][info   ][gc,start    ] GC(2214) Pause Young (Concurrent Start) (G1 Humongous Allocation)
[33.887s][info   ][gc,task     ] GC(2214) Using 4 workers of 4 for evacuation
[33.889s][info   ][gc,phases   ] GC(2214)   Pre Evacuate Collection Set: 0.3ms
[33.889s][info   ][gc,phases   ] GC(2214)   Merge Heap Roots: 0.4ms
[33.889s][info   ][gc,phases   ] GC(2214)   Evacuate Collection Set: 0.3ms
[33.889s][info   ][gc,phases   ] GC(2214)   Post Evacuate Collection Set: 0.5ms
[33.889s][info   ][gc,phases   ] GC(2214)   Other: 0.2ms
[33.889s][info   ][gc,heap     ] GC(2214) Eden regions: 0->0(702)
[33.889s][info   ][gc,heap     ] GC(2214) Survivor regions: 0->0(94)
[33.889s][info   ][gc,heap     ] GC(2214) Old regions: 1->1
[33.889s][info   ][gc,heap     ] GC(2214) Archive regions: 2->2
[33.889s][info   ][gc,heap     ] GC(2214) Humongous regions: 1410->1090
[33.889s][info   ][gc,metaspace] GC(2214) Metaspace: 158K(384K)->158K(384K) NonClass: 150K(256K)->150K(256K) Class: 8K(128K)->8K(128K)
[33.889s][info   ][gc          ] GC(2214) Pause Young (Concurrent Start) (G1 Humongous Allocation) 1411M->1091M(2048M) 1.715ms
[33.889s][info   ][gc,cpu      ] GC(2214) User=0.00s Sys=0.01s Real=0.01s
[33.889s][info   ][gc          ] GC(2215) Concurrent Mark Cycle
[33.889s][info   ][gc,marking  ] GC(2215) Concurrent Clear Claimed Marks
[33.889s][info   ][gc,marking  ] GC(2215) Concurrent Clear Claimed Marks 0.007ms
[33.889s][info   ][gc,marking  ] GC(2215) Concurrent Scan Root Regions
[33.889s][info   ][gc,marking  ] GC(2215) Concurrent Scan Root Regions 0.006ms
[33.889s][info   ][gc,marking  ] GC(2215) Concurrent Mark
[33.889s][info   ][gc,marking  ] GC(2215) Concurrent Mark From Roots
[33.889s][info   ][gc,task     ] GC(2215) Using 1 workers of 1 for marking
[33.896s][info   ][gc,marking  ] GC(2215) Concurrent Mark From Roots 7.242ms
[33.896s][info   ][gc,marking  ] GC(2215) Concurrent Preclean
[33.896s][info   ][gc,marking  ] GC(2215) Concurrent Preclean 0.094ms
[33.897s][info   ][gc,start    ] GC(2215) Pause Remark
[33.898s][info   ][gc          ] GC(2215) Pause Remark 1211M->1211M(2048M) 0.686ms
[33.898s][info   ][gc,cpu      ] GC(2215) User=0.00s Sys=0.00s Real=0.00s
[33.898s][info   ][gc,marking  ] GC(2215) Concurrent Mark 9.171ms
[33.898s][info   ][gc,marking  ] GC(2215) Concurrent Rebuild Remembered Sets
[33.905s][info   ][gc,marking  ] GC(2215) Concurrent Rebuild Remembered Sets 6.914ms
[33.906s][info   ][gc,start    ] GC(2215) Pause Cleanup
[33.906s][info   ][gc          ] GC(2215) Pause Cleanup 1337M->1337M(2048M) 0.257ms
[33.906s][info   ][gc,cpu      ] GC(2215) User=0.00s Sys=0.00s Real=0.00s
[33.906s][info   ][gc,marking  ] GC(2215) Concurrent Cleanup for Next Mark
[33.920s][info   ][gc,marking  ] GC(2215) Concurrent Cleanup for Next Mark 14.032ms
[33.921s][info   ][gc          ] GC(2215) Concurrent Mark Cycle 31.896ms
[33.921s][info   ][gc,start    ] GC(2216) Pause Young (Concurrent Start) (G1 Humongous Allocation)
[33.921s][info   ][gc,task     ] GC(2216) Using 4 workers of 4 for evacuation
[33.923s][info   ][gc,phases   ] GC(2216)   Pre Evacuate Collection Set: 0.2ms
[33.923s][info   ][gc,phases   ] GC(2216)   Merge Heap Roots: 0.2ms
[33.923s][info   ][gc,phases   ] GC(2216)   Evacuate Collection Set: 0.3ms
[33.923s][info   ][gc,phases   ] GC(2216)   Post Evacuate Collection Set: 0.6ms
[33.923s][info   ][gc,phases   ] GC(2216)   Other: 0.2ms
[33.923s][info   ][gc,heap     ] GC(2216) Eden regions: 0->0(689)
[33.923s][info   ][gc,heap     ] GC(2216) Survivor regions: 0->0(88)
[33.923s][info   ][gc,heap     ] GC(2216) Old regions: 1->1
[33.923s][info   ][gc,heap     ] GC(2216) Archive regions: 2->2
[33.923s][info   ][gc,heap     ] GC(2216) Humongous regions: 1498->1104
[33.923s][info   ][gc,metaspace] GC(2216) Metaspace: 158K(384K)->158K(384K) NonClass: 150K(256K)->150K(256K) Class: 8K(128K)->8K(128K)
[33.923s][info   ][gc          ] GC(2216) Pause Young (Concurrent Start) (G1 Humongous Allocation) 1499M->1105M(2048M) 1.506ms
[33.923s][info   ][gc,cpu      ] GC(2216) User=0.00s Sys=0.01s Real=0.00s
[33.923s][info   ][gc          ] GC(2217) Concurrent Mark Cycle
[33.923s][info   ][gc,marking  ] GC(2217) Concurrent Clear Claimed Marks
[33.923s][info   ][gc,marking  ] GC(2217) Concurrent Clear Claimed Marks 0.007ms
[33.923s][info   ][gc,marking  ] GC(2217) Concurrent Scan Root Regions
[33.923s][info   ][gc,marking  ] GC(2217) Concurrent Scan Root Regions 0.006ms
[33.923s][info   ][gc,marking  ] GC(2217) Concurrent Mark
[33.923s][info   ][gc,marking  ] GC(2217) Concurrent Mark From Roots
[33.923s][info   ][gc,task     ] GC(2217) Using 1 workers of 1 for marking
[33.932s][info   ][gc,marking  ] GC(2217) Concurrent Mark From Roots 8.759ms
[33.932s][info   ][gc,marking  ] GC(2217) Concurrent Preclean
[33.932s][info   ][gc,marking  ] GC(2217) Concurrent Preclean 0.096ms
[33.933s][info   ][gc,start    ] GC(2217) Pause Remark
[33.933s][info   ][gc          ] GC(2217) Pause Remark 1251M->1251M(2048M) 0.722ms
[33.933s][info   ][gc,cpu      ] GC(2217) User=0.00s Sys=0.00s Real=0.00s
[33.934s][info   ][gc,marking  ] GC(2217) Concurrent Mark 10.821ms
[33.934s][info   ][gc,marking  ] GC(2217) Concurrent Rebuild Remembered Sets
[33.941s][info   ][gc,marking  ] GC(2217) Concurrent Rebuild Remembered Sets 7.476ms
[33.942s][info   ][gc,start    ] GC(2217) Pause Cleanup
[33.942s][info   ][gc          ] GC(2217) Pause Cleanup 1381M->1381M(2048M) 0.351ms
[33.942s][info   ][gc,cpu      ] GC(2217) User=0.00s Sys=0.00s Real=0.00s
[33.942s][info   ][gc,marking  ] GC(2217) Concurrent Cleanup for Next Mark
[33.958s][info   ][gc,marking  ] GC(2217) Concurrent Cleanup for Next Mark 15.451ms
[33.958s][info   ][gc          ] GC(2217) Concurrent Mark Cycle 35.192ms
[33.958s][info   ][gc,start    ] GC(2218) Pause Young (Concurrent Start) (G1 Humongous Allocation)
[33.958s][info   ][gc,task     ] GC(2218) Using 4 workers of 4 for evacuation
[33.960s][info   ][gc,phases   ] GC(2218)   Pre Evacuate Collection Set: 0.2ms
[33.960s][info   ][gc,phases   ] GC(2218)   Merge Heap Roots: 0.2ms
[33.960s][info   ][gc,phases   ] GC(2218)   Evacuate Collection Set: 0.3ms
[33.960s][info   ][gc,phases   ] GC(2218)   Post Evacuate Collection Set: 0.9ms
[33.960s][info   ][gc,phases   ] GC(2218)   Other: 0.2ms
[33.960s][info   ][gc,heap     ] GC(2218) Eden regions: 0->0(710)
[33.960s][info   ][gc,heap     ] GC(2218) Survivor regions: 0->0(87)
[33.960s][info   ][gc,heap     ] GC(2218) Old regions: 1->1
[33.960s][info   ][gc,heap     ] GC(2218) Archive regions: 2->2
[33.960s][info   ][gc,heap     ] GC(2218) Humongous regions: 1566->1082
[33.960s][info   ][gc,metaspace] GC(2218) Metaspace: 158K(384K)->158K(384K) NonClass: 150K(256K)->150K(256K) Class: 8K(128K)->8K(128K)
[33.960s][info   ][gc          ] GC(2218) Pause Young (Concurrent Start) (G1 Humongous Allocation) 1567M->1083M(2048M) 1.854ms
[33.960s][info   ][gc,cpu      ] GC(2218) User=0.00s Sys=0.01s Real=0.00s
[33.960s][info   ][gc          ] GC(2219) Concurrent Mark Cycle
[33.960s][info   ][gc,marking  ] GC(2219) Concurrent Clear Claimed Marks
[33.960s][info   ][gc,marking  ] GC(2219) Concurrent Clear Claimed Marks 0.007ms
[33.960s][info   ][gc,marking  ] GC(2219) Concurrent Scan Root Regions
[33.960s][info   ][gc,marking  ] GC(2219) Concurrent Scan Root Regions 0.006ms
[33.960s][info   ][gc,marking  ] GC(2219) Concurrent Mark
[33.960s][info   ][gc,marking  ] GC(2219) Concurrent Mark From Roots
[33.960s][info   ][gc,task     ] GC(2219) Using 1 workers of 1 for marking
[33.969s][info   ][gc,marking  ] GC(2219) Concurrent Mark From Roots 8.365ms
[33.969s][info   ][gc,marking  ] GC(2219) Concurrent Preclean
[33.969s][info   ][gc,marking  ] GC(2219) Concurrent Preclean 0.133ms
[33.970s][info   ][gc,start    ] GC(2219) Pause Remark
[33.971s][info   ][gc          ] GC(2219) Pause Remark 1207M->1207M(2048M) 0.629ms
[33.971s][info   ][gc,cpu      ] GC(2219) User=0.00s Sys=0.00s Real=0.00s
[33.971s][info   ][gc,marking  ] GC(2219) Concurrent Mark 10.350ms
[33.971s][info   ][gc,marking  ] GC(2219) Concurrent Rebuild Remembered Sets
[33.977s][info   ][gc,marking  ] GC(2219) Concurrent Rebuild Remembered Sets 6.735ms
[33.978s][info   ][gc,start    ] GC(2219) Pause Cleanup
[33.978s][info   ][gc          ] GC(2219) Pause Cleanup 1317M->1317M(2048M) 0.260ms
[33.978s][info   ][gc,cpu      ] GC(2219) User=0.00s Sys=0.00s Real=0.01s
[33.978s][info   ][gc,marking  ] GC(2219) Concurrent Cleanup for Next Mark
[33.993s][info   ][gc,marking  ] GC(2219) Concurrent Cleanup for Next Mark 14.874ms
[33.993s][info   ][gc          ] GC(2219) Concurrent Mark Cycle 33.248ms
[33.995s][info   ][gc,start    ] GC(2220) Pause Young (Concurrent Start) (G1 Humongous Allocation)
[33.995s][info   ][gc,task     ] GC(2220) Using 4 workers of 4 for evacuation
[33.996s][info   ][gc,phases   ] GC(2220)   Pre Evacuate Collection Set: 0.2ms
[33.996s][info   ][gc,phases   ] GC(2220)   Merge Heap Roots: 0.3ms
[33.996s][info   ][gc,phases   ] GC(2220)   Evacuate Collection Set: 0.3ms
[33.996s][info   ][gc,phases   ] GC(2220)   Post Evacuate Collection Set: 0.7ms
[33.996s][info   ][gc,phases   ] GC(2220)   Other: 0.2ms
[33.996s][info   ][gc,heap     ] GC(2220) Eden regions: 0->0(727)
[33.996s][info   ][gc,heap     ] GC(2220) Survivor regions: 0->0(89)
[33.997s][info   ][gc,heap     ] GC(2220) Old regions: 1->1
[33.997s][info   ][gc,heap     ] GC(2220) Archive regions: 2->2
[33.997s][info   ][gc,heap     ] GC(2220) Humongous regions: 1500->1064
[33.997s][info   ][gc,metaspace] GC(2220) Metaspace: 158K(384K)->158K(384K) NonClass: 150K(256K)->150K(256K) Class: 8K(128K)->8K(128K)
[33.997s][info   ][gc          ] GC(2220) Pause Young (Concurrent Start) (G1 Humongous Allocation) 1501M->1065M(2048M) 1.769ms
[33.997s][info   ][gc,cpu      ] GC(2220) User=0.00s Sys=0.00s Real=0.00s
[33.997s][info   ][gc          ] GC(2221) Concurrent Mark Cycle
[33.997s][info   ][gc,marking  ] GC(2221) Concurrent Clear Claimed Marks
[33.997s][info   ][gc,marking  ] GC(2221) Concurrent Clear Claimed Marks 0.009ms
[33.997s][info   ][gc,marking  ] GC(2221) Concurrent Scan Root Regions
[33.997s][info   ][gc,marking  ] GC(2221) Concurrent Scan Root Regions 0.006ms
[33.997s][info   ][gc,marking  ] GC(2221) Concurrent Mark
[33.997s][info   ][gc,marking  ] GC(2221) Concurrent Mark From Roots
[33.997s][info   ][gc,task     ] GC(2221) Using 1 workers of 1 for marking
[34.004s][info   ][gc,marking  ] GC(2221) Concurrent Mark From Roots 7.041ms
[34.004s][info   ][gc,marking  ] GC(2221) Concurrent Preclean
[34.004s][info   ][gc,marking  ] GC(2221) Concurrent Preclean 0.098ms
[34.005s][info   ][gc,start    ] GC(2221) Pause Remark
[34.006s][info   ][gc          ] GC(2221) Pause Remark 1193M->1193M(2048M) 0.756ms
[34.006s][info   ][gc,cpu      ] GC(2221) User=0.00s Sys=0.00s Real=0.00s
[34.006s][info   ][gc,marking  ] GC(2221) Concurrent Mark 9.366ms
[34.006s][info   ][gc,marking  ] GC(2221) Concurrent Rebuild Remembered Sets
[34.015s][info   ][gc,marking  ] GC(2221) Concurrent Rebuild Remembered Sets 8.717ms
[34.016s][info   ][gc,start    ] GC(2221) Pause Cleanup
[34.016s][info   ][gc          ] GC(2221) Pause Cleanup 1351M->1351M(2048M) 0.395ms
[34.016s][info   ][gc,cpu      ] GC(2221) User=0.00s Sys=0.00s Real=0.00s
[34.016s][info   ][gc,marking  ] GC(2221) Concurrent Cleanup for Next Mark
[34.031s][info   ][gc,marking  ] GC(2221) Concurrent Cleanup for Next Mark 14.590ms
[34.031s][info   ][gc          ] GC(2221) Concurrent Mark Cycle 34.488ms
[34.032s][info   ][gc,start    ] GC(2222) Pause Young (Concurrent Start) (G1 Humongous Allocation)
[34.032s][info   ][gc,task     ] GC(2222) Using 4 workers of 4 for evacuation
[34.034s][info   ][gc,phases   ] GC(2222)   Pre Evacuate Collection Set: 0.2ms
[34.034s][info   ][gc,phases   ] GC(2222)   Merge Heap Roots: 0.3ms
[34.034s][info   ][gc,phases   ] GC(2222)   Evacuate Collection Set: 0.2ms
[34.034s][info   ][gc,phases   ] GC(2222)   Post Evacuate Collection Set: 0.6ms
[34.034s][info   ][gc,phases   ] GC(2222)   Other: 0.2ms
[34.034s][info   ][gc,heap     ] GC(2222) Eden regions: 0->0(742)
[34.034s][info   ][gc,heap     ] GC(2222) Survivor regions: 0->0(91)
[34.034s][info   ][gc,heap     ] GC(2222) Old regions: 1->1
[34.034s][info   ][gc,heap     ] GC(2222) Archive regions: 2->2
[34.034s][info   ][gc,heap     ] GC(2222) Humongous regions: 1530->1048
[34.034s][info   ][gc,metaspace] GC(2222) Metaspace: 158K(384K)->158K(384K) NonClass: 150K(256K)->150K(256K) Class: 8K(128K)->8K(128K)
[34.034s][info   ][gc          ] GC(2222) Pause Young (Concurrent Start) (G1 Humongous Allocation) 1531M->1049M(2048M) 1.663ms
[34.034s][info   ][gc,cpu      ] GC(2222) User=0.00s Sys=0.00s Real=0.00s
[34.034s][info   ][gc          ] GC(2223) Concurrent Mark Cycle
[34.034s][info   ][gc,marking  ] GC(2223) Concurrent Clear Claimed Marks
[34.034s][info   ][gc,marking  ] GC(2223) Concurrent Clear Claimed Marks 0.007ms
[34.034s][info   ][gc,marking  ] GC(2223) Concurrent Scan Root Regions
[34.034s][info   ][gc,marking  ] GC(2223) Concurrent Scan Root Regions 0.006ms
[34.034s][info   ][gc,marking  ] GC(2223) Concurrent Mark
[34.034s][info   ][gc,marking  ] GC(2223) Concurrent Mark From Roots
[34.034s][info   ][gc,task     ] GC(2223) Using 1 workers of 1 for marking
[34.041s][info   ][gc,marking  ] GC(2223) Concurrent Mark From Roots 6.282ms
[34.041s][info   ][gc,marking  ] GC(2223) Concurrent Preclean
[34.041s][info   ][gc,marking  ] GC(2223) Concurrent Preclean 0.094ms
[34.041s][info   ][gc,start    ] GC(2223) Pause Remark
[34.042s][info   ][gc          ] GC(2223) Pause Remark 1115M->1115M(2048M) 0.651ms
[34.042s][info   ][gc,cpu      ] GC(2223) User=0.00s Sys=0.00s Real=0.00s
[34.042s][info   ][gc,marking  ] GC(2223) Concurrent Mark 7.775ms
[34.042s][info   ][gc,marking  ] GC(2223) Concurrent Rebuild Remembered Sets
[34.050s][info   ][gc,marking  ] GC(2223) Concurrent Rebuild Remembered Sets 7.751ms
[34.050s][info   ][gc,start    ] GC(2223) Pause Cleanup
[34.051s][info   ][gc          ] GC(2223) Pause Cleanup 1247M->1247M(2048M) 0.471ms
[34.051s][info   ][gc,cpu      ] GC(2223) User=0.01s Sys=0.00s Real=0.00s
[34.051s][info   ][gc,marking  ] GC(2223) Concurrent Cleanup for Next Mark
[34.067s][info   ][gc,marking  ] GC(2223) Concurrent Cleanup for Next Mark 15.920ms
[34.067s][info   ][gc          ] GC(2223) Concurrent Mark Cycle 32.959ms
[34.068s][info   ][gc,start    ] GC(2224) Pause Young (Concurrent Start) (G1 Humongous Allocation)
[34.068s][info   ][gc,task     ] GC(2224) Using 4 workers of 4 for evacuation
[34.070s][info   ][gc,phases   ] GC(2224)   Pre Evacuate Collection Set: 0.3ms
[34.070s][info   ][gc,phases   ] GC(2224)   Merge Heap Roots: 0.5ms
[34.070s][info   ][gc,phases   ] GC(2224)   Evacuate Collection Set: 0.4ms
[34.070s][info   ][gc,phases   ] GC(2224)   Post Evacuate Collection Set: 0.6ms
[34.070s][info   ][gc,phases   ] GC(2224)   Other: 0.2ms
[34.070s][info   ][gc,heap     ] GC(2224) Eden regions: 0->0(777)
[34.070s][info   ][gc,heap     ] GC(2224) Survivor regions: 0->0(93)
[34.070s][info   ][gc,heap     ] GC(2224) Old regions: 1->1
[34.070s][info   ][gc,heap     ] GC(2224) Archive regions: 2->2
[34.070s][info   ][gc,heap     ] GC(2224) Humongous regions: 1450->1010
[34.070s][info   ][gc,metaspace] GC(2224) Metaspace: 158K(384K)->158K(384K) NonClass: 150K(256K)->150K(256K) Class: 8K(128K)->8K(128K)
[34.070s][info   ][gc          ] GC(2224) Pause Young (Concurrent Start) (G1 Humongous Allocation) 1451M->1011M(2048M) 2.026ms
[34.070s][info   ][gc,cpu      ] GC(2224) User=0.00s Sys=0.00s Real=0.01s
[34.070s][info   ][gc          ] GC(2225) Concurrent Mark Cycle
[34.070s][info   ][gc,marking  ] GC(2225) Concurrent Clear Claimed Marks
[34.070s][info   ][gc,marking  ] GC(2225) Concurrent Clear Claimed Marks 0.009ms
[34.070s][info   ][gc,marking  ] GC(2225) Concurrent Scan Root Regions
[34.070s][info   ][gc,marking  ] GC(2225) Concurrent Scan Root Regions 0.006ms
[34.070s][info   ][gc,marking  ] GC(2225) Concurrent Mark
[34.070s][info   ][gc,marking  ] GC(2225) Concurrent Mark From Roots
[34.070s][info   ][gc,task     ] GC(2225) Using 1 workers of 1 for marking
[34.078s][info   ][gc,marking  ] GC(2225) Concurrent Mark From Roots 7.414ms
[34.078s][info   ][gc,marking  ] GC(2225) Concurrent Preclean
[34.078s][info   ][gc,marking  ] GC(2225) Concurrent Preclean 0.085ms
[34.078s][info   ][gc,start    ] GC(2225) Pause Remark
[34.079s][info   ][gc          ] GC(2225) Pause Remark 1137M->1137M(2048M) 0.767ms
[34.079s][info   ][gc,cpu      ] GC(2225) User=0.01s Sys=0.00s Real=0.00s
[34.079s][info   ][gc,marking  ] GC(2225) Concurrent Mark 8.961ms
[34.079s][info   ][gc,marking  ] GC(2225) Concurrent Rebuild Remembered Sets
[34.086s][info   ][gc,marking  ] GC(2225) Concurrent Rebuild Remembered Sets 7.065ms
[34.090s][info   ][gc,start    ] GC(2225) Pause Cleanup
[34.090s][info   ][gc          ] GC(2225) Pause Cleanup 1285M->1285M(2048M) 0.280ms
[34.090s][info   ][gc,cpu      ] GC(2225) User=0.00s Sys=0.00s Real=0.00s
[34.090s][info   ][gc,marking  ] GC(2225) Concurrent Cleanup for Next Mark
[34.105s][info   ][gc,marking  ] GC(2225) Concurrent Cleanup for Next Mark 15.059ms
[34.106s][info   ][gc          ] GC(2225) Concurrent Mark Cycle 35.519ms
[34.106s][info   ][gc,start    ] GC(2226) Pause Young (Concurrent Start) (G1 Humongous Allocation)
[34.106s][info   ][gc,task     ] GC(2226) Using 4 workers of 4 for evacuation
[34.108s][info   ][gc,phases   ] GC(2226)   Pre Evacuate Collection Set: 0.2ms
[34.108s][info   ][gc,phases   ] GC(2226)   Merge Heap Roots: 0.3ms
[34.108s][info   ][gc,phases   ] GC(2226)   Evacuate Collection Set: 0.3ms
[34.108s][info   ][gc,phases   ] GC(2226)   Post Evacuate Collection Set: 0.7ms
[34.108s][info   ][gc,phases   ] GC(2226)   Other: 0.2ms
[34.108s][info   ][gc,heap     ] GC(2226) Eden regions: 0->0(807)
[34.108s][info   ][gc,heap     ] GC(2226) Survivor regions: 0->0(98)
[34.108s][info   ][gc,heap     ] GC(2226) Old regions: 1->1
[34.108s][info   ][gc,heap     ] GC(2226) Archive regions: 2->2
[34.108s][info   ][gc,heap     ] GC(2226) Humongous regions: 1468->978
[34.108s][info   ][gc,metaspace] GC(2226) Metaspace: 158K(384K)->158K(384K) NonClass: 150K(256K)->150K(256K) Class: 8K(128K)->8K(128K)
[34.108s][info   ][gc          ] GC(2226) Pause Young (Concurrent Start) (G1 Humongous Allocation) 1469M->979M(2048M) 1.718ms
[34.108s][info   ][gc,cpu      ] GC(2226) User=0.00s Sys=0.00s Real=0.00s
[34.108s][info   ][gc          ] GC(2227) Concurrent Mark Cycle
[34.108s][info   ][gc,marking  ] GC(2227) Concurrent Clear Claimed Marks
[34.108s][info   ][gc,marking  ] GC(2227) Concurrent Clear Claimed Marks 0.016ms
[34.108s][info   ][gc,marking  ] GC(2227) Concurrent Scan Root Regions
[34.108s][info   ][gc,marking  ] GC(2227) Concurrent Scan Root Regions 0.007ms
[34.108s][info   ][gc,marking  ] GC(2227) Concurrent Mark
[34.108s][info   ][gc,marking  ] GC(2227) Concurrent Mark From Roots
[34.108s][info   ][gc,task     ] GC(2227) Using 1 workers of 1 for marking
[34.117s][info   ][gc,marking  ] GC(2227) Concurrent Mark From Roots 8.722ms
[34.117s][info   ][gc,marking  ] GC(2227) Concurrent Preclean
[34.117s][info   ][gc,marking  ] GC(2227) Concurrent Preclean 0.171ms
[34.118s][info   ][gc,start    ] GC(2227) Pause Remark
[34.119s][info   ][gc          ] GC(2227) Pause Remark 1119M->1119M(2048M) 0.873ms
[34.119s][info   ][gc,cpu      ] GC(2227) User=0.00s Sys=0.00s Real=0.00s
[34.119s][info   ][gc,marking  ] GC(2227) Concurrent Mark 11.204ms
[34.119s][info   ][gc,marking  ] GC(2227) Concurrent Rebuild Remembered Sets
[34.126s][info   ][gc,marking  ] GC(2227) Concurrent Rebuild Remembered Sets 6.366ms
[34.126s][info   ][gc,start    ] GC(2227) Pause Cleanup
[34.127s][info   ][gc          ] GC(2227) Pause Cleanup 1237M->1237M(2048M) 0.189ms
[34.127s][info   ][gc,cpu      ] GC(2227) User=0.00s Sys=0.00s Real=0.00s
[34.127s][info   ][gc,marking  ] GC(2227) Concurrent Cleanup for Next Mark
[34.141s][info   ][gc,marking  ] GC(2227) Concurrent Cleanup for Next Mark 14.769ms
[34.142s][info   ][gc          ] GC(2227) Concurrent Mark Cycle 33.701ms
[34.142s][info   ][gc,start    ] GC(2228) Pause Young (Concurrent Start) (G1 Humongous Allocation)
[34.142s][info   ][gc,task     ] GC(2228) Using 4 workers of 4 for evacuation
[34.144s][info   ][gc,phases   ] GC(2228)   Pre Evacuate Collection Set: 0.2ms
[34.144s][info   ][gc,phases   ] GC(2228)   Merge Heap Roots: 0.2ms
[34.144s][info   ][gc,phases   ] GC(2228)   Evacuate Collection Set: 0.2ms
[34.144s][info   ][gc,phases   ] GC(2228)   Post Evacuate Collection Set: 0.7ms
[34.144s][info   ][gc,phases   ] GC(2228)   Other: 0.2ms
[34.144s][info   ][gc,heap     ] GC(2228) Eden regions: 0->0(869)
[34.144s][info   ][gc,heap     ] GC(2228) Survivor regions: 0->0(101)
[34.144s][info   ][gc,heap     ] GC(2228) Old regions: 1->1
[34.144s][info   ][gc,heap     ] GC(2228) Archive regions: 2->2
[34.144s][info   ][gc,heap     ] GC(2228) Humongous regions: 1414->912
[34.144s][info   ][gc,metaspace] GC(2228) Metaspace: 158K(384K)->158K(384K) NonClass: 150K(256K)->150K(256K) Class: 8K(128K)->8K(128K)
[34.144s][info   ][gc          ] GC(2228) Pause Young (Concurrent Start) (G1 Humongous Allocation) 1415M->913M(2048M) 1.627ms
[34.144s][info   ][gc,cpu      ] GC(2228) User=0.00s Sys=0.00s Real=0.00s
[34.144s][info   ][gc          ] GC(2229) Concurrent Undo Cycle
[34.144s][info   ][gc,marking  ] GC(2229) Concurrent Cleanup for Next Mark
[34.157s][info   ][gc,marking  ] GC(2229) Concurrent Cleanup for Next Mark 13.393ms
[34.157s][info   ][gc          ] GC(2229) Concurrent Undo Cycle 13.534ms
[34.158s][info   ][gc,start    ] GC(2230) Pause Young (Concurrent Start) (G1 Humongous Allocation)
[34.158s][info   ][gc,task     ] GC(2230) Using 4 workers of 4 for evacuation
[34.159s][info   ][gc,phases   ] GC(2230)   Pre Evacuate Collection Set: 0.2ms
[34.159s][info   ][gc,phases   ] GC(2230)   Merge Heap Roots: 0.1ms
[34.159s][info   ][gc,phases   ] GC(2230)   Evacuate Collection Set: 0.2ms
[34.159s][info   ][gc,phases   ] GC(2230)   Post Evacuate Collection Set: 0.4ms
[34.159s][info   ][gc,phases   ] GC(2230)   Other: 0.2ms
[34.159s][info   ][gc,heap     ] GC(2230) Eden regions: 0->0(888)
[34.159s][info   ][gc,heap     ] GC(2230) Survivor regions: 0->0(109)
[34.159s][info   ][gc,heap     ] GC(2230) Old regions: 1->1
[34.159s][info   ][gc,heap     ] GC(2230) Archive regions: 2->2
[34.159s][info   ][gc,heap     ] GC(2230) Humongous regions: 1072->892
[34.159s][info   ][gc,metaspace] GC(2230) Metaspace: 158K(384K)->158K(384K) NonClass: 150K(256K)->150K(256K) Class: 8K(128K)->8K(128K)
[34.159s][info   ][gc          ] GC(2230) Pause Young (Concurrent Start) (G1 Humongous Allocation) 1073M->893M(2048M) 1.200ms
[34.159s][info   ][gc,cpu      ] GC(2230) User=0.00s Sys=0.00s Real=0.01s
[34.159s][info   ][gc          ] GC(2231) Concurrent Undo Cycle
[34.159s][info   ][gc,marking  ] GC(2231) Concurrent Cleanup for Next Mark
[34.170s][info   ][gc,marking  ] GC(2231) Concurrent Cleanup for Next Mark 11.170ms
[34.170s][info   ][gc          ] GC(2231) Concurrent Undo Cycle 11.363ms
[34.171s][info   ][gc,start    ] GC(2232) Pause Young (Concurrent Start) (G1 Humongous Allocation)
[34.171s][info   ][gc,task     ] GC(2232) Using 4 workers of 4 for evacuation
[34.172s][info   ][gc,phases   ] GC(2232)   Pre Evacuate Collection Set: 0.2ms
[34.172s][info   ][gc,phases   ] GC(2232)   Merge Heap Roots: 0.1ms
[34.172s][info   ][gc,phases   ] GC(2232)   Evacuate Collection Set: 0.2ms
[34.172s][info   ][gc,phases   ] GC(2232)   Post Evacuate Collection Set: 0.4ms
[34.172s][info   ][gc,phases   ] GC(2232)   Other: 0.1ms
[34.172s][info   ][gc,heap     ] GC(2232) Eden regions: 0->0(901)
[34.172s][info   ][gc,heap     ] GC(2232) Survivor regions: 0->0(111)
[34.172s][info   ][gc,heap     ] GC(2232) Old regions: 1->1
[34.172s][info   ][gc,heap     ] GC(2232) Archive regions: 2->2
[34.172s][info   ][gc,heap     ] GC(2232) Humongous regions: 1014->878
[34.172s][info   ][gc,metaspace] GC(2232) Metaspace: 158K(384K)->158K(384K) NonClass: 150K(256K)->150K(256K) Class: 8K(128K)->8K(128K)
[34.172s][info   ][gc          ] GC(2232) Pause Young (Concurrent Start) (G1 Humongous Allocation) 1015M->879M(2048M) 1.167ms
[34.172s][info   ][gc,cpu      ] GC(2232) User=0.00s Sys=0.01s Real=0.00s
[34.172s][info   ][gc          ] GC(2233) Concurrent Undo Cycle
[34.172s][info   ][gc,marking  ] GC(2233) Concurrent Cleanup for Next Mark
[34.184s][info   ][gc,marking  ] GC(2233) Concurrent Cleanup for Next Mark 11.680ms
[34.184s][info   ][gc          ] GC(2233) Concurrent Undo Cycle 11.886ms
[34.184s][info   ][gc,start    ] GC(2234) Pause Young (Concurrent Start) (G1 Humongous Allocation)
[34.184s][info   ][gc,task     ] GC(2234) Using 4 workers of 4 for evacuation
[34.186s][info   ][gc,phases   ] GC(2234)   Pre Evacuate Collection Set: 0.3ms
[34.186s][info   ][gc,phases   ] GC(2234)   Merge Heap Roots: 0.1ms
[34.186s][info   ][gc,phases   ] GC(2234)   Evacuate Collection Set: 0.4ms
[34.186s][info   ][gc,phases   ] GC(2234)   Post Evacuate Collection Set: 0.4ms
[34.186s][info   ][gc,phases   ] GC(2234)   Other: 0.2ms
[34.186s][info   ][gc,heap     ] GC(2234) Eden regions: 0->0(897)
[34.186s][info   ][gc,heap     ] GC(2234) Survivor regions: 0->0(113)
[34.186s][info   ][gc,heap     ] GC(2234) Old regions: 1->1
[34.186s][info   ][gc,heap     ] GC(2234) Archive regions: 2->2
[34.186s][info   ][gc,heap     ] GC(2234) Humongous regions: 1000->882
[34.186s][info   ][gc,metaspace] GC(2234) Metaspace: 158K(384K)->158K(384K) NonClass: 150K(256K)->150K(256K) Class: 8K(128K)->8K(128K)
[34.186s][info   ][gc          ] GC(2234) Pause Young (Concurrent Start) (G1 Humongous Allocation) 1001M->883M(2048M) 1.534ms
[34.186s][info   ][gc,cpu      ] GC(2234) User=0.00s Sys=0.00s Real=0.00s
[34.186s][info   ][gc          ] GC(2235) Concurrent Undo Cycle
[34.186s][info   ][gc,marking  ] GC(2235) Concurrent Cleanup for Next Mark
[34.197s][info   ][gc,marking  ] GC(2235) Concurrent Cleanup for Next Mark 11.247ms
[34.197s][info   ][gc          ] GC(2235) Concurrent Undo Cycle 11.333ms
[34.198s][info   ][gc,start    ] GC(2236) Pause Young (Concurrent Start) (G1 Humongous Allocation)
[34.198s][info   ][gc,task     ] GC(2236) Using 4 workers of 4 for evacuation
[34.199s][info   ][gc,phases   ] GC(2236)   Pre Evacuate Collection Set: 0.1ms
[34.199s][info   ][gc,phases   ] GC(2236)   Merge Heap Roots: 0.1ms
[34.199s][info   ][gc,phases   ] GC(2236)   Evacuate Collection Set: 0.2ms
[34.199s][info   ][gc,phases   ] GC(2236)   Post Evacuate Collection Set: 0.4ms
[34.199s][info   ][gc,phases   ] GC(2236)   Other: 0.1ms
[34.199s][info   ][gc,heap     ] GC(2236) Eden regions: 0->0(892)
[34.199s][info   ][gc,heap     ] GC(2236) Survivor regions: 0->0(113)
[34.199s][info   ][gc,heap     ] GC(2236) Old regions: 1->1
[34.199s][info   ][gc,heap     ] GC(2236) Archive regions: 2->2
[34.199s][info   ][gc,heap     ] GC(2236) Humongous regions: 1020->888
[34.199s][info   ][gc,metaspace] GC(2236) Metaspace: 158K(384K)->158K(384K) NonClass: 150K(256K)->150K(256K) Class: 8K(128K)->8K(128K)
[34.199s][info   ][gc          ] GC(2236) Pause Young (Concurrent Start) (G1 Humongous Allocation) 1021M->889M(2048M) 1.029ms
[34.199s][info   ][gc,cpu      ] GC(2236) User=0.00s Sys=0.00s Real=0.00s
[34.199s][info   ][gc          ] GC(2237) Concurrent Undo Cycle
[34.199s][info   ][gc,marking  ] GC(2237) Concurrent Cleanup for Next Mark
[34.208s][info   ][gc,marking  ] GC(2237) Concurrent Cleanup for Next Mark 9.191ms
[34.209s][info   ][gc          ] GC(2237) Concurrent Undo Cycle 9.285ms
[34.209s][info   ][gc,start    ] GC(2238) Pause Young (Concurrent Start) (G1 Humongous Allocation)
[34.209s][info   ][gc,task     ] GC(2238) Using 4 workers of 4 for evacuation
[34.210s][info   ][gc,phases   ] GC(2238)   Pre Evacuate Collection Set: 0.2ms
[34.210s][info   ][gc,phases   ] GC(2238)   Merge Heap Roots: 0.1ms
[34.210s][info   ][gc,phases   ] GC(2238)   Evacuate Collection Set: 0.2ms
[34.210s][info   ][gc,phases   ] GC(2238)   Post Evacuate Collection Set: 0.4ms
[34.210s][info   ][gc,phases   ] GC(2238)   Other: 0.1ms
[34.210s][info   ][gc,heap     ] GC(2238) Eden regions: 0->0(879)
[34.210s][info   ][gc,heap     ] GC(2238) Survivor regions: 0->0(112)
[34.210s][info   ][gc,heap     ] GC(2238) Old regions: 1->1
[34.210s][info   ][gc,heap     ] GC(2238) Archive regions: 2->2
[34.210s][info   ][gc,heap     ] GC(2238) Humongous regions: 978->902
[34.210s][info   ][gc,metaspace] GC(2238) Metaspace: 158K(384K)->158K(384K) NonClass: 150K(256K)->150K(256K) Class: 8K(128K)->8K(128K)
[34.210s][info   ][gc          ] GC(2238) Pause Young (Concurrent Start) (G1 Humongous Allocation) 979M->903M(2048M) 1.070ms
[34.210s][info   ][gc,cpu      ] GC(2238) User=0.00s Sys=0.00s Real=0.00s
[34.210s][info   ][gc          ] GC(2239) Concurrent Undo Cycle
[34.211s][info   ][gc,marking  ] GC(2239) Concurrent Cleanup for Next Mark
[34.224s][info   ][gc,marking  ] GC(2239) Concurrent Cleanup for Next Mark 13.927ms
[34.225s][info   ][gc          ] GC(2239) Concurrent Undo Cycle 14.099ms
[34.225s][info   ][gc,start    ] GC(2240) Pause Young (Concurrent Start) (G1 Humongous Allocation)
[34.225s][info   ][gc,task     ] GC(2240) Using 4 workers of 4 for evacuation
[34.226s][info   ][gc,phases   ] GC(2240)   Pre Evacuate Collection Set: 0.2ms
[34.226s][info   ][gc,phases   ] GC(2240)   Merge Heap Roots: 0.1ms
[34.226s][info   ][gc,phases   ] GC(2240)   Evacuate Collection Set: 0.3ms
[34.226s][info   ][gc,phases   ] GC(2240)   Post Evacuate Collection Set: 0.5ms
[34.226s][info   ][gc,phases   ] GC(2240)   Other: 0.2ms
[34.226s][info   ][gc,heap     ] GC(2240) Eden regions: 0->0(890)
[34.226s][info   ][gc,heap     ] GC(2240) Survivor regions: 0->0(110)
[34.226s][info   ][gc,heap     ] GC(2240) Old regions: 1->1
[34.226s][info   ][gc,heap     ] GC(2240) Archive regions: 2->2
[34.226s][info   ][gc,heap     ] GC(2240) Humongous regions: 1060->890
[34.226s][info   ][gc,metaspace] GC(2240) Metaspace: 158K(384K)->158K(384K) NonClass: 150K(256K)->150K(256K) Class: 8K(128K)->8K(128K)
[34.226s][info   ][gc          ] GC(2240) Pause Young (Concurrent Start) (G1 Humongous Allocation) 1061M->891M(2048M) 1.317ms
[34.226s][info   ][gc,cpu      ] GC(2240) User=0.00s Sys=0.00s Real=0.00s
[34.226s][info   ][gc          ] GC(2241) Concurrent Undo Cycle
[34.226s][info   ][gc,marking  ] GC(2241) Concurrent Cleanup for Next Mark
[34.242s][info   ][gc,marking  ] GC(2241) Concurrent Cleanup for Next Mark 15.044ms
[34.242s][info   ][gc          ] GC(2241) Concurrent Undo Cycle 15.356ms
[34.242s][info   ][gc,start    ] GC(2242) Pause Young (Concurrent Start) (G1 Humongous Allocation)
[34.242s][info   ][gc,task     ] GC(2242) Using 4 workers of 4 for evacuation
[34.243s][info   ][gc,phases   ] GC(2242)   Pre Evacuate Collection Set: 0.2ms
[34.243s][info   ][gc,phases   ] GC(2242)   Merge Heap Roots: 0.1ms
[34.243s][info   ][gc,phases   ] GC(2242)   Evacuate Collection Set: 0.2ms
[34.243s][info   ][gc,phases   ] GC(2242)   Post Evacuate Collection Set: 0.4ms
[34.243s][info   ][gc,phases   ] GC(2242)   Other: 0.1ms
[34.243s][info   ][gc,heap     ] GC(2242) Eden regions: 0->0(882)
[34.243s][info   ][gc,heap     ] GC(2242) Survivor regions: 0->0(112)
[34.243s][info   ][gc,heap     ] GC(2242) Old regions: 1->1
[34.243s][info   ][gc,heap     ] GC(2242) Archive regions: 2->2
[34.243s][info   ][gc,heap     ] GC(2242) Humongous regions: 1068->898
[34.243s][info   ][gc,metaspace] GC(2242) Metaspace: 158K(384K)->158K(384K) NonClass: 150K(256K)->150K(256K) Class: 8K(128K)->8K(128K)
[34.243s][info   ][gc          ] GC(2242) Pause Young (Concurrent Start) (G1 Humongous Allocation) 1069M->899M(2048M) 1.120ms
[34.243s][info   ][gc,cpu      ] GC(2242) User=0.00s Sys=0.00s Real=0.00s
[34.243s][info   ][gc          ] GC(2243) Concurrent Undo Cycle
[34.243s][info   ][gc,marking  ] GC(2243) Concurrent Cleanup for Next Mark
[34.252s][info   ][gc,marking  ] GC(2243) Concurrent Cleanup for Next Mark 8.818ms
[34.252s][info   ][gc          ] GC(2243) Concurrent Undo Cycle 8.893ms
[34.253s][info   ][gc,start    ] GC(2244) Pause Young (Concurrent Start) (G1 Humongous Allocation)
[34.253s][info   ][gc,task     ] GC(2244) Using 4 workers of 4 for evacuation
[34.254s][info   ][gc,phases   ] GC(2244)   Pre Evacuate Collection Set: 0.1ms
[34.254s][info   ][gc,phases   ] GC(2244)   Merge Heap Roots: 0.1ms
[34.254s][info   ][gc,phases   ] GC(2244)   Evacuate Collection Set: 0.2ms
[34.254s][info   ][gc,phases   ] GC(2244)   Post Evacuate Collection Set: 0.3ms
[34.254s][info   ][gc,phases   ] GC(2244)   Other: 0.1ms
[34.254s][info   ][gc,heap     ] GC(2244) Eden regions: 0->0(890)
[34.254s][info   ][gc,heap     ] GC(2244) Survivor regions: 0->0(111)
[34.254s][info   ][gc,heap     ] GC(2244) Old regions: 1->1
[34.254s][info   ][gc,heap     ] GC(2244) Archive regions: 2->2
[34.254s][info   ][gc,heap     ] GC(2244) Humongous regions: 994->890
[34.254s][info   ][gc,metaspace] GC(2244) Metaspace: 158K(384K)->158K(384K) NonClass: 150K(256K)->150K(256K) Class: 8K(128K)->8K(128K)
[34.254s][info   ][gc          ] GC(2244) Pause Young (Concurrent Start) (G1 Humongous Allocation) 995M->891M(2048M) 0.964ms
[34.254s][info   ][gc,cpu      ] GC(2244) User=0.00s Sys=0.00s Real=0.00s
[34.254s][info   ][gc          ] GC(2245) Concurrent Undo Cycle
[34.254s][info   ][gc,marking  ] GC(2245) Concurrent Cleanup for Next Mark
[34.268s][info   ][gc,marking  ] GC(2245) Concurrent Cleanup for Next Mark 14.199ms
[34.269s][info   ][gc          ] GC(2245) Concurrent Undo Cycle 14.392ms
[34.270s][info   ][gc,start    ] GC(2246) Pause Young (Concurrent Start) (G1 Humongous Allocation)
[34.270s][info   ][gc,task     ] GC(2246) Using 4 workers of 4 for evacuation
[34.271s][info   ][gc,phases   ] GC(2246)   Pre Evacuate Collection Set: 0.2ms
[34.271s][info   ][gc,phases   ] GC(2246)   Merge Heap Roots: 0.1ms
[34.271s][info   ][gc,phases   ] GC(2246)   Evacuate Collection Set: 0.4ms
[34.271s][info   ][gc,phases   ] GC(2246)   Post Evacuate Collection Set: 0.4ms
[34.271s][info   ][gc,phases   ] GC(2246)   Other: 0.2ms
[34.271s][info   ][gc,heap     ] GC(2246) Eden regions: 0->0(894)
[34.271s][info   ][gc,heap     ] GC(2246) Survivor regions: 0->0(112)
[34.271s][info   ][gc,heap     ] GC(2246) Old regions: 1->1
[34.271s][info   ][gc,heap     ] GC(2246) Archive regions: 2->2
[34.271s][info   ][gc,heap     ] GC(2246) Humongous regions: 1068->886
[34.271s][info   ][gc,metaspace] GC(2246) Metaspace: 158K(384K)->158K(384K) NonClass: 150K(256K)->150K(256K) Class: 8K(128K)->8K(128K)
[34.271s][info   ][gc          ] GC(2246) Pause Young (Concurrent Start) (G1 Humongous Allocation) 1069M->887M(2048M) 1.454ms
[34.271s][info   ][gc,cpu      ] GC(2246) User=0.00s Sys=0.00s Real=0.00s
[34.271s][info   ][gc          ] GC(2247) Concurrent Undo Cycle
[34.271s][info   ][gc,marking  ] GC(2247) Concurrent Cleanup for Next Mark
[34.284s][info   ][gc,marking  ] GC(2247) Concurrent Cleanup for Next Mark 13.189ms
[34.284s][info   ][gc          ] GC(2247) Concurrent Undo Cycle 13.333ms
[34.285s][info   ][gc,start    ] GC(2248) Pause Young (Concurrent Start) (G1 Humongous Allocation)
[34.285s][info   ][gc,task     ] GC(2248) Using 4 workers of 4 for evacuation
[34.286s][info   ][gc,phases   ] GC(2248)   Pre Evacuate Collection Set: 0.2ms
[34.286s][info   ][gc,phases   ] GC(2248)   Merge Heap Roots: 0.1ms
[34.286s][info   ][gc,phases   ] GC(2248)   Evacuate Collection Set: 0.2ms
[34.286s][info   ][gc,phases   ] GC(2248)   Post Evacuate Collection Set: 0.4ms
[34.286s][info   ][gc,phases   ] GC(2248)   Other: 0.2ms
[34.286s][info   ][gc,heap     ] GC(2248) Eden regions: 0->0(907)
[34.286s][info   ][gc,heap     ] GC(2248) Survivor regions: 0->0(112)
[34.286s][info   ][gc,heap     ] GC(2248) Old regions: 1->1
[34.286s][info   ][gc,heap     ] GC(2248) Archive regions: 2->2
[34.286s][info   ][gc,heap     ] GC(2248) Humongous regions: 1048->872
[34.286s][info   ][gc,metaspace] GC(2248) Metaspace: 158K(384K)->158K(384K) NonClass: 150K(256K)->150K(256K) Class: 8K(128K)->8K(128K)
[34.286s][info   ][gc          ] GC(2248) Pause Young (Concurrent Start) (G1 Humongous Allocation) 1049M->873M(2048M) 1.140ms
[34.286s][info   ][gc,cpu      ] GC(2248) User=0.00s Sys=0.00s Real=0.00s
[34.286s][info   ][gc          ] GC(2249) Concurrent Undo Cycle
[34.286s][info   ][gc,marking  ] GC(2249) Concurrent Cleanup for Next Mark
[34.295s][info   ][gc,marking  ] GC(2249) Concurrent Cleanup for Next Mark 8.355ms
[34.295s][info   ][gc          ] GC(2249) Concurrent Undo Cycle 8.396ms
[34.295s][info   ][gc,start    ] GC(2250) Pause Young (Concurrent Start) (G1 Humongous Allocation)
[34.295s][info   ][gc,task     ] GC(2250) Using 4 workers of 4 for evacuation
[34.296s][info   ][gc,phases   ] GC(2250)   Pre Evacuate Collection Set: 0.2ms
[34.296s][info   ][gc,phases   ] GC(2250)   Merge Heap Roots: 0.1ms
[34.296s][info   ][gc,phases   ] GC(2250)   Evacuate Collection Set: 0.3ms
[34.296s][info   ][gc,phases   ] GC(2250)   Post Evacuate Collection Set: 0.3ms
[34.296s][info   ][gc,phases   ] GC(2250)   Other: 0.1ms
[34.296s][info   ][gc,heap     ] GC(2250) Eden regions: 0->0(922)
[34.296s][info   ][gc,heap     ] GC(2250) Survivor regions: 0->0(114)
[34.296s][info   ][gc,heap     ] GC(2250) Old regions: 1->1
[34.296s][info   ][gc,heap     ] GC(2250) Archive regions: 2->2
[34.296s][info   ][gc,heap     ] GC(2250) Humongous regions: 956->856
[34.296s][info   ][gc,metaspace] GC(2250) Metaspace: 158K(384K)->158K(384K) NonClass: 150K(256K)->150K(256K) Class: 8K(128K)->8K(128K)
[34.296s][info   ][gc          ] GC(2250) Pause Young (Concurrent Start) (G1 Humongous Allocation) 957M->857M(2048M) 1.048ms
[34.296s][info   ][gc,cpu      ] GC(2250) User=0.00s Sys=0.00s Real=0.00s
[34.296s][info   ][gc          ] GC(2251) Concurrent Undo Cycle
[34.296s][info   ][gc,marking  ] GC(2251) Concurrent Cleanup for Next Mark
[34.307s][info   ][gc,marking  ] GC(2251) Concurrent Cleanup for Next Mark 10.229ms
[34.307s][info   ][gc          ] GC(2251) Concurrent Undo Cycle 10.394ms
[34.307s][info   ][gc,start    ] GC(2252) Pause Young (Concurrent Start) (G1 Humongous Allocation)
[34.307s][info   ][gc,task     ] GC(2252) Using 4 workers of 4 for evacuation
[34.308s][info   ][gc,phases   ] GC(2252)   Pre Evacuate Collection Set: 0.3ms
[34.308s][info   ][gc,phases   ] GC(2252)   Merge Heap Roots: 0.1ms
[34.308s][info   ][gc,phases   ] GC(2252)   Evacuate Collection Set: 0.2ms
[34.308s][info   ][gc,phases   ] GC(2252)   Post Evacuate Collection Set: 0.4ms
[34.308s][info   ][gc,phases   ] GC(2252)   Other: 0.1ms
[34.308s][info   ][gc,heap     ] GC(2252) Eden regions: 0->0(920)
[34.308s][info   ][gc,heap     ] GC(2252) Survivor regions: 0->0(116)
[34.308s][info   ][gc,heap     ] GC(2252) Old regions: 1->1
[34.308s][info   ][gc,heap     ] GC(2252) Archive regions: 2->2
[34.308s][info   ][gc,heap     ] GC(2252) Humongous regions: 970->858
[34.308s][info   ][gc,metaspace] GC(2252) Metaspace: 158K(384K)->158K(384K) NonClass: 150K(256K)->150K(256K) Class: 8K(128K)->8K(128K)
[34.308s][info   ][gc          ] GC(2252) Pause Young (Concurrent Start) (G1 Humongous Allocation) 971M->859M(2048M) 1.138ms
[34.308s][info   ][gc,cpu      ] GC(2252) User=0.00s Sys=0.00s Real=0.00s
[34.308s][info   ][gc          ] GC(2253) Concurrent Undo Cycle
[34.308s][info   ][gc,marking  ] GC(2253) Concurrent Cleanup for Next Mark
[34.324s][info   ][gc,marking  ] GC(2253) Concurrent Cleanup for Next Mark 16.026ms
[34.324s][info   ][gc          ] GC(2253) Concurrent Undo Cycle 16.165ms
[34.324s][info   ][gc,start    ] GC(2254) Pause Young (Concurrent Start) (G1 Humongous Allocation)
[34.324s][info   ][gc,task     ] GC(2254) Using 4 workers of 4 for evacuation
[34.325s][info   ][gc,phases   ] GC(2254)   Pre Evacuate Collection Set: 0.1ms
[34.325s][info   ][gc,phases   ] GC(2254)   Merge Heap Roots: 0.1ms
[34.325s][info   ][gc,phases   ] GC(2254)   Evacuate Collection Set: 0.2ms
[34.325s][info   ][gc,phases   ] GC(2254)   Post Evacuate Collection Set: 0.5ms
[34.325s][info   ][gc,phases   ] GC(2254)   Other: 0.1ms
[34.325s][info   ][gc,heap     ] GC(2254) Eden regions: 0->0(920)
[34.326s][info   ][gc,heap     ] GC(2254) Survivor regions: 0->0(115)
[34.326s][info   ][gc,heap     ] GC(2254) Old regions: 1->1
[34.326s][info   ][gc,heap     ] GC(2254) Archive regions: 2->2
[34.326s][info   ][gc,heap     ] GC(2254) Humongous regions: 1066->858
[34.326s][info   ][gc,metaspace] GC(2254) Metaspace: 158K(384K)->158K(384K) NonClass: 150K(256K)->150K(256K) Class: 8K(128K)->8K(128K)
[34.326s][info   ][gc          ] GC(2254) Pause Young (Concurrent Start) (G1 Humongous Allocation) 1067M->859M(2048M) 1.176ms
[34.326s][info   ][gc,cpu      ] GC(2254) User=0.00s Sys=0.01s Real=0.00s
[34.326s][info   ][gc          ] GC(2255) Concurrent Undo Cycle
[34.326s][info   ][gc,marking  ] GC(2255) Concurrent Cleanup for Next Mark
[34.334s][info   ][gc,marking  ] GC(2255) Concurrent Cleanup for Next Mark 8.513ms
[34.334s][info   ][gc          ] GC(2255) Concurrent Undo Cycle 8.892ms
[34.335s][info   ][gc,start    ] GC(2256) Pause Young (Concurrent Start) (G1 Humongous Allocation)
[34.335s][info   ][gc,task     ] GC(2256) Using 4 workers of 4 for evacuation
[34.336s][info   ][gc,phases   ] GC(2256)   Pre Evacuate Collection Set: 0.1ms
[34.336s][info   ][gc,phases   ] GC(2256)   Merge Heap Roots: 0.1ms
[34.336s][info   ][gc,phases   ] GC(2256)   Evacuate Collection Set: 0.4ms
[34.336s][info   ][gc,phases   ] GC(2256)   Post Evacuate Collection Set: 0.3ms
[34.336s][info   ][gc,phases   ] GC(2256)   Other: 0.1ms
[34.336s][info   ][gc,heap     ] GC(2256) Eden regions: 0->0(926)
[34.336s][info   ][gc,heap     ] GC(2256) Survivor regions: 0->0(115)
[34.336s][info   ][gc,heap     ] GC(2256) Old regions: 1->1
[34.336s][info   ][gc,heap     ] GC(2256) Archive regions: 2->2
[34.336s][info   ][gc,heap     ] GC(2256) Humongous regions: 940->852
[34.336s][info   ][gc,metaspace] GC(2256) Metaspace: 158K(384K)->158K(384K) NonClass: 150K(256K)->150K(256K) Class: 8K(128K)->8K(128K)
[34.336s][info   ][gc          ] GC(2256) Pause Young (Concurrent Start) (G1 Humongous Allocation) 941M->853M(2048M) 1.169ms
[34.336s][info   ][gc,cpu      ] GC(2256) User=0.00s Sys=0.00s Real=0.00s
[34.336s][info   ][gc          ] GC(2257) Concurrent Undo Cycle
[34.336s][info   ][gc,marking  ] GC(2257) Concurrent Cleanup for Next Mark
[34.352s][info   ][gc,marking  ] GC(2257) Concurrent Cleanup for Next Mark 15.163ms
[34.352s][info   ][gc          ] GC(2257) Concurrent Undo Cycle 15.331ms
[34.352s][info   ][gc,start    ] GC(2258) Pause Young (Concurrent Start) (G1 Humongous Allocation)
[34.352s][info   ][gc,task     ] GC(2258) Using 4 workers of 4 for evacuation
[34.353s][info   ][gc,phases   ] GC(2258)   Pre Evacuate Collection Set: 0.2ms
[34.353s][info   ][gc,phases   ] GC(2258)   Merge Heap Roots: 0.1ms
[34.353s][info   ][gc,phases   ] GC(2258)   Evacuate Collection Set: 0.2ms
[34.353s][info   ][gc,phases   ] GC(2258)   Post Evacuate Collection Set: 0.4ms
[34.353s][info   ][gc,phases   ] GC(2258)   Other: 0.2ms
[34.353s][info   ][gc,heap     ] GC(2258) Eden regions: 0->0(927)
[34.353s][info   ][gc,heap     ] GC(2258) Survivor regions: 0->0(116)
[34.353s][info   ][gc,heap     ] GC(2258) Old regions: 1->1
[34.353s][info   ][gc,heap     ] GC(2258) Archive regions: 2->2
[34.353s][info   ][gc,heap     ] GC(2258) Humongous regions: 1048->850
[34.353s][info   ][gc,metaspace] GC(2258) Metaspace: 158K(384K)->158K(384K) NonClass: 150K(256K)->150K(256K) Class: 8K(128K)->8K(128K)
[34.353s][info   ][gc          ] GC(2258) Pause Young (Concurrent Start) (G1 Humongous Allocation) 1049M->851M(2048M) 1.260ms
[34.353s][info   ][gc,cpu      ] GC(2258) User=0.00s Sys=0.00s Real=0.00s
[34.353s][info   ][gc          ] GC(2259) Concurrent Undo Cycle
[34.354s][info   ][gc,marking  ] GC(2259) Concurrent Cleanup for Next Mark
[34.365s][info   ][gc,marking  ] GC(2259) Concurrent Cleanup for Next Mark 11.827ms
[34.366s][info   ][gc          ] GC(2259) Concurrent Undo Cycle 12.022ms
[34.367s][info   ][gc,start    ] GC(2260) Pause Young (Concurrent Start) (G1 Humongous Allocation)
[34.367s][info   ][gc,task     ] GC(2260) Using 4 workers of 4 for evacuation
[34.368s][info   ][gc,phases   ] GC(2260)   Pre Evacuate Collection Set: 0.2ms
[34.368s][info   ][gc,phases   ] GC(2260)   Merge Heap Roots: 0.1ms
[34.368s][info   ][gc,phases   ] GC(2260)   Evacuate Collection Set: 0.5ms
[34.368s][info   ][gc,phases   ] GC(2260)   Post Evacuate Collection Set: 0.4ms
[34.368s][info   ][gc,phases   ] GC(2260)   Other: 0.2ms
[34.368s][info   ][gc,heap     ] GC(2260) Eden regions: 0->0(935)
[34.368s][info   ][gc,heap     ] GC(2260) Survivor regions: 0->0(116)
[34.368s][info   ][gc,heap     ] GC(2260) Old regions: 1->1
[34.368s][info   ][gc,heap     ] GC(2260) Archive regions: 2->2
[34.368s][info   ][gc,heap     ] GC(2260) Humongous regions: 978->842
[34.368s][info   ][gc,metaspace] GC(2260) Metaspace: 158K(384K)->158K(384K) NonClass: 150K(256K)->150K(256K) Class: 8K(128K)->8K(128K)
[34.368s][info   ][gc          ] GC(2260) Pause Young (Concurrent Start) (G1 Humongous Allocation) 979M->843M(2048M) 1.444ms
[34.368s][info   ][gc,cpu      ] GC(2260) User=0.01s Sys=0.00s Real=0.00s
[34.368s][info   ][gc          ] GC(2261) Concurrent Undo Cycle
[34.368s][info   ][gc,marking  ] GC(2261) Concurrent Cleanup for Next Mark
[34.376s][info   ][gc,marking  ] GC(2261) Concurrent Cleanup for Next Mark 8.326ms
[34.376s][info   ][gc          ] GC(2261) Concurrent Undo Cycle 8.384ms
[34.377s][info   ][gc,start    ] GC(2262) Pause Young (Concurrent Start) (G1 Humongous Allocation)
[34.377s][info   ][gc,task     ] GC(2262) Using 4 workers of 4 for evacuation
[34.378s][info   ][gc,phases   ] GC(2262)   Pre Evacuate Collection Set: 0.5ms
[34.378s][info   ][gc,phases   ] GC(2262)   Merge Heap Roots: 0.2ms
[34.378s][info   ][gc,phases   ] GC(2262)   Evacuate Collection Set: 0.3ms
[34.378s][info   ][gc,phases   ] GC(2262)   Post Evacuate Collection Set: 0.4ms
[34.378s][info   ][gc,phases   ] GC(2262)   Other: 0.2ms
[34.378s][info   ][gc,heap     ] GC(2262) Eden regions: 0->0(941)
[34.378s][info   ][gc,heap     ] GC(2262) Survivor regions: 0->0(117)
[34.378s][info   ][gc,heap     ] GC(2262) Old regions: 1->1
[34.378s][info   ][gc,heap     ] GC(2262) Archive regions: 2->2
[34.378s][info   ][gc,heap     ] GC(2262) Humongous regions: 934->836
[34.378s][info   ][gc,metaspace] GC(2262) Metaspace: 158K(384K)->158K(384K) NonClass: 150K(256K)->150K(256K) Class: 8K(128K)->8K(128K)
[34.378s][info   ][gc          ] GC(2262) Pause Young (Concurrent Start) (G1 Humongous Allocation) 935M->837M(2048M) 1.659ms
[34.378s][info   ][gc,cpu      ] GC(2262) User=0.00s Sys=0.00s Real=0.01s
[34.378s][info   ][gc          ] GC(2263) Concurrent Undo Cycle
[34.378s][info   ][gc,marking  ] GC(2263) Concurrent Cleanup for Next Mark
[34.393s][info   ][gc,marking  ] GC(2263) Concurrent Cleanup for Next Mark 15.010ms
[34.394s][info   ][gc          ] GC(2263) Concurrent Undo Cycle 15.181ms
[34.394s][info   ][gc,start    ] GC(2264) Pause Young (Concurrent Start) (G1 Humongous Allocation)
[34.394s][info   ][gc,task     ] GC(2264) Using 4 workers of 4 for evacuation
[34.395s][info   ][gc,phases   ] GC(2264)   Pre Evacuate Collection Set: 0.2ms
[34.395s][info   ][gc,phases   ] GC(2264)   Merge Heap Roots: 0.1ms
[34.395s][info   ][gc,phases   ] GC(2264)   Evacuate Collection Set: 0.2ms
[34.395s][info   ][gc,phases   ] GC(2264)   Post Evacuate Collection Set: 0.8ms
[34.395s][info   ][gc,phases   ] GC(2264)   Other: 0.2ms
[34.395s][info   ][gc,heap     ] GC(2264) Eden regions: 0->0(912)
[34.395s][info   ][gc,heap     ] GC(2264) Survivor regions: 0->0(118)
[34.395s][info   ][gc,heap     ] GC(2264) Old regions: 1->1
[34.395s][info   ][gc,heap     ] GC(2264) Archive regions: 2->2
[34.395s][info   ][gc,heap     ] GC(2264) Humongous regions: 1030->866
[34.395s][info   ][gc,metaspace] GC(2264) Metaspace: 158K(384K)->158K(384K) NonClass: 150K(256K)->150K(256K) Class: 8K(128K)->8K(128K)
[34.395s][info   ][gc          ] GC(2264) Pause Young (Concurrent Start) (G1 Humongous Allocation) 1031M->867M(2048M) 1.546ms
[34.395s][info   ][gc,cpu      ] GC(2264) User=0.01s Sys=0.01s Real=0.00s
[34.395s][info   ][gc          ] GC(2265) Concurrent Undo Cycle
[34.395s][info   ][gc,marking  ] GC(2265) Concurrent Cleanup for Next Mark
[34.405s][info   ][gc,marking  ] GC(2265) Concurrent Cleanup for Next Mark 9.340ms
[34.405s][info   ][gc          ] GC(2265) Concurrent Undo Cycle 9.466ms
[34.405s][info   ][gc,start    ] GC(2266) Pause Young (Concurrent Start) (G1 Humongous Allocation)
[34.405s][info   ][gc,task     ] GC(2266) Using 4 workers of 4 for evacuation
[34.406s][info   ][gc,phases   ] GC(2266)   Pre Evacuate Collection Set: 0.1ms
[34.406s][info   ][gc,phases   ] GC(2266)   Merge Heap Roots: 0.1ms
[34.406s][info   ][gc,phases   ] GC(2266)   Evacuate Collection Set: 0.2ms
[34.406s][info   ][gc,phases   ] GC(2266)   Post Evacuate Collection Set: 0.3ms
[34.406s][info   ][gc,phases   ] GC(2266)   Other: 0.1ms
[34.406s][info   ][gc,heap     ] GC(2266) Eden regions: 0->0(903)
[34.406s][info   ][gc,heap     ] GC(2266) Survivor regions: 0->0(114)
[34.406s][info   ][gc,heap     ] GC(2266) Old regions: 1->1
[34.406s][info   ][gc,heap     ] GC(2266) Archive regions: 2->2
[34.406s][info   ][gc,heap     ] GC(2266) Humongous regions: 964->876
[34.406s][info   ][gc,metaspace] GC(2266) Metaspace: 158K(384K)->158K(384K) NonClass: 150K(256K)->150K(256K) Class: 8K(128K)->8K(128K)
[34.406s][info   ][gc          ] GC(2266) Pause Young (Concurrent Start) (G1 Humongous Allocation) 965M->877M(2048M) 1.017ms
[34.406s][info   ][gc,cpu      ] GC(2266) User=0.00s Sys=0.00s Real=0.00s
[34.406s][info   ][gc          ] GC(2267) Concurrent Undo Cycle
[34.406s][info   ][gc,marking  ] GC(2267) Concurrent Cleanup for Next Mark
[34.410s][info   ][gc,marking  ] GC(2267) Concurrent Cleanup for Next Mark 3.558ms
[34.410s][info   ][gc          ] GC(2267) Concurrent Undo Cycle 3.600ms
[34.416s][info   ][gc,start    ] GC(2268) Pause Young (Concurrent Start) (G1 Humongous Allocation)
[34.416s][info   ][gc,task     ] GC(2268) Using 4 workers of 4 for evacuation
[34.417s][info   ][gc,phases   ] GC(2268)   Pre Evacuate Collection Set: 0.1ms
[34.417s][info   ][gc,phases   ] GC(2268)   Merge Heap Roots: 0.1ms
[34.417s][info   ][gc,phases   ] GC(2268)   Evacuate Collection Set: 0.2ms
[34.417s][info   ][gc,phases   ] GC(2268)   Post Evacuate Collection Set: 0.3ms
[34.417s][info   ][gc,phases   ] GC(2268)   Other: 0.1ms
[34.417s][info   ][gc,heap     ] GC(2268) Eden regions: 0->0(911)
[34.417s][info   ][gc,heap     ] GC(2268) Survivor regions: 0->0(113)
[34.417s][info   ][gc,heap     ] GC(2268) Old regions: 1->1
[34.417s][info   ][gc,heap     ] GC(2268) Archive regions: 2->2
[34.417s][info   ][gc,heap     ] GC(2268) Humongous regions: 918->868
[34.417s][info   ][gc,metaspace] GC(2268) Metaspace: 158K(384K)->158K(384K) NonClass: 150K(256K)->150K(256K) Class: 8K(128K)->8K(128K)
[34.417s][info   ][gc          ] GC(2268) Pause Young (Concurrent Start) (G1 Humongous Allocation) 919M->869M(2048M) 0.978ms
[34.417s][info   ][gc,cpu      ] GC(2268) User=0.00s Sys=0.00s Real=0.00s
[34.417s][info   ][gc          ] GC(2269) Concurrent Undo Cycle
[34.417s][info   ][gc,marking  ] GC(2269) Concurrent Cleanup for Next Mark
[34.427s][info   ][gc,marking  ] GC(2269) Concurrent Cleanup for Next Mark 9.855ms
[34.427s][info   ][gc          ] GC(2269) Concurrent Undo Cycle 10.009ms
[34.428s][info   ][gc,start    ] GC(2270) Pause Young (Concurrent Start) (G1 Humongous Allocation)
[34.428s][info   ][gc,task     ] GC(2270) Using 4 workers of 4 for evacuation
[34.428s][info   ][gc,phases   ] GC(2270)   Pre Evacuate Collection Set: 0.1ms
[34.428s][info   ][gc,phases   ] GC(2270)   Merge Heap Roots: 0.1ms
[34.428s][info   ][gc,phases   ] GC(2270)   Evacuate Collection Set: 0.2ms
[34.428s][info   ][gc,phases   ] GC(2270)   Post Evacuate Collection Set: 0.3ms
[34.428s][info   ][gc,phases   ] GC(2270)   Other: 0.1ms
[34.428s][info   ][gc,heap     ] GC(2270) Eden regions: 0->0(882)
[34.428s][info   ][gc,heap     ] GC(2270) Survivor regions: 0->0(114)
[34.428s][info   ][gc,heap     ] GC(2270) Old regions: 1->1
[34.428s][info   ][gc,heap     ] GC(2270) Archive regions: 2->2
[34.428s][info   ][gc,heap     ] GC(2270) Humongous regions: 976->898
[34.428s][info   ][gc,metaspace] GC(2270) Metaspace: 158K(384K)->158K(384K) NonClass: 150K(256K)->150K(256K) Class: 8K(128K)->8K(128K)
[34.428s][info   ][gc          ] GC(2270) Pause Young (Concurrent Start) (G1 Humongous Allocation) 977M->899M(2048M) 0.941ms
[34.428s][info   ][gc,cpu      ] GC(2270) User=0.00s Sys=0.00s Real=0.01s
[34.429s][info   ][gc          ] GC(2271) Concurrent Undo Cycle
[34.429s][info   ][gc,marking  ] GC(2271) Concurrent Cleanup for Next Mark
[34.436s][info   ][gc,marking  ] GC(2271) Concurrent Cleanup for Next Mark 7.087ms
[34.436s][info   ][gc          ] GC(2271) Concurrent Undo Cycle 7.149ms
[34.441s][info   ][gc,start    ] GC(2272) Pause Young (Concurrent Start) (G1 Humongous Allocation)
[34.441s][info   ][gc,task     ] GC(2272) Using 4 workers of 4 for evacuation
[34.442s][info   ][gc,phases   ] GC(2272)   Pre Evacuate Collection Set: 0.3ms
[34.442s][info   ][gc,phases   ] GC(2272)   Merge Heap Roots: 0.1ms
[34.442s][info   ][gc,phases   ] GC(2272)   Evacuate Collection Set: 0.4ms
[34.442s][info   ][gc,phases   ] GC(2272)   Post Evacuate Collection Set: 0.3ms
[34.442s][info   ][gc,phases   ] GC(2272)   Other: 0.2ms
[34.442s][info   ][gc,heap     ] GC(2272) Eden regions: 0->0(899)
[34.442s][info   ][gc,heap     ] GC(2272) Survivor regions: 0->0(111)
[34.442s][info   ][gc,heap     ] GC(2272) Old regions: 1->1
[34.442s][info   ][gc,heap     ] GC(2272) Archive regions: 2->2
[34.442s][info   ][gc,heap     ] GC(2272) Humongous regions: 952->880
[34.442s][info   ][gc,metaspace] GC(2272) Metaspace: 158K(384K)->158K(384K) NonClass: 150K(256K)->150K(256K) Class: 8K(128K)->8K(128K)
[34.442s][info   ][gc          ] GC(2272) Pause Young (Concurrent Start) (G1 Humongous Allocation) 953M->881M(2048M) 1.356ms
[34.442s][info   ][gc,cpu      ] GC(2272) User=0.00s Sys=0.01s Real=0.00s
[34.442s][info   ][gc          ] GC(2273) Concurrent Undo Cycle
[34.442s][info   ][gc,marking  ] GC(2273) Concurrent Cleanup for Next Mark
