[0.001s][warning][gc] -XX:+PrintGCDetails is deprecated. Will use -Xlog:gc* instead.
[0.003s][info   ][gc] Using Parallel
[0.008s][info   ][gc,init] Version: 17.0.12+7 (release)
[0.008s][info   ][gc,init] CPUs: 4 total, 4 available
[0.008s][info   ][gc,init] Memory: 3868M
[0.008s][info   ][gc,init] Large Page Support: Disabled
[0.008s][info   ][gc,init] NUMA Support: Disabled
[0.008s][info   ][gc,init] Compressed Oops: Enabled (32-bit)
[0.008s][info   ][gc,init] Alignments: Space 512K, Generation 512K, Heap 2M
[0.008s][info   ][gc,init] Heap Min Capacity: 2G
[0.008s][info   ][gc,init] Heap Initial Capacity: 2G
[0.008s][info   ][gc,init] Heap Max Capacity: 2G
[0.008s][info   ][gc,init] Pre-touch: Disabled
[0.008s][info   ][gc,init] Parallel Workers: 4
[0.017s][info   ][gc,metaspace] CDS archive(s) mapped at: [0x0000738177000000-0x0000738177bc7000-0x0000738177bc7000), size 12349440, SharedBaseAddress: 0x0000738177000000, ArchiveRelocationMode: 1.
[0.017s][info   ][gc,metaspace] Compressed class space mapped at: 0x0000738178000000-0x00007381b8000000, reserved size: 1073741824
[0.017s][info   ][gc,metaspace] Narrow klass base: 0x0000738177000000, Narrow klass shift: 0, Narrow klass range: 0x100000000
[0.178s][info   ][gc,start    ] GC(0) Pause Young (Allocation Failure)
[0.189s][info   ][gc,heap     ] GC(0) PSYoungGen: 524038K(611840K)->41600K(611840K) Eden: 524038K(524800K)->0K(524800K) From: 0K(87040K)->41600K(87040K)
[0.189s][info   ][gc,heap     ] GC(0) ParOldGen: 0K(1398272K)->8K(1398272K)
[0.189s][info   ][gc,metaspace] GC(0) Metaspace: 211K(448K)->211K(448K) NonClass: 202K(320K)->202K(320K) Class: 9K(128K)->9K(128K)
[0.189s][info   ][gc          ] GC(0) Pause Young (Allocation Failure) 511M->40M(1963M) 11.297ms
[0.189s][info   ][gc,cpu      ] GC(0) User=0.01s Sys=0.03s Real=0.01s
[0.262s][info   ][gc,start    ] GC(1) Pause Young (Allocation Failure)
[0.282s][info   ][gc,heap     ] GC(1) PSYoungGen: 565809K(611840K)->47728K(611840K) Eden: 524208K(524800K)->0K(524800K) From: 41600K(87040K)->47728K(87040K)
[0.282s][info   ][gc,heap     ] GC(1) ParOldGen: 8K(1398272K)->8K(1398272K)
[0.282s][info   ][gc,metaspace] GC(1) Metaspace: 211K(448K)->211K(448K) NonClass: 202K(320K)->202K(320K) Class: 9K(128K)->9K(128K)
[0.282s][info   ][gc          ] GC(1) Pause Young (Allocation Failure) 552M->46M(1963M) 20.027ms
[0.282s][info   ][gc,cpu      ] GC(1) User=0.03s Sys=0.03s Real=0.02s
[0.356s][info   ][gc,start    ] GC(2) Pause Young (Allocation Failure)
[0.369s][info   ][gc,heap     ] GC(2) PSYoungGen: 572053K(611840K)->54880K(611840K) Eden: 524324K(524800K)->0K(524800K) From: 47728K(87040K)->54880K(87040K)
[0.369s][info   ][gc,heap     ] GC(2) ParOldGen: 8K(1398272K)->8K(1398272K)
[0.369s][info   ][gc,metaspace] GC(2) Metaspace: 211K(448K)->211K(448K) NonClass: 202K(320K)->202K(320K) Class: 9K(128K)->9K(128K)
[0.369s][info   ][gc          ] GC(2) Pause Young (Allocation Failure) 558M->53M(1963M) 12.654ms
[0.369s][info   ][gc,cpu      ] GC(2) User=0.03s Sys=0.00s Real=0.01s
[0.433s][info   ][gc,start    ] GC(3) Pause Young (Allocation Failure)
[0.446s][info   ][gc,heap     ] GC(3) PSYoungGen: 579536K(611840K)->66161K(611840K) Eden: 524655K(524800K)->0K(524800K) From: 54880K(87040K)->66161K(87040K)
[0.446s][info   ][gc,heap     ] GC(3) ParOldGen: 8K(1398272K)->8K(1398272K)
[0.446s][info   ][gc,metaspace] GC(3) Metaspace: 211K(448K)->211K(448K) NonClass: 202K(320K)->202K(320K) Class: 9K(128K)->9K(128K)
[0.446s][info   ][gc          ] GC(3) Pause Young (Allocation Failure) 565M->64M(1963M) 12.752ms
[0.446s][info   ][gc,cpu      ] GC(3) User=0.04s Sys=0.01s Real=0.01s
[0.512s][info   ][gc,start    ] GC(4) Pause Young (Allocation Failure)
[0.518s][info   ][gc,heap     ] GC(4) PSYoungGen: 590393K(611840K)->28304K(611840K) Eden: 524232K(524800K)->0K(524800K) From: 66161K(87040K)->28304K(87040K)
[0.518s][info   ][gc,heap     ] GC(4) ParOldGen: 8K(1398272K)->8K(1398272K)
[0.518s][info   ][gc,metaspace] GC(4) Metaspace: 211K(448K)->211K(448K) NonClass: 202K(320K)->202K(320K) Class: 9K(128K)->9K(128K)
[0.518s][info   ][gc          ] GC(4) Pause Young (Allocation Failure) 576M->27M(1963M) 5.613ms
[0.518s][info   ][gc,cpu      ] GC(4) User=0.02s Sys=0.00s Real=0.01s
[0.583s][info   ][gc,start    ] GC(5) Pause Young (Allocation Failure)
[0.593s][info   ][gc,heap     ] GC(5) PSYoungGen: 552213K(611840K)->55952K(624128K) Eden: 523908K(524800K)->0K(550400K) From: 28304K(87040K)->55952K(73728K)
[0.593s][info   ][gc,heap     ] GC(5) ParOldGen: 8K(1398272K)->8K(1398272K)
[0.593s][info   ][gc,metaspace] GC(5) Metaspace: 211K(448K)->211K(448K) NonClass: 202K(320K)->202K(320K) Class: 9K(128K)->9K(128K)
[0.593s][info   ][gc          ] GC(5) Pause Young (Allocation Failure) 539M->54M(1975M) 9.980ms
[0.593s][info   ][gc,cpu      ] GC(5) User=0.03s Sys=0.01s Real=0.01s
[0.663s][info   ][gc,start    ] GC(6) Pause Young (Allocation Failure)
[0.666s][info   ][gc,heap     ] GC(6) PSYoungGen: 605898K(624128K)->19520K(570368K) Eden: 549945K(550400K)->0K(550400K) From: 55952K(73728K)->19520K(19968K)
[0.666s][info   ][gc,heap     ] GC(6) ParOldGen: 8K(1398272K)->576K(1398272K)
[0.666s][info   ][gc,metaspace] GC(6) Metaspace: 211K(448K)->211K(448K) NonClass: 202K(320K)->202K(320K) Class: 9K(128K)->9K(128K)
[0.666s][info   ][gc          ] GC(6) Pause Young (Allocation Failure) 591M->19M(1922M) 3.352ms
[0.666s][info   ][gc,cpu      ] GC(6) User=0.01s Sys=0.00s Real=0.01s
[0.734s][info   ][gc,start    ] GC(7) Pause Young (Allocation Failure)
[0.735s][info   ][gc,heap     ] GC(7) PSYoungGen: 568913K(570368K)->8192K(615424K) Eden: 549393K(550400K)->0K(538112K) From: 19520K(19968K)->8192K(77312K)
[0.735s][info   ][gc,heap     ] GC(7) ParOldGen: 576K(1398272K)->592K(1398272K)
[0.735s][info   ][gc,metaspace] GC(7) Metaspace: 211K(448K)->211K(448K) NonClass: 202K(320K)->202K(320K) Class: 9K(128K)->9K(128K)
[0.735s][info   ][gc          ] GC(7) Pause Young (Allocation Failure) 556M->8M(1966M) 1.593ms
[0.735s][info   ][gc,cpu      ] GC(7) User=0.00s Sys=0.00s Real=0.00s
[0.805s][info   ][gc,start    ] GC(8) Pause Young (Allocation Failure)
[0.807s][info   ][gc,heap     ] GC(8) PSYoungGen: 546030K(615424K)->9216K(547840K) Eden: 537838K(538112K)->0K(538112K) From: 8192K(77312K)->9216K(9728K)
[0.807s][info   ][gc,heap     ] GC(8) ParOldGen: 592K(1398272K)->592K(1398272K)
[0.807s][info   ][gc,metaspace] GC(8) Metaspace: 211K(448K)->211K(448K) NonClass: 202K(320K)->202K(320K) Class: 9K(128K)->9K(128K)
[0.807s][info   ][gc          ] GC(8) Pause Young (Allocation Failure) 533M->9M(1900M) 2.138ms
[0.807s][info   ][gc,cpu      ] GC(8) User=0.00s Sys=0.00s Real=0.01s
[0.875s][info   ][gc,start    ] GC(9) Pause Young (Allocation Failure)
[0.883s][info   ][gc,heap     ] GC(9) PSYoungGen: 546409K(547840K)->48128K(617472K) Eden: 537193K(538112K)->0K(535552K) From: 9216K(9728K)->48128K(81920K)
[0.883s][info   ][gc,heap     ] GC(9) ParOldGen: 592K(1398272K)->592K(1398272K)
[0.883s][info   ][gc,metaspace] GC(9) Metaspace: 211K(448K)->211K(448K) NonClass: 202K(320K)->202K(320K) Class: 9K(128K)->9K(128K)
[0.883s][info   ][gc          ] GC(9) Pause Young (Allocation Failure) 534M->47M(1968M) 7.547ms
[0.883s][info   ][gc,cpu      ] GC(9) User=0.03s Sys=0.00s Real=0.01s
[0.949s][info   ][gc,start    ] GC(10) Pause Young (Allocation Failure)
[0.960s][info   ][gc,heap     ] GC(10) PSYoungGen: 582805K(617472K)->55328K(591360K) Eden: 534676K(535552K)->0K(535552K) From: 48128K(81920K)->55328K(55808K)
[0.960s][info   ][gc,heap     ] GC(10) ParOldGen: 592K(1398272K)->592K(1398272K)
[0.960s][info   ][gc,metaspace] GC(10) Metaspace: 211K(448K)->211K(448K) NonClass: 202K(320K)->202K(320K) Class: 9K(128K)->9K(128K)
[0.960s][info   ][gc          ] GC(10) Pause Young (Allocation Failure) 569M->54M(1943M) 10.990ms
[0.960s][info   ][gc,cpu      ] GC(10) User=0.02s Sys=0.01s Real=0.01s
[1.029s][info   ][gc,start    ] GC(11) Pause Young (Allocation Failure)
[1.041s][info   ][gc,heap     ] GC(11) PSYoungGen: 590763K(591360K)->72705K(599040K) Eden: 535435K(535552K)->0K(515584K) From: 55328K(55808K)->72705K(83456K)
[1.041s][info   ][gc,heap     ] GC(11) ParOldGen: 592K(1398272K)->608K(1398272K)
[1.041s][info   ][gc,metaspace] GC(11) Metaspace: 211K(448K)->211K(448K) NonClass: 202K(320K)->202K(320K) Class: 9K(128K)->9K(128K)
[1.042s][info   ][gc          ] GC(11) Pause Young (Allocation Failure) 577M->71M(1950M) 12.730ms
[1.042s][info   ][gc,cpu      ] GC(11) User=0.04s Sys=0.01s Real=0.01s
[1.104s][info   ][gc,start    ] GC(12) Pause Young (Allocation Failure)
[1.120s][info   ][gc,heap     ] GC(12) PSYoungGen: 588104K(599040K)->91137K(607232K) Eden: 515399K(515584K)->0K(515584K) From: 72705K(83456K)->91137K(91648K)
[1.120s][info   ][gc,heap     ] GC(12) ParOldGen: 608K(1398272K)->5728K(1398272K)
[1.120s][info   ][gc,metaspace] GC(12) Metaspace: 211K(448K)->211K(448K) NonClass: 202K(320K)->202K(320K) Class: 9K(128K)->9K(128K)
[1.120s][info   ][gc          ] GC(12) Pause Young (Allocation Failure) 574M->94M(1958M) 16.535ms
[1.120s][info   ][gc,cpu      ] GC(12) User=0.04s Sys=0.02s Real=0.02s
[1.182s][info   ][gc,start    ] GC(13) Pause Young (Allocation Failure)
[1.229s][info   ][gc,heap     ] GC(13) PSYoungGen: 606433K(607232K)->91169K(561152K) Eden: 515296K(515584K)->0K(469504K) From: 91137K(91648K)->91169K(91648K)
[1.229s][info   ][gc,heap     ] GC(13) ParOldGen: 5728K(1398272K)->139874K(1398272K)
[1.229s][info   ][gc,metaspace] GC(13) Metaspace: 211K(448K)->211K(448K) NonClass: 202K(320K)->202K(320K) Class: 9K(128K)->9K(128K)
[1.229s][info   ][gc          ] GC(13) Pause Young (Allocation Failure) 597M->225M(1913M) 47.212ms
[1.229s][info   ][gc,cpu      ] GC(13) User=0.07s Sys=0.12s Real=0.05s
[1.286s][info   ][gc,start    ] GC(14) Pause Young (Allocation Failure)
[1.308s][info   ][gc,heap     ] GC(14) PSYoungGen: 560413K(561152K)->93185K(563200K) Eden: 469244K(469504K)->0K(469504K) From: 91169K(91648K)->93185K(93696K)
[1.308s][info   ][gc,heap     ] GC(14) ParOldGen: 139874K(1398272K)->189034K(1398272K)
[1.308s][info   ][gc,metaspace] GC(14) Metaspace: 211K(448K)->211K(448K) NonClass: 202K(320K)->202K(320K) Class: 9K(128K)->9K(128K)
[1.308s][info   ][gc          ] GC(14) Pause Young (Allocation Failure) 683M->275M(1915M) 22.710ms
[1.308s][info   ][gc,cpu      ] GC(14) User=0.05s Sys=0.04s Real=0.03s
[1.364s][info   ][gc,start    ] GC(15) Pause Young (Allocation Failure)
[1.374s][info   ][gc,heap     ] GC(15) PSYoungGen: 562395K(563200K)->61440K(580096K) Eden: 469210K(469504K)->0K(456192K) From: 93185K(93696K)->61440K(123904K)
[1.374s][info   ][gc,heap     ] GC(15) ParOldGen: 189034K(1398272K)->189034K(1398272K)
[1.374s][info   ][gc,metaspace] GC(15) Metaspace: 211K(448K)->211K(448K) NonClass: 202K(320K)->202K(320K) Class: 9K(128K)->9K(128K)
[1.374s][info   ][gc          ] GC(15) Pause Young (Allocation Failure) 733M->244M(1932M) 10.185ms
[1.374s][info   ][gc,cpu      ] GC(15) User=0.03s Sys=0.00s Real=0.01s
[1.427s][info   ][gc,start    ] GC(16) Pause Young (Allocation Failure)
[1.434s][info   ][gc,heap     ] GC(16) PSYoungGen: 517050K(580096K)->36864K(574976K) Eden: 455609K(456192K)->0K(456192K) From: 61440K(123904K)->36864K(118784K)
[1.434s][info   ][gc,heap     ] GC(16) ParOldGen: 189034K(1398272K)->189034K(1398272K)
[1.434s][info   ][gc,metaspace] GC(16) Metaspace: 211K(448K)->211K(448K) NonClass: 202K(320K)->202K(320K) Class: 9K(128K)->9K(128K)
[1.434s][info   ][gc          ] GC(16) Pause Young (Allocation Failure) 689M->220M(1927M) 6.611ms
[1.434s][info   ][gc,cpu      ] GC(16) User=0.02s Sys=0.00s Real=0.00s
[1.487s][info   ][gc,start    ] GC(17) Pause Young (Allocation Failure)
[1.494s][info   ][gc,heap     ] GC(17) PSYoungGen: 492462K(574976K)->43008K(586752K) Eden: 455597K(456192K)->0K(470528K) From: 36864K(118784K)->43008K(116224K)
[1.494s][info   ][gc,heap     ] GC(17) ParOldGen: 189034K(1398272K)->189034K(1398272K)
[1.494s][info   ][gc,metaspace] GC(17) Metaspace: 211K(448K)->211K(448K) NonClass: 202K(320K)->202K(320K) Class: 9K(128K)->9K(128K)
[1.495s][info   ][gc          ] GC(17) Pause Young (Allocation Failure) 665M->226M(1938M) 7.612ms
[1.495s][info   ][gc,cpu      ] GC(17) User=0.03s Sys=0.01s Real=0.00s
[1.550s][info   ][gc,start    ] GC(18) Pause Young (Allocation Failure)
[1.566s][info   ][gc,heap     ] GC(18) PSYoungGen: 513221K(586752K)->99329K(570368K) Eden: 470212K(470528K)->0K(470528K) From: 43008K(116224K)->99329K(99840K)
[1.566s][info   ][gc,heap     ] GC(18) ParOldGen: 189034K(1398272K)->189034K(1398272K)
[1.566s][info   ][gc,metaspace] GC(18) Metaspace: 211K(448K)->211K(448K) NonClass: 202K(320K)->202K(320K) Class: 9K(128K)->9K(128K)
[1.566s][info   ][gc          ] GC(18) Pause Young (Allocation Failure) 685M->281M(1922M) 15.653ms
[1.566s][info   ][gc,cpu      ] GC(18) User=0.06s Sys=0.00s Real=0.01s
[1.622s][info   ][gc,start    ] GC(19) Pause Young (Allocation Failure)
[1.655s][info   ][gc,heap     ] GC(19) PSYoungGen: 569528K(570368K)->121857K(541184K) Eden: 470198K(470528K)->0K(418304K) From: 99329K(99840K)->121857K(122880K)
[1.655s][info   ][gc,heap     ] GC(19) ParOldGen: 189034K(1398272K)->249451K(1398272K)
[1.655s][info   ][gc,metaspace] GC(19) Metaspace: 211K(448K)->211K(448K) NonClass: 202K(320K)->202K(320K) Class: 9K(128K)->9K(128K)
[1.655s][info   ][gc          ] GC(19) Pause Young (Allocation Failure) 740M->362M(1894M) 32.905ms
[1.655s][info   ][gc,cpu      ] GC(19) User=0.08s Sys=0.04s Real=0.03s
[1.705s][info   ][gc,start    ] GC(20) Pause Young (Allocation Failure)
[1.738s][info   ][gc,heap     ] GC(20) PSYoungGen: 540161K(541184K)->139266K(558080K) Eden: 418304K(418304K)->0K(418304K) From: 121857K(122880K)->139266K(139776K)
[1.738s][info   ][gc,heap     ] GC(20) ParOldGen: 249451K(1398272K)->308844K(1398272K)
[1.738s][info   ][gc,metaspace] GC(20) Metaspace: 211K(448K)->211K(448K) NonClass: 202K(320K)->202K(320K) Class: 9K(128K)->9K(128K)
[1.738s][info   ][gc          ] GC(20) Pause Young (Allocation Failure) 771M->437M(1910M) 33.477ms
[1.738s][info   ][gc,cpu      ] GC(20) User=0.09s Sys=0.05s Real=0.04s
[1.787s][info   ][gc,start    ] GC(21) Pause Young (Allocation Failure)
[1.829s][info   ][gc,heap     ] GC(21) PSYoungGen: 557264K(558080K)->140290K(486400K) Eden: 417998K(418304K)->0K(345600K) From: 139266K(139776K)->140290K(140800K)
[1.829s][info   ][gc,heap     ] GC(21) ParOldGen: 308844K(1398272K)->402030K(1398272K)
[1.829s][info   ][gc,metaspace] GC(21) Metaspace: 211K(448K)->211K(448K) NonClass: 202K(320K)->202K(320K) Class: 9K(128K)->9K(128K)
[1.829s][info   ][gc          ] GC(21) Pause Young (Allocation Failure) 845M->529M(1840M) 42.799ms
[1.829s][info   ][gc,cpu      ] GC(21) User=0.08s Sys=0.08s Real=0.04s
[1.872s][info   ][gc,start    ] GC(22) Pause Young (Allocation Failure)
[1.906s][info   ][gc,heap     ] GC(22) PSYoungGen: 485097K(486400K)->176130K(522240K) Eden: 344807K(345600K)->0K(345600K) From: 140290K(140800K)->176130K(176640K)
[1.906s][info   ][gc,heap     ] GC(22) ParOldGen: 402030K(1398272K)->439918K(1398272K)
[1.906s][info   ][gc,metaspace] GC(22) Metaspace: 211K(448K)->211K(448K) NonClass: 202K(320K)->202K(320K) Class: 9K(128K)->9K(128K)
[1.906s][info   ][gc          ] GC(22) Pause Young (Allocation Failure) 866M->601M(1875M) 33.735ms
[1.906s][info   ][gc,cpu      ] GC(22) User=0.09s Sys=0.04s Real=0.04s
[1.963s][info   ][gc,start    ] GC(23) Pause Young (Allocation Failure)
[2.002s][info   ][gc,heap     ] GC(23) PSYoungGen: 520936K(522240K)->161794K(438272K) Eden: 344805K(345600K)->0K(261632K) From: 176130K(176640K)->161794K(176640K)
[2.002s][info   ][gc,heap     ] GC(23) ParOldGen: 439918K(1398272K)->464495K(1398272K)
[2.002s][info   ][gc,metaspace] GC(23) Metaspace: 211K(448K)->211K(448K) NonClass: 202K(320K)->202K(320K) Class: 9K(128K)->9K(128K)
[2.002s][info   ][gc          ] GC(23) Pause Young (Allocation Failure) 938M->611M(1793M) 39.023ms
[2.002s][info   ][gc,cpu      ] GC(23) User=0.11s Sys=0.04s Real=0.04s
[2.038s][info   ][gc,start    ] GC(24) Pause Young (Allocation Failure)
[2.068s][info   ][gc,heap     ] GC(24) PSYoungGen: 422978K(438272K)->126977K(480256K) Eden: 261184K(261632K)->0K(261632K) From: 161794K(176640K)->126977K(218624K)
[2.068s][info   ][gc,heap     ] GC(24) ParOldGen: 464495K(1398272K)->489071K(1398272K)
[2.068s][info   ][gc,metaspace] GC(24) Metaspace: 211K(448K)->211K(448K) NonClass: 202K(320K)->202K(320K) Class: 9K(128K)->9K(128K)
[2.068s][info   ][gc          ] GC(24) Pause Young (Allocation Failure) 866M->601M(1834M) 30.072ms
[2.068s][info   ][gc,cpu      ] GC(24) User=0.07s Sys=0.03s Real=0.03s
[2.105s][info   ][gc,start    ] GC(25) Pause Young (Allocation Failure)
[2.129s][info   ][gc,heap     ] GC(25) PSYoungGen: 388144K(480256K)->99329K(492544K) Eden: 261166K(261632K)->0K(274944K) From: 126977K(218624K)->99329K(217600K)
[2.129s][info   ][gc,heap     ] GC(25) ParOldGen: 489071K(1398272K)->503407K(1398272K)
[2.129s][info   ][gc,metaspace] GC(25) Metaspace: 211K(448K)->211K(448K) NonClass: 202K(320K)->202K(320K) Class: 9K(128K)->9K(128K)
[2.130s][info   ][gc          ] GC(25) Pause Young (Allocation Failure) 856M->588M(1846M) 24.209ms
[2.130s][info   ][gc,cpu      ] GC(25) User=0.06s Sys=0.02s Real=0.03s
[2.166s][info   ][gc,start    ] GC(26) Pause Young (Allocation Failure)
[2.189s][info   ][gc,heap     ] GC(26) PSYoungGen: 374058K(492544K)->121857K(481280K) Eden: 274729K(274944K)->0K(274944K) From: 99329K(217600K)->121857K(206336K)
[2.189s][info   ][gc,heap     ] GC(26) ParOldGen: 503407K(1398272K)->515695K(1398272K)
[2.189s][info   ][gc,metaspace] GC(26) Metaspace: 211K(448K)->211K(448K) NonClass: 202K(320K)->202K(320K) Class: 9K(128K)->9K(128K)
[2.189s][info   ][gc          ] GC(26) Pause Young (Allocation Failure) 856M->622M(1835M) 22.685ms
[2.189s][info   ][gc,cpu      ] GC(26) User=0.07s Sys=0.02s Real=0.02s
[2.223s][info   ][gc,start    ] GC(27) Pause Young (Allocation Failure)
[2.242s][info   ][gc,heap     ] GC(27) PSYoungGen: 396579K(481280K)->98305K(504832K) Eden: 274721K(274944K)->0K(301056K) From: 121857K(206336K)->98305K(203776K)
[2.242s][info   ][gc,heap     ] GC(27) ParOldGen: 515695K(1398272K)->534128K(1398272K)
[2.242s][info   ][gc,metaspace] GC(27) Metaspace: 211K(448K)->211K(448K) NonClass: 202K(320K)->202K(320K) Class: 9K(128K)->9K(128K)
[2.242s][info   ][gc          ] GC(27) Pause Young (Allocation Failure) 890M->617M(1858M) 19.388ms
[2.242s][info   ][gc,cpu      ] GC(27) User=0.05s Sys=0.02s Real=0.02s
[2.279s][info   ][gc,start    ] GC(28) Pause Young (Allocation Failure)
[2.297s][info   ][gc,heap     ] GC(28) PSYoungGen: 399134K(504832K)->106497K(495104K) Eden: 300829K(301056K)->0K(301056K) From: 98305K(203776K)->106497K(194048K)
[2.297s][info   ][gc,heap     ] GC(28) ParOldGen: 534128K(1398272K)->539248K(1398272K)
[2.297s][info   ][gc,metaspace] GC(28) Metaspace: 211K(448K)->211K(448K) NonClass: 202K(320K)->202K(320K) Class: 9K(128K)->9K(128K)
[2.297s][info   ][gc          ] GC(28) Pause Young (Allocation Failure) 911M->630M(1849M) 18.364ms
[2.297s][info   ][gc,cpu      ] GC(28) User=0.06s Sys=0.01s Real=0.02s
[2.334s][info   ][gc,start    ] GC(29) Pause Young (Allocation Failure)
[2.351s][info   ][gc,heap     ] GC(29) PSYoungGen: 407323K(495104K)->93185K(519168K) Eden: 300825K(301056K)->0K(332288K) From: 106497K(194048K)->93185K(186880K)
[2.351s][info   ][gc,heap     ] GC(29) ParOldGen: 539248K(1398272K)->551536K(1398272K)
[2.351s][info   ][gc,metaspace] GC(29) Metaspace: 211K(448K)->211K(448K) NonClass: 202K(320K)->202K(320K) Class: 9K(128K)->9K(128K)
[2.351s][info   ][gc          ] GC(29) Pause Young (Allocation Failure) 924M->629M(1872M) 16.973ms
[2.351s][info   ][gc,cpu      ] GC(29) User=0.05s Sys=0.01s Real=0.02s
[2.391s][info   ][gc,start    ] GC(30) Pause Young (Allocation Failure)
[2.408s][info   ][gc,heap     ] GC(30) PSYoungGen: 425342K(519168K)->101377K(512000K) Eden: 332156K(332288K)->0K(332288K) From: 93185K(186880K)->101377K(179712K)
[2.408s][info   ][gc,heap     ] GC(30) ParOldGen: 551536K(1398272K)->554608K(1398272K)
[2.408s][info   ][gc,metaspace] GC(30) Metaspace: 211K(448K)->211K(448K) NonClass: 202K(320K)->202K(320K) Class: 9K(128K)->9K(128K)
[2.408s][info   ][gc          ] GC(30) Pause Young (Allocation Failure) 953M->640M(1865M) 16.758ms
[2.408s][info   ][gc,cpu      ] GC(30) User=0.06s Sys=0.01s Real=0.02s
[2.450s][info   ][gc,start    ] GC(31) Pause Young (Allocation Failure)
[2.467s][info   ][gc,heap     ] GC(31) PSYoungGen: 433532K(512000K)->89089K(531968K) Eden: 332155K(332288K)->0K(359936K) From: 101377K(179712K)->89089K(172032K)
[2.467s][info   ][gc,heap     ] GC(31) ParOldGen: 554608K(1398272K)->558704K(1398272K)
[2.467s][info   ][gc,metaspace] GC(31) Metaspace: 211K(448K)->211K(448K) NonClass: 202K(320K)->202K(320K) Class: 9K(128K)->9K(128K)
[2.467s][info   ][gc          ] GC(31) Pause Young (Allocation Failure) 964M->632M(1885M) 16.605ms
[2.467s][info   ][gc,cpu      ] GC(31) User=0.05s Sys=0.01s Real=0.02s
[2.512s][info   ][gc,start    ] GC(32) Pause Young (Allocation Failure)
[2.523s][info   ][gc,heap     ] GC(32) PSYoungGen: 448410K(531968K)->63488K(526848K) Eden: 359320K(359936K)->0K(359936K) From: 89089K(172032K)->63488K(166912K)
[2.523s][info   ][gc,heap     ] GC(32) ParOldGen: 558704K(1398272K)->558704K(1398272K)
[2.523s][info   ][gc,metaspace] GC(32) Metaspace: 211K(448K)->211K(448K) NonClass: 202K(320K)->202K(320K) Class: 9K(128K)->9K(128K)
[2.523s][info   ][gc          ] GC(32) Pause Young (Allocation Failure) 983M->607M(1880M) 10.694ms
[2.523s][info   ][gc,cpu      ] GC(32) User=0.04s Sys=0.01s Real=0.01s
[2.566s][info   ][gc,start    ] GC(33) Pause Young (Allocation Failure)
[2.576s][info   ][gc,heap     ] GC(33) PSYoungGen: 422809K(526848K)->61440K(533504K) Eden: 359320K(359936K)->0K(367104K) From: 63488K(166912K)->61440K(166400K)
[2.577s][info   ][gc,heap     ] GC(33) ParOldGen: 558704K(1398272K)->558704K(1398272K)
[2.577s][info   ][gc,metaspace] GC(33) Metaspace: 211K(448K)->211K(448K) NonClass: 202K(320K)->202K(320K) Class: 9K(128K)->9K(128K)
[2.577s][info   ][gc          ] GC(33) Pause Young (Allocation Failure) 958M->605M(1886M) 10.165ms
[2.577s][info   ][gc,cpu      ] GC(33) User=0.04s Sys=0.00s Real=0.01s
[2.620s][info   ][gc,start    ] GC(34) Pause Young (Allocation Failure)
[2.628s][info   ][gc,heap     ] GC(34) PSYoungGen: 428076K(533504K)->46080K(532480K) Eden: 366635K(367104K)->0K(367104K) From: 61440K(166400K)->46080K(165376K)
[2.628s][info   ][gc,heap     ] GC(34) ParOldGen: 558704K(1398272K)->558704K(1398272K)
[2.628s][info   ][gc,metaspace] GC(34) Metaspace: 211K(448K)->211K(448K) NonClass: 202K(320K)->202K(320K) Class: 9K(128K)->9K(128K)
[2.628s][info   ][gc          ] GC(34) Pause Young (Allocation Failure) 963M->590M(1885M) 7.863ms
[2.628s][info   ][gc,cpu      ] GC(34) User=0.03s Sys=0.00s Real=0.01s
[2.671s][info   ][gc,start    ] GC(35) Pause Young (Allocation Failure)
[2.685s][info   ][gc,heap     ] GC(35) PSYoungGen: 412839K(532480K)->61440K(536064K) Eden: 366758K(367104K)->0K(370176K) From: 46080K(165376K)->61440K(165888K)
[2.685s][info   ][gc,heap     ] GC(35) ParOldGen: 558704K(1398272K)->558704K(1398272K)
[2.685s][info   ][gc,metaspace] GC(35) Metaspace: 211K(448K)->211K(448K) NonClass: 202K(320K)->202K(320K) Class: 9K(128K)->9K(128K)
[2.685s][info   ][gc          ] GC(35) Pause Young (Allocation Failure) 948M->605M(1889M) 13.780ms
[2.685s][info   ][gc,cpu      ] GC(35) User=0.03s Sys=0.00s Real=0.01s
[2.730s][info   ][gc,start    ] GC(36) Pause Young (Allocation Failure)
[2.734s][info   ][gc,heap     ] GC(36) PSYoungGen: 431203K(536064K)->21504K(532992K) Eden: 369762K(370176K)->0K(370176K) From: 61440K(165888K)->21504K(162816K)
[2.734s][info   ][gc,heap     ] GC(36) ParOldGen: 558704K(1398272K)->558704K(1398272K)
[2.734s][info   ][gc,metaspace] GC(36) Metaspace: 211K(448K)->211K(448K) NonClass: 202K(320K)->202K(320K) Class: 9K(128K)->9K(128K)
[2.734s][info   ][gc          ] GC(36) Pause Young (Allocation Failure) 966M->566M(1886M) 4.021ms
[2.734s][info   ][gc,cpu      ] GC(36) User=0.01s Sys=0.00s Real=0.00s
[2.782s][info   ][gc,start    ] GC(37) Pause Young (Allocation Failure)
[2.783s][info   ][gc,heap     ] GC(37) PSYoungGen: 391623K(532992K)->3072K(524800K) Eden: 370119K(370176K)->0K(358912K) From: 21504K(162816K)->3072K(165888K)
[2.783s][info   ][gc,heap     ] GC(37) ParOldGen: 558704K(1398272K)->558704K(1398272K)
[2.783s][info   ][gc,metaspace] GC(37) Metaspace: 211K(448K)->211K(448K) NonClass: 202K(320K)->202K(320K) Class: 9K(128K)->9K(128K)
[2.783s][info   ][gc          ] GC(37) Pause Young (Allocation Failure) 928M->548M(1878M) 1.471ms
[2.783s][info   ][gc,cpu      ] GC(37) User=0.01s Sys=0.00s Real=0.00s
[2.830s][info   ][gc,start    ] GC(38) Pause Young (Allocation Failure)
[2.835s][info   ][gc,heap     ] GC(38) PSYoungGen: 361867K(524800K)->21504K(528896K) Eden: 358795K(358912K)->0K(358912K) From: 3072K(165888K)->21504K(169984K)
[2.835s][info   ][gc,heap     ] GC(38) ParOldGen: 558704K(1398272K)->558704K(1398272K)
[2.835s][info   ][gc,metaspace] GC(38) Metaspace: 211K(448K)->211K(448K) NonClass: 202K(320K)->202K(320K) Class: 9K(128K)->9K(128K)
[2.835s][info   ][gc          ] GC(38) Pause Young (Allocation Failure) 898M->566M(1882M) 4.980ms
[2.835s][info   ][gc,cpu      ] GC(38) User=0.01s Sys=0.01s Real=0.00s
[2.882s][info   ][gc,start    ] GC(39) Pause Young (Allocation Failure)
[2.887s][info   ][gc,heap     ] GC(39) PSYoungGen: 379784K(528896K)->20480K(532480K) Eden: 358280K(358912K)->0K(364032K) From: 21504K(169984K)->20480K(168448K)
[2.887s][info   ][gc,heap     ] GC(39) ParOldGen: 558704K(1398272K)->558704K(1398272K)
[2.887s][info   ][gc,metaspace] GC(39) Metaspace: 211K(448K)->211K(448K) NonClass: 202K(320K)->202K(320K) Class: 9K(128K)->9K(128K)
[2.887s][info   ][gc          ] GC(39) Pause Young (Allocation Failure) 916M->565M(1885M) 4.420ms
[2.887s][info   ][gc,cpu      ] GC(39) User=0.01s Sys=0.00s Real=0.01s
[2.937s][info   ][gc,start    ] GC(40) Pause Young (Allocation Failure)
[2.947s][info   ][gc,heap     ] GC(40) PSYoungGen: 383986K(532480K)->45056K(530432K) Eden: 363506K(364032K)->0K(364032K) From: 20480K(168448K)->45056K(166400K)
[2.947s][info   ][gc,heap     ] GC(40) ParOldGen: 558704K(1398272K)->558704K(1398272K)
[2.947s][info   ][gc,metaspace] GC(40) Metaspace: 211K(448K)->211K(448K) NonClass: 202K(320K)->202K(320K) Class: 9K(128K)->9K(128K)
[2.947s][info   ][gc          ] GC(40) Pause Young (Allocation Failure) 920M->589M(1883M) 10.131ms
[2.947s][info   ][gc,cpu      ] GC(40) User=0.03s Sys=0.00s Real=0.01s
[2.990s][info   ][gc,start    ] GC(41) Pause Young (Allocation Failure)
[2.995s][info   ][gc,heap     ] GC(41) PSYoungGen: 408566K(530432K)->28672K(544768K) Eden: 363509K(364032K)->0K(386048K) From: 45056K(166400K)->28672K(158720K)
[2.995s][info   ][gc,heap     ] GC(41) ParOldGen: 558704K(1398272K)->558704K(1398272K)
[2.995s][info   ][gc,metaspace] GC(41) Metaspace: 211K(448K)->211K(448K) NonClass: 202K(320K)->202K(320K) Class: 9K(128K)->9K(128K)
[2.995s][info   ][gc          ] GC(41) Pause Young (Allocation Failure) 944M->573M(1897M) 5.135ms
[2.995s][info   ][gc,cpu      ] GC(41) User=0.02s Sys=0.00s Real=0.00s
[3.042s][info   ][gc,start    ] GC(42) Pause Young (Allocation Failure)
[3.051s][info   ][gc,heap     ] GC(42) PSYoungGen: 414511K(544768K)->45056K(540160K) Eden: 385838K(386048K)->0K(386048K) From: 28672K(158720K)->45056K(154112K)
[3.051s][info   ][gc,heap     ] GC(42) ParOldGen: 558704K(1398272K)->558704K(1398272K)
[3.051s][info   ][gc,metaspace] GC(42) Metaspace: 211K(448K)->211K(448K) NonClass: 202K(320K)->202K(320K) Class: 9K(128K)->9K(128K)
[3.051s][info   ][gc          ] GC(42) Pause Young (Allocation Failure) 950M->589M(1893M) 9.284ms
[3.051s][info   ][gc,cpu      ] GC(42) User=0.04s Sys=0.00s Real=0.01s
[3.095s][info   ][gc,start    ] GC(43) Pause Young (Allocation Failure)
[3.103s][info   ][gc,heap     ] GC(43) PSYoungGen: 430817K(540160K)->44032K(559616K) Eden: 385761K(386048K)->0K(413184K) From: 45056K(154112K)->44032K(146432K)
[3.103s][info   ][gc,heap     ] GC(43) ParOldGen: 558704K(1398272K)->558704K(1398272K)
[3.103s][info   ][gc,metaspace] GC(43) Metaspace: 211K(448K)->211K(448K) NonClass: 202K(320K)->202K(320K) Class: 9K(128K)->9K(128K)
[3.103s][info   ][gc          ] GC(43) Pause Young (Allocation Failure) 966M->588M(1912M) 7.219ms
[3.103s][info   ][gc,cpu      ] GC(43) User=0.03s Sys=0.00s Real=0.01s
[3.155s][info   ][gc,start    ] GC(44) Pause Young (Allocation Failure)
[3.169s][info   ][gc,heap     ] GC(44) PSYoungGen: 456659K(559616K)->72705K(552448K) Eden: 412626K(413184K)->0K(413184K) From: 44032K(146432K)->72705K(139264K)
[3.169s][info   ][gc,heap     ] GC(44) ParOldGen: 558704K(1398272K)->558704K(1398272K)
[3.169s][info   ][gc,metaspace] GC(44) Metaspace: 211K(448K)->211K(448K) NonClass: 202K(320K)->202K(320K) Class: 9K(128K)->9K(128K)
[3.169s][info   ][gc          ] GC(44) Pause Young (Allocation Failure) 991M->616M(1905M) 14.503ms
[3.169s][info   ][gc,cpu      ] GC(44) User=0.04s Sys=0.00s Real=0.02s
[3.225s][info   ][gc,start    ] GC(45) Pause Young (Allocation Failure)
[3.247s][info   ][gc,heap     ] GC(45) PSYoungGen: 485332K(552448K)->122881K(528384K) Eden: 412627K(413184K)->0K(390656K) From: 72705K(139264K)->122881K(137728K)
[3.247s][info   ][gc,heap     ] GC(45) ParOldGen: 558704K(1398272K)->559728K(1398272K)
[3.247s][info   ][gc,metaspace] GC(45) Metaspace: 211K(448K)->211K(448K) NonClass: 202K(320K)->202K(320K) Class: 9K(128K)->9K(128K)
[3.247s][info   ][gc          ] GC(45) Pause Young (Allocation Failure) 1019M->666M(1881M) 21.554ms
[3.247s][info   ][gc,cpu      ] GC(45) User=0.06s Sys=0.00s Real=0.03s
[3.297s][info   ][gc,start    ] GC(46) Pause Young (Allocation Failure)
[3.319s][info   ][gc,heap     ] GC(46) PSYoungGen: 512550K(528384K)->132098K(523264K) Eden: 389668K(390656K)->0K(390656K) From: 122881K(137728K)->132098K(132608K)
[3.319s][info   ][gc,heap     ] GC(46) ParOldGen: 559728K(1398272K)->563824K(1398272K)
[3.319s][info   ][gc,metaspace] GC(46) Metaspace: 211K(448K)->211K(448K) NonClass: 202K(320K)->202K(320K) Class: 9K(128K)->9K(128K)
[3.319s][info   ][gc          ] GC(46) Pause Young (Allocation Failure) 1047M->679M(1876M) 22.206ms
[3.319s][info   ][gc,cpu      ] GC(46) User=0.07s Sys=0.00s Real=0.02s
[3.370s][info   ][gc,start    ] GC(47) Pause Young (Allocation Failure)
[3.395s][info   ][gc,heap     ] GC(47) PSYoungGen: 521777K(523264K)->139266K(496640K) Eden: 389679K(390656K)->0K(326144K) From: 132098K(132608K)->139266K(170496K)
[3.396s][info   ][gc,heap     ] GC(47) ParOldGen: 563824K(1398272K)->568944K(1398272K)
[3.396s][info   ][gc,metaspace] GC(47) Metaspace: 211K(448K)->211K(448K) NonClass: 202K(320K)->202K(320K) Class: 9K(128K)->9K(128K)
[3.396s][info   ][gc          ] GC(47) Pause Young (Allocation Failure) 1060M->691M(1850M) 25.194ms
[3.396s][info   ][gc,cpu      ] GC(47) User=0.08s Sys=0.00s Real=0.02s
[3.439s][info   ][gc,start    ] GC(48) Pause Young (Allocation Failure)
[3.465s][info   ][gc,heap     ] GC(48) PSYoungGen: 465204K(496640K)->136194K(462848K) Eden: 325938K(326144K)->0K(326144K) From: 139266K(170496K)->136194K(136704K)
[3.465s][info   ][gc,heap     ] GC(48) ParOldGen: 568944K(1398272K)->582256K(1398272K)
[3.465s][info   ][gc,metaspace] GC(48) Metaspace: 211K(448K)->211K(448K) NonClass: 202K(320K)->202K(320K) Class: 9K(128K)->9K(128K)
[3.465s][info   ][gc          ] GC(48) Pause Young (Allocation Failure) 1009M->701M(1817M) 26.532ms
[3.465s][info   ][gc,cpu      ] GC(48) User=0.08s Sys=0.02s Real=0.02s
[3.507s][info   ][gc,start    ] GC(49) Pause Young (Allocation Failure)
[3.535s][info   ][gc,heap     ] GC(49) PSYoungGen: 462143K(462848K)->144386K(478208K) Eden: 325949K(326144K)->0K(281088K) From: 136194K(136704K)->144386K(197120K)
[3.535s][info   ][gc,heap     ] GC(49) ParOldGen: 582256K(1398272K)->598641K(1398272K)
[3.535s][info   ][gc,metaspace] GC(49) Metaspace: 211K(448K)->211K(448K) NonClass: 202K(320K)->202K(320K) Class: 9K(128K)->9K(128K)
[3.535s][info   ][gc          ] GC(49) Pause Young (Allocation Failure) 1019M->725M(1832M) 27.856ms
[3.535s][info   ][gc,cpu      ] GC(49) User=0.08s Sys=0.01s Real=0.02s
[3.573s][info   ][gc,start    ] GC(50) Pause Young (Allocation Failure)
[3.592s][info   ][gc,heap     ] GC(50) PSYoungGen: 425391K(478208K)->96257K(489984K) Eden: 281005K(281088K)->0K(281088K) From: 144386K(197120K)->96257K(208896K)
[3.592s][info   ][gc,heap     ] GC(50) ParOldGen: 598641K(1398272K)->604785K(1398272K)
[3.592s][info   ][gc,metaspace] GC(50) Metaspace: 211K(448K)->211K(448K) NonClass: 202K(320K)->202K(320K) Class: 9K(128K)->9K(128K)
[3.592s][info   ][gc          ] GC(50) Pause Young (Allocation Failure) 1000M->684M(1844M) 19.118ms
[3.592s][info   ][gc,cpu      ] GC(50) User=0.05s Sys=0.01s Real=0.02s
[3.629s][info   ][gc,start    ] GC(51) Pause Young (Allocation Failure)
[3.647s][info   ][gc,heap     ] GC(51) PSYoungGen: 377251K(489984K)->89089K(510464K) Eden: 280993K(281088K)->0K(311296K) From: 96257K(208896K)->89089K(199168K)
[3.647s][info   ][gc,heap     ] GC(51) ParOldGen: 604785K(1398272K)->609905K(1398272K)
[3.647s][info   ][gc,metaspace] GC(51) Metaspace: 211K(448K)->211K(448K) NonClass: 202K(320K)->202K(320K) Class: 9K(128K)->9K(128K)
[3.647s][info   ][gc          ] GC(51) Pause Young (Allocation Failure) 959M->682M(1864M) 17.222ms
[3.647s][info   ][gc,cpu      ] GC(51) User=0.04s Sys=0.01s Real=0.02s
[3.689s][info   ][gc,start    ] GC(52) Pause Young (Allocation Failure)
[3.711s][info   ][gc,heap     ] GC(52) PSYoungGen: 400365K(510464K)->124929K(499712K) Eden: 311276K(311296K)->0K(311296K) From: 89089K(199168K)->124929K(188416K)
[3.711s][info   ][gc,heap     ] GC(52) ParOldGen: 609905K(1398272K)->617073K(1398272K)
[3.711s][info   ][gc,metaspace] GC(52) Metaspace: 211K(448K)->211K(448K) NonClass: 202K(320K)->202K(320K) Class: 9K(128K)->9K(128K)
[3.711s][info   ][gc          ] GC(52) Pause Young (Allocation Failure) 986M->724M(1853M) 22.822ms
[3.711s][info   ][gc,cpu      ] GC(52) User=0.07s Sys=0.01s Real=0.02s
[3.753s][info   ][gc,start    ] GC(53) Pause Young (Allocation Failure)
[3.781s][info   ][gc,heap     ] GC(53) PSYoungGen: 436200K(499712K)->134146K(496640K) Eden: 311270K(311296K)->0K(304640K) From: 124929K(188416K)->134146K(192000K)
[3.781s][info   ][gc,heap     ] GC(53) ParOldGen: 617073K(1398272K)->634481K(1398272K)
[3.781s][info   ][gc,metaspace] GC(53) Metaspace: 211K(448K)->211K(448K) NonClass: 202K(320K)->202K(320K) Class: 9K(128K)->9K(128K)
[3.781s][info   ][gc          ] GC(53) Pause Young (Allocation Failure) 1028M->750M(1850M) 27.343ms
[3.781s][info   ][gc,cpu      ] GC(53) User=0.08s Sys=0.02s Real=0.03s
[3.821s][info   ][gc,start    ] GC(54) Pause Young (Allocation Failure)
[3.851s][info   ][gc,heap     ] GC(54) PSYoungGen: 438114K(496640K)->140290K(445440K) Eden: 303968K(304640K)->0K(304640K) From: 134146K(192000K)->140290K(140800K)
[3.851s][info   ][gc,heap     ] GC(54) ParOldGen: 634481K(1398272K)->651890K(1398272K)
[3.851s][info   ][gc,metaspace] GC(54) Metaspace: 211K(448K)->211K(448K) NonClass: 202K(320K)->202K(320K) Class: 9K(128K)->9K(128K)
[3.851s][info   ][gc          ] GC(54) Pause Young (Allocation Failure) 1047M->773M(1800M) 29.553ms
[3.851s][info   ][gc,cpu      ] GC(54) User=0.05s Sys=0.02s Real=0.03s
[3.894s][info   ][gc,start    ] GC(55) Pause Young (Allocation Failure)
[3.936s][info   ][gc,heap     ] GC(55) PSYoungGen: 444255K(445440K)->148482K(481280K) Eden: 303965K(304640K)->0K(278016K) From: 140290K(140800K)->148482K(203264K)
[3.936s][info   ][gc,heap     ] GC(55) ParOldGen: 651890K(1398272K)->672370K(1398272K)
[3.936s][info   ][gc,metaspace] GC(55) Metaspace: 211K(448K)->211K(448K) NonClass: 202K(320K)->202K(320K) Class: 9K(128K)->9K(128K)
[3.936s][info   ][gc          ] GC(55) Pause Young (Allocation Failure) 1070M->801M(1835M) 42.048ms
[3.936s][info   ][gc,cpu      ] GC(55) User=0.08s Sys=0.02s Real=0.04s
[3.980s][info   ][gc,start    ] GC(56) Pause Young (Allocation Failure)
[4.023s][info   ][gc,heap     ] GC(56) PSYoungGen: 426323K(481280K)->143362K(421888K) Eden: 277841K(278016K)->0K(278016K) From: 148482K(203264K)->143362K(143872K)
[4.023s][info   ][gc,heap     ] GC(56) ParOldGen: 672370K(1398272K)->698994K(1398272K)
[4.023s][info   ][gc,metaspace] GC(56) Metaspace: 211K(448K)->211K(448K) NonClass: 202K(320K)->202K(320K) Class: 9K(128K)->9K(128K)
[4.023s][info   ][gc          ] GC(56) Pause Young (Allocation Failure) 1072M->822M(1777M) 42.641ms
[4.023s][info   ][gc,cpu      ] GC(56) User=0.07s Sys=0.03s Real=0.04s
[4.064s][info   ][gc,start    ] GC(57) Pause Young (Allocation Failure)
[4.095s][info   ][gc,heap     ] GC(57) PSYoungGen: 421203K(421888K)->136194K(485888K) Eden: 277840K(278016K)->0K(272384K) From: 143362K(143872K)->136194K(213504K)
[4.095s][info   ][gc,heap     ] GC(57) ParOldGen: 698994K(1398272K)->723571K(1398272K)
[4.095s][info   ][gc,metaspace] GC(57) Metaspace: 211K(448K)->211K(448K) NonClass: 202K(320K)->202K(320K) Class: 9K(128K)->9K(128K)
[4.095s][info   ][gc          ] GC(57) Pause Young (Allocation Failure) 1093M->839M(1840M) 31.481ms
[4.095s][info   ][gc,cpu      ] GC(57) User=0.06s Sys=0.03s Real=0.03s
[4.131s][info   ][gc,start    ] GC(58) Pause Young (Allocation Failure)
[4.162s][info   ][gc,heap     ] GC(58) PSYoungGen: 407779K(485888K)->130049K(485376K) Eden: 271585K(272384K)->0K(272384K) From: 136194K(213504K)->130049K(212992K)
[4.162s][info   ][gc,heap     ] GC(58) ParOldGen: 723571K(1398272K)->754291K(1398272K)
[4.162s][info   ][gc,metaspace] GC(58) Metaspace: 211K(448K)->211K(448K) NonClass: 202K(320K)->202K(320K) Class: 9K(128K)->9K(128K)
[4.162s][info   ][gc          ] GC(58) Pause Young (Allocation Failure) 1104M->863M(1839M) 30.343ms
[4.162s][info   ][gc,cpu      ] GC(58) User=0.07s Sys=0.04s Real=0.03s
[4.201s][info   ][gc,start    ] GC(59) Pause Young (Allocation Failure)
[4.234s][info   ][gc,heap     ] GC(59) PSYoungGen: 401635K(485376K)->134146K(491520K) Eden: 271585K(272384K)->0K(282112K) From: 130049K(212992K)->134146K(209408K)
[4.234s][info   ][gc,heap     ] GC(59) ParOldGen: 754291K(1398272K)->777843K(1398272K)
[4.234s][info   ][gc,metaspace] GC(59) Metaspace: 211K(448K)->211K(448K) NonClass: 202K(320K)->202K(320K) Class: 9K(128K)->9K(128K)
[4.234s][info   ][gc          ] GC(59) Pause Young (Allocation Failure) 1128M->890M(1845M) 33.865ms
[4.234s][info   ][gc,cpu      ] GC(59) User=0.07s Sys=0.03s Real=0.03s
[4.286s][info   ][gc,start    ] GC(60) Pause Young (Allocation Failure)
[4.325s][info   ][gc,heap     ] GC(60) PSYoungGen: 416162K(491520K)->125953K(489472K) Eden: 282015K(282112K)->0K(282112K) From: 134146K(209408K)->125953K(207360K)
[4.325s][info   ][gc,heap     ] GC(60) ParOldGen: 777843K(1398272K)->807540K(1398272K)
[4.325s][info   ][gc,metaspace] GC(60) Metaspace: 211K(448K)->211K(448K) NonClass: 202K(320K)->202K(320K) Class: 9K(128K)->9K(128K)
[4.325s][info   ][gc          ] GC(60) Pause Young (Allocation Failure) 1166M->911M(1843M) 39.027ms
[4.325s][info   ][gc,cpu      ] GC(60) User=0.08s Sys=0.04s Real=0.04s
[4.367s][info   ][gc,start    ] GC(61) Pause Young (Allocation Failure)
[4.394s][info   ][gc,heap     ] GC(61) PSYoungGen: 407969K(489472K)->107521K(503808K) Eden: 282015K(282112K)->0K(302080K) From: 125953K(207360K)->107521K(201728K)
[4.394s][info   ][gc,heap     ] GC(61) ParOldGen: 807540K(1398272K)->825972K(1398272K)
[4.394s][info   ][gc,metaspace] GC(61) Metaspace: 211K(448K)->211K(448K) NonClass: 202K(320K)->202K(320K) Class: 9K(128K)->9K(128K)
[4.394s][info   ][gc          ] GC(61) Pause Young (Allocation Failure) 1187M->911M(1857M) 26.603ms
[4.394s][info   ][gc,cpu      ] GC(61) User=0.07s Sys=0.02s Real=0.02s
[4.439s][info   ][gc,start    ] GC(62) Pause Young (Allocation Failure)
[4.469s][info   ][gc,heap     ] GC(62) PSYoungGen: 409385K(503808K)->121857K(497152K) Eden: 301863K(302080K)->0K(302080K) From: 107521K(201728K)->121857K(195072K)
[4.469s][info   ][gc,heap     ] GC(62) ParOldGen: 825972K(1398272K)->835188K(1398272K)
[4.469s][info   ][gc,metaspace] GC(62) Metaspace: 211K(448K)->211K(448K) NonClass: 202K(320K)->202K(320K) Class: 9K(128K)->9K(128K)
[4.469s][info   ][gc          ] GC(62) Pause Young (Allocation Failure) 1206M->934M(1851M) 29.675ms
[4.469s][info   ][gc,cpu      ] GC(62) User=0.09s Sys=0.02s Real=0.03s
[4.515s][info   ][gc,start    ] GC(63) Pause Young (Allocation Failure)
[4.541s][info   ][gc,heap     ] GC(63) PSYoungGen: 423721K(497152K)->88065K(512000K) Eden: 301863K(302080K)->0K(322560K) From: 121857K(195072K)->88065K(189440K)
[4.541s][info   ][gc,heap     ] GC(63) ParOldGen: 835188K(1398272K)->842356K(1398272K)
[4.541s][info   ][gc,metaspace] GC(63) Metaspace: 211K(448K)->211K(448K) NonClass: 202K(320K)->202K(320K) Class: 9K(128K)->9K(128K)
[4.541s][info   ][gc          ] GC(63) Pause Young (Allocation Failure) 1229M->908M(1865M) 26.062ms
[4.541s][info   ][gc,cpu      ] GC(63) User=0.06s Sys=0.01s Real=0.03s
[4.590s][info   ][gc,start    ] GC(64) Pause Young (Allocation Failure)
[4.610s][info   ][gc,heap     ] GC(64) PSYoungGen: 409786K(512000K)->92161K(509440K) Eden: 321721K(322560K)->0K(322560K) From: 88065K(189440K)->92161K(186880K)
[4.610s][info   ][gc,heap     ] GC(64) ParOldGen: 842356K(1398272K)->844404K(1398272K)
[4.610s][info   ][gc,metaspace] GC(64) Metaspace: 211K(448K)->211K(448K) NonClass: 202K(320K)->202K(320K) Class: 9K(128K)->9K(128K)
[4.610s][info   ][gc          ] GC(64) Pause Young (Allocation Failure) 1222M->914M(1863M) 19.787ms
[4.610s][info   ][gc,cpu      ] GC(64) User=0.05s Sys=0.01s Real=0.02s
[4.658s][info   ][gc,start    ] GC(65) Pause Young (Allocation Failure)
[4.682s][info   ][gc,heap     ] GC(65) PSYoungGen: 413882K(509440K)->90113K(519168K) Eden: 321721K(322560K)->0K(335872K) From: 92161K(186880K)->90113K(183296K)
[4.682s][info   ][gc,heap     ] GC(65) ParOldGen: 844404K(1398272K)->844404K(1398272K)
[4.682s][info   ][gc,metaspace] GC(65) Metaspace: 211K(448K)->211K(448K) NonClass: 202K(320K)->202K(320K) Class: 9K(128K)->9K(128K)
[4.682s][info   ][gc          ] GC(65) Pause Young (Allocation Failure) 1228M->912M(1872M) 23.209ms
[4.682s][info   ][gc,cpu      ] GC(65) User=0.08s Sys=0.01s Real=0.02s
[4.729s][info   ][gc,start    ] GC(66) Pause Young (Allocation Failure)
[4.743s][info   ][gc,heap     ] GC(66) PSYoungGen: 425415K(519168K)->74753K(515584K) Eden: 335301K(335872K)->0K(335872K) From: 90113K(183296K)->74753K(179712K)
[4.743s][info   ][gc,heap     ] GC(66) ParOldGen: 844404K(1398272K)->846453K(1398272K)
[4.743s][info   ][gc,metaspace] GC(66) Metaspace: 211K(448K)->211K(448K) NonClass: 202K(320K)->202K(320K) Class: 9K(128K)->9K(128K)
[4.743s][info   ][gc          ] GC(66) Pause Young (Allocation Failure) 1240M->899M(1869M) 14.731ms
[4.743s][info   ][gc,cpu      ] GC(66) User=0.04s Sys=0.01s Real=0.01s
[4.790s][info   ][gc,start    ] GC(67) Pause Young (Allocation Failure)
[4.807s][info   ][gc,heap     ] GC(67) PSYoungGen: 410059K(515584K)->97281K(525824K) Eden: 335306K(335872K)->0K(347136K) From: 74753K(179712K)->97281K(178688K)
[4.807s][info   ][gc,heap     ] GC(67) ParOldGen: 846453K(1398272K)->848501K(1398272K)
[4.807s][info   ][gc,metaspace] GC(67) Metaspace: 211K(448K)->211K(448K) NonClass: 202K(320K)->202K(320K) Class: 9K(128K)->9K(128K)
[4.807s][info   ][gc          ] GC(67) Pause Young (Allocation Failure) 1227M->923M(1879M) 17.549ms
[4.807s][info   ][gc,cpu      ] GC(67) User=0.06s Sys=0.01s Real=0.02s
[4.854s][info   ][gc,start    ] GC(68) Pause Young (Allocation Failure)
[4.874s][info   ][gc,heap     ] GC(68) PSYoungGen: 444076K(525824K)->98305K(520192K) Eden: 346794K(347136K)->0K(347136K) From: 97281K(178688K)->98305K(173056K)
[4.874s][info   ][gc,heap     ] GC(68) ParOldGen: 848501K(1398272K)->850549K(1398272K)
[4.874s][info   ][gc,metaspace] GC(68) Metaspace: 211K(448K)->211K(448K) NonClass: 202K(320K)->202K(320K) Class: 9K(128K)->9K(128K)
[4.874s][info   ][gc          ] GC(68) Pause Young (Allocation Failure) 1262M->926M(1873M) 19.836ms
[4.874s][info   ][gc,cpu      ] GC(68) User=0.06s Sys=0.00s Real=0.02s
[4.923s][info   ][gc,start    ] GC(69) Pause Young (Allocation Failure)
[4.947s][info   ][gc,heap     ] GC(69) PSYoungGen: 445102K(520192K)->115713K(533504K) Eden: 346796K(347136K)->0K(366080K) From: 98305K(173056K)->115713K(167424K)
[4.947s][info   ][gc,heap     ] GC(69) ParOldGen: 850549K(1398272K)->858741K(1398272K)
[4.947s][info   ][gc,metaspace] GC(69) Metaspace: 211K(448K)->211K(448K) NonClass: 202K(320K)->202K(320K) Class: 9K(128K)->9K(128K)
[4.947s][info   ][gc          ] GC(69) Pause Young (Allocation Failure) 1265M->951M(1886M) 23.978ms
[4.947s][info   ][gc,cpu      ] GC(69) User=0.06s Sys=0.02s Real=0.03s
[4.998s][info   ][gc,start    ] GC(70) Pause Young (Allocation Failure)
[5.018s][info   ][gc,heap     ] GC(70) PSYoungGen: 481308K(533504K)->102401K(531456K) Eden: 365594K(366080K)->0K(366080K) From: 115713K(167424K)->102401K(165376K)
[5.018s][info   ][gc,heap     ] GC(70) ParOldGen: 858741K(1398272K)->862837K(1398272K)
[5.018s][info   ][gc,metaspace] GC(70) Metaspace: 211K(448K)->211K(448K) NonClass: 202K(320K)->202K(320K) Class: 9K(128K)->9K(128K)
[5.018s][info   ][gc          ] GC(70) Pause Young (Allocation Failure) 1308M->942M(1884M) 20.010ms
[5.018s][info   ][gc,cpu      ] GC(70) User=0.07s Sys=0.01s Real=0.02s
[5.068s][info   ][gc,start    ] GC(71) Pause Young (Allocation Failure)
[5.086s][info   ][gc,heap     ] GC(71) PSYoungGen: 468219K(531456K)->91137K(541696K) Eden: 365818K(366080K)->0K(381952K) From: 102401K(165376K)->91137K(159744K)
[5.086s][info   ][gc,heap     ] GC(71) ParOldGen: 862837K(1398272K)->865909K(1398272K)
[5.086s][info   ][gc,metaspace] GC(71) Metaspace: 211K(448K)->211K(448K) NonClass: 202K(320K)->202K(320K) Class: 9K(128K)->9K(128K)
[5.086s][info   ][gc          ] GC(71) Pause Young (Allocation Failure) 1299M->934M(1894M) 18.239ms
[5.086s][info   ][gc,cpu      ] GC(71) User=0.05s Sys=0.00s Real=0.02s
[5.137s][info   ][gc,start    ] GC(72) Pause Young (Allocation Failure)
[5.152s][info   ][gc,heap     ] GC(72) PSYoungGen: 472469K(541696K)->93185K(539136K) Eden: 381332K(381952K)->0K(381952K) From: 91137K(159744K)->93185K(157184K)
[5.152s][info   ][gc,heap     ] GC(72) ParOldGen: 865909K(1398272K)->867957K(1398272K)
[5.152s][info   ][gc,metaspace] GC(72) Metaspace: 211K(448K)->211K(448K) NonClass: 202K(320K)->202K(320K) Class: 9K(128K)->9K(128K)
[5.152s][info   ][gc          ] GC(72) Pause Young (Allocation Failure) 1307M->938M(1892M) 14.820ms
[5.152s][info   ][gc,cpu      ] GC(72) User=0.06s Sys=0.00s Real=0.01s
[5.197s][info   ][gc,start    ] GC(73) Pause Young (Allocation Failure)
[5.206s][info   ][gc,heap     ] GC(73) PSYoungGen: 475137K(539136K)->55296K(539136K) Eden: 381952K(381952K)->0K(385536K) From: 93185K(157184K)->55296K(153600K)
[5.206s][info   ][gc,heap     ] GC(73) ParOldGen: 867957K(1398272K)->867957K(1398272K)
[5.206s][info   ][gc,metaspace] GC(73) Metaspace: 211K(448K)->211K(448K) NonClass: 202K(320K)->202K(320K) Class: 9K(128K)->9K(128K)
[5.206s][info   ][gc          ] GC(73) Pause Young (Allocation Failure) 1311M->901M(1892M) 8.730ms
[5.206s][info   ][gc,cpu      ] GC(73) User=0.04s Sys=0.00s Real=0.00s
[5.257s][info   ][gc,start    ] GC(74) Pause Young (Allocation Failure)
[5.262s][info   ][gc,heap     ] GC(74) PSYoungGen: 440748K(539136K)->25600K(411648K) Eden: 385451K(385536K)->0K(385536K) From: 55296K(153600K)->25600K(26112K)
[5.262s][info   ][gc,heap     ] GC(74) ParOldGen: 867957K(1398272K)->867957K(1398272K)
[5.262s][info   ][gc,metaspace] GC(74) Metaspace: 211K(448K)->211K(448K) NonClass: 202K(320K)->202K(320K) Class: 9K(128K)->9K(128K)
[5.262s][info   ][gc          ] GC(74) Pause Young (Allocation Failure) 1278M->872M(1767M) 5.782ms
[5.262s][info   ][gc,cpu      ] GC(74) User=0.01s Sys=0.00s Real=0.00s
[5.314s][info   ][gc,start    ] GC(75) Pause Young (Allocation Failure)
[5.319s][info   ][gc,heap     ] GC(75) PSYoungGen: 410179K(411648K)->15360K(524800K) Eden: 384578K(385536K)->0K(361984K) From: 25600K(26112K)->15360K(162816K)
[5.319s][info   ][gc,heap     ] GC(75) ParOldGen: 867957K(1398272K)->867957K(1398272K)
[5.319s][info   ][gc,metaspace] GC(75) Metaspace: 211K(448K)->211K(448K) NonClass: 202K(320K)->202K(320K) Class: 9K(128K)->9K(128K)
[5.319s][info   ][gc          ] GC(75) Pause Young (Allocation Failure) 1248M->862M(1878M) 4.857ms
[5.319s][info   ][gc,cpu      ] GC(75) User=0.01s Sys=0.00s Real=0.01s
[5.364s][info   ][gc,start    ] GC(76) Pause Young (Allocation Failure)
[5.369s][info   ][gc,heap     ] GC(76) PSYoungGen: 376806K(524800K)->15360K(377856K) Eden: 361446K(361984K)->0K(361984K) From: 15360K(162816K)->15360K(15872K)
[5.369s][info   ][gc,heap     ] GC(76) ParOldGen: 867957K(1398272K)->867957K(1398272K)
[5.369s][info   ][gc,metaspace] GC(76) Metaspace: 211K(448K)->211K(448K) NonClass: 202K(320K)->202K(320K) Class: 9K(128K)->9K(128K)
[5.369s][info   ][gc          ] GC(76) Pause Young (Allocation Failure) 1215M->862M(1734M) 4.534ms
[5.369s][info   ][gc,cpu      ] GC(76) User=0.01s Sys=0.00s Real=0.01s
[5.415s][info   ][gc,start    ] GC(77) Pause Young (Allocation Failure)
[5.418s][info   ][gc,heap     ] GC(77) PSYoungGen: 376814K(377856K)->6144K(522240K) Eden: 361453K(361984K)->0K(350720K) From: 15360K(15872K)->6144K(171520K)
[5.418s][info   ][gc,heap     ] GC(77) ParOldGen: 867957K(1398272K)->867957K(1398272K)
[5.418s][info   ][gc,metaspace] GC(77) Metaspace: 211K(448K)->211K(448K) NonClass: 202K(320K)->202K(320K) Class: 9K(128K)->9K(128K)
[5.418s][info   ][gc          ] GC(77) Pause Young (Allocation Failure) 1215M->853M(1875M) 2.774ms
[5.418s][info   ][gc,cpu      ] GC(77) User=0.00s Sys=0.00s Real=0.01s
[5.461s][info   ][gc,start    ] GC(78) Pause Young (Allocation Failure)
[5.463s][info   ][gc,heap     ] GC(78) PSYoungGen: 356102K(522240K)->8192K(524800K) Eden: 349958K(350720K)->0K(350720K) From: 6144K(171520K)->8192K(174080K)
[5.464s][info   ][gc,heap     ] GC(78) ParOldGen: 867957K(1398272K)->867957K(1398272K)
[5.464s][info   ][gc,metaspace] GC(78) Metaspace: 211K(448K)->211K(448K) NonClass: 202K(320K)->202K(320K) Class: 9K(128K)->9K(128K)
[5.464s][info   ][gc          ] GC(78) Pause Young (Allocation Failure) 1195M->855M(1878M) 2.741ms
[5.464s][info   ][gc,cpu      ] GC(78) User=0.01s Sys=0.00s Real=0.00s
[5.506s][info   ][gc,start    ] GC(79) Pause Young (Allocation Failure)
[5.510s][info   ][gc,heap     ] GC(79) PSYoungGen: 358144K(524800K)->12288K(526848K) Eden: 349952K(350720K)->0K(352768K) From: 8192K(174080K)->12288K(174080K)
[5.510s][info   ][gc,heap     ] GC(79) ParOldGen: 867957K(1398272K)->867957K(1398272K)
[5.510s][info   ][gc,metaspace] GC(79) Metaspace: 211K(448K)->211K(448K) NonClass: 202K(320K)->202K(320K) Class: 9K(128K)->9K(128K)
[5.510s][info   ][gc          ] GC(79) Pause Young (Allocation Failure) 1197M->859M(1880M) 3.575ms
[5.510s][info   ][gc,cpu      ] GC(79) User=0.01s Sys=0.00s Real=0.00s
[5.553s][info   ][gc,start    ] GC(80) Pause Young (Allocation Failure)
[5.561s][info   ][gc,heap     ] GC(80) PSYoungGen: 364325K(526848K)->44032K(524800K) Eden: 352036K(352768K)->0K(352768K) From: 12288K(174080K)->44032K(172032K)
[5.561s][info   ][gc,heap     ] GC(80) ParOldGen: 867957K(1398272K)->867957K(1398272K)
[5.561s][info   ][gc,metaspace] GC(80) Metaspace: 211K(448K)->211K(448K) NonClass: 202K(320K)->202K(320K) Class: 9K(128K)->9K(128K)
[5.561s][info   ][gc          ] GC(80) Pause Young (Allocation Failure) 1203M->890M(1878M) 8.026ms
[5.561s][info   ][gc,cpu      ] GC(80) User=0.03s Sys=0.00s Real=0.01s
[5.603s][info   ][gc,start    ] GC(81) Pause Young (Allocation Failure)
[5.608s][info   ][gc,heap     ] GC(81) PSYoungGen: 396059K(524800K)->26624K(541696K) Eden: 352027K(352768K)->0K(378880K) From: 44032K(172032K)->26624K(162816K)
[5.608s][info   ][gc,heap     ] GC(81) ParOldGen: 867957K(1398272K)->867957K(1398272K)
[5.608s][info   ][gc,metaspace] GC(81) Metaspace: 211K(448K)->211K(448K) NonClass: 202K(320K)->202K(320K) Class: 9K(128K)->9K(128K)
[5.608s][info   ][gc          ] GC(81) Pause Young (Allocation Failure) 1234M->873M(1894M) 5.874ms
[5.609s][info   ][gc,cpu      ] GC(81) User=0.02s Sys=0.00s Real=0.01s
[5.654s][info   ][gc,start    ] GC(82) Pause Young (Allocation Failure)
[5.664s][info   ][gc,heap     ] GC(82) PSYoungGen: 404758K(541696K)->59392K(536064K) Eden: 378134K(378880K)->0K(378880K) From: 26624K(162816K)->59392K(157184K)
[5.664s][info   ][gc,heap     ] GC(82) ParOldGen: 867957K(1398272K)->867957K(1398272K)
[5.664s][info   ][gc,metaspace] GC(82) Metaspace: 213K(448K)->213K(448K) NonClass: 204K(320K)->204K(320K) Class: 9K(128K)->9K(128K)
[5.664s][info   ][gc          ] GC(82) Pause Young (Allocation Failure) 1242M->905M(1889M) 10.042ms
[5.664s][info   ][gc,cpu      ] GC(82) User=0.04s Sys=0.00s Real=0.01s
[5.710s][info   ][gc,start    ] GC(83) Pause Young (Allocation Failure)
[5.713s][info   ][gc,heap     ] GC(83) PSYoungGen: 438272K(536064K)->17408K(552960K) Eden: 378880K(378880K)->0K(403968K) From: 59392K(157184K)->17408K(148992K)
[5.713s][info   ][gc,heap     ] GC(83) ParOldGen: 867957K(1398272K)->867957K(1398272K)
[5.713s][info   ][gc,metaspace] GC(83) Metaspace: 213K(448K)->213K(448K) NonClass: 204K(320K)->204K(320K) Class: 9K(128K)->9K(128K)
[5.713s][info   ][gc          ] GC(83) Pause Young (Allocation Failure) 1275M->864M(1905M) 3.557ms
[5.713s][info   ][gc,cpu      ] GC(83) User=0.01s Sys=0.01s Real=0.00s
[5.762s][info   ][gc,start    ] GC(84) Pause Young (Allocation Failure)
[5.764s][info   ][gc,heap     ] GC(84) PSYoungGen: 420613K(552960K)->9216K(549888K) Eden: 403205K(403968K)->0K(403968K) From: 17408K(148992K)->9216K(145920K)
[5.764s][info   ][gc,heap     ] GC(84) ParOldGen: 867957K(1398272K)->867957K(1398272K)
[5.764s][info   ][gc,metaspace] GC(84) Metaspace: 213K(448K)->213K(448K) NonClass: 204K(320K)->204K(320K) Class: 9K(128K)->9K(128K)
[5.764s][info   ][gc          ] GC(84) Pause Young (Allocation Failure) 1258M->856M(1902M) 2.570ms
[5.764s][info   ][gc,cpu      ] GC(84) User=0.00s Sys=0.00s Real=0.00s
[5.815s][info   ][gc,start    ] GC(85) Pause Young (Allocation Failure)
[5.818s][info   ][gc,heap     ] GC(85) PSYoungGen: 412827K(549888K)->10240K(559104K) Eden: 403611K(403968K)->0K(415744K) From: 9216K(145920K)->10240K(143360K)
[5.818s][info   ][gc,heap     ] GC(85) ParOldGen: 867957K(1398272K)->867957K(1398272K)
[5.818s][info   ][gc,metaspace] GC(85) Metaspace: 213K(448K)->213K(448K) NonClass: 204K(320K)->204K(320K) Class: 9K(128K)->9K(128K)
[5.818s][info   ][gc          ] GC(85) Pause Young (Allocation Failure) 1250M->857M(1911M) 3.318ms
[5.818s][info   ][gc,cpu      ] GC(85) User=0.00s Sys=0.00s Real=0.01s
[5.867s][info   ][gc,start    ] GC(86) Pause Young (Allocation Failure)
[5.873s][info   ][gc,heap     ] GC(86) PSYoungGen: 425960K(559104K)->26624K(555520K) Eden: 415720K(415744K)->0K(415744K) From: 10240K(143360K)->26624K(139776K)
[5.873s][info   ][gc,heap     ] GC(86) ParOldGen: 867957K(1398272K)->867957K(1398272K)
[5.873s][info   ][gc,metaspace] GC(86) Metaspace: 213K(448K)->213K(448K) NonClass: 204K(320K)->204K(320K) Class: 9K(128K)->9K(128K)
[5.873s][info   ][gc          ] GC(86) Pause Young (Allocation Failure) 1263M->873M(1908M) 5.472ms
[5.873s][info   ][gc,cpu      ] GC(86) User=0.02s Sys=0.00s Real=0.00s
[5.923s][info   ][gc,start    ] GC(87) Pause Young (Allocation Failure)
[5.929s][info   ][gc,heap     ] GC(87) PSYoungGen: 442362K(555520K)->36864K(573952K) Eden: 415738K(415744K)->0K(440832K) From: 26624K(139776K)->36864K(133120K)
[5.929s][info   ][gc,heap     ] GC(87) ParOldGen: 867957K(1398272K)->867957K(1398272K)
[5.929s][info   ][gc,metaspace] GC(87) Metaspace: 213K(448K)->213K(448K) NonClass: 204K(320K)->204K(320K) Class: 9K(128K)->9K(128K)
[5.929s][info   ][gc          ] GC(87) Pause Young (Allocation Failure) 1279M->883M(1926M) 6.859ms
[5.929s][info   ][gc,cpu      ] GC(87) User=0.02s Sys=0.00s Real=0.01s
[5.982s][info   ][gc,start    ] GC(88) Pause Young (Allocation Failure)
[5.986s][info   ][gc,heap     ] GC(88) PSYoungGen: 477010K(573952K)->23552K(565760K) Eden: 440145K(440832K)->0K(440832K) From: 36864K(133120K)->23552K(124928K)
[5.986s][info   ][gc,heap     ] GC(88) ParOldGen: 867957K(1398272K)->867957K(1398272K)
[5.987s][info   ][gc,metaspace] GC(88) Metaspace: 213K(448K)->213K(448K) NonClass: 204K(320K)->204K(320K) Class: 9K(128K)->9K(128K)
[5.987s][info   ][gc          ] GC(88) Pause Young (Allocation Failure) 1313M->870M(1918M) 4.666ms
[5.987s][info   ][gc,cpu      ] GC(88) User=0.01s Sys=0.00s Real=0.01s
[6.039s][info   ][gc,start    ] GC(89) Pause Young (Allocation Failure)
[6.046s][info   ][gc,heap     ] GC(89) PSYoungGen: 464383K(565760K)->34816K(586752K) Eden: 440831K(440832K)->0K(467456K) From: 23552K(124928K)->34816K(119296K)
[6.046s][info   ][gc,heap     ] GC(89) ParOldGen: 867957K(1398272K)->867957K(1398272K)
[6.046s][info   ][gc,metaspace] GC(89) Metaspace: 213K(448K)->213K(448K) NonClass: 204K(320K)->204K(320K) Class: 9K(128K)->9K(128K)
[6.046s][info   ][gc          ] GC(89) Pause Young (Allocation Failure) 1301M->881M(1938M) 6.625ms
[6.046s][info   ][gc,cpu      ] GC(89) User=0.03s Sys=0.00s Real=0.01s
[6.102s][info   ][gc,start    ] GC(90) Pause Young (Allocation Failure)
[6.106s][info   ][gc,heap     ] GC(90) PSYoungGen: 501799K(586752K)->18432K(579584K) Eden: 466982K(467456K)->0K(467456K) From: 34816K(119296K)->18432K(112128K)
[6.106s][info   ][gc,heap     ] GC(90) ParOldGen: 867957K(1398272K)->867957K(1398272K)
[6.106s][info   ][gc,metaspace] GC(90) Metaspace: 213K(448K)->213K(448K) NonClass: 204K(320K)->204K(320K) Class: 9K(128K)->9K(128K)
[6.106s][info   ][gc          ] GC(90) Pause Young (Allocation Failure) 1337M->865M(1931M) 3.888ms
[6.106s][info   ][gc,cpu      ] GC(90) User=0.01s Sys=0.00s Real=0.00s
[6.162s][info   ][gc,start    ] GC(91) Pause Young (Allocation Failure)
[6.169s][info   ][gc,heap     ] GC(91) PSYoungGen: 485428K(579584K)->39936K(596480K) Eden: 466996K(467456K)->0K(488448K) From: 18432K(112128K)->39936K(108032K)
[6.169s][info   ][gc,heap     ] GC(91) ParOldGen: 867957K(1398272K)->867957K(1398272K)
[6.169s][info   ][gc,metaspace] GC(91) Metaspace: 213K(448K)->213K(448K) NonClass: 204K(320K)->204K(320K) Class: 9K(128K)->9K(128K)
[6.169s][info   ][gc          ] GC(91) Pause Young (Allocation Failure) 1321M->886M(1948M) 7.032ms
[6.169s][info   ][gc,cpu      ] GC(91) User=0.02s Sys=0.00s Real=0.01s
[6.228s][info   ][gc,start    ] GC(92) Pause Young (Allocation Failure)
[6.232s][info   ][gc,heap     ] GC(92) PSYoungGen: 527845K(596480K)->25600K(590848K) Eden: 487909K(488448K)->0K(488448K) From: 39936K(108032K)->25600K(102400K)
[6.232s][info   ][gc,heap     ] GC(92) ParOldGen: 867957K(1398272K)->867957K(1398272K)
[6.232s][info   ][gc,metaspace] GC(92) Metaspace: 213K(448K)->213K(448K) NonClass: 204K(320K)->204K(320K) Class: 9K(128K)->9K(128K)
[6.232s][info   ][gc          ] GC(92) Pause Young (Allocation Failure) 1363M->872M(1942M) 4.768ms
[6.232s][info   ][gc,cpu      ] GC(92) User=0.02s Sys=0.00s Real=0.00s
[6.291s][info   ][gc,start    ] GC(93) Pause Young (Allocation Failure)
[6.296s][info   ][gc,heap     ] GC(93) PSYoungGen: 513525K(590848K)->21504K(605184K) Eden: 487925K(488448K)->0K(507392K) From: 25600K(102400K)->21504K(97792K)
[6.296s][info   ][gc,heap     ] GC(93) ParOldGen: 867957K(1398272K)->867957K(1398272K)
[6.296s][info   ][gc,metaspace] GC(93) Metaspace: 213K(448K)->213K(448K) NonClass: 204K(320K)->204K(320K) Class: 9K(128K)->9K(128K)
[6.296s][info   ][gc          ] GC(93) Pause Young (Allocation Failure) 1349M->868M(1956M) 4.235ms
[6.296s][info   ][gc,cpu      ] GC(93) User=0.02s Sys=0.00s Real=0.00s
[6.356s][info   ][gc,start    ] GC(94) Pause Young (Allocation Failure)
[6.361s][info   ][gc,heap     ] GC(94) PSYoungGen: 528248K(605184K)->15360K(601088K) Eden: 506744K(507392K)->0K(507392K) From: 21504K(97792K)->15360K(93696K)
[6.361s][info   ][gc,heap     ] GC(94) ParOldGen: 867957K(1398272K)->867957K(1398272K)
[6.361s][info   ][gc,metaspace] GC(94) Metaspace: 213K(448K)->213K(448K) NonClass: 204K(320K)->204K(320K) Class: 9K(128K)->9K(128K)
[6.361s][info   ][gc          ] GC(94) Pause Young (Allocation Failure) 1363M->862M(1952M) 4.353ms
[6.361s][info   ][gc,cpu      ] GC(94) User=0.02s Sys=0.00s Real=0.00s
[6.422s][info   ][gc,start    ] GC(95) Pause Young (Allocation Failure)
[6.426s][info   ][gc,heap     ] GC(95) PSYoungGen: 522109K(601088K)->22528K(611840K) Eden: 506748K(507392K)->0K(520704K) From: 15360K(93696K)->22528K(91136K)
[6.426s][info   ][gc,heap     ] GC(95) ParOldGen: 867957K(1398272K)->867957K(1398272K)
[6.427s][info   ][gc,metaspace] GC(95) Metaspace: 213K(448K)->213K(448K) NonClass: 204K(320K)->204K(320K) Class: 9K(128K)->9K(128K)
[6.427s][info   ][gc          ] GC(95) Pause Young (Allocation Failure) 1357M->869M(1963M) 4.610ms
[6.427s][info   ][gc,cpu      ] GC(95) User=0.02s Sys=0.00s Real=0.01s
[6.491s][info   ][gc,start    ] GC(96) Pause Young (Allocation Failure)
[6.502s][info   ][gc,heap     ] GC(96) PSYoungGen: 542857K(611840K)->65537K(586752K) Eden: 520329K(520704K)->0K(520704K) From: 22528K(91136K)->65537K(66048K)
[6.502s][info   ][gc,heap     ] GC(96) ParOldGen: 867957K(1398272K)->867957K(1398272K)
[6.502s][info   ][gc,metaspace] GC(96) Metaspace: 213K(448K)->213K(448K) NonClass: 204K(320K)->204K(320K) Class: 9K(128K)->9K(128K)
[6.502s][info   ][gc          ] GC(96) Pause Young (Allocation Failure) 1377M->911M(1938M) 11.077ms
[6.502s][info   ][gc,cpu      ] GC(96) User=0.04s Sys=0.01s Real=0.01s
[6.566s][info   ][gc,start    ] GC(97) Pause Young (Allocation Failure)
[6.579s][info   ][gc,heap     ] GC(97) PSYoungGen: 585866K(586752K)->79873K(583168K) Eden: 520329K(520704K)->0K(488960K) From: 65537K(66048K)->79873K(94208K)
[6.579s][info   ][gc,heap     ] GC(97) ParOldGen: 867957K(1398272K)->867957K(1398272K)
[6.579s][info   ][gc,metaspace] GC(97) Metaspace: 213K(448K)->213K(448K) NonClass: 204K(320K)->204K(320K) Class: 9K(128K)->9K(128K)
[6.579s][info   ][gc          ] GC(97) Pause Young (Allocation Failure) 1419M->925M(1935M) 13.083ms
[6.579s][info   ][gc,cpu      ] GC(97) User=0.05s Sys=0.00s Real=0.01s
[6.639s][info   ][gc,start    ] GC(98) Pause Young (Allocation Failure)
[6.653s][info   ][gc,heap     ] GC(98) PSYoungGen: 567826K(583168K)->82945K(572416K) Eden: 487953K(488960K)->0K(488960K) From: 79873K(94208K)->82945K(83456K)
[6.653s][info   ][gc,heap     ] GC(98) ParOldGen: 867957K(1398272K)->867957K(1398272K)
[6.653s][info   ][gc,metaspace] GC(98) Metaspace: 213K(448K)->213K(448K) NonClass: 204K(320K)->204K(320K) Class: 9K(128K)->9K(128K)
[6.653s][info   ][gc          ] GC(98) Pause Young (Allocation Failure) 1402M->928M(1924M) 13.495ms
[6.653s][info   ][gc,cpu      ] GC(98) User=0.05s Sys=0.00s Real=0.01s
[6.713s][info   ][gc,start    ] GC(99) Pause Young (Allocation Failure)
[6.733s][info   ][gc,heap     ] GC(99) PSYoungGen: 570901K(572416K)->113665K(547328K) Eden: 487956K(488960K)->0K(432640K) From: 82945K(83456K)->113665K(114688K)
[6.733s][info   ][gc,heap     ] GC(99) ParOldGen: 867957K(1398272K)->881269K(1398272K)
[6.733s][info   ][gc,metaspace] GC(99) Metaspace: 213K(448K)->213K(448K) NonClass: 204K(320K)->204K(320K) Class: 9K(128K)->9K(128K)
[6.733s][info   ][gc          ] GC(99) Pause Young (Allocation Failure) 1405M->971M(1900M) 20.052ms
[6.733s][info   ][gc,cpu      ] GC(99) User=0.07s Sys=0.01s Real=0.02s
[6.784s][info   ][gc,start    ] GC(100) Pause Young (Allocation Failure)
[6.806s][info   ][gc,heap     ] GC(100) PSYoungGen: 545651K(547328K)->125953K(559104K) Eden: 431985K(432640K)->0K(432640K) From: 113665K(114688K)->125953K(126464K)
[6.806s][info   ][gc,heap     ] GC(100) ParOldGen: 881269K(1398272K)->884341K(1398272K)
[6.806s][info   ][gc,metaspace] GC(100) Metaspace: 213K(448K)->213K(448K) NonClass: 204K(320K)->204K(320K) Class: 9K(128K)->9K(128K)
[6.806s][info   ][gc          ] GC(100) Pause Young (Allocation Failure) 1393M->986M(1911M) 21.443ms
[6.806s][info   ][gc,cpu      ] GC(100) User=0.08s Sys=0.00s Real=0.02s
[6.856s][info   ][gc,start    ] GC(101) Pause Young (Allocation Failure)
[6.882s][info   ][gc,heap     ] GC(101) PSYoungGen: 557754K(559104K)->139266K(491520K) Eden: 431800K(432640K)->0K(351744K) From: 125953K(126464K)->139266K(139776K)
[6.882s][info   ][gc,heap     ] GC(101) ParOldGen: 884341K(1398272K)->902773K(1398272K)
[6.882s][info   ][gc,metaspace] GC(101) Metaspace: 213K(448K)->213K(448K) NonClass: 204K(320K)->204K(320K) Class: 9K(128K)->9K(128K)
[6.882s][info   ][gc          ] GC(101) Pause Young (Allocation Failure) 1408M->1017M(1845M) 25.518ms
[6.882s][info   ][gc,cpu      ] GC(101) User=0.08s Sys=0.02s Real=0.02s
[6.922s][info   ][gc,start    ] GC(102) Pause Young (Allocation Failure)
[6.942s][info   ][gc,heap     ] GC(102) PSYoungGen: 490336K(491520K)->104449K(456704K) Eden: 351070K(351744K)->0K(351744K) From: 139266K(139776K)->104449K(104960K)
[6.942s][info   ][gc,heap     ] GC(102) ParOldGen: 902773K(1398272K)->918134K(1398272K)
[6.942s][info   ][gc,metaspace] GC(102) Metaspace: 213K(448K)->213K(448K) NonClass: 204K(320K)->204K(320K) Class: 9K(128K)->9K(128K)
[6.942s][info   ][gc          ] GC(102) Pause Young (Allocation Failure) 1360M->998M(1811M) 19.377ms
[6.942s][info   ][gc,cpu      ] GC(102) User=0.06s Sys=0.01s Real=0.02s
[6.982s][info   ][gc,start    ] GC(103) Pause Young (Allocation Failure)
[6.998s][info   ][gc,heap     ] GC(103) PSYoungGen: 455525K(456704K)->91137K(524800K) Eden: 351076K(351744K)->0K(348160K) From: 104449K(104960K)->91137K(176640K)
[6.998s][info   ][gc,heap     ] GC(103) ParOldGen: 918134K(1398272K)->924278K(1398272K)
[6.998s][info   ][gc,metaspace] GC(103) Metaspace: 213K(448K)->213K(448K) NonClass: 204K(320K)->204K(320K) Class: 9K(128K)->9K(128K)
[6.998s][info   ][gc          ] GC(103) Pause Young (Allocation Failure) 1341M->991M(1878M) 16.065ms
[6.998s][info   ][gc,cpu      ] GC(103) User=0.05s Sys=0.00s Real=0.02s
[7.039s][info   ][gc,start    ] GC(104) Pause Young (Allocation Failure)
[7.057s][info   ][gc,heap     ] GC(104) PSYoungGen: 439031K(524800K)->114689K(463360K) Eden: 347893K(348160K)->0K(348160K) From: 91137K(176640K)->114689K(115200K)
[7.057s][info   ][gc,heap     ] GC(104) ParOldGen: 924278K(1398272K)->926326K(1398272K)
[7.057s][info   ][gc,metaspace] GC(104) Metaspace: 213K(448K)->213K(448K) NonClass: 204K(320K)->204K(320K) Class: 9K(128K)->9K(128K)
[7.057s][info   ][gc          ] GC(104) Pause Young (Allocation Failure) 1331M->1016M(1818M) 18.064ms
[7.057s][info   ][gc,cpu      ] GC(104) User=0.07s Sys=0.00s Real=0.02s
[7.098s][info   ][gc,start    ] GC(105) Pause Young (Allocation Failure)
[7.114s][info   ][gc,heap     ] GC(105) PSYoungGen: 462558K(463360K)->97281K(521728K) Eden: 347868K(348160K)->0K(342016K) From: 114689K(115200K)->97281K(179712K)
[7.114s][info   ][gc,heap     ] GC(105) ParOldGen: 926326K(1398272K)->931446K(1398272K)
[7.114s][info   ][gc,metaspace] GC(105) Metaspace: 213K(448K)->213K(448K) NonClass: 204K(320K)->204K(320K) Class: 9K(128K)->9K(128K)
[7.114s][info   ][gc          ] GC(105) Pause Young (Allocation Failure) 1356M->1004M(1875M) 15.970ms
[7.114s][info   ][gc,cpu      ] GC(105) User=0.05s Sys=0.01s Real=0.01s
[7.155s][info   ][gc,start    ] GC(106) Pause Young (Allocation Failure)
[7.167s][info   ][gc,heap     ] GC(106) PSYoungGen: 438869K(521728K)->67585K(519168K) Eden: 341587K(342016K)->0K(342016K) From: 97281K(179712K)->67585K(177152K)
[7.167s][info   ][gc,heap     ] GC(106) ParOldGen: 931446K(1398272K)->936566K(1398272K)
[7.167s][info   ][gc,metaspace] GC(106) Metaspace: 213K(448K)->213K(448K) NonClass: 204K(320K)->204K(320K) Class: 9K(128K)->9K(128K)
[7.167s][info   ][gc          ] GC(106) Pause Young (Allocation Failure) 1338M->980M(1872M) 12.112ms
[7.167s][info   ][gc,cpu      ] GC(106) User=0.04s Sys=0.01s Real=0.02s
[7.207s][info   ][gc,start    ] GC(107) Pause Young (Allocation Failure)
[7.215s][info   ][gc,heap     ] GC(107) PSYoungGen: 409162K(519168K)->41984K(532992K) Eden: 341577K(342016K)->0K(364032K) From: 67585K(177152K)->41984K(168960K)
[7.215s][info   ][gc,heap     ] GC(107) ParOldGen: 936566K(1398272K)->936566K(1398272K)
[7.215s][info   ][gc,metaspace] GC(107) Metaspace: 213K(448K)->213K(448K) NonClass: 204K(320K)->204K(320K) Class: 9K(128K)->9K(128K)
[7.215s][info   ][gc          ] GC(107) Pause Young (Allocation Failure) 1314M->955M(1886M) 7.463ms
[7.215s][info   ][gc,cpu      ] GC(107) User=0.03s Sys=0.00s Real=0.00s
[7.257s][info   ][gc,start    ] GC(108) Pause Young (Allocation Failure)
[7.272s][info   ][gc,heap     ] GC(108) PSYoungGen: 405492K(532992K)->92161K(529920K) Eden: 363507K(364032K)->0K(364032K) From: 41984K(168960K)->92161K(165888K)
[7.272s][info   ][gc,heap     ] GC(108) ParOldGen: 936566K(1398272K)->938614K(1398272K)
[7.272s][info   ][gc,metaspace] GC(108) Metaspace: 213K(448K)->213K(448K) NonClass: 204K(320K)->204K(320K) Class: 9K(128K)->9K(128K)
[7.272s][info   ][gc          ] GC(108) Pause Young (Allocation Failure) 1310M->1006M(1883M) 14.628ms
[7.272s][info   ][gc,cpu      ] GC(108) User=0.05s Sys=0.00s Real=0.01s
[7.315s][info   ][gc,start    ] GC(109) Pause Young (Allocation Failure)
[7.332s][info   ][gc,heap     ] GC(109) PSYoungGen: 455664K(529920K)->113665K(524288K) Eden: 363503K(364032K)->0K(360960K) From: 92161K(165888K)->113665K(163328K)
[7.332s][info   ][gc,heap     ] GC(109) ParOldGen: 938614K(1398272K)->941686K(1398272K)
[7.332s][info   ][gc,metaspace] GC(109) Metaspace: 213K(448K)->213K(448K) NonClass: 204K(320K)->204K(320K) Class: 9K(128K)->9K(128K)
[7.332s][info   ][gc          ] GC(109) Pause Young (Allocation Failure) 1361M->1030M(1877M) 17.739ms
[7.332s][info   ][gc,cpu      ] GC(109) User=0.06s Sys=0.01s Real=0.02s
[7.375s][info   ][gc,start    ] GC(110) Pause Young (Allocation Failure)
[7.393s][info   ][gc,heap     ] GC(110) PSYoungGen: 474033K(524288K)->117761K(479232K) Eden: 360367K(360960K)->0K(360960K) From: 113665K(163328K)->117761K(118272K)
[7.393s][info   ][gc,heap     ] GC(110) ParOldGen: 941686K(1398272K)->942710K(1398272K)
[7.393s][info   ][gc,metaspace] GC(110) Metaspace: 213K(448K)->213K(448K) NonClass: 204K(320K)->204K(320K) Class: 9K(128K)->9K(128K)
[7.393s][info   ][gc          ] GC(110) Pause Young (Allocation Failure) 1382M->1035M(1833M) 17.907ms
[7.393s][info   ][gc,cpu      ] GC(110) User=0.07s Sys=0.00s Real=0.02s
[7.435s][info   ][gc,start    ] GC(111) Pause Young (Allocation Failure)
[7.452s][info   ][gc,heap     ] GC(111) PSYoungGen: 478127K(479232K)->105473K(525824K) Eden: 360366K(360960K)->0K(351744K) From: 117761K(118272K)->105473K(174080K)
[7.452s][info   ][gc,heap     ] GC(111) ParOldGen: 942710K(1398272K)->949878K(1398272K)
[7.452s][info   ][gc,metaspace] GC(111) Metaspace: 213K(448K)->213K(448K) NonClass: 204K(320K)->204K(320K) Class: 9K(128K)->9K(128K)
[7.452s][info   ][gc          ] GC(111) Pause Young (Allocation Failure) 1387M->1030M(1879M) 17.446ms
[7.452s][info   ][gc,cpu      ] GC(111) User=0.06s Sys=0.01s Real=0.02s
[7.494s][info   ][gc,start    ] GC(112) Pause Young (Allocation Failure)
[7.512s][info   ][gc,heap     ] GC(112) PSYoungGen: 456441K(525824K)->110593K(524800K) Eden: 350968K(351744K)->0K(351744K) From: 105473K(174080K)->110593K(173056K)
[7.512s][info   ][gc,heap     ] GC(112) ParOldGen: 949878K(1398272K)->956022K(1398272K)
[7.512s][info   ][gc,metaspace] GC(112) Metaspace: 213K(448K)->213K(448K) NonClass: 204K(320K)->204K(320K) Class: 9K(128K)->9K(128K)
[7.512s][info   ][gc          ] GC(112) Pause Young (Allocation Failure) 1373M->1041M(1878M) 18.372ms
[7.512s][info   ][gc,cpu      ] GC(112) User=0.06s Sys=0.01s Real=0.02s
[7.554s][info   ][gc,start    ] GC(113) Pause Young (Allocation Failure)
[7.575s][info   ][gc,heap     ] GC(113) PSYoungGen: 461560K(524800K)->135170K(506880K) Eden: 350967K(351744K)->0K(333312K) From: 110593K(173056K)->135170K(173568K)
[7.576s][info   ][gc,heap     ] GC(113) ParOldGen: 956022K(1398272K)->964214K(1398272K)
[7.576s][info   ][gc,metaspace] GC(113) Metaspace: 213K(448K)->213K(448K) NonClass: 204K(320K)->204K(320K) Class: 9K(128K)->9K(128K)
[7.576s][info   ][gc          ] GC(113) Pause Young (Allocation Failure) 1384M->1073M(1860M) 21.913ms
[7.576s][info   ][gc,cpu      ] GC(113) User=0.08s Sys=0.01s Real=0.02s
[7.615s][info   ][gc,start    ] GC(114) Pause Young (Allocation Failure)
[7.634s][info   ][gc,heap     ] GC(114) PSYoungGen: 468367K(506880K)->113665K(516096K) Eden: 333197K(333312K)->0K(333312K) From: 135170K(173568K)->113665K(182784K)
[7.634s][info   ][gc,heap     ] GC(114) ParOldGen: 964214K(1398272K)->975478K(1398272K)
[7.634s][info   ][gc,metaspace] GC(114) Metaspace: 213K(448K)->213K(448K) NonClass: 204K(320K)->204K(320K) Class: 9K(128K)->9K(128K)
[7.634s][info   ][gc          ] GC(114) Pause Young (Allocation Failure) 1399M->1063M(1869M) 19.288ms
[7.634s][info   ][gc,cpu      ] GC(114) User=0.06s Sys=0.01s Real=0.02s
[7.672s][info   ][gc,start    ] GC(115) Pause Young (Allocation Failure)
[7.695s][info   ][gc,heap     ] GC(115) PSYoungGen: 446862K(516096K)->129025K(509440K) Eden: 333196K(333312K)->0K(328192K) From: 113665K(182784K)->129025K(181248K)
[7.695s][info   ][gc,heap     ] GC(115) ParOldGen: 975478K(1398272K)->993911K(1398272K)
[7.695s][info   ][gc,metaspace] GC(115) Metaspace: 213K(448K)->213K(448K) NonClass: 204K(320K)->204K(320K) Class: 9K(128K)->9K(128K)
[7.695s][info   ][gc          ] GC(115) Pause Young (Allocation Failure) 1389M->1096M(1863M) 22.956ms
[7.695s][info   ][gc,cpu      ] GC(115) User=0.07s Sys=0.02s Real=0.02s
[7.735s][info   ][gc,start    ] GC(116) Pause Young (Allocation Failure)
[7.754s][info   ][gc,heap     ] GC(116) PSYoungGen: 457002K(509440K)->109569K(513536K) Eden: 327976K(328192K)->0K(328192K) From: 129025K(181248K)->109569K(185344K)
[7.754s][info   ][gc,heap     ] GC(116) ParOldGen: 993911K(1398272K)->1000055K(1398272K)
[7.754s][info   ][gc,metaspace] GC(116) Metaspace: 213K(448K)->213K(448K) NonClass: 204K(320K)->204K(320K) Class: 9K(128K)->9K(128K)
[7.754s][info   ][gc          ] GC(116) Pause Young (Allocation Failure) 1416M->1083M(1867M) 19.326ms
[7.754s][info   ][gc,cpu      ] GC(116) User=0.07s Sys=0.00s Real=0.02s
[7.793s][info   ][gc,start    ] GC(117) Pause Young (Allocation Failure)
[7.809s][info   ][gc,heap     ] GC(117) PSYoungGen: 437545K(513536K)->96257K(525824K) Eden: 327976K(328192K)->0K(345088K) From: 109569K(185344K)->96257K(180736K)
[7.809s][info   ][gc,heap     ] GC(117) ParOldGen: 1000055K(1398272K)->1004151K(1398272K)
[7.809s][info   ][gc,metaspace] GC(117) Metaspace: 213K(448K)->213K(448K) NonClass: 204K(320K)->204K(320K) Class: 9K(128K)->9K(128K)
[7.809s][info   ][gc          ] GC(117) Pause Young (Allocation Failure) 1403M->1074M(1879M) 16.004ms
[7.809s][info   ][gc,cpu      ] GC(117) User=0.06s Sys=0.01s Real=0.02s
[7.849s][info   ][gc,start    ] GC(118) Pause Young (Allocation Failure)
[7.865s][info   ][gc,heap     ] GC(118) PSYoungGen: 440949K(525824K)->99329K(518144K) Eden: 344691K(345088K)->0K(345088K) From: 96257K(180736K)->99329K(173056K)
[7.865s][info   ][gc,heap     ] GC(118) ParOldGen: 1004151K(1398272K)->1005175K(1398272K)
[7.865s][info   ][gc,metaspace] GC(118) Metaspace: 213K(448K)->213K(448K) NonClass: 204K(320K)->204K(320K) Class: 9K(128K)->9K(128K)
[7.865s][info   ][gc          ] GC(118) Pause Young (Allocation Failure) 1411M->1078M(1871M) 15.749ms
[7.865s][info   ][gc,cpu      ] GC(118) User=0.06s Sys=0.00s Real=0.01s
[7.906s][info   ][gc,start    ] GC(119) Pause Young (Allocation Failure)
[7.923s][info   ][gc,heap     ] GC(119) PSYoungGen: 444021K(518144K)->104449K(537600K) Eden: 344691K(345088K)->0K(371712K) From: 99329K(173056K)->104449K(165888K)
[7.923s][info   ][gc,heap     ] GC(119) ParOldGen: 1005175K(1398272K)->1006199K(1398272K)
[7.923s][info   ][gc,metaspace] GC(119) Metaspace: 213K(448K)->213K(448K) NonClass: 204K(320K)->204K(320K) Class: 9K(128K)->9K(128K)
[7.923s][info   ][gc          ] GC(119) Pause Young (Allocation Failure) 1415M->1084M(1890M) 17.156ms
[7.923s][info   ][gc,cpu      ] GC(119) User=0.07s Sys=0.00s Real=0.02s
[7.968s][info   ][gc,start    ] GC(120) Pause Young (Allocation Failure)
[7.980s][info   ][gc,heap     ] GC(120) PSYoungGen: 475263K(537600K)->73729K(532992K) Eden: 370813K(371712K)->0K(371712K) From: 104449K(165888K)->73729K(161280K)
[7.980s][info   ][gc,heap     ] GC(120) ParOldGen: 1006199K(1398272K)->1006199K(1398272K)
[7.980s][info   ][gc,metaspace] GC(120) Metaspace: 213K(448K)->213K(448K) NonClass: 204K(320K)->204K(320K) Class: 9K(128K)->9K(128K)
[7.980s][info   ][gc          ] GC(120) Pause Young (Allocation Failure) 1446M->1054M(1886M) 11.932ms
[7.980s][info   ][gc,cpu      ] GC(120) User=0.04s Sys=0.01s Real=0.01s
[8.024s][info   ][gc,start    ] GC(121) Pause Young (Allocation Failure)
[8.040s][info   ][gc,heap     ] GC(121) PSYoungGen: 444542K(532992K)->101377K(543744K) Eden: 370813K(371712K)->0K(384000K) From: 73729K(161280K)->101377K(159744K)
[8.040s][info   ][gc,heap     ] GC(121) ParOldGen: 1006199K(1398272K)->1009271K(1398272K)
[8.040s][info   ][gc,metaspace] GC(121) Metaspace: 213K(448K)->213K(448K) NonClass: 204K(320K)->204K(320K) Class: 9K(128K)->9K(128K)
[8.040s][info   ][gc          ] GC(121) Pause Young (Allocation Failure) 1416M->1084M(1896M) 16.280ms
[8.040s][info   ][gc,cpu      ] GC(121) User=0.06s Sys=0.00s Real=0.02s
[8.085s][info   ][gc,start    ] GC(122) Pause Young (Allocation Failure)
[8.144s][info   ][gc,heap     ] GC(122) PSYoungGen: 484720K(543744K)->136194K(520704K) Eden: 383342K(384000K)->0K(384000K) From: 101377K(159744K)->136194K(136704K)
[8.144s][info   ][gc,heap     ] GC(122) ParOldGen: 1009271K(1398272K)->1014391K(1398272K)
[8.144s][info   ][gc,metaspace] GC(122) Metaspace: 213K(448K)->213K(448K) NonClass: 204K(320K)->204K(320K) Class: 9K(128K)->9K(128K)
[8.144s][info   ][gc          ] GC(122) Pause Young (Allocation Failure) 1458M->1123M(1874M) 58.967ms
[8.144s][info   ][gc,cpu      ] GC(122) User=0.20s Sys=0.03s Real=0.06s
[8.189s][info   ][gc,start    ] GC(123) Pause Young (Allocation Failure)
[8.214s][info   ][gc,heap     ] GC(123) PSYoungGen: 519536K(520704K)->152578K(509952K) Eden: 383342K(384000K)->0K(346624K) From: 136194K(136704K)->152578K(163328K)
[8.214s][info   ][gc,heap     ] GC(123) ParOldGen: 1014391K(1398272K)->1029751K(1398272K)
[8.214s][info   ][gc,metaspace] GC(123) Metaspace: 213K(448K)->213K(448K) NonClass: 204K(320K)->204K(320K) Class: 9K(128K)->9K(128K)
[8.214s][info   ][gc          ] GC(123) Pause Young (Allocation Failure) 1497M->1154M(1863M) 25.375ms
[8.215s][info   ][gc,cpu      ] GC(123) User=0.09s Sys=0.01s Real=0.02s
[8.253s][info   ][gc,start    ] GC(124) Pause Young (Allocation Failure)
[8.276s][info   ][gc,heap     ] GC(124) PSYoungGen: 498330K(509952K)->125953K(473088K) Eden: 345751K(346624K)->0K(346624K) From: 152578K(163328K)->125953K(126464K)
[8.276s][info   ][gc,heap     ] GC(124) ParOldGen: 1029751K(1398272K)->1045112K(1398272K)
[8.276s][info   ][gc,metaspace] GC(124) Metaspace: 213K(448K)->213K(448K) NonClass: 204K(320K)->204K(320K) Class: 9K(128K)->9K(128K)
[8.276s][info   ][gc          ] GC(124) Pause Young (Allocation Failure) 1492M->1143M(1827M) 22.450ms
[8.276s][info   ][gc,cpu      ] GC(124) User=0.07s Sys=0.01s Real=0.03s
[8.316s][info   ][gc,start    ] GC(125) Pause Young (Allocation Failure)
[8.342s][info   ][gc,heap     ] GC(125) PSYoungGen: 471710K(473088K)->156674K(500736K) Eden: 345756K(346624K)->0K(324096K) From: 125953K(126464K)->156674K(176640K)
[8.342s][info   ][gc,heap     ] GC(125) ParOldGen: 1045112K(1398272K)->1061496K(1398272K)
[8.342s][info   ][gc,metaspace] GC(125) Metaspace: 213K(448K)->213K(448K) NonClass: 204K(320K)->204K(320K) Class: 9K(128K)->9K(128K)
[8.342s][info   ][gc          ] GC(125) Pause Young (Allocation Failure) 1481M->1189M(1854M) 26.651ms
[8.342s][info   ][gc,cpu      ] GC(125) User=0.09s Sys=0.01s Real=0.03s
[8.380s][info   ][gc,start    ] GC(126) Pause Young (Allocation Failure)
[8.404s][info   ][gc,heap     ] GC(126) PSYoungGen: 480480K(500736K)->140290K(464896K) Eden: 323806K(324096K)->0K(324096K) From: 156674K(176640K)->140290K(140800K)
[8.404s][info   ][gc,heap     ] GC(126) ParOldGen: 1061496K(1398272K)->1086072K(1398272K)
[8.405s][info   ][gc,metaspace] GC(126) Metaspace: 213K(448K)->213K(448K) NonClass: 204K(320K)->204K(320K) Class: 9K(128K)->9K(128K)
[8.405s][info   ][gc          ] GC(126) Pause Young (Allocation Failure) 1505M->1197M(1819M) 24.681ms
[8.405s][info   ][gc,cpu      ] GC(126) User=0.08s Sys=0.02s Real=0.02s
[8.443s][info   ][gc,start    ] GC(127) Pause Young (Allocation Failure)
[8.468s][info   ][gc,heap     ] GC(127) PSYoungGen: 464093K(464896K)->145410K(501760K) Eden: 323803K(324096K)->0K(311808K) From: 140290K(140800K)->145410K(189952K)
[8.468s][info   ][gc,heap     ] GC(127) ParOldGen: 1086072K(1398272K)->1111673K(1398272K)
[8.468s][info   ][gc,metaspace] GC(127) Metaspace: 213K(448K)->213K(448K) NonClass: 204K(320K)->204K(320K) Class: 9K(128K)->9K(128K)
[8.468s][info   ][gc          ] GC(127) Pause Young (Allocation Failure) 1513M->1227M(1855M) 25.449ms
[8.468s][info   ][gc,cpu      ] GC(127) User=0.08s Sys=0.02s Real=0.03s
[8.505s][info   ][gc,start    ] GC(128) Pause Young (Allocation Failure)
[8.535s][info   ][gc,heap     ] GC(128) PSYoungGen: 456683K(501760K)->151554K(463872K) Eden: 311273K(311808K)->0K(311808K) From: 145410K(189952K)->151554K(152064K)
[8.535s][info   ][gc,heap     ] GC(128) ParOldGen: 1111673K(1398272K)->1147513K(1398272K)
[8.535s][info   ][gc,metaspace] GC(128) Metaspace: 213K(448K)->213K(448K) NonClass: 204K(320K)->204K(320K) Class: 9K(128K)->9K(128K)
[8.535s][info   ][gc          ] GC(128) Pause Young (Allocation Failure) 1531M->1268M(1818M) 30.194ms
[8.535s][info   ][gc,cpu      ] GC(128) User=0.09s Sys=0.02s Real=0.03s
[8.571s][info   ][gc,start    ] GC(129) Pause Young (Allocation Failure)
[8.599s][info   ][gc,heap     ] GC(129) PSYoungGen: 462826K(463872K)->157698K(489472K) Eden: 311272K(311808K)->0K(291328K) From: 151554K(152064K)->157698K(198144K)
[8.599s][info   ][gc,heap     ] GC(129) ParOldGen: 1147513K(1398272K)->1165945K(1398272K)
[8.599s][info   ][gc,metaspace] GC(129) Metaspace: 213K(448K)->213K(448K) NonClass: 204K(320K)->204K(320K) Class: 9K(128K)->9K(128K)
[8.599s][info   ][gc          ] GC(129) Pause Young (Allocation Failure) 1572M->1292M(1843M) 27.241ms
[8.599s][info   ][gc,cpu      ] GC(129) User=0.09s Sys=0.02s Real=0.03s
[8.634s][info   ][gc,start    ] GC(130) Pause Young (Allocation Failure)
[8.658s][info   ][gc,heap     ] GC(130) PSYoungGen: 448087K(489472K)->120833K(495104K) Eden: 290389K(291328K)->0K(291328K) From: 157698K(198144K)->120833K(203776K)
[8.658s][info   ][gc,heap     ] GC(130) ParOldGen: 1165945K(1398272K)->1188474K(1398272K)
[8.658s][info   ][gc,metaspace] GC(130) Metaspace: 213K(448K)->213K(448K) NonClass: 204K(320K)->204K(320K) Class: 9K(128K)->9K(128K)
[8.658s][info   ][gc          ] GC(130) Pause Young (Allocation Failure) 1576M->1278M(1849M) 24.127ms
[8.658s][info   ][gc,cpu      ] GC(130) User=0.06s Sys=0.02s Real=0.03s
[8.694s][info   ][gc,start    ] GC(131) Pause Young (Allocation Failure)
[8.720s][info   ][gc,heap     ] GC(131) PSYoungGen: 411222K(495104K)->131074K(506880K) Eden: 290389K(291328K)->0K(309760K) From: 120833K(203776K)->131074K(197120K)
[8.720s][info   ][gc,heap     ] GC(131) ParOldGen: 1188474K(1398272K)->1212026K(1398272K)
[8.720s][info   ][gc,metaspace] GC(131) Metaspace: 213K(448K)->213K(448K) NonClass: 204K(320K)->204K(320K) Class: 9K(128K)->9K(128K)
[8.720s][info   ][gc          ] GC(131) Pause Young (Allocation Failure) 1562M->1311M(1860M) 25.554ms
[8.720s][info   ][gc,cpu      ] GC(131) User=0.07s Sys=0.02s Real=0.03s
[8.756s][info   ][gc,start    ] GC(132) Pause Young (Allocation Failure)
[8.776s][info   ][gc,heap     ] GC(132) PSYoungGen: 440256K(506880K)->109569K(501760K) Eden: 309182K(309760K)->0K(309760K) From: 131074K(197120K)->109569K(192000K)
[8.776s][info   ][gc,heap     ] GC(132) ParOldGen: 1212026K(1398272K)->1225338K(1398272K)
[8.776s][info   ][gc,metaspace] GC(132) Metaspace: 213K(448K)->213K(448K) NonClass: 204K(320K)->204K(320K) Class: 9K(128K)->9K(128K)
[8.776s][info   ][gc          ] GC(132) Pause Young (Allocation Failure) 1613M->1303M(1855M) 19.541ms
[8.776s][info   ][gc,cpu      ] GC(132) User=0.06s Sys=0.01s Real=0.01s
[8.813s][info   ][gc,start    ] GC(133) Pause Young (Allocation Failure)
[8.839s][info   ][gc,heap     ] GC(133) PSYoungGen: 418752K(501760K)->154626K(500736K) Eden: 309182K(309760K)->0K(312832K) From: 109569K(192000K)->154626K(187904K)
[8.839s][info   ][gc,heap     ] GC(133) ParOldGen: 1225338K(1398272K)->1241723K(1398272K)
[8.839s][info   ][gc,metaspace] GC(133) Metaspace: 213K(448K)->213K(448K) NonClass: 204K(320K)->204K(320K) Class: 9K(128K)->9K(128K)
[8.839s][info   ][gc          ] GC(133) Pause Young (Allocation Failure) 1605M->1363M(1854M) 26.505ms
[8.839s][info   ][gc,cpu      ] GC(133) User=0.08s Sys=0.01s Real=0.03s
[8.876s][info   ][gc,start    ] GC(134) Pause Young (Allocation Failure)
[8.898s][info   ][gc,heap     ] GC(134) PSYoungGen: 466940K(500736K)->124929K(505856K) Eden: 312314K(312832K)->0K(312832K) From: 154626K(187904K)->124929K(193024K)
[8.898s][info   ][gc,heap     ] GC(134) ParOldGen: 1241723K(1398272K)->1259131K(1398272K)
[8.898s][info   ][gc,metaspace] GC(134) Metaspace: 213K(448K)->213K(448K) NonClass: 204K(320K)->204K(320K) Class: 9K(128K)->9K(128K)
[8.898s][info   ][gc          ] GC(134) Pause Young (Allocation Failure) 1668M->1351M(1859M) 21.260ms
[8.898s][info   ][gc,cpu      ] GC(134) User=0.07s Sys=0.02s Real=0.02s
[8.935s][info   ][gc,start    ] GC(135) Pause Young (Allocation Failure)
[8.959s][info   ][gc,heap     ] GC(135) PSYoungGen: 437244K(505856K)->132098K(516096K) Eden: 312314K(312832K)->0K(329216K) From: 124929K(193024K)->132098K(186880K)
[8.959s][info   ][gc,heap     ] GC(135) ParOldGen: 1259131K(1398272K)->1283707K(1398272K)
[8.959s][info   ][gc,metaspace] GC(135) Metaspace: 213K(448K)->213K(448K) NonClass: 204K(320K)->204K(320K) Class: 9K(128K)->9K(128K)
[8.959s][info   ][gc          ] GC(135) Pause Young (Allocation Failure) 1656M->1382M(1869M) 24.032ms
[8.960s][info   ][gc,cpu      ] GC(135) User=0.07s Sys=0.02s Real=0.03s
[8.999s][info   ][gc,start    ] GC(136) Pause Young (Allocation Failure)
[9.032s][info   ][gc,heap     ] GC(136) PSYoungGen: 461117K(516096K)->182274K(512000K) Eden: 329019K(329216K)->0K(329216K) From: 132098K(186880K)->182274K(182784K)
[9.032s][info   ][gc,heap     ] GC(136) ParOldGen: 1283707K(1398272K)->1315452K(1398272K)
[9.032s][info   ][gc,metaspace] GC(136) Metaspace: 213K(448K)->213K(448K) NonClass: 204K(320K)->204K(320K) Class: 9K(128K)->9K(128K)
[9.032s][info   ][gc          ] GC(136) Pause Young (Allocation Failure) 1703M->1462M(1865M) 33.736ms
[9.032s][info   ][gc,cpu      ] GC(136) User=0.10s Sys=0.03s Real=0.03s
[9.071s][info   ][gc,start    ] GC(137) Pause Young (Allocation Failure)
[9.114s][info   ][gc,promotion] GC(137) Promotion failed
[9.114s][info   ][gc,heap     ] GC(137) PSYoungGen: 511294K(512000K)->511294K(512000K) Eden: 329019K(329216K)->329019K(329216K) From: 182274K(182784K)->182274K(182784K)
[9.114s][info   ][gc,heap     ] GC(137) ParOldGen: 1315452K(1398272K)->1397373K(1398272K)
[9.114s][info   ][gc,metaspace] GC(137) Metaspace: 213K(448K)->213K(448K) NonClass: 204K(320K)->204K(320K) Class: 9K(128K)->9K(128K)
[9.114s][info   ][gc          ] GC(137) Pause Young (Allocation Failure) 1783M->1863M(1865M) 42.626ms
[9.114s][info   ][gc,cpu      ] GC(137) User=0.09s Sys=0.07s Real=0.04s
[9.114s][info   ][gc,start    ] GC(138) Pause Full (Ergonomics)
[9.114s][info   ][gc,phases,start] GC(138) Marking Phase
[9.125s][info   ][gc,phases      ] GC(138) Marking Phase 11.009ms
[9.125s][info   ][gc,phases,start] GC(138) Summary Phase
[9.125s][info   ][gc,phases      ] GC(138) Summary Phase 0.146ms
[9.125s][info   ][gc,phases,start] GC(138) Adjust Roots
[9.125s][info   ][gc,phases      ] GC(138) Adjust Roots 0.169ms
[9.125s][info   ][gc,phases,start] GC(138) Compaction Phase
[9.154s][info   ][gc,phases      ] GC(138) Compaction Phase 28.809ms
[9.154s][info   ][gc,phases,start] GC(138) Post Compact
[9.203s][info   ][gc,phases      ] GC(138) Post Compact 49.096ms
[9.203s][info   ][gc,heap        ] GC(138) PSYoungGen: 511294K(512000K)->0K(490496K) Eden: 329019K(329216K)->0K(303616K) From: 182274K(182784K)->0K(186880K)
[9.203s][info   ][gc,heap        ] GC(138) ParOldGen: 1397373K(1398272K)->260669K(1398272K)
[9.203s][info   ][gc,metaspace   ] GC(138) Metaspace: 213K(448K)->213K(448K) NonClass: 204K(320K)->204K(320K) Class: 9K(128K)->9K(128K)
[9.203s][info   ][gc             ] GC(138) Pause Full (Ergonomics) 1863M->254M(1844M) 89.497ms
[9.203s][info   ][gc,cpu         ] GC(138) User=0.12s Sys=0.06s Real=0.09s
[9.239s][info   ][gc,start       ] GC(139) Pause Young (Allocation Failure)
[9.264s][info   ][gc,heap        ] GC(139) PSYoungGen: 302917K(490496K)->171010K(475136K) Eden: 302917K(303616K)->0K(303616K) From: 0K(186880K)->171010K(171520K)
[9.264s][info   ][gc,heap        ] GC(139) ParOldGen: 260669K(1398272K)->260669K(1398272K)
[9.264s][info   ][gc,metaspace   ] GC(139) Metaspace: 213K(448K)->213K(448K) NonClass: 204K(320K)->204K(320K) Class: 9K(128K)->9K(128K)
[9.264s][info   ][gc             ] GC(139) Pause Young (Allocation Failure) 550M->421M(1829M) 25.042ms
[9.264s][info   ][gc,cpu         ] GC(139) User=0.09s Sys=0.00s Real=0.02s
[9.301s][info   ][gc,start       ] GC(140) Pause Young (Allocation Failure)
[9.334s][info   ][gc,heap        ] GC(140) PSYoungGen: 473870K(475136K)->152578K(494592K) Eden: 302860K(303616K)->0K(289280K) From: 171010K(171520K)->152578K(205312K)
[9.334s][info   ][gc,heap        ] GC(140) ParOldGen: 260669K(1398272K)->315966K(1398272K)
[9.334s][info   ][gc,metaspace   ] GC(140) Metaspace: 213K(448K)->213K(448K) NonClass: 204K(320K)->204K(320K) Class: 9K(128K)->9K(128K)
[9.334s][info   ][gc             ] GC(140) Pause Young (Allocation Failure) 717M->457M(1848M) 32.797ms
[9.334s][info   ][gc,cpu         ] GC(140) User=0.11s Sys=0.00s Real=0.03s
[9.369s][info   ][gc,start       ] GC(141) Pause Young (Allocation Failure)
[9.402s][info   ][gc,heap        ] GC(141) PSYoungGen: 440843K(494592K)->164866K(454656K) Eden: 288265K(289280K)->0K(289280K) From: 152578K(205312K)->164866K(165376K)
[9.402s][info   ][gc,heap        ] GC(141) ParOldGen: 315966K(1398272K)->372287K(1398272K)
[9.402s][info   ][gc,metaspace   ] GC(141) Metaspace: 213K(448K)->213K(448K) NonClass: 204K(320K)->204K(320K) Class: 9K(128K)->9K(128K)
[9.402s][info   ][gc             ] GC(141) Pause Young (Allocation Failure) 739M->524M(1809M) 33.486ms
[9.402s][info   ][gc,cpu         ] GC(141) User=0.12s Sys=0.00s Real=0.03s
[9.437s][info   ][gc,start       ] GC(142) Pause Young (Allocation Failure)
[9.471s][info   ][gc,heap        ] GC(142) PSYoungGen: 453144K(454656K)->161794K(489472K) Eden: 288277K(289280K)->0K(282112K) From: 164866K(165376K)->161794K(207360K)
[9.471s][info   ][gc,heap        ] GC(142) ParOldGen: 372287K(1398272K)->432704K(1398272K)
[9.471s][info   ][gc,metaspace   ] GC(142) Metaspace: 213K(448K)->213K(448K) NonClass: 204K(320K)->204K(320K) Class: 9K(128K)->9K(128K)
[9.471s][info   ][gc             ] GC(142) Pause Young (Allocation Failure) 806M->580M(1843M) 34.345ms
[9.471s][info   ][gc,cpu         ] GC(142) User=0.09s Sys=0.00s Real=0.03s
[9.506s][info   ][gc,start       ] GC(143) Pause Young (Allocation Failure)
[9.555s][info   ][gc,heap        ] GC(143) PSYoungGen: 443795K(489472K)->191490K(474112K) Eden: 282001K(282112K)->0K(282112K) From: 161794K(207360K)->191490K(192000K)
[9.555s][info   ][gc,heap        ] GC(143) ParOldGen: 432704K(1398272K)->492097K(1398272K)
[9.555s][info   ][gc,metaspace   ] GC(143) Metaspace: 213K(448K)->213K(448K) NonClass: 204K(320K)->204K(320K) Class: 9K(128K)->9K(128K)
[9.555s][info   ][gc             ] GC(143) Pause Young (Allocation Failure) 855M->667M(1828M) 49.223ms
[9.555s][info   ][gc,cpu         ] GC(143) User=0.10s Sys=0.01s Real=0.04s
[9.593s][info   ][gc,start       ] GC(144) Pause Young (Allocation Failure)
[9.640s][info   ][gc,heap        ] GC(144) PSYoungGen: 473497K(474112K)->201731K(453632K) Eden: 282006K(282112K)->0K(233984K) From: 191490K(192000K)->201731K(219648K)
[9.640s][info   ][gc,heap        ] GC(144) ParOldGen: 492097K(1398272K)->579138K(1398272K)
[9.640s][info   ][gc,metaspace   ] GC(144) Metaspace: 213K(448K)->213K(448K) NonClass: 204K(320K)->204K(320K) Class: 9K(128K)->9K(128K)
[9.640s][info   ][gc             ] GC(144) Pause Young (Allocation Failure) 942M->762M(1808M) 47.138ms
[9.640s][info   ][gc,cpu         ] GC(144) User=0.16s Sys=0.00s Real=0.05s
[9.671s][info   ][gc,start       ] GC(145) Pause Young (Allocation Failure)
[9.715s][info   ][gc,heap        ] GC(145) PSYoungGen: 435693K(453632K)->161794K(466432K) Eden: 233962K(233984K)->0K(233984K) From: 201731K(219648K)->161794K(232448K)
[9.715s][info   ][gc,heap        ] GC(145) ParOldGen: 579138K(1398272K)->672324K(1398272K)
[9.715s][info   ][gc,metaspace   ] GC(145) Metaspace: 213K(448K)->213K(448K) NonClass: 204K(320K)->204K(320K) Class: 9K(128K)->9K(128K)
[9.715s][info   ][gc             ] GC(145) Pause Young (Allocation Failure) 991M->814M(1821M) 44.331ms
[9.715s][info   ][gc,cpu         ] GC(145) User=0.13s Sys=0.00s Real=0.04s
[9.746s][info   ][gc,start       ] GC(146) Pause Young (Allocation Failure)
[9.782s][info   ][gc,heap        ] GC(146) PSYoungGen: 395758K(466432K)->151554K(477696K) Eden: 233964K(233984K)->0K(249856K) From: 161794K(232448K)->151554K(227840K)
[9.782s][info   ][gc,heap        ] GC(146) ParOldGen: 672324K(1398272K)->753221K(1398272K)
[9.782s][info   ][gc,metaspace   ] GC(146) Metaspace: 213K(448K)->213K(448K) NonClass: 204K(320K)->204K(320K) Class: 9K(128K)->9K(128K)
[9.782s][info   ][gc             ] GC(146) Pause Young (Allocation Failure) 1043M->883M(1832M) 36.023ms
[9.782s][info   ][gc,cpu         ] GC(146) User=0.13s Sys=0.01s Real=0.03s
[9.811s][info   ][gc,start       ] GC(147) Pause Young (Allocation Failure)
[9.848s][info   ][gc,heap        ] GC(147) PSYoungGen: 401190K(477696K)->174082K(471040K) Eden: 249636K(249856K)->0K(249856K) From: 151554K(227840K)->174082K(221184K)
[9.848s][info   ][gc,heap        ] GC(147) ParOldGen: 753221K(1398272K)->830022K(1398272K)
[9.848s][info   ][gc,metaspace   ] GC(147) Metaspace: 213K(448K)->213K(448K) NonClass: 204K(320K)->204K(320K) Class: 9K(128K)->9K(128K)
[9.848s][info   ][gc             ] GC(147) Pause Young (Allocation Failure) 1127M->980M(1825M) 36.682ms
[9.848s][info   ][gc,cpu         ] GC(147) User=0.14s Sys=0.00s Real=0.04s
[9.878s][info   ][gc,start       ] GC(148) Pause Young (Allocation Failure)
[9.919s][info   ][gc,heap        ] GC(148) PSYoungGen: 423720K(471040K)->174082K(477184K) Eden: 249637K(249856K)->0K(255488K) From: 174082K(221184K)->174082K(221696K)
[9.919s][info   ][gc,heap        ] GC(148) ParOldGen: 830022K(1398272K)->922184K(1398272K)
[9.919s][info   ][gc,metaspace   ] GC(148) Metaspace: 213K(448K)->213K(448K) NonClass: 204K(320K)->204K(320K) Class: 9K(128K)->9K(128K)
[9.919s][info   ][gc             ] GC(148) Pause Young (Allocation Failure) 1224M->1070M(1831M) 41.615ms
[9.919s][info   ][gc,cpu         ] GC(148) User=0.15s Sys=0.00s Real=0.04s
[9.950s][info   ][gc,start       ] GC(149) Pause Young (Allocation Failure)
[9.987s][info   ][gc,heap        ] GC(149) PSYoungGen: 428951K(477184K)->180226K(436224K) Eden: 254868K(255488K)->0K(255488K) From: 174082K(221696K)->180226K(180736K)
[9.987s][info   ][gc,heap        ] GC(149) ParOldGen: 922184K(1398272K)->986697K(1398272K)
[9.987s][info   ][gc,metaspace   ] GC(149) Metaspace: 213K(448K)->213K(448K) NonClass: 204K(320K)->204K(320K) Class: 9K(128K)->9K(128K)
[9.987s][info   ][gc             ] GC(149) Pause Young (Allocation Failure) 1319M->1139M(1791M) 37.179ms
[9.987s][info   ][gc,cpu         ] GC(149) User=0.13s Sys=0.00s Real=0.04s
[10.018s][info   ][gc,start       ] GC(150) Pause Young (Allocation Failure)
[10.055s][info   ][gc,heap        ] GC(150) PSYoungGen: 435095K(436224K)->164866K(479744K) Eden: 254868K(255488K)->0K(256000K) From: 180226K(180736K)->164866K(223744K)
[10.055s][info   ][gc,heap        ] GC(150) ParOldGen: 986697K(1398272K)->1069642K(1398272K)
[10.055s][info   ][gc,metaspace   ] GC(150) Metaspace: 213K(448K)->213K(448K) NonClass: 204K(320K)->204K(320K) Class: 9K(128K)->9K(128K)
[10.055s][info   ][gc             ] GC(150) Pause Young (Allocation Failure) 1388M->1205M(1834M) 37.039ms
[10.055s][info   ][gc,cpu         ] GC(150) User=0.14s Sys=0.00s Real=0.03s
[10.086s][info   ][gc,start       ] GC(151) Pause Young (Allocation Failure)
[10.120s][info   ][gc,heap        ] GC(151) PSYoungGen: 420769K(479744K)->164866K(475136K) Eden: 255902K(256000K)->0K(256000K) From: 164866K(223744K)->164866K(219136K)
[10.120s][info   ][gc,heap        ] GC(151) ParOldGen: 1069642K(1398272K)->1139275K(1398272K)
[10.120s][info   ][gc,metaspace   ] GC(151) Metaspace: 213K(448K)->213K(448K) NonClass: 204K(320K)->204K(320K) Class: 9K(128K)->9K(128K)
[10.120s][info   ][gc             ] GC(151) Pause Young (Allocation Failure) 1455M->1273M(1829M) 34.933ms
[10.120s][info   ][gc,cpu         ] GC(151) User=0.14s Sys=0.00s Real=0.04s
[10.150s][info   ][gc,start       ] GC(152) Pause Young (Allocation Failure)
[10.185s][info   ][gc,heap        ] GC(152) PSYoungGen: 420769K(475136K)->169986K(485888K) Eden: 255903K(256000K)->0K(270848K) From: 164866K(219136K)->169986K(215040K)
[10.186s][info   ][gc,heap        ] GC(152) ParOldGen: 1139275K(1398272K)->1206860K(1398272K)
[10.186s][info   ][gc,metaspace   ] GC(152) Metaspace: 213K(448K)->213K(448K) NonClass: 204K(320K)->204K(320K) Class: 9K(128K)->9K(128K)
[10.186s][info   ][gc             ] GC(152) Pause Young (Allocation Failure) 1523M->1344M(1840M) 35.389ms
[10.186s][info   ][gc,cpu         ] GC(152) User=0.14s Sys=0.00s Real=0.03s
[10.217s][info   ][gc,start       ] GC(153) Pause Young (Allocation Failure)
[10.250s][info   ][gc,heap        ] GC(153) PSYoungGen: 440517K(485888K)->168962K(483840K) Eden: 270530K(270848K)->0K(270848K) From: 169986K(215040K)->168962K(212992K)
[10.250s][info   ][gc,heap        ] GC(153) ParOldGen: 1206860K(1398272K)->1261133K(1398272K)
[10.250s][info   ][gc,metaspace   ] GC(153) Metaspace: 213K(448K)->213K(448K) NonClass: 204K(320K)->204K(320K) Class: 9K(128K)->9K(128K)
[10.250s][info   ][gc             ] GC(153) Pause Young (Allocation Failure) 1608M->1396M(1838M) 33.588ms
[10.250s][info   ][gc,cpu         ] GC(153) User=0.13s Sys=0.00s Real=0.03s
[10.281s][info   ][gc,start       ] GC(154) Pause Young (Allocation Failure)
[10.320s][info   ][gc,heap        ] GC(154) PSYoungGen: 439493K(483840K)->181250K(484352K) Eden: 270530K(270848K)->0K(273920K) From: 168962K(212992K)->181250K(210432K)
[10.320s][info   ][gc,heap        ] GC(154) ParOldGen: 1261133K(1398272K)->1325646K(1398272K)
[10.320s][info   ][gc,metaspace   ] GC(154) Metaspace: 213K(448K)->213K(448K) NonClass: 204K(320K)->204K(320K) Class: 9K(128K)->9K(128K)
[10.320s][info   ][gc             ] GC(154) Pause Young (Allocation Failure) 1660M->1471M(1838M) 38.545ms
[10.320s][info   ][gc,cpu         ] GC(154) User=0.14s Sys=0.00s Real=0.04s
[10.320s][info   ][gc,start       ] GC(155) Pause Full (Ergonomics)
[10.320s][info   ][gc,phases,start] GC(155) Marking Phase
[10.321s][info   ][gc,phases      ] GC(155) Marking Phase 0.923ms
[10.321s][info   ][gc,phases,start] GC(155) Summary Phase
[10.321s][info   ][gc,phases      ] GC(155) Summary Phase 0.021ms
[10.321s][info   ][gc,phases,start] GC(155) Adjust Roots
[10.321s][info   ][gc,phases      ] GC(155) Adjust Roots 0.148ms
[10.321s][info   ][gc,phases,start] GC(155) Compaction Phase
[10.353s][info   ][gc,phases      ] GC(155) Compaction Phase 32.066ms
[10.353s][info   ][gc,phases,start] GC(155) Post Compact
[10.361s][info   ][gc,phases      ] GC(155) Post Compact 7.447ms
[10.361s][info   ][gc,heap        ] GC(155) PSYoungGen: 181250K(484352K)->0K(486400K) Eden: 0K(273920K)->0K(273920K) From: 181250K(210432K)->0K(212480K)
[10.361s][info   ][gc,heap        ] GC(155) ParOldGen: 1325646K(1398272K)->282174K(1398272K)
[10.361s][info   ][gc,metaspace   ] GC(155) Metaspace: 213K(448K)->213K(448K) NonClass: 204K(320K)->204K(320K) Class: 9K(128K)->9K(128K)
[10.361s][info   ][gc             ] GC(155) Pause Full (Ergonomics) 1471M->275M(1840M) 40.822ms
[10.361s][info   ][gc,cpu         ] GC(155) User=0.14s Sys=0.00s Real=0.04s
[10.393s][info   ][gc,start       ] GC(156) Pause Young (Allocation Failure)
[10.419s][info   ][gc,heap        ] GC(156) PSYoungGen: 273662K(486400K)->166914K(489984K) Eden: 273662K(273920K)->0K(277504K) From: 0K(212480K)->166914K(212480K)
[10.419s][info   ][gc,heap        ] GC(156) ParOldGen: 282174K(1398272K)->282174K(1398272K)
[10.419s][info   ][gc,metaspace   ] GC(156) Metaspace: 213K(448K)->213K(448K) NonClass: 204K(320K)->204K(320K) Class: 9K(128K)->9K(128K)
[10.419s][info   ][gc             ] GC(156) Pause Young (Allocation Failure) 542M->438M(1844M) 25.487ms
[10.419s][info   ][gc,cpu         ] GC(156) User=0.10s Sys=0.01s Real=0.03s
[10.452s][info   ][gc,start       ] GC(157) Pause Young (Allocation Failure)
[10.491s][info   ][gc,heap        ] GC(157) PSYoungGen: 443661K(489984K)->187394K(465408K) Eden: 276747K(277504K)->0K(277504K) From: 166914K(212480K)->187394K(187904K)
[10.491s][info   ][gc,heap        ] GC(157) ParOldGen: 282174K(1398272K)->357951K(1398272K)
[10.491s][info   ][gc,metaspace   ] GC(157) Metaspace: 213K(448K)->213K(448K) NonClass: 204K(320K)->204K(320K) Class: 9K(128K)->9K(128K)
[10.491s][info   ][gc             ] GC(157) Pause Young (Allocation Failure) 708M->532M(1820M) 39.288ms
[10.491s][info   ][gc,cpu         ] GC(157) User=0.14s Sys=0.01s Real=0.04s
[10.525s][info   ][gc,start       ] GC(158) Pause Young (Allocation Failure)
[10.562s][info   ][gc,heap        ] GC(158) PSYoungGen: 464162K(465408K)->174082K(487936K) Eden: 276767K(277504K)->0K(274944K) From: 187394K(187904K)->174082K(212992K)
[10.562s][info   ][gc,heap        ] GC(158) ParOldGen: 357951K(1398272K)->425536K(1398272K)
[10.562s][info   ][gc,metaspace   ] GC(158) Metaspace: 213K(448K)->213K(448K) NonClass: 204K(320K)->204K(320K) Class: 9K(128K)->9K(128K)
[10.562s][info   ][gc             ] GC(158) Pause Young (Allocation Failure) 802M->585M(1842M) 36.739ms
[10.562s][info   ][gc,cpu         ] GC(158) User=0.12s Sys=0.01s Real=0.04s
[10.594s][info   ][gc,start       ] GC(159) Pause Young (Allocation Failure)
[10.629s][info   ][gc,heap        ] GC(159) PSYoungGen: 448765K(487936K)->163842K(485888K) Eden: 274683K(274944K)->0K(274944K) From: 174082K(212992K)->163842K(210944K)
[10.629s][info   ][gc,heap        ] GC(159) ParOldGen: 425536K(1398272K)->496193K(1398272K)
[10.629s][info   ][gc,metaspace   ] GC(159) Metaspace: 213K(448K)->213K(448K) NonClass: 204K(320K)->204K(320K) Class: 9K(128K)->9K(128K)
[10.629s][info   ][gc             ] GC(159) Pause Young (Allocation Failure) 853M->644M(1840M) 35.025ms
[10.629s][info   ][gc,cpu         ] GC(159) User=0.12s Sys=0.01s Real=0.04s
[10.662s][info   ][gc,start       ] GC(160) Pause Young (Allocation Failure)
[10.697s][info   ][gc,heap        ] GC(160) PSYoungGen: 438534K(485888K)->183298K(487424K) Eden: 274691K(274944K)->0K(280064K) From: 163842K(210944K)->183298K(207360K)
[10.697s][info   ][gc,heap        ] GC(160) ParOldGen: 496193K(1398272K)->549442K(1398272K)
[10.697s][info   ][gc,metaspace   ] GC(160) Metaspace: 213K(448K)->213K(448K) NonClass: 204K(320K)->204K(320K) Class: 9K(128K)->9K(128K)
[10.697s][info   ][gc             ] GC(160) Pause Young (Allocation Failure) 912M->715M(1841M) 35.219ms
[10.697s][info   ][gc,cpu         ] GC(160) User=0.13s Sys=0.00s Real=0.04s
[10.729s][info   ][gc,start       ] GC(161) Pause Young (Allocation Failure)
[10.767s][info   ][gc,heap        ] GC(161) PSYoungGen: 463216K(487424K)->190466K(471040K) Eden: 279917K(280064K)->0K(280064K) From: 183298K(207360K)->190466K(190976K)
[10.767s][info   ][gc,heap        ] GC(161) ParOldGen: 549442K(1398272K)->618051K(1398272K)
[10.767s][info   ][gc,metaspace   ] GC(161) Metaspace: 213K(448K)->213K(448K) NonClass: 204K(320K)->204K(320K) Class: 9K(128K)->9K(128K)
[10.767s][info   ][gc             ] GC(161) Pause Young (Allocation Failure) 988M->789M(1825M) 38.377ms
[10.767s][info   ][gc,cpu         ] GC(161) User=0.14s Sys=0.01s Real=0.04s
[10.800s][info   ][gc,start       ] GC(162) Pause Young (Allocation Failure)
[10.841s][info   ][gc,heap        ] GC(162) PSYoungGen: 470387K(471040K)->195586K(475648K) Eden: 279921K(280064K)->0K(262656K) From: 190466K(190976K)->195586K(212992K)
[10.841s][info   ][gc,heap        ] GC(162) ParOldGen: 618051K(1398272K)->685636K(1398272K)
[10.841s][info   ][gc,metaspace   ] GC(162) Metaspace: 213K(448K)->213K(448K) NonClass: 204K(320K)->204K(320K) Class: 9K(128K)->9K(128K)
[10.841s][info   ][gc             ] GC(162) Pause Young (Allocation Failure) 1062M->860M(1830M) 40.715ms
[10.841s][info   ][gc,cpu         ] GC(162) User=0.14s Sys=0.01s Real=0.04s
[10.873s][info   ][gc,start       ] GC(163) Pause Young (Allocation Failure)
[10.918s][info   ][gc,heap        ] GC(163) PSYoungGen: 457761K(475648K)->178178K(480768K) Eden: 262174K(262656K)->0K(262656K) From: 195586K(212992K)->178178K(218112K)
[10.918s][info   ][gc,heap        ] GC(163) ParOldGen: 685636K(1398272K)->772677K(1398272K)
[10.918s][info   ][gc,metaspace   ] GC(163) Metaspace: 213K(448K)->213K(448K) NonClass: 204K(320K)->204K(320K) Class: 9K(128K)->9K(128K)
[10.918s][info   ][gc             ] GC(163) Pause Young (Allocation Failure) 1116M->928M(1835M) 45.199ms
[10.919s][info   ][gc,cpu         ] GC(163) User=0.14s Sys=0.00s Real=0.05s
[10.952s][info   ][gc,start       ] GC(164) Pause Young (Allocation Failure)
[10.995s][info   ][gc,heap        ] GC(164) PSYoungGen: 440354K(480768K)->178178K(485888K) Eden: 262175K(262656K)->0K(270336K) From: 178178K(218112K)->178178K(215552K)
[10.995s][info   ][gc,heap        ] GC(164) ParOldGen: 772677K(1398272K)->853575K(1398272K)
[10.995s][info   ][gc,metaspace   ] GC(164) Metaspace: 213K(448K)->213K(448K) NonClass: 204K(320K)->204K(320K) Class: 9K(128K)->9K(128K)
[10.995s][info   ][gc             ] GC(164) Pause Young (Allocation Failure) 1184M->1007M(1840M) 43.573ms
[10.995s][info   ][gc,cpu         ] GC(164) User=0.14s Sys=0.01s Real=0.04s
[11.031s][info   ][gc,start       ] GC(165) Pause Young (Allocation Failure)
[11.077s][info   ][gc,heap        ] GC(165) PSYoungGen: 447673K(485888K)->196611K(467456K) Eden: 269494K(270336K)->0K(270336K) From: 178178K(215552K)->196611K(197120K)
[11.077s][info   ][gc,heap        ] GC(165) ParOldGen: 853575K(1398272K)->942664K(1398272K)
[11.077s][info   ][gc,metaspace   ] GC(165) Metaspace: 213K(448K)->213K(448K) NonClass: 204K(320K)->204K(320K) Class: 9K(128K)->9K(128K)
[11.077s][info   ][gc             ] GC(165) Pause Young (Allocation Failure) 1270M->1112M(1822M) 46.220ms
[11.077s][info   ][gc,cpu         ] GC(165) User=0.16s Sys=0.00s Real=0.05s
[11.111s][info   ][gc,start       ] GC(166) Pause Young (Allocation Failure)
[11.158s][info   ][gc,heap        ] GC(166) PSYoungGen: 466106K(467456K)->188418K(480768K) Eden: 269495K(270336K)->0K(263680K) From: 196611K(197120K)->188418K(217088K)
[11.158s][info   ][gc,heap        ] GC(166) ParOldGen: 942664K(1398272K)->1044041K(1398272K)
[11.158s][info   ][gc,metaspace   ] GC(166) Metaspace: 213K(448K)->213K(448K) NonClass: 204K(320K)->204K(320K) Class: 9K(128K)->9K(128K)
[11.158s][info   ][gc             ] GC(166) Pause Young (Allocation Failure) 1375M->1203M(1835M) 47.032ms
[11.158s][info   ][gc,cpu         ] GC(166) User=0.15s Sys=0.00s Real=0.05s
[11.193s][info   ][gc,start       ] GC(167) Pause Young (Allocation Failure)
[11.238s][info   ][gc,heap        ] GC(167) PSYoungGen: 451640K(480768K)->179202K(481280K) Eden: 263221K(263680K)->0K(263680K) From: 188418K(217088K)->179202K(217600K)
[11.238s][info   ][gc,heap        ] GC(167) ParOldGen: 1044041K(1398272K)->1130059K(1398272K)
[11.238s][info   ][gc,metaspace   ] GC(167) Metaspace: 213K(448K)->213K(448K) NonClass: 204K(320K)->204K(320K) Class: 9K(128K)->9K(128K)
[11.238s][info   ][gc             ] GC(167) Pause Young (Allocation Failure) 1460M->1278M(1835M) 45.221ms
[11.238s][info   ][gc,cpu         ] GC(167) User=0.15s Sys=0.00s Real=0.05s
[11.271s][info   ][gc,start       ] GC(168) Pause Young (Allocation Failure)
[11.316s][info   ][gc,heap        ] GC(168) PSYoungGen: 442424K(481280K)->179202K(487936K) Eden: 263221K(263680K)->0K(273920K) From: 179202K(217600K)->179202K(214016K)
[11.316s][info   ][gc,heap        ] GC(168) ParOldGen: 1130059K(1398272K)->1206860K(1398272K)
[11.316s][info   ][gc,metaspace   ] GC(168) Metaspace: 213K(448K)->213K(448K) NonClass: 204K(320K)->204K(320K) Class: 9K(128K)->9K(128K)
[11.316s][info   ][gc             ] GC(168) Pause Young (Allocation Failure) 1535M->1353M(1842M) 44.099ms
[11.316s][info   ][gc,cpu         ] GC(168) User=0.14s Sys=0.01s Real=0.04s
[11.353s][info   ][gc,start       ] GC(169) Pause Young (Allocation Failure)
[11.395s][info   ][gc,heap        ] GC(169) PSYoungGen: 452865K(487936K)->174082K(484864K) Eden: 273662K(273920K)->0K(273920K) From: 179202K(214016K)->174082K(210944K)
[11.395s][info   ][gc,heap        ] GC(169) ParOldGen: 1206860K(1398272K)->1284685K(1398272K)
[11.395s][info   ][gc,metaspace   ] GC(169) Metaspace: 213K(448K)->213K(448K) NonClass: 204K(320K)->204K(320K) Class: 9K(128K)->9K(128K)
[11.395s][info   ][gc             ] GC(169) Pause Young (Allocation Failure) 1620M->1424M(1839M) 42.043ms
[11.395s][info   ][gc,cpu         ] GC(169) User=0.14s Sys=0.00s Real=0.04s
[11.395s][info   ][gc,start       ] GC(170) Pause Full (Ergonomics)
[11.395s][info   ][gc,phases,start] GC(170) Marking Phase
[11.396s][info   ][gc,phases      ] GC(170) Marking Phase 1.256ms
[11.396s][info   ][gc,phases,start] GC(170) Summary Phase
[11.396s][info   ][gc,phases      ] GC(170) Summary Phase 0.021ms
[11.396s][info   ][gc,phases,start] GC(170) Adjust Roots
[11.396s][info   ][gc,phases      ] GC(170) Adjust Roots 0.281ms
[11.396s][info   ][gc,phases,start] GC(170) Compaction Phase
[11.435s][info   ][gc,phases      ] GC(170) Compaction Phase 38.817ms
[11.435s][info   ][gc,phases,start] GC(170) Post Compact
[11.442s][info   ][gc,phases      ] GC(170) Post Compact 6.561ms
[11.442s][info   ][gc,heap        ] GC(170) PSYoungGen: 174082K(484864K)->0K(490496K) Eden: 0K(273920K)->0K(282112K) From: 174082K(210944K)->0K(208384K)
[11.442s][info   ][gc,heap        ] GC(170) ParOldGen: 1284685K(1398272K)->304683K(1398272K)
[11.442s][info   ][gc,metaspace   ] GC(170) Metaspace: 213K(448K)->213K(448K) NonClass: 204K(320K)->204K(320K) Class: 9K(128K)->9K(128K)
[11.442s][info   ][gc             ] GC(170) Pause Full (Ergonomics) 1424M->297M(1844M) 47.211ms
[11.442s][info   ][gc,cpu         ] GC(170) User=0.15s Sys=0.01s Real=0.05s
[11.475s][info   ][gc,start       ] GC(171) Pause Young (Allocation Failure)
[11.503s][info   ][gc,heap        ] GC(171) PSYoungGen: 282015K(490496K)->191490K(474112K) Eden: 282015K(282112K)->0K(282112K) From: 0K(208384K)->191490K(192000K)
[11.503s][info   ][gc,heap        ] GC(171) ParOldGen: 304683K(1398272K)->304683K(1398272K)
[11.503s][info   ][gc,metaspace   ] GC(171) Metaspace: 213K(448K)->213K(448K) NonClass: 204K(320K)->204K(320K) Class: 9K(128K)->9K(128K)
[11.503s][info   ][gc             ] GC(171) Pause Young (Allocation Failure) 572M->484M(1828M) 27.568ms
[11.503s][info   ][gc,cpu         ] GC(171) User=0.11s Sys=0.00s Real=0.03s
[11.536s][info   ][gc,start       ] GC(172) Pause Young (Allocation Failure)
[11.574s][info   ][gc,heap        ] GC(172) PSYoungGen: 473449K(474112K)->176130K(491008K) Eden: 281958K(282112K)->0K(280576K) From: 191490K(192000K)->176130K(210432K)
[11.574s][info   ][gc,heap        ] GC(172) ParOldGen: 304683K(1398272K)->387628K(1398272K)
[11.574s][info   ][gc,metaspace   ] GC(172) Metaspace: 213K(448K)->213K(448K) NonClass: 204K(320K)->204K(320K) Class: 9K(128K)->9K(128K)
[11.574s][info   ][gc             ] GC(172) Pause Young (Allocation Failure) 759M->550M(1845M) 38.118ms
[11.574s][info   ][gc,cpu         ] GC(172) User=0.15s Sys=0.00s Real=0.04s
[11.607s][info   ][gc,start       ] GC(173) Pause Young (Allocation Failure)
[11.643s][info   ][gc,heap        ] GC(173) PSYoungGen: 456031K(491008K)->167938K(488448K) Eden: 279900K(280576K)->0K(280576K) From: 176130K(210432K)->167938K(207872K)
[11.643s][info   ][gc,heap        ] GC(173) ParOldGen: 387628K(1398272K)->465453K(1398272K)
[11.643s][info   ][gc,metaspace   ] GC(173) Metaspace: 213K(448K)->213K(448K) NonClass: 204K(320K)->204K(320K) Class: 9K(128K)->9K(128K)
[11.643s][info   ][gc             ] GC(173) Pause Young (Allocation Failure) 823M->618M(1842M) 36.650ms
[11.643s][info   ][gc,cpu         ] GC(173) User=0.14s Sys=0.00s Real=0.03s
[11.678s][info   ][gc,start       ] GC(174) Pause Young (Allocation Failure)
[11.713s][info   ][gc,heap        ] GC(174) PSYoungGen: 447852K(488448K)->179202K(494592K) Eden: 279913K(280576K)->0K(287744K) From: 167938K(207872K)->179202K(206848K)
[11.713s][info   ][gc,heap        ] GC(174) ParOldGen: 465453K(1398272K)->528942K(1398272K)
[11.713s][info   ][gc,metaspace   ] GC(174) Metaspace: 213K(448K)->213K(448K) NonClass: 204K(320K)->204K(320K) Class: 9K(128K)->9K(128K)
[11.713s][info   ][gc             ] GC(174) Pause Young (Allocation Failure) 891M->691M(1848M) 35.172ms
[11.713s][info   ][gc,cpu         ] GC(174) User=0.14s Sys=0.00s Real=0.03s
[11.747s][info   ][gc,start       ] GC(175) Pause Young (Allocation Failure)
[11.784s][info   ][gc,heap        ] GC(175) PSYoungGen: 466433K(494592K)->183298K(492032K) Eden: 287230K(287744K)->0K(287744K) From: 179202K(206848K)->183298K(204288K)
[11.784s][info   ][gc,heap        ] GC(175) ParOldGen: 528942K(1398272K)->598575K(1398272K)
[11.784s][info   ][gc,metaspace   ] GC(175) Metaspace: 213K(448K)->213K(448K) NonClass: 204K(320K)->204K(320K) Class: 9K(128K)->9K(128K)
[11.784s][info   ][gc             ] GC(175) Pause Young (Allocation Failure) 972M->763M(1846M) 37.384ms
[11.784s][info   ][gc,cpu         ] GC(175) User=0.14s Sys=0.00s Real=0.03s
[11.819s][info   ][gc,start       ] GC(176) Pause Young (Allocation Failure)
[11.856s][info   ][gc,heap        ] GC(176) PSYoungGen: 470534K(492032K)->185346K(495104K) Eden: 287236K(287744K)->0K(291328K) From: 183298K(204288K)->185346K(203776K)
[11.856s][info   ][gc,heap        ] GC(176) ParOldGen: 598575K(1398272K)->665136K(1398272K)
[11.856s][info   ][gc,metaspace   ] GC(176) Metaspace: 213K(448K)->213K(448K) NonClass: 204K(320K)->204K(320K) Class: 9K(128K)->9K(128K)
[11.856s][info   ][gc             ] GC(176) Pause Young (Allocation Failure) 1044M->830M(1849M) 37.038ms
[11.856s][info   ][gc,cpu         ] GC(176) User=0.14s Sys=0.00s Real=0.04s
[11.890s][info   ][gc,start       ] GC(177) Pause Young (Allocation Failure)
[11.928s][info   ][gc,heap        ] GC(177) PSYoungGen: 475728K(495104K)->198659K(490496K) Eden: 290381K(291328K)->0K(291328K) From: 185346K(203776K)->198659K(199168K)
[11.928s][info   ][gc,heap        ] GC(177) ParOldGen: 665136K(1398272K)->731697K(1398272K)
[11.928s][info   ][gc,metaspace   ] GC(177) Metaspace: 213K(448K)->213K(448K) NonClass: 204K(320K)->204K(320K) Class: 9K(128K)->9K(128K)
[11.928s][info   ][gc             ] GC(177) Pause Young (Allocation Failure) 1114M->908M(1844M) 37.667ms
[11.928s][info   ][gc,cpu         ] GC(177) User=0.15s Sys=0.01s Real=0.04s
[11.961s][info   ][gc,start       ] GC(178) Pause Young (Allocation Failure)
[12.003s][info   ][gc,heap        ] GC(178) PSYoungGen: 489043K(490496K)->194562K(485376K) Eden: 290384K(291328K)->0K(276992K) From: 198659K(199168K)->194562K(208384K)
[12.003s][info   ][gc,heap        ] GC(178) ParOldGen: 731697K(1398272K)->818738K(1398272K)
[12.003s][info   ][gc,metaspace   ] GC(178) Metaspace: 213K(448K)->213K(448K) NonClass: 204K(320K)->204K(320K) Class: 9K(128K)->9K(128K)
[12.003s][info   ][gc             ] GC(178) Pause Young (Allocation Failure) 1192M->989M(1839M) 41.403ms
[12.003s][info   ][gc,cpu         ] GC(178) User=0.16s Sys=0.00s Real=0.04s
[12.034s][info   ][gc,start       ] GC(179) Pause Young (Allocation Failure)
[12.070s][info   ][gc,heap        ] GC(179) PSYoungGen: 471355K(485376K)->165890K(487936K) Eden: 276792K(276992K)->0K(276992K) From: 194562K(208384K)->165890K(210944K)
[12.070s][info   ][gc,heap        ] GC(179) ParOldGen: 818738K(1398272K)->895540K(1398272K)
[12.070s][info   ][gc,metaspace   ] GC(179) Metaspace: 213K(448K)->213K(448K) NonClass: 204K(320K)->204K(320K) Class: 9K(128K)->9K(128K)
[12.070s][info   ][gc             ] GC(179) Pause Young (Allocation Failure) 1259M->1036M(1842M) 35.944ms
[12.070s][info   ][gc,cpu         ] GC(179) User=0.14s Sys=0.00s Real=0.04s
[12.103s][info   ][gc,start       ] GC(180) Pause Young (Allocation Failure)
[12.138s][info   ][gc,heap        ] GC(180) PSYoungGen: 442684K(487936K)->182274K(490496K) Eden: 276793K(276992K)->0K(279552K) From: 165890K(210944K)->182274K(210944K)
[12.138s][info   ][gc,heap        ] GC(180) ParOldGen: 895540K(1398272K)->956980K(1398272K)
[12.138s][info   ][gc,metaspace   ] GC(180) Metaspace: 213K(448K)->213K(448K) NonClass: 204K(320K)->204K(320K) Class: 9K(128K)->9K(128K)
[12.138s][info   ][gc             ] GC(180) Pause Young (Allocation Failure) 1306M->1112M(1844M) 35.299ms
[12.138s][info   ][gc,cpu         ] GC(180) User=0.14s Sys=0.00s Real=0.04s
[12.171s][info   ][gc,start       ] GC(181) Pause Young (Allocation Failure)
[12.209s][info   ][gc,heap        ] GC(181) PSYoungGen: 461167K(490496K)->182274K(487936K) Eden: 278892K(279552K)->0K(279552K) From: 182274K(210944K)->182274K(208384K)
[12.209s][info   ][gc,heap        ] GC(181) ParOldGen: 956980K(1398272K)->1021493K(1398272K)
[12.209s][info   ][gc,metaspace   ] GC(181) Metaspace: 213K(448K)->213K(448K) NonClass: 204K(320K)->204K(320K) Class: 9K(128K)->9K(128K)
[12.209s][info   ][gc             ] GC(181) Pause Young (Allocation Failure) 1384M->1175M(1842M) 38.083ms
[12.209s][info   ][gc,cpu         ] GC(181) User=0.10s Sys=0.00s Real=0.04s
[12.242s][info   ][gc,start       ] GC(182) Pause Young (Allocation Failure)
[12.282s][info   ][gc,heap        ] GC(182) PSYoungGen: 461167K(487936K)->198659K(484352K) Eden: 278892K(279552K)->0K(278016K) From: 182274K(208384K)->198659K(206336K)
[12.282s][info   ][gc,heap        ] GC(182) ParOldGen: 1021493K(1398272K)->1097271K(1398272K)
[12.282s][info   ][gc,metaspace   ] GC(182) Metaspace: 213K(448K)->213K(448K) NonClass: 204K(320K)->204K(320K) Class: 9K(128K)->9K(128K)
[12.282s][info   ][gc             ] GC(182) Pause Young (Allocation Failure) 1447M->1265M(1838M) 40.897ms
[12.282s][info   ][gc,cpu         ] GC(182) User=0.15s Sys=0.00s Real=0.04s
[12.315s][info   ][gc,start       ] GC(183) Pause Young (Allocation Failure)
[12.353s][info   ][gc,heap        ] GC(183) PSYoungGen: 476497K(484352K)->172034K(488448K) Eden: 277838K(278016K)->0K(278016K) From: 198659K(206336K)->172034K(210432K)
[12.353s][info   ][gc,heap        ] GC(183) ParOldGen: 1097271K(1398272K)->1185336K(1398272K)
[12.353s][info   ][gc,metaspace   ] GC(183) Metaspace: 213K(448K)->213K(448K) NonClass: 204K(320K)->204K(320K) Class: 9K(128K)->9K(128K)
[12.353s][info   ][gc             ] GC(183) Pause Young (Allocation Failure) 1536M->1325M(1842M) 37.819ms
[12.353s][info   ][gc,cpu         ] GC(183) User=0.15s Sys=0.00s Real=0.04s
[12.384s][info   ][gc,start       ] GC(184) Pause Young (Allocation Failure)
[12.422s][info   ][gc,heap        ] GC(184) PSYoungGen: 449873K(488448K)->185346K(491008K) Eden: 277838K(278016K)->0K(281600K) From: 172034K(210432K)->185346K(209408K)
[12.422s][info   ][gc,heap        ] GC(184) ParOldGen: 1185336K(1398272K)->1261113K(1398272K)
[12.422s][info   ][gc,metaspace   ] GC(184) Metaspace: 213K(448K)->213K(448K) NonClass: 204K(320K)->204K(320K) Class: 9K(128K)->9K(128K)
[12.422s][info   ][gc             ] GC(184) Pause Young (Allocation Failure) 1596M->1412M(1845M) 37.914ms
[12.422s][info   ][gc,cpu         ] GC(184) User=0.15s Sys=0.00s Real=0.04s
[12.455s][info   ][gc,start       ] GC(185) Pause Young (Allocation Failure)
[12.496s][info   ][gc,heap        ] GC(185) PSYoungGen: 466328K(491008K)->189442K(489472K) Eden: 280981K(281600K)->0K(281600K) From: 185346K(209408K)->189442K(207872K)
[12.496s][info   ][gc,heap        ] GC(185) ParOldGen: 1261113K(1398272K)->1351226K(1398272K)
[12.496s][info   ][gc,metaspace   ] GC(185) Metaspace: 213K(448K)->213K(448K) NonClass: 204K(320K)->204K(320K) Class: 9K(128K)->9K(128K)
[12.496s][info   ][gc             ] GC(185) Pause Young (Allocation Failure) 1686M->1504M(1843M) 41.190ms
[12.496s][info   ][gc,cpu         ] GC(185) User=0.16s Sys=0.00s Real=0.05s
[12.496s][info   ][gc,start       ] GC(186) Pause Full (Ergonomics)
[12.496s][info   ][gc,phases,start] GC(186) Marking Phase
[12.497s][info   ][gc,phases      ] GC(186) Marking Phase 0.765ms
[12.497s][info   ][gc,phases,start] GC(186) Summary Phase
[12.497s][info   ][gc,phases      ] GC(186) Summary Phase 0.022ms
[12.497s][info   ][gc,phases,start] GC(186) Adjust Roots
[12.497s][info   ][gc,phases      ] GC(186) Adjust Roots 0.155ms
[12.497s][info   ][gc,phases,start] GC(186) Compaction Phase
[12.537s][info   ][gc,phases      ] GC(186) Compaction Phase 39.877ms
[12.537s][info   ][gc,phases,start] GC(186) Post Compact
[12.544s][info   ][gc,phases      ] GC(186) Post Compact 6.825ms
[12.544s][info   ][gc,heap        ] GC(186) PSYoungGen: 189442K(489472K)->0K(490496K) Eden: 0K(281600K)->0K(282112K) From: 189442K(207872K)->0K(208384K)
[12.544s][info   ][gc,heap        ] GC(186) ParOldGen: 1351226K(1398272K)->351787K(1398272K)
[12.544s][info   ][gc,metaspace   ] GC(186) Metaspace: 213K(448K)->213K(448K) NonClass: 204K(320K)->204K(320K) Class: 9K(128K)->9K(128K)
[12.544s][info   ][gc             ] GC(186) Pause Full (Ergonomics) 1504M->343M(1844M) 47.977ms
[12.544s][info   ][gc,cpu         ] GC(186) User=0.17s Sys=0.00s Real=0.04s
[12.577s][info   ][gc,start       ] GC(187) Pause Young (Allocation Failure)
[12.603s][info   ][gc,heap        ] GC(187) PSYoungGen: 282015K(490496K)->177154K(490496K) Eden: 282015K(282112K)->0K(282112K) From: 0K(208384K)->177154K(208384K)
[12.603s][info   ][gc,heap        ] GC(187) ParOldGen: 351787K(1398272K)->351787K(1398272K)
[12.603s][info   ][gc,metaspace   ] GC(187) Metaspace: 213K(448K)->213K(448K) NonClass: 204K(320K)->204K(320K) Class: 9K(128K)->9K(128K)
[12.603s][info   ][gc             ] GC(187) Pause Young (Allocation Failure) 618M->516M(1844M) 25.980ms
[12.603s][info   ][gc,cpu         ] GC(187) User=0.09s Sys=0.01s Real=0.02s
[12.636s][info   ][gc,start       ] GC(188) Pause Young (Allocation Failure)
[12.671s][info   ][gc,heap        ] GC(188) PSYoungGen: 459112K(490496K)->176130K(493568K) Eden: 281958K(282112K)->0K(286720K) From: 177154K(208384K)->176130K(206848K)
[12.671s][info   ][gc,heap        ] GC(188) ParOldGen: 351787K(1398272K)->413228K(1398272K)
[12.671s][info   ][gc,metaspace   ] GC(188) Metaspace: 213K(448K)->213K(448K) NonClass: 204K(320K)->204K(320K) Class: 9K(128K)->9K(128K)
[12.671s][info   ][gc             ] GC(188) Pause Young (Allocation Failure) 791M->575M(1847M) 35.177ms
[12.671s][info   ][gc,cpu         ] GC(188) User=0.13s Sys=0.00s Real=0.03s
[12.705s][info   ][gc,start       ] GC(189) Pause Young (Allocation Failure)
[12.744s][info   ][gc,heap        ] GC(189) PSYoungGen: 462295K(493568K)->185346K(492032K) Eden: 286164K(286720K)->0K(286720K) From: 176130K(206848K)->185346K(205312K)
[12.744s][info   ][gc,heap        ] GC(189) ParOldGen: 413228K(1398272K)->495149K(1398272K)
[12.744s][info   ][gc,metaspace   ] GC(189) Metaspace: 213K(448K)->213K(448K) NonClass: 204K(320K)->204K(320K) Class: 9K(128K)->9K(128K)
[12.744s][info   ][gc             ] GC(189) Pause Young (Allocation Failure) 855M->664M(1846M) 39.012ms
[12.744s][info   ][gc,cpu         ] GC(189) User=0.14s Sys=0.01s Real=0.04s
[12.779s][info   ][gc,start       ] GC(190) Pause Young (Allocation Failure)
[12.818s][info   ][gc,heap        ] GC(190) PSYoungGen: 471524K(492032K)->194562K(489472K) Eden: 286177K(286720K)->0K(285184K) From: 185346K(205312K)->194562K(204288K)
[12.818s][info   ][gc,heap        ] GC(190) ParOldGen: 495149K(1398272K)->564782K(1398272K)
[12.818s][info   ][gc,metaspace   ] GC(190) Metaspace: 213K(448K)->213K(448K) NonClass: 204K(320K)->204K(320K) Class: 9K(128K)->9K(128K)
[12.818s][info   ][gc             ] GC(190) Pause Young (Allocation Failure) 944M->741M(1843M) 38.511ms
[12.818s][info   ][gc,cpu         ] GC(190) User=0.14s Sys=0.01s Real=0.04s
[12.852s][info   ][gc,start       ] GC(191) Pause Young (Allocation Failure)
[12.891s][info   ][gc,heap        ] GC(191) PSYoungGen: 479695K(489472K)->192514K(478208K) Eden: 285132K(285184K)->0K(285184K) From: 194562K(204288K)->192514K(193024K)
[12.891s][info   ][gc,heap        ] GC(191) ParOldGen: 564782K(1398272K)->639536K(1398272K)
[12.891s][info   ][gc,metaspace   ] GC(191) Metaspace: 213K(448K)->213K(448K) NonClass: 204K(320K)->204K(320K) Class: 9K(128K)->9K(128K)
[12.891s][info   ][gc             ] GC(191) Pause Young (Allocation Failure) 1019M->812M(1832M) 39.215ms
[12.891s][info   ][gc,cpu         ] GC(191) User=0.15s Sys=0.00s Real=0.04s
[12.923s][info   ][gc,start       ] GC(192) Pause Young (Allocation Failure)
[12.959s][info   ][gc,heap        ] GC(192) PSYoungGen: 477652K(478208K)->178178K(492544K) Eden: 285138K(285184K)->0K(284672K) From: 192514K(193024K)->178178K(207872K)
[12.959s][info   ][gc,heap        ] GC(192) ParOldGen: 639536K(1398272K)->696881K(1398272K)
[12.959s][info   ][gc,metaspace   ] GC(192) Metaspace: 213K(448K)->213K(448K) NonClass: 204K(320K)->204K(320K) Class: 9K(128K)->9K(128K)
[12.959s][info   ][gc             ] GC(192) Pause Young (Allocation Failure) 1091M->854M(1846M) 36.227ms
[12.959s][info   ][gc,cpu         ] GC(192) User=0.13s Sys=0.00s Real=0.04s
[12.993s][info   ][gc,start       ] GC(193) Pause Young (Allocation Failure)
[13.031s][info   ][gc,heap        ] GC(193) PSYoungGen: 462286K(492544K)->185346K(491008K) Eden: 284107K(284672K)->0K(284672K) From: 178178K(207872K)->185346K(206336K)
[13.031s][info   ][gc,heap        ] GC(193) ParOldGen: 696881K(1398272K)->774706K(1398272K)
[13.031s][info   ][gc,metaspace   ] GC(193) Metaspace: 213K(448K)->213K(448K) NonClass: 204K(320K)->204K(320K) Class: 9K(128K)->9K(128K)
[13.031s][info   ][gc             ] GC(193) Pause Young (Allocation Failure) 1131M->937M(1845M) 38.370ms
[13.031s][info   ][gc,cpu         ] GC(193) User=0.14s Sys=0.00s Real=0.04s
[13.064s][info   ][gc,start       ] GC(194) Pause Young (Allocation Failure)
[13.103s][info   ][gc,heap        ] GC(194) PSYoungGen: 469456K(491008K)->186370K(495104K) Eden: 284109K(284672K)->0K(290304K) From: 185346K(206336K)->186370K(204800K)
[13.103s][info   ][gc,heap        ] GC(194) ParOldGen: 774706K(1398272K)->857651K(1398272K)
[13.103s][info   ][gc,metaspace   ] GC(194) Metaspace: 213K(448K)->213K(448K) NonClass: 204K(320K)->204K(320K) Class: 9K(128K)->9K(128K)
[13.103s][info   ][gc             ] GC(194) Pause Young (Allocation Failure) 1215M->1019M(1849M) 39.433ms
[13.103s][info   ][gc,cpu         ] GC(194) User=0.15s Sys=0.00s Real=0.04s
[13.135s][info   ][gc,start       ] GC(195) Pause Young (Allocation Failure)
[13.172s][info   ][gc,heap        ] GC(195) PSYoungGen: 475712K(495104K)->188418K(494080K) Eden: 289341K(290304K)->0K(290304K) From: 186370K(204800K)->188418K(203776K)
[13.172s][info   ][gc,heap        ] GC(195) ParOldGen: 857651K(1398272K)->929332K(1398272K)
[13.172s][info   ][gc,metaspace   ] GC(195) Metaspace: 213K(448K)->213K(448K) NonClass: 204K(320K)->204K(320K) Class: 9K(128K)->9K(128K)
[13.172s][info   ][gc             ] GC(195) Pause Young (Allocation Failure) 1302M->1091M(1848M) 37.060ms
[13.172s][info   ][gc,cpu         ] GC(195) User=0.14s Sys=0.00s Real=0.04s
[13.205s][info   ][gc,start       ] GC(196) Pause Young (Allocation Failure)
[13.235s][info   ][gc,heap        ] GC(196) PSYoungGen: 477761K(494080K)->154626K(488448K) Eden: 289342K(290304K)->0K(285184K) From: 188418K(203776K)->154626K(203264K)
[13.235s][info   ][gc,heap        ] GC(196) ParOldGen: 929332K(1398272K)->989749K(1398272K)
[13.235s][info   ][gc,metaspace   ] GC(196) Metaspace: 213K(448K)->213K(448K) NonClass: 204K(320K)->204K(320K) Class: 9K(128K)->9K(128K)
[13.235s][info   ][gc             ] GC(196) Pause Young (Allocation Failure) 1374M->1117M(1842M) 30.742ms
[13.235s][info   ][gc,cpu         ] GC(196) User=0.12s Sys=0.00s Real=0.03s
[13.269s][info   ][gc,start       ] GC(197) Pause Young (Allocation Failure)
[13.299s][info   ][gc,heap        ] GC(197) PSYoungGen: 439773K(488448K)->160770K(446464K) Eden: 285146K(285184K)->0K(285184K) From: 154626K(203264K)->160770K(161280K)
[13.299s][info   ][gc,heap        ] GC(197) ParOldGen: 989749K(1398272K)->1031734K(1398272K)
[13.299s][info   ][gc,metaspace   ] GC(197) Metaspace: 213K(448K)->213K(448K) NonClass: 204K(320K)->204K(320K) Class: 9K(128K)->9K(128K)
[13.299s][info   ][gc             ] GC(197) Pause Young (Allocation Failure) 1396M->1164M(1801M) 30.882ms
[13.299s][info   ][gc,cpu         ] GC(197) User=0.11s Sys=0.01s Real=0.03s
[13.333s][info   ][gc,start       ] GC(198) Pause Young (Allocation Failure)
[13.360s][info   ][gc,heap        ] GC(198) PSYoungGen: 445917K(446464K)->143362K(484864K) Eden: 285147K(285184K)->0K(276992K) From: 160770K(161280K)->143362K(207872K)
[13.360s][info   ][gc,heap        ] GC(198) ParOldGen: 1031734K(1398272K)->1065526K(1398272K)
[13.360s][info   ][gc,metaspace   ] GC(198) Metaspace: 213K(448K)->213K(448K) NonClass: 204K(320K)->204K(320K) Class: 9K(128K)->9K(128K)
[13.360s][info   ][gc             ] GC(198) Pause Young (Allocation Failure) 1443M->1180M(1839M) 27.197ms
[13.360s][info   ][gc,cpu         ] GC(198) User=0.10s Sys=0.00s Real=0.03s
[13.393s][info   ][gc,start       ] GC(199) Pause Young (Allocation Failure)
[13.422s][info   ][gc,heap        ] GC(199) PSYoungGen: 420156K(484864K)->167938K(487936K) Eden: 276794K(276992K)->0K(276992K) From: 143362K(207872K)->167938K(210944K)
[13.422s][info   ][gc,heap        ] GC(199) ParOldGen: 1065526K(1398272K)->1098295K(1398272K)
[13.422s][info   ][gc,metaspace   ] GC(199) Metaspace: 213K(448K)->213K(448K) NonClass: 204K(320K)->204K(320K) Class: 9K(128K)->9K(128K)
[13.422s][info   ][gc             ] GC(199) Pause Young (Allocation Failure) 1450M->1236M(1842M) 29.907ms
[13.423s][info   ][gc,cpu         ] GC(199) User=0.11s Sys=0.00s Real=0.03s
[13.455s][info   ][gc,start       ] GC(200) Pause Young (Allocation Failure)
[13.488s][info   ][gc,heap        ] GC(200) PSYoungGen: 444733K(487936K)->165890K(492032K) Eden: 276794K(276992K)->0K(283136K) From: 167938K(210944K)->165890K(208896K)
[13.488s][info   ][gc,heap        ] GC(200) ParOldGen: 1098295K(1398272K)->1155640K(1398272K)
[13.488s][info   ][gc,metaspace   ] GC(200) Metaspace: 213K(448K)->213K(448K) NonClass: 204K(320K)->204K(320K) Class: 9K(128K)->9K(128K)
[13.488s][info   ][gc             ] GC(200) Pause Young (Allocation Failure) 1506M->1290M(1846M) 33.385ms
[13.488s][info   ][gc,cpu         ] GC(200) User=0.12s Sys=0.01s Real=0.04s
[13.521s][info   ][gc,start       ] GC(201) Pause Young (Allocation Failure)
[13.555s][info   ][gc,heap        ] GC(201) PSYoungGen: 448950K(492032K)->165890K(489984K) Eden: 283059K(283136K)->0K(283136K) From: 165890K(208896K)->165890K(206848K)
[13.555s][info   ][gc,heap        ] GC(201) ParOldGen: 1155640K(1398272K)->1215032K(1398272K)
[13.555s][info   ][gc,metaspace   ] GC(201) Metaspace: 213K(448K)->213K(448K) NonClass: 204K(320K)->204K(320K) Class: 9K(128K)->9K(128K)
[13.555s][info   ][gc             ] GC(201) Pause Young (Allocation Failure) 1566M->1348M(1844M) 34.456ms
[13.555s][info   ][gc,cpu         ] GC(201) User=0.14s Sys=0.00s Real=0.03s
[13.587s][info   ][gc,start       ] GC(202) Pause Young (Allocation Failure)
[13.612s][info   ][gc,heap        ] GC(202) PSYoungGen: 448950K(489984K)->139266K(488448K) Eden: 283059K(283136K)->0K(283136K) From: 165890K(206848K)->139266K(205312K)
[13.612s][info   ][gc,heap        ] GC(202) ParOldGen: 1215032K(1398272K)->1239609K(1398272K)
[13.612s][info   ][gc,metaspace   ] GC(202) Metaspace: 213K(448K)->213K(448K) NonClass: 204K(320K)->204K(320K) Class: 9K(128K)->9K(128K)
[13.612s][info   ][gc             ] GC(202) Pause Young (Allocation Failure) 1624M->1346M(1842M) 25.374ms
[13.612s][info   ][gc,cpu         ] GC(202) User=0.09s Sys=0.00s Real=0.02s
[13.644s][info   ][gc,start       ] GC(203) Pause Young (Allocation Failure)
[13.668s][info   ][gc,heap        ] GC(203) PSYoungGen: 422325K(488448K)->131074K(414720K) Eden: 283059K(283136K)->0K(283136K) From: 139266K(205312K)->131074K(131584K)
[13.668s][info   ][gc,heap        ] GC(203) ParOldGen: 1239609K(1398272K)->1270329K(1398272K)
[13.668s][info   ][gc,metaspace   ] GC(203) Metaspace: 213K(448K)->213K(448K) NonClass: 204K(320K)->204K(320K) Class: 9K(128K)->9K(128K)
[13.668s][info   ][gc             ] GC(203) Pause Young (Allocation Failure) 1622M->1368M(1770M) 24.198ms
[13.668s][info   ][gc,cpu         ] GC(203) User=0.10s Sys=0.00s Real=0.03s
[13.700s][info   ][gc,start       ] GC(204) Pause Young (Allocation Failure)
[13.725s][info   ][gc,heap        ] GC(204) PSYoungGen: 414133K(414720K)->137218K(487424K) Eden: 283059K(283136K)->0K(276992K) From: 131074K(131584K)->137218K(210432K)
[13.725s][info   ][gc,heap        ] GC(204) ParOldGen: 1270329K(1398272K)->1297978K(1398272K)
[13.725s][info   ][gc,metaspace   ] GC(204) Metaspace: 213K(448K)->213K(448K) NonClass: 204K(320K)->204K(320K) Class: 9K(128K)->9K(128K)
[13.725s][info   ][gc             ] GC(204) Pause Young (Allocation Failure) 1644M->1401M(1841M) 24.729ms
[13.725s][info   ][gc,cpu         ] GC(204) User=0.10s Sys=0.00s Real=0.02s
[13.754s][info   ][gc,start       ] GC(205) Pause Young (Allocation Failure)
[13.782s][info   ][gc,heap        ] GC(205) PSYoungGen: 414013K(487424K)->146434K(487936K) Eden: 276795K(276992K)->0K(276992K) From: 137218K(210432K)->146434K(210944K)
[13.782s][info   ][gc,heap        ] GC(205) ParOldGen: 1297978K(1398272K)->1335866K(1398272K)
[13.782s][info   ][gc,metaspace   ] GC(205) Metaspace: 213K(448K)->213K(448K) NonClass: 204K(320K)->204K(320K) Class: 9K(128K)->9K(128K)
[13.782s][info   ][gc             ] GC(205) Pause Young (Allocation Failure) 1671M->1447M(1842M) 27.397ms
[13.782s][info   ][gc,cpu         ] GC(205) User=0.11s Sys=0.00s Real=0.03s
[13.782s][info   ][gc,start       ] GC(206) Pause Full (Ergonomics)
[13.782s][info   ][gc,phases,start] GC(206) Marking Phase
[13.783s][info   ][gc,phases      ] GC(206) Marking Phase 0.799ms
[13.783s][info   ][gc,phases,start] GC(206) Summary Phase
[13.783s][info   ][gc,phases      ] GC(206) Summary Phase 0.020ms
[13.783s][info   ][gc,phases,start] GC(206) Adjust Roots
[13.783s][info   ][gc,phases      ] GC(206) Adjust Roots 0.204ms
[13.783s][info   ][gc,phases,start] GC(206) Compaction Phase
[13.806s][info   ][gc,phases      ] GC(206) Compaction Phase 22.693ms
[13.806s][info   ][gc,phases,start] GC(206) Post Compact
[13.813s][info   ][gc,phases      ] GC(206) Post Compact 6.715ms
[13.813s][info   ][gc,heap        ] GC(206) PSYoungGen: 146434K(487936K)->0K(489984K) Eden: 0K(276992K)->0K(281088K) From: 146434K(210944K)->0K(208896K)
[13.813s][info   ][gc,heap        ] GC(206) ParOldGen: 1335866K(1398272K)->199209K(1398272K)
[13.813s][info   ][gc,metaspace   ] GC(206) Metaspace: 213K(448K)->213K(448K) NonClass: 204K(320K)->204K(320K) Class: 9K(128K)->9K(128K)
[13.813s][info   ][gc             ] GC(206) Pause Full (Ergonomics) 1447M->194M(1844M) 30.699ms
[13.813s][info   ][gc,cpu         ] GC(206) User=0.09s Sys=0.00s Real=0.03s
[13.846s][info   ][gc,start       ] GC(207) Pause Young (Allocation Failure)
[13.866s][info   ][gc,heap        ] GC(207) PSYoungGen: 280971K(489984K)->137218K(489984K) Eden: 280971K(281088K)->0K(281088K) From: 0K(208896K)->137218K(208896K)
[13.866s][info   ][gc,heap        ] GC(207) ParOldGen: 199209K(1398272K)->199209K(1398272K)
[13.866s][info   ][gc,metaspace   ] GC(207) Metaspace: 213K(448K)->213K(448K) NonClass: 204K(320K)->204K(320K) Class: 9K(128K)->9K(128K)
[13.866s][info   ][gc             ] GC(207) Pause Young (Allocation Failure) 468M->328M(1844M) 20.743ms
[13.866s][info   ][gc,cpu         ] GC(207) User=0.08s Sys=0.00s Real=0.03s
[13.900s][info   ][gc,start       ] GC(208) Pause Young (Allocation Failure)
[13.928s][info   ][gc,heap        ] GC(208) PSYoungGen: 418132K(489984K)->147458K(493568K) Eden: 280914K(281088K)->0K(285184K) From: 137218K(208896K)->147458K(208384K)
[13.929s][info   ][gc,heap        ] GC(208) ParOldGen: 199209K(1398272K)->233001K(1398272K)
[13.929s][info   ][gc,metaspace   ] GC(208) Metaspace: 213K(448K)->213K(448K) NonClass: 204K(320K)->204K(320K) Class: 9K(128K)->9K(128K)
[13.929s][info   ][gc             ] GC(208) Pause Young (Allocation Failure) 602M->371M(1847M) 28.416ms
[13.929s][info   ][gc,cpu         ] GC(208) User=0.10s Sys=0.00s Real=0.03s
[13.963s][info   ][gc,start       ] GC(209) Pause Young (Allocation Failure)
[13.991s][info   ][gc,heap        ] GC(209) PSYoungGen: 432568K(493568K)->153602K(490496K) Eden: 285110K(285184K)->0K(285184K) From: 147458K(208384K)->153602K(205312K)
[13.991s][info   ][gc,heap        ] GC(209) ParOldGen: 233001K(1398272K)->266794K(1398272K)
[13.991s][info   ][gc,metaspace   ] GC(209) Metaspace: 213K(448K)->213K(448K) NonClass: 204K(320K)->204K(320K) Class: 9K(128K)->9K(128K)
[13.991s][info   ][gc             ] GC(209) Pause Young (Allocation Failure) 649M->410M(1844M) 28.069ms
[13.991s][info   ][gc,cpu         ] GC(209) User=0.11s Sys=0.01s Real=0.03s
[14.024s][info   ][gc,start       ] GC(210) Pause Young (Allocation Failure)
[14.056s][info   ][gc,heap        ] GC(210) PSYoungGen: 438726K(490496K)->179202K(489984K) Eden: 285123K(285184K)->0K(288256K) From: 153602K(205312K)->179202K(201728K)
[14.056s][info   ][gc,heap        ] GC(210) ParOldGen: 266794K(1398272K)->313899K(1398272K)
[14.056s][info   ][gc,metaspace   ] GC(210) Metaspace: 213K(448K)->213K(448K) NonClass: 204K(320K)->204K(320K) Class: 9K(128K)->9K(128K)
[14.056s][info   ][gc             ] GC(210) Pause Young (Allocation Failure) 688M->481M(1844M) 32.573ms
[14.056s][info   ][gc,cpu         ] GC(210) User=0.13s Sys=0.00s Real=0.04s
[14.095s][info   ][gc,start       ] GC(211) Pause Young (Allocation Failure)
[14.130s][info   ][gc,heap        ] GC(211) PSYoungGen: 466443K(489984K)->158722K(493568K) Eden: 287240K(288256K)->0K(288256K) From: 179202K(201728K)->158722K(205312K)
[14.130s][info   ][gc,heap        ] GC(211) ParOldGen: 313899K(1398272K)->369196K(1398272K)
[14.130s][info   ][gc,metaspace   ] GC(211) Metaspace: 213K(448K)->213K(448K) NonClass: 204K(320K)->204K(320K) Class: 9K(128K)->9K(128K)
[14.130s][info   ][gc             ] GC(211) Pause Young (Allocation Failure) 762M->515M(1847M) 35.067ms
[14.130s][info   ][gc,cpu         ] GC(211) User=0.12s Sys=0.00s Real=0.04s
[14.166s][info   ][gc,start       ] GC(212) Pause Young (Allocation Failure)
[14.202s][info   ][gc,heap        ] GC(212) PSYoungGen: 445968K(493568K)->182274K(488960K) Eden: 287246K(288256K)->0K(288256K) From: 158722K(205312K)->182274K(200704K)
[14.202s][info   ][gc,heap        ] GC(212) ParOldGen: 369196K(1398272K)->414252K(1398272K)
[14.202s][info   ][gc,metaspace   ] GC(212) Metaspace: 213K(448K)->213K(448K) NonClass: 204K(320K)->204K(320K) Class: 9K(128K)->9K(128K)
[14.202s][info   ][gc             ] GC(212) Pause Young (Allocation Failure) 796M->582M(1843M) 35.706ms
[14.202s][info   ][gc,cpu         ] GC(212) User=0.12s Sys=0.01s Real=0.03s
[14.240s][info   ][gc,start       ] GC(213) Pause Young (Allocation Failure)
[14.274s][info   ][gc,heap        ] GC(213) PSYoungGen: 469524K(488960K)->167938K(493568K) Eden: 287249K(288256K)->0K(288256K) From: 182274K(200704K)->167938K(205312K)
[14.274s][info   ][gc,heap        ] GC(213) ParOldGen: 414252K(1398272K)->462381K(1398272K)
[14.274s][info   ][gc,metaspace   ] GC(213) Metaspace: 213K(448K)->213K(448K) NonClass: 204K(320K)->204K(320K) Class: 9K(128K)->9K(128K)
[14.274s][info   ][gc             ] GC(213) Pause Young (Allocation Failure) 863M->615M(1847M) 34.454ms
[14.274s][info   ][gc,cpu         ] GC(213) User=0.13s Sys=0.00s Real=0.03s
[14.310s][info   ][gc,start       ] GC(214) Pause Young (Allocation Failure)
[14.345s][info   ][gc,heap        ] GC(214) PSYoungGen: 455190K(493568K)->167938K(497664K) Eden: 287251K(288256K)->0K(294400K) From: 167938K(205312K)->167938K(203264K)
[14.345s][info   ][gc,heap        ] GC(214) ParOldGen: 462381K(1398272K)->513582K(1398272K)
[14.345s][info   ][gc,metaspace   ] GC(214) Metaspace: 213K(448K)->213K(448K) NonClass: 204K(320K)->204K(320K) Class: 9K(128K)->9K(128K)
[14.345s][info   ][gc             ] GC(214) Pause Young (Allocation Failure) 896M->665M(1851M) 34.964ms
[14.345s][info   ][gc,cpu         ] GC(214) User=0.12s Sys=0.01s Real=0.03s
[14.381s][info   ][gc,start       ] GC(215) Pause Young (Allocation Failure)
[14.411s][info   ][gc,heap        ] GC(215) PSYoungGen: 461456K(497664K)->147458K(495616K) Eden: 293517K(294400K)->0K(294400K) From: 167938K(203264K)->147458K(201216K)
[14.411s][info   ][gc,heap        ] GC(215) ParOldGen: 513582K(1398272K)->566831K(1398272K)
[14.411s][info   ][gc,metaspace   ] GC(215) Metaspace: 213K(448K)->213K(448K) NonClass: 204K(320K)->204K(320K) Class: 9K(128K)->9K(128K)
[14.411s][info   ][gc             ] GC(215) Pause Young (Allocation Failure) 952M->697M(1849M) 30.048ms
[14.411s][info   ][gc,cpu         ] GC(215) User=0.10s Sys=0.01s Real=0.03s
[14.446s][info   ][gc,start       ] GC(216) Pause Young (Allocation Failure)
[14.476s][info   ][gc,heap        ] GC(216) PSYoungGen: 440977K(495616K)->167938K(500224K) Eden: 293518K(294400K)->0K(300032K) From: 147458K(201216K)->167938K(200192K)
[14.476s][info   ][gc,heap        ] GC(216) ParOldGen: 566831K(1398272K)->606767K(1398272K)
[14.476s][info   ][gc,metaspace   ] GC(216) Metaspace: 213K(448K)->213K(448K) NonClass: 204K(320K)->204K(320K) Class: 9K(128K)->9K(128K)
[14.476s][info   ][gc             ] GC(216) Pause Young (Allocation Failure) 984M->756M(1854M) 30.415ms
[14.476s][info   ][gc,cpu         ] GC(216) User=0.11s Sys=0.00s Real=0.03s
[14.512s][info   ][gc,start       ] GC(217) Pause Young (Allocation Failure)
[14.547s][info   ][gc,heap        ] GC(217) PSYoungGen: 467712K(500224K)->167938K(498688K) Eden: 299773K(300032K)->0K(300032K) From: 167938K(200192K)->167938K(198656K)
[14.547s][info   ][gc,heap        ] GC(217) ParOldGen: 606767K(1398272K)->660016K(1398272K)
[14.547s][info   ][gc,metaspace   ] GC(217) Metaspace: 213K(448K)->213K(448K) NonClass: 204K(320K)->204K(320K) Class: 9K(128K)->9K(128K)
[14.547s][info   ][gc             ] GC(217) Pause Young (Allocation Failure) 1049M->808M(1852M) 34.544ms
[14.547s][info   ][gc,cpu         ] GC(217) User=0.13s Sys=0.00s Real=0.04s
[14.584s][info   ][gc,start       ] GC(218) Pause Young (Allocation Failure)
[14.614s][info   ][gc,heap        ] GC(218) PSYoungGen: 467713K(498688K)->161794K(504832K) Eden: 299774K(300032K)->0K(307712K) From: 167938K(198656K)->161794K(197120K)
[14.614s][info   ][gc,heap        ] GC(218) ParOldGen: 660016K(1398272K)->698929K(1398272K)
[14.614s][info   ][gc,metaspace   ] GC(218) Metaspace: 213K(448K)->213K(448K) NonClass: 204K(320K)->204K(320K) Class: 9K(128K)->9K(128K)
[14.614s][info   ][gc             ] GC(218) Pause Young (Allocation Failure) 1101M->840M(1858M) 30.466ms
[14.614s][info   ][gc,cpu         ] GC(218) User=0.12s Sys=0.00s Real=0.03s
[14.651s][info   ][gc,start       ] GC(219) Pause Young (Allocation Failure)
[14.684s][info   ][gc,heap        ] GC(219) PSYoungGen: 468887K(504832K)->178178K(501760K) Eden: 307093K(307712K)->0K(307712K) From: 161794K(197120K)->178178K(194048K)
[14.684s][info   ][gc,heap        ] GC(219) ParOldGen: 698929K(1398272K)->739889K(1398272K)
[14.684s][info   ][gc,metaspace   ] GC(219) Metaspace: 213K(448K)->213K(448K) NonClass: 204K(320K)->204K(320K) Class: 9K(128K)->9K(128K)
[14.684s][info   ][gc             ] GC(219) Pause Young (Allocation Failure) 1140M->896M(1855M) 32.568ms
[14.684s][info   ][gc,cpu         ] GC(219) User=0.13s Sys=0.00s Real=0.03s
[14.722s][info   ][gc,start       ] GC(220) Pause Young (Allocation Failure)
[14.752s][info   ][gc,heap        ] GC(220) PSYoungGen: 485272K(501760K)->158722K(504832K) Eden: 307093K(307712K)->0K(308224K) From: 178178K(194048K)->158722K(196608K)
[14.752s][info   ][gc,heap        ] GC(220) ParOldGen: 739889K(1398272K)->771634K(1398272K)
[14.752s][info   ][gc,metaspace   ] GC(220) Metaspace: 213K(448K)->213K(448K) NonClass: 204K(320K)->204K(320K) Class: 9K(128K)->9K(128K)
[14.752s][info   ][gc             ] GC(220) Pause Young (Allocation Failure) 1196M->908M(1858M) 29.988ms
[14.752s][info   ][gc,cpu         ] GC(220) User=0.11s Sys=0.00s Real=0.03s
[14.788s][info   ][gc,start       ] GC(221) Pause Young (Allocation Failure)
[14.823s][info   ][gc,heap        ] GC(221) PSYoungGen: 466850K(504832K)->186370K(495104K) Eden: 308127K(308224K)->0K(308224K) From: 158722K(196608K)->186370K(186880K)
[14.823s][info   ][gc,heap        ] GC(221) ParOldGen: 771634K(1398272K)->815666K(1398272K)
[14.823s][info   ][gc,metaspace   ] GC(221) Metaspace: 213K(448K)->213K(448K) NonClass: 204K(320K)->204K(320K) Class: 9K(128K)->9K(128K)
[14.823s][info   ][gc             ] GC(221) Pause Young (Allocation Failure) 1209M->978M(1849M) 35.190ms
[14.823s][info   ][gc,cpu         ] GC(221) User=0.14s Sys=0.00s Real=0.03s
[14.860s][info   ][gc,start       ] GC(222) Pause Young (Allocation Failure)
[14.897s][info   ][gc,heap        ] GC(222) PSYoungGen: 494498K(495104K)->176130K(498176K) Eden: 308127K(308224K)->0K(298496K) From: 186370K(186880K)->176130K(199680K)
[14.897s][info   ][gc,heap        ] GC(222) ParOldGen: 815666K(1398272K)->867891K(1398272K)
[14.897s][info   ][gc,metaspace   ] GC(222) Metaspace: 213K(448K)->213K(448K) NonClass: 204K(320K)->204K(320K) Class: 9K(128K)->9K(128K)
[14.897s][info   ][gc             ] GC(222) Pause Young (Allocation Failure) 1279M->1019M(1852M) 36.821ms
[14.897s][info   ][gc,cpu         ] GC(222) User=0.14s Sys=0.00s Real=0.04s
[14.939s][info   ][gc,start       ] GC(223) Pause Young (Allocation Failure)
[14.974s][info   ][gc,heap        ] GC(223) PSYoungGen: 473827K(498176K)->132098K(431104K) Eden: 297697K(298496K)->0K(298496K) From: 176130K(199680K)->132098K(132608K)
[14.974s][info   ][gc,heap        ] GC(223) ParOldGen: 867891K(1398272K)->912948K(1398272K)
[14.974s][info   ][gc,metaspace   ] GC(223) Metaspace: 213K(448K)->213K(448K) NonClass: 204K(320K)->204K(320K) Class: 9K(128K)->9K(128K)
[14.974s][info   ][gc             ] GC(223) Pause Young (Allocation Failure) 1310M->1020M(1786M) 35.786ms
[14.974s][info   ][gc,cpu         ] GC(223) User=0.14s Sys=0.00s Real=0.03s
[15.020s][info   ][gc,start       ] GC(224) Pause Young (Allocation Failure)
[15.053s][info   ][gc,heap        ] GC(224) PSYoungGen: 429795K(431104K)->149506K(497664K) Eden: 297697K(298496K)->0K(294912K) From: 132098K(132608K)->149506K(202752K)
[15.053s][info   ][gc,heap        ] GC(224) ParOldGen: 912948K(1398272K)->937524K(1398272K)
[15.053s][info   ][gc,metaspace   ] GC(224) Metaspace: 213K(448K)->213K(448K) NonClass: 204K(320K)->204K(320K) Class: 9K(128K)->9K(128K)
[15.053s][info   ][gc             ] GC(224) Pause Young (Allocation Failure) 1311M->1061M(1851M) 33.398ms
[15.053s][info   ][gc,cpu         ] GC(224) User=0.13s Sys=0.00s Real=0.03s
[15.091s][info   ][gc,start       ] GC(225) Pause Young (Allocation Failure)
[15.124s][info   ][gc,heap        ] GC(225) PSYoungGen: 444060K(497664K)->157698K(496128K) Eden: 294554K(294912K)->0K(294912K) From: 149506K(202752K)->157698K(201216K)
[15.124s][info   ][gc,heap        ] GC(225) ParOldGen: 937524K(1398272K)->967221K(1398272K)
[15.125s][info   ][gc,metaspace   ] GC(225) Metaspace: 213K(448K)->213K(448K) NonClass: 204K(320K)->204K(320K) Class: 9K(128K)->9K(128K)
[15.125s][info   ][gc             ] GC(225) Pause Young (Allocation Failure) 1349M->1098M(1850M) 33.852ms
[15.125s][info   ][gc,cpu         ] GC(225) User=0.11s Sys=0.01s Real=0.03s
[15.166s][info   ][gc,start       ] GC(226) Pause Young (Allocation Failure)
[15.202s][info   ][gc,heap        ] GC(226) PSYoungGen: 452253K(496128K)->154626K(503296K) Eden: 294554K(294912K)->0K(305152K) From: 157698K(201216K)->154626K(198144K)
[15.203s][info   ][gc,heap        ] GC(226) ParOldGen: 967221K(1398272K)->998965K(1398272K)
[15.203s][info   ][gc,metaspace   ] GC(226) Metaspace: 213K(448K)->213K(448K) NonClass: 204K(320K)->204K(320K) Class: 9K(128K)->9K(128K)
[15.203s][info   ][gc             ] GC(226) Pause Young (Allocation Failure) 1386M->1126M(1857M) 36.147ms
[15.203s][info   ][gc,cpu         ] GC(226) User=0.14s Sys=0.00s Real=0.03s
[15.245s][info   ][gc,start       ] GC(227) Pause Young (Allocation Failure)
[15.279s][info   ][gc,heap        ] GC(227) PSYoungGen: 459622K(503296K)->171010K(500736K) Eden: 304995K(305152K)->0K(305152K) From: 154626K(198144K)->171010K(195584K)
[15.279s][info   ][gc,heap        ] GC(227) ParOldGen: 998965K(1398272K)->1033782K(1398272K)
[15.279s][info   ][gc,metaspace   ] GC(227) Metaspace: 213K(448K)->213K(448K) NonClass: 204K(320K)->204K(320K) Class: 9K(128K)->9K(128K)
[15.279s][info   ][gc             ] GC(227) Pause Young (Allocation Failure) 1424M->1176M(1854M) 34.062ms
[15.279s][info   ][gc,cpu         ] GC(227) User=0.13s Sys=0.00s Real=0.04s
[15.320s][info   ][gc,start       ] GC(228) Pause Young (Allocation Failure)
[15.364s][info   ][gc,heap        ] GC(228) PSYoungGen: 476006K(500736K)->182274K(494592K) Eden: 304995K(305152K)->0K(298496K) From: 171010K(195584K)->182274K(196096K)
[15.364s][info   ][gc,heap        ] GC(228) ParOldGen: 1033782K(1398272K)->1100343K(1398272K)
[15.364s][info   ][gc,metaspace   ] GC(228) Metaspace: 213K(448K)->213K(448K) NonClass: 204K(320K)->204K(320K) Class: 9K(128K)->9K(128K)
[15.364s][info   ][gc             ] GC(228) Pause Young (Allocation Failure) 1474M->1252M(1848M) 43.591ms
[15.364s][info   ][gc,cpu         ] GC(228) User=0.17s Sys=0.00s Real=0.04s
[15.401s][info   ][gc,start       ] GC(229) Pause Young (Allocation Failure)
[15.442s][info   ][gc,heap        ] GC(229) PSYoungGen: 479971K(494592K)->185346K(484352K) Eden: 297697K(298496K)->0K(298496K) From: 182274K(196096K)->185346K(185856K)
[15.442s][info   ][gc,heap        ] GC(229) ParOldGen: 1100343K(1398272K)->1168952K(1398272K)
[15.442s][info   ][gc,metaspace   ] GC(229) Metaspace: 213K(448K)->213K(448K) NonClass: 204K(320K)->204K(320K) Class: 9K(128K)->9K(128K)
[15.442s][info   ][gc             ] GC(229) Pause Young (Allocation Failure) 1543M->1322M(1838M) 41.460ms
[15.442s][info   ][gc,cpu         ] GC(229) User=0.16s Sys=0.00s Real=0.04s
[15.480s][info   ][gc,start       ] GC(230) Pause Young (Allocation Failure)
[15.530s][info   ][gc,heap        ] GC(230) PSYoungGen: 483043K(484352K)->194562K(481280K) Eden: 297697K(298496K)->0K(276992K) From: 185346K(185856K)->194562K(204288K)
[15.530s][info   ][gc,heap        ] GC(230) ParOldGen: 1168952K(1398272K)->1251897K(1398272K)
[15.530s][info   ][gc,metaspace   ] GC(230) Metaspace: 213K(448K)->213K(448K) NonClass: 204K(320K)->204K(320K) Class: 9K(128K)->9K(128K)
[15.530s][info   ][gc             ] GC(230) Pause Young (Allocation Failure) 1613M->1412M(1835M) 50.319ms
[15.530s][info   ][gc,cpu         ] GC(230) User=0.17s Sys=0.00s Real=0.05s
[15.571s][info   ][gc,start       ] GC(231) Pause Young (Allocation Failure)
[15.617s][info   ][gc,heap        ] GC(231) PSYoungGen: 471358K(481280K)->176130K(487936K) Eden: 276795K(276992K)->0K(276992K) From: 194562K(204288K)->176130K(210944K)
[15.617s][info   ][gc,heap        ] GC(231) ParOldGen: 1251897K(1398272K)->1322554K(1398272K)
[15.617s][info   ][gc,metaspace   ] GC(231) Metaspace: 213K(448K)->213K(448K) NonClass: 204K(320K)->204K(320K) Class: 9K(128K)->9K(128K)
[15.617s][info   ][gc             ] GC(231) Pause Young (Allocation Failure) 1682M->1463M(1842M) 46.027ms
[15.617s][info   ][gc,cpu         ] GC(231) User=0.16s Sys=0.01s Real=0.05s
[15.617s][info   ][gc,start       ] GC(232) Pause Full (Ergonomics)
[15.617s][info   ][gc,phases,start] GC(232) Marking Phase
[15.618s][info   ][gc,phases      ] GC(232) Marking Phase 1.091ms
[15.618s][info   ][gc,phases,start] GC(232) Summary Phase
[15.618s][info   ][gc,phases      ] GC(232) Summary Phase 0.040ms
[15.618s][info   ][gc,phases,start] GC(232) Adjust Roots
[15.619s][info   ][gc,phases      ] GC(232) Adjust Roots 0.219ms
[15.619s][info   ][gc,phases,start] GC(232) Compaction Phase
[15.657s][info   ][gc,phases      ] GC(232) Compaction Phase 38.816ms
[15.658s][info   ][gc,phases,start] GC(232) Post Compact
[15.665s][info   ][gc,phases      ] GC(232) Post Compact 7.847ms
[15.665s][info   ][gc,heap        ] GC(232) PSYoungGen: 176130K(487936K)->0K(489472K) Eden: 0K(276992K)->0K(280064K) From: 176130K(210944K)->0K(209408K)
[15.665s][info   ][gc,heap        ] GC(232) ParOldGen: 1322554K(1398272K)->302634K(1398272K)
[15.665s][info   ][gc,metaspace   ] GC(232) Metaspace: 213K(448K)->213K(448K) NonClass: 204K(320K)->204K(320K) Class: 9K(128K)->9K(128K)
[15.666s][info   ][gc             ] GC(232) Pause Full (Ergonomics) 1463M->295M(1843M) 48.350ms
[15.666s][info   ][gc,cpu         ] GC(232) User=0.16s Sys=0.00s Real=0.04s
[15.706s][info   ][gc,start       ] GC(233) Pause Young (Allocation Failure)
[15.736s][info   ][gc,heap        ] GC(233) PSYoungGen: 279927K(489472K)->178178K(489472K) Eden: 279927K(280064K)->0K(280064K) From: 0K(209408K)->178178K(209408K)
[15.736s][info   ][gc,heap        ] GC(233) ParOldGen: 302634K(1398272K)->302634K(1398272K)
[15.736s][info   ][gc,metaspace   ] GC(233) Metaspace: 213K(448K)->213K(448K) NonClass: 204K(320K)->204K(320K) Class: 9K(128K)->9K(128K)
[15.736s][info   ][gc             ] GC(233) Pause Young (Allocation Failure) 568M->469M(1843M) 30.122ms
[15.736s][info   ][gc,cpu         ] GC(233) User=0.12s Sys=0.00s Real=0.03s
[15.774s][info   ][gc,start       ] GC(234) Pause Young (Allocation Failure)
[15.817s][info   ][gc,heap        ] GC(234) PSYoungGen: 458048K(489472K)->195586K(479744K) Eden: 279870K(280064K)->0K(270848K) From: 178178K(209408K)->195586K(208896K)
[15.817s][info   ][gc,heap        ] GC(234) ParOldGen: 302634K(1398272K)->375340K(1398272K)
[15.817s][info   ][gc,metaspace   ] GC(234) Metaspace: 213K(448K)->213K(448K) NonClass: 204K(320K)->204K(320K) Class: 9K(128K)->9K(128K)
[15.817s][info   ][gc             ] GC(234) Pause Young (Allocation Failure) 742M->557M(1834M) 43.281ms
[15.817s][info   ][gc,cpu         ] GC(234) User=0.18s Sys=0.00s Real=0.05s
[15.853s][info   ][gc,start       ] GC(235) Pause Young (Allocation Failure)
[15.894s][info   ][gc,heap        ] GC(235) PSYoungGen: 466081K(479744K)->176130K(484864K) Eden: 270494K(270848K)->0K(270848K) From: 195586K(208896K)->176130K(214016K)
[15.894s][info   ][gc,heap        ] GC(235) ParOldGen: 375340K(1398272K)->450093K(1398272K)
[15.894s][info   ][gc,metaspace   ] GC(235) Metaspace: 213K(448K)->213K(448K) NonClass: 204K(320K)->204K(320K) Class: 9K(128K)->9K(128K)
[15.894s][info   ][gc             ] GC(235) Pause Young (Allocation Failure) 821M->611M(1839M) 41.580ms
[15.894s][info   ][gc,cpu         ] GC(235) User=0.16s Sys=0.00s Real=0.04s
[15.932s][info   ][gc,start       ] GC(236) Pause Young (Allocation Failure)
[15.981s][info   ][gc,heap        ] GC(236) PSYoungGen: 446638K(484864K)->196611K(478208K) Eden: 270507K(270848K)->0K(266752K) From: 176130K(214016K)->196611K(211456K)
[15.981s][info   ][gc,heap        ] GC(236) ParOldGen: 450093K(1398272K)->532014K(1398272K)
[15.981s][info   ][gc,metaspace   ] GC(236) Metaspace: 213K(448K)->213K(448K) NonClass: 204K(320K)->204K(320K) Class: 9K(128K)->9K(128K)
[15.981s][info   ][gc             ] GC(236) Pause Young (Allocation Failure) 875M->711M(1832M) 48.894ms
[15.981s][info   ][gc,cpu         ] GC(236) User=0.19s Sys=0.01s Real=0.05s
[16.019s][info   ][gc,start       ] GC(237) Pause Young (Allocation Failure)
[16.090s][info   ][gc,heap        ] GC(237) PSYoungGen: 462950K(478208K)->215075K(482304K) Eden: 266339K(266752K)->0K(266752K) From: 196611K(211456K)->215075K(215552K)
[16.090s][info   ][gc,heap        ] GC(237) ParOldGen: 532014K(1398272K)->697905K(1398272K)
[16.090s][info   ][gc,metaspace   ] GC(237) Metaspace: 213K(448K)->213K(448K) NonClass: 204K(320K)->204K(320K) Class: 9K(128K)->9K(128K)
[16.090s][info   ][gc             ] GC(237) Pause Young (Allocation Failure) 971M->891M(1836M) 70.570ms
[16.090s][info   ][gc,cpu         ] GC(237) User=0.28s Sys=0.00s Real=0.07s
[16.127s][info   ][gc,start       ] GC(238) Pause Young (Allocation Failure)
[16.186s][info   ][gc,heap        ] GC(238) PSYoungGen: 481420K(482304K)->165890K(466944K) Eden: 266344K(266752K)->0K(250368K) From: 215075K(215552K)->165890K(216576K)
[16.186s][info   ][gc,heap        ] GC(238) ParOldGen: 697905K(1398272K)->852539K(1398272K)
[16.186s][info   ][gc,metaspace   ] GC(238) Metaspace: 213K(448K)->213K(448K) NonClass: 204K(320K)->204K(320K) Class: 9K(128K)->9K(128K)
[16.186s][info   ][gc             ] GC(238) Pause Young (Allocation Failure) 1151M->994M(1821M) 59.220ms
[16.186s][info   ][gc,cpu         ] GC(238) User=0.24s Sys=0.00s Real=0.06s
[16.227s][info   ][gc,start       ] GC(239) Pause Young (Allocation Failure)
[16.281s][info   ][gc,heap        ] GC(239) PSYoungGen: 415533K(466944K)->183298K(474624K) Eden: 249643K(250368K)->0K(250368K) From: 165890K(216576K)->183298K(224256K)
[16.281s][info   ][gc,heap        ] GC(239) ParOldGen: 852539K(1398272K)->938556K(1398272K)
[16.281s][info   ][gc,metaspace   ] GC(239) Metaspace: 213K(448K)->213K(448K) NonClass: 204K(320K)->204K(320K) Class: 9K(128K)->9K(128K)
[16.281s][info   ][gc             ] GC(239) Pause Young (Allocation Failure) 1238M->1095M(1829M) 53.667ms
[16.281s][info   ][gc,cpu         ] GC(239) User=0.21s Sys=0.00s Real=0.05s
[16.317s][info   ][gc,start       ] GC(240) Pause Young (Allocation Failure)
[16.362s][info   ][gc,heap        ] GC(240) PSYoungGen: 432943K(474624K)->179202K(481280K) Eden: 249645K(250368K)->0K(259584K) From: 183298K(224256K)->179202K(221696K)
[16.362s][info   ][gc,heap        ] GC(240) ParOldGen: 938556K(1398272K)->1029694K(1398272K)
[16.362s][info   ][gc,metaspace   ] GC(240) Metaspace: 213K(448K)->213K(448K) NonClass: 204K(320K)->204K(320K) Class: 9K(128K)->9K(128K)
[16.362s][info   ][gc             ] GC(240) Pause Young (Allocation Failure) 1339M->1180M(1835M) 45.795ms
[16.363s][info   ][gc,cpu         ] GC(240) User=0.18s Sys=0.00s Real=0.04s
[16.395s][info   ][gc,start       ] GC(241) Pause Young (Allocation Failure)
[16.437s][info   ][gc,heap        ] GC(241) PSYoungGen: 438245K(481280K)->173058K(477184K) Eden: 259043K(259584K)->0K(259584K) From: 179202K(221696K)->173058K(217600K)
[16.437s][info   ][gc,heap        ] GC(241) ParOldGen: 1029694K(1398272K)->1124927K(1398272K)
[16.437s][info   ][gc,metaspace   ] GC(241) Metaspace: 213K(448K)->213K(448K) NonClass: 204K(320K)->204K(320K) Class: 9K(128K)->9K(128K)
[16.437s][info   ][gc             ] GC(241) Pause Young (Allocation Failure) 1433M->1267M(1831M) 41.252ms
[16.437s][info   ][gc,cpu         ] GC(241) User=0.16s Sys=0.00s Real=0.05s
[16.469s][info   ][gc,start       ] GC(242) Pause Young (Allocation Failure)
[16.511s][info   ][gc,heap        ] GC(242) PSYoungGen: 432102K(477184K)->190466K(482304K) Eden: 259043K(259584K)->0K(267776K) From: 173058K(217600K)->190466K(214528K)
[16.511s][info   ][gc,heap        ] GC(242) ParOldGen: 1124927K(1398272K)->1206848K(1398272K)
[16.511s][info   ][gc,metaspace   ] GC(242) Metaspace: 213K(448K)->213K(448K) NonClass: 204K(320K)->204K(320K) Class: 9K(128K)->9K(128K)
[16.511s][info   ][gc             ] GC(242) Pause Young (Allocation Failure) 1520M->1364M(1836M) 41.704ms
[16.511s][info   ][gc,cpu         ] GC(242) User=0.16s Sys=0.00s Real=0.04s
[16.547s][info   ][gc,start       ] GC(243) Pause Young (Allocation Failure)
[16.592s][info   ][gc,heap        ] GC(243) PSYoungGen: 457864K(482304K)->196611K(464896K) Eden: 267397K(267776K)->0K(267776K) From: 190466K(214528K)->196611K(197120K)
[16.592s][info   ][gc,heap        ] GC(243) ParOldGen: 1206848K(1398272K)->1297986K(1398272K)
[16.592s][info   ][gc,metaspace   ] GC(243) Metaspace: 213K(448K)->213K(448K) NonClass: 204K(320K)->204K(320K) Class: 9K(128K)->9K(128K)
[16.592s][info   ][gc             ] GC(243) Pause Young (Allocation Failure) 1625M->1459M(1819M) 45.409ms
[16.592s][info   ][gc,cpu         ] GC(243) User=0.18s Sys=0.00s Real=0.04s
[16.592s][info   ][gc,start       ] GC(244) Pause Full (Ergonomics)
[16.592s][info   ][gc,phases,start] GC(244) Marking Phase
[16.593s][info   ][gc,phases      ] GC(244) Marking Phase 0.950ms
[16.593s][info   ][gc,phases,start] GC(244) Summary Phase
[16.593s][info   ][gc,phases      ] GC(244) Summary Phase 0.022ms
[16.593s][info   ][gc,phases,start] GC(244) Adjust Roots
[16.594s][info   ][gc,phases      ] GC(244) Adjust Roots 0.156ms
[16.594s][info   ][gc,phases,start] GC(244) Compaction Phase
[16.637s][info   ][gc,phases      ] GC(244) Compaction Phase 43.620ms
[16.637s][info   ][gc,phases,start] GC(244) Post Compact
[16.644s][info   ][gc,phases      ] GC(244) Post Compact 6.848ms
[16.644s][info   ][gc,heap        ] GC(244) PSYoungGen: 196611K(464896K)->0K(480768K) Eden: 0K(267776K)->0K(262656K) From: 196611K(197120K)->0K(218112K)
[16.644s][info   ][gc,heap        ] GC(244) ParOldGen: 1297986K(1398272K)->380461K(1398272K)
[16.644s][info   ][gc,metaspace   ] GC(244) Metaspace: 213K(448K)->213K(448K) NonClass: 204K(320K)->204K(320K) Class: 9K(128K)->9K(128K)
[16.644s][info   ][gc             ] GC(244) Pause Full (Ergonomics) 1459M->371M(1835M) 51.854ms
[16.644s][info   ][gc,cpu         ] GC(244) User=0.18s Sys=0.00s Real=0.05s
[16.678s][info   ][gc,start       ] GC(245) Pause Young (Allocation Failure)
[16.711s][info   ][gc,heap        ] GC(245) PSYoungGen: 262177K(480768K)->196611K(459776K) Eden: 262177K(262656K)->0K(262656K) From: 0K(218112K)->196611K(197120K)
[16.711s][info   ][gc,heap        ] GC(245) ParOldGen: 380461K(1398272K)->380461K(1398272K)
[16.711s][info   ][gc,metaspace   ] GC(245) Metaspace: 213K(448K)->213K(448K) NonClass: 204K(320K)->204K(320K) Class: 9K(128K)->9K(128K)
[16.711s][info   ][gc             ] GC(245) Pause Young (Allocation Failure) 627M->563M(1814M) 32.566ms
[16.711s][info   ][gc,cpu         ] GC(245) User=0.12s Sys=0.00s Real=0.03s
[16.745s][info   ][gc,start       ] GC(246) Pause Young (Allocation Failure)
[16.794s][info   ][gc,heap        ] GC(246) PSYoungGen: 458730K(459776K)->199683K(473600K) Eden: 262119K(262656K)->0K(253440K) From: 196611K(197120K)->199683K(220160K)
[16.794s][info   ][gc,heap        ] GC(246) ParOldGen: 380461K(1398272K)->492079K(1398272K)
[16.794s][info   ][gc,metaspace   ] GC(246) Metaspace: 213K(448K)->213K(448K) NonClass: 204K(320K)->204K(320K) Class: 9K(128K)->9K(128K)
[16.794s][info   ][gc             ] GC(246) Pause Young (Allocation Failure) 819M->675M(1828M) 48.993ms
[16.794s][info   ][gc,cpu         ] GC(246) User=0.20s Sys=0.00s Real=0.05s
[16.825s][info   ][gc,start       ] GC(247) Pause Young (Allocation Failure)
[16.875s][info   ][gc,heap        ] GC(247) PSYoungGen: 452428K(473600K)->195586K(449536K) Eden: 252745K(253440K)->0K(253440K) From: 199683K(220160K)->195586K(196096K)
[16.875s][info   ][gc,heap        ] GC(247) ParOldGen: 492079K(1398272K)->610865K(1398272K)
[16.875s][info   ][gc,metaspace   ] GC(247) Metaspace: 213K(448K)->213K(448K) NonClass: 204K(320K)->204K(320K) Class: 9K(128K)->9K(128K)
[16.875s][info   ][gc             ] GC(247) Pause Young (Allocation Failure) 922M->787M(1804M) 50.182ms
[16.875s][info   ][gc,cpu         ] GC(247) User=0.20s Sys=0.00s Real=0.05s
[16.906s][info   ][gc,start       ] GC(248) Pause Young (Allocation Failure)
[16.953s][info   ][gc,heap        ] GC(248) PSYoungGen: 448344K(449536K)->190466K(477696K) Eden: 252757K(253440K)->0K(254464K) From: 195586K(196096K)->190466K(223232K)
[16.953s][info   ][gc,heap        ] GC(248) ParOldGen: 610865K(1398272K)->729651K(1398272K)
[16.953s][info   ][gc,metaspace   ] GC(248) Metaspace: 213K(448K)->213K(448K) NonClass: 204K(320K)->204K(320K) Class: 9K(128K)->9K(128K)
[16.953s][info   ][gc             ] GC(248) Pause Young (Allocation Failure) 1034M->898M(1832M) 47.410ms
[16.953s][info   ][gc,cpu         ] GC(248) User=0.19s Sys=0.00s Real=0.05s
[16.984s][info   ][gc,start       ] GC(249) Pause Young (Allocation Failure)
[17.030s][info   ][gc,heap        ] GC(249) PSYoungGen: 444277K(477696K)->188418K(475648K) Eden: 253810K(254464K)->0K(254464K) From: 190466K(223232K)->188418K(221184K)
[17.030s][info   ][gc,heap        ] GC(249) ParOldGen: 729651K(1398272K)->833076K(1398272K)
[17.030s][info   ][gc,metaspace   ] GC(249) Metaspace: 213K(448K)->213K(448K) NonClass: 204K(320K)->204K(320K) Class: 9K(128K)->9K(128K)
[17.030s][info   ][gc             ] GC(249) Pause Young (Allocation Failure) 1146M->997M(1830M) 45.869ms
[17.030s][info   ][gc,cpu         ] GC(249) User=0.17s Sys=0.00s Real=0.05s
[17.062s][info   ][gc,start       ] GC(250) Pause Young (Allocation Failure)
[17.111s][info   ][gc,heap        ] GC(250) PSYoungGen: 442234K(475648K)->194562K(480256K) Eden: 253815K(254464K)->0K(261632K) From: 188418K(221184K)->194562K(218624K)
[17.111s][info   ][gc,heap        ] GC(250) ParOldGen: 833076K(1398272K)->942646K(1398272K)
[17.111s][info   ][gc,metaspace   ] GC(250) Metaspace: 213K(448K)->213K(448K) NonClass: 204K(320K)->204K(320K) Class: 9K(128K)->9K(128K)
[17.111s][info   ][gc             ] GC(250) Pause Young (Allocation Failure) 1245M->1110M(1834M) 49.655ms
[17.111s][info   ][gc,cpu         ] GC(250) User=0.19s Sys=0.00s Real=0.05s
[17.147s][info   ][gc,start       ] GC(251) Pause Young (Allocation Failure)
[17.197s][info   ][gc,heap        ] GC(251) PSYoungGen: 455690K(480256K)->193538K(480256K) Eden: 261127K(261632K)->0K(261632K) From: 194562K(218624K)->193538K(218624K)
[17.197s][info   ][gc,heap        ] GC(251) ParOldGen: 942646K(1398272K)->1057336K(1398272K)
[17.197s][info   ][gc,metaspace   ] GC(251) Metaspace: 213K(448K)->213K(448K) NonClass: 204K(320K)->204K(320K) Class: 9K(128K)->9K(128K)
[17.197s][info   ][gc             ] GC(251) Pause Young (Allocation Failure) 1365M->1221M(1834M) 50.684ms
[17.197s][info   ][gc,cpu         ] GC(251) User=0.20s Sys=0.00s Real=0.05s
[17.231s][info   ][gc,start       ] GC(252) Pause Young (Allocation Failure)
[17.289s][info   ][gc,heap        ] GC(252) PSYoungGen: 454668K(480256K)->210947K(470016K) Eden: 261129K(261632K)->0K(252416K) From: 193538K(218624K)->210947K(217600K)
[17.289s][info   ][gc,heap        ] GC(252) ParOldGen: 1057336K(1398272K)->1179194K(1398272K)
[17.289s][info   ][gc,metaspace   ] GC(252) Metaspace: 213K(448K)->213K(448K) NonClass: 204K(320K)->204K(320K) Class: 9K(128K)->9K(128K)
[17.289s][info   ][gc             ] GC(252) Pause Young (Allocation Failure) 1476M->1357M(1824M) 57.991ms
[17.289s][info   ][gc,cpu         ] GC(252) User=0.23s Sys=0.00s Real=0.06s
[17.321s][info   ][gc,start       ] GC(253) Pause Young (Allocation Failure)
[17.374s][info   ][gc,heap        ] GC(253) PSYoungGen: 462681K(470016K)->196611K(475648K) Eden: 251734K(252416K)->0K(252416K) From: 210947K(217600K)->196611K(223232K)
[17.374s][info   ][gc,heap        ] GC(253) ParOldGen: 1179194K(1398272K)->1314364K(1398272K)
[17.374s][info   ][gc,metaspace   ] GC(253) Metaspace: 213K(448K)->213K(448K) NonClass: 204K(320K)->204K(320K) Class: 9K(128K)->9K(128K)
[17.374s][info   ][gc             ] GC(253) Pause Young (Allocation Failure) 1603M->1475M(1830M) 52.534ms
[17.374s][info   ][gc,cpu         ] GC(253) User=0.21s Sys=0.00s Real=0.05s
[17.374s][info   ][gc,start       ] GC(254) Pause Full (Ergonomics)
[17.374s][info   ][gc,phases,start] GC(254) Marking Phase
[17.375s][info   ][gc,phases      ] GC(254) Marking Phase 0.859ms
[17.375s][info   ][gc,phases,start] GC(254) Summary Phase
[17.375s][info   ][gc,phases      ] GC(254) Summary Phase 0.027ms
[17.375s][info   ][gc,phases,start] GC(254) Adjust Roots
[17.375s][info   ][gc,phases      ] GC(254) Adjust Roots 0.178ms
[17.375s][info   ][gc,phases,start] GC(254) Compaction Phase
[17.433s][info   ][gc,phases      ] GC(254) Compaction Phase 57.617ms
[17.433s][info   ][gc,phases,start] GC(254) Post Compact
[17.439s][info   ][gc,phases      ] GC(254) Post Compact 6.655ms
[17.439s][info   ][gc,heap        ] GC(254) PSYoungGen: 196611K(475648K)->0K(476160K) Eden: 0K(252416K)->0K(253440K) From: 196611K(223232K)->0K(222720K)
[17.439s][info   ][gc,heap        ] GC(254) ParOldGen: 1314364K(1398272K)->478767K(1398272K)
[17.439s][info   ][gc,metaspace   ] GC(254) Metaspace: 213K(448K)->213K(448K) NonClass: 204K(320K)->204K(320K) Class: 9K(128K)->9K(128K)
[17.439s][info   ][gc             ] GC(254) Pause Full (Ergonomics) 1475M->467M(1830M) 65.573ms
[17.439s][info   ][gc,cpu         ] GC(254) User=0.23s Sys=0.00s Real=0.07s
[17.472s][info   ][gc,start       ] GC(255) Pause Young (Allocation Failure)
[17.505s][info   ][gc,heap        ] GC(255) PSYoungGen: 252779K(476160K)->212995K(466944K) Eden: 252779K(253440K)->0K(253440K) From: 0K(222720K)->212995K(213504K)
[17.505s][info   ][gc,heap        ] GC(255) ParOldGen: 478767K(1398272K)->478767K(1398272K)
[17.505s][info   ][gc,metaspace   ] GC(255) Metaspace: 213K(448K)->213K(448K) NonClass: 204K(320K)->204K(320K) Class: 9K(128K)->9K(128K)
[17.505s][info   ][gc             ] GC(255) Pause Young (Allocation Failure) 714M->675M(1821M) 33.161ms
[17.505s][info   ][gc,cpu         ] GC(255) User=0.13s Sys=0.00s Real=0.03s
[17.541s][info   ][gc,start       ] GC(256) Pause Young (Allocation Failure)
[17.600s][info   ][gc,heap        ] GC(256) PSYoungGen: 465717K(466944K)->214019K(462848K) Eden: 252722K(253440K)->0K(235008K) From: 212995K(213504K)->214019K(227840K)
[17.600s][info   ][gc,heap        ] GC(256) ParOldGen: 478767K(1398272K)->613937K(1398272K)
[17.600s][info   ][gc,metaspace   ] GC(256) Metaspace: 213K(448K)->213K(448K) NonClass: 204K(320K)->204K(320K) Class: 9K(128K)->9K(128K)
[17.600s][info   ][gc             ] GC(256) Pause Young (Allocation Failure) 922M->808M(1817M) 59.460ms
[17.600s][info   ][gc,cpu         ] GC(256) User=0.22s Sys=0.01s Real=0.06s
[17.630s][info   ][gc,start       ] GC(257) Pause Young (Allocation Failure)
[17.681s][info   ][gc,heap        ] GC(257) PSYoungGen: 448995K(462848K)->184322K(466944K) Eden: 234976K(235008K)->0K(235008K) From: 214019K(227840K)->184322K(231936K)
[17.681s][info   ][gc,heap        ] GC(257) ParOldGen: 613937K(1398272K)->742963K(1398272K)
[17.681s][info   ][gc,metaspace   ] GC(257) Metaspace: 213K(448K)->213K(448K) NonClass: 204K(320K)->204K(320K) Class: 9K(128K)->9K(128K)
[17.681s][info   ][gc             ] GC(257) Pause Young (Allocation Failure) 1038M->905M(1821M) 51.106ms
[17.681s][info   ][gc,cpu         ] GC(257) User=0.17s Sys=0.01s Real=0.05s
[17.717s][info   ][gc,start       ] GC(258) Pause Young (Allocation Failure)
[17.774s][info   ][gc,heap        ] GC(258) PSYoungGen: 419311K(466944K)->179202K(470016K) Eden: 234988K(235008K)->0K(239616K) From: 184322K(231936K)->179202K(230400K)
[17.774s][info   ][gc,heap        ] GC(258) ParOldGen: 742963K(1398272K)->864821K(1398272K)
[17.774s][info   ][gc,metaspace   ] GC(258) Metaspace: 213K(448K)->213K(448K) NonClass: 204K(320K)->204K(320K) Class: 9K(128K)->9K(128K)
[17.774s][info   ][gc             ] GC(258) Pause Young (Allocation Failure) 1135M->1019M(1824M) 56.905ms
[17.774s][info   ][gc,cpu         ] GC(258) User=0.18s Sys=0.00s Real=0.05s
[17.806s][info   ][gc,start       ] GC(259) Pause Young (Allocation Failure)
[17.865s][info   ][gc,heap        ] GC(259) PSYoungGen: 418385K(470016K)->191490K(468480K) Eden: 239183K(239616K)->0K(239616K) From: 179202K(230400K)->191490K(228864K)
[17.865s][info   ][gc,heap        ] GC(259) ParOldGen: 864821K(1398272K)->986679K(1398272K)
[17.865s][info   ][gc,metaspace   ] GC(259) Metaspace: 213K(448K)->213K(448K) NonClass: 204K(320K)->204K(320K) Class: 9K(128K)->9K(128K)
[17.865s][info   ][gc             ] GC(259) Pause Young (Allocation Failure) 1253M->1150M(1823M) 59.039ms
[17.865s][info   ][gc,cpu         ] GC(259) User=0.19s Sys=0.00s Real=0.05s
[17.904s][info   ][gc,start       ] GC(260) Pause Young (Allocation Failure)
[17.966s][info   ][gc,heap        ] GC(260) PSYoungGen: 430679K(468480K)->202755K(472064K) Eden: 239188K(239616K)->0K(246272K) From: 191490K(228864K)->202755K(225792K)
[17.966s][info   ][gc,heap        ] GC(260) ParOldGen: 986679K(1398272K)->1110585K(1398272K)
[17.966s][info   ][gc,metaspace   ] GC(260) Metaspace: 213K(448K)->213K(448K) NonClass: 204K(320K)->204K(320K) Class: 9K(128K)->9K(128K)
[17.966s][info   ][gc             ] GC(260) Pause Young (Allocation Failure) 1384M->1282M(1826M) 61.565ms
[17.966s][info   ][gc,cpu         ] GC(260) User=0.20s Sys=0.01s Real=0.06s
[18.003s][info   ][gc,start       ] GC(261) Pause Young (Allocation Failure)
[18.059s][info   ][gc,heap        ] GC(261) PSYoungGen: 448221K(472064K)->202755K(472576K) Eden: 245466K(246272K)->0K(246272K) From: 202755K(225792K)->202755K(226304K)
[18.059s][info   ][gc,heap        ] GC(261) ParOldGen: 1110585K(1398272K)->1242683K(1398272K)
[18.059s][info   ][gc,metaspace   ] GC(261) Metaspace: 213K(448K)->213K(448K) NonClass: 204K(320K)->204K(320K) Class: 9K(128K)->9K(128K)
[18.059s][info   ][gc             ] GC(261) Pause Young (Allocation Failure) 1522M->1411M(1827M) 56.413ms
[18.059s][info   ][gc,cpu         ] GC(261) User=0.19s Sys=0.01s Real=0.06s
[18.059s][info   ][gc,start       ] GC(262) Pause Full (Ergonomics)
[18.059s][info   ][gc,phases,start] GC(262) Marking Phase
[18.060s][info   ][gc,phases      ] GC(262) Marking Phase 0.855ms
[18.060s][info   ][gc,phases,start] GC(262) Summary Phase
[18.060s][info   ][gc,phases      ] GC(262) Summary Phase 0.026ms
[18.060s][info   ][gc,phases,start] GC(262) Adjust Roots
[18.060s][info   ][gc,phases      ] GC(262) Adjust Roots 0.173ms
[18.060s][info   ][gc,phases,start] GC(262) Compaction Phase
[18.124s][info   ][gc,phases      ] GC(262) Compaction Phase 64.007ms
[18.124s][info   ][gc,phases,start] GC(262) Post Compact
[18.131s][info   ][gc,phases      ] GC(262) Post Compact 6.612ms
[18.131s][info   ][gc,heap        ] GC(262) PSYoungGen: 202755K(472576K)->0K(472576K) Eden: 0K(246272K)->0K(246272K) From: 202755K(226304K)->0K(226304K)
[18.131s][info   ][gc,heap        ] GC(262) ParOldGen: 1242683K(1398272K)->553520K(1398272K)
[18.131s][info   ][gc,metaspace   ] GC(262) Metaspace: 213K(448K)->213K(448K) NonClass: 204K(320K)->204K(320K) Class: 9K(128K)->9K(128K)
[18.131s][info   ][gc             ] GC(262) Pause Full (Ergonomics) 1411M->540M(1827M) 71.893ms
[18.131s][info   ][gc,cpu         ] GC(262) User=0.25s Sys=0.00s Real=0.07s
[18.161s][info   ][gc,start       ] GC(263) Pause Young (Allocation Failure)
[18.190s][info   ][gc,heap        ] GC(263) PSYoungGen: 245468K(472576K)->204803K(451584K) Eden: 245468K(246272K)->0K(246272K) From: 0K(226304K)->204803K(205312K)
[18.191s][info   ][gc,heap        ] GC(263) ParOldGen: 553520K(1398272K)->553520K(1398272K)
[18.191s][info   ][gc,metaspace   ] GC(263) Metaspace: 213K(448K)->213K(448K) NonClass: 204K(320K)->204K(320K) Class: 9K(128K)->9K(128K)
[18.191s][info   ][gc             ] GC(263) Pause Young (Allocation Failure) 780M->740M(1806M) 30.051ms
[18.191s][info   ][gc,cpu         ] GC(263) User=0.12s Sys=0.00s Real=0.03s
[18.219s][info   ][gc,start       ] GC(264) Pause Young (Allocation Failure)
[18.268s][info   ][gc,heap        ] GC(264) PSYoungGen: 450215K(451584K)->188418K(473600K) Eden: 245412K(246272K)->0K(246784K) From: 204803K(205312K)->188418K(226816K)
[18.268s][info   ][gc,heap        ] GC(264) ParOldGen: 553520K(1398272K)->676402K(1398272K)
[18.268s][info   ][gc,metaspace   ] GC(264) Metaspace: 213K(448K)->213K(448K) NonClass: 204K(320K)->204K(320K) Class: 9K(128K)->9K(128K)
[18.268s][info   ][gc             ] GC(264) Pause Young (Allocation Failure) 980M->844M(1828M) 49.264ms
[18.268s][info   ][gc,cpu         ] GC(264) User=0.18s Sys=0.00s Real=0.05s
[18.300s][info   ][gc,start       ] GC(265) Pause Young (Allocation Failure)
[18.346s][info   ][gc,heap        ] GC(265) PSYoungGen: 434886K(473600K)->179202K(472064K) Eden: 246467K(246784K)->0K(246784K) From: 188418K(226816K)->179202K(225280K)
[18.346s][info   ][gc,heap        ] GC(265) ParOldGen: 676402K(1398272K)->775732K(1398272K)
[18.347s][info   ][gc,metaspace   ] GC(265) Metaspace: 213K(448K)->213K(448K) NonClass: 204K(320K)->204K(320K) Class: 9K(128K)->9K(128K)
[18.347s][info   ][gc             ] GC(265) Pause Young (Allocation Failure) 1085M->932M(1826M) 46.264ms
[18.347s][info   ][gc,cpu         ] GC(265) User=0.16s Sys=0.00s Real=0.05s
[18.376s][info   ][gc,start       ] GC(266) Pause Young (Allocation Failure)
[18.420s][info   ][gc,heap        ] GC(266) PSYoungGen: 425684K(472064K)->188418K(476672K) Eden: 246481K(246784K)->0K(251904K) From: 179202K(225280K)->188418K(224768K)
[18.421s][info   ][gc,heap        ] GC(266) ParOldGen: 775732K(1398272K)->881205K(1398272K)
[18.421s][info   ][gc,metaspace   ] GC(266) Metaspace: 213K(448K)->213K(448K) NonClass: 204K(320K)->204K(320K) Class: 9K(128K)->9K(128K)
[18.421s][info   ][gc             ] GC(266) Pause Young (Allocation Failure) 1173M->1044M(1831M) 44.330ms
[18.421s][info   ][gc,cpu         ] GC(266) User=0.16s Sys=0.00s Real=0.04s
[18.451s][info   ][gc,start       ] GC(267) Pause Young (Allocation Failure)
[18.498s][info   ][gc,heap        ] GC(267) PSYoungGen: 440129K(476672K)->194562K(474112K) Eden: 251710K(251904K)->0K(251904K) From: 188418K(224768K)->194562K(222208K)
[18.498s][info   ][gc,heap        ] GC(267) ParOldGen: 881205K(1398272K)->997943K(1398272K)
[18.498s][info   ][gc,metaspace   ] GC(267) Metaspace: 213K(448K)->213K(448K) NonClass: 204K(320K)->204K(320K) Class: 9K(128K)->9K(128K)
[18.498s][info   ][gc             ] GC(267) Pause Young (Allocation Failure) 1290M->1164M(1828M) 46.647ms
[18.498s][info   ][gc,cpu         ] GC(267) User=0.17s Sys=0.01s Real=0.05s
[18.529s][info   ][gc,start       ] GC(268) Pause Young (Allocation Failure)
[18.568s][info   ][gc,heap        ] GC(268) PSYoungGen: 446279K(474112K)->176130K(478720K) Eden: 251716K(251904K)->0K(258560K) From: 194562K(222208K)->176130K(220160K)
[18.569s][info   ][gc,heap        ] GC(268) ParOldGen: 997943K(1398272K)->1099320K(1398272K)
[18.569s][info   ][gc,metaspace   ] GC(268) Metaspace: 213K(448K)->213K(448K) NonClass: 204K(320K)->204K(320K) Class: 9K(128K)->9K(128K)
[18.569s][info   ][gc             ] GC(268) Pause Young (Allocation Failure) 1410M->1245M(1833M) 39.967ms
[18.569s][info   ][gc,cpu         ] GC(268) User=0.16s Sys=0.00s Real=0.04s
[18.597s][info   ][gc,start       ] GC(269) Pause Young (Allocation Failure)
[18.641s][info   ][gc,heap        ] GC(269) PSYoungGen: 434125K(478720K)->202755K(461824K) Eden: 257994K(258560K)->0K(258560K) From: 176130K(220160K)->202755K(203264K)
[18.641s][info   ][gc,heap        ] GC(269) ParOldGen: 1099320K(1398272K)->1201722K(1398272K)
[18.641s][info   ][gc,metaspace   ] GC(269) Metaspace: 213K(448K)->213K(448K) NonClass: 204K(320K)->204K(320K) Class: 9K(128K)->9K(128K)
[18.641s][info   ][gc             ] GC(269) Pause Young (Allocation Failure) 1497M->1371M(1816M) 43.663ms
[18.641s][info   ][gc,cpu         ] GC(269) User=0.16s Sys=0.00s Real=0.04s
[18.670s][info   ][gc,start       ] GC(270) Pause Young (Allocation Failure)
[18.718s][info   ][gc,heap        ] GC(270) PSYoungGen: 460752K(461824K)->204803K(474112K) Eden: 257997K(258560K)->0K(252416K) From: 202755K(203264K)->204803K(221696K)
[18.718s][info   ][gc,heap        ] GC(270) ParOldGen: 1201722K(1398272K)->1314364K(1398272K)
[18.718s][info   ][gc,metaspace   ] GC(270) Metaspace: 213K(448K)->213K(448K) NonClass: 204K(320K)->204K(320K) Class: 9K(128K)->9K(128K)
[18.718s][info   ][gc             ] GC(270) Pause Young (Allocation Failure) 1623M->1483M(1828M) 48.057ms
[18.718s][info   ][gc,cpu         ] GC(270) User=0.18s Sys=0.00s Real=0.05s
[18.718s][info   ][gc,start       ] GC(271) Pause Full (Ergonomics)
[18.718s][info   ][gc,phases,start] GC(271) Marking Phase
[18.719s][info   ][gc,phases      ] GC(271) Marking Phase 0.920ms
[18.719s][info   ][gc,phases,start] GC(271) Summary Phase
[18.719s][info   ][gc,phases      ] GC(271) Summary Phase 0.023ms
[18.719s][info   ][gc,phases,start] GC(271) Adjust Roots
[18.720s][info   ][gc,phases      ] GC(271) Adjust Roots 0.148ms
[18.720s][info   ][gc,phases,start] GC(271) Compaction Phase
[18.768s][info   ][gc,phases      ] GC(271) Compaction Phase 48.791ms
[18.768s][info   ][gc,phases,start] GC(271) Post Compact
[18.775s][info   ][gc,phases      ] GC(271) Post Compact 6.806ms
[18.775s][info   ][gc,heap        ] GC(271) PSYoungGen: 204803K(474112K)->0K(475648K) Eden: 0K(252416K)->0K(252416K) From: 204803K(221696K)->0K(223232K)
[18.775s][info   ][gc,heap        ] GC(271) ParOldGen: 1314364K(1398272K)->439854K(1398272K)
[18.775s][info   ][gc,metaspace   ] GC(271) Metaspace: 213K(448K)->213K(448K) NonClass: 204K(320K)->204K(320K) Class: 9K(128K)->9K(128K)
[18.775s][info   ][gc             ] GC(271) Pause Full (Ergonomics) 1483M->429M(1830M) 56.905ms
[18.775s][info   ][gc,cpu         ] GC(271) User=0.20s Sys=0.00s Real=0.05s
[18.805s][info   ][gc,start       ] GC(272) Pause Young (Allocation Failure)
[18.830s][info   ][gc,heap        ] GC(272) PSYoungGen: 251734K(475648K)->176130K(475648K) Eden: 251734K(252416K)->0K(252416K) From: 0K(223232K)->176130K(223232K)
[18.830s][info   ][gc,heap        ] GC(272) ParOldGen: 439854K(1398272K)->439854K(1398272K)
[18.830s][info   ][gc,metaspace   ] GC(272) Metaspace: 213K(448K)->213K(448K) NonClass: 204K(320K)->204K(320K) Class: 9K(128K)->9K(128K)
[18.830s][info   ][gc             ] GC(272) Pause Young (Allocation Failure) 675M->601M(1830M) 24.694ms
[18.830s][info   ][gc,cpu         ] GC(272) User=0.09s Sys=0.00s Real=0.03s
[18.859s][info   ][gc,start       ] GC(273) Pause Young (Allocation Failure)
[18.908s][info   ][gc,heap        ] GC(273) PSYoungGen: 427808K(475648K)->185346K(475648K) Eden: 251677K(252416K)->0K(252416K) From: 176130K(223232K)->185346K(223232K)
[18.909s][info   ][gc,heap        ] GC(273) ParOldGen: 439854K(1398272K)->532016K(1398272K)
[18.909s][info   ][gc,metaspace   ] GC(273) Metaspace: 213K(448K)->213K(448K) NonClass: 204K(320K)->204K(320K) Class: 9K(128K)->9K(128K)
[18.909s][info   ][gc             ] GC(273) Pause Young (Allocation Failure) 847M->700M(1830M) 49.196ms
[18.909s][info   ][gc,cpu         ] GC(273) User=0.15s Sys=0.01s Real=0.05s
[18.938s][info   ][gc,start       ] GC(274) Pause Young (Allocation Failure)
[18.978s][info   ][gc,heap        ] GC(274) PSYoungGen: 437045K(475648K)->187394K(479744K) Eden: 251698K(252416K)->0K(258560K) From: 185346K(223232K)->187394K(221184K)
[18.978s][info   ][gc,heap        ] GC(274) ParOldGen: 532016K(1398272K)->628273K(1398272K)
[18.978s][info   ][gc,metaspace   ] GC(274) Metaspace: 213K(448K)->213K(448K) NonClass: 204K(320K)->204K(320K) Class: 9K(128K)->9K(128K)
[18.978s][info   ][gc             ] GC(274) Pause Young (Allocation Failure) 946M->796M(1834M) 40.928ms
[18.979s][info   ][gc,cpu         ] GC(274) User=0.16s Sys=0.00s Real=0.04s
[19.007s][info   ][gc,start       ] GC(275) Pause Young (Allocation Failure)
[19.048s][info   ][gc,heap        ] GC(275) PSYoungGen: 445371K(479744K)->184322K(477696K) Eden: 257976K(258560K)->0K(258560K) From: 187394K(221184K)->184322K(219136K)
[19.048s][info   ][gc,heap        ] GC(275) ParOldGen: 628273K(1398272K)->724531K(1398272K)
[19.048s][info   ][gc,metaspace   ] GC(275) Metaspace: 213K(448K)->213K(448K) NonClass: 204K(320K)->204K(320K) Class: 9K(128K)->9K(128K)
[19.048s][info   ][gc             ] GC(275) Pause Young (Allocation Failure) 1048M->887M(1832M) 40.285ms
[19.048s][info   ][gc,cpu         ] GC(275) User=0.16s Sys=0.00s Real=0.04s
[19.077s][info   ][gc,start       ] GC(276) Pause Young (Allocation Failure)
[19.119s][info   ][gc,heap        ] GC(276) PSYoungGen: 442308K(477696K)->200707K(478720K) Eden: 257985K(258560K)->0K(261632K) From: 184322K(219136K)->200707K(217088K)
[19.119s][info   ][gc,heap        ] GC(276) ParOldGen: 724531K(1398272K)->814644K(1398272K)
[19.119s][info   ][gc,metaspace   ] GC(276) Metaspace: 213K(448K)->213K(448K) NonClass: 204K(320K)->204K(320K) Class: 9K(128K)->9K(128K)
[19.119s][info   ][gc             ] GC(276) Pause Young (Allocation Failure) 1139M->991M(1833M) 42.806ms
[19.119s][info   ][gc,cpu         ] GC(276) User=0.17s Sys=0.00s Real=0.04s
[19.151s][info   ][gc,start       ] GC(277) Pause Young (Allocation Failure)
[19.193s][info   ][gc,heap        ] GC(277) PSYoungGen: 461830K(478720K)->174082K(480256K) Eden: 261123K(261632K)->0K(261632K) From: 200707K(217088K)->174082K(218624K)
[19.193s][info   ][gc,heap        ] GC(277) ParOldGen: 814644K(1398272K)->911926K(1398272K)
[19.193s][info   ][gc,metaspace   ] GC(277) Metaspace: 213K(448K)->213K(448K) NonClass: 204K(320K)->204K(320K) Class: 9K(128K)->9K(128K)
[19.193s][info   ][gc             ] GC(277) Pause Young (Allocation Failure) 1246M->1060M(1834M) 41.296ms
[19.193s][info   ][gc,cpu         ] GC(277) User=0.15s Sys=0.00s Real=0.04s
[19.224s][info   ][gc,start       ] GC(278) Pause Young (Allocation Failure)
[19.265s][info   ][gc,heap        ] GC(278) PSYoungGen: 435209K(480256K)->182274K(481792K) Eden: 261126K(261632K)->0K(263168K) From: 174082K(218624K)->182274K(218624K)
[19.265s][info   ][gc,heap        ] GC(278) ParOldGen: 911926K(1398272K)->1002039K(1398272K)
[19.265s][info   ][gc,metaspace   ] GC(278) Metaspace: 213K(448K)->213K(448K) NonClass: 204K(320K)->204K(320K) Class: 9K(128K)->9K(128K)
[19.265s][info   ][gc             ] GC(278) Pause Young (Allocation Failure) 1315M->1156M(1836M) 41.302ms
[19.265s][info   ][gc,cpu         ] GC(278) User=0.14s Sys=0.00s Real=0.04s
[19.298s][info   ][gc,start       ] GC(279) Pause Young (Allocation Failure)
[19.338s][info   ][gc,heap        ] GC(279) PSYoungGen: 444458K(481792K)->189442K(480256K) Eden: 262183K(263168K)->0K(263168K) From: 182274K(218624K)->189442K(217088K)
[19.338s][info   ][gc,heap        ] GC(279) ParOldGen: 1002039K(1398272K)->1090104K(1398272K)
[19.338s][info   ][gc,metaspace   ] GC(279) Metaspace: 213K(448K)->213K(448K) NonClass: 204K(320K)->204K(320K) Class: 9K(128K)->9K(128K)
[19.338s][info   ][gc             ] GC(279) Pause Young (Allocation Failure) 1412M->1249M(1834M) 40.584ms
[19.338s][info   ][gc,cpu         ] GC(279) User=0.15s Sys=0.01s Real=0.04s
[19.369s][info   ][gc,start       ] GC(280) Pause Young (Allocation Failure)
[19.408s][info   ][gc,heap        ] GC(280) PSYoungGen: 451627K(480256K)->180226K(485376K) Eden: 262184K(263168K)->0K(270848K) From: 189442K(217088K)->180226K(214528K)
[19.408s][info   ][gc,heap        ] GC(280) ParOldGen: 1090104K(1398272K)->1181242K(1398272K)
[19.408s][info   ][gc,metaspace   ] GC(280) Metaspace: 213K(448K)->213K(448K) NonClass: 204K(320K)->204K(320K) Class: 9K(128K)->9K(128K)
[19.408s][info   ][gc             ] GC(280) Pause Young (Allocation Failure) 1505M->1329M(1839M) 39.084ms
[19.408s][info   ][gc,cpu         ] GC(280) User=0.15s Sys=0.00s Real=0.04s
[19.439s][info   ][gc,start       ] GC(281) Pause Young (Allocation Failure)
[19.479s][info   ][gc,heap        ] GC(281) PSYoungGen: 450755K(485376K)->183298K(484352K) Eden: 270528K(270848K)->0K(270848K) From: 180226K(214528K)->183298K(213504K)
[19.479s][info   ][gc,heap        ] GC(281) ParOldGen: 1181242K(1398272K)->1265211K(1398272K)
[19.479s][info   ][gc,metaspace   ] GC(281) Metaspace: 213K(448K)->213K(448K) NonClass: 204K(320K)->204K(320K) Class: 9K(128K)->9K(128K)
[19.479s][info   ][gc             ] GC(281) Pause Young (Allocation Failure) 1593M->1414M(1838M) 39.906ms
[19.479s][info   ][gc,cpu         ] GC(281) User=0.15s Sys=0.01s Real=0.04s
[19.510s][info   ][gc,start       ] GC(282) Pause Young (Allocation Failure)
[19.551s][info   ][gc,heap        ] GC(282) PSYoungGen: 453828K(484352K)->186370K(489472K) Eden: 270529K(270848K)->0K(277504K) From: 183298K(213504K)->186370K(211968K)
[19.551s][info   ][gc,heap        ] GC(282) ParOldGen: 1265211K(1398272K)->1354300K(1398272K)
[19.551s][info   ][gc,metaspace   ] GC(282) Metaspace: 213K(448K)->213K(448K) NonClass: 204K(320K)->204K(320K) Class: 9K(128K)->9K(128K)
[19.551s][info   ][gc             ] GC(282) Pause Young (Allocation Failure) 1678M->1504M(1843M) 40.282ms
[19.551s][info   ][gc,cpu         ] GC(282) User=0.15s Sys=0.00s Real=0.04s
[19.551s][info   ][gc,start       ] GC(283) Pause Full (Ergonomics)
[19.551s][info   ][gc,phases,start] GC(283) Marking Phase
[19.553s][info   ][gc,phases      ] GC(283) Marking Phase 1.633ms
[19.553s][info   ][gc,phases,start] GC(283) Summary Phase
[19.553s][info   ][gc,phases      ] GC(283) Summary Phase 0.026ms
[19.553s][info   ][gc,phases,start] GC(283) Adjust Roots
[19.553s][info   ][gc,phases      ] GC(283) Adjust Roots 0.196ms
[19.553s][info   ][gc,phases,start] GC(283) Compaction Phase
[19.598s][info   ][gc,phases      ] GC(283) Compaction Phase 44.780ms
[19.598s][info   ][gc,phases,start] GC(283) Post Compact
[19.604s][info   ][gc,phases      ] GC(283) Post Compact 6.676ms
[19.604s][info   ][gc,heap        ] GC(283) PSYoungGen: 186370K(489472K)->0K(486912K) Eden: 0K(277504K)->0K(277504K) From: 186370K(211968K)->0K(209408K)
[19.604s][info   ][gc,heap        ] GC(283) ParOldGen: 1354300K(1398272K)->378413K(1398272K)
[19.605s][info   ][gc,metaspace   ] GC(283) Metaspace: 213K(448K)->213K(448K) NonClass: 204K(320K)->204K(320K) Class: 9K(128K)->9K(128K)
[19.605s][info   ][gc             ] GC(283) Pause Full (Ergonomics) 1504M->369M(1841M) 53.650ms
[19.605s][info   ][gc,cpu         ] GC(283) User=0.18s Sys=0.00s Real=0.05s
[19.637s][info   ][gc,start       ] GC(284) Pause Young (Allocation Failure)
[19.666s][info   ][gc,heap        ] GC(284) PSYoungGen: 276804K(486912K)->195586K(487424K) Eden: 276804K(277504K)->0K(278016K) From: 0K(209408K)->195586K(209408K)
[19.666s][info   ][gc,heap        ] GC(284) ParOldGen: 378413K(1398272K)->378413K(1398272K)
[19.666s][info   ][gc,metaspace   ] GC(284) Metaspace: 213K(448K)->213K(448K) NonClass: 204K(320K)->204K(320K) Class: 9K(128K)->9K(128K)
[19.666s][info   ][gc             ] GC(284) Pause Young (Allocation Failure) 639M->560M(1841M) 28.871ms
[19.666s][info   ][gc,cpu         ] GC(284) User=0.11s Sys=0.00s Real=0.03s
[19.700s][info   ][gc,start       ] GC(285) Pause Young (Allocation Failure)
[19.745s][info   ][gc,heap        ] GC(285) PSYoungGen: 473368K(487424K)->209923K(488448K) Eden: 277781K(278016K)->0K(278016K) From: 195586K(209408K)->209923K(210432K)
[19.745s][info   ][gc,heap        ] GC(285) ParOldGen: 378413K(1398272K)->474671K(1398272K)
[19.745s][info   ][gc,metaspace   ] GC(285) Metaspace: 213K(448K)->213K(448K) NonClass: 204K(320K)->204K(320K) Class: 9K(128K)->9K(128K)
[19.745s][info   ][gc             ] GC(285) Pause Young (Allocation Failure) 831M->668M(1842M) 44.365ms
[19.745s][info   ][gc,cpu         ] GC(285) User=0.17s Sys=0.00s Real=0.04s
[19.777s][info   ][gc,start       ] GC(286) Pause Young (Allocation Failure)
[19.825s][info   ][gc,heap        ] GC(286) PSYoungGen: 487725K(488448K)->201731K(474112K) Eden: 277801K(278016K)->0K(263680K) From: 209923K(210432K)->201731K(210432K)
[19.825s][info   ][gc,heap        ] GC(286) ParOldGen: 474671K(1398272K)->582193K(1398272K)
[19.825s][info   ][gc,metaspace   ] GC(286) Metaspace: 213K(448K)->213K(448K) NonClass: 204K(320K)->204K(320K) Class: 9K(128K)->9K(128K)
[19.825s][info   ][gc             ] GC(286) Pause Young (Allocation Failure) 939M->765M(1828M) 48.078ms
[19.825s][info   ][gc,cpu         ] GC(286) User=0.16s Sys=0.00s Real=0.04s
[19.858s][info   ][gc,start       ] GC(287) Pause Young (Allocation Failure)
[19.909s][info   ][gc,heap        ] GC(287) PSYoungGen: 464930K(474112K)->188418K(481280K) Eden: 263199K(263680K)->0K(263680K) From: 201731K(210432K)->188418K(217600K)
[19.909s][info   ][gc,heap        ] GC(287) ParOldGen: 582193K(1398272K)->683570K(1398272K)
[19.909s][info   ][gc,metaspace   ] GC(287) Metaspace: 213K(448K)->213K(448K) NonClass: 204K(320K)->204K(320K) Class: 9K(128K)->9K(128K)
[19.909s][info   ][gc             ] GC(287) Pause Young (Allocation Failure) 1022M->851M(1835M) 50.817ms
[19.909s][info   ][gc,cpu         ] GC(287) User=0.16s Sys=0.00s Real=0.05s
[19.942s][info   ][gc,start       ] GC(288) Pause Young (Allocation Failure)
[19.991s][info   ][gc,heap        ] GC(288) PSYoungGen: 451626K(481280K)->190466K(485376K) Eden: 263207K(263680K)->0K(269824K) From: 188418K(217600K)->190466K(215552K)
[19.991s][info   ][gc,heap        ] GC(288) ParOldGen: 683570K(1398272K)->788020K(1398272K)
[19.991s][info   ][gc,metaspace   ] GC(288) Metaspace: 213K(448K)->213K(448K) NonClass: 204K(320K)->204K(320K) Class: 9K(128K)->9K(128K)
[19.991s][info   ][gc             ] GC(288) Pause Young (Allocation Failure) 1108M->955M(1839M) 49.527ms
[19.991s][info   ][gc,cpu         ] GC(288) User=0.16s Sys=0.00s Real=0.05s
[20.024s][info   ][gc,start       ] GC(289) Pause Young (Allocation Failure)
[20.085s][info   ][gc,heap        ] GC(289) PSYoungGen: 459943K(485376K)->212995K(483328K) Eden: 269476K(269824K)->0K(269824K) From: 190466K(215552K)->212995K(213504K)
[20.085s][info   ][gc,heap        ] GC(289) ParOldGen: 788020K(1398272K)->902709K(1398272K)
[20.085s][info   ][gc,metaspace   ] GC(289) Metaspace: 213K(448K)->213K(448K) NonClass: 204K(320K)->204K(320K) Class: 9K(128K)->9K(128K)
[20.085s][info   ][gc             ] GC(289) Pause Young (Allocation Failure) 1218M->1089M(1837M) 60.252ms
[20.085s][info   ][gc,cpu         ] GC(289) User=0.18s Sys=0.01s Real=0.06s
[20.117s][info   ][gc,start       ] GC(290) Pause Young (Allocation Failure)
[20.165s][info   ][gc,heap        ] GC(290) PSYoungGen: 482475K(483328K)->194562K(480256K) Eden: 269480K(269824K)->0K(264704K) From: 212995K(213504K)->194562K(215552K)
[20.166s][info   ][gc,heap        ] GC(290) ParOldGen: 902709K(1398272K)->996919K(1398272K)
[20.166s][info   ][gc,metaspace   ] GC(290) Metaspace: 213K(448K)->213K(448K) NonClass: 204K(320K)->204K(320K) Class: 9K(128K)->9K(128K)
[20.166s][info   ][gc             ] GC(290) Pause Young (Allocation Failure) 1352M->1163M(1834M) 48.350ms
[20.166s][info   ][gc,cpu         ] GC(290) User=0.15s Sys=0.00s Real=0.04s
[20.201s][info   ][gc,start       ] GC(291) Pause Young (Allocation Failure)
[20.251s][info   ][gc,heap        ] GC(291) PSYoungGen: 458825K(480256K)->204803K(470016K) Eden: 264262K(264704K)->0K(264704K) From: 194562K(215552K)->204803K(205312K)
[20.251s][info   ][gc,heap        ] GC(291) ParOldGen: 996919K(1398272K)->1100344K(1398272K)
[20.251s][info   ][gc,metaspace   ] GC(291) Metaspace: 213K(448K)->213K(448K) NonClass: 204K(320K)->204K(320K) Class: 9K(128K)->9K(128K)
[20.251s][info   ][gc             ] GC(291) Pause Young (Allocation Failure) 1421M->1274M(1824M) 50.654ms
[20.251s][info   ][gc,cpu         ] GC(291) User=0.17s Sys=0.00s Real=0.05s
[20.288s][info   ][gc,start       ] GC(292) Pause Young (Allocation Failure)
[20.336s][info   ][gc,heap        ] GC(292) PSYoungGen: 469066K(470016K)->187394K(480768K) Eden: 264263K(264704K)->0K(261632K) From: 204803K(205312K)->187394K(219136K)
[20.336s][info   ][gc,heap        ] GC(292) ParOldGen: 1100344K(1398272K)->1204794K(1398272K)
[20.336s][info   ][gc,metaspace   ] GC(292) Metaspace: 213K(448K)->213K(448K) NonClass: 204K(320K)->204K(320K) Class: 9K(128K)->9K(128K)
[20.336s][info   ][gc             ] GC(292) Pause Young (Allocation Failure) 1532M->1359M(1835M) 48.642ms
[20.336s][info   ][gc,cpu         ] GC(292) User=0.17s Sys=0.01s Real=0.05s
[20.370s][info   ][gc,start       ] GC(293) Pause Young (Allocation Failure)
[20.417s][info   ][gc,heap        ] GC(293) PSYoungGen: 448527K(480768K)->183298K(479744K) Eden: 261132K(261632K)->0K(261632K) From: 187394K(219136K)->183298K(218112K)
[20.417s][info   ][gc,heap        ] GC(293) ParOldGen: 1204794K(1398272K)->1295931K(1398272K)
[20.417s][info   ][gc,metaspace   ] GC(293) Metaspace: 213K(448K)->213K(448K) NonClass: 204K(320K)->204K(320K) Class: 9K(128K)->9K(128K)
[20.417s][info   ][gc             ] GC(293) Pause Young (Allocation Failure) 1614M->1444M(1834M) 46.877ms
[20.417s][info   ][gc,cpu         ] GC(293) User=0.14s Sys=0.00s Real=0.05s
[20.417s][info   ][gc,start       ] GC(294) Pause Full (Ergonomics)
[20.417s][info   ][gc,phases,start] GC(294) Marking Phase
[20.418s][info   ][gc,phases      ] GC(294) Marking Phase 0.871ms
[20.418s][info   ][gc,phases,start] GC(294) Summary Phase
[20.418s][info   ][gc,phases      ] GC(294) Summary Phase 0.025ms
[20.418s][info   ][gc,phases,start] GC(294) Adjust Roots
[20.418s][info   ][gc,phases      ] GC(294) Adjust Roots 0.139ms
[20.418s][info   ][gc,phases,start] GC(294) Compaction Phase
[20.469s][info   ][gc,phases      ] GC(294) Compaction Phase 51.322ms
[20.470s][info   ][gc,phases,start] GC(294) Post Compact
[20.478s][info   ][gc,phases      ] GC(294) Post Compact 8.559ms
[20.478s][info   ][gc,heap        ] GC(294) PSYoungGen: 183298K(479744K)->0K(481792K) Eden: 0K(261632K)->0K(264704K) From: 183298K(218112K)->0K(217088K)
[20.478s][info   ][gc,heap        ] GC(294) ParOldGen: 1295931K(1398272K)->401966K(1398272K)
[20.478s][info   ][gc,metaspace   ] GC(294) Metaspace: 213K(448K)->213K(448K) NonClass: 204K(320K)->204K(320K) Class: 9K(128K)->9K(128K)
[20.478s][info   ][gc             ] GC(294) Pause Full (Ergonomics) 1444M->392M(1836M) 61.224ms
[20.478s][info   ][gc,cpu         ] GC(294) User=0.18s Sys=0.00s Real=0.06s
[20.511s][info   ][gc,start       ] GC(295) Pause Young (Allocation Failure)
[20.540s][info   ][gc,heap        ] GC(295) PSYoungGen: 264264K(481792K)->183298K(481792K) Eden: 264264K(264704K)->0K(264704K) From: 0K(217088K)->183298K(217088K)
[20.540s][info   ][gc,heap        ] GC(295) ParOldGen: 401966K(1398272K)->401966K(1398272K)
[20.540s][info   ][gc,metaspace   ] GC(295) Metaspace: 213K(448K)->213K(448K) NonClass: 204K(320K)->204K(320K) Class: 9K(128K)->9K(128K)
[20.540s][info   ][gc             ] GC(295) Pause Young (Allocation Failure) 650M->571M(1836M) 29.717ms
[20.540s][info   ][gc,cpu         ] GC(295) User=0.09s Sys=0.00s Real=0.03s
[20.572s][info   ][gc,start       ] GC(296) Pause Young (Allocation Failure)
[20.615s][info   ][gc,heap        ] GC(296) PSYoungGen: 447506K(481792K)->192514K(484352K) Eden: 264207K(264704K)->0K(267776K) From: 183298K(217088K)->192514K(216576K)
[20.615s][info   ][gc,heap        ] GC(296) ParOldGen: 401966K(1398272K)->489007K(1398272K)
[20.615s][info   ][gc,metaspace   ] GC(296) Metaspace: 213K(448K)->213K(448K) NonClass: 204K(320K)->204K(320K) Class: 9K(128K)->9K(128K)
[20.615s][info   ][gc             ] GC(296) Pause Young (Allocation Failure) 829M->665M(1838M) 42.313ms
[20.615s][info   ][gc,cpu         ] GC(296) User=0.16s Sys=0.01s Real=0.04s
[20.646s][info   ][gc,start       ] GC(297) Pause Young (Allocation Failure)
[20.692s][info   ][gc,heap        ] GC(297) PSYoungGen: 459875K(484352K)->193538K(482304K) Eden: 267360K(267776K)->0K(267776K) From: 192514K(216576K)->193538K(214528K)
[20.692s][info   ][gc,heap        ] GC(297) ParOldGen: 489007K(1398272K)->594481K(1398272K)
[20.692s][info   ][gc,metaspace   ] GC(297) Metaspace: 213K(448K)->213K(448K) NonClass: 204K(320K)->204K(320K) Class: 9K(128K)->9K(128K)
[20.692s][info   ][gc             ] GC(297) Pause Young (Allocation Failure) 926M->769M(1836M) 45.411ms
[20.692s][info   ][gc,cpu         ] GC(297) User=0.15s Sys=0.00s Real=0.04s
[20.723s][info   ][gc,start       ] GC(298) Pause Young (Allocation Failure)
[20.768s][info   ][gc,heap        ] GC(298) PSYoungGen: 460912K(482304K)->199683K(484352K) Eden: 267374K(267776K)->0K(271872K) From: 193538K(214528K)->199683K(212480K)
[20.768s][info   ][gc,heap        ] GC(298) ParOldGen: 594481K(1398272K)->696882K(1398272K)
[20.768s][info   ][gc,metaspace   ] GC(298) Metaspace: 213K(448K)->213K(448K) NonClass: 204K(320K)->204K(320K) Class: 9K(128K)->9K(128K)
[20.768s][info   ][gc             ] GC(298) Pause Young (Allocation Failure) 1030M->875M(1838M) 44.669ms
[20.768s][info   ][gc,cpu         ] GC(298) User=0.17s Sys=0.00s Real=0.05s
[20.801s][info   ][gc,start       ] GC(299) Pause Young (Allocation Failure)
[20.848s][info   ][gc,heap        ] GC(299) PSYoungGen: 471241K(484352K)->199683K(472064K) Eden: 271558K(271872K)->0K(271872K) From: 199683K(212480K)->199683K(200192K)
[20.848s][info   ][gc,heap        ] GC(299) ParOldGen: 696882K(1398272K)->811572K(1398272K)
[20.848s][info   ][gc,metaspace   ] GC(299) Metaspace: 213K(448K)->213K(448K) NonClass: 204K(320K)->204K(320K) Class: 9K(128K)->9K(128K)
[20.848s][info   ][gc             ] GC(299) Pause Young (Allocation Failure) 1140M->987M(1826M) 46.872ms
[20.848s][info   ][gc,cpu         ] GC(299) User=0.16s Sys=0.00s Real=0.05s
[20.881s][info   ][gc,start       ] GC(300) Pause Young (Allocation Failure)
[20.931s][info   ][gc,heap        ] GC(300) PSYoungGen: 471247K(472064K)->201731K(482816K) Eden: 271564K(271872K)->0K(268800K) From: 199683K(200192K)->201731K(214016K)
[20.931s][info   ][gc,heap        ] GC(300) ParOldGen: 811572K(1398272K)->920118K(1398272K)
[20.931s][info   ][gc,metaspace   ] GC(300) Metaspace: 213K(448K)->213K(448K) NonClass: 204K(320K)->204K(320K) Class: 9K(128K)->9K(128K)
[20.931s][info   ][gc             ] GC(300) Pause Young (Allocation Failure) 1252M->1095M(1837M) 50.302ms
[20.931s][info   ][gc,cpu         ] GC(300) User=0.18s Sys=0.00s Real=0.05s
[20.965s][info   ][gc,start       ] GC(301) Pause Young (Allocation Failure)
[21.020s][info   ][gc,heap        ] GC(301) PSYoungGen: 470167K(482816K)->211971K(481280K) Eden: 268435K(268800K)->0K(268800K) From: 201731K(214016K)->211971K(212480K)
[21.020s][info   ][gc,heap        ] GC(301) ParOldGen: 920118K(1398272K)->1038904K(1398272K)
[21.020s][info   ][gc,metaspace   ] GC(301) Metaspace: 213K(448K)->213K(448K) NonClass: 204K(320K)->204K(320K) Class: 9K(128K)->9K(128K)
[21.020s][info   ][gc             ] GC(301) Pause Young (Allocation Failure) 1357M->1221M(1835M) 54.943ms
[21.020s][info   ][gc,cpu         ] GC(301) User=0.19s Sys=0.00s Real=0.06s
[21.054s][info   ][gc,start       ] GC(302) Pause Young (Allocation Failure)
[21.107s][info   ][gc,heap        ] GC(302) PSYoungGen: 480409K(481280K)->211971K(470016K) Eden: 268438K(268800K)->0K(252416K) From: 211971K(212480K)->211971K(217600K)
[21.107s][info   ][gc,heap        ] GC(302) ParOldGen: 1038904K(1398272K)->1153593K(1398272K)
[21.107s][info   ][gc,metaspace   ] GC(302) Metaspace: 213K(448K)->213K(448K) NonClass: 204K(320K)->204K(320K) Class: 9K(128K)->9K(128K)
[21.107s][info   ][gc             ] GC(302) Pause Young (Allocation Failure) 1483M->1333M(1824M) 53.523ms
[21.107s][info   ][gc,cpu         ] GC(302) User=0.18s Sys=0.01s Real=0.06s
[21.141s][info   ][gc,start       ] GC(303) Pause Young (Allocation Failure)
[21.191s][info   ][gc,heap        ] GC(303) PSYoungGen: 463705K(470016K)->195586K(475648K) Eden: 251734K(252416K)->0K(252416K) From: 211971K(217600K)->195586K(223232K)
[21.191s][info   ][gc,heap        ] GC(303) ParOldGen: 1153593K(1398272K)->1278523K(1398272K)
[21.191s][info   ][gc,metaspace   ] GC(303) Metaspace: 213K(448K)->213K(448K) NonClass: 204K(320K)->204K(320K) Class: 9K(128K)->9K(128K)
[21.191s][info   ][gc             ] GC(303) Pause Young (Allocation Failure) 1579M->1439M(1830M) 50.418ms
[21.191s][info   ][gc,cpu         ] GC(303) User=0.17s Sys=0.01s Real=0.05s
[21.191s][info   ][gc,start       ] GC(304) Pause Full (Ergonomics)
[21.191s][info   ][gc,phases,start] GC(304) Marking Phase
[21.192s][info   ][gc,phases      ] GC(304) Marking Phase 1.053ms
[21.192s][info   ][gc,phases,start] GC(304) Summary Phase
[21.192s][info   ][gc,phases      ] GC(304) Summary Phase 0.027ms
[21.192s][info   ][gc,phases,start] GC(304) Adjust Roots
[21.193s][info   ][gc,phases      ] GC(304) Adjust Roots 0.144ms
[21.193s][info   ][gc,phases,start] GC(304) Compaction Phase
[21.248s][info   ][gc,phases      ] GC(304) Compaction Phase 55.351ms
[21.248s][info   ][gc,phases,start] GC(304) Post Compact
[21.254s][info   ][gc,phases      ] GC(304) Post Compact 6.252ms
[21.254s][info   ][gc,heap        ] GC(304) PSYoungGen: 195586K(475648K)->0K(478208K) Eden: 0K(252416K)->0K(257536K) From: 195586K(223232K)->0K(220672K)
[21.254s][info   ][gc,heap        ] GC(304) ParOldGen: 1278523K(1398272K)->474671K(1398272K)
[21.254s][info   ][gc,metaspace   ] GC(304) Metaspace: 213K(448K)->213K(448K) NonClass: 204K(320K)->204K(320K) Class: 9K(128K)->9K(128K)
[21.254s][info   ][gc             ] GC(304) Pause Full (Ergonomics) 1439M->463M(1832M) 63.047ms
[21.254s][info   ][gc,cpu         ] GC(304) User=0.21s Sys=0.00s Real=0.06s
[21.288s][info   ][gc,start       ] GC(305) Pause Young (Allocation Failure)
[21.321s][info   ][gc,heap        ] GC(305) PSYoungGen: 256955K(478208K)->205827K(463872K) Eden: 256955K(257536K)->0K(257536K) From: 0K(220672K)->205827K(206336K)
[21.321s][info   ][gc,heap        ] GC(305) ParOldGen: 474671K(1398272K)->474671K(1398272K)
[21.321s][info   ][gc,metaspace   ] GC(305) Metaspace: 213K(448K)->213K(448K) NonClass: 204K(320K)->204K(320K) Class: 9K(128K)->9K(128K)
[21.321s][info   ][gc             ] GC(305) Pause Young (Allocation Failure) 714M->664M(1818M) 33.119ms
[21.321s][info   ][gc,cpu         ] GC(305) User=0.13s Sys=0.00s Real=0.03s
[21.352s][info   ][gc,start       ] GC(306) Pause Young (Allocation Failure)
[21.401s][info   ][gc,heap        ] GC(306) PSYoungGen: 462725K(463872K)->205827K(476160K) Eden: 256898K(257536K)->0K(254464K) From: 205827K(206336K)->205827K(221696K)
[21.401s][info   ][gc,heap        ] GC(306) ParOldGen: 474671K(1398272K)->597553K(1398272K)
[21.401s][info   ][gc,metaspace   ] GC(306) Metaspace: 213K(448K)->213K(448K) NonClass: 204K(320K)->204K(320K) Class: 9K(128K)->9K(128K)
[21.401s][info   ][gc             ] GC(306) Pause Young (Allocation Failure) 915M->784M(1830M) 49.308ms
[21.401s][info   ][gc,cpu         ] GC(306) User=0.18s Sys=0.00s Real=0.05s
[21.432s][info   ][gc,start       ] GC(307) Pause Young (Allocation Failure)
[21.480s][info   ][gc,heap        ] GC(307) PSYoungGen: 459614K(476160K)->200707K(476672K) Eden: 253787K(254464K)->0K(254464K) From: 205827K(221696K)->200707K(222208K)
[21.480s][info   ][gc,heap        ] GC(307) ParOldGen: 597553K(1398272K)->721459K(1398272K)
[21.480s][info   ][gc,metaspace   ] GC(307) Metaspace: 213K(448K)->213K(448K) NonClass: 204K(320K)->204K(320K) Class: 9K(128K)->9K(128K)
[21.480s][info   ][gc             ] GC(307) Pause Young (Allocation Failure) 1032M->900M(1831M) 48.713ms
[21.480s][info   ][gc,cpu         ] GC(307) User=0.18s Sys=0.01s Real=0.05s
[21.513s][info   ][gc,start       ] GC(308) Pause Young (Allocation Failure)
[21.567s][info   ][gc,heap        ] GC(308) PSYoungGen: 454508K(476672K)->187394K(478720K) Eden: 253801K(254464K)->0K(258048K) From: 200707K(222208K)->187394K(220672K)
[21.567s][info   ][gc,heap        ] GC(308) ParOldGen: 721459K(1398272K)->844341K(1398272K)
[21.567s][info   ][gc,metaspace   ] GC(308) Metaspace: 213K(448K)->213K(448K) NonClass: 204K(320K)->204K(320K) Class: 9K(128K)->9K(128K)
[21.567s][info   ][gc             ] GC(308) Pause Young (Allocation Failure) 1148M->1007M(1833M) 53.981ms
[21.567s][info   ][gc,cpu         ] GC(308) User=0.18s Sys=0.00s Real=0.06s
[21.599s][info   ][gc,start       ] GC(309) Pause Young (Allocation Failure)
[21.649s][info   ][gc,heap        ] GC(309) PSYoungGen: 445370K(478720K)->204803K(478208K) Eden: 257975K(258048K)->0K(258048K) From: 187394K(220672K)->204803K(220160K)
[21.649s][info   ][gc,heap        ] GC(309) ParOldGen: 844341K(1398272K)->962102K(1398272K)
[21.649s][info   ][gc,metaspace   ] GC(309) Metaspace: 213K(448K)->213K(448K) NonClass: 204K(320K)->204K(320K) Class: 9K(128K)->9K(128K)
[21.649s][info   ][gc             ] GC(309) Pause Young (Allocation Failure) 1259M->1139M(1832M) 50.258ms
[21.649s][info   ][gc,cpu         ] GC(309) User=0.18s Sys=0.00s Real=0.05s
[21.682s][info   ][gc,start       ] GC(310) Pause Young (Allocation Failure)
[21.731s][info   ][gc,heap        ] GC(310) PSYoungGen: 462784K(478208K)->195586K(479744K) Eden: 257981K(258048K)->0K(259072K) From: 204803K(220160K)->195586K(220672K)
[21.731s][info   ][gc,heap        ] GC(310) ParOldGen: 962102K(1398272K)->1091128K(1398272K)
[21.731s][info   ][gc,metaspace   ] GC(310) Metaspace: 213K(448K)->213K(448K) NonClass: 204K(320K)->204K(320K) Class: 9K(128K)->9K(128K)
[21.731s][info   ][gc             ] GC(310) Pause Young (Allocation Failure) 1391M->1256M(1834M) 49.077ms
[21.731s][info   ][gc,cpu         ] GC(310) User=0.19s Sys=0.00s Real=0.05s
[21.762s][info   ][gc,start       ] GC(311) Pause Young (Allocation Failure)
[21.811s][info   ][gc,heap        ] GC(311) PSYoungGen: 454616K(479744K)->203779K(478208K) Eden: 259029K(259072K)->0K(259072K) From: 195586K(220672K)->203779K(219136K)
[21.811s][info   ][gc,heap        ] GC(311) ParOldGen: 1091128K(1398272K)->1211962K(1398272K)
[21.811s][info   ][gc,metaspace   ] GC(311) Metaspace: 213K(448K)->213K(448K) NonClass: 204K(320K)->204K(320K) Class: 9K(128K)->9K(128K)
[21.811s][info   ][gc             ] GC(311) Pause Young (Allocation Failure) 1509M->1382M(1832M) 49.270ms
[21.811s][info   ][gc,cpu         ] GC(311) User=0.18s Sys=0.00s Real=0.05s
[21.842s][info   ][gc,start       ] GC(312) Pause Young (Allocation Failure)
[21.887s][info   ][gc,heap        ] GC(312) PSYoungGen: 462810K(478208K)->192514K(480768K) Eden: 259031K(259072K)->0K(261632K) From: 203779K(219136K)->192514K(219136K)
[21.887s][info   ][gc,heap        ] GC(312) ParOldGen: 1211962K(1398272K)->1325628K(1398272K)
[21.887s][info   ][gc,metaspace   ] GC(312) Metaspace: 213K(448K)->213K(448K) NonClass: 204K(320K)->204K(320K) Class: 9K(128K)->9K(128K)
[21.887s][info   ][gc             ] GC(312) Pause Young (Allocation Failure) 1635M->1482M(1835M) 44.838ms
[21.887s][info   ][gc,cpu         ] GC(312) User=0.17s Sys=0.01s Real=0.05s
[21.887s][info   ][gc,start       ] GC(313) Pause Full (Ergonomics)
[21.887s][info   ][gc,phases,start] GC(313) Marking Phase
[21.888s][info   ][gc,phases      ] GC(313) Marking Phase 0.767ms
[21.888s][info   ][gc,phases,start] GC(313) Summary Phase
[21.888s][info   ][gc,phases      ] GC(313) Summary Phase 0.023ms
[21.888s][info   ][gc,phases,start] GC(313) Adjust Roots
[21.888s][info   ][gc,phases      ] GC(313) Adjust Roots 0.194ms
[21.888s][info   ][gc,phases,start] GC(313) Compaction Phase
[21.950s][info   ][gc,phases      ] GC(313) Compaction Phase 62.432ms
[21.950s][info   ][gc,phases,start] GC(313) Post Compact
[21.958s][info   ][gc,phases      ] GC(313) Post Compact 7.032ms
[21.958s][info   ][gc,heap        ] GC(313) PSYoungGen: 192514K(480768K)->0K(479744K) Eden: 0K(261632K)->0K(261632K) From: 192514K(219136K)->0K(218112K)
[21.958s][info   ][gc,heap        ] GC(313) ParOldGen: 1325628K(1398272K)->496175K(1398272K)
[21.958s][info   ][gc,metaspace   ] GC(313) Metaspace: 213K(448K)->213K(448K) NonClass: 204K(320K)->204K(320K) Class: 9K(128K)->9K(128K)
[21.958s][info   ][gc             ] GC(313) Pause Full (Ergonomics) 1482M->484M(1834M) 70.844ms
[21.958s][info   ][gc,cpu         ] GC(313) User=0.22s Sys=0.00s Real=0.07s
[21.991s][info   ][gc,start       ] GC(314) Pause Young (Allocation Failure)
[22.023s][info   ][gc,heap        ] GC(314) PSYoungGen: 261131K(479744K)->189442K(481280K) Eden: 261131K(261632K)->0K(263168K) From: 0K(218112K)->189442K(218112K)
[22.023s][info   ][gc,heap        ] GC(314) ParOldGen: 496175K(1398272K)->496175K(1398272K)
[22.024s][info   ][gc,metaspace   ] GC(314) Metaspace: 213K(448K)->213K(448K) NonClass: 204K(320K)->204K(320K) Class: 9K(128K)->9K(128K)
[22.024s][info   ][gc             ] GC(314) Pause Young (Allocation Failure) 739M->669M(1835M) 32.061ms
[22.024s][info   ][gc,cpu         ] GC(314) User=0.11s Sys=0.00s Real=0.03s
[22.054s][info   ][gc,start       ] GC(315) Pause Young (Allocation Failure)
[22.099s][info   ][gc,heap        ] GC(315) PSYoungGen: 452595K(481280K)->192514K(480768K) Eden: 263152K(263168K)->0K(263168K) From: 189442K(218112K)->192514K(217600K)
[22.099s][info   ][gc,heap        ] GC(315) ParOldGen: 496175K(1398272K)->604721K(1398272K)
[22.099s][info   ][gc,metaspace   ] GC(315) Metaspace: 213K(448K)->213K(448K) NonClass: 204K(320K)->204K(320K) Class: 9K(128K)->9K(128K)
[22.099s][info   ][gc             ] GC(315) Pause Young (Allocation Failure) 926M->778M(1835M) 44.473ms
[22.099s][info   ][gc,cpu         ] GC(315) User=0.17s Sys=0.00s Real=0.05s
[22.130s][info   ][gc,start       ] GC(316) Pause Young (Allocation Failure)
[22.173s][info   ][gc,heap        ] GC(316) PSYoungGen: 454664K(480768K)->191490K(483328K) Eden: 262149K(263168K)->0K(266752K) From: 192514K(217600K)->191490K(216576K)
[22.173s][info   ][gc,heap        ] GC(316) ParOldGen: 604721K(1398272K)->705074K(1398272K)
[22.173s][info   ][gc,metaspace   ] GC(316) Metaspace: 213K(448K)->213K(448K) NonClass: 204K(320K)->204K(320K) Class: 9K(128K)->9K(128K)
[22.174s][info   ][gc             ] GC(316) Pause Young (Allocation Failure) 1034M->875M(1837M) 43.645ms
[22.174s][info   ][gc,cpu         ] GC(316) User=0.17s Sys=0.00s Real=0.04s
[22.206s][info   ][gc,start       ] GC(317) Pause Young (Allocation Failure)
[22.256s][info   ][gc,heap        ] GC(317) PSYoungGen: 457820K(483328K)->211971K(479232K) Eden: 266329K(266752K)->0K(266752K) From: 191490K(216576K)->211971K(212480K)
[22.256s][info   ][gc,heap        ] GC(317) ParOldGen: 705074K(1398272K)->819764K(1398272K)
[22.256s][info   ][gc,metaspace   ] GC(317) Metaspace: 213K(448K)->213K(448K) NonClass: 204K(320K)->204K(320K) Class: 9K(128K)->9K(128K)
[22.256s][info   ][gc             ] GC(317) Pause Young (Allocation Failure) 1135M->1007M(1833M) 49.704ms
[22.256s][info   ][gc,cpu         ] GC(317) User=0.19s Sys=0.00s Real=0.05s
[22.289s][info   ][gc,start       ] GC(318) Pause Young (Allocation Failure)
[22.336s][info   ][gc,heap        ] GC(318) PSYoungGen: 478309K(479232K)->202755K(479744K) Eden: 266338K(266752K)->0K(260608K) From: 211971K(212480K)->202755K(219136K)
[22.336s][info   ][gc,heap        ] GC(318) ParOldGen: 819764K(1398272K)->928310K(1398272K)
[22.336s][info   ][gc,metaspace   ] GC(318) Metaspace: 213K(448K)->213K(448K) NonClass: 204K(320K)->204K(320K) Class: 9K(128K)->9K(128K)
[22.336s][info   ][gc             ] GC(318) Pause Young (Allocation Failure) 1267M->1104M(1834M) 47.065ms
[22.336s][info   ][gc,cpu         ] GC(318) User=0.17s Sys=0.00s Real=0.04s
[22.367s][info   ][gc,start       ] GC(319) Pause Young (Allocation Failure)
[22.412s][info   ][gc,heap        ] GC(319) PSYoungGen: 462834K(479744K)->190466K(479744K) Eden: 260079K(260608K)->0K(260608K) From: 202755K(219136K)->190466K(219136K)
[22.412s][info   ][gc,heap        ] GC(319) ParOldGen: 928310K(1398272K)->1034807K(1398272K)
[22.412s][info   ][gc,metaspace   ] GC(319) Metaspace: 213K(448K)->213K(448K) NonClass: 204K(320K)->204K(320K) Class: 9K(128K)->9K(128K)
[22.412s][info   ][gc             ] GC(319) Pause Young (Allocation Failure) 1358M->1196M(1834M) 44.449ms
[22.412s][info   ][gc,cpu         ] GC(319) User=0.17s Sys=0.00s Real=0.04s
[22.442s][info   ][gc,start       ] GC(320) Pause Young (Allocation Failure)
[22.485s][info   ][gc,heap        ] GC(320) PSYoungGen: 450550K(479744K)->183298K(479744K) Eden: 260083K(260608K)->0K(261632K) From: 190466K(219136K)->183298K(218112K)
[22.485s][info   ][gc,heap        ] GC(320) ParOldGen: 1034807K(1398272K)->1142329K(1398272K)
[22.485s][info   ][gc,metaspace   ] GC(320) Metaspace: 213K(448K)->213K(448K) NonClass: 204K(320K)->204K(320K) Class: 9K(128K)->9K(128K)
[22.485s][info   ][gc             ] GC(320) Pause Young (Allocation Failure) 1450M->1294M(1834M) 43.451ms
[22.485s][info   ][gc,cpu         ] GC(320) User=0.17s Sys=0.01s Real=0.04s
[22.515s][info   ][gc,start       ] GC(321) Pause Young (Allocation Failure)
[22.561s][info   ][gc,heap        ] GC(321) PSYoungGen: 444428K(479744K)->206851K(468992K) Eden: 261129K(261632K)->0K(261632K) From: 183298K(218112K)->206851K(207360K)
[22.561s][info   ][gc,heap        ] GC(321) ParOldGen: 1142329K(1398272K)->1245755K(1398272K)
[22.561s][info   ][gc,metaspace   ] GC(321) Metaspace: 213K(448K)->213K(448K) NonClass: 204K(320K)->204K(320K) Class: 9K(128K)->9K(128K)
[22.561s][info   ][gc             ] GC(321) Pause Young (Allocation Failure) 1549M->1418M(1823M) 45.851ms
[22.561s][info   ][gc,cpu         ] GC(321) User=0.18s Sys=0.00s Real=0.05s
[22.592s][info   ][gc,start       ] GC(322) Pause Young (Allocation Failure)
[22.638s][info   ][gc,heap        ] GC(322) PSYoungGen: 467982K(468992K)->192514K(479744K) Eden: 261131K(261632K)->0K(259072K) From: 206851K(207360K)->192514K(220672K)
[22.638s][info   ][gc,heap        ] GC(322) ParOldGen: 1245755K(1398272K)->1363516K(1398272K)
[22.638s][info   ][gc,metaspace   ] GC(322) Metaspace: 213K(448K)->213K(448K) NonClass: 204K(320K)->204K(320K) Class: 9K(128K)->9K(128K)
[22.638s][info   ][gc             ] GC(322) Pause Young (Allocation Failure) 1673M->1519M(1834M) 46.035ms
[22.638s][info   ][gc,cpu         ] GC(322) User=0.18s Sys=0.00s Real=0.05s
[22.638s][info   ][gc,start       ] GC(323) Pause Full (Ergonomics)
[22.638s][info   ][gc,phases,start] GC(323) Marking Phase
[22.639s][info   ][gc,phases      ] GC(323) Marking Phase 0.808ms
[22.639s][info   ][gc,phases,start] GC(323) Summary Phase
[22.639s][info   ][gc,phases      ] GC(323) Summary Phase 0.022ms
[22.639s][info   ][gc,phases,start] GC(323) Adjust Roots
[22.639s][info   ][gc,phases      ] GC(323) Adjust Roots 0.160ms
[22.639s][info   ][gc,phases,start] GC(323) Compaction Phase
[22.692s][info   ][gc,phases      ] GC(323) Compaction Phase 52.778ms
[22.692s][info   ][gc,phases,start] GC(323) Post Compact
[22.699s][info   ][gc,phases      ] GC(323) Post Compact 6.600ms
[22.699s][info   ][gc,heap        ] GC(323) PSYoungGen: 192514K(479744K)->0K(478208K) Eden: 0K(259072K)->0K(259072K) From: 192514K(220672K)->0K(219136K)
[22.699s][info   ][gc,heap        ] GC(323) ParOldGen: 1363516K(1398272K)->455215K(1398272K)
[22.699s][info   ][gc,metaspace   ] GC(323) Metaspace: 213K(448K)->213K(448K) NonClass: 204K(320K)->204K(320K) Class: 9K(128K)->9K(128K)
[22.699s][info   ][gc             ] GC(323) Pause Full (Ergonomics) 1519M->444M(1832M) 60.608ms
[22.699s][info   ][gc,cpu         ] GC(323) User=0.22s Sys=0.00s Real=0.06s
[22.729s][info   ][gc,start       ] GC(324) Pause Young (Allocation Failure)
[22.759s][info   ][gc,heap        ] GC(324) PSYoungGen: 259033K(478208K)->193538K(481792K) Eden: 259033K(259072K)->0K(262656K) From: 0K(219136K)->193538K(219136K)
[22.759s][info   ][gc,heap        ] GC(324) ParOldGen: 455215K(1398272K)->455215K(1398272K)
[22.759s][info   ][gc,metaspace   ] GC(324) Metaspace: 213K(448K)->213K(448K) NonClass: 204K(320K)->204K(320K) Class: 9K(128K)->9K(128K)
[22.759s][info   ][gc             ] GC(324) Pause Young (Allocation Failure) 697M->633M(1836M) 29.882ms
[22.759s][info   ][gc,cpu         ] GC(324) User=0.11s Sys=0.00s Real=0.03s
[22.791s][info   ][gc,start       ] GC(325) Pause Young (Allocation Failure)
[22.836s][info   ][gc,heap        ] GC(325) PSYoungGen: 455657K(481792K)->193538K(479744K) Eden: 262118K(262656K)->0K(262656K) From: 193538K(219136K)->193538K(217088K)
[22.836s][info   ][gc,heap        ] GC(325) ParOldGen: 455215K(1398272K)->567856K(1398272K)
[22.836s][info   ][gc,metaspace   ] GC(325) Metaspace: 213K(448K)->213K(448K) NonClass: 204K(320K)->204K(320K) Class: 9K(128K)->9K(128K)
[22.836s][info   ][gc             ] GC(325) Pause Young (Allocation Failure) 889M->743M(1834M) 45.774ms
[22.836s][info   ][gc,cpu         ] GC(325) User=0.17s Sys=0.00s Real=0.05s
[22.868s][info   ][gc,start       ] GC(326) Pause Young (Allocation Failure)
[22.915s][info   ][gc,heap        ] GC(326) PSYoungGen: 455678K(479744K)->197635K(484352K) Eden: 262139K(262656K)->0K(268800K) From: 193538K(217088K)->197635K(215552K)
[22.915s][info   ][gc,heap        ] GC(326) ParOldGen: 567856K(1398272K)->685618K(1398272K)
[22.915s][info   ][gc,metaspace   ] GC(326) Metaspace: 213K(448K)->213K(448K) NonClass: 204K(320K)->204K(320K) Class: 9K(128K)->9K(128K)
[22.915s][info   ][gc             ] GC(326) Pause Young (Allocation Failure) 999M->862M(1838M) 47.499ms
[22.915s][info   ][gc,cpu         ] GC(326) User=0.18s Sys=0.01s Real=0.04s
[22.948s][info   ][gc,start       ] GC(327) Pause Young (Allocation Failure)
[22.994s][info   ][gc,heap        ] GC(327) PSYoungGen: 466052K(484352K)->192514K(483328K) Eden: 268417K(268800K)->0K(268800K) From: 197635K(215552K)->192514K(214528K)
[22.994s][info   ][gc,heap        ] GC(327) ParOldGen: 685618K(1398272K)->792116K(1398272K)
[22.994s][info   ][gc,metaspace   ] GC(327) Metaspace: 213K(448K)->213K(448K) NonClass: 204K(320K)->204K(320K) Class: 9K(128K)->9K(128K)
[22.994s][info   ][gc             ] GC(327) Pause Young (Allocation Failure) 1124M->961M(1837M) 46.215ms
[22.994s][info   ][gc,cpu         ] GC(327) User=0.17s Sys=0.00s Real=0.04s
[23.026s][info   ][gc,start       ] GC(328) Pause Young (Allocation Failure)
[23.072s][info   ][gc,heap        ] GC(328) PSYoungGen: 460941K(483328K)->194562K(486912K) Eden: 268426K(268800K)->0K(273920K) From: 192514K(214528K)->194562K(212992K)
[23.072s][info   ][gc,heap        ] GC(328) ParOldGen: 792116K(1398272K)->897589K(1398272K)
[23.072s][info   ][gc,metaspace   ] GC(328) Metaspace: 213K(448K)->213K(448K) NonClass: 204K(320K)->204K(320K) Class: 9K(128K)->9K(128K)
[23.072s][info   ][gc             ] GC(328) Pause Young (Allocation Failure) 1223M->1066M(1841M) 46.166ms
[23.073s][info   ][gc,cpu         ] GC(328) User=0.15s Sys=0.01s Real=0.04s
[23.106s][info   ][gc,start       ] GC(329) Pause Young (Allocation Failure)
[23.151s][info   ][gc,heap        ] GC(329) PSYoungGen: 468215K(486912K)->191490K(485888K) Eden: 273652K(273920K)->0K(273920K) From: 194562K(212992K)->191490K(211968K)
[23.151s][info   ][gc,heap        ] GC(329) ParOldGen: 897589K(1398272K)->986679K(1398272K)
[23.151s][info   ][gc,metaspace   ] GC(329) Metaspace: 213K(448K)->213K(448K) NonClass: 204K(320K)->204K(320K) Class: 9K(128K)->9K(128K)
[23.151s][info   ][gc             ] GC(329) Pause Young (Allocation Failure) 1333M->1150M(1840M) 45.504ms
[23.151s][info   ][gc,cpu         ] GC(329) User=0.15s Sys=0.01s Real=0.04s
[23.185s][info   ][gc,start       ] GC(330) Pause Young (Allocation Failure)
[23.230s][info   ][gc,heap        ] GC(330) PSYoungGen: 465147K(485888K)->190466K(488448K) Eden: 273656K(273920K)->0K(277504K) From: 191490K(211968K)->190466K(210944K)
[23.230s][info   ][gc,heap        ] GC(330) ParOldGen: 986679K(1398272K)->1079864K(1398272K)
[23.230s][info   ][gc,metaspace   ] GC(330) Metaspace: 213K(448K)->213K(448K) NonClass: 204K(320K)->204K(320K) Class: 9K(128K)->9K(128K)
[23.230s][info   ][gc             ] GC(330) Pause Young (Allocation Failure) 1417M->1240M(1842M) 44.460ms
[23.230s][info   ][gc,cpu         ] GC(330) User=0.15s Sys=0.00s Real=0.05s
[23.264s][info   ][gc,start       ] GC(331) Pause Young (Allocation Failure)
[23.308s][info   ][gc,heap        ] GC(331) PSYoungGen: 467267K(488448K)->187394K(487936K) Eden: 276800K(277504K)->0K(277504K) From: 190466K(210944K)->187394K(210432K)
[23.308s][info   ][gc,heap        ] GC(331) ParOldGen: 1079864K(1398272K)->1169978K(1398272K)
[23.308s][info   ][gc,metaspace   ] GC(331) Metaspace: 213K(448K)->213K(448K) NonClass: 204K(320K)->204K(320K) Class: 9K(128K)->9K(128K)
[23.308s][info   ][gc             ] GC(331) Pause Young (Allocation Failure) 1510M->1325M(1842M) 44.723ms
[23.308s][info   ][gc,cpu         ] GC(331) User=0.15s Sys=0.01s Real=0.05s
[23.344s][info   ][gc,start       ] GC(332) Pause Young (Allocation Failure)
[23.389s][info   ][gc,heap        ] GC(332) PSYoungGen: 464197K(487936K)->200707K(486912K) Eden: 276802K(277504K)->0K(276992K) From: 187394K(210432K)->200707K(209920K)
[23.389s][info   ][gc,heap        ] GC(332) ParOldGen: 1169978K(1398272K)->1257019K(1398272K)
[23.389s][info   ][gc,metaspace   ] GC(332) Metaspace: 213K(448K)->213K(448K) NonClass: 204K(320K)->204K(320K) Class: 9K(128K)->9K(128K)
[23.389s][info   ][gc             ] GC(332) Pause Young (Allocation Failure) 1595M->1423M(1841M) 45.347ms
[23.389s][info   ][gc,cpu         ] GC(332) User=0.15s Sys=0.00s Real=0.05s
[23.426s][info   ][gc,start       ] GC(333) Pause Young (Allocation Failure)
[23.477s][info   ][gc,heap        ] GC(333) PSYoungGen: 477500K(486912K)->204803K(482304K) Eden: 276793K(276992K)->0K(276992K) From: 200707K(209920K)->204803K(205312K)
[23.477s][info   ][gc,heap        ] GC(333) ParOldGen: 1257019K(1398272K)->1373757K(1398272K)
[23.477s][info   ][gc,metaspace   ] GC(333) Metaspace: 213K(448K)->213K(448K) NonClass: 204K(320K)->204K(320K) Class: 9K(128K)->9K(128K)
[23.477s][info   ][gc             ] GC(333) Pause Young (Allocation Failure) 1693M->1541M(1836M) 51.728ms
[23.477s][info   ][gc,cpu         ] GC(333) User=0.15s Sys=0.00s Real=0.06s
[23.478s][info   ][gc,start       ] GC(334) Pause Full (Ergonomics)
[23.478s][info   ][gc,phases,start] GC(334) Marking Phase
[23.478s][info   ][gc,phases      ] GC(334) Marking Phase 0.868ms
[23.478s][info   ][gc,phases,start] GC(334) Summary Phase
[23.478s][info   ][gc,phases      ] GC(334) Summary Phase 0.023ms
[23.478s][info   ][gc,phases,start] GC(334) Adjust Roots
[23.479s][info   ][gc,phases      ] GC(334) Adjust Roots 0.169ms
[23.479s][info   ][gc,phases,start] GC(334) Compaction Phase
[23.530s][info   ][gc,phases      ] GC(334) Compaction Phase 50.950ms
[23.530s][info   ][gc,phases,start] GC(334) Post Compact
[23.537s][info   ][gc,phases      ] GC(334) Post Compact 6.963ms
[23.537s][info   ][gc,heap        ] GC(334) PSYoungGen: 204803K(482304K)->0K(485888K) Eden: 0K(276992K)->0K(272896K) From: 204803K(205312K)->0K(212992K)
[23.537s][info   ][gc,heap        ] GC(334) ParOldGen: 1373757K(1398272K)->407086K(1398272K)
[23.537s][info   ][gc,metaspace   ] GC(334) Metaspace: 213K(448K)->213K(448K) NonClass: 204K(320K)->204K(320K) Class: 9K(128K)->9K(128K)
[23.537s][info   ][gc             ] GC(334) Pause Full (Ergonomics) 1541M->397M(1840M) 59.250ms
[23.537s][info   ][gc,cpu         ] GC(334) User=0.18s Sys=0.00s Real=0.06s
[23.578s][info   ][gc,start       ] GC(335) Pause Young (Allocation Failure)
[23.612s][info   ][gc,heap        ] GC(335) PSYoungGen: 272617K(485888K)->192514K(485888K) Eden: 272617K(272896K)->0K(272896K) From: 0K(212992K)->192514K(212992K)
[23.612s][info   ][gc,heap        ] GC(335) ParOldGen: 407086K(1398272K)->407086K(1398272K)
[23.612s][info   ][gc,metaspace   ] GC(335) Metaspace: 213K(448K)->213K(448K) NonClass: 204K(320K)->204K(320K) Class: 9K(128K)->9K(128K)
[23.612s][info   ][gc             ] GC(335) Pause Young (Allocation Failure) 663M->585M(1840M) 33.647ms
[23.612s][info   ][gc,cpu         ] GC(335) User=0.11s Sys=0.01s Real=0.03s
[23.651s][info   ][gc,start       ] GC(336) Pause Young (Allocation Failure)
[23.696s][info   ][gc,heap        ] GC(336) PSYoungGen: 465075K(485888K)->182274K(485888K) Eden: 272560K(272896K)->0K(273920K) From: 192514K(212992K)->182274K(211968K)
[23.696s][info   ][gc,heap        ] GC(336) ParOldGen: 407086K(1398272K)->500271K(1398272K)
[23.696s][info   ][gc,metaspace   ] GC(336) Metaspace: 213K(448K)->213K(448K) NonClass: 204K(320K)->204K(320K) Class: 9K(128K)->9K(128K)
[23.696s][info   ][gc             ] GC(336) Pause Young (Allocation Failure) 851M->666M(1840M) 44.947ms
[23.696s][info   ][gc,cpu         ] GC(336) User=0.15s Sys=0.00s Real=0.04s
[23.731s][info   ][gc,start       ] GC(337) Pause Young (Allocation Failure)
[23.778s][info   ][gc,heap        ] GC(337) PSYoungGen: 455900K(485888K)->189442K(486400K) Eden: 273625K(273920K)->0K(273920K) From: 182274K(211968K)->189442K(212480K)
[23.778s][info   ][gc,heap        ] GC(337) ParOldGen: 500271K(1398272K)->599601K(1398272K)
[23.778s][info   ][gc,metaspace   ] GC(337) Metaspace: 213K(448K)->213K(448K) NonClass: 204K(320K)->204K(320K) Class: 9K(128K)->9K(128K)
[23.778s][info   ][gc             ] GC(337) Pause Young (Allocation Failure) 933M->770M(1840M) 46.684ms
[23.778s][info   ][gc,cpu         ] GC(337) User=0.16s Sys=0.01s Real=0.05s
[23.813s][info   ][gc,start       ] GC(338) Pause Young (Allocation Failure)
[23.858s][info   ][gc,heap        ] GC(338) PSYoungGen: 463081K(486400K)->196611K(487936K) Eden: 273638K(273920K)->0K(276480K) From: 189442K(212480K)->196611K(211456K)
[23.858s][info   ][gc,heap        ] GC(338) ParOldGen: 599601K(1398272K)->687666K(1398272K)
[23.858s][info   ][gc,metaspace   ] GC(338) Metaspace: 213K(448K)->213K(448K) NonClass: 204K(320K)->204K(320K) Class: 9K(128K)->9K(128K)
[23.858s][info   ][gc             ] GC(338) Pause Young (Allocation Failure) 1037M->863M(1842M) 45.583ms
[23.858s][info   ][gc,cpu         ] GC(338) User=0.16s Sys=0.00s Real=0.05s
[23.894s][info   ][gc,start       ] GC(339) Pause Young (Allocation Failure)
[23.947s][info   ][gc,heap        ] GC(339) PSYoungGen: 472356K(487936K)->197635K(487424K) Eden: 275745K(276480K)->0K(276480K) From: 196611K(211456K)->197635K(210944K)
[23.947s][info   ][gc,heap        ] GC(339) ParOldGen: 687666K(1398272K)->789044K(1398272K)
[23.947s][info   ][gc,metaspace   ] GC(339) Metaspace: 213K(448K)->213K(448K) NonClass: 204K(320K)->204K(320K) Class: 9K(128K)->9K(128K)
[23.947s][info   ][gc             ] GC(339) Pause Young (Allocation Failure) 1132M->963M(1841M) 52.980ms
[23.947s][info   ][gc,cpu         ] GC(339) User=0.16s Sys=0.00s Real=0.06s
[23.984s][info   ][gc,start       ] GC(340) Pause Young (Allocation Failure)
[24.032s][info   ][gc,heap        ] GC(340) PSYoungGen: 473386K(487424K)->180226K(486400K) Eden: 275751K(276480K)->0K(275968K) From: 197635K(210944K)->180226K(210432K)
[24.032s][info   ][gc,heap        ] GC(340) ParOldGen: 789044K(1398272K)->881205K(1398272K)
[24.032s][info   ][gc,metaspace   ] GC(340) Metaspace: 213K(448K)->213K(448K) NonClass: 204K(320K)->204K(320K) Class: 9K(128K)->9K(128K)
[24.032s][info   ][gc             ] GC(340) Pause Young (Allocation Failure) 1232M->1036M(1840M) 47.721ms
[24.032s][info   ][gc,cpu         ] GC(340) User=0.12s Sys=0.00s Real=0.05s
[24.067s][info   ][gc,start       ] GC(341) Pause Young (Allocation Failure)
[24.111s][info   ][gc,heap        ] GC(341) PSYoungGen: 455971K(486400K)->185346K(487424K) Eden: 275744K(275968K)->0K(275968K) From: 180226K(210432K)->185346K(211456K)
[24.111s][info   ][gc,heap        ] GC(341) ParOldGen: 881205K(1398272K)->961078K(1398272K)
[24.111s][info   ][gc,metaspace   ] GC(341) Metaspace: 213K(448K)->213K(448K) NonClass: 204K(320K)->204K(320K) Class: 9K(128K)->9K(128K)
[24.111s][info   ][gc             ] GC(341) Pause Young (Allocation Failure) 1305M->1119M(1841M) 44.074ms
[24.111s][info   ][gc,cpu         ] GC(341) User=0.14s Sys=0.00s Real=0.04s
[24.147s][info   ][gc,start       ] GC(342) Pause Young (Allocation Failure)
[24.186s][info   ][gc,heap        ] GC(342) PSYoungGen: 461093K(487424K)->178178K(486912K) Eden: 275746K(275968K)->0K(275968K) From: 185346K(211456K)->178178K(210944K)
[24.186s][info   ][gc,heap        ] GC(342) ParOldGen: 961078K(1398272K)->1030711K(1398272K)
[24.186s][info   ][gc,metaspace   ] GC(342) Metaspace: 213K(448K)->213K(448K) NonClass: 204K(320K)->204K(320K) Class: 9K(128K)->9K(128K)
[24.186s][info   ][gc             ] GC(342) Pause Young (Allocation Failure) 1388M->1180M(1841M) 38.168ms
[24.186s][info   ][gc,cpu         ] GC(342) User=0.11s Sys=0.00s Real=0.03s
[24.218s][info   ][gc,start       ] GC(343) Pause Young (Allocation Failure)
[24.258s][info   ][gc,heap        ] GC(343) PSYoungGen: 453927K(486912K)->193538K(487424K) Eden: 275748K(275968K)->0K(275968K) From: 178178K(210944K)->193538K(211456K)
[24.258s][info   ][gc,heap        ] GC(343) ParOldGen: 1030711K(1398272K)->1101368K(1398272K)
[24.258s][info   ][gc,metaspace   ] GC(343) Metaspace: 213K(448K)->213K(448K) NonClass: 204K(320K)->204K(320K) Class: 9K(128K)->9K(128K)
[24.258s][info   ][gc             ] GC(343) Pause Young (Allocation Failure) 1449M->1264M(1841M) 40.308ms
[24.258s][info   ][gc,cpu         ] GC(343) User=0.15s Sys=0.00s Real=0.04s
[24.290s][info   ][gc,start       ] GC(344) Pause Young (Allocation Failure)
[24.330s][info   ][gc,heap        ] GC(344) PSYoungGen: 469288K(487424K)->176130K(487424K) Eden: 275749K(275968K)->0K(276992K) From: 193538K(211456K)->176130K(210432K)
[24.330s][info   ][gc,heap        ] GC(344) ParOldGen: 1101368K(1398272K)->1171002K(1398272K)
[24.330s][info   ][gc,metaspace   ] GC(344) Metaspace: 213K(448K)->213K(448K) NonClass: 204K(320K)->204K(320K) Class: 9K(128K)->9K(128K)
[24.330s][info   ][gc             ] GC(344) Pause Young (Allocation Failure) 1533M->1315M(1841M) 40.198ms
[24.330s][info   ][gc,cpu         ] GC(344) User=0.13s Sys=0.00s Real=0.04s
[24.367s][info   ][gc,start       ] GC(345) Pause Young (Allocation Failure)
[24.416s][info   ][gc,heap        ] GC(345) PSYoungGen: 452924K(487424K)->194562K(487936K) Eden: 276794K(276992K)->0K(276992K) From: 176130K(210432K)->194562K(210944K)
[24.416s][info   ][gc,heap        ] GC(345) ParOldGen: 1171002K(1398272K)->1254971K(1398272K)
[24.417s][info   ][gc,metaspace   ] GC(345) Metaspace: 213K(448K)->213K(448K) NonClass: 204K(320K)->204K(320K) Class: 9K(128K)->9K(128K)
[24.417s][info   ][gc             ] GC(345) Pause Young (Allocation Failure) 1585M->1415M(1842M) 49.859ms
[24.417s][info   ][gc,cpu         ] GC(345) User=0.14s Sys=0.00s Real=0.05s
[24.454s][info   ][gc,start       ] GC(346) Pause Young (Allocation Failure)
[24.497s][info   ][gc,heap        ] GC(346) PSYoungGen: 471357K(487936K)->183298K(488960K) Eden: 276794K(276992K)->0K(278016K) From: 194562K(210944K)->183298K(210944K)
[24.497s][info   ][gc,heap        ] GC(346) ParOldGen: 1254971K(1398272K)->1328700K(1398272K)
[24.497s][info   ][gc,metaspace   ] GC(346) Metaspace: 213K(448K)->213K(448K) NonClass: 204K(320K)->204K(320K) Class: 9K(128K)->9K(128K)
[24.497s][info   ][gc             ] GC(346) Pause Young (Allocation Failure) 1685M->1476M(1843M) 43.812ms
[24.497s][info   ][gc,cpu         ] GC(346) User=0.13s Sys=0.01s Real=0.05s
[24.497s][info   ][gc,start       ] GC(347) Pause Full (Ergonomics)
[24.497s][info   ][gc,phases,start] GC(347) Marking Phase
[24.498s][info   ][gc,phases      ] GC(347) Marking Phase 0.933ms
[24.498s][info   ][gc,phases,start] GC(347) Summary Phase
[24.498s][info   ][gc,phases      ] GC(347) Summary Phase 0.022ms
[24.498s][info   ][gc,phases,start] GC(347) Adjust Roots
[24.499s][info   ][gc,phases      ] GC(347) Adjust Roots 0.164ms
[24.499s][info   ][gc,phases,start] GC(347) Compaction Phase
[24.542s][info   ][gc,phases      ] GC(347) Compaction Phase 43.640ms
[24.542s][info   ][gc,phases,start] GC(347) Post Compact
[24.549s][info   ][gc,phases      ] GC(347) Post Compact 6.582ms
[24.549s][info   ][gc,heap        ] GC(347) PSYoungGen: 183298K(488960K)->0K(487936K) Eden: 0K(278016K)->0K(278016K) From: 183298K(210944K)->0K(209920K)
[24.549s][info   ][gc,heap        ] GC(347) ParOldGen: 1328700K(1398272K)->317997K(1398272K)
[24.549s][info   ][gc,metaspace   ] GC(347) Metaspace: 213K(448K)->213K(448K) NonClass: 204K(320K)->204K(320K) Class: 9K(128K)->9K(128K)
[24.549s][info   ][gc             ] GC(347) Pause Full (Ergonomics) 1476M->310M(1842M) 51.581ms
[24.549s][info   ][gc,cpu         ] GC(347) User=0.14s Sys=0.00s Real=0.05s
[24.586s][info   ][gc,start       ] GC(348) Pause Young (Allocation Failure)
[24.620s][info   ][gc,heap        ] GC(348) PSYoungGen: 277838K(487936K)->197635K(486912K) Eden: 277838K(278016K)->0K(276992K) From: 0K(209920K)->197635K(209920K)
[24.620s][info   ][gc,heap        ] GC(348) ParOldGen: 317997K(1398272K)->317997K(1398272K)
[24.620s][info   ][gc,metaspace   ] GC(348) Metaspace: 213K(448K)->213K(448K) NonClass: 204K(320K)->204K(320K) Class: 9K(128K)->9K(128K)
[24.620s][info   ][gc             ] GC(348) Pause Young (Allocation Failure) 581M->503M(1841M) 33.922ms
[24.620s][info   ][gc,cpu         ] GC(348) User=0.11s Sys=0.00s Real=0.03s
[24.658s][info   ][gc,start       ] GC(349) Pause Young (Allocation Failure)
[24.707s][info   ][gc,heap        ] GC(349) PSYoungGen: 474372K(486912K)->194562K(487936K) Eden: 276737K(276992K)->0K(276992K) From: 197635K(209920K)->194562K(210944K)
[24.707s][info   ][gc,heap        ] GC(349) ParOldGen: 317997K(1398272K)->405038K(1398272K)
[24.707s][info   ][gc,metaspace   ] GC(349) Metaspace: 213K(448K)->213K(448K) NonClass: 204K(320K)->204K(320K) Class: 9K(128K)->9K(128K)
[24.708s][info   ][gc             ] GC(349) Pause Young (Allocation Failure) 773M->585M(1842M) 49.029ms
[24.708s][info   ][gc,cpu         ] GC(349) User=0.15s Sys=0.01s Real=0.05s
[24.745s][info   ][gc,start       ] GC(350) Pause Young (Allocation Failure)
[24.793s][info   ][gc,heap        ] GC(350) PSYoungGen: 471321K(487936K)->186370K(489472K) Eden: 276758K(276992K)->0K(279040K) From: 194562K(210944K)->186370K(210432K)
[24.793s][info   ][gc,heap        ] GC(350) ParOldGen: 405038K(1398272K)->499247K(1398272K)
[24.793s][info   ][gc,metaspace   ] GC(350) Metaspace: 213K(448K)->213K(448K) NonClass: 204K(320K)->204K(320K) Class: 9K(128K)->9K(128K)
[24.793s][info   ][gc             ] GC(350) Pause Young (Allocation Failure) 855M->669M(1843M) 48.465ms
[24.793s][info   ][gc,cpu         ] GC(350) User=0.16s Sys=0.00s Real=0.05s
[24.832s][info   ][gc,start       ] GC(351) Pause Young (Allocation Failure)
[24.879s][info   ][gc,heap        ] GC(351) PSYoungGen: 465230K(489472K)->186370K(488448K) Eden: 278859K(279040K)->0K(279040K) From: 186370K(210432K)->186370K(209408K)
[24.879s][info   ][gc,heap        ] GC(351) ParOldGen: 499247K(1398272K)->590385K(1398272K)
[24.879s][info   ][gc,metaspace   ] GC(351) Metaspace: 213K(448K)->213K(448K) NonClass: 204K(320K)->204K(320K) Class: 9K(128K)->9K(128K)
[24.879s][info   ][gc             ] GC(351) Pause Young (Allocation Failure) 941M->758M(1842M) 47.019ms
[24.879s][info   ][gc,cpu         ] GC(351) User=0.16s Sys=0.00s Real=0.05s
[24.912s][info   ][gc,start       ] GC(352) Pause Young (Allocation Failure)
[24.957s][info   ][gc,heap        ] GC(352) PSYoungGen: 465238K(488448K)->197635K(488960K) Eden: 278868K(279040K)->0K(281088K) From: 186370K(209408K)->197635K(207872K)
[24.957s][info   ][gc,heap        ] GC(352) ParOldGen: 590385K(1398272K)->679474K(1398272K)
[24.957s][info   ][gc,metaspace   ] GC(352) Metaspace: 213K(448K)->213K(448K) NonClass: 204K(320K)->204K(320K) Class: 9K(128K)->9K(128K)
[24.957s][info   ][gc             ] GC(352) Pause Young (Allocation Failure) 1030M->856M(1843M) 44.914ms
[24.957s][info   ][gc,cpu         ] GC(352) User=0.16s Sys=0.00s Real=0.05s
[24.994s][info   ][gc,start       ] GC(353) Pause Young (Allocation Failure)
[25.056s][info   ][gc,heap        ] GC(353) PSYoungGen: 478596K(488960K)->206851K(488448K) Eden: 280961K(281088K)->0K(281088K) From: 197635K(207872K)->206851K(207360K)
[25.056s][info   ][gc,heap        ] GC(353) ParOldGen: 679474K(1398272K)->771635K(1398272K)
[25.056s][info   ][gc,metaspace   ] GC(353) Metaspace: 213K(448K)->213K(448K) NonClass: 204K(320K)->204K(320K) Class: 9K(128K)->9K(128K)
[25.056s][info   ][gc             ] GC(353) Pause Young (Allocation Failure) 1130M->955M(1842M) 62.396ms
[25.056s][info   ][gc,cpu         ] GC(353) User=0.17s Sys=0.01s Real=0.07s
[25.093s][info   ][gc,start       ] GC(354) Pause Young (Allocation Failure)
[25.138s][info   ][gc,heap        ] GC(354) PSYoungGen: 487816K(488448K)->197635K(483328K) Eden: 280965K(281088K)->0K(272896K) From: 206851K(207360K)->197635K(210432K)
[25.138s][info   ][gc,heap        ] GC(354) ParOldGen: 771635K(1398272K)->878133K(1398272K)
[25.138s][info   ][gc,metaspace   ] GC(354) Metaspace: 213K(448K)->213K(448K) NonClass: 204K(320K)->204K(320K) Class: 9K(128K)->9K(128K)
[25.138s][info   ][gc             ] GC(354) Pause Young (Allocation Failure) 1229M->1050M(1837M) 45.692ms
[25.138s][info   ][gc,cpu         ] GC(354) User=0.15s Sys=0.00s Real=0.05s
[25.174s][info   ][gc,start       ] GC(355) Pause Young (Allocation Failure)
[25.225s][info   ][gc,heap        ] GC(355) PSYoungGen: 470249K(483328K)->195586K(485888K) Eden: 272614K(272896K)->0K(272896K) From: 197635K(210432K)->195586K(212992K)
[25.225s][info   ][gc,heap        ] GC(355) ParOldGen: 878133K(1398272K)->978487K(1398272K)
[25.225s][info   ][gc,metaspace   ] GC(355) Metaspace: 213K(448K)->213K(448K) NonClass: 204K(320K)->204K(320K) Class: 9K(128K)->9K(128K)
[25.225s][info   ][gc             ] GC(355) Pause Young (Allocation Failure) 1316M->1146M(1840M) 51.006ms
[25.225s][info   ][gc,cpu         ] GC(355) User=0.16s Sys=0.00s Real=0.05s
[25.264s][info   ][gc,start       ] GC(356) Pause Young (Allocation Failure)
[25.316s][info   ][gc,heap        ] GC(356) PSYoungGen: 468203K(485888K)->201731K(483840K) Eden: 272616K(272896K)->0K(271872K) From: 195586K(212992K)->201731K(211968K)
[25.316s][info   ][gc,heap        ] GC(356) ParOldGen: 978487K(1398272K)->1080888K(1398272K)
[25.316s][info   ][gc,metaspace   ] GC(356) Metaspace: 213K(448K)->213K(448K) NonClass: 204K(320K)->204K(320K) Class: 9K(128K)->9K(128K)
[25.316s][info   ][gc             ] GC(356) Pause Young (Allocation Failure) 1412M->1252M(1838M) 51.250ms
[25.316s][info   ][gc,cpu         ] GC(356) User=0.18s Sys=0.00s Real=0.05s
[25.349s][info   ][gc,start       ] GC(357) Pause Young (Allocation Failure)
[25.390s][info   ][gc,heap        ] GC(357) PSYoungGen: 473304K(483840K)->175106K(447488K) Eden: 271573K(271872K)->0K(271872K) From: 201731K(211968K)->175106K(175616K)
[25.390s][info   ][gc,heap        ] GC(357) ParOldGen: 1080888K(1398272K)->1165881K(1398272K)
[25.390s][info   ][gc,metaspace   ] GC(357) Metaspace: 213K(448K)->213K(448K) NonClass: 204K(320K)->204K(320K) Class: 9K(128K)->9K(128K)
[25.390s][info   ][gc             ] GC(357) Pause Young (Allocation Failure) 1517M->1309M(1802M) 40.808ms
[25.390s][info   ][gc,cpu         ] GC(357) User=0.14s Sys=0.00s Real=0.04s
[25.423s][info   ][gc,start       ] GC(358) Pause Young (Allocation Failure)
[25.470s][info   ][gc,heap        ] GC(358) PSYoungGen: 446680K(447488K)->208899K(476672K) Eden: 271573K(271872K)->0K(261632K) From: 175106K(175616K)->208899K(215040K)
[25.470s][info   ][gc,heap        ] GC(358) ParOldGen: 1165881K(1398272K)->1266235K(1398272K)
[25.470s][info   ][gc,metaspace   ] GC(358) Metaspace: 213K(448K)->213K(448K) NonClass: 204K(320K)->204K(320K) Class: 9K(128K)->9K(128K)
[25.470s][info   ][gc             ] GC(358) Pause Young (Allocation Failure) 1574M->1440M(1831M) 47.772ms
[25.470s][info   ][gc,cpu         ] GC(358) User=0.17s Sys=0.01s Real=0.05s
[25.503s][info   ][gc,start       ] GC(359) Pause Young (Allocation Failure)
[25.550s][info   ][gc,heap        ] GC(359) PSYoungGen: 470032K(476672K)->192514K(480256K) Eden: 261133K(261632K)->0K(261632K) From: 208899K(215040K)->192514K(218624K)
[25.550s][info   ][gc,heap        ] GC(359) ParOldGen: 1266235K(1398272K)->1377853K(1398272K)
[25.550s][info   ][gc,metaspace   ] GC(359) Metaspace: 213K(448K)->213K(448K) NonClass: 204K(320K)->204K(320K) Class: 9K(128K)->9K(128K)
[25.550s][info   ][gc             ] GC(359) Pause Young (Allocation Failure) 1695M->1533M(1834M) 47.405ms
[25.550s][info   ][gc,cpu         ] GC(359) User=0.16s Sys=0.00s Real=0.05s
[25.550s][info   ][gc,start       ] GC(360) Pause Full (Ergonomics)
[25.550s][info   ][gc,phases,start] GC(360) Marking Phase
[25.551s][info   ][gc,phases      ] GC(360) Marking Phase 0.852ms
[25.551s][info   ][gc,phases,start] GC(360) Summary Phase
[25.551s][info   ][gc,phases      ] GC(360) Summary Phase 0.023ms
[25.551s][info   ][gc,phases,start] GC(360) Adjust Roots
[25.551s][info   ][gc,phases      ] GC(360) Adjust Roots 0.174ms
[25.551s][info   ][gc,phases,start] GC(360) Compaction Phase
[25.601s][info   ][gc,phases      ] GC(360) Compaction Phase 49.844ms
[25.601s][info   ][gc,phases,start] GC(360) Post Compact
[25.608s][info   ][gc,phases      ] GC(360) Post Compact 6.903ms
[25.608s][info   ][gc,heap        ] GC(360) PSYoungGen: 192514K(480256K)->0K(482304K) Eden: 0K(261632K)->0K(265728K) From: 192514K(218624K)->0K(216576K)
[25.608s][info   ][gc,heap        ] GC(360) ParOldGen: 1377853K(1398272K)->417326K(1398272K)
[25.608s][info   ][gc,metaspace   ] GC(360) Metaspace: 213K(448K)->213K(448K) NonClass: 204K(320K)->204K(320K) Class: 9K(128K)->9K(128K)
[25.608s][info   ][gc             ] GC(360) Pause Full (Ergonomics) 1533M->407M(1836M) 58.034ms
[25.608s][info   ][gc,cpu         ] GC(360) User=0.19s Sys=0.01s Real=0.06s
[25.640s][info   ][gc,start       ] GC(361) Pause Young (Allocation Failure)
[25.670s][info   ][gc,heap        ] GC(361) PSYoungGen: 265309K(482304K)->198659K(482304K) Eden: 265309K(265728K)->0K(265728K) From: 0K(216576K)->198659K(216576K)
[25.670s][info   ][gc,heap        ] GC(361) ParOldGen: 417326K(1398272K)->417326K(1398272K)
[25.670s][info   ][gc,metaspace   ] GC(361) Metaspace: 213K(448K)->213K(448K) NonClass: 204K(320K)->204K(320K) Class: 9K(128K)->9K(128K)
[25.670s][info   ][gc             ] GC(361) Pause Young (Allocation Failure) 666M->601M(1836M) 30.005ms
[25.670s][info   ][gc,cpu         ] GC(361) User=0.11s Sys=0.00s Real=0.03s
[25.700s][info   ][gc,start       ] GC(362) Pause Young (Allocation Failure)
[25.743s][info   ][gc,heap        ] GC(362) PSYoungGen: 463911K(482304K)->187394K(483840K) Eden: 265252K(265728K)->0K(267776K) From: 198659K(216576K)->187394K(216064K)
[25.743s][info   ][gc,heap        ] GC(362) ParOldGen: 417326K(1398272K)->520752K(1398272K)
[25.743s][info   ][gc,metaspace   ] GC(362) Metaspace: 213K(448K)->213K(448K) NonClass: 204K(320K)->204K(320K) Class: 9K(128K)->9K(128K)
[25.743s][info   ][gc             ] GC(362) Pause Young (Allocation Failure) 860M->691M(1838M) 43.102ms
[25.743s][info   ][gc,cpu         ] GC(362) User=0.16s Sys=0.00s Real=0.04s
[25.774s][info   ][gc,start       ] GC(363) Pause Young (Allocation Failure)
[25.821s][info   ][gc,heap        ] GC(363) PSYoungGen: 454755K(483840K)->196611K(482816K) Eden: 267360K(267776K)->0K(267776K) From: 187394K(216064K)->196611K(215040K)
[25.821s][info   ][gc,heap        ] GC(363) ParOldGen: 520752K(1398272K)->626225K(1398272K)
[25.821s][info   ][gc,metaspace   ] GC(363) Metaspace: 213K(448K)->213K(448K) NonClass: 204K(320K)->204K(320K) Class: 9K(128K)->9K(128K)
[25.821s][info   ][gc             ] GC(363) Pause Young (Allocation Failure) 952M->803M(1837M) 47.059ms
[25.822s][info   ][gc,cpu         ] GC(363) User=0.17s Sys=0.01s Real=0.05s
[25.852s][info   ][gc,start       ] GC(364) Pause Young (Allocation Failure)
[25.898s][info   ][gc,heap        ] GC(364) PSYoungGen: 463985K(482816K)->185346K(485376K) Eden: 267374K(267776K)->0K(271360K) From: 196611K(215040K)->185346K(214016K)
[25.898s][info   ][gc,heap        ] GC(364) ParOldGen: 626225K(1398272K)->732723K(1398272K)
[25.898s][info   ][gc,metaspace   ] GC(364) Metaspace: 213K(448K)->213K(448K) NonClass: 204K(320K)->204K(320K) Class: 9K(128K)->9K(128K)
[25.898s][info   ][gc             ] GC(364) Pause Young (Allocation Failure) 1064M->896M(1839M) 45.413ms
[25.898s][info   ][gc,cpu         ] GC(364) User=0.16s Sys=0.00s Real=0.05s
[25.930s][info   ][gc,start       ] GC(365) Pause Young (Allocation Failure)
[25.971s][info   ][gc,heap        ] GC(365) PSYoungGen: 455871K(485376K)->172034K(443904K) Eden: 270524K(271360K)->0K(271360K) From: 185346K(214016K)->172034K(172544K)
[25.971s][info   ][gc,heap        ] GC(365) ParOldGen: 732723K(1398272K)->822836K(1398272K)
[25.971s][info   ][gc,metaspace   ] GC(365) Metaspace: 213K(448K)->213K(448K) NonClass: 204K(320K)->204K(320K) Class: 9K(128K)->9K(128K)
[25.971s][info   ][gc             ] GC(365) Pause Young (Allocation Failure) 1160M->971M(1799M) 40.537ms
[25.971s][info   ][gc,cpu         ] GC(365) User=0.15s Sys=0.00s Real=0.04s
[26.002s][info   ][gc,start       ] GC(366) Pause Young (Allocation Failure)
[26.035s][info   ][gc,heap        ] GC(366) PSYoungGen: 442565K(443904K)->156674K(476672K) Eden: 270530K(271360K)->0K(261632K) From: 172034K(172544K)->156674K(215040K)
[26.035s][info   ][gc,heap        ] GC(366) ParOldGen: 822836K(1398272K)->877109K(1398272K)
[26.035s][info   ][gc,metaspace   ] GC(366) Metaspace: 213K(448K)->213K(448K) NonClass: 204K(320K)->204K(320K) Class: 9K(128K)->9K(128K)
[26.035s][info   ][gc             ] GC(366) Pause Young (Allocation Failure) 1235M->1009M(1831M) 32.222ms
[26.035s][info   ][gc,cpu         ] GC(366) User=0.12s Sys=0.00s Real=0.03s
[26.068s][info   ][gc,start       ] GC(367) Pause Young (Allocation Failure)
[26.109s][info   ][gc,heap        ] GC(367) PSYoungGen: 417801K(476672K)->184322K(480256K) Eden: 261127K(261632K)->0K(261632K) From: 156674K(215040K)->184322K(218624K)
[26.109s][info   ][gc,heap        ] GC(367) ParOldGen: 877109K(1398272K)->948790K(1398272K)
[26.109s][info   ][gc,metaspace   ] GC(367) Metaspace: 213K(448K)->213K(448K) NonClass: 204K(320K)->204K(320K) Class: 9K(128K)->9K(128K)
[26.109s][info   ][gc             ] GC(367) Pause Young (Allocation Failure) 1264M->1106M(1834M) 41.106ms
[26.109s][info   ][gc,cpu         ] GC(367) User=0.14s Sys=0.01s Real=0.04s
[26.142s][info   ][gc,start       ] GC(368) Pause Young (Allocation Failure)
[26.183s][info   ][gc,heap        ] GC(368) PSYoungGen: 445452K(480256K)->172034K(483328K) Eden: 261129K(261632K)->0K(267264K) From: 184322K(218624K)->172034K(216064K)
[26.183s][info   ][gc,heap        ] GC(368) ParOldGen: 948790K(1398272K)->1038904K(1398272K)
[26.183s][info   ][gc,metaspace   ] GC(368) Metaspace: 213K(448K)->213K(448K) NonClass: 204K(320K)->204K(320K) Class: 9K(128K)->9K(128K)
[26.183s][info   ][gc             ] GC(368) Pause Young (Allocation Failure) 1361M->1182M(1837M) 41.203ms
[26.183s][info   ][gc,cpu         ] GC(368) User=0.15s Sys=0.00s Real=0.04s
[26.218s][info   ][gc,start       ] GC(369) Pause Young (Allocation Failure)
[26.255s][info   ][gc,heap        ] GC(369) PSYoungGen: 438396K(483328K)->165890K(482816K) Eden: 266361K(267264K)->0K(267264K) From: 172034K(216064K)->165890K(215552K)
[26.255s][info   ][gc,heap        ] GC(369) ParOldGen: 1038904K(1398272K)->1096248K(1398272K)
[26.255s][info   ][gc,metaspace   ] GC(369) Metaspace: 213K(448K)->213K(448K) NonClass: 204K(320K)->204K(320K) Class: 9K(128K)->9K(128K)
[26.255s][info   ][gc             ] GC(369) Pause Young (Allocation Failure) 1442M->1232M(1837M) 36.198ms
[26.255s][info   ][gc,cpu         ] GC(369) User=0.13s Sys=0.00s Real=0.03s
[26.289s][info   ][gc,start       ] GC(370) Pause Young (Allocation Failure)
[26.329s][info   ][gc,heap        ] GC(370) PSYoungGen: 432253K(482816K)->174082K(484352K) Eden: 266362K(267264K)->0K(268288K) From: 165890K(215552K)->174082K(216064K)
[26.329s][info   ][gc,heap        ] GC(370) ParOldGen: 1096248K(1398272K)->1164857K(1398272K)
[26.329s][info   ][gc,metaspace   ] GC(370) Metaspace: 213K(448K)->213K(448K) NonClass: 204K(320K)->204K(320K) Class: 9K(128K)->9K(128K)
[26.329s][info   ][gc             ] GC(370) Pause Young (Allocation Failure) 1492M->1307M(1838M) 40.445ms
[26.329s][info   ][gc,cpu         ] GC(370) User=0.13s Sys=0.00s Real=0.04s
[26.361s][info   ][gc,start       ] GC(371) Pause Young (Allocation Failure)
[26.413s][info   ][gc,heap        ] GC(371) PSYoungGen: 441489K(484352K)->194562K(482816K) Eden: 267407K(268288K)->0K(268288K) From: 174082K(216064K)->194562K(214528K)
[26.413s][info   ][gc,heap        ] GC(371) ParOldGen: 1164857K(1398272K)->1242683K(1398272K)
[26.413s][info   ][gc,metaspace   ] GC(371) Metaspace: 213K(448K)->213K(448K) NonClass: 204K(320K)->204K(320K) Class: 9K(128K)->9K(128K)
[26.413s][info   ][gc             ] GC(371) Pause Young (Allocation Failure) 1568M->1403M(1837M) 51.904ms
[26.413s][info   ][gc,cpu         ] GC(371) User=0.12s Sys=0.01s Real=0.05s
[26.452s][info   ][gc,start       ] GC(372) Pause Young (Allocation Failure)
[26.505s][info   ][gc,heap        ] GC(372) PSYoungGen: 461970K(482816K)->183298K(486400K) Eden: 267407K(268288K)->0K(270848K) From: 194562K(214528K)->183298K(215552K)
[26.506s][info   ][gc,heap        ] GC(372) ParOldGen: 1242683K(1398272K)->1334844K(1398272K)
[26.506s][info   ][gc,metaspace   ] GC(372) Metaspace: 213K(448K)->213K(448K) NonClass: 204K(320K)->204K(320K) Class: 9K(128K)->9K(128K)
[26.506s][info   ][gc             ] GC(372) Pause Young (Allocation Failure) 1664M->1482M(1840M) 54.547ms
[26.506s][info   ][gc,cpu         ] GC(372) User=0.14s Sys=0.00s Real=0.06s
[26.506s][info   ][gc,start       ] GC(373) Pause Full (Ergonomics)
[26.506s][info   ][gc,phases,start] GC(373) Marking Phase
[26.508s][info   ][gc,phases      ] GC(373) Marking Phase 1.506ms
[26.508s][info   ][gc,phases,start] GC(373) Summary Phase
[26.508s][info   ][gc,phases      ] GC(373) Summary Phase 0.083ms
[26.508s][info   ][gc,phases,start] GC(373) Adjust Roots
[26.508s][info   ][gc,phases      ] GC(373) Adjust Roots 0.228ms
[26.508s][info   ][gc,phases,start] GC(373) Compaction Phase
[26.555s][info   ][gc,phases      ] GC(373) Compaction Phase 46.649ms
[26.555s][info   ][gc,phases,start] GC(373) Post Compact
[26.563s][info   ][gc,phases      ] GC(373) Post Compact 8.616ms
[26.564s][info   ][gc,heap        ] GC(373) PSYoungGen: 183298K(486400K)->0K(483328K) Eden: 0K(270848K)->0K(270848K) From: 183298K(215552K)->0K(212480K)
[26.564s][info   ][gc,heap        ] GC(373) ParOldGen: 1334844K(1398272K)->329261K(1398272K)
[26.564s][info   ][gc,metaspace   ] GC(373) Metaspace: 213K(448K)->213K(448K) NonClass: 204K(320K)->204K(320K) Class: 9K(128K)->9K(128K)
[26.564s][info   ][gc             ] GC(373) Pause Full (Ergonomics) 1482M->321M(1837M) 57.430ms
[26.564s][info   ][gc,cpu         ] GC(373) User=0.12s Sys=0.01s Real=0.05s
[26.605s][info   ][gc,start       ] GC(374) Pause Young (Allocation Failure)
[26.643s][info   ][gc,heap        ] GC(374) PSYoungGen: 270529K(483328K)->184322K(488960K) Eden: 270529K(270848K)->0K(276480K) From: 0K(212480K)->184322K(212480K)
[26.643s][info   ][gc,heap        ] GC(374) ParOldGen: 329261K(1398272K)->329261K(1398272K)
[26.643s][info   ][gc,metaspace   ] GC(374) Metaspace: 213K(448K)->213K(448K) NonClass: 204K(320K)->204K(320K) Class: 9K(128K)->9K(128K)
[26.643s][info   ][gc             ] GC(374) Pause Young (Allocation Failure) 585M->501M(1843M) 37.879ms
[26.643s][info   ][gc,cpu         ] GC(374) User=0.08s Sys=0.00s Real=0.04s
[26.681s][info   ][gc,start       ] GC(375) Pause Young (Allocation Failure)
[26.730s][info   ][gc,heap        ] GC(375) PSYoungGen: 460024K(488960K)->191490K(486400K) Eden: 275702K(276480K)->0K(276480K) From: 184322K(212480K)->191490K(209920K)
[26.730s][info   ][gc,heap        ] GC(375) ParOldGen: 329261K(1398272K)->419374K(1398272K)
[26.730s][info   ][gc,metaspace   ] GC(375) Metaspace: 213K(448K)->213K(448K) NonClass: 204K(320K)->204K(320K) Class: 9K(128K)->9K(128K)
[26.730s][info   ][gc             ] GC(375) Pause Young (Allocation Failure) 770M->596M(1840M) 49.579ms
[26.730s][info   ][gc,cpu         ] GC(375) User=0.15s Sys=0.01s Real=0.05s
[26.765s][info   ][gc,start       ] GC(376) Pause Young (Allocation Failure)
[26.812s][info   ][gc,heap        ] GC(376) PSYoungGen: 467214K(486400K)->208899K(475648K) Eden: 275723K(276480K)->0K(265728K) From: 191490K(209920K)->208899K(209920K)
[26.812s][info   ][gc,heap        ] GC(376) ParOldGen: 419374K(1398272K)->515632K(1398272K)
[26.812s][info   ][gc,metaspace   ] GC(376) Metaspace: 213K(448K)->213K(448K) NonClass: 204K(320K)->204K(320K) Class: 9K(128K)->9K(128K)
[26.812s][info   ][gc             ] GC(376) Pause Young (Allocation Failure) 865M->707M(1830M) 46.731ms
[26.812s][info   ][gc,cpu         ] GC(376) User=0.17s Sys=0.01s Real=0.05s
[26.843s][info   ][gc,start       ] GC(377) Pause Young (Allocation Failure)
[26.892s][info   ][gc,heap        ] GC(377) PSYoungGen: 474185K(475648K)->210947K(477184K) Eden: 265286K(265728K)->0K(265728K) From: 208899K(209920K)->210947K(211456K)
[26.892s][info   ][gc,heap        ] GC(377) ParOldGen: 515632K(1398272K)->635441K(1398272K)
[26.892s][info   ][gc,metaspace   ] GC(377) Metaspace: 213K(448K)->213K(448K) NonClass: 204K(320K)->204K(320K) Class: 9K(128K)->9K(128K)
[26.892s][info   ][gc             ] GC(377) Pause Young (Allocation Failure) 966M->826M(1831M) 48.915ms
[26.892s][info   ][gc,cpu         ] GC(377) User=0.18s Sys=0.00s Real=0.05s
[26.924s][info   ][gc,start       ] GC(378) Pause Young (Allocation Failure)
[26.967s][info   ][gc,heap        ] GC(378) PSYoungGen: 476242K(477184K)->193538K(478208K) Eden: 265295K(265728K)->0K(256512K) From: 210947K(211456K)->193538K(221696K)
[26.967s][info   ][gc,heap        ] GC(378) ParOldGen: 635441K(1398272K)->740915K(1398272K)
[26.967s][info   ][gc,metaspace   ] GC(378) Metaspace: 213K(448K)->213K(448K) NonClass: 204K(320K)->204K(320K) Class: 9K(128K)->9K(128K)
[26.967s][info   ][gc             ] GC(378) Pause Young (Allocation Failure) 1085M->912M(1832M) 43.544ms
[26.967s][info   ][gc,cpu         ] GC(378) User=0.17s Sys=0.00s Real=0.05s
[26.999s][info   ][gc,start       ] GC(379) Pause Young (Allocation Failure)
[27.046s][info   ][gc,heap        ] GC(379) PSYoungGen: 449442K(478208K)->195586K(477184K) Eden: 255903K(256512K)->0K(256512K) From: 193538K(221696K)->195586K(220672K)
[27.047s][info   ][gc,heap        ] GC(379) ParOldGen: 740915K(1398272K)->865845K(1398272K)
[27.047s][info   ][gc,metaspace   ] GC(379) Metaspace: 213K(448K)->213K(448K) NonClass: 204K(320K)->204K(320K) Class: 9K(128K)->9K(128K)
[27.047s][info   ][gc             ] GC(379) Pause Young (Allocation Failure) 1162M->1036M(1831M) 48.020ms
[27.047s][info   ][gc,cpu         ] GC(379) User=0.19s Sys=0.00s Real=0.05s
[27.076s][info   ][gc,start       ] GC(380) Pause Young (Allocation Failure)
[27.117s][info   ][gc,heap        ] GC(380) PSYoungGen: 451494K(477184K)->186370K(481280K) Eden: 255907K(256512K)->0K(261632K) From: 195586K(220672K)->186370K(219648K)
[27.117s][info   ][gc,heap        ] GC(380) ParOldGen: 865845K(1398272K)->965174K(1398272K)
[27.117s][info   ][gc,metaspace   ] GC(380) Metaspace: 213K(448K)->213K(448K) NonClass: 204K(320K)->204K(320K) Class: 9K(128K)->9K(128K)
[27.117s][info   ][gc             ] GC(380) Pause Young (Allocation Failure) 1286M->1124M(1835M) 41.564ms
[27.117s][info   ][gc,cpu         ] GC(380) User=0.16s Sys=0.01s Real=0.05s
[27.148s][info   ][gc,start       ] GC(381) Pause Young (Allocation Failure)
[27.193s][info   ][gc,heap        ] GC(381) PSYoungGen: 447500K(481280K)->200707K(479232K) Eden: 261129K(261632K)->0K(261632K) From: 186370K(219648K)->200707K(217600K)
[27.193s][info   ][gc,heap        ] GC(381) ParOldGen: 965174K(1398272K)->1068600K(1398272K)
[27.193s][info   ][gc,metaspace   ] GC(381) Metaspace: 213K(448K)->213K(448K) NonClass: 204K(320K)->204K(320K) Class: 9K(128K)->9K(128K)
[27.193s][info   ][gc             ] GC(381) Pause Young (Allocation Failure) 1379M->1239M(1833M) 45.387ms
[27.193s][info   ][gc,cpu         ] GC(381) User=0.16s Sys=0.00s Real=0.04s
[27.225s][info   ][gc,start       ] GC(382) Pause Young (Allocation Failure)
[27.268s][info   ][gc,heap        ] GC(382) PSYoungGen: 461838K(479232K)->192514K(482304K) Eden: 261131K(261632K)->0K(263680K) From: 200707K(217600K)->192514K(218624K)
[27.268s][info   ][gc,heap        ] GC(382) ParOldGen: 1068600K(1398272K)->1166905K(1398272K)
[27.268s][info   ][gc,metaspace   ] GC(382) Metaspace: 213K(448K)->213K(448K) NonClass: 204K(320K)->204K(320K) Class: 9K(128K)->9K(128K)
[27.268s][info   ][gc             ] GC(382) Pause Young (Allocation Failure) 1494M->1327M(1836M) 43.206ms
[27.268s][info   ][gc,cpu         ] GC(382) User=0.16s Sys=0.01s Real=0.05s
[27.299s][info   ][gc,start       ] GC(383) Pause Young (Allocation Failure)
[27.341s][info   ][gc,heap        ] GC(383) PSYoungGen: 455735K(482304K)->178178K(480256K) Eden: 263220K(263680K)->0K(263680K) From: 192514K(218624K)->178178K(216576K)
[27.341s][info   ][gc,heap        ] GC(383) ParOldGen: 1166905K(1398272K)->1269307K(1398272K)
[27.341s][info   ][gc,metaspace   ] GC(383) Metaspace: 213K(448K)->213K(448K) NonClass: 204K(320K)->204K(320K) Class: 9K(128K)->9K(128K)
[27.341s][info   ][gc             ] GC(383) Pause Young (Allocation Failure) 1584M->1413M(1834M) 42.301ms
[27.341s][info   ][gc,cpu         ] GC(383) User=0.15s Sys=0.00s Real=0.04s
[27.341s][info   ][gc,start       ] GC(384) Pause Full (Ergonomics)
[27.341s][info   ][gc,phases,start] GC(384) Marking Phase
[27.342s][info   ][gc,phases      ] GC(384) Marking Phase 0.858ms
[27.342s][info   ][gc,phases,start] GC(384) Summary Phase
[27.342s][info   ][gc,phases      ] GC(384) Summary Phase 0.024ms
[27.342s][info   ][gc,phases,start] GC(384) Adjust Roots
[27.343s][info   ][gc,phases      ] GC(384) Adjust Roots 0.212ms
[27.343s][info   ][gc,phases,start] GC(384) Compaction Phase
[27.390s][info   ][gc,phases      ] GC(384) Compaction Phase 47.085ms
[27.390s][info   ][gc,phases,start] GC(384) Post Compact
[27.396s][info   ][gc,phases      ] GC(384) Post Compact 6.358ms
[27.396s][info   ][gc,heap        ] GC(384) PSYoungGen: 178178K(480256K)->0K(482816K) Eden: 0K(263680K)->0K(266752K) From: 178178K(216576K)->0K(216064K)
[27.396s][info   ][gc,heap        ] GC(384) ParOldGen: 1269307K(1398272K)->406062K(1398272K)
[27.396s][info   ][gc,metaspace   ] GC(384) Metaspace: 213K(448K)->213K(448K) NonClass: 204K(320K)->204K(320K) Class: 9K(128K)->9K(128K)
[27.396s][info   ][gc             ] GC(384) Pause Full (Ergonomics) 1413M->396M(1837M) 54.796ms
[27.396s][info   ][gc,cpu         ] GC(384) User=0.18s Sys=0.01s Real=0.05s
[27.427s][info   ][gc,start       ] GC(385) Pause Young (Allocation Failure)
[27.454s][info   ][gc,heap        ] GC(385) PSYoungGen: 266353K(482816K)->192514K(482816K) Eden: 266353K(266752K)->0K(266752K) From: 0K(216064K)->192514K(216064K)
[27.454s][info   ][gc,heap        ] GC(385) ParOldGen: 406062K(1398272K)->406062K(1398272K)
[27.454s][info   ][gc,metaspace   ] GC(385) Metaspace: 213K(448K)->213K(448K) NonClass: 204K(320K)->204K(320K) Class: 9K(128K)->9K(128K)
[27.454s][info   ][gc             ] GC(385) Pause Young (Allocation Failure) 656M->584M(1837M) 27.383ms
[27.454s][info   ][gc,cpu         ] GC(385) User=0.10s Sys=0.00s Real=0.02s
[27.485s][info   ][gc,start       ] GC(386) Pause Young (Allocation Failure)
[27.528s][info   ][gc,heap        ] GC(386) PSYoungGen: 458811K(482816K)->191490K(486400K) Eden: 266296K(266752K)->0K(271872K) From: 192514K(216064K)->191490K(214528K)
[27.528s][info   ][gc,heap        ] GC(386) ParOldGen: 406062K(1398272K)->514608K(1398272K)
[27.528s][info   ][gc,metaspace   ] GC(386) Metaspace: 213K(448K)->213K(448K) NonClass: 204K(320K)->204K(320K) Class: 9K(128K)->9K(128K)
[27.528s][info   ][gc             ] GC(386) Pause Young (Allocation Failure) 844M->689M(1840M) 43.125ms
[27.528s][info   ][gc,cpu         ] GC(386) User=0.17s Sys=0.00s Real=0.05s
[27.559s][info   ][gc,start       ] GC(387) Pause Young (Allocation Failure)
[27.601s][info   ][gc,heap        ] GC(387) PSYoungGen: 463027K(486400K)->191490K(484352K) Eden: 271536K(271872K)->0K(271872K) From: 191490K(214528K)->191490K(212480K)
[27.601s][info   ][gc,heap        ] GC(387) ParOldGen: 514608K(1398272K)->618033K(1398272K)
[27.601s][info   ][gc,metaspace   ] GC(387) Metaspace: 213K(448K)->213K(448K) NonClass: 204K(320K)->204K(320K) Class: 9K(128K)->9K(128K)
[27.602s][info   ][gc             ] GC(387) Pause Young (Allocation Failure) 954M->790M(1838M) 42.754ms
[27.602s][info   ][gc,cpu         ] GC(387) User=0.17s Sys=0.00s Real=0.04s
[27.633s][info   ][gc,start       ] GC(388) Pause Young (Allocation Failure)
[27.672s][info   ][gc,heap        ] GC(388) PSYoungGen: 463041K(484352K)->187394K(489472K) Eden: 271550K(271872K)->0K(278528K) From: 191490K(212480K)->187394K(210944K)
[27.672s][info   ][gc,heap        ] GC(388) ParOldGen: 618033K(1398272K)->706098K(1398272K)
[27.672s][info   ][gc,metaspace   ] GC(388) Metaspace: 213K(448K)->213K(448K) NonClass: 204K(320K)->204K(320K) Class: 9K(128K)->9K(128K)
[27.672s][info   ][gc             ] GC(388) Pause Young (Allocation Failure) 1055M->872M(1843M) 38.993ms
[27.672s][info   ][gc,cpu         ] GC(388) User=0.16s Sys=0.00s Real=0.04s
[27.703s][info   ][gc,start       ] GC(389) Pause Young (Allocation Failure)
[27.749s][info   ][gc,heap        ] GC(389) PSYoungGen: 465228K(489472K)->197635K(487936K) Eden: 277833K(278528K)->0K(278528K) From: 187394K(210944K)->197635K(209408K)
[27.749s][info   ][gc,heap        ] GC(389) ParOldGen: 706098K(1398272K)->805428K(1398272K)
[27.749s][info   ][gc,metaspace   ] GC(389) Metaspace: 213K(448K)->213K(448K) NonClass: 204K(320K)->204K(320K) Class: 9K(128K)->9K(128K)
[27.749s][info   ][gc             ] GC(389) Pause Young (Allocation Failure) 1143M->979M(1842M) 45.976ms
[27.749s][info   ][gc,cpu         ] GC(389) User=0.17s Sys=0.00s Real=0.05s
[27.781s][info   ][gc,start       ] GC(390) Pause Young (Allocation Failure)
[27.826s][info   ][gc,heap        ] GC(390) PSYoungGen: 475473K(487936K)->199683K(486400K) Eden: 277838K(278528K)->0K(275968K) From: 197635K(209408K)->199683K(210432K)
[27.827s][info   ][gc,heap        ] GC(390) ParOldGen: 805428K(1398272K)->913974K(1398272K)
[27.827s][info   ][gc,metaspace   ] GC(390) Metaspace: 213K(448K)->213K(448K) NonClass: 204K(320K)->204K(320K) Class: 9K(128K)->9K(128K)
[27.827s][info   ][gc             ] GC(390) Pause Young (Allocation Failure) 1250M->1087M(1840M) 45.652ms
[27.827s][info   ][gc,cpu         ] GC(390) User=0.17s Sys=0.00s Real=0.05s
[27.858s][info   ][gc,start       ] GC(391) Pause Young (Allocation Failure)
[27.903s][info   ][gc,heap        ] GC(391) PSYoungGen: 475427K(486400K)->202755K(479232K) Eden: 275744K(275968K)->0K(275968K) From: 199683K(210432K)->202755K(203264K)
[27.903s][info   ][gc,heap        ] GC(391) ParOldGen: 913974K(1398272K)->1027639K(1398272K)
[27.903s][info   ][gc,metaspace   ] GC(391) Metaspace: 213K(448K)->213K(448K) NonClass: 204K(320K)->204K(320K) Class: 9K(128K)->9K(128K)
[27.903s][info   ][gc             ] GC(391) Pause Young (Allocation Failure) 1356M->1201M(1833M) 45.406ms
[27.903s][info   ][gc,cpu         ] GC(391) User=0.18s Sys=0.00s Real=0.04s
[27.937s][info   ][gc,start       ] GC(392) Pause Young (Allocation Failure)
[27.985s][info   ][gc,heap        ] GC(392) PSYoungGen: 478501K(479232K)->205827K(479232K) Eden: 275746K(275968K)->0K(265728K) From: 202755K(203264K)->205827K(213504K)
[27.985s][info   ][gc,heap        ] GC(392) ParOldGen: 1027639K(1398272K)->1149497K(1398272K)
[27.985s][info   ][gc,metaspace   ] GC(392) Metaspace: 213K(448K)->213K(448K) NonClass: 204K(320K)->204K(320K) Class: 9K(128K)->9K(128K)
[27.985s][info   ][gc             ] GC(392) Pause Young (Allocation Failure) 1470M->1323M(1833M) 48.671ms
[27.985s][info   ][gc,cpu         ] GC(392) User=0.20s Sys=0.00s Real=0.04s
[28.016s][info   ][gc,start       ] GC(393) Pause Young (Allocation Failure)
[28.063s][info   ][gc,heap        ] GC(393) PSYoungGen: 471134K(479232K)->198659K(482304K) Eden: 265307K(265728K)->0K(265728K) From: 205827K(213504K)->198659K(216576K)
[28.063s][info   ][gc,heap        ] GC(393) ParOldGen: 1149497K(1398272K)->1264187K(1398272K)
[28.063s][info   ][gc,metaspace   ] GC(393) Metaspace: 213K(448K)->213K(448K) NonClass: 204K(320K)->204K(320K) Class: 9K(128K)->9K(128K)
[28.063s][info   ][gc             ] GC(393) Pause Young (Allocation Failure) 1582M->1428M(1836M) 47.326ms
[28.063s][info   ][gc,cpu         ] GC(393) User=0.18s Sys=0.00s Real=0.04s
[28.063s][info   ][gc,start       ] GC(394) Pause Full (Ergonomics)
[28.063s][info   ][gc,phases,start] GC(394) Marking Phase
[28.064s][info   ][gc,phases      ] GC(394) Marking Phase 0.821ms
[28.064s][info   ][gc,phases,start] GC(394) Summary Phase
[28.064s][info   ][gc,phases      ] GC(394) Summary Phase 0.024ms
[28.064s][info   ][gc,phases,start] GC(394) Adjust Roots
[28.064s][info   ][gc,phases      ] GC(394) Adjust Roots 0.181ms
[28.064s][info   ][gc,phases,start] GC(394) Compaction Phase
[28.116s][info   ][gc,phases      ] GC(394) Compaction Phase 51.547ms
[28.116s][info   ][gc,phases,start] GC(394) Post Compact
[28.123s][info   ][gc,phases      ] GC(394) Post Compact 6.683ms
[28.123s][info   ][gc,heap        ] GC(394) PSYoungGen: 198659K(482304K)->0K(482816K) Eden: 0K(265728K)->0K(266752K) From: 198659K(216576K)->0K(216064K)
[28.123s][info   ][gc,heap        ] GC(394) ParOldGen: 1264187K(1398272K)->450095K(1398272K)
[28.123s][info   ][gc,metaspace   ] GC(394) Metaspace: 213K(448K)->213K(448K) NonClass: 204K(320K)->204K(320K) Class: 9K(128K)->9K(128K)
[28.123s][info   ][gc             ] GC(394) Pause Full (Ergonomics) 1428M->439M(1837M) 59.486ms
[28.123s][info   ][gc,cpu         ] GC(394) User=0.21s Sys=0.00s Real=0.06s
[28.155s][info   ][gc,start       ] GC(395) Pause Young (Allocation Failure)
[28.185s][info   ][gc,heap        ] GC(395) PSYoungGen: 266352K(482816K)->192514K(482816K) Eden: 266352K(266752K)->0K(266752K) From: 0K(216064K)->192514K(216064K)
[28.185s][info   ][gc,heap        ] GC(395) ParOldGen: 450095K(1398272K)->450095K(1398272K)
[28.185s][info   ][gc,metaspace   ] GC(395) Metaspace: 213K(448K)->213K(448K) NonClass: 204K(320K)->204K(320K) Class: 9K(128K)->9K(128K)
[28.185s][info   ][gc             ] GC(395) Pause Young (Allocation Failure) 699M->627M(1837M) 29.581ms
[28.185s][info   ][gc,cpu         ] GC(395) User=0.11s Sys=0.00s Real=0.03s
[28.216s][info   ][gc,start       ] GC(396) Pause Young (Allocation Failure)
[28.262s][info   ][gc,heap        ] GC(396) PSYoungGen: 458810K(482816K)->196611K(485888K) Eden: 266295K(266752K)->0K(271872K) From: 192514K(216064K)->196611K(214016K)
[28.262s][info   ][gc,heap        ] GC(396) ParOldGen: 450095K(1398272K)->553520K(1398272K)
[28.262s][info   ][gc,metaspace   ] GC(396) Metaspace: 213K(448K)->213K(448K) NonClass: 204K(320K)->204K(320K) Class: 9K(128K)->9K(128K)
[28.262s][info   ][gc             ] GC(396) Pause Young (Allocation Failure) 887M->732M(1840M) 45.424ms
[28.262s][info   ][gc,cpu         ] GC(396) User=0.18s Sys=0.00s Real=0.04s
[28.295s][info   ][gc,start       ] GC(397) Pause Young (Allocation Failure)
[28.340s][info   ][gc,heap        ] GC(397) PSYoungGen: 468147K(485888K)->196611K(484864K) Eden: 271536K(271872K)->0K(271872K) From: 196611K(214016K)->196611K(212992K)
[28.340s][info   ][gc,heap        ] GC(397) ParOldGen: 553520K(1398272K)->660018K(1398272K)
[28.340s][info   ][gc,metaspace   ] GC(397) Metaspace: 213K(448K)->213K(448K) NonClass: 204K(320K)->204K(320K) Class: 9K(128K)->9K(128K)
[28.340s][info   ][gc             ] GC(397) Pause Young (Allocation Failure) 997M->836M(1839M) 45.180ms
[28.340s][info   ][gc,cpu         ] GC(397) User=0.17s Sys=0.00s Real=0.05s
[28.371s][info   ][gc,start       ] GC(398) Pause Young (Allocation Failure)
[28.416s][info   ][gc,heap        ] GC(398) PSYoungGen: 468161K(484864K)->197635K(487424K) Eden: 271550K(271872K)->0K(275456K) From: 196611K(212992K)->197635K(211968K)
[28.416s][info   ][gc,heap        ] GC(398) ParOldGen: 660018K(1398272K)->762419K(1398272K)
[28.416s][info   ][gc,metaspace   ] GC(398) Metaspace: 213K(448K)->213K(448K) NonClass: 204K(320K)->204K(320K) Class: 9K(128K)->9K(128K)
[28.416s][info   ][gc             ] GC(398) Pause Young (Allocation Failure) 1101M->937M(1841M) 45.080ms
[28.416s][info   ][gc,cpu         ] GC(398) User=0.17s Sys=0.00s Real=0.05s
[28.450s][info   ][gc,start       ] GC(399) Pause Young (Allocation Failure)
[28.496s][info   ][gc,heap        ] GC(399) PSYoungGen: 472335K(487424K)->202755K(478720K) Eden: 274700K(275456K)->0K(275456K) From: 197635K(211968K)->202755K(203264K)
[28.496s][info   ][gc,heap        ] GC(399) ParOldGen: 762419K(1398272K)->875061K(1398272K)
[28.496s][info   ][gc,metaspace   ] GC(399) Metaspace: 213K(448K)->213K(448K) NonClass: 204K(320K)->204K(320K) Class: 9K(128K)->9K(128K)
[28.496s][info   ][gc             ] GC(399) Pause Young (Allocation Failure) 1205M->1052M(1833M) 46.284ms
[28.496s][info   ][gc,cpu         ] GC(399) User=0.18s Sys=0.00s Real=0.05s
[28.530s][info   ][gc,start       ] GC(400) Pause Young (Allocation Failure)
[28.578s][info   ][gc,heap        ] GC(400) PSYoungGen: 477461K(478720K)->193538K(487424K) Eden: 274706K(275456K)->0K(274944K) From: 202755K(203264K)->193538K(212480K)
[28.578s][info   ][gc,heap        ] GC(400) ParOldGen: 875061K(1398272K)->988727K(1398272K)
[28.578s][info   ][gc,metaspace   ] GC(400) Metaspace: 213K(448K)->213K(448K) NonClass: 204K(320K)->204K(320K) Class: 9K(128K)->9K(128K)
[28.578s][info   ][gc             ] GC(400) Pause Young (Allocation Failure) 1320M->1154M(1841M) 48.284ms
[28.578s][info   ][gc,cpu         ] GC(400) User=0.19s Sys=0.00s Real=0.05s
[28.611s][info   ][gc,start       ] GC(401) Pause Young (Allocation Failure)
[28.660s][info   ][gc,heap        ] GC(401) PSYoungGen: 468239K(487424K)->208899K(484352K) Eden: 274700K(274944K)->0K(274944K) From: 193538K(212480K)->208899K(209408K)
[28.660s][info   ][gc,heap        ] GC(401) ParOldGen: 988727K(1398272K)->1100344K(1398272K)
[28.660s][info   ][gc,metaspace   ] GC(401) Metaspace: 213K(448K)->213K(448K) NonClass: 204K(320K)->204K(320K) Class: 9K(128K)->9K(128K)
[28.660s][info   ][gc             ] GC(401) Pause Young (Allocation Failure) 1422M->1278M(1838M) 48.221ms
[28.660s][info   ][gc,cpu         ] GC(401) User=0.19s Sys=0.00s Real=0.05s
[28.693s][info   ][gc,start       ] GC(402) Pause Young (Allocation Failure)
[28.739s][info   ][gc,heap        ] GC(402) PSYoungGen: 483601K(484352K)->180226K(482304K) Eden: 274702K(274944K)->0K(267776K) From: 208899K(209408K)->180226K(214528K)
[28.739s][info   ][gc,heap        ] GC(402) ParOldGen: 1100344K(1398272K)->1200698K(1398272K)
[28.739s][info   ][gc,metaspace   ] GC(402) Metaspace: 213K(448K)->213K(448K) NonClass: 204K(320K)->204K(320K) Class: 9K(128K)->9K(128K)
[28.739s][info   ][gc             ] GC(402) Pause Young (Allocation Failure) 1546M->1348M(1836M) 45.444ms
[28.739s][info   ][gc,cpu         ] GC(402) User=0.17s Sys=0.00s Real=0.05s
[28.774s][info   ][gc,start       ] GC(403) Pause Young (Allocation Failure)
[28.824s][info   ][gc,heap        ] GC(403) PSYoungGen: 447622K(482304K)->188418K(483328K) Eden: 267395K(267776K)->0K(267776K) From: 180226K(214528K)->188418K(215552K)
[28.824s][info   ][gc,heap        ] GC(403) ParOldGen: 1200698K(1398272K)->1289787K(1398272K)
[28.824s][info   ][gc,metaspace   ] GC(403) Metaspace: 213K(448K)->213K(448K) NonClass: 204K(320K)->204K(320K) Class: 9K(128K)->9K(128K)
[28.824s][info   ][gc             ] GC(403) Pause Young (Allocation Failure) 1609M->1443M(1837M) 49.961ms
[28.824s][info   ][gc,cpu         ] GC(403) User=0.16s Sys=0.00s Real=0.05s
[28.824s][info   ][gc,start       ] GC(404) Pause Full (Ergonomics)
[28.824s][info   ][gc,phases,start] GC(404) Marking Phase
[28.825s][info   ][gc,phases      ] GC(404) Marking Phase 1.026ms
[28.825s][info   ][gc,phases,start] GC(404) Summary Phase
[28.825s][info   ][gc,phases      ] GC(404) Summary Phase 0.031ms
[28.825s][info   ][gc,phases,start] GC(404) Adjust Roots
[28.825s][info   ][gc,phases      ] GC(404) Adjust Roots 0.261ms
[28.825s][info   ][gc,phases,start] GC(404) Compaction Phase
[28.882s][info   ][gc,phases      ] GC(404) Compaction Phase 56.959ms
[28.882s][info   ][gc,phases,start] GC(404) Post Compact
[28.889s][info   ][gc,phases      ] GC(404) Post Compact 7.017ms
[28.889s][info   ][gc,heap        ] GC(404) PSYoungGen: 188418K(483328K)->0K(483840K) Eden: 0K(267776K)->0K(268800K) From: 188418K(215552K)->0K(215040K)
[28.889s][info   ][gc,heap        ] GC(404) ParOldGen: 1289787K(1398272K)->397870K(1398272K)
[28.889s][info   ][gc,metaspace   ] GC(404) Metaspace: 213K(448K)->213K(448K) NonClass: 204K(320K)->204K(320K) Class: 9K(128K)->9K(128K)
[28.889s][info   ][gc             ] GC(404) Pause Full (Ergonomics) 1443M->388M(1838M) 65.577ms
[28.889s][info   ][gc,cpu         ] GC(404) User=0.19s Sys=0.01s Real=0.07s
[28.926s][info   ][gc,start       ] GC(405) Pause Young (Allocation Failure)
[28.955s][info   ][gc,heap        ] GC(405) PSYoungGen: 268440K(483840K)->181250K(483840K) Eden: 268440K(268800K)->0K(268800K) From: 0K(215040K)->181250K(215040K)
[28.956s][info   ][gc,heap        ] GC(405) ParOldGen: 397870K(1398272K)->397870K(1398272K)
[28.956s][info   ][gc,metaspace   ] GC(405) Metaspace: 213K(448K)->213K(448K) NonClass: 204K(320K)->204K(320K) Class: 9K(128K)->9K(128K)
[28.956s][info   ][gc             ] GC(405) Pause Young (Allocation Failure) 650M->565M(1838M) 29.191ms
[28.956s][info   ][gc,cpu         ] GC(405) User=0.10s Sys=0.00s Real=0.02s
[28.989s][info   ][gc,start       ] GC(406) Pause Young (Allocation Failure)
[29.036s][info   ][gc,heap        ] GC(406) PSYoungGen: 449634K(483840K)->192514K(485888K) Eden: 268383K(268800K)->0K(270848K) From: 181250K(215040K)->192514K(215040K)
[29.036s][info   ][gc,heap        ] GC(406) ParOldGen: 397870K(1398272K)->499247K(1398272K)
[29.036s][info   ][gc,metaspace   ] GC(406) Metaspace: 213K(448K)->213K(448K) NonClass: 204K(320K)->204K(320K) Class: 9K(128K)->9K(128K)
[29.036s][info   ][gc             ] GC(406) Pause Young (Allocation Failure) 827M->675M(1840M) 46.543ms
[29.036s][info   ][gc,cpu         ] GC(406) User=0.16s Sys=0.00s Real=0.05s
[29.068s][info   ][gc,start       ] GC(407) Pause Young (Allocation Failure)
[29.117s][info   ][gc,heap        ] GC(407) PSYoungGen: 463007K(485888K)->201731K(483840K) Eden: 270492K(270848K)->0K(270848K) From: 192514K(215040K)->201731K(212992K)
[29.117s][info   ][gc,heap        ] GC(407) ParOldGen: 499247K(1398272K)->609841K(1398272K)
[29.117s][info   ][gc,metaspace   ] GC(407) Metaspace: 213K(448K)->213K(448K) NonClass: 204K(320K)->204K(320K) Class: 9K(128K)->9K(128K)
[29.118s][info   ][gc             ] GC(407) Pause Young (Allocation Failure) 939M->792M(1838M) 49.310ms
[29.118s][info   ][gc,cpu         ] GC(407) User=0.17s Sys=0.00s Real=0.05s
[29.151s][info   ][gc,start       ] GC(408) Pause Young (Allocation Failure)
[29.208s][info   ][gc,heap        ] GC(408) PSYoungGen: 472237K(483840K)->214019K(474112K) Eden: 270506K(270848K)->0K(259584K) From: 201731K(212992K)->214019K(214528K)
[29.208s][info   ][gc,heap        ] GC(408) ParOldGen: 609841K(1398272K)->729651K(1398272K)
[29.208s][info   ][gc,metaspace   ] GC(408) Metaspace: 213K(448K)->213K(448K) NonClass: 204K(320K)->204K(320K) Class: 9K(128K)->9K(128K)
[29.208s][info   ][gc             ] GC(408) Pause Young (Allocation Failure) 1056M->921M(1828M) 57.494ms
[29.208s][info   ][gc,cpu         ] GC(408) User=0.19s Sys=0.00s Real=0.06s
[29.242s][info   ][gc,start       ] GC(409) Pause Young (Allocation Failure)
[29.293s][info   ][gc,heap        ] GC(409) PSYoungGen: 473049K(474112K)->189442K(479232K) Eden: 259030K(259584K)->0K(259584K) From: 214019K(214528K)->189442K(219648K)
[29.293s][info   ][gc,heap        ] GC(409) ParOldGen: 729651K(1398272K)->844341K(1398272K)
[29.293s][info   ][gc,metaspace   ] GC(409) Metaspace: 213K(448K)->213K(448K) NonClass: 204K(320K)->204K(320K) Class: 9K(128K)->9K(128K)
[29.293s][info   ][gc             ] GC(409) Pause Young (Allocation Failure) 1174M->1009M(1833M) 50.735ms
[29.293s][info   ][gc,cpu         ] GC(409) User=0.17s Sys=0.00s Real=0.05s
[29.325s][info   ][gc,start       ] GC(410) Pause Young (Allocation Failure)
[29.373s][info   ][gc,heap        ] GC(410) PSYoungGen: 448478K(479232K)->199683K(481280K) Eden: 259035K(259584K)->0K(262656K) From: 189442K(219648K)->199683K(218624K)
[29.373s][info   ][gc,heap        ] GC(410) ParOldGen: 844341K(1398272K)->951862K(1398272K)
[29.373s][info   ][gc,metaspace   ] GC(410) Metaspace: 213K(448K)->213K(448K) NonClass: 204K(320K)->204K(320K) Class: 9K(128K)->9K(128K)
[29.373s][info   ][gc             ] GC(410) Pause Young (Allocation Failure) 1262M->1124M(1835M) 48.055ms
[29.373s][info   ][gc,cpu         ] GC(410) User=0.18s Sys=0.00s Real=0.05s
[29.402s][info   ][gc,start       ] GC(411) Pause Young (Allocation Failure)
[29.454s][info   ][gc,heap        ] GC(411) PSYoungGen: 461854K(481280K)->204803K(467968K) Eden: 262171K(262656K)->0K(262656K) From: 199683K(218624K)->204803K(205312K)
[29.454s][info   ][gc,heap        ] GC(411) ParOldGen: 951862K(1398272K)->1072696K(1398272K)
[29.454s][info   ][gc,metaspace   ] GC(411) Metaspace: 213K(448K)->213K(448K) NonClass: 204K(320K)->204K(320K) Class: 9K(128K)->9K(128K)
[29.454s][info   ][gc             ] GC(411) Pause Young (Allocation Failure) 1380M->1247M(1822M) 52.159ms
[29.454s][info   ][gc,cpu         ] GC(411) User=0.18s Sys=0.01s Real=0.05s
[29.487s][info   ][gc,start       ] GC(412) Pause Young (Allocation Failure)
[29.537s][info   ][gc,heap        ] GC(412) PSYoungGen: 466976K(467968K)->192514K(481280K) Eden: 262173K(262656K)->0K(262144K) From: 204803K(205312K)->192514K(219136K)
[29.538s][info   ][gc,heap        ] GC(412) ParOldGen: 1072696K(1398272K)->1186362K(1398272K)
[29.538s][info   ][gc,metaspace   ] GC(412) Metaspace: 213K(448K)->213K(448K) NonClass: 204K(320K)->204K(320K) Class: 9K(128K)->9K(128K)
[29.538s][info   ][gc             ] GC(412) Pause Young (Allocation Failure) 1503M->1346M(1835M) 50.196ms
[29.538s][info   ][gc,cpu         ] GC(412) User=0.18s Sys=0.01s Real=0.05s
[29.572s][info   ][gc,start       ] GC(413) Pause Young (Allocation Failure)
[29.627s][info   ][gc,heap        ] GC(413) PSYoungGen: 453656K(481280K)->210947K(473600K) Eden: 261141K(262144K)->0K(262144K) From: 192514K(219136K)->210947K(211456K)
[29.627s][info   ][gc,heap        ] GC(413) ParOldGen: 1186362K(1398272K)->1294907K(1398272K)
[29.627s][info   ][gc,metaspace   ] GC(413) Metaspace: 213K(448K)->213K(448K) NonClass: 204K(320K)->204K(320K) Class: 9K(128K)->9K(128K)
[29.627s][info   ][gc             ] GC(413) Pause Young (Allocation Failure) 1601M->1470M(1828M) 55.636ms
[29.627s][info   ][gc,cpu         ] GC(413) User=0.19s Sys=0.00s Real=0.06s
[29.627s][info   ][gc,start       ] GC(414) Pause Full (Ergonomics)
[29.627s][info   ][gc,phases,start] GC(414) Marking Phase
[29.629s][info   ][gc,phases      ] GC(414) Marking Phase 1.193ms
[29.629s][info   ][gc,phases,start] GC(414) Summary Phase
[29.629s][info   ][gc,phases      ] GC(414) Summary Phase 0.042ms
[29.629s][info   ][gc,phases,start] GC(414) Adjust Roots
[29.629s][info   ][gc,phases      ] GC(414) Adjust Roots 0.169ms
[29.629s][info   ][gc,phases,start] GC(414) Compaction Phase
[29.702s][info   ][gc,phases      ] GC(414) Compaction Phase 73.705ms
[29.703s][info   ][gc,phases,start] GC(414) Post Compact
[29.710s][info   ][gc,phases      ] GC(414) Post Compact 7.844ms
[29.711s][info   ][gc,heap        ] GC(414) PSYoungGen: 210947K(473600K)->0K(478208K) Eden: 0K(262144K)->0K(257536K) From: 210947K(211456K)->0K(220672K)
[29.711s][info   ][gc,heap        ] GC(414) ParOldGen: 1294907K(1398272K)->492079K(1398272K)
[29.711s][info   ][gc,metaspace   ] GC(414) Metaspace: 213K(448K)->213K(448K) NonClass: 204K(320K)->204K(320K) Class: 9K(128K)->9K(128K)
[29.711s][info   ][gc             ] GC(414) Pause Full (Ergonomics) 1470M->480M(1832M) 83.347ms
[29.711s][info   ][gc,cpu         ] GC(414) User=0.19s Sys=0.01s Real=0.08s
[29.748s][info   ][gc,start       ] GC(415) Pause Young (Allocation Failure)
[29.783s][info   ][gc,heap        ] GC(415) PSYoungGen: 256955K(478208K)->194562K(478208K) Eden: 256955K(257536K)->0K(257536K) From: 0K(220672K)->194562K(220672K)
[29.783s][info   ][gc,heap        ] GC(415) ParOldGen: 492079K(1398272K)->492079K(1398272K)
[29.783s][info   ][gc,metaspace   ] GC(415) Metaspace: 213K(448K)->213K(448K) NonClass: 204K(320K)->204K(320K) Class: 9K(128K)->9K(128K)
[29.783s][info   ][gc             ] GC(415) Pause Young (Allocation Failure) 731M->670M(1832M) 35.473ms
[29.783s][info   ][gc,cpu         ] GC(415) User=0.08s Sys=0.00s Real=0.03s
[29.822s][info   ][gc,start       ] GC(416) Pause Young (Allocation Failure)
[29.887s][info   ][gc,heap        ] GC(416) PSYoungGen: 451461K(478208K)->198659K(481280K) Eden: 256898K(257536K)->0K(262144K) From: 194562K(220672K)->198659K(219136K)
[29.887s][info   ][gc,heap        ] GC(416) ParOldGen: 492079K(1398272K)->603697K(1398272K)
[29.887s][info   ][gc,metaspace   ] GC(416) Metaspace: 213K(448K)->213K(448K) NonClass: 204K(320K)->204K(320K) Class: 9K(128K)->9K(128K)
[29.887s][info   ][gc             ] GC(416) Pause Young (Allocation Failure) 921M->783M(1835M) 65.349ms
[29.887s][info   ][gc,cpu         ] GC(416) User=0.13s Sys=0.01s Real=0.07s
[29.927s][info   ][gc,start       ] GC(417) Pause Young (Allocation Failure)
[29.981s][info   ][gc,heap        ] GC(417) PSYoungGen: 460788K(481280K)->184322K(479744K) Eden: 262129K(262144K)->0K(262144K) From: 198659K(219136K)->184322K(217600K)
[29.981s][info   ][gc,heap        ] GC(417) ParOldGen: 603697K(1398272K)->697906K(1398272K)
[29.981s][info   ][gc,metaspace   ] GC(417) Metaspace: 213K(448K)->213K(448K) NonClass: 204K(320K)->204K(320K) Class: 9K(128K)->9K(128K)
[29.981s][info   ][gc             ] GC(417) Pause Young (Allocation Failure) 1039M->861M(1834M) 54.130ms
[29.981s][info   ][gc,cpu         ] GC(417) User=0.12s Sys=0.01s Real=0.05s
[30.021s][info   ][gc,start       ] GC(418) Pause Young (Allocation Failure)
[30.071s][info   ][gc,heap        ] GC(418) PSYoungGen: 446465K(479744K)->184322K(481280K) Eden: 262143K(262144K)->0K(263680K) From: 184322K(217600K)->184322K(217600K)
[30.071s][info   ][gc,heap        ] GC(418) ParOldGen: 697906K(1398272K)->794164K(1398272K)
[30.071s][info   ][gc,metaspace   ] GC(418) Metaspace: 213K(448K)->213K(448K) NonClass: 204K(320K)->204K(320K) Class: 9K(128K)->9K(128K)
[30.071s][info   ][gc             ] GC(418) Pause Young (Allocation Failure) 1117M->955M(1835M) 49.591ms
[30.071s][info   ][gc,cpu         ] GC(418) User=0.17s Sys=0.00s Real=0.05s
[30.104s][info   ][gc,start       ] GC(419) Pause Young (Allocation Failure)
[30.147s][info   ][gc,heap        ] GC(419) PSYoungGen: 447528K(481280K)->182274K(481280K) Eden: 263206K(263680K)->0K(263680K) From: 184322K(217600K)->182274K(217600K)
[30.147s][info   ][gc,heap        ] GC(419) ParOldGen: 794164K(1398272K)->882229K(1398272K)
[30.147s][info   ][gc,metaspace   ] GC(419) Metaspace: 213K(448K)->213K(448K) NonClass: 204K(320K)->204K(320K) Class: 9K(128K)->9K(128K)
[30.147s][info   ][gc             ] GC(419) Pause Young (Allocation Failure) 1212M->1039M(1835M) 43.151ms
[30.147s][info   ][gc,cpu         ] GC(419) User=0.16s Sys=0.00s Real=0.05s
[30.180s][info   ][gc,start       ] GC(420) Pause Young (Allocation Failure)
[30.223s][info   ][gc,heap        ] GC(420) PSYoungGen: 445486K(481280K)->182274K(481792K) Eden: 263211K(263680K)->0K(264192K) From: 182274K(217600K)->182274K(217600K)
[30.223s][info   ][gc,heap        ] GC(420) ParOldGen: 882229K(1398272K)->968246K(1398272K)
[30.223s][info   ][gc,metaspace   ] GC(420) Metaspace: 213K(448K)->213K(448K) NonClass: 204K(320K)->204K(320K) Class: 9K(128K)->9K(128K)
[30.223s][info   ][gc             ] GC(420) Pause Young (Allocation Failure) 1296M->1123M(1836M) 43.241ms
[30.223s][info   ][gc,cpu         ] GC(420) User=0.17s Sys=0.01s Real=0.04s
[30.257s][info   ][gc,start       ] GC(421) Pause Young (Allocation Failure)
[30.312s][info   ][gc,heap        ] GC(421) PSYoungGen: 445500K(481792K)->204803K(469504K) Eden: 263225K(264192K)->0K(264192K) From: 182274K(217600K)->204803K(205312K)
[30.312s][info   ][gc,heap        ] GC(421) ParOldGen: 968246K(1398272K)->1072696K(1398272K)
[30.312s][info   ][gc,metaspace   ] GC(421) Metaspace: 213K(448K)->213K(448K) NonClass: 204K(320K)->204K(320K) Class: 9K(128K)->9K(128K)
[30.312s][info   ][gc             ] GC(421) Pause Young (Allocation Failure) 1380M->1247M(1824M) 54.440ms
[30.312s][info   ][gc,cpu         ] GC(421) User=0.20s Sys=0.00s Real=0.05s
[30.344s][info   ][gc,start       ] GC(422) Pause Young (Allocation Failure)
[30.389s][info   ][gc,heap        ] GC(422) PSYoungGen: 468030K(469504K)->198659K(480256K) Eden: 263227K(264192K)->0K(261120K) From: 204803K(205312K)->198659K(219136K)
[30.389s][info   ][gc,heap        ] GC(422) ParOldGen: 1072696K(1398272K)->1177146K(1398272K)
[30.389s][info   ][gc,metaspace   ] GC(422) Metaspace: 213K(448K)->213K(448K) NonClass: 204K(320K)->204K(320K) Class: 9K(128K)->9K(128K)
[30.389s][info   ][gc             ] GC(422) Pause Young (Allocation Failure) 1504M->1343M(1834M) 44.491ms
[30.389s][info   ][gc,cpu         ] GC(422) User=0.17s Sys=0.00s Real=0.05s
[30.426s][info   ][gc,start       ] GC(423) Pause Young (Allocation Failure)
[30.489s][info   ][gc,heap        ] GC(423) PSYoungGen: 458755K(480256K)->184322K(479744K) Eden: 260096K(261120K)->0K(261120K) From: 198659K(219136K)->184322K(218624K)
[30.489s][info   ][gc,heap        ] GC(423) ParOldGen: 1177146K(1398272K)->1278523K(1398272K)
[30.489s][info   ][gc,metaspace   ] GC(423) Metaspace: 213K(448K)->213K(448K) NonClass: 204K(320K)->204K(320K) Class: 9K(128K)->9K(128K)
[30.489s][info   ][gc             ] GC(423) Pause Young (Allocation Failure) 1597M->1428M(1834M) 63.511ms
[30.489s][info   ][gc,cpu         ] GC(423) User=0.25s Sys=0.00s Real=0.07s
[30.489s][info   ][gc,start       ] GC(424) Pause Full (Ergonomics)
[30.489s][info   ][gc,phases,start] GC(424) Marking Phase
[30.491s][info   ][gc,phases      ] GC(424) Marking Phase 1.297ms
[30.491s][info   ][gc,phases,start] GC(424) Summary Phase
[30.491s][info   ][gc,phases      ] GC(424) Summary Phase 0.027ms
[30.491s][info   ][gc,phases,start] GC(424) Adjust Roots
[30.491s][info   ][gc,phases      ] GC(424) Adjust Roots 0.293ms
[30.491s][info   ][gc,phases,start] GC(424) Compaction Phase
[30.549s][info   ][gc,phases      ] GC(424) Compaction Phase 57.763ms
[30.549s][info   ][gc,phases,start] GC(424) Post Compact
[30.558s][info   ][gc,phases      ] GC(424) Post Compact 8.792ms
[30.558s][info   ][gc,heap        ] GC(424) PSYoungGen: 184322K(479744K)->0K(481280K) Eden: 0K(261120K)->0K(263680K) From: 184322K(218624K)->0K(217600K)
[30.558s][info   ][gc,heap        ] GC(424) ParOldGen: 1278523K(1398272K)->391726K(1398272K)
[30.558s][info   ][gc,metaspace   ] GC(424) Metaspace: 213K(448K)->213K(448K) NonClass: 204K(320K)->204K(320K) Class: 9K(128K)->9K(128K)
[30.558s][info   ][gc             ] GC(424) Pause Full (Ergonomics) 1428M->382M(1835M) 68.685ms
[30.558s][info   ][gc,cpu         ] GC(424) User=0.24s Sys=0.00s Real=0.07s
[30.595s][info   ][gc,start       ] GC(425) Pause Young (Allocation Failure)
[30.628s][info   ][gc,heap        ] GC(425) PSYoungGen: 263220K(481280K)->198659K(481280K) Eden: 263220K(263680K)->0K(263680K) From: 0K(217600K)->198659K(217600K)
[30.628s][info   ][gc,heap        ] GC(425) ParOldGen: 391726K(1398272K)->391726K(1398272K)
[30.628s][info   ][gc,metaspace   ] GC(425) Metaspace: 213K(448K)->213K(448K) NonClass: 204K(320K)->204K(320K) Class: 9K(128K)->9K(128K)
[30.628s][info   ][gc             ] GC(425) Pause Young (Allocation Failure) 639M->576M(1835M) 33.778ms
[30.629s][info   ][gc,cpu         ] GC(425) User=0.13s Sys=0.01s Real=0.04s
[30.663s][info   ][gc,start       ] GC(426) Pause Young (Allocation Failure)
[30.709s][info   ][gc,heap        ] GC(426) PSYoungGen: 461822K(481280K)->200707K(481280K) Eden: 263163K(263680K)->0K(263680K) From: 198659K(217600K)->200707K(217600K)
[30.709s][info   ][gc,heap        ] GC(426) ParOldGen: 391726K(1398272K)->496175K(1398272K)
[30.709s][info   ][gc,metaspace   ] GC(426) Metaspace: 213K(448K)->213K(448K) NonClass: 204K(320K)->204K(320K) Class: 9K(128K)->9K(128K)
[30.709s][info   ][gc             ] GC(426) Pause Young (Allocation Failure) 833M->680M(1835M) 46.571ms
[30.709s][info   ][gc,cpu         ] GC(426) User=0.18s Sys=0.00s Real=0.05s
[30.742s][info   ][gc,start       ] GC(427) Pause Young (Allocation Failure)
[30.792s][info   ][gc,heap        ] GC(427) PSYoungGen: 463891K(481280K)->202755K(466944K) Eden: 263184K(263680K)->0K(263680K) From: 200707K(217600K)->202755K(203264K)
[30.792s][info   ][gc,heap        ] GC(427) ParOldGen: 496175K(1398272K)->596529K(1398272K)
[30.792s][info   ][gc,metaspace   ] GC(427) Metaspace: 213K(448K)->213K(448K) NonClass: 204K(320K)->204K(320K) Class: 9K(128K)->9K(128K)
[30.792s][info   ][gc             ] GC(427) Pause Young (Allocation Failure) 937M->780M(1821M) 49.409ms
[30.792s][info   ][gc,cpu         ] GC(427) User=0.20s Sys=0.00s Real=0.05s
[30.826s][info   ][gc,start       ] GC(428) Pause Young (Allocation Failure)
[30.879s][info   ][gc,heap        ] GC(428) PSYoungGen: 465952K(466944K)->195586K(482816K) Eden: 263197K(263680K)->0K(264704K) From: 202755K(203264K)->195586K(218112K)
[30.879s][info   ][gc,heap        ] GC(428) ParOldGen: 596529K(1398272K)->695858K(1398272K)
[30.879s][info   ][gc,metaspace   ] GC(428) Metaspace: 213K(448K)->213K(448K) NonClass: 204K(320K)->204K(320K) Class: 9K(128K)->9K(128K)
[30.879s][info   ][gc             ] GC(428) Pause Young (Allocation Failure) 1037M->870M(1837M) 53.268ms
[30.879s][info   ][gc,cpu         ] GC(428) User=0.21s Sys=0.00s Real=0.05s
[30.916s][info   ][gc,start       ] GC(429) Pause Young (Allocation Failure)
[30.967s][info   ][gc,heap        ] GC(429) PSYoungGen: 459837K(482816K)->187394K(480768K) Eden: 264250K(264704K)->0K(264704K) From: 195586K(218112K)->187394K(216064K)
[30.967s][info   ][gc,heap        ] GC(429) ParOldGen: 695858K(1398272K)->811572K(1398272K)
[30.967s][info   ][gc,metaspace   ] GC(429) Metaspace: 213K(448K)->213K(448K) NonClass: 204K(320K)->204K(320K) Class: 9K(128K)->9K(128K)
[30.967s][info   ][gc             ] GC(429) Pause Young (Allocation Failure) 1128M->975M(1835M) 50.824ms
[30.967s][info   ][gc,cpu         ] GC(429) User=0.20s Sys=0.00s Real=0.05s
[31.000s][info   ][gc,start       ] GC(430) Pause Young (Allocation Failure)
[31.051s][info   ][gc,heap        ] GC(430) PSYoungGen: 451650K(480768K)->198659K(483840K) Eden: 264255K(264704K)->0K(268288K) From: 187394K(216064K)->198659K(215552K)
[31.051s][info   ][gc,heap        ] GC(430) ParOldGen: 811572K(1398272K)->925238K(1398272K)
[31.051s][info   ][gc,metaspace   ] GC(430) Metaspace: 213K(448K)->213K(448K) NonClass: 204K(320K)->204K(320K) Class: 9K(128K)->9K(128K)
[31.051s][info   ][gc             ] GC(430) Pause Young (Allocation Failure) 1233M->1097M(1838M) 50.507ms
[31.051s][info   ][gc,cpu         ] GC(430) User=0.20s Sys=0.00s Real=0.05s
[31.083s][info   ][gc,start       ] GC(431) Pause Young (Allocation Failure)
[31.127s][info   ][gc,heap        ] GC(431) PSYoungGen: 466060K(483840K)->184322K(483328K) Eden: 267401K(268288K)->0K(268288K) From: 198659K(215552K)->184322K(215040K)
[31.127s][info   ][gc,heap        ] GC(431) ParOldGen: 925238K(1398272K)->1039928K(1398272K)
[31.127s][info   ][gc,metaspace   ] GC(431) Metaspace: 213K(448K)->213K(448K) NonClass: 204K(320K)->204K(320K) Class: 9K(128K)->9K(128K)
[31.127s][info   ][gc             ] GC(431) Pause Young (Allocation Failure) 1358M->1195M(1837M) 43.998ms
[31.127s][info   ][gc,cpu         ] GC(431) User=0.17s Sys=0.00s Real=0.05s
[31.160s][info   ][gc,start       ] GC(432) Pause Young (Allocation Failure)
[31.203s][info   ][gc,heap        ] GC(432) PSYoungGen: 451726K(483328K)->195586K(485376K) Eden: 267404K(268288K)->0K(270848K) From: 184322K(215040K)->195586K(214528K)
[31.203s][info   ][gc,heap        ] GC(432) ParOldGen: 1039928K(1398272K)->1141305K(1398272K)
[31.203s][info   ][gc,metaspace   ] GC(432) Metaspace: 213K(448K)->213K(448K) NonClass: 204K(320K)->204K(320K) Class: 9K(128K)->9K(128K)
[31.203s][info   ][gc             ] GC(432) Pause Young (Allocation Failure) 1456M->1305M(1839M) 43.534ms
[31.203s][info   ][gc,cpu         ] GC(432) User=0.17s Sys=0.00s Real=0.04s
[31.236s][info   ][gc,start       ] GC(433) Pause Young (Allocation Failure)
[31.283s][info   ][gc,heap        ] GC(433) PSYoungGen: 466114K(485376K)->198659K(484352K) Eden: 270527K(270848K)->0K(270848K) From: 195586K(214528K)->198659K(213504K)
[31.283s][info   ][gc,heap        ] GC(433) ParOldGen: 1141305K(1398272K)->1247803K(1398272K)
[31.283s][info   ][gc,metaspace   ] GC(433) Metaspace: 213K(448K)->213K(448K) NonClass: 204K(320K)->204K(320K) Class: 9K(128K)->9K(128K)
[31.283s][info   ][gc             ] GC(433) Pause Young (Allocation Failure) 1569M->1412M(1838M) 47.621ms
[31.283s][info   ][gc,cpu         ] GC(433) User=0.18s Sys=0.00s Real=0.05s
[31.316s][info   ][gc,start       ] GC(434) Pause Young (Allocation Failure)
[31.360s][info   ][gc,heap        ] GC(434) PSYoungGen: 469187K(484352K)->187394K(486400K) Eden: 270528K(270848K)->0K(273408K) From: 198659K(213504K)->187394K(212992K)
[31.360s][info   ][gc,heap        ] GC(434) ParOldGen: 1247803K(1398272K)->1342012K(1398272K)
[31.360s][info   ][gc,metaspace   ] GC(434) Metaspace: 213K(448K)->213K(448K) NonClass: 204K(320K)->204K(320K) Class: 9K(128K)->9K(128K)
[31.360s][info   ][gc             ] GC(434) Pause Young (Allocation Failure) 1676M->1493M(1840M) 43.508ms
[31.360s][info   ][gc,cpu         ] GC(434) User=0.17s Sys=0.00s Real=0.04s
[31.360s][info   ][gc,start       ] GC(435) Pause Full (Ergonomics)
[31.360s][info   ][gc,phases,start] GC(435) Marking Phase
[31.361s][info   ][gc,phases      ] GC(435) Marking Phase 0.814ms
[31.361s][info   ][gc,phases,start] GC(435) Summary Phase
[31.361s][info   ][gc,phases      ] GC(435) Summary Phase 0.022ms
[31.361s][info   ][gc,phases,start] GC(435) Adjust Roots
[31.361s][info   ][gc,phases      ] GC(435) Adjust Roots 0.140ms
[31.361s][info   ][gc,phases,start] GC(435) Compaction Phase
[31.403s][info   ][gc,phases      ] GC(435) Compaction Phase 42.445ms
[31.403s][info   ][gc,phases,start] GC(435) Post Compact
[31.411s][info   ][gc,phases      ] GC(435) Post Compact 7.411ms
[31.411s][info   ][gc,heap        ] GC(435) PSYoungGen: 187394K(486400K)->0K(485888K) Eden: 0K(273408K)->0K(273408K) From: 187394K(212992K)->0K(212480K)
[31.411s][info   ][gc,heap        ] GC(435) ParOldGen: 1342012K(1398272K)->379437K(1398272K)
[31.411s][info   ][gc,metaspace   ] GC(435) Metaspace: 213K(448K)->213K(448K) NonClass: 204K(320K)->204K(320K) Class: 9K(128K)->9K(128K)
[31.411s][info   ][gc             ] GC(435) Pause Full (Ergonomics) 1493M->370M(1840M) 51.102ms
[31.411s][info   ][gc,cpu         ] GC(435) User=0.17s Sys=0.01s Real=0.05s
[31.444s][info   ][gc,start       ] GC(436) Pause Young (Allocation Failure)
[31.475s][info   ][gc,heap        ] GC(436) PSYoungGen: 272627K(485888K)->205827K(481280K) Eden: 272627K(273408K)->0K(268800K) From: 0K(212480K)->205827K(212480K)
[31.475s][info   ][gc,heap        ] GC(436) ParOldGen: 379437K(1398272K)->379437K(1398272K)
[31.475s][info   ][gc,metaspace   ] GC(436) Metaspace: 213K(448K)->213K(448K) NonClass: 204K(320K)->204K(320K) Class: 9K(128K)->9K(128K)
[31.475s][info   ][gc             ] GC(436) Pause Young (Allocation Failure) 636M->571M(1835M) 30.989ms
[31.475s][info   ][gc,cpu         ] GC(436) User=0.12s Sys=0.00s Real=0.03s
[31.510s][info   ][gc,start       ] GC(437) Pause Young (Allocation Failure)
[31.554s][info   ][gc,heap        ] GC(437) PSYoungGen: 474212K(481280K)->173058K(442368K) Eden: 268385K(268800K)->0K(268800K) From: 205827K(212480K)->173058K(173568K)
[31.554s][info   ][gc,heap        ] GC(437) ParOldGen: 379437K(1398272K)->464431K(1398272K)
[31.554s][info   ][gc,metaspace   ] GC(437) Metaspace: 213K(448K)->213K(448K) NonClass: 204K(320K)->204K(320K) Class: 9K(128K)->9K(128K)
[31.554s][info   ][gc             ] GC(437) Pause Young (Allocation Failure) 833M->622M(1797M) 43.661ms
[31.554s][info   ][gc,cpu         ] GC(437) User=0.17s Sys=0.00s Real=0.04s
[31.589s][info   ][gc,start       ] GC(438) Pause Young (Allocation Failure)
[31.635s][info   ][gc,heap        ] GC(438) PSYoungGen: 441464K(442368K)->186370K(483328K) Eden: 268405K(268800K)->0K(266240K) From: 173058K(173568K)->186370K(217088K)
[31.635s][info   ][gc,heap        ] GC(438) ParOldGen: 464431K(1398272K)->545328K(1398272K)
[31.635s][info   ][gc,metaspace   ] GC(438) Metaspace: 213K(448K)->213K(448K) NonClass: 204K(320K)->204K(320K) Class: 9K(128K)->9K(128K)
[31.635s][info   ][gc             ] GC(438) Pause Young (Allocation Failure) 884M->714M(1837M) 45.891ms
[31.635s][info   ][gc,cpu         ] GC(438) User=0.18s Sys=0.00s Real=0.04s
[31.669s][info   ][gc,start       ] GC(439) Pause Young (Allocation Failure)
[31.712s][info   ][gc,heap        ] GC(439) PSYoungGen: 451667K(483328K)->186370K(481792K) Eden: 265296K(266240K)->0K(266240K) From: 186370K(217088K)->186370K(215552K)
[31.712s][info   ][gc,heap        ] GC(439) ParOldGen: 545328K(1398272K)->630321K(1398272K)
[31.712s][info   ][gc,metaspace   ] GC(439) Metaspace: 213K(448K)->213K(448K) NonClass: 204K(320K)->204K(320K) Class: 9K(128K)->9K(128K)
[31.712s][info   ][gc             ] GC(439) Pause Young (Allocation Failure) 973M->797M(1836M) 43.244ms
[31.713s][info   ][gc,cpu         ] GC(439) User=0.17s Sys=0.01s Real=0.04s
[31.746s][info   ][gc,start       ] GC(440) Pause Young (Allocation Failure)
[31.785s][info   ][gc,heap        ] GC(440) PSYoungGen: 451675K(481792K)->183298K(485376K) Eden: 265305K(266240K)->0K(271360K) From: 186370K(215552K)->183298K(214016K)
[31.785s][info   ][gc,heap        ] GC(440) ParOldGen: 630321K(1398272K)->714291K(1398272K)
[31.785s][info   ][gc,metaspace   ] GC(440) Metaspace: 213K(448K)->213K(448K) NonClass: 204K(320K)->204K(320K) Class: 9K(128K)->9K(128K)
[31.785s][info   ][gc             ] GC(440) Pause Young (Allocation Failure) 1056M->876M(1839M) 39.419ms
[31.785s][info   ][gc,cpu         ] GC(440) User=0.15s Sys=0.00s Real=0.04s
[31.816s][info   ][gc,start       ] GC(441) Pause Young (Allocation Failure)
[31.851s][info   ][gc,heap        ] GC(441) PSYoungGen: 453829K(485376K)->165890K(437760K) Eden: 270530K(271360K)->0K(271360K) From: 183298K(214016K)->165890K(166400K)
[31.851s][info   ][gc,heap        ] GC(441) ParOldGen: 714291K(1398272K)->778804K(1398272K)
[31.851s][info   ][gc,metaspace   ] GC(441) Metaspace: 213K(448K)->213K(448K) NonClass: 204K(320K)->204K(320K) Class: 9K(128K)->9K(128K)
[31.851s][info   ][gc             ] GC(441) Pause Young (Allocation Failure) 1140M->922M(1793M) 34.386ms
[31.851s][info   ][gc,cpu         ] GC(441) User=0.13s Sys=0.00s Real=0.03s
[31.883s][info   ][gc,start       ] GC(442) Pause Young (Allocation Failure)
[31.920s][info   ][gc,heap        ] GC(442) PSYoungGen: 436424K(437760K)->181250K(484864K) Eden: 270534K(271360K)->0K(269312K) From: 165890K(166400K)->181250K(215552K)
[31.920s][info   ][gc,heap        ] GC(442) ParOldGen: 778804K(1398272K)->845365K(1398272K)
[31.920s][info   ][gc,metaspace   ] GC(442) Metaspace: 213K(448K)->213K(448K) NonClass: 204K(320K)->204K(320K) Class: 9K(128K)->9K(128K)
[31.920s][info   ][gc             ] GC(442) Pause Young (Allocation Failure) 1186M->1002M(1839M) 37.211ms
[31.920s][info   ][gc,cpu         ] GC(442) User=0.15s Sys=0.00s Real=0.04s
[31.952s][info   ][gc,start       ] GC(443) Pause Young (Allocation Failure)
[31.990s][info   ][gc,heap        ] GC(443) PSYoungGen: 449699K(484864K)->177154K(483328K) Eden: 268448K(269312K)->0K(269312K) From: 181250K(215552K)->177154K(214016K)
[31.990s][info   ][gc,heap        ] GC(443) ParOldGen: 845365K(1398272K)->928310K(1398272K)
[31.990s][info   ][gc,metaspace   ] GC(443) Metaspace: 213K(448K)->213K(448K) NonClass: 204K(320K)->204K(320K) Class: 9K(128K)->9K(128K)
[31.990s][info   ][gc             ] GC(443) Pause Young (Allocation Failure) 1264M->1079M(1837M) 38.440ms
[31.990s][info   ][gc,cpu         ] GC(443) User=0.15s Sys=0.00s Real=0.04s
[32.022s][info   ][gc,start       ] GC(444) Pause Young (Allocation Failure)
[32.067s][info   ][gc,heap        ] GC(444) PSYoungGen: 445604K(483328K)->199683K(480768K) Eden: 268449K(269312K)->0K(267776K) From: 177154K(214016K)->199683K(212992K)
[32.067s][info   ][gc,heap        ] GC(444) ParOldGen: 928310K(1398272K)->1024567K(1398272K)
[32.067s][info   ][gc,metaspace   ] GC(444) Metaspace: 213K(448K)->213K(448K) NonClass: 204K(320K)->204K(320K) Class: 9K(128K)->9K(128K)
[32.067s][info   ][gc             ] GC(444) Pause Young (Allocation Failure) 1341M->1195M(1835M) 44.918ms
[32.067s][info   ][gc,cpu         ] GC(444) User=0.18s Sys=0.00s Real=0.05s
[32.102s][info   ][gc,start       ] GC(445) Pause Young (Allocation Failure)
[32.145s][info   ][gc,heap        ] GC(445) PSYoungGen: 467079K(480768K)->178178K(483328K) Eden: 267396K(267776K)->0K(267776K) From: 199683K(212992K)->178178K(215552K)
[32.145s][info   ][gc,heap        ] GC(445) ParOldGen: 1024567K(1398272K)->1108537K(1398272K)
[32.145s][info   ][gc,metaspace   ] GC(445) Metaspace: 213K(448K)->213K(448K) NonClass: 204K(320K)->204K(320K) Class: 9K(128K)->9K(128K)
[32.145s][info   ][gc             ] GC(445) Pause Young (Allocation Failure) 1456M->1256M(1837M) 43.287ms
[32.145s][info   ][gc,cpu         ] GC(445) User=0.17s Sys=0.01s Real=0.04s
[32.179s][info   ][gc,start       ] GC(446) Pause Young (Allocation Failure)
[32.219s][info   ][gc,heap        ] GC(446) PSYoungGen: 445575K(483328K)->182274K(486400K) Eden: 267397K(267776K)->0K(272384K) From: 178178K(215552K)->182274K(214016K)
[32.219s][info   ][gc,heap        ] GC(446) ParOldGen: 1108537K(1398272K)->1187386K(1398272K)
[32.219s][info   ][gc,metaspace   ] GC(446) Metaspace: 213K(448K)->213K(448K) NonClass: 204K(320K)->204K(320K) Class: 9K(128K)->9K(128K)
[32.219s][info   ][gc             ] GC(446) Pause Young (Allocation Failure) 1517M->1337M(1840M) 40.338ms
[32.219s][info   ][gc,cpu         ] GC(446) User=0.16s Sys=0.00s Real=0.04s
[32.252s][info   ][gc,start       ] GC(447) Pause Young (Allocation Failure)
[32.300s][info   ][gc,heap        ] GC(447) PSYoungGen: 453858K(486400K)->199683K(472576K) Eden: 271583K(272384K)->0K(272384K) From: 182274K(214016K)->199683K(200192K)
[32.300s][info   ][gc,heap        ] GC(447) ParOldGen: 1187386K(1398272K)->1281595K(1398272K)
[32.300s][info   ][gc,metaspace   ] GC(447) Metaspace: 213K(448K)->213K(448K) NonClass: 204K(320K)->204K(320K) Class: 9K(128K)->9K(128K)
[32.300s][info   ][gc             ] GC(447) Pause Young (Allocation Failure) 1602M->1446M(1827M) 47.413ms
[32.300s][info   ][gc,cpu         ] GC(447) User=0.19s Sys=0.00s Real=0.05s
[32.334s][info   ][gc,start       ] GC(448) Pause Young (Allocation Failure)
[32.379s][info   ][gc,heap        ] GC(448) PSYoungGen: 471267K(472576K)->199683K(480256K) Eden: 271584K(272384K)->0K(265728K) From: 199683K(200192K)->199683K(214528K)
[32.379s][info   ][gc,heap        ] GC(448) ParOldGen: 1281595K(1398272K)->1375805K(1398272K)
[32.379s][info   ][gc,metaspace   ] GC(448) Metaspace: 213K(448K)->213K(448K) NonClass: 204K(320K)->204K(320K) Class: 9K(128K)->9K(128K)
[32.379s][info   ][gc             ] GC(448) Pause Young (Allocation Failure) 1711M->1538M(1834M) 45.206ms
[32.379s][info   ][gc,cpu         ] GC(448) User=0.18s Sys=0.00s Real=0.05s
[32.379s][info   ][gc,start       ] GC(449) Pause Full (Ergonomics)
[32.379s][info   ][gc,phases,start] GC(449) Marking Phase
[32.380s][info   ][gc,phases      ] GC(449) Marking Phase 1.078ms
[32.380s][info   ][gc,phases,start] GC(449) Summary Phase
[32.380s][info   ][gc,phases      ] GC(449) Summary Phase 0.023ms
[32.380s][info   ][gc,phases,start] GC(449) Adjust Roots
[32.380s][info   ][gc,phases      ] GC(449) Adjust Roots 0.148ms
[32.380s][info   ][gc,phases,start] GC(449) Compaction Phase
[32.424s][info   ][gc,phases      ] GC(449) Compaction Phase 43.965ms
[32.424s][info   ][gc,phases,start] GC(449) Post Compact
[32.432s][info   ][gc,phases      ] GC(449) Post Compact 7.167ms
[32.432s][info   ][gc,heap        ] GC(449) PSYoungGen: 199683K(480256K)->0K(482304K) Eden: 0K(265728K)->0K(265728K) From: 199683K(214528K)->0K(216576K)
[32.432s][info   ][gc,heap        ] GC(449) ParOldGen: 1375805K(1398272K)->384558K(1398272K)
[32.432s][info   ][gc,metaspace   ] GC(449) Metaspace: 213K(448K)->213K(448K) NonClass: 204K(320K)->204K(320K) Class: 9K(128K)->9K(128K)
[32.432s][info   ][gc             ] GC(449) Pause Full (Ergonomics) 1538M->375M(1836M) 52.603ms
[32.432s][info   ][gc,cpu         ] GC(449) User=0.18s Sys=0.00s Real=0.05s
[32.464s][info   ][gc,start       ] GC(450) Pause Young (Allocation Failure)
[32.491s][info   ][gc,heap        ] GC(450) PSYoungGen: 265309K(482304K)->189442K(484864K) Eden: 265309K(265728K)->0K(268288K) From: 0K(216576K)->189442K(216576K)
[32.491s][info   ][gc,heap        ] GC(450) ParOldGen: 384558K(1398272K)->384558K(1398272K)
[32.491s][info   ][gc,metaspace   ] GC(450) Metaspace: 213K(448K)->213K(448K) NonClass: 204K(320K)->204K(320K) Class: 9K(128K)->9K(128K)
[32.492s][info   ][gc             ] GC(450) Pause Young (Allocation Failure) 634M->560M(1839M) 27.993ms
[32.492s][info   ][gc,cpu         ] GC(450) User=0.11s Sys=0.01s Real=0.03s
[32.523s][info   ][gc,start       ] GC(451) Pause Young (Allocation Failure)
[32.566s][info   ][gc,heap        ] GC(451) PSYoungGen: 456793K(484864K)->179202K(482304K) Eden: 267350K(268288K)->0K(268288K) From: 189442K(216576K)->179202K(214016K)
[32.566s][info   ][gc,heap        ] GC(451) ParOldGen: 384558K(1398272K)->478767K(1398272K)
[32.566s][info   ][gc,metaspace   ] GC(451) Metaspace: 213K(448K)->213K(448K) NonClass: 204K(320K)->204K(320K) Class: 9K(128K)->9K(128K)
[32.566s][info   ][gc             ] GC(451) Pause Young (Allocation Failure) 821M->642M(1836M) 43.127ms
[32.566s][info   ][gc,cpu         ] GC(451) User=0.17s Sys=0.00s Real=0.05s
[32.599s][info   ][gc,start       ] GC(452) Pause Young (Allocation Failure)
[32.635s][info   ][gc,heap        ] GC(452) PSYoungGen: 446573K(482304K)->163842K(482816K) Eden: 267370K(268288K)->0K(269824K) From: 179202K(214016K)->163842K(212992K)
[32.635s][info   ][gc,heap        ] GC(452) ParOldGen: 478767K(1398272K)->558640K(1398272K)
[32.635s][info   ][gc,metaspace   ] GC(452) Metaspace: 213K(448K)->213K(448K) NonClass: 204K(320K)->204K(320K) Class: 9K(128K)->9K(128K)
[32.635s][info   ][gc             ] GC(452) Pause Young (Allocation Failure) 903M->705M(1837M) 36.504ms
[32.635s][info   ][gc,cpu         ] GC(452) User=0.14s Sys=0.00s Real=0.03s
[32.669s][info   ][gc,start       ] GC(453) Pause Young (Allocation Failure)
[32.714s][info   ][gc,heap        ] GC(453) PSYoungGen: 433304K(482816K)->190466K(484352K) Eden: 269462K(269824K)->0K(269824K) From: 163842K(212992K)->190466K(214528K)
[32.714s][info   ][gc,heap        ] GC(453) ParOldGen: 558640K(1398272K)->632369K(1398272K)
[32.714s][info   ][gc,metaspace   ] GC(453) Metaspace: 213K(448K)->213K(448K) NonClass: 204K(320K)->204K(320K) Class: 9K(128K)->9K(128K)
[32.714s][info   ][gc             ] GC(453) Pause Young (Allocation Failure) 968M->803M(1838M) 44.611ms
[32.714s][info   ][gc,cpu         ] GC(453) User=0.16s Sys=0.00s Real=0.04s
[32.749s][info   ][gc,start       ] GC(454) Pause Young (Allocation Failure)
[32.794s][info   ][gc,heap        ] GC(454) PSYoungGen: 459937K(484352K)->186370K(487936K) Eden: 269470K(269824K)->0K(274432K) From: 190466K(214528K)->186370K(213504K)
[32.794s][info   ][gc,heap        ] GC(454) ParOldGen: 632369K(1398272K)->720435K(1398272K)
[32.794s][info   ][gc,metaspace   ] GC(454) Metaspace: 213K(448K)->213K(448K) NonClass: 204K(320K)->204K(320K) Class: 9K(128K)->9K(128K)
[32.794s][info   ][gc             ] GC(454) Pause Young (Allocation Failure) 1066M->885M(1842M) 44.790ms
[32.794s][info   ][gc,cpu         ] GC(454) User=0.18s Sys=0.00s Real=0.04s
[32.828s][info   ][gc,start       ] GC(455) Pause Young (Allocation Failure)
[32.868s][info   ][gc,heap        ] GC(455) PSYoungGen: 460033K(487936K)->179202K(485376K) Eden: 273662K(274432K)->0K(274432K) From: 186370K(213504K)->179202K(210944K)
[32.868s][info   ][gc,heap        ] GC(455) ParOldGen: 720435K(1398272K)->798260K(1398272K)
[32.868s][info   ][gc,metaspace   ] GC(455) Metaspace: 213K(448K)->213K(448K) NonClass: 204K(320K)->204K(320K) Class: 9K(128K)->9K(128K)
[32.868s][info   ][gc             ] GC(455) Pause Young (Allocation Failure) 1152M->954M(1839M) 40.347ms
[32.868s][info   ][gc,cpu         ] GC(455) User=0.16s Sys=0.00s Real=0.04s
[32.902s][info   ][gc,start       ] GC(456) Pause Young (Allocation Failure)
[32.946s][info   ][gc,heap        ] GC(456) PSYoungGen: 452869K(485376K)->205827K(478720K) Eden: 273666K(274432K)->0K(268800K) From: 179202K(210944K)->205827K(209920K)
[32.946s][info   ][gc,heap        ] GC(456) ParOldGen: 798260K(1398272K)->878133K(1398272K)
[32.946s][info   ][gc,metaspace   ] GC(456) Metaspace: 213K(448K)->213K(448K) NonClass: 204K(320K)->204K(320K) Class: 9K(128K)->9K(128K)
[32.946s][info   ][gc             ] GC(456) Pause Young (Allocation Failure) 1221M->1058M(1833M) 44.094ms
[32.946s][info   ][gc,cpu         ] GC(456) User=0.17s Sys=0.00s Real=0.05s
[32.979s][info   ][gc,start       ] GC(457) Pause Young (Allocation Failure)
[33.025s][info   ][gc,heap        ] GC(457) PSYoungGen: 474265K(478720K)->199683K(468992K) Eden: 268438K(268800K)->0K(268800K) From: 205827K(209920K)->199683K(200192K)
[33.025s][info   ][gc,heap        ] GC(457) ParOldGen: 878133K(1398272K)->979511K(1398272K)
[33.025s][info   ][gc,metaspace   ] GC(457) Metaspace: 213K(448K)->213K(448K) NonClass: 204K(320K)->204K(320K) Class: 9K(128K)->9K(128K)
[33.025s][info   ][gc             ] GC(457) Pause Young (Allocation Failure) 1320M->1151M(1823M) 46.163ms
[33.025s][info   ][gc,cpu         ] GC(457) User=0.18s Sys=0.00s Real=0.04s
[33.058s][info   ][gc,start       ] GC(458) Pause Young (Allocation Failure)
[33.099s][info   ][gc,heap        ] GC(458) PSYoungGen: 468122K(468992K)->176130K(482816K) Eden: 268439K(268800K)->0K(266240K) From: 199683K(200192K)->176130K(216576K)
[33.099s][info   ][gc,heap        ] GC(458) ParOldGen: 979511K(1398272K)->1072696K(1398272K)
[33.099s][info   ][gc,metaspace   ] GC(458) Metaspace: 213K(448K)->213K(448K) NonClass: 204K(320K)->204K(320K) Class: 9K(128K)->9K(128K)
[33.099s][info   ][gc             ] GC(458) Pause Young (Allocation Failure) 1413M->1219M(1837M) 41.399ms
[33.099s][info   ][gc,cpu         ] GC(458) User=0.16s Sys=0.00s Real=0.04s
[33.132s][info   ][gc,start       ] GC(459) Pause Young (Allocation Failure)
[33.170s][info   ][gc,heap        ] GC(459) PSYoungGen: 441449K(482816K)->186370K(482304K) Eden: 265318K(266240K)->0K(266240K) From: 176130K(216576K)->186370K(216064K)
[33.170s][info   ][gc,heap        ] GC(459) ParOldGen: 1072696K(1398272K)->1143353K(1398272K)
[33.170s][info   ][gc,metaspace   ] GC(459) Metaspace: 213K(448K)->213K(448K) NonClass: 204K(320K)->204K(320K) Class: 9K(128K)->9K(128K)
[33.170s][info   ][gc             ] GC(459) Pause Young (Allocation Failure) 1478M->1298M(1836M) 38.900ms
[33.170s][info   ][gc,cpu         ] GC(459) User=0.15s Sys=0.00s Real=0.04s
[33.202s][info   ][gc,start       ] GC(460) Pause Young (Allocation Failure)
[33.238s][info   ][gc,heap        ] GC(460) PSYoungGen: 451689K(482304K)->166914K(484352K) Eden: 265319K(266240K)->0K(270848K) From: 186370K(216064K)->166914K(213504K)
[33.238s][info   ][gc,heap        ] GC(460) ParOldGen: 1143353K(1398272K)->1212986K(1398272K)
[33.238s][info   ][gc,metaspace   ] GC(460) Metaspace: 213K(448K)->213K(448K) NonClass: 204K(320K)->204K(320K) Class: 9K(128K)->9K(128K)
[33.238s][info   ][gc             ] GC(460) Pause Young (Allocation Failure) 1557M->1347M(1838M) 35.509ms
[33.238s][info   ][gc,cpu         ] GC(460) User=0.14s Sys=0.00s Real=0.04s
[33.270s][info   ][gc,start       ] GC(461) Pause Young (Allocation Failure)
[33.307s][info   ][gc,heap        ] GC(461) PSYoungGen: 437444K(484352K)->185346K(484864K) Eden: 270529K(270848K)->0K(270848K) From: 166914K(213504K)->185346K(214016K)
[33.307s][info   ][gc,heap        ] GC(461) ParOldGen: 1212986K(1398272K)->1269307K(1398272K)
[33.307s][info   ][gc,metaspace   ] GC(461) Metaspace: 213K(448K)->213K(448K) NonClass: 204K(320K)->204K(320K) Class: 9K(128K)->9K(128K)
[33.307s][info   ][gc             ] GC(461) Pause Young (Allocation Failure) 1611M->1420M(1839M) 36.988ms
[33.307s][info   ][gc,cpu         ] GC(461) User=0.14s Sys=0.00s Real=0.04s
[33.341s][info   ][gc,start       ] GC(462) Pause Young (Allocation Failure)
[33.374s][info   ][gc,heap        ] GC(462) PSYoungGen: 455876K(484864K)->156674K(483328K) Eden: 270530K(270848K)->0K(271872K) From: 185346K(214016K)->156674K(211456K)
[33.374s][info   ][gc,heap        ] GC(462) ParOldGen: 1269307K(1398272K)->1331772K(1398272K)
[33.374s][info   ][gc,metaspace   ] GC(462) Metaspace: 213K(448K)->213K(448K) NonClass: 204K(320K)->204K(320K) Class: 9K(128K)->9K(128K)
[33.374s][info   ][gc             ] GC(462) Pause Young (Allocation Failure) 1684M->1453M(1837M) 32.369ms
[33.374s][info   ][gc,cpu         ] GC(462) User=0.12s Sys=0.00s Real=0.03s
[33.374s][info   ][gc,start       ] GC(463) Pause Full (Ergonomics)
[33.374s][info   ][gc,phases,start] GC(463) Marking Phase
[33.375s][info   ][gc,phases      ] GC(463) Marking Phase 0.852ms
[33.375s][info   ][gc,phases,start] GC(463) Summary Phase
[33.375s][info   ][gc,phases      ] GC(463) Summary Phase 0.021ms
[33.375s][info   ][gc,phases,start] GC(463) Adjust Roots
[33.375s][info   ][gc,phases      ] GC(463) Adjust Roots 0.159ms
[33.375s][info   ][gc,phases,start] GC(463) Compaction Phase
[33.404s][info   ][gc,phases      ] GC(463) Compaction Phase 29.383ms
[33.404s][info   ][gc,phases,start] GC(463) Post Compact
[33.411s][info   ][gc,phases      ] GC(463) Post Compact 6.465ms
[33.411s][info   ][gc,heap        ] GC(463) PSYoungGen: 156674K(483328K)->0K(485376K) Eden: 0K(271872K)->0K(271872K) From: 156674K(211456K)->0K(213504K)
[33.411s][info   ][gc,heap        ] GC(463) ParOldGen: 1331772K(1398272K)->262700K(1398272K)
[33.411s][info   ][gc,metaspace   ] GC(463) Metaspace: 213K(448K)->213K(448K) NonClass: 204K(320K)->204K(320K) Class: 9K(128K)->9K(128K)
[33.411s][info   ][gc             ] GC(463) Pause Full (Ergonomics) 1453M->256M(1839M) 37.140ms
[33.411s][info   ][gc,cpu         ] GC(463) User=0.12s Sys=0.00s Real=0.04s
[33.444s][info   ][gc,start       ] GC(464) Pause Young (Allocation Failure)
[33.468s][info   ][gc,heap        ] GC(464) PSYoungGen: 271574K(485376K)->157698K(482304K) Eden: 271574K(271872K)->0K(268800K) From: 0K(213504K)->157698K(213504K)
[33.468s][info   ][gc,heap        ] GC(464) ParOldGen: 262700K(1398272K)->262700K(1398272K)
[33.468s][info   ][gc,metaspace   ] GC(464) Metaspace: 213K(448K)->213K(448K) NonClass: 204K(320K)->204K(320K) Class: 9K(128K)->9K(128K)
[33.468s][info   ][gc             ] GC(464) Pause Young (Allocation Failure) 521M->410M(1836M) 24.122ms
[33.468s][info   ][gc,cpu         ] GC(464) User=0.09s Sys=0.00s Real=0.03s
[33.500s][info   ][gc,start       ] GC(465) Pause Young (Allocation Failure)
[33.529s][info   ][gc,heap        ] GC(465) PSYoungGen: 426083K(482304K)->150530K(419840K) Eden: 268385K(268800K)->0K(268800K) From: 157698K(213504K)->150530K(151040K)
[33.529s][info   ][gc,heap        ] GC(465) ParOldGen: 262700K(1398272K)->300588K(1398272K)
[33.529s][info   ][gc,metaspace   ] GC(465) Metaspace: 213K(448K)->213K(448K) NonClass: 204K(320K)->204K(320K) Class: 9K(128K)->9K(128K)
[33.529s][info   ][gc             ] GC(465) Pause Young (Allocation Failure) 672M->440M(1775M) 28.788ms
[33.529s][info   ][gc,cpu         ] GC(465) User=0.11s Sys=0.00s Real=0.03s
[33.560s][info   ][gc,start       ] GC(466) Pause Young (Allocation Failure)
[33.592s][info   ][gc,heap        ] GC(466) PSYoungGen: 418936K(419840K)->165890K(484352K) Eden: 268405K(268800K)->0K(267776K) From: 150530K(151040K)->165890K(216576K)
[33.592s][info   ][gc,heap        ] GC(466) ParOldGen: 300588K(1398272K)->350765K(1398272K)
[33.592s][info   ][gc,metaspace   ] GC(466) Metaspace: 213K(448K)->213K(448K) NonClass: 204K(320K)->204K(320K) Class: 9K(128K)->9K(128K)
[33.592s][info   ][gc             ] GC(466) Pause Young (Allocation Failure) 702M->504M(1838M) 31.501ms
[33.592s][info   ][gc,cpu         ] GC(466) User=0.12s Sys=0.00s Real=0.03s
[33.624s][info   ][gc,start       ] GC(467) Pause Young (Allocation Failure)
[33.660s][info   ][gc,heap        ] GC(467) PSYoungGen: 433265K(484352K)->182274K(482304K) Eden: 267374K(267776K)->0K(267776K) From: 165890K(216576K)->182274K(214528K)
[33.660s][info   ][gc,heap        ] GC(467) ParOldGen: 350765K(1398272K)->404014K(1398272K)
[33.660s][info   ][gc,metaspace   ] GC(467) Metaspace: 213K(448K)->213K(448K) NonClass: 204K(320K)->204K(320K) Class: 9K(128K)->9K(128K)
[33.660s][info   ][gc             ] GC(467) Pause Young (Allocation Failure) 765M->572M(1836M) 35.712ms
[33.660s][info   ][gc,cpu         ] GC(467) User=0.13s Sys=0.01s Real=0.04s
[33.692s][info   ][gc,start       ] GC(468) Pause Young (Allocation Failure)
[33.725s][info   ][gc,heap        ] GC(468) PSYoungGen: 449658K(482304K)->154626K(485888K) Eden: 267383K(267776K)->0K(272896K) From: 182274K(214528K)->154626K(212992K)
[33.725s][info   ][gc,heap        ] GC(468) ParOldGen: 404014K(1398272K)->457263K(1398272K)
[33.725s][info   ][gc,metaspace   ] GC(468) Metaspace: 213K(448K)->213K(448K) NonClass: 204K(320K)->204K(320K) Class: 9K(128K)->9K(128K)
[33.725s][info   ][gc             ] GC(468) Pause Young (Allocation Failure) 833M->597M(1840M) 33.300ms
[33.725s][info   ][gc,cpu         ] GC(468) User=0.13s Sys=0.00s Real=0.03s
[33.762s][info   ][gc,start       ] GC(469) Pause Young (Allocation Failure)
[33.801s][info   ][gc,heap        ] GC(469) PSYoungGen: 427235K(485888K)->137218K(410624K) Eden: 272608K(272896K)->0K(272896K) From: 154626K(212992K)->137218K(137728K)
[33.801s][info   ][gc,heap        ] GC(469) ParOldGen: 457263K(1398272K)->492079K(1398272K)
[33.801s][info   ][gc,metaspace   ] GC(469) Metaspace: 213K(448K)->213K(448K) NonClass: 204K(320K)->204K(320K) Class: 9K(128K)->9K(128K)
[33.801s][info   ][gc             ] GC(469) Pause Young (Allocation Failure) 863M->614M(1766M) 39.286ms
[33.801s][info   ][gc,cpu         ] GC(469) User=0.14s Sys=0.00s Real=0.04s
[33.841s][info   ][gc,start       ] GC(470) Pause Young (Allocation Failure)
[33.879s][info   ][gc,heap        ] GC(470) PSYoungGen: 409830K(410624K)->140290K(482304K) Eden: 272612K(272896K)->0K(266752K) From: 137218K(137728K)->140290K(215552K)
[33.879s][info   ][gc,heap        ] GC(470) ParOldGen: 492079K(1398272K)->537136K(1398272K)
[33.879s][info   ][gc,metaspace   ] GC(470) Metaspace: 213K(448K)->213K(448K) NonClass: 204K(320K)->204K(320K) Class: 9K(128K)->9K(128K)
[33.879s][info   ][gc             ] GC(470) Pause Young (Allocation Failure) 880M->661M(1836M) 38.011ms
[33.879s][info   ][gc,cpu         ] GC(470) User=0.15s Sys=0.00s Real=0.04s
[33.915s][info   ][gc,start       ] GC(471) Pause Young (Allocation Failure)
[33.946s][info   ][gc,heap        ] GC(471) PSYoungGen: 406640K(482304K)->146434K(482816K) Eden: 266350K(266752K)->0K(266752K) From: 140290K(215552K)->146434K(216064K)
[33.946s][info   ][gc,heap        ] GC(471) ParOldGen: 537136K(1398272K)->574000K(1398272K)
[33.946s][info   ][gc,metaspace   ] GC(471) Metaspace: 213K(448K)->213K(448K) NonClass: 204K(320K)->204K(320K) Class: 9K(128K)->9K(128K)
[33.946s][info   ][gc             ] GC(471) Pause Young (Allocation Failure) 921M->703M(1837M) 31.542ms
[33.946s][info   ][gc,cpu         ] GC(471) User=0.12s Sys=0.00s Real=0.04s
[33.983s][info   ][gc,start       ] GC(472) Pause Young (Allocation Failure)
[34.023s][info   ][gc,heap        ] GC(472) PSYoungGen: 412785K(482816K)->173058K(485888K) Eden: 266351K(266752K)->0K(270848K) From: 146434K(216064K)->173058K(215040K)
[34.023s][info   ][gc,heap        ] GC(472) ParOldGen: 574000K(1398272K)->627249K(1398272K)
[34.024s][info   ][gc,metaspace   ] GC(472) Metaspace: 213K(448K)->213K(448K) NonClass: 204K(320K)->204K(320K) Class: 9K(128K)->9K(128K)
[34.024s][info   ][gc             ] GC(472) Pause Young (Allocation Failure) 963M->781M(1840M) 40.368ms
[34.024s][info   ][gc,cpu         ] GC(472) User=0.15s Sys=0.00s Real=0.04s
[34.058s][info   ][gc,start       ] GC(473) Pause Young (Allocation Failure)
[34.096s][info   ][gc,heap        ] GC(473) PSYoungGen: 443587K(485888K)->181250K(483840K) Eden: 270528K(270848K)->0K(270848K) From: 173058K(215040K)->181250K(212992K)
[34.096s][info   ][gc,heap        ] GC(473) ParOldGen: 627249K(1398272K)->704050K(1398272K)
[34.096s][info   ][gc,metaspace   ] GC(473) Metaspace: 213K(448K)->213K(448K) NonClass: 204K(320K)->204K(320K) Class: 9K(128K)->9K(128K)
[34.096s][info   ][gc             ] GC(473) Pause Young (Allocation Failure) 1045M->864M(1838M) 38.791ms
[34.096s][info   ][gc,cpu         ] GC(473) User=0.16s Sys=0.00s Real=0.04s
[34.129s][info   ][gc,start       ] GC(474) Pause Young (Allocation Failure)
[34.166s][info   ][gc,heap        ] GC(474) PSYoungGen: 451780K(483840K)->177154K(486400K) Eden: 270529K(270848K)->0K(272896K) From: 181250K(212992K)->177154K(213504K)
[34.166s][info   ][gc,heap        ] GC(474) ParOldGen: 704050K(1398272K)->774707K(1398272K)
[34.166s][info   ][gc,metaspace   ] GC(474) Metaspace: 213K(448K)->213K(448K) NonClass: 204K(320K)->204K(320K) Class: 9K(128K)->9K(128K)
[34.166s][info   ][gc             ] GC(474) Pause Young (Allocation Failure) 1128M->929M(1840M) 37.159ms
[34.166s][info   ][gc,cpu         ] GC(474) User=0.14s Sys=0.00s Real=0.04s
[34.198s][info   ][gc,start       ] GC(475) Pause Young (Allocation Failure)
[34.230s][info   ][gc,heap        ] GC(475) PSYoungGen: 449772K(486400K)->157698K(485376K) Eden: 272618K(272896K)->0K(272896K) From: 177154K(213504K)->157698K(212480K)
[34.230s][info   ][gc,heap        ] GC(475) ParOldGen: 774707K(1398272K)->828980K(1398272K)
[34.230s][info   ][gc,metaspace   ] GC(475) Metaspace: 213K(448K)->213K(448K) NonClass: 204K(320K)->204K(320K) Class: 9K(128K)->9K(128K)
[34.230s][info   ][gc             ] GC(475) Pause Young (Allocation Failure) 1195M->963M(1839M) 31.833ms
[34.230s][info   ][gc,cpu         ] GC(475) User=0.12s Sys=0.00s Real=0.03s
[34.263s][info   ][gc,start       ] GC(476) Pause Young (Allocation Failure)
[34.297s][info   ][gc,heap        ] GC(476) PSYoungGen: 430316K(485376K)->174082K(490496K) Eden: 272618K(272896K)->0K(280576K) From: 157698K(212480K)->174082K(209920K)
[34.297s][info   ][gc,heap        ] GC(476) ParOldGen: 828980K(1398272K)->882229K(1398272K)
[34.297s][info   ][gc,metaspace   ] GC(476) Metaspace: 213K(448K)->213K(448K) NonClass: 204K(320K)->204K(320K) Class: 9K(128K)->9K(128K)
[34.297s][info   ][gc             ] GC(476) Pause Young (Allocation Failure) 1229M->1031M(1844M) 34.037ms
[34.297s][info   ][gc,cpu         ] GC(476) User=0.14s Sys=0.00s Real=0.04s
[34.331s][info   ][gc,start       ] GC(477) Pause Young (Allocation Failure)
[34.368s][info   ][gc,heap        ] GC(477) PSYoungGen: 454019K(490496K)->186370K(467456K) Eden: 279937K(280576K)->0K(280576K) From: 174082K(209920K)->186370K(186880K)
[34.368s][info   ][gc,heap        ] GC(477) ParOldGen: 882229K(1398272K)->947766K(1398272K)
[34.368s][info   ][gc,metaspace   ] GC(477) Metaspace: 213K(448K)->213K(448K) NonClass: 204K(320K)->204K(320K) Class: 9K(128K)->9K(128K)
[34.368s][info   ][gc             ] GC(477) Pause Young (Allocation Failure) 1304M->1107M(1822M) 37.230ms
[34.368s][info   ][gc,cpu         ] GC(477) User=0.14s Sys=0.00s Real=0.04s
[34.401s][info   ][gc,start       ] GC(478) Pause Young (Allocation Failure)
[34.435s][info   ][gc,heap        ] GC(478) PSYoungGen: 466308K(467456K)->162818K(490496K) Eden: 279937K(280576K)->0K(279552K) From: 186370K(186880K)->162818K(210944K)
[34.435s][info   ][gc,heap        ] GC(478) ParOldGen: 947766K(1398272K)->1009207K(1398272K)
[34.435s][info   ][gc,metaspace   ] GC(478) Metaspace: 213K(448K)->213K(448K) NonClass: 204K(320K)->204K(320K) Class: 9K(128K)->9K(128K)
[34.435s][info   ][gc             ] GC(478) Pause Young (Allocation Failure) 1380M->1144M(1844M) 34.302ms
[34.435s][info   ][gc,cpu         ] GC(478) User=0.13s Sys=0.00s Real=0.03s
[34.467s][info   ][gc,start       ] GC(479) Pause Young (Allocation Failure)
[34.505s][info   ][gc,heap        ] GC(479) PSYoungGen: 441711K(490496K)->177154K(487936K) Eden: 278893K(279552K)->0K(279552K) From: 162818K(210944K)->177154K(208384K)
[34.505s][info   ][gc,heap        ] GC(479) ParOldGen: 1009207K(1398272K)->1059384K(1398272K)
[34.505s][info   ][gc,metaspace   ] GC(479) Metaspace: 213K(448K)->213K(448K) NonClass: 204K(320K)->204K(320K) Class: 9K(128K)->9K(128K)
[34.505s][info   ][gc             ] GC(479) Pause Young (Allocation Failure) 1416M->1207M(1842M) 37.914ms
[34.505s][info   ][gc,cpu         ] GC(479) User=0.14s Sys=0.00s Real=0.03s
[34.541s][info   ][gc,start       ] GC(480) Pause Young (Allocation Failure)
[34.578s][info   ][gc,heap        ] GC(480) PSYoungGen: 456047K(487936K)->169986K(495104K) Eden: 278893K(279552K)->0K(287744K) From: 177154K(208384K)->169986K(207360K)
[34.578s][info   ][gc,heap        ] GC(480) ParOldGen: 1059384K(1398272K)->1119801K(1398272K)
[34.578s][info   ][gc,metaspace   ] GC(480) Metaspace: 213K(448K)->213K(448K) NonClass: 204K(320K)->204K(320K) Class: 9K(128K)->9K(128K)
[34.578s][info   ][gc             ] GC(480) Pause Young (Allocation Failure) 1479M->1259M(1849M) 36.472ms
[34.578s][info   ][gc,cpu         ] GC(480) User=0.14s Sys=0.00s Real=0.04s
[34.612s][info   ][gc,start       ] GC(481) Pause Young (Allocation Failure)
[34.651s][info   ][gc,heap        ] GC(481) PSYoungGen: 457232K(495104K)->185346K(491520K) Eden: 287246K(287744K)->0K(287744K) From: 169986K(207360K)->185346K(203776K)
[34.651s][info   ][gc,heap        ] GC(481) ParOldGen: 1119801K(1398272K)->1171002K(1398272K)
[34.651s][info   ][gc,metaspace   ] GC(481) Metaspace: 213K(448K)->213K(448K) NonClass: 204K(320K)->204K(320K) Class: 9K(128K)->9K(128K)
[34.651s][info   ][gc             ] GC(481) Pause Young (Allocation Failure) 1540M->1324M(1845M) 38.945ms
[34.651s][info   ][gc,cpu         ] GC(481) User=0.16s Sys=0.00s Real=0.04s
[34.689s][info   ][gc,start       ] GC(482) Pause Young (Allocation Failure)
[34.736s][info   ][gc,heap        ] GC(482) PSYoungGen: 472592K(491520K)->190466K(485888K) Eden: 287246K(287744K)->0K(280064K) From: 185346K(203776K)->190466K(205824K)
[34.736s][info   ][gc,heap        ] GC(482) ParOldGen: 1171002K(1398272K)->1240635K(1398272K)
[34.736s][info   ][gc,metaspace   ] GC(482) Metaspace: 213K(448K)->213K(448K) NonClass: 204K(320K)->204K(320K) Class: 9K(128K)->9K(128K)
[34.736s][info   ][gc             ] GC(482) Pause Young (Allocation Failure) 1605M->1397M(1840M) 47.240ms
[34.736s][info   ][gc,cpu         ] GC(482) User=0.18s Sys=0.00s Real=0.05s
[34.775s][info   ][gc,start       ] GC(483) Pause Young (Allocation Failure)
[34.826s][info   ][gc,heap        ] GC(483) PSYoungGen: 470394K(485888K)->188418K(468992K) Eden: 279927K(280064K)->0K(280064K) From: 190466K(205824K)->188418K(188928K)
[34.826s][info   ][gc,heap        ] GC(483) ParOldGen: 1240635K(1398272K)->1340988K(1398272K)
[34.826s][info   ][gc,metaspace   ] GC(483) Metaspace: 213K(448K)->213K(448K) NonClass: 204K(320K)->204K(320K) Class: 9K(128K)->9K(128K)
[34.826s][info   ][gc             ] GC(483) Pause Young (Allocation Failure) 1670M->1493M(1823M) 50.895ms
[34.826s][info   ][gc,cpu         ] GC(483) User=0.20s Sys=0.00s Real=0.06s
[34.826s][info   ][gc,start       ] GC(484) Pause Full (Ergonomics)
[34.826s][info   ][gc,phases,start] GC(484) Marking Phase
[34.827s][info   ][gc,phases      ] GC(484) Marking Phase 0.959ms
[34.827s][info   ][gc,phases,start] GC(484) Summary Phase
[34.827s][info   ][gc,phases      ] GC(484) Summary Phase 0.035ms
[34.827s][info   ][gc,phases,start] GC(484) Adjust Roots
[34.827s][info   ][gc,phases      ] GC(484) Adjust Roots 0.221ms
[34.827s][info   ][gc,phases,start] GC(484) Compaction Phase
[34.872s][info   ][gc,phases      ] GC(484) Compaction Phase 44.762ms
[34.872s][info   ][gc,phases,start] GC(484) Post Compact
[34.879s][info   ][gc,phases      ] GC(484) Post Compact 7.384ms
[34.880s][info   ][gc,heap        ] GC(484) PSYoungGen: 188418K(468992K)->0K(487424K) Eden: 0K(280064K)->0K(275968K) From: 188418K(188928K)->0K(211456K)
[34.880s][info   ][gc,heap        ] GC(484) ParOldGen: 1340988K(1398272K)->338477K(1398272K)
[34.880s][info   ][gc,metaspace   ] GC(484) Metaspace: 213K(448K)->213K(448K) NonClass: 204K(320K)->204K(320K) Class: 9K(128K)->9K(128K)
[34.880s][info   ][gc             ] GC(484) Pause Full (Ergonomics) 1493M->330M(1841M) 53.669ms
[34.880s][info   ][gc,cpu         ] GC(484) User=0.19s Sys=0.00s Real=0.05s
[34.917s][info   ][gc,start       ] GC(485) Pause Young (Allocation Failure)
[34.947s][info   ][gc,heap        ] GC(485) PSYoungGen: 275751K(487424K)->180226K(487424K) Eden: 275751K(275968K)->0K(275968K) From: 0K(211456K)->180226K(211456K)
[34.947s][info   ][gc,heap        ] GC(485) ParOldGen: 338477K(1398272K)->338477K(1398272K)
[34.947s][info   ][gc,metaspace   ] GC(485) Metaspace: 213K(448K)->213K(448K) NonClass: 204K(320K)->204K(320K) Class: 9K(128K)->9K(128K)
[34.947s][info   ][gc             ] GC(485) Pause Young (Allocation Failure) 599M->506M(1841M) 29.354ms
[34.947s][info   ][gc,cpu         ] GC(485) User=0.12s Sys=0.00s Real=0.03s
[34.980s][info   ][gc,start       ] GC(486) Pause Young (Allocation Failure)
[35.021s][info   ][gc,heap        ] GC(486) PSYoungGen: 455920K(487424K)->183298K(489472K) Eden: 275693K(275968K)->0K(279552K) From: 180226K(211456K)->183298K(209920K)
[35.021s][info   ][gc,heap        ] GC(486) ParOldGen: 338477K(1398272K)->432686K(1398272K)
[35.021s][info   ][gc,metaspace   ] GC(486) Metaspace: 213K(448K)->213K(448K) NonClass: 204K(320K)->204K(320K) Class: 9K(128K)->9K(128K)
[35.021s][info   ][gc             ] GC(486) Pause Young (Allocation Failure) 775M->601M(1843M) 40.413ms
[35.021s][info   ][gc,cpu         ] GC(486) User=0.16s Sys=0.00s Real=0.04s
[35.053s][info   ][gc,start       ] GC(487) Pause Young (Allocation Failure)
[35.093s][info   ][gc,heap        ] GC(487) PSYoungGen: 462154K(489472K)->175106K(488960K) Eden: 278856K(279552K)->0K(279552K) From: 183298K(209920K)->175106K(209408K)
[35.093s][info   ][gc,heap        ] GC(487) ParOldGen: 432686K(1398272K)->519728K(1398272K)
[35.093s][info   ][gc,metaspace   ] GC(487) Metaspace: 213K(448K)->213K(448K) NonClass: 204K(320K)->204K(320K) Class: 9K(128K)->9K(128K)
[35.093s][info   ][gc             ] GC(487) Pause Young (Allocation Failure) 873M->678M(1843M) 39.737ms
[35.093s][info   ][gc,cpu         ] GC(487) User=0.15s Sys=0.01s Real=0.04s
[35.128s][info   ][gc,start       ] GC(488) Pause Young (Allocation Failure)
[35.179s][info   ][gc,heap        ] GC(488) PSYoungGen: 453976K(488960K)->183298K(493056K) Eden: 278869K(279552K)->0K(286720K) From: 175106K(209408K)->183298K(206336K)
[35.179s][info   ][gc,heap        ] GC(488) ParOldGen: 519728K(1398272K)->595505K(1398272K)
[35.179s][info   ][gc,metaspace   ] GC(488) Metaspace: 213K(448K)->213K(448K) NonClass: 204K(320K)->204K(320K) Class: 9K(128K)->9K(128K)
[35.179s][info   ][gc             ] GC(488) Pause Young (Allocation Failure) 950M->760M(1847M) 50.843ms
[35.179s][info   ][gc,cpu         ] GC(488) User=0.15s Sys=0.00s Real=0.05s
[35.215s][info   ][gc,start       ] GC(489) Pause Young (Allocation Failure)
[35.252s][info   ][gc,heap        ] GC(489) PSYoungGen: 469484K(493056K)->180226K(492544K) Eden: 286186K(286720K)->0K(286720K) From: 183298K(206336K)->180226K(205824K)
[35.252s][info   ][gc,heap        ] GC(489) ParOldGen: 595505K(1398272K)->664114K(1398272K)
[35.252s][info   ][gc,metaspace   ] GC(489) Metaspace: 213K(448K)->213K(448K) NonClass: 204K(320K)->204K(320K) Class: 9K(128K)->9K(128K)
[35.252s][info   ][gc             ] GC(489) Pause Young (Allocation Failure) 1040M->824M(1846M) 37.119ms
[35.252s][info   ][gc,cpu         ] GC(489) User=0.15s Sys=0.00s Real=0.04s
[35.287s][info   ][gc,start       ] GC(490) Pause Young (Allocation Failure)
[35.325s][info   ][gc,heap        ] GC(490) PSYoungGen: 466418K(492544K)->178178K(497152K) Eden: 286191K(286720K)->0K(292864K) From: 180226K(205824K)->178178K(204288K)
[35.325s][info   ][gc,heap        ] GC(490) ParOldGen: 664114K(1398272K)->727603K(1398272K)
[35.325s][info   ][gc,metaspace   ] GC(490) Metaspace: 213K(448K)->213K(448K) NonClass: 204K(320K)->204K(320K) Class: 9K(128K)->9K(128K)
[35.325s][info   ][gc             ] GC(490) Pause Young (Allocation Failure) 1104M->884M(1851M) 37.508ms
[35.325s][info   ][gc,cpu         ] GC(490) User=0.14s Sys=0.00s Real=0.03s
[35.361s][info   ][gc,start       ] GC(491) Pause Young (Allocation Failure)
[35.402s][info   ][gc,heap        ] GC(491) PSYoungGen: 470638K(497152K)->197635K(491008K) Eden: 292459K(292864K)->0K(292864K) From: 178178K(204288K)->197635K(198144K)
[35.402s][info   ][gc,heap        ] GC(491) ParOldGen: 727603K(1398272K)->790068K(1398272K)
[35.402s][info   ][gc,metaspace   ] GC(491) Metaspace: 213K(448K)->213K(448K) NonClass: 204K(320K)->204K(320K) Class: 9K(128K)->9K(128K)
[35.402s][info   ][gc             ] GC(491) Pause Young (Allocation Failure) 1170M->964M(1845M) 41.230ms
[35.402s][info   ][gc,cpu         ] GC(491) User=0.16s Sys=0.00s Real=0.04s
[35.442s][info   ][gc,start       ] GC(492) Pause Young (Allocation Failure)
[35.484s][info   ][gc,heap        ] GC(492) PSYoungGen: 490097K(491008K)->189442K(489984K) Eden: 292462K(292864K)->0K(283136K) From: 197635K(198144K)->189442K(206848K)
[35.484s][info   ][gc,heap        ] GC(492) ParOldGen: 790068K(1398272K)->867893K(1398272K)
[35.484s][info   ][gc,metaspace   ] GC(492) Metaspace: 213K(448K)->213K(448K) NonClass: 204K(320K)->204K(320K) Class: 9K(128K)->9K(128K)
[35.484s][info   ][gc             ] GC(492) Pause Young (Allocation Failure) 1250M->1032M(1844M) 42.097ms
[35.484s][info   ][gc,cpu         ] GC(492) User=0.16s Sys=0.00s Real=0.04s
[35.520s][info   ][gc,start       ] GC(493) Pause Young (Allocation Failure)
[35.561s][info   ][gc,heap        ] GC(493) PSYoungGen: 472499K(489984K)->182274K(491008K) Eden: 283057K(283136K)->0K(283136K) From: 189442K(206848K)->182274K(207872K)
[35.561s][info   ][gc,heap        ] GC(493) ParOldGen: 867893K(1398272K)->948790K(1398272K)
[35.561s][info   ][gc,metaspace   ] GC(493) Metaspace: 213K(448K)->213K(448K) NonClass: 204K(320K)->204K(320K) Class: 9K(128K)->9K(128K)
[35.561s][info   ][gc             ] GC(493) Pause Young (Allocation Failure) 1308M->1104M(1845M) 40.672ms
[35.561s][info   ][gc,cpu         ] GC(493) User=0.16s Sys=0.00s Real=0.04s
[35.594s][info   ][gc,start       ] GC(494) Pause Young (Allocation Failure)
[35.636s][info   ][gc,heap        ] GC(494) PSYoungGen: 465332K(491008K)->178178K(495104K) Eden: 283058K(283136K)->0K(289280K) From: 182274K(207872K)->178178K(205824K)
[35.636s][info   ][gc,heap        ] GC(494) ParOldGen: 948790K(1398272K)->1024567K(1398272K)
[35.636s][info   ][gc,metaspace   ] GC(494) Metaspace: 213K(448K)->213K(448K) NonClass: 204K(320K)->204K(320K) Class: 9K(128K)->9K(128K)
[35.636s][info   ][gc             ] GC(494) Pause Young (Allocation Failure) 1380M->1174M(1849M) 41.839ms
[35.636s][info   ][gc,cpu         ] GC(494) User=0.16s Sys=0.00s Real=0.05s
[35.671s][info   ][gc,start       ] GC(495) Pause Young (Allocation Failure)
[35.707s][info   ][gc,heap        ] GC(495) PSYoungGen: 466477K(495104K)->161794K(493056K) Eden: 288299K(289280K)->0K(289280K) From: 178178K(205824K)->161794K(203776K)
[35.707s][info   ][gc,heap        ] GC(495) ParOldGen: 1024567K(1398272K)->1091128K(1398272K)
[35.707s][info   ][gc,metaspace   ] GC(495) Metaspace: 213K(448K)->213K(448K) NonClass: 204K(320K)->204K(320K) Class: 9K(128K)->9K(128K)
[35.707s][info   ][gc             ] GC(495) Pause Young (Allocation Failure) 1456M->1223M(1847M) 35.970ms
[35.707s][info   ][gc,cpu         ] GC(495) User=0.13s Sys=0.00s Real=0.04s
[35.744s][info   ][gc,start       ] GC(496) Pause Young (Allocation Failure)
[35.779s][info   ][gc,heap        ] GC(496) PSYoungGen: 450093K(493056K)->171010K(495616K) Eden: 288299K(289280K)->0K(290816K) From: 161794K(203776K)->171010K(204800K)
[35.779s][info   ][gc,heap        ] GC(496) ParOldGen: 1091128K(1398272K)->1133113K(1398272K)
[35.779s][info   ][gc,metaspace   ] GC(496) Metaspace: 213K(448K)->213K(448K) NonClass: 204K(320K)->204K(320K) Class: 9K(128K)->9K(128K)
[35.779s][info   ][gc             ] GC(496) Pause Young (Allocation Failure) 1505M->1273M(1849M) 34.830ms
[35.779s][info   ][gc,cpu         ] GC(496) User=0.13s Sys=0.00s Real=0.04s
[35.816s][info   ][gc,start       ] GC(497) Pause Young (Allocation Failure)
[35.851s][info   ][gc,heap        ] GC(497) PSYoungGen: 461388K(495616K)->168962K(494080K) Eden: 290377K(290816K)->0K(290816K) From: 171010K(204800K)->168962K(203264K)
[35.851s][info   ][gc,heap        ] GC(497) ParOldGen: 1133113K(1398272K)->1190458K(1398272K)
[35.851s][info   ][gc,metaspace   ] GC(497) Metaspace: 213K(448K)->213K(448K) NonClass: 204K(320K)->204K(320K) Class: 9K(128K)->9K(128K)
[35.851s][info   ][gc             ] GC(497) Pause Young (Allocation Failure) 1557M->1327M(1848M) 34.773ms
[35.851s][info   ][gc,cpu         ] GC(497) User=0.14s Sys=0.01s Real=0.03s
[35.885s][info   ][gc,start       ] GC(498) Pause Young (Allocation Failure)
[35.923s][info   ][gc,heap        ] GC(498) PSYoungGen: 459340K(494080K)->184322K(495616K) Eden: 290378K(290816K)->0K(293376K) From: 168962K(203264K)->184322K(202240K)
[35.923s][info   ][gc,heap        ] GC(498) ParOldGen: 1190458K(1398272K)->1260091K(1398272K)
[35.923s][info   ][gc,metaspace   ] GC(498) Metaspace: 213K(448K)->213K(448K) NonClass: 204K(320K)->204K(320K) Class: 9K(128K)->9K(128K)
[35.923s][info   ][gc             ] GC(498) Pause Young (Allocation Failure) 1611M->1410M(1849M) 38.064ms
[35.923s][info   ][gc,cpu         ] GC(498) User=0.15s Sys=0.00s Real=0.04s
[35.959s][info   ][gc,start       ] GC(499) Pause Young (Allocation Failure)
[35.999s][info   ][gc,heap        ] GC(499) PSYoungGen: 476799K(495616K)->187394K(481280K) Eden: 292476K(293376K)->0K(293376K) From: 184322K(202240K)->187394K(187904K)
[35.999s][info   ][gc,heap        ] GC(499) ParOldGen: 1260091K(1398272K)->1340988K(1398272K)
[35.999s][info   ][gc,metaspace   ] GC(499) Metaspace: 213K(448K)->213K(448K) NonClass: 204K(320K)->204K(320K) Class: 9K(128K)->9K(128K)
[35.999s][info   ][gc             ] GC(499) Pause Young (Allocation Failure) 1696M->1492M(1835M) 39.934ms
[35.999s][info   ][gc,cpu         ] GC(499) User=0.15s Sys=0.00s Real=0.04s
[35.999s][info   ][gc,start       ] GC(500) Pause Full (Ergonomics)
[35.999s][info   ][gc,phases,start] GC(500) Marking Phase
[36.000s][info   ][gc,phases      ] GC(500) Marking Phase 0.822ms
[36.000s][info   ][gc,phases,start] GC(500) Summary Phase
[36.000s][info   ][gc,phases      ] GC(500) Summary Phase 0.029ms
[36.000s][info   ][gc,phases,start] GC(500) Adjust Roots
[36.000s][info   ][gc,phases      ] GC(500) Adjust Roots 0.182ms
[36.000s][info   ][gc,phases,start] GC(500) Compaction Phase
[36.036s][info   ][gc,phases      ] GC(500) Compaction Phase 36.299ms
[36.036s][info   ][gc,phases,start] GC(500) Post Compact
[36.043s][info   ][gc,phases      ] GC(500) Post Compact 6.905ms
[36.043s][info   ][gc,heap        ] GC(500) PSYoungGen: 187394K(481280K)->0K(495104K) Eden: 0K(293376K)->0K(291328K) From: 187394K(187904K)->0K(203776K)
[36.043s][info   ][gc,heap        ] GC(500) ParOldGen: 1340988K(1398272K)->324141K(1398272K)
[36.043s][info   ][gc,metaspace   ] GC(500) Metaspace: 213K(448K)->213K(448K) NonClass: 204K(320K)->204K(320K) Class: 9K(128K)->9K(128K)
[36.043s][info   ][gc             ] GC(500) Pause Full (Ergonomics) 1492M->316M(1849M) 44.455ms
[36.043s][info   ][gc,cpu         ] GC(500) User=0.15s Sys=0.00s Real=0.04s
[36.078s][info   ][gc,start       ] GC(501) Pause Young (Allocation Failure)
[36.109s][info   ][gc,heap        ] GC(501) PSYoungGen: 290388K(495104K)->202755K(494592K) Eden: 290388K(291328K)->0K(291328K) From: 0K(203776K)->202755K(203264K)
[36.109s][info   ][gc,heap        ] GC(501) ParOldGen: 324141K(1398272K)->331309K(1398272K)
[36.109s][info   ][gc,metaspace   ] GC(501) Metaspace: 213K(448K)->213K(448K) NonClass: 204K(320K)->204K(320K) Class: 9K(128K)->9K(128K)
[36.109s][info   ][gc             ] GC(501) Pause Young (Allocation Failure) 600M->521M(1848M) 30.990ms
[36.109s][info   ][gc,cpu         ] GC(501) User=0.12s Sys=0.00s Real=0.03s
[36.145s][info   ][gc,start       ] GC(502) Pause Young (Allocation Failure)
[36.190s][info   ][gc,heap        ] GC(502) PSYoungGen: 493085K(494592K)->194562K(478208K) Eden: 290330K(291328K)->0K(273920K) From: 202755K(203264K)->194562K(204288K)
[36.190s][info   ][gc,heap        ] GC(502) ParOldGen: 331309K(1398272K)->427566K(1398272K)
[36.190s][info   ][gc,metaspace   ] GC(502) Metaspace: 213K(448K)->213K(448K) NonClass: 204K(320K)->204K(320K) Class: 9K(128K)->9K(128K)
[36.190s][info   ][gc             ] GC(502) Pause Young (Allocation Failure) 805M->607M(1832M) 45.661ms
[36.190s][info   ][gc,cpu         ] GC(502) User=0.18s Sys=0.01s Real=0.05s
[36.225s][info   ][gc,start       ] GC(503) Pause Young (Allocation Failure)
[36.266s][info   ][gc,heap        ] GC(503) PSYoungGen: 468190K(478208K)->186370K(486400K) Eden: 273627K(273920K)->0K(273920K) From: 194562K(204288K)->186370K(212480K)
[36.266s][info   ][gc,heap        ] GC(503) ParOldGen: 427566K(1398272K)->518704K(1398272K)
[36.266s][info   ][gc,metaspace   ] GC(503) Metaspace: 213K(448K)->213K(448K) NonClass: 204K(320K)->204K(320K) Class: 9K(128K)->9K(128K)
[36.266s][info   ][gc             ] GC(503) Pause Young (Allocation Failure) 874M->688M(1840M) 41.313ms
[36.266s][info   ][gc,cpu         ] GC(503) User=0.16s Sys=0.00s Real=0.05s
[36.299s][info   ][gc,start       ] GC(504) Pause Young (Allocation Failure)
[36.344s][info   ][gc,heap        ] GC(504) PSYoungGen: 460011K(486400K)->204803K(477696K) Eden: 273640K(273920K)->0K(266752K) From: 186370K(212480K)->204803K(210944K)
[36.344s][info   ][gc,heap        ] GC(504) ParOldGen: 518704K(1398272K)->608817K(1398272K)
[36.344s][info   ][gc,metaspace   ] GC(504) Metaspace: 213K(448K)->213K(448K) NonClass: 204K(320K)->204K(320K) Class: 9K(128K)->9K(128K)
[36.344s][info   ][gc             ] GC(504) Pause Young (Allocation Failure) 955M->794M(1832M) 44.892ms
[36.344s][info   ][gc,cpu         ] GC(504) User=0.18s Sys=0.00s Real=0.04s
[36.378s][info   ][gc,start       ] GC(505) Pause Young (Allocation Failure)
[36.422s][info   ][gc,heap        ] GC(505) PSYoungGen: 471143K(477696K)->180226K(482816K) Eden: 266340K(266752K)->0K(266752K) From: 204803K(210944K)->180226K(216064K)
[36.422s][info   ][gc,heap        ] GC(505) ParOldGen: 608817K(1398272K)->711219K(1398272K)
[36.422s][info   ][gc,metaspace   ] GC(505) Metaspace: 213K(448K)->213K(448K) NonClass: 204K(320K)->204K(320K) Class: 9K(128K)->9K(128K)
[36.422s][info   ][gc             ] GC(505) Pause Young (Allocation Failure) 1054M->870M(1837M) 44.446ms
[36.422s][info   ][gc,cpu         ] GC(505) User=0.17s Sys=0.00s Real=0.04s
[36.455s][info   ][gc,start       ] GC(506) Pause Young (Allocation Failure)
[36.503s][info   ][gc,heap        ] GC(506) PSYoungGen: 446571K(482816K)->191490K(485376K) Eden: 266345K(266752K)->0K(271360K) From: 180226K(216064K)->191490K(214016K)
[36.503s][info   ][gc,heap        ] GC(506) ParOldGen: 711219K(1398272K)->803380K(1398272K)
[36.503s][info   ][gc,metaspace   ] GC(506) Metaspace: 213K(448K)->213K(448K) NonClass: 204K(320K)->204K(320K) Class: 9K(128K)->9K(128K)
[36.503s][info   ][gc             ] GC(506) Pause Young (Allocation Failure) 1130M->971M(1839M) 48.125ms
[36.503s][info   ][gc,cpu         ] GC(506) User=0.19s Sys=0.00s Real=0.05s
[36.536s][info   ][gc,start       ] GC(507) Pause Young (Allocation Failure)
[36.579s][info   ][gc,heap        ] GC(507) PSYoungGen: 462025K(485376K)->200707K(472576K) Eden: 270534K(271360K)->0K(271360K) From: 191490K(214016K)->200707K(201216K)
[36.579s][info   ][gc,heap        ] GC(507) ParOldGen: 803380K(1398272K)->888373K(1398272K)
[36.579s][info   ][gc,metaspace   ] GC(507) Metaspace: 213K(448K)->213K(448K) NonClass: 204K(320K)->204K(320K) Class: 9K(128K)->9K(128K)
[36.579s][info   ][gc             ] GC(507) Pause Young (Allocation Failure) 1235M->1063M(1827M) 42.890ms
[36.579s][info   ][gc,cpu         ] GC(507) User=0.17s Sys=0.00s Real=0.04s
[36.614s][info   ][gc,start       ] GC(508) Pause Young (Allocation Failure)
[36.657s][info   ][gc,heap        ] GC(508) PSYoungGen: 471243K(472576K)->178178K(483840K) Eden: 270536K(271360K)->0K(267264K) From: 200707K(201216K)->178178K(216576K)
[36.657s][info   ][gc,heap        ] GC(508) ParOldGen: 888373K(1398272K)->987703K(1398272K)
[36.657s][info   ][gc,metaspace   ] GC(508) Metaspace: 213K(448K)->213K(448K) NonClass: 204K(320K)->204K(320K) Class: 9K(128K)->9K(128K)
[36.657s][info   ][gc             ] GC(508) Pause Young (Allocation Failure) 1327M->1138M(1838M) 43.132ms
[36.657s][info   ][gc,cpu         ] GC(508) User=0.16s Sys=0.00s Real=0.05s
[36.689s][info   ][gc,start       ] GC(509) Pause Young (Allocation Failure)
[36.734s][info   ][gc,heap        ] GC(509) PSYoungGen: 444540K(483840K)->196611K(482304K) Eden: 266361K(267264K)->0K(267264K) From: 178178K(216576K)->196611K(215040K)
[36.735s][info   ][gc,heap        ] GC(509) ParOldGen: 987703K(1398272K)->1079864K(1398272K)
[36.735s][info   ][gc,metaspace   ] GC(509) Metaspace: 213K(448K)->213K(448K) NonClass: 204K(320K)->204K(320K) Class: 9K(128K)->9K(128K)
[36.735s][info   ][gc             ] GC(509) Pause Young (Allocation Failure) 1398M->1246M(1836M) 45.685ms
[36.735s][info   ][gc,cpu         ] GC(509) User=0.18s Sys=0.00s Real=0.04s
[36.770s][info   ][gc,start       ] GC(510) Pause Young (Allocation Failure)
[36.811s][info   ][gc,heap        ] GC(510) PSYoungGen: 462973K(482304K)->176130K(483840K) Eden: 266362K(267264K)->0K(267776K) From: 196611K(215040K)->176130K(216064K)
[36.812s][info   ][gc,heap        ] GC(510) ParOldGen: 1079864K(1398272K)->1169978K(1398272K)
[36.812s][info   ][gc,metaspace   ] GC(510) Metaspace: 213K(448K)->213K(448K) NonClass: 204K(320K)->204K(320K) Class: 9K(128K)->9K(128K)
[36.812s][info   ][gc             ] GC(510) Pause Young (Allocation Failure) 1506M->1314M(1838M) 41.463ms
[36.812s][info   ][gc,cpu         ] GC(510) User=0.16s Sys=0.00s Real=0.04s
[36.844s][info   ][gc,start       ] GC(511) Pause Young (Allocation Failure)
[36.884s][info   ][gc,heap        ] GC(511) PSYoungGen: 443527K(483840K)->185346K(482816K) Eden: 267397K(267776K)->0K(267776K) From: 176130K(216064K)->185346K(215040K)
[36.884s][info   ][gc,heap        ] GC(511) ParOldGen: 1169978K(1398272K)->1245755K(1398272K)
[36.884s][info   ][gc,metaspace   ] GC(511) Metaspace: 213K(448K)->213K(448K) NonClass: 204K(320K)->204K(320K) Class: 9K(128K)->9K(128K)
[36.884s][info   ][gc             ] GC(511) Pause Young (Allocation Failure) 1575M->1397M(1837M) 39.776ms
[36.884s][info   ][gc,cpu         ] GC(511) User=0.15s Sys=0.00s Real=0.04s
[36.917s][info   ][gc,start       ] GC(512) Pause Young (Allocation Failure)
[36.958s][info   ][gc,heap        ] GC(512) PSYoungGen: 452744K(482816K)->174082K(487424K) Eden: 267397K(267776K)->0K(274944K) From: 185346K(215040K)->174082K(212480K)
[36.958s][info   ][gc,heap        ] GC(512) ParOldGen: 1245755K(1398272K)->1309244K(1398272K)
[36.958s][info   ][gc,metaspace   ] GC(512) Metaspace: 213K(448K)->213K(448K) NonClass: 204K(320K)->204K(320K) Class: 9K(128K)->9K(128K)
[36.958s][info   ][gc             ] GC(512) Pause Young (Allocation Failure) 1658M->1448M(1841M) 41.735ms
[36.958s][info   ][gc,cpu         ] GC(512) User=0.16s Sys=0.00s Real=0.04s
[36.959s][info   ][gc,start       ] GC(513) Pause Full (Ergonomics)
[36.959s][info   ][gc,phases,start] GC(513) Marking Phase
[36.960s][info   ][gc,phases      ] GC(513) Marking Phase 0.989ms
[36.960s][info   ][gc,phases,start] GC(513) Summary Phase
[36.960s][info   ][gc,phases      ] GC(513) Summary Phase 0.026ms
[36.960s][info   ][gc,phases,start] GC(513) Adjust Roots
[36.960s][info   ][gc,phases      ] GC(513) Adjust Roots 0.192ms
[36.960s][info   ][gc,phases,start] GC(513) Compaction Phase
[36.992s][info   ][gc,phases      ] GC(513) Compaction Phase 32.612ms
[36.992s][info   ][gc,phases,start] GC(513) Post Compact
[36.999s][info   ][gc,phases      ] GC(513) Post Compact 6.290ms
[36.999s][info   ][gc,heap        ] GC(513) PSYoungGen: 174082K(487424K)->0K(486400K) Eden: 0K(274944K)->0K(274944K) From: 174082K(212480K)->0K(211456K)
[36.999s][info   ][gc,heap        ] GC(513) ParOldGen: 1309244K(1398272K)->287276K(1398272K)
[36.999s][info   ][gc,metaspace   ] GC(513) Metaspace: 213K(448K)->213K(448K) NonClass: 204K(320K)->204K(320K) Class: 9K(128K)->9K(128K)
[36.999s][info   ][gc             ] GC(513) Pause Full (Ergonomics) 1448M->280M(1840M) 40.345ms
[36.999s][info   ][gc,cpu         ] GC(513) User=0.14s Sys=0.00s Real=0.04s
[37.037s][info   ][gc,start       ] GC(514) Pause Young (Allocation Failure)
[37.068s][info   ][gc,heap        ] GC(514) PSYoungGen: 274706K(486400K)->202755K(479232K) Eden: 274706K(274944K)->0K(267776K) From: 0K(211456K)->202755K(211456K)
[37.068s][info   ][gc,heap        ] GC(514) ParOldGen: 287276K(1398272K)->287276K(1398272K)
[37.068s][info   ][gc,metaspace   ] GC(514) Metaspace: 213K(448K)->213K(448K) NonClass: 204K(320K)->204K(320K) Class: 9K(128K)->9K(128K)
[37.068s][info   ][gc             ] GC(514) Pause Young (Allocation Failure) 548M->478M(1833M) 31.257ms
[37.068s][info   ][gc,cpu         ] GC(514) User=0.12s Sys=0.00s Real=0.03s
[37.103s][info   ][gc,start       ] GC(515) Pause Young (Allocation Failure)
[37.147s][info   ][gc,heap        ] GC(515) PSYoungGen: 470097K(479232K)->178178K(483328K) Eden: 267342K(267776K)->0K(267776K) From: 202755K(211456K)->178178K(215552K)
[37.147s][info   ][gc,heap        ] GC(515) ParOldGen: 287276K(1398272K)->375341K(1398272K)
[37.147s][info   ][gc,metaspace   ] GC(515) Metaspace: 213K(448K)->213K(448K) NonClass: 204K(320K)->204K(320K) Class: 9K(128K)->9K(128K)
[37.147s][info   ][gc             ] GC(515) Pause Young (Allocation Failure) 739M->540M(1837M) 43.671ms
[37.147s][info   ][gc,cpu         ] GC(515) User=0.17s Sys=0.01s Real=0.05s
[37.180s][info   ][gc,start       ] GC(516) Pause Young (Allocation Failure)
[37.222s][info   ][gc,heap        ] GC(516) PSYoungGen: 445540K(483328K)->185346K(487424K) Eden: 267362K(267776K)->0K(273408K) From: 178178K(215552K)->185346K(214016K)
[37.222s][info   ][gc,heap        ] GC(516) ParOldGen: 375341K(1398272K)->448047K(1398272K)
[37.222s][info   ][gc,metaspace   ] GC(516) Metaspace: 213K(448K)->213K(448K) NonClass: 204K(320K)->204K(320K) Class: 9K(128K)->9K(128K)
[37.223s][info   ][gc             ] GC(516) Pause Young (Allocation Failure) 801M->618M(1841M) 42.043ms
[37.223s][info   ][gc,cpu         ] GC(516) User=0.17s Sys=0.00s Real=0.04s
[37.255s][info   ][gc,start       ] GC(517) Pause Young (Allocation Failure)
[37.293s][info   ][gc,heap        ] GC(517) PSYoungGen: 457951K(487424K)->169986K(484864K) Eden: 272605K(273408K)->0K(273408K) From: 185346K(214016K)->169986K(211456K)
[37.293s][info   ][gc,heap        ] GC(517) ParOldGen: 448047K(1398272K)->529968K(1398272K)
[37.293s][info   ][gc,metaspace   ] GC(517) Metaspace: 213K(448K)->213K(448K) NonClass: 204K(320K)->204K(320K) Class: 9K(128K)->9K(128K)
[37.293s][info   ][gc             ] GC(517) Pause Young (Allocation Failure) 884M->683M(1839M) 37.777ms
[37.293s][info   ][gc,cpu         ] GC(517) User=0.15s Sys=0.00s Real=0.04s
[37.326s][info   ][gc,start       ] GC(518) Pause Young (Allocation Failure)
[37.361s][info   ][gc,heap        ] GC(518) PSYoungGen: 442600K(484864K)->171010K(487936K) Eden: 272613K(273408K)->0K(276480K) From: 169986K(211456K)->171010K(211456K)
[37.361s][info   ][gc,heap        ] GC(518) ParOldGen: 529968K(1398272K)->592433K(1398272K)
[37.361s][info   ][gc,metaspace   ] GC(518) Metaspace: 213K(448K)->213K(448K) NonClass: 204K(320K)->204K(320K) Class: 9K(128K)->9K(128K)
[37.361s][info   ][gc             ] GC(518) Pause Young (Allocation Failure) 949M->745M(1842M) 34.998ms
[37.361s][info   ][gc,cpu         ] GC(518) User=0.14s Sys=0.00s Real=0.03s
[37.394s][info   ][gc,start       ] GC(519) Pause Young (Allocation Failure)
[37.429s][info   ][gc,heap        ] GC(519) PSYoungGen: 446761K(487936K)->171010K(487424K) Eden: 275751K(276480K)->0K(276480K) From: 171010K(211456K)->171010K(210944K)
[37.429s][info   ][gc,heap        ] GC(519) ParOldGen: 592433K(1398272K)->656946K(1398272K)
[37.429s][info   ][gc,metaspace   ] GC(519) Metaspace: 213K(448K)->213K(448K) NonClass: 204K(320K)->204K(320K) Class: 9K(128K)->9K(128K)
[37.429s][info   ][gc             ] GC(519) Pause Young (Allocation Failure) 1014M->808M(1841M) 34.912ms
[37.429s][info   ][gc,cpu         ] GC(519) User=0.14s Sys=0.00s Real=0.04s
[37.462s][info   ][gc,start       ] GC(520) Pause Young (Allocation Failure)
[37.496s][info   ][gc,heap        ] GC(520) PSYoungGen: 446765K(487424K)->164866K(488960K) Eden: 275754K(276480K)->0K(279040K) From: 171010K(210944K)->164866K(209920K)
[37.496s][info   ][gc,heap        ] GC(520) ParOldGen: 656946K(1398272K)->717363K(1398272K)
[37.496s][info   ][gc,metaspace   ] GC(520) Metaspace: 213K(448K)->213K(448K) NonClass: 204K(320K)->204K(320K) Class: 9K(128K)->9K(128K)
[37.496s][info   ][gc             ] GC(520) Pause Young (Allocation Failure) 1077M->861M(1843M) 33.666ms
[37.496s][info   ][gc,cpu         ] GC(520) User=0.13s Sys=0.01s Real=0.04s
[37.532s][info   ][gc,start       ] GC(521) Pause Young (Allocation Failure)
[37.572s][info   ][gc,heap        ] GC(521) PSYoungGen: 443745K(488960K)->189442K(468992K) Eden: 278879K(279040K)->0K(279040K) From: 164866K(209920K)->189442K(189952K)
[37.572s][info   ][gc,heap        ] GC(521) ParOldGen: 717363K(1398272K)->796212K(1398272K)
[37.572s][info   ][gc,metaspace   ] GC(521) Metaspace: 213K(448K)->213K(448K) NonClass: 204K(320K)->204K(320K) Class: 9K(128K)->9K(128K)
[37.573s][info   ][gc             ] GC(521) Pause Young (Allocation Failure) 1133M->962M(1823M) 40.304ms
[37.573s][info   ][gc,cpu         ] GC(521) User=0.16s Sys=0.00s Real=0.04s
[37.605s][info   ][gc,start       ] GC(522) Pause Young (Allocation Failure)
[37.644s][info   ][gc,heap        ] GC(522) PSYoungGen: 468323K(468992K)->193538K(484864K) Eden: 278880K(279040K)->0K(273920K) From: 189442K(189952K)->193538K(210944K)
[37.644s][info   ][gc,heap        ] GC(522) ParOldGen: 796212K(1398272K)->856629K(1398272K)
[37.644s][info   ][gc,metaspace   ] GC(522) Metaspace: 213K(448K)->213K(448K) NonClass: 204K(320K)->204K(320K) Class: 9K(128K)->9K(128K)
[37.644s][info   ][gc             ] GC(522) Pause Young (Allocation Failure) 1234M->1025M(1839M) 38.649ms
[37.644s][info   ][gc,cpu         ] GC(522) User=0.15s Sys=0.00s Real=0.04s
[37.677s][info   ][gc,start       ] GC(523) Pause Young (Allocation Failure)
[37.720s][info   ][gc,heap        ] GC(523) PSYoungGen: 467200K(484864K)->180226K(486400K) Eden: 273661K(273920K)->0K(273920K) From: 193538K(210944K)->180226K(212480K)
[37.720s][info   ][gc,heap        ] GC(523) ParOldGen: 856629K(1398272K)->931382K(1398272K)
[37.720s][info   ][gc,metaspace   ] GC(523) Metaspace: 213K(448K)->213K(448K) NonClass: 204K(320K)->204K(320K) Class: 9K(128K)->9K(128K)
[37.720s][info   ][gc             ] GC(523) Pause Young (Allocation Failure) 1292M->1085M(1840M) 42.829ms
[37.720s][info   ][gc,cpu         ] GC(523) User=0.17s Sys=0.00s Real=0.04s
[37.754s][info   ][gc,start       ] GC(524) Pause Young (Allocation Failure)
[37.793s][info   ][gc,heap        ] GC(524) PSYoungGen: 453888K(486400K)->189442K(488960K) Eden: 273661K(273920K)->0K(279040K) From: 180226K(212480K)->189442K(209920K)
[37.794s][info   ][gc,heap        ] GC(524) ParOldGen: 931382K(1398272K)->999991K(1398272K)
[37.794s][info   ][gc,metaspace   ] GC(524) Metaspace: 213K(448K)->213K(448K) NonClass: 204K(320K)->204K(320K) Class: 9K(128K)->9K(128K)
[37.794s][info   ][gc             ] GC(524) Pause Young (Allocation Failure) 1352M->1161M(1843M) 39.517ms
[37.794s][info   ][gc,cpu         ] GC(524) User=0.16s Sys=0.00s Real=0.04s
[37.831s][info   ][gc,start       ] GC(525) Pause Young (Allocation Failure)
[37.877s][info   ][gc,heap        ] GC(525) PSYoungGen: 468325K(488960K)->185346K(488960K) Eden: 278882K(279040K)->0K(279040K) From: 189442K(209920K)->185346K(209920K)
[37.877s][info   ][gc,heap        ] GC(525) ParOldGen: 999991K(1398272K)->1086008K(1398272K)
[37.877s][info   ][gc,metaspace   ] GC(525) Metaspace: 213K(448K)->213K(448K) NonClass: 204K(320K)->204K(320K) Class: 9K(128K)->9K(128K)
[37.877s][info   ][gc             ] GC(525) Pause Young (Allocation Failure) 1433M->1241M(1843M) 45.981ms
[37.877s][info   ][gc,cpu         ] GC(525) User=0.17s Sys=0.00s Real=0.05s
[37.916s][info   ][gc,start       ] GC(526) Pause Young (Allocation Failure)
[37.961s][info   ][gc,heap        ] GC(526) PSYoungGen: 464229K(488960K)->191490K(488960K) Eden: 278882K(279040K)->0K(281088K) From: 185346K(209920K)->191490K(207872K)
[37.961s][info   ][gc,heap        ] GC(526) ParOldGen: 1086008K(1398272K)->1162809K(1398272K)
[37.961s][info   ][gc,metaspace   ] GC(526) Metaspace: 213K(448K)->213K(448K) NonClass: 204K(320K)->204K(320K) Class: 9K(128K)->9K(128K)
[37.961s][info   ][gc             ] GC(526) Pause Young (Allocation Failure) 1513M->1322M(1843M) 45.489ms
[37.961s][info   ][gc,cpu         ] GC(526) User=0.17s Sys=0.00s Real=0.05s
[37.996s][info   ][gc,start       ] GC(527) Pause Young (Allocation Failure)
[38.037s][info   ][gc,heap        ] GC(527) PSYoungGen: 472462K(488960K)->183298K(489984K) Eden: 280971K(281088K)->0K(281088K) From: 191490K(207872K)->183298K(208896K)
[38.037s][info   ][gc,heap        ] GC(527) ParOldGen: 1162809K(1398272K)->1253947K(1398272K)
[38.037s][info   ][gc,metaspace   ] GC(527) Metaspace: 213K(448K)->213K(448K) NonClass: 204K(320K)->204K(320K) Class: 9K(128K)->9K(128K)
[38.037s][info   ][gc             ] GC(527) Pause Young (Allocation Failure) 1596M->1403M(1844M) 40.793ms
[38.037s][info   ][gc,cpu         ] GC(527) User=0.16s Sys=0.01s Real=0.04s
[38.071s][info   ][gc,start       ] GC(528) Pause Young (Allocation Failure)
[38.117s][info   ][gc,heap        ] GC(528) PSYoungGen: 464270K(489984K)->187394K(493568K) Eden: 280971K(281088K)->0K(287232K) From: 183298K(208896K)->187394K(206336K)
[38.117s][info   ][gc,heap        ] GC(528) ParOldGen: 1253947K(1398272K)->1336892K(1398272K)
[38.117s][info   ][gc,metaspace   ] GC(528) Metaspace: 213K(448K)->213K(448K) NonClass: 204K(320K)->204K(320K) Class: 9K(128K)->9K(128K)
[38.117s][info   ][gc             ] GC(528) Pause Young (Allocation Failure) 1677M->1488M(1847M) 45.648ms
[38.117s][info   ][gc,cpu         ] GC(528) User=0.17s Sys=0.00s Real=0.05s
[38.117s][info   ][gc,start       ] GC(529) Pause Full (Ergonomics)
[38.117s][info   ][gc,phases,start] GC(529) Marking Phase
[38.118s][info   ][gc,phases      ] GC(529) Marking Phase 1.036ms
[38.118s][info   ][gc,phases,start] GC(529) Summary Phase
[38.118s][info   ][gc,phases      ] GC(529) Summary Phase 0.023ms
[38.118s][info   ][gc,phases,start] GC(529) Adjust Roots
[38.118s][info   ][gc,phases      ] GC(529) Adjust Roots 0.187ms
[38.118s][info   ][gc,phases,start] GC(529) Compaction Phase
[38.158s][info   ][gc,phases      ] GC(529) Compaction Phase 40.209ms
[38.158s][info   ][gc,phases,start] GC(529) Post Compact
[38.166s][info   ][gc,phases      ] GC(529) Post Compact 7.444ms
[38.166s][info   ][gc,heap        ] GC(529) PSYoungGen: 187394K(493568K)->0K(492544K) Eden: 0K(287232K)->0K(287232K) From: 187394K(206336K)->0K(205312K)
[38.166s][info   ][gc,heap        ] GC(529) ParOldGen: 1336892K(1398272K)->329261K(1398272K)
[38.166s][info   ][gc,metaspace   ] GC(529) Metaspace: 213K(448K)->213K(448K) NonClass: 204K(320K)->204K(320K) Class: 9K(128K)->9K(128K)
[38.166s][info   ][gc             ] GC(529) Pause Full (Ergonomics) 1488M->321M(1846M) 49.273ms
[38.166s][info   ][gc,cpu         ] GC(529) User=0.17s Sys=0.00s Real=0.05s
[38.204s][info   ][gc,start       ] GC(530) Pause Young (Allocation Failure)
[38.234s][info   ][gc,heap        ] GC(530) PSYoungGen: 286212K(492544K)->195586K(489472K) Eden: 286212K(287232K)->0K(284160K) From: 0K(205312K)->195586K(205312K)
[38.234s][info   ][gc,heap        ] GC(530) ParOldGen: 329261K(1398272K)->329261K(1398272K)
[38.234s][info   ][gc,metaspace   ] GC(530) Metaspace: 213K(448K)->213K(448K) NonClass: 204K(320K)->204K(320K) Class: 9K(128K)->9K(128K)
[38.234s][info   ][gc             ] GC(530) Pause Young (Allocation Failure) 601M->512M(1843M) 29.936ms
[38.234s][info   ][gc,cpu         ] GC(530) User=0.12s Sys=0.00s Real=0.03s
[38.271s][info   ][gc,start       ] GC(531) Pause Young (Allocation Failure)
[38.318s][info   ][gc,heap        ] GC(531) PSYoungGen: 479633K(489472K)->206851K(491520K) Eden: 284046K(284160K)->0K(284160K) From: 195586K(205312K)->206851K(207360K)
[38.318s][info   ][gc,heap        ] GC(531) ParOldGen: 329261K(1398272K)->434734K(1398272K)
[38.318s][info   ][gc,metaspace   ] GC(531) Metaspace: 213K(448K)->213K(448K) NonClass: 204K(320K)->204K(320K) Class: 9K(128K)->9K(128K)
[38.318s][info   ][gc             ] GC(531) Pause Young (Allocation Failure) 789M->626M(1845M) 47.211ms
[38.318s][info   ][gc,cpu         ] GC(531) User=0.19s Sys=0.00s Real=0.05s
[38.354s][info   ][gc,start       ] GC(532) Pause Young (Allocation Failure)
[38.407s][info   ][gc,heap        ] GC(532) PSYoungGen: 490918K(491520K)->206851K(470016K) Eden: 284067K(284160K)->0K(262656K) From: 206851K(207360K)->206851K(207360K)
[38.408s][info   ][gc,heap        ] GC(532) ParOldGen: 434734K(1398272K)->552496K(1398272K)
[38.408s][info   ][gc,metaspace   ] GC(532) Metaspace: 213K(448K)->213K(448K) NonClass: 204K(320K)->204K(320K) Class: 9K(128K)->9K(128K)
[38.408s][info   ][gc             ] GC(532) Pause Young (Allocation Failure) 903M->741M(1824M) 54.115ms
[38.408s][info   ][gc,cpu         ] GC(532) User=0.21s Sys=0.00s Real=0.06s
[38.441s][info   ][gc,start       ] GC(533) Pause Young (Allocation Failure)
[38.495s][info   ][gc,heap        ] GC(533) PSYoungGen: 469007K(470016K)->211971K(475136K) Eden: 262156K(262656K)->0K(262656K) From: 206851K(207360K)->211971K(212480K)
[38.496s][info   ][gc,heap        ] GC(533) ParOldGen: 552496K(1398272K)->677426K(1398272K)
[38.496s][info   ][gc,metaspace   ] GC(533) Metaspace: 213K(448K)->213K(448K) NonClass: 204K(320K)->204K(320K) Class: 9K(128K)->9K(128K)
[38.496s][info   ][gc             ] GC(533) Pause Young (Allocation Failure) 997M->868M(1829M) 54.322ms
[38.496s][info   ][gc,cpu         ] GC(533) User=0.21s Sys=0.00s Real=0.05s
[38.530s][info   ][gc,start       ] GC(534) Pause Young (Allocation Failure)
[38.579s][info   ][gc,heap        ] GC(534) PSYoungGen: 474135K(475136K)->192514K(478208K) Eden: 262163K(262656K)->0K(254464K) From: 211971K(212480K)->192514K(223744K)
[38.579s][info   ][gc,heap        ] GC(534) ParOldGen: 677426K(1398272K)->804404K(1398272K)
[38.579s][info   ][gc,metaspace   ] GC(534) Metaspace: 213K(448K)->213K(448K) NonClass: 204K(320K)->204K(320K) Class: 9K(128K)->9K(128K)
[38.579s][info   ][gc             ] GC(534) Pause Young (Allocation Failure) 1124M->973M(1832M) 48.982ms
[38.579s][info   ][gc,cpu         ] GC(534) User=0.20s Sys=0.00s Real=0.05s
[38.611s][info   ][gc,start       ] GC(535) Pause Young (Allocation Failure)
[38.665s][info   ][gc,heap        ] GC(535) PSYoungGen: 446331K(478208K)->201731K(475136K) Eden: 253816K(254464K)->0K(254464K) From: 192514K(223744K)->201731K(220672K)
[38.665s][info   ][gc,heap        ] GC(535) ParOldGen: 804404K(1398272K)->927286K(1398272K)
[38.665s][info   ][gc,metaspace   ] GC(535) Metaspace: 213K(448K)->213K(448K) NonClass: 204K(320K)->204K(320K) Class: 9K(128K)->9K(128K)
[38.665s][info   ][gc             ] GC(535) Pause Young (Allocation Failure) 1221M->1102M(1829M) 54.270ms
[38.665s][info   ][gc,cpu         ] GC(535) User=0.20s Sys=0.00s Real=0.05s
[38.698s][info   ][gc,start       ] GC(536) Pause Young (Allocation Failure)
[38.750s][info   ][gc,heap        ] GC(536) PSYoungGen: 455550K(475136K)->196611K(478720K) Eden: 253819K(254464K)->0K(257024K) From: 201731K(220672K)->196611K(221696K)
[38.750s][info   ][gc,heap        ] GC(536) ParOldGen: 927286K(1398272K)->1060408K(1398272K)
[38.750s][info   ][gc,metaspace   ] GC(536) Metaspace: 213K(448K)->213K(448K) NonClass: 204K(320K)->204K(320K) Class: 9K(128K)->9K(128K)
[38.751s][info   ][gc             ] GC(536) Pause Young (Allocation Failure) 1350M->1227M(1833M) 52.970ms
[38.751s][info   ][gc,cpu         ] GC(536) User=0.20s Sys=0.01s Real=0.05s
[38.785s][info   ][gc,start       ] GC(537) Pause Young (Allocation Failure)
[38.831s][info   ][gc,heap        ] GC(537) PSYoungGen: 453554K(478720K)->192514K(477184K) Eden: 256943K(257024K)->0K(257024K) From: 196611K(221696K)->192514K(220160K)
[38.831s][info   ][gc,heap        ] GC(537) ParOldGen: 1060408K(1398272K)->1176122K(1398272K)
[38.831s][info   ][gc,metaspace   ] GC(537) Metaspace: 213K(448K)->213K(448K) NonClass: 204K(320K)->204K(320K) Class: 9K(128K)->9K(128K)
[38.832s][info   ][gc             ] GC(537) Pause Young (Allocation Failure) 1478M->1336M(1831M) 46.444ms
[38.832s][info   ][gc,cpu         ] GC(537) User=0.18s Sys=0.00s Real=0.05s
[38.862s][info   ][gc,start       ] GC(538) Pause Young (Allocation Failure)
[38.912s][info   ][gc,heap        ] GC(538) PSYoungGen: 449459K(477184K)->210947K(473088K) Eden: 256945K(257024K)->0K(255488K) From: 192514K(220160K)->210947K(217600K)
[38.912s][info   ][gc,heap        ] GC(538) ParOldGen: 1176122K(1398272K)->1297979K(1398272K)
[38.912s][info   ][gc,metaspace   ] GC(538) Metaspace: 213K(448K)->213K(448K) NonClass: 204K(320K)->204K(320K) Class: 9K(128K)->9K(128K)
[38.912s][info   ][gc             ] GC(538) Pause Young (Allocation Failure) 1587M->1473M(1827M) 49.854ms
[38.912s][info   ][gc,cpu         ] GC(538) User=0.19s Sys=0.00s Real=0.05s
[38.912s][info   ][gc,start       ] GC(539) Pause Full (Ergonomics)
[38.912s][info   ][gc,phases,start] GC(539) Marking Phase
[38.913s][info   ][gc,phases      ] GC(539) Marking Phase 0.893ms
[38.913s][info   ][gc,phases,start] GC(539) Summary Phase
[38.913s][info   ][gc,phases      ] GC(539) Summary Phase 0.024ms
[38.913s][info   ][gc,phases,start] GC(539) Adjust Roots
[38.913s][info   ][gc,phases      ] GC(539) Adjust Roots 0.159ms
[38.913s][info   ][gc,phases,start] GC(539) Compaction Phase
[38.976s][info   ][gc,phases      ] GC(539) Compaction Phase 62.478ms
[38.976s][info   ][gc,phases,start] GC(539) Post Compact
[38.982s][info   ][gc,phases      ] GC(539) Post Compact 6.437ms
[38.982s][info   ][gc,heap        ] GC(539) PSYoungGen: 210947K(473088K)->0K(477184K) Eden: 0K(255488K)->0K(255488K) From: 210947K(217600K)->0K(221696K)
[38.982s][info   ][gc,heap        ] GC(539) ParOldGen: 1297979K(1398272K)->547376K(1398272K)
[38.982s][info   ][gc,metaspace   ] GC(539) Metaspace: 213K(448K)->213K(448K) NonClass: 204K(320K)->204K(320K) Class: 9K(128K)->9K(128K)
[38.982s][info   ][gc             ] GC(539) Pause Full (Ergonomics) 1473M->534M(1831M) 70.296ms
[38.982s][info   ][gc,cpu         ] GC(539) User=0.25s Sys=0.00s Real=0.07s
[39.013s][info   ][gc,start       ] GC(540) Pause Young (Allocation Failure)
[39.046s][info   ][gc,heap        ] GC(540) PSYoungGen: 254867K(477184K)->215043K(467968K) Eden: 254867K(255488K)->0K(246272K) From: 0K(221696K)->215043K(221696K)
[39.046s][info   ][gc,heap        ] GC(540) ParOldGen: 547376K(1398272K)->547376K(1398272K)
[39.046s][info   ][gc,metaspace   ] GC(540) Metaspace: 213K(448K)->213K(448K) NonClass: 204K(320K)->204K(320K) Class: 9K(128K)->9K(128K)
[39.046s][info   ][gc             ] GC(540) Pause Young (Allocation Failure) 783M->744M(1822M) 32.686ms
[39.046s][info   ][gc,cpu         ] GC(540) User=0.13s Sys=0.00s Real=0.04s
[39.075s][info   ][gc,start       ] GC(541) Pause Young (Allocation Failure)
[39.125s][info   ][gc,heap        ] GC(541) PSYoungGen: 460459K(467968K)->194562K(472576K) Eden: 245416K(246272K)->0K(246272K) From: 215043K(221696K)->194562K(226304K)
[39.125s][info   ][gc,heap        ] GC(541) ParOldGen: 547376K(1398272K)->691762K(1398272K)
[39.125s][info   ][gc,metaspace   ] GC(541) Metaspace: 213K(448K)->213K(448K) NonClass: 204K(320K)->204K(320K) Class: 9K(128K)->9K(128K)
[39.125s][info   ][gc             ] GC(541) Pause Young (Allocation Failure) 984M->865M(1827M) 50.054ms
[39.125s][info   ][gc,cpu         ] GC(541) User=0.19s Sys=0.00s Real=0.05s
[39.158s][info   ][gc,start       ] GC(542) Pause Young (Allocation Failure)
[39.205s][info   ][gc,heap        ] GC(542) PSYoungGen: 439999K(472576K)->187394K(476160K) Eden: 245436K(246272K)->0K(252416K) From: 194562K(226304K)->187394K(223744K)
[39.205s][info   ][gc,heap        ] GC(542) ParOldGen: 691762K(1398272K)->819764K(1398272K)
[39.205s][info   ][gc,metaspace   ] GC(542) Metaspace: 213K(448K)->213K(448K) NonClass: 204K(320K)->204K(320K) Class: 9K(128K)->9K(128K)
[39.205s][info   ][gc             ] GC(542) Pause Young (Allocation Failure) 1105M->983M(1830M) 47.393ms
[39.205s][info   ][gc,cpu         ] GC(542) User=0.19s Sys=0.00s Real=0.04s
[39.235s][info   ][gc,start       ] GC(543) Pause Young (Allocation Failure)
[39.281s][info   ][gc,heap        ] GC(543) PSYoungGen: 439107K(476160K)->196611K(475136K) Eden: 251712K(252416K)->0K(252416K) From: 187394K(223744K)->196611K(222720K)
[39.281s][info   ][gc,heap        ] GC(543) ParOldGen: 819764K(1398272K)->931382K(1398272K)
[39.281s][info   ][gc,metaspace   ] GC(543) Metaspace: 213K(448K)->213K(448K) NonClass: 204K(320K)->204K(320K) Class: 9K(128K)->9K(128K)
[39.281s][info   ][gc             ] GC(543) Pause Young (Allocation Failure) 1229M->1101M(1829M) 45.861ms
[39.281s][info   ][gc,cpu         ] GC(543) User=0.18s Sys=0.00s Real=0.05s
[39.312s][info   ][gc,start       ] GC(544) Pause Young (Allocation Failure)
[39.364s][info   ][gc,heap        ] GC(544) PSYoungGen: 448332K(475136K)->210947K(472064K) Eden: 251721K(252416K)->0K(251392K) From: 196611K(222720K)->210947K(220672K)
[39.364s][info   ][gc,heap        ] GC(544) ParOldGen: 931382K(1398272K)->1061432K(1398272K)
[39.364s][info   ][gc,metaspace   ] GC(544) Metaspace: 213K(448K)->213K(448K) NonClass: 204K(320K)->204K(320K) Class: 9K(128K)->9K(128K)
[39.364s][info   ][gc             ] GC(544) Pause Young (Allocation Failure) 1347M->1242M(1826M) 52.301ms
[39.364s][info   ][gc,cpu         ] GC(544) User=0.21s Sys=0.00s Real=0.05s
[39.394s][info   ][gc,start       ] GC(545) Pause Young (Allocation Failure)
[39.438s][info   ][gc,heap        ] GC(545) PSYoungGen: 461630K(472064K)->180226K(475136K) Eden: 250682K(251392K)->0K(251392K) From: 210947K(220672K)->180226K(223744K)
[39.439s][info   ][gc,heap        ] GC(545) ParOldGen: 1061432K(1398272K)->1186362K(1398272K)
[39.439s][info   ][gc,metaspace   ] GC(545) Metaspace: 213K(448K)->213K(448K) NonClass: 204K(320K)->204K(320K) Class: 9K(128K)->9K(128K)
[39.439s][info   ][gc             ] GC(545) Pause Young (Allocation Failure) 1487M->1334M(1829M) 44.701ms
[39.439s][info   ][gc,cpu         ] GC(545) User=0.18s Sys=0.00s Real=0.05s
[39.468s][info   ][gc,start       ] GC(546) Pause Young (Allocation Failure)
[39.517s][info   ][gc,heap        ] GC(546) PSYoungGen: 430913K(475136K)->199683K(476160K) Eden: 250686K(251392K)->0K(252416K) From: 180226K(223744K)->199683K(223744K)
[39.517s][info   ][gc,heap        ] GC(546) ParOldGen: 1186362K(1398272K)->1310268K(1398272K)
[39.517s][info   ][gc,metaspace   ] GC(546) Metaspace: 213K(448K)->213K(448K) NonClass: 204K(320K)->204K(320K) Class: 9K(128K)->9K(128K)
[39.517s][info   ][gc             ] GC(546) Pause Young (Allocation Failure) 1579M->1474M(1830M) 48.500ms
[39.517s][info   ][gc,cpu         ] GC(546) User=0.19s Sys=0.00s Real=0.05s
[39.517s][info   ][gc,start       ] GC(547) Pause Full (Ergonomics)
[39.517s][info   ][gc,phases,start] GC(547) Marking Phase
[39.518s][info   ][gc,phases      ] GC(547) Marking Phase 0.988ms
[39.518s][info   ][gc,phases,start] GC(547) Summary Phase
[39.518s][info   ][gc,phases      ] GC(547) Summary Phase 0.024ms
[39.518s][info   ][gc,phases,start] GC(547) Adjust Roots
[39.518s][info   ][gc,phases      ] GC(547) Adjust Roots 0.167ms
[39.518s][info   ][gc,phases,start] GC(547) Compaction Phase
[39.579s][info   ][gc,phases      ] GC(547) Compaction Phase 61.385ms
[39.579s][info   ][gc,phases,start] GC(547) Post Compact
[39.586s][info   ][gc,phases      ] GC(547) Post Compact 6.455ms
[39.586s][info   ][gc,heap        ] GC(547) PSYoungGen: 199683K(476160K)->0K(475136K) Eden: 0K(252416K)->0K(252416K) From: 199683K(223744K)->0K(222720K)
[39.586s][info   ][gc,heap        ] GC(547) ParOldGen: 1310268K(1398272K)->542256K(1398272K)
[39.586s][info   ][gc,metaspace   ] GC(547) Metaspace: 213K(448K)->213K(448K) NonClass: 204K(320K)->204K(320K) Class: 9K(128K)->9K(128K)
[39.586s][info   ][gc             ] GC(547) Pause Full (Ergonomics) 1474M->529M(1829M) 69.282ms
[39.586s][info   ][gc,cpu         ] GC(547) User=0.25s Sys=0.00s Real=0.07s
[39.617s][info   ][gc,start       ] GC(548) Pause Young (Allocation Failure)
[39.647s][info   ][gc,heap        ] GC(548) PSYoungGen: 251732K(475136K)->198659K(477696K) Eden: 251732K(252416K)->0K(254976K) From: 0K(222720K)->198659K(222720K)
[39.647s][info   ][gc,heap        ] GC(548) ParOldGen: 542256K(1398272K)->542256K(1398272K)
[39.647s][info   ][gc,metaspace   ] GC(548) Metaspace: 213K(448K)->213K(448K) NonClass: 204K(320K)->204K(320K) Class: 9K(128K)->9K(128K)
[39.647s][info   ][gc             ] GC(548) Pause Young (Allocation Failure) 775M->723M(1832M) 30.339ms
[39.647s][info   ][gc,cpu         ] GC(548) User=0.12s Sys=0.00s Real=0.03s
[39.678s][info   ][gc,start       ] GC(549) Pause Young (Allocation Failure)
[39.728s][info   ][gc,heap        ] GC(549) PSYoungGen: 453457K(477696K)->184322K(476160K) Eden: 254798K(254976K)->0K(254976K) From: 198659K(222720K)->184322K(221184K)
[39.728s][info   ][gc,heap        ] GC(549) ParOldGen: 542256K(1398272K)->670258K(1398272K)
[39.728s][info   ][gc,metaspace   ] GC(549) Metaspace: 213K(448K)->213K(448K) NonClass: 204K(320K)->204K(320K) Class: 9K(128K)->9K(128K)
[39.728s][info   ][gc             ] GC(549) Pause Young (Allocation Failure) 972M->834M(1830M) 50.625ms
[39.728s][info   ][gc,cpu         ] GC(549) User=0.20s Sys=0.00s Real=0.05s
[39.759s][info   ][gc,start       ] GC(550) Pause Young (Allocation Failure)
[39.805s][info   ][gc,heap        ] GC(550) PSYoungGen: 439142K(476160K)->206851K(475136K) Eden: 254820K(254976K)->0K(254464K) From: 184322K(221184K)->206851K(220672K)
[39.805s][info   ][gc,heap        ] GC(550) ParOldGen: 670258K(1398272K)->774707K(1398272K)
[39.805s][info   ][gc,metaspace   ] GC(550) Metaspace: 213K(448K)->213K(448K) NonClass: 204K(320K)->204K(320K) Class: 9K(128K)->9K(128K)
[39.805s][info   ][gc             ] GC(550) Pause Young (Allocation Failure) 1083M->958M(1829M) 45.639ms
[39.805s][info   ][gc,cpu         ] GC(550) User=0.18s Sys=0.00s Real=0.04s
[39.836s][info   ][gc,start       ] GC(551) Pause Young (Allocation Failure)
[39.887s][info   ][gc,heap        ] GC(551) PSYoungGen: 460651K(475136K)->205827K(460800K) Eden: 253800K(254464K)->0K(254464K) From: 206851K(220672K)->205827K(206336K)
[39.887s][info   ][gc,heap        ] GC(551) ParOldGen: 774707K(1398272K)->898613K(1398272K)
[39.887s][info   ][gc,metaspace   ] GC(551) Metaspace: 213K(448K)->213K(448K) NonClass: 204K(320K)->204K(320K) Class: 9K(128K)->9K(128K)
[39.887s][info   ][gc             ] GC(551) Pause Young (Allocation Failure) 1206M->1078M(1815M) 50.876ms
[39.887s][info   ][gc,cpu         ] GC(551) User=0.20s Sys=0.01s Real=0.05s
[39.918s][info   ][gc,start       ] GC(552) Pause Young (Allocation Failure)
[39.972s][info   ][gc,heap        ] GC(552) PSYoungGen: 459636K(460800K)->208899K(471552K) Eden: 253808K(254464K)->0K(248320K) From: 205827K(206336K)->208899K(223232K)
[39.972s][info   ][gc,heap        ] GC(552) ParOldGen: 898613K(1398272K)->1039928K(1398272K)
[39.972s][info   ][gc,metaspace   ] GC(552) Metaspace: 213K(448K)->213K(448K) NonClass: 204K(320K)->204K(320K) Class: 9K(128K)->9K(128K)
[39.972s][info   ][gc             ] GC(552) Pause Young (Allocation Failure) 1326M->1219M(1826M) 53.445ms
[39.972s][info   ][gc,cpu         ] GC(552) User=0.21s Sys=0.00s Real=0.05s
[40.000s][info   ][gc,start       ] GC(553) Pause Young (Allocation Failure)
[40.049s][info   ][gc,heap        ] GC(553) PSYoungGen: 456449K(471552K)->194562K(473600K) Eden: 247550K(248320K)->0K(248320K) From: 208899K(223232K)->194562K(225280K)
[40.049s][info   ][gc,heap        ] GC(553) ParOldGen: 1039928K(1398272K)->1163833K(1398272K)
[40.049s][info   ][gc,metaspace   ] GC(553) Metaspace: 213K(448K)->213K(448K) NonClass: 204K(320K)->204K(320K) Class: 9K(128K)->9K(128K)
[40.049s][info   ][gc             ] GC(553) Pause Young (Allocation Failure) 1461M->1326M(1828M) 48.569ms
[40.049s][info   ][gc,cpu         ] GC(553) User=0.19s Sys=0.00s Real=0.05s
[40.078s][info   ][gc,start       ] GC(554) Pause Young (Allocation Failure)
[40.121s][info   ][gc,heap        ] GC(554) PSYoungGen: 442116K(473600K)->183298K(475648K) Eden: 247553K(248320K)->0K(252416K) From: 194562K(225280K)->183298K(223232K)
[40.121s][info   ][gc,heap        ] GC(554) ParOldGen: 1163833K(1398272K)->1272379K(1398272K)
[40.121s][info   ][gc,metaspace   ] GC(554) Metaspace: 213K(448K)->213K(448K) NonClass: 204K(320K)->204K(320K) Class: 9K(128K)->9K(128K)
[40.121s][info   ][gc             ] GC(554) Pause Young (Allocation Failure) 1568M->1421M(1830M) 43.041ms
[40.121s][info   ][gc,cpu         ] GC(554) User=0.17s Sys=0.00s Real=0.04s
[40.121s][info   ][gc,start       ] GC(555) Pause Full (Ergonomics)
[40.121s][info   ][gc,phases,start] GC(555) Marking Phase
[40.122s][info   ][gc,phases      ] GC(555) Marking Phase 0.749ms
[40.122s][info   ][gc,phases,start] GC(555) Summary Phase
[40.122s][info   ][gc,phases      ] GC(555) Summary Phase 0.022ms
[40.122s][info   ][gc,phases,start] GC(555) Adjust Roots
[40.122s][info   ][gc,phases      ] GC(555) Adjust Roots 0.208ms
[40.122s][info   ][gc,phases,start] GC(555) Compaction Phase
[40.181s][info   ][gc,phases      ] GC(555) Compaction Phase 59.215ms
[40.182s][info   ][gc,phases,start] GC(555) Post Compact
[40.188s][info   ][gc,phases      ] GC(555) Post Compact 6.062ms
[40.188s][info   ][gc,heap        ] GC(555) PSYoungGen: 183298K(475648K)->0K(475648K) Eden: 0K(252416K)->0K(252416K) From: 183298K(223232K)->0K(223232K)
[40.188s][info   ][gc,heap        ] GC(555) ParOldGen: 1272379K(1398272K)->511535K(1398272K)
[40.188s][info   ][gc,metaspace   ] GC(555) Metaspace: 213K(448K)->213K(448K) NonClass: 204K(320K)->204K(320K) Class: 9K(128K)->9K(128K)
[40.188s][info   ][gc             ] GC(555) Pause Full (Ergonomics) 1421M->499M(1830M) 66.495ms
[40.188s][info   ][gc,cpu         ] GC(555) User=0.24s Sys=0.00s Real=0.07s
[40.218s][info   ][gc,start       ] GC(556) Pause Young (Allocation Failure)
[40.248s][info   ][gc,heap        ] GC(556) PSYoungGen: 251732K(475648K)->194562K(478208K) Eden: 251732K(252416K)->0K(254976K) From: 0K(223232K)->194562K(223232K)
[40.248s][info   ][gc,heap        ] GC(556) ParOldGen: 511535K(1398272K)->511535K(1398272K)
[40.248s][info   ][gc,metaspace   ] GC(556) Metaspace: 213K(448K)->213K(448K) NonClass: 204K(320K)->204K(320K) Class: 9K(128K)->9K(128K)
[40.248s][info   ][gc             ] GC(556) Pause Young (Allocation Failure) 745M->689M(1832M) 29.837ms
[40.248s][info   ][gc,cpu         ] GC(556) User=0.12s Sys=0.01s Real=0.03s
[40.278s][info   ][gc,start       ] GC(557) Pause Young (Allocation Failure)
[40.328s][info   ][gc,heap        ] GC(557) PSYoungGen: 449361K(478208K)->206851K(475648K) Eden: 254798K(254976K)->0K(254976K) From: 194562K(223232K)->206851K(220672K)
[40.329s][info   ][gc,heap        ] GC(557) ParOldGen: 511535K(1398272K)->644658K(1398272K)
[40.329s][info   ][gc,metaspace   ] GC(557) Metaspace: 213K(448K)->213K(448K) NonClass: 204K(320K)->204K(320K) Class: 9K(128K)->9K(128K)
[40.329s][info   ][gc             ] GC(557) Pause Young (Allocation Failure) 938M->831M(1830M) 50.828ms
[40.329s][info   ][gc,cpu         ] GC(557) User=0.20s Sys=0.00s Real=0.05s
[40.359s][info   ][gc,start       ] GC(558) Pause Young (Allocation Failure)
[40.411s][info   ][gc,heap        ] GC(558) PSYoungGen: 461671K(475648K)->188418K(477696K) Eden: 254819K(254976K)->0K(255488K) From: 206851K(220672K)->188418K(222208K)
[40.411s][info   ][gc,heap        ] GC(558) ParOldGen: 644658K(1398272K)->785972K(1398272K)
[40.411s][info   ][gc,metaspace   ] GC(558) Metaspace: 213K(448K)->213K(448K) NonClass: 204K(320K)->204K(320K) Class: 9K(128K)->9K(128K)
[40.411s][info   ][gc             ] GC(558) Pause Young (Allocation Failure) 1080M->951M(1832M) 51.738ms
[40.411s][info   ][gc,cpu         ] GC(558) User=0.20s Sys=0.00s Real=0.05s
[40.442s][info   ][gc,start       ] GC(559) Pause Young (Allocation Failure)
[40.491s][info   ][gc,heap        ] GC(559) PSYoungGen: 443262K(477696K)->202755K(476672K) Eden: 254844K(255488K)->0K(255488K) From: 188418K(222208K)->202755K(221184K)
[40.491s][info   ][gc,heap        ] GC(559) ParOldGen: 785972K(1398272K)->918070K(1398272K)
[40.491s][info   ][gc,metaspace   ] GC(559) Metaspace: 213K(448K)->213K(448K) NonClass: 204K(320K)->204K(320K) Class: 9K(128K)->9K(128K)
[40.491s][info   ][gc             ] GC(559) Pause Young (Allocation Failure) 1200M->1094M(1831M) 48.963ms
[40.491s][info   ][gc,cpu         ] GC(559) User=0.19s Sys=0.00s Real=0.05s
[40.522s][info   ][gc,start       ] GC(560) Pause Young (Allocation Failure)
[40.573s][info   ][gc,heap        ] GC(560) PSYoungGen: 457608K(476672K)->202755K(478208K) Eden: 254852K(255488K)->0K(257024K) From: 202755K(221184K)->202755K(221184K)
[40.573s][info   ][gc,heap        ] GC(560) ParOldGen: 918070K(1398272K)->1047096K(1398272K)
[40.573s][info   ][gc,metaspace   ] GC(560) Metaspace: 213K(448K)->213K(448K) NonClass: 204K(320K)->204K(320K) Class: 9K(128K)->9K(128K)
[40.573s][info   ][gc             ] GC(560) Pause Young (Allocation Failure) 1343M->1220M(1832M) 50.539ms
[40.573s][info   ][gc,cpu         ] GC(560) User=0.20s Sys=0.00s Real=0.05s
[40.602s][info   ][gc,start       ] GC(561) Pause Young (Allocation Failure)
[40.652s][info   ][gc,heap        ] GC(561) PSYoungGen: 459691K(478208K)->199683K(477696K) Eden: 256936K(257024K)->0K(257024K) From: 202755K(221184K)->199683K(220672K)
[40.652s][info   ][gc,heap        ] GC(561) ParOldGen: 1047096K(1398272K)->1184314K(1398272K)
[40.652s][info   ][gc,metaspace   ] GC(561) Metaspace: 213K(448K)->213K(448K) NonClass: 204K(320K)->204K(320K) Class: 9K(128K)->9K(128K)
[40.652s][info   ][gc             ] GC(561) Pause Young (Allocation Failure) 1471M->1351M(1832M) 50.595ms
[40.652s][info   ][gc,cpu         ] GC(561) User=0.19s Sys=0.00s Real=0.05s
[40.683s][info   ][gc,start       ] GC(562) Pause Young (Allocation Failure)
[40.733s][info   ][gc,heap        ] GC(562) PSYoungGen: 456623K(477696K)->199683K(480768K) Eden: 256940K(257024K)->0K(261632K) From: 199683K(220672K)->199683K(219136K)
[40.733s][info   ][gc,heap        ] GC(562) ParOldGen: 1184314K(1398272K)->1310268K(1398272K)
[40.733s][info   ][gc,metaspace   ] GC(562) Metaspace: 213K(448K)->213K(448K) NonClass: 204K(320K)->204K(320K) Class: 9K(128K)->9K(128K)
[40.733s][info   ][gc             ] GC(562) Pause Young (Allocation Failure) 1602M->1474M(1835M) 49.653ms
[40.733s][info   ][gc,cpu         ] GC(562) User=0.20s Sys=0.00s Real=0.05s
[40.733s][info   ][gc,start       ] GC(563) Pause Full (Ergonomics)
[40.733s][info   ][gc,phases,start] GC(563) Marking Phase
[40.734s][info   ][gc,phases      ] GC(563) Marking Phase 0.991ms
[40.734s][info   ][gc,phases,start] GC(563) Summary Phase
[40.734s][info   ][gc,phases      ] GC(563) Summary Phase 0.036ms
[40.734s][info   ][gc,phases,start] GC(563) Adjust Roots
[40.734s][info   ][gc,phases      ] GC(563) Adjust Roots 0.192ms
[40.734s][info   ][gc,phases,start] GC(563) Compaction Phase
[40.799s][info   ][gc,phases      ] GC(563) Compaction Phase 64.176ms
[40.799s][info   ][gc,phases,start] GC(563) Post Compact
[40.805s][info   ][gc,phases      ] GC(563) Post Compact 6.733ms
[40.806s][info   ][gc,heap        ] GC(563) PSYoungGen: 199683K(480768K)->0K(479744K) Eden: 0K(261632K)->0K(261632K) From: 199683K(219136K)->0K(218112K)
[40.806s][info   ][gc,heap        ] GC(563) ParOldGen: 1310268K(1398272K)->559664K(1398272K)
[40.806s][info   ][gc,metaspace   ] GC(563) Metaspace: 213K(448K)->213K(448K) NonClass: 204K(320K)->204K(320K) Class: 9K(128K)->9K(128K)
[40.806s][info   ][gc             ] GC(563) Pause Full (Ergonomics) 1474M->546M(1834M) 72.400ms
[40.806s][info   ][gc,cpu         ] GC(563) User=0.26s Sys=0.00s Real=0.07s
[40.838s][info   ][gc,start       ] GC(564) Pause Young (Allocation Failure)
[40.869s][info   ][gc,heap        ] GC(564) PSYoungGen: 261129K(479744K)->207875K(477696K) Eden: 261129K(261632K)->0K(259584K) From: 0K(218112K)->207875K(218112K)
[40.869s][info   ][gc,heap        ] GC(564) ParOldGen: 559664K(1398272K)->559664K(1398272K)
[40.869s][info   ][gc,metaspace   ] GC(564) Metaspace: 213K(448K)->213K(448K) NonClass: 204K(320K)->204K(320K) Class: 9K(128K)->9K(128K)
[40.869s][info   ][gc             ] GC(564) Pause Young (Allocation Failure) 801M->749M(1832M) 31.360ms
[40.869s][info   ][gc,cpu         ] GC(564) User=0.12s Sys=0.00s Real=0.03s
[40.904s][info   ][gc,start       ] GC(565) Pause Young (Allocation Failure)
[40.961s][info   ][gc,heap        ] GC(565) PSYoungGen: 466860K(477696K)->208899K(468992K) Eden: 258985K(259584K)->0K(259584K) From: 207875K(218112K)->208899K(209408K)
[40.961s][info   ][gc,heap        ] GC(565) ParOldGen: 559664K(1398272K)->697906K(1398272K)
[40.961s][info   ][gc,metaspace   ] GC(565) Metaspace: 213K(448K)->213K(448K) NonClass: 204K(320K)->204K(320K) Class: 9K(128K)->9K(128K)
[40.961s][info   ][gc             ] GC(565) Pause Young (Allocation Failure) 1002M->885M(1823M) 56.925ms
[40.961s][info   ][gc,cpu         ] GC(565) User=0.23s Sys=0.00s Real=0.06s
[40.992s][info   ][gc,start       ] GC(566) Pause Young (Allocation Failure)
[41.043s][info   ][gc,heap        ] GC(566) PSYoungGen: 467906K(468992K)->206851K(476672K) Eden: 259007K(259584K)->0K(255488K) From: 208899K(209408K)->206851K(221184K)
[41.043s][info   ][gc,heap        ] GC(566) ParOldGen: 697906K(1398272K)->834100K(1398272K)
[41.043s][info   ][gc,metaspace   ] GC(566) Metaspace: 213K(448K)->213K(448K) NonClass: 204K(320K)->204K(320K) Class: 9K(128K)->9K(128K)
[41.043s][info   ][gc             ] GC(566) Pause Young (Allocation Failure) 1138M->1016M(1831M) 51.476ms
[41.043s][info   ][gc,cpu         ] GC(566) User=0.20s Sys=0.00s Real=0.05s
[41.074s][info   ][gc,start       ] GC(567) Pause Young (Allocation Failure)
[41.125s][info   ][gc,heap        ] GC(567) PSYoungGen: 461695K(476672K)->214019K(470016K) Eden: 254844K(255488K)->0K(255488K) From: 206851K(221184K)->214019K(214528K)
[41.125s][info   ][gc,heap        ] GC(567) ParOldGen: 834100K(1398272K)->969270K(1398272K)
[41.125s][info   ][gc,metaspace   ] GC(567) Metaspace: 213K(448K)->213K(448K) NonClass: 204K(320K)->204K(320K) Class: 9K(128K)->9K(128K)
[41.125s][info   ][gc             ] GC(567) Pause Young (Allocation Failure) 1265M->1155M(1824M) 51.674ms
[41.126s][info   ][gc,cpu         ] GC(567) User=0.20s Sys=0.00s Real=0.05s
[41.157s][info   ][gc,start       ] GC(568) Pause Young (Allocation Failure)
[41.209s][info   ][gc,heap        ] GC(568) PSYoungGen: 468872K(470016K)->204803K(475648K) Eden: 254853K(255488K)->0K(251392K) From: 214019K(214528K)->204803K(224256K)
[41.209s][info   ][gc,heap        ] GC(568) ParOldGen: 969270K(1398272K)->1110585K(1398272K)
[41.209s][info   ][gc,metaspace   ] GC(568) Metaspace: 213K(448K)->213K(448K) NonClass: 204K(320K)->204K(320K) Class: 9K(128K)->9K(128K)
[41.209s][info   ][gc             ] GC(568) Pause Young (Allocation Failure) 1404M->1284M(1830M) 51.625ms
[41.209s][info   ][gc,cpu         ] GC(568) User=0.20s Sys=0.00s Real=0.05s
[41.239s][info   ][gc,start       ] GC(569) Pause Young (Allocation Failure)
[41.291s][info   ][gc,heap        ] GC(569) PSYoungGen: 455485K(475648K)->204803K(474624K) Eden: 250682K(251392K)->0K(251392K) From: 204803K(224256K)->204803K(223232K)
[41.291s][info   ][gc,heap        ] GC(569) ParOldGen: 1110585K(1398272K)->1251899K(1398272K)
[41.291s][info   ][gc,metaspace   ] GC(569) Metaspace: 213K(448K)->213K(448K) NonClass: 204K(320K)->204K(320K) Class: 9K(128K)->9K(128K)
[41.291s][info   ][gc             ] GC(569) Pause Young (Allocation Failure) 1529M->1422M(1829M) 51.649ms
[41.291s][info   ][gc,cpu         ] GC(569) User=0.20s Sys=0.00s Real=0.05s
[41.291s][info   ][gc,start       ] GC(570) Pause Full (Ergonomics)
[41.291s][info   ][gc,phases,start] GC(570) Marking Phase
[41.292s][info   ][gc,phases      ] GC(570) Marking Phase 1.257ms
[41.292s][info   ][gc,phases,start] GC(570) Summary Phase
[41.292s][info   ][gc,phases      ] GC(570) Summary Phase 0.025ms
[41.292s][info   ][gc,phases,start] GC(570) Adjust Roots
[41.292s][info   ][gc,phases      ] GC(570) Adjust Roots 0.158ms
[41.292s][info   ][gc,phases,start] GC(570) Compaction Phase
[41.364s][info   ][gc,phases      ] GC(570) Compaction Phase 71.500ms
[41.364s][info   ][gc,phases,start] GC(570) Post Compact
[41.370s][info   ][gc,phases      ] GC(570) Post Compact 6.269ms
[41.370s][info   ][gc,heap        ] GC(570) PSYoungGen: 204803K(474624K)->0K(476672K) Eden: 0K(251392K)->0K(254464K) From: 204803K(223232K)->0K(222208K)
[41.370s][info   ][gc,heap        ] GC(570) ParOldGen: 1251899K(1398272K)->625201K(1398272K)
[41.370s][info   ][gc,metaspace   ] GC(570) Metaspace: 213K(448K)->213K(448K) NonClass: 204K(320K)->204K(320K) Class: 9K(128K)->9K(128K)
[41.370s][info   ][gc             ] GC(570) Pause Full (Ergonomics) 1422M->610M(1831M) 79.527ms
[41.370s][info   ][gc,cpu         ] GC(570) User=0.29s Sys=0.00s Real=0.08s
[41.401s][info   ][gc,start       ] GC(571) Pause Young (Allocation Failure)
[41.431s][info   ][gc,heap        ] GC(571) PSYoungGen: 253818K(476672K)->203779K(476672K) Eden: 253818K(254464K)->0K(254464K) From: 0K(222208K)->203779K(222208K)
[41.431s][info   ][gc,heap        ] GC(571) ParOldGen: 625201K(1398272K)->625201K(1398272K)
[41.431s][info   ][gc,metaspace   ] GC(571) Metaspace: 213K(448K)->213K(448K) NonClass: 204K(320K)->204K(320K) Class: 9K(128K)->9K(128K)
[41.431s][info   ][gc             ] GC(571) Pause Young (Allocation Failure) 858M->809M(1831M) 30.426ms
[41.431s][info   ][gc,cpu         ] GC(571) User=0.12s Sys=0.00s Real=0.03s
[41.462s][info   ][gc,start       ] GC(572) Pause Young (Allocation Failure)
[41.512s][info   ][gc,heap        ] GC(572) PSYoungGen: 457542K(476672K)->198659K(479232K) Eden: 253763K(254464K)->0K(258560K) From: 203779K(222208K)->198659K(220672K)
[41.512s][info   ][gc,heap        ] GC(572) ParOldGen: 625201K(1398272K)->761395K(1398272K)
[41.512s][info   ][gc,metaspace   ] GC(572) Metaspace: 213K(448K)->213K(448K) NonClass: 204K(320K)->204K(320K) Class: 9K(128K)->9K(128K)
[41.512s][info   ][gc             ] GC(572) Pause Young (Allocation Failure) 1057M->937M(1833M) 50.505ms
[41.512s][info   ][gc,cpu         ] GC(572) User=0.19s Sys=0.00s Real=0.05s
[41.549s][info   ][gc,start       ] GC(573) Pause Young (Allocation Failure)
[41.605s][info   ][gc,heap        ] GC(573) PSYoungGen: 456620K(479232K)->216067K(475136K) Eden: 257961K(258560K)->0K(258560K) From: 198659K(220672K)->216067K(216576K)
[41.605s][info   ][gc,heap        ] GC(573) ParOldGen: 761395K(1398272K)->895541K(1398272K)
[41.605s][info   ][gc,metaspace   ] GC(573) Metaspace: 213K(448K)->213K(448K) NonClass: 204K(320K)->204K(320K) Class: 9K(128K)->9K(128K)
[41.605s][info   ][gc             ] GC(573) Pause Young (Allocation Failure) 1189M->1085M(1829M) 56.159ms
[41.605s][info   ][gc,cpu         ] GC(573) User=0.22s Sys=0.00s Real=0.05s
[41.638s][info   ][gc,start       ] GC(574) Pause Young (Allocation Failure)
[41.697s][info   ][gc,heap        ] GC(574) PSYoungGen: 474042K(475136K)->221187K(466944K) Eden: 257975K(258560K)->0K(244224K) From: 216067K(216576K)->221187K(222720K)
[41.697s][info   ][gc,heap        ] GC(574) ParOldGen: 895541K(1398272K)->1050168K(1398272K)
[41.697s][info   ][gc,metaspace   ] GC(574) Metaspace: 213K(448K)->213K(448K) NonClass: 204K(320K)->204K(320K) Class: 9K(128K)->9K(128K)
[41.697s][info   ][gc             ] GC(574) Pause Young (Allocation Failure) 1337M->1241M(1821M) 58.876ms
[41.697s][info   ][gc,cpu         ] GC(574) User=0.22s Sys=0.00s Real=0.06s
[41.731s][info   ][gc,start       ] GC(575) Pause Young (Allocation Failure)
[41.788s][info   ][gc,heap        ] GC(575) PSYoungGen: 464555K(466944K)->194562K(471552K) Eden: 243368K(244224K)->0K(244224K) From: 221187K(222720K)->194562K(227328K)
[41.788s][info   ][gc,heap        ] GC(575) ParOldGen: 1050168K(1398272K)->1194554K(1398272K)
[41.788s][info   ][gc,metaspace   ] GC(575) Metaspace: 213K(448K)->213K(448K) NonClass: 204K(320K)->204K(320K) Class: 9K(128K)->9K(128K)
[41.788s][info   ][gc             ] GC(575) Pause Young (Allocation Failure) 1479M->1356M(1826M) 57.539ms
[41.788s][info   ][gc,cpu         ] GC(575) User=0.22s Sys=0.01s Real=0.06s
[41.819s][info   ][gc,start       ] GC(576) Pause Young (Allocation Failure)
[41.872s][info   ][gc,heap        ] GC(576) PSYoungGen: 437936K(471552K)->197635K(472576K) Eden: 243373K(244224K)->0K(245248K) From: 194562K(227328K)->197635K(227328K)
[41.872s][info   ][gc,heap        ] GC(576) ParOldGen: 1194554K(1398272K)->1331772K(1398272K)
[41.872s][info   ][gc,metaspace   ] GC(576) Metaspace: 213K(448K)->213K(448K) NonClass: 204K(320K)->204K(320K) Class: 9K(128K)->9K(128K)
[41.872s][info   ][gc             ] GC(576) Pause Young (Allocation Failure) 1594M->1493M(1827M) 52.818ms
[41.872s][info   ][gc,cpu         ] GC(576) User=0.20s Sys=0.00s Real=0.05s
[41.872s][info   ][gc,start       ] GC(577) Pause Full (Ergonomics)
[41.872s][info   ][gc,phases,start] GC(577) Marking Phase
[41.873s][info   ][gc,phases      ] GC(577) Marking Phase 0.889ms
[41.873s][info   ][gc,phases,start] GC(577) Summary Phase
[41.873s][info   ][gc,phases      ] GC(577) Summary Phase 0.026ms
[41.873s][info   ][gc,phases,start] GC(577) Adjust Roots
[41.873s][info   ][gc,phases      ] GC(577) Adjust Roots 0.218ms
[41.873s][info   ][gc,phases,start] GC(577) Compaction Phase
[41.944s][info   ][gc,phases      ] GC(577) Compaction Phase 71.227ms
[41.944s][info   ][gc,phases,start] GC(577) Post Compact
[41.951s][info   ][gc,phases      ] GC(577) Post Compact 7.226ms
[41.951s][info   ][gc,heap        ] GC(577) PSYoungGen: 197635K(472576K)->0K(471552K) Eden: 0K(245248K)->0K(245248K) From: 197635K(227328K)->0K(226304K)
[41.951s][info   ][gc,heap        ] GC(577) ParOldGen: 1331772K(1398272K)->623153K(1398272K)
[41.951s][info   ][gc,metaspace   ] GC(577) Metaspace: 213K(448K)->213K(448K) NonClass: 204K(320K)->204K(320K) Class: 9K(128K)->9K(128K)
[41.952s][info   ][gc             ] GC(577) Pause Full (Ergonomics) 1493M->608M(1826M) 79.862ms
[41.952s][info   ][gc,cpu         ] GC(577) User=0.30s Sys=0.00s Real=0.08s
[41.983s][info   ][gc,start       ] GC(578) Pause Young (Allocation Failure)
[42.012s][info   ][gc,heap        ] GC(578) PSYoungGen: 244421K(471552K)->191490K(473088K) Eden: 244421K(245248K)->0K(246784K) From: 0K(226304K)->191490K(226304K)
[42.012s][info   ][gc,heap        ] GC(578) ParOldGen: 623153K(1398272K)->623153K(1398272K)
[42.012s][info   ][gc,metaspace   ] GC(578) Metaspace: 213K(448K)->213K(448K) NonClass: 204K(320K)->204K(320K) Class: 9K(128K)->9K(128K)
[42.012s][info   ][gc             ] GC(578) Pause Young (Allocation Failure) 847M->795M(1827M) 29.295ms
[42.012s][info   ][gc,cpu         ] GC(578) User=0.11s Sys=0.00s Real=0.03s
[42.041s][info   ][gc,start       ] GC(579) Pause Young (Allocation Failure)
[42.086s][info   ][gc,heap        ] GC(579) PSYoungGen: 437935K(473088K)->184322K(431616K) Eden: 246444K(246784K)->0K(246784K) From: 191490K(226304K)->184322K(184832K)
[42.086s][info   ][gc,heap        ] GC(579) ParOldGen: 623153K(1398272K)->750131K(1398272K)
[42.086s][info   ][gc,metaspace   ] GC(579) Metaspace: 213K(448K)->213K(448K) NonClass: 204K(320K)->204K(320K) Class: 9K(128K)->9K(128K)
[42.086s][info   ][gc             ] GC(579) Pause Young (Allocation Failure) 1036M->912M(1787M) 45.538ms
[42.086s][info   ][gc,cpu         ] GC(579) User=0.18s Sys=0.00s Real=0.05s
[42.116s][info   ][gc,start       ] GC(580) Pause Young (Allocation Failure)
[42.163s][info   ][gc,heap        ] GC(580) PSYoungGen: 430789K(431616K)->198659K(474624K) Eden: 246466K(246784K)->0K(247808K) From: 184322K(184832K)->198659K(226816K)
[42.163s][info   ][gc,heap        ] GC(580) ParOldGen: 750131K(1398272K)->873013K(1398272K)
[42.163s][info   ][gc,metaspace   ] GC(580) Metaspace: 213K(448K)->213K(448K) NonClass: 204K(320K)->204K(320K) Class: 9K(128K)->9K(128K)
[42.163s][info   ][gc             ] GC(580) Pause Young (Allocation Failure) 1153M->1046M(1829M) 47.835ms
[42.163s][info   ][gc,cpu         ] GC(580) User=0.18s Sys=0.00s Real=0.05s
[42.193s][info   ][gc,start       ] GC(581) Pause Young (Allocation Failure)
[42.239s][info   ][gc,heap        ] GC(581) PSYoungGen: 446183K(474624K)->196611K(472064K) Eden: 247524K(247808K)->0K(247808K) From: 198659K(226816K)->196611K(224256K)
[42.239s][info   ][gc,heap        ] GC(581) ParOldGen: 873013K(1398272K)->984631K(1398272K)
[42.239s][info   ][gc,metaspace   ] GC(581) Metaspace: 213K(448K)->213K(448K) NonClass: 204K(320K)->204K(320K) Class: 9K(128K)->9K(128K)
[42.239s][info   ][gc             ] GC(581) Pause Young (Allocation Failure) 1288M->1153M(1826M) 46.247ms
[42.239s][info   ][gc,cpu         ] GC(581) User=0.18s Sys=0.00s Real=0.05s
[42.268s][info   ][gc,start       ] GC(582) Pause Young (Allocation Failure)
[42.323s][info   ][gc,heap        ] GC(582) PSYoungGen: 444144K(472064K)->193538K(477184K) Eden: 247533K(247808K)->0K(254464K) From: 196611K(224256K)->193538K(222720K)
[42.323s][info   ][gc,heap        ] GC(582) ParOldGen: 984631K(1398272K)->1126969K(1398272K)
[42.323s][info   ][gc,metaspace   ] GC(582) Metaspace: 213K(448K)->213K(448K) NonClass: 204K(320K)->204K(320K) Class: 9K(128K)->9K(128K)
[42.323s][info   ][gc             ] GC(582) Pause Young (Allocation Failure) 1395M->1289M(1831M) 54.792ms
[42.323s][info   ][gc,cpu         ] GC(582) User=0.21s Sys=0.00s Real=0.05s
[42.354s][info   ][gc,start       ] GC(583) Pause Young (Allocation Failure)
[42.405s][info   ][gc,heap        ] GC(583) PSYoungGen: 447353K(477184K)->195586K(476160K) Eden: 253814K(254464K)->0K(254464K) From: 193538K(222720K)->195586K(221696K)
[42.405s][info   ][gc,heap        ] GC(583) ParOldGen: 1126969K(1398272K)->1265211K(1398272K)
[42.405s][info   ][gc,metaspace   ] GC(583) Metaspace: 213K(448K)->213K(448K) NonClass: 204K(320K)->204K(320K) Class: 9K(128K)->9K(128K)
[42.405s][info   ][gc             ] GC(583) Pause Young (Allocation Failure) 1537M->1426M(1830M) 50.757ms
[42.405s][info   ][gc,cpu         ] GC(583) User=0.19s Sys=0.00s Real=0.05s
[42.405s][info   ][gc,start       ] GC(584) Pause Full (Ergonomics)
[42.405s][info   ][gc,phases,start] GC(584) Marking Phase
[42.406s][info   ][gc,phases      ] GC(584) Marking Phase 0.852ms
[42.406s][info   ][gc,phases,start] GC(584) Summary Phase
[42.406s][info   ][gc,phases      ] GC(584) Summary Phase 0.026ms
[42.406s][info   ][gc,phases,start] GC(584) Adjust Roots
[42.406s][info   ][gc,phases      ] GC(584) Adjust Roots 0.145ms
[42.406s][info   ][gc,phases,start] GC(584) Compaction Phase
[42.470s][info   ][gc,phases      ] GC(584) Compaction Phase 63.844ms
[42.470s][info   ][gc,phases,start] GC(584) Post Compact
[42.476s][info   ][gc,phases      ] GC(584) Post Compact 6.200ms
[42.476s][info   ][gc,heap        ] GC(584) PSYoungGen: 195586K(476160K)->0K(478720K) Eden: 0K(254464K)->0K(258560K) From: 195586K(221696K)->0K(220160K)
[42.476s][info   ][gc,heap        ] GC(584) ParOldGen: 1265211K(1398272K)->562736K(1398272K)
[42.476s][info   ][gc,metaspace   ] GC(584) Metaspace: 213K(448K)->213K(448K) NonClass: 204K(320K)->204K(320K) Class: 9K(128K)->9K(128K)
[42.476s][info   ][gc             ] GC(584) Pause Full (Ergonomics) 1426M->549M(1833M) 71.300ms
[42.476s][info   ][gc,cpu         ] GC(584) User=0.26s Sys=0.00s Real=0.08s
[42.507s][info   ][gc,start       ] GC(585) Pause Young (Allocation Failure)
[42.538s][info   ][gc,heap        ] GC(585) PSYoungGen: 257994K(478720K)->197635K(478720K) Eden: 257994K(258560K)->0K(258560K) From: 0K(220160K)->197635K(220160K)
[42.538s][info   ][gc,heap        ] GC(585) ParOldGen: 562736K(1398272K)->562736K(1398272K)
[42.538s][info   ][gc,metaspace   ] GC(585) Metaspace: 213K(448K)->213K(448K) NonClass: 204K(320K)->204K(320K) Class: 9K(128K)->9K(128K)
[42.538s][info   ][gc             ] GC(585) Pause Young (Allocation Failure) 801M->742M(1833M) 30.415ms
[42.538s][info   ][gc,cpu         ] GC(585) User=0.12s Sys=0.00s Real=0.03s
[42.568s][info   ][gc,start       ] GC(586) Pause Young (Allocation Failure)
[42.611s][info   ][gc,heap        ] GC(586) PSYoungGen: 455574K(478720K)->192514K(481280K) Eden: 257939K(258560K)->0K(263168K) From: 197635K(220160K)->192514K(218112K)
[42.611s][info   ][gc,heap        ] GC(586) ParOldGen: 562736K(1398272K)->658994K(1398272K)
[42.611s][info   ][gc,metaspace   ] GC(586) Metaspace: 213K(448K)->213K(448K) NonClass: 204K(320K)->204K(320K) Class: 9K(128K)->9K(128K)
[42.611s][info   ][gc             ] GC(586) Pause Young (Allocation Failure) 994M->831M(1835M) 42.706ms
[42.611s][info   ][gc,cpu         ] GC(586) User=0.17s Sys=0.00s Real=0.04s
[42.642s][info   ][gc,start       ] GC(587) Pause Young (Allocation Failure)
[42.686s][info   ][gc,heap        ] GC(587) PSYoungGen: 454662K(481280K)->199683K(480768K) Eden: 262147K(263168K)->0K(263168K) From: 192514K(218112K)->199683K(217600K)
[42.686s][info   ][gc,heap        ] GC(587) ParOldGen: 658994K(1398272K)->760371K(1398272K)
[42.686s][info   ][gc,metaspace   ] GC(587) Metaspace: 213K(448K)->213K(448K) NonClass: 204K(320K)->204K(320K) Class: 9K(128K)->9K(128K)
[42.686s][info   ][gc             ] GC(587) Pause Young (Allocation Failure) 1087M->937M(1835M) 44.352ms
[42.686s][info   ][gc,cpu         ] GC(587) User=0.17s Sys=0.00s Real=0.05s
[42.717s][info   ][gc,start       ] GC(588) Pause Young (Allocation Failure)
[42.770s][info   ][gc,heap        ] GC(588) PSYoungGen: 461844K(480768K)->212995K(475648K) Eden: 262161K(263168K)->0K(259584K) From: 199683K(217600K)->212995K(216064K)
[42.770s][info   ][gc,heap        ] GC(588) ParOldGen: 760371K(1398272K)->900661K(1398272K)
[42.770s][info   ][gc,metaspace   ] GC(588) Metaspace: 213K(448K)->213K(448K) NonClass: 204K(320K)->204K(320K) Class: 9K(128K)->9K(128K)
[42.770s][info   ][gc             ] GC(588) Pause Young (Allocation Failure) 1193M->1087M(1830M) 53.198ms
[42.770s][info   ][gc,cpu         ] GC(588) User=0.21s Sys=0.00s Real=0.05s
[42.801s][info   ][gc,start       ] GC(589) Pause Young (Allocation Failure)
[42.851s][info   ][gc,heap        ] GC(589) PSYoungGen: 472024K(475648K)->203779K(479232K) Eden: 259028K(259584K)->0K(259584K) From: 212995K(216064K)->203779K(219648K)
[42.851s][info   ][gc,heap        ] GC(589) ParOldGen: 900661K(1398272K)->1029687K(1398272K)
[42.851s][info   ][gc,metaspace   ] GC(589) Metaspace: 213K(448K)->213K(448K) NonClass: 204K(320K)->204K(320K) Class: 9K(128K)->9K(128K)
[42.851s][info   ][gc             ] GC(589) Pause Young (Allocation Failure) 1340M->1204M(1833M) 50.299ms
[42.851s][info   ][gc,cpu         ] GC(589) User=0.20s Sys=0.00s Real=0.05s
[42.883s][info   ][gc,start       ] GC(590) Pause Young (Allocation Failure)
[42.929s][info   ][gc,heap        ] GC(590) PSYoungGen: 462813K(479232K)->190466K(479744K) Eden: 259034K(259584K)->0K(260608K) From: 203779K(219648K)->190466K(219136K)
[42.929s][info   ][gc,heap        ] GC(590) ParOldGen: 1029687K(1398272K)->1150521K(1398272K)
[42.929s][info   ][gc,metaspace   ] GC(590) Metaspace: 213K(448K)->213K(448K) NonClass: 204K(320K)->204K(320K) Class: 9K(128K)->9K(128K)
[42.930s][info   ][gc             ] GC(590) Pause Young (Allocation Failure) 1457M->1309M(1834M) 46.680ms
[42.930s][info   ][gc,cpu         ] GC(590) User=0.18s Sys=0.00s Real=0.05s
[42.962s][info   ][gc,start       ] GC(591) Pause Young (Allocation Failure)
[43.009s][info   ][gc,heap        ] GC(591) PSYoungGen: 450549K(479744K)->203779K(479744K) Eden: 260082K(260608K)->0K(260608K) From: 190466K(219136K)->203779K(219136K)
[43.010s][info   ][gc,heap        ] GC(591) ParOldGen: 1150521K(1398272K)->1264187K(1398272K)
[43.010s][info   ][gc,metaspace   ] GC(591) Metaspace: 213K(448K)->213K(448K) NonClass: 204K(320K)->204K(320K) Class: 9K(128K)->9K(128K)
[43.010s][info   ][gc             ] GC(591) Pause Young (Allocation Failure) 1563M->1433M(1834M) 47.128ms
[43.010s][info   ][gc,cpu         ] GC(591) User=0.18s Sys=0.01s Real=0.05s
[43.010s][info   ][gc,start       ] GC(592) Pause Full (Ergonomics)
[43.010s][info   ][gc,phases,start] GC(592) Marking Phase
[43.011s][info   ][gc,phases      ] GC(592) Marking Phase 1.005ms
[43.011s][info   ][gc,phases,start] GC(592) Summary Phase
[43.011s][info   ][gc,phases      ] GC(592) Summary Phase 0.025ms
[43.011s][info   ][gc,phases,start] GC(592) Adjust Roots
[43.011s][info   ][gc,phases      ] GC(592) Adjust Roots 0.163ms
[43.011s][info   ][gc,phases,start] GC(592) Compaction Phase
[43.069s][info   ][gc,phases      ] GC(592) Compaction Phase 58.049ms
[43.069s][info   ][gc,phases,start] GC(592) Post Compact
[43.075s][info   ][gc,phases      ] GC(592) Post Compact 6.228ms
[43.075s][info   ][gc,heap        ] GC(592) PSYoungGen: 203779K(479744K)->0K(480256K) Eden: 0K(260608K)->0K(261632K) From: 203779K(219136K)->0K(218624K)
[43.075s][info   ][gc,heap        ] GC(592) ParOldGen: 1264187K(1398272K)->514608K(1398272K)
[43.075s][info   ][gc,metaspace   ] GC(592) Metaspace: 213K(448K)->213K(448K) NonClass: 204K(320K)->204K(320K) Class: 9K(128K)->9K(128K)
[43.075s][info   ][gc             ] GC(592) Pause Full (Ergonomics) 1433M->502M(1834M) 65.683ms
[43.075s][info   ][gc,cpu         ] GC(592) User=0.24s Sys=0.00s Real=0.06s
[43.106s][info   ][gc,start       ] GC(593) Pause Young (Allocation Failure)
[43.135s][info   ][gc,heap        ] GC(593) PSYoungGen: 261129K(480256K)->195586K(480256K) Eden: 261129K(261632K)->0K(261632K) From: 0K(218624K)->195586K(218624K)
[43.135s][info   ][gc,heap        ] GC(593) ParOldGen: 514608K(1398272K)->514608K(1398272K)
[43.136s][info   ][gc,metaspace   ] GC(593) Metaspace: 213K(448K)->213K(448K) NonClass: 204K(320K)->204K(320K) Class: 9K(128K)->9K(128K)
[43.136s][info   ][gc             ] GC(593) Pause Young (Allocation Failure) 757M->693M(1834M) 29.104ms
[43.136s][info   ][gc,cpu         ] GC(593) User=0.11s Sys=0.00s Real=0.02s
[43.180s][info   ][gc,start       ] GC(594) Pause Young (Allocation Failure)
[43.227s][info   ][gc,heap        ] GC(594) PSYoungGen: 456660K(480256K)->205827K(480256K) Eden: 261073K(261632K)->0K(262656K) From: 195586K(218624K)->205827K(217600K)
[43.227s][info   ][gc,heap        ] GC(594) ParOldGen: 514608K(1398272K)->638513K(1398272K)
[43.227s][info   ][gc,metaspace   ] GC(594) Metaspace: 213K(448K)->213K(448K) NonClass: 204K(320K)->204K(320K) Class: 9K(128K)->9K(128K)
[43.227s][info   ][gc             ] GC(594) Pause Young (Allocation Failure) 948M->824M(1834M) 47.891ms
[43.227s][info   ][gc,cpu         ] GC(594) User=0.19s Sys=0.00s Real=0.05s
[43.258s][info   ][gc,start       ] GC(595) Pause Young (Allocation Failure)
[43.305s][info   ][gc,heap        ] GC(595) PSYoungGen: 467966K(480256K)->196611K(480768K) Eden: 262138K(262656K)->0K(262656K) From: 205827K(217600K)->196611K(218112K)
[43.305s][info   ][gc,heap        ] GC(595) ParOldGen: 638513K(1398272K)->760371K(1398272K)
[43.305s][info   ][gc,metaspace   ] GC(595) Metaspace: 213K(448K)->213K(448K) NonClass: 204K(320K)->204K(320K) Class: 9K(128K)->9K(128K)
[43.305s][info   ][gc             ] GC(595) Pause Young (Allocation Failure) 1080M->934M(1835M) 46.138ms
[43.305s][info   ][gc,cpu         ] GC(595) User=0.18s Sys=0.00s Real=0.04s
[43.335s][info   ][gc,start       ] GC(596) Pause Young (Allocation Failure)
[43.388s][info   ][gc,heap        ] GC(596) PSYoungGen: 458763K(480768K)->216067K(473600K) Eden: 262152K(262656K)->0K(256512K) From: 196611K(218112K)->216067K(217088K)
[43.388s][info   ][gc,heap        ] GC(596) ParOldGen: 760371K(1398272K)->891445K(1398272K)
[43.388s][info   ][gc,metaspace   ] GC(596) Metaspace: 213K(448K)->213K(448K) NonClass: 204K(320K)->204K(320K) Class: 9K(128K)->9K(128K)
[43.388s][info   ][gc             ] GC(596) Pause Young (Allocation Failure) 1190M->1081M(1828M) 52.635ms
[43.388s][info   ][gc,cpu         ] GC(596) User=0.20s Sys=0.00s Real=0.06s
[43.418s][info   ][gc,start       ] GC(597) Pause Young (Allocation Failure)
[43.471s][info   ][gc,heap        ] GC(597) PSYoungGen: 471964K(473600K)->208899K(465920K) Eden: 255897K(256512K)->0K(256512K) From: 216067K(217088K)->208899K(209408K)
[43.471s][info   ][gc,heap        ] GC(597) ParOldGen: 891445K(1398272K)->1037880K(1398272K)
[43.471s][info   ][gc,metaspace   ] GC(597) Metaspace: 213K(448K)->213K(448K) NonClass: 204K(320K)->204K(320K) Class: 9K(128K)->9K(128K)
[43.471s][info   ][gc             ] GC(597) Pause Young (Allocation Failure) 1331M->1217M(1820M) 52.262ms
[43.471s][info   ][gc,cpu         ] GC(597) User=0.20s Sys=0.00s Real=0.05s
[43.501s][info   ][gc,start       ] GC(598) Pause Young (Allocation Failure)
[43.552s][info   ][gc,heap        ] GC(598) PSYoungGen: 464802K(465920K)->204803K(477696K) Eden: 255903K(256512K)->0K(255488K) From: 208899K(209408K)->204803K(222208K)
[43.552s][info   ][gc,heap        ] GC(598) ParOldGen: 1037880K(1398272K)->1165881K(1398272K)
[43.552s][info   ][gc,metaspace   ] GC(598) Metaspace: 213K(448K)->213K(448K) NonClass: 204K(320K)->204K(320K) Class: 9K(128K)->9K(128K)
[43.552s][info   ][gc             ] GC(598) Pause Young (Allocation Failure) 1467M->1338M(1832M) 51.417ms
[43.552s][info   ][gc,cpu         ] GC(598) User=0.19s Sys=0.00s Real=0.05s
[43.583s][info   ][gc,start       ] GC(599) Pause Young (Allocation Failure)
[43.632s][info   ][gc,heap        ] GC(599) PSYoungGen: 459665K(477696K)->205827K(476672K) Eden: 254862K(255488K)->0K(255488K) From: 204803K(222208K)->205827K(221184K)
[43.632s][info   ][gc,heap        ] GC(599) ParOldGen: 1165881K(1398272K)->1291835K(1398272K)
[43.632s][info   ][gc,metaspace   ] GC(599) Metaspace: 213K(448K)->213K(448K) NonClass: 204K(320K)->204K(320K) Class: 9K(128K)->9K(128K)
[43.632s][info   ][gc             ] GC(599) Pause Young (Allocation Failure) 1587M->1462M(1831M) 49.012ms
[43.632s][info   ][gc,cpu         ] GC(599) User=0.19s Sys=0.01s Real=0.05s
[43.632s][info   ][gc,start       ] GC(600) Pause Full (Ergonomics)
[43.632s][info   ][gc,phases,start] GC(600) Marking Phase
[43.633s][info   ][gc,phases      ] GC(600) Marking Phase 0.939ms
[43.633s][info   ][gc,phases,start] GC(600) Summary Phase
[43.633s][info   ][gc,phases      ] GC(600) Summary Phase 0.024ms
[43.633s][info   ][gc,phases,start] GC(600) Adjust Roots
[43.633s][info   ][gc,phases      ] GC(600) Adjust Roots 0.149ms
[43.633s][info   ][gc,phases,start] GC(600) Compaction Phase
[43.698s][info   ][gc,phases      ] GC(600) Compaction Phase 64.525ms
[43.698s][info   ][gc,phases,start] GC(600) Post Compact
[43.704s][info   ][gc,phases      ] GC(600) Post Compact 6.355ms
[43.704s][info   ][gc,heap        ] GC(600) PSYoungGen: 205827K(476672K)->0K(478208K) Eden: 0K(255488K)->0K(257536K) From: 205827K(221184K)->0K(220672K)
[43.704s][info   ][gc,heap        ] GC(600) ParOldGen: 1291835K(1398272K)->576048K(1398272K)
[43.704s][info   ][gc,metaspace   ] GC(600) Metaspace: 213K(448K)->213K(448K) NonClass: 204K(320K)->204K(320K) Class: 9K(128K)->9K(128K)
[43.705s][info   ][gc             ] GC(600) Pause Full (Ergonomics) 1462M->562M(1832M) 72.346ms
[43.705s][info   ][gc,cpu         ] GC(600) User=0.27s Sys=0.00s Real=0.07s
[43.737s][info   ][gc,start       ] GC(601) Pause Young (Allocation Failure)
[43.767s][info   ][gc,heap        ] GC(601) PSYoungGen: 256953K(478208K)->200707K(478208K) Eden: 256953K(257536K)->0K(257536K) From: 0K(220672K)->200707K(220672K)
[43.767s][info   ][gc,heap        ] GC(601) ParOldGen: 576048K(1398272K)->576048K(1398272K)
[43.767s][info   ][gc,metaspace   ] GC(601) Metaspace: 213K(448K)->213K(448K) NonClass: 204K(320K)->204K(320K) Class: 9K(128K)->9K(128K)
[43.767s][info   ][gc             ] GC(601) Pause Young (Allocation Failure) 813M->758M(1832M) 30.419ms
[43.767s][info   ][gc,cpu         ] GC(601) User=0.11s Sys=0.00s Real=0.03s
[43.798s][info   ][gc,start       ] GC(602) Pause Young (Allocation Failure)
[43.848s][info   ][gc,heap        ] GC(602) PSYoungGen: 457604K(478208K)->209923K(477696K) Eden: 256897K(257536K)->0K(258560K) From: 200707K(220672K)->209923K(219136K)
[43.849s][info   ][gc,heap        ] GC(602) ParOldGen: 576048K(1398272K)->709170K(1398272K)
[43.849s][info   ][gc,metaspace   ] GC(602) Metaspace: 213K(448K)->213K(448K) NonClass: 204K(320K)->204K(320K) Class: 9K(128K)->9K(128K)
[43.849s][info   ][gc             ] GC(602) Pause Young (Allocation Failure) 1009M->897M(1832M) 50.986ms
[43.849s][info   ][gc,cpu         ] GC(602) User=0.20s Sys=0.00s Real=0.05s
[43.879s][info   ][gc,start       ] GC(603) Pause Young (Allocation Failure)
[43.930s][info   ][gc,heap        ] GC(603) PSYoungGen: 467885K(477696K)->195586K(478720K) Eden: 257962K(258560K)->0K(258560K) From: 209923K(219136K)->195586K(220160K)
[43.930s][info   ][gc,heap        ] GC(603) ParOldGen: 709170K(1398272K)->851509K(1398272K)
[43.930s][info   ][gc,metaspace   ] GC(603) Metaspace: 213K(448K)->213K(448K) NonClass: 204K(320K)->204K(320K) Class: 9K(128K)->9K(128K)
[43.930s][info   ][gc             ] GC(603) Pause Young (Allocation Failure) 1149M->1022M(1833M) 50.475ms
[43.930s][info   ][gc,cpu         ] GC(603) User=0.20s Sys=0.00s Real=0.05s
[43.960s][info   ][gc,start       ] GC(604) Pause Young (Allocation Failure)
[44.008s][info   ][gc,heap        ] GC(604) PSYoungGen: 453563K(478720K)->201731K(480768K) Eden: 257976K(258560K)->0K(260608K) From: 195586K(220160K)->201731K(220160K)
[44.008s][info   ][gc,heap        ] GC(604) ParOldGen: 851509K(1398272K)->971318K(1398272K)
[44.008s][info   ][gc,metaspace   ] GC(604) Metaspace: 213K(448K)->213K(448K) NonClass: 204K(320K)->204K(320K) Class: 9K(128K)->9K(128K)
[44.008s][info   ][gc             ] GC(604) Pause Young (Allocation Failure) 1274M->1145M(1835M) 47.681ms
[44.008s][info   ][gc,cpu         ] GC(604) User=0.18s Sys=0.00s Real=0.05s
[44.040s][info   ][gc,start       ] GC(605) Pause Young (Allocation Failure)
[44.090s][info   ][gc,heap        ] GC(605) PSYoungGen: 461804K(480768K)->203779K(478720K) Eden: 260073K(260608K)->0K(260608K) From: 201731K(220160K)->203779K(218112K)
[44.090s][info   ][gc,heap        ] GC(605) ParOldGen: 971318K(1398272K)->1102392K(1398272K)
[44.090s][info   ][gc,metaspace   ] GC(605) Metaspace: 213K(448K)->213K(448K) NonClass: 204K(320K)->204K(320K) Class: 9K(128K)->9K(128K)
[44.090s][info   ][gc             ] GC(605) Pause Young (Allocation Failure) 1399M->1275M(1833M) 50.126ms
[44.090s][info   ][gc,cpu         ] GC(605) User=0.19s Sys=0.00s Real=0.05s
[44.120s][info   ][gc,start       ] GC(606) Pause Young (Allocation Failure)
[44.172s][info   ][gc,heap        ] GC(606) PSYoungGen: 463858K(478720K)->198659K(482304K) Eden: 260079K(260608K)->0K(265216K) From: 203779K(218112K)->198659K(217088K)
[44.172s][info   ][gc,heap        ] GC(606) ParOldGen: 1102392K(1398272K)->1236539K(1398272K)
[44.172s][info   ][gc,metaspace   ] GC(606) Metaspace: 213K(448K)->213K(448K) NonClass: 204K(320K)->204K(320K) Class: 9K(128K)->9K(128K)
[44.172s][info   ][gc             ] GC(606) Pause Young (Allocation Failure) 1529M->1401M(1836M) 51.825ms
[44.172s][info   ][gc,cpu         ] GC(606) User=0.20s Sys=0.00s Real=0.05s
[44.172s][info   ][gc,start       ] GC(607) Pause Full (Ergonomics)
[44.172s][info   ][gc,phases,start] GC(607) Marking Phase
[44.173s][info   ][gc,phases      ] GC(607) Marking Phase 0.852ms
[44.173s][info   ][gc,phases,start] GC(607) Summary Phase
[44.173s][info   ][gc,phases      ] GC(607) Summary Phase 0.024ms
[44.173s][info   ][gc,phases,start] GC(607) Adjust Roots
[44.173s][info   ][gc,phases      ] GC(607) Adjust Roots 0.155ms
[44.173s][info   ][gc,phases,start] GC(607) Compaction Phase
[44.238s][info   ][gc,phases      ] GC(607) Compaction Phase 64.748ms
[44.238s][info   ][gc,phases,start] GC(607) Post Compact
[44.245s][info   ][gc,phases      ] GC(607) Post Compact 6.621ms
[44.245s][info   ][gc,heap        ] GC(607) PSYoungGen: 198659K(482304K)->0K(481792K) Eden: 0K(265216K)->0K(265216K) From: 198659K(217088K)->0K(216576K)
[44.245s][info   ][gc,heap        ] GC(607) ParOldGen: 1236539K(1398272K)->574000K(1398272K)
[44.245s][info   ][gc,metaspace   ] GC(607) Metaspace: 213K(448K)->213K(448K) NonClass: 204K(320K)->204K(320K) Class: 9K(128K)->9K(128K)
[44.245s][info   ][gc             ] GC(607) Pause Full (Ergonomics) 1401M->560M(1836M) 72.669ms
[44.245s][info   ][gc,cpu         ] GC(607) User=0.26s Sys=0.00s Real=0.07s
[44.277s][info   ][gc,start       ] GC(608) Pause Young (Allocation Failure)
[44.305s][info   ][gc,heap        ] GC(608) PSYoungGen: 264269K(481792K)->193538K(482304K) Eden: 264269K(265216K)->0K(265728K) From: 0K(216576K)->193538K(216576K)
[44.305s][info   ][gc,heap        ] GC(608) ParOldGen: 574000K(1398272K)->574000K(1398272K)
[44.305s][info   ][gc,metaspace   ] GC(608) Metaspace: 213K(448K)->213K(448K) NonClass: 204K(320K)->204K(320K) Class: 9K(128K)->9K(128K)
[44.305s][info   ][gc             ] GC(608) Pause Young (Allocation Failure) 818M->749M(1836M) 28.169ms
[44.306s][info   ][gc,cpu         ] GC(608) User=0.11s Sys=0.00s Real=0.02s
[44.337s][info   ][gc,start       ] GC(609) Pause Young (Allocation Failure)
[44.388s][info   ][gc,heap        ] GC(609) PSYoungGen: 458786K(482304K)->216067K(482304K) Eden: 265247K(265728K)->0K(265728K) From: 193538K(216576K)->216067K(216576K)
[44.388s][info   ][gc,heap        ] GC(609) ParOldGen: 574000K(1398272K)->699954K(1398272K)
[44.388s][info   ][gc,metaspace   ] GC(609) Metaspace: 213K(448K)->213K(448K) NonClass: 204K(320K)->204K(320K) Class: 9K(128K)->9K(128K)
[44.388s][info   ][gc             ] GC(609) Pause Young (Allocation Failure) 1008M->894M(1836M) 51.094ms
[44.388s][info   ][gc,cpu         ] GC(609) User=0.20s Sys=0.00s Real=0.05s
[44.420s][info   ][gc,start       ] GC(610) Pause Young (Allocation Failure)
[44.473s][info   ][gc,heap        ] GC(610) PSYoungGen: 481337K(482304K)->207875K(474112K) Eden: 265270K(265728K)->0K(257536K) From: 216067K(216576K)->207875K(216576K)
[44.473s][info   ][gc,heap        ] GC(610) ParOldGen: 699954K(1398272K)->844341K(1398272K)
[44.473s][info   ][gc,metaspace   ] GC(610) Metaspace: 213K(448K)->213K(448K) NonClass: 204K(320K)->204K(320K) Class: 9K(128K)->9K(128K)
[44.473s][info   ][gc             ] GC(610) Pause Young (Allocation Failure) 1153M->1027M(1828M) 52.472ms
[44.473s][info   ][gc,cpu         ] GC(610) User=0.21s Sys=0.00s Real=0.05s
[44.503s][info   ][gc,start       ] GC(611) Pause Young (Allocation Failure)
[44.557s][info   ][gc,heap        ] GC(611) PSYoungGen: 464807K(474112K)->210947K(468992K) Eden: 256932K(257536K)->0K(257536K) From: 207875K(216576K)->210947K(211456K)
[44.557s][info   ][gc,heap        ] GC(611) ParOldGen: 844341K(1398272K)->981559K(1398272K)
[44.557s][info   ][gc,metaspace   ] GC(611) Metaspace: 213K(448K)->213K(448K) NonClass: 204K(320K)->204K(320K) Class: 9K(128K)->9K(128K)
[44.557s][info   ][gc             ] GC(611) Pause Young (Allocation Failure) 1278M->1164M(1823M) 54.088ms
[44.557s][info   ][gc,cpu         ] GC(611) User=0.21s Sys=0.00s Real=0.06s
[44.589s][info   ][gc,start       ] GC(612) Pause Young (Allocation Failure)
[44.641s][info   ][gc,heap        ] GC(612) PSYoungGen: 467888K(468992K)->210947K(475136K) Eden: 256941K(257536K)->0K(253440K) From: 210947K(211456K)->210947K(221696K)
[44.641s][info   ][gc,heap        ] GC(612) ParOldGen: 981559K(1398272K)->1111609K(1398272K)
[44.641s][info   ][gc,metaspace   ] GC(612) Metaspace: 213K(448K)->213K(448K) NonClass: 204K(320K)->204K(320K) Class: 9K(128K)->9K(128K)
[44.641s][info   ][gc             ] GC(612) Pause Young (Allocation Failure) 1415M->1291M(1829M) 51.814ms
[44.641s][info   ][gc,cpu         ] GC(612) User=0.20s Sys=0.00s Real=0.05s
[44.670s][info   ][gc,start       ] GC(613) Pause Young (Allocation Failure)
[44.720s][info   ][gc,heap        ] GC(613) PSYoungGen: 463718K(475136K)->195586K(476160K) Eden: 252770K(253440K)->0K(253440K) From: 210947K(221696K)->195586K(222720K)
[44.720s][info   ][gc,heap        ] GC(613) ParOldGen: 1111609K(1398272K)->1244731K(1398272K)
[44.720s][info   ][gc,metaspace   ] GC(613) Metaspace: 213K(448K)->213K(448K) NonClass: 204K(320K)->204K(320K) Class: 9K(128K)->9K(128K)
[44.720s][info   ][gc             ] GC(613) Pause Young (Allocation Failure) 1538M->1406M(1830M) 50.324ms
[44.721s][info   ][gc,cpu         ] GC(613) User=0.20s Sys=0.00s Real=0.05s
[44.721s][info   ][gc,start       ] GC(614) Pause Full (Ergonomics)
[44.721s][info   ][gc,phases,start] GC(614) Marking Phase
[44.722s][info   ][gc,phases      ] GC(614) Marking Phase 0.984ms
[44.722s][info   ][gc,phases,start] GC(614) Summary Phase
[44.722s][info   ][gc,phases      ] GC(614) Summary Phase 0.026ms
[44.722s][info   ][gc,phases,start] GC(614) Adjust Roots
[44.722s][info   ][gc,phases      ] GC(614) Adjust Roots 0.179ms
[44.722s][info   ][gc,phases,start] GC(614) Compaction Phase
[44.787s][info   ][gc,phases      ] GC(614) Compaction Phase 65.340ms
[44.787s][info   ][gc,phases,start] GC(614) Post Compact
[44.793s][info   ][gc,phases      ] GC(614) Post Compact 6.158ms
[44.793s][info   ][gc,heap        ] GC(614) PSYoungGen: 195586K(476160K)->0K(476672K) Eden: 0K(253440K)->0K(254464K) From: 195586K(222720K)->0K(222208K)
[44.793s][info   ][gc,heap        ] GC(614) ParOldGen: 1244731K(1398272K)->558640K(1398272K)
[44.793s][info   ][gc,metaspace   ] GC(614) Metaspace: 213K(448K)->213K(448K) NonClass: 204K(320K)->204K(320K) Class: 9K(128K)->9K(128K)
[44.793s][info   ][gc             ] GC(614) Pause Full (Ergonomics) 1406M->545M(1831M) 72.913ms
[44.793s][info   ][gc,cpu         ] GC(614) User=0.26s Sys=0.00s Real=0.07s
[44.824s][info   ][gc,start       ] GC(615) Pause Young (Allocation Failure)
[44.855s][info   ][gc,heap        ] GC(615) PSYoungGen: 253818K(476672K)->204803K(476672K) Eden: 253818K(254464K)->0K(254464K) From: 0K(222208K)->204803K(222208K)
[44.855s][info   ][gc,heap        ] GC(615) ParOldGen: 558640K(1398272K)->558640K(1398272K)
[44.855s][info   ][gc,metaspace   ] GC(615) Metaspace: 213K(448K)->213K(448K) NonClass: 204K(320K)->204K(320K) Class: 9K(128K)->9K(128K)
[44.855s][info   ][gc             ] GC(615) Pause Young (Allocation Failure) 793M->745M(1831M) 30.730ms
[44.855s][info   ][gc,cpu         ] GC(615) User=0.12s Sys=0.00s Real=0.03s
[44.885s][info   ][gc,start       ] GC(616) Pause Young (Allocation Failure)
[44.936s][info   ][gc,heap        ] GC(616) PSYoungGen: 458566K(476672K)->203779K(479744K) Eden: 253763K(254464K)->0K(259072K) From: 204803K(222208K)->203779K(220672K)
[44.936s][info   ][gc,heap        ] GC(616) ParOldGen: 558640K(1398272K)->691762K(1398272K)
[44.936s][info   ][gc,metaspace   ] GC(616) Metaspace: 213K(448K)->213K(448K) NonClass: 204K(320K)->204K(320K) Class: 9K(128K)->9K(128K)
[44.936s][info   ][gc             ] GC(616) Pause Young (Allocation Failure) 993M->874M(1834M) 50.920ms
[44.936s][info   ][gc,cpu         ] GC(616) User=0.20s Sys=0.00s Real=0.06s
[44.968s][info   ][gc,start       ] GC(617) Pause Young (Allocation Failure)
[45.017s][info   ][gc,heap        ] GC(617) PSYoungGen: 462774K(479744K)->198659K(478208K) Eden: 258995K(259072K)->0K(259072K) From: 203779K(220672K)->198659K(219136K)
[45.017s][info   ][gc,heap        ] GC(617) ParOldGen: 691762K(1398272K)->822836K(1398272K)
[45.017s][info   ][gc,metaspace   ] GC(617) Metaspace: 213K(448K)->213K(448K) NonClass: 204K(320K)->204K(320K) Class: 9K(128K)->9K(128K)
[45.017s][info   ][gc             ] GC(617) Pause Young (Allocation Failure) 1127M->997M(1832M) 49.184ms
[45.017s][info   ][gc,cpu         ] GC(617) User=0.20s Sys=0.00s Real=0.05s
[45.048s][info   ][gc,start       ] GC(618) Pause Young (Allocation Failure)
[45.094s][info   ][gc,heap        ] GC(618) PSYoungGen: 457668K(478208K)->189442K(478208K) Eden: 259009K(259072K)->0K(259584K) From: 198659K(219136K)->189442K(218624K)
[45.094s][info   ][gc,heap        ] GC(618) ParOldGen: 822836K(1398272K)->942646K(1398272K)
[45.094s][info   ][gc,metaspace   ] GC(618) Metaspace: 213K(448K)->213K(448K) NonClass: 204K(320K)->204K(320K) Class: 9K(128K)->9K(128K)
[45.094s][info   ][gc             ] GC(618) Pause Young (Allocation Failure) 1250M->1105M(1832M) 46.488ms
[45.094s][info   ][gc,cpu         ] GC(618) User=0.18s Sys=0.00s Real=0.04s
[45.125s][info   ][gc,start       ] GC(619) Pause Young (Allocation Failure)
[45.170s][info   ][gc,heap        ] GC(619) PSYoungGen: 448471K(478208K)->202755K(479232K) Eden: 259028K(259584K)->0K(259584K) From: 189442K(218624K)->202755K(219648K)
[45.171s][info   ][gc,heap        ] GC(619) ParOldGen: 942646K(1398272K)->1048120K(1398272K)
[45.171s][info   ][gc,metaspace   ] GC(619) Metaspace: 213K(448K)->213K(448K) NonClass: 204K(320K)->204K(320K) Class: 9K(128K)->9K(128K)
[45.171s][info   ][gc             ] GC(619) Pause Young (Allocation Failure) 1358M->1221M(1833M) 45.686ms
[45.171s][info   ][gc,cpu         ] GC(619) User=0.17s Sys=0.01s Real=0.05s
[45.200s][info   ][gc,start       ] GC(620) Pause Young (Allocation Failure)
[45.249s][info   ][gc,heap        ] GC(620) PSYoungGen: 461789K(479232K)->206851K(480768K) Eden: 259034K(259584K)->0K(262656K) From: 202755K(219648K)->206851K(218112K)
[45.249s][info   ][gc,heap        ] GC(620) ParOldGen: 1048120K(1398272K)->1169978K(1398272K)
[45.249s][info   ][gc,metaspace   ] GC(620) Metaspace: 213K(448K)->213K(448K) NonClass: 204K(320K)->204K(320K) Class: 9K(128K)->9K(128K)
[45.249s][info   ][gc             ] GC(620) Pause Young (Allocation Failure) 1474M->1344M(1835M) 48.915ms
[45.249s][info   ][gc,cpu         ] GC(620) User=0.19s Sys=0.00s Real=0.05s
[45.281s][info   ][gc,start       ] GC(621) Pause Young (Allocation Failure)
[45.330s][info   ][gc,heap        ] GC(621) PSYoungGen: 469022K(480768K)->208899K(472064K) Eden: 262170K(262656K)->0K(262656K) From: 206851K(218112K)->208899K(209408K)
[45.330s][info   ][gc,heap        ] GC(621) ParOldGen: 1169978K(1398272K)->1280571K(1398272K)
[45.330s][info   ][gc,metaspace   ] GC(621) Metaspace: 213K(448K)->213K(448K) NonClass: 204K(320K)->204K(320K) Class: 9K(128K)->9K(128K)
[45.330s][info   ][gc             ] GC(621) Pause Young (Allocation Failure) 1600M->1454M(1826M) 49.077ms
[45.330s][info   ][gc,cpu         ] GC(621) User=0.19s Sys=0.00s Real=0.05s
[45.330s][info   ][gc,start       ] GC(622) Pause Full (Ergonomics)
[45.330s][info   ][gc,phases,start] GC(622) Marking Phase
[45.331s][info   ][gc,phases      ] GC(622) Marking Phase 0.848ms
[45.331s][info   ][gc,phases,start] GC(622) Summary Phase
[45.331s][info   ][gc,phases      ] GC(622) Summary Phase 0.023ms
[45.331s][info   ][gc,phases,start] GC(622) Adjust Roots
[45.331s][info   ][gc,phases      ] GC(622) Adjust Roots 0.167ms
[45.331s][info   ][gc,phases,start] GC(622) Compaction Phase
[45.390s][info   ][gc,phases      ] GC(622) Compaction Phase 59.305ms
[45.390s][info   ][gc,phases,start] GC(622) Post Compact
[45.397s][info   ][gc,phases      ] GC(622) Post Compact 6.753ms
[45.397s][info   ][gc,heap        ] GC(622) PSYoungGen: 208899K(472064K)->0K(479744K) Eden: 0K(262656K)->0K(260608K) From: 208899K(209408K)->0K(219136K)
[45.397s][info   ][gc,heap        ] GC(622) ParOldGen: 1280571K(1398272K)->500271K(1398272K)
[45.397s][info   ][gc,metaspace   ] GC(622) Metaspace: 213K(448K)->213K(448K) NonClass: 204K(320K)->204K(320K) Class: 9K(128K)->9K(128K)
[45.397s][info   ][gc             ] GC(622) Pause Full (Ergonomics) 1454M->488M(1834M) 67.432ms
[45.397s][info   ][gc,cpu         ] GC(622) User=0.24s Sys=0.00s Real=0.07s
[45.429s][info   ][gc,start       ] GC(623) Pause Young (Allocation Failure)
[45.459s][info   ][gc,heap        ] GC(623) PSYoungGen: 260085K(479744K)->208899K(470016K) Eden: 260085K(260608K)->0K(260608K) From: 0K(219136K)->208899K(209408K)
[45.460s][info   ][gc,heap        ] GC(623) ParOldGen: 500271K(1398272K)->500271K(1398272K)
[45.460s][info   ][gc,metaspace   ] GC(623) Metaspace: 213K(448K)->213K(448K) NonClass: 204K(320K)->204K(320K) Class: 9K(128K)->9K(128K)
[45.460s][info   ][gc             ] GC(623) Pause Young (Allocation Failure) 742M->692M(1824M) 31.033ms
[45.460s][info   ][gc,cpu         ] GC(623) User=0.12s Sys=0.00s Real=0.03s
[45.491s][info   ][gc,start       ] GC(624) Pause Young (Allocation Failure)
[45.543s][info   ][gc,heap        ] GC(624) PSYoungGen: 468928K(470016K)->210947K(477184K) Eden: 260029K(260608K)->0K(257536K) From: 208899K(209408K)->210947K(219648K)
[45.543s][info   ][gc,heap        ] GC(624) ParOldGen: 500271K(1398272K)->621105K(1398272K)
[45.543s][info   ][gc,metaspace   ] GC(624) Metaspace: 213K(448K)->213K(448K) NonClass: 204K(320K)->204K(320K) Class: 9K(128K)->9K(128K)
[45.543s][info   ][gc             ] GC(624) Pause Young (Allocation Failure) 946M->812M(1831M) 52.115ms
[45.543s][info   ][gc,cpu         ] GC(624) User=0.20s Sys=0.01s Real=0.05s
[45.573s][info   ][gc,start       ] GC(625) Pause Young (Allocation Failure)
[45.622s][info   ][gc,heap        ] GC(625) PSYoungGen: 467866K(477184K)->207875K(478208K) Eden: 256919K(257536K)->0K(257536K) From: 210947K(219648K)->207875K(220672K)
[45.622s][info   ][gc,heap        ] GC(625) ParOldGen: 621105K(1398272K)->742963K(1398272K)
[45.622s][info   ][gc,metaspace   ] GC(625) Metaspace: 213K(448K)->213K(448K) NonClass: 204K(320K)->204K(320K) Class: 9K(128K)->9K(128K)
[45.622s][info   ][gc             ] GC(625) Pause Young (Allocation Failure) 1063M->928M(1832M) 48.608ms
[45.622s][info   ][gc,cpu         ] GC(625) User=0.19s Sys=0.00s Real=0.05s
[45.652s][info   ][gc,start       ] GC(626) Pause Young (Allocation Failure)
[45.704s][info   ][gc,heap        ] GC(626) PSYoungGen: 464807K(478208K)->209923K(477696K) Eden: 256932K(257536K)->0K(257536K) From: 207875K(220672K)->209923K(220160K)
[45.704s][info   ][gc,heap        ] GC(626) ParOldGen: 742963K(1398272K)->888373K(1398272K)
[45.704s][info   ][gc,metaspace   ] GC(626) Metaspace: 213K(448K)->213K(448K) NonClass: 204K(320K)->204K(320K) Class: 9K(128K)->9K(128K)
[45.704s][info   ][gc             ] GC(626) Pause Young (Allocation Failure) 1179M->1072M(1832M) 51.986ms
[45.704s][info   ][gc,cpu         ] GC(626) User=0.21s Sys=0.00s Real=0.05s
[45.734s][info   ][gc,start       ] GC(627) Pause Young (Allocation Failure)
[45.789s][info   ][gc,heap        ] GC(627) PSYoungGen: 466864K(477696K)->209923K(467968K) Eden: 256941K(257536K)->0K(257536K) From: 209923K(220160K)->209923K(210432K)
[45.789s][info   ][gc,heap        ] GC(627) ParOldGen: 888373K(1398272K)->1048120K(1398272K)
[45.789s][info   ][gc,metaspace   ] GC(627) Metaspace: 213K(448K)->213K(448K) NonClass: 204K(320K)->204K(320K) Class: 9K(128K)->9K(128K)
[45.789s][info   ][gc             ] GC(627) Pause Young (Allocation Failure) 1323M->1228M(1822M) 54.776ms
[45.789s][info   ][gc,cpu         ] GC(627) User=0.22s Sys=0.00s Real=0.06s
[45.819s][info   ][gc,start       ] GC(628) Pause Young (Allocation Failure)
[45.866s][info   ][gc,heap        ] GC(628) PSYoungGen: 466870K(467968K)->192514K(476672K) Eden: 256947K(257536K)->0K(255488K) From: 209923K(210432K)->192514K(221184K)
[45.866s][info   ][gc,heap        ] GC(628) ParOldGen: 1048120K(1398272K)->1174074K(1398272K)
[45.866s][info   ][gc,metaspace   ] GC(628) Metaspace: 213K(448K)->213K(448K) NonClass: 204K(320K)->204K(320K) Class: 9K(128K)->9K(128K)
[45.866s][info   ][gc             ] GC(628) Pause Young (Allocation Failure) 1479M->1334M(1831M) 47.052ms
[45.867s][info   ][gc,cpu         ] GC(628) User=0.18s Sys=0.00s Real=0.05s
[45.897s][info   ][gc,start       ] GC(629) Pause Young (Allocation Failure)
[45.942s][info   ][gc,heap        ] GC(629) PSYoungGen: 447377K(476672K)->190466K(446464K) Eden: 254862K(255488K)->0K(255488K) From: 192514K(221184K)->190466K(190976K)
[45.942s][info   ][gc,heap        ] GC(629) ParOldGen: 1174074K(1398272K)->1282619K(1398272K)
[45.942s][info   ][gc,metaspace   ] GC(629) Metaspace: 213K(448K)->213K(448K) NonClass: 204K(320K)->204K(320K) Class: 9K(128K)->9K(128K)
[45.942s][info   ][gc             ] GC(629) Pause Young (Allocation Failure) 1583M->1438M(1801M) 45.157ms
[45.942s][info   ][gc,cpu         ] GC(629) User=0.17s Sys=0.01s Real=0.04s
[45.942s][info   ][gc,start       ] GC(630) Pause Full (Ergonomics)
[45.942s][info   ][gc,phases,start] GC(630) Marking Phase
[45.943s][info   ][gc,phases      ] GC(630) Marking Phase 0.890ms
[45.943s][info   ][gc,phases,start] GC(630) Summary Phase
[45.943s][info   ][gc,phases      ] GC(630) Summary Phase 0.026ms
[45.943s][info   ][gc,phases,start] GC(630) Adjust Roots
[45.943s][info   ][gc,phases      ] GC(630) Adjust Roots 0.236ms
[45.943s][info   ][gc,phases,start] GC(630) Compaction Phase
[46.006s][info   ][gc,phases      ] GC(630) Compaction Phase 62.124ms
[46.006s][info   ][gc,phases,start] GC(630) Post Compact
[46.012s][info   ][gc,phases      ] GC(630) Post Compact 6.703ms
[46.012s][info   ][gc,heap        ] GC(630) PSYoungGen: 190466K(446464K)->0K(476672K) Eden: 0K(255488K)->0K(254464K) From: 190466K(190976K)->0K(222208K)
[46.012s][info   ][gc,heap        ] GC(630) ParOldGen: 1282619K(1398272K)->536112K(1398272K)
[46.012s][info   ][gc,metaspace   ] GC(630) Metaspace: 213K(448K)->213K(448K) NonClass: 204K(320K)->204K(320K) Class: 9K(128K)->9K(128K)
[46.013s][info   ][gc             ] GC(630) Pause Full (Ergonomics) 1438M->523M(1831M) 70.255ms
[46.013s][info   ][gc,cpu         ] GC(630) User=0.25s Sys=0.00s Real=0.07s
[46.044s][info   ][gc,start       ] GC(631) Pause Young (Allocation Failure)
[46.074s][info   ][gc,heap        ] GC(631) PSYoungGen: 253820K(476672K)->198659K(476672K) Eden: 253820K(254464K)->0K(254464K) From: 0K(222208K)->198659K(222208K)
[46.074s][info   ][gc,heap        ] GC(631) ParOldGen: 536112K(1398272K)->536112K(1398272K)
[46.074s][info   ][gc,metaspace   ] GC(631) Metaspace: 213K(448K)->213K(448K) NonClass: 204K(320K)->204K(320K) Class: 9K(128K)->9K(128K)
[46.074s][info   ][gc             ] GC(631) Pause Young (Allocation Failure) 771M->717M(1831M) 29.999ms
[46.074s][info   ][gc,cpu         ] GC(631) User=0.12s Sys=0.00s Real=0.03s
[46.104s][info   ][gc,start       ] GC(632) Pause Young (Allocation Failure)
[46.155s][info   ][gc,heap        ] GC(632) PSYoungGen: 452423K(476672K)->208899K(476672K) Eden: 253764K(254464K)->0K(255488K) From: 198659K(222208K)->208899K(221184K)
[46.155s][info   ][gc,heap        ] GC(632) ParOldGen: 536112K(1398272K)->670258K(1398272K)
[46.155s][info   ][gc,metaspace   ] GC(632) Metaspace: 213K(448K)->213K(448K) NonClass: 204K(320K)->204K(320K) Class: 9K(128K)->9K(128K)
[46.155s][info   ][gc             ] GC(632) Pause Young (Allocation Failure) 965M->858M(1831M) 50.748ms
[46.155s][info   ][gc,cpu         ] GC(632) User=0.20s Sys=0.00s Real=0.05s
[46.185s][info   ][gc,start       ] GC(633) Pause Young (Allocation Failure)
[46.234s][info   ][gc,heap        ] GC(633) PSYoungGen: 463729K(476672K)->196611K(477184K) Eden: 254830K(255488K)->0K(255488K) From: 208899K(221184K)->196611K(221696K)
[46.234s][info   ][gc,heap        ] GC(633) ParOldGen: 670258K(1398272K)->799284K(1398272K)
[46.234s][info   ][gc,metaspace   ] GC(633) Metaspace: 213K(448K)->213K(448K) NonClass: 204K(320K)->204K(320K) Class: 9K(128K)->9K(128K)
[46.234s][info   ][gc             ] GC(633) Pause Young (Allocation Failure) 1107M->972M(1831M) 48.759ms
[46.234s][info   ][gc,cpu         ] GC(633) User=0.19s Sys=0.01s Real=0.05s
[46.264s][info   ][gc,start       ] GC(634) Pause Young (Allocation Failure)
[46.312s][info   ][gc,heap        ] GC(634) PSYoungGen: 451455K(477184K)->200707K(479232K) Eden: 254844K(255488K)->0K(258048K) From: 196611K(221696K)->200707K(221184K)
[46.312s][info   ][gc,heap        ] GC(634) ParOldGen: 799284K(1398272K)->926262K(1398272K)
[46.312s][info   ][gc,metaspace   ] GC(634) Metaspace: 213K(448K)->213K(448K) NonClass: 204K(320K)->204K(320K) Class: 9K(128K)->9K(128K)
[46.313s][info   ][gc             ] GC(634) Pause Young (Allocation Failure) 1221M->1100M(1833M) 48.399ms
[46.313s][info   ][gc,cpu         ] GC(634) User=0.19s Sys=0.00s Real=0.05s
[46.343s][info   ][gc,start       ] GC(635) Pause Young (Allocation Failure)
[46.394s][info   ][gc,heap        ] GC(635) PSYoungGen: 458682K(479232K)->210947K(477696K) Eden: 257975K(258048K)->0K(258048K) From: 200707K(221184K)->210947K(219648K)
[46.394s][info   ][gc,heap        ] GC(635) ParOldGen: 926262K(1398272K)->1061432K(1398272K)
[46.394s][info   ][gc,metaspace   ] GC(635) Metaspace: 213K(448K)->213K(448K) NonClass: 204K(320K)->204K(320K) Class: 9K(128K)->9K(128K)
[46.394s][info   ][gc             ] GC(635) Pause Young (Allocation Failure) 1352M->1242M(1832M) 51.176ms
[46.394s][info   ][gc,cpu         ] GC(635) User=0.20s Sys=0.00s Real=0.05s
[46.425s][info   ][gc,start       ] GC(636) Pause Young (Allocation Failure)
[46.476s][info   ][gc,heap        ] GC(636) PSYoungGen: 468928K(477696K)->199683K(479232K) Eden: 257980K(258048K)->0K(258048K) From: 210947K(219648K)->199683K(221184K)
[46.476s][info   ][gc,heap        ] GC(636) ParOldGen: 1061432K(1398272K)->1205818K(1398272K)
[46.476s][info   ][gc,metaspace   ] GC(636) Metaspace: 213K(448K)->213K(448K) NonClass: 204K(320K)->204K(320K) Class: 9K(128K)->9K(128K)
[46.476s][info   ][gc             ] GC(636) Pause Young (Allocation Failure) 1494M->1372M(1833M) 50.801ms
[46.476s][info   ][gc,cpu         ] GC(636) User=0.20s Sys=0.00s Real=0.05s
[46.506s][info   ][gc,start       ] GC(637) Pause Young (Allocation Failure)
[46.561s][info   ][gc,heap        ] GC(637) PSYoungGen: 457667K(479232K)->218115K(476672K) Eden: 257984K(258048K)->0K(258048K) From: 199683K(221184K)->218115K(218624K)
[46.561s][info   ][gc,heap        ] GC(637) ParOldGen: 1205818K(1398272K)->1338940K(1398272K)
[46.561s][info   ][gc,metaspace   ] GC(637) Metaspace: 213K(448K)->213K(448K) NonClass: 204K(320K)->204K(320K) Class: 9K(128K)->9K(128K)
[46.561s][info   ][gc             ] GC(637) Pause Young (Allocation Failure) 1624M->1520M(1831M) 55.114ms
[46.561s][info   ][gc,cpu         ] GC(637) User=0.21s Sys=0.00s Real=0.06s
[46.561s][info   ][gc,start       ] GC(638) Pause Full (Ergonomics)
[46.561s][info   ][gc,phases,start] GC(638) Marking Phase
[46.562s][info   ][gc,phases      ] GC(638) Marking Phase 0.903ms
[46.562s][info   ][gc,phases,start] GC(638) Summary Phase
[46.562s][info   ][gc,phases      ] GC(638) Summary Phase 0.024ms
[46.562s][info   ][gc,phases,start] GC(638) Adjust Roots
[46.562s][info   ][gc,phases      ] GC(638) Adjust Roots 0.190ms
[46.562s][info   ][gc,phases,start] GC(638) Compaction Phase
[46.634s][info   ][gc,phases      ] GC(638) Compaction Phase 72.404ms
[46.635s][info   ][gc,phases,start] GC(638) Post Compact
[46.641s][info   ][gc,phases      ] GC(638) Post Compact 6.430ms
[46.641s][info   ][gc,heap        ] GC(638) PSYoungGen: 218115K(476672K)->0K(473600K) Eden: 0K(258048K)->0K(251392K) From: 218115K(218624K)->0K(222208K)
[46.641s][info   ][gc,heap        ] GC(638) ParOldGen: 1338940K(1398272K)->632369K(1398272K)
[46.641s][info   ][gc,metaspace   ] GC(638) Metaspace: 213K(448K)->213K(448K) NonClass: 204K(320K)->204K(320K) Class: 9K(128K)->9K(128K)
[46.641s][info   ][gc             ] GC(638) Pause Full (Ergonomics) 1520M->617M(1828M) 80.509ms
[46.641s][info   ][gc,cpu         ] GC(638) User=0.29s Sys=0.00s Real=0.08s
[46.671s][info   ][gc,start       ] GC(639) Pause Young (Allocation Failure)
[46.701s][info   ][gc,heap        ] GC(639) PSYoungGen: 250688K(473600K)->196611K(475136K) Eden: 250688K(251392K)->0K(251392K) From: 0K(222208K)->196611K(223744K)
[46.701s][info   ][gc,heap        ] GC(639) ParOldGen: 632369K(1398272K)->632369K(1398272K)
[46.701s][info   ][gc,metaspace   ] GC(639) Metaspace: 213K(448K)->213K(448K) NonClass: 204K(320K)->204K(320K) Class: 9K(128K)->9K(128K)
[46.701s][info   ][gc             ] GC(639) Pause Young (Allocation Failure) 862M->809M(1829M) 29.973ms
[46.701s][info   ][gc,cpu         ] GC(639) User=0.12s Sys=0.00s Real=0.03s
[46.731s][info   ][gc,start       ] GC(640) Pause Young (Allocation Failure)
[46.786s][info   ][gc,heap        ] GC(640) PSYoungGen: 447243K(475136K)->219139K(468480K) Eden: 250632K(251392K)->0K(245248K) From: 196611K(223744K)->219139K(223232K)
[46.786s][info   ][gc,heap        ] GC(640) ParOldGen: 632369K(1398272K)->781876K(1398272K)
[46.786s][info   ][gc,metaspace   ] GC(640) Metaspace: 213K(448K)->213K(448K) NonClass: 204K(320K)->204K(320K) Class: 9K(128K)->9K(128K)
[46.786s][info   ][gc             ] GC(640) Pause Young (Allocation Failure) 1054M->977M(1823M) 54.687ms
[46.786s][info   ][gc,cpu         ] GC(640) User=0.22s Sys=0.01s Real=0.06s
[46.815s][info   ][gc,start       ] GC(641) Pause Young (Allocation Failure)
[46.870s][info   ][gc,heap        ] GC(641) PSYoungGen: 463529K(468480K)->207875K(472064K) Eden: 244390K(245248K)->0K(245248K) From: 219139K(223232K)->207875K(226816K)
[46.871s][info   ][gc,heap        ] GC(641) ParOldGen: 781876K(1398272K)->947766K(1398272K)
[46.871s][info   ][gc,metaspace   ] GC(641) Metaspace: 213K(448K)->213K(448K) NonClass: 204K(320K)->204K(320K) Class: 9K(128K)->9K(128K)
[46.871s][info   ][gc             ] GC(641) Pause Young (Allocation Failure) 1216M->1128M(1826M) 55.397ms
[46.871s][info   ][gc,cpu         ] GC(641) User=0.22s Sys=0.00s Real=0.06s
[46.901s][info   ][gc,start       ] GC(642) Pause Young (Allocation Failure)
[46.953s][info   ][gc,heap        ] GC(642) PSYoungGen: 452279K(472064K)->200707K(474112K) Eden: 244403K(245248K)->0K(248320K) From: 207875K(226816K)->200707K(225792K)
[46.954s][info   ][gc,heap        ] GC(642) ParOldGen: 947766K(1398272K)->1107513K(1398272K)
[46.954s][info   ][gc,metaspace   ] GC(642) Metaspace: 213K(448K)->213K(448K) NonClass: 204K(320K)->204K(320K) Class: 9K(128K)->9K(128K)
[46.954s][info   ][gc             ] GC(642) Pause Young (Allocation Failure) 1367M->1277M(1828M) 52.664ms
[46.954s][info   ][gc,cpu         ] GC(642) User=0.21s Sys=0.00s Real=0.05s
[46.982s][info   ][gc,start       ] GC(643) Pause Young (Allocation Failure)
[47.032s][info   ][gc,heap        ] GC(643) PSYoungGen: 448251K(474112K)->206851K(473088K) Eden: 247544K(248320K)->0K(248320K) From: 200707K(225792K)->206851K(224768K)
[47.032s][info   ][gc,heap        ] GC(643) ParOldGen: 1107513K(1398272K)->1233466K(1398272K)
[47.032s][info   ][gc,metaspace   ] GC(643) Metaspace: 213K(448K)->213K(448K) NonClass: 204K(320K)->204K(320K) Class: 9K(128K)->9K(128K)
[47.032s][info   ][gc             ] GC(643) Pause Young (Allocation Failure) 1519M->1406M(1827M) 49.789ms
[47.032s][info   ][gc,cpu         ] GC(643) User=0.20s Sys=0.00s Real=0.05s
[47.032s][info   ][gc,start       ] GC(644) Pause Full (Ergonomics)
[47.032s][info   ][gc,phases,start] GC(644) Marking Phase
[47.033s][info   ][gc,phases      ] GC(644) Marking Phase 0.901ms
[47.033s][info   ][gc,phases,start] GC(644) Summary Phase
[47.033s][info   ][gc,phases      ] GC(644) Summary Phase 0.025ms
[47.033s][info   ][gc,phases,start] GC(644) Adjust Roots
[47.033s][info   ][gc,phases      ] GC(644) Adjust Roots 0.177ms
[47.033s][info   ][gc,phases,start] GC(644) Compaction Phase
[47.108s][info   ][gc,phases      ] GC(644) Compaction Phase 74.029ms
[47.108s][info   ][gc,phases,start] GC(644) Post Compact
[47.114s][info   ][gc,phases      ] GC(644) Post Compact 6.271ms
[47.114s][info   ][gc,heap        ] GC(644) PSYoungGen: 206851K(473088K)->0K(475648K) Eden: 0K(248320K)->0K(252416K) From: 206851K(224768K)->0K(223232K)
[47.114s][info   ][gc,heap        ] GC(644) ParOldGen: 1233466K(1398272K)->638513K(1398272K)
[47.114s][info   ][gc,metaspace   ] GC(644) Metaspace: 213K(448K)->213K(448K) NonClass: 204K(320K)->204K(320K) Class: 9K(128K)->9K(128K)
[47.114s][info   ][gc             ] GC(644) Pause Full (Ergonomics) 1406M->623M(1830M) 81.676ms
[47.114s][info   ][gc,cpu         ] GC(644) User=0.29s Sys=0.00s Real=0.08s
[47.146s][info   ][gc,start       ] GC(645) Pause Young (Allocation Failure)
[47.178s][info   ][gc,heap        ] GC(645) PSYoungGen: 251726K(475648K)->209923K(475648K) Eden: 251726K(252416K)->0K(252416K) From: 0K(223232K)->209923K(223232K)
[47.178s][info   ][gc,heap        ] GC(645) ParOldGen: 638513K(1398272K)->638513K(1398272K)
[47.178s][info   ][gc,metaspace   ] GC(645) Metaspace: 213K(448K)->213K(448K) NonClass: 204K(320K)->204K(320K) Class: 9K(128K)->9K(128K)
[47.178s][info   ][gc             ] GC(645) Pause Young (Allocation Failure) 869M->828M(1830M) 31.630ms
[47.178s][info   ][gc,cpu         ] GC(645) User=0.12s Sys=0.01s Real=0.03s
[47.207s][info   ][gc,start       ] GC(646) Pause Young (Allocation Failure)
[47.260s][info   ][gc,heap        ] GC(646) PSYoungGen: 461595K(475648K)->207875K(476672K) Eden: 251672K(252416K)->0K(253440K) From: 209923K(223232K)->207875K(223232K)
[47.260s][info   ][gc,heap        ] GC(646) ParOldGen: 638513K(1398272K)->786996K(1398272K)
[47.260s][info   ][gc,metaspace   ] GC(646) Metaspace: 213K(448K)->213K(448K) NonClass: 204K(320K)->204K(320K) Class: 9K(128K)->9K(128K)
[47.260s][info   ][gc             ] GC(646) Pause Young (Allocation Failure) 1074M->971M(1831M) 52.362ms
[47.260s][info   ][gc,cpu         ] GC(646) User=0.20s Sys=0.00s Real=0.05s
[47.289s][info   ][gc,start       ] GC(647) Pause Young (Allocation Failure)
[47.338s][info   ][gc,heap        ] GC(647) PSYoungGen: 460614K(476672K)->199683K(475648K) Eden: 252739K(253440K)->0K(253440K) From: 207875K(223232K)->199683K(222208K)
[47.338s][info   ][gc,heap        ] GC(647) ParOldGen: 786996K(1398272K)->922166K(1398272K)
[47.338s][info   ][gc,metaspace   ] GC(647) Metaspace: 213K(448K)->213K(448K) NonClass: 204K(320K)->204K(320K) Class: 9K(128K)->9K(128K)
[47.338s][info   ][gc             ] GC(647) Pause Young (Allocation Failure) 1218M->1095M(1830M) 48.989ms
[47.338s][info   ][gc,cpu         ] GC(647) User=0.19s Sys=0.00s Real=0.05s
[47.368s][info   ][gc,start       ] GC(648) Pause Young (Allocation Failure)
[47.420s][info   ][gc,heap        ] GC(648) PSYoungGen: 452437K(475648K)->209923K(476160K) Eden: 252754K(253440K)->0K(254464K) From: 199683K(222208K)->209923K(221696K)
[47.421s][info   ][gc,heap        ] GC(648) ParOldGen: 922166K(1398272K)->1066552K(1398272K)
[47.421s][info   ][gc,metaspace   ] GC(648) Metaspace: 213K(448K)->213K(448K) NonClass: 204K(320K)->204K(320K) Class: 9K(128K)->9K(128K)
[47.421s][info   ][gc             ] GC(648) Pause Young (Allocation Failure) 1342M->1246M(1830M) 52.267ms
[47.421s][info   ][gc,cpu         ] GC(648) User=0.21s Sys=0.00s Real=0.05s
[47.450s][info   ][gc,start       ] GC(649) Pause Young (Allocation Failure)
[47.501s][info   ][gc,heap        ] GC(649) PSYoungGen: 463730K(476160K)->198659K(476672K) Eden: 253807K(254464K)->0K(254464K) From: 209923K(221696K)->198659K(222208K)
[47.501s][info   ][gc,heap        ] GC(649) ParOldGen: 1066552K(1398272K)->1204794K(1398272K)
[47.501s][info   ][gc,metaspace   ] GC(649) Metaspace: 213K(448K)->213K(448K) NonClass: 204K(320K)->204K(320K) Class: 9K(128K)->9K(128K)
[47.501s][info   ][gc             ] GC(649) Pause Young (Allocation Failure) 1494M->1370M(1831M) 50.478ms
[47.501s][info   ][gc,cpu         ] GC(649) User=0.20s Sys=0.00s Real=0.05s
[47.531s][info   ][gc,start       ] GC(650) Pause Young (Allocation Failure)
[47.579s][info   ][gc,heap        ] GC(650) PSYoungGen: 452472K(476672K)->196611K(477696K) Eden: 253813K(254464K)->0K(256000K) From: 198659K(222208K)->196611K(221696K)
[47.579s][info   ][gc,heap        ] GC(650) ParOldGen: 1204794K(1398272K)->1328700K(1398272K)
[47.579s][info   ][gc,metaspace   ] GC(650) Metaspace: 213K(448K)->213K(448K) NonClass: 204K(320K)->204K(320K) Class: 9K(128K)->9K(128K)
[47.579s][info   ][gc             ] GC(650) Pause Young (Allocation Failure) 1618M->1489M(1832M) 47.256ms
[47.579s][info   ][gc,cpu         ] GC(650) User=0.19s Sys=0.00s Real=0.05s
[47.579s][info   ][gc,start       ] GC(651) Pause Full (Ergonomics)
[47.579s][info   ][gc,phases,start] GC(651) Marking Phase
[47.580s][info   ][gc,phases      ] GC(651) Marking Phase 0.844ms
[47.580s][info   ][gc,phases,start] GC(651) Summary Phase
[47.580s][info   ][gc,phases      ] GC(651) Summary Phase 0.029ms
[47.580s][info   ][gc,phases,start] GC(651) Adjust Roots
[47.580s][info   ][gc,phases      ] GC(651) Adjust Roots 0.158ms
[47.580s][info   ][gc,phases,start] GC(651) Compaction Phase
[47.648s][info   ][gc,phases      ] GC(651) Compaction Phase 68.351ms
[47.648s][info   ][gc,phases,start] GC(651) Post Compact
[47.655s][info   ][gc,phases      ] GC(651) Post Compact 7.055ms
[47.655s][info   ][gc,heap        ] GC(651) PSYoungGen: 196611K(477696K)->0K(477184K) Eden: 0K(256000K)->0K(256000K) From: 196611K(221696K)->0K(221184K)
[47.655s][info   ][gc,heap        ] GC(651) ParOldGen: 1328700K(1398272K)->595505K(1398272K)
[47.655s][info   ][gc,metaspace   ] GC(651) Metaspace: 213K(448K)->213K(448K) NonClass: 204K(320K)->204K(320K) Class: 9K(128K)->9K(128K)
[47.655s][info   ][gc             ] GC(651) Pause Full (Ergonomics) 1489M->581M(1831M) 76.693ms
[47.655s][info   ][gc,cpu         ] GC(651) User=0.28s Sys=0.00s Real=0.07s
[47.687s][info   ][gc,start       ] GC(652) Pause Young (Allocation Failure)
[47.719s][info   ][gc,heap        ] GC(652) PSYoungGen: 255895K(477184K)->220163K(468480K) Eden: 255895K(256000K)->0K(247296K) From: 0K(221184K)->220163K(221184K)
[47.720s][info   ][gc,heap        ] GC(652) ParOldGen: 595505K(1398272K)->597553K(1398272K)
[47.720s][info   ][gc,metaspace   ] GC(652) Metaspace: 213K(448K)->213K(448K) NonClass: 204K(320K)->204K(320K) Class: 9K(128K)->9K(128K)
[47.720s][info   ][gc             ] GC(652) Pause Young (Allocation Failure) 831M->798M(1823M) 33.039ms
[47.720s][info   ][gc,cpu         ] GC(652) User=0.13s Sys=0.00s Real=0.03s
[47.751s][info   ][gc,start       ] GC(653) Pause Young (Allocation Failure)
[47.802s][info   ][gc,heap        ] GC(653) PSYoungGen: 466619K(468480K)->199683K(473088K) Eden: 246456K(247296K)->0K(247296K) From: 220163K(221184K)->199683K(225792K)
[47.802s][info   ][gc,heap        ] GC(653) ParOldGen: 597553K(1398272K)->735795K(1398272K)
[47.802s][info   ][gc,metaspace   ] GC(653) Metaspace: 213K(448K)->213K(448K) NonClass: 204K(320K)->204K(320K) Class: 9K(128K)->9K(128K)
[47.802s][info   ][gc             ] GC(653) Pause Young (Allocation Failure) 1039M->913M(1827M) 50.891ms
[47.802s][info   ][gc,cpu         ] GC(653) User=0.21s Sys=0.00s Real=0.05s
[47.831s][info   ][gc,start       ] GC(654) Pause Young (Allocation Failure)
[47.881s][info   ][gc,heap        ] GC(654) PSYoungGen: 446160K(473088K)->206851K(475648K) Eden: 246477K(247296K)->0K(250880K) From: 199683K(225792K)->206851K(224768K)
[47.881s][info   ][gc,heap        ] GC(654) ParOldGen: 735795K(1398272K)->869941K(1398272K)
[47.881s][info   ][gc,metaspace   ] GC(654) Metaspace: 213K(448K)->213K(448K) NonClass: 204K(320K)->204K(320K) Class: 9K(128K)->9K(128K)
[47.881s][info   ][gc             ] GC(654) Pause Young (Allocation Failure) 1154M->1051M(1830M) 50.370ms
[47.881s][info   ][gc,cpu         ] GC(654) User=0.20s Sys=0.00s Real=0.05s
[47.910s][info   ][gc,start       ] GC(655) Pause Young (Allocation Failure)
[47.960s][info   ][gc,heap        ] GC(655) PSYoungGen: 457508K(475648K)->196611K(474112K) Eden: 250657K(250880K)->0K(250880K) From: 206851K(224768K)->196611K(223232K)
[47.960s][info   ][gc,heap        ] GC(655) ParOldGen: 869941K(1398272K)->1012279K(1398272K)
[47.960s][info   ][gc,metaspace   ] GC(655) Metaspace: 213K(448K)->213K(448K) NonClass: 204K(320K)->204K(320K) Class: 9K(128K)->9K(128K)
[47.960s][info   ][gc             ] GC(655) Pause Young (Allocation Failure) 1296M->1180M(1828M) 49.542ms
[47.960s][info   ][gc,cpu         ] GC(655) User=0.19s Sys=0.00s Real=0.05s
[47.989s][info   ][gc,start       ] GC(656) Pause Young (Allocation Failure)
[48.039s][info   ][gc,heap        ] GC(656) PSYoungGen: 447277K(474112K)->191490K(475648K) Eden: 250666K(250880K)->0K(252416K) From: 196611K(223232K)->191490K(223232K)
[48.039s][info   ][gc,heap        ] GC(656) ParOldGen: 1012279K(1398272K)->1138233K(1398272K)
[48.039s][info   ][gc,metaspace   ] GC(656) Metaspace: 213K(448K)->213K(448K) NonClass: 204K(320K)->204K(320K) Class: 9K(128K)->9K(128K)
[48.039s][info   ][gc             ] GC(656) Pause Young (Allocation Failure) 1425M->1298M(1830M) 49.714ms
[48.039s][info   ][gc,cpu         ] GC(656) User=0.19s Sys=0.00s Real=0.05s
[48.069s][info   ][gc,start       ] GC(657) Pause Young (Allocation Failure)
[48.118s][info   ][gc,heap        ] GC(657) PSYoungGen: 443217K(475648K)->208899K(461824K) Eden: 251726K(252416K)->0K(252416K) From: 191490K(223232K)->208899K(209408K)
[48.118s][info   ][gc,heap        ] GC(657) ParOldGen: 1138233K(1398272K)->1258043K(1398272K)
[48.118s][info   ][gc,metaspace   ] GC(657) Metaspace: 213K(448K)->213K(448K) NonClass: 204K(320K)->204K(320K) Class: 9K(128K)->9K(128K)
[48.118s][info   ][gc             ] GC(657) Pause Young (Allocation Failure) 1544M->1432M(1816M) 48.660ms
[48.118s][info   ][gc,cpu         ] GC(657) User=0.19s Sys=0.00s Real=0.05s
[48.118s][info   ][gc,start       ] GC(658) Pause Full (Ergonomics)
[48.118s][info   ][gc,phases,start] GC(658) Marking Phase
[48.119s][info   ][gc,phases      ] GC(658) Marking Phase 0.850ms
[48.119s][info   ][gc,phases,start] GC(658) Summary Phase
[48.119s][info   ][gc,phases      ] GC(658) Summary Phase 0.029ms
[48.119s][info   ][gc,phases,start] GC(658) Adjust Roots
[48.119s][info   ][gc,phases      ] GC(658) Adjust Roots 0.165ms
[48.119s][info   ][gc,phases,start] GC(658) Compaction Phase
[48.188s][info   ][gc,phases      ] GC(658) Compaction Phase 68.778ms
[48.188s][info   ][gc,phases,start] GC(658) Post Compact
[48.195s][info   ][gc,phases      ] GC(658) Post Compact 6.960ms
[48.195s][info   ][gc,heap        ] GC(658) PSYoungGen: 208899K(461824K)->0K(475136K) Eden: 0K(252416K)->0K(251392K) From: 208899K(209408K)->0K(223744K)
[48.195s][info   ][gc,heap        ] GC(658) ParOldGen: 1258043K(1398272K)->599601K(1398272K)
[48.195s][info   ][gc,metaspace   ] GC(658) Metaspace: 213K(448K)->213K(448K) NonClass: 204K(320K)->204K(320K) Class: 9K(128K)->9K(128K)
[48.195s][info   ][gc             ] GC(658) Pause Full (Ergonomics) 1432M->585M(1829M) 77.046ms
[48.195s][info   ][gc,cpu         ] GC(658) User=0.28s Sys=0.00s Real=0.07s
[48.226s][info   ][gc,start       ] GC(659) Pause Young (Allocation Failure)
[48.258s][info   ][gc,heap        ] GC(659) PSYoungGen: 250686K(475136K)->209923K(475136K) Eden: 250686K(251392K)->0K(251392K) From: 0K(223744K)->209923K(223744K)
[48.258s][info   ][gc,heap        ] GC(659) ParOldGen: 599601K(1398272K)->599601K(1398272K)
[48.258s][info   ][gc,metaspace   ] GC(659) Metaspace: 213K(448K)->213K(448K) NonClass: 204K(320K)->204K(320K) Class: 9K(128K)->9K(128K)
[48.258s][info   ][gc             ] GC(659) Pause Young (Allocation Failure) 830M->790M(1829M) 32.326ms
[48.258s][info   ][gc,cpu         ] GC(659) User=0.12s Sys=0.00s Real=0.04s
[48.288s][info   ][gc,start       ] GC(660) Pause Young (Allocation Failure)
[48.338s][info   ][gc,heap        ] GC(660) PSYoungGen: 460554K(475136K)->198659K(476160K) Eden: 250630K(251392K)->0K(252416K) From: 209923K(223744K)->198659K(223744K)
[48.338s][info   ][gc,heap        ] GC(660) ParOldGen: 599601K(1398272K)->736819K(1398272K)
[48.338s][info   ][gc,metaspace   ] GC(660) Metaspace: 213K(448K)->213K(448K) NonClass: 204K(320K)->204K(320K) Class: 9K(128K)->9K(128K)
[48.338s][info   ][gc             ] GC(660) Pause Young (Allocation Failure) 1035M->913M(1830M) 49.889ms
[48.338s][info   ][gc,cpu         ] GC(660) User=0.18s Sys=0.00s Real=0.05s
[48.369s][info   ][gc,start       ] GC(661) Pause Young (Allocation Failure)
[48.418s][info   ][gc,heap        ] GC(661) PSYoungGen: 450355K(476160K)->203779K(475136K) Eden: 251696K(252416K)->0K(252416K) From: 198659K(223744K)->203779K(222720K)
[48.418s][info   ][gc,heap        ] GC(661) ParOldGen: 736819K(1398272K)->859701K(1398272K)
[48.418s][info   ][gc,metaspace   ] GC(661) Metaspace: 213K(448K)->213K(448K) NonClass: 204K(320K)->204K(320K) Class: 9K(128K)->9K(128K)
[48.418s][info   ][gc             ] GC(661) Pause Young (Allocation Failure) 1159M->1038M(1829M) 48.237ms
[48.418s][info   ][gc,cpu         ] GC(661) User=0.19s Sys=0.00s Real=0.05s
[48.447s][info   ][gc,start       ] GC(662) Pause Young (Allocation Failure)
[48.499s][info   ][gc,heap        ] GC(662) PSYoungGen: 455490K(475136K)->199683K(478720K) Eden: 251711K(252416K)->0K(257536K) From: 203779K(222720K)->199683K(221184K)
[48.499s][info   ][gc,heap        ] GC(662) ParOldGen: 859701K(1398272K)->1001015K(1398272K)
[48.499s][info   ][gc,metaspace   ] GC(662) Metaspace: 213K(448K)->213K(448K) NonClass: 204K(320K)->204K(320K) Class: 9K(128K)->9K(128K)
[48.499s][info   ][gc             ] GC(662) Pause Young (Allocation Failure) 1284M->1172M(1833M) 51.995ms
[48.499s][info   ][gc,cpu         ] GC(662) User=0.20s Sys=0.00s Real=0.05s
[48.532s][info   ][gc,start       ] GC(663) Pause Young (Allocation Failure)
[48.582s][info   ][gc,heap        ] GC(663) PSYoungGen: 456623K(478720K)->210947K(477696K) Eden: 256940K(257536K)->0K(257536K) From: 199683K(221184K)->210947K(220160K)
[48.582s][info   ][gc,heap        ] GC(663) ParOldGen: 1001015K(1398272K)->1116729K(1398272K)
[48.582s][info   ][gc,metaspace   ] GC(663) Metaspace: 213K(448K)->213K(448K) NonClass: 204K(320K)->204K(320K) Class: 9K(128K)->9K(128K)
[48.582s][info   ][gc             ] GC(663) Pause Young (Allocation Failure) 1423M->1296M(1832M) 49.448ms
[48.582s][info   ][gc,cpu         ] GC(663) User=0.20s Sys=0.00s Real=0.05s
[48.613s][info   ][gc,start       ] GC(664) Pause Young (Allocation Failure)
[48.669s][info   ][gc,heap        ] GC(664) PSYoungGen: 467893K(477696K)->215043K(472576K) Eden: 256946K(257536K)->0K(251392K) From: 210947K(220160K)->215043K(221184K)
[48.669s][info   ][gc,heap        ] GC(664) ParOldGen: 1116729K(1398272K)->1255995K(1398272K)
[48.669s][info   ][gc,metaspace   ] GC(664) Metaspace: 213K(448K)->213K(448K) NonClass: 204K(320K)->204K(320K) Class: 9K(128K)->9K(128K)
[48.669s][info   ][gc             ] GC(664) Pause Young (Allocation Failure) 1547M->1436M(1827M) 56.289ms
[48.669s][info   ][gc,cpu         ] GC(664) User=0.22s Sys=0.00s Real=0.06s
[48.670s][info   ][gc,start       ] GC(665) Pause Full (Ergonomics)
[48.670s][info   ][gc,phases,start] GC(665) Marking Phase
[48.671s][info   ][gc,phases      ] GC(665) Marking Phase 1.194ms
[48.671s][info   ][gc,phases,start] GC(665) Summary Phase
[48.671s][info   ][gc,phases      ] GC(665) Summary Phase 0.052ms
[48.671s][info   ][gc,phases,start] GC(665) Adjust Roots
[48.671s][info   ][gc,phases      ] GC(665) Adjust Roots 0.292ms
[48.671s][info   ][gc,phases,start] GC(665) Compaction Phase
[48.748s][info   ][gc,phases      ] GC(665) Compaction Phase 76.682ms
[48.748s][info   ][gc,phases,start] GC(665) Post Compact
[48.755s][info   ][gc,phases      ] GC(665) Post Compact 7.091ms
[48.755s][info   ][gc,heap        ] GC(665) PSYoungGen: 215043K(472576K)->0K(475136K) Eden: 0K(251392K)->0K(251392K) From: 215043K(221184K)->0K(223744K)
[48.755s][info   ][gc,heap        ] GC(665) ParOldGen: 1255995K(1398272K)->598577K(1398272K)
[48.755s][info   ][gc,metaspace   ] GC(665) Metaspace: 213K(448K)->213K(448K) NonClass: 204K(320K)->204K(320K) Class: 9K(128K)->9K(128K)
[48.755s][info   ][gc             ] GC(665) Pause Full (Ergonomics) 1436M->584M(1829M) 85.661ms
[48.755s][info   ][gc,cpu         ] GC(665) User=0.31s Sys=0.00s Real=0.08s
[48.789s][info   ][gc,start       ] GC(666) Pause Young (Allocation Failure)
[48.822s][info   ][gc,heap        ] GC(666) PSYoungGen: 250685K(475136K)->206851K(476672K) Eden: 250685K(251392K)->0K(252928K) From: 0K(223744K)->206851K(223744K)
[48.822s][info   ][gc,heap        ] GC(666) ParOldGen: 598577K(1398272K)->598577K(1398272K)
[48.822s][info   ][gc,metaspace   ] GC(666) Metaspace: 213K(448K)->213K(448K) NonClass: 204K(320K)->204K(320K) Class: 9K(128K)->9K(128K)
[48.822s][info   ][gc             ] GC(666) Pause Young (Allocation Failure) 829M->786M(1831M) 32.943ms
[48.822s][info   ][gc,cpu         ] GC(666) User=0.13s Sys=0.00s Real=0.03s
[48.853s][info   ][gc,start       ] GC(667) Pause Young (Allocation Failure)
[48.904s][info   ][gc,heap        ] GC(667) PSYoungGen: 459559K(476672K)->206851K(475136K) Eden: 252708K(252928K)->0K(252928K) From: 206851K(223744K)->206851K(222208K)
[48.904s][info   ][gc,heap        ] GC(667) ParOldGen: 598577K(1398272K)->726579K(1398272K)
[48.904s][info   ][gc,metaspace   ] GC(667) Metaspace: 213K(448K)->213K(448K) NonClass: 204K(320K)->204K(320K) Class: 9K(128K)->9K(128K)
[48.905s][info   ][gc             ] GC(667) Pause Young (Allocation Failure) 1033M->911M(1829M) 51.664ms
[48.905s][info   ][gc,cpu         ] GC(667) User=0.20s Sys=0.00s Real=0.05s
[48.936s][info   ][gc,start       ] GC(668) Pause Young (Allocation Failure)
[48.990s][info   ][gc,heap        ] GC(668) PSYoungGen: 459582K(475136K)->208899K(478208K) Eden: 252730K(252928K)->0K(257024K) From: 206851K(222208K)->208899K(221184K)
[48.990s][info   ][gc,heap        ] GC(668) ParOldGen: 726579K(1398272K)->870965K(1398272K)
[48.990s][info   ][gc,metaspace   ] GC(668) Metaspace: 213K(448K)->213K(448K) NonClass: 204K(320K)->204K(320K) Class: 9K(128K)->9K(128K)
[48.990s][info   ][gc             ] GC(668) Pause Young (Allocation Failure) 1158M->1054M(1832M) 53.874ms
[48.990s][info   ][gc,cpu         ] GC(668) User=0.21s Sys=0.00s Real=0.05s
[49.023s][info   ][gc,start       ] GC(669) Pause Young (Allocation Failure)
[49.079s][info   ][gc,heap        ] GC(669) PSYoungGen: 465820K(478208K)->220163K(477696K) Eden: 256921K(257024K)->0K(257024K) From: 208899K(221184K)->220163K(220672K)
[49.079s][info   ][gc,heap        ] GC(669) ParOldGen: 870965K(1398272K)->1018423K(1398272K)
[49.079s][info   ][gc,metaspace   ] GC(669) Metaspace: 213K(448K)->213K(448K) NonClass: 204K(320K)->204K(320K) Class: 9K(128K)->9K(128K)
[49.079s][info   ][gc             ] GC(669) Pause Young (Allocation Failure) 1305M->1209M(1832M) 56.258ms
[49.079s][info   ][gc,cpu         ] GC(669) User=0.22s Sys=0.00s Real=0.06s
[49.109s][info   ][gc,start       ] GC(670) Pause Young (Allocation Failure)
[49.172s][info   ][gc,heap        ] GC(670) PSYoungGen: 477093K(477696K)->220163K(464384K) Eden: 256930K(257024K)->0K(243200K) From: 220163K(220672K)->220163K(221184K)
[49.172s][info   ][gc,heap        ] GC(670) ParOldGen: 1018423K(1398272K)->1191482K(1398272K)
[49.172s][info   ][gc,metaspace   ] GC(670) Metaspace: 213K(448K)->213K(448K) NonClass: 204K(320K)->204K(320K) Class: 9K(128K)->9K(128K)
[49.172s][info   ][gc             ] GC(670) Pause Young (Allocation Failure) 1460M->1378M(1819M) 63.038ms
[49.172s][info   ][gc,cpu         ] GC(670) User=0.24s Sys=0.00s Real=0.06s
[49.203s][info   ][gc,start       ] GC(671) Pause Young (Allocation Failure)
[49.256s][info   ][gc,heap        ] GC(671) PSYoungGen: 462493K(464384K)->195586K(471040K) Eden: 242329K(243200K)->0K(243200K) From: 220163K(221184K)->195586K(227840K)
[49.256s][info   ][gc,heap        ] GC(671) ParOldGen: 1191482K(1398272K)->1354300K(1398272K)
[49.256s][info   ][gc,metaspace   ] GC(671) Metaspace: 213K(448K)->213K(448K) NonClass: 204K(320K)->204K(320K) Class: 9K(128K)->9K(128K)
[49.256s][info   ][gc             ] GC(671) Pause Young (Allocation Failure) 1615M->1513M(1825M) 53.054ms
[49.256s][info   ][gc,cpu         ] GC(671) User=0.21s Sys=0.00s Real=0.06s
[49.256s][info   ][gc,start       ] GC(672) Pause Full (Ergonomics)
[49.256s][info   ][gc,phases,start] GC(672) Marking Phase
[49.257s][info   ][gc,phases      ] GC(672) Marking Phase 0.906ms
[49.257s][info   ][gc,phases,start] GC(672) Summary Phase
[49.257s][info   ][gc,phases      ] GC(672) Summary Phase 0.026ms
[49.257s][info   ][gc,phases,start] GC(672) Adjust Roots
[49.257s][info   ][gc,phases      ] GC(672) Adjust Roots 0.146ms
[49.257s][info   ][gc,phases,start] GC(672) Compaction Phase
[49.345s][info   ][gc,phases      ] GC(672) Compaction Phase 87.688ms
[49.345s][info   ][gc,phases,start] GC(672) Post Compact
[49.353s][info   ][gc,phases      ] GC(672) Post Compact 7.598ms
[49.353s][info   ][gc,heap        ] GC(672) PSYoungGen: 195586K(471040K)->0K(471040K) Eden: 0K(243200K)->0K(243200K) From: 195586K(227840K)->0K(227840K)
[49.353s][info   ][gc,heap        ] GC(672) ParOldGen: 1354300K(1398272K)->727603K(1398272K)
[49.353s][info   ][gc,metaspace   ] GC(672) Metaspace: 213K(448K)->213K(448K) NonClass: 204K(320K)->204K(320K) Class: 9K(128K)->9K(128K)
[49.353s][info   ][gc             ] GC(672) Pause Full (Ergonomics) 1513M->710M(1825M) 96.645ms
[49.353s][info   ][gc,cpu         ] GC(672) User=0.36s Sys=0.01s Real=0.09s
[49.383s][info   ][gc,start       ] GC(673) Pause Young (Allocation Failure)
[49.415s][info   ][gc,heap        ] GC(673) PSYoungGen: 242333K(471040K)->205827K(471040K) Eden: 242333K(243200K)->0K(243200K) From: 0K(227840K)->205827K(227840K)
[49.415s][info   ][gc,heap        ] GC(673) ParOldGen: 727603K(1398272K)->727603K(1398272K)
[49.415s][info   ][gc,metaspace   ] GC(673) Metaspace: 213K(448K)->213K(448K) NonClass: 204K(320K)->204K(320K) Class: 9K(128K)->9K(128K)
[49.415s][info   ][gc             ] GC(673) Pause Young (Allocation Failure) 947M->911M(1825M) 31.781ms
[49.415s][info   ][gc,cpu         ] GC(673) User=0.13s Sys=0.00s Real=0.03s
[49.444s][info   ][gc,start       ] GC(674) Pause Young (Allocation Failure)
[49.497s][info   ][gc,heap        ] GC(674) PSYoungGen: 448105K(471040K)->204803K(474112K) Eden: 242278K(243200K)->0K(247808K) From: 205827K(227840K)->204803K(226304K)
[49.497s][info   ][gc,heap        ] GC(674) ParOldGen: 727603K(1398272K)->880181K(1398272K)
[49.497s][info   ][gc,metaspace   ] GC(674) Metaspace: 213K(448K)->213K(448K) NonClass: 204K(320K)->204K(320K) Class: 9K(128K)->9K(128K)
[49.497s][info   ][gc             ] GC(674) Pause Young (Allocation Failure) 1148M->1059M(1828M) 52.879ms
[49.497s][info   ][gc,cpu         ] GC(674) User=0.21s Sys=0.00s Real=0.06s
[49.528s][info   ][gc,start       ] GC(675) Pause Young (Allocation Failure)
[49.581s][info   ][gc,heap        ] GC(675) PSYoungGen: 452313K(474112K)->204803K(472576K) Eden: 247509K(247808K)->0K(247808K) From: 204803K(226304K)->204803K(224768K)
[49.581s][info   ][gc,heap        ] GC(675) ParOldGen: 880181K(1398272K)->1022519K(1398272K)
[49.581s][info   ][gc,metaspace   ] GC(675) Metaspace: 213K(448K)->213K(448K) NonClass: 204K(320K)->204K(320K) Class: 9K(128K)->9K(128K)
[49.581s][info   ][gc             ] GC(675) Pause Young (Allocation Failure) 1301M->1198M(1827M) 53.135ms
[49.581s][info   ][gc,cpu         ] GC(675) User=0.19s Sys=0.00s Real=0.05s
[49.610s][info   ][gc,start       ] GC(676) Pause Young (Allocation Failure)
[49.661s][info   ][gc,heap        ] GC(676) PSYoungGen: 452327K(472576K)->196611K(475648K) Eden: 247524K(247808K)->0K(252416K) From: 204803K(224768K)->196611K(223232K)
[49.661s][info   ][gc,heap        ] GC(676) ParOldGen: 1022519K(1398272K)->1162809K(1398272K)
[49.661s][info   ][gc,metaspace   ] GC(676) Metaspace: 213K(448K)->213K(448K) NonClass: 204K(320K)->204K(320K) Class: 9K(128K)->9K(128K)
[49.661s][info   ][gc             ] GC(676) Pause Young (Allocation Failure) 1440M->1327M(1830M) 50.668ms
[49.661s][info   ][gc,cpu         ] GC(676) User=0.19s Sys=0.00s Real=0.05s
[49.693s][info   ][gc,start       ] GC(677) Pause Young (Allocation Failure)
[49.746s][info   ][gc,heap        ] GC(677) PSYoungGen: 448330K(475648K)->211971K(464896K) Eden: 251719K(252416K)->0K(252416K) From: 196611K(223232K)->211971K(212480K)
[49.746s][info   ][gc,heap        ] GC(677) ParOldGen: 1162809K(1398272K)->1290811K(1398272K)
[49.746s][info   ][gc,metaspace   ] GC(677) Metaspace: 213K(448K)->213K(448K) NonClass: 204K(320K)->204K(320K) Class: 9K(128K)->9K(128K)
[49.746s][info   ][gc             ] GC(677) Pause Young (Allocation Failure) 1573M->1467M(1819M) 53.159ms
[49.746s][info   ][gc,cpu         ] GC(677) User=0.20s Sys=0.00s Real=0.06s
[49.746s][info   ][gc,start       ] GC(678) Pause Full (Ergonomics)
[49.746s][info   ][gc,phases,start] GC(678) Marking Phase
[49.747s][info   ][gc,phases      ] GC(678) Marking Phase 1.166ms
[49.747s][info   ][gc,phases,start] GC(678) Summary Phase
[49.747s][info   ][gc,phases      ] GC(678) Summary Phase 0.030ms
[49.747s][info   ][gc,phases,start] GC(678) Adjust Roots
[49.748s][info   ][gc,phases      ] GC(678) Adjust Roots 0.195ms
[49.748s][info   ][gc,phases,start] GC(678) Compaction Phase
[49.833s][info   ][gc,phases      ] GC(678) Compaction Phase 85.028ms
[49.833s][info   ][gc,phases,start] GC(678) Post Compact
[49.839s][info   ][gc,phases      ] GC(678) Post Compact 6.503ms
[49.839s][info   ][gc,heap        ] GC(678) PSYoungGen: 211971K(464896K)->0K(474624K) Eden: 0K(252416K)->0K(250368K) From: 211971K(212480K)->0K(224256K)
[49.839s][info   ][gc,heap        ] GC(678) ParOldGen: 1290811K(1398272K)->682546K(1398272K)
[49.839s][info   ][gc,metaspace   ] GC(678) Metaspace: 213K(448K)->213K(448K) NonClass: 204K(320K)->204K(320K) Class: 9K(128K)->9K(128K)
[49.839s][info   ][gc             ] GC(678) Pause Full (Ergonomics) 1467M->666M(1829M) 93.252ms
[49.840s][info   ][gc,cpu         ] GC(678) User=0.35s Sys=0.00s Real=0.09s
[49.872s][info   ][gc,start       ] GC(679) Pause Young (Allocation Failure)
[49.903s][info   ][gc,heap        ] GC(679) PSYoungGen: 249637K(474624K)->198659K(474624K) Eden: 249637K(250368K)->0K(250368K) From: 0K(224256K)->198659K(224256K)
[49.903s][info   ][gc,heap        ] GC(679) ParOldGen: 682546K(1398272K)->682546K(1398272K)
[49.903s][info   ][gc,metaspace   ] GC(679) Metaspace: 213K(448K)->213K(448K) NonClass: 204K(320K)->204K(320K) Class: 9K(128K)->9K(128K)
[49.903s][info   ][gc             ] GC(679) Pause Young (Allocation Failure) 910M->860M(1829M) 31.561ms
[49.903s][info   ][gc,cpu         ] GC(679) User=0.12s Sys=0.00s Real=0.03s
[49.932s][info   ][gc,start       ] GC(680) Pause Young (Allocation Failure)
[49.987s][info   ][gc,heap        ] GC(680) PSYoungGen: 448243K(474624K)->207875K(476160K) Eden: 249584K(250368K)->0K(252416K) From: 198659K(224256K)->207875K(223744K)
[49.987s][info   ][gc,heap        ] GC(680) ParOldGen: 682546K(1398272K)->816692K(1398272K)
[49.987s][info   ][gc,metaspace   ] GC(680) Metaspace: 213K(448K)->213K(448K) NonClass: 204K(320K)->204K(320K) Class: 9K(128K)->9K(128K)
[49.987s][info   ][gc             ] GC(680) Pause Young (Allocation Failure) 1104M->1000M(1830M) 54.497ms
[49.987s][info   ][gc,cpu         ] GC(680) User=0.22s Sys=0.00s Real=0.06s
[50.018s][info   ][gc,start       ] GC(681) Pause Young (Allocation Failure)
[50.074s][info   ][gc,heap        ] GC(681) PSYoungGen: 459570K(476160K)->198659K(475136K) Eden: 251695K(252416K)->0K(252416K) From: 207875K(223744K)->198659K(222720K)
[50.074s][info   ][gc,heap        ] GC(681) ParOldGen: 816692K(1398272K)->962102K(1398272K)
[50.074s][info   ][gc,metaspace   ] GC(681) Metaspace: 213K(448K)->213K(448K) NonClass: 204K(320K)->204K(320K) Class: 9K(128K)->9K(128K)
[50.074s][info   ][gc             ] GC(681) Pause Young (Allocation Failure) 1246M->1133M(1829M) 56.053ms
[50.074s][info   ][gc,cpu         ] GC(681) User=0.22s Sys=0.00s Real=0.05s
[50.104s][info   ][gc,start       ] GC(682) Pause Young (Allocation Failure)
[50.157s][info   ][gc,heap        ] GC(682) PSYoungGen: 450368K(475136K)->206851K(477696K) Eden: 251709K(252416K)->0K(255488K) From: 198659K(222720K)->206851K(222208K)
[50.158s][info   ][gc,heap        ] GC(682) ParOldGen: 962102K(1398272K)->1100344K(1398272K)
[50.158s][info   ][gc,metaspace   ] GC(682) Metaspace: 213K(448K)->213K(448K) NonClass: 204K(320K)->204K(320K) Class: 9K(128K)->9K(128K)
[50.158s][info   ][gc             ] GC(682) Pause Young (Allocation Failure) 1379M->1276M(1832M) 53.313ms
[50.158s][info   ][gc,cpu         ] GC(682) User=0.21s Sys=0.00s Real=0.06s
[50.189s][info   ][gc,start       ] GC(683) Pause Young (Allocation Failure)
[50.242s][info   ][gc,heap        ] GC(683) PSYoungGen: 461702K(477696K)->197635K(476672K) Eden: 254851K(255488K)->0K(255488K) From: 206851K(222208K)->197635K(221184K)
[50.242s][info   ][gc,heap        ] GC(683) ParOldGen: 1100344K(1398272K)->1229370K(1398272K)
[50.242s][info   ][gc,metaspace   ] GC(683) Metaspace: 213K(448K)->213K(448K) NonClass: 204K(320K)->204K(320K) Class: 9K(128K)->9K(128K)
[50.242s][info   ][gc             ] GC(683) Pause Young (Allocation Failure) 1525M->1393M(1831M) 53.084ms
[50.242s][info   ][gc,cpu         ] GC(683) User=0.21s Sys=0.00s Real=0.05s
[50.242s][info   ][gc,start       ] GC(684) Pause Full (Ergonomics)
[50.242s][info   ][gc,phases,start] GC(684) Marking Phase
[50.243s][info   ][gc,phases      ] GC(684) Marking Phase 1.026ms
[50.243s][info   ][gc,phases,start] GC(684) Summary Phase
[50.243s][info   ][gc,phases      ] GC(684) Summary Phase 0.027ms
[50.243s][info   ][gc,phases,start] GC(684) Adjust Roots
[50.243s][info   ][gc,phases      ] GC(684) Adjust Roots 0.181ms
[50.243s][info   ][gc,phases,start] GC(684) Compaction Phase
[50.320s][info   ][gc,phases      ] GC(684) Compaction Phase 76.737ms
[50.320s][info   ][gc,phases,start] GC(684) Post Compact
[50.327s][info   ][gc,phases      ] GC(684) Post Compact 6.521ms
[50.327s][info   ][gc,heap        ] GC(684) PSYoungGen: 197635K(476672K)->0K(478208K) Eden: 0K(255488K)->0K(257536K) From: 197635K(221184K)->0K(220672K)
[50.327s][info   ][gc,heap        ] GC(684) ParOldGen: 1229370K(1398272K)->612913K(1398272K)
[50.327s][info   ][gc,metaspace   ] GC(684) Metaspace: 213K(448K)->213K(448K) NonClass: 204K(320K)->204K(320K) Class: 9K(128K)->9K(128K)
[50.327s][info   ][gc             ] GC(684) Pause Full (Ergonomics) 1393M->598M(1832M) 84.826ms
[50.327s][info   ][gc,cpu         ] GC(684) User=0.31s Sys=0.00s Real=0.09s
[50.359s][info   ][gc,start       ] GC(685) Pause Young (Allocation Failure)
[50.394s][info   ][gc,heap        ] GC(685) PSYoungGen: 256945K(478208K)->220163K(478208K) Eden: 256945K(257536K)->0K(257536K) From: 0K(220672K)->220163K(220672K)
[50.394s][info   ][gc,heap        ] GC(685) ParOldGen: 612913K(1398272K)->614961K(1398272K)
[50.394s][info   ][gc,metaspace   ] GC(685) Metaspace: 213K(448K)->213K(448K) NonClass: 204K(320K)->204K(320K) Class: 9K(128K)->9K(128K)
[50.395s][info   ][gc             ] GC(685) Pause Young (Allocation Failure) 849M->815M(1832M) 35.537ms
[50.395s][info   ][gc,cpu         ] GC(685) User=0.14s Sys=0.00s Real=0.03s
[50.427s][info   ][gc,start       ] GC(686) Pause Young (Allocation Failure)
[50.483s][info   ][gc,heap        ] GC(686) PSYoungGen: 477055K(478208K)->205827K(473088K) Eden: 256892K(257536K)->0K(252416K) From: 220163K(220672K)->205827K(220672K)
[50.483s][info   ][gc,heap        ] GC(686) ParOldGen: 614961K(1398272K)->747059K(1398272K)
[50.483s][info   ][gc,metaspace   ] GC(686) Metaspace: 213K(448K)->213K(448K) NonClass: 204K(320K)->204K(320K) Class: 9K(128K)->9K(128K)
[50.483s][info   ][gc             ] GC(686) Pause Young (Allocation Failure) 1066M->930M(1827M) 55.691ms
[50.483s][info   ][gc,cpu         ] GC(686) User=0.22s Sys=0.00s Real=0.05s
[50.514s][info   ][gc,start       ] GC(687) Pause Young (Allocation Failure)
[50.569s][info   ][gc,heap        ] GC(687) PSYoungGen: 457523K(473088K)->207875K(475648K) Eden: 251696K(252416K)->0K(252416K) From: 205827K(220672K)->207875K(223232K)
[50.569s][info   ][gc,heap        ] GC(687) ParOldGen: 747059K(1398272K)->881205K(1398272K)
[50.569s][info   ][gc,metaspace   ] GC(687) Metaspace: 213K(448K)->213K(448K) NonClass: 204K(320K)->204K(320K) Class: 9K(128K)->9K(128K)
[50.569s][info   ][gc             ] GC(687) Pause Young (Allocation Failure) 1176M->1063M(1830M) 55.113ms
[50.569s][info   ][gc,cpu         ] GC(687) User=0.22s Sys=0.01s Real=0.06s
[50.600s][info   ][gc,start       ] GC(688) Pause Young (Allocation Failure)
[50.655s][info   ][gc,heap        ] GC(688) PSYoungGen: 459585K(475648K)->198659K(477184K) Eden: 251710K(252416K)->0K(254976K) From: 207875K(223232K)->198659K(222208K)
[50.655s][info   ][gc,heap        ] GC(688) ParOldGen: 881205K(1398272K)->1018423K(1398272K)
[50.655s][info   ][gc,metaspace   ] GC(688) Metaspace: 213K(448K)->213K(448K) NonClass: 204K(320K)->204K(320K) Class: 9K(128K)->9K(128K)
[50.655s][info   ][gc             ] GC(688) Pause Young (Allocation Failure) 1309M->1188M(1831M) 55.016ms
[50.655s][info   ][gc,cpu         ] GC(688) User=0.22s Sys=0.00s Real=0.05s
[50.687s][info   ][gc,start       ] GC(689) Pause Young (Allocation Failure)
[50.736s][info   ][gc,heap        ] GC(689) PSYoungGen: 453501K(477184K)->199683K(476672K) Eden: 254841K(254976K)->0K(254976K) From: 198659K(222208K)->199683K(221696K)
[50.736s][info   ][gc,heap        ] GC(689) ParOldGen: 1018423K(1398272K)->1138233K(1398272K)
[50.736s][info   ][gc,metaspace   ] GC(689) Metaspace: 213K(448K)->213K(448K) NonClass: 204K(320K)->204K(320K) Class: 9K(128K)->9K(128K)
[50.736s][info   ][gc             ] GC(689) Pause Young (Allocation Failure) 1437M->1306M(1831M) 49.672ms
[50.736s][info   ][gc,cpu         ] GC(689) User=0.19s Sys=0.00s Real=0.05s
[50.772s][info   ][gc,start       ] GC(690) Pause Young (Allocation Failure)
[50.827s][info   ][gc,heap        ] GC(690) PSYoungGen: 454531K(476672K)->208899K(477696K) Eden: 254848K(254976K)->0K(256512K) From: 199683K(221696K)->208899K(221184K)
[50.827s][info   ][gc,heap        ] GC(690) ParOldGen: 1138233K(1398272K)->1266235K(1398272K)
[50.827s][info   ][gc,metaspace   ] GC(690) Metaspace: 213K(448K)->213K(448K) NonClass: 204K(320K)->204K(320K) Class: 9K(128K)->9K(128K)
[50.827s][info   ][gc             ] GC(690) Pause Young (Allocation Failure) 1555M->1440M(1832M) 55.537ms
[50.827s][info   ][gc,cpu         ] GC(690) User=0.22s Sys=0.00s Real=0.06s
[50.827s][info   ][gc,start       ] GC(691) Pause Full (Ergonomics)
[50.827s][info   ][gc,phases,start] GC(691) Marking Phase
[50.828s][info   ][gc,phases      ] GC(691) Marking Phase 0.975ms
[50.828s][info   ][gc,phases,start] GC(691) Summary Phase
[50.828s][info   ][gc,phases      ] GC(691) Summary Phase 0.028ms
[50.828s][info   ][gc,phases,start] GC(691) Adjust Roots
[50.828s][info   ][gc,phases      ] GC(691) Adjust Roots 0.202ms
[50.828s][info   ][gc,phases,start] GC(691) Compaction Phase
[50.897s][info   ][gc,phases      ] GC(691) Compaction Phase 68.635ms
[50.897s][info   ][gc,phases,start] GC(691) Post Compact
[50.904s][info   ][gc,phases      ] GC(691) Post Compact 7.157ms
[50.904s][info   ][gc,heap        ] GC(691) PSYoungGen: 208899K(477696K)->0K(477696K) Eden: 0K(256512K)->0K(256512K) From: 208899K(221184K)->0K(221184K)
[50.904s][info   ][gc,heap        ] GC(691) ParOldGen: 1266235K(1398272K)->593457K(1398272K)
[50.904s][info   ][gc,metaspace   ] GC(691) Metaspace: 213K(448K)->213K(448K) NonClass: 204K(320K)->204K(320K) Class: 9K(128K)->9K(128K)
[50.905s][info   ][gc             ] GC(691) Pause Full (Ergonomics) 1440M->579M(1832M) 77.348ms
[50.905s][info   ][gc,cpu         ] GC(691) User=0.28s Sys=0.00s Real=0.07s
[50.939s][info   ][gc,start       ] GC(692) Pause Young (Allocation Failure)
[50.974s][info   ][gc,heap        ] GC(692) PSYoungGen: 255906K(477696K)->220163K(469504K) Eden: 255906K(256512K)->0K(248320K) From: 0K(221184K)->220163K(221184K)
[50.974s][info   ][gc,heap        ] GC(692) ParOldGen: 593457K(1398272K)->593457K(1398272K)
[50.974s][info   ][gc,metaspace   ] GC(692) Metaspace: 213K(448K)->213K(448K) NonClass: 204K(320K)->204K(320K) Class: 9K(128K)->9K(128K)
[50.974s][info   ][gc             ] GC(692) Pause Young (Allocation Failure) 829M->794M(1824M) 34.474ms
[50.974s][info   ][gc,cpu         ] GC(692) User=0.13s Sys=0.00s Real=0.03s
[51.005s][info   ][gc,start       ] GC(693) Pause Young (Allocation Failure)
[51.066s][info   ][gc,heap        ] GC(693) PSYoungGen: 467663K(469504K)->214019K(462848K) Eden: 247500K(248320K)->0K(248320K) From: 220163K(221184K)->214019K(214528K)
[51.066s][info   ][gc,heap        ] GC(693) ParOldGen: 593457K(1398272K)->751155K(1398272K)
[51.066s][info   ][gc,metaspace   ] GC(693) Metaspace: 213K(448K)->213K(448K) NonClass: 204K(320K)->204K(320K) Class: 9K(128K)->9K(128K)
[51.066s][info   ][gc             ] GC(693) Pause Young (Allocation Failure) 1036M->942M(1817M) 60.778ms
[51.066s][info   ][gc,cpu         ] GC(693) User=0.24s Sys=0.00s Real=0.06s
[51.098s][info   ][gc,start       ] GC(694) Pause Young (Allocation Failure)
[51.153s][info   ][gc,heap        ] GC(694) PSYoungGen: 461541K(462848K)->198659K(473088K) Eden: 247521K(248320K)->0K(247296K) From: 214019K(214528K)->198659K(225792K)
[51.153s][info   ][gc,heap        ] GC(694) ParOldGen: 751155K(1398272K)->900661K(1398272K)
[51.153s][info   ][gc,metaspace   ] GC(694) Metaspace: 213K(448K)->213K(448K) NonClass: 204K(320K)->204K(320K) Class: 9K(128K)->9K(128K)
[51.153s][info   ][gc             ] GC(694) Pause Young (Allocation Failure) 1184M->1073M(1827M) 54.424ms
[51.153s][info   ][gc,cpu         ] GC(694) User=0.21s Sys=0.00s Real=0.05s
[51.182s][info   ][gc,start       ] GC(695) Pause Young (Allocation Failure)
[51.233s][info   ][gc,heap        ] GC(695) PSYoungGen: 445150K(473088K)->203779K(473088K) Eden: 246491K(247296K)->0K(247296K) From: 198659K(225792K)->203779K(225792K)
[51.233s][info   ][gc,heap        ] GC(695) ParOldGen: 900661K(1398272K)->1037880K(1398272K)
[51.233s][info   ][gc,metaspace   ] GC(695) Metaspace: 213K(448K)->213K(448K) NonClass: 204K(320K)->204K(320K) Class: 9K(128K)->9K(128K)
[51.233s][info   ][gc             ] GC(695) Pause Young (Allocation Failure) 1314M->1212M(1827M) 51.163ms
[51.233s][info   ][gc,cpu         ] GC(695) User=0.21s Sys=0.00s Real=0.05s
[51.263s][info   ][gc,start       ] GC(696) Pause Young (Allocation Failure)
[51.310s][info   ][gc,heap        ] GC(696) PSYoungGen: 450279K(473088K)->191490K(472576K) Eden: 246500K(247296K)->0K(248320K) From: 203779K(225792K)->191490K(224256K)
[51.310s][info   ][gc,heap        ] GC(696) ParOldGen: 1037880K(1398272K)->1166905K(1398272K)
[51.310s][info   ][gc,metaspace   ] GC(696) Metaspace: 213K(448K)->213K(448K) NonClass: 204K(320K)->204K(320K) Class: 9K(128K)->9K(128K)
[51.310s][info   ][gc             ] GC(696) Pause Young (Allocation Failure) 1453M->1326M(1827M) 47.402ms
[51.310s][info   ][gc,cpu         ] GC(696) User=0.18s Sys=0.00s Real=0.05s
[51.340s][info   ][gc,start       ] GC(697) Pause Young (Allocation Failure)
[51.394s][info   ][gc,heap        ] GC(697) PSYoungGen: 439041K(472576K)->203779K(473600K) Eden: 247550K(248320K)->0K(248320K) From: 191490K(224256K)->203779K(225280K)
[51.394s][info   ][gc,heap        ] GC(697) ParOldGen: 1166905K(1398272K)->1290811K(1398272K)
[51.394s][info   ][gc,metaspace   ] GC(697) Metaspace: 213K(448K)->213K(448K) NonClass: 204K(320K)->204K(320K) Class: 9K(128K)->9K(128K)
[51.394s][info   ][gc             ] GC(697) Pause Young (Allocation Failure) 1568M->1459M(1828M) 53.343ms
[51.394s][info   ][gc,cpu         ] GC(697) User=0.21s Sys=0.00s Real=0.05s
[51.394s][info   ][gc,start       ] GC(698) Pause Full (Ergonomics)
[51.394s][info   ][gc,phases,start] GC(698) Marking Phase
[51.395s][info   ][gc,phases      ] GC(698) Marking Phase 1.279ms
[51.395s][info   ][gc,phases,start] GC(698) Summary Phase
[51.395s][info   ][gc,phases      ] GC(698) Summary Phase 0.032ms
[51.395s][info   ][gc,phases,start] GC(698) Adjust Roots
[51.395s][info   ][gc,phases      ] GC(698) Adjust Roots 0.180ms
[51.395s][info   ][gc,phases,start] GC(698) Compaction Phase
[51.470s][info   ][gc,phases      ] GC(698) Compaction Phase 74.781ms
[51.470s][info   ][gc,phases,start] GC(698) Post Compact
[51.478s][info   ][gc,phases      ] GC(698) Post Compact 8.009ms
[51.478s][info   ][gc,heap        ] GC(698) PSYoungGen: 203779K(473600K)->0K(475648K) Eden: 0K(248320K)->0K(252416K) From: 203779K(225280K)->0K(223232K)
[51.478s][info   ][gc,heap        ] GC(698) ParOldGen: 1290811K(1398272K)->624177K(1398272K)
[51.478s][info   ][gc,metaspace   ] GC(698) Metaspace: 213K(448K)->213K(448K) NonClass: 204K(320K)->204K(320K) Class: 9K(128K)->9K(128K)
[51.478s][info   ][gc             ] GC(698) Pause Full (Ergonomics) 1459M->609M(1830M) 84.561ms
[51.478s][info   ][gc,cpu         ] GC(698) User=0.31s Sys=0.01s Real=0.09s
[51.513s][info   ][gc,start       ] GC(699) Pause Young (Allocation Failure)
[51.548s][info   ][gc,heap        ] GC(699) PSYoungGen: 251730K(475648K)->193538K(475648K) Eden: 251730K(252416K)->0K(252416K) From: 0K(223232K)->193538K(223232K)
[51.548s][info   ][gc,heap        ] GC(699) ParOldGen: 624177K(1398272K)->624177K(1398272K)
[51.548s][info   ][gc,metaspace   ] GC(699) Metaspace: 213K(448K)->213K(448K) NonClass: 204K(320K)->204K(320K) Class: 9K(128K)->9K(128K)
[51.548s][info   ][gc             ] GC(699) Pause Young (Allocation Failure) 855M->798M(1830M) 34.202ms
[51.548s][info   ][gc,cpu         ] GC(699) User=0.13s Sys=0.00s Real=0.04s
[51.581s][info   ][gc,start       ] GC(700) Pause Young (Allocation Failure)
[51.633s][info   ][gc,heap        ] GC(700) PSYoungGen: 445213K(475648K)->206851K(476160K) Eden: 251674K(252416K)->0K(252928K) From: 193538K(223232K)->206851K(223232K)
[51.633s][info   ][gc,heap        ] GC(700) ParOldGen: 624177K(1398272K)->742963K(1398272K)
[51.633s][info   ][gc,metaspace   ] GC(700) Metaspace: 213K(448K)->213K(448K) NonClass: 204K(320K)->204K(320K) Class: 9K(128K)->9K(128K)
[51.633s][info   ][gc             ] GC(700) Pause Young (Allocation Failure) 1044M->927M(1830M) 52.073ms
[51.633s][info   ][gc,cpu         ] GC(700) User=0.20s Sys=0.00s Real=0.05s
[51.664s][info   ][gc,start       ] GC(701) Pause Young (Allocation Failure)
[51.716s][info   ][gc,heap        ] GC(701) PSYoungGen: 459582K(476160K)->200707K(475648K) Eden: 252731K(252928K)->0K(252928K) From: 206851K(223232K)->200707K(222720K)
[51.716s][info   ][gc,heap        ] GC(701) ParOldGen: 742963K(1398272K)->888373K(1398272K)
[51.716s][info   ][gc,metaspace   ] GC(701) Metaspace: 213K(448K)->213K(448K) NonClass: 204K(320K)->204K(320K) Class: 9K(128K)->9K(128K)
[51.716s][info   ][gc             ] GC(701) Pause Young (Allocation Failure) 1174M->1063M(1830M) 52.653ms
[51.716s][info   ][gc,cpu         ] GC(701) User=0.20s Sys=0.00s Real=0.06s
[51.750s][info   ][gc,start       ] GC(702) Pause Young (Allocation Failure)
[51.802s][info   ][gc,heap        ] GC(702) PSYoungGen: 453452K(475648K)->208899K(476672K) Eden: 252745K(252928K)->0K(255488K) From: 200707K(222720K)->208899K(221184K)
[51.802s][info   ][gc,heap        ] GC(702) ParOldGen: 888373K(1398272K)->1025591K(1398272K)
[51.802s][info   ][gc,metaspace   ] GC(702) Metaspace: 213K(448K)->213K(448K) NonClass: 204K(320K)->204K(320K) Class: 9K(128K)->9K(128K)
[51.802s][info   ][gc             ] GC(702) Pause Young (Allocation Failure) 1310M->1205M(1831M) 52.706ms
[51.802s][info   ][gc,cpu         ] GC(702) User=0.21s Sys=0.00s Real=0.05s
[51.834s][info   ][gc,start       ] GC(703) Pause Young (Allocation Failure)
[51.888s][info   ][gc,heap        ] GC(703) PSYoungGen: 463751K(476672K)->203779K(477184K) Eden: 254852K(255488K)->0K(255488K) From: 208899K(221184K)->203779K(221696K)
[51.888s][info   ][gc,heap        ] GC(703) ParOldGen: 1025591K(1398272K)->1169978K(1398272K)
[51.888s][info   ][gc,metaspace   ] GC(703) Metaspace: 213K(448K)->213K(448K) NonClass: 204K(320K)->204K(320K) Class: 9K(128K)->9K(128K)
[51.888s][info   ][gc             ] GC(703) Pause Young (Allocation Failure) 1454M->1341M(1831M) 54.106ms
[51.888s][info   ][gc,cpu         ] GC(703) User=0.22s Sys=0.00s Real=0.06s
[51.922s][info   ][gc,start       ] GC(704) Pause Young (Allocation Failure)
[51.977s][info   ][gc,heap        ] GC(704) PSYoungGen: 458637K(477184K)->207875K(479232K) Eden: 254858K(255488K)->0K(259584K) From: 203779K(221696K)->207875K(219648K)
[51.977s][info   ][gc,heap        ] GC(704) ParOldGen: 1169978K(1398272K)->1306172K(1398272K)
[51.977s][info   ][gc,metaspace   ] GC(704) Metaspace: 213K(448K)->213K(448K) NonClass: 204K(320K)->204K(320K) Class: 9K(128K)->9K(128K)
[51.977s][info   ][gc             ] GC(704) Pause Young (Allocation Failure) 1590M->1478M(1833M) 54.456ms
[51.977s][info   ][gc,cpu         ] GC(704) User=0.21s Sys=0.01s Real=0.06s
[51.977s][info   ][gc,start       ] GC(705) Pause Full (Ergonomics)
[51.977s][info   ][gc,phases,start] GC(705) Marking Phase
[51.978s][info   ][gc,phases      ] GC(705) Marking Phase 0.902ms
[51.978s][info   ][gc,phases,start] GC(705) Summary Phase
[51.978s][info   ][gc,phases      ] GC(705) Summary Phase 0.027ms
[51.978s][info   ][gc,phases,start] GC(705) Adjust Roots
[51.978s][info   ][gc,phases      ] GC(705) Adjust Roots 0.196ms
[51.978s][info   ][gc,phases,start] GC(705) Compaction Phase
[52.053s][info   ][gc,phases      ] GC(705) Compaction Phase 74.541ms
[52.053s][info   ][gc,phases,start] GC(705) Post Compact
[52.059s][info   ][gc,phases      ] GC(705) Post Compact 6.567ms
[52.059s][info   ][gc,heap        ] GC(705) PSYoungGen: 207875K(479232K)->0K(479232K) Eden: 0K(259584K)->0K(259584K) From: 207875K(219648K)->0K(219648K)
[52.059s][info   ][gc,heap        ] GC(705) ParOldGen: 1306172K(1398272K)->638513K(1398272K)
[52.059s][info   ][gc,metaspace   ] GC(705) Metaspace: 213K(448K)->213K(448K) NonClass: 204K(320K)->204K(320K) Class: 9K(128K)->9K(128K)
[52.059s][info   ][gc             ] GC(705) Pause Full (Ergonomics) 1478M->623M(1833M) 82.570ms
[52.059s][info   ][gc,cpu         ] GC(705) User=0.30s Sys=0.00s Real=0.08s
[52.091s][info   ][gc,start       ] GC(706) Pause Young (Allocation Failure)
[52.123s][info   ][gc,heap        ] GC(706) PSYoungGen: 259038K(479232K)->216067K(473088K) Eden: 259038K(259584K)->0K(253440K) From: 0K(219648K)->216067K(219648K)
[52.123s][info   ][gc,heap        ] GC(706) ParOldGen: 638513K(1398272K)->638513K(1398272K)
[52.123s][info   ][gc,metaspace   ] GC(706) Metaspace: 213K(448K)->213K(448K) NonClass: 204K(320K)->204K(320K) Class: 9K(128K)->9K(128K)
[52.123s][info   ][gc             ] GC(706) Pause Young (Allocation Failure) 876M->834M(1827M) 32.038ms
[52.123s][info   ][gc,cpu         ] GC(706) User=0.12s Sys=0.00s Real=0.03s
[52.153s][info   ][gc,start       ] GC(707) Pause Young (Allocation Failure)
[52.201s][info   ][gc,heap        ] GC(707) PSYoungGen: 468787K(473088K)->205827K(476160K) Eden: 252720K(253440K)->0K(253440K) From: 216067K(219648K)->205827K(222720K)
[52.201s][info   ][gc,heap        ] GC(707) ParOldGen: 638513K(1398272K)->760371K(1398272K)
[52.201s][info   ][gc,metaspace   ] GC(707) Metaspace: 213K(448K)->213K(448K) NonClass: 204K(320K)->204K(320K) Class: 9K(128K)->9K(128K)
[52.201s][info   ][gc             ] GC(707) Pause Young (Allocation Failure) 1081M->943M(1830M) 48.866ms
[52.201s][info   ][gc,cpu         ] GC(707) User=0.19s Sys=0.00s Real=0.05s
[52.231s][info   ][gc,start       ] GC(708) Pause Young (Allocation Failure)
[52.280s][info   ][gc,heap        ] GC(708) PSYoungGen: 458569K(476160K)->202755K(479232K) Eden: 252742K(253440K)->0K(258560K) From: 205827K(222720K)->202755K(220672K)
[52.280s][info   ][gc,heap        ] GC(708) ParOldGen: 760371K(1398272K)->879157K(1398272K)
[52.280s][info   ][gc,metaspace   ] GC(708) Metaspace: 213K(448K)->213K(448K) NonClass: 204K(320K)->204K(320K) Class: 9K(128K)->9K(128K)
[52.280s][info   ][gc             ] GC(708) Pause Young (Allocation Failure) 1190M->1056M(1833M) 48.505ms
[52.280s][info   ][gc,cpu         ] GC(708) User=0.19s Sys=0.00s Real=0.05s
[52.311s][info   ][gc,start       ] GC(709) Pause Young (Allocation Failure)
[52.364s][info   ][gc,heap        ] GC(709) PSYoungGen: 460730K(479232K)->216067K(475136K) Eden: 257975K(258560K)->0K(258560K) From: 202755K(220672K)->216067K(216576K)
[52.364s][info   ][gc,heap        ] GC(709) ParOldGen: 879157K(1398272K)->1032759K(1398272K)
[52.364s][info   ][gc,metaspace   ] GC(709) Metaspace: 213K(448K)->213K(448K) NonClass: 204K(320K)->204K(320K) Class: 9K(128K)->9K(128K)
[52.364s][info   ][gc             ] GC(709) Pause Young (Allocation Failure) 1308M->1219M(1829M) 53.330ms
[52.364s][info   ][gc,cpu         ] GC(709) User=0.21s Sys=0.01s Real=0.05s
[52.394s][info   ][gc,start       ] GC(710) Pause Young (Allocation Failure)
[52.443s][info   ][gc,heap        ] GC(710) PSYoungGen: 474052K(475136K)->205827K(477696K) Eden: 257984K(258560K)->0K(255488K) From: 216067K(216576K)->205827K(222208K)
[52.443s][info   ][gc,heap        ] GC(710) ParOldGen: 1032759K(1398272K)->1158713K(1398272K)
[52.443s][info   ][gc,metaspace   ] GC(710) Metaspace: 213K(448K)->213K(448K) NonClass: 204K(320K)->204K(320K) Class: 9K(128K)->9K(128K)
[52.443s][info   ][gc             ] GC(710) Pause Young (Allocation Failure) 1471M->1332M(1832M) 49.355ms
[52.443s][info   ][gc,cpu         ] GC(710) User=0.19s Sys=0.00s Real=0.05s
[52.473s][info   ][gc,start       ] GC(711) Pause Young (Allocation Failure)
[52.524s][info   ][gc,heap        ] GC(711) PSYoungGen: 460685K(477696K)->209923K(476672K) Eden: 254858K(255488K)->0K(255488K) From: 205827K(222208K)->209923K(221184K)
[52.525s][info   ][gc,heap        ] GC(711) ParOldGen: 1158713K(1398272K)->1288763K(1398272K)
[52.525s][info   ][gc,metaspace   ] GC(711) Metaspace: 213K(448K)->213K(448K) NonClass: 204K(320K)->204K(320K) Class: 9K(128K)->9K(128K)
[52.525s][info   ][gc             ] GC(711) Pause Young (Allocation Failure) 1581M->1463M(1831M) 51.758ms
[52.525s][info   ][gc,cpu         ] GC(711) User=0.20s Sys=0.00s Real=0.05s
[52.525s][info   ][gc,start       ] GC(712) Pause Full (Ergonomics)
[52.525s][info   ][gc,phases,start] GC(712) Marking Phase
[52.526s][info   ][gc,phases      ] GC(712) Marking Phase 1.176ms
[52.526s][info   ][gc,phases,start] GC(712) Summary Phase
[52.526s][info   ][gc,phases      ] GC(712) Summary Phase 0.026ms
[52.526s][info   ][gc,phases,start] GC(712) Adjust Roots
[52.526s][info   ][gc,phases      ] GC(712) Adjust Roots 0.119ms
[52.526s][info   ][gc,phases,start] GC(712) Compaction Phase
[52.598s][info   ][gc,phases      ] GC(712) Compaction Phase 72.072ms
[52.598s][info   ][gc,phases,start] GC(712) Post Compact
[52.606s][info   ][gc,phases      ] GC(712) Post Compact 7.374ms
[52.606s][info   ][gc,heap        ] GC(712) PSYoungGen: 209923K(476672K)->0K(478208K) Eden: 0K(255488K)->0K(257536K) From: 209923K(221184K)->0K(220672K)
[52.606s][info   ][gc,heap        ] GC(712) ParOldGen: 1288763K(1398272K)->588337K(1398272K)
[52.606s][info   ][gc,metaspace   ] GC(712) Metaspace: 213K(448K)->213K(448K) NonClass: 204K(320K)->204K(320K) Class: 9K(128K)->9K(128K)
[52.606s][info   ][gc             ] GC(712) Pause Full (Ergonomics) 1463M->574M(1832M) 81.000ms
[52.606s][info   ][gc,cpu         ] GC(712) User=0.29s Sys=0.00s Real=0.08s
[52.636s][info   ][gc,start       ] GC(713) Pause Young (Allocation Failure)
[52.667s][info   ][gc,heap        ] GC(713) PSYoungGen: 256950K(478208K)->205827K(478208K) Eden: 256950K(257536K)->0K(257536K) From: 0K(220672K)->205827K(220672K)
[52.667s][info   ][gc,heap        ] GC(713) ParOldGen: 588337K(1398272K)->588337K(1398272K)
[52.667s][info   ][gc,metaspace   ] GC(713) Metaspace: 213K(448K)->213K(448K) NonClass: 204K(320K)->204K(320K) Class: 9K(128K)->9K(128K)
[52.667s][info   ][gc             ] GC(713) Pause Young (Allocation Failure) 825M->775M(1832M) 31.171ms
[52.667s][info   ][gc,cpu         ] GC(713) User=0.12s Sys=0.00s Real=0.04s
[52.698s][info   ][gc,start       ] GC(714) Pause Young (Allocation Failure)
[52.751s][info   ][gc,heap        ] GC(714) PSYoungGen: 462722K(478208K)->212995K(477184K) Eden: 256895K(257536K)->0K(257536K) From: 205827K(220672K)->212995K(219648K)
[52.752s][info   ][gc,heap        ] GC(714) ParOldGen: 588337K(1398272K)->736819K(1398272K)
[52.752s][info   ][gc,metaspace   ] GC(714) Metaspace: 213K(448K)->213K(448K) NonClass: 204K(320K)->204K(320K) Class: 9K(128K)->9K(128K)
[52.752s][info   ][gc             ] GC(714) Pause Young (Allocation Failure) 1026M->927M(1831M) 53.839ms
[52.752s][info   ][gc,cpu         ] GC(714) User=0.21s Sys=0.00s Real=0.05s
[52.783s][info   ][gc,start       ] GC(715) Pause Young (Allocation Failure)
[52.834s][info   ][gc,heap        ] GC(715) PSYoungGen: 469912K(477184K)->206851K(478208K) Eden: 256917K(257536K)->0K(257536K) From: 212995K(219648K)->206851K(220672K)
[52.834s][info   ][gc,heap        ] GC(715) ParOldGen: 736819K(1398272K)->876085K(1398272K)
[52.834s][info   ][gc,metaspace   ] GC(715) Metaspace: 213K(448K)->213K(448K) NonClass: 204K(320K)->204K(320K) Class: 9K(128K)->9K(128K)
[52.834s][info   ][gc             ] GC(715) Pause Young (Allocation Failure) 1178M->1057M(1832M) 51.671ms
[52.834s][info   ][gc,cpu         ] GC(715) User=0.21s Sys=0.00s Real=0.05s
[52.866s][info   ][gc,start       ] GC(716) Pause Young (Allocation Failure)
[52.918s][info   ][gc,heap        ] GC(716) PSYoungGen: 463782K(478208K)->197635K(479232K) Eden: 256931K(257536K)->0K(259584K) From: 206851K(220672K)->197635K(219648K)
[52.918s][info   ][gc,heap        ] GC(716) ParOldGen: 876085K(1398272K)->1025591K(1398272K)
[52.918s][info   ][gc,metaspace   ] GC(716) Metaspace: 213K(448K)->213K(448K) NonClass: 204K(320K)->204K(320K) Class: 9K(128K)->9K(128K)
[52.918s][info   ][gc             ] GC(716) Pause Young (Allocation Failure) 1308M->1194M(1833M) 51.948ms
[52.918s][info   ][gc,cpu         ] GC(716) User=0.20s Sys=0.00s Real=0.06s
[52.948s][info   ][gc,start       ] GC(717) Pause Young (Allocation Failure)
[53.000s][info   ][gc,heap        ] GC(717) PSYoungGen: 456663K(479232K)->215043K(475136K) Eden: 259028K(259584K)->0K(259584K) From: 197635K(219648K)->215043K(215552K)
[53.000s][info   ][gc,heap        ] GC(717) ParOldGen: 1025591K(1398272K)->1157689K(1398272K)
[53.000s][info   ][gc,metaspace   ] GC(717) Metaspace: 213K(448K)->213K(448K) NonClass: 204K(320K)->204K(320K) Class: 9K(128K)->9K(128K)
[53.000s][info   ][gc             ] GC(717) Pause Young (Allocation Failure) 1447M->1340M(1829M) 51.764ms
[53.000s][info   ][gc,cpu         ] GC(717) User=0.20s Sys=0.00s Real=0.05s
[53.032s][info   ][gc,start       ] GC(718) Pause Young (Allocation Failure)
[53.083s][info   ][gc,heap        ] GC(718) PSYoungGen: 474078K(475136K)->198659K(477184K) Eden: 259034K(259584K)->0K(255488K) From: 215043K(215552K)->198659K(221696K)
[53.084s][info   ][gc,heap        ] GC(718) ParOldGen: 1157689K(1398272K)->1305148K(1398272K)
[53.084s][info   ][gc,metaspace   ] GC(718) Metaspace: 213K(448K)->213K(448K) NonClass: 204K(320K)->204K(320K) Class: 9K(128K)->9K(128K)
[53.084s][info   ][gc             ] GC(718) Pause Young (Allocation Failure) 1593M->1468M(1831M) 51.408ms
[53.084s][info   ][gc,cpu         ] GC(718) User=0.20s Sys=0.00s Real=0.05s
[53.084s][info   ][gc,start       ] GC(719) Pause Full (Ergonomics)
[53.084s][info   ][gc,phases,start] GC(719) Marking Phase
[53.085s][info   ][gc,phases      ] GC(719) Marking Phase 0.902ms
[53.085s][info   ][gc,phases,start] GC(719) Summary Phase
[53.085s][info   ][gc,phases      ] GC(719) Summary Phase 0.023ms
[53.085s][info   ][gc,phases,start] GC(719) Adjust Roots
[53.085s][info   ][gc,phases      ] GC(719) Adjust Roots 0.134ms
[53.085s][info   ][gc,phases,start] GC(719) Compaction Phase
[53.154s][info   ][gc,phases      ] GC(719) Compaction Phase 69.421ms
[53.154s][info   ][gc,phases,start] GC(719) Post Compact
[53.162s][info   ][gc,phases      ] GC(719) Post Compact 7.698ms
[53.162s][info   ][gc,heap        ] GC(719) PSYoungGen: 198659K(477184K)->0K(477184K) Eden: 0K(255488K)->0K(255488K) From: 198659K(221696K)->0K(221696K)
[53.162s][info   ][gc,heap        ] GC(719) ParOldGen: 1305148K(1398272K)->589361K(1398272K)
[53.162s][info   ][gc,metaspace   ] GC(719) Metaspace: 213K(448K)->213K(448K) NonClass: 204K(320K)->204K(320K) Class: 9K(128K)->9K(128K)
[53.162s][info   ][gc             ] GC(719) Pause Full (Ergonomics) 1468M->575M(1831M) 78.453ms
[53.162s][info   ][gc,cpu         ] GC(719) User=0.28s Sys=0.01s Real=0.08s
[53.193s][info   ][gc,start       ] GC(720) Pause Young (Allocation Failure)
[53.223s][info   ][gc,heap        ] GC(720) PSYoungGen: 254862K(477184K)->203779K(478208K) Eden: 254862K(255488K)->0K(256512K) From: 0K(221696K)->203779K(221696K)
[53.223s][info   ][gc,heap        ] GC(720) ParOldGen: 589361K(1398272K)->589361K(1398272K)
[53.223s][info   ][gc,metaspace   ] GC(720) Metaspace: 213K(448K)->213K(448K) NonClass: 204K(320K)->204K(320K) Class: 9K(128K)->9K(128K)
[53.223s][info   ][gc             ] GC(720) Pause Young (Allocation Failure) 824M->774M(1832M) 30.540ms
[53.223s][info   ][gc,cpu         ] GC(720) User=0.12s Sys=0.00s Real=0.03s
[53.254s][info   ][gc,start       ] GC(721) Pause Young (Allocation Failure)
[53.307s][info   ][gc,heap        ] GC(721) PSYoungGen: 459630K(478208K)->220163K(477184K) Eden: 255851K(256512K)->0K(256512K) From: 203779K(221696K)->220163K(220672K)
[53.307s][info   ][gc,heap        ] GC(721) ParOldGen: 589361K(1398272K)->736819K(1398272K)
[53.307s][info   ][gc,metaspace   ] GC(721) Metaspace: 213K(448K)->213K(448K) NonClass: 204K(320K)->204K(320K) Class: 9K(128K)->9K(128K)
[53.307s][info   ][gc             ] GC(721) Pause Young (Allocation Failure) 1024M->934M(1831M) 53.536ms
[53.307s][info   ][gc,cpu         ] GC(721) User=0.21s Sys=0.00s Real=0.06s
[53.337s][info   ][gc,start       ] GC(722) Pause Young (Allocation Failure)
[53.389s][info   ][gc,heap        ] GC(722) PSYoungGen: 476036K(477184K)->208899K(474112K) Eden: 255873K(256512K)->0K(252416K) From: 220163K(220672K)->208899K(221696K)
[53.389s][info   ][gc,heap        ] GC(722) ParOldGen: 736819K(1398272K)->877109K(1398272K)
[53.389s][info   ][gc,metaspace   ] GC(722) Metaspace: 213K(448K)->213K(448K) NonClass: 204K(320K)->204K(320K) Class: 9K(128K)->9K(128K)
[53.389s][info   ][gc             ] GC(722) Pause Young (Allocation Failure) 1184M->1060M(1828M) 51.760ms
[53.389s][info   ][gc,cpu         ] GC(722) User=0.20s Sys=0.00s Real=0.05s
[53.419s][info   ][gc,start       ] GC(723) Pause Young (Allocation Failure)
[53.469s][info   ][gc,heap        ] GC(723) PSYoungGen: 460610K(474112K)->206851K(475648K) Eden: 251711K(252416K)->0K(252416K) From: 208899K(221696K)->206851K(223232K)
[53.469s][info   ][gc,heap        ] GC(723) ParOldGen: 877109K(1398272K)->1009207K(1398272K)
[53.469s][info   ][gc,metaspace   ] GC(723) Metaspace: 213K(448K)->213K(448K) NonClass: 204K(320K)->204K(320K) Class: 9K(128K)->9K(128K)
[53.469s][info   ][gc             ] GC(723) Pause Young (Allocation Failure) 1306M->1187M(1830M) 50.101ms
[53.469s][info   ][gc,cpu         ] GC(723) User=0.19s Sys=0.00s Real=0.05s
[53.499s][info   ][gc,start       ] GC(724) Pause Young (Allocation Failure)
[53.551s][info   ][gc,heap        ] GC(724) PSYoungGen: 458571K(475648K)->210947K(477184K) Eden: 251720K(252416K)->0K(255488K) From: 206851K(223232K)->210947K(221696K)
[53.551s][info   ][gc,heap        ] GC(724) ParOldGen: 1009207K(1398272K)->1152569K(1398272K)
[53.551s][info   ][gc,metaspace   ] GC(724) Metaspace: 213K(448K)->213K(448K) NonClass: 204K(320K)->204K(320K) Class: 9K(128K)->9K(128K)
[53.551s][info   ][gc             ] GC(724) Pause Young (Allocation Failure) 1433M->1331M(1831M) 52.363ms
[53.551s][info   ][gc,cpu         ] GC(724) User=0.21s Sys=0.00s Real=0.05s
[53.581s][info   ][gc,start       ] GC(725) Pause Young (Allocation Failure)
[53.635s][info   ][gc,heap        ] GC(725) PSYoungGen: 465805K(477184K)->207875K(477184K) Eden: 254858K(255488K)->0K(255488K) From: 210947K(221696K)->207875K(221696K)
[53.635s][info   ][gc,heap        ] GC(725) ParOldGen: 1152569K(1398272K)->1300028K(1398272K)
[53.635s][info   ][gc,metaspace   ] GC(725) Metaspace: 213K(448K)->213K(448K) NonClass: 204K(320K)->204K(320K) Class: 9K(128K)->9K(128K)
[53.635s][info   ][gc             ] GC(725) Pause Young (Allocation Failure) 1580M->1472M(1831M) 53.891ms
[53.635s][info   ][gc,cpu         ] GC(725) User=0.21s Sys=0.01s Real=0.05s
[53.635s][info   ][gc,start       ] GC(726) Pause Full (Ergonomics)
[53.635s][info   ][gc,phases,start] GC(726) Marking Phase
[53.636s][info   ][gc,phases      ] GC(726) Marking Phase 0.788ms
[53.636s][info   ][gc,phases,start] GC(726) Summary Phase
[53.636s][info   ][gc,phases      ] GC(726) Summary Phase 0.024ms
[53.636s][info   ][gc,phases,start] GC(726) Adjust Roots
[53.636s][info   ][gc,phases      ] GC(726) Adjust Roots 0.171ms
[53.636s][info   ][gc,phases,start] GC(726) Compaction Phase
[53.709s][info   ][gc,phases      ] GC(726) Compaction Phase 72.825ms
[53.709s][info   ][gc,phases,start] GC(726) Post Compact
[53.716s][info   ][gc,phases      ] GC(726) Post Compact 6.544ms
[53.716s][info   ][gc,heap        ] GC(726) PSYoungGen: 207875K(477184K)->0K(478720K) Eden: 0K(255488K)->0K(258560K) From: 207875K(221696K)->0K(220160K)
[53.716s][info   ][gc,heap        ] GC(726) ParOldGen: 1300028K(1398272K)->637489K(1398272K)
[53.716s][info   ][gc,metaspace   ] GC(726) Metaspace: 213K(448K)->213K(448K) NonClass: 204K(320K)->204K(320K) Class: 9K(128K)->9K(128K)
[53.716s][info   ][gc             ] GC(726) Pause Full (Ergonomics) 1472M->622M(1833M) 80.572ms
[53.716s][info   ][gc,cpu         ] GC(726) User=0.30s Sys=0.00s Real=0.08s
[53.748s][info   ][gc,start       ] GC(727) Pause Young (Allocation Failure)
[53.783s][info   ][gc,heap        ] GC(727) PSYoungGen: 257994K(478720K)->219139K(478208K) Eden: 257994K(258560K)->0K(258560K) From: 0K(220160K)->219139K(219648K)
[53.783s][info   ][gc,heap        ] GC(727) ParOldGen: 637489K(1398272K)->640561K(1398272K)
[53.783s][info   ][gc,metaspace   ] GC(727) Metaspace: 213K(448K)->213K(448K) NonClass: 204K(320K)->204K(320K) Class: 9K(128K)->9K(128K)
[53.783s][info   ][gc             ] GC(727) Pause Young (Allocation Failure) 874M->839M(1832M) 35.349ms
[53.783s][info   ][gc,cpu         ] GC(727) User=0.13s Sys=0.00s Real=0.03s
[53.814s][info   ][gc,start       ] GC(728) Pause Young (Allocation Failure)
[53.865s][info   ][gc,heap        ] GC(728) PSYoungGen: 477078K(478208K)->200707K(473088K) Eden: 257939K(258560K)->0K(252416K) From: 219139K(219648K)->200707K(220672K)
[53.865s][info   ][gc,heap        ] GC(728) ParOldGen: 640561K(1398272K)->792116K(1398272K)
[53.865s][info   ][gc,metaspace   ] GC(728) Metaspace: 213K(448K)->213K(448K) NonClass: 204K(320K)->204K(320K) Class: 9K(128K)->9K(128K)
[53.865s][info   ][gc             ] GC(728) Pause Young (Allocation Failure) 1091M->969M(1827M) 51.073ms
[53.865s][info   ][gc,cpu         ] GC(728) User=0.20s Sys=0.00s Real=0.05s
[53.895s][info   ][gc,start       ] GC(729) Pause Young (Allocation Failure)
[53.944s][info   ][gc,heap        ] GC(729) PSYoungGen: 452405K(473088K)->199683K(475648K) Eden: 251697K(252416K)->0K(252416K) From: 200707K(220672K)->199683K(223232K)
[53.944s][info   ][gc,heap        ] GC(729) ParOldGen: 792116K(1398272K)->928310K(1398272K)
[53.944s][info   ][gc,metaspace   ] GC(729) Metaspace: 213K(448K)->213K(448K) NonClass: 204K(320K)->204K(320K) Class: 9K(128K)->9K(128K)
[53.944s][info   ][gc             ] GC(729) Pause Young (Allocation Failure) 1215M->1101M(1830M) 49.809ms
[53.944s][info   ][gc,cpu         ] GC(729) User=0.19s Sys=0.00s Real=0.05s
[53.973s][info   ][gc,start       ] GC(730) Pause Young (Allocation Failure)
[54.025s][info   ][gc,heap        ] GC(730) PSYoungGen: 451394K(475648K)->207875K(477184K) Eden: 251711K(252416K)->0K(253952K) From: 199683K(223232K)->207875K(223232K)
[54.025s][info   ][gc,heap        ] GC(730) ParOldGen: 928310K(1398272K)->1072696K(1398272K)
[54.025s][info   ][gc,metaspace   ] GC(730) Metaspace: 213K(448K)->213K(448K) NonClass: 204K(320K)->204K(320K) Class: 9K(128K)->9K(128K)
[54.025s][info   ][gc             ] GC(730) Pause Young (Allocation Failure) 1347M->1250M(1831M) 51.884ms
[54.025s][info   ][gc,cpu         ] GC(730) User=0.21s Sys=0.00s Real=0.05s
[54.055s][info   ][gc,start       ] GC(731) Pause Young (Allocation Failure)
[54.103s][info   ][gc,heap        ] GC(731) PSYoungGen: 461673K(477184K)->192514K(475648K) Eden: 253798K(253952K)->0K(253952K) From: 207875K(223232K)->192514K(221696K)
[54.103s][info   ][gc,heap        ] GC(731) ParOldGen: 1072696K(1398272K)->1207866K(1398272K)
[54.103s][info   ][gc,metaspace   ] GC(731) Metaspace: 213K(448K)->213K(448K) NonClass: 204K(320K)->204K(320K) Class: 9K(128K)->9K(128K)
[54.103s][info   ][gc             ] GC(731) Pause Young (Allocation Failure) 1498M->1367M(1830M) 48.284ms
[54.103s][info   ][gc,cpu         ] GC(731) User=0.19s Sys=0.01s Real=0.05s
[54.103s][info   ][gc,start       ] GC(732) Pause Full (Ergonomics)
[54.103s][info   ][gc,phases,start] GC(732) Marking Phase
[54.104s][info   ][gc,phases      ] GC(732) Marking Phase 0.925ms
[54.104s][info   ][gc,phases,start] GC(732) Summary Phase
[54.104s][info   ][gc,phases      ] GC(732) Summary Phase 0.026ms
[54.104s][info   ][gc,phases,start] GC(732) Adjust Roots
[54.104s][info   ][gc,phases      ] GC(732) Adjust Roots 0.137ms
[54.104s][info   ][gc,phases,start] GC(732) Compaction Phase
[54.174s][info   ][gc,phases      ] GC(732) Compaction Phase 70.041ms
[54.174s][info   ][gc,phases,start] GC(732) Post Compact
[54.181s][info   ][gc,phases      ] GC(732) Post Compact 6.506ms
[54.181s][info   ][gc,heap        ] GC(732) PSYoungGen: 192514K(475648K)->0K(475648K) Eden: 0K(253952K)->0K(252416K) From: 192514K(221696K)->0K(223232K)
[54.181s][info   ][gc,heap        ] GC(732) ParOldGen: 1207866K(1398272K)->610865K(1398272K)
[54.181s][info   ][gc,metaspace   ] GC(732) Metaspace: 213K(448K)->213K(448K) NonClass: 204K(320K)->204K(320K) Class: 9K(128K)->9K(128K)
[54.181s][info   ][gc             ] GC(732) Pause Full (Ergonomics) 1367M->596M(1830M) 77.906ms
[54.181s][info   ][gc,cpu         ] GC(732) User=0.29s Sys=0.00s Real=0.08s
[54.211s][info   ][gc,start       ] GC(733) Pause Young (Allocation Failure)
[54.242s][info   ][gc,heap        ] GC(733) PSYoungGen: 251726K(475648K)->203779K(475648K) Eden: 251726K(252416K)->0K(252416K) From: 0K(223232K)->203779K(223232K)
[54.242s][info   ][gc,heap        ] GC(733) ParOldGen: 610865K(1398272K)->610865K(1398272K)
[54.242s][info   ][gc,metaspace   ] GC(733) Metaspace: 213K(448K)->213K(448K) NonClass: 204K(320K)->204K(320K) Class: 9K(128K)->9K(128K)
[54.242s][info   ][gc             ] GC(733) Pause Young (Allocation Failure) 842M->795M(1830M) 30.612ms
[54.242s][info   ][gc,cpu         ] GC(733) User=0.12s Sys=0.00s Real=0.03s
[54.272s][info   ][gc,start       ] GC(734) Pause Young (Allocation Failure)
[54.320s][info   ][gc,heap        ] GC(734) PSYoungGen: 455451K(475648K)->188418K(474112K) Eden: 251672K(252416K)->0K(252416K) From: 203779K(223232K)->188418K(221696K)
[54.320s][info   ][gc,heap        ] GC(734) ParOldGen: 610865K(1398272K)->737843K(1398272K)
[54.320s][info   ][gc,metaspace   ] GC(734) Metaspace: 213K(448K)->213K(448K) NonClass: 204K(320K)->204K(320K) Class: 9K(128K)->9K(128K)
[54.320s][info   ][gc             ] GC(734) Pause Young (Allocation Failure) 1041M->904M(1828M) 48.418ms
[54.320s][info   ][gc,cpu         ] GC(734) User=0.19s Sys=0.00s Real=0.05s
[54.352s][info   ][gc,start       ] GC(735) Pause Young (Allocation Failure)
[54.410s][info   ][gc,heap        ] GC(735) PSYoungGen: 440114K(474112K)->212995K(465920K) Eden: 251695K(252416K)->0K(252416K) From: 188418K(221696K)->212995K(213504K)
[54.410s][info   ][gc,heap        ] GC(735) ParOldGen: 737843K(1398272K)->868917K(1398272K)
[54.410s][info   ][gc,metaspace   ] GC(735) Metaspace: 213K(448K)->213K(448K) NonClass: 204K(320K)->204K(320K) Class: 9K(128K)->9K(128K)
[54.410s][info   ][gc             ] GC(735) Pause Young (Allocation Failure) 1150M->1056M(1820M) 57.713ms
[54.410s][info   ][gc,cpu         ] GC(735) User=0.22s Sys=0.00s Real=0.06s
[54.442s][info   ][gc,start       ] GC(736) Pause Young (Allocation Failure)
[54.490s][info   ][gc,heap        ] GC(736) PSYoungGen: 464705K(465920K)->189442K(473088K) Eden: 251710K(252416K)->0K(248320K) From: 212995K(213504K)->189442K(224768K)
[54.490s][info   ][gc,heap        ] GC(736) ParOldGen: 868917K(1398272K)->1003063K(1398272K)
[54.490s][info   ][gc,metaspace   ] GC(736) Metaspace: 213K(448K)->213K(448K) NonClass: 204K(320K)->204K(320K) Class: 9K(128K)->9K(128K)
[54.490s][info   ][gc             ] GC(736) Pause Young (Allocation Failure) 1302M->1164M(1827M) 48.732ms
[54.490s][info   ][gc,cpu         ] GC(736) User=0.19s Sys=0.00s Real=0.05s
[54.523s][info   ][gc,start       ] GC(737) Pause Young (Allocation Failure)
[54.572s][info   ][gc,heap        ] GC(737) PSYoungGen: 436986K(473088K)->199683K(473600K) Eden: 247543K(248320K)->0K(248320K) From: 189442K(224768K)->199683K(225280K)
[54.572s][info   ][gc,heap        ] GC(737) ParOldGen: 1003063K(1398272K)->1116729K(1398272K)
[54.572s][info   ][gc,metaspace   ] GC(737) Metaspace: 213K(448K)->213K(448K) NonClass: 204K(320K)->204K(320K) Class: 9K(128K)->9K(128K)
[54.572s][info   ][gc             ] GC(737) Pause Young (Allocation Failure) 1406M->1285M(1828M) 49.295ms
[54.572s][info   ][gc,cpu         ] GC(737) User=0.20s Sys=0.00s Real=0.05s
[54.602s][info   ][gc,start       ] GC(738) Pause Young (Allocation Failure)
[54.652s][info   ][gc,heap        ] GC(738) PSYoungGen: 447232K(473600K)->203779K(477184K) Eden: 247549K(248320K)->0K(253440K) From: 199683K(225280K)->203779K(223744K)
[54.652s][info   ][gc,heap        ] GC(738) ParOldGen: 1116729K(1398272K)->1250875K(1398272K)
[54.652s][info   ][gc,metaspace   ] GC(738) Metaspace: 213K(448K)->213K(448K) NonClass: 204K(320K)->204K(320K) Class: 9K(128K)->9K(128K)
[54.652s][info   ][gc             ] GC(738) Pause Young (Allocation Failure) 1527M->1420M(1831M) 49.939ms
[54.652s][info   ][gc,cpu         ] GC(738) User=0.20s Sys=0.01s Real=0.05s
[54.652s][info   ][gc,start       ] GC(739) Pause Full (Ergonomics)
[54.652s][info   ][gc,phases,start] GC(739) Marking Phase
[54.653s][info   ][gc,phases      ] GC(739) Marking Phase 0.935ms
[54.653s][info   ][gc,phases,start] GC(739) Summary Phase
[54.653s][info   ][gc,phases      ] GC(739) Summary Phase 0.036ms
[54.653s][info   ][gc,phases,start] GC(739) Adjust Roots
[54.653s][info   ][gc,phases      ] GC(739) Adjust Roots 0.126ms
[54.653s][info   ][gc,phases,start] GC(739) Compaction Phase
[54.721s][info   ][gc,phases      ] GC(739) Compaction Phase 67.510ms
[54.721s][info   ][gc,phases,start] GC(739) Post Compact
[54.728s][info   ][gc,phases      ] GC(739) Post Compact 7.506ms
[54.728s][info   ][gc,heap        ] GC(739) PSYoungGen: 203779K(477184K)->0K(475136K) Eden: 0K(253440K)->0K(253440K) From: 203779K(223744K)->0K(221696K)
[54.728s][info   ][gc,heap        ] GC(739) ParOldGen: 1250875K(1398272K)->578096K(1398272K)
[54.728s][info   ][gc,metaspace   ] GC(739) Metaspace: 213K(448K)->213K(448K) NonClass: 204K(320K)->204K(320K) Class: 9K(128K)->9K(128K)
[54.728s][info   ][gc             ] GC(739) Pause Full (Ergonomics) 1420M->564M(1829M) 76.448ms
[54.728s][info   ][gc,cpu         ] GC(739) User=0.28s Sys=0.00s Real=0.08s
[54.760s][info   ][gc,start       ] GC(740) Pause Young (Allocation Failure)
[54.791s][info   ][gc,heap        ] GC(740) PSYoungGen: 252773K(475136K)->208899K(476160K) Eden: 252773K(253440K)->0K(254464K) From: 0K(221696K)->208899K(221696K)
[54.791s][info   ][gc,heap        ] GC(740) ParOldGen: 578096K(1398272K)->578096K(1398272K)
[54.791s][info   ][gc,metaspace   ] GC(740) Metaspace: 213K(448K)->213K(448K) NonClass: 204K(320K)->204K(320K) Class: 9K(128K)->9K(128K)
[54.791s][info   ][gc             ] GC(740) Pause Young (Allocation Failure) 811M->768M(1830M) 31.590ms
[54.791s][info   ][gc,cpu         ] GC(740) User=0.12s Sys=0.00s Real=0.03s
[54.820s][info   ][gc,start       ] GC(741) Pause Young (Allocation Failure)
[54.870s][info   ][gc,heap        ] GC(741) PSYoungGen: 462661K(476160K)->201731K(476672K) Eden: 253762K(254464K)->0K(254464K) From: 208899K(221696K)->201731K(222208K)
[54.870s][info   ][gc,heap        ] GC(741) ParOldGen: 578096K(1398272K)->715315K(1398272K)
[54.870s][info   ][gc,metaspace   ] GC(741) Metaspace: 213K(448K)->213K(448K) NonClass: 204K(320K)->204K(320K) Class: 9K(128K)->9K(128K)
[54.870s][info   ][gc             ] GC(741) Pause Young (Allocation Failure) 1016M->895M(1831M) 50.043ms
[54.870s][info   ][gc,cpu         ] GC(741) User=0.19s Sys=0.00s Real=0.05s
[54.901s][info   ][gc,start       ] GC(742) Pause Young (Allocation Failure)
[54.954s][info   ][gc,heap        ] GC(742) PSYoungGen: 455516K(476672K)->196611K(478720K) Eden: 253784K(254464K)->0K(258048K) From: 201731K(222208K)->196611K(220672K)
[54.954s][info   ][gc,heap        ] GC(742) ParOldGen: 715315K(1398272K)->850485K(1398272K)
[54.954s][info   ][gc,metaspace   ] GC(742) Metaspace: 213K(448K)->213K(448K) NonClass: 204K(320K)->204K(320K) Class: 9K(128K)->9K(128K)
[54.954s][info   ][gc             ] GC(742) Pause Young (Allocation Failure) 1143M->1022M(1833M) 53.344ms
[54.954s][info   ][gc,cpu         ] GC(742) User=0.21s Sys=0.01s Real=0.05s
[54.986s][info   ][gc,start       ] GC(743) Pause Young (Allocation Failure)
[55.041s][info   ][gc,heap        ] GC(743) PSYoungGen: 454576K(478720K)->203779K(478208K) Eden: 257965K(258048K)->0K(258048K) From: 196611K(220672K)->203779K(220160K)
[55.041s][info   ][gc,heap        ] GC(743) ParOldGen: 850485K(1398272K)->992823K(1398272K)
[55.041s][info   ][gc,metaspace   ] GC(743) Metaspace: 213K(448K)->213K(448K) NonClass: 204K(320K)->204K(320K) Class: 9K(128K)->9K(128K)
[55.041s][info   ][gc             ] GC(743) Pause Young (Allocation Failure) 1274M->1168M(1832M) 55.034ms
[55.041s][info   ][gc,cpu         ] GC(743) User=0.22s Sys=0.00s Real=0.05s
[55.073s][info   ][gc,start       ] GC(744) Pause Young (Allocation Failure)
[55.121s][info   ][gc,heap        ] GC(744) PSYoungGen: 461753K(478208K)->199683K(481280K) Eden: 257974K(258048K)->0K(262656K) From: 203779K(220160K)->199683K(218624K)
[55.121s][info   ][gc,heap        ] GC(744) ParOldGen: 992823K(1398272K)->1114681K(1398272K)
[55.121s][info   ][gc,metaspace   ] GC(744) Metaspace: 213K(448K)->213K(448K) NonClass: 204K(320K)->204K(320K) Class: 9K(128K)->9K(128K)
[55.121s][info   ][gc             ] GC(744) Pause Young (Allocation Failure) 1420M->1283M(1835M) 48.144ms
[55.121s][info   ][gc,cpu         ] GC(744) User=0.19s Sys=0.00s Real=0.05s
[55.152s][info   ][gc,start       ] GC(745) Pause Young (Allocation Failure)
[55.204s][info   ][gc,heap        ] GC(745) PSYoungGen: 461849K(481280K)->204803K(480256K) Eden: 262166K(262656K)->0K(262656K) From: 199683K(218624K)->204803K(217600K)
[55.204s][info   ][gc,heap        ] GC(745) ParOldGen: 1114681K(1398272K)->1247803K(1398272K)
[55.204s][info   ][gc,metaspace   ] GC(745) Metaspace: 213K(448K)->213K(448K) NonClass: 204K(320K)->204K(320K) Class: 9K(128K)->9K(128K)
[55.204s][info   ][gc             ] GC(745) Pause Young (Allocation Failure) 1539M->1418M(1834M) 52.398ms
[55.204s][info   ][gc,cpu         ] GC(745) User=0.21s Sys=0.00s Real=0.05s
[55.204s][info   ][gc,start       ] GC(746) Pause Full (Ergonomics)
[55.204s][info   ][gc,phases,start] GC(746) Marking Phase
[55.206s][info   ][gc,phases      ] GC(746) Marking Phase 1.236ms
[55.206s][info   ][gc,phases,start] GC(746) Summary Phase
[55.206s][info   ][gc,phases      ] GC(746) Summary Phase 0.027ms
[55.206s][info   ][gc,phases,start] GC(746) Adjust Roots
[55.206s][info   ][gc,phases      ] GC(746) Adjust Roots 0.144ms
[55.206s][info   ][gc,phases,start] GC(746) Compaction Phase
[55.278s][info   ][gc,phases      ] GC(746) Compaction Phase 71.651ms
[55.278s][info   ][gc,phases,start] GC(746) Post Compact
[55.284s][info   ][gc,phases      ] GC(746) Post Compact 6.242ms
[55.284s][info   ][gc,heap        ] GC(746) PSYoungGen: 204803K(480256K)->0K(481792K) Eden: 0K(262656K)->0K(264704K) From: 204803K(217600K)->0K(217088K)
[55.284s][info   ][gc,heap        ] GC(746) ParOldGen: 1247803K(1398272K)->603697K(1398272K)
[55.284s][info   ][gc,metaspace   ] GC(746) Metaspace: 213K(448K)->213K(448K) NonClass: 204K(320K)->204K(320K) Class: 9K(128K)->9K(128K)
[55.284s][info   ][gc             ] GC(746) Pause Full (Ergonomics) 1418M->589M(1836M) 79.560ms
[55.284s][info   ][gc,cpu         ] GC(746) User=0.29s Sys=0.00s Real=0.08s
[55.317s][info   ][gc,start       ] GC(747) Pause Young (Allocation Failure)
[55.350s][info   ][gc,heap        ] GC(747) PSYoungGen: 264258K(481792K)->216067K(481280K) Eden: 264258K(264704K)->0K(264704K) From: 0K(217088K)->216067K(216576K)
[55.350s][info   ][gc,heap        ] GC(747) ParOldGen: 603697K(1398272K)->608817K(1398272K)
[55.350s][info   ][gc,metaspace   ] GC(747) Metaspace: 213K(448K)->213K(448K) NonClass: 204K(320K)->204K(320K) Class: 9K(128K)->9K(128K)
[55.350s][info   ][gc             ] GC(747) Pause Young (Allocation Failure) 847M->805M(1835M) 32.768ms
[55.350s][info   ][gc,cpu         ] GC(747) User=0.13s Sys=0.00s Real=0.03s
[55.382s][info   ][gc,start       ] GC(748) Pause Young (Allocation Failure)
[55.439s][info   ][gc,heap        ] GC(748) PSYoungGen: 480271K(481280K)->217091K(468992K) Eden: 264204K(264704K)->0K(251392K) From: 216067K(216576K)->217091K(217600K)
[55.439s][info   ][gc,heap        ] GC(748) ParOldGen: 608817K(1398272K)->770611K(1398272K)
[55.439s][info   ][gc,metaspace   ] GC(748) Metaspace: 213K(448K)->213K(448K) NonClass: 204K(320K)->204K(320K) Class: 9K(128K)->9K(128K)
[55.439s][info   ][gc             ] GC(748) Pause Young (Allocation Failure) 1063M->964M(1823M) 57.954ms
[55.439s][info   ][gc,cpu         ] GC(748) User=0.23s Sys=0.00s Real=0.06s
[55.471s][info   ][gc,start       ] GC(749) Pause Young (Allocation Failure)
[55.528s][info   ][gc,heap        ] GC(749) PSYoungGen: 467746K(468992K)->201731K(475136K) Eden: 250654K(251392K)->0K(251392K) From: 217091K(217600K)->201731K(223744K)
[55.528s][info   ][gc,heap        ] GC(749) ParOldGen: 770611K(1398272K)->923190K(1398272K)
[55.528s][info   ][gc,metaspace   ] GC(749) Metaspace: 213K(448K)->213K(448K) NonClass: 204K(320K)->204K(320K) Class: 9K(128K)->9K(128K)
[55.528s][info   ][gc             ] GC(749) Pause Young (Allocation Failure) 1209M->1098M(1829M) 57.000ms
[55.529s][info   ][gc,cpu         ] GC(749) User=0.22s Sys=0.00s Real=0.06s
[55.560s][info   ][gc,start       ] GC(750) Pause Young (Allocation Failure)
[55.616s][info   ][gc,heap        ] GC(750) PSYoungGen: 452399K(475136K)->217091K(471040K) Eden: 250668K(251392K)->0K(248320K) From: 201731K(223744K)->217091K(222720K)
[55.616s][info   ][gc,heap        ] GC(750) ParOldGen: 923190K(1398272K)->1066552K(1398272K)
[55.616s][info   ][gc,metaspace   ] GC(750) Metaspace: 213K(448K)->213K(448K) NonClass: 204K(320K)->204K(320K) Class: 9K(128K)->9K(128K)
[55.616s][info   ][gc             ] GC(750) Pause Young (Allocation Failure) 1343M->1253M(1825M) 56.017ms
[55.616s][info   ][gc,cpu         ] GC(750) User=0.22s Sys=0.00s Real=0.06s
[55.648s][info   ][gc,start       ] GC(751) Pause Young (Allocation Failure)
[55.701s][info   ][gc,heap        ] GC(751) PSYoungGen: 464636K(471040K)->201731K(473600K) Eden: 247545K(248320K)->0K(248320K) From: 217091K(222720K)->201731K(225280K)
[55.701s][info   ][gc,heap        ] GC(751) ParOldGen: 1066552K(1398272K)->1214010K(1398272K)
[55.701s][info   ][gc,metaspace   ] GC(751) Metaspace: 213K(448K)->213K(448K) NonClass: 204K(320K)->204K(320K) Class: 9K(128K)->9K(128K)
[55.701s][info   ][gc             ] GC(751) Pause Young (Allocation Failure) 1495M->1382M(1828M) 52.958ms
[55.701s][info   ][gc,cpu         ] GC(751) User=0.21s Sys=0.00s Real=0.05s
[55.701s][info   ][gc,start       ] GC(752) Pause Full (Ergonomics)
[55.701s][info   ][gc,phases,start] GC(752) Marking Phase
[55.702s][info   ][gc,phases      ] GC(752) Marking Phase 1.174ms
[55.702s][info   ][gc,phases,start] GC(752) Summary Phase
[55.702s][info   ][gc,phases      ] GC(752) Summary Phase 0.027ms
[55.702s][info   ][gc,phases,start] GC(752) Adjust Roots
[55.703s][info   ][gc,phases      ] GC(752) Adjust Roots 0.165ms
[55.703s][info   ][gc,phases,start] GC(752) Compaction Phase
[55.782s][info   ][gc,phases      ] GC(752) Compaction Phase 79.037ms
[55.782s][info   ][gc,phases,start] GC(752) Post Compact
[55.788s][info   ][gc,phases      ] GC(752) Post Compact 5.871ms
[55.788s][info   ][gc,heap        ] GC(752) PSYoungGen: 201731K(473600K)->0K(474624K) Eden: 0K(248320K)->0K(250368K) From: 201731K(225280K)->0K(224256K)
[55.788s][info   ][gc,heap        ] GC(752) ParOldGen: 1214010K(1398272K)->660018K(1398272K)
[55.788s][info   ][gc,metaspace   ] GC(752) Metaspace: 213K(448K)->213K(448K) NonClass: 204K(320K)->204K(320K) Class: 9K(128K)->9K(128K)
[55.788s][info   ][gc             ] GC(752) Pause Full (Ergonomics) 1382M->644M(1829M) 86.544ms
[55.788s][info   ][gc,cpu         ] GC(752) User=0.32s Sys=0.01s Real=0.09s
[55.821s][info   ][gc,start       ] GC(753) Pause Young (Allocation Failure)
[55.854s][info   ][gc,heap        ] GC(753) PSYoungGen: 249638K(474624K)->218115K(468992K) Eden: 249638K(250368K)->0K(250368K) From: 0K(224256K)->218115K(218624K)
[55.854s][info   ][gc,heap        ] GC(753) ParOldGen: 660018K(1398272K)->660018K(1398272K)
[55.854s][info   ][gc,metaspace   ] GC(753) Metaspace: 213K(448K)->213K(448K) NonClass: 204K(320K)->204K(320K) Class: 9K(128K)->9K(128K)
[55.854s][info   ][gc             ] GC(753) Pause Young (Allocation Failure) 888M->857M(1823M) 33.652ms
[55.854s][info   ][gc,cpu         ] GC(753) User=0.13s Sys=0.00s Real=0.03s
[55.886s][info   ][gc,start       ] GC(754) Pause Young (Allocation Failure)
[55.940s][info   ][gc,heap        ] GC(754) PSYoungGen: 467700K(468992K)->206851K(473600K) Eden: 249584K(250368K)->0K(246784K) From: 218115K(218624K)->206851K(226816K)
[55.941s][info   ][gc,heap        ] GC(754) ParOldGen: 660018K(1398272K)->819764K(1398272K)
[55.941s][info   ][gc,metaspace   ] GC(754) Metaspace: 213K(448K)->213K(448K) NonClass: 204K(320K)->204K(320K) Class: 9K(128K)->9K(128K)
[55.941s][info   ][gc             ] GC(754) Pause Young (Allocation Failure) 1101M->1002M(1828M) 54.742ms
[55.941s][info   ][gc,cpu         ] GC(754) User=0.21s Sys=0.00s Real=0.06s
[55.971s][info   ][gc,start       ] GC(755) Pause Young (Allocation Failure)
[56.028s][info   ][gc,heap        ] GC(755) PSYoungGen: 453316K(473600K)->209923K(472064K) Eden: 246465K(246784K)->0K(246784K) From: 206851K(226816K)->209923K(225280K)
[56.028s][info   ][gc,heap        ] GC(755) ParOldGen: 819764K(1398272K)->983607K(1398272K)
[56.028s][info   ][gc,metaspace   ] GC(755) Metaspace: 213K(448K)->213K(448K) NonClass: 204K(320K)->204K(320K) Class: 9K(128K)->9K(128K)
[56.028s][info   ][gc             ] GC(755) Pause Young (Allocation Failure) 1243M->1165M(1826M) 57.627ms
[56.028s][info   ][gc,cpu         ] GC(755) User=0.22s Sys=0.00s Real=0.06s
[56.058s][info   ][gc,start       ] GC(756) Pause Young (Allocation Failure)
[56.113s][info   ][gc,heap        ] GC(756) PSYoungGen: 456403K(472064K)->219139K(469504K) Eden: 246480K(246784K)->0K(245248K) From: 209923K(225280K)->219139K(224256K)
[56.113s][info   ][gc,heap        ] GC(756) ParOldGen: 983607K(1398272K)->1140281K(1398272K)
[56.113s][info   ][gc,metaspace   ] GC(756) Metaspace: 213K(448K)->213K(448K) NonClass: 204K(320K)->204K(320K) Class: 9K(128K)->9K(128K)
[56.113s][info   ][gc             ] GC(756) Pause Young (Allocation Failure) 1406M->1327M(1824M) 54.867ms
[56.113s][info   ][gc,cpu         ] GC(756) User=0.21s Sys=0.00s Real=0.05s
[56.142s][info   ][gc,start       ] GC(757) Pause Young (Allocation Failure)
[56.197s][info   ][gc,heap        ] GC(757) PSYoungGen: 463550K(469504K)->202755K(472064K) Eden: 244411K(245248K)->0K(245248K) From: 219139K(224256K)->202755K(226816K)
[56.197s][info   ][gc,heap        ] GC(757) ParOldGen: 1140281K(1398272K)->1288763K(1398272K)
[56.197s][info   ][gc,metaspace   ] GC(757) Metaspace: 213K(448K)->213K(448K) NonClass: 204K(320K)->204K(320K) Class: 9K(128K)->9K(128K)
[56.197s][info   ][gc             ] GC(757) Pause Young (Allocation Failure) 1566M->1456M(1826M) 54.949ms
[56.197s][info   ][gc,cpu         ] GC(757) User=0.22s Sys=0.00s Real=0.06s
[56.197s][info   ][gc,start       ] GC(758) Pause Full (Ergonomics)
[56.198s][info   ][gc,phases,start] GC(758) Marking Phase
[56.198s][info   ][gc,phases      ] GC(758) Marking Phase 0.792ms
[56.198s][info   ][gc,phases,start] GC(758) Summary Phase
[56.198s][info   ][gc,phases      ] GC(758) Summary Phase 0.027ms
[56.198s][info   ][gc,phases,start] GC(758) Adjust Roots
[56.199s][info   ][gc,phases      ] GC(758) Adjust Roots 0.166ms
[56.199s][info   ][gc,phases,start] GC(758) Compaction Phase
[56.283s][info   ][gc,phases      ] GC(758) Compaction Phase 84.764ms
[56.283s][info   ][gc,phases,start] GC(758) Post Compact
[56.290s][info   ][gc,phases      ] GC(758) Post Compact 6.661ms
[56.290s][info   ][gc,heap        ] GC(758) PSYoungGen: 202755K(472064K)->0K(472576K) Eden: 0K(245248K)->0K(246272K) From: 202755K(226816K)->0K(226304K)
[56.290s][info   ][gc,heap        ] GC(758) ParOldGen: 1288763K(1398272K)->756275K(1398272K)
[56.290s][info   ][gc,metaspace   ] GC(758) Metaspace: 213K(448K)->213K(448K) NonClass: 204K(320K)->204K(320K) Class: 9K(128K)->9K(128K)
[56.290s][info   ][gc             ] GC(758) Pause Full (Ergonomics) 1456M->738M(1827M) 92.744ms
[56.290s][info   ][gc,cpu         ] GC(758) User=0.34s Sys=0.00s Real=0.09s
[56.320s][info   ][gc,start       ] GC(759) Pause Young (Allocation Failure)
[56.355s][info   ][gc,heap        ] GC(759) PSYoungGen: 245461K(472576K)->215043K(461824K) Eden: 245461K(246272K)->0K(246272K) From: 0K(226304K)->215043K(215552K)
[56.355s][info   ][gc,heap        ] GC(759) ParOldGen: 756275K(1398272K)->756275K(1398272K)
[56.355s][info   ][gc,metaspace   ] GC(759) Metaspace: 213K(448K)->213K(448K) NonClass: 204K(320K)->204K(320K) Class: 9K(128K)->9K(128K)
[56.355s][info   ][gc             ] GC(759) Pause Young (Allocation Failure) 978M->948M(1816M) 35.568ms
[56.355s][info   ][gc,cpu         ] GC(759) User=0.14s Sys=0.00s Real=0.03s
[56.386s][info   ][gc,start       ] GC(760) Pause Young (Allocation Failure)
[56.446s][info   ][gc,heap        ] GC(760) PSYoungGen: 460451K(461824K)->208899K(473600K) Eden: 245407K(246272K)->0K(246784K) From: 215043K(215552K)->208899K(226816K)
[56.446s][info   ][gc,heap        ] GC(760) ParOldGen: 756275K(1398272K)->920118K(1398272K)
[56.446s][info   ][gc,metaspace   ] GC(760) Metaspace: 213K(448K)->213K(448K) NonClass: 204K(320K)->204K(320K) Class: 9K(128K)->9K(128K)
[56.446s][info   ][gc             ] GC(760) Pause Young (Allocation Failure) 1188M->1102M(1828M) 59.933ms
[56.446s][info   ][gc,cpu         ] GC(760) User=0.24s Sys=0.00s Real=0.05s
[56.476s][info   ][gc,start       ] GC(761) Pause Young (Allocation Failure)
[56.535s][info   ][gc,heap        ] GC(761) PSYoungGen: 455363K(473600K)->207875K(472064K) Eden: 246464K(246784K)->0K(246784K) From: 208899K(226816K)->207875K(225280K)
[56.535s][info   ][gc,heap        ] GC(761) ParOldGen: 920118K(1398272K)->1078840K(1398272K)
[56.535s][info   ][gc,metaspace   ] GC(761) Metaspace: 213K(448K)->213K(448K) NonClass: 204K(320K)->204K(320K) Class: 9K(128K)->9K(128K)
[56.535s][info   ][gc             ] GC(761) Pause Young (Allocation Failure) 1343M->1256M(1826M) 59.534ms
[56.535s][info   ][gc,cpu         ] GC(761) User=0.23s Sys=0.00s Real=0.06s
[56.567s][info   ][gc,start       ] GC(762) Pause Young (Allocation Failure)
[56.623s][info   ][gc,heap        ] GC(762) PSYoungGen: 454354K(472064K)->215043K(473088K) Eden: 246479K(246784K)->0K(249344K) From: 207875K(225280K)->215043K(223744K)
[56.623s][info   ][gc,heap        ] GC(762) ParOldGen: 1078840K(1398272K)->1227322K(1398272K)
[56.623s][info   ][gc,metaspace   ] GC(762) Metaspace: 213K(448K)->213K(448K) NonClass: 204K(320K)->204K(320K) Class: 9K(128K)->9K(128K)
[56.623s][info   ][gc             ] GC(762) Pause Young (Allocation Failure) 1497M->1408M(1827M) 56.154ms
[56.623s][info   ][gc,cpu         ] GC(762) User=0.22s Sys=0.00s Real=0.05s
[56.623s][info   ][gc,start       ] GC(763) Pause Full (Ergonomics)
[56.623s][info   ][gc,phases,start] GC(763) Marking Phase
[56.624s][info   ][gc,phases      ] GC(763) Marking Phase 0.984ms
[56.624s][info   ][gc,phases,start] GC(763) Summary Phase
[56.624s][info   ][gc,phases      ] GC(763) Summary Phase 0.029ms
[56.624s][info   ][gc,phases,start] GC(763) Adjust Roots
[56.625s][info   ][gc,phases      ] GC(763) Adjust Roots 0.159ms
[56.625s][info   ][gc,phases,start] GC(763) Compaction Phase
[56.716s][info   ][gc,phases      ] GC(763) Compaction Phase 91.019ms
[56.716s][info   ][gc,phases,start] GC(763) Post Compact
[56.722s][info   ][gc,phases      ] GC(763) Post Compact 6.163ms
[56.722s][info   ][gc,heap        ] GC(763) PSYoungGen: 215043K(473088K)->0K(474112K) Eden: 0K(249344K)->0K(249344K) From: 215043K(223744K)->0K(224768K)
[56.722s][info   ][gc,heap        ] GC(763) ParOldGen: 1227322K(1398272K)->790068K(1398272K)
[56.722s][info   ][gc,metaspace   ] GC(763) Metaspace: 213K(448K)->213K(448K) NonClass: 204K(320K)->204K(320K) Class: 9K(128K)->9K(128K)
[56.722s][info   ][gc             ] GC(763) Pause Full (Ergonomics) 1408M->771M(1828M) 98.684ms
[56.722s][info   ][gc,cpu         ] GC(763) User=0.36s Sys=0.00s Real=0.10s
[56.755s][info   ][gc,start       ] GC(764) Pause Young (Allocation Failure)
[56.790s][info   ][gc,heap        ] GC(764) PSYoungGen: 248587K(474112K)->208899K(475648K) Eden: 248587K(249344K)->0K(250880K) From: 0K(224768K)->208899K(224768K)
[56.790s][info   ][gc,heap        ] GC(764) ParOldGen: 790068K(1398272K)->790068K(1398272K)
[56.790s][info   ][gc,metaspace   ] GC(764) Metaspace: 213K(448K)->213K(448K) NonClass: 204K(320K)->204K(320K) Class: 9K(128K)->9K(128K)
[56.790s][info   ][gc             ] GC(764) Pause Young (Allocation Failure) 1014M->975M(1830M) 34.941ms
[56.790s][info   ][gc,cpu         ] GC(764) User=0.14s Sys=0.00s Real=0.04s
[56.821s][info   ][gc,start       ] GC(765) Pause Young (Allocation Failure)
[56.876s][info   ][gc,heap        ] GC(765) PSYoungGen: 459512K(475648K)->215043K(474112K) Eden: 250613K(250880K)->0K(250880K) From: 208899K(224768K)->215043K(223232K)
[56.876s][info   ][gc,heap        ] GC(765) ParOldGen: 790068K(1398272K)->937526K(1398272K)
[56.876s][info   ][gc,metaspace   ] GC(765) Metaspace: 213K(448K)->213K(448K) NonClass: 204K(320K)->204K(320K) Class: 9K(128K)->9K(128K)
[56.876s][info   ][gc             ] GC(765) Pause Young (Allocation Failure) 1220M->1125M(1828M) 54.995ms
[56.877s][info   ][gc,cpu         ] GC(765) User=0.22s Sys=0.00s Real=0.06s
[56.907s][info   ][gc,start       ] GC(766) Pause Young (Allocation Failure)
[56.959s][info   ][gc,heap        ] GC(766) PSYoungGen: 465681K(474112K)->207875K(476160K) Eden: 250638K(250880K)->0K(251904K) From: 215043K(223232K)->207875K(224256K)
[56.959s][info   ][gc,heap        ] GC(766) ParOldGen: 937526K(1398272K)->1084984K(1398272K)
[56.959s][info   ][gc,metaspace   ] GC(766) Metaspace: 213K(448K)->213K(448K) NonClass: 204K(320K)->204K(320K) Class: 9K(128K)->9K(128K)
[56.959s][info   ][gc             ] GC(766) Pause Young (Allocation Failure) 1370M->1262M(1830M) 52.654ms
[56.959s][info   ][gc,cpu         ] GC(766) User=0.20s Sys=0.00s Real=0.05s
[56.989s][info   ][gc,start       ] GC(767) Pause Young (Allocation Failure)
[57.043s][info   ][gc,heap        ] GC(767) PSYoungGen: 459573K(476160K)->211971K(474624K) Eden: 251698K(251904K)->0K(251904K) From: 207875K(224256K)->211971K(222720K)
[57.043s][info   ][gc,heap        ] GC(767) ParOldGen: 1084984K(1398272K)->1237563K(1398272K)
[57.043s][info   ][gc,metaspace   ] GC(767) Metaspace: 213K(448K)->213K(448K) NonClass: 204K(320K)->204K(320K) Class: 9K(128K)->9K(128K)
[57.044s][info   ][gc             ] GC(767) Pause Young (Allocation Failure) 1508M->1415M(1829M) 54.071ms
[57.044s][info   ][gc,cpu         ] GC(767) User=0.21s Sys=0.00s Real=0.05s
[57.044s][info   ][gc,start       ] GC(768) Pause Full (Ergonomics)
[57.044s][info   ][gc,phases,start] GC(768) Marking Phase
[57.045s][info   ][gc,phases      ] GC(768) Marking Phase 0.924ms
[57.045s][info   ][gc,phases,start] GC(768) Summary Phase
[57.045s][info   ][gc,phases      ] GC(768) Summary Phase 0.027ms
[57.045s][info   ][gc,phases,start] GC(768) Adjust Roots
[57.045s][info   ][gc,phases      ] GC(768) Adjust Roots 0.130ms
[57.045s][info   ][gc,phases,start] GC(768) Compaction Phase
[57.133s][info   ][gc,phases      ] GC(768) Compaction Phase 88.671ms
[57.133s][info   ][gc,phases,start] GC(768) Post Compact
[57.140s][info   ][gc,phases      ] GC(768) Post Compact 6.061ms
[57.140s][info   ][gc,heap        ] GC(768) PSYoungGen: 211971K(474624K)->0K(476160K) Eden: 0K(251904K)->0K(253440K) From: 211971K(222720K)->0K(222720K)
[57.140s][info   ][gc,heap        ] GC(768) ParOldGen: 1237563K(1398272K)->785972K(1398272K)
[57.140s][info   ][gc,metaspace   ] GC(768) Metaspace: 213K(448K)->213K(448K) NonClass: 204K(320K)->204K(320K) Class: 9K(128K)->9K(128K)
[57.140s][info   ][gc             ] GC(768) Pause Full (Ergonomics) 1415M->767M(1830M) 96.066ms
[57.140s][info   ][gc,cpu         ] GC(768) User=0.36s Sys=0.00s Real=0.10s
[57.170s][info   ][gc,start       ] GC(769) Pause Young (Allocation Failure)
[57.205s][info   ][gc,heap        ] GC(769) PSYoungGen: 252762K(476160K)->211971K(476160K) Eden: 252762K(253440K)->0K(253440K) From: 0K(222720K)->211971K(222720K)
[57.205s][info   ][gc,heap        ] GC(769) ParOldGen: 785972K(1398272K)->785972K(1398272K)
[57.205s][info   ][gc,metaspace   ] GC(769) Metaspace: 213K(448K)->213K(448K) NonClass: 204K(320K)->204K(320K) Class: 9K(128K)->9K(128K)
[57.205s][info   ][gc             ] GC(769) Pause Young (Allocation Failure) 1014M->974M(1830M) 35.095ms
[57.205s][info   ][gc,cpu         ] GC(769) User=0.13s Sys=0.00s Real=0.03s
[57.236s][info   ][gc,start       ] GC(770) Pause Young (Allocation Failure)
[57.290s][info   ][gc,heap        ] GC(770) PSYoungGen: 464682K(476160K)->214019K(476672K) Eden: 252711K(253440K)->0K(254464K) From: 211971K(222720K)->214019K(222208K)
[57.290s][info   ][gc,heap        ] GC(770) ParOldGen: 785972K(1398272K)->929334K(1398272K)
[57.290s][info   ][gc,metaspace   ] GC(770) Metaspace: 213K(448K)->213K(448K) NonClass: 204K(320K)->204K(320K) Class: 9K(128K)->9K(128K)
[57.290s][info   ][gc             ] GC(770) Pause Young (Allocation Failure) 1221M->1116M(1831M) 53.237ms
[57.290s][info   ][gc,cpu         ] GC(770) User=0.21s Sys=0.00s Real=0.05s
[57.320s][info   ][gc,start       ] GC(771) Pause Young (Allocation Failure)
[57.374s][info   ][gc,heap        ] GC(771) PSYoungGen: 467799K(476672K)->214019K(468992K) Eden: 253780K(254464K)->0K(254464K) From: 214019K(222208K)->214019K(214528K)
[57.374s][info   ][gc,heap        ] GC(771) ParOldGen: 929334K(1398272K)->1071672K(1398272K)
[57.374s][info   ][gc,metaspace   ] GC(771) Metaspace: 213K(448K)->213K(448K) NonClass: 204K(320K)->204K(320K) Class: 9K(128K)->9K(128K)
[57.374s][info   ][gc             ] GC(771) Pause Young (Allocation Failure) 1364M->1255M(1823M) 54.029ms
[57.374s][info   ][gc,cpu         ] GC(771) User=0.21s Sys=0.00s Real=0.05s
[57.406s][info   ][gc,start       ] GC(772) Pause Young (Allocation Failure)
[57.459s][info   ][gc,heap        ] GC(772) PSYoungGen: 467815K(468992K)->203779K(476160K) Eden: 253796K(254464K)->0K(253440K) From: 214019K(214528K)->203779K(222720K)
[57.459s][info   ][gc,heap        ] GC(772) ParOldGen: 1071672K(1398272K)->1217082K(1398272K)
[57.459s][info   ][gc,metaspace   ] GC(772) Metaspace: 213K(448K)->213K(448K) NonClass: 204K(320K)->204K(320K) Class: 9K(128K)->9K(128K)
[57.459s][info   ][gc             ] GC(772) Pause Young (Allocation Failure) 1503M->1387M(1830M) 53.398ms
[57.459s][info   ][gc,cpu         ] GC(772) User=0.21s Sys=0.00s Real=0.06s
[57.459s][info   ][gc,start       ] GC(773) Pause Full (Ergonomics)
[57.459s][info   ][gc,phases,start] GC(773) Marking Phase
[57.460s][info   ][gc,phases      ] GC(773) Marking Phase 1.182ms
[57.460s][info   ][gc,phases,start] GC(773) Summary Phase
[57.460s][info   ][gc,phases      ] GC(773) Summary Phase 0.027ms
[57.460s][info   ][gc,phases,start] GC(773) Adjust Roots
[57.461s][info   ][gc,phases      ] GC(773) Adjust Roots 0.207ms
[57.461s][info   ][gc,phases,start] GC(773) Compaction Phase
[57.546s][info   ][gc,phases      ] GC(773) Compaction Phase 85.450ms
[57.546s][info   ][gc,phases,start] GC(773) Post Compact
[57.552s][info   ][gc,phases      ] GC(773) Post Compact 6.101ms
[57.552s][info   ][gc,heap        ] GC(773) PSYoungGen: 203779K(476160K)->0K(476160K) Eden: 0K(253440K)->0K(253440K) From: 203779K(222720K)->0K(222720K)
[57.552s][info   ][gc,heap        ] GC(773) ParOldGen: 1217082K(1398272K)->743987K(1398272K)
[57.552s][info   ][gc,metaspace   ] GC(773) Metaspace: 213K(448K)->213K(448K) NonClass: 204K(320K)->204K(320K) Class: 9K(128K)->9K(128K)
[57.552s][info   ][gc             ] GC(773) Pause Full (Ergonomics) 1387M->726M(1830M) 93.215ms
[57.552s][info   ][gc,cpu         ] GC(773) User=0.34s Sys=0.00s Real=0.09s
[57.583s][info   ][gc,start       ] GC(774) Pause Young (Allocation Failure)
[57.615s][info   ][gc,heap        ] GC(774) PSYoungGen: 252762K(476160K)->205827K(476672K) Eden: 252762K(253440K)->0K(253952K) From: 0K(222720K)->205827K(222720K)
[57.615s][info   ][gc,heap        ] GC(774) ParOldGen: 743987K(1398272K)->743987K(1398272K)
[57.615s][info   ][gc,metaspace   ] GC(774) Metaspace: 213K(448K)->213K(448K) NonClass: 204K(320K)->204K(320K) Class: 9K(128K)->9K(128K)
[57.615s][info   ][gc             ] GC(774) Pause Young (Allocation Failure) 973M->927M(1831M) 32.361ms
[57.615s][info   ][gc,cpu         ] GC(774) User=0.13s Sys=0.00s Real=0.03s
[57.647s][info   ][gc,start       ] GC(775) Pause Young (Allocation Failure)
[57.698s][info   ][gc,heap        ] GC(775) PSYoungGen: 459572K(476672K)->212995K(476160K) Eden: 253745K(253952K)->0K(253952K) From: 205827K(222720K)->212995K(222208K)
[57.698s][info   ][gc,heap        ] GC(775) ParOldGen: 743987K(1398272K)->880181K(1398272K)
[57.699s][info   ][gc,metaspace   ] GC(775) Metaspace: 213K(448K)->213K(448K) NonClass: 204K(320K)->204K(320K) Class: 9K(128K)->9K(128K)
[57.699s][info   ][gc             ] GC(775) Pause Young (Allocation Failure) 1175M->1067M(1830M) 51.942ms
[57.699s][info   ][gc,cpu         ] GC(775) User=0.21s Sys=0.00s Real=0.05s
[57.729s][info   ][gc,start       ] GC(776) Pause Young (Allocation Failure)
[57.785s][info   ][gc,heap        ] GC(776) PSYoungGen: 466765K(476160K)->217091K(473600K) Eden: 253770K(253952K)->0K(251392K) From: 212995K(222208K)->217091K(222208K)
[57.785s][info   ][gc,heap        ] GC(776) ParOldGen: 880181K(1398272K)->1033783K(1398272K)
[57.785s][info   ][gc,metaspace   ] GC(776) Metaspace: 213K(448K)->213K(448K) NonClass: 204K(320K)->204K(320K) Class: 9K(128K)->9K(128K)
[57.785s][info   ][gc             ] GC(776) Pause Young (Allocation Failure) 1315M->1221M(1828M) 55.875ms
[57.785s][info   ][gc,cpu         ] GC(776) User=0.22s Sys=0.00s Real=0.05s
[57.815s][info   ][gc,start       ] GC(777) Pause Young (Allocation Failure)
[57.869s][info   ][gc,heap        ] GC(777) PSYoungGen: 467755K(473600K)->214019K(475136K) Eden: 250664K(251392K)->0K(251392K) From: 217091K(222208K)->214019K(223744K)
[57.869s][info   ][gc,heap        ] GC(777) ParOldGen: 1033783K(1398272K)->1192506K(1398272K)
[57.869s][info   ][gc,metaspace   ] GC(777) Metaspace: 213K(448K)->213K(448K) NonClass: 204K(320K)->204K(320K) Class: 9K(128K)->9K(128K)
[57.869s][info   ][gc             ] GC(777) Pause Young (Allocation Failure) 1466M->1373M(1829M) 54.523ms
[57.869s][info   ][gc,cpu         ] GC(777) User=0.22s Sys=0.00s Real=0.06s
[57.869s][info   ][gc,start       ] GC(778) Pause Full (Ergonomics)
[57.869s][info   ][gc,phases,start] GC(778) Marking Phase
[57.870s][info   ][gc,phases      ] GC(778) Marking Phase 0.885ms
[57.870s][info   ][gc,phases,start] GC(778) Summary Phase
[57.870s][info   ][gc,phases      ] GC(778) Summary Phase 0.026ms
[57.870s][info   ][gc,phases,start] GC(778) Adjust Roots
[57.870s][info   ][gc,phases      ] GC(778) Adjust Roots 0.169ms
[57.870s][info   ][gc,phases,start] GC(778) Compaction Phase
[57.960s][info   ][gc,phases      ] GC(778) Compaction Phase 89.561ms
[57.960s][info   ][gc,phases,start] GC(778) Post Compact
[57.966s][info   ][gc,phases      ] GC(778) Post Compact 6.391ms
[57.967s][info   ][gc,heap        ] GC(778) PSYoungGen: 214019K(475136K)->0K(475136K) Eden: 0K(251392K)->0K(251392K) From: 214019K(223744K)->0K(223744K)
[57.967s][info   ][gc,heap        ] GC(778) ParOldGen: 1192506K(1398272K)->747059K(1398272K)
[57.967s][info   ][gc,metaspace   ] GC(778) Metaspace: 213K(448K)->213K(448K) NonClass: 204K(320K)->204K(320K) Class: 9K(128K)->9K(128K)
[57.967s][info   ][gc             ] GC(778) Pause Full (Ergonomics) 1373M->729M(1829M) 97.302ms
[57.967s][info   ][gc,cpu         ] GC(778) User=0.35s Sys=0.01s Real=0.10s
[58.001s][info   ][gc,start       ] GC(779) Pause Young (Allocation Failure)
[58.035s][info   ][gc,heap        ] GC(779) PSYoungGen: 250674K(475136K)->200707K(452608K) Eden: 250674K(251392K)->0K(251392K) From: 0K(223744K)->200707K(201216K)
[58.035s][info   ][gc,heap        ] GC(779) ParOldGen: 747059K(1398272K)->747059K(1398272K)
[58.035s][info   ][gc,metaspace   ] GC(779) Metaspace: 213K(448K)->213K(448K) NonClass: 204K(320K)->204K(320K) Class: 9K(128K)->9K(128K)
[58.035s][info   ][gc             ] GC(779) Pause Young (Allocation Failure) 974M->925M(1807M) 33.702ms
[58.035s][info   ][gc,cpu         ] GC(779) User=0.13s Sys=0.00s Real=0.03s
[58.067s][info   ][gc,start       ] GC(780) Pause Young (Allocation Failure)
[58.123s][info   ][gc,heap        ] GC(780) PSYoungGen: 451330K(452608K)->210947K(475648K) Eden: 250623K(251392K)->0K(251392K) From: 200707K(201216K)->210947K(224256K)
[58.123s][info   ][gc,heap        ] GC(780) ParOldGen: 747059K(1398272K)->883253K(1398272K)
[58.123s][info   ][gc,metaspace   ] GC(780) Metaspace: 213K(448K)->213K(448K) NonClass: 204K(320K)->204K(320K) Class: 9K(128K)->9K(128K)
[58.123s][info   ][gc             ] GC(780) Pause Young (Allocation Failure) 1170M->1068M(1830M) 56.074ms
[58.123s][info   ][gc,cpu         ] GC(780) User=0.22s Sys=0.00s Real=0.05s
[58.155s][info   ][gc,start       ] GC(781) Pause Young (Allocation Failure)
[58.208s][info   ][gc,heap        ] GC(781) PSYoungGen: 461595K(475648K)->209923K(474624K) Eden: 250648K(251392K)->0K(251392K) From: 210947K(224256K)->209923K(223232K)
[58.208s][info   ][gc,heap        ] GC(781) ParOldGen: 883253K(1398272K)->1030711K(1398272K)
[58.208s][info   ][gc,metaspace   ] GC(781) Metaspace: 213K(448K)->213K(448K) NonClass: 204K(320K)->204K(320K) Class: 9K(128K)->9K(128K)
[58.208s][info   ][gc             ] GC(781) Pause Young (Allocation Failure) 1313M->1211M(1829M) 52.988ms
[58.208s][info   ][gc,cpu         ] GC(781) User=0.21s Sys=0.00s Real=0.06s
[58.239s][info   ][gc,start       ] GC(782) Pause Young (Allocation Failure)
[58.296s][info   ][gc,heap        ] GC(782) PSYoungGen: 460587K(474624K)->221187K(471040K) Eden: 250664K(251392K)->0K(249344K) From: 209923K(223232K)->221187K(221696K)
[58.296s][info   ][gc,heap        ] GC(782) ParOldGen: 1030711K(1398272K)->1191482K(1398272K)
[58.296s][info   ][gc,metaspace   ] GC(782) Metaspace: 213K(448K)->213K(448K) NonClass: 204K(320K)->204K(320K) Class: 9K(128K)->9K(128K)
[58.296s][info   ][gc             ] GC(782) Pause Young (Allocation Failure) 1456M->1379M(1825M) 57.372ms
[58.296s][info   ][gc,cpu         ] GC(782) User=0.22s Sys=0.01s Real=0.06s
[58.296s][info   ][gc,start       ] GC(783) Pause Full (Ergonomics)
[58.296s][info   ][gc,phases,start] GC(783) Marking Phase
[58.297s][info   ][gc,phases      ] GC(783) Marking Phase 0.855ms
[58.297s][info   ][gc,phases,start] GC(783) Summary Phase
[58.297s][info   ][gc,phases      ] GC(783) Summary Phase 0.038ms
[58.297s][info   ][gc,phases,start] GC(783) Adjust Roots
[58.297s][info   ][gc,phases      ] GC(783) Adjust Roots 0.182ms
[58.297s][info   ][gc,phases,start] GC(783) Compaction Phase
[58.385s][info   ][gc,phases      ] GC(783) Compaction Phase 87.507ms
[58.385s][info   ][gc,phases,start] GC(783) Post Compact
[58.392s][info   ][gc,phases      ] GC(783) Post Compact 7.552ms
[58.392s][info   ][gc,heap        ] GC(783) PSYoungGen: 221187K(471040K)->0K(474112K) Eden: 0K(249344K)->0K(249344K) From: 221187K(221696K)->0K(224768K)
[58.392s][info   ][gc,heap        ] GC(783) ParOldGen: 1191482K(1398272K)->792116K(1398272K)
[58.392s][info   ][gc,metaspace   ] GC(783) Metaspace: 213K(448K)->213K(448K) NonClass: 204K(320K)->204K(320K) Class: 9K(128K)->9K(128K)
[58.392s][info   ][gc             ] GC(783) Pause Full (Ergonomics) 1379M->773M(1828M) 96.426ms
[58.392s][info   ][gc,cpu         ] GC(783) User=0.36s Sys=0.00s Real=0.09s
[58.424s][info   ][gc,start       ] GC(784) Pause Young (Allocation Failure)
[58.457s][info   ][gc,heap        ] GC(784) PSYoungGen: 248586K(474112K)->220163K(470016K) Eden: 248586K(249344K)->0K(245248K) From: 0K(224768K)->220163K(224768K)
[58.457s][info   ][gc,heap        ] GC(784) ParOldGen: 792116K(1398272K)->792116K(1398272K)
[58.457s][info   ][gc,metaspace   ] GC(784) Metaspace: 213K(448K)->213K(448K) NonClass: 204K(320K)->204K(320K) Class: 9K(128K)->9K(128K)
[58.457s][info   ][gc             ] GC(784) Pause Young (Allocation Failure) 1016M->988M(1824M) 32.903ms
[58.457s][info   ][gc,cpu         ] GC(784) User=0.13s Sys=0.00s Real=0.04s
[58.486s][info   ][gc,start       ] GC(785) Pause Young (Allocation Failure)
[58.542s][info   ][gc,heap        ] GC(785) PSYoungGen: 464523K(470016K)->214019K(472064K) Eden: 244360K(245248K)->0K(245248K) From: 220163K(224768K)->214019K(226816K)
[58.542s][info   ][gc,heap        ] GC(785) ParOldGen: 792116K(1398272K)->954934K(1398272K)
[58.542s][info   ][gc,metaspace   ] GC(785) Metaspace: 214K(448K)->214K(448K) NonClass: 204K(320K)->204K(320K) Class: 9K(128K)->9K(128K)
[58.542s][info   ][gc             ] GC(785) Pause Young (Allocation Failure) 1227M->1141M(1826M) 55.667ms
[58.542s][info   ][gc,cpu         ] GC(785) User=0.22s Sys=0.00s Real=0.05s
[58.571s][info   ][gc,start       ] GC(786) Pause Young (Allocation Failure)
[58.625s][info   ][gc,heap        ] GC(786) PSYoungGen: 458843K(472064K)->205827K(473088K) Eden: 244824K(245248K)->0K(247296K) From: 214019K(226816K)->205827K(225792K)
[58.625s][info   ][gc,heap        ] GC(786) ParOldGen: 954934K(1398272K)->1086008K(1398272K)
[58.625s][info   ][gc,metaspace   ] GC(786) Metaspace: 214K(448K)->214K(448K) NonClass: 204K(320K)->204K(320K) Class: 9K(128K)->9K(128K)
[58.625s][info   ][gc             ] GC(786) Pause Young (Allocation Failure) 1380M->1261M(1827M) 53.384ms
[58.625s][info   ][gc,cpu         ] GC(786) User=0.21s Sys=0.00s Real=0.05s
[58.653s][info   ][gc,start       ] GC(787) Pause Young (Allocation Failure)
[58.707s][info   ][gc,heap        ] GC(787) PSYoungGen: 452960K(473088K)->210947K(473088K) Eden: 247133K(247296K)->0K(247296K) From: 205827K(225792K)->210947K(225792K)
[58.707s][info   ][gc,heap        ] GC(787) ParOldGen: 1086008K(1398272K)->1237563K(1398272K)
[58.707s][info   ][gc,metaspace   ] GC(787) Metaspace: 214K(448K)->214K(448K) NonClass: 204K(320K)->204K(320K) Class: 9K(128K)->9K(128K)
[58.707s][info   ][gc             ] GC(787) Pause Young (Allocation Failure) 1502M->1414M(1827M) 54.405ms
[58.707s][info   ][gc,cpu         ] GC(787) User=0.21s Sys=0.00s Real=0.06s
[58.707s][info   ][gc,start       ] GC(788) Pause Full (Ergonomics)
[58.707s][info   ][gc,phases,start] GC(788) Marking Phase
[58.708s][info   ][gc,phases      ] GC(788) Marking Phase 0.852ms
[58.708s][info   ][gc,phases,start] GC(788) Summary Phase
[58.708s][info   ][gc,phases      ] GC(788) Summary Phase 0.026ms
[58.708s][info   ][gc,phases,start] GC(788) Adjust Roots
[58.708s][info   ][gc,phases      ] GC(788) Adjust Roots 0.115ms
[58.708s][info   ][gc,phases,start] GC(788) Compaction Phase
[58.795s][info   ][gc,phases      ] GC(788) Compaction Phase 86.231ms
[58.795s][info   ][gc,phases,start] GC(788) Post Compact
[58.801s][info   ][gc,phases      ] GC(788) Post Compact 6.229ms
[58.801s][info   ][gc,heap        ] GC(788) PSYoungGen: 210947K(473088K)->0K(474624K) Eden: 0K(247296K)->0K(250368K) From: 210947K(225792K)->0K(224256K)
[58.801s][info   ][gc,heap        ] GC(788) ParOldGen: 1237563K(1398272K)->770611K(1398272K)
[58.801s][info   ][gc,metaspace   ] GC(788) Metaspace: 214K(448K)->214K(448K) NonClass: 204K(320K)->204K(320K) Class: 9K(128K)->9K(128K)
[58.801s][info   ][gc             ] GC(788) Pause Full (Ergonomics) 1414M->752M(1829M) 93.689ms
[58.801s][info   ][gc,cpu         ] GC(788) User=0.35s Sys=0.00s Real=0.09s
[58.832s][info   ][gc,start       ] GC(789) Pause Young (Allocation Failure)
[58.863s][info   ][gc,heap        ] GC(789) PSYoungGen: 249852K(474624K)->202755K(453632K) Eden: 249852K(250368K)->0K(250368K) From: 0K(224256K)->202755K(203264K)
[58.863s][info   ][gc,heap        ] GC(789) ParOldGen: 770611K(1398272K)->770611K(1398272K)
[58.863s][info   ][gc,metaspace   ] GC(789) Metaspace: 214K(448K)->214K(448K) NonClass: 204K(320K)->204K(320K) Class: 9K(128K)->9K(128K)
[58.863s][info   ][gc             ] GC(789) Pause Young (Allocation Failure) 996M->950M(1808M) 30.985ms
[58.863s][info   ][gc,cpu         ] GC(789) User=0.12s Sys=0.00s Real=0.03s
[58.893s][info   ][gc,start       ] GC(790) Pause Young (Allocation Failure)
[58.949s][info   ][gc,heap        ] GC(790) PSYoungGen: 452857K(453632K)->207875K(475136K) Eden: 250102K(250368K)->0K(250368K) From: 202755K(203264K)->207875K(224768K)
[58.949s][info   ][gc,heap        ] GC(790) ParOldGen: 770611K(1398272K)->912950K(1398272K)
[58.949s][info   ][gc,metaspace   ] GC(790) Metaspace: 214K(448K)->214K(448K) NonClass: 204K(320K)->204K(320K) Class: 9K(128K)->9K(128K)
[58.949s][info   ][gc             ] GC(790) Pause Young (Allocation Failure) 1194M->1094M(1829M) 55.997ms
[58.949s][info   ][gc,cpu         ] GC(790) User=0.22s Sys=0.00s Real=0.06s
[58.979s][info   ][gc,start       ] GC(791) Pause Young (Allocation Failure)
[59.035s][info   ][gc,heap        ] GC(791) PSYoungGen: 458181K(475136K)->221187K(472064K) Eden: 250305K(250368K)->0K(250368K) From: 207875K(224768K)->221187K(221696K)
[59.035s][info   ][gc,heap        ] GC(791) ParOldGen: 912950K(1398272K)->1064504K(1398272K)
[59.035s][info   ][gc,metaspace   ] GC(791) Metaspace: 214K(448K)->214K(448K) NonClass: 204K(320K)->204K(320K) Class: 9K(128K)->9K(128K)
[59.035s][info   ][gc             ] GC(791) Pause Young (Allocation Failure) 1338M->1255M(1826M) 55.943ms
[59.035s][info   ][gc,cpu         ] GC(791) User=0.22s Sys=0.00s Real=0.05s
[59.064s][info   ][gc,start       ] GC(792) Pause Young (Allocation Failure)
[59.116s][info   ][gc,heap        ] GC(792) PSYoungGen: 470600K(472064K)->204803K(472576K) Eden: 249412K(250368K)->0K(246272K) From: 221187K(221696K)->204803K(226304K)
[59.116s][info   ][gc,heap        ] GC(792) ParOldGen: 1064504K(1398272K)->1210938K(1398272K)
[59.116s][info   ][gc,metaspace   ] GC(792) Metaspace: 214K(448K)->214K(448K) NonClass: 204K(320K)->204K(320K) Class: 9K(128K)->9K(128K)
[59.116s][info   ][gc             ] GC(792) Pause Young (Allocation Failure) 1499M->1382M(1827M) 51.685ms
[59.116s][info   ][gc,cpu         ] GC(792) User=0.21s Sys=0.00s Real=0.05s
[59.116s][info   ][gc,start       ] GC(793) Pause Full (Ergonomics)
[59.116s][info   ][gc,phases,start] GC(793) Marking Phase
[59.117s][info   ][gc,phases      ] GC(793) Marking Phase 0.789ms
[59.117s][info   ][gc,phases,start] GC(793) Summary Phase
[59.117s][info   ][gc,phases      ] GC(793) Summary Phase 0.025ms
[59.117s][info   ][gc,phases,start] GC(793) Adjust Roots
[59.117s][info   ][gc,phases      ] GC(793) Adjust Roots 0.137ms
[59.117s][info   ][gc,phases,start] GC(793) Compaction Phase
[59.203s][info   ][gc,phases      ] GC(793) Compaction Phase 86.507ms
[59.203s][info   ][gc,phases,start] GC(793) Post Compact
[59.209s][info   ][gc,phases      ] GC(793) Post Compact 5.972ms
[59.209s][info   ][gc,heap        ] GC(793) PSYoungGen: 204803K(472576K)->0K(472576K) Eden: 0K(246272K)->0K(246272K) From: 204803K(226304K)->0K(226304K)
[59.209s][info   ][gc,heap        ] GC(793) ParOldGen: 1210938K(1398272K)->749107K(1398272K)
[59.209s][info   ][gc,metaspace   ] GC(793) Metaspace: 214K(448K)->214K(448K) NonClass: 204K(320K)->204K(320K) Class: 9K(128K)->9K(128K)
[59.209s][info   ][gc             ] GC(793) Pause Full (Ergonomics) 1382M->731M(1827M) 93.665ms
[59.209s][info   ][gc,cpu         ] GC(793) User=0.34s Sys=0.00s Real=0.10s
[59.241s][info   ][gc,start       ] GC(794) Pause Young (Allocation Failure)
[59.275s][info   ][gc,heap        ] GC(794) PSYoungGen: 245517K(472576K)->212995K(473600K) Eden: 245517K(246272K)->0K(247296K) From: 0K(226304K)->212995K(226304K)
[59.275s][info   ][gc,heap        ] GC(794) ParOldGen: 749107K(1398272K)->749107K(1398272K)
[59.275s][info   ][gc,metaspace   ] GC(794) Metaspace: 214K(448K)->214K(448K) NonClass: 204K(320K)->204K(320K) Class: 9K(128K)->9K(128K)
[59.275s][info   ][gc             ] GC(794) Pause Young (Allocation Failure) 971M->939M(1828M) 34.693ms
[59.275s][info   ][gc,cpu         ] GC(794) User=0.14s Sys=0.00s Real=0.03s
[59.308s][info   ][gc,start       ] GC(795) Pause Young (Allocation Failure)
[59.362s][info   ][gc,heap        ] GC(795) PSYoungGen: 459867K(473600K)->217091K(472576K) Eden: 246872K(247296K)->0K(247296K) From: 212995K(226304K)->217091K(225280K)
[59.362s][info   ][gc,heap        ] GC(795) ParOldGen: 749107K(1398272K)->901685K(1398272K)
[59.362s][info   ][gc,metaspace   ] GC(795) Metaspace: 214K(448K)->214K(448K) NonClass: 204K(320K)->204K(320K) Class: 9K(128K)->9K(128K)
[59.362s][info   ][gc             ] GC(795) Pause Young (Allocation Failure) 1180M->1092M(1827M) 54.219ms
[59.362s][info   ][gc,cpu         ] GC(795) User=0.21s Sys=0.00s Real=0.05s
[59.399s][info   ][gc,start       ] GC(796) Pause Young (Allocation Failure)
[59.456s][info   ][gc,heap        ] GC(796) PSYoungGen: 464202K(472576K)->201731K(472576K) Eden: 247110K(247296K)->0K(246272K) From: 217091K(225280K)->201731K(226304K)
[59.456s][info   ][gc,heap        ] GC(796) ParOldGen: 901685K(1398272K)->1056312K(1398272K)
[59.456s][info   ][gc,metaspace   ] GC(796) Metaspace: 214K(448K)->214K(448K) NonClass: 204K(320K)->204K(320K) Class: 9K(128K)->9K(128K)
[59.456s][info   ][gc             ] GC(796) Pause Young (Allocation Failure) 1333M->1228M(1827M) 56.440ms
[59.456s][info   ][gc,cpu         ] GC(796) User=0.22s Sys=0.01s Real=0.06s
[59.491s][info   ][gc,start       ] GC(797) Pause Young (Allocation Failure)
[59.547s][info   ][gc,heap        ] GC(797) PSYoungGen: 447307K(472576K)->211971K(472576K) Eden: 245576K(246272K)->0K(246272K) From: 201731K(226304K)->211971K(226304K)
[59.547s][info   ][gc,heap        ] GC(797) ParOldGen: 1056312K(1398272K)->1221178K(1398272K)
[59.547s][info   ][gc,metaspace   ] GC(797) Metaspace: 214K(448K)->214K(448K) NonClass: 204K(320K)->204K(320K) Class: 9K(128K)->9K(128K)
[59.547s][info   ][gc             ] GC(797) Pause Young (Allocation Failure) 1468M->1399M(1827M) 56.039ms
[59.547s][info   ][gc,cpu         ] GC(797) User=0.22s Sys=0.00s Real=0.06s
[59.547s][info   ][gc,start       ] GC(798) Pause Full (Ergonomics)
[59.547s][info   ][gc,phases,start] GC(798) Marking Phase
[59.548s][info   ][gc,phases      ] GC(798) Marking Phase 0.903ms
[59.548s][info   ][gc,phases,start] GC(798) Summary Phase
[59.548s][info   ][gc,phases      ] GC(798) Summary Phase 0.026ms
[59.548s][info   ][gc,phases,start] GC(798) Adjust Roots
[59.548s][info   ][gc,phases      ] GC(798) Adjust Roots 0.121ms
[59.548s][info   ][gc,phases,start] GC(798) Compaction Phase
[59.643s][info   ][gc,phases      ] GC(798) Compaction Phase 94.152ms
[59.643s][info   ][gc,phases,start] GC(798) Post Compact
[59.649s][info   ][gc,phases      ] GC(798) Post Compact 6.719ms
[59.649s][info   ][gc,heap        ] GC(798) PSYoungGen: 211971K(472576K)->0K(473600K) Eden: 0K(246272K)->0K(248320K) From: 211971K(226304K)->0K(225280K)
[59.649s][info   ][gc,heap        ] GC(798) ParOldGen: 1221178K(1398272K)->807476K(1398272K)
[59.649s][info   ][gc,metaspace   ] GC(798) Metaspace: 214K(448K)->214K(448K) NonClass: 204K(320K)->204K(320K) Class: 9K(128K)->9K(128K)
[59.650s][info   ][gc             ] GC(798) Pause Full (Ergonomics) 1399M->788M(1828M) 102.189ms
[59.650s][info   ][gc,cpu         ] GC(798) User=0.38s Sys=0.00s Real=0.10s
[59.684s][info   ][gc,start       ] GC(799) Pause Young (Allocation Failure)
[59.717s][info   ][gc,heap        ] GC(799) PSYoungGen: 248025K(473600K)->216067K(464896K) Eden: 248025K(248320K)->0K(248320K) From: 0K(225280K)->216067K(216576K)
[59.717s][info   ][gc,heap        ] GC(799) ParOldGen: 807476K(1398272K)->807476K(1398272K)
[59.717s][info   ][gc,metaspace   ] GC(799) Metaspace: 214K(448K)->214K(448K) NonClass: 204K(320K)->204K(320K) Class: 9K(128K)->9K(128K)
[59.717s][info   ][gc             ] GC(799) Pause Young (Allocation Failure) 1030M->999M(1819M) 33.247ms
[59.717s][info   ][gc,cpu         ] GC(799) User=0.13s Sys=0.00s Real=0.04s
[60.056s][info   ][gc,heap,exit   ] Heap
[60.056s][info   ][gc,heap,exit   ]  PSYoungGen      total 464896K, used 408669K [0x00000000d5580000, 0x0000000100000000, 0x0000000100000000)
[60.057s][info   ][gc,heap,exit   ]   eden space 248320K, 77% used [0x00000000d5580000,0x00000000e11967a0,0x00000000e4800000)
[60.057s][info   ][gc,heap,exit   ]   from space 216576K, 99% used [0x00000000e4800000,0x00000000f1b00d30,0x00000000f1b80000)
[60.057s][info   ][gc,heap,exit   ]   to   space 225792K, 0% used [0x00000000f2380000,0x00000000f2380000,0x0000000100000000)
[60.057s][info   ][gc,heap,exit   ]  ParOldGen       total 1398272K, used 807476K [0x0000000080000000, 0x00000000d5580000, 0x00000000d5580000)
[60.057s][info   ][gc,heap,exit   ]   object space 1398272K, 57% used [0x0000000080000000,0x00000000b148d1f0,0x00000000d5580000)
[60.057s][info   ][gc,heap,exit   ]  Metaspace       used 215K, committed 448K, reserved 1114112K
[60.057s][info   ][gc,heap,exit   ]   class space    used 9K, committed 128K, reserved 1048576K
	Command being timed: "java -Xmx2G -Xms2G -XX:+UseParallelGC -XX:+PrintGCDetails -Xlog:gc* -jar ComplexGCTest.jar"
	User time (seconds): 212.24
	System time (seconds): 4.27
	Percent of CPU this job got: 359%
	Elapsed (wall clock) time (h:mm:ss or m:ss): 1:00.20
	Average shared text size (kbytes): 0
	Average unshared data size (kbytes): 0
	Average stack size (kbytes): 0
	Average total size (kbytes): 0
	Maximum resident set size (kbytes): 2211296
	Average resident set size (kbytes): 0
	Major (requiring I/O) page faults: 0
	Minor (reclaiming a frame) page faults: 550481
	Voluntary context switches: 24175
	Involuntary context switches: 30631
	Swaps: 0
	File system inputs: 0
	File system outputs: 1328
	Socket messages sent: 0
	Socket messages received: 0
	Signals delivered: 0
	Page size (bytes): 4096
	Exit status: 0
