[0.001s][warning][gc] -XX:+PrintGCDetails is deprecated. Will use -Xlog:gc* instead.
[0.002s][info   ][gc] Min heap equals to max heap, disabling ShenandoahUncommit
[0.004s][info   ][gc] Heuristics ergonomically sets -XX:+ExplicitGCInvokesConcurrent
[0.004s][info   ][gc] Heuristics ergonomically sets -XX:+ShenandoahImplicitGCInvokesConcurrent
[0.005s][info   ][gc] Using Shenandoah
[0.006s][info   ][gc,ergo] Pacer for Idle. Initial: 41943K, Alloc Tax Rate: 1.0x
[0.006s][info   ][gc,init] Version: 17.0.12+7 (release)
[0.006s][info   ][gc,init] CPUs: 4 total, 4 available
[0.006s][info   ][gc,init] Memory: 3868M
[0.006s][info   ][gc,init] Large Page Support: Disabled
[0.006s][info   ][gc,init] NUMA Support: Disabled
[0.006s][info   ][gc,init] Compressed Oops: Enabled (32-bit)
[0.006s][info   ][gc,init] Heap Min Capacity: 2G
[0.006s][info   ][gc,init] Heap Initial Capacity: 2G
[0.006s][info   ][gc,init] Heap Max Capacity: 2G
[0.006s][info   ][gc,init] Pre-touch: Disabled
[0.006s][info   ][gc,init] Mode: Snapshot-At-The-Beginning (SATB)
[0.006s][info   ][gc,init] Heuristics: Adaptive
[0.006s][info   ][gc,init] Heap Region Count: 2048
[0.006s][info   ][gc,init] Heap Region Size: 1M
[0.006s][info   ][gc,init] TLAB Size Max: 1M
[0.006s][info   ][gc,init] Humongous Object Threshold: 1M
[0.006s][info   ][gc,init] Parallel Workers: 2
[0.006s][info   ][gc,init] Concurrent Workers: 1
[0.015s][info   ][gc,metaspace] CDS archive(s) mapped at: [0x0000716e9f000000-0x0000716e9fbc7000-0x0000716e9fbc7000), size 12349440, SharedBaseAddress: 0x0000716e9f000000, ArchiveRelocationMode: 1.
[0.015s][info   ][gc,metaspace] Compressed class space mapped at: 0x0000716ea0000000-0x0000716ee0000000, reserved size: 1073741824
[0.015s][info   ][gc,metaspace] Narrow klass base: 0x0000716e9f000000, Narrow klass shift: 0, Narrow klass range: 0x100000000
[0.121s][info   ][gc          ] Trigger: Learning 1 of 5. Free (1431M) is below initial threshold (1433M)
[0.121s][info   ][gc,ergo     ] Free: 1431M, Max: 1024K regular, 1431M humongous, Frag: 0% external, 0% internal; Reserve: 103M, Max: 1024K
[0.121s][info   ][gc,start    ] GC(0) Concurrent reset
[0.121s][info   ][gc,task     ] GC(0) Using 1 of 2 workers for concurrent reset
[0.121s][info   ][gc,ergo     ] GC(0) Pacer for Reset. Non-Taxable: 2048M
[0.128s][info   ][gc          ] GC(0) Concurrent reset 7.282ms
[0.133s][info   ][gc,start    ] GC(0) Pause Init Mark (unload classes)
[0.133s][info   ][gc,task     ] GC(0) Using 2 of 2 workers for init marking
[0.133s][info   ][gc,ergo     ] GC(0) Pacer for Mark. Expected Live: 204M, Free: 1357M, Non-Taxable: 135M, Alloc Tax Rate: 0.2x
[0.133s][info   ][gc          ] GC(0) Pause Init Mark (unload classes) 0.569ms
[0.135s][info   ][gc,start    ] GC(0) Concurrent marking roots
[0.135s][info   ][gc,task     ] GC(0) Using 1 of 2 workers for concurrent marking roots
[0.138s][info   ][gc          ] GC(0) Concurrent marking roots 2.443ms
[0.138s][info   ][gc,start    ] GC(0) Concurrent marking (unload classes)
[0.138s][info   ][gc,task     ] GC(0) Using 1 of 2 workers for concurrent marking
[0.158s][info   ][gc          ] GC(0) Concurrent marking (unload classes) 19.746ms
[0.161s][info   ][gc,start    ] GC(0) Pause Final Mark (unload classes)
[0.161s][info   ][gc,task     ] GC(0) Using 2 of 2 workers for final marking
[0.161s][info   ][gc,ergo     ] GC(0) Collectable Garbage: 245M (98%), Immediate: 245M (98%), CSet: 0B (0%)
[0.162s][info   ][gc          ] GC(0) Pause Final Mark (unload classes) 0.363ms
[0.165s][info   ][gc,start    ] GC(0) Concurrent weak references
[0.165s][info   ][gc,task     ] GC(0) Using 1 of 2 workers for concurrent weak references
[0.167s][info   ][gc,ref      ] GC(0) Encountered references: Soft: 11, Weak: 45, Final: 0, Phantom: 6
[0.167s][info   ][gc,ref      ] GC(0) Discovered  references: Soft: 0, Weak: 19, Final: 0, Phantom: 6
[0.167s][info   ][gc,ref      ] GC(0) Enqueued    references: Soft: 0, Weak: 8, Final: 0, Phantom: 1
[0.167s][info   ][gc          ] GC(0) Concurrent weak references 2.064ms
[0.167s][info   ][gc,start    ] GC(0) Concurrent weak roots
[0.167s][info   ][gc,task     ] GC(0) Using 1 of 2 workers for concurrent weak root
[0.170s][info   ][gc          ] GC(0) Concurrent weak roots 2.980ms
[0.170s][info   ][gc,start    ] GC(0) Concurrent cleanup
[0.171s][info   ][gc          ] GC(0) Concurrent cleanup 429M->186M(2048M) 0.488ms
[0.171s][info   ][gc,ergo     ] GC(0) Free: 1578M, Max: 1024K regular, 1096M humongous, Frag: 31% external, 0% internal; Reserve: 103M, Max: 1024K
[0.171s][info   ][gc,start    ] GC(0) Concurrent class unloading
[0.171s][info   ][gc,task     ] GC(0) Using 1 of 2 workers for concurrent class unloading
[0.173s][info   ][gc          ] GC(0) Concurrent class unloading 2.370ms
[0.174s][info   ][gc,start    ] GC(0) Pause Final Roots
[0.174s][info   ][gc          ] GC(0) Pause Final Roots 0.033ms
[0.174s][info   ][gc,ergo     ] Free: 1570M, Max: 1024K regular, 1096M humongous, Frag: 31% external, 0% internal; Reserve: 103M, Max: 1024K
[0.174s][info   ][gc,stats    ] 
[0.174s][info   ][gc,stats    ] All times are wall-clock times, except per-root-class counters, that are sum over
[0.174s][info   ][gc,stats    ] all workers. Dividing the <total> over the root stage time estimates parallelism.
[0.174s][info   ][gc,stats    ] 
[0.174s][info   ][gc,stats    ] Concurrent Reset                   7343 us
[0.174s][info   ][gc,stats    ] Pause Init Mark (G)                6878 us
[0.174s][info   ][gc,stats    ] Pause Init Mark (N)                 583 us
[0.174s][info   ][gc,stats    ]   Update Region States              133 us
[0.174s][info   ][gc,stats    ] Concurrent Mark Roots              2468 us, parallelism: 0.16x
[0.174s][info   ][gc,stats    ]   CMR: <total>                      403 us
[0.174s][info   ][gc,stats    ]   CMR: Thread Roots                 132 us, workers (us): 132, ---, 
[0.174s][info   ][gc,stats    ]   CMR: VM Strong Roots              184 us, workers (us): 184, ---, 
[0.174s][info   ][gc,stats    ]   CMR: CLDG Roots                    87 us, workers (us):  87, ---, 
[0.174s][info   ][gc,stats    ] Concurrent Marking                19807 us
[0.174s][info   ][gc,stats    ] Pause Final Mark (G)               7405 us
[0.174s][info   ][gc,stats    ] Pause Final Mark (N)                373 us
[0.174s][info   ][gc,stats    ]   Finish Mark                       116 us
[0.174s][info   ][gc,stats    ]   Update Region States               84 us
[0.174s][info   ][gc,stats    ]   Choose Collection Set              60 us
[0.174s][info   ][gc,stats    ]   Rebuild Free Set                    9 us
[0.174s][info   ][gc,stats    ] Concurrent Weak References         2074 us, parallelism: 0.01x
[0.174s][info   ][gc,stats    ]   CWRF: <total>                      15 us
[0.174s][info   ][gc,stats    ]   CWRF: Weak References              15 us, workers (us):  15, ---, 
[0.174s][info   ][gc,stats    ] Concurrent Weak Roots              3007 us
[0.174s][info   ][gc,stats    ]   Roots                              95 us, parallelism: 0.65x
[0.174s][info   ][gc,stats    ]     CWR: <total>                     62 us
[0.174s][info   ][gc,stats    ]     CWR: Code Cache Roots            30 us, workers (us):  30, ---, 
[0.174s][info   ][gc,stats    ]     CWR: VM Weak Roots               29 us, workers (us):  29, ---, 
[0.174s][info   ][gc,stats    ]     CWR: CLDG Roots                   3 us, workers (us):   3, ---, 
[0.174s][info   ][gc,stats    ]   Rendezvous                       2849 us
[0.174s][info   ][gc,stats    ] Concurrent Cleanup                  509 us
[0.174s][info   ][gc,stats    ] Concurrent Class Unloading         2408 us
[0.174s][info   ][gc,stats    ]   Unlink Stale                      739 us
[0.174s][info   ][gc,stats    ]     System Dictionary                12 us
[0.174s][info   ][gc,stats    ]     Weak Class Links                  1 us
[0.174s][info   ][gc,stats    ]     Code Roots                      722 us
[0.174s][info   ][gc,stats    ]   Rendezvous                       1561 us
[0.174s][info   ][gc,stats    ]   Purge Unlinked                     45 us
[0.174s][info   ][gc,stats    ]     Code Roots                       25 us
[0.174s][info   ][gc,stats    ]     CLDG                             17 us
[0.174s][info   ][gc,stats    ]     Exception Caches                  0 us
[0.174s][info   ][gc,stats    ] Pause Final Roots (G)               993 us
[0.174s][info   ][gc,stats    ] Pause Final Roots (N)                43 us
[0.174s][info   ][gc,stats    ] Pacing                            18558 us
[0.174s][info   ][gc,stats    ] 
[0.174s][info   ][gc,stats    ] Allocation pacing accrued:
[0.174s][info   ][gc,stats    ]       6 of   168 ms (  3.7%): Thread-3
[0.174s][info   ][gc,stats    ]       6 of   168 ms (  3.6%): Thread-6
[0.174s][info   ][gc,stats    ]       6 of   168 ms (  3.7%): Thread-7
[0.174s][info   ][gc,stats    ]      19 of   168 ms ( 11.0%): <total>
[0.174s][info   ][gc,stats    ]       1 of   168 ms (  0.6%): <average total>
[0.174s][info   ][gc,stats    ]       6 of   168 ms (  3.7%): <average non-zero>
[0.174s][info   ][gc,stats    ] 
[0.174s][info   ][gc,metaspace] Metaspace: 205K(384K)->211K(448K) NonClass: 196K(256K)->202K(320K) Class: 9K(128K)->9K(128K)
[0.174s][info   ][gc,ergo     ] Pacer for Idle. Initial: 41943K, Alloc Tax Rate: 1.0x
[0.192s][info   ][gc          ] Trigger: Learning 2 of 5. Free (1432M) is below initial threshold (1433M)
[0.192s][info   ][gc,ergo     ] Free: 1432M, Max: 1024K regular, 1096M humongous, Frag: 24% external, 0% internal; Reserve: 103M, Max: 1024K
[0.192s][info   ][gc,start    ] GC(1) Concurrent reset
[0.192s][info   ][gc,task     ] GC(1) Using 1 of 2 workers for concurrent reset
[0.192s][info   ][gc,ergo     ] GC(1) Pacer for Reset. Non-Taxable: 2048M
[0.202s][info   ][gc          ] GC(1) Concurrent reset 9.928ms
[0.204s][info   ][gc,start    ] GC(1) Pause Init Mark (unload classes)
[0.204s][info   ][gc,task     ] GC(1) Using 2 of 2 workers for init marking
[0.205s][info   ][gc,ergo     ] GC(1) Pacer for Mark. Expected Live: 50725K, Free: 1270M, Non-Taxable: 127M, Alloc Tax Rate: 0.0x
[0.205s][info   ][gc          ] GC(1) Pause Init Mark (unload classes) 0.265ms
[0.205s][info   ][gc,start    ] GC(1) Concurrent marking roots
[0.205s][info   ][gc,task     ] GC(1) Using 1 of 2 workers for concurrent marking roots
[0.211s][info   ][gc          ] GC(1) Concurrent marking roots 6.092ms
[0.211s][info   ][gc,start    ] GC(1) Concurrent marking (unload classes)
[0.211s][info   ][gc,task     ] GC(1) Using 1 of 2 workers for concurrent marking
[0.216s][info   ][gc          ] GC(1) Concurrent marking (unload classes) 5.414ms
[0.217s][info   ][gc,start    ] GC(1) Pause Final Mark (unload classes)
[0.217s][info   ][gc,task     ] GC(1) Using 2 of 2 workers for final marking
[0.218s][info   ][gc,ergo     ] GC(1) Collectable Garbage: 323M (98%), Immediate: 323M (98%), CSet: 0B (0%)
[0.218s][info   ][gc          ] GC(1) Pause Final Mark (unload classes) 0.520ms
[0.218s][info   ][gc,start    ] GC(1) Concurrent weak references
[0.218s][info   ][gc,task     ] GC(1) Using 1 of 2 workers for concurrent weak references
[0.219s][info   ][gc,ref      ] GC(1) Encountered references: Soft: 11, Weak: 37, Final: 0, Phantom: 5
[0.219s][info   ][gc,ref      ] GC(1) Discovered  references: Soft: 0, Weak: 11, Final: 0, Phantom: 5
[0.219s][info   ][gc,ref      ] GC(1) Enqueued    references: Soft: 0, Weak: 0, Final: 0, Phantom: 0
[0.219s][info   ][gc          ] GC(1) Concurrent weak references 1.509ms
[0.219s][info   ][gc,start    ] GC(1) Concurrent weak roots
[0.219s][info   ][gc,task     ] GC(1) Using 1 of 2 workers for concurrent weak root
[0.223s][info   ][gc          ] GC(1) Concurrent weak roots 3.912ms
[0.223s][info   ][gc,start    ] GC(1) Concurrent cleanup
[0.224s][info   ][gc          ] GC(1) Concurrent cleanup 439M->116M(2048M) 0.351ms
[0.224s][info   ][gc,ergo     ] GC(1) Free: 1718M, Max: 1024K regular, 1072M humongous, Frag: 38% external, 0% internal; Reserve: 103M, Max: 1024K
[0.224s][info   ][gc,start    ] GC(1) Concurrent class unloading
[0.224s][info   ][gc,task     ] GC(1) Using 1 of 2 workers for concurrent class unloading
[0.236s][info   ][gc          ] GC(1) Concurrent class unloading 12.051ms
[0.236s][info   ][gc,start    ] GC(1) Pause Final Roots
[0.236s][info   ][gc          ] GC(1) Pause Final Roots 0.042ms
[0.236s][info   ][gc,ergo     ] Free: 1526M, Max: 1024K regular, 1072M humongous, Frag: 30% external, 0% internal; Reserve: 103M, Max: 1024K
[0.236s][info   ][gc,stats    ] 
[0.236s][info   ][gc,stats    ] All times are wall-clock times, except per-root-class counters, that are sum over
[0.236s][info   ][gc,stats    ] all workers. Dividing the <total> over the root stage time estimates parallelism.
[0.236s][info   ][gc,stats    ] 
[0.236s][info   ][gc,stats    ] Concurrent Reset                  10205 us
[0.236s][info   ][gc,stats    ] Pause Init Mark (G)                2311 us
[0.236s][info   ][gc,stats    ] Pause Init Mark (N)                 274 us
[0.236s][info   ][gc,stats    ]   Update Region States              159 us
[0.236s][info   ][gc,stats    ] Concurrent Mark Roots              6287 us, parallelism: 0.05x
[0.236s][info   ][gc,stats    ]   CMR: <total>                      286 us
[0.236s][info   ][gc,stats    ]   CMR: Thread Roots                 219 us, workers (us): 219, ---, 
[0.236s][info   ][gc,stats    ]   CMR: VM Strong Roots               13 us, workers (us):  13, ---, 
[0.236s][info   ][gc,stats    ]   CMR: CLDG Roots                    55 us, workers (us):  55, ---, 
[0.236s][info   ][gc,stats    ] Concurrent Marking                 5486 us
[0.236s][info   ][gc,stats    ] Pause Final Mark (G)               1482 us
[0.236s][info   ][gc,stats    ] Pause Final Mark (N)                529 us
[0.236s][info   ][gc,stats    ]   Finish Mark                       234 us
[0.236s][info   ][gc,stats    ]   Update Region States              118 us
[0.236s][info   ][gc,stats    ]   Choose Collection Set              76 us
[0.236s][info   ][gc,stats    ]   Rebuild Free Set                    8 us
[0.236s][info   ][gc,stats    ] Concurrent Weak References         1516 us, parallelism: 0.00x
[0.236s][info   ][gc,stats    ]   CWRF: <total>                       5 us
[0.236s][info   ][gc,stats    ]   CWRF: Weak References               5 us, workers (us):   5, ---, 
[0.236s][info   ][gc,stats    ] Concurrent Weak Roots              3985 us
[0.236s][info   ][gc,stats    ]   Roots                            2855 us, parallelism: 0.02x
[0.236s][info   ][gc,stats    ]     CWR: <total>                     57 us
[0.236s][info   ][gc,stats    ]     CWR: Code Cache Roots            29 us, workers (us):  29, ---, 
[0.236s][info   ][gc,stats    ]     CWR: VM Weak Roots               25 us, workers (us):  25, ---, 
[0.236s][info   ][gc,stats    ]     CWR: CLDG Roots                   3 us, workers (us):   3, ---, 
[0.236s][info   ][gc,stats    ]   Rendezvous                       1038 us
[0.236s][info   ][gc,stats    ] Concurrent Cleanup                  358 us
[0.236s][info   ][gc,stats    ] Concurrent Class Unloading        12113 us
[0.236s][info   ][gc,stats    ]   Unlink Stale                      345 us
[0.236s][info   ][gc,stats    ]     System Dictionary                 9 us
[0.236s][info   ][gc,stats    ]     Weak Class Links                  1 us
[0.236s][info   ][gc,stats    ]     Code Roots                      333 us
[0.236s][info   ][gc,stats    ]   Rendezvous                      10257 us
[0.236s][info   ][gc,stats    ]   Purge Unlinked                   1424 us
[0.236s][info   ][gc,stats    ]     Code Roots                     1411 us
[0.236s][info   ][gc,stats    ]     CLDG                              9 us
[0.236s][info   ][gc,stats    ]     Exception Caches                  1 us
[0.236s][info   ][gc,stats    ] Pause Final Roots (G)               169 us
[0.236s][info   ][gc,stats    ] Pause Final Roots (N)                50 us
[0.236s][info   ][gc,stats    ] Pacing                            79566 us
[0.236s][info   ][gc,stats    ] 
[0.236s][info   ][gc,stats    ] Allocation pacing accrued:
[0.236s][info   ][gc,stats    ]      11 of    62 ms ( 17.7%): Thread-0
[0.236s][info   ][gc,stats    ]      12 of    62 ms ( 18.6%): Thread-1
[0.236s][info   ][gc,stats    ]      12 of    62 ms ( 19.8%): Thread-2
[0.236s][info   ][gc,stats    ]      11 of    62 ms ( 17.6%): Thread-3
[0.236s][info   ][gc,stats    ]       2 of    62 ms (  3.4%): Thread-4
[0.236s][info   ][gc,stats    ]      11 of    62 ms ( 17.8%): Thread-5
[0.236s][info   ][gc,stats    ]       7 of    62 ms ( 11.0%): Thread-6
[0.236s][info   ][gc,stats    ]      14 of    62 ms ( 22.3%): Thread-7
[0.236s][info   ][gc,stats    ]      80 of    62 ms (128.2%): <total>
[0.236s][info   ][gc,stats    ]       4 of    62 ms (  6.7%): <average total>
[0.236s][info   ][gc,stats    ]      10 of    62 ms ( 16.0%): <average non-zero>
[0.236s][info   ][gc,stats    ] 
[0.237s][info   ][gc,metaspace] Metaspace: 211K(448K)->211K(448K) NonClass: 202K(320K)->202K(320K) Class: 9K(128K)->9K(128K)
[0.237s][info   ][gc,ergo     ] Pacer for Idle. Initial: 41943K, Alloc Tax Rate: 1.0x
[0.248s][info   ][gc          ] Trigger: Learning 3 of 5. Free (1426M) is below initial threshold (1433M)
[0.248s][info   ][gc,ergo     ] Free: 1426M, Max: 1024K regular, 1072M humongous, Frag: 25% external, 0% internal; Reserve: 103M, Max: 1024K
[0.248s][info   ][gc,start    ] GC(2) Concurrent reset
[0.248s][info   ][gc,task     ] GC(2) Using 1 of 2 workers for concurrent reset
[0.248s][info   ][gc,ergo     ] GC(2) Pacer for Reset. Non-Taxable: 2048M
[0.252s][info   ][gc          ] GC(2) Concurrent reset 3.312ms
[0.252s][info   ][gc,start    ] GC(2) Pause Init Mark (unload classes)
[0.252s][info   ][gc,task     ] GC(2) Using 2 of 2 workers for init marking
[0.252s][info   ][gc,ergo     ] GC(2) Pacer for Mark. Expected Live: 31781K, Free: 1376M, Non-Taxable: 137M, Alloc Tax Rate: 0.0x
[0.252s][info   ][gc          ] GC(2) Pause Init Mark (unload classes) 0.117ms
[0.252s][info   ][gc,start    ] GC(2) Concurrent marking roots
[0.252s][info   ][gc,task     ] GC(2) Using 1 of 2 workers for concurrent marking roots
[0.253s][info   ][gc          ] GC(2) Concurrent marking roots 0.314ms
[0.253s][info   ][gc,start    ] GC(2) Concurrent marking (unload classes)
[0.253s][info   ][gc,task     ] GC(2) Using 1 of 2 workers for concurrent marking
[0.257s][info   ][gc          ] GC(2) Concurrent marking (unload classes) 4.520ms
[0.258s][info   ][gc,start    ] GC(2) Pause Final Mark (unload classes)
[0.258s][info   ][gc,task     ] GC(2) Using 2 of 2 workers for final marking
[0.259s][info   ][gc,ergo     ] GC(2) Collectable Garbage: 252M (98%), Immediate: 252M (98%), CSet: 0B (0%)
[0.259s][info   ][gc          ] GC(2) Pause Final Mark (unload classes) 0.261ms
[0.260s][info   ][gc,start    ] GC(2) Concurrent weak references
[0.260s][info   ][gc,task     ] GC(2) Using 1 of 2 workers for concurrent weak references
[0.264s][info   ][gc,ref      ] GC(2) Encountered references: Soft: 11, Weak: 37, Final: 0, Phantom: 5
[0.264s][info   ][gc,ref      ] GC(2) Discovered  references: Soft: 0, Weak: 11, Final: 0, Phantom: 5
[0.264s][info   ][gc,ref      ] GC(2) Enqueued    references: Soft: 0, Weak: 0, Final: 0, Phantom: 0
[0.264s][info   ][gc          ] GC(2) Concurrent weak references 3.960ms
[0.264s][info   ][gc,start    ] GC(2) Concurrent weak roots
[0.264s][info   ][gc,task     ] GC(2) Using 1 of 2 workers for concurrent weak root
[0.278s][info   ][gc          ] GC(2) Concurrent weak roots 13.648ms
[0.278s][info   ][gc,start    ] GC(2) Concurrent cleanup
[0.278s][info   ][gc          ] GC(2) Concurrent cleanup 462M->210M(2048M) 0.349ms
[0.278s][info   ][gc,ergo     ] GC(2) Free: 1530M, Max: 1024K regular, 1026M humongous, Frag: 33% external, 0% internal; Reserve: 103M, Max: 1024K
[0.278s][info   ][gc,start    ] GC(2) Concurrent class unloading
[0.278s][info   ][gc,task     ] GC(2) Using 1 of 2 workers for concurrent class unloading
[0.287s][info   ][gc          ] GC(2) Concurrent class unloading 8.494ms
[0.288s][info   ][gc,start    ] GC(2) Pause Final Roots
[0.288s][info   ][gc          ] GC(2) Pause Final Roots 0.029ms
[0.293s][info   ][gc,ergo     ] Free: 1303M, Max: 1024K regular, 1026M humongous, Frag: 22% external, 0% internal; Reserve: 103M, Max: 1024K
[0.294s][info   ][gc,stats    ] 
[0.294s][info   ][gc,stats    ] All times are wall-clock times, except per-root-class counters, that are sum over
[0.294s][info   ][gc,stats    ] all workers. Dividing the <total> over the root stage time estimates parallelism.
[0.294s][info   ][gc,stats    ] 
[0.294s][info   ][gc,stats    ] Concurrent Reset                   3383 us
[0.294s][info   ][gc,stats    ] Pause Init Mark (G)                 548 us
[0.294s][info   ][gc,stats    ] Pause Init Mark (N)                 135 us
[0.294s][info   ][gc,stats    ]   Update Region States               68 us
[0.294s][info   ][gc,stats    ] Concurrent Mark Roots               326 us, parallelism: 0.64x
[0.294s][info   ][gc,stats    ]   CMR: <total>                      208 us
[0.294s][info   ][gc,stats    ]   CMR: Thread Roots                 178 us, workers (us): 178, ---, 
[0.294s][info   ][gc,stats    ]   CMR: VM Strong Roots                4 us, workers (us):   4, ---, 
[0.294s][info   ][gc,stats    ]   CMR: CLDG Roots                    26 us, workers (us):  26, ---, 
[0.294s][info   ][gc,stats    ] Concurrent Marking                 4614 us
[0.294s][info   ][gc,stats    ] Pause Final Mark (G)               3037 us
[0.294s][info   ][gc,stats    ] Pause Final Mark (N)                270 us
[0.294s][info   ][gc,stats    ]   Finish Mark                        56 us
[0.294s][info   ][gc,stats    ]   Update Region States               68 us
[0.294s][info   ][gc,stats    ]   Choose Collection Set              78 us
[0.294s][info   ][gc,stats    ]   Rebuild Free Set                    9 us
[0.294s][info   ][gc,stats    ] Concurrent Weak References         3992 us, parallelism: 0.00x
[0.294s][info   ][gc,stats    ]   CWRF: <total>                      12 us
[0.294s][info   ][gc,stats    ]   CWRF: Weak References              12 us, workers (us):  12, ---, 
[0.294s][info   ][gc,stats    ] Concurrent Weak Roots             13722 us
[0.294s][info   ][gc,stats    ]   Roots                            3791 us, parallelism: 0.04x
[0.294s][info   ][gc,stats    ]     CWR: <total>                    146 us
[0.294s][info   ][gc,stats    ]     CWR: Code Cache Roots            69 us, workers (us):  69, ---, 
[0.294s][info   ][gc,stats    ]     CWR: VM Weak Roots               71 us, workers (us):  71, ---, 
[0.294s][info   ][gc,stats    ]     CWR: CLDG Roots                   7 us, workers (us):   7, ---, 
[0.294s][info   ][gc,stats    ]   Rendezvous                       9813 us
[0.294s][info   ][gc,stats    ] Concurrent Cleanup                  357 us
[0.294s][info   ][gc,stats    ] Concurrent Class Unloading         8724 us
[0.294s][info   ][gc,stats    ]   Unlink Stale                     2542 us
[0.294s][info   ][gc,stats    ]     System Dictionary                12 us
[0.294s][info   ][gc,stats    ]     Weak Class Links                  1 us
[0.294s][info   ][gc,stats    ]     Code Roots                     2523 us
[0.294s][info   ][gc,stats    ]   Rendezvous                       5676 us
[0.294s][info   ][gc,stats    ]   Purge Unlinked                    239 us
[0.294s][info   ][gc,stats    ]     Code Roots                      143 us
[0.294s][info   ][gc,stats    ]     CLDG                             86 us
[0.294s][info   ][gc,stats    ]     Exception Caches                  3 us
[0.294s][info   ][gc,stats    ] Pause Final Roots (G)              6126 us
[0.294s][info   ][gc,stats    ] Pause Final Roots (N)                41 us
[0.294s][info   ][gc,stats    ] Pacing                            81932 us
[0.294s][info   ][gc,stats    ] 
[0.294s][info   ][gc,stats    ] Allocation pacing accrued:
[0.294s][info   ][gc,stats    ]      14 of    58 ms ( 23.9%): Thread-0
[0.294s][info   ][gc,stats    ]      10 of    58 ms ( 17.6%): Thread-1
[0.294s][info   ][gc,stats    ]      13 of    58 ms ( 23.2%): Thread-2
[0.294s][info   ][gc,stats    ]      11 of    58 ms ( 18.8%): Thread-3
[0.294s][info   ][gc,stats    ]      13 of    58 ms ( 22.5%): Thread-4
[0.294s][info   ][gc,stats    ]      10 of    58 ms ( 17.5%): Thread-5
[0.294s][info   ][gc,stats    ]      11 of    58 ms ( 18.9%): Thread-7
[0.294s][info   ][gc,stats    ]      82 of    58 ms (142.5%): <total>
[0.294s][info   ][gc,stats    ]       4 of    58 ms (  7.5%): <average total>
[0.294s][info   ][gc,stats    ]      12 of    58 ms ( 20.4%): <average non-zero>
[0.294s][info   ][gc,stats    ] 
[0.294s][info   ][gc,metaspace] Metaspace: 211K(448K)->211K(448K) NonClass: 202K(320K)->202K(320K) Class: 9K(128K)->9K(128K)
[0.294s][info   ][gc,ergo     ] Pacer for Idle. Initial: 41943K, Alloc Tax Rate: 1.0x
[0.295s][info   ][gc          ] Trigger: Learning 4 of 5. Free (1283M) is below initial threshold (1433M)
[0.295s][info   ][gc,ergo     ] Free: 1283M, Max: 1024K regular, 1026M humongous, Frag: 21% external, 0% internal; Reserve: 103M, Max: 1024K
[0.295s][info   ][gc,start    ] GC(3) Concurrent reset
[0.295s][info   ][gc,task     ] GC(3) Using 1 of 2 workers for concurrent reset
[0.295s][info   ][gc,ergo     ] GC(3) Pacer for Reset. Non-Taxable: 2048M
[0.296s][info   ][gc          ] GC(3) Concurrent reset 0.948ms
[0.300s][info   ][gc,start    ] GC(3) Pause Init Mark (unload classes)
[0.300s][info   ][gc,task     ] GC(3) Using 2 of 2 workers for init marking
[0.300s][info   ][gc,ergo     ] GC(3) Pacer for Mark. Expected Live: 31610K, Free: 1264M, Non-Taxable: 126M, Alloc Tax Rate: 0.0x
[0.300s][info   ][gc          ] GC(3) Pause Init Mark (unload classes) 0.109ms
[0.306s][info   ][gc,start    ] GC(3) Concurrent marking roots
[0.306s][info   ][gc,task     ] GC(3) Using 1 of 2 workers for concurrent marking roots
[0.307s][info   ][gc          ] GC(3) Concurrent marking roots 1.896ms
[0.308s][info   ][gc,start    ] GC(3) Concurrent marking (unload classes)
[0.308s][info   ][gc,task     ] GC(3) Using 1 of 2 workers for concurrent marking
[0.309s][info   ][gc          ] GC(3) Concurrent marking (unload classes) 1.576ms
[0.309s][info   ][gc,start    ] GC(3) Pause Final Mark (unload classes)
[0.309s][info   ][gc,task     ] GC(3) Using 2 of 2 workers for final marking
[0.309s][info   ][gc,ergo     ] GC(3) Collectable Garbage: 290M (98%), Immediate: 290M (98%), CSet: 0B (0%)
[0.309s][info   ][gc          ] GC(3) Pause Final Mark (unload classes) 0.207ms
[0.309s][info   ][gc,start    ] GC(3) Concurrent weak references
[0.309s][info   ][gc,task     ] GC(3) Using 1 of 2 workers for concurrent weak references
[0.310s][info   ][gc,ref      ] GC(3) Encountered references: Soft: 11, Weak: 37, Final: 0, Phantom: 5
[0.310s][info   ][gc,ref      ] GC(3) Discovered  references: Soft: 0, Weak: 11, Final: 0, Phantom: 5
[0.310s][info   ][gc,ref      ] GC(3) Enqueued    references: Soft: 0, Weak: 0, Final: 0, Phantom: 0
[0.310s][info   ][gc          ] GC(3) Concurrent weak references 0.265ms
[0.310s][info   ][gc,start    ] GC(3) Concurrent weak roots
[0.310s][info   ][gc,task     ] GC(3) Using 1 of 2 workers for concurrent weak root
[0.310s][info   ][gc          ] GC(3) Concurrent weak roots 0.294ms
[0.310s][info   ][gc,start    ] GC(3) Concurrent cleanup
[0.310s][info   ][gc          ] GC(3) Concurrent cleanup 406M->116M(2048M) 0.345ms
[0.310s][info   ][gc,ergo     ] GC(3) Free: 1716M, Max: 1024K regular, 1026M humongous, Frag: 41% external, 0% internal; Reserve: 103M, Max: 1024K
[0.310s][info   ][gc,start    ] GC(3) Concurrent class unloading
[0.310s][info   ][gc,task     ] GC(3) Using 1 of 2 workers for concurrent class unloading
[0.311s][info   ][gc          ] GC(3) Concurrent class unloading 0.326ms
[0.311s][info   ][gc,start    ] GC(3) Pause Final Roots
[0.311s][info   ][gc          ] GC(3) Pause Final Roots 0.015ms
[0.311s][info   ][gc,ergo     ] Free: 1716M, Max: 1024K regular, 1026M humongous, Frag: 41% external, 0% internal; Reserve: 103M, Max: 1024K
[0.311s][info   ][gc,stats    ] 
[0.311s][info   ][gc,stats    ] All times are wall-clock times, except per-root-class counters, that are sum over
[0.311s][info   ][gc,stats    ] all workers. Dividing the <total> over the root stage time estimates parallelism.
[0.311s][info   ][gc,stats    ] 
[0.311s][info   ][gc,stats    ] Concurrent Reset                    978 us
[0.311s][info   ][gc,stats    ] Pause Init Mark (G)                9193 us
[0.311s][info   ][gc,stats    ] Pause Init Mark (N)                 117 us
[0.311s][info   ][gc,stats    ]   Update Region States               50 us
[0.311s][info   ][gc,stats    ] Concurrent Mark Roots              1994 us, parallelism: 0.13x
[0.311s][info   ][gc,stats    ]   CMR: <total>                      251 us
[0.311s][info   ][gc,stats    ]   CMR: Thread Roots                 180 us, workers (us): 180, ---, 
[0.311s][info   ][gc,stats    ]   CMR: VM Strong Roots               12 us, workers (us):  12, ---, 
[0.311s][info   ][gc,stats    ]   CMR: CLDG Roots                    58 us, workers (us):  58, ---, 
[0.311s][info   ][gc,stats    ] Concurrent Marking                 1595 us
[0.311s][info   ][gc,stats    ] Pause Final Mark (G)                298 us
[0.311s][info   ][gc,stats    ] Pause Final Mark (N)                214 us
[0.311s][info   ][gc,stats    ]   Finish Mark                        52 us
[0.311s][info   ][gc,stats    ]   Update Region States               49 us
[0.311s][info   ][gc,stats    ]   Choose Collection Set              70 us
[0.311s][info   ][gc,stats    ]   Rebuild Free Set                    9 us
[0.311s][info   ][gc,stats    ] Concurrent Weak References          274 us, parallelism: 0.01x
[0.311s][info   ][gc,stats    ]   CWRF: <total>                       4 us
[0.311s][info   ][gc,stats    ]   CWRF: Weak References               4 us, workers (us):   4, ---, 
[0.311s][info   ][gc,stats    ] Concurrent Weak Roots               308 us
[0.311s][info   ][gc,stats    ]   Roots                             191 us, parallelism: 0.39x
[0.311s][info   ][gc,stats    ]     CWR: <total>                     74 us
[0.311s][info   ][gc,stats    ]     CWR: Code Cache Roots            44 us, workers (us):  44, ---, 
[0.311s][info   ][gc,stats    ]     CWR: VM Weak Roots               29 us, workers (us):  29, ---, 
[0.311s][info   ][gc,stats    ]     CWR: CLDG Roots                   2 us, workers (us):   2, ---, 
[0.311s][info   ][gc,stats    ]   Rendezvous                         81 us
[0.311s][info   ][gc,stats    ] Concurrent Cleanup                  358 us
[0.311s][info   ][gc,stats    ] Concurrent Class Unloading          336 us
[0.311s][info   ][gc,stats    ]   Unlink Stale                      151 us
[0.311s][info   ][gc,stats    ]     System Dictionary                 4 us
[0.311s][info   ][gc,stats    ]     Weak Class Links                  1 us
[0.311s][info   ][gc,stats    ]     Code Roots                      144 us
[0.311s][info   ][gc,stats    ]   Rendezvous                         72 us
[0.311s][info   ][gc,stats    ]   Purge Unlinked                     88 us
[0.311s][info   ][gc,stats    ]     Code Roots                       55 us
[0.311s][info   ][gc,stats    ]     CLDG                             30 us
[0.311s][info   ][gc,stats    ]     Exception Caches                  1 us
[0.311s][info   ][gc,stats    ] Pause Final Roots (G)                91 us
[0.311s][info   ][gc,stats    ] Pause Final Roots (N)                22 us
[0.311s][info   ][gc,stats    ] 
[0.311s][info   ][gc,stats    ] Allocation pacing accrued:
[0.311s][info   ][gc,stats    ]       0 of    17 ms (  0.0%): <total>
[0.311s][info   ][gc,stats    ]       0 of    17 ms (  0.0%): <average total>
[0.311s][info   ][gc,stats    ] 
[0.311s][info   ][gc,metaspace] Metaspace: 211K(448K)->211K(448K) NonClass: 202K(320K)->202K(320K) Class: 9K(128K)->9K(128K)
[0.311s][info   ][gc,ergo     ] Pacer for Idle. Initial: 41943K, Alloc Tax Rate: 1.0x
[0.334s][info   ][gc          ] Trigger: Learning 5 of 5. Free (1392M) is below initial threshold (1433M)
[0.335s][info   ][gc,ergo     ] Free: 1392M, Max: 1024K regular, 1026M humongous, Frag: 27% external, 0% internal; Reserve: 103M, Max: 1024K
[0.335s][info   ][gc,start    ] GC(4) Concurrent reset
[0.335s][info   ][gc,task     ] GC(4) Using 1 of 2 workers for concurrent reset
[0.335s][info   ][gc,ergo     ] GC(4) Pacer for Reset. Non-Taxable: 2048M
[0.339s][info   ][gc          ] GC(4) Concurrent reset 4.374ms
[0.343s][info   ][gc,start    ] GC(4) Pause Init Mark (unload classes)
[0.343s][info   ][gc,task     ] GC(4) Using 2 of 2 workers for init marking
[0.343s][info   ][gc,ergo     ] GC(4) Pacer for Mark. Expected Live: 36389K, Free: 1308M, Non-Taxable: 130M, Alloc Tax Rate: 0.0x
[0.343s][info   ][gc          ] GC(4) Pause Init Mark (unload classes) 0.197ms
[0.349s][info   ][gc,start    ] GC(4) Concurrent marking roots
[0.349s][info   ][gc,task     ] GC(4) Using 1 of 2 workers for concurrent marking roots
[0.351s][info   ][gc          ] GC(4) Concurrent marking roots 2.450ms
[0.351s][info   ][gc,start    ] GC(4) Concurrent marking (unload classes)
[0.351s][info   ][gc,task     ] GC(4) Using 1 of 2 workers for concurrent marking
[0.352s][info   ][gc          ] GC(4) Concurrent marking (unload classes) 1.349ms
[0.353s][info   ][gc,start    ] GC(4) Pause Final Mark (unload classes)
[0.353s][info   ][gc,task     ] GC(4) Using 2 of 2 workers for final marking
[0.353s][info   ][gc,ergo     ] GC(4) Collectable Garbage: 293M (98%), Immediate: 293M (98%), CSet: 0B (0%)
[0.353s][info   ][gc          ] GC(4) Pause Final Mark (unload classes) 0.179ms
[0.353s][info   ][gc,start    ] GC(4) Concurrent weak references
[0.353s][info   ][gc,task     ] GC(4) Using 1 of 2 workers for concurrent weak references
[0.353s][info   ][gc,ref      ] GC(4) Encountered references: Soft: 11, Weak: 37, Final: 0, Phantom: 5
[0.353s][info   ][gc,ref      ] GC(4) Discovered  references: Soft: 0, Weak: 11, Final: 0, Phantom: 5
[0.353s][info   ][gc,ref      ] GC(4) Enqueued    references: Soft: 0, Weak: 0, Final: 0, Phantom: 0
[0.353s][info   ][gc          ] GC(4) Concurrent weak references 0.116ms
[0.353s][info   ][gc,start    ] GC(4) Concurrent weak roots
[0.353s][info   ][gc,task     ] GC(4) Using 1 of 2 workers for concurrent weak root
[0.353s][info   ][gc          ] GC(4) Concurrent weak roots 0.184ms
[0.353s][info   ][gc,start    ] GC(4) Concurrent cleanup
[0.353s][info   ][gc          ] GC(4) Concurrent cleanup 385M->92M(2048M) 0.305ms
[0.353s][info   ][gc,ergo     ] GC(4) Free: 1764M, Max: 1024K regular, 1182M humongous, Frag: 33% external, 0% internal; Reserve: 103M, Max: 1024K
[0.353s][info   ][gc,start    ] GC(4) Concurrent class unloading
[0.353s][info   ][gc,task     ] GC(4) Using 1 of 2 workers for concurrent class unloading
[0.354s][info   ][gc          ] GC(4) Concurrent class unloading 0.294ms
[0.354s][info   ][gc,start    ] GC(4) Pause Final Roots
[0.354s][info   ][gc          ] GC(4) Pause Final Roots 0.020ms
[0.354s][info   ][gc,ergo     ] Free: 1764M, Max: 1024K regular, 1182M humongous, Frag: 33% external, 0% internal; Reserve: 103M, Max: 1024K
[0.354s][info   ][gc,stats    ] 
[0.354s][info   ][gc,stats    ] All times are wall-clock times, except per-root-class counters, that are sum over
[0.354s][info   ][gc,stats    ] all workers. Dividing the <total> over the root stage time estimates parallelism.
[0.354s][info   ][gc,stats    ] 
[0.354s][info   ][gc,stats    ] Concurrent Reset                   4506 us
[0.354s][info   ][gc,stats    ] Pause Init Mark (G)                9458 us
[0.354s][info   ][gc,stats    ] Pause Init Mark (N)                 206 us
[0.354s][info   ][gc,stats    ]   Update Region States               93 us
[0.354s][info   ][gc,stats    ] Concurrent Mark Roots              2500 us, parallelism: 0.11x
[0.354s][info   ][gc,stats    ]   CMR: <total>                      277 us
[0.354s][info   ][gc,stats    ]   CMR: Thread Roots                 199 us, workers (us): 199, ---, 
[0.354s][info   ][gc,stats    ]   CMR: VM Strong Roots                9 us, workers (us):   9, ---, 
[0.354s][info   ][gc,stats    ]   CMR: CLDG Roots                    69 us, workers (us):  69, ---, 
[0.354s][info   ][gc,stats    ] Concurrent Marking                 1367 us
[0.354s][info   ][gc,stats    ] Pause Final Mark (G)                270 us
[0.354s][info   ][gc,stats    ] Pause Final Mark (N)                186 us
[0.354s][info   ][gc,stats    ]   Finish Mark                        62 us
[0.354s][info   ][gc,stats    ]   Update Region States               31 us
[0.354s][info   ][gc,stats    ]   Choose Collection Set              49 us
[0.354s][info   ][gc,stats    ]   Rebuild Free Set                    8 us
[0.354s][info   ][gc,stats    ] Concurrent Weak References          124 us, parallelism: 0.02x
[0.354s][info   ][gc,stats    ]   CWRF: <total>                       2 us
[0.354s][info   ][gc,stats    ]   CWRF: Weak References               2 us, workers (us):   2, ---, 
[0.354s][info   ][gc,stats    ] Concurrent Weak Roots               197 us
[0.354s][info   ][gc,stats    ]   Roots                             106 us, parallelism: 0.40x
[0.354s][info   ][gc,stats    ]     CWR: <total>                     42 us
[0.354s][info   ][gc,stats    ]     CWR: Code Cache Roots            22 us, workers (us):  22, ---, 
[0.354s][info   ][gc,stats    ]     CWR: VM Weak Roots               19 us, workers (us):  19, ---, 
[0.354s][info   ][gc,stats    ]     CWR: CLDG Roots                   1 us, workers (us):   1, ---, 
[0.354s][info   ][gc,stats    ]   Rendezvous                         61 us
[0.354s][info   ][gc,stats    ] Concurrent Cleanup                  346 us
[0.354s][info   ][gc,stats    ] Concurrent Class Unloading          306 us
[0.354s][info   ][gc,stats    ]   Unlink Stale                      140 us
[0.354s][info   ][gc,stats    ]     System Dictionary                 4 us
[0.354s][info   ][gc,stats    ]     Weak Class Links                  1 us
[0.354s][info   ][gc,stats    ]     Code Roots                      134 us
[0.354s][info   ][gc,stats    ]   Rendezvous                         63 us
[0.354s][info   ][gc,stats    ]   Purge Unlinked                     75 us
[0.354s][info   ][gc,stats    ]     Code Roots                       53 us
[0.354s][info   ][gc,stats    ]     CLDG                             18 us
[0.354s][info   ][gc,stats    ]     Exception Caches                  1 us
[0.354s][info   ][gc,stats    ] Pause Final Roots (G)               127 us
[0.354s][info   ][gc,stats    ] Pause Final Roots (N)                28 us
[0.354s][info   ][gc,stats    ] Pacing                            63120 us
[0.354s][info   ][gc,stats    ] 
[0.354s][info   ][gc,stats    ] Allocation pacing accrued:
[0.354s][info   ][gc,stats    ]       7 of    43 ms ( 17.4%): Thread-0
[0.354s][info   ][gc,stats    ]      10 of    43 ms ( 24.0%): Thread-1
[0.354s][info   ][gc,stats    ]       7 of    43 ms ( 16.4%): Thread-2
[0.354s][info   ][gc,stats    ]       8 of    43 ms ( 17.7%): Thread-4
[0.354s][info   ][gc,stats    ]      10 of    43 ms ( 23.7%): Thread-5
[0.354s][info   ][gc,stats    ]      10 of    43 ms ( 24.1%): Thread-6
[0.354s][info   ][gc,stats    ]      10 of    43 ms ( 23.5%): Thread-7
[0.354s][info   ][gc,stats    ]      63 of    43 ms (146.6%): <total>
[0.354s][info   ][gc,stats    ]       3 of    43 ms (  7.7%): <average total>
[0.354s][info   ][gc,stats    ]       9 of    43 ms ( 20.9%): <average non-zero>
[0.354s][info   ][gc,stats    ] 
[0.354s][info   ][gc,metaspace] Metaspace: 211K(448K)->211K(448K) NonClass: 202K(320K)->202K(320K) Class: 9K(128K)->9K(128K)
[0.354s][info   ][gc,ergo     ] Pacer for Idle. Initial: 41943K, Alloc Tax Rate: 1.0x
[0.456s][info   ][gc          ] Trigger: Average GC time (47.96 ms) is above the time for average allocation rate (11247 MB/s) to deplete free headroom (533M) (margin of error = 1.80)
[0.456s][info   ][gc,ergo     ] Free headroom: 636M (free) - 102M (spike) - 0B (penalties) = 533M
[0.456s][info   ][gc,ergo     ] Free: 636M, Max: 1024K regular, 636M humongous, Frag: 0% external, 0% internal; Reserve: 103M, Max: 1024K
[0.456s][info   ][gc,start    ] GC(5) Concurrent reset
[0.456s][info   ][gc,task     ] GC(5) Using 1 of 2 workers for concurrent reset
[0.456s][info   ][gc,ergo     ] GC(5) Pacer for Reset. Non-Taxable: 2048M
[0.465s][info   ][gc          ] GC(5) Concurrent reset 8.823ms
[0.471s][info   ][gc,start    ] GC(5) Pause Init Mark (unload classes)
[0.471s][info   ][gc,task     ] GC(5) Using 2 of 2 workers for init marking
[0.471s][info   ][gc,ergo     ] GC(5) Pacer for Mark. Expected Live: 33931K, Free: 540M, Non-Taxable: 55296K, Alloc Tax Rate: 0.1x
[0.471s][info   ][gc          ] GC(5) Pause Init Mark (unload classes) 0.282ms
[0.472s][info   ][gc,start    ] GC(5) Concurrent marking roots
[0.472s][info   ][gc,task     ] GC(5) Using 1 of 2 workers for concurrent marking roots
[0.477s][info   ][gc          ] GC(5) Concurrent marking roots 5.834ms
[0.477s][info   ][gc,start    ] GC(5) Concurrent marking (unload classes)
[0.477s][info   ][gc,task     ] GC(5) Using 1 of 2 workers for concurrent marking
[0.486s][info   ][gc          ] GC(5) Concurrent marking (unload classes) 8.722ms
[0.488s][info   ][gc,start    ] GC(5) Pause Final Mark (unload classes)
[0.488s][info   ][gc,task     ] GC(5) Using 2 of 2 workers for final marking
[0.489s][info   ][gc,ergo     ] GC(5) Collectable Garbage: 670M (99%), Immediate: 670M (99%), CSet: 0B (0%)
[0.489s][info   ][gc          ] GC(5) Pause Final Mark (unload classes) 0.399ms
[0.494s][info   ][gc,start    ] GC(5) Concurrent weak references
[0.494s][info   ][gc,task     ] GC(5) Using 1 of 2 workers for concurrent weak references
[0.495s][info   ][gc,ref      ] GC(5) Encountered references: Soft: 11, Weak: 37, Final: 0, Phantom: 5
[0.495s][info   ][gc,ref      ] GC(5) Discovered  references: Soft: 0, Weak: 11, Final: 0, Phantom: 5
[0.495s][info   ][gc,ref      ] GC(5) Enqueued    references: Soft: 0, Weak: 0, Final: 0, Phantom: 0
[0.495s][info   ][gc          ] GC(5) Concurrent weak references 0.212ms
[0.495s][info   ][gc,start    ] GC(5) Concurrent weak roots
[0.495s][info   ][gc,task     ] GC(5) Using 1 of 2 workers for concurrent weak root
[0.499s][info   ][gc          ] GC(5) Concurrent weak roots 4.490ms
[0.499s][info   ][gc,start    ] GC(5) Concurrent cleanup
[0.500s][info   ][gc          ] GC(5) Concurrent cleanup 804M->138M(2048M) 0.804ms
[0.500s][info   ][gc,ergo     ] GC(5) Free: 1674M, Max: 1024K regular, 618M humongous, Frag: 64% external, 0% internal; Reserve: 103M, Max: 1024K
[0.500s][info   ][gc,start    ] GC(5) Concurrent class unloading
[0.500s][info   ][gc,task     ] GC(5) Using 1 of 2 workers for concurrent class unloading
[0.508s][info   ][gc          ] GC(5) Concurrent class unloading 7.722ms
[0.508s][info   ][gc,start    ] GC(5) Pause Final Roots
[0.508s][info   ][gc          ] GC(5) Pause Final Roots 0.036ms
[0.509s][info   ][gc,ergo     ] Free: 1556M, Max: 1024K regular, 618M humongous, Frag: 61% external, 0% internal; Reserve: 103M, Max: 1024K
[0.509s][info   ][gc,stats    ] 
[0.509s][info   ][gc,stats    ] All times are wall-clock times, except per-root-class counters, that are sum over
[0.509s][info   ][gc,stats    ] all workers. Dividing the <total> over the root stage time estimates parallelism.
[0.509s][info   ][gc,stats    ] 
[0.509s][info   ][gc,stats    ] Concurrent Reset                   8898 us
[0.509s][info   ][gc,stats    ] Pause Init Mark (G)                6236 us
[0.509s][info   ][gc,stats    ] Pause Init Mark (N)                 309 us
[0.509s][info   ][gc,stats    ]   Update Region States              165 us
[0.509s][info   ][gc,stats    ] Concurrent Mark Roots              5905 us, parallelism: 0.03x
[0.509s][info   ][gc,stats    ]   CMR: <total>                      170 us
[0.509s][info   ][gc,stats    ]   CMR: Thread Roots                 114 us, workers (us): 114, ---, 
[0.509s][info   ][gc,stats    ]   CMR: VM Strong Roots                8 us, workers (us):   8, ---, 
[0.509s][info   ][gc,stats    ]   CMR: CLDG Roots                    47 us, workers (us):  47, ---, 
[0.509s][info   ][gc,stats    ] Concurrent Marking                 8789 us
[0.509s][info   ][gc,stats    ] Pause Final Mark (G)               8064 us
[0.509s][info   ][gc,stats    ] Pause Final Mark (N)                408 us
[0.509s][info   ][gc,stats    ]   Finish Mark                       104 us
[0.509s][info   ][gc,stats    ]   Update Region States              107 us
[0.509s][info   ][gc,stats    ]   Choose Collection Set             124 us
[0.509s][info   ][gc,stats    ]   Rebuild Free Set                    9 us
[0.509s][info   ][gc,stats    ] Concurrent Weak References          224 us, parallelism: 0.05x
[0.509s][info   ][gc,stats    ]   CWRF: <total>                      11 us
[0.509s][info   ][gc,stats    ]   CWRF: Weak References              11 us, workers (us):  11, ---, 
[0.509s][info   ][gc,stats    ] Concurrent Weak Roots              4551 us
[0.509s][info   ][gc,stats    ]   Roots                             186 us, parallelism: 0.67x
[0.509s][info   ][gc,stats    ]     CWR: <total>                    125 us
[0.509s][info   ][gc,stats    ]     CWR: Code Cache Roots            66 us, workers (us):  66, ---, 
[0.509s][info   ][gc,stats    ]     CWR: VM Weak Roots               55 us, workers (us):  55, ---, 
[0.509s][info   ][gc,stats    ]     CWR: CLDG Roots                   4 us, workers (us):   4, ---, 
[0.509s][info   ][gc,stats    ]   Rendezvous                       4279 us
[0.509s][info   ][gc,stats    ] Concurrent Cleanup                  825 us
[0.509s][info   ][gc,stats    ] Concurrent Class Unloading         7876 us
[0.509s][info   ][gc,stats    ]   Unlink Stale                     2795 us
[0.509s][info   ][gc,stats    ]     System Dictionary                19 us
[0.509s][info   ][gc,stats    ]     Weak Class Links                  1 us
[0.509s][info   ][gc,stats    ]     Code Roots                     2768 us
[0.509s][info   ][gc,stats    ]   Rendezvous                       4751 us
[0.509s][info   ][gc,stats    ]   Purge Unlinked                    137 us
[0.509s][info   ][gc,stats    ]     Code Roots                       97 us
[0.509s][info   ][gc,stats    ]     CLDG                             35 us
[0.509s][info   ][gc,stats    ]     Exception Caches                  2 us
[0.509s][info   ][gc,stats    ] Pause Final Roots (G)               706 us
[0.509s][info   ][gc,stats    ] Pause Final Roots (N)                45 us
[0.509s][info   ][gc,stats    ] Pacing                           105748 us
[0.509s][info   ][gc,stats    ] 
[0.509s][info   ][gc,stats    ] Allocation pacing accrued:
[0.509s][info   ][gc,stats    ]      16 of   155 ms ( 10.5%): Thread-0
[0.509s][info   ][gc,stats    ]      14 of   155 ms (  9.1%): Thread-1
[0.509s][info   ][gc,stats    ]      17 of   155 ms ( 11.2%): Thread-2
[0.509s][info   ][gc,stats    ]      12 of   155 ms (  7.8%): Thread-3
[0.509s][info   ][gc,stats    ]      14 of   155 ms (  9.1%): Thread-4
[0.509s][info   ][gc,stats    ]      10 of   155 ms (  6.2%): Thread-5
[0.509s][info   ][gc,stats    ]      12 of   155 ms (  8.0%): Thread-6
[0.509s][info   ][gc,stats    ]      10 of   155 ms (  6.3%): Thread-7
[0.509s][info   ][gc,stats    ]     106 of   155 ms ( 68.3%): <total>
[0.509s][info   ][gc,stats    ]       6 of   155 ms (  3.6%): <average total>
[0.509s][info   ][gc,stats    ]      13 of   155 ms (  8.5%): <average non-zero>
[0.509s][info   ][gc,stats    ] 
[0.509s][info   ][gc,metaspace] Metaspace: 211K(448K)->211K(448K) NonClass: 202K(320K)->202K(320K) Class: 9K(128K)->9K(128K)
[0.509s][info   ][gc,ergo     ] Pacer for Idle. Initial: 41943K, Alloc Tax Rate: 1.0x
[0.557s][info   ][gc          ] Trigger: Average GC time (67.80 ms) is above the time for average allocation rate (12899 MB/s) to deplete free headroom (785M) (margin of error = 1.80)
[0.558s][info   ][gc,ergo     ] Free headroom: 888M (free) - 102M (spike) - 0B (penalties) = 785M
[0.558s][info   ][gc,ergo     ] Free: 880M, Max: 1024K regular, 450M humongous, Frag: 49% external, 0% internal; Reserve: 103M, Max: 1024K
[0.558s][info   ][gc,start    ] GC(6) Concurrent reset
[0.558s][info   ][gc,task     ] GC(6) Using 1 of 2 workers for concurrent reset
[0.558s][info   ][gc,ergo     ] GC(6) Pacer for Reset. Non-Taxable: 2048M
[0.570s][info   ][gc          ] GC(6) Concurrent reset 12.052ms
[0.575s][info   ][gc,start    ] GC(6) Pause Init Mark (unload classes)
[0.576s][info   ][gc,task     ] GC(6) Using 2 of 2 workers for init marking
[0.576s][info   ][gc,ergo     ] GC(6) Pacer for Mark. Expected Live: 30040K, Free: 646M, Non-Taxable: 66150K, Alloc Tax Rate: 0.1x
[0.576s][info   ][gc          ] GC(6) Pause Init Mark (unload classes) 0.250ms
[0.576s][info   ][gc,start    ] GC(6) Concurrent marking roots
[0.576s][info   ][gc,task     ] GC(6) Using 1 of 2 workers for concurrent marking roots
[0.579s][info   ][gc          ] GC(6) Concurrent marking roots 2.699ms
[0.579s][info   ][gc,start    ] GC(6) Concurrent marking (unload classes)
[0.579s][info   ][gc,task     ] GC(6) Using 1 of 2 workers for concurrent marking
[0.587s][info   ][gc          ] GC(6) Concurrent marking (unload classes) 8.092ms
[0.587s][info   ][gc,start    ] GC(6) Pause Final Mark (unload classes)
[0.587s][info   ][gc,task     ] GC(6) Using 2 of 2 workers for final marking
[0.587s][info   ][gc,ergo     ] GC(6) Collectable Garbage: 625M (99%), Immediate: 625M (99%), CSet: 0B (0%)
[0.587s][info   ][gc          ] GC(6) Pause Final Mark (unload classes) 0.446ms
[0.587s][info   ][gc,start    ] GC(6) Concurrent weak references
[0.588s][info   ][gc,task     ] GC(6) Using 1 of 2 workers for concurrent weak references
[0.588s][info   ][gc,ref      ] GC(6) Encountered references: Soft: 11, Weak: 37, Final: 0, Phantom: 5
[0.588s][info   ][gc,ref      ] GC(6) Discovered  references: Soft: 0, Weak: 11, Final: 0, Phantom: 5
[0.588s][info   ][gc,ref      ] GC(6) Enqueued    references: Soft: 0, Weak: 0, Final: 0, Phantom: 0
[0.588s][info   ][gc          ] GC(6) Concurrent weak references 0.133ms
[0.588s][info   ][gc,start    ] GC(6) Concurrent weak roots
[0.588s][info   ][gc,task     ] GC(6) Using 1 of 2 workers for concurrent weak root
[0.588s][info   ][gc          ] GC(6) Concurrent weak roots 0.145ms
[0.588s][info   ][gc,start    ] GC(6) Concurrent cleanup
[0.588s][info   ][gc          ] GC(6) Concurrent cleanup 725M->100M(2048M) 0.605ms
[0.588s][info   ][gc,ergo     ] GC(6) Free: 1750M, Max: 1024K regular, 758M humongous, Frag: 57% external, 0% internal; Reserve: 103M, Max: 1024K
[0.588s][info   ][gc,start    ] GC(6) Concurrent class unloading
[0.588s][info   ][gc,task     ] GC(6) Using 1 of 2 workers for concurrent class unloading
[0.589s][info   ][gc          ] GC(6) Concurrent class unloading 0.310ms
[0.589s][info   ][gc,start    ] GC(6) Pause Final Roots
[0.589s][info   ][gc          ] GC(6) Pause Final Roots 0.012ms
[0.589s][info   ][gc,ergo     ] Free: 1750M, Max: 1024K regular, 758M humongous, Frag: 57% external, 0% internal; Reserve: 103M, Max: 1024K
[0.589s][info   ][gc,stats    ] 
[0.589s][info   ][gc,stats    ] All times are wall-clock times, except per-root-class counters, that are sum over
[0.589s][info   ][gc,stats    ] all workers. Dividing the <total> over the root stage time estimates parallelism.
[0.589s][info   ][gc,stats    ] 
[0.589s][info   ][gc,stats    ] Concurrent Reset                  12241 us
[0.589s][info   ][gc,stats    ] Pause Init Mark (G)                5923 us
[0.589s][info   ][gc,stats    ] Pause Init Mark (N)                 263 us
[0.589s][info   ][gc,stats    ]   Update Region States              126 us
[0.589s][info   ][gc,stats    ] Concurrent Mark Roots              2824 us, parallelism: 0.11x
[0.589s][info   ][gc,stats    ]   CMR: <total>                      308 us
[0.589s][info   ][gc,stats    ]   CMR: Thread Roots                 217 us, workers (us): 217, ---, 
[0.589s][info   ][gc,stats    ]   CMR: VM Strong Roots               13 us, workers (us):  13, ---, 
[0.589s][info   ][gc,stats    ]   CMR: CLDG Roots                    78 us, workers (us):  78, ---, 
[0.589s][info   ][gc,stats    ] Concurrent Marking                 8152 us
[0.589s][info   ][gc,stats    ] Pause Final Mark (G)                501 us
[0.589s][info   ][gc,stats    ] Pause Final Mark (N)                454 us
[0.589s][info   ][gc,stats    ]   Finish Mark                       130 us
[0.589s][info   ][gc,stats    ]   Update Region States              107 us
[0.589s][info   ][gc,stats    ]   Choose Collection Set             168 us
[0.589s][info   ][gc,stats    ]   Rebuild Free Set                   10 us
[0.589s][info   ][gc,stats    ] Concurrent Weak References          139 us, parallelism: 0.09x
[0.589s][info   ][gc,stats    ]   CWRF: <total>                      12 us
[0.589s][info   ][gc,stats    ]   CWRF: Weak References              12 us, workers (us):  12, ---, 
[0.589s][info   ][gc,stats    ] Concurrent Weak Roots               151 us
[0.589s][info   ][gc,stats    ]   Roots                             104 us, parallelism: 0.73x
[0.589s][info   ][gc,stats    ]     CWR: <total>                     76 us
[0.589s][info   ][gc,stats    ]     CWR: Code Cache Roots            38 us, workers (us):  38, ---, 
[0.589s][info   ][gc,stats    ]     CWR: VM Weak Roots               36 us, workers (us):  36, ---, 
[0.589s][info   ][gc,stats    ]     CWR: CLDG Roots                   2 us, workers (us):   2, ---, 
[0.589s][info   ][gc,stats    ]   Rendezvous                         27 us
[0.589s][info   ][gc,stats    ] Concurrent Cleanup                  611 us
[0.589s][info   ][gc,stats    ] Concurrent Class Unloading          333 us
[0.589s][info   ][gc,stats    ]   Unlink Stale                      188 us
[0.589s][info   ][gc,stats    ]     System Dictionary                 4 us
[0.589s][info   ][gc,stats    ]     Weak Class Links                  1 us
[0.589s][info   ][gc,stats    ]     Code Roots                      181 us
[0.589s][info   ][gc,stats    ]   Rendezvous                         39 us
[0.589s][info   ][gc,stats    ]   Purge Unlinked                     67 us
[0.589s][info   ][gc,stats    ]     Code Roots                       47 us
[0.589s][info   ][gc,stats    ]     CLDG                             17 us
[0.589s][info   ][gc,stats    ]     Exception Caches                  1 us
[0.589s][info   ][gc,stats    ] Pause Final Roots (G)                69 us
[0.589s][info   ][gc,stats    ] Pause Final Roots (N)                19 us
[0.589s][info   ][gc,stats    ] Pacing                             7204 us
[0.589s][info   ][gc,stats    ] 
[0.589s][info   ][gc,stats    ] Allocation pacing accrued:
[0.589s][info   ][gc,stats    ]       4 of    80 ms (  4.6%): Thread-2
[0.589s][info   ][gc,stats    ]       4 of    80 ms (  4.4%): Thread-6
[0.589s][info   ][gc,stats    ]       7 of    80 ms (  9.0%): <total>
[0.589s][info   ][gc,stats    ]       0 of    80 ms (  0.5%): <average total>
[0.589s][info   ][gc,stats    ]       4 of    80 ms (  4.5%): <average non-zero>
[0.589s][info   ][gc,stats    ] 
[0.589s][info   ][gc,metaspace] Metaspace: 211K(448K)->211K(448K) NonClass: 202K(320K)->202K(320K) Class: 9K(128K)->9K(128K)
[0.589s][info   ][gc,ergo     ] Pacer for Idle. Initial: 41943K, Alloc Tax Rate: 1.0x
[0.659s][info   ][gc          ] Trigger: Average GC time (56.44 ms) is above the time for average allocation rate (14656 MB/s) to deplete free headroom (697M) (margin of error = 1.79)
[0.659s][info   ][gc,ergo     ] Free headroom: 800M (free) - 102M (spike) - 0B (penalties) = 697M
[0.659s][info   ][gc,ergo     ] Free: 796M, Max: 1024K regular, 758M humongous, Frag: 5% external, 0% internal; Reserve: 103M, Max: 1024K
[0.659s][info   ][gc,start    ] GC(7) Concurrent reset
[0.659s][info   ][gc,task     ] GC(7) Using 1 of 2 workers for concurrent reset
[0.659s][info   ][gc,ergo     ] GC(7) Pacer for Reset. Non-Taxable: 2048M
[0.670s][info   ][gc          ] GC(7) Concurrent reset 10.815ms
[0.675s][info   ][gc,start    ] GC(7) Pause Init Mark (unload classes)
[0.675s][info   ][gc,task     ] GC(7) Using 2 of 2 workers for init marking
[0.675s][info   ][gc,ergo     ] GC(7) Pacer for Mark. Expected Live: 32088K, Free: 594M, Non-Taxable: 60825K, Alloc Tax Rate: 0.1x
[0.675s][info   ][gc          ] GC(7) Pause Init Mark (unload classes) 0.210ms
[0.679s][info   ][gc,start    ] GC(7) Concurrent marking roots
[0.679s][info   ][gc,task     ] GC(7) Using 1 of 2 workers for concurrent marking roots
[0.679s][info   ][gc          ] GC(7) Concurrent marking roots 0.539ms
[0.679s][info   ][gc,start    ] GC(7) Concurrent marking (unload classes)
[0.679s][info   ][gc,task     ] GC(7) Using 1 of 2 workers for concurrent marking
[0.681s][info   ][gc          ] GC(7) Concurrent marking (unload classes) 2.046ms
[0.681s][info   ][gc,start    ] GC(7) Pause Final Mark (unload classes)
[0.681s][info   ][gc,task     ] GC(7) Using 2 of 2 workers for final marking
[0.682s][info   ][gc,ergo     ] GC(7) Collectable Garbage: 639M (99%), Immediate: 639M (99%), CSet: 0B (0%)
[0.682s][info   ][gc          ] GC(7) Pause Final Mark (unload classes) 0.392ms
[0.684s][info   ][gc,start    ] GC(7) Concurrent weak references
[0.685s][info   ][gc,task     ] GC(7) Using 1 of 2 workers for concurrent weak references
[0.691s][info   ][gc,ref      ] GC(7) Encountered references: Soft: 11, Weak: 37, Final: 0, Phantom: 5
[0.692s][info   ][gc,ref      ] GC(7) Discovered  references: Soft: 0, Weak: 11, Final: 0, Phantom: 5
[0.692s][info   ][gc,ref      ] GC(7) Enqueued    references: Soft: 0, Weak: 0, Final: 0, Phantom: 0
[0.692s][info   ][gc          ] GC(7) Concurrent weak references 7.281ms
[0.692s][info   ][gc,start    ] GC(7) Concurrent weak roots
[0.692s][info   ][gc,task     ] GC(7) Using 1 of 2 workers for concurrent weak root
[0.711s][info   ][gc          ] GC(7) Concurrent weak roots 18.979ms
[0.711s][info   ][gc,start    ] GC(7) Concurrent cleanup
[0.712s][info   ][gc          ] GC(7) Concurrent cleanup 873M->240M(2048M) 1.079ms
[0.712s][info   ][gc,ergo     ] GC(7) Free: 1470M, Max: 1024K regular, 400M humongous, Frag: 73% external, 0% internal; Reserve: 103M, Max: 1024K
[0.712s][info   ][gc,start    ] GC(7) Concurrent class unloading
[0.712s][info   ][gc,task     ] GC(7) Using 1 of 2 workers for concurrent class unloading
[0.723s][info   ][gc          ] GC(7) Concurrent class unloading 10.821ms
[0.725s][info   ][gc,start    ] GC(7) Pause Final Roots
[0.725s][info   ][gc          ] GC(7) Pause Final Roots 0.045ms
[0.725s][info   ][gc,ergo     ] Free: 1290M, Max: 1024K regular, 400M humongous, Frag: 69% external, 0% internal; Reserve: 103M, Max: 1024K
[0.725s][info   ][gc,stats    ] 
[0.725s][info   ][gc,stats    ] All times are wall-clock times, except per-root-class counters, that are sum over
[0.725s][info   ][gc,stats    ] all workers. Dividing the <total> over the root stage time estimates parallelism.
[0.725s][info   ][gc,stats    ] 
[0.725s][info   ][gc,stats    ] Concurrent Reset                  10961 us
[0.725s][info   ][gc,stats    ] Pause Init Mark (G)                8524 us
[0.725s][info   ][gc,stats    ] Pause Init Mark (N)                 235 us
[0.725s][info   ][gc,stats    ]   Update Region States               80 us
[0.725s][info   ][gc,stats    ] Concurrent Mark Roots               555 us, parallelism: 0.40x
[0.725s][info   ][gc,stats    ]   CMR: <total>                      222 us
[0.725s][info   ][gc,stats    ]   CMR: Thread Roots                 153 us, workers (us): 153, ---, 
[0.725s][info   ][gc,stats    ]   CMR: VM Strong Roots               13 us, workers (us):  13, ---, 
[0.725s][info   ][gc,stats    ]   CMR: CLDG Roots                    55 us, workers (us):  55, ---, 
[0.725s][info   ][gc,stats    ] Concurrent Marking                 2069 us
[0.725s][info   ][gc,stats    ] Pause Final Mark (G)               3322 us
[0.725s][info   ][gc,stats    ] Pause Final Mark (N)                401 us
[0.725s][info   ][gc,stats    ]   Finish Mark                       136 us
[0.725s][info   ][gc,stats    ]   Update Region States               80 us
[0.725s][info   ][gc,stats    ]   Choose Collection Set             130 us
[0.725s][info   ][gc,stats    ]   Rebuild Free Set                    9 us
[0.725s][info   ][gc,stats    ] Concurrent Weak References         7329 us, parallelism: 0.00x
[0.725s][info   ][gc,stats    ]   CWRF: <total>                      15 us
[0.725s][info   ][gc,stats    ]   CWRF: Weak References              15 us, workers (us):  15, ---, 
[0.725s][info   ][gc,stats    ] Concurrent Weak Roots             19118 us
[0.725s][info   ][gc,stats    ]   Roots                            8804 us, parallelism: 0.01x
[0.725s][info   ][gc,stats    ]     CWR: <total>                    119 us
[0.725s][info   ][gc,stats    ]     CWR: Code Cache Roots            72 us, workers (us):  72, ---, 
[0.725s][info   ][gc,stats    ]     CWR: VM Weak Roots               42 us, workers (us):  42, ---, 
[0.725s][info   ][gc,stats    ]     CWR: CLDG Roots                   5 us, workers (us):   5, ---, 
[0.725s][info   ][gc,stats    ]   Rendezvous                      10017 us
[0.725s][info   ][gc,stats    ] Concurrent Cleanup                 1156 us
[0.725s][info   ][gc,stats    ] Concurrent Class Unloading        10973 us
[0.725s][info   ][gc,stats    ]   Unlink Stale                     1817 us
[0.725s][info   ][gc,stats    ]     System Dictionary                17 us
[0.725s][info   ][gc,stats    ]     Weak Class Links                  1 us
[0.725s][info   ][gc,stats    ]     Code Roots                     1792 us
[0.725s][info   ][gc,stats    ]   Rendezvous                       6925 us
[0.725s][info   ][gc,stats    ]   Purge Unlinked                   2028 us
[0.725s][info   ][gc,stats    ]     Code Roots                     2005 us
[0.725s][info   ][gc,stats    ]     CLDG                             18 us
[0.725s][info   ][gc,stats    ]     Exception Caches                  1 us
[0.725s][info   ][gc,stats    ] Pause Final Roots (G)              1822 us
[0.725s][info   ][gc,stats    ] Pause Final Roots (N)                55 us
[0.725s][info   ][gc,stats    ] Pacing                           102816 us
[0.725s][info   ][gc,stats    ] 
[0.725s][info   ][gc,stats    ] Allocation pacing accrued:
[0.725s][info   ][gc,stats    ]      10 of   136 ms (  7.4%): Thread-0
[0.725s][info   ][gc,stats    ]      15 of   136 ms ( 10.8%): Thread-1
[0.725s][info   ][gc,stats    ]      15 of   136 ms ( 10.8%): Thread-2
[0.725s][info   ][gc,stats    ]      15 of   136 ms ( 11.2%): Thread-3
[0.725s][info   ][gc,stats    ]      15 of   136 ms ( 10.8%): Thread-4
[0.725s][info   ][gc,stats    ]      15 of   136 ms ( 11.1%): Thread-5
[0.725s][info   ][gc,stats    ]      15 of   136 ms ( 11.0%): Thread-6
[0.725s][info   ][gc,stats    ]       3 of   136 ms (  2.5%): Thread-7
[0.725s][info   ][gc,stats    ]     103 of   136 ms ( 75.5%): <total>
[0.725s][info   ][gc,stats    ]       5 of   136 ms (  4.0%): <average total>
[0.725s][info   ][gc,stats    ]      13 of   136 ms (  9.4%): <average non-zero>
[0.725s][info   ][gc,stats    ] 
[0.726s][info   ][gc,metaspace] Metaspace: 211K(448K)->211K(448K) NonClass: 202K(320K)->202K(320K) Class: 9K(128K)->9K(128K)
[0.726s][info   ][gc,ergo     ] Pacer for Idle. Initial: 41943K, Alloc Tax Rate: 1.0x
[0.728s][info   ][gc          ] Trigger: Average GC time (82.41 ms) is above the time for average allocation rate (14685 MB/s) to deplete free headroom (1141M) (margin of error = 1.81)
[0.728s][info   ][gc,ergo     ] Free headroom: 1244M (free) - 102M (spike) - 0B (penalties) = 1141M
[0.728s][info   ][gc,ergo     ] Free: 1244M, Max: 1024K regular, 396M humongous, Frag: 69% external, 0% internal; Reserve: 103M, Max: 1024K
[0.728s][info   ][gc,start    ] GC(8) Concurrent reset
[0.728s][info   ][gc,task     ] GC(8) Using 1 of 2 workers for concurrent reset
[0.728s][info   ][gc,ergo     ] GC(8) Pacer for Reset. Non-Taxable: 2048M
[0.732s][info   ][gc          ] GC(8) Concurrent reset 3.272ms
[0.733s][info   ][gc,start    ] GC(8) Pause Init Mark (unload classes)
[0.733s][info   ][gc,task     ] GC(8) Using 2 of 2 workers for init marking
[0.733s][info   ][gc,ergo     ] GC(8) Pacer for Mark. Expected Live: 32908K, Free: 1198M, Non-Taxable: 119M, Alloc Tax Rate: 0.0x
[0.733s][info   ][gc          ] GC(8) Pause Init Mark (unload classes) 0.123ms
[0.733s][info   ][gc,start    ] GC(8) Concurrent marking roots
[0.733s][info   ][gc,task     ] GC(8) Using 1 of 2 workers for concurrent marking roots
[0.733s][info   ][gc          ] GC(8) Concurrent marking roots 0.362ms
[0.733s][info   ][gc,start    ] GC(8) Concurrent marking (unload classes)
[0.733s][info   ][gc,task     ] GC(8) Using 1 of 2 workers for concurrent marking
[0.746s][info   ][gc          ] GC(8) Concurrent marking (unload classes) 12.695ms
[0.746s][info   ][gc,start    ] GC(8) Pause Final Mark (unload classes)
[0.746s][info   ][gc,task     ] GC(8) Using 2 of 2 workers for final marking
[0.746s][info   ][gc,ergo     ] GC(8) Collectable Garbage: 355M (98%), Immediate: 355M (98%), CSet: 0B (0%)
[0.747s][info   ][gc          ] GC(8) Pause Final Mark (unload classes) 0.276ms
[0.747s][info   ][gc,start    ] GC(8) Concurrent weak references
[0.747s][info   ][gc,task     ] GC(8) Using 1 of 2 workers for concurrent weak references
[0.747s][info   ][gc,ref      ] GC(8) Encountered references: Soft: 11, Weak: 37, Final: 0, Phantom: 5
[0.747s][info   ][gc,ref      ] GC(8) Discovered  references: Soft: 0, Weak: 11, Final: 0, Phantom: 5
[0.747s][info   ][gc,ref      ] GC(8) Enqueued    references: Soft: 0, Weak: 0, Final: 0, Phantom: 0
[0.747s][info   ][gc          ] GC(8) Concurrent weak references 0.139ms
[0.747s][info   ][gc,start    ] GC(8) Concurrent weak roots
[0.747s][info   ][gc,task     ] GC(8) Using 1 of 2 workers for concurrent weak root
[0.747s][info   ][gc          ] GC(8) Concurrent weak roots 0.234ms
[0.747s][info   ][gc,start    ] GC(8) Concurrent cleanup
[0.747s][info   ][gc          ] GC(8) Concurrent cleanup 461M->106M(2048M) 0.435ms
[0.747s][info   ][gc,ergo     ] GC(8) Free: 1738M, Max: 1024K regular, 1306M humongous, Frag: 25% external, 0% internal; Reserve: 103M, Max: 1024K
[0.747s][info   ][gc,start    ] GC(8) Concurrent class unloading
[0.747s][info   ][gc,task     ] GC(8) Using 1 of 2 workers for concurrent class unloading
[0.748s][info   ][gc          ] GC(8) Concurrent class unloading 0.388ms
[0.748s][info   ][gc,start    ] GC(8) Pause Final Roots
[0.748s][info   ][gc          ] GC(8) Pause Final Roots 0.016ms
[0.748s][info   ][gc,ergo     ] Free: 1738M, Max: 1024K regular, 1306M humongous, Frag: 25% external, 0% internal; Reserve: 103M, Max: 1024K
[0.748s][info   ][gc,stats    ] 
[0.748s][info   ][gc,stats    ] All times are wall-clock times, except per-root-class counters, that are sum over
[0.748s][info   ][gc,stats    ] all workers. Dividing the <total> over the root stage time estimates parallelism.
[0.748s][info   ][gc,stats    ] 
[0.748s][info   ][gc,stats    ] Concurrent Reset                   3364 us
[0.748s][info   ][gc,stats    ] Pause Init Mark (G)                1350 us
[0.748s][info   ][gc,stats    ] Pause Init Mark (N)                 131 us
[0.748s][info   ][gc,stats    ]   Update Region States               68 us
[0.748s][info   ][gc,stats    ] Concurrent Mark Roots               375 us, parallelism: 0.67x
[0.748s][info   ][gc,stats    ]   CMR: <total>                      252 us
[0.748s][info   ][gc,stats    ]   CMR: Thread Roots                 216 us, workers (us): 216, ---, 
[0.748s][info   ][gc,stats    ]   CMR: VM Strong Roots                7 us, workers (us):   7, ---, 
[0.748s][info   ][gc,stats    ]   CMR: CLDG Roots                    29 us, workers (us):  29, ---, 
[0.748s][info   ][gc,stats    ] Concurrent Marking                12752 us
[0.748s][info   ][gc,stats    ] Pause Final Mark (G)                384 us
[0.748s][info   ][gc,stats    ] Pause Final Mark (N)                284 us
[0.748s][info   ][gc,stats    ]   Finish Mark                        69 us
[0.748s][info   ][gc,stats    ]   Update Region States               39 us
[0.748s][info   ][gc,stats    ]   Choose Collection Set              72 us
[0.748s][info   ][gc,stats    ]   Rebuild Free Set                    8 us
[0.748s][info   ][gc,stats    ] Concurrent Weak References          146 us, parallelism: 0.04x
[0.748s][info   ][gc,stats    ]   CWRF: <total>                       6 us
[0.748s][info   ][gc,stats    ]   CWRF: Weak References               6 us, workers (us):   6, ---, 
[0.748s][info   ][gc,stats    ] Concurrent Weak Roots               249 us
[0.748s][info   ][gc,stats    ]   Roots                             146 us, parallelism: 0.48x
[0.748s][info   ][gc,stats    ]     CWR: <total>                     70 us
[0.748s][info   ][gc,stats    ]     CWR: Code Cache Roots            36 us, workers (us):  36, ---, 
[0.748s][info   ][gc,stats    ]     CWR: VM Weak Roots               31 us, workers (us):  31, ---, 
[0.748s][info   ][gc,stats    ]     CWR: CLDG Roots                   3 us, workers (us):   3, ---, 
[0.748s][info   ][gc,stats    ]   Rendezvous                         72 us
[0.748s][info   ][gc,stats    ] Concurrent Cleanup                  460 us
[0.748s][info   ][gc,stats    ] Concurrent Class Unloading          400 us
[0.748s][info   ][gc,stats    ]   Unlink Stale                      201 us
[0.748s][info   ][gc,stats    ]     System Dictionary                 7 us
[0.748s][info   ][gc,stats    ]     Weak Class Links                  1 us
[0.748s][info   ][gc,stats    ]     Code Roots                      191 us
[0.748s][info   ][gc,stats    ]   Rendezvous                         83 us
[0.748s][info   ][gc,stats    ]   Purge Unlinked                     87 us
[0.748s][info   ][gc,stats    ]     Code Roots                       66 us
[0.748s][info   ][gc,stats    ]     CLDG                             18 us
[0.748s][info   ][gc,stats    ]     Exception Caches                  1 us
[0.748s][info   ][gc,stats    ] Pause Final Roots (G)                99 us
[0.748s][info   ][gc,stats    ] Pause Final Roots (N)                23 us
[0.748s][info   ][gc,stats    ] Pacing                            37229 us
[0.748s][info   ][gc,stats    ] 
[0.748s][info   ][gc,stats    ] Allocation pacing accrued:
[0.748s][info   ][gc,stats    ]      14 of    23 ms ( 59.8%): Thread-0
[0.748s][info   ][gc,stats    ]      13 of    23 ms ( 55.5%): Thread-6
[0.748s][info   ][gc,stats    ]      11 of    23 ms ( 47.4%): Thread-7
[0.748s][info   ][gc,stats    ]      37 of    23 ms (162.7%): <total>
[0.748s][info   ][gc,stats    ]       2 of    23 ms (  8.6%): <average total>
[0.748s][info   ][gc,stats    ]      12 of    23 ms ( 54.2%): <average non-zero>
[0.748s][info   ][gc,stats    ] 
[0.748s][info   ][gc,metaspace] Metaspace: 211K(448K)->211K(448K) NonClass: 202K(320K)->202K(320K) Class: 9K(128K)->9K(128K)
[0.748s][info   ][gc,ergo     ] Pacer for Idle. Initial: 41943K, Alloc Tax Rate: 1.0x
[0.797s][info   ][gc          ] Trigger: Average GC time (70.66 ms) is above the time for average allocation rate (14668 MB/s) to deplete free headroom (1021M) (margin of error = 1.80)
[0.797s][info   ][gc,ergo     ] Free headroom: 1124M (free) - 102M (spike) - 0B (penalties) = 1021M
[0.797s][info   ][gc,ergo     ] Free: 1120M, Max: 1024K regular, 1120M humongous, Frag: 0% external, 0% internal; Reserve: 103M, Max: 1024K
[0.797s][info   ][gc,start    ] GC(9) Concurrent reset
[0.797s][info   ][gc,task     ] GC(9) Using 1 of 2 workers for concurrent reset
[0.797s][info   ][gc,ergo     ] GC(9) Pacer for Reset. Non-Taxable: 2048M
[0.801s][info   ][gc          ] GC(9) Concurrent reset 3.614ms
[0.807s][info   ][gc,start    ] GC(9) Pause Init Mark (unload classes)
[0.807s][info   ][gc,task     ] GC(9) Using 2 of 2 workers for init marking
[0.807s][info   ][gc,ergo     ] GC(9) Pacer for Mark. Expected Live: 26149K, Free: 990M, Non-Taxable: 101376K, Alloc Tax Rate: 0.0x
[0.807s][info   ][gc          ] GC(9) Pause Init Mark (unload classes) 0.235ms
[0.813s][info   ][gc,start    ] GC(9) Concurrent marking roots
[0.813s][info   ][gc,task     ] GC(9) Using 1 of 2 workers for concurrent marking roots
[0.814s][info   ][gc          ] GC(9) Concurrent marking roots 0.823ms
[0.814s][info   ][gc,start    ] GC(9) Concurrent marking (unload classes)
[0.814s][info   ][gc,task     ] GC(9) Using 1 of 2 workers for concurrent marking
[0.816s][info   ][gc          ] GC(9) Concurrent marking (unload classes) 1.655ms
[0.816s][info   ][gc,start    ] GC(9) Pause Final Mark (unload classes)
[0.816s][info   ][gc,task     ] GC(9) Using 2 of 2 workers for final marking
[0.816s][info   ][gc,ergo     ] GC(9) Collectable Garbage: 463M (99%), Immediate: 463M (99%), CSet: 0B (0%)
[0.816s][info   ][gc          ] GC(9) Pause Final Mark (unload classes) 0.198ms
[0.816s][info   ][gc,start    ] GC(9) Concurrent weak references
[0.816s][info   ][gc,task     ] GC(9) Using 1 of 2 workers for concurrent weak references
[0.816s][info   ][gc,ref      ] GC(9) Encountered references: Soft: 11, Weak: 37, Final: 0, Phantom: 5
[0.816s][info   ][gc,ref      ] GC(9) Discovered  references: Soft: 0, Weak: 11, Final: 0, Phantom: 5
[0.816s][info   ][gc,ref      ] GC(9) Enqueued    references: Soft: 0, Weak: 0, Final: 0, Phantom: 0
[0.816s][info   ][gc          ] GC(9) Concurrent weak references 0.111ms
[0.816s][info   ][gc,start    ] GC(9) Concurrent weak roots
[0.816s][info   ][gc,task     ] GC(9) Using 1 of 2 workers for concurrent weak root
[0.816s][info   ][gc          ] GC(9) Concurrent weak roots 0.303ms
[0.816s][info   ][gc,start    ] GC(9) Concurrent cleanup
[0.817s][info   ][gc          ] GC(9) Concurrent cleanup 530M->75M(2048M) 0.605ms
[0.817s][info   ][gc,ergo     ] GC(9) Free: 1800M, Max: 1024K regular, 890M humongous, Frag: 51% external, 0% internal; Reserve: 103M, Max: 1024K
[0.817s][info   ][gc,start    ] GC(9) Concurrent class unloading
[0.817s][info   ][gc,task     ] GC(9) Using 1 of 2 workers for concurrent class unloading
[0.831s][info   ][gc          ] GC(9) Concurrent class unloading 14.136ms
[0.832s][info   ][gc,start    ] GC(9) Pause Final Roots
[0.832s][info   ][gc          ] GC(9) Pause Final Roots 0.023ms
[0.838s][info   ][gc,ergo     ] Free: 1492M, Max: 1024K regular, 890M humongous, Frag: 41% external, 0% internal; Reserve: 103M, Max: 1024K
[0.838s][info   ][gc,stats    ] 
[0.838s][info   ][gc,stats    ] All times are wall-clock times, except per-root-class counters, that are sum over
[0.838s][info   ][gc,stats    ] all workers. Dividing the <total> over the root stage time estimates parallelism.
[0.838s][info   ][gc,stats    ] 
[0.838s][info   ][gc,stats    ] Concurrent Reset                   3825 us
[0.838s][info   ][gc,stats    ] Pause Init Mark (G)               12130 us
[0.838s][info   ][gc,stats    ] Pause Init Mark (N)                 245 us
[0.838s][info   ][gc,stats    ]   Update Region States              109 us
[0.838s][info   ][gc,stats    ] Concurrent Mark Roots               843 us, parallelism: 0.35x
[0.838s][info   ][gc,stats    ]   CMR: <total>                      299 us
[0.838s][info   ][gc,stats    ]   CMR: Thread Roots                 188 us, workers (us): 188, ---, 
[0.838s][info   ][gc,stats    ]   CMR: VM Strong Roots               27 us, workers (us):  27, ---, 
[0.838s][info   ][gc,stats    ]   CMR: CLDG Roots                    84 us, workers (us):  84, ---, 
[0.838s][info   ][gc,stats    ] Concurrent Marking                 1679 us
[0.838s][info   ][gc,stats    ] Pause Final Mark (G)                285 us
[0.838s][info   ][gc,stats    ] Pause Final Mark (N)                205 us
[0.838s][info   ][gc,stats    ]   Finish Mark                        48 us
[0.838s][info   ][gc,stats    ]   Update Region States               39 us
[0.839s][info   ][gc,stats    ]   Choose Collection Set              71 us
[0.839s][info   ][gc,stats    ]   Rebuild Free Set                    8 us
[0.839s][info   ][gc,stats    ] Concurrent Weak References          118 us, parallelism: 0.03x
[0.839s][info   ][gc,stats    ]   CWRF: <total>                       3 us
[0.839s][info   ][gc,stats    ]   CWRF: Weak References               3 us, workers (us):   3, ---, 
[0.839s][info   ][gc,stats    ] Concurrent Weak Roots               318 us
[0.839s][info   ][gc,stats    ]   Roots                             141 us, parallelism: 0.35x
[0.839s][info   ][gc,stats    ]     CWR: <total>                     49 us
[0.839s][info   ][gc,stats    ]     CWR: Code Cache Roots            25 us, workers (us):  25, ---, 
[0.839s][info   ][gc,stats    ]     CWR: VM Weak Roots               22 us, workers (us):  22, ---, 
[0.839s][info   ][gc,stats    ]     CWR: CLDG Roots                   2 us, workers (us):   2, ---, 
[0.839s][info   ][gc,stats    ]   Rendezvous                        113 us
[0.839s][info   ][gc,stats    ] Concurrent Cleanup                  615 us
[0.839s][info   ][gc,stats    ] Concurrent Class Unloading        14309 us
[0.839s][info   ][gc,stats    ]   Unlink Stale                     6100 us
[0.839s][info   ][gc,stats    ]     System Dictionary                 6 us
[0.839s][info   ][gc,stats    ]     Weak Class Links                  2 us
[0.839s][info   ][gc,stats    ]     Code Roots                     6082 us
[0.839s][info   ][gc,stats    ]   Rendezvous                       5207 us
[0.839s][info   ][gc,stats    ]   Purge Unlinked                   2797 us
[0.839s][info   ][gc,stats    ]     Code Roots                     2780 us
[0.839s][info   ][gc,stats    ]     CLDG                             11 us
[0.839s][info   ][gc,stats    ]     Exception Caches                  1 us
[0.839s][info   ][gc,stats    ] Pause Final Roots (G)              6386 us
[0.839s][info   ][gc,stats    ] Pause Final Roots (N)                31 us
[0.839s][info   ][gc,stats    ] Pacing                           108315 us
[0.839s][info   ][gc,stats    ] 
[0.839s][info   ][gc,stats    ] Allocation pacing accrued:
[0.839s][info   ][gc,stats    ]      14 of    91 ms ( 15.3%): Thread-0
[0.839s][info   ][gc,stats    ]      17 of    91 ms ( 18.3%): Thread-1
[0.839s][info   ][gc,stats    ]      17 of    91 ms ( 18.2%): Thread-2
[0.839s][info   ][gc,stats    ]      14 of    91 ms ( 14.9%): Thread-3
[0.839s][info   ][gc,stats    ]      15 of    91 ms ( 16.1%): Thread-4
[0.839s][info   ][gc,stats    ]      17 of    91 ms ( 18.5%): Thread-5
[0.839s][info   ][gc,stats    ]      16 of    91 ms ( 17.7%): Thread-7
[0.839s][info   ][gc,stats    ]     108 of    91 ms (119.0%): <total>
[0.839s][info   ][gc,stats    ]       6 of    91 ms (  6.3%): <average total>
[0.839s][info   ][gc,stats    ]      15 of    91 ms ( 17.0%): <average non-zero>
[0.839s][info   ][gc,stats    ] 
[0.839s][info   ][gc,metaspace] Metaspace: 211K(448K)->211K(448K) NonClass: 202K(320K)->202K(320K) Class: 9K(128K)->9K(128K)
[0.839s][info   ][gc,ergo     ] Pacer for Idle. Initial: 41943K, Alloc Tax Rate: 1.0x
[0.870s][info   ][gc          ] Trigger: Average GC time (63.51 ms) is above the time for average allocation rate (14668 MB/s) to deplete free headroom (923M) (margin of error = 1.80)
[0.871s][info   ][gc,ergo     ] Free headroom: 1026M (free) - 102M (spike) - 0B (penalties) = 923M
[0.871s][info   ][gc,ergo     ] Free: 1022M, Max: 1024K regular, 890M humongous, Frag: 13% external, 0% internal; Reserve: 103M, Max: 1024K
[0.871s][info   ][gc,start    ] GC(10) Concurrent reset
[0.871s][info   ][gc,task     ] GC(10) Using 1 of 2 workers for concurrent reset
[0.871s][info   ][gc,ergo     ] GC(10) Pacer for Reset. Non-Taxable: 2048M
[0.876s][info   ][gc          ] GC(10) Concurrent reset 5.289ms
[0.877s][info   ][gc,start    ] GC(10) Pause Init Mark (unload classes)
[0.877s][info   ][gc,task     ] GC(10) Using 2 of 2 workers for init marking
[0.878s][info   ][gc,ergo     ] GC(10) Pacer for Mark. Expected Live: 23896K, Free: 940M, Non-Taxable: 96256K, Alloc Tax Rate: 0.0x
[0.878s][info   ][gc          ] GC(10) Pause Init Mark (unload classes) 0.183ms
[0.878s][info   ][gc,start    ] GC(10) Concurrent marking roots
[0.878s][info   ][gc,task     ] GC(10) Using 1 of 2 workers for concurrent marking roots
[0.881s][info   ][gc          ] GC(10) Concurrent marking roots 3.549ms
[0.881s][info   ][gc,start    ] GC(10) Concurrent marking (unload classes)
[0.881s][info   ][gc,task     ] GC(10) Using 1 of 2 workers for concurrent marking
[0.894s][info   ][gc          ] GC(10) Concurrent marking (unload classes) 12.172ms
[0.894s][info   ][gc,start    ] GC(10) Pause Final Mark (unload classes)
[0.894s][info   ][gc,task     ] GC(10) Using 2 of 2 workers for final marking
[0.895s][info   ][gc,ergo     ] GC(10) Collectable Garbage: 474M (99%), Immediate: 474M (99%), CSet: 0B (0%)
[0.895s][info   ][gc          ] GC(10) Pause Final Mark (unload classes) 0.397ms
[0.901s][info   ][gc,start    ] GC(10) Concurrent weak references
[0.901s][info   ][gc,task     ] GC(10) Using 1 of 2 workers for concurrent weak references
[0.901s][info   ][gc,ref      ] GC(10) Encountered references: Soft: 11, Weak: 37, Final: 0, Phantom: 5
[0.901s][info   ][gc,ref      ] GC(10) Discovered  references: Soft: 0, Weak: 11, Final: 0, Phantom: 5
[0.901s][info   ][gc,ref      ] GC(10) Enqueued    references: Soft: 0, Weak: 0, Final: 0, Phantom: 0
[0.901s][info   ][gc          ] GC(10) Concurrent weak references 0.288ms
[0.901s][info   ][gc,start    ] GC(10) Concurrent weak roots
[0.901s][info   ][gc,task     ] GC(10) Using 1 of 2 workers for concurrent weak root
[0.926s][info   ][gc          ] GC(10) Concurrent weak roots 25.438ms
[0.926s][info   ][gc,start    ] GC(10) Concurrent cleanup
[0.927s][info   ][gc          ] GC(10) Concurrent cleanup 814M->347M(2048M) 0.974ms
[0.946s][info   ][gc,ergo     ] GC(10) Free: 1008M, Max: 1024K regular, 322M humongous, Frag: 69% external, 0% internal; Reserve: 103M, Max: 1024K
[0.946s][info   ][gc,start    ] GC(10) Concurrent class unloading
[0.946s][info   ][gc,task     ] GC(10) Using 1 of 2 workers for concurrent class unloading
[0.953s][info   ][gc          ] GC(10) Concurrent class unloading 6.842ms
[0.953s][info   ][gc,start    ] GC(10) Pause Final Roots
[0.953s][info   ][gc          ] GC(10) Pause Final Roots 0.022ms
[0.953s][info   ][gc,ergo     ] Free: 920M, Max: 1024K regular, 322M humongous, Frag: 65% external, 0% internal; Reserve: 103M, Max: 1024K
[0.953s][info   ][gc,stats    ] 
[0.953s][info   ][gc,stats    ] All times are wall-clock times, except per-root-class counters, that are sum over
[0.954s][info   ][gc,stats    ] all workers. Dividing the <total> over the root stage time estimates parallelism.
[0.954s][info   ][gc,stats    ] 
[0.954s][info   ][gc,stats    ] Concurrent Reset                   5448 us
[0.954s][info   ][gc,stats    ] Pause Init Mark (G)                1161 us
[0.954s][info   ][gc,stats    ] Pause Init Mark (N)                 192 us
[0.954s][info   ][gc,stats    ]   Update Region States              115 us
[0.954s][info   ][gc,stats    ] Concurrent Mark Roots              3649 us, parallelism: 0.72x
[0.954s][info   ][gc,stats    ]   CMR: <total>                     2613 us
[0.954s][info   ][gc,stats    ]   CMR: Thread Roots                2566 us, workers (us): 2566, ---, 
[0.954s][info   ][gc,stats    ]   CMR: VM Strong Roots                6 us, workers (us):   6, ---, 
[0.954s][info   ][gc,stats    ]   CMR: CLDG Roots                    41 us, workers (us):  41, ---, 
[0.954s][info   ][gc,stats    ] Concurrent Marking                12348 us
[0.954s][info   ][gc,stats    ] Pause Final Mark (G)               6849 us
[0.954s][info   ][gc,stats    ] Pause Final Mark (N)                408 us
[0.954s][info   ][gc,stats    ]   Finish Mark                        89 us
[0.954s][info   ][gc,stats    ]   Update Region States              109 us
[0.954s][info   ][gc,stats    ]   Choose Collection Set             146 us
[0.954s][info   ][gc,stats    ]   Rebuild Free Set                   11 us
[0.954s][info   ][gc,stats    ] Concurrent Weak References          303 us, parallelism: 0.05x
[0.954s][info   ][gc,stats    ]   CWRF: <total>                      15 us
[0.954s][info   ][gc,stats    ]   CWRF: Weak References              15 us, workers (us):  15, ---, 
[0.954s][info   ][gc,stats    ] Concurrent Weak Roots             25638 us
[0.954s][info   ][gc,stats    ]   Roots                           12671 us, parallelism: 0.01x
[0.954s][info   ][gc,stats    ]     CWR: <total>                    138 us
[0.954s][info   ][gc,stats    ]     CWR: Code Cache Roots            77 us, workers (us):  77, ---, 
[0.954s][info   ][gc,stats    ]     CWR: VM Weak Roots               57 us, workers (us):  57, ---, 
[0.954s][info   ][gc,stats    ]     CWR: CLDG Roots                   3 us, workers (us):   3, ---, 
[0.954s][info   ][gc,stats    ]   Rendezvous                      12738 us
[0.954s][info   ][gc,stats    ] Concurrent Cleanup                19519 us
[0.954s][info   ][gc,stats    ] Concurrent Class Unloading         6935 us
[0.954s][info   ][gc,stats    ]   Unlink Stale                     3814 us
[0.954s][info   ][gc,stats    ]     System Dictionary                21 us
[0.954s][info   ][gc,stats    ]     Weak Class Links                  2 us
[0.954s][info   ][gc,stats    ]     Code Roots                     3780 us
[0.954s][info   ][gc,stats    ]   Rendezvous                       2766 us
[0.954s][info   ][gc,stats    ]   Purge Unlinked                    173 us
[0.954s][info   ][gc,stats    ]     Code Roots                      148 us
[0.954s][info   ][gc,stats    ]     CLDG                             22 us
[0.954s][info   ][gc,stats    ]     Exception Caches                  1 us
[0.954s][info   ][gc,stats    ] Pause Final Roots (G)               100 us
[0.954s][info   ][gc,stats    ] Pause Final Roots (N)                35 us
[0.954s][info   ][gc,stats    ] Pacing                            17391 us
[0.954s][info   ][gc,stats    ] 
[0.954s][info   ][gc,stats    ] Allocation pacing accrued:
[0.954s][info   ][gc,stats    ]      12 of   115 ms ( 10.3%): Thread-2
[0.954s][info   ][gc,stats    ]       6 of   115 ms (  4.9%): Thread-3
[0.954s][info   ][gc,stats    ]      17 of   115 ms ( 15.2%): <total>
[0.954s][info   ][gc,stats    ]       1 of   115 ms (  0.8%): <average total>
[0.954s][info   ][gc,stats    ]       9 of   115 ms (  7.6%): <average non-zero>
[0.954s][info   ][gc,stats    ] 
[0.954s][info   ][gc,metaspace] Metaspace: 211K(448K)->211K(448K) NonClass: 202K(320K)->202K(320K) Class: 9K(128K)->9K(128K)
[0.954s][info   ][gc,ergo     ] Pacer for Idle. Initial: 41943K, Alloc Tax Rate: 1.0x
[0.956s][info   ][gc          ] Trigger: Average GC time (104.69 ms) is above the time for average allocation rate (14712 MB/s) to deplete free headroom (817M) (margin of error = 1.82)
[0.956s][info   ][gc,ergo     ] Free headroom: 920M (free) - 102M (spike) - 0B (penalties) = 817M
[0.956s][info   ][gc,ergo     ] Free: 920M, Max: 1024K regular, 322M humongous, Frag: 65% external, 0% internal; Reserve: 103M, Max: 1024K
[0.956s][info   ][gc,start    ] GC(11) Concurrent reset
[0.956s][info   ][gc,task     ] GC(11) Using 1 of 2 workers for concurrent reset
[0.956s][info   ][gc,ergo     ] GC(11) Pacer for Reset. Non-Taxable: 2048M
[0.957s][info   ][gc          ] GC(11) Concurrent reset 0.837ms
[0.957s][info   ][gc,start    ] GC(11) Pause Init Mark (unload classes)
[0.957s][info   ][gc,task     ] GC(11) Using 2 of 2 workers for init marking
[0.957s][info   ][gc,ergo     ] GC(11) Pacer for Mark. Expected Live: 23077K, Free: 920M, Non-Taxable: 94208K, Alloc Tax Rate: 0.0x
[0.957s][info   ][gc          ] GC(11) Pause Init Mark (unload classes) 0.160ms
[0.957s][info   ][gc,start    ] GC(11) Concurrent marking roots
[0.957s][info   ][gc,task     ] GC(11) Using 1 of 2 workers for concurrent marking roots
[0.957s][info   ][gc          ] GC(11) Concurrent marking roots 0.257ms
[0.957s][info   ][gc,start    ] GC(11) Concurrent marking (unload classes)
[0.957s][info   ][gc,task     ] GC(11) Using 1 of 2 workers for concurrent marking
[0.969s][info   ][gc          ] GC(11) Concurrent marking (unload classes) 11.633ms
[0.970s][info   ][gc,start    ] GC(11) Pause Final Mark (unload classes)
[0.970s][info   ][gc,task     ] GC(11) Using 2 of 2 workers for final marking
[0.970s][info   ][gc,ergo     ] GC(11) Collectable Garbage: 434M (98%), Immediate: 434M (98%), CSet: 0B (0%)
[0.971s][info   ][gc          ] GC(11) Pause Final Mark (unload classes) 0.514ms
[0.976s][info   ][gc,start    ] GC(11) Concurrent weak references
[0.976s][info   ][gc,task     ] GC(11) Using 1 of 2 workers for concurrent weak references
[0.977s][info   ][gc,ref      ] GC(11) Encountered references: Soft: 11, Weak: 37, Final: 0, Phantom: 5
[0.977s][info   ][gc,ref      ] GC(11) Discovered  references: Soft: 0, Weak: 11, Final: 0, Phantom: 5
[0.977s][info   ][gc,ref      ] GC(11) Enqueued    references: Soft: 0, Weak: 0, Final: 0, Phantom: 0
[0.977s][info   ][gc          ] GC(11) Concurrent weak references 0.663ms
[0.977s][info   ][gc,start    ] GC(11) Concurrent weak roots
[0.977s][info   ][gc,task     ] GC(11) Using 1 of 2 workers for concurrent weak root
[0.986s][info   ][gc          ] GC(11) Concurrent weak roots 8.941ms
[0.986s][info   ][gc,start    ] GC(11) Concurrent cleanup
[0.987s][info   ][gc          ] GC(11) Concurrent cleanup 685M->256M(2048M) 0.890ms
[0.987s][info   ][gc,ergo     ] GC(11) Free: 1436M, Max: 1024K regular, 674M humongous, Frag: 54% external, 0% internal; Reserve: 103M, Max: 1024K
[0.987s][info   ][gc,start    ] GC(11) Concurrent class unloading
[0.987s][info   ][gc,task     ] GC(11) Using 1 of 2 workers for concurrent class unloading
[0.999s][info   ][gc          ] GC(11) Concurrent class unloading 12.085ms
[1.001s][info   ][gc,start    ] GC(11) Pause Final Roots
[1.001s][info   ][gc          ] GC(11) Pause Final Roots 0.072ms
[1.004s][info   ][gc,ergo     ] Free: 1221M, Max: 1024K regular, 662M humongous, Frag: 46% external, 0% internal; Reserve: 103M, Max: 1024K
[1.005s][info   ][gc,stats    ] 
[1.005s][info   ][gc,stats    ] All times are wall-clock times, except per-root-class counters, that are sum over
[1.005s][info   ][gc,stats    ] all workers. Dividing the <total> over the root stage time estimates parallelism.
[1.005s][info   ][gc,stats    ] 
[1.005s][info   ][gc,stats    ] Concurrent Reset                    860 us
[1.005s][info   ][gc,stats    ] Pause Init Mark (G)                 233 us
[1.005s][info   ][gc,stats    ] Pause Init Mark (N)                 168 us
[1.005s][info   ][gc,stats    ]   Update Region States              118 us
[1.005s][info   ][gc,stats    ] Concurrent Mark Roots               266 us, parallelism: 0.83x
[1.005s][info   ][gc,stats    ]   CMR: <total>                      220 us
[1.005s][info   ][gc,stats    ]   CMR: Thread Roots                 196 us, workers (us): 196, ---, 
[1.005s][info   ][gc,stats    ]   CMR: VM Strong Roots                5 us, workers (us):   5, ---, 
[1.005s][info   ][gc,stats    ]   CMR: CLDG Roots                    19 us, workers (us):  19, ---, 
[1.005s][info   ][gc,stats    ] Concurrent Marking                11758 us
[1.005s][info   ][gc,stats    ] Pause Final Mark (G)               6838 us
[1.005s][info   ][gc,stats    ] Pause Final Mark (N)                527 us
[1.005s][info   ][gc,stats    ]   Finish Mark                       114 us
[1.005s][info   ][gc,stats    ]   Update Region States              166 us
[1.005s][info   ][gc,stats    ]   Choose Collection Set             176 us
[1.005s][info   ][gc,stats    ]   Rebuild Free Set                   15 us
[1.005s][info   ][gc,stats    ] Concurrent Weak References          676 us, parallelism: 0.03x
[1.005s][info   ][gc,stats    ]   CWRF: <total>                      21 us
[1.005s][info   ][gc,stats    ]   CWRF: Weak References              21 us, workers (us):  21, ---, 
[1.005s][info   ][gc,stats    ] Concurrent Weak Roots              9114 us
[1.005s][info   ][gc,stats    ]   Roots                            1649 us, parallelism: 0.11x
[1.005s][info   ][gc,stats    ]     CWR: <total>                    187 us
[1.005s][info   ][gc,stats    ]     CWR: Code Cache Roots            98 us, workers (us):  98, ---, 
[1.005s][info   ][gc,stats    ]     CWR: VM Weak Roots               83 us, workers (us):  83, ---, 
[1.005s][info   ][gc,stats    ]     CWR: CLDG Roots                   7 us, workers (us):   7, ---, 
[1.005s][info   ][gc,stats    ]   Rendezvous                       7258 us
[1.005s][info   ][gc,stats    ] Concurrent Cleanup                  925 us
[1.005s][info   ][gc,stats    ] Concurrent Class Unloading        12281 us
[1.005s][info   ][gc,stats    ]   Unlink Stale                      487 us
[1.005s][info   ][gc,stats    ]     System Dictionary                19 us
[1.005s][info   ][gc,stats    ]     Weak Class Links                  2 us
[1.005s][info   ][gc,stats    ]     Code Roots                      458 us
[1.005s][info   ][gc,stats    ]   Rendezvous                       5786 us
[1.005s][info   ][gc,stats    ]   Purge Unlinked                   5758 us
[1.005s][info   ][gc,stats    ]     Code Roots                     5677 us
[1.005s][info   ][gc,stats    ]     CLDG                             72 us
[1.005s][info   ][gc,stats    ]     Exception Caches                  2 us
[1.005s][info   ][gc,stats    ] Pause Final Roots (G)              5210 us
[1.005s][info   ][gc,stats    ] Pause Final Roots (N)                85 us
[1.005s][info   ][gc,stats    ] Pacing                            52841 us
[1.005s][info   ][gc,stats    ] 
[1.005s][info   ][gc,stats    ] Allocation pacing accrued:
[1.005s][info   ][gc,stats    ]      10 of    51 ms ( 19.5%): Thread-0
[1.005s][info   ][gc,stats    ]       9 of    51 ms ( 18.4%): Thread-1
[1.005s][info   ][gc,stats    ]      11 of    51 ms ( 20.9%): Thread-2
[1.005s][info   ][gc,stats    ]       8 of    51 ms ( 15.0%): Thread-3
[1.005s][info   ][gc,stats    ]       7 of    51 ms ( 14.0%): Thread-5
[1.005s][info   ][gc,stats    ]       8 of    51 ms ( 15.9%): Thread-6
[1.005s][info   ][gc,stats    ]      53 of    51 ms (103.7%): <total>
[1.005s][info   ][gc,stats    ]       3 of    51 ms (  5.5%): <average total>
[1.005s][info   ][gc,stats    ]       9 of    51 ms ( 17.3%): <average non-zero>
[1.005s][info   ][gc,stats    ] 
[1.005s][info   ][gc,metaspace] Metaspace: 211K(448K)->211K(448K) NonClass: 202K(320K)->202K(320K) Class: 9K(128K)->9K(128K)
[1.005s][info   ][gc,ergo     ] Pacer for Idle. Initial: 41943K, Alloc Tax Rate: 1.0x
[1.007s][info   ][gc          ] Trigger: Average GC time (87.67 ms) is above the time for average allocation rate (14729 MB/s) to deplete free headroom (1084M) (margin of error = 1.83)
[1.007s][info   ][gc,ergo     ] Free headroom: 1187M (free) - 102M (spike) - 0B (penalties) = 1084M
[1.007s][info   ][gc,ergo     ] Free: 1185M, Max: 1024K regular, 626M humongous, Frag: 48% external, 0% internal; Reserve: 103M, Max: 1024K
[1.007s][info   ][gc,start    ] GC(12) Concurrent reset
[1.007s][info   ][gc,task     ] GC(12) Using 1 of 2 workers for concurrent reset
[1.007s][info   ][gc,ergo     ] GC(12) Pacer for Reset. Non-Taxable: 2048M
[1.015s][info   ][gc          ] GC(12) Concurrent reset 7.534ms
[1.017s][info   ][gc,start    ] GC(12) Pause Init Mark (unload classes)
[1.017s][info   ][gc,task     ] GC(12) Using 2 of 2 workers for init marking
[1.017s][info   ][gc,ergo     ] GC(12) Pacer for Mark. Expected Live: 34136K, Free: 1083M, Non-Taxable: 108M, Alloc Tax Rate: 0.0x
[1.017s][info   ][gc          ] GC(12) Pause Init Mark (unload classes) 0.238ms
[1.020s][info   ][gc,start    ] GC(12) Concurrent marking roots
[1.020s][info   ][gc,task     ] GC(12) Using 1 of 2 workers for concurrent marking roots
[1.023s][info   ][gc          ] GC(12) Concurrent marking roots 3.214ms
[1.023s][info   ][gc,start    ] GC(12) Concurrent marking (unload classes)
[1.024s][info   ][gc,task     ] GC(12) Using 1 of 2 workers for concurrent marking
[1.038s][info   ][gc          ] GC(12) Concurrent marking (unload classes) 14.744ms
[1.040s][info   ][gc,start    ] GC(12) Pause Final Mark (unload classes)
[1.040s][info   ][gc,task     ] GC(12) Using 2 of 2 workers for final marking
[1.040s][info   ][gc,ergo     ] GC(12) Collectable Garbage: 396M (98%), Immediate: 396M (98%), CSet: 0B (0%)
[1.040s][info   ][gc          ] GC(12) Pause Final Mark (unload classes) 0.363ms
[1.044s][info   ][gc,start    ] GC(12) Concurrent weak references
[1.045s][info   ][gc,task     ] GC(12) Using 1 of 2 workers for concurrent weak references
[1.046s][info   ][gc,ref      ] GC(12) Encountered references: Soft: 11, Weak: 37, Final: 0, Phantom: 5
[1.046s][info   ][gc,ref      ] GC(12) Discovered  references: Soft: 0, Weak: 11, Final: 0, Phantom: 5
[1.046s][info   ][gc,ref      ] GC(12) Enqueued    references: Soft: 0, Weak: 0, Final: 0, Phantom: 0
[1.046s][info   ][gc          ] GC(12) Concurrent weak references 1.301ms
[1.046s][info   ][gc,start    ] GC(12) Concurrent weak roots
[1.046s][info   ][gc,task     ] GC(12) Using 1 of 2 workers for concurrent weak root
[1.057s][info   ][gc          ] GC(12) Concurrent weak roots 10.969ms
[1.057s][info   ][gc,start    ] GC(12) Concurrent cleanup
[1.058s][info   ][gc          ] GC(12) Concurrent cleanup 701M->311M(2048M) 0.654ms
[1.058s][info   ][gc,ergo     ] GC(12) Free: 1327M, Max: 1024K regular, 558M humongous, Frag: 58% external, 0% internal; Reserve: 103M, Max: 1024K
[1.058s][info   ][gc,start    ] GC(12) Concurrent class unloading
[1.058s][info   ][gc,task     ] GC(12) Using 1 of 2 workers for concurrent class unloading
[1.074s][info   ][gc          ] GC(12) Concurrent class unloading 16.067ms
[1.074s][info   ][gc,start    ] GC(12) Pause Final Roots
[1.075s][info   ][gc          ] GC(12) Pause Final Roots 0.028ms
[1.080s][info   ][gc,ergo     ] Free: 1017M, Max: 1024K regular, 558M humongous, Frag: 46% external, 0% internal; Reserve: 103M, Max: 1024K
[1.080s][info   ][gc,stats    ] 
[1.080s][info   ][gc,stats    ] All times are wall-clock times, except per-root-class counters, that are sum over
[1.080s][info   ][gc,stats    ] all workers. Dividing the <total> over the root stage time estimates parallelism.
[1.080s][info   ][gc,stats    ] 
[1.080s][info   ][gc,stats    ] Concurrent Reset                   7716 us
[1.080s][info   ][gc,stats    ] Pause Init Mark (G)                5109 us
[1.080s][info   ][gc,stats    ] Pause Init Mark (N)                 247 us
[1.080s][info   ][gc,stats    ]   Update Region States              161 us
[1.080s][info   ][gc,stats    ] Concurrent Mark Roots              3364 us, parallelism: 0.08x
[1.080s][info   ][gc,stats    ]   CMR: <total>                      265 us
[1.080s][info   ][gc,stats    ]   CMR: Thread Roots                 192 us, workers (us): 192, ---, 
[1.080s][info   ][gc,stats    ]   CMR: VM Strong Roots               13 us, workers (us):  13, ---, 
[1.080s][info   ][gc,stats    ]   CMR: CLDG Roots                    60 us, workers (us):  60, ---, 
[1.080s][info   ][gc,stats    ] Concurrent Marking                15165 us
[1.080s][info   ][gc,stats    ] Pause Final Mark (G)               5762 us
[1.080s][info   ][gc,stats    ] Pause Final Mark (N)                372 us
[1.080s][info   ][gc,stats    ]   Finish Mark                       115 us
[1.080s][info   ][gc,stats    ]   Update Region States              100 us
[1.080s][info   ][gc,stats    ]   Choose Collection Set              76 us
[1.080s][info   ][gc,stats    ]   Rebuild Free Set                    9 us
[1.080s][info   ][gc,stats    ] Concurrent Weak References         1319 us, parallelism: 0.01x
[1.080s][info   ][gc,stats    ]   CWRF: <total>                      12 us
[1.080s][info   ][gc,stats    ]   CWRF: Weak References              12 us, workers (us):  12, ---, 
[1.080s][info   ][gc,stats    ] Concurrent Weak Roots             11243 us
[1.080s][info   ][gc,stats    ]   Roots                            6451 us, parallelism: 0.02x
[1.080s][info   ][gc,stats    ]     CWR: <total>                    102 us
[1.080s][info   ][gc,stats    ]     CWR: Code Cache Roots            51 us, workers (us):  51, ---, 
[1.080s][info   ][gc,stats    ]     CWR: VM Weak Roots               47 us, workers (us):  47, ---, 
[1.080s][info   ][gc,stats    ]     CWR: CLDG Roots                   4 us, workers (us):   4, ---, 
[1.080s][info   ][gc,stats    ]   Rendezvous                       4491 us
[1.080s][info   ][gc,stats    ] Concurrent Cleanup                  684 us
[1.080s][info   ][gc,stats    ] Concurrent Class Unloading        16192 us
[1.080s][info   ][gc,stats    ]   Unlink Stale                     9794 us
[1.080s][info   ][gc,stats    ]     System Dictionary                16 us
[1.080s][info   ][gc,stats    ]     Weak Class Links                  1 us
[1.080s][info   ][gc,stats    ]     Code Roots                     9771 us
[1.080s][info   ][gc,stats    ]   Rendezvous                       6067 us
[1.081s][info   ][gc,stats    ]   Purge Unlinked                    174 us
[1.081s][info   ][gc,stats    ]     Code Roots                      152 us
[1.081s][info   ][gc,stats    ]     CLDG                             17 us
[1.081s][info   ][gc,stats    ]     Exception Caches                  2 us
[1.081s][info   ][gc,stats    ] Pause Final Roots (G)              5979 us
[1.081s][info   ][gc,stats    ] Pause Final Roots (N)                37 us
[1.081s][info   ][gc,stats    ] Pacing                             5788 us
[1.081s][info   ][gc,stats    ] 
[1.081s][info   ][gc,stats    ] Allocation pacing accrued:
[1.081s][info   ][gc,stats    ]       1 of    76 ms (  1.0%): Thread-0
[1.081s][info   ][gc,stats    ]       1 of    76 ms (  1.0%): Thread-1
[1.081s][info   ][gc,stats    ]       1 of    76 ms (  1.1%): Thread-4
[1.081s][info   ][gc,stats    ]       3 of    76 ms (  4.5%): Thread-6
[1.081s][info   ][gc,stats    ]       6 of    76 ms (  7.6%): <total>
[1.081s][info   ][gc,stats    ]       0 of    76 ms (  0.4%): <average total>
[1.081s][info   ][gc,stats    ]       1 of    76 ms (  1.9%): <average non-zero>
[1.081s][info   ][gc,stats    ] 
[1.081s][info   ][gc,metaspace] Metaspace: 211K(448K)->211K(448K) NonClass: 202K(320K)->202K(320K) Class: 9K(128K)->9K(128K)
[1.081s][info   ][gc,ergo     ] Pacer for Idle. Initial: 41943K, Alloc Tax Rate: 1.0x
[1.082s][info   ][gc          ] Trigger: Average GC time (92.72 ms) is above the time for average allocation rate (14757 MB/s) to deplete free headroom (882M) (margin of error = 1.84)
[1.082s][info   ][gc,ergo     ] Free headroom: 985M (free) - 102M (spike) - 0B (penalties) = 882M
[1.082s][info   ][gc,ergo     ] Free: 985M, Max: 1024K regular, 558M humongous, Frag: 44% external, 0% internal; Reserve: 103M, Max: 1024K
[1.082s][info   ][gc,start    ] GC(13) Concurrent reset
[1.082s][info   ][gc,task     ] GC(13) Using 1 of 2 workers for concurrent reset
[1.082s][info   ][gc,ergo     ] GC(13) Pacer for Reset. Non-Taxable: 2048M
[1.088s][info   ][gc          ] GC(13) Concurrent reset 5.779ms
[1.093s][info   ][gc,start    ] GC(13) Pause Init Mark (unload classes)
[1.093s][info   ][gc,task     ] GC(13) Using 2 of 2 workers for init marking
[1.093s][info   ][gc,ergo     ] GC(13) Pacer for Mark. Expected Live: 33727K, Free: 853M, Non-Taxable: 87362K, Alloc Tax Rate: 0.0x
[1.093s][info   ][gc          ] GC(13) Pause Init Mark (unload classes) 0.263ms
[1.096s][info   ][gc,start    ] GC(13) Concurrent marking roots
[1.096s][info   ][gc,task     ] GC(13) Using 1 of 2 workers for concurrent marking roots
[1.099s][info   ][gc          ] GC(13) Concurrent marking roots 2.508ms
[1.099s][info   ][gc,start    ] GC(13) Concurrent marking (unload classes)
[1.099s][info   ][gc,task     ] GC(13) Using 1 of 2 workers for concurrent marking
[1.103s][info   ][gc          ] GC(13) Concurrent marking (unload classes) 4.440ms
[1.104s][info   ][gc,start    ] GC(13) Pause Final Mark (unload classes)
[1.104s][info   ][gc,task     ] GC(13) Using 2 of 2 workers for final marking
[1.105s][info   ][gc,ergo     ] GC(13) Collectable Garbage: 508M (98%), Immediate: 508M (98%), CSet: 0B (0%)
[1.105s][info   ][gc          ] GC(13) Pause Final Mark (unload classes) 1.269ms
[1.105s][info   ][gc,start    ] GC(13) Concurrent weak references
[1.105s][info   ][gc,task     ] GC(13) Using 1 of 2 workers for concurrent weak references
[1.106s][info   ][gc,ref      ] GC(13) Encountered references: Soft: 11, Weak: 37, Final: 0, Phantom: 5
[1.106s][info   ][gc,ref      ] GC(13) Discovered  references: Soft: 0, Weak: 11, Final: 0, Phantom: 5
[1.106s][info   ][gc,ref      ] GC(13) Enqueued    references: Soft: 0, Weak: 0, Final: 0, Phantom: 0
[1.106s][info   ][gc          ] GC(13) Concurrent weak references 1.241ms
[1.106s][info   ][gc,start    ] GC(13) Concurrent weak roots
[1.106s][info   ][gc,task     ] GC(13) Using 1 of 2 workers for concurrent weak root
[1.108s][info   ][gc          ] GC(13) Concurrent weak roots 1.923ms
[1.109s][info   ][gc,start    ] GC(13) Concurrent cleanup
[1.110s][info   ][gc          ] GC(13) Concurrent cleanup 639M->140M(2048M) 1.362ms
[1.110s][info   ][gc,ergo     ] GC(13) Free: 1669M, Max: 1024K regular, 1262M humongous, Frag: 25% external, 0% internal; Reserve: 103M, Max: 1024K
[1.110s][info   ][gc,start    ] GC(13) Concurrent class unloading
[1.110s][info   ][gc,task     ] GC(13) Using 1 of 2 workers for concurrent class unloading
[1.126s][info   ][gc          ] GC(13) Concurrent class unloading 16.261ms
[1.128s][info   ][gc,start    ] GC(13) Pause Final Roots
[1.128s][info   ][gc          ] GC(13) Pause Final Roots 0.065ms
[1.133s][info   ][gc,ergo     ] Free: 1387M, Max: 1024K regular, 1262M humongous, Frag: 10% external, 0% internal; Reserve: 103M, Max: 1024K
[1.133s][info   ][gc,stats    ] 
[1.133s][info   ][gc,stats    ] All times are wall-clock times, except per-root-class counters, that are sum over
[1.133s][info   ][gc,stats    ] all workers. Dividing the <total> over the root stage time estimates parallelism.
[1.133s][info   ][gc,stats    ] 
[1.133s][info   ][gc,stats    ] Concurrent Reset                   5918 us
[1.133s][info   ][gc,stats    ] Pause Init Mark (G)                7975 us
[1.133s][info   ][gc,stats    ] Pause Init Mark (N)                 272 us
[1.133s][info   ][gc,stats    ]   Update Region States              124 us
[1.133s][info   ][gc,stats    ] Concurrent Mark Roots              2601 us, parallelism: 0.17x
[1.133s][info   ][gc,stats    ]   CMR: <total>                      452 us
[1.133s][info   ][gc,stats    ]   CMR: Thread Roots                 350 us, workers (us): 350, ---, 
[1.133s][info   ][gc,stats    ]   CMR: VM Strong Roots               15 us, workers (us):  15, ---, 
[1.133s][info   ][gc,stats    ]   CMR: CLDG Roots                    87 us, workers (us):  87, ---, 
[1.133s][info   ][gc,stats    ] Concurrent Marking                 4569 us
[1.133s][info   ][gc,stats    ] Pause Final Mark (G)               1572 us
[1.133s][info   ][gc,stats    ] Pause Final Mark (N)               1279 us
[1.133s][info   ][gc,stats    ]   Finish Mark                       980 us
[1.133s][info   ][gc,stats    ]   Update Region States              104 us
[1.133s][info   ][gc,stats    ]   Choose Collection Set             135 us
[1.133s][info   ][gc,stats    ]   Rebuild Free Set                   10 us
[1.133s][info   ][gc,stats    ] Concurrent Weak References         1251 us, parallelism: 0.01x
[1.133s][info   ][gc,stats    ]   CWRF: <total>                       9 us
[1.133s][info   ][gc,stats    ]   CWRF: Weak References               9 us, workers (us):   9, ---, 
[1.133s][info   ][gc,stats    ] Concurrent Weak Roots              2567 us
[1.133s][info   ][gc,stats    ]   Roots                             198 us, parallelism: 0.55x
[1.133s][info   ][gc,stats    ]     CWR: <total>                    109 us
[1.133s][info   ][gc,stats    ]     CWR: Code Cache Roots            56 us, workers (us):  56, ---, 
[1.133s][info   ][gc,stats    ]     CWR: VM Weak Roots               49 us, workers (us):  49, ---, 
[1.133s][info   ][gc,stats    ]     CWR: CLDG Roots                   4 us, workers (us):   4, ---, 
[1.133s][info   ][gc,stats    ]   Rendezvous                       1704 us
[1.133s][info   ][gc,stats    ] Concurrent Cleanup                 1405 us
[1.133s][info   ][gc,stats    ] Concurrent Class Unloading        16324 us
[1.133s][info   ][gc,stats    ]   Unlink Stale                     5353 us
[1.133s][info   ][gc,stats    ]     System Dictionary                14 us
[1.133s][info   ][gc,stats    ]     Weak Class Links                  1 us
[1.133s][info   ][gc,stats    ]     Code Roots                     5292 us
[1.133s][info   ][gc,stats    ]   Rendezvous                       8713 us
[1.133s][info   ][gc,stats    ]   Purge Unlinked                   2160 us
[1.133s][info   ][gc,stats    ]     Code Roots                     2148 us
[1.133s][info   ][gc,stats    ]     CLDG                              8 us
[1.133s][info   ][gc,stats    ]     Exception Caches                  1 us
[1.133s][info   ][gc,stats    ] Pause Final Roots (G)              6072 us
[1.133s][info   ][gc,stats    ] Pause Final Roots (N)                76 us
[1.133s][info   ][gc,stats    ] Pacing                            61143 us
[1.133s][info   ][gc,stats    ] 
[1.133s][info   ][gc,stats    ] Allocation pacing accrued:
[1.133s][info   ][gc,stats    ]      11 of    53 ms ( 20.1%): Thread-0
[1.133s][info   ][gc,stats    ]      10 of    53 ms ( 18.1%): Thread-1
[1.133s][info   ][gc,stats    ]       9 of    53 ms ( 17.6%): Thread-2
[1.133s][info   ][gc,stats    ]      11 of    53 ms ( 21.7%): Thread-3
[1.133s][info   ][gc,stats    ]      11 of    53 ms ( 21.1%): Thread-5
[1.133s][info   ][gc,stats    ]       9 of    53 ms ( 17.7%): Thread-6
[1.133s][info   ][gc,stats    ]      61 of    53 ms (116.4%): <total>
[1.133s][info   ][gc,stats    ]       3 of    53 ms (  6.1%): <average total>
[1.133s][info   ][gc,stats    ]      10 of    53 ms ( 19.4%): <average non-zero>
[1.133s][info   ][gc,stats    ] 
[1.133s][info   ][gc,metaspace] Metaspace: 211K(448K)->211K(448K) NonClass: 202K(320K)->202K(320K) Class: 9K(128K)->9K(128K)
[1.133s][info   ][gc,ergo     ] Pacer for Idle. Initial: 41943K, Alloc Tax Rate: 1.0x
[1.140s][info   ][gc          ] Trigger: Average GC time (80.85 ms) is above the time for average allocation rate (14757 MB/s) to deplete free headroom (1170M) (margin of error = 1.84)
[1.141s][info   ][gc,ergo     ] Free headroom: 1273M (free) - 102M (spike) - 0B (penalties) = 1170M
[1.141s][info   ][gc,ergo     ] Free: 1267M, Max: 1024K regular, 1262M humongous, Frag: 1% external, 0% internal; Reserve: 103M, Max: 1024K
[1.141s][info   ][gc,start    ] GC(14) Concurrent reset
[1.141s][info   ][gc,task     ] GC(14) Using 1 of 2 workers for concurrent reset
[1.141s][info   ][gc,ergo     ] GC(14) Pacer for Reset. Non-Taxable: 2048M
[1.154s][info   ][gc          ] GC(14) Concurrent reset 13.449ms
[1.156s][info   ][gc,start    ] GC(14) Pause Init Mark (unload classes)
[1.156s][info   ][gc,task     ] GC(14) Using 2 of 2 workers for init marking
[1.156s][info   ][gc,ergo     ] GC(14) Pacer for Mark. Expected Live: 37618K, Free: 1075M, Non-Taxable: 107M, Alloc Tax Rate: 0.0x
[1.156s][info   ][gc          ] GC(14) Pause Init Mark (unload classes) 0.197ms
[1.158s][info   ][gc,start    ] GC(14) Concurrent marking roots
[1.158s][info   ][gc,task     ] GC(14) Using 1 of 2 workers for concurrent marking roots
[1.159s][info   ][gc          ] GC(14) Concurrent marking roots 0.444ms
[1.159s][info   ][gc,start    ] GC(14) Concurrent marking (unload classes)
[1.159s][info   ][gc,task     ] GC(14) Using 1 of 2 workers for concurrent marking
[1.187s][info   ][gc          ] GC(14) Concurrent marking (unload classes) 28.134ms
[1.188s][info   ][gc,start    ] GC(14) Pause Final Mark (unload classes)
[1.188s][info   ][gc,task     ] GC(14) Using 2 of 2 workers for final marking
[1.191s][info   ][gc,ergo     ] GC(14) Collectable Garbage: 383M (98%), Immediate: 383M (98%), CSet: 0B (0%)
[1.191s][info   ][gc          ] GC(14) Pause Final Mark (unload classes) 2.856ms
[1.195s][info   ][gc,start    ] GC(14) Concurrent weak references
[1.195s][info   ][gc,task     ] GC(14) Using 1 of 2 workers for concurrent weak references
[1.198s][info   ][gc,ref      ] GC(14) Encountered references: Soft: 11, Weak: 37, Final: 0, Phantom: 5
[1.198s][info   ][gc,ref      ] GC(14) Discovered  references: Soft: 0, Weak: 11, Final: 0, Phantom: 5
[1.198s][info   ][gc,ref      ] GC(14) Enqueued    references: Soft: 0, Weak: 0, Final: 0, Phantom: 0
[1.198s][info   ][gc          ] GC(14) Concurrent weak references 3.093ms
[1.198s][info   ][gc,start    ] GC(14) Concurrent weak roots
[1.198s][info   ][gc,task     ] GC(14) Using 1 of 2 workers for concurrent weak root
[1.210s][info   ][gc          ] GC(14) Concurrent weak roots 11.942ms
[1.210s][info   ][gc,start    ] GC(14) Concurrent cleanup
[1.211s][info   ][gc          ] GC(14) Concurrent cleanup 813M->434M(2048M) 0.571ms
[1.211s][info   ][gc,ergo     ] GC(14) Free: 1081M, Max: 1024K regular, 322M humongous, Frag: 71% external, 0% internal; Reserve: 103M, Max: 1024K
[1.211s][info   ][gc,start    ] GC(14) Concurrent class unloading
[1.211s][info   ][gc,task     ] GC(14) Using 1 of 2 workers for concurrent class unloading
[1.217s][info   ][gc          ] GC(14) Concurrent class unloading 5.353ms
[1.218s][info   ][gc,start    ] GC(14) Pause Final Roots
[1.218s][info   ][gc          ] GC(14) Pause Final Roots 0.032ms
[1.220s][info   ][gc,ergo     ] Free: 955M, Max: 1024K regular, 322M humongous, Frag: 67% external, 0% internal; Reserve: 103M, Max: 1024K
[1.221s][info   ][gc,stats    ] 
[1.221s][info   ][gc,stats    ] All times are wall-clock times, except per-root-class counters, that are sum over
[1.221s][info   ][gc,stats    ] all workers. Dividing the <total> over the root stage time estimates parallelism.
[1.221s][info   ][gc,stats    ] 
[1.221s][info   ][gc,stats    ] Concurrent Reset                  13621 us
[1.221s][info   ][gc,stats    ] Pause Init Mark (G)                3761 us
[1.221s][info   ][gc,stats    ] Pause Init Mark (N)                 206 us
[1.221s][info   ][gc,stats    ]   Update Region States              122 us
[1.221s][info   ][gc,stats    ] Concurrent Mark Roots               468 us, parallelism: 0.39x
[1.221s][info   ][gc,stats    ]   CMR: <total>                      185 us
[1.221s][info   ][gc,stats    ]   CMR: Thread Roots                 130 us, workers (us): 130, ---, 
[1.221s][info   ][gc,stats    ]   CMR: VM Strong Roots               10 us, workers (us):  10, ---, 
[1.221s][info   ][gc,stats    ]   CMR: CLDG Roots                    45 us, workers (us):  45, ---, 
[1.221s][info   ][gc,stats    ] Concurrent Marking                28347 us
[1.221s][info   ][gc,stats    ] Pause Final Mark (G)               8133 us
[1.221s][info   ][gc,stats    ] Pause Final Mark (N)               2866 us
[1.221s][info   ][gc,stats    ]   Finish Mark                      2554 us
[1.221s][info   ][gc,stats    ]   Update Region States              104 us
[1.221s][info   ][gc,stats    ]   Choose Collection Set              95 us
[1.221s][info   ][gc,stats    ]   Rebuild Free Set                    9 us
[1.221s][info   ][gc,stats    ] Concurrent Weak References         3107 us, parallelism: 0.00x
[1.221s][info   ][gc,stats    ]   CWRF: <total>                      13 us
[1.221s][info   ][gc,stats    ]   CWRF: Weak References              13 us, workers (us):  13, ---, 
[1.221s][info   ][gc,stats    ] Concurrent Weak Roots             12135 us
[1.221s][info   ][gc,stats    ]   Roots                            3146 us, parallelism: 0.06x
[1.221s][info   ][gc,stats    ]     CWR: <total>                    180 us
[1.221s][info   ][gc,stats    ]     CWR: Code Cache Roots           103 us, workers (us): 103, ---, 
[1.221s][info   ][gc,stats    ]     CWR: VM Weak Roots               72 us, workers (us):  72, ---, 
[1.221s][info   ][gc,stats    ]     CWR: CLDG Roots                   5 us, workers (us):   5, ---, 
[1.221s][info   ][gc,stats    ]   Rendezvous                       8763 us
[1.221s][info   ][gc,stats    ] Concurrent Cleanup                  665 us
[1.221s][info   ][gc,stats    ] Concurrent Class Unloading         5542 us
[1.221s][info   ][gc,stats    ]   Unlink Stale                      440 us
[1.221s][info   ][gc,stats    ]     System Dictionary                17 us
[1.221s][info   ][gc,stats    ]     Weak Class Links                  1 us
[1.221s][info   ][gc,stats    ]     Code Roots                      415 us
[1.221s][info   ][gc,stats    ]   Rendezvous                       4600 us
[1.221s][info   ][gc,stats    ]   Purge Unlinked                    266 us
[1.221s][info   ][gc,stats    ]     Code Roots                      242 us
[1.221s][info   ][gc,stats    ]     CLDG                             18 us
[1.221s][info   ][gc,stats    ]     Exception Caches                  2 us
[1.221s][info   ][gc,stats    ] Pause Final Roots (G)              3631 us
[1.221s][info   ][gc,stats    ] Pause Final Roots (N)                41 us
[1.221s][info   ][gc,stats    ] 
[1.221s][info   ][gc,stats    ] Allocation pacing accrued:
[1.221s][info   ][gc,stats    ]       0 of    88 ms (  0.0%): <total>
[1.221s][info   ][gc,stats    ]       0 of    88 ms (  0.0%): <average total>
[1.221s][info   ][gc,stats    ] 
[1.222s][info   ][gc,metaspace] Metaspace: 211K(448K)->211K(448K) NonClass: 202K(320K)->202K(320K) Class: 9K(128K)->9K(128K)
[1.222s][info   ][gc,ergo     ] Pacer for Idle. Initial: 41943K, Alloc Tax Rate: 1.0x
[1.224s][info   ][gc          ] Trigger: Average GC time (95.30 ms) is above the time for average allocation rate (14781 MB/s) to deplete free headroom (798M) (margin of error = 1.86)
[1.224s][info   ][gc,ergo     ] Free headroom: 901M (free) - 102M (spike) - 0B (penalties) = 798M
[1.225s][info   ][gc,ergo     ] Free: 901M, Max: 1024K regular, 322M humongous, Frag: 65% external, 0% internal; Reserve: 103M, Max: 1024K
[1.225s][info   ][gc,start    ] GC(15) Concurrent reset
[1.225s][info   ][gc,task     ] GC(15) Using 1 of 2 workers for concurrent reset
[1.225s][info   ][gc,ergo     ] GC(15) Pacer for Reset. Non-Taxable: 2048M
[1.228s][info   ][gc          ] GC(15) Concurrent reset 3.287ms
[1.229s][info   ][gc,start    ] GC(15) Pause Init Mark (unload classes)
[1.229s][info   ][gc,task     ] GC(15) Using 2 of 2 workers for init marking
[1.229s][info   ][gc,ergo     ] GC(15) Pacer for Mark. Expected Live: 45196K, Free: 851M, Non-Taxable: 87157K, Alloc Tax Rate: 0.1x
[1.229s][info   ][gc          ] GC(15) Pause Init Mark (unload classes) 0.258ms
[1.229s][info   ][gc,start    ] GC(15) Concurrent marking roots
[1.229s][info   ][gc,task     ] GC(15) Using 1 of 2 workers for concurrent marking roots
[1.229s][info   ][gc          ] GC(15) Concurrent marking roots 0.437ms
[1.229s][info   ][gc,start    ] GC(15) Concurrent marking (unload classes)
[1.229s][info   ][gc,task     ] GC(15) Using 1 of 2 workers for concurrent marking
[1.245s][info   ][gc          ] GC(15) Concurrent marking (unload classes) 16.035ms
[1.246s][info   ][gc,start    ] GC(15) Pause Final Mark (unload classes)
[1.246s][info   ][gc,task     ] GC(15) Using 2 of 2 workers for final marking
[1.247s][info   ][gc,ergo     ] GC(15) Collectable Garbage: 516M (98%), Immediate: 516M (98%), CSet: 0B (0%)
[1.247s][info   ][gc          ] GC(15) Pause Final Mark (unload classes) 1.195ms
[1.253s][info   ][gc,start    ] GC(15) Concurrent weak references
[1.253s][info   ][gc,task     ] GC(15) Using 1 of 2 workers for concurrent weak references
[1.253s][info   ][gc,ref      ] GC(15) Encountered references: Soft: 11, Weak: 37, Final: 0, Phantom: 5
[1.253s][info   ][gc,ref      ] GC(15) Discovered  references: Soft: 0, Weak: 11, Final: 0, Phantom: 5
[1.253s][info   ][gc,ref      ] GC(15) Enqueued    references: Soft: 0, Weak: 0, Final: 0, Phantom: 0
[1.253s][info   ][gc          ] GC(15) Concurrent weak references 0.227ms
[1.253s][info   ][gc,start    ] GC(15) Concurrent weak roots
[1.253s][info   ][gc,task     ] GC(15) Using 1 of 2 workers for concurrent weak root
[1.263s][info   ][gc          ] GC(15) Concurrent weak roots 9.132ms
[1.263s][info   ][gc,start    ] GC(15) Concurrent cleanup
[1.264s][info   ][gc          ] GC(15) Concurrent cleanup 790M->278M(2048M) 0.812ms
[1.264s][info   ][gc,ergo     ] GC(15) Free: 1393M, Max: 1024K regular, 1086M humongous, Frag: 23% external, 0% internal; Reserve: 103M, Max: 1024K
[1.264s][info   ][gc,start    ] GC(15) Concurrent class unloading
[1.264s][info   ][gc,task     ] GC(15) Using 1 of 2 workers for concurrent class unloading
[1.268s][info   ][gc          ] GC(15) Concurrent class unloading 4.258ms
[1.268s][info   ][gc,start    ] GC(15) Pause Final Roots
[1.268s][info   ][gc          ] GC(15) Pause Final Roots 0.025ms
[1.268s][info   ][gc,ergo     ] Free: 1345M, Max: 1024K regular, 1086M humongous, Frag: 20% external, 0% internal; Reserve: 103M, Max: 1024K
[1.268s][info   ][gc,stats    ] 
[1.268s][info   ][gc,stats    ] All times are wall-clock times, except per-root-class counters, that are sum over
[1.268s][info   ][gc,stats    ] all workers. Dividing the <total> over the root stage time estimates parallelism.
[1.268s][info   ][gc,stats    ] 
[1.268s][info   ][gc,stats    ] Concurrent Reset                   3389 us
[1.268s][info   ][gc,stats    ] Pause Init Mark (G)                 969 us
[1.268s][info   ][gc,stats    ] Pause Init Mark (N)                 268 us
[1.268s][info   ][gc,stats    ]   Update Region States              177 us
[1.268s][info   ][gc,stats    ] Concurrent Mark Roots               462 us, parallelism: 0.63x
[1.268s][info   ][gc,stats    ]   CMR: <total>                      292 us
[1.268s][info   ][gc,stats    ]   CMR: Thread Roots                 225 us, workers (us): 225, ---, 
[1.268s][info   ][gc,stats    ]   CMR: VM Strong Roots               13 us, workers (us):  13, ---, 
[1.268s][info   ][gc,stats    ]   CMR: CLDG Roots                    54 us, workers (us):  54, ---, 
[1.268s][info   ][gc,stats    ] Concurrent Marking                16195 us
[1.268s][info   ][gc,stats    ] Pause Final Mark (G)               7542 us
[1.268s][info   ][gc,stats    ] Pause Final Mark (N)               1204 us
[1.268s][info   ][gc,stats    ]   Finish Mark                       968 us
[1.268s][info   ][gc,stats    ]   Update Region States               65 us
[1.268s][info   ][gc,stats    ]   Choose Collection Set             104 us
[1.268s][info   ][gc,stats    ]   Rebuild Free Set                    9 us
[1.268s][info   ][gc,stats    ] Concurrent Weak References          240 us, parallelism: 0.06x
[1.268s][info   ][gc,stats    ]   CWRF: <total>                      14 us
[1.268s][info   ][gc,stats    ]   CWRF: Weak References              14 us, workers (us):  14, ---, 
[1.268s][info   ][gc,stats    ] Concurrent Weak Roots              9274 us
[1.268s][info   ][gc,stats    ]   Roots                             244 us, parallelism: 0.69x
[1.268s][info   ][gc,stats    ]     CWR: <total>                    168 us
[1.268s][info   ][gc,stats    ]     CWR: Code Cache Roots            99 us, workers (us):  99, ---, 
[1.268s][info   ][gc,stats    ]     CWR: VM Weak Roots               65 us, workers (us):  65, ---, 
[1.268s][info   ][gc,stats    ]     CWR: CLDG Roots                   4 us, workers (us):   4, ---, 
[1.268s][info   ][gc,stats    ]   Rendezvous                       8850 us
[1.268s][info   ][gc,stats    ] Concurrent Cleanup                  842 us
[1.268s][info   ][gc,stats    ] Concurrent Class Unloading         4312 us
[1.268s][info   ][gc,stats    ]   Unlink Stale                     3077 us
[1.268s][info   ][gc,stats    ]     System Dictionary                37 us
[1.268s][info   ][gc,stats    ]     Weak Class Links                  2 us
[1.268s][info   ][gc,stats    ]     Code Roots                     2942 us
[1.268s][info   ][gc,stats    ]   Rendezvous                       1078 us
[1.268s][info   ][gc,stats    ]   Purge Unlinked                     68 us
[1.268s][info   ][gc,stats    ]     Code Roots                       49 us
[1.268s][info   ][gc,stats    ]     CLDG                             15 us
[1.268s][info   ][gc,stats    ]     Exception Caches                  1 us
[1.268s][info   ][gc,stats    ] Pause Final Roots (G)               129 us
[1.268s][info   ][gc,stats    ] Pause Final Roots (N)                34 us
[1.268s][info   ][gc,stats    ] Pacing                            20064 us
[1.268s][info   ][gc,stats    ] 
[1.268s][info   ][gc,stats    ] Allocation pacing accrued:
[1.268s][info   ][gc,stats    ]       6 of    47 ms ( 13.4%): Thread-3
[1.268s][info   ][gc,stats    ]       7 of    47 ms ( 15.9%): Thread-5
[1.268s][info   ][gc,stats    ]       6 of    47 ms ( 13.4%): Thread-7
[1.268s][info   ][gc,stats    ]      20 of    47 ms ( 42.7%): <total>
[1.268s][info   ][gc,stats    ]       1 of    47 ms (  2.2%): <average total>
[1.268s][info   ][gc,stats    ]       7 of    47 ms ( 14.2%): <average non-zero>
[1.268s][info   ][gc,stats    ] 
[1.268s][info   ][gc,metaspace] Metaspace: 211K(448K)->211K(448K) NonClass: 202K(320K)->202K(320K) Class: 9K(128K)->9K(128K)
[1.268s][info   ][gc,ergo     ] Pacer for Idle. Initial: 41943K, Alloc Tax Rate: 1.0x
[1.270s][info   ][gc          ] Trigger: Average GC time (85.75 ms) is above the time for average allocation rate (14781 MB/s) to deplete free headroom (1230M) (margin of error = 1.86)
[1.270s][info   ][gc,ergo     ] Free headroom: 1333M (free) - 102M (spike) - 0B (penalties) = 1230M
[1.270s][info   ][gc,ergo     ] Free: 1333M, Max: 1024K regular, 1086M humongous, Frag: 19% external, 0% internal; Reserve: 103M, Max: 1024K
[1.270s][info   ][gc,start    ] GC(16) Concurrent reset
[1.270s][info   ][gc,task     ] GC(16) Using 1 of 2 workers for concurrent reset
[1.270s][info   ][gc,ergo     ] GC(16) Pacer for Reset. Non-Taxable: 2048M
[1.271s][info   ][gc          ] GC(16) Concurrent reset 1.505ms
[1.272s][info   ][gc,start    ] GC(16) Pause Init Mark (unload classes)
[1.272s][info   ][gc,task     ] GC(16) Using 2 of 2 workers for init marking
[1.272s][info   ][gc,ergo     ] GC(16) Pacer for Mark. Expected Live: 45606K, Free: 1317M, Non-Taxable: 131M, Alloc Tax Rate: 0.0x
[1.272s][info   ][gc          ] GC(16) Pause Init Mark (unload classes) 0.086ms
[1.272s][info   ][gc,start    ] GC(16) Concurrent marking roots
[1.272s][info   ][gc,task     ] GC(16) Using 1 of 2 workers for concurrent marking roots
[1.272s][info   ][gc          ] GC(16) Concurrent marking roots 0.494ms
[1.272s][info   ][gc,start    ] GC(16) Concurrent marking (unload classes)
[1.272s][info   ][gc,task     ] GC(16) Using 1 of 2 workers for concurrent marking
[1.298s][info   ][gc          ] GC(16) Concurrent marking (unload classes) 25.388ms
[1.298s][info   ][gc,start    ] GC(16) Pause Final Mark (unload classes)
[1.298s][info   ][gc,task     ] GC(16) Using 2 of 2 workers for final marking
[1.299s][info   ][gc,ergo     ] GC(16) Collectable Garbage: 253M (97%), Immediate: 253M (97%), CSet: 0B (0%)
[1.299s][info   ][gc          ] GC(16) Pause Final Mark (unload classes) 0.224ms
[1.299s][info   ][gc,start    ] GC(16) Concurrent weak references
[1.299s][info   ][gc,task     ] GC(16) Using 1 of 2 workers for concurrent weak references
[1.299s][info   ][gc,ref      ] GC(16) Encountered references: Soft: 11, Weak: 37, Final: 0, Phantom: 5
[1.299s][info   ][gc,ref      ] GC(16) Discovered  references: Soft: 0, Weak: 11, Final: 0, Phantom: 5
[1.299s][info   ][gc,ref      ] GC(16) Enqueued    references: Soft: 0, Weak: 0, Final: 0, Phantom: 0
[1.299s][info   ][gc          ] GC(16) Concurrent weak references 0.122ms
[1.299s][info   ][gc,start    ] GC(16) Concurrent weak roots
[1.299s][info   ][gc,task     ] GC(16) Using 1 of 2 workers for concurrent weak root
[1.303s][info   ][gc          ] GC(16) Concurrent weak roots 3.957ms
[1.303s][info   ][gc,start    ] GC(16) Concurrent cleanup
[1.308s][info   ][gc          ] GC(16) Concurrent cleanup 537M->315M(2048M) 5.095ms
[1.308s][info   ][gc,ergo     ] GC(16) Free: 1315M, Max: 1024K regular, 826M humongous, Frag: 38% external, 0% internal; Reserve: 103M, Max: 1024K
[1.308s][info   ][gc,start    ] GC(16) Concurrent class unloading
[1.308s][info   ][gc,task     ] GC(16) Using 1 of 2 workers for concurrent class unloading
[1.313s][info   ][gc          ] GC(16) Concurrent class unloading 4.865ms
[1.314s][info   ][gc,start    ] GC(16) Pause Final Roots
[1.314s][info   ][gc          ] GC(16) Pause Final Roots 0.020ms
[1.314s][info   ][gc,ergo     ] Free: 1227M, Max: 1024K regular, 826M humongous, Frag: 33% external, 0% internal; Reserve: 103M, Max: 1024K
[1.314s][info   ][gc,stats    ] 
[1.314s][info   ][gc,stats    ] All times are wall-clock times, except per-root-class counters, that are sum over
[1.314s][info   ][gc,stats    ] all workers. Dividing the <total> over the root stage time estimates parallelism.
[1.314s][info   ][gc,stats    ] 
[1.314s][info   ][gc,stats    ] Concurrent Reset                   1530 us
[1.314s][info   ][gc,stats    ] Pause Init Mark (G)                 419 us
[1.314s][info   ][gc,stats    ] Pause Init Mark (N)                  93 us
[1.314s][info   ][gc,stats    ]   Update Region States               41 us
[1.314s][info   ][gc,stats    ] Concurrent Mark Roots               532 us, parallelism: 0.53x
[1.314s][info   ][gc,stats    ]   CMR: <total>                      280 us
[1.314s][info   ][gc,stats    ]   CMR: Thread Roots                 236 us, workers (us): 236, ---, 
[1.314s][info   ][gc,stats    ]   CMR: VM Strong Roots                8 us, workers (us):   8, ---, 
[1.314s][info   ][gc,stats    ]   CMR: CLDG Roots                    36 us, workers (us):  36, ---, 
[1.314s][info   ][gc,stats    ] Concurrent Marking                25526 us
[1.314s][info   ][gc,stats    ] Pause Final Mark (G)                796 us
[1.314s][info   ][gc,stats    ] Pause Final Mark (N)                232 us
[1.314s][info   ][gc,stats    ]   Finish Mark                        60 us
[1.314s][info   ][gc,stats    ]   Update Region States               44 us
[1.314s][info   ][gc,stats    ]   Choose Collection Set              71 us
[1.314s][info   ][gc,stats    ]   Rebuild Free Set                    8 us
[1.314s][info   ][gc,stats    ] Concurrent Weak References          129 us, parallelism: 0.07x
[1.314s][info   ][gc,stats    ]   CWRF: <total>                       9 us
[1.314s][info   ][gc,stats    ]   CWRF: Weak References               9 us, workers (us):   9, ---, 
[1.314s][info   ][gc,stats    ] Concurrent Weak Roots              4015 us
[1.314s][info   ][gc,stats    ]   Roots                             130 us, parallelism: 0.79x
[1.314s][info   ][gc,stats    ]     CWR: <total>                    103 us
[1.314s][info   ][gc,stats    ]     CWR: Code Cache Roots            54 us, workers (us):  54, ---, 
[1.314s][info   ][gc,stats    ]     CWR: VM Weak Roots               45 us, workers (us):  45, ---, 
[1.314s][info   ][gc,stats    ]     CWR: CLDG Roots                   4 us, workers (us):   4, ---, 
[1.314s][info   ][gc,stats    ]   Rendezvous                       3810 us
[1.314s][info   ][gc,stats    ] Concurrent Cleanup                 5402 us
[1.314s][info   ][gc,stats    ] Concurrent Class Unloading         5023 us
[1.314s][info   ][gc,stats    ]   Unlink Stale                     2987 us
[1.314s][info   ][gc,stats    ]     System Dictionary                21 us
[1.314s][info   ][gc,stats    ]     Weak Class Links                  2 us
[1.314s][info   ][gc,stats    ]     Code Roots                     2954 us
[1.314s][info   ][gc,stats    ]   Rendezvous                       1690 us
[1.314s][info   ][gc,stats    ]   Purge Unlinked                     80 us
[1.314s][info   ][gc,stats    ]     Code Roots                       53 us
[1.314s][info   ][gc,stats    ]     CLDG                             22 us
[1.314s][info   ][gc,stats    ]     Exception Caches                  1 us
[1.314s][info   ][gc,stats    ] Pause Final Roots (G)               540 us
[1.314s][info   ][gc,stats    ] Pause Final Roots (N)                27 us
[1.314s][info   ][gc,stats    ] Pacing                            45497 us
[1.314s][info   ][gc,stats    ] 
[1.314s][info   ][gc,stats    ] Allocation pacing accrued:
[1.314s][info   ][gc,stats    ]       6 of    46 ms ( 13.6%): Thread-0
[1.314s][info   ][gc,stats    ]       6 of    46 ms ( 13.8%): Thread-1
[1.314s][info   ][gc,stats    ]       6 of    46 ms ( 13.2%): Thread-2
[1.314s][info   ][gc,stats    ]      11 of    46 ms ( 23.8%): Thread-3
[1.314s][info   ][gc,stats    ]       7 of    46 ms ( 15.3%): Thread-4
[1.314s][info   ][gc,stats    ]       9 of    46 ms ( 19.3%): Thread-6
[1.314s][info   ][gc,stats    ]      45 of    46 ms ( 99.0%): <total>
[1.314s][info   ][gc,stats    ]       2 of    46 ms (  5.2%): <average total>
[1.314s][info   ][gc,stats    ]       8 of    46 ms ( 16.5%): <average non-zero>
[1.314s][info   ][gc,stats    ] 
[1.315s][info   ][gc,metaspace] Metaspace: 211K(448K)->211K(448K) NonClass: 202K(320K)->202K(320K) Class: 9K(128K)->9K(128K)
[1.315s][info   ][gc,ergo     ] Pacer for Idle. Initial: 41943K, Alloc Tax Rate: 1.0x
[1.317s][info   ][gc          ] Trigger: Average GC time (73.76 ms) is above the time for average allocation rate (14781 MB/s) to deplete free headroom (1072M) (margin of error = 1.86)
[1.317s][info   ][gc,ergo     ] Free headroom: 1175M (free) - 102M (spike) - 0B (penalties) = 1072M
[1.318s][info   ][gc,ergo     ] Free: 1175M, Max: 1024K regular, 826M humongous, Frag: 30% external, 0% internal; Reserve: 103M, Max: 1024K
[1.318s][info   ][gc,start    ] GC(17) Concurrent reset
[1.318s][info   ][gc,task     ] GC(17) Using 1 of 2 workers for concurrent reset
[1.318s][info   ][gc,ergo     ] GC(17) Pacer for Reset. Non-Taxable: 2048M
[1.323s][info   ][gc          ] GC(17) Concurrent reset 4.957ms
[1.325s][info   ][gc,start    ] GC(17) Pause Init Mark (unload classes)
[1.325s][info   ][gc,task     ] GC(17) Using 2 of 2 workers for init marking
[1.326s][info   ][gc,ergo     ] GC(17) Pacer for Mark. Expected Live: 41919K, Free: 1069M, Non-Taxable: 106M, Alloc Tax Rate: 0.0x
[1.326s][info   ][gc          ] GC(17) Pause Init Mark (unload classes) 0.131ms
[1.326s][info   ][gc,start    ] GC(17) Concurrent marking roots
[1.326s][info   ][gc,task     ] GC(17) Using 1 of 2 workers for concurrent marking roots
[1.331s][info   ][gc          ] GC(17) Concurrent marking roots 5.451ms
[1.331s][info   ][gc,start    ] GC(17) Concurrent marking (unload classes)
[1.331s][info   ][gc,task     ] GC(17) Using 1 of 2 workers for concurrent marking
[1.348s][info   ][gc          ] GC(17) Concurrent marking (unload classes) 16.608ms
[1.349s][info   ][gc,start    ] GC(17) Pause Final Mark (unload classes)
[1.349s][info   ][gc,task     ] GC(17) Using 2 of 2 workers for final marking
[1.350s][info   ][gc,ergo     ] GC(17) Collectable Garbage: 369M (98%), Immediate: 369M (98%), CSet: 0B (0%)
[1.350s][info   ][gc          ] GC(17) Pause Final Mark (unload classes) 1.338ms
[1.355s][info   ][gc,start    ] GC(17) Concurrent weak references
[1.356s][info   ][gc,task     ] GC(17) Using 1 of 2 workers for concurrent weak references
[1.356s][info   ][gc,ref      ] GC(17) Encountered references: Soft: 11, Weak: 37, Final: 0, Phantom: 5
[1.356s][info   ][gc,ref      ] GC(17) Discovered  references: Soft: 0, Weak: 11, Final: 0, Phantom: 5
[1.356s][info   ][gc,ref      ] GC(17) Enqueued    references: Soft: 0, Weak: 0, Final: 0, Phantom: 0
[1.356s][info   ][gc          ] GC(17) Concurrent weak references 0.253ms
[1.356s][info   ][gc,start    ] GC(17) Concurrent weak roots
[1.356s][info   ][gc,task     ] GC(17) Using 1 of 2 workers for concurrent weak root
[1.360s][info   ][gc          ] GC(17) Concurrent weak roots 4.486ms
[1.360s][info   ][gc,start    ] GC(17) Concurrent cleanup
[1.361s][info   ][gc          ] GC(17) Concurrent cleanup 681M->316M(2048M) 0.554ms
[1.361s][info   ][gc,ergo     ] GC(17) Free: 1317M, Max: 1024K regular, 586M humongous, Frag: 56% external, 0% internal; Reserve: 103M, Max: 1024K
[1.361s][info   ][gc,start    ] GC(17) Concurrent class unloading
[1.361s][info   ][gc,task     ] GC(17) Using 1 of 2 workers for concurrent class unloading
[1.365s][info   ][gc          ] GC(17) Concurrent class unloading 4.322ms
[1.366s][info   ][gc,start    ] GC(17) Pause Final Roots
[1.366s][info   ][gc          ] GC(17) Pause Final Roots 0.048ms
[1.366s][info   ][gc,ergo     ] Free: 1259M, Max: 1024K regular, 586M humongous, Frag: 54% external, 0% internal; Reserve: 103M, Max: 1024K
[1.366s][info   ][gc,stats    ] 
[1.366s][info   ][gc,stats    ] All times are wall-clock times, except per-root-class counters, that are sum over
[1.366s][info   ][gc,stats    ] all workers. Dividing the <total> over the root stage time estimates parallelism.
[1.366s][info   ][gc,stats    ] 
[1.366s][info   ][gc,stats    ] Concurrent Reset                   5118 us
[1.366s][info   ][gc,stats    ] Pause Init Mark (G)                2973 us
[1.366s][info   ][gc,stats    ] Pause Init Mark (N)                 139 us
[1.366s][info   ][gc,stats    ]   Update Region States               59 us
[1.366s][info   ][gc,stats    ] Concurrent Mark Roots              5603 us, parallelism: 0.96x
[1.366s][info   ][gc,stats    ]   CMR: <total>                     5361 us
[1.366s][info   ][gc,stats    ]   CMR: Thread Roots                5320 us, workers (us): 5320, ---, 
[1.366s][info   ][gc,stats    ]   CMR: VM Strong Roots                6 us, workers (us):   6, ---, 
[1.366s][info   ][gc,stats    ]   CMR: CLDG Roots                    35 us, workers (us):  35, ---, 
[1.366s][info   ][gc,stats    ] Concurrent Marking                16860 us
[1.366s][info   ][gc,stats    ] Pause Final Mark (G)               7233 us
[1.366s][info   ][gc,stats    ] Pause Final Mark (N)               1370 us
[1.366s][info   ][gc,stats    ]   Finish Mark                      1141 us
[1.366s][info   ][gc,stats    ]   Update Region States               34 us
[1.366s][info   ][gc,stats    ]   Choose Collection Set              86 us
[1.366s][info   ][gc,stats    ]   Rebuild Free Set                    9 us
[1.366s][info   ][gc,stats    ] Concurrent Weak References          267 us, parallelism: 0.07x
[1.366s][info   ][gc,stats    ]   CWRF: <total>                      18 us
[1.366s][info   ][gc,stats    ]   CWRF: Weak References              18 us, workers (us):  18, ---, 
[1.366s][info   ][gc,stats    ] Concurrent Weak Roots              4602 us
[1.366s][info   ][gc,stats    ]   Roots                             264 us, parallelism: 0.84x
[1.366s][info   ][gc,stats    ]     CWR: <total>                    222 us
[1.366s][info   ][gc,stats    ]     CWR: Code Cache Roots           147 us, workers (us): 147, ---, 
[1.366s][info   ][gc,stats    ]     CWR: VM Weak Roots               69 us, workers (us):  69, ---, 
[1.366s][info   ][gc,stats    ]     CWR: CLDG Roots                   5 us, workers (us):   5, ---, 
[1.366s][info   ][gc,stats    ]   Rendezvous                       4200 us
[1.366s][info   ][gc,stats    ] Concurrent Cleanup                  572 us
[1.366s][info   ][gc,stats    ] Concurrent Class Unloading         4428 us
[1.366s][info   ][gc,stats    ]   Unlink Stale                      350 us
[1.366s][info   ][gc,stats    ]     System Dictionary                11 us
[1.366s][info   ][gc,stats    ]     Weak Class Links                  1 us
[1.366s][info   ][gc,stats    ]     Code Roots                      333 us
[1.366s][info   ][gc,stats    ]   Rendezvous                       3781 us
[1.366s][info   ][gc,stats    ]   Purge Unlinked                    162 us
[1.366s][info   ][gc,stats    ]     Code Roots                      145 us
[1.366s][info   ][gc,stats    ]     CLDG                             13 us
[1.366s][info   ][gc,stats    ]     Exception Caches                  1 us
[1.366s][info   ][gc,stats    ] Pause Final Roots (G)               344 us
[1.366s][info   ][gc,stats    ] Pause Final Roots (N)                58 us
[1.366s][info   ][gc,stats    ] Pacing                             1702 us
[1.366s][info   ][gc,stats    ] 
[1.366s][info   ][gc,stats    ] Allocation pacing accrued:
[1.366s][info   ][gc,stats    ]       2 of    52 ms (  3.3%): Thread-6
[1.366s][info   ][gc,stats    ]       2 of    52 ms (  3.3%): <total>
[1.366s][info   ][gc,stats    ]       0 of    52 ms (  0.2%): <average total>
[1.366s][info   ][gc,stats    ]       2 of    52 ms (  3.3%): <average non-zero>
[1.366s][info   ][gc,stats    ] 
[1.366s][info   ][gc,metaspace] Metaspace: 211K(448K)->211K(448K) NonClass: 202K(320K)->202K(320K) Class: 9K(128K)->9K(128K)
[1.366s][info   ][gc,ergo     ] Pacer for Idle. Initial: 41943K, Alloc Tax Rate: 1.0x
[1.378s][info   ][gc          ] Trigger: Average GC time (65.95 ms) is above the time for average allocation rate (14781 MB/s) to deplete free headroom (968M) (margin of error = 1.86)
[1.378s][info   ][gc,ergo     ] Free headroom: 1071M (free) - 102M (spike) - 0B (penalties) = 968M
[1.378s][info   ][gc,ergo     ] Free: 1071M, Max: 1024K regular, 586M humongous, Frag: 46% external, 0% internal; Reserve: 103M, Max: 1024K
[1.378s][info   ][gc,start    ] GC(18) Concurrent reset
[1.378s][info   ][gc,task     ] GC(18) Using 1 of 2 workers for concurrent reset
[1.378s][info   ][gc,ergo     ] GC(18) Pacer for Reset. Non-Taxable: 2048M
[1.389s][info   ][gc          ] GC(18) Concurrent reset 10.465ms
[1.393s][info   ][gc,start    ] GC(18) Pause Init Mark (unload classes)
[1.393s][info   ][gc,task     ] GC(18) Using 2 of 2 workers for init marking
[1.393s][info   ][gc,ergo     ] GC(18) Pacer for Mark. Expected Live: 48883K, Free: 891M, Non-Taxable: 91253K, Alloc Tax Rate: 0.1x
[1.393s][info   ][gc          ] GC(18) Pause Init Mark (unload classes) 0.172ms
[1.393s][info   ][gc,start    ] GC(18) Concurrent marking roots
[1.393s][info   ][gc,task     ] GC(18) Using 1 of 2 workers for concurrent marking roots
[1.399s][info   ][gc          ] GC(18) Concurrent marking roots 5.926ms
[1.399s][info   ][gc,start    ] GC(18) Concurrent marking (unload classes)
[1.399s][info   ][gc,task     ] GC(18) Using 1 of 2 workers for concurrent marking
[1.400s][info   ][gc          ] GC(18) Concurrent marking (unload classes) 1.543ms
[1.401s][info   ][gc,start    ] GC(18) Pause Final Mark (unload classes)
[1.401s][info   ][gc,task     ] GC(18) Using 2 of 2 workers for final marking
[1.401s][info   ][gc,ergo     ] GC(18) Collectable Garbage: 479M (98%), Immediate: 479M (98%), CSet: 0B (0%)
[1.401s][info   ][gc          ] GC(18) Pause Final Mark (unload classes) 0.180ms
[1.401s][info   ][gc,start    ] GC(18) Concurrent weak references
[1.401s][info   ][gc,task     ] GC(18) Using 1 of 2 workers for concurrent weak references
[1.401s][info   ][gc,ref      ] GC(18) Encountered references: Soft: 11, Weak: 37, Final: 0, Phantom: 5
[1.401s][info   ][gc,ref      ] GC(18) Discovered  references: Soft: 0, Weak: 11, Final: 0, Phantom: 5
[1.401s][info   ][gc,ref      ] GC(18) Enqueued    references: Soft: 0, Weak: 0, Final: 0, Phantom: 0
[1.401s][info   ][gc          ] GC(18) Concurrent weak references 0.141ms
[1.401s][info   ][gc,start    ] GC(18) Concurrent weak roots
[1.401s][info   ][gc,task     ] GC(18) Using 1 of 2 workers for concurrent weak root
[1.401s][info   ][gc          ] GC(18) Concurrent weak roots 0.159ms
[1.401s][info   ][gc,start    ] GC(18) Concurrent cleanup
[1.402s][info   ][gc          ] GC(18) Concurrent cleanup 574M->98M(2048M) 0.503ms
[1.402s][info   ][gc,ergo     ] GC(18) Free: 1753M, Max: 1024K regular, 954M humongous, Frag: 46% external, 0% internal; Reserve: 103M, Max: 1024K
[1.402s][info   ][gc,start    ] GC(18) Concurrent class unloading
[1.402s][info   ][gc,task     ] GC(18) Using 1 of 2 workers for concurrent class unloading
[1.418s][info   ][gc          ] GC(18) Concurrent class unloading 16.245ms
[1.419s][info   ][gc,start    ] GC(18) Pause Final Roots
[1.419s][info   ][gc          ] GC(18) Pause Final Roots 0.024ms
[1.425s][info   ][gc,ergo     ] Free: 1417M, Max: 1024K regular, 954M humongous, Frag: 33% external, 0% internal; Reserve: 103M, Max: 1024K
[1.425s][info   ][gc,stats    ] 
[1.425s][info   ][gc,stats    ] All times are wall-clock times, except per-root-class counters, that are sum over
[1.425s][info   ][gc,stats    ] all workers. Dividing the <total> over the root stage time estimates parallelism.
[1.425s][info   ][gc,stats    ] 
[1.425s][info   ][gc,stats    ] Concurrent Reset                  10589 us
[1.425s][info   ][gc,stats    ] Pause Init Mark (G)                4181 us
[1.425s][info   ][gc,stats    ] Pause Init Mark (N)                 182 us
[1.425s][info   ][gc,stats    ]   Update Region States               91 us
[1.425s][info   ][gc,stats    ] Concurrent Mark Roots              6099 us, parallelism: 0.44x
[1.425s][info   ][gc,stats    ]   CMR: <total>                     2696 us
[1.425s][info   ][gc,stats    ]   CMR: Thread Roots                2661 us, workers (us): 2661, ---, 
[1.425s][info   ][gc,stats    ]   CMR: VM Strong Roots                7 us, workers (us):   7, ---, 
[1.425s][info   ][gc,stats    ]   CMR: CLDG Roots                    28 us, workers (us):  28, ---, 
[1.425s][info   ][gc,stats    ] Concurrent Marking                 1575 us
[1.425s][info   ][gc,stats    ] Pause Final Mark (G)                291 us
[1.425s][info   ][gc,stats    ] Pause Final Mark (N)                200 us
[1.425s][info   ][gc,stats    ]   Finish Mark                        52 us
[1.425s][info   ][gc,stats    ]   Update Region States               23 us
[1.425s][info   ][gc,stats    ]   Choose Collection Set              64 us
[1.425s][info   ][gc,stats    ]   Rebuild Free Set                   10 us
[1.425s][info   ][gc,stats    ] Concurrent Weak References          148 us, parallelism: 0.03x
[1.425s][info   ][gc,stats    ]   CWRF: <total>                       4 us
[1.425s][info   ][gc,stats    ]   CWRF: Weak References               4 us, workers (us):   4, ---, 
[1.425s][info   ][gc,stats    ] Concurrent Weak Roots               173 us
[1.425s][info   ][gc,stats    ]   Roots                              72 us, parallelism: 0.66x
[1.425s][info   ][gc,stats    ]     CWR: <total>                     48 us
[1.425s][info   ][gc,stats    ]     CWR: Code Cache Roots            24 us, workers (us):  24, ---, 
[1.425s][info   ][gc,stats    ]     CWR: VM Weak Roots               22 us, workers (us):  22, ---, 
[1.425s][info   ][gc,stats    ]     CWR: CLDG Roots                   2 us, workers (us):   2, ---, 
[1.425s][info   ][gc,stats    ]   Rendezvous                         71 us
[1.426s][info   ][gc,stats    ] Concurrent Cleanup                  513 us
[1.426s][info   ][gc,stats    ] Concurrent Class Unloading        16404 us
[1.426s][info   ][gc,stats    ]   Unlink Stale                     4109 us
[1.426s][info   ][gc,stats    ]     System Dictionary                 7 us
[1.426s][info   ][gc,stats    ]     Weak Class Links                  1 us
[1.426s][info   ][gc,stats    ]     Code Roots                     4097 us
[1.426s][info   ][gc,stats    ]   Rendezvous                      12043 us
[1.426s][info   ][gc,stats    ]   Purge Unlinked                     67 us
[1.426s][info   ][gc,stats    ]     Code Roots                       55 us
[1.426s][info   ][gc,stats    ]     CLDG                              8 us
[1.426s][info   ][gc,stats    ]     Exception Caches                  1 us
[1.426s][info   ][gc,stats    ] Pause Final Roots (G)              6626 us
[1.426s][info   ][gc,stats    ] Pause Final Roots (N)                32 us
[1.426s][info   ][gc,stats    ] Pacing                            35656 us
[1.426s][info   ][gc,stats    ] 
[1.426s][info   ][gc,stats    ] Allocation pacing accrued:
[1.426s][info   ][gc,stats    ]       3 of    60 ms (  4.4%): Thread-0
[1.426s][info   ][gc,stats    ]       5 of    60 ms (  8.3%): Thread-1
[1.426s][info   ][gc,stats    ]       3 of    60 ms (  4.7%): Thread-2
[1.426s][info   ][gc,stats    ]       8 of    60 ms ( 13.6%): Thread-3
[1.426s][info   ][gc,stats    ]       3 of    60 ms (  4.7%): Thread-4
[1.426s][info   ][gc,stats    ]       6 of    60 ms (  9.3%): Thread-5
[1.426s][info   ][gc,stats    ]       5 of    60 ms (  9.0%): Thread-6
[1.426s][info   ][gc,stats    ]       4 of    60 ms (  5.9%): Thread-7
[1.426s][info   ][gc,stats    ]      36 of    60 ms ( 59.9%): <total>
[1.426s][info   ][gc,stats    ]       2 of    60 ms (  3.2%): <average total>
[1.426s][info   ][gc,stats    ]       4 of    60 ms (  7.5%): <average non-zero>
[1.426s][info   ][gc,stats    ] 
[1.426s][info   ][gc,metaspace] Metaspace: 211K(448K)->211K(448K) NonClass: 202K(320K)->202K(320K) Class: 9K(128K)->9K(128K)
[1.426s][info   ][gc,ergo     ] Pacer for Idle. Initial: 41943K, Alloc Tax Rate: 1.0x
[1.455s][info   ][gc          ] Trigger: Average GC time (59.95 ms) is above the time for average allocation rate (14762 MB/s) to deplete free headroom (876M) (margin of error = 1.85)
[1.455s][info   ][gc,ergo     ] Free headroom: 979M (free) - 102M (spike) - 0B (penalties) = 876M
[1.455s][info   ][gc,ergo     ] Free: 977M, Max: 1024K regular, 954M humongous, Frag: 3% external, 0% internal; Reserve: 103M, Max: 1024K
[1.455s][info   ][gc,start    ] GC(19) Concurrent reset
[1.455s][info   ][gc,task     ] GC(19) Using 1 of 2 workers for concurrent reset
[1.455s][info   ][gc,ergo     ] GC(19) Pacer for Reset. Non-Taxable: 2048M
[1.458s][info   ][gc          ] GC(19) Concurrent reset 2.671ms
[1.460s][info   ][gc,start    ] GC(19) Pause Init Mark (unload classes)
[1.460s][info   ][gc,task     ] GC(19) Using 2 of 2 workers for init marking
[1.460s][info   ][gc,ergo     ] GC(19) Pacer for Mark. Expected Live: 50931K, Free: 945M, Non-Taxable: 96783K, Alloc Tax Rate: 0.1x
[1.460s][info   ][gc          ] GC(19) Pause Init Mark (unload classes) 0.254ms
[1.466s][info   ][gc,start    ] GC(19) Concurrent marking roots
[1.466s][info   ][gc,task     ] GC(19) Using 1 of 2 workers for concurrent marking roots
[1.466s][info   ][gc          ] GC(19) Concurrent marking roots 0.523ms
[1.466s][info   ][gc,start    ] GC(19) Concurrent marking (unload classes)
[1.466s][info   ][gc,task     ] GC(19) Using 1 of 2 workers for concurrent marking
[1.468s][info   ][gc          ] GC(19) Concurrent marking (unload classes) 1.816ms
[1.468s][info   ][gc,start    ] GC(19) Pause Final Mark (unload classes)
[1.468s][info   ][gc,task     ] GC(19) Using 2 of 2 workers for final marking
[1.469s][info   ][gc,ergo     ] GC(19) Collectable Garbage: 439M (98%), Immediate: 439M (98%), CSet: 0B (0%)
[1.469s][info   ][gc          ] GC(19) Pause Final Mark (unload classes) 0.513ms
[1.469s][info   ][gc,start    ] GC(19) Concurrent weak references
[1.469s][info   ][gc,task     ] GC(19) Using 1 of 2 workers for concurrent weak references
[1.469s][info   ][gc,ref      ] GC(19) Encountered references: Soft: 11, Weak: 37, Final: 0, Phantom: 5
[1.469s][info   ][gc,ref      ] GC(19) Discovered  references: Soft: 0, Weak: 11, Final: 0, Phantom: 5
[1.469s][info   ][gc,ref      ] GC(19) Enqueued    references: Soft: 0, Weak: 0, Final: 0, Phantom: 0
[1.469s][info   ][gc          ] GC(19) Concurrent weak references 0.122ms
[1.469s][info   ][gc,start    ] GC(19) Concurrent weak roots
[1.469s][info   ][gc,task     ] GC(19) Using 1 of 2 workers for concurrent weak root
[1.469s][info   ][gc          ] GC(19) Concurrent weak roots 0.210ms
[1.469s][info   ][gc,start    ] GC(19) Concurrent cleanup
[1.470s][info   ][gc          ] GC(19) Concurrent cleanup 549M->110M(2048M) 0.484ms
[1.470s][info   ][gc,ergo     ] GC(19) Free: 1729M, Max: 1024K regular, 850M humongous, Frag: 51% external, 0% internal; Reserve: 103M, Max: 1024K
[1.470s][info   ][gc,start    ] GC(19) Concurrent class unloading
[1.470s][info   ][gc,task     ] GC(19) Using 1 of 2 workers for concurrent class unloading
[1.470s][info   ][gc          ] GC(19) Concurrent class unloading 0.335ms
[1.470s][info   ][gc,start    ] GC(19) Pause Final Roots
[1.470s][info   ][gc          ] GC(19) Pause Final Roots 0.018ms
[1.470s][info   ][gc,ergo     ] Free: 1729M, Max: 1024K regular, 850M humongous, Frag: 51% external, 0% internal; Reserve: 103M, Max: 1024K
[1.470s][info   ][gc,stats    ] 
[1.470s][info   ][gc,stats    ] All times are wall-clock times, except per-root-class counters, that are sum over
[1.470s][info   ][gc,stats    ] all workers. Dividing the <total> over the root stage time estimates parallelism.
[1.470s][info   ][gc,stats    ] 
[1.470s][info   ][gc,stats    ] Concurrent Reset                   2804 us
[1.470s][info   ][gc,stats    ] Pause Init Mark (G)                7428 us
[1.470s][info   ][gc,stats    ] Pause Init Mark (N)                 263 us
[1.470s][info   ][gc,stats    ]   Update Region States              165 us
[1.470s][info   ][gc,stats    ] Concurrent Mark Roots               543 us, parallelism: 0.28x
[1.470s][info   ][gc,stats    ]   CMR: <total>                      150 us
[1.470s][info   ][gc,stats    ]   CMR: Thread Roots                 112 us, workers (us): 112, ---, 
[1.470s][info   ][gc,stats    ]   CMR: VM Strong Roots                7 us, workers (us):   7, ---, 
[1.470s][info   ][gc,stats    ]   CMR: CLDG Roots                    30 us, workers (us):  30, ---, 
[1.470s][info   ][gc,stats    ] Concurrent Marking                 1835 us
[1.470s][info   ][gc,stats    ] Pause Final Mark (G)                605 us
[1.470s][info   ][gc,stats    ] Pause Final Mark (N)                522 us
[1.470s][info   ][gc,stats    ]   Finish Mark                       309 us
[1.470s][info   ][gc,stats    ]   Update Region States               77 us
[1.470s][info   ][gc,stats    ]   Choose Collection Set              82 us
[1.470s][info   ][gc,stats    ]   Rebuild Free Set                    9 us
[1.470s][info   ][gc,stats    ] Concurrent Weak References          129 us, parallelism: 0.02x
[1.470s][info   ][gc,stats    ]   CWRF: <total>                       3 us
[1.470s][info   ][gc,stats    ]   CWRF: Weak References               3 us, workers (us):   3, ---, 
[1.470s][info   ][gc,stats    ] Concurrent Weak Roots               220 us
[1.470s][info   ][gc,stats    ]   Roots                             109 us, parallelism: 0.43x
[1.470s][info   ][gc,stats    ]     CWR: <total>                     46 us
[1.470s][info   ][gc,stats    ]     CWR: Code Cache Roots            24 us, workers (us):  24, ---, 
[1.470s][info   ][gc,stats    ]     CWR: VM Weak Roots               20 us, workers (us):  20, ---, 
[1.470s][info   ][gc,stats    ]     CWR: CLDG Roots                   2 us, workers (us):   2, ---, 
[1.470s][info   ][gc,stats    ]   Rendezvous                         85 us
[1.470s][info   ][gc,stats    ] Concurrent Cleanup                  497 us
[1.470s][info   ][gc,stats    ] Concurrent Class Unloading          346 us
[1.470s][info   ][gc,stats    ]   Unlink Stale                      161 us
[1.470s][info   ][gc,stats    ]     System Dictionary                 4 us
[1.470s][info   ][gc,stats    ]     Weak Class Links                  1 us
[1.470s][info   ][gc,stats    ]     Code Roots                      154 us
[1.470s][info   ][gc,stats    ]   Rendezvous                         76 us
[1.470s][info   ][gc,stats    ]   Purge Unlinked                     82 us
[1.470s][info   ][gc,stats    ]     Code Roots                       76 us
[1.470s][info   ][gc,stats    ]     CLDG                              4 us
[1.470s][info   ][gc,stats    ]     Exception Caches                  1 us
[1.470s][info   ][gc,stats    ] Pause Final Roots (G)               121 us
[1.470s][info   ][gc,stats    ] Pause Final Roots (N)                41 us
[1.470s][info   ][gc,stats    ] 
[1.470s][info   ][gc,stats    ] Allocation pacing accrued:
[1.470s][info   ][gc,stats    ]       0 of    45 ms (  0.0%): <total>
[1.470s][info   ][gc,stats    ]       0 of    45 ms (  0.0%): <average total>
[1.470s][info   ][gc,stats    ] 
[1.470s][info   ][gc,metaspace] Metaspace: 211K(448K)->211K(448K) NonClass: 202K(320K)->202K(320K) Class: 9K(128K)->9K(128K)
[1.470s][info   ][gc,ergo     ] Pacer for Idle. Initial: 41943K, Alloc Tax Rate: 1.0x
[1.518s][info   ][gc          ] Trigger: Average GC time (62.75 ms) is above the time for average allocation rate (14722 MB/s) to deplete free headroom (914M) (margin of error = 1.82)
[1.518s][info   ][gc,ergo     ] Free headroom: 1017M (free) - 102M (spike) - 0B (penalties) = 914M
[1.518s][info   ][gc,ergo     ] Free: 1015M, Max: 1024K regular, 850M humongous, Frag: 17% external, 0% internal; Reserve: 103M, Max: 1024K
[1.519s][info   ][gc,start    ] GC(20) Concurrent reset
[1.519s][info   ][gc,task     ] GC(20) Using 1 of 2 workers for concurrent reset
[1.519s][info   ][gc,ergo     ] GC(20) Pacer for Reset. Non-Taxable: 2048M
[1.534s][info   ][gc          ] GC(20) Concurrent reset 15.668ms
[1.539s][info   ][gc,start    ] GC(20) Pause Init Mark (unload classes)
[1.539s][info   ][gc,task     ] GC(20) Using 2 of 2 workers for init marking
[1.539s][info   ][gc,ergo     ] GC(20) Pacer for Mark. Expected Live: 52774K, Free: 729M, Non-Taxable: 74664K, Alloc Tax Rate: 0.1x
[1.539s][info   ][gc          ] GC(20) Pause Init Mark (unload classes) 0.227ms
[1.544s][info   ][gc,start    ] GC(20) Concurrent marking roots
[1.544s][info   ][gc,task     ] GC(20) Using 1 of 2 workers for concurrent marking roots
[1.544s][info   ][gc          ] GC(20) Concurrent marking roots 0.404ms
[1.544s][info   ][gc,start    ] GC(20) Concurrent marking (unload classes)
[1.544s][info   ][gc,task     ] GC(20) Using 1 of 2 workers for concurrent marking
[1.546s][info   ][gc          ] GC(20) Concurrent marking (unload classes) 1.749ms
[1.546s][info   ][gc,start    ] GC(20) Pause Final Mark (unload classes)
[1.546s][info   ][gc,task     ] GC(20) Using 2 of 2 workers for final marking
[1.546s][info   ][gc,ergo     ] GC(20) Collectable Garbage: 528M (99%), Immediate: 528M (99%), CSet: 0B (0%)
[1.546s][info   ][gc          ] GC(20) Pause Final Mark (unload classes) 0.561ms
[1.547s][info   ][gc,start    ] GC(20) Concurrent weak references
[1.547s][info   ][gc,task     ] GC(20) Using 1 of 2 workers for concurrent weak references
[1.547s][info   ][gc,ref      ] GC(20) Encountered references: Soft: 11, Weak: 37, Final: 0, Phantom: 5
[1.547s][info   ][gc,ref      ] GC(20) Discovered  references: Soft: 0, Weak: 11, Final: 0, Phantom: 5
[1.547s][info   ][gc,ref      ] GC(20) Enqueued    references: Soft: 0, Weak: 0, Final: 0, Phantom: 0
[1.547s][info   ][gc          ] GC(20) Concurrent weak references 0.121ms
[1.547s][info   ][gc,start    ] GC(20) Concurrent weak roots
[1.547s][info   ][gc,task     ] GC(20) Using 1 of 2 workers for concurrent weak root
[1.547s][info   ][gc          ] GC(20) Concurrent weak roots 0.192ms
[1.547s][info   ][gc,start    ] GC(20) Concurrent cleanup
[1.547s][info   ][gc          ] GC(20) Concurrent cleanup 646M->118M(2048M) 0.548ms
[1.547s][info   ][gc,ergo     ] GC(20) Free: 1713M, Max: 1024K regular, 656M humongous, Frag: 62% external, 0% internal; Reserve: 103M, Max: 1024K
[1.547s][info   ][gc,start    ] GC(20) Concurrent class unloading
[1.547s][info   ][gc,task     ] GC(20) Using 1 of 2 workers for concurrent class unloading
[1.548s][info   ][gc          ] GC(20) Concurrent class unloading 0.340ms
[1.548s][info   ][gc,start    ] GC(20) Pause Final Roots
[1.548s][info   ][gc          ] GC(20) Pause Final Roots 0.028ms
[1.548s][info   ][gc,ergo     ] Free: 1713M, Max: 1024K regular, 656M humongous, Frag: 62% external, 0% internal; Reserve: 103M, Max: 1024K
[1.548s][info   ][gc,stats    ] 
[1.548s][info   ][gc,stats    ] All times are wall-clock times, except per-root-class counters, that are sum over
[1.548s][info   ][gc,stats    ] all workers. Dividing the <total> over the root stage time estimates parallelism.
[1.548s][info   ][gc,stats    ] 
[1.548s][info   ][gc,stats    ] Concurrent Reset                  15841 us
[1.548s][info   ][gc,stats    ] Pause Init Mark (G)                9263 us
[1.548s][info   ][gc,stats    ] Pause Init Mark (N)                 238 us
[1.548s][info   ][gc,stats    ]   Update Region States              127 us
[1.548s][info   ][gc,stats    ] Concurrent Mark Roots               426 us, parallelism: 0.33x
[1.548s][info   ][gc,stats    ]   CMR: <total>                      139 us
[1.548s][info   ][gc,stats    ]   CMR: Thread Roots                 102 us, workers (us): 102, ---, 
[1.548s][info   ][gc,stats    ]   CMR: VM Strong Roots                8 us, workers (us):   8, ---, 
[1.548s][info   ][gc,stats    ]   CMR: CLDG Roots                    29 us, workers (us):  29, ---, 
[1.548s][info   ][gc,stats    ] Concurrent Marking                 1777 us
[1.548s][info   ][gc,stats    ] Pause Final Mark (G)                667 us
[1.548s][info   ][gc,stats    ] Pause Final Mark (N)                570 us
[1.548s][info   ][gc,stats    ]   Finish Mark                       368 us
[1.548s][info   ][gc,stats    ]   Update Region States               74 us
[1.548s][info   ][gc,stats    ]   Choose Collection Set              77 us
[1.548s][info   ][gc,stats    ]   Rebuild Free Set                    9 us
[1.548s][info   ][gc,stats    ] Concurrent Weak References          129 us, parallelism: 0.02x
[1.548s][info   ][gc,stats    ]   CWRF: <total>                       2 us
[1.548s][info   ][gc,stats    ]   CWRF: Weak References               2 us, workers (us):   2, ---, 
[1.548s][info   ][gc,stats    ] Concurrent Weak Roots               202 us
[1.548s][info   ][gc,stats    ]   Roots                             110 us, parallelism: 0.43x
[1.548s][info   ][gc,stats    ]     CWR: <total>                     47 us
[1.548s][info   ][gc,stats    ]     CWR: Code Cache Roots            25 us, workers (us):  25, ---, 
[1.548s][info   ][gc,stats    ]     CWR: VM Weak Roots               20 us, workers (us):  20, ---, 
[1.548s][info   ][gc,stats    ]     CWR: CLDG Roots                   2 us, workers (us):   2, ---, 
[1.548s][info   ][gc,stats    ]   Rendezvous                         67 us
[1.548s][info   ][gc,stats    ] Concurrent Cleanup                  560 us
[1.548s][info   ][gc,stats    ] Concurrent Class Unloading          358 us
[1.548s][info   ][gc,stats    ]   Unlink Stale                      167 us
[1.548s][info   ][gc,stats    ]     System Dictionary                 4 us
[1.548s][info   ][gc,stats    ]     Weak Class Links                  1 us
[1.548s][info   ][gc,stats    ]     Code Roots                      160 us
[1.548s][info   ][gc,stats    ]   Rendezvous                         77 us
[1.548s][info   ][gc,stats    ]   Purge Unlinked                     80 us
[1.548s][info   ][gc,stats    ]     Code Roots                       61 us
[1.548s][info   ][gc,stats    ]     CLDG                             15 us
[1.548s][info   ][gc,stats    ]     Exception Caches                  1 us
[1.548s][info   ][gc,stats    ] Pause Final Roots (G)               113 us
[1.548s][info   ][gc,stats    ] Pause Final Roots (N)                35 us
[1.548s][info   ][gc,stats    ] Pacing                            65022 us
[1.548s][info   ][gc,stats    ] 
[1.548s][info   ][gc,stats    ] Allocation pacing accrued:
[1.548s][info   ][gc,stats    ]      10 of    78 ms ( 12.4%): Thread-0
[1.548s][info   ][gc,stats    ]       9 of    78 ms ( 12.0%): Thread-1
[1.548s][info   ][gc,stats    ]       7 of    78 ms (  8.6%): Thread-2
[1.548s][info   ][gc,stats    ]       6 of    78 ms (  8.2%): Thread-3
[1.548s][info   ][gc,stats    ]      10 of    78 ms ( 12.6%): Thread-4
[1.548s][info   ][gc,stats    ]       6 of    78 ms (  8.3%): Thread-5
[1.548s][info   ][gc,stats    ]       7 of    78 ms (  9.1%): Thread-6
[1.548s][info   ][gc,stats    ]       9 of    78 ms ( 12.0%): Thread-7
[1.548s][info   ][gc,stats    ]      65 of    78 ms ( 83.4%): <total>
[1.548s][info   ][gc,stats    ]       3 of    78 ms (  4.4%): <average total>
[1.548s][info   ][gc,stats    ]       8 of    78 ms ( 10.4%): <average non-zero>
[1.548s][info   ][gc,stats    ] 
[1.548s][info   ][gc,metaspace] Metaspace: 211K(448K)->211K(448K) NonClass: 202K(320K)->202K(320K) Class: 9K(128K)->9K(128K)
[1.548s][info   ][gc,ergo     ] Pacer for Idle. Initial: 41943K, Alloc Tax Rate: 1.0x
[1.610s][info   ][gc          ] Trigger: Average GC time (52.47 ms) is above the time for average allocation rate (14692 MB/s) to deplete free headroom (766M) (margin of error = 1.81)
[1.610s][info   ][gc,ergo     ] Free headroom: 869M (free) - 102M (spike) - 0B (penalties) = 766M
[1.610s][info   ][gc,ergo     ] Free: 865M, Max: 1024K regular, 656M humongous, Frag: 25% external, 0% internal; Reserve: 103M, Max: 1024K
[1.610s][info   ][gc,start    ] GC(21) Concurrent reset
[1.610s][info   ][gc,task     ] GC(21) Using 1 of 2 workers for concurrent reset
[1.610s][info   ][gc,ergo     ] GC(21) Pacer for Reset. Non-Taxable: 2048M
[1.621s][info   ][gc          ] GC(21) Concurrent reset 11.464ms
[1.624s][info   ][gc,start    ] GC(21) Pause Init Mark (unload classes)
[1.625s][info   ][gc,task     ] GC(21) Using 2 of 2 workers for init marking
[1.625s][info   ][gc,ergo     ] GC(21) Pacer for Mark. Expected Live: 62809K, Free: 707M, Non-Taxable: 72411K, Alloc Tax Rate: 0.1x
[1.625s][info   ][gc          ] GC(21) Pause Init Mark (unload classes) 0.208ms
[1.625s][info   ][gc,start    ] GC(21) Concurrent marking roots
[1.625s][info   ][gc,task     ] GC(21) Using 1 of 2 workers for concurrent marking roots
[1.625s][info   ][gc          ] GC(21) Concurrent marking roots 0.523ms
[1.625s][info   ][gc,start    ] GC(21) Concurrent marking (unload classes)
[1.625s][info   ][gc,task     ] GC(21) Using 1 of 2 workers for concurrent marking
[1.631s][info   ][gc          ] GC(21) Concurrent marking (unload classes) 5.196ms
[1.631s][info   ][gc,start    ] GC(21) Pause Final Mark (unload classes)
[1.631s][info   ][gc,task     ] GC(21) Using 2 of 2 workers for final marking
[1.631s][info   ][gc,ergo     ] GC(21) Collectable Garbage: 549M (99%), Immediate: 549M (99%), CSet: 0B (0%)
[1.631s][info   ][gc          ] GC(21) Pause Final Mark (unload classes) 0.307ms
[1.631s][info   ][gc,start    ] GC(21) Concurrent weak references
[1.631s][info   ][gc,task     ] GC(21) Using 1 of 2 workers for concurrent weak references
[1.631s][info   ][gc,ref      ] GC(21) Encountered references: Soft: 11, Weak: 37, Final: 0, Phantom: 5
[1.631s][info   ][gc,ref      ] GC(21) Discovered  references: Soft: 0, Weak: 11, Final: 0, Phantom: 5
[1.631s][info   ][gc,ref      ] GC(21) Enqueued    references: Soft: 0, Weak: 0, Final: 0, Phantom: 0
[1.631s][info   ][gc          ] GC(21) Concurrent weak references 0.102ms
[1.631s][info   ][gc,start    ] GC(21) Concurrent weak roots
[1.631s][info   ][gc,task     ] GC(21) Using 1 of 2 workers for concurrent weak root
[1.638s][info   ][gc          ] GC(21) Concurrent weak roots 6.996ms
[1.638s][info   ][gc,start    ] GC(21) Concurrent cleanup
[1.639s][info   ][gc          ] GC(21) Concurrent cleanup 720M->174M(2048M) 0.888ms
[1.639s][info   ][gc,ergo     ] GC(21) Free: 1597M, Max: 1024K regular, 508M humongous, Frag: 69% external, 0% internal; Reserve: 103M, Max: 1024K
[1.639s][info   ][gc,start    ] GC(21) Concurrent class unloading
[1.639s][info   ][gc,task     ] GC(21) Using 1 of 2 workers for concurrent class unloading
[1.653s][info   ][gc          ] GC(21) Concurrent class unloading 13.652ms
[1.657s][info   ][gc,start    ] GC(21) Pause Final Roots
[1.657s][info   ][gc          ] GC(21) Pause Final Roots 0.127ms
[1.664s][info   ][gc,ergo     ] Free: 1279M, Max: 1024K regular, 508M humongous, Frag: 61% external, 0% internal; Reserve: 103M, Max: 1024K
[1.664s][info   ][gc,stats    ] 
[1.664s][info   ][gc,stats    ] All times are wall-clock times, except per-root-class counters, that are sum over
[1.664s][info   ][gc,stats    ] all workers. Dividing the <total> over the root stage time estimates parallelism.
[1.664s][info   ][gc,stats    ] 
[1.664s][info   ][gc,stats    ] Concurrent Reset                  11654 us
[1.664s][info   ][gc,stats    ] Pause Init Mark (G)                3228 us
[1.664s][info   ][gc,stats    ] Pause Init Mark (N)                 217 us
[1.664s][info   ][gc,stats    ]   Update Region States              125 us
[1.664s][info   ][gc,stats    ] Concurrent Mark Roots               553 us, parallelism: 0.74x
[1.664s][info   ][gc,stats    ]   CMR: <total>                      410 us
[1.664s][info   ][gc,stats    ]   CMR: Thread Roots                 347 us, workers (us): 347, ---, 
[1.664s][info   ][gc,stats    ]   CMR: VM Strong Roots                6 us, workers (us):   6, ---, 
[1.664s][info   ][gc,stats    ]   CMR: CLDG Roots                    57 us, workers (us):  57, ---, 
[1.664s][info   ][gc,stats    ] Concurrent Marking                 5248 us
[1.664s][info   ][gc,stats    ] Pause Final Mark (G)                394 us
[1.664s][info   ][gc,stats    ] Pause Final Mark (N)                316 us
[1.664s][info   ][gc,stats    ]   Finish Mark                        75 us
[1.664s][info   ][gc,stats    ]   Update Region States              114 us
[1.664s][info   ][gc,stats    ]   Choose Collection Set              77 us
[1.664s][info   ][gc,stats    ]   Rebuild Free Set                    9 us
[1.664s][info   ][gc,stats    ] Concurrent Weak References          109 us, parallelism: 0.02x
[1.664s][info   ][gc,stats    ]   CWRF: <total>                       2 us
[1.664s][info   ][gc,stats    ]   CWRF: Weak References               2 us, workers (us):   2, ---, 
[1.664s][info   ][gc,stats    ] Concurrent Weak Roots              7242 us
[1.664s][info   ][gc,stats    ]   Roots                             120 us, parallelism: 0.38x
[1.664s][info   ][gc,stats    ]     CWR: <total>                     45 us
[1.664s][info   ][gc,stats    ]     CWR: Code Cache Roots            23 us, workers (us):  23, ---, 
[1.664s][info   ][gc,stats    ]     CWR: VM Weak Roots               21 us, workers (us):  21, ---, 
[1.664s][info   ][gc,stats    ]     CWR: CLDG Roots                   1 us, workers (us):   1, ---, 
[1.664s][info   ][gc,stats    ]   Rendezvous                       6793 us
[1.664s][info   ][gc,stats    ] Concurrent Cleanup                  958 us
[1.664s][info   ][gc,stats    ] Concurrent Class Unloading        13854 us
[1.664s][info   ][gc,stats    ]   Unlink Stale                      738 us
[1.664s][info   ][gc,stats    ]     System Dictionary                17 us
[1.664s][info   ][gc,stats    ]     Weak Class Links                  1 us
[1.664s][info   ][gc,stats    ]     Code Roots                      713 us
[1.664s][info   ][gc,stats    ]   Rendezvous                       6507 us
[1.664s][info   ][gc,stats    ]   Purge Unlinked                   6339 us
[1.664s][info   ][gc,stats    ]     Code Roots                     6266 us
[1.664s][info   ][gc,stats    ]     CLDG                             64 us
[1.664s][info   ][gc,stats    ]     Exception Caches                  3 us
[1.664s][info   ][gc,stats    ] Pause Final Roots (G)             10263 us
[1.664s][info   ][gc,stats    ] Pause Final Roots (N)               139 us
[1.664s][info   ][gc,stats    ] Pacing                            99926 us
[1.664s][info   ][gc,stats    ] 
[1.664s][info   ][gc,stats    ] Allocation pacing accrued:
[1.664s][info   ][gc,stats    ]      18 of   116 ms ( 15.9%): Thread-0
[1.664s][info   ][gc,stats    ]      18 of   116 ms ( 15.7%): Thread-1
[1.664s][info   ][gc,stats    ]      10 of   116 ms (  8.9%): Thread-2
[1.664s][info   ][gc,stats    ]      16 of   116 ms ( 13.7%): Thread-3
[1.664s][info   ][gc,stats    ]      10 of   116 ms (  8.7%): Thread-4
[1.664s][info   ][gc,stats    ]      11 of   116 ms (  9.1%): Thread-5
[1.664s][info   ][gc,stats    ]      13 of   116 ms ( 11.5%): Thread-6
[1.664s][info   ][gc,stats    ]       3 of   116 ms (  2.6%): Thread-7
[1.664s][info   ][gc,stats    ]     100 of   116 ms ( 86.2%): <total>
[1.664s][info   ][gc,stats    ]       5 of   116 ms (  4.5%): <average total>
[1.664s][info   ][gc,stats    ]      12 of   116 ms ( 10.8%): <average non-zero>
[1.664s][info   ][gc,stats    ] 
[1.664s][info   ][gc,metaspace] Metaspace: 211K(448K)->211K(448K) NonClass: 202K(320K)->202K(320K) Class: 9K(128K)->9K(128K)
[1.664s][info   ][gc,ergo     ] Pacer for Idle. Initial: 41943K, Alloc Tax Rate: 1.0x
[1.677s][info   ][gc          ] Trigger: Average GC time (68.26 ms) is above the time for average allocation rate (14692 MB/s) to deplete free headroom (990M) (margin of error = 1.81)
[1.677s][info   ][gc,ergo     ] Free headroom: 1093M (free) - 102M (spike) - 0B (penalties) = 990M
[1.677s][info   ][gc,ergo     ] Free: 1089M, Max: 1024K regular, 508M humongous, Frag: 54% external, 0% internal; Reserve: 103M, Max: 1024K
[1.677s][info   ][gc,start    ] GC(22) Concurrent reset
[1.677s][info   ][gc,task     ] GC(22) Using 1 of 2 workers for concurrent reset
[1.677s][info   ][gc,ergo     ] GC(22) Pacer for Reset. Non-Taxable: 2048M
[1.682s][info   ][gc          ] GC(22) Concurrent reset 4.477ms
[1.682s][info   ][gc,start    ] GC(22) Pause Init Mark (unload classes)
[1.682s][info   ][gc,task     ] GC(22) Using 2 of 2 workers for init marking
[1.683s][info   ][gc,ergo     ] GC(22) Pacer for Mark. Expected Live: 64652K, Free: 1029M, Non-Taxable: 102M, Alloc Tax Rate: 0.1x
[1.683s][info   ][gc          ] GC(22) Pause Init Mark (unload classes) 0.145ms
[1.690s][info   ][gc,start    ] GC(22) Concurrent marking roots
[1.690s][info   ][gc,task     ] GC(22) Using 1 of 2 workers for concurrent marking roots
[1.691s][info   ][gc          ] GC(22) Concurrent marking roots 0.503ms
[1.691s][info   ][gc,start    ] GC(22) Concurrent marking (unload classes)
[1.691s][info   ][gc,task     ] GC(22) Using 1 of 2 workers for concurrent marking
[1.693s][info   ][gc          ] GC(22) Concurrent marking (unload classes) 1.829ms
[1.693s][info   ][gc,start    ] GC(22) Pause Final Mark (unload classes)
[1.693s][info   ][gc,task     ] GC(22) Using 2 of 2 workers for final marking
[1.694s][info   ][gc,ergo     ] GC(22) Collectable Garbage: 430M (98%), Immediate: 430M (98%), CSet: 0B (0%)
[1.694s][info   ][gc          ] GC(22) Pause Final Mark (unload classes) 0.415ms
[1.694s][info   ][gc,start    ] GC(22) Concurrent weak references
[1.694s][info   ][gc,task     ] GC(22) Using 1 of 2 workers for concurrent weak references
[1.694s][info   ][gc,ref      ] GC(22) Encountered references: Soft: 11, Weak: 37, Final: 0, Phantom: 5
[1.694s][info   ][gc,ref      ] GC(22) Discovered  references: Soft: 0, Weak: 11, Final: 0, Phantom: 5
[1.694s][info   ][gc,ref      ] GC(22) Enqueued    references: Soft: 0, Weak: 0, Final: 0, Phantom: 0
[1.694s][info   ][gc          ] GC(22) Concurrent weak references 0.266ms
[1.694s][info   ][gc,start    ] GC(22) Concurrent weak roots
[1.694s][info   ][gc,task     ] GC(22) Using 1 of 2 workers for concurrent weak root
[1.695s][info   ][gc          ] GC(22) Concurrent weak roots 0.371ms
[1.695s][info   ][gc,start    ] GC(22) Concurrent cleanup
[1.695s][info   ][gc          ] GC(22) Concurrent cleanup 521M->95M(2048M) 0.481ms
[1.695s][info   ][gc,ergo     ] GC(22) Free: 1759M, Max: 1024K regular, 864M humongous, Frag: 51% external, 0% internal; Reserve: 103M, Max: 1024K
[1.695s][info   ][gc,start    ] GC(22) Concurrent class unloading
[1.695s][info   ][gc,task     ] GC(22) Using 1 of 2 workers for concurrent class unloading
[1.718s][info   ][gc          ] GC(22) Concurrent class unloading 22.569ms
[1.718s][info   ][gc,start    ] GC(22) Pause Final Roots
[1.718s][info   ][gc          ] GC(22) Pause Final Roots 0.027ms
[1.718s][info   ][gc,ergo     ] Free: 1445M, Max: 1024K regular, 864M humongous, Frag: 41% external, 0% internal; Reserve: 103M, Max: 1024K
[1.718s][info   ][gc,stats    ] 
[1.718s][info   ][gc,stats    ] All times are wall-clock times, except per-root-class counters, that are sum over
[1.718s][info   ][gc,stats    ] all workers. Dividing the <total> over the root stage time estimates parallelism.
[1.718s][info   ][gc,stats    ] 
[1.718s][info   ][gc,stats    ] Concurrent Reset                   4601 us
[1.718s][info   ][gc,stats    ] Pause Init Mark (G)                8337 us
[1.718s][info   ][gc,stats    ] Pause Init Mark (N)                 153 us
[1.718s][info   ][gc,stats    ]   Update Region States               86 us
[1.718s][info   ][gc,stats    ] Concurrent Mark Roots               526 us, parallelism: 0.35x
[1.718s][info   ][gc,stats    ]   CMR: <total>                      182 us
[1.718s][info   ][gc,stats    ]   CMR: Thread Roots                 129 us, workers (us): 129, ---, 
[1.718s][info   ][gc,stats    ]   CMR: VM Strong Roots               25 us, workers (us):  25, ---, 
[1.718s][info   ][gc,stats    ]   CMR: CLDG Roots                    28 us, workers (us):  28, ---, 
[1.718s][info   ][gc,stats    ] Concurrent Marking                 1887 us
[1.718s][info   ][gc,stats    ] Pause Final Mark (G)               1188 us
[1.718s][info   ][gc,stats    ] Pause Final Mark (N)                426 us
[1.718s][info   ][gc,stats    ]   Finish Mark                       107 us
[1.718s][info   ][gc,stats    ]   Update Region States              113 us
[1.718s][info   ][gc,stats    ]   Choose Collection Set             138 us
[1.718s][info   ][gc,stats    ]   Rebuild Free Set                   13 us
[1.718s][info   ][gc,stats    ] Concurrent Weak References          274 us, parallelism: 0.03x
[1.718s][info   ][gc,stats    ]   CWRF: <total>                       7 us
[1.718s][info   ][gc,stats    ]   CWRF: Weak References               7 us, workers (us):   7, ---, 
[1.718s][info   ][gc,stats    ] Concurrent Weak Roots               388 us
[1.718s][info   ][gc,stats    ]   Roots                             125 us, parallelism: 0.71x
[1.718s][info   ][gc,stats    ]     CWR: <total>                     88 us
[1.718s][info   ][gc,stats    ]     CWR: Code Cache Roots            46 us, workers (us):  46, ---, 
[1.718s][info   ][gc,stats    ]     CWR: VM Weak Roots               39 us, workers (us):  39, ---, 
[1.719s][info   ][gc,stats    ]     CWR: CLDG Roots                   3 us, workers (us):   3, ---, 
[1.719s][info   ][gc,stats    ]   Rendezvous                        227 us
[1.719s][info   ][gc,stats    ] Concurrent Cleanup                  489 us
[1.719s][info   ][gc,stats    ] Concurrent Class Unloading        22739 us
[1.719s][info   ][gc,stats    ]   Unlink Stale                     1899 us
[1.719s][info   ][gc,stats    ]     System Dictionary                 6 us
[1.719s][info   ][gc,stats    ]     Weak Class Links                  1 us
[1.719s][info   ][gc,stats    ]     Code Roots                     1889 us
[1.719s][info   ][gc,stats    ]   Rendezvous                      18611 us
[1.719s][info   ][gc,stats    ]   Purge Unlinked                   2024 us
[1.719s][info   ][gc,stats    ]     Code Roots                     1990 us
[1.719s][info   ][gc,stats    ]     CLDG                             28 us
[1.719s][info   ][gc,stats    ]     Exception Caches                  1 us
[1.719s][info   ][gc,stats    ] Pause Final Roots (G)               392 us
[1.719s][info   ][gc,stats    ] Pause Final Roots (N)                36 us
[1.719s][info   ][gc,stats    ] Pacing                            40234 us
[1.719s][info   ][gc,stats    ] 
[1.719s][info   ][gc,stats    ] Allocation pacing accrued:
[1.719s][info   ][gc,stats    ]       5 of    54 ms (  9.0%): Thread-0
[1.719s][info   ][gc,stats    ]       7 of    54 ms ( 12.5%): Thread-1
[1.719s][info   ][gc,stats    ]       5 of    54 ms (  9.5%): Thread-2
[1.719s][info   ][gc,stats    ]       7 of    54 ms ( 12.5%): Thread-3
[1.719s][info   ][gc,stats    ]       5 of    54 ms (  9.3%): Thread-5
[1.719s][info   ][gc,stats    ]       6 of    54 ms ( 10.7%): Thread-6
[1.719s][info   ][gc,stats    ]       6 of    54 ms ( 10.4%): Thread-7
[1.719s][info   ][gc,stats    ]      40 of    54 ms ( 73.9%): <total>
[1.719s][info   ][gc,stats    ]       2 of    54 ms (  3.9%): <average total>
[1.719s][info   ][gc,stats    ]       6 of    54 ms ( 10.6%): <average non-zero>
[1.719s][info   ][gc,stats    ] 
[1.719s][info   ][gc,metaspace] Metaspace: 211K(448K)->211K(448K) NonClass: 202K(320K)->202K(320K) Class: 9K(128K)->9K(128K)
[1.719s][info   ][gc,ergo     ] Pacer for Idle. Initial: 41943K, Alloc Tax Rate: 1.0x
[1.758s][info   ][gc          ] Trigger: Average GC time (60.05 ms) is above the time for average allocation rate (14692 MB/s) to deplete free headroom (866M) (margin of error = 1.81)
[1.758s][info   ][gc,ergo     ] Free headroom: 969M (free) - 102M (spike) - 0B (penalties) = 866M
[1.758s][info   ][gc,ergo     ] Free: 963M, Max: 1024K regular, 864M humongous, Frag: 11% external, 0% internal; Reserve: 103M, Max: 1024K
[1.758s][info   ][gc,start    ] GC(23) Concurrent reset
[1.758s][info   ][gc,task     ] GC(23) Using 1 of 2 workers for concurrent reset
[1.758s][info   ][gc,ergo     ] GC(23) Pacer for Reset. Non-Taxable: 2048M
[1.760s][info   ][gc          ] GC(23) Concurrent reset 2.113ms
[1.763s][info   ][gc,start    ] GC(23) Pause Init Mark (unload classes)
[1.763s][info   ][gc,task     ] GC(23) Using 2 of 2 workers for init marking
[1.763s][info   ][gc,ergo     ] GC(23) Pacer for Mark. Expected Live: 56256K, Free: 905M, Non-Taxable: 92687K, Alloc Tax Rate: 0.1x
[1.763s][info   ][gc          ] GC(23) Pause Init Mark (unload classes) 0.226ms
[1.763s][info   ][gc,start    ] GC(23) Concurrent marking roots
[1.763s][info   ][gc,task     ] GC(23) Using 1 of 2 workers for concurrent marking roots
[1.769s][info   ][gc          ] GC(23) Concurrent marking roots 5.134ms
[1.769s][info   ][gc,start    ] GC(23) Concurrent marking (unload classes)
[1.769s][info   ][gc,task     ] GC(23) Using 1 of 2 workers for concurrent marking
[1.775s][info   ][gc          ] GC(23) Concurrent marking (unload classes) 6.213ms
[1.776s][info   ][gc,start    ] GC(23) Pause Final Mark (unload classes)
[1.776s][info   ][gc,task     ] GC(23) Using 2 of 2 workers for final marking
[1.776s][info   ][gc,ergo     ] GC(23) Collectable Garbage: 487M (98%), Immediate: 487M (98%), CSet: 0B (0%)
[1.776s][info   ][gc          ] GC(23) Pause Final Mark (unload classes) 0.323ms
[1.776s][info   ][gc,start    ] GC(23) Concurrent weak references
[1.776s][info   ][gc,task     ] GC(23) Using 1 of 2 workers for concurrent weak references
[1.781s][info   ][gc,ref      ] GC(23) Encountered references: Soft: 11, Weak: 37, Final: 0, Phantom: 5
[1.781s][info   ][gc,ref      ] GC(23) Discovered  references: Soft: 0, Weak: 11, Final: 0, Phantom: 5
[1.781s][info   ][gc,ref      ] GC(23) Enqueued    references: Soft: 0, Weak: 0, Final: 0, Phantom: 0
[1.781s][info   ][gc          ] GC(23) Concurrent weak references 5.508ms
[1.781s][info   ][gc,start    ] GC(23) Concurrent weak roots
[1.782s][info   ][gc,task     ] GC(23) Using 1 of 2 workers for concurrent weak root
[1.797s][info   ][gc          ] GC(23) Concurrent weak roots 15.152ms
[1.797s][info   ][gc,start    ] GC(23) Concurrent cleanup
[1.798s][info   ][gc          ] GC(23) Concurrent cleanup 752M->270M(2048M) 0.726ms
[1.798s][info   ][gc,ergo     ] GC(23) Free: 1409M, Max: 1024K regular, 444M humongous, Frag: 69% external, 0% internal; Reserve: 103M, Max: 1024K
[1.798s][info   ][gc,start    ] GC(23) Concurrent class unloading
[1.798s][info   ][gc,task     ] GC(23) Using 1 of 2 workers for concurrent class unloading
[1.801s][info   ][gc          ] GC(23) Concurrent class unloading 3.296ms
[1.801s][info   ][gc,start    ] GC(23) Pause Final Roots
[1.801s][info   ][gc          ] GC(23) Pause Final Roots 0.025ms
[1.801s][info   ][gc,ergo     ] Free: 1377M, Max: 1024K regular, 444M humongous, Frag: 68% external, 0% internal; Reserve: 103M, Max: 1024K
[1.801s][info   ][gc,stats    ] 
[1.801s][info   ][gc,stats    ] All times are wall-clock times, except per-root-class counters, that are sum over
[1.801s][info   ][gc,stats    ] all workers. Dividing the <total> over the root stage time estimates parallelism.
[1.801s][info   ][gc,stats    ] 
[1.801s][info   ][gc,stats    ] Concurrent Reset                   2179 us
[1.801s][info   ][gc,stats    ] Pause Init Mark (G)                3049 us
[1.801s][info   ][gc,stats    ] Pause Init Mark (N)                 236 us
[1.801s][info   ][gc,stats    ]   Update Region States              141 us
[1.801s][info   ][gc,stats    ] Concurrent Mark Roots              5287 us, parallelism: 0.05x
[1.801s][info   ][gc,stats    ]   CMR: <total>                      289 us
[1.801s][info   ][gc,stats    ]   CMR: Thread Roots                 202 us, workers (us): 202, ---, 
[1.801s][info   ][gc,stats    ]   CMR: VM Strong Roots               13 us, workers (us):  13, ---, 
[1.801s][info   ][gc,stats    ]   CMR: CLDG Roots                    74 us, workers (us):  74, ---, 
[1.801s][info   ][gc,stats    ] Concurrent Marking                 6371 us
[1.801s][info   ][gc,stats    ] Pause Final Mark (G)                872 us
[1.801s][info   ][gc,stats    ] Pause Final Mark (N)                332 us
[1.801s][info   ][gc,stats    ]   Finish Mark                        94 us
[1.801s][info   ][gc,stats    ]   Update Region States               84 us
[1.801s][info   ][gc,stats    ]   Choose Collection Set              91 us
[1.801s][info   ][gc,stats    ]   Rebuild Free Set                    9 us
[1.801s][info   ][gc,stats    ] Concurrent Weak References         5526 us, parallelism: 0.00x
[1.801s][info   ][gc,stats    ]   CWRF: <total>                      24 us
[1.801s][info   ][gc,stats    ]   CWRF: Weak References              24 us, workers (us):  24, ---, 
[1.801s][info   ][gc,stats    ] Concurrent Weak Roots             15327 us
[1.801s][info   ][gc,stats    ]   Roots                            2900 us, parallelism: 0.07x
[1.801s][info   ][gc,stats    ]     CWR: <total>                    210 us
[1.801s][info   ][gc,stats    ]     CWR: Code Cache Roots           118 us, workers (us): 118, ---, 
[1.801s][info   ][gc,stats    ]     CWR: VM Weak Roots               88 us, workers (us):  88, ---, 
[1.801s][info   ][gc,stats    ]     CWR: CLDG Roots                   4 us, workers (us):   4, ---, 
[1.801s][info   ][gc,stats    ]   Rendezvous                      12199 us
[1.801s][info   ][gc,stats    ] Concurrent Cleanup                  752 us
[1.801s][info   ][gc,stats    ] Concurrent Class Unloading         3354 us
[1.801s][info   ][gc,stats    ]   Unlink Stale                     2169 us
[1.801s][info   ][gc,stats    ]     System Dictionary                23 us
[1.801s][info   ][gc,stats    ]     Weak Class Links                  2 us
[1.801s][info   ][gc,stats    ]     Code Roots                     2134 us
[1.801s][info   ][gc,stats    ]   Rendezvous                        994 us
[1.801s][info   ][gc,stats    ]   Purge Unlinked                     98 us
[1.801s][info   ][gc,stats    ]     Code Roots                       80 us
[1.801s][info   ][gc,stats    ]     CLDG                             15 us
[1.801s][info   ][gc,stats    ]     Exception Caches                  1 us
[1.801s][info   ][gc,stats    ] Pause Final Roots (G)               123 us
[1.801s][info   ][gc,stats    ] Pause Final Roots (N)                33 us
[1.801s][info   ][gc,stats    ] Pacing                            99162 us
[1.801s][info   ][gc,stats    ] 
[1.801s][info   ][gc,stats    ] Allocation pacing accrued:
[1.801s][info   ][gc,stats    ]      14 of    83 ms ( 17.0%): Thread-0
[1.801s][info   ][gc,stats    ]      14 of    83 ms ( 16.5%): Thread-2
[1.801s][info   ][gc,stats    ]      14 of    83 ms ( 17.3%): Thread-3
[1.801s][info   ][gc,stats    ]      22 of    83 ms ( 26.7%): Thread-4
[1.801s][info   ][gc,stats    ]      10 of    83 ms ( 12.3%): Thread-5
[1.801s][info   ][gc,stats    ]      14 of    83 ms ( 17.3%): Thread-6
[1.801s][info   ][gc,stats    ]      11 of    83 ms ( 12.7%): Thread-7
[1.801s][info   ][gc,stats    ]      99 of    83 ms (119.8%): <total>
[1.801s][info   ][gc,stats    ]       5 of    83 ms (  6.3%): <average total>
[1.801s][info   ][gc,stats    ]      14 of    83 ms ( 17.1%): <average non-zero>
[1.802s][info   ][gc,stats    ] 
[1.802s][info   ][gc,metaspace] Metaspace: 211K(448K)->211K(448K) NonClass: 202K(320K)->202K(320K) Class: 9K(128K)->9K(128K)
[1.802s][info   ][gc,ergo     ] Pacer for Idle. Initial: 41943K, Alloc Tax Rate: 1.0x
[1.838s][info   ][gc          ] Trigger: Average GC time (55.42 ms) is above the time for average allocation rate (14692 MB/s) to deplete free headroom (802M) (margin of error = 1.81)
[1.838s][info   ][gc,ergo     ] Free headroom: 905M (free) - 102M (spike) - 0B (penalties) = 802M
[1.838s][info   ][gc,ergo     ] Free: 905M, Max: 1024K regular, 444M humongous, Frag: 51% external, 0% internal; Reserve: 103M, Max: 1024K
[1.838s][info   ][gc,start    ] GC(24) Concurrent reset
[1.838s][info   ][gc,task     ] GC(24) Using 1 of 2 workers for concurrent reset
[1.838s][info   ][gc,ergo     ] GC(24) Pacer for Reset. Non-Taxable: 2048M
[1.839s][info   ][gc          ] GC(24) Concurrent reset 1.250ms
[1.843s][info   ][gc,start    ] GC(24) Pause Init Mark (unload classes)
[1.843s][info   ][gc,task     ] GC(24) Using 2 of 2 workers for init marking
[1.843s][info   ][gc,ergo     ] GC(24) Pacer for Mark. Expected Live: 53183K, Free: 851M, Non-Taxable: 87157K, Alloc Tax Rate: 0.1x
[1.843s][info   ][gc          ] GC(24) Pause Init Mark (unload classes) 0.296ms
[1.843s][info   ][gc,start    ] GC(24) Concurrent marking roots
[1.843s][info   ][gc,task     ] GC(24) Using 1 of 2 workers for concurrent marking roots
[1.848s][info   ][gc          ] GC(24) Concurrent marking roots 5.135ms
[1.848s][info   ][gc,start    ] GC(24) Concurrent marking (unload classes)
[1.848s][info   ][gc,task     ] GC(24) Using 1 of 2 workers for concurrent marking
[1.850s][info   ][gc          ] GC(24) Concurrent marking (unload classes) 1.635ms
[1.850s][info   ][gc,start    ] GC(24) Pause Final Mark (unload classes)
[1.850s][info   ][gc,task     ] GC(24) Using 2 of 2 workers for final marking
[1.850s][info   ][gc,ergo     ] GC(24) Collectable Garbage: 516M (98%), Immediate: 516M (98%), CSet: 0B (0%)
[1.850s][info   ][gc          ] GC(24) Pause Final Mark (unload classes) 0.323ms
[1.851s][info   ][gc,start    ] GC(24) Concurrent weak references
[1.851s][info   ][gc,task     ] GC(24) Using 1 of 2 workers for concurrent weak references
[1.851s][info   ][gc,ref      ] GC(24) Encountered references: Soft: 11, Weak: 37, Final: 0, Phantom: 5
[1.851s][info   ][gc,ref      ] GC(24) Discovered  references: Soft: 0, Weak: 11, Final: 0, Phantom: 5
[1.851s][info   ][gc,ref      ] GC(24) Enqueued    references: Soft: 0, Weak: 0, Final: 0, Phantom: 0
[1.851s][info   ][gc          ] GC(24) Concurrent weak references 0.122ms
[1.851s][info   ][gc,start    ] GC(24) Concurrent weak roots
[1.851s][info   ][gc,task     ] GC(24) Using 1 of 2 workers for concurrent weak root
[1.851s][info   ][gc          ] GC(24) Concurrent weak roots 0.226ms
[1.851s][info   ][gc,start    ] GC(24) Concurrent cleanup
[1.851s][info   ][gc          ] GC(24) Concurrent cleanup 592M->76M(2048M) 0.511ms
[1.851s][info   ][gc,ergo     ] GC(24) Free: 1797M, Max: 1024K regular, 864M humongous, Frag: 52% external, 0% internal; Reserve: 103M, Max: 1024K
[1.851s][info   ][gc,start    ] GC(24) Concurrent class unloading
[1.851s][info   ][gc,task     ] GC(24) Using 1 of 2 workers for concurrent class unloading
[1.857s][info   ][gc          ] GC(24) Concurrent class unloading 5.875ms
[1.864s][info   ][gc,start    ] GC(24) Pause Final Roots
[1.864s][info   ][gc          ] GC(24) Pause Final Roots 0.100ms
[1.869s][info   ][gc,ergo     ] Free: 1537M, Max: 1024K regular, 864M humongous, Frag: 44% external, 0% internal; Reserve: 103M, Max: 1024K
[1.869s][info   ][gc,stats    ] 
[1.870s][info   ][gc,stats    ] All times are wall-clock times, except per-root-class counters, that are sum over
[1.870s][info   ][gc,stats    ] all workers. Dividing the <total> over the root stage time estimates parallelism.
[1.870s][info   ][gc,stats    ] 
[1.870s][info   ][gc,stats    ] Concurrent Reset                   1277 us
[1.870s][info   ][gc,stats    ] Pause Init Mark (G)                3908 us
[1.870s][info   ][gc,stats    ] Pause Init Mark (N)                 306 us
[1.870s][info   ][gc,stats    ]   Update Region States              201 us
[1.870s][info   ][gc,stats    ] Concurrent Mark Roots              5303 us, parallelism: 0.48x
[1.870s][info   ][gc,stats    ]   CMR: <total>                     2553 us
[1.870s][info   ][gc,stats    ]   CMR: Thread Roots                2474 us, workers (us): 2474, ---, 
[1.870s][info   ][gc,stats    ]   CMR: VM Strong Roots               16 us, workers (us):  16, ---, 
[1.870s][info   ][gc,stats    ]   CMR: CLDG Roots                    64 us, workers (us):  64, ---, 
[1.870s][info   ][gc,stats    ] Concurrent Marking                 1657 us
[1.870s][info   ][gc,stats    ] Pause Final Mark (G)                442 us
[1.870s][info   ][gc,stats    ] Pause Final Mark (N)                332 us
[1.870s][info   ][gc,stats    ]   Finish Mark                        96 us
[1.870s][info   ][gc,stats    ]   Update Region States               85 us
[1.870s][info   ][gc,stats    ]   Choose Collection Set              90 us
[1.870s][info   ][gc,stats    ]   Rebuild Free Set                   11 us
[1.870s][info   ][gc,stats    ] Concurrent Weak References          131 us, parallelism: 0.02x
[1.870s][info   ][gc,stats    ]   CWRF: <total>                       2 us
[1.870s][info   ][gc,stats    ]   CWRF: Weak References               2 us, workers (us):   2, ---, 
[1.870s][info   ][gc,stats    ] Concurrent Weak Roots               239 us
[1.870s][info   ][gc,stats    ]   Roots                             124 us, parallelism: 0.39x
[1.870s][info   ][gc,stats    ]     CWR: <total>                     48 us
[1.870s][info   ][gc,stats    ]     CWR: Code Cache Roots            24 us, workers (us):  24, ---, 
[1.870s][info   ][gc,stats    ]     CWR: VM Weak Roots               22 us, workers (us):  22, ---, 
[1.870s][info   ][gc,stats    ]     CWR: CLDG Roots                   2 us, workers (us):   2, ---, 
[1.870s][info   ][gc,stats    ]   Rendezvous                         83 us
[1.870s][info   ][gc,stats    ] Concurrent Cleanup                  520 us
[1.870s][info   ][gc,stats    ] Concurrent Class Unloading         6103 us
[1.870s][info   ][gc,stats    ]   Unlink Stale                      147 us
[1.870s][info   ][gc,stats    ]     System Dictionary                 4 us
[1.870s][info   ][gc,stats    ]     Weak Class Links                  1 us
[1.870s][info   ][gc,stats    ]     Code Roots                      140 us
[1.870s][info   ][gc,stats    ]   Rendezvous                         65 us
[1.870s][info   ][gc,stats    ]   Purge Unlinked                   5627 us
[1.870s][info   ][gc,stats    ]     Code Roots                     5603 us
[1.870s][info   ][gc,stats    ]     CLDG                             18 us
[1.870s][info   ][gc,stats    ]     Exception Caches                  2 us
[1.870s][info   ][gc,stats    ] Pause Final Roots (G)             11684 us
[1.870s][info   ][gc,stats    ] Pause Final Roots (N)               117 us
[1.870s][info   ][gc,stats    ] Pacing                            85634 us
[1.870s][info   ][gc,stats    ] 
[1.870s][info   ][gc,stats    ] Allocation pacing accrued:
[1.870s][info   ][gc,stats    ]       8 of    68 ms ( 11.8%): Thread-0
[1.870s][info   ][gc,stats    ]      11 of    68 ms ( 16.4%): Thread-1
[1.870s][info   ][gc,stats    ]       9 of    68 ms ( 13.3%): Thread-2
[1.870s][info   ][gc,stats    ]      11 of    68 ms ( 15.8%): Thread-3
[1.870s][info   ][gc,stats    ]      11 of    68 ms ( 16.1%): Thread-4
[1.870s][info   ][gc,stats    ]      11 of    68 ms ( 16.0%): Thread-5
[1.870s][info   ][gc,stats    ]      13 of    68 ms ( 18.9%): Thread-6
[1.870s][info   ][gc,stats    ]      12 of    68 ms ( 17.0%): Thread-7
[1.870s][info   ][gc,stats    ]      86 of    68 ms (125.3%): <total>
[1.870s][info   ][gc,stats    ]       5 of    68 ms (  6.6%): <average total>
[1.870s][info   ][gc,stats    ]      11 of    68 ms ( 15.7%): <average non-zero>
[1.870s][info   ][gc,stats    ] 
[1.870s][info   ][gc,metaspace] Metaspace: 211K(448K)->211K(448K) NonClass: 202K(320K)->202K(320K) Class: 9K(128K)->9K(128K)
[1.870s][info   ][gc,ergo     ] Pacer for Idle. Initial: 41943K, Alloc Tax Rate: 1.0x
[1.920s][info   ][gc          ] Trigger: Average GC time (50.27 ms) is above the time for average allocation rate (14680 MB/s) to deplete free headroom (730M) (margin of error = 1.80)
[1.920s][info   ][gc,ergo     ] Free headroom: 833M (free) - 102M (spike) - 0B (penalties) = 730M
[1.920s][info   ][gc,ergo     ] Free: 829M, Max: 1024K regular, 828M humongous, Frag: 1% external, 0% internal; Reserve: 103M, Max: 1024K
[1.920s][info   ][gc,start    ] GC(25) Concurrent reset
[1.920s][info   ][gc,task     ] GC(25) Using 1 of 2 workers for concurrent reset
[1.921s][info   ][gc,ergo     ] GC(25) Pacer for Reset. Non-Taxable: 2048M
[1.926s][info   ][gc          ] GC(25) Concurrent reset 5.577ms
[1.927s][info   ][gc,start    ] GC(25) Pause Init Mark (unload classes)
[1.927s][info   ][gc,task     ] GC(25) Using 2 of 2 workers for init marking
[1.927s][info   ][gc,ergo     ] GC(25) Pacer for Mark. Expected Live: 47039K, Free: 751M, Non-Taxable: 76917K, Alloc Tax Rate: 0.1x
[1.927s][info   ][gc          ] GC(25) Pause Init Mark (unload classes) 0.263ms
[1.927s][info   ][gc,start    ] GC(25) Concurrent marking roots
[1.927s][info   ][gc,task     ] GC(25) Using 1 of 2 workers for concurrent marking roots
[1.932s][info   ][gc          ] GC(25) Concurrent marking roots 4.583ms
[1.932s][info   ][gc,start    ] GC(25) Concurrent marking (unload classes)
[1.932s][info   ][gc,task     ] GC(25) Using 1 of 2 workers for concurrent marking
[1.934s][info   ][gc          ] GC(25) Concurrent marking (unload classes) 1.716ms
[1.938s][info   ][gc,start    ] GC(25) Pause Final Mark (unload classes)
[1.938s][info   ][gc,task     ] GC(25) Using 2 of 2 workers for final marking
[1.939s][info   ][gc,ergo     ] GC(25) Collectable Garbage: 518M (98%), Immediate: 518M (98%), CSet: 0B (0%)
[1.939s][info   ][gc          ] GC(25) Pause Final Mark (unload classes) 0.869ms
[1.939s][info   ][gc,start    ] GC(25) Concurrent weak references
[1.939s][info   ][gc,task     ] GC(25) Using 1 of 2 workers for concurrent weak references
[1.939s][info   ][gc,ref      ] GC(25) Encountered references: Soft: 11, Weak: 37, Final: 0, Phantom: 5
[1.939s][info   ][gc,ref      ] GC(25) Discovered  references: Soft: 0, Weak: 11, Final: 0, Phantom: 5
[1.939s][info   ][gc,ref      ] GC(25) Enqueued    references: Soft: 0, Weak: 0, Final: 0, Phantom: 0
[1.939s][info   ][gc          ] GC(25) Concurrent weak references 0.195ms
[1.939s][info   ][gc,start    ] GC(25) Concurrent weak roots
[1.939s][info   ][gc,task     ] GC(25) Using 1 of 2 workers for concurrent weak root
[1.949s][info   ][gc          ] GC(25) Concurrent weak roots 9.947ms
[1.949s][info   ][gc,start    ] GC(25) Concurrent cleanup
[1.950s][info   ][gc          ] GC(25) Concurrent cleanup 743M->227M(2048M) 0.833ms
[1.950s][info   ][gc,ergo     ] GC(25) Free: 1493M, Max: 1024K regular, 462M humongous, Frag: 70% external, 0% internal; Reserve: 103M, Max: 1024K
[1.950s][info   ][gc,start    ] GC(25) Concurrent class unloading
[1.950s][info   ][gc,task     ] GC(25) Using 1 of 2 workers for concurrent class unloading
[1.958s][info   ][gc          ] GC(25) Concurrent class unloading 8.273ms
[1.963s][info   ][gc,start    ] GC(25) Pause Final Roots
[1.963s][info   ][gc          ] GC(25) Pause Final Roots 0.081ms
[1.963s][info   ][gc,ergo     ] Free: 1313M, Max: 1024K regular, 462M humongous, Frag: 65% external, 0% internal; Reserve: 103M, Max: 1024K
[1.964s][info   ][gc,stats    ] 
[1.964s][info   ][gc,stats    ] All times are wall-clock times, except per-root-class counters, that are sum over
[1.964s][info   ][gc,stats    ] all workers. Dividing the <total> over the root stage time estimates parallelism.
[1.964s][info   ][gc,stats    ] 
[1.964s][info   ][gc,stats    ] Concurrent Reset                   5733 us
[1.964s][info   ][gc,stats    ] Pause Init Mark (G)                1341 us
[1.964s][info   ][gc,stats    ] Pause Init Mark (N)                 272 us
[1.964s][info   ][gc,stats    ]   Update Region States              165 us
[1.964s][info   ][gc,stats    ] Concurrent Mark Roots              4742 us, parallelism: 0.92x
[1.964s][info   ][gc,stats    ]   CMR: <total>                     4380 us
[1.964s][info   ][gc,stats    ]   CMR: Thread Roots                4316 us, workers (us): 4316, ---, 
[1.964s][info   ][gc,stats    ]   CMR: VM Strong Roots               14 us, workers (us):  14, ---, 
[1.964s][info   ][gc,stats    ]   CMR: CLDG Roots                    49 us, workers (us):  49, ---, 
[1.964s][info   ][gc,stats    ] Concurrent Marking                 1741 us
[1.964s][info   ][gc,stats    ] Pause Final Mark (G)               4949 us
[1.964s][info   ][gc,stats    ] Pause Final Mark (N)                882 us
[1.964s][info   ][gc,stats    ]   Finish Mark                       437 us
[1.964s][info   ][gc,stats    ]   Update Region States              167 us
[1.964s][info   ][gc,stats    ]   Choose Collection Set             116 us
[1.964s][info   ][gc,stats    ]   Rebuild Free Set                    9 us
[1.964s][info   ][gc,stats    ] Concurrent Weak References          207 us, parallelism: 0.06x
[1.964s][info   ][gc,stats    ]   CWRF: <total>                      13 us
[1.964s][info   ][gc,stats    ]   CWRF: Weak References              13 us, workers (us):  13, ---, 
[1.964s][info   ][gc,stats    ] Concurrent Weak Roots             10129 us
[1.964s][info   ][gc,stats    ]   Roots                            3508 us, parallelism: 0.04x
[1.964s][info   ][gc,stats    ]     CWR: <total>                    139 us
[1.964s][info   ][gc,stats    ]     CWR: Code Cache Roots            71 us, workers (us):  71, ---, 
[1.964s][info   ][gc,stats    ]     CWR: VM Weak Roots               63 us, workers (us):  63, ---, 
[1.964s][info   ][gc,stats    ]     CWR: CLDG Roots                   5 us, workers (us):   5, ---, 
[1.964s][info   ][gc,stats    ]   Rendezvous                       6390 us
[1.964s][info   ][gc,stats    ] Concurrent Cleanup                  867 us
[1.964s][info   ][gc,stats    ] Concurrent Class Unloading         8454 us
[1.964s][info   ][gc,stats    ]   Unlink Stale                      516 us
[1.964s][info   ][gc,stats    ]     System Dictionary                11 us
[1.964s][info   ][gc,stats    ]     Weak Class Links                  1 us
[1.964s][info   ][gc,stats    ]     Code Roots                      500 us
[1.964s][info   ][gc,stats    ]   Rendezvous                       4169 us
[1.964s][info   ][gc,stats    ]   Purge Unlinked                   3536 us
[1.964s][info   ][gc,stats    ]     Code Roots                     3505 us
[1.964s][info   ][gc,stats    ]     CLDG                             24 us
[1.964s][info   ][gc,stats    ]     Exception Caches                  2 us
[1.964s][info   ][gc,stats    ] Pause Final Roots (G)              4752 us
[1.964s][info   ][gc,stats    ] Pause Final Roots (N)                96 us
[1.964s][info   ][gc,stats    ] Pacing                            62850 us
[1.964s][info   ][gc,stats    ] 
[1.964s][info   ][gc,stats    ] Allocation pacing accrued:
[1.964s][info   ][gc,stats    ]      10 of    94 ms ( 11.1%): Thread-1
[1.964s][info   ][gc,stats    ]       7 of    94 ms (  7.6%): Thread-2
[1.964s][info   ][gc,stats    ]      11 of    94 ms ( 11.4%): Thread-3
[1.964s][info   ][gc,stats    ]      10 of    94 ms ( 11.0%): Thread-4
[1.964s][info   ][gc,stats    ]       7 of    94 ms (  7.7%): Thread-5
[1.964s][info   ][gc,stats    ]      10 of    94 ms ( 10.2%): Thread-6
[1.964s][info   ][gc,stats    ]       7 of    94 ms (  7.8%): Thread-7
[1.964s][info   ][gc,stats    ]      63 of    94 ms ( 66.8%): <total>
[1.964s][info   ][gc,stats    ]       3 of    94 ms (  3.5%): <average total>
[1.964s][info   ][gc,stats    ]       9 of    94 ms (  9.5%): <average non-zero>
[1.964s][info   ][gc,stats    ] 
[1.964s][info   ][gc,metaspace] Metaspace: 211K(448K)->211K(448K) NonClass: 202K(320K)->202K(320K) Class: 9K(128K)->9K(128K)
[1.964s][info   ][gc,ergo     ] Pacer for Idle. Initial: 41943K, Alloc Tax Rate: 1.0x
[1.996s][info   ][gc          ] Trigger: Average GC time (51.03 ms) is above the time for average allocation rate (14693 MB/s) to deplete free headroom (736M) (margin of error = 1.81)
[1.997s][info   ][gc,ergo     ] Free headroom: 839M (free) - 102M (spike) - 0B (penalties) = 736M
[1.997s][info   ][gc,ergo     ] Free: 837M, Max: 1024K regular, 462M humongous, Frag: 45% external, 0% internal; Reserve: 103M, Max: 1024K
[1.997s][info   ][gc,start    ] GC(26) Concurrent reset
[1.997s][info   ][gc,task     ] GC(26) Using 1 of 2 workers for concurrent reset
[1.997s][info   ][gc,ergo     ] GC(26) Pacer for Reset. Non-Taxable: 2048M
[2.011s][info   ][gc          ] GC(26) Concurrent reset 13.774ms
[2.017s][info   ][gc,start    ] GC(26) Pause Init Mark (unload classes)
[2.017s][info   ][gc,task     ] GC(26) Using 2 of 2 workers for init marking
[2.017s][info   ][gc,ergo     ] GC(26) Pacer for Mark. Expected Live: 46835K, Free: 595M, Non-Taxable: 60943K, Alloc Tax Rate: 0.1x
[2.017s][info   ][gc          ] GC(26) Pause Init Mark (unload classes) 0.276ms
[2.017s][info   ][gc,start    ] GC(26) Concurrent marking roots
[2.017s][info   ][gc,task     ] GC(26) Using 1 of 2 workers for concurrent marking roots
[2.018s][info   ][gc          ] GC(26) Concurrent marking roots 0.402ms
[2.018s][info   ][gc,start    ] GC(26) Concurrent marking (unload classes)
[2.018s][info   ][gc,task     ] GC(26) Using 1 of 2 workers for concurrent marking
[2.023s][info   ][gc          ] GC(26) Concurrent marking (unload classes) 5.464ms
[2.024s][info   ][gc,start    ] GC(26) Pause Final Mark (unload classes)
[2.024s][info   ][gc,task     ] GC(26) Using 2 of 2 workers for final marking
[2.025s][info   ][gc,ergo     ] GC(26) Collectable Garbage: 568M (99%), Immediate: 568M (99%), CSet: 0B (0%)
[2.025s][info   ][gc          ] GC(26) Pause Final Mark (unload classes) 1.640ms
[2.031s][info   ][gc,start    ] GC(26) Concurrent weak references
[2.031s][info   ][gc,task     ] GC(26) Using 1 of 2 workers for concurrent weak references
[2.035s][info   ][gc,ref      ] GC(26) Encountered references: Soft: 11, Weak: 37, Final: 0, Phantom: 5
[2.035s][info   ][gc,ref      ] GC(26) Discovered  references: Soft: 0, Weak: 11, Final: 0, Phantom: 5
[2.035s][info   ][gc,ref      ] GC(26) Enqueued    references: Soft: 0, Weak: 0, Final: 0, Phantom: 0
[2.035s][info   ][gc          ] GC(26) Concurrent weak references 4.165ms
[2.035s][info   ][gc,start    ] GC(26) Concurrent weak roots
[2.035s][info   ][gc,task     ] GC(26) Using 1 of 2 workers for concurrent weak root
[2.041s][info   ][gc          ] GC(26) Concurrent weak roots 5.058ms
[2.041s][info   ][gc,start    ] GC(26) Concurrent cleanup
[2.041s][info   ][gc          ] GC(26) Concurrent cleanup 828M->267M(2048M) 0.828ms
[2.042s][info   ][gc,ergo     ] GC(26) Free: 1415M, Max: 1024K regular, 302M humongous, Frag: 79% external, 0% internal; Reserve: 103M, Max: 1024K
[2.042s][info   ][gc,start    ] GC(26) Concurrent class unloading
[2.042s][info   ][gc,task     ] GC(26) Using 1 of 2 workers for concurrent class unloading
[2.054s][info   ][gc          ] GC(26) Concurrent class unloading 12.587ms
[2.055s][info   ][gc,start    ] GC(26) Pause Final Roots
[2.055s][info   ][gc          ] GC(26) Pause Final Roots 0.022ms
[2.062s][info   ][gc,ergo     ] Free: 1135M, Max: 1024K regular, 302M humongous, Frag: 74% external, 0% internal; Reserve: 103M, Max: 1024K
[2.062s][info   ][gc,stats    ] 
[2.062s][info   ][gc,stats    ] All times are wall-clock times, except per-root-class counters, that are sum over
[2.062s][info   ][gc,stats    ] all workers. Dividing the <total> over the root stage time estimates parallelism.
[2.062s][info   ][gc,stats    ] 
[2.062s][info   ][gc,stats    ] Concurrent Reset                  13962 us
[2.062s][info   ][gc,stats    ] Pause Init Mark (G)                6400 us
[2.062s][info   ][gc,stats    ] Pause Init Mark (N)                 288 us
[2.062s][info   ][gc,stats    ]   Update Region States              165 us
[2.062s][info   ][gc,stats    ] Concurrent Mark Roots               422 us, parallelism: 0.62x
[2.062s][info   ][gc,stats    ]   CMR: <total>                      262 us
[2.062s][info   ][gc,stats    ]   CMR: Thread Roots                 198 us, workers (us): 198, ---, 
[2.062s][info   ][gc,stats    ]   CMR: VM Strong Roots                8 us, workers (us):   8, ---, 
[2.062s][info   ][gc,stats    ]   CMR: CLDG Roots                    56 us, workers (us):  56, ---, 
[2.062s][info   ][gc,stats    ] Concurrent Marking                 5545 us
[2.062s][info   ][gc,stats    ] Pause Final Mark (G)               8070 us
[2.062s][info   ][gc,stats    ] Pause Final Mark (N)               1651 us
[2.062s][info   ][gc,stats    ]   Finish Mark                      1419 us
[2.062s][info   ][gc,stats    ]   Update Region States               59 us
[2.062s][info   ][gc,stats    ]   Choose Collection Set             113 us
[2.062s][info   ][gc,stats    ]   Rebuild Free Set                   10 us
[2.062s][info   ][gc,stats    ] Concurrent Weak References         4181 us, parallelism: 0.00x
[2.062s][info   ][gc,stats    ]   CWRF: <total>                      11 us
[2.062s][info   ][gc,stats    ]   CWRF: Weak References              11 us, workers (us):  11, ---, 
[2.062s][info   ][gc,stats    ] Concurrent Weak Roots              5209 us
[2.062s][info   ][gc,stats    ]   Roots                             342 us, parallelism: 0.80x
[2.062s][info   ][gc,stats    ]     CWR: <total>                    275 us
[2.062s][info   ][gc,stats    ]     CWR: Code Cache Roots           188 us, workers (us): 188, ---, 
[2.062s][info   ][gc,stats    ]     CWR: VM Weak Roots               81 us, workers (us):  81, ---, 
[2.062s][info   ][gc,stats    ]     CWR: CLDG Roots                   5 us, workers (us):   5, ---, 
[2.062s][info   ][gc,stats    ]   Rendezvous                       4684 us
[2.062s][info   ][gc,stats    ] Concurrent Cleanup                  848 us
[2.062s][info   ][gc,stats    ] Concurrent Class Unloading        12895 us
[2.062s][info   ][gc,stats    ]   Unlink Stale                     5155 us
[2.062s][info   ][gc,stats    ]     System Dictionary                15 us
[2.062s][info   ][gc,stats    ]     Weak Class Links                  1 us
[2.062s][info   ][gc,stats    ]     Code Roots                     5129 us
[2.062s][info   ][gc,stats    ]   Rendezvous                       7019 us
[2.062s][info   ][gc,stats    ]   Purge Unlinked                    333 us
[2.062s][info   ][gc,stats    ]     Code Roots                      239 us
[2.062s][info   ][gc,stats    ]     CLDG                             81 us
[2.062s][info   ][gc,stats    ]     Exception Caches                  4 us
[2.062s][info   ][gc,stats    ] Pause Final Roots (G)              7065 us
[2.062s][info   ][gc,stats    ] Pause Final Roots (N)                32 us
[2.062s][info   ][gc,stats    ] Pacing                            46183 us
[2.062s][info   ][gc,stats    ] 
[2.062s][info   ][gc,stats    ] Allocation pacing accrued:
[2.063s][info   ][gc,stats    ]       7 of    99 ms (  6.6%): Thread-0
[2.063s][info   ][gc,stats    ]      11 of    99 ms ( 11.6%): Thread-1
[2.063s][info   ][gc,stats    ]       5 of    99 ms (  5.0%): Thread-2
[2.063s][info   ][gc,stats    ]       5 of    99 ms (  4.8%): Thread-4
[2.063s][info   ][gc,stats    ]       6 of    99 ms (  5.7%): Thread-5
[2.063s][info   ][gc,stats    ]       5 of    99 ms (  5.1%): Thread-6
[2.063s][info   ][gc,stats    ]       8 of    99 ms (  8.1%): Thread-7
[2.063s][info   ][gc,stats    ]      46 of    99 ms ( 46.8%): <total>
[2.063s][info   ][gc,stats    ]       2 of    99 ms (  2.5%): <average total>
[2.063s][info   ][gc,stats    ]       7 of    99 ms (  6.7%): <average non-zero>
[2.063s][info   ][gc,stats    ] 
[2.063s][info   ][gc,metaspace] Metaspace: 211K(448K)->211K(448K) NonClass: 202K(320K)->202K(320K) Class: 9K(128K)->9K(128K)
[2.063s][info   ][gc,ergo     ] Pacer for Idle. Initial: 41943K, Alloc Tax Rate: 1.0x
[2.064s][info   ][gc          ] Trigger: Average GC time (76.31 ms) is above the time for average allocation rate (14722 MB/s) to deplete free headroom (992M) (margin of error = 1.82)
[2.064s][info   ][gc,ergo     ] Free headroom: 1095M (free) - 102M (spike) - 0B (penalties) = 992M
[2.064s][info   ][gc,ergo     ] Free: 1095M, Max: 1024K regular, 302M humongous, Frag: 73% external, 0% internal; Reserve: 103M, Max: 1024K
[2.064s][info   ][gc,start    ] GC(27) Concurrent reset
[2.065s][info   ][gc,task     ] GC(27) Using 1 of 2 workers for concurrent reset
[2.065s][info   ][gc,ergo     ] GC(27) Pacer for Reset. Non-Taxable: 2048M
[2.069s][info   ][gc          ] GC(27) Concurrent reset 4.429ms
[2.070s][info   ][gc,start    ] GC(27) Pause Init Mark (unload classes)
[2.070s][info   ][gc,task     ] GC(27) Using 2 of 2 workers for init marking
[2.070s][info   ][gc,ergo     ] GC(27) Pacer for Mark. Expected Live: 54412K, Free: 1029M, Non-Taxable: 102M, Alloc Tax Rate: 0.1x
[2.070s][info   ][gc          ] GC(27) Pause Init Mark (unload classes) 0.083ms
[2.070s][info   ][gc,start    ] GC(27) Concurrent marking roots
[2.070s][info   ][gc,task     ] GC(27) Using 1 of 2 workers for concurrent marking roots
[2.070s][info   ][gc          ] GC(27) Concurrent marking roots 0.323ms
[2.070s][info   ][gc,start    ] GC(27) Concurrent marking (unload classes)
[2.070s][info   ][gc,task     ] GC(27) Using 1 of 2 workers for concurrent marking
[2.090s][info   ][gc          ] GC(27) Concurrent marking (unload classes) 20.252ms
[2.091s][info   ][gc,start    ] GC(27) Pause Final Mark (unload classes)
[2.091s][info   ][gc,task     ] GC(27) Using 2 of 2 workers for final marking
[2.091s][info   ][gc,ergo     ] GC(27) Collectable Garbage: 374M (98%), Immediate: 374M (98%), CSet: 0B (0%)
[2.091s][info   ][gc          ] GC(27) Pause Final Mark (unload classes) 0.344ms
[2.094s][info   ][gc,start    ] GC(27) Concurrent weak references
[2.094s][info   ][gc,task     ] GC(27) Using 1 of 2 workers for concurrent weak references
[2.097s][info   ][gc,ref      ] GC(27) Encountered references: Soft: 11, Weak: 37, Final: 0, Phantom: 5
[2.097s][info   ][gc,ref      ] GC(27) Discovered  references: Soft: 0, Weak: 11, Final: 0, Phantom: 5
[2.097s][info   ][gc,ref      ] GC(27) Enqueued    references: Soft: 0, Weak: 0, Final: 0, Phantom: 0
[2.097s][info   ][gc          ] GC(27) Concurrent weak references 3.152ms
[2.097s][info   ][gc,start    ] GC(27) Concurrent weak roots
[2.097s][info   ][gc,task     ] GC(27) Using 1 of 2 workers for concurrent weak root
[2.102s][info   ][gc          ] GC(27) Concurrent weak roots 4.563ms
[2.102s][info   ][gc,start    ] GC(27) Concurrent cleanup
[2.103s][info   ][gc          ] GC(27) Concurrent cleanup 685M->315M(2048M) 0.660ms
[2.103s][info   ][gc,ergo     ] GC(27) Free: 1317M, Max: 1024K regular, 358M humongous, Frag: 73% external, 0% internal; Reserve: 103M, Max: 1024K
[2.103s][info   ][gc,start    ] GC(27) Concurrent class unloading
[2.103s][info   ][gc,task     ] GC(27) Using 1 of 2 workers for concurrent class unloading
[2.108s][info   ][gc          ] GC(27) Concurrent class unloading 4.930ms
[2.109s][info   ][gc,start    ] GC(27) Pause Final Roots
[2.109s][info   ][gc          ] GC(27) Pause Final Roots 0.040ms
[2.109s][info   ][gc,ergo     ] Free: 1255M, Max: 1024K regular, 358M humongous, Frag: 72% external, 0% internal; Reserve: 103M, Max: 1024K
[2.109s][info   ][gc,stats    ] 
[2.109s][info   ][gc,stats    ] All times are wall-clock times, except per-root-class counters, that are sum over
[2.109s][info   ][gc,stats    ] all workers. Dividing the <total> over the root stage time estimates parallelism.
[2.109s][info   ][gc,stats    ] 
[2.109s][info   ][gc,stats    ] Concurrent Reset                   4556 us
[2.109s][info   ][gc,stats    ] Pause Init Mark (G)                 824 us
[2.109s][info   ][gc,stats    ] Pause Init Mark (N)                  90 us
[2.109s][info   ][gc,stats    ]   Update Region States               39 us
[2.109s][info   ][gc,stats    ] Concurrent Mark Roots               334 us, parallelism: 0.79x
[2.109s][info   ][gc,stats    ]   CMR: <total>                      266 us
[2.109s][info   ][gc,stats    ]   CMR: Thread Roots                 219 us, workers (us): 219, ---, 
[2.109s][info   ][gc,stats    ]   CMR: VM Strong Roots                7 us, workers (us):   7, ---, 
[2.109s][info   ][gc,stats    ]   CMR: CLDG Roots                    40 us, workers (us):  40, ---, 
[2.109s][info   ][gc,stats    ] Concurrent Marking                20364 us
[2.109s][info   ][gc,stats    ] Pause Final Mark (G)               3694 us
[2.109s][info   ][gc,stats    ] Pause Final Mark (N)                354 us
[2.109s][info   ][gc,stats    ]   Finish Mark                        81 us
[2.109s][info   ][gc,stats    ]   Update Region States               70 us
[2.109s][info   ][gc,stats    ]   Choose Collection Set             142 us
[2.109s][info   ][gc,stats    ]   Rebuild Free Set                   13 us
[2.109s][info   ][gc,stats    ] Concurrent Weak References         3166 us, parallelism: 0.00x
[2.109s][info   ][gc,stats    ]   CWRF: <total>                      14 us
[2.109s][info   ][gc,stats    ]   CWRF: Weak References              14 us, workers (us):  14, ---, 
[2.109s][info   ][gc,stats    ] Concurrent Weak Roots              4705 us
[2.109s][info   ][gc,stats    ]   Roots                             253 us, parallelism: 0.73x
[2.109s][info   ][gc,stats    ]     CWR: <total>                    185 us
[2.109s][info   ][gc,stats    ]     CWR: Code Cache Roots           113 us, workers (us): 113, ---, 
[2.109s][info   ][gc,stats    ]     CWR: VM Weak Roots               67 us, workers (us):  67, ---, 
[2.109s][info   ][gc,stats    ]     CWR: CLDG Roots                   5 us, workers (us):   5, ---, 
[2.109s][info   ][gc,stats    ]   Rendezvous                       4277 us
[2.109s][info   ][gc,stats    ] Concurrent Cleanup                  687 us
[2.109s][info   ][gc,stats    ] Concurrent Class Unloading         5133 us
[2.109s][info   ][gc,stats    ]   Unlink Stale                      617 us
[2.109s][info   ][gc,stats    ]     System Dictionary                16 us
[2.109s][info   ][gc,stats    ]     Weak Class Links                  2 us
[2.109s][info   ][gc,stats    ]     Code Roots                      593 us
[2.109s][info   ][gc,stats    ]   Rendezvous                       4112 us
[2.109s][info   ][gc,stats    ]   Purge Unlinked                    169 us
[2.109s][info   ][gc,stats    ]     Code Roots                      113 us
[2.109s][info   ][gc,stats    ]     CLDG                             50 us
[2.110s][info   ][gc,stats    ]     Exception Caches                  2 us
[2.110s][info   ][gc,stats    ] Pause Final Roots (G)              1022 us
[2.110s][info   ][gc,stats    ] Pause Final Roots (N)                51 us
[2.110s][info   ][gc,stats    ] 
[2.110s][info   ][gc,stats    ] Allocation pacing accrued:
[2.110s][info   ][gc,stats    ]       0 of    47 ms (  0.0%): <total>
[2.110s][info   ][gc,stats    ]       0 of    47 ms (  0.0%): <average total>
[2.110s][info   ][gc,stats    ] 
[2.110s][info   ][gc,metaspace] Metaspace: 211K(448K)->211K(448K) NonClass: 202K(320K)->202K(320K) Class: 9K(128K)->9K(128K)
[2.110s][info   ][gc,ergo     ] Pacer for Idle. Initial: 41943K, Alloc Tax Rate: 1.0x
[2.120s][info   ][gc          ] Trigger: Average GC time (66.92 ms) is above the time for average allocation rate (14740 MB/s) to deplete free headroom (982M) (margin of error = 1.83)
[2.120s][info   ][gc,ergo     ] Free headroom: 1085M (free) - 102M (spike) - 0B (penalties) = 982M
[2.120s][info   ][gc,ergo     ] Free: 1085M, Max: 1024K regular, 358M humongous, Frag: 68% external, 0% internal; Reserve: 103M, Max: 1024K
[2.120s][info   ][gc,start    ] GC(28) Concurrent reset
[2.120s][info   ][gc,task     ] GC(28) Using 1 of 2 workers for concurrent reset
[2.120s][info   ][gc,ergo     ] GC(28) Pacer for Reset. Non-Taxable: 2048M
[2.127s][info   ][gc          ] GC(28) Concurrent reset 6.666ms
[2.128s][info   ][gc,start    ] GC(28) Pause Init Mark (unload classes)
[2.128s][info   ][gc,task     ] GC(28) Using 2 of 2 workers for init marking
[2.128s][info   ][gc,ergo     ] GC(28) Pacer for Mark. Expected Live: 65881K, Free: 989M, Non-Taxable: 101288K, Alloc Tax Rate: 0.1x
[2.128s][info   ][gc          ] GC(28) Pause Init Mark (unload classes) 0.153ms
[2.131s][info   ][gc,start    ] GC(28) Concurrent marking roots
[2.131s][info   ][gc,task     ] GC(28) Using 1 of 2 workers for concurrent marking roots
[2.131s][info   ][gc          ] GC(28) Concurrent marking roots 0.392ms
[2.131s][info   ][gc,start    ] GC(28) Concurrent marking (unload classes)
[2.131s][info   ][gc,task     ] GC(28) Using 1 of 2 workers for concurrent marking
[2.144s][info   ][gc          ] GC(28) Concurrent marking (unload classes) 13.184ms
[2.145s][info   ][gc,start    ] GC(28) Pause Final Mark (unload classes)
[2.145s][info   ][gc,task     ] GC(28) Using 2 of 2 workers for final marking
[2.145s][info   ][gc,ergo     ] GC(28) Collectable Garbage: 383M (98%), Immediate: 383M (98%), CSet: 0B (0%)
[2.145s][info   ][gc          ] GC(28) Pause Final Mark (unload classes) 0.286ms
[2.151s][info   ][gc,start    ] GC(28) Concurrent weak references
[2.152s][info   ][gc,task     ] GC(28) Using 1 of 2 workers for concurrent weak references
[2.156s][info   ][gc,ref      ] GC(28) Encountered references: Soft: 11, Weak: 37, Final: 0, Phantom: 5
[2.157s][info   ][gc,ref      ] GC(28) Discovered  references: Soft: 0, Weak: 11, Final: 0, Phantom: 5
[2.157s][info   ][gc,ref      ] GC(28) Enqueued    references: Soft: 0, Weak: 0, Final: 0, Phantom: 0
[2.157s][info   ][gc          ] GC(28) Concurrent weak references 5.230ms
[2.157s][info   ][gc,start    ] GC(28) Concurrent weak roots
[2.157s][info   ][gc,task     ] GC(28) Using 1 of 2 workers for concurrent weak root
[2.159s][info   ][gc          ] GC(28) Concurrent weak roots 2.823ms
[2.160s][info   ][gc,start    ] GC(28) Concurrent cleanup
[2.160s][info   ][gc          ] GC(28) Concurrent cleanup 702M->322M(2048M) 0.620ms
[2.160s][info   ][gc,ergo     ] GC(28) Free: 1303M, Max: 1024K regular, 554M humongous, Frag: 58% external, 0% internal; Reserve: 103M, Max: 1024K
[2.160s][info   ][gc,start    ] GC(28) Concurrent class unloading
[2.160s][info   ][gc,task     ] GC(28) Using 1 of 2 workers for concurrent class unloading
[2.168s][info   ][gc          ] GC(28) Concurrent class unloading 8.155ms
[2.170s][info   ][gc,start    ] GC(28) Pause Final Roots
[2.170s][info   ][gc          ] GC(28) Pause Final Roots 0.043ms
[2.172s][info   ][gc,ergo     ] Free: 1147M, Max: 1024K regular, 554M humongous, Frag: 52% external, 0% internal; Reserve: 103M, Max: 1024K
[2.173s][info   ][gc,stats    ] 
[2.173s][info   ][gc,stats    ] All times are wall-clock times, except per-root-class counters, that are sum over
[2.173s][info   ][gc,stats    ] all workers. Dividing the <total> over the root stage time estimates parallelism.
[2.173s][info   ][gc,stats    ] 
[2.173s][info   ][gc,stats    ] Concurrent Reset                   6896 us
[2.173s][info   ][gc,stats    ] Pause Init Mark (G)                3734 us
[2.173s][info   ][gc,stats    ] Pause Init Mark (N)                 191 us
[2.173s][info   ][gc,stats    ]   Update Region States               67 us
[2.173s][info   ][gc,stats    ] Concurrent Mark Roots               413 us, parallelism: 0.53x
[2.173s][info   ][gc,stats    ]   CMR: <total>                      220 us
[2.173s][info   ][gc,stats    ]   CMR: Thread Roots                 158 us, workers (us): 158, ---, 
[2.173s][info   ][gc,stats    ]   CMR: VM Strong Roots                9 us, workers (us):   9, ---, 
[2.173s][info   ][gc,stats    ]   CMR: CLDG Roots                    53 us, workers (us):  53, ---, 
[2.173s][info   ][gc,stats    ] Concurrent Marking                13407 us
[2.173s][info   ][gc,stats    ] Pause Final Mark (G)               6766 us
[2.173s][info   ][gc,stats    ] Pause Final Mark (N)                295 us
[2.173s][info   ][gc,stats    ]   Finish Mark                        66 us
[2.173s][info   ][gc,stats    ]   Update Region States               43 us
[2.173s][info   ][gc,stats    ]   Choose Collection Set             128 us
[2.173s][info   ][gc,stats    ]   Rebuild Free Set                   10 us
[2.173s][info   ][gc,stats    ] Concurrent Weak References         5248 us, parallelism: 0.00x
[2.173s][info   ][gc,stats    ]   CWRF: <total>                      15 us
[2.173s][info   ][gc,stats    ]   CWRF: Weak References              15 us, workers (us):  15, ---, 
[2.173s][info   ][gc,stats    ] Concurrent Weak Roots              2899 us
[2.173s][info   ][gc,stats    ]   Roots                             252 us, parallelism: 0.67x
[2.173s][info   ][gc,stats    ]     CWR: <total>                    168 us
[2.173s][info   ][gc,stats    ]     CWR: Code Cache Roots            81 us, workers (us):  81, ---, 
[2.173s][info   ][gc,stats    ]     CWR: VM Weak Roots               81 us, workers (us):  81, ---, 
[2.173s][info   ][gc,stats    ]     CWR: CLDG Roots                   7 us, workers (us):   7, ---, 
[2.173s][info   ][gc,stats    ]   Rendezvous                       2544 us
[2.173s][info   ][gc,stats    ] Concurrent Cleanup                  639 us
[2.173s][info   ][gc,stats    ] Concurrent Class Unloading         8390 us
[2.173s][info   ][gc,stats    ]   Unlink Stale                      629 us
[2.173s][info   ][gc,stats    ]     System Dictionary                10 us
[2.173s][info   ][gc,stats    ]     Weak Class Links                  1 us
[2.173s][info   ][gc,stats    ]     Code Roots                      613 us
[2.173s][info   ][gc,stats    ]   Rendezvous                       7250 us
[2.173s][info   ][gc,stats    ]   Purge Unlinked                    243 us
[2.173s][info   ][gc,stats    ]     Code Roots                      191 us
[2.173s][info   ][gc,stats    ]     CLDG                             47 us
[2.173s][info   ][gc,stats    ]     Exception Caches                  2 us
[2.173s][info   ][gc,stats    ] Pause Final Roots (G)              3656 us
[2.173s][info   ][gc,stats    ] Pause Final Roots (N)                55 us
[2.173s][info   ][gc,stats    ] Pacing                            21431 us
[2.173s][info   ][gc,stats    ] 
[2.173s][info   ][gc,stats    ] Allocation pacing accrued:
[2.173s][info   ][gc,stats    ]      11 of    63 ms ( 16.7%): Thread-0
[2.173s][info   ][gc,stats    ]      11 of    63 ms ( 16.9%): Thread-4
[2.173s][info   ][gc,stats    ]       0 of    63 ms (  0.2%): Thread-6
[2.173s][info   ][gc,stats    ]      21 of    63 ms ( 33.8%): <total>
[2.173s][info   ][gc,stats    ]       1 of    63 ms (  1.8%): <average total>
[2.173s][info   ][gc,stats    ]       7 of    63 ms ( 11.3%): <average non-zero>
[2.173s][info   ][gc,stats    ] 
[2.173s][info   ][gc,metaspace] Metaspace: 211K(448K)->211K(448K) NonClass: 202K(320K)->202K(320K) Class: 9K(128K)->9K(128K)
[2.173s][info   ][gc,ergo     ] Pacer for Idle. Initial: 41943K, Alloc Tax Rate: 1.0x
[2.180s][info   ][gc          ] Trigger: Average GC time (63.90 ms) is above the time for average allocation rate (14763 MB/s) to deplete free headroom (932M) (margin of error = 1.85)
[2.180s][info   ][gc,ergo     ] Free headroom: 1035M (free) - 102M (spike) - 0B (penalties) = 932M
[2.180s][info   ][gc,ergo     ] Free: 1031M, Max: 1024K regular, 554M humongous, Frag: 47% external, 0% internal; Reserve: 103M, Max: 1024K
[2.180s][info   ][gc,start    ] GC(29) Concurrent reset
[2.180s][info   ][gc,task     ] GC(29) Using 1 of 2 workers for concurrent reset
[2.180s][info   ][gc,ergo     ] GC(29) Pacer for Reset. Non-Taxable: 2048M
[2.186s][info   ][gc          ] GC(29) Concurrent reset 5.827ms
[2.187s][info   ][gc,start    ] GC(29) Pause Init Mark (unload classes)
[2.187s][info   ][gc,task     ] GC(29) Using 2 of 2 workers for init marking
[2.187s][info   ][gc,ergo     ] GC(29) Pacer for Mark. Expected Live: 78579K, Free: 947M, Non-Taxable: 96987K, Alloc Tax Rate: 0.1x
[2.187s][info   ][gc          ] GC(29) Pause Init Mark (unload classes) 0.190ms
[2.187s][info   ][gc,start    ] GC(29) Concurrent marking roots
[2.187s][info   ][gc,task     ] GC(29) Using 1 of 2 workers for concurrent marking roots
[2.188s][info   ][gc          ] GC(29) Concurrent marking roots 0.399ms
[2.188s][info   ][gc,start    ] GC(29) Concurrent marking (unload classes)
[2.188s][info   ][gc,task     ] GC(29) Using 1 of 2 workers for concurrent marking
[2.208s][info   ][gc          ] GC(29) Concurrent marking (unload classes) 19.740ms
[2.208s][info   ][gc,start    ] GC(29) Pause Final Mark (unload classes)
[2.208s][info   ][gc,task     ] GC(29) Using 2 of 2 workers for final marking
[2.209s][info   ][gc,ergo     ] GC(29) Collectable Garbage: 442M (98%), Immediate: 442M (98%), CSet: 0B (0%)
[2.209s][info   ][gc          ] GC(29) Pause Final Mark (unload classes) 0.619ms
[2.209s][info   ][gc,start    ] GC(29) Concurrent weak references
[2.209s][info   ][gc,task     ] GC(29) Using 1 of 2 workers for concurrent weak references
[2.209s][info   ][gc,ref      ] GC(29) Encountered references: Soft: 11, Weak: 37, Final: 0, Phantom: 5
[2.209s][info   ][gc,ref      ] GC(29) Discovered  references: Soft: 0, Weak: 11, Final: 0, Phantom: 5
[2.209s][info   ][gc,ref      ] GC(29) Enqueued    references: Soft: 0, Weak: 0, Final: 0, Phantom: 0
[2.209s][info   ][gc          ] GC(29) Concurrent weak references 0.084ms
[2.209s][info   ][gc,start    ] GC(29) Concurrent weak roots
[2.209s][info   ][gc,task     ] GC(29) Using 1 of 2 workers for concurrent weak root
[2.221s][info   ][gc          ] GC(29) Concurrent weak roots 11.606ms
[2.221s][info   ][gc,start    ] GC(29) Concurrent cleanup
[2.222s][info   ][gc          ] GC(29) Concurrent cleanup 738M->301M(2048M) 0.721ms
[2.222s][info   ][gc,ergo     ] GC(29) Free: 1347M, Max: 1024K regular, 472M humongous, Frag: 65% external, 0% internal; Reserve: 103M, Max: 1024K
[2.222s][info   ][gc,start    ] GC(29) Concurrent class unloading
[2.222s][info   ][gc,task     ] GC(29) Using 1 of 2 workers for concurrent class unloading
[2.226s][info   ][gc          ] GC(29) Concurrent class unloading 3.592ms
[2.227s][info   ][gc,start    ] GC(29) Pause Final Roots
[2.227s][info   ][gc          ] GC(29) Pause Final Roots 0.034ms
[2.234s][info   ][gc,ergo     ] Free: 1185M, Max: 1024K regular, 472M humongous, Frag: 61% external, 0% internal; Reserve: 103M, Max: 1024K
[2.234s][info   ][gc,stats    ] 
[2.234s][info   ][gc,stats    ] All times are wall-clock times, except per-root-class counters, that are sum over
[2.234s][info   ][gc,stats    ] all workers. Dividing the <total> over the root stage time estimates parallelism.
[2.234s][info   ][gc,stats    ] 
[2.234s][info   ][gc,stats    ] Concurrent Reset                   5962 us
[2.234s][info   ][gc,stats    ] Pause Init Mark (G)                1098 us
[2.234s][info   ][gc,stats    ] Pause Init Mark (N)                 202 us
[2.234s][info   ][gc,stats    ]   Update Region States               91 us
[2.234s][info   ][gc,stats    ] Concurrent Mark Roots               419 us, parallelism: 0.78x
[2.234s][info   ][gc,stats    ]   CMR: <total>                      328 us
[2.234s][info   ][gc,stats    ]   CMR: Thread Roots                 254 us, workers (us): 254, ---, 
[2.234s][info   ][gc,stats    ]   CMR: VM Strong Roots               12 us, workers (us):  12, ---, 
[2.234s][info   ][gc,stats    ]   CMR: CLDG Roots                    62 us, workers (us):  62, ---, 
[2.234s][info   ][gc,stats    ] Concurrent Marking                19977 us
[2.234s][info   ][gc,stats    ] Pause Final Mark (G)               1393 us
[2.234s][info   ][gc,stats    ] Pause Final Mark (N)                629 us
[2.234s][info   ][gc,stats    ]   Finish Mark                       330 us
[2.234s][info   ][gc,stats    ]   Update Region States              101 us
[2.234s][info   ][gc,stats    ]   Choose Collection Set             125 us
[2.234s][info   ][gc,stats    ]   Rebuild Free Set                   10 us
[2.234s][info   ][gc,stats    ] Concurrent Weak References           91 us, parallelism: 0.12x
[2.234s][info   ][gc,stats    ]   CWRF: <total>                      11 us
[2.234s][info   ][gc,stats    ]   CWRF: Weak References              11 us, workers (us):  11, ---, 
[2.234s][info   ][gc,stats    ] Concurrent Weak Roots             12075 us
[2.234s][info   ][gc,stats    ]   Roots                              96 us, parallelism: 0.75x
[2.234s][info   ][gc,stats    ]     CWR: <total>                     72 us
[2.234s][info   ][gc,stats    ]     CWR: Code Cache Roots            42 us, workers (us):  42, ---, 
[2.234s][info   ][gc,stats    ]     CWR: VM Weak Roots               28 us, workers (us):  28, ---, 
[2.234s][info   ][gc,stats    ]     CWR: CLDG Roots                   3 us, workers (us):   3, ---, 
[2.234s][info   ][gc,stats    ]   Rendezvous                      11476 us
[2.234s][info   ][gc,stats    ] Concurrent Cleanup                  746 us
[2.234s][info   ][gc,stats    ] Concurrent Class Unloading         3696 us
[2.234s][info   ][gc,stats    ]   Unlink Stale                      365 us
[2.234s][info   ][gc,stats    ]     System Dictionary                12 us
[2.234s][info   ][gc,stats    ]     Weak Class Links                  1 us
[2.234s][info   ][gc,stats    ]     Code Roots                      347 us
[2.234s][info   ][gc,stats    ]   Rendezvous                       3115 us
[2.235s][info   ][gc,stats    ]   Purge Unlinked                     80 us
[2.235s][info   ][gc,stats    ]     Code Roots                       56 us
[2.235s][info   ][gc,stats    ]     CLDG                             20 us
[2.235s][info   ][gc,stats    ]     Exception Caches                  1 us
[2.235s][info   ][gc,stats    ] Pause Final Roots (G)              7975 us
[2.235s][info   ][gc,stats    ] Pause Final Roots (N)                44 us
[2.235s][info   ][gc,stats    ] 
[2.235s][info   ][gc,stats    ] Allocation pacing accrued:
[2.235s][info   ][gc,stats    ]       0 of    62 ms (  0.0%): <total>
[2.235s][info   ][gc,stats    ]       0 of    62 ms (  0.0%): <average total>
[2.235s][info   ][gc,stats    ] 
[2.235s][info   ][gc,metaspace] Metaspace: 211K(448K)->211K(448K) NonClass: 202K(320K)->202K(320K) Class: 9K(128K)->9K(128K)
[2.235s][info   ][gc,ergo     ] Pacer for Idle. Initial: 41943K, Alloc Tax Rate: 1.0x
[2.250s][info   ][gc          ] Trigger: Average GC time (62.07 ms) is above the time for average allocation rate (14780 MB/s) to deplete free headroom (914M) (margin of error = 1.85)
[2.251s][info   ][gc,ergo     ] Free headroom: 1017M (free) - 102M (spike) - 0B (penalties) = 914M
[2.251s][info   ][gc,ergo     ] Free: 1013M, Max: 1024K regular, 472M humongous, Frag: 54% external, 0% internal; Reserve: 103M, Max: 1024K
[2.251s][info   ][gc,start    ] GC(30) Concurrent reset
[2.251s][info   ][gc,task     ] GC(30) Using 1 of 2 workers for concurrent reset
[2.251s][info   ][gc,ergo     ] GC(30) Pacer for Reset. Non-Taxable: 2048M
[2.258s][info   ][gc          ] GC(30) Concurrent reset 7.127ms
[2.259s][info   ][gc,start    ] GC(30) Pause Init Mark (unload classes)
[2.259s][info   ][gc,task     ] GC(30) Using 2 of 2 workers for init marking
[2.259s][info   ][gc,ergo     ] GC(30) Pacer for Mark. Expected Live: 83904K, Free: 911M, Non-Taxable: 93301K, Alloc Tax Rate: 0.1x
[2.259s][info   ][gc          ] GC(30) Pause Init Mark (unload classes) 0.286ms
[2.260s][info   ][gc,start    ] GC(30) Concurrent marking roots
[2.260s][info   ][gc,task     ] GC(30) Using 1 of 2 workers for concurrent marking roots
[2.262s][info   ][gc          ] GC(30) Concurrent marking roots 2.844ms
[2.263s][info   ][gc,start    ] GC(30) Concurrent marking (unload classes)
[2.263s][info   ][gc,task     ] GC(30) Using 1 of 2 workers for concurrent marking
[2.279s][info   ][gc          ] GC(30) Concurrent marking (unload classes) 15.963ms
[2.280s][info   ][gc,start    ] GC(30) Pause Final Mark (unload classes)
[2.280s][info   ][gc,task     ] GC(30) Using 2 of 2 workers for final marking
[2.281s][info   ][gc,ergo     ] GC(30) Collectable Garbage: 452M (98%), Immediate: 452M (98%), CSet: 0B (0%)
[2.281s][info   ][gc          ] GC(30) Pause Final Mark (unload classes) 0.619ms
[2.281s][info   ][gc,start    ] GC(30) Concurrent weak references
[2.281s][info   ][gc,task     ] GC(30) Using 1 of 2 workers for concurrent weak references
[2.284s][info   ][gc,ref      ] GC(30) Encountered references: Soft: 11, Weak: 37, Final: 0, Phantom: 5
[2.284s][info   ][gc,ref      ] GC(30) Discovered  references: Soft: 0, Weak: 11, Final: 0, Phantom: 5
[2.284s][info   ][gc,ref      ] GC(30) Enqueued    references: Soft: 0, Weak: 0, Final: 0, Phantom: 0
[2.284s][info   ][gc          ] GC(30) Concurrent weak references 3.020ms
[2.284s][info   ][gc,start    ] GC(30) Concurrent weak roots
[2.284s][info   ][gc,task     ] GC(30) Using 1 of 2 workers for concurrent weak root
[2.302s][info   ][gc          ] GC(30) Concurrent weak roots 18.130ms
[2.302s][info   ][gc,start    ] GC(30) Concurrent cleanup
[2.303s][info   ][gc          ] GC(30) Concurrent cleanup 823M->376M(2048M) 0.614ms
[2.303s][info   ][gc,ergo     ] GC(30) Free: 1197M, Max: 1024K regular, 302M humongous, Frag: 75% external, 0% internal; Reserve: 103M, Max: 1024K
[2.303s][info   ][gc,start    ] GC(30) Concurrent class unloading
[2.303s][info   ][gc,task     ] GC(30) Using 1 of 2 workers for concurrent class unloading
[2.307s][info   ][gc          ] GC(30) Concurrent class unloading 4.359ms
[2.307s][info   ][gc,start    ] GC(30) Pause Final Roots
[2.307s][info   ][gc          ] GC(30) Pause Final Roots 0.025ms
[2.307s][info   ][gc,ergo     ] Free: 1155M, Max: 1024K regular, 302M humongous, Frag: 74% external, 0% internal; Reserve: 103M, Max: 1024K
[2.307s][info   ][gc,stats    ] 
[2.307s][info   ][gc,stats    ] All times are wall-clock times, except per-root-class counters, that are sum over
[2.307s][info   ][gc,stats    ] all workers. Dividing the <total> over the root stage time estimates parallelism.
[2.307s][info   ][gc,stats    ] 
[2.307s][info   ][gc,stats    ] Concurrent Reset                   7338 us
[2.307s][info   ][gc,stats    ] Pause Init Mark (G)                1518 us
[2.307s][info   ][gc,stats    ] Pause Init Mark (N)                 297 us
[2.307s][info   ][gc,stats    ]   Update Region States              136 us
[2.307s][info   ][gc,stats    ] Concurrent Mark Roots              3065 us, parallelism: 0.08x
[2.307s][info   ][gc,stats    ]   CMR: <total>                      239 us
[2.307s][info   ][gc,stats    ]   CMR: Thread Roots                 185 us, workers (us): 185, ---, 
[2.307s][info   ][gc,stats    ]   CMR: VM Strong Roots                7 us, workers (us):   7, ---, 
[2.307s][info   ][gc,stats    ]   CMR: CLDG Roots                    47 us, workers (us):  47, ---, 
[2.307s][info   ][gc,stats    ] Concurrent Marking                16113 us
[2.307s][info   ][gc,stats    ] Pause Final Mark (G)               1902 us
[2.307s][info   ][gc,stats    ] Pause Final Mark (N)                652 us
[2.307s][info   ][gc,stats    ]   Finish Mark                       342 us
[2.307s][info   ][gc,stats    ]   Update Region States               88 us
[2.307s][info   ][gc,stats    ]   Choose Collection Set             126 us
[2.307s][info   ][gc,stats    ]   Rebuild Free Set                   10 us
[2.307s][info   ][gc,stats    ] Concurrent Weak References         3030 us, parallelism: 0.00x
[2.307s][info   ][gc,stats    ]   CWRF: <total>                       7 us
[2.307s][info   ][gc,stats    ]   CWRF: Weak References               7 us, workers (us):   7, ---, 
[2.307s][info   ][gc,stats    ] Concurrent Weak Roots             18291 us
[2.307s][info   ][gc,stats    ]   Roots                              90 us, parallelism: 0.65x
[2.307s][info   ][gc,stats    ]     CWR: <total>                     59 us
[2.307s][info   ][gc,stats    ]     CWR: Code Cache Roots            31 us, workers (us):  31, ---, 
[2.307s][info   ][gc,stats    ]     CWR: VM Weak Roots               26 us, workers (us):  26, ---, 
[2.307s][info   ][gc,stats    ]     CWR: CLDG Roots                   2 us, workers (us):   2, ---, 
[2.307s][info   ][gc,stats    ]   Rendezvous                      18010 us
[2.307s][info   ][gc,stats    ] Concurrent Cleanup                  634 us
[2.307s][info   ][gc,stats    ] Concurrent Class Unloading         4403 us
[2.307s][info   ][gc,stats    ]   Unlink Stale                     4087 us
[2.307s][info   ][gc,stats    ]     System Dictionary                14 us
[2.307s][info   ][gc,stats    ]     Weak Class Links                  1 us
[2.307s][info   ][gc,stats    ]     Code Roots                     4066 us
[2.307s][info   ][gc,stats    ]   Rendezvous                        197 us
[2.307s][info   ][gc,stats    ]   Purge Unlinked                     51 us
[2.307s][info   ][gc,stats    ]     Code Roots                       17 us
[2.307s][info   ][gc,stats    ]     CLDG                             31 us
[2.307s][info   ][gc,stats    ]     Exception Caches                  1 us
[2.307s][info   ][gc,stats    ] Pause Final Roots (G)               133 us
[2.308s][info   ][gc,stats    ] Pause Final Roots (N)                34 us
[2.308s][info   ][gc,stats    ] Pacing                            74770 us
[2.308s][info   ][gc,stats    ] 
[2.308s][info   ][gc,stats    ] Allocation pacing accrued:
[2.308s][info   ][gc,stats    ]      10 of    73 ms ( 13.3%): Thread-0
[2.308s][info   ][gc,stats    ]       3 of    73 ms (  3.5%): Thread-1
[2.308s][info   ][gc,stats    ]      12 of    73 ms ( 16.8%): Thread-2
[2.308s][info   ][gc,stats    ]      16 of    73 ms ( 21.8%): Thread-3
[2.308s][info   ][gc,stats    ]      13 of    73 ms ( 17.2%): Thread-4
[2.308s][info   ][gc,stats    ]      10 of    73 ms ( 13.0%): Thread-5
[2.308s][info   ][gc,stats    ]      12 of    73 ms ( 16.8%): Thread-7
[2.308s][info   ][gc,stats    ]      75 of    73 ms (102.5%): <total>
[2.308s][info   ][gc,stats    ]       4 of    73 ms (  5.4%): <average total>
[2.308s][info   ][gc,stats    ]      11 of    73 ms ( 14.6%): <average non-zero>
[2.308s][info   ][gc,stats    ] 
[2.308s][info   ][gc,metaspace] Metaspace: 211K(448K)->211K(448K) NonClass: 202K(320K)->202K(320K) Class: 9K(128K)->9K(128K)
[2.308s][info   ][gc,ergo     ] Pacer for Idle. Initial: 41943K, Alloc Tax Rate: 1.0x
[2.321s][info   ][gc          ] Trigger: Average GC time (62.62 ms) is above the time for average allocation rate (14799 MB/s) to deplete free headroom (850M) (margin of error = 1.86)
[2.322s][info   ][gc,ergo     ] Free headroom: 953M (free) - 102M (spike) - 0B (penalties) = 850M
[2.322s][info   ][gc,ergo     ] Free: 951M, Max: 1024K regular, 302M humongous, Frag: 69% external, 0% internal; Reserve: 103M, Max: 1024K
[2.322s][info   ][gc,start    ] GC(31) Concurrent reset
[2.322s][info   ][gc,task     ] GC(31) Using 1 of 2 workers for concurrent reset
[2.322s][info   ][gc,ergo     ] GC(31) Pacer for Reset. Non-Taxable: 2048M
[2.323s][info   ][gc          ] GC(31) Concurrent reset 1.620ms
[2.326s][info   ][gc,start    ] GC(31) Pause Init Mark (unload classes)
[2.326s][info   ][gc,task     ] GC(31) Using 2 of 2 workers for init marking
[2.326s][info   ][gc,ergo     ] GC(31) Pacer for Mark. Expected Live: 81037K, Free: 895M, Non-Taxable: 91663K, Alloc Tax Rate: 0.1x
[2.326s][info   ][gc          ] GC(31) Pause Init Mark (unload classes) 0.156ms
[2.327s][info   ][gc,start    ] GC(31) Concurrent marking roots
[2.327s][info   ][gc,task     ] GC(31) Using 1 of 2 workers for concurrent marking roots
[2.327s][info   ][gc          ] GC(31) Concurrent marking roots 0.267ms
[2.327s][info   ][gc,start    ] GC(31) Concurrent marking (unload classes)
[2.327s][info   ][gc,task     ] GC(31) Using 1 of 2 workers for concurrent marking
[2.347s][info   ][gc          ] GC(31) Concurrent marking (unload classes) 19.917ms
[2.348s][info   ][gc,start    ] GC(31) Pause Final Mark (unload classes)
[2.348s][info   ][gc,task     ] GC(31) Using 2 of 2 workers for final marking
[2.348s][info   ][gc,ergo     ] GC(31) Collectable Garbage: 456M (98%), Immediate: 456M (98%), CSet: 0B (0%)
[2.348s][info   ][gc          ] GC(31) Pause Final Mark (unload classes) 0.396ms
[2.353s][info   ][gc,start    ] GC(31) Concurrent weak references
[2.353s][info   ][gc,task     ] GC(31) Using 1 of 2 workers for concurrent weak references
[2.355s][info   ][gc,ref      ] GC(31) Encountered references: Soft: 11, Weak: 37, Final: 0, Phantom: 5
[2.355s][info   ][gc,ref      ] GC(31) Discovered  references: Soft: 0, Weak: 11, Final: 0, Phantom: 5
[2.355s][info   ][gc,ref      ] GC(31) Enqueued    references: Soft: 0, Weak: 0, Final: 0, Phantom: 0
[2.355s][info   ][gc          ] GC(31) Concurrent weak references 1.482ms
[2.355s][info   ][gc,start    ] GC(31) Concurrent weak roots
[2.355s][info   ][gc,task     ] GC(31) Using 1 of 2 workers for concurrent weak root
[2.363s][info   ][gc          ] GC(31) Concurrent weak roots 8.198ms
[2.363s][info   ][gc,start    ] GC(31) Concurrent cleanup
[2.365s][info   ][gc          ] GC(31) Concurrent cleanup 790M->346M(2048M) 1.309ms
[2.365s][info   ][gc,ergo     ] GC(31) Free: 1257M, Max: 1024K regular, 448M humongous, Frag: 65% external, 0% internal; Reserve: 103M, Max: 1024K
[2.365s][info   ][gc,start    ] GC(31) Concurrent class unloading
[2.365s][info   ][gc,task     ] GC(31) Using 1 of 2 workers for concurrent class unloading
[2.374s][info   ][gc          ] GC(31) Concurrent class unloading 9.515ms
[2.375s][info   ][gc,start    ] GC(31) Pause Final Roots
[2.376s][info   ][gc          ] GC(31) Pause Final Roots 0.030ms
[2.377s][info   ][gc,ergo     ] Free: 1101M, Max: 1024K regular, 448M humongous, Frag: 60% external, 0% internal; Reserve: 103M, Max: 1024K
[2.377s][info   ][gc,stats    ] 
[2.377s][info   ][gc,stats    ] All times are wall-clock times, except per-root-class counters, that are sum over
[2.377s][info   ][gc,stats    ] all workers. Dividing the <total> over the root stage time estimates parallelism.
[2.377s][info   ][gc,stats    ] 
[2.377s][info   ][gc,stats    ] Concurrent Reset                   1658 us
[2.377s][info   ][gc,stats    ] Pause Init Mark (G)                3100 us
[2.377s][info   ][gc,stats    ] Pause Init Mark (N)                 165 us
[2.377s][info   ][gc,stats    ]   Update Region States               93 us
[2.377s][info   ][gc,stats    ] Concurrent Mark Roots               282 us, parallelism: 0.73x
[2.377s][info   ][gc,stats    ]   CMR: <total>                      207 us
[2.377s][info   ][gc,stats    ]   CMR: Thread Roots                 171 us, workers (us): 171, ---, 
[2.377s][info   ][gc,stats    ]   CMR: VM Strong Roots                5 us, workers (us):   5, ---, 
[2.377s][info   ][gc,stats    ]   CMR: CLDG Roots                    31 us, workers (us):  31, ---, 
[2.377s][info   ][gc,stats    ] Concurrent Marking                20076 us
[2.377s][info   ][gc,stats    ] Pause Final Mark (G)               6313 us
[2.377s][info   ][gc,stats    ] Pause Final Mark (N)                405 us
[2.377s][info   ][gc,stats    ]   Finish Mark                       121 us
[2.377s][info   ][gc,stats    ]   Update Region States               89 us
[2.377s][info   ][gc,stats    ]   Choose Collection Set             128 us
[2.377s][info   ][gc,stats    ]   Rebuild Free Set                   10 us
[2.377s][info   ][gc,stats    ] Concurrent Weak References         1527 us, parallelism: 0.02x
[2.377s][info   ][gc,stats    ]   CWRF: <total>                      30 us
[2.377s][info   ][gc,stats    ]   CWRF: Weak References              30 us, workers (us):  30, ---, 
[2.377s][info   ][gc,stats    ] Concurrent Weak Roots              8482 us
[2.377s][info   ][gc,stats    ]   Roots                            4783 us, parallelism: 0.04x
[2.377s][info   ][gc,stats    ]     CWR: <total>                    194 us
[2.377s][info   ][gc,stats    ]     CWR: Code Cache Roots           129 us, workers (us): 129, ---, 
[2.377s][info   ][gc,stats    ]     CWR: VM Weak Roots               60 us, workers (us):  60, ---, 
[2.377s][info   ][gc,stats    ]     CWR: CLDG Roots                   5 us, workers (us):   5, ---, 
[2.377s][info   ][gc,stats    ]   Rendezvous                       3270 us
[2.377s][info   ][gc,stats    ] Concurrent Cleanup                 1402 us
[2.377s][info   ][gc,stats    ] Concurrent Class Unloading         9667 us
[2.377s][info   ][gc,stats    ]   Unlink Stale                      703 us
[2.377s][info   ][gc,stats    ]     System Dictionary                34 us
[2.377s][info   ][gc,stats    ]     Weak Class Links                  2 us
[2.377s][info   ][gc,stats    ]     Code Roots                      652 us
[2.377s][info   ][gc,stats    ]   Rendezvous                       8586 us
[2.377s][info   ][gc,stats    ]   Purge Unlinked                    133 us
[2.377s][info   ][gc,stats    ]     Code Roots                      119 us
[2.377s][info   ][gc,stats    ]     CLDG                              9 us
[2.377s][info   ][gc,stats    ]     Exception Caches                  1 us
[2.377s][info   ][gc,stats    ] Pause Final Roots (G)              2305 us
[2.377s][info   ][gc,stats    ] Pause Final Roots (N)                38 us
[2.377s][info   ][gc,stats    ] Pacing                            25970 us
[2.377s][info   ][gc,stats    ] 
[2.377s][info   ][gc,stats    ] Allocation pacing accrued:
[2.377s][info   ][gc,stats    ]       4 of    70 ms (  6.4%): Thread-0
[2.377s][info   ][gc,stats    ]       6 of    70 ms (  8.5%): Thread-2
[2.377s][info   ][gc,stats    ]       4 of    70 ms (  6.4%): Thread-3
[2.377s][info   ][gc,stats    ]       4 of    70 ms (  6.2%): Thread-5
[2.377s][info   ][gc,stats    ]       7 of    70 ms (  9.8%): Thread-7
[2.377s][info   ][gc,stats    ]      26 of    70 ms ( 37.3%): <total>
[2.377s][info   ][gc,stats    ]       1 of    70 ms (  2.0%): <average total>
[2.377s][info   ][gc,stats    ]       5 of    70 ms (  7.5%): <average non-zero>
[2.377s][info   ][gc,stats    ] 
[2.377s][info   ][gc,metaspace] Metaspace: 211K(448K)->211K(448K) NonClass: 202K(320K)->202K(320K) Class: 9K(128K)->9K(128K)
[2.377s][info   ][gc,ergo     ] Pacer for Idle. Initial: 41943K, Alloc Tax Rate: 1.0x
[2.386s][info   ][gc          ] Trigger: Average GC time (60.61 ms) is above the time for average allocation rate (14821 MB/s) to deplete free headroom (878M) (margin of error = 1.88)
[2.386s][info   ][gc,ergo     ] Free headroom: 981M (free) - 102M (spike) - 0B (penalties) = 878M
[2.386s][info   ][gc,ergo     ] Free: 977M, Max: 1024K regular, 448M humongous, Frag: 55% external, 0% internal; Reserve: 103M, Max: 1024K
[2.386s][info   ][gc,start    ] GC(32) Concurrent reset
[2.386s][info   ][gc,task     ] GC(32) Using 1 of 2 workers for concurrent reset
[2.386s][info   ][gc,ergo     ] GC(32) Pacer for Reset. Non-Taxable: 2048M
[2.393s][info   ][gc          ] GC(32) Concurrent reset 6.295ms
[2.394s][info   ][gc,start    ] GC(32) Pause Init Mark (unload classes)
[2.394s][info   ][gc,task     ] GC(32) Using 2 of 2 workers for init marking
[2.394s][info   ][gc,ergo     ] GC(32) Pacer for Mark. Expected Live: 73254K, Free: 871M, Non-Taxable: 89205K, Alloc Tax Rate: 0.1x
[2.394s][info   ][gc          ] GC(32) Pause Init Mark (unload classes) 0.198ms
[2.395s][info   ][gc,start    ] GC(32) Concurrent marking roots
[2.395s][info   ][gc,task     ] GC(32) Using 1 of 2 workers for concurrent marking roots
[2.399s][info   ][gc          ] GC(32) Concurrent marking roots 4.284ms
[2.399s][info   ][gc,start    ] GC(32) Concurrent marking (unload classes)
[2.399s][info   ][gc,task     ] GC(32) Using 1 of 2 workers for concurrent marking
[2.402s][info   ][gc          ] GC(32) Concurrent marking (unload classes) 2.629ms
[2.402s][info   ][gc,start    ] GC(32) Pause Final Mark (unload classes)
[2.402s][info   ][gc,task     ] GC(32) Using 2 of 2 workers for final marking
[2.402s][info   ][gc,ergo     ] GC(32) Collectable Garbage: 449M (98%), Immediate: 449M (98%), CSet: 0B (0%)
[2.402s][info   ][gc          ] GC(32) Pause Final Mark (unload classes) 0.318ms
[2.402s][info   ][gc,start    ] GC(32) Concurrent weak references
[2.402s][info   ][gc,task     ] GC(32) Using 1 of 2 workers for concurrent weak references
[2.402s][info   ][gc,ref      ] GC(32) Encountered references: Soft: 11, Weak: 37, Final: 0, Phantom: 5
[2.402s][info   ][gc,ref      ] GC(32) Discovered  references: Soft: 0, Weak: 11, Final: 0, Phantom: 5
[2.402s][info   ][gc,ref      ] GC(32) Enqueued    references: Soft: 0, Weak: 0, Final: 0, Phantom: 0
[2.402s][info   ][gc          ] GC(32) Concurrent weak references 0.114ms
[2.402s][info   ][gc,start    ] GC(32) Concurrent weak roots
[2.402s][info   ][gc,task     ] GC(32) Using 1 of 2 workers for concurrent weak root
[2.402s][info   ][gc          ] GC(32) Concurrent weak roots 0.156ms
[2.402s][info   ][gc,start    ] GC(32) Concurrent cleanup
[2.403s][info   ][gc          ] GC(32) Concurrent cleanup 583M->134M(2048M) 0.448ms
[2.403s][info   ][gc,ergo     ] GC(32) Free: 1681M, Max: 1024K regular, 538M humongous, Frag: 68% external, 0% internal; Reserve: 103M, Max: 1024K
[2.403s][info   ][gc,start    ] GC(32) Concurrent class unloading
[2.403s][info   ][gc,task     ] GC(32) Using 1 of 2 workers for concurrent class unloading
[2.412s][info   ][gc          ] GC(32) Concurrent class unloading 8.571ms
[2.413s][info   ][gc,start    ] GC(32) Pause Final Roots
[2.413s][info   ][gc          ] GC(32) Pause Final Roots 0.029ms
[2.421s][info   ][gc,ergo     ] Free: 1407M, Max: 1024K regular, 538M humongous, Frag: 62% external, 0% internal; Reserve: 103M, Max: 1024K
[2.422s][info   ][gc,stats    ] 
[2.422s][info   ][gc,stats    ] All times are wall-clock times, except per-root-class counters, that are sum over
[2.422s][info   ][gc,stats    ] all workers. Dividing the <total> over the root stage time estimates parallelism.
[2.422s][info   ][gc,stats    ] 
[2.422s][info   ][gc,stats    ] Concurrent Reset                   6444 us
[2.422s][info   ][gc,stats    ] Pause Init Mark (G)                1798 us
[2.422s][info   ][gc,stats    ] Pause Init Mark (N)                 207 us
[2.422s][info   ][gc,stats    ]   Update Region States              110 us
[2.422s][info   ][gc,stats    ] Concurrent Mark Roots              4491 us, parallelism: 0.92x
[2.422s][info   ][gc,stats    ]   CMR: <total>                     4120 us
[2.422s][info   ][gc,stats    ]   CMR: Thread Roots                4066 us, workers (us): 4066, ---, 
[2.422s][info   ][gc,stats    ]   CMR: VM Strong Roots                7 us, workers (us):   7, ---, 
[2.422s][info   ][gc,stats    ]   CMR: CLDG Roots                    48 us, workers (us):  48, ---, 
[2.422s][info   ][gc,stats    ] Concurrent Marking                 2653 us
[2.422s][info   ][gc,stats    ] Pause Final Mark (G)                428 us
[2.422s][info   ][gc,stats    ] Pause Final Mark (N)                329 us
[2.422s][info   ][gc,stats    ]   Finish Mark                        92 us
[2.422s][info   ][gc,stats    ]   Update Region States               92 us
[2.422s][info   ][gc,stats    ]   Choose Collection Set              90 us
[2.422s][info   ][gc,stats    ]   Rebuild Free Set                   11 us
[2.422s][info   ][gc,stats    ] Concurrent Weak References          121 us, parallelism: 0.01x
[2.422s][info   ][gc,stats    ]   CWRF: <total>                       2 us
[2.422s][info   ][gc,stats    ]   CWRF: Weak References               2 us, workers (us):   2, ---, 
[2.422s][info   ][gc,stats    ] Concurrent Weak Roots               166 us
[2.422s][info   ][gc,stats    ]   Roots                              69 us, parallelism: 0.64x
[2.422s][info   ][gc,stats    ]     CWR: <total>                     45 us
[2.422s][info   ][gc,stats    ]     CWR: Code Cache Roots            23 us, workers (us):  23, ---, 
[2.422s][info   ][gc,stats    ]     CWR: VM Weak Roots               20 us, workers (us):  20, ---, 
[2.422s][info   ][gc,stats    ]     CWR: CLDG Roots                   2 us, workers (us):   2, ---, 
[2.422s][info   ][gc,stats    ]   Rendezvous                         72 us
[2.422s][info   ][gc,stats    ] Concurrent Cleanup                  473 us
[2.422s][info   ][gc,stats    ] Concurrent Class Unloading         8737 us
[2.422s][info   ][gc,stats    ]   Unlink Stale                      686 us
[2.422s][info   ][gc,stats    ]     System Dictionary                 4 us
[2.422s][info   ][gc,stats    ]     Weak Class Links                  1 us
[2.422s][info   ][gc,stats    ]     Code Roots                      679 us
[2.422s][info   ][gc,stats    ]   Rendezvous                       7735 us
[2.422s][info   ][gc,stats    ]   Purge Unlinked                    117 us
[2.422s][info   ][gc,stats    ]     Code Roots                       83 us
[2.422s][info   ][gc,stats    ]     CLDG                             29 us
[2.422s][info   ][gc,stats    ]     Exception Caches                  2 us
[2.422s][info   ][gc,stats    ] Pause Final Roots (G)              9523 us
[2.422s][info   ][gc,stats    ] Pause Final Roots (N)                37 us
[2.422s][info   ][gc,stats    ] Pacing                            95921 us
[2.422s][info   ][gc,stats    ] 
[2.422s][info   ][gc,stats    ] Allocation pacing accrued:
[2.422s][info   ][gc,stats    ]      17 of    45 ms ( 39.0%): Thread-0
[2.422s][info   ][gc,stats    ]      18 of    45 ms ( 40.2%): Thread-1
[2.422s][info   ][gc,stats    ]      16 of    45 ms ( 35.3%): Thread-2
[2.422s][info   ][gc,stats    ]      13 of    45 ms ( 28.7%): Thread-3
[2.422s][info   ][gc,stats    ]      16 of    45 ms ( 36.8%): Thread-4
[2.422s][info   ][gc,stats    ]       3 of    45 ms (  5.7%): Thread-5
[2.422s][info   ][gc,stats    ]      13 of    45 ms ( 29.0%): Thread-7
[2.422s][info   ][gc,stats    ]      96 of    45 ms (214.6%): <total>
[2.422s][info   ][gc,stats    ]       5 of    45 ms ( 11.3%): <average total>
[2.422s][info   ][gc,stats    ]      14 of    45 ms ( 30.7%): <average non-zero>
[2.422s][info   ][gc,stats    ] 
[2.422s][info   ][gc,metaspace] Metaspace: 211K(448K)->211K(448K) NonClass: 202K(320K)->202K(320K) Class: 9K(128K)->9K(128K)
[2.422s][info   ][gc,ergo     ] Pacer for Idle. Initial: 41943K, Alloc Tax Rate: 1.0x
[2.447s][info   ][gc          ] Trigger: Average GC time (63.61 ms) is above the time for average allocation rate (14801 MB/s) to deplete free headroom (922M) (margin of error = 1.87)
[2.447s][info   ][gc,ergo     ] Free headroom: 1025M (free) - 102M (spike) - 0B (penalties) = 922M
[2.447s][info   ][gc,ergo     ] Free: 1023M, Max: 1024K regular, 538M humongous, Frag: 48% external, 0% internal; Reserve: 103M, Max: 1024K
[2.448s][info   ][gc,start    ] GC(33) Concurrent reset
[2.448s][info   ][gc,task     ] GC(33) Using 1 of 2 workers for concurrent reset
[2.448s][info   ][gc,ergo     ] GC(33) Pacer for Reset. Non-Taxable: 2048M
[2.453s][info   ][gc          ] GC(33) Concurrent reset 5.657ms
[2.454s][info   ][gc,start    ] GC(33) Pause Init Mark (unload classes)
[2.454s][info   ][gc,task     ] GC(33) Using 2 of 2 workers for init marking
[2.454s][info   ][gc,ergo     ] GC(33) Pacer for Mark. Expected Live: 74073K, Free: 935M, Non-Taxable: 95759K, Alloc Tax Rate: 0.1x
[2.454s][info   ][gc          ] GC(33) Pause Init Mark (unload classes) 0.166ms
[2.458s][info   ][gc,start    ] GC(33) Concurrent marking roots
[2.458s][info   ][gc,task     ] GC(33) Using 1 of 2 workers for concurrent marking roots
[2.461s][info   ][gc          ] GC(33) Concurrent marking roots 2.924ms
[2.461s][info   ][gc,start    ] GC(33) Concurrent marking (unload classes)
[2.461s][info   ][gc,task     ] GC(33) Using 1 of 2 workers for concurrent marking
[2.463s][info   ][gc          ] GC(33) Concurrent marking (unload classes) 1.781ms
[2.463s][info   ][gc,start    ] GC(33) Pause Final Mark (unload classes)
[2.463s][info   ][gc,task     ] GC(33) Using 2 of 2 workers for final marking
[2.463s][info   ][gc,ergo     ] GC(33) Collectable Garbage: 488M (98%), Immediate: 488M (98%), CSet: 0B (0%)
[2.463s][info   ][gc          ] GC(33) Pause Final Mark (unload classes) 0.214ms
[2.463s][info   ][gc,start    ] GC(33) Concurrent weak references
[2.463s][info   ][gc,task     ] GC(33) Using 1 of 2 workers for concurrent weak references
[2.463s][info   ][gc,ref      ] GC(33) Encountered references: Soft: 11, Weak: 37, Final: 0, Phantom: 5
[2.463s][info   ][gc,ref      ] GC(33) Discovered  references: Soft: 0, Weak: 11, Final: 0, Phantom: 5
[2.463s][info   ][gc,ref      ] GC(33) Enqueued    references: Soft: 0, Weak: 0, Final: 0, Phantom: 0
[2.463s][info   ][gc          ] GC(33) Concurrent weak references 0.107ms
[2.463s][info   ][gc,start    ] GC(33) Concurrent weak roots
[2.463s][info   ][gc,task     ] GC(33) Using 1 of 2 workers for concurrent weak root
[2.463s][info   ][gc          ] GC(33) Concurrent weak roots 0.191ms
[2.463s][info   ][gc,start    ] GC(33) Concurrent cleanup
[2.464s][info   ][gc          ] GC(33) Concurrent cleanup 554M->66M(2048M) 0.495ms
[2.464s][info   ][gc,ergo     ] GC(33) Free: 1817M, Max: 1024K regular, 842M humongous, Frag: 54% external, 0% internal; Reserve: 103M, Max: 1024K
[2.464s][info   ][gc,start    ] GC(33) Concurrent class unloading
[2.464s][info   ][gc,task     ] GC(33) Using 1 of 2 workers for concurrent class unloading
[2.464s][info   ][gc          ] GC(33) Concurrent class unloading 0.344ms
[2.464s][info   ][gc,start    ] GC(33) Pause Final Roots
[2.464s][info   ][gc          ] GC(33) Pause Final Roots 0.021ms
[2.464s][info   ][gc,ergo     ] Free: 1817M, Max: 1024K regular, 842M humongous, Frag: 54% external, 0% internal; Reserve: 103M, Max: 1024K
[2.464s][info   ][gc,stats    ] 
[2.464s][info   ][gc,stats    ] All times are wall-clock times, except per-root-class counters, that are sum over
[2.464s][info   ][gc,stats    ] all workers. Dividing the <total> over the root stage time estimates parallelism.
[2.464s][info   ][gc,stats    ] 
[2.464s][info   ][gc,stats    ] Concurrent Reset                   5815 us
[2.464s][info   ][gc,stats    ] Pause Init Mark (G)                4568 us
[2.464s][info   ][gc,stats    ] Pause Init Mark (N)                 176 us
[2.464s][info   ][gc,stats    ]   Update Region States               76 us
[2.464s][info   ][gc,stats    ] Concurrent Mark Roots              2979 us, parallelism: 0.20x
[2.464s][info   ][gc,stats    ]   CMR: <total>                      600 us
[2.464s][info   ][gc,stats    ]   CMR: Thread Roots                 504 us, workers (us): 504, ---, 
[2.464s][info   ][gc,stats    ]   CMR: VM Strong Roots               26 us, workers (us):  26, ---, 
[2.464s][info   ][gc,stats    ]   CMR: CLDG Roots                    71 us, workers (us):  71, ---, 
[2.464s][info   ][gc,stats    ] Concurrent Marking                 1823 us
[2.464s][info   ][gc,stats    ] Pause Final Mark (G)                302 us
[2.464s][info   ][gc,stats    ] Pause Final Mark (N)                222 us
[2.464s][info   ][gc,stats    ]   Finish Mark                        46 us
[2.464s][info   ][gc,stats    ]   Update Region States               38 us
[2.464s][info   ][gc,stats    ]   Choose Collection Set              91 us
[2.464s][info   ][gc,stats    ]   Rebuild Free Set                    8 us
[2.464s][info   ][gc,stats    ] Concurrent Weak References          114 us, parallelism: 0.03x
[2.464s][info   ][gc,stats    ]   CWRF: <total>                       3 us
[2.465s][info   ][gc,stats    ]   CWRF: Weak References               3 us, workers (us):   3, ---, 
[2.465s][info   ][gc,stats    ] Concurrent Weak Roots               202 us
[2.465s][info   ][gc,stats    ]   Roots                              80 us, parallelism: 0.67x
[2.465s][info   ][gc,stats    ]     CWR: <total>                     54 us
[2.465s][info   ][gc,stats    ]     CWR: Code Cache Roots            28 us, workers (us):  28, ---, 
[2.465s][info   ][gc,stats    ]     CWR: VM Weak Roots               23 us, workers (us):  23, ---, 
[2.465s][info   ][gc,stats    ]     CWR: CLDG Roots                   2 us, workers (us):   2, ---, 
[2.465s][info   ][gc,stats    ]   Rendezvous                         96 us
[2.465s][info   ][gc,stats    ] Concurrent Cleanup                  502 us
[2.465s][info   ][gc,stats    ] Concurrent Class Unloading          362 us
[2.465s][info   ][gc,stats    ]   Unlink Stale                      222 us
[2.465s][info   ][gc,stats    ]     System Dictionary                 4 us
[2.465s][info   ][gc,stats    ]     Weak Class Links                  1 us
[2.465s][info   ][gc,stats    ]     Code Roots                      214 us
[2.465s][info   ][gc,stats    ]   Rendezvous                         51 us
[2.465s][info   ][gc,stats    ]   Purge Unlinked                     32 us
[2.465s][info   ][gc,stats    ]     Code Roots                       15 us
[2.465s][info   ][gc,stats    ]     CLDG                             15 us
[2.465s][info   ][gc,stats    ]     Exception Caches                  1 us
[2.465s][info   ][gc,stats    ] Pause Final Roots (G)               135 us
[2.465s][info   ][gc,stats    ] Pause Final Roots (N)                30 us
[2.465s][info   ][gc,stats    ] 
[2.465s][info   ][gc,stats    ] Allocation pacing accrued:
[2.465s][info   ][gc,stats    ]       0 of    43 ms (  0.0%): <total>
[2.465s][info   ][gc,stats    ]       0 of    43 ms (  0.0%): <average total>
[2.465s][info   ][gc,stats    ] 
[2.465s][info   ][gc,metaspace] Metaspace: 211K(448K)->211K(448K) NonClass: 202K(320K)->202K(320K) Class: 9K(128K)->9K(128K)
[2.465s][info   ][gc,ergo     ] Pacer for Idle. Initial: 41943K, Alloc Tax Rate: 1.0x
[2.529s][info   ][gc          ] Trigger: Average GC time (59.69 ms) is above the time for average allocation rate (14755 MB/s) to deplete free headroom (870M) (margin of error = 1.84)
[2.530s][info   ][gc,ergo     ] Free headroom: 973M (free) - 102M (spike) - 0B (penalties) = 870M
[2.530s][info   ][gc,ergo     ] Free: 969M, Max: 1024K regular, 842M humongous, Frag: 14% external, 0% internal; Reserve: 103M, Max: 1024K
[2.530s][info   ][gc,start    ] GC(34) Concurrent reset
[2.530s][info   ][gc,task     ] GC(34) Using 1 of 2 workers for concurrent reset
[2.530s][info   ][gc,ergo     ] GC(34) Pacer for Reset. Non-Taxable: 2048M
[2.532s][info   ][gc          ] GC(34) Concurrent reset 2.335ms
[2.534s][info   ][gc,start    ] GC(34) Pause Init Mark (unload classes)
[2.534s][info   ][gc,task     ] GC(34) Using 2 of 2 workers for init marking
[2.534s][info   ][gc,ergo     ] GC(34) Pacer for Mark. Expected Live: 58099K, Free: 915M, Non-Taxable: 93711K, Alloc Tax Rate: 0.1x
[2.534s][info   ][gc          ] GC(34) Pause Init Mark (unload classes) 0.154ms
[2.535s][info   ][gc,start    ] GC(34) Concurrent marking roots
[2.535s][info   ][gc,task     ] GC(34) Using 1 of 2 workers for concurrent marking roots
[2.535s][info   ][gc          ] GC(34) Concurrent marking roots 0.341ms
[2.535s][info   ][gc,start    ] GC(34) Concurrent marking (unload classes)
[2.535s][info   ][gc,task     ] GC(34) Using 1 of 2 workers for concurrent marking
[2.546s][info   ][gc          ] GC(34) Concurrent marking (unload classes) 10.944ms
[2.546s][info   ][gc,start    ] GC(34) Pause Final Mark (unload classes)
[2.546s][info   ][gc,task     ] GC(34) Using 2 of 2 workers for final marking
[2.549s][info   ][gc,ergo     ] GC(34) Collectable Garbage: 499M (98%), Immediate: 499M (98%), CSet: 0B (0%)
[2.549s][info   ][gc          ] GC(34) Pause Final Mark (unload classes) 2.730ms
[2.549s][info   ][gc,start    ] GC(34) Concurrent weak references
[2.549s][info   ][gc,task     ] GC(34) Using 1 of 2 workers for concurrent weak references
[2.549s][info   ][gc,ref      ] GC(34) Encountered references: Soft: 11, Weak: 37, Final: 0, Phantom: 5
[2.549s][info   ][gc,ref      ] GC(34) Discovered  references: Soft: 0, Weak: 11, Final: 0, Phantom: 5
[2.549s][info   ][gc,ref      ] GC(34) Enqueued    references: Soft: 0, Weak: 0, Final: 0, Phantom: 0
[2.549s][info   ][gc          ] GC(34) Concurrent weak references 0.058ms
[2.549s][info   ][gc,start    ] GC(34) Concurrent weak roots
[2.549s][info   ][gc,task     ] GC(34) Using 1 of 2 workers for concurrent weak root
[2.549s][info   ][gc          ] GC(34) Concurrent weak roots 0.180ms
[2.549s][info   ][gc,start    ] GC(34) Concurrent cleanup
[2.550s][info   ][gc          ] GC(34) Concurrent cleanup 602M->105M(2048M) 0.538ms
[2.550s][info   ][gc,ergo     ] GC(34) Free: 1739M, Max: 1024K regular, 744M humongous, Frag: 58% external, 0% internal; Reserve: 103M, Max: 1024K
[2.550s][info   ][gc,start    ] GC(34) Concurrent class unloading
[2.550s][info   ][gc,task     ] GC(34) Using 1 of 2 workers for concurrent class unloading
[2.551s][info   ][gc          ] GC(34) Concurrent class unloading 1.100ms
[2.554s][info   ][gc,start    ] GC(34) Pause Final Roots
[2.555s][info   ][gc          ] GC(34) Pause Final Roots 0.089ms
[2.557s][info   ][gc,ergo     ] Free: 1643M, Max: 1024K regular, 744M humongous, Frag: 55% external, 0% internal; Reserve: 103M, Max: 1024K
[2.557s][info   ][gc,stats    ] 
[2.557s][info   ][gc,stats    ] All times are wall-clock times, except per-root-class counters, that are sum over
[2.557s][info   ][gc,stats    ] all workers. Dividing the <total> over the root stage time estimates parallelism.
[2.557s][info   ][gc,stats    ] 
[2.557s][info   ][gc,stats    ] Concurrent Reset                   2424 us
[2.557s][info   ][gc,stats    ] Pause Init Mark (G)                2447 us
[2.557s][info   ][gc,stats    ] Pause Init Mark (N)                 164 us
[2.557s][info   ][gc,stats    ]   Update Region States               79 us
[2.557s][info   ][gc,stats    ] Concurrent Mark Roots               358 us, parallelism: 0.80x
[2.557s][info   ][gc,stats    ]   CMR: <total>                      285 us
[2.557s][info   ][gc,stats    ]   CMR: Thread Roots                 243 us, workers (us): 243, ---, 
[2.557s][info   ][gc,stats    ]   CMR: VM Strong Roots                6 us, workers (us):   6, ---, 
[2.557s][info   ][gc,stats    ]   CMR: CLDG Roots                    37 us, workers (us):  37, ---, 
[2.557s][info   ][gc,stats    ] Concurrent Marking                11002 us
[2.557s][info   ][gc,stats    ] Pause Final Mark (G)               2805 us
[2.557s][info   ][gc,stats    ] Pause Final Mark (N)               2738 us
[2.557s][info   ][gc,stats    ]   Finish Mark                      2584 us
[2.557s][info   ][gc,stats    ]   Update Region States               38 us
[2.557s][info   ][gc,stats    ]   Choose Collection Set              75 us
[2.557s][info   ][gc,stats    ]   Rebuild Free Set                    9 us
[2.557s][info   ][gc,stats    ] Concurrent Weak References           65 us, parallelism: 0.13x
[2.557s][info   ][gc,stats    ]   CWRF: <total>                       8 us
[2.557s][info   ][gc,stats    ]   CWRF: Weak References               8 us, workers (us):   8, ---, 
[2.557s][info   ][gc,stats    ] Concurrent Weak Roots               187 us
[2.557s][info   ][gc,stats    ]   Roots                             122 us, parallelism: 0.80x
[2.557s][info   ][gc,stats    ]     CWR: <total>                     97 us
[2.557s][info   ][gc,stats    ]     CWR: Code Cache Roots            50 us, workers (us):  50, ---, 
[2.557s][info   ][gc,stats    ]     CWR: VM Weak Roots               44 us, workers (us):  44, ---, 
[2.557s][info   ][gc,stats    ]     CWR: CLDG Roots                   3 us, workers (us):   3, ---, 
[2.557s][info   ][gc,stats    ]   Rendezvous                         45 us
[2.557s][info   ][gc,stats    ] Concurrent Cleanup                  550 us
[2.557s][info   ][gc,stats    ] Concurrent Class Unloading         1119 us
[2.557s][info   ][gc,stats    ]   Unlink Stale                      160 us
[2.557s][info   ][gc,stats    ]     System Dictionary                 4 us
[2.557s][info   ][gc,stats    ]     Weak Class Links                  1 us
[2.557s][info   ][gc,stats    ]     Code Roots                      153 us
[2.557s][info   ][gc,stats    ]   Rendezvous                        844 us
[2.557s][info   ][gc,stats    ]   Purge Unlinked                     79 us
[2.557s][info   ][gc,stats    ]     Code Roots                       59 us
[2.557s][info   ][gc,stats    ]     CLDG                             17 us
[2.557s][info   ][gc,stats    ]     Exception Caches                  1 us
[2.557s][info   ][gc,stats    ] Pause Final Roots (G)              6236 us
[2.557s][info   ][gc,stats    ] Pause Final Roots (N)               103 us
[2.557s][info   ][gc,stats    ] Pacing                           119623 us
[2.557s][info   ][gc,stats    ] 
[2.557s][info   ][gc,stats    ] Allocation pacing accrued:
[2.557s][info   ][gc,stats    ]      11 of    93 ms ( 12.1%): Thread-0
[2.557s][info   ][gc,stats    ]      13 of    93 ms ( 13.6%): Thread-1
[2.557s][info   ][gc,stats    ]      16 of    93 ms ( 17.7%): Thread-2
[2.557s][info   ][gc,stats    ]       9 of    93 ms ( 10.0%): Thread-3
[2.557s][info   ][gc,stats    ]      15 of    93 ms ( 16.0%): Thread-4
[2.557s][info   ][gc,stats    ]      16 of    93 ms ( 17.2%): Thread-5
[2.557s][info   ][gc,stats    ]      20 of    93 ms ( 21.8%): Thread-6
[2.557s][info   ][gc,stats    ]      19 of    93 ms ( 20.6%): Thread-7
[2.557s][info   ][gc,stats    ]     120 of    93 ms (129.0%): <total>
[2.557s][info   ][gc,stats    ]       6 of    93 ms (  6.8%): <average total>
[2.557s][info   ][gc,stats    ]      15 of    93 ms ( 16.1%): <average non-zero>
[2.557s][info   ][gc,stats    ] 
[2.557s][info   ][gc,metaspace] Metaspace: 211K(448K)->211K(448K) NonClass: 202K(320K)->202K(320K) Class: 9K(128K)->9K(128K)
[2.557s][info   ][gc,ergo     ] Pacer for Idle. Initial: 41943K, Alloc Tax Rate: 1.0x
[2.615s][info   ][gc          ] Trigger: Average GC time (49.56 ms) is above the time for average allocation rate (14728 MB/s) to deplete free headroom (720M) (margin of error = 1.83)
[2.615s][info   ][gc,ergo     ] Free headroom: 823M (free) - 102M (spike) - 0B (penalties) = 720M
[2.618s][info   ][gc,ergo     ] Free: 777M, Max: 1024K regular, 744M humongous, Frag: 5% external, 0% internal; Reserve: 103M, Max: 1024K
[2.618s][info   ][gc,start    ] GC(35) Concurrent reset
[2.618s][info   ][gc,task     ] GC(35) Using 1 of 2 workers for concurrent reset
[2.618s][info   ][gc,ergo     ] GC(35) Pacer for Reset. Non-Taxable: 2048M
[2.619s][info   ][gc          ] GC(35) Concurrent reset 0.664ms
[2.621s][info   ][gc,start    ] GC(35) Pause Init Mark (unload classes)
[2.621s][info   ][gc,task     ] GC(35) Using 2 of 2 workers for init marking
[2.621s][info   ][gc,ergo     ] GC(35) Pacer for Mark. Expected Live: 49702K, Free: 739M, Non-Taxable: 75688K, Alloc Tax Rate: 0.1x
[2.621s][info   ][gc          ] GC(35) Pause Init Mark (unload classes) 0.238ms
[2.622s][info   ][gc,start    ] GC(35) Concurrent marking roots
[2.622s][info   ][gc,task     ] GC(35) Using 1 of 2 workers for concurrent marking roots
[2.622s][info   ][gc          ] GC(35) Concurrent marking roots 0.311ms
[2.622s][info   ][gc,start    ] GC(35) Concurrent marking (unload classes)
[2.622s][info   ][gc,task     ] GC(35) Using 1 of 2 workers for concurrent marking
[2.627s][info   ][gc          ] GC(35) Concurrent marking (unload classes) 5.133ms
[2.627s][info   ][gc,start    ] GC(35) Pause Final Mark (unload classes)
[2.627s][info   ][gc,task     ] GC(35) Using 2 of 2 workers for final marking
[2.627s][info   ][gc,ergo     ] GC(35) Collectable Garbage: 581M (99%), Immediate: 581M (99%), CSet: 0B (0%)
[2.627s][info   ][gc          ] GC(35) Pause Final Mark (unload classes) 0.388ms
[2.627s][info   ][gc,start    ] GC(35) Concurrent weak references
[2.627s][info   ][gc,task     ] GC(35) Using 1 of 2 workers for concurrent weak references
[2.628s][info   ][gc,ref      ] GC(35) Encountered references: Soft: 11, Weak: 37, Final: 0, Phantom: 5
[2.628s][info   ][gc,ref      ] GC(35) Discovered  references: Soft: 0, Weak: 11, Final: 0, Phantom: 5
[2.628s][info   ][gc,ref      ] GC(35) Enqueued    references: Soft: 0, Weak: 0, Final: 0, Phantom: 0
[2.628s][info   ][gc          ] GC(35) Concurrent weak references 0.106ms
[2.628s][info   ][gc,start    ] GC(35) Concurrent weak roots
[2.628s][info   ][gc,task     ] GC(35) Using 1 of 2 workers for concurrent weak root
[2.628s][info   ][gc          ] GC(35) Concurrent weak roots 0.184ms
[2.628s][info   ][gc,start    ] GC(35) Concurrent cleanup
[2.629s][info   ][gc          ] GC(35) Concurrent cleanup 642M->61M(2048M) 0.719ms
[2.629s][info   ][gc,ergo     ] GC(35) Free: 1827M, Max: 1024K regular, 664M humongous, Frag: 64% external, 0% internal; Reserve: 103M, Max: 1024K
[2.629s][info   ][gc,start    ] GC(35) Concurrent class unloading
[2.629s][info   ][gc,task     ] GC(35) Using 1 of 2 workers for concurrent class unloading
[2.629s][info   ][gc          ] GC(35) Concurrent class unloading 0.322ms
[2.629s][info   ][gc,start    ] GC(35) Pause Final Roots
[2.629s][info   ][gc          ] GC(35) Pause Final Roots 0.010ms
[2.629s][info   ][gc,ergo     ] Free: 1827M, Max: 1024K regular, 664M humongous, Frag: 64% external, 0% internal; Reserve: 103M, Max: 1024K
[2.629s][info   ][gc,stats    ] 
[2.629s][info   ][gc,stats    ] All times are wall-clock times, except per-root-class counters, that are sum over
[2.629s][info   ][gc,stats    ] all workers. Dividing the <total> over the root stage time estimates parallelism.
[2.629s][info   ][gc,stats    ] 
[2.629s][info   ][gc,stats    ] Concurrent Reset                    690 us
[2.629s][info   ][gc,stats    ] Pause Init Mark (G)                2654 us
[2.629s][info   ][gc,stats    ] Pause Init Mark (N)                 246 us
[2.629s][info   ][gc,stats    ]   Update Region States              142 us
[2.629s][info   ][gc,stats    ] Concurrent Mark Roots               332 us, parallelism: 0.60x
[2.629s][info   ][gc,stats    ]   CMR: <total>                      199 us
[2.629s][info   ][gc,stats    ]   CMR: Thread Roots                 161 us, workers (us): 161, ---, 
[2.629s][info   ][gc,stats    ]   CMR: VM Strong Roots                6 us, workers (us):   6, ---, 
[2.629s][info   ][gc,stats    ]   CMR: CLDG Roots                    33 us, workers (us):  33, ---, 
[2.629s][info   ][gc,stats    ] Concurrent Marking                 5171 us
[2.629s][info   ][gc,stats    ] Pause Final Mark (G)                446 us
[2.629s][info   ][gc,stats    ] Pause Final Mark (N)                396 us
[2.629s][info   ][gc,stats    ]   Finish Mark                       179 us
[2.629s][info   ][gc,stats    ]   Update Region States               86 us
[2.629s][info   ][gc,stats    ]   Choose Collection Set              89 us
[2.629s][info   ][gc,stats    ]   Rebuild Free Set                    8 us
[2.629s][info   ][gc,stats    ] Concurrent Weak References          112 us, parallelism: 0.02x
[2.629s][info   ][gc,stats    ]   CWRF: <total>                       2 us
[2.629s][info   ][gc,stats    ]   CWRF: Weak References               2 us, workers (us):   2, ---, 
[2.629s][info   ][gc,stats    ] Concurrent Weak Roots               200 us
[2.629s][info   ][gc,stats    ]   Roots                             123 us, parallelism: 0.41x
[2.629s][info   ][gc,stats    ]     CWR: <total>                     51 us
[2.629s][info   ][gc,stats    ]     CWR: Code Cache Roots            27 us, workers (us):  27, ---, 
[2.629s][info   ][gc,stats    ]     CWR: VM Weak Roots               22 us, workers (us):  22, ---, 
[2.629s][info   ][gc,stats    ]     CWR: CLDG Roots                   2 us, workers (us):   2, ---, 
[2.629s][info   ][gc,stats    ]   Rendezvous                         47 us
[2.629s][info   ][gc,stats    ] Concurrent Cleanup                  742 us
[2.629s][info   ][gc,stats    ] Concurrent Class Unloading          335 us
[2.629s][info   ][gc,stats    ]   Unlink Stale                      173 us
[2.629s][info   ][gc,stats    ]     System Dictionary                 5 us
[2.629s][info   ][gc,stats    ]     Weak Class Links                  1 us
[2.629s][info   ][gc,stats    ]     Code Roots                      165 us
[2.629s][info   ][gc,stats    ]   Rendezvous                         56 us
[2.629s][info   ][gc,stats    ]   Purge Unlinked                     74 us
[2.629s][info   ][gc,stats    ]     Code Roots                       57 us
[2.629s][info   ][gc,stats    ]     CLDG                             14 us
[2.629s][info   ][gc,stats    ]     Exception Caches                  1 us
[2.629s][info   ][gc,stats    ] Pause Final Roots (G)                67 us
[2.629s][info   ][gc,stats    ] Pause Final Roots (N)                17 us
[2.629s][info   ][gc,stats    ] Pacing                            47054 us
[2.629s][info   ][gc,stats    ] 
[2.629s][info   ][gc,stats    ] Allocation pacing accrued:
[2.629s][info   ][gc,stats    ]       5 of    72 ms (  6.5%): Thread-0
[2.629s][info   ][gc,stats    ]       5 of    72 ms (  6.5%): Thread-1
[2.629s][info   ][gc,stats    ]       4 of    72 ms (  6.2%): Thread-2
[2.629s][info   ][gc,stats    ]       8 of    72 ms ( 10.7%): Thread-3
[2.629s][info   ][gc,stats    ]       6 of    72 ms (  8.0%): Thread-4
[2.629s][info   ][gc,stats    ]       8 of    72 ms ( 10.6%): Thread-5
[2.629s][info   ][gc,stats    ]       7 of    72 ms ( 10.3%): Thread-6
[2.629s][info   ][gc,stats    ]       5 of    72 ms (  6.8%): Thread-7
[2.629s][info   ][gc,stats    ]      47 of    72 ms ( 65.4%): <total>
[2.629s][info   ][gc,stats    ]       2 of    72 ms (  3.4%): <average total>
[2.629s][info   ][gc,stats    ]       6 of    72 ms (  8.2%): <average non-zero>
[2.629s][info   ][gc,stats    ] 
[2.629s][info   ][gc,metaspace] Metaspace: 211K(448K)->211K(448K) NonClass: 202K(320K)->202K(320K) Class: 9K(128K)->9K(128K)
[2.629s][info   ][gc,ergo     ] Pacer for Idle. Initial: 41943K, Alloc Tax Rate: 1.0x
[2.699s][info   ][gc          ] Trigger: Average GC time (41.82 ms) is above the time for average allocation rate (14696 MB/s) to deplete free headroom (612M) (margin of error = 1.81)
[2.699s][info   ][gc,ergo     ] Free headroom: 715M (free) - 102M (spike) - 0B (penalties) = 612M
[2.699s][info   ][gc,ergo     ] Free: 711M, Max: 1024K regular, 664M humongous, Frag: 7% external, 0% internal; Reserve: 103M, Max: 1024K
[2.699s][info   ][gc,start    ] GC(36) Concurrent reset
[2.699s][info   ][gc,task     ] GC(36) Using 1 of 2 workers for concurrent reset
[2.699s][info   ][gc,ergo     ] GC(36) Pacer for Reset. Non-Taxable: 2048M
[2.703s][info   ][gc          ] GC(36) Concurrent reset 3.887ms
[2.706s][info   ][gc,start    ] GC(36) Pause Init Mark (unload classes)
[2.706s][info   ][gc,task     ] GC(36) Using 2 of 2 workers for init marking
[2.706s][info   ][gc,ergo     ] GC(36) Pacer for Mark. Expected Live: 40895K, Free: 617M, Non-Taxable: 63195K, Alloc Tax Rate: 0.1x
[2.706s][info   ][gc          ] GC(36) Pause Init Mark (unload classes) 0.190ms
[2.706s][info   ][gc,start    ] GC(36) Concurrent marking roots
[2.706s][info   ][gc,task     ] GC(36) Using 1 of 2 workers for concurrent marking roots
[2.709s][info   ][gc          ] GC(36) Concurrent marking roots 3.109ms
[2.709s][info   ][gc,start    ] GC(36) Concurrent marking (unload classes)
[2.709s][info   ][gc,task     ] GC(36) Using 1 of 2 workers for concurrent marking
[2.723s][info   ][gc          ] GC(36) Concurrent marking (unload classes) 13.557ms
[2.724s][info   ][gc,start    ] GC(36) Pause Final Mark (unload classes)
[2.724s][info   ][gc,task     ] GC(36) Using 2 of 2 workers for final marking
[2.725s][info   ][gc,ergo     ] GC(36) Collectable Garbage: 593M (99%), Immediate: 593M (99%), CSet: 0B (0%)
[2.725s][info   ][gc          ] GC(36) Pause Final Mark (unload classes) 0.357ms
[2.725s][info   ][gc,start    ] GC(36) Concurrent weak references
[2.725s][info   ][gc,task     ] GC(36) Using 1 of 2 workers for concurrent weak references
[2.728s][info   ][gc,ref      ] GC(36) Encountered references: Soft: 11, Weak: 37, Final: 0, Phantom: 5
[2.728s][info   ][gc,ref      ] GC(36) Discovered  references: Soft: 0, Weak: 11, Final: 0, Phantom: 5
[2.728s][info   ][gc,ref      ] GC(36) Enqueued    references: Soft: 0, Weak: 0, Final: 0, Phantom: 0
[2.728s][info   ][gc          ] GC(36) Concurrent weak references 3.722ms
[2.728s][info   ][gc,start    ] GC(36) Concurrent weak roots
[2.728s][info   ][gc,task     ] GC(36) Using 1 of 2 workers for concurrent weak root
[2.745s][info   ][gc          ] GC(36) Concurrent weak roots 16.860ms
[2.745s][info   ][gc,start    ] GC(36) Concurrent cleanup
[2.746s][info   ][gc          ] GC(36) Concurrent cleanup 938M->350M(2048M) 0.681ms
[2.746s][info   ][gc,ergo     ] GC(36) Free: 1249M, Max: 1024K regular, 294M humongous, Frag: 77% external, 0% internal; Reserve: 103M, Max: 1024K
[2.746s][info   ][gc,start    ] GC(36) Concurrent class unloading
[2.746s][info   ][gc,task     ] GC(36) Using 1 of 2 workers for concurrent class unloading
[2.755s][info   ][gc          ] GC(36) Concurrent class unloading 8.555ms
[2.756s][info   ][gc,start    ] GC(36) Pause Final Roots
[2.756s][info   ][gc          ] GC(36) Pause Final Roots 0.071ms
[2.762s][info   ][gc,ergo     ] Free: 1001M, Max: 1024K regular, 268M humongous, Frag: 74% external, 0% internal; Reserve: 103M, Max: 1024K
[2.762s][info   ][gc,stats    ] 
[2.762s][info   ][gc,stats    ] All times are wall-clock times, except per-root-class counters, that are sum over
[2.762s][info   ][gc,stats    ] all workers. Dividing the <total> over the root stage time estimates parallelism.
[2.762s][info   ][gc,stats    ] 
[2.762s][info   ][gc,stats    ] Concurrent Reset                   3951 us
[2.762s][info   ][gc,stats    ] Pause Init Mark (G)                3005 us
[2.762s][info   ][gc,stats    ] Pause Init Mark (N)                 198 us
[2.762s][info   ][gc,stats    ]   Update Region States              118 us
[2.762s][info   ][gc,stats    ] Concurrent Mark Roots              3152 us, parallelism: 0.10x
[2.762s][info   ][gc,stats    ]   CMR: <total>                      310 us
[2.762s][info   ][gc,stats    ]   CMR: Thread Roots                 193 us, workers (us): 193, ---, 
[2.762s][info   ][gc,stats    ]   CMR: VM Strong Roots               14 us, workers (us):  14, ---, 
[2.762s][info   ][gc,stats    ]   CMR: CLDG Roots                   103 us, workers (us): 103, ---, 
[2.762s][info   ][gc,stats    ] Concurrent Marking                13733 us
[2.762s][info   ][gc,stats    ] Pause Final Mark (G)               1564 us
[2.762s][info   ][gc,stats    ] Pause Final Mark (N)                366 us
[2.762s][info   ][gc,stats    ]   Finish Mark                        66 us
[2.762s][info   ][gc,stats    ]   Update Region States               55 us
[2.762s][info   ][gc,stats    ]   Choose Collection Set             185 us
[2.762s][info   ][gc,stats    ]   Rebuild Free Set                   13 us
[2.762s][info   ][gc,stats    ] Concurrent Weak References         3759 us, parallelism: 0.00x
[2.762s][info   ][gc,stats    ]   CWRF: <total>                      18 us
[2.762s][info   ][gc,stats    ]   CWRF: Weak References              18 us, workers (us):  18, ---, 
[2.762s][info   ][gc,stats    ] Concurrent Weak Roots             16929 us
[2.762s][info   ][gc,stats    ]   Roots                            2332 us, parallelism: 0.07x
[2.762s][info   ][gc,stats    ]     CWR: <total>                    174 us
[2.762s][info   ][gc,stats    ]     CWR: Code Cache Roots           101 us, workers (us): 101, ---, 
[2.762s][info   ][gc,stats    ]     CWR: VM Weak Roots               68 us, workers (us):  68, ---, 
[2.762s][info   ][gc,stats    ]     CWR: CLDG Roots                   5 us, workers (us):   5, ---, 
[2.762s][info   ][gc,stats    ]   Rendezvous                      14495 us
[2.762s][info   ][gc,stats    ] Concurrent Cleanup                  693 us
[2.762s][info   ][gc,stats    ] Concurrent Class Unloading         8831 us
[2.762s][info   ][gc,stats    ]   Unlink Stale                     2123 us
[2.762s][info   ][gc,stats    ]     System Dictionary                17 us
[2.762s][info   ][gc,stats    ]     Weak Class Links                  1 us
[2.762s][info   ][gc,stats    ]     Code Roots                     2100 us
[2.762s][info   ][gc,stats    ]   Rendezvous                       4175 us
[2.762s][info   ][gc,stats    ]   Purge Unlinked                   2220 us
[2.762s][info   ][gc,stats    ]     Code Roots                     2203 us
[2.762s][info   ][gc,stats    ]     CLDG                             13 us
[2.762s][info   ][gc,stats    ]     Exception Caches                  2 us
[2.762s][info   ][gc,stats    ] Pause Final Roots (G)              6548 us
[2.762s][info   ][gc,stats    ] Pause Final Roots (N)                95 us
[2.762s][info   ][gc,stats    ] Pacing                            56846 us
[2.762s][info   ][gc,stats    ] 
[2.762s][info   ][gc,stats    ] Allocation pacing accrued:
[2.762s][info   ][gc,stats    ]       6 of   133 ms (  4.5%): Thread-0
[2.762s][info   ][gc,stats    ]       9 of   133 ms (  6.7%): Thread-1
[2.762s][info   ][gc,stats    ]       8 of   133 ms (  6.0%): Thread-2
[2.762s][info   ][gc,stats    ]       8 of   133 ms (  5.9%): Thread-3
[2.762s][info   ][gc,stats    ]       6 of   133 ms (  4.3%): Thread-4
[2.762s][info   ][gc,stats    ]       6 of   133 ms (  4.2%): Thread-5
[2.762s][info   ][gc,stats    ]       9 of   133 ms (  7.0%): Thread-6
[2.762s][info   ][gc,stats    ]       6 of   133 ms (  4.2%): Thread-7
[2.762s][info   ][gc,stats    ]      57 of   133 ms ( 42.8%): <total>
[2.762s][info   ][gc,stats    ]       3 of   133 ms (  2.3%): <average total>
[2.762s][info   ][gc,stats    ]       7 of   133 ms (  5.4%): <average non-zero>
[2.762s][info   ][gc,stats    ] 
[2.762s][info   ][gc,metaspace] Metaspace: 211K(448K)->211K(448K) NonClass: 202K(320K)->202K(320K) Class: 9K(128K)->9K(128K)
[2.762s][info   ][gc,ergo     ] Pacer for Idle. Initial: 41943K, Alloc Tax Rate: 1.0x
[2.764s][info   ][gc          ] Trigger: Average GC time (82.72 ms) is above the time for average allocation rate (14719 MB/s) to deplete free headroom (868M) (margin of error = 1.82)
[2.764s][info   ][gc,ergo     ] Free headroom: 971M (free) - 102M (spike) - 0B (penalties) = 868M
[2.764s][info   ][gc,ergo     ] Free: 969M, Max: 1024K regular, 236M humongous, Frag: 76% external, 0% internal; Reserve: 103M, Max: 1024K
[2.764s][info   ][gc,start    ] GC(37) Concurrent reset
[2.764s][info   ][gc,task     ] GC(37) Using 1 of 2 workers for concurrent reset
[2.764s][info   ][gc,ergo     ] GC(37) Pacer for Reset. Non-Taxable: 2048M
[2.765s][info   ][gc          ] GC(37) Concurrent reset 1.369ms
[2.768s][info   ][gc,start    ] GC(37) Pause Init Mark (unload classes)
[2.768s][info   ][gc,task     ] GC(37) Using 2 of 2 workers for init marking
[2.768s][info   ][gc,ergo     ] GC(37) Pacer for Mark. Expected Live: 41305K, Free: 925M, Non-Taxable: 94735K, Alloc Tax Rate: 0.1x
[2.768s][info   ][gc          ] GC(37) Pause Init Mark (unload classes) 0.189ms
[2.768s][info   ][gc,start    ] GC(37) Concurrent marking roots
[2.768s][info   ][gc,task     ] GC(37) Using 1 of 2 workers for concurrent marking roots
[2.768s][info   ][gc          ] GC(37) Concurrent marking roots 0.269ms
[2.768s][info   ][gc,start    ] GC(37) Concurrent marking (unload classes)
[2.768s][info   ][gc,task     ] GC(37) Using 1 of 2 workers for concurrent marking
[2.782s][info   ][gc          ] GC(37) Concurrent marking (unload classes) 13.991ms
[2.783s][info   ][gc,start    ] GC(37) Pause Final Mark (unload classes)
[2.783s][info   ][gc,task     ] GC(37) Using 2 of 2 workers for final marking
[2.783s][info   ][gc,ergo     ] GC(37) Collectable Garbage: 391M (98%), Immediate: 391M (98%), CSet: 0B (0%)
[2.783s][info   ][gc          ] GC(37) Pause Final Mark (unload classes) 0.266ms
[2.785s][info   ][gc,start    ] GC(37) Concurrent weak references
[2.785s][info   ][gc,task     ] GC(37) Using 1 of 2 workers for concurrent weak references
[2.786s][info   ][gc,ref      ] GC(37) Encountered references: Soft: 11, Weak: 37, Final: 0, Phantom: 5
[2.786s][info   ][gc,ref      ] GC(37) Discovered  references: Soft: 0, Weak: 11, Final: 0, Phantom: 5
[2.786s][info   ][gc,ref      ] GC(37) Enqueued    references: Soft: 0, Weak: 0, Final: 0, Phantom: 0
[2.786s][info   ][gc          ] GC(37) Concurrent weak references 1.735ms
[2.786s][info   ][gc,start    ] GC(37) Concurrent weak roots
[2.786s][info   ][gc,task     ] GC(37) Using 1 of 2 workers for concurrent weak root
[2.791s][info   ][gc          ] GC(37) Concurrent weak roots 4.227ms
[2.791s][info   ][gc,start    ] GC(37) Concurrent cleanup
[2.792s][info   ][gc          ] GC(37) Concurrent cleanup 686M->301M(2048M) 0.973ms
[2.792s][info   ][gc,ergo     ] GC(37) Free: 1347M, Max: 1024K regular, 388M humongous, Frag: 72% external, 0% internal; Reserve: 103M, Max: 1024K
[2.792s][info   ][gc,start    ] GC(37) Concurrent class unloading
[2.792s][info   ][gc,task     ] GC(37) Using 1 of 2 workers for concurrent class unloading
[2.797s][info   ][gc          ] GC(37) Concurrent class unloading 5.226ms
[2.798s][info   ][gc,start    ] GC(37) Pause Final Roots
[2.798s][info   ][gc          ] GC(37) Pause Final Roots 0.027ms
[2.804s][info   ][gc,ergo     ] Free: 1161M, Max: 1024K regular, 344M humongous, Frag: 71% external, 0% internal; Reserve: 103M, Max: 1024K
[2.805s][info   ][gc,stats    ] 
[2.805s][info   ][gc,stats    ] All times are wall-clock times, except per-root-class counters, that are sum over
[2.805s][info   ][gc,stats    ] all workers. Dividing the <total> over the root stage time estimates parallelism.
[2.805s][info   ][gc,stats    ] 
[2.805s][info   ][gc,stats    ] Concurrent Reset                   1409 us
[2.805s][info   ][gc,stats    ] Pause Init Mark (G)                2646 us
[2.805s][info   ][gc,stats    ] Pause Init Mark (N)                 197 us
[2.805s][info   ][gc,stats    ]   Update Region States              121 us
[2.805s][info   ][gc,stats    ] Concurrent Mark Roots               285 us, parallelism: 0.58x
[2.805s][info   ][gc,stats    ]   CMR: <total>                      165 us
[2.805s][info   ][gc,stats    ]   CMR: Thread Roots                 134 us, workers (us): 134, ---, 
[2.805s][info   ][gc,stats    ]   CMR: VM Strong Roots                4 us, workers (us):   4, ---, 
[2.805s][info   ][gc,stats    ]   CMR: CLDG Roots                    26 us, workers (us):  26, ---, 
[2.805s][info   ][gc,stats    ] Concurrent Marking                14114 us
[2.805s][info   ][gc,stats    ] Pause Final Mark (G)               2384 us
[2.805s][info   ][gc,stats    ] Pause Final Mark (N)                274 us
[2.805s][info   ][gc,stats    ]   Finish Mark                        55 us
[2.805s][info   ][gc,stats    ]   Update Region States               67 us
[2.805s][info   ][gc,stats    ]   Choose Collection Set              87 us
[2.805s][info   ][gc,stats    ]   Rebuild Free Set                   11 us
[2.805s][info   ][gc,stats    ] Concurrent Weak References         1743 us, parallelism: 0.01x
[2.805s][info   ][gc,stats    ]   CWRF: <total>                      20 us
[2.805s][info   ][gc,stats    ]   CWRF: Weak References              20 us, workers (us):  20, ---, 
[2.805s][info   ][gc,stats    ] Concurrent Weak Roots              4409 us
[2.805s][info   ][gc,stats    ]   Roots                            2316 us, parallelism: 0.09x
[2.805s][info   ][gc,stats    ]     CWR: <total>                    197 us
[2.805s][info   ][gc,stats    ]     CWR: Code Cache Roots           112 us, workers (us): 112, ---, 
[2.805s][info   ][gc,stats    ]     CWR: VM Weak Roots               80 us, workers (us):  80, ---, 
[2.805s][info   ][gc,stats    ]     CWR: CLDG Roots                   5 us, workers (us):   5, ---, 
[2.805s][info   ][gc,stats    ]   Rendezvous                       1883 us
[2.805s][info   ][gc,stats    ] Concurrent Cleanup                 1003 us
[2.805s][info   ][gc,stats    ] Concurrent Class Unloading         5326 us
[2.805s][info   ][gc,stats    ]   Unlink Stale                      585 us
[2.805s][info   ][gc,stats    ]     System Dictionary                10 us
[2.805s][info   ][gc,stats    ]     Weak Class Links                  1 us
[2.805s][info   ][gc,stats    ]     Code Roots                      571 us
[2.805s][info   ][gc,stats    ]   Rendezvous                       4423 us
[2.805s][info   ][gc,stats    ]   Purge Unlinked                    185 us
[2.805s][info   ][gc,stats    ]     Code Roots                      171 us
[2.805s][info   ][gc,stats    ]     CLDG                             10 us
[2.805s][info   ][gc,stats    ]     Exception Caches                  1 us
[2.805s][info   ][gc,stats    ] Pause Final Roots (G)              7117 us
[2.805s][info   ][gc,stats    ] Pause Final Roots (N)                35 us
[2.805s][info   ][gc,stats    ] 
[2.805s][info   ][gc,stats    ] Allocation pacing accrued:
[2.805s][info   ][gc,stats    ]       0 of    43 ms (  0.0%): <total>
[2.805s][info   ][gc,stats    ]       0 of    43 ms (  0.0%): <average total>
[2.805s][info   ][gc,stats    ] 
[2.805s][info   ][gc,metaspace] Metaspace: 211K(448K)->211K(448K) NonClass: 202K(320K)->202K(320K) Class: 9K(128K)->9K(128K)
[2.805s][info   ][gc,ergo     ] Pacer for Idle. Initial: 41943K, Alloc Tax Rate: 1.0x
[2.806s][info   ][gc          ] Trigger: Average GC time (70.35 ms) is above the time for average allocation rate (14731 MB/s) to deplete free headroom (1034M) (margin of error = 1.83)
[2.806s][info   ][gc,ergo     ] Free headroom: 1137M (free) - 102M (spike) - 0B (penalties) = 1034M
[2.806s][info   ][gc,ergo     ] Free: 1133M, Max: 1024K regular, 316M humongous, Frag: 73% external, 0% internal; Reserve: 103M, Max: 1024K
[2.807s][info   ][gc,start    ] GC(38) Concurrent reset
[2.807s][info   ][gc,task     ] GC(38) Using 1 of 2 workers for concurrent reset
[2.807s][info   ][gc,ergo     ] GC(38) Pacer for Reset. Non-Taxable: 2048M
[2.823s][info   ][gc          ] GC(38) Concurrent reset 16.177ms
[2.824s][info   ][gc,start    ] GC(38) Pause Init Mark (unload classes)
[2.824s][info   ][gc,task     ] GC(38) Using 2 of 2 workers for init marking
[2.824s][info   ][gc,ergo     ] GC(38) Pacer for Mark. Expected Live: 47654K, Free: 911M, Non-Taxable: 93301K, Alloc Tax Rate: 0.1x
[2.824s][info   ][gc          ] GC(38) Pause Init Mark (unload classes) 0.179ms
[2.824s][info   ][gc,start    ] GC(38) Concurrent marking roots
[2.824s][info   ][gc,task     ] GC(38) Using 1 of 2 workers for concurrent marking roots
[2.825s][info   ][gc          ] GC(38) Concurrent marking roots 1.015ms
[2.825s][info   ][gc,start    ] GC(38) Concurrent marking (unload classes)
[2.825s][info   ][gc,task     ] GC(38) Using 1 of 2 workers for concurrent marking
[2.849s][info   ][gc          ] GC(38) Concurrent marking (unload classes) 23.666ms
[2.852s][info   ][gc,start    ] GC(38) Pause Final Mark (unload classes)
[2.852s][info   ][gc,task     ] GC(38) Using 2 of 2 workers for final marking
[2.852s][info   ][gc,ergo     ] GC(38) Collectable Garbage: 422M (98%), Immediate: 422M (98%), CSet: 0B (0%)
[2.852s][info   ][gc          ] GC(38) Pause Final Mark (unload classes) 0.314ms
[2.853s][info   ][gc,start    ] GC(38) Concurrent weak references
[2.853s][info   ][gc,task     ] GC(38) Using 1 of 2 workers for concurrent weak references
[2.853s][info   ][gc,ref      ] GC(38) Encountered references: Soft: 11, Weak: 37, Final: 0, Phantom: 5
[2.853s][info   ][gc,ref      ] GC(38) Discovered  references: Soft: 0, Weak: 11, Final: 0, Phantom: 5
[2.853s][info   ][gc,ref      ] GC(38) Enqueued    references: Soft: 0, Weak: 0, Final: 0, Phantom: 0
[2.853s][info   ][gc          ] GC(38) Concurrent weak references 0.101ms
[2.853s][info   ][gc,start    ] GC(38) Concurrent weak roots
[2.853s][info   ][gc,task     ] GC(38) Using 1 of 2 workers for concurrent weak root
[2.860s][info   ][gc          ] GC(38) Concurrent weak roots 7.302ms
[2.860s][info   ][gc,start    ] GC(38) Concurrent cleanup
[2.861s][info   ][gc          ] GC(38) Concurrent cleanup 786M->369M(2048M) 0.663ms
[2.861s][info   ][gc,ergo     ] GC(38) Free: 1211M, Max: 1024K regular, 252M humongous, Frag: 80% external, 0% internal; Reserve: 103M, Max: 1024K
[2.861s][info   ][gc,start    ] GC(38) Concurrent class unloading
[2.861s][info   ][gc,task     ] GC(38) Using 1 of 2 workers for concurrent class unloading
[2.871s][info   ][gc          ] GC(38) Concurrent class unloading 9.820ms
[2.872s][info   ][gc,start    ] GC(38) Pause Final Roots
[2.872s][info   ][gc          ] GC(38) Pause Final Roots 0.040ms
[2.872s][info   ][gc,ergo     ] Free: 1061M, Max: 1024K regular, 252M humongous, Frag: 77% external, 0% internal; Reserve: 103M, Max: 1024K
[2.872s][info   ][gc,stats    ] 
[2.872s][info   ][gc,stats    ] All times are wall-clock times, except per-root-class counters, that are sum over
[2.872s][info   ][gc,stats    ] all workers. Dividing the <total> over the root stage time estimates parallelism.
[2.872s][info   ][gc,stats    ] 
[2.872s][info   ][gc,stats    ] Concurrent Reset                  16347 us
[2.872s][info   ][gc,stats    ] Pause Init Mark (G)                1268 us
[2.872s][info   ][gc,stats    ] Pause Init Mark (N)                 233 us
[2.872s][info   ][gc,stats    ]   Update Region States              118 us
[2.872s][info   ][gc,stats    ] Concurrent Mark Roots              1033 us, parallelism: 0.87x
[2.872s][info   ][gc,stats    ]   CMR: <total>                      896 us
[2.872s][info   ][gc,stats    ]   CMR: Thread Roots                 849 us, workers (us): 849, ---, 
[2.872s][info   ][gc,stats    ]   CMR: VM Strong Roots                7 us, workers (us):   7, ---, 
[2.872s][info   ][gc,stats    ]   CMR: CLDG Roots                    40 us, workers (us):  40, ---, 
[2.872s][info   ][gc,stats    ] Concurrent Marking                23814 us
[2.872s][info   ][gc,stats    ] Pause Final Mark (G)               3532 us
[2.872s][info   ][gc,stats    ] Pause Final Mark (N)                324 us
[2.872s][info   ][gc,stats    ]   Finish Mark                        83 us
[2.872s][info   ][gc,stats    ]   Update Region States               43 us
[2.872s][info   ][gc,stats    ]   Choose Collection Set             107 us
[2.872s][info   ][gc,stats    ]   Rebuild Free Set                   10 us
[2.872s][info   ][gc,stats    ] Concurrent Weak References          112 us, parallelism: 0.16x
[2.872s][info   ][gc,stats    ]   CWRF: <total>                      18 us
[2.872s][info   ][gc,stats    ]   CWRF: Weak References              18 us, workers (us):  18, ---, 
[2.872s][info   ][gc,stats    ] Concurrent Weak Roots              7432 us
[2.872s][info   ][gc,stats    ]   Roots                             232 us, parallelism: 0.77x
[2.872s][info   ][gc,stats    ]     CWR: <total>                    179 us
[2.872s][info   ][gc,stats    ]     CWR: Code Cache Roots           100 us, workers (us): 100, ---, 
[2.872s][info   ][gc,stats    ]     CWR: VM Weak Roots               74 us, workers (us):  74, ---, 
[2.872s][info   ][gc,stats    ]     CWR: CLDG Roots                   6 us, workers (us):   6, ---, 
[2.872s][info   ][gc,stats    ]   Rendezvous                       7044 us
[2.872s][info   ][gc,stats    ] Concurrent Cleanup                  687 us
[2.872s][info   ][gc,stats    ] Concurrent Class Unloading        10146 us
[2.872s][info   ][gc,stats    ]   Unlink Stale                     2572 us
[2.872s][info   ][gc,stats    ]     System Dictionary                15 us
[2.872s][info   ][gc,stats    ]     Weak Class Links                  1 us
[2.872s][info   ][gc,stats    ]     Code Roots                     2549 us
[2.872s][info   ][gc,stats    ]   Rendezvous                       7006 us
[2.872s][info   ][gc,stats    ]   Purge Unlinked                    183 us
[2.872s][info   ][gc,stats    ]     Code Roots                      153 us
[2.872s][info   ][gc,stats    ]     CLDG                             24 us
[2.872s][info   ][gc,stats    ]     Exception Caches                  2 us
[2.872s][info   ][gc,stats    ] Pause Final Roots (G)               856 us
[2.872s][info   ][gc,stats    ] Pause Final Roots (N)                48 us
[2.872s][info   ][gc,stats    ] 
[2.872s][info   ][gc,stats    ] Allocation pacing accrued:
[2.872s][info   ][gc,stats    ]       0 of    67 ms (  0.0%): <total>
[2.872s][info   ][gc,stats    ]       0 of    67 ms (  0.0%): <average total>
[2.872s][info   ][gc,stats    ] 
[2.872s][info   ][gc,metaspace] Metaspace: 211K(448K)->211K(448K) NonClass: 202K(320K)->202K(320K) Class: 9K(128K)->9K(128K)
[2.872s][info   ][gc,ergo     ] Pacer for Idle. Initial: 41943K, Alloc Tax Rate: 1.0x
[2.874s][info   ][gc          ] Trigger: Average GC time (83.87 ms) is above the time for average allocation rate (14749 MB/s) to deplete free headroom (928M) (margin of error = 1.84)
[2.874s][info   ][gc,ergo     ] Free headroom: 1031M (free) - 102M (spike) - 0B (penalties) = 928M
[2.874s][info   ][gc,ergo     ] Free: 1031M, Max: 1024K regular, 252M humongous, Frag: 76% external, 0% internal; Reserve: 103M, Max: 1024K
[2.874s][info   ][gc,start    ] GC(39) Concurrent reset
[2.874s][info   ][gc,task     ] GC(39) Using 1 of 2 workers for concurrent reset
[2.874s][info   ][gc,ergo     ] GC(39) Pacer for Reset. Non-Taxable: 2048M
[2.878s][info   ][gc          ] GC(39) Concurrent reset 3.866ms
[2.882s][info   ][gc,start    ] GC(39) Pause Init Mark (unload classes)
[2.882s][info   ][gc,task     ] GC(39) Using 2 of 2 workers for init marking
[2.882s][info   ][gc,ergo     ] GC(39) Pacer for Mark. Expected Live: 63628K, Free: 937M, Non-Taxable: 95963K, Alloc Tax Rate: 0.1x
[2.882s][info   ][gc          ] GC(39) Pause Init Mark (unload classes) 0.123ms
[2.882s][info   ][gc,start    ] GC(39) Concurrent marking roots
[2.882s][info   ][gc,task     ] GC(39) Using 1 of 2 workers for concurrent marking roots
[2.887s][info   ][gc          ] GC(39) Concurrent marking roots 5.133ms
[2.887s][info   ][gc,start    ] GC(39) Concurrent marking (unload classes)
[2.887s][info   ][gc,task     ] GC(39) Using 1 of 2 workers for concurrent marking
[2.889s][info   ][gc          ] GC(39) Concurrent marking (unload classes) 1.794ms
[2.889s][info   ][gc,start    ] GC(39) Pause Final Mark (unload classes)
[2.889s][info   ][gc,task     ] GC(39) Using 2 of 2 workers for final marking
[2.889s][info   ][gc,ergo     ] GC(39) Collectable Garbage: 431M (98%), Immediate: 431M (98%), CSet: 0B (0%)
[2.889s][info   ][gc          ] GC(39) Pause Final Mark (unload classes) 0.335ms
[2.889s][info   ][gc,start    ] GC(39) Concurrent weak references
[2.889s][info   ][gc,task     ] GC(39) Using 1 of 2 workers for concurrent weak references
[2.890s][info   ][gc,ref      ] GC(39) Encountered references: Soft: 11, Weak: 37, Final: 0, Phantom: 5
[2.890s][info   ][gc,ref      ] GC(39) Discovered  references: Soft: 0, Weak: 11, Final: 0, Phantom: 5
[2.890s][info   ][gc,ref      ] GC(39) Enqueued    references: Soft: 0, Weak: 0, Final: 0, Phantom: 0
[2.890s][info   ][gc          ] GC(39) Concurrent weak references 0.125ms
[2.890s][info   ][gc,start    ] GC(39) Concurrent weak roots
[2.890s][info   ][gc,task     ] GC(39) Using 1 of 2 workers for concurrent weak root
[2.890s][info   ][gc          ] GC(39) Concurrent weak roots 0.180ms
[2.890s][info   ][gc,start    ] GC(39) Concurrent cleanup
[2.890s][info   ][gc          ] GC(39) Concurrent cleanup 553M->122M(2048M) 0.489ms
[2.890s][info   ][gc,ergo     ] GC(39) Free: 1705M, Max: 1024K regular, 424M humongous, Frag: 76% external, 0% internal; Reserve: 103M, Max: 1024K
[2.890s][info   ][gc,start    ] GC(39) Concurrent class unloading
[2.890s][info   ][gc,task     ] GC(39) Using 1 of 2 workers for concurrent class unloading
[2.891s][info   ][gc          ] GC(39) Concurrent class unloading 0.797ms
[2.891s][info   ][gc,start    ] GC(39) Pause Final Roots
[2.891s][info   ][gc          ] GC(39) Pause Final Roots 0.018ms
[2.891s][info   ][gc,ergo     ] Free: 1705M, Max: 1024K regular, 424M humongous, Frag: 76% external, 0% internal; Reserve: 103M, Max: 1024K
[2.891s][info   ][gc,stats    ] 
[2.891s][info   ][gc,stats    ] All times are wall-clock times, except per-root-class counters, that are sum over
[2.891s][info   ][gc,stats    ] all workers. Dividing the <total> over the root stage time estimates parallelism.
[2.891s][info   ][gc,stats    ] 
[2.891s][info   ][gc,stats    ] Concurrent Reset                   3947 us
[2.891s][info   ][gc,stats    ] Pause Init Mark (G)                3914 us
[2.891s][info   ][gc,stats    ] Pause Init Mark (N)                 131 us
[2.891s][info   ][gc,stats    ]   Update Region States               59 us
[2.891s][info   ][gc,stats    ] Concurrent Mark Roots              5269 us, parallelism: 0.96x
[2.891s][info   ][gc,stats    ]   CMR: <total>                     5038 us
[2.891s][info   ][gc,stats    ]   CMR: Thread Roots                4999 us, workers (us): 4999, ---, 
[2.891s][info   ][gc,stats    ]   CMR: VM Strong Roots                6 us, workers (us):   6, ---, 
[2.891s][info   ][gc,stats    ]   CMR: CLDG Roots                    32 us, workers (us):  32, ---, 
[2.891s][info   ][gc,stats    ] Concurrent Marking                 1814 us
[2.891s][info   ][gc,stats    ] Pause Final Mark (G)                432 us
[2.891s][info   ][gc,stats    ] Pause Final Mark (N)                356 us
[2.891s][info   ][gc,stats    ]   Finish Mark                       118 us
[2.891s][info   ][gc,stats    ]   Update Region States               80 us
[2.891s][info   ][gc,stats    ]   Choose Collection Set              95 us
[2.891s][info   ][gc,stats    ]   Rebuild Free Set                   10 us
[2.891s][info   ][gc,stats    ] Concurrent Weak References          134 us, parallelism: 0.02x
[2.891s][info   ][gc,stats    ]   CWRF: <total>                       2 us
[2.891s][info   ][gc,stats    ]   CWRF: Weak References               2 us, workers (us):   2, ---, 
[2.891s][info   ][gc,stats    ] Concurrent Weak Roots               198 us
[2.891s][info   ][gc,stats    ]   Roots                              81 us, parallelism: 0.62x
[2.891s][info   ][gc,stats    ]     CWR: <total>                     50 us
[2.891s][info   ][gc,stats    ]     CWR: Code Cache Roots            25 us, workers (us):  25, ---, 
[2.891s][info   ][gc,stats    ]     CWR: VM Weak Roots               23 us, workers (us):  23, ---, 
[2.891s][info   ][gc,stats    ]     CWR: CLDG Roots                   2 us, workers (us):   2, ---, 
[2.891s][info   ][gc,stats    ]   Rendezvous                         80 us
[2.891s][info   ][gc,stats    ] Concurrent Cleanup                  499 us
[2.891s][info   ][gc,stats    ] Concurrent Class Unloading          813 us
[2.891s][info   ][gc,stats    ]   Unlink Stale                      658 us
[2.891s][info   ][gc,stats    ]     System Dictionary                 4 us
[2.891s][info   ][gc,stats    ]     Weak Class Links                  1 us
[2.891s][info   ][gc,stats    ]     Code Roots                      652 us
[2.891s][info   ][gc,stats    ]   Rendezvous                         78 us
[2.891s][info   ][gc,stats    ]   Purge Unlinked                     45 us
[2.891s][info   ][gc,stats    ]     Code Roots                       14 us
[2.891s][info   ][gc,stats    ]     CLDG                             28 us
[2.891s][info   ][gc,stats    ]     Exception Caches                  1 us
[2.891s][info   ][gc,stats    ] Pause Final Roots (G)               127 us
[2.891s][info   ][gc,stats    ] Pause Final Roots (N)                25 us
[2.891s][info   ][gc,stats    ] 
[2.891s][info   ][gc,stats    ] Allocation pacing accrued:
[2.891s][info   ][gc,stats    ]       0 of    19 ms (  0.0%): <total>
[2.891s][info   ][gc,stats    ]       0 of    19 ms (  0.0%): <average total>
[2.891s][info   ][gc,stats    ] 
[2.891s][info   ][gc,metaspace] Metaspace: 211K(448K)->211K(448K) NonClass: 202K(320K)->202K(320K) Class: 9K(128K)->9K(128K)
[2.892s][info   ][gc,ergo     ] Pacer for Idle. Initial: 41943K, Alloc Tax Rate: 1.0x
[2.927s][info   ][gc          ] Trigger: Average GC time (74.44 ms) is above the time for average allocation rate (14729 MB/s) to deplete free headroom (1092M) (margin of error = 1.83)
[2.928s][info   ][gc,ergo     ] Free headroom: 1195M (free) - 102M (spike) - 0B (penalties) = 1092M
[2.928s][info   ][gc,ergo     ] Free: 1189M, Max: 1024K regular, 424M humongous, Frag: 65% external, 0% internal; Reserve: 103M, Max: 1024K
[2.928s][info   ][gc,start    ] GC(40) Concurrent reset
[2.928s][info   ][gc,task     ] GC(40) Using 1 of 2 workers for concurrent reset
[2.928s][info   ][gc,ergo     ] GC(40) Pacer for Reset. Non-Taxable: 2048M
[2.932s][info   ][gc          ] GC(40) Concurrent reset 4.313ms
[2.935s][info   ][gc,start    ] GC(40) Pause Init Mark (unload classes)
[2.935s][info   ][gc,task     ] GC(40) Using 2 of 2 workers for init marking
[2.935s][info   ][gc,ergo     ] GC(40) Pacer for Mark. Expected Live: 75302K, Free: 1081M, Non-Taxable: 108M, Alloc Tax Rate: 0.1x
[2.935s][info   ][gc          ] GC(40) Pause Init Mark (unload classes) 0.239ms
[2.942s][info   ][gc,start    ] GC(40) Concurrent marking roots
[2.942s][info   ][gc,task     ] GC(40) Using 1 of 2 workers for concurrent marking roots
[2.943s][info   ][gc          ] GC(40) Concurrent marking roots 1.506ms
[2.943s][info   ][gc,start    ] GC(40) Concurrent marking (unload classes)
[2.943s][info   ][gc,task     ] GC(40) Using 1 of 2 workers for concurrent marking
[2.972s][info   ][gc          ] GC(40) Concurrent marking (unload classes) 29.194ms
[2.973s][info   ][gc,start    ] GC(40) Pause Final Mark (unload classes)
[2.973s][info   ][gc,task     ] GC(40) Using 2 of 2 workers for final marking
[2.973s][info   ][gc,ergo     ] GC(40) Collectable Garbage: 361M (98%), Immediate: 361M (98%), CSet: 0B (0%)
[2.973s][info   ][gc          ] GC(40) Pause Final Mark (unload classes) 0.500ms
[2.973s][info   ][gc,start    ] GC(40) Concurrent weak references
[2.973s][info   ][gc,task     ] GC(40) Using 1 of 2 workers for concurrent weak references
[2.974s][info   ][gc,ref      ] GC(40) Encountered references: Soft: 11, Weak: 37, Final: 0, Phantom: 5
[2.974s][info   ][gc,ref      ] GC(40) Discovered  references: Soft: 0, Weak: 11, Final: 0, Phantom: 5
[2.974s][info   ][gc,ref      ] GC(40) Enqueued    references: Soft: 0, Weak: 0, Final: 0, Phantom: 0
[2.974s][info   ][gc          ] GC(40) Concurrent weak references 0.302ms
[2.974s][info   ][gc,start    ] GC(40) Concurrent weak roots
[2.974s][info   ][gc,task     ] GC(40) Using 1 of 2 workers for concurrent weak root
[2.982s][info   ][gc          ] GC(40) Concurrent weak roots 8.168ms
[2.982s][info   ][gc,start    ] GC(40) Concurrent cleanup
[2.983s][info   ][gc          ] GC(40) Concurrent cleanup 718M->360M(2048M) 0.731ms
[2.983s][info   ][gc,ergo     ] GC(40) Free: 1227M, Max: 1024K regular, 524M humongous, Frag: 58% external, 0% internal; Reserve: 103M, Max: 1024K
[2.983s][info   ][gc,start    ] GC(40) Concurrent class unloading
[2.983s][info   ][gc,task     ] GC(40) Using 1 of 2 workers for concurrent class unloading
[3.002s][info   ][gc          ] GC(40) Concurrent class unloading 19.077ms
[3.003s][info   ][gc,start    ] GC(40) Pause Final Roots
[3.003s][info   ][gc          ] GC(40) Pause Final Roots 0.071ms
[3.014s][info   ][gc,ergo     ] Free: 871M, Max: 1024K regular, 524M humongous, Frag: 40% external, 0% internal; Reserve: 103M, Max: 1024K
[3.014s][info   ][gc,stats    ] 
[3.014s][info   ][gc,stats    ] All times are wall-clock times, except per-root-class counters, that are sum over
[3.014s][info   ][gc,stats    ] all workers. Dividing the <total> over the root stage time estimates parallelism.
[3.014s][info   ][gc,stats    ] 
[3.014s][info   ][gc,stats    ] Concurrent Reset                   4423 us
[3.014s][info   ][gc,stats    ] Pause Init Mark (G)                9575 us
[3.014s][info   ][gc,stats    ] Pause Init Mark (N)                 248 us
[3.014s][info   ][gc,stats    ]   Update Region States              145 us
[3.014s][info   ][gc,stats    ] Concurrent Mark Roots              1548 us, parallelism: 0.24x
[3.014s][info   ][gc,stats    ]   CMR: <total>                      379 us
[3.014s][info   ][gc,stats    ]   CMR: Thread Roots                 272 us, workers (us): 272, ---, 
[3.014s][info   ][gc,stats    ]   CMR: VM Strong Roots               11 us, workers (us):  11, ---, 
[3.014s][info   ][gc,stats    ]   CMR: CLDG Roots                    96 us, workers (us):  96, ---, 
[3.014s][info   ][gc,stats    ] Concurrent Marking                29286 us
[3.014s][info   ][gc,stats    ] Pause Final Mark (G)                681 us
[3.014s][info   ][gc,stats    ] Pause Final Mark (N)                515 us
[3.014s][info   ][gc,stats    ]   Finish Mark                       232 us
[3.014s][info   ][gc,stats    ]   Update Region States              102 us
[3.014s][info   ][gc,stats    ]   Choose Collection Set             104 us
[3.014s][info   ][gc,stats    ]   Rebuild Free Set                   14 us
[3.014s][info   ][gc,stats    ] Concurrent Weak References          313 us, parallelism: 0.03x
[3.014s][info   ][gc,stats    ]   CWRF: <total>                       9 us
[3.014s][info   ][gc,stats    ]   CWRF: Weak References               9 us, workers (us):   9, ---, 
[3.014s][info   ][gc,stats    ] Concurrent Weak Roots              8336 us
[3.014s][info   ][gc,stats    ]   Roots                             195 us, parallelism: 0.75x
[3.014s][info   ][gc,stats    ]     CWR: <total>                    147 us
[3.014s][info   ][gc,stats    ]     CWR: Code Cache Roots            73 us, workers (us):  73, ---, 
[3.014s][info   ][gc,stats    ]     CWR: VM Weak Roots               38 us, workers (us):  38, ---, 
[3.014s][info   ][gc,stats    ]     CWR: CLDG Roots                  35 us, workers (us):  35, ---, 
[3.014s][info   ][gc,stats    ]   Rendezvous                       7938 us
[3.014s][info   ][gc,stats    ] Concurrent Cleanup                  767 us
[3.014s][info   ][gc,stats    ] Concurrent Class Unloading        19254 us
[3.014s][info   ][gc,stats    ]   Unlink Stale                    10895 us
[3.014s][info   ][gc,stats    ]     System Dictionary                12 us
[3.014s][info   ][gc,stats    ]     Weak Class Links                  1 us
[3.014s][info   ][gc,stats    ]     Code Roots                    10874 us
[3.014s][info   ][gc,stats    ]   Rendezvous                       7898 us
[3.014s][info   ][gc,stats    ]   Purge Unlinked                    229 us
[3.014s][info   ][gc,stats    ]     Code Roots                      106 us
[3.014s][info   ][gc,stats    ]     CLDG                            118 us
[3.014s][info   ][gc,stats    ]     Exception Caches                  1 us
[3.014s][info   ][gc,stats    ] Pause Final Roots (G)             11627 us
[3.015s][info   ][gc,stats    ] Pause Final Roots (N)                83 us
[3.015s][info   ][gc,stats    ] Pacing                           181715 us
[3.015s][info   ][gc,stats    ] 
[3.015s][info   ][gc,stats    ] Allocation pacing accrued:
[3.015s][info   ][gc,stats    ]      10 of   123 ms (  8.3%): Thread-0
[3.015s][info   ][gc,stats    ]      18 of   123 ms ( 14.6%): Thread-1
[3.015s][info   ][gc,stats    ]      17 of   123 ms ( 14.0%): Thread-2
[3.015s][info   ][gc,stats    ]      42 of   123 ms ( 33.8%): Thread-3
[3.015s][info   ][gc,stats    ]      22 of   123 ms ( 17.7%): Thread-4
[3.015s][info   ][gc,stats    ]      14 of   123 ms ( 11.1%): Thread-5
[3.015s][info   ][gc,stats    ]      37 of   123 ms ( 30.0%): Thread-6
[3.015s][info   ][gc,stats    ]      22 of   123 ms ( 18.1%): Thread-7
[3.015s][info   ][gc,stats    ]     182 of   123 ms (147.6%): <total>
[3.015s][info   ][gc,stats    ]      10 of   123 ms (  7.8%): <average total>
[3.015s][info   ][gc,stats    ]      23 of   123 ms ( 18.5%): <average non-zero>
[3.015s][info   ][gc,stats    ] 
[3.015s][info   ][gc,metaspace] Metaspace: 211K(448K)->211K(448K) NonClass: 202K(320K)->202K(320K) Class: 9K(128K)->9K(128K)
[3.015s][info   ][gc,ergo     ] Pacer for Idle. Initial: 41943K, Alloc Tax Rate: 1.0x
[3.016s][info   ][gc          ] Trigger: Average GC time (115.06 ms) is above the time for average allocation rate (14756 MB/s) to deplete free headroom (768M) (margin of error = 1.84)
[3.016s][info   ][gc,ergo     ] Free headroom: 871M (free) - 102M (spike) - 0B (penalties) = 768M
[3.016s][info   ][gc,ergo     ] Free: 871M, Max: 1024K regular, 524M humongous, Frag: 40% external, 0% internal; Reserve: 103M, Max: 1024K
[3.016s][info   ][gc,start    ] GC(41) Concurrent reset
[3.016s][info   ][gc,task     ] GC(41) Using 1 of 2 workers for concurrent reset
[3.016s][info   ][gc,ergo     ] GC(41) Pacer for Reset. Non-Taxable: 2048M
[3.017s][info   ][gc          ] GC(41) Concurrent reset 1.153ms
[3.018s][info   ][gc,start    ] GC(41) Pause Init Mark (unload classes)
[3.018s][info   ][gc,task     ] GC(41) Using 2 of 2 workers for init marking
[3.018s][info   ][gc,ergo     ] GC(41) Pacer for Mark. Expected Live: 85338K, Free: 869M, Non-Taxable: 89000K, Alloc Tax Rate: 0.1x
[3.018s][info   ][gc          ] GC(41) Pause Init Mark (unload classes) 0.154ms
[3.018s][info   ][gc,start    ] GC(41) Concurrent marking roots
[3.018s][info   ][gc,task     ] GC(41) Using 1 of 2 workers for concurrent marking roots
[3.019s][info   ][gc          ] GC(41) Concurrent marking roots 0.736ms
[3.019s][info   ][gc,start    ] GC(41) Concurrent marking (unload classes)
[3.019s][info   ][gc,task     ] GC(41) Using 1 of 2 workers for concurrent marking
[3.041s][info   ][gc          ] GC(41) Concurrent marking (unload classes) 22.254ms
[3.043s][info   ][gc,start    ] GC(41) Pause Final Mark (unload classes)
[3.043s][info   ][gc,task     ] GC(41) Using 2 of 2 workers for final marking
[3.044s][info   ][gc,ergo     ] GC(41) Collectable Garbage: 501M (98%), Immediate: 501M (98%), CSet: 0B (0%)
[3.044s][info   ][gc          ] GC(41) Pause Final Mark (unload classes) 0.464ms
[3.048s][info   ][gc,start    ] GC(41) Concurrent weak references
[3.048s][info   ][gc,task     ] GC(41) Using 1 of 2 workers for concurrent weak references
[3.050s][info   ][gc,ref      ] GC(41) Encountered references: Soft: 11, Weak: 37, Final: 0, Phantom: 5
[3.051s][info   ][gc,ref      ] GC(41) Discovered  references: Soft: 0, Weak: 11, Final: 0, Phantom: 5
[3.051s][info   ][gc,ref      ] GC(41) Enqueued    references: Soft: 0, Weak: 0, Final: 0, Phantom: 0
[3.051s][info   ][gc          ] GC(41) Concurrent weak references 2.988ms
[3.051s][info   ][gc,start    ] GC(41) Concurrent weak roots
[3.051s][info   ][gc,task     ] GC(41) Using 1 of 2 workers for concurrent weak root
[3.052s][info   ][gc          ] GC(41) Concurrent weak roots 1.035ms
[3.052s][info   ][gc,start    ] GC(41) Concurrent cleanup
[3.052s][info   ][gc          ] GC(41) Concurrent cleanup 734M->233M(2048M) 0.638ms
[3.052s][info   ][gc,ergo     ] GC(41) Free: 1483M, Max: 1024K regular, 480M humongous, Frag: 68% external, 0% internal; Reserve: 103M, Max: 1024K
[3.052s][info   ][gc,start    ] GC(41) Concurrent class unloading
[3.052s][info   ][gc,task     ] GC(41) Using 1 of 2 workers for concurrent class unloading
[3.053s][info   ][gc          ] GC(41) Concurrent class unloading 0.482ms
[3.053s][info   ][gc,start    ] GC(41) Pause Final Roots
[3.053s][info   ][gc          ] GC(41) Pause Final Roots 0.020ms
[3.053s][info   ][gc,ergo     ] Free: 1483M, Max: 1024K regular, 480M humongous, Frag: 68% external, 0% internal; Reserve: 103M, Max: 1024K
[3.053s][info   ][gc,stats    ] 
[3.053s][info   ][gc,stats    ] All times are wall-clock times, except per-root-class counters, that are sum over
[3.053s][info   ][gc,stats    ] all workers. Dividing the <total> over the root stage time estimates parallelism.
[3.053s][info   ][gc,stats    ] 
[3.053s][info   ][gc,stats    ] Concurrent Reset                   1212 us
[3.053s][info   ][gc,stats    ] Pause Init Mark (G)                1117 us
[3.053s][info   ][gc,stats    ] Pause Init Mark (N)                 164 us
[3.053s][info   ][gc,stats    ]   Update Region States              102 us
[3.053s][info   ][gc,stats    ] Concurrent Mark Roots               775 us, parallelism: 0.36x
[3.053s][info   ][gc,stats    ]   CMR: <total>                      281 us
[3.053s][info   ][gc,stats    ]   CMR: Thread Roots                 238 us, workers (us): 238, ---, 
[3.053s][info   ][gc,stats    ]   CMR: VM Strong Roots                7 us, workers (us):   7, ---, 
[3.053s][info   ][gc,stats    ]   CMR: CLDG Roots                    35 us, workers (us):  35, ---, 
[3.053s][info   ][gc,stats    ] Concurrent Marking                22555 us
[3.053s][info   ][gc,stats    ] Pause Final Mark (G)               5779 us
[3.053s][info   ][gc,stats    ] Pause Final Mark (N)                478 us
[3.053s][info   ][gc,stats    ]   Finish Mark                        81 us
[3.053s][info   ][gc,stats    ]   Update Region States               84 us
[3.053s][info   ][gc,stats    ]   Choose Collection Set             181 us
[3.053s][info   ][gc,stats    ]   Rebuild Free Set                   22 us
[3.053s][info   ][gc,stats    ] Concurrent Weak References         3006 us, parallelism: 0.00x
[3.053s][info   ][gc,stats    ]   CWRF: <total>                      14 us
[3.053s][info   ][gc,stats    ]   CWRF: Weak References              14 us, workers (us):  14, ---, 
[3.053s][info   ][gc,stats    ] Concurrent Weak Roots              1058 us
[3.053s][info   ][gc,stats    ]   Roots                             232 us, parallelism: 0.74x
[3.053s][info   ][gc,stats    ]     CWR: <total>                    171 us
[3.053s][info   ][gc,stats    ]     CWR: Code Cache Roots            79 us, workers (us):  79, ---, 
[3.053s][info   ][gc,stats    ]     CWR: VM Weak Roots               85 us, workers (us):  85, ---, 
[3.053s][info   ][gc,stats    ]     CWR: CLDG Roots                   7 us, workers (us):   7, ---, 
[3.053s][info   ][gc,stats    ]   Rendezvous                        775 us
[3.053s][info   ][gc,stats    ] Concurrent Cleanup                  651 us
[3.053s][info   ][gc,stats    ] Concurrent Class Unloading          503 us
[3.053s][info   ][gc,stats    ]   Unlink Stale                      302 us
[3.053s][info   ][gc,stats    ]     System Dictionary                 6 us
[3.053s][info   ][gc,stats    ]     Weak Class Links                  1 us
[3.053s][info   ][gc,stats    ]     Code Roots                      292 us
[3.053s][info   ][gc,stats    ]   Rendezvous                        107 us
[3.053s][info   ][gc,stats    ]   Purge Unlinked                     54 us
[3.053s][info   ][gc,stats    ]     Code Roots                       19 us
[3.053s][info   ][gc,stats    ]     CLDG                             33 us
[3.053s][info   ][gc,stats    ]     Exception Caches                  1 us
[3.053s][info   ][gc,stats    ] Pause Final Roots (G)               138 us
[3.053s][info   ][gc,stats    ] Pause Final Roots (N)                28 us
[3.053s][info   ][gc,stats    ] Pacing                            66567 us
[3.053s][info   ][gc,stats    ] 
[3.053s][info   ][gc,stats    ] Allocation pacing accrued:
[3.053s][info   ][gc,stats    ]       7 of    39 ms ( 18.3%): Thread-1
[3.053s][info   ][gc,stats    ]       7 of    39 ms ( 17.5%): Thread-2
[3.053s][info   ][gc,stats    ]       8 of    39 ms ( 19.5%): Thread-3
[3.053s][info   ][gc,stats    ]       9 of    39 ms ( 22.4%): Thread-4
[3.053s][info   ][gc,stats    ]      12 of    39 ms ( 31.4%): Thread-5
[3.053s][info   ][gc,stats    ]       9 of    39 ms ( 24.5%): Thread-6
[3.053s][info   ][gc,stats    ]      15 of    39 ms ( 38.2%): Thread-7
[3.053s][info   ][gc,stats    ]      67 of    39 ms (171.8%): <total>
[3.053s][info   ][gc,stats    ]       4 of    39 ms (  9.0%): <average total>
[3.053s][info   ][gc,stats    ]      10 of    39 ms ( 24.5%): <average non-zero>
[3.053s][info   ][gc,stats    ] 
[3.053s][info   ][gc,metaspace] Metaspace: 211K(448K)->211K(448K) NonClass: 202K(320K)->202K(320K) Class: 9K(128K)->9K(128K)
[3.053s][info   ][gc,ergo     ] Pacer for Idle. Initial: 41943K, Alloc Tax Rate: 1.0x
[3.059s][info   ][gc          ] Trigger: Average GC time (93.00 ms) is above the time for average allocation rate (14756 MB/s) to deplete free headroom (1360M) (margin of error = 1.84)
[3.059s][info   ][gc,ergo     ] Free headroom: 1463M (free) - 102M (spike) - 0B (penalties) = 1360M
[3.059s][info   ][gc,ergo     ] Free: 1459M, Max: 1024K regular, 480M humongous, Frag: 68% external, 0% internal; Reserve: 103M, Max: 1024K
[3.059s][info   ][gc,start    ] GC(42) Concurrent reset
[3.059s][info   ][gc,task     ] GC(42) Using 1 of 2 workers for concurrent reset
[3.059s][info   ][gc,ergo     ] GC(42) Pacer for Reset. Non-Taxable: 2048M
[3.067s][info   ][gc          ] GC(42) Concurrent reset 7.906ms
[3.072s][info   ][gc,start    ] GC(42) Pause Init Mark (unload classes)
[3.072s][info   ][gc,task     ] GC(42) Using 2 of 2 workers for init marking
[3.072s][info   ][gc,ergo     ] GC(42) Pacer for Mark. Expected Live: 78374K, Free: 1275M, Non-Taxable: 127M, Alloc Tax Rate: 0.1x
[3.072s][info   ][gc          ] GC(42) Pause Init Mark (unload classes) 0.298ms
[3.081s][info   ][gc,start    ] GC(42) Concurrent marking roots
[3.081s][info   ][gc,task     ] GC(42) Using 1 of 2 workers for concurrent marking roots
[3.082s][info   ][gc          ] GC(42) Concurrent marking roots 1.190ms
[3.082s][info   ][gc,start    ] GC(42) Concurrent marking (unload classes)
[3.082s][info   ][gc,task     ] GC(42) Using 1 of 2 workers for concurrent marking
[3.086s][info   ][gc          ] GC(42) Concurrent marking (unload classes) 4.498ms
[3.087s][info   ][gc,start    ] GC(42) Pause Final Mark (unload classes)
[3.087s][info   ][gc,task     ] GC(42) Using 2 of 2 workers for final marking
[3.087s][info   ][gc,ergo     ] GC(42) Collectable Garbage: 272M (98%), Immediate: 272M (98%), CSet: 0B (0%)
[3.087s][info   ][gc          ] GC(42) Pause Final Mark (unload classes) 0.782ms
[3.087s][info   ][gc,start    ] GC(42) Concurrent weak references
[3.087s][info   ][gc,task     ] GC(42) Using 1 of 2 workers for concurrent weak references
[3.088s][info   ][gc,ref      ] GC(42) Encountered references: Soft: 11, Weak: 37, Final: 0, Phantom: 5
[3.088s][info   ][gc,ref      ] GC(42) Discovered  references: Soft: 0, Weak: 11, Final: 0, Phantom: 5
[3.088s][info   ][gc,ref      ] GC(42) Enqueued    references: Soft: 0, Weak: 0, Final: 0, Phantom: 0
[3.088s][info   ][gc          ] GC(42) Concurrent weak references 0.104ms
[3.088s][info   ][gc,start    ] GC(42) Concurrent weak roots
[3.088s][info   ][gc,task     ] GC(42) Using 1 of 2 workers for concurrent weak root
[3.089s][info   ][gc          ] GC(42) Concurrent weak roots 1.879ms
[3.090s][info   ][gc,start    ] GC(42) Concurrent cleanup
[3.090s][info   ][gc          ] GC(42) Concurrent cleanup 444M->175M(2048M) 0.482ms
[3.090s][info   ][gc,ergo     ] GC(42) Free: 1599M, Max: 1024K regular, 592M humongous, Frag: 63% external, 0% internal; Reserve: 103M, Max: 1024K
[3.090s][info   ][gc,start    ] GC(42) Concurrent class unloading
[3.090s][info   ][gc,task     ] GC(42) Using 1 of 2 workers for concurrent class unloading
[3.092s][info   ][gc          ] GC(42) Concurrent class unloading 1.543ms
[3.098s][info   ][gc,start    ] GC(42) Pause Final Roots
[3.098s][info   ][gc          ] GC(42) Pause Final Roots 0.061ms
[3.099s][info   ][gc,ergo     ] Free: 1493M, Max: 1024K regular, 592M humongous, Frag: 61% external, 0% internal; Reserve: 103M, Max: 1024K
[3.099s][info   ][gc,stats    ] 
[3.099s][info   ][gc,stats    ] All times are wall-clock times, except per-root-class counters, that are sum over
[3.099s][info   ][gc,stats    ] all workers. Dividing the <total> over the root stage time estimates parallelism.
[3.099s][info   ][gc,stats    ] 
[3.099s][info   ][gc,stats    ] Concurrent Reset                   8070 us
[3.099s][info   ][gc,stats    ] Pause Init Mark (G)               13437 us
[3.099s][info   ][gc,stats    ] Pause Init Mark (N)                 312 us
[3.099s][info   ][gc,stats    ]   Update Region States              142 us
[3.099s][info   ][gc,stats    ] Concurrent Mark Roots              1228 us, parallelism: 0.20x
[3.099s][info   ][gc,stats    ]   CMR: <total>                      242 us
[3.099s][info   ][gc,stats    ]   CMR: Thread Roots                 178 us, workers (us): 178, ---, 
[3.099s][info   ][gc,stats    ]   CMR: VM Strong Roots                9 us, workers (us):   9, ---, 
[3.099s][info   ][gc,stats    ]   CMR: CLDG Roots                    55 us, workers (us):  55, ---, 
[3.099s][info   ][gc,stats    ] Concurrent Marking                 4579 us
[3.099s][info   ][gc,stats    ] Pause Final Mark (G)               1079 us
[3.099s][info   ][gc,stats    ] Pause Final Mark (N)                793 us
[3.099s][info   ][gc,stats    ]   Finish Mark                       344 us
[3.099s][info   ][gc,stats    ]   Update Region States              137 us
[3.099s][info   ][gc,stats    ]   Choose Collection Set             242 us
[3.099s][info   ][gc,stats    ]   Rebuild Free Set                   10 us
[3.099s][info   ][gc,stats    ] Concurrent Weak References          115 us, parallelism: 0.11x
[3.099s][info   ][gc,stats    ]   CWRF: <total>                      13 us
[3.099s][info   ][gc,stats    ]   CWRF: Weak References              13 us, workers (us):  13, ---, 
[3.099s][info   ][gc,stats    ] Concurrent Weak Roots              1978 us
[3.099s][info   ][gc,stats    ]   Roots                             224 us, parallelism: 0.74x
[3.099s][info   ][gc,stats    ]     CWR: <total>                    167 us
[3.099s][info   ][gc,stats    ]     CWR: Code Cache Roots            61 us, workers (us):  61, ---, 
[3.099s][info   ][gc,stats    ]     CWR: VM Weak Roots              102 us, workers (us): 102, ---, 
[3.099s][info   ][gc,stats    ]     CWR: CLDG Roots                   4 us, workers (us):   4, ---, 
[3.099s][info   ][gc,stats    ]   Rendezvous                       1629 us
[3.099s][info   ][gc,stats    ] Concurrent Cleanup                  507 us
[3.099s][info   ][gc,stats    ] Concurrent Class Unloading         1584 us
[3.099s][info   ][gc,stats    ]   Unlink Stale                      457 us
[3.099s][info   ][gc,stats    ]     System Dictionary                16 us
[3.099s][info   ][gc,stats    ]     Weak Class Links                  2 us
[3.099s][info   ][gc,stats    ]     Code Roots                      431 us
[3.099s][info   ][gc,stats    ]   Rendezvous                        899 us
[3.099s][info   ][gc,stats    ]   Purge Unlinked                    111 us
[3.099s][info   ][gc,stats    ]     Code Roots                       45 us
[3.099s][info   ][gc,stats    ]     CLDG                             63 us
[3.099s][info   ][gc,stats    ]     Exception Caches                  1 us
[3.099s][info   ][gc,stats    ] Pause Final Roots (G)              7008 us
[3.099s][info   ][gc,stats    ] Pause Final Roots (N)                72 us
[3.099s][info   ][gc,stats    ] Pacing                           146607 us
[3.099s][info   ][gc,stats    ] 
[3.099s][info   ][gc,stats    ] Allocation pacing accrued:
[3.099s][info   ][gc,stats    ]      22 of    46 ms ( 47.2%): Thread-0
[3.099s][info   ][gc,stats    ]      21 of    46 ms ( 46.2%): Thread-1
[3.099s][info   ][gc,stats    ]      21 of    46 ms ( 46.3%): Thread-2
[3.099s][info   ][gc,stats    ]       9 of    46 ms ( 19.5%): Thread-3
[3.099s][info   ][gc,stats    ]      21 of    46 ms ( 45.7%): Thread-4
[3.099s][info   ][gc,stats    ]      24 of    46 ms ( 52.3%): Thread-5
[3.099s][info   ][gc,stats    ]      20 of    46 ms ( 42.7%): Thread-6
[3.099s][info   ][gc,stats    ]       9 of    46 ms ( 19.8%): Thread-7
[3.099s][info   ][gc,stats    ]     147 of    46 ms (319.6%): <total>
[3.099s][info   ][gc,stats    ]       8 of    46 ms ( 16.8%): <average total>
[3.099s][info   ][gc,stats    ]      18 of    46 ms ( 40.0%): <average non-zero>
[3.099s][info   ][gc,stats    ] 
[3.099s][info   ][gc,metaspace] Metaspace: 211K(448K)->211K(448K) NonClass: 202K(320K)->202K(320K) Class: 9K(128K)->9K(128K)
[3.099s][info   ][gc,ergo     ] Pacer for Idle. Initial: 41943K, Alloc Tax Rate: 1.0x
[3.118s][info   ][gc          ] Trigger: Average GC time (76.60 ms) is above the time for average allocation rate (14756 MB/s) to deplete free headroom (1122M) (margin of error = 1.84)
[3.118s][info   ][gc,ergo     ] Free headroom: 1225M (free) - 102M (spike) - 0B (penalties) = 1122M
[3.118s][info   ][gc,ergo     ] Free: 1223M, Max: 1024K regular, 592M humongous, Frag: 52% external, 0% internal; Reserve: 103M, Max: 1024K
[3.118s][info   ][gc,start    ] GC(43) Concurrent reset
[3.118s][info   ][gc,task     ] GC(43) Using 1 of 2 workers for concurrent reset
[3.118s][info   ][gc,ergo     ] GC(43) Pacer for Reset. Non-Taxable: 2048M
[3.128s][info   ][gc          ] GC(43) Concurrent reset 9.673ms
[3.131s][info   ][gc,start    ] GC(43) Pause Init Mark (unload classes)
[3.131s][info   ][gc,task     ] GC(43) Using 2 of 2 workers for init marking
[3.131s][info   ][gc,ergo     ] GC(43) Pacer for Mark. Expected Live: 66905K, Free: 1063M, Non-Taxable: 106M, Alloc Tax Rate: 0.1x
[3.131s][info   ][gc          ] GC(43) Pause Init Mark (unload classes) 0.267ms
[3.136s][info   ][gc,start    ] GC(43) Concurrent marking roots
[3.136s][info   ][gc,task     ] GC(43) Using 1 of 2 workers for concurrent marking roots
[3.138s][info   ][gc          ] GC(43) Concurrent marking roots 2.262ms
[3.138s][info   ][gc,start    ] GC(43) Concurrent marking (unload classes)
[3.138s][info   ][gc,task     ] GC(43) Using 1 of 2 workers for concurrent marking
[3.143s][info   ][gc          ] GC(43) Concurrent marking (unload classes) 4.858ms
[3.144s][info   ][gc,start    ] GC(43) Pause Final Mark (unload classes)
[3.144s][info   ][gc,task     ] GC(43) Using 2 of 2 workers for final marking
[3.144s][info   ][gc,ergo     ] GC(43) Collectable Garbage: 416M (98%), Immediate: 416M (98%), CSet: 0B (0%)
[3.144s][info   ][gc          ] GC(43) Pause Final Mark (unload classes) 0.484ms
[3.144s][info   ][gc,start    ] GC(43) Concurrent weak references
[3.144s][info   ][gc,task     ] GC(43) Using 1 of 2 workers for concurrent weak references
[3.145s][info   ][gc,ref      ] GC(43) Encountered references: Soft: 11, Weak: 37, Final: 0, Phantom: 5
[3.145s][info   ][gc,ref      ] GC(43) Discovered  references: Soft: 0, Weak: 11, Final: 0, Phantom: 5
[3.145s][info   ][gc,ref      ] GC(43) Enqueued    references: Soft: 0, Weak: 0, Final: 0, Phantom: 0
[3.145s][info   ][gc          ] GC(43) Concurrent weak references 0.932ms
[3.145s][info   ][gc,start    ] GC(43) Concurrent weak roots
[3.145s][info   ][gc,task     ] GC(43) Using 1 of 2 workers for concurrent weak root
[3.148s][info   ][gc          ] GC(43) Concurrent weak roots 2.119ms
[3.148s][info   ][gc,start    ] GC(43) Concurrent cleanup
[3.148s][info   ][gc          ] GC(43) Concurrent cleanup 542M->129M(2048M) 0.645ms
[3.148s][info   ][gc,ergo     ] GC(43) Free: 1689M, Max: 1024K regular, 868M humongous, Frag: 49% external, 0% internal; Reserve: 103M, Max: 1024K
[3.148s][info   ][gc,start    ] GC(43) Concurrent class unloading
[3.148s][info   ][gc,task     ] GC(43) Using 1 of 2 workers for concurrent class unloading
[3.163s][info   ][gc          ] GC(43) Concurrent class unloading 14.944ms
[3.163s][info   ][gc,start    ] GC(43) Pause Final Roots
[3.163s][info   ][gc          ] GC(43) Pause Final Roots 0.024ms
[3.164s][info   ][gc,ergo     ] Free: 1489M, Max: 1024K regular, 868M humongous, Frag: 42% external, 0% internal; Reserve: 103M, Max: 1024K
[3.164s][info   ][gc,stats    ] 
[3.164s][info   ][gc,stats    ] All times are wall-clock times, except per-root-class counters, that are sum over
[3.164s][info   ][gc,stats    ] all workers. Dividing the <total> over the root stage time estimates parallelism.
[3.164s][info   ][gc,stats    ] 
[3.164s][info   ][gc,stats    ] Concurrent Reset                   9914 us
[3.164s][info   ][gc,stats    ] Pause Init Mark (G)                8118 us
[3.164s][info   ][gc,stats    ] Pause Init Mark (N)                 277 us
[3.164s][info   ][gc,stats    ]   Update Region States              147 us
[3.164s][info   ][gc,stats    ] Concurrent Mark Roots              2419 us, parallelism: 0.17x
[3.164s][info   ][gc,stats    ]   CMR: <total>                      419 us
[3.164s][info   ][gc,stats    ]   CMR: Thread Roots                 219 us, workers (us): 219, ---, 
[3.164s][info   ][gc,stats    ]   CMR: VM Strong Roots               12 us, workers (us):  12, ---, 
[3.164s][info   ][gc,stats    ]   CMR: CLDG Roots                   188 us, workers (us): 188, ---, 
[3.164s][info   ][gc,stats    ] Concurrent Marking                 4954 us
[3.164s][info   ][gc,stats    ] Pause Final Mark (G)               1203 us
[3.164s][info   ][gc,stats    ] Pause Final Mark (N)                501 us
[3.164s][info   ][gc,stats    ]   Finish Mark                       152 us
[3.164s][info   ][gc,stats    ]   Update Region States              100 us
[3.164s][info   ][gc,stats    ]   Choose Collection Set             150 us
[3.164s][info   ][gc,stats    ]   Rebuild Free Set                   14 us
[3.164s][info   ][gc,stats    ] Concurrent Weak References          942 us, parallelism: 0.01x
[3.164s][info   ][gc,stats    ]   CWRF: <total>                       9 us
[3.164s][info   ][gc,stats    ]   CWRF: Weak References               9 us, workers (us):   9, ---, 
[3.164s][info   ][gc,stats    ] Concurrent Weak Roots              2184 us
[3.164s][info   ][gc,stats    ]   Roots                             235 us, parallelism: 0.52x
[3.164s][info   ][gc,stats    ]     CWR: <total>                    122 us
[3.164s][info   ][gc,stats    ]     CWR: Code Cache Roots            60 us, workers (us):  60, ---, 
[3.164s][info   ][gc,stats    ]     CWR: VM Weak Roots               58 us, workers (us):  58, ---, 
[3.164s][info   ][gc,stats    ]     CWR: CLDG Roots                   4 us, workers (us):   4, ---, 
[3.164s][info   ][gc,stats    ]   Rendezvous                       1860 us
[3.164s][info   ][gc,stats    ] Concurrent Cleanup                  660 us
[3.164s][info   ][gc,stats    ] Concurrent Class Unloading        15031 us
[3.164s][info   ][gc,stats    ]   Unlink Stale                      309 us
[3.164s][info   ][gc,stats    ]     System Dictionary                12 us
[3.164s][info   ][gc,stats    ]     Weak Class Links                  1 us
[3.164s][info   ][gc,stats    ]     Code Roots                      292 us
[3.164s][info   ][gc,stats    ]   Rendezvous                      14412 us
[3.164s][info   ][gc,stats    ]   Purge Unlinked                    197 us
[3.164s][info   ][gc,stats    ]     Code Roots                      150 us
[3.164s][info   ][gc,stats    ]     CLDG                             44 us
[3.164s][info   ][gc,stats    ]     Exception Caches                  1 us
[3.164s][info   ][gc,stats    ] Pause Final Roots (G)               164 us
[3.164s][info   ][gc,stats    ] Pause Final Roots (N)                34 us
[3.164s][info   ][gc,stats    ] Pacing                            71001 us
[3.164s][info   ][gc,stats    ] 
[3.164s][info   ][gc,stats    ] Allocation pacing accrued:
[3.164s][info   ][gc,stats    ]      11 of    65 ms ( 16.4%): Thread-0
[3.164s][info   ][gc,stats    ]      15 of    65 ms ( 23.7%): Thread-1
[3.164s][info   ][gc,stats    ]      10 of    65 ms ( 16.2%): Thread-2
[3.164s][info   ][gc,stats    ]      11 of    65 ms ( 16.8%): Thread-4
[3.164s][info   ][gc,stats    ]      10 of    65 ms ( 16.1%): Thread-5
[3.164s][info   ][gc,stats    ]      13 of    65 ms ( 20.7%): Thread-7
[3.164s][info   ][gc,stats    ]      71 of    65 ms (109.8%): <total>
[3.164s][info   ][gc,stats    ]       4 of    65 ms (  5.8%): <average total>
[3.164s][info   ][gc,stats    ]      12 of    65 ms ( 18.3%): <average non-zero>
[3.164s][info   ][gc,stats    ] 
[3.164s][info   ][gc,metaspace] Metaspace: 211K(448K)->211K(448K) NonClass: 202K(320K)->202K(320K) Class: 9K(128K)->9K(128K)
[3.164s][info   ][gc,ergo     ] Pacer for Idle. Initial: 41943K, Alloc Tax Rate: 1.0x
[3.193s][info   ][gc          ] Trigger: Average GC time (67.89 ms) is above the time for average allocation rate (14756 MB/s) to deplete free headroom (996M) (margin of error = 1.84)
[3.193s][info   ][gc,ergo     ] Free headroom: 1099M (free) - 102M (spike) - 0B (penalties) = 996M
[3.193s][info   ][gc,ergo     ] Free: 1093M, Max: 1024K regular, 868M humongous, Frag: 21% external, 0% internal; Reserve: 103M, Max: 1024K
[3.193s][info   ][gc,start    ] GC(44) Concurrent reset
[3.193s][info   ][gc,task     ] GC(44) Using 1 of 2 workers for concurrent reset
[3.193s][info   ][gc,ergo     ] GC(44) Pacer for Reset. Non-Taxable: 2048M
[3.200s][info   ][gc          ] GC(44) Concurrent reset 6.861ms
[3.206s][info   ][gc,start    ] GC(44) Pause Init Mark (unload classes)
[3.206s][info   ][gc,task     ] GC(44) Using 2 of 2 workers for init marking
[3.206s][info   ][gc,ergo     ] GC(44) Pacer for Mark. Expected Live: 52569K, Free: 931M, Non-Taxable: 95349K, Alloc Tax Rate: 0.1x
[3.206s][info   ][gc          ] GC(44) Pause Init Mark (unload classes) 0.220ms
[3.209s][info   ][gc,start    ] GC(44) Concurrent marking roots
[3.210s][info   ][gc,task     ] GC(44) Using 1 of 2 workers for concurrent marking roots
[3.213s][info   ][gc          ] GC(44) Concurrent marking roots 3.474ms
[3.213s][info   ][gc,start    ] GC(44) Concurrent marking (unload classes)
[3.213s][info   ][gc,task     ] GC(44) Using 1 of 2 workers for concurrent marking
[3.214s][info   ][gc          ] GC(44) Concurrent marking (unload classes) 1.532ms
[3.215s][info   ][gc,start    ] GC(44) Pause Final Mark (unload classes)
[3.215s][info   ][gc,task     ] GC(44) Using 2 of 2 workers for final marking
[3.215s][info   ][gc,ergo     ] GC(44) Collectable Garbage: 443M (98%), Immediate: 443M (98%), CSet: 0B (0%)
[3.215s][info   ][gc          ] GC(44) Pause Final Mark (unload classes) 0.212ms
[3.215s][info   ][gc,start    ] GC(44) Concurrent weak references
[3.215s][info   ][gc,task     ] GC(44) Using 1 of 2 workers for concurrent weak references
[3.215s][info   ][gc,ref      ] GC(44) Encountered references: Soft: 11, Weak: 37, Final: 0, Phantom: 5
[3.215s][info   ][gc,ref      ] GC(44) Discovered  references: Soft: 0, Weak: 11, Final: 0, Phantom: 5
[3.215s][info   ][gc,ref      ] GC(44) Enqueued    references: Soft: 0, Weak: 0, Final: 0, Phantom: 0
[3.215s][info   ][gc          ] GC(44) Concurrent weak references 0.105ms
[3.215s][info   ][gc,start    ] GC(44) Concurrent weak roots
[3.215s][info   ][gc,task     ] GC(44) Using 1 of 2 workers for concurrent weak root
[3.215s][info   ][gc          ] GC(44) Concurrent weak roots 0.263ms
[3.215s][info   ][gc,start    ] GC(44) Concurrent cleanup
[3.216s][info   ][gc          ] GC(44) Concurrent cleanup 556M->113M(2048M) 0.654ms
[3.216s][info   ][gc,ergo     ] GC(44) Free: 1723M, Max: 1024K regular, 836M humongous, Frag: 52% external, 0% internal; Reserve: 103M, Max: 1024K
[3.216s][info   ][gc,start    ] GC(44) Concurrent class unloading
[3.216s][info   ][gc,task     ] GC(44) Using 1 of 2 workers for concurrent class unloading
[3.216s][info   ][gc          ] GC(44) Concurrent class unloading 0.486ms
[3.217s][info   ][gc,start    ] GC(44) Pause Final Roots
[3.217s][info   ][gc          ] GC(44) Pause Final Roots 0.031ms
[3.217s][info   ][gc,ergo     ] Free: 1723M, Max: 1024K regular, 836M humongous, Frag: 52% external, 0% internal; Reserve: 103M, Max: 1024K
[3.217s][info   ][gc,stats    ] 
[3.217s][info   ][gc,stats    ] All times are wall-clock times, except per-root-class counters, that are sum over
[3.217s][info   ][gc,stats    ] all workers. Dividing the <total> over the root stage time estimates parallelism.
[3.217s][info   ][gc,stats    ] 
[3.217s][info   ][gc,stats    ] Concurrent Reset                   7397 us
[3.217s][info   ][gc,stats    ] Pause Init Mark (G)                8704 us
[3.217s][info   ][gc,stats    ] Pause Init Mark (N)                 230 us
[3.217s][info   ][gc,stats    ]   Update Region States               93 us
[3.217s][info   ][gc,stats    ] Concurrent Mark Roots              3527 us, parallelism: 0.09x
[3.217s][info   ][gc,stats    ]   CMR: <total>                      329 us
[3.217s][info   ][gc,stats    ]   CMR: Thread Roots                 236 us, workers (us): 236, ---, 
[3.217s][info   ][gc,stats    ]   CMR: VM Strong Roots               12 us, workers (us):  12, ---, 
[3.217s][info   ][gc,stats    ]   CMR: CLDG Roots                    81 us, workers (us):  81, ---, 
[3.217s][info   ][gc,stats    ] Concurrent Marking                 1553 us
[3.217s][info   ][gc,stats    ] Pause Final Mark (G)                310 us
[3.217s][info   ][gc,stats    ] Pause Final Mark (N)                220 us
[3.217s][info   ][gc,stats    ]   Finish Mark                        48 us
[3.217s][info   ][gc,stats    ]   Update Region States               60 us
[3.217s][info   ][gc,stats    ]   Choose Collection Set              65 us
[3.217s][info   ][gc,stats    ]   Rebuild Free Set                    9 us
[3.217s][info   ][gc,stats    ] Concurrent Weak References          112 us, parallelism: 0.02x
[3.217s][info   ][gc,stats    ]   CWRF: <total>                       2 us
[3.217s][info   ][gc,stats    ]   CWRF: Weak References               2 us, workers (us):   2, ---, 
[3.217s][info   ][gc,stats    ] Concurrent Weak Roots               285 us
[3.217s][info   ][gc,stats    ]   Roots                             161 us, parallelism: 0.36x
[3.217s][info   ][gc,stats    ]     CWR: <total>                     58 us
[3.217s][info   ][gc,stats    ]     CWR: Code Cache Roots            31 us, workers (us):  31, ---, 
[3.217s][info   ][gc,stats    ]     CWR: VM Weak Roots               25 us, workers (us):  25, ---, 
[3.217s][info   ][gc,stats    ]     CWR: CLDG Roots                   2 us, workers (us):   2, ---, 
[3.217s][info   ][gc,stats    ]   Rendezvous                         85 us
[3.217s][info   ][gc,stats    ] Concurrent Cleanup                  672 us
[3.217s][info   ][gc,stats    ] Concurrent Class Unloading          504 us
[3.217s][info   ][gc,stats    ]   Unlink Stale                      246 us
[3.217s][info   ][gc,stats    ]     System Dictionary                 5 us
[3.217s][info   ][gc,stats    ]     Weak Class Links                  1 us
[3.217s][info   ][gc,stats    ]     Code Roots                      238 us
[3.217s][info   ][gc,stats    ]   Rendezvous                         77 us
[3.217s][info   ][gc,stats    ]   Purge Unlinked                    142 us
[3.217s][info   ][gc,stats    ]     Code Roots                       95 us
[3.217s][info   ][gc,stats    ]     CLDG                             45 us
[3.217s][info   ][gc,stats    ]     Exception Caches                  0 us
[3.217s][info   ][gc,stats    ] Pause Final Roots (G)               186 us
[3.217s][info   ][gc,stats    ] Pause Final Roots (N)                39 us
[3.217s][info   ][gc,stats    ] Pacing                            22121 us
[3.217s][info   ][gc,stats    ] 
[3.217s][info   ][gc,stats    ] Allocation pacing accrued:
[3.217s][info   ][gc,stats    ]      10 of    53 ms ( 19.0%): Thread-0
[3.217s][info   ][gc,stats    ]       2 of    53 ms (  4.3%): Thread-1
[3.217s][info   ][gc,stats    ]       2 of    53 ms (  3.8%): Thread-3
[3.217s][info   ][gc,stats    ]       2 of    53 ms (  4.4%): Thread-4
[3.217s][info   ][gc,stats    ]       2 of    53 ms (  4.7%): Thread-5
[3.217s][info   ][gc,stats    ]       2 of    53 ms (  4.4%): Thread-6
[3.217s][info   ][gc,stats    ]       5 of    53 ms (  9.0%): Thread-7
[3.217s][info   ][gc,stats    ]      26 of    53 ms ( 49.7%): <total>
[3.217s][info   ][gc,stats    ]       1 of    53 ms (  2.6%): <average total>
[3.217s][info   ][gc,stats    ]       4 of    53 ms (  7.1%): <average non-zero>
[3.217s][info   ][gc,stats    ] 
[3.217s][info   ][gc,metaspace] Metaspace: 211K(448K)->211K(448K) NonClass: 202K(320K)->202K(320K) Class: 9K(128K)->9K(128K)
[3.217s][info   ][gc,ergo     ] Pacer for Idle. Initial: 41943K, Alloc Tax Rate: 1.0x
[3.271s][info   ][gc          ] Trigger: Average GC time (59.67 ms) is above the time for average allocation rate (14736 MB/s) to deplete free headroom (864M) (margin of error = 1.83)
[3.272s][info   ][gc,ergo     ] Free headroom: 967M (free) - 102M (spike) - 0B (penalties) = 864M
[3.272s][info   ][gc,ergo     ] Free: 963M, Max: 1024K regular, 836M humongous, Frag: 14% external, 0% internal; Reserve: 103M, Max: 1024K
[3.272s][info   ][gc,start    ] GC(45) Concurrent reset
[3.272s][info   ][gc,task     ] GC(45) Using 1 of 2 workers for concurrent reset
[3.272s][info   ][gc,ergo     ] GC(45) Pacer for Reset. Non-Taxable: 2048M
[3.286s][info   ][gc          ] GC(45) Concurrent reset 13.878ms
[3.291s][info   ][gc,start    ] GC(45) Pause Init Mark (unload classes)
[3.291s][info   ][gc,task     ] GC(45) Using 2 of 2 workers for init marking
[3.291s][info   ][gc,ergo     ] GC(45) Pacer for Mark. Expected Live: 50726K, Free: 715M, Non-Taxable: 73231K, Alloc Tax Rate: 0.1x
[3.291s][info   ][gc          ] GC(45) Pause Init Mark (unload classes) 0.266ms
[3.296s][info   ][gc,start    ] GC(45) Concurrent marking roots
[3.296s][info   ][gc,task     ] GC(45) Using 1 of 2 workers for concurrent marking roots
[3.297s][info   ][gc          ] GC(45) Concurrent marking roots 0.869ms
[3.297s][info   ][gc,start    ] GC(45) Concurrent marking (unload classes)
[3.297s][info   ][gc,task     ] GC(45) Using 1 of 2 workers for concurrent marking
[3.298s][info   ][gc          ] GC(45) Concurrent marking (unload classes) 1.342ms
[3.298s][info   ][gc,start    ] GC(45) Pause Final Mark (unload classes)
[3.298s][info   ][gc,task     ] GC(45) Using 2 of 2 workers for final marking
[3.298s][info   ][gc,ergo     ] GC(45) Collectable Garbage: 533M (99%), Immediate: 533M (99%), CSet: 0B (0%)
[3.298s][info   ][gc          ] GC(45) Pause Final Mark (unload classes) 0.495ms
[3.298s][info   ][gc,start    ] GC(45) Concurrent weak references
[3.298s][info   ][gc,task     ] GC(45) Using 1 of 2 workers for concurrent weak references
[3.299s][info   ][gc,ref      ] GC(45) Encountered references: Soft: 11, Weak: 37, Final: 0, Phantom: 5
[3.299s][info   ][gc,ref      ] GC(45) Discovered  references: Soft: 0, Weak: 11, Final: 0, Phantom: 5
[3.299s][info   ][gc,ref      ] GC(45) Enqueued    references: Soft: 0, Weak: 0, Final: 0, Phantom: 0
[3.299s][info   ][gc          ] GC(45) Concurrent weak references 0.098ms
[3.299s][info   ][gc,start    ] GC(45) Concurrent weak roots
[3.299s][info   ][gc,task     ] GC(45) Using 1 of 2 workers for concurrent weak root
[3.299s][info   ][gc          ] GC(45) Concurrent weak roots 0.188ms
[3.299s][info   ][gc,start    ] GC(45) Concurrent cleanup
[3.299s][info   ][gc          ] GC(45) Concurrent cleanup 653M->120M(2048M) 0.524ms
[3.299s][info   ][gc,ergo     ] GC(45) Free: 1709M, Max: 1024K regular, 642M humongous, Frag: 63% external, 0% internal; Reserve: 103M, Max: 1024K
[3.299s][info   ][gc,start    ] GC(45) Concurrent class unloading
[3.299s][info   ][gc,task     ] GC(45) Using 1 of 2 workers for concurrent class unloading
[3.300s][info   ][gc          ] GC(45) Concurrent class unloading 0.283ms
[3.300s][info   ][gc,start    ] GC(45) Pause Final Roots
[3.300s][info   ][gc          ] GC(45) Pause Final Roots 0.008ms
[3.300s][info   ][gc,ergo     ] Free: 1709M, Max: 1024K regular, 642M humongous, Frag: 63% external, 0% internal; Reserve: 103M, Max: 1024K
[3.300s][info   ][gc,stats    ] 
[3.300s][info   ][gc,stats    ] All times are wall-clock times, except per-root-class counters, that are sum over
[3.300s][info   ][gc,stats    ] all workers. Dividing the <total> over the root stage time estimates parallelism.
[3.300s][info   ][gc,stats    ] 
[3.300s][info   ][gc,stats    ] Concurrent Reset                  14047 us
[3.300s][info   ][gc,stats    ] Pause Init Mark (G)                9673 us
[3.300s][info   ][gc,stats    ] Pause Init Mark (N)                 286 us
[3.300s][info   ][gc,stats    ]   Update Region States              139 us
[3.300s][info   ][gc,stats    ] Concurrent Mark Roots               913 us, parallelism: 0.36x
[3.300s][info   ][gc,stats    ]   CMR: <total>                      328 us
[3.300s][info   ][gc,stats    ]   CMR: Thread Roots                 246 us, workers (us): 246, ---, 
[3.300s][info   ][gc,stats    ]   CMR: VM Strong Roots               35 us, workers (us):  35, ---, 
[3.300s][info   ][gc,stats    ]   CMR: CLDG Roots                    48 us, workers (us):  48, ---, 
[3.300s][info   ][gc,stats    ] Concurrent Marking                 1365 us
[3.300s][info   ][gc,stats    ] Pause Final Mark (G)                549 us
[3.300s][info   ][gc,stats    ] Pause Final Mark (N)                503 us
[3.300s][info   ][gc,stats    ]   Finish Mark                       322 us
[3.300s][info   ][gc,stats    ]   Update Region States               66 us
[3.300s][info   ][gc,stats    ]   Choose Collection Set              77 us
[3.300s][info   ][gc,stats    ]   Rebuild Free Set                    9 us
[3.300s][info   ][gc,stats    ] Concurrent Weak References          104 us, parallelism: 0.03x
[3.300s][info   ][gc,stats    ]   CWRF: <total>                       3 us
[3.300s][info   ][gc,stats    ]   CWRF: Weak References               3 us, workers (us):   3, ---, 
[3.300s][info   ][gc,stats    ] Concurrent Weak Roots               198 us
[3.300s][info   ][gc,stats    ]   Roots                             136 us, parallelism: 0.53x
[3.300s][info   ][gc,stats    ]     CWR: <total>                     72 us
[3.300s][info   ][gc,stats    ]     CWR: Code Cache Roots            50 us, workers (us):  50, ---, 
[3.300s][info   ][gc,stats    ]     CWR: VM Weak Roots               21 us, workers (us):  21, ---, 
[3.300s][info   ][gc,stats    ]     CWR: CLDG Roots                   1 us, workers (us):   1, ---, 
[3.300s][info   ][gc,stats    ]   Rendezvous                         38 us
[3.300s][info   ][gc,stats    ] Concurrent Cleanup                  531 us
[3.300s][info   ][gc,stats    ] Concurrent Class Unloading          294 us
[3.300s][info   ][gc,stats    ]   Unlink Stale                      164 us
[3.300s][info   ][gc,stats    ]     System Dictionary                 4 us
[3.300s][info   ][gc,stats    ]     Weak Class Links                  1 us
[3.300s][info   ][gc,stats    ]     Code Roots                      157 us
[3.300s][info   ][gc,stats    ]   Rendezvous                         28 us
[3.300s][info   ][gc,stats    ]   Purge Unlinked                     71 us
[3.300s][info   ][gc,stats    ]     Code Roots                       56 us
[3.300s][info   ][gc,stats    ]     CLDG                             13 us
[3.300s][info   ][gc,stats    ]     Exception Caches                  1 us
[3.300s][info   ][gc,stats    ] Pause Final Roots (G)                46 us
[3.300s][info   ][gc,stats    ] Pause Final Roots (N)                14 us
[3.300s][info   ][gc,stats    ] Pacing                            65603 us
[3.300s][info   ][gc,stats    ] 
[3.300s][info   ][gc,stats    ] Allocation pacing accrued:
[3.300s][info   ][gc,stats    ]       7 of    83 ms (  8.0%): Thread-1
[3.300s][info   ][gc,stats    ]       7 of    83 ms (  7.9%): Thread-2
[3.300s][info   ][gc,stats    ]       7 of    83 ms (  7.9%): Thread-3
[3.300s][info   ][gc,stats    ]      13 of    83 ms ( 15.4%): Thread-4
[3.300s][info   ][gc,stats    ]      10 of    83 ms ( 12.0%): Thread-5
[3.300s][info   ][gc,stats    ]      10 of    83 ms ( 12.1%): Thread-6
[3.300s][info   ][gc,stats    ]      13 of    83 ms ( 15.6%): Thread-7
[3.300s][info   ][gc,stats    ]      66 of    83 ms ( 79.0%): <total>
[3.300s][info   ][gc,stats    ]       3 of    83 ms (  4.2%): <average total>
[3.300s][info   ][gc,stats    ]       9 of    83 ms ( 11.3%): <average non-zero>
[3.300s][info   ][gc,stats    ] 
[3.300s][info   ][gc,metaspace] Metaspace: 211K(448K)->211K(448K) NonClass: 202K(320K)->202K(320K) Class: 9K(128K)->9K(128K)
[3.300s][info   ][gc,ergo     ] Pacer for Idle. Initial: 41943K, Alloc Tax Rate: 1.0x
[3.362s][info   ][gc          ] Trigger: Average GC time (49.83 ms) is above the time for average allocation rate (14714 MB/s) to deplete free headroom (732M) (margin of error = 1.82)
[3.363s][info   ][gc,ergo     ] Free headroom: 835M (free) - 102M (spike) - 0B (penalties) = 732M
[3.363s][info   ][gc,ergo     ] Free: 829M, Max: 1024K regular, 642M humongous, Frag: 23% external, 0% internal; Reserve: 103M, Max: 1024K
[3.363s][info   ][gc,start    ] GC(46) Concurrent reset
[3.363s][info   ][gc,task     ] GC(46) Using 1 of 2 workers for concurrent reset
[3.363s][info   ][gc,ergo     ] GC(46) Pacer for Reset. Non-Taxable: 2048M
[3.374s][info   ][gc          ] GC(46) Concurrent reset 10.943ms
[3.377s][info   ][gc,start    ] GC(46) Pause Init Mark (unload classes)
[3.377s][info   ][gc,task     ] GC(46) Using 2 of 2 workers for init marking
[3.377s][info   ][gc,ergo     ] GC(46) Pacer for Mark. Expected Live: 52979K, Free: 653M, Non-Taxable: 66882K, Alloc Tax Rate: 0.1x
[3.377s][info   ][gc          ] GC(46) Pause Init Mark (unload classes) 0.199ms
[3.381s][info   ][gc,start    ] GC(46) Concurrent marking roots
[3.381s][info   ][gc,task     ] GC(46) Using 1 of 2 workers for concurrent marking roots
[3.381s][info   ][gc          ] GC(46) Concurrent marking roots 0.572ms
[3.381s][info   ][gc,start    ] GC(46) Concurrent marking (unload classes)
[3.381s][info   ][gc,task     ] GC(46) Using 1 of 2 workers for concurrent marking
[3.383s][info   ][gc          ] GC(46) Concurrent marking (unload classes) 1.441ms
[3.383s][info   ][gc,start    ] GC(46) Pause Final Mark (unload classes)
[3.383s][info   ][gc,task     ] GC(46) Using 2 of 2 workers for final marking
[3.383s][info   ][gc,ergo     ] GC(46) Collectable Garbage: 551M (99%), Immediate: 551M (99%), CSet: 0B (0%)
[3.383s][info   ][gc          ] GC(46) Pause Final Mark (unload classes) 0.314ms
[3.383s][info   ][gc,start    ] GC(46) Concurrent weak references
[3.383s][info   ][gc,task     ] GC(46) Using 1 of 2 workers for concurrent weak references
[3.383s][info   ][gc,ref      ] GC(46) Encountered references: Soft: 11, Weak: 37, Final: 0, Phantom: 5
[3.383s][info   ][gc,ref      ] GC(46) Discovered  references: Soft: 0, Weak: 11, Final: 0, Phantom: 5
[3.383s][info   ][gc,ref      ] GC(46) Enqueued    references: Soft: 0, Weak: 0, Final: 0, Phantom: 0
[3.383s][info   ][gc          ] GC(46) Concurrent weak references 0.100ms
[3.383s][info   ][gc,start    ] GC(46) Concurrent weak roots
[3.383s][info   ][gc,task     ] GC(46) Using 1 of 2 workers for concurrent weak root
[3.383s][info   ][gc          ] GC(46) Concurrent weak roots 0.183ms
[3.383s][info   ][gc,start    ] GC(46) Concurrent cleanup
[3.384s][info   ][gc          ] GC(46) Concurrent cleanup 681M->130M(2048M) 0.573ms
[3.384s][info   ][gc,ergo     ] GC(46) Free: 1689M, Max: 1024K regular, 586M humongous, Frag: 66% external, 0% internal; Reserve: 103M, Max: 1024K
[3.384s][info   ][gc,start    ] GC(46) Concurrent class unloading
[3.384s][info   ][gc,task     ] GC(46) Using 1 of 2 workers for concurrent class unloading
[3.384s][info   ][gc          ] GC(46) Concurrent class unloading 0.315ms
[3.384s][info   ][gc,start    ] GC(46) Pause Final Roots
[3.384s][info   ][gc          ] GC(46) Pause Final Roots 0.009ms
[3.384s][info   ][gc,ergo     ] Free: 1689M, Max: 1024K regular, 586M humongous, Frag: 66% external, 0% internal; Reserve: 103M, Max: 1024K
[3.384s][info   ][gc,stats    ] 
[3.384s][info   ][gc,stats    ] All times are wall-clock times, except per-root-class counters, that are sum over
[3.384s][info   ][gc,stats    ] all workers. Dividing the <total> over the root stage time estimates parallelism.
[3.384s][info   ][gc,stats    ] 
[3.384s][info   ][gc,stats    ] Concurrent Reset                  11156 us
[3.384s][info   ][gc,stats    ] Pause Init Mark (G)                6385 us
[3.384s][info   ][gc,stats    ] Pause Init Mark (N)                 208 us
[3.384s][info   ][gc,stats    ]   Update Region States              122 us
[3.384s][info   ][gc,stats    ] Concurrent Mark Roots               614 us, parallelism: 0.30x
[3.384s][info   ][gc,stats    ]   CMR: <total>                      183 us
[3.384s][info   ][gc,stats    ]   CMR: Thread Roots                 125 us, workers (us): 125, ---, 
[3.384s][info   ][gc,stats    ]   CMR: VM Strong Roots               10 us, workers (us):  10, ---, 
[3.384s][info   ][gc,stats    ]   CMR: CLDG Roots                    48 us, workers (us):  48, ---, 
[3.384s][info   ][gc,stats    ] Concurrent Marking                 1471 us
[3.384s][info   ][gc,stats    ] Pause Final Mark (G)                377 us
[3.384s][info   ][gc,stats    ] Pause Final Mark (N)                323 us
[3.384s][info   ][gc,stats    ]   Finish Mark                        92 us
[3.384s][info   ][gc,stats    ]   Update Region States               91 us
[3.385s][info   ][gc,stats    ]   Choose Collection Set              95 us
[3.385s][info   ][gc,stats    ]   Rebuild Free Set                    9 us
[3.385s][info   ][gc,stats    ] Concurrent Weak References          106 us, parallelism: 0.02x
[3.385s][info   ][gc,stats    ]   CWRF: <total>                       2 us
[3.385s][info   ][gc,stats    ]   CWRF: Weak References               2 us, workers (us):   2, ---, 
[3.385s][info   ][gc,stats    ] Concurrent Weak Roots               199 us
[3.385s][info   ][gc,stats    ]   Roots                             126 us, parallelism: 0.40x
[3.385s][info   ][gc,stats    ]     CWR: <total>                     50 us
[3.385s][info   ][gc,stats    ]     CWR: Code Cache Roots            25 us, workers (us):  25, ---, 
[3.385s][info   ][gc,stats    ]     CWR: VM Weak Roots               23 us, workers (us):  23, ---, 
[3.385s][info   ][gc,stats    ]     CWR: CLDG Roots                   2 us, workers (us):   2, ---, 
[3.385s][info   ][gc,stats    ]   Rendezvous                         43 us
[3.385s][info   ][gc,stats    ] Concurrent Cleanup                  584 us
[3.385s][info   ][gc,stats    ] Concurrent Class Unloading          331 us
[3.385s][info   ][gc,stats    ]   Unlink Stale                      155 us
[3.385s][info   ][gc,stats    ]     System Dictionary                 4 us
[3.385s][info   ][gc,stats    ]     Weak Class Links                  1 us
[3.385s][info   ][gc,stats    ]     Code Roots                      148 us
[3.385s][info   ][gc,stats    ]   Rendezvous                         58 us
[3.385s][info   ][gc,stats    ]   Purge Unlinked                     86 us
[3.385s][info   ][gc,stats    ]     Code Roots                       69 us
[3.385s][info   ][gc,stats    ]     CLDG                             14 us
[3.385s][info   ][gc,stats    ]     Exception Caches                  1 us
[3.385s][info   ][gc,stats    ] Pause Final Roots (G)                48 us
[3.385s][info   ][gc,stats    ] Pause Final Roots (N)                15 us
[3.385s][info   ][gc,stats    ] Pacing                            81264 us
[3.385s][info   ][gc,stats    ] 
[3.385s][info   ][gc,stats    ] Allocation pacing accrued:
[3.385s][info   ][gc,stats    ]      13 of    85 ms ( 15.2%): Thread-0
[3.385s][info   ][gc,stats    ]      10 of    85 ms ( 12.3%): Thread-1
[3.385s][info   ][gc,stats    ]      13 of    85 ms ( 15.3%): Thread-2
[3.385s][info   ][gc,stats    ]      10 of    85 ms ( 12.0%): Thread-3
[3.385s][info   ][gc,stats    ]      10 of    85 ms ( 12.4%): Thread-4
[3.385s][info   ][gc,stats    ]      14 of    85 ms ( 16.2%): Thread-6
[3.385s][info   ][gc,stats    ]      11 of    85 ms ( 12.6%): Thread-7
[3.385s][info   ][gc,stats    ]      81 of    85 ms ( 96.0%): <total>
[3.385s][info   ][gc,stats    ]       4 of    85 ms (  5.1%): <average total>
[3.385s][info   ][gc,stats    ]      12 of    85 ms ( 13.7%): <average non-zero>
[3.385s][info   ][gc,stats    ] 
[3.385s][info   ][gc,metaspace] Metaspace: 211K(448K)->211K(448K) NonClass: 202K(320K)->202K(320K) Class: 9K(128K)->9K(128K)
[3.385s][info   ][gc,ergo     ] Pacer for Idle. Initial: 41943K, Alloc Tax Rate: 1.0x
[3.455s][info   ][gc          ] Trigger: Average GC time (42.05 ms) is above the time for average allocation rate (14698 MB/s) to deplete free headroom (606M) (margin of error = 1.81)
[3.455s][info   ][gc,ergo     ] Free headroom: 709M (free) - 102M (spike) - 0B (penalties) = 606M
[3.455s][info   ][gc,ergo     ] Free: 707M, Max: 1024K regular, 586M humongous, Frag: 18% external, 0% internal; Reserve: 103M, Max: 1024K
[3.455s][info   ][gc,start    ] GC(47) Concurrent reset
[3.455s][info   ][gc,task     ] GC(47) Using 1 of 2 workers for concurrent reset
[3.455s][info   ][gc,ergo     ] GC(47) Pacer for Reset. Non-Taxable: 2048M
[3.465s][info   ][gc          ] GC(47) Concurrent reset 9.867ms
[3.467s][info   ][gc,start    ] GC(47) Pause Init Mark (unload classes)
[3.467s][info   ][gc,task     ] GC(47) Using 2 of 2 workers for init marking
[3.467s][info   ][gc,ergo     ] GC(47) Pacer for Mark. Expected Live: 64857K, Free: 585M, Non-Taxable: 59919K, Alloc Tax Rate: 0.1x
[3.467s][info   ][gc          ] GC(47) Pause Init Mark (unload classes) 0.183ms
[3.467s][info   ][gc,start    ] GC(47) Concurrent marking roots
[3.467s][info   ][gc,task     ] GC(47) Using 1 of 2 workers for concurrent marking roots
[3.467s][info   ][gc          ] GC(47) Concurrent marking roots 0.391ms
[3.467s][info   ][gc,start    ] GC(47) Concurrent marking (unload classes)
[3.467s][info   ][gc,task     ] GC(47) Using 1 of 2 workers for concurrent marking
[3.486s][info   ][gc          ] GC(47) Concurrent marking (unload classes) 19.204ms
[3.488s][info   ][gc,start    ] GC(47) Pause Final Mark (unload classes)
[3.488s][info   ][gc,task     ] GC(47) Using 2 of 2 workers for final marking
[3.488s][info   ][gc,ergo     ] GC(47) Collectable Garbage: 567M (99%), Immediate: 567M (99%), CSet: 0B (0%)
[3.488s][info   ][gc          ] GC(47) Pause Final Mark (unload classes) 0.304ms
[3.488s][info   ][gc,start    ] GC(47) Concurrent weak references
[3.488s][info   ][gc,task     ] GC(47) Using 1 of 2 workers for concurrent weak references
[3.488s][info   ][gc,ref      ] GC(47) Encountered references: Soft: 11, Weak: 37, Final: 0, Phantom: 5
[3.488s][info   ][gc,ref      ] GC(47) Discovered  references: Soft: 0, Weak: 11, Final: 0, Phantom: 5
[3.488s][info   ][gc,ref      ] GC(47) Enqueued    references: Soft: 0, Weak: 0, Final: 0, Phantom: 0
[3.488s][info   ][gc          ] GC(47) Concurrent weak references 0.138ms
[3.488s][info   ][gc,start    ] GC(47) Concurrent weak roots
[3.488s][info   ][gc,task     ] GC(47) Using 1 of 2 workers for concurrent weak root
[3.500s][info   ][gc          ] GC(47) Concurrent weak roots 12.027ms
[3.500s][info   ][gc,start    ] GC(47) Concurrent cleanup
[3.501s][info   ][gc          ] GC(47) Concurrent cleanup 927M->366M(2048M) 0.776ms
[3.501s][info   ][gc,ergo     ] GC(47) Free: 1217M, Max: 1024K regular, 159M humongous, Frag: 87% external, 0% internal; Reserve: 103M, Max: 1024K
[3.501s][info   ][gc,start    ] GC(47) Concurrent class unloading
[3.501s][info   ][gc,task     ] GC(47) Using 1 of 2 workers for concurrent class unloading
[3.506s][info   ][gc          ] GC(47) Concurrent class unloading 5.259ms
[3.507s][info   ][gc,start    ] GC(47) Pause Final Roots
[3.507s][info   ][gc          ] GC(47) Pause Final Roots 0.035ms
[3.508s][info   ][gc,ergo     ] Free: 1127M, Max: 1024K regular, 138M humongous, Frag: 88% external, 0% internal; Reserve: 103M, Max: 1024K
[3.508s][info   ][gc,stats    ] 
[3.508s][info   ][gc,stats    ] All times are wall-clock times, except per-root-class counters, that are sum over
[3.508s][info   ][gc,stats    ] all workers. Dividing the <total> over the root stage time estimates parallelism.
[3.508s][info   ][gc,stats    ] 
[3.508s][info   ][gc,stats    ] Concurrent Reset                  10037 us
[3.508s][info   ][gc,stats    ] Pause Init Mark (G)                1399 us
[3.508s][info   ][gc,stats    ] Pause Init Mark (N)                 191 us
[3.508s][info   ][gc,stats    ]   Update Region States              122 us
[3.508s][info   ][gc,stats    ] Concurrent Mark Roots               412 us, parallelism: 0.67x
[3.508s][info   ][gc,stats    ]   CMR: <total>                      276 us
[3.508s][info   ][gc,stats    ]   CMR: Thread Roots                 229 us, workers (us): 229, ---, 
[3.508s][info   ][gc,stats    ]   CMR: VM Strong Roots                6 us, workers (us):   6, ---, 
[3.508s][info   ][gc,stats    ]   CMR: CLDG Roots                    40 us, workers (us):  40, ---, 
[3.508s][info   ][gc,stats    ] Concurrent Marking                19349 us
[3.508s][info   ][gc,stats    ] Pause Final Mark (G)               1446 us
[3.508s][info   ][gc,stats    ] Pause Final Mark (N)                312 us
[3.508s][info   ][gc,stats    ]   Finish Mark                        66 us
[3.508s][info   ][gc,stats    ]   Update Region States               56 us
[3.508s][info   ][gc,stats    ]   Choose Collection Set             112 us
[3.508s][info   ][gc,stats    ]   Rebuild Free Set                    8 us
[3.508s][info   ][gc,stats    ] Concurrent Weak References          146 us, parallelism: 0.07x
[3.508s][info   ][gc,stats    ]   CWRF: <total>                      10 us
[3.508s][info   ][gc,stats    ]   CWRF: Weak References              10 us, workers (us):  10, ---, 
[3.508s][info   ][gc,stats    ] Concurrent Weak Roots             12156 us
[3.508s][info   ][gc,stats    ]   Roots                             239 us, parallelism: 0.84x
[3.508s][info   ][gc,stats    ]     CWR: <total>                    200 us
[3.508s][info   ][gc,stats    ]     CWR: Code Cache Roots            76 us, workers (us):  76, ---, 
[3.508s][info   ][gc,stats    ]     CWR: VM Weak Roots              117 us, workers (us): 117, ---, 
[3.508s][info   ][gc,stats    ]     CWR: CLDG Roots                   7 us, workers (us):   7, ---, 
[3.508s][info   ][gc,stats    ]   Rendezvous                      11756 us
[3.508s][info   ][gc,stats    ] Concurrent Cleanup                  792 us
[3.508s][info   ][gc,stats    ] Concurrent Class Unloading         5401 us
[3.508s][info   ][gc,stats    ]   Unlink Stale                      642 us
[3.508s][info   ][gc,stats    ]     System Dictionary                11 us
[3.508s][info   ][gc,stats    ]     Weak Class Links                  1 us
[3.508s][info   ][gc,stats    ]     Code Roots                      624 us
[3.508s][info   ][gc,stats    ]   Rendezvous                       4493 us
[3.508s][info   ][gc,stats    ]   Purge Unlinked                     90 us
[3.508s][info   ][gc,stats    ]     Code Roots                       79 us
[3.508s][info   ][gc,stats    ]     CLDG                              8 us
[3.508s][info   ][gc,stats    ]     Exception Caches                  1 us
[3.508s][info   ][gc,stats    ] Pause Final Roots (G)               981 us
[3.508s][info   ][gc,stats    ] Pause Final Roots (N)                47 us
[3.508s][info   ][gc,stats    ] Pacing                           106464 us
[3.508s][info   ][gc,stats    ] 
[3.508s][info   ][gc,stats    ] Allocation pacing accrued:
[3.508s][info   ][gc,stats    ]      21 of   123 ms ( 17.4%): Thread-0
[3.508s][info   ][gc,stats    ]       7 of   123 ms (  5.9%): Thread-1
[3.508s][info   ][gc,stats    ]      13 of   123 ms ( 10.2%): Thread-2
[3.508s][info   ][gc,stats    ]      11 of   123 ms (  8.8%): Thread-3
[3.508s][info   ][gc,stats    ]      20 of   123 ms ( 16.6%): Thread-4
[3.508s][info   ][gc,stats    ]      11 of   123 ms (  8.9%): Thread-5
[3.508s][info   ][gc,stats    ]      11 of   123 ms (  8.5%): Thread-6
[3.508s][info   ][gc,stats    ]      12 of   123 ms ( 10.0%): Thread-7
[3.508s][info   ][gc,stats    ]     106 of   123 ms ( 86.3%): <total>
[3.508s][info   ][gc,stats    ]       6 of   123 ms (  4.5%): <average total>
[3.508s][info   ][gc,stats    ]      13 of   123 ms ( 10.8%): <average non-zero>
[3.508s][info   ][gc,stats    ] 
[3.508s][info   ][gc,metaspace] Metaspace: 211K(448K)->211K(448K) NonClass: 202K(320K)->202K(320K) Class: 9K(128K)->9K(128K)
[3.508s][info   ][gc,ergo     ] Pacer for Idle. Initial: 41943K, Alloc Tax Rate: 1.0x
[3.512s][info   ][gc          ] Trigger: Average GC time (65.47 ms) is above the time for average allocation rate (14718 MB/s) to deplete free headroom (958M) (margin of error = 1.82)
[3.512s][info   ][gc,ergo     ] Free headroom: 1061M (free) - 102M (spike) - 0B (penalties) = 958M
[3.512s][info   ][gc,ergo     ] Free: 1057M, Max: 1024K regular, 138M humongous, Frag: 87% external, 0% internal; Reserve: 103M, Max: 1024K
[3.512s][info   ][gc,start    ] GC(48) Concurrent reset
[3.512s][info   ][gc,task     ] GC(48) Using 1 of 2 workers for concurrent reset
[3.512s][info   ][gc,ergo     ] GC(48) Pacer for Reset. Non-Taxable: 2048M
[3.524s][info   ][gc          ] GC(48) Concurrent reset 12.110ms
[3.528s][info   ][gc,start    ] GC(48) Pause Init Mark (unload classes)
[3.528s][info   ][gc,task     ] GC(48) Using 2 of 2 workers for init marking
[3.529s][info   ][gc,ergo     ] GC(48) Pacer for Mark. Expected Live: 75097K, Free: 849M, Non-Taxable: 86952K, Alloc Tax Rate: 0.1x
[3.529s][info   ][gc          ] GC(48) Pause Init Mark (unload classes) 0.232ms
[3.529s][info   ][gc,start    ] GC(48) Concurrent marking roots
[3.529s][info   ][gc,task     ] GC(48) Using 1 of 2 workers for concurrent marking roots
[3.532s][info   ][gc          ] GC(48) Concurrent marking roots 3.288ms
[3.532s][info   ][gc,start    ] GC(48) Concurrent marking (unload classes)
[3.532s][info   ][gc,task     ] GC(48) Using 1 of 2 workers for concurrent marking
[3.536s][info   ][gc          ] GC(48) Concurrent marking (unload classes) 4.120ms
[3.537s][info   ][gc,start    ] GC(48) Pause Final Mark (unload classes)
[3.537s][info   ][gc,task     ] GC(48) Using 2 of 2 workers for final marking
[3.537s][info   ][gc,ergo     ] GC(48) Collectable Garbage: 431M (98%), Immediate: 431M (98%), CSet: 0B (0%)
[3.537s][info   ][gc          ] GC(48) Pause Final Mark (unload classes) 0.497ms
[3.537s][info   ][gc,start    ] GC(48) Concurrent weak references
[3.537s][info   ][gc,task     ] GC(48) Using 1 of 2 workers for concurrent weak references
[3.538s][info   ][gc,ref      ] GC(48) Encountered references: Soft: 11, Weak: 37, Final: 0, Phantom: 5
[3.538s][info   ][gc,ref      ] GC(48) Discovered  references: Soft: 0, Weak: 11, Final: 0, Phantom: 5
[3.538s][info   ][gc,ref      ] GC(48) Enqueued    references: Soft: 0, Weak: 0, Final: 0, Phantom: 0
[3.538s][info   ][gc          ] GC(48) Concurrent weak references 0.834ms
[3.538s][info   ][gc,start    ] GC(48) Concurrent weak roots
[3.538s][info   ][gc,task     ] GC(48) Using 1 of 2 workers for concurrent weak root
[3.539s][info   ][gc          ] GC(48) Concurrent weak roots 0.543ms
[3.539s][info   ][gc,start    ] GC(48) Concurrent cleanup
[3.539s][info   ][gc          ] GC(48) Concurrent cleanup 621M->194M(2048M) 0.493ms
[3.539s][info   ][gc,ergo     ] GC(48) Free: 1561M, Max: 1024K regular, 548M humongous, Frag: 65% external, 0% internal; Reserve: 103M, Max: 1024K
[3.539s][info   ][gc,start    ] GC(48) Concurrent class unloading
[3.539s][info   ][gc,task     ] GC(48) Using 1 of 2 workers for concurrent class unloading
[3.540s][info   ][gc          ] GC(48) Concurrent class unloading 0.837ms
[3.541s][info   ][gc,start    ] GC(48) Pause Final Roots
[3.541s][info   ][gc          ] GC(48) Pause Final Roots 0.025ms
[3.541s][info   ][gc,ergo     ] Free: 1545M, Max: 1024K regular, 548M humongous, Frag: 65% external, 0% internal; Reserve: 103M, Max: 1024K
[3.541s][info   ][gc,stats    ] 
[3.541s][info   ][gc,stats    ] All times are wall-clock times, except per-root-class counters, that are sum over
[3.541s][info   ][gc,stats    ] all workers. Dividing the <total> over the root stage time estimates parallelism.
[3.541s][info   ][gc,stats    ] 
[3.541s][info   ][gc,stats    ] Concurrent Reset                  12223 us
[3.541s][info   ][gc,stats    ] Pause Init Mark (G)                4133 us
[3.541s][info   ][gc,stats    ] Pause Init Mark (N)                 240 us
[3.541s][info   ][gc,stats    ]   Update Region States              130 us
[3.541s][info   ][gc,stats    ] Concurrent Mark Roots              3375 us, parallelism: 0.07x
[3.541s][info   ][gc,stats    ]   CMR: <total>                      244 us
[3.541s][info   ][gc,stats    ]   CMR: Thread Roots                 191 us, workers (us): 191, ---, 
[3.541s][info   ][gc,stats    ]   CMR: VM Strong Roots               10 us, workers (us):  10, ---, 
[3.541s][info   ][gc,stats    ]   CMR: CLDG Roots                    43 us, workers (us):  43, ---, 
[3.541s][info   ][gc,stats    ] Concurrent Marking                 4194 us
[3.541s][info   ][gc,stats    ] Pause Final Mark (G)               1125 us
[3.541s][info   ][gc,stats    ] Pause Final Mark (N)                507 us
[3.541s][info   ][gc,stats    ]   Finish Mark                       115 us
[3.541s][info   ][gc,stats    ]   Update Region States               99 us
[3.541s][info   ][gc,stats    ]   Choose Collection Set             217 us
[3.541s][info   ][gc,stats    ]   Rebuild Free Set                   10 us
[3.541s][info   ][gc,stats    ] Concurrent Weak References          844 us, parallelism: 0.01x
[3.541s][info   ][gc,stats    ]   CWRF: <total>                       8 us
[3.541s][info   ][gc,stats    ]   CWRF: Weak References               8 us, workers (us):   8, ---, 
[3.541s][info   ][gc,stats    ] Concurrent Weak Roots               557 us
[3.541s][info   ][gc,stats    ]   Roots                             170 us, parallelism: 0.78x
[3.541s][info   ][gc,stats    ]     CWR: <total>                    133 us
[3.541s][info   ][gc,stats    ]     CWR: Code Cache Roots            74 us, workers (us):  74, ---, 
[3.541s][info   ][gc,stats    ]     CWR: VM Weak Roots               55 us, workers (us):  55, ---, 
[3.541s][info   ][gc,stats    ]     CWR: CLDG Roots                   3 us, workers (us):   3, ---, 
[3.541s][info   ][gc,stats    ]   Rendezvous                        353 us
[3.541s][info   ][gc,stats    ] Concurrent Cleanup                  507 us
[3.541s][info   ][gc,stats    ] Concurrent Class Unloading          858 us
[3.541s][info   ][gc,stats    ]   Unlink Stale                      311 us
[3.541s][info   ][gc,stats    ]     System Dictionary                 6 us
[3.541s][info   ][gc,stats    ]     Weak Class Links                  1 us
[3.541s][info   ][gc,stats    ]     Code Roots                      300 us
[3.541s][info   ][gc,stats    ]   Rendezvous                        469 us
[3.541s][info   ][gc,stats    ]   Purge Unlinked                     36 us
[3.541s][info   ][gc,stats    ]     Code Roots                       25 us
[3.541s][info   ][gc,stats    ]     CLDG                              8 us
[3.541s][info   ][gc,stats    ]     Exception Caches                  1 us
[3.541s][info   ][gc,stats    ] Pause Final Roots (G)               774 us
[3.541s][info   ][gc,stats    ] Pause Final Roots (N)                38 us
[3.541s][info   ][gc,stats    ] 
[3.541s][info   ][gc,stats    ] Allocation pacing accrued:
[3.541s][info   ][gc,stats    ]       0 of    33 ms (  0.0%): <total>
[3.541s][info   ][gc,stats    ]       0 of    33 ms (  0.0%): <average total>
[3.541s][info   ][gc,stats    ] 
[3.541s][info   ][gc,metaspace] Metaspace: 211K(448K)->211K(448K) NonClass: 202K(320K)->202K(320K) Class: 9K(128K)->9K(128K)
[3.541s][info   ][gc,ergo     ] Pacer for Idle. Initial: 41943K, Alloc Tax Rate: 1.0x
[3.583s][info   ][gc          ] Trigger: Average GC time (54.84 ms) is above the time for average allocation rate (14718 MB/s) to deplete free headroom (806M) (margin of error = 1.82)
[3.584s][info   ][gc,ergo     ] Free headroom: 909M (free) - 102M (spike) - 0B (penalties) = 806M
[3.584s][info   ][gc,ergo     ] Free: 905M, Max: 1024K regular, 220M humongous, Frag: 76% external, 0% internal; Reserve: 103M, Max: 1024K
[3.584s][info   ][gc,start    ] GC(49) Concurrent reset
[3.584s][info   ][gc,task     ] GC(49) Using 1 of 2 workers for concurrent reset
[3.584s][info   ][gc,ergo     ] GC(49) Pacer for Reset. Non-Taxable: 2048M
[3.590s][info   ][gc          ] GC(49) Concurrent reset 5.832ms
[3.593s][info   ][gc,start    ] GC(49) Pause Init Mark (unload classes)
[3.593s][info   ][gc,task     ] GC(49) Using 2 of 2 workers for init marking
[3.593s][info   ][gc,ergo     ] GC(49) Pacer for Mark. Expected Live: 93939K, Free: 789M, Non-Taxable: 80808K, Alloc Tax Rate: 0.1x
[3.594s][info   ][gc          ] GC(49) Pause Init Mark (unload classes) 0.529ms
[3.599s][info   ][gc,start    ] GC(49) Concurrent marking roots
[3.599s][info   ][gc,task     ] GC(49) Using 1 of 2 workers for concurrent marking roots
[3.599s][info   ][gc          ] GC(49) Concurrent marking roots 0.397ms
[3.599s][info   ][gc,start    ] GC(49) Concurrent marking (unload classes)
[3.599s][info   ][gc,task     ] GC(49) Using 1 of 2 workers for concurrent marking
[3.600s][info   ][gc          ] GC(49) Concurrent marking (unload classes) 1.226ms
[3.600s][info   ][gc,start    ] GC(49) Pause Final Mark (unload classes)
[3.600s][info   ][gc,task     ] GC(49) Using 2 of 2 workers for final marking
[3.601s][info   ][gc,ergo     ] GC(49) Collectable Garbage: 459M (98%), Immediate: 459M (98%), CSet: 0B (0%)
[3.601s][info   ][gc          ] GC(49) Pause Final Mark (unload classes) 0.472ms
[3.601s][info   ][gc,start    ] GC(49) Concurrent weak references
[3.601s][info   ][gc,task     ] GC(49) Using 1 of 2 workers for concurrent weak references
[3.601s][info   ][gc,ref      ] GC(49) Encountered references: Soft: 11, Weak: 37, Final: 0, Phantom: 5
[3.601s][info   ][gc,ref      ] GC(49) Discovered  references: Soft: 0, Weak: 11, Final: 0, Phantom: 5
[3.601s][info   ][gc,ref      ] GC(49) Enqueued    references: Soft: 0, Weak: 0, Final: 0, Phantom: 0
[3.601s][info   ][gc          ] GC(49) Concurrent weak references 0.098ms
[3.601s][info   ][gc,start    ] GC(49) Concurrent weak roots
[3.601s][info   ][gc,task     ] GC(49) Using 1 of 2 workers for concurrent weak root
[3.601s][info   ][gc          ] GC(49) Concurrent weak roots 0.208ms
[3.601s][info   ][gc,start    ] GC(49) Concurrent cleanup
[3.602s][info   ][gc          ] GC(49) Concurrent cleanup 619M->160M(2048M) 0.454ms
[3.602s][info   ][gc,ergo     ] GC(49) Free: 1629M, Max: 1024K regular, 730M humongous, Frag: 56% external, 0% internal; Reserve: 103M, Max: 1024K
[3.602s][info   ][gc,start    ] GC(49) Concurrent class unloading
[3.602s][info   ][gc,task     ] GC(49) Using 1 of 2 workers for concurrent class unloading
[3.602s][info   ][gc          ] GC(49) Concurrent class unloading 0.347ms
[3.602s][info   ][gc,start    ] GC(49) Pause Final Roots
[3.602s][info   ][gc          ] GC(49) Pause Final Roots 0.024ms
[3.602s][info   ][gc,ergo     ] Free: 1629M, Max: 1024K regular, 730M humongous, Frag: 56% external, 0% internal; Reserve: 103M, Max: 1024K
[3.602s][info   ][gc,stats    ] 
[3.602s][info   ][gc,stats    ] All times are wall-clock times, except per-root-class counters, that are sum over
[3.602s][info   ][gc,stats    ] all workers. Dividing the <total> over the root stage time estimates parallelism.
[3.602s][info   ][gc,stats    ] 
[3.602s][info   ][gc,stats    ] Concurrent Reset                   6017 us
[3.602s][info   ][gc,stats    ] Pause Init Mark (G)                8954 us
[3.602s][info   ][gc,stats    ] Pause Init Mark (N)                 541 us
[3.602s][info   ][gc,stats    ]   Update Region States              352 us
[3.602s][info   ][gc,stats    ] Concurrent Mark Roots               425 us, parallelism: 0.33x
[3.602s][info   ][gc,stats    ]   CMR: <total>                      140 us
[3.602s][info   ][gc,stats    ]   CMR: Thread Roots                 103 us, workers (us): 103, ---, 
[3.602s][info   ][gc,stats    ]   CMR: VM Strong Roots                7 us, workers (us):   7, ---, 
[3.602s][info   ][gc,stats    ]   CMR: CLDG Roots                    30 us, workers (us):  30, ---, 
[3.602s][info   ][gc,stats    ] Concurrent Marking                 1240 us
[3.602s][info   ][gc,stats    ] Pause Final Mark (G)                559 us
[3.602s][info   ][gc,stats    ] Pause Final Mark (N)                480 us
[3.602s][info   ][gc,stats    ]   Finish Mark                       282 us
[3.602s][info   ][gc,stats    ]   Update Region States               70 us
[3.602s][info   ][gc,stats    ]   Choose Collection Set              68 us
[3.602s][info   ][gc,stats    ]   Rebuild Free Set                    9 us
[3.602s][info   ][gc,stats    ] Concurrent Weak References          104 us, parallelism: 0.02x
[3.602s][info   ][gc,stats    ]   CWRF: <total>                       3 us
[3.602s][info   ][gc,stats    ]   CWRF: Weak References               3 us, workers (us):   3, ---, 
[3.602s][info   ][gc,stats    ] Concurrent Weak Roots               233 us
[3.602s][info   ][gc,stats    ]   Roots                             125 us, parallelism: 0.51x
[3.602s][info   ][gc,stats    ]     CWR: <total>                     64 us
[3.602s][info   ][gc,stats    ]     CWR: Code Cache Roots            24 us, workers (us):  24, ---, 
[3.602s][info   ][gc,stats    ]     CWR: VM Weak Roots               38 us, workers (us):  38, ---, 
[3.602s][info   ][gc,stats    ]     CWR: CLDG Roots                   2 us, workers (us):   2, ---, 
[3.602s][info   ][gc,stats    ]   Rendezvous                         67 us
[3.602s][info   ][gc,stats    ] Concurrent Cleanup                  461 us
[3.602s][info   ][gc,stats    ] Concurrent Class Unloading          361 us
[3.602s][info   ][gc,stats    ]   Unlink Stale                      168 us
[3.602s][info   ][gc,stats    ]     System Dictionary                 4 us
[3.602s][info   ][gc,stats    ]     Weak Class Links                  1 us
[3.602s][info   ][gc,stats    ]     Code Roots                      161 us
[3.602s][info   ][gc,stats    ]   Rendezvous                         79 us
[3.603s][info   ][gc,stats    ]   Purge Unlinked                     85 us
[3.603s][info   ][gc,stats    ]     Code Roots                       66 us
[3.603s][info   ][gc,stats    ]     CLDG                             15 us
[3.603s][info   ][gc,stats    ]     Exception Caches                  1 us
[3.603s][info   ][gc,stats    ] Pause Final Roots (G)               136 us
[3.603s][info   ][gc,stats    ] Pause Final Roots (N)                34 us
[3.603s][info   ][gc,stats    ] Pacing                            64918 us
[3.603s][info   ][gc,stats    ] 
[3.603s][info   ][gc,stats    ] Allocation pacing accrued:
[3.603s][info   ][gc,stats    ]      13 of    61 ms ( 20.8%): Thread-0
[3.603s][info   ][gc,stats    ]      10 of    61 ms ( 16.1%): Thread-1
[3.603s][info   ][gc,stats    ]      13 of    61 ms ( 21.8%): Thread-2
[3.603s][info   ][gc,stats    ]      10 of    61 ms ( 15.7%): Thread-4
[3.603s][info   ][gc,stats    ]      10 of    61 ms ( 15.6%): Thread-5
[3.603s][info   ][gc,stats    ]      10 of    61 ms ( 16.3%): Thread-6
[3.603s][info   ][gc,stats    ]      65 of    61 ms (106.2%): <total>
[3.603s][info   ][gc,stats    ]       3 of    61 ms (  5.6%): <average total>
[3.603s][info   ][gc,stats    ]      11 of    61 ms ( 17.7%): <average non-zero>
[3.603s][info   ][gc,stats    ] 
[3.603s][info   ][gc,metaspace] Metaspace: 211K(448K)->211K(448K) NonClass: 202K(320K)->202K(320K) Class: 9K(128K)->9K(128K)
[3.603s][info   ][gc,ergo     ] Pacer for Idle. Initial: 41943K, Alloc Tax Rate: 1.0x
[3.665s][info   ][gc          ] Trigger: Average GC time (46.54 ms) is above the time for average allocation rate (14707 MB/s) to deplete free headroom (678M) (margin of error = 1.82)
[3.665s][info   ][gc,ergo     ] Free headroom: 781M (free) - 102M (spike) - 0B (penalties) = 678M
[3.665s][info   ][gc,ergo     ] Free: 781M, Max: 1024K regular, 730M humongous, Frag: 7% external, 0% internal; Reserve: 103M, Max: 1024K
[3.665s][info   ][gc,start    ] GC(50) Concurrent reset
[3.665s][info   ][gc,task     ] GC(50) Using 1 of 2 workers for concurrent reset
[3.665s][info   ][gc,ergo     ] GC(50) Pacer for Reset. Non-Taxable: 2048M
[3.676s][info   ][gc          ] GC(50) Concurrent reset 10.455ms
[3.679s][info   ][gc,start    ] GC(50) Pause Init Mark (unload classes)
[3.679s][info   ][gc,task     ] GC(50) Using 2 of 2 workers for init marking
[3.679s][info   ][gc,ergo     ] GC(50) Pacer for Mark. Expected Live: 102M, Free: 593M, Non-Taxable: 60738K, Alloc Tax Rate: 0.2x
[3.679s][info   ][gc          ] GC(50) Pause Init Mark (unload classes) 0.225ms
[3.683s][info   ][gc,start    ] GC(50) Concurrent marking roots
[3.683s][info   ][gc,task     ] GC(50) Using 1 of 2 workers for concurrent marking roots
[3.684s][info   ][gc          ] GC(50) Concurrent marking roots 0.691ms
[3.684s][info   ][gc,start    ] GC(50) Concurrent marking (unload classes)
[3.684s][info   ][gc,task     ] GC(50) Using 1 of 2 workers for concurrent marking
[3.685s][info   ][gc          ] GC(50) Concurrent marking (unload classes) 1.562ms
[3.686s][info   ][gc,start    ] GC(50) Pause Final Mark (unload classes)
[3.686s][info   ][gc,task     ] GC(50) Using 2 of 2 workers for final marking
[3.686s][info   ][gc,ergo     ] GC(50) Collectable Garbage: 538M (99%), Immediate: 538M (99%), CSet: 0B (0%)
[3.686s][info   ][gc          ] GC(50) Pause Final Mark (unload classes) 0.282ms
[3.686s][info   ][gc,start    ] GC(50) Concurrent weak references
[3.686s][info   ][gc,task     ] GC(50) Using 1 of 2 workers for concurrent weak references
[3.686s][info   ][gc,ref      ] GC(50) Encountered references: Soft: 11, Weak: 37, Final: 0, Phantom: 5
[3.686s][info   ][gc,ref      ] GC(50) Discovered  references: Soft: 0, Weak: 11, Final: 0, Phantom: 5
[3.686s][info   ][gc,ref      ] GC(50) Enqueued    references: Soft: 0, Weak: 0, Final: 0, Phantom: 0
[3.686s][info   ][gc          ] GC(50) Concurrent weak references 0.172ms
[3.686s][info   ][gc,start    ] GC(50) Concurrent weak roots
[3.686s][info   ][gc,task     ] GC(50) Using 1 of 2 workers for concurrent weak root
[3.686s][info   ][gc          ] GC(50) Concurrent weak roots 0.280ms
[3.686s][info   ][gc,start    ] GC(50) Concurrent cleanup
[3.687s][info   ][gc          ] GC(50) Concurrent cleanup 708M->173M(2048M) 0.548ms
[3.687s][info   ][gc,ergo     ] GC(50) Free: 1603M, Max: 1024K regular, 532M humongous, Frag: 67% external, 0% internal; Reserve: 103M, Max: 1024K
[3.687s][info   ][gc,start    ] GC(50) Concurrent class unloading
[3.687s][info   ][gc,task     ] GC(50) Using 1 of 2 workers for concurrent class unloading
[3.689s][info   ][gc          ] GC(50) Concurrent class unloading 1.885ms
[3.689s][info   ][gc,start    ] GC(50) Pause Final Roots
[3.689s][info   ][gc          ] GC(50) Pause Final Roots 0.029ms
[3.689s][info   ][gc,ergo     ] Free: 1573M, Max: 1024K regular, 532M humongous, Frag: 67% external, 0% internal; Reserve: 103M, Max: 1024K
[3.690s][info   ][gc,stats    ] 
[3.690s][info   ][gc,stats    ] All times are wall-clock times, except per-root-class counters, that are sum over
[3.690s][info   ][gc,stats    ] all workers. Dividing the <total> over the root stage time estimates parallelism.
[3.690s][info   ][gc,stats    ] 
[3.690s][info   ][gc,stats    ] Concurrent Reset                  10598 us
[3.690s][info   ][gc,stats    ] Pause Init Mark (G)                7243 us
[3.690s][info   ][gc,stats    ] Pause Init Mark (N)                 234 us
[3.690s][info   ][gc,stats    ]   Update Region States              134 us
[3.690s][info   ][gc,stats    ] Concurrent Mark Roots               711 us, parallelism: 0.26x
[3.690s][info   ][gc,stats    ]   CMR: <total>                      182 us
[3.690s][info   ][gc,stats    ]   CMR: Thread Roots                 141 us, workers (us): 141, ---, 
[3.690s][info   ][gc,stats    ]   CMR: VM Strong Roots                7 us, workers (us):   7, ---, 
[3.690s][info   ][gc,stats    ]   CMR: CLDG Roots                    34 us, workers (us):  34, ---, 
[3.690s][info   ][gc,stats    ] Concurrent Marking                 1581 us
[3.690s][info   ][gc,stats    ] Pause Final Mark (G)                372 us
[3.690s][info   ][gc,stats    ] Pause Final Mark (N)                290 us
[3.690s][info   ][gc,stats    ]   Finish Mark                        94 us
[3.690s][info   ][gc,stats    ]   Update Region States               77 us
[3.690s][info   ][gc,stats    ]   Choose Collection Set              71 us
[3.690s][info   ][gc,stats    ]   Rebuild Free Set                    9 us
[3.690s][info   ][gc,stats    ] Concurrent Weak References          186 us, parallelism: 0.02x
[3.690s][info   ][gc,stats    ]   CWRF: <total>                       3 us
[3.690s][info   ][gc,stats    ]   CWRF: Weak References               3 us, workers (us):   3, ---, 
[3.690s][info   ][gc,stats    ] Concurrent Weak Roots               298 us
[3.690s][info   ][gc,stats    ]   Roots                             175 us, parallelism: 0.33x
[3.690s][info   ][gc,stats    ]     CWR: <total>                     58 us
[3.690s][info   ][gc,stats    ]     CWR: Code Cache Roots            31 us, workers (us):  31, ---, 
[3.690s][info   ][gc,stats    ]     CWR: VM Weak Roots               25 us, workers (us):  25, ---, 
[3.690s][info   ][gc,stats    ]     CWR: CLDG Roots                   2 us, workers (us):   2, ---, 
[3.690s][info   ][gc,stats    ]   Rendezvous                         87 us
[3.690s][info   ][gc,stats    ] Concurrent Cleanup                  558 us
[3.690s][info   ][gc,stats    ] Concurrent Class Unloading         1952 us
[3.690s][info   ][gc,stats    ]   Unlink Stale                      252 us
[3.690s][info   ][gc,stats    ]     System Dictionary                 5 us
[3.690s][info   ][gc,stats    ]     Weak Class Links                  1 us
[3.690s][info   ][gc,stats    ]     Code Roots                      243 us
[3.690s][info   ][gc,stats    ]   Rendezvous                        309 us
[3.690s][info   ][gc,stats    ]   Purge Unlinked                   1302 us
[3.690s][info   ][gc,stats    ]     Code Roots                     1282 us
[3.690s][info   ][gc,stats    ]     CLDG                             16 us
[3.690s][info   ][gc,stats    ]     Exception Caches                  1 us
[3.690s][info   ][gc,stats    ] Pause Final Roots (G)               541 us
[3.690s][info   ][gc,stats    ] Pause Final Roots (N)                40 us
[3.690s][info   ][gc,stats    ] Pacing                            79083 us
[3.690s][info   ][gc,stats    ] 
[3.690s][info   ][gc,stats    ] Allocation pacing accrued:
[3.690s][info   ][gc,stats    ]      12 of    87 ms ( 13.3%): Thread-0
[3.690s][info   ][gc,stats    ]       9 of    87 ms (  9.8%): Thread-1
[3.690s][info   ][gc,stats    ]      11 of    87 ms ( 12.6%): Thread-2
[3.690s][info   ][gc,stats    ]       9 of    87 ms (  9.8%): Thread-3
[3.690s][info   ][gc,stats    ]      11 of    87 ms ( 12.6%): Thread-4
[3.690s][info   ][gc,stats    ]       8 of    87 ms (  9.7%): Thread-5
[3.690s][info   ][gc,stats    ]       9 of    87 ms ( 10.0%): Thread-6
[3.690s][info   ][gc,stats    ]      11 of    87 ms ( 12.8%): Thread-7
[3.690s][info   ][gc,stats    ]      79 of    87 ms ( 90.7%): <total>
[3.690s][info   ][gc,stats    ]       4 of    87 ms (  4.8%): <average total>
[3.690s][info   ][gc,stats    ]      10 of    87 ms ( 11.3%): <average non-zero>
[3.690s][info   ][gc,stats    ] 
[3.690s][info   ][gc,metaspace] Metaspace: 211K(448K)->211K(448K) NonClass: 202K(320K)->202K(320K) Class: 9K(128K)->9K(128K)
[3.690s][info   ][gc,ergo     ] Pacer for Idle. Initial: 41943K, Alloc Tax Rate: 1.0x
[3.752s][info   ][gc          ] Trigger: Average GC time (39.67 ms) is above the time for average allocation rate (14707 MB/s) to deplete free headroom (572M) (margin of error = 1.82)
[3.753s][info   ][gc,ergo     ] Free headroom: 675M (free) - 102M (spike) - 0B (penalties) = 572M
[3.753s][info   ][gc,ergo     ] Free: 671M, Max: 1024K regular, 532M humongous, Frag: 21% external, 0% internal; Reserve: 103M, Max: 1024K
[3.753s][info   ][gc,start    ] GC(51) Concurrent reset
[3.753s][info   ][gc,task     ] GC(51) Using 1 of 2 workers for concurrent reset
[3.753s][info   ][gc,ergo     ] GC(51) Pacer for Reset. Non-Taxable: 2048M
[3.765s][info   ][gc          ] GC(51) Concurrent reset 12.443ms
[3.766s][info   ][gc,start    ] GC(51) Pause Init Mark (unload classes)
[3.766s][info   ][gc,task     ] GC(51) Using 2 of 2 workers for init marking
[3.766s][info   ][gc,ergo     ] GC(51) Pacer for Mark. Expected Live: 113M, Free: 517M, Non-Taxable: 52955K, Alloc Tax Rate: 0.3x
[3.766s][info   ][gc          ] GC(51) Pause Init Mark (unload classes) 0.153ms
[3.769s][info   ][gc,start    ] GC(51) Concurrent marking roots
[3.770s][info   ][gc,task     ] GC(51) Using 1 of 2 workers for concurrent marking roots
[3.770s][info   ][gc          ] GC(51) Concurrent marking roots 0.402ms
[3.770s][info   ][gc,start    ] GC(51) Concurrent marking (unload classes)
[3.770s][info   ][gc,task     ] GC(51) Using 1 of 2 workers for concurrent marking
[3.772s][info   ][gc          ] GC(51) Concurrent marking (unload classes) 1.814ms
[3.772s][info   ][gc,start    ] GC(51) Pause Final Mark (unload classes)
[3.772s][info   ][gc,task     ] GC(51) Using 2 of 2 workers for final marking
[3.772s][info   ][gc,ergo     ] GC(51) Collectable Garbage: 586M (99%), Immediate: 586M (99%), CSet: 0B (0%)
[3.772s][info   ][gc          ] GC(51) Pause Final Mark (unload classes) 0.324ms
[3.772s][info   ][gc,start    ] GC(51) Concurrent weak references
[3.772s][info   ][gc,task     ] GC(51) Using 1 of 2 workers for concurrent weak references
[3.772s][info   ][gc,ref      ] GC(51) Encountered references: Soft: 11, Weak: 37, Final: 0, Phantom: 5
[3.772s][info   ][gc,ref      ] GC(51) Discovered  references: Soft: 0, Weak: 11, Final: 0, Phantom: 5
[3.772s][info   ][gc,ref      ] GC(51) Enqueued    references: Soft: 0, Weak: 0, Final: 0, Phantom: 0
[3.772s][info   ][gc          ] GC(51) Concurrent weak references 0.054ms
[3.772s][info   ][gc,start    ] GC(51) Concurrent weak roots
[3.772s][info   ][gc,task     ] GC(51) Using 1 of 2 workers for concurrent weak root
[3.772s][info   ][gc          ] GC(51) Concurrent weak roots 0.185ms
[3.772s][info   ][gc,start    ] GC(51) Concurrent cleanup
[3.773s][info   ][gc          ] GC(51) Concurrent cleanup 742M->156M(2048M) 0.673ms
[3.773s][info   ][gc,ergo     ] GC(51) Free: 1637M, Max: 1024K regular, 464M humongous, Frag: 72% external, 0% internal; Reserve: 103M, Max: 1024K
[3.773s][info   ][gc,start    ] GC(51) Concurrent class unloading
[3.773s][info   ][gc,task     ] GC(51) Using 1 of 2 workers for concurrent class unloading
[3.774s][info   ][gc          ] GC(51) Concurrent class unloading 0.418ms
[3.774s][info   ][gc,start    ] GC(51) Pause Final Roots
[3.774s][info   ][gc          ] GC(51) Pause Final Roots 0.014ms
[3.774s][info   ][gc,ergo     ] Free: 1637M, Max: 1024K regular, 464M humongous, Frag: 72% external, 0% internal; Reserve: 103M, Max: 1024K
[3.774s][info   ][gc,stats    ] 
[3.774s][info   ][gc,stats    ] All times are wall-clock times, except per-root-class counters, that are sum over
[3.774s][info   ][gc,stats    ] all workers. Dividing the <total> over the root stage time estimates parallelism.
[3.774s][info   ][gc,stats    ] 
[3.774s][info   ][gc,stats    ] Concurrent Reset                  12568 us
[3.774s][info   ][gc,stats    ] Pause Init Mark (G)                4127 us
[3.774s][info   ][gc,stats    ] Pause Init Mark (N)                 160 us
[3.774s][info   ][gc,stats    ]   Update Region States               89 us
[3.774s][info   ][gc,stats    ] Concurrent Mark Roots               421 us, parallelism: 0.49x
[3.774s][info   ][gc,stats    ]   CMR: <total>                      204 us
[3.774s][info   ][gc,stats    ]   CMR: Thread Roots                 131 us, workers (us): 131, ---, 
[3.774s][info   ][gc,stats    ]   CMR: VM Strong Roots               16 us, workers (us):  16, ---, 
[3.774s][info   ][gc,stats    ]   CMR: CLDG Roots                    57 us, workers (us):  57, ---, 
[3.774s][info   ][gc,stats    ] Concurrent Marking                 1843 us
[3.774s][info   ][gc,stats    ] Pause Final Mark (G)                392 us
[3.774s][info   ][gc,stats    ] Pause Final Mark (N)                336 us
[3.774s][info   ][gc,stats    ]   Finish Mark                        63 us
[3.774s][info   ][gc,stats    ]   Update Region States               46 us
[3.774s][info   ][gc,stats    ]   Choose Collection Set             170 us
[3.774s][info   ][gc,stats    ]   Rebuild Free Set                   20 us
[3.774s][info   ][gc,stats    ] Concurrent Weak References           61 us, parallelism: 0.07x
[3.774s][info   ][gc,stats    ]   CWRF: <total>                       4 us
[3.774s][info   ][gc,stats    ]   CWRF: Weak References               4 us, workers (us):   4, ---, 
[3.774s][info   ][gc,stats    ] Concurrent Weak Roots               203 us
[3.774s][info   ][gc,stats    ]   Roots                             132 us, parallelism: 0.58x
[3.774s][info   ][gc,stats    ]     CWR: <total>                     77 us
[3.774s][info   ][gc,stats    ]     CWR: Code Cache Roots            34 us, workers (us):  34, ---, 
[3.774s][info   ][gc,stats    ]     CWR: VM Weak Roots               40 us, workers (us):  40, ---, 
[3.774s][info   ][gc,stats    ]     CWR: CLDG Roots                   3 us, workers (us):   3, ---, 
[3.774s][info   ][gc,stats    ]   Rendezvous                         40 us
[3.774s][info   ][gc,stats    ] Concurrent Cleanup                  691 us
[3.774s][info   ][gc,stats    ] Concurrent Class Unloading          443 us
[3.774s][info   ][gc,stats    ]   Unlink Stale                      313 us
[3.774s][info   ][gc,stats    ]     System Dictionary                 6 us
[3.774s][info   ][gc,stats    ]     Weak Class Links                  1 us
[3.774s][info   ][gc,stats    ]     Code Roots                      303 us
[3.774s][info   ][gc,stats    ]   Rendezvous                         46 us
[3.774s][info   ][gc,stats    ]   Purge Unlinked                     39 us
[3.774s][info   ][gc,stats    ]     Code Roots                       17 us
[3.774s][info   ][gc,stats    ]     CLDG                             19 us
[3.774s][info   ][gc,stats    ]     Exception Caches                  1 us
[3.774s][info   ][gc,stats    ] Pause Final Roots (G)                68 us
[3.774s][info   ][gc,stats    ] Pause Final Roots (N)                23 us
[3.774s][info   ][gc,stats    ] Pacing                            78451 us
[3.774s][info   ][gc,stats    ] 
[3.774s][info   ][gc,stats    ] Allocation pacing accrued:
[3.774s][info   ][gc,stats    ]      10 of    84 ms ( 12.2%): Thread-0
[3.774s][info   ][gc,stats    ]      10 of    84 ms ( 12.0%): Thread-1
[3.774s][info   ][gc,stats    ]      11 of    84 ms ( 13.4%): Thread-2
[3.774s][info   ][gc,stats    ]      18 of    84 ms ( 21.1%): Thread-3
[3.774s][info   ][gc,stats    ]      10 of    84 ms ( 12.0%): Thread-4
[3.774s][info   ][gc,stats    ]      18 of    84 ms ( 21.0%): Thread-5
[3.774s][info   ][gc,stats    ]       5 of    84 ms (  5.7%): Thread-6
[3.774s][info   ][gc,stats    ]      10 of    84 ms ( 12.3%): Thread-7
[3.774s][info   ][gc,stats    ]      92 of    84 ms (109.7%): <total>
[3.774s][info   ][gc,stats    ]       5 of    84 ms (  5.8%): <average total>
[3.774s][info   ][gc,stats    ]      12 of    84 ms ( 13.7%): <average non-zero>
[3.774s][info   ][gc,stats    ] 
[3.774s][info   ][gc,metaspace] Metaspace: 211K(448K)->211K(448K) NonClass: 202K(320K)->202K(320K) Class: 9K(128K)->9K(128K)
[3.774s][info   ][gc,ergo     ] Pacer for Idle. Initial: 41943K, Alloc Tax Rate: 1.0x
[3.852s][info   ][gc          ] Trigger: Average GC time (34.01 ms) is above the time for average allocation rate (14707 MB/s) to deplete free headroom (480M) (margin of error = 1.82)
[3.852s][info   ][gc,ergo     ] Free headroom: 583M (free) - 102M (spike) - 0B (penalties) = 480M
[3.852s][info   ][gc,ergo     ] Free: 581M, Max: 1024K regular, 464M humongous, Frag: 21% external, 0% internal; Reserve: 103M, Max: 1024K
[3.852s][info   ][gc,start    ] GC(52) Concurrent reset
[3.852s][info   ][gc,task     ] GC(52) Using 1 of 2 workers for concurrent reset
[3.852s][info   ][gc,ergo     ] GC(52) Pacer for Reset. Non-Taxable: 2048M
[3.865s][info   ][gc          ] GC(52) Concurrent reset 12.805ms
[3.867s][info   ][gc,start    ] GC(52) Pause Init Mark (unload classes)
[3.867s][info   ][gc,task     ] GC(52) Using 2 of 2 workers for init marking
[3.867s][info   ][gc,ergo     ] GC(52) Pacer for Mark. Expected Live: 120M, Free: 396M, Non-Taxable: 40550K, Alloc Tax Rate: 0.4x
[3.867s][info   ][gc          ] GC(52) Pause Init Mark (unload classes) 0.177ms
[3.869s][info   ][gc,start    ] GC(52) Concurrent marking roots
[3.869s][info   ][gc,task     ] GC(52) Using 1 of 2 workers for concurrent marking roots
[3.869s][info   ][gc          ] GC(52) Concurrent marking roots 0.360ms
[3.869s][info   ][gc,start    ] GC(52) Concurrent marking (unload classes)
[3.869s][info   ][gc,task     ] GC(52) Using 1 of 2 workers for concurrent marking
[3.871s][info   ][gc          ] GC(52) Concurrent marking (unload classes) 1.953ms
[3.871s][info   ][gc,start    ] GC(52) Pause Final Mark (unload classes)
[3.871s][info   ][gc,task     ] GC(52) Using 2 of 2 workers for final marking
[3.872s][info   ][gc,ergo     ] GC(52) Collectable Garbage: 595M (98%), Immediate: 595M (98%), CSet: 0B (0%)
[3.872s][info   ][gc          ] GC(52) Pause Final Mark (unload classes) 0.352ms
[3.872s][info   ][gc,start    ] GC(52) Concurrent weak references
[3.872s][info   ][gc,task     ] GC(52) Using 1 of 2 workers for concurrent weak references
[3.872s][info   ][gc,ref      ] GC(52) Encountered references: Soft: 11, Weak: 37, Final: 0, Phantom: 5
[3.872s][info   ][gc,ref      ] GC(52) Discovered  references: Soft: 0, Weak: 11, Final: 0, Phantom: 5
[3.872s][info   ][gc,ref      ] GC(52) Enqueued    references: Soft: 0, Weak: 0, Final: 0, Phantom: 0
[3.872s][info   ][gc          ] GC(52) Concurrent weak references 0.144ms
[3.872s][info   ][gc,start    ] GC(52) Concurrent weak roots
[3.872s][info   ][gc,task     ] GC(52) Using 1 of 2 workers for concurrent weak root
[3.872s][info   ][gc          ] GC(52) Concurrent weak roots 0.128ms
[3.872s][info   ][gc,start    ] GC(52) Concurrent cleanup
[3.873s][info   ][gc          ] GC(52) Concurrent cleanup 798M->203M(2048M) 0.682ms
[3.873s][info   ][gc,ergo     ] GC(52) Free: 1546M, Max: 1024K regular, 356M humongous, Frag: 77% external, 0% internal; Reserve: 103M, Max: 1024K
[3.873s][info   ][gc,start    ] GC(52) Concurrent class unloading
[3.873s][info   ][gc,task     ] GC(52) Using 1 of 2 workers for concurrent class unloading
[3.873s][info   ][gc          ] GC(52) Concurrent class unloading 0.326ms
[3.873s][info   ][gc,start    ] GC(52) Pause Final Roots
[3.873s][info   ][gc          ] GC(52) Pause Final Roots 0.010ms
[3.873s][info   ][gc,ergo     ] Free: 1546M, Max: 1024K regular, 356M humongous, Frag: 77% external, 0% internal; Reserve: 103M, Max: 1024K
[3.873s][info   ][gc,stats    ] 
[3.873s][info   ][gc,stats    ] All times are wall-clock times, except per-root-class counters, that are sum over
[3.873s][info   ][gc,stats    ] all workers. Dividing the <total> over the root stage time estimates parallelism.
[3.873s][info   ][gc,stats    ] 
[3.873s][info   ][gc,stats    ] Concurrent Reset                  14204 us
[3.873s][info   ][gc,stats    ] Pause Init Mark (G)                2525 us
[3.873s][info   ][gc,stats    ] Pause Init Mark (N)                 185 us
[3.873s][info   ][gc,stats    ]   Update Region States               95 us
[3.873s][info   ][gc,stats    ] Concurrent Mark Roots               377 us, parallelism: 0.61x
[3.873s][info   ][gc,stats    ]   CMR: <total>                      232 us
[3.873s][info   ][gc,stats    ]   CMR: Thread Roots                 154 us, workers (us): 154, ---, 
[3.873s][info   ][gc,stats    ]   CMR: VM Strong Roots               11 us, workers (us):  11, ---, 
[3.873s][info   ][gc,stats    ]   CMR: CLDG Roots                    67 us, workers (us):  67, ---, 
[3.873s][info   ][gc,stats    ] Concurrent Marking                 1978 us
[3.873s][info   ][gc,stats    ] Pause Final Mark (G)                409 us
[3.873s][info   ][gc,stats    ] Pause Final Mark (N)                360 us
[3.873s][info   ][gc,stats    ]   Finish Mark                        96 us
[3.873s][info   ][gc,stats    ]   Update Region States               80 us
[3.873s][info   ][gc,stats    ]   Choose Collection Set             142 us
[3.873s][info   ][gc,stats    ]   Rebuild Free Set                    9 us
[3.873s][info   ][gc,stats    ] Concurrent Weak References          151 us, parallelism: 0.03x
[3.873s][info   ][gc,stats    ]   CWRF: <total>                       5 us
[3.873s][info   ][gc,stats    ]   CWRF: Weak References               5 us, workers (us):   5, ---, 
[3.873s][info   ][gc,stats    ] Concurrent Weak Roots               135 us
[3.873s][info   ][gc,stats    ]   Roots                              79 us, parallelism: 0.72x
[3.873s][info   ][gc,stats    ]     CWR: <total>                     57 us
[3.873s][info   ][gc,stats    ]     CWR: Code Cache Roots            30 us, workers (us):  30, ---, 
[3.873s][info   ][gc,stats    ]     CWR: VM Weak Roots               25 us, workers (us):  25, ---, 
[3.873s][info   ][gc,stats    ]     CWR: CLDG Roots                   2 us, workers (us):   2, ---, 
[3.873s][info   ][gc,stats    ]   Rendezvous                         35 us
[3.873s][info   ][gc,stats    ] Concurrent Cleanup                  700 us
[3.873s][info   ][gc,stats    ] Concurrent Class Unloading          346 us
[3.873s][info   ][gc,stats    ]   Unlink Stale                      194 us
[3.873s][info   ][gc,stats    ]     System Dictionary                 4 us
[3.873s][info   ][gc,stats    ]     Weak Class Links                  1 us
[3.873s][info   ][gc,stats    ]     Code Roots                      185 us
[3.873s][info   ][gc,stats    ]   Rendezvous                         41 us
[3.873s][info   ][gc,stats    ]   Purge Unlinked                     31 us
[3.873s][info   ][gc,stats    ]     Code Roots                       13 us
[3.873s][info   ][gc,stats    ]     CLDG                             16 us
[3.873s][info   ][gc,stats    ]     Exception Caches                  1 us
[3.873s][info   ][gc,stats    ] Pause Final Roots (G)                74 us
[3.873s][info   ][gc,stats    ] Pause Final Roots (N)                17 us
[3.873s][info   ][gc,stats    ] Pacing                            32614 us
[3.873s][info   ][gc,stats    ] 
[3.873s][info   ][gc,stats    ] Allocation pacing accrued:
[3.873s][info   ][gc,stats    ]       7 of    99 ms (  7.3%): Thread-0
[3.873s][info   ][gc,stats    ]       7 of    99 ms (  7.4%): Thread-1
[3.873s][info   ][gc,stats    ]       5 of    99 ms (  4.9%): Thread-2
[3.873s][info   ][gc,stats    ]       7 of    99 ms (  7.0%): Thread-4
[3.873s][info   ][gc,stats    ]       6 of    99 ms (  6.2%): Thread-7
[3.873s][info   ][gc,stats    ]      33 of    99 ms ( 32.8%): <total>
[3.873s][info   ][gc,stats    ]       2 of    99 ms (  1.7%): <average total>
[3.873s][info   ][gc,stats    ]       7 of    99 ms (  6.6%): <average non-zero>
[3.873s][info   ][gc,stats    ] 
[3.873s][info   ][gc,metaspace] Metaspace: 211K(448K)->211K(448K) NonClass: 202K(320K)->202K(320K) Class: 9K(128K)->9K(128K)
[3.873s][info   ][gc,ergo     ] Pacer for Idle. Initial: 41943K, Alloc Tax Rate: 1.0x
[3.949s][info   ][gc          ] Trigger: Average GC time (29.98 ms) is above the time for average allocation rate (14707 MB/s) to deplete free headroom (433M) (margin of error = 1.82)
[3.949s][info   ][gc,ergo     ] Free headroom: 536M (free) - 102M (spike) - 0B (penalties) = 433M
[3.949s][info   ][gc,ergo     ] Free: 532M, Max: 1024K regular, 356M humongous, Frag: 34% external, 0% internal; Reserve: 103M, Max: 1024K
[3.949s][info   ][gc,start    ] GC(53) Concurrent reset
[3.949s][info   ][gc,task     ] GC(53) Using 1 of 2 workers for concurrent reset
[3.949s][info   ][gc,ergo     ] GC(53) Pacer for Reset. Non-Taxable: 2048M
[3.972s][info   ][gc          ] GC(53) Concurrent reset 23.100ms
[3.976s][info   ][gc,start    ] GC(53) Pause Init Mark (unload classes)
[3.976s][info   ][gc,task     ] GC(53) Using 2 of 2 workers for init marking
[3.976s][info   ][gc,ergo     ] GC(53) Pacer for Mark. Expected Live: 133M, Free: 204M, Non-Taxable: 20889K, Alloc Tax Rate: 0.8x
[3.976s][info   ][gc          ] GC(53) Pause Init Mark (unload classes) 0.185ms
[3.977s][info   ][gc,start    ] GC(53) Concurrent marking roots
[3.977s][info   ][gc,task     ] GC(53) Using 1 of 2 workers for concurrent marking roots
[3.977s][info   ][gc          ] GC(53) Concurrent marking roots 0.394ms
[3.977s][info   ][gc,start    ] GC(53) Concurrent marking (unload classes)
[3.977s][info   ][gc,task     ] GC(53) Using 1 of 2 workers for concurrent marking
[3.980s][info   ][gc          ] GC(53) Concurrent marking (unload classes) 2.172ms
[3.980s][info   ][gc,start    ] GC(53) Pause Final Mark (unload classes)
[3.980s][info   ][gc,task     ] GC(53) Using 2 of 2 workers for final marking
[3.980s][info   ][gc,ergo     ] GC(53) Collectable Garbage: 718M (99%), Immediate: 718M (99%), CSet: 0B (0%)
[3.980s][info   ][gc          ] GC(53) Pause Final Mark (unload classes) 0.269ms
[3.980s][info   ][gc,start    ] GC(53) Concurrent weak references
[3.980s][info   ][gc,task     ] GC(53) Using 1 of 2 workers for concurrent weak references
[3.980s][info   ][gc,ref      ] GC(53) Encountered references: Soft: 11, Weak: 37, Final: 0, Phantom: 5
[3.980s][info   ][gc,ref      ] GC(53) Discovered  references: Soft: 0, Weak: 11, Final: 0, Phantom: 5
[3.980s][info   ][gc,ref      ] GC(53) Enqueued    references: Soft: 0, Weak: 0, Final: 0, Phantom: 0
[3.980s][info   ][gc          ] GC(53) Concurrent weak references 0.171ms
[3.980s][info   ][gc,start    ] GC(53) Concurrent weak roots
[3.980s][info   ][gc,task     ] GC(53) Using 1 of 2 workers for concurrent weak root
[3.980s][info   ][gc          ] GC(53) Concurrent weak roots 0.264ms
[3.980s][info   ][gc,start    ] GC(53) Concurrent cleanup
[3.981s][info   ][gc          ] GC(53) Concurrent cleanup 884M->166M(2048M) 0.850ms
[3.981s][info   ][gc,ergo     ] GC(53) Free: 1620M, Max: 1024K regular, 184M humongous, Frag: 89% external, 0% internal; Reserve: 103M, Max: 1024K
[3.981s][info   ][gc,start    ] GC(53) Concurrent class unloading
[3.981s][info   ][gc,task     ] GC(53) Using 1 of 2 workers for concurrent class unloading
[3.982s][info   ][gc          ] GC(53) Concurrent class unloading 0.502ms
[3.982s][info   ][gc,start    ] GC(53) Pause Final Roots
[3.982s][info   ][gc          ] GC(53) Pause Final Roots 0.018ms
[3.982s][info   ][gc,ergo     ] Free: 1620M, Max: 1024K regular, 184M humongous, Frag: 89% external, 0% internal; Reserve: 103M, Max: 1024K
[3.982s][info   ][gc,stats    ] 
[3.982s][info   ][gc,stats    ] All times are wall-clock times, except per-root-class counters, that are sum over
[3.982s][info   ][gc,stats    ] all workers. Dividing the <total> over the root stage time estimates parallelism.
[3.982s][info   ][gc,stats    ] 
[3.982s][info   ][gc,stats    ] Concurrent Reset                  23262 us
[3.982s][info   ][gc,stats    ] Pause Init Mark (G)                4489 us
[3.982s][info   ][gc,stats    ] Pause Init Mark (N)                 198 us
[3.982s][info   ][gc,stats    ]   Update Region States               75 us
[3.982s][info   ][gc,stats    ] Concurrent Mark Roots               417 us, parallelism: 0.49x
[3.982s][info   ][gc,stats    ]   CMR: <total>                      206 us
[3.982s][info   ][gc,stats    ]   CMR: Thread Roots                 169 us, workers (us): 169, ---, 
[3.982s][info   ][gc,stats    ]   CMR: VM Strong Roots                7 us, workers (us):   7, ---, 
[3.982s][info   ][gc,stats    ]   CMR: CLDG Roots                    30 us, workers (us):  30, ---, 
[3.982s][info   ][gc,stats    ] Concurrent Marking                 2200 us
[3.982s][info   ][gc,stats    ] Pause Final Mark (G)                403 us
[3.982s][info   ][gc,stats    ] Pause Final Mark (N)                280 us
[3.982s][info   ][gc,stats    ]   Finish Mark                        72 us
[3.982s][info   ][gc,stats    ]   Update Region States               38 us
[3.982s][info   ][gc,stats    ]   Choose Collection Set              94 us
[3.982s][info   ][gc,stats    ]   Rebuild Free Set                   12 us
[3.982s][info   ][gc,stats    ] Concurrent Weak References          182 us, parallelism: 0.02x
[3.982s][info   ][gc,stats    ]   CWRF: <total>                       4 us
[3.982s][info   ][gc,stats    ]   CWRF: Weak References               4 us, workers (us):   4, ---, 
[3.982s][info   ][gc,stats    ] Concurrent Weak Roots               279 us
[3.982s][info   ][gc,stats    ]   Roots                             149 us, parallelism: 0.35x
[3.982s][info   ][gc,stats    ]     CWR: <total>                     53 us
[3.982s][info   ][gc,stats    ]     CWR: Code Cache Roots            26 us, workers (us):  26, ---, 
[3.982s][info   ][gc,stats    ]     CWR: VM Weak Roots               25 us, workers (us):  25, ---, 
[3.982s][info   ][gc,stats    ]     CWR: CLDG Roots                   2 us, workers (us):   2, ---, 
[3.982s][info   ][gc,stats    ]   Rendezvous                         97 us
[3.982s][info   ][gc,stats    ] Concurrent Cleanup                  866 us
[3.982s][info   ][gc,stats    ] Concurrent Class Unloading          522 us
[3.982s][info   ][gc,stats    ]   Unlink Stale                      248 us
[3.982s][info   ][gc,stats    ]     System Dictionary                39 us
[3.982s][info   ][gc,stats    ]     Weak Class Links                  1 us
[3.982s][info   ][gc,stats    ]     Code Roots                      205 us
[3.982s][info   ][gc,stats    ]   Rendezvous                        120 us
[3.982s][info   ][gc,stats    ]   Purge Unlinked                    116 us
[3.982s][info   ][gc,stats    ]     Code Roots                       97 us
[3.982s][info   ][gc,stats    ]     CLDG                             16 us
[3.982s][info   ][gc,stats    ]     Exception Caches                  1 us
[3.982s][info   ][gc,stats    ] Pause Final Roots (G)               125 us
[3.982s][info   ][gc,stats    ] Pause Final Roots (N)                26 us
[3.982s][info   ][gc,stats    ] Pacing                            67783 us
[3.982s][info   ][gc,stats    ] 
[3.982s][info   ][gc,stats    ] Allocation pacing accrued:
[3.982s][info   ][gc,stats    ]      13 of   109 ms ( 12.4%): Thread-0
[3.982s][info   ][gc,stats    ]      11 of   109 ms ( 10.3%): Thread-1
[3.982s][info   ][gc,stats    ]      10 of   109 ms (  9.1%): Thread-2
[3.982s][info   ][gc,stats    ]      13 of   109 ms ( 12.0%): Thread-5
[3.982s][info   ][gc,stats    ]      10 of   109 ms (  9.3%): Thread-6
[3.982s][info   ][gc,stats    ]      10 of   109 ms (  9.2%): Thread-7
[3.982s][info   ][gc,stats    ]      68 of   109 ms ( 62.2%): <total>
[3.982s][info   ][gc,stats    ]       4 of   109 ms (  3.3%): <average total>
[3.982s][info   ][gc,stats    ]      11 of   109 ms ( 10.4%): <average non-zero>
[3.982s][info   ][gc,stats    ] 
[3.982s][info   ][gc,metaspace] Metaspace: 211K(448K)->211K(448K) NonClass: 202K(320K)->202K(320K) Class: 9K(128K)->9K(128K)
[3.982s][info   ][gc,ergo     ] Pacer for Idle. Initial: 41943K, Alloc Tax Rate: 1.0x
[4.056s][info   ][gc          ] Trigger: Average GC time (38.73 ms) is above the time for average allocation rate (14756 MB/s) to deplete free headroom (553M) (margin of error = 1.82)
[4.056s][info   ][gc,ergo     ] Free headroom: 656M (free) - 102M (spike) - 0B (penalties) = 553M
[4.056s][info   ][gc,ergo     ] Free: 648M, Max: 1024K regular, 184M humongous, Frag: 72% external, 0% internal; Reserve: 103M, Max: 1024K
[4.056s][info   ][gc,start    ] GC(54) Concurrent reset
[4.056s][info   ][gc,task     ] GC(54) Using 1 of 2 workers for concurrent reset
[4.056s][info   ][gc,ergo     ] GC(54) Pacer for Reset. Non-Taxable: 2048M
[4.083s][info   ][gc          ] GC(54) Concurrent reset 27.147ms
[4.087s][info   ][gc,start    ] GC(54) Pause Init Mark (unload classes)
[4.087s][info   ][gc,task     ] GC(54) Using 2 of 2 workers for init marking
[4.087s][info   ][gc,ergo     ] GC(54) Pacer for Mark. Expected Live: 140M, Free: 224M, Non-Taxable: 22937K, Alloc Tax Rate: 0.8x
[4.087s][info   ][gc          ] GC(54) Pause Init Mark (unload classes) 0.201ms
[4.089s][info   ][gc,start    ] GC(54) Concurrent marking roots
[4.089s][info   ][gc,task     ] GC(54) Using 1 of 2 workers for concurrent marking roots
[4.089s][info   ][gc          ] GC(54) Concurrent marking roots 0.280ms
[4.089s][info   ][gc,start    ] GC(54) Concurrent marking (unload classes)
[4.089s][info   ][gc,task     ] GC(54) Using 1 of 2 workers for concurrent marking
[4.091s][info   ][gc          ] GC(54) Concurrent marking (unload classes) 1.511ms
[4.091s][info   ][gc,start    ] GC(54) Pause Final Mark (unload classes)
[4.091s][info   ][gc,task     ] GC(54) Using 2 of 2 workers for final marking
[4.091s][info   ][gc,ergo     ] GC(54) Collectable Garbage: 705M (99%), Immediate: 705M (99%), CSet: 0B (0%)
[4.091s][info   ][gc          ] GC(54) Pause Final Mark (unload classes) 0.222ms
[4.091s][info   ][gc,start    ] GC(54) Concurrent weak references
[4.091s][info   ][gc,task     ] GC(54) Using 1 of 2 workers for concurrent weak references
[4.091s][info   ][gc,ref      ] GC(54) Encountered references: Soft: 11, Weak: 37, Final: 0, Phantom: 5
[4.091s][info   ][gc,ref      ] GC(54) Discovered  references: Soft: 0, Weak: 11, Final: 0, Phantom: 5
[4.091s][info   ][gc,ref      ] GC(54) Enqueued    references: Soft: 0, Weak: 0, Final: 0, Phantom: 0
[4.091s][info   ][gc          ] GC(54) Concurrent weak references 0.229ms
[4.091s][info   ][gc,start    ] GC(54) Concurrent weak roots
[4.091s][info   ][gc,task     ] GC(54) Using 1 of 2 workers for concurrent weak root
[4.091s][info   ][gc          ] GC(54) Concurrent weak roots 0.267ms
[4.092s][info   ][gc,start    ] GC(54) Concurrent cleanup
[4.092s][info   ][gc          ] GC(54) Concurrent cleanup 875M->170M(2048M) 0.745ms
[4.092s][info   ][gc,ergo     ] GC(54) Free: 1612M, Max: 1024K regular, 310M humongous, Frag: 81% external, 0% internal; Reserve: 103M, Max: 1024K
[4.092s][info   ][gc,start    ] GC(54) Concurrent class unloading
[4.092s][info   ][gc,task     ] GC(54) Using 1 of 2 workers for concurrent class unloading
[4.093s][info   ][gc          ] GC(54) Concurrent class unloading 0.358ms
[4.093s][info   ][gc,start    ] GC(54) Pause Final Roots
[4.093s][info   ][gc          ] GC(54) Pause Final Roots 0.017ms
[4.093s][info   ][gc,ergo     ] Free: 1612M, Max: 1024K regular, 310M humongous, Frag: 81% external, 0% internal; Reserve: 103M, Max: 1024K
[4.093s][info   ][gc,stats    ] 
[4.093s][info   ][gc,stats    ] All times are wall-clock times, except per-root-class counters, that are sum over
[4.093s][info   ][gc,stats    ] all workers. Dividing the <total> over the root stage time estimates parallelism.
[4.093s][info   ][gc,stats    ] 
[4.093s][info   ][gc,stats    ] Concurrent Reset                  27344 us
[4.093s][info   ][gc,stats    ] Pause Init Mark (G)                5353 us
[4.093s][info   ][gc,stats    ] Pause Init Mark (N)                 211 us
[4.093s][info   ][gc,stats    ]   Update Region States               88 us
[4.093s][info   ][gc,stats    ] Concurrent Mark Roots               297 us, parallelism: 0.51x
[4.093s][info   ][gc,stats    ]   CMR: <total>                      150 us
[4.093s][info   ][gc,stats    ]   CMR: Thread Roots                 124 us, workers (us): 124, ---, 
[4.093s][info   ][gc,stats    ]   CMR: VM Strong Roots                5 us, workers (us):   5, ---, 
[4.093s][info   ][gc,stats    ]   CMR: CLDG Roots                    22 us, workers (us):  22, ---, 
[4.093s][info   ][gc,stats    ] Concurrent Marking                 1531 us
[4.093s][info   ][gc,stats    ] Pause Final Mark (G)                316 us
[4.093s][info   ][gc,stats    ] Pause Final Mark (N)                230 us
[4.093s][info   ][gc,stats    ]   Finish Mark                        53 us
[4.093s][info   ][gc,stats    ]   Update Region States               34 us
[4.093s][info   ][gc,stats    ]   Choose Collection Set              95 us
[4.093s][info   ][gc,stats    ]   Rebuild Free Set                    9 us
[4.093s][info   ][gc,stats    ] Concurrent Weak References          238 us, parallelism: 0.01x
[4.093s][info   ][gc,stats    ]   CWRF: <total>                       3 us
[4.093s][info   ][gc,stats    ]   CWRF: Weak References               3 us, workers (us):   3, ---, 
[4.093s][info   ][gc,stats    ] Concurrent Weak Roots               281 us
[4.093s][info   ][gc,stats    ]   Roots                             165 us, parallelism: 0.38x
[4.093s][info   ][gc,stats    ]     CWR: <total>                     63 us
[4.093s][info   ][gc,stats    ]     CWR: Code Cache Roots            34 us, workers (us):  34, ---, 
[4.093s][info   ][gc,stats    ]     CWR: VM Weak Roots               27 us, workers (us):  27, ---, 
[4.093s][info   ][gc,stats    ]     CWR: CLDG Roots                   2 us, workers (us):   2, ---, 
[4.093s][info   ][gc,stats    ]   Rendezvous                         84 us
[4.093s][info   ][gc,stats    ] Concurrent Cleanup                  756 us
[4.093s][info   ][gc,stats    ] Concurrent Class Unloading          376 us
[4.093s][info   ][gc,stats    ]   Unlink Stale                      189 us
[4.093s][info   ][gc,stats    ]     System Dictionary                 4 us
[4.093s][info   ][gc,stats    ]     Weak Class Links                  1 us
[4.093s][info   ][gc,stats    ]     Code Roots                      182 us
[4.093s][info   ][gc,stats    ]   Rendezvous                         80 us
[4.093s][info   ][gc,stats    ]   Purge Unlinked                     72 us
[4.093s][info   ][gc,stats    ]     Code Roots                       56 us
[4.093s][info   ][gc,stats    ]     CLDG                             13 us
[4.093s][info   ][gc,stats    ]     Exception Caches                  0 us
[4.093s][info   ][gc,stats    ] Pause Final Roots (G)                89 us
[4.093s][info   ][gc,stats    ] Pause Final Roots (N)                25 us
[4.093s][info   ][gc,stats    ] Pacing                            54681 us
[4.093s][info   ][gc,stats    ] 
[4.093s][info   ][gc,stats    ] Allocation pacing accrued:
[4.093s][info   ][gc,stats    ]      10 of   111 ms (  9.0%): Thread-0
[4.093s][info   ][gc,stats    ]      11 of   111 ms (  9.5%): Thread-1
[4.093s][info   ][gc,stats    ]      15 of   111 ms ( 13.5%): Thread-2
[4.093s][info   ][gc,stats    ]      12 of   111 ms ( 11.1%): Thread-3
[4.093s][info   ][gc,stats    ]       4 of   111 ms (  3.9%): Thread-4
[4.093s][info   ][gc,stats    ]       8 of   111 ms (  6.9%): Thread-5
[4.093s][info   ][gc,stats    ]       8 of   111 ms (  7.3%): Thread-7
[4.093s][info   ][gc,stats    ]      68 of   111 ms ( 61.2%): <total>
[4.093s][info   ][gc,stats    ]       4 of   111 ms (  3.2%): <average total>
[4.093s][info   ][gc,stats    ]      10 of   111 ms (  8.7%): <average non-zero>
[4.093s][info   ][gc,stats    ] 
[4.093s][info   ][gc,metaspace] Metaspace: 211K(448K)->211K(448K) NonClass: 202K(320K)->202K(320K) Class: 9K(128K)->9K(128K)
[4.093s][info   ][gc,ergo     ] Pacer for Idle. Initial: 41943K, Alloc Tax Rate: 1.0x
[4.152s][info   ][gc          ] Trigger: Average GC time (43.71 ms) is above the time for average allocation rate (14756 MB/s) to deplete free headroom (635M) (margin of error = 1.82)
[4.152s][info   ][gc,ergo     ] Free headroom: 738M (free) - 102M (spike) - 0B (penalties) = 635M
[4.153s][info   ][gc,ergo     ] Free: 734M, Max: 1024K regular, 310M humongous, Frag: 58% external, 0% internal; Reserve: 103M, Max: 1024K
[4.153s][info   ][gc,start    ] GC(55) Concurrent reset
[4.153s][info   ][gc,task     ] GC(55) Using 1 of 2 workers for concurrent reset
[4.153s][info   ][gc,ergo     ] GC(55) Pacer for Reset. Non-Taxable: 2048M
[4.162s][info   ][gc          ] GC(55) Concurrent reset 9.100ms
[4.168s][info   ][gc,start    ] GC(55) Pause Init Mark (unload classes)
[4.168s][info   ][gc,task     ] GC(55) Using 2 of 2 workers for init marking
[4.168s][info   ][gc,ergo     ] GC(55) Pacer for Mark. Expected Live: 147M, Free: 518M, Non-Taxable: 53043K, Alloc Tax Rate: 0.3x
[4.168s][info   ][gc          ] GC(55) Pause Init Mark (unload classes) 0.197ms
[4.172s][info   ][gc,start    ] GC(55) Concurrent marking roots
[4.172s][info   ][gc,task     ] GC(55) Using 1 of 2 workers for concurrent marking roots
[4.173s][info   ][gc          ] GC(55) Concurrent marking roots 0.701ms
[4.173s][info   ][gc,start    ] GC(55) Concurrent marking (unload classes)
[4.173s][info   ][gc,task     ] GC(55) Using 1 of 2 workers for concurrent marking
[4.174s][info   ][gc          ] GC(55) Concurrent marking (unload classes) 1.590ms
[4.174s][info   ][gc,start    ] GC(55) Pause Final Mark (unload classes)
[4.174s][info   ][gc,task     ] GC(55) Using 2 of 2 workers for final marking
[4.175s][info   ][gc,ergo     ] GC(55) Collectable Garbage: 605M (98%), Immediate: 605M (98%), CSet: 0B (0%)
[4.175s][info   ][gc          ] GC(55) Pause Final Mark (unload classes) 0.577ms
[4.175s][info   ][gc,start    ] GC(55) Concurrent weak references
[4.175s][info   ][gc,task     ] GC(55) Using 1 of 2 workers for concurrent weak references
[4.175s][info   ][gc,ref      ] GC(55) Encountered references: Soft: 11, Weak: 37, Final: 0, Phantom: 5
[4.175s][info   ][gc,ref      ] GC(55) Discovered  references: Soft: 0, Weak: 11, Final: 0, Phantom: 5
[4.175s][info   ][gc,ref      ] GC(55) Enqueued    references: Soft: 0, Weak: 0, Final: 0, Phantom: 0
[4.175s][info   ][gc          ] GC(55) Concurrent weak references 0.222ms
[4.175s][info   ][gc,start    ] GC(55) Concurrent weak roots
[4.175s][info   ][gc,task     ] GC(55) Using 1 of 2 workers for concurrent weak root
[4.179s][info   ][gc          ] GC(55) Concurrent weak roots 3.252ms
[4.179s][info   ][gc,start    ] GC(55) Concurrent cleanup
[4.180s][info   ][gc          ] GC(55) Concurrent cleanup 763M->167M(2048M) 0.900ms
[4.180s][info   ][gc,ergo     ] GC(55) Free: 1618M, Max: 1024K regular, 358M humongous, Frag: 78% external, 0% internal; Reserve: 103M, Max: 1024K
[4.180s][info   ][gc,start    ] GC(55) Concurrent class unloading
[4.180s][info   ][gc,task     ] GC(55) Using 1 of 2 workers for concurrent class unloading
[4.196s][info   ][gc          ] GC(55) Concurrent class unloading 16.419ms
[4.197s][info   ][gc,start    ] GC(55) Pause Final Roots
[4.198s][info   ][gc          ] GC(55) Pause Final Roots 0.039ms
[4.198s][info   ][gc,ergo     ] Free: 1374M, Max: 1024K regular, 358M humongous, Frag: 74% external, 0% internal; Reserve: 103M, Max: 1024K
[4.198s][info   ][gc,stats    ] 
[4.198s][info   ][gc,stats    ] All times are wall-clock times, except per-root-class counters, that are sum over
[4.198s][info   ][gc,stats    ] all workers. Dividing the <total> over the root stage time estimates parallelism.
[4.198s][info   ][gc,stats    ] 
[4.198s][info   ][gc,stats    ] Concurrent Reset                   9251 us
[4.198s][info   ][gc,stats    ] Pause Init Mark (G)               10201 us
[4.198s][info   ][gc,stats    ] Pause Init Mark (N)                 207 us
[4.198s][info   ][gc,stats    ]   Update Region States               78 us
[4.198s][info   ][gc,stats    ] Concurrent Mark Roots               720 us, parallelism: 0.41x
[4.198s][info   ][gc,stats    ]   CMR: <total>                      294 us
[4.198s][info   ][gc,stats    ]   CMR: Thread Roots                 172 us, workers (us): 172, ---, 
[4.198s][info   ][gc,stats    ]   CMR: VM Strong Roots               14 us, workers (us):  14, ---, 
[4.198s][info   ][gc,stats    ]   CMR: CLDG Roots                   108 us, workers (us): 108, ---, 
[4.198s][info   ][gc,stats    ] Concurrent Marking                 1614 us
[4.198s][info   ][gc,stats    ] Pause Final Mark (G)                737 us
[4.198s][info   ][gc,stats    ] Pause Final Mark (N)                590 us
[4.198s][info   ][gc,stats    ]   Finish Mark                       279 us
[4.198s][info   ][gc,stats    ]   Update Region States               80 us
[4.198s][info   ][gc,stats    ]   Choose Collection Set             171 us
[4.198s][info   ][gc,stats    ]   Rebuild Free Set                   14 us
[4.198s][info   ][gc,stats    ] Concurrent Weak References          230 us, parallelism: 0.01x
[4.198s][info   ][gc,stats    ]   CWRF: <total>                       3 us
[4.198s][info   ][gc,stats    ]   CWRF: Weak References               3 us, workers (us):   3, ---, 
[4.198s][info   ][gc,stats    ] Concurrent Weak Roots              3370 us
[4.198s][info   ][gc,stats    ]   Roots                             151 us, parallelism: 0.37x
[4.198s][info   ][gc,stats    ]     CWR: <total>                     56 us
[4.198s][info   ][gc,stats    ]     CWR: Code Cache Roots            33 us, workers (us):  33, ---, 
[4.198s][info   ][gc,stats    ]     CWR: VM Weak Roots               21 us, workers (us):  21, ---, 
[4.198s][info   ][gc,stats    ]     CWR: CLDG Roots                   2 us, workers (us):   2, ---, 
[4.198s][info   ][gc,stats    ]   Rendezvous                       3067 us
[4.198s][info   ][gc,stats    ] Concurrent Cleanup                  959 us
[4.198s][info   ][gc,stats    ] Concurrent Class Unloading        16597 us
[4.198s][info   ][gc,stats    ]   Unlink Stale                     7878 us
[4.198s][info   ][gc,stats    ]     System Dictionary                12 us
[4.198s][info   ][gc,stats    ]     Weak Class Links                  1 us
[4.198s][info   ][gc,stats    ]     Code Roots                     7852 us
[4.198s][info   ][gc,stats    ]   Rendezvous                       6617 us
[4.198s][info   ][gc,stats    ]   Purge Unlinked                   1878 us
[4.198s][info   ][gc,stats    ]     Code Roots                     1814 us
[4.198s][info   ][gc,stats    ]     CLDG                             59 us
[4.198s][info   ][gc,stats    ]     Exception Caches                  1 us
[4.198s][info   ][gc,stats    ] Pause Final Roots (G)              1291 us
[4.198s][info   ][gc,stats    ] Pause Final Roots (N)                49 us
[4.198s][info   ][gc,stats    ] Pacing                            81064 us
[4.198s][info   ][gc,stats    ] 
[4.198s][info   ][gc,stats    ] Allocation pacing accrued:
[4.198s][info   ][gc,stats    ]      14 of   105 ms ( 13.6%): Thread-0
[4.198s][info   ][gc,stats    ]       9 of   105 ms (  8.8%): Thread-1
[4.198s][info   ][gc,stats    ]      10 of   105 ms (  9.4%): Thread-2
[4.198s][info   ][gc,stats    ]       7 of   105 ms (  6.5%): Thread-3
[4.198s][info   ][gc,stats    ]       7 of   105 ms (  6.6%): Thread-4
[4.198s][info   ][gc,stats    ]      13 of   105 ms ( 12.6%): Thread-5
[4.198s][info   ][gc,stats    ]      16 of   105 ms ( 15.3%): Thread-6
[4.198s][info   ][gc,stats    ]       5 of   105 ms (  4.4%): Thread-7
[4.198s][info   ][gc,stats    ]      81 of   105 ms ( 77.3%): <total>
[4.198s][info   ][gc,stats    ]       4 of   105 ms (  4.1%): <average total>
[4.198s][info   ][gc,stats    ]      10 of   105 ms (  9.7%): <average non-zero>
[4.198s][info   ][gc,stats    ] 
[4.198s][info   ][gc,metaspace] Metaspace: 211K(448K)->211K(448K) NonClass: 202K(320K)->202K(320K) Class: 9K(128K)->9K(128K)
[4.198s][info   ][gc,ergo     ] Pacer for Idle. Initial: 41943K, Alloc Tax Rate: 1.0x
[4.233s][info   ][gc          ] Trigger: Average GC time (53.05 ms) is above the time for average allocation rate (14773 MB/s) to deplete free headroom (767M) (margin of error = 1.83)
[4.233s][info   ][gc,ergo     ] Free headroom: 870M (free) - 102M (spike) - 0B (penalties) = 767M
[4.233s][info   ][gc,ergo     ] Free: 870M, Max: 1024K regular, 358M humongous, Frag: 59% external, 0% internal; Reserve: 103M, Max: 1024K
[4.233s][info   ][gc,start    ] GC(56) Concurrent reset
[4.233s][info   ][gc,task     ] GC(56) Using 1 of 2 workers for concurrent reset
[4.233s][info   ][gc,ergo     ] GC(56) Pacer for Reset. Non-Taxable: 2048M
[4.238s][info   ][gc          ] GC(56) Concurrent reset 5.098ms
[4.241s][info   ][gc,start    ] GC(56) Pause Init Mark (unload classes)
[4.241s][info   ][gc,task     ] GC(56) Using 2 of 2 workers for init marking
[4.241s][info   ][gc,ergo     ] GC(56) Pacer for Mark. Expected Live: 141M, Free: 770M, Non-Taxable: 78848K, Alloc Tax Rate: 0.2x
[4.241s][info   ][gc          ] GC(56) Pause Init Mark (unload classes) 0.231ms
[4.242s][info   ][gc,start    ] GC(56) Concurrent marking roots
[4.242s][info   ][gc,task     ] GC(56) Using 1 of 2 workers for concurrent marking roots
[4.245s][info   ][gc          ] GC(56) Concurrent marking roots 3.248ms
[4.245s][info   ][gc,start    ] GC(56) Concurrent marking (unload classes)
[4.245s][info   ][gc,task     ] GC(56) Using 1 of 2 workers for concurrent marking
[4.262s][info   ][gc          ] GC(56) Concurrent marking (unload classes) 17.393ms
[4.266s][info   ][gc,start    ] GC(56) Pause Final Mark (unload classes)
[4.266s][info   ][gc,task     ] GC(56) Using 2 of 2 workers for final marking
[4.267s][info   ][gc,ergo     ] GC(56) Collectable Garbage: 482M (98%), Immediate: 482M (98%), CSet: 0B (0%)
[4.267s][info   ][gc          ] GC(56) Pause Final Mark (unload classes) 0.396ms
[4.271s][info   ][gc,start    ] GC(56) Concurrent weak references
[4.271s][info   ][gc,task     ] GC(56) Using 1 of 2 workers for concurrent weak references
[4.273s][info   ][gc,ref      ] GC(56) Encountered references: Soft: 11, Weak: 37, Final: 0, Phantom: 5
[4.274s][info   ][gc,ref      ] GC(56) Discovered  references: Soft: 0, Weak: 11, Final: 0, Phantom: 5
[4.274s][info   ][gc,ref      ] GC(56) Enqueued    references: Soft: 0, Weak: 0, Final: 0, Phantom: 0
[4.274s][info   ][gc          ] GC(56) Concurrent weak references 2.896ms
[4.274s][info   ][gc,start    ] GC(56) Concurrent weak roots
[4.274s][info   ][gc,task     ] GC(56) Using 1 of 2 workers for concurrent weak root
[4.279s][info   ][gc          ] GC(56) Concurrent weak roots 5.749ms
[4.279s][info   ][gc,start    ] GC(56) Concurrent cleanup
[4.280s][info   ][gc          ] GC(56) Concurrent cleanup 857M->375M(2048M) 0.498ms
[4.280s][info   ][gc,ergo     ] GC(56) Free: 1202M, Max: 1024K regular, 238M humongous, Frag: 81% external, 0% internal; Reserve: 103M, Max: 1024K
[4.280s][info   ][gc,start    ] GC(56) Concurrent class unloading
[4.280s][info   ][gc,task     ] GC(56) Using 1 of 2 workers for concurrent class unloading
[4.280s][info   ][gc          ] GC(56) Concurrent class unloading 0.386ms
[4.280s][info   ][gc,start    ] GC(56) Pause Final Roots
[4.280s][info   ][gc          ] GC(56) Pause Final Roots 0.024ms
[4.281s][info   ][gc,ergo     ] Free: 1202M, Max: 1024K regular, 238M humongous, Frag: 81% external, 0% internal; Reserve: 103M, Max: 1024K
[4.281s][info   ][gc,stats    ] 
[4.281s][info   ][gc,stats    ] All times are wall-clock times, except per-root-class counters, that are sum over
[4.281s][info   ][gc,stats    ] all workers. Dividing the <total> over the root stage time estimates parallelism.
[4.281s][info   ][gc,stats    ] 
[4.281s][info   ][gc,stats    ] Concurrent Reset                   5283 us
[4.281s][info   ][gc,stats    ] Pause Init Mark (G)                3336 us
[4.281s][info   ][gc,stats    ] Pause Init Mark (N)                 240 us
[4.281s][info   ][gc,stats    ]   Update Region States              142 us
[4.281s][info   ][gc,stats    ] Concurrent Mark Roots              3366 us, parallelism: 0.93x
[4.281s][info   ][gc,stats    ]   CMR: <total>                     3142 us
[4.281s][info   ][gc,stats    ]   CMR: Thread Roots                3084 us, workers (us): 3084, ---, 
[4.281s][info   ][gc,stats    ]   CMR: VM Strong Roots                8 us, workers (us):   8, ---, 
[4.281s][info   ][gc,stats    ]   CMR: CLDG Roots                    50 us, workers (us):  50, ---, 
[4.281s][info   ][gc,stats    ] Concurrent Marking                17556 us
[4.281s][info   ][gc,stats    ] Pause Final Mark (G)               8134 us
[4.281s][info   ][gc,stats    ] Pause Final Mark (N)                405 us
[4.281s][info   ][gc,stats    ]   Finish Mark                       102 us
[4.281s][info   ][gc,stats    ]   Update Region States               83 us
[4.281s][info   ][gc,stats    ]   Choose Collection Set             112 us
[4.281s][info   ][gc,stats    ]   Rebuild Free Set                    9 us
[4.281s][info   ][gc,stats    ] Concurrent Weak References         2917 us, parallelism: 0.01x
[4.281s][info   ][gc,stats    ]   CWRF: <total>                      16 us
[4.281s][info   ][gc,stats    ]   CWRF: Weak References              16 us, workers (us):  16, ---, 
[4.281s][info   ][gc,stats    ] Concurrent Weak Roots              5796 us
[4.281s][info   ][gc,stats    ]   Roots                            3280 us, parallelism: 0.05x
[4.281s][info   ][gc,stats    ]     CWR: <total>                    151 us
[4.281s][info   ][gc,stats    ]     CWR: Code Cache Roots            76 us, workers (us):  76, ---, 
[4.281s][info   ][gc,stats    ]     CWR: VM Weak Roots               71 us, workers (us):  71, ---, 
[4.281s][info   ][gc,stats    ]     CWR: CLDG Roots                   3 us, workers (us):   3, ---, 
[4.281s][info   ][gc,stats    ]   Rendezvous                       2435 us
[4.281s][info   ][gc,stats    ] Concurrent Cleanup                  505 us
[4.281s][info   ][gc,stats    ] Concurrent Class Unloading          399 us
[4.281s][info   ][gc,stats    ]   Unlink Stale                      206 us
[4.281s][info   ][gc,stats    ]     System Dictionary                 6 us
[4.281s][info   ][gc,stats    ]     Weak Class Links                  1 us
[4.281s][info   ][gc,stats    ]     Code Roots                      197 us
[4.281s][info   ][gc,stats    ]   Rendezvous                        130 us
[4.281s][info   ][gc,stats    ]   Purge Unlinked                     32 us
[4.281s][info   ][gc,stats    ]     Code Roots                       16 us
[4.281s][info   ][gc,stats    ]     CLDG                             13 us
[4.281s][info   ][gc,stats    ]     Exception Caches                  1 us
[4.281s][info   ][gc,stats    ] Pause Final Roots (G)               163 us
[4.281s][info   ][gc,stats    ] Pause Final Roots (N)                34 us
[4.281s][info   ][gc,stats    ] Pacing                           100812 us
[4.281s][info   ][gc,stats    ] 
[4.281s][info   ][gc,stats    ] Allocation pacing accrued:
[4.281s][info   ][gc,stats    ]      10 of    83 ms ( 12.3%): Thread-0
[4.281s][info   ][gc,stats    ]       6 of    83 ms (  7.6%): Thread-1
[4.281s][info   ][gc,stats    ]      17 of    83 ms ( 20.3%): Thread-2
[4.281s][info   ][gc,stats    ]       9 of    83 ms ( 11.2%): Thread-3
[4.281s][info   ][gc,stats    ]      13 of    83 ms ( 15.6%): Thread-4
[4.281s][info   ][gc,stats    ]      16 of    83 ms ( 19.9%): Thread-5
[4.281s][info   ][gc,stats    ]      11 of    83 ms ( 13.5%): Thread-6
[4.281s][info   ][gc,stats    ]      18 of    83 ms ( 21.3%): Thread-7
[4.281s][info   ][gc,stats    ]     101 of    83 ms (121.7%): <total>
[4.281s][info   ][gc,stats    ]       5 of    83 ms (  6.4%): <average total>
[4.281s][info   ][gc,stats    ]      13 of    83 ms ( 15.2%): <average non-zero>
[4.281s][info   ][gc,stats    ] 
[4.281s][info   ][gc,metaspace] Metaspace: 211K(448K)->211K(448K) NonClass: 202K(320K)->202K(320K) Class: 9K(128K)->9K(128K)
[4.281s][info   ][gc,ergo     ] Pacer for Idle. Initial: 41943K, Alloc Tax Rate: 1.0x
[4.305s][info   ][gc          ] Trigger: Average GC time (56.33 ms) is above the time for average allocation rate (14799 MB/s) to deplete free headroom (821M) (margin of error = 1.84)
[4.305s][info   ][gc,ergo     ] Free headroom: 924M (free) - 102M (spike) - 0B (penalties) = 821M
[4.305s][info   ][gc,ergo     ] Free: 922M, Max: 1024K regular, 238M humongous, Frag: 75% external, 0% internal; Reserve: 103M, Max: 1024K
[4.305s][info   ][gc,start    ] GC(57) Concurrent reset
[4.305s][info   ][gc,task     ] GC(57) Using 1 of 2 workers for concurrent reset
[4.305s][info   ][gc,ergo     ] GC(57) Pacer for Reset. Non-Taxable: 2048M
[4.309s][info   ][gc          ] GC(57) Concurrent reset 3.691ms
[4.311s][info   ][gc,start    ] GC(57) Pause Init Mark (unload classes)
[4.311s][info   ][gc,task     ] GC(57) Using 2 of 2 workers for init marking
[4.311s][info   ][gc,ergo     ] GC(57) Pacer for Mark. Expected Live: 137M, Free: 844M, Non-Taxable: 86425K, Alloc Tax Rate: 0.2x
[4.311s][info   ][gc          ] GC(57) Pause Init Mark (unload classes) 0.224ms
[4.317s][info   ][gc,start    ] GC(57) Concurrent marking roots
[4.317s][info   ][gc,task     ] GC(57) Using 1 of 2 workers for concurrent marking roots
[4.318s][info   ][gc          ] GC(57) Concurrent marking roots 0.974ms
[4.318s][info   ][gc,start    ] GC(57) Concurrent marking (unload classes)
[4.318s][info   ][gc,task     ] GC(57) Using 1 of 2 workers for concurrent marking
[4.319s][info   ][gc          ] GC(57) Concurrent marking (unload classes) 1.484ms
[4.319s][info   ][gc,start    ] GC(57) Pause Final Mark (unload classes)
[4.319s][info   ][gc,task     ] GC(57) Using 2 of 2 workers for final marking
[4.320s][info   ][gc,ergo     ] GC(57) Collectable Garbage: 427M (98%), Immediate: 427M (98%), CSet: 0B (0%)
[4.320s][info   ][gc          ] GC(57) Pause Final Mark (unload classes) 0.240ms
[4.320s][info   ][gc,start    ] GC(57) Concurrent weak references
[4.320s][info   ][gc,task     ] GC(57) Using 1 of 2 workers for concurrent weak references
[4.320s][info   ][gc,ref      ] GC(57) Encountered references: Soft: 11, Weak: 37, Final: 0, Phantom: 5
[4.320s][info   ][gc,ref      ] GC(57) Discovered  references: Soft: 0, Weak: 11, Final: 0, Phantom: 5
[4.320s][info   ][gc,ref      ] GC(57) Enqueued    references: Soft: 0, Weak: 0, Final: 0, Phantom: 0
[4.320s][info   ][gc          ] GC(57) Concurrent weak references 0.110ms
[4.320s][info   ][gc,start    ] GC(57) Concurrent weak roots
[4.320s][info   ][gc,task     ] GC(57) Using 1 of 2 workers for concurrent weak root
[4.321s][info   ][gc          ] GC(57) Concurrent weak roots 0.916ms
[4.321s][info   ][gc,start    ] GC(57) Concurrent cleanup
[4.321s][info   ][gc          ] GC(57) Concurrent cleanup 602M->180M(2048M) 0.628ms
[4.321s][info   ][gc,ergo     ] GC(57) Free: 1592M, Max: 1024K regular, 250M humongous, Frag: 85% external, 0% internal; Reserve: 103M, Max: 1024K
[4.321s][info   ][gc,start    ] GC(57) Concurrent class unloading
[4.321s][info   ][gc,task     ] GC(57) Using 1 of 2 workers for concurrent class unloading
[4.324s][info   ][gc          ] GC(57) Concurrent class unloading 2.618ms
[4.324s][info   ][gc,start    ] GC(57) Pause Final Roots
[4.324s][info   ][gc          ] GC(57) Pause Final Roots 0.023ms
[4.325s][info   ][gc,ergo     ] Free: 1548M, Max: 1024K regular, 250M humongous, Frag: 84% external, 0% internal; Reserve: 103M, Max: 1024K
[4.325s][info   ][gc,stats    ] 
[4.325s][info   ][gc,stats    ] All times are wall-clock times, except per-root-class counters, that are sum over
[4.325s][info   ][gc,stats    ] all workers. Dividing the <total> over the root stage time estimates parallelism.
[4.325s][info   ][gc,stats    ] 
[4.325s][info   ][gc,stats    ] Concurrent Reset                   3786 us
[4.325s][info   ][gc,stats    ] Pause Init Mark (G)                8052 us
[4.325s][info   ][gc,stats    ] Pause Init Mark (N)                 233 us
[4.325s][info   ][gc,stats    ]   Update Region States              127 us
[4.325s][info   ][gc,stats    ] Concurrent Mark Roots              1000 us, parallelism: 0.20x
[4.325s][info   ][gc,stats    ]   CMR: <total>                      197 us
[4.325s][info   ][gc,stats    ]   CMR: Thread Roots                 143 us, workers (us): 143, ---, 
[4.325s][info   ][gc,stats    ]   CMR: VM Strong Roots               13 us, workers (us):  13, ---, 
[4.325s][info   ][gc,stats    ]   CMR: CLDG Roots                    42 us, workers (us):  42, ---, 
[4.325s][info   ][gc,stats    ] Concurrent Marking                 1501 us
[4.325s][info   ][gc,stats    ] Pause Final Mark (G)                334 us
[4.325s][info   ][gc,stats    ] Pause Final Mark (N)                248 us
[4.325s][info   ][gc,stats    ]   Finish Mark                        47 us
[4.325s][info   ][gc,stats    ]   Update Region States               56 us
[4.325s][info   ][gc,stats    ]   Choose Collection Set              96 us
[4.325s][info   ][gc,stats    ]   Rebuild Free Set                   10 us
[4.325s][info   ][gc,stats    ] Concurrent Weak References          138 us, parallelism: 0.02x
[4.325s][info   ][gc,stats    ]   CWRF: <total>                       2 us
[4.325s][info   ][gc,stats    ]   CWRF: Weak References               2 us, workers (us):   2, ---, 
[4.325s][info   ][gc,stats    ] Concurrent Weak Roots               944 us
[4.325s][info   ][gc,stats    ]   Roots                             802 us, parallelism: 0.08x
[4.325s][info   ][gc,stats    ]     CWR: <total>                     65 us
[4.325s][info   ][gc,stats    ]     CWR: Code Cache Roots            37 us, workers (us):  37, ---, 
[4.325s][info   ][gc,stats    ]     CWR: VM Weak Roots               26 us, workers (us):  26, ---, 
[4.325s][info   ][gc,stats    ]     CWR: CLDG Roots                   2 us, workers (us):   2, ---, 
[4.325s][info   ][gc,stats    ]   Rendezvous                         98 us
[4.325s][info   ][gc,stats    ] Concurrent Cleanup                  644 us
[4.325s][info   ][gc,stats    ] Concurrent Class Unloading         2660 us
[4.325s][info   ][gc,stats    ]   Unlink Stale                      305 us
[4.325s][info   ][gc,stats    ]     System Dictionary                 8 us
[4.325s][info   ][gc,stats    ]     Weak Class Links                  1 us
[4.325s][info   ][gc,stats    ]     Code Roots                      293 us
[4.325s][info   ][gc,stats    ]   Rendezvous                        777 us
[4.325s][info   ][gc,stats    ]   Purge Unlinked                   1512 us
[4.325s][info   ][gc,stats    ]     Code Roots                     1499 us
[4.325s][info   ][gc,stats    ]     CLDG                             10 us
[4.325s][info   ][gc,stats    ]     Exception Caches                  1 us
[4.325s][info   ][gc,stats    ] Pause Final Roots (G)               481 us
[4.325s][info   ][gc,stats    ] Pause Final Roots (N)                30 us
[4.325s][info   ][gc,stats    ] Pacing                            79499 us
[4.325s][info   ][gc,stats    ] 
[4.325s][info   ][gc,stats    ] Allocation pacing accrued:
[4.325s][info   ][gc,stats    ]      10 of    44 ms ( 23.1%): Thread-0
[4.325s][info   ][gc,stats    ]      12 of    44 ms ( 26.2%): Thread-2
[4.325s][info   ][gc,stats    ]      13 of    44 ms ( 29.1%): Thread-3
[4.325s][info   ][gc,stats    ]      10 of    44 ms ( 22.7%): Thread-4
[4.325s][info   ][gc,stats    ]      11 of    44 ms ( 24.1%): Thread-5
[4.325s][info   ][gc,stats    ]      10 of    44 ms ( 23.3%): Thread-6
[4.325s][info   ][gc,stats    ]      14 of    44 ms ( 31.2%): Thread-7
[4.325s][info   ][gc,stats    ]      79 of    44 ms (179.7%): <total>
[4.325s][info   ][gc,stats    ]       4 of    44 ms (  9.5%): <average total>
[4.325s][info   ][gc,stats    ]      11 of    44 ms ( 25.7%): <average non-zero>
[4.325s][info   ][gc,stats    ] 
[4.325s][info   ][gc,metaspace] Metaspace: 211K(448K)->211K(448K) NonClass: 202K(320K)->202K(320K) Class: 9K(128K)->9K(128K)
[4.325s][info   ][gc,ergo     ] Pacer for Idle. Initial: 41943K, Alloc Tax Rate: 1.0x
[4.370s][info   ][gc          ] Trigger: Average GC time (54.91 ms) is above the time for average allocation rate (14799 MB/s) to deplete free headroom (803M) (margin of error = 1.84)
[4.370s][info   ][gc,ergo     ] Free headroom: 906M (free) - 102M (spike) - 0B (penalties) = 803M
[4.370s][info   ][gc,ergo     ] Free: 904M, Max: 1024K regular, 250M humongous, Frag: 73% external, 0% internal; Reserve: 103M, Max: 1024K
[4.370s][info   ][gc,start    ] GC(58) Concurrent reset
[4.370s][info   ][gc,task     ] GC(58) Using 1 of 2 workers for concurrent reset
[4.370s][info   ][gc,ergo     ] GC(58) Pacer for Reset. Non-Taxable: 2048M
[4.376s][info   ][gc          ] GC(58) Concurrent reset 5.094ms
[4.378s][info   ][gc,start    ] GC(58) Pause Init Mark (unload classes)
[4.378s][info   ][gc,task     ] GC(58) Using 2 of 2 workers for init marking
[4.378s][info   ][gc,ergo     ] GC(58) Pacer for Mark. Expected Live: 126M, Free: 814M, Non-Taxable: 83353K, Alloc Tax Rate: 0.2x
[4.378s][info   ][gc          ] GC(58) Pause Init Mark (unload classes) 0.154ms
[4.383s][info   ][gc,start    ] GC(58) Concurrent marking roots
[4.383s][info   ][gc,task     ] GC(58) Using 1 of 2 workers for concurrent marking roots
[4.384s][info   ][gc          ] GC(58) Concurrent marking roots 0.655ms
[4.384s][info   ][gc,start    ] GC(58) Concurrent marking (unload classes)
[4.384s][info   ][gc,task     ] GC(58) Using 1 of 2 workers for concurrent marking
[4.385s][info   ][gc          ] GC(58) Concurrent marking (unload classes) 1.677ms
[4.385s][info   ][gc,start    ] GC(58) Pause Final Mark (unload classes)
[4.385s][info   ][gc,task     ] GC(58) Using 2 of 2 workers for final marking
[4.386s][info   ][gc,ergo     ] GC(58) Collectable Garbage: 432M (98%), Immediate: 432M (98%), CSet: 0B (0%)
[4.386s][info   ][gc          ] GC(58) Pause Final Mark (unload classes) 0.421ms
[4.386s][info   ][gc,start    ] GC(58) Concurrent weak references
[4.386s][info   ][gc,task     ] GC(58) Using 1 of 2 workers for concurrent weak references
[4.386s][info   ][gc,ref      ] GC(58) Encountered references: Soft: 11, Weak: 37, Final: 0, Phantom: 5
[4.386s][info   ][gc,ref      ] GC(58) Discovered  references: Soft: 0, Weak: 11, Final: 0, Phantom: 5
[4.386s][info   ][gc,ref      ] GC(58) Enqueued    references: Soft: 0, Weak: 0, Final: 0, Phantom: 0
[4.386s][info   ][gc          ] GC(58) Concurrent weak references 0.116ms
[4.386s][info   ][gc,start    ] GC(58) Concurrent weak roots
[4.386s][info   ][gc,task     ] GC(58) Using 1 of 2 workers for concurrent weak root
[4.386s][info   ][gc          ] GC(58) Concurrent weak roots 0.295ms
[4.386s][info   ][gc,start    ] GC(58) Concurrent cleanup
[4.387s][info   ][gc          ] GC(58) Concurrent cleanup 610M->178M(2048M) 0.466ms
[4.387s][info   ][gc,ergo     ] GC(58) Free: 1596M, Max: 1024K regular, 764M humongous, Frag: 53% external, 0% internal; Reserve: 103M, Max: 1024K
[4.387s][info   ][gc,start    ] GC(58) Concurrent class unloading
[4.387s][info   ][gc,task     ] GC(58) Using 1 of 2 workers for concurrent class unloading
[4.387s][info   ][gc          ] GC(58) Concurrent class unloading 0.405ms
[4.387s][info   ][gc,start    ] GC(58) Pause Final Roots
[4.387s][info   ][gc          ] GC(58) Pause Final Roots 0.017ms
[4.387s][info   ][gc,ergo     ] Free: 1596M, Max: 1024K regular, 764M humongous, Frag: 53% external, 0% internal; Reserve: 103M, Max: 1024K
[4.387s][info   ][gc,stats    ] 
[4.387s][info   ][gc,stats    ] All times are wall-clock times, except per-root-class counters, that are sum over
[4.387s][info   ][gc,stats    ] all workers. Dividing the <total> over the root stage time estimates parallelism.
[4.387s][info   ][gc,stats    ] 
[4.387s][info   ][gc,stats    ] Concurrent Reset                   5336 us
[4.387s][info   ][gc,stats    ] Pause Init Mark (G)                7248 us
[4.387s][info   ][gc,stats    ] Pause Init Mark (N)                 162 us
[4.387s][info   ][gc,stats    ]   Update Region States               69 us
[4.388s][info   ][gc,stats    ] Concurrent Mark Roots               678 us, parallelism: 0.31x
[4.388s][info   ][gc,stats    ]   CMR: <total>                      208 us
[4.388s][info   ][gc,stats    ]   CMR: Thread Roots                 134 us, workers (us): 134, ---, 
[4.388s][info   ][gc,stats    ]   CMR: VM Strong Roots               13 us, workers (us):  13, ---, 
[4.388s][info   ][gc,stats    ]   CMR: CLDG Roots                    61 us, workers (us):  61, ---, 
[4.388s][info   ][gc,stats    ] Concurrent Marking                 1699 us
[4.388s][info   ][gc,stats    ] Pause Final Mark (G)                525 us
[4.388s][info   ][gc,stats    ] Pause Final Mark (N)                430 us
[4.388s][info   ][gc,stats    ]   Finish Mark                       189 us
[4.388s][info   ][gc,stats    ]   Update Region States               90 us
[4.388s][info   ][gc,stats    ]   Choose Collection Set              99 us
[4.388s][info   ][gc,stats    ]   Rebuild Free Set                    9 us
[4.388s][info   ][gc,stats    ] Concurrent Weak References          124 us, parallelism: 0.03x
[4.388s][info   ][gc,stats    ]   CWRF: <total>                       4 us
[4.388s][info   ][gc,stats    ]   CWRF: Weak References               4 us, workers (us):   4, ---, 
[4.388s][info   ][gc,stats    ] Concurrent Weak Roots               312 us
[4.388s][info   ][gc,stats    ]   Roots                             164 us, parallelism: 0.45x
[4.388s][info   ][gc,stats    ]     CWR: <total>                     73 us
[4.388s][info   ][gc,stats    ]     CWR: Code Cache Roots            35 us, workers (us):  35, ---, 
[4.388s][info   ][gc,stats    ]     CWR: VM Weak Roots               36 us, workers (us):  36, ---, 
[4.388s][info   ][gc,stats    ]     CWR: CLDG Roots                   2 us, workers (us):   2, ---, 
[4.388s][info   ][gc,stats    ]   Rendezvous                         96 us
[4.388s][info   ][gc,stats    ] Concurrent Cleanup                  476 us
[4.388s][info   ][gc,stats    ] Concurrent Class Unloading          424 us
[4.388s][info   ][gc,stats    ]   Unlink Stale                      203 us
[4.388s][info   ][gc,stats    ]     System Dictionary                 4 us
[4.388s][info   ][gc,stats    ]     Weak Class Links                  1 us
[4.388s][info   ][gc,stats    ]     Code Roots                      194 us
[4.388s][info   ][gc,stats    ]   Rendezvous                         91 us
[4.388s][info   ][gc,stats    ]   Purge Unlinked                     95 us
[4.388s][info   ][gc,stats    ]     Code Roots                       85 us
[4.388s][info   ][gc,stats    ]     CLDG                              7 us
[4.388s][info   ][gc,stats    ]     Exception Caches                  1 us
[4.388s][info   ][gc,stats    ] Pause Final Roots (G)               125 us
[4.388s][info   ][gc,stats    ] Pause Final Roots (N)                26 us
[4.388s][info   ][gc,stats    ] Pacing                            66930 us
[4.388s][info   ][gc,stats    ] 
[4.388s][info   ][gc,stats    ] Allocation pacing accrued:
[4.388s][info   ][gc,stats    ]      12 of    63 ms ( 19.2%): Thread-0
[4.388s][info   ][gc,stats    ]      10 of    63 ms ( 16.1%): Thread-1
[4.388s][info   ][gc,stats    ]      10 of    63 ms ( 15.8%): Thread-2
[4.388s][info   ][gc,stats    ]      13 of    63 ms ( 20.2%): Thread-4
[4.388s][info   ][gc,stats    ]      13 of    63 ms ( 20.0%): Thread-6
[4.388s][info   ][gc,stats    ]      10 of    63 ms ( 15.3%): Thread-7
[4.388s][info   ][gc,stats    ]      67 of    63 ms (106.6%): <total>
[4.388s][info   ][gc,stats    ]       4 of    63 ms (  5.6%): <average total>
[4.388s][info   ][gc,stats    ]      11 of    63 ms ( 17.8%): <average non-zero>
[4.388s][info   ][gc,stats    ] 
[4.388s][info   ][gc,metaspace] Metaspace: 211K(448K)->211K(448K) NonClass: 202K(320K)->202K(320K) Class: 9K(128K)->9K(128K)
[4.388s][info   ][gc,ergo     ] Pacer for Idle. Initial: 41943K, Alloc Tax Rate: 1.0x
[4.450s][info   ][gc          ] Trigger: Average GC time (45.44 ms) is above the time for average allocation rate (14799 MB/s) to deplete free headroom (667M) (margin of error = 1.84)
[4.450s][info   ][gc,ergo     ] Free headroom: 770M (free) - 102M (spike) - 0B (penalties) = 667M
[4.450s][info   ][gc,ergo     ] Free: 770M, Max: 1024K regular, 764M humongous, Frag: 1% external, 0% internal; Reserve: 103M, Max: 1024K
[4.450s][info   ][gc,start    ] GC(59) Concurrent reset
[4.450s][info   ][gc,task     ] GC(59) Using 1 of 2 workers for concurrent reset
[4.450s][info   ][gc,ergo     ] GC(59) Pacer for Reset. Non-Taxable: 2048M
[4.456s][info   ][gc          ] GC(59) Concurrent reset 5.885ms
[4.462s][info   ][gc,start    ] GC(59) Pause Init Mark (unload classes)
[4.462s][info   ][gc,task     ] GC(59) Using 2 of 2 workers for init marking
[4.462s][info   ][gc,ergo     ] GC(59) Pacer for Mark. Expected Live: 122M, Free: 618M, Non-Taxable: 63283K, Alloc Tax Rate: 0.2x
[4.462s][info   ][gc          ] GC(59) Pause Init Mark (unload classes) 0.253ms
[4.464s][info   ][gc,start    ] GC(59) Concurrent marking roots
[4.464s][info   ][gc,task     ] GC(59) Using 1 of 2 workers for concurrent marking roots
[4.466s][info   ][gc          ] GC(59) Concurrent marking roots 2.306ms
[4.466s][info   ][gc,start    ] GC(59) Concurrent marking (unload classes)
[4.466s][info   ][gc,task     ] GC(59) Using 1 of 2 workers for concurrent marking
[4.471s][info   ][gc          ] GC(59) Concurrent marking (unload classes) 4.697ms
[4.471s][info   ][gc,start    ] GC(59) Pause Final Mark (unload classes)
[4.471s][info   ][gc,task     ] GC(59) Using 2 of 2 workers for final marking
[4.472s][info   ][gc,ergo     ] GC(59) Collectable Garbage: 572M (98%), Immediate: 572M (98%), CSet: 0B (0%)
[4.472s][info   ][gc          ] GC(59) Pause Final Mark (unload classes) 0.397ms
[4.474s][info   ][gc,start    ] GC(59) Concurrent weak references
[4.474s][info   ][gc,task     ] GC(59) Using 1 of 2 workers for concurrent weak references
[4.477s][info   ][gc,ref      ] GC(59) Encountered references: Soft: 11, Weak: 37, Final: 0, Phantom: 5
[4.477s][info   ][gc,ref      ] GC(59) Discovered  references: Soft: 0, Weak: 11, Final: 0, Phantom: 5
[4.477s][info   ][gc,ref      ] GC(59) Enqueued    references: Soft: 0, Weak: 0, Final: 0, Phantom: 0
[4.477s][info   ][gc          ] GC(59) Concurrent weak references 2.992ms
[4.477s][info   ][gc,start    ] GC(59) Concurrent weak roots
[4.477s][info   ][gc,task     ] GC(59) Using 1 of 2 workers for concurrent weak root
[4.480s][info   ][gc          ] GC(59) Concurrent weak roots 2.874ms
[4.480s][info   ][gc,start    ] GC(59) Concurrent cleanup
[4.481s][info   ][gc          ] GC(59) Concurrent cleanup 787M->221M(2048M) 0.967ms
[4.481s][info   ][gc,ergo     ] GC(59) Free: 1510M, Max: 1024K regular, 378M humongous, Frag: 75% external, 0% internal; Reserve: 103M, Max: 1024K
[4.481s][info   ][gc,start    ] GC(59) Concurrent class unloading
[4.481s][info   ][gc,task     ] GC(59) Using 1 of 2 workers for concurrent class unloading
[4.494s][info   ][gc          ] GC(59) Concurrent class unloading 12.343ms
[4.494s][info   ][gc,start    ] GC(59) Pause Final Roots
[4.494s][info   ][gc          ] GC(59) Pause Final Roots 0.029ms
[4.494s][info   ][gc,ergo     ] Free: 1334M, Max: 1024K regular, 378M humongous, Frag: 72% external, 0% internal; Reserve: 103M, Max: 1024K
[4.494s][info   ][gc,stats    ] 
[4.494s][info   ][gc,stats    ] All times are wall-clock times, except per-root-class counters, that are sum over
[4.494s][info   ][gc,stats    ] all workers. Dividing the <total> over the root stage time estimates parallelism.
[4.494s][info   ][gc,stats    ] 
[4.494s][info   ][gc,stats    ] Concurrent Reset                   6105 us
[4.494s][info   ][gc,stats    ] Pause Init Mark (G)                7483 us
[4.494s][info   ][gc,stats    ] Pause Init Mark (N)                 262 us
[4.494s][info   ][gc,stats    ]   Update Region States              145 us
[4.494s][info   ][gc,stats    ] Concurrent Mark Roots              2351 us, parallelism: 0.14x
[4.494s][info   ][gc,stats    ]   CMR: <total>                      327 us
[4.494s][info   ][gc,stats    ]   CMR: Thread Roots                 243 us, workers (us): 243, ---, 
[4.494s][info   ][gc,stats    ]   CMR: VM Strong Roots               16 us, workers (us):  16, ---, 
[4.494s][info   ][gc,stats    ]   CMR: CLDG Roots                    69 us, workers (us):  69, ---, 
[4.494s][info   ][gc,stats    ] Concurrent Marking                 4823 us
[4.494s][info   ][gc,stats    ] Pause Final Mark (G)               3433 us
[4.494s][info   ][gc,stats    ] Pause Final Mark (N)                406 us
[4.494s][info   ][gc,stats    ]   Finish Mark                        99 us
[4.494s][info   ][gc,stats    ]   Update Region States               99 us
[4.494s][info   ][gc,stats    ]   Choose Collection Set             130 us
[4.494s][info   ][gc,stats    ]   Rebuild Free Set                    9 us
[4.494s][info   ][gc,stats    ] Concurrent Weak References         3007 us, parallelism: 0.01x
[4.494s][info   ][gc,stats    ]   CWRF: <total>                      17 us
[4.494s][info   ][gc,stats    ]   CWRF: Weak References              17 us, workers (us):  17, ---, 
[4.494s][info   ][gc,stats    ] Concurrent Weak Roots              2973 us
[4.494s][info   ][gc,stats    ]   Roots                            1286 us, parallelism: 0.16x
[4.494s][info   ][gc,stats    ]     CWR: <total>                    202 us
[4.494s][info   ][gc,stats    ]     CWR: Code Cache Roots           126 us, workers (us): 126, ---, 
[4.494s][info   ][gc,stats    ]     CWR: VM Weak Roots               71 us, workers (us):  71, ---, 
[4.494s][info   ][gc,stats    ]     CWR: CLDG Roots                   5 us, workers (us):   5, ---, 
[4.494s][info   ][gc,stats    ]   Rendezvous                       1558 us
[4.494s][info   ][gc,stats    ] Concurrent Cleanup                 1014 us
[4.494s][info   ][gc,stats    ] Concurrent Class Unloading        12481 us
[4.494s][info   ][gc,stats    ]   Unlink Stale                     2377 us
[4.494s][info   ][gc,stats    ]     System Dictionary                16 us
[4.494s][info   ][gc,stats    ]     Weak Class Links                 41 us
[4.494s][info   ][gc,stats    ]     Code Roots                     2309 us
[4.495s][info   ][gc,stats    ]   Rendezvous                       7679 us
[4.495s][info   ][gc,stats    ]   Purge Unlinked                   2241 us
[4.495s][info   ][gc,stats    ]     Code Roots                     2213 us
[4.495s][info   ][gc,stats    ]     CLDG                             21 us
[4.495s][info   ][gc,stats    ]     Exception Caches                  1 us
[4.495s][info   ][gc,stats    ] Pause Final Roots (G)               452 us
[4.495s][info   ][gc,stats    ] Pause Final Roots (N)                40 us
[4.495s][info   ][gc,stats    ] Pacing                           125551 us
[4.495s][info   ][gc,stats    ] 
[4.495s][info   ][gc,stats    ] Allocation pacing accrued:
[4.495s][info   ][gc,stats    ]      18 of   107 ms ( 17.0%): Thread-0
[4.495s][info   ][gc,stats    ]      11 of   107 ms ( 10.1%): Thread-1
[4.495s][info   ][gc,stats    ]      18 of   107 ms ( 17.1%): Thread-2
[4.495s][info   ][gc,stats    ]      13 of   107 ms ( 12.0%): Thread-3
[4.495s][info   ][gc,stats    ]      13 of   107 ms ( 12.2%): Thread-4
[4.495s][info   ][gc,stats    ]      15 of   107 ms ( 14.4%): Thread-5
[4.495s][info   ][gc,stats    ]      18 of   107 ms ( 17.2%): Thread-6
[4.495s][info   ][gc,stats    ]      19 of   107 ms ( 17.5%): Thread-7
[4.495s][info   ][gc,stats    ]     126 of   107 ms (117.6%): <total>
[4.495s][info   ][gc,stats    ]       7 of   107 ms (  6.2%): <average total>
[4.495s][info   ][gc,stats    ]      16 of   107 ms ( 14.7%): <average non-zero>
[4.495s][info   ][gc,stats    ] 
[4.495s][info   ][gc,metaspace] Metaspace: 211K(448K)->211K(448K) NonClass: 202K(320K)->202K(320K) Class: 9K(128K)->9K(128K)
[4.495s][info   ][gc,ergo     ] Pacer for Idle. Initial: 41943K, Alloc Tax Rate: 1.0x
[4.529s][info   ][gc          ] Trigger: Average GC time (58.22 ms) is above the time for average allocation rate (14819 MB/s) to deplete free headroom (849M) (margin of error = 1.86)
[4.529s][info   ][gc,ergo     ] Free headroom: 952M (free) - 102M (spike) - 0B (penalties) = 849M
[4.529s][info   ][gc,ergo     ] Free: 950M, Max: 1024K regular, 378M humongous, Frag: 61% external, 0% internal; Reserve: 103M, Max: 1024K
[4.529s][info   ][gc,start    ] GC(60) Concurrent reset
[4.529s][info   ][gc,task     ] GC(60) Using 1 of 2 workers for concurrent reset
[4.529s][info   ][gc,ergo     ] GC(60) Pacer for Reset. Non-Taxable: 2048M
[4.531s][info   ][gc          ] GC(60) Concurrent reset 1.894ms
[4.532s][info   ][gc,start    ] GC(60) Pause Init Mark (unload classes)
[4.532s][info   ][gc,task     ] GC(60) Using 2 of 2 workers for init marking
[4.532s][info   ][gc,ergo     ] GC(60) Pacer for Mark. Expected Live: 109M, Free: 928M, Non-Taxable: 95027K, Alloc Tax Rate: 0.1x
[4.532s][info   ][gc          ] GC(60) Pause Init Mark (unload classes) 0.131ms
[4.533s][info   ][gc,start    ] GC(60) Concurrent marking roots
[4.533s][info   ][gc,task     ] GC(60) Using 1 of 2 workers for concurrent marking roots
[4.533s][info   ][gc          ] GC(60) Concurrent marking roots 0.328ms
[4.533s][info   ][gc,start    ] GC(60) Concurrent marking (unload classes)
[4.533s][info   ][gc,task     ] GC(60) Using 1 of 2 workers for concurrent marking
[4.548s][info   ][gc          ] GC(60) Concurrent marking (unload classes) 15.307ms
[4.549s][info   ][gc,start    ] GC(60) Pause Final Mark (unload classes)
[4.549s][info   ][gc,task     ] GC(60) Using 2 of 2 workers for final marking
[4.550s][info   ][gc,ergo     ] GC(60) Collectable Garbage: 425M (98%), Immediate: 425M (98%), CSet: 0B (0%)
[4.550s][info   ][gc          ] GC(60) Pause Final Mark (unload classes) 0.586ms
[4.553s][info   ][gc,start    ] GC(60) Concurrent weak references
[4.553s][info   ][gc,task     ] GC(60) Using 1 of 2 workers for concurrent weak references
[4.555s][info   ][gc,ref      ] GC(60) Encountered references: Soft: 11, Weak: 37, Final: 0, Phantom: 5
[4.555s][info   ][gc,ref      ] GC(60) Discovered  references: Soft: 0, Weak: 11, Final: 0, Phantom: 5
[4.555s][info   ][gc,ref      ] GC(60) Enqueued    references: Soft: 0, Weak: 0, Final: 0, Phantom: 0
[4.555s][info   ][gc          ] GC(60) Concurrent weak references 2.742ms
[4.555s][info   ][gc,start    ] GC(60) Concurrent weak roots
[4.555s][info   ][gc,task     ] GC(60) Using 1 of 2 workers for concurrent weak root
[4.564s][info   ][gc          ] GC(60) Concurrent weak roots 8.372ms
[4.564s][info   ][gc,start    ] GC(60) Concurrent cleanup
[4.565s][info   ][gc          ] GC(60) Concurrent cleanup 737M->318M(2048M) 0.664ms
[4.565s][info   ][gc,ergo     ] GC(60) Free: 1316M, Max: 1024K regular, 452M humongous, Frag: 66% external, 0% internal; Reserve: 103M, Max: 1024K
[4.565s][info   ][gc,start    ] GC(60) Concurrent class unloading
[4.565s][info   ][gc,task     ] GC(60) Using 1 of 2 workers for concurrent class unloading
[4.573s][info   ][gc          ] GC(60) Concurrent class unloading 7.948ms
[4.573s][info   ][gc,start    ] GC(60) Pause Final Roots
[4.573s][info   ][gc          ] GC(60) Pause Final Roots 0.034ms
[4.579s][info   ][gc,ergo     ] Free: 1126M, Max: 1024K regular, 452M humongous, Frag: 60% external, 0% internal; Reserve: 103M, Max: 1024K
[4.579s][info   ][gc,stats    ] 
[4.579s][info   ][gc,stats    ] All times are wall-clock times, except per-root-class counters, that are sum over
[4.579s][info   ][gc,stats    ] all workers. Dividing the <total> over the root stage time estimates parallelism.
[4.579s][info   ][gc,stats    ] 
[4.579s][info   ][gc,stats    ] Concurrent Reset                   1961 us
[4.579s][info   ][gc,stats    ] Pause Init Mark (G)                1169 us
[4.579s][info   ][gc,stats    ] Pause Init Mark (N)                 139 us
[4.579s][info   ][gc,stats    ]   Update Region States               80 us
[4.579s][info   ][gc,stats    ] Concurrent Mark Roots               342 us, parallelism: 0.76x
[4.579s][info   ][gc,stats    ]   CMR: <total>                      261 us
[4.579s][info   ][gc,stats    ]   CMR: Thread Roots                 221 us, workers (us): 221, ---, 
[4.579s][info   ][gc,stats    ]   CMR: VM Strong Roots                6 us, workers (us):   6, ---, 
[4.579s][info   ][gc,stats    ]   CMR: CLDG Roots                    34 us, workers (us):  34, ---, 
[4.579s][info   ][gc,stats    ] Concurrent Marking                15517 us
[4.579s][info   ][gc,stats    ] Pause Final Mark (G)               4158 us
[4.579s][info   ][gc,stats    ] Pause Final Mark (N)                595 us
[4.579s][info   ][gc,stats    ]   Finish Mark                       324 us
[4.579s][info   ][gc,stats    ]   Update Region States               55 us
[4.579s][info   ][gc,stats    ]   Choose Collection Set             123 us
[4.579s][info   ][gc,stats    ]   Rebuild Free Set                   10 us
[4.579s][info   ][gc,stats    ] Concurrent Weak References         2757 us, parallelism: 0.00x
[4.579s][info   ][gc,stats    ]   CWRF: <total>                      13 us
[4.579s][info   ][gc,stats    ]   CWRF: Weak References              13 us, workers (us):  13, ---, 
[4.579s][info   ][gc,stats    ] Concurrent Weak Roots              8517 us
[4.579s][info   ][gc,stats    ]   Roots                             284 us, parallelism: 0.57x
[4.579s][info   ][gc,stats    ]     CWR: <total>                    161 us
[4.579s][info   ][gc,stats    ]     CWR: Code Cache Roots            88 us, workers (us):  88, ---, 
[4.579s][info   ][gc,stats    ]     CWR: VM Weak Roots               69 us, workers (us):  69, ---, 
[4.579s][info   ][gc,stats    ]     CWR: CLDG Roots                   5 us, workers (us):   5, ---, 
[4.579s][info   ][gc,stats    ]   Rendezvous                       8042 us
[4.579s][info   ][gc,stats    ] Concurrent Cleanup                  692 us
[4.579s][info   ][gc,stats    ] Concurrent Class Unloading         8086 us
[4.579s][info   ][gc,stats    ]   Unlink Stale                     1957 us
[4.579s][info   ][gc,stats    ]     System Dictionary                15 us
[4.579s][info   ][gc,stats    ]     Weak Class Links                  1 us
[4.579s][info   ][gc,stats    ]     Code Roots                     1935 us
[4.579s][info   ][gc,stats    ]   Rendezvous                       5748 us
[4.579s][info   ][gc,stats    ]   Purge Unlinked                    149 us
[4.579s][info   ][gc,stats    ]     Code Roots                      136 us
[4.579s][info   ][gc,stats    ]     CLDG                              9 us
[4.579s][info   ][gc,stats    ]     Exception Caches                  2 us
[4.579s][info   ][gc,stats    ] Pause Final Roots (G)              6254 us
[4.579s][info   ][gc,stats    ] Pause Final Roots (N)                42 us
[4.579s][info   ][gc,stats    ] Pacing                            91452 us
[4.579s][info   ][gc,stats    ] 
[4.579s][info   ][gc,stats    ] Allocation pacing accrued:
[4.579s][info   ][gc,stats    ]      12 of    85 ms ( 14.5%): Thread-0
[4.579s][info   ][gc,stats    ]      12 of    85 ms ( 14.6%): Thread-1
[4.579s][info   ][gc,stats    ]      10 of    85 ms ( 11.8%): Thread-2
[4.579s][info   ][gc,stats    ]      10 of    85 ms ( 12.3%): Thread-3
[4.579s][info   ][gc,stats    ]      10 of    85 ms ( 12.0%): Thread-4
[4.579s][info   ][gc,stats    ]      10 of    85 ms ( 11.8%): Thread-5
[4.580s][info   ][gc,stats    ]      13 of    85 ms ( 15.5%): Thread-6
[4.580s][info   ][gc,stats    ]      13 of    85 ms ( 15.3%): Thread-7
[4.580s][info   ][gc,stats    ]      91 of    85 ms (107.8%): <total>
[4.580s][info   ][gc,stats    ]       5 of    85 ms (  5.7%): <average total>
[4.580s][info   ][gc,stats    ]      11 of    85 ms ( 13.5%): <average non-zero>
[4.580s][info   ][gc,stats    ] 
[4.580s][info   ][gc,metaspace] Metaspace: 211K(448K)->211K(448K) NonClass: 202K(320K)->202K(320K) Class: 9K(128K)->9K(128K)
[4.580s][info   ][gc,ergo     ] Pacer for Idle. Initial: 41943K, Alloc Tax Rate: 1.0x
[4.587s][info   ][gc          ] Trigger: Average GC time (64.28 ms) is above the time for average allocation rate (14849 MB/s) to deplete free headroom (899M) (margin of error = 1.87)
[4.588s][info   ][gc,ergo     ] Free headroom: 1002M (free) - 102M (spike) - 0B (penalties) = 899M
[4.588s][info   ][gc,ergo     ] Free: 998M, Max: 1024K regular, 452M humongous, Frag: 55% external, 0% internal; Reserve: 103M, Max: 1024K
[4.588s][info   ][gc,start    ] GC(61) Concurrent reset
[4.588s][info   ][gc,task     ] GC(61) Using 1 of 2 workers for concurrent reset
[4.588s][info   ][gc,ergo     ] GC(61) Pacer for Reset. Non-Taxable: 2048M
[4.591s][info   ][gc          ] GC(61) Concurrent reset 3.502ms
[4.592s][info   ][gc,start    ] GC(61) Pause Init Mark (unload classes)
[4.592s][info   ][gc,task     ] GC(61) Using 2 of 2 workers for init marking
[4.592s][info   ][gc,ergo     ] GC(61) Pacer for Mark. Expected Live: 104M, Free: 952M, Non-Taxable: 97484K, Alloc Tax Rate: 0.1x
[4.592s][info   ][gc          ] GC(61) Pause Init Mark (unload classes) 0.113ms
[4.596s][info   ][gc,start    ] GC(61) Concurrent marking roots
[4.597s][info   ][gc,task     ] GC(61) Using 1 of 2 workers for concurrent marking roots
[4.597s][info   ][gc          ] GC(61) Concurrent marking roots 0.580ms
[4.597s][info   ][gc,start    ] GC(61) Concurrent marking (unload classes)
[4.597s][info   ][gc,task     ] GC(61) Using 1 of 2 workers for concurrent marking
[4.610s][info   ][gc          ] GC(61) Concurrent marking (unload classes) 13.144ms
[4.611s][info   ][gc,start    ] GC(61) Pause Final Mark (unload classes)
[4.611s][info   ][gc,task     ] GC(61) Using 2 of 2 workers for final marking
[4.611s][info   ][gc,ergo     ] GC(61) Collectable Garbage: 402M (98%), Immediate: 402M (98%), CSet: 0B (0%)
[4.611s][info   ][gc          ] GC(61) Pause Final Mark (unload classes) 0.462ms
[4.615s][info   ][gc,start    ] GC(61) Concurrent weak references
[4.615s][info   ][gc,task     ] GC(61) Using 1 of 2 workers for concurrent weak references
[4.617s][info   ][gc,ref      ] GC(61) Encountered references: Soft: 11, Weak: 37, Final: 0, Phantom: 5
[4.617s][info   ][gc,ref      ] GC(61) Discovered  references: Soft: 0, Weak: 11, Final: 0, Phantom: 5
[4.617s][info   ][gc,ref      ] GC(61) Enqueued    references: Soft: 0, Weak: 0, Final: 0, Phantom: 0
[4.617s][info   ][gc          ] GC(61) Concurrent weak references 2.632ms
[4.617s][info   ][gc,start    ] GC(61) Concurrent weak roots
[4.617s][info   ][gc,task     ] GC(61) Using 1 of 2 workers for concurrent weak root
[4.629s][info   ][gc          ] GC(61) Concurrent weak roots 11.967ms
[4.629s][info   ][gc,start    ] GC(61) Concurrent cleanup
[4.633s][info   ][gc          ] GC(61) Concurrent cleanup 762M->377M(2048M) 3.186ms
[4.633s][info   ][gc,ergo     ] GC(61) Free: 1198M, Max: 1024K regular, 406M humongous, Frag: 67% external, 0% internal; Reserve: 103M, Max: 1024K
[4.633s][info   ][gc,start    ] GC(61) Concurrent class unloading
[4.633s][info   ][gc,task     ] GC(61) Using 1 of 2 workers for concurrent class unloading
[4.646s][info   ][gc          ] GC(61) Concurrent class unloading 13.526ms
[4.648s][info   ][gc,start    ] GC(61) Pause Final Roots
[4.648s][info   ][gc          ] GC(61) Pause Final Roots 0.061ms
[4.649s][info   ][gc,ergo     ] Free: 978M, Max: 1024K regular, 406M humongous, Frag: 59% external, 0% internal; Reserve: 103M, Max: 1024K
[4.649s][info   ][gc,stats    ] 
[4.649s][info   ][gc,stats    ] All times are wall-clock times, except per-root-class counters, that are sum over
[4.649s][info   ][gc,stats    ] all workers. Dividing the <total> over the root stage time estimates parallelism.
[4.649s][info   ][gc,stats    ] 
[4.649s][info   ][gc,stats    ] Concurrent Reset                   3592 us
[4.649s][info   ][gc,stats    ] Pause Init Mark (G)                5135 us
[4.649s][info   ][gc,stats    ] Pause Init Mark (N)                 122 us
[4.649s][info   ][gc,stats    ]   Update Region States               49 us
[4.649s][info   ][gc,stats    ] Concurrent Mark Roots               601 us, parallelism: 0.44x
[4.649s][info   ][gc,stats    ]   CMR: <total>                      267 us
[4.649s][info   ][gc,stats    ]   CMR: Thread Roots                 203 us, workers (us): 203, ---, 
[4.649s][info   ][gc,stats    ]   CMR: VM Strong Roots               10 us, workers (us):  10, ---, 
[4.649s][info   ][gc,stats    ]   CMR: CLDG Roots                    54 us, workers (us):  54, ---, 
[4.649s][info   ][gc,stats    ] Concurrent Marking                13356 us
[4.649s][info   ][gc,stats    ] Pause Final Mark (G)               4261 us
[4.649s][info   ][gc,stats    ] Pause Final Mark (N)                473 us
[4.649s][info   ][gc,stats    ]   Finish Mark                       109 us
[4.649s][info   ][gc,stats    ]   Update Region States               82 us
[4.649s][info   ][gc,stats    ]   Choose Collection Set             205 us
[4.649s][info   ][gc,stats    ]   Rebuild Free Set                   13 us
[4.649s][info   ][gc,stats    ] Concurrent Weak References         2645 us, parallelism: 0.00x
[4.649s][info   ][gc,stats    ]   CWRF: <total>                      13 us
[4.649s][info   ][gc,stats    ]   CWRF: Weak References              13 us, workers (us):  13, ---, 
[4.649s][info   ][gc,stats    ] Concurrent Weak Roots             12069 us
[4.649s][info   ][gc,stats    ]   Roots                            4900 us, parallelism: 0.03x
[4.649s][info   ][gc,stats    ]     CWR: <total>                    147 us
[4.649s][info   ][gc,stats    ]     CWR: Code Cache Roots            78 us, workers (us):  78, ---, 
[4.649s][info   ][gc,stats    ]     CWR: VM Weak Roots               62 us, workers (us):  62, ---, 
[4.649s][info   ][gc,stats    ]     CWR: CLDG Roots                   7 us, workers (us):   7, ---, 
[4.649s][info   ][gc,stats    ]   Rendezvous                       7037 us
[4.649s][info   ][gc,stats    ] Concurrent Cleanup                 3293 us
[4.649s][info   ][gc,stats    ] Concurrent Class Unloading        13699 us
[4.649s][info   ][gc,stats    ]   Unlink Stale                      409 us
[4.649s][info   ][gc,stats    ]     System Dictionary                15 us
[4.649s][info   ][gc,stats    ]     Weak Class Links                  1 us
[4.649s][info   ][gc,stats    ]     Code Roots                      389 us
[4.649s][info   ][gc,stats    ]   Rendezvous                      10427 us
[4.649s][info   ][gc,stats    ]   Purge Unlinked                   2601 us
[4.649s][info   ][gc,stats    ]     Code Roots                     2579 us
[4.649s][info   ][gc,stats    ]     CLDG                             17 us
[4.649s][info   ][gc,stats    ]     Exception Caches                  2 us
[4.649s][info   ][gc,stats    ] Pause Final Roots (G)              2225 us
[4.649s][info   ][gc,stats    ] Pause Final Roots (N)                71 us
[4.649s][info   ][gc,stats    ] Pacing                            35316 us
[4.649s][info   ][gc,stats    ] 
[4.649s][info   ][gc,stats    ] Allocation pacing accrued:
[4.649s][info   ][gc,stats    ]       6 of    70 ms (  9.2%): Thread-1
[4.649s][info   ][gc,stats    ]       8 of    70 ms ( 11.0%): Thread-2
[4.649s][info   ][gc,stats    ]       6 of    70 ms (  9.1%): Thread-3
[4.649s][info   ][gc,stats    ]       8 of    70 ms ( 12.1%): Thread-4
[4.649s][info   ][gc,stats    ]       6 of    70 ms (  9.3%): Thread-5
[4.649s][info   ][gc,stats    ]      35 of    70 ms ( 50.7%): <total>
[4.649s][info   ][gc,stats    ]       2 of    70 ms (  2.7%): <average total>
[4.649s][info   ][gc,stats    ]       7 of    70 ms ( 10.1%): <average non-zero>
[4.649s][info   ][gc,stats    ] 
[4.649s][info   ][gc,metaspace] Metaspace: 211K(448K)->211K(448K) NonClass: 202K(320K)->202K(320K) Class: 9K(128K)->9K(128K)
[4.649s][info   ][gc,ergo     ] Pacer for Idle. Initial: 41943K, Alloc Tax Rate: 1.0x
[4.651s][info   ][gc          ] Trigger: Average GC time (75.56 ms) is above the time for average allocation rate (14880 MB/s) to deplete free headroom (857M) (margin of error = 1.89)
[4.651s][info   ][gc,ergo     ] Free headroom: 960M (free) - 102M (spike) - 0B (penalties) = 857M
[4.651s][info   ][gc,ergo     ] Free: 960M, Max: 1024K regular, 406M humongous, Frag: 58% external, 0% internal; Reserve: 103M, Max: 1024K
[4.651s][info   ][gc,start    ] GC(62) Concurrent reset
[4.651s][info   ][gc,task     ] GC(62) Using 1 of 2 workers for concurrent reset
[4.651s][info   ][gc,ergo     ] GC(62) Pacer for Reset. Non-Taxable: 2048M
[4.652s][info   ][gc          ] GC(62) Concurrent reset 1.438ms
[4.653s][info   ][gc,start    ] GC(62) Pause Init Mark (unload classes)
[4.653s][info   ][gc,task     ] GC(62) Using 2 of 2 workers for init marking
[4.653s][info   ][gc,ergo     ] GC(62) Pacer for Mark. Expected Live: 102M, Free: 950M, Non-Taxable: 97280K, Alloc Tax Rate: 0.1x
[4.653s][info   ][gc          ] GC(62) Pause Init Mark (unload classes) 0.076ms
[4.653s][info   ][gc,start    ] GC(62) Concurrent marking roots
[4.653s][info   ][gc,task     ] GC(62) Using 1 of 2 workers for concurrent marking roots
[4.653s][info   ][gc          ] GC(62) Concurrent marking roots 0.331ms
[4.653s][info   ][gc,start    ] GC(62) Concurrent marking (unload classes)
[4.653s][info   ][gc,task     ] GC(62) Using 1 of 2 workers for concurrent marking
[4.655s][info   ][gc          ] GC(62) Concurrent marking (unload classes) 1.894ms
[4.655s][info   ][gc,start    ] GC(62) Pause Final Mark (unload classes)
[4.655s][info   ][gc,task     ] GC(62) Using 2 of 2 workers for final marking
[4.655s][info   ][gc,ergo     ] GC(62) Collectable Garbage: 403M (98%), Immediate: 403M (98%), CSet: 0B (0%)
[4.655s][info   ][gc          ] GC(62) Pause Final Mark (unload classes) 0.248ms
[4.655s][info   ][gc,start    ] GC(62) Concurrent weak references
[4.655s][info   ][gc,task     ] GC(62) Using 1 of 2 workers for concurrent weak references
[4.656s][info   ][gc,ref      ] GC(62) Encountered references: Soft: 11, Weak: 37, Final: 0, Phantom: 5
[4.656s][info   ][gc,ref      ] GC(62) Discovered  references: Soft: 0, Weak: 11, Final: 0, Phantom: 5
[4.656s][info   ][gc,ref      ] GC(62) Enqueued    references: Soft: 0, Weak: 0, Final: 0, Phantom: 0
[4.656s][info   ][gc          ] GC(62) Concurrent weak references 0.099ms
[4.656s][info   ][gc,start    ] GC(62) Concurrent weak roots
[4.656s][info   ][gc,task     ] GC(62) Using 1 of 2 workers for concurrent weak root
[4.656s][info   ][gc          ] GC(62) Concurrent weak roots 0.195ms
[4.656s][info   ][gc,start    ] GC(62) Concurrent cleanup
[4.656s][info   ][gc          ] GC(62) Concurrent cleanup 508M->105M(2048M) 0.422ms
[4.656s][info   ][gc,ergo     ] GC(62) Free: 1742M, Max: 1024K regular, 412M humongous, Frag: 77% external, 0% internal; Reserve: 103M, Max: 1024K
[4.656s][info   ][gc,start    ] GC(62) Concurrent class unloading
[4.656s][info   ][gc,task     ] GC(62) Using 1 of 2 workers for concurrent class unloading
[4.657s][info   ][gc          ] GC(62) Concurrent class unloading 0.336ms
[4.657s][info   ][gc,start    ] GC(62) Pause Final Roots
[4.657s][info   ][gc          ] GC(62) Pause Final Roots 0.014ms
[4.657s][info   ][gc,ergo     ] Free: 1742M, Max: 1024K regular, 412M humongous, Frag: 77% external, 0% internal; Reserve: 103M, Max: 1024K
[4.657s][info   ][gc,stats    ] 
[4.657s][info   ][gc,stats    ] All times are wall-clock times, except per-root-class counters, that are sum over
[4.657s][info   ][gc,stats    ] all workers. Dividing the <total> over the root stage time estimates parallelism.
[4.657s][info   ][gc,stats    ] 
[4.657s][info   ][gc,stats    ] Concurrent Reset                   1463 us
[4.657s][info   ][gc,stats    ] Pause Init Mark (G)                 630 us
[4.657s][info   ][gc,stats    ] Pause Init Mark (N)                  83 us
[4.657s][info   ][gc,stats    ]   Update Region States               41 us
[4.657s][info   ][gc,stats    ] Concurrent Mark Roots               346 us, parallelism: 0.65x
[4.657s][info   ][gc,stats    ]   CMR: <total>                      224 us
[4.657s][info   ][gc,stats    ]   CMR: Thread Roots                 196 us, workers (us): 196, ---, 
[4.657s][info   ][gc,stats    ]   CMR: VM Strong Roots                5 us, workers (us):   5, ---, 
[4.657s][info   ][gc,stats    ]   CMR: CLDG Roots                    23 us, workers (us):  23, ---, 
[4.657s][info   ][gc,stats    ] Concurrent Marking                 1917 us
[4.657s][info   ][gc,stats    ] Pause Final Mark (G)                329 us
[4.657s][info   ][gc,stats    ] Pause Final Mark (N)                256 us
[4.657s][info   ][gc,stats    ]   Finish Mark                        53 us
[4.657s][info   ][gc,stats    ]   Update Region States               59 us
[4.657s][info   ][gc,stats    ]   Choose Collection Set              95 us
[4.657s][info   ][gc,stats    ]   Rebuild Free Set                   10 us
[4.657s][info   ][gc,stats    ] Concurrent Weak References          105 us, parallelism: 0.02x
[4.657s][info   ][gc,stats    ]   CWRF: <total>                       3 us
[4.657s][info   ][gc,stats    ]   CWRF: Weak References               3 us, workers (us):   3, ---, 
[4.657s][info   ][gc,stats    ] Concurrent Weak Roots               205 us
[4.657s][info   ][gc,stats    ]   Roots                             118 us, parallelism: 0.46x
[4.657s][info   ][gc,stats    ]     CWR: <total>                     54 us
[4.657s][info   ][gc,stats    ]     CWR: Code Cache Roots            30 us, workers (us):  30, ---, 
[4.657s][info   ][gc,stats    ]     CWR: VM Weak Roots               23 us, workers (us):  23, ---, 
[4.657s][info   ][gc,stats    ]     CWR: CLDG Roots                   2 us, workers (us):   2, ---, 
[4.657s][info   ][gc,stats    ]   Rendezvous                         62 us
[4.657s][info   ][gc,stats    ] Concurrent Cleanup                  432 us
[4.657s][info   ][gc,stats    ] Concurrent Class Unloading          350 us
[4.657s][info   ][gc,stats    ]   Unlink Stale                      161 us
[4.657s][info   ][gc,stats    ]     System Dictionary                 4 us
[4.657s][info   ][gc,stats    ]     Weak Class Links                  1 us
[4.657s][info   ][gc,stats    ]     Code Roots                      154 us
[4.657s][info   ][gc,stats    ]   Rendezvous                         67 us
[4.657s][info   ][gc,stats    ]   Purge Unlinked                     93 us
[4.657s][info   ][gc,stats    ]     Code Roots                       59 us
[4.657s][info   ][gc,stats    ]     CLDG                             31 us
[4.657s][info   ][gc,stats    ]     Exception Caches                  1 us
[4.657s][info   ][gc,stats    ] Pause Final Roots (G)               103 us
[4.657s][info   ][gc,stats    ] Pause Final Roots (N)                20 us
[4.657s][info   ][gc,stats    ] 
[4.657s][info   ][gc,stats    ] Allocation pacing accrued:
[4.657s][info   ][gc,stats    ]       0 of     8 ms (  0.0%): <total>
[4.657s][info   ][gc,stats    ]       0 of     8 ms (  0.0%): <average total>
[4.657s][info   ][gc,stats    ] 
[4.657s][info   ][gc,metaspace] Metaspace: 211K(448K)->211K(448K) NonClass: 202K(320K)->202K(320K) Class: 9K(128K)->9K(128K)
[4.657s][info   ][gc,ergo     ] Pacer for Idle. Initial: 41943K, Alloc Tax Rate: 1.0x
[4.693s][info   ][gc          ] Trigger: Average GC time (74.68 ms) is above the time for average allocation rate (14858 MB/s) to deplete free headroom (1089M) (margin of error = 1.88)
[4.693s][info   ][gc,ergo     ] Free headroom: 1192M (free) - 102M (spike) - 0B (penalties) = 1089M
[4.693s][info   ][gc,ergo     ] Free: 1188M, Max: 1024K regular, 412M humongous, Frag: 66% external, 0% internal; Reserve: 103M, Max: 1024K
[4.693s][info   ][gc,start    ] GC(63) Concurrent reset
[4.693s][info   ][gc,task     ] GC(63) Using 1 of 2 workers for concurrent reset
[4.693s][info   ][gc,ergo     ] GC(63) Pacer for Reset. Non-Taxable: 2048M
[4.707s][info   ][gc          ] GC(63) Concurrent reset 14.217ms
[4.711s][info   ][gc,start    ] GC(63) Pause Init Mark (unload classes)
[4.711s][info   ][gc,task     ] GC(63) Using 2 of 2 workers for init marking
[4.712s][info   ][gc,ergo     ] GC(63) Pacer for Mark. Expected Live: 98855K, Free: 962M, Non-Taxable: 98508K, Alloc Tax Rate: 0.1x
[4.712s][info   ][gc          ] GC(63) Pause Init Mark (unload classes) 0.294ms
[4.712s][info   ][gc,start    ] GC(63) Concurrent marking roots
[4.712s][info   ][gc,task     ] GC(63) Using 1 of 2 workers for concurrent marking roots
[4.712s][info   ][gc          ] GC(63) Concurrent marking roots 0.312ms
[4.712s][info   ][gc,start    ] GC(63) Concurrent marking (unload classes)
[4.712s][info   ][gc,task     ] GC(63) Using 1 of 2 workers for concurrent marking
[4.732s][info   ][gc          ] GC(63) Concurrent marking (unload classes) 19.863ms
[4.733s][info   ][gc,start    ] GC(63) Pause Final Mark (unload classes)
[4.733s][info   ][gc,task     ] GC(63) Using 2 of 2 workers for final marking
[4.733s][info   ][gc,ergo     ] GC(63) Collectable Garbage: 340M (98%), Immediate: 340M (98%), CSet: 0B (0%)
[4.733s][info   ][gc          ] GC(63) Pause Final Mark (unload classes) 0.461ms
[4.733s][info   ][gc,start    ] GC(63) Concurrent weak references
[4.733s][info   ][gc,task     ] GC(63) Using 1 of 2 workers for concurrent weak references
[4.741s][info   ][gc,ref      ] GC(63) Encountered references: Soft: 11, Weak: 37, Final: 0, Phantom: 5
[4.741s][info   ][gc,ref      ] GC(63) Discovered  references: Soft: 0, Weak: 11, Final: 0, Phantom: 5
[4.741s][info   ][gc,ref      ] GC(63) Enqueued    references: Soft: 0, Weak: 0, Final: 0, Phantom: 0
[4.742s][info   ][gc          ] GC(63) Concurrent weak references 8.232ms
[4.742s][info   ][gc,start    ] GC(63) Concurrent weak roots
[4.742s][info   ][gc,task     ] GC(63) Using 1 of 2 workers for concurrent weak root
[4.752s][info   ][gc          ] GC(63) Concurrent weak roots 10.222ms
[4.752s][info   ][gc,start    ] GC(63) Concurrent cleanup
[4.752s][info   ][gc          ] GC(63) Concurrent cleanup 766M->430M(2048M) 0.488ms
[4.752s][info   ][gc,ergo     ] GC(63) Free: 1092M, Max: 1024K regular, 426M humongous, Frag: 61% external, 0% internal; Reserve: 103M, Max: 1024K
[4.752s][info   ][gc,start    ] GC(63) Concurrent class unloading
[4.752s][info   ][gc,task     ] GC(63) Using 1 of 2 workers for concurrent class unloading
[4.763s][info   ][gc          ] GC(63) Concurrent class unloading 10.730ms
[4.764s][info   ][gc,start    ] GC(63) Pause Final Roots
[4.764s][info   ][gc          ] GC(63) Pause Final Roots 0.026ms
[4.771s][info   ][gc,ergo     ] Free: 848M, Max: 1024K regular, 426M humongous, Frag: 50% external, 0% internal; Reserve: 103M, Max: 1024K
[4.771s][info   ][gc,stats    ] 
[4.771s][info   ][gc,stats    ] All times are wall-clock times, except per-root-class counters, that are sum over
[4.771s][info   ][gc,stats    ] all workers. Dividing the <total> over the root stage time estimates parallelism.
[4.771s][info   ][gc,stats    ] 
[4.771s][info   ][gc,stats    ] Concurrent Reset                  14362 us
[4.771s][info   ][gc,stats    ] Pause Init Mark (G)                4133 us
[4.771s][info   ][gc,stats    ] Pause Init Mark (N)                 306 us
[4.771s][info   ][gc,stats    ]   Update Region States              173 us
[4.771s][info   ][gc,stats    ] Concurrent Mark Roots               327 us, parallelism: 0.59x
[4.771s][info   ][gc,stats    ]   CMR: <total>                      194 us
[4.771s][info   ][gc,stats    ]   CMR: Thread Roots                 130 us, workers (us): 130, ---, 
[4.771s][info   ][gc,stats    ]   CMR: VM Strong Roots                8 us, workers (us):   8, ---, 
[4.771s][info   ][gc,stats    ]   CMR: CLDG Roots                    56 us, workers (us):  56, ---, 
[4.771s][info   ][gc,stats    ] Concurrent Marking                20064 us
[4.771s][info   ][gc,stats    ] Pause Final Mark (G)               1130 us
[4.771s][info   ][gc,stats    ] Pause Final Mark (N)                471 us
[4.772s][info   ][gc,stats    ]   Finish Mark                       131 us
[4.772s][info   ][gc,stats    ]   Update Region States              172 us
[4.772s][info   ][gc,stats    ]   Choose Collection Set              99 us
[4.772s][info   ][gc,stats    ]   Rebuild Free Set                    9 us
[4.772s][info   ][gc,stats    ] Concurrent Weak References         8282 us, parallelism: 0.00x
[4.772s][info   ][gc,stats    ]   CWRF: <total>                      16 us
[4.772s][info   ][gc,stats    ]   CWRF: Weak References              16 us, workers (us):  16, ---, 
[4.772s][info   ][gc,stats    ] Concurrent Weak Roots             10388 us
[4.772s][info   ][gc,stats    ]   Roots                            3277 us, parallelism: 0.08x
[4.772s][info   ][gc,stats    ]     CWR: <total>                    261 us
[4.772s][info   ][gc,stats    ]     CWR: Code Cache Roots           156 us, workers (us): 156, ---, 
[4.772s][info   ][gc,stats    ]     CWR: VM Weak Roots               97 us, workers (us):  97, ---, 
[4.772s][info   ][gc,stats    ]     CWR: CLDG Roots                   8 us, workers (us):   8, ---, 
[4.772s][info   ][gc,stats    ]   Rendezvous                       6857 us
[4.772s][info   ][gc,stats    ] Concurrent Cleanup                  504 us
[4.772s][info   ][gc,stats    ] Concurrent Class Unloading        10869 us
[4.772s][info   ][gc,stats    ]   Unlink Stale                     5134 us
[4.772s][info   ][gc,stats    ]     System Dictionary                15 us
[4.772s][info   ][gc,stats    ]     Weak Class Links                  1 us
[4.772s][info   ][gc,stats    ]     Code Roots                     5112 us
[4.772s][info   ][gc,stats    ]   Rendezvous                       5373 us
[4.772s][info   ][gc,stats    ]   Purge Unlinked                    191 us
[4.772s][info   ][gc,stats    ]     Code Roots                      176 us
[4.772s][info   ][gc,stats    ]     CLDG                             10 us
[4.772s][info   ][gc,stats    ]     Exception Caches                  1 us
[4.772s][info   ][gc,stats    ] Pause Final Roots (G)              7419 us
[4.772s][info   ][gc,stats    ] Pause Final Roots (N)                34 us
[4.772s][info   ][gc,stats    ] Pacing                            63499 us
[4.772s][info   ][gc,stats    ] 
[4.772s][info   ][gc,stats    ] Allocation pacing accrued:
[4.772s][info   ][gc,stats    ]       9 of   115 ms (  7.5%): Thread-0
[4.772s][info   ][gc,stats    ]       9 of   115 ms (  7.5%): Thread-1
[4.772s][info   ][gc,stats    ]      12 of   115 ms ( 10.6%): Thread-2
[4.772s][info   ][gc,stats    ]       9 of   115 ms (  7.8%): Thread-3
[4.772s][info   ][gc,stats    ]      13 of   115 ms ( 10.9%): Thread-4
[4.772s][info   ][gc,stats    ]      13 of   115 ms ( 11.0%): Thread-6
[4.772s][info   ][gc,stats    ]      63 of   115 ms ( 55.4%): <total>
[4.772s][info   ][gc,stats    ]       3 of   115 ms (  2.9%): <average total>
[4.772s][info   ][gc,stats    ]      11 of   115 ms (  9.2%): <average non-zero>
[4.772s][info   ][gc,stats    ] 
[4.772s][info   ][gc,metaspace] Metaspace: 211K(448K)->211K(448K) NonClass: 202K(320K)->202K(320K) Class: 9K(128K)->9K(128K)
[4.772s][info   ][gc,ergo     ] Pacer for Idle. Initial: 41943K, Alloc Tax Rate: 1.0x
[4.775s][info   ][gc          ] Trigger: Average GC time (109.95 ms) is above the time for average allocation rate (14886 MB/s) to deplete free headroom (697M) (margin of error = 1.90)
[4.775s][info   ][gc,ergo     ] Free headroom: 800M (free) - 102M (spike) - 0B (penalties) = 697M
[4.775s][info   ][gc,ergo     ] Free: 796M, Max: 1024K regular, 426M humongous, Frag: 47% external, 0% internal; Reserve: 103M, Max: 1024K
[4.776s][info   ][gc,start    ] GC(64) Concurrent reset
[4.776s][info   ][gc,task     ] GC(64) Using 1 of 2 workers for concurrent reset
[4.776s][info   ][gc,ergo     ] GC(64) Pacer for Reset. Non-Taxable: 2048M
[4.780s][info   ][gc          ] GC(64) Concurrent reset 4.682ms
[4.781s][info   ][gc,start    ] GC(64) Pause Init Mark (unload classes)
[4.781s][info   ][gc,task     ] GC(64) Using 2 of 2 workers for init marking
[4.781s][info   ][gc,ergo     ] GC(64) Pacer for Mark. Expected Live: 100M, Free: 758M, Non-Taxable: 77619K, Alloc Tax Rate: 0.2x
[4.781s][info   ][gc          ] GC(64) Pause Init Mark (unload classes) 0.134ms
[4.781s][info   ][gc,start    ] GC(64) Concurrent marking roots
[4.781s][info   ][gc,task     ] GC(64) Using 1 of 2 workers for concurrent marking roots
[4.782s][info   ][gc          ] GC(64) Concurrent marking roots 0.326ms
[4.782s][info   ][gc,start    ] GC(64) Concurrent marking (unload classes)
[4.782s][info   ][gc,task     ] GC(64) Using 1 of 2 workers for concurrent marking
[4.784s][info   ][gc          ] GC(64) Concurrent marking (unload classes) 2.728ms
[4.785s][info   ][gc,start    ] GC(64) Pause Final Mark (unload classes)
[4.785s][info   ][gc,task     ] GC(64) Using 2 of 2 workers for final marking
[4.785s][info   ][gc,ergo     ] GC(64) Collectable Garbage: 452M (98%), Immediate: 452M (98%), CSet: 0B (0%)
[4.785s][info   ][gc          ] GC(64) Pause Final Mark (unload classes) 0.315ms
[4.792s][info   ][gc,start    ] GC(64) Concurrent weak references
[4.792s][info   ][gc,task     ] GC(64) Using 1 of 2 workers for concurrent weak references
[4.794s][info   ][gc,ref      ] GC(64) Encountered references: Soft: 11, Weak: 37, Final: 0, Phantom: 5
[4.795s][info   ][gc,ref      ] GC(64) Discovered  references: Soft: 0, Weak: 11, Final: 0, Phantom: 5
[4.795s][info   ][gc,ref      ] GC(64) Enqueued    references: Soft: 0, Weak: 0, Final: 0, Phantom: 0
[4.795s][info   ][gc          ] GC(64) Concurrent weak references 2.889ms
[4.795s][info   ][gc,start    ] GC(64) Concurrent weak roots
[4.795s][info   ][gc,task     ] GC(64) Using 1 of 2 workers for concurrent weak root
[4.802s][info   ][gc          ] GC(64) Concurrent weak roots 7.382ms
[4.802s][info   ][gc,start    ] GC(64) Concurrent cleanup
[4.803s][info   ][gc          ] GC(64) Concurrent cleanup 737M->292M(2048M) 1.252ms
[4.804s][info   ][gc,ergo     ] GC(64) Free: 1368M, Max: 1024K regular, 432M humongous, Frag: 69% external, 0% internal; Reserve: 103M, Max: 1024K
[4.804s][info   ][gc,start    ] GC(64) Concurrent class unloading
[4.804s][info   ][gc,task     ] GC(64) Using 1 of 2 workers for concurrent class unloading
[4.808s][info   ][gc          ] GC(64) Concurrent class unloading 4.089ms
[4.808s][info   ][gc,start    ] GC(64) Pause Final Roots
[4.808s][info   ][gc          ] GC(64) Pause Final Roots 0.034ms
[4.809s][info   ][gc,ergo     ] Free: 1324M, Max: 1024K regular, 432M humongous, Frag: 68% external, 0% internal; Reserve: 103M, Max: 1024K
[4.809s][info   ][gc,stats    ] 
[4.809s][info   ][gc,stats    ] All times are wall-clock times, except per-root-class counters, that are sum over
[4.809s][info   ][gc,stats    ] all workers. Dividing the <total> over the root stage time estimates parallelism.
[4.809s][info   ][gc,stats    ] 
[4.809s][info   ][gc,stats    ] Concurrent Reset                   4763 us
[4.809s][info   ][gc,stats    ] Pause Init Mark (G)                 947 us
[4.809s][info   ][gc,stats    ] Pause Init Mark (N)                 142 us
[4.809s][info   ][gc,stats    ]   Update Region States               85 us
[4.809s][info   ][gc,stats    ] Concurrent Mark Roots               339 us, parallelism: 0.66x
[4.809s][info   ][gc,stats    ]   CMR: <total>                      222 us
[4.809s][info   ][gc,stats    ]   CMR: Thread Roots                 190 us, workers (us): 190, ---, 
[4.809s][info   ][gc,stats    ]   CMR: VM Strong Roots                5 us, workers (us):   5, ---, 
[4.809s][info   ][gc,stats    ]   CMR: CLDG Roots                    27 us, workers (us):  27, ---, 
[4.809s][info   ][gc,stats    ] Concurrent Marking                 2765 us
[4.809s][info   ][gc,stats    ] Pause Final Mark (G)               7222 us
[4.809s][info   ][gc,stats    ] Pause Final Mark (N)                326 us
[4.809s][info   ][gc,stats    ]   Finish Mark                        88 us
[4.809s][info   ][gc,stats    ]   Update Region States               77 us
[4.809s][info   ][gc,stats    ]   Choose Collection Set             101 us
[4.809s][info   ][gc,stats    ]   Rebuild Free Set                   13 us
[4.809s][info   ][gc,stats    ] Concurrent Weak References         2909 us, parallelism: 0.01x
[4.809s][info   ][gc,stats    ]   CWRF: <total>                      19 us
[4.809s][info   ][gc,stats    ]   CWRF: Weak References              19 us, workers (us):  19, ---, 
[4.809s][info   ][gc,stats    ] Concurrent Weak Roots              7603 us
[4.809s][info   ][gc,stats    ]   Roots                            2952 us, parallelism: 0.08x
[4.809s][info   ][gc,stats    ]     CWR: <total>                    251 us
[4.809s][info   ][gc,stats    ]     CWR: Code Cache Roots           155 us, workers (us): 155, ---, 
[4.809s][info   ][gc,stats    ]     CWR: VM Weak Roots               90 us, workers (us):  90, ---, 
[4.809s][info   ][gc,stats    ]     CWR: CLDG Roots                   5 us, workers (us):   5, ---, 
[4.809s][info   ][gc,stats    ]   Rendezvous                       4383 us
[4.809s][info   ][gc,stats    ] Concurrent Cleanup                 1300 us
[4.809s][info   ][gc,stats    ] Concurrent Class Unloading         4208 us
[4.809s][info   ][gc,stats    ]   Unlink Stale                     2155 us
[4.809s][info   ][gc,stats    ]     System Dictionary                11 us
[4.809s][info   ][gc,stats    ]     Weak Class Links                  1 us
[4.809s][info   ][gc,stats    ]     Code Roots                     2113 us
[4.809s][info   ][gc,stats    ]   Rendezvous                       1339 us
[4.809s][info   ][gc,stats    ]   Purge Unlinked                    559 us
[4.809s][info   ][gc,stats    ]     Code Roots                      529 us
[4.809s][info   ][gc,stats    ]     CLDG                             25 us
[4.809s][info   ][gc,stats    ]     Exception Caches                  1 us
[4.809s][info   ][gc,stats    ] Pause Final Roots (G)               696 us
[4.809s][info   ][gc,stats    ] Pause Final Roots (N)                45 us
[4.809s][info   ][gc,stats    ] Pacing                            66892 us
[4.809s][info   ][gc,stats    ] 
[4.809s][info   ][gc,stats    ] Allocation pacing accrued:
[4.809s][info   ][gc,stats    ]      10 of    37 ms ( 27.6%): Thread-0
[4.809s][info   ][gc,stats    ]      10 of    37 ms ( 27.4%): Thread-1
[4.809s][info   ][gc,stats    ]      10 of    37 ms ( 27.2%): Thread-3
[4.809s][info   ][gc,stats    ]      13 of    37 ms ( 34.5%): Thread-4
[4.809s][info   ][gc,stats    ]      10 of    37 ms ( 27.4%): Thread-5
[4.809s][info   ][gc,stats    ]      13 of    37 ms ( 35.6%): Thread-6
[4.809s][info   ][gc,stats    ]      67 of    37 ms (179.6%): <total>
[4.809s][info   ][gc,stats    ]       4 of    37 ms (  9.5%): <average total>
[4.809s][info   ][gc,stats    ]      11 of    37 ms ( 29.9%): <average non-zero>
[4.809s][info   ][gc,stats    ] 
[4.809s][info   ][gc,metaspace] Metaspace: 211K(448K)->213K(448K) NonClass: 202K(320K)->204K(320K) Class: 9K(128K)->9K(128K)
[4.809s][info   ][gc,ergo     ] Pacer for Idle. Initial: 41943K, Alloc Tax Rate: 1.0x
[4.810s][info   ][gc          ] Trigger: Average GC time (87.54 ms) is above the time for average allocation rate (14886 MB/s) to deplete free headroom (1197M) (margin of error = 1.90)
[4.810s][info   ][gc,ergo     ] Free headroom: 1300M (free) - 102M (spike) - 0B (penalties) = 1197M
[4.810s][info   ][gc,ergo     ] Free: 1300M, Max: 1024K regular, 432M humongous, Frag: 67% external, 0% internal; Reserve: 103M, Max: 1024K
[4.810s][info   ][gc,start    ] GC(65) Concurrent reset
[4.810s][info   ][gc,task     ] GC(65) Using 1 of 2 workers for concurrent reset
[4.810s][info   ][gc,ergo     ] GC(65) Pacer for Reset. Non-Taxable: 2048M
[4.821s][info   ][gc          ] GC(65) Concurrent reset 10.044ms
[4.828s][info   ][gc,start    ] GC(65) Pause Init Mark (unload classes)
[4.828s][info   ][gc,task     ] GC(65) Using 2 of 2 workers for init marking
[4.828s][info   ][gc,ergo     ] GC(65) Pacer for Mark. Expected Live: 110M, Free: 1096M, Non-Taxable: 109M, Alloc Tax Rate: 0.1x
[4.828s][info   ][gc          ] GC(65) Pause Init Mark (unload classes) 0.214ms
[4.831s][info   ][gc,start    ] GC(65) Concurrent marking roots
[4.831s][info   ][gc,task     ] GC(65) Using 1 of 2 workers for concurrent marking roots
[4.832s][info   ][gc          ] GC(65) Concurrent marking roots 0.944ms
[4.832s][info   ][gc,start    ] GC(65) Concurrent marking (unload classes)
[4.832s][info   ][gc,task     ] GC(65) Using 1 of 2 workers for concurrent marking
[4.856s][info   ][gc          ] GC(65) Concurrent marking (unload classes) 24.176ms
[4.857s][info   ][gc,start    ] GC(65) Pause Final Mark (unload classes)
[4.857s][info   ][gc,task     ] GC(65) Using 2 of 2 workers for final marking
[4.858s][info   ][gc,ergo     ] GC(65) Collectable Garbage: 268M (97%), Immediate: 268M (97%), CSet: 0B (0%)
[4.858s][info   ][gc          ] GC(65) Pause Final Mark (unload classes) 0.750ms
[4.858s][info   ][gc,start    ] GC(65) Concurrent weak references
[4.858s][info   ][gc,task     ] GC(65) Using 1 of 2 workers for concurrent weak references
[4.858s][info   ][gc,ref      ] GC(65) Encountered references: Soft: 11, Weak: 37, Final: 0, Phantom: 5
[4.858s][info   ][gc,ref      ] GC(65) Discovered  references: Soft: 0, Weak: 11, Final: 0, Phantom: 5
[4.858s][info   ][gc,ref      ] GC(65) Enqueued    references: Soft: 0, Weak: 0, Final: 0, Phantom: 0
[4.858s][info   ][gc          ] GC(65) Concurrent weak references 0.096ms
[4.858s][info   ][gc,start    ] GC(65) Concurrent weak roots
[4.858s][info   ][gc,task     ] GC(65) Using 1 of 2 workers for concurrent weak root
[4.864s][info   ][gc          ] GC(65) Concurrent weak roots 6.222ms
[4.865s][info   ][gc,start    ] GC(65) Concurrent cleanup
[4.865s][info   ][gc          ] GC(65) Concurrent cleanup 674M->407M(2048M) 0.412ms
[4.865s][info   ][gc,ergo     ] GC(65) Free: 1138M, Max: 1024K regular, 464M humongous, Frag: 60% external, 0% internal; Reserve: 103M, Max: 1024K
[4.865s][info   ][gc,start    ] GC(65) Concurrent class unloading
[4.865s][info   ][gc,task     ] GC(65) Using 1 of 2 workers for concurrent class unloading
[4.871s][info   ][gc          ] GC(65) Concurrent class unloading 6.222ms
[4.873s][info   ][gc,start    ] GC(65) Pause Final Roots
[4.873s][info   ][gc          ] GC(65) Pause Final Roots 0.063ms
[4.879s][info   ][gc,ergo     ] Free: 956M, Max: 1024K regular, 464M humongous, Frag: 52% external, 0% internal; Reserve: 103M, Max: 1024K
[4.879s][info   ][gc,stats    ] 
[4.879s][info   ][gc,stats    ] All times are wall-clock times, except per-root-class counters, that are sum over
[4.879s][info   ][gc,stats    ] all workers. Dividing the <total> over the root stage time estimates parallelism.
[4.879s][info   ][gc,stats    ] 
[4.879s][info   ][gc,stats    ] Concurrent Reset                  10556 us
[4.879s][info   ][gc,stats    ] Pause Init Mark (G)                9618 us
[4.879s][info   ][gc,stats    ] Pause Init Mark (N)                 223 us
[4.879s][info   ][gc,stats    ]   Update Region States              100 us
[4.879s][info   ][gc,stats    ] Concurrent Mark Roots               988 us, parallelism: 0.49x
[4.879s][info   ][gc,stats    ]   CMR: <total>                      484 us
[4.879s][info   ][gc,stats    ]   CMR: Thread Roots                 334 us, workers (us): 334, ---, 
[4.879s][info   ][gc,stats    ]   CMR: VM Strong Roots               16 us, workers (us):  16, ---, 
[4.879s][info   ][gc,stats    ]   CMR: CLDG Roots                   134 us, workers (us): 134, ---, 
[4.879s][info   ][gc,stats    ] Concurrent Marking                24453 us
[4.879s][info   ][gc,stats    ] Pause Final Mark (G)               2008 us
[4.879s][info   ][gc,stats    ] Pause Final Mark (N)                761 us
[4.879s][info   ][gc,stats    ]   Finish Mark                       121 us
[4.879s][info   ][gc,stats    ]   Update Region States              398 us
[4.879s][info   ][gc,stats    ]   Choose Collection Set             143 us
[4.879s][info   ][gc,stats    ]   Rebuild Free Set                   10 us
[4.879s][info   ][gc,stats    ] Concurrent Weak References          106 us, parallelism: 0.11x
[4.879s][info   ][gc,stats    ]   CWRF: <total>                      12 us
[4.879s][info   ][gc,stats    ]   CWRF: Weak References              12 us, workers (us):  12, ---, 
[4.879s][info   ][gc,stats    ] Concurrent Weak Roots              6356 us
[4.879s][info   ][gc,stats    ]   Roots                             191 us, parallelism: 0.74x
[4.879s][info   ][gc,stats    ]     CWR: <total>                    141 us
[4.879s][info   ][gc,stats    ]     CWR: Code Cache Roots            65 us, workers (us):  65, ---, 
[4.879s][info   ][gc,stats    ]     CWR: VM Weak Roots               73 us, workers (us):  73, ---, 
[4.879s][info   ][gc,stats    ]     CWR: CLDG Roots                   4 us, workers (us):   4, ---, 
[4.879s][info   ][gc,stats    ]   Rendezvous                       6002 us
[4.879s][info   ][gc,stats    ] Concurrent Cleanup                  421 us
[4.879s][info   ][gc,stats    ] Concurrent Class Unloading         6379 us
[4.879s][info   ][gc,stats    ]   Unlink Stale                      217 us
[4.879s][info   ][gc,stats    ]     System Dictionary                 5 us
[4.879s][info   ][gc,stats    ]     Weak Class Links                  1 us
[4.879s][info   ][gc,stats    ]     Code Roots                      208 us
[4.879s][info   ][gc,stats    ]   Rendezvous                       3175 us
[4.879s][info   ][gc,stats    ]   Purge Unlinked                   2794 us
[4.879s][info   ][gc,stats    ]     Code Roots                     2775 us
[4.879s][info   ][gc,stats    ]     CLDG                             13 us
[4.879s][info   ][gc,stats    ]     Exception Caches                  1 us
[4.879s][info   ][gc,stats    ] Pause Final Roots (G)              7123 us
[4.879s][info   ][gc,stats    ] Pause Final Roots (N)                74 us
[4.879s][info   ][gc,stats    ] 
[4.879s][info   ][gc,stats    ] Allocation pacing accrued:
[4.879s][info   ][gc,stats    ]       0 of    70 ms (  0.0%): <total>
[4.879s][info   ][gc,stats    ]       0 of    70 ms (  0.0%): <average total>
[4.879s][info   ][gc,stats    ] 
[4.879s][info   ][gc,metaspace] Metaspace: 213K(448K)->213K(448K) NonClass: 204K(320K)->204K(320K) Class: 9K(128K)->9K(128K)
[4.879s][info   ][gc,ergo     ] Pacer for Idle. Initial: 41943K, Alloc Tax Rate: 1.0x
[4.880s][info   ][gc          ] Trigger: Average GC time (95.30 ms) is above the time for average allocation rate (14904 MB/s) to deplete free headroom (825M) (margin of error = 1.91)
[4.880s][info   ][gc,ergo     ] Free headroom: 928M (free) - 102M (spike) - 0B (penalties) = 825M
[4.880s][info   ][gc,ergo     ] Free: 928M, Max: 1024K regular, 464M humongous, Frag: 50% external, 0% internal; Reserve: 103M, Max: 1024K
[4.881s][info   ][gc,start    ] GC(66) Concurrent reset
[4.881s][info   ][gc,task     ] GC(66) Using 1 of 2 workers for concurrent reset
[4.881s][info   ][gc,ergo     ] GC(66) Pacer for Reset. Non-Taxable: 2048M
[4.891s][info   ][gc          ] GC(66) Concurrent reset 10.369ms
[4.892s][info   ][gc,start    ] GC(66) Pause Init Mark (unload classes)
[4.892s][info   ][gc,task     ] GC(66) Using 2 of 2 workers for init marking
[4.892s][info   ][gc,ergo     ] GC(66) Pacer for Mark. Expected Live: 124M, Free: 790M, Non-Taxable: 80896K, Alloc Tax Rate: 0.2x
[4.892s][info   ][gc          ] GC(66) Pause Init Mark (unload classes) 0.121ms
[4.898s][info   ][gc,start    ] GC(66) Concurrent marking roots
[4.898s][info   ][gc,task     ] GC(66) Using 1 of 2 workers for concurrent marking roots
[4.898s][info   ][gc          ] GC(66) Concurrent marking roots 0.497ms
[4.898s][info   ][gc,start    ] GC(66) Concurrent marking (unload classes)
[4.898s][info   ][gc,task     ] GC(66) Using 1 of 2 workers for concurrent marking
[4.901s][info   ][gc          ] GC(66) Concurrent marking (unload classes) 2.262ms
[4.901s][info   ][gc,start    ] GC(66) Pause Final Mark (unload classes)
[4.901s][info   ][gc,task     ] GC(66) Using 2 of 2 workers for final marking
[4.901s][info   ][gc,ergo     ] GC(66) Collectable Garbage: 446M (98%), Immediate: 446M (98%), CSet: 0B (0%)
[4.901s][info   ][gc          ] GC(66) Pause Final Mark (unload classes) 0.285ms
[4.907s][info   ][gc,start    ] GC(66) Concurrent weak references
[4.908s][info   ][gc,task     ] GC(66) Using 1 of 2 workers for concurrent weak references
[4.911s][info   ][gc,ref      ] GC(66) Encountered references: Soft: 11, Weak: 37, Final: 0, Phantom: 5
[4.911s][info   ][gc,ref      ] GC(66) Discovered  references: Soft: 0, Weak: 11, Final: 0, Phantom: 5
[4.911s][info   ][gc,ref      ] GC(66) Enqueued    references: Soft: 0, Weak: 0, Final: 0, Phantom: 0
[4.911s][info   ][gc          ] GC(66) Concurrent weak references 3.838ms
[4.911s][info   ][gc,start    ] GC(66) Concurrent weak roots
[4.911s][info   ][gc,task     ] GC(66) Using 1 of 2 workers for concurrent weak root
[4.918s][info   ][gc          ] GC(66) Concurrent weak roots 7.305ms
[4.919s][info   ][gc,start    ] GC(66) Concurrent cleanup
[4.919s][info   ][gc          ] GC(66) Concurrent cleanup 744M->304M(2048M) 0.724ms
[4.919s][info   ][gc,ergo     ] GC(66) Free: 1344M, Max: 1024K regular, 468M humongous, Frag: 66% external, 0% internal; Reserve: 103M, Max: 1024K
[4.919s][info   ][gc,start    ] GC(66) Concurrent class unloading
[4.919s][info   ][gc,task     ] GC(66) Using 1 of 2 workers for concurrent class unloading
[4.927s][info   ][gc          ] GC(66) Concurrent class unloading 7.439ms
[4.928s][info   ][gc,start    ] GC(66) Pause Final Roots
[4.928s][info   ][gc          ] GC(66) Pause Final Roots 0.064ms
[4.929s][info   ][gc,ergo     ] Free: 1238M, Max: 1024K regular, 468M humongous, Frag: 63% external, 0% internal; Reserve: 103M, Max: 1024K
[4.929s][info   ][gc,stats    ] 
[4.929s][info   ][gc,stats    ] All times are wall-clock times, except per-root-class counters, that are sum over
[4.929s][info   ][gc,stats    ] all workers. Dividing the <total> over the root stage time estimates parallelism.
[4.929s][info   ][gc,stats    ] 
[4.929s][info   ][gc,stats    ] Concurrent Reset                  10511 us
[4.929s][info   ][gc,stats    ] Pause Init Mark (G)                6704 us
[4.929s][info   ][gc,stats    ] Pause Init Mark (N)                 129 us
[4.929s][info   ][gc,stats    ]   Update Region States               59 us
[4.929s][info   ][gc,stats    ] Concurrent Mark Roots               520 us, parallelism: 0.40x
[4.929s][info   ][gc,stats    ]   CMR: <total>                      211 us
[4.929s][info   ][gc,stats    ]   CMR: Thread Roots                 140 us, workers (us): 140, ---, 
[4.929s][info   ][gc,stats    ]   CMR: VM Strong Roots               24 us, workers (us):  24, ---, 
[4.929s][info   ][gc,stats    ]   CMR: CLDG Roots                    46 us, workers (us):  46, ---, 
[4.929s][info   ][gc,stats    ] Concurrent Marking                 2297 us
[4.929s][info   ][gc,stats    ] Pause Final Mark (G)               6684 us
[4.929s][info   ][gc,stats    ] Pause Final Mark (N)                293 us
[4.929s][info   ][gc,stats    ]   Finish Mark                       119 us
[4.929s][info   ][gc,stats    ]   Update Region States               48 us
[4.929s][info   ][gc,stats    ]   Choose Collection Set              79 us
[4.929s][info   ][gc,stats    ]   Rebuild Free Set                   11 us
[4.929s][info   ][gc,stats    ] Concurrent Weak References         3878 us, parallelism: 0.00x
[4.929s][info   ][gc,stats    ]   CWRF: <total>                      13 us
[4.929s][info   ][gc,stats    ]   CWRF: Weak References              13 us, workers (us):  13, ---, 
[4.929s][info   ][gc,stats    ] Concurrent Weak Roots              7485 us
[4.929s][info   ][gc,stats    ]   Roots                             180 us, parallelism: 0.51x
[4.929s][info   ][gc,stats    ]     CWR: <total>                     91 us
[4.929s][info   ][gc,stats    ]     CWR: Code Cache Roots            50 us, workers (us):  50, ---, 
[4.929s][info   ][gc,stats    ]     CWR: VM Weak Roots               38 us, workers (us):  38, ---, 
[4.929s][info   ][gc,stats    ]     CWR: CLDG Roots                   3 us, workers (us):   3, ---, 
[4.929s][info   ][gc,stats    ]   Rendezvous                       7080 us
[4.929s][info   ][gc,stats    ] Concurrent Cleanup                  754 us
[4.929s][info   ][gc,stats    ] Concurrent Class Unloading         7639 us
[4.929s][info   ][gc,stats    ]   Unlink Stale                     2844 us
[4.929s][info   ][gc,stats    ]     System Dictionary                12 us
[4.930s][info   ][gc,stats    ]     Weak Class Links                  1 us
[4.930s][info   ][gc,stats    ]     Code Roots                     2821 us
[4.930s][info   ][gc,stats    ]   Rendezvous                       4172 us
[4.930s][info   ][gc,stats    ]   Purge Unlinked                    310 us
[4.930s][info   ][gc,stats    ]     Code Roots                      272 us
[4.930s][info   ][gc,stats    ]     CLDG                             31 us
[4.930s][info   ][gc,stats    ]     Exception Caches                  2 us
[4.930s][info   ][gc,stats    ] Pause Final Roots (G)              1371 us
[4.930s][info   ][gc,stats    ] Pause Final Roots (N)                75 us
[4.930s][info   ][gc,stats    ] Pacing                            26939 us
[4.930s][info   ][gc,stats    ] 
[4.930s][info   ][gc,stats    ] Allocation pacing accrued:
[4.930s][info   ][gc,stats    ]       3 of    51 ms (  6.5%): Thread-0
[4.930s][info   ][gc,stats    ]       3 of    51 ms (  6.5%): Thread-1
[4.930s][info   ][gc,stats    ]       7 of    51 ms ( 13.9%): Thread-3
[4.930s][info   ][gc,stats    ]       7 of    51 ms ( 13.1%): Thread-4
[4.930s][info   ][gc,stats    ]       3 of    51 ms (  6.2%): Thread-5
[4.930s][info   ][gc,stats    ]       3 of    51 ms (  6.8%): Thread-6
[4.930s][info   ][gc,stats    ]      27 of    51 ms ( 52.9%): <total>
[4.930s][info   ][gc,stats    ]       1 of    51 ms (  2.8%): <average total>
[4.930s][info   ][gc,stats    ]       4 of    51 ms (  8.8%): <average non-zero>
[4.930s][info   ][gc,stats    ] 
[4.930s][info   ][gc,metaspace] Metaspace: 213K(448K)->213K(448K) NonClass: 204K(320K)->204K(320K) Class: 9K(128K)->9K(128K)
[4.930s][info   ][gc,ergo     ] Pacer for Idle. Initial: 41943K, Alloc Tax Rate: 1.0x
[4.933s][info   ][gc          ] Trigger: Average GC time (80.78 ms) is above the time for average allocation rate (14904 MB/s) to deplete free headroom (1069M) (margin of error = 1.91)
[4.933s][info   ][gc,ergo     ] Free headroom: 1172M (free) - 102M (spike) - 0B (penalties) = 1069M
[4.933s][info   ][gc,ergo     ] Free: 1172M, Max: 1024K regular, 468M humongous, Frag: 61% external, 0% internal; Reserve: 103M, Max: 1024K
[4.933s][info   ][gc,start    ] GC(67) Concurrent reset
[4.933s][info   ][gc,task     ] GC(67) Using 1 of 2 workers for concurrent reset
[4.933s][info   ][gc,ergo     ] GC(67) Pacer for Reset. Non-Taxable: 2048M
[4.936s][info   ][gc          ] GC(67) Concurrent reset 2.998ms
[4.937s][info   ][gc,start    ] GC(67) Pause Init Mark (unload classes)
[4.937s][info   ][gc,task     ] GC(67) Using 2 of 2 workers for init marking
[4.937s][info   ][gc,ergo     ] GC(67) Pacer for Mark. Expected Live: 132M, Free: 1138M, Non-Taxable: 113M, Alloc Tax Rate: 0.1x
[4.937s][info   ][gc          ] GC(67) Pause Init Mark (unload classes) 0.100ms
[4.937s][info   ][gc,start    ] GC(67) Concurrent marking roots
[4.937s][info   ][gc,task     ] GC(67) Using 1 of 2 workers for concurrent marking roots
[4.938s][info   ][gc          ] GC(67) Concurrent marking roots 0.673ms
[4.938s][info   ][gc,start    ] GC(67) Concurrent marking (unload classes)
[4.938s][info   ][gc,task     ] GC(67) Using 1 of 2 workers for concurrent marking
[4.941s][info   ][gc          ] GC(67) Concurrent marking (unload classes) 3.773ms
[4.942s][info   ][gc,start    ] GC(67) Pause Final Mark (unload classes)
[4.942s][info   ][gc,task     ] GC(67) Using 2 of 2 workers for final marking
[4.942s][info   ][gc,ergo     ] GC(67) Collectable Garbage: 286M (97%), Immediate: 286M (97%), CSet: 0B (0%)
[4.942s][info   ][gc          ] GC(67) Pause Final Mark (unload classes) 0.487ms
[4.942s][info   ][gc,start    ] GC(67) Concurrent weak references
[4.942s][info   ][gc,task     ] GC(67) Using 1 of 2 workers for concurrent weak references
[4.942s][info   ][gc,ref      ] GC(67) Encountered references: Soft: 11, Weak: 37, Final: 0, Phantom: 5
[4.942s][info   ][gc,ref      ] GC(67) Discovered  references: Soft: 0, Weak: 11, Final: 0, Phantom: 5
[4.942s][info   ][gc,ref      ] GC(67) Enqueued    references: Soft: 0, Weak: 0, Final: 0, Phantom: 0
[4.942s][info   ][gc          ] GC(67) Concurrent weak references 0.183ms
[4.942s][info   ][gc,start    ] GC(67) Concurrent weak roots
[4.942s][info   ][gc,task     ] GC(67) Using 1 of 2 workers for concurrent weak root
[4.956s][info   ][gc          ] GC(67) Concurrent weak roots 13.534ms
[4.956s][info   ][gc,start    ] GC(67) Concurrent cleanup
[4.957s][info   ][gc          ] GC(67) Concurrent cleanup 523M->243M(2048M) 1.183ms
[4.958s][info   ][gc,ergo     ] GC(67) Free: 1462M, Max: 1024K regular, 472M humongous, Frag: 68% external, 0% internal; Reserve: 103M, Max: 1024K
[4.958s][info   ][gc,start    ] GC(67) Concurrent class unloading
[4.958s][info   ][gc,task     ] GC(67) Using 1 of 2 workers for concurrent class unloading
[4.969s][info   ][gc          ] GC(67) Concurrent class unloading 10.871ms
[4.969s][info   ][gc,start    ] GC(67) Pause Final Roots
[4.969s][info   ][gc          ] GC(67) Pause Final Roots 0.035ms
[4.969s][info   ][gc,ergo     ] Free: 1300M, Max: 1024K regular, 472M humongous, Frag: 64% external, 0% internal; Reserve: 103M, Max: 1024K
[4.969s][info   ][gc,stats    ] 
[4.969s][info   ][gc,stats    ] All times are wall-clock times, except per-root-class counters, that are sum over
[4.969s][info   ][gc,stats    ] all workers. Dividing the <total> over the root stage time estimates parallelism.
[4.970s][info   ][gc,stats    ] 
[4.970s][info   ][gc,stats    ] Concurrent Reset                   3050 us
[4.970s][info   ][gc,stats    ] Pause Init Mark (G)                 566 us
[4.970s][info   ][gc,stats    ] Pause Init Mark (N)                 108 us
[4.970s][info   ][gc,stats    ]   Update Region States               52 us
[4.970s][info   ][gc,stats    ] Concurrent Mark Roots               705 us, parallelism: 0.40x
[4.970s][info   ][gc,stats    ]   CMR: <total>                      282 us
[4.970s][info   ][gc,stats    ]   CMR: Thread Roots                 253 us, workers (us): 253, ---, 
[4.970s][info   ][gc,stats    ]   CMR: VM Strong Roots                5 us, workers (us):   5, ---, 
[4.970s][info   ][gc,stats    ]   CMR: CLDG Roots                    24 us, workers (us):  24, ---, 
[4.970s][info   ][gc,stats    ] Concurrent Marking                 3851 us
[4.970s][info   ][gc,stats    ] Pause Final Mark (G)                628 us
[4.970s][info   ][gc,stats    ] Pause Final Mark (N)                500 us
[4.970s][info   ][gc,stats    ]   Finish Mark                        84 us
[4.970s][info   ][gc,stats    ]   Update Region States               86 us
[4.970s][info   ][gc,stats    ]   Choose Collection Set             262 us
[4.970s][info   ][gc,stats    ]   Rebuild Free Set                   14 us
[4.970s][info   ][gc,stats    ] Concurrent Weak References          192 us, parallelism: 0.04x
[4.970s][info   ][gc,stats    ]   CWRF: <total>                       7 us
[4.970s][info   ][gc,stats    ]   CWRF: Weak References               7 us, workers (us):   7, ---, 
[4.970s][info   ][gc,stats    ] Concurrent Weak Roots             13785 us
[4.970s][info   ][gc,stats    ]   Roots                             183 us, parallelism: 0.34x
[4.970s][info   ][gc,stats    ]     CWR: <total>                     62 us
[4.970s][info   ][gc,stats    ]     CWR: Code Cache Roots            33 us, workers (us):  33, ---, 
[4.970s][info   ][gc,stats    ]     CWR: VM Weak Roots               27 us, workers (us):  27, ---, 
[4.970s][info   ][gc,stats    ]     CWR: CLDG Roots                   2 us, workers (us):   2, ---, 
[4.970s][info   ][gc,stats    ]   Rendezvous                      13311 us
[4.970s][info   ][gc,stats    ] Concurrent Cleanup                 1313 us
[4.970s][info   ][gc,stats    ] Concurrent Class Unloading        11017 us
[4.970s][info   ][gc,stats    ]   Unlink Stale                     5851 us
[4.970s][info   ][gc,stats    ]     System Dictionary                20 us
[4.970s][info   ][gc,stats    ]     Weak Class Links                  2 us
[4.970s][info   ][gc,stats    ]     Code Roots                     5817 us
[4.970s][info   ][gc,stats    ]   Rendezvous                       2693 us
[4.970s][info   ][gc,stats    ]   Purge Unlinked                   2244 us
[4.970s][info   ][gc,stats    ]     Code Roots                     2216 us
[4.970s][info   ][gc,stats    ]     CLDG                             23 us
[4.970s][info   ][gc,stats    ]     Exception Caches                  2 us
[4.970s][info   ][gc,stats    ] Pause Final Roots (G)               645 us
[4.970s][info   ][gc,stats    ] Pause Final Roots (N)                44 us
[4.970s][info   ][gc,stats    ] Pacing                            62724 us
[4.970s][info   ][gc,stats    ] 
[4.970s][info   ][gc,stats    ] Allocation pacing accrued:
[4.970s][info   ][gc,stats    ]      13 of    40 ms ( 33.3%): Thread-0
[4.970s][info   ][gc,stats    ]       3 of    40 ms (  7.8%): Thread-1
[4.970s][info   ][gc,stats    ]      10 of    40 ms ( 25.9%): Thread-2
[4.970s][info   ][gc,stats    ]      12 of    40 ms ( 31.0%): Thread-3
[4.970s][info   ][gc,stats    ]       0 of    40 ms (  0.8%): Thread-4
[4.970s][info   ][gc,stats    ]      13 of    40 ms ( 33.4%): Thread-5
[4.970s][info   ][gc,stats    ]      10 of    40 ms ( 25.5%): Thread-7
[4.970s][info   ][gc,stats    ]      63 of    40 ms (157.7%): <total>
[4.970s][info   ][gc,stats    ]       3 of    40 ms (  8.3%): <average total>
[4.970s][info   ][gc,stats    ]       9 of    40 ms ( 22.5%): <average non-zero>
[4.970s][info   ][gc,stats    ] 
[4.970s][info   ][gc,metaspace] Metaspace: 213K(448K)->213K(448K) NonClass: 204K(320K)->204K(320K) Class: 9K(128K)->9K(128K)
[4.970s][info   ][gc,ergo     ] Pacer for Idle. Initial: 41943K, Alloc Tax Rate: 1.0x
[4.982s][info   ][gc          ] Trigger: Average GC time (69.32 ms) is above the time for average allocation rate (14904 MB/s) to deplete free headroom (1031M) (margin of error = 1.91)
[4.982s][info   ][gc,ergo     ] Free headroom: 1134M (free) - 102M (spike) - 0B (penalties) = 1031M
[4.983s][info   ][gc,ergo     ] Free: 1128M, Max: 1024K regular, 472M humongous, Frag: 59% external, 0% internal; Reserve: 103M, Max: 1024K
[4.983s][info   ][gc,start    ] GC(68) Concurrent reset
[4.983s][info   ][gc,task     ] GC(68) Using 1 of 2 workers for concurrent reset
[4.983s][info   ][gc,ergo     ] GC(68) Pacer for Reset. Non-Taxable: 2048M
[4.991s][info   ][gc          ] GC(68) Concurrent reset 8.852ms
[4.995s][info   ][gc,start    ] GC(68) Pause Init Mark (unload classes)
[4.995s][info   ][gc,task     ] GC(68) Using 2 of 2 workers for init marking
[4.996s][info   ][gc,ergo     ] GC(68) Pacer for Mark. Expected Live: 136M, Free: 970M, Non-Taxable: 99328K, Alloc Tax Rate: 0.2x
[4.996s][info   ][gc          ] GC(68) Pause Init Mark (unload classes) 0.215ms
[4.999s][info   ][gc,start    ] GC(68) Concurrent marking roots
[4.999s][info   ][gc,task     ] GC(68) Using 1 of 2 workers for concurrent marking roots
[5.002s][info   ][gc          ] GC(68) Concurrent marking roots 3.021ms
[5.002s][info   ][gc,start    ] GC(68) Concurrent marking (unload classes)
[5.002s][info   ][gc,task     ] GC(68) Using 1 of 2 workers for concurrent marking
[5.022s][info   ][gc          ] GC(68) Concurrent marking (unload classes) 19.699ms
[5.023s][info   ][gc,start    ] GC(68) Pause Final Mark (unload classes)
[5.023s][info   ][gc,task     ] GC(68) Using 2 of 2 workers for final marking
[5.024s][info   ][gc,ergo     ] GC(68) Collectable Garbage: 378M (98%), Immediate: 378M (98%), CSet: 0B (0%)
[5.024s][info   ][gc          ] GC(68) Pause Final Mark (unload classes) 1.067ms
[5.024s][info   ][gc,start    ] GC(68) Concurrent weak references
[5.024s][info   ][gc,task     ] GC(68) Using 1 of 2 workers for concurrent weak references
[5.031s][info   ][gc,ref      ] GC(68) Encountered references: Soft: 11, Weak: 37, Final: 0, Phantom: 5
[5.031s][info   ][gc,ref      ] GC(68) Discovered  references: Soft: 0, Weak: 11, Final: 0, Phantom: 5
[5.031s][info   ][gc,ref      ] GC(68) Enqueued    references: Soft: 0, Weak: 0, Final: 0, Phantom: 0
[5.031s][info   ][gc          ] GC(68) Concurrent weak references 7.003ms
[5.031s][info   ][gc,start    ] GC(68) Concurrent weak roots
[5.031s][info   ][gc,task     ] GC(68) Using 1 of 2 workers for concurrent weak root
[5.041s][info   ][gc          ] GC(68) Concurrent weak roots 9.394ms
[5.041s][info   ][gc,start    ] GC(68) Concurrent cleanup
[5.042s][info   ][gc          ] GC(68) Concurrent cleanup 797M->424M(2048M) 0.796ms
[5.042s][info   ][gc,ergo     ] GC(68) Free: 1104M, Max: 1024K regular, 358M humongous, Frag: 68% external, 0% internal; Reserve: 103M, Max: 1024K
[5.042s][info   ][gc,start    ] GC(68) Concurrent class unloading
[5.042s][info   ][gc,task     ] GC(68) Using 1 of 2 workers for concurrent class unloading
[5.047s][info   ][gc          ] GC(68) Concurrent class unloading 4.682ms
[5.048s][info   ][gc,start    ] GC(68) Pause Final Roots
[5.048s][info   ][gc          ] GC(68) Pause Final Roots 0.049ms
[5.049s][info   ][gc,ergo     ] Free: 1022M, Max: 1024K regular, 358M humongous, Frag: 65% external, 0% internal; Reserve: 103M, Max: 1024K
[5.049s][info   ][gc,stats    ] 
[5.049s][info   ][gc,stats    ] All times are wall-clock times, except per-root-class counters, that are sum over
[5.049s][info   ][gc,stats    ] all workers. Dividing the <total> over the root stage time estimates parallelism.
[5.049s][info   ][gc,stats    ] 
[5.049s][info   ][gc,stats    ] Concurrent Reset                   8984 us
[5.049s][info   ][gc,stats    ] Pause Init Mark (G)                7146 us
[5.049s][info   ][gc,stats    ] Pause Init Mark (N)                 224 us
[5.049s][info   ][gc,stats    ]   Update Region States               96 us
[5.049s][info   ][gc,stats    ] Concurrent Mark Roots              3234 us, parallelism: 0.08x
[5.049s][info   ][gc,stats    ]   CMR: <total>                      268 us
[5.049s][info   ][gc,stats    ]   CMR: Thread Roots                 199 us, workers (us): 199, ---, 
[5.049s][info   ][gc,stats    ]   CMR: VM Strong Roots               12 us, workers (us):  12, ---, 
[5.049s][info   ][gc,stats    ]   CMR: CLDG Roots                    58 us, workers (us):  58, ---, 
[5.049s][info   ][gc,stats    ] Concurrent Marking                19859 us
[5.049s][info   ][gc,stats    ] Pause Final Mark (G)               2198 us
[5.049s][info   ][gc,stats    ] Pause Final Mark (N)               1076 us
[5.049s][info   ][gc,stats    ]   Finish Mark                       777 us
[5.049s][info   ][gc,stats    ]   Update Region States               84 us
[5.049s][info   ][gc,stats    ]   Choose Collection Set             126 us
[5.049s][info   ][gc,stats    ]   Rebuild Free Set                    9 us
[5.049s][info   ][gc,stats    ] Concurrent Weak References         7018 us, parallelism: 0.00x
[5.049s][info   ][gc,stats    ]   CWRF: <total>                      14 us
[5.049s][info   ][gc,stats    ]   CWRF: Weak References              14 us, workers (us):  14, ---, 
[5.049s][info   ][gc,stats    ] Concurrent Weak Roots              9938 us
[5.049s][info   ][gc,stats    ]   Roots                             225 us, parallelism: 0.71x
[5.049s][info   ][gc,stats    ]     CWR: <total>                    160 us
[5.049s][info   ][gc,stats    ]     CWR: Code Cache Roots           102 us, workers (us): 102, ---, 
[5.049s][info   ][gc,stats    ]     CWR: VM Weak Roots               55 us, workers (us):  55, ---, 
[5.049s][info   ][gc,stats    ]     CWR: CLDG Roots                   3 us, workers (us):   3, ---, 
[5.049s][info   ][gc,stats    ]   Rendezvous                       9127 us
[5.049s][info   ][gc,stats    ] Concurrent Cleanup                  837 us
[5.049s][info   ][gc,stats    ] Concurrent Class Unloading         4828 us
[5.049s][info   ][gc,stats    ]   Unlink Stale                     1300 us
[5.049s][info   ][gc,stats    ]     System Dictionary                15 us
[5.049s][info   ][gc,stats    ]     Weak Class Links                  1 us
[5.049s][info   ][gc,stats    ]     Code Roots                     1278 us
[5.049s][info   ][gc,stats    ]   Rendezvous                       3208 us
[5.049s][info   ][gc,stats    ]   Purge Unlinked                    138 us
[5.049s][info   ][gc,stats    ]     Code Roots                      108 us
[5.049s][info   ][gc,stats    ]     CLDG                             26 us
[5.049s][info   ][gc,stats    ]     Exception Caches                  1 us
[5.049s][info   ][gc,stats    ] Pause Final Roots (G)              1832 us
[5.049s][info   ][gc,stats    ] Pause Final Roots (N)                59 us
[5.049s][info   ][gc,stats    ] Pacing                             5548 us
[5.049s][info   ][gc,stats    ] 
[5.049s][info   ][gc,stats    ] Allocation pacing accrued:
[5.049s][info   ][gc,stats    ]       3 of    79 ms (  3.8%): Thread-2
[5.049s][info   ][gc,stats    ]       3 of    79 ms (  3.2%): Thread-7
[5.049s][info   ][gc,stats    ]       6 of    79 ms (  7.0%): <total>
[5.049s][info   ][gc,stats    ]       0 of    79 ms (  0.4%): <average total>
[5.049s][info   ][gc,stats    ]       3 of    79 ms (  3.5%): <average non-zero>
[5.049s][info   ][gc,stats    ] 
[5.049s][info   ][gc,metaspace] Metaspace: 213K(448K)->213K(448K) NonClass: 204K(320K)->204K(320K) Class: 9K(128K)->9K(128K)
[5.049s][info   ][gc,ergo     ] Pacer for Idle. Initial: 41943K, Alloc Tax Rate: 1.0x
[5.052s][info   ][gc          ] Trigger: Average GC time (82.79 ms) is above the time for average allocation rate (14915 MB/s) to deplete free headroom (869M) (margin of error = 1.91)
[5.052s][info   ][gc,ergo     ] Free headroom: 972M (free) - 102M (spike) - 0B (penalties) = 869M
[5.052s][info   ][gc,ergo     ] Free: 972M, Max: 1024K regular, 358M humongous, Frag: 64% external, 0% internal; Reserve: 103M, Max: 1024K
[5.052s][info   ][gc,start    ] GC(69) Concurrent reset
[5.052s][info   ][gc,task     ] GC(69) Using 1 of 2 workers for concurrent reset
[5.052s][info   ][gc,ergo     ] GC(69) Pacer for Reset. Non-Taxable: 2048M
[5.070s][info   ][gc          ] GC(69) Concurrent reset 18.062ms
[5.073s][info   ][gc,start    ] GC(69) Pause Init Mark (unload classes)
[5.073s][info   ][gc,task     ] GC(69) Using 2 of 2 workers for init marking
[5.073s][info   ][gc,ergo     ] GC(69) Pacer for Mark. Expected Live: 128M, Free: 690M, Non-Taxable: 70656K, Alloc Tax Rate: 0.2x
[5.073s][info   ][gc          ] GC(69) Pause Init Mark (unload classes) 0.221ms
[5.078s][info   ][gc,start    ] GC(69) Concurrent marking roots
[5.078s][info   ][gc,task     ] GC(69) Using 1 of 2 workers for concurrent marking roots
[5.078s][info   ][gc          ] GC(69) Concurrent marking roots 0.399ms
[5.078s][info   ][gc,start    ] GC(69) Concurrent marking (unload classes)
[5.078s][info   ][gc,task     ] GC(69) Using 1 of 2 workers for concurrent marking
[5.080s][info   ][gc          ] GC(69) Concurrent marking (unload classes) 1.613ms
[5.080s][info   ][gc,start    ] GC(69) Pause Final Mark (unload classes)
[5.080s][info   ][gc,task     ] GC(69) Using 2 of 2 workers for final marking
[5.080s][info   ][gc,ergo     ] GC(69) Collectable Garbage: 494M (98%), Immediate: 494M (98%), CSet: 0B (0%)
[5.080s][info   ][gc          ] GC(69) Pause Final Mark (unload classes) 0.461ms
[5.085s][info   ][gc,start    ] GC(69) Concurrent weak references
[5.085s][info   ][gc,task     ] GC(69) Using 1 of 2 workers for concurrent weak references
[5.089s][info   ][gc,ref      ] GC(69) Encountered references: Soft: 11, Weak: 37, Final: 0, Phantom: 5
[5.089s][info   ][gc,ref      ] GC(69) Discovered  references: Soft: 0, Weak: 11, Final: 0, Phantom: 5
[5.089s][info   ][gc,ref      ] GC(69) Enqueued    references: Soft: 0, Weak: 0, Final: 0, Phantom: 0
[5.089s][info   ][gc          ] GC(69) Concurrent weak references 3.656ms
[5.089s][info   ][gc,start    ] GC(69) Concurrent weak roots
[5.089s][info   ][gc,task     ] GC(69) Using 1 of 2 workers for concurrent weak root
[5.099s][info   ][gc          ] GC(69) Concurrent weak roots 10.110ms
[5.099s][info   ][gc,start    ] GC(69) Concurrent cleanup
[5.100s][info   ][gc          ] GC(69) Concurrent cleanup 808M->317M(2048M) 0.640ms
[5.100s][info   ][gc,ergo     ] GC(69) Free: 1318M, Max: 1024K regular, 336M humongous, Frag: 75% external, 0% internal; Reserve: 103M, Max: 1024K
[5.100s][info   ][gc,start    ] GC(69) Concurrent class unloading
[5.100s][info   ][gc,task     ] GC(69) Using 1 of 2 workers for concurrent class unloading
[5.104s][info   ][gc          ] GC(69) Concurrent class unloading 3.645ms
[5.104s][info   ][gc,start    ] GC(69) Pause Final Roots
[5.104s][info   ][gc          ] GC(69) Pause Final Roots 0.042ms
[5.104s][info   ][gc,ergo     ] Free: 1270M, Max: 1024K regular, 336M humongous, Frag: 74% external, 0% internal; Reserve: 103M, Max: 1024K
[5.105s][info   ][gc,stats    ] 
[5.105s][info   ][gc,stats    ] All times are wall-clock times, except per-root-class counters, that are sum over
[5.105s][info   ][gc,stats    ] all workers. Dividing the <total> over the root stage time estimates parallelism.
[5.105s][info   ][gc,stats    ] 
[5.105s][info   ][gc,stats    ] Concurrent Reset                  18217 us
[5.105s][info   ][gc,stats    ] Pause Init Mark (G)                7610 us
[5.105s][info   ][gc,stats    ] Pause Init Mark (N)                 231 us
[5.105s][info   ][gc,stats    ]   Update Region States              125 us
[5.105s][info   ][gc,stats    ] Concurrent Mark Roots               418 us, parallelism: 0.31x
[5.105s][info   ][gc,stats    ]   CMR: <total>                      129 us
[5.105s][info   ][gc,stats    ]   CMR: Thread Roots                  97 us, workers (us):  97, ---, 
[5.105s][info   ][gc,stats    ]   CMR: VM Strong Roots                7 us, workers (us):   7, ---, 
[5.105s][info   ][gc,stats    ]   CMR: CLDG Roots                    25 us, workers (us):  25, ---, 
[5.105s][info   ][gc,stats    ] Concurrent Marking                 1632 us
[5.105s][info   ][gc,stats    ] Pause Final Mark (G)               5675 us
[5.105s][info   ][gc,stats    ] Pause Final Mark (N)                470 us
[5.105s][info   ][gc,stats    ]   Finish Mark                       243 us
[5.105s][info   ][gc,stats    ]   Update Region States               85 us
[5.105s][info   ][gc,stats    ]   Choose Collection Set              91 us
[5.105s][info   ][gc,stats    ]   Rebuild Free Set                   10 us
[5.105s][info   ][gc,stats    ] Concurrent Weak References         3700 us, parallelism: 0.00x
[5.105s][info   ][gc,stats    ]   CWRF: <total>                      12 us
[5.105s][info   ][gc,stats    ]   CWRF: Weak References              12 us, workers (us):  12, ---, 
[5.105s][info   ][gc,stats    ] Concurrent Weak Roots             10225 us
[5.105s][info   ][gc,stats    ]   Roots                            2289 us, parallelism: 0.09x
[5.105s][info   ][gc,stats    ]     CWR: <total>                    210 us
[5.105s][info   ][gc,stats    ]     CWR: Code Cache Roots           143 us, workers (us): 143, ---, 
[5.105s][info   ][gc,stats    ]     CWR: VM Weak Roots               63 us, workers (us):  63, ---, 
[5.105s][info   ][gc,stats    ]     CWR: CLDG Roots                   5 us, workers (us):   5, ---, 
[5.105s][info   ][gc,stats    ]   Rendezvous                       7596 us
[5.105s][info   ][gc,stats    ] Concurrent Cleanup                  653 us
[5.105s][info   ][gc,stats    ] Concurrent Class Unloading         3765 us
[5.105s][info   ][gc,stats    ]   Unlink Stale                      528 us
[5.105s][info   ][gc,stats    ]     System Dictionary                10 us
[5.105s][info   ][gc,stats    ]     Weak Class Links                  1 us
[5.105s][info   ][gc,stats    ]     Code Roots                      513 us
[5.105s][info   ][gc,stats    ]   Rendezvous                       2845 us
[5.105s][info   ][gc,stats    ]   Purge Unlinked                    243 us
[5.105s][info   ][gc,stats    ]     Code Roots                      220 us
[5.105s][info   ][gc,stats    ]     CLDG                             20 us
[5.105s][info   ][gc,stats    ]     Exception Caches                  1 us
[5.105s][info   ][gc,stats    ] Pause Final Roots (G)               751 us
[5.105s][info   ][gc,stats    ] Pause Final Roots (N)                54 us
[5.105s][info   ][gc,stats    ] Pacing                            63124 us
[5.105s][info   ][gc,stats    ] 
[5.105s][info   ][gc,stats    ] Allocation pacing accrued:
[5.105s][info   ][gc,stats    ]       5 of    56 ms (  9.8%): Thread-0
[5.105s][info   ][gc,stats    ]      10 of    56 ms ( 18.1%): Thread-1
[5.105s][info   ][gc,stats    ]       3 of    56 ms (  4.5%): Thread-2
[5.105s][info   ][gc,stats    ]      11 of    56 ms ( 19.6%): Thread-3
[5.105s][info   ][gc,stats    ]      10 of    56 ms ( 18.5%): Thread-4
[5.105s][info   ][gc,stats    ]       8 of    56 ms ( 13.8%): Thread-5
[5.105s][info   ][gc,stats    ]       3 of    56 ms (  4.9%): Thread-6
[5.105s][info   ][gc,stats    ]      13 of    56 ms ( 23.9%): Thread-7
[5.105s][info   ][gc,stats    ]      63 of    56 ms (113.2%): <total>
[5.105s][info   ][gc,stats    ]       3 of    56 ms (  6.0%): <average total>
[5.105s][info   ][gc,stats    ]       8 of    56 ms ( 14.2%): <average non-zero>
[5.105s][info   ][gc,stats    ] 
[5.105s][info   ][gc,metaspace] Metaspace: 213K(448K)->213K(448K) NonClass: 204K(320K)->204K(320K) Class: 9K(128K)->9K(128K)
[5.105s][info   ][gc,ergo     ] Pacer for Idle. Initial: 41943K, Alloc Tax Rate: 1.0x
[5.110s][info   ][gc          ] Trigger: Average GC time (73.64 ms) is above the time for average allocation rate (14915 MB/s) to deplete free headroom (1075M) (margin of error = 1.91)
[5.110s][info   ][gc,ergo     ] Free headroom: 1178M (free) - 102M (spike) - 0B (penalties) = 1075M
[5.110s][info   ][gc,ergo     ] Free: 1176M, Max: 1024K regular, 336M humongous, Frag: 72% external, 0% internal; Reserve: 103M, Max: 1024K
[5.110s][info   ][gc,start    ] GC(70) Concurrent reset
[5.110s][info   ][gc,task     ] GC(70) Using 1 of 2 workers for concurrent reset
[5.110s][info   ][gc,ergo     ] GC(70) Pacer for Reset. Non-Taxable: 2048M
[5.122s][info   ][gc          ] GC(70) Concurrent reset 11.448ms
[5.126s][info   ][gc,start    ] GC(70) Pause Init Mark (unload classes)
[5.126s][info   ][gc,task     ] GC(70) Using 2 of 2 workers for init marking
[5.127s][info   ][gc,ergo     ] GC(70) Pacer for Mark. Expected Live: 126M, Free: 956M, Non-Taxable: 97894K, Alloc Tax Rate: 0.2x
[5.127s][info   ][gc          ] GC(70) Pause Init Mark (unload classes) 0.223ms
[5.129s][info   ][gc,start    ] GC(70) Concurrent marking roots
[5.129s][info   ][gc,task     ] GC(70) Using 1 of 2 workers for concurrent marking roots
[5.131s][info   ][gc          ] GC(70) Concurrent marking roots 2.234ms
[5.131s][info   ][gc,start    ] GC(70) Concurrent marking (unload classes)
[5.131s][info   ][gc,task     ] GC(70) Using 1 of 2 workers for concurrent marking
[5.134s][info   ][gc          ] GC(70) Concurrent marking (unload classes) 3.246ms
[5.134s][info   ][gc,start    ] GC(70) Pause Final Mark (unload classes)
[5.134s][info   ][gc,task     ] GC(70) Using 2 of 2 workers for final marking
[5.134s][info   ][gc,ergo     ] GC(70) Collectable Garbage: 350M (98%), Immediate: 350M (98%), CSet: 0B (0%)
[5.135s][info   ][gc          ] GC(70) Pause Final Mark (unload classes) 0.295ms
[5.135s][info   ][gc,start    ] GC(70) Concurrent weak references
[5.135s][info   ][gc,task     ] GC(70) Using 1 of 2 workers for concurrent weak references
[5.135s][info   ][gc,ref      ] GC(70) Encountered references: Soft: 11, Weak: 37, Final: 0, Phantom: 5
[5.135s][info   ][gc,ref      ] GC(70) Discovered  references: Soft: 0, Weak: 11, Final: 0, Phantom: 5
[5.135s][info   ][gc,ref      ] GC(70) Enqueued    references: Soft: 0, Weak: 0, Final: 0, Phantom: 0
[5.135s][info   ][gc          ] GC(70) Concurrent weak references 0.133ms
[5.135s][info   ][gc,start    ] GC(70) Concurrent weak roots
[5.135s][info   ][gc,task     ] GC(70) Using 1 of 2 workers for concurrent weak root
[5.135s][info   ][gc          ] GC(70) Concurrent weak roots 0.188ms
[5.135s][info   ][gc,start    ] GC(70) Concurrent cleanup
[5.135s][info   ][gc          ] GC(70) Concurrent cleanup 546M->196M(2048M) 0.462ms
[5.135s][info   ][gc,ergo     ] GC(70) Free: 1560M, Max: 1024K regular, 336M humongous, Frag: 79% external, 0% internal; Reserve: 103M, Max: 1024K
[5.135s][info   ][gc,start    ] GC(70) Concurrent class unloading
[5.135s][info   ][gc,task     ] GC(70) Using 1 of 2 workers for concurrent class unloading
[5.136s][info   ][gc          ] GC(70) Concurrent class unloading 0.276ms
[5.136s][info   ][gc,start    ] GC(70) Pause Final Roots
[5.136s][info   ][gc          ] GC(70) Pause Final Roots 0.010ms
[5.136s][info   ][gc,ergo     ] Free: 1560M, Max: 1024K regular, 336M humongous, Frag: 79% external, 0% internal; Reserve: 103M, Max: 1024K
[5.136s][info   ][gc,stats    ] 
[5.136s][info   ][gc,stats    ] All times are wall-clock times, except per-root-class counters, that are sum over
[5.136s][info   ][gc,stats    ] all workers. Dividing the <total> over the root stage time estimates parallelism.
[5.136s][info   ][gc,stats    ] 
[5.136s][info   ][gc,stats    ] Concurrent Reset                  11655 us
[5.136s][info   ][gc,stats    ] Pause Init Mark (G)                6485 us
[5.136s][info   ][gc,stats    ] Pause Init Mark (N)                 232 us
[5.136s][info   ][gc,stats    ]   Update Region States              126 us
[5.136s][info   ][gc,stats    ] Concurrent Mark Roots              2301 us, parallelism: 0.12x
[5.136s][info   ][gc,stats    ]   CMR: <total>                      282 us
[5.136s][info   ][gc,stats    ]   CMR: Thread Roots                 212 us, workers (us): 212, ---, 
[5.136s][info   ][gc,stats    ]   CMR: VM Strong Roots                7 us, workers (us):   7, ---, 
[5.136s][info   ][gc,stats    ]   CMR: CLDG Roots                    64 us, workers (us):  64, ---, 
[5.136s][info   ][gc,stats    ] Concurrent Marking                 3282 us
[5.136s][info   ][gc,stats    ] Pause Final Mark (G)                353 us
[5.136s][info   ][gc,stats    ] Pause Final Mark (N)                305 us
[5.136s][info   ][gc,stats    ]   Finish Mark                        79 us
[5.136s][info   ][gc,stats    ]   Update Region States               54 us
[5.136s][info   ][gc,stats    ]   Choose Collection Set             121 us
[5.136s][info   ][gc,stats    ]   Rebuild Free Set                   14 us
[5.136s][info   ][gc,stats    ] Concurrent Weak References          141 us, parallelism: 0.02x
[5.136s][info   ][gc,stats    ]   CWRF: <total>                       2 us
[5.136s][info   ][gc,stats    ]   CWRF: Weak References               2 us, workers (us):   2, ---, 
[5.136s][info   ][gc,stats    ] Concurrent Weak Roots               221 us
[5.136s][info   ][gc,stats    ]   Roots                             128 us, parallelism: 0.63x
[5.136s][info   ][gc,stats    ]     CWR: <total>                     81 us
[5.136s][info   ][gc,stats    ]     CWR: Code Cache Roots            49 us, workers (us):  49, ---, 
[5.136s][info   ][gc,stats    ]     CWR: VM Weak Roots               30 us, workers (us):  30, ---, 
[5.136s][info   ][gc,stats    ]     CWR: CLDG Roots                   2 us, workers (us):   2, ---, 
[5.136s][info   ][gc,stats    ]   Rendezvous                         40 us
[5.136s][info   ][gc,stats    ] Concurrent Cleanup                  483 us
[5.136s][info   ][gc,stats    ] Concurrent Class Unloading          291 us
[5.136s][info   ][gc,stats    ]   Unlink Stale                      182 us
[5.136s][info   ][gc,stats    ]     System Dictionary                 4 us
[5.136s][info   ][gc,stats    ]     Weak Class Links                  1 us
[5.136s][info   ][gc,stats    ]     Code Roots                      174 us
[5.136s][info   ][gc,stats    ]   Rendezvous                         40 us
[5.136s][info   ][gc,stats    ]   Purge Unlinked                     36 us
[5.136s][info   ][gc,stats    ]     Code Roots                       16 us
[5.136s][info   ][gc,stats    ]     CLDG                             17 us
[5.136s][info   ][gc,stats    ]     Exception Caches                  1 us
[5.136s][info   ][gc,stats    ] Pause Final Roots (G)                51 us
[5.136s][info   ][gc,stats    ] Pause Final Roots (N)                16 us
[5.136s][info   ][gc,stats    ] 
[5.136s][info   ][gc,stats    ] Allocation pacing accrued:
[5.136s][info   ][gc,stats    ]       0 of    31 ms (  0.0%): <total>
[5.136s][info   ][gc,stats    ]       0 of    31 ms (  0.0%): <average total>
[5.136s][info   ][gc,stats    ] 
[5.136s][info   ][gc,metaspace] Metaspace: 213K(448K)->213K(448K) NonClass: 204K(320K)->204K(320K) Class: 9K(128K)->9K(128K)
[5.136s][info   ][gc,ergo     ] Pacer for Idle. Initial: 41943K, Alloc Tax Rate: 1.0x
[5.165s][info   ][gc          ] Trigger: Average GC time (70.06 ms) is above the time for average allocation rate (14894 MB/s) to deplete free headroom (1029M) (margin of error = 1.90)
[5.165s][info   ][gc,ergo     ] Free headroom: 1132M (free) - 102M (spike) - 0B (penalties) = 1029M
[5.165s][info   ][gc,ergo     ] Free: 1130M, Max: 1024K regular, 336M humongous, Frag: 71% external, 0% internal; Reserve: 103M, Max: 1024K
[5.165s][info   ][gc,start    ] GC(71) Concurrent reset
[5.165s][info   ][gc,task     ] GC(71) Using 1 of 2 workers for concurrent reset
[5.165s][info   ][gc,ergo     ] GC(71) Pacer for Reset. Non-Taxable: 2048M
[5.168s][info   ][gc          ] GC(71) Concurrent reset 2.896ms
[5.168s][info   ][gc,start    ] GC(71) Pause Init Mark (unload classes)
[5.168s][info   ][gc,task     ] GC(71) Using 2 of 2 workers for init marking
[5.168s][info   ][gc,ergo     ] GC(71) Pacer for Mark. Expected Live: 124M, Free: 1094M, Non-Taxable: 109M, Alloc Tax Rate: 0.1x
[5.168s][info   ][gc          ] GC(71) Pause Init Mark (unload classes) 0.077ms
[5.168s][info   ][gc,start    ] GC(71) Concurrent marking roots
[5.168s][info   ][gc,task     ] GC(71) Using 1 of 2 workers for concurrent marking roots
[5.169s][info   ][gc          ] GC(71) Concurrent marking roots 0.281ms
[5.169s][info   ][gc,start    ] GC(71) Concurrent marking (unload classes)
[5.169s][info   ][gc,task     ] GC(71) Using 1 of 2 workers for concurrent marking
[5.191s][info   ][gc          ] GC(71) Concurrent marking (unload classes) 21.888ms
[5.192s][info   ][gc,start    ] GC(71) Pause Final Mark (unload classes)
[5.192s][info   ][gc,task     ] GC(71) Using 2 of 2 workers for final marking
[5.192s][info   ][gc,ergo     ] GC(71) Collectable Garbage: 295M (97%), Immediate: 295M (97%), CSet: 0B (0%)
[5.192s][info   ][gc          ] GC(71) Pause Final Mark (unload classes) 0.420ms
[5.199s][info   ][gc,start    ] GC(71) Concurrent weak references
[5.199s][info   ][gc,task     ] GC(71) Using 1 of 2 workers for concurrent weak references
[5.204s][info   ][gc,ref      ] GC(71) Encountered references: Soft: 11, Weak: 37, Final: 0, Phantom: 5
[5.204s][info   ][gc,ref      ] GC(71) Discovered  references: Soft: 0, Weak: 11, Final: 0, Phantom: 5
[5.204s][info   ][gc,ref      ] GC(71) Enqueued    references: Soft: 0, Weak: 0, Final: 0, Phantom: 0
[5.204s][info   ][gc          ] GC(71) Concurrent weak references 5.855ms
[5.204s][info   ][gc,start    ] GC(71) Concurrent weak roots
[5.205s][info   ][gc,task     ] GC(71) Using 1 of 2 workers for concurrent weak root
[5.214s][info   ][gc          ] GC(71) Concurrent weak roots 9.184ms
[5.214s][info   ][gc,start    ] GC(71) Concurrent cleanup
[5.215s][info   ][gc          ] GC(71) Concurrent cleanup 753M->466M(2048M) 0.922ms
[5.215s][info   ][gc,ergo     ] GC(71) Free: 1020M, Max: 1024K regular, 448M humongous, Frag: 57% external, 0% internal; Reserve: 103M, Max: 1024K
[5.215s][info   ][gc,start    ] GC(71) Concurrent class unloading
[5.215s][info   ][gc,task     ] GC(71) Using 1 of 2 workers for concurrent class unloading
[5.224s][info   ][gc          ] GC(71) Concurrent class unloading 8.667ms
[5.225s][info   ][gc,start    ] GC(71) Pause Final Roots
[5.225s][info   ][gc          ] GC(71) Pause Final Roots 0.052ms
[5.231s][info   ][gc,ergo     ] Free: 812M, Max: 1024K regular, 448M humongous, Frag: 45% external, 0% internal; Reserve: 103M, Max: 1024K
[5.231s][info   ][gc,stats    ] 
[5.231s][info   ][gc,stats    ] All times are wall-clock times, except per-root-class counters, that are sum over
[5.231s][info   ][gc,stats    ] all workers. Dividing the <total> over the root stage time estimates parallelism.
[5.231s][info   ][gc,stats    ] 
[5.231s][info   ][gc,stats    ] Concurrent Reset                   2989 us
[5.231s][info   ][gc,stats    ] Pause Init Mark (G)                 506 us
[5.231s][info   ][gc,stats    ] Pause Init Mark (N)                  84 us
[5.231s][info   ][gc,stats    ]   Update Region States               35 us
[5.231s][info   ][gc,stats    ] Concurrent Mark Roots               298 us, parallelism: 0.77x
[5.231s][info   ][gc,stats    ]   CMR: <total>                      228 us
[5.231s][info   ][gc,stats    ]   CMR: Thread Roots                 190 us, workers (us): 190, ---, 
[5.231s][info   ][gc,stats    ]   CMR: VM Strong Roots                5 us, workers (us):   5, ---, 
[5.231s][info   ][gc,stats    ]   CMR: CLDG Roots                    32 us, workers (us):  32, ---, 
[5.231s][info   ][gc,stats    ] Concurrent Marking                22085 us
[5.231s][info   ][gc,stats    ] Pause Final Mark (G)               7663 us
[5.231s][info   ][gc,stats    ] Pause Final Mark (N)                430 us
[5.231s][info   ][gc,stats    ]   Finish Mark                       160 us
[5.231s][info   ][gc,stats    ]   Update Region States              104 us
[5.231s][info   ][gc,stats    ]   Choose Collection Set              79 us
[5.231s][info   ][gc,stats    ]   Rebuild Free Set                    9 us
[5.231s][info   ][gc,stats    ] Concurrent Weak References         5947 us, parallelism: 0.00x
[5.231s][info   ][gc,stats    ]   CWRF: <total>                      20 us
[5.231s][info   ][gc,stats    ]   CWRF: Weak References              20 us, workers (us):  20, ---, 
[5.231s][info   ][gc,stats    ] Concurrent Weak Roots              9382 us
[5.231s][info   ][gc,stats    ]   Roots                            1920 us, parallelism: 0.15x
[5.231s][info   ][gc,stats    ]     CWR: <total>                    286 us
[5.231s][info   ][gc,stats    ]     CWR: Code Cache Roots           141 us, workers (us): 141, ---, 
[5.231s][info   ][gc,stats    ]     CWR: VM Weak Roots              134 us, workers (us): 134, ---, 
[5.231s][info   ][gc,stats    ]     CWR: CLDG Roots                  11 us, workers (us):  11, ---, 
[5.231s][info   ][gc,stats    ]   Rendezvous                       7130 us
[5.231s][info   ][gc,stats    ] Concurrent Cleanup                  998 us
[5.231s][info   ][gc,stats    ] Concurrent Class Unloading         8815 us
[5.231s][info   ][gc,stats    ]   Unlink Stale                     4429 us
[5.231s][info   ][gc,stats    ]     System Dictionary                21 us
[5.231s][info   ][gc,stats    ]     Weak Class Links                  2 us
[5.231s][info   ][gc,stats    ]     Code Roots                     4396 us
[5.231s][info   ][gc,stats    ]   Rendezvous                       4033 us
[5.231s][info   ][gc,stats    ]   Purge Unlinked                    112 us
[5.231s][info   ][gc,stats    ]     Code Roots                       78 us
[5.231s][info   ][gc,stats    ]     CLDG                             29 us
[5.231s][info   ][gc,stats    ]     Exception Caches                  2 us
[5.231s][info   ][gc,stats    ] Pause Final Roots (G)              6798 us
[5.231s][info   ][gc,stats    ] Pause Final Roots (N)                62 us
[5.231s][info   ][gc,stats    ] Pacing                            37129 us
[5.231s][info   ][gc,stats    ] 
[5.231s][info   ][gc,stats    ] Allocation pacing accrued:
[5.231s][info   ][gc,stats    ]       4 of    95 ms (  3.8%): Thread-0
[5.231s][info   ][gc,stats    ]       5 of    95 ms (  5.2%): Thread-2
[5.231s][info   ][gc,stats    ]       6 of    95 ms (  6.3%): Thread-3
[5.231s][info   ][gc,stats    ]       3 of    95 ms (  3.7%): Thread-4
[5.231s][info   ][gc,stats    ]       6 of    95 ms (  6.2%): Thread-5
[5.231s][info   ][gc,stats    ]       5 of    95 ms (  4.9%): Thread-6
[5.231s][info   ][gc,stats    ]       8 of    95 ms (  8.9%): Thread-7
[5.231s][info   ][gc,stats    ]      37 of    95 ms ( 39.0%): <total>
[5.231s][info   ][gc,stats    ]       2 of    95 ms (  2.1%): <average total>
[5.231s][info   ][gc,stats    ]       5 of    95 ms (  5.6%): <average non-zero>
[5.231s][info   ][gc,stats    ] 
[5.231s][info   ][gc,metaspace] Metaspace: 213K(448K)->213K(448K) NonClass: 204K(320K)->204K(320K) Class: 9K(128K)->9K(128K)
[5.231s][info   ][gc,ergo     ] Pacer for Idle. Initial: 41943K, Alloc Tax Rate: 1.0x
[5.233s][info   ][gc          ] Trigger: Average GC time (85.70 ms) is above the time for average allocation rate (14916 MB/s) to deplete free headroom (681M) (margin of error = 1.92)
[5.233s][info   ][gc,ergo     ] Free headroom: 784M (free) - 102M (spike) - 0B (penalties) = 681M
[5.233s][info   ][gc,ergo     ] Free: 782M, Max: 1024K regular, 448M humongous, Frag: 43% external, 0% internal; Reserve: 103M, Max: 1024K
[5.233s][info   ][gc,start    ] GC(72) Concurrent reset
[5.233s][info   ][gc,task     ] GC(72) Using 1 of 2 workers for concurrent reset
[5.233s][info   ][gc,ergo     ] GC(72) Pacer for Reset. Non-Taxable: 2048M
[5.237s][info   ][gc          ] GC(72) Concurrent reset 3.448ms
[5.238s][info   ][gc,start    ] GC(72) Pause Init Mark (unload classes)
[5.238s][info   ][gc,task     ] GC(72) Using 2 of 2 workers for init marking
[5.238s][info   ][gc,ergo     ] GC(72) Pacer for Mark. Expected Live: 124M, Free: 738M, Non-Taxable: 75571K, Alloc Tax Rate: 0.2x
[5.238s][info   ][gc          ] GC(72) Pause Init Mark (unload classes) 0.277ms
[5.241s][info   ][gc,start    ] GC(72) Concurrent marking roots
[5.241s][info   ][gc,task     ] GC(72) Using 1 of 2 workers for concurrent marking roots
[5.243s][info   ][gc          ] GC(72) Concurrent marking roots 1.684ms
[5.243s][info   ][gc,start    ] GC(72) Concurrent marking (unload classes)
[5.243s][info   ][gc,task     ] GC(72) Using 1 of 2 workers for concurrent marking
[5.247s][info   ][gc          ] GC(72) Concurrent marking (unload classes) 4.113ms
[5.247s][info   ][gc,start    ] GC(72) Pause Final Mark (unload classes)
[5.247s][info   ][gc,task     ] GC(72) Using 2 of 2 workers for final marking
[5.247s][info   ][gc,ergo     ] GC(72) Collectable Garbage: 463M (98%), Immediate: 463M (98%), CSet: 0B (0%)
[5.248s][info   ][gc          ] GC(72) Pause Final Mark (unload classes) 0.380ms
[5.248s][info   ][gc,start    ] GC(72) Concurrent weak references
[5.248s][info   ][gc,task     ] GC(72) Using 1 of 2 workers for concurrent weak references
[5.248s][info   ][gc,ref      ] GC(72) Encountered references: Soft: 11, Weak: 37, Final: 0, Phantom: 5
[5.248s][info   ][gc,ref      ] GC(72) Discovered  references: Soft: 0, Weak: 11, Final: 0, Phantom: 5
[5.248s][info   ][gc,ref      ] GC(72) Enqueued    references: Soft: 0, Weak: 0, Final: 0, Phantom: 0
[5.248s][info   ][gc          ] GC(72) Concurrent weak references 0.182ms
[5.248s][info   ][gc,start    ] GC(72) Concurrent weak roots
[5.248s][info   ][gc,task     ] GC(72) Using 1 of 2 workers for concurrent weak root
[5.251s][info   ][gc          ] GC(72) Concurrent weak roots 2.752ms
[5.251s][info   ][gc,start    ] GC(72) Concurrent cleanup
[5.252s][info   ][gc          ] GC(72) Concurrent cleanup 698M->239M(2048M) 0.592ms
[5.252s][info   ][gc,ergo     ] GC(72) Free: 1474M, Max: 1024K regular, 448M humongous, Frag: 70% external, 0% internal; Reserve: 103M, Max: 1024K
[5.252s][info   ][gc,start    ] GC(72) Concurrent class unloading
[5.252s][info   ][gc,task     ] GC(72) Using 1 of 2 workers for concurrent class unloading
[5.262s][info   ][gc          ] GC(72) Concurrent class unloading 10.462ms
[5.263s][info   ][gc,start    ] GC(72) Pause Final Roots
[5.263s][info   ][gc          ] GC(72) Pause Final Roots 0.044ms
[5.264s][info   ][gc,ergo     ] Free: 1310M, Max: 1024K regular, 448M humongous, Frag: 66% external, 0% internal; Reserve: 103M, Max: 1024K
[5.264s][info   ][gc,stats    ] 
[5.264s][info   ][gc,stats    ] All times are wall-clock times, except per-root-class counters, that are sum over
[5.264s][info   ][gc,stats    ] all workers. Dividing the <total> over the root stage time estimates parallelism.
[5.264s][info   ][gc,stats    ] 
[5.264s][info   ][gc,stats    ] Concurrent Reset                   3547 us
[5.264s][info   ][gc,stats    ] Pause Init Mark (G)                4234 us
[5.264s][info   ][gc,stats    ] Pause Init Mark (N)                 287 us
[5.264s][info   ][gc,stats    ]   Update Region States              144 us
[5.264s][info   ][gc,stats    ] Concurrent Mark Roots              1736 us, parallelism: 0.14x
[5.264s][info   ][gc,stats    ]   CMR: <total>                      235 us
[5.264s][info   ][gc,stats    ]   CMR: Thread Roots                 158 us, workers (us): 158, ---, 
[5.264s][info   ][gc,stats    ]   CMR: VM Strong Roots               12 us, workers (us):  12, ---, 
[5.264s][info   ][gc,stats    ]   CMR: CLDG Roots                    65 us, workers (us):  65, ---, 
[5.264s][info   ][gc,stats    ] Concurrent Marking                 4202 us
[5.264s][info   ][gc,stats    ] Pause Final Mark (G)               1301 us
[5.264s][info   ][gc,stats    ] Pause Final Mark (N)                392 us
[5.264s][info   ][gc,stats    ]   Finish Mark                        81 us
[5.264s][info   ][gc,stats    ]   Update Region States               99 us
[5.264s][info   ][gc,stats    ]   Choose Collection Set             135 us
[5.264s][info   ][gc,stats    ]   Rebuild Free Set                   11 us
[5.264s][info   ][gc,stats    ] Concurrent Weak References          194 us, parallelism: 0.05x
[5.264s][info   ][gc,stats    ]   CWRF: <total>                      10 us
[5.264s][info   ][gc,stats    ]   CWRF: Weak References              10 us, workers (us):  10, ---, 
[5.264s][info   ][gc,stats    ] Concurrent Weak Roots              2803 us
[5.264s][info   ][gc,stats    ]   Roots                            2259 us, parallelism: 0.05x
[5.264s][info   ][gc,stats    ]     CWR: <total>                    103 us
[5.264s][info   ][gc,stats    ]     CWR: Code Cache Roots            54 us, workers (us):  54, ---, 
[5.264s][info   ][gc,stats    ]     CWR: VM Weak Roots               46 us, workers (us):  46, ---, 
[5.264s][info   ][gc,stats    ]     CWR: CLDG Roots                   3 us, workers (us):   3, ---, 
[5.264s][info   ][gc,stats    ]   Rendezvous                        469 us
[5.264s][info   ][gc,stats    ] Concurrent Cleanup                  607 us
[5.264s][info   ][gc,stats    ] Concurrent Class Unloading        10596 us
[5.264s][info   ][gc,stats    ]   Unlink Stale                      402 us
[5.264s][info   ][gc,stats    ]     System Dictionary                 7 us
[5.264s][info   ][gc,stats    ]     Weak Class Links                  1 us
[5.264s][info   ][gc,stats    ]     Code Roots                      390 us
[5.264s][info   ][gc,stats    ]   Rendezvous                       8893 us
[5.264s][info   ][gc,stats    ]   Purge Unlinked                   1134 us
[5.264s][info   ][gc,stats    ]     Code Roots                     1100 us
[5.264s][info   ][gc,stats    ]     CLDG                             29 us
[5.264s][info   ][gc,stats    ]     Exception Caches                  1 us
[5.264s][info   ][gc,stats    ] Pause Final Roots (G)              1137 us
[5.264s][info   ][gc,stats    ] Pause Final Roots (N)                53 us
[5.264s][info   ][gc,stats    ] Pacing                            68481 us
[5.264s][info   ][gc,stats    ] 
[5.264s][info   ][gc,stats    ] Allocation pacing accrued:
[5.264s][info   ][gc,stats    ]      11 of    33 ms ( 32.7%): Thread-0
[5.264s][info   ][gc,stats    ]      13 of    33 ms ( 39.6%): Thread-1
[5.264s][info   ][gc,stats    ]      13 of    33 ms ( 39.7%): Thread-3
[5.264s][info   ][gc,stats    ]      10 of    33 ms ( 31.7%): Thread-4
[5.264s][info   ][gc,stats    ]      10 of    33 ms ( 31.8%): Thread-6
[5.264s][info   ][gc,stats    ]      11 of    33 ms ( 32.4%): Thread-7
[5.264s][info   ][gc,stats    ]      68 of    33 ms (208.0%): <total>
[5.264s][info   ][gc,stats    ]       4 of    33 ms ( 10.9%): <average total>
[5.264s][info   ][gc,stats    ]      11 of    33 ms ( 34.7%): <average non-zero>
[5.264s][info   ][gc,stats    ] 
[5.264s][info   ][gc,metaspace] Metaspace: 213K(448K)->213K(448K) NonClass: 204K(320K)->204K(320K) Class: 9K(128K)->9K(128K)
[5.264s][info   ][gc,ergo     ] Pacer for Idle. Initial: 41943K, Alloc Tax Rate: 1.0x
[5.275s][info   ][gc          ] Trigger: Average GC time (73.02 ms) is above the time for average allocation rate (14906 MB/s) to deplete free headroom (1049M) (margin of error = 1.91)
[5.275s][info   ][gc,ergo     ] Free headroom: 1152M (free) - 102M (spike) - 0B (penalties) = 1049M
[5.275s][info   ][gc,ergo     ] Free: 1150M, Max: 1024K regular, 448M humongous, Frag: 62% external, 0% internal; Reserve: 103M, Max: 1024K
[5.275s][info   ][gc,start    ] GC(73) Concurrent reset
[5.275s][info   ][gc,task     ] GC(73) Using 1 of 2 workers for concurrent reset
[5.275s][info   ][gc,ergo     ] GC(73) Pacer for Reset. Non-Taxable: 2048M
[5.278s][info   ][gc          ] GC(73) Concurrent reset 3.356ms
[5.281s][info   ][gc,start    ] GC(73) Pause Init Mark (unload classes)
[5.281s][info   ][gc,task     ] GC(73) Using 2 of 2 workers for init marking
[5.281s][info   ][gc,ergo     ] GC(73) Pacer for Mark. Expected Live: 128M, Free: 1064M, Non-Taxable: 106M, Alloc Tax Rate: 0.1x
[5.281s][info   ][gc          ] GC(73) Pause Init Mark (unload classes) 0.177ms
[5.281s][info   ][gc,start    ] GC(73) Concurrent marking roots
[5.281s][info   ][gc,task     ] GC(73) Using 1 of 2 workers for concurrent marking roots
[5.282s][info   ][gc          ] GC(73) Concurrent marking roots 0.446ms
[5.282s][info   ][gc,start    ] GC(73) Concurrent marking (unload classes)
[5.282s][info   ][gc,task     ] GC(73) Using 1 of 2 workers for concurrent marking
[5.298s][info   ][gc          ] GC(73) Concurrent marking (unload classes) 16.005ms
[5.299s][info   ][gc,start    ] GC(73) Pause Final Mark (unload classes)
[5.299s][info   ][gc,task     ] GC(73) Using 2 of 2 workers for final marking
[5.301s][info   ][gc,ergo     ] GC(73) Collectable Garbage: 312M (97%), Immediate: 312M (97%), CSet: 0B (0%)
[5.301s][info   ][gc          ] GC(73) Pause Final Mark (unload classes) 2.260ms
[5.301s][info   ][gc,start    ] GC(73) Concurrent weak references
[5.301s][info   ][gc,task     ] GC(73) Using 1 of 2 workers for concurrent weak references
[5.310s][info   ][gc,ref      ] GC(73) Encountered references: Soft: 11, Weak: 37, Final: 0, Phantom: 5
[5.310s][info   ][gc,ref      ] GC(73) Discovered  references: Soft: 0, Weak: 11, Final: 0, Phantom: 5
[5.310s][info   ][gc,ref      ] GC(73) Enqueued    references: Soft: 0, Weak: 0, Final: 0, Phantom: 0
[5.310s][info   ][gc          ] GC(73) Concurrent weak references 8.281ms
[5.310s][info   ][gc,start    ] GC(73) Concurrent weak roots
[5.310s][info   ][gc,task     ] GC(73) Using 1 of 2 workers for concurrent weak root
[5.324s][info   ][gc          ] GC(73) Concurrent weak roots 14.642ms
[5.325s][info   ][gc,start    ] GC(73) Concurrent cleanup
[5.326s][info   ][gc          ] GC(73) Concurrent cleanup 750M->445M(2048M) 1.247ms
[5.326s][info   ][gc,ergo     ] GC(73) Free: 1060M, Max: 1024K regular, 456M humongous, Frag: 57% external, 0% internal; Reserve: 103M, Max: 1024K
[5.326s][info   ][gc,start    ] GC(73) Concurrent class unloading
[5.326s][info   ][gc,task     ] GC(73) Using 1 of 2 workers for concurrent class unloading
[5.342s][info   ][gc          ] GC(73) Concurrent class unloading 15.600ms
[5.343s][info   ][gc,start    ] GC(73) Pause Final Roots
[5.343s][info   ][gc          ] GC(73) Pause Final Roots 0.046ms
[5.343s][info   ][gc,ergo     ] Free: 824M, Max: 1024K regular, 456M humongous, Frag: 45% external, 0% internal; Reserve: 103M, Max: 1024K
[5.343s][info   ][gc,stats    ] 
[5.343s][info   ][gc,stats    ] All times are wall-clock times, except per-root-class counters, that are sum over
[5.343s][info   ][gc,stats    ] all workers. Dividing the <total> over the root stage time estimates parallelism.
[5.343s][info   ][gc,stats    ] 
[5.343s][info   ][gc,stats    ] Concurrent Reset                   3473 us
[5.343s][info   ][gc,stats    ] Pause Init Mark (G)                2922 us
[5.343s][info   ][gc,stats    ] Pause Init Mark (N)                 185 us
[5.343s][info   ][gc,stats    ]   Update Region States               91 us
[5.343s][info   ][gc,stats    ] Concurrent Mark Roots               467 us, parallelism: 0.60x
[5.343s][info   ][gc,stats    ]   CMR: <total>                      283 us
[5.343s][info   ][gc,stats    ]   CMR: Thread Roots                 223 us, workers (us): 223, ---, 
[5.343s][info   ][gc,stats    ]   CMR: VM Strong Roots                7 us, workers (us):   7, ---, 
[5.343s][info   ][gc,stats    ]   CMR: CLDG Roots                    52 us, workers (us):  52, ---, 
[5.343s][info   ][gc,stats    ] Concurrent Marking                16200 us
[5.343s][info   ][gc,stats    ] Pause Final Mark (G)               3280 us
[5.343s][info   ][gc,stats    ] Pause Final Mark (N)               2269 us
[5.343s][info   ][gc,stats    ]   Finish Mark                      2003 us
[5.343s][info   ][gc,stats    ]   Update Region States               86 us
[5.343s][info   ][gc,stats    ]   Choose Collection Set             109 us
[5.343s][info   ][gc,stats    ]   Rebuild Free Set                   10 us
[5.343s][info   ][gc,stats    ] Concurrent Weak References         8300 us, parallelism: 0.00x
[5.343s][info   ][gc,stats    ]   CWRF: <total>                      22 us
[5.343s][info   ][gc,stats    ]   CWRF: Weak References              22 us, workers (us):  22, ---, 
[5.343s][info   ][gc,stats    ] Concurrent Weak Roots             14894 us
[5.343s][info   ][gc,stats    ]   Roots                            3132 us, parallelism: 0.05x
[5.343s][info   ][gc,stats    ]     CWR: <total>                    166 us
[5.343s][info   ][gc,stats    ]     CWR: Code Cache Roots            97 us, workers (us):  97, ---, 
[5.343s][info   ][gc,stats    ]     CWR: VM Weak Roots               64 us, workers (us):  64, ---, 
[5.343s][info   ][gc,stats    ]     CWR: CLDG Roots                   4 us, workers (us):   4, ---, 
[5.343s][info   ][gc,stats    ]   Rendezvous                      11451 us
[5.343s][info   ][gc,stats    ] Concurrent Cleanup                 1399 us
[5.343s][info   ][gc,stats    ] Concurrent Class Unloading        15764 us
[5.343s][info   ][gc,stats    ]   Unlink Stale                     3220 us
[5.343s][info   ][gc,stats    ]     System Dictionary                19 us
[5.343s][info   ][gc,stats    ]     Weak Class Links                  1 us
[5.343s][info   ][gc,stats    ]     Code Roots                     3190 us
[5.343s][info   ][gc,stats    ]   Rendezvous                       6123 us
[5.343s][info   ][gc,stats    ]   Purge Unlinked                   6181 us
[5.343s][info   ][gc,stats    ]     Code Roots                     6145 us
[5.343s][info   ][gc,stats    ]     CLDG                             30 us
[5.343s][info   ][gc,stats    ]     Exception Caches                  1 us
[5.343s][info   ][gc,stats    ] Pause Final Roots (G)              1117 us
[5.343s][info   ][gc,stats    ] Pause Final Roots (N)                55 us
[5.343s][info   ][gc,stats    ] Pacing                            32080 us
[5.343s][info   ][gc,stats    ] 
[5.343s][info   ][gc,stats    ] Allocation pacing accrued:
[5.343s][info   ][gc,stats    ]      11 of    79 ms ( 14.3%): Thread-4
[5.343s][info   ][gc,stats    ]      10 of    79 ms ( 12.0%): Thread-6
[5.343s][info   ][gc,stats    ]      11 of    79 ms ( 14.2%): Thread-7
[5.343s][info   ][gc,stats    ]      32 of    79 ms ( 40.5%): <total>
[5.343s][info   ][gc,stats    ]       2 of    79 ms (  2.1%): <average total>
[5.344s][info   ][gc,stats    ]      11 of    79 ms ( 13.5%): <average non-zero>
[5.344s][info   ][gc,stats    ] 
[5.344s][info   ][gc,metaspace] Metaspace: 213K(448K)->213K(448K) NonClass: 204K(320K)->204K(320K) Class: 9K(128K)->9K(128K)
[5.344s][info   ][gc,ergo     ] Pacer for Idle. Initial: 41943K, Alloc Tax Rate: 1.0x
[5.345s][info   ][gc          ] Trigger: Average GC time (88.69 ms) is above the time for average allocation rate (14930 MB/s) to deplete free headroom (691M) (margin of error = 1.92)
[5.345s][info   ][gc,ergo     ] Free headroom: 794M (free) - 102M (spike) - 0B (penalties) = 691M
[5.345s][info   ][gc,ergo     ] Free: 794M, Max: 1024K regular, 456M humongous, Frag: 43% external, 0% internal; Reserve: 103M, Max: 1024K
[5.345s][info   ][gc,start    ] GC(74) Concurrent reset
[5.345s][info   ][gc,task     ] GC(74) Using 1 of 2 workers for concurrent reset
[5.345s][info   ][gc,ergo     ] GC(74) Pacer for Reset. Non-Taxable: 2048M
[5.347s][info   ][gc          ] GC(74) Concurrent reset 2.573ms
[5.350s][info   ][gc,start    ] GC(74) Pause Init Mark (unload classes)
[5.350s][info   ][gc,task     ] GC(74) Using 2 of 2 workers for init marking
[5.350s][info   ][gc,ergo     ] GC(74) Pacer for Mark. Expected Live: 132M, Free: 732M, Non-Taxable: 74956K, Alloc Tax Rate: 0.2x
[5.350s][info   ][gc          ] GC(74) Pause Init Mark (unload classes) 0.242ms
[5.351s][info   ][gc,start    ] GC(74) Concurrent marking roots
[5.351s][info   ][gc,task     ] GC(74) Using 1 of 2 workers for concurrent marking roots
[5.356s][info   ][gc          ] GC(74) Concurrent marking roots 5.599ms
[5.356s][info   ][gc,start    ] GC(74) Concurrent marking (unload classes)
[5.356s][info   ][gc,task     ] GC(74) Using 1 of 2 workers for concurrent marking
[5.358s][info   ][gc          ] GC(74) Concurrent marking (unload classes) 1.412ms
[5.358s][info   ][gc,start    ] GC(74) Pause Final Mark (unload classes)
[5.358s][info   ][gc,task     ] GC(74) Using 2 of 2 workers for final marking
[5.358s][info   ][gc,ergo     ] GC(74) Collectable Garbage: 474M (98%), Immediate: 474M (98%), CSet: 0B (0%)
[5.358s][info   ][gc          ] GC(74) Pause Final Mark (unload classes) 0.529ms
[5.358s][info   ][gc,start    ] GC(74) Concurrent weak references
[5.359s][info   ][gc,task     ] GC(74) Using 1 of 2 workers for concurrent weak references
[5.359s][info   ][gc,ref      ] GC(74) Encountered references: Soft: 11, Weak: 37, Final: 0, Phantom: 5
[5.359s][info   ][gc,ref      ] GC(74) Discovered  references: Soft: 0, Weak: 11, Final: 0, Phantom: 5
[5.359s][info   ][gc,ref      ] GC(74) Enqueued    references: Soft: 0, Weak: 0, Final: 0, Phantom: 0
[5.359s][info   ][gc          ] GC(74) Concurrent weak references 0.117ms
[5.359s][info   ][gc,start    ] GC(74) Concurrent weak roots
[5.359s][info   ][gc,task     ] GC(74) Using 1 of 2 workers for concurrent weak root
[5.359s][info   ][gc          ] GC(74) Concurrent weak roots 0.240ms
[5.359s][info   ][gc,start    ] GC(74) Concurrent cleanup
[5.360s][info   ][gc          ] GC(74) Concurrent cleanup 647M->173M(2048M) 0.638ms
[5.360s][info   ][gc,ergo     ] GC(74) Free: 1606M, Max: 1024K regular, 460M humongous, Frag: 72% external, 0% internal; Reserve: 103M, Max: 1024K
[5.360s][info   ][gc,start    ] GC(74) Concurrent class unloading
[5.360s][info   ][gc,task     ] GC(74) Using 1 of 2 workers for concurrent class unloading
[5.360s][info   ][gc          ] GC(74) Concurrent class unloading 0.322ms
[5.360s][info   ][gc,start    ] GC(74) Pause Final Roots
[5.360s][info   ][gc          ] GC(74) Pause Final Roots 0.020ms
[5.360s][info   ][gc,ergo     ] Free: 1606M, Max: 1024K regular, 460M humongous, Frag: 72% external, 0% internal; Reserve: 103M, Max: 1024K
[5.360s][info   ][gc,stats    ] 
[5.360s][info   ][gc,stats    ] All times are wall-clock times, except per-root-class counters, that are sum over
[5.360s][info   ][gc,stats    ] all workers. Dividing the <total> over the root stage time estimates parallelism.
[5.360s][info   ][gc,stats    ] 
[5.360s][info   ][gc,stats    ] Concurrent Reset                   2611 us
[5.360s][info   ][gc,stats    ] Pause Init Mark (G)                3112 us
[5.360s][info   ][gc,stats    ] Pause Init Mark (N)                 251 us
[5.360s][info   ][gc,stats    ]   Update Region States              175 us
[5.360s][info   ][gc,stats    ] Concurrent Mark Roots              5823 us, parallelism: 0.93x
[5.360s][info   ][gc,stats    ]   CMR: <total>                     5424 us
[5.360s][info   ][gc,stats    ]   CMR: Thread Roots                5373 us, workers (us): 5373, ---, 
[5.360s][info   ][gc,stats    ]   CMR: VM Strong Roots                8 us, workers (us):   8, ---, 
[5.360s][info   ][gc,stats    ]   CMR: CLDG Roots                    44 us, workers (us):  44, ---, 
[5.360s][info   ][gc,stats    ] Concurrent Marking                 1432 us
[5.360s][info   ][gc,stats    ] Pause Final Mark (G)                631 us
[5.360s][info   ][gc,stats    ] Pause Final Mark (N)                540 us
[5.360s][info   ][gc,stats    ]   Finish Mark                       325 us
[5.360s][info   ][gc,stats    ]   Update Region States               68 us
[5.360s][info   ][gc,stats    ]   Choose Collection Set              86 us
[5.360s][info   ][gc,stats    ]   Rebuild Free Set                   13 us
[5.360s][info   ][gc,stats    ] Concurrent Weak References          123 us, parallelism: 0.02x
[5.360s][info   ][gc,stats    ]   CWRF: <total>                       2 us
[5.360s][info   ][gc,stats    ]   CWRF: Weak References               2 us, workers (us):   2, ---, 
[5.360s][info   ][gc,stats    ] Concurrent Weak Roots               256 us
[5.360s][info   ][gc,stats    ]   Roots                             144 us, parallelism: 0.40x
[5.360s][info   ][gc,stats    ]     CWR: <total>                     57 us
[5.360s][info   ][gc,stats    ]     CWR: Code Cache Roots            31 us, workers (us):  31, ---, 
[5.360s][info   ][gc,stats    ]     CWR: VM Weak Roots               24 us, workers (us):  24, ---, 
[5.360s][info   ][gc,stats    ]     CWR: CLDG Roots                   2 us, workers (us):   2, ---, 
[5.360s][info   ][gc,stats    ]   Rendezvous                         80 us
[5.360s][info   ][gc,stats    ] Concurrent Cleanup                  654 us
[5.360s][info   ][gc,stats    ] Concurrent Class Unloading          334 us
[5.360s][info   ][gc,stats    ]   Unlink Stale                      167 us
[5.360s][info   ][gc,stats    ]     System Dictionary                 5 us
[5.360s][info   ][gc,stats    ]     Weak Class Links                  1 us
[5.360s][info   ][gc,stats    ]     Code Roots                      159 us
[5.360s][info   ][gc,stats    ]   Rendezvous                         64 us
[5.360s][info   ][gc,stats    ]   Purge Unlinked                     73 us
[5.360s][info   ][gc,stats    ]     Code Roots                       56 us
[5.360s][info   ][gc,stats    ]     CLDG                             14 us
[5.360s][info   ][gc,stats    ]     Exception Caches                  1 us
[5.360s][info   ][gc,stats    ] Pause Final Roots (G)               134 us
[5.360s][info   ][gc,stats    ] Pause Final Roots (N)                30 us
[5.360s][info   ][gc,stats    ] 
[5.360s][info   ][gc,stats    ] Allocation pacing accrued:
[5.360s][info   ][gc,stats    ]       0 of    17 ms (  0.0%): <total>
[5.360s][info   ][gc,stats    ]       0 of    17 ms (  0.0%): <average total>
[5.360s][info   ][gc,stats    ] 
[5.360s][info   ][gc,metaspace] Metaspace: 213K(448K)->213K(448K) NonClass: 204K(320K)->204K(320K) Class: 9K(128K)->9K(128K)
[5.360s][info   ][gc,ergo     ] Pacer for Idle. Initial: 41943K, Alloc Tax Rate: 1.0x
[5.383s][info   ][gc          ] Trigger: Average GC time (79.60 ms) is above the time for average allocation rate (14904 MB/s) to deplete free headroom (1177M) (margin of error = 1.91)
[5.384s][info   ][gc,ergo     ] Free headroom: 1280M (free) - 102M (spike) - 0B (penalties) = 1177M
[5.384s][info   ][gc,ergo     ] Free: 1276M, Max: 1024K regular, 460M humongous, Frag: 64% external, 0% internal; Reserve: 103M, Max: 1024K
[5.384s][info   ][gc,start    ] GC(75) Concurrent reset
[5.384s][info   ][gc,task     ] GC(75) Using 1 of 2 workers for concurrent reset
[5.384s][info   ][gc,ergo     ] GC(75) Pacer for Reset. Non-Taxable: 2048M
[5.390s][info   ][gc          ] GC(75) Concurrent reset 6.023ms
[5.392s][info   ][gc,start    ] GC(75) Pause Init Mark (unload classes)
[5.392s][info   ][gc,task     ] GC(75) Using 2 of 2 workers for init marking
[5.392s][info   ][gc,ergo     ] GC(75) Pacer for Mark. Expected Live: 132M, Free: 1168M, Non-Taxable: 116M, Alloc Tax Rate: 0.1x
[5.392s][info   ][gc          ] GC(75) Pause Init Mark (unload classes) 0.182ms
[5.392s][info   ][gc,start    ] GC(75) Concurrent marking roots
[5.393s][info   ][gc,task     ] GC(75) Using 1 of 2 workers for concurrent marking roots
[5.395s][info   ][gc          ] GC(75) Concurrent marking roots 2.887ms
[5.395s][info   ][gc,start    ] GC(75) Concurrent marking (unload classes)
[5.395s][info   ][gc,task     ] GC(75) Using 1 of 2 workers for concurrent marking
[5.408s][info   ][gc          ] GC(75) Concurrent marking (unload classes) 12.532ms
[5.409s][info   ][gc,start    ] GC(75) Pause Final Mark (unload classes)
[5.409s][info   ][gc,task     ] GC(75) Using 2 of 2 workers for final marking
[5.410s][info   ][gc,ergo     ] GC(75) Collectable Garbage: 259M (97%), Immediate: 259M (97%), CSet: 0B (0%)
[5.410s][info   ][gc          ] GC(75) Pause Final Mark (unload classes) 0.498ms
[5.412s][info   ][gc,start    ] GC(75) Concurrent weak references
[5.413s][info   ][gc,task     ] GC(75) Using 1 of 2 workers for concurrent weak references
[5.415s][info   ][gc,ref      ] GC(75) Encountered references: Soft: 11, Weak: 37, Final: 0, Phantom: 5
[5.416s][info   ][gc,ref      ] GC(75) Discovered  references: Soft: 0, Weak: 11, Final: 0, Phantom: 5
[5.416s][info   ][gc,ref      ] GC(75) Enqueued    references: Soft: 0, Weak: 0, Final: 0, Phantom: 0
[5.416s][info   ][gc          ] GC(75) Concurrent weak references 3.106ms
[5.416s][info   ][gc,start    ] GC(75) Concurrent weak roots
[5.416s][info   ][gc,task     ] GC(75) Using 1 of 2 workers for concurrent weak root
[5.429s][info   ][gc          ] GC(75) Concurrent weak roots 13.397ms
[5.429s][info   ][gc,start    ] GC(75) Concurrent cleanup
[5.430s][info   ][gc          ] GC(75) Concurrent cleanup 658M->405M(2048M) 1.047ms
[5.431s][info   ][gc,ergo     ] GC(75) Free: 1142M, Max: 1024K regular, 606M humongous, Frag: 47% external, 0% internal; Reserve: 103M, Max: 1024K
[5.431s][info   ][gc,start    ] GC(75) Concurrent class unloading
[5.431s][info   ][gc,task     ] GC(75) Using 1 of 2 workers for concurrent class unloading
[5.440s][info   ][gc          ] GC(75) Concurrent class unloading 8.863ms
[5.440s][info   ][gc,start    ] GC(75) Pause Final Roots
[5.441s][info   ][gc          ] GC(75) Pause Final Roots 0.056ms
[5.447s][info   ][gc,ergo     ] Free: 932M, Max: 1024K regular, 606M humongous, Frag: 35% external, 0% internal; Reserve: 103M, Max: 1024K
[5.447s][info   ][gc,stats    ] 
[5.447s][info   ][gc,stats    ] All times are wall-clock times, except per-root-class counters, that are sum over
[5.447s][info   ][gc,stats    ] all workers. Dividing the <total> over the root stage time estimates parallelism.
[5.447s][info   ][gc,stats    ] 
[5.447s][info   ][gc,stats    ] Concurrent Reset                   6227 us
[5.447s][info   ][gc,stats    ] Pause Init Mark (G)                2603 us
[5.447s][info   ][gc,stats    ] Pause Init Mark (N)                 192 us
[5.447s][info   ][gc,stats    ]   Update Region States               93 us
[5.447s][info   ][gc,stats    ] Concurrent Mark Roots              2952 us, parallelism: 0.10x
[5.447s][info   ][gc,stats    ]   CMR: <total>                      286 us
[5.447s][info   ][gc,stats    ]   CMR: Thread Roots                 218 us, workers (us): 218, ---, 
[5.447s][info   ][gc,stats    ]   CMR: VM Strong Roots               12 us, workers (us):  12, ---, 
[5.447s][info   ][gc,stats    ]   CMR: CLDG Roots                    56 us, workers (us):  56, ---, 
[5.447s][info   ][gc,stats    ] Concurrent Marking                12675 us
[5.447s][info   ][gc,stats    ] Pause Final Mark (G)               4346 us
[5.447s][info   ][gc,stats    ] Pause Final Mark (N)                509 us
[5.447s][info   ][gc,stats    ]   Finish Mark                       196 us
[5.447s][info   ][gc,stats    ]   Update Region States              130 us
[5.447s][info   ][gc,stats    ]   Choose Collection Set              99 us
[5.447s][info   ][gc,stats    ]   Rebuild Free Set                    9 us
[5.447s][info   ][gc,stats    ] Concurrent Weak References         3147 us, parallelism: 0.01x
[5.447s][info   ][gc,stats    ]   CWRF: <total>                      18 us
[5.447s][info   ][gc,stats    ]   CWRF: Weak References              18 us, workers (us):  18, ---, 
[5.447s][info   ][gc,stats    ] Concurrent Weak Roots             13645 us
[5.447s][info   ][gc,stats    ]   Roots                            7316 us, parallelism: 0.03x
[5.447s][info   ][gc,stats    ]     CWR: <total>                    190 us
[5.447s][info   ][gc,stats    ]     CWR: Code Cache Roots           122 us, workers (us): 122, ---, 
[5.447s][info   ][gc,stats    ]     CWR: VM Weak Roots               63 us, workers (us):  63, ---, 
[5.448s][info   ][gc,stats    ]     CWR: CLDG Roots                   5 us, workers (us):   5, ---, 
[5.448s][info   ][gc,stats    ]   Rendezvous                       5972 us
[5.448s][info   ][gc,stats    ] Concurrent Cleanup                 1180 us
[5.448s][info   ][gc,stats    ] Concurrent Class Unloading         9013 us
[5.448s][info   ][gc,stats    ]   Unlink Stale                     3644 us
[5.448s][info   ][gc,stats    ]     System Dictionary                21 us
[5.448s][info   ][gc,stats    ]     Weak Class Links                  3 us
[5.448s][info   ][gc,stats    ]     Code Roots                     3607 us
[5.448s][info   ][gc,stats    ]   Rendezvous                       5003 us
[5.448s][info   ][gc,stats    ]   Purge Unlinked                    125 us
[5.448s][info   ][gc,stats    ]     Code Roots                       93 us
[5.448s][info   ][gc,stats    ]     CLDG                             28 us
[5.448s][info   ][gc,stats    ]     Exception Caches                  1 us
[5.448s][info   ][gc,stats    ] Pause Final Roots (G)              7026 us
[5.448s][info   ][gc,stats    ] Pause Final Roots (N)                66 us
[5.448s][info   ][gc,stats    ] Pacing                            88399 us
[5.448s][info   ][gc,stats    ] 
[5.448s][info   ][gc,stats    ] Allocation pacing accrued:
[5.448s][info   ][gc,stats    ]       5 of    88 ms (  5.9%): Thread-0
[5.448s][info   ][gc,stats    ]      15 of    88 ms ( 17.4%): Thread-1
[5.448s][info   ][gc,stats    ]      11 of    88 ms ( 12.1%): Thread-2
[5.448s][info   ][gc,stats    ]      15 of    88 ms ( 16.6%): Thread-3
[5.448s][info   ][gc,stats    ]      16 of    88 ms ( 18.3%): Thread-4
[5.448s][info   ][gc,stats    ]      15 of    88 ms ( 17.6%): Thread-5
[5.448s][info   ][gc,stats    ]       5 of    88 ms (  6.1%): Thread-6
[5.448s][info   ][gc,stats    ]       6 of    88 ms (  6.9%): Thread-7
[5.448s][info   ][gc,stats    ]      88 of    88 ms (100.9%): <total>
[5.448s][info   ][gc,stats    ]       5 of    88 ms (  5.3%): <average total>
[5.448s][info   ][gc,stats    ]      11 of    88 ms ( 12.6%): <average non-zero>
[5.448s][info   ][gc,stats    ] 
[5.448s][info   ][gc,metaspace] Metaspace: 213K(448K)->213K(448K) NonClass: 204K(320K)->204K(320K) Class: 9K(128K)->9K(128K)
[5.448s][info   ][gc,ergo     ] Pacer for Idle. Initial: 41943K, Alloc Tax Rate: 1.0x
[5.451s][info   ][gc          ] Trigger: Average GC time (90.67 ms) is above the time for average allocation rate (14920 MB/s) to deplete free headroom (781M) (margin of error = 1.92)
[5.451s][info   ][gc,ergo     ] Free headroom: 884M (free) - 102M (spike) - 0B (penalties) = 781M
[5.451s][info   ][gc,ergo     ] Free: 880M, Max: 1024K regular, 606M humongous, Frag: 32% external, 0% internal; Reserve: 103M, Max: 1024K
[5.451s][info   ][gc,start    ] GC(76) Concurrent reset
[5.451s][info   ][gc,task     ] GC(76) Using 1 of 2 workers for concurrent reset
[5.451s][info   ][gc,ergo     ] GC(76) Pacer for Reset. Non-Taxable: 2048M
[5.459s][info   ][gc          ] GC(76) Concurrent reset 7.886ms
[5.461s][info   ][gc,start    ] GC(76) Pause Init Mark (unload classes)
[5.461s][info   ][gc,task     ] GC(76) Using 2 of 2 workers for init marking
[5.461s][info   ][gc,ergo     ] GC(76) Pacer for Mark. Expected Live: 129M, Free: 774M, Non-Taxable: 79257K, Alloc Tax Rate: 0.2x
[5.461s][info   ][gc          ] GC(76) Pause Init Mark (unload classes) 0.176ms
[5.461s][info   ][gc,start    ] GC(76) Concurrent marking roots
[5.461s][info   ][gc,task     ] GC(76) Using 1 of 2 workers for concurrent marking roots
[5.462s][info   ][gc          ] GC(76) Concurrent marking roots 0.484ms
[5.462s][info   ][gc,start    ] GC(76) Concurrent marking (unload classes)
[5.462s][info   ][gc,task     ] GC(76) Using 1 of 2 workers for concurrent marking
[5.468s][info   ][gc          ] GC(76) Concurrent marking (unload classes) 5.834ms
[5.468s][info   ][gc,start    ] GC(76) Pause Final Mark (unload classes)
[5.468s][info   ][gc,task     ] GC(76) Using 2 of 2 workers for final marking
[5.469s][info   ][gc,ergo     ] GC(76) Collectable Garbage: 437M (98%), Immediate: 437M (98%), CSet: 0B (0%)
[5.470s][info   ][gc          ] GC(76) Pause Final Mark (unload classes) 1.767ms
[5.470s][info   ][gc,start    ] GC(76) Concurrent weak references
[5.470s][info   ][gc,task     ] GC(76) Using 1 of 2 workers for concurrent weak references
[5.479s][info   ][gc,ref      ] GC(76) Encountered references: Soft: 11, Weak: 37, Final: 0, Phantom: 5
[5.479s][info   ][gc,ref      ] GC(76) Discovered  references: Soft: 0, Weak: 11, Final: 0, Phantom: 5
[5.479s][info   ][gc,ref      ] GC(76) Enqueued    references: Soft: 0, Weak: 0, Final: 0, Phantom: 0
[5.479s][info   ][gc          ] GC(76) Concurrent weak references 9.138ms
[5.479s][info   ][gc,start    ] GC(76) Concurrent weak roots
[5.479s][info   ][gc,task     ] GC(76) Using 1 of 2 workers for concurrent weak root
[5.488s][info   ][gc          ] GC(76) Concurrent weak roots 9.071ms
[5.488s][info   ][gc,start    ] GC(76) Concurrent cleanup
[5.489s][info   ][gc          ] GC(76) Concurrent cleanup 766M->333M(2048M) 0.828ms
[5.489s][info   ][gc,ergo     ] GC(76) Free: 1284M, Max: 1024K regular, 420M humongous, Frag: 68% external, 0% internal; Reserve: 103M, Max: 1024K
[5.489s][info   ][gc,start    ] GC(76) Concurrent class unloading
[5.489s][info   ][gc,task     ] GC(76) Using 1 of 2 workers for concurrent class unloading
[5.494s][info   ][gc          ] GC(76) Concurrent class unloading 4.900ms
[5.496s][info   ][gc,start    ] GC(76) Pause Final Roots
[5.496s][info   ][gc          ] GC(76) Pause Final Roots 0.041ms
[5.501s][info   ][gc,ergo     ] Free: 1118M, Max: 1024K regular, 420M humongous, Frag: 63% external, 0% internal; Reserve: 103M, Max: 1024K
[5.501s][info   ][gc,stats    ] 
[5.501s][info   ][gc,stats    ] All times are wall-clock times, except per-root-class counters, that are sum over
[5.501s][info   ][gc,stats    ] all workers. Dividing the <total> over the root stage time estimates parallelism.
[5.501s][info   ][gc,stats    ] 
[5.501s][info   ][gc,stats    ] Concurrent Reset                   8104 us
[5.501s][info   ][gc,stats    ] Pause Init Mark (G)                2026 us
[5.501s][info   ][gc,stats    ] Pause Init Mark (N)                 185 us
[5.501s][info   ][gc,stats    ]   Update Region States               92 us
[5.501s][info   ][gc,stats    ] Concurrent Mark Roots               542 us, parallelism: 0.71x
[5.501s][info   ][gc,stats    ]   CMR: <total>                      387 us
[5.501s][info   ][gc,stats    ]   CMR: Thread Roots                 324 us, workers (us): 324, ---, 
[5.501s][info   ][gc,stats    ]   CMR: VM Strong Roots                9 us, workers (us):   9, ---, 
[5.501s][info   ][gc,stats    ]   CMR: CLDG Roots                    53 us, workers (us):  53, ---, 
[5.501s][info   ][gc,stats    ] Concurrent Marking                 5915 us
[5.501s][info   ][gc,stats    ] Pause Final Mark (G)               2016 us
[5.501s][info   ][gc,stats    ] Pause Final Mark (N)               1777 us
[5.501s][info   ][gc,stats    ]   Finish Mark                      1529 us
[5.501s][info   ][gc,stats    ]   Update Region States               94 us
[5.501s][info   ][gc,stats    ]   Choose Collection Set              95 us
[5.501s][info   ][gc,stats    ]   Rebuild Free Set                   12 us
[5.501s][info   ][gc,stats    ] Concurrent Weak References         9170 us, parallelism: 0.00x
[5.501s][info   ][gc,stats    ]   CWRF: <total>                      12 us
[5.501s][info   ][gc,stats    ]   CWRF: Weak References              12 us, workers (us):  12, ---, 
[5.501s][info   ][gc,stats    ] Concurrent Weak Roots              9292 us
[5.501s][info   ][gc,stats    ]   Roots                            3069 us, parallelism: 0.06x
[5.501s][info   ][gc,stats    ]     CWR: <total>                    197 us
[5.501s][info   ][gc,stats    ]     CWR: Code Cache Roots           118 us, workers (us): 118, ---, 
[5.501s][info   ][gc,stats    ]     CWR: VM Weak Roots               73 us, workers (us):  73, ---, 
[5.501s][info   ][gc,stats    ]     CWR: CLDG Roots                   6 us, workers (us):   6, ---, 
[5.501s][info   ][gc,stats    ]   Rendezvous                       5958 us
[5.501s][info   ][gc,stats    ] Concurrent Cleanup                  966 us
[5.501s][info   ][gc,stats    ] Concurrent Class Unloading         5136 us
[5.501s][info   ][gc,stats    ]   Unlink Stale                      477 us
[5.501s][info   ][gc,stats    ]     System Dictionary                17 us
[5.501s][info   ][gc,stats    ]     Weak Class Links                  2 us
[5.501s][info   ][gc,stats    ]     Code Roots                      451 us
[5.501s][info   ][gc,stats    ]   Rendezvous                       4127 us
[5.501s][info   ][gc,stats    ]   Purge Unlinked                    213 us
[5.501s][info   ][gc,stats    ]     Code Roots                      102 us
[5.501s][info   ][gc,stats    ]     CLDG                            107 us
[5.501s][info   ][gc,stats    ]     Exception Caches                  1 us
[5.501s][info   ][gc,stats    ] Pause Final Roots (G)              6127 us
[5.501s][info   ][gc,stats    ] Pause Final Roots (N)                51 us
[5.501s][info   ][gc,stats    ] Pacing                            39604 us
[5.501s][info   ][gc,stats    ] 
[5.501s][info   ][gc,stats    ] Allocation pacing accrued:
[5.501s][info   ][gc,stats    ]       5 of    53 ms (  8.9%): Thread-0
[5.501s][info   ][gc,stats    ]       5 of    53 ms (  9.0%): Thread-1
[5.501s][info   ][gc,stats    ]       7 of    53 ms ( 12.5%): Thread-2
[5.501s][info   ][gc,stats    ]       5 of    53 ms (  9.0%): Thread-3
[5.501s][info   ][gc,stats    ]       7 of    53 ms ( 13.4%): Thread-4
[5.501s][info   ][gc,stats    ]       5 of    53 ms (  8.6%): Thread-5
[5.501s][info   ][gc,stats    ]       7 of    53 ms ( 12.7%): Thread-7
[5.501s][info   ][gc,stats    ]      40 of    53 ms ( 74.0%): <total>
[5.501s][info   ][gc,stats    ]       2 of    53 ms (  3.9%): <average total>
[5.501s][info   ][gc,stats    ]       6 of    53 ms ( 10.6%): <average non-zero>
[5.501s][info   ][gc,stats    ] 
[5.502s][info   ][gc,metaspace] Metaspace: 213K(448K)->213K(448K) NonClass: 204K(320K)->204K(320K) Class: 9K(128K)->9K(128K)
[5.502s][info   ][gc,ergo     ] Pacer for Idle. Initial: 41943K, Alloc Tax Rate: 1.0x
[5.505s][info   ][gc          ] Trigger: Average GC time (78.83 ms) is above the time for average allocation rate (14920 MB/s) to deplete free headroom (965M) (margin of error = 1.92)
[5.505s][info   ][gc,ergo     ] Free headroom: 1068M (free) - 102M (spike) - 0B (penalties) = 965M
[5.505s][info   ][gc,ergo     ] Free: 1068M, Max: 1024K regular, 420M humongous, Frag: 61% external, 0% internal; Reserve: 103M, Max: 1024K
[5.505s][info   ][gc,start    ] GC(77) Concurrent reset
[5.505s][info   ][gc,task     ] GC(77) Using 1 of 2 workers for concurrent reset
[5.505s][info   ][gc,ergo     ] GC(77) Pacer for Reset. Non-Taxable: 2048M
[5.508s][info   ][gc          ] GC(77) Concurrent reset 3.095ms
[5.509s][info   ][gc,start    ] GC(77) Pause Init Mark (unload classes)
[5.509s][info   ][gc,task     ] GC(77) Using 2 of 2 workers for init marking
[5.510s][info   ][gc,ergo     ] GC(77) Pacer for Mark. Expected Live: 132M, Free: 1032M, Non-Taxable: 103M, Alloc Tax Rate: 0.2x
[5.510s][info   ][gc          ] GC(77) Pause Init Mark (unload classes) 0.193ms
[5.510s][info   ][gc,start    ] GC(77) Concurrent marking roots
[5.510s][info   ][gc,task     ] GC(77) Using 1 of 2 workers for concurrent marking roots
[5.511s][info   ][gc          ] GC(77) Concurrent marking roots 1.297ms
[5.511s][info   ][gc,start    ] GC(77) Concurrent marking (unload classes)
[5.511s][info   ][gc,task     ] GC(77) Using 1 of 2 workers for concurrent marking
[5.532s][info   ][gc          ] GC(77) Concurrent marking (unload classes) 21.129ms
[5.533s][info   ][gc,start    ] GC(77) Pause Final Mark (unload classes)
[5.533s][info   ][gc,task     ] GC(77) Using 2 of 2 workers for final marking
[5.533s][info   ][gc,ergo     ] GC(77) Collectable Garbage: 324M (98%), Immediate: 324M (98%), CSet: 0B (0%)
[5.534s][info   ][gc          ] GC(77) Pause Final Mark (unload classes) 0.304ms
[5.534s][info   ][gc,start    ] GC(77) Concurrent weak references
[5.534s][info   ][gc,task     ] GC(77) Using 1 of 2 workers for concurrent weak references
[5.534s][info   ][gc,ref      ] GC(77) Encountered references: Soft: 11, Weak: 37, Final: 0, Phantom: 5
[5.534s][info   ][gc,ref      ] GC(77) Discovered  references: Soft: 0, Weak: 11, Final: 0, Phantom: 5
[5.534s][info   ][gc,ref      ] GC(77) Enqueued    references: Soft: 0, Weak: 0, Final: 0, Phantom: 0
[5.534s][info   ][gc          ] GC(77) Concurrent weak references 0.083ms
[5.534s][info   ][gc,start    ] GC(77) Concurrent weak roots
[5.534s][info   ][gc,task     ] GC(77) Using 1 of 2 workers for concurrent weak root
[5.540s][info   ][gc          ] GC(77) Concurrent weak roots 5.858ms
[5.540s][info   ][gc,start    ] GC(77) Concurrent cleanup
[5.540s][info   ][gc          ] GC(77) Concurrent cleanup 669M->350M(2048M) 0.652ms
[5.540s][info   ][gc,ergo     ] GC(77) Free: 1252M, Max: 1024K regular, 422M humongous, Frag: 67% external, 0% internal; Reserve: 103M, Max: 1024K
[5.540s][info   ][gc,start    ] GC(77) Concurrent class unloading
[5.541s][info   ][gc,task     ] GC(77) Using 1 of 2 workers for concurrent class unloading
[5.549s][info   ][gc          ] GC(77) Concurrent class unloading 8.166ms
[5.550s][info   ][gc,start    ] GC(77) Pause Final Roots
[5.550s][info   ][gc          ] GC(77) Pause Final Roots 0.042ms
[5.550s][info   ][gc,ergo     ] Free: 1140M, Max: 1024K regular, 422M humongous, Frag: 63% external, 0% internal; Reserve: 103M, Max: 1024K
[5.550s][info   ][gc,stats    ] 
[5.550s][info   ][gc,stats    ] All times are wall-clock times, except per-root-class counters, that are sum over
[5.550s][info   ][gc,stats    ] all workers. Dividing the <total> over the root stage time estimates parallelism.
[5.550s][info   ][gc,stats    ] 
[5.550s][info   ][gc,stats    ] Concurrent Reset                   3200 us
[5.550s][info   ][gc,stats    ] Pause Init Mark (G)                1290 us
[5.550s][info   ][gc,stats    ] Pause Init Mark (N)                 203 us
[5.550s][info   ][gc,stats    ]   Update Region States              119 us
[5.550s][info   ][gc,stats    ] Concurrent Mark Roots              1337 us, parallelism: 0.23x
[5.550s][info   ][gc,stats    ]   CMR: <total>                      305 us
[5.550s][info   ][gc,stats    ]   CMR: Thread Roots                 250 us, workers (us): 250, ---, 
[5.550s][info   ][gc,stats    ]   CMR: VM Strong Roots               10 us, workers (us):  10, ---, 
[5.550s][info   ][gc,stats    ]   CMR: CLDG Roots                    46 us, workers (us):  46, ---, 
[5.550s][info   ][gc,stats    ] Concurrent Marking                21344 us
[5.550s][info   ][gc,stats    ] Pause Final Mark (G)               1209 us
[5.550s][info   ][gc,stats    ] Pause Final Mark (N)                314 us
[5.550s][info   ][gc,stats    ]   Finish Mark                        93 us
[5.550s][info   ][gc,stats    ]   Update Region States               57 us
[5.550s][info   ][gc,stats    ]   Choose Collection Set              99 us
[5.550s][info   ][gc,stats    ]   Rebuild Free Set                   11 us
[5.550s][info   ][gc,stats    ] Concurrent Weak References           90 us, parallelism: 0.13x
[5.550s][info   ][gc,stats    ]   CWRF: <total>                      12 us
[5.550s][info   ][gc,stats    ]   CWRF: Weak References              12 us, workers (us):  12, ---, 
[5.550s][info   ][gc,stats    ] Concurrent Weak Roots              6071 us
[5.550s][info   ][gc,stats    ]   Roots                             243 us, parallelism: 0.76x
[5.550s][info   ][gc,stats    ]     CWR: <total>                    184 us
[5.550s][info   ][gc,stats    ]     CWR: Code Cache Roots            96 us, workers (us):  96, ---, 
[5.550s][info   ][gc,stats    ]     CWR: VM Weak Roots               83 us, workers (us):  83, ---, 
[5.550s][info   ][gc,stats    ]     CWR: CLDG Roots                   4 us, workers (us):   4, ---, 
[5.550s][info   ][gc,stats    ]   Rendezvous                       5590 us
[5.550s][info   ][gc,stats    ] Concurrent Cleanup                  684 us
[5.550s][info   ][gc,stats    ] Concurrent Class Unloading         8314 us
[5.550s][info   ][gc,stats    ]   Unlink Stale                     3885 us
[5.550s][info   ][gc,stats    ]     System Dictionary                14 us
[5.550s][info   ][gc,stats    ]     Weak Class Links                  1 us
[5.551s][info   ][gc,stats    ]     Code Roots                     3863 us
[5.551s][info   ][gc,stats    ]   Rendezvous                       4066 us
[5.551s][info   ][gc,stats    ]   Purge Unlinked                    164 us
[5.551s][info   ][gc,stats    ]     Code Roots                       97 us
[5.551s][info   ][gc,stats    ]     CLDG                             61 us
[5.551s][info   ][gc,stats    ]     Exception Caches                  3 us
[5.551s][info   ][gc,stats    ] Pause Final Roots (G)              1201 us
[5.551s][info   ][gc,stats    ] Pause Final Roots (N)                52 us
[5.551s][info   ][gc,stats    ] Pacing                            21286 us
[5.551s][info   ][gc,stats    ] 
[5.551s][info   ][gc,stats    ] Allocation pacing accrued:
[5.551s][info   ][gc,stats    ]       6 of    49 ms ( 12.7%): Thread-0
[5.551s][info   ][gc,stats    ]       6 of    49 ms ( 13.0%): Thread-3
[5.551s][info   ][gc,stats    ]       9 of    49 ms ( 17.6%): Thread-6
[5.551s][info   ][gc,stats    ]      21 of    49 ms ( 43.3%): <total>
[5.551s][info   ][gc,stats    ]       1 of    49 ms (  2.3%): <average total>
[5.551s][info   ][gc,stats    ]       7 of    49 ms ( 14.4%): <average non-zero>
[5.551s][info   ][gc,stats    ] 
[5.551s][info   ][gc,metaspace] Metaspace: 213K(448K)->213K(448K) NonClass: 204K(320K)->204K(320K) Class: 9K(128K)->9K(128K)
[5.551s][info   ][gc,ergo     ] Pacer for Idle. Initial: 41943K, Alloc Tax Rate: 1.0x
[5.552s][info   ][gc          ] Trigger: Average GC time (68.39 ms) is above the time for average allocation rate (14920 MB/s) to deplete free headroom (1007M) (margin of error = 1.92)
[5.552s][info   ][gc,ergo     ] Free headroom: 1110M (free) - 102M (spike) - 0B (penalties) = 1007M
[5.552s][info   ][gc,ergo     ] Free: 1108M, Max: 1024K regular, 422M humongous, Frag: 62% external, 0% internal; Reserve: 103M, Max: 1024K
[5.552s][info   ][gc,start    ] GC(78) Concurrent reset
[5.552s][info   ][gc,task     ] GC(78) Using 1 of 2 workers for concurrent reset
[5.553s][info   ][gc,ergo     ] GC(78) Pacer for Reset. Non-Taxable: 2048M
[5.562s][info   ][gc          ] GC(78) Concurrent reset 9.915ms
[5.566s][info   ][gc,start    ] GC(78) Pause Init Mark (unload classes)
[5.566s][info   ][gc,task     ] GC(78) Using 2 of 2 workers for init marking
[5.566s][info   ][gc,ergo     ] GC(78) Pacer for Mark. Expected Live: 131M, Free: 938M, Non-Taxable: 96051K, Alloc Tax Rate: 0.2x
[5.566s][info   ][gc          ] GC(78) Pause Init Mark (unload classes) 0.315ms
[5.566s][info   ][gc,start    ] GC(78) Concurrent marking roots
[5.566s][info   ][gc,task     ] GC(78) Using 1 of 2 workers for concurrent marking roots
[5.567s][info   ][gc          ] GC(78) Concurrent marking roots 0.596ms
[5.567s][info   ][gc,start    ] GC(78) Concurrent marking (unload classes)
[5.567s][info   ][gc,task     ] GC(78) Using 1 of 2 workers for concurrent marking
[5.577s][info   ][gc          ] GC(78) Concurrent marking (unload classes) 10.074ms
[5.579s][info   ][gc,start    ] GC(78) Pause Final Mark (unload classes)
[5.579s][info   ][gc,task     ] GC(78) Using 2 of 2 workers for final marking
[5.579s][info   ][gc,ergo     ] GC(78) Collectable Garbage: 368M (98%), Immediate: 368M (98%), CSet: 0B (0%)
[5.579s][info   ][gc          ] GC(78) Pause Final Mark (unload classes) 0.533ms
[5.583s][info   ][gc,start    ] GC(78) Concurrent weak references
[5.583s][info   ][gc,task     ] GC(78) Using 1 of 2 workers for concurrent weak references
[5.583s][info   ][gc,ref      ] GC(78) Encountered references: Soft: 11, Weak: 37, Final: 0, Phantom: 5
[5.583s][info   ][gc,ref      ] GC(78) Discovered  references: Soft: 0, Weak: 11, Final: 0, Phantom: 5
[5.583s][info   ][gc,ref      ] GC(78) Enqueued    references: Soft: 0, Weak: 0, Final: 0, Phantom: 0
[5.583s][info   ][gc          ] GC(78) Concurrent weak references 0.362ms
[5.583s][info   ][gc,start    ] GC(78) Concurrent weak roots
[5.583s][info   ][gc,task     ] GC(78) Using 1 of 2 workers for concurrent weak root
[5.589s][info   ][gc          ] GC(78) Concurrent weak roots 5.829ms
[5.589s][info   ][gc,start    ] GC(78) Concurrent cleanup
[5.590s][info   ][gc          ] GC(78) Concurrent cleanup 663M->303M(2048M) 1.016ms
[5.590s][info   ][gc,ergo     ] GC(78) Free: 1344M, Max: 1024K regular, 470M humongous, Frag: 66% external, 0% internal; Reserve: 103M, Max: 1024K
[5.590s][info   ][gc,start    ] GC(78) Concurrent class unloading
[5.590s][info   ][gc,task     ] GC(78) Using 1 of 2 workers for concurrent class unloading
[5.604s][info   ][gc          ] GC(78) Concurrent class unloading 13.979ms
[5.609s][info   ][gc,start    ] GC(78) Pause Final Roots
[5.609s][info   ][gc          ] GC(78) Pause Final Roots 0.081ms
[5.615s][info   ][gc,ergo     ] Free: 1018M, Max: 1024K regular, 470M humongous, Frag: 54% external, 0% internal; Reserve: 103M, Max: 1024K
[5.615s][info   ][gc,stats    ] 
[5.615s][info   ][gc,stats    ] All times are wall-clock times, except per-root-class counters, that are sum over
[5.615s][info   ][gc,stats    ] all workers. Dividing the <total> over the root stage time estimates parallelism.
[5.615s][info   ][gc,stats    ] 
[5.615s][info   ][gc,stats    ] Concurrent Reset                  10078 us
[5.615s][info   ][gc,stats    ] Pause Init Mark (G)                3765 us
[5.615s][info   ][gc,stats    ] Pause Init Mark (N)                 330 us
[5.615s][info   ][gc,stats    ]   Update Region States              139 us
[5.615s][info   ][gc,stats    ] Concurrent Mark Roots               657 us, parallelism: 0.74x
[5.615s][info   ][gc,stats    ]   CMR: <total>                      487 us
[5.615s][info   ][gc,stats    ]   CMR: Thread Roots                 412 us, workers (us): 412, ---, 
[5.615s][info   ][gc,stats    ]   CMR: VM Strong Roots               24 us, workers (us):  24, ---, 
[5.615s][info   ][gc,stats    ]   CMR: CLDG Roots                    51 us, workers (us):  51, ---, 
[5.615s][info   ][gc,stats    ] Concurrent Marking                10320 us
[5.615s][info   ][gc,stats    ] Pause Final Mark (G)               5279 us
[5.615s][info   ][gc,stats    ] Pause Final Mark (N)                546 us
[5.615s][info   ][gc,stats    ]   Finish Mark                       202 us
[5.615s][info   ][gc,stats    ]   Update Region States               61 us
[5.615s][info   ][gc,stats    ]   Choose Collection Set             169 us
[5.615s][info   ][gc,stats    ]   Rebuild Free Set                   12 us
[5.615s][info   ][gc,stats    ] Concurrent Weak References          388 us, parallelism: 0.03x
[5.615s][info   ][gc,stats    ]   CWRF: <total>                      10 us
[5.615s][info   ][gc,stats    ]   CWRF: Weak References              10 us, workers (us):  10, ---, 
[5.616s][info   ][gc,stats    ] Concurrent Weak Roots              6164 us
[5.616s][info   ][gc,stats    ]   Roots                             185 us, parallelism: 0.77x
[5.616s][info   ][gc,stats    ]     CWR: <total>                    142 us
[5.616s][info   ][gc,stats    ]     CWR: Code Cache Roots            69 us, workers (us):  69, ---, 
[5.616s][info   ][gc,stats    ]     CWR: VM Weak Roots               70 us, workers (us):  70, ---, 
[5.616s][info   ][gc,stats    ]     CWR: CLDG Roots                   3 us, workers (us):   3, ---, 
[5.616s][info   ][gc,stats    ]   Rendezvous                       5605 us
[5.616s][info   ][gc,stats    ] Concurrent Cleanup                 1072 us
[5.616s][info   ][gc,stats    ] Concurrent Class Unloading        14127 us
[5.616s][info   ][gc,stats    ]   Unlink Stale                     6407 us
[5.616s][info   ][gc,stats    ]     System Dictionary                15 us
[5.616s][info   ][gc,stats    ]     Weak Class Links                  2 us
[5.616s][info   ][gc,stats    ]     Code Roots                     6378 us
[5.616s][info   ][gc,stats    ]   Rendezvous                       7304 us
[5.616s][info   ][gc,stats    ]   Purge Unlinked                    146 us
[5.616s][info   ][gc,stats    ]     Code Roots                      122 us
[5.616s][info   ][gc,stats    ]     CLDG                             20 us
[5.616s][info   ][gc,stats    ]     Exception Caches                  1 us
[5.616s][info   ][gc,stats    ] Pause Final Roots (G)             10054 us
[5.616s][info   ][gc,stats    ] Pause Final Roots (N)                92 us
[5.616s][info   ][gc,stats    ] 
[5.616s][info   ][gc,stats    ] Allocation pacing accrued:
[5.616s][info   ][gc,stats    ]       0 of    66 ms (  0.0%): <total>
[5.616s][info   ][gc,stats    ]       0 of    66 ms (  0.0%): <average total>
[5.616s][info   ][gc,stats    ] 
[5.616s][info   ][gc,metaspace] Metaspace: 213K(448K)->213K(448K) NonClass: 204K(320K)->204K(320K) Class: 9K(128K)->9K(128K)
[5.616s][info   ][gc,ergo     ] Pacer for Idle. Initial: 41943K, Alloc Tax Rate: 1.0x
[5.620s][info   ][gc          ] Trigger: Average GC time (75.46 ms) is above the time for average allocation rate (14928 MB/s) to deplete free headroom (853M) (margin of error = 1.92)
[5.620s][info   ][gc,ergo     ] Free headroom: 956M (free) - 102M (spike) - 0B (penalties) = 853M
[5.620s][info   ][gc,ergo     ] Free: 956M, Max: 1024K regular, 470M humongous, Frag: 51% external, 0% internal; Reserve: 103M, Max: 1024K
[5.620s][info   ][gc,start    ] GC(79) Concurrent reset
[5.620s][info   ][gc,task     ] GC(79) Using 1 of 2 workers for concurrent reset
[5.620s][info   ][gc,ergo     ] GC(79) Pacer for Reset. Non-Taxable: 2048M
[5.626s][info   ][gc          ] GC(79) Concurrent reset 5.831ms
[5.627s][info   ][gc,start    ] GC(79) Pause Init Mark (unload classes)
[5.627s][info   ][gc,task     ] GC(79) Using 2 of 2 workers for init marking
[5.627s][info   ][gc,ergo     ] GC(79) Pacer for Mark. Expected Live: 132M, Free: 888M, Non-Taxable: 90931K, Alloc Tax Rate: 0.2x
[5.627s][info   ][gc          ] GC(79) Pause Init Mark (unload classes) 0.207ms
[5.633s][info   ][gc,start    ] GC(79) Concurrent marking roots
[5.633s][info   ][gc,task     ] GC(79) Using 1 of 2 workers for concurrent marking roots
[5.633s][info   ][gc          ] GC(79) Concurrent marking roots 0.374ms
[5.633s][info   ][gc,start    ] GC(79) Concurrent marking (unload classes)
[5.633s][info   ][gc,task     ] GC(79) Using 1 of 2 workers for concurrent marking
[5.635s][info   ][gc          ] GC(79) Concurrent marking (unload classes) 1.422ms
[5.635s][info   ][gc,start    ] GC(79) Pause Final Mark (unload classes)
[5.635s][info   ][gc,task     ] GC(79) Using 2 of 2 workers for final marking
[5.635s][info   ][gc,ergo     ] GC(79) Collectable Garbage: 398M (98%), Immediate: 398M (98%), CSet: 0B (0%)
[5.635s][info   ][gc          ] GC(79) Pause Final Mark (unload classes) 0.203ms
[5.635s][info   ][gc,start    ] GC(79) Concurrent weak references
[5.635s][info   ][gc,task     ] GC(79) Using 1 of 2 workers for concurrent weak references
[5.635s][info   ][gc,ref      ] GC(79) Encountered references: Soft: 11, Weak: 37, Final: 0, Phantom: 5
[5.635s][info   ][gc,ref      ] GC(79) Discovered  references: Soft: 0, Weak: 11, Final: 0, Phantom: 5
[5.635s][info   ][gc,ref      ] GC(79) Enqueued    references: Soft: 0, Weak: 0, Final: 0, Phantom: 0
[5.635s][info   ][gc          ] GC(79) Concurrent weak references 0.081ms
[5.635s][info   ][gc,start    ] GC(79) Concurrent weak roots
[5.635s][info   ][gc,task     ] GC(79) Using 1 of 2 workers for concurrent weak root
[5.635s][info   ][gc          ] GC(79) Concurrent weak roots 0.156ms
[5.635s][info   ][gc,start    ] GC(79) Concurrent cleanup
[5.636s][info   ][gc          ] GC(79) Concurrent cleanup 576M->178M(2048M) 0.440ms
[5.636s][info   ][gc,ergo     ] GC(79) Free: 1596M, Max: 1024K regular, 686M humongous, Frag: 58% external, 0% internal; Reserve: 103M, Max: 1024K
[5.636s][info   ][gc,start    ] GC(79) Concurrent class unloading
[5.636s][info   ][gc,task     ] GC(79) Using 1 of 2 workers for concurrent class unloading
[5.636s][info   ][gc          ] GC(79) Concurrent class unloading 0.335ms
[5.636s][info   ][gc,start    ] GC(79) Pause Final Roots
[5.636s][info   ][gc          ] GC(79) Pause Final Roots 0.015ms
[5.636s][info   ][gc,ergo     ] Free: 1596M, Max: 1024K regular, 686M humongous, Frag: 58% external, 0% internal; Reserve: 103M, Max: 1024K
[5.636s][info   ][gc,stats    ] 
[5.636s][info   ][gc,stats    ] All times are wall-clock times, except per-root-class counters, that are sum over
[5.636s][info   ][gc,stats    ] all workers. Dividing the <total> over the root stage time estimates parallelism.
[5.636s][info   ][gc,stats    ] 
[5.636s][info   ][gc,stats    ] Concurrent Reset                   6000 us
[5.636s][info   ][gc,stats    ] Pause Init Mark (G)                6993 us
[5.636s][info   ][gc,stats    ] Pause Init Mark (N)                 216 us
[5.636s][info   ][gc,stats    ]   Update Region States              105 us
[5.636s][info   ][gc,stats    ] Concurrent Mark Roots               392 us, parallelism: 0.38x
[5.636s][info   ][gc,stats    ]   CMR: <total>                      149 us
[5.636s][info   ][gc,stats    ]   CMR: Thread Roots                 109 us, workers (us): 109, ---, 
[5.636s][info   ][gc,stats    ]   CMR: VM Strong Roots                8 us, workers (us):   8, ---, 
[5.636s][info   ][gc,stats    ]   CMR: CLDG Roots                    32 us, workers (us):  32, ---, 
[5.636s][info   ][gc,stats    ] Concurrent Marking                 1441 us
[5.636s][info   ][gc,stats    ] Pause Final Mark (G)                290 us
[5.636s][info   ][gc,stats    ] Pause Final Mark (N)                211 us
[5.636s][info   ][gc,stats    ]   Finish Mark                        44 us
[5.636s][info   ][gc,stats    ]   Update Region States               52 us
[5.636s][info   ][gc,stats    ]   Choose Collection Set              67 us
[5.636s][info   ][gc,stats    ]   Rebuild Free Set                   10 us
[5.636s][info   ][gc,stats    ] Concurrent Weak References           88 us, parallelism: 0.03x
[5.636s][info   ][gc,stats    ]   CWRF: <total>                       2 us
[5.636s][info   ][gc,stats    ]   CWRF: Weak References               2 us, workers (us):   2, ---, 
[5.636s][info   ][gc,stats    ] Concurrent Weak Roots               167 us
[5.636s][info   ][gc,stats    ]   Roots                              72 us, parallelism: 0.64x
[5.636s][info   ][gc,stats    ]     CWR: <total>                     46 us
[5.636s][info   ][gc,stats    ]     CWR: Code Cache Roots            24 us, workers (us):  24, ---, 
[5.636s][info   ][gc,stats    ]     CWR: VM Weak Roots               21 us, workers (us):  21, ---, 
[5.636s][info   ][gc,stats    ]     CWR: CLDG Roots                   1 us, workers (us):   1, ---, 
[5.636s][info   ][gc,stats    ]   Rendezvous                         69 us
[5.636s][info   ][gc,stats    ] Concurrent Cleanup                  449 us
[5.636s][info   ][gc,stats    ] Concurrent Class Unloading          350 us
[5.636s][info   ][gc,stats    ]   Unlink Stale                      210 us
[5.636s][info   ][gc,stats    ]     System Dictionary                 4 us
[5.636s][info   ][gc,stats    ]     Weak Class Links                  1 us
[5.636s][info   ][gc,stats    ]     Code Roots                      203 us
[5.636s][info   ][gc,stats    ]   Rendezvous                         66 us
[5.636s][info   ][gc,stats    ]   Purge Unlinked                     43 us
[5.636s][info   ][gc,stats    ]     Code Roots                       14 us
[5.636s][info   ][gc,stats    ]     CLDG                             25 us
[5.636s][info   ][gc,stats    ]     Exception Caches                  1 us
[5.636s][info   ][gc,stats    ] Pause Final Roots (G)                96 us
[5.636s][info   ][gc,stats    ] Pause Final Roots (N)                22 us
[5.636s][info   ][gc,stats    ] Pacing                             5663 us
[5.636s][info   ][gc,stats    ] 
[5.637s][info   ][gc,stats    ] Allocation pacing accrued:
[5.637s][info   ][gc,stats    ]       1 of    20 ms (  3.3%): Thread-2
[5.637s][info   ][gc,stats    ]       4 of    20 ms ( 18.9%): Thread-4
[5.637s][info   ][gc,stats    ]       1 of    20 ms (  2.5%): Thread-5
[5.637s][info   ][gc,stats    ]       1 of    20 ms (  3.0%): Thread-7
[5.637s][info   ][gc,stats    ]       6 of    20 ms ( 27.7%): <total>
[5.637s][info   ][gc,stats    ]       0 of    20 ms (  1.5%): <average total>
[5.637s][info   ][gc,stats    ]       1 of    20 ms (  6.9%): <average non-zero>
[5.637s][info   ][gc,stats    ] 
[5.637s][info   ][gc,metaspace] Metaspace: 213K(448K)->213K(448K) NonClass: 204K(320K)->204K(320K) Class: 9K(128K)->9K(128K)
[5.637s][info   ][gc,ergo     ] Pacer for Idle. Initial: 41943K, Alloc Tax Rate: 1.0x
[5.667s][info   ][gc          ] Trigger: Average GC time (74.80 ms) is above the time for average allocation rate (14906 MB/s) to deplete free headroom (1109M) (margin of error = 1.91)
[5.668s][info   ][gc,ergo     ] Free headroom: 1212M (free) - 102M (spike) - 0B (penalties) = 1109M
[5.668s][info   ][gc,ergo     ] Free: 1206M, Max: 1024K regular, 686M humongous, Frag: 44% external, 0% internal; Reserve: 103M, Max: 1024K
[5.668s][info   ][gc,start    ] GC(80) Concurrent reset
[5.668s][info   ][gc,task     ] GC(80) Using 1 of 2 workers for concurrent reset
[5.668s][info   ][gc,ergo     ] GC(80) Pacer for Reset. Non-Taxable: 2048M
[5.673s][info   ][gc          ] GC(80) Concurrent reset 4.744ms
[5.676s][info   ][gc,start    ] GC(80) Pause Init Mark (unload classes)
[5.676s][info   ][gc,task     ] GC(80) Using 2 of 2 workers for init marking
[5.676s][info   ][gc,ergo     ] GC(80) Pacer for Mark. Expected Live: 132M, Free: 1108M, Non-Taxable: 110M, Alloc Tax Rate: 0.1x
[5.676s][info   ][gc          ] GC(80) Pause Init Mark (unload classes) 0.249ms
[5.677s][info   ][gc,start    ] GC(80) Concurrent marking roots
[5.677s][info   ][gc,task     ] GC(80) Using 1 of 2 workers for concurrent marking roots
[5.679s][info   ][gc          ] GC(80) Concurrent marking roots 2.245ms
[5.679s][info   ][gc,start    ] GC(80) Concurrent marking (unload classes)
[5.679s][info   ][gc,task     ] GC(80) Using 1 of 2 workers for concurrent marking
[5.697s][info   ][gc          ] GC(80) Concurrent marking (unload classes) 18.149ms
[5.698s][info   ][gc,start    ] GC(80) Pause Final Mark (unload classes)
[5.698s][info   ][gc,task     ] GC(80) Using 2 of 2 workers for final marking
[5.699s][info   ][gc,ergo     ] GC(80) Collectable Garbage: 295M (97%), Immediate: 295M (97%), CSet: 0B (0%)
[5.699s][info   ][gc          ] GC(80) Pause Final Mark (unload classes) 0.425ms
[5.699s][info   ][gc,start    ] GC(80) Concurrent weak references
[5.699s][info   ][gc,task     ] GC(80) Using 1 of 2 workers for concurrent weak references
[5.699s][info   ][gc,ref      ] GC(80) Encountered references: Soft: 11, Weak: 37, Final: 0, Phantom: 5
[5.699s][info   ][gc,ref      ] GC(80) Discovered  references: Soft: 0, Weak: 11, Final: 0, Phantom: 5
[5.699s][info   ][gc,ref      ] GC(80) Enqueued    references: Soft: 0, Weak: 0, Final: 0, Phantom: 0
[5.699s][info   ][gc          ] GC(80) Concurrent weak references 0.131ms
[5.699s][info   ][gc,start    ] GC(80) Concurrent weak roots
[5.699s][info   ][gc,task     ] GC(80) Using 1 of 2 workers for concurrent weak root
[5.710s][info   ][gc          ] GC(80) Concurrent weak roots 10.682ms
[5.710s][info   ][gc,start    ] GC(80) Concurrent cleanup
[5.711s][info   ][gc          ] GC(80) Concurrent cleanup 668M->377M(2048M) 0.527ms
[5.711s][info   ][gc,ergo     ] GC(80) Free: 1198M, Max: 1024K regular, 616M humongous, Frag: 49% external, 0% internal; Reserve: 103M, Max: 1024K
[5.711s][info   ][gc,start    ] GC(80) Concurrent class unloading
[5.711s][info   ][gc,task     ] GC(80) Using 1 of 2 workers for concurrent class unloading
[5.718s][info   ][gc          ] GC(80) Concurrent class unloading 7.124ms
[5.718s][info   ][gc,start    ] GC(80) Pause Final Roots
[5.718s][info   ][gc          ] GC(80) Pause Final Roots 0.047ms
[5.726s][info   ][gc,ergo     ] Free: 974M, Max: 1024K regular, 616M humongous, Frag: 37% external, 0% internal; Reserve: 103M, Max: 1024K
[5.726s][info   ][gc,stats    ] 
[5.726s][info   ][gc,stats    ] All times are wall-clock times, except per-root-class counters, that are sum over
[5.726s][info   ][gc,stats    ] all workers. Dividing the <total> over the root stage time estimates parallelism.
[5.726s][info   ][gc,stats    ] 
[5.726s][info   ][gc,stats    ] Concurrent Reset                   4885 us
[5.726s][info   ][gc,stats    ] Pause Init Mark (G)                3838 us
[5.726s][info   ][gc,stats    ] Pause Init Mark (N)                 259 us
[5.726s][info   ][gc,stats    ]   Update Region States              134 us
[5.726s][info   ][gc,stats    ] Concurrent Mark Roots              2312 us, parallelism: 0.13x
[5.726s][info   ][gc,stats    ]   CMR: <total>                      305 us
[5.726s][info   ][gc,stats    ]   CMR: Thread Roots                 244 us, workers (us): 244, ---, 
[5.726s][info   ][gc,stats    ]   CMR: VM Strong Roots                9 us, workers (us):   9, ---, 
[5.726s][info   ][gc,stats    ]   CMR: CLDG Roots                    52 us, workers (us):  52, ---, 
[5.726s][info   ][gc,stats    ] Concurrent Marking                18479 us
[5.726s][info   ][gc,stats    ] Pause Final Mark (G)               1684 us
[5.726s][info   ][gc,stats    ] Pause Final Mark (N)                438 us
[5.726s][info   ][gc,stats    ]   Finish Mark                       151 us
[5.726s][info   ][gc,stats    ]   Update Region States               93 us
[5.726s][info   ][gc,stats    ]   Choose Collection Set             106 us
[5.726s][info   ][gc,stats    ]   Rebuild Free Set                   12 us
[5.726s][info   ][gc,stats    ] Concurrent Weak References          140 us, parallelism: 0.11x
[5.726s][info   ][gc,stats    ]   CWRF: <total>                      15 us
[5.726s][info   ][gc,stats    ]   CWRF: Weak References              15 us, workers (us):  15, ---, 
[5.726s][info   ][gc,stats    ] Concurrent Weak Roots             10895 us
[5.726s][info   ][gc,stats    ]   Roots                             137 us, parallelism: 0.47x
[5.726s][info   ][gc,stats    ]     CWR: <total>                     65 us
[5.726s][info   ][gc,stats    ]     CWR: Code Cache Roots            34 us, workers (us):  34, ---, 
[5.726s][info   ][gc,stats    ]     CWR: VM Weak Roots               29 us, workers (us):  29, ---, 
[5.726s][info   ][gc,stats    ]     CWR: CLDG Roots                   2 us, workers (us):   2, ---, 
[5.726s][info   ][gc,stats    ]   Rendezvous                      10518 us
[5.726s][info   ][gc,stats    ] Concurrent Cleanup                  570 us
[5.726s][info   ][gc,stats    ] Concurrent Class Unloading         7273 us
[5.726s][info   ][gc,stats    ]   Unlink Stale                      475 us
[5.726s][info   ][gc,stats    ]     System Dictionary                15 us
[5.726s][info   ][gc,stats    ]     Weak Class Links                  1 us
[5.726s][info   ][gc,stats    ]     Code Roots                      450 us
[5.726s][info   ][gc,stats    ]   Rendezvous                       4124 us
[5.726s][info   ][gc,stats    ]   Purge Unlinked                   2481 us
[5.726s][info   ][gc,stats    ]     Code Roots                     2448 us
[5.726s][info   ][gc,stats    ]     CLDG                             26 us
[5.726s][info   ][gc,stats    ]     Exception Caches                  1 us
[5.726s][info   ][gc,stats    ] Pause Final Roots (G)              7757 us
[5.726s][info   ][gc,stats    ] Pause Final Roots (N)                57 us
[5.726s][info   ][gc,stats    ] Pacing                            92885 us
[5.726s][info   ][gc,stats    ] 
[5.726s][info   ][gc,stats    ] Allocation pacing accrued:
[5.726s][info   ][gc,stats    ]      13 of    90 ms ( 14.2%): Thread-0
[5.726s][info   ][gc,stats    ]      14 of    90 ms ( 15.2%): Thread-1
[5.726s][info   ][gc,stats    ]      11 of    90 ms ( 12.0%): Thread-2
[5.726s][info   ][gc,stats    ]      10 of    90 ms ( 11.6%): Thread-3
[5.726s][info   ][gc,stats    ]      14 of    90 ms ( 15.3%): Thread-4
[5.726s][info   ][gc,stats    ]      10 of    90 ms ( 11.6%): Thread-5
[5.726s][info   ][gc,stats    ]      11 of    90 ms ( 11.9%): Thread-6
[5.726s][info   ][gc,stats    ]      11 of    90 ms ( 11.8%): Thread-7
[5.726s][info   ][gc,stats    ]      93 of    90 ms (103.5%): <total>
[5.726s][info   ][gc,stats    ]       5 of    90 ms (  5.4%): <average total>
[5.726s][info   ][gc,stats    ]      12 of    90 ms ( 12.9%): <average non-zero>
[5.726s][info   ][gc,stats    ] 
[5.726s][info   ][gc,metaspace] Metaspace: 213K(448K)->213K(448K) NonClass: 204K(320K)->204K(320K) Class: 9K(128K)->9K(128K)
[5.726s][info   ][gc,ergo     ] Pacer for Idle. Initial: 41943K, Alloc Tax Rate: 1.0x
[5.728s][info   ][gc          ] Trigger: Average GC time (81.93 ms) is above the time for average allocation rate (14916 MB/s) to deplete free headroom (845M) (margin of error = 1.91)
[5.728s][info   ][gc,ergo     ] Free headroom: 948M (free) - 102M (spike) - 0B (penalties) = 845M
[5.728s][info   ][gc,ergo     ] Free: 948M, Max: 1024K regular, 616M humongous, Frag: 36% external, 0% internal; Reserve: 103M, Max: 1024K
[5.728s][info   ][gc,start    ] GC(81) Concurrent reset
[5.728s][info   ][gc,task     ] GC(81) Using 1 of 2 workers for concurrent reset
[5.728s][info   ][gc,ergo     ] GC(81) Pacer for Reset. Non-Taxable: 2048M
[5.741s][info   ][gc          ] GC(81) Concurrent reset 13.063ms
[5.742s][info   ][gc,start    ] GC(81) Pause Init Mark (unload classes)
[5.742s][info   ][gc,task     ] GC(81) Using 2 of 2 workers for init marking
[5.742s][info   ][gc,ergo     ] GC(81) Pacer for Mark. Expected Live: 131M, Free: 774M, Non-Taxable: 79257K, Alloc Tax Rate: 0.2x
[5.742s][info   ][gc          ] GC(81) Pause Init Mark (unload classes) 0.169ms
[5.742s][info   ][gc,start    ] GC(81) Concurrent marking roots
[5.742s][info   ][gc,task     ] GC(81) Using 1 of 2 workers for concurrent marking roots
[5.747s][info   ][gc          ] GC(81) Concurrent marking roots 4.666ms
[5.747s][info   ][gc,start    ] GC(81) Concurrent marking (unload classes)
[5.747s][info   ][gc,task     ] GC(81) Using 1 of 2 workers for concurrent marking
[5.748s][info   ][gc          ] GC(81) Concurrent marking (unload classes) 1.358ms
[5.748s][info   ][gc,start    ] GC(81) Pause Final Mark (unload classes)
[5.748s][info   ][gc,task     ] GC(81) Using 2 of 2 workers for final marking
[5.748s][info   ][gc,ergo     ] GC(81) Collectable Garbage: 429M (98%), Immediate: 429M (98%), CSet: 0B (0%)
[5.748s][info   ][gc          ] GC(81) Pause Final Mark (unload classes) 0.319ms
[5.748s][info   ][gc,start    ] GC(81) Concurrent weak references
[5.749s][info   ][gc,task     ] GC(81) Using 1 of 2 workers for concurrent weak references
[5.749s][info   ][gc,ref      ] GC(81) Encountered references: Soft: 11, Weak: 37, Final: 0, Phantom: 5
[5.749s][info   ][gc,ref      ] GC(81) Discovered  references: Soft: 0, Weak: 11, Final: 0, Phantom: 5
[5.749s][info   ][gc,ref      ] GC(81) Enqueued    references: Soft: 0, Weak: 0, Final: 0, Phantom: 0
[5.749s][info   ][gc          ] GC(81) Concurrent weak references 0.056ms
[5.749s][info   ][gc,start    ] GC(81) Concurrent weak roots
[5.749s][info   ][gc,task     ] GC(81) Using 1 of 2 workers for concurrent weak root
[5.749s][info   ][gc          ] GC(81) Concurrent weak roots 0.201ms
[5.749s][info   ][gc,start    ] GC(81) Concurrent cleanup
[5.749s][info   ][gc          ] GC(81) Concurrent cleanup 628M->199M(2048M) 0.441ms
[5.749s][info   ][gc,ergo     ] GC(81) Free: 1554M, Max: 1024K regular, 618M humongous, Frag: 61% external, 0% internal; Reserve: 103M, Max: 1024K
[5.749s][info   ][gc,start    ] GC(81) Concurrent class unloading
[5.749s][info   ][gc,task     ] GC(81) Using 1 of 2 workers for concurrent class unloading
[5.750s][info   ][gc          ] GC(81) Concurrent class unloading 0.327ms
[5.750s][info   ][gc,start    ] GC(81) Pause Final Roots
[5.750s][info   ][gc          ] GC(81) Pause Final Roots 0.015ms
[5.750s][info   ][gc,ergo     ] Free: 1554M, Max: 1024K regular, 618M humongous, Frag: 61% external, 0% internal; Reserve: 103M, Max: 1024K
[5.750s][info   ][gc,stats    ] 
[5.750s][info   ][gc,stats    ] All times are wall-clock times, except per-root-class counters, that are sum over
[5.750s][info   ][gc,stats    ] all workers. Dividing the <total> over the root stage time estimates parallelism.
[5.750s][info   ][gc,stats    ] 
[5.750s][info   ][gc,stats    ] Concurrent Reset                  13250 us
[5.750s][info   ][gc,stats    ] Pause Init Mark (G)                1032 us
[5.750s][info   ][gc,stats    ] Pause Init Mark (N)                 178 us
[5.750s][info   ][gc,stats    ]   Update Region States              106 us
[5.750s][info   ][gc,stats    ] Concurrent Mark Roots              4756 us, parallelism: 0.05x
[5.750s][info   ][gc,stats    ]   CMR: <total>                      240 us
[5.750s][info   ][gc,stats    ]   CMR: Thread Roots                 190 us, workers (us): 190, ---, 
[5.750s][info   ][gc,stats    ]   CMR: VM Strong Roots               10 us, workers (us):  10, ---, 
[5.750s][info   ][gc,stats    ]   CMR: CLDG Roots                    40 us, workers (us):  40, ---, 
[5.750s][info   ][gc,stats    ] Concurrent Marking                 1373 us
[5.750s][info   ][gc,stats    ] Pause Final Mark (G)                432 us
[5.750s][info   ][gc,stats    ] Pause Final Mark (N)                328 us
[5.750s][info   ][gc,stats    ]   Finish Mark                        99 us
[5.750s][info   ][gc,stats    ]   Update Region States               69 us
[5.750s][info   ][gc,stats    ]   Choose Collection Set             107 us
[5.750s][info   ][gc,stats    ]   Rebuild Free Set                   10 us
[5.750s][info   ][gc,stats    ] Concurrent Weak References           63 us, parallelism: 0.04x
[5.750s][info   ][gc,stats    ]   CWRF: <total>                       3 us
[5.750s][info   ][gc,stats    ]   CWRF: Weak References               3 us, workers (us):   3, ---, 
[5.750s][info   ][gc,stats    ] Concurrent Weak Roots               211 us
[5.750s][info   ][gc,stats    ]   Roots                             120 us, parallelism: 0.44x
[5.750s][info   ][gc,stats    ]     CWR: <total>                     53 us
[5.750s][info   ][gc,stats    ]     CWR: Code Cache Roots            26 us, workers (us):  26, ---, 
[5.750s][info   ][gc,stats    ]     CWR: VM Weak Roots               25 us, workers (us):  25, ---, 
[5.750s][info   ][gc,stats    ]     CWR: CLDG Roots                   2 us, workers (us):   2, ---, 
[5.750s][info   ][gc,stats    ]   Rendezvous                         66 us
[5.750s][info   ][gc,stats    ] Concurrent Cleanup                  451 us
[5.750s][info   ][gc,stats    ] Concurrent Class Unloading          387 us
[5.750s][info   ][gc,stats    ]   Unlink Stale                      112 us
[5.750s][info   ][gc,stats    ]     System Dictionary                 4 us
[5.750s][info   ][gc,stats    ]     Weak Class Links                  1 us
[5.750s][info   ][gc,stats    ]     Code Roots                      105 us
[5.750s][info   ][gc,stats    ]   Rendezvous                         84 us
[5.750s][info   ][gc,stats    ]   Purge Unlinked                    115 us
[5.750s][info   ][gc,stats    ]     Code Roots                      104 us
[5.750s][info   ][gc,stats    ]     CLDG                              7 us
[5.750s][info   ][gc,stats    ]     Exception Caches                  1 us
[5.750s][info   ][gc,stats    ] Pause Final Roots (G)               133 us
[5.750s][info   ][gc,stats    ] Pause Final Roots (N)                22 us
[5.750s][info   ][gc,stats    ] 
[5.750s][info   ][gc,stats    ] Allocation pacing accrued:
[5.750s][info   ][gc,stats    ]       0 of    24 ms (  0.0%): <total>
[5.750s][info   ][gc,stats    ]       0 of    24 ms (  0.0%): <average total>
[5.750s][info   ][gc,stats    ] 
[5.750s][info   ][gc,metaspace] Metaspace: 213K(448K)->213K(448K) NonClass: 204K(320K)->204K(320K) Class: 9K(128K)->9K(128K)
[5.750s][info   ][gc,ergo     ] Pacer for Idle. Initial: 41943K, Alloc Tax Rate: 1.0x
[5.781s][info   ][gc          ] Trigger: Average GC time (68.47 ms) is above the time for average allocation rate (14895 MB/s) to deplete free headroom (1013M) (margin of error = 1.90)
[5.781s][info   ][gc,ergo     ] Free headroom: 1116M (free) - 102M (spike) - 0B (penalties) = 1013M
[5.782s][info   ][gc,ergo     ] Free: 1116M, Max: 1024K regular, 618M humongous, Frag: 45% external, 0% internal; Reserve: 103M, Max: 1024K
[5.782s][info   ][gc,start    ] GC(82) Concurrent reset
[5.782s][info   ][gc,task     ] GC(82) Using 1 of 2 workers for concurrent reset
[5.782s][info   ][gc,ergo     ] GC(82) Pacer for Reset. Non-Taxable: 2048M
[5.788s][info   ][gc          ] GC(82) Concurrent reset 5.842ms
[5.791s][info   ][gc,start    ] GC(82) Pause Init Mark (unload classes)
[5.791s][info   ][gc,task     ] GC(82) Using 2 of 2 workers for init marking
[5.791s][info   ][gc,ergo     ] GC(82) Pacer for Mark. Expected Live: 132M, Free: 984M, Non-Taxable: 100761K, Alloc Tax Rate: 0.2x
[5.791s][info   ][gc          ] GC(82) Pause Init Mark (unload classes) 0.213ms
[5.798s][info   ][gc,start    ] GC(82) Concurrent marking roots
[5.798s][info   ][gc,task     ] GC(82) Using 1 of 2 workers for concurrent marking roots
[5.798s][info   ][gc          ] GC(82) Concurrent marking roots 0.817ms
[5.798s][info   ][gc,start    ] GC(82) Concurrent marking (unload classes)
[5.798s][info   ][gc,task     ] GC(82) Using 1 of 2 workers for concurrent marking
[5.801s][info   ][gc          ] GC(82) Concurrent marking (unload classes) 2.249ms
[5.801s][info   ][gc,start    ] GC(82) Pause Final Mark (unload classes)
[5.801s][info   ][gc,task     ] GC(82) Using 2 of 2 workers for final marking
[5.801s][info   ][gc,ergo     ] GC(82) Collectable Garbage: 299M (97%), Immediate: 299M (97%), CSet: 0B (0%)
[5.802s][info   ][gc          ] GC(82) Pause Final Mark (unload classes) 0.291ms
[5.802s][info   ][gc,start    ] GC(82) Concurrent weak references
[5.802s][info   ][gc,task     ] GC(82) Using 1 of 2 workers for concurrent weak references
[5.802s][info   ][gc,ref      ] GC(82) Encountered references: Soft: 11, Weak: 37, Final: 0, Phantom: 5
[5.802s][info   ][gc,ref      ] GC(82) Discovered  references: Soft: 0, Weak: 11, Final: 0, Phantom: 5
[5.802s][info   ][gc,ref      ] GC(82) Enqueued    references: Soft: 0, Weak: 0, Final: 0, Phantom: 0
[5.802s][info   ][gc          ] GC(82) Concurrent weak references 0.108ms
[5.802s][info   ][gc,start    ] GC(82) Concurrent weak roots
[5.802s][info   ][gc,task     ] GC(82) Using 1 of 2 workers for concurrent weak root
[5.808s][info   ][gc          ] GC(82) Concurrent weak roots 6.385ms
[5.808s][info   ][gc,start    ] GC(82) Concurrent cleanup
[5.809s][info   ][gc          ] GC(82) Concurrent cleanup 602M->308M(2048M) 0.600ms
[5.809s][info   ][gc,ergo     ] GC(82) Free: 1336M, Max: 1024K regular, 618M humongous, Frag: 54% external, 0% internal; Reserve: 103M, Max: 1024K
[5.809s][info   ][gc,start    ] GC(82) Concurrent class unloading
[5.809s][info   ][gc,task     ] GC(82) Using 1 of 2 workers for concurrent class unloading
[5.816s][info   ][gc          ] GC(82) Concurrent class unloading 6.652ms
[5.817s][info   ][gc,start    ] GC(82) Pause Final Roots
[5.817s][info   ][gc          ] GC(82) Pause Final Roots 0.052ms
[5.817s][info   ][gc,ergo     ] Free: 1210M, Max: 1024K regular, 618M humongous, Frag: 49% external, 0% internal; Reserve: 103M, Max: 1024K
[5.817s][info   ][gc,stats    ] 
[5.817s][info   ][gc,stats    ] All times are wall-clock times, except per-root-class counters, that are sum over
[5.817s][info   ][gc,stats    ] all workers. Dividing the <total> over the root stage time estimates parallelism.
[5.818s][info   ][gc,stats    ] 
[5.818s][info   ][gc,stats    ] Concurrent Reset                   6021 us
[5.818s][info   ][gc,stats    ] Pause Init Mark (G)                9895 us
[5.818s][info   ][gc,stats    ] Pause Init Mark (N)                 222 us
[5.818s][info   ][gc,stats    ]   Update Region States              116 us
[5.818s][info   ][gc,stats    ] Concurrent Mark Roots               852 us, parallelism: 0.32x
[5.818s][info   ][gc,stats    ]   CMR: <total>                      268 us
[5.818s][info   ][gc,stats    ]   CMR: Thread Roots                 163 us, workers (us): 163, ---, 
[5.818s][info   ][gc,stats    ]   CMR: VM Strong Roots               13 us, workers (us):  13, ---, 
[5.818s][info   ][gc,stats    ]   CMR: CLDG Roots                    93 us, workers (us):  93, ---, 
[5.818s][info   ][gc,stats    ] Concurrent Marking                 2271 us
[5.818s][info   ][gc,stats    ] Pause Final Mark (G)                846 us
[5.818s][info   ][gc,stats    ] Pause Final Mark (N)                299 us
[5.818s][info   ][gc,stats    ]   Finish Mark                        92 us
[5.818s][info   ][gc,stats    ]   Update Region States               77 us
[5.818s][info   ][gc,stats    ]   Choose Collection Set              78 us
[5.818s][info   ][gc,stats    ]   Rebuild Free Set                    9 us
[5.818s][info   ][gc,stats    ] Concurrent Weak References          114 us, parallelism: 0.04x
[5.818s][info   ][gc,stats    ]   CWRF: <total>                       5 us
[5.818s][info   ][gc,stats    ]   CWRF: Weak References               5 us, workers (us):   5, ---, 
[5.818s][info   ][gc,stats    ] Concurrent Weak Roots              6510 us
[5.818s][info   ][gc,stats    ]   Roots                             920 us, parallelism: 0.14x
[5.818s][info   ][gc,stats    ]     CWR: <total>                    126 us
[5.818s][info   ][gc,stats    ]     CWR: Code Cache Roots            78 us, workers (us):  78, ---, 
[5.818s][info   ][gc,stats    ]     CWR: VM Weak Roots               45 us, workers (us):  45, ---, 
[5.818s][info   ][gc,stats    ]     CWR: CLDG Roots                   4 us, workers (us):   4, ---, 
[5.818s][info   ][gc,stats    ]   Rendezvous                       5431 us
[5.818s][info   ][gc,stats    ] Concurrent Cleanup                  648 us
[5.818s][info   ][gc,stats    ] Concurrent Class Unloading         6797 us
[5.818s][info   ][gc,stats    ]   Unlink Stale                     2653 us
[5.818s][info   ][gc,stats    ]     System Dictionary                11 us
[5.818s][info   ][gc,stats    ]     Weak Class Links                  1 us
[5.818s][info   ][gc,stats    ]     Code Roots                     2634 us
[5.818s][info   ][gc,stats    ]   Rendezvous                       3878 us
[5.818s][info   ][gc,stats    ]   Purge Unlinked                     86 us
[5.818s][info   ][gc,stats    ]     Code Roots                       70 us
[5.818s][info   ][gc,stats    ]     CLDG                             11 us
[5.818s][info   ][gc,stats    ]     Exception Caches                  1 us
[5.818s][info   ][gc,stats    ] Pause Final Roots (G)              1611 us
[5.818s][info   ][gc,stats    ] Pause Final Roots (N)                68 us
[5.818s][info   ][gc,stats    ] Pacing                           122664 us
[5.818s][info   ][gc,stats    ] 
[5.818s][info   ][gc,stats    ] Allocation pacing accrued:
[5.818s][info   ][gc,stats    ]       7 of    68 ms ( 10.9%): Thread-0
[5.818s][info   ][gc,stats    ]      12 of    68 ms ( 18.4%): Thread-1
[5.818s][info   ][gc,stats    ]      10 of    68 ms ( 15.5%): Thread-2
[5.818s][info   ][gc,stats    ]      22 of    68 ms ( 33.0%): Thread-3
[5.818s][info   ][gc,stats    ]      18 of    68 ms ( 26.7%): Thread-4
[5.818s][info   ][gc,stats    ]      10 of    68 ms ( 15.0%): Thread-5
[5.818s][info   ][gc,stats    ]      20 of    68 ms ( 30.0%): Thread-6
[5.818s][info   ][gc,stats    ]      21 of    68 ms ( 31.5%): Thread-7
[5.818s][info   ][gc,stats    ]     123 of    68 ms (180.9%): <total>
[5.818s][info   ][gc,stats    ]       6 of    68 ms (  9.5%): <average total>
[5.818s][info   ][gc,stats    ]      15 of    68 ms ( 22.6%): <average non-zero>
[5.818s][info   ][gc,stats    ] 
[5.818s][info   ][gc,metaspace] Metaspace: 213K(448K)->213K(448K) NonClass: 204K(320K)->204K(320K) Class: 9K(128K)->9K(128K)
[5.818s][info   ][gc,ergo     ] Pacer for Idle. Initial: 41943K, Alloc Tax Rate: 1.0x
[5.832s][info   ][gc          ] Trigger: Average GC time (59.16 ms) is above the time for average allocation rate (14895 MB/s) to deplete free headroom (867M) (margin of error = 1.90)
[5.832s][info   ][gc,ergo     ] Free headroom: 970M (free) - 102M (spike) - 0B (penalties) = 867M
[5.832s][info   ][gc,ergo     ] Free: 968M, Max: 1024K regular, 618M humongous, Frag: 37% external, 0% internal; Reserve: 103M, Max: 1024K
[5.832s][info   ][gc,start    ] GC(83) Concurrent reset
[5.832s][info   ][gc,task     ] GC(83) Using 1 of 2 workers for concurrent reset
[5.832s][info   ][gc,ergo     ] GC(83) Pacer for Reset. Non-Taxable: 2048M
[5.836s][info   ][gc          ] GC(83) Concurrent reset 4.093ms
[5.837s][info   ][gc,start    ] GC(83) Pause Init Mark (unload classes)
[5.838s][info   ][gc,task     ] GC(83) Using 2 of 2 workers for init marking
[5.838s][info   ][gc,ergo     ] GC(83) Pacer for Mark. Expected Live: 142M, Free: 910M, Non-Taxable: 93184K, Alloc Tax Rate: 0.2x
[5.838s][info   ][gc          ] GC(83) Pause Init Mark (unload classes) 0.123ms
[5.841s][info   ][gc,start    ] GC(83) Concurrent marking roots
[5.841s][info   ][gc,task     ] GC(83) Using 1 of 2 workers for concurrent marking roots
[5.841s][info   ][gc          ] GC(83) Concurrent marking roots 0.405ms
[5.841s][info   ][gc,start    ] GC(83) Concurrent marking (unload classes)
[5.841s][info   ][gc,task     ] GC(83) Using 1 of 2 workers for concurrent marking
[5.845s][info   ][gc          ] GC(83) Concurrent marking (unload classes) 4.131ms
[5.846s][info   ][gc,start    ] GC(83) Pause Final Mark (unload classes)
[5.846s][info   ][gc,task     ] GC(83) Using 2 of 2 workers for final marking
[5.847s][info   ][gc,ergo     ] GC(83) Collectable Garbage: 339M (98%), Immediate: 339M (98%), CSet: 0B (0%)
[5.847s][info   ][gc          ] GC(83) Pause Final Mark (unload classes) 0.756ms
[5.849s][info   ][gc,start    ] GC(83) Concurrent weak references
[5.850s][info   ][gc,task     ] GC(83) Using 1 of 2 workers for concurrent weak references
[5.850s][info   ][gc,ref      ] GC(83) Encountered references: Soft: 11, Weak: 37, Final: 0, Phantom: 5
[5.850s][info   ][gc,ref      ] GC(83) Discovered  references: Soft: 0, Weak: 11, Final: 0, Phantom: 5
[5.850s][info   ][gc,ref      ] GC(83) Enqueued    references: Soft: 0, Weak: 0, Final: 0, Phantom: 0
[5.850s][info   ][gc          ] GC(83) Concurrent weak references 0.099ms
[5.850s][info   ][gc,start    ] GC(83) Concurrent weak roots
[5.850s][info   ][gc,task     ] GC(83) Using 1 of 2 workers for concurrent weak root
[5.858s][info   ][gc          ] GC(83) Concurrent weak roots 7.915ms
[5.858s][info   ][gc,start    ] GC(83) Concurrent cleanup
[5.858s][info   ][gc          ] GC(83) Concurrent cleanup 673M->338M(2048M) 0.640ms
[5.859s][info   ][gc,ergo     ] GC(83) Free: 1276M, Max: 1024K regular, 606M humongous, Frag: 53% external, 0% internal; Reserve: 103M, Max: 1024K
[5.859s][info   ][gc,start    ] GC(83) Concurrent class unloading
[5.859s][info   ][gc,task     ] GC(83) Using 1 of 2 workers for concurrent class unloading
[5.865s][info   ][gc          ] GC(83) Concurrent class unloading 6.217ms
[5.865s][info   ][gc,start    ] GC(83) Pause Final Roots
[5.865s][info   ][gc          ] GC(83) Pause Final Roots 0.035ms
[5.869s][info   ][gc,ergo     ] Free: 1124M, Max: 1024K regular, 606M humongous, Frag: 47% external, 0% internal; Reserve: 103M, Max: 1024K
[5.869s][info   ][gc,stats    ] 
[5.869s][info   ][gc,stats    ] All times are wall-clock times, except per-root-class counters, that are sum over
[5.869s][info   ][gc,stats    ] all workers. Dividing the <total> over the root stage time estimates parallelism.
[5.869s][info   ][gc,stats    ] 
[5.869s][info   ][gc,stats    ] Concurrent Reset                   4186 us
[5.869s][info   ][gc,stats    ] Pause Init Mark (G)                4123 us
[5.869s][info   ][gc,stats    ] Pause Init Mark (N)                 131 us
[5.869s][info   ][gc,stats    ]   Update Region States               50 us
[5.869s][info   ][gc,stats    ] Concurrent Mark Roots               448 us, parallelism: 0.60x
[5.869s][info   ][gc,stats    ]   CMR: <total>                      268 us
[5.869s][info   ][gc,stats    ]   CMR: Thread Roots                 199 us, workers (us): 199, ---, 
[5.869s][info   ][gc,stats    ]   CMR: VM Strong Roots               10 us, workers (us):  10, ---, 
[5.869s][info   ][gc,stats    ]   CMR: CLDG Roots                    60 us, workers (us):  60, ---, 
[5.869s][info   ][gc,stats    ] Concurrent Marking                 4232 us
[5.869s][info   ][gc,stats    ] Pause Final Mark (G)               4188 us
[5.869s][info   ][gc,stats    ] Pause Final Mark (N)                764 us
[5.869s][info   ][gc,stats    ]   Finish Mark                       560 us
[5.869s][info   ][gc,stats    ]   Update Region States               38 us
[5.869s][info   ][gc,stats    ]   Choose Collection Set             108 us
[5.869s][info   ][gc,stats    ]   Rebuild Free Set                   14 us
[5.869s][info   ][gc,stats    ] Concurrent Weak References          107 us, parallelism: 0.13x
[5.869s][info   ][gc,stats    ]   CWRF: <total>                      14 us
[5.869s][info   ][gc,stats    ]   CWRF: Weak References              14 us, workers (us):  14, ---, 
[5.869s][info   ][gc,stats    ] Concurrent Weak Roots              8057 us
[5.869s][info   ][gc,stats    ]   Roots                             186 us, parallelism: 0.82x
[5.869s][info   ][gc,stats    ]     CWR: <total>                    152 us
[5.869s][info   ][gc,stats    ]     CWR: Code Cache Roots            73 us, workers (us):  73, ---, 
[5.869s][info   ][gc,stats    ]     CWR: VM Weak Roots               75 us, workers (us):  75, ---, 
[5.869s][info   ][gc,stats    ]     CWR: CLDG Roots                   4 us, workers (us):   4, ---, 
[5.869s][info   ][gc,stats    ]   Rendezvous                       7710 us
[5.869s][info   ][gc,stats    ] Concurrent Cleanup                  780 us
[5.869s][info   ][gc,stats    ] Concurrent Class Unloading         6387 us
[5.869s][info   ][gc,stats    ]   Unlink Stale                      659 us
[5.869s][info   ][gc,stats    ]     System Dictionary                21 us
[5.869s][info   ][gc,stats    ]     Weak Class Links                  3 us
[5.869s][info   ][gc,stats    ]     Code Roots                      621 us
[5.869s][info   ][gc,stats    ]   Rendezvous                       5213 us
[5.869s][info   ][gc,stats    ]   Purge Unlinked                    214 us
[5.869s][info   ][gc,stats    ]     Code Roots                      155 us
[5.869s][info   ][gc,stats    ]     CLDG                             53 us
[5.869s][info   ][gc,stats    ]     Exception Caches                  1 us
[5.869s][info   ][gc,stats    ] Pause Final Roots (G)              3538 us
[5.869s][info   ][gc,stats    ] Pause Final Roots (N)                43 us
[5.869s][info   ][gc,stats    ] 
[5.869s][info   ][gc,stats    ] Allocation pacing accrued:
[5.869s][info   ][gc,stats    ]       0 of    51 ms (  0.0%): <total>
[5.869s][info   ][gc,stats    ]       0 of    51 ms (  0.0%): <average total>
[5.869s][info   ][gc,stats    ] 
[5.869s][info   ][gc,metaspace] Metaspace: 213K(448K)->213K(448K) NonClass: 204K(320K)->204K(320K) Class: 9K(128K)->9K(128K)
[5.869s][info   ][gc,ergo     ] Pacer for Idle. Initial: 41943K, Alloc Tax Rate: 1.0x
[5.885s][info   ][gc          ] Trigger: Average GC time (52.75 ms) is above the time for average allocation rate (14895 MB/s) to deplete free headroom (769M) (margin of error = 1.90)
[5.885s][info   ][gc,ergo     ] Free headroom: 872M (free) - 102M (spike) - 0B (penalties) = 769M
[5.885s][info   ][gc,ergo     ] Free: 868M, Max: 1024K regular, 606M humongous, Frag: 31% external, 0% internal; Reserve: 103M, Max: 1024K
[5.885s][info   ][gc,start    ] GC(84) Concurrent reset
[5.885s][info   ][gc,task     ] GC(84) Using 1 of 2 workers for concurrent reset
[5.885s][info   ][gc,ergo     ] GC(84) Pacer for Reset. Non-Taxable: 2048M
[5.898s][info   ][gc          ] GC(84) Concurrent reset 12.451ms
[5.899s][info   ][gc,start    ] GC(84) Pause Init Mark (unload classes)
[5.899s][info   ][gc,task     ] GC(84) Using 2 of 2 workers for init marking
[5.899s][info   ][gc,ergo     ] GC(84) Pacer for Mark. Expected Live: 151M, Free: 690M, Non-Taxable: 70656K, Alloc Tax Rate: 0.3x
[5.899s][info   ][gc          ] GC(84) Pause Init Mark (unload classes) 0.130ms
[5.903s][info   ][gc,start    ] GC(84) Concurrent marking roots
[5.903s][info   ][gc,task     ] GC(84) Using 1 of 2 workers for concurrent marking roots
[5.903s][info   ][gc          ] GC(84) Concurrent marking roots 0.236ms
[5.903s][info   ][gc,start    ] GC(84) Concurrent marking (unload classes)
[5.903s][info   ][gc,task     ] GC(84) Using 1 of 2 workers for concurrent marking
[5.908s][info   ][gc          ] GC(84) Concurrent marking (unload classes) 4.484ms
[5.908s][info   ][gc,start    ] GC(84) Pause Final Mark (unload classes)
[5.908s][info   ][gc,task     ] GC(84) Using 2 of 2 workers for final marking
[5.908s][info   ][gc,ergo     ] GC(84) Collectable Garbage: 475M (98%), Immediate: 475M (98%), CSet: 0B (0%)
[5.908s][info   ][gc          ] GC(84) Pause Final Mark (unload classes) 0.263ms
[5.908s][info   ][gc,start    ] GC(84) Concurrent weak references
[5.908s][info   ][gc,task     ] GC(84) Using 1 of 2 workers for concurrent weak references
[5.908s][info   ][gc,ref      ] GC(84) Encountered references: Soft: 11, Weak: 37, Final: 0, Phantom: 5
[5.908s][info   ][gc,ref      ] GC(84) Discovered  references: Soft: 0, Weak: 11, Final: 0, Phantom: 5
[5.908s][info   ][gc,ref      ] GC(84) Enqueued    references: Soft: 0, Weak: 0, Final: 0, Phantom: 0
[5.908s][info   ][gc          ] GC(84) Concurrent weak references 0.121ms
[5.908s][info   ][gc,start    ] GC(84) Concurrent weak roots
[5.908s][info   ][gc,task     ] GC(84) Using 1 of 2 workers for concurrent weak root
[5.915s][info   ][gc          ] GC(84) Concurrent weak roots 6.087ms
[5.915s][info   ][gc,start    ] GC(84) Concurrent cleanup
[5.915s][info   ][gc          ] GC(84) Concurrent cleanup 751M->281M(2048M) 0.629ms
[5.915s][info   ][gc,ergo     ] GC(84) Free: 1390M, Max: 1024K regular, 450M humongous, Frag: 68% external, 0% internal; Reserve: 103M, Max: 1024K
[5.915s][info   ][gc,start    ] GC(84) Concurrent class unloading
[5.915s][info   ][gc,task     ] GC(84) Using 1 of 2 workers for concurrent class unloading
[5.922s][info   ][gc          ] GC(84) Concurrent class unloading 6.252ms
[5.923s][info   ][gc,start    ] GC(84) Pause Final Roots
[5.923s][info   ][gc          ] GC(84) Pause Final Roots 0.024ms
[5.926s][info   ][gc,ergo     ] Free: 1244M, Max: 1024K regular, 450M humongous, Frag: 64% external, 0% internal; Reserve: 103M, Max: 1024K
[5.926s][info   ][gc,stats    ] 
[5.926s][info   ][gc,stats    ] All times are wall-clock times, except per-root-class counters, that are sum over
[5.926s][info   ][gc,stats    ] all workers. Dividing the <total> over the root stage time estimates parallelism.
[5.926s][info   ][gc,stats    ] 
[5.926s][info   ][gc,stats    ] Concurrent Reset                  12763 us
[5.926s][info   ][gc,stats    ] Pause Init Mark (G)                4948 us
[5.926s][info   ][gc,stats    ] Pause Init Mark (N)                 170 us
[5.926s][info   ][gc,stats    ]   Update Region States               57 us
[5.926s][info   ][gc,stats    ] Concurrent Mark Roots               248 us, parallelism: 0.48x
[5.926s][info   ][gc,stats    ]   CMR: <total>                      119 us
[5.926s][info   ][gc,stats    ]   CMR: Thread Roots                  94 us, workers (us):  94, ---, 
[5.926s][info   ][gc,stats    ]   CMR: VM Strong Roots                5 us, workers (us):   5, ---, 
[5.926s][info   ][gc,stats    ]   CMR: CLDG Roots                    20 us, workers (us):  20, ---, 
[5.926s][info   ][gc,stats    ] Concurrent Marking                 4531 us
[5.926s][info   ][gc,stats    ] Pause Final Mark (G)                495 us
[5.926s][info   ][gc,stats    ] Pause Final Mark (N)                271 us
[5.926s][info   ][gc,stats    ]   Finish Mark                        52 us
[5.926s][info   ][gc,stats    ]   Update Region States               76 us
[5.926s][info   ][gc,stats    ]   Choose Collection Set              93 us
[5.926s][info   ][gc,stats    ]   Rebuild Free Set                   10 us
[5.926s][info   ][gc,stats    ] Concurrent Weak References          127 us, parallelism: 0.04x
[5.926s][info   ][gc,stats    ]   CWRF: <total>                       5 us
[5.926s][info   ][gc,stats    ]   CWRF: Weak References               5 us, workers (us):   5, ---, 
[5.926s][info   ][gc,stats    ] Concurrent Weak Roots              6214 us
[5.926s][info   ][gc,stats    ]   Roots                             166 us, parallelism: 0.53x
[5.926s][info   ][gc,stats    ]     CWR: <total>                     89 us
[5.926s][info   ][gc,stats    ]     CWR: Code Cache Roots            51 us, workers (us):  51, ---, 
[5.926s][info   ][gc,stats    ]     CWR: VM Weak Roots               36 us, workers (us):  36, ---, 
[5.926s][info   ][gc,stats    ]     CWR: CLDG Roots                   2 us, workers (us):   2, ---, 
[5.926s][info   ][gc,stats    ]   Rendezvous                       5900 us
[5.926s][info   ][gc,stats    ] Concurrent Cleanup                  649 us
[5.926s][info   ][gc,stats    ] Concurrent Class Unloading         6336 us
[5.926s][info   ][gc,stats    ]   Unlink Stale                     2869 us
[5.926s][info   ][gc,stats    ]     System Dictionary                12 us
[5.926s][info   ][gc,stats    ]     Weak Class Links                  1 us
[5.926s][info   ][gc,stats    ]     Code Roots                     2849 us
[5.926s][info   ][gc,stats    ]   Rendezvous                       3095 us
[5.926s][info   ][gc,stats    ]   Purge Unlinked                    259 us
[5.926s][info   ][gc,stats    ]     Code Roots                      248 us
[5.926s][info   ][gc,stats    ]     CLDG                              8 us
[5.926s][info   ][gc,stats    ]     Exception Caches                  1 us
[5.926s][info   ][gc,stats    ] Pause Final Roots (G)              3737 us
[5.926s][info   ][gc,stats    ] Pause Final Roots (N)                32 us
[5.926s][info   ][gc,stats    ] Pacing                            50495 us
[5.926s][info   ][gc,stats    ] 
[5.926s][info   ][gc,stats    ] Allocation pacing accrued:
[5.926s][info   ][gc,stats    ]       9 of    57 ms ( 15.3%): Thread-0
[5.926s][info   ][gc,stats    ]       5 of    57 ms (  9.2%): Thread-1
[5.926s][info   ][gc,stats    ]       8 of    57 ms ( 14.4%): Thread-2
[5.926s][info   ][gc,stats    ]       8 of    57 ms ( 14.7%): Thread-3
[5.926s][info   ][gc,stats    ]       6 of    57 ms ( 10.2%): Thread-4
[5.926s][info   ][gc,stats    ]       8 of    57 ms ( 14.7%): Thread-5
[5.926s][info   ][gc,stats    ]       6 of    57 ms ( 10.2%): Thread-6
[5.926s][info   ][gc,stats    ]      50 of    57 ms ( 88.6%): <total>
[5.926s][info   ][gc,stats    ]       3 of    57 ms (  4.7%): <average total>
[5.926s][info   ][gc,stats    ]       7 of    57 ms ( 12.7%): <average non-zero>
[5.926s][info   ][gc,stats    ] 
[5.926s][info   ][gc,metaspace] Metaspace: 213K(448K)->213K(448K) NonClass: 204K(320K)->204K(320K) Class: 9K(128K)->9K(128K)
[5.926s][info   ][gc,ergo     ] Pacer for Idle. Initial: 41943K, Alloc Tax Rate: 1.0x
[5.950s][info   ][gc          ] Trigger: Average GC time (50.71 ms) is above the time for average allocation rate (14895 MB/s) to deplete free headroom (753M) (margin of error = 1.90)
[5.950s][info   ][gc,ergo     ] Free headroom: 856M (free) - 102M (spike) - 0B (penalties) = 753M
[5.950s][info   ][gc,ergo     ] Free: 854M, Max: 1024K regular, 450M humongous, Frag: 48% external, 0% internal; Reserve: 103M, Max: 1024K
[5.951s][info   ][gc,start    ] GC(85) Concurrent reset
[5.951s][info   ][gc,task     ] GC(85) Using 1 of 2 workers for concurrent reset
[5.951s][info   ][gc,ergo     ] GC(85) Pacer for Reset. Non-Taxable: 2048M
[5.969s][info   ][gc          ] GC(85) Concurrent reset 18.766ms
[5.970s][info   ][gc,start    ] GC(85) Pause Init Mark (unload classes)
[5.970s][info   ][gc,task     ] GC(85) Using 2 of 2 workers for init marking
[5.970s][info   ][gc,ergo     ] GC(85) Pacer for Mark. Expected Live: 155M, Free: 586M, Non-Taxable: 60006K, Alloc Tax Rate: 0.3x
[5.970s][info   ][gc          ] GC(85) Pause Init Mark (unload classes) 0.192ms
[5.971s][info   ][gc,start    ] GC(85) Concurrent marking roots
[5.971s][info   ][gc,task     ] GC(85) Using 1 of 2 workers for concurrent marking roots
[5.974s][info   ][gc          ] GC(85) Concurrent marking roots 3.582ms
[5.974s][info   ][gc,start    ] GC(85) Concurrent marking (unload classes)
[5.974s][info   ][gc,task     ] GC(85) Using 1 of 2 workers for concurrent marking
[5.997s][info   ][gc          ] GC(85) Concurrent marking (unload classes) 22.569ms
[5.998s][info   ][gc,start    ] GC(85) Pause Final Mark (unload classes)
[5.998s][info   ][gc,task     ] GC(85) Using 2 of 2 workers for final marking
[5.999s][info   ][gc,ergo     ] GC(85) Collectable Garbage: 527M (98%), Immediate: 527M (98%), CSet: 0B (0%)
[5.999s][info   ][gc          ] GC(85) Pause Final Mark (unload classes) 0.450ms
[6.002s][info   ][gc,start    ] GC(85) Concurrent weak references
[6.002s][info   ][gc,task     ] GC(85) Using 1 of 2 workers for concurrent weak references
[6.002s][info   ][gc,ref      ] GC(85) Encountered references: Soft: 11, Weak: 37, Final: 0, Phantom: 5
[6.002s][info   ][gc,ref      ] GC(85) Discovered  references: Soft: 0, Weak: 11, Final: 0, Phantom: 5
[6.002s][info   ][gc,ref      ] GC(85) Enqueued    references: Soft: 0, Weak: 0, Final: 0, Phantom: 0
[6.002s][info   ][gc          ] GC(85) Concurrent weak references 0.383ms
[6.002s][info   ][gc,start    ] GC(85) Concurrent weak roots
[6.002s][info   ][gc,task     ] GC(85) Using 1 of 2 workers for concurrent weak root
[6.008s][info   ][gc          ] GC(85) Concurrent weak roots 5.592ms
[6.008s][info   ][gc,start    ] GC(85) Concurrent cleanup
[6.008s][info   ][gc          ] GC(85) Concurrent cleanup 938M->416M(2048M) 0.691ms
[6.008s][info   ][gc,ergo     ] GC(85) Free: 1120M, Max: 1024K regular, 77824K humongous, Frag: 94% external, 0% internal; Reserve: 103M, Max: 1024K
[6.008s][info   ][gc,start    ] GC(85) Concurrent class unloading
[6.008s][info   ][gc,task     ] GC(85) Using 1 of 2 workers for concurrent class unloading
[6.009s][info   ][gc          ] GC(85) Concurrent class unloading 0.665ms
[6.009s][info   ][gc,start    ] GC(85) Pause Final Roots
[6.009s][info   ][gc          ] GC(85) Pause Final Roots 0.033ms
[6.009s][info   ][gc,ergo     ] Free: 1120M, Max: 1024K regular, 77824K humongous, Frag: 94% external, 0% internal; Reserve: 103M, Max: 1024K
[6.009s][info   ][gc,stats    ] 
[6.009s][info   ][gc,stats    ] All times are wall-clock times, except per-root-class counters, that are sum over
[6.009s][info   ][gc,stats    ] all workers. Dividing the <total> over the root stage time estimates parallelism.
[6.009s][info   ][gc,stats    ] 
[6.009s][info   ][gc,stats    ] Concurrent Reset                  19012 us
[6.009s][info   ][gc,stats    ] Pause Init Mark (G)                 943 us
[6.009s][info   ][gc,stats    ] Pause Init Mark (N)                 202 us
[6.009s][info   ][gc,stats    ]   Update Region States              138 us
[6.009s][info   ][gc,stats    ] Concurrent Mark Roots              3661 us, parallelism: 0.72x
[6.009s][info   ][gc,stats    ]   CMR: <total>                     2648 us
[6.009s][info   ][gc,stats    ]   CMR: Thread Roots                2570 us, workers (us): 2570, ---, 
[6.009s][info   ][gc,stats    ]   CMR: VM Strong Roots               11 us, workers (us):  11, ---, 
[6.009s][info   ][gc,stats    ]   CMR: CLDG Roots                    66 us, workers (us):  66, ---, 
[6.009s][info   ][gc,stats    ] Concurrent Marking                22739 us
[6.009s][info   ][gc,stats    ] Pause Final Mark (G)               4588 us
[6.009s][info   ][gc,stats    ] Pause Final Mark (N)                464 us
[6.009s][info   ][gc,stats    ]   Finish Mark                        78 us
[6.009s][info   ][gc,stats    ]   Update Region States              104 us
[6.009s][info   ][gc,stats    ]   Choose Collection Set             188 us
[6.009s][info   ][gc,stats    ]   Rebuild Free Set                   21 us
[6.009s][info   ][gc,stats    ] Concurrent Weak References          393 us, parallelism: 0.03x
[6.009s][info   ][gc,stats    ]   CWRF: <total>                      10 us
[6.009s][info   ][gc,stats    ]   CWRF: Weak References              10 us, workers (us):  10, ---, 
[6.009s][info   ][gc,stats    ] Concurrent Weak Roots              5700 us
[6.009s][info   ][gc,stats    ]   Roots                             170 us, parallelism: 0.37x
[6.009s][info   ][gc,stats    ]     CWR: <total>                     63 us
[6.009s][info   ][gc,stats    ]     CWR: Code Cache Roots            33 us, workers (us):  33, ---, 
[6.009s][info   ][gc,stats    ]     CWR: VM Weak Roots               28 us, workers (us):  28, ---, 
[6.009s][info   ][gc,stats    ]     CWR: CLDG Roots                   2 us, workers (us):   2, ---, 
[6.009s][info   ][gc,stats    ]   Rendezvous                       5386 us
[6.009s][info   ][gc,stats    ] Concurrent Cleanup                  709 us
[6.009s][info   ][gc,stats    ] Concurrent Class Unloading          682 us
[6.010s][info   ][gc,stats    ]   Unlink Stale                      423 us
[6.010s][info   ][gc,stats    ]     System Dictionary                10 us
[6.010s][info   ][gc,stats    ]     Weak Class Links                  1 us
[6.010s][info   ][gc,stats    ]     Code Roots                      409 us
[6.010s][info   ][gc,stats    ]   Rendezvous                        112 us
[6.010s][info   ][gc,stats    ]   Purge Unlinked                    107 us
[6.010s][info   ][gc,stats    ]     Code Roots                       88 us
[6.010s][info   ][gc,stats    ]     CLDG                             16 us
[6.010s][info   ][gc,stats    ]     Exception Caches                  1 us
[6.010s][info   ][gc,stats    ] Pause Final Roots (G)               152 us
[6.010s][info   ][gc,stats    ] Pause Final Roots (N)                44 us
[6.010s][info   ][gc,stats    ] Pacing                            30882 us
[6.010s][info   ][gc,stats    ] 
[6.010s][info   ][gc,stats    ] Allocation pacing accrued:
[6.010s][info   ][gc,stats    ]       7 of    84 ms (  8.6%): Thread-0
[6.010s][info   ][gc,stats    ]       7 of    84 ms (  8.0%): Thread-1
[6.010s][info   ][gc,stats    ]       5 of    84 ms (  5.8%): Thread-2
[6.010s][info   ][gc,stats    ]       7 of    84 ms (  8.4%): Thread-3
[6.010s][info   ][gc,stats    ]       2 of    84 ms (  1.9%): Thread-4
[6.010s][info   ][gc,stats    ]       2 of    84 ms (  2.0%): Thread-5
[6.010s][info   ][gc,stats    ]       2 of    84 ms (  2.2%): Thread-6
[6.010s][info   ][gc,stats    ]      31 of    84 ms ( 36.9%): <total>
[6.010s][info   ][gc,stats    ]       2 of    84 ms (  1.9%): <average total>
[6.010s][info   ][gc,stats    ]       4 of    84 ms (  5.3%): <average non-zero>
[6.010s][info   ][gc,stats    ] 
[6.010s][info   ][gc,metaspace] Metaspace: 213K(448K)->213K(448K) NonClass: 204K(320K)->204K(320K) Class: 9K(128K)->9K(128K)
[6.010s][info   ][gc,ergo     ] Pacer for Idle. Initial: 41943K, Alloc Tax Rate: 1.0x
[6.011s][info   ][gc          ] Trigger: Average GC time (70.04 ms) is above the time for average allocation rate (14895 MB/s) to deplete free headroom (1015M) (margin of error = 1.90)
[6.011s][info   ][gc,ergo     ] Free headroom: 1118M (free) - 102M (spike) - 0B (penalties) = 1015M
[6.011s][info   ][gc,ergo     ] Free: 1118M, Max: 1024K regular, 77824K humongous, Frag: 94% external, 0% internal; Reserve: 103M, Max: 1024K
[6.011s][info   ][gc,start    ] GC(86) Concurrent reset
[6.011s][info   ][gc,task     ] GC(86) Using 1 of 2 workers for concurrent reset
[6.011s][info   ][gc,ergo     ] GC(86) Pacer for Reset. Non-Taxable: 2048M
[6.013s][info   ][gc          ] GC(86) Concurrent reset 1.681ms
[6.014s][info   ][gc,start    ] GC(86) Pause Init Mark (unload classes)
[6.014s][info   ][gc,task     ] GC(86) Using 2 of 2 workers for init marking
[6.014s][info   ][gc,ergo     ] GC(86) Pacer for Mark. Expected Live: 161M, Free: 1100M, Non-Taxable: 110M, Alloc Tax Rate: 0.2x
[6.014s][info   ][gc          ] GC(86) Pause Init Mark (unload classes) 0.361ms
[6.014s][info   ][gc,start    ] GC(86) Concurrent marking roots
[6.014s][info   ][gc,task     ] GC(86) Using 1 of 2 workers for concurrent marking roots
[6.014s][info   ][gc          ] GC(86) Concurrent marking roots 0.288ms
[6.014s][info   ][gc,start    ] GC(86) Concurrent marking (unload classes)
[6.014s][info   ][gc,task     ] GC(86) Using 1 of 2 workers for concurrent marking
[6.031s][info   ][gc          ] GC(86) Concurrent marking (unload classes) 16.585ms
[6.032s][info   ][gc,start    ] GC(86) Pause Final Mark (unload classes)
[6.032s][info   ][gc,task     ] GC(86) Using 2 of 2 workers for final marking
[6.032s][info   ][gc,ergo     ] GC(86) Collectable Garbage: 272M (97%), Immediate: 272M (97%), CSet: 0B (0%)
[6.032s][info   ][gc          ] GC(86) Pause Final Mark (unload classes) 0.358ms
[6.035s][info   ][gc,start    ] GC(86) Concurrent weak references
[6.035s][info   ][gc,task     ] GC(86) Using 1 of 2 workers for concurrent weak references
[6.035s][info   ][gc,ref      ] GC(86) Encountered references: Soft: 11, Weak: 37, Final: 0, Phantom: 5
[6.035s][info   ][gc,ref      ] GC(86) Discovered  references: Soft: 0, Weak: 11, Final: 0, Phantom: 5
[6.035s][info   ][gc,ref      ] GC(86) Enqueued    references: Soft: 0, Weak: 0, Final: 0, Phantom: 0
[6.035s][info   ][gc          ] GC(86) Concurrent weak references 0.090ms
[6.035s][info   ][gc,start    ] GC(86) Concurrent weak roots
[6.035s][info   ][gc,task     ] GC(86) Using 1 of 2 workers for concurrent weak root
[6.044s][info   ][gc          ] GC(86) Concurrent weak roots 9.168ms
[6.045s][info   ][gc,start    ] GC(86) Concurrent cleanup
[6.045s][info   ][gc          ] GC(86) Concurrent cleanup 667M->399M(2048M) 0.541ms
[6.045s][info   ][gc,ergo     ] GC(86) Free: 1152M, Max: 1024K regular, 124M humongous, Frag: 90% external, 0% internal; Reserve: 103M, Max: 1024K
[6.045s][info   ][gc,start    ] GC(86) Concurrent class unloading
[6.045s][info   ][gc,task     ] GC(86) Using 1 of 2 workers for concurrent class unloading
[6.053s][info   ][gc          ] GC(86) Concurrent class unloading 7.305ms
[6.055s][info   ][gc,start    ] GC(86) Pause Final Roots
[6.055s][info   ][gc          ] GC(86) Pause Final Roots 0.038ms
[6.055s][info   ][gc,ergo     ] Free: 1000M, Max: 1024K regular, 124M humongous, Frag: 88% external, 0% internal; Reserve: 103M, Max: 1024K
[6.055s][info   ][gc,stats    ] 
[6.055s][info   ][gc,stats    ] All times are wall-clock times, except per-root-class counters, that are sum over
[6.055s][info   ][gc,stats    ] all workers. Dividing the <total> over the root stage time estimates parallelism.
[6.055s][info   ][gc,stats    ] 
[6.055s][info   ][gc,stats    ] Concurrent Reset                   1736 us
[6.055s][info   ][gc,stats    ] Pause Init Mark (G)                 821 us
[6.055s][info   ][gc,stats    ] Pause Init Mark (N)                 370 us
[6.055s][info   ][gc,stats    ]   Update Region States              317 us
[6.055s][info   ][gc,stats    ] Concurrent Mark Roots               302 us, parallelism: 0.80x
[6.055s][info   ][gc,stats    ]   CMR: <total>                      241 us
[6.055s][info   ][gc,stats    ]   CMR: Thread Roots                 211 us, workers (us): 211, ---, 
[6.055s][info   ][gc,stats    ]   CMR: VM Strong Roots                4 us, workers (us):   4, ---, 
[6.055s][info   ][gc,stats    ]   CMR: CLDG Roots                    25 us, workers (us):  25, ---, 
[6.055s][info   ][gc,stats    ] Concurrent Marking                16767 us
[6.055s][info   ][gc,stats    ] Pause Final Mark (G)               4028 us
[6.055s][info   ][gc,stats    ] Pause Final Mark (N)                366 us
[6.055s][info   ][gc,stats    ]   Finish Mark                       106 us
[6.055s][info   ][gc,stats    ]   Update Region States               93 us
[6.055s][info   ][gc,stats    ]   Choose Collection Set             104 us
[6.055s][info   ][gc,stats    ]   Rebuild Free Set                   10 us
[6.055s][info   ][gc,stats    ] Concurrent Weak References           98 us, parallelism: 0.10x
[6.055s][info   ][gc,stats    ]   CWRF: <total>                       9 us
[6.055s][info   ][gc,stats    ]   CWRF: Weak References               9 us, workers (us):   9, ---, 
[6.055s][info   ][gc,stats    ] Concurrent Weak Roots              9330 us
[6.055s][info   ][gc,stats    ]   Roots                             177 us, parallelism: 0.73x
[6.055s][info   ][gc,stats    ]     CWR: <total>                    130 us
[6.055s][info   ][gc,stats    ]     CWR: Code Cache Roots            69 us, workers (us):  69, ---, 
[6.055s][info   ][gc,stats    ]     CWR: VM Weak Roots               58 us, workers (us):  58, ---, 
[6.055s][info   ][gc,stats    ]     CWR: CLDG Roots                   4 us, workers (us):   4, ---, 
[6.055s][info   ][gc,stats    ]   Rendezvous                       8945 us
[6.055s][info   ][gc,stats    ] Concurrent Cleanup                  575 us
[6.055s][info   ][gc,stats    ] Concurrent Class Unloading         7436 us
[6.055s][info   ][gc,stats    ]   Unlink Stale                     3429 us
[6.055s][info   ][gc,stats    ]     System Dictionary                12 us
[6.055s][info   ][gc,stats    ]     Weak Class Links                  1 us
[6.055s][info   ][gc,stats    ]     Code Roots                     3410 us
[6.055s][info   ][gc,stats    ]   Rendezvous                       3735 us
[6.055s][info   ][gc,stats    ]   Purge Unlinked                    111 us
[6.055s][info   ][gc,stats    ]     Code Roots                       93 us
[6.055s][info   ][gc,stats    ]     CLDG                             15 us
[6.055s][info   ][gc,stats    ]     Exception Caches                  1 us
[6.055s][info   ][gc,stats    ] Pause Final Roots (G)              2269 us
[6.055s][info   ][gc,stats    ] Pause Final Roots (N)                46 us
[6.055s][info   ][gc,stats    ] Pacing                            52395 us
[6.055s][info   ][gc,stats    ] 
[6.055s][info   ][gc,stats    ] Allocation pacing accrued:
[6.055s][info   ][gc,stats    ]       9 of    46 ms ( 19.3%): Thread-1
[6.055s][info   ][gc,stats    ]      12 of    46 ms ( 26.6%): Thread-3
[6.055s][info   ][gc,stats    ]      12 of    46 ms ( 26.0%): Thread-5
[6.055s][info   ][gc,stats    ]      11 of    46 ms ( 23.5%): Thread-6
[6.055s][info   ][gc,stats    ]       9 of    46 ms ( 19.1%): Thread-7
[6.055s][info   ][gc,stats    ]      52 of    46 ms (114.5%): <total>
[6.055s][info   ][gc,stats    ]       3 of    46 ms (  6.0%): <average total>
[6.055s][info   ][gc,stats    ]      10 of    46 ms ( 22.9%): <average non-zero>
[6.055s][info   ][gc,stats    ] 
[6.055s][info   ][gc,metaspace] Metaspace: 213K(448K)->213K(448K) NonClass: 204K(320K)->204K(320K) Class: 9K(128K)->9K(128K)
[6.055s][info   ][gc,ergo     ] Pacer for Idle. Initial: 41943K, Alloc Tax Rate: 1.0x
[6.057s][info   ][gc          ] Trigger: Average GC time (62.00 ms) is above the time for average allocation rate (14911 MB/s) to deplete free headroom (873M) (margin of error = 1.91)
[6.057s][info   ][gc,ergo     ] Free headroom: 976M (free) - 102M (spike) - 0B (penalties) = 873M
[6.057s][info   ][gc,ergo     ] Free: 976M, Max: 1024K regular, 124M humongous, Frag: 88% external, 0% internal; Reserve: 103M, Max: 1024K
[6.057s][info   ][gc,start    ] GC(87) Concurrent reset
[6.057s][info   ][gc,task     ] GC(87) Using 1 of 2 workers for concurrent reset
[6.057s][info   ][gc,ergo     ] GC(87) Pacer for Reset. Non-Taxable: 2048M
[6.067s][info   ][gc          ] GC(87) Concurrent reset 10.001ms
[6.070s][info   ][gc,start    ] GC(87) Pause Init Mark (unload classes)
[6.070s][info   ][gc,task     ] GC(87) Using 2 of 2 workers for init marking
[6.070s][info   ][gc,ergo     ] GC(87) Pacer for Mark. Expected Live: 160M, Free: 772M, Non-Taxable: 79052K, Alloc Tax Rate: 0.3x
[6.070s][info   ][gc          ] GC(87) Pause Init Mark (unload classes) 0.218ms
[6.070s][info   ][gc,start    ] GC(87) Concurrent marking roots
[6.070s][info   ][gc,task     ] GC(87) Using 1 of 2 workers for concurrent marking roots
[6.073s][info   ][gc          ] GC(87) Concurrent marking roots 2.862ms
[6.073s][info   ][gc,start    ] GC(87) Concurrent marking (unload classes)
[6.073s][info   ][gc,task     ] GC(87) Using 1 of 2 workers for concurrent marking
[6.098s][info   ][gc          ] GC(87) Concurrent marking (unload classes) 24.995ms
[6.099s][info   ][gc,start    ] GC(87) Pause Final Mark (unload classes)
[6.099s][info   ][gc,task     ] GC(87) Using 2 of 2 workers for final marking
[6.100s][info   ][gc,ergo     ] GC(87) Collectable Garbage: 432M (98%), Immediate: 432M (98%), CSet: 0B (0%)
[6.100s][info   ][gc          ] GC(87) Pause Final Mark (unload classes) 0.306ms
[6.105s][info   ][gc,start    ] GC(87) Concurrent weak references
[6.106s][info   ][gc,task     ] GC(87) Using 1 of 2 workers for concurrent weak references
[6.106s][info   ][gc,ref      ] GC(87) Encountered references: Soft: 11, Weak: 37, Final: 0, Phantom: 5
[6.106s][info   ][gc,ref      ] GC(87) Discovered  references: Soft: 0, Weak: 11, Final: 0, Phantom: 5
[6.106s][info   ][gc,ref      ] GC(87) Enqueued    references: Soft: 0, Weak: 0, Final: 0, Phantom: 0
[6.106s][info   ][gc          ] GC(87) Concurrent weak references 0.584ms
[6.106s][info   ][gc,start    ] GC(87) Concurrent weak roots
[6.106s][info   ][gc,task     ] GC(87) Using 1 of 2 workers for concurrent weak root
[6.111s][info   ][gc          ] GC(87) Concurrent weak roots 4.418ms
[6.111s][info   ][gc,start    ] GC(87) Concurrent cleanup
[6.111s][info   ][gc          ] GC(87) Concurrent cleanup 896M->469M(2048M) 0.643ms
[6.111s][info   ][gc,ergo     ] GC(87) Free: 1012M, Max: 1024K regular, 83968K humongous, Frag: 92% external, 0% internal; Reserve: 103M, Max: 1024K
[6.111s][info   ][gc,start    ] GC(87) Concurrent class unloading
[6.111s][info   ][gc,task     ] GC(87) Using 1 of 2 workers for concurrent class unloading
[6.115s][info   ][gc          ] GC(87) Concurrent class unloading 4.005ms
[6.115s][info   ][gc,start    ] GC(87) Pause Final Roots
[6.115s][info   ][gc          ] GC(87) Pause Final Roots 0.030ms
[6.116s][info   ][gc,ergo     ] Free: 960M, Max: 1024K regular, 83968K humongous, Frag: 92% external, 0% internal; Reserve: 103M, Max: 1024K
[6.116s][info   ][gc,stats    ] 
[6.116s][info   ][gc,stats    ] All times are wall-clock times, except per-root-class counters, that are sum over
[6.116s][info   ][gc,stats    ] all workers. Dividing the <total> over the root stage time estimates parallelism.
[6.116s][info   ][gc,stats    ] 
[6.116s][info   ][gc,stats    ] Concurrent Reset                  10153 us
[6.116s][info   ][gc,stats    ] Pause Init Mark (G)                3364 us
[6.116s][info   ][gc,stats    ] Pause Init Mark (N)                 227 us
[6.116s][info   ][gc,stats    ]   Update Region States              105 us
[6.116s][info   ][gc,stats    ] Concurrent Mark Roots              3007 us, parallelism: 0.09x
[6.116s][info   ][gc,stats    ]   CMR: <total>                      283 us
[6.116s][info   ][gc,stats    ]   CMR: Thread Roots                 198 us, workers (us): 198, ---, 
[6.116s][info   ][gc,stats    ]   CMR: VM Strong Roots               21 us, workers (us):  21, ---, 
[6.116s][info   ][gc,stats    ]   CMR: CLDG Roots                    63 us, workers (us):  63, ---, 
[6.116s][info   ][gc,stats    ] Concurrent Marking                25180 us
[6.116s][info   ][gc,stats    ] Pause Final Mark (G)               7028 us
[6.116s][info   ][gc,stats    ] Pause Final Mark (N)                314 us
[6.116s][info   ][gc,stats    ]   Finish Mark                        82 us
[6.116s][info   ][gc,stats    ]   Update Region States               62 us
[6.116s][info   ][gc,stats    ]   Choose Collection Set             117 us
[6.116s][info   ][gc,stats    ]   Rebuild Free Set                    9 us
[6.116s][info   ][gc,stats    ] Concurrent Weak References          599 us, parallelism: 0.04x
[6.116s][info   ][gc,stats    ]   CWRF: <total>                      24 us
[6.116s][info   ][gc,stats    ]   CWRF: Weak References              24 us, workers (us):  24, ---, 
[6.116s][info   ][gc,stats    ] Concurrent Weak Roots              4530 us
[6.116s][info   ][gc,stats    ]   Roots                             314 us, parallelism: 0.56x
[6.116s][info   ][gc,stats    ]     CWR: <total>                    174 us
[6.116s][info   ][gc,stats    ]     CWR: Code Cache Roots           109 us, workers (us): 109, ---, 
[6.116s][info   ][gc,stats    ]     CWR: VM Weak Roots               61 us, workers (us):  61, ---, 
[6.116s][info   ][gc,stats    ]     CWR: CLDG Roots                   4 us, workers (us):   4, ---, 
[6.116s][info   ][gc,stats    ]   Rendezvous                       4074 us
[6.116s][info   ][gc,stats    ] Concurrent Cleanup                  675 us
[6.116s][info   ][gc,stats    ] Concurrent Class Unloading         4047 us
[6.116s][info   ][gc,stats    ]   Unlink Stale                     3729 us
[6.116s][info   ][gc,stats    ]     System Dictionary                11 us
[6.116s][info   ][gc,stats    ]     Weak Class Links                  1 us
[6.116s][info   ][gc,stats    ]     Code Roots                     3712 us
[6.116s][info   ][gc,stats    ]   Rendezvous                        168 us
[6.116s][info   ][gc,stats    ]   Purge Unlinked                     84 us
[6.116s][info   ][gc,stats    ]     Code Roots                       68 us
[6.116s][info   ][gc,stats    ]     CLDG                             14 us
[6.116s][info   ][gc,stats    ]     Exception Caches                  1 us
[6.116s][info   ][gc,stats    ] Pause Final Roots (G)               137 us
[6.116s][info   ][gc,stats    ] Pause Final Roots (N)                39 us
[6.116s][info   ][gc,stats    ] 
[6.116s][info   ][gc,stats    ] Allocation pacing accrued:
[6.116s][info   ][gc,stats    ]       0 of    61 ms (  0.0%): <total>
[6.116s][info   ][gc,stats    ]       0 of    61 ms (  0.0%): <average total>
[6.116s][info   ][gc,stats    ] 
[6.116s][info   ][gc,metaspace] Metaspace: 213K(448K)->213K(448K) NonClass: 204K(320K)->204K(320K) Class: 9K(128K)->9K(128K)
[6.116s][info   ][gc,ergo     ] Pacer for Idle. Initial: 41943K, Alloc Tax Rate: 1.0x
[6.119s][info   ][gc          ] Trigger: Average GC time (69.26 ms) is above the time for average allocation rate (14927 MB/s) to deplete free headroom (813M) (margin of error = 1.92)
[6.119s][info   ][gc,ergo     ] Free headroom: 916M (free) - 102M (spike) - 0B (penalties) = 813M
[6.119s][info   ][gc,ergo     ] Free: 916M, Max: 1024K regular, 83968K humongous, Frag: 92% external, 0% internal; Reserve: 103M, Max: 1024K
[6.119s][info   ][gc,start    ] GC(88) Concurrent reset
[6.119s][info   ][gc,task     ] GC(88) Using 1 of 2 workers for concurrent reset
[6.119s][info   ][gc,ergo     ] GC(88) Pacer for Reset. Non-Taxable: 2048M
[6.120s][info   ][gc          ] GC(88) Concurrent reset 0.984ms
[6.121s][info   ][gc,start    ] GC(88) Pause Init Mark (unload classes)
[6.121s][info   ][gc,task     ] GC(88) Using 2 of 2 workers for init marking
[6.121s][info   ][gc,ergo     ] GC(88) Pacer for Mark. Expected Live: 154M, Free: 916M, Non-Taxable: 93798K, Alloc Tax Rate: 0.2x
[6.121s][info   ][gc          ] GC(88) Pause Init Mark (unload classes) 0.170ms
[6.121s][info   ][gc,start    ] GC(88) Concurrent marking roots
[6.121s][info   ][gc,task     ] GC(88) Using 1 of 2 workers for concurrent marking roots
[6.121s][info   ][gc          ] GC(88) Concurrent marking roots 0.362ms
[6.121s][info   ][gc,start    ] GC(88) Concurrent marking (unload classes)
[6.121s][info   ][gc,task     ] GC(88) Using 1 of 2 workers for concurrent marking
[6.122s][info   ][gc          ] GC(88) Concurrent marking (unload classes) 1.246ms
[6.123s][info   ][gc,start    ] GC(88) Pause Final Mark (unload classes)
[6.123s][info   ][gc,task     ] GC(88) Using 2 of 2 workers for final marking
[6.123s][info   ][gc,ergo     ] GC(88) Collectable Garbage: 365M (98%), Immediate: 365M (98%), CSet: 0B (0%)
[6.123s][info   ][gc          ] GC(88) Pause Final Mark (unload classes) 0.571ms
[6.123s][info   ][gc,start    ] GC(88) Concurrent weak references
[6.123s][info   ][gc,task     ] GC(88) Using 1 of 2 workers for concurrent weak references
[6.123s][info   ][gc,ref      ] GC(88) Encountered references: Soft: 11, Weak: 37, Final: 0, Phantom: 5
[6.123s][info   ][gc,ref      ] GC(88) Discovered  references: Soft: 0, Weak: 11, Final: 0, Phantom: 5
[6.123s][info   ][gc,ref      ] GC(88) Enqueued    references: Soft: 0, Weak: 0, Final: 0, Phantom: 0
[6.123s][info   ][gc          ] GC(88) Concurrent weak references 0.133ms
[6.123s][info   ][gc,start    ] GC(88) Concurrent weak roots
[6.123s][info   ][gc,task     ] GC(88) Using 1 of 2 workers for concurrent weak root
[6.124s][info   ][gc          ] GC(88) Concurrent weak roots 0.217ms
[6.124s][info   ][gc,start    ] GC(88) Concurrent cleanup
[6.124s][info   ][gc          ] GC(88) Concurrent cleanup 518M->153M(2048M) 0.425ms
[6.124s][info   ][gc,ergo     ] GC(88) Free: 1646M, Max: 1024K regular, 314M humongous, Frag: 81% external, 0% internal; Reserve: 103M, Max: 1024K
[6.124s][info   ][gc,start    ] GC(88) Concurrent class unloading
[6.124s][info   ][gc,task     ] GC(88) Using 1 of 2 workers for concurrent class unloading
[6.124s][info   ][gc          ] GC(88) Concurrent class unloading 0.353ms
[6.124s][info   ][gc,start    ] GC(88) Pause Final Roots
[6.124s][info   ][gc          ] GC(88) Pause Final Roots 0.026ms
[6.125s][info   ][gc,ergo     ] Free: 1646M, Max: 1024K regular, 314M humongous, Frag: 81% external, 0% internal; Reserve: 103M, Max: 1024K
[6.125s][info   ][gc,stats    ] 
[6.125s][info   ][gc,stats    ] All times are wall-clock times, except per-root-class counters, that are sum over
[6.125s][info   ][gc,stats    ] all workers. Dividing the <total> over the root stage time estimates parallelism.
[6.125s][info   ][gc,stats    ] 
[6.125s][info   ][gc,stats    ] Concurrent Reset                   1068 us
[6.125s][info   ][gc,stats    ] Pause Init Mark (G)                 310 us
[6.125s][info   ][gc,stats    ] Pause Init Mark (N)                 180 us
[6.125s][info   ][gc,stats    ]   Update Region States               98 us
[6.125s][info   ][gc,stats    ] Concurrent Mark Roots               379 us, parallelism: 0.60x
[6.125s][info   ][gc,stats    ]   CMR: <total>                      229 us
[6.125s][info   ][gc,stats    ]   CMR: Thread Roots                 200 us, workers (us): 200, ---, 
[6.125s][info   ][gc,stats    ]   CMR: VM Strong Roots                6 us, workers (us):   6, ---, 
[6.125s][info   ][gc,stats    ]   CMR: CLDG Roots                    23 us, workers (us):  23, ---, 
[6.125s][info   ][gc,stats    ] Concurrent Marking                 1266 us
[6.125s][info   ][gc,stats    ] Pause Final Mark (G)                681 us
[6.125s][info   ][gc,stats    ] Pause Final Mark (N)                580 us
[6.125s][info   ][gc,stats    ]   Finish Mark                       325 us
[6.125s][info   ][gc,stats    ]   Update Region States               86 us
[6.125s][info   ][gc,stats    ]   Choose Collection Set             120 us
[6.125s][info   ][gc,stats    ]   Rebuild Free Set                   11 us
[6.125s][info   ][gc,stats    ] Concurrent Weak References          140 us, parallelism: 0.03x
[6.125s][info   ][gc,stats    ]   CWRF: <total>                       4 us
[6.125s][info   ][gc,stats    ]   CWRF: Weak References               4 us, workers (us):   4, ---, 
[6.125s][info   ][gc,stats    ] Concurrent Weak Roots               249 us
[6.125s][info   ][gc,stats    ]   Roots                             126 us, parallelism: 0.42x
[6.125s][info   ][gc,stats    ]     CWR: <total>                     53 us
[6.125s][info   ][gc,stats    ]     CWR: Code Cache Roots            29 us, workers (us):  29, ---, 
[6.125s][info   ][gc,stats    ]     CWR: VM Weak Roots               22 us, workers (us):  22, ---, 
[6.125s][info   ][gc,stats    ]     CWR: CLDG Roots                   2 us, workers (us):   2, ---, 
[6.125s][info   ][gc,stats    ]   Rendezvous                         74 us
[6.125s][info   ][gc,stats    ] Concurrent Cleanup                  435 us
[6.125s][info   ][gc,stats    ] Concurrent Class Unloading          372 us
[6.125s][info   ][gc,stats    ]   Unlink Stale                      168 us
[6.125s][info   ][gc,stats    ]     System Dictionary                 4 us
[6.125s][info   ][gc,stats    ]     Weak Class Links                  1 us
[6.125s][info   ][gc,stats    ]     Code Roots                      161 us
[6.125s][info   ][gc,stats    ]   Rendezvous                         94 us
[6.125s][info   ][gc,stats    ]   Purge Unlinked                     74 us
[6.125s][info   ][gc,stats    ]     Code Roots                       57 us
[6.125s][info   ][gc,stats    ]     CLDG                             13 us
[6.125s][info   ][gc,stats    ]     Exception Caches                  1 us
[6.125s][info   ][gc,stats    ] Pause Final Roots (G)               103 us
[6.125s][info   ][gc,stats    ] Pause Final Roots (N)                34 us
[6.125s][info   ][gc,stats    ] Pacing                             5202 us
[6.125s][info   ][gc,stats    ] 
[6.125s][info   ][gc,stats    ] Allocation pacing accrued:
[6.125s][info   ][gc,stats    ]       2 of     9 ms ( 19.8%): Thread-1
[6.125s][info   ][gc,stats    ]       2 of     9 ms ( 19.4%): Thread-5
[6.125s][info   ][gc,stats    ]       2 of     9 ms ( 19.1%): Thread-6
[6.125s][info   ][gc,stats    ]       5 of     9 ms ( 58.4%): <total>
[6.125s][info   ][gc,stats    ]       0 of     9 ms (  3.1%): <average total>
[6.125s][info   ][gc,stats    ]       2 of     9 ms ( 19.5%): <average non-zero>
[6.125s][info   ][gc,stats    ] 
[6.125s][info   ][gc,metaspace] Metaspace: 213K(448K)->213K(448K) NonClass: 204K(320K)->204K(320K) Class: 9K(128K)->9K(128K)
[6.125s][info   ][gc,ergo     ] Pacer for Idle. Initial: 41943K, Alloc Tax Rate: 1.0x
[6.153s][info   ][gc          ] Trigger: Average GC time (75.30 ms) is above the time for average allocation rate (14901 MB/s) to deplete free headroom (1117M) (margin of error = 1.91)
[6.153s][info   ][gc,ergo     ] Free headroom: 1220M (free) - 102M (spike) - 0B (penalties) = 1117M
[6.153s][info   ][gc,ergo     ] Free: 1218M, Max: 1024K regular, 314M humongous, Frag: 75% external, 0% internal; Reserve: 103M, Max: 1024K
[6.153s][info   ][gc,start    ] GC(89) Concurrent reset
[6.153s][info   ][gc,task     ] GC(89) Using 1 of 2 workers for concurrent reset
[6.153s][info   ][gc,ergo     ] GC(89) Pacer for Reset. Non-Taxable: 2048M
[6.156s][info   ][gc          ] GC(89) Concurrent reset 3.292ms
[6.157s][info   ][gc,start    ] GC(89) Pause Init Mark (unload classes)
[6.157s][info   ][gc,task     ] GC(89) Using 2 of 2 workers for init marking
[6.157s][info   ][gc,ergo     ] GC(89) Pacer for Mark. Expected Live: 148M, Free: 1180M, Non-Taxable: 118M, Alloc Tax Rate: 0.2x
[6.157s][info   ][gc          ] GC(89) Pause Init Mark (unload classes) 0.121ms
[6.157s][info   ][gc,start    ] GC(89) Concurrent marking roots
[6.157s][info   ][gc,task     ] GC(89) Using 1 of 2 workers for concurrent marking roots
[6.158s][info   ][gc          ] GC(89) Concurrent marking roots 1.007ms
[6.158s][info   ][gc,start    ] GC(89) Concurrent marking (unload classes)
[6.158s][info   ][gc,task     ] GC(89) Using 1 of 2 workers for concurrent marking
[6.171s][info   ][gc          ] GC(89) Concurrent marking (unload classes) 12.932ms
[6.172s][info   ][gc,start    ] GC(89) Pause Final Mark (unload classes)
[6.172s][info   ][gc,task     ] GC(89) Using 2 of 2 workers for final marking
[6.173s][info   ][gc,ergo     ] GC(89) Collectable Garbage: 221M (97%), Immediate: 221M (97%), CSet: 0B (0%)
[6.173s][info   ][gc          ] GC(89) Pause Final Mark (unload classes) 0.291ms
[6.173s][info   ][gc,start    ] GC(89) Concurrent weak references
[6.173s][info   ][gc,task     ] GC(89) Using 1 of 2 workers for concurrent weak references
[6.179s][info   ][gc,ref      ] GC(89) Encountered references: Soft: 11, Weak: 37, Final: 0, Phantom: 5
[6.179s][info   ][gc,ref      ] GC(89) Discovered  references: Soft: 0, Weak: 11, Final: 0, Phantom: 5
[6.179s][info   ][gc,ref      ] GC(89) Enqueued    references: Soft: 0, Weak: 0, Final: 0, Phantom: 0
[6.179s][info   ][gc          ] GC(89) Concurrent weak references 5.948ms
[6.179s][info   ][gc,start    ] GC(89) Concurrent weak roots
[6.179s][info   ][gc,task     ] GC(89) Using 1 of 2 workers for concurrent weak root
[6.194s][info   ][gc          ] GC(89) Concurrent weak roots 15.580ms
[6.194s][info   ][gc,start    ] GC(89) Concurrent cleanup
[6.195s][info   ][gc          ] GC(89) Concurrent cleanup 683M->465M(2048M) 0.366ms
[6.195s][info   ][gc,ergo     ] GC(89) Free: 1020M, Max: 1024K regular, 332M humongous, Frag: 68% external, 0% internal; Reserve: 103M, Max: 1024K
[6.195s][info   ][gc,start    ] GC(89) Concurrent class unloading
[6.195s][info   ][gc,task     ] GC(89) Using 1 of 2 workers for concurrent class unloading
[6.207s][info   ][gc          ] GC(89) Concurrent class unloading 12.102ms
[6.208s][info   ][gc,start    ] GC(89) Pause Final Roots
[6.208s][info   ][gc          ] GC(89) Pause Final Roots 0.054ms
[6.210s][info   ][gc,ergo     ] Free: 784M, Max: 1024K regular, 332M humongous, Frag: 58% external, 0% internal; Reserve: 103M, Max: 1024K
[6.211s][info   ][gc,stats    ] 
[6.211s][info   ][gc,stats    ] All times are wall-clock times, except per-root-class counters, that are sum over
[6.211s][info   ][gc,stats    ] all workers. Dividing the <total> over the root stage time estimates parallelism.
[6.211s][info   ][gc,stats    ] 
[6.211s][info   ][gc,stats    ] Concurrent Reset                   3379 us
[6.211s][info   ][gc,stats    ] Pause Init Mark (G)                 827 us
[6.211s][info   ][gc,stats    ] Pause Init Mark (N)                 129 us
[6.211s][info   ][gc,stats    ]   Update Region States               71 us
[6.211s][info   ][gc,stats    ] Concurrent Mark Roots              1028 us, parallelism: 0.24x
[6.211s][info   ][gc,stats    ]   CMR: <total>                      243 us
[6.211s][info   ][gc,stats    ]   CMR: Thread Roots                 186 us, workers (us): 186, ---, 
[6.211s][info   ][gc,stats    ]   CMR: VM Strong Roots                8 us, workers (us):   8, ---, 
[6.211s][info   ][gc,stats    ]   CMR: CLDG Roots                    48 us, workers (us):  48, ---, 
[6.211s][info   ][gc,stats    ] Concurrent Marking                13101 us
[6.211s][info   ][gc,stats    ] Pause Final Mark (G)               1396 us
[6.211s][info   ][gc,stats    ] Pause Final Mark (N)                300 us
[6.211s][info   ][gc,stats    ]   Finish Mark                        90 us
[6.211s][info   ][gc,stats    ]   Update Region States               57 us
[6.211s][info   ][gc,stats    ]   Choose Collection Set              85 us
[6.211s][info   ][gc,stats    ]   Rebuild Free Set                    9 us
[6.211s][info   ][gc,stats    ] Concurrent Weak References         5959 us, parallelism: 0.00x
[6.211s][info   ][gc,stats    ]   CWRF: <total>                      12 us
[6.211s][info   ][gc,stats    ]   CWRF: Weak References              12 us, workers (us):  12, ---, 
[6.211s][info   ][gc,stats    ] Concurrent Weak Roots             15758 us
[6.211s][info   ][gc,stats    ]   Roots                             309 us, parallelism: 0.20x
[6.211s][info   ][gc,stats    ]     CWR: <total>                     63 us
[6.211s][info   ][gc,stats    ]     CWR: Code Cache Roots            34 us, workers (us):  34, ---, 
[6.211s][info   ][gc,stats    ]     CWR: VM Weak Roots               27 us, workers (us):  27, ---, 
[6.211s][info   ][gc,stats    ]     CWR: CLDG Roots                   2 us, workers (us):   2, ---, 
[6.211s][info   ][gc,stats    ]   Rendezvous                      15246 us
[6.211s][info   ][gc,stats    ] Concurrent Cleanup                  376 us
[6.211s][info   ][gc,stats    ] Concurrent Class Unloading        12241 us
[6.211s][info   ][gc,stats    ]   Unlink Stale                     4372 us
[6.211s][info   ][gc,stats    ]     System Dictionary                13 us
[6.211s][info   ][gc,stats    ]     Weak Class Links                  1 us
[6.211s][info   ][gc,stats    ]     Code Roots                     4350 us
[6.211s][info   ][gc,stats    ]   Rendezvous                       7544 us
[6.211s][info   ][gc,stats    ]   Purge Unlinked                    104 us
[6.211s][info   ][gc,stats    ]     Code Roots                       78 us
[6.211s][info   ][gc,stats    ]     CLDG                             21 us
[6.211s][info   ][gc,stats    ]     Exception Caches                  2 us
[6.211s][info   ][gc,stats    ] Pause Final Roots (G)              3255 us
[6.211s][info   ][gc,stats    ] Pause Final Roots (N)                63 us
[6.211s][info   ][gc,stats    ] Pacing                           167349 us
[6.211s][info   ][gc,stats    ] 
[6.211s][info   ][gc,stats    ] Allocation pacing accrued:
[6.211s][info   ][gc,stats    ]      31 of    86 ms ( 36.1%): Thread-0
[6.211s][info   ][gc,stats    ]      18 of    86 ms ( 21.5%): Thread-1
[6.211s][info   ][gc,stats    ]      33 of    86 ms ( 38.7%): Thread-2
[6.211s][info   ][gc,stats    ]      27 of    86 ms ( 31.2%): Thread-3
[6.211s][info   ][gc,stats    ]      11 of    86 ms ( 13.4%): Thread-4
[6.211s][info   ][gc,stats    ]      17 of    86 ms ( 20.1%): Thread-5
[6.211s][info   ][gc,stats    ]       8 of    86 ms (  9.4%): Thread-6
[6.211s][info   ][gc,stats    ]      21 of    86 ms ( 24.2%): Thread-7
[6.211s][info   ][gc,stats    ]     167 of    86 ms (194.7%): <total>
[6.211s][info   ][gc,stats    ]       9 of    86 ms ( 10.2%): <average total>
[6.211s][info   ][gc,stats    ]      21 of    86 ms ( 24.3%): <average non-zero>
[6.211s][info   ][gc,stats    ] 
[6.211s][info   ][gc,metaspace] Metaspace: 213K(448K)->213K(448K) NonClass: 204K(320K)->204K(320K) Class: 9K(128K)->9K(128K)
[6.211s][info   ][gc,ergo     ] Pacer for Idle. Initial: 41943K, Alloc Tax Rate: 1.0x
[6.212s][info   ][gc          ] Trigger: Average GC time (86.25 ms) is above the time for average allocation rate (14925 MB/s) to deplete free headroom (661M) (margin of error = 1.92)
[6.212s][info   ][gc,ergo     ] Free headroom: 764M (free) - 102M (spike) - 0B (penalties) = 661M
[6.212s][info   ][gc,ergo     ] Free: 764M, Max: 1024K regular, 332M humongous, Frag: 57% external, 0% internal; Reserve: 103M, Max: 1024K
[6.212s][info   ][gc,start    ] GC(90) Concurrent reset
[6.212s][info   ][gc,task     ] GC(90) Using 1 of 2 workers for concurrent reset
[6.212s][info   ][gc,ergo     ] GC(90) Pacer for Reset. Non-Taxable: 2048M
[6.215s][info   ][gc          ] GC(90) Concurrent reset 2.768ms
[6.216s][info   ][gc,start    ] GC(90) Pause Init Mark (unload classes)
[6.216s][info   ][gc,task     ] GC(90) Using 2 of 2 workers for init marking
[6.216s][info   ][gc,ergo     ] GC(90) Pacer for Mark. Expected Live: 150M, Free: 730M, Non-Taxable: 74752K, Alloc Tax Rate: 0.3x
[6.216s][info   ][gc          ] GC(90) Pause Init Mark (unload classes) 0.140ms
[6.221s][info   ][gc,start    ] GC(90) Concurrent marking roots
[6.221s][info   ][gc,task     ] GC(90) Using 1 of 2 workers for concurrent marking roots
[6.221s][info   ][gc          ] GC(90) Concurrent marking roots 0.544ms
[6.221s][info   ][gc,start    ] GC(90) Concurrent marking (unload classes)
[6.221s][info   ][gc,task     ] GC(90) Using 1 of 2 workers for concurrent marking
[6.223s][info   ][gc          ] GC(90) Concurrent marking (unload classes) 1.626ms
[6.223s][info   ][gc,start    ] GC(90) Pause Final Mark (unload classes)
[6.223s][info   ][gc,task     ] GC(90) Using 2 of 2 workers for final marking
[6.223s][info   ][gc,ergo     ] GC(90) Collectable Garbage: 461M (98%), Immediate: 461M (98%), CSet: 0B (0%)
[6.223s][info   ][gc          ] GC(90) Pause Final Mark (unload classes) 0.412ms
[6.224s][info   ][gc,start    ] GC(90) Concurrent weak references
[6.224s][info   ][gc,task     ] GC(90) Using 1 of 2 workers for concurrent weak references
[6.224s][info   ][gc,ref      ] GC(90) Encountered references: Soft: 11, Weak: 37, Final: 0, Phantom: 5
[6.224s][info   ][gc,ref      ] GC(90) Discovered  references: Soft: 0, Weak: 11, Final: 0, Phantom: 5
[6.224s][info   ][gc,ref      ] GC(90) Enqueued    references: Soft: 0, Weak: 0, Final: 0, Phantom: 0
[6.224s][info   ][gc          ] GC(90) Concurrent weak references 0.116ms
[6.224s][info   ][gc,start    ] GC(90) Concurrent weak roots
[6.224s][info   ][gc,task     ] GC(90) Using 1 of 2 workers for concurrent weak root
[6.224s][info   ][gc          ] GC(90) Concurrent weak roots 0.174ms
[6.224s][info   ][gc,start    ] GC(90) Concurrent cleanup
[6.224s][info   ][gc          ] GC(90) Concurrent cleanup 648M->187M(2048M) 0.475ms
[6.224s][info   ][gc,ergo     ] GC(90) Free: 1578M, Max: 1024K regular, 686M humongous, Frag: 57% external, 0% internal; Reserve: 103M, Max: 1024K
[6.224s][info   ][gc,start    ] GC(90) Concurrent class unloading
[6.224s][info   ][gc,task     ] GC(90) Using 1 of 2 workers for concurrent class unloading
[6.230s][info   ][gc          ] GC(90) Concurrent class unloading 6.070ms
[6.234s][info   ][gc,start    ] GC(90) Pause Final Roots
[6.234s][info   ][gc          ] GC(90) Pause Final Roots 0.069ms
[6.241s][info   ][gc,ergo     ] Free: 1334M, Max: 1024K regular, 686M humongous, Frag: 49% external, 0% internal; Reserve: 103M, Max: 1024K
[6.241s][info   ][gc,stats    ] 
[6.241s][info   ][gc,stats    ] All times are wall-clock times, except per-root-class counters, that are sum over
[6.241s][info   ][gc,stats    ] all workers. Dividing the <total> over the root stage time estimates parallelism.
[6.241s][info   ][gc,stats    ] 
[6.241s][info   ][gc,stats    ] Concurrent Reset                   2901 us
[6.241s][info   ][gc,stats    ] Pause Init Mark (G)                5442 us
[6.241s][info   ][gc,stats    ] Pause Init Mark (N)                 148 us
[6.241s][info   ][gc,stats    ]   Update Region States               89 us
[6.241s][info   ][gc,stats    ] Concurrent Mark Roots               560 us, parallelism: 0.42x
[6.241s][info   ][gc,stats    ]   CMR: <total>                      234 us
[6.241s][info   ][gc,stats    ]   CMR: Thread Roots                 180 us, workers (us): 180, ---, 
[6.241s][info   ][gc,stats    ]   CMR: VM Strong Roots                9 us, workers (us):   9, ---, 
[6.241s][info   ][gc,stats    ]   CMR: CLDG Roots                    45 us, workers (us):  45, ---, 
[6.241s][info   ][gc,stats    ] Concurrent Marking                 1649 us
[6.241s][info   ][gc,stats    ] Pause Final Mark (G)                504 us
[6.241s][info   ][gc,stats    ] Pause Final Mark (N)                421 us
[6.241s][info   ][gc,stats    ]   Finish Mark                       181 us
[6.241s][info   ][gc,stats    ]   Update Region States               79 us
[6.241s][info   ][gc,stats    ]   Choose Collection Set             108 us
[6.241s][info   ][gc,stats    ]   Rebuild Free Set                   10 us
[6.241s][info   ][gc,stats    ] Concurrent Weak References          123 us, parallelism: 0.02x
[6.241s][info   ][gc,stats    ]   CWRF: <total>                       3 us
[6.241s][info   ][gc,stats    ]   CWRF: Weak References               3 us, workers (us):   3, ---, 
[6.241s][info   ][gc,stats    ] Concurrent Weak Roots               189 us
[6.241s][info   ][gc,stats    ]   Roots                              77 us, parallelism: 0.64x
[6.242s][info   ][gc,stats    ]     CWR: <total>                     49 us
[6.242s][info   ][gc,stats    ]     CWR: Code Cache Roots            24 us, workers (us):  24, ---, 
[6.242s][info   ][gc,stats    ]     CWR: VM Weak Roots               23 us, workers (us):  23, ---, 
[6.242s][info   ][gc,stats    ]     CWR: CLDG Roots                   1 us, workers (us):   1, ---, 
[6.242s][info   ][gc,stats    ]   Rendezvous                         81 us
[6.242s][info   ][gc,stats    ] Concurrent Cleanup                  485 us
[6.242s][info   ][gc,stats    ] Concurrent Class Unloading         6258 us
[6.242s][info   ][gc,stats    ]   Unlink Stale                     3260 us
[6.242s][info   ][gc,stats    ]     System Dictionary                 4 us
[6.242s][info   ][gc,stats    ]     Weak Class Links                  1 us
[6.242s][info   ][gc,stats    ]     Code Roots                     3251 us
[6.242s][info   ][gc,stats    ]   Rendezvous                       2705 us
[6.242s][info   ][gc,stats    ]   Purge Unlinked                     81 us
[6.242s][info   ][gc,stats    ]     Code Roots                       58 us
[6.242s][info   ][gc,stats    ]     CLDG                             20 us
[6.242s][info   ][gc,stats    ]     Exception Caches                  1 us
[6.242s][info   ][gc,stats    ] Pause Final Roots (G)              9934 us
[6.242s][info   ][gc,stats    ] Pause Final Roots (N)                78 us
[6.242s][info   ][gc,stats    ] Pacing                            65992 us
[6.242s][info   ][gc,stats    ] 
[6.242s][info   ][gc,stats    ] Allocation pacing accrued:
[6.242s][info   ][gc,stats    ]      10 of    31 ms ( 32.6%): Thread-0
[6.242s][info   ][gc,stats    ]      12 of    31 ms ( 40.0%): Thread-1
[6.242s][info   ][gc,stats    ]      12 of    31 ms ( 39.9%): Thread-4
[6.242s][info   ][gc,stats    ]      10 of    31 ms ( 31.1%): Thread-5
[6.242s][info   ][gc,stats    ]      12 of    31 ms ( 37.1%): Thread-6
[6.242s][info   ][gc,stats    ]      10 of    31 ms ( 31.1%): Thread-7
[6.242s][info   ][gc,stats    ]      66 of    31 ms (211.8%): <total>
[6.242s][info   ][gc,stats    ]       3 of    31 ms ( 11.1%): <average total>
[6.242s][info   ][gc,stats    ]      11 of    31 ms ( 35.3%): <average non-zero>
[6.242s][info   ][gc,stats    ] 
[6.242s][info   ][gc,metaspace] Metaspace: 213K(448K)->213K(448K) NonClass: 204K(320K)->204K(320K) Class: 9K(128K)->9K(128K)
[6.242s][info   ][gc,ergo     ] Pacer for Idle. Initial: 41943K, Alloc Tax Rate: 1.0x
[6.253s][info   ][gc          ] Trigger: Average GC time (69.24 ms) is above the time for average allocation rate (14916 MB/s) to deplete free headroom (1025M) (margin of error = 1.92)
[6.254s][info   ][gc,ergo     ] Free headroom: 1128M (free) - 102M (spike) - 0B (penalties) = 1025M
[6.254s][info   ][gc,ergo     ] Free: 1126M, Max: 1024K regular, 686M humongous, Frag: 40% external, 0% internal; Reserve: 103M, Max: 1024K
[6.254s][info   ][gc,start    ] GC(91) Concurrent reset
[6.254s][info   ][gc,task     ] GC(91) Using 1 of 2 workers for concurrent reset
[6.254s][info   ][gc,ergo     ] GC(91) Pacer for Reset. Non-Taxable: 2048M
[6.263s][info   ][gc          ] GC(91) Concurrent reset 9.136ms
[6.264s][info   ][gc,start    ] GC(91) Pause Init Mark (unload classes)
[6.264s][info   ][gc,task     ] GC(91) Using 2 of 2 workers for init marking
[6.264s][info   ][gc,ergo     ] GC(91) Pacer for Mark. Expected Live: 149M, Free: 986M, Non-Taxable: 100966K, Alloc Tax Rate: 0.2x
[6.264s][info   ][gc          ] GC(91) Pause Init Mark (unload classes) 0.128ms
[6.270s][info   ][gc,start    ] GC(91) Concurrent marking roots
[6.270s][info   ][gc,task     ] GC(91) Using 1 of 2 workers for concurrent marking roots
[6.270s][info   ][gc          ] GC(91) Concurrent marking roots 0.335ms
[6.270s][info   ][gc,start    ] GC(91) Concurrent marking (unload classes)
[6.270s][info   ][gc,task     ] GC(91) Using 1 of 2 workers for concurrent marking
[6.272s][info   ][gc          ] GC(91) Concurrent marking (unload classes) 1.256ms
[6.272s][info   ][gc,start    ] GC(91) Pause Final Mark (unload classes)
[6.272s][info   ][gc,task     ] GC(91) Using 2 of 2 workers for final marking
[6.272s][info   ][gc,ergo     ] GC(91) Collectable Garbage: 369M (98%), Immediate: 369M (98%), CSet: 0B (0%)
[6.272s][info   ][gc          ] GC(91) Pause Final Mark (unload classes) 0.288ms
[6.272s][info   ][gc,start    ] GC(91) Concurrent weak references
[6.272s][info   ][gc,task     ] GC(91) Using 1 of 2 workers for concurrent weak references
[6.272s][info   ][gc,ref      ] GC(91) Encountered references: Soft: 11, Weak: 37, Final: 0, Phantom: 5
[6.272s][info   ][gc,ref      ] GC(91) Discovered  references: Soft: 0, Weak: 11, Final: 0, Phantom: 5
[6.272s][info   ][gc,ref      ] GC(91) Enqueued    references: Soft: 0, Weak: 0, Final: 0, Phantom: 0
[6.272s][info   ][gc          ] GC(91) Concurrent weak references 0.054ms
[6.272s][info   ][gc,start    ] GC(91) Concurrent weak roots
[6.272s][info   ][gc,task     ] GC(91) Using 1 of 2 workers for concurrent weak root
[6.272s][info   ][gc          ] GC(91) Concurrent weak roots 0.189ms
[6.272s][info   ][gc,start    ] GC(91) Concurrent cleanup
[6.273s][info   ][gc          ] GC(91) Concurrent cleanup 532M->163M(2048M) 0.509ms
[6.273s][info   ][gc,ergo     ] GC(91) Free: 1626M, Max: 1024K regular, 770M humongous, Frag: 53% external, 0% internal; Reserve: 103M, Max: 1024K
[6.273s][info   ][gc,start    ] GC(91) Concurrent class unloading
[6.273s][info   ][gc,task     ] GC(91) Using 1 of 2 workers for concurrent class unloading
[6.273s][info   ][gc          ] GC(91) Concurrent class unloading 0.465ms
[6.273s][info   ][gc,start    ] GC(91) Pause Final Roots
[6.273s][info   ][gc          ] GC(91) Pause Final Roots 0.015ms
[6.273s][info   ][gc,ergo     ] Free: 1626M, Max: 1024K regular, 770M humongous, Frag: 53% external, 0% internal; Reserve: 103M, Max: 1024K
[6.273s][info   ][gc,stats    ] 
[6.273s][info   ][gc,stats    ] All times are wall-clock times, except per-root-class counters, that are sum over
[6.273s][info   ][gc,stats    ] all workers. Dividing the <total> over the root stage time estimates parallelism.
[6.273s][info   ][gc,stats    ] 
[6.273s][info   ][gc,stats    ] Concurrent Reset                   9282 us
[6.273s][info   ][gc,stats    ] Pause Init Mark (G)                7058 us
[6.273s][info   ][gc,stats    ] Pause Init Mark (N)                 136 us
[6.273s][info   ][gc,stats    ]   Update Region States               83 us
[6.273s][info   ][gc,stats    ] Concurrent Mark Roots               355 us, parallelism: 0.42x
[6.273s][info   ][gc,stats    ]   CMR: <total>                      151 us
[6.273s][info   ][gc,stats    ]   CMR: Thread Roots                 100 us, workers (us): 100, ---, 
[6.273s][info   ][gc,stats    ]   CMR: VM Strong Roots               11 us, workers (us):  11, ---, 
[6.274s][info   ][gc,stats    ]   CMR: CLDG Roots                    40 us, workers (us):  40, ---, 
[6.274s][info   ][gc,stats    ] Concurrent Marking                 1271 us
[6.274s][info   ][gc,stats    ] Pause Final Mark (G)                368 us
[6.274s][info   ][gc,stats    ] Pause Final Mark (N)                296 us
[6.274s][info   ][gc,stats    ]   Finish Mark                        99 us
[6.274s][info   ][gc,stats    ]   Update Region States               81 us
[6.274s][info   ][gc,stats    ]   Choose Collection Set              69 us
[6.274s][info   ][gc,stats    ]   Rebuild Free Set                    9 us
[6.274s][info   ][gc,stats    ] Concurrent Weak References           60 us, parallelism: 0.04x
[6.274s][info   ][gc,stats    ]   CWRF: <total>                       3 us
[6.274s][info   ][gc,stats    ]   CWRF: Weak References               3 us, workers (us):   3, ---, 
[6.274s][info   ][gc,stats    ] Concurrent Weak Roots               202 us
[6.274s][info   ][gc,stats    ]   Roots                             106 us, parallelism: 0.44x
[6.274s][info   ][gc,stats    ]     CWR: <total>                     46 us
[6.274s][info   ][gc,stats    ]     CWR: Code Cache Roots            24 us, workers (us):  24, ---, 
[6.274s][info   ][gc,stats    ]     CWR: VM Weak Roots               21 us, workers (us):  21, ---, 
[6.274s][info   ][gc,stats    ]     CWR: CLDG Roots                   1 us, workers (us):   1, ---, 
[6.274s][info   ][gc,stats    ]   Rendezvous                         70 us
[6.274s][info   ][gc,stats    ] Concurrent Cleanup                  525 us
[6.274s][info   ][gc,stats    ] Concurrent Class Unloading          480 us
[6.274s][info   ][gc,stats    ]   Unlink Stale                      133 us
[6.274s][info   ][gc,stats    ]     System Dictionary                 4 us
[6.274s][info   ][gc,stats    ]     Weak Class Links                  1 us
[6.274s][info   ][gc,stats    ]     Code Roots                      126 us
[6.274s][info   ][gc,stats    ]   Rendezvous                        236 us
[6.274s][info   ][gc,stats    ]   Purge Unlinked                     77 us
[6.274s][info   ][gc,stats    ]     Code Roots                       60 us
[6.274s][info   ][gc,stats    ]     CLDG                             14 us
[6.274s][info   ][gc,stats    ]     Exception Caches                  0 us
[6.274s][info   ][gc,stats    ] Pause Final Roots (G)                84 us
[6.274s][info   ][gc,stats    ] Pause Final Roots (N)                22 us
[6.274s][info   ][gc,stats    ] 
[6.274s][info   ][gc,stats    ] Allocation pacing accrued:
[6.274s][info   ][gc,stats    ]       0 of    32 ms (  0.0%): <total>
[6.274s][info   ][gc,stats    ]       0 of    32 ms (  0.0%): <average total>
[6.274s][info   ][gc,stats    ] 
[6.274s][info   ][gc,metaspace] Metaspace: 213K(448K)->213K(448K) NonClass: 204K(320K)->204K(320K) Class: 9K(128K)->9K(128K)
[6.274s][info   ][gc,ergo     ] Pacer for Idle. Initial: 41943K, Alloc Tax Rate: 1.0x
[6.320s][info   ][gc          ] Trigger: Average GC time (55.66 ms) is above the time for average allocation rate (14890 MB/s) to deplete free headroom (817M) (margin of error = 1.90)
[6.320s][info   ][gc,ergo     ] Free headroom: 920M (free) - 102M (spike) - 0B (penalties) = 817M
[6.320s][info   ][gc,ergo     ] Free: 912M, Max: 1024K regular, 770M humongous, Frag: 16% external, 0% internal; Reserve: 103M, Max: 1024K
[6.320s][info   ][gc,start    ] GC(92) Concurrent reset
[6.320s][info   ][gc,task     ] GC(92) Using 1 of 2 workers for concurrent reset
[6.320s][info   ][gc,ergo     ] GC(92) Pacer for Reset. Non-Taxable: 2048M
[6.327s][info   ][gc          ] GC(92) Concurrent reset 6.540ms
[6.330s][info   ][gc,start    ] GC(92) Pause Init Mark (unload classes)
[6.330s][info   ][gc,task     ] GC(92) Using 2 of 2 workers for init marking
[6.330s][info   ][gc,ergo     ] GC(92) Pacer for Mark. Expected Live: 141M, Free: 784M, Non-Taxable: 80281K, Alloc Tax Rate: 0.2x
[6.330s][info   ][gc          ] GC(92) Pause Init Mark (unload classes) 0.187ms
[6.330s][info   ][gc,start    ] GC(92) Concurrent marking roots
[6.331s][info   ][gc,task     ] GC(92) Using 1 of 2 workers for concurrent marking roots
[6.336s][info   ][gc          ] GC(92) Concurrent marking roots 5.048ms
[6.336s][info   ][gc,start    ] GC(92) Concurrent marking (unload classes)
[6.336s][info   ][gc,task     ] GC(92) Using 1 of 2 workers for concurrent marking
[6.337s][info   ][gc          ] GC(92) Concurrent marking (unload classes) 1.722ms
[6.338s][info   ][gc,start    ] GC(92) Pause Final Mark (unload classes)
[6.338s][info   ][gc,task     ] GC(92) Using 2 of 2 workers for final marking
[6.338s][info   ][gc,ergo     ] GC(92) Collectable Garbage: 477M (98%), Immediate: 477M (98%), CSet: 0B (0%)
[6.338s][info   ][gc          ] GC(92) Pause Final Mark (unload classes) 0.340ms
[6.338s][info   ][gc,start    ] GC(92) Concurrent weak references
[6.338s][info   ][gc,task     ] GC(92) Using 1 of 2 workers for concurrent weak references
[6.338s][info   ][gc,ref      ] GC(92) Encountered references: Soft: 11, Weak: 37, Final: 0, Phantom: 5
[6.338s][info   ][gc,ref      ] GC(92) Discovered  references: Soft: 0, Weak: 11, Final: 0, Phantom: 5
[6.338s][info   ][gc,ref      ] GC(92) Enqueued    references: Soft: 0, Weak: 0, Final: 0, Phantom: 0
[6.338s][info   ][gc          ] GC(92) Concurrent weak references 0.125ms
[6.338s][info   ][gc,start    ] GC(92) Concurrent weak roots
[6.338s][info   ][gc,task     ] GC(92) Using 1 of 2 workers for concurrent weak root
[6.338s][info   ][gc          ] GC(92) Concurrent weak roots 0.218ms
[6.338s][info   ][gc,start    ] GC(92) Concurrent cleanup
[6.339s][info   ][gc          ] GC(92) Concurrent cleanup 623M->146M(2048M) 0.485ms
[6.339s][info   ][gc,ergo     ] GC(92) Free: 1660M, Max: 1024K regular, 706M humongous, Frag: 58% external, 0% internal; Reserve: 103M, Max: 1024K
[6.339s][info   ][gc,start    ] GC(92) Concurrent class unloading
[6.339s][info   ][gc,task     ] GC(92) Using 1 of 2 workers for concurrent class unloading
[6.339s][info   ][gc          ] GC(92) Concurrent class unloading 0.267ms
[6.339s][info   ][gc,start    ] GC(92) Pause Final Roots
[6.339s][info   ][gc          ] GC(92) Pause Final Roots 0.018ms
[6.343s][info   ][gc,ergo     ] Free: 1586M, Max: 1024K regular, 706M humongous, Frag: 56% external, 0% internal; Reserve: 103M, Max: 1024K
[6.343s][info   ][gc,stats    ] 
[6.343s][info   ][gc,stats    ] All times are wall-clock times, except per-root-class counters, that are sum over
[6.343s][info   ][gc,stats    ] all workers. Dividing the <total> over the root stage time estimates parallelism.
[6.343s][info   ][gc,stats    ] 
[6.343s][info   ][gc,stats    ] Concurrent Reset                   6830 us
[6.343s][info   ][gc,stats    ] Pause Init Mark (G)                3256 us
[6.343s][info   ][gc,stats    ] Pause Init Mark (N)                 195 us
[6.343s][info   ][gc,stats    ]   Update Region States              119 us
[6.343s][info   ][gc,stats    ] Concurrent Mark Roots              5103 us, parallelism: 0.04x
[6.343s][info   ][gc,stats    ]   CMR: <total>                      194 us
[6.343s][info   ][gc,stats    ]   CMR: Thread Roots                 131 us, workers (us): 131, ---, 
[6.343s][info   ][gc,stats    ]   CMR: VM Strong Roots               13 us, workers (us):  13, ---, 
[6.343s][info   ][gc,stats    ]   CMR: CLDG Roots                    50 us, workers (us):  50, ---, 
[6.343s][info   ][gc,stats    ] Concurrent Marking                 1747 us
[6.343s][info   ][gc,stats    ] Pause Final Mark (G)                568 us
[6.343s][info   ][gc,stats    ] Pause Final Mark (N)                349 us
[6.343s][info   ][gc,stats    ]   Finish Mark                       106 us
[6.343s][info   ][gc,stats    ]   Update Region States               92 us
[6.343s][info   ][gc,stats    ]   Choose Collection Set              94 us
[6.343s][info   ][gc,stats    ]   Rebuild Free Set                   12 us
[6.343s][info   ][gc,stats    ] Concurrent Weak References          134 us, parallelism: 0.02x
[6.343s][info   ][gc,stats    ]   CWRF: <total>                       3 us
[6.343s][info   ][gc,stats    ]   CWRF: Weak References               3 us, workers (us):   3, ---, 
[6.343s][info   ][gc,stats    ] Concurrent Weak Roots               235 us
[6.343s][info   ][gc,stats    ]   Roots                             124 us, parallelism: 0.74x
[6.343s][info   ][gc,stats    ]     CWR: <total>                     92 us
[6.343s][info   ][gc,stats    ]     CWR: Code Cache Roots            28 us, workers (us):  28, ---, 
[6.343s][info   ][gc,stats    ]     CWR: VM Weak Roots               62 us, workers (us):  62, ---, 
[6.343s][info   ][gc,stats    ]     CWR: CLDG Roots                   2 us, workers (us):   2, ---, 
[6.343s][info   ][gc,stats    ]   Rendezvous                         74 us
[6.343s][info   ][gc,stats    ] Concurrent Cleanup                  494 us
[6.343s][info   ][gc,stats    ] Concurrent Class Unloading          277 us
[6.343s][info   ][gc,stats    ]   Unlink Stale                      156 us
[6.343s][info   ][gc,stats    ]     System Dictionary                 4 us
[6.343s][info   ][gc,stats    ]     Weak Class Links                  1 us
[6.343s][info   ][gc,stats    ]     Code Roots                      149 us
[6.343s][info   ][gc,stats    ]   Rendezvous                         68 us
[6.343s][info   ][gc,stats    ]   Purge Unlinked                     29 us
[6.343s][info   ][gc,stats    ]     Code Roots                       13 us
[6.343s][info   ][gc,stats    ]     CLDG                             13 us
[6.343s][info   ][gc,stats    ]     Exception Caches                  0 us
[6.343s][info   ][gc,stats    ] Pause Final Roots (G)              3435 us
[6.343s][info   ][gc,stats    ] Pause Final Roots (N)                26 us
[6.343s][info   ][gc,stats    ] Pacing                            78003 us
[6.343s][info   ][gc,stats    ] 
[6.343s][info   ][gc,stats    ] Allocation pacing accrued:
[6.343s][info   ][gc,stats    ]       7 of    69 ms ( 10.3%): Thread-0
[6.343s][info   ][gc,stats    ]      10 of    69 ms ( 14.0%): Thread-1
[6.343s][info   ][gc,stats    ]      13 of    69 ms ( 18.6%): Thread-2
[6.343s][info   ][gc,stats    ]      12 of    69 ms ( 16.7%): Thread-3
[6.343s][info   ][gc,stats    ]       6 of    69 ms (  8.5%): Thread-4
[6.343s][info   ][gc,stats    ]      13 of    69 ms ( 18.6%): Thread-5
[6.343s][info   ][gc,stats    ]       5 of    69 ms (  7.8%): Thread-6
[6.343s][info   ][gc,stats    ]      12 of    69 ms ( 17.9%): Thread-7
[6.343s][info   ][gc,stats    ]      78 of    69 ms (112.3%): <total>
[6.343s][info   ][gc,stats    ]       4 of    69 ms (  5.9%): <average total>
[6.343s][info   ][gc,stats    ]      10 of    69 ms ( 14.0%): <average non-zero>
[6.343s][info   ][gc,stats    ] 
[6.343s][info   ][gc,metaspace] Metaspace: 213K(448K)->213K(448K) NonClass: 204K(320K)->204K(320K) Class: 9K(128K)->9K(128K)
[6.343s][info   ][gc,ergo     ] Pacer for Idle. Initial: 41943K, Alloc Tax Rate: 1.0x
[6.401s][info   ][gc          ] Trigger: Average GC time (45.26 ms) is above the time for average allocation rate (14871 MB/s) to deplete free headroom (655M) (margin of error = 1.89)
[6.401s][info   ][gc,ergo     ] Free headroom: 758M (free) - 102M (spike) - 0B (penalties) = 655M
[6.401s][info   ][gc,ergo     ] Free: 758M, Max: 1024K regular, 706M humongous, Frag: 7% external, 0% internal; Reserve: 103M, Max: 1024K
[6.401s][info   ][gc,start    ] GC(93) Concurrent reset
[6.401s][info   ][gc,task     ] GC(93) Using 1 of 2 workers for concurrent reset
[6.401s][info   ][gc,ergo     ] GC(93) Pacer for Reset. Non-Taxable: 2048M
[6.406s][info   ][gc          ] GC(93) Concurrent reset 4.857ms
[6.407s][info   ][gc,start    ] GC(93) Pause Init Mark (unload classes)
[6.408s][info   ][gc,task     ] GC(93) Using 2 of 2 workers for init marking
[6.408s][info   ][gc,ergo     ] GC(93) Pacer for Mark. Expected Live: 131M, Free: 684M, Non-Taxable: 70041K, Alloc Tax Rate: 0.2x
[6.408s][info   ][gc          ] GC(93) Pause Init Mark (unload classes) 0.201ms
[6.408s][info   ][gc,start    ] GC(93) Concurrent marking roots
[6.408s][info   ][gc,task     ] GC(93) Using 1 of 2 workers for concurrent marking roots
[6.412s][info   ][gc          ] GC(93) Concurrent marking roots 4.304ms
[6.412s][info   ][gc,start    ] GC(93) Concurrent marking (unload classes)
[6.412s][info   ][gc,task     ] GC(93) Using 1 of 2 workers for concurrent marking
[6.414s][info   ][gc          ] GC(93) Concurrent marking (unload classes) 1.789ms
[6.414s][info   ][gc,start    ] GC(93) Pause Final Mark (unload classes)
[6.414s][info   ][gc,task     ] GC(93) Using 2 of 2 workers for final marking
[6.414s][info   ][gc,ergo     ] GC(93) Collectable Garbage: 537M (98%), Immediate: 537M (98%), CSet: 0B (0%)
[6.414s][info   ][gc          ] GC(93) Pause Final Mark (unload classes) 0.377ms
[6.419s][info   ][gc,start    ] GC(93) Concurrent weak references
[6.419s][info   ][gc,task     ] GC(93) Using 1 of 2 workers for concurrent weak references
[6.420s][info   ][gc,ref      ] GC(93) Encountered references: Soft: 11, Weak: 37, Final: 0, Phantom: 5
[6.420s][info   ][gc,ref      ] GC(93) Discovered  references: Soft: 0, Weak: 11, Final: 0, Phantom: 5
[6.420s][info   ][gc,ref      ] GC(93) Enqueued    references: Soft: 0, Weak: 0, Final: 0, Phantom: 0
[6.421s][info   ][gc          ] GC(93) Concurrent weak references 1.974ms
[6.421s][info   ][gc,start    ] GC(93) Concurrent weak roots
[6.421s][info   ][gc,task     ] GC(93) Using 1 of 2 workers for concurrent weak root
[6.428s][info   ][gc          ] GC(93) Concurrent weak roots 7.577ms
[6.428s][info   ][gc,start    ] GC(93) Concurrent cleanup
[6.429s][info   ][gc          ] GC(93) Concurrent cleanup 781M->249M(2048M) 0.737ms
[6.429s][info   ][gc,ergo     ] GC(93) Free: 1454M, Max: 1024K regular, 390M humongous, Frag: 74% external, 0% internal; Reserve: 103M, Max: 1024K
[6.429s][info   ][gc,start    ] GC(93) Concurrent class unloading
[6.429s][info   ][gc,task     ] GC(93) Using 1 of 2 workers for concurrent class unloading
[6.434s][info   ][gc          ] GC(93) Concurrent class unloading 4.559ms
[6.435s][info   ][gc,start    ] GC(93) Pause Final Roots
[6.435s][info   ][gc          ] GC(93) Pause Final Roots 0.030ms
[6.440s][info   ][gc,ergo     ] Free: 1304M, Max: 1024K regular, 390M humongous, Frag: 71% external, 0% internal; Reserve: 103M, Max: 1024K
[6.440s][info   ][gc,stats    ] 
[6.440s][info   ][gc,stats    ] All times are wall-clock times, except per-root-class counters, that are sum over
[6.440s][info   ][gc,stats    ] all workers. Dividing the <total> over the root stage time estimates parallelism.
[6.440s][info   ][gc,stats    ] 
[6.440s][info   ][gc,stats    ] Concurrent Reset                   5035 us
[6.440s][info   ][gc,stats    ] Pause Init Mark (G)                1613 us
[6.440s][info   ][gc,stats    ] Pause Init Mark (N)                 210 us
[6.440s][info   ][gc,stats    ]   Update Region States              114 us
[6.440s][info   ][gc,stats    ] Concurrent Mark Roots              4375 us, parallelism: 0.07x
[6.440s][info   ][gc,stats    ]   CMR: <total>                      310 us
[6.440s][info   ][gc,stats    ]   CMR: Thread Roots                 202 us, workers (us): 202, ---, 
[6.440s][info   ][gc,stats    ]   CMR: VM Strong Roots               35 us, workers (us):  35, ---, 
[6.440s][info   ][gc,stats    ]   CMR: CLDG Roots                    73 us, workers (us):  73, ---, 
[6.440s][info   ][gc,stats    ] Concurrent Marking                 1818 us
[6.440s][info   ][gc,stats    ] Pause Final Mark (G)               4550 us
[6.440s][info   ][gc,stats    ] Pause Final Mark (N)                386 us
[6.440s][info   ][gc,stats    ]   Finish Mark                       159 us
[6.440s][info   ][gc,stats    ]   Update Region States               76 us
[6.440s][info   ][gc,stats    ]   Choose Collection Set              98 us
[6.440s][info   ][gc,stats    ]   Rebuild Free Set                    9 us
[6.440s][info   ][gc,stats    ] Concurrent Weak References         1985 us, parallelism: 0.01x
[6.440s][info   ][gc,stats    ]   CWRF: <total>                      13 us
[6.440s][info   ][gc,stats    ]   CWRF: Weak References              13 us, workers (us):  13, ---, 
[6.440s][info   ][gc,stats    ] Concurrent Weak Roots              7735 us
[6.440s][info   ][gc,stats    ]   Roots                             308 us, parallelism: 0.78x
[6.440s][info   ][gc,stats    ]     CWR: <total>                    238 us
[6.440s][info   ][gc,stats    ]     CWR: Code Cache Roots           149 us, workers (us): 149, ---, 
[6.440s][info   ][gc,stats    ]     CWR: VM Weak Roots               84 us, workers (us):  84, ---, 
[6.441s][info   ][gc,stats    ]     CWR: CLDG Roots                   6 us, workers (us):   6, ---, 
[6.441s][info   ][gc,stats    ]   Rendezvous                       7243 us
[6.441s][info   ][gc,stats    ] Concurrent Cleanup                  766 us
[6.441s][info   ][gc,stats    ] Concurrent Class Unloading         4669 us
[6.441s][info   ][gc,stats    ]   Unlink Stale                      768 us
[6.441s][info   ][gc,stats    ]     System Dictionary                14 us
[6.441s][info   ][gc,stats    ]     Weak Class Links                  1 us
[6.441s][info   ][gc,stats    ]     Code Roots                      748 us
[6.441s][info   ][gc,stats    ]   Rendezvous                       3667 us
[6.441s][info   ][gc,stats    ]   Purge Unlinked                     90 us
[6.441s][info   ][gc,stats    ]     Code Roots                       63 us
[6.441s][info   ][gc,stats    ]     CLDG                             23 us
[6.441s][info   ][gc,stats    ]     Exception Caches                  1 us
[6.441s][info   ][gc,stats    ] Pause Final Roots (G)              6430 us
[6.441s][info   ][gc,stats    ] Pause Final Roots (N)                40 us
[6.441s][info   ][gc,stats    ] Pacing                            19374 us
[6.441s][info   ][gc,stats    ] 
[6.441s][info   ][gc,stats    ] Allocation pacing accrued:
[6.441s][info   ][gc,stats    ]       2 of    98 ms (  2.5%): Thread-0
[6.441s][info   ][gc,stats    ]       3 of    98 ms (  3.0%): Thread-2
[6.441s][info   ][gc,stats    ]       2 of    98 ms (  2.5%): Thread-3
[6.441s][info   ][gc,stats    ]       4 of    98 ms (  3.9%): Thread-4
[6.441s][info   ][gc,stats    ]       5 of    98 ms (  5.6%): Thread-6
[6.441s][info   ][gc,stats    ]       2 of    98 ms (  2.5%): Thread-7
[6.441s][info   ][gc,stats    ]      19 of    98 ms ( 19.9%): <total>
[6.441s][info   ][gc,stats    ]       1 of    98 ms (  1.0%): <average total>
[6.441s][info   ][gc,stats    ]       3 of    98 ms (  3.3%): <average non-zero>
[6.441s][info   ][gc,stats    ] 
[6.441s][info   ][gc,metaspace] Metaspace: 213K(448K)->213K(448K) NonClass: 204K(320K)->204K(320K) Class: 9K(128K)->9K(128K)
[6.441s][info   ][gc,ergo     ] Pacer for Idle. Initial: 41943K, Alloc Tax Rate: 1.0x
[6.470s][info   ][gc          ] Trigger: Average GC time (51.66 ms) is above the time for average allocation rate (14871 MB/s) to deplete free headroom (759M) (margin of error = 1.89)
[6.470s][info   ][gc,ergo     ] Free headroom: 862M (free) - 102M (spike) - 0B (penalties) = 759M
[6.470s][info   ][gc,ergo     ] Free: 858M, Max: 1024K regular, 390M humongous, Frag: 55% external, 0% internal; Reserve: 103M, Max: 1024K
[6.470s][info   ][gc,start    ] GC(94) Concurrent reset
[6.470s][info   ][gc,task     ] GC(94) Using 1 of 2 workers for concurrent reset
[6.470s][info   ][gc,ergo     ] GC(94) Pacer for Reset. Non-Taxable: 2048M
[6.478s][info   ][gc          ] GC(94) Concurrent reset 7.743ms
[6.479s][info   ][gc,start    ] GC(94) Pause Init Mark (unload classes)
[6.479s][info   ][gc,task     ] GC(94) Using 2 of 2 workers for init marking
[6.479s][info   ][gc,ergo     ] GC(94) Pacer for Mark. Expected Live: 120M, Free: 756M, Non-Taxable: 77414K, Alloc Tax Rate: 0.2x
[6.479s][info   ][gc          ] GC(94) Pause Init Mark (unload classes) 0.138ms
[6.482s][info   ][gc,start    ] GC(94) Concurrent marking roots
[6.483s][info   ][gc,task     ] GC(94) Using 1 of 2 workers for concurrent marking roots
[6.484s][info   ][gc          ] GC(94) Concurrent marking roots 1.489ms
[6.484s][info   ][gc,start    ] GC(94) Concurrent marking (unload classes)
[6.484s][info   ][gc,task     ] GC(94) Using 1 of 2 workers for concurrent marking
[6.486s][info   ][gc          ] GC(94) Concurrent marking (unload classes) 2.075ms
[6.487s][info   ][gc,start    ] GC(94) Pause Final Mark (unload classes)
[6.487s][info   ][gc,task     ] GC(94) Using 2 of 2 workers for final marking
[6.487s][info   ][gc,ergo     ] GC(94) Collectable Garbage: 487M (98%), Immediate: 487M (98%), CSet: 0B (0%)
[6.487s][info   ][gc          ] GC(94) Pause Final Mark (unload classes) 0.251ms
[6.487s][info   ][gc,start    ] GC(94) Concurrent weak references
[6.487s][info   ][gc,task     ] GC(94) Using 1 of 2 workers for concurrent weak references
[6.487s][info   ][gc,ref      ] GC(94) Encountered references: Soft: 11, Weak: 37, Final: 0, Phantom: 5
[6.487s][info   ][gc,ref      ] GC(94) Discovered  references: Soft: 0, Weak: 11, Final: 0, Phantom: 5
[6.487s][info   ][gc,ref      ] GC(94) Enqueued    references: Soft: 0, Weak: 0, Final: 0, Phantom: 0
[6.487s][info   ][gc          ] GC(94) Concurrent weak references 0.064ms
[6.487s][info   ][gc,start    ] GC(94) Concurrent weak roots
[6.487s][info   ][gc,task     ] GC(94) Using 1 of 2 workers for concurrent weak root
[6.489s][info   ][gc          ] GC(94) Concurrent weak roots 1.507ms
[6.489s][info   ][gc,start    ] GC(94) Concurrent cleanup
[6.489s][info   ][gc          ] GC(94) Concurrent cleanup 655M->174M(2048M) 0.749ms
[6.489s][info   ][gc,ergo     ] GC(94) Free: 1604M, Max: 1024K regular, 468M humongous, Frag: 71% external, 0% internal; Reserve: 103M, Max: 1024K
[6.489s][info   ][gc,start    ] GC(94) Concurrent class unloading
[6.489s][info   ][gc,task     ] GC(94) Using 1 of 2 workers for concurrent class unloading
[6.501s][info   ][gc          ] GC(94) Concurrent class unloading 11.039ms
[6.502s][info   ][gc,start    ] GC(94) Pause Final Roots
[6.502s][info   ][gc          ] GC(94) Pause Final Roots 0.050ms
[6.502s][info   ][gc,ergo     ] Free: 1414M, Max: 1024K regular, 468M humongous, Frag: 67% external, 0% internal; Reserve: 103M, Max: 1024K
[6.502s][info   ][gc,stats    ] 
[6.502s][info   ][gc,stats    ] All times are wall-clock times, except per-root-class counters, that are sum over
[6.502s][info   ][gc,stats    ] all workers. Dividing the <total> over the root stage time estimates parallelism.
[6.502s][info   ][gc,stats    ] 
[6.502s][info   ][gc,stats    ] Concurrent Reset                   7865 us
[6.502s][info   ][gc,stats    ] Pause Init Mark (G)                4726 us
[6.502s][info   ][gc,stats    ] Pause Init Mark (N)                 145 us
[6.502s][info   ][gc,stats    ]   Update Region States               88 us
[6.502s][info   ][gc,stats    ] Concurrent Mark Roots              1540 us, parallelism: 0.16x
[6.502s][info   ][gc,stats    ]   CMR: <total>                      242 us
[6.502s][info   ][gc,stats    ]   CMR: Thread Roots                 193 us, workers (us): 193, ---, 
[6.502s][info   ][gc,stats    ]   CMR: VM Strong Roots                9 us, workers (us):   9, ---, 
[6.502s][info   ][gc,stats    ]   CMR: CLDG Roots                    40 us, workers (us):  40, ---, 
[6.502s][info   ][gc,stats    ] Concurrent Marking                 2101 us
[6.502s][info   ][gc,stats    ] Pause Final Mark (G)                894 us
[6.502s][info   ][gc,stats    ] Pause Final Mark (N)                260 us
[6.503s][info   ][gc,stats    ]   Finish Mark                        54 us
[6.503s][info   ][gc,stats    ]   Update Region States               33 us
[6.503s][info   ][gc,stats    ]   Choose Collection Set             113 us
[6.503s][info   ][gc,stats    ]   Rebuild Free Set                   13 us
[6.503s][info   ][gc,stats    ] Concurrent Weak References           72 us, parallelism: 0.03x
[6.503s][info   ][gc,stats    ]   CWRF: <total>                       2 us
[6.503s][info   ][gc,stats    ]   CWRF: Weak References               2 us, workers (us):   2, ---, 
[6.503s][info   ][gc,stats    ] Concurrent Weak Roots              1561 us
[6.503s][info   ][gc,stats    ]   Roots                             580 us, parallelism: 0.39x
[6.503s][info   ][gc,stats    ]     CWR: <total>                    223 us
[6.503s][info   ][gc,stats    ]     CWR: Code Cache Roots           154 us, workers (us): 154, ---, 
[6.503s][info   ][gc,stats    ]     CWR: VM Weak Roots               67 us, workers (us):  67, ---, 
[6.503s][info   ][gc,stats    ]     CWR: CLDG Roots                   3 us, workers (us):   3, ---, 
[6.503s][info   ][gc,stats    ]   Rendezvous                        906 us
[6.503s][info   ][gc,stats    ] Concurrent Cleanup                  790 us
[6.503s][info   ][gc,stats    ] Concurrent Class Unloading        11236 us
[6.503s][info   ][gc,stats    ]   Unlink Stale                     5207 us
[6.503s][info   ][gc,stats    ]     System Dictionary                11 us
[6.503s][info   ][gc,stats    ]     Weak Class Links                  1 us
[6.503s][info   ][gc,stats    ]     Code Roots                     5187 us
[6.503s][info   ][gc,stats    ]   Rendezvous                       5676 us
[6.503s][info   ][gc,stats    ]   Purge Unlinked                    121 us
[6.503s][info   ][gc,stats    ]     Code Roots                       89 us
[6.503s][info   ][gc,stats    ]     CLDG                             28 us
[6.503s][info   ][gc,stats    ]     Exception Caches                  3 us
[6.503s][info   ][gc,stats    ] Pause Final Roots (G)              1470 us
[6.503s][info   ][gc,stats    ] Pause Final Roots (N)                61 us
[6.503s][info   ][gc,stats    ] Pacing                            63778 us
[6.503s][info   ][gc,stats    ] 
[6.503s][info   ][gc,stats    ] Allocation pacing accrued:
[6.503s][info   ][gc,stats    ]       7 of    62 ms ( 10.5%): Thread-0
[6.503s][info   ][gc,stats    ]       8 of    62 ms ( 13.2%): Thread-1
[6.503s][info   ][gc,stats    ]       5 of    62 ms (  8.5%): Thread-2
[6.503s][info   ][gc,stats    ]       6 of    62 ms (  9.5%): Thread-3
[6.503s][info   ][gc,stats    ]       7 of    62 ms ( 11.7%): Thread-4
[6.503s][info   ][gc,stats    ]       7 of    62 ms ( 12.0%): Thread-5
[6.503s][info   ][gc,stats    ]      16 of    62 ms ( 25.0%): Thread-6
[6.503s][info   ][gc,stats    ]       8 of    62 ms ( 12.3%): Thread-7
[6.503s][info   ][gc,stats    ]      64 of    62 ms (102.7%): <total>
[6.503s][info   ][gc,stats    ]       3 of    62 ms (  5.4%): <average total>
[6.503s][info   ][gc,stats    ]       8 of    62 ms ( 12.8%): <average non-zero>
[6.503s][info   ][gc,stats    ] 
[6.503s][info   ][gc,metaspace] Metaspace: 213K(448K)->213K(448K) NonClass: 204K(320K)->204K(320K) Class: 9K(128K)->9K(128K)
[6.503s][info   ][gc,ergo     ] Pacer for Idle. Initial: 41943K, Alloc Tax Rate: 1.0x
[6.545s][info   ][gc          ] Trigger: Average GC time (46.09 ms) is above the time for average allocation rate (14871 MB/s) to deplete free headroom (677M) (margin of error = 1.89)
[6.545s][info   ][gc,ergo     ] Free headroom: 780M (free) - 102M (spike) - 0B (penalties) = 677M
[6.545s][info   ][gc,ergo     ] Free: 776M, Max: 1024K regular, 428M humongous, Frag: 45% external, 0% internal; Reserve: 103M, Max: 1024K
[6.545s][info   ][gc,start    ] GC(95) Concurrent reset
[6.545s][info   ][gc,task     ] GC(95) Using 1 of 2 workers for concurrent reset
[6.545s][info   ][gc,ergo     ] GC(95) Pacer for Reset. Non-Taxable: 2048M
[6.550s][info   ][gc          ] GC(95) Concurrent reset 4.867ms
[6.553s][info   ][gc,start    ] GC(95) Pause Init Mark (unload classes)
[6.553s][info   ][gc,task     ] GC(95) Using 2 of 2 workers for init marking
[6.553s][info   ][gc,ergo     ] GC(95) Pacer for Mark. Expected Live: 109M, Free: 684M, Non-Taxable: 70041K, Alloc Tax Rate: 0.2x
[6.553s][info   ][gc          ] GC(95) Pause Init Mark (unload classes) 0.171ms
[6.553s][info   ][gc,start    ] GC(95) Concurrent marking roots
[6.553s][info   ][gc,task     ] GC(95) Using 1 of 2 workers for concurrent marking roots
[6.558s][info   ][gc          ] GC(95) Concurrent marking roots 4.336ms
[6.558s][info   ][gc,start    ] GC(95) Concurrent marking (unload classes)
[6.558s][info   ][gc,task     ] GC(95) Using 1 of 2 workers for concurrent marking
[6.559s][info   ][gc          ] GC(95) Concurrent marking (unload classes) 1.496ms
[6.559s][info   ][gc,start    ] GC(95) Pause Final Mark (unload classes)
[6.559s][info   ][gc,task     ] GC(95) Using 2 of 2 workers for final marking
[6.560s][info   ][gc,ergo     ] GC(95) Collectable Garbage: 507M (98%), Immediate: 507M (98%), CSet: 0B (0%)
[6.560s][info   ][gc          ] GC(95) Pause Final Mark (unload classes) 0.261ms
[6.560s][info   ][gc,start    ] GC(95) Concurrent weak references
[6.560s][info   ][gc,task     ] GC(95) Using 1 of 2 workers for concurrent weak references
[6.560s][info   ][gc,ref      ] GC(95) Encountered references: Soft: 11, Weak: 37, Final: 0, Phantom: 5
[6.560s][info   ][gc,ref      ] GC(95) Discovered  references: Soft: 0, Weak: 11, Final: 0, Phantom: 5
[6.560s][info   ][gc,ref      ] GC(95) Enqueued    references: Soft: 0, Weak: 0, Final: 0, Phantom: 0
[6.560s][info   ][gc          ] GC(95) Concurrent weak references 0.062ms
[6.560s][info   ][gc,start    ] GC(95) Concurrent weak roots
[6.560s][info   ][gc,task     ] GC(95) Using 1 of 2 workers for concurrent weak root
[6.560s][info   ][gc          ] GC(95) Concurrent weak roots 0.205ms
[6.560s][info   ][gc,start    ] GC(95) Concurrent cleanup
[6.561s][info   ][gc          ] GC(95) Concurrent cleanup 668M->161M(2048M) 0.552ms
[6.561s][info   ][gc,ergo     ] GC(95) Free: 1630M, Max: 1024K regular, 618M humongous, Frag: 63% external, 0% internal; Reserve: 103M, Max: 1024K
[6.561s][info   ][gc,start    ] GC(95) Concurrent class unloading
[6.561s][info   ][gc,task     ] GC(95) Using 1 of 2 workers for concurrent class unloading
[6.561s][info   ][gc          ] GC(95) Concurrent class unloading 0.263ms
[6.561s][info   ][gc,start    ] GC(95) Pause Final Roots
[6.561s][info   ][gc          ] GC(95) Pause Final Roots 0.020ms
[6.561s][info   ][gc,ergo     ] Free: 1630M, Max: 1024K regular, 618M humongous, Frag: 63% external, 0% internal; Reserve: 103M, Max: 1024K
[6.561s][info   ][gc,stats    ] 
[6.561s][info   ][gc,stats    ] All times are wall-clock times, except per-root-class counters, that are sum over
[6.561s][info   ][gc,stats    ] all workers. Dividing the <total> over the root stage time estimates parallelism.
[6.561s][info   ][gc,stats    ] 
[6.561s][info   ][gc,stats    ] Concurrent Reset                   5039 us
[6.561s][info   ][gc,stats    ] Pause Init Mark (G)                2927 us
[6.561s][info   ][gc,stats    ] Pause Init Mark (N)                 179 us
[6.561s][info   ][gc,stats    ]   Update Region States               82 us
[6.561s][info   ][gc,stats    ] Concurrent Mark Roots              4435 us, parallelism: 0.95x
[6.561s][info   ][gc,stats    ]   CMR: <total>                     4232 us
[6.561s][info   ][gc,stats    ]   CMR: Thread Roots                4190 us, workers (us): 4190, ---, 
[6.561s][info   ][gc,stats    ]   CMR: VM Strong Roots                6 us, workers (us):   6, ---, 
[6.561s][info   ][gc,stats    ]   CMR: CLDG Roots                    37 us, workers (us):  37, ---, 
[6.561s][info   ][gc,stats    ] Concurrent Marking                 1516 us
[6.561s][info   ][gc,stats    ] Pause Final Mark (G)                350 us
[6.561s][info   ][gc,stats    ] Pause Final Mark (N)                268 us
[6.561s][info   ][gc,stats    ]   Finish Mark                        81 us
[6.561s][info   ][gc,stats    ]   Update Region States               72 us
[6.561s][info   ][gc,stats    ]   Choose Collection Set              69 us
[6.561s][info   ][gc,stats    ]   Rebuild Free Set                    9 us
[6.561s][info   ][gc,stats    ] Concurrent Weak References           68 us, parallelism: 0.03x
[6.561s][info   ][gc,stats    ]   CWRF: <total>                       2 us
[6.561s][info   ][gc,stats    ]   CWRF: Weak References               2 us, workers (us):   2, ---, 
[6.561s][info   ][gc,stats    ] Concurrent Weak Roots               217 us
[6.561s][info   ][gc,stats    ]   Roots                             126 us, parallelism: 0.38x
[6.561s][info   ][gc,stats    ]     CWR: <total>                     48 us
[6.561s][info   ][gc,stats    ]     CWR: Code Cache Roots            26 us, workers (us):  26, ---, 
[6.561s][info   ][gc,stats    ]     CWR: VM Weak Roots               21 us, workers (us):  21, ---, 
[6.561s][info   ][gc,stats    ]     CWR: CLDG Roots                   2 us, workers (us):   2, ---, 
[6.561s][info   ][gc,stats    ]   Rendezvous                         65 us
[6.561s][info   ][gc,stats    ] Concurrent Cleanup                  566 us
[6.561s][info   ][gc,stats    ] Concurrent Class Unloading          274 us
[6.561s][info   ][gc,stats    ]   Unlink Stale                      105 us
[6.561s][info   ][gc,stats    ]     System Dictionary                 4 us
[6.561s][info   ][gc,stats    ]     Weak Class Links                  1 us
[6.561s][info   ][gc,stats    ]     Code Roots                       98 us
[6.561s][info   ][gc,stats    ]   Rendezvous                         69 us
[6.561s][info   ][gc,stats    ]   Purge Unlinked                     74 us
[6.561s][info   ][gc,stats    ]     Code Roots                       58 us
[6.561s][info   ][gc,stats    ]     CLDG                             13 us
[6.561s][info   ][gc,stats    ]     Exception Caches                  1 us
[6.561s][info   ][gc,stats    ] Pause Final Roots (G)               114 us
[6.561s][info   ][gc,stats    ] Pause Final Roots (N)                29 us
[6.561s][info   ][gc,stats    ] 
[6.561s][info   ][gc,stats    ] Allocation pacing accrued:
[6.561s][info   ][gc,stats    ]       0 of    59 ms (  0.0%): <total>
[6.561s][info   ][gc,stats    ]       0 of    59 ms (  0.0%): <average total>
[6.561s][info   ][gc,stats    ] 
[6.561s][info   ][gc,metaspace] Metaspace: 213K(448K)->213K(448K) NonClass: 204K(320K)->204K(320K) Class: 9K(128K)->9K(128K)
[6.561s][info   ][gc,ergo     ] Pacer for Idle. Initial: 41943K, Alloc Tax Rate: 1.0x
[6.625s][info   ][gc          ] Trigger: Average GC time (42.29 ms) is above the time for average allocation rate (14854 MB/s) to deplete free headroom (619M) (margin of error = 1.88)
[6.625s][info   ][gc,ergo     ] Free headroom: 722M (free) - 102M (spike) - 0B (penalties) = 619M
[6.625s][info   ][gc,ergo     ] Free: 722M, Max: 1024K regular, 618M humongous, Frag: 15% external, 0% internal; Reserve: 103M, Max: 1024K
[6.625s][info   ][gc,start    ] GC(96) Concurrent reset
[6.625s][info   ][gc,task     ] GC(96) Using 1 of 2 workers for concurrent reset
[6.625s][info   ][gc,ergo     ] GC(96) Pacer for Reset. Non-Taxable: 2048M
[6.636s][info   ][gc          ] GC(96) Concurrent reset 11.141ms
[6.639s][info   ][gc,start    ] GC(96) Pause Init Mark (unload classes)
[6.639s][info   ][gc,task     ] GC(96) Using 2 of 2 workers for init marking
[6.639s][info   ][gc,ergo     ] GC(96) Pacer for Mark. Expected Live: 104M, Free: 556M, Non-Taxable: 56934K, Alloc Tax Rate: 0.2x
[6.639s][info   ][gc          ] GC(96) Pause Init Mark (unload classes) 0.179ms
[6.639s][info   ][gc,start    ] GC(96) Concurrent marking roots
[6.639s][info   ][gc,task     ] GC(96) Using 1 of 2 workers for concurrent marking roots
[6.640s][info   ][gc          ] GC(96) Concurrent marking roots 0.396ms
[6.640s][info   ][gc,start    ] GC(96) Concurrent marking (unload classes)
[6.640s][info   ][gc,task     ] GC(96) Using 1 of 2 workers for concurrent marking
[6.654s][info   ][gc          ] GC(96) Concurrent marking (unload classes) 14.383ms
[6.658s][info   ][gc,start    ] GC(96) Pause Final Mark (unload classes)
[6.658s][info   ][gc,task     ] GC(96) Using 2 of 2 workers for final marking
[6.658s][info   ][gc,ergo     ] GC(96) Collectable Garbage: 614M (98%), Immediate: 614M (98%), CSet: 0B (0%)
[6.658s][info   ][gc          ] GC(96) Pause Final Mark (unload classes) 0.451ms
[6.658s][info   ][gc,start    ] GC(96) Concurrent weak references
[6.658s][info   ][gc,task     ] GC(96) Using 1 of 2 workers for concurrent weak references
[6.665s][info   ][gc,ref      ] GC(96) Encountered references: Soft: 11, Weak: 37, Final: 0, Phantom: 5
[6.665s][info   ][gc,ref      ] GC(96) Discovered  references: Soft: 0, Weak: 11, Final: 0, Phantom: 5
[6.665s][info   ][gc,ref      ] GC(96) Enqueued    references: Soft: 0, Weak: 0, Final: 0, Phantom: 0
[6.665s][info   ][gc          ] GC(96) Concurrent weak references 6.571ms
[6.665s][info   ][gc,start    ] GC(96) Concurrent weak roots
[6.665s][info   ][gc,task     ] GC(96) Using 1 of 2 workers for concurrent weak root
[6.667s][info   ][gc          ] GC(96) Concurrent weak roots 1.666ms
[6.667s][info   ][gc,start    ] GC(96) Concurrent cleanup
[6.667s][info   ][gc          ] GC(96) Concurrent cleanup 894M->280M(2048M) 0.786ms
[6.667s][info   ][gc,ergo     ] GC(96) Free: 1392M, Max: 1024K regular, 182M humongous, Frag: 87% external, 0% internal; Reserve: 103M, Max: 1024K
[6.667s][info   ][gc,start    ] GC(96) Concurrent class unloading
[6.667s][info   ][gc,task     ] GC(96) Using 1 of 2 workers for concurrent class unloading
[6.668s][info   ][gc          ] GC(96) Concurrent class unloading 0.405ms
[6.668s][info   ][gc,start    ] GC(96) Pause Final Roots
[6.668s][info   ][gc          ] GC(96) Pause Final Roots 0.023ms
[6.668s][info   ][gc,ergo     ] Free: 1392M, Max: 1024K regular, 182M humongous, Frag: 87% external, 0% internal; Reserve: 103M, Max: 1024K
[6.668s][info   ][gc,stats    ] 
[6.668s][info   ][gc,stats    ] All times are wall-clock times, except per-root-class counters, that are sum over
[6.668s][info   ][gc,stats    ] all workers. Dividing the <total> over the root stage time estimates parallelism.
[6.668s][info   ][gc,stats    ] 
[6.668s][info   ][gc,stats    ] Concurrent Reset                  11252 us
[6.668s][info   ][gc,stats    ] Pause Init Mark (G)                2885 us
[6.668s][info   ][gc,stats    ] Pause Init Mark (N)                 188 us
[6.668s][info   ][gc,stats    ]   Update Region States              111 us
[6.668s][info   ][gc,stats    ] Concurrent Mark Roots               412 us, parallelism: 0.83x
[6.668s][info   ][gc,stats    ]   CMR: <total>                      341 us
[6.668s][info   ][gc,stats    ]   CMR: Thread Roots                 287 us, workers (us): 287, ---, 
[6.668s][info   ][gc,stats    ]   CMR: VM Strong Roots                8 us, workers (us):   8, ---, 
[6.668s][info   ][gc,stats    ]   CMR: CLDG Roots                    46 us, workers (us):  46, ---, 
[6.668s][info   ][gc,stats    ] Concurrent Marking                14609 us
[6.668s][info   ][gc,stats    ] Pause Final Mark (G)               3759 us
[6.668s][info   ][gc,stats    ] Pause Final Mark (N)                461 us
[6.668s][info   ][gc,stats    ]   Finish Mark                       172 us
[6.668s][info   ][gc,stats    ]   Update Region States               91 us
[6.668s][info   ][gc,stats    ]   Choose Collection Set             108 us
[6.668s][info   ][gc,stats    ]   Rebuild Free Set                    9 us
[6.668s][info   ][gc,stats    ] Concurrent Weak References         6588 us, parallelism: 0.00x
[6.668s][info   ][gc,stats    ]   CWRF: <total>                      16 us
[6.668s][info   ][gc,stats    ]   CWRF: Weak References              16 us, workers (us):  16, ---, 
[6.668s][info   ][gc,stats    ] Concurrent Weak Roots              1701 us
[6.668s][info   ][gc,stats    ]   Roots                             244 us, parallelism: 0.72x
[6.668s][info   ][gc,stats    ]     CWR: <total>                    175 us
[6.668s][info   ][gc,stats    ]     CWR: Code Cache Roots            92 us, workers (us):  92, ---, 
[6.668s][info   ][gc,stats    ]     CWR: VM Weak Roots               78 us, workers (us):  78, ---, 
[6.668s][info   ][gc,stats    ]     CWR: CLDG Roots                   5 us, workers (us):   5, ---, 
[6.668s][info   ][gc,stats    ]   Rendezvous                       1394 us
[6.668s][info   ][gc,stats    ] Concurrent Cleanup                  796 us
[6.668s][info   ][gc,stats    ] Concurrent Class Unloading          420 us
[6.668s][info   ][gc,stats    ]   Unlink Stale                      204 us
[6.668s][info   ][gc,stats    ]     System Dictionary                 4 us
[6.668s][info   ][gc,stats    ]     Weak Class Links                  1 us
[6.668s][info   ][gc,stats    ]     Code Roots                      197 us
[6.668s][info   ][gc,stats    ]   Rendezvous                        152 us
[6.668s][info   ][gc,stats    ]   Purge Unlinked                     33 us
[6.668s][info   ][gc,stats    ]     Code Roots                       16 us
[6.668s][info   ][gc,stats    ]     CLDG                             14 us
[6.668s][info   ][gc,stats    ]     Exception Caches                  1 us
[6.668s][info   ][gc,stats    ] Pause Final Roots (G)               150 us
[6.668s][info   ][gc,stats    ] Pause Final Roots (N)                31 us
[6.668s][info   ][gc,stats    ] Pacing                            91034 us
[6.668s][info   ][gc,stats    ] 
[6.668s][info   ][gc,stats    ] Allocation pacing accrued:
[6.668s][info   ][gc,stats    ]      13 of   107 ms ( 12.1%): Thread-0
[6.668s][info   ][gc,stats    ]      10 of   107 ms (  9.5%): Thread-1
[6.668s][info   ][gc,stats    ]      11 of   107 ms ( 10.7%): Thread-2
[6.668s][info   ][gc,stats    ]      13 of   107 ms ( 11.9%): Thread-3
[6.668s][info   ][gc,stats    ]      10 of   107 ms (  9.7%): Thread-4
[6.668s][info   ][gc,stats    ]      10 of   107 ms (  9.8%): Thread-5
[6.668s][info   ][gc,stats    ]      13 of   107 ms ( 11.7%): Thread-6
[6.668s][info   ][gc,stats    ]      10 of   107 ms (  9.5%): Thread-7
[6.668s][info   ][gc,stats    ]      91 of   107 ms ( 85.0%): <total>
[6.668s][info   ][gc,stats    ]       5 of   107 ms (  4.5%): <average total>
[6.668s][info   ][gc,stats    ]      11 of   107 ms ( 10.6%): <average non-zero>
[6.668s][info   ][gc,stats    ] 
[6.668s][info   ][gc,metaspace] Metaspace: 213K(448K)->213K(448K) NonClass: 204K(320K)->204K(320K) Class: 9K(128K)->9K(128K)
[6.668s][info   ][gc,ergo     ] Pacer for Idle. Initial: 41943K, Alloc Tax Rate: 1.0x
[6.705s][info   ][gc          ] Trigger: Average GC time (55.16 ms) is above the time for average allocation rate (14854 MB/s) to deplete free headroom (805M) (margin of error = 1.88)
[6.705s][info   ][gc,ergo     ] Free headroom: 908M (free) - 102M (spike) - 0B (penalties) = 805M
[6.705s][info   ][gc,ergo     ] Free: 904M, Max: 1024K regular, 164M humongous, Frag: 82% external, 0% internal; Reserve: 103M, Max: 1024K
[6.705s][info   ][gc,start    ] GC(97) Concurrent reset
[6.705s][info   ][gc,task     ] GC(97) Using 1 of 2 workers for concurrent reset
[6.705s][info   ][gc,ergo     ] GC(97) Pacer for Reset. Non-Taxable: 2048M
[6.714s][info   ][gc          ] GC(97) Concurrent reset 8.654ms
[6.716s][info   ][gc,start    ] GC(97) Pause Init Mark (unload classes)
[6.716s][info   ][gc,task     ] GC(97) Using 2 of 2 workers for init marking
[6.716s][info   ][gc,ergo     ] GC(97) Pacer for Mark. Expected Live: 101108K, Free: 736M, Non-Taxable: 75366K, Alloc Tax Rate: 0.2x
[6.716s][info   ][gc          ] GC(97) Pause Init Mark (unload classes) 0.157ms
[6.716s][info   ][gc,start    ] GC(97) Concurrent marking roots
[6.716s][info   ][gc,task     ] GC(97) Using 1 of 2 workers for concurrent marking roots
[6.717s][info   ][gc          ] GC(97) Concurrent marking roots 0.438ms
[6.717s][info   ][gc,start    ] GC(97) Concurrent marking (unload classes)
[6.717s][info   ][gc,task     ] GC(97) Using 1 of 2 workers for concurrent marking
[6.738s][info   ][gc          ] GC(97) Concurrent marking (unload classes) 21.031ms
[6.741s][info   ][gc,start    ] GC(97) Pause Final Mark (unload classes)
[6.741s][info   ][gc,task     ] GC(97) Using 2 of 2 workers for final marking
[6.741s][info   ][gc,ergo     ] GC(97) Collectable Garbage: 545M (98%), Immediate: 545M (98%), CSet: 0B (0%)
[6.741s][info   ][gc          ] GC(97) Pause Final Mark (unload classes) 0.288ms
[6.746s][info   ][gc,start    ] GC(97) Concurrent weak references
[6.746s][info   ][gc,task     ] GC(97) Using 1 of 2 workers for concurrent weak references
[6.746s][info   ][gc,ref      ] GC(97) Encountered references: Soft: 11, Weak: 37, Final: 0, Phantom: 5
[6.746s][info   ][gc,ref      ] GC(97) Discovered  references: Soft: 0, Weak: 11, Final: 0, Phantom: 5
[6.746s][info   ][gc,ref      ] GC(97) Enqueued    references: Soft: 0, Weak: 0, Final: 0, Phantom: 0
[6.746s][info   ][gc          ] GC(97) Concurrent weak references 0.389ms
[6.746s][info   ][gc,start    ] GC(97) Concurrent weak roots
[6.746s][info   ][gc,task     ] GC(97) Using 1 of 2 workers for concurrent weak root
[6.746s][info   ][gc          ] GC(97) Concurrent weak roots 0.248ms
[6.746s][info   ][gc,start    ] GC(97) Concurrent cleanup
[6.747s][info   ][gc          ] GC(97) Concurrent cleanup 817M->272M(2048M) 0.616ms
[6.747s][info   ][gc,ergo     ] GC(97) Free: 1408M, Max: 1024K regular, 774M humongous, Frag: 46% external, 0% internal; Reserve: 103M, Max: 1024K
[6.747s][info   ][gc,start    ] GC(97) Concurrent class unloading
[6.747s][info   ][gc,task     ] GC(97) Using 1 of 2 workers for concurrent class unloading
[6.747s][info   ][gc          ] GC(97) Concurrent class unloading 0.300ms
[6.747s][info   ][gc,start    ] GC(97) Pause Final Roots
[6.747s][info   ][gc          ] GC(97) Pause Final Roots 0.026ms
[6.747s][info   ][gc,ergo     ] Free: 1408M, Max: 1024K regular, 774M humongous, Frag: 46% external, 0% internal; Reserve: 103M, Max: 1024K
[6.747s][info   ][gc,stats    ] 
[6.747s][info   ][gc,stats    ] All times are wall-clock times, except per-root-class counters, that are sum over
[6.747s][info   ][gc,stats    ] all workers. Dividing the <total> over the root stage time estimates parallelism.
[6.747s][info   ][gc,stats    ] 
[6.747s][info   ][gc,stats    ] Concurrent Reset                   8804 us
[6.747s][info   ][gc,stats    ] Pause Init Mark (G)                2458 us
[6.747s][info   ][gc,stats    ] Pause Init Mark (N)                 165 us
[6.747s][info   ][gc,stats    ]   Update Region States               87 us
[6.747s][info   ][gc,stats    ] Concurrent Mark Roots               453 us, parallelism: 0.81x
[6.747s][info   ][gc,stats    ]   CMR: <total>                      369 us
[6.747s][info   ][gc,stats    ]   CMR: Thread Roots                 297 us, workers (us): 297, ---, 
[6.747s][info   ][gc,stats    ]   CMR: VM Strong Roots                9 us, workers (us):   9, ---, 
[6.747s][info   ][gc,stats    ]   CMR: CLDG Roots                    63 us, workers (us):  63, ---, 
[6.747s][info   ][gc,stats    ] Concurrent Marking                21095 us
[6.747s][info   ][gc,stats    ] Pause Final Mark (G)               7473 us
[6.747s][info   ][gc,stats    ] Pause Final Mark (N)                297 us
[6.747s][info   ][gc,stats    ]   Finish Mark                        53 us
[6.747s][info   ][gc,stats    ]   Update Region States               27 us
[6.747s][info   ][gc,stats    ]   Choose Collection Set              99 us
[6.747s][info   ][gc,stats    ]   Rebuild Free Set                    9 us
[6.747s][info   ][gc,stats    ] Concurrent Weak References          400 us, parallelism: 0.03x
[6.747s][info   ][gc,stats    ]   CWRF: <total>                      12 us
[6.747s][info   ][gc,stats    ]   CWRF: Weak References              12 us, workers (us):  12, ---, 
[6.747s][info   ][gc,stats    ] Concurrent Weak Roots               258 us
[6.747s][info   ][gc,stats    ]   Roots                              89 us, parallelism: 0.67x
[6.747s][info   ][gc,stats    ]     CWR: <total>                     59 us
[6.747s][info   ][gc,stats    ]     CWR: Code Cache Roots            31 us, workers (us):  31, ---, 
[6.748s][info   ][gc,stats    ]     CWR: VM Weak Roots               25 us, workers (us):  25, ---, 
[6.748s][info   ][gc,stats    ]     CWR: CLDG Roots                   2 us, workers (us):   2, ---, 
[6.748s][info   ][gc,stats    ]   Rendezvous                        145 us
[6.748s][info   ][gc,stats    ] Concurrent Cleanup                  629 us
[6.748s][info   ][gc,stats    ] Concurrent Class Unloading          313 us
[6.748s][info   ][gc,stats    ]   Unlink Stale                      180 us
[6.748s][info   ][gc,stats    ]     System Dictionary                 4 us
[6.748s][info   ][gc,stats    ]     Weak Class Links                  1 us
[6.748s][info   ][gc,stats    ]     Code Roots                      173 us
[6.748s][info   ][gc,stats    ]   Rendezvous                         83 us
[6.748s][info   ][gc,stats    ]   Purge Unlinked                     21 us
[6.748s][info   ][gc,stats    ]     Code Roots                       14 us
[6.748s][info   ][gc,stats    ]     CLDG                              5 us
[6.748s][info   ][gc,stats    ]     Exception Caches                  1 us
[6.748s][info   ][gc,stats    ] Pause Final Roots (G)               161 us
[6.748s][info   ][gc,stats    ] Pause Final Roots (N)                33 us
[6.748s][info   ][gc,stats    ] Pacing                            70072 us
[6.748s][info   ][gc,stats    ] 
[6.748s][info   ][gc,stats    ] Allocation pacing accrued:
[6.748s][info   ][gc,stats    ]      13 of    79 ms ( 16.9%): Thread-0
[6.748s][info   ][gc,stats    ]      10 of    79 ms ( 12.7%): Thread-1
[6.748s][info   ][gc,stats    ]      12 of    79 ms ( 15.7%): Thread-2
[6.748s][info   ][gc,stats    ]      13 of    79 ms ( 16.7%): Thread-3
[6.748s][info   ][gc,stats    ]      10 of    79 ms ( 13.2%): Thread-4
[6.748s][info   ][gc,stats    ]      11 of    79 ms ( 13.2%): Thread-5
[6.748s][info   ][gc,stats    ]      70 of    79 ms ( 88.3%): <total>
[6.748s][info   ][gc,stats    ]       4 of    79 ms (  4.6%): <average total>
[6.748s][info   ][gc,stats    ]      12 of    79 ms ( 14.7%): <average non-zero>
[6.748s][info   ][gc,stats    ] 
[6.748s][info   ][gc,metaspace] Metaspace: 213K(448K)->213K(448K) NonClass: 204K(320K)->204K(320K) Class: 9K(128K)->9K(128K)
[6.748s][info   ][gc,ergo     ] Pacer for Idle. Initial: 41943K, Alloc Tax Rate: 1.0x
[6.780s][info   ][gc          ] Trigger: Average GC time (55.32 ms) is above the time for average allocation rate (14854 MB/s) to deplete free headroom (817M) (margin of error = 1.88)
[6.780s][info   ][gc,ergo     ] Free headroom: 920M (free) - 102M (spike) - 0B (penalties) = 817M
[6.780s][info   ][gc,ergo     ] Free: 920M, Max: 1024K regular, 774M humongous, Frag: 16% external, 0% internal; Reserve: 103M, Max: 1024K
[6.780s][info   ][gc,start    ] GC(98) Concurrent reset
[6.780s][info   ][gc,task     ] GC(98) Using 1 of 2 workers for concurrent reset
[6.780s][info   ][gc,ergo     ] GC(98) Pacer for Reset. Non-Taxable: 2048M
[6.783s][info   ][gc          ] GC(98) Concurrent reset 2.722ms
[6.786s][info   ][gc,start    ] GC(98) Pause Init Mark (unload classes)
[6.786s][info   ][gc,task     ] GC(98) Using 2 of 2 workers for init marking
[6.786s][info   ][gc,ergo     ] GC(98) Pacer for Mark. Expected Live: 92096K, Free: 844M, Non-Taxable: 86425K, Alloc Tax Rate: 0.1x
[6.786s][info   ][gc          ] GC(98) Pause Init Mark (unload classes) 0.130ms
[6.787s][info   ][gc,start    ] GC(98) Concurrent marking roots
[6.787s][info   ][gc,task     ] GC(98) Using 1 of 2 workers for concurrent marking roots
[6.791s][info   ][gc          ] GC(98) Concurrent marking roots 3.538ms
[6.791s][info   ][gc,start    ] GC(98) Concurrent marking (unload classes)
[6.791s][info   ][gc,task     ] GC(98) Using 1 of 2 workers for concurrent marking
[6.797s][info   ][gc          ] GC(98) Concurrent marking (unload classes) 6.220ms
[6.798s][info   ][gc,start    ] GC(98) Pause Final Mark (unload classes)
[6.798s][info   ][gc,task     ] GC(98) Using 2 of 2 workers for final marking
[6.798s][info   ][gc,ergo     ] GC(98) Collectable Garbage: 456M (98%), Immediate: 456M (98%), CSet: 0B (0%)
[6.798s][info   ][gc          ] GC(98) Pause Final Mark (unload classes) 0.326ms
[6.805s][info   ][gc,start    ] GC(98) Concurrent weak references
[6.805s][info   ][gc,task     ] GC(98) Using 1 of 2 workers for concurrent weak references
[6.805s][info   ][gc,ref      ] GC(98) Encountered references: Soft: 11, Weak: 37, Final: 0, Phantom: 5
[6.805s][info   ][gc,ref      ] GC(98) Discovered  references: Soft: 0, Weak: 11, Final: 0, Phantom: 5
[6.805s][info   ][gc,ref      ] GC(98) Enqueued    references: Soft: 0, Weak: 0, Final: 0, Phantom: 0
[6.805s][info   ][gc          ] GC(98) Concurrent weak references 0.229ms
[6.805s][info   ][gc,start    ] GC(98) Concurrent weak roots
[6.805s][info   ][gc,task     ] GC(98) Using 1 of 2 workers for concurrent weak root
[6.817s][info   ][gc          ] GC(98) Concurrent weak roots 12.183ms
[6.817s][info   ][gc,start    ] GC(98) Concurrent cleanup
[6.818s][info   ][gc          ] GC(98) Concurrent cleanup 798M->346M(2048M) 0.616ms
[6.818s][info   ][gc,ergo     ] GC(98) Free: 1260M, Max: 1024K regular, 356M humongous, Frag: 72% external, 0% internal; Reserve: 103M, Max: 1024K
[6.818s][info   ][gc,start    ] GC(98) Concurrent class unloading
[6.818s][info   ][gc,task     ] GC(98) Using 1 of 2 workers for concurrent class unloading
[6.829s][info   ][gc          ] GC(98) Concurrent class unloading 10.754ms
[6.830s][info   ][gc,start    ] GC(98) Pause Final Roots
[6.830s][info   ][gc          ] GC(98) Pause Final Roots 0.048ms
[6.837s][info   ][gc,ergo     ] Free: 968M, Max: 1024K regular, 356M humongous, Frag: 64% external, 0% internal; Reserve: 103M, Max: 1024K
[6.837s][info   ][gc,stats    ] 
[6.837s][info   ][gc,stats    ] All times are wall-clock times, except per-root-class counters, that are sum over
[6.837s][info   ][gc,stats    ] all workers. Dividing the <total> over the root stage time estimates parallelism.
[6.837s][info   ][gc,stats    ] 
[6.837s][info   ][gc,stats    ] Concurrent Reset                   2789 us
[6.837s][info   ][gc,stats    ] Pause Init Mark (G)                4728 us
[6.837s][info   ][gc,stats    ] Pause Init Mark (N)                 137 us
[6.837s][info   ][gc,stats    ]   Update Region States               68 us
[6.837s][info   ][gc,stats    ] Concurrent Mark Roots              3575 us, parallelism: 0.93x
[6.837s][info   ][gc,stats    ]   CMR: <total>                     3343 us
[6.837s][info   ][gc,stats    ]   CMR: Thread Roots                3271 us, workers (us): 3271, ---, 
[6.837s][info   ][gc,stats    ]   CMR: VM Strong Roots               11 us, workers (us):  11, ---, 
[6.837s][info   ][gc,stats    ]   CMR: CLDG Roots                    61 us, workers (us):  61, ---, 
[6.837s][info   ][gc,stats    ] Concurrent Marking                 6253 us
[6.837s][info   ][gc,stats    ] Pause Final Mark (G)               7475 us
[6.837s][info   ][gc,stats    ] Pause Final Mark (N)                335 us
[6.837s][info   ][gc,stats    ]   Finish Mark                        73 us
[6.837s][info   ][gc,stats    ]   Update Region States               78 us
[6.837s][info   ][gc,stats    ]   Choose Collection Set              82 us
[6.837s][info   ][gc,stats    ]   Rebuild Free Set                    9 us
[6.837s][info   ][gc,stats    ] Concurrent Weak References          237 us, parallelism: 0.03x
[6.837s][info   ][gc,stats    ]   CWRF: <total>                       7 us
[6.837s][info   ][gc,stats    ]   CWRF: Weak References               7 us, workers (us):   7, ---, 
[6.837s][info   ][gc,stats    ] Concurrent Weak Roots             12272 us
[6.837s][info   ][gc,stats    ]   Roots                            4470 us, parallelism: 0.04x
[6.837s][info   ][gc,stats    ]     CWR: <total>                    169 us
[6.837s][info   ][gc,stats    ]     CWR: Code Cache Roots           104 us, workers (us): 104, ---, 
[6.837s][info   ][gc,stats    ]     CWR: VM Weak Roots               60 us, workers (us):  60, ---, 
[6.837s][info   ][gc,stats    ]     CWR: CLDG Roots                   5 us, workers (us):   5, ---, 
[6.837s][info   ][gc,stats    ]   Rendezvous                       7695 us
[6.837s][info   ][gc,stats    ] Concurrent Cleanup                  667 us
[6.837s][info   ][gc,stats    ] Concurrent Class Unloading        10907 us
[6.837s][info   ][gc,stats    ]   Unlink Stale                     1877 us
[6.837s][info   ][gc,stats    ]     System Dictionary                56 us
[6.837s][info   ][gc,stats    ]     Weak Class Links                  1 us
[6.837s][info   ][gc,stats    ]     Code Roots                     1812 us
[6.837s][info   ][gc,stats    ]   Rendezvous                       8737 us
[6.837s][info   ][gc,stats    ]   Purge Unlinked                     94 us
[6.837s][info   ][gc,stats    ]     Code Roots                       68 us
[6.837s][info   ][gc,stats    ]     CLDG                             24 us
[6.837s][info   ][gc,stats    ]     Exception Caches                  1 us
[6.837s][info   ][gc,stats    ] Pause Final Roots (G)              7891 us
[6.837s][info   ][gc,stats    ] Pause Final Roots (N)                59 us
[6.837s][info   ][gc,stats    ] Pacing                            94246 us
[6.837s][info   ][gc,stats    ] 
[6.837s][info   ][gc,stats    ] Allocation pacing accrued:
[6.837s][info   ][gc,stats    ]      14 of    90 ms ( 15.6%): Thread-0
[6.837s][info   ][gc,stats    ]       6 of    90 ms (  7.1%): Thread-1
[6.837s][info   ][gc,stats    ]       4 of    90 ms (  4.0%): Thread-2
[6.837s][info   ][gc,stats    ]      17 of    90 ms ( 18.5%): Thread-3
[6.837s][info   ][gc,stats    ]      11 of    90 ms ( 12.3%): Thread-4
[6.837s][info   ][gc,stats    ]       7 of    90 ms (  8.1%): Thread-5
[6.837s][info   ][gc,stats    ]      21 of    90 ms ( 23.2%): Thread-6
[6.837s][info   ][gc,stats    ]      15 of    90 ms ( 16.2%): Thread-7
[6.837s][info   ][gc,stats    ]      94 of    90 ms (105.1%): <total>
[6.837s][info   ][gc,stats    ]       5 of    90 ms (  5.5%): <average total>
[6.837s][info   ][gc,stats    ]      12 of    90 ms ( 13.1%): <average non-zero>
[6.837s][info   ][gc,stats    ] 
[6.837s][info   ][gc,metaspace] Metaspace: 213K(448K)->213K(448K) NonClass: 204K(320K)->204K(320K) Class: 9K(128K)->9K(128K)
[6.837s][info   ][gc,ergo     ] Pacer for Idle. Initial: 41943K, Alloc Tax Rate: 1.0x
[6.838s][info   ][gc          ] Trigger: Average GC time (69.46 ms) is above the time for average allocation rate (14878 MB/s) to deplete free headroom (859M) (margin of error = 1.89)
[6.839s][info   ][gc,ergo     ] Free headroom: 962M (free) - 102M (spike) - 0B (penalties) = 859M
[6.839s][info   ][gc,ergo     ] Free: 962M, Max: 1024K regular, 356M humongous, Frag: 63% external, 0% internal; Reserve: 103M, Max: 1024K
[6.839s][info   ][gc,start    ] GC(99) Concurrent reset
[6.839s][info   ][gc,task     ] GC(99) Using 1 of 2 workers for concurrent reset
[6.839s][info   ][gc,ergo     ] GC(99) Pacer for Reset. Non-Taxable: 2048M
[6.840s][info   ][gc          ] GC(99) Concurrent reset 1.113ms
[6.840s][info   ][gc,start    ] GC(99) Pause Init Mark (unload classes)
[6.840s][info   ][gc,task     ] GC(99) Using 2 of 2 workers for init marking
[6.840s][info   ][gc,ergo     ] GC(99) Pacer for Mark. Expected Live: 92301K, Free: 950M, Non-Taxable: 97280K, Alloc Tax Rate: 0.1x
[6.840s][info   ][gc          ] GC(99) Pause Init Mark (unload classes) 0.126ms
[6.840s][info   ][gc,start    ] GC(99) Concurrent marking roots
[6.840s][info   ][gc,task     ] GC(99) Using 1 of 2 workers for concurrent marking roots
[6.841s][info   ][gc          ] GC(99) Concurrent marking roots 0.331ms
[6.841s][info   ][gc,start    ] GC(99) Concurrent marking (unload classes)
[6.841s][info   ][gc,task     ] GC(99) Using 1 of 2 workers for concurrent marking
[6.867s][info   ][gc          ] GC(99) Concurrent marking (unload classes) 26.799ms
[6.869s][info   ][gc,start    ] GC(99) Pause Final Mark (unload classes)
[6.869s][info   ][gc,task     ] GC(99) Using 2 of 2 workers for final marking
[6.870s][info   ][gc,ergo     ] GC(99) Collectable Garbage: 440M (98%), Immediate: 440M (98%), CSet: 0B (0%)
[6.870s][info   ][gc          ] GC(99) Pause Final Mark (unload classes) 0.383ms
[6.870s][info   ][gc,start    ] GC(99) Concurrent weak references
[6.870s][info   ][gc,task     ] GC(99) Using 1 of 2 workers for concurrent weak references
[6.870s][info   ][gc,ref      ] GC(99) Encountered references: Soft: 11, Weak: 37, Final: 0, Phantom: 5
[6.870s][info   ][gc,ref      ] GC(99) Discovered  references: Soft: 0, Weak: 11, Final: 0, Phantom: 5
[6.870s][info   ][gc,ref      ] GC(99) Enqueued    references: Soft: 0, Weak: 0, Final: 0, Phantom: 0
[6.870s][info   ][gc          ] GC(99) Concurrent weak references 0.224ms
[6.870s][info   ][gc,start    ] GC(99) Concurrent weak roots
[6.870s][info   ][gc,task     ] GC(99) Using 1 of 2 workers for concurrent weak root
[6.876s][info   ][gc          ] GC(99) Concurrent weak roots 6.135ms
[6.876s][info   ][gc,start    ] GC(99) Concurrent cleanup
[6.877s][info   ][gc          ] GC(99) Concurrent cleanup 778M->342M(2048M) 0.719ms
[6.877s][info   ][gc,ergo     ] GC(99) Free: 1268M, Max: 1024K regular, 360M humongous, Frag: 72% external, 0% internal; Reserve: 103M, Max: 1024K
[6.877s][info   ][gc,start    ] GC(99) Concurrent class unloading
[6.877s][info   ][gc,task     ] GC(99) Using 1 of 2 workers for concurrent class unloading
[6.879s][info   ][gc          ] GC(99) Concurrent class unloading 1.480ms
[6.879s][info   ][gc,start    ] GC(99) Pause Final Roots
[6.879s][info   ][gc          ] GC(99) Pause Final Roots 0.025ms
[6.879s][info   ][gc,ergo     ] Free: 1258M, Max: 1024K regular, 360M humongous, Frag: 72% external, 0% internal; Reserve: 103M, Max: 1024K
[6.879s][info   ][gc,stats    ] 
[6.879s][info   ][gc,stats    ] All times are wall-clock times, except per-root-class counters, that are sum over
[6.879s][info   ][gc,stats    ] all workers. Dividing the <total> over the root stage time estimates parallelism.
[6.879s][info   ][gc,stats    ] 
[6.879s][info   ][gc,stats    ] Concurrent Reset                   1141 us
[6.879s][info   ][gc,stats    ] Pause Init Mark (G)                 533 us
[6.879s][info   ][gc,stats    ] Pause Init Mark (N)                 133 us
[6.879s][info   ][gc,stats    ]   Update Region States               73 us
[6.879s][info   ][gc,stats    ] Concurrent Mark Roots               344 us, parallelism: 0.66x
[6.879s][info   ][gc,stats    ]   CMR: <total>                      228 us
[6.879s][info   ][gc,stats    ]   CMR: Thread Roots                 194 us, workers (us): 194, ---, 
[6.879s][info   ][gc,stats    ]   CMR: VM Strong Roots                6 us, workers (us):   6, ---, 
[6.879s][info   ][gc,stats    ]   CMR: CLDG Roots                    28 us, workers (us):  28, ---, 
[6.879s][info   ][gc,stats    ] Concurrent Marking                26954 us
[6.879s][info   ][gc,stats    ] Pause Final Mark (G)               2271 us
[6.879s][info   ][gc,stats    ] Pause Final Mark (N)                398 us
[6.879s][info   ][gc,stats    ]   Finish Mark                        64 us
[6.879s][info   ][gc,stats    ]   Update Region States               78 us
[6.879s][info   ][gc,stats    ]   Choose Collection Set             151 us
[6.879s][info   ][gc,stats    ]   Rebuild Free Set                   18 us
[6.879s][info   ][gc,stats    ] Concurrent Weak References          236 us, parallelism: 0.06x
[6.879s][info   ][gc,stats    ]   CWRF: <total>                      14 us
[6.879s][info   ][gc,stats    ]   CWRF: Weak References              14 us, workers (us):  14, ---, 
[6.879s][info   ][gc,stats    ] Concurrent Weak Roots              6255 us
[6.879s][info   ][gc,stats    ]   Roots                             220 us, parallelism: 0.77x
[6.879s][info   ][gc,stats    ]     CWR: <total>                    169 us
[6.879s][info   ][gc,stats    ]     CWR: Code Cache Roots            85 us, workers (us):  85, ---, 
[6.879s][info   ][gc,stats    ]     CWR: VM Weak Roots               77 us, workers (us):  77, ---, 
[6.879s][info   ][gc,stats    ]     CWR: CLDG Roots                   7 us, workers (us):   7, ---, 
[6.879s][info   ][gc,stats    ]   Rendezvous                       5887 us
[6.879s][info   ][gc,stats    ] Concurrent Cleanup                  777 us
[6.879s][info   ][gc,stats    ] Concurrent Class Unloading         1518 us
[6.879s][info   ][gc,stats    ]   Unlink Stale                      478 us
[6.879s][info   ][gc,stats    ]     System Dictionary                20 us
[6.879s][info   ][gc,stats    ]     Weak Class Links                  2 us
[6.879s][info   ][gc,stats    ]     Code Roots                      450 us
[6.879s][info   ][gc,stats    ]   Rendezvous                        926 us
[6.879s][info   ][gc,stats    ]   Purge Unlinked                     42 us
[6.879s][info   ][gc,stats    ]     Code Roots                       23 us
[6.879s][info   ][gc,stats    ]     CLDG                             16 us
[6.879s][info   ][gc,stats    ]     Exception Caches                  0 us
[6.879s][info   ][gc,stats    ] Pause Final Roots (G)               131 us
[6.879s][info   ][gc,stats    ] Pause Final Roots (N)                34 us
[6.879s][info   ][gc,stats    ] Pacing                            40409 us
[6.879s][info   ][gc,stats    ] 
[6.879s][info   ][gc,stats    ] Allocation pacing accrued:
[6.879s][info   ][gc,stats    ]       8 of    42 ms ( 19.5%): Thread-0
[6.879s][info   ][gc,stats    ]       6 of    42 ms ( 13.8%): Thread-1
[6.879s][info   ][gc,stats    ]       9 of    42 ms ( 20.8%): Thread-2
[6.879s][info   ][gc,stats    ]       5 of    42 ms ( 11.8%): Thread-3
[6.879s][info   ][gc,stats    ]       8 of    42 ms ( 19.5%): Thread-4
[6.879s][info   ][gc,stats    ]       5 of    42 ms ( 10.8%): Thread-5
[6.879s][info   ][gc,stats    ]      40 of    42 ms ( 96.3%): <total>
[6.879s][info   ][gc,stats    ]       2 of    42 ms (  5.1%): <average total>
[6.879s][info   ][gc,stats    ]       7 of    42 ms ( 16.0%): <average non-zero>
[6.879s][info   ][gc,stats    ] 
[6.879s][info   ][gc,metaspace] Metaspace: 213K(448K)->213K(448K) NonClass: 204K(320K)->204K(320K) Class: 9K(128K)->9K(128K)
[6.879s][info   ][gc,ergo     ] Pacer for Idle. Initial: 41943K, Alloc Tax Rate: 1.0x
[6.900s][info   ][gc          ] Trigger: Average GC time (60.88 ms) is above the time for average allocation rate (14889 MB/s) to deplete free headroom (889M) (margin of error = 1.90)
[6.900s][info   ][gc,ergo     ] Free headroom: 992M (free) - 102M (spike) - 0B (penalties) = 889M
[6.900s][info   ][gc,ergo     ] Free: 992M, Max: 1024K regular, 360M humongous, Frag: 64% external, 0% internal; Reserve: 103M, Max: 1024K
[6.900s][info   ][gc,start    ] GC(100) Concurrent reset
[6.900s][info   ][gc,task     ] GC(100) Using 1 of 2 workers for concurrent reset
[6.900s][info   ][gc,ergo     ] GC(100) Pacer for Reset. Non-Taxable: 2048M
[6.904s][info   ][gc          ] GC(100) Concurrent reset 3.563ms
[6.908s][info   ][gc,start    ] GC(100) Pause Init Mark (unload classes)
[6.908s][info   ][gc,task     ] GC(100) Using 2 of 2 workers for init marking
[6.908s][info   ][gc,ergo     ] GC(100) Pacer for Mark. Expected Live: 82061K, Free: 878M, Non-Taxable: 89907K, Alloc Tax Rate: 0.1x
[6.908s][info   ][gc          ] GC(100) Pause Init Mark (unload classes) 0.208ms
[6.914s][info   ][gc,start    ] GC(100) Concurrent marking roots
[6.914s][info   ][gc,task     ] GC(100) Using 1 of 2 workers for concurrent marking roots
[6.914s][info   ][gc          ] GC(100) Concurrent marking roots 0.727ms
[6.914s][info   ][gc,start    ] GC(100) Concurrent marking (unload classes)
[6.914s][info   ][gc,task     ] GC(100) Using 1 of 2 workers for concurrent marking
[6.928s][info   ][gc          ] GC(100) Concurrent marking (unload classes) 13.779ms
[6.929s][info   ][gc,start    ] GC(100) Pause Final Mark (unload classes)
[6.929s][info   ][gc,task     ] GC(100) Using 2 of 2 workers for final marking
[6.930s][info   ][gc,ergo     ] GC(100) Collectable Garbage: 485M (98%), Immediate: 485M (98%), CSet: 0B (0%)
[6.930s][info   ][gc          ] GC(100) Pause Final Mark (unload classes) 0.341ms
[6.936s][info   ][gc,start    ] GC(100) Concurrent weak references
[6.936s][info   ][gc,task     ] GC(100) Using 1 of 2 workers for concurrent weak references
[6.936s][info   ][gc,ref      ] GC(100) Encountered references: Soft: 11, Weak: 37, Final: 0, Phantom: 5
[6.936s][info   ][gc,ref      ] GC(100) Discovered  references: Soft: 0, Weak: 11, Final: 0, Phantom: 5
[6.936s][info   ][gc,ref      ] GC(100) Enqueued    references: Soft: 0, Weak: 0, Final: 0, Phantom: 0
[6.936s][info   ][gc          ] GC(100) Concurrent weak references 0.353ms
[6.936s][info   ][gc,start    ] GC(100) Concurrent weak roots
[6.936s][info   ][gc,task     ] GC(100) Using 1 of 2 workers for concurrent weak root
[6.940s][info   ][gc          ] GC(100) Concurrent weak roots 4.033ms
[6.940s][info   ][gc,start    ] GC(100) Concurrent cleanup
[6.942s][info   ][gc          ] GC(100) Concurrent cleanup 770M->297M(2048M) 1.591ms
[6.942s][info   ][gc,ergo     ] GC(100) Free: 1358M, Max: 1024K regular, 420M humongous, Frag: 70% external, 0% internal; Reserve: 103M, Max: 1024K
[6.942s][info   ][gc,start    ] GC(100) Concurrent class unloading
[6.942s][info   ][gc,task     ] GC(100) Using 1 of 2 workers for concurrent class unloading
[6.943s][info   ][gc          ] GC(100) Concurrent class unloading 1.028ms
[6.943s][info   ][gc,start    ] GC(100) Pause Final Roots
[6.943s][info   ][gc          ] GC(100) Pause Final Roots 0.028ms
[6.943s][info   ][gc,ergo     ] Free: 1352M, Max: 1024K regular, 420M humongous, Frag: 69% external, 0% internal; Reserve: 103M, Max: 1024K
[6.943s][info   ][gc,stats    ] 
[6.943s][info   ][gc,stats    ] All times are wall-clock times, except per-root-class counters, that are sum over
[6.943s][info   ][gc,stats    ] all workers. Dividing the <total> over the root stage time estimates parallelism.
[6.943s][info   ][gc,stats    ] 
[6.943s][info   ][gc,stats    ] Concurrent Reset                   3672 us
[6.943s][info   ][gc,stats    ] Pause Init Mark (G)                9743 us
[6.943s][info   ][gc,stats    ] Pause Init Mark (N)                 218 us
[6.943s][info   ][gc,stats    ]   Update Region States              112 us
[6.943s][info   ][gc,stats    ] Concurrent Mark Roots               756 us, parallelism: 0.39x
[6.943s][info   ][gc,stats    ]   CMR: <total>                      294 us
[6.943s][info   ][gc,stats    ]   CMR: Thread Roots                 215 us, workers (us): 215, ---, 
[6.943s][info   ][gc,stats    ]   CMR: VM Strong Roots               14 us, workers (us):  14, ---, 
[6.943s][info   ][gc,stats    ]   CMR: CLDG Roots                    64 us, workers (us):  64, ---, 
[6.943s][info   ][gc,stats    ] Concurrent Marking                14031 us
[6.943s][info   ][gc,stats    ] Pause Final Mark (G)               7051 us
[6.943s][info   ][gc,stats    ] Pause Final Mark (N)                351 us
[6.943s][info   ][gc,stats    ]   Finish Mark                        71 us
[6.943s][info   ][gc,stats    ]   Update Region States              108 us
[6.943s][info   ][gc,stats    ]   Choose Collection Set              91 us
[6.943s][info   ][gc,stats    ]   Rebuild Free Set                    9 us
[6.943s][info   ][gc,stats    ] Concurrent Weak References          366 us, parallelism: 0.04x
[6.943s][info   ][gc,stats    ]   CWRF: <total>                      16 us
[6.943s][info   ][gc,stats    ]   CWRF: Weak References              16 us, workers (us):  16, ---, 
[6.943s][info   ][gc,stats    ] Concurrent Weak Roots              4193 us
[6.943s][info   ][gc,stats    ]   Roots                             261 us, parallelism: 0.77x
[6.943s][info   ][gc,stats    ]     CWR: <total>                    201 us
[6.943s][info   ][gc,stats    ]     CWR: Code Cache Roots           134 us, workers (us): 134, ---, 
[6.943s][info   ][gc,stats    ]     CWR: VM Weak Roots               64 us, workers (us):  64, ---, 
[6.943s][info   ][gc,stats    ]     CWR: CLDG Roots                   3 us, workers (us):   3, ---, 
[6.943s][info   ][gc,stats    ]   Rendezvous                       3746 us
[6.943s][info   ][gc,stats    ] Concurrent Cleanup                 1671 us
[6.943s][info   ][gc,stats    ] Concurrent Class Unloading         1052 us
[6.943s][info   ][gc,stats    ]   Unlink Stale                      614 us
[6.943s][info   ][gc,stats    ]     System Dictionary                28 us
[6.943s][info   ][gc,stats    ]     Weak Class Links                  3 us
[6.943s][info   ][gc,stats    ]     Code Roots                      572 us
[6.943s][info   ][gc,stats    ]   Rendezvous                        292 us
[6.943s][info   ][gc,stats    ]   Purge Unlinked                     39 us
[6.943s][info   ][gc,stats    ]     Code Roots                       21 us
[6.943s][info   ][gc,stats    ]     CLDG                             16 us
[6.943s][info   ][gc,stats    ]     Exception Caches                  1 us
[6.943s][info   ][gc,stats    ] Pause Final Roots (G)               182 us
[6.943s][info   ][gc,stats    ] Pause Final Roots (N)                42 us
[6.943s][info   ][gc,stats    ] Pacing                            57166 us
[6.943s][info   ][gc,stats    ] 
[6.943s][info   ][gc,stats    ] Allocation pacing accrued:
[6.943s][info   ][gc,stats    ]       5 of    64 ms (  8.3%): Thread-0
[6.943s][info   ][gc,stats    ]       8 of    64 ms ( 12.8%): Thread-1
[6.943s][info   ][gc,stats    ]       8 of    64 ms ( 12.5%): Thread-2
[6.943s][info   ][gc,stats    ]       8 of    64 ms ( 12.2%): Thread-3
[6.943s][info   ][gc,stats    ]       6 of    64 ms (  8.8%): Thread-4
[6.943s][info   ][gc,stats    ]      14 of    64 ms ( 22.1%): Thread-6
[6.943s][info   ][gc,stats    ]       8 of    64 ms ( 12.4%): Thread-7
[6.943s][info   ][gc,stats    ]      57 of    64 ms ( 89.1%): <total>
[6.943s][info   ][gc,stats    ]       3 of    64 ms (  4.7%): <average total>
[6.944s][info   ][gc,stats    ]       8 of    64 ms ( 12.7%): <average non-zero>
[6.944s][info   ][gc,stats    ] 
[6.944s][info   ][gc,metaspace] Metaspace: 213K(448K)->213K(448K) NonClass: 204K(320K)->204K(320K) Class: 9K(128K)->9K(128K)
[6.944s][info   ][gc,ergo     ] Pacer for Idle. Initial: 41943K, Alloc Tax Rate: 1.0x
[6.975s][info   ][gc          ] Trigger: Average GC time (55.46 ms) is above the time for average allocation rate (14889 MB/s) to deplete free headroom (807M) (margin of error = 1.90)
[6.975s][info   ][gc,ergo     ] Free headroom: 910M (free) - 102M (spike) - 0B (penalties) = 807M
[6.975s][info   ][gc,ergo     ] Free: 906M, Max: 1024K regular, 420M humongous, Frag: 54% external, 0% internal; Reserve: 103M, Max: 1024K
[6.975s][info   ][gc,start    ] GC(101) Concurrent reset
[6.975s][info   ][gc,task     ] GC(101) Using 1 of 2 workers for concurrent reset
[6.975s][info   ][gc,ergo     ] GC(101) Pacer for Reset. Non-Taxable: 2048M
[6.976s][info   ][gc          ] GC(101) Concurrent reset 0.909ms
[6.981s][info   ][gc,start    ] GC(101) Pause Init Mark (unload classes)
[6.981s][info   ][gc,task     ] GC(101) Using 2 of 2 workers for init marking
[6.981s][info   ][gc,ergo     ] GC(101) Pacer for Mark. Expected Live: 66701K, Free: 840M, Non-Taxable: 86016K, Alloc Tax Rate: 0.1x
[6.981s][info   ][gc          ] GC(101) Pause Init Mark (unload classes) 0.129ms
[6.981s][info   ][gc,start    ] GC(101) Concurrent marking roots
[6.981s][info   ][gc,task     ] GC(101) Using 1 of 2 workers for concurrent marking roots
[6.986s][info   ][gc          ] GC(101) Concurrent marking roots 4.601ms
[6.986s][info   ][gc,start    ] GC(101) Concurrent marking (unload classes)
[6.986s][info   ][gc,task     ] GC(101) Using 1 of 2 workers for concurrent marking
[6.988s][info   ][gc          ] GC(101) Concurrent marking (unload classes) 1.940ms
[6.989s][info   ][gc,start    ] GC(101) Pause Final Mark (unload classes)
[6.989s][info   ][gc,task     ] GC(101) Using 2 of 2 workers for final marking
[6.989s][info   ][gc,ergo     ] GC(101) Collectable Garbage: 518M (98%), Immediate: 518M (98%), CSet: 0B (0%)
[6.989s][info   ][gc          ] GC(101) Pause Final Mark (unload classes) 0.307ms
[6.989s][info   ][gc,start    ] GC(101) Concurrent weak references
[6.989s][info   ][gc,task     ] GC(101) Using 1 of 2 workers for concurrent weak references
[6.989s][info   ][gc,ref      ] GC(101) Encountered references: Soft: 11, Weak: 37, Final: 0, Phantom: 5
[6.989s][info   ][gc,ref      ] GC(101) Discovered  references: Soft: 0, Weak: 11, Final: 0, Phantom: 5
[6.989s][info   ][gc,ref      ] GC(101) Enqueued    references: Soft: 0, Weak: 0, Final: 0, Phantom: 0
[6.989s][info   ][gc          ] GC(101) Concurrent weak references 0.060ms
[6.989s][info   ][gc,start    ] GC(101) Concurrent weak roots
[6.989s][info   ][gc,task     ] GC(101) Using 1 of 2 workers for concurrent weak root
[6.992s][info   ][gc          ] GC(101) Concurrent weak roots 2.701ms
[6.992s][info   ][gc,start    ] GC(101) Concurrent cleanup
[6.993s][info   ][gc          ] GC(101) Concurrent cleanup 628M->115M(2048M) 0.677ms
[6.993s][info   ][gc,ergo     ] GC(101) Free: 1722M, Max: 1024K regular, 1162M humongous, Frag: 33% external, 0% internal; Reserve: 103M, Max: 1024K
[6.993s][info   ][gc,start    ] GC(101) Concurrent class unloading
[6.993s][info   ][gc,task     ] GC(101) Using 1 of 2 workers for concurrent class unloading
[6.993s][info   ][gc          ] GC(101) Concurrent class unloading 0.842ms
[6.994s][info   ][gc,start    ] GC(101) Pause Final Roots
[6.994s][info   ][gc          ] GC(101) Pause Final Roots 0.019ms
[6.994s][info   ][gc,ergo     ] Free: 1706M, Max: 1024K regular, 1162M humongous, Frag: 32% external, 0% internal; Reserve: 103M, Max: 1024K
[6.994s][info   ][gc,stats    ] 
[6.994s][info   ][gc,stats    ] All times are wall-clock times, except per-root-class counters, that are sum over
[6.994s][info   ][gc,stats    ] all workers. Dividing the <total> over the root stage time estimates parallelism.
[6.994s][info   ][gc,stats    ] 
[6.994s][info   ][gc,stats    ] Concurrent Reset                    971 us
[6.994s][info   ][gc,stats    ] Pause Init Mark (G)                4514 us
[6.994s][info   ][gc,stats    ] Pause Init Mark (N)                 137 us
[6.994s][info   ][gc,stats    ]   Update Region States               62 us
[6.994s][info   ][gc,stats    ] Concurrent Mark Roots              5499 us, parallelism: 0.05x
[6.994s][info   ][gc,stats    ]   CMR: <total>                      260 us
[6.994s][info   ][gc,stats    ]   CMR: Thread Roots                 197 us, workers (us): 197, ---, 
[6.994s][info   ][gc,stats    ]   CMR: VM Strong Roots               13 us, workers (us):  13, ---, 
[6.994s][info   ][gc,stats    ]   CMR: CLDG Roots                    50 us, workers (us):  50, ---, 
[6.994s][info   ][gc,stats    ] Concurrent Marking                 1968 us
[6.994s][info   ][gc,stats    ] Pause Final Mark (G)                641 us
[6.994s][info   ][gc,stats    ] Pause Final Mark (N)                315 us
[6.995s][info   ][gc,stats    ]   Finish Mark                        86 us
[6.995s][info   ][gc,stats    ]   Update Region States               80 us
[6.995s][info   ][gc,stats    ]   Choose Collection Set              97 us
[6.995s][info   ][gc,stats    ]   Rebuild Free Set                    9 us
[6.995s][info   ][gc,stats    ] Concurrent Weak References           66 us, parallelism: 0.05x
[6.995s][info   ][gc,stats    ]   CWRF: <total>                       4 us
[6.995s][info   ][gc,stats    ]   CWRF: Weak References               4 us, workers (us):   4, ---, 
[6.995s][info   ][gc,stats    ] Concurrent Weak Roots              2777 us
[6.995s][info   ][gc,stats    ]   Roots                            1517 us, parallelism: 0.06x
[6.995s][info   ][gc,stats    ]     CWR: <total>                     88 us
[6.995s][info   ][gc,stats    ]     CWR: Code Cache Roots            47 us, workers (us):  47, ---, 
[6.995s][info   ][gc,stats    ]     CWR: VM Weak Roots               38 us, workers (us):  38, ---, 
[6.995s][info   ][gc,stats    ]     CWR: CLDG Roots                   3 us, workers (us):   3, ---, 
[6.995s][info   ][gc,stats    ]   Rendezvous                       1141 us
[6.995s][info   ][gc,stats    ] Concurrent Cleanup                  703 us
[6.995s][info   ][gc,stats    ] Concurrent Class Unloading          859 us
[6.995s][info   ][gc,stats    ]   Unlink Stale                      355 us
[6.995s][info   ][gc,stats    ]     System Dictionary                 7 us
[6.995s][info   ][gc,stats    ]     Weak Class Links                  1 us
[6.995s][info   ][gc,stats    ]     Code Roots                      343 us
[6.995s][info   ][gc,stats    ]   Rendezvous                        428 us
[6.995s][info   ][gc,stats    ]   Purge Unlinked                     39 us
[6.995s][info   ][gc,stats    ]     Code Roots                       20 us
[6.995s][info   ][gc,stats    ]     CLDG                             16 us
[6.995s][info   ][gc,stats    ]     Exception Caches                  0 us
[6.995s][info   ][gc,stats    ] Pause Final Roots (G)               809 us
[6.995s][info   ][gc,stats    ] Pause Final Roots (N)                27 us
[6.995s][info   ][gc,stats    ] Pacing                            68801 us
[6.995s][info   ][gc,stats    ] 
[6.995s][info   ][gc,stats    ] Allocation pacing accrued:
[6.995s][info   ][gc,stats    ]       7 of    51 ms ( 14.1%): Thread-0
[6.995s][info   ][gc,stats    ]      12 of    51 ms ( 23.4%): Thread-1
[6.995s][info   ][gc,stats    ]      10 of    51 ms ( 20.3%): Thread-2
[6.995s][info   ][gc,stats    ]       7 of    51 ms ( 14.6%): Thread-4
[6.995s][info   ][gc,stats    ]      16 of    51 ms ( 30.9%): Thread-5
[6.995s][info   ][gc,stats    ]       7 of    51 ms ( 13.0%): Thread-6
[6.995s][info   ][gc,stats    ]       9 of    51 ms ( 17.7%): Thread-7
[6.995s][info   ][gc,stats    ]      69 of    51 ms (133.9%): <total>
[6.995s][info   ][gc,stats    ]       4 of    51 ms (  7.0%): <average total>
[6.995s][info   ][gc,stats    ]      10 of    51 ms ( 19.1%): <average non-zero>
[6.995s][info   ][gc,stats    ] 
[6.995s][info   ][gc,metaspace] Metaspace: 213K(448K)->213K(448K) NonClass: 204K(320K)->204K(320K) Class: 9K(128K)->9K(128K)
[6.995s][info   ][gc,ergo     ] Pacer for Idle. Initial: 41943K, Alloc Tax Rate: 1.0x
[7.051s][info   ][gc          ] Trigger: Average GC time (55.67 ms) is above the time for average allocation rate (14865 MB/s) to deplete free headroom (823M) (margin of error = 1.88)
[7.051s][info   ][gc,ergo     ] Free headroom: 926M (free) - 102M (spike) - 0B (penalties) = 823M
[7.051s][info   ][gc,ergo     ] Free: 922M, Max: 1024K regular, 922M humongous, Frag: 0% external, 0% internal; Reserve: 103M, Max: 1024K
[7.051s][info   ][gc,start    ] GC(102) Concurrent reset
[7.051s][info   ][gc,task     ] GC(102) Using 1 of 2 workers for concurrent reset
[7.051s][info   ][gc,ergo     ] GC(102) Pacer for Reset. Non-Taxable: 2048M
[7.052s][info   ][gc          ] GC(102) Concurrent reset 0.966ms
[7.055s][info   ][gc,start    ] GC(102) Pause Init Mark (unload classes)
[7.055s][info   ][gc,task     ] GC(102) Using 2 of 2 workers for init marking
[7.055s][info   ][gc,ergo     ] GC(102) Pacer for Mark. Expected Live: 57280K, Free: 896M, Non-Taxable: 91750K, Alloc Tax Rate: 0.1x
[7.055s][info   ][gc          ] GC(102) Pause Init Mark (unload classes) 0.260ms
[7.055s][info   ][gc,start    ] GC(102) Concurrent marking roots
[7.055s][info   ][gc,task     ] GC(102) Using 1 of 2 workers for concurrent marking roots
[7.057s][info   ][gc          ] GC(102) Concurrent marking roots 1.220ms
[7.057s][info   ][gc,start    ] GC(102) Concurrent marking (unload classes)
[7.057s][info   ][gc,task     ] GC(102) Using 1 of 2 workers for concurrent marking
[7.082s][info   ][gc          ] GC(102) Concurrent marking (unload classes) 25.524ms
[7.083s][info   ][gc,start    ] GC(102) Pause Final Mark (unload classes)
[7.083s][info   ][gc,task     ] GC(102) Using 2 of 2 workers for final marking
[7.084s][info   ][gc,ergo     ] GC(102) Collectable Garbage: 477M (98%), Immediate: 477M (98%), CSet: 0B (0%)
[7.084s][info   ][gc          ] GC(102) Pause Final Mark (unload classes) 1.369ms
[7.085s][info   ][gc,start    ] GC(102) Concurrent weak references
[7.085s][info   ][gc,task     ] GC(102) Using 1 of 2 workers for concurrent weak references
[7.085s][info   ][gc,ref      ] GC(102) Encountered references: Soft: 11, Weak: 37, Final: 0, Phantom: 5
[7.085s][info   ][gc,ref      ] GC(102) Discovered  references: Soft: 0, Weak: 11, Final: 0, Phantom: 5
[7.085s][info   ][gc,ref      ] GC(102) Enqueued    references: Soft: 0, Weak: 0, Final: 0, Phantom: 0
[7.085s][info   ][gc          ] GC(102) Concurrent weak references 0.098ms
[7.085s][info   ][gc,start    ] GC(102) Concurrent weak roots
[7.085s][info   ][gc,task     ] GC(102) Using 1 of 2 workers for concurrent weak root
[7.094s][info   ][gc          ] GC(102) Concurrent weak roots 8.648ms
[7.094s][info   ][gc,start    ] GC(102) Concurrent cleanup
[7.095s][info   ][gc          ] GC(102) Concurrent cleanup 799M->329M(2048M) 0.768ms
[7.095s][info   ][gc,ergo     ] GC(102) Free: 1294M, Max: 1024K regular, 400M humongous, Frag: 70% external, 0% internal; Reserve: 103M, Max: 1024K
[7.095s][info   ][gc,start    ] GC(102) Concurrent class unloading
[7.095s][info   ][gc,task     ] GC(102) Using 1 of 2 workers for concurrent class unloading
[7.105s][info   ][gc          ] GC(102) Concurrent class unloading 9.514ms
[7.105s][info   ][gc,start    ] GC(102) Pause Final Roots
[7.105s][info   ][gc          ] GC(102) Pause Final Roots 0.028ms
[7.105s][info   ][gc,ergo     ] Free: 1176M, Max: 1024K regular, 400M humongous, Frag: 66% external, 0% internal; Reserve: 103M, Max: 1024K
[7.105s][info   ][gc,stats    ] 
[7.105s][info   ][gc,stats    ] All times are wall-clock times, except per-root-class counters, that are sum over
[7.105s][info   ][gc,stats    ] all workers. Dividing the <total> over the root stage time estimates parallelism.
[7.105s][info   ][gc,stats    ] 
[7.105s][info   ][gc,stats    ] Concurrent Reset                    988 us
[7.105s][info   ][gc,stats    ] Pause Init Mark (G)                3380 us
[7.105s][info   ][gc,stats    ] Pause Init Mark (N)                 274 us
[7.105s][info   ][gc,stats    ]   Update Region States              153 us
[7.105s][info   ][gc,stats    ] Concurrent Mark Roots              1253 us, parallelism: 0.92x
[7.105s][info   ][gc,stats    ]   CMR: <total>                     1149 us
[7.105s][info   ][gc,stats    ]   CMR: Thread Roots                1096 us, workers (us): 1096, ---, 
[7.105s][info   ][gc,stats    ]   CMR: VM Strong Roots                9 us, workers (us):   9, ---, 
[7.105s][info   ][gc,stats    ]   CMR: CLDG Roots                    44 us, workers (us):  44, ---, 
[7.105s][info   ][gc,stats    ] Concurrent Marking                25651 us
[7.105s][info   ][gc,stats    ] Pause Final Mark (G)               2947 us
[7.105s][info   ][gc,stats    ] Pause Final Mark (N)               1379 us
[7.105s][info   ][gc,stats    ]   Finish Mark                      1109 us
[7.105s][info   ][gc,stats    ]   Update Region States              121 us
[7.105s][info   ][gc,stats    ]   Choose Collection Set              83 us
[7.105s][info   ][gc,stats    ]   Rebuild Free Set                    9 us
[7.105s][info   ][gc,stats    ] Concurrent Weak References          107 us, parallelism: 0.11x
[7.105s][info   ][gc,stats    ]   CWRF: <total>                      11 us
[7.105s][info   ][gc,stats    ]   CWRF: Weak References              11 us, workers (us):  11, ---, 
[7.105s][info   ][gc,stats    ] Concurrent Weak Roots              8852 us
[7.105s][info   ][gc,stats    ]   Roots                             232 us, parallelism: 0.73x
[7.105s][info   ][gc,stats    ]     CWR: <total>                    168 us
[7.105s][info   ][gc,stats    ]     CWR: Code Cache Roots            94 us, workers (us):  94, ---, 
[7.105s][info   ][gc,stats    ]     CWR: VM Weak Roots               70 us, workers (us):  70, ---, 
[7.105s][info   ][gc,stats    ]     CWR: CLDG Roots                   4 us, workers (us):   4, ---, 
[7.105s][info   ][gc,stats    ]   Rendezvous                       8384 us
[7.105s][info   ][gc,stats    ] Concurrent Cleanup                  790 us
[7.105s][info   ][gc,stats    ] Concurrent Class Unloading         9566 us
[7.105s][info   ][gc,stats    ]   Unlink Stale                      448 us
[7.105s][info   ][gc,stats    ]     System Dictionary                13 us
[7.105s][info   ][gc,stats    ]     Weak Class Links                  1 us
[7.105s][info   ][gc,stats    ]     Code Roots                      428 us
[7.105s][info   ][gc,stats    ]   Rendezvous                       8830 us
[7.105s][info   ][gc,stats    ]   Purge Unlinked                    126 us
[7.105s][info   ][gc,stats    ]     Code Roots                      107 us
[7.105s][info   ][gc,stats    ]     CLDG                             16 us
[7.105s][info   ][gc,stats    ]     Exception Caches                  1 us
[7.105s][info   ][gc,stats    ] Pause Final Roots (G)               132 us
[7.105s][info   ][gc,stats    ] Pause Final Roots (N)                37 us
[7.105s][info   ][gc,stats    ] Pacing                            64370 us
[7.105s][info   ][gc,stats    ] 
[7.105s][info   ][gc,stats    ] Allocation pacing accrued:
[7.105s][info   ][gc,stats    ]      11 of   110 ms (  9.7%): Thread-0
[7.105s][info   ][gc,stats    ]      12 of   110 ms ( 10.8%): Thread-2
[7.105s][info   ][gc,stats    ]      11 of   110 ms ( 10.0%): Thread-3
[7.105s][info   ][gc,stats    ]      18 of   110 ms ( 15.9%): Thread-4
[7.105s][info   ][gc,stats    ]      13 of   110 ms ( 11.9%): Thread-7
[7.105s][info   ][gc,stats    ]      64 of   110 ms ( 58.3%): <total>
[7.105s][info   ][gc,stats    ]       3 of   110 ms (  3.1%): <average total>
[7.105s][info   ][gc,stats    ]      13 of   110 ms ( 11.7%): <average non-zero>
[7.105s][info   ][gc,stats    ] 
[7.105s][info   ][gc,metaspace] Metaspace: 213K(448K)->213K(448K) NonClass: 204K(320K)->204K(320K) Class: 9K(128K)->9K(128K)
[7.105s][info   ][gc,ergo     ] Pacer for Idle. Initial: 41943K, Alloc Tax Rate: 1.0x
[7.116s][info   ][gc          ] Trigger: Average GC time (70.07 ms) is above the time for average allocation rate (14879 MB/s) to deplete free headroom (1009M) (margin of error = 1.89)
[7.116s][info   ][gc,ergo     ] Free headroom: 1112M (free) - 102M (spike) - 0B (penalties) = 1009M
[7.116s][info   ][gc,ergo     ] Free: 1110M, Max: 1024K regular, 400M humongous, Frag: 64% external, 0% internal; Reserve: 103M, Max: 1024K
[7.116s][info   ][gc,start    ] GC(103) Concurrent reset
[7.116s][info   ][gc,task     ] GC(103) Using 1 of 2 workers for concurrent reset
[7.116s][info   ][gc,ergo     ] GC(103) Pacer for Reset. Non-Taxable: 2048M
[7.117s][info   ][gc          ] GC(103) Concurrent reset 1.395ms
[7.119s][info   ][gc,start    ] GC(103) Pause Init Mark (unload classes)
[7.119s][info   ][gc,task     ] GC(103) Using 2 of 2 workers for init marking
[7.119s][info   ][gc,ergo     ] GC(103) Pacer for Mark. Expected Live: 54822K, Free: 1086M, Non-Taxable: 108M, Alloc Tax Rate: 0.1x
[7.119s][info   ][gc          ] GC(103) Pause Init Mark (unload classes) 0.169ms
[7.119s][info   ][gc,start    ] GC(103) Concurrent marking roots
[7.119s][info   ][gc,task     ] GC(103) Using 1 of 2 workers for concurrent marking roots
[7.123s][info   ][gc          ] GC(103) Concurrent marking roots 3.340ms
[7.123s][info   ][gc,start    ] GC(103) Concurrent marking (unload classes)
[7.123s][info   ][gc,task     ] GC(103) Using 1 of 2 workers for concurrent marking
[7.137s][info   ][gc          ] GC(103) Concurrent marking (unload classes) 14.425ms
[7.139s][info   ][gc,start    ] GC(103) Pause Final Mark (unload classes)
[7.139s][info   ][gc,task     ] GC(103) Using 2 of 2 workers for final marking
[7.139s][info   ][gc,ergo     ] GC(103) Collectable Garbage: 333M (98%), Immediate: 333M (98%), CSet: 0B (0%)
[7.139s][info   ][gc          ] GC(103) Pause Final Mark (unload classes) 0.336ms
[7.139s][info   ][gc,start    ] GC(103) Concurrent weak references
[7.139s][info   ][gc,task     ] GC(103) Using 1 of 2 workers for concurrent weak references
[7.139s][info   ][gc,ref      ] GC(103) Encountered references: Soft: 11, Weak: 37, Final: 0, Phantom: 5
[7.139s][info   ][gc,ref      ] GC(103) Discovered  references: Soft: 0, Weak: 11, Final: 0, Phantom: 5
[7.139s][info   ][gc,ref      ] GC(103) Enqueued    references: Soft: 0, Weak: 0, Final: 0, Phantom: 0
[7.139s][info   ][gc          ] GC(103) Concurrent weak references 0.157ms
[7.140s][info   ][gc,start    ] GC(103) Concurrent weak roots
[7.140s][info   ][gc,task     ] GC(103) Using 1 of 2 workers for concurrent weak root
[7.150s][info   ][gc          ] GC(103) Concurrent weak roots 9.938ms
[7.150s][info   ][gc,start    ] GC(103) Concurrent cleanup
[7.150s][info   ][gc          ] GC(103) Concurrent cleanup 646M->317M(2048M) 0.655ms
[7.151s][info   ][gc,ergo     ] GC(103) Free: 1318M, Max: 1024K regular, 430M humongous, Frag: 68% external, 0% internal; Reserve: 103M, Max: 1024K
[7.151s][info   ][gc,start    ] GC(103) Concurrent class unloading
[7.151s][info   ][gc,task     ] GC(103) Using 1 of 2 workers for concurrent class unloading
[7.162s][info   ][gc          ] GC(103) Concurrent class unloading 10.871ms
[7.163s][info   ][gc,start    ] GC(103) Pause Final Roots
[7.163s][info   ][gc          ] GC(103) Pause Final Roots 0.039ms
[7.169s][info   ][gc,ergo     ] Free: 1064M, Max: 1024K regular, 354M humongous, Frag: 67% external, 0% internal; Reserve: 103M, Max: 1024K
[7.169s][info   ][gc,stats    ] 
[7.169s][info   ][gc,stats    ] All times are wall-clock times, except per-root-class counters, that are sum over
[7.169s][info   ][gc,stats    ] all workers. Dividing the <total> over the root stage time estimates parallelism.
[7.169s][info   ][gc,stats    ] 
[7.169s][info   ][gc,stats    ] Concurrent Reset                   1422 us
[7.169s][info   ][gc,stats    ] Pause Init Mark (G)                2038 us
[7.169s][info   ][gc,stats    ] Pause Init Mark (N)                 180 us
[7.169s][info   ][gc,stats    ]   Update Region States               90 us
[7.169s][info   ][gc,stats    ] Concurrent Mark Roots              3433 us, parallelism: 0.93x
[7.169s][info   ][gc,stats    ]   CMR: <total>                     3180 us
[7.169s][info   ][gc,stats    ]   CMR: Thread Roots                3106 us, workers (us): 3106, ---, 
[7.169s][info   ][gc,stats    ]   CMR: VM Strong Roots               14 us, workers (us):  14, ---, 
[7.169s][info   ][gc,stats    ]   CMR: CLDG Roots                    61 us, workers (us):  61, ---, 
[7.169s][info   ][gc,stats    ] Concurrent Marking                14769 us
[7.169s][info   ][gc,stats    ] Pause Final Mark (G)               1820 us
[7.169s][info   ][gc,stats    ] Pause Final Mark (N)                346 us
[7.169s][info   ][gc,stats    ]   Finish Mark                        60 us
[7.169s][info   ][gc,stats    ]   Update Region States               92 us
[7.169s][info   ][gc,stats    ]   Choose Collection Set             106 us
[7.169s][info   ][gc,stats    ]   Rebuild Free Set                   13 us
[7.169s][info   ][gc,stats    ] Concurrent Weak References          170 us, parallelism: 0.08x
[7.169s][info   ][gc,stats    ]   CWRF: <total>                      13 us
[7.169s][info   ][gc,stats    ]   CWRF: Weak References              13 us, workers (us):  13, ---, 
[7.169s][info   ][gc,stats    ] Concurrent Weak Roots             10185 us
[7.169s][info   ][gc,stats    ]   Roots                             193 us, parallelism: 0.80x
[7.169s][info   ][gc,stats    ]     CWR: <total>                    154 us
[7.169s][info   ][gc,stats    ]     CWR: Code Cache Roots            85 us, workers (us):  85, ---, 
[7.169s][info   ][gc,stats    ]     CWR: VM Weak Roots               65 us, workers (us):  65, ---, 
[7.169s][info   ][gc,stats    ]     CWR: CLDG Roots                   4 us, workers (us):   4, ---, 
[7.169s][info   ][gc,stats    ]   Rendezvous                       9713 us
[7.169s][info   ][gc,stats    ] Concurrent Cleanup                  755 us
[7.169s][info   ][gc,stats    ] Concurrent Class Unloading        11012 us
[7.169s][info   ][gc,stats    ]   Unlink Stale                     3575 us
[7.169s][info   ][gc,stats    ]     System Dictionary                20 us
[7.169s][info   ][gc,stats    ]     Weak Class Links                  1 us
[7.169s][info   ][gc,stats    ]     Code Roots                     3544 us
[7.169s][info   ][gc,stats    ]   Rendezvous                       7138 us
[7.169s][info   ][gc,stats    ]   Purge Unlinked                    108 us
[7.169s][info   ][gc,stats    ]     Code Roots                       72 us
[7.169s][info   ][gc,stats    ]     CLDG                             31 us
[7.169s][info   ][gc,stats    ]     Exception Caches                  2 us
[7.169s][info   ][gc,stats    ] Pause Final Roots (G)              6837 us
[7.169s][info   ][gc,stats    ] Pause Final Roots (N)                48 us
[7.169s][info   ][gc,stats    ] Pacing                            74174 us
[7.169s][info   ][gc,stats    ] 
[7.169s][info   ][gc,stats    ] Allocation pacing accrued:
[7.169s][info   ][gc,stats    ]      11 of    64 ms ( 17.8%): Thread-0
[7.169s][info   ][gc,stats    ]       9 of    64 ms ( 13.5%): Thread-1
[7.169s][info   ][gc,stats    ]       9 of    64 ms ( 13.9%): Thread-2
[7.169s][info   ][gc,stats    ]      10 of    64 ms ( 15.4%): Thread-3
[7.169s][info   ][gc,stats    ]       9 of    64 ms ( 14.1%): Thread-4
[7.169s][info   ][gc,stats    ]      10 of    64 ms ( 14.9%): Thread-5
[7.169s][info   ][gc,stats    ]       8 of    64 ms ( 13.1%): Thread-6
[7.169s][info   ][gc,stats    ]       9 of    64 ms ( 13.4%): Thread-7
[7.169s][info   ][gc,stats    ]      74 of    64 ms (116.2%): <total>
[7.169s][info   ][gc,stats    ]       4 of    64 ms (  6.1%): <average total>
[7.169s][info   ][gc,stats    ]       9 of    64 ms ( 14.5%): <average non-zero>
[7.169s][info   ][gc,stats    ] 
[7.169s][info   ][gc,metaspace] Metaspace: 213K(448K)->213K(448K) NonClass: 204K(320K)->204K(320K) Class: 9K(128K)->9K(128K)
[7.169s][info   ][gc,ergo     ] Pacer for Idle. Initial: 41943K, Alloc Tax Rate: 1.0x
[7.170s][info   ][gc          ] Trigger: Average GC time (69.50 ms) is above the time for average allocation rate (14900 MB/s) to deplete free headroom (931M) (margin of error = 1.91)
[7.170s][info   ][gc,ergo     ] Free headroom: 1034M (free) - 102M (spike) - 0B (penalties) = 931M
[7.170s][info   ][gc,ergo     ] Free: 1034M, Max: 1024K regular, 354M humongous, Frag: 66% external, 0% internal; Reserve: 103M, Max: 1024K
[7.170s][info   ][gc,start    ] GC(104) Concurrent reset
[7.170s][info   ][gc,task     ] GC(104) Using 1 of 2 workers for concurrent reset
[7.170s][info   ][gc,ergo     ] GC(104) Pacer for Reset. Non-Taxable: 2048M
[7.173s][info   ][gc          ] GC(104) Concurrent reset 2.229ms
[7.176s][info   ][gc,start    ] GC(104) Pause Init Mark (unload classes)
[7.176s][info   ][gc,task     ] GC(104) Using 2 of 2 workers for init marking
[7.176s][info   ][gc,ergo     ] GC(104) Pacer for Mark. Expected Live: 55232K, Free: 962M, Non-Taxable: 98508K, Alloc Tax Rate: 0.1x
[7.176s][info   ][gc          ] GC(104) Pause Init Mark (unload classes) 0.105ms
[7.176s][info   ][gc,start    ] GC(104) Concurrent marking roots
[7.176s][info   ][gc,task     ] GC(104) Using 1 of 2 workers for concurrent marking roots
[7.176s][info   ][gc          ] GC(104) Concurrent marking roots 0.420ms
[7.176s][info   ][gc,start    ] GC(104) Concurrent marking (unload classes)
[7.176s][info   ][gc,task     ] GC(104) Using 1 of 2 workers for concurrent marking
[7.186s][info   ][gc          ] GC(104) Concurrent marking (unload classes) 9.679ms
[7.187s][info   ][gc,start    ] GC(104) Pause Final Mark (unload classes)
[7.187s][info   ][gc,task     ] GC(104) Using 2 of 2 workers for final marking
[7.188s][info   ][gc,ergo     ] GC(104) Collectable Garbage: 361M (98%), Immediate: 361M (98%), CSet: 0B (0%)
[7.188s][info   ][gc          ] GC(104) Pause Final Mark (unload classes) 0.622ms
[7.188s][info   ][gc,start    ] GC(104) Concurrent weak references
[7.188s][info   ][gc,task     ] GC(104) Using 1 of 2 workers for concurrent weak references
[7.188s][info   ][gc,ref      ] GC(104) Encountered references: Soft: 11, Weak: 37, Final: 0, Phantom: 5
[7.188s][info   ][gc,ref      ] GC(104) Discovered  references: Soft: 0, Weak: 11, Final: 0, Phantom: 5
[7.188s][info   ][gc,ref      ] GC(104) Enqueued    references: Soft: 0, Weak: 0, Final: 0, Phantom: 0
[7.188s][info   ][gc          ] GC(104) Concurrent weak references 0.080ms
[7.188s][info   ][gc,start    ] GC(104) Concurrent weak roots
[7.188s][info   ][gc,task     ] GC(104) Using 1 of 2 workers for concurrent weak root
[7.191s][info   ][gc          ] GC(104) Concurrent weak roots 3.578ms
[7.192s][info   ][gc,start    ] GC(104) Concurrent cleanup
[7.192s][info   ][gc          ] GC(104) Concurrent cleanup 602M->247M(2048M) 0.508ms
[7.192s][info   ][gc,ergo     ] GC(104) Free: 1458M, Max: 1024K regular, 792M humongous, Frag: 46% external, 0% internal; Reserve: 103M, Max: 1024K
[7.192s][info   ][gc,start    ] GC(104) Concurrent class unloading
[7.192s][info   ][gc,task     ] GC(104) Using 1 of 2 workers for concurrent class unloading
[7.201s][info   ][gc          ] GC(104) Concurrent class unloading 8.745ms
[7.203s][info   ][gc,start    ] GC(104) Pause Final Roots
[7.203s][info   ][gc          ] GC(104) Pause Final Roots 0.034ms
[7.209s][info   ][gc,ergo     ] Free: 1196M, Max: 1024K regular, 792M humongous, Frag: 34% external, 0% internal; Reserve: 103M, Max: 1024K
[7.209s][info   ][gc,stats    ] 
[7.209s][info   ][gc,stats    ] All times are wall-clock times, except per-root-class counters, that are sum over
[7.209s][info   ][gc,stats    ] all workers. Dividing the <total> over the root stage time estimates parallelism.
[7.209s][info   ][gc,stats    ] 
[7.209s][info   ][gc,stats    ] Concurrent Reset                   2255 us
[7.209s][info   ][gc,stats    ] Pause Init Mark (G)                3154 us
[7.209s][info   ][gc,stats    ] Pause Init Mark (N)                 113 us
[7.209s][info   ][gc,stats    ]   Update Region States               55 us
[7.209s][info   ][gc,stats    ] Concurrent Mark Roots               440 us, parallelism: 0.76x
[7.209s][info   ][gc,stats    ]   CMR: <total>                      337 us
[7.209s][info   ][gc,stats    ]   CMR: Thread Roots                 289 us, workers (us): 289, ---, 
[7.209s][info   ][gc,stats    ]   CMR: VM Strong Roots                8 us, workers (us):   8, ---, 
[7.209s][info   ][gc,stats    ]   CMR: CLDG Roots                    39 us, workers (us):  39, ---, 
[7.209s][info   ][gc,stats    ] Concurrent Marking                 9792 us
[7.209s][info   ][gc,stats    ] Pause Final Mark (G)               1704 us
[7.209s][info   ][gc,stats    ] Pause Final Mark (N)                633 us
[7.209s][info   ][gc,stats    ]   Finish Mark                       210 us
[7.209s][info   ][gc,stats    ]   Update Region States              141 us
[7.209s][info   ][gc,stats    ]   Choose Collection Set             154 us
[7.209s][info   ][gc,stats    ]   Rebuild Free Set                   17 us
[7.209s][info   ][gc,stats    ] Concurrent Weak References           90 us, parallelism: 0.11x
[7.209s][info   ][gc,stats    ]   CWRF: <total>                       9 us
[7.209s][info   ][gc,stats    ]   CWRF: Weak References               9 us, workers (us):   9, ---, 
[7.209s][info   ][gc,stats    ] Concurrent Weak Roots              3684 us
[7.209s][info   ][gc,stats    ]   Roots                             179 us, parallelism: 0.76x
[7.209s][info   ][gc,stats    ]     CWR: <total>                    136 us
[7.209s][info   ][gc,stats    ]     CWR: Code Cache Roots            71 us, workers (us):  71, ---, 
[7.209s][info   ][gc,stats    ]     CWR: VM Weak Roots               60 us, workers (us):  60, ---, 
[7.209s][info   ][gc,stats    ]     CWR: CLDG Roots                   6 us, workers (us):   6, ---, 
[7.209s][info   ][gc,stats    ]   Rendezvous                       3374 us
[7.209s][info   ][gc,stats    ] Concurrent Cleanup                  518 us
[7.209s][info   ][gc,stats    ] Concurrent Class Unloading         8904 us
[7.209s][info   ][gc,stats    ]   Unlink Stale                      324 us
[7.209s][info   ][gc,stats    ]     System Dictionary                12 us
[7.209s][info   ][gc,stats    ]     Weak Class Links                  2 us
[7.209s][info   ][gc,stats    ]     Code Roots                      307 us
[7.209s][info   ][gc,stats    ]   Rendezvous                       8245 us
[7.209s][info   ][gc,stats    ]   Purge Unlinked                     93 us
[7.209s][info   ][gc,stats    ]     Code Roots                       67 us
[7.209s][info   ][gc,stats    ]     CLDG                             22 us
[7.209s][info   ][gc,stats    ]     Exception Caches                  1 us
[7.209s][info   ][gc,stats    ] Pause Final Roots (G)              7819 us
[7.209s][info   ][gc,stats    ] Pause Final Roots (N)                44 us
[7.209s][info   ][gc,stats    ] 
[7.209s][info   ][gc,stats    ] Allocation pacing accrued:
[7.209s][info   ][gc,stats    ]       0 of    40 ms (  0.0%): <total>
[7.209s][info   ][gc,stats    ]       0 of    40 ms (  0.0%): <average total>
[7.209s][info   ][gc,stats    ] 
[7.209s][info   ][gc,metaspace] Metaspace: 213K(448K)->213K(448K) NonClass: 204K(320K)->204K(320K) Class: 9K(128K)->9K(128K)
[7.209s][info   ][gc,ergo     ] Pacer for Idle. Initial: 41943K, Alloc Tax Rate: 1.0x
[7.225s][info   ][gc          ] Trigger: Average GC time (60.83 ms) is above the time for average allocation rate (14908 MB/s) to deplete free headroom (865M) (margin of error = 1.91)
[7.226s][info   ][gc,ergo     ] Free headroom: 968M (free) - 102M (spike) - 0B (penalties) = 865M
[7.226s][info   ][gc,ergo     ] Free: 966M, Max: 1024K regular, 792M humongous, Frag: 19% external, 0% internal; Reserve: 103M, Max: 1024K
[7.226s][info   ][gc,start    ] GC(105) Concurrent reset
[7.226s][info   ][gc,task     ] GC(105) Using 1 of 2 workers for concurrent reset
[7.226s][info   ][gc,ergo     ] GC(105) Pacer for Reset. Non-Taxable: 2048M
[7.231s][info   ][gc          ] GC(105) Concurrent reset 4.869ms
[7.234s][info   ][gc,start    ] GC(105) Pause Init Mark (unload classes)
[7.234s][info   ][gc,task     ] GC(105) Using 2 of 2 workers for init marking
[7.234s][info   ][gc,ergo     ] GC(105) Pacer for Mark. Expected Live: 70182K, Free: 864M, Non-Taxable: 88473K, Alloc Tax Rate: 0.1x
[7.234s][info   ][gc          ] GC(105) Pause Init Mark (unload classes) 0.218ms
[7.237s][info   ][gc,start    ] GC(105) Concurrent marking roots
[7.237s][info   ][gc,task     ] GC(105) Using 1 of 2 workers for concurrent marking roots
[7.238s][info   ][gc          ] GC(105) Concurrent marking roots 0.814ms
[7.238s][info   ][gc,start    ] GC(105) Concurrent marking (unload classes)
[7.238s][info   ][gc,task     ] GC(105) Using 1 of 2 workers for concurrent marking
[7.243s][info   ][gc          ] GC(105) Concurrent marking (unload classes) 5.242ms
[7.244s][info   ][gc,start    ] GC(105) Pause Final Mark (unload classes)
[7.244s][info   ][gc,task     ] GC(105) Using 2 of 2 workers for final marking
[7.245s][info   ][gc,ergo     ] GC(105) Collectable Garbage: 470M (98%), Immediate: 470M (98%), CSet: 0B (0%)
[7.245s][info   ][gc          ] GC(105) Pause Final Mark (unload classes) 0.536ms
[7.247s][info   ][gc,start    ] GC(105) Concurrent weak references
[7.247s][info   ][gc,task     ] GC(105) Using 1 of 2 workers for concurrent weak references
[7.254s][info   ][gc,ref      ] GC(105) Encountered references: Soft: 11, Weak: 37, Final: 0, Phantom: 5
[7.254s][info   ][gc,ref      ] GC(105) Discovered  references: Soft: 0, Weak: 11, Final: 0, Phantom: 5
[7.254s][info   ][gc,ref      ] GC(105) Enqueued    references: Soft: 0, Weak: 0, Final: 0, Phantom: 0
[7.254s][info   ][gc          ] GC(105) Concurrent weak references 6.572ms
[7.254s][info   ][gc,start    ] GC(105) Concurrent weak roots
[7.254s][info   ][gc,task     ] GC(105) Using 1 of 2 workers for concurrent weak root
[7.264s][info   ][gc          ] GC(105) Concurrent weak roots 9.732ms
[7.264s][info   ][gc,start    ] GC(105) Concurrent cleanup
[7.266s][info   ][gc          ] GC(105) Concurrent cleanup 757M->304M(2048M) 2.721ms
[7.267s][info   ][gc,ergo     ] GC(105) Free: 1342M, Max: 1024K regular, 414M humongous, Frag: 70% external, 0% internal; Reserve: 103M, Max: 1024K
[7.267s][info   ][gc,start    ] GC(105) Concurrent class unloading
[7.267s][info   ][gc,task     ] GC(105) Using 1 of 2 workers for concurrent class unloading
[7.287s][info   ][gc          ] GC(105) Concurrent class unloading 20.294ms
[7.288s][info   ][gc,start    ] GC(105) Pause Final Roots
[7.288s][info   ][gc          ] GC(105) Pause Final Roots 0.145ms
[7.288s][info   ][gc,ergo     ] Free: 1056M, Max: 1024K regular, 414M humongous, Frag: 61% external, 0% internal; Reserve: 103M, Max: 1024K
[7.288s][info   ][gc,stats    ] 
[7.288s][info   ][gc,stats    ] All times are wall-clock times, except per-root-class counters, that are sum over
[7.288s][info   ][gc,stats    ] all workers. Dividing the <total> over the root stage time estimates parallelism.
[7.288s][info   ][gc,stats    ] 
[7.288s][info   ][gc,stats    ] Concurrent Reset                   5001 us
[7.288s][info   ][gc,stats    ] Pause Init Mark (G)                6642 us
[7.288s][info   ][gc,stats    ] Pause Init Mark (N)                 227 us
[7.288s][info   ][gc,stats    ]   Update Region States              126 us
[7.288s][info   ][gc,stats    ] Concurrent Mark Roots               838 us, parallelism: 0.36x
[7.288s][info   ][gc,stats    ]   CMR: <total>                      302 us
[7.288s][info   ][gc,stats    ]   CMR: Thread Roots                 211 us, workers (us): 211, ---, 
[7.288s][info   ][gc,stats    ]   CMR: VM Strong Roots                9 us, workers (us):   9, ---, 
[7.288s][info   ][gc,stats    ]   CMR: CLDG Roots                    82 us, workers (us):  82, ---, 
[7.288s][info   ][gc,stats    ] Concurrent Marking                 5272 us
[7.288s][info   ][gc,stats    ] Pause Final Mark (G)               3677 us
[7.288s][info   ][gc,stats    ] Pause Final Mark (N)                546 us
[7.288s][info   ][gc,stats    ]   Finish Mark                       293 us
[7.288s][info   ][gc,stats    ]   Update Region States              109 us
[7.288s][info   ][gc,stats    ]   Choose Collection Set              78 us
[7.288s][info   ][gc,stats    ]   Rebuild Free Set                    9 us
[7.289s][info   ][gc,stats    ] Concurrent Weak References         6587 us, parallelism: 0.00x
[7.289s][info   ][gc,stats    ]   CWRF: <total>                      15 us
[7.289s][info   ][gc,stats    ]   CWRF: Weak References              15 us, workers (us):  15, ---, 
[7.289s][info   ][gc,stats    ] Concurrent Weak Roots              9895 us
[7.289s][info   ][gc,stats    ]   Roots                            5972 us, parallelism: 0.03x
[7.289s][info   ][gc,stats    ]     CWR: <total>                    170 us
[7.289s][info   ][gc,stats    ]     CWR: Code Cache Roots            96 us, workers (us):  96, ---, 
[7.289s][info   ][gc,stats    ]     CWR: VM Weak Roots               69 us, workers (us):  69, ---, 
[7.289s][info   ][gc,stats    ]     CWR: CLDG Roots                   5 us, workers (us):   5, ---, 
[7.289s][info   ][gc,stats    ]   Rendezvous                       3723 us
[7.289s][info   ][gc,stats    ] Concurrent Cleanup                 2834 us
[7.289s][info   ][gc,stats    ] Concurrent Class Unloading        20474 us
[7.289s][info   ][gc,stats    ]   Unlink Stale                      456 us
[7.289s][info   ][gc,stats    ]     System Dictionary                13 us
[7.289s][info   ][gc,stats    ]     Weak Class Links                  1 us
[7.289s][info   ][gc,stats    ]     Code Roots                      437 us
[7.289s][info   ][gc,stats    ]   Rendezvous                      12356 us
[7.289s][info   ][gc,stats    ]   Purge Unlinked                   7442 us
[7.289s][info   ][gc,stats    ]     Code Roots                     7403 us
[7.289s][info   ][gc,stats    ]     CLDG                             33 us
[7.289s][info   ][gc,stats    ]     Exception Caches                  2 us
[7.289s][info   ][gc,stats    ] Pause Final Roots (G)              1104 us
[7.289s][info   ][gc,stats    ] Pause Final Roots (N)               204 us
[7.289s][info   ][gc,stats    ] 
[7.289s][info   ][gc,stats    ] Allocation pacing accrued:
[7.289s][info   ][gc,stats    ]       0 of    79 ms (  0.0%): <total>
[7.289s][info   ][gc,stats    ]       0 of    79 ms (  0.0%): <average total>
[7.289s][info   ][gc,stats    ] 
[7.289s][info   ][gc,metaspace] Metaspace: 213K(448K)->213K(448K) NonClass: 204K(320K)->204K(320K) Class: 9K(128K)->9K(128K)
[7.289s][info   ][gc,ergo     ] Pacer for Idle. Initial: 41943K, Alloc Tax Rate: 1.0x
[7.290s][info   ][gc          ] Trigger: Average GC time (75.28 ms) is above the time for average allocation rate (14924 MB/s) to deplete free headroom (921M) (margin of error = 1.92)
[7.290s][info   ][gc,ergo     ] Free headroom: 1024M (free) - 102M (spike) - 0B (penalties) = 921M
[7.290s][info   ][gc,ergo     ] Free: 1024M, Max: 1024K regular, 414M humongous, Frag: 60% external, 0% internal; Reserve: 103M, Max: 1024K
[7.290s][info   ][gc,start    ] GC(106) Concurrent reset
[7.290s][info   ][gc,task     ] GC(106) Using 1 of 2 workers for concurrent reset
[7.290s][info   ][gc,ergo     ] GC(106) Pacer for Reset. Non-Taxable: 2048M
[7.291s][info   ][gc          ] GC(106) Concurrent reset 1.426ms
[7.294s][info   ][gc,start    ] GC(106) Pause Init Mark (unload classes)
[7.294s][info   ][gc,task     ] GC(106) Using 2 of 2 workers for init marking
[7.294s][info   ][gc,ergo     ] GC(106) Pacer for Mark. Expected Live: 74688K, Free: 970M, Non-Taxable: 99328K, Alloc Tax Rate: 0.1x
[7.294s][info   ][gc          ] GC(106) Pause Init Mark (unload classes) 0.204ms
[7.297s][info   ][gc,start    ] GC(106) Concurrent marking roots
[7.297s][info   ][gc,task     ] GC(106) Using 1 of 2 workers for concurrent marking roots
[7.301s][info   ][gc          ] GC(106) Concurrent marking roots 3.829ms
[7.301s][info   ][gc,start    ] GC(106) Concurrent marking (unload classes)
[7.301s][info   ][gc,task     ] GC(106) Using 1 of 2 workers for concurrent marking
[7.303s][info   ][gc          ] GC(106) Concurrent marking (unload classes) 1.471ms
[7.303s][info   ][gc,start    ] GC(106) Pause Final Mark (unload classes)
[7.303s][info   ][gc,task     ] GC(106) Using 2 of 2 workers for final marking
[7.303s][info   ][gc,ergo     ] GC(106) Collectable Garbage: 408M (98%), Immediate: 408M (98%), CSet: 0B (0%)
[7.303s][info   ][gc          ] GC(106) Pause Final Mark (unload classes) 0.582ms
[7.304s][info   ][gc,start    ] GC(106) Concurrent weak references
[7.304s][info   ][gc,task     ] GC(106) Using 1 of 2 workers for concurrent weak references
[7.304s][info   ][gc,ref      ] GC(106) Encountered references: Soft: 11, Weak: 37, Final: 0, Phantom: 5
[7.304s][info   ][gc,ref      ] GC(106) Discovered  references: Soft: 0, Weak: 11, Final: 0, Phantom: 5
[7.304s][info   ][gc,ref      ] GC(106) Enqueued    references: Soft: 0, Weak: 0, Final: 0, Phantom: 0
[7.304s][info   ][gc          ] GC(106) Concurrent weak references 0.224ms
[7.304s][info   ][gc,start    ] GC(106) Concurrent weak roots
[7.304s][info   ][gc,task     ] GC(106) Using 1 of 2 workers for concurrent weak root
[7.304s][info   ][gc          ] GC(106) Concurrent weak roots 0.421ms
[7.304s][info   ][gc,start    ] GC(106) Concurrent cleanup
[7.305s][info   ][gc          ] GC(106) Concurrent cleanup 540M->132M(2048M) 0.436ms
[7.305s][info   ][gc,ergo     ] GC(106) Free: 1688M, Max: 1024K regular, 486M humongous, Frag: 72% external, 0% internal; Reserve: 103M, Max: 1024K
[7.305s][info   ][gc,start    ] GC(106) Concurrent class unloading
[7.305s][info   ][gc,task     ] GC(106) Using 1 of 2 workers for concurrent class unloading
[7.305s][info   ][gc          ] GC(106) Concurrent class unloading 0.609ms
[7.305s][info   ][gc,start    ] GC(106) Pause Final Roots
[7.305s][info   ][gc          ] GC(106) Pause Final Roots 0.018ms
[7.305s][info   ][gc,ergo     ] Free: 1688M, Max: 1024K regular, 486M humongous, Frag: 72% external, 0% internal; Reserve: 103M, Max: 1024K
[7.305s][info   ][gc,stats    ] 
[7.305s][info   ][gc,stats    ] All times are wall-clock times, except per-root-class counters, that are sum over
[7.305s][info   ][gc,stats    ] all workers. Dividing the <total> over the root stage time estimates parallelism.
[7.305s][info   ][gc,stats    ] 
[7.305s][info   ][gc,stats    ] Concurrent Reset                   1453 us
[7.305s][info   ][gc,stats    ] Pause Init Mark (G)                5847 us
[7.305s][info   ][gc,stats    ] Pause Init Mark (N)                 216 us
[7.305s][info   ][gc,stats    ]   Update Region States              127 us
[7.305s][info   ][gc,stats    ] Concurrent Mark Roots              3895 us, parallelism: 0.07x
[7.306s][info   ][gc,stats    ]   CMR: <total>                      271 us
[7.306s][info   ][gc,stats    ]   CMR: Thread Roots                 202 us, workers (us): 202, ---, 
[7.306s][info   ][gc,stats    ]   CMR: VM Strong Roots               11 us, workers (us):  11, ---, 
[7.306s][info   ][gc,stats    ]   CMR: CLDG Roots                    58 us, workers (us):  58, ---, 
[7.306s][info   ][gc,stats    ] Concurrent Marking                 1500 us
[7.306s][info   ][gc,stats    ] Pause Final Mark (G)                844 us
[7.306s][info   ][gc,stats    ] Pause Final Mark (N)                594 us
[7.306s][info   ][gc,stats    ]   Finish Mark                       287 us
[7.306s][info   ][gc,stats    ]   Update Region States               76 us
[7.306s][info   ][gc,stats    ]   Choose Collection Set             169 us
[7.306s][info   ][gc,stats    ]   Rebuild Free Set                   15 us
[7.306s][info   ][gc,stats    ] Concurrent Weak References          233 us, parallelism: 0.01x
[7.306s][info   ][gc,stats    ]   CWRF: <total>                       3 us
[7.306s][info   ][gc,stats    ]   CWRF: Weak References               3 us, workers (us):   3, ---, 
[7.306s][info   ][gc,stats    ] Concurrent Weak Roots               441 us
[7.306s][info   ][gc,stats    ]   Roots                             261 us, parallelism: 0.38x
[7.306s][info   ][gc,stats    ]     CWR: <total>                    100 us
[7.306s][info   ][gc,stats    ]     CWR: Code Cache Roots            57 us, workers (us):  57, ---, 
[7.306s][info   ][gc,stats    ]     CWR: VM Weak Roots               41 us, workers (us):  41, ---, 
[7.306s][info   ][gc,stats    ]     CWR: CLDG Roots                   2 us, workers (us):   2, ---, 
[7.306s][info   ][gc,stats    ]   Rendezvous                        140 us
[7.306s][info   ][gc,stats    ] Concurrent Cleanup                  443 us
[7.306s][info   ][gc,stats    ] Concurrent Class Unloading          625 us
[7.306s][info   ][gc,stats    ]   Unlink Stale                      212 us
[7.306s][info   ][gc,stats    ]     System Dictionary                 5 us
[7.306s][info   ][gc,stats    ]     Weak Class Links                  1 us
[7.306s][info   ][gc,stats    ]     Code Roots                      204 us
[7.306s][info   ][gc,stats    ]   Rendezvous                        281 us
[7.306s][info   ][gc,stats    ]   Purge Unlinked                     98 us
[7.306s][info   ][gc,stats    ]     Code Roots                       82 us
[7.306s][info   ][gc,stats    ]     CLDG                             14 us
[7.306s][info   ][gc,stats    ]     Exception Caches                  1 us
[7.306s][info   ][gc,stats    ] Pause Final Roots (G)               121 us
[7.306s][info   ][gc,stats    ] Pause Final Roots (N)                27 us
[7.306s][info   ][gc,stats    ] 
[7.306s][info   ][gc,stats    ] Allocation pacing accrued:
[7.306s][info   ][gc,stats    ]       0 of    17 ms (  0.0%): <total>
[7.306s][info   ][gc,stats    ]       0 of    17 ms (  0.0%): <average total>
[7.306s][info   ][gc,stats    ] 
[7.306s][info   ][gc,metaspace] Metaspace: 213K(448K)->213K(448K) NonClass: 204K(320K)->204K(320K) Class: 9K(128K)->9K(128K)
[7.306s][info   ][gc,ergo     ] Pacer for Idle. Initial: 41943K, Alloc Tax Rate: 1.0x
[7.341s][info   ][gc          ] Trigger: Average GC time (72.92 ms) is above the time for average allocation rate (14897 MB/s) to deplete free headroom (1075M) (margin of error = 1.90)
[7.341s][info   ][gc,ergo     ] Free headroom: 1178M (free) - 102M (spike) - 0B (penalties) = 1075M
[7.341s][info   ][gc,ergo     ] Free: 1174M, Max: 1024K regular, 486M humongous, Frag: 59% external, 0% internal; Reserve: 103M, Max: 1024K
[7.341s][info   ][gc,start    ] GC(107) Concurrent reset
[7.341s][info   ][gc,task     ] GC(107) Using 1 of 2 workers for concurrent reset
[7.341s][info   ][gc,ergo     ] GC(107) Pacer for Reset. Non-Taxable: 2048M
[7.349s][info   ][gc          ] GC(107) Concurrent reset 7.693ms
[7.352s][info   ][gc,start    ] GC(107) Pause Init Mark (unload classes)
[7.352s][info   ][gc,task     ] GC(107) Using 2 of 2 workers for init marking
[7.352s][info   ][gc,ergo     ] GC(107) Pacer for Mark. Expected Live: 83904K, Free: 1024M, Non-Taxable: 102M, Alloc Tax Rate: 0.1x
[7.352s][info   ][gc          ] GC(107) Pause Init Mark (unload classes) 0.219ms
[7.359s][info   ][gc,start    ] GC(107) Concurrent marking roots
[7.359s][info   ][gc,task     ] GC(107) Using 1 of 2 workers for concurrent marking roots
[7.359s][info   ][gc          ] GC(107) Concurrent marking roots 0.721ms
[7.360s][info   ][gc,start    ] GC(107) Concurrent marking (unload classes)
[7.360s][info   ][gc,task     ] GC(107) Using 1 of 2 workers for concurrent marking
[7.362s][info   ][gc          ] GC(107) Concurrent marking (unload classes) 2.000ms
[7.362s][info   ][gc,start    ] GC(107) Pause Final Mark (unload classes)
[7.362s][info   ][gc,task     ] GC(107) Using 2 of 2 workers for final marking
[7.362s][info   ][gc,ergo     ] GC(107) Collectable Garbage: 426M (98%), Immediate: 426M (98%), CSet: 0B (0%)
[7.362s][info   ][gc          ] GC(107) Pause Final Mark (unload classes) 0.484ms
[7.362s][info   ][gc,start    ] GC(107) Concurrent weak references
[7.362s][info   ][gc,task     ] GC(107) Using 1 of 2 workers for concurrent weak references
[7.362s][info   ][gc,ref      ] GC(107) Encountered references: Soft: 11, Weak: 37, Final: 0, Phantom: 5
[7.365s][info   ][gc,ref      ] GC(107) Discovered  references: Soft: 0, Weak: 11, Final: 0, Phantom: 5
[7.366s][info   ][gc,ref      ] GC(107) Enqueued    references: Soft: 0, Weak: 0, Final: 0, Phantom: 0
[7.366s][info   ][gc          ] GC(107) Concurrent weak references 3.516ms
[7.366s][info   ][gc,start    ] GC(107) Concurrent weak roots
[7.366s][info   ][gc,task     ] GC(107) Using 1 of 2 workers for concurrent weak root
[7.370s][info   ][gc          ] GC(107) Concurrent weak roots 4.017ms
[7.370s][info   ][gc,start    ] GC(107) Concurrent cleanup
[7.371s][info   ][gc          ] GC(107) Concurrent cleanup 583M->163M(2048M) 0.740ms
[7.371s][info   ][gc,ergo     ] GC(107) Free: 1624M, Max: 1024K regular, 794M humongous, Frag: 52% external, 0% internal; Reserve: 103M, Max: 1024K
[7.371s][info   ][gc,start    ] GC(107) Concurrent class unloading
[7.371s][info   ][gc,task     ] GC(107) Using 1 of 2 workers for concurrent class unloading
[7.373s][info   ][gc          ] GC(107) Concurrent class unloading 2.104ms
[7.374s][info   ][gc,start    ] GC(107) Pause Final Roots
[7.374s][info   ][gc          ] GC(107) Pause Final Roots 0.034ms
[7.374s][info   ][gc,ergo     ] Free: 1592M, Max: 1024K regular, 794M humongous, Frag: 51% external, 0% internal; Reserve: 103M, Max: 1024K
[7.374s][info   ][gc,stats    ] 
[7.374s][info   ][gc,stats    ] All times are wall-clock times, except per-root-class counters, that are sum over
[7.374s][info   ][gc,stats    ] all workers. Dividing the <total> over the root stage time estimates parallelism.
[7.374s][info   ][gc,stats    ] 
[7.374s][info   ][gc,stats    ] Concurrent Reset                   7833 us
[7.374s][info   ][gc,stats    ] Pause Init Mark (G)                9850 us
[7.374s][info   ][gc,stats    ] Pause Init Mark (N)                 229 us
[7.374s][info   ][gc,stats    ]   Update Region States              124 us
[7.374s][info   ][gc,stats    ] Concurrent Mark Roots               785 us, parallelism: 0.31x
[7.374s][info   ][gc,stats    ]   CMR: <total>                      242 us
[7.374s][info   ][gc,stats    ]   CMR: Thread Roots                 187 us, workers (us): 187, ---, 
[7.374s][info   ][gc,stats    ]   CMR: VM Strong Roots               10 us, workers (us):  10, ---, 
[7.374s][info   ][gc,stats    ]   CMR: CLDG Roots                    45 us, workers (us):  45, ---, 
[7.374s][info   ][gc,stats    ] Concurrent Marking                 2028 us
[7.374s][info   ][gc,stats    ] Pause Final Mark (G)                590 us
[7.374s][info   ][gc,stats    ] Pause Final Mark (N)                491 us
[7.375s][info   ][gc,stats    ]   Finish Mark                       282 us
[7.375s][info   ][gc,stats    ]   Update Region States               92 us
[7.375s][info   ][gc,stats    ]   Choose Collection Set              70 us
[7.375s][info   ][gc,stats    ]   Rebuild Free Set                    8 us
[7.375s][info   ][gc,stats    ] Concurrent Weak References         3582 us, parallelism: 0.00x
[7.375s][info   ][gc,stats    ]   CWRF: <total>                      12 us
[7.375s][info   ][gc,stats    ]   CWRF: Weak References              12 us, workers (us):  12, ---, 
[7.375s][info   ][gc,stats    ] Concurrent Weak Roots              4140 us
[7.375s][info   ][gc,stats    ]   Roots                            3018 us, parallelism: 0.05x
[7.375s][info   ][gc,stats    ]     CWR: <total>                    149 us
[7.375s][info   ][gc,stats    ]     CWR: Code Cache Roots            89 us, workers (us):  89, ---, 
[7.375s][info   ][gc,stats    ]     CWR: VM Weak Roots               55 us, workers (us):  55, ---, 
[7.375s][info   ][gc,stats    ]     CWR: CLDG Roots                   5 us, workers (us):   5, ---, 
[7.375s][info   ][gc,stats    ]   Rendezvous                        955 us
[7.375s][info   ][gc,stats    ] Concurrent Cleanup                  869 us
[7.375s][info   ][gc,stats    ] Concurrent Class Unloading         2158 us
[7.375s][info   ][gc,stats    ]   Unlink Stale                      429 us
[7.375s][info   ][gc,stats    ]     System Dictionary                11 us
[7.375s][info   ][gc,stats    ]     Weak Class Links                  1 us
[7.375s][info   ][gc,stats    ]     Code Roots                      412 us
[7.375s][info   ][gc,stats    ]   Rendezvous                       1516 us
[7.375s][info   ][gc,stats    ]   Purge Unlinked                    110 us
[7.375s][info   ][gc,stats    ]     Code Roots                       89 us
[7.375s][info   ][gc,stats    ]     CLDG                             18 us
[7.375s][info   ][gc,stats    ]     Exception Caches                  1 us
[7.375s][info   ][gc,stats    ] Pause Final Roots (G)              1163 us
[7.375s][info   ][gc,stats    ] Pause Final Roots (N)                46 us
[7.375s][info   ][gc,stats    ] Pacing                            41868 us
[7.375s][info   ][gc,stats    ] 
[7.375s][info   ][gc,stats    ] Allocation pacing accrued:
[7.375s][info   ][gc,stats    ]       9 of    69 ms ( 13.7%): Thread-0
[7.375s][info   ][gc,stats    ]       3 of    69 ms (  4.9%): Thread-1
[7.375s][info   ][gc,stats    ]       9 of    69 ms ( 13.6%): Thread-2
[7.375s][info   ][gc,stats    ]       3 of    69 ms (  4.5%): Thread-3
[7.375s][info   ][gc,stats    ]       8 of    69 ms ( 12.2%): Thread-4
[7.375s][info   ][gc,stats    ]       3 of    69 ms (  4.0%): Thread-5
[7.375s][info   ][gc,stats    ]       5 of    69 ms (  7.8%): Thread-6
[7.375s][info   ][gc,stats    ]      42 of    69 ms ( 60.6%): <total>
[7.375s][info   ][gc,stats    ]       2 of    69 ms (  3.2%): <average total>
[7.375s][info   ][gc,stats    ]       6 of    69 ms (  8.7%): <average non-zero>
[7.375s][info   ][gc,stats    ] 
[7.375s][info   ][gc,metaspace] Metaspace: 213K(448K)->213K(448K) NonClass: 204K(320K)->204K(320K) Class: 9K(128K)->9K(128K)
[7.375s][info   ][gc,ergo     ] Pacer for Idle. Initial: 41943K, Alloc Tax Rate: 1.0x
[7.416s][info   ][gc          ] Trigger: Average GC time (60.95 ms) is above the time for average allocation rate (14879 MB/s) to deplete free headroom (897M) (margin of error = 1.89)
[7.416s][info   ][gc,ergo     ] Free headroom: 1000M (free) - 102M (spike) - 0B (penalties) = 897M
[7.416s][info   ][gc,ergo     ] Free: 996M, Max: 1024K regular, 794M humongous, Frag: 21% external, 0% internal; Reserve: 103M, Max: 1024K
[7.416s][info   ][gc,start    ] GC(108) Concurrent reset
[7.416s][info   ][gc,task     ] GC(108) Using 1 of 2 workers for concurrent reset
[7.416s][info   ][gc,ergo     ] GC(108) Pacer for Reset. Non-Taxable: 2048M
[7.418s][info   ][gc          ] GC(108) Concurrent reset 1.843ms
[7.420s][info   ][gc,start    ] GC(108) Pause Init Mark (unload classes)
[7.420s][info   ][gc,task     ] GC(108) Using 2 of 2 workers for init marking
[7.421s][info   ][gc,ergo     ] GC(108) Pacer for Mark. Expected Live: 81242K, Free: 948M, Non-Taxable: 97075K, Alloc Tax Rate: 0.1x
[7.421s][info   ][gc          ] GC(108) Pause Init Mark (unload classes) 0.273ms
[7.421s][info   ][gc,start    ] GC(108) Concurrent marking roots
[7.421s][info   ][gc,task     ] GC(108) Using 1 of 2 workers for concurrent marking roots
[7.423s][info   ][gc          ] GC(108) Concurrent marking roots 2.588ms
[7.423s][info   ][gc,start    ] GC(108) Concurrent marking (unload classes)
[7.424s][info   ][gc,task     ] GC(108) Using 1 of 2 workers for concurrent marking
[7.441s][info   ][gc          ] GC(108) Concurrent marking (unload classes) 17.008ms
[7.442s][info   ][gc,start    ] GC(108) Pause Final Mark (unload classes)
[7.442s][info   ][gc,task     ] GC(108) Using 2 of 2 workers for final marking
[7.442s][info   ][gc,ergo     ] GC(108) Collectable Garbage: 419M (98%), Immediate: 419M (98%), CSet: 0B (0%)
[7.443s][info   ][gc          ] GC(108) Pause Final Mark (unload classes) 0.831ms
[7.448s][info   ][gc,start    ] GC(108) Concurrent weak references
[7.448s][info   ][gc,task     ] GC(108) Using 1 of 2 workers for concurrent weak references
[7.451s][info   ][gc,ref      ] GC(108) Encountered references: Soft: 11, Weak: 37, Final: 0, Phantom: 5
[7.451s][info   ][gc,ref      ] GC(108) Discovered  references: Soft: 0, Weak: 11, Final: 0, Phantom: 5
[7.451s][info   ][gc,ref      ] GC(108) Enqueued    references: Soft: 0, Weak: 0, Final: 0, Phantom: 0
[7.451s][info   ][gc          ] GC(108) Concurrent weak references 2.590ms
[7.451s][info   ][gc,start    ] GC(108) Concurrent weak roots
[7.451s][info   ][gc,task     ] GC(108) Using 1 of 2 workers for concurrent weak root
[7.457s][info   ][gc          ] GC(108) Concurrent weak roots 5.919ms
[7.457s][info   ][gc,start    ] GC(108) Concurrent cleanup
[7.458s][info   ][gc          ] GC(108) Concurrent cleanup 760M->346M(2048M) 0.736ms
[7.458s][info   ][gc,ergo     ] GC(108) Free: 1260M, Max: 1024K regular, 432M humongous, Frag: 66% external, 0% internal; Reserve: 103M, Max: 1024K
[7.458s][info   ][gc,start    ] GC(108) Concurrent class unloading
[7.458s][info   ][gc,task     ] GC(108) Using 1 of 2 workers for concurrent class unloading
[7.461s][info   ][gc          ] GC(108) Concurrent class unloading 3.523ms
[7.462s][info   ][gc,start    ] GC(108) Pause Final Roots
[7.462s][info   ][gc          ] GC(108) Pause Final Roots 0.033ms
[7.469s][info   ][gc,ergo     ] Free: 1116M, Max: 1024K regular, 432M humongous, Frag: 62% external, 0% internal; Reserve: 103M, Max: 1024K
[7.469s][info   ][gc,stats    ] 
[7.469s][info   ][gc,stats    ] All times are wall-clock times, except per-root-class counters, that are sum over
[7.469s][info   ][gc,stats    ] all workers. Dividing the <total> over the root stage time estimates parallelism.
[7.469s][info   ][gc,stats    ] 
[7.469s][info   ][gc,stats    ] Concurrent Reset                   1930 us
[7.469s][info   ][gc,stats    ] Pause Init Mark (G)                2493 us
[7.469s][info   ][gc,stats    ] Pause Init Mark (N)                 285 us
[7.469s][info   ][gc,stats    ]   Update Region States              163 us
[7.469s][info   ][gc,stats    ] Concurrent Mark Roots              2685 us, parallelism: 0.91x
[7.469s][info   ][gc,stats    ]   CMR: <total>                     2441 us
[7.469s][info   ][gc,stats    ]   CMR: Thread Roots                2356 us, workers (us): 2356, ---, 
[7.469s][info   ][gc,stats    ]   CMR: VM Strong Roots               12 us, workers (us):  12, ---, 
[7.469s][info   ][gc,stats    ]   CMR: CLDG Roots                    73 us, workers (us):  73, ---, 
[7.469s][info   ][gc,stats    ] Concurrent Marking                17167 us
[7.469s][info   ][gc,stats    ] Pause Final Mark (G)               7488 us
[7.469s][info   ][gc,stats    ] Pause Final Mark (N)                844 us
[7.469s][info   ][gc,stats    ]   Finish Mark                       539 us
[7.469s][info   ][gc,stats    ]   Update Region States               98 us
[7.469s][info   ][gc,stats    ]   Choose Collection Set             117 us
[7.469s][info   ][gc,stats    ]   Rebuild Free Set                   11 us
[7.469s][info   ][gc,stats    ] Concurrent Weak References         2607 us, parallelism: 0.01x
[7.469s][info   ][gc,stats    ]   CWRF: <total>                      14 us
[7.469s][info   ][gc,stats    ]   CWRF: Weak References              14 us, workers (us):  14, ---, 
[7.469s][info   ][gc,stats    ] Concurrent Weak Roots              6063 us
[7.469s][info   ][gc,stats    ]   Roots                            3110 us, parallelism: 0.06x
[7.469s][info   ][gc,stats    ]     CWR: <total>                    195 us
[7.469s][info   ][gc,stats    ]     CWR: Code Cache Roots           116 us, workers (us): 116, ---, 
[7.469s][info   ][gc,stats    ]     CWR: VM Weak Roots               74 us, workers (us):  74, ---, 
[7.469s][info   ][gc,stats    ]     CWR: CLDG Roots                   4 us, workers (us):   4, ---, 
[7.469s][info   ][gc,stats    ]   Rendezvous                       2772 us
[7.469s][info   ][gc,stats    ] Concurrent Cleanup                  827 us
[7.469s][info   ][gc,stats    ] Concurrent Class Unloading         3640 us
[7.469s][info   ][gc,stats    ]   Unlink Stale                      582 us
[7.469s][info   ][gc,stats    ]     System Dictionary                14 us
[7.469s][info   ][gc,stats    ]     Weak Class Links                  1 us
[7.469s][info   ][gc,stats    ]     Code Roots                      562 us
[7.469s][info   ][gc,stats    ]   Rendezvous                       2741 us
[7.469s][info   ][gc,stats    ]   Purge Unlinked                    167 us
[7.469s][info   ][gc,stats    ]     Code Roots                      144 us
[7.469s][info   ][gc,stats    ]     CLDG                             19 us
[7.469s][info   ][gc,stats    ]     Exception Caches                  1 us
[7.469s][info   ][gc,stats    ] Pause Final Roots (G)              7050 us
[7.469s][info   ][gc,stats    ] Pause Final Roots (N)                44 us
[7.469s][info   ][gc,stats    ] Pacing                            49135 us
[7.469s][info   ][gc,stats    ] 
[7.469s][info   ][gc,stats    ] Allocation pacing accrued:
[7.469s][info   ][gc,stats    ]       6 of    94 ms (  6.8%): Thread-2
[7.469s][info   ][gc,stats    ]       7 of    94 ms (  7.2%): Thread-3
[7.469s][info   ][gc,stats    ]      11 of    94 ms ( 11.8%): Thread-4
[7.469s][info   ][gc,stats    ]       6 of    94 ms (  6.2%): Thread-5
[7.469s][info   ][gc,stats    ]      10 of    94 ms ( 10.7%): Thread-6
[7.469s][info   ][gc,stats    ]       9 of    94 ms (  9.4%): Thread-7
[7.469s][info   ][gc,stats    ]      49 of    94 ms ( 52.1%): <total>
[7.469s][info   ][gc,stats    ]       3 of    94 ms (  2.7%): <average total>
[7.469s][info   ][gc,stats    ]       8 of    94 ms (  8.7%): <average non-zero>
[7.469s][info   ][gc,stats    ] 
[7.469s][info   ][gc,metaspace] Metaspace: 213K(448K)->213K(448K) NonClass: 204K(320K)->204K(320K) Class: 9K(128K)->9K(128K)
[7.469s][info   ][gc,ergo     ] Pacer for Idle. Initial: 41943K, Alloc Tax Rate: 1.0x
[7.470s][info   ][gc          ] Trigger: Average GC time (69.07 ms) is above the time for average allocation rate (14893 MB/s) to deplete free headroom (985M) (margin of error = 1.90)
[7.470s][info   ][gc,ergo     ] Free headroom: 1088M (free) - 102M (spike) - 0B (penalties) = 985M
[7.470s][info   ][gc,ergo     ] Free: 1088M, Max: 1024K regular, 432M humongous, Frag: 61% external, 0% internal; Reserve: 103M, Max: 1024K
[7.470s][info   ][gc,start    ] GC(109) Concurrent reset
[7.470s][info   ][gc,task     ] GC(109) Using 1 of 2 workers for concurrent reset
[7.470s][info   ][gc,ergo     ] GC(109) Pacer for Reset. Non-Taxable: 2048M
[7.476s][info   ][gc          ] GC(109) Concurrent reset 5.458ms
[7.477s][info   ][gc,start    ] GC(109) Pause Init Mark (unload classes)
[7.477s][info   ][gc,task     ] GC(109) Using 2 of 2 workers for init marking
[7.477s][info   ][gc,ergo     ] GC(109) Pacer for Mark. Expected Live: 77760K, Free: 1024M, Non-Taxable: 102M, Alloc Tax Rate: 0.1x
[7.477s][info   ][gc          ] GC(109) Pause Init Mark (unload classes) 0.169ms
[7.483s][info   ][gc,start    ] GC(109) Concurrent marking roots
[7.483s][info   ][gc,task     ] GC(109) Using 1 of 2 workers for concurrent marking roots
[7.484s][info   ][gc          ] GC(109) Concurrent marking roots 1.531ms
[7.484s][info   ][gc,start    ] GC(109) Concurrent marking (unload classes)
[7.484s][info   ][gc,task     ] GC(109) Using 1 of 2 workers for concurrent marking
[7.486s][info   ][gc          ] GC(109) Concurrent marking (unload classes) 2.069ms
[7.487s][info   ][gc,start    ] GC(109) Pause Final Mark (unload classes)
[7.487s][info   ][gc,task     ] GC(109) Using 2 of 2 workers for final marking
[7.487s][info   ][gc,ergo     ] GC(109) Collectable Garbage: 394M (98%), Immediate: 394M (98%), CSet: 0B (0%)
[7.487s][info   ][gc          ] GC(109) Pause Final Mark (unload classes) 0.480ms
[7.487s][info   ][gc,start    ] GC(109) Concurrent weak references
[7.487s][info   ][gc,task     ] GC(109) Using 1 of 2 workers for concurrent weak references
[7.488s][info   ][gc,ref      ] GC(109) Encountered references: Soft: 11, Weak: 37, Final: 0, Phantom: 5
[7.488s][info   ][gc,ref      ] GC(109) Discovered  references: Soft: 0, Weak: 11, Final: 0, Phantom: 5
[7.488s][info   ][gc,ref      ] GC(109) Enqueued    references: Soft: 0, Weak: 0, Final: 0, Phantom: 0
[7.488s][info   ][gc          ] GC(109) Concurrent weak references 0.762ms
[7.488s][info   ][gc,start    ] GC(109) Concurrent weak roots
[7.488s][info   ][gc,task     ] GC(109) Using 1 of 2 workers for concurrent weak root
[7.489s][info   ][gc          ] GC(109) Concurrent weak roots 1.164ms
[7.489s][info   ][gc,start    ] GC(109) Concurrent cleanup
[7.490s][info   ][gc          ] GC(109) Concurrent cleanup 537M->148M(2048M) 0.628ms
[7.490s][info   ][gc,ergo     ] GC(109) Free: 1656M, Max: 1024K regular, 450M humongous, Frag: 73% external, 0% internal; Reserve: 103M, Max: 1024K
[7.490s][info   ][gc,start    ] GC(109) Concurrent class unloading
[7.490s][info   ][gc,task     ] GC(109) Using 1 of 2 workers for concurrent class unloading
[7.493s][info   ][gc          ] GC(109) Concurrent class unloading 2.473ms
[7.493s][info   ][gc,start    ] GC(109) Pause Final Roots
[7.493s][info   ][gc          ] GC(109) Pause Final Roots 0.019ms
[7.493s][info   ][gc,ergo     ] Free: 1614M, Max: 1024K regular, 450M humongous, Frag: 73% external, 0% internal; Reserve: 103M, Max: 1024K
[7.493s][info   ][gc,stats    ] 
[7.493s][info   ][gc,stats    ] All times are wall-clock times, except per-root-class counters, that are sum over
[7.493s][info   ][gc,stats    ] all workers. Dividing the <total> over the root stage time estimates parallelism.
[7.493s][info   ][gc,stats    ] 
[7.493s][info   ][gc,stats    ] Concurrent Reset                   5589 us
[7.493s][info   ][gc,stats    ] Pause Init Mark (G)                6644 us
[7.493s][info   ][gc,stats    ] Pause Init Mark (N)                 177 us
[7.493s][info   ][gc,stats    ]   Update Region States              108 us
[7.493s][info   ][gc,stats    ] Concurrent Mark Roots              1568 us, parallelism: 0.13x
[7.493s][info   ][gc,stats    ]   CMR: <total>                      210 us
[7.493s][info   ][gc,stats    ]   CMR: Thread Roots                 153 us, workers (us): 153, ---, 
[7.493s][info   ][gc,stats    ]   CMR: VM Strong Roots                9 us, workers (us):   9, ---, 
[7.493s][info   ][gc,stats    ]   CMR: CLDG Roots                    48 us, workers (us):  48, ---, 
[7.493s][info   ][gc,stats    ] Concurrent Marking                 2113 us
[7.493s][info   ][gc,stats    ] Pause Final Mark (G)               1094 us
[7.493s][info   ][gc,stats    ] Pause Final Mark (N)                489 us
[7.493s][info   ][gc,stats    ]   Finish Mark                       134 us
[7.493s][info   ][gc,stats    ]   Update Region States              169 us
[7.493s][info   ][gc,stats    ]   Choose Collection Set             117 us
[7.493s][info   ][gc,stats    ]   Rebuild Free Set                   10 us
[7.493s][info   ][gc,stats    ] Concurrent Weak References          773 us, parallelism: 0.01x
[7.493s][info   ][gc,stats    ]   CWRF: <total>                       9 us
[7.493s][info   ][gc,stats    ]   CWRF: Weak References               9 us, workers (us):   9, ---, 
[7.493s][info   ][gc,stats    ] Concurrent Weak Roots              1195 us
[7.493s][info   ][gc,stats    ]   Roots                             414 us, parallelism: 0.33x
[7.493s][info   ][gc,stats    ]     CWR: <total>                    136 us
[7.493s][info   ][gc,stats    ]     CWR: Code Cache Roots            90 us, workers (us):  90, ---, 
[7.493s][info   ][gc,stats    ]     CWR: VM Weak Roots               43 us, workers (us):  43, ---, 
[7.493s][info   ][gc,stats    ]     CWR: CLDG Roots                   2 us, workers (us):   2, ---, 
[7.493s][info   ][gc,stats    ]   Rendezvous                        728 us
[7.493s][info   ][gc,stats    ] Concurrent Cleanup                  641 us
[7.493s][info   ][gc,stats    ] Concurrent Class Unloading         2548 us
[7.493s][info   ][gc,stats    ]   Unlink Stale                      352 us
[7.493s][info   ][gc,stats    ]     System Dictionary                10 us
[7.494s][info   ][gc,stats    ]     Weak Class Links                  2 us
[7.494s][info   ][gc,stats    ]     Code Roots                      336 us
[7.494s][info   ][gc,stats    ]   Rendezvous                        633 us
[7.494s][info   ][gc,stats    ]   Purge Unlinked                   1465 us
[7.494s][info   ][gc,stats    ]     Code Roots                     1441 us
[7.494s][info   ][gc,stats    ]     CLDG                             20 us
[7.494s][info   ][gc,stats    ]     Exception Caches                  1 us
[7.494s][info   ][gc,stats    ] Pause Final Roots (G)               515 us
[7.494s][info   ][gc,stats    ] Pause Final Roots (N)                57 us
[7.494s][info   ][gc,stats    ] Pacing                            28005 us
[7.494s][info   ][gc,stats    ] 
[7.494s][info   ][gc,stats    ] Allocation pacing accrued:
[7.494s][info   ][gc,stats    ]      10 of    25 ms ( 38.9%): Thread-1
[7.494s][info   ][gc,stats    ]       9 of    25 ms ( 37.8%): Thread-6
[7.494s][info   ][gc,stats    ]       9 of    25 ms ( 37.6%): Thread-7
[7.494s][info   ][gc,stats    ]      28 of    25 ms (114.3%): <total>
[7.494s][info   ][gc,stats    ]       1 of    25 ms (  6.0%): <average total>
[7.494s][info   ][gc,stats    ]       9 of    25 ms ( 38.1%): <average non-zero>
[7.494s][info   ][gc,stats    ] 
[7.494s][info   ][gc,metaspace] Metaspace: 213K(448K)->213K(448K) NonClass: 204K(320K)->204K(320K) Class: 9K(128K)->9K(128K)
[7.494s][info   ][gc,ergo     ] Pacer for Idle. Initial: 41943K, Alloc Tax Rate: 1.0x
[7.536s][info   ][gc          ] Trigger: Average GC time (59.31 ms) is above the time for average allocation rate (14876 MB/s) to deplete free headroom (871M) (margin of error = 1.89)
[7.536s][info   ][gc,ergo     ] Free headroom: 974M (free) - 102M (spike) - 0B (penalties) = 871M
[7.536s][info   ][gc,ergo     ] Free: 972M, Max: 1024K regular, 450M humongous, Frag: 54% external, 0% internal; Reserve: 103M, Max: 1024K
[7.536s][info   ][gc,start    ] GC(110) Concurrent reset
[7.536s][info   ][gc,task     ] GC(110) Using 1 of 2 workers for concurrent reset
[7.536s][info   ][gc,ergo     ] GC(110) Pacer for Reset. Non-Taxable: 2048M
[7.539s][info   ][gc          ] GC(110) Concurrent reset 2.780ms
[7.540s][info   ][gc,start    ] GC(110) Pause Init Mark (unload classes)
[7.540s][info   ][gc,task     ] GC(110) Using 2 of 2 workers for init marking
[7.540s][info   ][gc,ergo     ] GC(110) Pacer for Mark. Expected Live: 64653K, Free: 932M, Non-Taxable: 95436K, Alloc Tax Rate: 0.1x
[7.541s][info   ][gc          ] GC(110) Pause Init Mark (unload classes) 0.143ms
[7.541s][info   ][gc,start    ] GC(110) Concurrent marking roots
[7.541s][info   ][gc,task     ] GC(110) Using 1 of 2 workers for concurrent marking roots
[7.544s][info   ][gc          ] GC(110) Concurrent marking roots 2.938ms
[7.544s][info   ][gc,start    ] GC(110) Concurrent marking (unload classes)
[7.544s][info   ][gc,task     ] GC(110) Using 1 of 2 workers for concurrent marking
[7.556s][info   ][gc          ] GC(110) Concurrent marking (unload classes) 12.156ms
[7.557s][info   ][gc,start    ] GC(110) Pause Final Mark (unload classes)
[7.557s][info   ][gc,task     ] GC(110) Using 2 of 2 workers for final marking
[7.558s][info   ][gc,ergo     ] GC(110) Collectable Garbage: 460M (98%), Immediate: 460M (98%), CSet: 0B (0%)
[7.558s][info   ][gc          ] GC(110) Pause Final Mark (unload classes) 1.192ms
[7.564s][info   ][gc,start    ] GC(110) Concurrent weak references
[7.564s][info   ][gc,task     ] GC(110) Using 1 of 2 workers for concurrent weak references
[7.567s][info   ][gc,ref      ] GC(110) Encountered references: Soft: 11, Weak: 37, Final: 0, Phantom: 5
[7.568s][info   ][gc,ref      ] GC(110) Discovered  references: Soft: 0, Weak: 11, Final: 0, Phantom: 5
[7.568s][info   ][gc,ref      ] GC(110) Enqueued    references: Soft: 0, Weak: 0, Final: 0, Phantom: 0
[7.568s][info   ][gc          ] GC(110) Concurrent weak references 4.046ms
[7.568s][info   ][gc,start    ] GC(110) Concurrent weak roots
[7.568s][info   ][gc,task     ] GC(110) Using 1 of 2 workers for concurrent weak root
[7.573s][info   ][gc          ] GC(110) Concurrent weak roots 5.078ms
[7.573s][info   ][gc,start    ] GC(110) Concurrent cleanup
[7.574s][info   ][gc          ] GC(110) Concurrent cleanup 747M->291M(2048M) 0.636ms
[7.574s][info   ][gc,ergo     ] GC(110) Free: 1370M, Max: 1024K regular, 462M humongous, Frag: 67% external, 0% internal; Reserve: 103M, Max: 1024K
[7.574s][info   ][gc,start    ] GC(110) Concurrent class unloading
[7.574s][info   ][gc,task     ] GC(110) Using 1 of 2 workers for concurrent class unloading
[7.580s][info   ][gc          ] GC(110) Concurrent class unloading 6.090ms
[7.581s][info   ][gc,start    ] GC(110) Pause Final Roots
[7.581s][info   ][gc          ] GC(110) Pause Final Roots 0.043ms
[7.584s][info   ][gc,ergo     ] Free: 1234M, Max: 1024K regular, 462M humongous, Frag: 63% external, 0% internal; Reserve: 103M, Max: 1024K
[7.584s][info   ][gc,stats    ] 
[7.584s][info   ][gc,stats    ] All times are wall-clock times, except per-root-class counters, that are sum over
[7.584s][info   ][gc,stats    ] all workers. Dividing the <total> over the root stage time estimates parallelism.
[7.584s][info   ][gc,stats    ] 
[7.584s][info   ][gc,stats    ] Concurrent Reset                   2866 us
[7.584s][info   ][gc,stats    ] Pause Init Mark (G)                1376 us
[7.584s][info   ][gc,stats    ] Pause Init Mark (N)                 152 us
[7.584s][info   ][gc,stats    ]   Update Region States               74 us
[7.584s][info   ][gc,stats    ] Concurrent Mark Roots              3032 us, parallelism: 0.95x
[7.584s][info   ][gc,stats    ]   CMR: <total>                     2875 us
[7.584s][info   ][gc,stats    ]   CMR: Thread Roots                2823 us, workers (us): 2823, ---, 
[7.584s][info   ][gc,stats    ]   CMR: VM Strong Roots                7 us, workers (us):   7, ---, 
[7.584s][info   ][gc,stats    ]   CMR: CLDG Roots                    46 us, workers (us):  46, ---, 
[7.584s][info   ][gc,stats    ] Concurrent Marking                12357 us
[7.584s][info   ][gc,stats    ] Pause Final Mark (G)               7727 us
[7.584s][info   ][gc,stats    ] Pause Final Mark (N)               1202 us
[7.584s][info   ][gc,stats    ]   Finish Mark                       958 us
[7.584s][info   ][gc,stats    ]   Update Region States               52 us
[7.584s][info   ][gc,stats    ]   Choose Collection Set             103 us
[7.584s][info   ][gc,stats    ]   Rebuild Free Set                   12 us
[7.584s][info   ][gc,stats    ] Concurrent Weak References         4081 us, parallelism: 0.01x
[7.584s][info   ][gc,stats    ]   CWRF: <total>                      22 us
[7.584s][info   ][gc,stats    ]   CWRF: Weak References              22 us, workers (us):  22, ---, 
[7.584s][info   ][gc,stats    ] Concurrent Weak Roots              5173 us
[7.584s][info   ][gc,stats    ]   Roots                            2538 us, parallelism: 0.07x
[7.584s][info   ][gc,stats    ]     CWR: <total>                    188 us
[7.584s][info   ][gc,stats    ]     CWR: Code Cache Roots           105 us, workers (us): 105, ---, 
[7.584s][info   ][gc,stats    ]     CWR: VM Weak Roots               80 us, workers (us):  80, ---, 
[7.584s][info   ][gc,stats    ]     CWR: CLDG Roots                   4 us, workers (us):   4, ---, 
[7.584s][info   ][gc,stats    ]   Rendezvous                       2475 us
[7.584s][info   ][gc,stats    ] Concurrent Cleanup                  671 us
[7.584s][info   ][gc,stats    ] Concurrent Class Unloading         6251 us
[7.584s][info   ][gc,stats    ]   Unlink Stale                      370 us
[7.584s][info   ][gc,stats    ]     System Dictionary                13 us
[7.584s][info   ][gc,stats    ]     Weak Class Links                  1 us
[7.584s][info   ][gc,stats    ]     Code Roots                      350 us
[7.584s][info   ][gc,stats    ]   Rendezvous                       3721 us
[7.584s][info   ][gc,stats    ]   Purge Unlinked                   1966 us
[7.584s][info   ][gc,stats    ]     Code Roots                     1938 us
[7.584s][info   ][gc,stats    ]     CLDG                             22 us
[7.584s][info   ][gc,stats    ]     Exception Caches                  1 us
[7.584s][info   ][gc,stats    ] Pause Final Roots (G)              3460 us
[7.584s][info   ][gc,stats    ] Pause Final Roots (N)                53 us
[7.584s][info   ][gc,stats    ] Pacing                            49334 us
[7.584s][info   ][gc,stats    ] 
[7.584s][info   ][gc,stats    ] Allocation pacing accrued:
[7.584s][info   ][gc,stats    ]      12 of    90 ms ( 13.0%): Thread-0
[7.584s][info   ][gc,stats    ]      10 of    90 ms ( 10.7%): Thread-2
[7.584s][info   ][gc,stats    ]      12 of    90 ms ( 13.7%): Thread-4
[7.584s][info   ][gc,stats    ]       8 of    90 ms (  8.7%): Thread-5
[7.584s][info   ][gc,stats    ]       8 of    90 ms (  8.4%): Thread-7
[7.584s][info   ][gc,stats    ]      49 of    90 ms ( 54.5%): <total>
[7.584s][info   ][gc,stats    ]       3 of    90 ms (  2.9%): <average total>
[7.584s][info   ][gc,stats    ]      10 of    90 ms ( 10.9%): <average non-zero>
[7.584s][info   ][gc,stats    ] 
[7.584s][info   ][gc,metaspace] Metaspace: 213K(448K)->213K(448K) NonClass: 204K(320K)->204K(320K) Class: 9K(128K)->9K(128K)
[7.584s][info   ][gc,ergo     ] Pacer for Idle. Initial: 41943K, Alloc Tax Rate: 1.0x
[7.601s][info   ][gc          ] Trigger: Average GC time (63.04 ms) is above the time for average allocation rate (14876 MB/s) to deplete free headroom (889M) (margin of error = 1.89)
[7.601s][info   ][gc,ergo     ] Free headroom: 992M (free) - 102M (spike) - 0B (penalties) = 889M
[7.601s][info   ][gc,ergo     ] Free: 990M, Max: 1024K regular, 462M humongous, Frag: 54% external, 0% internal; Reserve: 103M, Max: 1024K
[7.601s][info   ][gc,start    ] GC(111) Concurrent reset
[7.601s][info   ][gc,task     ] GC(111) Using 1 of 2 workers for concurrent reset
[7.601s][info   ][gc,ergo     ] GC(111) Pacer for Reset. Non-Taxable: 2048M
[7.607s][info   ][gc          ] GC(111) Concurrent reset 6.509ms
[7.609s][info   ][gc,start    ] GC(111) Pause Init Mark (unload classes)
[7.609s][info   ][gc,task     ] GC(111) Using 2 of 2 workers for init marking
[7.609s][info   ][gc,ergo     ] GC(111) Pacer for Mark. Expected Live: 59738K, Free: 890M, Non-Taxable: 91136K, Alloc Tax Rate: 0.1x
[7.609s][info   ][gc          ] GC(111) Pause Init Mark (unload classes) 0.174ms
[7.611s][info   ][gc,start    ] GC(111) Concurrent marking roots
[7.611s][info   ][gc,task     ] GC(111) Using 1 of 2 workers for concurrent marking roots
[7.612s][info   ][gc          ] GC(111) Concurrent marking roots 0.732ms
[7.612s][info   ][gc,start    ] GC(111) Concurrent marking (unload classes)
[7.612s][info   ][gc,task     ] GC(111) Using 1 of 2 workers for concurrent marking
[7.626s][info   ][gc          ] GC(111) Concurrent marking (unload classes) 13.618ms
[7.628s][info   ][gc,start    ] GC(111) Pause Final Mark (unload classes)
[7.628s][info   ][gc,task     ] GC(111) Using 2 of 2 workers for final marking
[7.628s][info   ][gc,ergo     ] GC(111) Collectable Garbage: 475M (98%), Immediate: 475M (98%), CSet: 0B (0%)
[7.628s][info   ][gc          ] GC(111) Pause Final Mark (unload classes) 0.264ms
[7.631s][info   ][gc,start    ] GC(111) Concurrent weak references
[7.632s][info   ][gc,task     ] GC(111) Using 1 of 2 workers for concurrent weak references
[7.636s][info   ][gc,ref      ] GC(111) Encountered references: Soft: 11, Weak: 37, Final: 0, Phantom: 5
[7.636s][info   ][gc,ref      ] GC(111) Discovered  references: Soft: 0, Weak: 11, Final: 0, Phantom: 5
[7.636s][info   ][gc,ref      ] GC(111) Enqueued    references: Soft: 0, Weak: 0, Final: 0, Phantom: 0
[7.636s][info   ][gc          ] GC(111) Concurrent weak references 4.414ms
[7.636s][info   ][gc,start    ] GC(111) Concurrent weak roots
[7.636s][info   ][gc,task     ] GC(111) Using 1 of 2 workers for concurrent weak root
[7.641s][info   ][gc          ] GC(111) Concurrent weak roots 4.718ms
[7.641s][info   ][gc,start    ] GC(111) Concurrent cleanup
[7.641s][info   ][gc          ] GC(111) Concurrent cleanup 762M->293M(2048M) 0.689ms
[7.641s][info   ][gc,ergo     ] GC(111) Free: 1366M, Max: 1024K regular, 428M humongous, Frag: 69% external, 0% internal; Reserve: 103M, Max: 1024K
[7.641s][info   ][gc,start    ] GC(111) Concurrent class unloading
[7.642s][info   ][gc,task     ] GC(111) Using 1 of 2 workers for concurrent class unloading
[7.648s][info   ][gc          ] GC(111) Concurrent class unloading 6.433ms
[7.649s][info   ][gc,start    ] GC(111) Pause Final Roots
[7.649s][info   ][gc          ] GC(111) Pause Final Roots 0.031ms
[7.653s][info   ][gc,ergo     ] Free: 1216M, Max: 1024K regular, 428M humongous, Frag: 65% external, 0% internal; Reserve: 103M, Max: 1024K
[7.653s][info   ][gc,stats    ] 
[7.653s][info   ][gc,stats    ] All times are wall-clock times, except per-root-class counters, that are sum over
[7.653s][info   ][gc,stats    ] all workers. Dividing the <total> over the root stage time estimates parallelism.
[7.653s][info   ][gc,stats    ] 
[7.653s][info   ][gc,stats    ] Concurrent Reset                   6637 us
[7.653s][info   ][gc,stats    ] Pause Init Mark (G)                3816 us
[7.653s][info   ][gc,stats    ] Pause Init Mark (N)                 181 us
[7.653s][info   ][gc,stats    ]   Update Region States              123 us
[7.653s][info   ][gc,stats    ] Concurrent Mark Roots               825 us, parallelism: 0.56x
[7.653s][info   ][gc,stats    ]   CMR: <total>                      460 us
[7.653s][info   ][gc,stats    ]   CMR: Thread Roots                 339 us, workers (us): 339, ---, 
[7.653s][info   ][gc,stats    ]   CMR: VM Strong Roots               14 us, workers (us):  14, ---, 
[7.653s][info   ][gc,stats    ]   CMR: CLDG Roots                   107 us, workers (us): 107, ---, 
[7.653s][info   ][gc,stats    ] Concurrent Marking                13772 us
[7.653s][info   ][gc,stats    ] Pause Final Mark (G)               5479 us
[7.653s][info   ][gc,stats    ] Pause Final Mark (N)                273 us
[7.653s][info   ][gc,stats    ]   Finish Mark                        77 us
[7.653s][info   ][gc,stats    ]   Update Region States               38 us
[7.653s][info   ][gc,stats    ]   Choose Collection Set              91 us
[7.653s][info   ][gc,stats    ]   Rebuild Free Set                    8 us
[7.653s][info   ][gc,stats    ] Concurrent Weak References         4486 us, parallelism: 0.00x
[7.653s][info   ][gc,stats    ]   CWRF: <total>                      17 us
[7.653s][info   ][gc,stats    ]   CWRF: Weak References              17 us, workers (us):  17, ---, 
[7.653s][info   ][gc,stats    ] Concurrent Weak Roots              4813 us
[7.653s][info   ][gc,stats    ]   Roots                             214 us, parallelism: 0.70x
[7.653s][info   ][gc,stats    ]     CWR: <total>                    150 us
[7.653s][info   ][gc,stats    ]     CWR: Code Cache Roots            91 us, workers (us):  91, ---, 
[7.653s][info   ][gc,stats    ]     CWR: VM Weak Roots               55 us, workers (us):  55, ---, 
[7.653s][info   ][gc,stats    ]     CWR: CLDG Roots                   4 us, workers (us):   4, ---, 
[7.653s][info   ][gc,stats    ]   Rendezvous                       4476 us
[7.653s][info   ][gc,stats    ] Concurrent Cleanup                  719 us
[7.653s][info   ][gc,stats    ] Concurrent Class Unloading         6618 us
[7.653s][info   ][gc,stats    ]   Unlink Stale                     2414 us
[7.653s][info   ][gc,stats    ]     System Dictionary                12 us
[7.653s][info   ][gc,stats    ]     Weak Class Links                  1 us
[7.653s][info   ][gc,stats    ]     Code Roots                     2394 us
[7.653s][info   ][gc,stats    ]   Rendezvous                       3887 us
[7.653s][info   ][gc,stats    ]   Purge Unlinked                    104 us
[7.653s][info   ][gc,stats    ]     Code Roots                       72 us
[7.653s][info   ][gc,stats    ]     CLDG                             28 us
[7.653s][info   ][gc,stats    ]     Exception Caches                  1 us
[7.653s][info   ][gc,stats    ] Pause Final Roots (G)              4581 us
[7.653s][info   ][gc,stats    ] Pause Final Roots (N)                41 us
[7.653s][info   ][gc,stats    ] Pacing                            65127 us
[7.653s][info   ][gc,stats    ] 
[7.653s][info   ][gc,stats    ] Allocation pacing accrued:
[7.653s][info   ][gc,stats    ]       9 of    69 ms ( 13.7%): Thread-0
[7.653s][info   ][gc,stats    ]      10 of    69 ms ( 13.9%): Thread-1
[7.653s][info   ][gc,stats    ]      12 of    69 ms ( 17.5%): Thread-2
[7.653s][info   ][gc,stats    ]       9 of    69 ms ( 13.3%): Thread-3
[7.653s][info   ][gc,stats    ]      12 of    69 ms ( 17.8%): Thread-5
[7.653s][info   ][gc,stats    ]      12 of    69 ms ( 17.9%): Thread-7
[7.653s][info   ][gc,stats    ]      65 of    69 ms ( 94.1%): <total>
[7.653s][info   ][gc,stats    ]       3 of    69 ms (  5.0%): <average total>
[7.653s][info   ][gc,stats    ]      11 of    69 ms ( 15.7%): <average non-zero>
[7.653s][info   ][gc,stats    ] 
[7.653s][info   ][gc,metaspace] Metaspace: 213K(448K)->213K(448K) NonClass: 204K(320K)->204K(320K) Class: 9K(128K)->9K(128K)
[7.653s][info   ][gc,ergo     ] Pacer for Idle. Initial: 41943K, Alloc Tax Rate: 1.0x
[7.663s][info   ][gc          ] Trigger: Average GC time (65.72 ms) is above the time for average allocation rate (14876 MB/s) to deplete free headroom (961M) (margin of error = 1.89)
[7.663s][info   ][gc,ergo     ] Free headroom: 1064M (free) - 102M (spike) - 0B (penalties) = 961M
[7.663s][info   ][gc,ergo     ] Free: 1062M, Max: 1024K regular, 428M humongous, Frag: 60% external, 0% internal; Reserve: 103M, Max: 1024K
[7.663s][info   ][gc,start    ] GC(112) Concurrent reset
[7.663s][info   ][gc,task     ] GC(112) Using 1 of 2 workers for concurrent reset
[7.663s][info   ][gc,ergo     ] GC(112) Pacer for Reset. Non-Taxable: 2048M
[7.664s][info   ][gc          ] GC(112) Concurrent reset 1.265ms
[7.665s][info   ][gc,start    ] GC(112) Pause Init Mark (unload classes)
[7.665s][info   ][gc,task     ] GC(112) Using 2 of 2 workers for init marking
[7.665s][info   ][gc,ergo     ] GC(112) Pacer for Mark. Expected Live: 54208K, Free: 1046M, Non-Taxable: 104M, Alloc Tax Rate: 0.1x
[7.665s][info   ][gc          ] GC(112) Pause Init Mark (unload classes) 0.136ms
[7.667s][info   ][gc,start    ] GC(112) Concurrent marking roots
[7.668s][info   ][gc,task     ] GC(112) Using 1 of 2 workers for concurrent marking roots
[7.668s][info   ][gc          ] GC(112) Concurrent marking roots 0.997ms
[7.669s][info   ][gc,start    ] GC(112) Concurrent marking (unload classes)
[7.669s][info   ][gc,task     ] GC(112) Using 1 of 2 workers for concurrent marking
[7.683s][info   ][gc          ] GC(112) Concurrent marking (unload classes) 14.925ms
[7.685s][info   ][gc,start    ] GC(112) Pause Final Mark (unload classes)
[7.685s][info   ][gc,task     ] GC(112) Using 2 of 2 workers for final marking
[7.685s][info   ][gc,ergo     ] GC(112) Collectable Garbage: 401M (98%), Immediate: 401M (98%), CSet: 0B (0%)
[7.685s][info   ][gc          ] GC(112) Pause Final Mark (unload classes) 0.292ms
[7.691s][info   ][gc,start    ] GC(112) Concurrent weak references
[7.691s][info   ][gc,task     ] GC(112) Using 1 of 2 workers for concurrent weak references
[7.691s][info   ][gc,ref      ] GC(112) Encountered references: Soft: 11, Weak: 37, Final: 0, Phantom: 5
[7.691s][info   ][gc,ref      ] GC(112) Discovered  references: Soft: 0, Weak: 11, Final: 0, Phantom: 5
[7.691s][info   ][gc,ref      ] GC(112) Enqueued    references: Soft: 0, Weak: 0, Final: 0, Phantom: 0
[7.691s][info   ][gc          ] GC(112) Concurrent weak references 0.468ms
[7.691s][info   ][gc,start    ] GC(112) Concurrent weak roots
[7.691s][info   ][gc,task     ] GC(112) Using 1 of 2 workers for concurrent weak root
[7.699s][info   ][gc          ] GC(112) Concurrent weak roots 7.737ms
[7.699s][info   ][gc,start    ] GC(112) Concurrent cleanup
[7.700s][info   ][gc          ] GC(112) Concurrent cleanup 689M->291M(2048M) 0.629ms
[7.700s][info   ][gc,ergo     ] GC(112) Free: 1370M, Max: 1024K regular, 612M humongous, Frag: 56% external, 0% internal; Reserve: 103M, Max: 1024K
[7.700s][info   ][gc,start    ] GC(112) Concurrent class unloading
[7.700s][info   ][gc,task     ] GC(112) Using 1 of 2 workers for concurrent class unloading
[7.705s][info   ][gc          ] GC(112) Concurrent class unloading 4.684ms
[7.706s][info   ][gc,start    ] GC(112) Pause Final Roots
[7.706s][info   ][gc          ] GC(112) Pause Final Roots 0.050ms
[7.712s][info   ][gc,ergo     ] Free: 1194M, Max: 1024K regular, 612M humongous, Frag: 49% external, 0% internal; Reserve: 103M, Max: 1024K
[7.712s][info   ][gc,stats    ] 
[7.712s][info   ][gc,stats    ] All times are wall-clock times, except per-root-class counters, that are sum over
[7.712s][info   ][gc,stats    ] all workers. Dividing the <total> over the root stage time estimates parallelism.
[7.712s][info   ][gc,stats    ] 
[7.712s][info   ][gc,stats    ] Concurrent Reset                   1352 us
[7.712s][info   ][gc,stats    ] Pause Init Mark (G)                3256 us
[7.712s][info   ][gc,stats    ] Pause Init Mark (N)                 146 us
[7.712s][info   ][gc,stats    ]   Update Region States               56 us
[7.712s][info   ][gc,stats    ] Concurrent Mark Roots              1028 us, parallelism: 0.30x
[7.712s][info   ][gc,stats    ]   CMR: <total>                      310 us
[7.713s][info   ][gc,stats    ]   CMR: Thread Roots                 191 us, workers (us): 191, ---, 
[7.713s][info   ][gc,stats    ]   CMR: VM Strong Roots               21 us, workers (us):  21, ---, 
[7.713s][info   ][gc,stats    ]   CMR: CLDG Roots                    98 us, workers (us):  98, ---, 
[7.713s][info   ][gc,stats    ] Concurrent Marking                15070 us
[7.713s][info   ][gc,stats    ] Pause Final Mark (G)               6944 us
[7.713s][info   ][gc,stats    ] Pause Final Mark (N)                301 us
[7.713s][info   ][gc,stats    ]   Finish Mark                        63 us
[7.713s][info   ][gc,stats    ]   Update Region States               65 us
[7.713s][info   ][gc,stats    ]   Choose Collection Set             112 us
[7.713s][info   ][gc,stats    ]   Rebuild Free Set                    9 us
[7.713s][info   ][gc,stats    ] Concurrent Weak References          520 us, parallelism: 0.04x
[7.713s][info   ][gc,stats    ]   CWRF: <total>                      20 us
[7.713s][info   ][gc,stats    ]   CWRF: Weak References              20 us, workers (us):  20, ---, 
[7.713s][info   ][gc,stats    ] Concurrent Weak Roots              7933 us
[7.713s][info   ][gc,stats    ]   Roots                            5319 us, parallelism: 0.07x
[7.713s][info   ][gc,stats    ]     CWR: <total>                    362 us
[7.713s][info   ][gc,stats    ]     CWR: Code Cache Roots           172 us, workers (us): 172, ---, 
[7.713s][info   ][gc,stats    ]     CWR: VM Weak Roots              173 us, workers (us): 173, ---, 
[7.713s][info   ][gc,stats    ]     CWR: CLDG Roots                  17 us, workers (us):  17, ---, 
[7.713s][info   ][gc,stats    ]   Rendezvous                       2349 us
[7.713s][info   ][gc,stats    ] Concurrent Cleanup                  677 us
[7.713s][info   ][gc,stats    ] Concurrent Class Unloading         4984 us
[7.713s][info   ][gc,stats    ]   Unlink Stale                      466 us
[7.713s][info   ][gc,stats    ]     System Dictionary                12 us
[7.713s][info   ][gc,stats    ]     Weak Class Links                  1 us
[7.713s][info   ][gc,stats    ]     Code Roots                      447 us
[7.713s][info   ][gc,stats    ]   Rendezvous                       1649 us
[7.713s][info   ][gc,stats    ]   Purge Unlinked                   2535 us
[7.713s][info   ][gc,stats    ]     Code Roots                     2515 us
[7.713s][info   ][gc,stats    ]     CLDG                             14 us
[7.713s][info   ][gc,stats    ]     Exception Caches                  2 us
[7.713s][info   ][gc,stats    ] Pause Final Roots (G)              7236 us
[7.713s][info   ][gc,stats    ] Pause Final Roots (N)                60 us
[7.713s][info   ][gc,stats    ] Pacing                             3863 us
[7.713s][info   ][gc,stats    ] 
[7.713s][info   ][gc,stats    ] Allocation pacing accrued:
[7.713s][info   ][gc,stats    ]       4 of    60 ms (  6.5%): Thread-1
[7.713s][info   ][gc,stats    ]       4 of    60 ms (  6.5%): <total>
[7.713s][info   ][gc,stats    ]       0 of    60 ms (  0.3%): <average total>
[7.713s][info   ][gc,stats    ]       4 of    60 ms (  6.5%): <average non-zero>
[7.713s][info   ][gc,stats    ] 
[7.713s][info   ][gc,metaspace] Metaspace: 213K(448K)->213K(448K) NonClass: 204K(320K)->204K(320K) Class: 9K(128K)->9K(128K)
[7.713s][info   ][gc,ergo     ] Pacer for Idle. Initial: 41943K, Alloc Tax Rate: 1.0x
[7.725s][info   ][gc          ] Trigger: Average GC time (61.87 ms) is above the time for average allocation rate (14876 MB/s) to deplete free headroom (913M) (margin of error = 1.89)
[7.725s][info   ][gc,ergo     ] Free headroom: 1016M (free) - 102M (spike) - 0B (penalties) = 913M
[7.725s][info   ][gc,ergo     ] Free: 1014M, Max: 1024K regular, 612M humongous, Frag: 40% external, 0% internal; Reserve: 103M, Max: 1024K
[7.725s][info   ][gc,start    ] GC(113) Concurrent reset
[7.725s][info   ][gc,task     ] GC(113) Using 1 of 2 workers for concurrent reset
[7.726s][info   ][gc,ergo     ] GC(113) Pacer for Reset. Non-Taxable: 2048M
[7.727s][info   ][gc          ] GC(113) Concurrent reset 1.494ms
[7.728s][info   ][gc,start    ] GC(113) Pause Init Mark (unload classes)
[7.728s][info   ][gc,task     ] GC(113) Using 2 of 2 workers for init marking
[7.728s][info   ][gc,ergo     ] GC(113) Pacer for Mark. Expected Live: 57075K, Free: 996M, Non-Taxable: 101990K, Alloc Tax Rate: 0.1x
[7.728s][info   ][gc          ] GC(113) Pause Init Mark (unload classes) 0.134ms
[7.729s][info   ][gc,start    ] GC(113) Concurrent marking roots
[7.729s][info   ][gc,task     ] GC(113) Using 1 of 2 workers for concurrent marking roots
[7.733s][info   ][gc          ] GC(113) Concurrent marking roots 4.616ms
[7.733s][info   ][gc,start    ] GC(113) Concurrent marking (unload classes)
[7.733s][info   ][gc,task     ] GC(113) Using 1 of 2 workers for concurrent marking
[7.740s][info   ][gc          ] GC(113) Concurrent marking (unload classes) 6.663ms
[7.741s][info   ][gc,start    ] GC(113) Pause Final Mark (unload classes)
[7.741s][info   ][gc,task     ] GC(113) Using 2 of 2 workers for final marking
[7.741s][info   ][gc,ergo     ] GC(113) Collectable Garbage: 406M (98%), Immediate: 406M (98%), CSet: 0B (0%)
[7.741s][info   ][gc          ] GC(113) Pause Final Mark (unload classes) 0.325ms
[7.741s][info   ][gc,start    ] GC(113) Concurrent weak references
[7.741s][info   ][gc,task     ] GC(113) Using 1 of 2 workers for concurrent weak references
[7.741s][info   ][gc,ref      ] GC(113) Encountered references: Soft: 11, Weak: 37, Final: 0, Phantom: 5
[7.741s][info   ][gc,ref      ] GC(113) Discovered  references: Soft: 0, Weak: 11, Final: 0, Phantom: 5
[7.741s][info   ][gc,ref      ] GC(113) Enqueued    references: Soft: 0, Weak: 0, Final: 0, Phantom: 0
[7.741s][info   ][gc          ] GC(113) Concurrent weak references 0.301ms
[7.741s][info   ][gc,start    ] GC(113) Concurrent weak roots
[7.741s][info   ][gc,task     ] GC(113) Using 1 of 2 workers for concurrent weak root
[7.747s][info   ][gc          ] GC(113) Concurrent weak roots 5.513ms
[7.747s][info   ][gc,start    ] GC(113) Concurrent cleanup
[7.748s][info   ][gc          ] GC(113) Concurrent cleanup 609M->209M(2048M) 0.745ms
[7.748s][info   ][gc,ergo     ] GC(113) Free: 1534M, Max: 1024K regular, 904M humongous, Frag: 42% external, 0% internal; Reserve: 103M, Max: 1024K
[7.748s][info   ][gc,start    ] GC(113) Concurrent class unloading
[7.748s][info   ][gc,task     ] GC(113) Using 1 of 2 workers for concurrent class unloading
[7.755s][info   ][gc          ] GC(113) Concurrent class unloading 7.538ms
[7.756s][info   ][gc,start    ] GC(113) Pause Final Roots
[7.756s][info   ][gc          ] GC(113) Pause Final Roots 0.046ms
[7.757s][info   ][gc,ergo     ] Free: 1410M, Max: 1024K regular, 904M humongous, Frag: 36% external, 0% internal; Reserve: 103M, Max: 1024K
[7.757s][info   ][gc,stats    ] 
[7.757s][info   ][gc,stats    ] All times are wall-clock times, except per-root-class counters, that are sum over
[7.757s][info   ][gc,stats    ] all workers. Dividing the <total> over the root stage time estimates parallelism.
[7.757s][info   ][gc,stats    ] 
[7.757s][info   ][gc,stats    ] Concurrent Reset                   1548 us
[7.757s][info   ][gc,stats    ] Pause Init Mark (G)                1503 us
[7.757s][info   ][gc,stats    ] Pause Init Mark (N)                 143 us
[7.757s][info   ][gc,stats    ]   Update Region States               66 us
[7.757s][info   ][gc,stats    ] Concurrent Mark Roots              4716 us, parallelism: 0.37x
[7.757s][info   ][gc,stats    ]   CMR: <total>                     1754 us
[7.757s][info   ][gc,stats    ]   CMR: Thread Roots                1694 us, workers (us): 1694, ---, 
[7.757s][info   ][gc,stats    ]   CMR: VM Strong Roots               13 us, workers (us):  13, ---, 
[7.757s][info   ][gc,stats    ]   CMR: CLDG Roots                    47 us, workers (us):  47, ---, 
[7.757s][info   ][gc,stats    ] Concurrent Marking                 6789 us
[7.757s][info   ][gc,stats    ] Pause Final Mark (G)                836 us
[7.757s][info   ][gc,stats    ] Pause Final Mark (N)                334 us
[7.757s][info   ][gc,stats    ]   Finish Mark                       115 us
[7.757s][info   ][gc,stats    ]   Update Region States               79 us
[7.757s][info   ][gc,stats    ]   Choose Collection Set              88 us
[7.757s][info   ][gc,stats    ]   Rebuild Free Set                    9 us
[7.757s][info   ][gc,stats    ] Concurrent Weak References          308 us, parallelism: 0.04x
[7.757s][info   ][gc,stats    ]   CWRF: <total>                      12 us
[7.757s][info   ][gc,stats    ]   CWRF: Weak References              12 us, workers (us):  12, ---, 
[7.757s][info   ][gc,stats    ] Concurrent Weak Roots              5691 us
[7.757s][info   ][gc,stats    ]   Roots                            2277 us, parallelism: 0.08x
[7.757s][info   ][gc,stats    ]     CWR: <total>                    175 us
[7.757s][info   ][gc,stats    ]     CWR: Code Cache Roots            93 us, workers (us):  93, ---, 
[7.757s][info   ][gc,stats    ]     CWR: VM Weak Roots               78 us, workers (us):  78, ---, 
[7.757s][info   ][gc,stats    ]     CWR: CLDG Roots                   5 us, workers (us):   5, ---, 
[7.757s][info   ][gc,stats    ]   Rendezvous                       3208 us
[7.757s][info   ][gc,stats    ] Concurrent Cleanup                  808 us
[7.757s][info   ][gc,stats    ] Concurrent Class Unloading         7775 us
[7.757s][info   ][gc,stats    ]   Unlink Stale                     2565 us
[7.757s][info   ][gc,stats    ]     System Dictionary                12 us
[7.757s][info   ][gc,stats    ]     Weak Class Links                  2 us
[7.757s][info   ][gc,stats    ]     Code Roots                     2541 us
[7.757s][info   ][gc,stats    ]   Rendezvous                       4783 us
[7.757s][info   ][gc,stats    ]   Purge Unlinked                    152 us
[7.757s][info   ][gc,stats    ]     Code Roots                      120 us
[7.757s][info   ][gc,stats    ]     CLDG                             27 us
[7.757s][info   ][gc,stats    ]     Exception Caches                  2 us
[7.757s][info   ][gc,stats    ] Pause Final Roots (G)               913 us
[7.757s][info   ][gc,stats    ] Pause Final Roots (N)                54 us
[7.757s][info   ][gc,stats    ] Pacing                            40846 us
[7.757s][info   ][gc,stats    ] 
[7.757s][info   ][gc,stats    ] Allocation pacing accrued:
[7.757s][info   ][gc,stats    ]      22 of    44 ms ( 49.1%): Thread-2
[7.757s][info   ][gc,stats    ]      10 of    44 ms ( 21.6%): Thread-4
[7.757s][info   ][gc,stats    ]      10 of    44 ms ( 22.0%): Thread-6
[7.757s][info   ][gc,stats    ]      41 of    44 ms ( 92.7%): <total>
[7.757s][info   ][gc,stats    ]       2 of    44 ms (  4.9%): <average total>
[7.757s][info   ][gc,stats    ]      14 of    44 ms ( 30.9%): <average non-zero>
[7.757s][info   ][gc,stats    ] 
[7.757s][info   ][gc,metaspace] Metaspace: 213K(448K)->213K(448K) NonClass: 204K(320K)->204K(320K) Class: 9K(128K)->9K(128K)
[7.757s][info   ][gc,ergo     ] Pacer for Idle. Initial: 41943K, Alloc Tax Rate: 1.0x
[7.788s][info   ][gc          ] Trigger: Average GC time (57.88 ms) is above the time for average allocation rate (14876 MB/s) to deplete free headroom (851M) (margin of error = 1.89)
[7.788s][info   ][gc,ergo     ] Free headroom: 954M (free) - 102M (spike) - 0B (penalties) = 851M
[7.788s][info   ][gc,ergo     ] Free: 952M, Max: 1024K regular, 904M humongous, Frag: 6% external, 0% internal; Reserve: 103M, Max: 1024K
[7.788s][info   ][gc,start    ] GC(114) Concurrent reset
[7.788s][info   ][gc,task     ] GC(114) Using 1 of 2 workers for concurrent reset
[7.788s][info   ][gc,ergo     ] GC(114) Pacer for Reset. Non-Taxable: 2048M
[7.789s][info   ][gc          ] GC(114) Concurrent reset 1.327ms
[7.790s][info   ][gc,start    ] GC(114) Pause Init Mark (unload classes)
[7.790s][info   ][gc,task     ] GC(114) Using 2 of 2 workers for init marking
[7.790s][info   ][gc,ergo     ] GC(114) Pacer for Mark. Expected Live: 54822K, Free: 936M, Non-Taxable: 95846K, Alloc Tax Rate: 0.1x
[7.790s][info   ][gc          ] GC(114) Pause Init Mark (unload classes) 0.130ms
[7.793s][info   ][gc,start    ] GC(114) Concurrent marking roots
[7.793s][info   ][gc,task     ] GC(114) Using 1 of 2 workers for concurrent marking roots
[7.794s][info   ][gc          ] GC(114) Concurrent marking roots 1.136ms
[7.795s][info   ][gc,start    ] GC(114) Concurrent marking (unload classes)
[7.795s][info   ][gc,task     ] GC(114) Using 1 of 2 workers for concurrent marking
[7.815s][info   ][gc          ] GC(114) Concurrent marking (unload classes) 20.394ms
[7.817s][info   ][gc,start    ] GC(114) Pause Final Mark (unload classes)
[7.817s][info   ][gc,task     ] GC(114) Using 2 of 2 workers for final marking
[7.817s][info   ][gc,ergo     ] GC(114) Collectable Garbage: 409M (98%), Immediate: 409M (98%), CSet: 0B (0%)
[7.817s][info   ][gc          ] GC(114) Pause Final Mark (unload classes) 0.351ms
[7.820s][info   ][gc,start    ] GC(114) Concurrent weak references
[7.821s][info   ][gc,task     ] GC(114) Using 1 of 2 workers for concurrent weak references
[7.821s][info   ][gc,ref      ] GC(114) Encountered references: Soft: 11, Weak: 37, Final: 0, Phantom: 5
[7.821s][info   ][gc,ref      ] GC(114) Discovered  references: Soft: 0, Weak: 11, Final: 0, Phantom: 5
[7.821s][info   ][gc,ref      ] GC(114) Enqueued    references: Soft: 0, Weak: 0, Final: 0, Phantom: 0
[7.821s][info   ][gc          ] GC(114) Concurrent weak references 0.382ms
[7.821s][info   ][gc,start    ] GC(114) Concurrent weak roots
[7.821s][info   ][gc,task     ] GC(114) Using 1 of 2 workers for concurrent weak root
[7.828s][info   ][gc          ] GC(114) Concurrent weak roots 7.171ms
[7.828s][info   ][gc,start    ] GC(114) Concurrent cleanup
[7.830s][info   ][gc          ] GC(114) Concurrent cleanup 766M->365M(2048M) 1.532ms
[7.830s][info   ][gc,ergo     ] GC(114) Free: 1220M, Max: 1024K regular, 420M humongous, Frag: 66% external, 0% internal; Reserve: 103M, Max: 1024K
[7.830s][info   ][gc,start    ] GC(114) Concurrent class unloading
[7.830s][info   ][gc,task     ] GC(114) Using 1 of 2 workers for concurrent class unloading
[7.846s][info   ][gc          ] GC(114) Concurrent class unloading 16.337ms
[7.847s][info   ][gc,start    ] GC(114) Pause Final Roots
[7.847s][info   ][gc          ] GC(114) Pause Final Roots 0.060ms
[7.851s][info   ][gc,ergo     ] Free: 918M, Max: 1024K regular, 420M humongous, Frag: 55% external, 0% internal; Reserve: 103M, Max: 1024K
[7.851s][info   ][gc,stats    ] 
[7.851s][info   ][gc,stats    ] All times are wall-clock times, except per-root-class counters, that are sum over
[7.851s][info   ][gc,stats    ] all workers. Dividing the <total> over the root stage time estimates parallelism.
[7.851s][info   ][gc,stats    ] 
[7.851s][info   ][gc,stats    ] Concurrent Reset                   1366 us
[7.851s][info   ][gc,stats    ] Pause Init Mark (G)                3807 us
[7.851s][info   ][gc,stats    ] Pause Init Mark (N)                 138 us
[7.851s][info   ][gc,stats    ]   Update Region States               77 us
[7.851s][info   ][gc,stats    ] Concurrent Mark Roots              1169 us, parallelism: 0.16x
[7.851s][info   ][gc,stats    ]   CMR: <total>                      190 us
[7.851s][info   ][gc,stats    ]   CMR: Thread Roots                 148 us, workers (us): 148, ---, 
[7.851s][info   ][gc,stats    ]   CMR: VM Strong Roots                7 us, workers (us):   7, ---, 
[7.851s][info   ][gc,stats    ]   CMR: CLDG Roots                    35 us, workers (us):  35, ---, 
[7.851s][info   ][gc,stats    ] Concurrent Marking                20540 us
[7.851s][info   ][gc,stats    ] Pause Final Mark (G)               5386 us
[7.851s][info   ][gc,stats    ] Pause Final Mark (N)                361 us
[7.851s][info   ][gc,stats    ]   Finish Mark                       107 us
[7.851s][info   ][gc,stats    ]   Update Region States               87 us
[7.851s][info   ][gc,stats    ]   Choose Collection Set              75 us
[7.851s][info   ][gc,stats    ]   Rebuild Free Set                    8 us
[7.851s][info   ][gc,stats    ] Concurrent Weak References          394 us, parallelism: 0.02x
[7.851s][info   ][gc,stats    ]   CWRF: <total>                       9 us
[7.851s][info   ][gc,stats    ]   CWRF: Weak References               9 us, workers (us):   9, ---, 
[7.851s][info   ][gc,stats    ] Concurrent Weak Roots              7375 us
[7.851s][info   ][gc,stats    ]   Roots                             221 us, parallelism: 0.54x
[7.851s][info   ][gc,stats    ]     CWR: <total>                    119 us
[7.851s][info   ][gc,stats    ]     CWR: Code Cache Roots            53 us, workers (us):  53, ---, 
[7.851s][info   ][gc,stats    ]     CWR: VM Weak Roots               64 us, workers (us):  64, ---, 
[7.851s][info   ][gc,stats    ]     CWR: CLDG Roots                   3 us, workers (us):   3, ---, 
[7.851s][info   ][gc,stats    ]   Rendezvous                       6915 us
[7.851s][info   ][gc,stats    ] Concurrent Cleanup                 1622 us
[7.851s][info   ][gc,stats    ] Concurrent Class Unloading        16542 us
[7.851s][info   ][gc,stats    ]   Unlink Stale                     9560 us
[7.851s][info   ][gc,stats    ]     System Dictionary                17 us
[7.851s][info   ][gc,stats    ]     Weak Class Links                  2 us
[7.851s][info   ][gc,stats    ]     Code Roots                     9531 us
[7.851s][info   ][gc,stats    ]   Rendezvous                       2373 us
[7.851s][info   ][gc,stats    ]   Purge Unlinked                   4338 us
[7.851s][info   ][gc,stats    ]     Code Roots                     4308 us
[7.851s][info   ][gc,stats    ]     CLDG                             25 us
[7.851s][info   ][gc,stats    ]     Exception Caches                  2 us
[7.851s][info   ][gc,stats    ] Pause Final Roots (G)              3988 us
[7.851s][info   ][gc,stats    ] Pause Final Roots (N)                70 us
[7.851s][info   ][gc,stats    ] Pacing                            23317 us
[7.851s][info   ][gc,stats    ] 
[7.851s][info   ][gc,stats    ] Allocation pacing accrued:
[7.851s][info   ][gc,stats    ]       6 of    94 ms (  6.2%): Thread-0
[7.851s][info   ][gc,stats    ]       6 of    94 ms (  6.2%): Thread-2
[7.851s][info   ][gc,stats    ]       6 of    94 ms (  6.2%): Thread-3
[7.851s][info   ][gc,stats    ]       6 of    94 ms (  6.2%): Thread-6
[7.851s][info   ][gc,stats    ]      23 of    94 ms ( 24.8%): <total>
[7.851s][info   ][gc,stats    ]       1 of    94 ms (  1.3%): <average total>
[7.851s][info   ][gc,stats    ]       6 of    94 ms (  6.2%): <average non-zero>
[7.851s][info   ][gc,stats    ] 
[7.851s][info   ][gc,metaspace] Metaspace: 213K(448K)->213K(448K) NonClass: 204K(320K)->204K(320K) Class: 9K(128K)->9K(128K)
[7.851s][info   ][gc,ergo     ] Pacer for Idle. Initial: 41943K, Alloc Tax Rate: 1.0x
[7.852s][info   ][gc          ] Trigger: Average GC time (76.50 ms) is above the time for average allocation rate (14902 MB/s) to deplete free headroom (787M) (margin of error = 1.91)
[7.852s][info   ][gc,ergo     ] Free headroom: 890M (free) - 102M (spike) - 0B (penalties) = 787M
[7.852s][info   ][gc,ergo     ] Free: 890M, Max: 1024K regular, 420M humongous, Frag: 53% external, 0% internal; Reserve: 103M, Max: 1024K
[7.852s][info   ][gc,start    ] GC(115) Concurrent reset
[7.852s][info   ][gc,task     ] GC(115) Using 1 of 2 workers for concurrent reset
[7.852s][info   ][gc,ergo     ] GC(115) Pacer for Reset. Non-Taxable: 2048M
[7.857s][info   ][gc          ] GC(115) Concurrent reset 5.066ms
[7.858s][info   ][gc,start    ] GC(115) Pause Init Mark (unload classes)
[7.858s][info   ][gc,task     ] GC(115) Using 2 of 2 workers for init marking
[7.858s][info   ][gc,ergo     ] GC(115) Pacer for Mark. Expected Live: 60762K, Free: 822M, Non-Taxable: 84172K, Alloc Tax Rate: 0.1x
[7.858s][info   ][gc          ] GC(115) Pause Init Mark (unload classes) 0.158ms
[7.863s][info   ][gc,start    ] GC(115) Concurrent marking roots
[7.863s][info   ][gc,task     ] GC(115) Using 1 of 2 workers for concurrent marking roots
[7.864s][info   ][gc          ] GC(115) Concurrent marking roots 0.525ms
[7.864s][info   ][gc,start    ] GC(115) Concurrent marking (unload classes)
[7.864s][info   ][gc,task     ] GC(115) Using 1 of 2 workers for concurrent marking
[7.865s][info   ][gc          ] GC(115) Concurrent marking (unload classes) 1.466ms
[7.865s][info   ][gc,start    ] GC(115) Pause Final Mark (unload classes)
[7.865s][info   ][gc,task     ] GC(115) Using 2 of 2 workers for final marking
[7.865s][info   ][gc,ergo     ] GC(115) Collectable Garbage: 478M (98%), Immediate: 478M (98%), CSet: 0B (0%)
[7.865s][info   ][gc          ] GC(115) Pause Final Mark (unload classes) 0.243ms
[7.868s][info   ][gc,start    ] GC(115) Concurrent weak references
[7.868s][info   ][gc,task     ] GC(115) Using 1 of 2 workers for concurrent weak references
[7.871s][info   ][gc,ref      ] GC(115) Encountered references: Soft: 11, Weak: 37, Final: 0, Phantom: 5
[7.871s][info   ][gc,ref      ] GC(115) Discovered  references: Soft: 0, Weak: 11, Final: 0, Phantom: 5
[7.872s][info   ][gc,ref      ] GC(115) Enqueued    references: Soft: 0, Weak: 0, Final: 0, Phantom: 0
[7.872s][info   ][gc          ] GC(115) Concurrent weak references 3.223ms
[7.872s][info   ][gc,start    ] GC(115) Concurrent weak roots
[7.872s][info   ][gc,task     ] GC(115) Using 1 of 2 workers for concurrent weak root
[7.882s][info   ][gc          ] GC(115) Concurrent weak roots 10.326ms
[7.882s][info   ][gc,start    ] GC(115) Concurrent cleanup
[7.883s][info   ][gc          ] GC(115) Concurrent cleanup 746M->272M(2048M) 0.924ms
[7.883s][info   ][gc,ergo     ] GC(115) Free: 1408M, Max: 1024K regular, 456M humongous, Frag: 68% external, 0% internal; Reserve: 103M, Max: 1024K
[7.883s][info   ][gc,start    ] GC(115) Concurrent class unloading
[7.883s][info   ][gc,task     ] GC(115) Using 1 of 2 workers for concurrent class unloading
[7.888s][info   ][gc          ] GC(115) Concurrent class unloading 5.280ms
[7.889s][info   ][gc,start    ] GC(115) Pause Final Roots
[7.889s][info   ][gc          ] GC(115) Pause Final Roots 0.040ms
[7.892s][info   ][gc,ergo     ] Free: 1278M, Max: 1024K regular, 456M humongous, Frag: 65% external, 0% internal; Reserve: 103M, Max: 1024K
[7.893s][info   ][gc,stats    ] 
[7.893s][info   ][gc,stats    ] All times are wall-clock times, except per-root-class counters, that are sum over
[7.893s][info   ][gc,stats    ] all workers. Dividing the <total> over the root stage time estimates parallelism.
[7.893s][info   ][gc,stats    ] 
[7.893s][info   ][gc,stats    ] Concurrent Reset                   5169 us
[7.893s][info   ][gc,stats    ] Pause Init Mark (G)                5515 us
[7.893s][info   ][gc,stats    ] Pause Init Mark (N)                 166 us
[7.893s][info   ][gc,stats    ]   Update Region States              113 us
[7.893s][info   ][gc,stats    ] Concurrent Mark Roots               544 us, parallelism: 0.40x
[7.893s][info   ][gc,stats    ]   CMR: <total>                      220 us
[7.893s][info   ][gc,stats    ]   CMR: Thread Roots                 154 us, workers (us): 154, ---, 
[7.893s][info   ][gc,stats    ]   CMR: VM Strong Roots               10 us, workers (us):  10, ---, 
[7.893s][info   ][gc,stats    ]   CMR: CLDG Roots                    57 us, workers (us):  57, ---, 
[7.893s][info   ][gc,stats    ] Concurrent Marking                 1483 us
[7.893s][info   ][gc,stats    ] Pause Final Mark (G)               3158 us
[7.893s][info   ][gc,stats    ] Pause Final Mark (N)                250 us
[7.893s][info   ][gc,stats    ]   Finish Mark                        73 us
[7.893s][info   ][gc,stats    ]   Update Region States               54 us
[7.893s][info   ][gc,stats    ]   Choose Collection Set              74 us
[7.893s][info   ][gc,stats    ]   Rebuild Free Set                    9 us
[7.893s][info   ][gc,stats    ] Concurrent Weak References         3241 us, parallelism: 0.00x
[7.893s][info   ][gc,stats    ]   CWRF: <total>                      14 us
[7.893s][info   ][gc,stats    ]   CWRF: Weak References              14 us, workers (us):  14, ---, 
[7.893s][info   ][gc,stats    ] Concurrent Weak Roots             10469 us
[7.893s][info   ][gc,stats    ]   Roots                            3201 us, parallelism: 0.07x
[7.893s][info   ][gc,stats    ]     CWR: <total>                    219 us
[7.893s][info   ][gc,stats    ]     CWR: Code Cache Roots           138 us, workers (us): 138, ---, 
[7.893s][info   ][gc,stats    ]     CWR: VM Weak Roots               75 us, workers (us):  75, ---, 
[7.893s][info   ][gc,stats    ]     CWR: CLDG Roots                   6 us, workers (us):   6, ---, 
[7.893s][info   ][gc,stats    ]   Rendezvous                       7086 us
[7.893s][info   ][gc,stats    ] Concurrent Cleanup                  961 us
[7.893s][info   ][gc,stats    ] Concurrent Class Unloading         5436 us
[7.893s][info   ][gc,stats    ]   Unlink Stale                      514 us
[7.893s][info   ][gc,stats    ]     System Dictionary                13 us
[7.893s][info   ][gc,stats    ]     Weak Class Links                  1 us
[7.893s][info   ][gc,stats    ]     Code Roots                      496 us
[7.893s][info   ][gc,stats    ]   Rendezvous                       2365 us
[7.893s][info   ][gc,stats    ]   Purge Unlinked                   2366 us
[7.893s][info   ][gc,stats    ]     Code Roots                     2325 us
[7.893s][info   ][gc,stats    ]     CLDG                             35 us
[7.893s][info   ][gc,stats    ]     Exception Caches                  2 us
[7.893s][info   ][gc,stats    ] Pause Final Roots (G)              3856 us
[7.893s][info   ][gc,stats    ] Pause Final Roots (N)                50 us
[7.893s][info   ][gc,stats    ] Pacing                            25379 us
[7.893s][info   ][gc,stats    ] 
[7.893s][info   ][gc,stats    ] Allocation pacing accrued:
[7.893s][info   ][gc,stats    ]       8 of    42 ms ( 20.1%): Thread-0
[7.893s][info   ][gc,stats    ]       2 of    42 ms (  5.3%): Thread-1
[7.893s][info   ][gc,stats    ]       2 of    42 ms (  5.7%): Thread-2
[7.893s][info   ][gc,stats    ]       2 of    42 ms (  4.7%): Thread-4
[7.893s][info   ][gc,stats    ]       5 of    42 ms ( 12.5%): Thread-6
[7.893s][info   ][gc,stats    ]       5 of    42 ms ( 12.0%): Thread-7
[7.893s][info   ][gc,stats    ]      25 of    42 ms ( 60.3%): <total>
[7.893s][info   ][gc,stats    ]       1 of    42 ms (  3.2%): <average total>
[7.893s][info   ][gc,stats    ]       4 of    42 ms ( 10.0%): <average non-zero>
[7.893s][info   ][gc,stats    ] 
[7.893s][info   ][gc,metaspace] Metaspace: 213K(448K)->213K(448K) NonClass: 204K(320K)->204K(320K) Class: 9K(128K)->9K(128K)
[7.893s][info   ][gc,ergo     ] Pacer for Idle. Initial: 41943K, Alloc Tax Rate: 1.0x
[7.907s][info   ][gc          ] Trigger: Average GC time (66.29 ms) is above the time for average allocation rate (14902 MB/s) to deplete free headroom (961M) (margin of error = 1.91)
[7.908s][info   ][gc,ergo     ] Free headroom: 1064M (free) - 102M (spike) - 0B (penalties) = 961M
[7.908s][info   ][gc,ergo     ] Free: 1060M, Max: 1024K regular, 456M humongous, Frag: 57% external, 0% internal; Reserve: 103M, Max: 1024K
[7.908s][info   ][gc,start    ] GC(116) Concurrent reset
[7.908s][info   ][gc,task     ] GC(116) Using 1 of 2 workers for concurrent reset
[7.908s][info   ][gc,ergo     ] GC(116) Pacer for Reset. Non-Taxable: 2048M
[7.910s][info   ][gc          ] GC(116) Concurrent reset 2.059ms
[7.911s][info   ][gc,start    ] GC(116) Pause Init Mark (unload classes)
[7.911s][info   ][gc,task     ] GC(116) Using 2 of 2 workers for init marking
[7.911s][info   ][gc,ergo     ] GC(116) Pacer for Mark. Expected Live: 68339K, Free: 1032M, Non-Taxable: 103M, Alloc Tax Rate: 0.1x
[7.911s][info   ][gc          ] GC(116) Pause Init Mark (unload classes) 0.097ms
[7.911s][info   ][gc,start    ] GC(116) Concurrent marking roots
[7.911s][info   ][gc,task     ] GC(116) Using 1 of 2 workers for concurrent marking roots
[7.917s][info   ][gc          ] GC(116) Concurrent marking roots 5.704ms
[7.917s][info   ][gc,start    ] GC(116) Concurrent marking (unload classes)
[7.917s][info   ][gc,task     ] GC(116) Using 1 of 2 workers for concurrent marking
[7.919s][info   ][gc          ] GC(116) Concurrent marking (unload classes) 2.287ms
[7.920s][info   ][gc,start    ] GC(116) Pause Final Mark (unload classes)
[7.920s][info   ][gc,task     ] GC(116) Using 2 of 2 workers for final marking
[7.920s][info   ][gc,ergo     ] GC(116) Collectable Garbage: 366M (98%), Immediate: 366M (98%), CSet: 0B (0%)
[7.920s][info   ][gc          ] GC(116) Pause Final Mark (unload classes) 0.256ms
[7.920s][info   ][gc,start    ] GC(116) Concurrent weak references
[7.920s][info   ][gc,task     ] GC(116) Using 1 of 2 workers for concurrent weak references
[7.920s][info   ][gc,ref      ] GC(116) Encountered references: Soft: 11, Weak: 37, Final: 0, Phantom: 5
[7.920s][info   ][gc,ref      ] GC(116) Discovered  references: Soft: 0, Weak: 11, Final: 0, Phantom: 5
[7.920s][info   ][gc,ref      ] GC(116) Enqueued    references: Soft: 0, Weak: 0, Final: 0, Phantom: 0
[7.920s][info   ][gc          ] GC(116) Concurrent weak references 0.159ms
[7.920s][info   ][gc,start    ] GC(116) Concurrent weak roots
[7.920s][info   ][gc,task     ] GC(116) Using 1 of 2 workers for concurrent weak root
[7.921s][info   ][gc          ] GC(116) Concurrent weak roots 0.595ms
[7.921s][info   ][gc,start    ] GC(116) Concurrent cleanup
[7.921s][info   ][gc          ] GC(116) Concurrent cleanup 518M->152M(2048M) 0.411ms
[7.921s][info   ][gc,ergo     ] GC(116) Free: 1648M, Max: 1024K regular, 916M humongous, Frag: 45% external, 0% internal; Reserve: 103M, Max: 1024K
[7.921s][info   ][gc,start    ] GC(116) Concurrent class unloading
[7.921s][info   ][gc,task     ] GC(116) Using 1 of 2 workers for concurrent class unloading
[7.922s][info   ][gc          ] GC(116) Concurrent class unloading 0.414ms
[7.922s][info   ][gc,start    ] GC(116) Pause Final Roots
[7.922s][info   ][gc          ] GC(116) Pause Final Roots 0.021ms
[7.922s][info   ][gc,ergo     ] Free: 1648M, Max: 1024K regular, 916M humongous, Frag: 45% external, 0% internal; Reserve: 103M, Max: 1024K
[7.922s][info   ][gc,stats    ] 
[7.922s][info   ][gc,stats    ] All times are wall-clock times, except per-root-class counters, that are sum over
[7.922s][info   ][gc,stats    ] all workers. Dividing the <total> over the root stage time estimates parallelism.
[7.922s][info   ][gc,stats    ] 
[7.922s][info   ][gc,stats    ] Concurrent Reset                   2135 us
[7.922s][info   ][gc,stats    ] Pause Init Mark (G)                 887 us
[7.922s][info   ][gc,stats    ] Pause Init Mark (N)                 105 us
[7.922s][info   ][gc,stats    ]   Update Region States               44 us
[7.922s][info   ][gc,stats    ] Concurrent Mark Roots              5882 us, parallelism: 0.95x
[7.922s][info   ][gc,stats    ]   CMR: <total>                     5613 us
[7.922s][info   ][gc,stats    ]   CMR: Thread Roots                5567 us, workers (us): 5567, ---, 
[7.922s][info   ][gc,stats    ]   CMR: VM Strong Roots                7 us, workers (us):   7, ---, 
[7.922s][info   ][gc,stats    ]   CMR: CLDG Roots                    39 us, workers (us):  39, ---, 
[7.922s][info   ][gc,stats    ] Concurrent Marking                 2333 us
[7.922s][info   ][gc,stats    ] Pause Final Mark (G)               1008 us
[7.922s][info   ][gc,stats    ] Pause Final Mark (N)                265 us
[7.922s][info   ][gc,stats    ]   Finish Mark                        59 us
[7.922s][info   ][gc,stats    ]   Update Region States               55 us
[7.922s][info   ][gc,stats    ]   Choose Collection Set              89 us
[7.922s][info   ][gc,stats    ]   Rebuild Free Set                   10 us
[7.922s][info   ][gc,stats    ] Concurrent Weak References          166 us, parallelism: 0.04x
[7.922s][info   ][gc,stats    ]   CWRF: <total>                       7 us
[7.922s][info   ][gc,stats    ]   CWRF: Weak References               7 us, workers (us):   7, ---, 
[7.922s][info   ][gc,stats    ] Concurrent Weak Roots               611 us
[7.922s][info   ][gc,stats    ]   Roots                              81 us, parallelism: 0.70x
[7.922s][info   ][gc,stats    ]     CWR: <total>                     57 us
[7.922s][info   ][gc,stats    ]     CWR: Code Cache Roots            28 us, workers (us):  28, ---, 
[7.922s][info   ][gc,stats    ]     CWR: VM Weak Roots               27 us, workers (us):  27, ---, 
[7.922s][info   ][gc,stats    ]     CWR: CLDG Roots                   2 us, workers (us):   2, ---, 
[7.922s][info   ][gc,stats    ]   Rendezvous                        497 us
[7.922s][info   ][gc,stats    ] Concurrent Cleanup                  420 us
[7.922s][info   ][gc,stats    ] Concurrent Class Unloading          435 us
[7.922s][info   ][gc,stats    ]   Unlink Stale                      272 us
[7.922s][info   ][gc,stats    ]     System Dictionary                 5 us
[7.922s][info   ][gc,stats    ]     Weak Class Links                  1 us
[7.922s][info   ][gc,stats    ]     Code Roots                      264 us
[7.922s][info   ][gc,stats    ]   Rendezvous                         92 us
[7.922s][info   ][gc,stats    ]   Purge Unlinked                     34 us
[7.922s][info   ][gc,stats    ]     Code Roots                       16 us
[7.922s][info   ][gc,stats    ]     CLDG                             15 us
[7.922s][info   ][gc,stats    ]     Exception Caches                  1 us
[7.922s][info   ][gc,stats    ] Pause Final Roots (G)               122 us
[7.922s][info   ][gc,stats    ] Pause Final Roots (N)                32 us
[7.922s][info   ][gc,stats    ] 
[7.922s][info   ][gc,stats    ] Allocation pacing accrued:
[7.922s][info   ][gc,stats    ]       0 of    29 ms (  0.0%): <total>
[7.922s][info   ][gc,stats    ]       0 of    29 ms (  0.0%): <average total>
[7.922s][info   ][gc,stats    ] 
[7.922s][info   ][gc,metaspace] Metaspace: 213K(448K)->213K(448K) NonClass: 204K(320K)->204K(320K) Class: 9K(128K)->9K(128K)
[7.922s][info   ][gc,ergo     ] Pacer for Idle. Initial: 41943K, Alloc Tax Rate: 1.0x
[7.965s][info   ][gc          ] Trigger: Average GC time (62.77 ms) is above the time for average allocation rate (14878 MB/s) to deplete free headroom (927M) (margin of error = 1.89)
[7.965s][info   ][gc,ergo     ] Free headroom: 1030M (free) - 102M (spike) - 0B (penalties) = 927M
[7.965s][info   ][gc,ergo     ] Free: 1026M, Max: 1024K regular, 916M humongous, Frag: 11% external, 0% internal; Reserve: 103M, Max: 1024K
[7.965s][info   ][gc,start    ] GC(117) Concurrent reset
[7.965s][info   ][gc,task     ] GC(117) Using 1 of 2 workers for concurrent reset
[7.965s][info   ][gc,ergo     ] GC(117) Pacer for Reset. Non-Taxable: 2048M
[7.971s][info   ][gc          ] GC(117) Concurrent reset 5.421ms
[7.973s][info   ][gc,start    ] GC(117) Pause Init Mark (unload classes)
[7.973s][info   ][gc,task     ] GC(117) Using 2 of 2 workers for init marking
[7.973s][info   ][gc,ergo     ] GC(117) Pacer for Mark. Expected Live: 76122K, Free: 928M, Non-Taxable: 95027K, Alloc Tax Rate: 0.1x
[7.973s][info   ][gc          ] GC(117) Pause Init Mark (unload classes) 0.200ms
[7.976s][info   ][gc,start    ] GC(117) Concurrent marking roots
[7.976s][info   ][gc,task     ] GC(117) Using 1 of 2 workers for concurrent marking roots
[7.979s][info   ][gc          ] GC(117) Concurrent marking roots 2.475ms
[7.979s][info   ][gc,start    ] GC(117) Concurrent marking (unload classes)
[7.979s][info   ][gc,task     ] GC(117) Using 1 of 2 workers for concurrent marking
[7.983s][info   ][gc          ] GC(117) Concurrent marking (unload classes) 4.676ms
[7.986s][info   ][gc,start    ] GC(117) Pause Final Mark (unload classes)
[7.987s][info   ][gc,task     ] GC(117) Using 2 of 2 workers for final marking
[7.987s][info   ][gc,ergo     ] GC(117) Collectable Garbage: 430M (98%), Immediate: 430M (98%), CSet: 0B (0%)
[7.987s][info   ][gc          ] GC(117) Pause Final Mark (unload classes) 0.332ms
[7.989s][info   ][gc,start    ] GC(117) Concurrent weak references
[7.989s][info   ][gc,task     ] GC(117) Using 1 of 2 workers for concurrent weak references
[7.990s][info   ][gc,ref      ] GC(117) Encountered references: Soft: 11, Weak: 37, Final: 0, Phantom: 5
[7.990s][info   ][gc,ref      ] GC(117) Discovered  references: Soft: 0, Weak: 11, Final: 0, Phantom: 5
[7.990s][info   ][gc,ref      ] GC(117) Enqueued    references: Soft: 0, Weak: 0, Final: 0, Phantom: 0
[7.990s][info   ][gc          ] GC(117) Concurrent weak references 1.068ms
[7.990s][info   ][gc,start    ] GC(117) Concurrent weak roots
[7.990s][info   ][gc,task     ] GC(117) Using 1 of 2 workers for concurrent weak root
[8.001s][info   ][gc          ] GC(117) Concurrent weak roots 10.917ms
[8.001s][info   ][gc,start    ] GC(117) Concurrent cleanup
[8.002s][info   ][gc          ] GC(117) Concurrent cleanup 714M->288M(2048M) 0.659ms
[8.002s][info   ][gc,ergo     ] GC(117) Free: 1376M, Max: 1024K regular, 524M humongous, Frag: 62% external, 0% internal; Reserve: 103M, Max: 1024K
[8.002s][info   ][gc,start    ] GC(117) Concurrent class unloading
[8.002s][info   ][gc,task     ] GC(117) Using 1 of 2 workers for concurrent class unloading
[8.014s][info   ][gc          ] GC(117) Concurrent class unloading 11.725ms
[8.015s][info   ][gc,start    ] GC(117) Pause Final Roots
[8.015s][info   ][gc          ] GC(117) Pause Final Roots 0.052ms
[8.020s][info   ][gc,ergo     ] Free: 1134M, Max: 1024K regular, 524M humongous, Frag: 54% external, 0% internal; Reserve: 103M, Max: 1024K
[8.020s][info   ][gc,stats    ] 
[8.020s][info   ][gc,stats    ] All times are wall-clock times, except per-root-class counters, that are sum over
[8.020s][info   ][gc,stats    ] all workers. Dividing the <total> over the root stage time estimates parallelism.
[8.020s][info   ][gc,stats    ] 
[8.020s][info   ][gc,stats    ] Concurrent Reset                   5700 us
[8.020s][info   ][gc,stats    ] Pause Init Mark (G)                5482 us
[8.020s][info   ][gc,stats    ] Pause Init Mark (N)                 212 us
[8.020s][info   ][gc,stats    ]   Update Region States               82 us
[8.020s][info   ][gc,stats    ] Concurrent Mark Roots              2524 us, parallelism: 0.12x
[8.020s][info   ][gc,stats    ]   CMR: <total>                      300 us
[8.020s][info   ][gc,stats    ]   CMR: Thread Roots                 227 us, workers (us): 227, ---, 
[8.020s][info   ][gc,stats    ]   CMR: VM Strong Roots               15 us, workers (us):  15, ---, 
[8.020s][info   ][gc,stats    ]   CMR: CLDG Roots                    57 us, workers (us):  57, ---, 
[8.020s][info   ][gc,stats    ] Concurrent Marking                 4767 us
[8.020s][info   ][gc,stats    ] Pause Final Mark (G)               5707 us
[8.020s][info   ][gc,stats    ] Pause Final Mark (N)                343 us
[8.020s][info   ][gc,stats    ]   Finish Mark                       105 us
[8.020s][info   ][gc,stats    ]   Update Region States               66 us
[8.020s][info   ][gc,stats    ]   Choose Collection Set              89 us
[8.020s][info   ][gc,stats    ]   Rebuild Free Set                   11 us
[8.020s][info   ][gc,stats    ] Concurrent Weak References         1078 us, parallelism: 0.01x
[8.020s][info   ][gc,stats    ]   CWRF: <total>                      11 us
[8.020s][info   ][gc,stats    ]   CWRF: Weak References              11 us, workers (us):  11, ---, 
[8.020s][info   ][gc,stats    ] Concurrent Weak Roots             11070 us
[8.020s][info   ][gc,stats    ]   Roots                             228 us, parallelism: 0.79x
[8.020s][info   ][gc,stats    ]     CWR: <total>                    181 us
[8.020s][info   ][gc,stats    ]     CWR: Code Cache Roots            83 us, workers (us):  83, ---, 
[8.020s][info   ][gc,stats    ]     CWR: VM Weak Roots               92 us, workers (us):  92, ---, 
[8.020s][info   ][gc,stats    ]     CWR: CLDG Roots                   6 us, workers (us):   6, ---, 
[8.020s][info   ][gc,stats    ]   Rendezvous                      10653 us
[8.020s][info   ][gc,stats    ] Concurrent Cleanup                  697 us
[8.020s][info   ][gc,stats    ] Concurrent Class Unloading        11949 us
[8.020s][info   ][gc,stats    ]   Unlink Stale                     5808 us
[8.020s][info   ][gc,stats    ]     System Dictionary                14 us
[8.020s][info   ][gc,stats    ]     Weak Class Links                  1 us
[8.020s][info   ][gc,stats    ]     Code Roots                     5785 us
[8.020s][info   ][gc,stats    ]   Rendezvous                       5651 us
[8.020s][info   ][gc,stats    ]   Purge Unlinked                    218 us
[8.020s][info   ][gc,stats    ]     Code Roots                      136 us
[8.020s][info   ][gc,stats    ]     CLDG                             75 us
[8.020s][info   ][gc,stats    ]     Exception Caches                  2 us
[8.020s][info   ][gc,stats    ] Pause Final Roots (G)              5552 us
[8.020s][info   ][gc,stats    ] Pause Final Roots (N)                62 us
[8.020s][info   ][gc,stats    ] Pacing                            64633 us
[8.020s][info   ][gc,stats    ] 
[8.020s][info   ][gc,stats    ] Allocation pacing accrued:
[8.020s][info   ][gc,stats    ]       6 of    98 ms (  6.4%): Thread-1
[8.020s][info   ][gc,stats    ]      19 of    98 ms ( 19.2%): Thread-2
[8.020s][info   ][gc,stats    ]       9 of    98 ms (  8.8%): Thread-4
[8.020s][info   ][gc,stats    ]      17 of    98 ms ( 16.9%): Thread-5
[8.020s][info   ][gc,stats    ]       7 of    98 ms (  7.5%): Thread-6
[8.020s][info   ][gc,stats    ]       7 of    98 ms (  7.0%): Thread-7
[8.020s][info   ][gc,stats    ]      65 of    98 ms ( 65.9%): <total>
[8.020s][info   ][gc,stats    ]       3 of    98 ms (  3.5%): <average total>
[8.020s][info   ][gc,stats    ]      11 of    98 ms ( 11.0%): <average non-zero>
[8.020s][info   ][gc,stats    ] 
[8.020s][info   ][gc,metaspace] Metaspace: 213K(448K)->213K(448K) NonClass: 204K(320K)->204K(320K) Class: 9K(128K)->9K(128K)
[8.020s][info   ][gc,ergo     ] Pacer for Idle. Initial: 41943K, Alloc Tax Rate: 1.0x
[8.022s][info   ][gc          ] Trigger: Average GC time (75.50 ms) is above the time for average allocation rate (14889 MB/s) to deplete free headroom (1011M) (margin of error = 1.90)
[8.022s][info   ][gc,ergo     ] Free headroom: 1114M (free) - 102M (spike) - 0B (penalties) = 1011M
[8.022s][info   ][gc,ergo     ] Free: 1112M, Max: 1024K regular, 524M humongous, Frag: 53% external, 0% internal; Reserve: 103M, Max: 1024K
[8.022s][info   ][gc,start    ] GC(118) Concurrent reset
[8.022s][info   ][gc,task     ] GC(118) Using 1 of 2 workers for concurrent reset
[8.022s][info   ][gc,ergo     ] GC(118) Pacer for Reset. Non-Taxable: 2048M
[8.023s][info   ][gc          ] GC(118) Concurrent reset 1.353ms
[8.026s][info   ][gc,start    ] GC(118) Pause Init Mark (unload classes)
[8.026s][info   ][gc,task     ] GC(118) Using 2 of 2 workers for init marking
[8.026s][info   ][gc,ergo     ] GC(118) Pacer for Mark. Expected Live: 82266K, Free: 1058M, Non-Taxable: 105M, Alloc Tax Rate: 0.1x
[8.026s][info   ][gc          ] GC(118) Pause Init Mark (unload classes) 0.192ms
[8.026s][info   ][gc,start    ] GC(118) Concurrent marking roots
[8.026s][info   ][gc,task     ] GC(118) Using 1 of 2 workers for concurrent marking roots
[8.028s][info   ][gc          ] GC(118) Concurrent marking roots 1.137ms
[8.028s][info   ][gc,start    ] GC(118) Concurrent marking (unload classes)
[8.028s][info   ][gc,task     ] GC(118) Using 1 of 2 workers for concurrent marking
[8.038s][info   ][gc          ] GC(118) Concurrent marking (unload classes) 9.988ms
[8.038s][info   ][gc,start    ] GC(118) Pause Final Mark (unload classes)
[8.038s][info   ][gc,task     ] GC(118) Using 2 of 2 workers for final marking
[8.038s][info   ][gc,ergo     ] GC(118) Collectable Garbage: 379M (98%), Immediate: 379M (98%), CSet: 0B (0%)
[8.038s][info   ][gc          ] GC(118) Pause Final Mark (unload classes) 0.198ms
[8.038s][info   ][gc,start    ] GC(118) Concurrent weak references
[8.038s][info   ][gc,task     ] GC(118) Using 1 of 2 workers for concurrent weak references
[8.041s][info   ][gc,ref      ] GC(118) Encountered references: Soft: 11, Weak: 37, Final: 0, Phantom: 5
[8.041s][info   ][gc,ref      ] GC(118) Discovered  references: Soft: 0, Weak: 11, Final: 0, Phantom: 5
[8.041s][info   ][gc,ref      ] GC(118) Enqueued    references: Soft: 0, Weak: 0, Final: 0, Phantom: 0
[8.041s][info   ][gc          ] GC(118) Concurrent weak references 2.500ms
[8.041s][info   ][gc,start    ] GC(118) Concurrent weak roots
[8.041s][info   ][gc,task     ] GC(118) Using 1 of 2 workers for concurrent weak root
[8.042s][info   ][gc          ] GC(118) Concurrent weak roots 1.175ms
[8.042s][info   ][gc,start    ] GC(118) Concurrent cleanup
[8.043s][info   ][gc          ] GC(118) Concurrent cleanup 572M->197M(2048M) 0.574ms
[8.043s][info   ][gc,ergo     ] GC(118) Free: 1558M, Max: 1024K regular, 916M humongous, Frag: 42% external, 0% internal; Reserve: 103M, Max: 1024K
[8.043s][info   ][gc,start    ] GC(118) Concurrent class unloading
[8.043s][info   ][gc,task     ] GC(118) Using 1 of 2 workers for concurrent class unloading
[8.055s][info   ][gc          ] GC(118) Concurrent class unloading 11.852ms
[8.056s][info   ][gc,start    ] GC(118) Pause Final Roots
[8.056s][info   ][gc          ] GC(118) Pause Final Roots 0.023ms
[8.062s][info   ][gc,ergo     ] Free: 1284M, Max: 1024K regular, 916M humongous, Frag: 29% external, 0% internal; Reserve: 103M, Max: 1024K
[8.062s][info   ][gc,stats    ] 
[8.062s][info   ][gc,stats    ] All times are wall-clock times, except per-root-class counters, that are sum over
[8.062s][info   ][gc,stats    ] all workers. Dividing the <total> over the root stage time estimates parallelism.
[8.062s][info   ][gc,stats    ] 
[8.062s][info   ][gc,stats    ] Concurrent Reset                   1378 us
[8.062s][info   ][gc,stats    ] Pause Init Mark (G)                3321 us
[8.062s][info   ][gc,stats    ] Pause Init Mark (N)                 204 us
[8.062s][info   ][gc,stats    ]   Update Region States              103 us
[8.062s][info   ][gc,stats    ] Concurrent Mark Roots              1171 us, parallelism: 0.82x
[8.062s][info   ][gc,stats    ]   CMR: <total>                      958 us
[8.062s][info   ][gc,stats    ]   CMR: Thread Roots                 868 us, workers (us): 868, ---, 
[8.062s][info   ][gc,stats    ]   CMR: VM Strong Roots               18 us, workers (us):  18, ---, 
[8.062s][info   ][gc,stats    ]   CMR: CLDG Roots                    71 us, workers (us):  71, ---, 
[8.062s][info   ][gc,stats    ] Concurrent Marking                10118 us
[8.062s][info   ][gc,stats    ] Pause Final Mark (G)                689 us
[8.062s][info   ][gc,stats    ] Pause Final Mark (N)                205 us
[8.062s][info   ][gc,stats    ]   Finish Mark                        48 us
[8.062s][info   ][gc,stats    ]   Update Region States               35 us
[8.062s][info   ][gc,stats    ]   Choose Collection Set              74 us
[8.062s][info   ][gc,stats    ]   Rebuild Free Set                    9 us
[8.062s][info   ][gc,stats    ] Concurrent Weak References         2512 us, parallelism: 0.01x
[8.062s][info   ][gc,stats    ]   CWRF: <total>                      18 us
[8.062s][info   ][gc,stats    ]   CWRF: Weak References              18 us, workers (us):  18, ---, 
[8.062s][info   ][gc,stats    ] Concurrent Weak Roots              1207 us
[8.062s][info   ][gc,stats    ]   Roots                             278 us, parallelism: 0.74x
[8.062s][info   ][gc,stats    ]     CWR: <total>                    206 us
[8.062s][info   ][gc,stats    ]     CWR: Code Cache Roots           148 us, workers (us): 148, ---, 
[8.062s][info   ][gc,stats    ]     CWR: VM Weak Roots               55 us, workers (us):  55, ---, 
[8.062s][info   ][gc,stats    ]     CWR: CLDG Roots                   3 us, workers (us):   3, ---, 
[8.062s][info   ][gc,stats    ]   Rendezvous                        837 us
[8.062s][info   ][gc,stats    ] Concurrent Cleanup                  597 us
[8.062s][info   ][gc,stats    ] Concurrent Class Unloading        12021 us
[8.062s][info   ][gc,stats    ]   Unlink Stale                     5531 us
[8.062s][info   ][gc,stats    ]     System Dictionary                 7 us
[8.062s][info   ][gc,stats    ]     Weak Class Links                  1 us
[8.062s][info   ][gc,stats    ]     Code Roots                     5510 us
[8.062s][info   ][gc,stats    ]   Rendezvous                       6144 us
[8.062s][info   ][gc,stats    ]   Purge Unlinked                    145 us
[8.062s][info   ][gc,stats    ]     Code Roots                      101 us
[8.062s][info   ][gc,stats    ]     CLDG                             40 us
[8.062s][info   ][gc,stats    ]     Exception Caches                  1 us
[8.062s][info   ][gc,stats    ] Pause Final Roots (G)              6859 us
[8.062s][info   ][gc,stats    ] Pause Final Roots (N)                30 us
[8.062s][info   ][gc,stats    ] 
[8.062s][info   ][gc,stats    ] Allocation pacing accrued:
[8.062s][info   ][gc,stats    ]       0 of    42 ms (  0.0%): <total>
[8.062s][info   ][gc,stats    ]       0 of    42 ms (  0.0%): <average total>
[8.062s][info   ][gc,stats    ] 
[8.062s][info   ][gc,metaspace] Metaspace: 213K(448K)->213K(448K) NonClass: 204K(320K)->204K(320K) Class: 9K(128K)->9K(128K)
[8.062s][info   ][gc,ergo     ] Pacer for Idle. Initial: 41943K, Alloc Tax Rate: 1.0x
[8.076s][info   ][gc          ] Trigger: Average GC time (64.72 ms) is above the time for average allocation rate (14889 MB/s) to deplete free headroom (963M) (margin of error = 1.90)
[8.076s][info   ][gc,ergo     ] Free headroom: 1066M (free) - 102M (spike) - 0B (penalties) = 963M
[8.076s][info   ][gc,ergo     ] Free: 1062M, Max: 1024K regular, 916M humongous, Frag: 14% external, 0% internal; Reserve: 103M, Max: 1024K
[8.077s][info   ][gc,start    ] GC(119) Concurrent reset
[8.077s][info   ][gc,task     ] GC(119) Using 1 of 2 workers for concurrent reset
[8.077s][info   ][gc,ergo     ] GC(119) Pacer for Reset. Non-Taxable: 2048M
[8.080s][info   ][gc          ] GC(119) Concurrent reset 3.907ms
[8.082s][info   ][gc,start    ] GC(119) Pause Init Mark (unload classes)
[8.082s][info   ][gc,task     ] GC(119) Using 2 of 2 workers for init marking
[8.082s][info   ][gc,ergo     ] GC(119) Pacer for Mark. Expected Live: 81447K, Free: 1004M, Non-Taxable: 100M, Alloc Tax Rate: 0.1x
[8.082s][info   ][gc          ] GC(119) Pause Init Mark (unload classes) 0.088ms
[8.082s][info   ][gc,start    ] GC(119) Concurrent marking roots
[8.082s][info   ][gc,task     ] GC(119) Using 1 of 2 workers for concurrent marking roots
[8.084s][info   ][gc          ] GC(119) Concurrent marking roots 2.335ms
[8.084s][info   ][gc,start    ] GC(119) Concurrent marking (unload classes)
[8.084s][info   ][gc,task     ] GC(119) Using 1 of 2 workers for concurrent marking
[8.093s][info   ][gc          ] GC(119) Concurrent marking (unload classes) 8.784ms
[8.094s][info   ][gc,start    ] GC(119) Pause Final Mark (unload classes)
[8.094s][info   ][gc,task     ] GC(119) Using 2 of 2 workers for final marking
[8.094s][info   ][gc,ergo     ] GC(119) Collectable Garbage: 408M (98%), Immediate: 408M (98%), CSet: 0B (0%)
[8.094s][info   ][gc          ] GC(119) Pause Final Mark (unload classes) 0.235ms
[8.097s][info   ][gc,start    ] GC(119) Concurrent weak references
[8.098s][info   ][gc,task     ] GC(119) Using 1 of 2 workers for concurrent weak references
[8.099s][info   ][gc,ref      ] GC(119) Encountered references: Soft: 11, Weak: 37, Final: 0, Phantom: 5
[8.099s][info   ][gc,ref      ] GC(119) Discovered  references: Soft: 0, Weak: 11, Final: 0, Phantom: 5
[8.099s][info   ][gc,ref      ] GC(119) Enqueued    references: Soft: 0, Weak: 0, Final: 0, Phantom: 0
[8.099s][info   ][gc          ] GC(119) Concurrent weak references 1.417ms
[8.099s][info   ][gc,start    ] GC(119) Concurrent weak roots
[8.099s][info   ][gc,task     ] GC(119) Using 1 of 2 workers for concurrent weak root
[8.100s][info   ][gc          ] GC(119) Concurrent weak roots 1.603ms
[8.101s][info   ][gc,start    ] GC(119) Concurrent cleanup
[8.101s][info   ][gc          ] GC(119) Concurrent cleanup 613M->208M(2048M) 0.475ms
[8.101s][info   ][gc,ergo     ] GC(119) Free: 1536M, Max: 1024K regular, 726M humongous, Frag: 53% external, 0% internal; Reserve: 103M, Max: 1024K
[8.101s][info   ][gc,start    ] GC(119) Concurrent class unloading
[8.101s][info   ][gc,task     ] GC(119) Using 1 of 2 workers for concurrent class unloading
[8.112s][info   ][gc          ] GC(119) Concurrent class unloading 10.755ms
[8.115s][info   ][gc,start    ] GC(119) Pause Final Roots
[8.115s][info   ][gc          ] GC(119) Pause Final Roots 0.062ms
[8.121s][info   ][gc,ergo     ] Free: 1280M, Max: 1024K regular, 726M humongous, Frag: 44% external, 0% internal; Reserve: 103M, Max: 1024K
[8.121s][info   ][gc,stats    ] 
[8.121s][info   ][gc,stats    ] All times are wall-clock times, except per-root-class counters, that are sum over
[8.121s][info   ][gc,stats    ] all workers. Dividing the <total> over the root stage time estimates parallelism.
[8.121s][info   ][gc,stats    ] 
[8.121s][info   ][gc,stats    ] Concurrent Reset                   4026 us
[8.121s][info   ][gc,stats    ] Pause Init Mark (G)                1432 us
[8.121s][info   ][gc,stats    ] Pause Init Mark (N)                  96 us
[8.121s][info   ][gc,stats    ]   Update Region States               41 us
[8.121s][info   ][gc,stats    ] Concurrent Mark Roots              2359 us, parallelism: 0.96x
[8.121s][info   ][gc,stats    ]   CMR: <total>                     2274 us
[8.121s][info   ][gc,stats    ]   CMR: Thread Roots                2205 us, workers (us): 2205, ---, 
[8.121s][info   ][gc,stats    ]   CMR: VM Strong Roots                9 us, workers (us):   9, ---, 
[8.121s][info   ][gc,stats    ]   CMR: CLDG Roots                    60 us, workers (us):  60, ---, 
[8.121s][info   ][gc,stats    ] Concurrent Marking                 8896 us
[8.121s][info   ][gc,stats    ] Pause Final Mark (G)               4185 us
[8.121s][info   ][gc,stats    ] Pause Final Mark (N)                243 us
[8.121s][info   ][gc,stats    ]   Finish Mark                        70 us
[8.121s][info   ][gc,stats    ]   Update Region States               48 us
[8.121s][info   ][gc,stats    ]   Choose Collection Set              78 us
[8.121s][info   ][gc,stats    ]   Rebuild Free Set                    8 us
[8.121s][info   ][gc,stats    ] Concurrent Weak References         1429 us, parallelism: 0.01x
[8.121s][info   ][gc,stats    ]   CWRF: <total>                      12 us
[8.121s][info   ][gc,stats    ]   CWRF: Weak References              12 us, workers (us):  12, ---, 
[8.121s][info   ][gc,stats    ] Concurrent Weak Roots              1639 us
[8.121s][info   ][gc,stats    ]   Roots                             345 us, parallelism: 0.40x
[8.121s][info   ][gc,stats    ]     CWR: <total>                    139 us
[8.121s][info   ][gc,stats    ]     CWR: Code Cache Roots            82 us, workers (us):  82, ---, 
[8.121s][info   ][gc,stats    ]     CWR: VM Weak Roots               53 us, workers (us):  53, ---, 
[8.121s][info   ][gc,stats    ]     CWR: CLDG Roots                   4 us, workers (us):   4, ---, 
[8.121s][info   ][gc,stats    ]   Rendezvous                       1240 us
[8.121s][info   ][gc,stats    ] Concurrent Cleanup                  482 us
[8.121s][info   ][gc,stats    ] Concurrent Class Unloading        10934 us
[8.121s][info   ][gc,stats    ]   Unlink Stale                      415 us
[8.122s][info   ][gc,stats    ]     System Dictionary                20 us
[8.122s][info   ][gc,stats    ]     Weak Class Links                  2 us
[8.122s][info   ][gc,stats    ]     Code Roots                      382 us
[8.122s][info   ][gc,stats    ]   Rendezvous                       5234 us
[8.122s][info   ][gc,stats    ]   Purge Unlinked                   5068 us
[8.122s][info   ][gc,stats    ]     Code Roots                     5046 us
[8.122s][info   ][gc,stats    ]     CLDG                             15 us
[8.122s][info   ][gc,stats    ]     Exception Caches                  2 us
[8.122s][info   ][gc,stats    ] Pause Final Roots (G)              8683 us
[8.122s][info   ][gc,stats    ] Pause Final Roots (N)                74 us
[8.122s][info   ][gc,stats    ] 
[8.122s][info   ][gc,stats    ] Allocation pacing accrued:
[8.122s][info   ][gc,stats    ]       0 of    59 ms (  0.0%): <total>
[8.122s][info   ][gc,stats    ]       0 of    59 ms (  0.0%): <average total>
[8.122s][info   ][gc,stats    ] 
[8.122s][info   ][gc,metaspace] Metaspace: 213K(448K)->213K(448K) NonClass: 204K(320K)->204K(320K) Class: 9K(128K)->9K(128K)
[8.122s][info   ][gc,ergo     ] Pacer for Idle. Initial: 41943K, Alloc Tax Rate: 1.0x
[8.141s][info   ][gc          ] Trigger: Average GC time (59.60 ms) is above the time for average allocation rate (14889 MB/s) to deplete free headroom (883M) (margin of error = 1.90)
[8.141s][info   ][gc,ergo     ] Free headroom: 986M (free) - 102M (spike) - 0B (penalties) = 883M
[8.141s][info   ][gc,ergo     ] Free: 982M, Max: 1024K regular, 726M humongous, Frag: 27% external, 0% internal; Reserve: 103M, Max: 1024K
[8.141s][info   ][gc,start    ] GC(120) Concurrent reset
[8.141s][info   ][gc,task     ] GC(120) Using 1 of 2 workers for concurrent reset
[8.141s][info   ][gc,ergo     ] GC(120) Pacer for Reset. Non-Taxable: 2048M
[8.146s][info   ][gc          ] GC(120) Concurrent reset 4.776ms
[8.147s][info   ][gc,start    ] GC(120) Pause Init Mark (unload classes)
[8.147s][info   ][gc,task     ] GC(120) Using 2 of 2 workers for init marking
[8.147s][info   ][gc,ergo     ] GC(120) Pacer for Mark. Expected Live: 74688K, Free: 914M, Non-Taxable: 93593K, Alloc Tax Rate: 0.1x
[8.147s][info   ][gc          ] GC(120) Pause Init Mark (unload classes) 0.222ms
[8.152s][info   ][gc,start    ] GC(120) Concurrent marking roots
[8.152s][info   ][gc,task     ] GC(120) Using 1 of 2 workers for concurrent marking roots
[8.154s][info   ][gc          ] GC(120) Concurrent marking roots 2.331ms
[8.154s][info   ][gc,start    ] GC(120) Concurrent marking (unload classes)
[8.154s][info   ][gc,task     ] GC(120) Using 1 of 2 workers for concurrent marking
[8.157s][info   ][gc          ] GC(120) Concurrent marking (unload classes) 3.021ms
[8.157s][info   ][gc,start    ] GC(120) Pause Final Mark (unload classes)
[8.157s][info   ][gc,task     ] GC(120) Using 2 of 2 workers for final marking
[8.158s][info   ][gc,ergo     ] GC(120) Collectable Garbage: 494M (98%), Immediate: 494M (98%), CSet: 0B (0%)
[8.158s][info   ][gc          ] GC(120) Pause Final Mark (unload classes) 0.333ms
[8.170s][info   ][gc,start    ] GC(120) Concurrent weak references
[8.170s][info   ][gc,task     ] GC(120) Using 1 of 2 workers for concurrent weak references
[8.171s][info   ][gc,ref      ] GC(120) Encountered references: Soft: 11, Weak: 37, Final: 0, Phantom: 5
[8.171s][info   ][gc,ref      ] GC(120) Discovered  references: Soft: 0, Weak: 11, Final: 0, Phantom: 5
[8.171s][info   ][gc,ref      ] GC(120) Enqueued    references: Soft: 0, Weak: 0, Final: 0, Phantom: 0
[8.171s][info   ][gc          ] GC(120) Concurrent weak references 0.374ms
[8.171s][info   ][gc,start    ] GC(120) Concurrent weak roots
[8.171s][info   ][gc,task     ] GC(120) Using 1 of 2 workers for concurrent weak root
[8.171s][info   ][gc          ] GC(120) Concurrent weak roots 0.446ms
[8.171s][info   ][gc,start    ] GC(120) Concurrent cleanup
[8.172s][info   ][gc          ] GC(120) Concurrent cleanup 660M->166M(2048M) 0.621ms
[8.172s][info   ][gc,ergo     ] GC(120) Free: 1620M, Max: 1024K regular, 632M humongous, Frag: 61% external, 0% internal; Reserve: 103M, Max: 1024K
[8.172s][info   ][gc,start    ] GC(120) Concurrent class unloading
[8.172s][info   ][gc,task     ] GC(120) Using 1 of 2 workers for concurrent class unloading
[8.172s][info   ][gc          ] GC(120) Concurrent class unloading 0.354ms
[8.172s][info   ][gc,start    ] GC(120) Pause Final Roots
[8.172s][info   ][gc          ] GC(120) Pause Final Roots 0.012ms
[8.172s][info   ][gc,ergo     ] Free: 1620M, Max: 1024K regular, 632M humongous, Frag: 61% external, 0% internal; Reserve: 103M, Max: 1024K
[8.172s][info   ][gc,stats    ] 
[8.172s][info   ][gc,stats    ] All times are wall-clock times, except per-root-class counters, that are sum over
[8.172s][info   ][gc,stats    ] all workers. Dividing the <total> over the root stage time estimates parallelism.
[8.172s][info   ][gc,stats    ] 
[8.172s][info   ][gc,stats    ] Concurrent Reset                   4932 us
[8.172s][info   ][gc,stats    ] Pause Init Mark (G)                5965 us
[8.172s][info   ][gc,stats    ] Pause Init Mark (N)                 231 us
[8.172s][info   ][gc,stats    ]   Update Region States              124 us
[8.172s][info   ][gc,stats    ] Concurrent Mark Roots              2432 us, parallelism: 0.26x
[8.172s][info   ][gc,stats    ]   CMR: <total>                      632 us
[8.172s][info   ][gc,stats    ]   CMR: Thread Roots                 541 us, workers (us): 541, ---, 
[8.172s][info   ][gc,stats    ]   CMR: VM Strong Roots               20 us, workers (us):  20, ---, 
[8.172s][info   ][gc,stats    ]   CMR: CLDG Roots                    71 us, workers (us):  71, ---, 
[8.172s][info   ][gc,stats    ] Concurrent Marking                 3079 us
[8.172s][info   ][gc,stats    ] Pause Final Mark (G)              12951 us
[8.172s][info   ][gc,stats    ] Pause Final Mark (N)                344 us
[8.172s][info   ][gc,stats    ]   Finish Mark                        98 us
[8.172s][info   ][gc,stats    ]   Update Region States               94 us
[8.172s][info   ][gc,stats    ]   Choose Collection Set              91 us
[8.172s][info   ][gc,stats    ]   Rebuild Free Set                   20 us
[8.172s][info   ][gc,stats    ] Concurrent Weak References          390 us, parallelism: 0.04x
[8.172s][info   ][gc,stats    ]   CWRF: <total>                      17 us
[8.172s][info   ][gc,stats    ]   CWRF: Weak References              17 us, workers (us):  17, ---, 
[8.172s][info   ][gc,stats    ] Concurrent Weak Roots               460 us
[8.172s][info   ][gc,stats    ]   Roots                             255 us, parallelism: 0.46x
[8.172s][info   ][gc,stats    ]     CWR: <total>                    117 us
[8.172s][info   ][gc,stats    ]     CWR: Code Cache Roots            68 us, workers (us):  68, ---, 
[8.172s][info   ][gc,stats    ]     CWR: VM Weak Roots               46 us, workers (us):  46, ---, 
[8.172s][info   ][gc,stats    ]     CWR: CLDG Roots                   3 us, workers (us):   3, ---, 
[8.172s][info   ][gc,stats    ]   Rendezvous                        173 us
[8.172s][info   ][gc,stats    ] Concurrent Cleanup                  640 us
[8.172s][info   ][gc,stats    ] Concurrent Class Unloading          374 us
[8.172s][info   ][gc,stats    ]   Unlink Stale                      219 us
[8.172s][info   ][gc,stats    ]     System Dictionary                 5 us
[8.173s][info   ][gc,stats    ]     Weak Class Links                  1 us
[8.173s][info   ][gc,stats    ]     Code Roots                      209 us
[8.173s][info   ][gc,stats    ]   Rendezvous                         38 us
[8.173s][info   ][gc,stats    ]   Purge Unlinked                     80 us
[8.173s][info   ][gc,stats    ]     Code Roots                       63 us
[8.173s][info   ][gc,stats    ]     CLDG                             14 us
[8.173s][info   ][gc,stats    ]     Exception Caches                  1 us
[8.173s][info   ][gc,stats    ] Pause Final Roots (G)                59 us
[8.173s][info   ][gc,stats    ] Pause Final Roots (N)                20 us
[8.173s][info   ][gc,stats    ] Pacing                            92309 us
[8.173s][info   ][gc,stats    ] 
[8.173s][info   ][gc,stats    ] Allocation pacing accrued:
[8.173s][info   ][gc,stats    ]       4 of    51 ms (  7.0%): Thread-0
[8.173s][info   ][gc,stats    ]      18 of    51 ms ( 36.2%): Thread-1
[8.173s][info   ][gc,stats    ]      16 of    51 ms ( 32.3%): Thread-2
[8.173s][info   ][gc,stats    ]      14 of    51 ms ( 27.3%): Thread-4
[8.173s][info   ][gc,stats    ]      18 of    51 ms ( 34.6%): Thread-5
[8.173s][info   ][gc,stats    ]      19 of    51 ms ( 36.7%): Thread-6
[8.173s][info   ][gc,stats    ]       4 of    51 ms (  6.9%): Thread-7
[8.173s][info   ][gc,stats    ]      92 of    51 ms (181.0%): <total>
[8.173s][info   ][gc,stats    ]       5 of    51 ms (  9.5%): <average total>
[8.173s][info   ][gc,stats    ]      13 of    51 ms ( 25.9%): <average non-zero>
[8.173s][info   ][gc,stats    ] 
[8.173s][info   ][gc,metaspace] Metaspace: 213K(448K)->213K(448K) NonClass: 204K(320K)->204K(320K) Class: 9K(128K)->9K(128K)
[8.173s][info   ][gc,ergo     ] Pacer for Idle. Initial: 41943K, Alloc Tax Rate: 1.0x
[8.232s][info   ][gc          ] Trigger: Average GC time (52.92 ms) is above the time for average allocation rate (14864 MB/s) to deplete free headroom (771M) (margin of error = 1.88)
[8.232s][info   ][gc,ergo     ] Free headroom: 874M (free) - 102M (spike) - 0B (penalties) = 771M
[8.232s][info   ][gc,ergo     ] Free: 874M, Max: 1024K regular, 632M humongous, Frag: 28% external, 0% internal; Reserve: 103M, Max: 1024K
[8.232s][info   ][gc,start    ] GC(121) Concurrent reset
[8.232s][info   ][gc,task     ] GC(121) Using 1 of 2 workers for concurrent reset
[8.232s][info   ][gc,ergo     ] GC(121) Pacer for Reset. Non-Taxable: 2048M
[8.233s][info   ][gc          ] GC(121) Concurrent reset 0.504ms
[8.233s][info   ][gc,start    ] GC(121) Pause Init Mark (unload classes)
[8.233s][info   ][gc,task     ] GC(121) Using 2 of 2 workers for init marking
[8.233s][info   ][gc,ergo     ] GC(121) Pacer for Mark. Expected Live: 61990K, Free: 866M, Non-Taxable: 88678K, Alloc Tax Rate: 0.1x
[8.233s][info   ][gc          ] GC(121) Pause Init Mark (unload classes) 0.138ms
[8.233s][info   ][gc,start    ] GC(121) Concurrent marking roots
[8.233s][info   ][gc,task     ] GC(121) Using 1 of 2 workers for concurrent marking roots
[8.234s][info   ][gc          ] GC(121) Concurrent marking roots 0.412ms
[8.234s][info   ][gc,start    ] GC(121) Concurrent marking (unload classes)
[8.234s][info   ][gc,task     ] GC(121) Using 1 of 2 workers for concurrent marking
[8.240s][info   ][gc          ] GC(121) Concurrent marking (unload classes) 5.914ms
[8.240s][info   ][gc,start    ] GC(121) Pause Final Mark (unload classes)
[8.240s][info   ][gc,task     ] GC(121) Using 2 of 2 workers for final marking
[8.241s][info   ][gc,ergo     ] GC(121) Collectable Garbage: 472M (98%), Immediate: 472M (98%), CSet: 0B (0%)
[8.241s][info   ][gc          ] GC(121) Pause Final Mark (unload classes) 0.331ms
[8.244s][info   ][gc,start    ] GC(121) Concurrent weak references
[8.244s][info   ][gc,task     ] GC(121) Using 1 of 2 workers for concurrent weak references
[8.248s][info   ][gc,ref      ] GC(121) Encountered references: Soft: 11, Weak: 37, Final: 0, Phantom: 5
[8.248s][info   ][gc,ref      ] GC(121) Discovered  references: Soft: 0, Weak: 11, Final: 0, Phantom: 5
[8.248s][info   ][gc,ref      ] GC(121) Enqueued    references: Soft: 0, Weak: 0, Final: 0, Phantom: 0
[8.248s][info   ][gc          ] GC(121) Concurrent weak references 3.788ms
[8.248s][info   ][gc,start    ] GC(121) Concurrent weak roots
[8.248s][info   ][gc,task     ] GC(121) Using 1 of 2 workers for concurrent weak root
[8.258s][info   ][gc          ] GC(121) Concurrent weak roots 9.662ms
[8.258s][info   ][gc,start    ] GC(121) Concurrent cleanup
[8.259s][info   ][gc          ] GC(121) Concurrent cleanup 710M->244M(2048M) 1.185ms
[8.259s][info   ][gc,ergo     ] GC(121) Free: 1462M, Max: 1024K regular, 532M humongous, Frag: 64% external, 0% internal; Reserve: 103M, Max: 1024K
[8.259s][info   ][gc,start    ] GC(121) Concurrent class unloading
[8.259s][info   ][gc,task     ] GC(121) Using 1 of 2 workers for concurrent class unloading
[8.269s][info   ][gc          ] GC(121) Concurrent class unloading 10.188ms
[8.271s][info   ][gc,start    ] GC(121) Pause Final Roots
[8.271s][info   ][gc          ] GC(121) Pause Final Roots 0.053ms
[8.277s][info   ][gc,ergo     ] Free: 1236M, Max: 1024K regular, 532M humongous, Frag: 57% external, 0% internal; Reserve: 103M, Max: 1024K
[8.277s][info   ][gc,stats    ] 
[8.277s][info   ][gc,stats    ] All times are wall-clock times, except per-root-class counters, that are sum over
[8.277s][info   ][gc,stats    ] all workers. Dividing the <total> over the root stage time estimates parallelism.
[8.277s][info   ][gc,stats    ] 
[8.277s][info   ][gc,stats    ] Concurrent Reset                    538 us
[8.277s][info   ][gc,stats    ] Pause Init Mark (G)                 392 us
[8.277s][info   ][gc,stats    ] Pause Init Mark (N)                 147 us
[8.277s][info   ][gc,stats    ]   Update Region States               83 us
[8.277s][info   ][gc,stats    ] Concurrent Mark Roots               431 us, parallelism: 0.72x
[8.277s][info   ][gc,stats    ]   CMR: <total>                      310 us
[8.277s][info   ][gc,stats    ]   CMR: Thread Roots                 272 us, workers (us): 272, ---, 
[8.277s][info   ][gc,stats    ]   CMR: VM Strong Roots                5 us, workers (us):   5, ---, 
[8.277s][info   ][gc,stats    ]   CMR: CLDG Roots                    32 us, workers (us):  32, ---, 
[8.277s][info   ][gc,stats    ] Concurrent Marking                 6042 us
[8.277s][info   ][gc,stats    ] Pause Final Mark (G)               4202 us
[8.277s][info   ][gc,stats    ] Pause Final Mark (N)                340 us
[8.277s][info   ][gc,stats    ]   Finish Mark                        95 us
[8.277s][info   ][gc,stats    ]   Update Region States               85 us
[8.277s][info   ][gc,stats    ]   Choose Collection Set              95 us
[8.277s][info   ][gc,stats    ]   Rebuild Free Set                    9 us
[8.277s][info   ][gc,stats    ] Concurrent Weak References         3803 us, parallelism: 0.00x
[8.277s][info   ][gc,stats    ]   CWRF: <total>                      15 us
[8.277s][info   ][gc,stats    ]   CWRF: Weak References              15 us, workers (us):  15, ---, 
[8.277s][info   ][gc,stats    ] Concurrent Weak Roots              9870 us
[8.277s][info   ][gc,stats    ]   Roots                            4702 us, parallelism: 0.05x
[8.277s][info   ][gc,stats    ]     CWR: <total>                    223 us
[8.277s][info   ][gc,stats    ]     CWR: Code Cache Roots           144 us, workers (us): 144, ---, 
[8.277s][info   ][gc,stats    ]     CWR: VM Weak Roots               75 us, workers (us):  75, ---, 
[8.277s][info   ][gc,stats    ]     CWR: CLDG Roots                   4 us, workers (us):   4, ---, 
[8.277s][info   ][gc,stats    ]   Rendezvous                       4921 us
[8.277s][info   ][gc,stats    ] Concurrent Cleanup                 1257 us
[8.277s][info   ][gc,stats    ] Concurrent Class Unloading        10354 us
[8.277s][info   ][gc,stats    ]   Unlink Stale                     4205 us
[8.277s][info   ][gc,stats    ]     System Dictionary                15 us
[8.277s][info   ][gc,stats    ]     Weak Class Links                  1 us
[8.277s][info   ][gc,stats    ]     Code Roots                     4181 us
[8.277s][info   ][gc,stats    ]   Rendezvous                       5594 us
[8.277s][info   ][gc,stats    ]   Purge Unlinked                    216 us
[8.277s][info   ][gc,stats    ]     Code Roots                      181 us
[8.277s][info   ][gc,stats    ]     CLDG                             28 us
[8.277s][info   ][gc,stats    ]     Exception Caches                  3 us
[8.277s][info   ][gc,stats    ] Pause Final Roots (G)              7115 us
[8.277s][info   ][gc,stats    ] Pause Final Roots (N)                64 us
[8.277s][info   ][gc,stats    ] Pacing                            49352 us
[8.277s][info   ][gc,stats    ] 
[8.277s][info   ][gc,stats    ] Allocation pacing accrued:
[8.277s][info   ][gc,stats    ]      12 of   105 ms ( 11.9%): Thread-0
[8.277s][info   ][gc,stats    ]      10 of   105 ms (  9.8%): Thread-2
[8.277s][info   ][gc,stats    ]      15 of   105 ms ( 14.1%): Thread-3
[8.277s][info   ][gc,stats    ]      12 of   105 ms ( 11.4%): Thread-7
[8.277s][info   ][gc,stats    ]      49 of   105 ms ( 47.2%): <total>
[8.277s][info   ][gc,stats    ]       3 of   105 ms (  2.5%): <average total>
[8.277s][info   ][gc,stats    ]      12 of   105 ms ( 11.8%): <average non-zero>
[8.277s][info   ][gc,stats    ] 
[8.277s][info   ][gc,metaspace] Metaspace: 213K(448K)->213K(448K) NonClass: 204K(320K)->204K(320K) Class: 9K(128K)->9K(128K)
[8.277s][info   ][gc,ergo     ] Pacer for Idle. Initial: 41943K, Alloc Tax Rate: 1.0x
[8.300s][info   ][gc          ] Trigger: Average GC time (53.64 ms) is above the time for average allocation rate (14864 MB/s) to deplete free headroom (787M) (margin of error = 1.88)
[8.300s][info   ][gc,ergo     ] Free headroom: 890M (free) - 102M (spike) - 0B (penalties) = 787M
[8.300s][info   ][gc,ergo     ] Free: 886M, Max: 1024K regular, 532M humongous, Frag: 40% external, 0% internal; Reserve: 103M, Max: 1024K
[8.300s][info   ][gc,start    ] GC(122) Concurrent reset
[8.300s][info   ][gc,task     ] GC(122) Using 1 of 2 workers for concurrent reset
[8.300s][info   ][gc,ergo     ] GC(122) Pacer for Reset. Non-Taxable: 2048M
[8.305s][info   ][gc          ] GC(122) Concurrent reset 4.418ms
[8.306s][info   ][gc,start    ] GC(122) Pause Init Mark (unload classes)
[8.306s][info   ][gc,task     ] GC(122) Using 2 of 2 workers for init marking
[8.306s][info   ][gc,ergo     ] GC(122) Pacer for Mark. Expected Live: 57280K, Free: 834M, Non-Taxable: 85401K, Alloc Tax Rate: 0.1x
[8.306s][info   ][gc          ] GC(122) Pause Init Mark (unload classes) 0.160ms
[8.306s][info   ][gc,start    ] GC(122) Concurrent marking roots
[8.306s][info   ][gc,task     ] GC(122) Using 1 of 2 workers for concurrent marking roots
[8.311s][info   ][gc          ] GC(122) Concurrent marking roots 4.956ms
[8.311s][info   ][gc,start    ] GC(122) Concurrent marking (unload classes)
[8.311s][info   ][gc,task     ] GC(122) Using 1 of 2 workers for concurrent marking
[8.313s][info   ][gc          ] GC(122) Concurrent marking (unload classes) 1.446ms
[8.313s][info   ][gc,start    ] GC(122) Pause Final Mark (unload classes)
[8.313s][info   ][gc,task     ] GC(122) Using 2 of 2 workers for final marking
[8.313s][info   ][gc,ergo     ] GC(122) Collectable Garbage: 486M (98%), Immediate: 486M (98%), CSet: 0B (0%)
[8.313s][info   ][gc          ] GC(122) Pause Final Mark (unload classes) 0.274ms
[8.313s][info   ][gc,start    ] GC(122) Concurrent weak references
[8.313s][info   ][gc,task     ] GC(122) Using 1 of 2 workers for concurrent weak references
[8.313s][info   ][gc,ref      ] GC(122) Encountered references: Soft: 11, Weak: 37, Final: 0, Phantom: 5
[8.313s][info   ][gc,ref      ] GC(122) Discovered  references: Soft: 0, Weak: 11, Final: 0, Phantom: 5
[8.313s][info   ][gc,ref      ] GC(122) Enqueued    references: Soft: 0, Weak: 0, Final: 0, Phantom: 0
[8.313s][info   ][gc          ] GC(122) Concurrent weak references 0.093ms
[8.313s][info   ][gc,start    ] GC(122) Concurrent weak roots
[8.313s][info   ][gc,task     ] GC(122) Using 1 of 2 workers for concurrent weak root
[8.314s][info   ][gc          ] GC(122) Concurrent weak roots 0.187ms
[8.314s][info   ][gc,start    ] GC(122) Concurrent cleanup
[8.314s][info   ][gc          ] GC(122) Concurrent cleanup 601M->115M(2048M) 0.497ms
[8.314s][info   ][gc,ergo     ] GC(122) Free: 1722M, Max: 1024K regular, 916M humongous, Frag: 47% external, 0% internal; Reserve: 103M, Max: 1024K
[8.314s][info   ][gc,start    ] GC(122) Concurrent class unloading
[8.314s][info   ][gc,task     ] GC(122) Using 1 of 2 workers for concurrent class unloading
[8.314s][info   ][gc          ] GC(122) Concurrent class unloading 0.335ms
[8.314s][info   ][gc,start    ] GC(122) Pause Final Roots
[8.314s][info   ][gc          ] GC(122) Pause Final Roots 0.010ms
[8.315s][info   ][gc,ergo     ] Free: 1722M, Max: 1024K regular, 916M humongous, Frag: 47% external, 0% internal; Reserve: 103M, Max: 1024K
[8.315s][info   ][gc,stats    ] 
[8.315s][info   ][gc,stats    ] All times are wall-clock times, except per-root-class counters, that are sum over
[8.315s][info   ][gc,stats    ] all workers. Dividing the <total> over the root stage time estimates parallelism.
[8.315s][info   ][gc,stats    ] 
[8.315s][info   ][gc,stats    ] Concurrent Reset                   4540 us
[8.315s][info   ][gc,stats    ] Pause Init Mark (G)                1449 us
[8.315s][info   ][gc,stats    ] Pause Init Mark (N)                 168 us
[8.315s][info   ][gc,stats    ]   Update Region States               95 us
[8.315s][info   ][gc,stats    ] Concurrent Mark Roots              5078 us, parallelism: 0.05x
[8.315s][info   ][gc,stats    ]   CMR: <total>                      230 us
[8.315s][info   ][gc,stats    ]   CMR: Thread Roots                 147 us, workers (us): 147, ---, 
[8.315s][info   ][gc,stats    ]   CMR: VM Strong Roots               10 us, workers (us):  10, ---, 
[8.315s][info   ][gc,stats    ]   CMR: CLDG Roots                    73 us, workers (us):  73, ---, 
[8.315s][info   ][gc,stats    ] Concurrent Marking                 1486 us
[8.315s][info   ][gc,stats    ] Pause Final Mark (G)                327 us
[8.315s][info   ][gc,stats    ] Pause Final Mark (N)                283 us
[8.315s][info   ][gc,stats    ]   Finish Mark                        92 us
[8.315s][info   ][gc,stats    ]   Update Region States               74 us
[8.315s][info   ][gc,stats    ]   Choose Collection Set              77 us
[8.315s][info   ][gc,stats    ]   Rebuild Free Set                    9 us
[8.315s][info   ][gc,stats    ] Concurrent Weak References           99 us, parallelism: 0.02x
[8.315s][info   ][gc,stats    ]   CWRF: <total>                       2 us
[8.315s][info   ][gc,stats    ]   CWRF: Weak References               2 us, workers (us):   2, ---, 
[8.315s][info   ][gc,stats    ] Concurrent Weak Roots               202 us
[8.315s][info   ][gc,stats    ]   Roots                             128 us, parallelism: 0.44x
[8.315s][info   ][gc,stats    ]     CWR: <total>                     56 us
[8.315s][info   ][gc,stats    ]     CWR: Code Cache Roots            33 us, workers (us):  33, ---, 
[8.315s][info   ][gc,stats    ]     CWR: VM Weak Roots               21 us, workers (us):  21, ---, 
[8.315s][info   ][gc,stats    ]     CWR: CLDG Roots                   1 us, workers (us):   1, ---, 
[8.315s][info   ][gc,stats    ]   Rendezvous                         45 us
[8.315s][info   ][gc,stats    ] Concurrent Cleanup                  506 us
[8.315s][info   ][gc,stats    ] Concurrent Class Unloading          355 us
[8.315s][info   ][gc,stats    ]   Unlink Stale                      192 us
[8.315s][info   ][gc,stats    ]     System Dictionary                 4 us
[8.315s][info   ][gc,stats    ]     Weak Class Links                  1 us
[8.315s][info   ][gc,stats    ]     Code Roots                      185 us
[8.315s][info   ][gc,stats    ]   Rendezvous                         44 us
[8.315s][info   ][gc,stats    ]   Purge Unlinked                     84 us
[8.315s][info   ][gc,stats    ]     Code Roots                       66 us
[8.315s][info   ][gc,stats    ]     CLDG                             15 us
[8.315s][info   ][gc,stats    ]     Exception Caches                  1 us
[8.315s][info   ][gc,stats    ] Pause Final Roots (G)                62 us
[8.315s][info   ][gc,stats    ] Pause Final Roots (N)                17 us
[8.315s][info   ][gc,stats    ] 
[8.315s][info   ][gc,stats    ] Allocation pacing accrued:
[8.315s][info   ][gc,stats    ]       0 of    38 ms (  0.0%): <total>
[8.315s][info   ][gc,stats    ]       0 of    38 ms (  0.0%): <average total>
[8.315s][info   ][gc,stats    ] 
[8.315s][info   ][gc,metaspace] Metaspace: 213K(448K)->213K(448K) NonClass: 204K(320K)->204K(320K) Class: 9K(128K)->9K(128K)
[8.315s][info   ][gc,ergo     ] Pacer for Idle. Initial: 41943K, Alloc Tax Rate: 1.0x
[8.371s][info   ][gc          ] Trigger: Average GC time (53.66 ms) is above the time for average allocation rate (14839 MB/s) to deplete free headroom (761M) (margin of error = 1.87)
[8.372s][info   ][gc,ergo     ] Free headroom: 864M (free) - 102M (spike) - 0B (penalties) = 761M
[8.372s][info   ][gc,ergo     ] Free: 860M, Max: 1024K regular, 860M humongous, Frag: 0% external, 0% internal; Reserve: 103M, Max: 1024K
[8.372s][info   ][gc,start    ] GC(123) Concurrent reset
[8.372s][info   ][gc,task     ] GC(123) Using 1 of 2 workers for concurrent reset
[8.372s][info   ][gc,ergo     ] GC(123) Pacer for Reset. Non-Taxable: 2048M
[8.380s][info   ][gc          ] GC(123) Concurrent reset 8.386ms
[8.384s][info   ][gc,start    ] GC(123) Pause Init Mark (unload classes)
[8.384s][info   ][gc,task     ] GC(123) Using 2 of 2 workers for init marking
[8.384s][info   ][gc,ergo     ] GC(123) Pacer for Mark. Expected Live: 55437K, Free: 694M, Non-Taxable: 71065K, Alloc Tax Rate: 0.1x
[8.385s][info   ][gc          ] GC(123) Pause Init Mark (unload classes) 0.190ms
[8.386s][info   ][gc,start    ] GC(123) Concurrent marking roots
[8.386s][info   ][gc,task     ] GC(123) Using 1 of 2 workers for concurrent marking roots
[8.389s][info   ][gc          ] GC(123) Concurrent marking roots 3.435ms
[8.389s][info   ][gc,start    ] GC(123) Concurrent marking (unload classes)
[8.389s][info   ][gc,task     ] GC(123) Using 1 of 2 workers for concurrent marking
[8.395s][info   ][gc          ] GC(123) Concurrent marking (unload classes) 5.625ms
[8.395s][info   ][gc,start    ] GC(123) Pause Final Mark (unload classes)
[8.395s][info   ][gc,task     ] GC(123) Using 2 of 2 workers for final marking
[8.396s][info   ][gc,ergo     ] GC(123) Collectable Garbage: 472M (98%), Immediate: 472M (98%), CSet: 0B (0%)
[8.396s][info   ][gc          ] GC(123) Pause Final Mark (unload classes) 1.017ms
[8.396s][info   ][gc,start    ] GC(123) Concurrent weak references
[8.397s][info   ][gc,task     ] GC(123) Using 1 of 2 workers for concurrent weak references
[8.397s][info   ][gc,ref      ] GC(123) Encountered references: Soft: 11, Weak: 37, Final: 0, Phantom: 5
[8.397s][info   ][gc,ref      ] GC(123) Discovered  references: Soft: 0, Weak: 11, Final: 0, Phantom: 5
[8.397s][info   ][gc,ref      ] GC(123) Enqueued    references: Soft: 0, Weak: 0, Final: 0, Phantom: 0
[8.397s][info   ][gc          ] GC(123) Concurrent weak references 0.139ms
[8.397s][info   ][gc,start    ] GC(123) Concurrent weak roots
[8.397s][info   ][gc,task     ] GC(123) Using 1 of 2 workers for concurrent weak root
[8.398s][info   ][gc          ] GC(123) Concurrent weak roots 1.075ms
[8.398s][info   ][gc,start    ] GC(123) Concurrent cleanup
[8.398s][info   ][gc          ] GC(123) Concurrent cleanup 707M->235M(2048M) 0.507ms
[8.398s][info   ][gc,ergo     ] GC(123) Free: 1482M, Max: 1024K regular, 538M humongous, Frag: 64% external, 0% internal; Reserve: 103M, Max: 1024K
[8.398s][info   ][gc,start    ] GC(123) Concurrent class unloading
[8.398s][info   ][gc,task     ] GC(123) Using 1 of 2 workers for concurrent class unloading
[8.399s][info   ][gc          ] GC(123) Concurrent class unloading 0.395ms
[8.402s][info   ][gc,start    ] GC(123) Pause Final Roots
[8.402s][info   ][gc          ] GC(123) Pause Final Roots 0.036ms
[8.402s][info   ][gc,ergo     ] Free: 1426M, Max: 1024K regular, 538M humongous, Frag: 63% external, 0% internal; Reserve: 103M, Max: 1024K
[8.402s][info   ][gc,stats    ] 
[8.402s][info   ][gc,stats    ] All times are wall-clock times, except per-root-class counters, that are sum over
[8.402s][info   ][gc,stats    ] all workers. Dividing the <total> over the root stage time estimates parallelism.
[8.402s][info   ][gc,stats    ] 
[8.402s][info   ][gc,stats    ] Concurrent Reset                   8643 us
[8.402s][info   ][gc,stats    ] Pause Init Mark (G)                5136 us
[8.402s][info   ][gc,stats    ] Pause Init Mark (N)                 199 us
[8.402s][info   ][gc,stats    ]   Update Region States              105 us
[8.402s][info   ][gc,stats    ] Concurrent Mark Roots              3493 us, parallelism: 0.08x
[8.402s][info   ][gc,stats    ]   CMR: <total>                      273 us
[8.402s][info   ][gc,stats    ]   CMR: Thread Roots                 188 us, workers (us): 188, ---, 
[8.402s][info   ][gc,stats    ]   CMR: VM Strong Roots               14 us, workers (us):  14, ---, 
[8.402s][info   ][gc,stats    ]   CMR: CLDG Roots                    71 us, workers (us):  71, ---, 
[8.402s][info   ][gc,stats    ] Concurrent Marking                 5703 us
[8.402s][info   ][gc,stats    ] Pause Final Mark (G)               1710 us
[8.402s][info   ][gc,stats    ] Pause Final Mark (N)               1027 us
[8.402s][info   ][gc,stats    ]   Finish Mark                       389 us
[8.402s][info   ][gc,stats    ]   Update Region States              369 us
[8.402s][info   ][gc,stats    ]   Choose Collection Set             157 us
[8.402s][info   ][gc,stats    ]   Rebuild Free Set                    9 us
[8.402s][info   ][gc,stats    ] Concurrent Weak References          147 us, parallelism: 0.06x
[8.402s][info   ][gc,stats    ]   CWRF: <total>                       8 us
[8.402s][info   ][gc,stats    ]   CWRF: Weak References               8 us, workers (us):   8, ---, 
[8.402s][info   ][gc,stats    ] Concurrent Weak Roots              1106 us
[8.402s][info   ][gc,stats    ]   Roots                             150 us, parallelism: 0.48x
[8.402s][info   ][gc,stats    ]     CWR: <total>                     73 us
[8.402s][info   ][gc,stats    ]     CWR: Code Cache Roots            37 us, workers (us):  37, ---, 
[8.402s][info   ][gc,stats    ]     CWR: VM Weak Roots               33 us, workers (us):  33, ---, 
[8.402s][info   ][gc,stats    ]     CWR: CLDG Roots                   2 us, workers (us):   2, ---, 
[8.402s][info   ][gc,stats    ]   Rendezvous                        908 us
[8.402s][info   ][gc,stats    ] Concurrent Cleanup                  520 us
[8.402s][info   ][gc,stats    ] Concurrent Class Unloading          411 us
[8.402s][info   ][gc,stats    ]   Unlink Stale                      205 us
[8.402s][info   ][gc,stats    ]     System Dictionary                 5 us
[8.402s][info   ][gc,stats    ]     Weak Class Links                  1 us
[8.402s][info   ][gc,stats    ]     Code Roots                      196 us
[8.402s][info   ][gc,stats    ]   Rendezvous                         86 us
[8.402s][info   ][gc,stats    ]   Purge Unlinked                     88 us
[8.402s][info   ][gc,stats    ]     Code Roots                       70 us
[8.402s][info   ][gc,stats    ]     CLDG                             15 us
[8.402s][info   ][gc,stats    ]     Exception Caches                  0 us
[8.402s][info   ][gc,stats    ] Pause Final Roots (G)              3270 us
[8.402s][info   ][gc,stats    ] Pause Final Roots (N)                45 us
[8.402s][info   ][gc,stats    ] Pacing                           122544 us
[8.402s][info   ][gc,stats    ] 
[8.402s][info   ][gc,stats    ] Allocation pacing accrued:
[8.402s][info   ][gc,stats    ]      12 of    88 ms ( 14.1%): Thread-0
[8.402s][info   ][gc,stats    ]      14 of    88 ms ( 16.0%): Thread-1
[8.402s][info   ][gc,stats    ]      24 of    88 ms ( 27.3%): Thread-2
[8.402s][info   ][gc,stats    ]       6 of    88 ms (  7.0%): Thread-3
[8.402s][info   ][gc,stats    ]      19 of    88 ms ( 21.7%): Thread-4
[8.402s][info   ][gc,stats    ]      17 of    88 ms ( 18.8%): Thread-5
[8.402s][info   ][gc,stats    ]      14 of    88 ms ( 16.0%): Thread-6
[8.402s][info   ][gc,stats    ]      17 of    88 ms ( 18.9%): Thread-7
[8.402s][info   ][gc,stats    ]     123 of    88 ms (139.9%): <total>
[8.402s][info   ][gc,stats    ]       6 of    88 ms (  7.4%): <average total>
[8.402s][info   ][gc,stats    ]      15 of    88 ms ( 17.5%): <average non-zero>
[8.402s][info   ][gc,stats    ] 
[8.403s][info   ][gc,metaspace] Metaspace: 213K(448K)->213K(448K) NonClass: 204K(320K)->204K(320K) Class: 9K(128K)->9K(128K)
[8.403s][info   ][gc,ergo     ] Pacer for Idle. Initial: 41943K, Alloc Tax Rate: 1.0x
[8.446s][info   ][gc          ] Trigger: Average GC time (47.57 ms) is above the time for average allocation rate (14839 MB/s) to deplete free headroom (693M) (margin of error = 1.87)
[8.446s][info   ][gc,ergo     ] Free headroom: 796M (free) - 102M (spike) - 0B (penalties) = 693M
[8.446s][info   ][gc,ergo     ] Free: 788M, Max: 1024K regular, 538M humongous, Frag: 32% external, 0% internal; Reserve: 103M, Max: 1024K
[8.447s][info   ][gc,start    ] GC(124) Concurrent reset
[8.447s][info   ][gc,task     ] GC(124) Using 1 of 2 workers for concurrent reset
[8.447s][info   ][gc,ergo     ] GC(124) Pacer for Reset. Non-Taxable: 2048M
[8.469s][info   ][gc          ] GC(124) Concurrent reset 22.178ms
[8.470s][info   ][gc,start    ] GC(124) Pause Init Mark (unload classes)
[8.470s][info   ][gc,task     ] GC(124) Using 2 of 2 workers for init marking
[8.470s][info   ][gc,ergo     ] GC(124) Pacer for Mark. Expected Live: 73664K, Free: 460M, Non-Taxable: 47104K, Alloc Tax Rate: 0.2x
[8.470s][info   ][gc          ] GC(124) Pause Init Mark (unload classes) 0.198ms
[8.473s][info   ][gc,start    ] GC(124) Concurrent marking roots
[8.473s][info   ][gc,task     ] GC(124) Using 1 of 2 workers for concurrent marking roots
[8.474s][info   ][gc          ] GC(124) Concurrent marking roots 0.470ms
[8.474s][info   ][gc,start    ] GC(124) Concurrent marking (unload classes)
[8.474s][info   ][gc,task     ] GC(124) Using 1 of 2 workers for concurrent marking
[8.475s][info   ][gc          ] GC(124) Concurrent marking (unload classes) 1.555ms
[8.475s][info   ][gc,start    ] GC(124) Pause Final Mark (unload classes)
[8.475s][info   ][gc,task     ] GC(124) Using 2 of 2 workers for final marking
[8.476s][info   ][gc,ergo     ] GC(124) Collectable Garbage: 592M (98%), Immediate: 592M (98%), CSet: 0B (0%)
[8.476s][info   ][gc          ] GC(124) Pause Final Mark (unload classes) 0.220ms
[8.476s][info   ][gc,start    ] GC(124) Concurrent weak references
[8.476s][info   ][gc,task     ] GC(124) Using 1 of 2 workers for concurrent weak references
[8.476s][info   ][gc,ref      ] GC(124) Encountered references: Soft: 11, Weak: 37, Final: 0, Phantom: 5
[8.476s][info   ][gc,ref      ] GC(124) Discovered  references: Soft: 0, Weak: 11, Final: 0, Phantom: 5
[8.476s][info   ][gc,ref      ] GC(124) Enqueued    references: Soft: 0, Weak: 0, Final: 0, Phantom: 0
[8.476s][info   ][gc          ] GC(124) Concurrent weak references 0.059ms
[8.476s][info   ][gc,start    ] GC(124) Concurrent weak roots
[8.476s][info   ][gc,task     ] GC(124) Using 1 of 2 workers for concurrent weak root
[8.476s][info   ][gc          ] GC(124) Concurrent weak roots 0.156ms
[8.476s][info   ][gc,start    ] GC(124) Concurrent cleanup
[8.477s][info   ][gc          ] GC(124) Concurrent cleanup 769M->186M(2048M) 0.736ms
[8.477s][info   ][gc,ergo     ] GC(124) Free: 1580M, Max: 1024K regular, 414M humongous, Frag: 74% external, 0% internal; Reserve: 103M, Max: 1024K
[8.477s][info   ][gc,start    ] GC(124) Concurrent class unloading
[8.477s][info   ][gc,task     ] GC(124) Using 1 of 2 workers for concurrent class unloading
[8.480s][info   ][gc          ] GC(124) Concurrent class unloading 3.096ms
[8.481s][info   ][gc,start    ] GC(124) Pause Final Roots
[8.481s][info   ][gc          ] GC(124) Pause Final Roots 0.032ms
[8.487s][info   ][gc,ergo     ] Free: 1428M, Max: 1024K regular, 414M humongous, Frag: 72% external, 0% internal; Reserve: 103M, Max: 1024K
[8.487s][info   ][gc,stats    ] 
[8.487s][info   ][gc,stats    ] All times are wall-clock times, except per-root-class counters, that are sum over
[8.487s][info   ][gc,stats    ] all workers. Dividing the <total> over the root stage time estimates parallelism.
[8.487s][info   ][gc,stats    ] 
[8.487s][info   ][gc,stats    ] Concurrent Reset                  22382 us
[8.487s][info   ][gc,stats    ] Pause Init Mark (G)                4293 us
[8.487s][info   ][gc,stats    ] Pause Init Mark (N)                 207 us
[8.487s][info   ][gc,stats    ]   Update Region States              137 us
[8.487s][info   ][gc,stats    ] Concurrent Mark Roots               491 us, parallelism: 0.48x
[8.487s][info   ][gc,stats    ]   CMR: <total>                      236 us
[8.487s][info   ][gc,stats    ]   CMR: Thread Roots                 175 us, workers (us): 175, ---, 
[8.487s][info   ][gc,stats    ]   CMR: VM Strong Roots               13 us, workers (us):  13, ---, 
[8.487s][info   ][gc,stats    ]   CMR: CLDG Roots                    48 us, workers (us):  48, ---, 
[8.487s][info   ][gc,stats    ] Concurrent Marking                 1578 us
[8.487s][info   ][gc,stats    ] Pause Final Mark (G)                267 us
[8.487s][info   ][gc,stats    ] Pause Final Mark (N)                227 us
[8.487s][info   ][gc,stats    ]   Finish Mark                        44 us
[8.487s][info   ][gc,stats    ]   Update Region States               34 us
[8.487s][info   ][gc,stats    ]   Choose Collection Set             112 us
[8.487s][info   ][gc,stats    ]   Rebuild Free Set                    9 us
[8.487s][info   ][gc,stats    ] Concurrent Weak References           65 us, parallelism: 0.04x
[8.487s][info   ][gc,stats    ]   CWRF: <total>                       2 us
[8.487s][info   ][gc,stats    ]   CWRF: Weak References               2 us, workers (us):   2, ---, 
[8.487s][info   ][gc,stats    ] Concurrent Weak Roots               164 us
[8.487s][info   ][gc,stats    ]   Roots                             114 us, parallelism: 0.71x
[8.487s][info   ][gc,stats    ]     CWR: <total>                     81 us
[8.487s][info   ][gc,stats    ]     CWR: Code Cache Roots            42 us, workers (us):  42, ---, 
[8.487s][info   ][gc,stats    ]     CWR: VM Weak Roots               37 us, workers (us):  37, ---, 
[8.487s][info   ][gc,stats    ]     CWR: CLDG Roots                   2 us, workers (us):   2, ---, 
[8.487s][info   ][gc,stats    ]   Rendezvous                         28 us
[8.487s][info   ][gc,stats    ] Concurrent Cleanup                  771 us
[8.487s][info   ][gc,stats    ] Concurrent Class Unloading         3197 us
[8.487s][info   ][gc,stats    ]   Unlink Stale                      348 us
[8.487s][info   ][gc,stats    ]     System Dictionary                 8 us
[8.487s][info   ][gc,stats    ]     Weak Class Links                  1 us
[8.487s][info   ][gc,stats    ]     Code Roots                      335 us
[8.487s][info   ][gc,stats    ]   Rendezvous                       2658 us
[8.487s][info   ][gc,stats    ]   Purge Unlinked                     65 us
[8.487s][info   ][gc,stats    ]     Code Roots                       52 us
[8.487s][info   ][gc,stats    ]     CLDG                              9 us
[8.487s][info   ][gc,stats    ]     Exception Caches                  1 us
[8.487s][info   ][gc,stats    ] Pause Final Roots (G)              6631 us
[8.487s][info   ][gc,stats    ] Pause Final Roots (N)                42 us
[8.487s][info   ][gc,stats    ] Pacing                            28056 us
[8.487s][info   ][gc,stats    ] 
[8.487s][info   ][gc,stats    ] Allocation pacing accrued:
[8.487s][info   ][gc,stats    ]       5 of    85 ms (  5.8%): Thread-0
[8.487s][info   ][gc,stats    ]       7 of    85 ms (  7.9%): Thread-2
[8.487s][info   ][gc,stats    ]       2 of    85 ms (  2.8%): Thread-3
[8.487s][info   ][gc,stats    ]       2 of    85 ms (  2.7%): Thread-4
[8.487s][info   ][gc,stats    ]       5 of    85 ms (  5.7%): Thread-5
[8.487s][info   ][gc,stats    ]       5 of    85 ms (  5.6%): Thread-6
[8.487s][info   ][gc,stats    ]       2 of    85 ms (  2.6%): Thread-7
[8.487s][info   ][gc,stats    ]      28 of    85 ms ( 33.1%): <total>
[8.487s][info   ][gc,stats    ]       1 of    85 ms (  1.7%): <average total>
[8.487s][info   ][gc,stats    ]       4 of    85 ms (  4.7%): <average non-zero>
[8.487s][info   ][gc,stats    ] 
[8.487s][info   ][gc,metaspace] Metaspace: 213K(448K)->213K(448K) NonClass: 204K(320K)->204K(320K) Class: 9K(128K)->9K(128K)
[8.487s][info   ][gc,ergo     ] Pacer for Idle. Initial: 41943K, Alloc Tax Rate: 1.0x
[8.528s][info   ][gc          ] Trigger: Average GC time (51.25 ms) is above the time for average allocation rate (14839 MB/s) to deplete free headroom (755M) (margin of error = 1.87)
[8.528s][info   ][gc,ergo     ] Free headroom: 858M (free) - 102M (spike) - 0B (penalties) = 755M
[8.528s][info   ][gc,ergo     ] Free: 856M, Max: 1024K regular, 414M humongous, Frag: 52% external, 0% internal; Reserve: 103M, Max: 1024K
[8.528s][info   ][gc,start    ] GC(125) Concurrent reset
[8.529s][info   ][gc,task     ] GC(125) Using 1 of 2 workers for concurrent reset
[8.529s][info   ][gc,ergo     ] GC(125) Pacer for Reset. Non-Taxable: 2048M
[8.536s][info   ][gc          ] GC(125) Concurrent reset 7.287ms
[8.537s][info   ][gc,start    ] GC(125) Pause Init Mark (unload classes)
[8.537s][info   ][gc,task     ] GC(125) Using 2 of 2 workers for init marking
[8.537s][info   ][gc,ergo     ] GC(125) Pacer for Mark. Expected Live: 91687K, Free: 746M, Non-Taxable: 76390K, Alloc Tax Rate: 0.1x
[8.537s][info   ][gc          ] GC(125) Pause Init Mark (unload classes) 0.265ms
[8.541s][info   ][gc,start    ] GC(125) Concurrent marking roots
[8.541s][info   ][gc,task     ] GC(125) Using 1 of 2 workers for concurrent marking roots
[8.541s][info   ][gc          ] GC(125) Concurrent marking roots 0.474ms
[8.541s][info   ][gc,start    ] GC(125) Concurrent marking (unload classes)
[8.541s][info   ][gc,task     ] GC(125) Using 1 of 2 workers for concurrent marking
[8.544s][info   ][gc          ] GC(125) Concurrent marking (unload classes) 2.666ms
[8.544s][info   ][gc,start    ] GC(125) Pause Final Mark (unload classes)
[8.544s][info   ][gc,task     ] GC(125) Using 2 of 2 workers for final marking
[8.544s][info   ][gc,ergo     ] GC(125) Collectable Garbage: 496M (98%), Immediate: 496M (98%), CSet: 0B (0%)
[8.544s][info   ][gc          ] GC(125) Pause Final Mark (unload classes) 0.220ms
[8.544s][info   ][gc,start    ] GC(125) Concurrent weak references
[8.544s][info   ][gc,task     ] GC(125) Using 1 of 2 workers for concurrent weak references
[8.545s][info   ][gc,ref      ] GC(125) Encountered references: Soft: 11, Weak: 37, Final: 0, Phantom: 5
[8.545s][info   ][gc,ref      ] GC(125) Discovered  references: Soft: 0, Weak: 11, Final: 0, Phantom: 5
[8.545s][info   ][gc,ref      ] GC(125) Enqueued    references: Soft: 0, Weak: 0, Final: 0, Phantom: 0
[8.545s][info   ][gc          ] GC(125) Concurrent weak references 0.394ms
[8.545s][info   ][gc,start    ] GC(125) Concurrent weak roots
[8.545s][info   ][gc,task     ] GC(125) Using 1 of 2 workers for concurrent weak root
[8.545s][info   ][gc          ] GC(125) Concurrent weak roots 0.130ms
[8.545s][info   ][gc,start    ] GC(125) Concurrent cleanup
[8.546s][info   ][gc          ] GC(125) Concurrent cleanup 645M->149M(2048M) 0.537ms
[8.546s][info   ][gc,ergo     ] GC(125) Free: 1654M, Max: 1024K regular, 642M humongous, Frag: 62% external, 0% internal; Reserve: 103M, Max: 1024K
[8.546s][info   ][gc,start    ] GC(125) Concurrent class unloading
[8.546s][info   ][gc,task     ] GC(125) Using 1 of 2 workers for concurrent class unloading
[8.546s][info   ][gc          ] GC(125) Concurrent class unloading 0.259ms
[8.546s][info   ][gc,start    ] GC(125) Pause Final Roots
[8.546s][info   ][gc          ] GC(125) Pause Final Roots 0.009ms
[8.546s][info   ][gc,ergo     ] Free: 1654M, Max: 1024K regular, 642M humongous, Frag: 62% external, 0% internal; Reserve: 103M, Max: 1024K
[8.546s][info   ][gc,stats    ] 
[8.546s][info   ][gc,stats    ] All times are wall-clock times, except per-root-class counters, that are sum over
[8.546s][info   ][gc,stats    ] all workers. Dividing the <total> over the root stage time estimates parallelism.
[8.546s][info   ][gc,stats    ] 
[8.546s][info   ][gc,stats    ] Concurrent Reset                   7470 us
[8.546s][info   ][gc,stats    ] Pause Init Mark (G)                4587 us
[8.546s][info   ][gc,stats    ] Pause Init Mark (N)                 280 us
[8.546s][info   ][gc,stats    ]   Update Region States              188 us
[8.546s][info   ][gc,stats    ] Concurrent Mark Roots               560 us, parallelism: 0.51x
[8.546s][info   ][gc,stats    ]   CMR: <total>                      286 us
[8.546s][info   ][gc,stats    ]   CMR: Thread Roots                 218 us, workers (us): 218, ---, 
[8.546s][info   ][gc,stats    ]   CMR: VM Strong Roots               11 us, workers (us):  11, ---, 
[8.546s][info   ][gc,stats    ]   CMR: CLDG Roots                    58 us, workers (us):  58, ---, 
[8.546s][info   ][gc,stats    ] Concurrent Marking                 2703 us
[8.546s][info   ][gc,stats    ] Pause Final Mark (G)                598 us
[8.546s][info   ][gc,stats    ] Pause Final Mark (N)                229 us
[8.546s][info   ][gc,stats    ]   Finish Mark                        49 us
[8.546s][info   ][gc,stats    ]   Update Region States               35 us
[8.546s][info   ][gc,stats    ]   Choose Collection Set              91 us
[8.546s][info   ][gc,stats    ]   Rebuild Free Set                    9 us
[8.546s][info   ][gc,stats    ] Concurrent Weak References          402 us, parallelism: 0.01x
[8.546s][info   ][gc,stats    ]   CWRF: <total>                       4 us
[8.546s][info   ][gc,stats    ]   CWRF: Weak References               4 us, workers (us):   4, ---, 
[8.546s][info   ][gc,stats    ] Concurrent Weak Roots               138 us
[8.546s][info   ][gc,stats    ]   Roots                              74 us, parallelism: 0.71x
[8.546s][info   ][gc,stats    ]     CWR: <total>                     53 us
[8.546s][info   ][gc,stats    ]     CWR: Code Cache Roots            27 us, workers (us):  27, ---, 
[8.546s][info   ][gc,stats    ]     CWR: VM Weak Roots               24 us, workers (us):  24, ---, 
[8.546s][info   ][gc,stats    ]     CWR: CLDG Roots                   2 us, workers (us):   2, ---, 
[8.546s][info   ][gc,stats    ]   Rendezvous                         41 us
[8.546s][info   ][gc,stats    ] Concurrent Cleanup                  551 us
[8.546s][info   ][gc,stats    ] Concurrent Class Unloading          273 us
[8.546s][info   ][gc,stats    ]   Unlink Stale                      167 us
[8.546s][info   ][gc,stats    ]     System Dictionary                 4 us
[8.546s][info   ][gc,stats    ]     Weak Class Links                  1 us
[8.546s][info   ][gc,stats    ]     Code Roots                      160 us
[8.546s][info   ][gc,stats    ]   Rendezvous                         33 us
[8.546s][info   ][gc,stats    ]   Purge Unlinked                     44 us
[8.546s][info   ][gc,stats    ]     Code Roots                       13 us
[8.546s][info   ][gc,stats    ]     CLDG                             29 us
[8.546s][info   ][gc,stats    ]     Exception Caches                  1 us
[8.546s][info   ][gc,stats    ] Pause Final Roots (G)                46 us
[8.546s][info   ][gc,stats    ] Pause Final Roots (N)                16 us
[8.546s][info   ][gc,stats    ] Pacing                             1402 us
[8.546s][info   ][gc,stats    ] 
[8.546s][info   ][gc,stats    ] Allocation pacing accrued:
[8.546s][info   ][gc,stats    ]       1 of    59 ms (  2.4%): Thread-7
[8.546s][info   ][gc,stats    ]       1 of    59 ms (  2.4%): <total>
[8.546s][info   ][gc,stats    ]       0 of    59 ms (  0.1%): <average total>
[8.546s][info   ][gc,stats    ]       1 of    59 ms (  2.4%): <average non-zero>
[8.546s][info   ][gc,stats    ] 
[8.546s][info   ][gc,metaspace] Metaspace: 213K(448K)->213K(448K) NonClass: 204K(320K)->204K(320K) Class: 9K(128K)->9K(128K)
[8.546s][info   ][gc,ergo     ] Pacer for Idle. Initial: 41943K, Alloc Tax Rate: 1.0x
[8.614s][info   ][gc          ] Trigger: Average GC time (45.61 ms) is above the time for average allocation rate (14822 MB/s) to deplete free headroom (671M) (margin of error = 1.86)
[8.614s][info   ][gc,ergo     ] Free headroom: 774M (free) - 102M (spike) - 0B (penalties) = 671M
[8.615s][info   ][gc,ergo     ] Free: 768M, Max: 1024K regular, 642M humongous, Frag: 17% external, 0% internal; Reserve: 103M, Max: 1024K
[8.615s][info   ][gc,start    ] GC(126) Concurrent reset
[8.615s][info   ][gc,task     ] GC(126) Using 1 of 2 workers for concurrent reset
[8.615s][info   ][gc,ergo     ] GC(126) Pacer for Reset. Non-Taxable: 2048M
[8.622s][info   ][gc          ] GC(126) Concurrent reset 6.957ms
[8.622s][info   ][gc,start    ] GC(126) Pause Init Mark (unload classes)
[8.622s][info   ][gc,task     ] GC(126) Using 2 of 2 workers for init marking
[8.622s][info   ][gc,ergo     ] GC(126) Pacer for Mark. Expected Live: 105M, Free: 668M, Non-Taxable: 68403K, Alloc Tax Rate: 0.2x
[8.623s][info   ][gc          ] GC(126) Pause Init Mark (unload classes) 0.111ms
[8.623s][info   ][gc,start    ] GC(126) Concurrent marking roots
[8.623s][info   ][gc,task     ] GC(126) Using 1 of 2 workers for concurrent marking roots
[8.623s][info   ][gc          ] GC(126) Concurrent marking roots 0.286ms
[8.623s][info   ][gc,start    ] GC(126) Concurrent marking (unload classes)
[8.623s][info   ][gc,task     ] GC(126) Using 1 of 2 workers for concurrent marking
[8.633s][info   ][gc          ] GC(126) Concurrent marking (unload classes) 10.143ms
[8.633s][info   ][gc,start    ] GC(126) Pause Final Mark (unload classes)
[8.634s][info   ][gc,task     ] GC(126) Using 2 of 2 workers for final marking
[8.635s][info   ][gc,ergo     ] GC(126) Collectable Garbage: 480M (98%), Immediate: 480M (98%), CSet: 0B (0%)
[8.635s][info   ][gc          ] GC(126) Pause Final Mark (unload classes) 1.369ms
[8.640s][info   ][gc,start    ] GC(126) Concurrent weak references
[8.641s][info   ][gc,task     ] GC(126) Using 1 of 2 workers for concurrent weak references
[8.641s][info   ][gc,ref      ] GC(126) Encountered references: Soft: 11, Weak: 37, Final: 0, Phantom: 5
[8.641s][info   ][gc,ref      ] GC(126) Discovered  references: Soft: 0, Weak: 11, Final: 0, Phantom: 5
[8.641s][info   ][gc,ref      ] GC(126) Enqueued    references: Soft: 0, Weak: 0, Final: 0, Phantom: 0
[8.641s][info   ][gc          ] GC(126) Concurrent weak references 0.241ms
[8.641s][info   ][gc,start    ] GC(126) Concurrent weak roots
[8.641s][info   ][gc,task     ] GC(126) Using 1 of 2 workers for concurrent weak root
[8.645s][info   ][gc          ] GC(126) Concurrent weak roots 4.052ms
[8.645s][info   ][gc,start    ] GC(126) Concurrent cleanup
[8.646s][info   ][gc          ] GC(126) Concurrent cleanup 799M->324M(2048M) 0.704ms
[8.646s][info   ][gc,ergo     ] GC(126) Free: 1304M, Max: 1024K regular, 352M humongous, Frag: 74% external, 0% internal; Reserve: 103M, Max: 1024K
[8.646s][info   ][gc,start    ] GC(126) Concurrent class unloading
[8.646s][info   ][gc,task     ] GC(126) Using 1 of 2 workers for concurrent class unloading
[8.655s][info   ][gc          ] GC(126) Concurrent class unloading 9.205ms
[8.661s][info   ][gc,start    ] GC(126) Pause Final Roots
[8.661s][info   ][gc          ] GC(126) Pause Final Roots 0.061ms
[8.667s][info   ][gc,ergo     ] Free: 1008M, Max: 1024K regular, 352M humongous, Frag: 66% external, 0% internal; Reserve: 103M, Max: 1024K
[8.667s][info   ][gc,stats    ] 
[8.667s][info   ][gc,stats    ] All times are wall-clock times, except per-root-class counters, that are sum over
[8.667s][info   ][gc,stats    ] all workers. Dividing the <total> over the root stage time estimates parallelism.
[8.667s][info   ][gc,stats    ] 
[8.667s][info   ][gc,stats    ] Concurrent Reset                   7124 us
[8.667s][info   ][gc,stats    ] Pause Init Mark (G)                 770 us
[8.667s][info   ][gc,stats    ] Pause Init Mark (N)                 119 us
[8.667s][info   ][gc,stats    ]   Update Region States               44 us
[8.667s][info   ][gc,stats    ] Concurrent Mark Roots               301 us, parallelism: 0.78x
[8.667s][info   ][gc,stats    ]   CMR: <total>                      236 us
[8.667s][info   ][gc,stats    ]   CMR: Thread Roots                 192 us, workers (us): 192, ---, 
[8.667s][info   ][gc,stats    ]   CMR: VM Strong Roots                7 us, workers (us):   7, ---, 
[8.667s][info   ][gc,stats    ]   CMR: CLDG Roots                    37 us, workers (us):  37, ---, 
[8.667s][info   ][gc,stats    ] Concurrent Marking                10296 us
[8.667s][info   ][gc,stats    ] Pause Final Mark (G)               7194 us
[8.667s][info   ][gc,stats    ] Pause Final Mark (N)               1383 us
[8.667s][info   ][gc,stats    ]   Finish Mark                      1039 us
[8.667s][info   ][gc,stats    ]   Update Region States               79 us
[8.667s][info   ][gc,stats    ]   Choose Collection Set             164 us
[8.667s][info   ][gc,stats    ]   Rebuild Free Set                   25 us
[8.667s][info   ][gc,stats    ] Concurrent Weak References          261 us, parallelism: 0.06x
[8.667s][info   ][gc,stats    ]   CWRF: <total>                      15 us
[8.667s][info   ][gc,stats    ]   CWRF: Weak References              15 us, workers (us):  15, ---, 
[8.667s][info   ][gc,stats    ] Concurrent Weak Roots              4188 us
[8.667s][info   ][gc,stats    ]   Roots                             311 us, parallelism: 0.65x
[8.667s][info   ][gc,stats    ]     CWR: <total>                    202 us
[8.667s][info   ][gc,stats    ]     CWR: Code Cache Roots           128 us, workers (us): 128, ---, 
[8.667s][info   ][gc,stats    ]     CWR: VM Weak Roots               70 us, workers (us):  70, ---, 
[8.667s][info   ][gc,stats    ]     CWR: CLDG Roots                   4 us, workers (us):   4, ---, 
[8.667s][info   ][gc,stats    ]   Rendezvous                       3715 us
[8.667s][info   ][gc,stats    ] Concurrent Cleanup                  762 us
[8.667s][info   ][gc,stats    ] Concurrent Class Unloading         9380 us
[8.667s][info   ][gc,stats    ]   Unlink Stale                      404 us
[8.667s][info   ][gc,stats    ]     System Dictionary                11 us
[8.667s][info   ][gc,stats    ]     Weak Class Links                  1 us
[8.667s][info   ][gc,stats    ]     Code Roots                      385 us
[8.667s][info   ][gc,stats    ]   Rendezvous                       3743 us
[8.667s][info   ][gc,stats    ]   Purge Unlinked                   5005 us
[8.667s][info   ][gc,stats    ]     Code Roots                     4989 us
[8.667s][info   ][gc,stats    ]     CLDG                             11 us
[8.667s][info   ][gc,stats    ]     Exception Caches                  1 us
[8.667s][info   ][gc,stats    ] Pause Final Roots (G)             11509 us
[8.667s][info   ][gc,stats    ] Pause Final Roots (N)                72 us
[8.667s][info   ][gc,stats    ] Pacing                            79120 us
[8.667s][info   ][gc,stats    ] 
[8.667s][info   ][gc,stats    ] Allocation pacing accrued:
[8.667s][info   ][gc,stats    ]      11 of   121 ms (  9.4%): Thread-0
[8.667s][info   ][gc,stats    ]      13 of   121 ms ( 10.6%): Thread-1
[8.667s][info   ][gc,stats    ]      10 of   121 ms (  8.6%): Thread-2
[8.667s][info   ][gc,stats    ]      11 of   121 ms (  8.7%): Thread-3
[8.667s][info   ][gc,stats    ]      11 of   121 ms (  8.8%): Thread-4
[8.667s][info   ][gc,stats    ]      13 of   121 ms ( 10.5%): Thread-5
[8.667s][info   ][gc,stats    ]      11 of   121 ms (  8.7%): Thread-6
[8.667s][info   ][gc,stats    ]      79 of   121 ms ( 65.4%): <total>
[8.667s][info   ][gc,stats    ]       4 of   121 ms (  3.4%): <average total>
[8.667s][info   ][gc,stats    ]      11 of   121 ms (  9.3%): <average non-zero>
[8.667s][info   ][gc,stats    ] 
[8.667s][info   ][gc,metaspace] Metaspace: 213K(448K)->213K(448K) NonClass: 204K(320K)->204K(320K) Class: 9K(128K)->9K(128K)
[8.667s][info   ][gc,ergo     ] Pacer for Idle. Initial: 41943K, Alloc Tax Rate: 1.0x
[8.668s][info   ][gc          ] Trigger: Average GC time (67.06 ms) is above the time for average allocation rate (14849 MB/s) to deplete free headroom (877M) (margin of error = 1.87)
[8.668s][info   ][gc,ergo     ] Free headroom: 980M (free) - 102M (spike) - 0B (penalties) = 877M
[8.669s][info   ][gc,ergo     ] Free: 980M, Max: 1024K regular, 352M humongous, Frag: 65% external, 0% internal; Reserve: 103M, Max: 1024K
[8.669s][info   ][gc,start    ] GC(127) Concurrent reset
[8.669s][info   ][gc,task     ] GC(127) Using 1 of 2 workers for concurrent reset
[8.669s][info   ][gc,ergo     ] GC(127) Pacer for Reset. Non-Taxable: 2048M
[8.675s][info   ][gc          ] GC(127) Concurrent reset 6.364ms
[8.678s][info   ][gc,start    ] GC(127) Pause Init Mark (unload classes)
[8.678s][info   ][gc,task     ] GC(127) Using 2 of 2 workers for init marking
[8.678s][info   ][gc,ergo     ] GC(127) Pacer for Mark. Expected Live: 124M, Free: 868M, Non-Taxable: 88883K, Alloc Tax Rate: 0.2x
[8.678s][info   ][gc          ] GC(127) Pause Init Mark (unload classes) 0.224ms
[8.681s][info   ][gc,start    ] GC(127) Concurrent marking roots
[8.681s][info   ][gc,task     ] GC(127) Using 1 of 2 workers for concurrent marking roots
[8.681s][info   ][gc          ] GC(127) Concurrent marking roots 0.378ms
[8.681s][info   ][gc,start    ] GC(127) Concurrent marking (unload classes)
[8.681s][info   ][gc,task     ] GC(127) Using 1 of 2 workers for concurrent marking
[8.686s][info   ][gc          ] GC(127) Concurrent marking (unload classes) 4.591ms
[8.686s][info   ][gc,start    ] GC(127) Pause Final Mark (unload classes)
[8.686s][info   ][gc,task     ] GC(127) Using 2 of 2 workers for final marking
[8.686s][info   ][gc,ergo     ] GC(127) Collectable Garbage: 353M (98%), Immediate: 353M (98%), CSet: 0B (0%)
[8.686s][info   ][gc          ] GC(127) Pause Final Mark (unload classes) 0.316ms
[8.686s][info   ][gc,start    ] GC(127) Concurrent weak references
[8.686s][info   ][gc,task     ] GC(127) Using 1 of 2 workers for concurrent weak references
[8.686s][info   ][gc,ref      ] GC(127) Encountered references: Soft: 11, Weak: 37, Final: 0, Phantom: 5
[8.686s][info   ][gc,ref      ] GC(127) Discovered  references: Soft: 0, Weak: 11, Final: 0, Phantom: 5
[8.686s][info   ][gc,ref      ] GC(127) Enqueued    references: Soft: 0, Weak: 0, Final: 0, Phantom: 0
[8.686s][info   ][gc          ] GC(127) Concurrent weak references 0.145ms
[8.686s][info   ][gc,start    ] GC(127) Concurrent weak roots
[8.686s][info   ][gc,task     ] GC(127) Using 1 of 2 workers for concurrent weak root
[8.686s][info   ][gc          ] GC(127) Concurrent weak roots 0.175ms
[8.686s][info   ][gc,start    ] GC(127) Concurrent cleanup
[8.687s][info   ][gc          ] GC(127) Concurrent cleanup 585M->232M(2048M) 0.387ms
[8.687s][info   ][gc,ergo     ] GC(127) Free: 1488M, Max: 1024K regular, 360M humongous, Frag: 76% external, 0% internal; Reserve: 103M, Max: 1024K
[8.687s][info   ][gc,start    ] GC(127) Concurrent class unloading
[8.687s][info   ][gc,task     ] GC(127) Using 1 of 2 workers for concurrent class unloading
[8.687s][info   ][gc          ] GC(127) Concurrent class unloading 0.412ms
[8.687s][info   ][gc,start    ] GC(127) Pause Final Roots
[8.687s][info   ][gc          ] GC(127) Pause Final Roots 0.098ms
[8.688s][info   ][gc,ergo     ] Free: 1488M, Max: 1024K regular, 360M humongous, Frag: 76% external, 0% internal; Reserve: 103M, Max: 1024K
[8.688s][info   ][gc,stats    ] 
[8.688s][info   ][gc,stats    ] All times are wall-clock times, except per-root-class counters, that are sum over
[8.688s][info   ][gc,stats    ] all workers. Dividing the <total> over the root stage time estimates parallelism.
[8.688s][info   ][gc,stats    ] 
[8.688s][info   ][gc,stats    ] Concurrent Reset                   6507 us
[8.688s][info   ][gc,stats    ] Pause Init Mark (G)                5679 us
[8.688s][info   ][gc,stats    ] Pause Init Mark (N)                 256 us
[8.688s][info   ][gc,stats    ]   Update Region States              145 us
[8.688s][info   ][gc,stats    ] Concurrent Mark Roots               392 us, parallelism: 0.65x
[8.688s][info   ][gc,stats    ]   CMR: <total>                      256 us
[8.688s][info   ][gc,stats    ]   CMR: Thread Roots                 188 us, workers (us): 188, ---, 
[8.688s][info   ][gc,stats    ]   CMR: VM Strong Roots               13 us, workers (us):  13, ---, 
[8.688s][info   ][gc,stats    ]   CMR: CLDG Roots                    55 us, workers (us):  55, ---, 
[8.688s][info   ][gc,stats    ] Concurrent Marking                 4627 us
[8.688s][info   ][gc,stats    ] Pause Final Mark (G)                374 us
[8.688s][info   ][gc,stats    ] Pause Final Mark (N)                324 us
[8.688s][info   ][gc,stats    ]   Finish Mark                        94 us
[8.688s][info   ][gc,stats    ]   Update Region States               79 us
[8.688s][info   ][gc,stats    ]   Choose Collection Set             109 us
[8.688s][info   ][gc,stats    ]   Rebuild Free Set                   10 us
[8.688s][info   ][gc,stats    ] Concurrent Weak References          152 us, parallelism: 0.02x
[8.688s][info   ][gc,stats    ]   CWRF: <total>                       3 us
[8.688s][info   ][gc,stats    ]   CWRF: Weak References               3 us, workers (us):   3, ---, 
[8.688s][info   ][gc,stats    ] Concurrent Weak Roots               186 us
[8.688s][info   ][gc,stats    ]   Roots                             123 us, parallelism: 0.45x
[8.688s][info   ][gc,stats    ]     CWR: <total>                     56 us
[8.688s][info   ][gc,stats    ]     CWR: Code Cache Roots            30 us, workers (us):  30, ---, 
[8.688s][info   ][gc,stats    ]     CWR: VM Weak Roots               24 us, workers (us):  24, ---, 
[8.688s][info   ][gc,stats    ]     CWR: CLDG Roots                   2 us, workers (us):   2, ---, 
[8.688s][info   ][gc,stats    ]   Rendezvous                         38 us
[8.688s][info   ][gc,stats    ] Concurrent Cleanup                  406 us
[8.688s][info   ][gc,stats    ] Concurrent Class Unloading          436 us
[8.688s][info   ][gc,stats    ]   Unlink Stale                      236 us
[8.688s][info   ][gc,stats    ]     System Dictionary                 4 us
[8.688s][info   ][gc,stats    ]     Weak Class Links                  1 us
[8.688s][info   ][gc,stats    ]     Code Roots                      228 us
[8.688s][info   ][gc,stats    ]   Rendezvous                         44 us
[8.688s][info   ][gc,stats    ]   Purge Unlinked                    116 us
[8.688s][info   ][gc,stats    ]     Code Roots                       76 us
[8.688s][info   ][gc,stats    ]     CLDG                             37 us
[8.688s][info   ][gc,stats    ]     Exception Caches                  1 us
[8.688s][info   ][gc,stats    ] Pause Final Roots (G)               164 us
[8.688s][info   ][gc,stats    ] Pause Final Roots (N)               114 us
[8.688s][info   ][gc,stats    ] 
[8.688s][info   ][gc,stats    ] Allocation pacing accrued:
[8.688s][info   ][gc,stats    ]       0 of    21 ms (  0.0%): <total>
[8.688s][info   ][gc,stats    ]       0 of    21 ms (  0.0%): <average total>
[8.688s][info   ][gc,stats    ] 
[8.688s][info   ][gc,metaspace] Metaspace: 213K(448K)->213K(448K) NonClass: 204K(320K)->204K(320K) Class: 9K(128K)->9K(128K)
[8.688s][info   ][gc,ergo     ] Pacer for Idle. Initial: 41943K, Alloc Tax Rate: 1.0x
[8.726s][info   ][gc          ] Trigger: Average GC time (56.24 ms) is above the time for average allocation rate (14849 MB/s) to deplete free headroom (829M) (margin of error = 1.87)
[8.727s][info   ][gc,ergo     ] Free headroom: 932M (free) - 102M (spike) - 0B (penalties) = 829M
[8.727s][info   ][gc,ergo     ] Free: 926M, Max: 1024K regular, 360M humongous, Frag: 62% external, 0% internal; Reserve: 103M, Max: 1024K
[8.727s][info   ][gc,start    ] GC(128) Concurrent reset
[8.727s][info   ][gc,task     ] GC(128) Using 1 of 2 workers for concurrent reset
[8.727s][info   ][gc,ergo     ] GC(128) Pacer for Reset. Non-Taxable: 2048M
[8.737s][info   ][gc          ] GC(128) Concurrent reset 9.839ms
[8.738s][info   ][gc,start    ] GC(128) Pause Init Mark (unload classes)
[8.738s][info   ][gc,task     ] GC(128) Using 2 of 2 workers for init marking
[8.738s][info   ][gc,ergo     ] GC(128) Pacer for Mark. Expected Live: 147M, Free: 794M, Non-Taxable: 81305K, Alloc Tax Rate: 0.2x
[8.738s][info   ][gc          ] GC(128) Pause Init Mark (unload classes) 0.199ms
[8.738s][info   ][gc,start    ] GC(128) Concurrent marking roots
[8.738s][info   ][gc,task     ] GC(128) Using 1 of 2 workers for concurrent marking roots
[8.743s][info   ][gc          ] GC(128) Concurrent marking roots 4.598ms
[8.743s][info   ][gc,start    ] GC(128) Concurrent marking (unload classes)
[8.743s][info   ][gc,task     ] GC(128) Using 1 of 2 workers for concurrent marking
[8.744s][info   ][gc          ] GC(128) Concurrent marking (unload classes) 1.383ms
[8.744s][info   ][gc,start    ] GC(128) Pause Final Mark (unload classes)
[8.744s][info   ][gc,task     ] GC(128) Using 2 of 2 workers for final marking
[8.745s][info   ][gc,ergo     ] GC(128) Collectable Garbage: 439M (98%), Immediate: 439M (98%), CSet: 0B (0%)
[8.745s][info   ][gc          ] GC(128) Pause Final Mark (unload classes) 0.543ms
[8.745s][info   ][gc,start    ] GC(128) Concurrent weak references
[8.745s][info   ][gc,task     ] GC(128) Using 1 of 2 workers for concurrent weak references
[8.745s][info   ][gc,ref      ] GC(128) Encountered references: Soft: 11, Weak: 37, Final: 0, Phantom: 5
[8.745s][info   ][gc,ref      ] GC(128) Discovered  references: Soft: 0, Weak: 11, Final: 0, Phantom: 5
[8.745s][info   ][gc,ref      ] GC(128) Enqueued    references: Soft: 0, Weak: 0, Final: 0, Phantom: 0
[8.745s][info   ][gc          ] GC(128) Concurrent weak references 0.117ms
[8.745s][info   ][gc,start    ] GC(128) Concurrent weak roots
[8.745s][info   ][gc,task     ] GC(128) Using 1 of 2 workers for concurrent weak root
[8.746s][info   ][gc          ] GC(128) Concurrent weak roots 0.861ms
[8.746s][info   ][gc,start    ] GC(128) Concurrent cleanup
[8.746s][info   ][gc          ] GC(128) Concurrent cleanup 628M->192M(2048M) 0.451ms
[8.746s][info   ][gc,ergo     ] GC(128) Free: 1568M, Max: 1024K regular, 400M humongous, Frag: 75% external, 0% internal; Reserve: 103M, Max: 1024K
[8.747s][info   ][gc,start    ] GC(128) Concurrent class unloading
[8.747s][info   ][gc,task     ] GC(128) Using 1 of 2 workers for concurrent class unloading
[8.747s][info   ][gc          ] GC(128) Concurrent class unloading 0.881ms
[8.748s][info   ][gc,start    ] GC(128) Pause Final Roots
[8.748s][info   ][gc          ] GC(128) Pause Final Roots 0.017ms
[8.748s][info   ][gc,ergo     ] Free: 1548M, Max: 1024K regular, 400M humongous, Frag: 75% external, 0% internal; Reserve: 103M, Max: 1024K
[8.748s][info   ][gc,stats    ] 
[8.748s][info   ][gc,stats    ] All times are wall-clock times, except per-root-class counters, that are sum over
[8.748s][info   ][gc,stats    ] all workers. Dividing the <total> over the root stage time estimates parallelism.
[8.748s][info   ][gc,stats    ] 
[8.748s][info   ][gc,stats    ] Concurrent Reset                   9979 us
[8.748s][info   ][gc,stats    ] Pause Init Mark (G)                1353 us
[8.748s][info   ][gc,stats    ] Pause Init Mark (N)                 208 us
[8.748s][info   ][gc,stats    ]   Update Region States              127 us
[8.748s][info   ][gc,stats    ] Concurrent Mark Roots              4684 us, parallelism: 0.06x
[8.748s][info   ][gc,stats    ]   CMR: <total>                      271 us
[8.748s][info   ][gc,stats    ]   CMR: Thread Roots                 194 us, workers (us): 194, ---, 
[8.748s][info   ][gc,stats    ]   CMR: VM Strong Roots               11 us, workers (us):  11, ---, 
[8.748s][info   ][gc,stats    ]   CMR: CLDG Roots                    66 us, workers (us):  66, ---, 
[8.748s][info   ][gc,stats    ] Concurrent Marking                 1401 us
[8.748s][info   ][gc,stats    ] Pause Final Mark (G)                622 us
[8.748s][info   ][gc,stats    ] Pause Final Mark (N)                567 us
[8.748s][info   ][gc,stats    ]   Finish Mark                       282 us
[8.748s][info   ][gc,stats    ]   Update Region States              133 us
[8.748s][info   ][gc,stats    ]   Choose Collection Set              98 us
[8.748s][info   ][gc,stats    ]   Rebuild Free Set                    9 us
[8.748s][info   ][gc,stats    ] Concurrent Weak References          124 us, parallelism: 0.02x
[8.748s][info   ][gc,stats    ]   CWRF: <total>                       3 us
[8.748s][info   ][gc,stats    ]   CWRF: Weak References               3 us, workers (us):   3, ---, 
[8.748s][info   ][gc,stats    ] Concurrent Weak Roots               872 us
[8.748s][info   ][gc,stats    ]   Roots                             162 us, parallelism: 0.55x
[8.748s][info   ][gc,stats    ]     CWR: <total>                     88 us
[8.748s][info   ][gc,stats    ]     CWR: Code Cache Roots            51 us, workers (us):  51, ---, 
[8.748s][info   ][gc,stats    ]     CWR: VM Weak Roots               36 us, workers (us):  36, ---, 
[8.748s][info   ][gc,stats    ]     CWR: CLDG Roots                   2 us, workers (us):   2, ---, 
[8.748s][info   ][gc,stats    ]   Rendezvous                        683 us
[8.748s][info   ][gc,stats    ] Concurrent Cleanup                  457 us
[8.748s][info   ][gc,stats    ] Concurrent Class Unloading          905 us
[8.748s][info   ][gc,stats    ]   Unlink Stale                      262 us
[8.748s][info   ][gc,stats    ]     System Dictionary                 6 us
[8.748s][info   ][gc,stats    ]     Weak Class Links                  1 us
[8.748s][info   ][gc,stats    ]     Code Roots                      252 us
[8.748s][info   ][gc,stats    ]   Rendezvous                        485 us
[8.748s][info   ][gc,stats    ]   Purge Unlinked                    118 us
[8.748s][info   ][gc,stats    ]     Code Roots                       70 us
[8.748s][info   ][gc,stats    ]     CLDG                             45 us
[8.748s][info   ][gc,stats    ]     Exception Caches                  1 us
[8.748s][info   ][gc,stats    ] Pause Final Roots (G)               531 us
[8.748s][info   ][gc,stats    ] Pause Final Roots (N)                48 us
[8.748s][info   ][gc,stats    ] Pacing                            59251 us
[8.748s][info   ][gc,stats    ] 
[8.748s][info   ][gc,stats    ] Allocation pacing accrued:
[8.748s][info   ][gc,stats    ]       6 of    60 ms ( 10.1%): Thread-0
[8.748s][info   ][gc,stats    ]       8 of    60 ms ( 13.6%): Thread-1
[8.748s][info   ][gc,stats    ]       6 of    60 ms (  9.8%): Thread-2
[8.748s][info   ][gc,stats    ]       6 of    60 ms ( 10.2%): Thread-3
[8.748s][info   ][gc,stats    ]      13 of    60 ms ( 22.1%): Thread-5
[8.748s][info   ][gc,stats    ]      11 of    60 ms ( 18.8%): Thread-6
[8.748s][info   ][gc,stats    ]       8 of    60 ms ( 13.6%): Thread-7
[8.748s][info   ][gc,stats    ]      59 of    60 ms ( 98.1%): <total>
[8.748s][info   ][gc,stats    ]       3 of    60 ms (  5.2%): <average total>
[8.748s][info   ][gc,stats    ]       8 of    60 ms ( 14.0%): <average non-zero>
[8.748s][info   ][gc,stats    ] 
[8.748s][info   ][gc,metaspace] Metaspace: 213K(448K)->213K(448K) NonClass: 204K(320K)->204K(320K) Class: 9K(128K)->9K(128K)
[8.748s][info   ][gc,ergo     ] Pacer for Idle. Initial: 41943K, Alloc Tax Rate: 1.0x
[8.804s][info   ][gc          ] Trigger: Average GC time (45.60 ms) is above the time for average allocation rate (14840 MB/s) to deplete free headroom (671M) (margin of error = 1.87)
[8.804s][info   ][gc,ergo     ] Free headroom: 774M (free) - 102M (spike) - 0B (penalties) = 671M
[8.804s][info   ][gc,ergo     ] Free: 768M, Max: 1024K regular, 400M humongous, Frag: 48% external, 0% internal; Reserve: 103M, Max: 1024K
[8.805s][info   ][gc,start    ] GC(129) Concurrent reset
[8.805s][info   ][gc,task     ] GC(129) Using 1 of 2 workers for concurrent reset
[8.805s][info   ][gc,ergo     ] GC(129) Pacer for Reset. Non-Taxable: 2048M
[8.816s][info   ][gc          ] GC(129) Concurrent reset 10.941ms
[8.817s][info   ][gc,start    ] GC(129) Pause Init Mark (unload classes)
[8.817s][info   ][gc,task     ] GC(129) Using 2 of 2 workers for init marking
[8.817s][info   ][gc,ergo     ] GC(129) Pacer for Mark. Expected Live: 143M, Free: 608M, Non-Taxable: 62259K, Alloc Tax Rate: 0.3x
[8.817s][info   ][gc          ] GC(129) Pause Init Mark (unload classes) 0.154ms
[8.818s][info   ][gc,start    ] GC(129) Concurrent marking roots
[8.818s][info   ][gc,task     ] GC(129) Using 1 of 2 workers for concurrent marking roots
[8.819s][info   ][gc          ] GC(129) Concurrent marking roots 0.418ms
[8.819s][info   ][gc,start    ] GC(129) Concurrent marking (unload classes)
[8.819s][info   ][gc,task     ] GC(129) Using 1 of 2 workers for concurrent marking
[8.833s][info   ][gc          ] GC(129) Concurrent marking (unload classes) 13.661ms
[8.834s][info   ][gc,start    ] GC(129) Pause Final Mark (unload classes)
[8.834s][info   ][gc,task     ] GC(129) Using 2 of 2 workers for final marking
[8.834s][info   ][gc,ergo     ] GC(129) Collectable Garbage: 513M (98%), Immediate: 513M (98%), CSet: 0B (0%)
[8.835s][info   ][gc          ] GC(129) Pause Final Mark (unload classes) 0.792ms
[8.837s][info   ][gc,start    ] GC(129) Concurrent weak references
[8.838s][info   ][gc,task     ] GC(129) Using 1 of 2 workers for concurrent weak references
[8.839s][info   ][gc,ref      ] GC(129) Encountered references: Soft: 11, Weak: 37, Final: 0, Phantom: 5
[8.839s][info   ][gc,ref      ] GC(129) Discovered  references: Soft: 0, Weak: 11, Final: 0, Phantom: 5
[8.839s][info   ][gc,ref      ] GC(129) Enqueued    references: Soft: 0, Weak: 0, Final: 0, Phantom: 0
[8.839s][info   ][gc          ] GC(129) Concurrent weak references 1.785ms
[8.839s][info   ][gc,start    ] GC(129) Concurrent weak roots
[8.839s][info   ][gc,task     ] GC(129) Using 1 of 2 workers for concurrent weak root
[8.846s][info   ][gc          ] GC(129) Concurrent weak roots 6.765ms
[8.846s][info   ][gc,start    ] GC(129) Concurrent cleanup
[8.848s][info   ][gc          ] GC(129) Concurrent cleanup 865M->364M(2048M) 1.471ms
[8.848s][info   ][gc,ergo     ] GC(129) Free: 1220M, Max: 1024K regular, 220M humongous, Frag: 82% external, 0% internal; Reserve: 103M, Max: 1024K
[8.848s][info   ][gc,start    ] GC(129) Concurrent class unloading
[8.848s][info   ][gc,task     ] GC(129) Using 1 of 2 workers for concurrent class unloading
[8.861s][info   ][gc          ] GC(129) Concurrent class unloading 13.352ms
[8.862s][info   ][gc,start    ] GC(129) Pause Final Roots
[8.862s][info   ][gc          ] GC(129) Pause Final Roots 0.015ms
[8.862s][info   ][gc,ergo     ] Free: 1046M, Max: 1024K regular, 220M humongous, Frag: 79% external, 0% internal; Reserve: 103M, Max: 1024K
[8.862s][info   ][gc,stats    ] 
[8.862s][info   ][gc,stats    ] All times are wall-clock times, except per-root-class counters, that are sum over
[8.862s][info   ][gc,stats    ] all workers. Dividing the <total> over the root stage time estimates parallelism.
[8.862s][info   ][gc,stats    ] 
[8.862s][info   ][gc,stats    ] Concurrent Reset                  11093 us
[8.862s][info   ][gc,stats    ] Pause Init Mark (G)                2711 us
[8.862s][info   ][gc,stats    ] Pause Init Mark (N)                 162 us
[8.862s][info   ][gc,stats    ]   Update Region States              101 us
[8.862s][info   ][gc,stats    ] Concurrent Mark Roots               436 us, parallelism: 0.64x
[8.862s][info   ][gc,stats    ]   CMR: <total>                      280 us
[8.862s][info   ][gc,stats    ]   CMR: Thread Roots                 212 us, workers (us): 212, ---, 
[8.862s][info   ][gc,stats    ]   CMR: VM Strong Roots                9 us, workers (us):   9, ---, 
[8.862s][info   ][gc,stats    ]   CMR: CLDG Roots                    60 us, workers (us):  60, ---, 
[8.862s][info   ][gc,stats    ] Concurrent Marking                13800 us
[8.862s][info   ][gc,stats    ] Pause Final Mark (G)               4799 us
[8.862s][info   ][gc,stats    ] Pause Final Mark (N)                802 us
[8.862s][info   ][gc,stats    ]   Finish Mark                       544 us
[8.862s][info   ][gc,stats    ]   Update Region States               93 us
[8.862s][info   ][gc,stats    ]   Choose Collection Set             103 us
[8.862s][info   ][gc,stats    ]   Rebuild Free Set                    9 us
[8.862s][info   ][gc,stats    ] Concurrent Weak References         1797 us, parallelism: 0.01x
[8.862s][info   ][gc,stats    ]   CWRF: <total>                      17 us
[8.862s][info   ][gc,stats    ]   CWRF: Weak References              17 us, workers (us):  17, ---, 
[8.862s][info   ][gc,stats    ] Concurrent Weak Roots              7000 us
[8.862s][info   ][gc,stats    ]   Roots                            2842 us, parallelism: 0.15x
[8.862s][info   ][gc,stats    ]     CWR: <total>                    435 us
[8.862s][info   ][gc,stats    ]     CWR: Code Cache Roots           187 us, workers (us): 187, ---, 
[8.862s][info   ][gc,stats    ]     CWR: VM Weak Roots              245 us, workers (us): 245, ---, 
[8.862s][info   ][gc,stats    ]     CWR: CLDG Roots                   3 us, workers (us):   3, ---, 
[8.862s][info   ][gc,stats    ]   Rendezvous                       3891 us
[8.862s][info   ][gc,stats    ] Concurrent Cleanup                 1561 us
[8.862s][info   ][gc,stats    ] Concurrent Class Unloading        13443 us
[8.862s][info   ][gc,stats    ]   Unlink Stale                     4221 us
[8.862s][info   ][gc,stats    ]     System Dictionary                22 us
[8.862s][info   ][gc,stats    ]     Weak Class Links                  1 us
[8.862s][info   ][gc,stats    ]     Code Roots                     4184 us
[8.862s][info   ][gc,stats    ]   Rendezvous                       8603 us
[8.862s][info   ][gc,stats    ]   Purge Unlinked                    458 us
[8.862s][info   ][gc,stats    ]     Code Roots                      414 us
[8.862s][info   ][gc,stats    ]     CLDG                             40 us
[8.862s][info   ][gc,stats    ]     Exception Caches                  1 us
[8.862s][info   ][gc,stats    ] Pause Final Roots (G)                78 us
[8.862s][info   ][gc,stats    ] Pause Final Roots (N)                24 us
[8.862s][info   ][gc,stats    ] Pacing                            91661 us
[8.862s][info   ][gc,stats    ] 
[8.862s][info   ][gc,stats    ] Allocation pacing accrued:
[8.862s][info   ][gc,stats    ]      13 of   114 ms ( 11.3%): Thread-0
[8.862s][info   ][gc,stats    ]      18 of   114 ms ( 16.2%): Thread-1
[8.862s][info   ][gc,stats    ]      26 of   114 ms ( 23.2%): Thread-2
[8.862s][info   ][gc,stats    ]       7 of   114 ms (  6.4%): Thread-3
[8.862s][info   ][gc,stats    ]      16 of   114 ms ( 13.7%): Thread-4
[8.862s][info   ][gc,stats    ]      11 of   114 ms ( 10.0%): Thread-6
[8.862s][info   ][gc,stats    ]      92 of   114 ms ( 80.7%): <total>
[8.862s][info   ][gc,stats    ]       5 of   114 ms (  4.2%): <average total>
[8.862s][info   ][gc,stats    ]      15 of   114 ms ( 13.5%): <average non-zero>
[8.862s][info   ][gc,stats    ] 
[8.862s][info   ][gc,metaspace] Metaspace: 213K(448K)->213K(448K) NonClass: 204K(320K)->204K(320K) Class: 9K(128K)->9K(128K)
[8.862s][info   ][gc,ergo     ] Pacer for Idle. Initial: 41943K, Alloc Tax Rate: 1.0x
[8.865s][info   ][gc          ] Trigger: Average GC time (74.60 ms) is above the time for average allocation rate (14866 MB/s) to deplete free headroom (899M) (margin of error = 1.88)
[8.865s][info   ][gc,ergo     ] Free headroom: 1002M (free) - 102M (spike) - 0B (penalties) = 899M
[8.865s][info   ][gc,ergo     ] Free: 1002M, Max: 1024K regular, 220M humongous, Frag: 79% external, 0% internal; Reserve: 103M, Max: 1024K
[8.865s][info   ][gc,start    ] GC(130) Concurrent reset
[8.865s][info   ][gc,task     ] GC(130) Using 1 of 2 workers for concurrent reset
[8.865s][info   ][gc,ergo     ] GC(130) Pacer for Reset. Non-Taxable: 2048M
[8.866s][info   ][gc          ] GC(130) Concurrent reset 0.856ms
[8.866s][info   ][gc,start    ] GC(130) Pause Init Mark (unload classes)
[8.866s][info   ][gc,task     ] GC(130) Using 2 of 2 workers for init marking
[8.866s][info   ][gc,ergo     ] GC(130) Pacer for Mark. Expected Live: 144M, Free: 1002M, Non-Taxable: 100M, Alloc Tax Rate: 0.2x
[8.866s][info   ][gc          ] GC(130) Pause Init Mark (unload classes) 0.124ms
[8.866s][info   ][gc,start    ] GC(130) Concurrent marking roots
[8.866s][info   ][gc,task     ] GC(130) Using 1 of 2 workers for concurrent marking roots
[8.867s][info   ][gc          ] GC(130) Concurrent marking roots 0.313ms
[8.867s][info   ][gc,start    ] GC(130) Concurrent marking (unload classes)
[8.867s][info   ][gc,task     ] GC(130) Using 1 of 2 workers for concurrent marking
[8.868s][info   ][gc          ] GC(130) Concurrent marking (unload classes) 1.204ms
[8.868s][info   ][gc,start    ] GC(130) Pause Final Mark (unload classes)
[8.868s][info   ][gc,task     ] GC(130) Using 2 of 2 workers for final marking
[8.868s][info   ][gc,ergo     ] GC(130) Collectable Garbage: 329M (98%), Immediate: 329M (98%), CSet: 0B (0%)
[8.868s][info   ][gc          ] GC(130) Pause Final Mark (unload classes) 0.308ms
[8.868s][info   ][gc,start    ] GC(130) Concurrent weak references
[8.868s][info   ][gc,task     ] GC(130) Using 1 of 2 workers for concurrent weak references
[8.869s][info   ][gc,ref      ] GC(130) Encountered references: Soft: 11, Weak: 37, Final: 0, Phantom: 5
[8.869s][info   ][gc,ref      ] GC(130) Discovered  references: Soft: 0, Weak: 11, Final: 0, Phantom: 5
[8.869s][info   ][gc,ref      ] GC(130) Enqueued    references: Soft: 0, Weak: 0, Final: 0, Phantom: 0
[8.869s][info   ][gc          ] GC(130) Concurrent weak references 0.138ms
[8.869s][info   ][gc,start    ] GC(130) Concurrent weak roots
[8.869s][info   ][gc,task     ] GC(130) Using 1 of 2 workers for concurrent weak root
[8.869s][info   ][gc          ] GC(130) Concurrent weak roots 0.199ms
[8.869s][info   ][gc,start    ] GC(130) Concurrent cleanup
[8.869s][info   ][gc          ] GC(130) Concurrent cleanup 475M->146M(2048M) 0.444ms
[8.869s][info   ][gc,ergo     ] GC(130) Free: 1660M, Max: 1024K regular, 222M humongous, Frag: 87% external, 0% internal; Reserve: 103M, Max: 1024K
[8.869s][info   ][gc,start    ] GC(130) Concurrent class unloading
[8.869s][info   ][gc,task     ] GC(130) Using 1 of 2 workers for concurrent class unloading
[8.870s][info   ][gc          ] GC(130) Concurrent class unloading 0.393ms
[8.870s][info   ][gc,start    ] GC(130) Pause Final Roots
[8.870s][info   ][gc          ] GC(130) Pause Final Roots 0.023ms
[8.870s][info   ][gc,ergo     ] Free: 1650M, Max: 1024K regular, 222M humongous, Frag: 87% external, 0% internal; Reserve: 103M, Max: 1024K
[8.870s][info   ][gc,stats    ] 
[8.870s][info   ][gc,stats    ] All times are wall-clock times, except per-root-class counters, that are sum over
[8.870s][info   ][gc,stats    ] all workers. Dividing the <total> over the root stage time estimates parallelism.
[8.870s][info   ][gc,stats    ] 
[8.870s][info   ][gc,stats    ] Concurrent Reset                    892 us
[8.870s][info   ][gc,stats    ] Pause Init Mark (G)                 261 us
[8.870s][info   ][gc,stats    ] Pause Init Mark (N)                 133 us
[8.870s][info   ][gc,stats    ]   Update Region States               84 us
[8.870s][info   ][gc,stats    ] Concurrent Mark Roots               328 us, parallelism: 0.60x
[8.870s][info   ][gc,stats    ]   CMR: <total>                      196 us
[8.870s][info   ][gc,stats    ]   CMR: Thread Roots                 167 us, workers (us): 167, ---, 
[8.870s][info   ][gc,stats    ]   CMR: VM Strong Roots                6 us, workers (us):   6, ---, 
[8.870s][info   ][gc,stats    ]   CMR: CLDG Roots                    23 us, workers (us):  23, ---, 
[8.870s][info   ][gc,stats    ] Concurrent Marking                 1229 us
[8.870s][info   ][gc,stats    ] Pause Final Mark (G)                398 us
[8.870s][info   ][gc,stats    ] Pause Final Mark (N)                316 us
[8.870s][info   ][gc,stats    ]   Finish Mark                        91 us
[8.870s][info   ][gc,stats    ]   Update Region States               77 us
[8.870s][info   ][gc,stats    ]   Choose Collection Set              77 us
[8.870s][info   ][gc,stats    ]   Rebuild Free Set                   10 us
[8.870s][info   ][gc,stats    ] Concurrent Weak References          145 us, parallelism: 0.02x
[8.870s][info   ][gc,stats    ]   CWRF: <total>                       2 us
[8.870s][info   ][gc,stats    ]   CWRF: Weak References               2 us, workers (us):   2, ---, 
[8.870s][info   ][gc,stats    ] Concurrent Weak Roots               215 us
[8.870s][info   ][gc,stats    ]   Roots                              82 us, parallelism: 0.67x
[8.870s][info   ][gc,stats    ]     CWR: <total>                     54 us
[8.870s][info   ][gc,stats    ]     CWR: Code Cache Roots            30 us, workers (us):  30, ---, 
[8.870s][info   ][gc,stats    ]     CWR: VM Weak Roots               23 us, workers (us):  23, ---, 
[8.870s][info   ][gc,stats    ]     CWR: CLDG Roots                   2 us, workers (us):   2, ---, 
[8.870s][info   ][gc,stats    ]   Rendezvous                        100 us
[8.870s][info   ][gc,stats    ] Concurrent Cleanup                  453 us
[8.870s][info   ][gc,stats    ] Concurrent Class Unloading          410 us
[8.870s][info   ][gc,stats    ]   Unlink Stale                      255 us
[8.870s][info   ][gc,stats    ]     System Dictionary                 5 us
[8.870s][info   ][gc,stats    ]     Weak Class Links                  1 us
[8.870s][info   ][gc,stats    ]     Code Roots                      247 us
[8.870s][info   ][gc,stats    ]   Rendezvous                         86 us
[8.870s][info   ][gc,stats    ]   Purge Unlinked                     32 us
[8.870s][info   ][gc,stats    ]     Code Roots                       15 us
[8.870s][info   ][gc,stats    ]     CLDG                             15 us
[8.870s][info   ][gc,stats    ]     Exception Caches                  0 us
[8.870s][info   ][gc,stats    ] Pause Final Roots (G)               404 us
[8.870s][info   ][gc,stats    ] Pause Final Roots (N)                33 us
[8.870s][info   ][gc,stats    ] Pacing                             6488 us
[8.870s][info   ][gc,stats    ] 
[8.870s][info   ][gc,stats    ] Allocation pacing accrued:
[8.870s][info   ][gc,stats    ]       2 of     8 ms ( 21.4%): Thread-2
[8.870s][info   ][gc,stats    ]       2 of     8 ms ( 25.5%): Thread-3
[8.870s][info   ][gc,stats    ]       2 of     8 ms ( 21.0%): Thread-5
[8.870s][info   ][gc,stats    ]       1 of     8 ms (  8.4%): Thread-6
[8.870s][info   ][gc,stats    ]       6 of     8 ms ( 76.3%): <total>
[8.870s][info   ][gc,stats    ]       0 of     8 ms (  4.0%): <average total>
[8.870s][info   ][gc,stats    ]       2 of     8 ms ( 19.1%): <average non-zero>
[8.870s][info   ][gc,stats    ] 
[8.870s][info   ][gc,metaspace] Metaspace: 213K(448K)->213K(448K) NonClass: 204K(320K)->204K(320K) Class: 9K(128K)->9K(128K)
[8.870s][info   ][gc,ergo     ] Pacer for Idle. Initial: 41943K, Alloc Tax Rate: 1.0x
[8.912s][info   ][gc          ] Trigger: Average GC time (64.27 ms) is above the time for average allocation rate (14850 MB/s) to deplete free headroom (951M) (margin of error = 1.87)
[8.912s][info   ][gc,ergo     ] Free headroom: 1054M (free) - 102M (spike) - 0B (penalties) = 951M
[8.912s][info   ][gc,ergo     ] Free: 1054M, Max: 1024K regular, 222M humongous, Frag: 79% external, 0% internal; Reserve: 103M, Max: 1024K
[8.912s][info   ][gc,start    ] GC(131) Concurrent reset
[8.912s][info   ][gc,task     ] GC(131) Using 1 of 2 workers for concurrent reset
[8.912s][info   ][gc,ergo     ] GC(131) Pacer for Reset. Non-Taxable: 2048M
[8.934s][info   ][gc          ] GC(131) Concurrent reset 22.124ms
[8.938s][info   ][gc,start    ] GC(131) Pause Init Mark (unload classes)
[8.938s][info   ][gc,task     ] GC(131) Using 2 of 2 workers for init marking
[8.938s][info   ][gc,ergo     ] GC(131) Pacer for Mark. Expected Live: 152M, Free: 716M, Non-Taxable: 73318K, Alloc Tax Rate: 0.3x
[8.938s][info   ][gc          ] GC(131) Pause Init Mark (unload classes) 0.264ms
[8.943s][info   ][gc,start    ] GC(131) Concurrent marking roots
[8.943s][info   ][gc,task     ] GC(131) Using 1 of 2 workers for concurrent marking roots
[8.943s][info   ][gc          ] GC(131) Concurrent marking roots 0.689ms
[8.943s][info   ][gc,start    ] GC(131) Concurrent marking (unload classes)
[8.943s][info   ][gc,task     ] GC(131) Using 1 of 2 workers for concurrent marking
[8.945s][info   ][gc          ] GC(131) Concurrent marking (unload classes) 1.609ms
[8.945s][info   ][gc,start    ] GC(131) Pause Final Mark (unload classes)
[8.945s][info   ][gc,task     ] GC(131) Using 2 of 2 workers for final marking
[8.945s][info   ][gc,ergo     ] GC(131) Collectable Garbage: 508M (98%), Immediate: 508M (98%), CSet: 0B (0%)
[8.945s][info   ][gc          ] GC(131) Pause Final Mark (unload classes) 0.392ms
[8.945s][info   ][gc,start    ] GC(131) Concurrent weak references
[8.945s][info   ][gc,task     ] GC(131) Using 1 of 2 workers for concurrent weak references
[8.946s][info   ][gc,ref      ] GC(131) Encountered references: Soft: 11, Weak: 37, Final: 0, Phantom: 5
[8.946s][info   ][gc,ref      ] GC(131) Discovered  references: Soft: 0, Weak: 11, Final: 0, Phantom: 5
[8.946s][info   ][gc,ref      ] GC(131) Enqueued    references: Soft: 0, Weak: 0, Final: 0, Phantom: 0
[8.946s][info   ][gc          ] GC(131) Concurrent weak references 0.185ms
[8.946s][info   ][gc,start    ] GC(131) Concurrent weak roots
[8.946s][info   ][gc,task     ] GC(131) Using 1 of 2 workers for concurrent weak root
[8.946s][info   ][gc          ] GC(131) Concurrent weak roots 0.213ms
[8.946s][info   ][gc,start    ] GC(131) Concurrent cleanup
[8.947s][info   ][gc          ] GC(131) Concurrent cleanup 654M->146M(2048M) 0.638ms
[8.947s][info   ][gc,ergo     ] GC(131) Free: 1660M, Max: 1024K regular, 340M humongous, Frag: 80% external, 0% internal; Reserve: 103M, Max: 1024K
[8.947s][info   ][gc,start    ] GC(131) Concurrent class unloading
[8.947s][info   ][gc,task     ] GC(131) Using 1 of 2 workers for concurrent class unloading
[8.947s][info   ][gc          ] GC(131) Concurrent class unloading 0.400ms
[8.947s][info   ][gc,start    ] GC(131) Pause Final Roots
[8.947s][info   ][gc          ] GC(131) Pause Final Roots 0.017ms
[8.947s][info   ][gc,ergo     ] Free: 1660M, Max: 1024K regular, 340M humongous, Frag: 80% external, 0% internal; Reserve: 103M, Max: 1024K
[8.947s][info   ][gc,stats    ] 
[8.947s][info   ][gc,stats    ] All times are wall-clock times, except per-root-class counters, that are sum over
[8.947s][info   ][gc,stats    ] all workers. Dividing the <total> over the root stage time estimates parallelism.
[8.947s][info   ][gc,stats    ] 
[8.947s][info   ][gc,stats    ] Concurrent Reset                  22334 us
[8.947s][info   ][gc,stats    ] Pause Init Mark (G)                8303 us
[8.947s][info   ][gc,stats    ] Pause Init Mark (N)                 278 us
[8.947s][info   ][gc,stats    ]   Update Region States              136 us
[8.947s][info   ][gc,stats    ] Concurrent Mark Roots               716 us, parallelism: 0.27x
[8.947s][info   ][gc,stats    ]   CMR: <total>                      192 us
[8.947s][info   ][gc,stats    ]   CMR: Thread Roots                 143 us, workers (us): 143, ---, 
[8.947s][info   ][gc,stats    ]   CMR: VM Strong Roots                7 us, workers (us):   7, ---, 
[8.947s][info   ][gc,stats    ]   CMR: CLDG Roots                    42 us, workers (us):  42, ---, 
[8.947s][info   ][gc,stats    ] Concurrent Marking                 1638 us
[8.947s][info   ][gc,stats    ] Pause Final Mark (G)                520 us
[8.947s][info   ][gc,stats    ] Pause Final Mark (N)                404 us
[8.947s][info   ][gc,stats    ]   Finish Mark                       114 us
[8.947s][info   ][gc,stats    ]   Update Region States              118 us
[8.947s][info   ][gc,stats    ]   Choose Collection Set             111 us
[8.947s][info   ][gc,stats    ]   Rebuild Free Set                   13 us
[8.947s][info   ][gc,stats    ] Concurrent Weak References          193 us, parallelism: 0.02x
[8.947s][info   ][gc,stats    ]   CWRF: <total>                       5 us
[8.947s][info   ][gc,stats    ]   CWRF: Weak References               5 us, workers (us):   5, ---, 
[8.947s][info   ][gc,stats    ] Concurrent Weak Roots               255 us
[8.947s][info   ][gc,stats    ]   Roots                              79 us, parallelism: 0.64x
[8.947s][info   ][gc,stats    ]     CWR: <total>                     50 us
[8.947s][info   ][gc,stats    ]     CWR: Code Cache Roots            27 us, workers (us):  27, ---, 
[8.947s][info   ][gc,stats    ]     CWR: VM Weak Roots               21 us, workers (us):  21, ---, 
[8.947s][info   ][gc,stats    ]     CWR: CLDG Roots                   2 us, workers (us):   2, ---, 
[8.947s][info   ][gc,stats    ]   Rendezvous                        116 us
[8.947s][info   ][gc,stats    ] Concurrent Cleanup                  663 us
[8.947s][info   ][gc,stats    ] Concurrent Class Unloading          415 us
[8.947s][info   ][gc,stats    ]   Unlink Stale                      258 us
[8.947s][info   ][gc,stats    ]     System Dictionary                 6 us
[8.947s][info   ][gc,stats    ]     Weak Class Links                  1 us
[8.947s][info   ][gc,stats    ]     Code Roots                      248 us
[8.947s][info   ][gc,stats    ]   Rendezvous                         88 us
[8.947s][info   ][gc,stats    ]   Purge Unlinked                     33 us
[8.947s][info   ][gc,stats    ]     Code Roots                       16 us
[8.947s][info   ][gc,stats    ]     CLDG                             14 us
[8.947s][info   ][gc,stats    ]     Exception Caches                  1 us
[8.947s][info   ][gc,stats    ] Pause Final Roots (G)               100 us
[8.947s][info   ][gc,stats    ] Pause Final Roots (N)                26 us
[8.947s][info   ][gc,stats    ] Pacing                            62837 us
[8.947s][info   ][gc,stats    ] 
[8.947s][info   ][gc,stats    ] Allocation pacing accrued:
[8.947s][info   ][gc,stats    ]      11 of    77 ms ( 14.5%): Thread-0
[8.947s][info   ][gc,stats    ]      11 of    77 ms ( 14.7%): Thread-1
[8.947s][info   ][gc,stats    ]      10 of    77 ms ( 13.4%): Thread-2
[8.947s][info   ][gc,stats    ]      10 of    77 ms ( 12.4%): Thread-3
[8.947s][info   ][gc,stats    ]      10 of    77 ms ( 13.4%): Thread-6
[8.947s][info   ][gc,stats    ]      10 of    77 ms ( 13.2%): Thread-7
[8.947s][info   ][gc,stats    ]      63 of    77 ms ( 81.6%): <total>
[8.947s][info   ][gc,stats    ]       3 of    77 ms (  4.3%): <average total>
[8.947s][info   ][gc,stats    ]      10 of    77 ms ( 13.6%): <average non-zero>
[8.947s][info   ][gc,stats    ] 
[8.947s][info   ][gc,metaspace] Metaspace: 213K(448K)->213K(448K) NonClass: 204K(320K)->204K(320K) Class: 9K(128K)->9K(128K)
[8.947s][info   ][gc,ergo     ] Pacer for Idle. Initial: 41943K, Alloc Tax Rate: 1.0x
[8.997s][info   ][gc          ] Trigger: Average GC time (60.39 ms) is above the time for average allocation rate (14837 MB/s) to deplete free headroom (893M) (margin of error = 1.87)
[8.997s][info   ][gc,ergo     ] Free headroom: 996M (free) - 102M (spike) - 0B (penalties) = 893M
[8.998s][info   ][gc,ergo     ] Free: 990M, Max: 1024K regular, 340M humongous, Frag: 66% external, 0% internal; Reserve: 103M, Max: 1024K
[8.998s][info   ][gc,start    ] GC(132) Concurrent reset
[8.998s][info   ][gc,task     ] GC(132) Using 1 of 2 workers for concurrent reset
[8.998s][info   ][gc,ergo     ] GC(132) Pacer for Reset. Non-Taxable: 2048M
[9.014s][info   ][gc          ] GC(132) Concurrent reset 16.795ms
[9.016s][info   ][gc,start    ] GC(132) Pause Init Mark (unload classes)
[9.016s][info   ][gc,task     ] GC(132) Using 2 of 2 workers for init marking
[9.016s][info   ][gc,ergo     ] GC(132) Pacer for Mark. Expected Live: 142M, Free: 774M, Non-Taxable: 79257K, Alloc Tax Rate: 0.2x
[9.016s][info   ][gc          ] GC(132) Pause Init Mark (unload classes) 0.213ms
[9.016s][info   ][gc,start    ] GC(132) Concurrent marking roots
[9.016s][info   ][gc,task     ] GC(132) Using 1 of 2 workers for concurrent marking roots
[9.020s][info   ][gc          ] GC(132) Concurrent marking roots 3.885ms
[9.020s][info   ][gc,start    ] GC(132) Concurrent marking (unload classes)
[9.020s][info   ][gc,task     ] GC(132) Using 1 of 2 workers for concurrent marking
[9.023s][info   ][gc          ] GC(132) Concurrent marking (unload classes) 2.414ms
[9.023s][info   ][gc,start    ] GC(132) Pause Final Mark (unload classes)
[9.023s][info   ][gc,task     ] GC(132) Using 2 of 2 workers for final marking
[9.024s][info   ][gc,ergo     ] GC(132) Collectable Garbage: 479M (98%), Immediate: 479M (98%), CSet: 0B (0%)
[9.024s][info   ][gc          ] GC(132) Pause Final Mark (unload classes) 0.300ms
[9.024s][info   ][gc,start    ] GC(132) Concurrent weak references
[9.024s][info   ][gc,task     ] GC(132) Using 1 of 2 workers for concurrent weak references
[9.024s][info   ][gc,ref      ] GC(132) Encountered references: Soft: 11, Weak: 37, Final: 0, Phantom: 5
[9.024s][info   ][gc,ref      ] GC(132) Discovered  references: Soft: 0, Weak: 11, Final: 0, Phantom: 5
[9.024s][info   ][gc,ref      ] GC(132) Enqueued    references: Soft: 0, Weak: 0, Final: 0, Phantom: 0
[9.024s][info   ][gc          ] GC(132) Concurrent weak references 0.062ms
[9.024s][info   ][gc,start    ] GC(132) Concurrent weak roots
[9.024s][info   ][gc,task     ] GC(132) Using 1 of 2 workers for concurrent weak root
[9.025s][info   ][gc          ] GC(132) Concurrent weak roots 0.719ms
[9.025s][info   ][gc,start    ] GC(132) Concurrent cleanup
[9.025s][info   ][gc          ] GC(132) Concurrent cleanup 639M->160M(2048M) 0.513ms
[9.025s][info   ][gc,ergo     ] GC(132) Free: 1632M, Max: 1024K regular, 678M humongous, Frag: 59% external, 0% internal; Reserve: 103M, Max: 1024K
[9.026s][info   ][gc,start    ] GC(132) Concurrent class unloading
[9.026s][info   ][gc,task     ] GC(132) Using 1 of 2 workers for concurrent class unloading
[9.036s][info   ][gc          ] GC(132) Concurrent class unloading 10.288ms
[9.037s][info   ][gc,start    ] GC(132) Pause Final Roots
[9.037s][info   ][gc          ] GC(132) Pause Final Roots 0.037ms
[9.037s][info   ][gc,ergo     ] Free: 1458M, Max: 1024K regular, 678M humongous, Frag: 54% external, 0% internal; Reserve: 103M, Max: 1024K
[9.038s][info   ][gc,stats    ] 
[9.038s][info   ][gc,stats    ] All times are wall-clock times, except per-root-class counters, that are sum over
[9.038s][info   ][gc,stats    ] all workers. Dividing the <total> over the root stage time estimates parallelism.
[9.038s][info   ][gc,stats    ] 
[9.038s][info   ][gc,stats    ] Concurrent Reset                  16994 us
[9.038s][info   ][gc,stats    ] Pause Init Mark (G)                1671 us
[9.038s][info   ][gc,stats    ] Pause Init Mark (N)                 221 us
[9.038s][info   ][gc,stats    ]   Update Region States              138 us
[9.038s][info   ][gc,stats    ] Concurrent Mark Roots              4027 us, parallelism: 0.07x
[9.038s][info   ][gc,stats    ]   CMR: <total>                      284 us
[9.038s][info   ][gc,stats    ]   CMR: Thread Roots                 216 us, workers (us): 216, ---, 
[9.038s][info   ][gc,stats    ]   CMR: VM Strong Roots               10 us, workers (us):  10, ---, 
[9.038s][info   ][gc,stats    ]   CMR: CLDG Roots                    58 us, workers (us):  58, ---, 
[9.038s][info   ][gc,stats    ] Concurrent Marking                 2459 us
[9.038s][info   ][gc,stats    ] Pause Final Mark (G)                996 us
[9.038s][info   ][gc,stats    ] Pause Final Mark (N)                311 us
[9.038s][info   ][gc,stats    ]   Finish Mark                        61 us
[9.038s][info   ][gc,stats    ]   Update Region States               77 us
[9.038s][info   ][gc,stats    ]   Choose Collection Set             100 us
[9.038s][info   ][gc,stats    ]   Rebuild Free Set                   12 us
[9.038s][info   ][gc,stats    ] Concurrent Weak References           69 us, parallelism: 0.04x
[9.038s][info   ][gc,stats    ]   CWRF: <total>                       3 us
[9.038s][info   ][gc,stats    ]   CWRF: Weak References               3 us, workers (us):   3, ---, 
[9.038s][info   ][gc,stats    ] Concurrent Weak Roots               734 us
[9.038s][info   ][gc,stats    ]   Roots                             105 us, parallelism: 0.67x
[9.038s][info   ][gc,stats    ]     CWR: <total>                     70 us
[9.038s][info   ][gc,stats    ]     CWR: Code Cache Roots            31 us, workers (us):  31, ---, 
[9.038s][info   ][gc,stats    ]     CWR: VM Weak Roots               37 us, workers (us):  37, ---, 
[9.038s][info   ][gc,stats    ]     CWR: CLDG Roots                   2 us, workers (us):   2, ---, 
[9.038s][info   ][gc,stats    ]   Rendezvous                        599 us
[9.038s][info   ][gc,stats    ] Concurrent Cleanup                  521 us
[9.038s][info   ][gc,stats    ] Concurrent Class Unloading        10408 us
[9.038s][info   ][gc,stats    ]   Unlink Stale                     3978 us
[9.038s][info   ][gc,stats    ]     System Dictionary                10 us
[9.038s][info   ][gc,stats    ]     Weak Class Links                  1 us
[9.038s][info   ][gc,stats    ]     Code Roots                     3960 us
[9.038s][info   ][gc,stats    ]   Rendezvous                       6166 us
[9.038s][info   ][gc,stats    ]   Purge Unlinked                    106 us
[9.038s][info   ][gc,stats    ]     Code Roots                       81 us
[9.038s][info   ][gc,stats    ]     CLDG                             22 us
[9.038s][info   ][gc,stats    ]     Exception Caches                  1 us
[9.038s][info   ][gc,stats    ] Pause Final Roots (G)              1170 us
[9.038s][info   ][gc,stats    ] Pause Final Roots (N)                46 us
[9.038s][info   ][gc,stats    ] Pacing                            70594 us
[9.038s][info   ][gc,stats    ] 
[9.038s][info   ][gc,stats    ] Allocation pacing accrued:
[9.038s][info   ][gc,stats    ]       7 of    90 ms (  7.9%): Thread-0
[9.038s][info   ][gc,stats    ]       7 of    90 ms (  7.9%): Thread-1
[9.038s][info   ][gc,stats    ]       8 of    90 ms (  8.8%): Thread-2
[9.038s][info   ][gc,stats    ]      11 of    90 ms ( 12.5%): Thread-4
[9.038s][info   ][gc,stats    ]      14 of    90 ms ( 15.4%): Thread-5
[9.038s][info   ][gc,stats    ]      17 of    90 ms ( 18.4%): Thread-6
[9.038s][info   ][gc,stats    ]       6 of    90 ms (  7.1%): Thread-7
[9.038s][info   ][gc,stats    ]      71 of    90 ms ( 78.0%): <total>
[9.038s][info   ][gc,stats    ]       4 of    90 ms (  4.1%): <average total>
[9.038s][info   ][gc,stats    ]      10 of    90 ms ( 11.1%): <average non-zero>
[9.038s][info   ][gc,stats    ] 
[9.038s][info   ][gc,metaspace] Metaspace: 213K(448K)->213K(448K) NonClass: 204K(320K)->204K(320K) Class: 9K(128K)->9K(128K)
[9.038s][info   ][gc,ergo     ] Pacer for Idle. Initial: 41943K, Alloc Tax Rate: 1.0x
[9.073s][info   ][gc          ] Trigger: Average GC time (58.52 ms) is above the time for average allocation rate (14837 MB/s) to deplete free headroom (863M) (margin of error = 1.87)
[9.073s][info   ][gc,ergo     ] Free headroom: 966M (free) - 102M (spike) - 0B (penalties) = 863M
[9.073s][info   ][gc,ergo     ] Free: 964M, Max: 1024K regular, 678M humongous, Frag: 30% external, 0% internal; Reserve: 103M, Max: 1024K
[9.073s][info   ][gc,start    ] GC(133) Concurrent reset
[9.073s][info   ][gc,task     ] GC(133) Using 1 of 2 workers for concurrent reset
[9.073s][info   ][gc,ergo     ] GC(133) Pacer for Reset. Non-Taxable: 2048M
[9.079s][info   ][gc          ] GC(133) Concurrent reset 5.664ms
[9.083s][info   ][gc,start    ] GC(133) Pause Init Mark (unload classes)
[9.083s][info   ][gc,task     ] GC(133) Using 2 of 2 workers for init marking
[9.083s][info   ][gc,ergo     ] GC(133) Pacer for Mark. Expected Live: 126M, Free: 836M, Non-Taxable: 85606K, Alloc Tax Rate: 0.2x
[9.083s][info   ][gc          ] GC(133) Pause Init Mark (unload classes) 0.178ms
[9.089s][info   ][gc,start    ] GC(133) Concurrent marking roots
[9.089s][info   ][gc,task     ] GC(133) Using 1 of 2 workers for concurrent marking roots
[9.089s][info   ][gc          ] GC(133) Concurrent marking roots 0.422ms
[9.089s][info   ][gc,start    ] GC(133) Concurrent marking (unload classes)
[9.089s][info   ][gc,task     ] GC(133) Using 1 of 2 workers for concurrent marking
[9.091s][info   ][gc          ] GC(133) Concurrent marking (unload classes) 1.314ms
[9.091s][info   ][gc,start    ] GC(133) Pause Final Mark (unload classes)
[9.091s][info   ][gc,task     ] GC(133) Using 2 of 2 workers for final marking
[9.091s][info   ][gc,ergo     ] GC(133) Collectable Garbage: 463M (98%), Immediate: 463M (98%), CSet: 0B (0%)
[9.091s][info   ][gc          ] GC(133) Pause Final Mark (unload classes) 0.272ms
[9.091s][info   ][gc,start    ] GC(133) Concurrent weak references
[9.091s][info   ][gc,task     ] GC(133) Using 1 of 2 workers for concurrent weak references
[9.091s][info   ][gc,ref      ] GC(133) Encountered references: Soft: 11, Weak: 37, Final: 0, Phantom: 5
[9.091s][info   ][gc,ref      ] GC(133) Discovered  references: Soft: 0, Weak: 11, Final: 0, Phantom: 5
[9.091s][info   ][gc,ref      ] GC(133) Enqueued    references: Soft: 0, Weak: 0, Final: 0, Phantom: 0
[9.091s][info   ][gc          ] GC(133) Concurrent weak references 0.058ms
[9.091s][info   ][gc,start    ] GC(133) Concurrent weak roots
[9.091s][info   ][gc,task     ] GC(133) Using 1 of 2 workers for concurrent weak root
[9.091s][info   ][gc          ] GC(133) Concurrent weak roots 0.229ms
[9.091s][info   ][gc,start    ] GC(133) Concurrent cleanup
[9.092s][info   ][gc          ] GC(133) Concurrent cleanup 600M->137M(2048M) 0.489ms
[9.092s][info   ][gc,ergo     ] GC(133) Free: 1678M, Max: 1024K regular, 832M humongous, Frag: 51% external, 0% internal; Reserve: 103M, Max: 1024K
[9.092s][info   ][gc,start    ] GC(133) Concurrent class unloading
[9.092s][info   ][gc,task     ] GC(133) Using 1 of 2 workers for concurrent class unloading
[9.092s][info   ][gc          ] GC(133) Concurrent class unloading 0.300ms
[9.092s][info   ][gc,start    ] GC(133) Pause Final Roots
[9.092s][info   ][gc          ] GC(133) Pause Final Roots 0.017ms
[9.092s][info   ][gc,ergo     ] Free: 1678M, Max: 1024K regular, 832M humongous, Frag: 51% external, 0% internal; Reserve: 103M, Max: 1024K
[9.092s][info   ][gc,stats    ] 
[9.092s][info   ][gc,stats    ] All times are wall-clock times, except per-root-class counters, that are sum over
[9.092s][info   ][gc,stats    ] all workers. Dividing the <total> over the root stage time estimates parallelism.
[9.092s][info   ][gc,stats    ] 
[9.092s][info   ][gc,stats    ] Concurrent Reset                   5819 us
[9.092s][info   ][gc,stats    ] Pause Init Mark (G)               10066 us
[9.092s][info   ][gc,stats    ] Pause Init Mark (N)                 187 us
[9.092s][info   ][gc,stats    ]   Update Region States               96 us
[9.092s][info   ][gc,stats    ] Concurrent Mark Roots               447 us, parallelism: 0.39x
[9.092s][info   ][gc,stats    ]   CMR: <total>                      176 us
[9.092s][info   ][gc,stats    ]   CMR: Thread Roots                 133 us, workers (us): 133, ---, 
[9.092s][info   ][gc,stats    ]   CMR: VM Strong Roots                6 us, workers (us):   6, ---, 
[9.092s][info   ][gc,stats    ]   CMR: CLDG Roots                    38 us, workers (us):  38, ---, 
[9.092s][info   ][gc,stats    ] Concurrent Marking                 1333 us
[9.092s][info   ][gc,stats    ] Pause Final Mark (G)                359 us
[9.092s][info   ][gc,stats    ] Pause Final Mark (N)                280 us
[9.092s][info   ][gc,stats    ]   Finish Mark                        83 us
[9.092s][info   ][gc,stats    ]   Update Region States               77 us
[9.092s][info   ][gc,stats    ]   Choose Collection Set              73 us
[9.092s][info   ][gc,stats    ]   Rebuild Free Set                    9 us
[9.092s][info   ][gc,stats    ] Concurrent Weak References           65 us, parallelism: 0.04x
[9.092s][info   ][gc,stats    ]   CWRF: <total>                       3 us
[9.092s][info   ][gc,stats    ]   CWRF: Weak References               3 us, workers (us):   3, ---, 
[9.092s][info   ][gc,stats    ] Concurrent Weak Roots               240 us
[9.092s][info   ][gc,stats    ]   Roots                             104 us, parallelism: 0.52x
[9.092s][info   ][gc,stats    ]     CWR: <total>                     54 us
[9.092s][info   ][gc,stats    ]     CWR: Code Cache Roots            29 us, workers (us):  29, ---, 
[9.092s][info   ][gc,stats    ]     CWR: VM Weak Roots               23 us, workers (us):  23, ---, 
[9.092s][info   ][gc,stats    ]     CWR: CLDG Roots                   1 us, workers (us):   1, ---, 
[9.092s][info   ][gc,stats    ]   Rendezvous                         71 us
[9.092s][info   ][gc,stats    ] Concurrent Cleanup                  499 us
[9.092s][info   ][gc,stats    ] Concurrent Class Unloading          314 us
[9.092s][info   ][gc,stats    ]   Unlink Stale                      111 us
[9.092s][info   ][gc,stats    ]     System Dictionary                 4 us
[9.092s][info   ][gc,stats    ]     Weak Class Links                  1 us
[9.092s][info   ][gc,stats    ]     Code Roots                      104 us
[9.092s][info   ][gc,stats    ]   Rendezvous                         88 us
[9.092s][info   ][gc,stats    ]   Purge Unlinked                     69 us
[9.092s][info   ][gc,stats    ]     Code Roots                       43 us
[9.092s][info   ][gc,stats    ]     CLDG                             24 us
[9.093s][info   ][gc,stats    ]     Exception Caches                  1 us
[9.093s][info   ][gc,stats    ] Pause Final Roots (G)               104 us
[9.093s][info   ][gc,stats    ] Pause Final Roots (N)                24 us
[9.093s][info   ][gc,stats    ] 
[9.093s][info   ][gc,stats    ] Allocation pacing accrued:
[9.093s][info   ][gc,stats    ]       0 of    55 ms (  0.0%): <total>
[9.093s][info   ][gc,stats    ]       0 of    55 ms (  0.0%): <average total>
[9.093s][info   ][gc,stats    ] 
[9.093s][info   ][gc,metaspace] Metaspace: 213K(448K)->213K(448K) NonClass: 204K(320K)->204K(320K) Class: 9K(128K)->9K(128K)
[9.093s][info   ][gc,ergo     ] Pacer for Idle. Initial: 41943K, Alloc Tax Rate: 1.0x
[9.156s][info   ][gc          ] Trigger: Average GC time (48.81 ms) is above the time for average allocation rate (14822 MB/s) to deplete free headroom (713M) (margin of error = 1.86)
[9.156s][info   ][gc,ergo     ] Free headroom: 816M (free) - 102M (spike) - 0B (penalties) = 713M
[9.156s][info   ][gc,ergo     ] Free: 812M, Max: 1024K regular, 812M humongous, Frag: 0% external, 0% internal; Reserve: 103M, Max: 1024K
[9.156s][info   ][gc,start    ] GC(134) Concurrent reset
[9.156s][info   ][gc,task     ] GC(134) Using 1 of 2 workers for concurrent reset
[9.156s][info   ][gc,ergo     ] GC(134) Pacer for Reset. Non-Taxable: 2048M
[9.161s][info   ][gc          ] GC(134) Concurrent reset 4.730ms
[9.166s][info   ][gc,start    ] GC(134) Pause Init Mark (unload classes)
[9.166s][info   ][gc,task     ] GC(134) Using 2 of 2 workers for init marking
[9.166s][info   ][gc,ergo     ] GC(134) Pacer for Mark. Expected Live: 117M, Free: 692M, Non-Taxable: 70860K, Alloc Tax Rate: 0.2x
[9.166s][info   ][gc          ] GC(134) Pause Init Mark (unload classes) 0.233ms
[9.166s][info   ][gc,start    ] GC(134) Concurrent marking roots
[9.166s][info   ][gc,task     ] GC(134) Using 1 of 2 workers for concurrent marking roots
[9.170s][info   ][gc          ] GC(134) Concurrent marking roots 3.684ms
[9.170s][info   ][gc,start    ] GC(134) Concurrent marking (unload classes)
[9.170s][info   ][gc,task     ] GC(134) Using 1 of 2 workers for concurrent marking
[9.172s][info   ][gc          ] GC(134) Concurrent marking (unload classes) 1.791ms
[9.172s][info   ][gc,start    ] GC(134) Pause Final Mark (unload classes)
[9.172s][info   ][gc,task     ] GC(134) Using 2 of 2 workers for final marking
[9.172s][info   ][gc,ergo     ] GC(134) Collectable Garbage: 540M (98%), Immediate: 540M (98%), CSet: 0B (0%)
[9.172s][info   ][gc          ] GC(134) Pause Final Mark (unload classes) 0.336ms
[9.172s][info   ][gc,start    ] GC(134) Concurrent weak references
[9.172s][info   ][gc,task     ] GC(134) Using 1 of 2 workers for concurrent weak references
[9.172s][info   ][gc,ref      ] GC(134) Encountered references: Soft: 11, Weak: 37, Final: 0, Phantom: 5
[9.172s][info   ][gc,ref      ] GC(134) Discovered  references: Soft: 0, Weak: 11, Final: 0, Phantom: 5
[9.172s][info   ][gc,ref      ] GC(134) Enqueued    references: Soft: 0, Weak: 0, Final: 0, Phantom: 0
[9.172s][info   ][gc          ] GC(134) Concurrent weak references 0.104ms
[9.172s][info   ][gc,start    ] GC(134) Concurrent weak roots
[9.172s][info   ][gc,task     ] GC(134) Using 1 of 2 workers for concurrent weak root
[9.173s][info   ][gc          ] GC(134) Concurrent weak roots 0.174ms
[9.173s][info   ][gc,start    ] GC(134) Concurrent cleanup
[9.173s][info   ][gc          ] GC(134) Concurrent cleanup 665M->125M(2048M) 0.543ms
[9.173s][info   ][gc,ergo     ] GC(134) Free: 1702M, Max: 1024K regular, 622M humongous, Frag: 64% external, 0% internal; Reserve: 103M, Max: 1024K
[9.173s][info   ][gc,start    ] GC(134) Concurrent class unloading
[9.173s][info   ][gc,task     ] GC(134) Using 1 of 2 workers for concurrent class unloading
[9.174s][info   ][gc          ] GC(134) Concurrent class unloading 0.403ms
[9.174s][info   ][gc,start    ] GC(134) Pause Final Roots
[9.174s][info   ][gc          ] GC(134) Pause Final Roots 0.017ms
[9.174s][info   ][gc,ergo     ] Free: 1702M, Max: 1024K regular, 622M humongous, Frag: 64% external, 0% internal; Reserve: 103M, Max: 1024K
[9.174s][info   ][gc,stats    ] 
[9.174s][info   ][gc,stats    ] All times are wall-clock times, except per-root-class counters, that are sum over
[9.174s][info   ][gc,stats    ] all workers. Dividing the <total> over the root stage time estimates parallelism.
[9.174s][info   ][gc,stats    ] 
[9.174s][info   ][gc,stats    ] Concurrent Reset                   4892 us
[9.174s][info   ][gc,stats    ] Pause Init Mark (G)                5472 us
[9.174s][info   ][gc,stats    ] Pause Init Mark (N)                 242 us
[9.174s][info   ][gc,stats    ]   Update Region States              130 us
[9.174s][info   ][gc,stats    ] Concurrent Mark Roots              3789 us, parallelism: 0.06x
[9.174s][info   ][gc,stats    ]   CMR: <total>                      242 us
[9.174s][info   ][gc,stats    ]   CMR: Thread Roots                 180 us, workers (us): 180, ---, 
[9.174s][info   ][gc,stats    ]   CMR: VM Strong Roots               12 us, workers (us):  12, ---, 
[9.174s][info   ][gc,stats    ]   CMR: CLDG Roots                    50 us, workers (us):  50, ---, 
[9.174s][info   ][gc,stats    ] Concurrent Marking                 1815 us
[9.174s][info   ][gc,stats    ] Pause Final Mark (G)                427 us
[9.174s][info   ][gc,stats    ] Pause Final Mark (N)                344 us
[9.174s][info   ][gc,stats    ]   Finish Mark                        96 us
[9.174s][info   ][gc,stats    ]   Update Region States               86 us
[9.174s][info   ][gc,stats    ]   Choose Collection Set             115 us
[9.174s][info   ][gc,stats    ]   Rebuild Free Set                    9 us
[9.174s][info   ][gc,stats    ] Concurrent Weak References          111 us, parallelism: 0.02x
[9.174s][info   ][gc,stats    ]   CWRF: <total>                       2 us
[9.174s][info   ][gc,stats    ]   CWRF: Weak References               2 us, workers (us):   2, ---, 
[9.174s][info   ][gc,stats    ] Concurrent Weak Roots               184 us
[9.174s][info   ][gc,stats    ]   Roots                              87 us, parallelism: 0.70x
[9.174s][info   ][gc,stats    ]     CWR: <total>                     61 us
[9.174s][info   ][gc,stats    ]     CWR: Code Cache Roots            33 us, workers (us):  33, ---, 
[9.174s][info   ][gc,stats    ]     CWR: VM Weak Roots               25 us, workers (us):  25, ---, 
[9.174s][info   ][gc,stats    ]     CWR: CLDG Roots                   2 us, workers (us):   2, ---, 
[9.174s][info   ][gc,stats    ]   Rendezvous                         71 us
[9.174s][info   ][gc,stats    ] Concurrent Cleanup                  550 us
[9.174s][info   ][gc,stats    ] Concurrent Class Unloading          417 us
[9.174s][info   ][gc,stats    ]   Unlink Stale                      227 us
[9.174s][info   ][gc,stats    ]     System Dictionary                 5 us
[9.174s][info   ][gc,stats    ]     Weak Class Links                  1 us
[9.174s][info   ][gc,stats    ]     Code Roots                      219 us
[9.174s][info   ][gc,stats    ]   Rendezvous                         87 us
[9.174s][info   ][gc,stats    ]   Purge Unlinked                     33 us
[9.174s][info   ][gc,stats    ]     Code Roots                       16 us
[9.174s][info   ][gc,stats    ]     CLDG                             15 us
[9.174s][info   ][gc,stats    ]     Exception Caches                  1 us
[9.174s][info   ][gc,stats    ] Pause Final Roots (G)               102 us
[9.174s][info   ][gc,stats    ] Pause Final Roots (N)                24 us
[9.174s][info   ][gc,stats    ] Pacing                            57957 us
[9.174s][info   ][gc,stats    ] 
[9.174s][info   ][gc,stats    ] Allocation pacing accrued:
[9.174s][info   ][gc,stats    ]      10 of    81 ms ( 12.4%): Thread-3
[9.174s][info   ][gc,stats    ]      10 of    81 ms ( 12.7%): Thread-4
[9.174s][info   ][gc,stats    ]      13 of    81 ms ( 15.4%): Thread-5
[9.174s][info   ][gc,stats    ]      13 of    81 ms ( 15.5%): Thread-6
[9.174s][info   ][gc,stats    ]      12 of    81 ms ( 15.2%): Thread-7
[9.174s][info   ][gc,stats    ]      58 of    81 ms ( 71.1%): <total>
[9.174s][info   ][gc,stats    ]       3 of    81 ms (  3.7%): <average total>
[9.174s][info   ][gc,stats    ]      12 of    81 ms ( 14.2%): <average non-zero>
[9.174s][info   ][gc,stats    ] 
[9.174s][info   ][gc,metaspace] Metaspace: 213K(448K)->213K(448K) NonClass: 204K(320K)->204K(320K) Class: 9K(128K)->9K(128K)
[9.174s][info   ][gc,ergo     ] Pacer for Idle. Initial: 41943K, Alloc Tax Rate: 1.0x
[9.245s][info   ][gc          ] Trigger: Average GC time (39.89 ms) is above the time for average allocation rate (14808 MB/s) to deplete free headroom (575M) (margin of error = 1.85)
[9.246s][info   ][gc,ergo     ] Free headroom: 678M (free) - 102M (spike) - 0B (penalties) = 575M
[9.246s][info   ][gc,ergo     ] Free: 674M, Max: 1024K regular, 622M humongous, Frag: 8% external, 0% internal; Reserve: 103M, Max: 1024K
[9.246s][info   ][gc,start    ] GC(135) Concurrent reset
[9.246s][info   ][gc,task     ] GC(135) Using 1 of 2 workers for concurrent reset
[9.246s][info   ][gc,ergo     ] GC(135) Pacer for Reset. Non-Taxable: 2048M
[9.250s][info   ][gc          ] GC(135) Concurrent reset 3.828ms
[9.251s][info   ][gc,start    ] GC(135) Pause Init Mark (unload classes)
[9.251s][info   ][gc,task     ] GC(135) Using 2 of 2 workers for init marking
[9.251s][info   ][gc,ergo     ] GC(135) Pacer for Mark. Expected Live: 103M, Free: 606M, Non-Taxable: 62054K, Alloc Tax Rate: 0.2x
[9.251s][info   ][gc          ] GC(135) Pause Init Mark (unload classes) 0.158ms
[9.256s][info   ][gc,start    ] GC(135) Concurrent marking roots
[9.256s][info   ][gc,task     ] GC(135) Using 1 of 2 workers for concurrent marking roots
[9.257s][info   ][gc          ] GC(135) Concurrent marking roots 0.741ms
[9.257s][info   ][gc,start    ] GC(135) Concurrent marking (unload classes)
[9.257s][info   ][gc,task     ] GC(135) Using 1 of 2 workers for concurrent marking
[9.258s][info   ][gc          ] GC(135) Concurrent marking (unload classes) 1.532ms
[9.258s][info   ][gc,start    ] GC(135) Pause Final Mark (unload classes)
[9.258s][info   ][gc,task     ] GC(135) Using 2 of 2 workers for final marking
[9.258s][info   ][gc,ergo     ] GC(135) Collectable Garbage: 554M (98%), Immediate: 554M (98%), CSet: 0B (0%)
[9.258s][info   ][gc          ] GC(135) Pause Final Mark (unload classes) 0.213ms
[9.258s][info   ][gc,start    ] GC(135) Concurrent weak references
[9.258s][info   ][gc,task     ] GC(135) Using 1 of 2 workers for concurrent weak references
[9.259s][info   ][gc,ref      ] GC(135) Encountered references: Soft: 11, Weak: 37, Final: 0, Phantom: 5
[9.259s][info   ][gc,ref      ] GC(135) Discovered  references: Soft: 0, Weak: 11, Final: 0, Phantom: 5
[9.259s][info   ][gc,ref      ] GC(135) Enqueued    references: Soft: 0, Weak: 0, Final: 0, Phantom: 0
[9.259s][info   ][gc          ] GC(135) Concurrent weak references 0.109ms
[9.259s][info   ][gc,start    ] GC(135) Concurrent weak roots
[9.259s][info   ][gc,task     ] GC(135) Using 1 of 2 workers for concurrent weak root
[9.259s][info   ][gc          ] GC(135) Concurrent weak roots 0.205ms
[9.259s][info   ][gc,start    ] GC(135) Concurrent cleanup
[9.259s][info   ][gc          ] GC(135) Concurrent cleanup 703M->149M(2048M) 0.594ms
[9.259s][info   ][gc,ergo     ] GC(135) Free: 1654M, Max: 1024K regular, 546M humongous, Frag: 67% external, 0% internal; Reserve: 103M, Max: 1024K
[9.259s][info   ][gc,start    ] GC(135) Concurrent class unloading
[9.259s][info   ][gc,task     ] GC(135) Using 1 of 2 workers for concurrent class unloading
[9.260s][info   ][gc          ] GC(135) Concurrent class unloading 0.338ms
[9.260s][info   ][gc,start    ] GC(135) Pause Final Roots
[9.260s][info   ][gc          ] GC(135) Pause Final Roots 0.020ms
[9.260s][info   ][gc,ergo     ] Free: 1654M, Max: 1024K regular, 546M humongous, Frag: 67% external, 0% internal; Reserve: 103M, Max: 1024K
[9.260s][info   ][gc,stats    ] 
[9.260s][info   ][gc,stats    ] All times are wall-clock times, except per-root-class counters, that are sum over
[9.260s][info   ][gc,stats    ] all workers. Dividing the <total> over the root stage time estimates parallelism.
[9.260s][info   ][gc,stats    ] 
[9.260s][info   ][gc,stats    ] Concurrent Reset                   3963 us
[9.260s][info   ][gc,stats    ] Pause Init Mark (G)                5984 us
[9.260s][info   ][gc,stats    ] Pause Init Mark (N)                 166 us
[9.260s][info   ][gc,stats    ]   Update Region States               89 us
[9.260s][info   ][gc,stats    ] Concurrent Mark Roots               838 us, parallelism: 0.30x
[9.260s][info   ][gc,stats    ]   CMR: <total>                      247 us
[9.260s][info   ][gc,stats    ]   CMR: Thread Roots                 169 us, workers (us): 169, ---, 
[9.260s][info   ][gc,stats    ]   CMR: VM Strong Roots                7 us, workers (us):   7, ---, 
[9.260s][info   ][gc,stats    ]   CMR: CLDG Roots                    72 us, workers (us):  72, ---, 
[9.260s][info   ][gc,stats    ] Concurrent Marking                 1559 us
[9.260s][info   ][gc,stats    ] Pause Final Mark (G)                327 us
[9.260s][info   ][gc,stats    ] Pause Final Mark (N)                221 us
[9.260s][info   ][gc,stats    ]   Finish Mark                        53 us
[9.260s][info   ][gc,stats    ]   Update Region States               41 us
[9.260s][info   ][gc,stats    ]   Choose Collection Set              72 us
[9.260s][info   ][gc,stats    ]   Rebuild Free Set                    9 us
[9.260s][info   ][gc,stats    ] Concurrent Weak References          127 us, parallelism: 0.02x
[9.260s][info   ][gc,stats    ]   CWRF: <total>                       2 us
[9.260s][info   ][gc,stats    ]   CWRF: Weak References               2 us, workers (us):   2, ---, 
[9.260s][info   ][gc,stats    ] Concurrent Weak Roots               216 us
[9.260s][info   ][gc,stats    ]   Roots                             125 us, parallelism: 0.44x
[9.260s][info   ][gc,stats    ]     CWR: <total>                     55 us
[9.260s][info   ][gc,stats    ]     CWR: Code Cache Roots            33 us, workers (us):  33, ---, 
[9.260s][info   ][gc,stats    ]     CWR: VM Weak Roots               21 us, workers (us):  21, ---, 
[9.260s][info   ][gc,stats    ]     CWR: CLDG Roots                   2 us, workers (us):   2, ---, 
[9.260s][info   ][gc,stats    ]   Rendezvous                         65 us
[9.260s][info   ][gc,stats    ] Concurrent Cleanup                  608 us
[9.260s][info   ][gc,stats    ] Concurrent Class Unloading          348 us
[9.260s][info   ][gc,stats    ]   Unlink Stale                      183 us
[9.260s][info   ][gc,stats    ]     System Dictionary                 4 us
[9.260s][info   ][gc,stats    ]     Weak Class Links                  1 us
[9.260s][info   ][gc,stats    ]     Code Roots                      176 us
[9.260s][info   ][gc,stats    ]   Rendezvous                         78 us
[9.260s][info   ][gc,stats    ]   Purge Unlinked                     61 us
[9.260s][info   ][gc,stats    ]     Code Roots                       52 us
[9.260s][info   ][gc,stats    ]     CLDG                              6 us
[9.260s][info   ][gc,stats    ]     Exception Caches                  1 us
[9.260s][info   ][gc,stats    ] Pause Final Roots (G)               120 us
[9.260s][info   ][gc,stats    ] Pause Final Roots (N)                29 us
[9.260s][info   ][gc,stats    ] Pacing                            53105 us
[9.260s][info   ][gc,stats    ] 
[9.260s][info   ][gc,stats    ] Allocation pacing accrued:
[9.260s][info   ][gc,stats    ]       6 of    86 ms (  7.3%): Thread-0
[9.260s][info   ][gc,stats    ]       5 of    86 ms (  5.7%): Thread-1
[9.260s][info   ][gc,stats    ]      12 of    86 ms ( 14.2%): Thread-2
[9.260s][info   ][gc,stats    ]       9 of    86 ms ( 11.0%): Thread-3
[9.260s][info   ][gc,stats    ]       5 of    86 ms (  5.7%): Thread-4
[9.260s][info   ][gc,stats    ]       6 of    86 ms (  7.2%): Thread-5
[9.260s][info   ][gc,stats    ]       9 of    86 ms ( 10.5%): Thread-7
[9.260s][info   ][gc,stats    ]      53 of    86 ms ( 61.6%): <total>
[9.260s][info   ][gc,stats    ]       3 of    86 ms (  3.2%): <average total>
[9.260s][info   ][gc,stats    ]       8 of    86 ms (  8.8%): <average non-zero>
[9.260s][info   ][gc,stats    ] 
[9.260s][info   ][gc,metaspace] Metaspace: 213K(448K)->213K(448K) NonClass: 204K(320K)->204K(320K) Class: 9K(128K)->9K(128K)
[9.260s][info   ][gc,ergo     ] Pacer for Idle. Initial: 41943K, Alloc Tax Rate: 1.0x
[9.336s][info   ][gc          ] Trigger: Average GC time (32.73 ms) is above the time for average allocation rate (14797 MB/s) to deplete free headroom (467M) (margin of error = 1.84)
[9.336s][info   ][gc,ergo     ] Free headroom: 570M (free) - 102M (spike) - 0B (penalties) = 467M
[9.336s][info   ][gc,ergo     ] Free: 566M, Max: 1024K regular, 546M humongous, Frag: 4% external, 0% internal; Reserve: 103M, Max: 1024K
[9.336s][info   ][gc,start    ] GC(136) Concurrent reset
[9.336s][info   ][gc,task     ] GC(136) Using 1 of 2 workers for concurrent reset
[9.336s][info   ][gc,ergo     ] GC(136) Pacer for Reset. Non-Taxable: 2048M
[9.342s][info   ][gc          ] GC(136) Concurrent reset 5.351ms
[9.347s][info   ][gc,start    ] GC(136) Pause Init Mark (unload classes)
[9.347s][info   ][gc,task     ] GC(136) Using 2 of 2 workers for init marking
[9.347s][info   ][gc,ergo     ] GC(136) Pacer for Mark. Expected Live: 100698K, Free: 428M, Non-Taxable: 43827K, Alloc Tax Rate: 0.3x
[9.347s][info   ][gc          ] GC(136) Pause Init Mark (unload classes) 0.170ms
[9.350s][info   ][gc,start    ] GC(136) Concurrent marking roots
[9.350s][info   ][gc,task     ] GC(136) Using 1 of 2 workers for concurrent marking roots
[9.350s][info   ][gc          ] GC(136) Concurrent marking roots 0.361ms
[9.350s][info   ][gc,start    ] GC(136) Concurrent marking (unload classes)
[9.350s][info   ][gc,task     ] GC(136) Using 1 of 2 workers for concurrent marking
[9.352s][info   ][gc          ] GC(136) Concurrent marking (unload classes) 1.270ms
[9.352s][info   ][gc,start    ] GC(136) Pause Final Mark (unload classes)
[9.352s][info   ][gc,task     ] GC(136) Using 2 of 2 workers for final marking
[9.352s][info   ][gc,ergo     ] GC(136) Collectable Garbage: 671M (99%), Immediate: 671M (99%), CSet: 0B (0%)
[9.352s][info   ][gc          ] GC(136) Pause Final Mark (unload classes) 0.289ms
[9.352s][info   ][gc,start    ] GC(136) Concurrent weak references
[9.352s][info   ][gc,task     ] GC(136) Using 1 of 2 workers for concurrent weak references
[9.352s][info   ][gc,ref      ] GC(136) Encountered references: Soft: 11, Weak: 37, Final: 0, Phantom: 5
[9.352s][info   ][gc,ref      ] GC(136) Discovered  references: Soft: 0, Weak: 11, Final: 0, Phantom: 5
[9.352s][info   ][gc,ref      ] GC(136) Enqueued    references: Soft: 0, Weak: 0, Final: 0, Phantom: 0
[9.352s][info   ][gc          ] GC(136) Concurrent weak references 0.185ms
[9.352s][info   ][gc,start    ] GC(136) Concurrent weak roots
[9.352s][info   ][gc,task     ] GC(136) Using 1 of 2 workers for concurrent weak root
[9.365s][info   ][gc          ] GC(136) Concurrent weak roots 12.811ms
[9.365s][info   ][gc,start    ] GC(136) Concurrent cleanup
[9.368s][info   ][gc          ] GC(136) Concurrent cleanup 887M->233M(2048M) 2.579ms
[9.368s][info   ][gc,ergo     ] GC(136) Free: 1486M, Max: 1024K regular, 236M humongous, Frag: 85% external, 0% internal; Reserve: 103M, Max: 1024K
[9.368s][info   ][gc,start    ] GC(136) Concurrent class unloading
[9.368s][info   ][gc,task     ] GC(136) Using 1 of 2 workers for concurrent class unloading
[9.373s][info   ][gc          ] GC(136) Concurrent class unloading 4.747ms
[9.373s][info   ][gc,start    ] GC(136) Pause Final Roots
[9.373s][info   ][gc          ] GC(136) Pause Final Roots 0.027ms
[9.373s][info   ][gc,ergo     ] Free: 1426M, Max: 1024K regular, 236M humongous, Frag: 84% external, 0% internal; Reserve: 103M, Max: 1024K
[9.373s][info   ][gc,stats    ] 
[9.373s][info   ][gc,stats    ] All times are wall-clock times, except per-root-class counters, that are sum over
[9.373s][info   ][gc,stats    ] all workers. Dividing the <total> over the root stage time estimates parallelism.
[9.373s][info   ][gc,stats    ] 
[9.373s][info   ][gc,stats    ] Concurrent Reset                   5505 us
[9.373s][info   ][gc,stats    ] Pause Init Mark (G)                8083 us
[9.373s][info   ][gc,stats    ] Pause Init Mark (N)                 180 us
[9.373s][info   ][gc,stats    ]   Update Region States               74 us
[9.373s][info   ][gc,stats    ] Concurrent Mark Roots               379 us, parallelism: 0.37x
[9.373s][info   ][gc,stats    ]   CMR: <total>                      139 us
[9.373s][info   ][gc,stats    ]   CMR: Thread Roots                  98 us, workers (us):  98, ---, 
[9.373s][info   ][gc,stats    ]   CMR: VM Strong Roots                8 us, workers (us):   8, ---, 
[9.373s][info   ][gc,stats    ]   CMR: CLDG Roots                    33 us, workers (us):  33, ---, 
[9.373s][info   ][gc,stats    ] Concurrent Marking                 1289 us
[9.373s][info   ][gc,stats    ] Pause Final Mark (G)                383 us
[9.373s][info   ][gc,stats    ] Pause Final Mark (N)                297 us
[9.373s][info   ][gc,stats    ]   Finish Mark                        52 us
[9.373s][info   ][gc,stats    ]   Update Region States               77 us
[9.373s][info   ][gc,stats    ]   Choose Collection Set             119 us
[9.373s][info   ][gc,stats    ]   Rebuild Free Set                    9 us
[9.373s][info   ][gc,stats    ] Concurrent Weak References          195 us, parallelism: 0.02x
[9.373s][info   ][gc,stats    ]   CWRF: <total>                       3 us
[9.373s][info   ][gc,stats    ]   CWRF: Weak References               3 us, workers (us):   3, ---, 
[9.373s][info   ][gc,stats    ] Concurrent Weak Roots             13083 us
[9.373s][info   ][gc,stats    ]   Roots                            5813 us, parallelism: 0.02x
[9.373s][info   ][gc,stats    ]     CWR: <total>                    140 us
[9.373s][info   ][gc,stats    ]     CWR: Code Cache Roots            91 us, workers (us):  91, ---, 
[9.373s][info   ][gc,stats    ]     CWR: VM Weak Roots               47 us, workers (us):  47, ---, 
[9.373s][info   ][gc,stats    ]     CWR: CLDG Roots                   2 us, workers (us):   2, ---, 
[9.373s][info   ][gc,stats    ]   Rendezvous                       6949 us
[9.373s][info   ][gc,stats    ] Concurrent Cleanup                 2709 us
[9.373s][info   ][gc,stats    ] Concurrent Class Unloading         4803 us
[9.373s][info   ][gc,stats    ]   Unlink Stale                     4171 us
[9.374s][info   ][gc,stats    ]     System Dictionary                22 us
[9.374s][info   ][gc,stats    ]     Weak Class Links                  2 us
[9.374s][info   ][gc,stats    ]     Code Roots                     4137 us
[9.374s][info   ][gc,stats    ]   Rendezvous                        401 us
[9.374s][info   ][gc,stats    ]   Purge Unlinked                     90 us
[9.374s][info   ][gc,stats    ]     Code Roots                       79 us
[9.374s][info   ][gc,stats    ]     CLDG                              8 us
[9.374s][info   ][gc,stats    ]     Exception Caches                  1 us
[9.374s][info   ][gc,stats    ] Pause Final Roots (G)               104 us
[9.374s][info   ][gc,stats    ] Pause Final Roots (N)                34 us
[9.374s][info   ][gc,stats    ] Pacing                            81902 us
[9.374s][info   ][gc,stats    ] 
[9.374s][info   ][gc,stats    ] Allocation pacing accrued:
[9.374s][info   ][gc,stats    ]      11 of   113 ms (  9.7%): Thread-0
[9.374s][info   ][gc,stats    ]      14 of   113 ms ( 12.8%): Thread-1
[9.374s][info   ][gc,stats    ]      12 of   113 ms ( 10.7%): Thread-2
[9.374s][info   ][gc,stats    ]       9 of   113 ms (  7.7%): Thread-3
[9.374s][info   ][gc,stats    ]      11 of   113 ms (  9.5%): Thread-4
[9.374s][info   ][gc,stats    ]      11 of   113 ms ( 10.1%): Thread-5
[9.374s][info   ][gc,stats    ]       5 of   113 ms (  4.1%): Thread-6
[9.374s][info   ][gc,stats    ]       9 of   113 ms (  7.6%): Thread-7
[9.374s][info   ][gc,stats    ]      82 of   113 ms ( 72.2%): <total>
[9.374s][info   ][gc,stats    ]       4 of   113 ms (  3.8%): <average total>
[9.374s][info   ][gc,stats    ]      10 of   113 ms (  9.0%): <average non-zero>
[9.374s][info   ][gc,stats    ] 
[9.374s][info   ][gc,metaspace] Metaspace: 213K(448K)->213K(448K) NonClass: 204K(320K)->204K(320K) Class: 9K(128K)->9K(128K)
[9.374s][info   ][gc,ergo     ] Pacer for Idle. Initial: 41943K, Alloc Tax Rate: 1.0x
[9.422s][info   ][gc          ] Trigger: Average GC time (47.40 ms) is above the time for average allocation rate (14806 MB/s) to deplete free headroom (695M) (margin of error = 1.85)
[9.422s][info   ][gc,ergo     ] Free headroom: 798M (free) - 102M (spike) - 0B (penalties) = 695M
[9.422s][info   ][gc,ergo     ] Free: 794M, Max: 1024K regular, 222M humongous, Frag: 73% external, 0% internal; Reserve: 103M, Max: 1024K
[9.422s][info   ][gc,start    ] GC(137) Concurrent reset
[9.422s][info   ][gc,task     ] GC(137) Using 1 of 2 workers for concurrent reset
[9.422s][info   ][gc,ergo     ] GC(137) Pacer for Reset. Non-Taxable: 2048M
[9.426s][info   ][gc          ] GC(137) Concurrent reset 3.101ms
[9.427s][info   ][gc,start    ] GC(137) Pause Init Mark (unload classes)
[9.427s][info   ][gc,task     ] GC(137) Using 2 of 2 workers for init marking
[9.427s][info   ][gc,ergo     ] GC(137) Pacer for Mark. Expected Live: 96807K, Free: 748M, Non-Taxable: 76595K, Alloc Tax Rate: 0.2x
[9.427s][info   ][gc          ] GC(137) Pause Init Mark (unload classes) 0.156ms
[9.427s][info   ][gc,start    ] GC(137) Concurrent marking roots
[9.427s][info   ][gc,task     ] GC(137) Using 1 of 2 workers for concurrent marking roots
[9.432s][info   ][gc          ] GC(137) Concurrent marking roots 4.338ms
[9.432s][info   ][gc,start    ] GC(137) Concurrent marking (unload classes)
[9.432s][info   ][gc,task     ] GC(137) Using 1 of 2 workers for concurrent marking
[9.436s][info   ][gc          ] GC(137) Concurrent marking (unload classes) 4.481ms
[9.439s][info   ][gc,start    ] GC(137) Pause Final Mark (unload classes)
[9.439s][info   ][gc,task     ] GC(137) Using 2 of 2 workers for final marking
[9.439s][info   ][gc,ergo     ] GC(137) Collectable Garbage: 505M (98%), Immediate: 505M (98%), CSet: 0B (0%)
[9.439s][info   ][gc          ] GC(137) Pause Final Mark (unload classes) 0.387ms
[9.441s][info   ][gc,start    ] GC(137) Concurrent weak references
[9.442s][info   ][gc,task     ] GC(137) Using 1 of 2 workers for concurrent weak references
[9.444s][info   ][gc,ref      ] GC(137) Encountered references: Soft: 11, Weak: 37, Final: 0, Phantom: 5
[9.444s][info   ][gc,ref      ] GC(137) Discovered  references: Soft: 0, Weak: 11, Final: 0, Phantom: 5
[9.444s][info   ][gc,ref      ] GC(137) Enqueued    references: Soft: 0, Weak: 0, Final: 0, Phantom: 0
[9.444s][info   ][gc          ] GC(137) Concurrent weak references 2.883ms
[9.444s][info   ][gc,start    ] GC(137) Concurrent weak roots
[9.444s][info   ][gc,task     ] GC(137) Using 1 of 2 workers for concurrent weak root
[9.450s][info   ][gc          ] GC(137) Concurrent weak roots 5.994ms
[9.450s][info   ][gc,start    ] GC(137) Concurrent cleanup
[9.451s][info   ][gc          ] GC(137) Concurrent cleanup 773M->272M(2048M) 0.737ms
[9.451s][info   ][gc,ergo     ] GC(137) Free: 1408M, Max: 1024K regular, 488M humongous, Frag: 66% external, 0% internal; Reserve: 103M, Max: 1024K
[9.451s][info   ][gc,start    ] GC(137) Concurrent class unloading
[9.451s][info   ][gc,task     ] GC(137) Using 1 of 2 workers for concurrent class unloading
[9.459s][info   ][gc          ] GC(137) Concurrent class unloading 7.954ms
[9.460s][info   ][gc,start    ] GC(137) Pause Final Roots
[9.460s][info   ][gc          ] GC(137) Pause Final Roots 0.039ms
[9.467s][info   ][gc,ergo     ] Free: 1214M, Max: 1024K regular, 488M humongous, Frag: 60% external, 0% internal; Reserve: 103M, Max: 1024K
[9.467s][info   ][gc,stats    ] 
[9.467s][info   ][gc,stats    ] All times are wall-clock times, except per-root-class counters, that are sum over
[9.467s][info   ][gc,stats    ] all workers. Dividing the <total> over the root stage time estimates parallelism.
[9.467s][info   ][gc,stats    ] 
[9.467s][info   ][gc,stats    ] Concurrent Reset                   3229 us
[9.467s][info   ][gc,stats    ] Pause Init Mark (G)                1554 us
[9.467s][info   ][gc,stats    ] Pause Init Mark (N)                 165 us
[9.467s][info   ][gc,stats    ]   Update Region States               74 us
[9.467s][info   ][gc,stats    ] Concurrent Mark Roots              4485 us, parallelism: 0.07x
[9.467s][info   ][gc,stats    ]   CMR: <total>                      314 us
[9.467s][info   ][gc,stats    ]   CMR: Thread Roots                 254 us, workers (us): 254, ---, 
[9.467s][info   ][gc,stats    ]   CMR: VM Strong Roots               12 us, workers (us):  12, ---, 
[9.467s][info   ][gc,stats    ]   CMR: CLDG Roots                    48 us, workers (us):  48, ---, 
[9.467s][info   ][gc,stats    ] Concurrent Marking                 4615 us
[9.467s][info   ][gc,stats    ] Pause Final Mark (G)               5122 us
[9.467s][info   ][gc,stats    ] Pause Final Mark (N)                397 us
[9.467s][info   ][gc,stats    ]   Finish Mark                       107 us
[9.467s][info   ][gc,stats    ]   Update Region States               84 us
[9.467s][info   ][gc,stats    ]   Choose Collection Set             124 us
[9.467s][info   ][gc,stats    ]   Rebuild Free Set                   10 us
[9.467s][info   ][gc,stats    ] Concurrent Weak References         2901 us, parallelism: 0.00x
[9.467s][info   ][gc,stats    ]   CWRF: <total>                      12 us
[9.467s][info   ][gc,stats    ]   CWRF: Weak References              12 us, workers (us):  12, ---, 
[9.467s][info   ][gc,stats    ] Concurrent Weak Roots              6129 us
[9.467s][info   ][gc,stats    ]   Roots                            1203 us, parallelism: 0.12x
[9.467s][info   ][gc,stats    ]     CWR: <total>                    149 us
[9.467s][info   ][gc,stats    ]     CWR: Code Cache Roots            90 us, workers (us):  90, ---, 
[9.467s][info   ][gc,stats    ]     CWR: VM Weak Roots               55 us, workers (us):  55, ---, 
[9.467s][info   ][gc,stats    ]     CWR: CLDG Roots                   4 us, workers (us):   4, ---, 
[9.467s][info   ][gc,stats    ]   Rendezvous                       4756 us
[9.467s][info   ][gc,stats    ] Concurrent Cleanup                  751 us
[9.467s][info   ][gc,stats    ] Concurrent Class Unloading         8158 us
[9.467s][info   ][gc,stats    ]   Unlink Stale                     3346 us
[9.467s][info   ][gc,stats    ]     System Dictionary                16 us
[9.467s][info   ][gc,stats    ]     Weak Class Links                  1 us
[9.467s][info   ][gc,stats    ]     Code Roots                     3321 us
[9.467s][info   ][gc,stats    ]   Rendezvous                       4370 us
[9.467s][info   ][gc,stats    ]   Purge Unlinked                    204 us
[9.467s][info   ][gc,stats    ]     Code Roots                      189 us
[9.467s][info   ][gc,stats    ]     CLDG                             11 us
[9.467s][info   ][gc,stats    ]     Exception Caches                  1 us
[9.467s][info   ][gc,stats    ] Pause Final Roots (G)              6955 us
[9.467s][info   ][gc,stats    ] Pause Final Roots (N)                52 us
[9.467s][info   ][gc,stats    ] Pacing                            57029 us
[9.467s][info   ][gc,stats    ] 
[9.467s][info   ][gc,stats    ] Allocation pacing accrued:
[9.467s][info   ][gc,stats    ]      10 of    93 ms ( 10.3%): Thread-0
[9.467s][info   ][gc,stats    ]       9 of    93 ms (  9.6%): Thread-1
[9.467s][info   ][gc,stats    ]       9 of    93 ms ( 10.0%): Thread-3
[9.467s][info   ][gc,stats    ]       7 of    93 ms (  7.6%): Thread-4
[9.467s][info   ][gc,stats    ]       7 of    93 ms (  7.9%): Thread-5
[9.467s][info   ][gc,stats    ]       9 of    93 ms ( 10.0%): Thread-6
[9.467s][info   ][gc,stats    ]       5 of    93 ms (  5.6%): Thread-7
[9.467s][info   ][gc,stats    ]      57 of    93 ms ( 61.0%): <total>
[9.467s][info   ][gc,stats    ]       3 of    93 ms (  3.2%): <average total>
[9.467s][info   ][gc,stats    ]       8 of    93 ms (  8.7%): <average non-zero>
[9.467s][info   ][gc,stats    ] 
[9.467s][info   ][gc,metaspace] Metaspace: 213K(448K)->213K(448K) NonClass: 204K(320K)->204K(320K) Class: 9K(128K)->9K(128K)
[9.467s][info   ][gc,ergo     ] Pacer for Idle. Initial: 41943K, Alloc Tax Rate: 1.0x
[9.486s][info   ][gc          ] Trigger: Average GC time (56.66 ms) is above the time for average allocation rate (14829 MB/s) to deplete free headroom (837M) (margin of error = 1.86)
[9.486s][info   ][gc,ergo     ] Free headroom: 940M (free) - 102M (spike) - 0B (penalties) = 837M
[9.486s][info   ][gc,ergo     ] Free: 938M, Max: 1024K regular, 488M humongous, Frag: 48% external, 0% internal; Reserve: 103M, Max: 1024K
[9.486s][info   ][gc,start    ] GC(138) Concurrent reset
[9.486s][info   ][gc,task     ] GC(138) Using 1 of 2 workers for concurrent reset
[9.486s][info   ][gc,ergo     ] GC(138) Pacer for Reset. Non-Taxable: 2048M
[9.492s][info   ][gc          ] GC(138) Concurrent reset 5.945ms
[9.493s][info   ][gc,start    ] GC(138) Pause Init Mark (unload classes)
[9.493s][info   ][gc,task     ] GC(138) Using 2 of 2 workers for init marking
[9.493s][info   ][gc,ergo     ] GC(138) Pacer for Mark. Expected Live: 94144K, Free: 870M, Non-Taxable: 89088K, Alloc Tax Rate: 0.1x
[9.493s][info   ][gc          ] GC(138) Pause Init Mark (unload classes) 0.193ms
[9.499s][info   ][gc,start    ] GC(138) Concurrent marking roots
[9.499s][info   ][gc,task     ] GC(138) Using 1 of 2 workers for concurrent marking roots
[9.499s][info   ][gc          ] GC(138) Concurrent marking roots 0.616ms
[9.499s][info   ][gc,start    ] GC(138) Concurrent marking (unload classes)
[9.499s][info   ][gc,task     ] GC(138) Using 1 of 2 workers for concurrent marking
[9.501s][info   ][gc          ] GC(138) Concurrent marking (unload classes) 1.390ms
[9.501s][info   ][gc,start    ] GC(138) Pause Final Mark (unload classes)
[9.501s][info   ][gc,task     ] GC(138) Using 2 of 2 workers for final marking
[9.501s][info   ][gc,ergo     ] GC(138) Collectable Garbage: 422M (98%), Immediate: 422M (98%), CSet: 0B (0%)
[9.501s][info   ][gc          ] GC(138) Pause Final Mark (unload classes) 0.285ms
[9.501s][info   ][gc,start    ] GC(138) Concurrent weak references
[9.501s][info   ][gc,task     ] GC(138) Using 1 of 2 workers for concurrent weak references
[9.501s][info   ][gc,ref      ] GC(138) Encountered references: Soft: 11, Weak: 37, Final: 0, Phantom: 5
[9.501s][info   ][gc,ref      ] GC(138) Discovered  references: Soft: 0, Weak: 11, Final: 0, Phantom: 5
[9.501s][info   ][gc,ref      ] GC(138) Enqueued    references: Soft: 0, Weak: 0, Final: 0, Phantom: 0
[9.501s][info   ][gc          ] GC(138) Concurrent weak references 0.116ms
[9.501s][info   ][gc,start    ] GC(138) Concurrent weak roots
[9.501s][info   ][gc,task     ] GC(138) Using 1 of 2 workers for concurrent weak root
[9.502s][info   ][gc          ] GC(138) Concurrent weak roots 0.293ms
[9.502s][info   ][gc,start    ] GC(138) Concurrent cleanup
[9.502s][info   ][gc          ] GC(138) Concurrent cleanup 585M->163M(2048M) 0.537ms
[9.503s][info   ][gc,ergo     ] GC(138) Free: 1626M, Max: 1024K regular, 786M humongous, Frag: 52% external, 0% internal; Reserve: 103M, Max: 1024K
[9.503s][info   ][gc,start    ] GC(138) Concurrent class unloading
[9.503s][info   ][gc,task     ] GC(138) Using 1 of 2 workers for concurrent class unloading
[9.503s][info   ][gc          ] GC(138) Concurrent class unloading 0.481ms
[9.503s][info   ][gc,start    ] GC(138) Pause Final Roots
[9.503s][info   ][gc          ] GC(138) Pause Final Roots 0.021ms
[9.503s][info   ][gc,ergo     ] Free: 1626M, Max: 1024K regular, 786M humongous, Frag: 52% external, 0% internal; Reserve: 103M, Max: 1024K
[9.503s][info   ][gc,stats    ] 
[9.503s][info   ][gc,stats    ] All times are wall-clock times, except per-root-class counters, that are sum over
[9.503s][info   ][gc,stats    ] all workers. Dividing the <total> over the root stage time estimates parallelism.
[9.503s][info   ][gc,stats    ] 
[9.503s][info   ][gc,stats    ] Concurrent Reset                   6088 us
[9.503s][info   ][gc,stats    ] Pause Init Mark (G)                6846 us
[9.503s][info   ][gc,stats    ] Pause Init Mark (N)                 203 us
[9.503s][info   ][gc,stats    ]   Update Region States              122 us
[9.503s][info   ][gc,stats    ] Concurrent Mark Roots               635 us, parallelism: 0.22x
[9.503s][info   ][gc,stats    ]   CMR: <total>                      142 us
[9.503s][info   ][gc,stats    ]   CMR: Thread Roots                 109 us, workers (us): 109, ---, 
[9.503s][info   ][gc,stats    ]   CMR: VM Strong Roots                5 us, workers (us):   5, ---, 
[9.503s][info   ][gc,stats    ]   CMR: CLDG Roots                    28 us, workers (us):  28, ---, 
[9.503s][info   ][gc,stats    ] Concurrent Marking                 1407 us
[9.503s][info   ][gc,stats    ] Pause Final Mark (G)                383 us
[9.503s][info   ][gc,stats    ] Pause Final Mark (N)                294 us
[9.503s][info   ][gc,stats    ]   Finish Mark                        96 us
[9.503s][info   ][gc,stats    ]   Update Region States               77 us
[9.503s][info   ][gc,stats    ]   Choose Collection Set              69 us
[9.503s][info   ][gc,stats    ]   Rebuild Free Set                   10 us
[9.503s][info   ][gc,stats    ] Concurrent Weak References          123 us, parallelism: 0.02x
[9.503s][info   ][gc,stats    ]   CWRF: <total>                       2 us
[9.503s][info   ][gc,stats    ]   CWRF: Weak References               2 us, workers (us):   2, ---, 
[9.503s][info   ][gc,stats    ] Concurrent Weak Roots               327 us
[9.503s][info   ][gc,stats    ]   Roots                             112 us, parallelism: 0.41x
[9.503s][info   ][gc,stats    ]     CWR: <total>                     46 us
[9.503s][info   ][gc,stats    ]     CWR: Code Cache Roots            25 us, workers (us):  25, ---, 
[9.503s][info   ][gc,stats    ]     CWR: VM Weak Roots               20 us, workers (us):  20, ---, 
[9.503s][info   ][gc,stats    ]     CWR: CLDG Roots                   1 us, workers (us):   1, ---, 
[9.503s][info   ][gc,stats    ]   Rendezvous                        165 us
[9.503s][info   ][gc,stats    ] Concurrent Cleanup                  737 us
[9.503s][info   ][gc,stats    ] Concurrent Class Unloading          494 us
[9.503s][info   ][gc,stats    ]   Unlink Stale                      284 us
[9.503s][info   ][gc,stats    ]     System Dictionary                 8 us
[9.503s][info   ][gc,stats    ]     Weak Class Links                  2 us
[9.503s][info   ][gc,stats    ]     Code Roots                      271 us
[9.503s][info   ][gc,stats    ]   Rendezvous                         83 us
[9.503s][info   ][gc,stats    ]   Purge Unlinked                     92 us
[9.503s][info   ][gc,stats    ]     Code Roots                       58 us
[9.503s][info   ][gc,stats    ]     CLDG                             31 us
[9.503s][info   ][gc,stats    ]     Exception Caches                  1 us
[9.503s][info   ][gc,stats    ] Pause Final Roots (G)               115 us
[9.503s][info   ][gc,stats    ] Pause Final Roots (N)                28 us
[9.503s][info   ][gc,stats    ] 
[9.503s][info   ][gc,stats    ] Allocation pacing accrued:
[9.503s][info   ][gc,stats    ]       0 of    36 ms (  0.0%): <total>
[9.503s][info   ][gc,stats    ]       0 of    36 ms (  0.0%): <average total>
[9.503s][info   ][gc,stats    ] 
[9.503s][info   ][gc,metaspace] Metaspace: 213K(448K)->213K(448K) NonClass: 204K(320K)->204K(320K) Class: 9K(128K)->9K(128K)
[9.503s][info   ][gc,ergo     ] Pacer for Idle. Initial: 41943K, Alloc Tax Rate: 1.0x
[9.560s][info   ][gc          ] Trigger: Average GC time (49.12 ms) is above the time for average allocation rate (14820 MB/s) to deplete free headroom (719M) (margin of error = 1.86)
[9.561s][info   ][gc,ergo     ] Free headroom: 822M (free) - 102M (spike) - 0B (penalties) = 719M
[9.561s][info   ][gc,ergo     ] Free: 822M, Max: 1024K regular, 786M humongous, Frag: 5% external, 0% internal; Reserve: 103M, Max: 1024K
[9.561s][info   ][gc,start    ] GC(139) Concurrent reset
[9.561s][info   ][gc,task     ] GC(139) Using 1 of 2 workers for concurrent reset
[9.561s][info   ][gc,ergo     ] GC(139) Pacer for Reset. Non-Taxable: 2048M
[9.568s][info   ][gc          ] GC(139) Concurrent reset 7.729ms
[9.573s][info   ][gc,start    ] GC(139) Pause Init Mark (unload classes)
[9.573s][info   ][gc,task     ] GC(139) Using 2 of 2 workers for init marking
[9.574s][info   ][gc,ergo     ] GC(139) Pacer for Mark. Expected Live: 99060K, Free: 658M, Non-Taxable: 67379K, Alloc Tax Rate: 0.2x
[9.574s][info   ][gc          ] GC(139) Pause Init Mark (unload classes) 0.201ms
[9.578s][info   ][gc,start    ] GC(139) Concurrent marking roots
[9.578s][info   ][gc,task     ] GC(139) Using 1 of 2 workers for concurrent marking roots
[9.578s][info   ][gc          ] GC(139) Concurrent marking roots 0.427ms
[9.578s][info   ][gc,start    ] GC(139) Concurrent marking (unload classes)
[9.578s][info   ][gc,task     ] GC(139) Using 1 of 2 workers for concurrent marking
[9.580s][info   ][gc          ] GC(139) Concurrent marking (unload classes) 1.854ms
[9.580s][info   ][gc,start    ] GC(139) Pause Final Mark (unload classes)
[9.580s][info   ][gc,task     ] GC(139) Using 2 of 2 workers for final marking
[9.581s][info   ][gc,ergo     ] GC(139) Collectable Garbage: 520M (98%), Immediate: 520M (98%), CSet: 0B (0%)
[9.581s][info   ][gc          ] GC(139) Pause Final Mark (unload classes) 0.365ms
[9.581s][info   ][gc,start    ] GC(139) Concurrent weak references
[9.581s][info   ][gc,task     ] GC(139) Using 1 of 2 workers for concurrent weak references
[9.581s][info   ][gc,ref      ] GC(139) Encountered references: Soft: 11, Weak: 37, Final: 0, Phantom: 5
[9.581s][info   ][gc,ref      ] GC(139) Discovered  references: Soft: 0, Weak: 11, Final: 0, Phantom: 5
[9.581s][info   ][gc,ref      ] GC(139) Enqueued    references: Soft: 0, Weak: 0, Final: 0, Phantom: 0
[9.581s][info   ][gc          ] GC(139) Concurrent weak references 0.137ms
[9.581s][info   ][gc,start    ] GC(139) Concurrent weak roots
[9.581s][info   ][gc,task     ] GC(139) Using 1 of 2 workers for concurrent weak root
[9.581s][info   ][gc          ] GC(139) Concurrent weak roots 0.256ms
[9.581s][info   ][gc,start    ] GC(139) Concurrent cleanup
[9.582s][info   ][gc          ] GC(139) Concurrent cleanup 680M->160M(2048M) 0.589ms
[9.582s][info   ][gc,ergo     ] GC(139) Free: 1632M, Max: 1024K regular, 592M humongous, Frag: 64% external, 0% internal; Reserve: 103M, Max: 1024K
[9.582s][info   ][gc,start    ] GC(139) Concurrent class unloading
[9.582s][info   ][gc,task     ] GC(139) Using 1 of 2 workers for concurrent class unloading
[9.588s][info   ][gc          ] GC(139) Concurrent class unloading 5.806ms
[9.591s][info   ][gc,start    ] GC(139) Pause Final Roots
[9.591s][info   ][gc          ] GC(139) Pause Final Roots 0.055ms
[9.597s][info   ][gc,ergo     ] Free: 1412M, Max: 1024K regular, 592M humongous, Frag: 59% external, 0% internal; Reserve: 103M, Max: 1024K
[9.597s][info   ][gc,stats    ] 
[9.597s][info   ][gc,stats    ] All times are wall-clock times, except per-root-class counters, that are sum over
[9.597s][info   ][gc,stats    ] all workers. Dividing the <total> over the root stage time estimates parallelism.
[9.597s][info   ][gc,stats    ] 
[9.597s][info   ][gc,stats    ] Concurrent Reset                   7907 us
[9.597s][info   ][gc,stats    ] Pause Init Mark (G)                9393 us
[9.597s][info   ][gc,stats    ] Pause Init Mark (N)                 210 us
[9.597s][info   ][gc,stats    ]   Update Region States              103 us
[9.597s][info   ][gc,stats    ] Concurrent Mark Roots               445 us, parallelism: 0.42x
[9.597s][info   ][gc,stats    ]   CMR: <total>                      185 us
[9.597s][info   ][gc,stats    ]   CMR: Thread Roots                 133 us, workers (us): 133, ---, 
[9.597s][info   ][gc,stats    ]   CMR: VM Strong Roots                8 us, workers (us):   8, ---, 
[9.597s][info   ][gc,stats    ]   CMR: CLDG Roots                    44 us, workers (us):  44, ---, 
[9.597s][info   ][gc,stats    ] Concurrent Marking                 1873 us
[9.597s][info   ][gc,stats    ] Pause Final Mark (G)                604 us
[9.597s][info   ][gc,stats    ] Pause Final Mark (N)                373 us
[9.597s][info   ][gc,stats    ]   Finish Mark                        87 us
[9.597s][info   ][gc,stats    ]   Update Region States               78 us
[9.598s][info   ][gc,stats    ]   Choose Collection Set             157 us
[9.598s][info   ][gc,stats    ]   Rebuild Free Set                   10 us
[9.598s][info   ][gc,stats    ] Concurrent Weak References          145 us, parallelism: 0.02x
[9.598s][info   ][gc,stats    ]   CWRF: <total>                       3 us
[9.598s][info   ][gc,stats    ]   CWRF: Weak References               3 us, workers (us):   3, ---, 
[9.598s][info   ][gc,stats    ] Concurrent Weak Roots               273 us
[9.598s][info   ][gc,stats    ]   Roots                             157 us, parallelism: 0.38x
[9.598s][info   ][gc,stats    ]     CWR: <total>                     59 us
[9.598s][info   ][gc,stats    ]     CWR: Code Cache Roots            32 us, workers (us):  32, ---, 
[9.598s][info   ][gc,stats    ]     CWR: VM Weak Roots               26 us, workers (us):  26, ---, 
[9.598s][info   ][gc,stats    ]     CWR: CLDG Roots                   2 us, workers (us):   2, ---, 
[9.598s][info   ][gc,stats    ]   Rendezvous                         82 us
[9.598s][info   ][gc,stats    ] Concurrent Cleanup                  600 us
[9.598s][info   ][gc,stats    ] Concurrent Class Unloading         5962 us
[9.598s][info   ][gc,stats    ]   Unlink Stale                      227 us
[9.598s][info   ][gc,stats    ]     System Dictionary                 4 us
[9.598s][info   ][gc,stats    ]     Weak Class Links                  1 us
[9.598s][info   ][gc,stats    ]     Code Roots                      220 us
[9.598s][info   ][gc,stats    ]   Rendezvous                         94 us
[9.598s][info   ][gc,stats    ]   Purge Unlinked                   5435 us
[9.598s][info   ][gc,stats    ]     Code Roots                     5399 us
[9.598s][info   ][gc,stats    ]     CLDG                             26 us
[9.598s][info   ][gc,stats    ]     Exception Caches                  2 us
[9.598s][info   ][gc,stats    ] Pause Final Roots (G)              8869 us
[9.598s][info   ][gc,stats    ] Pause Final Roots (N)                65 us
[9.598s][info   ][gc,stats    ] Pacing                            85157 us
[9.598s][info   ][gc,stats    ] 
[9.598s][info   ][gc,stats    ] Allocation pacing accrued:
[9.598s][info   ][gc,stats    ]      11 of    94 ms ( 11.9%): Thread-0
[9.598s][info   ][gc,stats    ]      16 of    94 ms ( 17.4%): Thread-1
[9.598s][info   ][gc,stats    ]      13 of    94 ms ( 14.2%): Thread-2
[9.598s][info   ][gc,stats    ]       5 of    94 ms (  4.9%): Thread-3
[9.598s][info   ][gc,stats    ]      13 of    94 ms ( 14.2%): Thread-4
[9.598s][info   ][gc,stats    ]       7 of    94 ms (  7.2%): Thread-5
[9.598s][info   ][gc,stats    ]      11 of    94 ms ( 11.3%): Thread-6
[9.598s][info   ][gc,stats    ]       9 of    94 ms (  9.3%): Thread-7
[9.598s][info   ][gc,stats    ]      85 of    94 ms ( 90.3%): <total>
[9.598s][info   ][gc,stats    ]       4 of    94 ms (  4.8%): <average total>
[9.598s][info   ][gc,stats    ]      11 of    94 ms ( 11.3%): <average non-zero>
[9.598s][info   ][gc,stats    ] 
[9.598s][info   ][gc,metaspace] Metaspace: 213K(448K)->213K(448K) NonClass: 204K(320K)->204K(320K) Class: 9K(128K)->9K(128K)
[9.598s][info   ][gc,ergo     ] Pacer for Idle. Initial: 41943K, Alloc Tax Rate: 1.0x
[9.636s][info   ][gc          ] Trigger: Average GC time (49.74 ms) is above the time for average allocation rate (14834 MB/s) to deplete free headroom (725M) (margin of error = 1.86)
[9.636s][info   ][gc,ergo     ] Free headroom: 828M (free) - 102M (spike) - 0B (penalties) = 725M
[9.636s][info   ][gc,ergo     ] Free: 824M, Max: 1024K regular, 592M humongous, Frag: 29% external, 0% internal; Reserve: 103M, Max: 1024K
[9.636s][info   ][gc,start    ] GC(140) Concurrent reset
[9.636s][info   ][gc,task     ] GC(140) Using 1 of 2 workers for concurrent reset
[9.636s][info   ][gc,ergo     ] GC(140) Pacer for Reset. Non-Taxable: 2048M
[9.641s][info   ][gc          ] GC(140) Concurrent reset 5.060ms
[9.642s][info   ][gc,start    ] GC(140) Pause Init Mark (unload classes)
[9.643s][info   ][gc,task     ] GC(140) Using 2 of 2 workers for init marking
[9.643s][info   ][gc,ergo     ] GC(140) Pacer for Mark. Expected Live: 104M, Free: 754M, Non-Taxable: 77209K, Alloc Tax Rate: 0.2x
[9.643s][info   ][gc          ] GC(140) Pause Init Mark (unload classes) 0.170ms
[9.647s][info   ][gc,start    ] GC(140) Concurrent marking roots
[9.647s][info   ][gc,task     ] GC(140) Using 1 of 2 workers for concurrent marking roots
[9.648s][info   ][gc          ] GC(140) Concurrent marking roots 1.519ms
[9.648s][info   ][gc,start    ] GC(140) Concurrent marking (unload classes)
[9.648s][info   ][gc,task     ] GC(140) Using 1 of 2 workers for concurrent marking
[9.650s][info   ][gc          ] GC(140) Concurrent marking (unload classes) 1.369ms
[9.650s][info   ][gc,start    ] GC(140) Pause Final Mark (unload classes)
[9.650s][info   ][gc,task     ] GC(140) Using 2 of 2 workers for final marking
[9.650s][info   ][gc,ergo     ] GC(140) Collectable Garbage: 449M (98%), Immediate: 449M (98%), CSet: 0B (0%)
[9.650s][info   ][gc          ] GC(140) Pause Final Mark (unload classes) 0.308ms
[9.650s][info   ][gc,start    ] GC(140) Concurrent weak references
[9.650s][info   ][gc,task     ] GC(140) Using 1 of 2 workers for concurrent weak references
[9.650s][info   ][gc,ref      ] GC(140) Encountered references: Soft: 11, Weak: 37, Final: 0, Phantom: 5
[9.650s][info   ][gc,ref      ] GC(140) Discovered  references: Soft: 0, Weak: 11, Final: 0, Phantom: 5
[9.650s][info   ][gc,ref      ] GC(140) Enqueued    references: Soft: 0, Weak: 0, Final: 0, Phantom: 0
[9.650s][info   ][gc          ] GC(140) Concurrent weak references 0.066ms
[9.650s][info   ][gc,start    ] GC(140) Concurrent weak roots
[9.650s][info   ][gc,task     ] GC(140) Using 1 of 2 workers for concurrent weak root
[9.650s][info   ][gc          ] GC(140) Concurrent weak roots 0.215ms
[9.650s][info   ][gc,start    ] GC(140) Concurrent cleanup
[9.651s][info   ][gc          ] GC(140) Concurrent cleanup 637M->188M(2048M) 0.473ms
[9.651s][info   ][gc,ergo     ] GC(140) Free: 1576M, Max: 1024K regular, 616M humongous, Frag: 61% external, 0% internal; Reserve: 103M, Max: 1024K
[9.651s][info   ][gc,start    ] GC(140) Concurrent class unloading
[9.651s][info   ][gc,task     ] GC(140) Using 1 of 2 workers for concurrent class unloading
[9.651s][info   ][gc          ] GC(140) Concurrent class unloading 0.317ms
[9.651s][info   ][gc,start    ] GC(140) Pause Final Roots
[9.651s][info   ][gc          ] GC(140) Pause Final Roots 0.014ms
[9.651s][info   ][gc,ergo     ] Free: 1576M, Max: 1024K regular, 616M humongous, Frag: 61% external, 0% internal; Reserve: 103M, Max: 1024K
[9.651s][info   ][gc,stats    ] 
[9.651s][info   ][gc,stats    ] All times are wall-clock times, except per-root-class counters, that are sum over
[9.651s][info   ][gc,stats    ] all workers. Dividing the <total> over the root stage time estimates parallelism.
[9.651s][info   ][gc,stats    ] 
[9.651s][info   ][gc,stats    ] Concurrent Reset                   5274 us
[9.651s][info   ][gc,stats    ] Pause Init Mark (G)                5169 us
[9.651s][info   ][gc,stats    ] Pause Init Mark (N)                 178 us
[9.651s][info   ][gc,stats    ]   Update Region States              104 us
[9.651s][info   ][gc,stats    ] Concurrent Mark Roots              1558 us, parallelism: 0.11x
[9.652s][info   ][gc,stats    ]   CMR: <total>                      175 us
[9.652s][info   ][gc,stats    ]   CMR: Thread Roots                 117 us, workers (us): 117, ---, 
[9.652s][info   ][gc,stats    ]   CMR: VM Strong Roots                9 us, workers (us):   9, ---, 
[9.652s][info   ][gc,stats    ]   CMR: CLDG Roots                    49 us, workers (us):  49, ---, 
[9.652s][info   ][gc,stats    ] Concurrent Marking                 1390 us
[9.652s][info   ][gc,stats    ] Pause Final Mark (G)                425 us
[9.652s][info   ][gc,stats    ] Pause Final Mark (N)                316 us
[9.652s][info   ][gc,stats    ]   Finish Mark                       109 us
[9.652s][info   ][gc,stats    ]   Update Region States               83 us
[9.652s][info   ][gc,stats    ]   Choose Collection Set              74 us
[9.652s][info   ][gc,stats    ]   Rebuild Free Set                   10 us
[9.652s][info   ][gc,stats    ] Concurrent Weak References           72 us, parallelism: 0.03x
[9.652s][info   ][gc,stats    ]   CWRF: <total>                       2 us
[9.652s][info   ][gc,stats    ]   CWRF: Weak References               2 us, workers (us):   2, ---, 
[9.652s][info   ][gc,stats    ] Concurrent Weak Roots               226 us
[9.652s][info   ][gc,stats    ]   Roots                             135 us, parallelism: 0.40x
[9.652s][info   ][gc,stats    ]     CWR: <total>                     54 us
[9.652s][info   ][gc,stats    ]     CWR: Code Cache Roots            24 us, workers (us):  24, ---, 
[9.652s][info   ][gc,stats    ]     CWR: VM Weak Roots               28 us, workers (us):  28, ---, 
[9.652s][info   ][gc,stats    ]     CWR: CLDG Roots                   1 us, workers (us):   1, ---, 
[9.652s][info   ][gc,stats    ]   Rendezvous                         65 us
[9.652s][info   ][gc,stats    ] Concurrent Cleanup                  482 us
[9.652s][info   ][gc,stats    ] Concurrent Class Unloading          335 us
[9.652s][info   ][gc,stats    ]   Unlink Stale                      107 us
[9.652s][info   ][gc,stats    ]     System Dictionary                 4 us
[9.652s][info   ][gc,stats    ]     Weak Class Links                  1 us
[9.652s][info   ][gc,stats    ]     Code Roots                      101 us
[9.652s][info   ][gc,stats    ]   Rendezvous                         78 us
[9.652s][info   ][gc,stats    ]   Purge Unlinked                    115 us
[9.652s][info   ][gc,stats    ]     Code Roots                       96 us
[9.652s][info   ][gc,stats    ]     CLDG                             17 us
[9.652s][info   ][gc,stats    ]     Exception Caches                  1 us
[9.652s][info   ][gc,stats    ] Pause Final Roots (G)                94 us
[9.652s][info   ][gc,stats    ] Pause Final Roots (N)                20 us
[9.652s][info   ][gc,stats    ] Pacing                            24070 us
[9.652s][info   ][gc,stats    ] 
[9.652s][info   ][gc,stats    ] Allocation pacing accrued:
[9.652s][info   ][gc,stats    ]       3 of    54 ms (  5.5%): Thread-0
[9.652s][info   ][gc,stats    ]       6 of    54 ms ( 11.5%): Thread-2
[9.652s][info   ][gc,stats    ]       3 of    54 ms (  5.5%): Thread-4
[9.652s][info   ][gc,stats    ]       3 of    54 ms (  6.0%): Thread-5
[9.652s][info   ][gc,stats    ]       6 of    54 ms ( 10.6%): Thread-6
[9.652s][info   ][gc,stats    ]       3 of    54 ms (  5.5%): Thread-7
[9.652s][info   ][gc,stats    ]      24 of    54 ms ( 44.6%): <total>
[9.652s][info   ][gc,stats    ]       1 of    54 ms (  2.3%): <average total>
[9.652s][info   ][gc,stats    ]       4 of    54 ms (  7.4%): <average non-zero>
[9.652s][info   ][gc,stats    ] 
[9.652s][info   ][gc,metaspace] Metaspace: 213K(448K)->213K(448K) NonClass: 204K(320K)->204K(320K) Class: 9K(128K)->9K(128K)
[9.652s][info   ][gc,ergo     ] Pacer for Idle. Initial: 41943K, Alloc Tax Rate: 1.0x
[9.714s][info   ][gc          ] Trigger: Average GC time (43.18 ms) is above the time for average allocation rate (14834 MB/s) to deplete free headroom (629M) (margin of error = 1.86)
[9.714s][info   ][gc,ergo     ] Free headroom: 732M (free) - 102M (spike) - 0B (penalties) = 629M
[9.714s][info   ][gc,ergo     ] Free: 728M, Max: 1024K regular, 616M humongous, Frag: 16% external, 0% internal; Reserve: 103M, Max: 1024K
[9.714s][info   ][gc,start    ] GC(141) Concurrent reset
[9.714s][info   ][gc,task     ] GC(141) Using 1 of 2 workers for concurrent reset
[9.714s][info   ][gc,ergo     ] GC(141) Pacer for Reset. Non-Taxable: 2048M
[9.728s][info   ][gc          ] GC(141) Concurrent reset 13.680ms
[9.731s][info   ][gc,start    ] GC(141) Pause Init Mark (unload classes)
[9.731s][info   ][gc,task     ] GC(141) Using 2 of 2 workers for init marking
[9.731s][info   ][gc,ergo     ] GC(141) Pacer for Mark. Expected Live: 110M, Free: 536M, Non-Taxable: 54886K, Alloc Tax Rate: 0.3x
[9.731s][info   ][gc          ] GC(141) Pause Init Mark (unload classes) 0.209ms
[9.734s][info   ][gc,start    ] GC(141) Concurrent marking roots
[9.735s][info   ][gc,task     ] GC(141) Using 1 of 2 workers for concurrent marking roots
[9.735s][info   ][gc          ] GC(141) Concurrent marking roots 0.501ms
[9.735s][info   ][gc,start    ] GC(141) Concurrent marking (unload classes)
[9.735s][info   ][gc,task     ] GC(141) Using 1 of 2 workers for concurrent marking
[9.736s][info   ][gc          ] GC(141) Concurrent marking (unload classes) 1.529ms
[9.737s][info   ][gc,start    ] GC(141) Pause Final Mark (unload classes)
[9.737s][info   ][gc,task     ] GC(141) Using 2 of 2 workers for final marking
[9.737s][info   ][gc,ergo     ] GC(141) Collectable Garbage: 547M (98%), Immediate: 547M (98%), CSet: 0B (0%)
[9.737s][info   ][gc          ] GC(141) Pause Final Mark (unload classes) 0.291ms
[9.737s][info   ][gc,start    ] GC(141) Concurrent weak references
[9.737s][info   ][gc,task     ] GC(141) Using 1 of 2 workers for concurrent weak references
[9.737s][info   ][gc,ref      ] GC(141) Encountered references: Soft: 11, Weak: 37, Final: 0, Phantom: 5
[9.737s][info   ][gc,ref      ] GC(141) Discovered  references: Soft: 0, Weak: 11, Final: 0, Phantom: 5
[9.737s][info   ][gc,ref      ] GC(141) Enqueued    references: Soft: 0, Weak: 0, Final: 0, Phantom: 0
[9.737s][info   ][gc          ] GC(141) Concurrent weak references 0.056ms
[9.737s][info   ][gc,start    ] GC(141) Concurrent weak roots
[9.737s][info   ][gc,task     ] GC(141) Using 1 of 2 workers for concurrent weak root
[9.737s][info   ][gc          ] GC(141) Concurrent weak roots 0.519ms
[9.738s][info   ][gc,start    ] GC(141) Concurrent cleanup
[9.738s][info   ][gc          ] GC(141) Concurrent cleanup 735M->188M(2048M) 0.563ms
[9.738s][info   ][gc,ergo     ] GC(141) Free: 1576M, Max: 1024K regular, 482M humongous, Frag: 70% external, 0% internal; Reserve: 103M, Max: 1024K
[9.738s][info   ][gc,start    ] GC(141) Concurrent class unloading
[9.738s][info   ][gc,task     ] GC(141) Using 1 of 2 workers for concurrent class unloading
[9.738s][info   ][gc          ] GC(141) Concurrent class unloading 0.307ms
[9.738s][info   ][gc,start    ] GC(141) Pause Final Roots
[9.738s][info   ][gc          ] GC(141) Pause Final Roots 0.017ms
[9.739s][info   ][gc,ergo     ] Free: 1576M, Max: 1024K regular, 482M humongous, Frag: 70% external, 0% internal; Reserve: 103M, Max: 1024K
[9.739s][info   ][gc,stats    ] 
[9.739s][info   ][gc,stats    ] All times are wall-clock times, except per-root-class counters, that are sum over
[9.739s][info   ][gc,stats    ] all workers. Dividing the <total> over the root stage time estimates parallelism.
[9.739s][info   ][gc,stats    ] 
[9.739s][info   ][gc,stats    ] Concurrent Reset                  13837 us
[9.739s][info   ][gc,stats    ] Pause Init Mark (G)                6364 us
[9.739s][info   ][gc,stats    ] Pause Init Mark (N)                 218 us
[9.739s][info   ][gc,stats    ]   Update Region States              123 us
[9.739s][info   ][gc,stats    ] Concurrent Mark Roots               519 us, parallelism: 0.34x
[9.739s][info   ][gc,stats    ]   CMR: <total>                      178 us
[9.739s][info   ][gc,stats    ]   CMR: Thread Roots                 128 us, workers (us): 128, ---, 
[9.739s][info   ][gc,stats    ]   CMR: VM Strong Roots                8 us, workers (us):   8, ---, 
[9.739s][info   ][gc,stats    ]   CMR: CLDG Roots                    42 us, workers (us):  42, ---, 
[9.739s][info   ][gc,stats    ] Concurrent Marking                 1564 us
[9.739s][info   ][gc,stats    ] Pause Final Mark (G)                377 us
[9.739s][info   ][gc,stats    ] Pause Final Mark (N)                299 us
[9.739s][info   ][gc,stats    ]   Finish Mark                        94 us
[9.739s][info   ][gc,stats    ]   Update Region States               75 us
[9.739s][info   ][gc,stats    ]   Choose Collection Set              81 us
[9.739s][info   ][gc,stats    ]   Rebuild Free Set                    9 us
[9.739s][info   ][gc,stats    ] Concurrent Weak References           63 us, parallelism: 0.04x
[9.739s][info   ][gc,stats    ]   CWRF: <total>                       2 us
[9.739s][info   ][gc,stats    ]   CWRF: Weak References               2 us, workers (us):   2, ---, 
[9.739s][info   ][gc,stats    ] Concurrent Weak Roots               538 us
[9.739s][info   ][gc,stats    ]   Roots                             288 us, parallelism: 0.26x
[9.739s][info   ][gc,stats    ]     CWR: <total>                     76 us
[9.739s][info   ][gc,stats    ]     CWR: Code Cache Roots            51 us, workers (us):  51, ---, 
[9.739s][info   ][gc,stats    ]     CWR: VM Weak Roots               23 us, workers (us):  23, ---, 
[9.739s][info   ][gc,stats    ]     CWR: CLDG Roots                   1 us, workers (us):   1, ---, 
[9.739s][info   ][gc,stats    ]   Rendezvous                        215 us
[9.739s][info   ][gc,stats    ] Concurrent Cleanup                  573 us
[9.739s][info   ][gc,stats    ] Concurrent Class Unloading          322 us
[9.739s][info   ][gc,stats    ]   Unlink Stale                      124 us
[9.739s][info   ][gc,stats    ]     System Dictionary                 4 us
[9.739s][info   ][gc,stats    ]     Weak Class Links                  1 us
[9.739s][info   ][gc,stats    ]     Code Roots                      117 us
[9.739s][info   ][gc,stats    ]   Rendezvous                         83 us
[9.739s][info   ][gc,stats    ]   Purge Unlinked                     84 us
[9.739s][info   ][gc,stats    ]     Code Roots                       67 us
[9.739s][info   ][gc,stats    ]     CLDG                             14 us
[9.739s][info   ][gc,stats    ]     Exception Caches                  1 us
[9.739s][info   ][gc,stats    ] Pause Final Roots (G)               107 us
[9.739s][info   ][gc,stats    ] Pause Final Roots (N)                25 us
[9.739s][info   ][gc,stats    ] Pacing                            71640 us
[9.739s][info   ][gc,stats    ] 
[9.739s][info   ][gc,stats    ] Allocation pacing accrued:
[9.739s][info   ][gc,stats    ]      12 of    87 ms ( 13.2%): Thread-0
[9.739s][info   ][gc,stats    ]       9 of    87 ms ( 10.1%): Thread-1
[9.739s][info   ][gc,stats    ]       9 of    87 ms ( 10.5%): Thread-2
[9.739s][info   ][gc,stats    ]      10 of    87 ms ( 11.0%): Thread-3
[9.739s][info   ][gc,stats    ]      12 of    87 ms ( 13.2%): Thread-4
[9.739s][info   ][gc,stats    ]      12 of    87 ms ( 13.6%): Thread-5
[9.739s][info   ][gc,stats    ]       9 of    87 ms ( 10.5%): Thread-7
[9.739s][info   ][gc,stats    ]      72 of    87 ms ( 82.2%): <total>
[9.739s][info   ][gc,stats    ]       4 of    87 ms (  4.3%): <average total>
[9.739s][info   ][gc,stats    ]      10 of    87 ms ( 11.7%): <average non-zero>
[9.739s][info   ][gc,stats    ] 
[9.739s][info   ][gc,metaspace] Metaspace: 213K(448K)->213K(448K) NonClass: 204K(320K)->204K(320K) Class: 9K(128K)->9K(128K)
[9.739s][info   ][gc,ergo     ] Pacer for Idle. Initial: 41943K, Alloc Tax Rate: 1.0x
[9.803s][info   ][gc          ] Trigger: Average GC time (37.93 ms) is above the time for average allocation rate (14834 MB/s) to deplete free headroom (555M) (margin of error = 1.86)
[9.803s][info   ][gc,ergo     ] Free headroom: 658M (free) - 102M (spike) - 0B (penalties) = 555M
[9.803s][info   ][gc,ergo     ] Free: 656M, Max: 1024K regular, 482M humongous, Frag: 27% external, 0% internal; Reserve: 103M, Max: 1024K
[9.803s][info   ][gc,start    ] GC(142) Concurrent reset
[9.803s][info   ][gc,task     ] GC(142) Using 1 of 2 workers for concurrent reset
[9.803s][info   ][gc,ergo     ] GC(142) Pacer for Reset. Non-Taxable: 2048M
[9.816s][info   ][gc          ] GC(142) Concurrent reset 12.648ms
[9.819s][info   ][gc,start    ] GC(142) Pause Init Mark (unload classes)
[9.819s][info   ][gc,task     ] GC(142) Using 2 of 2 workers for init marking
[9.820s][info   ][gc,ergo     ] GC(142) Pacer for Mark. Expected Live: 124M, Free: 420M, Non-Taxable: 43008K, Alloc Tax Rate: 0.4x
[9.820s][info   ][gc          ] GC(142) Pause Init Mark (unload classes) 0.213ms
[9.823s][info   ][gc,start    ] GC(142) Concurrent marking roots
[9.823s][info   ][gc,task     ] GC(142) Using 1 of 2 workers for concurrent marking roots
[9.823s][info   ][gc          ] GC(142) Concurrent marking roots 0.305ms
[9.823s][info   ][gc,start    ] GC(142) Concurrent marking (unload classes)
[9.823s][info   ][gc,task     ] GC(142) Using 1 of 2 workers for concurrent marking
[9.824s][info   ][gc          ] GC(142) Concurrent marking (unload classes) 1.237ms
[9.824s][info   ][gc,start    ] GC(142) Pause Final Mark (unload classes)
[9.824s][info   ][gc,task     ] GC(142) Using 2 of 2 workers for final marking
[9.824s][info   ][gc,ergo     ] GC(142) Collectable Garbage: 565M (98%), Immediate: 565M (98%), CSet: 0B (0%)
[9.824s][info   ][gc          ] GC(142) Pause Final Mark (unload classes) 0.278ms
[9.825s][info   ][gc,start    ] GC(142) Concurrent weak references
[9.825s][info   ][gc,task     ] GC(142) Using 1 of 2 workers for concurrent weak references
[9.825s][info   ][gc,ref      ] GC(142) Encountered references: Soft: 11, Weak: 37, Final: 0, Phantom: 5
[9.825s][info   ][gc,ref      ] GC(142) Discovered  references: Soft: 0, Weak: 11, Final: 0, Phantom: 5
[9.825s][info   ][gc,ref      ] GC(142) Enqueued    references: Soft: 0, Weak: 0, Final: 0, Phantom: 0
[9.825s][info   ][gc          ] GC(142) Concurrent weak references 0.123ms
[9.825s][info   ][gc,start    ] GC(142) Concurrent weak roots
[9.825s][info   ][gc,task     ] GC(142) Using 1 of 2 workers for concurrent weak root
[9.825s][info   ][gc          ] GC(142) Concurrent weak roots 0.233ms
[9.825s][info   ][gc,start    ] GC(142) Concurrent cleanup
[9.826s][info   ][gc          ] GC(142) Concurrent cleanup 787M->222M(2048M) 0.767ms
[9.826s][info   ][gc,ergo     ] GC(142) Free: 1508M, Max: 1024K regular, 378M humongous, Frag: 75% external, 0% internal; Reserve: 103M, Max: 1024K
[9.826s][info   ][gc,start    ] GC(142) Concurrent class unloading
[9.826s][info   ][gc,task     ] GC(142) Using 1 of 2 workers for concurrent class unloading
[9.826s][info   ][gc          ] GC(142) Concurrent class unloading 0.591ms
[9.826s][info   ][gc,start    ] GC(142) Pause Final Roots
[9.826s][info   ][gc          ] GC(142) Pause Final Roots 0.020ms
[9.827s][info   ][gc,ergo     ] Free: 1508M, Max: 1024K regular, 378M humongous, Frag: 75% external, 0% internal; Reserve: 103M, Max: 1024K
[9.827s][info   ][gc,stats    ] 
[9.827s][info   ][gc,stats    ] All times are wall-clock times, except per-root-class counters, that are sum over
[9.827s][info   ][gc,stats    ] all workers. Dividing the <total> over the root stage time estimates parallelism.
[9.827s][info   ][gc,stats    ] 
[9.827s][info   ][gc,stats    ] Concurrent Reset                  12819 us
[9.827s][info   ][gc,stats    ] Pause Init Mark (G)                6706 us
[9.827s][info   ][gc,stats    ] Pause Init Mark (N)                 222 us
[9.827s][info   ][gc,stats    ]   Update Region States              115 us
[9.827s][info   ][gc,stats    ] Concurrent Mark Roots               321 us, parallelism: 0.48x
[9.827s][info   ][gc,stats    ]   CMR: <total>                      155 us
[9.827s][info   ][gc,stats    ]   CMR: Thread Roots                 117 us, workers (us): 117, ---, 
[9.827s][info   ][gc,stats    ]   CMR: VM Strong Roots                6 us, workers (us):   6, ---, 
[9.827s][info   ][gc,stats    ]   CMR: CLDG Roots                    32 us, workers (us):  32, ---, 
[9.827s][info   ][gc,stats    ] Concurrent Marking                 1255 us
[9.827s][info   ][gc,stats    ] Pause Final Mark (G)                367 us
[9.827s][info   ][gc,stats    ] Pause Final Mark (N)                286 us
[9.827s][info   ][gc,stats    ]   Finish Mark                        91 us
[9.827s][info   ][gc,stats    ]   Update Region States               67 us
[9.827s][info   ][gc,stats    ]   Choose Collection Set              70 us
[9.827s][info   ][gc,stats    ]   Rebuild Free Set                    9 us
[9.827s][info   ][gc,stats    ] Concurrent Weak References          129 us, parallelism: 0.02x
[9.827s][info   ][gc,stats    ]   CWRF: <total>                       2 us
[9.827s][info   ][gc,stats    ]   CWRF: Weak References               2 us, workers (us):   2, ---, 
[9.827s][info   ][gc,stats    ] Concurrent Weak Roots               245 us
[9.827s][info   ][gc,stats    ]   Roots                              86 us, parallelism: 0.71x
[9.827s][info   ][gc,stats    ]     CWR: <total>                     61 us
[9.827s][info   ][gc,stats    ]     CWR: Code Cache Roots            36 us, workers (us):  36, ---, 
[9.827s][info   ][gc,stats    ]     CWR: VM Weak Roots               23 us, workers (us):  23, ---, 
[9.827s][info   ][gc,stats    ]     CWR: CLDG Roots                   2 us, workers (us):   2, ---, 
[9.827s][info   ][gc,stats    ]   Rendezvous                        132 us
[9.827s][info   ][gc,stats    ] Concurrent Cleanup                  787 us
[9.827s][info   ][gc,stats    ] Concurrent Class Unloading          613 us
[9.827s][info   ][gc,stats    ]   Unlink Stale                      214 us
[9.827s][info   ][gc,stats    ]     System Dictionary                 5 us
[9.827s][info   ][gc,stats    ]     Weak Class Links                  1 us
[9.827s][info   ][gc,stats    ]     Code Roots                      195 us
[9.827s][info   ][gc,stats    ]   Rendezvous                        316 us
[9.827s][info   ][gc,stats    ]   Purge Unlinked                     40 us
[9.827s][info   ][gc,stats    ]     Code Roots                       20 us
[9.827s][info   ][gc,stats    ]     CLDG                             17 us
[9.827s][info   ][gc,stats    ]     Exception Caches                  1 us
[9.827s][info   ][gc,stats    ] Pause Final Roots (G)               173 us
[9.827s][info   ][gc,stats    ] Pause Final Roots (N)                30 us
[9.827s][info   ][gc,stats    ] Pacing                            75195 us
[9.827s][info   ][gc,stats    ] 
[9.827s][info   ][gc,stats    ] Allocation pacing accrued:
[9.827s][info   ][gc,stats    ]      11 of    88 ms ( 12.2%): Thread-0
[9.827s][info   ][gc,stats    ]       9 of    88 ms ( 10.0%): Thread-1
[9.827s][info   ][gc,stats    ]       9 of    88 ms (  9.7%): Thread-2
[9.827s][info   ][gc,stats    ]      11 of    88 ms ( 12.5%): Thread-3
[9.827s][info   ][gc,stats    ]      10 of    88 ms ( 10.9%): Thread-4
[9.827s][info   ][gc,stats    ]       9 of    88 ms ( 10.0%): Thread-5
[9.827s][info   ][gc,stats    ]       9 of    88 ms ( 10.0%): Thread-6
[9.827s][info   ][gc,stats    ]       9 of    88 ms ( 10.2%): Thread-7
[9.827s][info   ][gc,stats    ]      75 of    88 ms ( 85.5%): <total>
[9.827s][info   ][gc,stats    ]       4 of    88 ms (  4.5%): <average total>
[9.827s][info   ][gc,stats    ]       9 of    88 ms ( 10.7%): <average non-zero>
[9.827s][info   ][gc,stats    ] 
[9.827s][info   ][gc,metaspace] Metaspace: 213K(448K)->213K(448K) NonClass: 204K(320K)->204K(320K) Class: 9K(128K)->9K(128K)
[9.827s][info   ][gc,ergo     ] Pacer for Idle. Initial: 41943K, Alloc Tax Rate: 1.0x
[9.892s][info   ][gc          ] Trigger: Average GC time (33.64 ms) is above the time for average allocation rate (14834 MB/s) to deplete free headroom (493M) (margin of error = 1.86)
[9.892s][info   ][gc,ergo     ] Free headroom: 596M (free) - 102M (spike) - 0B (penalties) = 493M
[9.892s][info   ][gc,ergo     ] Free: 594M, Max: 1024K regular, 378M humongous, Frag: 37% external, 0% internal; Reserve: 103M, Max: 1024K
[9.892s][info   ][gc,start    ] GC(143) Concurrent reset
[9.892s][info   ][gc,task     ] GC(143) Using 1 of 2 workers for concurrent reset
[9.892s][info   ][gc,ergo     ] GC(143) Pacer for Reset. Non-Taxable: 2048M
[9.900s][info   ][gc          ] GC(143) Concurrent reset 8.235ms
[9.903s][info   ][gc,start    ] GC(143) Pause Init Mark (unload classes)
[9.903s][info   ][gc,task     ] GC(143) Using 2 of 2 workers for init marking
[9.904s][info   ][gc,ergo     ] GC(143) Pacer for Mark. Expected Live: 145M, Free: 448M, Non-Taxable: 45875K, Alloc Tax Rate: 0.4x
[9.904s][info   ][gc          ] GC(143) Pause Init Mark (unload classes) 0.961ms
[9.905s][info   ][gc,start    ] GC(143) Concurrent marking roots
[9.906s][info   ][gc,task     ] GC(143) Using 1 of 2 workers for concurrent marking roots
[9.908s][info   ][gc          ] GC(143) Concurrent marking roots 2.396ms
[9.908s][info   ][gc,start    ] GC(143) Concurrent marking (unload classes)
[9.908s][info   ][gc,task     ] GC(143) Using 1 of 2 workers for concurrent marking
[9.909s][info   ][gc          ] GC(143) Concurrent marking (unload classes) 1.545ms
[9.910s][info   ][gc,start    ] GC(143) Pause Final Mark (unload classes)
[9.910s][info   ][gc,task     ] GC(143) Using 2 of 2 workers for final marking
[9.910s][info   ][gc,ergo     ] GC(143) Collectable Garbage: 575M (98%), Immediate: 575M (98%), CSet: 0B (0%)
[9.910s][info   ][gc          ] GC(143) Pause Final Mark (unload classes) 0.312ms
[9.910s][info   ][gc,start    ] GC(143) Concurrent weak references
[9.910s][info   ][gc,task     ] GC(143) Using 1 of 2 workers for concurrent weak references
[9.910s][info   ][gc,ref      ] GC(143) Encountered references: Soft: 11, Weak: 37, Final: 0, Phantom: 5
[9.910s][info   ][gc,ref      ] GC(143) Discovered  references: Soft: 0, Weak: 11, Final: 0, Phantom: 5
[9.910s][info   ][gc,ref      ] GC(143) Enqueued    references: Soft: 0, Weak: 0, Final: 0, Phantom: 0
[9.910s][info   ][gc          ] GC(143) Concurrent weak references 0.061ms
[9.910s][info   ][gc,start    ] GC(143) Concurrent weak roots
[9.910s][info   ][gc,task     ] GC(143) Using 1 of 2 workers for concurrent weak root
[9.910s][info   ][gc          ] GC(143) Concurrent weak roots 0.297ms
[9.910s][info   ][gc,start    ] GC(143) Concurrent cleanup
[9.911s][info   ][gc          ] GC(143) Concurrent cleanup 774M->199M(2048M) 0.621ms
[9.911s][info   ][gc,ergo     ] GC(143) Free: 1554M, Max: 1024K regular, 434M humongous, Frag: 73% external, 0% internal; Reserve: 103M, Max: 1024K
[9.911s][info   ][gc,start    ] GC(143) Concurrent class unloading
[9.911s][info   ][gc,task     ] GC(143) Using 1 of 2 workers for concurrent class unloading
[9.911s][info   ][gc          ] GC(143) Concurrent class unloading 0.327ms
[9.911s][info   ][gc,start    ] GC(143) Pause Final Roots
[9.911s][info   ][gc          ] GC(143) Pause Final Roots 0.016ms
[9.911s][info   ][gc,ergo     ] Free: 1554M, Max: 1024K regular, 434M humongous, Frag: 73% external, 0% internal; Reserve: 103M, Max: 1024K
[9.911s][info   ][gc,stats    ] 
[9.911s][info   ][gc,stats    ] All times are wall-clock times, except per-root-class counters, that are sum over
[9.911s][info   ][gc,stats    ] all workers. Dividing the <total> over the root stage time estimates parallelism.
[9.911s][info   ][gc,stats    ] 
[9.911s][info   ][gc,stats    ] Concurrent Reset                   8373 us
[9.911s][info   ][gc,stats    ] Pause Init Mark (G)                5093 us
[9.911s][info   ][gc,stats    ] Pause Init Mark (N)                1723 us
[9.911s][info   ][gc,stats    ]   Update Region States              596 us
[9.911s][info   ][gc,stats    ] Concurrent Mark Roots              2447 us, parallelism: 0.89x
[9.911s][info   ][gc,stats    ]   CMR: <total>                     2188 us
[9.911s][info   ][gc,stats    ]   CMR: Thread Roots                2094 us, workers (us): 2094, ---, 
[9.911s][info   ][gc,stats    ]   CMR: VM Strong Roots               11 us, workers (us):  11, ---, 
[9.911s][info   ][gc,stats    ]   CMR: CLDG Roots                    84 us, workers (us):  84, ---, 
[9.911s][info   ][gc,stats    ] Concurrent Marking                 1564 us
[9.911s][info   ][gc,stats    ] Pause Final Mark (G)                423 us
[9.911s][info   ][gc,stats    ] Pause Final Mark (N)                321 us
[9.911s][info   ][gc,stats    ]   Finish Mark                        95 us
[9.911s][info   ][gc,stats    ]   Update Region States               77 us
[9.912s][info   ][gc,stats    ]   Choose Collection Set             101 us
[9.912s][info   ][gc,stats    ]   Rebuild Free Set                   10 us
[9.912s][info   ][gc,stats    ] Concurrent Weak References           68 us, parallelism: 0.03x
[9.912s][info   ][gc,stats    ]   CWRF: <total>                       2 us
[9.912s][info   ][gc,stats    ]   CWRF: Weak References               2 us, workers (us):   2, ---, 
[9.912s][info   ][gc,stats    ] Concurrent Weak Roots               313 us
[9.912s][info   ][gc,stats    ]   Roots                             159 us, parallelism: 0.44x
[9.912s][info   ][gc,stats    ]     CWR: <total>                     70 us
[9.912s][info   ][gc,stats    ]     CWR: Code Cache Roots            44 us, workers (us):  44, ---, 
[9.912s][info   ][gc,stats    ]     CWR: VM Weak Roots               24 us, workers (us):  24, ---, 
[9.912s][info   ][gc,stats    ]     CWR: CLDG Roots                   1 us, workers (us):   1, ---, 
[9.912s][info   ][gc,stats    ]   Rendezvous                        122 us
[9.912s][info   ][gc,stats    ] Concurrent Cleanup                  631 us
[9.912s][info   ][gc,stats    ] Concurrent Class Unloading          343 us
[9.912s][info   ][gc,stats    ]   Unlink Stale                      116 us
[9.912s][info   ][gc,stats    ]     System Dictionary                 4 us
[9.912s][info   ][gc,stats    ]     Weak Class Links                  1 us
[9.912s][info   ][gc,stats    ]     Code Roots                      109 us
[9.912s][info   ][gc,stats    ]   Rendezvous                        110 us
[9.912s][info   ][gc,stats    ]   Purge Unlinked                     85 us
[9.912s][info   ][gc,stats    ]     Code Roots                       68 us
[9.912s][info   ][gc,stats    ]     CLDG                             15 us
[9.912s][info   ][gc,stats    ]     Exception Caches                  1 us
[9.912s][info   ][gc,stats    ] Pause Final Roots (G)               120 us
[9.912s][info   ][gc,stats    ] Pause Final Roots (N)                22 us
[9.912s][info   ][gc,stats    ] Pacing                            71338 us
[9.912s][info   ][gc,stats    ] 
[9.912s][info   ][gc,stats    ] Allocation pacing accrued:
[9.912s][info   ][gc,stats    ]       9 of    85 ms ( 10.4%): Thread-0
[9.912s][info   ][gc,stats    ]      11 of    85 ms ( 12.5%): Thread-2
[9.912s][info   ][gc,stats    ]       9 of    85 ms ( 10.7%): Thread-3
[9.912s][info   ][gc,stats    ]       9 of    85 ms ( 11.0%): Thread-4
[9.912s][info   ][gc,stats    ]      12 of    85 ms ( 14.2%): Thread-5
[9.912s][info   ][gc,stats    ]      12 of    85 ms ( 14.4%): Thread-6
[9.912s][info   ][gc,stats    ]       9 of    85 ms ( 10.8%): Thread-7
[9.912s][info   ][gc,stats    ]      71 of    85 ms ( 84.2%): <total>
[9.912s][info   ][gc,stats    ]       4 of    85 ms (  4.4%): <average total>
[9.912s][info   ][gc,stats    ]      10 of    85 ms ( 12.0%): <average non-zero>
[9.912s][info   ][gc,stats    ] 
[9.912s][info   ][gc,metaspace] Metaspace: 213K(448K)->213K(448K) NonClass: 204K(320K)->204K(320K) Class: 9K(128K)->9K(128K)
[9.912s][info   ][gc,ergo     ] Pacer for Idle. Initial: 41943K, Alloc Tax Rate: 1.0x
[9.988s][info   ][gc          ] Trigger: Average GC time (29.63 ms) is above the time for average allocation rate (14834 MB/s) to deplete free headroom (399M) (margin of error = 1.86)
[9.989s][info   ][gc,ergo     ] Free headroom: 502M (free) - 102M (spike) - 0B (penalties) = 399M
[9.989s][info   ][gc,ergo     ] Free: 496M, Max: 1024K regular, 434M humongous, Frag: 13% external, 0% internal; Reserve: 103M, Max: 1024K
[9.989s][info   ][gc,start    ] GC(144) Concurrent reset
[9.989s][info   ][gc,task     ] GC(144) Using 1 of 2 workers for concurrent reset
[9.989s][info   ][gc,ergo     ] GC(144) Pacer for Reset. Non-Taxable: 2048M
[10.006s][info   ][gc          ] GC(144) Concurrent reset 16.497ms
[10.012s][info   ][gc,start    ] GC(144) Pause Init Mark (unload classes)
[10.012s][info   ][gc,task     ] GC(144) Using 2 of 2 workers for init marking
[10.013s][info   ][gc,ergo     ] GC(144) Pacer for Mark. Expected Live: 156M, Free: 204M, Non-Taxable: 20889K, Alloc Tax Rate: 0.9x
[10.013s][info   ][gc          ] GC(144) Pause Init Mark (unload classes) 0.292ms
[10.013s][info   ][gc,start    ] GC(144) Concurrent marking roots
[10.013s][info   ][gc,task     ] GC(144) Using 1 of 2 workers for concurrent marking roots
[10.015s][info   ][gc          ] GC(144) Concurrent marking roots 2.080ms
[10.015s][info   ][gc,start    ] GC(144) Concurrent marking (unload classes)
[10.015s][info   ][gc,task     ] GC(144) Using 1 of 2 workers for concurrent marking
[10.017s][info   ][gc          ] GC(144) Concurrent marking (unload classes) 2.291ms
[10.018s][info   ][gc,start    ] GC(144) Pause Final Mark (unload classes)
[10.018s][info   ][gc,task     ] GC(144) Using 2 of 2 workers for final marking
[10.018s][info   ][gc,ergo     ] GC(144) Collectable Garbage: 722M (99%), Immediate: 722M (99%), CSet: 0B (0%)
[10.018s][info   ][gc          ] GC(144) Pause Final Mark (unload classes) 0.479ms
[10.018s][info   ][gc,start    ] GC(144) Concurrent weak references
[10.018s][info   ][gc,task     ] GC(144) Using 1 of 2 workers for concurrent weak references
[10.018s][info   ][gc,ref      ] GC(144) Encountered references: Soft: 11, Weak: 37, Final: 0, Phantom: 5
[10.018s][info   ][gc,ref      ] GC(144) Discovered  references: Soft: 0, Weak: 11, Final: 0, Phantom: 5
[10.018s][info   ][gc,ref      ] GC(144) Enqueued    references: Soft: 0, Weak: 0, Final: 0, Phantom: 0
[10.018s][info   ][gc          ] GC(144) Concurrent weak references 0.199ms
[10.018s][info   ][gc,start    ] GC(144) Concurrent weak roots
[10.018s][info   ][gc,task     ] GC(144) Using 1 of 2 workers for concurrent weak root
[10.019s][info   ][gc          ] GC(144) Concurrent weak roots 0.498ms
[10.019s][info   ][gc,start    ] GC(144) Concurrent cleanup
[10.020s][info   ][gc          ] GC(144) Concurrent cleanup 893M->171M(2048M) 0.783ms
[10.020s][info   ][gc,ergo     ] GC(144) Free: 1610M, Max: 1024K regular, 166M humongous, Frag: 90% external, 0% internal; Reserve: 103M, Max: 1024K
[10.020s][info   ][gc,start    ] GC(144) Concurrent class unloading
[10.020s][info   ][gc,task     ] GC(144) Using 1 of 2 workers for concurrent class unloading
[10.021s][info   ][gc          ] GC(144) Concurrent class unloading 1.072ms
[10.021s][info   ][gc,start    ] GC(144) Pause Final Roots
[10.021s][info   ][gc          ] GC(144) Pause Final Roots 0.021ms
[10.022s][info   ][gc,ergo     ] Free: 1598M, Max: 1024K regular, 166M humongous, Frag: 90% external, 0% internal; Reserve: 103M, Max: 1024K
[10.022s][info   ][gc,stats    ] 
[10.022s][info   ][gc,stats    ] All times are wall-clock times, except per-root-class counters, that are sum over
[10.022s][info   ][gc,stats    ] all workers. Dividing the <total> over the root stage time estimates parallelism.
[10.022s][info   ][gc,stats    ] 
[10.022s][info   ][gc,stats    ] Concurrent Reset                  16703 us
[10.022s][info   ][gc,stats    ] Pause Init Mark (G)                7007 us
[10.022s][info   ][gc,stats    ] Pause Init Mark (N)                 302 us
[10.022s][info   ][gc,stats    ]   Update Region States              143 us
[10.022s][info   ][gc,stats    ] Concurrent Mark Roots              2145 us, parallelism: 0.91x
[10.022s][info   ][gc,stats    ]   CMR: <total>                     1961 us
[10.022s][info   ][gc,stats    ]   CMR: Thread Roots                1855 us, workers (us): 1855, ---, 
[10.022s][info   ][gc,stats    ]   CMR: VM Strong Roots               11 us, workers (us):  11, ---, 
[10.022s][info   ][gc,stats    ]   CMR: CLDG Roots                    95 us, workers (us):  95, ---, 
[10.022s][info   ][gc,stats    ] Concurrent Marking                 2344 us
[10.022s][info   ][gc,stats    ] Pause Final Mark (G)               1066 us
[10.022s][info   ][gc,stats    ] Pause Final Mark (N)                490 us
[10.022s][info   ][gc,stats    ]   Finish Mark                       114 us
[10.022s][info   ][gc,stats    ]   Update Region States              109 us
[10.022s][info   ][gc,stats    ]   Choose Collection Set             209 us
[10.022s][info   ][gc,stats    ]   Rebuild Free Set                   12 us
[10.022s][info   ][gc,stats    ] Concurrent Weak References          208 us, parallelism: 0.02x
[10.022s][info   ][gc,stats    ]   CWRF: <total>                       4 us
[10.022s][info   ][gc,stats    ]   CWRF: Weak References               4 us, workers (us):   4, ---, 
[10.022s][info   ][gc,stats    ] Concurrent Weak Roots               518 us
[10.022s][info   ][gc,stats    ]   Roots                              91 us, parallelism: 0.66x
[10.022s][info   ][gc,stats    ]     CWR: <total>                     60 us
[10.022s][info   ][gc,stats    ]     CWR: Code Cache Roots            30 us, workers (us):  30, ---, 
[10.022s][info   ][gc,stats    ]     CWR: VM Weak Roots               28 us, workers (us):  28, ---, 
[10.022s][info   ][gc,stats    ]     CWR: CLDG Roots                   2 us, workers (us):   2, ---, 
[10.022s][info   ][gc,stats    ]   Rendezvous                        389 us
[10.022s][info   ][gc,stats    ] Concurrent Cleanup                  798 us
[10.022s][info   ][gc,stats    ] Concurrent Class Unloading         1089 us
[10.022s][info   ][gc,stats    ]   Unlink Stale                      224 us
[10.022s][info   ][gc,stats    ]     System Dictionary                 5 us
[10.022s][info   ][gc,stats    ]     Weak Class Links                  1 us
[10.022s][info   ][gc,stats    ]     Code Roots                      216 us
[10.022s][info   ][gc,stats    ]   Rendezvous                        766 us
[10.022s][info   ][gc,stats    ]   Purge Unlinked                     41 us
[10.022s][info   ][gc,stats    ]     Code Roots                       23 us
[10.022s][info   ][gc,stats    ]     CLDG                             15 us
[10.022s][info   ][gc,stats    ]     Exception Caches                  1 us
[10.022s][info   ][gc,stats    ] Pause Final Roots (G)               594 us
[10.022s][info   ][gc,stats    ] Pause Final Roots (N)                29 us
[10.022s][info   ][gc,stats    ] Pacing                            78137 us
[10.022s][info   ][gc,stats    ] 
[10.022s][info   ][gc,stats    ] Allocation pacing accrued:
[10.022s][info   ][gc,stats    ]      10 of   110 ms (  9.0%): Thread-0
[10.022s][info   ][gc,stats    ]      13 of   110 ms ( 11.5%): Thread-1
[10.022s][info   ][gc,stats    ]      10 of   110 ms (  8.7%): Thread-2
[10.022s][info   ][gc,stats    ]      12 of   110 ms ( 10.9%): Thread-3
[10.022s][info   ][gc,stats    ]      13 of   110 ms ( 11.6%): Thread-4
[10.022s][info   ][gc,stats    ]      12 of   110 ms ( 10.7%): Thread-6
[10.022s][info   ][gc,stats    ]      10 of   110 ms (  8.6%): Thread-7
[10.022s][info   ][gc,stats    ]      78 of   110 ms ( 70.9%): <total>
[10.022s][info   ][gc,stats    ]       4 of   110 ms (  3.7%): <average total>
[10.022s][info   ][gc,stats    ]      11 of   110 ms ( 10.1%): <average non-zero>
[10.022s][info   ][gc,stats    ] 
[10.022s][info   ][gc,metaspace] Metaspace: 213K(448K)->213K(448K) NonClass: 204K(320K)->204K(320K) Class: 9K(128K)->9K(128K)
[10.022s][info   ][gc,ergo     ] Pacer for Idle. Initial: 41943K, Alloc Tax Rate: 1.0x
[10.086s][info   ][gc          ] Trigger: Average GC time (38.78 ms) is above the time for average allocation rate (14823 MB/s) to deplete free headroom (553M) (margin of error = 1.86)
[10.086s][info   ][gc,ergo     ] Free headroom: 656M (free) - 102M (spike) - 0B (penalties) = 553M
[10.086s][info   ][gc,ergo     ] Free: 650M, Max: 1024K regular, 166M humongous, Frag: 75% external, 0% internal; Reserve: 103M, Max: 1024K
[10.086s][info   ][gc,start    ] GC(145) Concurrent reset
[10.086s][info   ][gc,task     ] GC(145) Using 1 of 2 workers for concurrent reset
[10.086s][info   ][gc,ergo     ] GC(145) Pacer for Reset. Non-Taxable: 2048M
[10.101s][info   ][gc          ] GC(145) Concurrent reset 14.798ms
[10.102s][info   ][gc,start    ] GC(145) Pause Init Mark (unload classes)
[10.102s][info   ][gc,task     ] GC(145) Using 2 of 2 workers for init marking
[10.102s][info   ][gc,ergo     ] GC(145) Pacer for Mark. Expected Live: 161M, Free: 450M, Non-Taxable: 46080K, Alloc Tax Rate: 0.4x
[10.102s][info   ][gc          ] GC(145) Pause Init Mark (unload classes) 0.148ms
[10.102s][info   ][gc,start    ] GC(145) Concurrent marking roots
[10.102s][info   ][gc,task     ] GC(145) Using 1 of 2 workers for concurrent marking roots
[10.102s][info   ][gc          ] GC(145) Concurrent marking roots 0.323ms
[10.102s][info   ][gc,start    ] GC(145) Concurrent marking (unload classes)
[10.102s][info   ][gc,task     ] GC(145) Using 1 of 2 workers for concurrent marking
[10.120s][info   ][gc          ] GC(145) Concurrent marking (unload classes) 17.993ms
[10.122s][info   ][gc,start    ] GC(145) Pause Final Mark (unload classes)
[10.122s][info   ][gc,task     ] GC(145) Using 2 of 2 workers for final marking
[10.123s][info   ][gc,ergo     ] GC(145) Collectable Garbage: 635M (98%), Immediate: 635M (98%), CSet: 0B (0%)
[10.123s][info   ][gc          ] GC(145) Pause Final Mark (unload classes) 0.428ms
[10.125s][info   ][gc,start    ] GC(145) Concurrent weak references
[10.125s][info   ][gc,task     ] GC(145) Using 1 of 2 workers for concurrent weak references
[10.125s][info   ][gc,ref      ] GC(145) Encountered references: Soft: 11, Weak: 37, Final: 0, Phantom: 5
[10.125s][info   ][gc,ref      ] GC(145) Discovered  references: Soft: 0, Weak: 11, Final: 0, Phantom: 5
[10.125s][info   ][gc,ref      ] GC(145) Enqueued    references: Soft: 0, Weak: 0, Final: 0, Phantom: 0
[10.125s][info   ][gc          ] GC(145) Concurrent weak references 0.205ms
[10.125s][info   ][gc,start    ] GC(145) Concurrent weak roots
[10.125s][info   ][gc,task     ] GC(145) Using 1 of 2 workers for concurrent weak root
[10.125s][info   ][gc          ] GC(145) Concurrent weak roots 0.317ms
[10.125s][info   ][gc,start    ] GC(145) Concurrent cleanup
[10.126s][info   ][gc          ] GC(145) Concurrent cleanup 898M->263M(2048M) 0.782ms
[10.126s][info   ][gc,ergo     ] GC(145) Free: 1426M, Max: 1024K regular, 156M humongous, Frag: 90% external, 0% internal; Reserve: 103M, Max: 1024K
[10.126s][info   ][gc,start    ] GC(145) Concurrent class unloading
[10.126s][info   ][gc,task     ] GC(145) Using 1 of 2 workers for concurrent class unloading
[10.127s][info   ][gc          ] GC(145) Concurrent class unloading 0.450ms
[10.127s][info   ][gc,start    ] GC(145) Pause Final Roots
[10.127s][info   ][gc          ] GC(145) Pause Final Roots 0.010ms
[10.127s][info   ][gc,ergo     ] Free: 1426M, Max: 1024K regular, 156M humongous, Frag: 90% external, 0% internal; Reserve: 103M, Max: 1024K
[10.127s][info   ][gc,stats    ] 
[10.127s][info   ][gc,stats    ] All times are wall-clock times, except per-root-class counters, that are sum over
[10.127s][info   ][gc,stats    ] all workers. Dividing the <total> over the root stage time estimates parallelism.
[10.127s][info   ][gc,stats    ] 
[10.127s][info   ][gc,stats    ] Concurrent Reset                  14945 us
[10.127s][info   ][gc,stats    ] Pause Init Mark (G)                 988 us
[10.127s][info   ][gc,stats    ] Pause Init Mark (N)                 157 us
[10.127s][info   ][gc,stats    ]   Update Region States               96 us
[10.127s][info   ][gc,stats    ] Concurrent Mark Roots               337 us, parallelism: 0.60x
[10.127s][info   ][gc,stats    ]   CMR: <total>                      201 us
[10.127s][info   ][gc,stats    ]   CMR: Thread Roots                 158 us, workers (us): 158, ---, 
[10.127s][info   ][gc,stats    ]   CMR: VM Strong Roots                7 us, workers (us):   7, ---, 
[10.127s][info   ][gc,stats    ]   CMR: CLDG Roots                    36 us, workers (us):  36, ---, 
[10.127s][info   ][gc,stats    ] Concurrent Marking                18381 us
[10.127s][info   ][gc,stats    ] Pause Final Mark (G)               3878 us
[10.127s][info   ][gc,stats    ] Pause Final Mark (N)                437 us
[10.127s][info   ][gc,stats    ]   Finish Mark                       106 us
[10.127s][info   ][gc,stats    ]   Update Region States              102 us
[10.127s][info   ][gc,stats    ]   Choose Collection Set             158 us
[10.127s][info   ][gc,stats    ]   Rebuild Free Set                   10 us
[10.127s][info   ][gc,stats    ] Concurrent Weak References          213 us, parallelism: 0.05x
[10.127s][info   ][gc,stats    ]   CWRF: <total>                      10 us
[10.127s][info   ][gc,stats    ]   CWRF: Weak References              10 us, workers (us):  10, ---, 
[10.127s][info   ][gc,stats    ] Concurrent Weak Roots               339 us
[10.127s][info   ][gc,stats    ]   Roots                             247 us, parallelism: 0.51x
[10.127s][info   ][gc,stats    ]     CWR: <total>                    125 us
[10.127s][info   ][gc,stats    ]     CWR: Code Cache Roots            80 us, workers (us):  80, ---, 
[10.127s][info   ][gc,stats    ]     CWR: VM Weak Roots               43 us, workers (us):  43, ---, 
[10.127s][info   ][gc,stats    ]     CWR: CLDG Roots                   3 us, workers (us):   3, ---, 
[10.127s][info   ][gc,stats    ]   Rendezvous                         54 us
[10.127s][info   ][gc,stats    ] Concurrent Cleanup                  797 us
[10.127s][info   ][gc,stats    ] Concurrent Class Unloading          465 us
[10.127s][info   ][gc,stats    ]   Unlink Stale                      201 us
[10.127s][info   ][gc,stats    ]     System Dictionary                 4 us
[10.127s][info   ][gc,stats    ]     Weak Class Links                  1 us
[10.127s][info   ][gc,stats    ]     Code Roots                      194 us
[10.127s][info   ][gc,stats    ]   Rendezvous                         31 us
[10.127s][info   ][gc,stats    ]   Purge Unlinked                    202 us
[10.127s][info   ][gc,stats    ]     Code Roots                      185 us
[10.127s][info   ][gc,stats    ]     CLDG                             14 us
[10.127s][info   ][gc,stats    ]     Exception Caches                  1 us
[10.127s][info   ][gc,stats    ] Pause Final Roots (G)                56 us
[10.127s][info   ][gc,stats    ] Pause Final Roots (N)                17 us
[10.127s][info   ][gc,stats    ] Pacing                            68477 us
[10.127s][info   ][gc,stats    ] 
[10.127s][info   ][gc,stats    ] Allocation pacing accrued:
[10.127s][info   ][gc,stats    ]      10 of   105 ms (  9.7%): Thread-2
[10.127s][info   ][gc,stats    ]      11 of   105 ms ( 10.0%): Thread-3
[10.127s][info   ][gc,stats    ]      11 of   105 ms ( 10.7%): Thread-4
[10.127s][info   ][gc,stats    ]      13 of   105 ms ( 12.6%): Thread-5
[10.127s][info   ][gc,stats    ]      10 of   105 ms (  9.7%): Thread-6
[10.127s][info   ][gc,stats    ]      13 of   105 ms ( 12.3%): Thread-7
[10.127s][info   ][gc,stats    ]      68 of   105 ms ( 65.2%): <total>
[10.127s][info   ][gc,stats    ]       4 of   105 ms (  3.4%): <average total>
[10.127s][info   ][gc,stats    ]      11 of   105 ms ( 10.9%): <average non-zero>
[10.127s][info   ][gc,stats    ] 
[10.127s][info   ][gc,metaspace] Metaspace: 213K(448K)->213K(448K) NonClass: 204K(320K)->204K(320K) Class: 9K(128K)->9K(128K)
[10.127s][info   ][gc,ergo     ] Pacer for Idle. Initial: 41943K, Alloc Tax Rate: 1.0x
[10.170s][info   ][gc          ] Trigger: Average GC time (48.78 ms) is above the time for average allocation rate (14832 MB/s) to deplete free headroom (701M) (margin of error = 1.86)
[10.170s][info   ][gc,ergo     ] Free headroom: 804M (free) - 102M (spike) - 0B (penalties) = 701M
[10.170s][info   ][gc,ergo     ] Free: 802M, Max: 1024K regular, 156M humongous, Frag: 81% external, 0% internal; Reserve: 103M, Max: 1024K
[10.170s][info   ][gc,start    ] GC(146) Concurrent reset
[10.170s][info   ][gc,task     ] GC(146) Using 1 of 2 workers for concurrent reset
[10.170s][info   ][gc,ergo     ] GC(146) Pacer for Reset. Non-Taxable: 2048M
[10.173s][info   ][gc          ] GC(146) Concurrent reset 2.998ms
[10.177s][info   ][gc,start    ] GC(146) Pause Init Mark (unload classes)
[10.177s][info   ][gc,task     ] GC(146) Using 2 of 2 workers for init marking
[10.177s][info   ][gc,ergo     ] GC(146) Pacer for Mark. Expected Live: 154M, Free: 738M, Non-Taxable: 75571K, Alloc Tax Rate: 0.3x
[10.177s][info   ][gc          ] GC(146) Pause Init Mark (unload classes) 0.221ms
[10.180s][info   ][gc,start    ] GC(146) Concurrent marking roots
[10.180s][info   ][gc,task     ] GC(146) Using 1 of 2 workers for concurrent marking roots
[10.183s][info   ][gc          ] GC(146) Concurrent marking roots 2.810ms
[10.183s][info   ][gc,start    ] GC(146) Concurrent marking (unload classes)
[10.183s][info   ][gc,task     ] GC(146) Using 1 of 2 workers for concurrent marking
[10.186s][info   ][gc          ] GC(146) Concurrent marking (unload classes) 2.785ms
[10.186s][info   ][gc,start    ] GC(146) Pause Final Mark (unload classes)
[10.186s][info   ][gc,task     ] GC(146) Using 2 of 2 workers for final marking
[10.186s][info   ][gc,ergo     ] GC(146) Collectable Garbage: 497M (98%), Immediate: 497M (98%), CSet: 0B (0%)
[10.186s][info   ][gc          ] GC(146) Pause Final Mark (unload classes) 0.358ms
[10.187s][info   ][gc,start    ] GC(146) Concurrent weak references
[10.187s][info   ][gc,task     ] GC(146) Using 1 of 2 workers for concurrent weak references
[10.187s][info   ][gc,ref      ] GC(146) Encountered references: Soft: 11, Weak: 37, Final: 0, Phantom: 5
[10.187s][info   ][gc,ref      ] GC(146) Discovered  references: Soft: 0, Weak: 11, Final: 0, Phantom: 5
[10.187s][info   ][gc,ref      ] GC(146) Enqueued    references: Soft: 0, Weak: 0, Final: 0, Phantom: 0
[10.187s][info   ][gc          ] GC(146) Concurrent weak references 0.159ms
[10.187s][info   ][gc,start    ] GC(146) Concurrent weak roots
[10.187s][info   ][gc,task     ] GC(146) Using 1 of 2 workers for concurrent weak root
[10.187s][info   ][gc          ] GC(146) Concurrent weak roots 0.600ms
[10.187s][info   ][gc,start    ] GC(146) Concurrent cleanup
[10.188s][info   ][gc          ] GC(146) Concurrent cleanup 666M->172M(2048M) 0.545ms
[10.188s][info   ][gc,ergo     ] GC(146) Free: 1608M, Max: 1024K regular, 410M humongous, Frag: 75% external, 0% internal; Reserve: 103M, Max: 1024K
[10.188s][info   ][gc,start    ] GC(146) Concurrent class unloading
[10.188s][info   ][gc,task     ] GC(146) Using 1 of 2 workers for concurrent class unloading
[10.189s][info   ][gc          ] GC(146) Concurrent class unloading 0.690ms
[10.189s][info   ][gc,start    ] GC(146) Pause Final Roots
[10.189s][info   ][gc          ] GC(146) Pause Final Roots 0.015ms
[10.189s][info   ][gc,ergo     ] Free: 1596M, Max: 1024K regular, 410M humongous, Frag: 75% external, 0% internal; Reserve: 103M, Max: 1024K
[10.189s][info   ][gc,stats    ] 
[10.189s][info   ][gc,stats    ] All times are wall-clock times, except per-root-class counters, that are sum over
[10.189s][info   ][gc,stats    ] all workers. Dividing the <total> over the root stage time estimates parallelism.
[10.189s][info   ][gc,stats    ] 
[10.189s][info   ][gc,stats    ] Concurrent Reset                   3094 us
[10.189s][info   ][gc,stats    ] Pause Init Mark (G)                6809 us
[10.189s][info   ][gc,stats    ] Pause Init Mark (N)                 230 us
[10.189s][info   ][gc,stats    ]   Update Region States              118 us
[10.189s][info   ][gc,stats    ] Concurrent Mark Roots              2977 us, parallelism: 0.08x
[10.189s][info   ][gc,stats    ]   CMR: <total>                      249 us
[10.189s][info   ][gc,stats    ]   CMR: Thread Roots                 178 us, workers (us): 178, ---, 
[10.189s][info   ][gc,stats    ]   CMR: VM Strong Roots               15 us, workers (us):  15, ---, 
[10.189s][info   ][gc,stats    ]   CMR: CLDG Roots                    57 us, workers (us):  57, ---, 
[10.189s][info   ][gc,stats    ] Concurrent Marking                 2834 us
[10.189s][info   ][gc,stats    ] Pause Final Mark (G)                477 us
[10.189s][info   ][gc,stats    ] Pause Final Mark (N)                369 us
[10.189s][info   ][gc,stats    ]   Finish Mark                       101 us
[10.189s][info   ][gc,stats    ]   Update Region States              105 us
[10.189s][info   ][gc,stats    ]   Choose Collection Set             110 us
[10.189s][info   ][gc,stats    ]   Rebuild Free Set                   13 us
[10.189s][info   ][gc,stats    ] Concurrent Weak References          166 us, parallelism: 0.03x
[10.189s][info   ][gc,stats    ]   CWRF: <total>                       5 us
[10.189s][info   ][gc,stats    ]   CWRF: Weak References               5 us, workers (us):   5, ---, 
[10.189s][info   ][gc,stats    ] Concurrent Weak Roots               617 us
[10.189s][info   ][gc,stats    ]   Roots                             171 us, parallelism: 0.50x
[10.189s][info   ][gc,stats    ]     CWR: <total>                     85 us
[10.189s][info   ][gc,stats    ]     CWR: Code Cache Roots            47 us, workers (us):  47, ---, 
[10.189s][info   ][gc,stats    ]     CWR: VM Weak Roots               36 us, workers (us):  36, ---, 
[10.189s][info   ][gc,stats    ]     CWR: CLDG Roots                   3 us, workers (us):   3, ---, 
[10.189s][info   ][gc,stats    ]   Rendezvous                        413 us
[10.189s][info   ][gc,stats    ] Concurrent Cleanup                  555 us
[10.189s][info   ][gc,stats    ] Concurrent Class Unloading          710 us
[10.189s][info   ][gc,stats    ]   Unlink Stale                      287 us
[10.189s][info   ][gc,stats    ]     System Dictionary                 6 us
[10.189s][info   ][gc,stats    ]     Weak Class Links                  1 us
[10.189s][info   ][gc,stats    ]     Code Roots                      277 us
[10.189s][info   ][gc,stats    ]   Rendezvous                        269 us
[10.189s][info   ][gc,stats    ]   Purge Unlinked                    117 us
[10.189s][info   ][gc,stats    ]     Code Roots                       96 us
[10.189s][info   ][gc,stats    ]     CLDG                             18 us
[10.189s][info   ][gc,stats    ]     Exception Caches                  0 us
[10.189s][info   ][gc,stats    ] Pause Final Roots (G)               535 us
[10.189s][info   ][gc,stats    ] Pause Final Roots (N)                23 us
[10.189s][info   ][gc,stats    ] Pacing                            37502 us
[10.189s][info   ][gc,stats    ] 
[10.189s][info   ][gc,stats    ] Allocation pacing accrued:
[10.189s][info   ][gc,stats    ]       8 of    63 ms ( 12.7%): Thread-1
[10.190s][info   ][gc,stats    ]       8 of    63 ms ( 12.0%): Thread-2
[10.190s][info   ][gc,stats    ]       7 of    63 ms ( 10.9%): Thread-3
[10.190s][info   ][gc,stats    ]       7 of    63 ms ( 11.2%): Thread-4
[10.190s][info   ][gc,stats    ]       8 of    63 ms ( 13.1%): Thread-5
[10.190s][info   ][gc,stats    ]      38 of    63 ms ( 59.9%): <total>
[10.190s][info   ][gc,stats    ]       2 of    63 ms (  3.2%): <average total>
[10.190s][info   ][gc,stats    ]       8 of    63 ms ( 12.0%): <average non-zero>
[10.190s][info   ][gc,stats    ] 
[10.190s][info   ][gc,metaspace] Metaspace: 213K(448K)->213K(448K) NonClass: 204K(320K)->204K(320K) Class: 9K(128K)->9K(128K)
[10.190s][info   ][gc,ergo     ] Pacer for Idle. Initial: 41943K, Alloc Tax Rate: 1.0x
[10.251s][info   ][gc          ] Trigger: Average GC time (43.74 ms) is above the time for average allocation rate (14821 MB/s) to deplete free headroom (639M) (margin of error = 1.86)
[10.251s][info   ][gc,ergo     ] Free headroom: 742M (free) - 102M (spike) - 0B (penalties) = 639M
[10.251s][info   ][gc,ergo     ] Free: 742M, Max: 1024K regular, 408M humongous, Frag: 46% external, 0% internal; Reserve: 103M, Max: 1024K
[10.251s][info   ][gc,start    ] GC(147) Concurrent reset
[10.251s][info   ][gc,task     ] GC(147) Using 1 of 2 workers for concurrent reset
[10.251s][info   ][gc,ergo     ] GC(147) Pacer for Reset. Non-Taxable: 2048M
[10.258s][info   ][gc          ] GC(147) Concurrent reset 6.309ms
[10.263s][info   ][gc,start    ] GC(147) Pause Init Mark (unload classes)
[10.263s][info   ][gc,task     ] GC(147) Using 2 of 2 workers for init marking
[10.263s][info   ][gc,ergo     ] GC(147) Pacer for Mark. Expected Live: 144M, Free: 590M, Non-Taxable: 60416K, Alloc Tax Rate: 0.3x
[10.263s][info   ][gc          ] GC(147) Pause Init Mark (unload classes) 0.287ms
[10.267s][info   ][gc,start    ] GC(147) Concurrent marking roots
[10.267s][info   ][gc,task     ] GC(147) Using 1 of 2 workers for concurrent marking roots
[10.268s][info   ][gc          ] GC(147) Concurrent marking roots 0.616ms
[10.268s][info   ][gc,start    ] GC(147) Concurrent marking (unload classes)
[10.268s][info   ][gc,task     ] GC(147) Using 1 of 2 workers for concurrent marking
[10.269s][info   ][gc          ] GC(147) Concurrent marking (unload classes) 1.464ms
[10.269s][info   ][gc,start    ] GC(147) Pause Final Mark (unload classes)
[10.269s][info   ][gc,task     ] GC(147) Using 2 of 2 workers for final marking
[10.270s][info   ][gc,ergo     ] GC(147) Collectable Garbage: 586M (98%), Immediate: 586M (98%), CSet: 0B (0%)
[10.270s][info   ][gc          ] GC(147) Pause Final Mark (unload classes) 0.379ms
[10.270s][info   ][gc,start    ] GC(147) Concurrent weak references
[10.270s][info   ][gc,task     ] GC(147) Using 1 of 2 workers for concurrent weak references
[10.275s][info   ][gc,ref      ] GC(147) Encountered references: Soft: 11, Weak: 37, Final: 0, Phantom: 5
[10.275s][info   ][gc,ref      ] GC(147) Discovered  references: Soft: 0, Weak: 11, Final: 0, Phantom: 5
[10.275s][info   ][gc,ref      ] GC(147) Enqueued    references: Soft: 0, Weak: 0, Final: 0, Phantom: 0
[10.276s][info   ][gc          ] GC(147) Concurrent weak references 5.915ms
[10.276s][info   ][gc,start    ] GC(147) Concurrent weak roots
[10.276s][info   ][gc,task     ] GC(147) Using 1 of 2 workers for concurrent weak root
[10.290s][info   ][gc          ] GC(147) Concurrent weak roots 14.236ms
[10.290s][info   ][gc,start    ] GC(147) Concurrent cleanup
[10.291s][info   ][gc          ] GC(147) Concurrent cleanup 855M->273M(2048M) 0.778ms
[10.291s][info   ][gc,ergo     ] GC(147) Free: 1406M, Max: 1024K regular, 242M humongous, Frag: 83% external, 0% internal; Reserve: 103M, Max: 1024K
[10.291s][info   ][gc,start    ] GC(147) Concurrent class unloading
[10.291s][info   ][gc,task     ] GC(147) Using 1 of 2 workers for concurrent class unloading
[10.292s][info   ][gc          ] GC(147) Concurrent class unloading 0.649ms
[10.292s][info   ][gc,start    ] GC(147) Pause Final Roots
[10.292s][info   ][gc          ] GC(147) Pause Final Roots 0.019ms
[10.292s][info   ][gc,ergo     ] Free: 1406M, Max: 1024K regular, 242M humongous, Frag: 83% external, 0% internal; Reserve: 103M, Max: 1024K
[10.292s][info   ][gc,stats    ] 
[10.292s][info   ][gc,stats    ] All times are wall-clock times, except per-root-class counters, that are sum over
[10.292s][info   ][gc,stats    ] all workers. Dividing the <total> over the root stage time estimates parallelism.
[10.292s][info   ][gc,stats    ] 
[10.292s][info   ][gc,stats    ] Concurrent Reset                   6564 us
[10.292s][info   ][gc,stats    ] Pause Init Mark (G)                9119 us
[10.292s][info   ][gc,stats    ] Pause Init Mark (N)                 312 us
[10.292s][info   ][gc,stats    ]   Update Region States              160 us
[10.292s][info   ][gc,stats    ] Concurrent Mark Roots               633 us, parallelism: 0.23x
[10.292s][info   ][gc,stats    ]   CMR: <total>                      146 us
[10.292s][info   ][gc,stats    ]   CMR: Thread Roots                 102 us, workers (us): 102, ---, 
[10.292s][info   ][gc,stats    ]   CMR: VM Strong Roots                8 us, workers (us):   8, ---, 
[10.292s][info   ][gc,stats    ]   CMR: CLDG Roots                    36 us, workers (us):  36, ---, 
[10.292s][info   ][gc,stats    ] Concurrent Marking                 1487 us
[10.292s][info   ][gc,stats    ] Pause Final Mark (G)                478 us
[10.292s][info   ][gc,stats    ] Pause Final Mark (N)                388 us
[10.292s][info   ][gc,stats    ]   Finish Mark                       122 us
[10.292s][info   ][gc,stats    ]   Update Region States              112 us
[10.292s][info   ][gc,stats    ]   Choose Collection Set             106 us
[10.292s][info   ][gc,stats    ]   Rebuild Free Set                    9 us
[10.292s][info   ][gc,stats    ] Concurrent Weak References         5989 us, parallelism: 0.00x
[10.292s][info   ][gc,stats    ]   CWRF: <total>                      17 us
[10.292s][info   ][gc,stats    ]   CWRF: Weak References              17 us, workers (us):  17, ---, 
[10.292s][info   ][gc,stats    ] Concurrent Weak Roots             14388 us
[10.292s][info   ][gc,stats    ]   Roots                            5739 us, parallelism: 0.03x
[10.292s][info   ][gc,stats    ]     CWR: <total>                    174 us
[10.292s][info   ][gc,stats    ]     CWR: Code Cache Roots           104 us, workers (us): 104, ---, 
[10.292s][info   ][gc,stats    ]     CWR: VM Weak Roots               65 us, workers (us):  65, ---, 
[10.292s][info   ][gc,stats    ]     CWR: CLDG Roots                   5 us, workers (us):   5, ---, 
[10.292s][info   ][gc,stats    ]   Rendezvous                       8400 us
[10.292s][info   ][gc,stats    ] Concurrent Cleanup                  795 us
[10.292s][info   ][gc,stats    ] Concurrent Class Unloading          673 us
[10.292s][info   ][gc,stats    ]   Unlink Stale                      384 us
[10.292s][info   ][gc,stats    ]     System Dictionary                36 us
[10.292s][info   ][gc,stats    ]     Weak Class Links                  1 us
[10.292s][info   ][gc,stats    ]     Code Roots                      343 us
[10.292s][info   ][gc,stats    ]   Rendezvous                        187 us
[10.292s][info   ][gc,stats    ]   Purge Unlinked                     54 us
[10.292s][info   ][gc,stats    ]     Code Roots                       24 us
[10.292s][info   ][gc,stats    ]     CLDG                             27 us
[10.292s][info   ][gc,stats    ]     Exception Caches                  1 us
[10.292s][info   ][gc,stats    ] Pause Final Roots (G)               117 us
[10.292s][info   ][gc,stats    ] Pause Final Roots (N)                26 us
[10.292s][info   ][gc,stats    ] Pacing                           106965 us
[10.292s][info   ][gc,stats    ] 
[10.292s][info   ][gc,stats    ] Allocation pacing accrued:
[10.292s][info   ][gc,stats    ]       3 of   103 ms (  2.5%): Thread-0
[10.292s][info   ][gc,stats    ]      11 of   103 ms ( 10.5%): Thread-1
[10.292s][info   ][gc,stats    ]      17 of   103 ms ( 16.1%): Thread-2
[10.292s][info   ][gc,stats    ]      16 of   103 ms ( 15.9%): Thread-3
[10.292s][info   ][gc,stats    ]      16 of   103 ms ( 15.9%): Thread-4
[10.292s][info   ][gc,stats    ]      20 of   103 ms ( 19.2%): Thread-5
[10.292s][info   ][gc,stats    ]      14 of   103 ms ( 13.2%): Thread-6
[10.292s][info   ][gc,stats    ]      11 of   103 ms ( 10.9%): Thread-7
[10.292s][info   ][gc,stats    ]     107 of   103 ms (104.2%): <total>
[10.292s][info   ][gc,stats    ]       6 of   103 ms (  5.5%): <average total>
[10.292s][info   ][gc,stats    ]      13 of   103 ms ( 13.0%): <average non-zero>
[10.292s][info   ][gc,stats    ] 
[10.292s][info   ][gc,metaspace] Metaspace: 213K(448K)->213K(448K) NonClass: 204K(320K)->204K(320K) Class: 9K(128K)->9K(128K)
[10.292s][info   ][gc,ergo     ] Pacer for Idle. Initial: 41943K, Alloc Tax Rate: 1.0x
[10.335s][info   ][gc          ] Trigger: Average GC time (51.42 ms) is above the time for average allocation rate (14845 MB/s) to deplete free headroom (755M) (margin of error = 1.87)
[10.335s][info   ][gc,ergo     ] Free headroom: 858M (free) - 102M (spike) - 0B (penalties) = 755M
[10.336s][info   ][gc,ergo     ] Free: 856M, Max: 1024K regular, 242M humongous, Frag: 72% external, 0% internal; Reserve: 103M, Max: 1024K
[10.336s][info   ][gc,start    ] GC(148) Concurrent reset
[10.336s][info   ][gc,task     ] GC(148) Using 1 of 2 workers for concurrent reset
[10.336s][info   ][gc,ergo     ] GC(148) Pacer for Reset. Non-Taxable: 2048M
[10.344s][info   ][gc          ] GC(148) Concurrent reset 8.212ms
[10.348s][info   ][gc,start    ] GC(148) Pause Init Mark (unload classes)
[10.349s][info   ][gc,task     ] GC(148) Using 2 of 2 workers for init marking
[10.349s][info   ][gc,ergo     ] GC(148) Pacer for Mark. Expected Live: 123M, Free: 684M, Non-Taxable: 70041K, Alloc Tax Rate: 0.2x
[10.349s][info   ][gc          ] GC(148) Pause Init Mark (unload classes) 0.676ms
[10.353s][info   ][gc,start    ] GC(148) Concurrent marking roots
[10.353s][info   ][gc,task     ] GC(148) Using 1 of 2 workers for concurrent marking roots
[10.354s][info   ][gc          ] GC(148) Concurrent marking roots 0.393ms
[10.354s][info   ][gc,start    ] GC(148) Concurrent marking (unload classes)
[10.354s][info   ][gc,task     ] GC(148) Using 1 of 2 workers for concurrent marking
[10.356s][info   ][gc          ] GC(148) Concurrent marking (unload classes) 1.938ms
[10.356s][info   ][gc,start    ] GC(148) Pause Final Mark (unload classes)
[10.356s][info   ][gc,task     ] GC(148) Using 2 of 2 workers for final marking
[10.356s][info   ][gc,ergo     ] GC(148) Collectable Garbage: 516M (98%), Immediate: 516M (98%), CSet: 0B (0%)
[10.356s][info   ][gc          ] GC(148) Pause Final Mark (unload classes) 0.230ms
[10.356s][info   ][gc,start    ] GC(148) Concurrent weak references
[10.356s][info   ][gc,task     ] GC(148) Using 1 of 2 workers for concurrent weak references
[10.356s][info   ][gc,ref      ] GC(148) Encountered references: Soft: 11, Weak: 37, Final: 0, Phantom: 5
[10.356s][info   ][gc,ref      ] GC(148) Discovered  references: Soft: 0, Weak: 11, Final: 0, Phantom: 5
[10.356s][info   ][gc,ref      ] GC(148) Enqueued    references: Soft: 0, Weak: 0, Final: 0, Phantom: 0
[10.356s][info   ][gc          ] GC(148) Concurrent weak references 0.098ms
[10.356s][info   ][gc,start    ] GC(148) Concurrent weak roots
[10.356s][info   ][gc,task     ] GC(148) Using 1 of 2 workers for concurrent weak root
[10.356s][info   ][gc          ] GC(148) Concurrent weak roots 0.241ms
[10.356s][info   ][gc,start    ] GC(148) Concurrent cleanup
[10.357s][info   ][gc          ] GC(148) Concurrent cleanup 668M->152M(2048M) 0.564ms
[10.357s][info   ][gc,ergo     ] GC(148) Free: 1648M, Max: 1024K regular, 664M humongous, Frag: 60% external, 0% internal; Reserve: 103M, Max: 1024K
[10.357s][info   ][gc,start    ] GC(148) Concurrent class unloading
[10.357s][info   ][gc,task     ] GC(148) Using 1 of 2 workers for concurrent class unloading
[10.357s][info   ][gc          ] GC(148) Concurrent class unloading 0.349ms
[10.357s][info   ][gc,start    ] GC(148) Pause Final Roots
[10.357s][info   ][gc          ] GC(148) Pause Final Roots 0.015ms
[10.357s][info   ][gc,ergo     ] Free: 1648M, Max: 1024K regular, 664M humongous, Frag: 60% external, 0% internal; Reserve: 103M, Max: 1024K
[10.357s][info   ][gc,stats    ] 
[10.357s][info   ][gc,stats    ] All times are wall-clock times, except per-root-class counters, that are sum over
[10.357s][info   ][gc,stats    ] all workers. Dividing the <total> over the root stage time estimates parallelism.
[10.357s][info   ][gc,stats    ] 
[10.357s][info   ][gc,stats    ] Concurrent Reset                   8491 us
[10.357s][info   ][gc,stats    ] Pause Init Mark (G)                8993 us
[10.357s][info   ][gc,stats    ] Pause Init Mark (N)                 688 us
[10.357s][info   ][gc,stats    ]   Update Region States              488 us
[10.357s][info   ][gc,stats    ] Concurrent Mark Roots               420 us, parallelism: 0.39x
[10.357s][info   ][gc,stats    ]   CMR: <total>                      164 us
[10.357s][info   ][gc,stats    ]   CMR: Thread Roots                 122 us, workers (us): 122, ---, 
[10.357s][info   ][gc,stats    ]   CMR: VM Strong Roots                7 us, workers (us):   7, ---, 
[10.357s][info   ][gc,stats    ]   CMR: CLDG Roots                    35 us, workers (us):  35, ---, 
[10.357s][info   ][gc,stats    ] Concurrent Marking                 1965 us
[10.357s][info   ][gc,stats    ] Pause Final Mark (G)                326 us
[10.357s][info   ][gc,stats    ] Pause Final Mark (N)                238 us
[10.357s][info   ][gc,stats    ]   Finish Mark                        47 us
[10.357s][info   ][gc,stats    ]   Update Region States               37 us
[10.357s][info   ][gc,stats    ]   Choose Collection Set             102 us
[10.357s][info   ][gc,stats    ]   Rebuild Free Set                   10 us
[10.357s][info   ][gc,stats    ] Concurrent Weak References          106 us, parallelism: 0.03x
[10.357s][info   ][gc,stats    ]   CWRF: <total>                       4 us
[10.357s][info   ][gc,stats    ]   CWRF: Weak References               4 us, workers (us):   4, ---, 
[10.357s][info   ][gc,stats    ] Concurrent Weak Roots               259 us
[10.357s][info   ][gc,stats    ]   Roots                             157 us, parallelism: 0.40x
[10.357s][info   ][gc,stats    ]     CWR: <total>                     63 us
[10.358s][info   ][gc,stats    ]     CWR: Code Cache Roots            32 us, workers (us):  32, ---, 
[10.358s][info   ][gc,stats    ]     CWR: VM Weak Roots               28 us, workers (us):  28, ---, 
[10.358s][info   ][gc,stats    ]     CWR: CLDG Roots                   2 us, workers (us):   2, ---, 
[10.358s][info   ][gc,stats    ]   Rendezvous                         68 us
[10.358s][info   ][gc,stats    ] Concurrent Cleanup                  582 us
[10.358s][info   ][gc,stats    ] Concurrent Class Unloading          368 us
[10.358s][info   ][gc,stats    ]   Unlink Stale                      146 us
[10.358s][info   ][gc,stats    ]     System Dictionary                 4 us
[10.358s][info   ][gc,stats    ]     Weak Class Links                  1 us
[10.358s][info   ][gc,stats    ]     Code Roots                      138 us
[10.358s][info   ][gc,stats    ]   Rendezvous                         88 us
[10.358s][info   ][gc,stats    ]   Purge Unlinked                     95 us
[10.358s][info   ][gc,stats    ]     Code Roots                       74 us
[10.358s][info   ][gc,stats    ]     CLDG                             19 us
[10.358s][info   ][gc,stats    ]     Exception Caches                  1 us
[10.358s][info   ][gc,stats    ] Pause Final Roots (G)                99 us
[10.358s][info   ][gc,stats    ] Pause Final Roots (N)                22 us
[10.358s][info   ][gc,stats    ] Pacing                            79869 us
[10.358s][info   ][gc,stats    ] 
[10.358s][info   ][gc,stats    ] Allocation pacing accrued:
[10.358s][info   ][gc,stats    ]      13 of    66 ms ( 20.2%): Thread-0
[10.358s][info   ][gc,stats    ]      11 of    66 ms ( 16.3%): Thread-1
[10.358s][info   ][gc,stats    ]      11 of    66 ms ( 16.3%): Thread-3
[10.358s][info   ][gc,stats    ]      10 of    66 ms ( 15.6%): Thread-4
[10.358s][info   ][gc,stats    ]      10 of    66 ms ( 15.6%): Thread-5
[10.358s][info   ][gc,stats    ]      13 of    66 ms ( 19.8%): Thread-6
[10.358s][info   ][gc,stats    ]      12 of    66 ms ( 18.1%): Thread-7
[10.358s][info   ][gc,stats    ]      80 of    66 ms (121.9%): <total>
[10.358s][info   ][gc,stats    ]       4 of    66 ms (  6.4%): <average total>
[10.358s][info   ][gc,stats    ]      11 of    66 ms ( 17.4%): <average non-zero>
[10.358s][info   ][gc,stats    ] 
[10.358s][info   ][gc,metaspace] Metaspace: 213K(448K)->213K(448K) NonClass: 204K(320K)->204K(320K) Class: 9K(128K)->9K(128K)
[10.358s][info   ][gc,ergo     ] Pacer for Idle. Initial: 41943K, Alloc Tax Rate: 1.0x
[10.418s][info   ][gc          ] Trigger: Average GC time (44.18 ms) is above the time for average allocation rate (14822 MB/s) to deplete free headroom (651M) (margin of error = 1.86)
[10.418s][info   ][gc,ergo     ] Free headroom: 754M (free) - 102M (spike) - 0B (penalties) = 651M
[10.418s][info   ][gc,ergo     ] Free: 752M, Max: 1024K regular, 298M humongous, Frag: 61% external, 0% internal; Reserve: 103M, Max: 1024K
[10.418s][info   ][gc,start    ] GC(149) Concurrent reset
[10.419s][info   ][gc,task     ] GC(149) Using 1 of 2 workers for concurrent reset
[10.419s][info   ][gc,ergo     ] GC(149) Pacer for Reset. Non-Taxable: 2048M
[10.428s][info   ][gc          ] GC(149) Concurrent reset 9.902ms
[10.431s][info   ][gc,start    ] GC(149) Pause Init Mark (unload classes)
[10.431s][info   ][gc,task     ] GC(149) Using 2 of 2 workers for init marking
[10.431s][info   ][gc,ergo     ] GC(149) Pacer for Mark. Expected Live: 111M, Free: 588M, Non-Taxable: 60211K, Alloc Tax Rate: 0.2x
[10.432s][info   ][gc          ] GC(149) Pause Init Mark (unload classes) 0.158ms
[10.435s][info   ][gc,start    ] GC(149) Concurrent marking roots
[10.435s][info   ][gc,task     ] GC(149) Using 1 of 2 workers for concurrent marking roots
[10.435s][info   ][gc          ] GC(149) Concurrent marking roots 0.595ms
[10.435s][info   ][gc,start    ] GC(149) Concurrent marking (unload classes)
[10.435s][info   ][gc,task     ] GC(149) Using 1 of 2 workers for concurrent marking
[10.437s][info   ][gc          ] GC(149) Concurrent marking (unload classes) 1.437ms
[10.437s][info   ][gc,start    ] GC(149) Pause Final Mark (unload classes)
[10.437s][info   ][gc,task     ] GC(149) Using 2 of 2 workers for final marking
[10.437s][info   ][gc,ergo     ] GC(149) Collectable Garbage: 592M (98%), Immediate: 592M (98%), CSet: 0B (0%)
[10.437s][info   ][gc          ] GC(149) Pause Final Mark (unload classes) 0.455ms
[10.437s][info   ][gc,start    ] GC(149) Concurrent weak references
[10.437s][info   ][gc,task     ] GC(149) Using 1 of 2 workers for concurrent weak references
[10.437s][info   ][gc,ref      ] GC(149) Encountered references: Soft: 11, Weak: 37, Final: 0, Phantom: 5
[10.438s][info   ][gc,ref      ] GC(149) Discovered  references: Soft: 0, Weak: 11, Final: 0, Phantom: 5
[10.438s][info   ][gc,ref      ] GC(149) Enqueued    references: Soft: 0, Weak: 0, Final: 0, Phantom: 0
[10.438s][info   ][gc          ] GC(149) Concurrent weak references 0.160ms
[10.438s][info   ][gc,start    ] GC(149) Concurrent weak roots
[10.438s][info   ][gc,task     ] GC(149) Using 1 of 2 workers for concurrent weak root
[10.442s][info   ][gc          ] GC(149) Concurrent weak roots 4.747ms
[10.442s][info   ][gc,start    ] GC(149) Concurrent cleanup
[10.444s][info   ][gc          ] GC(149) Concurrent cleanup 750M->171M(2048M) 1.690ms
[10.444s][info   ][gc,ergo     ] GC(149) Free: 1608M, Max: 1024K regular, 460M humongous, Frag: 72% external, 0% internal; Reserve: 103M, Max: 1024K
[10.444s][info   ][gc,start    ] GC(149) Concurrent class unloading
[10.444s][info   ][gc,task     ] GC(149) Using 1 of 2 workers for concurrent class unloading
[10.456s][info   ][gc          ] GC(149) Concurrent class unloading 11.852ms
[10.457s][info   ][gc,start    ] GC(149) Pause Final Roots
[10.457s][info   ][gc          ] GC(149) Pause Final Roots 0.032ms
[10.462s][info   ][gc,ergo     ] Free: 1368M, Max: 1024K regular, 460M humongous, Frag: 67% external, 0% internal; Reserve: 103M, Max: 1024K
[10.462s][info   ][gc,stats    ] 
[10.462s][info   ][gc,stats    ] All times are wall-clock times, except per-root-class counters, that are sum over
[10.462s][info   ][gc,stats    ] all workers. Dividing the <total> over the root stage time estimates parallelism.
[10.462s][info   ][gc,stats    ] 
[10.462s][info   ][gc,stats    ] Concurrent Reset                  10205 us
[10.462s][info   ][gc,stats    ] Pause Init Mark (G)                6104 us
[10.462s][info   ][gc,stats    ] Pause Init Mark (N)                 167 us
[10.462s][info   ][gc,stats    ]   Update Region States               80 us
[10.462s][info   ][gc,stats    ] Concurrent Mark Roots               615 us, parallelism: 0.41x
[10.462s][info   ][gc,stats    ]   CMR: <total>                      253 us
[10.462s][info   ][gc,stats    ]   CMR: Thread Roots                 183 us, workers (us): 183, ---, 
[10.462s][info   ][gc,stats    ]   CMR: VM Strong Roots                8 us, workers (us):   8, ---, 
[10.462s][info   ][gc,stats    ]   CMR: CLDG Roots                    61 us, workers (us):  61, ---, 
[10.462s][info   ][gc,stats    ] Concurrent Marking                 1456 us
[10.462s][info   ][gc,stats    ] Pause Final Mark (G)                557 us
[10.462s][info   ][gc,stats    ] Pause Final Mark (N)                466 us
[10.462s][info   ][gc,stats    ]   Finish Mark                       131 us
[10.462s][info   ][gc,stats    ]   Update Region States              121 us
[10.462s][info   ][gc,stats    ]   Choose Collection Set             161 us
[10.462s][info   ][gc,stats    ]   Rebuild Free Set                   10 us
[10.462s][info   ][gc,stats    ] Concurrent Weak References          186 us, parallelism: 0.01x
[10.462s][info   ][gc,stats    ]   CWRF: <total>                       2 us
[10.462s][info   ][gc,stats    ]   CWRF: Weak References               2 us, workers (us):   2, ---, 
[10.462s][info   ][gc,stats    ] Concurrent Weak Roots              4900 us
[10.462s][info   ][gc,stats    ]   Roots                             111 us, parallelism: 0.41x
[10.462s][info   ][gc,stats    ]     CWR: <total>                     46 us
[10.462s][info   ][gc,stats    ]     CWR: Code Cache Roots            24 us, workers (us):  24, ---, 
[10.462s][info   ][gc,stats    ]     CWR: VM Weak Roots               20 us, workers (us):  20, ---, 
[10.462s][info   ][gc,stats    ]     CWR: CLDG Roots                   1 us, workers (us):   1, ---, 
[10.462s][info   ][gc,stats    ]   Rendezvous                       4603 us
[10.462s][info   ][gc,stats    ] Concurrent Cleanup                 1807 us
[10.462s][info   ][gc,stats    ] Concurrent Class Unloading        12012 us
[10.462s][info   ][gc,stats    ]   Unlink Stale                     3760 us
[10.462s][info   ][gc,stats    ]     System Dictionary                20 us
[10.462s][info   ][gc,stats    ]     Weak Class Links                  2 us
[10.462s][info   ][gc,stats    ]     Code Roots                     3726 us
[10.462s][info   ][gc,stats    ]   Rendezvous                       7289 us
[10.462s][info   ][gc,stats    ]   Purge Unlinked                    708 us
[10.462s][info   ][gc,stats    ]     Code Roots                      678 us
[10.462s][info   ][gc,stats    ]     CLDG                             24 us
[10.462s][info   ][gc,stats    ]     Exception Caches                  2 us
[10.462s][info   ][gc,stats    ] Pause Final Roots (G)              5256 us
[10.462s][info   ][gc,stats    ] Pause Final Roots (N)                42 us
[10.462s][info   ][gc,stats    ] Pacing                            94405 us
[10.462s][info   ][gc,stats    ] 
[10.462s][info   ][gc,stats    ] Allocation pacing accrued:
[10.462s][info   ][gc,stats    ]       8 of   105 ms (  7.9%): Thread-0
[10.462s][info   ][gc,stats    ]      12 of   105 ms ( 11.8%): Thread-1
[10.462s][info   ][gc,stats    ]       8 of   105 ms (  7.6%): Thread-2
[10.462s][info   ][gc,stats    ]      11 of   105 ms ( 10.5%): Thread-3
[10.462s][info   ][gc,stats    ]       5 of   105 ms (  5.0%): Thread-4
[10.462s][info   ][gc,stats    ]      12 of   105 ms ( 11.8%): Thread-5
[10.462s][info   ][gc,stats    ]      14 of   105 ms ( 13.3%): Thread-6
[10.462s][info   ][gc,stats    ]      23 of   105 ms ( 22.3%): Thread-7
[10.462s][info   ][gc,stats    ]      94 of   105 ms ( 90.2%): <total>
[10.462s][info   ][gc,stats    ]       5 of   105 ms (  4.7%): <average total>
[10.462s][info   ][gc,stats    ]      12 of   105 ms ( 11.3%): <average non-zero>
[10.462s][info   ][gc,stats    ] 
[10.462s][info   ][gc,metaspace] Metaspace: 213K(448K)->213K(448K) NonClass: 204K(320K)->204K(320K) Class: 9K(128K)->9K(128K)
[10.462s][info   ][gc,ergo     ] Pacer for Idle. Initial: 41943K, Alloc Tax Rate: 1.0x
[10.495s][info   ][gc          ] Trigger: Average GC time (54.41 ms) is above the time for average allocation rate (14851 MB/s) to deplete free headroom (799M) (margin of error = 1.87)
[10.495s][info   ][gc,ergo     ] Free headroom: 902M (free) - 102M (spike) - 0B (penalties) = 799M
[10.495s][info   ][gc,ergo     ] Free: 900M, Max: 1024K regular, 460M humongous, Frag: 49% external, 0% internal; Reserve: 103M, Max: 1024K
[10.495s][info   ][gc,start    ] GC(150) Concurrent reset
[10.495s][info   ][gc,task     ] GC(150) Using 1 of 2 workers for concurrent reset
[10.496s][info   ][gc,ergo     ] GC(150) Pacer for Reset. Non-Taxable: 2048M
[10.501s][info   ][gc          ] GC(150) Concurrent reset 5.944ms
[10.506s][info   ][gc,start    ] GC(150) Pause Init Mark (unload classes)
[10.506s][info   ][gc,task     ] GC(150) Using 2 of 2 workers for init marking
[10.506s][info   ][gc,ergo     ] GC(150) Pacer for Mark. Expected Live: 101722K, Free: 780M, Non-Taxable: 79872K, Alloc Tax Rate: 0.2x
[10.506s][info   ][gc          ] GC(150) Pause Init Mark (unload classes) 0.224ms
[10.506s][info   ][gc,start    ] GC(150) Concurrent marking roots
[10.506s][info   ][gc,task     ] GC(150) Using 1 of 2 workers for concurrent marking roots
[10.511s][info   ][gc          ] GC(150) Concurrent marking roots 4.615ms
[10.511s][info   ][gc,start    ] GC(150) Concurrent marking (unload classes)
[10.511s][info   ][gc,task     ] GC(150) Using 1 of 2 workers for concurrent marking
[10.513s][info   ][gc          ] GC(150) Concurrent marking (unload classes) 1.698ms
[10.513s][info   ][gc,start    ] GC(150) Pause Final Mark (unload classes)
[10.513s][info   ][gc,task     ] GC(150) Using 2 of 2 workers for final marking
[10.514s][info   ][gc,ergo     ] GC(150) Collectable Garbage: 552M (98%), Immediate: 552M (98%), CSet: 0B (0%)
[10.514s][info   ][gc          ] GC(150) Pause Final Mark (unload classes) 0.440ms
[10.514s][info   ][gc,start    ] GC(150) Concurrent weak references
[10.514s][info   ][gc,task     ] GC(150) Using 1 of 2 workers for concurrent weak references
[10.514s][info   ][gc,ref      ] GC(150) Encountered references: Soft: 11, Weak: 37, Final: 0, Phantom: 5
[10.514s][info   ][gc,ref      ] GC(150) Discovered  references: Soft: 0, Weak: 11, Final: 0, Phantom: 5
[10.514s][info   ][gc,ref      ] GC(150) Enqueued    references: Soft: 0, Weak: 0, Final: 0, Phantom: 0
[10.514s][info   ][gc          ] GC(150) Concurrent weak references 0.156ms
[10.514s][info   ][gc,start    ] GC(150) Concurrent weak roots
[10.514s][info   ][gc,task     ] GC(150) Using 1 of 2 workers for concurrent weak root
[10.515s][info   ][gc          ] GC(150) Concurrent weak roots 1.105ms
[10.515s][info   ][gc,start    ] GC(150) Concurrent cleanup
[10.516s][info   ][gc          ] GC(150) Concurrent cleanup 639M->91M(2048M) 0.623ms
[10.516s][info   ][gc,ergo     ] GC(150) Free: 1770M, Max: 1024K regular, 954M humongous, Frag: 47% external, 0% internal; Reserve: 103M, Max: 1024K
[10.516s][info   ][gc,start    ] GC(150) Concurrent class unloading
[10.516s][info   ][gc,task     ] GC(150) Using 1 of 2 workers for concurrent class unloading
[10.516s][info   ][gc          ] GC(150) Concurrent class unloading 0.623ms
[10.517s][info   ][gc,start    ] GC(150) Pause Final Roots
[10.517s][info   ][gc          ] GC(150) Pause Final Roots 0.023ms
[10.517s][info   ][gc,ergo     ] Free: 1756M, Max: 1024K regular, 954M humongous, Frag: 46% external, 0% internal; Reserve: 103M, Max: 1024K
[10.517s][info   ][gc,stats    ] 
[10.517s][info   ][gc,stats    ] All times are wall-clock times, except per-root-class counters, that are sum over
[10.517s][info   ][gc,stats    ] all workers. Dividing the <total> over the root stage time estimates parallelism.
[10.517s][info   ][gc,stats    ] 
[10.517s][info   ][gc,stats    ] Concurrent Reset                   6195 us
[10.517s][info   ][gc,stats    ] Pause Init Mark (G)                5012 us
[10.517s][info   ][gc,stats    ] Pause Init Mark (N)                 233 us
[10.517s][info   ][gc,stats    ]   Update Region States              136 us
[10.517s][info   ][gc,stats    ] Concurrent Mark Roots              4748 us, parallelism: 0.05x
[10.517s][info   ][gc,stats    ]   CMR: <total>                      226 us
[10.517s][info   ][gc,stats    ]   CMR: Thread Roots                 153 us, workers (us): 153, ---, 
[10.517s][info   ][gc,stats    ]   CMR: VM Strong Roots               13 us, workers (us):  13, ---, 
[10.517s][info   ][gc,stats    ]   CMR: CLDG Roots                    59 us, workers (us):  59, ---, 
[10.517s][info   ][gc,stats    ] Concurrent Marking                 1733 us
[10.517s][info   ][gc,stats    ] Pause Final Mark (G)                861 us
[10.517s][info   ][gc,stats    ] Pause Final Mark (N)                451 us
[10.517s][info   ][gc,stats    ]   Finish Mark                       137 us
[10.517s][info   ][gc,stats    ]   Update Region States              131 us
[10.517s][info   ][gc,stats    ]   Choose Collection Set             108 us
[10.517s][info   ][gc,stats    ]   Rebuild Free Set                   11 us
[10.517s][info   ][gc,stats    ] Concurrent Weak References          164 us, parallelism: 0.02x
[10.517s][info   ][gc,stats    ]   CWRF: <total>                       3 us
[10.517s][info   ][gc,stats    ]   CWRF: Weak References               3 us, workers (us):   3, ---, 
[10.517s][info   ][gc,stats    ] Concurrent Weak Roots              1125 us
[10.517s][info   ][gc,stats    ]   Roots                             642 us, parallelism: 0.13x
[10.517s][info   ][gc,stats    ]     CWR: <total>                     86 us
[10.517s][info   ][gc,stats    ]     CWR: Code Cache Roots            48 us, workers (us):  48, ---, 
[10.517s][info   ][gc,stats    ]     CWR: VM Weak Roots               35 us, workers (us):  35, ---, 
[10.517s][info   ][gc,stats    ]     CWR: CLDG Roots                   2 us, workers (us):   2, ---, 
[10.517s][info   ][gc,stats    ]   Rendezvous                        445 us
[10.517s][info   ][gc,stats    ] Concurrent Cleanup                  640 us
[10.517s][info   ][gc,stats    ] Concurrent Class Unloading          639 us
[10.517s][info   ][gc,stats    ]   Unlink Stale                      257 us
[10.517s][info   ][gc,stats    ]     System Dictionary                 5 us
[10.517s][info   ][gc,stats    ]     Weak Class Links                  1 us
[10.517s][info   ][gc,stats    ]     Code Roots                      248 us
[10.517s][info   ][gc,stats    ]   Rendezvous                        267 us
[10.517s][info   ][gc,stats    ]   Purge Unlinked                     82 us
[10.517s][info   ][gc,stats    ]     Code Roots                       66 us
[10.517s][info   ][gc,stats    ]     CLDG                             14 us
[10.517s][info   ][gc,stats    ]     Exception Caches                  1 us
[10.517s][info   ][gc,stats    ] Pause Final Roots (G)               572 us
[10.517s][info   ][gc,stats    ] Pause Final Roots (N)                34 us
[10.517s][info   ][gc,stats    ] 
[10.517s][info   ][gc,stats    ] Allocation pacing accrued:
[10.517s][info   ][gc,stats    ]       0 of    55 ms (  0.0%): <total>
[10.517s][info   ][gc,stats    ]       0 of    55 ms (  0.0%): <average total>
[10.517s][info   ][gc,stats    ] 
[10.517s][info   ][gc,metaspace] Metaspace: 213K(448K)->213K(448K) NonClass: 204K(320K)->204K(320K) Class: 9K(128K)->9K(128K)
[10.517s][info   ][gc,ergo     ] Pacer for Idle. Initial: 41943K, Alloc Tax Rate: 1.0x
[10.587s][info   ][gc          ] Trigger: Average GC time (46.95 ms) is above the time for average allocation rate (14820 MB/s) to deplete free headroom (679M) (margin of error = 1.86)
[10.587s][info   ][gc,ergo     ] Free headroom: 782M (free) - 102M (spike) - 0B (penalties) = 679M
[10.587s][info   ][gc,ergo     ] Free: 778M, Max: 1024K regular, 778M humongous, Frag: 0% external, 0% internal; Reserve: 103M, Max: 1024K
[10.587s][info   ][gc,start    ] GC(151) Concurrent reset
[10.587s][info   ][gc,task     ] GC(151) Using 1 of 2 workers for concurrent reset
[10.587s][info   ][gc,ergo     ] GC(151) Pacer for Reset. Non-Taxable: 2048M
[10.598s][info   ][gc          ] GC(151) Concurrent reset 10.738ms
[10.599s][info   ][gc,start    ] GC(151) Pause Init Mark (unload classes)
[10.599s][info   ][gc,task     ] GC(151) Using 2 of 2 workers for init marking
[10.599s][info   ][gc,ergo     ] GC(151) Pacer for Mark. Expected Live: 84928K, Free: 622M, Non-Taxable: 63692K, Alloc Tax Rate: 0.2x
[10.599s][info   ][gc          ] GC(151) Pause Init Mark (unload classes) 0.115ms
[10.599s][info   ][gc,start    ] GC(151) Concurrent marking roots
[10.599s][info   ][gc,task     ] GC(151) Using 1 of 2 workers for concurrent marking roots
[10.602s][info   ][gc          ] GC(151) Concurrent marking roots 3.680ms
[10.603s][info   ][gc,start    ] GC(151) Concurrent marking (unload classes)
[10.603s][info   ][gc,task     ] GC(151) Using 1 of 2 workers for concurrent marking
[10.604s][info   ][gc          ] GC(151) Concurrent marking (unload classes) 1.613ms
[10.604s][info   ][gc,start    ] GC(151) Pause Final Mark (unload classes)
[10.604s][info   ][gc,task     ] GC(151) Using 2 of 2 workers for final marking
[10.605s][info   ][gc,ergo     ] GC(151) Collectable Garbage: 645M (99%), Immediate: 645M (99%), CSet: 0B (0%)
[10.605s][info   ][gc          ] GC(151) Pause Final Mark (unload classes) 0.321ms
[10.605s][info   ][gc,start    ] GC(151) Concurrent weak references
[10.605s][info   ][gc,task     ] GC(151) Using 1 of 2 workers for concurrent weak references
[10.605s][info   ][gc,ref      ] GC(151) Encountered references: Soft: 11, Weak: 37, Final: 0, Phantom: 5
[10.605s][info   ][gc,ref      ] GC(151) Discovered  references: Soft: 0, Weak: 11, Final: 0, Phantom: 5
[10.605s][info   ][gc,ref      ] GC(151) Enqueued    references: Soft: 0, Weak: 0, Final: 0, Phantom: 0
[10.605s][info   ][gc          ] GC(151) Concurrent weak references 0.123ms
[10.605s][info   ][gc,start    ] GC(151) Concurrent weak roots
[10.605s][info   ][gc,task     ] GC(151) Using 1 of 2 workers for concurrent weak root
[10.605s][info   ][gc          ] GC(151) Concurrent weak roots 0.205ms
[10.605s][info   ][gc,start    ] GC(151) Concurrent cleanup
[10.607s][info   ][gc          ] GC(151) Concurrent cleanup 696M->54M(2048M) 2.269ms
[10.607s][info   ][gc,ergo     ] GC(151) Free: 1844M, Max: 1024K regular, 560M humongous, Frag: 70% external, 0% internal; Reserve: 103M, Max: 1024K
[10.607s][info   ][gc,start    ] GC(151) Concurrent class unloading
[10.607s][info   ][gc,task     ] GC(151) Using 1 of 2 workers for concurrent class unloading
[10.613s][info   ][gc          ] GC(151) Concurrent class unloading 5.559ms
[10.613s][info   ][gc,start    ] GC(151) Pause Final Roots
[10.613s][info   ][gc          ] GC(151) Pause Final Roots 0.030ms
[10.613s][info   ][gc,ergo     ] Free: 1766M, Max: 1024K regular, 560M humongous, Frag: 69% external, 0% internal; Reserve: 103M, Max: 1024K
[10.613s][info   ][gc,stats    ] 
[10.613s][info   ][gc,stats    ] All times are wall-clock times, except per-root-class counters, that are sum over
[10.613s][info   ][gc,stats    ] all workers. Dividing the <total> over the root stage time estimates parallelism.
[10.613s][info   ][gc,stats    ] 
[10.613s][info   ][gc,stats    ] Concurrent Reset                  10931 us
[10.613s][info   ][gc,stats    ] Pause Init Mark (G)                 965 us
[10.613s][info   ][gc,stats    ] Pause Init Mark (N)                 123 us
[10.613s][info   ][gc,stats    ]   Update Region States               58 us
[10.613s][info   ][gc,stats    ] Concurrent Mark Roots              3760 us, parallelism: 0.07x
[10.613s][info   ][gc,stats    ]   CMR: <total>                      273 us
[10.613s][info   ][gc,stats    ]   CMR: Thread Roots                 207 us, workers (us): 207, ---, 
[10.613s][info   ][gc,stats    ]   CMR: VM Strong Roots               11 us, workers (us):  11, ---, 
[10.613s][info   ][gc,stats    ]   CMR: CLDG Roots                    55 us, workers (us):  55, ---, 
[10.613s][info   ][gc,stats    ] Concurrent Marking                 1637 us
[10.613s][info   ][gc,stats    ] Pause Final Mark (G)                427 us
[10.613s][info   ][gc,stats    ] Pause Final Mark (N)                329 us
[10.613s][info   ][gc,stats    ]   Finish Mark                        92 us
[10.613s][info   ][gc,stats    ]   Update Region States               75 us
[10.613s][info   ][gc,stats    ]   Choose Collection Set             108 us
[10.613s][info   ][gc,stats    ]   Rebuild Free Set                    8 us
[10.613s][info   ][gc,stats    ] Concurrent Weak References          131 us, parallelism: 0.02x
[10.613s][info   ][gc,stats    ]   CWRF: <total>                       3 us
[10.613s][info   ][gc,stats    ]   CWRF: Weak References               3 us, workers (us):   3, ---, 
[10.613s][info   ][gc,stats    ] Concurrent Weak Roots               216 us
[10.613s][info   ][gc,stats    ]   Roots                             123 us, parallelism: 0.46x
[10.613s][info   ][gc,stats    ]     CWR: <total>                     57 us
[10.613s][info   ][gc,stats    ]     CWR: Code Cache Roots            31 us, workers (us):  31, ---, 
[10.613s][info   ][gc,stats    ]     CWR: VM Weak Roots               24 us, workers (us):  24, ---, 
[10.613s][info   ][gc,stats    ]     CWR: CLDG Roots                   2 us, workers (us):   2, ---, 
[10.613s][info   ][gc,stats    ]   Rendezvous                         66 us
[10.613s][info   ][gc,stats    ] Concurrent Cleanup                 2290 us
[10.613s][info   ][gc,stats    ] Concurrent Class Unloading         5678 us
[10.613s][info   ][gc,stats    ]   Unlink Stale                     4998 us
[10.613s][info   ][gc,stats    ]     System Dictionary                 6 us
[10.613s][info   ][gc,stats    ]     Weak Class Links                  1 us
[10.613s][info   ][gc,stats    ]     Code Roots                     4983 us
[10.614s][info   ][gc,stats    ]   Rendezvous                        326 us
[10.614s][info   ][gc,stats    ]   Purge Unlinked                    166 us
[10.614s][info   ][gc,stats    ]     Code Roots                      110 us
[10.614s][info   ][gc,stats    ]     CLDG                             52 us
[10.614s][info   ][gc,stats    ]     Exception Caches                  1 us
[10.614s][info   ][gc,stats    ] Pause Final Roots (G)               238 us
[10.614s][info   ][gc,stats    ] Pause Final Roots (N)                44 us
[10.614s][info   ][gc,stats    ] Pacing                            88441 us
[10.614s][info   ][gc,stats    ] 
[10.614s][info   ][gc,stats    ] Allocation pacing accrued:
[10.614s][info   ][gc,stats    ]       3 of    96 ms (  2.9%): Thread-0
[10.614s][info   ][gc,stats    ]      14 of    96 ms ( 14.5%): Thread-1
[10.614s][info   ][gc,stats    ]      14 of    96 ms ( 14.4%): Thread-2
[10.614s][info   ][gc,stats    ]      14 of    96 ms ( 14.7%): Thread-3
[10.614s][info   ][gc,stats    ]      13 of    96 ms ( 14.0%): Thread-4
[10.614s][info   ][gc,stats    ]      14 of    96 ms ( 14.2%): Thread-6
[10.614s][info   ][gc,stats    ]      17 of    96 ms ( 17.2%): Thread-7
[10.614s][info   ][gc,stats    ]      88 of    96 ms ( 91.8%): <total>
[10.614s][info   ][gc,stats    ]       5 of    96 ms (  4.8%): <average total>
[10.614s][info   ][gc,stats    ]      13 of    96 ms ( 13.1%): <average non-zero>
[10.614s][info   ][gc,stats    ] 
[10.614s][info   ][gc,metaspace] Metaspace: 213K(448K)->213K(448K) NonClass: 204K(320K)->204K(320K) Class: 9K(128K)->9K(128K)
[10.614s][info   ][gc,ergo     ] Pacer for Idle. Initial: 41943K, Alloc Tax Rate: 1.0x
[10.691s][info   ][gc          ] Trigger: Average GC time (40.51 ms) is above the time for average allocation rate (15112 MB/s) to deplete free headroom (563M) (margin of error = 1.84)
[10.692s][info   ][gc,ergo     ] Free headroom: 666M (free) - 102M (spike) - 0B (penalties) = 563M
[10.692s][info   ][gc,ergo     ] Free: 660M, Max: 1024K regular, 560M humongous, Frag: 16% external, 0% internal; Reserve: 103M, Max: 1024K
[10.692s][info   ][gc,start    ] GC(152) Concurrent reset
[10.692s][info   ][gc,task     ] GC(152) Using 1 of 2 workers for concurrent reset
[10.692s][info   ][gc,ergo     ] GC(152) Pacer for Reset. Non-Taxable: 2048M
[10.698s][info   ][gc          ] GC(152) Concurrent reset 5.697ms
[10.702s][info   ][gc,start    ] GC(152) Pause Init Mark (unload classes)
[10.702s][info   ][gc,task     ] GC(152) Using 2 of 2 workers for init marking
[10.702s][info   ][gc,ergo     ] GC(152) Pacer for Mark. Expected Live: 66496K, Free: 544M, Non-Taxable: 55705K, Alloc Tax Rate: 0.1x
[10.702s][info   ][gc          ] GC(152) Pause Init Mark (unload classes) 0.246ms
[10.705s][info   ][gc,start    ] GC(152) Concurrent marking roots
[10.706s][info   ][gc,task     ] GC(152) Using 1 of 2 workers for concurrent marking roots
[10.706s][info   ][gc          ] GC(152) Concurrent marking roots 0.436ms
[10.706s][info   ][gc,start    ] GC(152) Concurrent marking (unload classes)
[10.706s][info   ][gc,task     ] GC(152) Using 1 of 2 workers for concurrent marking
[10.708s][info   ][gc          ] GC(152) Concurrent marking (unload classes) 1.670ms
[10.708s][info   ][gc,start    ] GC(152) Pause Final Mark (unload classes)
[10.708s][info   ][gc,task     ] GC(152) Using 2 of 2 workers for final marking
[10.708s][info   ][gc,ergo     ] GC(152) Collectable Garbage: 665M (99%), Immediate: 665M (99%), CSet: 0B (0%)
[10.708s][info   ][gc          ] GC(152) Pause Final Mark (unload classes) 0.242ms
[10.708s][info   ][gc,start    ] GC(152) Concurrent weak references
[10.708s][info   ][gc,task     ] GC(152) Using 1 of 2 workers for concurrent weak references
[10.708s][info   ][gc,ref      ] GC(152) Encountered references: Soft: 11, Weak: 37, Final: 0, Phantom: 5
[10.708s][info   ][gc,ref      ] GC(152) Discovered  references: Soft: 0, Weak: 11, Final: 0, Phantom: 5
[10.708s][info   ][gc,ref      ] GC(152) Enqueued    references: Soft: 0, Weak: 0, Final: 0, Phantom: 0
[10.708s][info   ][gc          ] GC(152) Concurrent weak references 0.113ms
[10.708s][info   ][gc,start    ] GC(152) Concurrent weak roots
[10.708s][info   ][gc,task     ] GC(152) Using 1 of 2 workers for concurrent weak root
[10.708s][info   ][gc          ] GC(152) Concurrent weak roots 0.425ms
[10.708s][info   ][gc,start    ] GC(152) Concurrent cleanup
[10.709s][info   ][gc          ] GC(152) Concurrent cleanup 731M->66M(2048M) 0.965ms
[10.709s][info   ][gc,ergo     ] GC(152) Free: 1820M, Max: 1024K regular, 490M humongous, Frag: 74% external, 0% internal; Reserve: 103M, Max: 1024K
[10.709s][info   ][gc,start    ] GC(152) Concurrent class unloading
[10.709s][info   ][gc,task     ] GC(152) Using 1 of 2 workers for concurrent class unloading
[10.726s][info   ][gc          ] GC(152) Concurrent class unloading 16.119ms
[10.726s][info   ][gc,start    ] GC(152) Pause Final Roots
[10.726s][info   ][gc          ] GC(152) Pause Final Roots 0.068ms
[10.726s][info   ][gc,ergo     ] Free: 1596M, Max: 1024K regular, 490M humongous, Frag: 70% external, 0% internal; Reserve: 103M, Max: 1024K
[10.726s][info   ][gc,stats    ] 
[10.726s][info   ][gc,stats    ] All times are wall-clock times, except per-root-class counters, that are sum over
[10.726s][info   ][gc,stats    ] all workers. Dividing the <total> over the root stage time estimates parallelism.
[10.726s][info   ][gc,stats    ] 
[10.726s][info   ][gc,stats    ] Concurrent Reset                   5935 us
[10.726s][info   ][gc,stats    ] Pause Init Mark (G)                7420 us
[10.726s][info   ][gc,stats    ] Pause Init Mark (N)                 258 us
[10.726s][info   ][gc,stats    ]   Update Region States              162 us
[10.726s][info   ][gc,stats    ] Concurrent Mark Roots               454 us, parallelism: 0.40x
[10.726s][info   ][gc,stats    ]   CMR: <total>                      184 us
[10.726s][info   ][gc,stats    ]   CMR: Thread Roots                 130 us, workers (us): 130, ---, 
[10.726s][info   ][gc,stats    ]   CMR: VM Strong Roots                8 us, workers (us):   8, ---, 
[10.726s][info   ][gc,stats    ]   CMR: CLDG Roots                    46 us, workers (us):  46, ---, 
[10.726s][info   ][gc,stats    ] Concurrent Marking                 1696 us
[10.726s][info   ][gc,stats    ] Pause Final Mark (G)                331 us
[10.726s][info   ][gc,stats    ] Pause Final Mark (N)                250 us
[10.726s][info   ][gc,stats    ]   Finish Mark                        49 us
[10.726s][info   ][gc,stats    ]   Update Region States               40 us
[10.726s][info   ][gc,stats    ]   Choose Collection Set             110 us
[10.726s][info   ][gc,stats    ]   Rebuild Free Set                    8 us
[10.726s][info   ][gc,stats    ] Concurrent Weak References          120 us, parallelism: 0.03x
[10.726s][info   ][gc,stats    ]   CWRF: <total>                       3 us
[10.726s][info   ][gc,stats    ]   CWRF: Weak References               3 us, workers (us):   3, ---, 
[10.726s][info   ][gc,stats    ] Concurrent Weak Roots               450 us
[10.726s][info   ][gc,stats    ]   Roots                             242 us, parallelism: 0.34x
[10.726s][info   ][gc,stats    ]     CWR: <total>                     81 us
[10.726s][info   ][gc,stats    ]     CWR: Code Cache Roots            50 us, workers (us):  50, ---, 
[10.726s][info   ][gc,stats    ]     CWR: VM Weak Roots               30 us, workers (us):  30, ---, 
[10.726s][info   ][gc,stats    ]     CWR: CLDG Roots                   1 us, workers (us):   1, ---, 
[10.726s][info   ][gc,stats    ]   Rendezvous                        167 us
[10.726s][info   ][gc,stats    ] Concurrent Cleanup                 1000 us
[10.726s][info   ][gc,stats    ] Concurrent Class Unloading        16269 us
[10.727s][info   ][gc,stats    ]   Unlink Stale                     8856 us
[10.727s][info   ][gc,stats    ]     System Dictionary                 6 us
[10.727s][info   ][gc,stats    ]     Weak Class Links                  1 us
[10.727s][info   ][gc,stats    ]     Code Roots                     8842 us
[10.727s][info   ][gc,stats    ]   Rendezvous                       7015 us
[10.727s][info   ][gc,stats    ]   Purge Unlinked                    221 us
[10.727s][info   ][gc,stats    ]     Code Roots                      200 us
[10.727s][info   ][gc,stats    ]     CLDG                             17 us
[10.727s][info   ][gc,stats    ]     Exception Caches                  1 us
[10.727s][info   ][gc,stats    ] Pause Final Roots (G)               449 us
[10.727s][info   ][gc,stats    ] Pause Final Roots (N)                77 us
[10.727s][info   ][gc,stats    ] Pacing                            75757 us
[10.727s][info   ][gc,stats    ] 
[10.727s][info   ][gc,stats    ] Allocation pacing accrued:
[10.727s][info   ][gc,stats    ]      11 of   113 ms ( 10.1%): Thread-0
[10.727s][info   ][gc,stats    ]      11 of   113 ms (  9.3%): Thread-1
[10.727s][info   ][gc,stats    ]      11 of   113 ms (  9.4%): Thread-2
[10.727s][info   ][gc,stats    ]       4 of   113 ms (  3.9%): Thread-3
[10.727s][info   ][gc,stats    ]      11 of   113 ms (  9.4%): Thread-4
[10.727s][info   ][gc,stats    ]       7 of   113 ms (  6.2%): Thread-5
[10.727s][info   ][gc,stats    ]      10 of   113 ms (  8.6%): Thread-6
[10.727s][info   ][gc,stats    ]      11 of   113 ms ( 10.2%): Thread-7
[10.727s][info   ][gc,stats    ]      76 of   113 ms ( 67.0%): <total>
[10.727s][info   ][gc,stats    ]       4 of   113 ms (  3.5%): <average total>
[10.727s][info   ][gc,stats    ]       9 of   113 ms (  8.4%): <average non-zero>
[10.727s][info   ][gc,stats    ] 
[10.727s][info   ][gc,metaspace] Metaspace: 213K(448K)->213K(448K) NonClass: 204K(320K)->204K(320K) Class: 9K(128K)->9K(128K)
[10.727s][info   ][gc,ergo     ] Pacer for Idle. Initial: 41943K, Alloc Tax Rate: 1.0x
[10.792s][info   ][gc          ] Trigger: Average GC time (42.02 ms) is above the time for average allocation rate (15112 MB/s) to deplete free headroom (629M) (margin of error = 1.84)
[10.792s][info   ][gc,ergo     ] Free headroom: 732M (free) - 102M (spike) - 0B (penalties) = 629M
[10.792s][info   ][gc,ergo     ] Free: 730M, Max: 1024K regular, 490M humongous, Frag: 33% external, 0% internal; Reserve: 103M, Max: 1024K
[10.792s][info   ][gc,start    ] GC(153) Concurrent reset
[10.792s][info   ][gc,task     ] GC(153) Using 1 of 2 workers for concurrent reset
[10.792s][info   ][gc,ergo     ] GC(153) Pacer for Reset. Non-Taxable: 2048M
[10.798s][info   ][gc          ] GC(153) Concurrent reset 6.070ms
[10.801s][info   ][gc,start    ] GC(153) Pause Init Mark (unload classes)
[10.801s][info   ][gc,task     ] GC(153) Using 2 of 2 workers for init marking
[10.801s][info   ][gc,ergo     ] GC(153) Pacer for Mark. Expected Live: 55027K, Free: 602M, Non-Taxable: 61644K, Alloc Tax Rate: 0.1x
[10.801s][info   ][gc          ] GC(153) Pause Init Mark (unload classes) 0.212ms
[10.804s][info   ][gc,start    ] GC(153) Concurrent marking roots
[10.805s][info   ][gc,task     ] GC(153) Using 1 of 2 workers for concurrent marking roots
[10.805s][info   ][gc          ] GC(153) Concurrent marking roots 0.803ms
[10.805s][info   ][gc,start    ] GC(153) Concurrent marking (unload classes)
[10.805s][info   ][gc,task     ] GC(153) Using 1 of 2 workers for concurrent marking
[10.808s][info   ][gc          ] GC(153) Concurrent marking (unload classes) 2.700ms
[10.808s][info   ][gc,start    ] GC(153) Pause Final Mark (unload classes)
[10.808s][info   ][gc,task     ] GC(153) Using 2 of 2 workers for final marking
[10.808s][info   ][gc,ergo     ] GC(153) Collectable Garbage: 660M (99%), Immediate: 660M (99%), CSet: 0B (0%)
[10.808s][info   ][gc          ] GC(153) Pause Final Mark (unload classes) 0.303ms
[10.808s][info   ][gc,start    ] GC(153) Concurrent weak references
[10.808s][info   ][gc,task     ] GC(153) Using 1 of 2 workers for concurrent weak references
[10.808s][info   ][gc,ref      ] GC(153) Encountered references: Soft: 11, Weak: 37, Final: 0, Phantom: 5
[10.808s][info   ][gc,ref      ] GC(153) Discovered  references: Soft: 0, Weak: 11, Final: 0, Phantom: 5
[10.808s][info   ][gc,ref      ] GC(153) Enqueued    references: Soft: 0, Weak: 0, Final: 0, Phantom: 0
[10.808s][info   ][gc          ] GC(153) Concurrent weak references 0.101ms
[10.808s][info   ][gc,start    ] GC(153) Concurrent weak roots
[10.808s][info   ][gc,task     ] GC(153) Using 1 of 2 workers for concurrent weak root
[10.809s][info   ][gc          ] GC(153) Concurrent weak roots 0.212ms
[10.809s][info   ][gc,start    ] GC(153) Concurrent cleanup
[10.809s][info   ][gc          ] GC(153) Concurrent cleanup 719M->59M(2048M) 0.657ms
[10.809s][info   ][gc,ergo     ] GC(153) Free: 1834M, Max: 1024K regular, 584M humongous, Frag: 69% external, 0% internal; Reserve: 103M, Max: 1024K
[10.809s][info   ][gc,start    ] GC(153) Concurrent class unloading
[10.809s][info   ][gc,task     ] GC(153) Using 1 of 2 workers for concurrent class unloading
[10.810s][info   ][gc          ] GC(153) Concurrent class unloading 0.328ms
[10.810s][info   ][gc,start    ] GC(153) Pause Final Roots
[10.810s][info   ][gc          ] GC(153) Pause Final Roots 0.015ms
[10.810s][info   ][gc,ergo     ] Free: 1834M, Max: 1024K regular, 584M humongous, Frag: 69% external, 0% internal; Reserve: 103M, Max: 1024K
[10.810s][info   ][gc,stats    ] 
[10.810s][info   ][gc,stats    ] All times are wall-clock times, except per-root-class counters, that are sum over
[10.810s][info   ][gc,stats    ] all workers. Dividing the <total> over the root stage time estimates parallelism.
[10.810s][info   ][gc,stats    ] 
[10.810s][info   ][gc,stats    ] Concurrent Reset                   6345 us
[10.810s][info   ][gc,stats    ] Pause Init Mark (G)                6117 us
[10.810s][info   ][gc,stats    ] Pause Init Mark (N)                 221 us
[10.810s][info   ][gc,stats    ]   Update Region States               98 us
[10.810s][info   ][gc,stats    ] Concurrent Mark Roots               829 us, parallelism: 0.48x
[10.810s][info   ][gc,stats    ]   CMR: <total>                      396 us
[10.810s][info   ][gc,stats    ]   CMR: Thread Roots                 316 us, workers (us): 316, ---, 
[10.810s][info   ][gc,stats    ]   CMR: VM Strong Roots               20 us, workers (us):  20, ---, 
[10.810s][info   ][gc,stats    ]   CMR: CLDG Roots                    60 us, workers (us):  60, ---, 
[10.810s][info   ][gc,stats    ] Concurrent Marking                 2748 us
[10.810s][info   ][gc,stats    ] Pause Final Mark (G)                397 us
[10.810s][info   ][gc,stats    ] Pause Final Mark (N)                313 us
[10.810s][info   ][gc,stats    ]   Finish Mark                        53 us
[10.810s][info   ][gc,stats    ]   Update Region States               43 us
[10.810s][info   ][gc,stats    ]   Choose Collection Set             162 us
[10.810s][info   ][gc,stats    ]   Rebuild Free Set                   11 us
[10.810s][info   ][gc,stats    ] Concurrent Weak References          107 us, parallelism: 0.03x
[10.810s][info   ][gc,stats    ]   CWRF: <total>                       3 us
[10.810s][info   ][gc,stats    ]   CWRF: Weak References               3 us, workers (us):   3, ---, 
[10.810s][info   ][gc,stats    ] Concurrent Weak Roots               225 us
[10.810s][info   ][gc,stats    ]   Roots                             127 us, parallelism: 0.49x
[10.810s][info   ][gc,stats    ]     CWR: <total>                     63 us
[10.810s][info   ][gc,stats    ]     CWR: Code Cache Roots            35 us, workers (us):  35, ---, 
[10.810s][info   ][gc,stats    ]     CWR: VM Weak Roots               25 us, workers (us):  25, ---, 
[10.810s][info   ][gc,stats    ]     CWR: CLDG Roots                   2 us, workers (us):   2, ---, 
[10.810s][info   ][gc,stats    ]   Rendezvous                         69 us
[10.810s][info   ][gc,stats    ] Concurrent Cleanup                  667 us
[10.810s][info   ][gc,stats    ] Concurrent Class Unloading          360 us
[10.810s][info   ][gc,stats    ]   Unlink Stale                      178 us
[10.810s][info   ][gc,stats    ]     System Dictionary                 4 us
[10.810s][info   ][gc,stats    ]     Weak Class Links                  1 us
[10.810s][info   ][gc,stats    ]     Code Roots                      171 us
[10.810s][info   ][gc,stats    ]   Rendezvous                         62 us
[10.810s][info   ][gc,stats    ]   Purge Unlinked                     72 us
[10.810s][info   ][gc,stats    ]     Code Roots                       56 us
[10.810s][info   ][gc,stats    ]     CLDG                             12 us
[10.810s][info   ][gc,stats    ]     Exception Caches                  1 us
[10.810s][info   ][gc,stats    ] Pause Final Roots (G)                89 us
[10.810s][info   ][gc,stats    ] Pause Final Roots (N)                22 us
[10.810s][info   ][gc,stats    ] Pacing                            42574 us
[10.810s][info   ][gc,stats    ] 
[10.810s][info   ][gc,stats    ] Allocation pacing accrued:
[10.810s][info   ][gc,stats    ]       7 of    84 ms (  7.9%): Thread-0
[10.810s][info   ][gc,stats    ]       8 of    84 ms (  9.6%): Thread-1
[10.810s][info   ][gc,stats    ]       7 of    84 ms (  8.0%): Thread-4
[10.810s][info   ][gc,stats    ]       6 of    84 ms (  7.5%): Thread-5
[10.810s][info   ][gc,stats    ]       8 of    84 ms ( 10.2%): Thread-6
[10.810s][info   ][gc,stats    ]       6 of    84 ms (  7.8%): Thread-7
[10.810s][info   ][gc,stats    ]      43 of    84 ms ( 51.0%): <total>
[10.810s][info   ][gc,stats    ]       2 of    84 ms (  2.7%): <average total>
[10.810s][info   ][gc,stats    ]       7 of    84 ms (  8.5%): <average non-zero>
[10.810s][info   ][gc,stats    ] 
[10.810s][info   ][gc,metaspace] Metaspace: 213K(448K)->213K(448K) NonClass: 204K(320K)->204K(320K) Class: 9K(128K)->9K(128K)
[10.810s][info   ][gc,ergo     ] Pacer for Idle. Initial: 41943K, Alloc Tax Rate: 1.0x
[10.887s][info   ][gc          ] Trigger: Average GC time (38.56 ms) is above the time for average allocation rate (15092 MB/s) to deplete free headroom (569M) (margin of error = 1.83)
[10.887s][info   ][gc,ergo     ] Free headroom: 672M (free) - 102M (spike) - 0B (penalties) = 569M
[10.887s][info   ][gc,ergo     ] Free: 672M, Max: 1024K regular, 584M humongous, Frag: 14% external, 0% internal; Reserve: 103M, Max: 1024K
[10.887s][info   ][gc,start    ] GC(154) Concurrent reset
[10.887s][info   ][gc,task     ] GC(154) Using 1 of 2 workers for concurrent reset
[10.887s][info   ][gc,ergo     ] GC(154) Pacer for Reset. Non-Taxable: 2048M
[10.894s][info   ][gc          ] GC(154) Concurrent reset 7.454ms
[10.899s][info   ][gc,start    ] GC(154) Pause Init Mark (unload classes)
[10.900s][info   ][gc,task     ] GC(154) Using 2 of 2 workers for init marking
[10.900s][info   ][gc,ergo     ] GC(154) Pacer for Mark. Expected Live: 33932K, Free: 498M, Non-Taxable: 50995K, Alloc Tax Rate: 0.1x
[10.900s][info   ][gc          ] GC(154) Pause Init Mark (unload classes) 0.472ms
[10.904s][info   ][gc,start    ] GC(154) Concurrent marking roots
[10.905s][info   ][gc,task     ] GC(154) Using 1 of 2 workers for concurrent marking roots
[10.905s][info   ][gc          ] GC(154) Concurrent marking roots 0.460ms
[10.905s][info   ][gc,start    ] GC(154) Concurrent marking (unload classes)
[10.905s][info   ][gc,task     ] GC(154) Using 1 of 2 workers for concurrent marking
[10.911s][info   ][gc          ] GC(154) Concurrent marking (unload classes) 6.236ms
[10.912s][info   ][gc,start    ] GC(154) Pause Final Mark (unload classes)
[10.912s][info   ][gc,task     ] GC(154) Using 2 of 2 workers for final marking
[10.912s][info   ][gc,ergo     ] GC(154) Collectable Garbage: 700M (99%), Immediate: 700M (99%), CSet: 0B (0%)
[10.912s][info   ][gc          ] GC(154) Pause Final Mark (unload classes) 0.348ms
[10.912s][info   ][gc,start    ] GC(154) Concurrent weak references
[10.912s][info   ][gc,task     ] GC(154) Using 1 of 2 workers for concurrent weak references
[10.912s][info   ][gc,ref      ] GC(154) Encountered references: Soft: 11, Weak: 37, Final: 0, Phantom: 5
[10.912s][info   ][gc,ref      ] GC(154) Discovered  references: Soft: 0, Weak: 11, Final: 0, Phantom: 5
[10.912s][info   ][gc,ref      ] GC(154) Enqueued    references: Soft: 0, Weak: 0, Final: 0, Phantom: 0
[10.912s][info   ][gc          ] GC(154) Concurrent weak references 0.071ms
[10.912s][info   ][gc,start    ] GC(154) Concurrent weak roots
[10.912s][info   ][gc,task     ] GC(154) Using 1 of 2 workers for concurrent weak root
[10.920s][info   ][gc          ] GC(154) Concurrent weak roots 7.398ms
[10.920s][info   ][gc,start    ] GC(154) Concurrent cleanup
[10.922s][info   ][gc          ] GC(154) Concurrent cleanup 854M->162M(2048M) 2.169ms
[10.922s][info   ][gc,ergo     ] GC(154) Free: 1624M, Max: 1024K regular, 488M humongous, Frag: 70% external, 0% internal; Reserve: 103M, Max: 1024K
[10.922s][info   ][gc,start    ] GC(154) Concurrent class unloading
[10.922s][info   ][gc,task     ] GC(154) Using 1 of 2 workers for concurrent class unloading
[10.925s][info   ][gc          ] GC(154) Concurrent class unloading 2.836ms
[10.925s][info   ][gc,start    ] GC(154) Pause Final Roots
[10.925s][info   ][gc          ] GC(154) Pause Final Roots 0.030ms
[10.925s][info   ][gc,ergo     ] Free: 1596M, Max: 1024K regular, 488M humongous, Frag: 70% external, 0% internal; Reserve: 103M, Max: 1024K
[10.926s][info   ][gc,stats    ] 
[10.926s][info   ][gc,stats    ] All times are wall-clock times, except per-root-class counters, that are sum over
[10.926s][info   ][gc,stats    ] all workers. Dividing the <total> over the root stage time estimates parallelism.
[10.926s][info   ][gc,stats    ] 
[10.926s][info   ][gc,stats    ] Concurrent Reset                   7641 us
[10.926s][info   ][gc,stats    ] Pause Init Mark (G)                9782 us
[10.926s][info   ][gc,stats    ] Pause Init Mark (N)                 482 us
[10.926s][info   ][gc,stats    ]   Update Region States              336 us
[10.926s][info   ][gc,stats    ] Concurrent Mark Roots               479 us, parallelism: 0.36x
[10.926s][info   ][gc,stats    ]   CMR: <total>                      170 us
[10.926s][info   ][gc,stats    ]   CMR: Thread Roots                 121 us, workers (us): 121, ---, 
[10.926s][info   ][gc,stats    ]   CMR: VM Strong Roots                8 us, workers (us):   8, ---, 
[10.926s][info   ][gc,stats    ]   CMR: CLDG Roots                    41 us, workers (us):  41, ---, 
[10.926s][info   ][gc,stats    ] Concurrent Marking                 6367 us
[10.926s][info   ][gc,stats    ] Pause Final Mark (G)                807 us
[10.926s][info   ][gc,stats    ] Pause Final Mark (N)                357 us
[10.926s][info   ][gc,stats    ]   Finish Mark                        95 us
[10.926s][info   ][gc,stats    ]   Update Region States               83 us
[10.926s][info   ][gc,stats    ]   Choose Collection Set             111 us
[10.926s][info   ][gc,stats    ]   Rebuild Free Set                    8 us
[10.926s][info   ][gc,stats    ] Concurrent Weak References           79 us, parallelism: 0.12x
[10.926s][info   ][gc,stats    ]   CWRF: <total>                       9 us
[10.926s][info   ][gc,stats    ]   CWRF: Weak References               9 us, workers (us):   9, ---, 
[10.926s][info   ][gc,stats    ] Concurrent Weak Roots              7567 us
[10.926s][info   ][gc,stats    ]   Roots                            2779 us, parallelism: 0.05x
[10.926s][info   ][gc,stats    ]     CWR: <total>                    125 us
[10.926s][info   ][gc,stats    ]     CWR: Code Cache Roots            59 us, workers (us):  59, ---, 
[10.926s][info   ][gc,stats    ]     CWR: VM Weak Roots               63 us, workers (us):  63, ---, 
[10.926s][info   ][gc,stats    ]     CWR: CLDG Roots                   3 us, workers (us):   3, ---, 
[10.926s][info   ][gc,stats    ]   Rendezvous                       4592 us
[10.926s][info   ][gc,stats    ] Concurrent Cleanup                 2294 us
[10.926s][info   ][gc,stats    ] Concurrent Class Unloading         2937 us
[10.926s][info   ][gc,stats    ]   Unlink Stale                     2328 us
[10.926s][info   ][gc,stats    ]     System Dictionary                18 us
[10.926s][info   ][gc,stats    ]     Weak Class Links                  1 us
[10.926s][info   ][gc,stats    ]     Code Roots                     2301 us
[10.926s][info   ][gc,stats    ]   Rendezvous                        305 us
[10.926s][info   ][gc,stats    ]   Purge Unlinked                    144 us
[10.926s][info   ][gc,stats    ]     Code Roots                      120 us
[10.926s][info   ][gc,stats    ]     CLDG                             21 us
[10.926s][info   ][gc,stats    ]     Exception Caches                  1 us
[10.926s][info   ][gc,stats    ] Pause Final Roots (G)               336 us
[10.926s][info   ][gc,stats    ] Pause Final Roots (N)                89 us
[10.926s][info   ][gc,stats    ] Pacing                            67226 us
[10.926s][info   ][gc,stats    ] 
[10.926s][info   ][gc,stats    ] Allocation pacing accrued:
[10.926s][info   ][gc,stats    ]       6 of   116 ms (  5.5%): Thread-0
[10.926s][info   ][gc,stats    ]       8 of   116 ms (  7.3%): Thread-1
[10.926s][info   ][gc,stats    ]       6 of   116 ms (  4.8%): Thread-2
[10.926s][info   ][gc,stats    ]      17 of   116 ms ( 14.6%): Thread-3
[10.926s][info   ][gc,stats    ]       1 of   116 ms (  1.1%): Thread-4
[10.926s][info   ][gc,stats    ]      19 of   116 ms ( 16.1%): Thread-5
[10.926s][info   ][gc,stats    ]       4 of   116 ms (  3.8%): Thread-6
[10.926s][info   ][gc,stats    ]       6 of   116 ms (  5.0%): Thread-7
[10.926s][info   ][gc,stats    ]      67 of   116 ms ( 58.1%): <total>
[10.926s][info   ][gc,stats    ]       4 of   116 ms (  3.1%): <average total>
[10.926s][info   ][gc,stats    ]       8 of   116 ms (  7.3%): <average non-zero>
[10.926s][info   ][gc,stats    ] 
[10.926s][info   ][gc,metaspace] Metaspace: 213K(448K)->213K(448K) NonClass: 204K(320K)->204K(320K) Class: 9K(128K)->9K(128K)
[10.926s][info   ][gc,ergo     ] Pacer for Idle. Initial: 41943K, Alloc Tax Rate: 1.0x
[10.986s][info   ][gc          ] Trigger: Average GC time (47.67 ms) is above the time for average allocation rate (15092 MB/s) to deplete free headroom (703M) (margin of error = 1.83)
[10.986s][info   ][gc,ergo     ] Free headroom: 806M (free) - 102M (spike) - 0B (penalties) = 703M
[10.986s][info   ][gc,ergo     ] Free: 802M, Max: 1024K regular, 380M humongous, Frag: 53% external, 0% internal; Reserve: 103M, Max: 1024K
[10.986s][info   ][gc,start    ] GC(155) Concurrent reset
[10.986s][info   ][gc,task     ] GC(155) Using 1 of 2 workers for concurrent reset
[10.986s][info   ][gc,ergo     ] GC(155) Pacer for Reset. Non-Taxable: 2048M
[10.993s][info   ][gc          ] GC(155) Concurrent reset 6.303ms
[10.996s][info   ][gc,start    ] GC(155) Pause Init Mark (unload classes)
[10.996s][info   ][gc,task     ] GC(155) Using 2 of 2 workers for init marking
[10.996s][info   ][gc,ergo     ] GC(155) Pacer for Mark. Expected Live: 21030K, Free: 680M, Non-Taxable: 69632K, Alloc Tax Rate: 0.0x
[10.996s][info   ][gc          ] GC(155) Pause Init Mark (unload classes) 0.251ms
[10.996s][info   ][gc,start    ] GC(155) Concurrent marking roots
[10.996s][info   ][gc,task     ] GC(155) Using 1 of 2 workers for concurrent marking roots
[10.996s][info   ][gc          ] GC(155) Concurrent marking roots 0.452ms
[10.996s][info   ][gc,start    ] GC(155) Concurrent marking (unload classes)
[10.996s][info   ][gc,task     ] GC(155) Using 1 of 2 workers for concurrent marking
[11.021s][info   ][gc          ] GC(155) Concurrent marking (unload classes) 25.099ms
[11.023s][info   ][gc,start    ] GC(155) Pause Final Mark (unload classes)
[11.023s][info   ][gc,task     ] GC(155) Using 2 of 2 workers for final marking
[11.023s][info   ][gc,ergo     ] GC(155) Collectable Garbage: 552M (98%), Immediate: 552M (98%), CSet: 0B (0%)
[11.023s][info   ][gc          ] GC(155) Pause Final Mark (unload classes) 0.568ms
[11.024s][info   ][gc,start    ] GC(155) Concurrent weak references
[11.024s][info   ][gc,task     ] GC(155) Using 1 of 2 workers for concurrent weak references
[11.025s][info   ][gc,ref      ] GC(155) Encountered references: Soft: 11, Weak: 37, Final: 0, Phantom: 5
[11.025s][info   ][gc,ref      ] GC(155) Discovered  references: Soft: 0, Weak: 11, Final: 0, Phantom: 5
[11.025s][info   ][gc,ref      ] GC(155) Enqueued    references: Soft: 0, Weak: 0, Final: 0, Phantom: 0
[11.025s][info   ][gc          ] GC(155) Concurrent weak references 0.290ms
[11.025s][info   ][gc,start    ] GC(155) Concurrent weak roots
[11.025s][info   ][gc,task     ] GC(155) Using 1 of 2 workers for concurrent weak root
[11.036s][info   ][gc          ] GC(155) Concurrent weak roots 11.620ms
[11.037s][info   ][gc,start    ] GC(155) Concurrent cleanup
[11.037s][info   ][gc          ] GC(155) Concurrent cleanup 915M->368M(2048M) 0.890ms
[11.038s][info   ][gc,ergo     ] GC(155) Free: 1216M, Max: 1024K regular, 292M humongous, Frag: 76% external, 0% internal; Reserve: 103M, Max: 1024K
[11.038s][info   ][gc,start    ] GC(155) Concurrent class unloading
[11.038s][info   ][gc,task     ] GC(155) Using 1 of 2 workers for concurrent class unloading
[11.051s][info   ][gc          ] GC(155) Concurrent class unloading 13.451ms
[11.052s][info   ][gc,start    ] GC(155) Pause Final Roots
[11.052s][info   ][gc          ] GC(155) Pause Final Roots 0.047ms
[11.054s][info   ][gc,ergo     ] Free: 998M, Max: 1024K regular, 292M humongous, Frag: 71% external, 0% internal; Reserve: 103M, Max: 1024K
[11.054s][info   ][gc,stats    ] 
[11.054s][info   ][gc,stats    ] All times are wall-clock times, except per-root-class counters, that are sum over
[11.054s][info   ][gc,stats    ] all workers. Dividing the <total> over the root stage time estimates parallelism.
[11.054s][info   ][gc,stats    ] 
[11.054s][info   ][gc,stats    ] Concurrent Reset                   6470 us
[11.054s][info   ][gc,stats    ] Pause Init Mark (G)                3088 us
[11.054s][info   ][gc,stats    ] Pause Init Mark (N)                 262 us
[11.054s][info   ][gc,stats    ]   Update Region States              146 us
[11.054s][info   ][gc,stats    ] Concurrent Mark Roots               472 us, parallelism: 0.75x
[11.054s][info   ][gc,stats    ]   CMR: <total>                      356 us
[11.054s][info   ][gc,stats    ]   CMR: Thread Roots                 278 us, workers (us): 278, ---, 
[11.054s][info   ][gc,stats    ]   CMR: VM Strong Roots               12 us, workers (us):  12, ---, 
[11.054s][info   ][gc,stats    ]   CMR: CLDG Roots                    66 us, workers (us):  66, ---, 
[11.054s][info   ][gc,stats    ] Concurrent Marking                25278 us
[11.057s][info   ][gc,stats    ] Pause Final Mark (G)               2784 us
[11.058s][info   ][gc,stats    ] Pause Final Mark (N)                579 us
[11.058s][info   ][gc,stats    ]   Finish Mark                       174 us
[11.058s][info   ][gc,stats    ]   Update Region States              138 us
[11.058s][info   ][gc,stats    ]   Choose Collection Set             145 us
[11.058s][info   ][gc,stats    ]   Rebuild Free Set                    9 us
[11.058s][info   ][gc,stats    ] Concurrent Weak References          302 us, parallelism: 0.05x
[11.058s][info   ][gc,stats    ]   CWRF: <total>                      14 us
[11.058s][info   ][gc,stats    ]   CWRF: Weak References              14 us, workers (us):  14, ---, 
[11.058s][info   ][gc,stats    ] Concurrent Weak Roots             11839 us
[11.058s][info   ][gc,stats    ]   Roots                            4285 us, parallelism: 0.09x
[11.058s][info   ][gc,stats    ]     CWR: <total>                    391 us
[11.058s][info   ][gc,stats    ]     CWR: Code Cache Roots           244 us, workers (us): 244, ---, 
[11.058s][info   ][gc,stats    ]     CWR: VM Weak Roots              139 us, workers (us): 139, ---, 
[11.058s][info   ][gc,stats    ]     CWR: CLDG Roots                   7 us, workers (us):   7, ---, 
[11.058s][info   ][gc,stats    ]   Rendezvous                       7300 us
[11.058s][info   ][gc,stats    ] Concurrent Cleanup                  927 us
[11.058s][info   ][gc,stats    ] Concurrent Class Unloading        13603 us
[11.058s][info   ][gc,stats    ]   Unlink Stale                     8563 us
[11.058s][info   ][gc,stats    ]     System Dictionary                28 us
[11.058s][info   ][gc,stats    ]     Weak Class Links                  4 us
[11.058s][info   ][gc,stats    ]     Code Roots                     8514 us
[11.058s][info   ][gc,stats    ]   Rendezvous                       4365 us
[11.058s][info   ][gc,stats    ]   Purge Unlinked                    181 us
[11.058s][info   ][gc,stats    ]     Code Roots                      165 us
[11.058s][info   ][gc,stats    ]     CLDG                             11 us
[11.058s][info   ][gc,stats    ]     Exception Caches                  2 us
[11.058s][info   ][gc,stats    ] Pause Final Roots (G)              2692 us
[11.058s][info   ][gc,stats    ] Pause Final Roots (N)                56 us
[11.058s][info   ][gc,stats    ] Pacing                            82290 us
[11.058s][info   ][gc,stats    ] 
[11.058s][info   ][gc,stats    ] Allocation pacing accrued:
[11.058s][info   ][gc,stats    ]      11 of   132 ms (  8.6%): Thread-0
[11.058s][info   ][gc,stats    ]      10 of   132 ms (  7.7%): Thread-2
[11.058s][info   ][gc,stats    ]      10 of   132 ms (  7.8%): Thread-3
[11.058s][info   ][gc,stats    ]      13 of   132 ms ( 10.1%): Thread-4
[11.058s][info   ][gc,stats    ]      13 of   132 ms ( 10.0%): Thread-5
[11.058s][info   ][gc,stats    ]      11 of   132 ms (  8.0%): Thread-6
[11.058s][info   ][gc,stats    ]      13 of   132 ms ( 10.2%): Thread-7
[11.058s][info   ][gc,stats    ]      82 of   132 ms ( 62.4%): <total>
[11.058s][info   ][gc,stats    ]       4 of   132 ms (  3.3%): <average total>
[11.058s][info   ][gc,stats    ]      12 of   132 ms (  8.9%): <average non-zero>
[11.058s][info   ][gc,stats    ] 
[11.058s][info   ][gc,metaspace] Metaspace: 213K(448K)->213K(448K) NonClass: 204K(320K)->204K(320K) Class: 9K(128K)->9K(128K)
[11.058s][info   ][gc,ergo     ] Pacer for Idle. Initial: 41943K, Alloc Tax Rate: 1.0x
[11.059s][info   ][gc          ] Trigger: Average GC time (84.90 ms) is above the time for average allocation rate (15124 MB/s) to deplete free headroom (827M) (margin of error = 1.85)
[11.059s][info   ][gc,ergo     ] Free headroom: 930M (free) - 102M (spike) - 0B (penalties) = 827M
[11.059s][info   ][gc,ergo     ] Free: 930M, Max: 1024K regular, 268M humongous, Frag: 72% external, 0% internal; Reserve: 103M, Max: 1024K
[11.059s][info   ][gc,start    ] GC(156) Concurrent reset
[11.059s][info   ][gc,task     ] GC(156) Using 1 of 2 workers for concurrent reset
[11.059s][info   ][gc,ergo     ] GC(156) Pacer for Reset. Non-Taxable: 2048M
[11.069s][info   ][gc          ] GC(156) Concurrent reset 9.709ms
[11.073s][info   ][gc,start    ] GC(156) Pause Init Mark (unload classes)
[11.073s][info   ][gc,task     ] GC(156) Using 2 of 2 workers for init marking
[11.073s][info   ][gc,ergo     ] GC(156) Pacer for Mark. Expected Live: 31270K, Free: 774M, Non-Taxable: 79257K, Alloc Tax Rate: 0.0x
[11.073s][info   ][gc          ] GC(156) Pause Init Mark (unload classes) 0.242ms
[11.079s][info   ][gc,start    ] GC(156) Concurrent marking roots
[11.079s][info   ][gc,task     ] GC(156) Using 1 of 2 workers for concurrent marking roots
[11.080s][info   ][gc          ] GC(156) Concurrent marking roots 0.546ms
[11.080s][info   ][gc,start    ] GC(156) Concurrent marking (unload classes)
[11.080s][info   ][gc,task     ] GC(156) Using 1 of 2 workers for concurrent marking
[11.081s][info   ][gc          ] GC(156) Concurrent marking (unload classes) 1.714ms
[11.081s][info   ][gc,start    ] GC(156) Pause Final Mark (unload classes)
[11.081s][info   ][gc,task     ] GC(156) Using 2 of 2 workers for final marking
[11.082s][info   ][gc,ergo     ] GC(156) Collectable Garbage: 559M (98%), Immediate: 559M (98%), CSet: 0B (0%)
[11.082s][info   ][gc          ] GC(156) Pause Final Mark (unload classes) 0.972ms
[11.082s][info   ][gc,start    ] GC(156) Concurrent weak references
[11.082s][info   ][gc,task     ] GC(156) Using 1 of 2 workers for concurrent weak references
[11.085s][info   ][gc,ref      ] GC(156) Encountered references: Soft: 11, Weak: 37, Final: 0, Phantom: 5
[11.085s][info   ][gc,ref      ] GC(156) Discovered  references: Soft: 0, Weak: 11, Final: 0, Phantom: 5
[11.085s][info   ][gc,ref      ] GC(156) Enqueued    references: Soft: 0, Weak: 0, Final: 0, Phantom: 0
[11.085s][info   ][gc          ] GC(156) Concurrent weak references 2.950ms
[11.085s][info   ][gc,start    ] GC(156) Concurrent weak roots
[11.085s][info   ][gc,task     ] GC(156) Using 1 of 2 workers for concurrent weak root
[11.088s][info   ][gc          ] GC(156) Concurrent weak roots 2.976ms
[11.088s][info   ][gc,start    ] GC(156) Concurrent cleanup
[11.089s][info   ][gc          ] GC(156) Concurrent cleanup 671M->117M(2048M) 0.769ms
[11.089s][info   ][gc,ergo     ] GC(156) Free: 1716M, Max: 1024K regular, 1198M humongous, Frag: 31% external, 0% internal; Reserve: 103M, Max: 1024K
[11.089s][info   ][gc,start    ] GC(156) Concurrent class unloading
[11.089s][info   ][gc,task     ] GC(156) Using 1 of 2 workers for concurrent class unloading
[11.106s][info   ][gc          ] GC(156) Concurrent class unloading 16.607ms
[11.107s][info   ][gc,start    ] GC(156) Pause Final Roots
[11.107s][info   ][gc          ] GC(156) Pause Final Roots 0.052ms
[11.113s][info   ][gc,ergo     ] Free: 1390M, Max: 1024K regular, 1198M humongous, Frag: 14% external, 0% internal; Reserve: 103M, Max: 1024K
[11.113s][info   ][gc,stats    ] 
[11.113s][info   ][gc,stats    ] All times are wall-clock times, except per-root-class counters, that are sum over
[11.113s][info   ][gc,stats    ] all workers. Dividing the <total> over the root stage time estimates parallelism.
[11.113s][info   ][gc,stats    ] 
[11.113s][info   ][gc,stats    ] Concurrent Reset                   9896 us
[11.113s][info   ][gc,stats    ] Pause Init Mark (G)                9839 us
[11.113s][info   ][gc,stats    ] Pause Init Mark (N)                 253 us
[11.113s][info   ][gc,stats    ]   Update Region States              141 us
[11.113s][info   ][gc,stats    ] Concurrent Mark Roots               569 us, parallelism: 0.44x
[11.113s][info   ][gc,stats    ]   CMR: <total>                      251 us
[11.113s][info   ][gc,stats    ]   CMR: Thread Roots                 199 us, workers (us): 199, ---, 
[11.113s][info   ][gc,stats    ]   CMR: VM Strong Roots                7 us, workers (us):   7, ---, 
[11.113s][info   ][gc,stats    ]   CMR: CLDG Roots                    44 us, workers (us):  44, ---, 
[11.113s][info   ][gc,stats    ] Concurrent Marking                 1735 us
[11.113s][info   ][gc,stats    ] Pause Final Mark (G)               1078 us
[11.113s][info   ][gc,stats    ] Pause Final Mark (N)                980 us
[11.113s][info   ][gc,stats    ]   Finish Mark                       798 us
[11.113s][info   ][gc,stats    ]   Update Region States               51 us
[11.113s][info   ][gc,stats    ]   Choose Collection Set              81 us
[11.113s][info   ][gc,stats    ]   Rebuild Free Set                   10 us
[11.113s][info   ][gc,stats    ] Concurrent Weak References         2964 us, parallelism: 0.00x
[11.113s][info   ][gc,stats    ]   CWRF: <total>                       7 us
[11.113s][info   ][gc,stats    ]   CWRF: Weak References               7 us, workers (us):   7, ---, 
[11.113s][info   ][gc,stats    ] Concurrent Weak Roots              3035 us
[11.113s][info   ][gc,stats    ]   Roots                             246 us, parallelism: 0.46x
[11.113s][info   ][gc,stats    ]     CWR: <total>                    113 us
[11.113s][info   ][gc,stats    ]     CWR: Code Cache Roots            57 us, workers (us):  57, ---, 
[11.113s][info   ][gc,stats    ]     CWR: VM Weak Roots               53 us, workers (us):  53, ---, 
[11.113s][info   ][gc,stats    ]     CWR: CLDG Roots                   3 us, workers (us):   3, ---, 
[11.113s][info   ][gc,stats    ]   Rendezvous                       2703 us
[11.113s][info   ][gc,stats    ] Concurrent Cleanup                  785 us
[11.113s][info   ][gc,stats    ] Concurrent Class Unloading        17078 us
[11.113s][info   ][gc,stats    ]   Unlink Stale                     3185 us
[11.113s][info   ][gc,stats    ]     System Dictionary                15 us
[11.113s][info   ][gc,stats    ]     Weak Class Links                  2 us
[11.113s][info   ][gc,stats    ]     Code Roots                     3159 us
[11.113s][info   ][gc,stats    ]   Rendezvous                       9003 us
[11.113s][info   ][gc,stats    ]   Purge Unlinked                   4339 us
[11.113s][info   ][gc,stats    ]     Code Roots                     4298 us
[11.113s][info   ][gc,stats    ]     CLDG                             29 us
[11.113s][info   ][gc,stats    ]     Exception Caches                  3 us
[11.113s][info   ][gc,stats    ] Pause Final Roots (G)              6495 us
[11.113s][info   ][gc,stats    ] Pause Final Roots (N)                88 us
[11.113s][info   ][gc,stats    ] Pacing                            64759 us
[11.113s][info   ][gc,stats    ] 
[11.113s][info   ][gc,stats    ] Allocation pacing accrued:
[11.113s][info   ][gc,stats    ]      10 of    56 ms ( 18.8%): Thread-2
[11.113s][info   ][gc,stats    ]      13 of    56 ms ( 23.6%): Thread-3
[11.113s][info   ][gc,stats    ]      10 of    56 ms ( 18.6%): Thread-4
[11.113s][info   ][gc,stats    ]      10 of    56 ms ( 18.1%): Thread-5
[11.113s][info   ][gc,stats    ]      10 of    56 ms ( 18.6%): Thread-6
[11.113s][info   ][gc,stats    ]      10 of    56 ms ( 18.5%): Thread-7
[11.113s][info   ][gc,stats    ]      65 of    56 ms (116.2%): <total>
[11.114s][info   ][gc,stats    ]       3 of    56 ms (  6.1%): <average total>
[11.114s][info   ][gc,stats    ]      11 of    56 ms ( 19.4%): <average non-zero>
[11.114s][info   ][gc,stats    ] 
[11.114s][info   ][gc,metaspace] Metaspace: 213K(448K)->213K(448K) NonClass: 204K(320K)->204K(320K) Class: 9K(128K)->9K(128K)
[11.114s][info   ][gc,ergo     ] Pacer for Idle. Initial: 41943K, Alloc Tax Rate: 1.0x
[11.121s][info   ][gc          ] Trigger: Average GC time (76.93 ms) is above the time for average allocation rate (15132 MB/s) to deplete free headroom (1161M) (margin of error = 1.86)
[11.121s][info   ][gc,ergo     ] Free headroom: 1264M (free) - 102M (spike) - 0B (penalties) = 1161M
[11.122s][info   ][gc,ergo     ] Free: 1262M, Max: 1024K regular, 1198M humongous, Frag: 6% external, 0% internal; Reserve: 103M, Max: 1024K
[11.122s][info   ][gc,start    ] GC(157) Concurrent reset
[11.122s][info   ][gc,task     ] GC(157) Using 1 of 2 workers for concurrent reset
[11.122s][info   ][gc,ergo     ] GC(157) Pacer for Reset. Non-Taxable: 2048M
[11.123s][info   ][gc          ] GC(157) Concurrent reset 1.325ms
[11.124s][info   ][gc,start    ] GC(157) Pause Init Mark (unload classes)
[11.124s][info   ][gc,task     ] GC(157) Using 2 of 2 workers for init marking
[11.124s][info   ][gc,ergo     ] GC(157) Pacer for Mark. Expected Live: 33318K, Free: 1244M, Non-Taxable: 124M, Alloc Tax Rate: 0.0x
[11.124s][info   ][gc          ] GC(157) Pause Init Mark (unload classes) 0.134ms
[11.127s][info   ][gc,start    ] GC(157) Concurrent marking roots
[11.127s][info   ][gc,task     ] GC(157) Using 1 of 2 workers for concurrent marking roots
[11.128s][info   ][gc          ] GC(157) Concurrent marking roots 0.573ms
[11.128s][info   ][gc,start    ] GC(157) Concurrent marking (unload classes)
[11.128s][info   ][gc,task     ] GC(157) Using 1 of 2 workers for concurrent marking
[11.152s][info   ][gc          ] GC(157) Concurrent marking (unload classes) 24.074ms
[11.153s][info   ][gc,start    ] GC(157) Pause Final Mark (unload classes)
[11.153s][info   ][gc,task     ] GC(157) Using 2 of 2 workers for final marking
[11.153s][info   ][gc,ergo     ] GC(157) Collectable Garbage: 314M (97%), Immediate: 314M (97%), CSet: 0B (0%)
[11.153s][info   ][gc          ] GC(157) Pause Final Mark (unload classes) 0.273ms
[11.153s][info   ][gc,start    ] GC(157) Concurrent weak references
[11.153s][info   ][gc,task     ] GC(157) Using 1 of 2 workers for concurrent weak references
[11.159s][info   ][gc,ref      ] GC(157) Encountered references: Soft: 11, Weak: 37, Final: 0, Phantom: 5
[11.160s][info   ][gc,ref      ] GC(157) Discovered  references: Soft: 0, Weak: 11, Final: 0, Phantom: 5
[11.160s][info   ][gc,ref      ] GC(157) Enqueued    references: Soft: 0, Weak: 0, Final: 0, Phantom: 0
[11.160s][info   ][gc          ] GC(157) Concurrent weak references 6.475ms
[11.160s][info   ][gc,start    ] GC(157) Concurrent weak roots
[11.160s][info   ][gc,task     ] GC(157) Using 1 of 2 workers for concurrent weak root
[11.177s][info   ][gc          ] GC(157) Concurrent weak roots 17.059ms
[11.177s][info   ][gc,start    ] GC(157) Concurrent cleanup
[11.178s][info   ][gc          ] GC(157) Concurrent cleanup 728M->418M(2048M) 0.586ms
[11.178s][info   ][gc,ergo     ] GC(157) Free: 1116M, Max: 1024K regular, 496M humongous, Frag: 56% external, 0% internal; Reserve: 103M, Max: 1024K
[11.178s][info   ][gc,start    ] GC(157) Concurrent class unloading
[11.178s][info   ][gc,task     ] GC(157) Using 1 of 2 workers for concurrent class unloading
[11.184s][info   ][gc          ] GC(157) Concurrent class unloading 6.483ms
[11.187s][info   ][gc,start    ] GC(157) Pause Final Roots
[11.187s][info   ][gc          ] GC(157) Pause Final Roots 0.048ms
[11.192s][info   ][gc,ergo     ] Free: 918M, Max: 1024K regular, 496M humongous, Frag: 46% external, 0% internal; Reserve: 103M, Max: 1024K
[11.192s][info   ][gc,stats    ] 
[11.192s][info   ][gc,stats    ] All times are wall-clock times, except per-root-class counters, that are sum over
[11.192s][info   ][gc,stats    ] all workers. Dividing the <total> over the root stage time estimates parallelism.
[11.192s][info   ][gc,stats    ] 
[11.192s][info   ][gc,stats    ] Concurrent Reset                   1413 us
[11.193s][info   ][gc,stats    ] Pause Init Mark (G)                4093 us
[11.193s][info   ][gc,stats    ] Pause Init Mark (N)                 147 us
[11.193s][info   ][gc,stats    ]   Update Region States               65 us
[11.193s][info   ][gc,stats    ] Concurrent Mark Roots               606 us, parallelism: 0.47x
[11.193s][info   ][gc,stats    ]   CMR: <total>                      287 us
[11.193s][info   ][gc,stats    ]   CMR: Thread Roots                 177 us, workers (us): 177, ---, 
[11.193s][info   ][gc,stats    ]   CMR: VM Strong Roots               13 us, workers (us):  13, ---, 
[11.193s][info   ][gc,stats    ]   CMR: CLDG Roots                    97 us, workers (us):  97, ---, 
[11.193s][info   ][gc,stats    ] Concurrent Marking                24268 us
[11.193s][info   ][gc,stats    ] Pause Final Mark (G)               1059 us
[11.193s][info   ][gc,stats    ] Pause Final Mark (N)                282 us
[11.193s][info   ][gc,stats    ]   Finish Mark                        85 us
[11.193s][info   ][gc,stats    ]   Update Region States               48 us
[11.193s][info   ][gc,stats    ]   Choose Collection Set              77 us
[11.193s][info   ][gc,stats    ]   Rebuild Free Set                    8 us
[11.193s][info   ][gc,stats    ] Concurrent Weak References         6493 us, parallelism: 0.00x
[11.193s][info   ][gc,stats    ]   CWRF: <total>                      14 us
[11.193s][info   ][gc,stats    ]   CWRF: Weak References              14 us, workers (us):  14, ---, 
[11.193s][info   ][gc,stats    ] Concurrent Weak Roots             17237 us
[11.193s][info   ][gc,stats    ]   Roots                            5975 us, parallelism: 0.03x
[11.193s][info   ][gc,stats    ]     CWR: <total>                    156 us
[11.193s][info   ][gc,stats    ]     CWR: Code Cache Roots            83 us, workers (us):  83, ---, 
[11.193s][info   ][gc,stats    ]     CWR: VM Weak Roots               67 us, workers (us):  67, ---, 
[11.193s][info   ][gc,stats    ]     CWR: CLDG Roots                   5 us, workers (us):   5, ---, 
[11.193s][info   ][gc,stats    ]   Rendezvous                      11044 us
[11.193s][info   ][gc,stats    ] Concurrent Cleanup                  652 us
[11.193s][info   ][gc,stats    ] Concurrent Class Unloading         6632 us
[11.193s][info   ][gc,stats    ]   Unlink Stale                      510 us
[11.193s][info   ][gc,stats    ]     System Dictionary                14 us
[11.194s][info   ][gc,stats    ]     Weak Class Links                  2 us
[11.194s][info   ][gc,stats    ]     Code Roots                      487 us
[11.194s][info   ][gc,stats    ]   Rendezvous                       5095 us
[11.194s][info   ][gc,stats    ]   Purge Unlinked                    823 us
[11.194s][info   ][gc,stats    ]     Code Roots                      807 us
[11.194s][info   ][gc,stats    ]     CLDG                             11 us
[11.194s][info   ][gc,stats    ]     Exception Caches                  1 us
[11.194s][info   ][gc,stats    ] Pause Final Roots (G)              7669 us
[11.194s][info   ][gc,stats    ] Pause Final Roots (N)                57 us
[11.194s][info   ][gc,stats    ] 
[11.194s][info   ][gc,stats    ] Allocation pacing accrued:
[11.194s][info   ][gc,stats    ]       0 of    80 ms (  0.0%): <total>
[11.194s][info   ][gc,stats    ]       0 of    80 ms (  0.0%): <average total>
[11.194s][info   ][gc,stats    ] 
[11.194s][info   ][gc,metaspace] Metaspace: 213K(448K)->213K(448K) NonClass: 204K(320K)->204K(320K) Class: 9K(128K)->9K(128K)
[11.194s][info   ][gc,ergo     ] Pacer for Idle. Initial: 41943K, Alloc Tax Rate: 1.0x
[11.197s][info   ][gc          ] Trigger: Average GC time (86.17 ms) is above the time for average allocation rate (15157 MB/s) to deplete free headroom (751M) (margin of error = 1.87)
[11.197s][info   ][gc,ergo     ] Free headroom: 854M (free) - 102M (spike) - 0B (penalties) = 751M
[11.197s][info   ][gc,ergo     ] Free: 854M, Max: 1024K regular, 496M humongous, Frag: 42% external, 0% internal; Reserve: 103M, Max: 1024K
[11.197s][info   ][gc,start    ] GC(158) Concurrent reset
[11.197s][info   ][gc,task     ] GC(158) Using 1 of 2 workers for concurrent reset
[11.197s][info   ][gc,ergo     ] GC(158) Pacer for Reset. Non-Taxable: 2048M
[11.197s][info   ][gc          ] GC(158) Concurrent reset 0.390ms
[11.197s][info   ][gc,start    ] GC(158) Pause Init Mark (unload classes)
[11.197s][info   ][gc,task     ] GC(158) Using 2 of 2 workers for init marking
[11.197s][info   ][gc,ergo     ] GC(158) Pacer for Mark. Expected Live: 33523K, Free: 854M, Non-Taxable: 87449K, Alloc Tax Rate: 0.0x
[11.197s][info   ][gc          ] GC(158) Pause Init Mark (unload classes) 0.148ms
[11.197s][info   ][gc,start    ] GC(158) Concurrent marking roots
[11.197s][info   ][gc,task     ] GC(158) Using 1 of 2 workers for concurrent marking roots
[11.198s][info   ][gc          ] GC(158) Concurrent marking roots 0.284ms
[11.198s][info   ][gc,start    ] GC(158) Concurrent marking (unload classes)
[11.198s][info   ][gc,task     ] GC(158) Using 1 of 2 workers for concurrent marking
[11.204s][info   ][gc          ] GC(158) Concurrent marking (unload classes) 6.675ms
[11.207s][info   ][gc,start    ] GC(158) Pause Final Mark (unload classes)
[11.207s][info   ][gc,task     ] GC(158) Using 2 of 2 workers for final marking
[11.207s][info   ][gc,ergo     ] GC(158) Collectable Garbage: 497M (98%), Immediate: 497M (98%), CSet: 0B (0%)
[11.207s][info   ][gc          ] GC(158) Pause Final Mark (unload classes) 0.440ms
[11.207s][info   ][gc,start    ] GC(158) Concurrent weak references
[11.207s][info   ][gc,task     ] GC(158) Using 1 of 2 workers for concurrent weak references
[11.213s][info   ][gc,ref      ] GC(158) Encountered references: Soft: 11, Weak: 37, Final: 0, Phantom: 5
[11.214s][info   ][gc,ref      ] GC(158) Discovered  references: Soft: 0, Weak: 11, Final: 0, Phantom: 5
[11.214s][info   ][gc,ref      ] GC(158) Enqueued    references: Soft: 0, Weak: 0, Final: 0, Phantom: 0
[11.214s][info   ][gc          ] GC(158) Concurrent weak references 6.462ms
[11.214s][info   ][gc,start    ] GC(158) Concurrent weak roots
[11.214s][info   ][gc,task     ] GC(158) Using 1 of 2 workers for concurrent weak root
[11.223s][info   ][gc          ] GC(158) Concurrent weak roots 8.907ms
[11.223s][info   ][gc,start    ] GC(158) Concurrent cleanup
[11.224s][info   ][gc          ] GC(158) Concurrent cleanup 716M->224M(2048M) 0.804ms
[11.224s][info   ][gc,ergo     ] GC(158) Free: 1502M, Max: 1024K regular, 1198M humongous, Frag: 21% external, 0% internal; Reserve: 103M, Max: 1024K
[11.224s][info   ][gc,start    ] GC(158) Concurrent class unloading
[11.224s][info   ][gc,task     ] GC(158) Using 1 of 2 workers for concurrent class unloading
[11.233s][info   ][gc          ] GC(158) Concurrent class unloading 8.960ms
[11.234s][info   ][gc,start    ] GC(158) Pause Final Roots
[11.234s][info   ][gc          ] GC(158) Pause Final Roots 0.041ms
[11.235s][info   ][gc,ergo     ] Free: 1356M, Max: 1024K regular, 1198M humongous, Frag: 12% external, 0% internal; Reserve: 103M, Max: 1024K
[11.235s][info   ][gc,stats    ] 
[11.235s][info   ][gc,stats    ] All times are wall-clock times, except per-root-class counters, that are sum over
[11.235s][info   ][gc,stats    ] all workers. Dividing the <total> over the root stage time estimates parallelism.
[11.235s][info   ][gc,stats    ] 
[11.235s][info   ][gc,stats    ] Concurrent Reset                    407 us
[11.235s][info   ][gc,stats    ] Pause Init Mark (G)                 264 us
[11.235s][info   ][gc,stats    ] Pause Init Mark (N)                 155 us
[11.235s][info   ][gc,stats    ]   Update Region States               51 us
[11.235s][info   ][gc,stats    ] Concurrent Mark Roots               296 us, parallelism: 0.65x
[11.235s][info   ][gc,stats    ]   CMR: <total>                      192 us
[11.235s][info   ][gc,stats    ]   CMR: Thread Roots                 167 us, workers (us): 167, ---, 
[11.235s][info   ][gc,stats    ]   CMR: VM Strong Roots                5 us, workers (us):   5, ---, 
[11.235s][info   ][gc,stats    ]   CMR: CLDG Roots                    21 us, workers (us):  21, ---, 
[11.235s][info   ][gc,stats    ] Concurrent Marking                 6848 us
[11.235s][info   ][gc,stats    ] Pause Final Mark (G)               2752 us
[11.235s][info   ][gc,stats    ] Pause Final Mark (N)                451 us
[11.235s][info   ][gc,stats    ]   Finish Mark                        80 us
[11.235s][info   ][gc,stats    ]   Update Region States              126 us
[11.235s][info   ][gc,stats    ]   Choose Collection Set             146 us
[11.235s][info   ][gc,stats    ]   Rebuild Free Set                   13 us
[11.235s][info   ][gc,stats    ] Concurrent Weak References         6606 us, parallelism: 0.00x
[11.235s][info   ][gc,stats    ]   CWRF: <total>                      24 us
[11.235s][info   ][gc,stats    ]   CWRF: Weak References              24 us, workers (us):  24, ---, 
[11.235s][info   ][gc,stats    ] Concurrent Weak Roots              9062 us
[11.235s][info   ][gc,stats    ]   Roots                            1883 us, parallelism: 0.03x
[11.235s][info   ][gc,stats    ]     CWR: <total>                     64 us
[11.235s][info   ][gc,stats    ]     CWR: Code Cache Roots            34 us, workers (us):  34, ---, 
[11.235s][info   ][gc,stats    ]     CWR: VM Weak Roots               28 us, workers (us):  28, ---, 
[11.235s][info   ][gc,stats    ]     CWR: CLDG Roots                   2 us, workers (us):   2, ---, 
[11.235s][info   ][gc,stats    ]   Rendezvous                       6957 us
[11.235s][info   ][gc,stats    ] Concurrent Cleanup                  895 us
[11.235s][info   ][gc,stats    ] Concurrent Class Unloading         9105 us
[11.235s][info   ][gc,stats    ]   Unlink Stale                      457 us
[11.235s][info   ][gc,stats    ]     System Dictionary                14 us
[11.235s][info   ][gc,stats    ]     Weak Class Links                  1 us
[11.235s][info   ][gc,stats    ]     Code Roots                      437 us
[11.235s][info   ][gc,stats    ]   Rendezvous                       8338 us
[11.235s][info   ][gc,stats    ]   Purge Unlinked                    126 us
[11.235s][info   ][gc,stats    ]     Code Roots                      112 us
[11.235s][info   ][gc,stats    ]     CLDG                             10 us
[11.235s][info   ][gc,stats    ]     Exception Caches                  1 us
[11.235s][info   ][gc,stats    ] Pause Final Roots (G)              1525 us
[11.235s][info   ][gc,stats    ] Pause Final Roots (N)                51 us
[11.235s][info   ][gc,stats    ] Pacing                            17695 us
[11.235s][info   ][gc,stats    ] 
[11.235s][info   ][gc,stats    ] Allocation pacing accrued:
[11.235s][info   ][gc,stats    ]       6 of    41 ms ( 14.0%): Thread-0
[11.235s][info   ][gc,stats    ]       3 of    41 ms (  7.6%): Thread-1
[11.235s][info   ][gc,stats    ]       3 of    41 ms (  6.8%): Thread-5
[11.235s][info   ][gc,stats    ]       3 of    41 ms (  7.6%): Thread-6
[11.235s][info   ][gc,stats    ]       3 of    41 ms (  7.0%): Thread-7
[11.235s][info   ][gc,stats    ]      18 of    41 ms ( 43.0%): <total>
[11.235s][info   ][gc,stats    ]       1 of    41 ms (  2.3%): <average total>
[11.235s][info   ][gc,stats    ]       4 of    41 ms (  8.6%): <average non-zero>
[11.235s][info   ][gc,stats    ] 
[11.235s][info   ][gc,metaspace] Metaspace: 213K(448K)->213K(448K) NonClass: 204K(320K)->204K(320K) Class: 9K(128K)->9K(128K)
[11.235s][info   ][gc,ergo     ] Pacer for Idle. Initial: 41943K, Alloc Tax Rate: 1.0x
[11.241s][info   ][gc          ] Trigger: Average GC time (77.42 ms) is above the time for average allocation rate (15157 MB/s) to deplete free headroom (1155M) (margin of error = 1.87)
[11.241s][info   ][gc,ergo     ] Free headroom: 1258M (free) - 102M (spike) - 0B (penalties) = 1155M
[11.241s][info   ][gc,ergo     ] Free: 1254M, Max: 1024K regular, 1198M humongous, Frag: 5% external, 0% internal; Reserve: 103M, Max: 1024K
[11.242s][info   ][gc,start    ] GC(159) Concurrent reset
[11.242s][info   ][gc,task     ] GC(159) Using 1 of 2 workers for concurrent reset
[11.242s][info   ][gc,ergo     ] GC(159) Pacer for Reset. Non-Taxable: 2048M
[11.247s][info   ][gc          ] GC(159) Concurrent reset 4.985ms
[11.250s][info   ][gc,start    ] GC(159) Pause Init Mark (unload classes)
[11.250s][info   ][gc,task     ] GC(159) Using 2 of 2 workers for init marking
[11.250s][info   ][gc,ergo     ] GC(159) Pacer for Mark. Expected Live: 41100K, Free: 1154M, Non-Taxable: 115M, Alloc Tax Rate: 0.0x
[11.250s][info   ][gc          ] GC(159) Pause Init Mark (unload classes) 0.239ms
[11.255s][info   ][gc,start    ] GC(159) Concurrent marking roots
[11.255s][info   ][gc,task     ] GC(159) Using 1 of 2 workers for concurrent marking roots
[11.256s][info   ][gc          ] GC(159) Concurrent marking roots 0.965ms
[11.256s][info   ][gc,start    ] GC(159) Concurrent marking (unload classes)
[11.256s][info   ][gc,task     ] GC(159) Using 1 of 2 workers for concurrent marking
[11.278s][info   ][gc          ] GC(159) Concurrent marking (unload classes) 22.421ms
[11.279s][info   ][gc,start    ] GC(159) Pause Final Mark (unload classes)
[11.279s][info   ][gc,task     ] GC(159) Using 2 of 2 workers for final marking
[11.279s][info   ][gc,ergo     ] GC(159) Collectable Garbage: 362M (98%), Immediate: 362M (98%), CSet: 0B (0%)
[11.279s][info   ][gc          ] GC(159) Pause Final Mark (unload classes) 0.314ms
[11.285s][info   ][gc,start    ] GC(159) Concurrent weak references
[11.285s][info   ][gc,task     ] GC(159) Using 1 of 2 workers for concurrent weak references
[11.288s][info   ][gc,ref      ] GC(159) Encountered references: Soft: 11, Weak: 37, Final: 0, Phantom: 5
[11.288s][info   ][gc,ref      ] GC(159) Discovered  references: Soft: 0, Weak: 11, Final: 0, Phantom: 5
[11.288s][info   ][gc,ref      ] GC(159) Enqueued    references: Soft: 0, Weak: 0, Final: 0, Phantom: 0
[11.288s][info   ][gc          ] GC(159) Concurrent weak references 3.206ms
[11.288s][info   ][gc,start    ] GC(159) Concurrent weak roots
[11.288s][info   ][gc,task     ] GC(159) Using 1 of 2 workers for concurrent weak root
[11.298s][info   ][gc          ] GC(159) Concurrent weak roots 9.600ms
[11.298s][info   ][gc,start    ] GC(159) Concurrent cleanup
[11.298s][info   ][gc          ] GC(159) Concurrent cleanup 747M->388M(2048M) 0.632ms
[11.298s][info   ][gc,ergo     ] GC(159) Free: 1176M, Max: 1024K regular, 458M humongous, Frag: 62% external, 0% internal; Reserve: 103M, Max: 1024K
[11.298s][info   ][gc,start    ] GC(159) Concurrent class unloading
[11.298s][info   ][gc,task     ] GC(159) Using 1 of 2 workers for concurrent class unloading
[11.304s][info   ][gc          ] GC(159) Concurrent class unloading 5.547ms
[11.305s][info   ][gc,start    ] GC(159) Pause Final Roots
[11.306s][info   ][gc          ] GC(159) Pause Final Roots 0.053ms
[11.309s][info   ][gc,ergo     ] Free: 1044M, Max: 1024K regular, 458M humongous, Frag: 57% external, 0% internal; Reserve: 103M, Max: 1024K
[11.309s][info   ][gc,stats    ] 
[11.309s][info   ][gc,stats    ] All times are wall-clock times, except per-root-class counters, that are sum over
[11.309s][info   ][gc,stats    ] all workers. Dividing the <total> over the root stage time estimates parallelism.
[11.309s][info   ][gc,stats    ] 
[11.309s][info   ][gc,stats    ] Concurrent Reset                   5141 us
[11.309s][info   ][gc,stats    ] Pause Init Mark (G)                8281 us
[11.309s][info   ][gc,stats    ] Pause Init Mark (N)                 249 us
[11.309s][info   ][gc,stats    ]   Update Region States              134 us
[11.309s][info   ][gc,stats    ] Concurrent Mark Roots               999 us, parallelism: 0.52x
[11.309s][info   ][gc,stats    ]   CMR: <total>                      522 us
[11.309s][info   ][gc,stats    ]   CMR: Thread Roots                 417 us, workers (us): 417, ---, 
[11.309s][info   ][gc,stats    ]   CMR: VM Strong Roots               23 us, workers (us):  23, ---, 
[11.309s][info   ][gc,stats    ]   CMR: CLDG Roots                    82 us, workers (us):  82, ---, 
[11.309s][info   ][gc,stats    ] Concurrent Marking                22561 us
[11.309s][info   ][gc,stats    ] Pause Final Mark (G)               6111 us
[11.309s][info   ][gc,stats    ] Pause Final Mark (N)                324 us
[11.309s][info   ][gc,stats    ]   Finish Mark                        84 us
[11.309s][info   ][gc,stats    ]   Update Region States               74 us
[11.309s][info   ][gc,stats    ]   Choose Collection Set              89 us
[11.309s][info   ][gc,stats    ]   Rebuild Free Set                   10 us
[11.309s][info   ][gc,stats    ] Concurrent Weak References         3220 us, parallelism: 0.01x
[11.309s][info   ][gc,stats    ]   CWRF: <total>                      26 us
[11.309s][info   ][gc,stats    ]   CWRF: Weak References              26 us, workers (us):  26, ---, 
[11.309s][info   ][gc,stats    ] Concurrent Weak Roots              9802 us
[11.309s][info   ][gc,stats    ]   Roots                            2636 us, parallelism: 0.06x
[11.309s][info   ][gc,stats    ]     CWR: <total>                    159 us
[11.309s][info   ][gc,stats    ]     CWR: Code Cache Roots            88 us, workers (us):  88, ---, 
[11.309s][info   ][gc,stats    ]     CWR: VM Weak Roots               66 us, workers (us):  66, ---, 
[11.309s][info   ][gc,stats    ]     CWR: CLDG Roots                   5 us, workers (us):   5, ---, 
[11.309s][info   ][gc,stats    ]   Rendezvous                       6852 us
[11.309s][info   ][gc,stats    ] Concurrent Cleanup                  654 us
[11.309s][info   ][gc,stats    ] Concurrent Class Unloading         5755 us
[11.309s][info   ][gc,stats    ]   Unlink Stale                      753 us
[11.309s][info   ][gc,stats    ]     System Dictionary                12 us
[11.309s][info   ][gc,stats    ]     Weak Class Links                  1 us
[11.309s][info   ][gc,stats    ]     Code Roots                      731 us
[11.309s][info   ][gc,stats    ]   Rendezvous                       4611 us
[11.309s][info   ][gc,stats    ]   Purge Unlinked                    130 us
[11.309s][info   ][gc,stats    ]     Code Roots                      115 us
[11.309s][info   ][gc,stats    ]     CLDG                             12 us
[11.309s][info   ][gc,stats    ]     Exception Caches                  1 us
[11.309s][info   ][gc,stats    ] Pause Final Roots (G)              4561 us
[11.309s][info   ][gc,stats    ] Pause Final Roots (N)                64 us
[11.309s][info   ][gc,stats    ] Pacing                            12782 us
[11.309s][info   ][gc,stats    ] 
[11.309s][info   ][gc,stats    ] Allocation pacing accrued:
[11.309s][info   ][gc,stats    ]       8 of    74 ms ( 10.6%): Thread-1
[11.309s][info   ][gc,stats    ]       5 of    74 ms (  6.6%): Thread-4
[11.309s][info   ][gc,stats    ]      13 of    74 ms ( 17.2%): <total>
[11.309s][info   ][gc,stats    ]       1 of    74 ms (  0.9%): <average total>
[11.309s][info   ][gc,stats    ]       6 of    74 ms (  8.6%): <average non-zero>
[11.309s][info   ][gc,stats    ] 
[11.309s][info   ][gc,metaspace] Metaspace: 213K(448K)->213K(448K) NonClass: 204K(320K)->204K(320K) Class: 9K(128K)->9K(128K)
[11.309s][info   ][gc,ergo     ] Pacer for Idle. Initial: 41943K, Alloc Tax Rate: 1.0x
[11.311s][info   ][gc          ] Trigger: Average GC time (84.38 ms) is above the time for average allocation rate (15173 MB/s) to deplete free headroom (921M) (margin of error = 1.89)
[11.311s][info   ][gc,ergo     ] Free headroom: 1024M (free) - 102M (spike) - 0B (penalties) = 921M
[11.311s][info   ][gc,ergo     ] Free: 1024M, Max: 1024K regular, 458M humongous, Frag: 56% external, 0% internal; Reserve: 103M, Max: 1024K
[11.311s][info   ][gc,start    ] GC(160) Concurrent reset
[11.311s][info   ][gc,task     ] GC(160) Using 1 of 2 workers for concurrent reset
[11.311s][info   ][gc,ergo     ] GC(160) Pacer for Reset. Non-Taxable: 2048M
[11.311s][info   ][gc          ] GC(160) Concurrent reset 0.483ms
[11.312s][info   ][gc,start    ] GC(160) Pause Init Mark (unload classes)
[11.312s][info   ][gc,task     ] GC(160) Using 2 of 2 workers for init marking
[11.312s][info   ][gc,ergo     ] GC(160) Pacer for Mark. Expected Live: 43148K, Free: 1020M, Non-Taxable: 102M, Alloc Tax Rate: 0.1x
[11.312s][info   ][gc          ] GC(160) Pause Init Mark (unload classes) 0.102ms
[11.313s][info   ][gc,start    ] GC(160) Concurrent marking roots
[11.313s][info   ][gc,task     ] GC(160) Using 1 of 2 workers for concurrent marking roots
[11.314s][info   ][gc          ] GC(160) Concurrent marking roots 0.363ms
[11.314s][info   ][gc,start    ] GC(160) Concurrent marking (unload classes)
[11.314s][info   ][gc,task     ] GC(160) Using 1 of 2 workers for concurrent marking
[11.315s][info   ][gc          ] GC(160) Concurrent marking (unload classes) 1.579ms
[11.315s][info   ][gc,start    ] GC(160) Pause Final Mark (unload classes)
[11.315s][info   ][gc,task     ] GC(160) Using 2 of 2 workers for final marking
[11.316s][info   ][gc,ergo     ] GC(160) Collectable Garbage: 408M (98%), Immediate: 408M (98%), CSet: 0B (0%)
[11.316s][info   ][gc          ] GC(160) Pause Final Mark (unload classes) 0.261ms
[11.316s][info   ][gc,start    ] GC(160) Concurrent weak references
[11.316s][info   ][gc,task     ] GC(160) Using 1 of 2 workers for concurrent weak references
[11.316s][info   ][gc,ref      ] GC(160) Encountered references: Soft: 11, Weak: 37, Final: 0, Phantom: 5
[11.316s][info   ][gc,ref      ] GC(160) Discovered  references: Soft: 0, Weak: 11, Final: 0, Phantom: 5
[11.316s][info   ][gc,ref      ] GC(160) Enqueued    references: Soft: 0, Weak: 0, Final: 0, Phantom: 0
[11.316s][info   ][gc          ] GC(160) Concurrent weak references 0.116ms
[11.316s][info   ][gc,start    ] GC(160) Concurrent weak roots
[11.316s][info   ][gc,task     ] GC(160) Using 1 of 2 workers for concurrent weak root
[11.316s][info   ][gc          ] GC(160) Concurrent weak roots 0.166ms
[11.316s][info   ][gc,start    ] GC(160) Concurrent cleanup
[11.316s][info   ][gc          ] GC(160) Concurrent cleanup 476M->70M(2048M) 0.440ms
[11.316s][info   ][gc,ergo     ] GC(160) Free: 1812M, Max: 1024K regular, 462M humongous, Frag: 75% external, 0% internal; Reserve: 103M, Max: 1024K
[11.316s][info   ][gc,start    ] GC(160) Concurrent class unloading
[11.316s][info   ][gc,task     ] GC(160) Using 1 of 2 workers for concurrent class unloading
[11.317s][info   ][gc          ] GC(160) Concurrent class unloading 0.634ms
[11.317s][info   ][gc,start    ] GC(160) Pause Final Roots
[11.317s][info   ][gc          ] GC(160) Pause Final Roots 0.021ms
[11.317s][info   ][gc,ergo     ] Free: 1800M, Max: 1024K regular, 462M humongous, Frag: 75% external, 0% internal; Reserve: 103M, Max: 1024K
[11.317s][info   ][gc,stats    ] 
[11.317s][info   ][gc,stats    ] All times are wall-clock times, except per-root-class counters, that are sum over
[11.317s][info   ][gc,stats    ] all workers. Dividing the <total> over the root stage time estimates parallelism.
[11.317s][info   ][gc,stats    ] 
[11.317s][info   ][gc,stats    ] Concurrent Reset                    517 us
[11.317s][info   ][gc,stats    ] Pause Init Mark (G)                1754 us
[11.317s][info   ][gc,stats    ] Pause Init Mark (N)                 112 us
[11.317s][info   ][gc,stats    ]   Update Region States               51 us
[11.317s][info   ][gc,stats    ] Concurrent Mark Roots               375 us, parallelism: 0.78x
[11.317s][info   ][gc,stats    ]   CMR: <total>                      293 us
[11.317s][info   ][gc,stats    ]   CMR: Thread Roots                 242 us, workers (us): 242, ---, 
[11.317s][info   ][gc,stats    ]   CMR: VM Strong Roots                9 us, workers (us):   9, ---, 
[11.317s][info   ][gc,stats    ]   CMR: CLDG Roots                    42 us, workers (us):  42, ---, 
[11.317s][info   ][gc,stats    ] Concurrent Marking                 1598 us
[11.317s][info   ][gc,stats    ] Pause Final Mark (G)                390 us
[11.317s][info   ][gc,stats    ] Pause Final Mark (N)                269 us
[11.317s][info   ][gc,stats    ]   Finish Mark                        66 us
[11.317s][info   ][gc,stats    ]   Update Region States               59 us
[11.317s][info   ][gc,stats    ]   Choose Collection Set              93 us
[11.317s][info   ][gc,stats    ]   Rebuild Free Set                   13 us
[11.317s][info   ][gc,stats    ] Concurrent Weak References          123 us, parallelism: 0.02x
[11.317s][info   ][gc,stats    ]   CWRF: <total>                       2 us
[11.318s][info   ][gc,stats    ]   CWRF: Weak References               2 us, workers (us):   2, ---, 
[11.318s][info   ][gc,stats    ] Concurrent Weak Roots               177 us
[11.318s][info   ][gc,stats    ]   Roots                              79 us, parallelism: 0.68x
[11.318s][info   ][gc,stats    ]     CWR: <total>                     54 us
[11.318s][info   ][gc,stats    ]     CWR: Code Cache Roots            31 us, workers (us):  31, ---, 
[11.318s][info   ][gc,stats    ]     CWR: VM Weak Roots               21 us, workers (us):  21, ---, 
[11.318s][info   ][gc,stats    ]     CWR: CLDG Roots                   1 us, workers (us):   1, ---, 
[11.318s][info   ][gc,stats    ]   Rendezvous                         71 us
[11.318s][info   ][gc,stats    ] Concurrent Cleanup                  453 us
[11.318s][info   ][gc,stats    ] Concurrent Class Unloading          651 us
[11.318s][info   ][gc,stats    ]   Unlink Stale                      233 us
[11.318s][info   ][gc,stats    ]     System Dictionary                 5 us
[11.318s][info   ][gc,stats    ]     Weak Class Links                  1 us
[11.318s][info   ][gc,stats    ]     Code Roots                      225 us
[11.318s][info   ][gc,stats    ]   Rendezvous                        338 us
[11.318s][info   ][gc,stats    ]   Purge Unlinked                     45 us
[11.318s][info   ][gc,stats    ]     Code Roots                       21 us
[11.318s][info   ][gc,stats    ]     CLDG                             21 us
[11.318s][info   ][gc,stats    ]     Exception Caches                  1 us
[11.318s][info   ][gc,stats    ] Pause Final Roots (G)               288 us
[11.318s][info   ][gc,stats    ] Pause Final Roots (N)                28 us
[11.318s][info   ][gc,stats    ] 
[11.318s][info   ][gc,stats    ] Allocation pacing accrued:
[11.318s][info   ][gc,stats    ]       0 of     8 ms (  0.0%): <total>
[11.318s][info   ][gc,stats    ]       0 of     8 ms (  0.0%): <average total>
[11.318s][info   ][gc,stats    ] 
[11.318s][info   ][gc,metaspace] Metaspace: 213K(448K)->213K(448K) NonClass: 204K(320K)->204K(320K) Class: 9K(128K)->9K(128K)
[11.318s][info   ][gc,ergo     ] Pacer for Idle. Initial: 41943K, Alloc Tax Rate: 1.0x
[11.348s][info   ][gc          ] Trigger: Average GC time (84.33 ms) is above the time for average allocation rate (15158 MB/s) to deplete free headroom (1275M) (margin of error = 1.87)
[11.348s][info   ][gc,ergo     ] Free headroom: 1378M (free) - 102M (spike) - 0B (penalties) = 1275M
[11.348s][info   ][gc,ergo     ] Free: 1378M, Max: 1024K regular, 462M humongous, Frag: 67% external, 0% internal; Reserve: 103M, Max: 1024K
[11.348s][info   ][gc,start    ] GC(161) Concurrent reset
[11.348s][info   ][gc,task     ] GC(161) Using 1 of 2 workers for concurrent reset
[11.348s][info   ][gc,ergo     ] GC(161) Pacer for Reset. Non-Taxable: 2048M
[11.360s][info   ][gc          ] GC(161) Concurrent reset 11.656ms
[11.367s][info   ][gc,start    ] GC(161) Pause Init Mark (unload classes)
[11.367s][info   ][gc,task     ] GC(161) Using 2 of 2 workers for init marking
[11.367s][info   ][gc,ergo     ] GC(161) Pacer for Mark. Expected Live: 37824K, Free: 1132M, Non-Taxable: 113M, Alloc Tax Rate: 0.0x
[11.367s][info   ][gc          ] GC(161) Pause Init Mark (unload classes) 0.356ms
[11.375s][info   ][gc,start    ] GC(161) Concurrent marking roots
[11.376s][info   ][gc,task     ] GC(161) Using 1 of 2 workers for concurrent marking roots
[11.376s][info   ][gc          ] GC(161) Concurrent marking roots 0.616ms
[11.376s][info   ][gc,start    ] GC(161) Concurrent marking (unload classes)
[11.376s][info   ][gc,task     ] GC(161) Using 1 of 2 workers for concurrent marking
[11.378s][info   ][gc          ] GC(161) Concurrent marking (unload classes) 2.232ms
[11.378s][info   ][gc,start    ] GC(161) Pause Final Mark (unload classes)
[11.378s][info   ][gc,task     ] GC(161) Using 2 of 2 workers for final marking
[11.379s][info   ][gc,ergo     ] GC(161) Collectable Garbage: 340M (98%), Immediate: 340M (98%), CSet: 0B (0%)
[11.379s][info   ][gc          ] GC(161) Pause Final Mark (unload classes) 0.270ms
[11.379s][info   ][gc,start    ] GC(161) Concurrent weak references
[11.379s][info   ][gc,task     ] GC(161) Using 1 of 2 workers for concurrent weak references
[11.379s][info   ][gc,ref      ] GC(161) Encountered references: Soft: 11, Weak: 37, Final: 0, Phantom: 5
[11.379s][info   ][gc,ref      ] GC(161) Discovered  references: Soft: 0, Weak: 11, Final: 0, Phantom: 5
[11.379s][info   ][gc,ref      ] GC(161) Enqueued    references: Soft: 0, Weak: 0, Final: 0, Phantom: 0
[11.379s][info   ][gc          ] GC(161) Concurrent weak references 0.105ms
[11.379s][info   ][gc,start    ] GC(161) Concurrent weak roots
[11.379s][info   ][gc,task     ] GC(161) Using 1 of 2 workers for concurrent weak root
[11.379s][info   ][gc          ] GC(161) Concurrent weak roots 0.242ms
[11.379s][info   ][gc,start    ] GC(161) Concurrent cleanup
[11.379s][info   ][gc          ] GC(161) Concurrent cleanup 467M->127M(2048M) 0.379ms
[11.380s][info   ][gc,ergo     ] GC(161) Free: 1698M, Max: 1024K regular, 1040M humongous, Frag: 39% external, 0% internal; Reserve: 103M, Max: 1024K
[11.380s][info   ][gc,start    ] GC(161) Concurrent class unloading
[11.380s][info   ][gc,task     ] GC(161) Using 1 of 2 workers for concurrent class unloading
[11.380s][info   ][gc          ] GC(161) Concurrent class unloading 0.370ms
[11.380s][info   ][gc,start    ] GC(161) Pause Final Roots
[11.380s][info   ][gc          ] GC(161) Pause Final Roots 0.014ms
[11.380s][info   ][gc,ergo     ] Free: 1698M, Max: 1024K regular, 1040M humongous, Frag: 39% external, 0% internal; Reserve: 103M, Max: 1024K
[11.380s][info   ][gc,stats    ] 
[11.380s][info   ][gc,stats    ] All times are wall-clock times, except per-root-class counters, that are sum over
[11.380s][info   ][gc,stats    ] all workers. Dividing the <total> over the root stage time estimates parallelism.
[11.380s][info   ][gc,stats    ] 
[11.380s][info   ][gc,stats    ] Concurrent Reset                  11832 us
[11.380s][info   ][gc,stats    ] Pause Init Mark (G)               15447 us
[11.380s][info   ][gc,stats    ] Pause Init Mark (N)                 368 us
[11.380s][info   ][gc,stats    ]   Update Region States              197 us
[11.380s][info   ][gc,stats    ] Concurrent Mark Roots               635 us, parallelism: 0.44x
[11.380s][info   ][gc,stats    ]   CMR: <total>                      280 us
[11.380s][info   ][gc,stats    ]   CMR: Thread Roots                 219 us, workers (us): 219, ---, 
[11.380s][info   ][gc,stats    ]   CMR: VM Strong Roots               11 us, workers (us):  11, ---, 
[11.380s][info   ][gc,stats    ]   CMR: CLDG Roots                    50 us, workers (us):  50, ---, 
[11.380s][info   ][gc,stats    ] Concurrent Marking                 2265 us
[11.380s][info   ][gc,stats    ] Pause Final Mark (G)                391 us
[11.380s][info   ][gc,stats    ] Pause Final Mark (N)                278 us
[11.380s][info   ][gc,stats    ]   Finish Mark                        75 us
[11.380s][info   ][gc,stats    ]   Update Region States               65 us
[11.380s][info   ][gc,stats    ]   Choose Collection Set              85 us
[11.380s][info   ][gc,stats    ]   Rebuild Free Set                    9 us
[11.380s][info   ][gc,stats    ] Concurrent Weak References          128 us, parallelism: 0.02x
[11.380s][info   ][gc,stats    ]   CWRF: <total>                       3 us
[11.380s][info   ][gc,stats    ]   CWRF: Weak References               3 us, workers (us):   3, ---, 
[11.380s][info   ][gc,stats    ] Concurrent Weak Roots               257 us
[11.380s][info   ][gc,stats    ]   Roots                             139 us, parallelism: 0.45x
[11.380s][info   ][gc,stats    ]     CWR: <total>                     63 us
[11.380s][info   ][gc,stats    ]     CWR: Code Cache Roots            35 us, workers (us):  35, ---, 
[11.380s][info   ][gc,stats    ]     CWR: VM Weak Roots               27 us, workers (us):  27, ---, 
[11.380s][info   ][gc,stats    ]     CWR: CLDG Roots                   2 us, workers (us):   2, ---, 
[11.380s][info   ][gc,stats    ]   Rendezvous                         74 us
[11.380s][info   ][gc,stats    ] Concurrent Cleanup                  389 us
[11.380s][info   ][gc,stats    ] Concurrent Class Unloading          384 us
[11.380s][info   ][gc,stats    ]   Unlink Stale                      173 us
[11.380s][info   ][gc,stats    ]     System Dictionary                 4 us
[11.380s][info   ][gc,stats    ]     Weak Class Links                  1 us
[11.380s][info   ][gc,stats    ]     Code Roots                      166 us
[11.380s][info   ][gc,stats    ]   Rendezvous                         67 us
[11.380s][info   ][gc,stats    ]   Purge Unlinked                    115 us
[11.380s][info   ][gc,stats    ]     Code Roots                       63 us
[11.380s][info   ][gc,stats    ]     CLDG                             49 us
[11.380s][info   ][gc,stats    ]     Exception Caches                  0 us
[11.380s][info   ][gc,stats    ] Pause Final Roots (G)               108 us
[11.380s][info   ][gc,stats    ] Pause Final Roots (N)                21 us
[11.380s][info   ][gc,stats    ] Pacing                            93067 us
[11.380s][info   ][gc,stats    ] 
[11.380s][info   ][gc,stats    ] Allocation pacing accrued:
[11.380s][info   ][gc,stats    ]      11 of    63 ms ( 17.8%): Thread-0
[11.380s][info   ][gc,stats    ]       9 of    63 ms ( 14.6%): Thread-1
[11.380s][info   ][gc,stats    ]      21 of    63 ms ( 32.7%): Thread-2
[11.380s][info   ][gc,stats    ]      11 of    63 ms ( 17.9%): Thread-3
[11.380s][info   ][gc,stats    ]       9 of    63 ms ( 14.4%): Thread-4
[11.380s][info   ][gc,stats    ]      20 of    63 ms ( 31.4%): Thread-5
[11.380s][info   ][gc,stats    ]      12 of    63 ms ( 19.6%): Thread-7
[11.380s][info   ][gc,stats    ]      93 of    63 ms (148.5%): <total>
[11.380s][info   ][gc,stats    ]       5 of    63 ms (  7.8%): <average total>
[11.380s][info   ][gc,stats    ]      13 of    63 ms ( 21.2%): <average non-zero>
[11.380s][info   ][gc,stats    ] 
[11.380s][info   ][gc,metaspace] Metaspace: 213K(448K)->213K(448K) NonClass: 204K(320K)->204K(320K) Class: 9K(128K)->9K(128K)
[11.380s][info   ][gc,ergo     ] Pacer for Idle. Initial: 41943K, Alloc Tax Rate: 1.0x
[11.423s][info   ][gc          ] Trigger: Average GC time (68.73 ms) is above the time for average allocation rate (15147 MB/s) to deplete free headroom (1025M) (margin of error = 1.87)
[11.424s][info   ][gc,ergo     ] Free headroom: 1128M (free) - 102M (spike) - 0B (penalties) = 1025M
[11.424s][info   ][gc,ergo     ] Free: 1126M, Max: 1024K regular, 1040M humongous, Frag: 8% external, 0% internal; Reserve: 103M, Max: 1024K
[11.424s][info   ][gc,start    ] GC(162) Concurrent reset
[11.424s][info   ][gc,task     ] GC(162) Using 1 of 2 workers for concurrent reset
[11.424s][info   ][gc,ergo     ] GC(162) Pacer for Reset. Non-Taxable: 2048M
[11.429s][info   ][gc          ] GC(162) Concurrent reset 5.170ms
[11.433s][info   ][gc,start    ] GC(162) Pause Init Mark (unload classes)
[11.433s][info   ][gc,task     ] GC(162) Using 2 of 2 workers for init marking
[11.433s][info   ][gc,ergo     ] GC(162) Pacer for Mark. Expected Live: 46016K, Free: 1024M, Non-Taxable: 102M, Alloc Tax Rate: 0.1x
[11.433s][info   ][gc          ] GC(162) Pause Init Mark (unload classes) 0.600ms
[11.439s][info   ][gc,start    ] GC(162) Concurrent marking roots
[11.439s][info   ][gc,task     ] GC(162) Using 1 of 2 workers for concurrent marking roots
[11.440s][info   ][gc          ] GC(162) Concurrent marking roots 0.473ms
[11.440s][info   ][gc,start    ] GC(162) Concurrent marking (unload classes)
[11.440s][info   ][gc,task     ] GC(162) Using 1 of 2 workers for concurrent marking
[11.441s][info   ][gc          ] GC(162) Concurrent marking (unload classes) 1.563ms
[11.441s][info   ][gc,start    ] GC(162) Pause Final Mark (unload classes)
[11.441s][info   ][gc,task     ] GC(162) Using 2 of 2 workers for final marking
[11.442s][info   ][gc,ergo     ] GC(162) Collectable Garbage: 408M (98%), Immediate: 408M (98%), CSet: 0B (0%)
[11.442s][info   ][gc          ] GC(162) Pause Final Mark (unload classes) 0.236ms
[11.442s][info   ][gc,start    ] GC(162) Concurrent weak references
[11.442s][info   ][gc,task     ] GC(162) Using 1 of 2 workers for concurrent weak references
[11.442s][info   ][gc,ref      ] GC(162) Encountered references: Soft: 11, Weak: 37, Final: 0, Phantom: 5
[11.442s][info   ][gc,ref      ] GC(162) Discovered  references: Soft: 0, Weak: 11, Final: 0, Phantom: 5
[11.442s][info   ][gc,ref      ] GC(162) Enqueued    references: Soft: 0, Weak: 0, Final: 0, Phantom: 0
[11.442s][info   ][gc          ] GC(162) Concurrent weak references 0.154ms
[11.442s][info   ][gc,start    ] GC(162) Concurrent weak roots
[11.442s][info   ][gc,task     ] GC(162) Using 1 of 2 workers for concurrent weak root
[11.442s][info   ][gc          ] GC(162) Concurrent weak roots 0.311ms
[11.442s][info   ][gc,start    ] GC(162) Concurrent cleanup
[11.443s][info   ][gc          ] GC(162) Concurrent cleanup 515M->107M(2048M) 0.456ms
[11.443s][info   ][gc,ergo     ] GC(162) Free: 1738M, Max: 1024K regular, 922M humongous, Frag: 47% external, 0% internal; Reserve: 103M, Max: 1024K
[11.443s][info   ][gc,start    ] GC(162) Concurrent class unloading
[11.443s][info   ][gc,task     ] GC(162) Using 1 of 2 workers for concurrent class unloading
[11.443s][info   ][gc          ] GC(162) Concurrent class unloading 0.395ms
[11.443s][info   ][gc,start    ] GC(162) Pause Final Roots
[11.443s][info   ][gc          ] GC(162) Pause Final Roots 0.022ms
[11.443s][info   ][gc,ergo     ] Free: 1738M, Max: 1024K regular, 922M humongous, Frag: 47% external, 0% internal; Reserve: 103M, Max: 1024K
[11.443s][info   ][gc,stats    ] 
[11.443s][info   ][gc,stats    ] All times are wall-clock times, except per-root-class counters, that are sum over
[11.443s][info   ][gc,stats    ] all workers. Dividing the <total> over the root stage time estimates parallelism.
[11.443s][info   ][gc,stats    ] 
[11.443s][info   ][gc,stats    ] Concurrent Reset                   5320 us
[11.443s][info   ][gc,stats    ] Pause Init Mark (G)               10231 us
[11.443s][info   ][gc,stats    ] Pause Init Mark (N)                 611 us
[11.443s][info   ][gc,stats    ]   Update Region States              498 us
[11.443s][info   ][gc,stats    ] Concurrent Mark Roots               491 us, parallelism: 0.32x
[11.443s][info   ][gc,stats    ]   CMR: <total>                      159 us
[11.443s][info   ][gc,stats    ]   CMR: Thread Roots                 125 us, workers (us): 125, ---, 
[11.443s][info   ][gc,stats    ]   CMR: VM Strong Roots                7 us, workers (us):   7, ---, 
[11.443s][info   ][gc,stats    ]   CMR: CLDG Roots                    28 us, workers (us):  28, ---, 
[11.443s][info   ][gc,stats    ] Concurrent Marking                 1589 us
[11.443s][info   ][gc,stats    ] Pause Final Mark (G)                348 us
[11.443s][info   ][gc,stats    ] Pause Final Mark (N)                244 us
[11.443s][info   ][gc,stats    ]   Finish Mark                        66 us
[11.443s][info   ][gc,stats    ]   Update Region States               45 us
[11.443s][info   ][gc,stats    ]   Choose Collection Set              84 us
[11.443s][info   ][gc,stats    ]   Rebuild Free Set                    8 us
[11.443s][info   ][gc,stats    ] Concurrent Weak References          162 us, parallelism: 0.02x
[11.443s][info   ][gc,stats    ]   CWRF: <total>                       3 us
[11.443s][info   ][gc,stats    ]   CWRF: Weak References               3 us, workers (us):   3, ---, 
[11.443s][info   ][gc,stats    ] Concurrent Weak Roots               329 us
[11.443s][info   ][gc,stats    ]   Roots                             201 us, parallelism: 0.53x
[11.443s][info   ][gc,stats    ]     CWR: <total>                    106 us
[11.443s][info   ][gc,stats    ]     CWR: Code Cache Roots            64 us, workers (us):  64, ---, 
[11.443s][info   ][gc,stats    ]     CWR: VM Weak Roots               40 us, workers (us):  40, ---, 
[11.443s][info   ][gc,stats    ]     CWR: CLDG Roots                   3 us, workers (us):   3, ---, 
[11.443s][info   ][gc,stats    ]   Rendezvous                         92 us
[11.443s][info   ][gc,stats    ] Concurrent Cleanup                  466 us
[11.443s][info   ][gc,stats    ] Concurrent Class Unloading          410 us
[11.443s][info   ][gc,stats    ]   Unlink Stale                      196 us
[11.443s][info   ][gc,stats    ]     System Dictionary                 4 us
[11.443s][info   ][gc,stats    ]     Weak Class Links                  1 us
[11.443s][info   ][gc,stats    ]     Code Roots                      188 us
[11.443s][info   ][gc,stats    ]   Rendezvous                         83 us
[11.443s][info   ][gc,stats    ]   Purge Unlinked                    100 us
[11.443s][info   ][gc,stats    ]     Code Roots                       65 us
[11.443s][info   ][gc,stats    ]     CLDG                             32 us
[11.443s][info   ][gc,stats    ]     Exception Caches                  1 us
[11.443s][info   ][gc,stats    ] Pause Final Roots (G)               121 us
[11.443s][info   ][gc,stats    ] Pause Final Roots (N)                30 us
[11.443s][info   ][gc,stats    ] Pacing                            71387 us
[11.443s][info   ][gc,stats    ] 
[11.444s][info   ][gc,stats    ] Allocation pacing accrued:
[11.444s][info   ][gc,stats    ]       8 of    63 ms ( 12.8%): Thread-0
[11.444s][info   ][gc,stats    ]      11 of    63 ms ( 17.9%): Thread-1
[11.444s][info   ][gc,stats    ]       8 of    63 ms ( 12.0%): Thread-2
[11.444s][info   ][gc,stats    ]       7 of    63 ms ( 11.8%): Thread-3
[11.444s][info   ][gc,stats    ]       7 of    63 ms ( 11.6%): Thread-4
[11.444s][info   ][gc,stats    ]      11 of    63 ms ( 17.0%): Thread-5
[11.444s][info   ][gc,stats    ]       8 of    63 ms ( 12.1%): Thread-6
[11.444s][info   ][gc,stats    ]      11 of    63 ms ( 17.7%): Thread-7
[11.444s][info   ][gc,stats    ]      71 of    63 ms (112.9%): <total>
[11.444s][info   ][gc,stats    ]       4 of    63 ms (  5.9%): <average total>
[11.444s][info   ][gc,stats    ]       9 of    63 ms ( 14.1%): <average non-zero>
[11.444s][info   ][gc,stats    ] 
[11.444s][info   ][gc,metaspace] Metaspace: 213K(448K)->213K(448K) NonClass: 204K(320K)->204K(320K) Class: 9K(128K)->9K(128K)
[11.444s][info   ][gc,ergo     ] Pacer for Idle. Initial: 41943K, Alloc Tax Rate: 1.0x
[11.508s][info   ][gc          ] Trigger: Average GC time (54.12 ms) is above the time for average allocation rate (15134 MB/s) to deplete free headroom (809M) (margin of error = 1.86)
[11.508s][info   ][gc,ergo     ] Free headroom: 912M (free) - 102M (spike) - 0B (penalties) = 809M
[11.508s][info   ][gc,ergo     ] Free: 908M, Max: 1024K regular, 908M humongous, Frag: 0% external, 0% internal; Reserve: 103M, Max: 1024K
[11.508s][info   ][gc,start    ] GC(163) Concurrent reset
[11.508s][info   ][gc,task     ] GC(163) Using 1 of 2 workers for concurrent reset
[11.508s][info   ][gc,ergo     ] GC(163) Pacer for Reset. Non-Taxable: 2048M
[11.512s][info   ][gc          ] GC(163) Concurrent reset 3.740ms
[11.515s][info   ][gc,start    ] GC(163) Pause Init Mark (unload classes)
[11.515s][info   ][gc,task     ] GC(163) Using 2 of 2 workers for init marking
[11.515s][info   ][gc,ergo     ] GC(163) Pacer for Mark. Expected Live: 49293K, Free: 832M, Non-Taxable: 85196K, Alloc Tax Rate: 0.1x
[11.515s][info   ][gc          ] GC(163) Pause Init Mark (unload classes) 0.132ms
[11.515s][info   ][gc,start    ] GC(163) Concurrent marking roots
[11.515s][info   ][gc,task     ] GC(163) Using 1 of 2 workers for concurrent marking roots
[11.520s][info   ][gc          ] GC(163) Concurrent marking roots 5.056ms
[11.520s][info   ][gc,start    ] GC(163) Concurrent marking (unload classes)
[11.520s][info   ][gc,task     ] GC(163) Using 1 of 2 workers for concurrent marking
[11.522s][info   ][gc          ] GC(163) Concurrent marking (unload classes) 2.006ms
[11.522s][info   ][gc,start    ] GC(163) Pause Final Mark (unload classes)
[11.522s][info   ][gc,task     ] GC(163) Using 2 of 2 workers for final marking
[11.522s][info   ][gc,ergo     ] GC(163) Collectable Garbage: 523M (98%), Immediate: 523M (98%), CSet: 0B (0%)
[11.522s][info   ][gc          ] GC(163) Pause Final Mark (unload classes) 0.325ms
[11.522s][info   ][gc,start    ] GC(163) Concurrent weak references
[11.522s][info   ][gc,task     ] GC(163) Using 1 of 2 workers for concurrent weak references
[11.523s][info   ][gc,ref      ] GC(163) Encountered references: Soft: 11, Weak: 37, Final: 0, Phantom: 5
[11.523s][info   ][gc,ref      ] GC(163) Discovered  references: Soft: 0, Weak: 11, Final: 0, Phantom: 5
[11.523s][info   ][gc,ref      ] GC(163) Enqueued    references: Soft: 0, Weak: 0, Final: 0, Phantom: 0
[11.523s][info   ][gc          ] GC(163) Concurrent weak references 0.226ms
[11.523s][info   ][gc,start    ] GC(163) Concurrent weak roots
[11.523s][info   ][gc,task     ] GC(163) Using 1 of 2 workers for concurrent weak root
[11.533s][info   ][gc          ] GC(163) Concurrent weak roots 10.373ms
[11.533s][info   ][gc,start    ] GC(163) Concurrent cleanup
[11.534s][info   ][gc          ] GC(163) Concurrent cleanup 691M->174M(2048M) 0.725ms
[11.534s][info   ][gc,ergo     ] GC(163) Free: 1604M, Max: 1024K regular, 568M humongous, Frag: 65% external, 0% internal; Reserve: 103M, Max: 1024K
[11.534s][info   ][gc,start    ] GC(163) Concurrent class unloading
[11.534s][info   ][gc,task     ] GC(163) Using 1 of 2 workers for concurrent class unloading
[11.549s][info   ][gc          ] GC(163) Concurrent class unloading 14.636ms
[11.550s][info   ][gc,start    ] GC(163) Pause Final Roots
[11.550s][info   ][gc          ] GC(163) Pause Final Roots 0.030ms
[11.551s][info   ][gc,ergo     ] Free: 1362M, Max: 1024K regular, 568M humongous, Frag: 59% external, 0% internal; Reserve: 103M, Max: 1024K
[11.551s][info   ][gc,stats    ] 
[11.551s][info   ][gc,stats    ] All times are wall-clock times, except per-root-class counters, that are sum over
[11.551s][info   ][gc,stats    ] all workers. Dividing the <total> over the root stage time estimates parallelism.
[11.551s][info   ][gc,stats    ] 
[11.551s][info   ][gc,stats    ] Concurrent Reset                   3918 us
[11.551s][info   ][gc,stats    ] Pause Init Mark (G)                2730 us
[11.551s][info   ][gc,stats    ] Pause Init Mark (N)                 141 us
[11.551s][info   ][gc,stats    ]   Update Region States               67 us
[11.551s][info   ][gc,stats    ] Concurrent Mark Roots              5183 us, parallelism: 0.05x
[11.551s][info   ][gc,stats    ]   CMR: <total>                      239 us
[11.551s][info   ][gc,stats    ]   CMR: Thread Roots                 170 us, workers (us): 170, ---, 
[11.551s][info   ][gc,stats    ]   CMR: VM Strong Roots               14 us, workers (us):  14, ---, 
[11.551s][info   ][gc,stats    ]   CMR: CLDG Roots                    55 us, workers (us):  55, ---, 
[11.551s][info   ][gc,stats    ] Concurrent Marking                 2047 us
[11.551s][info   ][gc,stats    ] Pause Final Mark (G)                436 us
[11.551s][info   ][gc,stats    ] Pause Final Mark (N)                336 us
[11.551s][info   ][gc,stats    ]   Finish Mark                        84 us
[11.551s][info   ][gc,stats    ]   Update Region States               82 us
[11.551s][info   ][gc,stats    ]   Choose Collection Set             108 us
[11.551s][info   ][gc,stats    ]   Rebuild Free Set                   10 us
[11.551s][info   ][gc,stats    ] Concurrent Weak References          235 us, parallelism: 0.02x
[11.551s][info   ][gc,stats    ]   CWRF: <total>                       5 us
[11.551s][info   ][gc,stats    ]   CWRF: Weak References               5 us, workers (us):   5, ---, 
[11.551s][info   ][gc,stats    ] Concurrent Weak Roots             10546 us
[11.551s][info   ][gc,stats    ]   Roots                             249 us, parallelism: 0.60x
[11.551s][info   ][gc,stats    ]     CWR: <total>                    149 us
[11.551s][info   ][gc,stats    ]     CWR: Code Cache Roots            83 us, workers (us):  83, ---, 
[11.551s][info   ][gc,stats    ]     CWR: VM Weak Roots               59 us, workers (us):  59, ---, 
[11.551s][info   ][gc,stats    ]     CWR: CLDG Roots                   6 us, workers (us):   6, ---, 
[11.551s][info   ][gc,stats    ]   Rendezvous                      10095 us
[11.551s][info   ][gc,stats    ] Concurrent Cleanup                  744 us
[11.551s][info   ][gc,stats    ] Concurrent Class Unloading        14792 us
[11.551s][info   ][gc,stats    ]   Unlink Stale                     7652 us
[11.551s][info   ][gc,stats    ]     System Dictionary                12 us
[11.551s][info   ][gc,stats    ]     Weak Class Links                  1 us
[11.551s][info   ][gc,stats    ]     Code Roots                     7631 us
[11.551s][info   ][gc,stats    ]   Rendezvous                       3496 us
[11.551s][info   ][gc,stats    ]   Purge Unlinked                   3454 us
[11.551s][info   ][gc,stats    ]     Code Roots                     3425 us
[11.551s][info   ][gc,stats    ]     CLDG                             24 us
[11.551s][info   ][gc,stats    ]     Exception Caches                  1 us
[11.551s][info   ][gc,stats    ] Pause Final Roots (G)              1990 us
[11.551s][info   ][gc,stats    ] Pause Final Roots (N)                38 us
[11.551s][info   ][gc,stats    ] Pacing                            97211 us
[11.551s][info   ][gc,stats    ] 
[11.551s][info   ][gc,stats    ] Allocation pacing accrued:
[11.551s][info   ][gc,stats    ]      17 of   108 ms ( 15.6%): Thread-0
[11.551s][info   ][gc,stats    ]      12 of   108 ms ( 11.4%): Thread-1
[11.551s][info   ][gc,stats    ]      17 of   108 ms ( 15.5%): Thread-2
[11.551s][info   ][gc,stats    ]      18 of   108 ms ( 17.2%): Thread-3
[11.551s][info   ][gc,stats    ]      12 of   108 ms ( 11.4%): Thread-4
[11.551s][info   ][gc,stats    ]      12 of   108 ms ( 11.5%): Thread-5
[11.551s][info   ][gc,stats    ]       8 of   108 ms (  7.7%): Thread-6
[11.551s][info   ][gc,stats    ]      97 of   108 ms ( 90.3%): <total>
[11.551s][info   ][gc,stats    ]       5 of   108 ms (  4.8%): <average total>
[11.551s][info   ][gc,stats    ]      14 of   108 ms ( 12.9%): <average non-zero>
[11.551s][info   ][gc,stats    ] 
[11.551s][info   ][gc,metaspace] Metaspace: 213K(448K)->213K(448K) NonClass: 204K(320K)->204K(320K) Class: 9K(128K)->9K(128K)
[11.551s][info   ][gc,ergo     ] Pacer for Idle. Initial: 41943K, Alloc Tax Rate: 1.0x
[11.579s][info   ][gc          ] Trigger: Average GC time (59.70 ms) is above the time for average allocation rate (15134 MB/s) to deplete free headroom (889M) (margin of error = 1.86)
[11.579s][info   ][gc,ergo     ] Free headroom: 992M (free) - 102M (spike) - 0B (penalties) = 889M
[11.579s][info   ][gc,ergo     ] Free: 990M, Max: 1024K regular, 568M humongous, Frag: 43% external, 0% internal; Reserve: 103M, Max: 1024K
[11.580s][info   ][gc,start    ] GC(164) Concurrent reset
[11.580s][info   ][gc,task     ] GC(164) Using 1 of 2 workers for concurrent reset
[11.580s][info   ][gc,ergo     ] GC(164) Pacer for Reset. Non-Taxable: 2048M
[11.591s][info   ][gc          ] GC(164) Concurrent reset 11.425ms
[11.592s][info   ][gc,start    ] GC(164) Pause Init Mark (unload classes)
[11.592s][info   ][gc,task     ] GC(164) Using 2 of 2 workers for init marking
[11.592s][info   ][gc,ergo     ] GC(164) Pacer for Mark. Expected Live: 46221K, Free: 846M, Non-Taxable: 86630K, Alloc Tax Rate: 0.1x
[11.592s][info   ][gc          ] GC(164) Pause Init Mark (unload classes) 0.275ms
[11.595s][info   ][gc,start    ] GC(164) Concurrent marking roots
[11.595s][info   ][gc,task     ] GC(164) Using 1 of 2 workers for concurrent marking roots
[11.598s][info   ][gc          ] GC(164) Concurrent marking roots 2.367ms
[11.598s][info   ][gc,start    ] GC(164) Concurrent marking (unload classes)
[11.598s][info   ][gc,task     ] GC(164) Using 1 of 2 workers for concurrent marking
[11.600s][info   ][gc          ] GC(164) Concurrent marking (unload classes) 2.036ms
[11.600s][info   ][gc,start    ] GC(164) Pause Final Mark (unload classes)
[11.601s][info   ][gc,task     ] GC(164) Using 2 of 2 workers for final marking
[11.601s][info   ][gc,ergo     ] GC(164) Collectable Garbage: 509M (98%), Immediate: 509M (98%), CSet: 0B (0%)
[11.601s][info   ][gc          ] GC(164) Pause Final Mark (unload classes) 0.339ms
[11.609s][info   ][gc,start    ] GC(164) Concurrent weak references
[11.609s][info   ][gc,task     ] GC(164) Using 1 of 2 workers for concurrent weak references
[11.613s][info   ][gc,ref      ] GC(164) Encountered references: Soft: 11, Weak: 37, Final: 0, Phantom: 5
[11.613s][info   ][gc,ref      ] GC(164) Discovered  references: Soft: 0, Weak: 11, Final: 0, Phantom: 5
[11.613s][info   ][gc,ref      ] GC(164) Enqueued    references: Soft: 0, Weak: 0, Final: 0, Phantom: 0
[11.613s][info   ][gc          ] GC(164) Concurrent weak references 3.843ms
[11.613s][info   ][gc,start    ] GC(164) Concurrent weak roots
[11.613s][info   ][gc,task     ] GC(164) Using 1 of 2 workers for concurrent weak root
[11.625s][info   ][gc          ] GC(164) Concurrent weak roots 12.012ms
[11.625s][info   ][gc,start    ] GC(164) Concurrent cleanup
[11.626s][info   ][gc          ] GC(164) Concurrent cleanup 783M->278M(2048M) 0.840ms
[11.626s][info   ][gc,ergo     ] GC(164) Free: 1392M, Max: 1024K regular, 386M humongous, Frag: 73% external, 0% internal; Reserve: 103M, Max: 1024K
[11.626s][info   ][gc,start    ] GC(164) Concurrent class unloading
[11.626s][info   ][gc,task     ] GC(164) Using 1 of 2 workers for concurrent class unloading
[11.632s][info   ][gc          ] GC(164) Concurrent class unloading 5.521ms
[11.633s][info   ][gc,start    ] GC(164) Pause Final Roots
[11.633s][info   ][gc          ] GC(164) Pause Final Roots 0.059ms
[11.633s][info   ][gc,ergo     ] Free: 1302M, Max: 1024K regular, 386M humongous, Frag: 71% external, 0% internal; Reserve: 103M, Max: 1024K
[11.633s][info   ][gc,stats    ] 
[11.633s][info   ][gc,stats    ] All times are wall-clock times, except per-root-class counters, that are sum over
[11.633s][info   ][gc,stats    ] all workers. Dividing the <total> over the root stage time estimates parallelism.
[11.633s][info   ][gc,stats    ] 
[11.633s][info   ][gc,stats    ] Concurrent Reset                  11600 us
[11.633s][info   ][gc,stats    ] Pause Init Mark (G)                4180 us
[11.633s][info   ][gc,stats    ] Pause Init Mark (N)                 285 us
[11.633s][info   ][gc,stats    ]   Update Region States              212 us
[11.633s][info   ][gc,stats    ] Concurrent Mark Roots              2479 us, parallelism: 0.11x
[11.633s][info   ][gc,stats    ]   CMR: <total>                      273 us
[11.633s][info   ][gc,stats    ]   CMR: Thread Roots                 204 us, workers (us): 204, ---, 
[11.633s][info   ][gc,stats    ]   CMR: VM Strong Roots               11 us, workers (us):  11, ---, 
[11.633s][info   ][gc,stats    ]   CMR: CLDG Roots                    58 us, workers (us):  58, ---, 
[11.633s][info   ][gc,stats    ] Concurrent Marking                 2107 us
[11.633s][info   ][gc,stats    ] Pause Final Mark (G)               9103 us
[11.633s][info   ][gc,stats    ] Pause Final Mark (N)                348 us
[11.633s][info   ][gc,stats    ]   Finish Mark                        98 us
[11.633s][info   ][gc,stats    ]   Update Region States               85 us
[11.633s][info   ][gc,stats    ]   Choose Collection Set             108 us
[11.633s][info   ][gc,stats    ]   Rebuild Free Set                    9 us
[11.633s][info   ][gc,stats    ] Concurrent Weak References         3859 us, parallelism: 0.01x
[11.633s][info   ][gc,stats    ]   CWRF: <total>                      37 us
[11.633s][info   ][gc,stats    ]   CWRF: Weak References              37 us, workers (us):  37, ---, 
[11.633s][info   ][gc,stats    ] Concurrent Weak Roots             12162 us
[11.633s][info   ][gc,stats    ]   Roots                            7844 us, parallelism: 0.01x
[11.633s][info   ][gc,stats    ]     CWR: <total>                     85 us
[11.633s][info   ][gc,stats    ]     CWR: Code Cache Roots            44 us, workers (us):  44, ---, 
[11.633s][info   ][gc,stats    ]     CWR: VM Weak Roots               39 us, workers (us):  39, ---, 
[11.634s][info   ][gc,stats    ]     CWR: CLDG Roots                   2 us, workers (us):   2, ---, 
[11.634s][info   ][gc,stats    ]   Rendezvous                       4127 us
[11.634s][info   ][gc,stats    ] Concurrent Cleanup                  871 us
[11.634s][info   ][gc,stats    ] Concurrent Class Unloading         5666 us
[11.634s][info   ][gc,stats    ]   Unlink Stale                      446 us
[11.634s][info   ][gc,stats    ]     System Dictionary                11 us
[11.634s][info   ][gc,stats    ]     Weak Class Links                  1 us
[11.634s][info   ][gc,stats    ]     Code Roots                      430 us
[11.634s][info   ][gc,stats    ]   Rendezvous                       4602 us
[11.634s][info   ][gc,stats    ]   Purge Unlinked                    442 us
[11.634s][info   ][gc,stats    ]     Code Roots                      421 us
[11.634s][info   ][gc,stats    ]     CLDG                             18 us
[11.634s][info   ][gc,stats    ]     Exception Caches                  2 us
[11.634s][info   ][gc,stats    ] Pause Final Roots (G)              1125 us
[11.634s][info   ][gc,stats    ] Pause Final Roots (N)                76 us
[11.634s][info   ][gc,stats    ] Pacing                            95809 us
[11.634s][info   ][gc,stats    ] 
[11.634s][info   ][gc,stats    ] Allocation pacing accrued:
[11.634s][info   ][gc,stats    ]      13 of    83 ms ( 15.4%): Thread-0
[11.634s][info   ][gc,stats    ]      14 of    83 ms ( 16.7%): Thread-1
[11.634s][info   ][gc,stats    ]      17 of    83 ms ( 21.1%): Thread-2
[11.634s][info   ][gc,stats    ]      12 of    83 ms ( 15.0%): Thread-3
[11.634s][info   ][gc,stats    ]       8 of    83 ms (  9.8%): Thread-4
[11.634s][info   ][gc,stats    ]      14 of    83 ms ( 17.0%): Thread-5
[11.634s][info   ][gc,stats    ]       3 of    83 ms (  3.9%): Thread-6
[11.634s][info   ][gc,stats    ]      14 of    83 ms ( 17.0%): Thread-7
[11.634s][info   ][gc,stats    ]      96 of    83 ms (115.9%): <total>
[11.634s][info   ][gc,stats    ]       5 of    83 ms (  6.1%): <average total>
[11.634s][info   ][gc,stats    ]      12 of    83 ms ( 14.5%): <average non-zero>
[11.634s][info   ][gc,stats    ] 
[11.634s][info   ][gc,metaspace] Metaspace: 213K(448K)->213K(448K) NonClass: 204K(320K)->204K(320K) Class: 9K(128K)->9K(128K)
[11.634s][info   ][gc,ergo     ] Pacer for Idle. Initial: 41943K, Alloc Tax Rate: 1.0x
[11.643s][info   ][gc          ] Trigger: Average GC time (68.96 ms) is above the time for average allocation rate (15134 MB/s) to deplete free headroom (1031M) (margin of error = 1.86)
[11.643s][info   ][gc,ergo     ] Free headroom: 1134M (free) - 102M (spike) - 0B (penalties) = 1031M
[11.644s][info   ][gc,ergo     ] Free: 1132M, Max: 1024K regular, 386M humongous, Frag: 66% external, 0% internal; Reserve: 103M, Max: 1024K
[11.644s][info   ][gc,start    ] GC(165) Concurrent reset
[11.644s][info   ][gc,task     ] GC(165) Using 1 of 2 workers for concurrent reset
[11.644s][info   ][gc,ergo     ] GC(165) Pacer for Reset. Non-Taxable: 2048M
[11.644s][info   ][gc          ] GC(165) Concurrent reset 0.785ms
[11.645s][info   ][gc,start    ] GC(165) Pause Init Mark (unload classes)
[11.645s][info   ][gc,task     ] GC(165) Using 2 of 2 workers for init marking
[11.645s][info   ][gc,ergo     ] GC(165) Pacer for Mark. Expected Live: 47654K, Free: 1122M, Non-Taxable: 112M, Alloc Tax Rate: 0.1x
[11.645s][info   ][gc          ] GC(165) Pause Init Mark (unload classes) 0.128ms
[11.647s][info   ][gc,start    ] GC(165) Concurrent marking roots
[11.648s][info   ][gc,task     ] GC(165) Using 1 of 2 workers for concurrent marking roots
[11.651s][info   ][gc          ] GC(165) Concurrent marking roots 3.500ms
[11.651s][info   ][gc,start    ] GC(165) Concurrent marking (unload classes)
[11.651s][info   ][gc,task     ] GC(165) Using 1 of 2 workers for concurrent marking
[11.654s][info   ][gc          ] GC(165) Concurrent marking (unload classes) 2.737ms
[11.654s][info   ][gc,start    ] GC(165) Pause Final Mark (unload classes)
[11.654s][info   ][gc,task     ] GC(165) Using 2 of 2 workers for final marking
[11.655s][info   ][gc,ergo     ] GC(165) Collectable Garbage: 400M (98%), Immediate: 400M (98%), CSet: 0B (0%)
[11.655s][info   ][gc          ] GC(165) Pause Final Mark (unload classes) 0.335ms
[11.657s][info   ][gc,start    ] GC(165) Concurrent weak references
[11.657s][info   ][gc,task     ] GC(165) Using 1 of 2 workers for concurrent weak references
[11.660s][info   ][gc,ref      ] GC(165) Encountered references: Soft: 11, Weak: 37, Final: 0, Phantom: 5
[11.660s][info   ][gc,ref      ] GC(165) Discovered  references: Soft: 0, Weak: 11, Final: 0, Phantom: 5
[11.660s][info   ][gc,ref      ] GC(165) Enqueued    references: Soft: 0, Weak: 0, Final: 0, Phantom: 0
[11.660s][info   ][gc          ] GC(165) Concurrent weak references 3.108ms
[11.660s][info   ][gc,start    ] GC(165) Concurrent weak roots
[11.660s][info   ][gc,task     ] GC(165) Using 1 of 2 workers for concurrent weak root
[11.665s][info   ][gc          ] GC(165) Concurrent weak roots 4.979ms
[11.665s][info   ][gc,start    ] GC(165) Concurrent cleanup
[11.666s][info   ][gc          ] GC(165) Concurrent cleanup 555M->155M(2048M) 0.561ms
[11.666s][info   ][gc,ergo     ] GC(165) Free: 1642M, Max: 1024K regular, 1198M humongous, Frag: 28% external, 0% internal; Reserve: 103M, Max: 1024K
[11.666s][info   ][gc,start    ] GC(165) Concurrent class unloading
[11.666s][info   ][gc,task     ] GC(165) Using 1 of 2 workers for concurrent class unloading
[11.666s][info   ][gc          ] GC(165) Concurrent class unloading 0.385ms
[11.667s][info   ][gc,start    ] GC(165) Pause Final Roots
[11.667s][info   ][gc          ] GC(165) Pause Final Roots 0.012ms
[11.667s][info   ][gc,ergo     ] Free: 1642M, Max: 1024K regular, 1198M humongous, Frag: 28% external, 0% internal; Reserve: 103M, Max: 1024K
[11.667s][info   ][gc,stats    ] 
[11.667s][info   ][gc,stats    ] All times are wall-clock times, except per-root-class counters, that are sum over
[11.667s][info   ][gc,stats    ] all workers. Dividing the <total> over the root stage time estimates parallelism.
[11.667s][info   ][gc,stats    ] 
[11.667s][info   ][gc,stats    ] Concurrent Reset                    806 us
[11.667s][info   ][gc,stats    ] Pause Init Mark (G)                3036 us
[11.667s][info   ][gc,stats    ] Pause Init Mark (N)                 134 us
[11.667s][info   ][gc,stats    ]   Update Region States               82 us
[11.667s][info   ][gc,stats    ] Concurrent Mark Roots              3604 us, parallelism: 0.15x
[11.667s][info   ][gc,stats    ]   CMR: <total>                      526 us
[11.667s][info   ][gc,stats    ]   CMR: Thread Roots                 438 us, workers (us): 438, ---, 
[11.667s][info   ][gc,stats    ]   CMR: VM Strong Roots               14 us, workers (us):  14, ---, 
[11.667s][info   ][gc,stats    ]   CMR: CLDG Roots                    74 us, workers (us):  74, ---, 
[11.667s][info   ][gc,stats    ] Concurrent Marking                 2815 us
[11.667s][info   ][gc,stats    ] Pause Final Mark (G)               3397 us
[11.667s][info   ][gc,stats    ] Pause Final Mark (N)                343 us
[11.667s][info   ][gc,stats    ]   Finish Mark                       103 us
[11.667s][info   ][gc,stats    ]   Update Region States              108 us
[11.667s][info   ][gc,stats    ]   Choose Collection Set              77 us
[11.667s][info   ][gc,stats    ]   Rebuild Free Set                    9 us
[11.667s][info   ][gc,stats    ] Concurrent Weak References         3121 us, parallelism: 0.01x
[11.667s][info   ][gc,stats    ]   CWRF: <total>                      20 us
[11.667s][info   ][gc,stats    ]   CWRF: Weak References              20 us, workers (us):  20, ---, 
[11.667s][info   ][gc,stats    ] Concurrent Weak Roots              5036 us
[11.667s][info   ][gc,stats    ]   Roots                            4862 us, parallelism: 0.04x
[11.667s][info   ][gc,stats    ]     CWR: <total>                    171 us
[11.667s][info   ][gc,stats    ]     CWR: Code Cache Roots           102 us, workers (us): 102, ---, 
[11.667s][info   ][gc,stats    ]     CWR: VM Weak Roots               65 us, workers (us):  65, ---, 
[11.667s][info   ][gc,stats    ]     CWR: CLDG Roots                   4 us, workers (us):   4, ---, 
[11.667s][info   ][gc,stats    ]   Rendezvous                         92 us
[11.667s][info   ][gc,stats    ] Concurrent Cleanup                  583 us
[11.667s][info   ][gc,stats    ] Concurrent Class Unloading          404 us
[11.667s][info   ][gc,stats    ]   Unlink Stale                      215 us
[11.667s][info   ][gc,stats    ]     System Dictionary                 5 us
[11.667s][info   ][gc,stats    ]     Weak Class Links                  1 us
[11.667s][info   ][gc,stats    ]     Code Roots                      206 us
[11.667s][info   ][gc,stats    ]   Rendezvous                         43 us
[11.667s][info   ][gc,stats    ]   Purge Unlinked                    105 us
[11.667s][info   ][gc,stats    ]     Code Roots                       86 us
[11.667s][info   ][gc,stats    ]     CLDG                             16 us
[11.667s][info   ][gc,stats    ]     Exception Caches                  1 us
[11.667s][info   ][gc,stats    ] Pause Final Roots (G)                70 us
[11.667s][info   ][gc,stats    ] Pause Final Roots (N)                20 us
[11.667s][info   ][gc,stats    ] Pacing                            22306 us
[11.667s][info   ][gc,stats    ] 
[11.667s][info   ][gc,stats    ] Allocation pacing accrued:
[11.667s][info   ][gc,stats    ]       5 of    33 ms ( 15.9%): Thread-0
[11.667s][info   ][gc,stats    ]       5 of    33 ms ( 14.8%): Thread-2
[11.667s][info   ][gc,stats    ]       2 of    33 ms (  7.3%): Thread-3
[11.667s][info   ][gc,stats    ]       2 of    33 ms (  7.3%): Thread-4
[11.667s][info   ][gc,stats    ]       3 of    33 ms (  7.8%): Thread-6
[11.667s][info   ][gc,stats    ]       5 of    33 ms ( 14.3%): Thread-7
[11.667s][info   ][gc,stats    ]      22 of    33 ms ( 67.6%): <total>
[11.667s][info   ][gc,stats    ]       1 of    33 ms (  3.6%): <average total>
[11.667s][info   ][gc,stats    ]       4 of    33 ms ( 11.3%): <average non-zero>
[11.667s][info   ][gc,stats    ] 
[11.667s][info   ][gc,metaspace] Metaspace: 213K(448K)->213K(448K) NonClass: 204K(320K)->204K(320K) Class: 9K(128K)->9K(128K)
[11.667s][info   ][gc,ergo     ] Pacer for Idle. Initial: 41943K, Alloc Tax Rate: 1.0x
[11.717s][info   ][gc          ] Trigger: Average GC time (59.54 ms) is above the time for average allocation rate (15124 MB/s) to deplete free headroom (899M) (margin of error = 1.85)
[11.717s][info   ][gc,ergo     ] Free headroom: 1002M (free) - 102M (spike) - 0B (penalties) = 899M
[11.718s][info   ][gc,ergo     ] Free: 996M, Max: 1024K regular, 996M humongous, Frag: 0% external, 0% internal; Reserve: 103M, Max: 1024K
[11.718s][info   ][gc,start    ] GC(166) Concurrent reset
[11.718s][info   ][gc,task     ] GC(166) Using 1 of 2 workers for concurrent reset
[11.718s][info   ][gc,ergo     ] GC(166) Pacer for Reset. Non-Taxable: 2048M
[11.719s][info   ][gc          ] GC(166) Concurrent reset 0.789ms
[11.720s][info   ][gc,start    ] GC(166) Pause Init Mark (unload classes)
[11.720s][info   ][gc,task     ] GC(166) Using 2 of 2 workers for init marking
[11.720s][info   ][gc,ergo     ] GC(166) Pacer for Mark. Expected Live: 38848K, Free: 978M, Non-Taxable: 100147K, Alloc Tax Rate: 0.0x
[11.720s][info   ][gc          ] GC(166) Pause Init Mark (unload classes) 0.150ms
[11.720s][info   ][gc,start    ] GC(166) Concurrent marking roots
[11.720s][info   ][gc,task     ] GC(166) Using 1 of 2 workers for concurrent marking roots
[11.725s][info   ][gc          ] GC(166) Concurrent marking roots 5.538ms
[11.726s][info   ][gc,start    ] GC(166) Concurrent marking (unload classes)
[11.726s][info   ][gc,task     ] GC(166) Using 1 of 2 workers for concurrent marking
[11.728s][info   ][gc          ] GC(166) Concurrent marking (unload classes) 2.676ms
[11.728s][info   ][gc,start    ] GC(166) Pause Final Mark (unload classes)
[11.728s][info   ][gc,task     ] GC(166) Using 2 of 2 workers for final marking
[11.729s][info   ][gc,ergo     ] GC(166) Collectable Garbage: 435M (98%), Immediate: 435M (98%), CSet: 0B (0%)
[11.729s][info   ][gc          ] GC(166) Pause Final Mark (unload classes) 0.277ms
[11.729s][info   ][gc,start    ] GC(166) Concurrent weak references
[11.729s][info   ][gc,task     ] GC(166) Using 1 of 2 workers for concurrent weak references
[11.732s][info   ][gc,ref      ] GC(166) Encountered references: Soft: 11, Weak: 37, Final: 0, Phantom: 5
[11.732s][info   ][gc,ref      ] GC(166) Discovered  references: Soft: 0, Weak: 11, Final: 0, Phantom: 5
[11.732s][info   ][gc,ref      ] GC(166) Enqueued    references: Soft: 0, Weak: 0, Final: 0, Phantom: 0
[11.732s][info   ][gc          ] GC(166) Concurrent weak references 3.098ms
[11.732s][info   ][gc,start    ] GC(166) Concurrent weak roots
[11.732s][info   ][gc,task     ] GC(166) Using 1 of 2 workers for concurrent weak root
[11.748s][info   ][gc          ] GC(166) Concurrent weak roots 16.098ms
[11.748s][info   ][gc,start    ] GC(166) Concurrent cleanup
[11.749s][info   ][gc          ] GC(166) Concurrent cleanup 699M->268M(2048M) 0.654ms
[11.749s][info   ][gc,ergo     ] GC(166) Free: 1416M, Max: 1024K regular, 554M humongous, Frag: 61% external, 0% internal; Reserve: 103M, Max: 1024K
[11.749s][info   ][gc,start    ] GC(166) Concurrent class unloading
[11.749s][info   ][gc,task     ] GC(166) Using 1 of 2 workers for concurrent class unloading
[11.760s][info   ][gc          ] GC(166) Concurrent class unloading 11.501ms
[11.761s][info   ][gc,start    ] GC(166) Pause Final Roots
[11.761s][info   ][gc          ] GC(166) Pause Final Roots 0.038ms
[11.761s][info   ][gc,ergo     ] Free: 1228M, Max: 1024K regular, 554M humongous, Frag: 55% external, 0% internal; Reserve: 103M, Max: 1024K
[11.761s][info   ][gc,stats    ] 
[11.761s][info   ][gc,stats    ] All times are wall-clock times, except per-root-class counters, that are sum over
[11.761s][info   ][gc,stats    ] all workers. Dividing the <total> over the root stage time estimates parallelism.
[11.761s][info   ][gc,stats    ] 
[11.761s][info   ][gc,stats    ] Concurrent Reset                    873 us
[11.761s][info   ][gc,stats    ] Pause Init Mark (G)                1201 us
[11.761s][info   ][gc,stats    ] Pause Init Mark (N)                 158 us
[11.761s][info   ][gc,stats    ]   Update Region States               85 us
[11.761s][info   ][gc,stats    ] Concurrent Mark Roots              5718 us, parallelism: 0.04x
[11.761s][info   ][gc,stats    ]   CMR: <total>                      254 us
[11.761s][info   ][gc,stats    ]   CMR: Thread Roots                 180 us, workers (us): 180, ---, 
[11.761s][info   ][gc,stats    ]   CMR: VM Strong Roots               14 us, workers (us):  14, ---, 
[11.761s][info   ][gc,stats    ]   CMR: CLDG Roots                    60 us, workers (us):  60, ---, 
[11.761s][info   ][gc,stats    ] Concurrent Marking                 2708 us
[11.761s][info   ][gc,stats    ] Pause Final Mark (G)                494 us
[11.761s][info   ][gc,stats    ] Pause Final Mark (N)                297 us
[11.761s][info   ][gc,stats    ]   Finish Mark                        51 us
[11.761s][info   ][gc,stats    ]   Update Region States               56 us
[11.761s][info   ][gc,stats    ]   Choose Collection Set             101 us
[11.761s][info   ][gc,stats    ]   Rebuild Free Set                    8 us
[11.761s][info   ][gc,stats    ] Concurrent Weak References         3118 us, parallelism: 0.00x
[11.761s][info   ][gc,stats    ]   CWRF: <total>                       2 us
[11.761s][info   ][gc,stats    ]   CWRF: Weak References               2 us, workers (us):   2, ---, 
[11.761s][info   ][gc,stats    ] Concurrent Weak Roots             16258 us
[11.761s][info   ][gc,stats    ]   Roots                            8507 us, parallelism: 0.02x
[11.761s][info   ][gc,stats    ]     CWR: <total>                    201 us
[11.761s][info   ][gc,stats    ]     CWR: Code Cache Roots           126 us, workers (us): 126, ---, 
[11.762s][info   ][gc,stats    ]     CWR: VM Weak Roots               69 us, workers (us):  69, ---, 
[11.762s][info   ][gc,stats    ]     CWR: CLDG Roots                   6 us, workers (us):   6, ---, 
[11.762s][info   ][gc,stats    ]   Rendezvous                       7549 us
[11.762s][info   ][gc,stats    ] Concurrent Cleanup                  686 us
[11.762s][info   ][gc,stats    ] Concurrent Class Unloading        11725 us
[11.762s][info   ][gc,stats    ]   Unlink Stale                     3964 us
[11.762s][info   ][gc,stats    ]     System Dictionary                15 us
[11.762s][info   ][gc,stats    ]     Weak Class Links                  1 us
[11.762s][info   ][gc,stats    ]     Code Roots                     3942 us
[11.762s][info   ][gc,stats    ]   Rendezvous                       7262 us
[11.762s][info   ][gc,stats    ]   Purge Unlinked                    235 us
[11.762s][info   ][gc,stats    ]     Code Roots                      204 us
[11.762s][info   ][gc,stats    ]     CLDG                             24 us
[11.762s][info   ][gc,stats    ]     Exception Caches                  2 us
[11.762s][info   ][gc,stats    ] Pause Final Roots (G)               612 us
[11.762s][info   ][gc,stats    ] Pause Final Roots (N)                46 us
[11.762s][info   ][gc,stats    ] Pacing                           122174 us
[11.762s][info   ][gc,stats    ] 
[11.762s][info   ][gc,stats    ] Allocation pacing accrued:
[11.762s][info   ][gc,stats    ]      16 of    95 ms ( 16.6%): Thread-0
[11.762s][info   ][gc,stats    ]      16 of    95 ms ( 16.9%): Thread-1
[11.762s][info   ][gc,stats    ]      16 of    95 ms ( 16.5%): Thread-2
[11.762s][info   ][gc,stats    ]      16 of    95 ms ( 16.4%): Thread-3
[11.762s][info   ][gc,stats    ]      15 of    95 ms ( 15.6%): Thread-4
[11.762s][info   ][gc,stats    ]      14 of    95 ms ( 15.0%): Thread-5
[11.762s][info   ][gc,stats    ]      15 of    95 ms ( 16.1%): Thread-6
[11.762s][info   ][gc,stats    ]      15 of    95 ms ( 16.0%): Thread-7
[11.762s][info   ][gc,stats    ]     122 of    95 ms (129.0%): <total>
[11.762s][info   ][gc,stats    ]       6 of    95 ms (  6.8%): <average total>
[11.762s][info   ][gc,stats    ]      15 of    95 ms ( 16.1%): <average non-zero>
[11.762s][info   ][gc,stats    ] 
[11.762s][info   ][gc,metaspace] Metaspace: 213K(448K)->213K(448K) NonClass: 204K(320K)->204K(320K) Class: 9K(128K)->9K(128K)
[11.762s][info   ][gc,ergo     ] Pacer for Idle. Initial: 41943K, Alloc Tax Rate: 1.0x
[11.778s][info   ][gc          ] Trigger: Average GC time (59.26 ms) is above the time for average allocation rate (15132 MB/s) to deplete free headroom (853M) (margin of error = 1.86)
[11.778s][info   ][gc,ergo     ] Free headroom: 956M (free) - 102M (spike) - 0B (penalties) = 853M
[11.779s][info   ][gc,ergo     ] Free: 954M, Max: 1024K regular, 554M humongous, Frag: 42% external, 0% internal; Reserve: 103M, Max: 1024K
[11.779s][info   ][gc,start    ] GC(167) Concurrent reset
[11.779s][info   ][gc,task     ] GC(167) Using 1 of 2 workers for concurrent reset
[11.779s][info   ][gc,ergo     ] GC(167) Pacer for Reset. Non-Taxable: 2048M
[11.783s][info   ][gc          ] GC(167) Concurrent reset 4.030ms
[11.788s][info   ][gc,start    ] GC(167) Pause Init Mark (unload classes)
[11.788s][info   ][gc,task     ] GC(167) Using 2 of 2 workers for init marking
[11.788s][info   ][gc,ergo     ] GC(167) Pacer for Mark. Expected Live: 35161K, Free: 822M, Non-Taxable: 84172K, Alloc Tax Rate: 0.1x
[11.788s][info   ][gc          ] GC(167) Pause Init Mark (unload classes) 0.787ms
[11.794s][info   ][gc,start    ] GC(167) Concurrent marking roots
[11.794s][info   ][gc,task     ] GC(167) Using 1 of 2 workers for concurrent marking roots
[11.794s][info   ][gc          ] GC(167) Concurrent marking roots 0.486ms
[11.794s][info   ][gc,start    ] GC(167) Concurrent marking (unload classes)
[11.794s][info   ][gc,task     ] GC(167) Using 1 of 2 workers for concurrent marking
[11.795s][info   ][gc          ] GC(167) Concurrent marking (unload classes) 1.268ms
[11.795s][info   ][gc,start    ] GC(167) Pause Final Mark (unload classes)
[11.795s][info   ][gc,task     ] GC(167) Using 2 of 2 workers for final marking
[11.796s][info   ][gc,ergo     ] GC(167) Collectable Garbage: 507M (98%), Immediate: 507M (98%), CSet: 0B (0%)
[11.796s][info   ][gc          ] GC(167) Pause Final Mark (unload classes) 0.306ms
[11.796s][info   ][gc,start    ] GC(167) Concurrent weak references
[11.796s][info   ][gc,task     ] GC(167) Using 1 of 2 workers for concurrent weak references
[11.796s][info   ][gc,ref      ] GC(167) Encountered references: Soft: 11, Weak: 37, Final: 0, Phantom: 5
[11.796s][info   ][gc,ref      ] GC(167) Discovered  references: Soft: 0, Weak: 11, Final: 0, Phantom: 5
[11.796s][info   ][gc,ref      ] GC(167) Enqueued    references: Soft: 0, Weak: 0, Final: 0, Phantom: 0
[11.796s][info   ][gc          ] GC(167) Concurrent weak references 0.114ms
[11.796s][info   ][gc,start    ] GC(167) Concurrent weak roots
[11.796s][info   ][gc,task     ] GC(167) Using 1 of 2 workers for concurrent weak root
[11.796s][info   ][gc          ] GC(167) Concurrent weak roots 0.210ms
[11.796s][info   ][gc,start    ] GC(167) Concurrent cleanup
[11.797s][info   ][gc          ] GC(167) Concurrent cleanup 606M->99M(2048M) 0.515ms
[11.797s][info   ][gc,ergo     ] GC(167) Free: 1754M, Max: 1024K regular, 1198M humongous, Frag: 32% external, 0% internal; Reserve: 103M, Max: 1024K
[11.797s][info   ][gc,start    ] GC(167) Concurrent class unloading
[11.797s][info   ][gc,task     ] GC(167) Using 1 of 2 workers for concurrent class unloading
[11.797s][info   ][gc          ] GC(167) Concurrent class unloading 0.331ms
[11.797s][info   ][gc,start    ] GC(167) Pause Final Roots
[11.797s][info   ][gc          ] GC(167) Pause Final Roots 0.019ms
[11.797s][info   ][gc,ergo     ] Free: 1754M, Max: 1024K regular, 1198M humongous, Frag: 32% external, 0% internal; Reserve: 103M, Max: 1024K
[11.797s][info   ][gc,stats    ] 
[11.797s][info   ][gc,stats    ] All times are wall-clock times, except per-root-class counters, that are sum over
[11.797s][info   ][gc,stats    ] all workers. Dividing the <total> over the root stage time estimates parallelism.
[11.797s][info   ][gc,stats    ] 
[11.797s][info   ][gc,stats    ] Concurrent Reset                   4108 us
[11.797s][info   ][gc,stats    ] Pause Init Mark (G)               10894 us
[11.797s][info   ][gc,stats    ] Pause Init Mark (N)                 799 us
[11.797s][info   ][gc,stats    ]   Update Region States              362 us
[11.797s][info   ][gc,stats    ] Concurrent Mark Roots               507 us, parallelism: 0.45x
[11.797s][info   ][gc,stats    ]   CMR: <total>                      229 us
[11.797s][info   ][gc,stats    ]   CMR: Thread Roots                 152 us, workers (us): 152, ---, 
[11.797s][info   ][gc,stats    ]   CMR: VM Strong Roots                8 us, workers (us):   8, ---, 
[11.797s][info   ][gc,stats    ]   CMR: CLDG Roots                    69 us, workers (us):  69, ---, 
[11.797s][info   ][gc,stats    ] Concurrent Marking                 1292 us
[11.797s][info   ][gc,stats    ] Pause Final Mark (G)                397 us
[11.797s][info   ][gc,stats    ] Pause Final Mark (N)                314 us
[11.797s][info   ][gc,stats    ]   Finish Mark                        88 us
[11.797s][info   ][gc,stats    ]   Update Region States               78 us
[11.797s][info   ][gc,stats    ]   Choose Collection Set              89 us
[11.797s][info   ][gc,stats    ]   Rebuild Free Set                    9 us
[11.797s][info   ][gc,stats    ] Concurrent Weak References          122 us, parallelism: 0.02x
[11.797s][info   ][gc,stats    ]   CWRF: <total>                       2 us
[11.797s][info   ][gc,stats    ]   CWRF: Weak References               2 us, workers (us):   2, ---, 
[11.797s][info   ][gc,stats    ] Concurrent Weak Roots               227 us
[11.797s][info   ][gc,stats    ]   Roots                             113 us, parallelism: 0.38x
[11.797s][info   ][gc,stats    ]     CWR: <total>                     43 us
[11.797s][info   ][gc,stats    ]     CWR: Code Cache Roots            24 us, workers (us):  24, ---, 
[11.797s][info   ][gc,stats    ]     CWR: VM Weak Roots               18 us, workers (us):  18, ---, 
[11.797s][info   ][gc,stats    ]     CWR: CLDG Roots                   1 us, workers (us):   1, ---, 
[11.797s][info   ][gc,stats    ]   Rendezvous                         79 us
[11.797s][info   ][gc,stats    ] Concurrent Cleanup                  524 us
[11.797s][info   ][gc,stats    ] Concurrent Class Unloading          342 us
[11.797s][info   ][gc,stats    ]   Unlink Stale                      152 us
[11.797s][info   ][gc,stats    ]     System Dictionary                 4 us
[11.797s][info   ][gc,stats    ]     Weak Class Links                  1 us
[11.797s][info   ][gc,stats    ]     Code Roots                      145 us
[11.797s][info   ][gc,stats    ]   Rendezvous                         79 us
[11.797s][info   ][gc,stats    ]   Purge Unlinked                     86 us
[11.797s][info   ][gc,stats    ]     Code Roots                       55 us
[11.797s][info   ][gc,stats    ]     CLDG                             28 us
[11.797s][info   ][gc,stats    ]     Exception Caches                  1 us
[11.797s][info   ][gc,stats    ] Pause Final Roots (G)               147 us
[11.797s][info   ][gc,stats    ] Pause Final Roots (N)                28 us
[11.797s][info   ][gc,stats    ] Pacing                            31286 us
[11.797s][info   ][gc,stats    ] 
[11.797s][info   ][gc,stats    ] Allocation pacing accrued:
[11.797s][info   ][gc,stats    ]      11 of    36 ms ( 31.5%): Thread-2
[11.797s][info   ][gc,stats    ]      11 of    36 ms ( 31.0%): Thread-3
[11.797s][info   ][gc,stats    ]       9 of    36 ms ( 24.8%): Thread-7
[11.797s][info   ][gc,stats    ]      31 of    36 ms ( 87.3%): <total>
[11.797s][info   ][gc,stats    ]       2 of    36 ms (  4.6%): <average total>
[11.797s][info   ][gc,stats    ]      10 of    36 ms ( 29.1%): <average non-zero>
[11.797s][info   ][gc,stats    ] 
[11.797s][info   ][gc,metaspace] Metaspace: 213K(448K)->213K(448K) NonClass: 204K(320K)->204K(320K) Class: 9K(128K)->9K(128K)
[11.797s][info   ][gc,ergo     ] Pacer for Idle. Initial: 41943K, Alloc Tax Rate: 1.0x
[11.860s][info   ][gc          ] Trigger: Average GC time (51.95 ms) is above the time for average allocation rate (15118 MB/s) to deplete free headroom (773M) (margin of error = 1.84)
[11.860s][info   ][gc,ergo     ] Free headroom: 876M (free) - 102M (spike) - 0B (penalties) = 773M
[11.860s][info   ][gc,ergo     ] Free: 872M, Max: 1024K regular, 872M humongous, Frag: 0% external, 0% internal; Reserve: 103M, Max: 1024K
[11.860s][info   ][gc,start    ] GC(168) Concurrent reset
[11.861s][info   ][gc,task     ] GC(168) Using 1 of 2 workers for concurrent reset
[11.861s][info   ][gc,ergo     ] GC(168) Pacer for Reset. Non-Taxable: 2048M
[11.870s][info   ][gc          ] GC(168) Concurrent reset 9.421ms
[11.872s][info   ][gc,start    ] GC(168) Pause Init Mark (unload classes)
[11.873s][info   ][gc,task     ] GC(168) Using 2 of 2 workers for init marking
[11.873s][info   ][gc,ergo     ] GC(168) Pacer for Mark. Expected Live: 35571K, Free: 716M, Non-Taxable: 73318K, Alloc Tax Rate: 0.1x
[11.873s][info   ][gc          ] GC(168) Pause Init Mark (unload classes) 0.234ms
[11.873s][info   ][gc,start    ] GC(168) Concurrent marking roots
[11.873s][info   ][gc,task     ] GC(168) Using 1 of 2 workers for concurrent marking roots
[11.876s][info   ][gc          ] GC(168) Concurrent marking roots 3.232ms
[11.876s][info   ][gc,start    ] GC(168) Concurrent marking (unload classes)
[11.876s][info   ][gc,task     ] GC(168) Using 1 of 2 workers for concurrent marking
[11.879s][info   ][gc          ] GC(168) Concurrent marking (unload classes) 2.946ms
[11.880s][info   ][gc,start    ] GC(168) Pause Final Mark (unload classes)
[11.880s][info   ][gc,task     ] GC(168) Using 2 of 2 workers for final marking
[11.880s][info   ][gc,ergo     ] GC(168) Collectable Garbage: 533M (98%), Immediate: 533M (98%), CSet: 0B (0%)
[11.880s][info   ][gc          ] GC(168) Pause Final Mark (unload classes) 0.291ms
[11.880s][info   ][gc,start    ] GC(168) Concurrent weak references
[11.880s][info   ][gc,task     ] GC(168) Using 1 of 2 workers for concurrent weak references
[11.880s][info   ][gc,ref      ] GC(168) Encountered references: Soft: 11, Weak: 37, Final: 0, Phantom: 5
[11.880s][info   ][gc,ref      ] GC(168) Discovered  references: Soft: 0, Weak: 11, Final: 0, Phantom: 5
[11.880s][info   ][gc,ref      ] GC(168) Enqueued    references: Soft: 0, Weak: 0, Final: 0, Phantom: 0
[11.880s][info   ][gc          ] GC(168) Concurrent weak references 0.145ms
[11.880s][info   ][gc,start    ] GC(168) Concurrent weak roots
[11.880s][info   ][gc,task     ] GC(168) Using 1 of 2 workers for concurrent weak root
[11.893s][info   ][gc          ] GC(168) Concurrent weak roots 12.487ms
[11.893s][info   ][gc,start    ] GC(168) Concurrent cleanup
[11.894s][info   ][gc          ] GC(168) Concurrent cleanup 757M->237M(2048M) 1.617ms
[11.895s][info   ][gc,ergo     ] GC(168) Free: 1476M, Max: 1024K regular, 438M humongous, Frag: 71% external, 0% internal; Reserve: 103M, Max: 1024K
[11.895s][info   ][gc,start    ] GC(168) Concurrent class unloading
[11.895s][info   ][gc,task     ] GC(168) Using 1 of 2 workers for concurrent class unloading
[11.912s][info   ][gc          ] GC(168) Concurrent class unloading 17.568ms
[11.915s][info   ][gc,start    ] GC(168) Pause Final Roots
[11.915s][info   ][gc          ] GC(168) Pause Final Roots 0.048ms
[11.915s][info   ][gc,ergo     ] Free: 1254M, Max: 1024K regular, 438M humongous, Frag: 66% external, 0% internal; Reserve: 103M, Max: 1024K
[11.915s][info   ][gc,stats    ] 
[11.915s][info   ][gc,stats    ] All times are wall-clock times, except per-root-class counters, that are sum over
[11.915s][info   ][gc,stats    ] all workers. Dividing the <total> over the root stage time estimates parallelism.
[11.915s][info   ][gc,stats    ] 
[11.915s][info   ][gc,stats    ] Concurrent Reset                   9574 us
[11.915s][info   ][gc,stats    ] Pause Init Mark (G)                2780 us
[11.915s][info   ][gc,stats    ] Pause Init Mark (N)                 245 us
[11.915s][info   ][gc,stats    ]   Update Region States              133 us
[11.915s][info   ][gc,stats    ] Concurrent Mark Roots              3370 us, parallelism: 0.13x
[11.915s][info   ][gc,stats    ]   CMR: <total>                      444 us
[11.915s][info   ][gc,stats    ]   CMR: Thread Roots                 359 us, workers (us): 359, ---, 
[11.915s][info   ][gc,stats    ]   CMR: VM Strong Roots               16 us, workers (us):  16, ---, 
[11.915s][info   ][gc,stats    ]   CMR: CLDG Roots                    69 us, workers (us):  69, ---, 
[11.915s][info   ][gc,stats    ] Concurrent Marking                 2999 us
[11.915s][info   ][gc,stats    ] Pause Final Mark (G)                749 us
[11.915s][info   ][gc,stats    ] Pause Final Mark (N)                300 us
[11.915s][info   ][gc,stats    ]   Finish Mark                        79 us
[11.915s][info   ][gc,stats    ]   Update Region States               88 us
[11.915s][info   ][gc,stats    ]   Choose Collection Set              78 us
[11.915s][info   ][gc,stats    ]   Rebuild Free Set                    8 us
[11.915s][info   ][gc,stats    ] Concurrent Weak References          152 us, parallelism: 0.04x
[11.915s][info   ][gc,stats    ]   CWRF: <total>                       5 us
[11.915s][info   ][gc,stats    ]   CWRF: Weak References               5 us, workers (us):   5, ---, 
[11.915s][info   ][gc,stats    ] Concurrent Weak Roots             12726 us
[11.915s][info   ][gc,stats    ]   Roots                            2826 us, parallelism: 0.05x
[11.915s][info   ][gc,stats    ]     CWR: <total>                    133 us
[11.915s][info   ][gc,stats    ]     CWR: Code Cache Roots            76 us, workers (us):  76, ---, 
[11.915s][info   ][gc,stats    ]     CWR: VM Weak Roots               54 us, workers (us):  54, ---, 
[11.915s][info   ][gc,stats    ]     CWR: CLDG Roots                   3 us, workers (us):   3, ---, 
[11.915s][info   ][gc,stats    ]   Rendezvous                       9613 us
[11.915s][info   ][gc,stats    ] Concurrent Cleanup                 1816 us
[11.915s][info   ][gc,stats    ] Concurrent Class Unloading        17690 us
[11.915s][info   ][gc,stats    ]   Unlink Stale                    12328 us
[11.915s][info   ][gc,stats    ]     System Dictionary                20 us
[11.916s][info   ][gc,stats    ]     Weak Class Links                  3 us
[11.916s][info   ][gc,stats    ]     Code Roots                    12294 us
[11.916s][info   ][gc,stats    ]   Rendezvous                       4991 us
[11.916s][info   ][gc,stats    ]   Purge Unlinked                    184 us
[11.916s][info   ][gc,stats    ]     Code Roots                      172 us
[11.916s][info   ][gc,stats    ]     CLDG                              8 us
[11.916s][info   ][gc,stats    ]     Exception Caches                  1 us
[11.916s][info   ][gc,stats    ] Pause Final Roots (G)              2386 us
[11.916s][info   ][gc,stats    ] Pause Final Roots (N)                58 us
[11.916s][info   ][gc,stats    ] Pacing                           117808 us
[11.916s][info   ][gc,stats    ] 
[11.916s][info   ][gc,stats    ] Allocation pacing accrued:
[11.916s][info   ][gc,stats    ]      19 of   118 ms ( 16.5%): Thread-0
[11.916s][info   ][gc,stats    ]      13 of   118 ms ( 11.1%): Thread-1
[11.916s][info   ][gc,stats    ]      17 of   118 ms ( 14.3%): Thread-2
[11.916s][info   ][gc,stats    ]      13 of   118 ms ( 10.9%): Thread-3
[11.916s][info   ][gc,stats    ]      17 of   118 ms ( 14.4%): Thread-4
[11.916s][info   ][gc,stats    ]      14 of   118 ms ( 11.7%): Thread-5
[11.916s][info   ][gc,stats    ]      11 of   118 ms (  9.2%): Thread-6
[11.916s][info   ][gc,stats    ]      14 of   118 ms ( 11.7%): Thread-7
[11.916s][info   ][gc,stats    ]     118 of   118 ms ( 99.7%): <total>
[11.916s][info   ][gc,stats    ]       6 of   118 ms (  5.2%): <average total>
[11.916s][info   ][gc,stats    ]      15 of   118 ms ( 12.5%): <average non-zero>
[11.916s][info   ][gc,stats    ] 
[11.916s][info   ][gc,metaspace] Metaspace: 213K(448K)->213K(448K) NonClass: 204K(320K)->204K(320K) Class: 9K(128K)->9K(128K)
[11.916s][info   ][gc,ergo     ] Pacer for Idle. Initial: 41943K, Alloc Tax Rate: 1.0x
[11.921s][info   ][gc          ] Trigger: Average GC time (70.81 ms) is above the time for average allocation rate (15130 MB/s) to deplete free headroom (1051M) (margin of error = 1.85)
[11.921s][info   ][gc,ergo     ] Free headroom: 1154M (free) - 102M (spike) - 0B (penalties) = 1051M
[11.921s][info   ][gc,ergo     ] Free: 1154M, Max: 1024K regular, 438M humongous, Frag: 63% external, 0% internal; Reserve: 103M, Max: 1024K
[11.921s][info   ][gc,start    ] GC(169) Concurrent reset
[11.921s][info   ][gc,task     ] GC(169) Using 1 of 2 workers for concurrent reset
[11.921s][info   ][gc,ergo     ] GC(169) Pacer for Reset. Non-Taxable: 2048M
[11.927s][info   ][gc          ] GC(169) Concurrent reset 5.960ms
[11.928s][info   ][gc,start    ] GC(169) Pause Init Mark (unload classes)
[11.928s][info   ][gc,task     ] GC(169) Using 2 of 2 workers for init marking
[11.928s][info   ][gc,ergo     ] GC(169) Pacer for Mark. Expected Live: 45401K, Free: 1084M, Non-Taxable: 108M, Alloc Tax Rate: 0.0x
[11.928s][info   ][gc          ] GC(169) Pause Init Mark (unload classes) 0.229ms
[11.928s][info   ][gc,start    ] GC(169) Concurrent marking roots
[11.928s][info   ][gc,task     ] GC(169) Using 1 of 2 workers for concurrent marking roots
[11.929s][info   ][gc          ] GC(169) Concurrent marking roots 1.028ms
[11.929s][info   ][gc,start    ] GC(169) Concurrent marking (unload classes)
[11.929s][info   ][gc,task     ] GC(169) Using 1 of 2 workers for concurrent marking
[11.951s][info   ][gc          ] GC(169) Concurrent marking (unload classes) 21.273ms
[11.952s][info   ][gc,start    ] GC(169) Pause Final Mark (unload classes)
[11.952s][info   ][gc,task     ] GC(169) Using 2 of 2 workers for final marking
[11.952s][info   ][gc,ergo     ] GC(169) Collectable Garbage: 329M (98%), Immediate: 329M (98%), CSet: 0B (0%)
[11.952s][info   ][gc          ] GC(169) Pause Final Mark (unload classes) 0.361ms
[11.955s][info   ][gc,start    ] GC(169) Concurrent weak references
[11.955s][info   ][gc,task     ] GC(169) Using 1 of 2 workers for concurrent weak references
[11.959s][info   ][gc,ref      ] GC(169) Encountered references: Soft: 11, Weak: 37, Final: 0, Phantom: 5
[11.959s][info   ][gc,ref      ] GC(169) Discovered  references: Soft: 0, Weak: 11, Final: 0, Phantom: 5
[11.959s][info   ][gc,ref      ] GC(169) Enqueued    references: Soft: 0, Weak: 0, Final: 0, Phantom: 0
[11.959s][info   ][gc          ] GC(169) Concurrent weak references 3.759ms
[11.959s][info   ][gc,start    ] GC(169) Concurrent weak roots
[11.959s][info   ][gc,task     ] GC(169) Using 1 of 2 workers for concurrent weak root
[11.968s][info   ][gc          ] GC(169) Concurrent weak roots 8.893ms
[11.968s][info   ][gc,start    ] GC(169) Concurrent cleanup
[11.969s][info   ][gc          ] GC(169) Concurrent cleanup 714M->389M(2048M) 0.633ms
[11.969s][info   ][gc,ergo     ] GC(169) Free: 1174M, Max: 1024K regular, 444M humongous, Frag: 63% external, 0% internal; Reserve: 103M, Max: 1024K
[11.969s][info   ][gc,start    ] GC(169) Concurrent class unloading
[11.969s][info   ][gc,task     ] GC(169) Using 1 of 2 workers for concurrent class unloading
[11.975s][info   ][gc          ] GC(169) Concurrent class unloading 6.141ms
[11.976s][info   ][gc,start    ] GC(169) Pause Final Roots
[11.976s][info   ][gc          ] GC(169) Pause Final Roots 0.049ms
[11.983s][info   ][gc,ergo     ] Free: 982M, Max: 1024K regular, 444M humongous, Frag: 55% external, 0% internal; Reserve: 103M, Max: 1024K
[11.983s][info   ][gc,stats    ] 
[11.983s][info   ][gc,stats    ] All times are wall-clock times, except per-root-class counters, that are sum over
[11.983s][info   ][gc,stats    ] all workers. Dividing the <total> over the root stage time estimates parallelism.
[11.983s][info   ][gc,stats    ] 
[11.983s][info   ][gc,stats    ] Concurrent Reset                   6196 us
[11.983s][info   ][gc,stats    ] Pause Init Mark (G)                 812 us
[11.983s][info   ][gc,stats    ] Pause Init Mark (N)                 240 us
[11.983s][info   ][gc,stats    ]   Update Region States              165 us
[11.983s][info   ][gc,stats    ] Concurrent Mark Roots              1056 us, parallelism: 0.29x
[11.983s][info   ][gc,stats    ]   CMR: <total>                      302 us
[11.983s][info   ][gc,stats    ]   CMR: Thread Roots                 196 us, workers (us): 196, ---, 
[11.983s][info   ][gc,stats    ]   CMR: VM Strong Roots               12 us, workers (us):  12, ---, 
[11.983s][info   ][gc,stats    ]   CMR: CLDG Roots                    94 us, workers (us):  94, ---, 
[11.983s][info   ][gc,stats    ] Concurrent Marking                21493 us
[11.983s][info   ][gc,stats    ] Pause Final Mark (G)               4453 us
[11.983s][info   ][gc,stats    ] Pause Final Mark (N)                371 us
[11.983s][info   ][gc,stats    ]   Finish Mark                       116 us
[11.983s][info   ][gc,stats    ]   Update Region States               87 us
[11.983s][info   ][gc,stats    ]   Choose Collection Set              95 us
[11.983s][info   ][gc,stats    ]   Rebuild Free Set                   10 us
[11.983s][info   ][gc,stats    ] Concurrent Weak References         3778 us, parallelism: 0.01x
[11.983s][info   ][gc,stats    ]   CWRF: <total>                      20 us
[11.983s][info   ][gc,stats    ]   CWRF: Weak References              20 us, workers (us):  20, ---, 
[11.983s][info   ][gc,stats    ] Concurrent Weak Roots              9079 us
[11.983s][info   ][gc,stats    ]   Roots                            5331 us, parallelism: 0.05x
[11.983s][info   ][gc,stats    ]     CWR: <total>                    259 us
[11.983s][info   ][gc,stats    ]     CWR: Code Cache Roots           155 us, workers (us): 155, ---, 
[11.983s][info   ][gc,stats    ]     CWR: VM Weak Roots               98 us, workers (us):  98, ---, 
[11.983s][info   ][gc,stats    ]     CWR: CLDG Roots                   7 us, workers (us):   7, ---, 
[11.983s][info   ][gc,stats    ]   Rendezvous                       3521 us
[11.983s][info   ][gc,stats    ] Concurrent Cleanup                  666 us
[11.983s][info   ][gc,stats    ] Concurrent Class Unloading         6331 us
[11.983s][info   ][gc,stats    ]   Unlink Stale                      497 us
[11.983s][info   ][gc,stats    ]     System Dictionary                17 us
[11.983s][info   ][gc,stats    ]     Weak Class Links                  1 us
[11.983s][info   ][gc,stats    ]     Code Roots                      472 us
[11.983s][info   ][gc,stats    ]   Rendezvous                       5222 us
[11.983s][info   ][gc,stats    ]   Purge Unlinked                    373 us
[11.983s][info   ][gc,stats    ]     Code Roots                      339 us
[11.983s][info   ][gc,stats    ]     CLDG                             27 us
[11.983s][info   ][gc,stats    ]     Exception Caches                  2 us
[11.983s][info   ][gc,stats    ] Pause Final Roots (G)              7359 us
[11.983s][info   ][gc,stats    ] Pause Final Roots (N)                60 us
[11.983s][info   ][gc,stats    ] 
[11.983s][info   ][gc,stats    ] Allocation pacing accrued:
[11.983s][info   ][gc,stats    ]       0 of    67 ms (  0.0%): <total>
[11.983s][info   ][gc,stats    ]       0 of    67 ms (  0.0%): <average total>
[11.983s][info   ][gc,stats    ] 
[11.983s][info   ][gc,metaspace] Metaspace: 213K(448K)->213K(448K) NonClass: 204K(320K)->204K(320K) Class: 9K(128K)->9K(128K)
[11.983s][info   ][gc,ergo     ] Pacer for Idle. Initial: 41943K, Alloc Tax Rate: 1.0x
[11.984s][info   ][gc          ] Trigger: Average GC time (79.45 ms) is above the time for average allocation rate (15155 MB/s) to deplete free headroom (851M) (margin of error = 1.87)
[11.984s][info   ][gc,ergo     ] Free headroom: 954M (free) - 102M (spike) - 0B (penalties) = 851M
[11.984s][info   ][gc,ergo     ] Free: 954M, Max: 1024K regular, 444M humongous, Frag: 54% external, 0% internal; Reserve: 103M, Max: 1024K
[11.984s][info   ][gc,start    ] GC(170) Concurrent reset
[11.984s][info   ][gc,task     ] GC(170) Using 1 of 2 workers for concurrent reset
[11.984s][info   ][gc,ergo     ] GC(170) Pacer for Reset. Non-Taxable: 2048M
[11.989s][info   ][gc          ] GC(170) Concurrent reset 5.167ms
[11.993s][info   ][gc,start    ] GC(170) Pause Init Mark (unload classes)
[11.993s][info   ][gc,task     ] GC(170) Using 2 of 2 workers for init marking
[11.993s][info   ][gc,ergo     ] GC(170) Pacer for Mark. Expected Live: 57894K, Free: 842M, Non-Taxable: 86220K, Alloc Tax Rate: 0.1x
[11.993s][info   ][gc          ] GC(170) Pause Init Mark (unload classes) 0.228ms
[11.993s][info   ][gc,start    ] GC(170) Concurrent marking roots
[11.993s][info   ][gc,task     ] GC(170) Using 1 of 2 workers for concurrent marking roots
[11.997s][info   ][gc          ] GC(170) Concurrent marking roots 3.583ms
[11.997s][info   ][gc,start    ] GC(170) Concurrent marking (unload classes)
[11.997s][info   ][gc,task     ] GC(170) Using 1 of 2 workers for concurrent marking
[12.005s][info   ][gc          ] GC(170) Concurrent marking (unload classes) 8.218ms
[12.007s][info   ][gc,start    ] GC(170) Pause Final Mark (unload classes)
[12.007s][info   ][gc,task     ] GC(170) Using 2 of 2 workers for final marking
[12.007s][info   ][gc,ergo     ] GC(170) Collectable Garbage: 461M (98%), Immediate: 461M (98%), CSet: 0B (0%)
[12.007s][info   ][gc          ] GC(170) Pause Final Mark (unload classes) 0.264ms
[12.007s][info   ][gc,start    ] GC(170) Concurrent weak references
[12.007s][info   ][gc,task     ] GC(170) Using 1 of 2 workers for concurrent weak references
[12.011s][info   ][gc,ref      ] GC(170) Encountered references: Soft: 11, Weak: 37, Final: 0, Phantom: 5
[12.011s][info   ][gc,ref      ] GC(170) Discovered  references: Soft: 0, Weak: 11, Final: 0, Phantom: 5
[12.011s][info   ][gc,ref      ] GC(170) Enqueued    references: Soft: 0, Weak: 0, Final: 0, Phantom: 0
[12.011s][info   ][gc          ] GC(170) Concurrent weak references 4.487ms
[12.011s][info   ][gc,start    ] GC(170) Concurrent weak roots
[12.011s][info   ][gc,task     ] GC(170) Using 1 of 2 workers for concurrent weak root
[12.015s][info   ][gc          ] GC(170) Concurrent weak roots 3.845ms
[12.015s][info   ][gc,start    ] GC(170) Concurrent cleanup
[12.016s][info   ][gc          ] GC(170) Concurrent cleanup 716M->258M(2048M) 0.782ms
[12.016s][info   ][gc,ergo     ] GC(170) Free: 1432M, Max: 1024K regular, 530M humongous, Frag: 63% external, 0% internal; Reserve: 103M, Max: 1024K
[12.016s][info   ][gc,start    ] GC(170) Concurrent class unloading
[12.016s][info   ][gc,task     ] GC(170) Using 1 of 2 workers for concurrent class unloading
[12.028s][info   ][gc          ] GC(170) Concurrent class unloading 11.155ms
[12.028s][info   ][gc,start    ] GC(170) Pause Final Roots
[12.028s][info   ][gc          ] GC(170) Pause Final Roots 0.026ms
[12.029s][info   ][gc,ergo     ] Free: 1266M, Max: 1024K regular, 530M humongous, Frag: 59% external, 0% internal; Reserve: 103M, Max: 1024K
[12.029s][info   ][gc,stats    ] 
[12.029s][info   ][gc,stats    ] All times are wall-clock times, except per-root-class counters, that are sum over
[12.029s][info   ][gc,stats    ] all workers. Dividing the <total> over the root stage time estimates parallelism.
[12.029s][info   ][gc,stats    ] 
[12.029s][info   ][gc,stats    ] Concurrent Reset                   5306 us
[12.029s][info   ][gc,stats    ] Pause Init Mark (G)                3711 us
[12.029s][info   ][gc,stats    ] Pause Init Mark (N)                 239 us
[12.029s][info   ][gc,stats    ]   Update Region States              119 us
[12.029s][info   ][gc,stats    ] Concurrent Mark Roots              3681 us, parallelism: 0.10x
[12.029s][info   ][gc,stats    ]   CMR: <total>                      372 us
[12.029s][info   ][gc,stats    ]   CMR: Thread Roots                 285 us, workers (us): 285, ---, 
[12.029s][info   ][gc,stats    ]   CMR: VM Strong Roots               15 us, workers (us):  15, ---, 
[12.029s][info   ][gc,stats    ]   CMR: CLDG Roots                    71 us, workers (us):  71, ---, 
[12.029s][info   ][gc,stats    ] Concurrent Marking                 8398 us
[12.029s][info   ][gc,stats    ] Pause Final Mark (G)               1497 us
[12.029s][info   ][gc,stats    ] Pause Final Mark (N)                274 us
[12.029s][info   ][gc,stats    ]   Finish Mark                        64 us
[12.029s][info   ][gc,stats    ]   Update Region States               28 us
[12.029s][info   ][gc,stats    ]   Choose Collection Set              91 us
[12.029s][info   ][gc,stats    ]   Rebuild Free Set                    9 us
[12.029s][info   ][gc,stats    ] Concurrent Weak References         4507 us, parallelism: 0.00x
[12.029s][info   ][gc,stats    ]   CWRF: <total>                      17 us
[12.029s][info   ][gc,stats    ]   CWRF: Weak References              17 us, workers (us):  17, ---, 
[12.029s][info   ][gc,stats    ] Concurrent Weak Roots              4026 us
[12.029s][info   ][gc,stats    ]   Roots                             313 us, parallelism: 0.55x
[12.029s][info   ][gc,stats    ]     CWR: <total>                    171 us
[12.029s][info   ][gc,stats    ]     CWR: Code Cache Roots           106 us, workers (us): 106, ---, 
[12.029s][info   ][gc,stats    ]     CWR: VM Weak Roots               62 us, workers (us):  62, ---, 
[12.029s][info   ][gc,stats    ]     CWR: CLDG Roots                   4 us, workers (us):   4, ---, 
[12.029s][info   ][gc,stats    ]   Rendezvous                       3498 us
[12.029s][info   ][gc,stats    ] Concurrent Cleanup                  909 us
[12.029s][info   ][gc,stats    ] Concurrent Class Unloading        11305 us
[12.029s][info   ][gc,stats    ]   Unlink Stale                     4724 us
[12.029s][info   ][gc,stats    ]     System Dictionary                11 us
[12.029s][info   ][gc,stats    ]     Weak Class Links                  1 us
[12.029s][info   ][gc,stats    ]     Code Roots                     4704 us
[12.029s][info   ][gc,stats    ]   Rendezvous                       6101 us
[12.029s][info   ][gc,stats    ]   Purge Unlinked                    286 us
[12.029s][info   ][gc,stats    ]     Code Roots                      268 us
[12.029s][info   ][gc,stats    ]     CLDG                             13 us
[12.029s][info   ][gc,stats    ]     Exception Caches                  2 us
[12.029s][info   ][gc,stats    ] Pause Final Roots (G)               810 us
[12.029s][info   ][gc,stats    ] Pause Final Roots (N)                34 us
[12.029s][info   ][gc,stats    ] 
[12.029s][info   ][gc,stats    ] Allocation pacing accrued:
[12.029s][info   ][gc,stats    ]       0 of    46 ms (  0.0%): <total>
[12.029s][info   ][gc,stats    ]       0 of    46 ms (  0.0%): <average total>
[12.029s][info   ][gc,stats    ] 
[12.029s][info   ][gc,metaspace] Metaspace: 213K(448K)->213K(448K) NonClass: 204K(320K)->204K(320K) Class: 9K(128K)->9K(128K)
[12.029s][info   ][gc,ergo     ] Pacer for Idle. Initial: 41943K, Alloc Tax Rate: 1.0x
[12.037s][info   ][gc          ] Trigger: Average GC time (68.84 ms) is above the time for average allocation rate (15163 MB/s) to deplete free headroom (1043M) (margin of error = 1.88)
[12.037s][info   ][gc,ergo     ] Free headroom: 1146M (free) - 102M (spike) - 0B (penalties) = 1043M
[12.037s][info   ][gc,ergo     ] Free: 1142M, Max: 1024K regular, 530M humongous, Frag: 54% external, 0% internal; Reserve: 103M, Max: 1024K
[12.037s][info   ][gc,start    ] GC(171) Concurrent reset
[12.037s][info   ][gc,task     ] GC(171) Using 1 of 2 workers for concurrent reset
[12.037s][info   ][gc,ergo     ] GC(171) Pacer for Reset. Non-Taxable: 2048M
[12.042s][info   ][gc          ] GC(171) Concurrent reset 5.054ms
[12.044s][info   ][gc,start    ] GC(171) Pause Init Mark (unload classes)
[12.044s][info   ][gc,task     ] GC(171) Using 2 of 2 workers for init marking
[12.044s][info   ][gc,ergo     ] GC(171) Pacer for Mark. Expected Live: 74074K, Free: 1064M, Non-Taxable: 106M, Alloc Tax Rate: 0.1x
[12.044s][info   ][gc          ] GC(171) Pause Init Mark (unload classes) 0.099ms
[12.045s][info   ][gc,start    ] GC(171) Concurrent marking roots
[12.045s][info   ][gc,task     ] GC(171) Using 1 of 2 workers for concurrent marking roots
[12.051s][info   ][gc          ] GC(171) Concurrent marking roots 6.031ms
[12.051s][info   ][gc,start    ] GC(171) Concurrent marking (unload classes)
[12.051s][info   ][gc,task     ] GC(171) Using 1 of 2 workers for concurrent marking
[12.066s][info   ][gc          ] GC(171) Concurrent marking (unload classes) 14.833ms
[12.067s][info   ][gc,start    ] GC(171) Pause Final Mark (unload classes)
[12.067s][info   ][gc,task     ] GC(171) Using 2 of 2 workers for final marking
[12.068s][info   ][gc,ergo     ] GC(171) Collectable Garbage: 308M (97%), Immediate: 308M (97%), CSet: 0B (0%)
[12.068s][info   ][gc          ] GC(171) Pause Final Mark (unload classes) 1.551ms
[12.071s][info   ][gc,start    ] GC(171) Concurrent weak references
[12.071s][info   ][gc,task     ] GC(171) Using 1 of 2 workers for concurrent weak references
[12.072s][info   ][gc,ref      ] GC(171) Encountered references: Soft: 11, Weak: 37, Final: 0, Phantom: 5
[12.072s][info   ][gc,ref      ] GC(171) Discovered  references: Soft: 0, Weak: 11, Final: 0, Phantom: 5
[12.072s][info   ][gc,ref      ] GC(171) Enqueued    references: Soft: 0, Weak: 0, Final: 0, Phantom: 0
[12.072s][info   ][gc          ] GC(171) Concurrent weak references 0.288ms
[12.072s][info   ][gc,start    ] GC(171) Concurrent weak roots
[12.072s][info   ][gc,task     ] GC(171) Using 1 of 2 workers for concurrent weak root
[12.075s][info   ][gc          ] GC(171) Concurrent weak roots 3.066ms
[12.075s][info   ][gc,start    ] GC(171) Concurrent cleanup
[12.075s][info   ][gc          ] GC(171) Concurrent cleanup 660M->356M(2048M) 0.528ms
[12.075s][info   ][gc,ergo     ] GC(171) Free: 1240M, Max: 1024K regular, 530M humongous, Frag: 58% external, 0% internal; Reserve: 103M, Max: 1024K
[12.075s][info   ][gc,start    ] GC(171) Concurrent class unloading
[12.075s][info   ][gc,task     ] GC(171) Using 1 of 2 workers for concurrent class unloading
[12.084s][info   ][gc          ] GC(171) Concurrent class unloading 8.650ms
[12.085s][info   ][gc,start    ] GC(171) Pause Final Roots
[12.085s][info   ][gc          ] GC(171) Pause Final Roots 0.028ms
[12.087s][info   ][gc,ergo     ] Free: 1084M, Max: 1024K regular, 530M humongous, Frag: 52% external, 0% internal; Reserve: 103M, Max: 1024K
[12.087s][info   ][gc,stats    ] 
[12.087s][info   ][gc,stats    ] All times are wall-clock times, except per-root-class counters, that are sum over
[12.087s][info   ][gc,stats    ] all workers. Dividing the <total> over the root stage time estimates parallelism.
[12.087s][info   ][gc,stats    ] 
[12.087s][info   ][gc,stats    ] Concurrent Reset                   5139 us
[12.087s][info   ][gc,stats    ] Pause Init Mark (G)                2549 us
[12.087s][info   ][gc,stats    ] Pause Init Mark (N)                 107 us
[12.087s][info   ][gc,stats    ]   Update Region States               45 us
[12.087s][info   ][gc,stats    ] Concurrent Mark Roots              6258 us, parallelism: 0.10x
[12.087s][info   ][gc,stats    ]   CMR: <total>                      656 us
[12.087s][info   ][gc,stats    ]   CMR: Thread Roots                 507 us, workers (us): 507, ---, 
[12.087s][info   ][gc,stats    ]   CMR: VM Strong Roots               13 us, workers (us):  13, ---, 
[12.087s][info   ][gc,stats    ]   CMR: CLDG Roots                   136 us, workers (us): 136, ---, 
[12.087s][info   ][gc,stats    ] Concurrent Marking                15019 us
[12.087s][info   ][gc,stats    ] Pause Final Mark (G)               5434 us
[12.087s][info   ][gc,stats    ] Pause Final Mark (N)               1560 us
[12.087s][info   ][gc,stats    ]   Finish Mark                      1375 us
[12.087s][info   ][gc,stats    ]   Update Region States               42 us
[12.088s][info   ][gc,stats    ]   Choose Collection Set              80 us
[12.088s][info   ][gc,stats    ]   Rebuild Free Set                    9 us
[12.088s][info   ][gc,stats    ] Concurrent Weak References          303 us, parallelism: 0.04x
[12.088s][info   ][gc,stats    ]   CWRF: <total>                      11 us
[12.088s][info   ][gc,stats    ]   CWRF: Weak References              11 us, workers (us):  11, ---, 
[12.088s][info   ][gc,stats    ] Concurrent Weak Roots              3159 us
[12.088s][info   ][gc,stats    ]   Roots                             215 us, parallelism: 0.82x
[12.088s][info   ][gc,stats    ]     CWR: <total>                    177 us
[12.088s][info   ][gc,stats    ]     CWR: Code Cache Roots            85 us, workers (us):  85, ---, 
[12.088s][info   ][gc,stats    ]     CWR: VM Weak Roots               87 us, workers (us):  87, ---, 
[12.088s][info   ][gc,stats    ]     CWR: CLDG Roots                   5 us, workers (us):   5, ---, 
[12.088s][info   ][gc,stats    ]   Rendezvous                       2828 us
[12.088s][info   ][gc,stats    ] Concurrent Cleanup                  544 us
[12.088s][info   ][gc,stats    ] Concurrent Class Unloading         8819 us
[12.088s][info   ][gc,stats    ]   Unlink Stale                     2135 us
[12.088s][info   ][gc,stats    ]     System Dictionary                10 us
[12.088s][info   ][gc,stats    ]     Weak Class Links                  1 us
[12.088s][info   ][gc,stats    ]     Code Roots                     2121 us
[12.088s][info   ][gc,stats    ]   Rendezvous                       6245 us
[12.088s][info   ][gc,stats    ]   Purge Unlinked                    239 us
[12.088s][info   ][gc,stats    ]     Code Roots                      214 us
[12.088s][info   ][gc,stats    ]     CLDG                             20 us
[12.088s][info   ][gc,stats    ]     Exception Caches                  1 us
[12.088s][info   ][gc,stats    ] Pause Final Roots (G)              2938 us
[12.088s][info   ][gc,stats    ] Pause Final Roots (N)                37 us
[12.088s][info   ][gc,stats    ] Pacing                            15620 us
[12.088s][info   ][gc,stats    ] 
[12.088s][info   ][gc,stats    ] Allocation pacing accrued:
[12.088s][info   ][gc,stats    ]      12 of    59 ms ( 20.1%): Thread-1
[12.088s][info   ][gc,stats    ]       4 of    59 ms (  6.5%): Thread-7
[12.088s][info   ][gc,stats    ]      16 of    59 ms ( 26.5%): <total>
[12.088s][info   ][gc,stats    ]       1 of    59 ms (  1.4%): <average total>
[12.088s][info   ][gc,stats    ]       8 of    59 ms ( 13.3%): <average non-zero>
[12.088s][info   ][gc,stats    ] 
[12.088s][info   ][gc,metaspace] Metaspace: 213K(448K)->213K(448K) NonClass: 204K(320K)->204K(320K) Class: 9K(128K)->9K(128K)
[12.088s][info   ][gc,ergo     ] Pacer for Idle. Initial: 41943K, Alloc Tax Rate: 1.0x
[12.091s][info   ][gc          ] Trigger: Average GC time (64.16 ms) is above the time for average allocation rate (15178 MB/s) to deplete free headroom (935M) (margin of error = 1.89)
[12.091s][info   ][gc,ergo     ] Free headroom: 1038M (free) - 102M (spike) - 0B (penalties) = 935M
[12.091s][info   ][gc,ergo     ] Free: 1038M, Max: 1024K regular, 530M humongous, Frag: 49% external, 0% internal; Reserve: 103M, Max: 1024K
[12.091s][info   ][gc,start    ] GC(172) Concurrent reset
[12.091s][info   ][gc,task     ] GC(172) Using 1 of 2 workers for concurrent reset
[12.091s][info   ][gc,ergo     ] GC(172) Pacer for Reset. Non-Taxable: 2048M
[12.092s][info   ][gc          ] GC(172) Concurrent reset 0.925ms
[12.092s][info   ][gc,start    ] GC(172) Pause Init Mark (unload classes)
[12.092s][info   ][gc,task     ] GC(172) Using 2 of 2 workers for init marking
[12.093s][info   ][gc,ergo     ] GC(172) Pacer for Mark. Expected Live: 91277K, Free: 1038M, Non-Taxable: 103M, Alloc Tax Rate: 0.1x
[12.093s][info   ][gc          ] GC(172) Pause Init Mark (unload classes) 0.129ms
[12.093s][info   ][gc,start    ] GC(172) Concurrent marking roots
[12.093s][info   ][gc,task     ] GC(172) Using 1 of 2 workers for concurrent marking roots
[12.093s][info   ][gc          ] GC(172) Concurrent marking roots 0.313ms
[12.093s][info   ][gc,start    ] GC(172) Concurrent marking (unload classes)
[12.093s][info   ][gc,task     ] GC(172) Using 1 of 2 workers for concurrent marking
[12.094s][info   ][gc          ] GC(172) Concurrent marking (unload classes) 1.185ms
[12.094s][info   ][gc,start    ] GC(172) Pause Final Mark (unload classes)
[12.094s][info   ][gc,task     ] GC(172) Using 2 of 2 workers for final marking
[12.094s][info   ][gc,ergo     ] GC(172) Collectable Garbage: 315M (97%), Immediate: 315M (97%), CSet: 0B (0%)
[12.094s][info   ][gc          ] GC(172) Pause Final Mark (unload classes) 0.306ms
[12.094s][info   ][gc,start    ] GC(172) Concurrent weak references
[12.094s][info   ][gc,task     ] GC(172) Using 1 of 2 workers for concurrent weak references
[12.095s][info   ][gc,ref      ] GC(172) Encountered references: Soft: 11, Weak: 37, Final: 0, Phantom: 5
[12.095s][info   ][gc,ref      ] GC(172) Discovered  references: Soft: 0, Weak: 11, Final: 0, Phantom: 5
[12.095s][info   ][gc,ref      ] GC(172) Enqueued    references: Soft: 0, Weak: 0, Final: 0, Phantom: 0
[12.095s][info   ][gc          ] GC(172) Concurrent weak references 0.102ms
[12.095s][info   ][gc,start    ] GC(172) Concurrent weak roots
[12.095s][info   ][gc,task     ] GC(172) Using 1 of 2 workers for concurrent weak root
[12.095s][info   ][gc          ] GC(172) Concurrent weak roots 0.181ms
[12.095s][info   ][gc,start    ] GC(172) Concurrent cleanup
[12.095s][info   ][gc          ] GC(172) Concurrent cleanup 457M->142M(2048M) 0.342ms
[12.095s][info   ][gc,ergo     ] GC(172) Free: 1668M, Max: 1024K regular, 530M humongous, Frag: 69% external, 0% internal; Reserve: 103M, Max: 1024K
[12.095s][info   ][gc,start    ] GC(172) Concurrent class unloading
[12.095s][info   ][gc,task     ] GC(172) Using 1 of 2 workers for concurrent class unloading
[12.096s][info   ][gc          ] GC(172) Concurrent class unloading 0.422ms
[12.096s][info   ][gc,start    ] GC(172) Pause Final Roots
[12.096s][info   ][gc          ] GC(172) Pause Final Roots 0.013ms
[12.096s][info   ][gc,ergo     ] Free: 1668M, Max: 1024K regular, 530M humongous, Frag: 69% external, 0% internal; Reserve: 103M, Max: 1024K
[12.096s][info   ][gc,stats    ] 
[12.096s][info   ][gc,stats    ] All times are wall-clock times, except per-root-class counters, that are sum over
[12.096s][info   ][gc,stats    ] all workers. Dividing the <total> over the root stage time estimates parallelism.
[12.096s][info   ][gc,stats    ] 
[12.096s][info   ][gc,stats    ] Concurrent Reset                    952 us
[12.096s][info   ][gc,stats    ] Pause Init Mark (G)                 204 us
[12.096s][info   ][gc,stats    ] Pause Init Mark (N)                 138 us
[12.096s][info   ][gc,stats    ]   Update Region States               87 us
[12.096s][info   ][gc,stats    ] Concurrent Mark Roots               329 us, parallelism: 0.65x
[12.096s][info   ][gc,stats    ]   CMR: <total>                      214 us
[12.096s][info   ][gc,stats    ]   CMR: Thread Roots                 188 us, workers (us): 188, ---, 
[12.096s][info   ][gc,stats    ]   CMR: VM Strong Roots                5 us, workers (us):   5, ---, 
[12.096s][info   ][gc,stats    ]   CMR: CLDG Roots                    21 us, workers (us):  21, ---, 
[12.096s][info   ][gc,stats    ] Concurrent Marking                 1206 us
[12.096s][info   ][gc,stats    ] Pause Final Mark (G)                361 us
[12.096s][info   ][gc,stats    ] Pause Final Mark (N)                316 us
[12.096s][info   ][gc,stats    ]   Finish Mark                       136 us
[12.096s][info   ][gc,stats    ]   Update Region States               64 us
[12.096s][info   ][gc,stats    ]   Choose Collection Set              71 us
[12.096s][info   ][gc,stats    ]   Rebuild Free Set                   12 us
[12.096s][info   ][gc,stats    ] Concurrent Weak References          111 us, parallelism: 0.02x
[12.096s][info   ][gc,stats    ]   CWRF: <total>                       3 us
[12.096s][info   ][gc,stats    ]   CWRF: Weak References               3 us, workers (us):   3, ---, 
[12.096s][info   ][gc,stats    ] Concurrent Weak Roots               195 us
[12.096s][info   ][gc,stats    ]   Roots                             121 us, parallelism: 0.37x
[12.096s][info   ][gc,stats    ]     CWR: <total>                     45 us
[12.096s][info   ][gc,stats    ]     CWR: Code Cache Roots            24 us, workers (us):  24, ---, 
[12.096s][info   ][gc,stats    ]     CWR: VM Weak Roots               20 us, workers (us):  20, ---, 
[12.096s][info   ][gc,stats    ]     CWR: CLDG Roots                   1 us, workers (us):   1, ---, 
[12.096s][info   ][gc,stats    ]   Rendezvous                         43 us
[12.096s][info   ][gc,stats    ] Concurrent Cleanup                  350 us
[12.096s][info   ][gc,stats    ] Concurrent Class Unloading          441 us
[12.096s][info   ][gc,stats    ]   Unlink Stale                      234 us
[12.096s][info   ][gc,stats    ]     System Dictionary                 4 us
[12.096s][info   ][gc,stats    ]     Weak Class Links                  1 us
[12.096s][info   ][gc,stats    ]     Code Roots                      226 us
[12.096s][info   ][gc,stats    ]   Rendezvous                         41 us
[12.096s][info   ][gc,stats    ]   Purge Unlinked                    124 us
[12.096s][info   ][gc,stats    ]     Code Roots                      105 us
[12.096s][info   ][gc,stats    ]     CLDG                             16 us
[12.096s][info   ][gc,stats    ]     Exception Caches                  1 us
[12.096s][info   ][gc,stats    ] Pause Final Roots (G)                83 us
[12.096s][info   ][gc,stats    ] Pause Final Roots (N)                22 us
[12.096s][info   ][gc,stats    ] 
[12.096s][info   ][gc,stats    ] Allocation pacing accrued:
[12.096s][info   ][gc,stats    ]       0 of     8 ms (  0.0%): <total>
[12.096s][info   ][gc,stats    ]       0 of     8 ms (  0.0%): <average total>
[12.096s][info   ][gc,stats    ] 
[12.096s][info   ][gc,metaspace] Metaspace: 213K(448K)->213K(448K) NonClass: 204K(320K)->204K(320K) Class: 9K(128K)->9K(128K)
[12.096s][info   ][gc,ergo     ] Pacer for Idle. Initial: 41943K, Alloc Tax Rate: 1.0x
[12.142s][info   ][gc          ] Trigger: Average GC time (69.99 ms) is above the time for average allocation rate (15161 MB/s) to deplete free headroom (1035M) (margin of error = 1.88)
[12.142s][info   ][gc,ergo     ] Free headroom: 1138M (free) - 102M (spike) - 0B (penalties) = 1035M
[12.142s][info   ][gc,ergo     ] Free: 1138M, Max: 1024K regular, 530M humongous, Frag: 54% external, 0% internal; Reserve: 103M, Max: 1024K
[12.142s][info   ][gc,start    ] GC(173) Concurrent reset
[12.142s][info   ][gc,task     ] GC(173) Using 1 of 2 workers for concurrent reset
[12.142s][info   ][gc,ergo     ] GC(173) Pacer for Reset. Non-Taxable: 2048M
[12.145s][info   ][gc          ] GC(173) Concurrent reset 3.221ms
[12.146s][info   ][gc,start    ] GC(173) Pause Init Mark (unload classes)
[12.146s][info   ][gc,task     ] GC(173) Using 2 of 2 workers for init marking
[12.146s][info   ][gc,ergo     ] GC(173) Pacer for Mark. Expected Live: 105M, Free: 1106M, Non-Taxable: 110M, Alloc Tax Rate: 0.1x
[12.146s][info   ][gc          ] GC(173) Pause Init Mark (unload classes) 0.180ms
[12.146s][info   ][gc,start    ] GC(173) Concurrent marking roots
[12.146s][info   ][gc,task     ] GC(173) Using 1 of 2 workers for concurrent marking roots
[12.146s][info   ][gc          ] GC(173) Concurrent marking roots 0.374ms
[12.146s][info   ][gc,start    ] GC(173) Concurrent marking (unload classes)
[12.146s][info   ][gc,task     ] GC(173) Using 1 of 2 workers for concurrent marking
[12.178s][info   ][gc          ] GC(173) Concurrent marking (unload classes) 31.099ms
[12.179s][info   ][gc,start    ] GC(173) Pause Final Mark (unload classes)
[12.179s][info   ][gc,task     ] GC(173) Using 2 of 2 workers for final marking
[12.179s][info   ][gc,ergo     ] GC(173) Collectable Garbage: 257M (97%), Immediate: 257M (97%), CSet: 0B (0%)
[12.179s][info   ][gc          ] GC(173) Pause Final Mark (unload classes) 0.481ms
[12.184s][info   ][gc,start    ] GC(173) Concurrent weak references
[12.185s][info   ][gc,task     ] GC(173) Using 1 of 2 workers for concurrent weak references
[12.185s][info   ][gc,ref      ] GC(173) Encountered references: Soft: 11, Weak: 37, Final: 0, Phantom: 5
[12.185s][info   ][gc,ref      ] GC(173) Discovered  references: Soft: 0, Weak: 11, Final: 0, Phantom: 5
[12.185s][info   ][gc,ref      ] GC(173) Enqueued    references: Soft: 0, Weak: 0, Final: 0, Phantom: 0
[12.185s][info   ][gc          ] GC(173) Concurrent weak references 0.402ms
[12.185s][info   ][gc,start    ] GC(173) Concurrent weak roots
[12.185s][info   ][gc,task     ] GC(173) Using 1 of 2 workers for concurrent weak root
[12.193s][info   ][gc          ] GC(173) Concurrent weak roots 7.804ms
[12.193s][info   ][gc,start    ] GC(173) Concurrent cleanup
[12.193s][info   ][gc          ] GC(173) Concurrent cleanup 741M->487M(2048M) 0.535ms
[12.193s][info   ][gc,ergo     ] GC(173) Free: 978M, Max: 1024K regular, 470M humongous, Frag: 52% external, 0% internal; Reserve: 103M, Max: 1024K
[12.193s][info   ][gc,start    ] GC(173) Concurrent class unloading
[12.193s][info   ][gc,task     ] GC(173) Using 1 of 2 workers for concurrent class unloading
[12.201s][info   ][gc          ] GC(173) Concurrent class unloading 7.304ms
[12.201s][info   ][gc,start    ] GC(173) Pause Final Roots
[12.202s][info   ][gc          ] GC(173) Pause Final Roots 0.044ms
[12.208s][info   ][gc,ergo     ] Free: 796M, Max: 1024K regular, 470M humongous, Frag: 41% external, 0% internal; Reserve: 103M, Max: 1024K
[12.208s][info   ][gc,stats    ] 
[12.208s][info   ][gc,stats    ] All times are wall-clock times, except per-root-class counters, that are sum over
[12.208s][info   ][gc,stats    ] all workers. Dividing the <total> over the root stage time estimates parallelism.
[12.208s][info   ][gc,stats    ] 
[12.208s][info   ][gc,stats    ] Concurrent Reset                   3326 us
[12.208s][info   ][gc,stats    ] Pause Init Mark (G)                 460 us
[12.208s][info   ][gc,stats    ] Pause Init Mark (N)                 190 us
[12.208s][info   ][gc,stats    ]   Update Region States              121 us
[12.208s][info   ][gc,stats    ] Concurrent Mark Roots               394 us, parallelism: 0.77x
[12.208s][info   ][gc,stats    ]   CMR: <total>                      305 us
[12.208s][info   ][gc,stats    ]   CMR: Thread Roots                 259 us, workers (us): 259, ---, 
[12.208s][info   ][gc,stats    ]   CMR: VM Strong Roots                8 us, workers (us):   8, ---, 
[12.208s][info   ][gc,stats    ]   CMR: CLDG Roots                    38 us, workers (us):  38, ---, 
[12.209s][info   ][gc,stats    ] Concurrent Marking                31252 us
[12.209s][info   ][gc,stats    ] Pause Final Mark (G)               6783 us
[12.209s][info   ][gc,stats    ] Pause Final Mark (N)                491 us
[12.209s][info   ][gc,stats    ]   Finish Mark                       165 us
[12.209s][info   ][gc,stats    ]   Update Region States              121 us
[12.209s][info   ][gc,stats    ]   Choose Collection Set             108 us
[12.209s][info   ][gc,stats    ]   Rebuild Free Set                   10 us
[12.209s][info   ][gc,stats    ] Concurrent Weak References          417 us, parallelism: 0.03x
[12.209s][info   ][gc,stats    ]   CWRF: <total>                      13 us
[12.209s][info   ][gc,stats    ]   CWRF: Weak References              13 us, workers (us):  13, ---, 
[12.209s][info   ][gc,stats    ] Concurrent Weak Roots              7978 us
[12.209s][info   ][gc,stats    ]   Roots                             320 us, parallelism: 0.67x
[12.209s][info   ][gc,stats    ]     CWR: <total>                    215 us
[12.209s][info   ][gc,stats    ]     CWR: Code Cache Roots           111 us, workers (us): 111, ---, 
[12.209s][info   ][gc,stats    ]     CWR: VM Weak Roots               98 us, workers (us):  98, ---, 
[12.209s][info   ][gc,stats    ]     CWR: CLDG Roots                   5 us, workers (us):   5, ---, 
[12.209s][info   ][gc,stats    ]   Rendezvous                       7450 us
[12.209s][info   ][gc,stats    ] Concurrent Cleanup                  589 us
[12.209s][info   ][gc,stats    ] Concurrent Class Unloading         7462 us
[12.209s][info   ][gc,stats    ]   Unlink Stale                      541 us
[12.209s][info   ][gc,stats    ]     System Dictionary                15 us
[12.209s][info   ][gc,stats    ]     Weak Class Links                  1 us
[12.209s][info   ][gc,stats    ]     Code Roots                      517 us
[12.209s][info   ][gc,stats    ]   Rendezvous                       6552 us
[12.209s][info   ][gc,stats    ]   Purge Unlinked                    162 us
[12.209s][info   ][gc,stats    ]     Code Roots                      139 us
[12.209s][info   ][gc,stats    ]     CLDG                             18 us
[12.209s][info   ][gc,stats    ]     Exception Caches                  1 us
[12.209s][info   ][gc,stats    ] Pause Final Roots (G)              6738 us
[12.209s][info   ][gc,stats    ] Pause Final Roots (N)                53 us
[12.209s][info   ][gc,stats    ] Pacing                           276194 us
[12.209s][info   ][gc,stats    ] 
[12.209s][info   ][gc,stats    ] Allocation pacing accrued:
[12.209s][info   ][gc,stats    ]      29 of   113 ms ( 25.4%): Thread-0
[12.209s][info   ][gc,stats    ]      51 of   113 ms ( 45.1%): Thread-1
[12.209s][info   ][gc,stats    ]      33 of   113 ms ( 29.6%): Thread-2
[12.209s][info   ][gc,stats    ]      25 of   113 ms ( 22.5%): Thread-3
[12.209s][info   ][gc,stats    ]      24 of   113 ms ( 21.0%): Thread-4
[12.209s][info   ][gc,stats    ]      45 of   113 ms ( 40.2%): Thread-5
[12.209s][info   ][gc,stats    ]      25 of   113 ms ( 22.2%): Thread-6
[12.209s][info   ][gc,stats    ]      43 of   113 ms ( 38.2%): Thread-7
[12.209s][info   ][gc,stats    ]     276 of   113 ms (244.1%): <total>
[12.209s][info   ][gc,stats    ]      15 of   113 ms ( 12.8%): <average total>
[12.209s][info   ][gc,stats    ]      35 of   113 ms ( 30.5%): <average non-zero>
[12.209s][info   ][gc,stats    ] 
[12.209s][info   ][gc,metaspace] Metaspace: 213K(448K)->213K(448K) NonClass: 204K(320K)->204K(320K) Class: 9K(128K)->9K(128K)
[12.210s][info   ][gc,ergo     ] Pacer for Idle. Initial: 41943K, Alloc Tax Rate: 1.0x
[12.212s][info   ][gc          ] Trigger: Average GC time (94.13 ms) is above the time for average allocation rate (15183 MB/s) to deplete free headroom (637M) (margin of error = 1.89)
[12.212s][info   ][gc,ergo     ] Free headroom: 740M (free) - 102M (spike) - 0B (penalties) = 637M
[12.212s][info   ][gc,ergo     ] Free: 740M, Max: 1024K regular, 470M humongous, Frag: 37% external, 0% internal; Reserve: 103M, Max: 1024K
[12.212s][info   ][gc,start    ] GC(174) Concurrent reset
[12.212s][info   ][gc,task     ] GC(174) Using 1 of 2 workers for concurrent reset
[12.212s][info   ][gc,ergo     ] GC(174) Pacer for Reset. Non-Taxable: 2048M
[12.213s][info   ][gc          ] GC(174) Concurrent reset 1.006ms
[12.214s][info   ][gc,start    ] GC(174) Pause Init Mark (unload classes)
[12.214s][info   ][gc,task     ] GC(174) Using 2 of 2 workers for init marking
[12.214s][info   ][gc,ergo     ] GC(174) Pacer for Mark. Expected Live: 122M, Free: 740M, Non-Taxable: 75776K, Alloc Tax Rate: 0.2x
[12.214s][info   ][gc          ] GC(174) Pause Init Mark (unload classes) 0.114ms
[12.214s][info   ][gc,start    ] GC(174) Concurrent marking roots
[12.214s][info   ][gc,task     ] GC(174) Using 1 of 2 workers for concurrent marking roots
[12.214s][info   ][gc          ] GC(174) Concurrent marking roots 0.337ms
[12.214s][info   ][gc,start    ] GC(174) Concurrent marking (unload classes)
[12.214s][info   ][gc,task     ] GC(174) Using 1 of 2 workers for concurrent marking
[12.215s][info   ][gc          ] GC(174) Concurrent marking (unload classes) 1.232ms
[12.215s][info   ][gc,start    ] GC(174) Pause Final Mark (unload classes)
[12.215s][info   ][gc,task     ] GC(174) Using 2 of 2 workers for final marking
[12.216s][info   ][gc,ergo     ] GC(174) Collectable Garbage: 419M (98%), Immediate: 419M (98%), CSet: 0B (0%)
[12.216s][info   ][gc          ] GC(174) Pause Final Mark (unload classes) 0.314ms
[12.216s][info   ][gc,start    ] GC(174) Concurrent weak references
[12.216s][info   ][gc,task     ] GC(174) Using 1 of 2 workers for concurrent weak references
[12.216s][info   ][gc,ref      ] GC(174) Encountered references: Soft: 11, Weak: 37, Final: 0, Phantom: 5
[12.216s][info   ][gc,ref      ] GC(174) Discovered  references: Soft: 0, Weak: 11, Final: 0, Phantom: 5
[12.216s][info   ][gc,ref      ] GC(174) Enqueued    references: Soft: 0, Weak: 0, Final: 0, Phantom: 0
[12.216s][info   ][gc          ] GC(174) Concurrent weak references 0.099ms
[12.216s][info   ][gc,start    ] GC(174) Concurrent weak roots
[12.216s][info   ][gc,task     ] GC(174) Using 1 of 2 workers for concurrent weak root
[12.216s][info   ][gc          ] GC(174) Concurrent weak roots 0.158ms
[12.216s][info   ][gc,start    ] GC(174) Concurrent cleanup
[12.216s][info   ][gc          ] GC(174) Concurrent cleanup 606M->187M(2048M) 0.446ms
[12.216s][info   ][gc,ergo     ] GC(174) Free: 1578M, Max: 1024K regular, 478M humongous, Frag: 70% external, 0% internal; Reserve: 103M, Max: 1024K
[12.216s][info   ][gc,start    ] GC(174) Concurrent class unloading
[12.216s][info   ][gc,task     ] GC(174) Using 1 of 2 workers for concurrent class unloading
[12.217s][info   ][gc          ] GC(174) Concurrent class unloading 0.325ms
[12.217s][info   ][gc,start    ] GC(174) Pause Final Roots
[12.217s][info   ][gc          ] GC(174) Pause Final Roots 0.018ms
[12.217s][info   ][gc,ergo     ] Free: 1578M, Max: 1024K regular, 478M humongous, Frag: 70% external, 0% internal; Reserve: 103M, Max: 1024K
[12.217s][info   ][gc,stats    ] 
[12.217s][info   ][gc,stats    ] All times are wall-clock times, except per-root-class counters, that are sum over
[12.217s][info   ][gc,stats    ] all workers. Dividing the <total> over the root stage time estimates parallelism.
[12.217s][info   ][gc,stats    ] 
[12.217s][info   ][gc,stats    ] Concurrent Reset                   1029 us
[12.217s][info   ][gc,stats    ] Pause Init Mark (G)                 238 us
[12.217s][info   ][gc,stats    ] Pause Init Mark (N)                 122 us
[12.217s][info   ][gc,stats    ]   Update Region States               72 us
[12.217s][info   ][gc,stats    ] Concurrent Mark Roots               349 us, parallelism: 0.62x
[12.217s][info   ][gc,stats    ]   CMR: <total>                      216 us
[12.217s][info   ][gc,stats    ]   CMR: Thread Roots                 188 us, workers (us): 188, ---, 
[12.217s][info   ][gc,stats    ]   CMR: VM Strong Roots                5 us, workers (us):   5, ---, 
[12.217s][info   ][gc,stats    ]   CMR: CLDG Roots                    23 us, workers (us):  23, ---, 
[12.217s][info   ][gc,stats    ] Concurrent Marking                 1259 us
[12.217s][info   ][gc,stats    ] Pause Final Mark (G)                397 us
[12.217s][info   ][gc,stats    ] Pause Final Mark (N)                322 us
[12.217s][info   ][gc,stats    ]   Finish Mark                       109 us
[12.217s][info   ][gc,stats    ]   Update Region States               72 us
[12.217s][info   ][gc,stats    ]   Choose Collection Set              93 us
[12.217s][info   ][gc,stats    ]   Rebuild Free Set                   11 us
[12.217s][info   ][gc,stats    ] Concurrent Weak References          106 us, parallelism: 0.02x
[12.217s][info   ][gc,stats    ]   CWRF: <total>                       2 us
[12.217s][info   ][gc,stats    ]   CWRF: Weak References               2 us, workers (us):   2, ---, 
[12.217s][info   ][gc,stats    ] Concurrent Weak Roots               169 us
[12.217s][info   ][gc,stats    ]   Roots                              73 us, parallelism: 0.66x
[12.217s][info   ][gc,stats    ]     CWR: <total>                     49 us
[12.217s][info   ][gc,stats    ]     CWR: Code Cache Roots            27 us, workers (us):  27, ---, 
[12.217s][info   ][gc,stats    ]     CWR: VM Weak Roots               21 us, workers (us):  21, ---, 
[12.217s][info   ][gc,stats    ]     CWR: CLDG Roots                   1 us, workers (us):   1, ---, 
[12.217s][info   ][gc,stats    ]   Rendezvous                         70 us
[12.217s][info   ][gc,stats    ] Concurrent Cleanup                  456 us
[12.217s][info   ][gc,stats    ] Concurrent Class Unloading          341 us
[12.217s][info   ][gc,stats    ]   Unlink Stale                      209 us
[12.217s][info   ][gc,stats    ]     System Dictionary                 5 us
[12.217s][info   ][gc,stats    ]     Weak Class Links                  1 us
[12.217s][info   ][gc,stats    ]     Code Roots                      201 us
[12.217s][info   ][gc,stats    ]   Rendezvous                         70 us
[12.217s][info   ][gc,stats    ]   Purge Unlinked                     30 us
[12.217s][info   ][gc,stats    ]     Code Roots                       14 us
[12.217s][info   ][gc,stats    ]     CLDG                             13 us
[12.217s][info   ][gc,stats    ]     Exception Caches                  1 us
[12.217s][info   ][gc,stats    ] Pause Final Roots (G)               115 us
[12.217s][info   ][gc,stats    ] Pause Final Roots (N)                28 us
[12.217s][info   ][gc,stats    ] 
[12.217s][info   ][gc,stats    ] Allocation pacing accrued:
[12.217s][info   ][gc,stats    ]       0 of     8 ms (  0.0%): <total>
[12.217s][info   ][gc,stats    ]       0 of     8 ms (  0.0%): <average total>
[12.217s][info   ][gc,stats    ] 
[12.217s][info   ][gc,metaspace] Metaspace: 213K(448K)->213K(448K) NonClass: 204K(320K)->204K(320K) Class: 9K(128K)->9K(128K)
[12.217s][info   ][gc,ergo     ] Pacer for Idle. Initial: 41943K, Alloc Tax Rate: 1.0x
[12.242s][info   ][gc          ] Trigger: Average GC time (77.08 ms) is above the time for average allocation rate (15172 MB/s) to deplete free headroom (1161M) (margin of error = 1.89)
[12.242s][info   ][gc,ergo     ] Free headroom: 1264M (free) - 102M (spike) - 0B (penalties) = 1161M
[12.242s][info   ][gc,ergo     ] Free: 1262M, Max: 1024K regular, 478M humongous, Frag: 63% external, 0% internal; Reserve: 103M, Max: 1024K
[12.242s][info   ][gc,start    ] GC(175) Concurrent reset
[12.242s][info   ][gc,task     ] GC(175) Using 1 of 2 workers for concurrent reset
[12.242s][info   ][gc,ergo     ] GC(175) Pacer for Reset. Non-Taxable: 2048M
[12.251s][info   ][gc          ] GC(175) Concurrent reset 9.405ms
[12.253s][info   ][gc,start    ] GC(175) Pause Init Mark (unload classes)
[12.253s][info   ][gc,task     ] GC(175) Using 2 of 2 workers for init marking
[12.253s][info   ][gc,ergo     ] GC(175) Pacer for Mark. Expected Live: 138M, Free: 1118M, Non-Taxable: 111M, Alloc Tax Rate: 0.2x
[12.253s][info   ][gc          ] GC(175) Pause Init Mark (unload classes) 0.189ms
[12.253s][info   ][gc,start    ] GC(175) Concurrent marking roots
[12.253s][info   ][gc,task     ] GC(175) Using 1 of 2 workers for concurrent marking roots
[12.254s][info   ][gc          ] GC(175) Concurrent marking roots 0.537ms
[12.254s][info   ][gc,start    ] GC(175) Concurrent marking (unload classes)
[12.254s][info   ][gc,task     ] GC(175) Using 1 of 2 workers for concurrent marking
[12.268s][info   ][gc          ] GC(175) Concurrent marking (unload classes) 13.810ms
[12.269s][info   ][gc,start    ] GC(175) Pause Final Mark (unload classes)
[12.269s][info   ][gc,task     ] GC(175) Using 2 of 2 workers for final marking
[12.269s][info   ][gc,ergo     ] GC(175) Collectable Garbage: 210M (97%), Immediate: 210M (97%), CSet: 0B (0%)
[12.269s][info   ][gc          ] GC(175) Pause Final Mark (unload classes) 0.289ms
[12.276s][info   ][gc,start    ] GC(175) Concurrent weak references
[12.276s][info   ][gc,task     ] GC(175) Using 1 of 2 workers for concurrent weak references
[12.276s][info   ][gc,ref      ] GC(175) Encountered references: Soft: 11, Weak: 37, Final: 0, Phantom: 5
[12.276s][info   ][gc,ref      ] GC(175) Discovered  references: Soft: 0, Weak: 11, Final: 0, Phantom: 5
[12.276s][info   ][gc,ref      ] GC(175) Enqueued    references: Soft: 0, Weak: 0, Final: 0, Phantom: 0
[12.276s][info   ][gc          ] GC(175) Concurrent weak references 0.305ms
[12.276s][info   ][gc,start    ] GC(175) Concurrent weak roots
[12.276s][info   ][gc,task     ] GC(175) Using 1 of 2 workers for concurrent weak root
[12.280s][info   ][gc          ] GC(175) Concurrent weak roots 3.741ms
[12.280s][info   ][gc,start    ] GC(175) Concurrent cleanup
[12.280s][info   ][gc          ] GC(175) Concurrent cleanup 606M->399M(2048M) 0.465ms
[12.280s][info   ][gc,ergo     ] GC(175) Free: 1154M, Max: 1024K regular, 494M humongous, Frag: 58% external, 0% internal; Reserve: 103M, Max: 1024K
[12.280s][info   ][gc,start    ] GC(175) Concurrent class unloading
[12.280s][info   ][gc,task     ] GC(175) Using 1 of 2 workers for concurrent class unloading
[12.286s][info   ][gc          ] GC(175) Concurrent class unloading 5.555ms
[12.287s][info   ][gc,start    ] GC(175) Pause Final Roots
[12.287s][info   ][gc          ] GC(175) Pause Final Roots 0.029ms
[12.287s][info   ][gc,ergo     ] Free: 1058M, Max: 1024K regular, 494M humongous, Frag: 54% external, 0% internal; Reserve: 103M, Max: 1024K
[12.287s][info   ][gc,stats    ] 
[12.287s][info   ][gc,stats    ] All times are wall-clock times, except per-root-class counters, that are sum over
[12.287s][info   ][gc,stats    ] all workers. Dividing the <total> over the root stage time estimates parallelism.
[12.287s][info   ][gc,stats    ] 
[12.287s][info   ][gc,stats    ] Concurrent Reset                   9565 us
[12.287s][info   ][gc,stats    ] Pause Init Mark (G)                1923 us
[12.287s][info   ][gc,stats    ] Pause Init Mark (N)                 198 us
[12.287s][info   ][gc,stats    ]   Update Region States              108 us
[12.287s][info   ][gc,stats    ] Concurrent Mark Roots               562 us, parallelism: 0.54x
[12.287s][info   ][gc,stats    ]   CMR: <total>                      305 us
[12.287s][info   ][gc,stats    ]   CMR: Thread Roots                 220 us, workers (us): 220, ---, 
[12.287s][info   ][gc,stats    ]   CMR: VM Strong Roots               11 us, workers (us):  11, ---, 
[12.287s][info   ][gc,stats    ]   CMR: CLDG Roots                    74 us, workers (us):  74, ---, 
[12.287s][info   ][gc,stats    ] Concurrent Marking                14333 us
[12.287s][info   ][gc,stats    ] Pause Final Mark (G)               7336 us
[12.287s][info   ][gc,stats    ] Pause Final Mark (N)                299 us
[12.287s][info   ][gc,stats    ]   Finish Mark                        61 us
[12.287s][info   ][gc,stats    ]   Update Region States               56 us
[12.287s][info   ][gc,stats    ]   Choose Collection Set             101 us
[12.287s][info   ][gc,stats    ]   Rebuild Free Set                   10 us
[12.287s][info   ][gc,stats    ] Concurrent Weak References          321 us, parallelism: 0.05x
[12.287s][info   ][gc,stats    ]   CWRF: <total>                      17 us
[12.287s][info   ][gc,stats    ]   CWRF: Weak References              17 us, workers (us):  17, ---, 
[12.287s][info   ][gc,stats    ] Concurrent Weak Roots              3830 us
[12.287s][info   ][gc,stats    ]   Roots                             314 us, parallelism: 0.69x
[12.287s][info   ][gc,stats    ]     CWR: <total>                    218 us
[12.287s][info   ][gc,stats    ]     CWR: Code Cache Roots           144 us, workers (us): 144, ---, 
[12.287s][info   ][gc,stats    ]     CWR: VM Weak Roots               67 us, workers (us):  67, ---, 
[12.287s][info   ][gc,stats    ]     CWR: CLDG Roots                   7 us, workers (us):   7, ---, 
[12.287s][info   ][gc,stats    ]   Rendezvous                       3400 us
[12.287s][info   ][gc,stats    ] Concurrent Cleanup                  485 us
[12.287s][info   ][gc,stats    ] Concurrent Class Unloading         5783 us
[12.287s][info   ][gc,stats    ]   Unlink Stale                     1410 us
[12.287s][info   ][gc,stats    ]     System Dictionary                11 us
[12.287s][info   ][gc,stats    ]     Weak Class Links                  1 us
[12.288s][info   ][gc,stats    ]     Code Roots                     1393 us
[12.288s][info   ][gc,stats    ]   Rendezvous                       3759 us
[12.288s][info   ][gc,stats    ]   Purge Unlinked                    349 us
[12.288s][info   ][gc,stats    ]     Code Roots                      253 us
[12.288s][info   ][gc,stats    ]     CLDG                             85 us
[12.288s][info   ][gc,stats    ]     Exception Caches                  2 us
[12.288s][info   ][gc,stats    ] Pause Final Roots (G)               979 us
[12.288s][info   ][gc,stats    ] Pause Final Roots (N)                38 us
[12.288s][info   ][gc,stats    ] Pacing                            83989 us
[12.288s][info   ][gc,stats    ] 
[12.288s][info   ][gc,stats    ] Allocation pacing accrued:
[12.288s][info   ][gc,stats    ]       9 of    70 ms ( 13.1%): Thread-0
[12.288s][info   ][gc,stats    ]      12 of    70 ms ( 16.9%): Thread-1
[12.288s][info   ][gc,stats    ]      18 of    70 ms ( 25.7%): Thread-2
[12.288s][info   ][gc,stats    ]      12 of    70 ms ( 16.8%): Thread-3
[12.288s][info   ][gc,stats    ]      10 of    70 ms ( 14.3%): Thread-4
[12.288s][info   ][gc,stats    ]       9 of    70 ms ( 13.0%): Thread-5
[12.288s][info   ][gc,stats    ]      14 of    70 ms ( 19.5%): Thread-6
[12.288s][info   ][gc,stats    ]      84 of    70 ms (119.3%): <total>
[12.288s][info   ][gc,stats    ]       4 of    70 ms (  6.3%): <average total>
[12.288s][info   ][gc,stats    ]      12 of    70 ms ( 17.0%): <average non-zero>
[12.288s][info   ][gc,stats    ] 
[12.288s][info   ][gc,metaspace] Metaspace: 213K(448K)->213K(448K) NonClass: 204K(320K)->204K(320K) Class: 9K(128K)->9K(128K)
[12.288s][info   ][gc,ergo     ] Pacer for Idle. Initial: 41943K, Alloc Tax Rate: 1.0x
[12.290s][info   ][gc          ] Trigger: Average GC time (76.55 ms) is above the time for average allocation rate (15182 MB/s) to deplete free headroom (909M) (margin of error = 1.89)
[12.290s][info   ][gc,ergo     ] Free headroom: 1012M (free) - 102M (spike) - 0B (penalties) = 909M
[12.290s][info   ][gc,ergo     ] Free: 1012M, Max: 1024K regular, 494M humongous, Frag: 52% external, 0% internal; Reserve: 103M, Max: 1024K
[12.290s][info   ][gc,start    ] GC(176) Concurrent reset
[12.290s][info   ][gc,task     ] GC(176) Using 1 of 2 workers for concurrent reset
[12.290s][info   ][gc,ergo     ] GC(176) Pacer for Reset. Non-Taxable: 2048M
[12.294s][info   ][gc          ] GC(176) Concurrent reset 3.504ms
[12.295s][info   ][gc,start    ] GC(176) Pause Init Mark (unload classes)
[12.295s][info   ][gc,task     ] GC(176) Using 2 of 2 workers for init marking
[12.295s][info   ][gc,ergo     ] GC(176) Pacer for Mark. Expected Live: 161M, Free: 976M, Non-Taxable: 99942K, Alloc Tax Rate: 0.2x
[12.295s][info   ][gc          ] GC(176) Pause Init Mark (unload classes) 0.103ms
[12.295s][info   ][gc,start    ] GC(176) Concurrent marking roots
[12.295s][info   ][gc,task     ] GC(176) Using 1 of 2 workers for concurrent marking roots
[12.295s][info   ][gc          ] GC(176) Concurrent marking roots 0.400ms
[12.295s][info   ][gc,start    ] GC(176) Concurrent marking (unload classes)
[12.295s][info   ][gc,task     ] GC(176) Using 1 of 2 workers for concurrent marking
[12.304s][info   ][gc          ] GC(176) Concurrent marking (unload classes) 9.004ms
[12.305s][info   ][gc,start    ] GC(176) Pause Final Mark (unload classes)
[12.305s][info   ][gc,task     ] GC(176) Using 2 of 2 workers for final marking
[12.307s][info   ][gc,ergo     ] GC(176) Collectable Garbage: 272M (97%), Immediate: 272M (97%), CSet: 0B (0%)
[12.307s][info   ][gc          ] GC(176) Pause Final Mark (unload classes) 2.223ms
[12.312s][info   ][gc,start    ] GC(176) Concurrent weak references
[12.312s][info   ][gc,task     ] GC(176) Using 1 of 2 workers for concurrent weak references
[12.312s][info   ][gc,ref      ] GC(176) Encountered references: Soft: 11, Weak: 37, Final: 0, Phantom: 5
[12.312s][info   ][gc,ref      ] GC(176) Discovered  references: Soft: 0, Weak: 11, Final: 0, Phantom: 5
[12.312s][info   ][gc,ref      ] GC(176) Enqueued    references: Soft: 0, Weak: 0, Final: 0, Phantom: 0
[12.312s][info   ][gc          ] GC(176) Concurrent weak references 0.239ms
[12.312s][info   ][gc,start    ] GC(176) Concurrent weak roots
[12.312s][info   ][gc,task     ] GC(176) Using 1 of 2 workers for concurrent weak root
[12.317s][info   ][gc          ] GC(176) Concurrent weak roots 4.411ms
[12.317s][info   ][gc,start    ] GC(176) Concurrent cleanup
[12.317s][info   ][gc          ] GC(176) Concurrent cleanup 628M->361M(2048M) 0.435ms
[12.317s][info   ][gc,ergo     ] GC(176) Free: 1230M, Max: 1024K regular, 494M humongous, Frag: 60% external, 0% internal; Reserve: 103M, Max: 1024K
[12.317s][info   ][gc,start    ] GC(176) Concurrent class unloading
[12.317s][info   ][gc,task     ] GC(176) Using 1 of 2 workers for concurrent class unloading
[12.321s][info   ][gc          ] GC(176) Concurrent class unloading 3.606ms
[12.321s][info   ][gc,start    ] GC(176) Pause Final Roots
[12.321s][info   ][gc          ] GC(176) Pause Final Roots 0.029ms
[12.325s][info   ][gc,ergo     ] Free: 1119M, Max: 1024K regular, 494M humongous, Frag: 56% external, 0% internal; Reserve: 103M, Max: 1024K
[12.325s][info   ][gc,stats    ] 
[12.325s][info   ][gc,stats    ] All times are wall-clock times, except per-root-class counters, that are sum over
[12.325s][info   ][gc,stats    ] all workers. Dividing the <total> over the root stage time estimates parallelism.
[12.325s][info   ][gc,stats    ] 
[12.325s][info   ][gc,stats    ] Concurrent Reset                   3546 us
[12.325s][info   ][gc,stats    ] Pause Init Mark (G)                1137 us
[12.325s][info   ][gc,stats    ] Pause Init Mark (N)                 111 us
[12.325s][info   ][gc,stats    ]   Update Region States               48 us
[12.325s][info   ][gc,stats    ] Concurrent Mark Roots               419 us, parallelism: 0.73x
[12.325s][info   ][gc,stats    ]   CMR: <total>                      306 us
[12.325s][info   ][gc,stats    ]   CMR: Thread Roots                 256 us, workers (us): 256, ---, 
[12.325s][info   ][gc,stats    ]   CMR: VM Strong Roots                8 us, workers (us):   8, ---, 
[12.325s][info   ][gc,stats    ]   CMR: CLDG Roots                    42 us, workers (us):  42, ---, 
[12.325s][info   ][gc,stats    ] Concurrent Marking                 9194 us
[12.325s][info   ][gc,stats    ] Pause Final Mark (G)               7565 us
[12.325s][info   ][gc,stats    ] Pause Final Mark (N)               2236 us
[12.325s][info   ][gc,stats    ]   Finish Mark                      1990 us
[12.325s][info   ][gc,stats    ]   Update Region States               47 us
[12.325s][info   ][gc,stats    ]   Choose Collection Set             128 us
[12.325s][info   ][gc,stats    ]   Rebuild Free Set                   13 us
[12.325s][info   ][gc,stats    ] Concurrent Weak References          249 us, parallelism: 0.07x
[12.325s][info   ][gc,stats    ]   CWRF: <total>                      17 us
[12.325s][info   ][gc,stats    ]   CWRF: Weak References              17 us, workers (us):  17, ---, 
[12.325s][info   ][gc,stats    ] Concurrent Weak Roots              4532 us
[12.325s][info   ][gc,stats    ]   Roots                             233 us, parallelism: 0.67x
[12.325s][info   ][gc,stats    ]     CWR: <total>                    156 us
[12.325s][info   ][gc,stats    ]     CWR: Code Cache Roots            79 us, workers (us):  79, ---, 
[12.325s][info   ][gc,stats    ]     CWR: VM Weak Roots               72 us, workers (us):  72, ---, 
[12.325s][info   ][gc,stats    ]     CWR: CLDG Roots                   4 us, workers (us):   4, ---, 
[12.325s][info   ][gc,stats    ]   Rendezvous                       4153 us
[12.325s][info   ][gc,stats    ] Concurrent Cleanup                  448 us
[12.325s][info   ][gc,stats    ] Concurrent Class Unloading         3673 us
[12.325s][info   ][gc,stats    ]   Unlink Stale                     2149 us
[12.325s][info   ][gc,stats    ]     System Dictionary                14 us
[12.325s][info   ][gc,stats    ]     Weak Class Links                  1 us
[12.325s][info   ][gc,stats    ]     Code Roots                     2125 us
[12.325s][info   ][gc,stats    ]   Rendezvous                        603 us
[12.325s][info   ][gc,stats    ]   Purge Unlinked                    826 us
[12.325s][info   ][gc,stats    ]     Code Roots                      798 us
[12.325s][info   ][gc,stats    ]     CLDG                             23 us
[12.325s][info   ][gc,stats    ]     Exception Caches                  1 us
[12.325s][info   ][gc,stats    ] Pause Final Roots (G)              3757 us
[12.325s][info   ][gc,stats    ] Pause Final Roots (N)                39 us
[12.325s][info   ][gc,stats    ] Pacing                            33478 us
[12.325s][info   ][gc,stats    ] 
[12.325s][info   ][gc,stats    ] Allocation pacing accrued:
[12.325s][info   ][gc,stats    ]       8 of    38 ms ( 19.9%): Thread-0
[12.325s][info   ][gc,stats    ]      11 of    38 ms ( 28.0%): Thread-1
[12.325s][info   ][gc,stats    ]       8 of    38 ms ( 20.2%): Thread-5
[12.325s][info   ][gc,stats    ]       8 of    38 ms ( 20.5%): Thread-6
[12.325s][info   ][gc,stats    ]      33 of    38 ms ( 88.6%): <total>
[12.325s][info   ][gc,stats    ]       2 of    38 ms (  4.7%): <average total>
[12.325s][info   ][gc,stats    ]       8 of    38 ms ( 22.1%): <average non-zero>
[12.325s][info   ][gc,stats    ] 
[12.325s][info   ][gc,metaspace] Metaspace: 213K(448K)->213K(448K) NonClass: 204K(320K)->204K(320K) Class: 9K(128K)->9K(128K)
[12.325s][info   ][gc,ergo     ] Pacer for Idle. Initial: 41943K, Alloc Tax Rate: 1.0x
[12.328s][info   ][gc          ] Trigger: Average GC time (64.14 ms) is above the time for average allocation rate (15182 MB/s) to deplete free headroom (966M) (margin of error = 1.89)
[12.328s][info   ][gc,ergo     ] Free headroom: 1069M (free) - 102M (spike) - 0B (penalties) = 966M
[12.328s][info   ][gc,ergo     ] Free: 1069M, Max: 1024K regular, 494M humongous, Frag: 54% external, 0% internal; Reserve: 103M, Max: 1024K
[12.328s][info   ][gc,start    ] GC(177) Concurrent reset
[12.328s][info   ][gc,task     ] GC(177) Using 1 of 2 workers for concurrent reset
[12.328s][info   ][gc,ergo     ] GC(177) Pacer for Reset. Non-Taxable: 2048M
[12.348s][info   ][gc          ] GC(177) Concurrent reset 19.564ms
[12.351s][info   ][gc,start    ] GC(177) Pause Init Mark (unload classes)
[12.351s][info   ][gc,task     ] GC(177) Using 2 of 2 workers for init marking
[12.351s][info   ][gc,ergo     ] GC(177) Pacer for Mark. Expected Live: 177M, Free: 781M, Non-Taxable: 80007K, Alloc Tax Rate: 0.3x
[12.351s][info   ][gc          ] GC(177) Pause Init Mark (unload classes) 0.236ms
[12.356s][info   ][gc,start    ] GC(177) Concurrent marking roots
[12.356s][info   ][gc,task     ] GC(177) Using 1 of 2 workers for concurrent marking roots
[12.356s][info   ][gc          ] GC(177) Concurrent marking roots 0.424ms
[12.356s][info   ][gc,start    ] GC(177) Concurrent marking (unload classes)
[12.356s][info   ][gc,task     ] GC(177) Using 1 of 2 workers for concurrent marking
[12.358s][info   ][gc          ] GC(177) Concurrent marking (unload classes) 1.570ms
[12.358s][info   ][gc,start    ] GC(177) Pause Final Mark (unload classes)
[12.358s][info   ][gc,task     ] GC(177) Using 2 of 2 workers for final marking
[12.358s][info   ][gc,ergo     ] GC(177) Collectable Garbage: 319M (98%), Immediate: 319M (98%), CSet: 0B (0%)
[12.358s][info   ][gc          ] GC(177) Pause Final Mark (unload classes) 0.320ms
[12.358s][info   ][gc,start    ] GC(177) Concurrent weak references
[12.358s][info   ][gc,task     ] GC(177) Using 1 of 2 workers for concurrent weak references
[12.358s][info   ][gc,ref      ] GC(177) Encountered references: Soft: 11, Weak: 37, Final: 0, Phantom: 5
[12.358s][info   ][gc,ref      ] GC(177) Discovered  references: Soft: 0, Weak: 11, Final: 0, Phantom: 5
[12.358s][info   ][gc,ref      ] GC(177) Enqueued    references: Soft: 0, Weak: 0, Final: 0, Phantom: 0
[12.358s][info   ][gc          ] GC(177) Concurrent weak references 0.109ms
[12.358s][info   ][gc,start    ] GC(177) Concurrent weak roots
[12.358s][info   ][gc,task     ] GC(177) Using 1 of 2 workers for concurrent weak root
[12.358s][info   ][gc          ] GC(177) Concurrent weak roots 0.225ms
[12.358s][info   ][gc,start    ] GC(177) Concurrent cleanup
[12.359s][info   ][gc          ] GC(177) Concurrent cleanup 624M->305M(2048M) 0.347ms
[12.359s][info   ][gc,ergo     ] GC(177) Free: 1340M, Max: 1024K regular, 528M humongous, Frag: 61% external, 0% internal; Reserve: 103M, Max: 1024K
[12.359s][info   ][gc,start    ] GC(177) Concurrent class unloading
[12.359s][info   ][gc,task     ] GC(177) Using 1 of 2 workers for concurrent class unloading
[12.359s][info   ][gc          ] GC(177) Concurrent class unloading 0.323ms
[12.359s][info   ][gc,start    ] GC(177) Pause Final Roots
[12.359s][info   ][gc          ] GC(177) Pause Final Roots 0.013ms
[12.359s][info   ][gc,ergo     ] Free: 1340M, Max: 1024K regular, 528M humongous, Frag: 61% external, 0% internal; Reserve: 103M, Max: 1024K
[12.359s][info   ][gc,stats    ] 
[12.359s][info   ][gc,stats    ] All times are wall-clock times, except per-root-class counters, that are sum over
[12.359s][info   ][gc,stats    ] all workers. Dividing the <total> over the root stage time estimates parallelism.
[12.359s][info   ][gc,stats    ] 
[12.359s][info   ][gc,stats    ] Concurrent Reset                  19843 us
[12.359s][info   ][gc,stats    ] Pause Init Mark (G)                7421 us
[12.359s][info   ][gc,stats    ] Pause Init Mark (N)                 246 us
[12.359s][info   ][gc,stats    ]   Update Region States              143 us
[12.359s][info   ][gc,stats    ] Concurrent Mark Roots               451 us, parallelism: 0.37x
[12.359s][info   ][gc,stats    ]   CMR: <total>                      168 us
[12.359s][info   ][gc,stats    ]   CMR: Thread Roots                 118 us, workers (us): 118, ---, 
[12.359s][info   ][gc,stats    ]   CMR: VM Strong Roots               20 us, workers (us):  20, ---, 
[12.359s][info   ][gc,stats    ]   CMR: CLDG Roots                    31 us, workers (us):  31, ---, 
[12.359s][info   ][gc,stats    ] Concurrent Marking                 1596 us
[12.359s][info   ][gc,stats    ] Pause Final Mark (G)                420 us
[12.359s][info   ][gc,stats    ] Pause Final Mark (N)                330 us
[12.359s][info   ][gc,stats    ]   Finish Mark                       103 us
[12.359s][info   ][gc,stats    ]   Update Region States               80 us
[12.359s][info   ][gc,stats    ]   Choose Collection Set              86 us
[12.359s][info   ][gc,stats    ]   Rebuild Free Set                   12 us
[12.359s][info   ][gc,stats    ] Concurrent Weak References          116 us, parallelism: 0.03x
[12.359s][info   ][gc,stats    ]   CWRF: <total>                       3 us
[12.359s][info   ][gc,stats    ]   CWRF: Weak References               3 us, workers (us):   3, ---, 
[12.359s][info   ][gc,stats    ] Concurrent Weak Roots               242 us
[12.359s][info   ][gc,stats    ]   Roots                             136 us, parallelism: 0.40x
[12.359s][info   ][gc,stats    ]     CWR: <total>                     54 us
[12.359s][info   ][gc,stats    ]     CWR: Code Cache Roots            28 us, workers (us):  28, ---, 
[12.359s][info   ][gc,stats    ]     CWR: VM Weak Roots               24 us, workers (us):  24, ---, 
[12.359s][info   ][gc,stats    ]     CWR: CLDG Roots                   2 us, workers (us):   2, ---, 
[12.359s][info   ][gc,stats    ]   Rendezvous                         74 us
[12.359s][info   ][gc,stats    ] Concurrent Cleanup                  357 us
[12.359s][info   ][gc,stats    ] Concurrent Class Unloading          341 us
[12.359s][info   ][gc,stats    ]   Unlink Stale                      156 us
[12.359s][info   ][gc,stats    ]     System Dictionary                 4 us
[12.359s][info   ][gc,stats    ]     Weak Class Links                  1 us
[12.359s][info   ][gc,stats    ]     Code Roots                      149 us
[12.359s][info   ][gc,stats    ]   Rendezvous                         67 us
[12.359s][info   ][gc,stats    ]   Purge Unlinked                     84 us
[12.359s][info   ][gc,stats    ]     Code Roots                       63 us
[12.359s][info   ][gc,stats    ]     CLDG                             17 us
[12.359s][info   ][gc,stats    ]     Exception Caches                  1 us
[12.359s][info   ][gc,stats    ] Pause Final Roots (G)                77 us
[12.359s][info   ][gc,stats    ] Pause Final Roots (N)                19 us
[12.359s][info   ][gc,stats    ] 
[12.359s][info   ][gc,stats    ] Allocation pacing accrued:
[12.359s][info   ][gc,stats    ]       0 of    34 ms (  0.0%): <total>
[12.359s][info   ][gc,stats    ]       0 of    34 ms (  0.0%): <average total>
[12.359s][info   ][gc,stats    ] 
[12.360s][info   ][gc,metaspace] Metaspace: 213K(448K)->213K(448K) NonClass: 204K(320K)->204K(320K) Class: 9K(128K)->9K(128K)
[12.360s][info   ][gc,ergo     ] Pacer for Idle. Initial: 41943K, Alloc Tax Rate: 1.0x
[12.388s][info   ][gc          ] Trigger: Average GC time (53.93 ms) is above the time for average allocation rate (15182 MB/s) to deplete free headroom (801M) (margin of error = 1.89)
[12.388s][info   ][gc,ergo     ] Free headroom: 904M (free) - 102M (spike) - 0B (penalties) = 801M
[12.388s][info   ][gc,ergo     ] Free: 902M, Max: 1024K regular, 528M humongous, Frag: 42% external, 0% internal; Reserve: 103M, Max: 1024K
[12.388s][info   ][gc,start    ] GC(178) Concurrent reset
[12.388s][info   ][gc,task     ] GC(178) Using 1 of 2 workers for concurrent reset
[12.388s][info   ][gc,ergo     ] GC(178) Pacer for Reset. Non-Taxable: 2048M
[12.399s][info   ][gc          ] GC(178) Concurrent reset 10.780ms
[12.403s][info   ][gc,start    ] GC(178) Pause Init Mark (unload classes)
[12.403s][info   ][gc,task     ] GC(178) Using 2 of 2 workers for init marking
[12.403s][info   ][gc,ergo     ] GC(178) Pacer for Mark. Expected Live: 202M, Free: 722M, Non-Taxable: 73965K, Alloc Tax Rate: 0.3x
[12.403s][info   ][gc          ] GC(178) Pause Init Mark (unload classes) 0.184ms
[12.407s][info   ][gc,start    ] GC(178) Concurrent marking roots
[12.407s][info   ][gc,task     ] GC(178) Using 1 of 2 workers for concurrent marking roots
[12.408s][info   ][gc          ] GC(178) Concurrent marking roots 0.617ms
[12.408s][info   ][gc,start    ] GC(178) Concurrent marking (unload classes)
[12.408s][info   ][gc,task     ] GC(178) Using 1 of 2 workers for concurrent marking
[12.410s][info   ][gc          ] GC(178) Concurrent marking (unload classes) 1.960ms
[12.410s][info   ][gc,start    ] GC(178) Pause Final Mark (unload classes)
[12.410s][info   ][gc,task     ] GC(178) Using 2 of 2 workers for final marking
[12.410s][info   ][gc,ergo     ] GC(178) Collectable Garbage: 334M (98%), Immediate: 334M (98%), CSet: 0B (0%)
[12.410s][info   ][gc          ] GC(178) Pause Final Mark (unload classes) 0.429ms
[12.410s][info   ][gc,start    ] GC(178) Concurrent weak references
[12.410s][info   ][gc,task     ] GC(178) Using 1 of 2 workers for concurrent weak references
[12.410s][info   ][gc,ref      ] GC(178) Encountered references: Soft: 11, Weak: 37, Final: 0, Phantom: 5
[12.410s][info   ][gc,ref      ] GC(178) Discovered  references: Soft: 0, Weak: 11, Final: 0, Phantom: 5
[12.410s][info   ][gc,ref      ] GC(178) Enqueued    references: Soft: 0, Weak: 0, Final: 0, Phantom: 0
[12.410s][info   ][gc          ] GC(178) Concurrent weak references 0.153ms
[12.410s][info   ][gc,start    ] GC(178) Concurrent weak roots
[12.411s][info   ][gc,task     ] GC(178) Using 1 of 2 workers for concurrent weak root
[12.411s][info   ][gc          ] GC(178) Concurrent weak roots 0.243ms
[12.411s][info   ][gc,start    ] GC(178) Concurrent cleanup
[12.411s][info   ][gc          ] GC(178) Concurrent cleanup 650M->316M(2048M) 0.381ms
[12.411s][info   ][gc,ergo     ] GC(178) Free: 1318M, Max: 1024K regular, 650M humongous, Frag: 51% external, 0% internal; Reserve: 103M, Max: 1024K
[12.411s][info   ][gc,start    ] GC(178) Concurrent class unloading
[12.411s][info   ][gc,task     ] GC(178) Using 1 of 2 workers for concurrent class unloading
[12.411s][info   ][gc          ] GC(178) Concurrent class unloading 0.312ms
[12.412s][info   ][gc,start    ] GC(178) Pause Final Roots
[12.412s][info   ][gc          ] GC(178) Pause Final Roots 0.015ms
[12.412s][info   ][gc,ergo     ] Free: 1318M, Max: 1024K regular, 650M humongous, Frag: 51% external, 0% internal; Reserve: 103M, Max: 1024K
[12.412s][info   ][gc,stats    ] 
[12.412s][info   ][gc,stats    ] All times are wall-clock times, except per-root-class counters, that are sum over
[12.412s][info   ][gc,stats    ] all workers. Dividing the <total> over the root stage time estimates parallelism.
[12.412s][info   ][gc,stats    ] 
[12.412s][info   ][gc,stats    ] Concurrent Reset                  10947 us
[12.412s][info   ][gc,stats    ] Pause Init Mark (G)                8290 us
[12.412s][info   ][gc,stats    ] Pause Init Mark (N)                 192 us
[12.412s][info   ][gc,stats    ]   Update Region States              101 us
[12.412s][info   ][gc,stats    ] Concurrent Mark Roots               639 us, parallelism: 0.41x
[12.412s][info   ][gc,stats    ]   CMR: <total>                      263 us
[12.412s][info   ][gc,stats    ]   CMR: Thread Roots                 224 us, workers (us): 224, ---, 
[12.412s][info   ][gc,stats    ]   CMR: VM Strong Roots                8 us, workers (us):   8, ---, 
[12.412s][info   ][gc,stats    ]   CMR: CLDG Roots                    31 us, workers (us):  31, ---, 
[12.412s][info   ][gc,stats    ] Concurrent Marking                 1991 us
[12.412s][info   ][gc,stats    ] Pause Final Mark (G)                572 us
[12.412s][info   ][gc,stats    ] Pause Final Mark (N)                439 us
[12.412s][info   ][gc,stats    ]   Finish Mark                       141 us
[12.412s][info   ][gc,stats    ]   Update Region States              130 us
[12.412s][info   ][gc,stats    ]   Choose Collection Set             111 us
[12.412s][info   ][gc,stats    ]   Rebuild Free Set                   11 us
[12.412s][info   ][gc,stats    ] Concurrent Weak References          160 us, parallelism: 0.02x
[12.412s][info   ][gc,stats    ]   CWRF: <total>                       3 us
[12.412s][info   ][gc,stats    ]   CWRF: Weak References               3 us, workers (us):   3, ---, 
[12.412s][info   ][gc,stats    ] Concurrent Weak Roots               259 us
[12.412s][info   ][gc,stats    ]   Roots                             149 us, parallelism: 0.34x
[12.412s][info   ][gc,stats    ]     CWR: <total>                     50 us
[12.412s][info   ][gc,stats    ]     CWR: Code Cache Roots            28 us, workers (us):  28, ---, 
[12.412s][info   ][gc,stats    ]     CWR: VM Weak Roots               21 us, workers (us):  21, ---, 
[12.412s][info   ][gc,stats    ]     CWR: CLDG Roots                   1 us, workers (us):   1, ---, 
[12.412s][info   ][gc,stats    ]   Rendezvous                         79 us
[12.412s][info   ][gc,stats    ] Concurrent Cleanup                  394 us
[12.412s][info   ][gc,stats    ] Concurrent Class Unloading          323 us
[12.412s][info   ][gc,stats    ]   Unlink Stale                      159 us
[12.412s][info   ][gc,stats    ]     System Dictionary                 4 us
[12.412s][info   ][gc,stats    ]     Weak Class Links                  1 us
[12.412s][info   ][gc,stats    ]     Code Roots                      152 us
[12.412s][info   ][gc,stats    ]   Rendezvous                         69 us
[12.412s][info   ][gc,stats    ]   Purge Unlinked                     69 us
[12.412s][info   ][gc,stats    ]     Code Roots                       53 us
[12.412s][info   ][gc,stats    ]     CLDG                             13 us
[12.412s][info   ][gc,stats    ]     Exception Caches                  1 us
[12.412s][info   ][gc,stats    ] Pause Final Roots (G)                90 us
[12.412s][info   ][gc,stats    ] Pause Final Roots (N)                22 us
[12.412s][info   ][gc,stats    ] Pacing                            77798 us
[12.412s][info   ][gc,stats    ] 
[12.412s][info   ][gc,stats    ] Allocation pacing accrued:
[12.412s][info   ][gc,stats    ]      14 of    52 ms ( 27.7%): Thread-0
[12.412s][info   ][gc,stats    ]       5 of    52 ms (  9.6%): Thread-1
[12.412s][info   ][gc,stats    ]      14 of    52 ms ( 27.0%): Thread-2
[12.412s][info   ][gc,stats    ]      11 of    52 ms ( 20.1%): Thread-3
[12.412s][info   ][gc,stats    ]       5 of    52 ms (  8.8%): Thread-4
[12.412s][info   ][gc,stats    ]      14 of    52 ms ( 26.5%): Thread-5
[12.412s][info   ][gc,stats    ]      15 of    52 ms ( 28.8%): Thread-6
[12.412s][info   ][gc,stats    ]      78 of    52 ms (148.5%): <total>
[12.412s][info   ][gc,stats    ]       4 of    52 ms (  7.8%): <average total>
[12.412s][info   ][gc,stats    ]      11 of    52 ms ( 21.2%): <average non-zero>
[12.412s][info   ][gc,stats    ] 
[12.412s][info   ][gc,metaspace] Metaspace: 213K(448K)->213K(448K) NonClass: 204K(320K)->204K(320K) Class: 9K(128K)->9K(128K)
[12.412s][info   ][gc,ergo     ] Pacer for Idle. Initial: 41943K, Alloc Tax Rate: 1.0x
[12.451s][info   ][gc          ] Trigger: Average GC time (45.54 ms) is above the time for average allocation rate (15182 MB/s) to deplete free headroom (679M) (margin of error = 1.89)
[12.452s][info   ][gc,ergo     ] Free headroom: 782M (free) - 102M (spike) - 0B (penalties) = 679M
[12.452s][info   ][gc,ergo     ] Free: 766M, Max: 1024K regular, 650M humongous, Frag: 16% external, 0% internal; Reserve: 103M, Max: 1024K
[12.452s][info   ][gc,start    ] GC(179) Concurrent reset
[12.452s][info   ][gc,task     ] GC(179) Using 1 of 2 workers for concurrent reset
[12.452s][info   ][gc,ergo     ] GC(179) Pacer for Reset. Non-Taxable: 2048M
[12.474s][info   ][gc          ] GC(179) Concurrent reset 21.308ms
[12.475s][info   ][gc,start    ] GC(179) Pause Init Mark (unload classes)
[12.475s][info   ][gc,task     ] GC(179) Using 2 of 2 workers for init marking
[12.475s][info   ][gc,ergo     ] GC(179) Pacer for Mark. Expected Live: 225M, Free: 460M, Non-Taxable: 47136K, Alloc Tax Rate: 0.6x
[12.475s][info   ][gc          ] GC(179) Pause Init Mark (unload classes) 0.191ms
[12.479s][info   ][gc,start    ] GC(179) Concurrent marking roots
[12.479s][info   ][gc,task     ] GC(179) Using 1 of 2 workers for concurrent marking roots
[12.479s][info   ][gc          ] GC(179) Concurrent marking roots 0.336ms
[12.479s][info   ][gc,start    ] GC(179) Concurrent marking (unload classes)
[12.479s][info   ][gc,task     ] GC(179) Using 1 of 2 workers for concurrent marking
[12.480s][info   ][gc          ] GC(179) Concurrent marking (unload classes) 1.353ms
[12.480s][info   ][gc,start    ] GC(179) Pause Final Mark (unload classes)
[12.480s][info   ][gc,task     ] GC(179) Using 2 of 2 workers for final marking
[12.481s][info   ][gc,ergo     ] GC(179) Collectable Garbage: 477M (98%), Immediate: 477M (98%), CSet: 0B (0%)
[12.481s][info   ][gc          ] GC(179) Pause Final Mark (unload classes) 0.508ms
[12.481s][info   ][gc,start    ] GC(179) Concurrent weak references
[12.481s][info   ][gc,task     ] GC(179) Using 1 of 2 workers for concurrent weak references
[12.481s][info   ][gc,ref      ] GC(179) Encountered references: Soft: 11, Weak: 37, Final: 0, Phantom: 5
[12.481s][info   ][gc,ref      ] GC(179) Discovered  references: Soft: 0, Weak: 11, Final: 0, Phantom: 5
[12.481s][info   ][gc,ref      ] GC(179) Enqueued    references: Soft: 0, Weak: 0, Final: 0, Phantom: 0
[12.481s][info   ][gc          ] GC(179) Concurrent weak references 0.137ms
[12.481s][info   ][gc,start    ] GC(179) Concurrent weak roots
[12.481s][info   ][gc,task     ] GC(179) Using 1 of 2 workers for concurrent weak root
[12.481s][info   ][gc          ] GC(179) Concurrent weak roots 0.234ms
[12.481s][info   ][gc,start    ] GC(179) Concurrent cleanup
[12.482s][info   ][gc          ] GC(179) Concurrent cleanup 768M->291M(2048M) 0.526ms
[12.482s][info   ][gc,ergo     ] GC(179) Free: 1368M, Max: 1024K regular, 412M humongous, Frag: 70% external, 0% internal; Reserve: 103M, Max: 1024K
[12.482s][info   ][gc,start    ] GC(179) Concurrent class unloading
[12.482s][info   ][gc,task     ] GC(179) Using 1 of 2 workers for concurrent class unloading
[12.482s][info   ][gc          ] GC(179) Concurrent class unloading 0.387ms
[12.482s][info   ][gc,start    ] GC(179) Pause Final Roots
[12.482s][info   ][gc          ] GC(179) Pause Final Roots 0.021ms
[12.483s][info   ][gc,ergo     ] Free: 1368M, Max: 1024K regular, 412M humongous, Frag: 70% external, 0% internal; Reserve: 103M, Max: 1024K
[12.483s][info   ][gc,stats    ] 
[12.483s][info   ][gc,stats    ] All times are wall-clock times, except per-root-class counters, that are sum over
[12.483s][info   ][gc,stats    ] all workers. Dividing the <total> over the root stage time estimates parallelism.
[12.483s][info   ][gc,stats    ] 
[12.483s][info   ][gc,stats    ] Concurrent Reset                  21515 us
[12.483s][info   ][gc,stats    ] Pause Init Mark (G)                4855 us
[12.483s][info   ][gc,stats    ] Pause Init Mark (N)                 199 us
[12.483s][info   ][gc,stats    ]   Update Region States              112 us
[12.483s][info   ][gc,stats    ] Concurrent Mark Roots               352 us, parallelism: 0.38x
[12.483s][info   ][gc,stats    ]   CMR: <total>                      135 us
[12.483s][info   ][gc,stats    ]   CMR: Thread Roots                 103 us, workers (us): 103, ---, 
[12.483s][info   ][gc,stats    ]   CMR: VM Strong Roots                5 us, workers (us):   5, ---, 
[12.483s][info   ][gc,stats    ]   CMR: CLDG Roots                    27 us, workers (us):  27, ---, 
[12.483s][info   ][gc,stats    ] Concurrent Marking                 1370 us
[12.483s][info   ][gc,stats    ] Pause Final Mark (G)                599 us
[12.483s][info   ][gc,stats    ] Pause Final Mark (N)                516 us
[12.483s][info   ][gc,stats    ]   Finish Mark                       288 us
[12.483s][info   ][gc,stats    ]   Update Region States               96 us
[12.483s][info   ][gc,stats    ]   Choose Collection Set              82 us
[12.483s][info   ][gc,stats    ]   Rebuild Free Set                   12 us
[12.483s][info   ][gc,stats    ] Concurrent Weak References          146 us, parallelism: 0.02x
[12.483s][info   ][gc,stats    ]   CWRF: <total>                       3 us
[12.483s][info   ][gc,stats    ]   CWRF: Weak References               3 us, workers (us):   3, ---, 
[12.483s][info   ][gc,stats    ] Concurrent Weak Roots               257 us
[12.483s][info   ][gc,stats    ]   Roots                             133 us, parallelism: 0.44x
[12.483s][info   ][gc,stats    ]     CWR: <total>                     59 us
[12.483s][info   ][gc,stats    ]     CWR: Code Cache Roots            30 us, workers (us):  30, ---, 
[12.483s][info   ][gc,stats    ]     CWR: VM Weak Roots               27 us, workers (us):  27, ---, 
[12.483s][info   ][gc,stats    ]     CWR: CLDG Roots                   2 us, workers (us):   2, ---, 
[12.483s][info   ][gc,stats    ]   Rendezvous                         81 us
[12.483s][info   ][gc,stats    ] Concurrent Cleanup                  540 us
[12.483s][info   ][gc,stats    ] Concurrent Class Unloading          410 us
[12.483s][info   ][gc,stats    ]   Unlink Stale                      210 us
[12.483s][info   ][gc,stats    ]     System Dictionary                 4 us
[12.483s][info   ][gc,stats    ]     Weak Class Links                  1 us
[12.483s][info   ][gc,stats    ]     Code Roots                      203 us
[12.483s][info   ][gc,stats    ]   Rendezvous                         62 us
[12.483s][info   ][gc,stats    ]   Purge Unlinked                     98 us
[12.483s][info   ][gc,stats    ]     Code Roots                       77 us
[12.483s][info   ][gc,stats    ]     CLDG                             18 us
[12.483s][info   ][gc,stats    ]     Exception Caches                  1 us
[12.483s][info   ][gc,stats    ] Pause Final Roots (G)               128 us
[12.483s][info   ][gc,stats    ] Pause Final Roots (N)                32 us
[12.483s][info   ][gc,stats    ] Pacing                            61853 us
[12.483s][info   ][gc,stats    ] 
[12.483s][info   ][gc,stats    ] Allocation pacing accrued:
[12.483s][info   ][gc,stats    ]       8 of    71 ms ( 10.9%): Thread-1
[12.483s][info   ][gc,stats    ]      11 of    71 ms ( 15.0%): Thread-2
[12.483s][info   ][gc,stats    ]       7 of    71 ms ( 10.5%): Thread-3
[12.483s][info   ][gc,stats    ]       7 of    71 ms ( 10.5%): Thread-4
[12.483s][info   ][gc,stats    ]      10 of    71 ms ( 14.2%): Thread-5
[12.483s][info   ][gc,stats    ]      10 of    71 ms ( 14.7%): Thread-6
[12.483s][info   ][gc,stats    ]       8 of    71 ms ( 11.4%): Thread-7
[12.483s][info   ][gc,stats    ]      62 of    71 ms ( 87.1%): <total>
[12.483s][info   ][gc,stats    ]       3 of    71 ms (  4.6%): <average total>
[12.483s][info   ][gc,stats    ]       9 of    71 ms ( 12.4%): <average non-zero>
[12.483s][info   ][gc,stats    ] 
[12.483s][info   ][gc,metaspace] Metaspace: 213K(448K)->213K(448K) NonClass: 204K(320K)->204K(320K) Class: 9K(128K)->9K(128K)
[12.483s][info   ][gc,ergo     ] Pacer for Idle. Initial: 41943K, Alloc Tax Rate: 1.0x
[12.528s][info   ][gc          ] Trigger: Average GC time (41.59 ms) is above the time for average allocation rate (15182 MB/s) to deplete free headroom (615M) (margin of error = 1.89)
[12.528s][info   ][gc,ergo     ] Free headroom: 718M (free) - 102M (spike) - 0B (penalties) = 615M
[12.528s][info   ][gc,ergo     ] Free: 714M, Max: 1024K regular, 412M humongous, Frag: 43% external, 0% internal; Reserve: 103M, Max: 1024K
[12.528s][info   ][gc,start    ] GC(180) Concurrent reset
[12.528s][info   ][gc,task     ] GC(180) Using 1 of 2 workers for concurrent reset
[12.528s][info   ][gc,ergo     ] GC(180) Pacer for Reset. Non-Taxable: 2048M
[12.544s][info   ][gc          ] GC(180) Concurrent reset 15.634ms
[12.549s][info   ][gc,start    ] GC(180) Pause Init Mark (unload classes)
[12.549s][info   ][gc,task     ] GC(180) Using 2 of 2 workers for init marking
[12.549s][info   ][gc,ergo     ] GC(180) Pacer for Mark. Expected Live: 241M, Free: 462M, Non-Taxable: 47341K, Alloc Tax Rate: 0.6x
[12.549s][info   ][gc          ] GC(180) Pause Init Mark (unload classes) 0.262ms
[12.549s][info   ][gc,start    ] GC(180) Concurrent marking roots
[12.549s][info   ][gc,task     ] GC(180) Using 1 of 2 workers for concurrent marking roots
[12.552s][info   ][gc          ] GC(180) Concurrent marking roots 2.964ms
[12.552s][info   ][gc,start    ] GC(180) Concurrent marking (unload classes)
[12.552s][info   ][gc,task     ] GC(180) Using 1 of 2 workers for concurrent marking
[12.554s][info   ][gc          ] GC(180) Concurrent marking (unload classes) 1.769ms
[12.554s][info   ][gc,start    ] GC(180) Pause Final Mark (unload classes)
[12.554s][info   ][gc,task     ] GC(180) Using 2 of 2 workers for final marking
[12.555s][info   ][gc,ergo     ] GC(180) Collectable Garbage: 424M (98%), Immediate: 424M (98%), CSet: 0B (0%)
[12.555s][info   ][gc          ] GC(180) Pause Final Mark (unload classes) 0.361ms
[12.555s][info   ][gc,start    ] GC(180) Concurrent weak references
[12.555s][info   ][gc,task     ] GC(180) Using 1 of 2 workers for concurrent weak references
[12.555s][info   ][gc,ref      ] GC(180) Encountered references: Soft: 11, Weak: 37, Final: 0, Phantom: 5
[12.555s][info   ][gc,ref      ] GC(180) Discovered  references: Soft: 0, Weak: 11, Final: 0, Phantom: 5
[12.555s][info   ][gc,ref      ] GC(180) Enqueued    references: Soft: 0, Weak: 0, Final: 0, Phantom: 0
[12.555s][info   ][gc          ] GC(180) Concurrent weak references 0.157ms
[12.555s][info   ][gc,start    ] GC(180) Concurrent weak roots
[12.555s][info   ][gc,task     ] GC(180) Using 1 of 2 workers for concurrent weak root
[12.555s][info   ][gc          ] GC(180) Concurrent weak roots 0.253ms
[12.555s][info   ][gc,start    ] GC(180) Concurrent cleanup
[12.556s][info   ][gc          ] GC(180) Concurrent cleanup 767M->343M(2048M) 0.473ms
[12.556s][info   ][gc,ergo     ] GC(180) Free: 1264M, Max: 1024K regular, 428M humongous, Frag: 67% external, 0% internal; Reserve: 103M, Max: 1024K
[12.556s][info   ][gc,start    ] GC(180) Concurrent class unloading
[12.556s][info   ][gc,task     ] GC(180) Using 1 of 2 workers for concurrent class unloading
[12.556s][info   ][gc          ] GC(180) Concurrent class unloading 0.408ms
[12.556s][info   ][gc,start    ] GC(180) Pause Final Roots
[12.556s][info   ][gc          ] GC(180) Pause Final Roots 0.021ms
[12.556s][info   ][gc,ergo     ] Free: 1264M, Max: 1024K regular, 428M humongous, Frag: 67% external, 0% internal; Reserve: 103M, Max: 1024K
[12.556s][info   ][gc,stats    ] 
[12.556s][info   ][gc,stats    ] All times are wall-clock times, except per-root-class counters, that are sum over
[12.556s][info   ][gc,stats    ] all workers. Dividing the <total> over the root stage time estimates parallelism.
[12.556s][info   ][gc,stats    ] 
[12.556s][info   ][gc,stats    ] Concurrent Reset                  16259 us
[12.556s][info   ][gc,stats    ] Pause Init Mark (G)                5217 us
[12.556s][info   ][gc,stats    ] Pause Init Mark (N)                 273 us
[12.556s][info   ][gc,stats    ]   Update Region States              140 us
[12.556s][info   ][gc,stats    ] Concurrent Mark Roots              3035 us, parallelism: 0.09x
[12.556s][info   ][gc,stats    ]   CMR: <total>                      277 us
[12.556s][info   ][gc,stats    ]   CMR: Thread Roots                 191 us, workers (us): 191, ---, 
[12.556s][info   ][gc,stats    ]   CMR: VM Strong Roots               18 us, workers (us):  18, ---, 
[12.556s][info   ][gc,stats    ]   CMR: CLDG Roots                    69 us, workers (us):  69, ---, 
[12.556s][info   ][gc,stats    ] Concurrent Marking                 1797 us
[12.556s][info   ][gc,stats    ] Pause Final Mark (G)                469 us
[12.556s][info   ][gc,stats    ] Pause Final Mark (N)                369 us
[12.556s][info   ][gc,stats    ]   Finish Mark                       119 us
[12.556s][info   ][gc,stats    ]   Update Region States               91 us
[12.556s][info   ][gc,stats    ]   Choose Collection Set             103 us
[12.556s][info   ][gc,stats    ]   Rebuild Free Set                   12 us
[12.556s][info   ][gc,stats    ] Concurrent Weak References          164 us, parallelism: 0.02x
[12.556s][info   ][gc,stats    ]   CWRF: <total>                       3 us
[12.556s][info   ][gc,stats    ]   CWRF: Weak References               3 us, workers (us):   3, ---, 
[12.556s][info   ][gc,stats    ] Concurrent Weak Roots               271 us
[12.556s][info   ][gc,stats    ]   Roots                             148 us, parallelism: 0.48x
[12.556s][info   ][gc,stats    ]     CWR: <total>                     71 us
[12.556s][info   ][gc,stats    ]     CWR: Code Cache Roots            44 us, workers (us):  44, ---, 
[12.556s][info   ][gc,stats    ]     CWR: VM Weak Roots               25 us, workers (us):  25, ---, 
[12.556s][info   ][gc,stats    ]     CWR: CLDG Roots                   2 us, workers (us):   2, ---, 
[12.556s][info   ][gc,stats    ]   Rendezvous                         88 us
[12.556s][info   ][gc,stats    ] Concurrent Cleanup                  484 us
[12.556s][info   ][gc,stats    ] Concurrent Class Unloading          423 us
[12.556s][info   ][gc,stats    ]   Unlink Stale                      236 us
[12.556s][info   ][gc,stats    ]     System Dictionary                 4 us
[12.556s][info   ][gc,stats    ]     Weak Class Links                  1 us
[12.556s][info   ][gc,stats    ]     Code Roots                      229 us
[12.556s][info   ][gc,stats    ]   Rendezvous                         77 us
[12.556s][info   ][gc,stats    ]   Purge Unlinked                     77 us
[12.556s][info   ][gc,stats    ]     Code Roots                       61 us
[12.556s][info   ][gc,stats    ]     CLDG                             13 us
[12.556s][info   ][gc,stats    ]     Exception Caches                  1 us
[12.556s][info   ][gc,stats    ] Pause Final Roots (G)               134 us
[12.556s][info   ][gc,stats    ] Pause Final Roots (N)                29 us
[12.556s][info   ][gc,stats    ] Pacing                            54474 us
[12.557s][info   ][gc,stats    ] 
[12.557s][info   ][gc,stats    ] Allocation pacing accrued:
[12.557s][info   ][gc,stats    ]       6 of    74 ms (  8.6%): Thread-0
[12.557s][info   ][gc,stats    ]       6 of    74 ms (  8.7%): Thread-2
[12.557s][info   ][gc,stats    ]      10 of    74 ms ( 13.2%): Thread-3
[12.557s][info   ][gc,stats    ]       6 of    74 ms (  8.6%): Thread-4
[12.557s][info   ][gc,stats    ]      10 of    74 ms ( 13.0%): Thread-5
[12.557s][info   ][gc,stats    ]       6 of    74 ms (  8.6%): Thread-6
[12.557s][info   ][gc,stats    ]      10 of    74 ms ( 13.1%): Thread-7
[12.557s][info   ][gc,stats    ]      54 of    74 ms ( 73.9%): <total>
[12.557s][info   ][gc,stats    ]       3 of    74 ms (  3.9%): <average total>
[12.557s][info   ][gc,stats    ]       8 of    74 ms ( 10.6%): <average non-zero>
[12.557s][info   ][gc,stats    ] 
[12.557s][info   ][gc,metaspace] Metaspace: 213K(448K)->213K(448K) NonClass: 204K(320K)->204K(320K) Class: 9K(128K)->9K(128K)
[12.557s][info   ][gc,ergo     ] Pacer for Idle. Initial: 41943K, Alloc Tax Rate: 1.0x
[12.599s][info   ][gc          ] Trigger: Average GC time (37.56 ms) is above the time for average allocation rate (15182 MB/s) to deplete free headroom (561M) (margin of error = 1.89)
[12.600s][info   ][gc,ergo     ] Free headroom: 664M (free) - 102M (spike) - 0B (penalties) = 561M
[12.600s][info   ][gc,ergo     ] Free: 660M, Max: 1024K regular, 428M humongous, Frag: 36% external, 0% internal; Reserve: 103M, Max: 1024K
[12.600s][info   ][gc,start    ] GC(181) Concurrent reset
[12.600s][info   ][gc,task     ] GC(181) Using 1 of 2 workers for concurrent reset
[12.600s][info   ][gc,ergo     ] GC(181) Pacer for Reset. Non-Taxable: 2048M
[12.622s][info   ][gc          ] GC(181) Concurrent reset 21.745ms
[12.625s][info   ][gc,start    ] GC(181) Pause Init Mark (unload classes)
[12.625s][info   ][gc,task     ] GC(181) Using 2 of 2 workers for init marking
[12.626s][info   ][gc,ergo     ] GC(181) Pacer for Mark. Expected Live: 264M, Free: 314M, Non-Taxable: 32186K, Alloc Tax Rate: 1.0x
[12.626s][info   ][gc          ] GC(181) Pause Init Mark (unload classes) 0.468ms
[12.626s][info   ][gc,start    ] GC(181) Concurrent marking roots
[12.626s][info   ][gc,task     ] GC(181) Using 1 of 2 workers for concurrent marking roots
[12.628s][info   ][gc          ] GC(181) Concurrent marking roots 2.208ms
[12.628s][info   ][gc,start    ] GC(181) Concurrent marking (unload classes)
[12.628s][info   ][gc,task     ] GC(181) Using 1 of 2 workers for concurrent marking
[12.629s][info   ][gc          ] GC(181) Concurrent marking (unload classes) 1.466ms
[12.630s][info   ][gc,start    ] GC(181) Pause Final Mark (unload classes)
[12.630s][info   ][gc,task     ] GC(181) Using 2 of 2 workers for final marking
[12.630s][info   ][gc,ergo     ] GC(181) Collectable Garbage: 567M (98%), Immediate: 567M (98%), CSet: 0B (0%)
[12.630s][info   ][gc          ] GC(181) Pause Final Mark (unload classes) 0.257ms
[12.630s][info   ][gc,start    ] GC(181) Concurrent weak references
[12.630s][info   ][gc,task     ] GC(181) Using 1 of 2 workers for concurrent weak references
[12.630s][info   ][gc,ref      ] GC(181) Encountered references: Soft: 11, Weak: 37, Final: 0, Phantom: 5
[12.630s][info   ][gc,ref      ] GC(181) Discovered  references: Soft: 0, Weak: 11, Final: 0, Phantom: 5
[12.630s][info   ][gc,ref      ] GC(181) Enqueued    references: Soft: 0, Weak: 0, Final: 0, Phantom: 0
[12.630s][info   ][gc          ] GC(181) Concurrent weak references 0.119ms
[12.630s][info   ][gc,start    ] GC(181) Concurrent weak roots
[12.630s][info   ][gc,task     ] GC(181) Using 1 of 2 workers for concurrent weak root
[12.630s][info   ][gc          ] GC(181) Concurrent weak roots 0.199ms
[12.630s][info   ][gc,start    ] GC(181) Concurrent cleanup
[12.631s][info   ][gc          ] GC(181) Concurrent cleanup 834M->271M(2048M) 0.593ms
[12.631s][info   ][gc,ergo     ] GC(181) Free: 1408M, Max: 1024K regular, 280M humongous, Frag: 81% external, 0% internal; Reserve: 103M, Max: 1024K
[12.631s][info   ][gc,start    ] GC(181) Concurrent class unloading
[12.631s][info   ][gc,task     ] GC(181) Using 1 of 2 workers for concurrent class unloading
[12.644s][info   ][gc          ] GC(181) Concurrent class unloading 13.566ms
[12.647s][info   ][gc,start    ] GC(181) Pause Final Roots
[12.647s][info   ][gc          ] GC(181) Pause Final Roots 0.058ms
[12.648s][info   ][gc,ergo     ] Free: 1178M, Max: 1024K regular, 280M humongous, Frag: 77% external, 0% internal; Reserve: 103M, Max: 1024K
[12.648s][info   ][gc,stats    ] 
[12.648s][info   ][gc,stats    ] All times are wall-clock times, except per-root-class counters, that are sum over
[12.648s][info   ][gc,stats    ] all workers. Dividing the <total> over the root stage time estimates parallelism.
[12.648s][info   ][gc,stats    ] 
[12.648s][info   ][gc,stats    ] Concurrent Reset                  22003 us
[12.648s][info   ][gc,stats    ] Pause Init Mark (G)                4018 us
[12.648s][info   ][gc,stats    ] Pause Init Mark (N)                 483 us
[12.648s][info   ][gc,stats    ]   Update Region States              243 us
[12.648s][info   ][gc,stats    ] Concurrent Mark Roots              2237 us, parallelism: 0.10x
[12.648s][info   ][gc,stats    ]   CMR: <total>                      218 us
[12.648s][info   ][gc,stats    ]   CMR: Thread Roots                 157 us, workers (us): 157, ---, 
[12.648s][info   ][gc,stats    ]   CMR: VM Strong Roots               12 us, workers (us):  12, ---, 
[12.648s][info   ][gc,stats    ]   CMR: CLDG Roots                    50 us, workers (us):  50, ---, 
[12.648s][info   ][gc,stats    ] Concurrent Marking                 1483 us
[12.648s][info   ][gc,stats    ] Pause Final Mark (G)                341 us
[12.648s][info   ][gc,stats    ] Pause Final Mark (N)                265 us
[12.648s][info   ][gc,stats    ]   Finish Mark                        80 us
[12.648s][info   ][gc,stats    ]   Update Region States               67 us
[12.648s][info   ][gc,stats    ]   Choose Collection Set              70 us
[12.648s][info   ][gc,stats    ]   Rebuild Free Set                   10 us
[12.648s][info   ][gc,stats    ] Concurrent Weak References          138 us, parallelism: 0.01x
[12.648s][info   ][gc,stats    ]   CWRF: <total>                       2 us
[12.648s][info   ][gc,stats    ]   CWRF: Weak References               2 us, workers (us):   2, ---, 
[12.648s][info   ][gc,stats    ] Concurrent Weak Roots               209 us
[12.648s][info   ][gc,stats    ]   Roots                             110 us, parallelism: 0.41x
[12.648s][info   ][gc,stats    ]     CWR: <total>                     45 us
[12.648s][info   ][gc,stats    ]     CWR: Code Cache Roots            24 us, workers (us):  24, ---, 
[12.648s][info   ][gc,stats    ]     CWR: VM Weak Roots               20 us, workers (us):  20, ---, 
[12.648s][info   ][gc,stats    ]     CWR: CLDG Roots                   1 us, workers (us):   1, ---, 
[12.648s][info   ][gc,stats    ]   Rendezvous                         74 us
[12.648s][info   ][gc,stats    ] Concurrent Cleanup                  603 us
[12.648s][info   ][gc,stats    ] Concurrent Class Unloading        13704 us
[12.648s][info   ][gc,stats    ]   Unlink Stale                     8475 us
[12.648s][info   ][gc,stats    ]     System Dictionary                 8 us
[12.648s][info   ][gc,stats    ]     Weak Class Links                  1 us
[12.648s][info   ][gc,stats    ]     Code Roots                     8459 us
[12.648s][info   ][gc,stats    ]   Rendezvous                       3820 us
[12.648s][info   ][gc,stats    ]   Purge Unlinked                   1242 us
[12.648s][info   ][gc,stats    ]     Code Roots                     1217 us
[12.648s][info   ][gc,stats    ]     CLDG                             20 us
[12.648s][info   ][gc,stats    ]     Exception Caches                  1 us
[12.648s][info   ][gc,stats    ] Pause Final Roots (G)              3186 us
[12.648s][info   ][gc,stats    ] Pause Final Roots (N)                68 us
[12.648s][info   ][gc,stats    ] Pacing                            91950 us
[12.648s][info   ][gc,stats    ] 
[12.648s][info   ][gc,stats    ] Allocation pacing accrued:
[12.648s][info   ][gc,stats    ]      12 of    92 ms ( 13.5%): Thread-0
[12.648s][info   ][gc,stats    ]      15 of    92 ms ( 16.8%): Thread-1
[12.648s][info   ][gc,stats    ]      15 of    92 ms ( 16.4%): Thread-2
[12.648s][info   ][gc,stats    ]      10 of    92 ms ( 10.5%): Thread-3
[12.648s][info   ][gc,stats    ]      10 of    92 ms ( 10.4%): Thread-4
[12.648s][info   ][gc,stats    ]       9 of    92 ms (  9.3%): Thread-5
[12.648s][info   ][gc,stats    ]       9 of    92 ms (  9.8%): Thread-6
[12.648s][info   ][gc,stats    ]      13 of    92 ms ( 13.8%): Thread-7
[12.648s][info   ][gc,stats    ]      92 of    92 ms (100.5%): <total>
[12.648s][info   ][gc,stats    ]       5 of    92 ms (  5.3%): <average total>
[12.648s][info   ][gc,stats    ]      11 of    92 ms ( 12.6%): <average non-zero>
[12.648s][info   ][gc,stats    ] 
[12.648s][info   ][gc,metaspace] Metaspace: 213K(448K)->213K(448K) NonClass: 204K(320K)->204K(320K) Class: 9K(128K)->9K(128K)
[12.648s][info   ][gc,ergo     ] Pacer for Idle. Initial: 41943K, Alloc Tax Rate: 1.0x
[12.663s][info   ][gc          ] Trigger: Average GC time (57.60 ms) is above the time for average allocation rate (15182 MB/s) to deplete free headroom (869M) (margin of error = 1.89)
[12.663s][info   ][gc,ergo     ] Free headroom: 972M (free) - 102M (spike) - 0B (penalties) = 869M
[12.663s][info   ][gc,ergo     ] Free: 970M, Max: 1024K regular, 280M humongous, Frag: 72% external, 0% internal; Reserve: 103M, Max: 1024K
[12.663s][info   ][gc,start    ] GC(182) Concurrent reset
[12.663s][info   ][gc,task     ] GC(182) Using 1 of 2 workers for concurrent reset
[12.663s][info   ][gc,ergo     ] GC(182) Pacer for Reset. Non-Taxable: 2048M
[12.674s][info   ][gc          ] GC(182) Concurrent reset 11.310ms
[12.681s][info   ][gc,start    ] GC(182) Pause Init Mark (unload classes)
[12.681s][info   ][gc,task     ] GC(182) Using 2 of 2 workers for init marking
[12.681s][info   ][gc,ergo     ] GC(182) Pacer for Mark. Expected Live: 271M, Free: 740M, Non-Taxable: 75808K, Alloc Tax Rate: 0.4x
[12.681s][info   ][gc          ] GC(182) Pause Init Mark (unload classes) 0.330ms
[12.685s][info   ][gc,start    ] GC(182) Concurrent marking roots
[12.686s][info   ][gc,task     ] GC(182) Using 1 of 2 workers for concurrent marking roots
[12.686s][info   ][gc          ] GC(182) Concurrent marking roots 0.430ms
[12.686s][info   ][gc,start    ] GC(182) Concurrent marking (unload classes)
[12.686s][info   ][gc,task     ] GC(182) Using 1 of 2 workers for concurrent marking
[12.699s][info   ][gc          ] GC(182) Concurrent marking (unload classes) 13.004ms
[12.699s][info   ][gc,start    ] GC(182) Pause Final Mark (unload classes)
[12.699s][info   ][gc,task     ] GC(182) Using 2 of 2 workers for final marking
[12.700s][info   ][gc,ergo     ] GC(182) Collectable Garbage: 376M (98%), Immediate: 376M (98%), CSet: 0B (0%)
[12.700s][info   ][gc          ] GC(182) Pause Final Mark (unload classes) 0.368ms
[12.700s][info   ][gc,start    ] GC(182) Concurrent weak references
[12.700s][info   ][gc,task     ] GC(182) Using 1 of 2 workers for concurrent weak references
[12.700s][info   ][gc,ref      ] GC(182) Encountered references: Soft: 11, Weak: 37, Final: 0, Phantom: 5
[12.700s][info   ][gc,ref      ] GC(182) Discovered  references: Soft: 0, Weak: 11, Final: 0, Phantom: 5
[12.700s][info   ][gc,ref      ] GC(182) Enqueued    references: Soft: 0, Weak: 0, Final: 0, Phantom: 0
[12.700s][info   ][gc          ] GC(182) Concurrent weak references 0.162ms
[12.700s][info   ][gc,start    ] GC(182) Concurrent weak roots
[12.700s][info   ][gc,task     ] GC(182) Using 1 of 2 workers for concurrent weak root
[12.701s][info   ][gc          ] GC(182) Concurrent weak roots 0.755ms
[12.701s][info   ][gc,start    ] GC(182) Concurrent cleanup
[12.701s][info   ][gc          ] GC(182) Concurrent cleanup 724M->352M(2048M) 0.441ms
[12.701s][info   ][gc,ergo     ] GC(182) Free: 1246M, Max: 1024K regular, 286M humongous, Frag: 78% external, 0% internal; Reserve: 103M, Max: 1024K
[12.701s][info   ][gc,start    ] GC(182) Concurrent class unloading
[12.701s][info   ][gc,task     ] GC(182) Using 1 of 2 workers for concurrent class unloading
[12.703s][info   ][gc          ] GC(182) Concurrent class unloading 1.707ms
[12.703s][info   ][gc,start    ] GC(182) Pause Final Roots
[12.703s][info   ][gc          ] GC(182) Pause Final Roots 0.025ms
[12.704s][info   ][gc,ergo     ] Free: 1216M, Max: 1024K regular, 286M humongous, Frag: 77% external, 0% internal; Reserve: 103M, Max: 1024K
[12.704s][info   ][gc,stats    ] 
[12.704s][info   ][gc,stats    ] All times are wall-clock times, except per-root-class counters, that are sum over
[12.704s][info   ][gc,stats    ] all workers. Dividing the <total> over the root stage time estimates parallelism.
[12.704s][info   ][gc,stats    ] 
[12.704s][info   ][gc,stats    ] Concurrent Reset                  11477 us
[12.704s][info   ][gc,stats    ] Pause Init Mark (G)               10824 us
[12.704s][info   ][gc,stats    ] Pause Init Mark (N)                 342 us
[12.704s][info   ][gc,stats    ]   Update Region States              189 us
[12.704s][info   ][gc,stats    ] Concurrent Mark Roots               466 us, parallelism: 0.37x
[12.704s][info   ][gc,stats    ]   CMR: <total>                      174 us
[12.704s][info   ][gc,stats    ]   CMR: Thread Roots                 120 us, workers (us): 120, ---, 
[12.704s][info   ][gc,stats    ]   CMR: VM Strong Roots                7 us, workers (us):   7, ---, 
[12.704s][info   ][gc,stats    ]   CMR: CLDG Roots                    47 us, workers (us):  47, ---, 
[12.704s][info   ][gc,stats    ] Concurrent Marking                13060 us
[12.704s][info   ][gc,stats    ] Pause Final Mark (G)                880 us
[12.704s][info   ][gc,stats    ] Pause Final Mark (N)                377 us
[12.704s][info   ][gc,stats    ]   Finish Mark                        94 us
[12.704s][info   ][gc,stats    ]   Update Region States              101 us
[12.704s][info   ][gc,stats    ]   Choose Collection Set             112 us
[12.704s][info   ][gc,stats    ]   Rebuild Free Set                   11 us
[12.704s][info   ][gc,stats    ] Concurrent Weak References          170 us, parallelism: 0.05x
[12.704s][info   ][gc,stats    ]   CWRF: <total>                       8 us
[12.704s][info   ][gc,stats    ]   CWRF: Weak References               8 us, workers (us):   8, ---, 
[12.704s][info   ][gc,stats    ] Concurrent Weak Roots               773 us
[12.704s][info   ][gc,stats    ]   Roots                             216 us, parallelism: 0.54x
[12.704s][info   ][gc,stats    ]     CWR: <total>                    118 us
[12.704s][info   ][gc,stats    ]     CWR: Code Cache Roots            66 us, workers (us):  66, ---, 
[12.704s][info   ][gc,stats    ]     CWR: VM Weak Roots               49 us, workers (us):  49, ---, 
[12.704s][info   ][gc,stats    ]     CWR: CLDG Roots                   3 us, workers (us):   3, ---, 
[12.704s][info   ][gc,stats    ]   Rendezvous                        522 us
[12.704s][info   ][gc,stats    ] Concurrent Cleanup                  451 us
[12.704s][info   ][gc,stats    ] Concurrent Class Unloading         1735 us
[12.704s][info   ][gc,stats    ]   Unlink Stale                      523 us
[12.704s][info   ][gc,stats    ]     System Dictionary                10 us
[12.704s][info   ][gc,stats    ]     Weak Class Links                  2 us
[12.704s][info   ][gc,stats    ]     Code Roots                      507 us
[12.704s][info   ][gc,stats    ]   Rendezvous                       1054 us
[12.704s][info   ][gc,stats    ]   Purge Unlinked                    112 us
[12.704s][info   ][gc,stats    ]     Code Roots                       94 us
[12.704s][info   ][gc,stats    ]     CLDG                             16 us
[12.704s][info   ][gc,stats    ]     Exception Caches                  1 us
[12.704s][info   ][gc,stats    ] Pause Final Roots (G)               487 us
[12.704s][info   ][gc,stats    ] Pause Final Roots (N)                34 us
[12.704s][info   ][gc,stats    ] Pacing                            39933 us
[12.704s][info   ][gc,stats    ] 
[12.704s][info   ][gc,stats    ] Allocation pacing accrued:
[12.704s][info   ][gc,stats    ]       2 of    56 ms (  2.9%): Thread-0
[12.704s][info   ][gc,stats    ]       4 of    56 ms (  7.8%): Thread-1
[12.704s][info   ][gc,stats    ]       1 of    56 ms (  2.2%): Thread-2
[12.704s][info   ][gc,stats    ]       5 of    56 ms (  8.1%): Thread-3
[12.704s][info   ][gc,stats    ]       8 of    56 ms ( 13.7%): Thread-4
[12.704s][info   ][gc,stats    ]       5 of    56 ms (  8.5%): Thread-5
[12.704s][info   ][gc,stats    ]       6 of    56 ms ( 11.0%): Thread-6
[12.704s][info   ][gc,stats    ]      10 of    56 ms ( 17.2%): Thread-7
[12.704s][info   ][gc,stats    ]      40 of    56 ms ( 71.4%): <total>
[12.704s][info   ][gc,stats    ]       2 of    56 ms (  3.8%): <average total>
[12.704s][info   ][gc,stats    ]       5 of    56 ms (  8.9%): <average non-zero>
[12.704s][info   ][gc,stats    ] 
[12.704s][info   ][gc,metaspace] Metaspace: 213K(448K)->213K(448K) NonClass: 204K(320K)->204K(320K) Class: 9K(128K)->9K(128K)
[12.704s][info   ][gc,ergo     ] Pacer for Idle. Initial: 41943K, Alloc Tax Rate: 1.0x
[12.725s][info   ][gc          ] Trigger: Average GC time (53.11 ms) is above the time for average allocation rate (15182 MB/s) to deplete free headroom (795M) (margin of error = 1.89)
[12.725s][info   ][gc,ergo     ] Free headroom: 898M (free) - 102M (spike) - 0B (penalties) = 795M
[12.725s][info   ][gc,ergo     ] Free: 894M, Max: 1024K regular, 286M humongous, Frag: 69% external, 0% internal; Reserve: 103M, Max: 1024K
[12.726s][info   ][gc,start    ] GC(183) Concurrent reset
[12.726s][info   ][gc,task     ] GC(183) Using 1 of 2 workers for concurrent reset
[12.726s][info   ][gc,ergo     ] GC(183) Pacer for Reset. Non-Taxable: 2048M
[12.741s][info   ][gc          ] GC(183) Concurrent reset 15.896ms
[12.743s][info   ][gc,start    ] GC(183) Pause Init Mark (unload classes)
[12.743s][info   ][gc,task     ] GC(183) Using 2 of 2 workers for init marking
[12.743s][info   ][gc,ergo     ] GC(183) Pacer for Mark. Expected Live: 264M, Free: 666M, Non-Taxable: 68231K, Alloc Tax Rate: 0.5x
[12.743s][info   ][gc          ] GC(183) Pause Init Mark (unload classes) 0.248ms
[12.744s][info   ][gc,start    ] GC(183) Concurrent marking roots
[12.744s][info   ][gc,task     ] GC(183) Using 1 of 2 workers for concurrent marking roots
[12.744s][info   ][gc          ] GC(183) Concurrent marking roots 0.313ms
[12.744s][info   ][gc,start    ] GC(183) Concurrent marking (unload classes)
[12.744s][info   ][gc,task     ] GC(183) Using 1 of 2 workers for concurrent marking
[12.768s][info   ][gc          ] GC(183) Concurrent marking (unload classes) 24.120ms
[12.769s][info   ][gc,start    ] GC(183) Pause Final Mark (unload classes)
[12.769s][info   ][gc,task     ] GC(183) Using 2 of 2 workers for final marking
[12.769s][info   ][gc,ergo     ] GC(183) Collectable Garbage: 456M (98%), Immediate: 456M (98%), CSet: 0B (0%)
[12.769s][info   ][gc          ] GC(183) Pause Final Mark (unload classes) 0.342ms
[12.769s][info   ][gc,start    ] GC(183) Concurrent weak references
[12.769s][info   ][gc,task     ] GC(183) Using 1 of 2 workers for concurrent weak references
[12.770s][info   ][gc,ref      ] GC(183) Encountered references: Soft: 11, Weak: 37, Final: 0, Phantom: 5
[12.770s][info   ][gc,ref      ] GC(183) Discovered  references: Soft: 0, Weak: 11, Final: 0, Phantom: 5
[12.770s][info   ][gc,ref      ] GC(183) Enqueued    references: Soft: 0, Weak: 0, Final: 0, Phantom: 0
[12.770s][info   ][gc          ] GC(183) Concurrent weak references 0.205ms
[12.770s][info   ][gc,start    ] GC(183) Concurrent weak roots
[12.770s][info   ][gc,task     ] GC(183) Using 1 of 2 workers for concurrent weak root
[12.775s][info   ][gc          ] GC(183) Concurrent weak roots 5.725ms
[12.775s][info   ][gc,start    ] GC(183) Concurrent cleanup
[12.776s][info   ][gc          ] GC(183) Concurrent cleanup 862M->406M(2048M) 0.677ms
[12.776s][info   ][gc,ergo     ] GC(183) Free: 1138M, Max: 1024K regular, 224M humongous, Frag: 81% external, 0% internal; Reserve: 103M, Max: 1024K
[12.776s][info   ][gc,start    ] GC(183) Concurrent class unloading
[12.776s][info   ][gc,task     ] GC(183) Using 1 of 2 workers for concurrent class unloading
[12.777s][info   ][gc          ] GC(183) Concurrent class unloading 0.526ms
[12.777s][info   ][gc,start    ] GC(183) Pause Final Roots
[12.777s][info   ][gc          ] GC(183) Pause Final Roots 0.024ms
[12.777s][info   ][gc,ergo     ] Free: 1138M, Max: 1024K regular, 224M humongous, Frag: 81% external, 0% internal; Reserve: 103M, Max: 1024K
[12.777s][info   ][gc,stats    ] 
[12.777s][info   ][gc,stats    ] All times are wall-clock times, except per-root-class counters, that are sum over
[12.777s][info   ][gc,stats    ] all workers. Dividing the <total> over the root stage time estimates parallelism.
[12.777s][info   ][gc,stats    ] 
[12.777s][info   ][gc,stats    ] Concurrent Reset                  16049 us
[12.777s][info   ][gc,stats    ] Pause Init Mark (G)                1934 us
[12.777s][info   ][gc,stats    ] Pause Init Mark (N)                 258 us
[12.777s][info   ][gc,stats    ]   Update Region States              149 us
[12.777s][info   ][gc,stats    ] Concurrent Mark Roots               326 us, parallelism: 0.78x
[12.777s][info   ][gc,stats    ]   CMR: <total>                      253 us
[12.777s][info   ][gc,stats    ]   CMR: Thread Roots                 213 us, workers (us): 213, ---, 
[12.777s][info   ][gc,stats    ]   CMR: VM Strong Roots                5 us, workers (us):   5, ---, 
[12.777s][info   ][gc,stats    ]   CMR: CLDG Roots                    36 us, workers (us):  36, ---, 
[12.777s][info   ][gc,stats    ] Concurrent Marking                24403 us
[12.777s][info   ][gc,stats    ] Pause Final Mark (G)               1084 us
[12.777s][info   ][gc,stats    ] Pause Final Mark (N)                352 us
[12.777s][info   ][gc,stats    ]   Finish Mark                       113 us
[12.777s][info   ][gc,stats    ]   Update Region States               68 us
[12.777s][info   ][gc,stats    ]   Choose Collection Set              95 us
[12.777s][info   ][gc,stats    ]   Rebuild Free Set                   10 us
[12.777s][info   ][gc,stats    ] Concurrent Weak References          221 us, parallelism: 0.08x
[12.777s][info   ][gc,stats    ]   CWRF: <total>                      18 us
[12.777s][info   ][gc,stats    ]   CWRF: Weak References              18 us, workers (us):  18, ---, 
[12.777s][info   ][gc,stats    ] Concurrent Weak Roots              5779 us
[12.777s][info   ][gc,stats    ]   Roots                             220 us, parallelism: 0.69x
[12.777s][info   ][gc,stats    ]     CWR: <total>                    151 us
[12.777s][info   ][gc,stats    ]     CWR: Code Cache Roots            90 us, workers (us):  90, ---, 
[12.777s][info   ][gc,stats    ]     CWR: VM Weak Roots               58 us, workers (us):  58, ---, 
[12.777s][info   ][gc,stats    ]     CWR: CLDG Roots                   3 us, workers (us):   3, ---, 
[12.777s][info   ][gc,stats    ]   Rendezvous                       5479 us
[12.777s][info   ][gc,stats    ] Concurrent Cleanup                  691 us
[12.777s][info   ][gc,stats    ] Concurrent Class Unloading          544 us
[12.777s][info   ][gc,stats    ]   Unlink Stale                      178 us
[12.777s][info   ][gc,stats    ]     System Dictionary                 8 us
[12.777s][info   ][gc,stats    ]     Weak Class Links                  1 us
[12.777s][info   ][gc,stats    ]     Code Roots                      166 us
[12.777s][info   ][gc,stats    ]   Rendezvous                        235 us
[12.777s][info   ][gc,stats    ]   Purge Unlinked                     93 us
[12.777s][info   ][gc,stats    ]     Code Roots                       77 us
[12.777s][info   ][gc,stats    ]     CLDG                             14 us
[12.777s][info   ][gc,stats    ]     Exception Caches                  0 us
[12.777s][info   ][gc,stats    ] Pause Final Roots (G)               119 us
[12.777s][info   ][gc,stats    ] Pause Final Roots (N)                34 us
[12.777s][info   ][gc,stats    ] Pacing                            12692 us
[12.777s][info   ][gc,stats    ] 
[12.777s][info   ][gc,stats    ] Allocation pacing accrued:
[12.777s][info   ][gc,stats    ]       2 of    73 ms (  2.3%): Thread-0
[12.777s][info   ][gc,stats    ]       5 of    73 ms (  6.2%): Thread-1
[12.777s][info   ][gc,stats    ]       2 of    73 ms (  2.6%): Thread-6
[12.777s][info   ][gc,stats    ]       5 of    73 ms (  6.2%): Thread-7
[12.777s][info   ][gc,stats    ]      13 of    73 ms ( 17.3%): <total>
[12.777s][info   ][gc,stats    ]       1 of    73 ms (  0.9%): <average total>
[12.777s][info   ][gc,stats    ]       3 of    73 ms (  4.3%): <average non-zero>
[12.777s][info   ][gc,stats    ] 
[12.777s][info   ][gc,metaspace] Metaspace: 213K(448K)->213K(448K) NonClass: 204K(320K)->204K(320K) Class: 9K(128K)->9K(128K)
[12.777s][info   ][gc,ergo     ] Pacer for Idle. Initial: 41943K, Alloc Tax Rate: 1.0x
[12.790s][info   ][gc          ] Trigger: Average GC time (60.21 ms) is above the time for average allocation rate (15193 MB/s) to deplete free headroom (903M) (margin of error = 1.90)
[12.790s][info   ][gc,ergo     ] Free headroom: 1006M (free) - 102M (spike) - 0B (penalties) = 903M
[12.790s][info   ][gc,ergo     ] Free: 1002M, Max: 1024K regular, 224M humongous, Frag: 78% external, 0% internal; Reserve: 103M, Max: 1024K
[12.790s][info   ][gc,start    ] GC(184) Concurrent reset
[12.790s][info   ][gc,task     ] GC(184) Using 1 of 2 workers for concurrent reset
[12.790s][info   ][gc,ergo     ] GC(184) Pacer for Reset. Non-Taxable: 2048M
[12.806s][info   ][gc          ] GC(184) Concurrent reset 15.529ms
[12.811s][info   ][gc,start    ] GC(184) Pause Init Mark (unload classes)
[12.811s][info   ][gc,task     ] GC(184) Using 2 of 2 workers for init marking
[12.811s][info   ][gc,ergo     ] GC(184) Pacer for Mark. Expected Live: 245M, Free: 754M, Non-Taxable: 77242K, Alloc Tax Rate: 0.4x
[12.811s][info   ][gc          ] GC(184) Pause Init Mark (unload classes) 0.257ms
[12.811s][info   ][gc,start    ] GC(184) Concurrent marking roots
[12.811s][info   ][gc,task     ] GC(184) Using 1 of 2 workers for concurrent marking roots
[12.816s][info   ][gc          ] GC(184) Concurrent marking roots 4.906ms
[12.816s][info   ][gc,start    ] GC(184) Concurrent marking (unload classes)
[12.816s][info   ][gc,task     ] GC(184) Using 1 of 2 workers for concurrent marking
[12.818s][info   ][gc          ] GC(184) Concurrent marking (unload classes) 1.733ms
[12.819s][info   ][gc,start    ] GC(184) Pause Final Mark (unload classes)
[12.819s][info   ][gc,task     ] GC(184) Using 2 of 2 workers for final marking
[12.820s][info   ][gc,ergo     ] GC(184) Collectable Garbage: 403M (98%), Immediate: 403M (98%), CSet: 0B (0%)
[12.820s][info   ][gc          ] GC(184) Pause Final Mark (unload classes) 0.440ms
[12.820s][info   ][gc,start    ] GC(184) Concurrent weak references
[12.820s][info   ][gc,task     ] GC(184) Using 1 of 2 workers for concurrent weak references
[12.820s][info   ][gc,ref      ] GC(184) Encountered references: Soft: 11, Weak: 37, Final: 0, Phantom: 5
[12.820s][info   ][gc,ref      ] GC(184) Discovered  references: Soft: 0, Weak: 11, Final: 0, Phantom: 5
[12.820s][info   ][gc,ref      ] GC(184) Enqueued    references: Soft: 0, Weak: 0, Final: 0, Phantom: 0
[12.820s][info   ][gc          ] GC(184) Concurrent weak references 0.124ms
[12.820s][info   ][gc,start    ] GC(184) Concurrent weak roots
[12.820s][info   ][gc,task     ] GC(184) Using 1 of 2 workers for concurrent weak root
[12.820s][info   ][gc          ] GC(184) Concurrent weak roots 0.308ms
[12.820s][info   ][gc,start    ] GC(184) Concurrent cleanup
[12.821s][info   ][gc          ] GC(184) Concurrent cleanup 636M->233M(2048M) 0.460ms
[12.821s][info   ][gc,ergo     ] GC(184) Free: 1484M, Max: 1024K regular, 252M humongous, Frag: 84% external, 0% internal; Reserve: 103M, Max: 1024K
[12.821s][info   ][gc,start    ] GC(184) Concurrent class unloading
[12.821s][info   ][gc,task     ] GC(184) Using 1 of 2 workers for concurrent class unloading
[12.821s][info   ][gc          ] GC(184) Concurrent class unloading 0.495ms
[12.821s][info   ][gc,start    ] GC(184) Pause Final Roots
[12.821s][info   ][gc          ] GC(184) Pause Final Roots 0.018ms
[12.822s][info   ][gc,ergo     ] Free: 1482M, Max: 1024K regular, 252M humongous, Frag: 83% external, 0% internal; Reserve: 103M, Max: 1024K
[12.822s][info   ][gc,stats    ] 
[12.822s][info   ][gc,stats    ] All times are wall-clock times, except per-root-class counters, that are sum over
[12.822s][info   ][gc,stats    ] all workers. Dividing the <total> over the root stage time estimates parallelism.
[12.822s][info   ][gc,stats    ] 
[12.822s][info   ][gc,stats    ] Concurrent Reset                  15703 us
[12.822s][info   ][gc,stats    ] Pause Init Mark (G)                5134 us
[12.822s][info   ][gc,stats    ] Pause Init Mark (N)                 266 us
[12.822s][info   ][gc,stats    ]   Update Region States              150 us
[12.822s][info   ][gc,stats    ] Concurrent Mark Roots              4981 us, parallelism: 0.96x
[12.822s][info   ][gc,stats    ]   CMR: <total>                     4762 us
[12.822s][info   ][gc,stats    ]   CMR: Thread Roots                4697 us, workers (us): 4697, ---, 
[12.822s][info   ][gc,stats    ]   CMR: VM Strong Roots               11 us, workers (us):  11, ---, 
[12.822s][info   ][gc,stats    ]   CMR: CLDG Roots                    54 us, workers (us):  54, ---, 
[12.822s][info   ][gc,stats    ] Concurrent Marking                 1759 us
[12.822s][info   ][gc,stats    ] Pause Final Mark (G)               2212 us
[12.822s][info   ][gc,stats    ] Pause Final Mark (N)                452 us
[12.822s][info   ][gc,stats    ]   Finish Mark                       113 us
[12.822s][info   ][gc,stats    ]   Update Region States              101 us
[12.822s][info   ][gc,stats    ]   Choose Collection Set             162 us
[12.822s][info   ][gc,stats    ]   Rebuild Free Set                   14 us
[12.822s][info   ][gc,stats    ] Concurrent Weak References          131 us, parallelism: 0.04x
[12.822s][info   ][gc,stats    ]   CWRF: <total>                       5 us
[12.822s][info   ][gc,stats    ]   CWRF: Weak References               5 us, workers (us):   5, ---, 
[12.822s][info   ][gc,stats    ] Concurrent Weak Roots               327 us
[12.822s][info   ][gc,stats    ]   Roots                             156 us, parallelism: 0.42x
[12.822s][info   ][gc,stats    ]     CWR: <total>                     66 us
[12.822s][info   ][gc,stats    ]     CWR: Code Cache Roots            34 us, workers (us):  34, ---, 
[12.822s][info   ][gc,stats    ]     CWR: VM Weak Roots               30 us, workers (us):  30, ---, 
[12.822s][info   ][gc,stats    ]     CWR: CLDG Roots                   2 us, workers (us):   2, ---, 
[12.822s][info   ][gc,stats    ]   Rendezvous                        101 us
[12.822s][info   ][gc,stats    ] Concurrent Cleanup                  477 us
[12.822s][info   ][gc,stats    ] Concurrent Class Unloading          516 us
[12.822s][info   ][gc,stats    ]   Unlink Stale                      289 us
[12.822s][info   ][gc,stats    ]     System Dictionary                 5 us
[12.822s][info   ][gc,stats    ]     Weak Class Links                  1 us
[12.822s][info   ][gc,stats    ]     Code Roots                      281 us
[12.822s][info   ][gc,stats    ]   Rendezvous                         80 us
[12.822s][info   ][gc,stats    ]   Purge Unlinked                    108 us
[12.822s][info   ][gc,stats    ]     Code Roots                       91 us
[12.822s][info   ][gc,stats    ]     CLDG                             14 us
[12.822s][info   ][gc,stats    ]     Exception Caches                  1 us
[12.822s][info   ][gc,stats    ] Pause Final Roots (G)               103 us
[12.822s][info   ][gc,stats    ] Pause Final Roots (N)                26 us
[12.822s][info   ][gc,stats    ] Pacing                            59241 us
[12.822s][info   ][gc,stats    ] 
[12.822s][info   ][gc,stats    ] Allocation pacing accrued:
[12.822s][info   ][gc,stats    ]       8 of    45 ms ( 18.9%): Thread-0
[12.822s][info   ][gc,stats    ]       8 of    45 ms ( 18.8%): Thread-1
[12.822s][info   ][gc,stats    ]       9 of    45 ms ( 19.1%): Thread-2
[12.822s][info   ][gc,stats    ]      11 of    45 ms ( 25.1%): Thread-4
[12.822s][info   ][gc,stats    ]      11 of    45 ms ( 25.6%): Thread-5
[12.822s][info   ][gc,stats    ]      11 of    45 ms ( 25.0%): Thread-6
[12.822s][info   ][gc,stats    ]      59 of    45 ms (132.5%): <total>
[12.822s][info   ][gc,stats    ]       3 of    45 ms (  7.0%): <average total>
[12.822s][info   ][gc,stats    ]      10 of    45 ms ( 22.1%): <average non-zero>
[12.822s][info   ][gc,stats    ] 
[12.822s][info   ][gc,metaspace] Metaspace: 213K(448K)->213K(448K) NonClass: 204K(320K)->204K(320K) Class: 9K(128K)->9K(128K)
[12.822s][info   ][gc,ergo     ] Pacer for Idle. Initial: 41943K, Alloc Tax Rate: 1.0x
[12.861s][info   ][gc          ] Trigger: Average GC time (55.10 ms) is above the time for average allocation rate (15168 MB/s) to deplete free headroom (819M) (margin of error = 1.88)
[12.861s][info   ][gc,ergo     ] Free headroom: 922M (free) - 102M (spike) - 0B (penalties) = 819M
[12.861s][info   ][gc,ergo     ] Free: 918M, Max: 1024K regular, 226M humongous, Frag: 76% external, 0% internal; Reserve: 103M, Max: 1024K
[12.861s][info   ][gc,start    ] GC(185) Concurrent reset
[12.861s][info   ][gc,task     ] GC(185) Using 1 of 2 workers for concurrent reset
[12.861s][info   ][gc,ergo     ] GC(185) Pacer for Reset. Non-Taxable: 2048M
[12.872s][info   ][gc          ] GC(185) Concurrent reset 10.661ms
[12.873s][info   ][gc,start    ] GC(185) Pause Init Mark (unload classes)
[12.873s][info   ][gc,task     ] GC(185) Using 2 of 2 workers for init marking
[12.873s][info   ][gc,ergo     ] GC(185) Pacer for Mark. Expected Live: 230M, Free: 782M, Non-Taxable: 80109K, Alloc Tax Rate: 0.4x
[12.873s][info   ][gc          ] GC(185) Pause Init Mark (unload classes) 0.198ms
[12.874s][info   ][gc,start    ] GC(185) Concurrent marking roots
[12.874s][info   ][gc,task     ] GC(185) Using 1 of 2 workers for concurrent marking roots
[12.878s][info   ][gc          ] GC(185) Concurrent marking roots 4.069ms
[12.878s][info   ][gc,start    ] GC(185) Concurrent marking (unload classes)
[12.878s][info   ][gc,task     ] GC(185) Using 1 of 2 workers for concurrent marking
[12.887s][info   ][gc          ] GC(185) Concurrent marking (unload classes) 8.970ms
[12.888s][info   ][gc,start    ] GC(185) Pause Final Mark (unload classes)
[12.888s][info   ][gc,task     ] GC(185) Using 2 of 2 workers for final marking
[12.889s][info   ][gc,ergo     ] GC(185) Collectable Garbage: 370M (98%), Immediate: 370M (98%), CSet: 0B (0%)
[12.889s][info   ][gc          ] GC(185) Pause Final Mark (unload classes) 0.873ms
[12.892s][info   ][gc,start    ] GC(185) Concurrent weak references
[12.892s][info   ][gc,task     ] GC(185) Using 1 of 2 workers for concurrent weak references
[12.892s][info   ][gc,ref      ] GC(185) Encountered references: Soft: 11, Weak: 37, Final: 0, Phantom: 5
[12.892s][info   ][gc,ref      ] GC(185) Discovered  references: Soft: 0, Weak: 11, Final: 0, Phantom: 5
[12.892s][info   ][gc,ref      ] GC(185) Enqueued    references: Soft: 0, Weak: 0, Final: 0, Phantom: 0
[12.892s][info   ][gc          ] GC(185) Concurrent weak references 0.620ms
[12.893s][info   ][gc,start    ] GC(185) Concurrent weak roots
[12.893s][info   ][gc,task     ] GC(185) Using 1 of 2 workers for concurrent weak root
[12.898s][info   ][gc          ] GC(185) Concurrent weak roots 5.268ms
[12.898s][info   ][gc,start    ] GC(185) Concurrent cleanup
[12.899s][info   ][gc          ] GC(185) Concurrent cleanup 758M->397M(2048M) 1.172ms
[12.899s][info   ][gc,ergo     ] GC(185) Free: 1152M, Max: 1024K regular, 260M humongous, Frag: 78% external, 0% internal; Reserve: 103M, Max: 1024K
[12.899s][info   ][gc,start    ] GC(185) Concurrent class unloading
[12.899s][info   ][gc,task     ] GC(185) Using 1 of 2 workers for concurrent class unloading
[12.910s][info   ][gc          ] GC(185) Concurrent class unloading 10.174ms
[12.910s][info   ][gc,start    ] GC(185) Pause Final Roots
[12.910s][info   ][gc          ] GC(185) Pause Final Roots 0.036ms
[12.916s][info   ][gc,ergo     ] Free: 930M, Max: 1024K regular, 260M humongous, Frag: 73% external, 0% internal; Reserve: 103M, Max: 1024K
[12.916s][info   ][gc,stats    ] 
[12.916s][info   ][gc,stats    ] All times are wall-clock times, except per-root-class counters, that are sum over
[12.916s][info   ][gc,stats    ] all workers. Dividing the <total> over the root stage time estimates parallelism.
[12.916s][info   ][gc,stats    ] 
[12.916s][info   ][gc,stats    ] Concurrent Reset                  10823 us
[12.916s][info   ][gc,stats    ] Pause Init Mark (G)                1665 us
[12.916s][info   ][gc,stats    ] Pause Init Mark (N)                 208 us
[12.916s][info   ][gc,stats    ]   Update Region States              113 us
[12.916s][info   ][gc,stats    ] Concurrent Mark Roots              4183 us, parallelism: 0.07x
[12.916s][info   ][gc,stats    ]   CMR: <total>                      308 us
[12.916s][info   ][gc,stats    ]   CMR: Thread Roots                 241 us, workers (us): 241, ---, 
[12.916s][info   ][gc,stats    ]   CMR: VM Strong Roots               12 us, workers (us):  12, ---, 
[12.916s][info   ][gc,stats    ]   CMR: CLDG Roots                    55 us, workers (us):  55, ---, 
[12.916s][info   ][gc,stats    ] Concurrent Marking                 9086 us
[12.916s][info   ][gc,stats    ] Pause Final Mark (G)               4984 us
[12.916s][info   ][gc,stats    ] Pause Final Mark (N)                889 us
[12.916s][info   ][gc,stats    ]   Finish Mark                       349 us
[12.916s][info   ][gc,stats    ]   Update Region States              231 us
[12.916s][info   ][gc,stats    ]   Choose Collection Set             172 us
[12.916s][info   ][gc,stats    ]   Rebuild Free Set                   15 us
[12.916s][info   ][gc,stats    ] Concurrent Weak References          671 us, parallelism: 0.04x
[12.916s][info   ][gc,stats    ]   CWRF: <total>                      24 us
[12.916s][info   ][gc,stats    ]   CWRF: Weak References              24 us, workers (us):  24, ---, 
[12.916s][info   ][gc,stats    ] Concurrent Weak Roots              5466 us
[12.916s][info   ][gc,stats    ]   Roots                             543 us, parallelism: 0.47x
[12.916s][info   ][gc,stats    ]     CWR: <total>                    254 us
[12.916s][info   ][gc,stats    ]     CWR: Code Cache Roots           167 us, workers (us): 167, ---, 
[12.916s][info   ][gc,stats    ]     CWR: VM Weak Roots               81 us, workers (us):  81, ---, 
[12.916s][info   ][gc,stats    ]     CWR: CLDG Roots                   5 us, workers (us):   5, ---, 
[12.916s][info   ][gc,stats    ]   Rendezvous                       4617 us
[12.916s][info   ][gc,stats    ] Concurrent Cleanup                 1269 us
[12.916s][info   ][gc,stats    ] Concurrent Class Unloading        10320 us
[12.916s][info   ][gc,stats    ]   Unlink Stale                     1701 us
[12.916s][info   ][gc,stats    ]     System Dictionary                15 us
[12.916s][info   ][gc,stats    ]     Weak Class Links                  1 us
[12.916s][info   ][gc,stats    ]     Code Roots                     1676 us
[12.916s][info   ][gc,stats    ]   Rendezvous                       8179 us
[12.916s][info   ][gc,stats    ]   Purge Unlinked                    222 us
[12.916s][info   ][gc,stats    ]     Code Roots                      196 us
[12.916s][info   ][gc,stats    ]     CLDG                             22 us
[12.916s][info   ][gc,stats    ]     Exception Caches                  1 us
[12.916s][info   ][gc,stats    ] Pause Final Roots (G)              5959 us
[12.916s][info   ][gc,stats    ] Pause Final Roots (N)                46 us
[12.916s][info   ][gc,stats    ] Pacing                           108911 us
[12.916s][info   ][gc,stats    ] 
[12.916s][info   ][gc,stats    ] Allocation pacing accrued:
[12.916s][info   ][gc,stats    ]      17 of    95 ms ( 18.4%): Thread-0
[12.916s][info   ][gc,stats    ]       7 of    95 ms (  7.2%): Thread-1
[12.916s][info   ][gc,stats    ]       8 of    95 ms (  8.2%): Thread-2
[12.916s][info   ][gc,stats    ]      15 of    95 ms ( 15.6%): Thread-3
[12.916s][info   ][gc,stats    ]      10 of    95 ms ( 10.8%): Thread-4
[12.916s][info   ][gc,stats    ]      20 of    95 ms ( 20.8%): Thread-5
[12.916s][info   ][gc,stats    ]      12 of    95 ms ( 12.4%): Thread-6
[12.916s][info   ][gc,stats    ]      21 of    95 ms ( 21.9%): Thread-7
[12.916s][info   ][gc,stats    ]     109 of    95 ms (115.2%): <total>
[12.916s][info   ][gc,stats    ]       6 of    95 ms (  6.1%): <average total>
[12.916s][info   ][gc,stats    ]      14 of    95 ms ( 14.4%): <average non-zero>
[12.916s][info   ][gc,stats    ] 
[12.916s][info   ][gc,metaspace] Metaspace: 213K(448K)->213K(448K) NonClass: 204K(320K)->204K(320K) Class: 9K(128K)->9K(128K)
[12.916s][info   ][gc,ergo     ] Pacer for Idle. Initial: 41943K, Alloc Tax Rate: 1.0x
[12.920s][info   ][gc          ] Trigger: Average GC time (66.16 ms) is above the time for average allocation rate (15195 MB/s) to deplete free headroom (779M) (margin of error = 1.90)
[12.920s][info   ][gc,ergo     ] Free headroom: 882M (free) - 102M (spike) - 0B (penalties) = 779M
[12.920s][info   ][gc,ergo     ] Free: 882M, Max: 1024K regular, 260M humongous, Frag: 71% external, 0% internal; Reserve: 103M, Max: 1024K
[12.920s][info   ][gc,start    ] GC(186) Concurrent reset
[12.920s][info   ][gc,task     ] GC(186) Using 1 of 2 workers for concurrent reset
[12.920s][info   ][gc,ergo     ] GC(186) Pacer for Reset. Non-Taxable: 2048M
[12.929s][info   ][gc          ] GC(186) Concurrent reset 8.778ms
[12.930s][info   ][gc,start    ] GC(186) Pause Init Mark (unload classes)
[12.930s][info   ][gc,task     ] GC(186) Using 2 of 2 workers for init marking
[12.930s][info   ][gc,ergo     ] GC(186) Pacer for Mark. Expected Live: 209M, Free: 768M, Non-Taxable: 78675K, Alloc Tax Rate: 0.3x
[12.930s][info   ][gc          ] GC(186) Pause Init Mark (unload classes) 0.219ms
[12.930s][info   ][gc,start    ] GC(186) Concurrent marking roots
[12.930s][info   ][gc,task     ] GC(186) Using 1 of 2 workers for concurrent marking roots
[12.930s][info   ][gc          ] GC(186) Concurrent marking roots 0.409ms
[12.930s][info   ][gc,start    ] GC(186) Concurrent marking (unload classes)
[12.930s][info   ][gc,task     ] GC(186) Using 1 of 2 workers for concurrent marking
[12.943s][info   ][gc          ] GC(186) Concurrent marking (unload classes) 12.810ms
[12.944s][info   ][gc,start    ] GC(186) Pause Final Mark (unload classes)
[12.944s][info   ][gc,task     ] GC(186) Using 2 of 2 workers for final marking
[12.946s][info   ][gc,ergo     ] GC(186) Collectable Garbage: 367M (98%), Immediate: 367M (98%), CSet: 0B (0%)
[12.946s][info   ][gc          ] GC(186) Pause Final Mark (unload classes) 1.857ms
[12.949s][info   ][gc,start    ] GC(186) Concurrent weak references
[12.949s][info   ][gc,task     ] GC(186) Using 1 of 2 workers for concurrent weak references
[12.949s][info   ][gc,ref      ] GC(186) Encountered references: Soft: 11, Weak: 37, Final: 0, Phantom: 5
[12.949s][info   ][gc,ref      ] GC(186) Discovered  references: Soft: 0, Weak: 11, Final: 0, Phantom: 5
[12.949s][info   ][gc,ref      ] GC(186) Enqueued    references: Soft: 0, Weak: 0, Final: 0, Phantom: 0
[12.949s][info   ][gc          ] GC(186) Concurrent weak references 0.835ms
[12.949s][info   ][gc,start    ] GC(186) Concurrent weak roots
[12.950s][info   ][gc,task     ] GC(186) Using 1 of 2 workers for concurrent weak root
[12.953s][info   ][gc          ] GC(186) Concurrent weak roots 3.659ms
[12.953s][info   ][gc,start    ] GC(186) Concurrent cleanup
[12.955s][info   ][gc          ] GC(186) Concurrent cleanup 731M->369M(2048M) 1.564ms
[12.955s][info   ][gc,ergo     ] GC(186) Free: 1212M, Max: 1024K regular, 384M humongous, Frag: 69% external, 0% internal; Reserve: 103M, Max: 1024K
[12.955s][info   ][gc,start    ] GC(186) Concurrent class unloading
[12.955s][info   ][gc,task     ] GC(186) Using 1 of 2 workers for concurrent class unloading
[12.962s][info   ][gc          ] GC(186) Concurrent class unloading 7.318ms
[12.964s][info   ][gc,start    ] GC(186) Pause Final Roots
[12.964s][info   ][gc          ] GC(186) Pause Final Roots 0.040ms
[12.964s][info   ][gc,ergo     ] Free: 1090M, Max: 1024K regular, 384M humongous, Frag: 65% external, 0% internal; Reserve: 103M, Max: 1024K
[12.964s][info   ][gc,stats    ] 
[12.964s][info   ][gc,stats    ] All times are wall-clock times, except per-root-class counters, that are sum over
[12.964s][info   ][gc,stats    ] all workers. Dividing the <total> over the root stage time estimates parallelism.
[12.964s][info   ][gc,stats    ] 
[12.964s][info   ][gc,stats    ] Concurrent Reset                   9063 us
[12.964s][info   ][gc,stats    ] Pause Init Mark (G)                 887 us
[12.964s][info   ][gc,stats    ] Pause Init Mark (N)                 230 us
[12.964s][info   ][gc,stats    ]   Update Region States              130 us
[12.964s][info   ][gc,stats    ] Concurrent Mark Roots               427 us, parallelism: 0.77x
[12.964s][info   ][gc,stats    ]   CMR: <total>                      331 us
[12.964s][info   ][gc,stats    ]   CMR: Thread Roots                 273 us, workers (us): 273, ---, 
[12.964s][info   ][gc,stats    ]   CMR: VM Strong Roots               10 us, workers (us):  10, ---, 
[12.964s][info   ][gc,stats    ]   CMR: CLDG Roots                    49 us, workers (us):  49, ---, 
[12.964s][info   ][gc,stats    ] Concurrent Marking                13093 us
[12.964s][info   ][gc,stats    ] Pause Final Mark (G)               5269 us
[12.964s][info   ][gc,stats    ] Pause Final Mark (N)               1869 us
[12.964s][info   ][gc,stats    ]   Finish Mark                      1314 us
[12.964s][info   ][gc,stats    ]   Update Region States              269 us
[12.964s][info   ][gc,stats    ]   Choose Collection Set             192 us
[12.964s][info   ][gc,stats    ]   Rebuild Free Set                   14 us
[12.964s][info   ][gc,stats    ] Concurrent Weak References          851 us, parallelism: 0.02x
[12.964s][info   ][gc,stats    ]   CWRF: <total>                      15 us
[12.964s][info   ][gc,stats    ]   CWRF: Weak References              15 us, workers (us):  15, ---, 
[12.964s][info   ][gc,stats    ] Concurrent Weak Roots              3702 us
[12.964s][info   ][gc,stats    ]   Roots                             924 us, parallelism: 0.20x
[12.964s][info   ][gc,stats    ]     CWR: <total>                    184 us
[12.964s][info   ][gc,stats    ]     CWR: Code Cache Roots            79 us, workers (us):  79, ---, 
[12.964s][info   ][gc,stats    ]     CWR: VM Weak Roots              102 us, workers (us): 102, ---, 
[12.964s][info   ][gc,stats    ]     CWR: CLDG Roots                   4 us, workers (us):   4, ---, 
[12.964s][info   ][gc,stats    ]   Rendezvous                       2710 us
[12.964s][info   ][gc,stats    ] Concurrent Cleanup                 1617 us
[12.964s][info   ][gc,stats    ] Concurrent Class Unloading         7475 us
[12.964s][info   ][gc,stats    ]   Unlink Stale                      282 us
[12.964s][info   ][gc,stats    ]     System Dictionary                 9 us
[12.964s][info   ][gc,stats    ]     Weak Class Links                  1 us
[12.964s][info   ][gc,stats    ]     Code Roots                      268 us
[12.964s][info   ][gc,stats    ]   Rendezvous                       6775 us
[12.964s][info   ][gc,stats    ]   Purge Unlinked                    230 us
[12.964s][info   ][gc,stats    ]     Code Roots                      194 us
[12.964s][info   ][gc,stats    ]     CLDG                             32 us
[12.964s][info   ][gc,stats    ]     Exception Caches                  1 us
[12.964s][info   ][gc,stats    ] Pause Final Roots (G)              1382 us
[12.964s][info   ][gc,stats    ] Pause Final Roots (N)                51 us
[12.964s][info   ][gc,stats    ] Pacing                            23715 us
[12.964s][info   ][gc,stats    ] 
[12.964s][info   ][gc,stats    ] Allocation pacing accrued:
[12.964s][info   ][gc,stats    ]       3 of    48 ms (  5.8%): Thread-5
[12.964s][info   ][gc,stats    ]      10 of    48 ms ( 21.4%): Thread-6
[12.964s][info   ][gc,stats    ]      11 of    48 ms ( 22.2%): Thread-7
[12.964s][info   ][gc,stats    ]      24 of    48 ms ( 49.4%): <total>
[12.964s][info   ][gc,stats    ]       1 of    48 ms (  2.6%): <average total>
[12.964s][info   ][gc,stats    ]       8 of    48 ms ( 16.5%): <average non-zero>
[12.964s][info   ][gc,stats    ] 
[12.964s][info   ][gc,metaspace] Metaspace: 213K(448K)->213K(448K) NonClass: 204K(320K)->204K(320K) Class: 9K(128K)->9K(128K)
[12.964s][info   ][gc,ergo     ] Pacer for Idle. Initial: 41943K, Alloc Tax Rate: 1.0x
[12.972s][info   ][gc          ] Trigger: Average GC time (59.38 ms) is above the time for average allocation rate (15208 MB/s) to deplete free headroom (847M) (margin of error = 1.91)
[12.973s][info   ][gc,ergo     ] Free headroom: 950M (free) - 102M (spike) - 0B (penalties) = 847M
[12.973s][info   ][gc,ergo     ] Free: 950M, Max: 1024K regular, 384M humongous, Frag: 60% external, 0% internal; Reserve: 103M, Max: 1024K
[12.973s][info   ][gc,start    ] GC(187) Concurrent reset
[12.973s][info   ][gc,task     ] GC(187) Using 1 of 2 workers for concurrent reset
[12.973s][info   ][gc,ergo     ] GC(187) Pacer for Reset. Non-Taxable: 2048M
[12.980s][info   ][gc          ] GC(187) Concurrent reset 7.160ms
[12.981s][info   ][gc,start    ] GC(187) Pause Init Mark (unload classes)
[12.981s][info   ][gc,task     ] GC(187) Using 2 of 2 workers for init marking
[12.982s][info   ][gc,ergo     ] GC(187) Pacer for Mark. Expected Live: 204M, Free: 854M, Non-Taxable: 87482K, Alloc Tax Rate: 0.3x
[12.982s][info   ][gc          ] GC(187) Pause Init Mark (unload classes) 0.168ms
[12.982s][info   ][gc,start    ] GC(187) Concurrent marking roots
[12.982s][info   ][gc,task     ] GC(187) Using 1 of 2 workers for concurrent marking roots
[12.982s][info   ][gc          ] GC(187) Concurrent marking roots 0.572ms
[12.982s][info   ][gc,start    ] GC(187) Concurrent marking (unload classes)
[12.982s][info   ][gc,task     ] GC(187) Using 1 of 2 workers for concurrent marking
[13.001s][info   ][gc          ] GC(187) Concurrent marking (unload classes) 19.107ms
[13.003s][info   ][gc,start    ] GC(187) Pause Final Mark (unload classes)
[13.003s][info   ][gc,task     ] GC(187) Using 2 of 2 workers for final marking
[13.005s][info   ][gc,ergo     ] GC(187) Collectable Garbage: 340M (98%), Immediate: 340M (98%), CSet: 0B (0%)
[13.005s][info   ][gc          ] GC(187) Pause Final Mark (unload classes) 2.040ms
[13.008s][info   ][gc,start    ] GC(187) Concurrent weak references
[13.008s][info   ][gc,task     ] GC(187) Using 1 of 2 workers for concurrent weak references
[13.008s][info   ][gc,ref      ] GC(187) Encountered references: Soft: 11, Weak: 37, Final: 0, Phantom: 5
[13.008s][info   ][gc,ref      ] GC(187) Discovered  references: Soft: 0, Weak: 11, Final: 0, Phantom: 5
[13.008s][info   ][gc,ref      ] GC(187) Enqueued    references: Soft: 0, Weak: 0, Final: 0, Phantom: 0
[13.008s][info   ][gc          ] GC(187) Concurrent weak references 0.224ms
[13.008s][info   ][gc,start    ] GC(187) Concurrent weak roots
[13.008s][info   ][gc,task     ] GC(187) Using 1 of 2 workers for concurrent weak root
[13.013s][info   ][gc          ] GC(187) Concurrent weak roots 5.269ms
[13.013s][info   ][gc,start    ] GC(187) Concurrent cleanup
[13.014s][info   ][gc          ] GC(187) Concurrent cleanup 760M->425M(2048M) 0.622ms
[13.014s][info   ][gc,ergo     ] GC(187) Free: 1098M, Max: 1024K regular, 384M humongous, Frag: 66% external, 0% internal; Reserve: 103M, Max: 1024K
[13.014s][info   ][gc,start    ] GC(187) Concurrent class unloading
[13.014s][info   ][gc,task     ] GC(187) Using 1 of 2 workers for concurrent class unloading
[13.017s][info   ][gc          ] GC(187) Concurrent class unloading 3.232ms
[13.018s][info   ][gc,start    ] GC(187) Pause Final Roots
[13.018s][info   ][gc          ] GC(187) Pause Final Roots 0.024ms
[13.019s][info   ][gc,ergo     ] Free: 1044M, Max: 1024K regular, 384M humongous, Frag: 64% external, 0% internal; Reserve: 103M, Max: 1024K
[13.019s][info   ][gc,stats    ] 
[13.019s][info   ][gc,stats    ] All times are wall-clock times, except per-root-class counters, that are sum over
[13.019s][info   ][gc,stats    ] all workers. Dividing the <total> over the root stage time estimates parallelism.
[13.019s][info   ][gc,stats    ] 
[13.019s][info   ][gc,stats    ] Concurrent Reset                   7299 us
[13.019s][info   ][gc,stats    ] Pause Init Mark (G)                1702 us
[13.019s][info   ][gc,stats    ] Pause Init Mark (N)                 177 us
[13.019s][info   ][gc,stats    ]   Update Region States               61 us
[13.019s][info   ][gc,stats    ] Concurrent Mark Roots               618 us, parallelism: 0.73x
[13.019s][info   ][gc,stats    ]   CMR: <total>                      454 us
[13.019s][info   ][gc,stats    ]   CMR: Thread Roots                 384 us, workers (us): 384, ---, 
[13.019s][info   ][gc,stats    ]   CMR: VM Strong Roots               10 us, workers (us):  10, ---, 
[13.019s][info   ][gc,stats    ]   CMR: CLDG Roots                    60 us, workers (us):  60, ---, 
[13.019s][info   ][gc,stats    ] Concurrent Marking                19293 us
[13.019s][info   ][gc,stats    ] Pause Final Mark (G)               6084 us
[13.019s][info   ][gc,stats    ] Pause Final Mark (N)               2050 us
[13.019s][info   ][gc,stats    ]   Finish Mark                      1801 us
[13.019s][info   ][gc,stats    ]   Update Region States               47 us
[13.019s][info   ][gc,stats    ]   Choose Collection Set             136 us
[13.019s][info   ][gc,stats    ]   Rebuild Free Set                   11 us
[13.019s][info   ][gc,stats    ] Concurrent Weak References          240 us, parallelism: 0.08x
[13.019s][info   ][gc,stats    ]   CWRF: <total>                      20 us
[13.019s][info   ][gc,stats    ]   CWRF: Weak References              20 us, workers (us):  20, ---, 
[13.019s][info   ][gc,stats    ] Concurrent Weak Roots              5432 us
[13.019s][info   ][gc,stats    ]   Roots                             340 us, parallelism: 0.85x
[13.019s][info   ][gc,stats    ]     CWR: <total>                    288 us
[13.019s][info   ][gc,stats    ]     CWR: Code Cache Roots           211 us, workers (us): 211, ---, 
[13.019s][info   ][gc,stats    ]     CWR: VM Weak Roots               73 us, workers (us):  73, ---, 
[13.019s][info   ][gc,stats    ]     CWR: CLDG Roots                   4 us, workers (us):   4, ---, 
[13.019s][info   ][gc,stats    ]   Rendezvous                       4908 us
[13.019s][info   ][gc,stats    ] Concurrent Cleanup                  644 us
[13.019s][info   ][gc,stats    ] Concurrent Class Unloading         3358 us
[13.019s][info   ][gc,stats    ]   Unlink Stale                      454 us
[13.019s][info   ][gc,stats    ]     System Dictionary                14 us
[13.019s][info   ][gc,stats    ]     Weak Class Links                  1 us
[13.019s][info   ][gc,stats    ]     Code Roots                      434 us
[13.019s][info   ][gc,stats    ]   Rendezvous                       2611 us
[13.019s][info   ][gc,stats    ]   Purge Unlinked                     87 us
[13.019s][info   ][gc,stats    ]     Code Roots                       52 us
[13.019s][info   ][gc,stats    ]     CLDG                             32 us
[13.019s][info   ][gc,stats    ]     Exception Caches                  1 us
[13.019s][info   ][gc,stats    ] Pause Final Roots (G)               983 us
[13.019s][info   ][gc,stats    ] Pause Final Roots (N)                32 us
[13.019s][info   ][gc,stats    ] 
[13.019s][info   ][gc,stats    ] Allocation pacing accrued:
[13.019s][info   ][gc,stats    ]       0 of    55 ms (  0.0%): <total>
[13.019s][info   ][gc,stats    ]       0 of    55 ms (  0.0%): <average total>
[13.019s][info   ][gc,stats    ] 
[13.019s][info   ][gc,metaspace] Metaspace: 213K(448K)->213K(448K) NonClass: 204K(320K)->204K(320K) Class: 9K(128K)->9K(128K)
[13.019s][info   ][gc,ergo     ] Pacer for Idle. Initial: 41943K, Alloc Tax Rate: 1.0x
[13.026s][info   ][gc          ] Trigger: Average GC time (55.57 ms) is above the time for average allocation rate (15222 MB/s) to deplete free headroom (839M) (margin of error = 1.92)
[13.026s][info   ][gc,ergo     ] Free headroom: 942M (free) - 102M (spike) - 0B (penalties) = 839M
[13.026s][info   ][gc,ergo     ] Free: 936M, Max: 1024K regular, 384M humongous, Frag: 59% external, 0% internal; Reserve: 103M, Max: 1024K
[13.027s][info   ][gc,start    ] GC(188) Concurrent reset
[13.027s][info   ][gc,task     ] GC(188) Using 1 of 2 workers for concurrent reset
[13.027s][info   ][gc,ergo     ] GC(188) Pacer for Reset. Non-Taxable: 2048M
[13.037s][info   ][gc          ] GC(188) Concurrent reset 10.285ms
[13.038s][info   ][gc,start    ] GC(188) Pause Init Mark (unload classes)
[13.038s][info   ][gc,task     ] GC(188) Using 2 of 2 workers for init marking
[13.038s][info   ][gc,ergo     ] GC(188) Pacer for Mark. Expected Live: 199M, Free: 788M, Non-Taxable: 80723K, Alloc Tax Rate: 0.3x
[13.038s][info   ][gc          ] GC(188) Pause Init Mark (unload classes) 0.088ms
[13.039s][info   ][gc,start    ] GC(188) Concurrent marking roots
[13.039s][info   ][gc,task     ] GC(188) Using 1 of 2 workers for concurrent marking roots
[13.041s][info   ][gc          ] GC(188) Concurrent marking roots 2.720ms
[13.041s][info   ][gc,start    ] GC(188) Concurrent marking (unload classes)
[13.041s][info   ][gc,task     ] GC(188) Using 1 of 2 workers for concurrent marking
[13.062s][info   ][gc          ] GC(188) Concurrent marking (unload classes) 20.991ms
[13.063s][info   ][gc,start    ] GC(188) Pause Final Mark (unload classes)
[13.063s][info   ][gc,task     ] GC(188) Using 2 of 2 workers for final marking
[13.065s][info   ][gc,ergo     ] GC(188) Collectable Garbage: 396M (98%), Immediate: 396M (98%), CSet: 0B (0%)
[13.065s][info   ][gc          ] GC(188) Pause Final Mark (unload classes) 1.272ms
[13.065s][info   ][gc,start    ] GC(188) Concurrent weak references
[13.065s][info   ][gc,task     ] GC(188) Using 1 of 2 workers for concurrent weak references
[13.065s][info   ][gc,ref      ] GC(188) Encountered references: Soft: 11, Weak: 37, Final: 0, Phantom: 5
[13.065s][info   ][gc,ref      ] GC(188) Discovered  references: Soft: 0, Weak: 11, Final: 0, Phantom: 5
[13.065s][info   ][gc,ref      ] GC(188) Enqueued    references: Soft: 0, Weak: 0, Final: 0, Phantom: 0
[13.065s][info   ][gc          ] GC(188) Concurrent weak references 0.068ms
[13.065s][info   ][gc,start    ] GC(188) Concurrent weak roots
[13.065s][info   ][gc,task     ] GC(188) Using 1 of 2 workers for concurrent weak root
[13.073s][info   ][gc          ] GC(188) Concurrent weak roots 8.111ms
[13.073s][info   ][gc,start    ] GC(188) Concurrent cleanup
[13.074s][info   ][gc          ] GC(188) Concurrent cleanup 825M->433M(2048M) 0.665ms
[13.074s][info   ][gc,ergo     ] GC(188) Free: 1084M, Max: 1024K regular, 296M humongous, Frag: 73% external, 0% internal; Reserve: 103M, Max: 1024K
[13.074s][info   ][gc,start    ] GC(188) Concurrent class unloading
[13.074s][info   ][gc,task     ] GC(188) Using 1 of 2 workers for concurrent class unloading
[13.086s][info   ][gc          ] GC(188) Concurrent class unloading 12.085ms
[13.086s][info   ][gc,start    ] GC(188) Pause Final Roots
[13.086s][info   ][gc          ] GC(188) Pause Final Roots 0.015ms
[13.086s][info   ][gc,ergo     ] Free: 922M, Max: 1024K regular, 296M humongous, Frag: 68% external, 0% internal; Reserve: 103M, Max: 1024K
[13.086s][info   ][gc,stats    ] 
[13.086s][info   ][gc,stats    ] All times are wall-clock times, except per-root-class counters, that are sum over
[13.086s][info   ][gc,stats    ] all workers. Dividing the <total> over the root stage time estimates parallelism.
[13.086s][info   ][gc,stats    ] 
[13.086s][info   ][gc,stats    ] Concurrent Reset                  10448 us
[13.087s][info   ][gc,stats    ] Pause Init Mark (G)                1528 us
[13.087s][info   ][gc,stats    ] Pause Init Mark (N)                  96 us
[13.087s][info   ][gc,stats    ]   Update Region States               38 us
[13.087s][info   ][gc,stats    ] Concurrent Mark Roots              2789 us, parallelism: 0.95x
[13.087s][info   ][gc,stats    ]   CMR: <total>                     2651 us
[13.087s][info   ][gc,stats    ]   CMR: Thread Roots                2596 us, workers (us): 2596, ---, 
[13.087s][info   ][gc,stats    ]   CMR: VM Strong Roots                9 us, workers (us):   9, ---, 
[13.087s][info   ][gc,stats    ]   CMR: CLDG Roots                    46 us, workers (us):  46, ---, 
[13.087s][info   ][gc,stats    ] Concurrent Marking                21189 us
[13.087s][info   ][gc,stats    ] Pause Final Mark (G)               2277 us
[13.087s][info   ][gc,stats    ] Pause Final Mark (N)               1282 us
[13.087s][info   ][gc,stats    ]   Finish Mark                       921 us
[13.087s][info   ][gc,stats    ]   Update Region States              150 us
[13.087s][info   ][gc,stats    ]   Choose Collection Set             144 us
[13.087s][info   ][gc,stats    ]   Rebuild Free Set                   11 us
[13.087s][info   ][gc,stats    ] Concurrent Weak References           75 us, parallelism: 0.08x
[13.087s][info   ][gc,stats    ]   CWRF: <total>                       6 us
[13.087s][info   ][gc,stats    ]   CWRF: Weak References               6 us, workers (us):   6, ---, 
[13.087s][info   ][gc,stats    ] Concurrent Weak Roots              8569 us
[13.087s][info   ][gc,stats    ]   Roots                              80 us, parallelism: 0.71x
[13.087s][info   ][gc,stats    ]     CWR: <total>                     57 us
[13.087s][info   ][gc,stats    ]     CWR: Code Cache Roots            28 us, workers (us):  28, ---, 
[13.087s][info   ][gc,stats    ]     CWR: VM Weak Roots               27 us, workers (us):  27, ---, 
[13.087s][info   ][gc,stats    ]     CWR: CLDG Roots                   2 us, workers (us):   2, ---, 
[13.087s][info   ][gc,stats    ]   Rendezvous                       7999 us
[13.087s][info   ][gc,stats    ] Concurrent Cleanup                  689 us
[13.087s][info   ][gc,stats    ] Concurrent Class Unloading        12169 us
[13.087s][info   ][gc,stats    ]   Unlink Stale                     3444 us
[13.087s][info   ][gc,stats    ]     System Dictionary                14 us
[13.087s][info   ][gc,stats    ]     Weak Class Links                  1 us
[13.087s][info   ][gc,stats    ]     Code Roots                     3422 us
[13.087s][info   ][gc,stats    ]   Rendezvous                       4003 us
[13.087s][info   ][gc,stats    ]   Purge Unlinked                   4579 us
[13.087s][info   ][gc,stats    ]     Code Roots                     4527 us
[13.087s][info   ][gc,stats    ]     CLDG                             47 us
[13.087s][info   ][gc,stats    ]     Exception Caches                  1 us
[13.087s][info   ][gc,stats    ] Pause Final Roots (G)                85 us
[13.087s][info   ][gc,stats    ] Pause Final Roots (N)                23 us
[13.087s][info   ][gc,stats    ] 
[13.087s][info   ][gc,stats    ] Allocation pacing accrued:
[13.087s][info   ][gc,stats    ]       0 of    68 ms (  0.0%): <total>
[13.087s][info   ][gc,stats    ]       0 of    68 ms (  0.0%): <average total>
[13.087s][info   ][gc,stats    ] 
[13.087s][info   ][gc,metaspace] Metaspace: 213K(448K)->213K(448K) NonClass: 204K(320K)->204K(320K) Class: 9K(128K)->9K(128K)
[13.087s][info   ][gc,ergo     ] Pacer for Idle. Initial: 41943K, Alloc Tax Rate: 1.0x
[13.088s][info   ][gc          ] Trigger: Average GC time (68.48 ms) is above the time for average allocation rate (15241 MB/s) to deplete free headroom (815M) (margin of error = 1.94)
[13.088s][info   ][gc,ergo     ] Free headroom: 918M (free) - 102M (spike) - 0B (penalties) = 815M
[13.088s][info   ][gc,ergo     ] Free: 916M, Max: 1024K regular, 296M humongous, Frag: 68% external, 0% internal; Reserve: 103M, Max: 1024K
[13.089s][info   ][gc,start    ] GC(189) Concurrent reset
[13.089s][info   ][gc,task     ] GC(189) Using 1 of 2 workers for concurrent reset
[13.089s][info   ][gc,ergo     ] GC(189) Pacer for Reset. Non-Taxable: 2048M
[13.090s][info   ][gc          ] GC(189) Concurrent reset 1.674ms
[13.093s][info   ][gc,start    ] GC(189) Pause Init Mark (unload classes)
[13.093s][info   ][gc,task     ] GC(189) Using 2 of 2 workers for init marking
[13.093s][info   ][gc,ergo     ] GC(189) Pacer for Mark. Expected Live: 199M, Free: 878M, Non-Taxable: 89939K, Alloc Tax Rate: 0.3x
[13.093s][info   ][gc          ] GC(189) Pause Init Mark (unload classes) 0.175ms
[13.093s][info   ][gc,start    ] GC(189) Concurrent marking roots
[13.093s][info   ][gc,task     ] GC(189) Using 1 of 2 workers for concurrent marking roots
[13.096s][info   ][gc          ] GC(189) Concurrent marking roots 2.485ms
[13.096s][info   ][gc,start    ] GC(189) Concurrent marking (unload classes)
[13.096s][info   ][gc,task     ] GC(189) Using 1 of 2 workers for concurrent marking
[13.101s][info   ][gc          ] GC(189) Concurrent marking (unload classes) 5.253ms
[13.101s][info   ][gc,start    ] GC(189) Pause Final Mark (unload classes)
[13.101s][info   ][gc,task     ] GC(189) Using 2 of 2 workers for final marking
[13.101s][info   ][gc,ergo     ] GC(189) Collectable Garbage: 363M (98%), Immediate: 363M (98%), CSet: 0B (0%)
[13.101s][info   ][gc          ] GC(189) Pause Final Mark (unload classes) 0.289ms
[13.101s][info   ][gc,start    ] GC(189) Concurrent weak references
[13.101s][info   ][gc,task     ] GC(189) Using 1 of 2 workers for concurrent weak references
[13.101s][info   ][gc,ref      ] GC(189) Encountered references: Soft: 11, Weak: 37, Final: 0, Phantom: 5
[13.101s][info   ][gc,ref      ] GC(189) Discovered  references: Soft: 0, Weak: 11, Final: 0, Phantom: 5
[13.101s][info   ][gc,ref      ] GC(189) Enqueued    references: Soft: 0, Weak: 0, Final: 0, Phantom: 0
[13.101s][info   ][gc          ] GC(189) Concurrent weak references 0.114ms
[13.101s][info   ][gc,start    ] GC(189) Concurrent weak roots
[13.101s][info   ][gc,task     ] GC(189) Using 1 of 2 workers for concurrent weak root
[13.102s][info   ][gc          ] GC(189) Concurrent weak roots 0.210ms
[13.102s][info   ][gc,start    ] GC(189) Concurrent cleanup
[13.102s][info   ][gc          ] GC(189) Concurrent cleanup 583M->220M(2048M) 0.418ms
[13.102s][info   ][gc,ergo     ] GC(189) Free: 1510M, Max: 1024K regular, 298M humongous, Frag: 81% external, 0% internal; Reserve: 103M, Max: 1024K
[13.102s][info   ][gc,start    ] GC(189) Concurrent class unloading
[13.102s][info   ][gc,task     ] GC(189) Using 1 of 2 workers for concurrent class unloading
[13.102s][info   ][gc          ] GC(189) Concurrent class unloading 0.364ms
[13.103s][info   ][gc,start    ] GC(189) Pause Final Roots
[13.103s][info   ][gc          ] GC(189) Pause Final Roots 0.021ms
[13.103s][info   ][gc,ergo     ] Free: 1510M, Max: 1024K regular, 298M humongous, Frag: 81% external, 0% internal; Reserve: 103M, Max: 1024K
[13.103s][info   ][gc,stats    ] 
[13.103s][info   ][gc,stats    ] All times are wall-clock times, except per-root-class counters, that are sum over
[13.103s][info   ][gc,stats    ] all workers. Dividing the <total> over the root stage time estimates parallelism.
[13.103s][info   ][gc,stats    ] 
[13.103s][info   ][gc,stats    ] Concurrent Reset                   1732 us
[13.103s][info   ][gc,stats    ] Pause Init Mark (G)                2710 us
[13.103s][info   ][gc,stats    ] Pause Init Mark (N)                 183 us
[13.103s][info   ][gc,stats    ]   Update Region States              106 us
[13.103s][info   ][gc,stats    ] Concurrent Mark Roots              2572 us, parallelism: 0.12x
[13.103s][info   ][gc,stats    ]   CMR: <total>                      299 us
[13.103s][info   ][gc,stats    ]   CMR: Thread Roots                 227 us, workers (us): 227, ---, 
[13.103s][info   ][gc,stats    ]   CMR: VM Strong Roots                7 us, workers (us):   7, ---, 
[13.103s][info   ][gc,stats    ]   CMR: CLDG Roots                    65 us, workers (us):  65, ---, 
[13.103s][info   ][gc,stats    ] Concurrent Marking                 5307 us
[13.103s][info   ][gc,stats    ] Pause Final Mark (G)                385 us
[13.103s][info   ][gc,stats    ] Pause Final Mark (N)                298 us
[13.103s][info   ][gc,stats    ]   Finish Mark                        56 us
[13.103s][info   ][gc,stats    ]   Update Region States               46 us
[13.103s][info   ][gc,stats    ]   Choose Collection Set             138 us
[13.103s][info   ][gc,stats    ]   Rebuild Free Set                   13 us
[13.103s][info   ][gc,stats    ] Concurrent Weak References          121 us, parallelism: 0.02x
[13.103s][info   ][gc,stats    ]   CWRF: <total>                       2 us
[13.103s][info   ][gc,stats    ]   CWRF: Weak References               2 us, workers (us):   2, ---, 
[13.103s][info   ][gc,stats    ] Concurrent Weak Roots               221 us
[13.103s][info   ][gc,stats    ]   Roots                             127 us, parallelism: 0.43x
[13.103s][info   ][gc,stats    ]     CWR: <total>                     55 us
[13.103s][info   ][gc,stats    ]     CWR: Code Cache Roots            29 us, workers (us):  29, ---, 
[13.103s][info   ][gc,stats    ]     CWR: VM Weak Roots               24 us, workers (us):  24, ---, 
[13.103s][info   ][gc,stats    ]     CWR: CLDG Roots                   2 us, workers (us):   2, ---, 
[13.103s][info   ][gc,stats    ]   Rendezvous                         68 us
[13.103s][info   ][gc,stats    ] Concurrent Cleanup                  436 us
[13.103s][info   ][gc,stats    ] Concurrent Class Unloading          382 us
[13.103s][info   ][gc,stats    ]   Unlink Stale                      181 us
[13.103s][info   ][gc,stats    ]     System Dictionary                 4 us
[13.103s][info   ][gc,stats    ]     Weak Class Links                  1 us
[13.103s][info   ][gc,stats    ]     Code Roots                      174 us
[13.103s][info   ][gc,stats    ]   Rendezvous                         71 us
[13.103s][info   ][gc,stats    ]   Purge Unlinked                     94 us
[13.103s][info   ][gc,stats    ]     Code Roots                       70 us
[13.103s][info   ][gc,stats    ]     CLDG                             22 us
[13.103s][info   ][gc,stats    ]     Exception Caches                  1 us
[13.103s][info   ][gc,stats    ] Pause Final Roots (G)               122 us
[13.103s][info   ][gc,stats    ] Pause Final Roots (N)                31 us
[13.103s][info   ][gc,stats    ] Pacing                            61573 us
[13.103s][info   ][gc,stats    ] 
[13.103s][info   ][gc,stats    ] Allocation pacing accrued:
[13.103s][info   ][gc,stats    ]      13 of    16 ms ( 80.2%): Thread-0
[13.103s][info   ][gc,stats    ]      13 of    16 ms ( 80.2%): Thread-1
[13.103s][info   ][gc,stats    ]      13 of    16 ms ( 78.2%): Thread-3
[13.103s][info   ][gc,stats    ]      11 of    16 ms ( 65.8%): Thread-6
[13.103s][info   ][gc,stats    ]      12 of    16 ms ( 76.2%): Thread-7
[13.103s][info   ][gc,stats    ]      62 of    16 ms (380.7%): <total>
[13.103s][info   ][gc,stats    ]       3 of    16 ms ( 20.0%): <average total>
[13.103s][info   ][gc,stats    ]      12 of    16 ms ( 76.1%): <average non-zero>
[13.103s][info   ][gc,stats    ] 
[13.103s][info   ][gc,metaspace] Metaspace: 213K(448K)->213K(448K) NonClass: 204K(320K)->204K(320K) Class: 9K(128K)->9K(128K)
[13.103s][info   ][gc,ergo     ] Pacer for Idle. Initial: 41943K, Alloc Tax Rate: 1.0x
[13.132s][info   ][gc          ] Trigger: Average GC time (72.09 ms) is above the time for average allocation rate (15218 MB/s) to deplete free headroom (1073M) (margin of error = 1.92)
[13.132s][info   ][gc,ergo     ] Free headroom: 1176M (free) - 102M (spike) - 0B (penalties) = 1073M
[13.132s][info   ][gc,ergo     ] Free: 1174M, Max: 1024K regular, 298M humongous, Frag: 75% external, 0% internal; Reserve: 103M, Max: 1024K
[13.132s][info   ][gc,start    ] GC(190) Concurrent reset
[13.132s][info   ][gc,task     ] GC(190) Using 1 of 2 workers for concurrent reset
[13.132s][info   ][gc,ergo     ] GC(190) Pacer for Reset. Non-Taxable: 2048M
[13.143s][info   ][gc          ] GC(190) Concurrent reset 10.567ms
[13.144s][info   ][gc,start    ] GC(190) Pause Init Mark (unload classes)
[13.144s][info   ][gc,task     ] GC(190) Using 2 of 2 workers for init marking
[13.144s][info   ][gc,ergo     ] GC(190) Pacer for Mark. Expected Live: 195M, Free: 1032M, Non-Taxable: 103M, Alloc Tax Rate: 0.2x
[13.144s][info   ][gc          ] GC(190) Pause Init Mark (unload classes) 0.125ms
[13.144s][info   ][gc,start    ] GC(190) Concurrent marking roots
[13.144s][info   ][gc,task     ] GC(190) Using 1 of 2 workers for concurrent marking roots
[13.150s][info   ][gc          ] GC(190) Concurrent marking roots 5.193ms
[13.150s][info   ][gc,start    ] GC(190) Concurrent marking (unload classes)
[13.150s][info   ][gc,task     ] GC(190) Using 1 of 2 workers for concurrent marking
[13.168s][info   ][gc          ] GC(190) Concurrent marking (unload classes) 17.894ms
[13.169s][info   ][gc,start    ] GC(190) Pause Final Mark (unload classes)
[13.169s][info   ][gc,task     ] GC(190) Using 2 of 2 workers for final marking
[13.169s][info   ][gc,ergo     ] GC(190) Collectable Garbage: 301M (97%), Immediate: 301M (97%), CSet: 0B (0%)
[13.169s][info   ][gc          ] GC(190) Pause Final Mark (unload classes) 0.523ms
[13.170s][info   ][gc,start    ] GC(190) Concurrent weak references
[13.170s][info   ][gc,task     ] GC(190) Using 1 of 2 workers for concurrent weak references
[13.175s][info   ][gc,ref      ] GC(190) Encountered references: Soft: 11, Weak: 37, Final: 0, Phantom: 5
[13.175s][info   ][gc,ref      ] GC(190) Discovered  references: Soft: 0, Weak: 11, Final: 0, Phantom: 5
[13.175s][info   ][gc,ref      ] GC(190) Enqueued    references: Soft: 0, Weak: 0, Final: 0, Phantom: 0
[13.175s][info   ][gc          ] GC(190) Concurrent weak references 5.357ms
[13.175s][info   ][gc,start    ] GC(190) Concurrent weak roots
[13.175s][info   ][gc,task     ] GC(190) Using 1 of 2 workers for concurrent weak root
[13.182s][info   ][gc          ] GC(190) Concurrent weak roots 7.538ms
[13.183s][info   ][gc,start    ] GC(190) Concurrent cleanup
[13.183s][info   ][gc          ] GC(190) Concurrent cleanup 732M->434M(2048M) 0.505ms
[13.183s][info   ][gc,ergo     ] GC(190) Free: 1082M, Max: 1024K regular, 406M humongous, Frag: 63% external, 0% internal; Reserve: 103M, Max: 1024K
[13.183s][info   ][gc,start    ] GC(190) Concurrent class unloading
[13.183s][info   ][gc,task     ] GC(190) Using 1 of 2 workers for concurrent class unloading
[13.190s][info   ][gc          ] GC(190) Concurrent class unloading 6.628ms
[13.191s][info   ][gc,start    ] GC(190) Pause Final Roots
[13.191s][info   ][gc          ] GC(190) Pause Final Roots 0.028ms
[13.193s][info   ][gc,ergo     ] Free: 948M, Max: 1024K regular, 406M humongous, Frag: 58% external, 0% internal; Reserve: 103M, Max: 1024K
[13.194s][info   ][gc,stats    ] 
[13.194s][info   ][gc,stats    ] All times are wall-clock times, except per-root-class counters, that are sum over
[13.194s][info   ][gc,stats    ] all workers. Dividing the <total> over the root stage time estimates parallelism.
[13.194s][info   ][gc,stats    ] 
[13.194s][info   ][gc,stats    ] Concurrent Reset                  10708 us
[13.194s][info   ][gc,stats    ] Pause Init Mark (G)                1474 us
[13.194s][info   ][gc,stats    ] Pause Init Mark (N)                 135 us
[13.194s][info   ][gc,stats    ]   Update Region States               64 us
[13.194s][info   ][gc,stats    ] Concurrent Mark Roots              5412 us, parallelism: 0.05x
[13.194s][info   ][gc,stats    ]   CMR: <total>                      297 us
[13.194s][info   ][gc,stats    ]   CMR: Thread Roots                 171 us, workers (us): 171, ---, 
[13.194s][info   ][gc,stats    ]   CMR: VM Strong Roots               25 us, workers (us):  25, ---, 
[13.194s][info   ][gc,stats    ]   CMR: CLDG Roots                   101 us, workers (us): 101, ---, 
[13.194s][info   ][gc,stats    ] Concurrent Marking                18327 us
[13.194s][info   ][gc,stats    ] Pause Final Mark (G)               1400 us
[13.194s][info   ][gc,stats    ] Pause Final Mark (N)                548 us
[13.194s][info   ][gc,stats    ]   Finish Mark                       320 us
[13.194s][info   ][gc,stats    ]   Update Region States               47 us
[13.194s][info   ][gc,stats    ]   Choose Collection Set              98 us
[13.194s][info   ][gc,stats    ]   Rebuild Free Set                   10 us
[13.194s][info   ][gc,stats    ] Concurrent Weak References         5375 us, parallelism: 0.00x
[13.194s][info   ][gc,stats    ]   CWRF: <total>                      16 us
[13.194s][info   ][gc,stats    ]   CWRF: Weak References              16 us, workers (us):  16, ---, 
[13.194s][info   ][gc,stats    ] Concurrent Weak Roots              7694 us
[13.194s][info   ][gc,stats    ]   Roots                             230 us, parallelism: 0.71x
[13.194s][info   ][gc,stats    ]     CWR: <total>                    164 us
[13.194s][info   ][gc,stats    ]     CWR: Code Cache Roots            93 us, workers (us):  93, ---, 
[13.194s][info   ][gc,stats    ]     CWR: VM Weak Roots               67 us, workers (us):  67, ---, 
[13.194s][info   ][gc,stats    ]     CWR: CLDG Roots                   4 us, workers (us):   4, ---, 
[13.194s][info   ][gc,stats    ]   Rendezvous                       7273 us
[13.194s][info   ][gc,stats    ] Concurrent Cleanup                  519 us
[13.195s][info   ][gc,stats    ] Concurrent Class Unloading         6779 us
[13.195s][info   ][gc,stats    ]   Unlink Stale                      467 us
[13.195s][info   ][gc,stats    ]     System Dictionary                16 us
[13.195s][info   ][gc,stats    ]     Weak Class Links                  1 us
[13.195s][info   ][gc,stats    ]     Code Roots                      446 us
[13.195s][info   ][gc,stats    ]   Rendezvous                       6013 us
[13.195s][info   ][gc,stats    ]   Purge Unlinked                     96 us
[13.195s][info   ][gc,stats    ]     Code Roots                       68 us
[13.195s][info   ][gc,stats    ]     CLDG                             23 us
[13.195s][info   ][gc,stats    ]     Exception Caches                  1 us
[13.195s][info   ][gc,stats    ] Pause Final Roots (G)              3333 us
[13.195s][info   ][gc,stats    ] Pause Final Roots (N)                38 us
[13.195s][info   ][gc,stats    ] Pacing                           108850 us
[13.195s][info   ][gc,stats    ] 
[13.195s][info   ][gc,stats    ] Allocation pacing accrued:
[13.195s][info   ][gc,stats    ]      17 of    92 ms ( 18.6%): Thread-0
[13.195s][info   ][gc,stats    ]      14 of    92 ms ( 14.8%): Thread-1
[13.195s][info   ][gc,stats    ]      14 of    92 ms ( 15.0%): Thread-2
[13.195s][info   ][gc,stats    ]      14 of    92 ms ( 14.8%): Thread-3
[13.195s][info   ][gc,stats    ]      13 of    92 ms ( 14.5%): Thread-4
[13.195s][info   ][gc,stats    ]      10 of    92 ms ( 11.4%): Thread-5
[13.195s][info   ][gc,stats    ]      13 of    92 ms ( 14.6%): Thread-6
[13.195s][info   ][gc,stats    ]      14 of    92 ms ( 14.7%): Thread-7
[13.195s][info   ][gc,stats    ]     109 of    92 ms (118.4%): <total>
[13.195s][info   ][gc,stats    ]       6 of    92 ms (  6.2%): <average total>
[13.195s][info   ][gc,stats    ]      14 of    92 ms ( 14.8%): <average non-zero>
[13.195s][info   ][gc,stats    ] 
[13.195s][info   ][gc,metaspace] Metaspace: 213K(448K)->213K(448K) NonClass: 204K(320K)->204K(320K) Class: 9K(128K)->9K(128K)
[13.195s][info   ][gc,ergo     ] Pacer for Idle. Initial: 41943K, Alloc Tax Rate: 1.0x
[13.199s][info   ][gc          ] Trigger: Average GC time (85.64 ms) is above the time for average allocation rate (15231 MB/s) to deplete free headroom (773M) (margin of error = 1.93)
[13.199s][info   ][gc,ergo     ] Free headroom: 876M (free) - 102M (spike) - 0B (penalties) = 773M
[13.199s][info   ][gc,ergo     ] Free: 876M, Max: 1024K regular, 406M humongous, Frag: 54% external, 0% internal; Reserve: 103M, Max: 1024K
[13.199s][info   ][gc,start    ] GC(191) Concurrent reset
[13.199s][info   ][gc,task     ] GC(191) Using 1 of 2 workers for concurrent reset
[13.199s][info   ][gc,ergo     ] GC(191) Pacer for Reset. Non-Taxable: 2048M
[13.200s][info   ][gc          ] GC(191) Concurrent reset 1.591ms
[13.201s][info   ][gc,start    ] GC(191) Pause Init Mark (unload classes)
[13.201s][info   ][gc,task     ] GC(191) Using 2 of 2 workers for init marking
[13.201s][info   ][gc,ergo     ] GC(191) Pacer for Mark. Expected Live: 184M, Free: 860M, Non-Taxable: 88096K, Alloc Tax Rate: 0.3x
[13.201s][info   ][gc          ] GC(191) Pause Init Mark (unload classes) 0.135ms
[13.201s][info   ][gc,start    ] GC(191) Concurrent marking roots
[13.201s][info   ][gc,task     ] GC(191) Using 1 of 2 workers for concurrent marking roots
[13.205s][info   ][gc          ] GC(191) Concurrent marking roots 3.559ms
[13.205s][info   ][gc,start    ] GC(191) Concurrent marking (unload classes)
[13.205s][info   ][gc,task     ] GC(191) Using 1 of 2 workers for concurrent marking
[13.218s][info   ][gc          ] GC(191) Concurrent marking (unload classes) 13.235ms
[13.219s][info   ][gc,start    ] GC(191) Pause Final Mark (unload classes)
[13.219s][info   ][gc,task     ] GC(191) Using 2 of 2 workers for final marking
[13.219s][info   ][gc,ergo     ] GC(191) Collectable Garbage: 398M (98%), Immediate: 398M (98%), CSet: 0B (0%)
[13.219s][info   ][gc          ] GC(191) Pause Final Mark (unload classes) 0.570ms
[13.220s][info   ][gc,start    ] GC(191) Concurrent weak references
[13.220s][info   ][gc,task     ] GC(191) Using 1 of 2 workers for concurrent weak references
[13.220s][info   ][gc,ref      ] GC(191) Encountered references: Soft: 11, Weak: 37, Final: 0, Phantom: 5
[13.220s][info   ][gc,ref      ] GC(191) Discovered  references: Soft: 0, Weak: 11, Final: 0, Phantom: 5
[13.220s][info   ][gc,ref      ] GC(191) Enqueued    references: Soft: 0, Weak: 0, Final: 0, Phantom: 0
[13.220s][info   ][gc          ] GC(191) Concurrent weak references 0.081ms
[13.220s][info   ][gc,start    ] GC(191) Concurrent weak roots
[13.220s][info   ][gc,task     ] GC(191) Using 1 of 2 workers for concurrent weak root
[13.233s][info   ][gc          ] GC(191) Concurrent weak roots 13.788ms
[13.234s][info   ][gc,start    ] GC(191) Concurrent cleanup
[13.234s][info   ][gc          ] GC(191) Concurrent cleanup 766M->370M(2048M) 0.678ms
[13.234s][info   ][gc,ergo     ] GC(191) Free: 1210M, Max: 1024K regular, 406M humongous, Frag: 67% external, 0% internal; Reserve: 103M, Max: 1024K
[13.234s][info   ][gc,start    ] GC(191) Concurrent class unloading
[13.234s][info   ][gc,task     ] GC(191) Using 1 of 2 workers for concurrent class unloading
[13.239s][info   ][gc          ] GC(191) Concurrent class unloading 4.580ms
[13.240s][info   ][gc,start    ] GC(191) Pause Final Roots
[13.240s][info   ][gc          ] GC(191) Pause Final Roots 0.028ms
[13.241s][info   ][gc,ergo     ] Free: 1114M, Max: 1024K regular, 406M humongous, Frag: 64% external, 0% internal; Reserve: 103M, Max: 1024K
[13.241s][info   ][gc,stats    ] 
[13.241s][info   ][gc,stats    ] All times are wall-clock times, except per-root-class counters, that are sum over
[13.241s][info   ][gc,stats    ] all workers. Dividing the <total> over the root stage time estimates parallelism.
[13.241s][info   ][gc,stats    ] 
[13.241s][info   ][gc,stats    ] Concurrent Reset                   1635 us
[13.241s][info   ][gc,stats    ] Pause Init Mark (G)                 653 us
[13.241s][info   ][gc,stats    ] Pause Init Mark (N)                 144 us
[13.241s][info   ][gc,stats    ]   Update Region States               88 us
[13.241s][info   ][gc,stats    ] Concurrent Mark Roots              3597 us, parallelism: 0.07x
[13.241s][info   ][gc,stats    ]   CMR: <total>                      252 us
[13.241s][info   ][gc,stats    ]   CMR: Thread Roots                 192 us, workers (us): 192, ---, 
[13.241s][info   ][gc,stats    ]   CMR: VM Strong Roots                9 us, workers (us):   9, ---, 
[13.241s][info   ][gc,stats    ]   CMR: CLDG Roots                    51 us, workers (us):  51, ---, 
[13.241s][info   ][gc,stats    ] Concurrent Marking                13384 us
[13.241s][info   ][gc,stats    ] Pause Final Mark (G)               1408 us
[13.241s][info   ][gc,stats    ] Pause Final Mark (N)                579 us
[13.241s][info   ][gc,stats    ]   Finish Mark                       176 us
[13.241s][info   ][gc,stats    ]   Update Region States              167 us
[13.241s][info   ][gc,stats    ]   Choose Collection Set             164 us
[13.241s][info   ][gc,stats    ]   Rebuild Free Set                   10 us
[13.241s][info   ][gc,stats    ] Concurrent Weak References           89 us, parallelism: 0.07x
[13.241s][info   ][gc,stats    ]   CWRF: <total>                       7 us
[13.241s][info   ][gc,stats    ]   CWRF: Weak References               7 us, workers (us):   7, ---, 
[13.241s][info   ][gc,stats    ] Concurrent Weak Roots             13990 us
[13.241s][info   ][gc,stats    ]   Roots                             108 us, parallelism: 0.62x
[13.241s][info   ][gc,stats    ]     CWR: <total>                     67 us
[13.241s][info   ][gc,stats    ]     CWR: Code Cache Roots            35 us, workers (us):  35, ---, 
[13.241s][info   ][gc,stats    ]     CWR: VM Weak Roots               30 us, workers (us):  30, ---, 
[13.241s][info   ][gc,stats    ]     CWR: CLDG Roots                   2 us, workers (us):   2, ---, 
[13.241s][info   ][gc,stats    ]   Rendezvous                      13645 us
[13.241s][info   ][gc,stats    ] Concurrent Cleanup                  712 us
[13.241s][info   ][gc,stats    ] Concurrent Class Unloading         4796 us
[13.241s][info   ][gc,stats    ]   Unlink Stale                      564 us
[13.241s][info   ][gc,stats    ]     System Dictionary                15 us
[13.241s][info   ][gc,stats    ]     Weak Class Links                  1 us
[13.241s][info   ][gc,stats    ]     Code Roots                      542 us
[13.241s][info   ][gc,stats    ]   Rendezvous                       3740 us
[13.241s][info   ][gc,stats    ]   Purge Unlinked                    229 us
[13.241s][info   ][gc,stats    ]     Code Roots                      184 us
[13.241s][info   ][gc,stats    ]     CLDG                             41 us
[13.241s][info   ][gc,stats    ]     Exception Caches                  1 us
[13.241s][info   ][gc,stats    ] Pause Final Roots (G)              1786 us
[13.241s][info   ][gc,stats    ] Pause Final Roots (N)                36 us
[13.241s][info   ][gc,stats    ] Pacing                            46012 us
[13.241s][info   ][gc,stats    ] 
[13.241s][info   ][gc,stats    ] Allocation pacing accrued:
[13.241s][info   ][gc,stats    ]       8 of    47 ms ( 17.2%): Thread-0
[13.241s][info   ][gc,stats    ]       8 of    47 ms ( 16.8%): Thread-1
[13.241s][info   ][gc,stats    ]      11 of    47 ms ( 24.2%): Thread-2
[13.241s][info   ][gc,stats    ]      11 of    47 ms ( 23.2%): Thread-4
[13.241s][info   ][gc,stats    ]       8 of    47 ms ( 17.2%): Thread-7
[13.241s][info   ][gc,stats    ]      46 of    47 ms ( 98.7%): <total>
[13.242s][info   ][gc,stats    ]       2 of    47 ms (  5.2%): <average total>
[13.242s][info   ][gc,stats    ]       9 of    47 ms ( 19.7%): <average non-zero>
[13.242s][info   ][gc,stats    ] 
[13.242s][info   ][gc,metaspace] Metaspace: 213K(448K)->213K(448K) NonClass: 204K(320K)->204K(320K) Class: 9K(128K)->9K(128K)
[13.242s][info   ][gc,ergo     ] Pacer for Idle. Initial: 41943K, Alloc Tax Rate: 1.0x
[13.243s][info   ][gc          ] Trigger: Average GC time (72.29 ms) is above the time for average allocation rate (15231 MB/s) to deplete free headroom (989M) (margin of error = 1.93)
[13.243s][info   ][gc,ergo     ] Free headroom: 1092M (free) - 102M (spike) - 0B (penalties) = 989M
[13.243s][info   ][gc,ergo     ] Free: 1088M, Max: 1024K regular, 406M humongous, Frag: 63% external, 0% internal; Reserve: 103M, Max: 1024K
[13.243s][info   ][gc,start    ] GC(192) Concurrent reset
[13.243s][info   ][gc,task     ] GC(192) Using 1 of 2 workers for concurrent reset
[13.243s][info   ][gc,ergo     ] GC(192) Pacer for Reset. Non-Taxable: 2048M
[13.256s][info   ][gc          ] GC(192) Concurrent reset 13.164ms
[13.257s][info   ][gc,start    ] GC(192) Pause Init Mark (unload classes)
[13.257s][info   ][gc,task     ] GC(192) Using 2 of 2 workers for init marking
[13.258s][info   ][gc,ergo     ] GC(192) Pacer for Mark. Expected Live: 168M, Free: 902M, Non-Taxable: 92397K, Alloc Tax Rate: 0.2x
[13.258s][info   ][gc          ] GC(192) Pause Init Mark (unload classes) 0.377ms
[13.258s][info   ][gc,start    ] GC(192) Concurrent marking roots
[13.258s][info   ][gc,task     ] GC(192) Using 1 of 2 workers for concurrent marking roots
[13.258s][info   ][gc          ] GC(192) Concurrent marking roots 0.336ms
[13.258s][info   ][gc,start    ] GC(192) Concurrent marking (unload classes)
[13.258s][info   ][gc,task     ] GC(192) Using 1 of 2 workers for concurrent marking
[13.280s][info   ][gc          ] GC(192) Concurrent marking (unload classes) 22.014ms
[13.281s][info   ][gc,start    ] GC(192) Pause Final Mark (unload classes)
[13.281s][info   ][gc,task     ] GC(192) Using 2 of 2 workers for final marking
[13.281s][info   ][gc,ergo     ] GC(192) Collectable Garbage: 375M (98%), Immediate: 375M (98%), CSet: 0B (0%)
[13.281s][info   ][gc          ] GC(192) Pause Final Mark (unload classes) 0.380ms
[13.281s][info   ][gc,start    ] GC(192) Concurrent weak references
[13.281s][info   ][gc,task     ] GC(192) Using 1 of 2 workers for concurrent weak references
[13.281s][info   ][gc,ref      ] GC(192) Encountered references: Soft: 11, Weak: 37, Final: 0, Phantom: 5
[13.281s][info   ][gc,ref      ] GC(192) Discovered  references: Soft: 0, Weak: 11, Final: 0, Phantom: 5
[13.281s][info   ][gc,ref      ] GC(192) Enqueued    references: Soft: 0, Weak: 0, Final: 0, Phantom: 0
[13.281s][info   ][gc          ] GC(192) Concurrent weak references 0.125ms
[13.281s][info   ][gc,start    ] GC(192) Concurrent weak roots
[13.282s][info   ][gc,task     ] GC(192) Using 1 of 2 workers for concurrent weak root
[13.290s][info   ][gc          ] GC(192) Concurrent weak roots 8.606ms
[13.290s][info   ][gc,start    ] GC(192) Concurrent cleanup
[13.291s][info   ][gc          ] GC(192) Concurrent cleanup 762M->397M(2048M) 1.012ms
[13.291s][info   ][gc,ergo     ] GC(192) Free: 1154M, Max: 1024K regular, 434M humongous, Frag: 63% external, 0% internal; Reserve: 103M, Max: 1024K
[13.291s][info   ][gc,start    ] GC(192) Concurrent class unloading
[13.292s][info   ][gc,task     ] GC(192) Using 1 of 2 workers for concurrent class unloading
[13.298s][info   ][gc          ] GC(192) Concurrent class unloading 6.750ms
[13.300s][info   ][gc,start    ] GC(192) Pause Final Roots
[13.300s][info   ][gc          ] GC(192) Pause Final Roots 0.030ms
[13.306s][info   ][gc,ergo     ] Free: 956M, Max: 1024K regular, 434M humongous, Frag: 55% external, 0% internal; Reserve: 103M, Max: 1024K
[13.306s][info   ][gc,stats    ] 
[13.306s][info   ][gc,stats    ] All times are wall-clock times, except per-root-class counters, that are sum over
[13.306s][info   ][gc,stats    ] all workers. Dividing the <total> over the root stage time estimates parallelism.
[13.306s][info   ][gc,stats    ] 
[13.306s][info   ][gc,stats    ] Concurrent Reset                  13335 us
[13.306s][info   ][gc,stats    ] Pause Init Mark (G)                1156 us
[13.306s][info   ][gc,stats    ] Pause Init Mark (N)                 388 us
[13.306s][info   ][gc,stats    ]   Update Region States              230 us
[13.306s][info   ][gc,stats    ] Concurrent Mark Roots               359 us, parallelism: 0.73x
[13.306s][info   ][gc,stats    ]   CMR: <total>                      261 us
[13.306s][info   ][gc,stats    ]   CMR: Thread Roots                 214 us, workers (us): 214, ---, 
[13.306s][info   ][gc,stats    ]   CMR: VM Strong Roots                7 us, workers (us):   7, ---, 
[13.306s][info   ][gc,stats    ]   CMR: CLDG Roots                    40 us, workers (us):  40, ---, 
[13.306s][info   ][gc,stats    ] Concurrent Marking                22187 us
[13.306s][info   ][gc,stats    ] Pause Final Mark (G)               1056 us
[13.306s][info   ][gc,stats    ] Pause Final Mark (N)                390 us
[13.306s][info   ][gc,stats    ]   Finish Mark                       104 us
[13.306s][info   ][gc,stats    ]   Update Region States              101 us
[13.306s][info   ][gc,stats    ]   Choose Collection Set             118 us
[13.306s][info   ][gc,stats    ]   Rebuild Free Set                   11 us
[13.306s][info   ][gc,stats    ] Concurrent Weak References          136 us, parallelism: 0.18x
[13.306s][info   ][gc,stats    ]   CWRF: <total>                      24 us
[13.306s][info   ][gc,stats    ]   CWRF: Weak References              24 us, workers (us):  24, ---, 
[13.306s][info   ][gc,stats    ] Concurrent Weak Roots              8805 us
[13.306s][info   ][gc,stats    ]   Roots                             336 us, parallelism: 0.72x
[13.306s][info   ][gc,stats    ]     CWR: <total>                    243 us
[13.306s][info   ][gc,stats    ]     CWR: Code Cache Roots           112 us, workers (us): 112, ---, 
[13.306s][info   ][gc,stats    ]     CWR: VM Weak Roots              126 us, workers (us): 126, ---, 
[13.306s][info   ][gc,stats    ]     CWR: CLDG Roots                   5 us, workers (us):   5, ---, 
[13.306s][info   ][gc,stats    ]   Rendezvous                       8234 us
[13.306s][info   ][gc,stats    ] Concurrent Cleanup                 1102 us
[13.306s][info   ][gc,stats    ] Concurrent Class Unloading         6930 us
[13.306s][info   ][gc,stats    ]   Unlink Stale                     3752 us
[13.306s][info   ][gc,stats    ]     System Dictionary                18 us
[13.306s][info   ][gc,stats    ]     Weak Class Links                  1 us
[13.306s][info   ][gc,stats    ]     Code Roots                     3724 us
[13.306s][info   ][gc,stats    ]   Rendezvous                       2770 us
[13.306s][info   ][gc,stats    ]   Purge Unlinked                    153 us
[13.306s][info   ][gc,stats    ]     Code Roots                       94 us
[13.306s][info   ][gc,stats    ]     CLDG                             54 us
[13.306s][info   ][gc,stats    ]     Exception Caches                  1 us
[13.306s][info   ][gc,stats    ] Pause Final Roots (G)              7071 us
[13.306s][info   ][gc,stats    ] Pause Final Roots (N)                37 us
[13.306s][info   ][gc,stats    ] 
[13.306s][info   ][gc,stats    ] Allocation pacing accrued:
[13.306s][info   ][gc,stats    ]       0 of    65 ms (  0.0%): <total>
[13.306s][info   ][gc,stats    ]       0 of    65 ms (  0.0%): <average total>
[13.306s][info   ][gc,stats    ] 
[13.306s][info   ][gc,metaspace] Metaspace: 213K(448K)->213K(448K) NonClass: 204K(320K)->204K(320K) Class: 9K(128K)->9K(128K)
[13.306s][info   ][gc,ergo     ] Pacer for Idle. Initial: 41943K, Alloc Tax Rate: 1.0x
[13.307s][info   ][gc          ] Trigger: Average GC time (79.47 ms) is above the time for average allocation rate (15241 MB/s) to deplete free headroom (835M) (margin of error = 1.94)
[13.307s][info   ][gc,ergo     ] Free headroom: 938M (free) - 102M (spike) - 0B (penalties) = 835M
[13.307s][info   ][gc,ergo     ] Free: 938M, Max: 1024K regular, 434M humongous, Frag: 54% external, 0% internal; Reserve: 103M, Max: 1024K
[13.307s][info   ][gc,start    ] GC(193) Concurrent reset
[13.307s][info   ][gc,task     ] GC(193) Using 1 of 2 workers for concurrent reset
[13.307s][info   ][gc,ergo     ] GC(193) Pacer for Reset. Non-Taxable: 2048M
[13.308s][info   ][gc          ] GC(193) Concurrent reset 0.916ms
[13.310s][info   ][gc,start    ] GC(193) Pause Init Mark (unload classes)
[13.310s][info   ][gc,task     ] GC(193) Using 2 of 2 workers for init marking
[13.310s][info   ][gc,ergo     ] GC(193) Pacer for Mark. Expected Live: 156M, Free: 934M, Non-Taxable: 95674K, Alloc Tax Rate: 0.2x
[13.310s][info   ][gc          ] GC(193) Pause Init Mark (unload classes) 0.124ms
[13.310s][info   ][gc,start    ] GC(193) Concurrent marking roots
[13.310s][info   ][gc,task     ] GC(193) Using 1 of 2 workers for concurrent marking roots
[13.310s][info   ][gc          ] GC(193) Concurrent marking roots 0.246ms
[13.310s][info   ][gc,start    ] GC(193) Concurrent marking (unload classes)
[13.310s][info   ][gc,task     ] GC(193) Using 1 of 2 workers for concurrent marking
[13.322s][info   ][gc          ] GC(193) Concurrent marking (unload classes) 11.900ms
[13.323s][info   ][gc,start    ] GC(193) Pause Final Mark (unload classes)
[13.323s][info   ][gc,task     ] GC(193) Using 2 of 2 workers for final marking
[13.324s][info   ][gc,ergo     ] GC(193) Collectable Garbage: 365M (98%), Immediate: 365M (98%), CSet: 0B (0%)
[13.324s][info   ][gc          ] GC(193) Pause Final Mark (unload classes) 0.388ms
[13.329s][info   ][gc,start    ] GC(193) Concurrent weak references
[13.329s][info   ][gc,task     ] GC(193) Using 1 of 2 workers for concurrent weak references
[13.332s][info   ][gc,ref      ] GC(193) Encountered references: Soft: 11, Weak: 37, Final: 0, Phantom: 5
[13.332s][info   ][gc,ref      ] GC(193) Discovered  references: Soft: 0, Weak: 11, Final: 0, Phantom: 5
[13.332s][info   ][gc,ref      ] GC(193) Enqueued    references: Soft: 0, Weak: 0, Final: 0, Phantom: 0
[13.332s][info   ][gc          ] GC(193) Concurrent weak references 3.110ms
[13.332s][info   ][gc,start    ] GC(193) Concurrent weak roots
[13.332s][info   ][gc,task     ] GC(193) Using 1 of 2 workers for concurrent weak root
[13.339s][info   ][gc          ] GC(193) Concurrent weak roots 6.922ms
[13.339s][info   ][gc,start    ] GC(193) Concurrent cleanup
[13.339s][info   ][gc          ] GC(193) Concurrent cleanup 712M->356M(2048M) 0.741ms
[13.339s][info   ][gc,ergo     ] GC(193) Free: 1238M, Max: 1024K regular, 544M humongous, Frag: 57% external, 0% internal; Reserve: 103M, Max: 1024K
[13.339s][info   ][gc,start    ] GC(193) Concurrent class unloading
[13.339s][info   ][gc,task     ] GC(193) Using 1 of 2 workers for concurrent class unloading
[13.357s][info   ][gc          ] GC(193) Concurrent class unloading 17.130ms
[13.357s][info   ][gc,start    ] GC(193) Pause Final Roots
[13.357s][info   ][gc          ] GC(193) Pause Final Roots 0.068ms
[13.363s][info   ][gc,ergo     ] Free: 900M, Max: 1024K regular, 544M humongous, Frag: 40% external, 0% internal; Reserve: 103M, Max: 1024K
[13.363s][info   ][gc,stats    ] 
[13.363s][info   ][gc,stats    ] All times are wall-clock times, except per-root-class counters, that are sum over
[13.363s][info   ][gc,stats    ] all workers. Dividing the <total> over the root stage time estimates parallelism.
[13.363s][info   ][gc,stats    ] 
[13.363s][info   ][gc,stats    ] Concurrent Reset                    930 us
[13.363s][info   ][gc,stats    ] Pause Init Mark (G)                1500 us
[13.363s][info   ][gc,stats    ] Pause Init Mark (N)                 131 us
[13.363s][info   ][gc,stats    ]   Update Region States               73 us
[13.363s][info   ][gc,stats    ] Concurrent Mark Roots               257 us, parallelism: 0.71x
[13.363s][info   ][gc,stats    ]   CMR: <total>                      183 us
[13.363s][info   ][gc,stats    ]   CMR: Thread Roots                 155 us, workers (us): 155, ---, 
[13.363s][info   ][gc,stats    ]   CMR: VM Strong Roots                4 us, workers (us):   4, ---, 
[13.363s][info   ][gc,stats    ]   CMR: CLDG Roots                    24 us, workers (us):  24, ---, 
[13.363s][info   ][gc,stats    ] Concurrent Marking                12140 us
[13.363s][info   ][gc,stats    ] Pause Final Mark (G)               6408 us
[13.363s][info   ][gc,stats    ] Pause Final Mark (N)                397 us
[13.363s][info   ][gc,stats    ]   Finish Mark                       102 us
[13.363s][info   ][gc,stats    ]   Update Region States               85 us
[13.363s][info   ][gc,stats    ]   Choose Collection Set             125 us
[13.363s][info   ][gc,stats    ]   Rebuild Free Set                   10 us
[13.363s][info   ][gc,stats    ] Concurrent Weak References         3122 us, parallelism: 0.01x
[13.363s][info   ][gc,stats    ]   CWRF: <total>                      22 us
[13.363s][info   ][gc,stats    ]   CWRF: Weak References              22 us, workers (us):  22, ---, 
[13.363s][info   ][gc,stats    ] Concurrent Weak Roots              6976 us
[13.363s][info   ][gc,stats    ]   Roots                             212 us, parallelism: 0.70x
[13.363s][info   ][gc,stats    ]     CWR: <total>                    148 us
[13.363s][info   ][gc,stats    ]     CWR: Code Cache Roots            72 us, workers (us):  72, ---, 
[13.363s][info   ][gc,stats    ]     CWR: VM Weak Roots               72 us, workers (us):  72, ---, 
[13.363s][info   ][gc,stats    ]     CWR: CLDG Roots                   4 us, workers (us):   4, ---, 
[13.363s][info   ][gc,stats    ]   Rendezvous                       6683 us
[13.363s][info   ][gc,stats    ] Concurrent Cleanup                  755 us
[13.363s][info   ][gc,stats    ] Concurrent Class Unloading        17369 us
[13.363s][info   ][gc,stats    ]   Unlink Stale                     4912 us
[13.363s][info   ][gc,stats    ]     System Dictionary                15 us
[13.363s][info   ][gc,stats    ]     Weak Class Links                  1 us
[13.363s][info   ][gc,stats    ]     Code Roots                     4889 us
[13.363s][info   ][gc,stats    ]   Rendezvous                      11987 us
[13.363s][info   ][gc,stats    ]   Purge Unlinked                    187 us
[13.363s][info   ][gc,stats    ]     Code Roots                      131 us
[13.363s][info   ][gc,stats    ]     CLDG                             51 us
[13.363s][info   ][gc,stats    ]     Exception Caches                  2 us
[13.363s][info   ][gc,stats    ] Pause Final Roots (G)              5635 us
[13.363s][info   ][gc,stats    ] Pause Final Roots (N)                80 us
[13.363s][info   ][gc,stats    ] 
[13.363s][info   ][gc,stats    ] Allocation pacing accrued:
[13.363s][info   ][gc,stats    ]       0 of    57 ms (  0.0%): <total>
[13.363s][info   ][gc,stats    ]       0 of    57 ms (  0.0%): <average total>
[13.363s][info   ][gc,stats    ] 
[13.363s][info   ][gc,metaspace] Metaspace: 213K(448K)->213K(448K) NonClass: 204K(320K)->204K(320K) Class: 9K(128K)->9K(128K)
[13.363s][info   ][gc,ergo     ] Pacer for Idle. Initial: 41943K, Alloc Tax Rate: 1.0x
[13.365s][info   ][gc          ] Trigger: Average GC time (72.85 ms) is above the time for average allocation rate (15253 MB/s) to deplete free headroom (759M) (margin of error = 1.95)
[13.365s][info   ][gc,ergo     ] Free headroom: 862M (free) - 102M (spike) - 0B (penalties) = 759M
[13.366s][info   ][gc,ergo     ] Free: 862M, Max: 1024K regular, 544M humongous, Frag: 37% external, 0% internal; Reserve: 103M, Max: 1024K
[13.366s][info   ][gc,start    ] GC(194) Concurrent reset
[13.366s][info   ][gc,task     ] GC(194) Using 1 of 2 workers for concurrent reset
[13.366s][info   ][gc,ergo     ] GC(194) Pacer for Reset. Non-Taxable: 2048M
[13.371s][info   ][gc          ] GC(194) Concurrent reset 5.451ms
[13.373s][info   ][gc,start    ] GC(194) Pause Init Mark (unload classes)
[13.373s][info   ][gc,task     ] GC(194) Using 2 of 2 workers for init marking
[13.373s][info   ][gc,ergo     ] GC(194) Pacer for Mark. Expected Live: 148M, Free: 770M, Non-Taxable: 78880K, Alloc Tax Rate: 0.2x
[13.373s][info   ][gc          ] GC(194) Pause Init Mark (unload classes) 0.157ms
[13.373s][info   ][gc,start    ] GC(194) Concurrent marking roots
[13.373s][info   ][gc,task     ] GC(194) Using 1 of 2 workers for concurrent marking roots
[13.373s][info   ][gc          ] GC(194) Concurrent marking roots 0.364ms
[13.373s][info   ][gc,start    ] GC(194) Concurrent marking (unload classes)
[13.373s][info   ][gc,task     ] GC(194) Using 1 of 2 workers for concurrent marking
[13.392s][info   ][gc          ] GC(194) Concurrent marking (unload classes) 18.020ms
[13.395s][info   ][gc,start    ] GC(194) Pause Final Mark (unload classes)
[13.395s][info   ][gc,task     ] GC(194) Using 2 of 2 workers for final marking
[13.395s][info   ][gc,ergo     ] GC(194) Collectable Garbage: 444M (98%), Immediate: 444M (98%), CSet: 0B (0%)
[13.395s][info   ][gc          ] GC(194) Pause Final Mark (unload classes) 0.313ms
[13.401s][info   ][gc,start    ] GC(194) Concurrent weak references
[13.402s][info   ][gc,task     ] GC(194) Using 1 of 2 workers for concurrent weak references
[13.407s][info   ][gc,ref      ] GC(194) Encountered references: Soft: 11, Weak: 37, Final: 0, Phantom: 5
[13.407s][info   ][gc,ref      ] GC(194) Discovered  references: Soft: 0, Weak: 11, Final: 0, Phantom: 5
[13.407s][info   ][gc,ref      ] GC(194) Enqueued    references: Soft: 0, Weak: 0, Final: 0, Phantom: 0
[13.407s][info   ][gc          ] GC(194) Concurrent weak references 5.699ms
[13.407s][info   ][gc,start    ] GC(194) Concurrent weak roots
[13.407s][info   ][gc,task     ] GC(194) Using 1 of 2 workers for concurrent weak root
[13.414s][info   ][gc          ] GC(194) Concurrent weak roots 6.321ms
[13.414s][info   ][gc,start    ] GC(194) Concurrent cleanup
[13.416s][info   ][gc          ] GC(194) Concurrent cleanup 880M->445M(2048M) 1.861ms
[13.416s][info   ][gc,ergo     ] GC(194) Free: 1058M, Max: 1024K regular, 186M humongous, Frag: 83% external, 0% internal; Reserve: 103M, Max: 1024K
[13.416s][info   ][gc,start    ] GC(194) Concurrent class unloading
[13.416s][info   ][gc,task     ] GC(194) Using 1 of 2 workers for concurrent class unloading
[13.423s][info   ][gc          ] GC(194) Concurrent class unloading 6.951ms
[13.423s][info   ][gc,start    ] GC(194) Pause Final Roots
[13.423s][info   ][gc          ] GC(194) Pause Final Roots 0.030ms
[13.423s][info   ][gc,ergo     ] Free: 984M, Max: 1024K regular, 186M humongous, Frag: 82% external, 0% internal; Reserve: 103M, Max: 1024K
[13.423s][info   ][gc,stats    ] 
[13.423s][info   ][gc,stats    ] All times are wall-clock times, except per-root-class counters, that are sum over
[13.423s][info   ][gc,stats    ] all workers. Dividing the <total> over the root stage time estimates parallelism.
[13.423s][info   ][gc,stats    ] 
[13.423s][info   ][gc,stats    ] Concurrent Reset                   5641 us
[13.423s][info   ][gc,stats    ] Pause Init Mark (G)                1865 us
[13.423s][info   ][gc,stats    ] Pause Init Mark (N)                 165 us
[13.423s][info   ][gc,stats    ]   Update Region States               91 us
[13.423s][info   ][gc,stats    ] Concurrent Mark Roots               378 us, parallelism: 0.80x
[13.423s][info   ][gc,stats    ]   CMR: <total>                      302 us
[13.423s][info   ][gc,stats    ]   CMR: Thread Roots                 247 us, workers (us): 247, ---, 
[13.423s][info   ][gc,stats    ]   CMR: VM Strong Roots                7 us, workers (us):   7, ---, 
[13.423s][info   ][gc,stats    ]   CMR: CLDG Roots                    48 us, workers (us):  48, ---, 
[13.423s][info   ][gc,stats    ] Concurrent Marking                18249 us
[13.423s][info   ][gc,stats    ] Pause Final Mark (G)               9661 us
[13.423s][info   ][gc,stats    ] Pause Final Mark (N)                323 us
[13.423s][info   ][gc,stats    ]   Finish Mark                        78 us
[13.423s][info   ][gc,stats    ]   Update Region States               42 us
[13.423s][info   ][gc,stats    ]   Choose Collection Set             124 us
[13.423s][info   ][gc,stats    ]   Rebuild Free Set                   12 us
[13.423s][info   ][gc,stats    ] Concurrent Weak References         5733 us, parallelism: 0.00x
[13.423s][info   ][gc,stats    ]   CWRF: <total>                      10 us
[13.423s][info   ][gc,stats    ]   CWRF: Weak References              10 us, workers (us):  10, ---, 
[13.423s][info   ][gc,stats    ] Concurrent Weak Roots              6547 us
[13.423s][info   ][gc,stats    ]   Roots                             467 us, parallelism: 0.64x
[13.423s][info   ][gc,stats    ]     CWR: <total>                    300 us
[13.423s][info   ][gc,stats    ]     CWR: Code Cache Roots           195 us, workers (us): 195, ---, 
[13.423s][info   ][gc,stats    ]     CWR: VM Weak Roots               98 us, workers (us):  98, ---, 
[13.423s][info   ][gc,stats    ]     CWR: CLDG Roots                   7 us, workers (us):   7, ---, 
[13.423s][info   ][gc,stats    ]   Rendezvous                       5760 us
[13.423s][info   ][gc,stats    ] Concurrent Cleanup                 2027 us
[13.423s][info   ][gc,stats    ] Concurrent Class Unloading         7014 us
[13.423s][info   ][gc,stats    ]   Unlink Stale                     4515 us
[13.423s][info   ][gc,stats    ]     System Dictionary                20 us
[13.423s][info   ][gc,stats    ]     Weak Class Links                  2 us
[13.423s][info   ][gc,stats    ]     Code Roots                     4483 us
[13.423s][info   ][gc,stats    ]   Rendezvous                       2321 us
[13.423s][info   ][gc,stats    ]   Purge Unlinked                     61 us
[13.423s][info   ][gc,stats    ]     Code Roots                       37 us
[13.423s][info   ][gc,stats    ]     CLDG                             20 us
[13.423s][info   ][gc,stats    ]     Exception Caches                  1 us
[13.423s][info   ][gc,stats    ] Pause Final Roots (G)               142 us
[13.423s][info   ][gc,stats    ] Pause Final Roots (N)                39 us
[13.423s][info   ][gc,stats    ] Pacing                            38532 us
[13.423s][info   ][gc,stats    ] 
[13.423s][info   ][gc,stats    ] Allocation pacing accrued:
[13.423s][info   ][gc,stats    ]       5 of    60 ms (  8.8%): Thread-0
[13.423s][info   ][gc,stats    ]       8 of    60 ms ( 13.6%): Thread-1
[13.423s][info   ][gc,stats    ]       6 of    60 ms (  9.5%): Thread-4
[13.423s][info   ][gc,stats    ]       2 of    60 ms (  3.8%): Thread-5
[13.423s][info   ][gc,stats    ]       8 of    60 ms ( 13.8%): Thread-6
[13.423s][info   ][gc,stats    ]       9 of    60 ms ( 14.2%): Thread-7
[13.423s][info   ][gc,stats    ]      39 of    60 ms ( 63.7%): <total>
[13.423s][info   ][gc,stats    ]       2 of    60 ms (  3.4%): <average total>
[13.423s][info   ][gc,stats    ]       6 of    60 ms ( 10.6%): <average non-zero>
[13.423s][info   ][gc,stats    ] 
[13.423s][info   ][gc,metaspace] Metaspace: 213K(448K)->213K(448K) NonClass: 204K(320K)->204K(320K) Class: 9K(128K)->9K(128K)
[13.423s][info   ][gc,ergo     ] Pacer for Idle. Initial: 41943K, Alloc Tax Rate: 1.0x
[13.425s][info   ][gc          ] Trigger: Average GC time (69.28 ms) is above the time for average allocation rate (15253 MB/s) to deplete free headroom (881M) (margin of error = 1.95)
[13.425s][info   ][gc,ergo     ] Free headroom: 984M (free) - 102M (spike) - 0B (penalties) = 881M
[13.425s][info   ][gc,ergo     ] Free: 984M, Max: 1024K regular, 186M humongous, Frag: 82% external, 0% internal; Reserve: 103M, Max: 1024K
[13.425s][info   ][gc,start    ] GC(195) Concurrent reset
[13.425s][info   ][gc,task     ] GC(195) Using 1 of 2 workers for concurrent reset
[13.425s][info   ][gc,ergo     ] GC(195) Pacer for Reset. Non-Taxable: 2048M
[13.426s][info   ][gc          ] GC(195) Concurrent reset 0.911ms
[13.426s][info   ][gc,start    ] GC(195) Pause Init Mark (unload classes)
[13.426s][info   ][gc,task     ] GC(195) Using 2 of 2 workers for init marking
[13.426s][info   ][gc,ergo     ] GC(195) Pacer for Mark. Expected Live: 143M, Free: 984M, Non-Taxable: 100794K, Alloc Tax Rate: 0.2x
[13.426s][info   ][gc          ] GC(195) Pause Init Mark (unload classes) 0.106ms
[13.426s][info   ][gc,start    ] GC(195) Concurrent marking roots
[13.426s][info   ][gc,task     ] GC(195) Using 1 of 2 workers for concurrent marking roots
[13.426s][info   ][gc          ] GC(195) Concurrent marking roots 0.273ms
[13.426s][info   ][gc,start    ] GC(195) Concurrent marking (unload classes)
[13.426s][info   ][gc,task     ] GC(195) Using 1 of 2 workers for concurrent marking
[13.428s][info   ][gc          ] GC(195) Concurrent marking (unload classes) 1.180ms
[13.428s][info   ][gc,start    ] GC(195) Pause Final Mark (unload classes)
[13.428s][info   ][gc,task     ] GC(195) Using 2 of 2 workers for final marking
[13.428s][info   ][gc,ergo     ] GC(195) Collectable Garbage: 351M (98%), Immediate: 351M (98%), CSet: 0B (0%)
[13.428s][info   ][gc          ] GC(195) Pause Final Mark (unload classes) 0.219ms
[13.428s][info   ][gc,start    ] GC(195) Concurrent weak references
[13.428s][info   ][gc,task     ] GC(195) Using 1 of 2 workers for concurrent weak references
[13.428s][info   ][gc,ref      ] GC(195) Encountered references: Soft: 11, Weak: 37, Final: 0, Phantom: 5
[13.428s][info   ][gc,ref      ] GC(195) Discovered  references: Soft: 0, Weak: 11, Final: 0, Phantom: 5
[13.428s][info   ][gc,ref      ] GC(195) Enqueued    references: Soft: 0, Weak: 0, Final: 0, Phantom: 0
[13.428s][info   ][gc          ] GC(195) Concurrent weak references 0.068ms
[13.428s][info   ][gc,start    ] GC(195) Concurrent weak roots
[13.428s][info   ][gc,task     ] GC(195) Using 1 of 2 workers for concurrent weak root
[13.428s][info   ][gc          ] GC(195) Concurrent weak roots 0.308ms
[13.428s][info   ][gc,start    ] GC(195) Concurrent cleanup
[13.429s][info   ][gc          ] GC(195) Concurrent cleanup 485M->134M(2048M) 0.380ms
[13.429s][info   ][gc,ergo     ] GC(195) Free: 1682M, Max: 1024K regular, 229M humongous, Frag: 87% external, 0% internal; Reserve: 103M, Max: 1024K
[13.429s][info   ][gc,start    ] GC(195) Concurrent class unloading
[13.429s][info   ][gc,task     ] GC(195) Using 1 of 2 workers for concurrent class unloading
[13.430s][info   ][gc          ] GC(195) Concurrent class unloading 0.912ms
[13.430s][info   ][gc,start    ] GC(195) Pause Final Roots
[13.430s][info   ][gc          ] GC(195) Pause Final Roots 0.024ms
[13.430s][info   ][gc,ergo     ] Free: 1670M, Max: 1024K regular, 229M humongous, Frag: 87% external, 0% internal; Reserve: 103M, Max: 1024K
[13.430s][info   ][gc,stats    ] 
[13.430s][info   ][gc,stats    ] All times are wall-clock times, except per-root-class counters, that are sum over
[13.430s][info   ][gc,stats    ] all workers. Dividing the <total> over the root stage time estimates parallelism.
[13.430s][info   ][gc,stats    ] 
[13.430s][info   ][gc,stats    ] Concurrent Reset                    930 us
[13.430s][info   ][gc,stats    ] Pause Init Mark (G)                 200 us
[13.430s][info   ][gc,stats    ] Pause Init Mark (N)                 113 us
[13.430s][info   ][gc,stats    ]   Update Region States               59 us
[13.430s][info   ][gc,stats    ] Concurrent Mark Roots               284 us, parallelism: 0.62x
[13.430s][info   ][gc,stats    ]   CMR: <total>                      176 us
[13.430s][info   ][gc,stats    ]   CMR: Thread Roots                 151 us, workers (us): 151, ---, 
[13.430s][info   ][gc,stats    ]   CMR: VM Strong Roots                5 us, workers (us):   5, ---, 
[13.430s][info   ][gc,stats    ]   CMR: CLDG Roots                    21 us, workers (us):  21, ---, 
[13.430s][info   ][gc,stats    ] Concurrent Marking                 1199 us
[13.430s][info   ][gc,stats    ] Pause Final Mark (G)                322 us
[13.430s][info   ][gc,stats    ] Pause Final Mark (N)                226 us
[13.430s][info   ][gc,stats    ]   Finish Mark                        53 us
[13.430s][info   ][gc,stats    ]   Update Region States               48 us
[13.430s][info   ][gc,stats    ]   Choose Collection Set              81 us
[13.430s][info   ][gc,stats    ]   Rebuild Free Set                   11 us
[13.430s][info   ][gc,stats    ] Concurrent Weak References           75 us, parallelism: 0.03x
[13.430s][info   ][gc,stats    ]   CWRF: <total>                       2 us
[13.430s][info   ][gc,stats    ]   CWRF: Weak References               2 us, workers (us):   2, ---, 
[13.430s][info   ][gc,stats    ] Concurrent Weak Roots               320 us
[13.430s][info   ][gc,stats    ]   Roots                             141 us, parallelism: 0.33x
[13.430s][info   ][gc,stats    ]     CWR: <total>                     46 us
[13.430s][info   ][gc,stats    ]     CWR: Code Cache Roots            25 us, workers (us):  25, ---, 
[13.430s][info   ][gc,stats    ]     CWR: VM Weak Roots               20 us, workers (us):  20, ---, 
[13.430s][info   ][gc,stats    ]     CWR: CLDG Roots                   1 us, workers (us):   1, ---, 
[13.430s][info   ][gc,stats    ]   Rendezvous                        152 us
[13.430s][info   ][gc,stats    ] Concurrent Cleanup                  390 us
[13.430s][info   ][gc,stats    ] Concurrent Class Unloading          927 us
[13.430s][info   ][gc,stats    ]   Unlink Stale                      123 us
[13.430s][info   ][gc,stats    ]     System Dictionary                 4 us
[13.430s][info   ][gc,stats    ]     Weak Class Links                  1 us
[13.430s][info   ][gc,stats    ]     Code Roots                      116 us
[13.430s][info   ][gc,stats    ]   Rendezvous                        703 us
[13.430s][info   ][gc,stats    ]   Purge Unlinked                     70 us
[13.430s][info   ][gc,stats    ]     Code Roots                       54 us
[13.430s][info   ][gc,stats    ]     CLDG                             14 us
[13.430s][info   ][gc,stats    ]     Exception Caches                  0 us
[13.430s][info   ][gc,stats    ] Pause Final Roots (G)               562 us
[13.430s][info   ][gc,stats    ] Pause Final Roots (N)                34 us
[13.430s][info   ][gc,stats    ] 
[13.430s][info   ][gc,stats    ] Allocation pacing accrued:
[13.430s][info   ][gc,stats    ]       0 of     7 ms (  0.0%): <total>
[13.430s][info   ][gc,stats    ]       0 of     7 ms (  0.0%): <average total>
[13.430s][info   ][gc,stats    ] 
[13.430s][info   ][gc,metaspace] Metaspace: 213K(448K)->213K(448K) NonClass: 204K(320K)->204K(320K) Class: 9K(128K)->9K(128K)
[13.430s][info   ][gc,ergo     ] Pacer for Idle. Initial: 41943K, Alloc Tax Rate: 1.0x
[13.461s][info   ][gc          ] Trigger: Average GC time (80.11 ms) is above the time for average allocation rate (15223 MB/s) to deplete free headroom (1203M) (margin of error = 1.92)
[13.461s][info   ][gc,ergo     ] Free headroom: 1306M (free) - 102M (spike) - 0B (penalties) = 1203M
[13.461s][info   ][gc,ergo     ] Free: 1306M, Max: 1024K regular, 192M humongous, Frag: 86% external, 0% internal; Reserve: 103M, Max: 1024K
[13.461s][info   ][gc,start    ] GC(196) Concurrent reset
[13.461s][info   ][gc,task     ] GC(196) Using 1 of 2 workers for concurrent reset
[13.461s][info   ][gc,ergo     ] GC(196) Pacer for Reset. Non-Taxable: 2048M
[13.466s][info   ][gc          ] GC(196) Concurrent reset 4.908ms
[13.469s][info   ][gc,start    ] GC(196) Pause Init Mark (unload classes)
[13.469s][info   ][gc,task     ] GC(196) Using 2 of 2 workers for init marking
[13.469s][info   ][gc,ergo     ] GC(196) Pacer for Mark. Expected Live: 137M, Free: 1224M, Non-Taxable: 122M, Alloc Tax Rate: 0.1x
[13.469s][info   ][gc          ] GC(196) Pause Init Mark (unload classes) 0.155ms
[13.469s][info   ][gc,start    ] GC(196) Concurrent marking roots
[13.469s][info   ][gc,task     ] GC(196) Using 1 of 2 workers for concurrent marking roots
[13.469s][info   ][gc          ] GC(196) Concurrent marking roots 0.343ms
[13.469s][info   ][gc,start    ] GC(196) Concurrent marking (unload classes)
[13.469s][info   ][gc,task     ] GC(196) Using 1 of 2 workers for concurrent marking
[13.494s][info   ][gc          ] GC(196) Concurrent marking (unload classes) 24.154ms
[13.494s][info   ][gc,start    ] GC(196) Pause Final Mark (unload classes)
[13.494s][info   ][gc,task     ] GC(196) Using 2 of 2 workers for final marking
[13.495s][info   ][gc,ergo     ] GC(196) Collectable Garbage: 225M (97%), Immediate: 225M (97%), CSet: 0B (0%)
[13.495s][info   ][gc          ] GC(196) Pause Final Mark (unload classes) 0.235ms
[13.495s][info   ][gc,start    ] GC(196) Concurrent weak references
[13.495s][info   ][gc,task     ] GC(196) Using 1 of 2 workers for concurrent weak references
[13.495s][info   ][gc,ref      ] GC(196) Encountered references: Soft: 11, Weak: 37, Final: 0, Phantom: 5
[13.495s][info   ][gc,ref      ] GC(196) Discovered  references: Soft: 0, Weak: 11, Final: 0, Phantom: 5
[13.495s][info   ][gc,ref      ] GC(196) Enqueued    references: Soft: 0, Weak: 0, Final: 0, Phantom: 0
[13.495s][info   ][gc          ] GC(196) Concurrent weak references 0.152ms
[13.495s][info   ][gc,start    ] GC(196) Concurrent weak roots
[13.495s][info   ][gc,task     ] GC(196) Using 1 of 2 workers for concurrent weak root
[13.504s][info   ][gc          ] GC(196) Concurrent weak roots 9.258ms
[13.504s][info   ][gc,start    ] GC(196) Concurrent cleanup
[13.505s][info   ][gc          ] GC(196) Concurrent cleanup 636M->414M(2048M) 0.432ms
[13.505s][info   ][gc,ergo     ] GC(196) Free: 1122M, Max: 1024K regular, 224M humongous, Frag: 81% external, 0% internal; Reserve: 103M, Max: 1024K
[13.505s][info   ][gc,start    ] GC(196) Concurrent class unloading
[13.505s][info   ][gc,task     ] GC(196) Using 1 of 2 workers for concurrent class unloading
[13.513s][info   ][gc          ] GC(196) Concurrent class unloading 7.585ms
[13.513s][info   ][gc,start    ] GC(196) Pause Final Roots
[13.513s][info   ][gc          ] GC(196) Pause Final Roots 0.036ms
[13.514s][info   ][gc,ergo     ] Free: 1010M, Max: 1024K regular, 224M humongous, Frag: 78% external, 0% internal; Reserve: 103M, Max: 1024K
[13.514s][info   ][gc,stats    ] 
[13.514s][info   ][gc,stats    ] All times are wall-clock times, except per-root-class counters, that are sum over
[13.514s][info   ][gc,stats    ] all workers. Dividing the <total> over the root stage time estimates parallelism.
[13.514s][info   ][gc,stats    ] 
[13.514s][info   ][gc,stats    ] Concurrent Reset                   5066 us
[13.514s][info   ][gc,stats    ] Pause Init Mark (G)                3129 us
[13.514s][info   ][gc,stats    ] Pause Init Mark (N)                 165 us
[13.514s][info   ][gc,stats    ]   Update Region States               74 us
[13.514s][info   ][gc,stats    ] Concurrent Mark Roots               367 us, parallelism: 0.63x
[13.514s][info   ][gc,stats    ]   CMR: <total>                      231 us
[13.514s][info   ][gc,stats    ]   CMR: Thread Roots                 187 us, workers (us): 187, ---, 
[13.514s][info   ][gc,stats    ]   CMR: VM Strong Roots                7 us, workers (us):   7, ---, 
[13.514s][info   ][gc,stats    ]   CMR: CLDG Roots                    36 us, workers (us):  36, ---, 
[13.514s][info   ][gc,stats    ] Concurrent Marking                24293 us
[13.514s][info   ][gc,stats    ] Pause Final Mark (G)                850 us
[13.514s][info   ][gc,stats    ] Pause Final Mark (N)                244 us
[13.514s][info   ][gc,stats    ]   Finish Mark                        59 us
[13.514s][info   ][gc,stats    ]   Update Region States               28 us
[13.514s][info   ][gc,stats    ]   Choose Collection Set              89 us
[13.514s][info   ][gc,stats    ]   Rebuild Free Set                   11 us
[13.514s][info   ][gc,stats    ] Concurrent Weak References          161 us, parallelism: 0.08x
[13.514s][info   ][gc,stats    ]   CWRF: <total>                      13 us
[13.514s][info   ][gc,stats    ]   CWRF: Weak References              13 us, workers (us):  13, ---, 
[13.514s][info   ][gc,stats    ] Concurrent Weak Roots              9641 us
[13.514s][info   ][gc,stats    ]   Roots                             202 us, parallelism: 0.80x
[13.514s][info   ][gc,stats    ]     CWR: <total>                    161 us
[13.514s][info   ][gc,stats    ]     CWR: Code Cache Roots            86 us, workers (us):  86, ---, 
[13.514s][info   ][gc,stats    ]     CWR: VM Weak Roots               71 us, workers (us):  71, ---, 
[13.514s][info   ][gc,stats    ]     CWR: CLDG Roots                   5 us, workers (us):   5, ---, 
[13.514s][info   ][gc,stats    ]   Rendezvous                       9022 us
[13.514s][info   ][gc,stats    ] Concurrent Cleanup                  448 us
[13.514s][info   ][gc,stats    ] Concurrent Class Unloading         7762 us
[13.514s][info   ][gc,stats    ]   Unlink Stale                     1476 us
[13.514s][info   ][gc,stats    ]     System Dictionary                21 us
[13.514s][info   ][gc,stats    ]     Weak Class Links                  1 us
[13.514s][info   ][gc,stats    ]     Code Roots                     1446 us
[13.514s][info   ][gc,stats    ]   Rendezvous                       5800 us
[13.514s][info   ][gc,stats    ]   Purge Unlinked                    192 us
[13.514s][info   ][gc,stats    ]     Code Roots                      144 us
[13.514s][info   ][gc,stats    ]     CLDG                             42 us
[13.514s][info   ][gc,stats    ]     Exception Caches                  2 us
[13.514s][info   ][gc,stats    ] Pause Final Roots (G)               900 us
[13.514s][info   ][gc,stats    ] Pause Final Roots (N)                46 us
[13.514s][info   ][gc,stats    ] Pacing                            82484 us
[13.514s][info   ][gc,stats    ] 
[13.514s][info   ][gc,stats    ] Allocation pacing accrued:
[13.514s][info   ][gc,stats    ]      11 of    84 ms ( 12.6%): Thread-0
[13.514s][info   ][gc,stats    ]      13 of    84 ms ( 15.4%): Thread-1
[13.514s][info   ][gc,stats    ]      11 of    84 ms ( 12.7%): Thread-2
[13.514s][info   ][gc,stats    ]      12 of    84 ms ( 14.4%): Thread-3
[13.514s][info   ][gc,stats    ]      14 of    84 ms ( 17.0%): Thread-4
[13.514s][info   ][gc,stats    ]       2 of    84 ms (  1.8%): Thread-5
[13.514s][info   ][gc,stats    ]      11 of    84 ms ( 12.6%): Thread-6
[13.514s][info   ][gc,stats    ]      10 of    84 ms ( 12.2%): Thread-7
[13.514s][info   ][gc,stats    ]      82 of    84 ms ( 98.7%): <total>
[13.514s][info   ][gc,stats    ]       4 of    84 ms (  5.2%): <average total>
[13.514s][info   ][gc,stats    ]      10 of    84 ms ( 12.3%): <average non-zero>
[13.514s][info   ][gc,stats    ] 
[13.514s][info   ][gc,metaspace] Metaspace: 213K(448K)->213K(448K) NonClass: 204K(320K)->204K(320K) Class: 9K(128K)->9K(128K)
[13.514s][info   ][gc,ergo     ] Pacer for Idle. Initial: 41943K, Alloc Tax Rate: 1.0x
[13.517s][info   ][gc          ] Trigger: Average GC time (82.63 ms) is above the time for average allocation rate (15223 MB/s) to deplete free headroom (859M) (margin of error = 1.92)
[13.517s][info   ][gc,ergo     ] Free headroom: 962M (free) - 102M (spike) - 0B (penalties) = 859M
[13.517s][info   ][gc,ergo     ] Free: 962M, Max: 1024K regular, 224M humongous, Frag: 77% external, 0% internal; Reserve: 103M, Max: 1024K
[13.517s][info   ][gc,start    ] GC(197) Concurrent reset
[13.517s][info   ][gc,task     ] GC(197) Using 1 of 2 workers for concurrent reset
[13.517s][info   ][gc,ergo     ] GC(197) Pacer for Reset. Non-Taxable: 2048M
[13.519s][info   ][gc          ] GC(197) Concurrent reset 2.071ms
[13.519s][info   ][gc,start    ] GC(197) Pause Init Mark (unload classes)
[13.519s][info   ][gc,task     ] GC(197) Using 2 of 2 workers for init marking
[13.519s][info   ][gc,ergo     ] GC(197) Pacer for Mark. Expected Live: 136M, Free: 954M, Non-Taxable: 97722K, Alloc Tax Rate: 0.2x
[13.519s][info   ][gc          ] GC(197) Pause Init Mark (unload classes) 0.077ms
[13.519s][info   ][gc,start    ] GC(197) Concurrent marking roots
[13.519s][info   ][gc,task     ] GC(197) Using 1 of 2 workers for concurrent marking roots
[13.520s][info   ][gc          ] GC(197) Concurrent marking roots 0.317ms
[13.520s][info   ][gc,start    ] GC(197) Concurrent marking (unload classes)
[13.520s][info   ][gc,task     ] GC(197) Using 1 of 2 workers for concurrent marking
[13.521s][info   ][gc          ] GC(197) Concurrent marking (unload classes) 1.449ms
[13.521s][info   ][gc,start    ] GC(197) Pause Final Mark (unload classes)
[13.521s][info   ][gc,task     ] GC(197) Using 2 of 2 workers for final marking
[13.522s][info   ][gc,ergo     ] GC(197) Collectable Garbage: 376M (98%), Immediate: 376M (98%), CSet: 0B (0%)
[13.522s][info   ][gc          ] GC(197) Pause Final Mark (unload classes) 0.363ms
[13.522s][info   ][gc,start    ] GC(197) Concurrent weak references
[13.522s][info   ][gc,task     ] GC(197) Using 1 of 2 workers for concurrent weak references
[13.522s][info   ][gc,ref      ] GC(197) Encountered references: Soft: 11, Weak: 37, Final: 0, Phantom: 5
[13.522s][info   ][gc,ref      ] GC(197) Discovered  references: Soft: 0, Weak: 11, Final: 0, Phantom: 5
[13.522s][info   ][gc,ref      ] GC(197) Enqueued    references: Soft: 0, Weak: 0, Final: 0, Phantom: 0
[13.522s][info   ][gc          ] GC(197) Concurrent weak references 0.143ms
[13.522s][info   ][gc,start    ] GC(197) Concurrent weak roots
[13.522s][info   ][gc,task     ] GC(197) Using 1 of 2 workers for concurrent weak root
[13.527s][info   ][gc          ] GC(197) Concurrent weak roots 4.844ms
[13.527s][info   ][gc,start    ] GC(197) Concurrent cleanup
[13.527s][info   ][gc          ] GC(197) Concurrent cleanup 544M->173M(2048M) 0.643ms
[13.528s][info   ][gc,ergo     ] GC(197) Free: 1604M, Max: 1024K regular, 454M humongous, Frag: 72% external, 0% internal; Reserve: 103M, Max: 1024K
[13.528s][info   ][gc,start    ] GC(197) Concurrent class unloading
[13.528s][info   ][gc,task     ] GC(197) Using 1 of 2 workers for concurrent class unloading
[13.544s][info   ][gc          ] GC(197) Concurrent class unloading 16.828ms
[13.545s][info   ][gc,start    ] GC(197) Pause Final Roots
[13.545s][info   ][gc          ] GC(197) Pause Final Roots 0.059ms
[13.551s][info   ][gc,ergo     ] Free: 1262M, Max: 1024K regular, 454M humongous, Frag: 65% external, 0% internal; Reserve: 103M, Max: 1024K
[13.552s][info   ][gc,stats    ] 
[13.552s][info   ][gc,stats    ] All times are wall-clock times, except per-root-class counters, that are sum over
[13.552s][info   ][gc,stats    ] all workers. Dividing the <total> over the root stage time estimates parallelism.
[13.552s][info   ][gc,stats    ] 
[13.552s][info   ][gc,stats    ] Concurrent Reset                   2095 us
[13.552s][info   ][gc,stats    ] Pause Init Mark (G)                 179 us
[13.552s][info   ][gc,stats    ] Pause Init Mark (N)                  84 us
[13.552s][info   ][gc,stats    ]   Update Region States               39 us
[13.552s][info   ][gc,stats    ] Concurrent Mark Roots               329 us, parallelism: 0.66x
[13.552s][info   ][gc,stats    ]   CMR: <total>                      216 us
[13.552s][info   ][gc,stats    ]   CMR: Thread Roots                 194 us, workers (us): 194, ---, 
[13.552s][info   ][gc,stats    ]   CMR: VM Strong Roots                4 us, workers (us):   4, ---, 
[13.552s][info   ][gc,stats    ]   CMR: CLDG Roots                    18 us, workers (us):  18, ---, 
[13.552s][info   ][gc,stats    ] Concurrent Marking                 1474 us
[13.552s][info   ][gc,stats    ] Pause Final Mark (G)                574 us
[13.552s][info   ][gc,stats    ] Pause Final Mark (N)                373 us
[13.552s][info   ][gc,stats    ]   Finish Mark                       144 us
[13.552s][info   ][gc,stats    ]   Update Region States               60 us
[13.552s][info   ][gc,stats    ]   Choose Collection Set             112 us
[13.552s][info   ][gc,stats    ]   Rebuild Free Set                   13 us
[13.552s][info   ][gc,stats    ] Concurrent Weak References          150 us, parallelism: 0.05x
[13.552s][info   ][gc,stats    ]   CWRF: <total>                       8 us
[13.552s][info   ][gc,stats    ]   CWRF: Weak References               8 us, workers (us):   8, ---, 
[13.552s][info   ][gc,stats    ] Concurrent Weak Roots              4981 us
[13.552s][info   ][gc,stats    ]   Roots                             201 us, parallelism: 0.63x
[13.552s][info   ][gc,stats    ]     CWR: <total>                    126 us
[13.552s][info   ][gc,stats    ]     CWR: Code Cache Roots            83 us, workers (us):  83, ---, 
[13.552s][info   ][gc,stats    ]     CWR: VM Weak Roots               41 us, workers (us):  41, ---, 
[13.552s][info   ][gc,stats    ]     CWR: CLDG Roots                   2 us, workers (us):   2, ---, 
[13.552s][info   ][gc,stats    ]   Rendezvous                       4621 us
[13.552s][info   ][gc,stats    ] Concurrent Cleanup                  684 us
[13.552s][info   ][gc,stats    ] Concurrent Class Unloading        16984 us
[13.552s][info   ][gc,stats    ]   Unlink Stale                     5700 us
[13.552s][info   ][gc,stats    ]     System Dictionary                14 us
[13.552s][info   ][gc,stats    ]     Weak Class Links                  1 us
[13.552s][info   ][gc,stats    ]     Code Roots                     5678 us
[13.552s][info   ][gc,stats    ]   Rendezvous                       5872 us
[13.552s][info   ][gc,stats    ]   Purge Unlinked                   5137 us
[13.552s][info   ][gc,stats    ]     Code Roots                     5102 us
[13.552s][info   ][gc,stats    ]     CLDG                             29 us
[13.552s][info   ][gc,stats    ]     Exception Caches                  1 us
[13.552s][info   ][gc,stats    ] Pause Final Roots (G)              6802 us
[13.552s][info   ][gc,stats    ] Pause Final Roots (N)                68 us
[13.552s][info   ][gc,stats    ] Pacing                            31792 us
[13.552s][info   ][gc,stats    ] 
[13.552s][info   ][gc,stats    ] Allocation pacing accrued:
[13.552s][info   ][gc,stats    ]      10 of    38 ms ( 25.7%): Thread-4
[13.552s][info   ][gc,stats    ]      11 of    38 ms ( 28.0%): Thread-5
[13.552s][info   ][gc,stats    ]      11 of    38 ms ( 30.1%): Thread-7
[13.552s][info   ][gc,stats    ]      32 of    38 ms ( 83.8%): <total>
[13.552s][info   ][gc,stats    ]       2 of    38 ms (  4.4%): <average total>
[13.552s][info   ][gc,stats    ]      11 of    38 ms ( 27.9%): <average non-zero>
[13.552s][info   ][gc,stats    ] 
[13.552s][info   ][gc,metaspace] Metaspace: 213K(448K)->213K(448K) NonClass: 204K(320K)->204K(320K) Class: 9K(128K)->9K(128K)
[13.552s][info   ][gc,ergo     ] Pacer for Idle. Initial: 41943K, Alloc Tax Rate: 1.0x
[13.561s][info   ][gc          ] Trigger: Average GC time (67.75 ms) is above the time for average allocation rate (15216 MB/s) to deplete free headroom (1023M) (margin of error = 1.92)
[13.561s][info   ][gc,ergo     ] Free headroom: 1126M (free) - 102M (spike) - 0B (penalties) = 1023M
[13.561s][info   ][gc,ergo     ] Free: 1120M, Max: 1024K regular, 454M humongous, Frag: 60% external, 0% internal; Reserve: 103M, Max: 1024K
[13.561s][info   ][gc,start    ] GC(198) Concurrent reset
[13.561s][info   ][gc,task     ] GC(198) Using 1 of 2 workers for concurrent reset
[13.561s][info   ][gc,ergo     ] GC(198) Pacer for Reset. Non-Taxable: 2048M
[13.566s][info   ][gc          ] GC(198) Concurrent reset 4.630ms
[13.567s][info   ][gc,start    ] GC(198) Pause Init Mark (unload classes)
[13.567s][info   ][gc,task     ] GC(198) Using 2 of 2 workers for init marking
[13.567s][info   ][gc,ergo     ] GC(198) Pacer for Mark. Expected Live: 130M, Free: 1058M, Non-Taxable: 105M, Alloc Tax Rate: 0.2x
[13.567s][info   ][gc          ] GC(198) Pause Init Mark (unload classes) 0.162ms
[13.574s][info   ][gc,start    ] GC(198) Concurrent marking roots
[13.574s][info   ][gc,task     ] GC(198) Using 1 of 2 workers for concurrent marking roots
[13.575s][info   ][gc          ] GC(198) Concurrent marking roots 0.508ms
[13.575s][info   ][gc,start    ] GC(198) Concurrent marking (unload classes)
[13.575s][info   ][gc,task     ] GC(198) Using 1 of 2 workers for concurrent marking
[13.576s][info   ][gc          ] GC(198) Concurrent marking (unload classes) 1.461ms
[13.576s][info   ][gc,start    ] GC(198) Pause Final Mark (unload classes)
[13.576s][info   ][gc,task     ] GC(198) Using 2 of 2 workers for final marking
[13.576s][info   ][gc,ergo     ] GC(198) Collectable Garbage: 288M (97%), Immediate: 288M (97%), CSet: 0B (0%)
[13.576s][info   ][gc          ] GC(198) Pause Final Mark (unload classes) 0.201ms
[13.576s][info   ][gc,start    ] GC(198) Concurrent weak references
[13.576s][info   ][gc,task     ] GC(198) Using 1 of 2 workers for concurrent weak references
[13.576s][info   ][gc,ref      ] GC(198) Encountered references: Soft: 11, Weak: 37, Final: 0, Phantom: 5
[13.576s][info   ][gc,ref      ] GC(198) Discovered  references: Soft: 0, Weak: 11, Final: 0, Phantom: 5
[13.576s][info   ][gc,ref      ] GC(198) Enqueued    references: Soft: 0, Weak: 0, Final: 0, Phantom: 0
[13.576s][info   ][gc          ] GC(198) Concurrent weak references 0.101ms
[13.576s][info   ][gc,start    ] GC(198) Concurrent weak roots
[13.576s][info   ][gc,task     ] GC(198) Using 1 of 2 workers for concurrent weak root
[13.577s][info   ][gc          ] GC(198) Concurrent weak roots 0.192ms
[13.577s][info   ][gc,start    ] GC(198) Concurrent cleanup
[13.577s][info   ][gc          ] GC(198) Concurrent cleanup 499M->211M(2048M) 0.324ms
[13.577s][info   ][gc,ergo     ] GC(198) Free: 1528M, Max: 1024K regular, 692M humongous, Frag: 55% external, 0% internal; Reserve: 103M, Max: 1024K
[13.577s][info   ][gc,start    ] GC(198) Concurrent class unloading
[13.577s][info   ][gc,task     ] GC(198) Using 1 of 2 workers for concurrent class unloading
[13.577s][info   ][gc          ] GC(198) Concurrent class unloading 0.405ms
[13.578s][info   ][gc,start    ] GC(198) Pause Final Roots
[13.578s][info   ][gc          ] GC(198) Pause Final Roots 0.020ms
[13.578s][info   ][gc,ergo     ] Free: 1528M, Max: 1024K regular, 692M humongous, Frag: 55% external, 0% internal; Reserve: 103M, Max: 1024K
[13.578s][info   ][gc,stats    ] 
[13.578s][info   ][gc,stats    ] All times are wall-clock times, except per-root-class counters, that are sum over
[13.578s][info   ][gc,stats    ] all workers. Dividing the <total> over the root stage time estimates parallelism.
[13.578s][info   ][gc,stats    ] 
[13.578s][info   ][gc,stats    ] Concurrent Reset                   4740 us
[13.578s][info   ][gc,stats    ] Pause Init Mark (G)                8032 us
[13.578s][info   ][gc,stats    ] Pause Init Mark (N)                 170 us
[13.578s][info   ][gc,stats    ]   Update Region States              105 us
[13.578s][info   ][gc,stats    ] Concurrent Mark Roots               532 us, parallelism: 0.39x
[13.578s][info   ][gc,stats    ]   CMR: <total>                      210 us
[13.578s][info   ][gc,stats    ]   CMR: Thread Roots                 148 us, workers (us): 148, ---, 
[13.578s][info   ][gc,stats    ]   CMR: VM Strong Roots               12 us, workers (us):  12, ---, 
[13.578s][info   ][gc,stats    ]   CMR: CLDG Roots                    50 us, workers (us):  50, ---, 
[13.578s][info   ][gc,stats    ] Concurrent Marking                 1478 us
[13.578s][info   ][gc,stats    ] Pause Final Mark (G)                292 us
[13.578s][info   ][gc,stats    ] Pause Final Mark (N)                208 us
[13.578s][info   ][gc,stats    ]   Finish Mark                        51 us
[13.578s][info   ][gc,stats    ]   Update Region States               43 us
[13.578s][info   ][gc,stats    ]   Choose Collection Set              64 us
[13.578s][info   ][gc,stats    ]   Rebuild Free Set                   12 us
[13.578s][info   ][gc,stats    ] Concurrent Weak References          108 us, parallelism: 0.02x
[13.578s][info   ][gc,stats    ]   CWRF: <total>                       2 us
[13.578s][info   ][gc,stats    ]   CWRF: Weak References               2 us, workers (us):   2, ---, 
[13.578s][info   ][gc,stats    ] Concurrent Weak Roots               202 us
[13.578s][info   ][gc,stats    ]   Roots                             115 us, parallelism: 0.48x
[13.578s][info   ][gc,stats    ]     CWR: <total>                     55 us
[13.578s][info   ][gc,stats    ]     CWR: Code Cache Roots            35 us, workers (us):  35, ---, 
[13.578s][info   ][gc,stats    ]     CWR: VM Weak Roots               19 us, workers (us):  19, ---, 
[13.578s][info   ][gc,stats    ]     CWR: CLDG Roots                   1 us, workers (us):   1, ---, 
[13.578s][info   ][gc,stats    ]   Rendezvous                         61 us
[13.578s][info   ][gc,stats    ] Concurrent Cleanup                  331 us
[13.578s][info   ][gc,stats    ] Concurrent Class Unloading          422 us
[13.578s][info   ][gc,stats    ]   Unlink Stale                      191 us
[13.578s][info   ][gc,stats    ]     System Dictionary                 4 us
[13.578s][info   ][gc,stats    ]     Weak Class Links                  1 us
[13.578s][info   ][gc,stats    ]     Code Roots                      184 us
[13.578s][info   ][gc,stats    ]   Rendezvous                        138 us
[13.578s][info   ][gc,stats    ]   Purge Unlinked                     61 us
[13.578s][info   ][gc,stats    ]     Code Roots                       46 us
[13.578s][info   ][gc,stats    ]     CLDG                             13 us
[13.578s][info   ][gc,stats    ]     Exception Caches                  1 us
[13.578s][info   ][gc,stats    ] Pause Final Roots (G)               115 us
[13.578s][info   ][gc,stats    ] Pause Final Roots (N)                29 us
[13.578s][info   ][gc,stats    ] 
[13.578s][info   ][gc,stats    ] Allocation pacing accrued:
[13.578s][info   ][gc,stats    ]       0 of    26 ms (  0.0%): <total>
[13.578s][info   ][gc,stats    ]       0 of    26 ms (  0.0%): <average total>
[13.578s][info   ][gc,stats    ] 
[13.578s][info   ][gc,metaspace] Metaspace: 213K(448K)->213K(448K) NonClass: 204K(320K)->204K(320K) Class: 9K(128K)->9K(128K)
[13.578s][info   ][gc,ergo     ] Pacer for Idle. Initial: 41943K, Alloc Tax Rate: 1.0x
[13.622s][info   ][gc          ] Trigger: Average GC time (56.56 ms) is above the time for average allocation rate (15199 MB/s) to deplete free headroom (845M) (margin of error = 1.91)
[13.622s][info   ][gc,ergo     ] Free headroom: 948M (free) - 102M (spike) - 0B (penalties) = 845M
[13.622s][info   ][gc,ergo     ] Free: 946M, Max: 1024K regular, 692M humongous, Frag: 27% external, 0% internal; Reserve: 103M, Max: 1024K
[13.622s][info   ][gc,start    ] GC(199) Concurrent reset
[13.622s][info   ][gc,task     ] GC(199) Using 1 of 2 workers for concurrent reset
[13.622s][info   ][gc,ergo     ] GC(199) Pacer for Reset. Non-Taxable: 2048M
[13.633s][info   ][gc          ] GC(199) Concurrent reset 10.725ms
[13.637s][info   ][gc,start    ] GC(199) Pause Init Mark (unload classes)
[13.637s][info   ][gc,task     ] GC(199) Using 2 of 2 workers for init marking
[13.637s][info   ][gc,ergo     ] GC(199) Pacer for Mark. Expected Live: 133M, Free: 736M, Non-Taxable: 75399K, Alloc Tax Rate: 0.2x
[13.637s][info   ][gc          ] GC(199) Pause Init Mark (unload classes) 0.351ms
[13.643s][info   ][gc,start    ] GC(199) Concurrent marking roots
[13.643s][info   ][gc,task     ] GC(199) Using 1 of 2 workers for concurrent marking roots
[13.643s][info   ][gc          ] GC(199) Concurrent marking roots 0.887ms
[13.643s][info   ][gc,start    ] GC(199) Concurrent marking (unload classes)
[13.643s][info   ][gc,task     ] GC(199) Using 1 of 2 workers for concurrent marking
[13.645s][info   ][gc          ] GC(199) Concurrent marking (unload classes) 1.928ms
[13.645s][info   ][gc,start    ] GC(199) Pause Final Mark (unload classes)
[13.646s][info   ][gc,task     ] GC(199) Using 2 of 2 workers for final marking
[13.646s][info   ][gc,ergo     ] GC(199) Collectable Garbage: 430M (98%), Immediate: 430M (98%), CSet: 0B (0%)
[13.646s][info   ][gc          ] GC(199) Pause Final Mark (unload classes) 0.231ms
[13.646s][info   ][gc,start    ] GC(199) Concurrent weak references
[13.646s][info   ][gc,task     ] GC(199) Using 1 of 2 workers for concurrent weak references
[13.646s][info   ][gc,ref      ] GC(199) Encountered references: Soft: 11, Weak: 37, Final: 0, Phantom: 5
[13.646s][info   ][gc,ref      ] GC(199) Discovered  references: Soft: 0, Weak: 11, Final: 0, Phantom: 5
[13.646s][info   ][gc,ref      ] GC(199) Enqueued    references: Soft: 0, Weak: 0, Final: 0, Phantom: 0
[13.646s][info   ][gc          ] GC(199) Concurrent weak references 0.139ms
[13.646s][info   ][gc,start    ] GC(199) Concurrent weak roots
[13.646s][info   ][gc,task     ] GC(199) Using 1 of 2 workers for concurrent weak root
[13.646s][info   ][gc          ] GC(199) Concurrent weak roots 0.196ms
[13.646s][info   ][gc,start    ] GC(199) Concurrent cleanup
[13.647s][info   ][gc          ] GC(199) Concurrent cleanup 644M->214M(2048M) 0.459ms
[13.647s][info   ][gc,ergo     ] GC(199) Free: 1522M, Max: 1024K regular, 660M humongous, Frag: 57% external, 0% internal; Reserve: 103M, Max: 1024K
[13.647s][info   ][gc,start    ] GC(199) Concurrent class unloading
[13.647s][info   ][gc,task     ] GC(199) Using 1 of 2 workers for concurrent class unloading
[13.647s][info   ][gc          ] GC(199) Concurrent class unloading 0.280ms
[13.647s][info   ][gc,start    ] GC(199) Pause Final Roots
[13.647s][info   ][gc          ] GC(199) Pause Final Roots 0.015ms
[13.647s][info   ][gc,ergo     ] Free: 1522M, Max: 1024K regular, 660M humongous, Frag: 57% external, 0% internal; Reserve: 103M, Max: 1024K
[13.647s][info   ][gc,stats    ] 
[13.647s][info   ][gc,stats    ] All times are wall-clock times, except per-root-class counters, that are sum over
[13.647s][info   ][gc,stats    ] all workers. Dividing the <total> over the root stage time estimates parallelism.
[13.647s][info   ][gc,stats    ] 
[13.647s][info   ][gc,stats    ] Concurrent Reset                  10939 us
[13.647s][info   ][gc,stats    ] Pause Init Mark (G)                9544 us
[13.647s][info   ][gc,stats    ] Pause Init Mark (N)                 363 us
[13.647s][info   ][gc,stats    ]   Update Region States              108 us
[13.647s][info   ][gc,stats    ] Concurrent Mark Roots               908 us, parallelism: 0.26x
[13.647s][info   ][gc,stats    ]   CMR: <total>                      238 us
[13.647s][info   ][gc,stats    ]   CMR: Thread Roots                 181 us, workers (us): 181, ---, 
[13.647s][info   ][gc,stats    ]   CMR: VM Strong Roots               12 us, workers (us):  12, ---, 
[13.647s][info   ][gc,stats    ]   CMR: CLDG Roots                    45 us, workers (us):  45, ---, 
[13.647s][info   ][gc,stats    ] Concurrent Marking                 1951 us
[13.647s][info   ][gc,stats    ] Pause Final Mark (G)                327 us
[13.647s][info   ][gc,stats    ] Pause Final Mark (N)                239 us
[13.647s][info   ][gc,stats    ]   Finish Mark                        64 us
[13.647s][info   ][gc,stats    ]   Update Region States               51 us
[13.647s][info   ][gc,stats    ]   Choose Collection Set              73 us
[13.647s][info   ][gc,stats    ]   Rebuild Free Set                    9 us
[13.647s][info   ][gc,stats    ] Concurrent Weak References          146 us, parallelism: 0.02x
[13.647s][info   ][gc,stats    ]   CWRF: <total>                       3 us
[13.647s][info   ][gc,stats    ]   CWRF: Weak References               3 us, workers (us):   3, ---, 
[13.647s][info   ][gc,stats    ] Concurrent Weak Roots               214 us
[13.647s][info   ][gc,stats    ]   Roots                             108 us, parallelism: 0.74x
[13.647s][info   ][gc,stats    ]     CWR: <total>                     80 us
[13.647s][info   ][gc,stats    ]     CWR: Code Cache Roots            55 us, workers (us):  55, ---, 
[13.647s][info   ][gc,stats    ]     CWR: VM Weak Roots               24 us, workers (us):  24, ---, 
[13.647s][info   ][gc,stats    ]     CWR: CLDG Roots                   1 us, workers (us):   1, ---, 
[13.647s][info   ][gc,stats    ]   Rendezvous                         73 us
[13.647s][info   ][gc,stats    ] Concurrent Cleanup                  469 us
[13.647s][info   ][gc,stats    ] Concurrent Class Unloading          290 us
[13.647s][info   ][gc,stats    ]   Unlink Stale                      165 us
[13.647s][info   ][gc,stats    ]     System Dictionary                 4 us
[13.647s][info   ][gc,stats    ]     Weak Class Links                  1 us
[13.647s][info   ][gc,stats    ]     Code Roots                      158 us
[13.647s][info   ][gc,stats    ]   Rendezvous                         64 us
[13.647s][info   ][gc,stats    ]   Purge Unlinked                     35 us
[13.647s][info   ][gc,stats    ]     Code Roots                       19 us
[13.647s][info   ][gc,stats    ]     CLDG                             14 us
[13.647s][info   ][gc,stats    ]     Exception Caches                  1 us
[13.647s][info   ][gc,stats    ] Pause Final Roots (G)               106 us
[13.647s][info   ][gc,stats    ] Pause Final Roots (N)                21 us
[13.647s][info   ][gc,stats    ] Pacing                            66295 us
[13.647s][info   ][gc,stats    ] 
[13.647s][info   ][gc,stats    ] Allocation pacing accrued:
[13.647s][info   ][gc,stats    ]      12 of    69 ms ( 17.9%): Thread-1
[13.647s][info   ][gc,stats    ]      13 of    69 ms ( 18.2%): Thread-2
[13.647s][info   ][gc,stats    ]      10 of    69 ms ( 14.0%): Thread-3
[13.647s][info   ][gc,stats    ]      10 of    69 ms ( 13.8%): Thread-4
[13.647s][info   ][gc,stats    ]      10 of    69 ms ( 14.1%): Thread-5
[13.647s][info   ][gc,stats    ]      12 of    69 ms ( 17.5%): Thread-7
[13.647s][info   ][gc,stats    ]      66 of    69 ms ( 95.5%): <total>
[13.647s][info   ][gc,stats    ]       3 of    69 ms (  5.0%): <average total>
[13.647s][info   ][gc,stats    ]      11 of    69 ms ( 15.9%): <average non-zero>
[13.647s][info   ][gc,stats    ] 
[13.647s][info   ][gc,metaspace] Metaspace: 213K(448K)->213K(448K) NonClass: 204K(320K)->204K(320K) Class: 9K(128K)->9K(128K)
[13.647s][info   ][gc,ergo     ] Pacer for Idle. Initial: 41943K, Alloc Tax Rate: 1.0x
[13.700s][info   ][gc          ] Trigger: Average GC time (46.83 ms) is above the time for average allocation rate (15183 MB/s) to deplete free headroom (647M) (margin of error = 1.89)
[13.701s][info   ][gc,ergo     ] Free headroom: 750M (free) - 102M (spike) - 0B (penalties) = 647M
[13.701s][info   ][gc,ergo     ] Free: 746M, Max: 1024K regular, 660M humongous, Frag: 12% external, 0% internal; Reserve: 103M, Max: 1024K
[13.701s][info   ][gc,start    ] GC(200) Concurrent reset
[13.701s][info   ][gc,task     ] GC(200) Using 1 of 2 workers for concurrent reset
[13.701s][info   ][gc,ergo     ] GC(200) Pacer for Reset. Non-Taxable: 2048M
[13.717s][info   ][gc          ] GC(200) Concurrent reset 15.792ms
[13.719s][info   ][gc,start    ] GC(200) Pause Init Mark (unload classes)
[13.719s][info   ][gc,task     ] GC(200) Using 2 of 2 workers for init marking
[13.719s][info   ][gc,ergo     ] GC(200) Pacer for Mark. Expected Live: 139M, Free: 494M, Non-Taxable: 50618K, Alloc Tax Rate: 0.3x
[13.719s][info   ][gc          ] GC(200) Pause Init Mark (unload classes) 0.205ms
[13.719s][info   ][gc,start    ] GC(200) Concurrent marking roots
[13.719s][info   ][gc,task     ] GC(200) Using 1 of 2 workers for concurrent marking roots
[13.722s][info   ][gc          ] GC(200) Concurrent marking roots 2.745ms
[13.722s][info   ][gc,start    ] GC(200) Concurrent marking (unload classes)
[13.722s][info   ][gc,task     ] GC(200) Using 1 of 2 workers for concurrent marking
[13.724s][info   ][gc          ] GC(200) Concurrent marking (unload classes) 2.144ms
[13.724s][info   ][gc,start    ] GC(200) Pause Final Mark (unload classes)
[13.724s][info   ][gc,task     ] GC(200) Using 2 of 2 workers for final marking
[13.725s][info   ][gc,ergo     ] GC(200) Collectable Garbage: 540M (98%), Immediate: 540M (98%), CSet: 0B (0%)
[13.725s][info   ][gc          ] GC(200) Pause Final Mark (unload classes) 0.490ms
[13.727s][info   ][gc,start    ] GC(200) Concurrent weak references
[13.727s][info   ][gc,task     ] GC(200) Using 1 of 2 workers for concurrent weak references
[13.730s][info   ][gc,ref      ] GC(200) Encountered references: Soft: 11, Weak: 37, Final: 0, Phantom: 5
[13.730s][info   ][gc,ref      ] GC(200) Discovered  references: Soft: 0, Weak: 11, Final: 0, Phantom: 5
[13.730s][info   ][gc,ref      ] GC(200) Enqueued    references: Soft: 0, Weak: 0, Final: 0, Phantom: 0
[13.730s][info   ][gc          ] GC(200) Concurrent weak references 2.970ms
[13.730s][info   ][gc,start    ] GC(200) Concurrent weak roots
[13.730s][info   ][gc,task     ] GC(200) Using 1 of 2 workers for concurrent weak root
[13.742s][info   ][gc          ] GC(200) Concurrent weak roots 11.165ms
[13.742s][info   ][gc,start    ] GC(200) Concurrent cleanup
[13.742s][info   ][gc          ] GC(200) Concurrent cleanup 878M->344M(2048M) 0.740ms
[13.742s][info   ][gc,ergo     ] GC(200) Free: 1262M, Max: 1024K regular, 190M humongous, Frag: 85% external, 0% internal; Reserve: 103M, Max: 1024K
[13.742s][info   ][gc,start    ] GC(200) Concurrent class unloading
[13.742s][info   ][gc,task     ] GC(200) Using 1 of 2 workers for concurrent class unloading
[13.751s][info   ][gc          ] GC(200) Concurrent class unloading 8.964ms
[13.752s][info   ][gc,start    ] GC(200) Pause Final Roots
[13.752s][info   ][gc          ] GC(200) Pause Final Roots 0.036ms
[13.758s][info   ][gc,ergo     ] Free: 1024M, Max: 1024K regular, 190M humongous, Frag: 82% external, 0% internal; Reserve: 103M, Max: 1024K
[13.758s][info   ][gc,stats    ] 
[13.758s][info   ][gc,stats    ] All times are wall-clock times, except per-root-class counters, that are sum over
[13.758s][info   ][gc,stats    ] all workers. Dividing the <total> over the root stage time estimates parallelism.
[13.758s][info   ][gc,stats    ] 
[13.758s][info   ][gc,stats    ] Concurrent Reset                  15935 us
[13.758s][info   ][gc,stats    ] Pause Init Mark (G)                2411 us
[13.758s][info   ][gc,stats    ] Pause Init Mark (N)                 213 us
[13.758s][info   ][gc,stats    ]   Update Region States              131 us
[13.758s][info   ][gc,stats    ] Concurrent Mark Roots              2878 us, parallelism: 0.09x
[13.758s][info   ][gc,stats    ]   CMR: <total>                      267 us
[13.758s][info   ][gc,stats    ]   CMR: Thread Roots                 203 us, workers (us): 203, ---, 
[13.758s][info   ][gc,stats    ]   CMR: VM Strong Roots               13 us, workers (us):  13, ---, 
[13.758s][info   ][gc,stats    ]   CMR: CLDG Roots                    51 us, workers (us):  51, ---, 
[13.759s][info   ][gc,stats    ] Concurrent Marking                 2171 us
[13.759s][info   ][gc,stats    ] Pause Final Mark (G)               3196 us
[13.759s][info   ][gc,stats    ] Pause Final Mark (N)                498 us
[13.759s][info   ][gc,stats    ]   Finish Mark                       239 us
[13.759s][info   ][gc,stats    ]   Update Region States               88 us
[13.759s][info   ][gc,stats    ]   Choose Collection Set             117 us
[13.759s][info   ][gc,stats    ]   Rebuild Free Set                    9 us
[13.759s][info   ][gc,stats    ] Concurrent Weak References         3015 us, parallelism: 0.00x
[13.759s][info   ][gc,stats    ]   CWRF: <total>                      14 us
[13.759s][info   ][gc,stats    ]   CWRF: Weak References              14 us, workers (us):  14, ---, 
[13.759s][info   ][gc,stats    ] Concurrent Weak Roots             11315 us
[13.759s][info   ][gc,stats    ]   Roots                             287 us, parallelism: 0.71x
[13.759s][info   ][gc,stats    ]     CWR: <total>                    205 us
[13.759s][info   ][gc,stats    ]     CWR: Code Cache Roots           128 us, workers (us): 128, ---, 
[13.759s][info   ][gc,stats    ]     CWR: VM Weak Roots               72 us, workers (us):  72, ---, 
[13.759s][info   ][gc,stats    ]     CWR: CLDG Roots                   4 us, workers (us):   4, ---, 
[13.759s][info   ][gc,stats    ]   Rendezvous                      10807 us
[13.759s][info   ][gc,stats    ] Concurrent Cleanup                  758 us
[13.759s][info   ][gc,stats    ] Concurrent Class Unloading         9110 us
[13.759s][info   ][gc,stats    ]   Unlink Stale                     3501 us
[13.759s][info   ][gc,stats    ]     System Dictionary                13 us
[13.759s][info   ][gc,stats    ]     Weak Class Links                  1 us
[13.759s][info   ][gc,stats    ]     Code Roots                     3481 us
[13.759s][info   ][gc,stats    ]   Rendezvous                       5343 us
[13.759s][info   ][gc,stats    ]   Purge Unlinked                     88 us
[13.759s][info   ][gc,stats    ]     Code Roots                       65 us
[13.759s][info   ][gc,stats    ]     CLDG                             19 us
[13.759s][info   ][gc,stats    ]     Exception Caches                  2 us
[13.759s][info   ][gc,stats    ] Pause Final Roots (G)              6197 us
[13.759s][info   ][gc,stats    ] Pause Final Roots (N)                59 us
[13.759s][info   ][gc,stats    ] Pacing                            78026 us
[13.759s][info   ][gc,stats    ] 
[13.759s][info   ][gc,stats    ] Allocation pacing accrued:
[13.759s][info   ][gc,stats    ]      10 of   112 ms (  8.9%): Thread-0
[13.759s][info   ][gc,stats    ]      10 of   112 ms (  8.9%): Thread-1
[13.759s][info   ][gc,stats    ]       4 of   112 ms (  3.8%): Thread-2
[13.759s][info   ][gc,stats    ]      17 of   112 ms ( 14.9%): Thread-3
[13.759s][info   ][gc,stats    ]       7 of   112 ms (  6.3%): Thread-4
[13.759s][info   ][gc,stats    ]      10 of   112 ms (  8.6%): Thread-5
[13.759s][info   ][gc,stats    ]       5 of   112 ms (  4.5%): Thread-6
[13.759s][info   ][gc,stats    ]      16 of   112 ms ( 14.1%): Thread-7
[13.759s][info   ][gc,stats    ]      78 of   112 ms ( 69.9%): <total>
[13.759s][info   ][gc,stats    ]       4 of   112 ms (  3.7%): <average total>
[13.759s][info   ][gc,stats    ]      10 of   112 ms (  8.7%): <average non-zero>
[13.759s][info   ][gc,stats    ] 
[13.759s][info   ][gc,metaspace] Metaspace: 213K(448K)->213K(448K) NonClass: 204K(320K)->204K(320K) Class: 9K(128K)->9K(128K)
[13.759s][info   ][gc,ergo     ] Pacer for Idle. Initial: 41943K, Alloc Tax Rate: 1.0x
[13.761s][info   ][gc          ] Trigger: Average GC time (74.55 ms) is above the time for average allocation rate (15192 MB/s) to deplete free headroom (879M) (margin of error = 1.90)
[13.761s][info   ][gc,ergo     ] Free headroom: 982M (free) - 102M (spike) - 0B (penalties) = 879M
[13.761s][info   ][gc,ergo     ] Free: 982M, Max: 1024K regular, 190M humongous, Frag: 81% external, 0% internal; Reserve: 103M, Max: 1024K
[13.761s][info   ][gc,start    ] GC(201) Concurrent reset
[13.761s][info   ][gc,task     ] GC(201) Using 1 of 2 workers for concurrent reset
[13.761s][info   ][gc,ergo     ] GC(201) Pacer for Reset. Non-Taxable: 2048M
[13.770s][info   ][gc          ] GC(201) Concurrent reset 9.055ms
[13.775s][info   ][gc,start    ] GC(201) Pause Init Mark (unload classes)
[13.775s][info   ][gc,task     ] GC(201) Using 2 of 2 workers for init marking
[13.776s][info   ][gc,ergo     ] GC(201) Pacer for Mark. Expected Live: 151M, Free: 830M, Non-Taxable: 85024K, Alloc Tax Rate: 0.2x
[13.776s][info   ][gc          ] GC(201) Pause Init Mark (unload classes) 0.384ms
[13.780s][info   ][gc,start    ] GC(201) Concurrent marking roots
[13.780s][info   ][gc,task     ] GC(201) Using 1 of 2 workers for concurrent marking roots
[13.781s][info   ][gc          ] GC(201) Concurrent marking roots 0.573ms
[13.781s][info   ][gc,start    ] GC(201) Concurrent marking (unload classes)
[13.781s][info   ][gc,task     ] GC(201) Using 1 of 2 workers for concurrent marking
[13.782s][info   ][gc          ] GC(201) Concurrent marking (unload classes) 1.336ms
[13.782s][info   ][gc,start    ] GC(201) Pause Final Mark (unload classes)
[13.782s][info   ][gc,task     ] GC(201) Using 2 of 2 workers for final marking
[13.782s][info   ][gc,ergo     ] GC(201) Collectable Garbage: 356M (98%), Immediate: 356M (98%), CSet: 0B (0%)
[13.782s][info   ][gc          ] GC(201) Pause Final Mark (unload classes) 0.317ms
[13.782s][info   ][gc,start    ] GC(201) Concurrent weak references
[13.782s][info   ][gc,task     ] GC(201) Using 1 of 2 workers for concurrent weak references
[13.782s][info   ][gc,ref      ] GC(201) Encountered references: Soft: 11, Weak: 37, Final: 0, Phantom: 5
[13.783s][info   ][gc,ref      ] GC(201) Discovered  references: Soft: 0, Weak: 11, Final: 0, Phantom: 5
[13.783s][info   ][gc,ref      ] GC(201) Enqueued    references: Soft: 0, Weak: 0, Final: 0, Phantom: 0
[13.783s][info   ][gc          ] GC(201) Concurrent weak references 0.055ms
[13.783s][info   ][gc,start    ] GC(201) Concurrent weak roots
[13.783s][info   ][gc,task     ] GC(201) Using 1 of 2 workers for concurrent weak root
[13.783s][info   ][gc          ] GC(201) Concurrent weak roots 0.214ms
[13.783s][info   ][gc,start    ] GC(201) Concurrent cleanup
[13.783s][info   ][gc          ] GC(201) Concurrent cleanup 602M->246M(2048M) 0.381ms
[13.783s][info   ][gc,ergo     ] GC(201) Free: 1458M, Max: 1024K regular, 194M humongous, Frag: 87% external, 0% internal; Reserve: 103M, Max: 1024K
[13.783s][info   ][gc,start    ] GC(201) Concurrent class unloading
[13.783s][info   ][gc,task     ] GC(201) Using 1 of 2 workers for concurrent class unloading
[13.783s][info   ][gc          ] GC(201) Concurrent class unloading 0.303ms
[13.784s][info   ][gc,start    ] GC(201) Pause Final Roots
[13.784s][info   ][gc          ] GC(201) Pause Final Roots 0.021ms
[13.784s][info   ][gc,ergo     ] Free: 1458M, Max: 1024K regular, 194M humongous, Frag: 87% external, 0% internal; Reserve: 103M, Max: 1024K
[13.784s][info   ][gc,stats    ] 
[13.784s][info   ][gc,stats    ] All times are wall-clock times, except per-root-class counters, that are sum over
[13.784s][info   ][gc,stats    ] all workers. Dividing the <total> over the root stage time estimates parallelism.
[13.784s][info   ][gc,stats    ] 
[13.784s][info   ][gc,stats    ] Concurrent Reset                   9217 us
[13.784s][info   ][gc,stats    ] Pause Init Mark (G)               10176 us
[13.784s][info   ][gc,stats    ] Pause Init Mark (N)                 394 us
[13.784s][info   ][gc,stats    ]   Update Region States              274 us
[13.784s][info   ][gc,stats    ] Concurrent Mark Roots               591 us, parallelism: 0.31x
[13.784s][info   ][gc,stats    ]   CMR: <total>                      186 us
[13.784s][info   ][gc,stats    ]   CMR: Thread Roots                 138 us, workers (us): 138, ---, 
[13.784s][info   ][gc,stats    ]   CMR: VM Strong Roots                8 us, workers (us):   8, ---, 
[13.784s][info   ][gc,stats    ]   CMR: CLDG Roots                    41 us, workers (us):  41, ---, 
[13.784s][info   ][gc,stats    ] Concurrent Marking                 1352 us
[13.784s][info   ][gc,stats    ] Pause Final Mark (G)                408 us
[13.784s][info   ][gc,stats    ] Pause Final Mark (N)                327 us
[13.784s][info   ][gc,stats    ]   Finish Mark                       116 us
[13.784s][info   ][gc,stats    ]   Update Region States               56 us
[13.784s][info   ][gc,stats    ]   Choose Collection Set              92 us
[13.784s][info   ][gc,stats    ]   Rebuild Free Set                   13 us
[13.784s][info   ][gc,stats    ] Concurrent Weak References           61 us, parallelism: 0.03x
[13.784s][info   ][gc,stats    ]   CWRF: <total>                       2 us
[13.784s][info   ][gc,stats    ]   CWRF: Weak References               2 us, workers (us):   2, ---, 
[13.784s][info   ][gc,stats    ] Concurrent Weak Roots               224 us
[13.784s][info   ][gc,stats    ]   Roots                             128 us, parallelism: 0.38x
[13.784s][info   ][gc,stats    ]     CWR: <total>                     48 us
[13.784s][info   ][gc,stats    ]     CWR: Code Cache Roots            24 us, workers (us):  24, ---, 
[13.784s][info   ][gc,stats    ]     CWR: VM Weak Roots               23 us, workers (us):  23, ---, 
[13.784s][info   ][gc,stats    ]     CWR: CLDG Roots                   1 us, workers (us):   1, ---, 
[13.784s][info   ][gc,stats    ]   Rendezvous                         71 us
[13.784s][info   ][gc,stats    ] Concurrent Cleanup                  390 us
[13.784s][info   ][gc,stats    ] Concurrent Class Unloading          320 us
[13.784s][info   ][gc,stats    ]   Unlink Stale                      108 us
[13.784s][info   ][gc,stats    ]     System Dictionary                 4 us
[13.784s][info   ][gc,stats    ]     Weak Class Links                  1 us
[13.784s][info   ][gc,stats    ]     Code Roots                      101 us
[13.784s][info   ][gc,stats    ]   Rendezvous                         94 us
[13.784s][info   ][gc,stats    ]   Purge Unlinked                     85 us
[13.784s][info   ][gc,stats    ]     Code Roots                       64 us
[13.784s][info   ][gc,stats    ]     CLDG                             18 us
[13.784s][info   ][gc,stats    ]     Exception Caches                  1 us
[13.784s][info   ][gc,stats    ] Pause Final Roots (G)               192 us
[13.784s][info   ][gc,stats    ] Pause Final Roots (N)                31 us
[13.784s][info   ][gc,stats    ] 
[13.784s][info   ][gc,stats    ] Allocation pacing accrued:
[13.784s][info   ][gc,stats    ]       0 of    25 ms (  0.0%): <total>
[13.784s][info   ][gc,stats    ]       0 of    25 ms (  0.0%): <average total>
[13.784s][info   ][gc,stats    ] 
[13.784s][info   ][gc,metaspace] Metaspace: 213K(448K)->213K(448K) NonClass: 204K(320K)->204K(320K) Class: 9K(128K)->9K(128K)
[13.784s][info   ][gc,ergo     ] Pacer for Idle. Initial: 41943K, Alloc Tax Rate: 1.0x
[13.818s][info   ][gc          ] Trigger: Average GC time (61.41 ms) is above the time for average allocation rate (15181 MB/s) to deplete free headroom (929M) (margin of error = 1.89)
[13.818s][info   ][gc,ergo     ] Free headroom: 1032M (free) - 102M (spike) - 0B (penalties) = 929M
[13.818s][info   ][gc,ergo     ] Free: 1032M, Max: 1024K regular, 194M humongous, Frag: 82% external, 0% internal; Reserve: 103M, Max: 1024K
[13.818s][info   ][gc,start    ] GC(202) Concurrent reset
[13.818s][info   ][gc,task     ] GC(202) Using 1 of 2 workers for concurrent reset
[13.818s][info   ][gc,ergo     ] GC(202) Pacer for Reset. Non-Taxable: 2048M
[13.829s][info   ][gc          ] GC(202) Concurrent reset 11.194ms
[13.833s][info   ][gc,start    ] GC(202) Pause Init Mark (unload classes)
[13.833s][info   ][gc,task     ] GC(202) Using 2 of 2 workers for init marking
[13.834s][info   ][gc,ergo     ] GC(202) Pacer for Mark. Expected Live: 164M, Free: 844M, Non-Taxable: 86458K, Alloc Tax Rate: 0.2x
[13.834s][info   ][gc          ] GC(202) Pause Init Mark (unload classes) 0.249ms
[13.834s][info   ][gc,start    ] GC(202) Concurrent marking roots
[13.834s][info   ][gc,task     ] GC(202) Using 1 of 2 workers for concurrent marking roots
[13.836s][info   ][gc          ] GC(202) Concurrent marking roots 1.907ms
[13.836s][info   ][gc,start    ] GC(202) Concurrent marking (unload classes)
[13.836s][info   ][gc,task     ] GC(202) Using 1 of 2 workers for concurrent marking
[13.848s][info   ][gc          ] GC(202) Concurrent marking (unload classes) 12.832ms
[13.849s][info   ][gc,start    ] GC(202) Pause Final Mark (unload classes)
[13.849s][info   ][gc,task     ] GC(202) Using 2 of 2 workers for final marking
[13.851s][info   ][gc,ergo     ] GC(202) Collectable Garbage: 362M (98%), Immediate: 362M (98%), CSet: 0B (0%)
[13.851s][info   ][gc          ] GC(202) Pause Final Mark (unload classes) 1.188ms
[13.851s][info   ][gc,start    ] GC(202) Concurrent weak references
[13.851s][info   ][gc,task     ] GC(202) Using 1 of 2 workers for concurrent weak references
[13.851s][info   ][gc,ref      ] GC(202) Encountered references: Soft: 11, Weak: 37, Final: 0, Phantom: 5
[13.851s][info   ][gc,ref      ] GC(202) Discovered  references: Soft: 0, Weak: 11, Final: 0, Phantom: 5
[13.851s][info   ][gc,ref      ] GC(202) Enqueued    references: Soft: 0, Weak: 0, Final: 0, Phantom: 0
[13.851s][info   ][gc          ] GC(202) Concurrent weak references 0.088ms
[13.851s][info   ][gc,start    ] GC(202) Concurrent weak roots
[13.851s][info   ][gc,task     ] GC(202) Using 1 of 2 workers for concurrent weak root
[13.862s][info   ][gc          ] GC(202) Concurrent weak roots 11.485ms
[13.863s][info   ][gc,start    ] GC(202) Concurrent cleanup
[13.864s][info   ][gc          ] GC(202) Concurrent cleanup 757M->404M(2048M) 1.557ms
[13.864s][info   ][gc,ergo     ] GC(202) Free: 1140M, Max: 1024K regular, 196M humongous, Frag: 83% external, 0% internal; Reserve: 103M, Max: 1024K
[13.864s][info   ][gc,start    ] GC(202) Concurrent class unloading
[13.864s][info   ][gc,task     ] GC(202) Using 1 of 2 workers for concurrent class unloading
[13.878s][info   ][gc          ] GC(202) Concurrent class unloading 13.327ms
[13.879s][info   ][gc,start    ] GC(202) Pause Final Roots
[13.879s][info   ][gc          ] GC(202) Pause Final Roots 0.044ms
[13.879s][info   ][gc,ergo     ] Free: 928M, Max: 1024K regular, 196M humongous, Frag: 79% external, 0% internal; Reserve: 103M, Max: 1024K
[13.879s][info   ][gc,stats    ] 
[13.879s][info   ][gc,stats    ] All times are wall-clock times, except per-root-class counters, that are sum over
[13.879s][info   ][gc,stats    ] all workers. Dividing the <total> over the root stage time estimates parallelism.
[13.879s][info   ][gc,stats    ] 
[13.879s][info   ][gc,stats    ] Concurrent Reset                  11439 us
[13.879s][info   ][gc,stats    ] Pause Init Mark (G)                3988 us
[13.879s][info   ][gc,stats    ] Pause Init Mark (N)                 259 us
[13.879s][info   ][gc,stats    ]   Update Region States              136 us
[13.879s][info   ][gc,stats    ] Concurrent Mark Roots              1961 us, parallelism: 0.92x
[13.879s][info   ][gc,stats    ]   CMR: <total>                     1801 us
[13.879s][info   ][gc,stats    ]   CMR: Thread Roots                1741 us, workers (us): 1741, ---, 
[13.879s][info   ][gc,stats    ]   CMR: VM Strong Roots                8 us, workers (us):   8, ---, 
[13.879s][info   ][gc,stats    ]   CMR: CLDG Roots                    52 us, workers (us):  52, ---, 
[13.879s][info   ][gc,stats    ] Concurrent Marking                12978 us
[13.879s][info   ][gc,stats    ] Pause Final Mark (G)               2007 us
[13.879s][info   ][gc,stats    ] Pause Final Mark (N)               1197 us
[13.879s][info   ][gc,stats    ]   Finish Mark                       936 us
[13.879s][info   ][gc,stats    ]   Update Region States               84 us
[13.879s][info   ][gc,stats    ]   Choose Collection Set             109 us
[13.879s][info   ][gc,stats    ]   Rebuild Free Set                   10 us
[13.879s][info   ][gc,stats    ] Concurrent Weak References           96 us, parallelism: 0.14x
[13.879s][info   ][gc,stats    ]   CWRF: <total>                      13 us
[13.879s][info   ][gc,stats    ]   CWRF: Weak References              13 us, workers (us):  13, ---, 
[13.879s][info   ][gc,stats    ] Concurrent Weak Roots             11759 us
[13.879s][info   ][gc,stats    ]   Roots                             242 us, parallelism: 0.75x
[13.879s][info   ][gc,stats    ]     CWR: <total>                    182 us
[13.879s][info   ][gc,stats    ]     CWR: Code Cache Roots            84 us, workers (us):  84, ---, 
[13.879s][info   ][gc,stats    ]     CWR: VM Weak Roots               92 us, workers (us):  92, ---, 
[13.879s][info   ][gc,stats    ]     CWR: CLDG Roots                   5 us, workers (us):   5, ---, 
[13.879s][info   ][gc,stats    ]   Rendezvous                      11204 us
[13.879s][info   ][gc,stats    ] Concurrent Cleanup                 1670 us
[13.879s][info   ][gc,stats    ] Concurrent Class Unloading        13600 us
[13.879s][info   ][gc,stats    ]   Unlink Stale                     5709 us
[13.879s][info   ][gc,stats    ]     System Dictionary                20 us
[13.879s][info   ][gc,stats    ]     Weak Class Links                  2 us
[13.879s][info   ][gc,stats    ]     Code Roots                     5677 us
[13.879s][info   ][gc,stats    ]   Rendezvous                       4083 us
[13.879s][info   ][gc,stats    ]   Purge Unlinked                   3439 us
[13.879s][info   ][gc,stats    ]     Code Roots                     3399 us
[13.879s][info   ][gc,stats    ]     CLDG                             34 us
[13.879s][info   ][gc,stats    ]     Exception Caches                  2 us
[13.879s][info   ][gc,stats    ] Pause Final Roots (G)               815 us
[13.879s][info   ][gc,stats    ] Pause Final Roots (N)                54 us
[13.879s][info   ][gc,stats    ] Pacing                            94584 us
[13.879s][info   ][gc,stats    ] 
[13.879s][info   ][gc,stats    ] Allocation pacing accrued:
[13.879s][info   ][gc,stats    ]      10 of    95 ms ( 10.8%): Thread-0
[13.879s][info   ][gc,stats    ]      11 of    95 ms ( 11.1%): Thread-1
[13.879s][info   ][gc,stats    ]      13 of    95 ms ( 14.0%): Thread-2
[13.879s][info   ][gc,stats    ]      13 of    95 ms ( 13.4%): Thread-3
[13.879s][info   ][gc,stats    ]      11 of    95 ms ( 11.1%): Thread-4
[13.879s][info   ][gc,stats    ]      13 of    95 ms ( 13.5%): Thread-5
[13.879s][info   ][gc,stats    ]      13 of    95 ms ( 13.9%): Thread-6
[13.879s][info   ][gc,stats    ]      11 of    95 ms ( 11.4%): Thread-7
[13.879s][info   ][gc,stats    ]      95 of    95 ms ( 99.3%): <total>
[13.879s][info   ][gc,stats    ]       5 of    95 ms (  5.2%): <average total>
[13.879s][info   ][gc,stats    ]      12 of    95 ms ( 12.4%): <average non-zero>
[13.879s][info   ][gc,stats    ] 
[13.879s][info   ][gc,metaspace] Metaspace: 213K(448K)->213K(448K) NonClass: 204K(320K)->204K(320K) Class: 9K(128K)->9K(128K)
[13.879s][info   ][gc,ergo     ] Pacer for Idle. Initial: 41943K, Alloc Tax Rate: 1.0x
[13.881s][info   ][gc          ] Trigger: Average GC time (80.40 ms) is above the time for average allocation rate (15195 MB/s) to deplete free headroom (793M) (margin of error = 1.90)
[13.881s][info   ][gc,ergo     ] Free headroom: 896M (free) - 102M (spike) - 0B (penalties) = 793M
[13.881s][info   ][gc,ergo     ] Free: 896M, Max: 1024K regular, 196M humongous, Frag: 79% external, 0% internal; Reserve: 103M, Max: 1024K
[13.881s][info   ][gc,start    ] GC(203) Concurrent reset
[13.881s][info   ][gc,task     ] GC(203) Using 1 of 2 workers for concurrent reset
[13.881s][info   ][gc,ergo     ] GC(203) Pacer for Reset. Non-Taxable: 2048M
[13.889s][info   ][gc          ] GC(203) Concurrent reset 8.719ms
[13.891s][info   ][gc,start    ] GC(203) Pause Init Mark (unload classes)
[13.891s][info   ][gc,task     ] GC(203) Using 2 of 2 workers for init marking
[13.892s][info   ][gc,ergo     ] GC(203) Pacer for Mark. Expected Live: 178M, Free: 756M, Non-Taxable: 77447K, Alloc Tax Rate: 0.3x
[13.892s][info   ][gc          ] GC(203) Pause Init Mark (unload classes) 0.474ms
[13.897s][info   ][gc,start    ] GC(203) Concurrent marking roots
[13.897s][info   ][gc,task     ] GC(203) Using 1 of 2 workers for concurrent marking roots
[13.897s][info   ][gc          ] GC(203) Concurrent marking roots 0.352ms
[13.897s][info   ][gc,start    ] GC(203) Concurrent marking (unload classes)
[13.897s][info   ][gc,task     ] GC(203) Using 1 of 2 workers for concurrent marking
[13.899s][info   ][gc          ] GC(203) Concurrent marking (unload classes) 1.383ms
[13.899s][info   ][gc,start    ] GC(203) Pause Final Mark (unload classes)
[13.899s][info   ][gc,task     ] GC(203) Using 2 of 2 workers for final marking
[13.899s][info   ][gc,ergo     ] GC(203) Collectable Garbage: 412M (98%), Immediate: 412M (98%), CSet: 0B (0%)
[13.899s][info   ][gc          ] GC(203) Pause Final Mark (unload classes) 0.326ms
[13.899s][info   ][gc,start    ] GC(203) Concurrent weak references
[13.899s][info   ][gc,task     ] GC(203) Using 1 of 2 workers for concurrent weak references
[13.899s][info   ][gc,ref      ] GC(203) Encountered references: Soft: 11, Weak: 37, Final: 0, Phantom: 5
[13.899s][info   ][gc,ref      ] GC(203) Discovered  references: Soft: 0, Weak: 11, Final: 0, Phantom: 5
[13.899s][info   ][gc,ref      ] GC(203) Enqueued    references: Soft: 0, Weak: 0, Final: 0, Phantom: 0
[13.899s][info   ][gc          ] GC(203) Concurrent weak references 0.053ms
[13.899s][info   ][gc,start    ] GC(203) Concurrent weak roots
[13.899s][info   ][gc,task     ] GC(203) Using 1 of 2 workers for concurrent weak root
[13.899s][info   ][gc          ] GC(203) Concurrent weak roots 0.187ms
[13.899s][info   ][gc,start    ] GC(203) Concurrent cleanup
[13.900s][info   ][gc          ] GC(203) Concurrent cleanup 635M->223M(2048M) 0.414ms
[13.900s][info   ][gc,ergo     ] GC(203) Free: 1504M, Max: 1024K regular, 284M humongous, Frag: 82% external, 0% internal; Reserve: 103M, Max: 1024K
[13.900s][info   ][gc,start    ] GC(203) Concurrent class unloading
[13.900s][info   ][gc,task     ] GC(203) Using 1 of 2 workers for concurrent class unloading
[13.900s][info   ][gc          ] GC(203) Concurrent class unloading 0.295ms
[13.900s][info   ][gc,start    ] GC(203) Pause Final Roots
[13.900s][info   ][gc          ] GC(203) Pause Final Roots 0.020ms
[13.900s][info   ][gc,ergo     ] Free: 1504M, Max: 1024K regular, 284M humongous, Frag: 82% external, 0% internal; Reserve: 103M, Max: 1024K
[13.900s][info   ][gc,stats    ] 
[13.900s][info   ][gc,stats    ] All times are wall-clock times, except per-root-class counters, that are sum over
[13.900s][info   ][gc,stats    ] all workers. Dividing the <total> over the root stage time estimates parallelism.
[13.900s][info   ][gc,stats    ] 
[13.900s][info   ][gc,stats    ] Concurrent Reset                   8915 us
[13.900s][info   ][gc,stats    ] Pause Init Mark (G)                7481 us
[13.900s][info   ][gc,stats    ] Pause Init Mark (N)                 485 us
[13.900s][info   ][gc,stats    ]   Update Region States              320 us
[13.900s][info   ][gc,stats    ] Concurrent Mark Roots               370 us, parallelism: 0.36x
[13.900s][info   ][gc,stats    ]   CMR: <total>                      132 us
[13.900s][info   ][gc,stats    ]   CMR: Thread Roots                  99 us, workers (us):  99, ---, 
[13.900s][info   ][gc,stats    ]   CMR: VM Strong Roots                7 us, workers (us):   7, ---, 
[13.900s][info   ][gc,stats    ]   CMR: CLDG Roots                    26 us, workers (us):  26, ---, 
[13.900s][info   ][gc,stats    ] Concurrent Marking                 1398 us
[13.900s][info   ][gc,stats    ] Pause Final Mark (G)                411 us
[13.900s][info   ][gc,stats    ] Pause Final Mark (N)                335 us
[13.900s][info   ][gc,stats    ]   Finish Mark                       127 us
[13.900s][info   ][gc,stats    ]   Update Region States               78 us
[13.900s][info   ][gc,stats    ]   Choose Collection Set              79 us
[13.901s][info   ][gc,stats    ]   Rebuild Free Set                   10 us
[13.901s][info   ][gc,stats    ] Concurrent Weak References           60 us, parallelism: 0.03x
[13.901s][info   ][gc,stats    ]   CWRF: <total>                       2 us
[13.901s][info   ][gc,stats    ]   CWRF: Weak References               2 us, workers (us):   2, ---, 
[13.901s][info   ][gc,stats    ] Concurrent Weak Roots               197 us
[13.901s][info   ][gc,stats    ]   Roots                             112 us, parallelism: 0.39x
[13.901s][info   ][gc,stats    ]     CWR: <total>                     44 us
[13.901s][info   ][gc,stats    ]     CWR: Code Cache Roots            23 us, workers (us):  23, ---, 
[13.901s][info   ][gc,stats    ]     CWR: VM Weak Roots               20 us, workers (us):  20, ---, 
[13.901s][info   ][gc,stats    ]     CWR: CLDG Roots                   1 us, workers (us):   1, ---, 
[13.901s][info   ][gc,stats    ]   Rendezvous                         61 us
[13.901s][info   ][gc,stats    ] Concurrent Cleanup                  423 us
[13.901s][info   ][gc,stats    ] Concurrent Class Unloading          311 us
[13.901s][info   ][gc,stats    ]   Unlink Stale                      107 us
[13.901s][info   ][gc,stats    ]     System Dictionary                 4 us
[13.901s][info   ][gc,stats    ]     Weak Class Links                  1 us
[13.901s][info   ][gc,stats    ]     Code Roots                      101 us
[13.901s][info   ][gc,stats    ]   Rendezvous                         80 us
[13.901s][info   ][gc,stats    ]   Purge Unlinked                     94 us
[13.901s][info   ][gc,stats    ]     Code Roots                       78 us
[13.901s][info   ][gc,stats    ]     CLDG                             13 us
[13.901s][info   ][gc,stats    ]     Exception Caches                  1 us
[13.901s][info   ][gc,stats    ] Pause Final Roots (G)               108 us
[13.901s][info   ][gc,stats    ] Pause Final Roots (N)                29 us
[13.901s][info   ][gc,stats    ] 
[13.901s][info   ][gc,stats    ] Allocation pacing accrued:
[13.901s][info   ][gc,stats    ]       0 of    21 ms (  0.0%): <total>
[13.901s][info   ][gc,stats    ]       0 of    21 ms (  0.0%): <average total>
[13.901s][info   ][gc,stats    ] 
[13.901s][info   ][gc,metaspace] Metaspace: 213K(448K)->213K(448K) NonClass: 204K(320K)->204K(320K) Class: 9K(128K)->9K(128K)
[13.901s][info   ][gc,ergo     ] Pacer for Idle. Initial: 41943K, Alloc Tax Rate: 1.0x
[13.927s][info   ][gc          ] Trigger: Average GC time (67.90 ms) is above the time for average allocation rate (15184 MB/s) to deplete free headroom (1015M) (margin of error = 1.89)
[13.927s][info   ][gc,ergo     ] Free headroom: 1118M (free) - 102M (spike) - 0B (penalties) = 1015M
[13.927s][info   ][gc,ergo     ] Free: 1114M, Max: 1024K regular, 284M humongous, Frag: 75% external, 0% internal; Reserve: 103M, Max: 1024K
[13.927s][info   ][gc,start    ] GC(204) Concurrent reset
[13.927s][info   ][gc,task     ] GC(204) Using 1 of 2 workers for concurrent reset
[13.927s][info   ][gc,ergo     ] GC(204) Pacer for Reset. Non-Taxable: 2048M
[13.936s][info   ][gc          ] GC(204) Concurrent reset 8.733ms
[13.940s][info   ][gc,start    ] GC(204) Pause Init Mark (unload classes)
[13.940s][info   ][gc,task     ] GC(204) Using 2 of 2 workers for init marking
[13.940s][info   ][gc,ergo     ] GC(204) Pacer for Mark. Expected Live: 183M, Free: 948M, Non-Taxable: 97107K, Alloc Tax Rate: 0.2x
[13.940s][info   ][gc          ] GC(204) Pause Init Mark (unload classes) 0.238ms
[13.946s][info   ][gc,start    ] GC(204) Concurrent marking roots
[13.946s][info   ][gc,task     ] GC(204) Using 1 of 2 workers for concurrent marking roots
[13.947s][info   ][gc          ] GC(204) Concurrent marking roots 0.607ms
[13.947s][info   ][gc,start    ] GC(204) Concurrent marking (unload classes)
[13.947s][info   ][gc,task     ] GC(204) Using 1 of 2 workers for concurrent marking
[13.948s][info   ][gc          ] GC(204) Concurrent marking (unload classes) 1.581ms
[13.948s][info   ][gc,start    ] GC(204) Pause Final Mark (unload classes)
[13.948s][info   ][gc,task     ] GC(204) Using 2 of 2 workers for final marking
[13.949s][info   ][gc,ergo     ] GC(204) Collectable Garbage: 332M (98%), Immediate: 332M (98%), CSet: 0B (0%)
[13.949s][info   ][gc          ] GC(204) Pause Final Mark (unload classes) 0.571ms
[13.949s][info   ][gc,start    ] GC(204) Concurrent weak references
[13.949s][info   ][gc,task     ] GC(204) Using 1 of 2 workers for concurrent weak references
[13.949s][info   ][gc,ref      ] GC(204) Encountered references: Soft: 11, Weak: 37, Final: 0, Phantom: 5
[13.949s][info   ][gc,ref      ] GC(204) Discovered  references: Soft: 0, Weak: 11, Final: 0, Phantom: 5
[13.949s][info   ][gc,ref      ] GC(204) Enqueued    references: Soft: 0, Weak: 0, Final: 0, Phantom: 0
[13.949s][info   ][gc          ] GC(204) Concurrent weak references 0.171ms
[13.949s][info   ][gc,start    ] GC(204) Concurrent weak roots
[13.949s][info   ][gc,task     ] GC(204) Using 1 of 2 workers for concurrent weak root
[13.949s][info   ][gc          ] GC(204) Concurrent weak roots 0.244ms
[13.949s][info   ][gc,start    ] GC(204) Concurrent cleanup
[13.950s][info   ][gc          ] GC(204) Concurrent cleanup 548M->216M(2048M) 0.396ms
[13.950s][info   ][gc,ergo     ] GC(204) Free: 1518M, Max: 1024K regular, 406M humongous, Frag: 74% external, 0% internal; Reserve: 103M, Max: 1024K
[13.950s][info   ][gc,start    ] GC(204) Concurrent class unloading
[13.950s][info   ][gc,task     ] GC(204) Using 1 of 2 workers for concurrent class unloading
[13.950s][info   ][gc          ] GC(204) Concurrent class unloading 0.390ms
[13.950s][info   ][gc,start    ] GC(204) Pause Final Roots
[13.950s][info   ][gc          ] GC(204) Pause Final Roots 0.017ms
[13.950s][info   ][gc,ergo     ] Free: 1518M, Max: 1024K regular, 406M humongous, Frag: 74% external, 0% internal; Reserve: 103M, Max: 1024K
[13.950s][info   ][gc,stats    ] 
[13.950s][info   ][gc,stats    ] All times are wall-clock times, except per-root-class counters, that are sum over
[13.950s][info   ][gc,stats    ] all workers. Dividing the <total> over the root stage time estimates parallelism.
[13.950s][info   ][gc,stats    ] 
[13.950s][info   ][gc,stats    ] Concurrent Reset                   8870 us
[13.950s][info   ][gc,stats    ] Pause Init Mark (G)               10062 us
[13.950s][info   ][gc,stats    ] Pause Init Mark (N)                 247 us
[13.951s][info   ][gc,stats    ]   Update Region States              154 us
[13.951s][info   ][gc,stats    ] Concurrent Mark Roots               630 us, parallelism: 0.27x
[13.951s][info   ][gc,stats    ]   CMR: <total>                      170 us
[13.951s][info   ][gc,stats    ]   CMR: Thread Roots                 129 us, workers (us): 129, ---, 
[13.951s][info   ][gc,stats    ]   CMR: VM Strong Roots                5 us, workers (us):   5, ---, 
[13.951s][info   ][gc,stats    ]   CMR: CLDG Roots                    36 us, workers (us):  36, ---, 
[13.951s][info   ][gc,stats    ] Concurrent Marking                 1601 us
[13.951s][info   ][gc,stats    ] Pause Final Mark (G)                678 us
[13.951s][info   ][gc,stats    ] Pause Final Mark (N)                580 us
[13.951s][info   ][gc,stats    ]   Finish Mark                       341 us
[13.951s][info   ][gc,stats    ]   Update Region States              100 us
[13.951s][info   ][gc,stats    ]   Choose Collection Set              73 us
[13.951s][info   ][gc,stats    ]   Rebuild Free Set                   10 us
[13.951s][info   ][gc,stats    ] Concurrent Weak References          178 us, parallelism: 0.02x
[13.951s][info   ][gc,stats    ]   CWRF: <total>                       3 us
[13.951s][info   ][gc,stats    ]   CWRF: Weak References               3 us, workers (us):   3, ---, 
[13.951s][info   ][gc,stats    ] Concurrent Weak Roots               259 us
[13.951s][info   ][gc,stats    ]   Roots                             133 us, parallelism: 0.40x
[13.951s][info   ][gc,stats    ]     CWR: <total>                     54 us
[13.951s][info   ][gc,stats    ]     CWR: Code Cache Roots            29 us, workers (us):  29, ---, 
[13.951s][info   ][gc,stats    ]     CWR: VM Weak Roots               22 us, workers (us):  22, ---, 
[13.951s][info   ][gc,stats    ]     CWR: CLDG Roots                   2 us, workers (us):   2, ---, 
[13.951s][info   ][gc,stats    ]   Rendezvous                         94 us
[13.951s][info   ][gc,stats    ] Concurrent Cleanup                  411 us
[13.951s][info   ][gc,stats    ] Concurrent Class Unloading          409 us
[13.951s][info   ][gc,stats    ]   Unlink Stale                      197 us
[13.951s][info   ][gc,stats    ]     System Dictionary                 4 us
[13.951s][info   ][gc,stats    ]     Weak Class Links                  1 us
[13.951s][info   ][gc,stats    ]     Code Roots                      189 us
[13.951s][info   ][gc,stats    ]   Rendezvous                         92 us
[13.951s][info   ][gc,stats    ]   Purge Unlinked                     84 us
[13.951s][info   ][gc,stats    ]     Code Roots                       67 us
[13.951s][info   ][gc,stats    ]     CLDG                             14 us
[13.951s][info   ][gc,stats    ]     Exception Caches                  1 us
[13.951s][info   ][gc,stats    ] Pause Final Roots (G)               113 us
[13.951s][info   ][gc,stats    ] Pause Final Roots (N)                25 us
[13.951s][info   ][gc,stats    ] Pacing                            41243 us
[13.951s][info   ][gc,stats    ] 
[13.951s][info   ][gc,stats    ] Allocation pacing accrued:
[13.951s][info   ][gc,stats    ]       4 of    50 ms (  8.1%): Thread-0
[13.951s][info   ][gc,stats    ]       7 of    50 ms ( 13.4%): Thread-1
[13.951s][info   ][gc,stats    ]       4 of    50 ms (  8.0%): Thread-2
[13.951s][info   ][gc,stats    ]       7 of    50 ms ( 13.0%): Thread-4
[13.951s][info   ][gc,stats    ]       4 of    50 ms (  7.4%): Thread-5
[13.951s][info   ][gc,stats    ]       7 of    50 ms ( 13.5%): Thread-6
[13.951s][info   ][gc,stats    ]       9 of    50 ms ( 18.9%): Thread-7
[13.951s][info   ][gc,stats    ]      41 of    50 ms ( 82.3%): <total>
[13.951s][info   ][gc,stats    ]       2 of    50 ms (  4.3%): <average total>
[13.951s][info   ][gc,stats    ]       6 of    50 ms ( 11.8%): <average non-zero>
[13.951s][info   ][gc,stats    ] 
[13.951s][info   ][gc,metaspace] Metaspace: 213K(448K)->213K(448K) NonClass: 204K(320K)->204K(320K) Class: 9K(128K)->9K(128K)
[13.951s][info   ][gc,ergo     ] Pacer for Idle. Initial: 41943K, Alloc Tax Rate: 1.0x
[13.991s][info   ][gc          ] Trigger: Average GC time (54.40 ms) is above the time for average allocation rate (15175 MB/s) to deplete free headroom (817M) (margin of error = 1.89)
[13.991s][info   ][gc,ergo     ] Free headroom: 920M (free) - 102M (spike) - 0B (penalties) = 817M
[13.991s][info   ][gc,ergo     ] Free: 920M, Max: 1024K regular, 406M humongous, Frag: 56% external, 0% internal; Reserve: 103M, Max: 1024K
[13.992s][info   ][gc,start    ] GC(205) Concurrent reset
[13.992s][info   ][gc,task     ] GC(205) Using 1 of 2 workers for concurrent reset
[13.992s][info   ][gc,ergo     ] GC(205) Pacer for Reset. Non-Taxable: 2048M
[13.995s][info   ][gc          ] GC(205) Concurrent reset 3.525ms
[13.996s][info   ][gc,start    ] GC(205) Pause Init Mark (unload classes)
[13.996s][info   ][gc,task     ] GC(205) Using 2 of 2 workers for init marking
[13.996s][info   ][gc,ergo     ] GC(205) Pacer for Mark. Expected Live: 181M, Free: 880M, Non-Taxable: 90144K, Alloc Tax Rate: 0.3x
[13.996s][info   ][gc          ] GC(205) Pause Init Mark (unload classes) 0.151ms
[13.996s][info   ][gc,start    ] GC(205) Concurrent marking roots
[13.996s][info   ][gc,task     ] GC(205) Using 1 of 2 workers for concurrent marking roots
[14.000s][info   ][gc          ] GC(205) Concurrent marking roots 3.859ms
[14.000s][info   ][gc,start    ] GC(205) Concurrent marking (unload classes)
[14.000s][info   ][gc,task     ] GC(205) Using 1 of 2 workers for concurrent marking
[14.021s][info   ][gc          ] GC(205) Concurrent marking (unload classes) 20.463ms
[14.022s][info   ][gc,start    ] GC(205) Pause Final Mark (unload classes)
[14.022s][info   ][gc,task     ] GC(205) Using 2 of 2 workers for final marking
[14.022s][info   ][gc,ergo     ] GC(205) Collectable Garbage: 353M (98%), Immediate: 353M (98%), CSet: 0B (0%)
[14.022s][info   ][gc          ] GC(205) Pause Final Mark (unload classes) 0.436ms
[14.024s][info   ][gc,start    ] GC(205) Concurrent weak references
[14.025s][info   ][gc,task     ] GC(205) Using 1 of 2 workers for concurrent weak references
[14.028s][info   ][gc,ref      ] GC(205) Encountered references: Soft: 11, Weak: 37, Final: 0, Phantom: 5
[14.028s][info   ][gc,ref      ] GC(205) Discovered  references: Soft: 0, Weak: 11, Final: 0, Phantom: 5
[14.028s][info   ][gc,ref      ] GC(205) Enqueued    references: Soft: 0, Weak: 0, Final: 0, Phantom: 0
[14.028s][info   ][gc          ] GC(205) Concurrent weak references 3.212ms
[14.028s][info   ][gc,start    ] GC(205) Concurrent weak roots
[14.028s][info   ][gc,task     ] GC(205) Using 1 of 2 workers for concurrent weak root
[14.032s][info   ][gc          ] GC(205) Concurrent weak roots 3.997ms
[14.032s][info   ][gc,start    ] GC(205) Concurrent cleanup
[14.033s][info   ][gc          ] GC(205) Concurrent cleanup 790M->446M(2048M) 1.064ms
[14.033s][info   ][gc,ergo     ] GC(205) Free: 1058M, Max: 1024K regular, 370M humongous, Frag: 66% external, 0% internal; Reserve: 103M, Max: 1024K
[14.033s][info   ][gc,start    ] GC(205) Concurrent class unloading
[14.033s][info   ][gc,task     ] GC(205) Using 1 of 2 workers for concurrent class unloading
[14.042s][info   ][gc          ] GC(205) Concurrent class unloading 8.939ms
[14.043s][info   ][gc,start    ] GC(205) Pause Final Roots
[14.043s][info   ][gc          ] GC(205) Pause Final Roots 0.048ms
[14.043s][info   ][gc,ergo     ] Free: 910M, Max: 1024K regular, 370M humongous, Frag: 60% external, 0% internal; Reserve: 103M, Max: 1024K
[14.043s][info   ][gc,stats    ] 
[14.043s][info   ][gc,stats    ] All times are wall-clock times, except per-root-class counters, that are sum over
[14.043s][info   ][gc,stats    ] all workers. Dividing the <total> over the root stage time estimates parallelism.
[14.043s][info   ][gc,stats    ] 
[14.043s][info   ][gc,stats    ] Concurrent Reset                   3621 us
[14.043s][info   ][gc,stats    ] Pause Init Mark (G)                1000 us
[14.043s][info   ][gc,stats    ] Pause Init Mark (N)                 159 us
[14.043s][info   ][gc,stats    ]   Update Region States               90 us
[14.043s][info   ][gc,stats    ] Concurrent Mark Roots              3989 us, parallelism: 0.93x
[14.043s][info   ][gc,stats    ]   CMR: <total>                     3691 us
[14.043s][info   ][gc,stats    ]   CMR: Thread Roots                3579 us, workers (us): 3579, ---, 
[14.043s][info   ][gc,stats    ]   CMR: VM Strong Roots               11 us, workers (us):  11, ---, 
[14.043s][info   ][gc,stats    ]   CMR: CLDG Roots                   101 us, workers (us): 101, ---, 
[14.043s][info   ][gc,stats    ] Concurrent Marking                20643 us
[14.043s][info   ][gc,stats    ] Pause Final Mark (G)               3628 us
[14.043s][info   ][gc,stats    ] Pause Final Mark (N)                450 us
[14.043s][info   ][gc,stats    ]   Finish Mark                       127 us
[14.043s][info   ][gc,stats    ]   Update Region States               70 us
[14.043s][info   ][gc,stats    ]   Choose Collection Set             106 us
[14.043s][info   ][gc,stats    ]   Rebuild Free Set                   54 us
[14.043s][info   ][gc,stats    ] Concurrent Weak References         3226 us, parallelism: 0.01x
[14.043s][info   ][gc,stats    ]   CWRF: <total>                      23 us
[14.043s][info   ][gc,stats    ]   CWRF: Weak References              23 us, workers (us):  23, ---, 
[14.043s][info   ][gc,stats    ] Concurrent Weak Roots              4171 us
[14.043s][info   ][gc,stats    ]   Roots                            1148 us, parallelism: 0.12x
[14.043s][info   ][gc,stats    ]     CWR: <total>                    141 us
[14.043s][info   ][gc,stats    ]     CWR: Code Cache Roots            81 us, workers (us):  81, ---, 
[14.043s][info   ][gc,stats    ]     CWR: VM Weak Roots               56 us, workers (us):  56, ---, 
[14.043s][info   ][gc,stats    ]     CWR: CLDG Roots                   4 us, workers (us):   4, ---, 
[14.043s][info   ][gc,stats    ]   Rendezvous                       2814 us
[14.043s][info   ][gc,stats    ] Concurrent Cleanup                 1163 us
[14.043s][info   ][gc,stats    ] Concurrent Class Unloading         9054 us
[14.043s][info   ][gc,stats    ]   Unlink Stale                     2384 us
[14.043s][info   ][gc,stats    ]     System Dictionary                49 us
[14.043s][info   ][gc,stats    ]     Weak Class Links                  2 us
[14.043s][info   ][gc,stats    ]     Code Roots                     2324 us
[14.043s][info   ][gc,stats    ]   Rendezvous                       6389 us
[14.043s][info   ][gc,stats    ]   Purge Unlinked                    101 us
[14.043s][info   ][gc,stats    ]     Code Roots                       72 us
[14.043s][info   ][gc,stats    ]     CLDG                             25 us
[14.043s][info   ][gc,stats    ]     Exception Caches                  1 us
[14.043s][info   ][gc,stats    ] Pause Final Roots (G)               601 us
[14.043s][info   ][gc,stats    ] Pause Final Roots (N)                57 us
[14.043s][info   ][gc,stats    ] Pacing                            71673 us
[14.043s][info   ][gc,stats    ] 
[14.043s][info   ][gc,stats    ] Allocation pacing accrued:
[14.043s][info   ][gc,stats    ]      12 of    93 ms ( 13.5%): Thread-0
[14.043s][info   ][gc,stats    ]      13 of    93 ms ( 14.2%): Thread-1
[14.043s][info   ][gc,stats    ]      11 of    93 ms ( 11.8%): Thread-2
[14.043s][info   ][gc,stats    ]      13 of    93 ms ( 14.4%): Thread-4
[14.043s][info   ][gc,stats    ]      11 of    93 ms ( 11.4%): Thread-5
[14.043s][info   ][gc,stats    ]      11 of    93 ms ( 12.3%): Thread-7
[14.043s][info   ][gc,stats    ]      72 of    93 ms ( 77.5%): <total>
[14.043s][info   ][gc,stats    ]       4 of    93 ms (  4.1%): <average total>
[14.043s][info   ][gc,stats    ]      12 of    93 ms ( 12.9%): <average non-zero>
[14.043s][info   ][gc,stats    ] 
[14.043s][info   ][gc,metaspace] Metaspace: 213K(448K)->213K(448K) NonClass: 204K(320K)->204K(320K) Class: 9K(128K)->9K(128K)
[14.043s][info   ][gc,ergo     ] Pacer for Idle. Initial: 41943K, Alloc Tax Rate: 1.0x
[14.045s][info   ][gc          ] Trigger: Average GC time (68.54 ms) is above the time for average allocation rate (15194 MB/s) to deplete free headroom (779M) (margin of error = 1.90)
[14.045s][info   ][gc,ergo     ] Free headroom: 882M (free) - 102M (spike) - 0B (penalties) = 779M
[14.045s][info   ][gc,ergo     ] Free: 882M, Max: 1024K regular, 370M humongous, Frag: 59% external, 0% internal; Reserve: 103M, Max: 1024K
[14.045s][info   ][gc,start    ] GC(206) Concurrent reset
[14.045s][info   ][gc,task     ] GC(206) Using 1 of 2 workers for concurrent reset
[14.045s][info   ][gc,ergo     ] GC(206) Pacer for Reset. Non-Taxable: 2048M
[14.052s][info   ][gc          ] GC(206) Concurrent reset 6.956ms
[14.054s][info   ][gc,start    ] GC(206) Pause Init Mark (unload classes)
[14.054s][info   ][gc,task     ] GC(206) Using 2 of 2 workers for init marking
[14.054s][info   ][gc,ergo     ] GC(206) Pacer for Mark. Expected Live: 180M, Free: 770M, Non-Taxable: 78880K, Alloc Tax Rate: 0.3x
[14.054s][info   ][gc          ] GC(206) Pause Init Mark (unload classes) 0.217ms
[14.060s][info   ][gc,start    ] GC(206) Concurrent marking roots
[14.060s][info   ][gc,task     ] GC(206) Using 1 of 2 workers for concurrent marking roots
[14.060s][info   ][gc          ] GC(206) Concurrent marking roots 0.276ms
[14.060s][info   ][gc,start    ] GC(206) Concurrent marking (unload classes)
[14.060s][info   ][gc,task     ] GC(206) Using 1 of 2 workers for concurrent marking
[14.063s][info   ][gc          ] GC(206) Concurrent marking (unload classes) 2.600ms
[14.063s][info   ][gc,start    ] GC(206) Pause Final Mark (unload classes)
[14.063s][info   ][gc,task     ] GC(206) Using 2 of 2 workers for final marking
[14.064s][info   ][gc,ergo     ] GC(206) Collectable Garbage: 397M (98%), Immediate: 397M (98%), CSet: 0B (0%)
[14.064s][info   ][gc          ] GC(206) Pause Final Mark (unload classes) 0.364ms
[14.064s][info   ][gc,start    ] GC(206) Concurrent weak references
[14.064s][info   ][gc,task     ] GC(206) Using 1 of 2 workers for concurrent weak references
[14.065s][info   ][gc,ref      ] GC(206) Encountered references: Soft: 11, Weak: 37, Final: 0, Phantom: 5
[14.065s][info   ][gc,ref      ] GC(206) Discovered  references: Soft: 0, Weak: 11, Final: 0, Phantom: 5
[14.065s][info   ][gc,ref      ] GC(206) Enqueued    references: Soft: 0, Weak: 0, Final: 0, Phantom: 0
[14.065s][info   ][gc          ] GC(206) Concurrent weak references 1.371ms
[14.065s][info   ][gc,start    ] GC(206) Concurrent weak roots
[14.065s][info   ][gc,task     ] GC(206) Using 1 of 2 workers for concurrent weak root
[14.066s][info   ][gc          ] GC(206) Concurrent weak roots 0.513ms
[14.066s][info   ][gc,start    ] GC(206) Concurrent cleanup
[14.066s][info   ][gc          ] GC(206) Concurrent cleanup 653M->260M(2048M) 0.438ms
[14.066s][info   ][gc,ergo     ] GC(206) Free: 1430M, Max: 1024K regular, 374M humongous, Frag: 74% external, 0% internal; Reserve: 103M, Max: 1024K
[14.066s][info   ][gc,start    ] GC(206) Concurrent class unloading
[14.066s][info   ][gc,task     ] GC(206) Using 1 of 2 workers for concurrent class unloading
[14.083s][info   ][gc          ] GC(206) Concurrent class unloading 16.489ms
[14.084s][info   ][gc,start    ] GC(206) Pause Final Roots
[14.084s][info   ][gc          ] GC(206) Pause Final Roots 0.032ms
[14.084s][info   ][gc,ergo     ] Free: 1172M, Max: 1024K regular, 374M humongous, Frag: 69% external, 0% internal; Reserve: 103M, Max: 1024K
[14.084s][info   ][gc,stats    ] 
[14.084s][info   ][gc,stats    ] All times are wall-clock times, except per-root-class counters, that are sum over
[14.084s][info   ][gc,stats    ] all workers. Dividing the <total> over the root stage time estimates parallelism.
[14.084s][info   ][gc,stats    ] 
[14.084s][info   ][gc,stats    ] Concurrent Reset                   7114 us
[14.084s][info   ][gc,stats    ] Pause Init Mark (G)                8090 us
[14.084s][info   ][gc,stats    ] Pause Init Mark (N)                 226 us
[14.084s][info   ][gc,stats    ]   Update Region States              126 us
[14.084s][info   ][gc,stats    ] Concurrent Mark Roots               288 us, parallelism: 0.48x
[14.084s][info   ][gc,stats    ]   CMR: <total>                      139 us
[14.084s][info   ][gc,stats    ]   CMR: Thread Roots                 111 us, workers (us): 111, ---, 
[14.084s][info   ][gc,stats    ]   CMR: VM Strong Roots                5 us, workers (us):   5, ---, 
[14.084s][info   ][gc,stats    ]   CMR: CLDG Roots                    23 us, workers (us):  23, ---, 
[14.084s][info   ][gc,stats    ] Concurrent Marking                 2668 us
[14.084s][info   ][gc,stats    ] Pause Final Mark (G)                901 us
[14.084s][info   ][gc,stats    ] Pause Final Mark (N)                374 us
[14.084s][info   ][gc,stats    ]   Finish Mark                        91 us
[14.084s][info   ][gc,stats    ]   Update Region States               83 us
[14.084s][info   ][gc,stats    ]   Choose Collection Set             140 us
[14.084s][info   ][gc,stats    ]   Rebuild Free Set                   13 us
[14.084s][info   ][gc,stats    ] Concurrent Weak References         1379 us, parallelism: 0.01x
[14.084s][info   ][gc,stats    ]   CWRF: <total>                       8 us
[14.084s][info   ][gc,stats    ]   CWRF: Weak References               8 us, workers (us):   8, ---, 
[14.084s][info   ][gc,stats    ] Concurrent Weak Roots               545 us
[14.084s][info   ][gc,stats    ]   Roots                             188 us, parallelism: 0.55x
[14.084s][info   ][gc,stats    ]     CWR: <total>                    104 us
[14.084s][info   ][gc,stats    ]     CWR: Code Cache Roots            58 us, workers (us):  58, ---, 
[14.084s][info   ][gc,stats    ]     CWR: VM Weak Roots               42 us, workers (us):  42, ---, 
[14.084s][info   ][gc,stats    ]     CWR: CLDG Roots                   4 us, workers (us):   4, ---, 
[14.084s][info   ][gc,stats    ]   Rendezvous                        306 us
[14.084s][info   ][gc,stats    ] Concurrent Cleanup                  446 us
[14.084s][info   ][gc,stats    ] Concurrent Class Unloading        16630 us
[14.084s][info   ][gc,stats    ]   Unlink Stale                      209 us
[14.084s][info   ][gc,stats    ]     System Dictionary                 8 us
[14.084s][info   ][gc,stats    ]     Weak Class Links                  1 us
[14.084s][info   ][gc,stats    ]     Code Roots                      170 us
[14.084s][info   ][gc,stats    ]   Rendezvous                      12344 us
[14.084s][info   ][gc,stats    ]   Purge Unlinked                   3903 us
[14.084s][info   ][gc,stats    ]     Code Roots                     3874 us
[14.084s][info   ][gc,stats    ]     CLDG                             22 us
[14.084s][info   ][gc,stats    ]     Exception Caches                  1 us
[14.084s][info   ][gc,stats    ] Pause Final Roots (G)              1105 us
[14.084s][info   ][gc,stats    ] Pause Final Roots (N)                42 us
[14.084s][info   ][gc,stats    ] Pacing                            39436 us
[14.084s][info   ][gc,stats    ] 
[14.084s][info   ][gc,stats    ] Allocation pacing accrued:
[14.084s][info   ][gc,stats    ]       7 of    41 ms ( 17.5%): Thread-0
[14.084s][info   ][gc,stats    ]      10 of    41 ms ( 23.1%): Thread-2
[14.084s][info   ][gc,stats    ]       7 of    41 ms ( 16.2%): Thread-4
[14.084s][info   ][gc,stats    ]       9 of    41 ms ( 22.8%): Thread-6
[14.084s][info   ][gc,stats    ]       7 of    41 ms ( 16.1%): Thread-7
[14.085s][info   ][gc,stats    ]      39 of    41 ms ( 95.8%): <total>
[14.085s][info   ][gc,stats    ]       2 of    41 ms (  5.0%): <average total>
[14.085s][info   ][gc,stats    ]       8 of    41 ms ( 19.2%): <average non-zero>
[14.085s][info   ][gc,stats    ] 
[14.085s][info   ][gc,metaspace] Metaspace: 213K(448K)->213K(448K) NonClass: 204K(320K)->204K(320K) Class: 9K(128K)->9K(128K)
[14.085s][info   ][gc,ergo     ] Pacer for Idle. Initial: 41943K, Alloc Tax Rate: 1.0x
[14.096s][info   ][gc          ] Trigger: Average GC time (59.86 ms) is above the time for average allocation rate (15194 MB/s) to deplete free headroom (895M) (margin of error = 1.90)
[14.096s][info   ][gc,ergo     ] Free headroom: 998M (free) - 102M (spike) - 0B (penalties) = 895M
[14.096s][info   ][gc,ergo     ] Free: 996M, Max: 1024K regular, 374M humongous, Frag: 63% external, 0% internal; Reserve: 103M, Max: 1024K
[14.096s][info   ][gc,start    ] GC(207) Concurrent reset
[14.096s][info   ][gc,task     ] GC(207) Using 1 of 2 workers for concurrent reset
[14.097s][info   ][gc,ergo     ] GC(207) Pacer for Reset. Non-Taxable: 2048M
[14.105s][info   ][gc          ] GC(207) Concurrent reset 8.136ms
[14.109s][info   ][gc,start    ] GC(207) Pause Init Mark (unload classes)
[14.109s][info   ][gc,task     ] GC(207) Using 2 of 2 workers for init marking
[14.109s][info   ][gc,ergo     ] GC(207) Pacer for Mark. Expected Live: 178M, Free: 838M, Non-Taxable: 85843K, Alloc Tax Rate: 0.3x
[14.109s][info   ][gc          ] GC(207) Pause Init Mark (unload classes) 0.402ms
[14.113s][info   ][gc,start    ] GC(207) Concurrent marking roots
[14.113s][info   ][gc,task     ] GC(207) Using 1 of 2 workers for concurrent marking roots
[14.114s][info   ][gc          ] GC(207) Concurrent marking roots 1.331ms
[14.114s][info   ][gc,start    ] GC(207) Concurrent marking (unload classes)
[14.114s][info   ][gc,task     ] GC(207) Using 1 of 2 workers for concurrent marking
[14.117s][info   ][gc          ] GC(207) Concurrent marking (unload classes) 2.657ms
[14.117s][info   ][gc,start    ] GC(207) Pause Final Mark (unload classes)
[14.117s][info   ][gc,task     ] GC(207) Using 2 of 2 workers for final marking
[14.117s][info   ][gc,ergo     ] GC(207) Collectable Garbage: 378M (98%), Immediate: 378M (98%), CSet: 0B (0%)
[14.117s][info   ][gc          ] GC(207) Pause Final Mark (unload classes) 0.300ms
[14.117s][info   ][gc,start    ] GC(207) Concurrent weak references
[14.117s][info   ][gc,task     ] GC(207) Using 1 of 2 workers for concurrent weak references
[14.117s][info   ][gc,ref      ] GC(207) Encountered references: Soft: 11, Weak: 37, Final: 0, Phantom: 5
[14.117s][info   ][gc,ref      ] GC(207) Discovered  references: Soft: 0, Weak: 11, Final: 0, Phantom: 5
[14.117s][info   ][gc,ref      ] GC(207) Enqueued    references: Soft: 0, Weak: 0, Final: 0, Phantom: 0
[14.117s][info   ][gc          ] GC(207) Concurrent weak references 0.132ms
[14.117s][info   ][gc,start    ] GC(207) Concurrent weak roots
[14.117s][info   ][gc,task     ] GC(207) Using 1 of 2 workers for concurrent weak root
[14.117s][info   ][gc          ] GC(207) Concurrent weak roots 0.169ms
[14.117s][info   ][gc,start    ] GC(207) Concurrent cleanup
[14.118s][info   ][gc          ] GC(207) Concurrent cleanup 598M->223M(2048M) 0.445ms
[14.118s][info   ][gc,ergo     ] GC(207) Free: 1504M, Max: 1024K regular, 418M humongous, Frag: 73% external, 0% internal; Reserve: 103M, Max: 1024K
[14.118s][info   ][gc,start    ] GC(207) Concurrent class unloading
[14.118s][info   ][gc,task     ] GC(207) Using 1 of 2 workers for concurrent class unloading
[14.125s][info   ][gc          ] GC(207) Concurrent class unloading 6.910ms
[14.126s][info   ][gc,start    ] GC(207) Pause Final Roots
[14.126s][info   ][gc          ] GC(207) Pause Final Roots 0.029ms
[14.126s][info   ][gc,ergo     ] Free: 1376M, Max: 1024K regular, 418M humongous, Frag: 70% external, 0% internal; Reserve: 103M, Max: 1024K
[14.126s][info   ][gc,stats    ] 
[14.126s][info   ][gc,stats    ] All times are wall-clock times, except per-root-class counters, that are sum over
[14.126s][info   ][gc,stats    ] all workers. Dividing the <total> over the root stage time estimates parallelism.
[14.126s][info   ][gc,stats    ] 
[14.126s][info   ][gc,stats    ] Concurrent Reset                   8385 us
[14.126s][info   ][gc,stats    ] Pause Init Mark (G)                7768 us
[14.126s][info   ][gc,stats    ] Pause Init Mark (N)                 416 us
[14.126s][info   ][gc,stats    ]   Update Region States              264 us
[14.126s][info   ][gc,stats    ] Concurrent Mark Roots              1387 us, parallelism: 0.16x
[14.126s][info   ][gc,stats    ]   CMR: <total>                      222 us
[14.126s][info   ][gc,stats    ]   CMR: Thread Roots                 166 us, workers (us): 166, ---, 
[14.126s][info   ][gc,stats    ]   CMR: VM Strong Roots               13 us, workers (us):  13, ---, 
[14.126s][info   ][gc,stats    ]   CMR: CLDG Roots                    43 us, workers (us):  43, ---, 
[14.126s][info   ][gc,stats    ] Concurrent Marking                 2689 us
[14.126s][info   ][gc,stats    ] Pause Final Mark (G)                414 us
[14.126s][info   ][gc,stats    ] Pause Final Mark (N)                309 us
[14.126s][info   ][gc,stats    ]   Finish Mark                       100 us
[14.126s][info   ][gc,stats    ]   Update Region States               73 us
[14.126s][info   ][gc,stats    ]   Choose Collection Set              81 us
[14.126s][info   ][gc,stats    ]   Rebuild Free Set                   10 us
[14.126s][info   ][gc,stats    ] Concurrent Weak References          139 us, parallelism: 0.02x
[14.126s][info   ][gc,stats    ]   CWRF: <total>                       3 us
[14.126s][info   ][gc,stats    ]   CWRF: Weak References               3 us, workers (us):   3, ---, 
[14.126s][info   ][gc,stats    ] Concurrent Weak Roots               181 us
[14.126s][info   ][gc,stats    ]   Roots                              79 us, parallelism: 0.65x
[14.126s][info   ][gc,stats    ]     CWR: <total>                     51 us
[14.126s][info   ][gc,stats    ]     CWR: Code Cache Roots            27 us, workers (us):  27, ---, 
[14.126s][info   ][gc,stats    ]     CWR: VM Weak Roots               23 us, workers (us):  23, ---, 
[14.126s][info   ][gc,stats    ]     CWR: CLDG Roots                   2 us, workers (us):   2, ---, 
[14.126s][info   ][gc,stats    ]   Rendezvous                         75 us
[14.126s][info   ][gc,stats    ] Concurrent Cleanup                  456 us
[14.126s][info   ][gc,stats    ] Concurrent Class Unloading         7081 us
[14.126s][info   ][gc,stats    ]   Unlink Stale                      258 us
[14.126s][info   ][gc,stats    ]     System Dictionary                 5 us
[14.126s][info   ][gc,stats    ]     Weak Class Links                  1 us
[14.126s][info   ][gc,stats    ]     Code Roots                      250 us
[14.126s][info   ][gc,stats    ]   Rendezvous                       6501 us
[14.126s][info   ][gc,stats    ]   Purge Unlinked                    123 us
[14.126s][info   ][gc,stats    ]     Code Roots                       82 us
[14.126s][info   ][gc,stats    ]     CLDG                             36 us
[14.126s][info   ][gc,stats    ]     Exception Caches                  2 us
[14.126s][info   ][gc,stats    ] Pause Final Roots (G)               915 us
[14.126s][info   ][gc,stats    ] Pause Final Roots (N)                39 us
[14.126s][info   ][gc,stats    ] Pacing                            21884 us
[14.126s][info   ][gc,stats    ] 
[14.126s][info   ][gc,stats    ] Allocation pacing accrued:
[14.126s][info   ][gc,stats    ]       3 of    42 ms (  7.8%): Thread-1
[14.126s][info   ][gc,stats    ]       3 of    42 ms (  7.6%): Thread-2
[14.126s][info   ][gc,stats    ]       5 of    42 ms ( 12.9%): Thread-3
[14.126s][info   ][gc,stats    ]       5 of    42 ms ( 13.1%): Thread-4
[14.126s][info   ][gc,stats    ]       5 of    42 ms ( 10.7%): Thread-7
[14.126s][info   ][gc,stats    ]      22 of    42 ms ( 52.2%): <total>
[14.126s][info   ][gc,stats    ]       1 of    42 ms (  2.7%): <average total>
[14.126s][info   ][gc,stats    ]       4 of    42 ms ( 10.4%): <average non-zero>
[14.126s][info   ][gc,stats    ] 
[14.126s][info   ][gc,metaspace] Metaspace: 213K(448K)->213K(448K) NonClass: 204K(320K)->204K(320K) Class: 9K(128K)->9K(128K)
[14.126s][info   ][gc,ergo     ] Pacer for Idle. Initial: 41943K, Alloc Tax Rate: 1.0x
[14.159s][info   ][gc          ] Trigger: Average GC time (51.75 ms) is above the time for average allocation rate (15194 MB/s) to deplete free headroom (769M) (margin of error = 1.90)
[14.159s][info   ][gc,ergo     ] Free headroom: 872M (free) - 102M (spike) - 0B (penalties) = 769M
[14.159s][info   ][gc,ergo     ] Free: 868M, Max: 1024K regular, 418M humongous, Frag: 52% external, 0% internal; Reserve: 103M, Max: 1024K
[14.159s][info   ][gc,start    ] GC(208) Concurrent reset
[14.159s][info   ][gc,task     ] GC(208) Using 1 of 2 workers for concurrent reset
[14.159s][info   ][gc,ergo     ] GC(208) Pacer for Reset. Non-Taxable: 2048M
[14.170s][info   ][gc          ] GC(208) Concurrent reset 10.831ms
[14.170s][info   ][gc,start    ] GC(208) Pause Init Mark (unload classes)
[14.170s][info   ][gc,task     ] GC(208) Using 2 of 2 workers for init marking
[14.171s][info   ][gc,ergo     ] GC(208) Pacer for Mark. Expected Live: 175M, Free: 720M, Non-Taxable: 73760K, Alloc Tax Rate: 0.3x
[14.171s][info   ][gc          ] GC(208) Pause Init Mark (unload classes) 0.549ms
[14.175s][info   ][gc,start    ] GC(208) Concurrent marking roots
[14.176s][info   ][gc,task     ] GC(208) Using 1 of 2 workers for concurrent marking roots
[14.176s][info   ][gc          ] GC(208) Concurrent marking roots 0.367ms
[14.176s][info   ][gc,start    ] GC(208) Concurrent marking (unload classes)
[14.176s][info   ][gc,task     ] GC(208) Using 1 of 2 workers for concurrent marking
[14.177s][info   ][gc          ] GC(208) Concurrent marking (unload classes) 1.495ms
[14.177s][info   ][gc,start    ] GC(208) Pause Final Mark (unload classes)
[14.177s][info   ][gc,task     ] GC(208) Using 2 of 2 workers for final marking
[14.178s][info   ][gc,ergo     ] GC(208) Collectable Garbage: 420M (98%), Immediate: 420M (98%), CSet: 0B (0%)
[14.178s][info   ][gc          ] GC(208) Pause Final Mark (unload classes) 0.360ms
[14.178s][info   ][gc,start    ] GC(208) Concurrent weak references
[14.178s][info   ][gc,task     ] GC(208) Using 1 of 2 workers for concurrent weak references
[14.178s][info   ][gc,ref      ] GC(208) Encountered references: Soft: 11, Weak: 37, Final: 0, Phantom: 5
[14.178s][info   ][gc,ref      ] GC(208) Discovered  references: Soft: 0, Weak: 11, Final: 0, Phantom: 5
[14.178s][info   ][gc,ref      ] GC(208) Enqueued    references: Soft: 0, Weak: 0, Final: 0, Phantom: 0
[14.178s][info   ][gc          ] GC(208) Concurrent weak references 0.148ms
[14.178s][info   ][gc,start    ] GC(208) Concurrent weak roots
[14.178s][info   ][gc,task     ] GC(208) Using 1 of 2 workers for concurrent weak root
[14.178s][info   ][gc          ] GC(208) Concurrent weak roots 0.197ms
[14.178s][info   ][gc,start    ] GC(208) Concurrent cleanup
[14.179s][info   ][gc          ] GC(208) Concurrent cleanup 651M->231M(2048M) 0.488ms
[14.179s][info   ][gc,ergo     ] GC(208) Free: 1488M, Max: 1024K regular, 418M humongous, Frag: 72% external, 0% internal; Reserve: 103M, Max: 1024K
[14.179s][info   ][gc,start    ] GC(208) Concurrent class unloading
[14.179s][info   ][gc,task     ] GC(208) Using 1 of 2 workers for concurrent class unloading
[14.179s][info   ][gc          ] GC(208) Concurrent class unloading 0.312ms
[14.179s][info   ][gc,start    ] GC(208) Pause Final Roots
[14.179s][info   ][gc          ] GC(208) Pause Final Roots 0.015ms
[14.179s][info   ][gc,ergo     ] Free: 1488M, Max: 1024K regular, 418M humongous, Frag: 72% external, 0% internal; Reserve: 103M, Max: 1024K
[14.179s][info   ][gc,stats    ] 
[14.179s][info   ][gc,stats    ] All times are wall-clock times, except per-root-class counters, that are sum over
[14.179s][info   ][gc,stats    ] all workers. Dividing the <total> over the root stage time estimates parallelism.
[14.179s][info   ][gc,stats    ] 
[14.179s][info   ][gc,stats    ] Concurrent Reset                  11115 us
[14.179s][info   ][gc,stats    ] Pause Init Mark (G)                5454 us
[14.179s][info   ][gc,stats    ] Pause Init Mark (N)                 563 us
[14.179s][info   ][gc,stats    ]   Update Region States              421 us
[14.179s][info   ][gc,stats    ] Concurrent Mark Roots               385 us, parallelism: 0.43x
[14.179s][info   ][gc,stats    ]   CMR: <total>                      166 us
[14.179s][info   ][gc,stats    ]   CMR: Thread Roots                 114 us, workers (us): 114, ---, 
[14.179s][info   ][gc,stats    ]   CMR: VM Strong Roots                8 us, workers (us):   8, ---, 
[14.179s][info   ][gc,stats    ]   CMR: CLDG Roots                    44 us, workers (us):  44, ---, 
[14.179s][info   ][gc,stats    ] Concurrent Marking                 1520 us
[14.179s][info   ][gc,stats    ] Pause Final Mark (G)                438 us
[14.179s][info   ][gc,stats    ] Pause Final Mark (N)                373 us
[14.179s][info   ][gc,stats    ]   Finish Mark                       115 us
[14.179s][info   ][gc,stats    ]   Update Region States              110 us
[14.179s][info   ][gc,stats    ]   Choose Collection Set              92 us
[14.179s][info   ][gc,stats    ]   Rebuild Free Set                   13 us
[14.179s][info   ][gc,stats    ] Concurrent Weak References          155 us, parallelism: 0.02x
[14.179s][info   ][gc,stats    ]   CWRF: <total>                       3 us
[14.179s][info   ][gc,stats    ]   CWRF: Weak References               3 us, workers (us):   3, ---, 
[14.179s][info   ][gc,stats    ] Concurrent Weak Roots               213 us
[14.179s][info   ][gc,stats    ]   Roots                             137 us, parallelism: 0.36x
[14.179s][info   ][gc,stats    ]     CWR: <total>                     50 us
[14.179s][info   ][gc,stats    ]     CWR: Code Cache Roots            26 us, workers (us):  26, ---, 
[14.179s][info   ][gc,stats    ]     CWR: VM Weak Roots               22 us, workers (us):  22, ---, 
[14.179s][info   ][gc,stats    ]     CWR: CLDG Roots                   2 us, workers (us):   2, ---, 
[14.179s][info   ][gc,stats    ]   Rendezvous                         44 us
[14.179s][info   ][gc,stats    ] Concurrent Cleanup                  506 us
[14.179s][info   ][gc,stats    ] Concurrent Class Unloading          325 us
[14.179s][info   ][gc,stats    ]   Unlink Stale                      170 us
[14.179s][info   ][gc,stats    ]     System Dictionary                 4 us
[14.179s][info   ][gc,stats    ]     Weak Class Links                  1 us
[14.179s][info   ][gc,stats    ]     Code Roots                      163 us
[14.179s][info   ][gc,stats    ]   Rendezvous                         42 us
[14.179s][info   ][gc,stats    ]   Purge Unlinked                     82 us
[14.179s][info   ][gc,stats    ]     Code Roots                       63 us
[14.179s][info   ][gc,stats    ]     CLDG                             16 us
[14.179s][info   ][gc,stats    ]     Exception Caches                  1 us
[14.179s][info   ][gc,stats    ] Pause Final Roots (G)                85 us
[14.179s][info   ][gc,stats    ] Pause Final Roots (N)                22 us
[14.179s][info   ][gc,stats    ] 
[14.179s][info   ][gc,stats    ] Allocation pacing accrued:
[14.179s][info   ][gc,stats    ]       0 of    53 ms (  0.0%): <total>
[14.179s][info   ][gc,stats    ]       0 of    53 ms (  0.0%): <average total>
[14.179s][info   ][gc,stats    ] 
[14.179s][info   ][gc,metaspace] Metaspace: 213K(448K)->213K(448K) NonClass: 204K(320K)->204K(320K) Class: 9K(128K)->9K(128K)
[14.179s][info   ][gc,ergo     ] Pacer for Idle. Initial: 41943K, Alloc Tax Rate: 1.0x
[14.228s][info   ][gc          ] Trigger: Average GC time (45.52 ms) is above the time for average allocation rate (15183 MB/s) to deplete free headroom (689M) (margin of error = 1.89)
[14.228s][info   ][gc,ergo     ] Free headroom: 792M (free) - 102M (spike) - 0B (penalties) = 689M
[14.229s][info   ][gc,ergo     ] Free: 788M, Max: 1024K regular, 418M humongous, Frag: 47% external, 0% internal; Reserve: 103M, Max: 1024K
[14.229s][info   ][gc,start    ] GC(209) Concurrent reset
[14.229s][info   ][gc,task     ] GC(209) Using 1 of 2 workers for concurrent reset
[14.229s][info   ][gc,ergo     ] GC(209) Pacer for Reset. Non-Taxable: 2048M
[14.241s][info   ][gc          ] GC(209) Concurrent reset 11.988ms
[14.243s][info   ][gc,start    ] GC(209) Pause Init Mark (unload classes)
[14.243s][info   ][gc,task     ] GC(209) Using 2 of 2 workers for init marking
[14.243s][info   ][gc,ergo     ] GC(209) Pacer for Mark. Expected Live: 177M, Free: 624M, Non-Taxable: 63930K, Alloc Tax Rate: 0.3x
[14.243s][info   ][gc          ] GC(209) Pause Init Mark (unload classes) 0.216ms
[14.248s][info   ][gc,start    ] GC(209) Concurrent marking roots
[14.248s][info   ][gc,task     ] GC(209) Using 1 of 2 workers for concurrent marking roots
[14.248s][info   ][gc          ] GC(209) Concurrent marking roots 0.587ms
[14.248s][info   ][gc,start    ] GC(209) Concurrent marking (unload classes)
[14.248s][info   ][gc,task     ] GC(209) Using 1 of 2 workers for concurrent marking
[14.250s][info   ][gc          ] GC(209) Concurrent marking (unload classes) 1.512ms
[14.250s][info   ][gc,start    ] GC(209) Pause Final Mark (unload classes)
[14.250s][info   ][gc,task     ] GC(209) Using 2 of 2 workers for final marking
[14.250s][info   ][gc,ergo     ] GC(209) Collectable Garbage: 494M (98%), Immediate: 494M (98%), CSet: 0B (0%)
[14.250s][info   ][gc          ] GC(209) Pause Final Mark (unload classes) 0.297ms
[14.250s][info   ][gc,start    ] GC(209) Concurrent weak references
[14.250s][info   ][gc,task     ] GC(209) Using 1 of 2 workers for concurrent weak references
[14.250s][info   ][gc,ref      ] GC(209) Encountered references: Soft: 11, Weak: 37, Final: 0, Phantom: 5
[14.250s][info   ][gc,ref      ] GC(209) Discovered  references: Soft: 0, Weak: 11, Final: 0, Phantom: 5
[14.250s][info   ][gc,ref      ] GC(209) Enqueued    references: Soft: 0, Weak: 0, Final: 0, Phantom: 0
[14.250s][info   ][gc          ] GC(209) Concurrent weak references 0.114ms
[14.250s][info   ][gc,start    ] GC(209) Concurrent weak roots
[14.250s][info   ][gc,task     ] GC(209) Using 1 of 2 workers for concurrent weak root
[14.251s][info   ][gc          ] GC(209) Concurrent weak roots 0.274ms
[14.251s][info   ][gc,start    ] GC(209) Concurrent cleanup
[14.251s][info   ][gc          ] GC(209) Concurrent cleanup 694M->204M(2048M) 0.758ms
[14.252s][info   ][gc,ergo     ] GC(209) Free: 1542M, Max: 1024K regular, 562M humongous, Frag: 64% external, 0% internal; Reserve: 103M, Max: 1024K
[14.252s][info   ][gc,start    ] GC(209) Concurrent class unloading
[14.252s][info   ][gc,task     ] GC(209) Using 1 of 2 workers for concurrent class unloading
[14.269s][info   ][gc          ] GC(209) Concurrent class unloading 16.892ms
[14.269s][info   ][gc,start    ] GC(209) Pause Final Roots
[14.269s][info   ][gc          ] GC(209) Pause Final Roots 0.030ms
[14.269s][info   ][gc,ergo     ] Free: 1292M, Max: 1024K regular, 562M humongous, Frag: 57% external, 0% internal; Reserve: 103M, Max: 1024K
[14.269s][info   ][gc,stats    ] 
[14.269s][info   ][gc,stats    ] All times are wall-clock times, except per-root-class counters, that are sum over
[14.269s][info   ][gc,stats    ] all workers. Dividing the <total> over the root stage time estimates parallelism.
[14.269s][info   ][gc,stats    ] 
[14.269s][info   ][gc,stats    ] Concurrent Reset                  12203 us
[14.269s][info   ][gc,stats    ] Pause Init Mark (G)                6954 us
[14.269s][info   ][gc,stats    ] Pause Init Mark (N)                 227 us
[14.269s][info   ][gc,stats    ]   Update Region States               93 us
[14.269s][info   ][gc,stats    ] Concurrent Mark Roots               611 us, parallelism: 0.44x
[14.269s][info   ][gc,stats    ]   CMR: <total>                      267 us
[14.270s][info   ][gc,stats    ]   CMR: Thread Roots                 213 us, workers (us): 213, ---, 
[14.270s][info   ][gc,stats    ]   CMR: VM Strong Roots               10 us, workers (us):  10, ---, 
[14.270s][info   ][gc,stats    ]   CMR: CLDG Roots                    44 us, workers (us):  44, ---, 
[14.270s][info   ][gc,stats    ] Concurrent Marking                 1528 us
[14.270s][info   ][gc,stats    ] Pause Final Mark (G)                403 us
[14.270s][info   ][gc,stats    ] Pause Final Mark (N)                306 us
[14.270s][info   ][gc,stats    ]   Finish Mark                        56 us
[14.270s][info   ][gc,stats    ]   Update Region States               76 us
[14.270s][info   ][gc,stats    ]   Choose Collection Set             116 us
[14.270s][info   ][gc,stats    ]   Rebuild Free Set                   14 us
[14.270s][info   ][gc,stats    ] Concurrent Weak References          121 us, parallelism: 0.03x
[14.270s][info   ][gc,stats    ]   CWRF: <total>                       4 us
[14.270s][info   ][gc,stats    ]   CWRF: Weak References               4 us, workers (us):   4, ---, 
[14.270s][info   ][gc,stats    ] Concurrent Weak Roots               293 us
[14.270s][info   ][gc,stats    ]   Roots                             150 us, parallelism: 0.46x
[14.270s][info   ][gc,stats    ]     CWR: <total>                     69 us
[14.270s][info   ][gc,stats    ]     CWR: Code Cache Roots            40 us, workers (us):  40, ---, 
[14.270s][info   ][gc,stats    ]     CWR: VM Weak Roots               28 us, workers (us):  28, ---, 
[14.270s][info   ][gc,stats    ]     CWR: CLDG Roots                   2 us, workers (us):   2, ---, 
[14.270s][info   ][gc,stats    ]   Rendezvous                        106 us
[14.270s][info   ][gc,stats    ] Concurrent Cleanup                  783 us
[14.270s][info   ][gc,stats    ] Concurrent Class Unloading        17097 us
[14.270s][info   ][gc,stats    ]   Unlink Stale                     8027 us
[14.270s][info   ][gc,stats    ]     System Dictionary                 8 us
[14.270s][info   ][gc,stats    ]     Weak Class Links                  1 us
[14.270s][info   ][gc,stats    ]     Code Roots                     8011 us
[14.270s][info   ][gc,stats    ]   Rendezvous                       6392 us
[14.270s][info   ][gc,stats    ]   Purge Unlinked                   2431 us
[14.270s][info   ][gc,stats    ]     Code Roots                     2398 us
[14.270s][info   ][gc,stats    ]     CLDG                             26 us
[14.270s][info   ][gc,stats    ]     Exception Caches                  2 us
[14.270s][info   ][gc,stats    ] Pause Final Roots (G)               551 us
[14.270s][info   ][gc,stats    ] Pause Final Roots (N)                41 us
[14.270s][info   ][gc,stats    ] Pacing                            83763 us
[14.270s][info   ][gc,stats    ] 
[14.270s][info   ][gc,stats    ] Allocation pacing accrued:
[14.270s][info   ][gc,stats    ]       4 of    90 ms (  4.0%): Thread-0
[14.270s][info   ][gc,stats    ]       6 of    90 ms (  6.8%): Thread-1
[14.270s][info   ][gc,stats    ]      12 of    90 ms ( 13.7%): Thread-2
[14.270s][info   ][gc,stats    ]      15 of    90 ms ( 17.0%): Thread-3
[14.270s][info   ][gc,stats    ]      10 of    90 ms ( 11.5%): Thread-4
[14.270s][info   ][gc,stats    ]      10 of    90 ms ( 10.7%): Thread-5
[14.270s][info   ][gc,stats    ]      10 of    90 ms ( 11.2%): Thread-6
[14.270s][info   ][gc,stats    ]      16 of    90 ms ( 17.8%): Thread-7
[14.270s][info   ][gc,stats    ]      84 of    90 ms ( 92.7%): <total>
[14.270s][info   ][gc,stats    ]       4 of    90 ms (  4.9%): <average total>
[14.270s][info   ][gc,stats    ]      10 of    90 ms ( 11.6%): <average non-zero>
[14.270s][info   ][gc,stats    ] 
[14.270s][info   ][gc,metaspace] Metaspace: 213K(448K)->213K(448K) NonClass: 204K(320K)->204K(320K) Class: 9K(128K)->9K(128K)
[14.270s][info   ][gc,ergo     ] Pacer for Idle. Initial: 41943K, Alloc Tax Rate: 1.0x
[14.298s][info   ][gc          ] Trigger: Average GC time (52.00 ms) is above the time for average allocation rate (15183 MB/s) to deplete free headroom (773M) (margin of error = 1.89)
[14.298s][info   ][gc,ergo     ] Free headroom: 876M (free) - 102M (spike) - 0B (penalties) = 773M
[14.298s][info   ][gc,ergo     ] Free: 874M, Max: 1024K regular, 562M humongous, Frag: 36% external, 0% internal; Reserve: 103M, Max: 1024K
[14.298s][info   ][gc,start    ] GC(210) Concurrent reset
[14.298s][info   ][gc,task     ] GC(210) Using 1 of 2 workers for concurrent reset
[14.298s][info   ][gc,ergo     ] GC(210) Pacer for Reset. Non-Taxable: 2048M
[14.304s][info   ][gc          ] GC(210) Concurrent reset 5.977ms
[14.306s][info   ][gc,start    ] GC(210) Pause Init Mark (unload classes)
[14.306s][info   ][gc,task     ] GC(210) Using 2 of 2 workers for init marking
[14.306s][info   ][gc,ergo     ] GC(210) Pacer for Mark. Expected Live: 177M, Free: 774M, Non-Taxable: 79290K, Alloc Tax Rate: 0.3x
[14.306s][info   ][gc          ] GC(210) Pause Init Mark (unload classes) 0.155ms
[14.308s][info   ][gc,start    ] GC(210) Concurrent marking roots
[14.308s][info   ][gc,task     ] GC(210) Using 1 of 2 workers for concurrent marking roots
[14.311s][info   ][gc          ] GC(210) Concurrent marking roots 2.835ms
[14.311s][info   ][gc,start    ] GC(210) Concurrent marking (unload classes)
[14.311s][info   ][gc,task     ] GC(210) Using 1 of 2 workers for concurrent marking
[14.313s][info   ][gc          ] GC(210) Concurrent marking (unload classes) 1.378ms
[14.313s][info   ][gc,start    ] GC(210) Pause Final Mark (unload classes)
[14.313s][info   ][gc,task     ] GC(210) Using 2 of 2 workers for final marking
[14.313s][info   ][gc,ergo     ] GC(210) Collectable Garbage: 434M (98%), Immediate: 434M (98%), CSet: 0B (0%)
[14.313s][info   ][gc          ] GC(210) Pause Final Mark (unload classes) 0.451ms
[14.313s][info   ][gc,start    ] GC(210) Concurrent weak references
[14.313s][info   ][gc,task     ] GC(210) Using 1 of 2 workers for concurrent weak references
[14.313s][info   ][gc,ref      ] GC(210) Encountered references: Soft: 11, Weak: 37, Final: 0, Phantom: 5
[14.313s][info   ][gc,ref      ] GC(210) Discovered  references: Soft: 0, Weak: 11, Final: 0, Phantom: 5
[14.313s][info   ][gc,ref      ] GC(210) Enqueued    references: Soft: 0, Weak: 0, Final: 0, Phantom: 0
[14.313s][info   ][gc          ] GC(210) Concurrent weak references 0.111ms
[14.313s][info   ][gc,start    ] GC(210) Concurrent weak roots
[14.313s][info   ][gc,task     ] GC(210) Using 1 of 2 workers for concurrent weak root
[14.313s][info   ][gc          ] GC(210) Concurrent weak roots 0.197ms
[14.314s][info   ][gc,start    ] GC(210) Concurrent cleanup
[14.314s][info   ][gc          ] GC(210) Concurrent cleanup 627M->193M(2048M) 0.437ms
[14.314s][info   ][gc,ergo     ] GC(210) Free: 1564M, Max: 1024K regular, 576M humongous, Frag: 64% external, 0% internal; Reserve: 103M, Max: 1024K
[14.314s][info   ][gc,start    ] GC(210) Concurrent class unloading
[14.314s][info   ][gc,task     ] GC(210) Using 1 of 2 workers for concurrent class unloading
[14.314s][info   ][gc          ] GC(210) Concurrent class unloading 0.371ms
[14.314s][info   ][gc,start    ] GC(210) Pause Final Roots
[14.314s][info   ][gc          ] GC(210) Pause Final Roots 0.016ms
[14.314s][info   ][gc,ergo     ] Free: 1564M, Max: 1024K regular, 576M humongous, Frag: 64% external, 0% internal; Reserve: 103M, Max: 1024K
[14.315s][info   ][gc,stats    ] 
[14.315s][info   ][gc,stats    ] All times are wall-clock times, except per-root-class counters, that are sum over
[14.315s][info   ][gc,stats    ] all workers. Dividing the <total> over the root stage time estimates parallelism.
[14.315s][info   ][gc,stats    ] 
[14.315s][info   ][gc,stats    ] Concurrent Reset                   6161 us
[14.315s][info   ][gc,stats    ] Pause Init Mark (G)                4252 us
[14.315s][info   ][gc,stats    ] Pause Init Mark (N)                 164 us
[14.315s][info   ][gc,stats    ]   Update Region States               87 us
[14.315s][info   ][gc,stats    ] Concurrent Mark Roots              2880 us, parallelism: 0.06x
[14.315s][info   ][gc,stats    ]   CMR: <total>                      173 us
[14.315s][info   ][gc,stats    ]   CMR: Thread Roots                 126 us, workers (us): 126, ---, 
[14.315s][info   ][gc,stats    ]   CMR: VM Strong Roots                8 us, workers (us):   8, ---, 
[14.315s][info   ][gc,stats    ]   CMR: CLDG Roots                    39 us, workers (us):  39, ---, 
[14.315s][info   ][gc,stats    ] Concurrent Marking                 1394 us
[14.315s][info   ][gc,stats    ] Pause Final Mark (G)                567 us
[14.315s][info   ][gc,stats    ] Pause Final Mark (N)                458 us
[14.315s][info   ][gc,stats    ]   Finish Mark                       270 us
[14.315s][info   ][gc,stats    ]   Update Region States               68 us
[14.315s][info   ][gc,stats    ]   Choose Collection Set              72 us
[14.315s][info   ][gc,stats    ]   Rebuild Free Set                    9 us
[14.315s][info   ][gc,stats    ] Concurrent Weak References          117 us, parallelism: 0.02x
[14.315s][info   ][gc,stats    ]   CWRF: <total>                       2 us
[14.315s][info   ][gc,stats    ]   CWRF: Weak References               2 us, workers (us):   2, ---, 
[14.315s][info   ][gc,stats    ] Concurrent Weak Roots               208 us
[14.315s][info   ][gc,stats    ]   Roots                             121 us, parallelism: 0.39x
[14.315s][info   ][gc,stats    ]     CWR: <total>                     48 us
[14.315s][info   ][gc,stats    ]     CWR: Code Cache Roots            24 us, workers (us):  24, ---, 
[14.315s][info   ][gc,stats    ]     CWR: VM Weak Roots               22 us, workers (us):  22, ---, 
[14.315s][info   ][gc,stats    ]     CWR: CLDG Roots                   1 us, workers (us):   1, ---, 
[14.315s][info   ][gc,stats    ]   Rendezvous                         62 us
[14.315s][info   ][gc,stats    ] Concurrent Cleanup                  446 us
[14.315s][info   ][gc,stats    ] Concurrent Class Unloading          386 us
[14.315s][info   ][gc,stats    ]   Unlink Stale                      179 us
[14.315s][info   ][gc,stats    ]     System Dictionary                 4 us
[14.315s][info   ][gc,stats    ]     Weak Class Links                  1 us
[14.315s][info   ][gc,stats    ]     Code Roots                      171 us
[14.315s][info   ][gc,stats    ]   Rendezvous                         95 us
[14.315s][info   ][gc,stats    ]   Purge Unlinked                     82 us
[14.315s][info   ][gc,stats    ]     Code Roots                       60 us
[14.315s][info   ][gc,stats    ]     CLDG                             20 us
[14.315s][info   ][gc,stats    ]     Exception Caches                  0 us
[14.315s][info   ][gc,stats    ] Pause Final Roots (G)                94 us
[14.315s][info   ][gc,stats    ] Pause Final Roots (N)                24 us
[14.315s][info   ][gc,stats    ] 
[14.315s][info   ][gc,stats    ] Allocation pacing accrued:
[14.315s][info   ][gc,stats    ]       0 of    45 ms (  0.0%): <total>
[14.315s][info   ][gc,stats    ]       0 of    45 ms (  0.0%): <average total>
[14.315s][info   ][gc,stats    ] 
[14.315s][info   ][gc,metaspace] Metaspace: 213K(448K)->213K(448K) NonClass: 204K(320K)->204K(320K) Class: 9K(128K)->9K(128K)
[14.315s][info   ][gc,ergo     ] Pacer for Idle. Initial: 41943K, Alloc Tax Rate: 1.0x
[14.367s][info   ][gc          ] Trigger: Average GC time (46.02 ms) is above the time for average allocation rate (15168 MB/s) to deplete free headroom (695M) (margin of error = 1.88)
[14.367s][info   ][gc,ergo     ] Free headroom: 798M (free) - 102M (spike) - 0B (penalties) = 695M
[14.367s][info   ][gc,ergo     ] Free: 794M, Max: 1024K regular, 576M humongous, Frag: 28% external, 0% internal; Reserve: 103M, Max: 1024K
[14.367s][info   ][gc,start    ] GC(211) Concurrent reset
[14.367s][info   ][gc,task     ] GC(211) Using 1 of 2 workers for concurrent reset
[14.367s][info   ][gc,ergo     ] GC(211) Pacer for Reset. Non-Taxable: 2048M
[14.377s][info   ][gc          ] GC(211) Concurrent reset 9.929ms
[14.380s][info   ][gc,start    ] GC(211) Pause Init Mark (unload classes)
[14.380s][info   ][gc,task     ] GC(211) Using 2 of 2 workers for init marking
[14.380s][info   ][gc,ergo     ] GC(211) Pacer for Mark. Expected Live: 172M, Free: 618M, Non-Taxable: 63315K, Alloc Tax Rate: 0.3x
[14.380s][info   ][gc          ] GC(211) Pause Init Mark (unload classes) 0.244ms
[14.384s][info   ][gc,start    ] GC(211) Concurrent marking roots
[14.384s][info   ][gc,task     ] GC(211) Using 1 of 2 workers for concurrent marking roots
[14.384s][info   ][gc          ] GC(211) Concurrent marking roots 0.441ms
[14.384s][info   ][gc,start    ] GC(211) Concurrent marking (unload classes)
[14.384s][info   ][gc,task     ] GC(211) Using 1 of 2 workers for concurrent marking
[14.394s][info   ][gc          ] GC(211) Concurrent marking (unload classes) 9.581ms
[14.394s][info   ][gc,start    ] GC(211) Pause Final Mark (unload classes)
[14.395s][info   ][gc,task     ] GC(211) Using 2 of 2 workers for final marking
[14.395s][info   ][gc,ergo     ] GC(211) Collectable Garbage: 538M (98%), Immediate: 538M (98%), CSet: 0B (0%)
[14.396s][info   ][gc          ] GC(211) Pause Final Mark (unload classes) 1.030ms
[14.402s][info   ][gc,start    ] GC(211) Concurrent weak references
[14.402s][info   ][gc,task     ] GC(211) Using 1 of 2 workers for concurrent weak references
[14.407s][info   ][gc,ref      ] GC(211) Encountered references: Soft: 11, Weak: 37, Final: 0, Phantom: 5
[14.408s][info   ][gc,ref      ] GC(211) Discovered  references: Soft: 0, Weak: 11, Final: 0, Phantom: 5
[14.408s][info   ][gc,ref      ] GC(211) Enqueued    references: Soft: 0, Weak: 0, Final: 0, Phantom: 0
[14.408s][info   ][gc          ] GC(211) Concurrent weak references 5.976ms
[14.408s][info   ][gc,start    ] GC(211) Concurrent weak roots
[14.408s][info   ][gc,task     ] GC(211) Using 1 of 2 workers for concurrent weak root
[14.412s][info   ][gc          ] GC(211) Concurrent weak roots 4.009ms
[14.412s][info   ][gc,start    ] GC(211) Concurrent cleanup
[14.412s][info   ][gc          ] GC(211) Concurrent cleanup 877M->339M(2048M) 0.626ms
[14.412s][info   ][gc,ergo     ] GC(211) Free: 1272M, Max: 1024K regular, 194M humongous, Frag: 85% external, 0% internal; Reserve: 103M, Max: 1024K
[14.412s][info   ][gc,start    ] GC(211) Concurrent class unloading
[14.412s][info   ][gc,task     ] GC(211) Using 1 of 2 workers for concurrent class unloading
[14.413s][info   ][gc          ] GC(211) Concurrent class unloading 0.469ms
[14.413s][info   ][gc,start    ] GC(211) Pause Final Roots
[14.413s][info   ][gc          ] GC(211) Pause Final Roots 0.011ms
[14.413s][info   ][gc,ergo     ] Free: 1272M, Max: 1024K regular, 194M humongous, Frag: 85% external, 0% internal; Reserve: 103M, Max: 1024K
[14.413s][info   ][gc,stats    ] 
[14.413s][info   ][gc,stats    ] All times are wall-clock times, except per-root-class counters, that are sum over
[14.413s][info   ][gc,stats    ] all workers. Dividing the <total> over the root stage time estimates parallelism.
[14.413s][info   ][gc,stats    ] 
[14.413s][info   ][gc,stats    ] Concurrent Reset                  10088 us
[14.413s][info   ][gc,stats    ] Pause Init Mark (G)                6671 us
[14.413s][info   ][gc,stats    ] Pause Init Mark (N)                 253 us
[14.413s][info   ][gc,stats    ]   Update Region States              112 us
[14.413s][info   ][gc,stats    ] Concurrent Mark Roots               457 us, parallelism: 0.46x
[14.413s][info   ][gc,stats    ]   CMR: <total>                      208 us
[14.413s][info   ][gc,stats    ]   CMR: Thread Roots                 154 us, workers (us): 154, ---, 
[14.413s][info   ][gc,stats    ]   CMR: VM Strong Roots               11 us, workers (us):  11, ---, 
[14.413s][info   ][gc,stats    ]   CMR: CLDG Roots                    43 us, workers (us):  43, ---, 
[14.413s][info   ][gc,stats    ] Concurrent Marking                 9831 us
[14.413s][info   ][gc,stats    ] Pause Final Mark (G)               7779 us
[14.413s][info   ][gc,stats    ] Pause Final Mark (N)               1041 us
[14.413s][info   ][gc,stats    ]   Finish Mark                       759 us
[14.413s][info   ][gc,stats    ]   Update Region States               91 us
[14.413s][info   ][gc,stats    ]   Choose Collection Set             117 us
[14.413s][info   ][gc,stats    ]   Rebuild Free Set                    9 us
[14.413s][info   ][gc,stats    ] Concurrent Weak References         5993 us, parallelism: 0.00x
[14.413s][info   ][gc,stats    ]   CWRF: <total>                      22 us
[14.413s][info   ][gc,stats    ]   CWRF: Weak References              22 us, workers (us):  22, ---, 
[14.413s][info   ][gc,stats    ] Concurrent Weak Roots              4066 us
[14.413s][info   ][gc,stats    ]   Roots                             242 us, parallelism: 0.42x
[14.413s][info   ][gc,stats    ]     CWR: <total>                    103 us
[14.413s][info   ][gc,stats    ]     CWR: Code Cache Roots            59 us, workers (us):  59, ---, 
[14.413s][info   ][gc,stats    ]     CWR: VM Weak Roots               41 us, workers (us):  41, ---, 
[14.413s][info   ][gc,stats    ]     CWR: CLDG Roots                   2 us, workers (us):   2, ---, 
[14.413s][info   ][gc,stats    ]   Rendezvous                       3740 us
[14.413s][info   ][gc,stats    ] Concurrent Cleanup                  648 us
[14.413s][info   ][gc,stats    ] Concurrent Class Unloading          483 us
[14.413s][info   ][gc,stats    ]   Unlink Stale                      257 us
[14.413s][info   ][gc,stats    ]     System Dictionary                 6 us
[14.413s][info   ][gc,stats    ]     Weak Class Links                  1 us
[14.413s][info   ][gc,stats    ]     Code Roots                      247 us
[14.413s][info   ][gc,stats    ]   Rendezvous                         83 us
[14.413s][info   ][gc,stats    ]   Purge Unlinked                    109 us
[14.413s][info   ][gc,stats    ]     Code Roots                       89 us
[14.413s][info   ][gc,stats    ]     CLDG                             16 us
[14.413s][info   ][gc,stats    ]     Exception Caches                  1 us
[14.413s][info   ][gc,stats    ] Pause Final Roots (G)                63 us
[14.413s][info   ][gc,stats    ] Pause Final Roots (N)                18 us
[14.413s][info   ][gc,stats    ] Pacing                            86916 us
[14.413s][info   ][gc,stats    ] 
[14.413s][info   ][gc,stats    ] Allocation pacing accrued:
[14.413s][info   ][gc,stats    ]      11 of    99 ms ( 11.6%): Thread-0
[14.413s][info   ][gc,stats    ]      18 of    99 ms ( 17.8%): Thread-1
[14.413s][info   ][gc,stats    ]       2 of    99 ms (  1.7%): Thread-2
[14.413s][info   ][gc,stats    ]      14 of    99 ms ( 14.2%): Thread-3
[14.413s][info   ][gc,stats    ]      10 of    99 ms ( 10.2%): Thread-4
[14.413s][info   ][gc,stats    ]      14 of    99 ms ( 14.7%): Thread-5
[14.413s][info   ][gc,stats    ]      14 of    99 ms ( 14.2%): Thread-6
[14.413s][info   ][gc,stats    ]       4 of    99 ms (  3.7%): Thread-7
[14.413s][info   ][gc,stats    ]      87 of    99 ms ( 88.2%): <total>
[14.413s][info   ][gc,stats    ]       5 of    99 ms (  4.6%): <average total>
[14.413s][info   ][gc,stats    ]      11 of    99 ms ( 11.0%): <average non-zero>
[14.413s][info   ][gc,stats    ] 
[14.413s][info   ][gc,metaspace] Metaspace: 213K(448K)->213K(448K) NonClass: 204K(320K)->204K(320K) Class: 9K(128K)->9K(128K)
[14.413s][info   ][gc,ergo     ] Pacer for Idle. Initial: 41943K, Alloc Tax Rate: 1.0x
[14.433s][info   ][gc          ] Trigger: Average GC time (60.23 ms) is above the time for average allocation rate (15168 MB/s) to deplete free headroom (903M) (margin of error = 1.88)
[14.433s][info   ][gc,ergo     ] Free headroom: 1006M (free) - 102M (spike) - 0B (penalties) = 903M
[14.433s][info   ][gc,ergo     ] Free: 1002M, Max: 1024K regular, 194M humongous, Frag: 81% external, 0% internal; Reserve: 103M, Max: 1024K
[14.433s][info   ][gc,start    ] GC(212) Concurrent reset
[14.433s][info   ][gc,task     ] GC(212) Using 1 of 2 workers for concurrent reset
[14.433s][info   ][gc,ergo     ] GC(212) Pacer for Reset. Non-Taxable: 2048M
[14.436s][info   ][gc          ] GC(212) Concurrent reset 3.107ms
[14.436s][info   ][gc,start    ] GC(212) Pause Init Mark (unload classes)
[14.437s][info   ][gc,task     ] GC(212) Using 2 of 2 workers for init marking
[14.437s][info   ][gc,ergo     ] GC(212) Pacer for Mark. Expected Live: 159M, Free: 958M, Non-Taxable: 98131K, Alloc Tax Rate: 0.2x
[14.437s][info   ][gc          ] GC(212) Pause Init Mark (unload classes) 0.180ms
[14.442s][info   ][gc,start    ] GC(212) Concurrent marking roots
[14.443s][info   ][gc,task     ] GC(212) Using 1 of 2 workers for concurrent marking roots
[14.444s][info   ][gc          ] GC(212) Concurrent marking roots 1.193ms
[14.444s][info   ][gc,start    ] GC(212) Concurrent marking (unload classes)
[14.444s][info   ][gc,task     ] GC(212) Using 1 of 2 workers for concurrent marking
[14.445s][info   ][gc          ] GC(212) Concurrent marking (unload classes) 1.404ms
[14.445s][info   ][gc,start    ] GC(212) Pause Final Mark (unload classes)
[14.445s][info   ][gc,task     ] GC(212) Using 2 of 2 workers for final marking
[14.445s][info   ][gc,ergo     ] GC(212) Collectable Garbage: 425M (98%), Immediate: 425M (98%), CSet: 0B (0%)
[14.445s][info   ][gc          ] GC(212) Pause Final Mark (unload classes) 0.374ms
[14.445s][info   ][gc,start    ] GC(212) Concurrent weak references
[14.446s][info   ][gc,task     ] GC(212) Using 1 of 2 workers for concurrent weak references
[14.446s][info   ][gc,ref      ] GC(212) Encountered references: Soft: 11, Weak: 37, Final: 0, Phantom: 5
[14.446s][info   ][gc,ref      ] GC(212) Discovered  references: Soft: 0, Weak: 11, Final: 0, Phantom: 5
[14.446s][info   ][gc,ref      ] GC(212) Enqueued    references: Soft: 0, Weak: 0, Final: 0, Phantom: 0
[14.446s][info   ][gc          ] GC(212) Concurrent weak references 0.101ms
[14.446s][info   ][gc,start    ] GC(212) Concurrent weak roots
[14.446s][info   ][gc,task     ] GC(212) Using 1 of 2 workers for concurrent weak root
[14.447s][info   ][gc          ] GC(212) Concurrent weak roots 1.668ms
[14.447s][info   ][gc,start    ] GC(212) Concurrent cleanup
[14.448s][info   ][gc          ] GC(212) Concurrent cleanup 557M->135M(2048M) 0.501ms
[14.448s][info   ][gc,ergo     ] GC(212) Free: 1680M, Max: 1024K regular, 510M humongous, Frag: 70% external, 0% internal; Reserve: 103M, Max: 1024K
[14.448s][info   ][gc,start    ] GC(212) Concurrent class unloading
[14.448s][info   ][gc,task     ] GC(212) Using 1 of 2 workers for concurrent class unloading
[14.448s][info   ][gc          ] GC(212) Concurrent class unloading 0.640ms
[14.449s][info   ][gc,start    ] GC(212) Pause Final Roots
[14.449s][info   ][gc          ] GC(212) Pause Final Roots 0.019ms
[14.449s][info   ][gc,ergo     ] Free: 1668M, Max: 1024K regular, 510M humongous, Frag: 70% external, 0% internal; Reserve: 103M, Max: 1024K
[14.449s][info   ][gc,stats    ] 
[14.449s][info   ][gc,stats    ] All times are wall-clock times, except per-root-class counters, that are sum over
[14.449s][info   ][gc,stats    ] all workers. Dividing the <total> over the root stage time estimates parallelism.
[14.449s][info   ][gc,stats    ] 
[14.449s][info   ][gc,stats    ] Concurrent Reset                   3202 us
[14.449s][info   ][gc,stats    ] Pause Init Mark (G)                6371 us
[14.449s][info   ][gc,stats    ] Pause Init Mark (N)                 188 us
[14.449s][info   ][gc,stats    ]   Update Region States               85 us
[14.449s][info   ][gc,stats    ] Concurrent Mark Roots              1240 us, parallelism: 0.26x
[14.449s][info   ][gc,stats    ]   CMR: <total>                      326 us
[14.449s][info   ][gc,stats    ]   CMR: Thread Roots                 260 us, workers (us): 260, ---, 
[14.449s][info   ][gc,stats    ]   CMR: VM Strong Roots               15 us, workers (us):  15, ---, 
[14.449s][info   ][gc,stats    ]   CMR: CLDG Roots                    52 us, workers (us):  52, ---, 
[14.449s][info   ][gc,stats    ] Concurrent Marking                 1425 us
[14.449s][info   ][gc,stats    ] Pause Final Mark (G)                450 us
[14.449s][info   ][gc,stats    ] Pause Final Mark (N)                382 us
[14.449s][info   ][gc,stats    ]   Finish Mark                       179 us
[14.449s][info   ][gc,stats    ]   Update Region States               74 us
[14.449s][info   ][gc,stats    ]   Choose Collection Set              91 us
[14.449s][info   ][gc,stats    ]   Rebuild Free Set                    9 us
[14.449s][info   ][gc,stats    ] Concurrent Weak References          108 us, parallelism: 0.02x
[14.449s][info   ][gc,stats    ]   CWRF: <total>                       2 us
[14.449s][info   ][gc,stats    ]   CWRF: Weak References               2 us, workers (us):   2, ---, 
[14.449s][info   ][gc,stats    ] Concurrent Weak Roots              1705 us
[14.449s][info   ][gc,stats    ]   Roots                            1162 us, parallelism: 0.06x
[14.449s][info   ][gc,stats    ]     CWR: <total>                     66 us
[14.449s][info   ][gc,stats    ]     CWR: Code Cache Roots            31 us, workers (us):  31, ---, 
[14.449s][info   ][gc,stats    ]     CWR: VM Weak Roots               33 us, workers (us):  33, ---, 
[14.449s][info   ][gc,stats    ]     CWR: CLDG Roots                   2 us, workers (us):   2, ---, 
[14.449s][info   ][gc,stats    ]   Rendezvous                        491 us
[14.449s][info   ][gc,stats    ] Concurrent Cleanup                  515 us
[14.449s][info   ][gc,stats    ] Concurrent Class Unloading          667 us
[14.449s][info   ][gc,stats    ]   Unlink Stale                      347 us
[14.449s][info   ][gc,stats    ]     System Dictionary                 6 us
[14.449s][info   ][gc,stats    ]     Weak Class Links                  1 us
[14.449s][info   ][gc,stats    ]     Code Roots                      337 us
[14.449s][info   ][gc,stats    ]   Rendezvous                        212 us
[14.449s][info   ][gc,stats    ]   Purge Unlinked                     49 us
[14.449s][info   ][gc,stats    ]     Code Roots                       24 us
[14.449s][info   ][gc,stats    ]     CLDG                             22 us
[14.449s][info   ][gc,stats    ]     Exception Caches                  1 us
[14.449s][info   ][gc,stats    ] Pause Final Roots (G)               539 us
[14.449s][info   ][gc,stats    ] Pause Final Roots (N)                28 us
[14.449s][info   ][gc,stats    ] Pacing                            60191 us
[14.449s][info   ][gc,stats    ] 
[14.449s][info   ][gc,stats    ] Allocation pacing accrued:
[14.449s][info   ][gc,stats    ]       7 of    36 ms ( 19.5%): Thread-0
[14.449s][info   ][gc,stats    ]       9 of    36 ms ( 24.6%): Thread-1
[14.449s][info   ][gc,stats    ]       7 of    36 ms ( 19.8%): Thread-2
[14.449s][info   ][gc,stats    ]      10 of    36 ms ( 27.8%): Thread-3
[14.449s][info   ][gc,stats    ]      10 of    36 ms ( 28.0%): Thread-4
[14.449s][info   ][gc,stats    ]       7 of    36 ms ( 19.7%): Thread-6
[14.449s][info   ][gc,stats    ]      10 of    36 ms ( 27.1%): Thread-7
[14.449s][info   ][gc,stats    ]      60 of    36 ms (166.6%): <total>
[14.449s][info   ][gc,stats    ]       3 of    36 ms (  8.8%): <average total>
[14.449s][info   ][gc,stats    ]       9 of    36 ms ( 23.8%): <average non-zero>
[14.449s][info   ][gc,stats    ] 
[14.449s][info   ][gc,metaspace] Metaspace: 213K(448K)->213K(448K) NonClass: 204K(320K)->204K(320K) Class: 9K(128K)->9K(128K)
[14.450s][info   ][gc,ergo     ] Pacer for Idle. Initial: 41943K, Alloc Tax Rate: 1.0x
[14.510s][info   ][gc          ] Trigger: Average GC time (51.03 ms) is above the time for average allocation rate (15150 MB/s) to deplete free headroom (761M) (margin of error = 1.87)
[14.511s][info   ][gc,ergo     ] Free headroom: 864M (free) - 102M (spike) - 0B (penalties) = 761M
[14.511s][info   ][gc,ergo     ] Free: 858M, Max: 1024K regular, 456M humongous, Frag: 47% external, 0% internal; Reserve: 103M, Max: 1024K
[14.511s][info   ][gc,start    ] GC(213) Concurrent reset
[14.511s][info   ][gc,task     ] GC(213) Using 1 of 2 workers for concurrent reset
[14.511s][info   ][gc,ergo     ] GC(213) Pacer for Reset. Non-Taxable: 2048M
[14.520s][info   ][gc          ] GC(213) Concurrent reset 8.644ms
[14.523s][info   ][gc,start    ] GC(213) Pause Init Mark (unload classes)
[14.523s][info   ][gc,task     ] GC(213) Using 2 of 2 workers for init marking
[14.524s][info   ][gc,ergo     ] GC(213) Pacer for Mark. Expected Live: 137M, Free: 680M, Non-Taxable: 69664K, Alloc Tax Rate: 0.2x
[14.524s][info   ][gc          ] GC(213) Pause Init Mark (unload classes) 0.351ms
[14.529s][info   ][gc,start    ] GC(213) Concurrent marking roots
[14.529s][info   ][gc,task     ] GC(213) Using 1 of 2 workers for concurrent marking roots
[14.529s][info   ][gc          ] GC(213) Concurrent marking roots 0.316ms
[14.529s][info   ][gc,start    ] GC(213) Concurrent marking (unload classes)
[14.529s][info   ][gc,task     ] GC(213) Using 1 of 2 workers for concurrent marking
[14.531s][info   ][gc          ] GC(213) Concurrent marking (unload classes) 1.398ms
[14.531s][info   ][gc,start    ] GC(213) Pause Final Mark (unload classes)
[14.531s][info   ][gc,task     ] GC(213) Using 2 of 2 workers for final marking
[14.531s][info   ][gc,ergo     ] GC(213) Collectable Garbage: 526M (98%), Immediate: 526M (98%), CSet: 0B (0%)
[14.531s][info   ][gc          ] GC(213) Pause Final Mark (unload classes) 0.209ms
[14.531s][info   ][gc,start    ] GC(213) Concurrent weak references
[14.531s][info   ][gc,task     ] GC(213) Using 1 of 2 workers for concurrent weak references
[14.531s][info   ][gc,ref      ] GC(213) Encountered references: Soft: 11, Weak: 37, Final: 0, Phantom: 5
[14.531s][info   ][gc,ref      ] GC(213) Discovered  references: Soft: 0, Weak: 11, Final: 0, Phantom: 5
[14.531s][info   ][gc,ref      ] GC(213) Enqueued    references: Soft: 0, Weak: 0, Final: 0, Phantom: 0
[14.531s][info   ][gc          ] GC(213) Concurrent weak references 0.133ms
[14.531s][info   ][gc,start    ] GC(213) Concurrent weak roots
[14.531s][info   ][gc,task     ] GC(213) Using 1 of 2 workers for concurrent weak root
[14.531s][info   ][gc          ] GC(213) Concurrent weak roots 0.197ms
[14.531s][info   ][gc,start    ] GC(213) Concurrent cleanup
[14.532s][info   ][gc          ] GC(213) Concurrent cleanup 669M->143M(2048M) 0.582ms
[14.532s][info   ][gc,ergo     ] GC(213) Free: 1664M, Max: 1024K regular, 612M humongous, Frag: 64% external, 0% internal; Reserve: 103M, Max: 1024K
[14.532s][info   ][gc,start    ] GC(213) Concurrent class unloading
[14.532s][info   ][gc,task     ] GC(213) Using 1 of 2 workers for concurrent class unloading
[14.532s][info   ][gc          ] GC(213) Concurrent class unloading 0.427ms
[14.532s][info   ][gc,start    ] GC(213) Pause Final Roots
[14.532s][info   ][gc          ] GC(213) Pause Final Roots 0.016ms
[14.532s][info   ][gc,ergo     ] Free: 1664M, Max: 1024K regular, 612M humongous, Frag: 64% external, 0% internal; Reserve: 103M, Max: 1024K
[14.532s][info   ][gc,stats    ] 
[14.532s][info   ][gc,stats    ] All times are wall-clock times, except per-root-class counters, that are sum over
[14.532s][info   ][gc,stats    ] all workers. Dividing the <total> over the root stage time estimates parallelism.
[14.532s][info   ][gc,stats    ] 
[14.532s][info   ][gc,stats    ] Concurrent Reset                   8759 us
[14.533s][info   ][gc,stats    ] Pause Init Mark (G)                9155 us
[14.533s][info   ][gc,stats    ] Pause Init Mark (N)                 363 us
[14.533s][info   ][gc,stats    ]   Update Region States              185 us
[14.533s][info   ][gc,stats    ] Concurrent Mark Roots               334 us, parallelism: 0.38x
[14.533s][info   ][gc,stats    ]   CMR: <total>                      127 us
[14.533s][info   ][gc,stats    ]   CMR: Thread Roots                 100 us, workers (us): 100, ---, 
[14.533s][info   ][gc,stats    ]   CMR: VM Strong Roots                7 us, workers (us):   7, ---, 
[14.533s][info   ][gc,stats    ]   CMR: CLDG Roots                    20 us, workers (us):  20, ---, 
[14.533s][info   ][gc,stats    ] Concurrent Marking                 1418 us
[14.533s][info   ][gc,stats    ] Pause Final Mark (G)                304 us
[14.533s][info   ][gc,stats    ] Pause Final Mark (N)                217 us
[14.533s][info   ][gc,stats    ]   Finish Mark                        61 us
[14.533s][info   ][gc,stats    ]   Update Region States               24 us
[14.533s][info   ][gc,stats    ]   Choose Collection Set              83 us
[14.533s][info   ][gc,stats    ]   Rebuild Free Set                    9 us
[14.533s][info   ][gc,stats    ] Concurrent Weak References          140 us, parallelism: 0.02x
[14.533s][info   ][gc,stats    ]   CWRF: <total>                       2 us
[14.533s][info   ][gc,stats    ]   CWRF: Weak References               2 us, workers (us):   2, ---, 
[14.533s][info   ][gc,stats    ] Concurrent Weak Roots               211 us
[14.533s][info   ][gc,stats    ]   Roots                             120 us, parallelism: 0.40x
[14.533s][info   ][gc,stats    ]     CWR: <total>                     48 us
[14.533s][info   ][gc,stats    ]     CWR: Code Cache Roots            27 us, workers (us):  27, ---, 
[14.533s][info   ][gc,stats    ]     CWR: VM Weak Roots               20 us, workers (us):  20, ---, 
[14.533s][info   ][gc,stats    ]     CWR: CLDG Roots                   1 us, workers (us):   1, ---, 
[14.533s][info   ][gc,stats    ]   Rendezvous                         62 us
[14.533s][info   ][gc,stats    ] Concurrent Cleanup                  593 us
[14.533s][info   ][gc,stats    ] Concurrent Class Unloading          443 us
[14.533s][info   ][gc,stats    ]   Unlink Stale                      226 us
[14.533s][info   ][gc,stats    ]     System Dictionary                 4 us
[14.533s][info   ][gc,stats    ]     Weak Class Links                  1 us
[14.533s][info   ][gc,stats    ]     Code Roots                      219 us
[14.533s][info   ][gc,stats    ]   Rendezvous                         91 us
[14.533s][info   ][gc,stats    ]   Purge Unlinked                     93 us
[14.533s][info   ][gc,stats    ]     Code Roots                       85 us
[14.533s][info   ][gc,stats    ]     CLDG                              5 us
[14.533s][info   ][gc,stats    ]     Exception Caches                  1 us
[14.533s][info   ][gc,stats    ] Pause Final Roots (G)               105 us
[14.533s][info   ][gc,stats    ] Pause Final Roots (N)                23 us
[14.533s][info   ][gc,stats    ] Pacing                            87604 us
[14.533s][info   ][gc,stats    ] 
[14.533s][info   ][gc,stats    ] Allocation pacing accrued:
[14.533s][info   ][gc,stats    ]      11 of    83 ms ( 12.7%): Thread-0
[14.533s][info   ][gc,stats    ]       7 of    83 ms (  8.7%): Thread-1
[14.533s][info   ][gc,stats    ]      11 of    83 ms ( 13.2%): Thread-2
[14.533s][info   ][gc,stats    ]      20 of    83 ms ( 24.0%): Thread-4
[14.533s][info   ][gc,stats    ]       8 of    83 ms (  9.8%): Thread-5
[14.533s][info   ][gc,stats    ]      11 of    83 ms ( 12.6%): Thread-6
[14.533s][info   ][gc,stats    ]      20 of    83 ms ( 24.1%): Thread-7
[14.533s][info   ][gc,stats    ]      88 of    83 ms (105.2%): <total>
[14.533s][info   ][gc,stats    ]       5 of    83 ms (  5.5%): <average total>
[14.533s][info   ][gc,stats    ]      13 of    83 ms ( 15.0%): <average non-zero>
[14.533s][info   ][gc,stats    ] 
[14.533s][info   ][gc,metaspace] Metaspace: 213K(448K)->213K(448K) NonClass: 204K(320K)->204K(320K) Class: 9K(128K)->9K(128K)
[14.533s][info   ][gc,ergo     ] Pacer for Idle. Initial: 41943K, Alloc Tax Rate: 1.0x
[14.601s][info   ][gc          ] Trigger: Average GC time (41.84 ms) is above the time for average allocation rate (15134 MB/s) to deplete free headroom (615M) (margin of error = 1.86)
[14.602s][info   ][gc,ergo     ] Free headroom: 718M (free) - 102M (spike) - 0B (penalties) = 615M
[14.602s][info   ][gc,ergo     ] Free: 712M, Max: 1024K regular, 612M humongous, Frag: 15% external, 0% internal; Reserve: 103M, Max: 1024K
[14.602s][info   ][gc,start    ] GC(214) Concurrent reset
[14.602s][info   ][gc,task     ] GC(214) Using 1 of 2 workers for concurrent reset
[14.602s][info   ][gc,ergo     ] GC(214) Pacer for Reset. Non-Taxable: 2048M
[14.608s][info   ][gc          ] GC(214) Concurrent reset 5.984ms
[14.612s][info   ][gc,start    ] GC(214) Pause Init Mark (unload classes)
[14.612s][info   ][gc,task     ] GC(214) Using 2 of 2 workers for init marking
[14.612s][info   ][gc,ergo     ] GC(214) Pacer for Mark. Expected Live: 120M, Free: 572M, Non-Taxable: 58605K, Alloc Tax Rate: 0.3x
[14.612s][info   ][gc          ] GC(214) Pause Init Mark (unload classes) 0.271ms
[14.616s][info   ][gc,start    ] GC(214) Concurrent marking roots
[14.617s][info   ][gc,task     ] GC(214) Using 1 of 2 workers for concurrent marking roots
[14.617s][info   ][gc          ] GC(214) Concurrent marking roots 0.416ms
[14.617s][info   ][gc,start    ] GC(214) Concurrent marking (unload classes)
[14.617s][info   ][gc,task     ] GC(214) Using 1 of 2 workers for concurrent marking
[14.621s][info   ][gc          ] GC(214) Concurrent marking (unload classes) 3.870ms
[14.621s][info   ][gc,start    ] GC(214) Pause Final Mark (unload classes)
[14.621s][info   ][gc,task     ] GC(214) Using 2 of 2 workers for final marking
[14.622s][info   ][gc,ergo     ] GC(214) Collectable Garbage: 612M (99%), Immediate: 612M (99%), CSet: 0B (0%)
[14.622s][info   ][gc          ] GC(214) Pause Final Mark (unload classes) 0.260ms
[14.622s][info   ][gc,start    ] GC(214) Concurrent weak references
[14.622s][info   ][gc,task     ] GC(214) Using 1 of 2 workers for concurrent weak references
[14.622s][info   ][gc,ref      ] GC(214) Encountered references: Soft: 11, Weak: 37, Final: 0, Phantom: 5
[14.622s][info   ][gc,ref      ] GC(214) Discovered  references: Soft: 0, Weak: 11, Final: 0, Phantom: 5
[14.622s][info   ][gc,ref      ] GC(214) Enqueued    references: Soft: 0, Weak: 0, Final: 0, Phantom: 0
[14.622s][info   ][gc          ] GC(214) Concurrent weak references 0.124ms
[14.622s][info   ][gc,start    ] GC(214) Concurrent weak roots
[14.622s][info   ][gc,task     ] GC(214) Using 1 of 2 workers for concurrent weak root
[14.623s][info   ][gc          ] GC(214) Concurrent weak roots 0.718ms
[14.623s][info   ][gc,start    ] GC(214) Concurrent cleanup
[14.623s][info   ][gc          ] GC(214) Concurrent cleanup 747M->135M(2048M) 0.642ms
[14.623s][info   ][gc,ergo     ] GC(214) Free: 1680M, Max: 1024K regular, 454M humongous, Frag: 73% external, 0% internal; Reserve: 103M, Max: 1024K
[14.623s][info   ][gc,start    ] GC(214) Concurrent class unloading
[14.623s][info   ][gc,task     ] GC(214) Using 1 of 2 workers for concurrent class unloading
[14.624s][info   ][gc          ] GC(214) Concurrent class unloading 0.452ms
[14.624s][info   ][gc,start    ] GC(214) Pause Final Roots
[14.624s][info   ][gc          ] GC(214) Pause Final Roots 0.023ms
[14.630s][info   ][gc,ergo     ] Free: 1580M, Max: 1024K regular, 454M humongous, Frag: 72% external, 0% internal; Reserve: 103M, Max: 1024K
[14.630s][info   ][gc,stats    ] 
[14.630s][info   ][gc,stats    ] All times are wall-clock times, except per-root-class counters, that are sum over
[14.630s][info   ][gc,stats    ] all workers. Dividing the <total> over the root stage time estimates parallelism.
[14.630s][info   ][gc,stats    ] 
[14.630s][info   ][gc,stats    ] Concurrent Reset                   6129 us
[14.630s][info   ][gc,stats    ] Pause Init Mark (G)                8633 us
[14.630s][info   ][gc,stats    ] Pause Init Mark (N)                 281 us
[14.630s][info   ][gc,stats    ]   Update Region States              132 us
[14.630s][info   ][gc,stats    ] Concurrent Mark Roots               431 us, parallelism: 0.35x
[14.630s][info   ][gc,stats    ]   CMR: <total>                      151 us
[14.630s][info   ][gc,stats    ]   CMR: Thread Roots                 118 us, workers (us): 118, ---, 
[14.630s][info   ][gc,stats    ]   CMR: VM Strong Roots                6 us, workers (us):   6, ---, 
[14.630s][info   ][gc,stats    ]   CMR: CLDG Roots                    27 us, workers (us):  27, ---, 
[14.630s][info   ][gc,stats    ] Concurrent Marking                 3917 us
[14.630s][info   ][gc,stats    ] Pause Final Mark (G)                836 us
[14.630s][info   ][gc,stats    ] Pause Final Mark (N)                268 us
[14.630s][info   ][gc,stats    ]   Finish Mark                        57 us
[14.630s][info   ][gc,stats    ]   Update Region States               31 us
[14.630s][info   ][gc,stats    ]   Choose Collection Set             110 us
[14.630s][info   ][gc,stats    ]   Rebuild Free Set                    9 us
[14.630s][info   ][gc,stats    ] Concurrent Weak References          132 us, parallelism: 0.05x
[14.630s][info   ][gc,stats    ]   CWRF: <total>                       6 us
[14.630s][info   ][gc,stats    ]   CWRF: Weak References               6 us, workers (us):   6, ---, 
[14.630s][info   ][gc,stats    ] Concurrent Weak Roots               738 us
[14.630s][info   ][gc,stats    ]   Roots                             162 us, parallelism: 0.58x
[14.630s][info   ][gc,stats    ]     CWR: <total>                     94 us
[14.630s][info   ][gc,stats    ]     CWR: Code Cache Roots            49 us, workers (us):  49, ---, 
[14.630s][info   ][gc,stats    ]     CWR: VM Weak Roots               43 us, workers (us):  43, ---, 
[14.630s][info   ][gc,stats    ]     CWR: CLDG Roots                   2 us, workers (us):   2, ---, 
[14.630s][info   ][gc,stats    ]   Rendezvous                        541 us
[14.630s][info   ][gc,stats    ] Concurrent Cleanup                  659 us
[14.630s][info   ][gc,stats    ] Concurrent Class Unloading          466 us
[14.630s][info   ][gc,stats    ]   Unlink Stale                      270 us
[14.630s][info   ][gc,stats    ]     System Dictionary                 5 us
[14.630s][info   ][gc,stats    ]     Weak Class Links                  1 us
[14.630s][info   ][gc,stats    ]     Code Roots                      261 us
[14.630s][info   ][gc,stats    ]   Rendezvous                         96 us
[14.630s][info   ][gc,stats    ]   Purge Unlinked                     69 us
[14.630s][info   ][gc,stats    ]     Code Roots                       60 us
[14.630s][info   ][gc,stats    ]     CLDG                              6 us
[14.630s][info   ][gc,stats    ]     Exception Caches                  1 us
[14.630s][info   ][gc,stats    ] Pause Final Roots (G)              5756 us
[14.630s][info   ][gc,stats    ] Pause Final Roots (N)                32 us
[14.630s][info   ][gc,stats    ] Pacing                           118416 us
[14.630s][info   ][gc,stats    ] 
[14.630s][info   ][gc,stats    ] Allocation pacing accrued:
[14.630s][info   ][gc,stats    ]      18 of    97 ms ( 18.4%): Thread-0
[14.630s][info   ][gc,stats    ]       7 of    97 ms (  7.7%): Thread-1
[14.630s][info   ][gc,stats    ]      17 of    97 ms ( 17.9%): Thread-2
[14.630s][info   ][gc,stats    ]      22 of    97 ms ( 22.2%): Thread-3
[14.630s][info   ][gc,stats    ]      18 of    97 ms ( 18.1%): Thread-4
[14.630s][info   ][gc,stats    ]      17 of    97 ms ( 17.1%): Thread-5
[14.630s][info   ][gc,stats    ]       9 of    97 ms (  9.0%): Thread-6
[14.630s][info   ][gc,stats    ]      11 of    97 ms ( 11.3%): Thread-7
[14.630s][info   ][gc,stats    ]     118 of    97 ms (121.6%): <total>
[14.630s][info   ][gc,stats    ]       6 of    97 ms (  6.4%): <average total>
[14.630s][info   ][gc,stats    ]      15 of    97 ms ( 15.2%): <average non-zero>
[14.630s][info   ][gc,stats    ] 
[14.630s][info   ][gc,metaspace] Metaspace: 213K(448K)->213K(448K) NonClass: 204K(320K)->204K(320K) Class: 9K(128K)->9K(128K)
[14.630s][info   ][gc,ergo     ] Pacer for Idle. Initial: 41943K, Alloc Tax Rate: 1.0x
[14.691s][info   ][gc          ] Trigger: Average GC time (39.04 ms) is above the time for average allocation rate (15123 MB/s) to deplete free headroom (581M) (margin of error = 1.85)
[14.691s][info   ][gc,ergo     ] Free headroom: 684M (free) - 102M (spike) - 0B (penalties) = 581M
[14.691s][info   ][gc,ergo     ] Free: 682M, Max: 1024K regular, 454M humongous, Frag: 34% external, 0% internal; Reserve: 103M, Max: 1024K
[14.691s][info   ][gc,start    ] GC(215) Concurrent reset
[14.691s][info   ][gc,task     ] GC(215) Using 1 of 2 workers for concurrent reset
[14.691s][info   ][gc,ergo     ] GC(215) Pacer for Reset. Non-Taxable: 2048M
[14.698s][info   ][gc          ] GC(215) Concurrent reset 6.764ms
[14.699s][info   ][gc,start    ] GC(215) Pause Init Mark (unload classes)
[14.699s][info   ][gc,task     ] GC(215) Using 2 of 2 workers for init marking
[14.699s][info   ][gc,ergo     ] GC(215) Pacer for Mark. Expected Live: 102M, Free: 586M, Non-Taxable: 60039K, Alloc Tax Rate: 0.2x
[14.699s][info   ][gc          ] GC(215) Pause Init Mark (unload classes) 0.157ms
[14.702s][info   ][gc,start    ] GC(215) Concurrent marking roots
[14.702s][info   ][gc,task     ] GC(215) Using 1 of 2 workers for concurrent marking roots
[14.702s][info   ][gc          ] GC(215) Concurrent marking roots 0.457ms
[14.702s][info   ][gc,start    ] GC(215) Concurrent marking (unload classes)
[14.702s][info   ][gc,task     ] GC(215) Using 1 of 2 workers for concurrent marking
[14.704s][info   ][gc          ] GC(215) Concurrent marking (unload classes) 1.482ms
[14.704s][info   ][gc,start    ] GC(215) Pause Final Mark (unload classes)
[14.704s][info   ][gc,task     ] GC(215) Using 2 of 2 workers for final marking
[14.704s][info   ][gc,ergo     ] GC(215) Collectable Garbage: 649M (99%), Immediate: 649M (99%), CSet: 0B (0%)
[14.704s][info   ][gc          ] GC(215) Pause Final Mark (unload classes) 0.363ms
[14.704s][info   ][gc,start    ] GC(215) Concurrent weak references
[14.704s][info   ][gc,task     ] GC(215) Using 1 of 2 workers for concurrent weak references
[14.704s][info   ][gc,ref      ] GC(215) Encountered references: Soft: 11, Weak: 37, Final: 0, Phantom: 5
[14.704s][info   ][gc,ref      ] GC(215) Discovered  references: Soft: 0, Weak: 11, Final: 0, Phantom: 5
[14.704s][info   ][gc,ref      ] GC(215) Enqueued    references: Soft: 0, Weak: 0, Final: 0, Phantom: 0
[14.704s][info   ][gc          ] GC(215) Concurrent weak references 0.062ms
[14.704s][info   ][gc,start    ] GC(215) Concurrent weak roots
[14.704s][info   ][gc,task     ] GC(215) Using 1 of 2 workers for concurrent weak root
[14.705s][info   ][gc          ] GC(215) Concurrent weak roots 0.223ms
[14.705s][info   ][gc,start    ] GC(215) Concurrent cleanup
[14.705s][info   ][gc          ] GC(215) Concurrent cleanup 711M->62M(2048M) 0.622ms
[14.705s][info   ][gc,ergo     ] GC(215) Free: 1826M, Max: 1024K regular, 680M humongous, Frag: 63% external, 0% internal; Reserve: 103M, Max: 1024K
[14.705s][info   ][gc,start    ] GC(215) Concurrent class unloading
[14.705s][info   ][gc,task     ] GC(215) Using 1 of 2 workers for concurrent class unloading
[14.709s][info   ][gc          ] GC(215) Concurrent class unloading 3.901ms
[14.710s][info   ][gc,start    ] GC(215) Pause Final Roots
[14.710s][info   ][gc          ] GC(215) Pause Final Roots 0.025ms
[14.710s][info   ][gc,ergo     ] Free: 1774M, Max: 1024K regular, 680M humongous, Frag: 62% external, 0% internal; Reserve: 103M, Max: 1024K
[14.710s][info   ][gc,stats    ] 
[14.710s][info   ][gc,stats    ] All times are wall-clock times, except per-root-class counters, that are sum over
[14.710s][info   ][gc,stats    ] all workers. Dividing the <total> over the root stage time estimates parallelism.
[14.710s][info   ][gc,stats    ] 
[14.710s][info   ][gc,stats    ] Concurrent Reset                   6914 us
[14.710s][info   ][gc,stats    ] Pause Init Mark (G)                3912 us
[14.710s][info   ][gc,stats    ] Pause Init Mark (N)                 164 us
[14.710s][info   ][gc,stats    ]   Update Region States              104 us
[14.710s][info   ][gc,stats    ] Concurrent Mark Roots               474 us, parallelism: 0.54x
[14.710s][info   ][gc,stats    ]   CMR: <total>                      258 us
[14.710s][info   ][gc,stats    ]   CMR: Thread Roots                 200 us, workers (us): 200, ---, 
[14.710s][info   ][gc,stats    ]   CMR: VM Strong Roots                9 us, workers (us):   9, ---, 
[14.710s][info   ][gc,stats    ]   CMR: CLDG Roots                    49 us, workers (us):  49, ---, 
[14.710s][info   ][gc,stats    ] Concurrent Marking                 1503 us
[14.710s][info   ][gc,stats    ] Pause Final Mark (G)                561 us
[14.710s][info   ][gc,stats    ] Pause Final Mark (N)                372 us
[14.710s][info   ][gc,stats    ]   Finish Mark                        97 us
[14.710s][info   ][gc,stats    ]   Update Region States               97 us
[14.710s][info   ][gc,stats    ]   Choose Collection Set             120 us
[14.710s][info   ][gc,stats    ]   Rebuild Free Set                   10 us
[14.710s][info   ][gc,stats    ] Concurrent Weak References           69 us, parallelism: 0.03x
[14.710s][info   ][gc,stats    ]   CWRF: <total>                       2 us
[14.710s][info   ][gc,stats    ]   CWRF: Weak References               2 us, workers (us):   2, ---, 
[14.710s][info   ][gc,stats    ] Concurrent Weak Roots               235 us
[14.710s][info   ][gc,stats    ]   Roots                             137 us, parallelism: 0.38x
[14.710s][info   ][gc,stats    ]     CWR: <total>                     53 us
[14.710s][info   ][gc,stats    ]     CWR: Code Cache Roots            28 us, workers (us):  28, ---, 
[14.710s][info   ][gc,stats    ]     CWR: VM Weak Roots               23 us, workers (us):  23, ---, 
[14.710s][info   ][gc,stats    ]     CWR: CLDG Roots                   1 us, workers (us):   1, ---, 
[14.710s][info   ][gc,stats    ]   Rendezvous                         72 us
[14.710s][info   ][gc,stats    ] Concurrent Cleanup                  631 us
[14.710s][info   ][gc,stats    ] Concurrent Class Unloading         3982 us
[14.710s][info   ][gc,stats    ]   Unlink Stale                     3333 us
[14.710s][info   ][gc,stats    ]     System Dictionary                 4 us
[14.710s][info   ][gc,stats    ]     Weak Class Links                  1 us
[14.710s][info   ][gc,stats    ]     Code Roots                     3324 us
[14.710s][info   ][gc,stats    ]   Rendezvous                        406 us
[14.710s][info   ][gc,stats    ]   Purge Unlinked                    143 us
[14.710s][info   ][gc,stats    ]     Code Roots                      122 us
[14.710s][info   ][gc,stats    ]     CLDG                             18 us
[14.710s][info   ][gc,stats    ]     Exception Caches                  0 us
[14.715s][info   ][gc,stats    ] Pause Final Roots (G)               557 us
[14.715s][info   ][gc,stats    ] Pause Final Roots (N)                33 us
[14.715s][info   ][gc,stats    ] 
[14.715s][info   ][gc,stats    ] Allocation pacing accrued:
[14.715s][info   ][gc,stats    ]       8 of    85 ms (  9.1%): Thread-0
[14.715s][info   ][gc,stats    ]       8 of    85 ms (  9.1%): Thread-2
[14.715s][info   ][gc,stats    ]       8 of    85 ms (  9.2%): Thread-3
[14.715s][info   ][gc,stats    ]      12 of    85 ms ( 13.6%): Thread-4
[14.715s][info   ][gc,stats    ]      11 of    85 ms ( 13.1%): Thread-5
[14.715s][info   ][gc,stats    ]      46 of    85 ms ( 54.2%): <total>
[14.715s][info   ][gc,stats    ]       2 of    85 ms (  2.9%): <average total>
[14.715s][info   ][gc,stats    ]       9 of    85 ms ( 10.8%): <average non-zero>
[14.715s][info   ][gc,stats    ] 
[14.715s][info   ][gc,metaspace] Metaspace: 213K(448K)->213K(448K) NonClass: 204K(320K)->204K(320K) Class: 9K(128K)->9K(128K)
[14.715s][info   ][gc,ergo     ] Pacer for Idle. Initial: 41943K, Alloc Tax Rate: 1.0x
[14.798s][info   ][gc          ] Trigger: Average GC time (33.58 ms) is above the time for average allocation rate (14611 MB/s) to deplete free headroom (489M) (margin of error = 1.83)
[14.799s][info   ][gc,ergo     ] Free headroom: 592M (free) - 102M (spike) - 0B (penalties) = 489M
[14.799s][info   ][gc,ergo     ] Free: 586M, Max: 1024K regular, 584M humongous, Frag: 1% external, 0% internal; Reserve: 103M, Max: 1024K
[14.799s][info   ][gc,start    ] GC(216) Concurrent reset
[14.799s][info   ][gc,task     ] GC(216) Using 1 of 2 workers for concurrent reset
[14.799s][info   ][gc,ergo     ] GC(216) Pacer for Reset. Non-Taxable: 2048M
[14.802s][info   ][gc          ] GC(216) Concurrent reset 3.584ms
[14.808s][info   ][gc,start    ] GC(216) Pause Init Mark (unload classes)
[14.808s][info   ][gc,task     ] GC(216) Using 2 of 2 workers for init marking
[14.808s][info   ][gc,ergo     ] GC(216) Pacer for Mark. Expected Live: 80013K, Free: 466M, Non-Taxable: 47751K, Alloc Tax Rate: 0.2x
[14.808s][info   ][gc          ] GC(216) Pause Init Mark (unload classes) 0.274ms
[14.811s][info   ][gc,start    ] GC(216) Concurrent marking roots
[14.811s][info   ][gc,task     ] GC(216) Using 1 of 2 workers for concurrent marking roots
[14.811s][info   ][gc          ] GC(216) Concurrent marking roots 0.391ms
[14.811s][info   ][gc,start    ] GC(216) Concurrent marking (unload classes)
[14.811s][info   ][gc,task     ] GC(216) Using 1 of 2 workers for concurrent marking
[14.813s][info   ][gc          ] GC(216) Concurrent marking (unload classes) 1.442ms
[14.813s][info   ][gc,start    ] GC(216) Pause Final Mark (unload classes)
[14.813s][info   ][gc,task     ] GC(216) Using 2 of 2 workers for final marking
[14.813s][info   ][gc,ergo     ] GC(216) Collectable Garbage: 643M (99%), Immediate: 643M (99%), CSet: 0B (0%)
[14.813s][info   ][gc          ] GC(216) Pause Final Mark (unload classes) 0.339ms
[14.813s][info   ][gc,start    ] GC(216) Concurrent weak references
[14.813s][info   ][gc,task     ] GC(216) Using 1 of 2 workers for concurrent weak references
[14.813s][info   ][gc,ref      ] GC(216) Encountered references: Soft: 11, Weak: 37, Final: 0, Phantom: 5
[14.813s][info   ][gc,ref      ] GC(216) Discovered  references: Soft: 0, Weak: 11, Final: 0, Phantom: 5
[14.813s][info   ][gc,ref      ] GC(216) Enqueued    references: Soft: 0, Weak: 0, Final: 0, Phantom: 0
[14.813s][info   ][gc          ] GC(216) Concurrent weak references 0.067ms
[14.813s][info   ][gc,start    ] GC(216) Concurrent weak roots
[14.813s][info   ][gc,task     ] GC(216) Using 1 of 2 workers for concurrent weak root
[14.814s][info   ][gc          ] GC(216) Concurrent weak roots 0.216ms
[14.814s][info   ][gc,start    ] GC(216) Concurrent cleanup
[14.814s][info   ][gc          ] GC(216) Concurrent cleanup 765M->122M(2048M) 0.720ms
[14.814s][info   ][gc,ergo     ] GC(216) Free: 1706M, Max: 1024K regular, 418M humongous, Frag: 76% external, 0% internal; Reserve: 103M, Max: 1024K
[14.814s][info   ][gc,start    ] GC(216) Concurrent class unloading
[14.814s][info   ][gc,task     ] GC(216) Using 1 of 2 workers for concurrent class unloading
[14.815s][info   ][gc          ] GC(216) Concurrent class unloading 0.287ms
[14.815s][info   ][gc,start    ] GC(216) Pause Final Roots
[14.815s][info   ][gc          ] GC(216) Pause Final Roots 0.018ms
[14.815s][info   ][gc,ergo     ] Free: 1706M, Max: 1024K regular, 418M humongous, Frag: 76% external, 0% internal; Reserve: 103M, Max: 1024K
[14.815s][info   ][gc,stats    ] 
[14.815s][info   ][gc,stats    ] All times are wall-clock times, except per-root-class counters, that are sum over
[14.815s][info   ][gc,stats    ] all workers. Dividing the <total> over the root stage time estimates parallelism.
[14.815s][info   ][gc,stats    ] 
[14.815s][info   ][gc,stats    ] Concurrent Reset                   3671 us
[14.815s][info   ][gc,stats    ] Pause Init Mark (G)                8529 us
[14.815s][info   ][gc,stats    ] Pause Init Mark (N)                 286 us
[14.815s][info   ][gc,stats    ]   Update Region States              176 us
[14.815s][info   ][gc,stats    ] Concurrent Mark Roots               441 us, parallelism: 0.48x
[14.815s][info   ][gc,stats    ]   CMR: <total>                      211 us
[14.815s][info   ][gc,stats    ]   CMR: Thread Roots                 126 us, workers (us): 126, ---, 
[14.815s][info   ][gc,stats    ]   CMR: VM Strong Roots               15 us, workers (us):  15, ---, 
[14.815s][info   ][gc,stats    ]   CMR: CLDG Roots                    70 us, workers (us):  70, ---, 
[14.815s][info   ][gc,stats    ] Concurrent Marking                 1462 us
[14.815s][info   ][gc,stats    ] Pause Final Mark (G)                440 us
[14.815s][info   ][gc,stats    ] Pause Final Mark (N)                348 us
[14.815s][info   ][gc,stats    ]   Finish Mark                        99 us
[14.815s][info   ][gc,stats    ]   Update Region States               99 us
[14.815s][info   ][gc,stats    ]   Choose Collection Set              97 us
[14.815s][info   ][gc,stats    ]   Rebuild Free Set                    9 us
[14.815s][info   ][gc,stats    ] Concurrent Weak References           74 us, parallelism: 0.03x
[14.815s][info   ][gc,stats    ]   CWRF: <total>                       2 us
[14.815s][info   ][gc,stats    ]   CWRF: Weak References               2 us, workers (us):   2, ---, 
[14.815s][info   ][gc,stats    ] Concurrent Weak Roots               228 us
[14.815s][info   ][gc,stats    ]   Roots                             129 us, parallelism: 0.42x
[14.815s][info   ][gc,stats    ]     CWR: <total>                     54 us
[14.815s][info   ][gc,stats    ]     CWR: Code Cache Roots            27 us, workers (us):  27, ---, 
[14.815s][info   ][gc,stats    ]     CWR: VM Weak Roots               25 us, workers (us):  25, ---, 
[14.815s][info   ][gc,stats    ]     CWR: CLDG Roots                   2 us, workers (us):   2, ---, 
[14.815s][info   ][gc,stats    ]   Rendezvous                         71 us
[14.815s][info   ][gc,stats    ] Concurrent Cleanup                  734 us
[14.815s][info   ][gc,stats    ] Concurrent Class Unloading          299 us
[14.815s][info   ][gc,stats    ]   Unlink Stale                      119 us
[14.815s][info   ][gc,stats    ]     System Dictionary                 4 us
[14.815s][info   ][gc,stats    ]     Weak Class Links                  1 us
[14.815s][info   ][gc,stats    ]     Code Roots                      111 us
[14.815s][info   ][gc,stats    ]   Rendezvous                         74 us
[14.815s][info   ][gc,stats    ]   Purge Unlinked                     78 us
[14.815s][info   ][gc,stats    ]     Code Roots                       61 us
[14.815s][info   ][gc,stats    ]     CLDG                             14 us
[14.815s][info   ][gc,stats    ]     Exception Caches                  1 us
[14.815s][info   ][gc,stats    ] Pause Final Roots (G)               112 us
[14.815s][info   ][gc,stats    ] Pause Final Roots (N)                27 us
[14.815s][info   ][gc,stats    ] Pacing                            58146 us
[14.815s][info   ][gc,stats    ] 
[14.815s][info   ][gc,stats    ] Allocation pacing accrued:
[14.815s][info   ][gc,stats    ]       6 of   100 ms (  5.8%): Thread-0
[14.815s][info   ][gc,stats    ]       9 of   100 ms (  8.7%): Thread-1
[14.815s][info   ][gc,stats    ]       8 of   100 ms (  8.5%): Thread-2
[14.815s][info   ][gc,stats    ]       8 of   100 ms (  8.3%): Thread-3
[14.815s][info   ][gc,stats    ]       6 of   100 ms (  6.2%): Thread-4
[14.815s][info   ][gc,stats    ]       6 of   100 ms (  5.7%): Thread-5
[14.815s][info   ][gc,stats    ]       9 of   100 ms (  8.8%): Thread-6
[14.815s][info   ][gc,stats    ]       6 of   100 ms (  6.1%): Thread-7
[14.815s][info   ][gc,stats    ]      58 of   100 ms ( 58.0%): <total>
[14.815s][info   ][gc,stats    ]       3 of   100 ms (  3.1%): <average total>
[14.815s][info   ][gc,stats    ]       7 of   100 ms (  7.3%): <average non-zero>
[14.815s][info   ][gc,stats    ] 
[14.815s][info   ][gc,metaspace] Metaspace: 213K(448K)->213K(448K) NonClass: 204K(320K)->204K(320K) Class: 9K(128K)->9K(128K)
[14.815s][info   ][gc,ergo     ] Pacer for Idle. Initial: 41943K, Alloc Tax Rate: 1.0x
[14.904s][info   ][gc          ] Trigger: Average GC time (28.97 ms) is above the time for average allocation rate (14334 MB/s) to deplete free headroom (401M) (margin of error = 1.82)
[14.904s][info   ][gc,ergo     ] Free headroom: 504M (free) - 102M (spike) - 0B (penalties) = 401M
[14.904s][info   ][gc,ergo     ] Free: 502M, Max: 1024K regular, 418M humongous, Frag: 17% external, 0% internal; Reserve: 103M, Max: 1024K
[14.904s][info   ][gc,start    ] GC(217) Concurrent reset
[14.904s][info   ][gc,task     ] GC(217) Using 1 of 2 workers for concurrent reset
[14.904s][info   ][gc,ergo     ] GC(217) Pacer for Reset. Non-Taxable: 2048M
[14.909s][info   ][gc          ] GC(217) Concurrent reset 4.352ms
[14.912s][info   ][gc,start    ] GC(217) Pause Init Mark (unload classes)
[14.912s][info   ][gc,task     ] GC(217) Using 2 of 2 workers for init marking
[14.913s][info   ][gc,ergo     ] GC(217) Pacer for Mark. Expected Live: 74074K, Free: 410M, Non-Taxable: 42016K, Alloc Tax Rate: 0.2x
[14.913s][info   ][gc          ] GC(217) Pause Init Mark (unload classes) 0.221ms
[14.915s][info   ][gc,start    ] GC(217) Concurrent marking roots
[14.915s][info   ][gc,task     ] GC(217) Using 1 of 2 workers for concurrent marking roots
[14.916s][info   ][gc          ] GC(217) Concurrent marking roots 0.421ms
[14.916s][info   ][gc,start    ] GC(217) Concurrent marking (unload classes)
[14.916s][info   ][gc,task     ] GC(217) Using 1 of 2 workers for concurrent marking
[14.917s][info   ][gc          ] GC(217) Concurrent marking (unload classes) 1.548ms
[14.917s][info   ][gc,start    ] GC(217) Pause Final Mark (unload classes)
[14.917s][info   ][gc,task     ] GC(217) Using 2 of 2 workers for final marking
[14.918s][info   ][gc,ergo     ] GC(217) Collectable Garbage: 677M (99%), Immediate: 677M (99%), CSet: 0B (0%)
[14.918s][info   ][gc          ] GC(217) Pause Final Mark (unload classes) 0.351ms
[14.918s][info   ][gc,start    ] GC(217) Concurrent weak references
[14.918s][info   ][gc,task     ] GC(217) Using 1 of 2 workers for concurrent weak references
[14.918s][info   ][gc,ref      ] GC(217) Encountered references: Soft: 11, Weak: 37, Final: 0, Phantom: 5
[14.918s][info   ][gc,ref      ] GC(217) Discovered  references: Soft: 0, Weak: 11, Final: 0, Phantom: 5
[14.918s][info   ][gc,ref      ] GC(217) Enqueued    references: Soft: 0, Weak: 0, Final: 0, Phantom: 0
[14.918s][info   ][gc          ] GC(217) Concurrent weak references 0.062ms
[14.918s][info   ][gc,start    ] GC(217) Concurrent weak roots
[14.918s][info   ][gc,task     ] GC(217) Using 1 of 2 workers for concurrent weak root
[14.918s][info   ][gc          ] GC(217) Concurrent weak roots 0.295ms
[14.918s][info   ][gc,start    ] GC(217) Concurrent cleanup
[14.919s][info   ][gc          ] GC(217) Concurrent cleanup 791M->114M(2048M) 0.723ms
[14.919s][info   ][gc,ergo     ] GC(217) Free: 1722M, Max: 1024K regular, 366M humongous, Frag: 79% external, 0% internal; Reserve: 103M, Max: 1024K
[14.919s][info   ][gc,start    ] GC(217) Concurrent class unloading
[14.919s][info   ][gc,task     ] GC(217) Using 1 of 2 workers for concurrent class unloading
[14.919s][info   ][gc          ] GC(217) Concurrent class unloading 0.381ms
[14.919s][info   ][gc,start    ] GC(217) Pause Final Roots
[14.919s][info   ][gc          ] GC(217) Pause Final Roots 0.021ms
[14.919s][info   ][gc,ergo     ] Free: 1722M, Max: 1024K regular, 366M humongous, Frag: 79% external, 0% internal; Reserve: 103M, Max: 1024K
[14.919s][info   ][gc,stats    ] 
[14.919s][info   ][gc,stats    ] All times are wall-clock times, except per-root-class counters, that are sum over
[14.919s][info   ][gc,stats    ] all workers. Dividing the <total> over the root stage time estimates parallelism.
[14.919s][info   ][gc,stats    ] 
[14.919s][info   ][gc,stats    ] Concurrent Reset                   4881 us
[14.919s][info   ][gc,stats    ] Pause Init Mark (G)                5964 us
[14.919s][info   ][gc,stats    ] Pause Init Mark (N)                 231 us
[14.919s][info   ][gc,stats    ]   Update Region States              125 us
[14.920s][info   ][gc,stats    ] Concurrent Mark Roots               449 us, parallelism: 0.47x
[14.920s][info   ][gc,stats    ]   CMR: <total>                      209 us
[14.920s][info   ][gc,stats    ]   CMR: Thread Roots                 172 us, workers (us): 172, ---, 
[14.920s][info   ][gc,stats    ]   CMR: VM Strong Roots                5 us, workers (us):   5, ---, 
[14.920s][info   ][gc,stats    ]   CMR: CLDG Roots                    33 us, workers (us):  33, ---, 
[14.920s][info   ][gc,stats    ] Concurrent Marking                 1591 us
[14.920s][info   ][gc,stats    ] Pause Final Mark (G)                456 us
[14.920s][info   ][gc,stats    ] Pause Final Mark (N)                361 us
[14.920s][info   ][gc,stats    ]   Finish Mark                       118 us
[14.920s][info   ][gc,stats    ]   Update Region States               98 us
[14.920s][info   ][gc,stats    ]   Choose Collection Set              93 us
[14.920s][info   ][gc,stats    ]   Rebuild Free Set                   10 us
[14.920s][info   ][gc,stats    ] Concurrent Weak References           69 us, parallelism: 0.03x
[14.920s][info   ][gc,stats    ]   CWRF: <total>                       2 us
[14.920s][info   ][gc,stats    ]   CWRF: Weak References               2 us, workers (us):   2, ---, 
[14.920s][info   ][gc,stats    ] Concurrent Weak Roots               309 us
[14.920s][info   ][gc,stats    ]   Roots                             190 us, parallelism: 0.44x
[14.920s][info   ][gc,stats    ]     CWR: <total>                     83 us
[14.920s][info   ][gc,stats    ]     CWR: Code Cache Roots            58 us, workers (us):  58, ---, 
[14.920s][info   ][gc,stats    ]     CWR: VM Weak Roots               23 us, workers (us):  23, ---, 
[14.920s][info   ][gc,stats    ]     CWR: CLDG Roots                   1 us, workers (us):   1, ---, 
[14.920s][info   ][gc,stats    ]   Rendezvous                         89 us
[14.920s][info   ][gc,stats    ] Concurrent Cleanup                  737 us
[14.920s][info   ][gc,stats    ] Concurrent Class Unloading          400 us
[14.920s][info   ][gc,stats    ]   Unlink Stale                      149 us
[14.920s][info   ][gc,stats    ]     System Dictionary                 4 us
[14.920s][info   ][gc,stats    ]     Weak Class Links                  1 us
[14.920s][info   ][gc,stats    ]     Code Roots                      142 us
[14.920s][info   ][gc,stats    ]   Rendezvous                        114 us
[14.920s][info   ][gc,stats    ]   Purge Unlinked                     99 us
[14.920s][info   ][gc,stats    ]     Code Roots                       78 us
[14.920s][info   ][gc,stats    ]     CLDG                             17 us
[14.920s][info   ][gc,stats    ]     Exception Caches                  1 us
[14.920s][info   ][gc,stats    ] Pause Final Roots (G)               157 us
[14.920s][info   ][gc,stats    ] Pause Final Roots (N)                32 us
[14.920s][info   ][gc,stats    ] Pacing                            54822 us
[14.920s][info   ][gc,stats    ] 
[14.920s][info   ][gc,stats    ] Allocation pacing accrued:
[14.920s][info   ][gc,stats    ]       9 of   105 ms (  8.9%): Thread-0
[14.920s][info   ][gc,stats    ]       9 of   105 ms (  8.7%): Thread-1
[14.920s][info   ][gc,stats    ]      10 of   105 ms (  9.1%): Thread-2
[14.920s][info   ][gc,stats    ]       7 of   105 ms (  6.5%): Thread-4
[14.920s][info   ][gc,stats    ]       9 of   105 ms (  9.0%): Thread-5
[14.920s][info   ][gc,stats    ]      11 of   105 ms ( 10.2%): Thread-6
[14.920s][info   ][gc,stats    ]      55 of   105 ms ( 52.4%): <total>
[14.920s][info   ][gc,stats    ]       3 of   105 ms (  2.8%): <average total>
[14.920s][info   ][gc,stats    ]       9 of   105 ms (  8.7%): <average non-zero>
[14.920s][info   ][gc,stats    ] 
[14.920s][info   ][gc,metaspace] Metaspace: 213K(448K)->213K(448K) NonClass: 204K(320K)->204K(320K) Class: 9K(128K)->9K(128K)
[14.920s][info   ][gc,ergo     ] Pacer for Idle. Initial: 41943K, Alloc Tax Rate: 1.0x
[15.010s][info   ][gc          ] Trigger: Average GC time (24.97 ms) is above the time for average allocation rate (14275 MB/s) to deplete free headroom (345M) (margin of error = 1.81)
[15.010s][info   ][gc,ergo     ] Free headroom: 448M (free) - 102M (spike) - 0B (penalties) = 345M
[15.010s][info   ][gc,ergo     ] Free: 442M, Max: 1024K regular, 366M humongous, Frag: 18% external, 0% internal; Reserve: 103M, Max: 1024K
[15.010s][info   ][gc,start    ] GC(218) Concurrent reset
[15.010s][info   ][gc,task     ] GC(218) Using 1 of 2 workers for concurrent reset
[15.010s][info   ][gc,ergo     ] GC(218) Pacer for Reset. Non-Taxable: 2048M
[15.013s][info   ][gc          ] GC(218) Concurrent reset 2.523ms
[15.016s][info   ][gc,start    ] GC(218) Pause Init Mark (unload classes)
[15.016s][info   ][gc,task     ] GC(218) Using 2 of 2 workers for init marking
[15.016s][info   ][gc,ergo     ] GC(218) Pacer for Mark. Expected Live: 78580K, Free: 364M, Non-Taxable: 37306K, Alloc Tax Rate: 0.3x
[15.016s][info   ][gc          ] GC(218) Pause Init Mark (unload classes) 0.177ms
[15.019s][info   ][gc,start    ] GC(218) Concurrent marking roots
[15.019s][info   ][gc,task     ] GC(218) Using 1 of 2 workers for concurrent marking roots
[15.019s][info   ][gc          ] GC(218) Concurrent marking roots 0.271ms
[15.019s][info   ][gc,start    ] GC(218) Concurrent marking (unload classes)
[15.019s][info   ][gc,task     ] GC(218) Using 1 of 2 workers for concurrent marking
[15.023s][info   ][gc          ] GC(218) Concurrent marking (unload classes) 4.032ms
[15.024s][info   ][gc,start    ] GC(218) Pause Final Mark (unload classes)
[15.024s][info   ][gc,task     ] GC(218) Using 2 of 2 workers for final marking
[15.024s][info   ][gc,ergo     ] GC(218) Collectable Garbage: 725M (99%), Immediate: 725M (99%), CSet: 0B (0%)
[15.025s][info   ][gc          ] GC(218) Pause Final Mark (unload classes) 0.445ms
[15.025s][info   ][gc,start    ] GC(218) Concurrent weak references
[15.025s][info   ][gc,task     ] GC(218) Using 1 of 2 workers for concurrent weak references
[15.025s][info   ][gc,ref      ] GC(218) Encountered references: Soft: 11, Weak: 37, Final: 0, Phantom: 5
[15.025s][info   ][gc,ref      ] GC(218) Discovered  references: Soft: 0, Weak: 11, Final: 0, Phantom: 5
[15.025s][info   ][gc,ref      ] GC(218) Enqueued    references: Soft: 0, Weak: 0, Final: 0, Phantom: 0
[15.025s][info   ][gc          ] GC(218) Concurrent weak references 0.664ms
[15.025s][info   ][gc,start    ] GC(218) Concurrent weak roots
[15.025s][info   ][gc,task     ] GC(218) Using 1 of 2 workers for concurrent weak root
[15.026s][info   ][gc          ] GC(218) Concurrent weak roots 0.272ms
[15.026s][info   ][gc,start    ] GC(218) Concurrent cleanup
[15.026s][info   ][gc          ] GC(218) Concurrent cleanup 829M->108M(2048M) 0.764ms
[15.026s][info   ][gc,ergo     ] GC(218) Free: 1732M, Max: 1024K regular, 397M humongous, Frag: 78% external, 0% internal; Reserve: 103M, Max: 1024K
[15.026s][info   ][gc,start    ] GC(218) Concurrent class unloading
[15.026s][info   ][gc,task     ] GC(218) Using 1 of 2 workers for concurrent class unloading
[15.027s][info   ][gc          ] GC(218) Concurrent class unloading 0.444ms
[15.027s][info   ][gc,start    ] GC(218) Pause Final Roots
[15.027s][info   ][gc          ] GC(218) Pause Final Roots 0.018ms
[15.028s][info   ][gc,ergo     ] Free: 1724M, Max: 1024K regular, 397M humongous, Frag: 77% external, 0% internal; Reserve: 103M, Max: 1024K
[15.028s][info   ][gc,stats    ] 
[15.028s][info   ][gc,stats    ] All times are wall-clock times, except per-root-class counters, that are sum over
[15.028s][info   ][gc,stats    ] all workers. Dividing the <total> over the root stage time estimates parallelism.
[15.028s][info   ][gc,stats    ] 
[15.028s][info   ][gc,stats    ] Concurrent Reset                   2574 us
[15.028s][info   ][gc,stats    ] Pause Init Mark (G)                6214 us
[15.028s][info   ][gc,stats    ] Pause Init Mark (N)                 187 us
[15.028s][info   ][gc,stats    ]   Update Region States              101 us
[15.028s][info   ][gc,stats    ] Concurrent Mark Roots               282 us, parallelism: 0.50x
[15.028s][info   ][gc,stats    ]   CMR: <total>                      140 us
[15.028s][info   ][gc,stats    ]   CMR: Thread Roots                 107 us, workers (us): 107, ---, 
[15.028s][info   ][gc,stats    ]   CMR: VM Strong Roots                7 us, workers (us):   7, ---, 
[15.028s][info   ][gc,stats    ]   CMR: CLDG Roots                    25 us, workers (us):  25, ---, 
[15.028s][info   ][gc,stats    ] Concurrent Marking                 4128 us
[15.028s][info   ][gc,stats    ] Pause Final Mark (G)               1052 us
[15.028s][info   ][gc,stats    ] Pause Final Mark (N)                462 us
[15.028s][info   ][gc,stats    ]   Finish Mark                       191 us
[15.028s][info   ][gc,stats    ]   Update Region States               81 us
[15.028s][info   ][gc,stats    ]   Choose Collection Set             107 us
[15.028s][info   ][gc,stats    ]   Rebuild Free Set                   27 us
[15.028s][info   ][gc,stats    ] Concurrent Weak References          672 us, parallelism: 0.02x
[15.028s][info   ][gc,stats    ]   CWRF: <total>                      11 us
[15.028s][info   ][gc,stats    ]   CWRF: Weak References              11 us, workers (us):  11, ---, 
[15.028s][info   ][gc,stats    ] Concurrent Weak Roots               283 us
[15.028s][info   ][gc,stats    ]   Roots                             149 us, parallelism: 0.76x
[15.028s][info   ][gc,stats    ]     CWR: <total>                    114 us
[15.028s][info   ][gc,stats    ]     CWR: Code Cache Roots            59 us, workers (us):  59, ---, 
[15.028s][info   ][gc,stats    ]     CWR: VM Weak Roots               47 us, workers (us):  47, ---, 
[15.028s][info   ][gc,stats    ]     CWR: CLDG Roots                   8 us, workers (us):   8, ---, 
[15.028s][info   ][gc,stats    ]   Rendezvous                        106 us
[15.028s][info   ][gc,stats    ] Concurrent Cleanup                  781 us
[15.028s][info   ][gc,stats    ] Concurrent Class Unloading          454 us
[15.028s][info   ][gc,stats    ]   Unlink Stale                      309 us
[15.028s][info   ][gc,stats    ]     System Dictionary                 6 us
[15.028s][info   ][gc,stats    ]     Weak Class Links                  1 us
[15.028s][info   ][gc,stats    ]     Code Roots                      299 us
[15.028s][info   ][gc,stats    ]   Rendezvous                         86 us
[15.028s][info   ][gc,stats    ]   Purge Unlinked                     32 us
[15.028s][info   ][gc,stats    ]     Code Roots                       15 us
[15.028s][info   ][gc,stats    ]     CLDG                             14 us
[15.028s][info   ][gc,stats    ]     Exception Caches                  0 us
[15.028s][info   ][gc,stats    ] Pause Final Roots (G)               697 us
[15.028s][info   ][gc,stats    ] Pause Final Roots (N)                25 us
[15.028s][info   ][gc,stats    ] Pacing                            55495 us
[15.028s][info   ][gc,stats    ] 
[15.028s][info   ][gc,stats    ] Allocation pacing accrued:
[15.028s][info   ][gc,stats    ]       8 of   108 ms (  7.8%): Thread-0
[15.028s][info   ][gc,stats    ]       8 of   108 ms (  7.6%): Thread-2
[15.028s][info   ][gc,stats    ]       9 of   108 ms (  7.9%): Thread-3
[15.028s][info   ][gc,stats    ]       6 of   108 ms (  5.8%): Thread-4
[15.028s][info   ][gc,stats    ]       6 of   108 ms (  5.7%): Thread-5
[15.028s][info   ][gc,stats    ]      12 of   108 ms ( 10.7%): Thread-6
[15.028s][info   ][gc,stats    ]       6 of   108 ms (  5.7%): Thread-7
[15.028s][info   ][gc,stats    ]      55 of   108 ms ( 51.3%): <total>
[15.028s][info   ][gc,stats    ]       3 of   108 ms (  2.7%): <average total>
[15.028s][info   ][gc,stats    ]       8 of   108 ms (  7.3%): <average non-zero>
[15.028s][info   ][gc,stats    ] 
[15.028s][info   ][gc,metaspace] Metaspace: 213K(448K)->213K(448K) NonClass: 204K(320K)->204K(320K) Class: 9K(128K)->9K(128K)
[15.028s][info   ][gc,ergo     ] Pacer for Idle. Initial: 41943K, Alloc Tax Rate: 1.0x
[15.121s][info   ][gc          ] Trigger: Average GC time (22.69 ms) is above the time for average allocation rate (14203 MB/s) to deplete free headroom (297M) (margin of error = 1.81)
[15.122s][info   ][gc,ergo     ] Free headroom: 400M (free) - 102M (spike) - 0B (penalties) = 297M
[15.122s][info   ][gc,ergo     ] Free: 396M, Max: 1024K regular, 290M humongous, Frag: 27% external, 0% internal; Reserve: 103M, Max: 1024K
[15.122s][info   ][gc,start    ] GC(219) Concurrent reset
[15.122s][info   ][gc,task     ] GC(219) Using 1 of 2 workers for concurrent reset
[15.122s][info   ][gc,ergo     ] GC(219) Pacer for Reset. Non-Taxable: 2048M
[15.123s][info   ][gc          ] GC(219) Concurrent reset 1.398ms
[15.124s][info   ][gc,start    ] GC(219) Pause Init Mark (unload classes)
[15.124s][info   ][gc,task     ] GC(219) Using 2 of 2 workers for init marking
[15.124s][info   ][gc,ergo     ] GC(219) Pacer for Mark. Expected Live: 70183K, Free: 374M, Non-Taxable: 38330K, Alloc Tax Rate: 0.2x
[15.124s][info   ][gc          ] GC(219) Pause Init Mark (unload classes) 0.120ms
[15.124s][info   ][gc,start    ] GC(219) Concurrent marking roots
[15.125s][info   ][gc,task     ] GC(219) Using 1 of 2 workers for concurrent marking roots
[15.125s][info   ][gc          ] GC(219) Concurrent marking roots 0.483ms
[15.125s][info   ][gc,start    ] GC(219) Concurrent marking (unload classes)
[15.125s][info   ][gc,task     ] GC(219) Using 1 of 2 workers for concurrent marking
[15.143s][info   ][gc          ] GC(219) Concurrent marking (unload classes) 17.693ms
[15.144s][info   ][gc,start    ] GC(219) Pause Final Mark (unload classes)
[15.144s][info   ][gc,task     ] GC(219) Using 2 of 2 workers for final marking
[15.145s][info   ][gc,ergo     ] GC(219) Collectable Garbage: 687M (99%), Immediate: 687M (99%), CSet: 0B (0%)
[15.145s][info   ][gc          ] GC(219) Pause Final Mark (unload classes) 0.784ms
[15.145s][info   ][gc,start    ] GC(219) Concurrent weak references
[15.145s][info   ][gc,task     ] GC(219) Using 1 of 2 workers for concurrent weak references
[15.147s][info   ][gc,ref      ] GC(219) Encountered references: Soft: 11, Weak: 37, Final: 0, Phantom: 5
[15.147s][info   ][gc,ref      ] GC(219) Discovered  references: Soft: 0, Weak: 11, Final: 0, Phantom: 5
[15.147s][info   ][gc,ref      ] GC(219) Enqueued    references: Soft: 0, Weak: 0, Final: 0, Phantom: 0
[15.147s][info   ][gc          ] GC(219) Concurrent weak references 2.515ms
[15.147s][info   ][gc,start    ] GC(219) Concurrent weak roots
[15.147s][info   ][gc,task     ] GC(219) Using 1 of 2 workers for concurrent weak root
[15.153s][info   ][gc          ] Failed to allocate Shared, 1024K
[15.153s][info   ][gc          ] Cancelling GC: Allocation Failure
[15.155s][info   ][gc          ] GC(219) Concurrent weak roots 7.344ms
[15.155s][info   ][gc,start    ] GC(219) Concurrent cleanup
[15.155s][info   ][gc          ] GC(219) Concurrent cleanup 974M->287M(2048M) 0.722ms
[15.155s][info   ][gc,ergo     ] GC(219) Free: 1376M, Max: 1024K regular, 397M humongous, Frag: 72% external, 0% internal; Reserve: 103M, Max: 1024K
[15.155s][info   ][gc,start    ] GC(219) Concurrent class unloading
[15.155s][info   ][gc,task     ] GC(219) Using 1 of 2 workers for concurrent class unloading
[15.156s][info   ][gc          ] GC(219) Concurrent class unloading 0.728ms
[15.157s][info   ][gc,start    ] GC(219) Pause Final Roots
[15.157s][info   ][gc          ] GC(219) Pause Final Roots 0.025ms
[15.157s][info   ][gc,ergo     ] Free: 1370M, Max: 1024K regular, 397M humongous, Frag: 72% external, 0% internal; Reserve: 103M, Max: 1024K
[15.157s][info   ][gc,stats    ] 
[15.157s][info   ][gc,stats    ] All times are wall-clock times, except per-root-class counters, that are sum over
[15.157s][info   ][gc,stats    ] all workers. Dividing the <total> over the root stage time estimates parallelism.
[15.157s][info   ][gc,stats    ] 
[15.157s][info   ][gc,stats    ] Concurrent Reset                   1446 us
[15.157s][info   ][gc,stats    ] Pause Init Mark (G)                1311 us
[15.157s][info   ][gc,stats    ] Pause Init Mark (N)                 129 us
[15.157s][info   ][gc,stats    ]   Update Region States               55 us
[15.157s][info   ][gc,stats    ] Concurrent Mark Roots               502 us, parallelism: 0.69x
[15.157s][info   ][gc,stats    ]   CMR: <total>                      344 us
[15.157s][info   ][gc,stats    ]   CMR: Thread Roots                 268 us, workers (us): 268, ---, 
[15.157s][info   ][gc,stats    ]   CMR: VM Strong Roots               14 us, workers (us):  14, ---, 
[15.157s][info   ][gc,stats    ]   CMR: CLDG Roots                    62 us, workers (us):  62, ---, 
[15.157s][info   ][gc,stats    ] Concurrent Marking                17848 us
[15.157s][info   ][gc,stats    ] Pause Final Mark (G)               1843 us
[15.157s][info   ][gc,stats    ] Pause Final Mark (N)                794 us
[15.157s][info   ][gc,stats    ]   Finish Mark                       391 us
[15.157s][info   ][gc,stats    ]   Update Region States              114 us
[15.157s][info   ][gc,stats    ]   Choose Collection Set             209 us
[15.157s][info   ][gc,stats    ]   Rebuild Free Set                   11 us
[15.157s][info   ][gc,stats    ] Concurrent Weak References         2527 us, parallelism: 0.00x
[15.157s][info   ][gc,stats    ]   CWRF: <total>                       8 us
[15.157s][info   ][gc,stats    ]   CWRF: Weak References               8 us, workers (us):   8, ---, 
[15.157s][info   ][gc,stats    ] Concurrent Weak Roots              7367 us
[15.157s][info   ][gc,stats    ]   Roots                            2190 us, parallelism: 0.03x
[15.157s][info   ][gc,stats    ]     CWR: <total>                     71 us
[15.157s][info   ][gc,stats    ]     CWR: Code Cache Roots            36 us, workers (us):  36, ---, 
[15.157s][info   ][gc,stats    ]     CWR: VM Weak Roots               32 us, workers (us):  32, ---, 
[15.157s][info   ][gc,stats    ]     CWR: CLDG Roots                   3 us, workers (us):   3, ---, 
[15.157s][info   ][gc,stats    ]   Rendezvous                       5130 us
[15.157s][info   ][gc,stats    ] Concurrent Cleanup                  733 us
[15.157s][info   ][gc,stats    ] Concurrent Class Unloading          750 us
[15.157s][info   ][gc,stats    ]   Unlink Stale                      245 us
[15.157s][info   ][gc,stats    ]     System Dictionary                 6 us
[15.157s][info   ][gc,stats    ]     Weak Class Links                  1 us
[15.157s][info   ][gc,stats    ]     Code Roots                      235 us
[15.157s][info   ][gc,stats    ]   Rendezvous                        379 us
[15.157s][info   ][gc,stats    ]   Purge Unlinked                     84 us
[15.157s][info   ][gc,stats    ]     Code Roots                       75 us
[15.157s][info   ][gc,stats    ]     CLDG                              6 us
[15.157s][info   ][gc,stats    ]     Exception Caches                  1 us
[15.157s][info   ][gc,stats    ] Pause Final Roots (G)               806 us
[15.157s][info   ][gc,stats    ] Pause Final Roots (N)                34 us
[15.157s][info   ][gc,stats    ] Pacing                            84433 us
[15.157s][info   ][gc,stats    ] 
[15.157s][info   ][gc,stats    ] Allocation pacing accrued:
[15.157s][info   ][gc,stats    ]      15 of   129 ms ( 11.9%): Thread-0
[15.157s][info   ][gc,stats    ]      13 of   129 ms ( 10.1%): Thread-2
[15.157s][info   ][gc,stats    ]      13 of   129 ms (  9.9%): Thread-3
[15.157s][info   ][gc,stats    ]      11 of   129 ms (  8.2%): Thread-4
[15.157s][info   ][gc,stats    ]      10 of   129 ms (  8.0%): Thread-5
[15.157s][info   ][gc,stats    ]      11 of   129 ms (  8.8%): Thread-6
[15.157s][info   ][gc,stats    ]      11 of   129 ms (  8.4%): Thread-7
[15.157s][info   ][gc,stats    ]      84 of   129 ms ( 65.3%): <total>
[15.157s][info   ][gc,stats    ]       4 of   129 ms (  3.4%): <average total>
[15.157s][info   ][gc,stats    ]      12 of   129 ms (  9.3%): <average non-zero>
[15.157s][info   ][gc,stats    ] 
[15.157s][info   ][gc,metaspace] Metaspace: 213K(448K)->213K(448K) NonClass: 204K(320K)->204K(320K) Class: 9K(128K)->9K(128K)
[15.157s][info   ][gc,ergo     ] Pacer for Idle. Initial: 41943K, Alloc Tax Rate: 1.0x
[15.159s][info   ][gc          ] Trigger: Handle Allocation Failure
[15.159s][info   ][gc,ergo     ] Free: 1350M, Max: 1024K regular, 397M humongous, Frag: 71% external, 0% internal; Reserve: 103M, Max: 1024K
[15.159s][info   ][gc,start    ] GC(220) Pause Degenerated GC (Outside of Cycle)
[15.159s][info   ][gc,task     ] GC(220) Using 2 of 2 workers for stw degenerated gc
[15.160s][info   ][gc,ref      ] GC(220) Clearing All SoftReferences
[15.161s][info   ][gc,ref      ] GC(220) Encountered references: Soft: 11, Weak: 37, Final: 0, Phantom: 5
[15.161s][info   ][gc,ref      ] GC(220) Discovered  references: Soft: 9, Weak: 11, Final: 0, Phantom: 4
[15.161s][info   ][gc,ref      ] GC(220) Enqueued    references: Soft: 4, Weak: 0, Final: 0, Phantom: 0
[15.162s][info   ][gc,ergo     ] GC(220) Collectable Garbage: 212M (97%), Immediate: 212M (97%), CSet: 0B (0%)
[15.162s][info   ][gc,ergo     ] GC(220) Good progress for free space: 1772M, need 20971K
[15.162s][info   ][gc,ergo     ] GC(220) Good progress for used space: 212M, need 1024K
[15.162s][info   ][gc          ] GC(220) Pause Degenerated GC (Outside of Cycle) 301M->89M(2048M) 2.896ms
[15.162s][info   ][gc,ergo     ] Free: 1772M, Max: 1024K regular, 397M humongous, Frag: 78% external, 0% internal; Reserve: 103M, Max: 1024K
[15.162s][info   ][gc,stats    ] 
[15.162s][info   ][gc,stats    ] All times are wall-clock times, except per-root-class counters, that are sum over
[15.162s][info   ][gc,stats    ] all workers. Dividing the <total> over the root stage time estimates parallelism.
[15.162s][info   ][gc,stats    ] 
[15.162s][info   ][gc,stats    ] Pause Degenerated GC (G)           3448 us
[15.162s][info   ][gc,stats    ] Pause Degenerated GC (N)           2904 us
[15.162s][info   ][gc,stats    ]   Degen STW Mark                   1465 us, parallelism: 1.44x
[15.162s][info   ][gc,stats    ]     DSM: <total>                   2105 us
[15.162s][info   ][gc,stats    ]     DSM: Thread Roots               166 us, workers (us): 165,   1, 
[15.162s][info   ][gc,stats    ]     DSM: VM Strong Roots              4 us, workers (us):   3,   1, 
[15.162s][info   ][gc,stats    ]     DSM: CLDG Roots                  18 us, workers (us):  17,   1, 
[15.162s][info   ][gc,stats    ]     DSM: Parallel Mark             1918 us, workers (us): 1160, 757, 
[15.162s][info   ][gc,stats    ]     System Purge                    274 us
[15.162s][info   ][gc,stats    ]       Weak References                57 us, parallelism: 0.05x
[15.162s][info   ][gc,stats    ]         WRP: <total>                  3 us
[15.162s][info   ][gc,stats    ]         WRP: Weak References          3 us, workers (us):   2,   0, 
[15.162s][info   ][gc,stats    ]       Unload Classes                136 us, parallelism: 0.89x
[15.162s][info   ][gc,stats    ]         DCU: <total>                121 us
[15.162s][info   ][gc,stats    ]         DCU: Unload Code Caches      121 us, workers (us):  78,  43, 
[15.162s][info   ][gc,stats    ]       Weak Roots                     75 us, parallelism: 0.42x
[15.162s][info   ][gc,stats    ]         DWR: <total>                 31 us
[15.162s][info   ][gc,stats    ]         DWR: VM Weak Roots           31 us, workers (us):  26,   6, 
[15.162s][info   ][gc,stats    ]       CLDG                            2 us
[15.162s][info   ][gc,stats    ]   Update Region States               81 us
[15.162s][info   ][gc,stats    ]   Manage GC/TLABs                     3 us
[15.162s][info   ][gc,stats    ]   Choose Collection Set              74 us
[15.162s][info   ][gc,stats    ]   Rebuild Free Set                   10 us
[15.162s][info   ][gc,stats    ]   Cleanup                            60 us
[15.162s][info   ][gc,stats    ] 
[15.162s][info   ][gc,stats    ] Allocation pacing accrued:
[15.162s][info   ][gc,stats    ]       0 of     5 ms (  0.0%): <total>
[15.162s][info   ][gc,stats    ]       0 of     5 ms (  0.0%): <average total>
[15.162s][info   ][gc,stats    ] 
[15.163s][info   ][gc,metaspace] Metaspace: 213K(448K)->213K(448K) NonClass: 204K(320K)->204K(320K) Class: 9K(128K)->9K(128K)
[15.163s][info   ][gc,ergo     ] Pacer for Idle. Initial: 41943K, Alloc Tax Rate: 1.0x
[15.220s][info   ][gc          ] Trigger: Average GC time (44.00 ms) is above the time for average allocation rate (14263 MB/s) to deplete free headroom (613M) (margin of error = 1.92)
[15.220s][info   ][gc,ergo     ] Free headroom: 920M (free) - 102M (spike) - 204M (penalties) = 613M
[15.220s][info   ][gc,ergo     ] Free: 918M, Max: 1024K regular, 174M humongous, Frag: 82% external, 0% internal; Reserve: 103M, Max: 1024K
[15.220s][info   ][gc,start    ] GC(221) Concurrent reset
[15.220s][info   ][gc,task     ] GC(221) Using 1 of 2 workers for concurrent reset
[15.220s][info   ][gc,ergo     ] GC(221) Pacer for Reset. Non-Taxable: 2048M
[15.227s][info   ][gc          ] GC(221) Concurrent reset 7.279ms
[15.230s][info   ][gc,start    ] GC(221) Pause Init Mark (unload classes)
[15.230s][info   ][gc,task     ] GC(221) Using 2 of 2 workers for init marking
[15.231s][info   ][gc,ergo     ] GC(221) Pacer for Mark. Expected Live: 92207K, Free: 780M, Non-Taxable: 79904K, Alloc Tax Rate: 0.1x
[15.231s][info   ][gc          ] GC(221) Pause Init Mark (unload classes) 0.174ms
[15.236s][info   ][gc,start    ] GC(221) Concurrent marking roots
[15.236s][info   ][gc,task     ] GC(221) Using 1 of 2 workers for concurrent marking roots
[15.237s][info   ][gc          ] GC(221) Concurrent marking roots 0.816ms
[15.237s][info   ][gc,start    ] GC(221) Concurrent marking (unload classes)
[15.237s][info   ][gc,task     ] GC(221) Using 1 of 2 workers for concurrent marking
[15.238s][info   ][gc          ] GC(221) Concurrent marking (unload classes) 1.951ms
[15.239s][info   ][gc,start    ] GC(221) Pause Final Mark (unload classes)
[15.239s][info   ][gc,task     ] GC(221) Using 2 of 2 workers for final marking
[15.239s][info   ][gc,ergo     ] GC(221) Collectable Garbage: 548M (98%), Immediate: 548M (98%), CSet: 0B (0%)
[15.239s][info   ][gc          ] GC(221) Pause Final Mark (unload classes) 0.297ms
[15.239s][info   ][gc,start    ] GC(221) Concurrent weak references
[15.239s][info   ][gc,task     ] GC(221) Using 1 of 2 workers for concurrent weak references
[15.239s][info   ][gc,ref      ] GC(221) Encountered references: Soft: 7, Weak: 37, Final: 0, Phantom: 5
[15.240s][info   ][gc,ref      ] GC(221) Discovered  references: Soft: 0, Weak: 11, Final: 0, Phantom: 5
[15.240s][info   ][gc,ref      ] GC(221) Enqueued    references: Soft: 0, Weak: 0, Final: 0, Phantom: 0
[15.240s][info   ][gc          ] GC(221) Concurrent weak references 0.129ms
[15.240s][info   ][gc,start    ] GC(221) Concurrent weak roots
[15.240s][info   ][gc,task     ] GC(221) Using 1 of 2 workers for concurrent weak root
[15.240s][info   ][gc          ] GC(221) Concurrent weak roots 0.698ms
[15.240s][info   ][gc,start    ] GC(221) Concurrent cleanup
[15.243s][info   ][gc          ] GC(221) Concurrent cleanup 640M->101M(2048M) 2.362ms
[15.243s][info   ][gc,ergo     ] GC(221) Free: 1748M, Max: 1024K regular, 692M humongous, Frag: 61% external, 0% internal; Reserve: 103M, Max: 1024K
[15.243s][info   ][gc,start    ] GC(221) Concurrent class unloading
[15.243s][info   ][gc,task     ] GC(221) Using 1 of 2 workers for concurrent class unloading
[15.255s][info   ][gc          ] GC(221) Concurrent class unloading 12.168ms
[15.255s][info   ][gc,start    ] GC(221) Pause Final Roots
[15.255s][info   ][gc          ] GC(221) Pause Final Roots 0.023ms
[15.255s][info   ][gc,ergo     ] Free: 1574M, Max: 1024K regular, 692M humongous, Frag: 57% external, 0% internal; Reserve: 103M, Max: 1024K
[15.255s][info   ][gc,stats    ] 
[15.255s][info   ][gc,stats    ] All times are wall-clock times, except per-root-class counters, that are sum over
[15.255s][info   ][gc,stats    ] all workers. Dividing the <total> over the root stage time estimates parallelism.
[15.255s][info   ][gc,stats    ] 
[15.255s][info   ][gc,stats    ] Concurrent Reset                   7423 us
[15.255s][info   ][gc,stats    ] Pause Init Mark (G)                8267 us
[15.255s][info   ][gc,stats    ] Pause Init Mark (N)                 183 us
[15.255s][info   ][gc,stats    ]   Update Region States              102 us
[15.255s][info   ][gc,stats    ] Concurrent Mark Roots               850 us, parallelism: 0.25x
[15.255s][info   ][gc,stats    ]   CMR: <total>                      215 us
[15.255s][info   ][gc,stats    ]   CMR: Thread Roots                 153 us, workers (us): 153, ---, 
[15.255s][info   ][gc,stats    ]   CMR: VM Strong Roots               10 us, workers (us):  10, ---, 
[15.255s][info   ][gc,stats    ]   CMR: CLDG Roots                    52 us, workers (us):  52, ---, 
[15.255s][info   ][gc,stats    ] Concurrent Marking                 2014 us
[15.255s][info   ][gc,stats    ] Pause Final Mark (G)                840 us
[15.255s][info   ][gc,stats    ] Pause Final Mark (N)                306 us
[15.255s][info   ][gc,stats    ]   Finish Mark                        86 us
[15.255s][info   ][gc,stats    ]   Update Region States               46 us
[15.255s][info   ][gc,stats    ]   Choose Collection Set             112 us
[15.255s][info   ][gc,stats    ]   Rebuild Free Set                    9 us
[15.255s][info   ][gc,stats    ] Concurrent Weak References          137 us, parallelism: 0.04x
[15.255s][info   ][gc,stats    ]   CWRF: <total>                       6 us
[15.255s][info   ][gc,stats    ]   CWRF: Weak References               6 us, workers (us):   6, ---, 
[15.255s][info   ][gc,stats    ] Concurrent Weak Roots               727 us
[15.255s][info   ][gc,stats    ]   Roots                             141 us, parallelism: 0.80x
[15.255s][info   ][gc,stats    ]     CWR: <total>                    113 us
[15.255s][info   ][gc,stats    ]     CWR: Code Cache Roots            52 us, workers (us):  52, ---, 
[15.255s][info   ][gc,stats    ]     CWR: VM Weak Roots               58 us, workers (us):  58, ---, 
[15.255s][info   ][gc,stats    ]     CWR: CLDG Roots                   3 us, workers (us):   3, ---, 
[15.255s][info   ][gc,stats    ]   Rendezvous                        541 us
[15.255s][info   ][gc,stats    ] Concurrent Cleanup                 2389 us
[15.255s][info   ][gc,stats    ] Concurrent Class Unloading        12225 us
[15.255s][info   ][gc,stats    ]   Unlink Stale                    10793 us
[15.255s][info   ][gc,stats    ]     System Dictionary                 8 us
[15.255s][info   ][gc,stats    ]     Weak Class Links                  1 us
[15.255s][info   ][gc,stats    ]     Code Roots                    10774 us
[15.255s][info   ][gc,stats    ]   Rendezvous                       1203 us
[15.255s][info   ][gc,stats    ]   Purge Unlinked                    149 us
[15.255s][info   ][gc,stats    ]     Code Roots                      128 us
[15.255s][info   ][gc,stats    ]     CLDG                             17 us
[15.255s][info   ][gc,stats    ]     Exception Caches                  1 us
[15.255s][info   ][gc,stats    ] Pause Final Roots (G)               140 us
[15.255s][info   ][gc,stats    ] Pause Final Roots (N)                32 us
[15.255s][info   ][gc,stats    ] Pacing                            85266 us
[15.255s][info   ][gc,stats    ] 
[15.255s][info   ][gc,stats    ] Allocation pacing accrued:
[15.255s][info   ][gc,stats    ]      20 of    93 ms ( 21.7%): Thread-1
[15.255s][info   ][gc,stats    ]       5 of    93 ms (  4.8%): Thread-2
[15.255s][info   ][gc,stats    ]       9 of    93 ms (  9.3%): Thread-3
[15.255s][info   ][gc,stats    ]       7 of    93 ms (  7.4%): Thread-4
[15.255s][info   ][gc,stats    ]      20 of    93 ms ( 21.2%): Thread-5
[15.255s][info   ][gc,stats    ]       5 of    93 ms (  5.3%): Thread-6
[15.255s][info   ][gc,stats    ]      20 of    93 ms ( 21.7%): Thread-7
[15.255s][info   ][gc,stats    ]      85 of    93 ms ( 91.6%): <total>
[15.255s][info   ][gc,stats    ]       4 of    93 ms (  4.8%): <average total>
[15.256s][info   ][gc,stats    ]      12 of    93 ms ( 13.1%): <average non-zero>
[15.256s][info   ][gc,stats    ] 
[15.256s][info   ][gc,metaspace] Metaspace: 213K(448K)->213K(448K) NonClass: 204K(320K)->204K(320K) Class: 9K(128K)->9K(128K)
[15.256s][info   ][gc,ergo     ] Pacer for Idle. Initial: 41943K, Alloc Tax Rate: 1.0x
[15.308s][info   ][gc          ] Trigger: Average GC time (45.87 ms) is above the time for average allocation rate (14263 MB/s) to deplete free headroom (639M) (margin of error = 1.92)
[15.309s][info   ][gc,ergo     ] Free headroom: 926M (free) - 102M (spike) - 184M (penalties) = 639M
[15.309s][info   ][gc,ergo     ] Free: 922M, Max: 1024K regular, 692M humongous, Frag: 25% external, 0% internal; Reserve: 103M, Max: 1024K
[15.309s][info   ][gc,start    ] GC(222) Concurrent reset
[15.309s][info   ][gc,task     ] GC(222) Using 1 of 2 workers for concurrent reset
[15.309s][info   ][gc,ergo     ] GC(222) Pacer for Reset. Non-Taxable: 2048M
[15.314s][info   ][gc          ] GC(222) Concurrent reset 5.123ms
[15.317s][info   ][gc,start    ] GC(222) Pause Init Mark (unload classes)
[15.317s][info   ][gc,task     ] GC(222) Using 2 of 2 workers for init marking
[15.317s][info   ][gc,ergo     ] GC(222) Pacer for Mark. Expected Live: 93025K, Free: 818M, Non-Taxable: 83795K, Alloc Tax Rate: 0.1x
[15.317s][info   ][gc          ] GC(222) Pause Init Mark (unload classes) 0.184ms
[15.322s][info   ][gc,start    ] GC(222) Concurrent marking roots
[15.322s][info   ][gc,task     ] GC(222) Using 1 of 2 workers for concurrent marking roots
[15.323s][info   ][gc          ] GC(222) Concurrent marking roots 0.545ms
[15.323s][info   ][gc,start    ] GC(222) Concurrent marking (unload classes)
[15.323s][info   ][gc,task     ] GC(222) Using 1 of 2 workers for concurrent marking
[15.341s][info   ][gc          ] GC(222) Concurrent marking (unload classes) 18.554ms
[15.342s][info   ][gc,start    ] GC(222) Pause Final Mark (unload classes)
[15.342s][info   ][gc,task     ] GC(222) Using 2 of 2 workers for final marking
[15.343s][info   ][gc,ergo     ] GC(222) Collectable Garbage: 479M (98%), Immediate: 479M (98%), CSet: 0B (0%)
[15.343s][info   ][gc          ] GC(222) Pause Final Mark (unload classes) 0.456ms
[15.343s][info   ][gc,start    ] GC(222) Concurrent weak references
[15.343s][info   ][gc,task     ] GC(222) Using 1 of 2 workers for concurrent weak references
[15.345s][info   ][gc,ref      ] GC(222) Encountered references: Soft: 7, Weak: 37, Final: 0, Phantom: 5
[15.346s][info   ][gc,ref      ] GC(222) Discovered  references: Soft: 0, Weak: 11, Final: 0, Phantom: 5
[15.346s][info   ][gc,ref      ] GC(222) Enqueued    references: Soft: 0, Weak: 0, Final: 0, Phantom: 0
[15.346s][info   ][gc          ] GC(222) Concurrent weak references 2.629ms
[15.346s][info   ][gc,start    ] GC(222) Concurrent weak roots
[15.346s][info   ][gc,task     ] GC(222) Using 1 of 2 workers for concurrent weak root
[15.350s][info   ][gc          ] GC(222) Concurrent weak roots 4.333ms
[15.350s][info   ][gc,start    ] GC(222) Concurrent cleanup
[15.351s][info   ][gc          ] GC(222) Concurrent cleanup 788M->312M(2048M) 0.859ms
[15.351s][info   ][gc,ergo     ] GC(222) Free: 1326M, Max: 1024K regular, 397M humongous, Frag: 71% external, 0% internal; Reserve: 103M, Max: 1024K
[15.351s][info   ][gc,start    ] GC(222) Concurrent class unloading
[15.351s][info   ][gc,task     ] GC(222) Using 1 of 2 workers for concurrent class unloading
[15.357s][info   ][gc          ] GC(222) Concurrent class unloading 6.446ms
[15.364s][info   ][gc,start    ] GC(222) Pause Final Roots
[15.364s][info   ][gc          ] GC(222) Pause Final Roots 0.071ms
[15.368s][info   ][gc,ergo     ] Free: 1094M, Max: 1024K regular, 391M humongous, Frag: 65% external, 0% internal; Reserve: 103M, Max: 1024K
[15.368s][info   ][gc,stats    ] 
[15.368s][info   ][gc,stats    ] All times are wall-clock times, except per-root-class counters, that are sum over
[15.368s][info   ][gc,stats    ] all workers. Dividing the <total> over the root stage time estimates parallelism.
[15.368s][info   ][gc,stats    ] 
[15.368s][info   ][gc,stats    ] Concurrent Reset                   5274 us
[15.368s][info   ][gc,stats    ] Pause Init Mark (G)                8357 us
[15.368s][info   ][gc,stats    ] Pause Init Mark (N)                 194 us
[15.368s][info   ][gc,stats    ]   Update Region States               71 us
[15.368s][info   ][gc,stats    ] Concurrent Mark Roots               565 us, parallelism: 0.42x
[15.368s][info   ][gc,stats    ]   CMR: <total>                      235 us
[15.368s][info   ][gc,stats    ]   CMR: Thread Roots                 188 us, workers (us): 188, ---, 
[15.368s][info   ][gc,stats    ]   CMR: VM Strong Roots                7 us, workers (us):   7, ---, 
[15.368s][info   ][gc,stats    ]   CMR: CLDG Roots                    40 us, workers (us):  40, ---, 
[15.368s][info   ][gc,stats    ] Concurrent Marking                18711 us
[15.368s][info   ][gc,stats    ] Pause Final Mark (G)               1364 us
[15.368s][info   ][gc,stats    ] Pause Final Mark (N)                468 us
[15.368s][info   ][gc,stats    ]   Finish Mark                       124 us
[15.368s][info   ][gc,stats    ]   Update Region States              124 us
[15.368s][info   ][gc,stats    ]   Choose Collection Set             116 us
[15.368s][info   ][gc,stats    ]   Rebuild Free Set                   13 us
[15.368s][info   ][gc,stats    ] Concurrent Weak References         2644 us, parallelism: 0.00x
[15.368s][info   ][gc,stats    ]   CWRF: <total>                      13 us
[15.368s][info   ][gc,stats    ]   CWRF: Weak References              13 us, workers (us):  13, ---, 
[15.368s][info   ][gc,stats    ] Concurrent Weak Roots              4455 us
[15.369s][info   ][gc,stats    ]   Roots                            1304 us, parallelism: 0.18x
[15.369s][info   ][gc,stats    ]     CWR: <total>                    241 us
[15.369s][info   ][gc,stats    ]     CWR: Code Cache Roots           152 us, workers (us): 152, ---, 
[15.369s][info   ][gc,stats    ]     CWR: VM Weak Roots               83 us, workers (us):  83, ---, 
[15.369s][info   ][gc,stats    ]     CWR: CLDG Roots                   6 us, workers (us):   6, ---, 
[15.369s][info   ][gc,stats    ]   Rendezvous                       2997 us
[15.369s][info   ][gc,stats    ] Concurrent Cleanup                  878 us
[15.369s][info   ][gc,stats    ] Concurrent Class Unloading         6626 us
[15.369s][info   ][gc,stats    ]   Unlink Stale                      355 us
[15.369s][info   ][gc,stats    ]     System Dictionary                12 us
[15.369s][info   ][gc,stats    ]     Weak Class Links                  1 us
[15.369s][info   ][gc,stats    ]     Code Roots                      337 us
[15.369s][info   ][gc,stats    ]   Rendezvous                       2718 us
[15.369s][info   ][gc,stats    ]   Purge Unlinked                   3334 us
[15.369s][info   ][gc,stats    ]     Code Roots                     3305 us
[15.369s][info   ][gc,stats    ]     CLDG                             23 us
[15.369s][info   ][gc,stats    ]     Exception Caches                  2 us
[15.369s][info   ][gc,stats    ] Pause Final Roots (G)             10407 us
[15.369s][info   ][gc,stats    ] Pause Final Roots (N)                82 us
[15.369s][info   ][gc,stats    ] Pacing                            68876 us
[15.369s][info   ][gc,stats    ] 
[15.369s][info   ][gc,stats    ] Allocation pacing accrued:
[15.369s][info   ][gc,stats    ]       9 of   113 ms (  8.2%): Thread-0
[15.369s][info   ][gc,stats    ]      13 of   113 ms ( 11.1%): Thread-1
[15.369s][info   ][gc,stats    ]      10 of   113 ms (  8.9%): Thread-2
[15.369s][info   ][gc,stats    ]       9 of   113 ms (  8.1%): Thread-3
[15.369s][info   ][gc,stats    ]      15 of   113 ms ( 12.9%): Thread-4
[15.369s][info   ][gc,stats    ]      12 of   113 ms ( 10.2%): Thread-6
[15.369s][info   ][gc,stats    ]       2 of   113 ms (  1.4%): Thread-7
[15.369s][info   ][gc,stats    ]      69 of   113 ms ( 60.8%): <total>
[15.369s][info   ][gc,stats    ]       4 of   113 ms (  3.2%): <average total>
[15.369s][info   ][gc,stats    ]      10 of   113 ms (  8.7%): <average non-zero>
[15.369s][info   ][gc,stats    ] 
[15.369s][info   ][gc,metaspace] Metaspace: 213K(448K)->213K(448K) NonClass: 204K(320K)->204K(320K) Class: 9K(128K)->9K(128K)
[15.369s][info   ][gc,ergo     ] Pacer for Idle. Initial: 41943K, Alloc Tax Rate: 1.0x
[15.371s][info   ][gc          ] Trigger: Average GC time (75.09 ms) is above the time for average allocation rate (14276 MB/s) to deplete free headroom (828M) (margin of error = 1.95)
[15.371s][info   ][gc,ergo     ] Free headroom: 1094M (free) - 102M (spike) - 163M (penalties) = 828M
[15.371s][info   ][gc,ergo     ] Free: 1094M, Max: 1024K regular, 391M humongous, Frag: 65% external, 0% internal; Reserve: 103M, Max: 1024K
[15.371s][info   ][gc,start    ] GC(223) Concurrent reset
[15.371s][info   ][gc,task     ] GC(223) Using 1 of 2 workers for concurrent reset
[15.371s][info   ][gc,ergo     ] GC(223) Pacer for Reset. Non-Taxable: 2048M
[15.372s][info   ][gc          ] GC(223) Concurrent reset 0.867ms
[15.372s][info   ][gc,start    ] GC(223) Pause Init Mark (unload classes)
[15.372s][info   ][gc,task     ] GC(223) Using 2 of 2 workers for init marking
[15.372s][info   ][gc,ergo     ] GC(223) Pacer for Mark. Expected Live: 90567K, Free: 1094M, Non-Taxable: 109M, Alloc Tax Rate: 0.1x
[15.372s][info   ][gc          ] GC(223) Pause Init Mark (unload classes) 0.096ms
[15.372s][info   ][gc,start    ] GC(223) Concurrent marking roots
[15.372s][info   ][gc,task     ] GC(223) Using 1 of 2 workers for concurrent marking roots
[15.372s][info   ][gc          ] GC(223) Concurrent marking roots 0.342ms
[15.372s][info   ][gc,start    ] GC(223) Concurrent marking (unload classes)
[15.372s][info   ][gc,task     ] GC(223) Using 1 of 2 workers for concurrent marking
[15.373s][info   ][gc          ] GC(223) Concurrent marking (unload classes) 1.302ms
[15.374s][info   ][gc,start    ] GC(223) Pause Final Mark (unload classes)
[15.374s][info   ][gc,task     ] GC(223) Using 2 of 2 workers for final marking
[15.374s][info   ][gc,ergo     ] GC(223) Collectable Garbage: 385M (98%), Immediate: 385M (98%), CSet: 0B (0%)
[15.374s][info   ][gc          ] GC(223) Pause Final Mark (unload classes) 0.217ms
[15.374s][info   ][gc,start    ] GC(223) Concurrent weak references
[15.374s][info   ][gc,task     ] GC(223) Using 1 of 2 workers for concurrent weak references
[15.374s][info   ][gc,ref      ] GC(223) Encountered references: Soft: 7, Weak: 37, Final: 0, Phantom: 5
[15.374s][info   ][gc,ref      ] GC(223) Discovered  references: Soft: 0, Weak: 11, Final: 0, Phantom: 5
[15.374s][info   ][gc,ref      ] GC(223) Enqueued    references: Soft: 0, Weak: 0, Final: 0, Phantom: 0
[15.374s][info   ][gc          ] GC(223) Concurrent weak references 0.196ms
[15.374s][info   ][gc,start    ] GC(223) Concurrent weak roots
[15.374s][info   ][gc,task     ] GC(223) Using 1 of 2 workers for concurrent weak root
[15.374s][info   ][gc          ] GC(223) Concurrent weak roots 0.243ms
[15.374s][info   ][gc,start    ] GC(223) Concurrent cleanup
[15.375s][info   ][gc          ] GC(223) Concurrent cleanup 428M->43M(2048M) 0.521ms
[15.375s][info   ][gc,ergo     ] GC(223) Free: 1864M, Max: 1024K regular, 636M humongous, Frag: 66% external, 0% internal; Reserve: 103M, Max: 1024K
[15.375s][info   ][gc,start    ] GC(223) Concurrent class unloading
[15.375s][info   ][gc,task     ] GC(223) Using 1 of 2 workers for concurrent class unloading
[15.375s][info   ][gc          ] GC(223) Concurrent class unloading 0.617ms
[15.376s][info   ][gc,start    ] GC(223) Pause Final Roots
[15.376s][info   ][gc          ] GC(223) Pause Final Roots 0.017ms
[15.376s][info   ][gc,ergo     ] Free: 1864M, Max: 1024K regular, 636M humongous, Frag: 66% external, 0% internal; Reserve: 103M, Max: 1024K
[15.376s][info   ][gc,stats    ] 
[15.376s][info   ][gc,stats    ] All times are wall-clock times, except per-root-class counters, that are sum over
[15.376s][info   ][gc,stats    ] all workers. Dividing the <total> over the root stage time estimates parallelism.
[15.376s][info   ][gc,stats    ] 
[15.376s][info   ][gc,stats    ] Concurrent Reset                    896 us
[15.376s][info   ][gc,stats    ] Pause Init Mark (G)                 226 us
[15.376s][info   ][gc,stats    ] Pause Init Mark (N)                 104 us
[15.376s][info   ][gc,stats    ]   Update Region States               47 us
[15.376s][info   ][gc,stats    ] Concurrent Mark Roots               359 us, parallelism: 0.64x
[15.376s][info   ][gc,stats    ]   CMR: <total>                      230 us
[15.376s][info   ][gc,stats    ]   CMR: Thread Roots                 202 us, workers (us): 202, ---, 
[15.376s][info   ][gc,stats    ]   CMR: VM Strong Roots                6 us, workers (us):   6, ---, 
[15.376s][info   ][gc,stats    ]   CMR: CLDG Roots                    22 us, workers (us):  22, ---, 
[15.376s][info   ][gc,stats    ] Concurrent Marking                 1326 us
[15.376s][info   ][gc,stats    ] Pause Final Mark (G)                336 us
[15.376s][info   ][gc,stats    ] Pause Final Mark (N)                226 us
[15.376s][info   ][gc,stats    ]   Finish Mark                        76 us
[15.376s][info   ][gc,stats    ]   Update Region States               24 us
[15.376s][info   ][gc,stats    ]   Choose Collection Set              70 us
[15.376s][info   ][gc,stats    ]   Rebuild Free Set                   11 us
[15.376s][info   ][gc,stats    ] Concurrent Weak References          203 us, parallelism: 0.01x
[15.376s][info   ][gc,stats    ]   CWRF: <total>                       3 us
[15.376s][info   ][gc,stats    ]   CWRF: Weak References               3 us, workers (us):   3, ---, 
[15.376s][info   ][gc,stats    ] Concurrent Weak Roots               255 us
[15.376s][info   ][gc,stats    ]   Roots                             129 us, parallelism: 0.41x
[15.376s][info   ][gc,stats    ]     CWR: <total>                     53 us
[15.376s][info   ][gc,stats    ]     CWR: Code Cache Roots            28 us, workers (us):  28, ---, 
[15.376s][info   ][gc,stats    ]     CWR: VM Weak Roots               23 us, workers (us):  23, ---, 
[15.376s][info   ][gc,stats    ]     CWR: CLDG Roots                   2 us, workers (us):   2, ---, 
[15.376s][info   ][gc,stats    ]   Rendezvous                         97 us
[15.376s][info   ][gc,stats    ] Concurrent Cleanup                  544 us
[15.376s][info   ][gc,stats    ] Concurrent Class Unloading          644 us
[15.376s][info   ][gc,stats    ]   Unlink Stale                      301 us
[15.376s][info   ][gc,stats    ]     System Dictionary                 6 us
[15.376s][info   ][gc,stats    ]     Weak Class Links                  1 us
[15.376s][info   ][gc,stats    ]     Code Roots                      291 us
[15.376s][info   ][gc,stats    ]   Rendezvous                        105 us
[15.376s][info   ][gc,stats    ]   Purge Unlinked                    186 us
[15.376s][info   ][gc,stats    ]     Code Roots                      168 us
[15.376s][info   ][gc,stats    ]     CLDG                             15 us
[15.376s][info   ][gc,stats    ]     Exception Caches                  1 us
[15.376s][info   ][gc,stats    ] Pause Final Roots (G)               244 us
[15.376s][info   ][gc,stats    ] Pause Final Roots (N)                26 us
[15.376s][info   ][gc,stats    ] 
[15.376s][info   ][gc,stats    ] Allocation pacing accrued:
[15.376s][info   ][gc,stats    ]       0 of     7 ms (  0.0%): <total>
[15.376s][info   ][gc,stats    ]       0 of     7 ms (  0.0%): <average total>
[15.376s][info   ][gc,stats    ] 
[15.376s][info   ][gc,metaspace] Metaspace: 213K(448K)->213K(448K) NonClass: 204K(320K)->204K(320K) Class: 9K(128K)->9K(128K)
[15.376s][info   ][gc,ergo     ] Pacer for Idle. Initial: 41943K, Alloc Tax Rate: 1.0x
[15.422s][info   ][gc          ] Trigger: Average GC time (69.09 ms) is above the time for average allocation rate (14269 MB/s) to deplete free headroom (982M) (margin of error = 1.93)
[15.423s][info   ][gc,ergo     ] Free headroom: 1228M (free) - 102M (spike) - 143M (penalties) = 982M
[15.423s][info   ][gc,ergo     ] Free: 1224M, Max: 1024K regular, 636M humongous, Frag: 49% external, 0% internal; Reserve: 103M, Max: 1024K
[15.423s][info   ][gc,start    ] GC(224) Concurrent reset
[15.423s][info   ][gc,task     ] GC(224) Using 1 of 2 workers for concurrent reset
[15.423s][info   ][gc,ergo     ] GC(224) Pacer for Reset. Non-Taxable: 2048M
[15.427s][info   ][gc          ] GC(224) Concurrent reset 4.346ms
[15.429s][info   ][gc,start    ] GC(224) Pause Init Mark (unload classes)
[15.429s][info   ][gc,task     ] GC(224) Using 2 of 2 workers for init marking
[15.429s][info   ][gc,ergo     ] GC(224) Pacer for Mark. Expected Live: 80327K, Free: 1144M, Non-Taxable: 114M, Alloc Tax Rate: 0.1x
[15.429s][info   ][gc          ] GC(224) Pause Init Mark (unload classes) 0.387ms
[15.430s][info   ][gc,start    ] GC(224) Concurrent marking roots
[15.430s][info   ][gc,task     ] GC(224) Using 1 of 2 workers for concurrent marking roots
[15.435s][info   ][gc          ] GC(224) Concurrent marking roots 5.177ms
[15.435s][info   ][gc,start    ] GC(224) Concurrent marking (unload classes)
[15.435s][info   ][gc,task     ] GC(224) Using 1 of 2 workers for concurrent marking
[15.460s][info   ][gc          ] GC(224) Concurrent marking (unload classes) 25.268ms
[15.461s][info   ][gc,start    ] GC(224) Pause Final Mark (unload classes)
[15.461s][info   ][gc,task     ] GC(224) Using 2 of 2 workers for final marking
[15.463s][info   ][gc,ergo     ] GC(224) Collectable Garbage: 355M (98%), Immediate: 355M (98%), CSet: 0B (0%)
[15.463s][info   ][gc          ] GC(224) Pause Final Mark (unload classes) 1.654ms
[15.468s][info   ][gc,start    ] GC(224) Concurrent weak references
[15.468s][info   ][gc,task     ] GC(224) Using 1 of 2 workers for concurrent weak references
[15.468s][info   ][gc,ref      ] GC(224) Encountered references: Soft: 7, Weak: 37, Final: 0, Phantom: 5
[15.468s][info   ][gc,ref      ] GC(224) Discovered  references: Soft: 0, Weak: 11, Final: 0, Phantom: 5
[15.468s][info   ][gc,ref      ] GC(224) Enqueued    references: Soft: 0, Weak: 0, Final: 0, Phantom: 0
[15.468s][info   ][gc          ] GC(224) Concurrent weak references 0.314ms
[15.468s][info   ][gc,start    ] GC(224) Concurrent weak roots
[15.468s][info   ][gc,task     ] GC(224) Using 1 of 2 workers for concurrent weak root
[15.473s][info   ][gc          ] GC(224) Concurrent weak roots 4.604ms
[15.473s][info   ][gc,start    ] GC(224) Concurrent cleanup
[15.474s][info   ][gc          ] GC(224) Concurrent cleanup 689M->343M(2048M) 1.428ms
[15.474s][info   ][gc,ergo     ] GC(224) Free: 1262M, Max: 1024K regular, 570M humongous, Frag: 55% external, 0% internal; Reserve: 103M, Max: 1024K
[15.475s][info   ][gc,start    ] GC(224) Concurrent class unloading
[15.475s][info   ][gc,task     ] GC(224) Using 1 of 2 workers for concurrent class unloading
[15.478s][info   ][gc          ] GC(224) Concurrent class unloading 3.123ms
[15.478s][info   ][gc,start    ] GC(224) Pause Final Roots
[15.478s][info   ][gc          ] GC(224) Pause Final Roots 0.027ms
[15.478s][info   ][gc,ergo     ] Free: 1230M, Max: 1024K regular, 570M humongous, Frag: 54% external, 0% internal; Reserve: 103M, Max: 1024K
[15.478s][info   ][gc,stats    ] 
[15.478s][info   ][gc,stats    ] All times are wall-clock times, except per-root-class counters, that are sum over
[15.478s][info   ][gc,stats    ] all workers. Dividing the <total> over the root stage time estimates parallelism.
[15.478s][info   ][gc,stats    ] 
[15.478s][info   ][gc,stats    ] Concurrent Reset                   4548 us
[15.478s][info   ][gc,stats    ] Pause Init Mark (G)                2257 us
[15.478s][info   ][gc,stats    ] Pause Init Mark (N)                 397 us
[15.478s][info   ][gc,stats    ]   Update Region States              262 us
[15.478s][info   ][gc,stats    ] Concurrent Mark Roots              5350 us, parallelism: 0.07x
[15.478s][info   ][gc,stats    ]   CMR: <total>                      383 us
[15.478s][info   ][gc,stats    ]   CMR: Thread Roots                 298 us, workers (us): 298, ---, 
[15.478s][info   ][gc,stats    ]   CMR: VM Strong Roots               13 us, workers (us):  13, ---, 
[15.478s][info   ][gc,stats    ]   CMR: CLDG Roots                    71 us, workers (us):  71, ---, 
[15.478s][info   ][gc,stats    ] Concurrent Marking                25546 us
[15.478s][info   ][gc,stats    ] Pause Final Mark (G)               7141 us
[15.478s][info   ][gc,stats    ] Pause Final Mark (N)               1671 us
[15.478s][info   ][gc,stats    ]   Finish Mark                      1275 us
[15.478s][info   ][gc,stats    ]   Update Region States              149 us
[15.478s][info   ][gc,stats    ]   Choose Collection Set             134 us
[15.478s][info   ][gc,stats    ]   Rebuild Free Set                   14 us
[15.478s][info   ][gc,stats    ] Concurrent Weak References          328 us, parallelism: 0.05x
[15.478s][info   ][gc,stats    ]   CWRF: <total>                      16 us
[15.478s][info   ][gc,stats    ]   CWRF: Weak References              16 us, workers (us):  16, ---, 
[15.478s][info   ][gc,stats    ] Concurrent Weak Roots              4832 us
[15.478s][info   ][gc,stats    ]   Roots                             325 us, parallelism: 0.71x
[15.478s][info   ][gc,stats    ]     CWR: <total>                    231 us
[15.478s][info   ][gc,stats    ]     CWR: Code Cache Roots           123 us, workers (us): 123, ---, 
[15.478s][info   ][gc,stats    ]     CWR: VM Weak Roots               64 us, workers (us):  64, ---, 
[15.478s][info   ][gc,stats    ]     CWR: CLDG Roots                  43 us, workers (us):  43, ---, 
[15.478s][info   ][gc,stats    ]   Rendezvous                       4230 us
[15.478s][info   ][gc,stats    ] Concurrent Cleanup                 1573 us
[15.478s][info   ][gc,stats    ] Concurrent Class Unloading         3164 us
[15.478s][info   ][gc,stats    ]   Unlink Stale                     2502 us
[15.478s][info   ][gc,stats    ]     System Dictionary                26 us
[15.478s][info   ][gc,stats    ]     Weak Class Links                  1 us
[15.478s][info   ][gc,stats    ]     Code Roots                     2463 us
[15.478s][info   ][gc,stats    ]   Rendezvous                        334 us
[15.478s][info   ][gc,stats    ]   Purge Unlinked                    217 us
[15.478s][info   ][gc,stats    ]     Code Roots                      193 us
[15.478s][info   ][gc,stats    ]     CLDG                             20 us
[15.478s][info   ][gc,stats    ]     Exception Caches                  1 us
[15.478s][info   ][gc,stats    ] Pause Final Roots (G)               141 us
[15.478s][info   ][gc,stats    ] Pause Final Roots (N)                36 us
[15.478s][info   ][gc,stats    ] Pacing                           177383 us
[15.478s][info   ][gc,stats    ] 
[15.478s][info   ][gc,stats    ] Allocation pacing accrued:
[15.478s][info   ][gc,stats    ]      20 of   102 ms ( 19.1%): Thread-0
[15.478s][info   ][gc,stats    ]      44 of   102 ms ( 43.4%): Thread-1
[15.478s][info   ][gc,stats    ]      14 of   102 ms ( 13.4%): Thread-2
[15.478s][info   ][gc,stats    ]      23 of   102 ms ( 22.4%): Thread-3
[15.478s][info   ][gc,stats    ]      20 of   102 ms ( 19.5%): Thread-4
[15.478s][info   ][gc,stats    ]      23 of   102 ms ( 22.7%): Thread-5
[15.478s][info   ][gc,stats    ]      14 of   102 ms ( 13.7%): Thread-6
[15.478s][info   ][gc,stats    ]      20 of   102 ms ( 19.4%): Thread-7
[15.478s][info   ][gc,stats    ]     177 of   102 ms (173.6%): <total>
[15.478s][info   ][gc,stats    ]       9 of   102 ms (  9.1%): <average total>
[15.478s][info   ][gc,stats    ]      22 of   102 ms ( 21.7%): <average non-zero>
[15.478s][info   ][gc,stats    ] 
[15.478s][info   ][gc,metaspace] Metaspace: 213K(448K)->213K(448K) NonClass: 204K(320K)->204K(320K) Class: 9K(128K)->9K(128K)
[15.478s][info   ][gc,ergo     ] Pacer for Idle. Initial: 41943K, Alloc Tax Rate: 1.0x
[15.480s][info   ][gc          ] Trigger: Average GC time (83.01 ms) is above the time for average allocation rate (14277 MB/s) to deplete free headroom (1005M) (margin of error = 1.95)
[15.480s][info   ][gc,ergo     ] Free headroom: 1230M (free) - 102M (spike) - 122M (penalties) = 1005M
[15.480s][info   ][gc,ergo     ] Free: 1230M, Max: 1024K regular, 570M humongous, Frag: 54% external, 0% internal; Reserve: 103M, Max: 1024K
[15.480s][info   ][gc,start    ] GC(225) Concurrent reset
[15.480s][info   ][gc,task     ] GC(225) Using 1 of 2 workers for concurrent reset
[15.480s][info   ][gc,ergo     ] GC(225) Pacer for Reset. Non-Taxable: 2048M
[15.480s][info   ][gc          ] GC(225) Concurrent reset 0.357ms
[15.480s][info   ][gc,start    ] GC(225) Pause Init Mark (unload classes)
[15.480s][info   ][gc,task     ] GC(225) Using 2 of 2 workers for init marking
[15.480s][info   ][gc,ergo     ] GC(225) Pacer for Mark. Expected Live: 76230K, Free: 1230M, Non-Taxable: 123M, Alloc Tax Rate: 0.1x
[15.480s][info   ][gc          ] GC(225) Pause Init Mark (unload classes) 0.226ms
[15.481s][info   ][gc,start    ] GC(225) Concurrent marking roots
[15.481s][info   ][gc,task     ] GC(225) Using 1 of 2 workers for concurrent marking roots
[15.481s][info   ][gc          ] GC(225) Concurrent marking roots 0.328ms
[15.481s][info   ][gc,start    ] GC(225) Concurrent marking (unload classes)
[15.481s][info   ][gc,task     ] GC(225) Using 1 of 2 workers for concurrent marking
[15.482s][info   ][gc          ] GC(225) Concurrent marking (unload classes) 1.488ms
[15.482s][info   ][gc,start    ] GC(225) Pause Final Mark (unload classes)
[15.482s][info   ][gc,task     ] GC(225) Using 2 of 2 workers for final marking
[15.483s][info   ][gc,ergo     ] GC(225) Collectable Garbage: 307M (98%), Immediate: 307M (98%), CSet: 0B (0%)
[15.483s][info   ][gc          ] GC(225) Pause Final Mark (unload classes) 0.261ms
[15.483s][info   ][gc,start    ] GC(225) Concurrent weak references
[15.483s][info   ][gc,task     ] GC(225) Using 1 of 2 workers for concurrent weak references
[15.486s][info   ][gc,ref      ] GC(225) Encountered references: Soft: 7, Weak: 37, Final: 0, Phantom: 5
[15.486s][info   ][gc,ref      ] GC(225) Discovered  references: Soft: 0, Weak: 11, Final: 0, Phantom: 5
[15.486s][info   ][gc,ref      ] GC(225) Enqueued    references: Soft: 0, Weak: 0, Final: 0, Phantom: 0
[15.486s][info   ][gc          ] GC(225) Concurrent weak references 2.732ms
[15.486s][info   ][gc,start    ] GC(225) Concurrent weak roots
[15.486s][info   ][gc,task     ] GC(225) Using 1 of 2 workers for concurrent weak root
[15.496s][info   ][gc          ] GC(225) Concurrent weak roots 9.487ms
[15.496s][info   ][gc,start    ] GC(225) Concurrent cleanup
[15.496s][info   ][gc          ] GC(225) Concurrent cleanup 455M->154M(2048M) 0.773ms
[15.496s][info   ][gc,ergo     ] GC(225) Free: 1642M, Max: 1024K regular, 570M humongous, Frag: 66% external, 0% internal; Reserve: 103M, Max: 1024K
[15.497s][info   ][gc,start    ] GC(225) Concurrent class unloading
[15.497s][info   ][gc,task     ] GC(225) Using 1 of 2 workers for concurrent class unloading
[15.513s][info   ][gc          ] GC(225) Concurrent class unloading 16.485ms
[15.515s][info   ][gc,start    ] GC(225) Pause Final Roots
[15.515s][info   ][gc          ] GC(225) Pause Final Roots 0.063ms
[15.521s][info   ][gc,ergo     ] Free: 1306M, Max: 1024K regular, 570M humongous, Frag: 57% external, 0% internal; Reserve: 103M, Max: 1024K
[15.521s][info   ][gc,stats    ] 
[15.521s][info   ][gc,stats    ] All times are wall-clock times, except per-root-class counters, that are sum over
[15.521s][info   ][gc,stats    ] all workers. Dividing the <total> over the root stage time estimates parallelism.
[15.521s][info   ][gc,stats    ] 
[15.521s][info   ][gc,stats    ] Concurrent Reset                    375 us
[15.521s][info   ][gc,stats    ] Pause Init Mark (G)                 359 us
[15.521s][info   ][gc,stats    ] Pause Init Mark (N)                 235 us
[15.521s][info   ][gc,stats    ]   Update Region States              154 us
[15.521s][info   ][gc,stats    ] Concurrent Mark Roots               342 us, parallelism: 0.78x
[15.521s][info   ][gc,stats    ]   CMR: <total>                      267 us
[15.521s][info   ][gc,stats    ]   CMR: Thread Roots                 238 us, workers (us): 238, ---, 
[15.521s][info   ][gc,stats    ]   CMR: VM Strong Roots                6 us, workers (us):   6, ---, 
[15.521s][info   ][gc,stats    ]   CMR: CLDG Roots                    22 us, workers (us):  22, ---, 
[15.521s][info   ][gc,stats    ] Concurrent Marking                 1518 us
[15.521s][info   ][gc,stats    ] Pause Final Mark (G)                741 us
[15.521s][info   ][gc,stats    ] Pause Final Mark (N)                271 us
[15.521s][info   ][gc,stats    ]   Finish Mark                       123 us
[15.521s][info   ][gc,stats    ]   Update Region States               29 us
[15.521s][info   ][gc,stats    ]   Choose Collection Set              65 us
[15.521s][info   ][gc,stats    ]   Rebuild Free Set                   10 us
[15.521s][info   ][gc,stats    ] Concurrent Weak References         2773 us, parallelism: 0.01x
[15.521s][info   ][gc,stats    ]   CWRF: <total>                      22 us
[15.521s][info   ][gc,stats    ]   CWRF: Weak References              22 us, workers (us):  22, ---, 
[15.521s][info   ][gc,stats    ] Concurrent Weak Roots              9684 us
[15.521s][info   ][gc,stats    ]   Roots                            2576 us, parallelism: 0.08x
[15.522s][info   ][gc,stats    ]     CWR: <total>                    213 us
[15.522s][info   ][gc,stats    ]     CWR: Code Cache Roots           129 us, workers (us): 129, ---, 
[15.522s][info   ][gc,stats    ]     CWR: VM Weak Roots               77 us, workers (us):  77, ---, 
[15.522s][info   ][gc,stats    ]     CWR: CLDG Roots                   7 us, workers (us):   7, ---, 
[15.522s][info   ][gc,stats    ]   Rendezvous                       6733 us
[15.522s][info   ][gc,stats    ] Concurrent Cleanup                  814 us
[15.522s][info   ][gc,stats    ] Concurrent Class Unloading        16766 us
[15.522s][info   ][gc,stats    ]   Unlink Stale                     6848 us
[15.522s][info   ][gc,stats    ]     System Dictionary                15 us
[15.522s][info   ][gc,stats    ]     Weak Class Links                  1 us
[15.522s][info   ][gc,stats    ]     Code Roots                     6824 us
[15.522s][info   ][gc,stats    ]   Rendezvous                       9219 us
[15.522s][info   ][gc,stats    ]   Purge Unlinked                    328 us
[15.522s][info   ][gc,stats    ]     Code Roots                      189 us
[15.522s][info   ][gc,stats    ]     CLDG                            128 us
[15.522s][info   ][gc,stats    ]     Exception Caches                  3 us
[15.522s][info   ][gc,stats    ] Pause Final Roots (G)              7368 us
[15.522s][info   ][gc,stats    ] Pause Final Roots (N)                74 us
[15.522s][info   ][gc,stats    ] Pacing                            44349 us
[15.522s][info   ][gc,stats    ] 
[15.522s][info   ][gc,stats    ] Allocation pacing accrued:
[15.522s][info   ][gc,stats    ]       9 of    43 ms ( 21.5%): Thread-0
[15.522s][info   ][gc,stats    ]       6 of    43 ms ( 14.4%): Thread-1
[15.522s][info   ][gc,stats    ]       6 of    43 ms ( 14.1%): Thread-2
[15.522s][info   ][gc,stats    ]       9 of    43 ms ( 19.8%): Thread-3
[15.522s][info   ][gc,stats    ]       6 of    43 ms ( 13.5%): Thread-6
[15.522s][info   ][gc,stats    ]       8 of    43 ms ( 18.9%): Thread-7
[15.522s][info   ][gc,stats    ]      44 of    43 ms (102.2%): <total>
[15.522s][info   ][gc,stats    ]       2 of    43 ms (  5.4%): <average total>
[15.522s][info   ][gc,stats    ]       7 of    43 ms ( 17.0%): <average non-zero>
[15.522s][info   ][gc,stats    ] 
[15.522s][info   ][gc,metaspace] Metaspace: 213K(448K)->213K(448K) NonClass: 204K(320K)->204K(320K) Class: 9K(128K)->9K(128K)
[15.522s][info   ][gc,ergo     ] Pacer for Idle. Initial: 41943K, Alloc Tax Rate: 1.0x
[15.528s][info   ][gc          ] Trigger: Average GC time (71.00 ms) is above the time for average allocation rate (14281 MB/s) to deplete free headroom (1011M) (margin of error = 1.96)
[15.529s][info   ][gc,ergo     ] Free headroom: 1216M (free) - 102M (spike) - 102M (penalties) = 1011M
[15.529s][info   ][gc,ergo     ] Free: 1212M, Max: 1024K regular, 570M humongous, Frag: 53% external, 0% internal; Reserve: 103M, Max: 1024K
[15.529s][info   ][gc,start    ] GC(226) Concurrent reset
[15.529s][info   ][gc,task     ] GC(226) Using 1 of 2 workers for concurrent reset
[15.529s][info   ][gc,ergo     ] GC(226) Pacer for Reset. Non-Taxable: 2048M
[15.530s][info   ][gc          ] GC(226) Concurrent reset 1.407ms
[15.531s][info   ][gc,start    ] GC(226) Pause Init Mark (unload classes)
[15.531s][info   ][gc,task     ] GC(226) Using 2 of 2 workers for init marking
[15.531s][info   ][gc,ergo     ] GC(226) Pacer for Mark. Expected Live: 49291K, Free: 1186M, Non-Taxable: 118M, Alloc Tax Rate: 0.0x
[15.531s][info   ][gc          ] GC(226) Pause Init Mark (unload classes) 0.235ms
[15.534s][info   ][gc,start    ] GC(226) Concurrent marking roots
[15.534s][info   ][gc,task     ] GC(226) Using 1 of 2 workers for concurrent marking roots
[15.539s][info   ][gc          ] GC(226) Concurrent marking roots 5.080ms
[15.539s][info   ][gc,start    ] GC(226) Concurrent marking (unload classes)
[15.539s][info   ][gc,task     ] GC(226) Using 1 of 2 workers for concurrent marking
[15.540s][info   ][gc          ] GC(226) Concurrent marking (unload classes) 1.404ms
[15.540s][info   ][gc,start    ] GC(226) Pause Final Mark (unload classes)
[15.540s][info   ][gc,task     ] GC(226) Using 2 of 2 workers for final marking
[15.541s][info   ][gc,ergo     ] GC(226) Collectable Garbage: 330M (98%), Immediate: 330M (98%), CSet: 0B (0%)
[15.541s][info   ][gc          ] GC(226) Pause Final Mark (unload classes) 0.301ms
[15.541s][info   ][gc,start    ] GC(226) Concurrent weak references
[15.541s][info   ][gc,task     ] GC(226) Using 1 of 2 workers for concurrent weak references
[15.541s][info   ][gc,ref      ] GC(226) Encountered references: Soft: 7, Weak: 37, Final: 0, Phantom: 5
[15.541s][info   ][gc,ref      ] GC(226) Discovered  references: Soft: 0, Weak: 11, Final: 0, Phantom: 5
[15.541s][info   ][gc,ref      ] GC(226) Enqueued    references: Soft: 0, Weak: 0, Final: 0, Phantom: 0
[15.541s][info   ][gc          ] GC(226) Concurrent weak references 0.142ms
[15.541s][info   ][gc,start    ] GC(226) Concurrent weak roots
[15.541s][info   ][gc,task     ] GC(226) Using 1 of 2 workers for concurrent weak root
[15.541s][info   ][gc          ] GC(226) Concurrent weak roots 0.265ms
[15.541s][info   ][gc,start    ] GC(226) Concurrent cleanup
[15.542s][info   ][gc          ] GC(226) Concurrent cleanup 441M->111M(2048M) 0.413ms
[15.542s][info   ][gc,ergo     ] GC(226) Free: 1728M, Max: 1024K regular, 636M humongous, Frag: 64% external, 0% internal; Reserve: 103M, Max: 1024K
[15.542s][info   ][gc,start    ] GC(226) Concurrent class unloading
[15.542s][info   ][gc,task     ] GC(226) Using 1 of 2 workers for concurrent class unloading
[15.542s][info   ][gc          ] GC(226) Concurrent class unloading 0.595ms
[15.542s][info   ][gc,start    ] GC(226) Pause Final Roots
[15.542s][info   ][gc          ] GC(226) Pause Final Roots 0.018ms
[15.542s][info   ][gc,ergo     ] Free: 1728M, Max: 1024K regular, 636M humongous, Frag: 64% external, 0% internal; Reserve: 103M, Max: 1024K
[15.542s][info   ][gc,stats    ] 
[15.542s][info   ][gc,stats    ] All times are wall-clock times, except per-root-class counters, that are sum over
[15.542s][info   ][gc,stats    ] all workers. Dividing the <total> over the root stage time estimates parallelism.
[15.542s][info   ][gc,stats    ] 
[15.542s][info   ][gc,stats    ] Concurrent Reset                   1519 us
[15.542s][info   ][gc,stats    ] Pause Init Mark (G)                3460 us
[15.542s][info   ][gc,stats    ] Pause Init Mark (N)                 245 us
[15.542s][info   ][gc,stats    ]   Update Region States              124 us
[15.543s][info   ][gc,stats    ] Concurrent Mark Roots              5162 us, parallelism: 0.06x
[15.543s][info   ][gc,stats    ]   CMR: <total>                      300 us
[15.543s][info   ][gc,stats    ]   CMR: Thread Roots                 203 us, workers (us): 203, ---, 
[15.543s][info   ][gc,stats    ]   CMR: VM Strong Roots               16 us, workers (us):  16, ---, 
[15.543s][info   ][gc,stats    ]   CMR: CLDG Roots                    81 us, workers (us):  81, ---, 
[15.543s][info   ][gc,stats    ] Concurrent Marking                 1426 us
[15.543s][info   ][gc,stats    ] Pause Final Mark (G)                403 us
[15.543s][info   ][gc,stats    ] Pause Final Mark (N)                309 us
[15.543s][info   ][gc,stats    ]   Finish Mark                       105 us
[15.543s][info   ][gc,stats    ]   Update Region States               86 us
[15.543s][info   ][gc,stats    ]   Choose Collection Set              68 us
[15.543s][info   ][gc,stats    ]   Rebuild Free Set                   10 us
[15.543s][info   ][gc,stats    ] Concurrent Weak References          150 us, parallelism: 0.01x
[15.543s][info   ][gc,stats    ]   CWRF: <total>                       2 us
[15.543s][info   ][gc,stats    ]   CWRF: Weak References               2 us, workers (us):   2, ---, 
[15.543s][info   ][gc,stats    ] Concurrent Weak Roots               284 us
[15.543s][info   ][gc,stats    ]   Roots                             139 us, parallelism: 0.54x
[15.543s][info   ][gc,stats    ]     CWR: <total>                     75 us
[15.543s][info   ][gc,stats    ]     CWR: Code Cache Roots            43 us, workers (us):  43, ---, 
[15.543s][info   ][gc,stats    ]     CWR: VM Weak Roots               30 us, workers (us):  30, ---, 
[15.543s][info   ][gc,stats    ]     CWR: CLDG Roots                   2 us, workers (us):   2, ---, 
[15.543s][info   ][gc,stats    ]   Rendezvous                        105 us
[15.543s][info   ][gc,stats    ] Concurrent Cleanup                  447 us
[15.543s][info   ][gc,stats    ] Concurrent Class Unloading          618 us
[15.543s][info   ][gc,stats    ]   Unlink Stale                      323 us
[15.543s][info   ][gc,stats    ]     System Dictionary                 6 us
[15.543s][info   ][gc,stats    ]     Weak Class Links                  1 us
[15.543s][info   ][gc,stats    ]     Code Roots                      313 us
[15.543s][info   ][gc,stats    ]   Rendezvous                        185 us
[15.543s][info   ][gc,stats    ]   Purge Unlinked                     41 us
[15.543s][info   ][gc,stats    ]     Code Roots                       20 us
[15.543s][info   ][gc,stats    ]     CLDG                             18 us
[15.543s][info   ][gc,stats    ]     Exception Caches                  1 us
[15.543s][info   ][gc,stats    ] Pause Final Roots (G)               121 us
[15.543s][info   ][gc,stats    ] Pause Final Roots (N)                26 us
[15.543s][info   ][gc,stats    ] 
[15.543s][info   ][gc,stats    ] Allocation pacing accrued:
[15.543s][info   ][gc,stats    ]       0 of    21 ms (  0.0%): <total>
[15.543s][info   ][gc,stats    ]       0 of    21 ms (  0.0%): <average total>
[15.543s][info   ][gc,stats    ] 
[15.543s][info   ][gc,metaspace] Metaspace: 213K(448K)->213K(448K) NonClass: 204K(320K)->204K(320K) Class: 9K(128K)->9K(128K)
[15.543s][info   ][gc,ergo     ] Pacer for Idle. Initial: 41943K, Alloc Tax Rate: 1.0x
[15.598s][info   ][gc          ] Trigger: Average GC time (60.93 ms) is above the time for average allocation rate (14277 MB/s) to deplete free headroom (851M) (margin of error = 1.95)
[15.598s][info   ][gc,ergo     ] Free headroom: 1036M (free) - 102M (spike) - 83886K (penalties) = 851M
[15.598s][info   ][gc,ergo     ] Free: 1030M, Max: 1024K regular, 636M humongous, Frag: 39% external, 0% internal; Reserve: 103M, Max: 1024K
[15.599s][info   ][gc,start    ] GC(227) Concurrent reset
[15.599s][info   ][gc,task     ] GC(227) Using 1 of 2 workers for concurrent reset
[15.599s][info   ][gc,ergo     ] GC(227) Pacer for Reset. Non-Taxable: 2048M
[15.603s][info   ][gc          ] GC(227) Concurrent reset 3.927ms
[15.603s][info   ][gc,start    ] GC(227) Pause Init Mark (unload classes)
[15.603s][info   ][gc,task     ] GC(227) Using 2 of 2 workers for init marking
[15.603s][info   ][gc,ergo     ] GC(227) Pacer for Mark. Expected Live: 52363K, Free: 970M, Non-Taxable: 99360K, Alloc Tax Rate: 0.1x
[15.603s][info   ][gc          ] GC(227) Pause Init Mark (unload classes) 0.169ms
[15.606s][info   ][gc,start    ] GC(227) Concurrent marking roots
[15.606s][info   ][gc,task     ] GC(227) Using 1 of 2 workers for concurrent marking roots
[15.607s][info   ][gc          ] GC(227) Concurrent marking roots 0.689ms
[15.607s][info   ][gc,start    ] GC(227) Concurrent marking (unload classes)
[15.607s][info   ][gc,task     ] GC(227) Using 1 of 2 workers for concurrent marking
[15.622s][info   ][gc          ] GC(227) Concurrent marking (unload classes) 14.244ms
[15.623s][info   ][gc,start    ] GC(227) Pause Final Mark (unload classes)
[15.623s][info   ][gc,task     ] GC(227) Using 2 of 2 workers for final marking
[15.623s][info   ][gc,ergo     ] GC(227) Collectable Garbage: 454M (98%), Immediate: 454M (98%), CSet: 0B (0%)
[15.623s][info   ][gc          ] GC(227) Pause Final Mark (unload classes) 0.468ms
[15.626s][info   ][gc,start    ] GC(227) Concurrent weak references
[15.626s][info   ][gc,task     ] GC(227) Using 1 of 2 workers for concurrent weak references
[15.632s][info   ][gc,ref      ] GC(227) Encountered references: Soft: 7, Weak: 37, Final: 0, Phantom: 5
[15.632s][info   ][gc,ref      ] GC(227) Discovered  references: Soft: 0, Weak: 11, Final: 0, Phantom: 5
[15.632s][info   ][gc,ref      ] GC(227) Enqueued    references: Soft: 0, Weak: 0, Final: 0, Phantom: 0
[15.632s][info   ][gc          ] GC(227) Concurrent weak references 6.324ms
[15.632s][info   ][gc,start    ] GC(227) Concurrent weak roots
[15.632s][info   ][gc,task     ] GC(227) Using 1 of 2 workers for concurrent weak root
[15.644s][info   ][gc          ] GC(227) Concurrent weak roots 11.554ms
[15.644s][info   ][gc,start    ] GC(227) Concurrent cleanup
[15.644s][info   ][gc          ] GC(227) Concurrent cleanup 776M->322M(2048M) 0.568ms
[15.644s][info   ][gc,ergo     ] GC(227) Free: 1306M, Max: 1024K regular, 397M humongous, Frag: 70% external, 0% internal; Reserve: 103M, Max: 1024K
[15.644s][info   ][gc,start    ] GC(227) Concurrent class unloading
[15.644s][info   ][gc,task     ] GC(227) Using 1 of 2 workers for concurrent class unloading
[15.645s][info   ][gc          ] GC(227) Concurrent class unloading 0.402ms
[15.645s][info   ][gc,start    ] GC(227) Pause Final Roots
[15.645s][info   ][gc          ] GC(227) Pause Final Roots 0.012ms
[15.645s][info   ][gc,ergo     ] Free: 1306M, Max: 1024K regular, 397M humongous, Frag: 70% external, 0% internal; Reserve: 103M, Max: 1024K
[15.645s][info   ][gc,stats    ] 
[15.645s][info   ][gc,stats    ] All times are wall-clock times, except per-root-class counters, that are sum over
[15.645s][info   ][gc,stats    ] all workers. Dividing the <total> over the root stage time estimates parallelism.
[15.645s][info   ][gc,stats    ] 
[15.645s][info   ][gc,stats    ] Concurrent Reset                   4148 us
[15.645s][info   ][gc,stats    ] Pause Init Mark (G)                3563 us
[15.645s][info   ][gc,stats    ] Pause Init Mark (N)                 177 us
[15.645s][info   ][gc,stats    ]   Update Region States              116 us
[15.645s][info   ][gc,stats    ] Concurrent Mark Roots               714 us, parallelism: 0.45x
[15.645s][info   ][gc,stats    ]   CMR: <total>                      323 us
[15.645s][info   ][gc,stats    ]   CMR: Thread Roots                 252 us, workers (us): 252, ---, 
[15.645s][info   ][gc,stats    ]   CMR: VM Strong Roots                9 us, workers (us):   9, ---, 
[15.645s][info   ][gc,stats    ]   CMR: CLDG Roots                    62 us, workers (us):  62, ---, 
[15.645s][info   ][gc,stats    ] Concurrent Marking                14777 us
[15.645s][info   ][gc,stats    ] Pause Final Mark (G)               3731 us
[15.645s][info   ][gc,stats    ] Pause Final Mark (N)                479 us
[15.645s][info   ][gc,stats    ]   Finish Mark                       143 us
[15.645s][info   ][gc,stats    ]   Update Region States              126 us
[15.645s][info   ][gc,stats    ]   Choose Collection Set              92 us
[15.645s][info   ][gc,stats    ]   Rebuild Free Set                    9 us
[15.645s][info   ][gc,stats    ] Concurrent Weak References         6342 us, parallelism: 0.00x
[15.645s][info   ][gc,stats    ]   CWRF: <total>                      14 us
[15.645s][info   ][gc,stats    ]   CWRF: Weak References              14 us, workers (us):  14, ---, 
[15.645s][info   ][gc,stats    ] Concurrent Weak Roots             11794 us
[15.645s][info   ][gc,stats    ]   Roots                            2804 us, parallelism: 0.07x
[15.645s][info   ][gc,stats    ]     CWR: <total>                    193 us
[15.645s][info   ][gc,stats    ]     CWR: Code Cache Roots           115 us, workers (us): 115, ---, 
[15.645s][info   ][gc,stats    ]     CWR: VM Weak Roots               74 us, workers (us):  74, ---, 
[15.645s][info   ][gc,stats    ]     CWR: CLDG Roots                   4 us, workers (us):   4, ---, 
[15.645s][info   ][gc,stats    ]   Rendezvous                       8710 us
[15.645s][info   ][gc,stats    ] Concurrent Cleanup                  581 us
[15.645s][info   ][gc,stats    ] Concurrent Class Unloading          418 us
[15.645s][info   ][gc,stats    ]   Unlink Stale                      242 us
[15.645s][info   ][gc,stats    ]     System Dictionary                 8 us
[15.645s][info   ][gc,stats    ]     Weak Class Links                  1 us
[15.645s][info   ][gc,stats    ]     Code Roots                      230 us
[15.645s][info   ][gc,stats    ]   Rendezvous                         51 us
[15.645s][info   ][gc,stats    ]   Purge Unlinked                     87 us
[15.645s][info   ][gc,stats    ]     Code Roots                       69 us
[15.645s][info   ][gc,stats    ]     CLDG                             15 us
[15.645s][info   ][gc,stats    ]     Exception Caches                  1 us
[15.645s][info   ][gc,stats    ] Pause Final Roots (G)                64 us
[15.645s][info   ][gc,stats    ] Pause Final Roots (N)                19 us
[15.645s][info   ][gc,stats    ] Pacing                            86400 us
[15.645s][info   ][gc,stats    ] 
[15.645s][info   ][gc,stats    ] Allocation pacing accrued:
[15.645s][info   ][gc,stats    ]      13 of   102 ms ( 12.3%): Thread-0
[15.645s][info   ][gc,stats    ]      10 of   102 ms (  9.9%): Thread-1
[15.645s][info   ][gc,stats    ]      10 of   102 ms ( 10.0%): Thread-2
[15.645s][info   ][gc,stats    ]      10 of   102 ms (  9.7%): Thread-3
[15.645s][info   ][gc,stats    ]      10 of   102 ms ( 10.0%): Thread-4
[15.645s][info   ][gc,stats    ]      10 of   102 ms ( 10.0%): Thread-5
[15.645s][info   ][gc,stats    ]      10 of   102 ms (  9.9%): Thread-6
[15.645s][info   ][gc,stats    ]      13 of   102 ms ( 12.6%): Thread-7
[15.645s][info   ][gc,stats    ]      86 of   102 ms ( 84.4%): <total>
[15.645s][info   ][gc,stats    ]       5 of   102 ms (  4.4%): <average total>
[15.645s][info   ][gc,stats    ]      11 of   102 ms ( 10.5%): <average non-zero>
[15.645s][info   ][gc,stats    ] 
[15.645s][info   ][gc,metaspace] Metaspace: 213K(448K)->213K(448K) NonClass: 204K(320K)->204K(320K) Class: 9K(128K)->9K(128K)
[15.645s][info   ][gc,ergo     ] Pacer for Idle. Initial: 41943K, Alloc Tax Rate: 1.0x
[15.664s][info   ][gc          ] Trigger: Average GC time (67.15 ms) is above the time for average allocation rate (14281 MB/s) to deplete free headroom (948M) (margin of error = 1.96)
[15.664s][info   ][gc,ergo     ] Free headroom: 1112M (free) - 102M (spike) - 62914K (penalties) = 948M
[15.664s][info   ][gc,ergo     ] Free: 1110M, Max: 1024K regular, 397M humongous, Frag: 65% external, 0% internal; Reserve: 103M, Max: 1024K
[15.664s][info   ][gc,start    ] GC(228) Concurrent reset
[15.664s][info   ][gc,task     ] GC(228) Using 1 of 2 workers for concurrent reset
[15.664s][info   ][gc,ergo     ] GC(228) Pacer for Reset. Non-Taxable: 2048M
[15.668s][info   ][gc          ] GC(228) Concurrent reset 3.557ms
[15.673s][info   ][gc,start    ] GC(228) Pause Init Mark (unload classes)
[15.673s][info   ][gc,task     ] GC(228) Using 2 of 2 workers for init marking
[15.674s][info   ][gc,ergo     ] GC(228) Pacer for Mark. Expected Live: 41918K, Free: 996M, Non-Taxable: 102023K, Alloc Tax Rate: 0.1x
[15.674s][info   ][gc          ] GC(228) Pause Init Mark (unload classes) 0.348ms
[15.680s][info   ][gc,start    ] GC(228) Concurrent marking roots
[15.681s][info   ][gc,task     ] GC(228) Using 1 of 2 workers for concurrent marking roots
[15.681s][info   ][gc          ] GC(228) Concurrent marking roots 0.586ms
[15.681s][info   ][gc,start    ] GC(228) Concurrent marking (unload classes)
[15.681s][info   ][gc,task     ] GC(228) Using 1 of 2 workers for concurrent marking
[15.683s][info   ][gc          ] GC(228) Concurrent marking (unload classes) 1.649ms
[15.683s][info   ][gc,start    ] GC(228) Pause Final Mark (unload classes)
[15.683s][info   ][gc,task     ] GC(228) Using 2 of 2 workers for final marking
[15.683s][info   ][gc,ergo     ] GC(228) Collectable Garbage: 421M (98%), Immediate: 421M (98%), CSet: 0B (0%)
[15.683s][info   ][gc          ] GC(228) Pause Final Mark (unload classes) 0.344ms
[15.683s][info   ][gc,start    ] GC(228) Concurrent weak references
[15.683s][info   ][gc,task     ] GC(228) Using 1 of 2 workers for concurrent weak references
[15.683s][info   ][gc,ref      ] GC(228) Encountered references: Soft: 7, Weak: 37, Final: 0, Phantom: 5
[15.683s][info   ][gc,ref      ] GC(228) Discovered  references: Soft: 0, Weak: 11, Final: 0, Phantom: 5
[15.683s][info   ][gc,ref      ] GC(228) Enqueued    references: Soft: 0, Weak: 0, Final: 0, Phantom: 0
[15.683s][info   ][gc          ] GC(228) Concurrent weak references 0.062ms
[15.683s][info   ][gc,start    ] GC(228) Concurrent weak roots
[15.683s][info   ][gc,task     ] GC(228) Using 1 of 2 workers for concurrent weak root
[15.683s][info   ][gc          ] GC(228) Concurrent weak roots 0.239ms
[15.683s][info   ][gc,start    ] GC(228) Concurrent cleanup
[15.684s][info   ][gc          ] GC(228) Concurrent cleanup 527M->106M(2048M) 0.463ms
[15.684s][info   ][gc,ergo     ] GC(228) Free: 1738M, Max: 1024K regular, 636M humongous, Frag: 64% external, 0% internal; Reserve: 103M, Max: 1024K
[15.684s][info   ][gc,start    ] GC(228) Concurrent class unloading
[15.684s][info   ][gc,task     ] GC(228) Using 1 of 2 workers for concurrent class unloading
[15.684s][info   ][gc          ] GC(228) Concurrent class unloading 0.296ms
[15.684s][info   ][gc,start    ] GC(228) Pause Final Roots
[15.684s][info   ][gc          ] GC(228) Pause Final Roots 0.015ms
[15.684s][info   ][gc,ergo     ] Free: 1738M, Max: 1024K regular, 636M humongous, Frag: 64% external, 0% internal; Reserve: 103M, Max: 1024K
[15.684s][info   ][gc,stats    ] 
[15.684s][info   ][gc,stats    ] All times are wall-clock times, except per-root-class counters, that are sum over
[15.684s][info   ][gc,stats    ] all workers. Dividing the <total> over the root stage time estimates parallelism.
[15.684s][info   ][gc,stats    ] 
[15.684s][info   ][gc,stats    ] Concurrent Reset                   3708 us
[15.684s][info   ][gc,stats    ] Pause Init Mark (G)               12534 us
[15.684s][info   ][gc,stats    ] Pause Init Mark (N)                 359 us
[15.684s][info   ][gc,stats    ]   Update Region States              212 us
[15.684s][info   ][gc,stats    ] Concurrent Mark Roots               605 us, parallelism: 0.29x
[15.684s][info   ][gc,stats    ]   CMR: <total>                      175 us
[15.684s][info   ][gc,stats    ]   CMR: Thread Roots                 133 us, workers (us): 133, ---, 
[15.684s][info   ][gc,stats    ]   CMR: VM Strong Roots                9 us, workers (us):   9, ---, 
[15.684s][info   ][gc,stats    ]   CMR: CLDG Roots                    33 us, workers (us):  33, ---, 
[15.684s][info   ][gc,stats    ] Concurrent Marking                 1673 us
[15.684s][info   ][gc,stats    ] Pause Final Mark (G)                442 us
[15.684s][info   ][gc,stats    ] Pause Final Mark (N)                353 us
[15.684s][info   ][gc,stats    ]   Finish Mark                       116 us
[15.684s][info   ][gc,stats    ]   Update Region States               97 us
[15.684s][info   ][gc,stats    ]   Choose Collection Set              72 us
[15.684s][info   ][gc,stats    ]   Rebuild Free Set                    9 us
[15.684s][info   ][gc,stats    ] Concurrent Weak References           69 us, parallelism: 0.04x
[15.684s][info   ][gc,stats    ]   CWRF: <total>                       3 us
[15.684s][info   ][gc,stats    ]   CWRF: Weak References               3 us, workers (us):   3, ---, 
[15.684s][info   ][gc,stats    ] Concurrent Weak Roots               255 us
[15.684s][info   ][gc,stats    ]   Roots                             139 us, parallelism: 0.36x
[15.684s][info   ][gc,stats    ]     CWR: <total>                     50 us
[15.684s][info   ][gc,stats    ]     CWR: Code Cache Roots            26 us, workers (us):  26, ---, 
[15.684s][info   ][gc,stats    ]     CWR: VM Weak Roots               22 us, workers (us):  22, ---, 
[15.684s][info   ][gc,stats    ]     CWR: CLDG Roots                   2 us, workers (us):   2, ---, 
[15.684s][info   ][gc,stats    ]   Rendezvous                         85 us
[15.684s][info   ][gc,stats    ] Concurrent Cleanup                  470 us
[15.684s][info   ][gc,stats    ] Concurrent Class Unloading          312 us
[15.685s][info   ][gc,stats    ]   Unlink Stale                      130 us
[15.685s][info   ][gc,stats    ]     System Dictionary                 4 us
[15.685s][info   ][gc,stats    ]     Weak Class Links                  1 us
[15.685s][info   ][gc,stats    ]     Code Roots                      123 us
[15.685s][info   ][gc,stats    ]   Rendezvous                         83 us
[15.685s][info   ][gc,stats    ]   Purge Unlinked                     67 us
[15.685s][info   ][gc,stats    ]     Code Roots                       59 us
[15.685s][info   ][gc,stats    ]     CLDG                              5 us
[15.685s][info   ][gc,stats    ]     Exception Caches                  1 us
[15.685s][info   ][gc,stats    ] Pause Final Roots (G)               102 us
[15.685s][info   ][gc,stats    ] Pause Final Roots (N)                23 us
[15.685s][info   ][gc,stats    ] Pacing                            76343 us
[15.685s][info   ][gc,stats    ] 
[15.685s][info   ][gc,stats    ] Allocation pacing accrued:
[15.685s][info   ][gc,stats    ]      12 of    39 ms ( 30.3%): Thread-0
[15.685s][info   ][gc,stats    ]      12 of    39 ms ( 31.6%): Thread-1
[15.685s][info   ][gc,stats    ]      12 of    39 ms ( 31.6%): Thread-2
[15.685s][info   ][gc,stats    ]      10 of    39 ms ( 24.3%): Thread-3
[15.685s][info   ][gc,stats    ]       9 of    39 ms ( 23.9%): Thread-4
[15.685s][info   ][gc,stats    ]      12 of    39 ms ( 30.6%): Thread-5
[15.685s][info   ][gc,stats    ]       8 of    39 ms ( 21.0%): Thread-7
[15.685s][info   ][gc,stats    ]      76 of    39 ms (193.4%): <total>
[15.685s][info   ][gc,stats    ]       4 of    39 ms ( 10.2%): <average total>
[15.685s][info   ][gc,stats    ]      11 of    39 ms ( 27.6%): <average non-zero>
[15.685s][info   ][gc,stats    ] 
[15.685s][info   ][gc,metaspace] Metaspace: 213K(448K)->213K(448K) NonClass: 204K(320K)->204K(320K) Class: 9K(128K)->9K(128K)
[15.685s][info   ][gc,ergo     ] Pacer for Idle. Initial: 41943K, Alloc Tax Rate: 1.0x
[15.745s][info   ][gc          ] Trigger: Average GC time (55.21 ms) is above the time for average allocation rate (14276 MB/s) to deplete free headroom (786M) (margin of error = 1.95)
[15.745s][info   ][gc,ergo     ] Free headroom: 930M (free) - 102M (spike) - 41943K (penalties) = 786M
[15.745s][info   ][gc,ergo     ] Free: 926M, Max: 1024K regular, 636M humongous, Frag: 32% external, 0% internal; Reserve: 103M, Max: 1024K
[15.745s][info   ][gc,start    ] GC(229) Concurrent reset
[15.745s][info   ][gc,task     ] GC(229) Using 1 of 2 workers for concurrent reset
[15.745s][info   ][gc,ergo     ] GC(229) Pacer for Reset. Non-Taxable: 2048M
[15.747s][info   ][gc          ] GC(229) Concurrent reset 1.660ms
[15.750s][info   ][gc,start    ] GC(229) Pause Init Mark (unload classes)
[15.750s][info   ][gc,task     ] GC(229) Using 2 of 2 workers for init marking
[15.750s][info   ][gc,ergo     ] GC(229) Pacer for Mark. Expected Live: 44580K, Free: 858M, Non-Taxable: 87891K, Alloc Tax Rate: 0.1x
[15.750s][info   ][gc          ] GC(229) Pause Init Mark (unload classes) 0.214ms
[15.750s][info   ][gc,start    ] GC(229) Concurrent marking roots
[15.750s][info   ][gc,task     ] GC(229) Using 1 of 2 workers for concurrent marking roots
[15.751s][info   ][gc          ] GC(229) Concurrent marking roots 0.438ms
[15.751s][info   ][gc,start    ] GC(229) Concurrent marking (unload classes)
[15.751s][info   ][gc,task     ] GC(229) Using 1 of 2 workers for concurrent marking
[15.768s][info   ][gc          ] GC(229) Concurrent marking (unload classes) 17.649ms
[15.771s][info   ][gc,start    ] GC(229) Pause Final Mark (unload classes)
[15.771s][info   ][gc,task     ] GC(229) Using 2 of 2 workers for final marking
[15.772s][info   ][gc,ergo     ] GC(229) Collectable Garbage: 517M (98%), Immediate: 517M (98%), CSet: 0B (0%)
[15.772s][info   ][gc          ] GC(229) Pause Final Mark (unload classes) 1.015ms
[15.772s][info   ][gc,start    ] GC(229) Concurrent weak references
[15.772s][info   ][gc,task     ] GC(229) Using 1 of 2 workers for concurrent weak references
[15.778s][info   ][gc,ref      ] GC(229) Encountered references: Soft: 7, Weak: 37, Final: 0, Phantom: 5
[15.778s][info   ][gc,ref      ] GC(229) Discovered  references: Soft: 0, Weak: 11, Final: 0, Phantom: 5
[15.778s][info   ][gc,ref      ] GC(229) Enqueued    references: Soft: 0, Weak: 0, Final: 0, Phantom: 0
[15.778s][info   ][gc          ] GC(229) Concurrent weak references 5.952ms
[15.778s][info   ][gc,start    ] GC(229) Concurrent weak roots
[15.778s][info   ][gc,task     ] GC(229) Using 1 of 2 workers for concurrent weak root
[15.786s][info   ][gc          ] GC(229) Concurrent weak roots 7.999ms
[15.786s][info   ][gc,start    ] GC(229) Concurrent cleanup
[15.787s][info   ][gc          ] GC(229) Concurrent cleanup 779M->262M(2048M) 0.609ms
[15.787s][info   ][gc,ergo     ] GC(229) Free: 1426M, Max: 1024K regular, 397M humongous, Frag: 73% external, 0% internal; Reserve: 103M, Max: 1024K
[15.787s][info   ][gc,start    ] GC(229) Concurrent class unloading
[15.787s][info   ][gc,task     ] GC(229) Using 1 of 2 workers for concurrent class unloading
[15.787s][info   ][gc          ] GC(229) Concurrent class unloading 0.445ms
[15.787s][info   ][gc,start    ] GC(229) Pause Final Roots
[15.787s][info   ][gc          ] GC(229) Pause Final Roots 0.032ms
[15.787s][info   ][gc,ergo     ] Free: 1426M, Max: 1024K regular, 397M humongous, Frag: 73% external, 0% internal; Reserve: 103M, Max: 1024K
[15.787s][info   ][gc,stats    ] 
[15.787s][info   ][gc,stats    ] All times are wall-clock times, except per-root-class counters, that are sum over
[15.787s][info   ][gc,stats    ] all workers. Dividing the <total> over the root stage time estimates parallelism.
[15.787s][info   ][gc,stats    ] 
[15.787s][info   ][gc,stats    ] Concurrent Reset                   1767 us
[15.787s][info   ][gc,stats    ] Pause Init Mark (G)                3156 us
[15.787s][info   ][gc,stats    ] Pause Init Mark (N)                 225 us
[15.787s][info   ][gc,stats    ]   Update Region States              118 us
[15.787s][info   ][gc,stats    ] Concurrent Mark Roots               456 us, parallelism: 0.76x
[15.787s][info   ][gc,stats    ]   CMR: <total>                      346 us
[15.787s][info   ][gc,stats    ]   CMR: Thread Roots                 241 us, workers (us): 241, ---, 
[15.787s][info   ][gc,stats    ]   CMR: VM Strong Roots               29 us, workers (us):  29, ---, 
[15.787s][info   ][gc,stats    ]   CMR: CLDG Roots                    75 us, workers (us):  75, ---, 
[15.787s][info   ][gc,stats    ] Concurrent Marking                17729 us
[15.788s][info   ][gc,stats    ] Pause Final Mark (G)               3437 us
[15.788s][info   ][gc,stats    ] Pause Final Mark (N)               1028 us
[15.788s][info   ][gc,stats    ]   Finish Mark                       651 us
[15.788s][info   ][gc,stats    ]   Update Region States              128 us
[15.788s][info   ][gc,stats    ]   Choose Collection Set             114 us
[15.788s][info   ][gc,stats    ]   Rebuild Free Set                   10 us
[15.788s][info   ][gc,stats    ] Concurrent Weak References         5975 us, parallelism: 0.00x
[15.788s][info   ][gc,stats    ]   CWRF: <total>                      17 us
[15.788s][info   ][gc,stats    ]   CWRF: Weak References              17 us, workers (us):  17, ---, 
[15.788s][info   ][gc,stats    ] Concurrent Weak Roots              8117 us
[15.788s][info   ][gc,stats    ]   Roots                             328 us, parallelism: 0.78x
[15.788s][info   ][gc,stats    ]     CWR: <total>                    257 us
[15.788s][info   ][gc,stats    ]     CWR: Code Cache Roots           181 us, workers (us): 181, ---, 
[15.788s][info   ][gc,stats    ]     CWR: VM Weak Roots               68 us, workers (us):  68, ---, 
[15.788s][info   ][gc,stats    ]     CWR: CLDG Roots                   8 us, workers (us):   8, ---, 
[15.788s][info   ][gc,stats    ]   Rendezvous                       7596 us
[15.788s][info   ][gc,stats    ] Concurrent Cleanup                  623 us
[15.788s][info   ][gc,stats    ] Concurrent Class Unloading          463 us
[15.788s][info   ][gc,stats    ]   Unlink Stale                      279 us
[15.788s][info   ][gc,stats    ]     System Dictionary                 6 us
[15.788s][info   ][gc,stats    ]     Weak Class Links                  1 us
[15.788s][info   ][gc,stats    ]     Code Roots                      269 us
[15.788s][info   ][gc,stats    ]   Rendezvous                        102 us
[15.788s][info   ][gc,stats    ]   Purge Unlinked                     44 us
[15.788s][info   ][gc,stats    ]     Code Roots                       21 us
[15.788s][info   ][gc,stats    ]     CLDG                             18 us
[15.788s][info   ][gc,stats    ]     Exception Caches                  1 us
[15.788s][info   ][gc,stats    ] Pause Final Roots (G)               212 us
[15.788s][info   ][gc,stats    ] Pause Final Roots (N)                46 us
[15.788s][info   ][gc,stats    ] Pacing                            69208 us
[15.788s][info   ][gc,stats    ] 
[15.788s][info   ][gc,stats    ] Allocation pacing accrued:
[15.788s][info   ][gc,stats    ]      11 of   103 ms ( 10.3%): Thread-0
[15.788s][info   ][gc,stats    ]       9 of   103 ms (  8.9%): Thread-1
[15.788s][info   ][gc,stats    ]       9 of   103 ms (  9.2%): Thread-2
[15.788s][info   ][gc,stats    ]       9 of   103 ms (  8.9%): Thread-3
[15.788s][info   ][gc,stats    ]       9 of   103 ms (  8.9%): Thread-5
[15.788s][info   ][gc,stats    ]      12 of   103 ms ( 11.5%): Thread-6
[15.788s][info   ][gc,stats    ]      10 of   103 ms (  9.4%): Thread-7
[15.788s][info   ][gc,stats    ]      69 of   103 ms ( 67.1%): <total>
[15.788s][info   ][gc,stats    ]       4 of   103 ms (  3.5%): <average total>
[15.788s][info   ][gc,stats    ]      10 of   103 ms (  9.6%): <average non-zero>
[15.788s][info   ][gc,stats    ] 
[15.788s][info   ][gc,metaspace] Metaspace: 213K(448K)->213K(448K) NonClass: 204K(320K)->204K(320K) Class: 9K(128K)->9K(128K)
[15.788s][info   ][gc,ergo     ] Pacer for Idle. Initial: 41943K, Alloc Tax Rate: 1.0x
[15.822s][info   ][gc          ] Trigger: Average GC time (58.32 ms) is above the time for average allocation rate (14276 MB/s) to deplete free headroom (823M) (margin of error = 1.95)
[15.822s][info   ][gc,ergo     ] Free headroom: 946M (free) - 102M (spike) - 20971K (penalties) = 823M
[15.822s][info   ][gc,ergo     ] Free: 944M, Max: 1024K regular, 390M humongous, Frag: 59% external, 0% internal; Reserve: 103M, Max: 1024K
[15.822s][info   ][gc,start    ] GC(230) Concurrent reset
[15.822s][info   ][gc,task     ] GC(230) Using 1 of 2 workers for concurrent reset
[15.822s][info   ][gc,ergo     ] GC(230) Pacer for Reset. Non-Taxable: 2048M
[15.827s][info   ][gc          ] GC(230) Concurrent reset 4.779ms
[15.832s][info   ][gc,start    ] GC(230) Pause Init Mark (unload classes)
[15.832s][info   ][gc,task     ] GC(230) Using 2 of 2 workers for init marking
[15.832s][info   ][gc,ergo     ] GC(230) Pacer for Mark. Expected Live: 40689K, Free: 796M, Non-Taxable: 81543K, Alloc Tax Rate: 0.1x
[15.832s][info   ][gc          ] GC(230) Pause Init Mark (unload classes) 0.258ms
[15.838s][info   ][gc,start    ] GC(230) Concurrent marking roots
[15.838s][info   ][gc,task     ] GC(230) Using 1 of 2 workers for concurrent marking roots
[15.838s][info   ][gc          ] GC(230) Concurrent marking roots 0.598ms
[15.839s][info   ][gc,start    ] GC(230) Concurrent marking (unload classes)
[15.839s][info   ][gc,task     ] GC(230) Using 1 of 2 workers for concurrent marking
[15.840s][info   ][gc          ] GC(230) Concurrent marking (unload classes) 1.641ms
[15.840s][info   ][gc,start    ] GC(230) Pause Final Mark (unload classes)
[15.840s][info   ][gc,task     ] GC(230) Using 2 of 2 workers for final marking
[15.841s][info   ][gc,ergo     ] GC(230) Collectable Garbage: 523M (98%), Immediate: 523M (98%), CSet: 0B (0%)
[15.841s][info   ][gc          ] GC(230) Pause Final Mark (unload classes) 0.304ms
[15.841s][info   ][gc,start    ] GC(230) Concurrent weak references
[15.841s][info   ][gc,task     ] GC(230) Using 1 of 2 workers for concurrent weak references
[15.841s][info   ][gc,ref      ] GC(230) Encountered references: Soft: 7, Weak: 37, Final: 0, Phantom: 5
[15.841s][info   ][gc,ref      ] GC(230) Discovered  references: Soft: 0, Weak: 11, Final: 0, Phantom: 5
[15.841s][info   ][gc,ref      ] GC(230) Enqueued    references: Soft: 0, Weak: 0, Final: 0, Phantom: 0
[15.841s][info   ][gc          ] GC(230) Concurrent weak references 0.135ms
[15.841s][info   ][gc,start    ] GC(230) Concurrent weak roots
[15.841s][info   ][gc,task     ] GC(230) Using 1 of 2 workers for concurrent weak root
[15.841s][info   ][gc          ] GC(230) Concurrent weak roots 0.257ms
[15.841s][info   ][gc,start    ] GC(230) Concurrent cleanup
[15.842s][info   ][gc          ] GC(230) Concurrent cleanup 617M->94M(2048M) 0.590ms
[15.842s][info   ][gc,ergo     ] GC(230) Free: 1762M, Max: 1024K regular, 636M humongous, Frag: 64% external, 0% internal; Reserve: 103M, Max: 1024K
[15.842s][info   ][gc,start    ] GC(230) Concurrent class unloading
[15.842s][info   ][gc,task     ] GC(230) Using 1 of 2 workers for concurrent class unloading
[15.842s][info   ][gc          ] GC(230) Concurrent class unloading 0.402ms
[15.842s][info   ][gc,start    ] GC(230) Pause Final Roots
[15.842s][info   ][gc          ] GC(230) Pause Final Roots 0.023ms
[15.842s][info   ][gc,ergo     ] Free: 1762M, Max: 1024K regular, 636M humongous, Frag: 64% external, 0% internal; Reserve: 103M, Max: 1024K
[15.842s][info   ][gc,stats    ] 
[15.842s][info   ][gc,stats    ] All times are wall-clock times, except per-root-class counters, that are sum over
[15.842s][info   ][gc,stats    ] all workers. Dividing the <total> over the root stage time estimates parallelism.
[15.842s][info   ][gc,stats    ] 
[15.842s][info   ][gc,stats    ] Concurrent Reset                   5012 us
[15.842s][info   ][gc,stats    ] Pause Init Mark (G)               10920 us
[15.842s][info   ][gc,stats    ] Pause Init Mark (N)                 268 us
[15.842s][info   ][gc,stats    ]   Update Region States              155 us
[15.842s][info   ][gc,stats    ] Concurrent Mark Roots               627 us, parallelism: 0.34x
[15.842s][info   ][gc,stats    ]   CMR: <total>                      215 us
[15.842s][info   ][gc,stats    ]   CMR: Thread Roots                 157 us, workers (us): 157, ---, 
[15.842s][info   ][gc,stats    ]   CMR: VM Strong Roots               12 us, workers (us):  12, ---, 
[15.842s][info   ][gc,stats    ]   CMR: CLDG Roots                    46 us, workers (us):  46, ---, 
[15.842s][info   ][gc,stats    ] Concurrent Marking                 1666 us
[15.842s][info   ][gc,stats    ] Pause Final Mark (G)                407 us
[15.842s][info   ][gc,stats    ] Pause Final Mark (N)                313 us
[15.842s][info   ][gc,stats    ]   Finish Mark                        85 us
[15.842s][info   ][gc,stats    ]   Update Region States               82 us
[15.842s][info   ][gc,stats    ]   Choose Collection Set              77 us
[15.842s][info   ][gc,stats    ]   Rebuild Free Set                   10 us
[15.842s][info   ][gc,stats    ] Concurrent Weak References          142 us, parallelism: 0.02x
[15.842s][info   ][gc,stats    ]   CWRF: <total>                       3 us
[15.842s][info   ][gc,stats    ]   CWRF: Weak References               3 us, workers (us):   3, ---, 
[15.842s][info   ][gc,stats    ] Concurrent Weak Roots               269 us
[15.842s][info   ][gc,stats    ]   Roots                              88 us, parallelism: 0.67x
[15.842s][info   ][gc,stats    ]     CWR: <total>                     59 us
[15.842s][info   ][gc,stats    ]     CWR: Code Cache Roots            31 us, workers (us):  31, ---, 
[15.842s][info   ][gc,stats    ]     CWR: VM Weak Roots               26 us, workers (us):  26, ---, 
[15.843s][info   ][gc,stats    ]     CWR: CLDG Roots                   2 us, workers (us):   2, ---, 
[15.843s][info   ][gc,stats    ]   Rendezvous                        153 us
[15.843s][info   ][gc,stats    ] Concurrent Cleanup                  605 us
[15.843s][info   ][gc,stats    ] Concurrent Class Unloading          422 us
[15.843s][info   ][gc,stats    ]   Unlink Stale                      227 us
[15.843s][info   ][gc,stats    ]     System Dictionary                 4 us
[15.843s][info   ][gc,stats    ]     Weak Class Links                  1 us
[15.843s][info   ][gc,stats    ]     Code Roots                      219 us
[15.843s][info   ][gc,stats    ]   Rendezvous                        110 us
[15.843s][info   ][gc,stats    ]   Purge Unlinked                     46 us
[15.843s][info   ][gc,stats    ]     Code Roots                       23 us
[15.843s][info   ][gc,stats    ]     CLDG                             20 us
[15.843s][info   ][gc,stats    ]     Exception Caches                  1 us
[15.843s][info   ][gc,stats    ] Pause Final Roots (G)               151 us
[15.843s][info   ][gc,stats    ] Pause Final Roots (N)                34 us
[15.843s][info   ][gc,stats    ] Pacing                            54944 us
[15.843s][info   ][gc,stats    ] 
[15.843s][info   ][gc,stats    ] Allocation pacing accrued:
[15.843s][info   ][gc,stats    ]      14 of    55 ms ( 24.9%): Thread-1
[15.843s][info   ][gc,stats    ]       3 of    55 ms (  5.2%): Thread-2
[15.843s][info   ][gc,stats    ]       3 of    55 ms (  5.5%): Thread-3
[15.843s][info   ][gc,stats    ]      15 of    55 ms ( 28.2%): Thread-4
[15.843s][info   ][gc,stats    ]       2 of    55 ms (  3.5%): Thread-5
[15.843s][info   ][gc,stats    ]      15 of    55 ms ( 26.4%): Thread-6
[15.843s][info   ][gc,stats    ]       3 of    55 ms (  6.3%): Thread-7
[15.843s][info   ][gc,stats    ]      55 of    55 ms (100.0%): <total>
[15.843s][info   ][gc,stats    ]       3 of    55 ms (  5.3%): <average total>
[15.843s][info   ][gc,stats    ]       8 of    55 ms ( 14.3%): <average non-zero>
[15.843s][info   ][gc,stats    ] 
[15.843s][info   ][gc,metaspace] Metaspace: 213K(448K)->213K(448K) NonClass: 204K(320K)->204K(320K) Class: 9K(128K)->9K(128K)
[15.843s][info   ][gc,ergo     ] Pacer for Idle. Initial: 41943K, Alloc Tax Rate: 1.0x
[15.911s][info   ][gc          ] Trigger: Average GC time (49.52 ms) is above the time for average allocation rate (14271 MB/s) to deplete free headroom (699M) (margin of error = 1.94)
[15.911s][info   ][gc,ergo     ] Free headroom: 802M (free) - 102M (spike) - 0B (penalties) = 699M
[15.911s][info   ][gc,ergo     ] Free: 796M, Max: 1024K regular, 636M humongous, Frag: 21% external, 0% internal; Reserve: 103M, Max: 1024K
[15.911s][info   ][gc,start    ] GC(231) Concurrent reset
[15.912s][info   ][gc,task     ] GC(231) Using 1 of 2 workers for concurrent reset
[15.912s][info   ][gc,ergo     ] GC(231) Pacer for Reset. Non-Taxable: 2048M
[15.923s][info   ][gc          ] GC(231) Concurrent reset 11.864ms
[15.925s][info   ][gc,start    ] GC(231) Pause Init Mark (unload classes)
[15.925s][info   ][gc,task     ] GC(231) Using 2 of 2 workers for init marking
[15.925s][info   ][gc,ergo     ] GC(231) Pacer for Mark. Expected Live: 40894K, Free: 600M, Non-Taxable: 61472K, Alloc Tax Rate: 0.1x
[15.925s][info   ][gc          ] GC(231) Pause Init Mark (unload classes) 0.178ms
[15.930s][info   ][gc,start    ] GC(231) Concurrent marking roots
[15.930s][info   ][gc,task     ] GC(231) Using 1 of 2 workers for concurrent marking roots
[15.931s][info   ][gc          ] GC(231) Concurrent marking roots 0.628ms
[15.931s][info   ][gc,start    ] GC(231) Concurrent marking (unload classes)
[15.931s][info   ][gc,task     ] GC(231) Using 1 of 2 workers for concurrent marking
[15.948s][info   ][gc          ] GC(231) Concurrent marking (unload classes) 17.633ms
[15.949s][info   ][gc,start    ] GC(231) Pause Final Mark (unload classes)
[15.949s][info   ][gc,task     ] GC(231) Using 2 of 2 workers for final marking
[15.950s][info   ][gc,ergo     ] GC(231) Collectable Garbage: 549M (98%), Immediate: 549M (98%), CSet: 0B (0%)
[15.950s][info   ][gc          ] GC(231) Pause Final Mark (unload classes) 0.465ms
[15.950s][info   ][gc,start    ] GC(231) Concurrent weak references
[15.950s][info   ][gc,task     ] GC(231) Using 1 of 2 workers for concurrent weak references
[15.955s][info   ][gc,ref      ] GC(231) Encountered references: Soft: 7, Weak: 37, Final: 0, Phantom: 5
[15.955s][info   ][gc,ref      ] GC(231) Discovered  references: Soft: 0, Weak: 11, Final: 0, Phantom: 5
[15.955s][info   ][gc,ref      ] GC(231) Enqueued    references: Soft: 0, Weak: 0, Final: 0, Phantom: 0
[15.956s][info   ][gc          ] GC(231) Concurrent weak references 5.481ms
[15.956s][info   ][gc,start    ] GC(231) Concurrent weak roots
[15.956s][info   ][gc,task     ] GC(231) Using 1 of 2 workers for concurrent weak root
[15.967s][info   ][gc          ] GC(231) Concurrent weak roots 11.254ms
[15.967s][info   ][gc,start    ] GC(231) Concurrent cleanup
[15.968s][info   ][gc          ] GC(231) Concurrent cleanup 950M->407M(2048M) 0.832ms
[15.968s][info   ][gc,ergo     ] GC(231) Free: 1134M, Max: 1024K regular, 254M humongous, Frag: 78% external, 0% internal; Reserve: 103M, Max: 1024K
[15.968s][info   ][gc,start    ] GC(231) Concurrent class unloading
[15.968s][info   ][gc,task     ] GC(231) Using 1 of 2 workers for concurrent class unloading
[15.978s][info   ][gc          ] GC(231) Concurrent class unloading 10.360ms
[15.979s][info   ][gc,start    ] GC(231) Pause Final Roots
[15.979s][info   ][gc          ] GC(231) Pause Final Roots 0.045ms
[15.979s][info   ][gc,ergo     ] Free: 976M, Max: 1024K regular, 254M humongous, Frag: 74% external, 0% internal; Reserve: 103M, Max: 1024K
[15.979s][info   ][gc,stats    ] 
[15.979s][info   ][gc,stats    ] All times are wall-clock times, except per-root-class counters, that are sum over
[15.979s][info   ][gc,stats    ] all workers. Dividing the <total> over the root stage time estimates parallelism.
[15.979s][info   ][gc,stats    ] 
[15.979s][info   ][gc,stats    ] Concurrent Reset                  12077 us
[15.979s][info   ][gc,stats    ] Pause Init Mark (G)                6505 us
[15.979s][info   ][gc,stats    ] Pause Init Mark (N)                 187 us
[15.979s][info   ][gc,stats    ]   Update Region States               97 us
[15.979s][info   ][gc,stats    ] Concurrent Mark Roots               647 us, parallelism: 0.28x
[15.979s][info   ][gc,stats    ]   CMR: <total>                      180 us
[15.979s][info   ][gc,stats    ]   CMR: Thread Roots                 141 us, workers (us): 141, ---, 
[15.980s][info   ][gc,stats    ]   CMR: VM Strong Roots                6 us, workers (us):   6, ---, 
[15.980s][info   ][gc,stats    ]   CMR: CLDG Roots                    33 us, workers (us):  33, ---, 
[15.980s][info   ][gc,stats    ] Concurrent Marking                17798 us
[15.980s][info   ][gc,stats    ] Pause Final Mark (G)               1485 us
[15.980s][info   ][gc,stats    ] Pause Final Mark (N)                476 us
[15.980s][info   ][gc,stats    ]   Finish Mark                       134 us
[15.980s][info   ][gc,stats    ]   Update Region States               94 us
[15.980s][info   ][gc,stats    ]   Choose Collection Set             160 us
[15.980s][info   ][gc,stats    ]   Rebuild Free Set                   10 us
[15.980s][info   ][gc,stats    ] Concurrent Weak References         5499 us, parallelism: 0.00x
[15.980s][info   ][gc,stats    ]   CWRF: <total>                      14 us
[15.980s][info   ][gc,stats    ]   CWRF: Weak References              14 us, workers (us):  14, ---, 
[15.980s][info   ][gc,stats    ] Concurrent Weak Roots             11452 us
[15.980s][info   ][gc,stats    ]   Roots                            2287 us, parallelism: 0.09x
[15.980s][info   ][gc,stats    ]     CWR: <total>                    211 us
[15.980s][info   ][gc,stats    ]     CWR: Code Cache Roots           128 us, workers (us): 128, ---, 
[15.980s][info   ][gc,stats    ]     CWR: VM Weak Roots               78 us, workers (us):  78, ---, 
[15.980s][info   ][gc,stats    ]     CWR: CLDG Roots                   6 us, workers (us):   6, ---, 
[15.980s][info   ][gc,stats    ]   Rendezvous                       8929 us
[15.980s][info   ][gc,stats    ] Concurrent Cleanup                  905 us
[15.980s][info   ][gc,stats    ] Concurrent Class Unloading        10594 us
[15.980s][info   ][gc,stats    ]   Unlink Stale                      610 us
[15.980s][info   ][gc,stats    ]     System Dictionary                12 us
[15.980s][info   ][gc,stats    ]     Weak Class Links                  1 us
[15.980s][info   ][gc,stats    ]     Code Roots                      591 us
[15.980s][info   ][gc,stats    ]   Rendezvous                       6789 us
[15.980s][info   ][gc,stats    ]   Purge Unlinked                   2902 us
[15.980s][info   ][gc,stats    ]     Code Roots                     2857 us
[15.980s][info   ][gc,stats    ]     CLDG                             38 us
[15.980s][info   ][gc,stats    ]     Exception Caches                  3 us
[15.980s][info   ][gc,stats    ] Pause Final Roots (G)               724 us
[15.980s][info   ][gc,stats    ] Pause Final Roots (N)                56 us
[15.980s][info   ][gc,stats    ] Pacing                           115876 us
[15.980s][info   ][gc,stats    ] 
[15.980s][info   ][gc,stats    ] Allocation pacing accrued:
[15.980s][info   ][gc,stats    ]      16 of   137 ms ( 11.4%): Thread-0
[15.980s][info   ][gc,stats    ]      20 of   137 ms ( 14.9%): Thread-1
[15.980s][info   ][gc,stats    ]      10 of   137 ms (  7.1%): Thread-2
[15.980s][info   ][gc,stats    ]      10 of   137 ms (  7.4%): Thread-3
[15.980s][info   ][gc,stats    ]      13 of   137 ms (  9.6%): Thread-4
[15.980s][info   ][gc,stats    ]      19 of   137 ms ( 13.7%): Thread-5
[15.980s][info   ][gc,stats    ]      10 of   137 ms (  7.4%): Thread-6
[15.980s][info   ][gc,stats    ]      18 of   137 ms ( 13.0%): Thread-7
[15.980s][info   ][gc,stats    ]     116 of   137 ms ( 84.5%): <total>
[15.980s][info   ][gc,stats    ]       6 of   137 ms (  4.4%): <average total>
[15.980s][info   ][gc,stats    ]      14 of   137 ms ( 10.6%): <average non-zero>
[15.980s][info   ][gc,stats    ] 
[15.980s][info   ][gc,metaspace] Metaspace: 213K(448K)->213K(448K) NonClass: 204K(320K)->204K(320K) Class: 9K(128K)->9K(128K)
[15.980s][info   ][gc,ergo     ] Pacer for Idle. Initial: 41943K, Alloc Tax Rate: 1.0x
[15.981s][info   ][gc          ] Trigger: Average GC time (89.87 ms) is above the time for average allocation rate (14279 MB/s) to deplete free headroom (845M) (margin of error = 1.95)
[15.981s][info   ][gc,ergo     ] Free headroom: 948M (free) - 102M (spike) - 0B (penalties) = 845M
[15.981s][info   ][gc,ergo     ] Free: 948M, Max: 1024K regular, 254M humongous, Frag: 74% external, 0% internal; Reserve: 103M, Max: 1024K
[15.981s][info   ][gc,start    ] GC(232) Concurrent reset
[15.981s][info   ][gc,task     ] GC(232) Using 1 of 2 workers for concurrent reset
[15.981s][info   ][gc,ergo     ] GC(232) Pacer for Reset. Non-Taxable: 2048M
[15.988s][info   ][gc          ] GC(232) Concurrent reset 6.687ms
[15.992s][info   ][gc,start    ] GC(232) Pause Init Mark (unload classes)
[15.992s][info   ][gc,task     ] GC(232) Using 2 of 2 workers for init marking
[15.992s][info   ][gc,ergo     ] GC(232) Pacer for Mark. Expected Live: 56049K, Free: 820M, Non-Taxable: 84000K, Alloc Tax Rate: 0.1x
[15.992s][info   ][gc          ] GC(232) Pause Init Mark (unload classes) 0.385ms
[15.992s][info   ][gc,start    ] GC(232) Concurrent marking roots
[15.992s][info   ][gc,task     ] GC(232) Using 1 of 2 workers for concurrent marking roots
[15.998s][info   ][gc          ] GC(232) Concurrent marking roots 5.542ms
[15.998s][info   ][gc,start    ] GC(232) Concurrent marking (unload classes)
[15.998s][info   ][gc,task     ] GC(232) Using 1 of 2 workers for concurrent marking
[16.000s][info   ][gc          ] GC(232) Concurrent marking (unload classes) 1.984ms
[16.000s][info   ][gc,start    ] GC(232) Pause Final Mark (unload classes)
[16.000s][info   ][gc,task     ] GC(232) Using 2 of 2 workers for final marking
[16.001s][info   ][gc,ergo     ] GC(232) Collectable Garbage: 457M (98%), Immediate: 457M (98%), CSet: 0B (0%)
[16.001s][info   ][gc          ] GC(232) Pause Final Mark (unload classes) 0.380ms
[16.001s][info   ][gc,start    ] GC(232) Concurrent weak references
[16.001s][info   ][gc,task     ] GC(232) Using 1 of 2 workers for concurrent weak references
[16.001s][info   ][gc,ref      ] GC(232) Encountered references: Soft: 7, Weak: 37, Final: 0, Phantom: 5
[16.001s][info   ][gc,ref      ] GC(232) Discovered  references: Soft: 0, Weak: 11, Final: 0, Phantom: 5
[16.001s][info   ][gc,ref      ] GC(232) Enqueued    references: Soft: 0, Weak: 0, Final: 0, Phantom: 0
[16.001s][info   ][gc          ] GC(232) Concurrent weak references 0.154ms
[16.001s][info   ][gc,start    ] GC(232) Concurrent weak roots
[16.001s][info   ][gc,task     ] GC(232) Using 1 of 2 workers for concurrent weak root
[16.001s][info   ][gc          ] GC(232) Concurrent weak roots 0.348ms
[16.001s][info   ][gc,start    ] GC(232) Concurrent cleanup
[16.002s][info   ][gc          ] GC(232) Concurrent cleanup 606M->149M(2048M) 0.543ms
[16.002s][info   ][gc,ergo     ] GC(232) Free: 1652M, Max: 1024K regular, 502M humongous, Frag: 70% external, 0% internal; Reserve: 103M, Max: 1024K
[16.002s][info   ][gc,start    ] GC(232) Concurrent class unloading
[16.002s][info   ][gc,task     ] GC(232) Using 1 of 2 workers for concurrent class unloading
[16.002s][info   ][gc          ] GC(232) Concurrent class unloading 0.405ms
[16.002s][info   ][gc,start    ] GC(232) Pause Final Roots
[16.002s][info   ][gc          ] GC(232) Pause Final Roots 0.017ms
[16.002s][info   ][gc,ergo     ] Free: 1652M, Max: 1024K regular, 502M humongous, Frag: 70% external, 0% internal; Reserve: 103M, Max: 1024K
[16.002s][info   ][gc,stats    ] 
[16.002s][info   ][gc,stats    ] All times are wall-clock times, except per-root-class counters, that are sum over
[16.002s][info   ][gc,stats    ] all workers. Dividing the <total> over the root stage time estimates parallelism.
[16.002s][info   ][gc,stats    ] 
[16.002s][info   ][gc,stats    ] Concurrent Reset                   7018 us
[16.002s][info   ][gc,stats    ] Pause Init Mark (G)                4197 us
[16.002s][info   ][gc,stats    ] Pause Init Mark (N)                 399 us
[16.002s][info   ][gc,stats    ]   Update Region States              209 us
[16.002s][info   ][gc,stats    ] Concurrent Mark Roots              5689 us, parallelism: 0.59x
[16.002s][info   ][gc,stats    ]   CMR: <total>                     3330 us
[16.003s][info   ][gc,stats    ]   CMR: Thread Roots                3245 us, workers (us): 3245, ---, 
[16.003s][info   ][gc,stats    ]   CMR: VM Strong Roots               12 us, workers (us):  12, ---, 
[16.003s][info   ][gc,stats    ]   CMR: CLDG Roots                    72 us, workers (us):  72, ---, 
[16.003s][info   ][gc,stats    ] Concurrent Marking                 2019 us
[16.003s][info   ][gc,stats    ] Pause Final Mark (G)                517 us
[16.003s][info   ][gc,stats    ] Pause Final Mark (N)                391 us
[16.003s][info   ][gc,stats    ]   Finish Mark                        97 us
[16.003s][info   ][gc,stats    ]   Update Region States               45 us
[16.003s][info   ][gc,stats    ]   Choose Collection Set             172 us
[16.003s][info   ][gc,stats    ]   Rebuild Free Set                   15 us
[16.003s][info   ][gc,stats    ] Concurrent Weak References          163 us, parallelism: 0.03x
[16.003s][info   ][gc,stats    ]   CWRF: <total>                       4 us
[16.003s][info   ][gc,stats    ]   CWRF: Weak References               4 us, workers (us):   4, ---, 
[16.003s][info   ][gc,stats    ] Concurrent Weak Roots               367 us
[16.003s][info   ][gc,stats    ]   Roots                             180 us, parallelism: 0.43x
[16.003s][info   ][gc,stats    ]     CWR: <total>                     78 us
[16.003s][info   ][gc,stats    ]     CWR: Code Cache Roots            43 us, workers (us):  43, ---, 
[16.003s][info   ][gc,stats    ]     CWR: VM Weak Roots               33 us, workers (us):  33, ---, 
[16.003s][info   ][gc,stats    ]     CWR: CLDG Roots                   2 us, workers (us):   2, ---, 
[16.003s][info   ][gc,stats    ]   Rendezvous                        151 us
[16.003s][info   ][gc,stats    ] Concurrent Cleanup                  554 us
[16.003s][info   ][gc,stats    ] Concurrent Class Unloading          422 us
[16.003s][info   ][gc,stats    ]   Unlink Stale                      192 us
[16.003s][info   ][gc,stats    ]     System Dictionary                 5 us
[16.003s][info   ][gc,stats    ]     Weak Class Links                  1 us
[16.003s][info   ][gc,stats    ]     Code Roots                      183 us
[16.003s][info   ][gc,stats    ]   Rendezvous                         91 us
[16.003s][info   ][gc,stats    ]   Purge Unlinked                    104 us
[16.003s][info   ][gc,stats    ]     Code Roots                       96 us
[16.003s][info   ][gc,stats    ]     CLDG                              5 us
[16.003s][info   ][gc,stats    ]     Exception Caches                  1 us
[16.003s][info   ][gc,stats    ] Pause Final Roots (G)               145 us
[16.003s][info   ][gc,stats    ] Pause Final Roots (N)                49 us
[16.003s][info   ][gc,stats    ] 
[16.003s][info   ][gc,stats    ] Allocation pacing accrued:
[16.003s][info   ][gc,stats    ]       0 of    23 ms (  0.0%): <total>
[16.003s][info   ][gc,stats    ]       0 of    23 ms (  0.0%): <average total>
[16.003s][info   ][gc,stats    ] 
[16.003s][info   ][gc,metaspace] Metaspace: 213K(448K)->213K(448K) NonClass: 204K(320K)->204K(320K) Class: 9K(128K)->9K(128K)
[16.003s][info   ][gc,ergo     ] Pacer for Idle. Initial: 41943K, Alloc Tax Rate: 1.0x
[16.041s][info   ][gc          ] Trigger: Average GC time (73.88 ms) is above the time for average allocation rate (14276 MB/s) to deplete free headroom (1051M) (margin of error = 1.95)
[16.042s][info   ][gc,ergo     ] Free headroom: 1154M (free) - 102M (spike) - 0B (penalties) = 1051M
[16.042s][info   ][gc,ergo     ] Free: 1154M, Max: 1024K regular, 486M humongous, Frag: 58% external, 0% internal; Reserve: 103M, Max: 1024K
[16.042s][info   ][gc,start    ] GC(233) Concurrent reset
[16.042s][info   ][gc,task     ] GC(233) Using 1 of 2 workers for concurrent reset
[16.042s][info   ][gc,ergo     ] GC(233) Pacer for Reset. Non-Taxable: 2048M
[16.046s][info   ][gc          ] GC(233) Concurrent reset 4.121ms
[16.050s][info   ][gc,start    ] GC(233) Pause Init Mark (unload classes)
[16.050s][info   ][gc,task     ] GC(233) Using 2 of 2 workers for init marking
[16.050s][info   ][gc,ergo     ] GC(233) Pacer for Mark. Expected Live: 70795K, Free: 1046M, Non-Taxable: 104M, Alloc Tax Rate: 0.1x
[16.050s][info   ][gc          ] GC(233) Pause Init Mark (unload classes) 0.311ms
[16.056s][info   ][gc,start    ] GC(233) Concurrent marking roots
[16.056s][info   ][gc,task     ] GC(233) Using 1 of 2 workers for concurrent marking roots
[16.058s][info   ][gc          ] GC(233) Concurrent marking roots 2.527ms
[16.058s][info   ][gc,start    ] GC(233) Concurrent marking (unload classes)
[16.058s][info   ][gc,task     ] GC(233) Using 1 of 2 workers for concurrent marking
[16.078s][info   ][gc          ] GC(233) Concurrent marking (unload classes) 19.370ms
[16.079s][info   ][gc,start    ] GC(233) Pause Final Mark (unload classes)
[16.079s][info   ][gc,task     ] GC(233) Using 2 of 2 workers for final marking
[16.080s][info   ][gc,ergo     ] GC(233) Collectable Garbage: 384M (98%), Immediate: 384M (98%), CSet: 0B (0%)
[16.081s][info   ][gc          ] GC(233) Pause Final Mark (unload classes) 1.332ms
[16.081s][info   ][gc,start    ] GC(233) Concurrent weak references
[16.081s][info   ][gc,task     ] GC(233) Using 1 of 2 workers for concurrent weak references
[16.081s][info   ][gc,ref      ] GC(233) Encountered references: Soft: 7, Weak: 37, Final: 0, Phantom: 5
[16.081s][info   ][gc,ref      ] GC(233) Discovered  references: Soft: 0, Weak: 11, Final: 0, Phantom: 5
[16.081s][info   ][gc,ref      ] GC(233) Enqueued    references: Soft: 0, Weak: 0, Final: 0, Phantom: 0
[16.081s][info   ][gc          ] GC(233) Concurrent weak references 0.103ms
[16.081s][info   ][gc,start    ] GC(233) Concurrent weak roots
[16.081s][info   ][gc,task     ] GC(233) Using 1 of 2 workers for concurrent weak root
[16.090s][info   ][gc          ] GC(233) Concurrent weak roots 8.882ms
[16.090s][info   ][gc,start    ] GC(233) Concurrent cleanup
[16.091s][info   ][gc          ] GC(233) Concurrent cleanup 718M->340M(2048M) 0.631ms
[16.091s][info   ][gc,ergo     ] GC(233) Free: 1270M, Max: 1024K regular, 540M humongous, Frag: 58% external, 0% internal; Reserve: 103M, Max: 1024K
[16.091s][info   ][gc,start    ] GC(233) Concurrent class unloading
[16.091s][info   ][gc,task     ] GC(233) Using 1 of 2 workers for concurrent class unloading
[16.099s][info   ][gc          ] GC(233) Concurrent class unloading 8.546ms
[16.101s][info   ][gc,start    ] GC(233) Pause Final Roots
[16.101s][info   ][gc          ] GC(233) Pause Final Roots 0.041ms
[16.107s][info   ][gc,ergo     ] Free: 1056M, Max: 1024K regular, 540M humongous, Frag: 49% external, 0% internal; Reserve: 103M, Max: 1024K
[16.107s][info   ][gc,stats    ] 
[16.107s][info   ][gc,stats    ] All times are wall-clock times, except per-root-class counters, that are sum over
[16.107s][info   ][gc,stats    ] all workers. Dividing the <total> over the root stage time estimates parallelism.
[16.107s][info   ][gc,stats    ] 
[16.107s][info   ][gc,stats    ] Concurrent Reset                   4348 us
[16.107s][info   ][gc,stats    ] Pause Init Mark (G)                9634 us
[16.107s][info   ][gc,stats    ] Pause Init Mark (N)                 321 us
[16.107s][info   ][gc,stats    ]   Update Region States              187 us
[16.107s][info   ][gc,stats    ] Concurrent Mark Roots              2610 us, parallelism: 0.09x
[16.107s][info   ][gc,stats    ]   CMR: <total>                      239 us
[16.107s][info   ][gc,stats    ]   CMR: Thread Roots                 135 us, workers (us): 135, ---, 
[16.107s][info   ][gc,stats    ]   CMR: VM Strong Roots               48 us, workers (us):  48, ---, 
[16.107s][info   ][gc,stats    ]   CMR: CLDG Roots                    55 us, workers (us):  55, ---, 
[16.107s][info   ][gc,stats    ] Concurrent Marking                19624 us
[16.107s][info   ][gc,stats    ] Pause Final Mark (G)               2747 us
[16.107s][info   ][gc,stats    ] Pause Final Mark (N)               1344 us
[16.107s][info   ][gc,stats    ]   Finish Mark                      1054 us
[16.107s][info   ][gc,stats    ]   Update Region States              101 us
[16.107s][info   ][gc,stats    ]   Choose Collection Set              92 us
[16.107s][info   ][gc,stats    ]   Rebuild Free Set                    9 us
[16.107s][info   ][gc,stats    ] Concurrent Weak References          187 us, parallelism: 0.09x
[16.107s][info   ][gc,stats    ]   CWRF: <total>                      17 us
[16.107s][info   ][gc,stats    ]   CWRF: Weak References              17 us, workers (us):  17, ---, 
[16.107s][info   ][gc,stats    ] Concurrent Weak Roots              9014 us
[16.107s][info   ][gc,stats    ]   Roots                             222 us, parallelism: 0.75x
[16.107s][info   ][gc,stats    ]     CWR: <total>                    167 us
[16.107s][info   ][gc,stats    ]     CWR: Code Cache Roots           101 us, workers (us): 101, ---, 
[16.107s][info   ][gc,stats    ]     CWR: VM Weak Roots               62 us, workers (us):  62, ---, 
[16.107s][info   ][gc,stats    ]     CWR: CLDG Roots                   4 us, workers (us):   4, ---, 
[16.107s][info   ][gc,stats    ]   Rendezvous                       8608 us
[16.107s][info   ][gc,stats    ] Concurrent Cleanup                  645 us
[16.107s][info   ][gc,stats    ] Concurrent Class Unloading         8688 us
[16.107s][info   ][gc,stats    ]   Unlink Stale                     4591 us
[16.107s][info   ][gc,stats    ]     System Dictionary                16 us
[16.107s][info   ][gc,stats    ]     Weak Class Links                  1 us
[16.107s][info   ][gc,stats    ]     Code Roots                     4567 us
[16.107s][info   ][gc,stats    ]   Rendezvous                       3748 us
[16.107s][info   ][gc,stats    ]   Purge Unlinked                    171 us
[16.107s][info   ][gc,stats    ]     Code Roots                      149 us
[16.107s][info   ][gc,stats    ]     CLDG                             18 us
[16.107s][info   ][gc,stats    ]     Exception Caches                  1 us
[16.107s][info   ][gc,stats    ] Pause Final Roots (G)              7077 us
[16.107s][info   ][gc,stats    ] Pause Final Roots (N)                51 us
[16.107s][info   ][gc,stats    ] Pacing                            64807 us
[16.107s][info   ][gc,stats    ] 
[16.108s][info   ][gc,stats    ] Allocation pacing accrued:
[16.108s][info   ][gc,stats    ]       8 of   105 ms (  7.8%): Thread-0
[16.108s][info   ][gc,stats    ]       7 of   105 ms (  6.9%): Thread-1
[16.108s][info   ][gc,stats    ]       9 of   105 ms (  8.4%): Thread-2
[16.108s][info   ][gc,stats    ]      12 of   105 ms ( 11.1%): Thread-3
[16.108s][info   ][gc,stats    ]       8 of   105 ms (  7.3%): Thread-4
[16.108s][info   ][gc,stats    ]       8 of   105 ms (  7.8%): Thread-5
[16.108s][info   ][gc,stats    ]      13 of   105 ms ( 12.6%): Thread-6
[16.108s][info   ][gc,stats    ]      65 of   105 ms ( 61.9%): <total>
[16.108s][info   ][gc,stats    ]       3 of   105 ms (  3.3%): <average total>
[16.108s][info   ][gc,stats    ]       9 of   105 ms (  8.8%): <average non-zero>
[16.108s][info   ][gc,stats    ] 
[16.108s][info   ][gc,metaspace] Metaspace: 213K(448K)->213K(448K) NonClass: 204K(320K)->204K(320K) Class: 9K(128K)->9K(128K)
[16.108s][info   ][gc,ergo     ] Pacer for Idle. Initial: 41943K, Alloc Tax Rate: 1.0x
[16.109s][info   ][gc          ] Trigger: Average GC time (90.38 ms) is above the time for average allocation rate (14283 MB/s) to deplete free headroom (917M) (margin of error = 1.96)
[16.109s][info   ][gc,ergo     ] Free headroom: 1020M (free) - 102M (spike) - 0B (penalties) = 917M
[16.109s][info   ][gc,ergo     ] Free: 1018M, Max: 1024K regular, 540M humongous, Frag: 47% external, 0% internal; Reserve: 103M, Max: 1024K
[16.110s][info   ][gc,start    ] GC(234) Concurrent reset
[16.110s][info   ][gc,task     ] GC(234) Using 1 of 2 workers for concurrent reset
[16.110s][info   ][gc,ergo     ] GC(234) Pacer for Reset. Non-Taxable: 2048M
[16.112s][info   ][gc          ] GC(234) Concurrent reset 2.707ms
[16.113s][info   ][gc,start    ] GC(234) Pause Init Mark (unload classes)
[16.113s][info   ][gc,task     ] GC(234) Using 2 of 2 workers for init marking
[16.113s][info   ][gc,ergo     ] GC(234) Pacer for Mark. Expected Live: 73253K, Free: 982M, Non-Taxable: 100589K, Alloc Tax Rate: 0.1x
[16.113s][info   ][gc          ] GC(234) Pause Init Mark (unload classes) 0.158ms
[16.118s][info   ][gc,start    ] GC(234) Concurrent marking roots
[16.119s][info   ][gc,task     ] GC(234) Using 1 of 2 workers for concurrent marking roots
[16.119s][info   ][gc          ] GC(234) Concurrent marking roots 0.641ms
[16.119s][info   ][gc,start    ] GC(234) Concurrent marking (unload classes)
[16.119s][info   ][gc,task     ] GC(234) Using 1 of 2 workers for concurrent marking
[16.123s][info   ][gc          ] GC(234) Concurrent marking (unload classes) 3.905ms
[16.124s][info   ][gc,start    ] GC(234) Pause Final Mark (unload classes)
[16.124s][info   ][gc,task     ] GC(234) Using 2 of 2 workers for final marking
[16.124s][info   ][gc,ergo     ] GC(234) Collectable Garbage: 425M (98%), Immediate: 425M (98%), CSet: 0B (0%)
[16.124s][info   ][gc          ] GC(234) Pause Final Mark (unload classes) 0.443ms
[16.124s][info   ][gc,start    ] GC(234) Concurrent weak references
[16.124s][info   ][gc,task     ] GC(234) Using 1 of 2 workers for concurrent weak references
[16.129s][info   ][gc,ref      ] GC(234) Encountered references: Soft: 7, Weak: 37, Final: 0, Phantom: 5
[16.130s][info   ][gc,ref      ] GC(234) Discovered  references: Soft: 0, Weak: 11, Final: 0, Phantom: 5
[16.130s][info   ][gc,ref      ] GC(234) Enqueued    references: Soft: 0, Weak: 0, Final: 0, Phantom: 0
[16.130s][info   ][gc          ] GC(234) Concurrent weak references 5.703ms
[16.130s][info   ][gc,start    ] GC(234) Concurrent weak roots
[16.130s][info   ][gc,task     ] GC(234) Using 1 of 2 workers for concurrent weak root
[16.140s][info   ][gc          ] GC(234) Concurrent weak roots 9.606ms
[16.140s][info   ][gc,start    ] GC(234) Concurrent cleanup
[16.141s][info   ][gc          ] GC(234) Concurrent cleanup 651M->233M(2048M) 0.872ms
[16.141s][info   ][gc,ergo     ] GC(234) Free: 1484M, Max: 1024K regular, 628M humongous, Frag: 58% external, 0% internal; Reserve: 103M, Max: 1024K
[16.141s][info   ][gc,start    ] GC(234) Concurrent class unloading
[16.141s][info   ][gc,task     ] GC(234) Using 1 of 2 workers for concurrent class unloading
[16.152s][info   ][gc          ] GC(234) Concurrent class unloading 11.587ms
[16.156s][info   ][gc,start    ] GC(234) Pause Final Roots
[16.156s][info   ][gc          ] GC(234) Pause Final Roots 0.074ms
[16.162s][info   ][gc,ergo     ] Free: 1208M, Max: 1024K regular, 628M humongous, Frag: 49% external, 0% internal; Reserve: 103M, Max: 1024K
[16.162s][info   ][gc,stats    ] 
[16.162s][info   ][gc,stats    ] All times are wall-clock times, except per-root-class counters, that are sum over
[16.162s][info   ][gc,stats    ] all workers. Dividing the <total> over the root stage time estimates parallelism.
[16.162s][info   ][gc,stats    ] 
[16.162s][info   ][gc,stats    ] Concurrent Reset                   2783 us
[16.162s][info   ][gc,stats    ] Pause Init Mark (G)                6161 us
[16.162s][info   ][gc,stats    ] Pause Init Mark (N)                 166 us
[16.162s][info   ][gc,stats    ]   Update Region States               96 us
[16.162s][info   ][gc,stats    ] Concurrent Mark Roots               672 us, parallelism: 0.54x
[16.162s][info   ][gc,stats    ]   CMR: <total>                      365 us
[16.162s][info   ][gc,stats    ]   CMR: Thread Roots                 300 us, workers (us): 300, ---, 
[16.162s][info   ][gc,stats    ]   CMR: VM Strong Roots               15 us, workers (us):  15, ---, 
[16.162s][info   ][gc,stats    ]   CMR: CLDG Roots                    50 us, workers (us):  50, ---, 
[16.162s][info   ][gc,stats    ] Concurrent Marking                 3977 us
[16.162s][info   ][gc,stats    ] Pause Final Mark (G)               1059 us
[16.163s][info   ][gc,stats    ] Pause Final Mark (N)                454 us
[16.163s][info   ][gc,stats    ]   Finish Mark                       193 us
[16.163s][info   ][gc,stats    ]   Update Region States               75 us
[16.163s][info   ][gc,stats    ]   Choose Collection Set             112 us
[16.163s][info   ][gc,stats    ]   Rebuild Free Set                   12 us
[16.163s][info   ][gc,stats    ] Concurrent Weak References         5782 us, parallelism: 0.00x
[16.163s][info   ][gc,stats    ]   CWRF: <total>                      19 us
[16.163s][info   ][gc,stats    ]   CWRF: Weak References              19 us, workers (us):  19, ---, 
[16.163s][info   ][gc,stats    ] Concurrent Weak Roots              9796 us
[16.163s][info   ][gc,stats    ]   Roots                            4255 us, parallelism: 0.07x
[16.163s][info   ][gc,stats    ]     CWR: <total>                    280 us
[16.163s][info   ][gc,stats    ]     CWR: Code Cache Roots           177 us, workers (us): 177, ---, 
[16.163s][info   ][gc,stats    ]     CWR: VM Weak Roots               98 us, workers (us):  98, ---, 
[16.163s][info   ][gc,stats    ]     CWR: CLDG Roots                   5 us, workers (us):   5, ---, 
[16.163s][info   ][gc,stats    ]   Rendezvous                       5197 us
[16.163s][info   ][gc,stats    ] Concurrent Cleanup                  901 us
[16.163s][info   ][gc,stats    ] Concurrent Class Unloading        11741 us
[16.163s][info   ][gc,stats    ]   Unlink Stale                      530 us
[16.163s][info   ][gc,stats    ]     System Dictionary                11 us
[16.163s][info   ][gc,stats    ]     Weak Class Links                  1 us
[16.163s][info   ][gc,stats    ]     Code Roots                      513 us
[16.163s][info   ][gc,stats    ]   Rendezvous                       8112 us
[16.163s][info   ][gc,stats    ]   Purge Unlinked                   2892 us
[16.163s][info   ][gc,stats    ]     Code Roots                     2853 us
[16.163s][info   ][gc,stats    ]     CLDG                             33 us
[16.163s][info   ][gc,stats    ]     Exception Caches                  2 us
[16.163s][info   ][gc,stats    ] Pause Final Roots (G)              9177 us
[16.163s][info   ][gc,stats    ] Pause Final Roots (N)                85 us
[16.163s][info   ][gc,stats    ] Pacing                            21288 us
[16.163s][info   ][gc,stats    ] 
[16.163s][info   ][gc,stats    ] Allocation pacing accrued:
[16.163s][info   ][gc,stats    ]       4 of    56 ms (  7.1%): Thread-2
[16.163s][info   ][gc,stats    ]       4 of    56 ms (  7.2%): Thread-3
[16.163s][info   ][gc,stats    ]       6 of    56 ms ( 10.7%): Thread-4
[16.164s][info   ][gc,stats    ]       3 of    56 ms (  6.1%): Thread-5
[16.164s][info   ][gc,stats    ]       4 of    56 ms (  7.0%): Thread-6
[16.164s][info   ][gc,stats    ]      21 of    56 ms ( 38.1%): <total>
[16.164s][info   ][gc,stats    ]       1 of    56 ms (  2.0%): <average total>
[16.164s][info   ][gc,stats    ]       4 of    56 ms (  7.6%): <average non-zero>
[16.164s][info   ][gc,stats    ] 
[16.164s][info   ][gc,metaspace] Metaspace: 213K(448K)->213K(448K) NonClass: 204K(320K)->204K(320K) Class: 9K(128K)->9K(128K)
[16.164s][info   ][gc,ergo     ] Pacer for Idle. Initial: 41943K, Alloc Tax Rate: 1.0x
[16.165s][info   ][gc          ] Trigger: Average GC time (79.94 ms) is above the time for average allocation rate (14287 MB/s) to deplete free headroom (1065M) (margin of error = 1.97)
[16.165s][info   ][gc,ergo     ] Free headroom: 1168M (free) - 102M (spike) - 0B (penalties) = 1065M
[16.165s][info   ][gc,ergo     ] Free: 1168M, Max: 1024K regular, 628M humongous, Frag: 47% external, 0% internal; Reserve: 103M, Max: 1024K
[16.165s][info   ][gc,start    ] GC(235) Concurrent reset
[16.165s][info   ][gc,task     ] GC(235) Using 1 of 2 workers for concurrent reset
[16.165s][info   ][gc,ergo     ] GC(235) Pacer for Reset. Non-Taxable: 2048M
[16.176s][info   ][gc          ] GC(235) Concurrent reset 11.157ms
[16.178s][info   ][gc,start    ] GC(235) Pause Init Mark (unload classes)
[16.178s][info   ][gc,task     ] GC(235) Using 2 of 2 workers for init marking
[16.178s][info   ][gc,ergo     ] GC(235) Pacer for Mark. Expected Live: 79397K, Free: 1014M, Non-Taxable: 101M, Alloc Tax Rate: 0.1x
[16.178s][info   ][gc          ] GC(235) Pause Init Mark (unload classes) 0.279ms
[16.184s][info   ][gc,start    ] GC(235) Concurrent marking roots
[16.184s][info   ][gc,task     ] GC(235) Using 1 of 2 workers for concurrent marking roots
[16.185s][info   ][gc          ] GC(235) Concurrent marking roots 1.672ms
[16.185s][info   ][gc,start    ] GC(235) Concurrent marking (unload classes)
[16.185s][info   ][gc,task     ] GC(235) Using 1 of 2 workers for concurrent marking
[16.187s][info   ][gc          ] GC(235) Concurrent marking (unload classes) 1.687ms
[16.187s][info   ][gc,start    ] GC(235) Pause Final Mark (unload classes)
[16.187s][info   ][gc,task     ] GC(235) Using 2 of 2 workers for final marking
[16.188s][info   ][gc,ergo     ] GC(235) Collectable Garbage: 439M (98%), Immediate: 439M (98%), CSet: 0B (0%)
[16.188s][info   ][gc          ] GC(235) Pause Final Mark (unload classes) 0.587ms
[16.188s][info   ][gc,start    ] GC(235) Concurrent weak references
[16.188s][info   ][gc,task     ] GC(235) Using 1 of 2 workers for concurrent weak references
[16.188s][info   ][gc,ref      ] GC(235) Encountered references: Soft: 7, Weak: 37, Final: 0, Phantom: 5
[16.188s][info   ][gc,ref      ] GC(235) Discovered  references: Soft: 0, Weak: 11, Final: 0, Phantom: 5
[16.188s][info   ][gc,ref      ] GC(235) Enqueued    references: Soft: 0, Weak: 0, Final: 0, Phantom: 0
[16.188s][info   ][gc          ] GC(235) Concurrent weak references 0.087ms
[16.188s][info   ][gc,start    ] GC(235) Concurrent weak roots
[16.188s][info   ][gc,task     ] GC(235) Using 1 of 2 workers for concurrent weak root
[16.190s][info   ][gc          ] GC(235) Concurrent weak roots 1.933ms
[16.190s][info   ][gc,start    ] GC(235) Concurrent cleanup
[16.191s][info   ][gc          ] GC(235) Concurrent cleanup 532M->96M(2048M) 0.748ms
[16.191s][info   ][gc,ergo     ] GC(235) Free: 1758M, Max: 1024K regular, 692M humongous, Frag: 61% external, 0% internal; Reserve: 103M, Max: 1024K
[16.191s][info   ][gc,start    ] GC(235) Concurrent class unloading
[16.191s][info   ][gc,task     ] GC(235) Using 1 of 2 workers for concurrent class unloading
[16.202s][info   ][gc          ] GC(235) Concurrent class unloading 11.085ms
[16.203s][info   ][gc,start    ] GC(235) Pause Final Roots
[16.203s][info   ][gc          ] GC(235) Pause Final Roots 0.047ms
[16.203s][info   ][gc,ergo     ] Free: 1600M, Max: 1024K regular, 692M humongous, Frag: 57% external, 0% internal; Reserve: 103M, Max: 1024K
[16.204s][info   ][gc,stats    ] 
[16.204s][info   ][gc,stats    ] All times are wall-clock times, except per-root-class counters, that are sum over
[16.204s][info   ][gc,stats    ] all workers. Dividing the <total> over the root stage time estimates parallelism.
[16.204s][info   ][gc,stats    ] 
[16.204s][info   ][gc,stats    ] Concurrent Reset                  11411 us
[16.204s][info   ][gc,stats    ] Pause Init Mark (G)                6883 us
[16.204s][info   ][gc,stats    ] Pause Init Mark (N)                 292 us
[16.204s][info   ][gc,stats    ]   Update Region States              194 us
[16.204s][info   ][gc,stats    ] Concurrent Mark Roots              1725 us, parallelism: 0.20x
[16.204s][info   ][gc,stats    ]   CMR: <total>                      350 us
[16.204s][info   ][gc,stats    ]   CMR: Thread Roots                 295 us, workers (us): 295, ---, 
[16.204s][info   ][gc,stats    ]   CMR: VM Strong Roots               10 us, workers (us):  10, ---, 
[16.204s][info   ][gc,stats    ]   CMR: CLDG Roots                    45 us, workers (us):  45, ---, 
[16.204s][info   ][gc,stats    ] Concurrent Marking                 1717 us
[16.204s][info   ][gc,stats    ] Pause Final Mark (G)                746 us
[16.204s][info   ][gc,stats    ] Pause Final Mark (N)                601 us
[16.204s][info   ][gc,stats    ]   Finish Mark                       135 us
[16.204s][info   ][gc,stats    ]   Update Region States              178 us
[16.204s][info   ][gc,stats    ]   Choose Collection Set             130 us
[16.204s][info   ][gc,stats    ]   Rebuild Free Set                   13 us
[16.204s][info   ][gc,stats    ] Concurrent Weak References           96 us, parallelism: 0.06x
[16.204s][info   ][gc,stats    ]   CWRF: <total>                       6 us
[16.204s][info   ][gc,stats    ]   CWRF: Weak References               6 us, workers (us):   6, ---, 
[16.204s][info   ][gc,stats    ] Concurrent Weak Roots              2030 us
[16.204s][info   ][gc,stats    ]   Roots                            1112 us, parallelism: 0.12x
[16.204s][info   ][gc,stats    ]     CWR: <total>                    137 us
[16.204s][info   ][gc,stats    ]     CWR: Code Cache Roots            78 us, workers (us):  78, ---, 
[16.204s][info   ][gc,stats    ]     CWR: VM Weak Roots               56 us, workers (us):  56, ---, 
[16.204s][info   ][gc,stats    ]     CWR: CLDG Roots                   4 us, workers (us):   4, ---, 
[16.204s][info   ][gc,stats    ]   Rendezvous                        795 us
[16.204s][info   ][gc,stats    ] Concurrent Cleanup                  780 us
[16.204s][info   ][gc,stats    ] Concurrent Class Unloading        11257 us
[16.204s][info   ][gc,stats    ]   Unlink Stale                      335 us
[16.204s][info   ][gc,stats    ]     System Dictionary                11 us
[16.204s][info   ][gc,stats    ]     Weak Class Links                  1 us
[16.204s][info   ][gc,stats    ]     Code Roots                      318 us
[16.204s][info   ][gc,stats    ]   Rendezvous                       5440 us
[16.204s][info   ][gc,stats    ]   Purge Unlinked                   5252 us
[16.204s][info   ][gc,stats    ]     Code Roots                     5208 us
[16.204s][info   ][gc,stats    ]     CLDG                             35 us
[16.204s][info   ][gc,stats    ]     Exception Caches                  2 us
[16.204s][info   ][gc,stats    ] Pause Final Roots (G)              1284 us
[16.204s][info   ][gc,stats    ] Pause Final Roots (N)                61 us
[16.204s][info   ][gc,stats    ] Pacing                            51969 us
[16.204s][info   ][gc,stats    ] 
[16.204s][info   ][gc,stats    ] Allocation pacing accrued:
[16.204s][info   ][gc,stats    ]       9 of    41 ms ( 22.2%): Thread-0
[16.204s][info   ][gc,stats    ]       6 of    41 ms ( 15.2%): Thread-1
[16.204s][info   ][gc,stats    ]       6 of    41 ms ( 15.9%): Thread-2
[16.204s][info   ][gc,stats    ]       7 of    41 ms ( 16.6%): Thread-3
[16.204s][info   ][gc,stats    ]       9 of    41 ms ( 21.9%): Thread-4
[16.204s][info   ][gc,stats    ]       6 of    41 ms ( 15.2%): Thread-6
[16.204s][info   ][gc,stats    ]       8 of    41 ms ( 20.7%): Thread-7
[16.204s][info   ][gc,stats    ]      52 of    41 ms (127.7%): <total>
[16.204s][info   ][gc,stats    ]       3 of    41 ms (  6.7%): <average total>
[16.204s][info   ][gc,stats    ]       7 of    41 ms ( 18.2%): <average non-zero>
[16.204s][info   ][gc,stats    ] 
[16.204s][info   ][gc,metaspace] Metaspace: 213K(448K)->213K(448K) NonClass: 204K(320K)->204K(320K) Class: 9K(128K)->9K(128K)
[16.204s][info   ][gc,ergo     ] Pacer for Idle. Initial: 41943K, Alloc Tax Rate: 1.0x
[16.245s][info   ][gc          ] Trigger: Average GC time (68.51 ms) is above the time for average allocation rate (14284 MB/s) to deplete free headroom (971M) (margin of error = 1.96)
[16.245s][info   ][gc,ergo     ] Free headroom: 1074M (free) - 102M (spike) - 0B (penalties) = 971M
[16.245s][info   ][gc,ergo     ] Free: 1072M, Max: 1024K regular, 692M humongous, Frag: 36% external, 0% internal; Reserve: 103M, Max: 1024K
[16.245s][info   ][gc,start    ] GC(236) Concurrent reset
[16.246s][info   ][gc,task     ] GC(236) Using 1 of 2 workers for concurrent reset
[16.246s][info   ][gc,ergo     ] GC(236) Pacer for Reset. Non-Taxable: 2048M
[16.251s][info   ][gc          ] GC(236) Concurrent reset 5.326ms
[16.257s][info   ][gc,start    ] GC(236) Pause Init Mark (unload classes)
[16.257s][info   ][gc,task     ] GC(236) Using 2 of 2 workers for init marking
[16.257s][info   ][gc,ergo     ] GC(236) Pacer for Mark. Expected Live: 74277K, Free: 936M, Non-Taxable: 95879K, Alloc Tax Rate: 0.1x
[16.257s][info   ][gc          ] GC(236) Pause Init Mark (unload classes) 0.198ms
[16.263s][info   ][gc,start    ] GC(236) Concurrent marking roots
[16.264s][info   ][gc,task     ] GC(236) Using 1 of 2 workers for concurrent marking roots
[16.264s][info   ][gc          ] GC(236) Concurrent marking roots 0.804ms
[16.264s][info   ][gc,start    ] GC(236) Concurrent marking (unload classes)
[16.264s][info   ][gc,task     ] GC(236) Using 1 of 2 workers for concurrent marking
[16.278s][info   ][gc          ] GC(236) Concurrent marking (unload classes) 13.781ms
[16.279s][info   ][gc,start    ] GC(236) Pause Final Mark (unload classes)
[16.280s][info   ][gc,task     ] GC(236) Using 2 of 2 workers for final marking
[16.280s][info   ][gc,ergo     ] GC(236) Collectable Garbage: 473M (98%), Immediate: 473M (98%), CSet: 0B (0%)
[16.280s][info   ][gc          ] GC(236) Pause Final Mark (unload classes) 0.499ms
[16.280s][info   ][gc,start    ] GC(236) Concurrent weak references
[16.280s][info   ][gc,task     ] GC(236) Using 1 of 2 workers for concurrent weak references
[16.280s][info   ][gc,ref      ] GC(236) Encountered references: Soft: 7, Weak: 37, Final: 0, Phantom: 5
[16.280s][info   ][gc,ref      ] GC(236) Discovered  references: Soft: 0, Weak: 11, Final: 0, Phantom: 5
[16.280s][info   ][gc,ref      ] GC(236) Enqueued    references: Soft: 0, Weak: 0, Final: 0, Phantom: 0
[16.280s][info   ][gc          ] GC(236) Concurrent weak references 0.206ms
[16.280s][info   ][gc,start    ] GC(236) Concurrent weak roots
[16.280s][info   ][gc,task     ] GC(236) Using 1 of 2 workers for concurrent weak root
[16.289s][info   ][gc          ] GC(236) Concurrent weak roots 9.025ms
[16.290s][info   ][gc,start    ] GC(236) Concurrent cleanup
[16.291s][info   ][gc          ] GC(236) Concurrent cleanup 698M->232M(2048M) 1.609ms
[16.291s][info   ][gc,ergo     ] GC(236) Free: 1486M, Max: 1024K regular, 550M humongous, Frag: 63% external, 0% internal; Reserve: 103M, Max: 1024K
[16.291s][info   ][gc,start    ] GC(236) Concurrent class unloading
[16.291s][info   ][gc,task     ] GC(236) Using 1 of 2 workers for concurrent class unloading
[16.292s][info   ][gc          ] GC(236) Concurrent class unloading 0.688ms
[16.292s][info   ][gc,start    ] GC(236) Pause Final Roots
[16.292s][info   ][gc          ] GC(236) Pause Final Roots 0.021ms
[16.292s][info   ][gc,ergo     ] Free: 1486M, Max: 1024K regular, 550M humongous, Frag: 63% external, 0% internal; Reserve: 103M, Max: 1024K
[16.292s][info   ][gc,stats    ] 
[16.292s][info   ][gc,stats    ] All times are wall-clock times, except per-root-class counters, that are sum over
[16.292s][info   ][gc,stats    ] all workers. Dividing the <total> over the root stage time estimates parallelism.
[16.292s][info   ][gc,stats    ] 
[16.292s][info   ][gc,stats    ] Concurrent Reset                   5486 us
[16.292s][info   ][gc,stats    ] Pause Init Mark (G)               12370 us
[16.292s][info   ][gc,stats    ] Pause Init Mark (N)                 209 us
[16.292s][info   ][gc,stats    ]   Update Region States               76 us
[16.292s][info   ][gc,stats    ] Concurrent Mark Roots               826 us, parallelism: 0.50x
[16.292s][info   ][gc,stats    ]   CMR: <total>                      414 us
[16.292s][info   ][gc,stats    ]   CMR: Thread Roots                 337 us, workers (us): 337, ---, 
[16.292s][info   ][gc,stats    ]   CMR: VM Strong Roots               13 us, workers (us):  13, ---, 
[16.292s][info   ][gc,stats    ]   CMR: CLDG Roots                    65 us, workers (us):  65, ---, 
[16.292s][info   ][gc,stats    ] Concurrent Marking                14113 us
[16.292s][info   ][gc,stats    ] Pause Final Mark (G)               1753 us
[16.292s][info   ][gc,stats    ] Pause Final Mark (N)                508 us
[16.292s][info   ][gc,stats    ]   Finish Mark                       286 us
[16.292s][info   ][gc,stats    ]   Update Region States               33 us
[16.292s][info   ][gc,stats    ]   Choose Collection Set              96 us
[16.292s][info   ][gc,stats    ]   Rebuild Free Set                    9 us
[16.292s][info   ][gc,stats    ] Concurrent Weak References          220 us, parallelism: 0.07x
[16.292s][info   ][gc,stats    ]   CWRF: <total>                      15 us
[16.292s][info   ][gc,stats    ]   CWRF: Weak References              15 us, workers (us):  15, ---, 
[16.292s][info   ][gc,stats    ] Concurrent Weak Roots              9318 us
[16.292s][info   ][gc,stats    ]   Roots                            2840 us, parallelism: 0.09x
[16.292s][info   ][gc,stats    ]     CWR: <total>                    252 us
[16.293s][info   ][gc,stats    ]     CWR: Code Cache Roots            92 us, workers (us):  92, ---, 
[16.293s][info   ][gc,stats    ]     CWR: VM Weak Roots              156 us, workers (us): 156, ---, 
[16.293s][info   ][gc,stats    ]     CWR: CLDG Roots                   4 us, workers (us):   4, ---, 
[16.293s][info   ][gc,stats    ]   Rendezvous                       6135 us
[16.293s][info   ][gc,stats    ] Concurrent Cleanup                 1727 us
[16.293s][info   ][gc,stats    ] Concurrent Class Unloading          712 us
[16.293s][info   ][gc,stats    ]   Unlink Stale                      387 us
[16.293s][info   ][gc,stats    ]     System Dictionary                 9 us
[16.293s][info   ][gc,stats    ]     Weak Class Links                  1 us
[16.293s][info   ][gc,stats    ]     Code Roots                      371 us
[16.293s][info   ][gc,stats    ]   Rendezvous                        216 us
[16.293s][info   ][gc,stats    ]   Purge Unlinked                     57 us
[16.293s][info   ][gc,stats    ]     Code Roots                       35 us
[16.293s][info   ][gc,stats    ]     CLDG                             19 us
[16.293s][info   ][gc,stats    ]     Exception Caches                  1 us
[16.293s][info   ][gc,stats    ] Pause Final Roots (G)               157 us
[16.293s][info   ][gc,stats    ] Pause Final Roots (N)                29 us
[16.293s][info   ][gc,stats    ] Pacing                            13840 us
[16.293s][info   ][gc,stats    ] 
[16.293s][info   ][gc,stats    ] Allocation pacing accrued:
[16.293s][info   ][gc,stats    ]       1 of    89 ms (  0.9%): Thread-1
[16.293s][info   ][gc,stats    ]       2 of    89 ms (  2.6%): Thread-2
[16.293s][info   ][gc,stats    ]       0 of    89 ms (  0.2%): Thread-4
[16.293s][info   ][gc,stats    ]       2 of    89 ms (  2.5%): Thread-5
[16.293s][info   ][gc,stats    ]       3 of    89 ms (  2.9%): Thread-6
[16.293s][info   ][gc,stats    ]       6 of    89 ms (  6.5%): Thread-7
[16.293s][info   ][gc,stats    ]      14 of    89 ms ( 15.6%): <total>
[16.293s][info   ][gc,stats    ]       1 of    89 ms (  0.8%): <average total>
[16.293s][info   ][gc,stats    ]       2 of    89 ms (  2.6%): <average non-zero>
[16.293s][info   ][gc,stats    ] 
[16.293s][info   ][gc,metaspace] Metaspace: 213K(448K)->213K(448K) NonClass: 204K(320K)->204K(320K) Class: 9K(128K)->9K(128K)
[16.293s][info   ][gc,ergo     ] Pacer for Idle. Initial: 41943K, Alloc Tax Rate: 1.0x
[16.335s][info   ][gc          ] Trigger: Average GC time (62.80 ms) is above the time for average allocation rate (14284 MB/s) to deplete free headroom (889M) (margin of error = 1.96)
[16.335s][info   ][gc,ergo     ] Free headroom: 992M (free) - 102M (spike) - 0B (penalties) = 889M
[16.335s][info   ][gc,ergo     ] Free: 990M, Max: 1024K regular, 550M humongous, Frag: 45% external, 0% internal; Reserve: 103M, Max: 1024K
[16.335s][info   ][gc,start    ] GC(237) Concurrent reset
[16.335s][info   ][gc,task     ] GC(237) Using 1 of 2 workers for concurrent reset
[16.335s][info   ][gc,ergo     ] GC(237) Pacer for Reset. Non-Taxable: 2048M
[16.338s][info   ][gc          ] GC(237) Concurrent reset 3.012ms
[16.341s][info   ][gc,start    ] GC(237) Pause Init Mark (unload classes)
[16.341s][info   ][gc,task     ] GC(237) Using 2 of 2 workers for init marking
[16.341s][info   ][gc,ergo     ] GC(237) Pacer for Mark. Expected Live: 55435K, Free: 928M, Non-Taxable: 95059K, Alloc Tax Rate: 0.1x
[16.341s][info   ][gc          ] GC(237) Pause Init Mark (unload classes) 0.226ms
[16.349s][info   ][gc,start    ] GC(237) Concurrent marking roots
[16.349s][info   ][gc,task     ] GC(237) Using 1 of 2 workers for concurrent marking roots
[16.349s][info   ][gc          ] GC(237) Concurrent marking roots 0.390ms
[16.349s][info   ][gc,start    ] GC(237) Concurrent marking (unload classes)
[16.349s][info   ][gc,task     ] GC(237) Using 1 of 2 workers for concurrent marking
[16.364s][info   ][gc          ] GC(237) Concurrent marking (unload classes) 14.896ms
[16.364s][info   ][gc,start    ] GC(237) Pause Final Mark (unload classes)
[16.364s][info   ][gc,task     ] GC(237) Using 2 of 2 workers for final marking
[16.364s][info   ][gc,ergo     ] GC(237) Collectable Garbage: 478M (98%), Immediate: 478M (98%), CSet: 0B (0%)
[16.364s][info   ][gc          ] GC(237) Pause Final Mark (unload classes) 0.372ms
[16.364s][info   ][gc,start    ] GC(237) Concurrent weak references
[16.364s][info   ][gc,task     ] GC(237) Using 1 of 2 workers for concurrent weak references
[16.365s][info   ][gc,ref      ] GC(237) Encountered references: Soft: 7, Weak: 37, Final: 0, Phantom: 5
[16.365s][info   ][gc,ref      ] GC(237) Discovered  references: Soft: 0, Weak: 11, Final: 0, Phantom: 5
[16.365s][info   ][gc,ref      ] GC(237) Enqueued    references: Soft: 0, Weak: 0, Final: 0, Phantom: 0
[16.365s][info   ][gc          ] GC(237) Concurrent weak references 0.136ms
[16.365s][info   ][gc,start    ] GC(237) Concurrent weak roots
[16.365s][info   ][gc,task     ] GC(237) Using 1 of 2 workers for concurrent weak root
[16.365s][info   ][gc          ] GC(237) Concurrent weak roots 0.266ms
[16.365s][info   ][gc,start    ] GC(237) Concurrent cleanup
[16.365s][info   ][gc          ] GC(237) Concurrent cleanup 631M->153M(2048M) 0.643ms
[16.366s][info   ][gc,ergo     ] GC(237) Free: 1644M, Max: 1024K regular, 692M humongous, Frag: 58% external, 0% internal; Reserve: 103M, Max: 1024K
[16.366s][info   ][gc,start    ] GC(237) Concurrent class unloading
[16.366s][info   ][gc,task     ] GC(237) Using 1 of 2 workers for concurrent class unloading
[16.366s][info   ][gc          ] GC(237) Concurrent class unloading 0.451ms
[16.366s][info   ][gc,start    ] GC(237) Pause Final Roots
[16.366s][info   ][gc          ] GC(237) Pause Final Roots 0.018ms
[16.366s][info   ][gc,ergo     ] Free: 1644M, Max: 1024K regular, 692M humongous, Frag: 58% external, 0% internal; Reserve: 103M, Max: 1024K
[16.366s][info   ][gc,stats    ] 
[16.366s][info   ][gc,stats    ] All times are wall-clock times, except per-root-class counters, that are sum over
[16.366s][info   ][gc,stats    ] all workers. Dividing the <total> over the root stage time estimates parallelism.
[16.366s][info   ][gc,stats    ] 
[16.366s][info   ][gc,stats    ] Concurrent Reset                   3185 us
[16.366s][info   ][gc,stats    ] Pause Init Mark (G)               10386 us
[16.366s][info   ][gc,stats    ] Pause Init Mark (N)                 240 us
[16.366s][info   ][gc,stats    ]   Update Region States              105 us
[16.366s][info   ][gc,stats    ] Concurrent Mark Roots               407 us, parallelism: 0.41x
[16.366s][info   ][gc,stats    ]   CMR: <total>                      166 us
[16.366s][info   ][gc,stats    ]   CMR: Thread Roots                 127 us, workers (us): 127, ---, 
[16.366s][info   ][gc,stats    ]   CMR: VM Strong Roots                7 us, workers (us):   7, ---, 
[16.366s][info   ][gc,stats    ]   CMR: CLDG Roots                    31 us, workers (us):  31, ---, 
[16.366s][info   ][gc,stats    ] Concurrent Marking                14996 us
[16.366s][info   ][gc,stats    ] Pause Final Mark (G)                524 us
[16.366s][info   ][gc,stats    ] Pause Final Mark (N)                382 us
[16.366s][info   ][gc,stats    ]   Finish Mark                       101 us
[16.366s][info   ][gc,stats    ]   Update Region States               95 us
[16.366s][info   ][gc,stats    ]   Choose Collection Set             111 us
[16.366s][info   ][gc,stats    ]   Rebuild Free Set                   10 us
[16.366s][info   ][gc,stats    ] Concurrent Weak References          144 us, parallelism: 0.06x
[16.366s][info   ][gc,stats    ]   CWRF: <total>                       9 us
[16.366s][info   ][gc,stats    ]   CWRF: Weak References               9 us, workers (us):   9, ---, 
[16.366s][info   ][gc,stats    ] Concurrent Weak Roots               279 us
[16.366s][info   ][gc,stats    ]   Roots                             136 us, parallelism: 0.74x
[16.366s][info   ][gc,stats    ]     CWR: <total>                    101 us
[16.366s][info   ][gc,stats    ]     CWR: Code Cache Roots            63 us, workers (us):  63, ---, 
[16.366s][info   ][gc,stats    ]     CWR: VM Weak Roots               35 us, workers (us):  35, ---, 
[16.366s][info   ][gc,stats    ]     CWR: CLDG Roots                   3 us, workers (us):   3, ---, 
[16.366s][info   ][gc,stats    ]   Rendezvous                        112 us
[16.366s][info   ][gc,stats    ] Concurrent Cleanup                  672 us
[16.366s][info   ][gc,stats    ] Concurrent Class Unloading          469 us
[16.366s][info   ][gc,stats    ]   Unlink Stale                      275 us
[16.366s][info   ][gc,stats    ]     System Dictionary                 6 us
[16.366s][info   ][gc,stats    ]     Weak Class Links                  1 us
[16.366s][info   ][gc,stats    ]     Code Roots                      265 us
[16.366s][info   ][gc,stats    ]   Rendezvous                        102 us
[16.366s][info   ][gc,stats    ]   Purge Unlinked                     46 us
[16.366s][info   ][gc,stats    ]     Code Roots                       25 us
[16.366s][info   ][gc,stats    ]     CLDG                             18 us
[16.366s][info   ][gc,stats    ]     Exception Caches                  1 us
[16.366s][info   ][gc,stats    ] Pause Final Roots (G)                83 us
[16.366s][info   ][gc,stats    ] Pause Final Roots (N)                27 us
[16.366s][info   ][gc,stats    ] Pacing                            66109 us
[16.367s][info   ][gc,stats    ] 
[16.367s][info   ][gc,stats    ] Allocation pacing accrued:
[16.367s][info   ][gc,stats    ]      13 of    74 ms ( 17.9%): Thread-0
[16.367s][info   ][gc,stats    ]       2 of    74 ms (  2.7%): Thread-2
[16.367s][info   ][gc,stats    ]      11 of    74 ms ( 14.4%): Thread-3
[16.367s][info   ][gc,stats    ]      12 of    74 ms ( 15.8%): Thread-4
[16.367s][info   ][gc,stats    ]      15 of    74 ms ( 19.9%): Thread-5
[16.367s][info   ][gc,stats    ]       8 of    74 ms ( 10.9%): Thread-6
[16.367s][info   ][gc,stats    ]       6 of    74 ms (  7.9%): Thread-7
[16.367s][info   ][gc,stats    ]      66 of    74 ms ( 89.4%): <total>
[16.367s][info   ][gc,stats    ]       3 of    74 ms (  4.7%): <average total>
[16.367s][info   ][gc,stats    ]       9 of    74 ms ( 12.8%): <average non-zero>
[16.367s][info   ][gc,stats    ] 
[16.367s][info   ][gc,metaspace] Metaspace: 213K(448K)->213K(448K) NonClass: 204K(320K)->204K(320K) Class: 9K(128K)->9K(128K)
[16.367s][info   ][gc,ergo     ] Pacer for Idle. Initial: 41943K, Alloc Tax Rate: 1.0x
[16.425s][info   ][gc          ] Trigger: Average GC time (56.99 ms) is above the time for average allocation rate (14280 MB/s) to deplete free headroom (811M) (margin of error = 1.96)
[16.425s][info   ][gc,ergo     ] Free headroom: 914M (free) - 102M (spike) - 0B (penalties) = 811M
[16.425s][info   ][gc,ergo     ] Free: 912M, Max: 1024K regular, 692M humongous, Frag: 25% external, 0% internal; Reserve: 103M, Max: 1024K
[16.425s][info   ][gc,start    ] GC(238) Concurrent reset
[16.425s][info   ][gc,task     ] GC(238) Using 1 of 2 workers for concurrent reset
[16.425s][info   ][gc,ergo     ] GC(238) Pacer for Reset. Non-Taxable: 2048M
[16.431s][info   ][gc          ] GC(238) Concurrent reset 5.624ms
[16.433s][info   ][gc,start    ] GC(238) Pause Init Mark (unload classes)
[16.434s][info   ][gc,task     ] GC(238) Using 2 of 2 workers for init marking
[16.434s][info   ][gc,ergo     ] GC(238) Pacer for Mark. Expected Live: 40075K, Free: 834M, Non-Taxable: 85434K, Alloc Tax Rate: 0.1x
[16.434s][info   ][gc          ] GC(238) Pause Init Mark (unload classes) 0.250ms
[16.434s][info   ][gc,start    ] GC(238) Concurrent marking roots
[16.434s][info   ][gc,task     ] GC(238) Using 1 of 2 workers for concurrent marking roots
[16.439s][info   ][gc          ] GC(238) Concurrent marking roots 5.148ms
[16.439s][info   ][gc,start    ] GC(238) Concurrent marking (unload classes)
[16.439s][info   ][gc,task     ] GC(238) Using 1 of 2 workers for concurrent marking
[16.448s][info   ][gc          ] GC(238) Concurrent marking (unload classes) 8.606ms
[16.449s][info   ][gc,start    ] GC(238) Pause Final Mark (unload classes)
[16.449s][info   ][gc,task     ] GC(238) Using 2 of 2 workers for final marking
[16.450s][info   ][gc,ergo     ] GC(238) Collectable Garbage: 512M (98%), Immediate: 512M (98%), CSet: 0B (0%)
[16.450s][info   ][gc          ] GC(238) Pause Final Mark (unload classes) 0.664ms
[16.450s][info   ][gc,start    ] GC(238) Concurrent weak references
[16.450s][info   ][gc,task     ] GC(238) Using 1 of 2 workers for concurrent weak references
[16.450s][info   ][gc,ref      ] GC(238) Encountered references: Soft: 7, Weak: 37, Final: 0, Phantom: 5
[16.450s][info   ][gc,ref      ] GC(238) Discovered  references: Soft: 0, Weak: 11, Final: 0, Phantom: 5
[16.450s][info   ][gc,ref      ] GC(238) Enqueued    references: Soft: 0, Weak: 0, Final: 0, Phantom: 0
[16.450s][info   ][gc          ] GC(238) Concurrent weak references 0.285ms
[16.450s][info   ][gc,start    ] GC(238) Concurrent weak roots
[16.450s][info   ][gc,task     ] GC(238) Using 1 of 2 workers for concurrent weak root
[16.465s][info   ][gc          ] GC(238) Concurrent weak roots 15.124ms
[16.465s][info   ][gc,start    ] GC(238) Concurrent cleanup
[16.466s][info   ][gc          ] GC(238) Concurrent cleanup 758M->252M(2048M) 0.834ms
[16.466s][info   ][gc,ergo     ] GC(238) Free: 1444M, Max: 1024K regular, 432M humongous, Frag: 71% external, 0% internal; Reserve: 103M, Max: 1024K
[16.466s][info   ][gc,start    ] GC(238) Concurrent class unloading
[16.467s][info   ][gc,task     ] GC(238) Using 1 of 2 workers for concurrent class unloading
[16.479s][info   ][gc          ] GC(238) Concurrent class unloading 12.880ms
[16.483s][info   ][gc,start    ] GC(238) Pause Final Roots
[16.483s][info   ][gc          ] GC(238) Pause Final Roots 0.086ms
[16.483s][info   ][gc,ergo     ] Free: 1282M, Max: 1024K regular, 432M humongous, Frag: 67% external, 0% internal; Reserve: 103M, Max: 1024K
[16.483s][info   ][gc,stats    ] 
[16.483s][info   ][gc,stats    ] All times are wall-clock times, except per-root-class counters, that are sum over
[16.483s][info   ][gc,stats    ] all workers. Dividing the <total> over the root stage time estimates parallelism.
[16.483s][info   ][gc,stats    ] 
[16.483s][info   ][gc,stats    ] Concurrent Reset                   5807 us
[16.483s][info   ][gc,stats    ] Pause Init Mark (G)                2931 us
[16.483s][info   ][gc,stats    ] Pause Init Mark (N)                 263 us
[16.483s][info   ][gc,stats    ]   Update Region States               98 us
[16.483s][info   ][gc,stats    ] Concurrent Mark Roots              5468 us, parallelism: 0.46x
[16.483s][info   ][gc,stats    ]   CMR: <total>                     2500 us
[16.483s][info   ][gc,stats    ]   CMR: Thread Roots                2436 us, workers (us): 2436, ---, 
[16.483s][info   ][gc,stats    ]   CMR: VM Strong Roots                7 us, workers (us):   7, ---, 
[16.483s][info   ][gc,stats    ]   CMR: CLDG Roots                    57 us, workers (us):  57, ---, 
[16.483s][info   ][gc,stats    ] Concurrent Marking                 8808 us
[16.483s][info   ][gc,stats    ] Pause Final Mark (G)               1673 us
[16.483s][info   ][gc,stats    ] Pause Final Mark (N)                678 us
[16.483s][info   ][gc,stats    ]   Finish Mark                       340 us
[16.483s][info   ][gc,stats    ]   Update Region States               86 us
[16.483s][info   ][gc,stats    ]   Choose Collection Set             158 us
[16.483s][info   ][gc,stats    ]   Rebuild Free Set                   14 us
[16.483s][info   ][gc,stats    ] Concurrent Weak References          296 us, parallelism: 0.08x
[16.483s][info   ][gc,stats    ]   CWRF: <total>                      25 us
[16.483s][info   ][gc,stats    ]   CWRF: Weak References              25 us, workers (us):  25, ---, 
[16.483s][info   ][gc,stats    ] Concurrent Weak Roots             15301 us
[16.483s][info   ][gc,stats    ]   Roots                            9027 us, parallelism: 0.04x
[16.483s][info   ][gc,stats    ]     CWR: <total>                    352 us
[16.483s][info   ][gc,stats    ]     CWR: Code Cache Roots           271 us, workers (us): 271, ---, 
[16.483s][info   ][gc,stats    ]     CWR: VM Weak Roots               77 us, workers (us):  77, ---, 
[16.483s][info   ][gc,stats    ]     CWR: CLDG Roots                   4 us, workers (us):   4, ---, 
[16.483s][info   ][gc,stats    ]   Rendezvous                       6040 us
[16.483s][info   ][gc,stats    ] Concurrent Cleanup                  863 us
[16.483s][info   ][gc,stats    ] Concurrent Class Unloading        13086 us
[16.483s][info   ][gc,stats    ]   Unlink Stale                     2412 us
[16.483s][info   ][gc,stats    ]     System Dictionary                19 us
[16.483s][info   ][gc,stats    ]     Weak Class Links                  1 us
[16.483s][info   ][gc,stats    ]     Code Roots                     2383 us
[16.483s][info   ][gc,stats    ]   Rendezvous                       8733 us
[16.483s][info   ][gc,stats    ]   Purge Unlinked                   1615 us
[16.483s][info   ][gc,stats    ]     Code Roots                     1580 us
[16.483s][info   ][gc,stats    ]     CLDG                             29 us
[16.483s][info   ][gc,stats    ]     Exception Caches                  2 us
[16.483s][info   ][gc,stats    ] Pause Final Roots (G)              3381 us
[16.483s][info   ][gc,stats    ] Pause Final Roots (N)                98 us
[16.483s][info   ][gc,stats    ] Pacing                           142623 us
[16.483s][info   ][gc,stats    ] 
[16.483s][info   ][gc,stats    ] Allocation pacing accrued:
[16.483s][info   ][gc,stats    ]      12 of   117 ms ( 10.3%): Thread-0
[16.483s][info   ][gc,stats    ]      35 of   117 ms ( 29.5%): Thread-1
[16.483s][info   ][gc,stats    ]      28 of   117 ms ( 24.0%): Thread-2
[16.483s][info   ][gc,stats    ]      11 of   117 ms (  9.2%): Thread-3
[16.483s][info   ][gc,stats    ]       9 of   117 ms (  8.0%): Thread-4
[16.483s][info   ][gc,stats    ]      22 of   117 ms ( 18.6%): Thread-5
[16.483s][info   ][gc,stats    ]      14 of   117 ms ( 11.7%): Thread-6
[16.483s][info   ][gc,stats    ]      12 of   117 ms ( 10.6%): Thread-7
[16.484s][info   ][gc,stats    ]     143 of   117 ms (122.0%): <total>
[16.484s][info   ][gc,stats    ]       8 of   117 ms (  6.4%): <average total>
[16.484s][info   ][gc,stats    ]      18 of   117 ms ( 15.2%): <average non-zero>
[16.484s][info   ][gc,stats    ] 
[16.484s][info   ][gc,metaspace] Metaspace: 213K(448K)->213K(448K) NonClass: 204K(320K)->204K(320K) Class: 9K(128K)->9K(128K)
[16.484s][info   ][gc,ergo     ] Pacer for Idle. Initial: 41943K, Alloc Tax Rate: 1.0x
[16.498s][info   ][gc          ] Trigger: Average GC time (71.14 ms) is above the time for average allocation rate (14280 MB/s) to deplete free headroom (1011M) (margin of error = 1.96)
[16.498s][info   ][gc,ergo     ] Free headroom: 1114M (free) - 102M (spike) - 0B (penalties) = 1011M
[16.498s][info   ][gc,ergo     ] Free: 1112M, Max: 1024K regular, 432M humongous, Frag: 62% external, 0% internal; Reserve: 103M, Max: 1024K
[16.498s][info   ][gc,start    ] GC(239) Concurrent reset
[16.498s][info   ][gc,task     ] GC(239) Using 1 of 2 workers for concurrent reset
[16.498s][info   ][gc,ergo     ] GC(239) Pacer for Reset. Non-Taxable: 2048M
[16.502s][info   ][gc          ] GC(239) Concurrent reset 3.890ms
[16.506s][info   ][gc,start    ] GC(239) Pause Init Mark (unload classes)
[16.506s][info   ][gc,task     ] GC(239) Using 2 of 2 workers for init marking
[16.506s][info   ][gc,ergo     ] GC(239) Pacer for Mark. Expected Live: 35569K, Free: 1046M, Non-Taxable: 104M, Alloc Tax Rate: 0.0x
[16.506s][info   ][gc          ] GC(239) Pause Init Mark (unload classes) 0.393ms
[16.506s][info   ][gc,start    ] GC(239) Concurrent marking roots
[16.506s][info   ][gc,task     ] GC(239) Using 1 of 2 workers for concurrent marking roots
[16.509s][info   ][gc          ] GC(239) Concurrent marking roots 2.844ms
[16.509s][info   ][gc,start    ] GC(239) Concurrent marking (unload classes)
[16.509s][info   ][gc,task     ] GC(239) Using 1 of 2 workers for concurrent marking
[16.528s][info   ][gc          ] GC(239) Concurrent marking (unload classes) 18.656ms
[16.529s][info   ][gc,start    ] GC(239) Pause Final Mark (unload classes)
[16.529s][info   ][gc,task     ] GC(239) Using 2 of 2 workers for final marking
[16.530s][info   ][gc,ergo     ] GC(239) Collectable Garbage: 366M (98%), Immediate: 366M (98%), CSet: 0B (0%)
[16.530s][info   ][gc          ] GC(239) Pause Final Mark (unload classes) 0.352ms
[16.532s][info   ][gc,start    ] GC(239) Concurrent weak references
[16.532s][info   ][gc,task     ] GC(239) Using 1 of 2 workers for concurrent weak references
[16.533s][info   ][gc,ref      ] GC(239) Encountered references: Soft: 7, Weak: 37, Final: 0, Phantom: 5
[16.533s][info   ][gc,ref      ] GC(239) Discovered  references: Soft: 0, Weak: 11, Final: 0, Phantom: 5
[16.533s][info   ][gc,ref      ] GC(239) Enqueued    references: Soft: 0, Weak: 0, Final: 0, Phantom: 0
[16.533s][info   ][gc          ] GC(239) Concurrent weak references 0.337ms
[16.533s][info   ][gc,start    ] GC(239) Concurrent weak roots
[16.533s][info   ][gc,task     ] GC(239) Using 1 of 2 workers for concurrent weak root
[16.539s][info   ][gc          ] GC(239) Concurrent weak roots 6.067ms
[16.540s][info   ][gc,start    ] GC(239) Concurrent cleanup
[16.541s][info   ][gc          ] GC(239) Concurrent cleanup 663M->308M(2048M) 1.545ms
[16.541s][info   ][gc,ergo     ] GC(239) Free: 1332M, Max: 1024K regular, 692M humongous, Frag: 49% external, 0% internal; Reserve: 103M, Max: 1024K
[16.543s][info   ][gc,start    ] GC(239) Concurrent class unloading
[16.543s][info   ][gc,task     ] GC(239) Using 1 of 2 workers for concurrent class unloading
[16.554s][info   ][gc          ] GC(239) Concurrent class unloading 11.454ms
[16.555s][info   ][gc,start    ] GC(239) Pause Final Roots
[16.555s][info   ][gc          ] GC(239) Pause Final Roots 0.031ms
[16.558s][info   ][gc,ergo     ] Free: 1124M, Max: 1024K regular, 692M humongous, Frag: 39% external, 0% internal; Reserve: 103M, Max: 1024K
[16.558s][info   ][gc,stats    ] 
[16.558s][info   ][gc,stats    ] All times are wall-clock times, except per-root-class counters, that are sum over
[16.558s][info   ][gc,stats    ] all workers. Dividing the <total> over the root stage time estimates parallelism.
[16.558s][info   ][gc,stats    ] 
[16.558s][info   ][gc,stats    ] Concurrent Reset                   4203 us
[16.558s][info   ][gc,stats    ] Pause Init Mark (G)                3841 us
[16.558s][info   ][gc,stats    ] Pause Init Mark (N)                 403 us
[16.558s][info   ][gc,stats    ]   Update Region States              181 us
[16.558s][info   ][gc,stats    ] Concurrent Mark Roots              3062 us, parallelism: 0.84x
[16.558s][info   ][gc,stats    ]   CMR: <total>                     2571 us
[16.558s][info   ][gc,stats    ]   CMR: Thread Roots                2481 us, workers (us): 2481, ---, 
[16.558s][info   ][gc,stats    ]   CMR: VM Strong Roots               12 us, workers (us):  12, ---, 
[16.558s][info   ][gc,stats    ]   CMR: CLDG Roots                    78 us, workers (us):  78, ---, 
[16.558s][info   ][gc,stats    ] Concurrent Marking                18832 us
[16.558s][info   ][gc,stats    ] Pause Final Mark (G)               4308 us
[16.559s][info   ][gc,stats    ] Pause Final Mark (N)                362 us
[16.559s][info   ][gc,stats    ]   Finish Mark                        86 us
[16.559s][info   ][gc,stats    ]   Update Region States               83 us
[16.559s][info   ][gc,stats    ]   Choose Collection Set             112 us
[16.559s][info   ][gc,stats    ]   Rebuild Free Set                   10 us
[16.559s][info   ][gc,stats    ] Concurrent Weak References          371 us, parallelism: 0.05x
[16.559s][info   ][gc,stats    ]   CWRF: <total>                      17 us
[16.559s][info   ][gc,stats    ]   CWRF: Weak References              17 us, workers (us):  17, ---, 
[16.559s][info   ][gc,stats    ] Concurrent Weak Roots              6950 us
[16.559s][info   ][gc,stats    ]   Roots                            2186 us, parallelism: 0.07x
[16.559s][info   ][gc,stats    ]     CWR: <total>                    161 us
[16.559s][info   ][gc,stats    ]     CWR: Code Cache Roots            87 us, workers (us):  87, ---, 
[16.559s][info   ][gc,stats    ]     CWR: VM Weak Roots               70 us, workers (us):  70, ---, 
[16.559s][info   ][gc,stats    ]     CWR: CLDG Roots                   4 us, workers (us):   4, ---, 
[16.559s][info   ][gc,stats    ]   Rendezvous                       3815 us
[16.559s][info   ][gc,stats    ] Concurrent Cleanup                 1657 us
[16.559s][info   ][gc,stats    ] Concurrent Class Unloading        11685 us
[16.559s][info   ][gc,stats    ]   Unlink Stale                      802 us
[16.559s][info   ][gc,stats    ]     System Dictionary                22 us
[16.559s][info   ][gc,stats    ]     Weak Class Links                  2 us
[16.559s][info   ][gc,stats    ]     Code Roots                      766 us
[16.559s][info   ][gc,stats    ]   Rendezvous                       7879 us
[16.559s][info   ][gc,stats    ]   Purge Unlinked                   2677 us
[16.559s][info   ][gc,stats    ]     Code Roots                     2531 us
[16.559s][info   ][gc,stats    ]     CLDG                            140 us
[16.559s][info   ][gc,stats    ]     Exception Caches                  2 us
[16.559s][info   ][gc,stats    ] Pause Final Roots (G)              3937 us
[16.559s][info   ][gc,stats    ] Pause Final Roots (N)                41 us
[16.559s][info   ][gc,stats    ] 
[16.559s][info   ][gc,stats    ] Allocation pacing accrued:
[16.559s][info   ][gc,stats    ]       0 of    75 ms (  0.0%): <total>
[16.559s][info   ][gc,stats    ]       0 of    75 ms (  0.0%): <average total>
[16.559s][info   ][gc,stats    ] 
[16.559s][info   ][gc,metaspace] Metaspace: 213K(448K)->213K(448K) NonClass: 204K(320K)->204K(320K) Class: 9K(128K)->9K(128K)
[16.559s][info   ][gc,ergo     ] Pacer for Idle. Initial: 41943K, Alloc Tax Rate: 1.0x
[16.560s][info   ][gc          ] Trigger: Average GC time (74.47 ms) is above the time for average allocation rate (14285 MB/s) to deplete free headroom (1003M) (margin of error = 1.97)
[16.560s][info   ][gc,ergo     ] Free headroom: 1106M (free) - 102M (spike) - 0B (penalties) = 1003M
[16.560s][info   ][gc,ergo     ] Free: 1106M, Max: 1024K regular, 692M humongous, Frag: 38% external, 0% internal; Reserve: 103M, Max: 1024K
[16.560s][info   ][gc,start    ] GC(240) Concurrent reset
[16.560s][info   ][gc,task     ] GC(240) Using 1 of 2 workers for concurrent reset
[16.560s][info   ][gc,ergo     ] GC(240) Pacer for Reset. Non-Taxable: 2048M
[16.562s][info   ][gc          ] GC(240) Concurrent reset 1.538ms
[16.563s][info   ][gc,start    ] GC(240) Pause Init Mark (unload classes)
[16.563s][info   ][gc,task     ] GC(240) Using 2 of 2 workers for init marking
[16.563s][info   ][gc,ergo     ] GC(240) Pacer for Mark. Expected Live: 41099K, Free: 1088M, Non-Taxable: 108M, Alloc Tax Rate: 0.0x
[16.563s][info   ][gc          ] GC(240) Pause Init Mark (unload classes) 0.111ms
[16.563s][info   ][gc,start    ] GC(240) Concurrent marking roots
[16.563s][info   ][gc,task     ] GC(240) Using 1 of 2 workers for concurrent marking roots
[16.570s][info   ][gc          ] GC(240) Concurrent marking roots 7.115ms
[16.570s][info   ][gc,start    ] GC(240) Concurrent marking (unload classes)
[16.570s][info   ][gc,task     ] GC(240) Using 1 of 2 workers for concurrent marking
[16.572s][info   ][gc          ] GC(240) Concurrent marking (unload classes) 1.655ms
[16.572s][info   ][gc,start    ] GC(240) Pause Final Mark (unload classes)
[16.572s][info   ][gc,task     ] GC(240) Using 2 of 2 workers for final marking
[16.572s][info   ][gc,ergo     ] GC(240) Collectable Garbage: 353M (98%), Immediate: 353M (98%), CSet: 0B (0%)
[16.572s][info   ][gc          ] GC(240) Pause Final Mark (unload classes) 0.324ms
[16.572s][info   ][gc,start    ] GC(240) Concurrent weak references
[16.572s][info   ][gc,task     ] GC(240) Using 1 of 2 workers for concurrent weak references
[16.572s][info   ][gc,ref      ] GC(240) Encountered references: Soft: 7, Weak: 37, Final: 0, Phantom: 5
[16.572s][info   ][gc,ref      ] GC(240) Discovered  references: Soft: 0, Weak: 11, Final: 0, Phantom: 5
[16.572s][info   ][gc,ref      ] GC(240) Enqueued    references: Soft: 0, Weak: 0, Final: 0, Phantom: 0
[16.572s][info   ][gc          ] GC(240) Concurrent weak references 0.066ms
[16.573s][info   ][gc,start    ] GC(240) Concurrent weak roots
[16.573s][info   ][gc,task     ] GC(240) Using 1 of 2 workers for concurrent weak root
[16.573s][info   ][gc          ] GC(240) Concurrent weak roots 0.200ms
[16.573s][info   ][gc,start    ] GC(240) Concurrent cleanup
[16.573s][info   ][gc          ] GC(240) Concurrent cleanup 485M->136M(2048M) 0.502ms
[16.573s][info   ][gc,ergo     ] GC(240) Free: 1678M, Max: 1024K regular, 692M humongous, Frag: 59% external, 0% internal; Reserve: 103M, Max: 1024K
[16.573s][info   ][gc,start    ] GC(240) Concurrent class unloading
[16.573s][info   ][gc,task     ] GC(240) Using 1 of 2 workers for concurrent class unloading
[16.583s][info   ][gc          ] GC(240) Concurrent class unloading 9.210ms
[16.584s][info   ][gc,start    ] GC(240) Pause Final Roots
[16.584s][info   ][gc          ] GC(240) Pause Final Roots 0.046ms
[16.594s][info   ][gc,ergo     ] Free: 1414M, Max: 1024K regular, 692M humongous, Frag: 52% external, 0% internal; Reserve: 103M, Max: 1024K
[16.594s][info   ][gc,stats    ] 
[16.594s][info   ][gc,stats    ] All times are wall-clock times, except per-root-class counters, that are sum over
[16.594s][info   ][gc,stats    ] all workers. Dividing the <total> over the root stage time estimates parallelism.
[16.594s][info   ][gc,stats    ] 
[16.594s][info   ][gc,stats    ] Concurrent Reset                   1592 us
[16.594s][info   ][gc,stats    ] Pause Init Mark (G)                1469 us
[16.594s][info   ][gc,stats    ] Pause Init Mark (N)                 120 us
[16.594s][info   ][gc,stats    ]   Update Region States               48 us
[16.594s][info   ][gc,stats    ] Concurrent Mark Roots              7265 us, parallelism: 0.95x
[16.594s][info   ][gc,stats    ]   CMR: <total>                     6897 us
[16.594s][info   ][gc,stats    ]   CMR: Thread Roots                6850 us, workers (us): 6850, ---, 
[16.594s][info   ][gc,stats    ]   CMR: VM Strong Roots                8 us, workers (us):   8, ---, 
[16.594s][info   ][gc,stats    ]   CMR: CLDG Roots                    38 us, workers (us):  38, ---, 
[16.594s][info   ][gc,stats    ] Concurrent Marking                 1678 us
[16.594s][info   ][gc,stats    ] Pause Final Mark (G)                383 us
[16.594s][info   ][gc,stats    ] Pause Final Mark (N)                332 us
[16.594s][info   ][gc,stats    ]   Finish Mark                        98 us
[16.594s][info   ][gc,stats    ]   Update Region States              104 us
[16.594s][info   ][gc,stats    ]   Choose Collection Set              89 us
[16.594s][info   ][gc,stats    ]   Rebuild Free Set                   10 us
[16.594s][info   ][gc,stats    ] Concurrent Weak References           73 us, parallelism: 0.04x
[16.594s][info   ][gc,stats    ]   CWRF: <total>                       3 us
[16.594s][info   ][gc,stats    ]   CWRF: Weak References               3 us, workers (us):   3, ---, 
[16.594s][info   ][gc,stats    ] Concurrent Weak Roots               212 us
[16.594s][info   ][gc,stats    ]   Roots                             143 us, parallelism: 0.43x
[16.594s][info   ][gc,stats    ]     CWR: <total>                     61 us
[16.594s][info   ][gc,stats    ]     CWR: Code Cache Roots            33 us, workers (us):  33, ---, 
[16.594s][info   ][gc,stats    ]     CWR: VM Weak Roots               27 us, workers (us):  27, ---, 
[16.594s][info   ][gc,stats    ]     CWR: CLDG Roots                   2 us, workers (us):   2, ---, 
[16.594s][info   ][gc,stats    ]   Rendezvous                         41 us
[16.594s][info   ][gc,stats    ] Concurrent Cleanup                  514 us
[16.594s][info   ][gc,stats    ] Concurrent Class Unloading         9362 us
[16.594s][info   ][gc,stats    ]   Unlink Stale                      317 us
[16.594s][info   ][gc,stats    ]     System Dictionary                 8 us
[16.594s][info   ][gc,stats    ]     Weak Class Links                  2 us
[16.594s][info   ][gc,stats    ]     Code Roots                      304 us
[16.594s][info   ][gc,stats    ]   Rendezvous                        653 us
[16.594s][info   ][gc,stats    ]   Purge Unlinked                   8202 us
[16.594s][info   ][gc,stats    ]     Code Roots                     8163 us
[16.594s][info   ][gc,stats    ]     CLDG                             32 us
[16.594s][info   ][gc,stats    ]     Exception Caches                  1 us
[16.594s][info   ][gc,stats    ] Pause Final Roots (G)              5047 us
[16.594s][info   ][gc,stats    ] Pause Final Roots (N)                57 us
[16.594s][info   ][gc,stats    ] Pacing                            24382 us
[16.594s][info   ][gc,stats    ] 
[16.594s][info   ][gc,stats    ] Allocation pacing accrued:
[16.594s][info   ][gc,stats    ]       5 of    36 ms ( 14.7%): Thread-1
[16.594s][info   ][gc,stats    ]       4 of    36 ms ( 12.5%): Thread-2
[16.594s][info   ][gc,stats    ]       3 of    36 ms (  8.9%): Thread-3
[16.594s][info   ][gc,stats    ]       5 of    36 ms ( 13.9%): Thread-4
[16.594s][info   ][gc,stats    ]       3 of    36 ms (  9.0%): Thread-6
[16.594s][info   ][gc,stats    ]       3 of    36 ms (  9.4%): Thread-7
[16.594s][info   ][gc,stats    ]      24 of    36 ms ( 68.4%): <total>
[16.594s][info   ][gc,stats    ]       1 of    36 ms (  3.6%): <average total>
[16.594s][info   ][gc,stats    ]       4 of    36 ms ( 11.4%): <average non-zero>
[16.594s][info   ][gc,stats    ] 
[16.594s][info   ][gc,metaspace] Metaspace: 213K(448K)->213K(448K) NonClass: 204K(320K)->204K(320K) Class: 9K(128K)->9K(128K)
[16.594s][info   ][gc,ergo     ] Pacer for Idle. Initial: 41943K, Alloc Tax Rate: 1.0x
[16.618s][info   ][gc          ] Trigger: Average GC time (70.60 ms) is above the time for average allocation rate (14282 MB/s) to deplete free headroom (999M) (margin of error = 1.96)
[16.618s][info   ][gc,ergo     ] Free headroom: 1102M (free) - 102M (spike) - 0B (penalties) = 999M
[16.618s][info   ][gc,ergo     ] Free: 1096M, Max: 1024K regular, 692M humongous, Frag: 37% external, 0% internal; Reserve: 103M, Max: 1024K
[16.618s][info   ][gc,start    ] GC(241) Concurrent reset
[16.618s][info   ][gc,task     ] GC(241) Using 1 of 2 workers for concurrent reset
[16.618s][info   ][gc,ergo     ] GC(241) Pacer for Reset. Non-Taxable: 2048M
[16.625s][info   ][gc          ] GC(241) Concurrent reset 6.829ms
[16.626s][info   ][gc,start    ] GC(241) Pause Init Mark (unload classes)
[16.626s][info   ][gc,task     ] GC(241) Using 2 of 2 workers for init marking
[16.626s][info   ][gc,ergo     ] GC(241) Pacer for Mark. Expected Live: 51134K, Free: 1022M, Non-Taxable: 102M, Alloc Tax Rate: 0.1x
[16.626s][info   ][gc          ] GC(241) Pause Init Mark (unload classes) 0.228ms
[16.626s][info   ][gc,start    ] GC(241) Concurrent marking roots
[16.626s][info   ][gc,task     ] GC(241) Using 1 of 2 workers for concurrent marking roots
[16.627s][info   ][gc          ] GC(241) Concurrent marking roots 0.543ms
[16.627s][info   ][gc,start    ] GC(241) Concurrent marking (unload classes)
[16.627s][info   ][gc,task     ] GC(241) Using 1 of 2 workers for concurrent marking
[16.641s][info   ][gc          ] GC(241) Concurrent marking (unload classes) 14.291ms
[16.645s][info   ][gc,start    ] GC(241) Pause Final Mark (unload classes)
[16.645s][info   ][gc,task     ] GC(241) Using 2 of 2 workers for final marking
[16.646s][info   ][gc,ergo     ] GC(241) Collectable Garbage: 398M (98%), Immediate: 398M (98%), CSet: 0B (0%)
[16.646s][info   ][gc          ] GC(241) Pause Final Mark (unload classes) 0.594ms
[16.655s][info   ][gc,start    ] GC(241) Concurrent weak references
[16.655s][info   ][gc,task     ] GC(241) Using 1 of 2 workers for concurrent weak references
[16.656s][info   ][gc,ref      ] GC(241) Encountered references: Soft: 7, Weak: 37, Final: 0, Phantom: 5
[16.656s][info   ][gc,ref      ] GC(241) Discovered  references: Soft: 0, Weak: 11, Final: 0, Phantom: 5
[16.656s][info   ][gc,ref      ] GC(241) Enqueued    references: Soft: 0, Weak: 0, Final: 0, Phantom: 0
[16.656s][info   ][gc          ] GC(241) Concurrent weak references 0.724ms
[16.656s][info   ][gc,start    ] GC(241) Concurrent weak roots
[16.656s][info   ][gc,task     ] GC(241) Using 1 of 2 workers for concurrent weak root
[16.666s][info   ][gc          ] GC(241) Concurrent weak roots 10.104ms
[16.666s][info   ][gc,start    ] GC(241) Concurrent cleanup
[16.667s][info   ][gc          ] GC(241) Concurrent cleanup 706M->312M(2048M) 1.032ms
[16.667s][info   ][gc,ergo     ] GC(241) Free: 1326M, Max: 1024K regular, 532M humongous, Frag: 60% external, 0% internal; Reserve: 103M, Max: 1024K
[16.667s][info   ][gc,start    ] GC(241) Concurrent class unloading
[16.667s][info   ][gc,task     ] GC(241) Using 1 of 2 workers for concurrent class unloading
[16.674s][info   ][gc          ] GC(241) Concurrent class unloading 6.348ms
[16.675s][info   ][gc,start    ] GC(241) Pause Final Roots
[16.675s][info   ][gc          ] GC(241) Pause Final Roots 0.053ms
[16.676s][info   ][gc,ergo     ] Free: 1220M, Max: 1024K regular, 532M humongous, Frag: 57% external, 0% internal; Reserve: 103M, Max: 1024K
[16.677s][info   ][gc,stats    ] 
[16.677s][info   ][gc,stats    ] All times are wall-clock times, except per-root-class counters, that are sum over
[16.677s][info   ][gc,stats    ] all workers. Dividing the <total> over the root stage time estimates parallelism.
[16.677s][info   ][gc,stats    ] 
[16.677s][info   ][gc,stats    ] Concurrent Reset                   7060 us
[16.677s][info   ][gc,stats    ] Pause Init Mark (G)                1228 us
[16.677s][info   ][gc,stats    ] Pause Init Mark (N)                 240 us
[16.677s][info   ][gc,stats    ]   Update Region States              140 us
[16.677s][info   ][gc,stats    ] Concurrent Mark Roots               563 us, parallelism: 0.65x
[16.677s][info   ][gc,stats    ]   CMR: <total>                      363 us
[16.677s][info   ][gc,stats    ]   CMR: Thread Roots                 290 us, workers (us): 290, ---, 
[16.677s][info   ][gc,stats    ]   CMR: VM Strong Roots               10 us, workers (us):  10, ---, 
[16.677s][info   ][gc,stats    ]   CMR: CLDG Roots                    64 us, workers (us):  64, ---, 
[16.677s][info   ][gc,stats    ] Concurrent Marking                14555 us
[16.677s][info   ][gc,stats    ] Pause Final Mark (G)              13384 us
[16.677s][info   ][gc,stats    ] Pause Final Mark (N)                607 us
[16.677s][info   ][gc,stats    ]   Finish Mark                       136 us
[16.677s][info   ][gc,stats    ]   Update Region States              157 us
[16.677s][info   ][gc,stats    ]   Choose Collection Set             156 us
[16.677s][info   ][gc,stats    ]   Rebuild Free Set                   11 us
[16.677s][info   ][gc,stats    ] Concurrent Weak References          745 us, parallelism: 0.02x
[16.677s][info   ][gc,stats    ]   CWRF: <total>                      15 us
[16.677s][info   ][gc,stats    ]   CWRF: Weak References              15 us, workers (us):  15, ---, 
[16.677s][info   ][gc,stats    ] Concurrent Weak Roots             10304 us
[16.677s][info   ][gc,stats    ]   Roots                            4917 us, parallelism: 0.05x
[16.677s][info   ][gc,stats    ]     CWR: <total>                    226 us
[16.677s][info   ][gc,stats    ]     CWR: Code Cache Roots           113 us, workers (us): 113, ---, 
[16.677s][info   ][gc,stats    ]     CWR: VM Weak Roots              110 us, workers (us): 110, ---, 
[16.677s][info   ][gc,stats    ]     CWR: CLDG Roots                   4 us, workers (us):   4, ---, 
[16.677s][info   ][gc,stats    ]   Rendezvous                       5143 us
[16.677s][info   ][gc,stats    ] Concurrent Cleanup                 1084 us
[16.677s][info   ][gc,stats    ] Concurrent Class Unloading         6584 us
[16.677s][info   ][gc,stats    ]   Unlink Stale                     2066 us
[16.677s][info   ][gc,stats    ]     System Dictionary                15 us
[16.677s][info   ][gc,stats    ]     Weak Class Links                  1 us
[16.677s][info   ][gc,stats    ]     Code Roots                     2043 us
[16.677s][info   ][gc,stats    ]   Rendezvous                       2992 us
[16.677s][info   ][gc,stats    ]   Purge Unlinked                   1236 us
[16.677s][info   ][gc,stats    ]     Code Roots                     1180 us
[16.677s][info   ][gc,stats    ]     CLDG                             50 us
[16.677s][info   ][gc,stats    ]     Exception Caches                  2 us
[16.677s][info   ][gc,stats    ] Pause Final Roots (G)              2516 us
[16.677s][info   ][gc,stats    ] Pause Final Roots (N)                70 us
[16.677s][info   ][gc,stats    ] 
[16.677s][info   ][gc,stats    ] Allocation pacing accrued:
[16.677s][info   ][gc,stats    ]       0 of    83 ms (  0.0%): <total>
[16.677s][info   ][gc,stats    ]       0 of    83 ms (  0.0%): <average total>
[16.677s][info   ][gc,stats    ] 
[16.677s][info   ][gc,metaspace] Metaspace: 213K(448K)->213K(448K) NonClass: 204K(320K)->204K(320K) Class: 9K(128K)->9K(128K)
[16.677s][info   ][gc,ergo     ] Pacer for Idle. Initial: 41943K, Alloc Tax Rate: 1.0x
[16.679s][info   ][gc          ] Trigger: Average GC time (76.60 ms) is above the time for average allocation rate (14286 MB/s) to deplete free headroom (1081M) (margin of error = 1.97)
[16.679s][info   ][gc,ergo     ] Free headroom: 1184M (free) - 102M (spike) - 0B (penalties) = 1081M
[16.679s][info   ][gc,ergo     ] Free: 1182M, Max: 1024K regular, 532M humongous, Frag: 55% external, 0% internal; Reserve: 103M, Max: 1024K
[16.679s][info   ][gc,start    ] GC(242) Concurrent reset
[16.679s][info   ][gc,task     ] GC(242) Using 1 of 2 workers for concurrent reset
[16.679s][info   ][gc,ergo     ] GC(242) Pacer for Reset. Non-Taxable: 2048M
[16.684s][info   ][gc          ] GC(242) Concurrent reset 5.747ms
[16.685s][info   ][gc,start    ] GC(242) Pause Init Mark (unload classes)
[16.685s][info   ][gc,task     ] GC(242) Using 2 of 2 workers for init marking
[16.686s][info   ][gc,ergo     ] GC(242) Pacer for Mark. Expected Live: 57688K, Free: 1100M, Non-Taxable: 110M, Alloc Tax Rate: 0.1x
[16.686s][info   ][gc          ] GC(242) Pause Init Mark (unload classes) 0.193ms
[16.686s][info   ][gc,start    ] GC(242) Concurrent marking roots
[16.686s][info   ][gc,task     ] GC(242) Using 1 of 2 workers for concurrent marking roots
[16.688s][info   ][gc          ] GC(242) Concurrent marking roots 2.829ms
[16.689s][info   ][gc,start    ] GC(242) Concurrent marking (unload classes)
[16.689s][info   ][gc,task     ] GC(242) Using 1 of 2 workers for concurrent marking
[16.709s][info   ][gc          ] GC(242) Concurrent marking (unload classes) 20.575ms
[16.710s][info   ][gc,start    ] GC(242) Pause Final Mark (unload classes)
[16.710s][info   ][gc,task     ] GC(242) Using 2 of 2 workers for final marking
[16.711s][info   ][gc,ergo     ] GC(242) Collectable Garbage: 372M (98%), Immediate: 372M (98%), CSet: 0B (0%)
[16.711s][info   ][gc          ] GC(242) Pause Final Mark (unload classes) 0.546ms
[16.713s][info   ][gc,start    ] GC(242) Concurrent weak references
[16.713s][info   ][gc,task     ] GC(242) Using 1 of 2 workers for concurrent weak references
[16.714s][info   ][gc,ref      ] GC(242) Encountered references: Soft: 7, Weak: 37, Final: 0, Phantom: 5
[16.714s][info   ][gc,ref      ] GC(242) Discovered  references: Soft: 0, Weak: 11, Final: 0, Phantom: 5
[16.714s][info   ][gc,ref      ] GC(242) Enqueued    references: Soft: 0, Weak: 0, Final: 0, Phantom: 0
[16.714s][info   ][gc          ] GC(242) Concurrent weak references 0.188ms
[16.714s][info   ][gc,start    ] GC(242) Concurrent weak roots
[16.714s][info   ][gc,task     ] GC(242) Using 1 of 2 workers for concurrent weak root
[16.721s][info   ][gc          ] GC(242) Concurrent weak roots 7.412ms
[16.721s][info   ][gc,start    ] GC(242) Concurrent cleanup
[16.722s][info   ][gc          ] GC(242) Concurrent cleanup 676M->308M(2048M) 0.668ms
[16.722s][info   ][gc,ergo     ] GC(242) Free: 1334M, Max: 1024K regular, 540M humongous, Frag: 60% external, 0% internal; Reserve: 103M, Max: 1024K
[16.722s][info   ][gc,start    ] GC(242) Concurrent class unloading
[16.722s][info   ][gc,task     ] GC(242) Using 1 of 2 workers for concurrent class unloading
[16.729s][info   ][gc          ] GC(242) Concurrent class unloading 7.041ms
[16.730s][info   ][gc,start    ] GC(242) Pause Final Roots
[16.730s][info   ][gc          ] GC(242) Pause Final Roots 0.019ms
[16.732s][info   ][gc,ergo     ] Free: 1202M, Max: 1024K regular, 540M humongous, Frag: 56% external, 0% internal; Reserve: 103M, Max: 1024K
[16.732s][info   ][gc,stats    ] 
[16.732s][info   ][gc,stats    ] All times are wall-clock times, except per-root-class counters, that are sum over
[16.732s][info   ][gc,stats    ] all workers. Dividing the <total> over the root stage time estimates parallelism.
[16.732s][info   ][gc,stats    ] 
[16.732s][info   ][gc,stats    ] Concurrent Reset                   5872 us
[16.732s][info   ][gc,stats    ] Pause Init Mark (G)                1086 us
[16.732s][info   ][gc,stats    ] Pause Init Mark (N)                 203 us
[16.732s][info   ][gc,stats    ]   Update Region States               94 us
[16.732s][info   ][gc,stats    ] Concurrent Mark Roots              2944 us, parallelism: 0.82x
[16.732s][info   ][gc,stats    ]   CMR: <total>                     2422 us
[16.732s][info   ][gc,stats    ]   CMR: Thread Roots                2383 us, workers (us): 2383, ---, 
[16.732s][info   ][gc,stats    ]   CMR: VM Strong Roots                7 us, workers (us):   7, ---, 
[16.732s][info   ][gc,stats    ]   CMR: CLDG Roots                    32 us, workers (us):  32, ---, 
[16.732s][info   ][gc,stats    ] Concurrent Marking                20766 us
[16.732s][info   ][gc,stats    ] Pause Final Mark (G)               3992 us
[16.732s][info   ][gc,stats    ] Pause Final Mark (N)                555 us
[16.732s][info   ][gc,stats    ]   Finish Mark                       292 us
[16.732s][info   ][gc,stats    ]   Update Region States               78 us
[16.732s][info   ][gc,stats    ]   Choose Collection Set             117 us
[16.732s][info   ][gc,stats    ]   Rebuild Free Set                   10 us
[16.732s][info   ][gc,stats    ] Concurrent Weak References          200 us, parallelism: 0.07x
[16.732s][info   ][gc,stats    ]   CWRF: <total>                      14 us
[16.732s][info   ][gc,stats    ]   CWRF: Weak References              14 us, workers (us):  14, ---, 
[16.732s][info   ][gc,stats    ] Concurrent Weak Roots              7654 us
[16.732s][info   ][gc,stats    ]   Roots                             231 us, parallelism: 0.80x
[16.732s][info   ][gc,stats    ]     CWR: <total>                    185 us
[16.732s][info   ][gc,stats    ]     CWR: Code Cache Roots           100 us, workers (us): 100, ---, 
[16.732s][info   ][gc,stats    ]     CWR: VM Weak Roots               80 us, workers (us):  80, ---, 
[16.732s][info   ][gc,stats    ]     CWR: CLDG Roots                   5 us, workers (us):   5, ---, 
[16.732s][info   ][gc,stats    ]   Rendezvous                       7154 us
[16.732s][info   ][gc,stats    ] Concurrent Cleanup                  690 us
[16.732s][info   ][gc,stats    ] Concurrent Class Unloading         7632 us
[16.732s][info   ][gc,stats    ]   Unlink Stale                     3264 us
[16.732s][info   ][gc,stats    ]     System Dictionary                16 us
[16.732s][info   ][gc,stats    ]     Weak Class Links                  2 us
[16.732s][info   ][gc,stats    ]     Code Roots                     3238 us
[16.732s][info   ][gc,stats    ]   Rendezvous                       3636 us
[16.732s][info   ][gc,stats    ]   Purge Unlinked                    110 us
[16.732s][info   ][gc,stats    ]     Code Roots                       75 us
[16.732s][info   ][gc,stats    ]     CLDG                             31 us
[16.732s][info   ][gc,stats    ]     Exception Caches                  1 us
[16.732s][info   ][gc,stats    ] Pause Final Roots (G)              2061 us
[16.732s][info   ][gc,stats    ] Pause Final Roots (N)                27 us
[16.732s][info   ][gc,stats    ] 
[16.732s][info   ][gc,stats    ] Allocation pacing accrued:
[16.732s][info   ][gc,stats    ]       0 of    55 ms (  0.0%): <total>
[16.732s][info   ][gc,stats    ]       0 of    55 ms (  0.0%): <average total>
[16.732s][info   ][gc,stats    ] 
[16.732s][info   ][gc,metaspace] Metaspace: 213K(448K)->213K(448K) NonClass: 204K(320K)->204K(320K) Class: 9K(128K)->9K(128K)
[16.732s][info   ][gc,ergo     ] Pacer for Idle. Initial: 41943K, Alloc Tax Rate: 1.0x
[16.739s][info   ][gc          ] Trigger: Average GC time (70.76 ms) is above the time for average allocation rate (14289 MB/s) to deplete free headroom (1007M) (margin of error = 1.97)
[16.739s][info   ][gc,ergo     ] Free headroom: 1110M (free) - 102M (spike) - 0B (penalties) = 1007M
[16.739s][info   ][gc,ergo     ] Free: 1106M, Max: 1024K regular, 540M humongous, Frag: 52% external, 0% internal; Reserve: 103M, Max: 1024K
[16.739s][info   ][gc,start    ] GC(243) Concurrent reset
[16.739s][info   ][gc,task     ] GC(243) Using 1 of 2 workers for concurrent reset
[16.739s][info   ][gc,ergo     ] GC(243) Pacer for Reset. Non-Taxable: 2048M
[16.740s][info   ][gc          ] GC(243) Concurrent reset 1.154ms
[16.741s][info   ][gc,start    ] GC(243) Pause Init Mark (unload classes)
[16.741s][info   ][gc,task     ] GC(243) Using 2 of 2 workers for init marking
[16.741s][info   ][gc,ergo     ] GC(243) Pacer for Mark. Expected Live: 61784K, Free: 1088M, Non-Taxable: 108M, Alloc Tax Rate: 0.1x
[16.741s][info   ][gc          ] GC(243) Pause Init Mark (unload classes) 0.082ms
[16.741s][info   ][gc,start    ] GC(243) Concurrent marking roots
[16.741s][info   ][gc,task     ] GC(243) Using 1 of 2 workers for concurrent marking roots
[16.741s][info   ][gc          ] GC(243) Concurrent marking roots 0.489ms
[16.741s][info   ][gc,start    ] GC(243) Concurrent marking (unload classes)
[16.741s][info   ][gc,task     ] GC(243) Using 1 of 2 workers for concurrent marking
[16.751s][info   ][gc          ] GC(243) Concurrent marking (unload classes) 9.196ms
[16.752s][info   ][gc,start    ] GC(243) Pause Final Mark (unload classes)
[16.752s][info   ][gc,task     ] GC(243) Using 2 of 2 workers for final marking
[16.753s][info   ][gc,ergo     ] GC(243) Collectable Garbage: 373M (98%), Immediate: 373M (98%), CSet: 0B (0%)
[16.753s][info   ][gc          ] GC(243) Pause Final Mark (unload classes) 1.039ms
[16.753s][info   ][gc,start    ] GC(243) Concurrent weak references
[16.753s][info   ][gc,task     ] GC(243) Using 1 of 2 workers for concurrent weak references
[16.753s][info   ][gc,ref      ] GC(243) Encountered references: Soft: 7, Weak: 37, Final: 0, Phantom: 5
[16.753s][info   ][gc,ref      ] GC(243) Discovered  references: Soft: 0, Weak: 11, Final: 0, Phantom: 5
[16.753s][info   ][gc,ref      ] GC(243) Enqueued    references: Soft: 0, Weak: 0, Final: 0, Phantom: 0
[16.753s][info   ][gc          ] GC(243) Concurrent weak references 0.093ms
[16.753s][info   ][gc,start    ] GC(243) Concurrent weak roots
[16.753s][info   ][gc,task     ] GC(243) Using 1 of 2 workers for concurrent weak root
[16.807s][info   ][gc          ] GC(243) Concurrent weak roots 54.205ms
[16.807s][info   ][gc,start    ] GC(243) Concurrent cleanup
[16.808s][info   ][gc          ] GC(243) Concurrent cleanup 849M->481M(2048M) 0.718ms
[16.808s][info   ][gc,ergo     ] GC(243) Free: 988M, Max: 1024K regular, 288M humongous, Frag: 71% external, 0% internal; Reserve: 103M, Max: 1024K
[16.808s][info   ][gc,start    ] GC(243) Concurrent class unloading
[16.808s][info   ][gc,task     ] GC(243) Using 1 of 2 workers for concurrent class unloading
[16.812s][info   ][gc          ] GC(243) Concurrent class unloading 3.652ms
[16.812s][info   ][gc,start    ] GC(243) Pause Final Roots
[16.812s][info   ][gc          ] GC(243) Pause Final Roots 0.029ms
[16.812s][info   ][gc,ergo     ] Free: 950M, Max: 1024K regular, 288M humongous, Frag: 70% external, 0% internal; Reserve: 103M, Max: 1024K
[16.812s][info   ][gc,stats    ] 
[16.812s][info   ][gc,stats    ] All times are wall-clock times, except per-root-class counters, that are sum over
[16.812s][info   ][gc,stats    ] all workers. Dividing the <total> over the root stage time estimates parallelism.
[16.812s][info   ][gc,stats    ] 
[16.812s][info   ][gc,stats    ] Concurrent Reset                   1195 us
[16.812s][info   ][gc,stats    ] Pause Init Mark (G)                 939 us
[16.812s][info   ][gc,stats    ] Pause Init Mark (N)                  92 us
[16.812s][info   ][gc,stats    ]   Update Region States               32 us
[16.812s][info   ][gc,stats    ] Concurrent Mark Roots               510 us, parallelism: 0.78x
[16.812s][info   ][gc,stats    ]   CMR: <total>                      396 us
[16.812s][info   ][gc,stats    ]   CMR: Thread Roots                 324 us, workers (us): 324, ---, 
[16.812s][info   ][gc,stats    ]   CMR: VM Strong Roots                9 us, workers (us):   9, ---, 
[16.812s][info   ][gc,stats    ]   CMR: CLDG Roots                    63 us, workers (us):  63, ---, 
[16.812s][info   ][gc,stats    ] Concurrent Marking                 9350 us
[16.812s][info   ][gc,stats    ] Pause Final Mark (G)               2132 us
[16.812s][info   ][gc,stats    ] Pause Final Mark (N)               1050 us
[16.812s][info   ][gc,stats    ]   Finish Mark                       727 us
[16.812s][info   ][gc,stats    ]   Update Region States              173 us
[16.812s][info   ][gc,stats    ]   Choose Collection Set              88 us
[16.812s][info   ][gc,stats    ]   Rebuild Free Set                   10 us
[16.812s][info   ][gc,stats    ] Concurrent Weak References          101 us, parallelism: 0.14x
[16.812s][info   ][gc,stats    ]   CWRF: <total>                      14 us
[16.812s][info   ][gc,stats    ]   CWRF: Weak References              14 us, workers (us):  14, ---, 
[16.812s][info   ][gc,stats    ] Concurrent Weak Roots             54374 us
[16.812s][info   ][gc,stats    ]   Roots                             245 us, parallelism: 0.83x
[16.812s][info   ][gc,stats    ]     CWR: <total>                    203 us
[16.812s][info   ][gc,stats    ]     CWR: Code Cache Roots           106 us, workers (us): 106, ---, 
[16.813s][info   ][gc,stats    ]     CWR: VM Weak Roots               93 us, workers (us):  93, ---, 
[16.813s][info   ][gc,stats    ]     CWR: CLDG Roots                   4 us, workers (us):   4, ---, 
[16.813s][info   ][gc,stats    ]   Rendezvous                      53914 us
[16.813s][info   ][gc,stats    ] Concurrent Cleanup                  795 us
[16.813s][info   ][gc,stats    ] Concurrent Class Unloading         3701 us
[16.813s][info   ][gc,stats    ]   Unlink Stale                     3332 us
[16.813s][info   ][gc,stats    ]     System Dictionary                15 us
[16.813s][info   ][gc,stats    ]     Weak Class Links                  1 us
[16.813s][info   ][gc,stats    ]     Code Roots                     3308 us
[16.813s][info   ][gc,stats    ]   Rendezvous                        217 us
[16.813s][info   ][gc,stats    ]   Purge Unlinked                     52 us
[16.813s][info   ][gc,stats    ]     Code Roots                       32 us
[16.813s][info   ][gc,stats    ]     CLDG                             17 us
[16.813s][info   ][gc,stats    ]     Exception Caches                  1 us
[16.813s][info   ][gc,stats    ] Pause Final Roots (G)               163 us
[16.813s][info   ][gc,stats    ] Pause Final Roots (N)                39 us
[16.813s][info   ][gc,stats    ] 
[16.813s][info   ][gc,stats    ] Allocation pacing accrued:
[16.813s][info   ][gc,stats    ]       0 of    80 ms (  0.0%): <total>
[16.813s][info   ][gc,stats    ]       0 of    80 ms (  0.0%): <average total>
[16.813s][info   ][gc,stats    ] 
[16.813s][info   ][gc,metaspace] Metaspace: 213K(448K)->213K(448K) NonClass: 204K(320K)->204K(320K) Class: 9K(128K)->9K(128K)
[16.813s][info   ][gc,ergo     ] Pacer for Idle. Initial: 41943K, Alloc Tax Rate: 1.0x
[16.814s][info   ][gc          ] Trigger: Average GC time (88.43 ms) is above the time for average allocation rate (14298 MB/s) to deplete free headroom (847M) (margin of error = 1.99)
[16.814s][info   ][gc,ergo     ] Free headroom: 950M (free) - 102M (spike) - 0B (penalties) = 847M
[16.814s][info   ][gc,ergo     ] Free: 950M, Max: 1024K regular, 288M humongous, Frag: 70% external, 0% internal; Reserve: 103M, Max: 1024K
[16.814s][info   ][gc,start    ] GC(244) Concurrent reset
[16.814s][info   ][gc,task     ] GC(244) Using 1 of 2 workers for concurrent reset
[16.814s][info   ][gc,ergo     ] GC(244) Pacer for Reset. Non-Taxable: 2048M
[16.815s][info   ][gc          ] GC(244) Concurrent reset 0.410ms
[16.818s][info   ][gc,start    ] GC(244) Pause Init Mark (unload classes)
[16.818s][info   ][gc,task     ] GC(244) Using 2 of 2 workers for init marking
[16.818s][info   ][gc,ergo     ] GC(244) Pacer for Mark. Expected Live: 64241K, Free: 892M, Non-Taxable: 91373K, Alloc Tax Rate: 0.1x
[16.818s][info   ][gc          ] GC(244) Pause Init Mark (unload classes) 0.129ms
[16.824s][info   ][gc,start    ] GC(244) Concurrent marking roots
[16.824s][info   ][gc,task     ] GC(244) Using 1 of 2 workers for concurrent marking roots
[16.825s][info   ][gc          ] GC(244) Concurrent marking roots 0.647ms
[16.825s][info   ][gc,start    ] GC(244) Concurrent marking (unload classes)
[16.825s][info   ][gc,task     ] GC(244) Using 1 of 2 workers for concurrent marking
[16.835s][info   ][gc          ] GC(244) Concurrent marking (unload classes) 10.389ms
[16.835s][info   ][gc,start    ] GC(244) Pause Final Mark (unload classes)
[16.835s][info   ][gc,task     ] GC(244) Using 2 of 2 workers for final marking
[16.836s][info   ][gc,ergo     ] GC(244) Collectable Garbage: 503M (98%), Immediate: 503M (98%), CSet: 0B (0%)
[16.836s][info   ][gc          ] GC(244) Pause Final Mark (unload classes) 0.379ms
[16.836s][info   ][gc,start    ] GC(244) Concurrent weak references
[16.836s][info   ][gc,task     ] GC(244) Using 1 of 2 workers for concurrent weak references
[16.836s][info   ][gc,ref      ] GC(244) Encountered references: Soft: 7, Weak: 37, Final: 0, Phantom: 5
[16.836s][info   ][gc,ref      ] GC(244) Discovered  references: Soft: 0, Weak: 11, Final: 0, Phantom: 5
[16.836s][info   ][gc,ref      ] GC(244) Enqueued    references: Soft: 0, Weak: 0, Final: 0, Phantom: 0
[16.836s][info   ][gc          ] GC(244) Concurrent weak references 0.144ms
[16.836s][info   ][gc,start    ] GC(244) Concurrent weak roots
[16.836s][info   ][gc,task     ] GC(244) Using 1 of 2 workers for concurrent weak root
[16.836s][info   ][gc          ] GC(244) Concurrent weak roots 0.290ms
[16.836s][info   ][gc,start    ] GC(244) Concurrent cleanup
[16.837s][info   ][gc          ] GC(244) Concurrent cleanup 641M->138M(2048M) 0.639ms
[16.837s][info   ][gc,ergo     ] GC(244) Free: 1674M, Max: 1024K regular, 692M humongous, Frag: 59% external, 0% internal; Reserve: 103M, Max: 1024K
[16.837s][info   ][gc,start    ] GC(244) Concurrent class unloading
[16.837s][info   ][gc,task     ] GC(244) Using 1 of 2 workers for concurrent class unloading
[16.838s][info   ][gc          ] GC(244) Concurrent class unloading 0.585ms
[16.838s][info   ][gc,start    ] GC(244) Pause Final Roots
[16.838s][info   ][gc          ] GC(244) Pause Final Roots 0.022ms
[16.838s][info   ][gc,ergo     ] Free: 1672M, Max: 1024K regular, 692M humongous, Frag: 59% external, 0% internal; Reserve: 103M, Max: 1024K
[16.838s][info   ][gc,stats    ] 
[16.838s][info   ][gc,stats    ] All times are wall-clock times, except per-root-class counters, that are sum over
[16.838s][info   ][gc,stats    ] all workers. Dividing the <total> over the root stage time estimates parallelism.
[16.838s][info   ][gc,stats    ] 
[16.838s][info   ][gc,stats    ] Concurrent Reset                    421 us
[16.838s][info   ][gc,stats    ] Pause Init Mark (G)                9527 us
[16.838s][info   ][gc,stats    ] Pause Init Mark (N)                 137 us
[16.838s][info   ][gc,stats    ]   Update Region States               66 us
[16.838s][info   ][gc,stats    ] Concurrent Mark Roots               668 us, parallelism: 0.27x
[16.838s][info   ][gc,stats    ]   CMR: <total>                      181 us
[16.838s][info   ][gc,stats    ]   CMR: Thread Roots                 134 us, workers (us): 134, ---, 
[16.838s][info   ][gc,stats    ]   CMR: VM Strong Roots                8 us, workers (us):   8, ---, 
[16.838s][info   ][gc,stats    ]   CMR: CLDG Roots                    39 us, workers (us):  39, ---, 
[16.838s][info   ][gc,stats    ] Concurrent Marking                10470 us
[16.838s][info   ][gc,stats    ] Pause Final Mark (G)                524 us
[16.838s][info   ][gc,stats    ] Pause Final Mark (N)                418 us
[16.838s][info   ][gc,stats    ]   Finish Mark                        71 us
[16.838s][info   ][gc,stats    ]   Update Region States              108 us
[16.838s][info   ][gc,stats    ]   Choose Collection Set             124 us
[16.838s][info   ][gc,stats    ]   Rebuild Free Set                   12 us
[16.838s][info   ][gc,stats    ] Concurrent Weak References          153 us, parallelism: 0.05x
[16.838s][info   ][gc,stats    ]   CWRF: <total>                       8 us
[16.838s][info   ][gc,stats    ]   CWRF: Weak References               8 us, workers (us):   8, ---, 
[16.838s][info   ][gc,stats    ] Concurrent Weak Roots               306 us
[16.838s][info   ][gc,stats    ]   Roots                             182 us, parallelism: 0.52x
[16.838s][info   ][gc,stats    ]     CWR: <total>                     94 us
[16.838s][info   ][gc,stats    ]     CWR: Code Cache Roots            43 us, workers (us):  43, ---, 
[16.838s][info   ][gc,stats    ]     CWR: VM Weak Roots               48 us, workers (us):  48, ---, 
[16.838s][info   ][gc,stats    ]     CWR: CLDG Roots                   3 us, workers (us):   3, ---, 
[16.838s][info   ][gc,stats    ]   Rendezvous                         88 us
[16.838s][info   ][gc,stats    ] Concurrent Cleanup                  658 us
[16.838s][info   ][gc,stats    ] Concurrent Class Unloading          606 us
[16.838s][info   ][gc,stats    ]   Unlink Stale                      333 us
[16.838s][info   ][gc,stats    ]     System Dictionary                 8 us
[16.838s][info   ][gc,stats    ]     Weak Class Links                  2 us
[16.838s][info   ][gc,stats    ]     Code Roots                      320 us
[16.838s][info   ][gc,stats    ]   Rendezvous                        140 us
[16.838s][info   ][gc,stats    ]   Purge Unlinked                     91 us
[16.838s][info   ][gc,stats    ]     Code Roots                       72 us
[16.838s][info   ][gc,stats    ]     CLDG                             15 us
[16.838s][info   ][gc,stats    ]     Exception Caches                  1 us
[16.838s][info   ][gc,stats    ] Pause Final Roots (G)               145 us
[16.838s][info   ][gc,stats    ] Pause Final Roots (N)                34 us
[16.838s][info   ][gc,stats    ] Pacing                            55570 us
[16.838s][info   ][gc,stats    ] 
[16.838s][info   ][gc,stats    ] Allocation pacing accrued:
[16.838s][info   ][gc,stats    ]       5 of    25 ms ( 18.6%): Thread-0
[16.838s][info   ][gc,stats    ]      11 of    25 ms ( 43.2%): Thread-1
[16.838s][info   ][gc,stats    ]       4 of    25 ms ( 14.2%): Thread-2
[16.838s][info   ][gc,stats    ]      10 of    25 ms ( 39.9%): Thread-3
[16.838s][info   ][gc,stats    ]       5 of    25 ms ( 19.5%): Thread-4
[16.838s][info   ][gc,stats    ]       8 of    25 ms ( 30.5%): Thread-5
[16.838s][info   ][gc,stats    ]       8 of    25 ms ( 32.8%): Thread-6
[16.838s][info   ][gc,stats    ]       5 of    25 ms ( 19.7%): Thread-7
[16.838s][info   ][gc,stats    ]      56 of    25 ms (218.4%): <total>
[16.838s][info   ][gc,stats    ]       3 of    25 ms ( 11.5%): <average total>
[16.838s][info   ][gc,stats    ]       7 of    25 ms ( 27.3%): <average non-zero>
[16.838s][info   ][gc,stats    ] 
[16.838s][info   ][gc,metaspace] Metaspace: 213K(448K)->213K(448K) NonClass: 204K(320K)->204K(320K) Class: 9K(128K)->9K(128K)
[16.838s][info   ][gc,ergo     ] Pacer for Idle. Initial: 41943K, Alloc Tax Rate: 1.0x
[16.868s][info   ][gc          ] Trigger: Average GC time (85.48 ms) is above the time for average allocation rate (14292 MB/s) to deplete free headroom (1177M) (margin of error = 1.98)
[16.869s][info   ][gc,ergo     ] Free headroom: 1280M (free) - 102M (spike) - 0B (penalties) = 1177M
[16.869s][info   ][gc,ergo     ] Free: 1278M, Max: 1024K regular, 692M humongous, Frag: 46% external, 0% internal; Reserve: 103M, Max: 1024K
[16.869s][info   ][gc,start    ] GC(245) Concurrent reset
[16.869s][info   ][gc,task     ] GC(245) Using 1 of 2 workers for concurrent reset
[16.869s][info   ][gc,ergo     ] GC(245) Pacer for Reset. Non-Taxable: 2048M
[16.873s][info   ][gc          ] GC(245) Concurrent reset 4.629ms
[16.874s][info   ][gc,start    ] GC(245) Pause Init Mark (unload classes)
[16.874s][info   ][gc,task     ] GC(245) Using 2 of 2 workers for init marking
[16.874s][info   ][gc,ergo     ] GC(245) Pacer for Mark. Expected Live: 51953K, Free: 1218M, Non-Taxable: 121M, Alloc Tax Rate: 0.1x
[16.874s][info   ][gc          ] GC(245) Pause Init Mark (unload classes) 0.195ms
[16.874s][info   ][gc,start    ] GC(245) Concurrent marking roots
[16.874s][info   ][gc,task     ] GC(245) Using 1 of 2 workers for concurrent marking roots
[16.881s][info   ][gc          ] GC(245) Concurrent marking roots 6.394ms
[16.881s][info   ][gc,start    ] GC(245) Concurrent marking (unload classes)
[16.881s][info   ][gc,task     ] GC(245) Using 1 of 2 workers for concurrent marking
[16.904s][info   ][gc          ] GC(245) Concurrent marking (unload classes) 22.786ms
[16.905s][info   ][gc,start    ] GC(245) Pause Final Mark (unload classes)
[16.905s][info   ][gc,task     ] GC(245) Using 2 of 2 workers for final marking
[16.906s][info   ][gc,ergo     ] GC(245) Collectable Garbage: 345M (98%), Immediate: 345M (98%), CSet: 0B (0%)
[16.906s][info   ][gc          ] GC(245) Pause Final Mark (unload classes) 0.965ms
[16.907s][info   ][gc,start    ] GC(245) Concurrent weak references
[16.907s][info   ][gc,task     ] GC(245) Using 1 of 2 workers for concurrent weak references
[16.907s][info   ][gc,ref      ] GC(245) Encountered references: Soft: 7, Weak: 37, Final: 0, Phantom: 5
[16.907s][info   ][gc,ref      ] GC(245) Discovered  references: Soft: 0, Weak: 11, Final: 0, Phantom: 5
[16.907s][info   ][gc,ref      ] GC(245) Enqueued    references: Soft: 0, Weak: 0, Final: 0, Phantom: 0
[16.907s][info   ][gc          ] GC(245) Concurrent weak references 0.086ms
[16.907s][info   ][gc,start    ] GC(245) Concurrent weak roots
[16.907s][info   ][gc,task     ] GC(245) Using 1 of 2 workers for concurrent weak root
[16.907s][info   ][gc          ] GC(245) Concurrent weak roots 0.268ms
[16.907s][info   ][gc,start    ] GC(245) Concurrent cleanup
[16.908s][info   ][gc          ] GC(245) Concurrent cleanup 580M->235M(2048M) 0.382ms
[16.908s][info   ][gc,ergo     ] GC(245) Free: 1480M, Max: 1024K regular, 692M humongous, Frag: 54% external, 0% internal; Reserve: 103M, Max: 1024K
[16.908s][info   ][gc,start    ] GC(245) Concurrent class unloading
[16.908s][info   ][gc,task     ] GC(245) Using 1 of 2 workers for concurrent class unloading
[16.908s][info   ][gc          ] GC(245) Concurrent class unloading 0.335ms
[16.908s][info   ][gc,start    ] GC(245) Pause Final Roots
[16.908s][info   ][gc          ] GC(245) Pause Final Roots 0.018ms
[16.908s][info   ][gc,ergo     ] Free: 1480M, Max: 1024K regular, 692M humongous, Frag: 54% external, 0% internal; Reserve: 103M, Max: 1024K
[16.908s][info   ][gc,stats    ] 
[16.908s][info   ][gc,stats    ] All times are wall-clock times, except per-root-class counters, that are sum over
[16.908s][info   ][gc,stats    ] all workers. Dividing the <total> over the root stage time estimates parallelism.
[16.908s][info   ][gc,stats    ] 
[16.908s][info   ][gc,stats    ] Concurrent Reset                   4780 us
[16.908s][info   ][gc,stats    ] Pause Init Mark (G)                 730 us
[16.908s][info   ][gc,stats    ] Pause Init Mark (N)                 205 us
[16.908s][info   ][gc,stats    ]   Update Region States              109 us
[16.908s][info   ][gc,stats    ] Concurrent Mark Roots              6545 us, parallelism: 0.18x
[16.908s][info   ][gc,stats    ]   CMR: <total>                     1190 us
[16.908s][info   ][gc,stats    ]   CMR: Thread Roots                1102 us, workers (us): 1102, ---, 
[16.908s][info   ][gc,stats    ]   CMR: VM Strong Roots               23 us, workers (us):  23, ---, 
[16.908s][info   ][gc,stats    ]   CMR: CLDG Roots                    65 us, workers (us):  65, ---, 
[16.908s][info   ][gc,stats    ] Concurrent Marking                22949 us
[16.908s][info   ][gc,stats    ] Pause Final Mark (G)               3411 us
[16.908s][info   ][gc,stats    ] Pause Final Mark (N)               1018 us
[16.908s][info   ][gc,stats    ]   Finish Mark                       699 us
[16.908s][info   ][gc,stats    ]   Update Region States              101 us
[16.908s][info   ][gc,stats    ]   Choose Collection Set              88 us
[16.908s][info   ][gc,stats    ]   Rebuild Free Set                    8 us
[16.908s][info   ][gc,stats    ] Concurrent Weak References           93 us, parallelism: 0.08x
[16.908s][info   ][gc,stats    ]   CWRF: <total>                       8 us
[16.908s][info   ][gc,stats    ]   CWRF: Weak References               8 us, workers (us):   8, ---, 
[16.908s][info   ][gc,stats    ] Concurrent Weak Roots               284 us
[16.908s][info   ][gc,stats    ]   Roots                             162 us, parallelism: 0.45x
[16.908s][info   ][gc,stats    ]     CWR: <total>                     73 us
[16.909s][info   ][gc,stats    ]     CWR: Code Cache Roots            37 us, workers (us):  37, ---, 
[16.909s][info   ][gc,stats    ]     CWR: VM Weak Roots               33 us, workers (us):  33, ---, 
[16.909s][info   ][gc,stats    ]     CWR: CLDG Roots                   3 us, workers (us):   3, ---, 
[16.909s][info   ][gc,stats    ]   Rendezvous                         91 us
[16.909s][info   ][gc,stats    ] Concurrent Cleanup                  389 us
[16.909s][info   ][gc,stats    ] Concurrent Class Unloading          351 us
[16.909s][info   ][gc,stats    ]   Unlink Stale                      153 us
[16.909s][info   ][gc,stats    ]     System Dictionary                 4 us
[16.909s][info   ][gc,stats    ]     Weak Class Links                  1 us
[16.909s][info   ][gc,stats    ]     Code Roots                      146 us
[16.909s][info   ][gc,stats    ]   Rendezvous                         86 us
[16.909s][info   ][gc,stats    ]   Purge Unlinked                     79 us
[16.909s][info   ][gc,stats    ]     Code Roots                       70 us
[16.909s][info   ][gc,stats    ]     CLDG                              6 us
[16.909s][info   ][gc,stats    ]     Exception Caches                  1 us
[16.909s][info   ][gc,stats    ] Pause Final Roots (G)               106 us
[16.909s][info   ][gc,stats    ] Pause Final Roots (N)                27 us
[16.909s][info   ][gc,stats    ] Pacing                            75269 us
[16.909s][info   ][gc,stats    ] 
[16.909s][info   ][gc,stats    ] Allocation pacing accrued:
[16.909s][info   ][gc,stats    ]       4 of    71 ms (  6.3%): Thread-0
[16.909s][info   ][gc,stats    ]      17 of    71 ms ( 24.4%): Thread-1
[16.909s][info   ][gc,stats    ]       8 of    71 ms ( 11.6%): Thread-2
[16.909s][info   ][gc,stats    ]       8 of    71 ms ( 11.2%): Thread-3
[16.909s][info   ][gc,stats    ]       2 of    71 ms (  2.9%): Thread-4
[16.909s][info   ][gc,stats    ]      16 of    71 ms ( 22.1%): Thread-5
[16.909s][info   ][gc,stats    ]      10 of    71 ms ( 13.8%): Thread-6
[16.909s][info   ][gc,stats    ]      10 of    71 ms ( 14.3%): Thread-7
[16.909s][info   ][gc,stats    ]      75 of    71 ms (106.6%): <total>
[16.909s][info   ][gc,stats    ]       4 of    71 ms (  5.6%): <average total>
[16.909s][info   ][gc,stats    ]       9 of    71 ms ( 13.3%): <average non-zero>
[16.909s][info   ][gc,stats    ] 
[16.909s][info   ][gc,metaspace] Metaspace: 213K(448K)->213K(448K) NonClass: 204K(320K)->204K(320K) Class: 9K(128K)->9K(128K)
[16.909s][info   ][gc,ergo     ] Pacer for Idle. Initial: 41943K, Alloc Tax Rate: 1.0x
[16.943s][info   ][gc          ] Trigger: Average GC time (71.49 ms) is above the time for average allocation rate (14289 MB/s) to deplete free headroom (1013M) (margin of error = 1.97)
[16.943s][info   ][gc,ergo     ] Free headroom: 1116M (free) - 102M (spike) - 0B (penalties) = 1013M
[16.943s][info   ][gc,ergo     ] Free: 1110M, Max: 1024K regular, 692M humongous, Frag: 38% external, 0% internal; Reserve: 103M, Max: 1024K
[16.943s][info   ][gc,start    ] GC(246) Concurrent reset
[16.944s][info   ][gc,task     ] GC(246) Using 1 of 2 workers for concurrent reset
[16.944s][info   ][gc,ergo     ] GC(246) Pacer for Reset. Non-Taxable: 2048M
[16.946s][info   ][gc          ] GC(246) Concurrent reset 2.161ms
[16.948s][info   ][gc,start    ] GC(246) Pause Init Mark (unload classes)
[16.948s][info   ][gc,task     ] GC(246) Using 2 of 2 workers for init marking
[16.948s][info   ][gc,ergo     ] GC(246) Pacer for Mark. Expected Live: 40279K, Free: 1064M, Non-Taxable: 106M, Alloc Tax Rate: 0.0x
[16.948s][info   ][gc          ] GC(246) Pause Init Mark (unload classes) 0.216ms
[16.948s][info   ][gc,start    ] GC(246) Concurrent marking roots
[16.948s][info   ][gc,task     ] GC(246) Using 1 of 2 workers for concurrent marking roots
[16.949s][info   ][gc          ] GC(246) Concurrent marking roots 0.768ms
[16.949s][info   ][gc,start    ] GC(246) Concurrent marking (unload classes)
[16.949s][info   ][gc,task     ] GC(246) Using 1 of 2 workers for concurrent marking
[16.973s][info   ][gc          ] GC(246) Concurrent marking (unload classes) 23.863ms
[16.974s][info   ][gc,start    ] GC(246) Pause Final Mark (unload classes)
[16.974s][info   ][gc,task     ] GC(246) Using 2 of 2 workers for final marking
[16.975s][info   ][gc,ergo     ] GC(246) Collectable Garbage: 367M (98%), Immediate: 367M (98%), CSet: 0B (0%)
[16.975s][info   ][gc          ] GC(246) Pause Final Mark (unload classes) 1.142ms
[16.982s][info   ][gc,start    ] GC(246) Concurrent weak references
[16.982s][info   ][gc,task     ] GC(246) Using 1 of 2 workers for concurrent weak references
[16.989s][info   ][gc,ref      ] GC(246) Encountered references: Soft: 7, Weak: 37, Final: 0, Phantom: 5
[16.989s][info   ][gc,ref      ] GC(246) Discovered  references: Soft: 0, Weak: 11, Final: 0, Phantom: 5
[16.989s][info   ][gc,ref      ] GC(246) Enqueued    references: Soft: 0, Weak: 0, Final: 0, Phantom: 0
[16.989s][info   ][gc          ] GC(246) Concurrent weak references 7.120ms
[16.989s][info   ][gc,start    ] GC(246) Concurrent weak roots
[16.989s][info   ][gc,task     ] GC(246) Using 1 of 2 workers for concurrent weak root
[16.999s][info   ][gc          ] GC(246) Concurrent weak roots 10.346ms
[17.000s][info   ][gc,start    ] GC(246) Concurrent cleanup
[17.001s][info   ][gc          ] GC(246) Concurrent cleanup 780M->422M(2048M) 1.234ms
[17.001s][info   ][gc,ergo     ] GC(246) Free: 1104M, Max: 1024K regular, 414M humongous, Frag: 63% external, 0% internal; Reserve: 103M, Max: 1024K
[17.001s][info   ][gc,start    ] GC(246) Concurrent class unloading
[17.001s][info   ][gc,task     ] GC(246) Using 1 of 2 workers for concurrent class unloading
[17.005s][info   ][gc          ] GC(246) Concurrent class unloading 3.682ms
[17.006s][info   ][gc,start    ] GC(246) Pause Final Roots
[17.006s][info   ][gc          ] GC(246) Pause Final Roots 0.036ms
[17.010s][info   ][gc,ergo     ] Free: 998M, Max: 1024K regular, 414M humongous, Frag: 59% external, 0% internal; Reserve: 103M, Max: 1024K
[17.010s][info   ][gc,stats    ] 
[17.010s][info   ][gc,stats    ] All times are wall-clock times, except per-root-class counters, that are sum over
[17.010s][info   ][gc,stats    ] all workers. Dividing the <total> over the root stage time estimates parallelism.
[17.011s][info   ][gc,stats    ] 
[17.011s][info   ][gc,stats    ] Concurrent Reset                   2227 us
[17.011s][info   ][gc,stats    ] Pause Init Mark (G)                2376 us
[17.011s][info   ][gc,stats    ] Pause Init Mark (N)                 228 us
[17.011s][info   ][gc,stats    ]   Update Region States              124 us
[17.011s][info   ][gc,stats    ] Concurrent Mark Roots               791 us, parallelism: 0.62x
[17.011s][info   ][gc,stats    ]   CMR: <total>                      493 us
[17.011s][info   ][gc,stats    ]   CMR: Thread Roots                 316 us, workers (us): 316, ---, 
[17.011s][info   ][gc,stats    ]   CMR: VM Strong Roots               21 us, workers (us):  21, ---, 
[17.011s][info   ][gc,stats    ]   CMR: CLDG Roots                   156 us, workers (us): 156, ---, 
[17.011s][info   ][gc,stats    ] Concurrent Marking                24045 us
[17.011s][info   ][gc,stats    ] Pause Final Mark (G)               8832 us
[17.011s][info   ][gc,stats    ] Pause Final Mark (N)               1158 us
[17.011s][info   ][gc,stats    ]   Finish Mark                       841 us
[17.011s][info   ][gc,stats    ]   Update Region States               93 us
[17.011s][info   ][gc,stats    ]   Choose Collection Set             141 us
[17.011s][info   ][gc,stats    ]   Rebuild Free Set                   11 us
[17.011s][info   ][gc,stats    ] Concurrent Weak References         7142 us, parallelism: 0.00x
[17.011s][info   ][gc,stats    ]   CWRF: <total>                      13 us
[17.011s][info   ][gc,stats    ]   CWRF: Weak References              13 us, workers (us):  13, ---, 
[17.011s][info   ][gc,stats    ] Concurrent Weak Roots             10636 us
[17.011s][info   ][gc,stats    ]   Roots                            3751 us, parallelism: 0.06x
[17.011s][info   ][gc,stats    ]     CWR: <total>                    211 us
[17.011s][info   ][gc,stats    ]     CWR: Code Cache Roots           134 us, workers (us): 134, ---, 
[17.011s][info   ][gc,stats    ]     CWR: VM Weak Roots               72 us, workers (us):  72, ---, 
[17.011s][info   ][gc,stats    ]     CWR: CLDG Roots                   4 us, workers (us):   4, ---, 
[17.011s][info   ][gc,stats    ]   Rendezvous                       6528 us
[17.011s][info   ][gc,stats    ] Concurrent Cleanup                 1332 us
[17.011s][info   ][gc,stats    ] Concurrent Class Unloading         3890 us
[17.011s][info   ][gc,stats    ]   Unlink Stale                      611 us
[17.011s][info   ][gc,stats    ]     System Dictionary                22 us
[17.011s][info   ][gc,stats    ]     Weak Class Links                  2 us
[17.011s][info   ][gc,stats    ]     Code Roots                      577 us
[17.011s][info   ][gc,stats    ]   Rendezvous                       2706 us
[17.011s][info   ][gc,stats    ]   Purge Unlinked                    246 us
[17.011s][info   ][gc,stats    ]     Code Roots                      216 us
[17.011s][info   ][gc,stats    ]     CLDG                             24 us
[17.011s][info   ][gc,stats    ]     Exception Caches                  2 us
[17.011s][info   ][gc,stats    ] Pause Final Roots (G)              4450 us
[17.011s][info   ][gc,stats    ] Pause Final Roots (N)                47 us
[17.012s][info   ][gc,stats    ] Pacing                            82562 us
[17.012s][info   ][gc,stats    ] 
[17.012s][info   ][gc,stats    ] Allocation pacing accrued:
[17.012s][info   ][gc,stats    ]      10 of   103 ms (  9.8%): Thread-0
[17.012s][info   ][gc,stats    ]       9 of   103 ms (  9.0%): Thread-1
[17.012s][info   ][gc,stats    ]       9 of   103 ms (  9.1%): Thread-2
[17.012s][info   ][gc,stats    ]      13 of   103 ms ( 12.2%): Thread-3
[17.012s][info   ][gc,stats    ]       9 of   103 ms (  9.0%): Thread-4
[17.012s][info   ][gc,stats    ]      10 of   103 ms (  9.9%): Thread-5
[17.012s][info   ][gc,stats    ]       9 of   103 ms (  9.0%): Thread-6
[17.012s][info   ][gc,stats    ]      13 of   103 ms ( 12.3%): Thread-7
[17.012s][info   ][gc,stats    ]      83 of   103 ms ( 80.2%): <total>
[17.012s][info   ][gc,stats    ]       4 of   103 ms (  4.2%): <average total>
[17.012s][info   ][gc,stats    ]      10 of   103 ms ( 10.0%): <average non-zero>
[17.012s][info   ][gc,stats    ] 
[17.012s][info   ][gc,metaspace] Metaspace: 213K(448K)->213K(448K) NonClass: 204K(320K)->204K(320K) Class: 9K(128K)->9K(128K)
[17.012s][info   ][gc,ergo     ] Pacer for Idle. Initial: 41943K, Alloc Tax Rate: 1.0x
[17.013s][info   ][gc          ] Trigger: Average GC time (86.19 ms) is above the time for average allocation rate (14295 MB/s) to deplete free headroom (859M) (margin of error = 1.98)
[17.013s][info   ][gc,ergo     ] Free headroom: 962M (free) - 102M (spike) - 0B (penalties) = 859M
[17.013s][info   ][gc,ergo     ] Free: 962M, Max: 1024K regular, 414M humongous, Frag: 57% external, 0% internal; Reserve: 103M, Max: 1024K
[17.013s][info   ][gc,start    ] GC(247) Concurrent reset
[17.014s][info   ][gc,task     ] GC(247) Using 1 of 2 workers for concurrent reset
[17.014s][info   ][gc,ergo     ] GC(247) Pacer for Reset. Non-Taxable: 2048M
[17.015s][info   ][gc          ] GC(247) Concurrent reset 1.715ms
[17.018s][info   ][gc,start    ] GC(247) Pause Init Mark (unload classes)
[17.018s][info   ][gc,task     ] GC(247) Using 2 of 2 workers for init marking
[17.018s][info   ][gc,ergo     ] GC(247) Pacer for Mark. Expected Live: 42327K, Free: 908M, Non-Taxable: 93011K, Alloc Tax Rate: 0.1x
[17.018s][info   ][gc          ] GC(247) Pause Init Mark (unload classes) 0.289ms
[17.025s][info   ][gc,start    ] GC(247) Concurrent marking roots
[17.025s][info   ][gc,task     ] GC(247) Using 1 of 2 workers for concurrent marking roots
[17.026s][info   ][gc          ] GC(247) Concurrent marking roots 0.724ms
[17.026s][info   ][gc,start    ] GC(247) Concurrent marking (unload classes)
[17.026s][info   ][gc,task     ] GC(247) Using 1 of 2 workers for concurrent marking
[17.059s][info   ][gc          ] GC(247) Concurrent marking (unload classes) 32.564ms
[17.060s][info   ][gc,start    ] GC(247) Pause Final Mark (unload classes)
[17.060s][info   ][gc,task     ] GC(247) Using 2 of 2 workers for final marking
[17.061s][info   ][gc,ergo     ] GC(247) Collectable Garbage: 450M (98%), Immediate: 450M (98%), CSet: 0B (0%)
[17.061s][info   ][gc          ] GC(247) Pause Final Mark (unload classes) 0.574ms
[17.067s][info   ][gc,start    ] GC(247) Concurrent weak references
[17.067s][info   ][gc,task     ] GC(247) Using 1 of 2 workers for concurrent weak references
[17.073s][info   ][gc,ref      ] GC(247) Encountered references: Soft: 7, Weak: 37, Final: 0, Phantom: 5
[17.073s][info   ][gc,ref      ] GC(247) Discovered  references: Soft: 0, Weak: 11, Final: 0, Phantom: 5
[17.073s][info   ][gc,ref      ] GC(247) Enqueued    references: Soft: 0, Weak: 0, Final: 0, Phantom: 0
[17.074s][info   ][gc          ] GC(247) Concurrent weak references 6.960ms
[17.074s][info   ][gc,start    ] GC(247) Concurrent weak roots
[17.074s][info   ][gc,task     ] GC(247) Using 1 of 2 workers for concurrent weak root
[17.085s][info   ][gc          ] GC(247) Concurrent weak roots 10.956ms
[17.085s][info   ][gc,start    ] GC(247) Concurrent cleanup
[17.086s][info   ][gc          ] GC(247) Concurrent cleanup 900M->454M(2048M) 0.785ms
[17.086s][info   ][gc,ergo     ] GC(247) Free: 1042M, Max: 1024K regular, 233M humongous, Frag: 78% external, 0% internal; Reserve: 103M, Max: 1024K
[17.086s][info   ][gc,start    ] GC(247) Concurrent class unloading
[17.086s][info   ][gc,task     ] GC(247) Using 1 of 2 workers for concurrent class unloading
[17.095s][info   ][gc          ] GC(247) Concurrent class unloading 9.311ms
[17.096s][info   ][gc,start    ] GC(247) Pause Final Roots
[17.096s][info   ][gc          ] GC(247) Pause Final Roots 0.035ms
[17.096s][info   ][gc,ergo     ] Free: 930M, Max: 1024K regular, 233M humongous, Frag: 75% external, 0% internal; Reserve: 103M, Max: 1024K
[17.096s][info   ][gc,stats    ] 
[17.096s][info   ][gc,stats    ] All times are wall-clock times, except per-root-class counters, that are sum over
[17.096s][info   ][gc,stats    ] all workers. Dividing the <total> over the root stage time estimates parallelism.
[17.096s][info   ][gc,stats    ] 
[17.096s][info   ][gc,stats    ] Concurrent Reset                   1789 us
[17.096s][info   ][gc,stats    ] Pause Init Mark (G)                9995 us
[17.096s][info   ][gc,stats    ] Pause Init Mark (N)                 303 us
[17.096s][info   ][gc,stats    ]   Update Region States              128 us
[17.096s][info   ][gc,stats    ] Concurrent Mark Roots               748 us, parallelism: 0.31x
[17.096s][info   ][gc,stats    ]   CMR: <total>                      230 us
[17.096s][info   ][gc,stats    ]   CMR: Thread Roots                 164 us, workers (us): 164, ---, 
[17.096s][info   ][gc,stats    ]   CMR: VM Strong Roots               12 us, workers (us):  12, ---, 
[17.096s][info   ][gc,stats    ]   CMR: CLDG Roots                    54 us, workers (us):  54, ---, 
[17.096s][info   ][gc,stats    ] Concurrent Marking                32938 us
[17.096s][info   ][gc,stats    ] Pause Final Mark (G)               7626 us
[17.096s][info   ][gc,stats    ] Pause Final Mark (N)                587 us
[17.096s][info   ][gc,stats    ]   Finish Mark                       150 us
[17.096s][info   ][gc,stats    ]   Update Region States              148 us
[17.096s][info   ][gc,stats    ]   Choose Collection Set             173 us
[17.097s][info   ][gc,stats    ]   Rebuild Free Set                   13 us
[17.097s][info   ][gc,stats    ] Concurrent Weak References         7034 us, parallelism: 0.00x
[17.097s][info   ][gc,stats    ]   CWRF: <total>                      18 us
[17.097s][info   ][gc,stats    ]   CWRF: Weak References              18 us, workers (us):  18, ---, 
[17.097s][info   ][gc,stats    ] Concurrent Weak Roots             11113 us
[17.097s][info   ][gc,stats    ]   Roots                            4780 us, parallelism: 0.04x
[17.097s][info   ][gc,stats    ]     CWR: <total>                    212 us
[17.097s][info   ][gc,stats    ]     CWR: Code Cache Roots           133 us, workers (us): 133, ---, 
[17.097s][info   ][gc,stats    ]     CWR: VM Weak Roots               75 us, workers (us):  75, ---, 
[17.097s][info   ][gc,stats    ]     CWR: CLDG Roots                   5 us, workers (us):   5, ---, 
[17.097s][info   ][gc,stats    ]   Rendezvous                       5955 us
[17.097s][info   ][gc,stats    ] Concurrent Cleanup                  800 us
[17.097s][info   ][gc,stats    ] Concurrent Class Unloading         9498 us
[17.097s][info   ][gc,stats    ]   Unlink Stale                     1004 us
[17.097s][info   ][gc,stats    ]     System Dictionary                19 us
[17.097s][info   ][gc,stats    ]     Weak Class Links                  2 us
[17.097s][info   ][gc,stats    ]     Code Roots                      978 us
[17.097s][info   ][gc,stats    ]   Rendezvous                       7756 us
[17.097s][info   ][gc,stats    ]   Purge Unlinked                    497 us
[17.097s][info   ][gc,stats    ]     Code Roots                      420 us
[17.097s][info   ][gc,stats    ]     CLDG                             71 us
[17.097s][info   ][gc,stats    ]     Exception Caches                  2 us
[17.097s][info   ][gc,stats    ] Pause Final Roots (G)               888 us
[17.097s][info   ][gc,stats    ] Pause Final Roots (N)                47 us
[17.097s][info   ][gc,stats    ] Pacing                            17691 us
[17.097s][info   ][gc,stats    ] 
[17.097s][info   ][gc,stats    ] Allocation pacing accrued:
[17.097s][info   ][gc,stats    ]       2 of    85 ms (  2.1%): Thread-0
[17.097s][info   ][gc,stats    ]       2 of    85 ms (  2.0%): Thread-2
[17.097s][info   ][gc,stats    ]       2 of    85 ms (  1.8%): Thread-3
[17.097s][info   ][gc,stats    ]       5 of    85 ms (  5.7%): Thread-4
[17.097s][info   ][gc,stats    ]       1 of    85 ms (  1.4%): Thread-5
[17.097s][info   ][gc,stats    ]       5 of    85 ms (  6.0%): Thread-6
[17.097s][info   ][gc,stats    ]       1 of    85 ms (  1.7%): Thread-7
[17.097s][info   ][gc,stats    ]      18 of    85 ms ( 20.8%): <total>
[17.097s][info   ][gc,stats    ]       1 of    85 ms (  1.1%): <average total>
[17.097s][info   ][gc,stats    ]       3 of    85 ms (  3.0%): <average non-zero>
[17.097s][info   ][gc,stats    ] 
[17.097s][info   ][gc,metaspace] Metaspace: 213K(448K)->213K(448K) NonClass: 204K(320K)->204K(320K) Class: 9K(128K)->9K(128K)
[17.097s][info   ][gc,ergo     ] Pacer for Idle. Initial: 41943K, Alloc Tax Rate: 1.0x
[17.099s][info   ][gc          ] Trigger: Average GC time (105.13 ms) is above the time for average allocation rate (14302 MB/s) to deplete free headroom (783M) (margin of error = 2.00)
[17.099s][info   ][gc,ergo     ] Free headroom: 886M (free) - 102M (spike) - 0B (penalties) = 783M
[17.099s][info   ][gc,ergo     ] Free: 884M, Max: 1024K regular, 233M humongous, Frag: 74% external, 0% internal; Reserve: 103M, Max: 1024K
[17.099s][info   ][gc,start    ] GC(248) Concurrent reset
[17.099s][info   ][gc,task     ] GC(248) Using 1 of 2 workers for concurrent reset
[17.099s][info   ][gc,ergo     ] GC(248) Pacer for Reset. Non-Taxable: 2048M
[17.115s][info   ][gc          ] GC(248) Concurrent reset 15.458ms
[17.116s][info   ][gc,start    ] GC(248) Pause Init Mark (unload classes)
[17.116s][info   ][gc,task     ] GC(248) Using 2 of 2 workers for init marking
[17.116s][info   ][gc,ergo     ] GC(248) Pacer for Mark. Expected Live: 46014K, Free: 710M, Non-Taxable: 72736K, Alloc Tax Rate: 0.1x
[17.116s][info   ][gc          ] GC(248) Pause Init Mark (unload classes) 0.212ms
[17.117s][info   ][gc,start    ] GC(248) Concurrent marking roots
[17.117s][info   ][gc,task     ] GC(248) Using 1 of 2 workers for concurrent marking roots
[17.117s][info   ][gc          ] GC(248) Concurrent marking roots 0.627ms
[17.117s][info   ][gc,start    ] GC(248) Concurrent marking (unload classes)
[17.117s][info   ][gc,task     ] GC(248) Using 1 of 2 workers for concurrent marking
[17.128s][info   ][gc          ] GC(248) Concurrent marking (unload classes) 10.493ms
[17.128s][info   ][gc,start    ] GC(248) Pause Final Mark (unload classes)
[17.128s][info   ][gc,task     ] GC(248) Using 2 of 2 workers for final marking
[17.129s][info   ][gc,ergo     ] GC(248) Collectable Garbage: 568M (98%), Immediate: 568M (98%), CSet: 0B (0%)
[17.129s][info   ][gc          ] GC(248) Pause Final Mark (unload classes) 0.540ms
[17.131s][info   ][gc,start    ] GC(248) Concurrent weak references
[17.131s][info   ][gc,task     ] GC(248) Using 1 of 2 workers for concurrent weak references
[17.135s][info   ][gc,ref      ] GC(248) Encountered references: Soft: 7, Weak: 37, Final: 0, Phantom: 5
[17.135s][info   ][gc,ref      ] GC(248) Discovered  references: Soft: 0, Weak: 11, Final: 0, Phantom: 5
[17.135s][info   ][gc,ref      ] GC(248) Enqueued    references: Soft: 0, Weak: 0, Final: 0, Phantom: 0
[17.135s][info   ][gc          ] GC(248) Concurrent weak references 3.561ms
[17.135s][info   ][gc,start    ] GC(248) Concurrent weak roots
[17.135s][info   ][gc,task     ] GC(248) Using 1 of 2 workers for concurrent weak root
[17.150s][info   ][gc          ] GC(248) Concurrent weak roots 14.624ms
[17.150s][info   ][gc,start    ] GC(248) Concurrent cleanup
[17.151s][info   ][gc          ] GC(248) Concurrent cleanup 814M->251M(2048M) 1.072ms
[17.151s][info   ][gc,ergo     ] GC(248) Free: 1448M, Max: 1024K regular, 414M humongous, Frag: 72% external, 0% internal; Reserve: 103M, Max: 1024K
[17.151s][info   ][gc,start    ] GC(248) Concurrent class unloading
[17.152s][info   ][gc,task     ] GC(248) Using 1 of 2 workers for concurrent class unloading
[17.164s][info   ][gc          ] GC(248) Concurrent class unloading 12.125ms
[17.165s][info   ][gc,start    ] GC(248) Pause Final Roots
[17.165s][info   ][gc          ] GC(248) Pause Final Roots 0.072ms
[17.165s][info   ][gc,ergo     ] Free: 1292M, Max: 1024K regular, 414M humongous, Frag: 68% external, 0% internal; Reserve: 103M, Max: 1024K
[17.165s][info   ][gc,stats    ] 
[17.165s][info   ][gc,stats    ] All times are wall-clock times, except per-root-class counters, that are sum over
[17.165s][info   ][gc,stats    ] all workers. Dividing the <total> over the root stage time estimates parallelism.
[17.166s][info   ][gc,stats    ] 
[17.166s][info   ][gc,stats    ] Concurrent Reset                  15637 us
[17.166s][info   ][gc,stats    ] Pause Init Mark (G)                1517 us
[17.166s][info   ][gc,stats    ] Pause Init Mark (N)                 223 us
[17.166s][info   ][gc,stats    ]   Update Region States              115 us
[17.166s][info   ][gc,stats    ] Concurrent Mark Roots               692 us, parallelism: 0.65x
[17.166s][info   ][gc,stats    ]   CMR: <total>                      448 us
[17.166s][info   ][gc,stats    ]   CMR: Thread Roots                 289 us, workers (us): 289, ---, 
[17.166s][info   ][gc,stats    ]   CMR: VM Strong Roots               18 us, workers (us):  18, ---, 
[17.166s][info   ][gc,stats    ]   CMR: CLDG Roots                   141 us, workers (us): 141, ---, 
[17.166s][info   ][gc,stats    ] Concurrent Marking                10630 us
[17.166s][info   ][gc,stats    ] Pause Final Mark (G)               3295 us
[17.166s][info   ][gc,stats    ] Pause Final Mark (N)                592 us
[17.166s][info   ][gc,stats    ]   Finish Mark                       183 us
[17.166s][info   ][gc,stats    ]   Update Region States              119 us
[17.166s][info   ][gc,stats    ]   Choose Collection Set             163 us
[17.166s][info   ][gc,stats    ]   Rebuild Free Set                   11 us
[17.166s][info   ][gc,stats    ] Concurrent Weak References         3575 us, parallelism: 0.00x
[17.166s][info   ][gc,stats    ]   CWRF: <total>                      17 us
[17.166s][info   ][gc,stats    ]   CWRF: Weak References              17 us, workers (us):  17, ---, 
[17.166s][info   ][gc,stats    ] Concurrent Weak Roots             15507 us
[17.166s][info   ][gc,stats    ]   Roots                            3365 us, parallelism: 0.07x
[17.166s][info   ][gc,stats    ]     CWR: <total>                    229 us
[17.166s][info   ][gc,stats    ]     CWR: Code Cache Roots           121 us, workers (us): 121, ---, 
[17.167s][info   ][gc,stats    ]     CWR: VM Weak Roots              102 us, workers (us): 102, ---, 
[17.167s][info   ][gc,stats    ]     CWR: CLDG Roots                   7 us, workers (us):   7, ---, 
[17.167s][info   ][gc,stats    ]   Rendezvous                      11221 us
[17.167s][info   ][gc,stats    ] Concurrent Cleanup                 1117 us
[17.167s][info   ][gc,stats    ] Concurrent Class Unloading        12300 us
[17.167s][info   ][gc,stats    ]   Unlink Stale                     3829 us
[17.167s][info   ][gc,stats    ]     System Dictionary                15 us
[17.167s][info   ][gc,stats    ]     Weak Class Links                  1 us
[17.167s][info   ][gc,stats    ]     Code Roots                     3803 us
[17.167s][info   ][gc,stats    ]   Rendezvous                       8006 us
[17.167s][info   ][gc,stats    ]   Purge Unlinked                    235 us
[17.167s][info   ][gc,stats    ]     Code Roots                      216 us
[17.167s][info   ][gc,stats    ]     CLDG                             13 us
[17.167s][info   ][gc,stats    ]     Exception Caches                  2 us
[17.167s][info   ][gc,stats    ] Pause Final Roots (G)              1251 us
[17.167s][info   ][gc,stats    ] Pause Final Roots (N)                83 us
[17.167s][info   ][gc,stats    ] Pacing                            58458 us
[17.167s][info   ][gc,stats    ] 
[17.167s][info   ][gc,stats    ] Allocation pacing accrued:
[17.167s][info   ][gc,stats    ]       9 of    70 ms ( 12.3%): Thread-1
[17.167s][info   ][gc,stats    ]       9 of    70 ms ( 13.4%): Thread-2
[17.167s][info   ][gc,stats    ]       6 of    70 ms (  8.8%): Thread-3
[17.167s][info   ][gc,stats    ]      12 of    70 ms ( 17.1%): Thread-4
[17.167s][info   ][gc,stats    ]       9 of    70 ms ( 13.0%): Thread-5
[17.171s][info   ][gc,stats    ]       6 of    70 ms (  9.1%): Thread-6
[17.171s][info   ][gc,stats    ]       7 of    70 ms (  9.3%): Thread-7
[17.171s][info   ][gc,stats    ]      58 of    70 ms ( 83.0%): <total>
[17.171s][info   ][gc,stats    ]       3 of    70 ms (  4.4%): <average total>
[17.171s][info   ][gc,stats    ]       8 of    70 ms ( 11.9%): <average non-zero>
[17.171s][info   ][gc,stats    ] 
[17.171s][info   ][gc,metaspace] Metaspace: 213K(448K)->213K(448K) NonClass: 204K(320K)->204K(320K) Class: 9K(128K)->9K(128K)
[17.171s][info   ][gc,ergo     ] Pacer for Idle. Initial: 41943K, Alloc Tax Rate: 1.0x
[17.173s][info   ][gc          ] Trigger: Average GC time (93.17 ms) is above the time for average allocation rate (14302 MB/s) to deplete free headroom (1089M) (margin of error = 2.00)
[17.173s][info   ][gc,ergo     ] Free headroom: 1192M (free) - 102M (spike) - 0B (penalties) = 1089M
[17.173s][info   ][gc,ergo     ] Free: 1192M, Max: 1024K regular, 414M humongous, Frag: 66% external, 0% internal; Reserve: 103M, Max: 1024K
[17.173s][info   ][gc,start    ] GC(249) Concurrent reset
[17.173s][info   ][gc,task     ] GC(249) Using 1 of 2 workers for concurrent reset
[17.173s][info   ][gc,ergo     ] GC(249) Pacer for Reset. Non-Taxable: 2048M
[17.174s][info   ][gc          ] GC(249) Concurrent reset 1.514ms
[17.177s][info   ][gc,start    ] GC(249) Pause Init Mark (unload classes)
[17.177s][info   ][gc,task     ] GC(249) Using 2 of 2 workers for init marking
[17.178s][info   ][gc,ergo     ] GC(249) Pacer for Mark. Expected Live: 44785K, Free: 1144M, Non-Taxable: 114M, Alloc Tax Rate: 0.0x
[17.178s][info   ][gc          ] GC(249) Pause Init Mark (unload classes) 0.206ms
[17.178s][info   ][gc,start    ] GC(249) Concurrent marking roots
[17.178s][info   ][gc,task     ] GC(249) Using 1 of 2 workers for concurrent marking roots
[17.178s][info   ][gc          ] GC(249) Concurrent marking roots 0.453ms
[17.178s][info   ][gc,start    ] GC(249) Concurrent marking (unload classes)
[17.178s][info   ][gc,task     ] GC(249) Using 1 of 2 workers for concurrent marking
[17.198s][info   ][gc          ] GC(249) Concurrent marking (unload classes) 19.460ms
[17.199s][info   ][gc,start    ] GC(249) Pause Final Mark (unload classes)
[17.199s][info   ][gc,task     ] GC(249) Using 2 of 2 workers for final marking
[17.199s][info   ][gc,ergo     ] GC(249) Collectable Garbage: 366M (98%), Immediate: 366M (98%), CSet: 0B (0%)
[17.199s][info   ][gc          ] GC(249) Pause Final Mark (unload classes) 0.420ms
[17.199s][info   ][gc,start    ] GC(249) Concurrent weak references
[17.199s][info   ][gc,task     ] GC(249) Using 1 of 2 workers for concurrent weak references
[17.205s][info   ][gc,ref      ] GC(249) Encountered references: Soft: 7, Weak: 37, Final: 0, Phantom: 5
[17.205s][info   ][gc,ref      ] GC(249) Discovered  references: Soft: 0, Weak: 11, Final: 0, Phantom: 5
[17.205s][info   ][gc,ref      ] GC(249) Enqueued    references: Soft: 0, Weak: 0, Final: 0, Phantom: 0
[17.205s][info   ][gc          ] GC(249) Concurrent weak references 5.457ms
[17.205s][info   ][gc,start    ] GC(249) Concurrent weak roots
[17.205s][info   ][gc,task     ] GC(249) Using 1 of 2 workers for concurrent weak root
[17.211s][info   ][gc          ] GC(249) Concurrent weak roots 6.411ms
[17.212s][info   ][gc,start    ] GC(249) Concurrent cleanup
[17.213s][info   ][gc          ] GC(249) Concurrent cleanup 609M->252M(2048M) 1.718ms
[17.214s][info   ][gc,ergo     ] GC(249) Free: 1446M, Max: 1024K regular, 692M humongous, Frag: 53% external, 0% internal; Reserve: 103M, Max: 1024K
[17.214s][info   ][gc,start    ] GC(249) Concurrent class unloading
[17.214s][info   ][gc,task     ] GC(249) Using 1 of 2 workers for concurrent class unloading
[17.223s][info   ][gc          ] GC(249) Concurrent class unloading 9.674ms
[17.224s][info   ][gc,start    ] GC(249) Pause Final Roots
[17.224s][info   ][gc          ] GC(249) Pause Final Roots 0.037ms
[17.228s][info   ][gc,ergo     ] Free: 1250M, Max: 1024K regular, 692M humongous, Frag: 45% external, 0% internal; Reserve: 103M, Max: 1024K
[17.228s][info   ][gc,stats    ] 
[17.228s][info   ][gc,stats    ] All times are wall-clock times, except per-root-class counters, that are sum over
[17.228s][info   ][gc,stats    ] all workers. Dividing the <total> over the root stage time estimates parallelism.
[17.228s][info   ][gc,stats    ] 
[17.228s][info   ][gc,stats    ] Concurrent Reset                   1553 us
[17.228s][info   ][gc,stats    ] Pause Init Mark (G)                3208 us
[17.228s][info   ][gc,stats    ] Pause Init Mark (N)                 217 us
[17.228s][info   ][gc,stats    ]   Update Region States              129 us
[17.228s][info   ][gc,stats    ] Concurrent Mark Roots               473 us, parallelism: 0.78x
[17.228s][info   ][gc,stats    ]   CMR: <total>                      368 us
[17.228s][info   ][gc,stats    ]   CMR: Thread Roots                 299 us, workers (us): 299, ---, 
[17.228s][info   ][gc,stats    ]   CMR: VM Strong Roots               11 us, workers (us):  11, ---, 
[17.228s][info   ][gc,stats    ]   CMR: CLDG Roots                    58 us, workers (us):  58, ---, 
[17.228s][info   ][gc,stats    ] Concurrent Marking                19621 us
[17.228s][info   ][gc,stats    ] Pause Final Mark (G)               1629 us
[17.229s][info   ][gc,stats    ] Pause Final Mark (N)                430 us
[17.229s][info   ][gc,stats    ]   Finish Mark                       124 us
[17.229s][info   ][gc,stats    ]   Update Region States              126 us
[17.229s][info   ][gc,stats    ]   Choose Collection Set             100 us
[17.229s][info   ][gc,stats    ]   Rebuild Free Set                   12 us
[17.229s][info   ][gc,stats    ] Concurrent Weak References         5513 us, parallelism: 0.00x
[17.229s][info   ][gc,stats    ]   CWRF: <total>                      16 us
[17.229s][info   ][gc,stats    ]   CWRF: Weak References              16 us, workers (us):  16, ---, 
[17.229s][info   ][gc,stats    ] Concurrent Weak Roots              6675 us
[17.229s][info   ][gc,stats    ]   Roots                             615 us, parallelism: 0.64x
[17.229s][info   ][gc,stats    ]     CWR: <total>                    394 us
[17.229s][info   ][gc,stats    ]     CWR: Code Cache Roots           160 us, workers (us): 160, ---, 
[17.229s][info   ][gc,stats    ]     CWR: VM Weak Roots              222 us, workers (us): 222, ---, 
[17.229s][info   ][gc,stats    ]     CWR: CLDG Roots                  12 us, workers (us):  12, ---, 
[17.229s][info   ][gc,stats    ]   Rendezvous                       5710 us
[17.229s][info   ][gc,stats    ] Concurrent Cleanup                 1874 us
[17.229s][info   ][gc,stats    ] Concurrent Class Unloading         9878 us
[17.229s][info   ][gc,stats    ]   Unlink Stale                     2711 us
[17.229s][info   ][gc,stats    ]     System Dictionary                22 us
[17.229s][info   ][gc,stats    ]     Weak Class Links                  2 us
[17.229s][info   ][gc,stats    ]     Code Roots                     2677 us
[17.229s][info   ][gc,stats    ]   Rendezvous                       2312 us
[17.229s][info   ][gc,stats    ]   Purge Unlinked                   4524 us
[17.229s][info   ][gc,stats    ]     Code Roots                     4508 us
[17.229s][info   ][gc,stats    ]     CLDG                             11 us
[17.229s][info   ][gc,stats    ]     Exception Caches                  2 us
[17.229s][info   ][gc,stats    ] Pause Final Roots (G)              4319 us
[17.229s][info   ][gc,stats    ] Pause Final Roots (N)                46 us
[17.229s][info   ][gc,stats    ] 
[17.229s][info   ][gc,stats    ] Allocation pacing accrued:
[17.229s][info   ][gc,stats    ]       0 of    62 ms (  0.0%): <total>
[17.229s][info   ][gc,stats    ]       0 of    62 ms (  0.0%): <average total>
[17.229s][info   ][gc,stats    ] 
[17.230s][info   ][gc,metaspace] Metaspace: 213K(448K)->213K(448K) NonClass: 204K(320K)->204K(320K) Class: 9K(128K)->9K(128K)
[17.230s][info   ][gc,ergo     ] Pacer for Idle. Initial: 41943K, Alloc Tax Rate: 1.0x
[17.232s][info   ][gc          ] Trigger: Average GC time (82.99 ms) is above the time for average allocation rate (14302 MB/s) to deplete free headroom (1087M) (margin of error = 2.00)
[17.233s][info   ][gc,ergo     ] Free headroom: 1190M (free) - 102M (spike) - 0B (penalties) = 1087M
[17.233s][info   ][gc,ergo     ] Free: 1190M, Max: 1024K regular, 692M humongous, Frag: 42% external, 0% internal; Reserve: 103M, Max: 1024K
[17.233s][info   ][gc,start    ] GC(250) Concurrent reset
[17.233s][info   ][gc,task     ] GC(250) Using 1 of 2 workers for concurrent reset
[17.233s][info   ][gc,ergo     ] GC(250) Pacer for Reset. Non-Taxable: 2048M
[17.233s][info   ][gc          ] GC(250) Concurrent reset 0.539ms
[17.233s][info   ][gc,start    ] GC(250) Pause Init Mark (unload classes)
[17.233s][info   ][gc,task     ] GC(250) Using 2 of 2 workers for init marking
[17.233s][info   ][gc,ergo     ] GC(250) Pacer for Mark. Expected Live: 47038K, Free: 1190M, Non-Taxable: 119M, Alloc Tax Rate: 0.0x
[17.233s][info   ][gc          ] GC(250) Pause Init Mark (unload classes) 0.129ms
[17.233s][info   ][gc,start    ] GC(250) Concurrent marking roots
[17.233s][info   ][gc,task     ] GC(250) Using 1 of 2 workers for concurrent marking roots
[17.234s][info   ][gc          ] GC(250) Concurrent marking roots 0.313ms
[17.234s][info   ][gc,start    ] GC(250) Concurrent marking (unload classes)
[17.234s][info   ][gc,task     ] GC(250) Using 1 of 2 workers for concurrent marking
[17.244s][info   ][gc          ] GC(250) Concurrent marking (unload classes) 10.429ms
[17.246s][info   ][gc,start    ] GC(250) Pause Final Mark (unload classes)
[17.246s][info   ][gc,task     ] GC(250) Using 2 of 2 workers for final marking
[17.247s][info   ][gc,ergo     ] GC(250) Collectable Garbage: 359M (98%), Immediate: 359M (98%), CSet: 0B (0%)
[17.247s][info   ][gc          ] GC(250) Pause Final Mark (unload classes) 0.540ms
[17.247s][info   ][gc,start    ] GC(250) Concurrent weak references
[17.247s][info   ][gc,task     ] GC(250) Using 1 of 2 workers for concurrent weak references
[17.252s][info   ][gc,ref      ] GC(250) Encountered references: Soft: 7, Weak: 37, Final: 0, Phantom: 5
[17.253s][info   ][gc,ref      ] GC(250) Discovered  references: Soft: 0, Weak: 11, Final: 0, Phantom: 5
[17.253s][info   ][gc,ref      ] GC(250) Enqueued    references: Soft: 0, Weak: 0, Final: 0, Phantom: 0
[17.253s][info   ][gc          ] GC(250) Concurrent weak references 5.911ms
[17.253s][info   ][gc,start    ] GC(250) Concurrent weak roots
[17.253s][info   ][gc,task     ] GC(250) Using 1 of 2 workers for concurrent weak root
[17.262s][info   ][gc          ] GC(250) Concurrent weak roots 9.712ms
[17.263s][info   ][gc,start    ] GC(250) Concurrent cleanup
[17.264s][info   ][gc          ] GC(250) Concurrent cleanup 574M->221M(2048M) 1.074ms
[17.264s][info   ][gc,ergo     ] GC(250) Free: 1508M, Max: 1024K regular, 692M humongous, Frag: 55% external, 0% internal; Reserve: 103M, Max: 1024K
[17.264s][info   ][gc,start    ] GC(250) Concurrent class unloading
[17.264s][info   ][gc,task     ] GC(250) Using 1 of 2 workers for concurrent class unloading
[17.268s][info   ][gc          ] GC(250) Concurrent class unloading 3.867ms
[17.268s][info   ][gc,start    ] GC(250) Pause Final Roots
[17.268s][info   ][gc          ] GC(250) Pause Final Roots 0.023ms
[17.268s][info   ][gc,ergo     ] Free: 1454M, Max: 1024K regular, 692M humongous, Frag: 53% external, 0% internal; Reserve: 103M, Max: 1024K
[17.268s][info   ][gc,stats    ] 
[17.268s][info   ][gc,stats    ] All times are wall-clock times, except per-root-class counters, that are sum over
[17.268s][info   ][gc,stats    ] all workers. Dividing the <total> over the root stage time estimates parallelism.
[17.268s][info   ][gc,stats    ] 
[17.268s][info   ][gc,stats    ] Concurrent Reset                    562 us
[17.268s][info   ][gc,stats    ] Pause Init Mark (G)                 249 us
[17.268s][info   ][gc,stats    ] Pause Init Mark (N)                 138 us
[17.268s][info   ][gc,stats    ]   Update Region States               81 us
[17.268s][info   ][gc,stats    ] Concurrent Mark Roots               326 us, parallelism: 0.61x
[17.268s][info   ][gc,stats    ]   CMR: <total>                      201 us
[17.268s][info   ][gc,stats    ]   CMR: Thread Roots                 172 us, workers (us): 172, ---, 
[17.268s][info   ][gc,stats    ]   CMR: VM Strong Roots                6 us, workers (us):   6, ---, 
[17.268s][info   ][gc,stats    ]   CMR: CLDG Roots                    23 us, workers (us):  23, ---, 
[17.268s][info   ][gc,stats    ] Concurrent Marking                10578 us
[17.268s][info   ][gc,stats    ] Pause Final Mark (G)               2352 us
[17.268s][info   ][gc,stats    ] Pause Final Mark (N)                556 us
[17.268s][info   ][gc,stats    ]   Finish Mark                       117 us
[17.268s][info   ][gc,stats    ]   Update Region States              158 us
[17.268s][info   ][gc,stats    ]   Choose Collection Set             146 us
[17.268s][info   ][gc,stats    ]   Rebuild Free Set                   23 us
[17.268s][info   ][gc,stats    ] Concurrent Weak References         5938 us, parallelism: 0.00x
[17.268s][info   ][gc,stats    ]   CWRF: <total>                      15 us
[17.268s][info   ][gc,stats    ]   CWRF: Weak References              15 us, workers (us):  15, ---, 
[17.268s][info   ][gc,stats    ] Concurrent Weak Roots             10038 us
[17.268s][info   ][gc,stats    ]   Roots                            3510 us, parallelism: 0.06x
[17.268s][info   ][gc,stats    ]     CWR: <total>                    218 us
[17.268s][info   ][gc,stats    ]     CWR: Code Cache Roots           123 us, workers (us): 123, ---, 
[17.268s][info   ][gc,stats    ]     CWR: VM Weak Roots               89 us, workers (us):  89, ---, 
[17.268s][info   ][gc,stats    ]     CWR: CLDG Roots                   6 us, workers (us):   6, ---, 
[17.268s][info   ][gc,stats    ]   Rendezvous                       6145 us
[17.268s][info   ][gc,stats    ] Concurrent Cleanup                 1115 us
[17.268s][info   ][gc,stats    ] Concurrent Class Unloading         3930 us
[17.268s][info   ][gc,stats    ]   Unlink Stale                      606 us
[17.268s][info   ][gc,stats    ]     System Dictionary                14 us
[17.268s][info   ][gc,stats    ]     Weak Class Links                  1 us
[17.268s][info   ][gc,stats    ]     Code Roots                      585 us
[17.268s][info   ][gc,stats    ]   Rendezvous                       3079 us
[17.268s][info   ][gc,stats    ]   Purge Unlinked                    149 us
[17.268s][info   ][gc,stats    ]     Code Roots                      122 us
[17.268s][info   ][gc,stats    ]     CLDG                             23 us
[17.268s][info   ][gc,stats    ]     Exception Caches                  1 us
[17.268s][info   ][gc,stats    ] Pause Final Roots (G)               256 us
[17.268s][info   ][gc,stats    ] Pause Final Roots (N)                35 us
[17.268s][info   ][gc,stats    ] Pacing                            21710 us
[17.269s][info   ][gc,stats    ] 
[17.269s][info   ][gc,stats    ] Allocation pacing accrued:
[17.269s][info   ][gc,stats    ]       6 of    39 ms ( 14.7%): Thread-0
[17.269s][info   ][gc,stats    ]       3 of    39 ms (  7.7%): Thread-2
[17.269s][info   ][gc,stats    ]       5 of    39 ms ( 13.8%): Thread-4
[17.269s][info   ][gc,stats    ]       3 of    39 ms (  6.5%): Thread-5
[17.269s][info   ][gc,stats    ]       3 of    39 ms (  6.5%): Thread-6
[17.269s][info   ][gc,stats    ]       2 of    39 ms (  6.3%): Thread-7
[17.269s][info   ][gc,stats    ]      22 of    39 ms ( 55.6%): <total>
[17.269s][info   ][gc,stats    ]       1 of    39 ms (  2.9%): <average total>
[17.269s][info   ][gc,stats    ]       4 of    39 ms (  9.3%): <average non-zero>
[17.269s][info   ][gc,stats    ] 
[17.269s][info   ][gc,metaspace] Metaspace: 213K(448K)->213K(448K) NonClass: 204K(320K)->204K(320K) Class: 9K(128K)->9K(128K)
[17.269s][info   ][gc,ergo     ] Pacer for Idle. Initial: 41943K, Alloc Tax Rate: 1.0x
[17.292s][info   ][gc          ] Trigger: Average GC time (77.87 ms) is above the time for average allocation rate (14297 MB/s) to deplete free headroom (1091M) (margin of error = 1.99)
[17.292s][info   ][gc,ergo     ] Free headroom: 1194M (free) - 102M (spike) - 0B (penalties) = 1091M
[17.292s][info   ][gc,ergo     ] Free: 1190M, Max: 1024K regular, 692M humongous, Frag: 42% external, 0% internal; Reserve: 103M, Max: 1024K
[17.292s][info   ][gc,start    ] GC(251) Concurrent reset
[17.292s][info   ][gc,task     ] GC(251) Using 1 of 2 workers for concurrent reset
[17.292s][info   ][gc,ergo     ] GC(251) Pacer for Reset. Non-Taxable: 2048M
[17.295s][info   ][gc          ] GC(251) Concurrent reset 3.223ms
[17.296s][info   ][gc,start    ] GC(251) Pause Init Mark (unload classes)
[17.296s][info   ][gc,task     ] GC(251) Using 2 of 2 workers for init marking
[17.296s][info   ][gc,ergo     ] GC(251) Pacer for Mark. Expected Live: 47038K, Free: 1140M, Non-Taxable: 114M, Alloc Tax Rate: 0.0x
[17.296s][info   ][gc          ] GC(251) Pause Init Mark (unload classes) 0.177ms
[17.300s][info   ][gc,start    ] GC(251) Concurrent marking roots
[17.300s][info   ][gc,task     ] GC(251) Using 1 of 2 workers for concurrent marking roots
[17.303s][info   ][gc          ] GC(251) Concurrent marking roots 3.202ms
[17.303s][info   ][gc,start    ] GC(251) Concurrent marking (unload classes)
[17.303s][info   ][gc,task     ] GC(251) Using 1 of 2 workers for concurrent marking
[17.307s][info   ][gc          ] GC(251) Concurrent marking (unload classes) 3.963ms
[17.307s][info   ][gc,start    ] GC(251) Pause Final Mark (unload classes)
[17.307s][info   ][gc,task     ] GC(251) Using 2 of 2 workers for final marking
[17.307s][info   ][gc,ergo     ] GC(251) Collectable Garbage: 372M (98%), Immediate: 372M (98%), CSet: 0B (0%)
[17.307s][info   ][gc          ] GC(251) Pause Final Mark (unload classes) 0.400ms
[17.307s][info   ][gc,start    ] GC(251) Concurrent weak references
[17.307s][info   ][gc,task     ] GC(251) Using 1 of 2 workers for concurrent weak references
[17.307s][info   ][gc,ref      ] GC(251) Encountered references: Soft: 7, Weak: 37, Final: 0, Phantom: 5
[17.307s][info   ][gc,ref      ] GC(251) Discovered  references: Soft: 0, Weak: 11, Final: 0, Phantom: 5
[17.307s][info   ][gc,ref      ] GC(251) Enqueued    references: Soft: 0, Weak: 0, Final: 0, Phantom: 0
[17.307s][info   ][gc          ] GC(251) Concurrent weak references 0.153ms
[17.307s][info   ][gc,start    ] GC(251) Concurrent weak roots
[17.307s][info   ][gc,task     ] GC(251) Using 1 of 2 workers for concurrent weak root
[17.308s][info   ][gc          ] GC(251) Concurrent weak roots 0.288ms
[17.308s][info   ][gc,start    ] GC(251) Concurrent cleanup
[17.308s][info   ][gc          ] GC(251) Concurrent cleanup 462M->90M(2048M) 0.491ms
[17.308s][info   ][gc,ergo     ] GC(251) Free: 1770M, Max: 1024K regular, 692M humongous, Frag: 61% external, 0% internal; Reserve: 103M, Max: 1024K
[17.308s][info   ][gc,start    ] GC(251) Concurrent class unloading
[17.308s][info   ][gc,task     ] GC(251) Using 1 of 2 workers for concurrent class unloading
[17.317s][info   ][gc          ] GC(251) Concurrent class unloading 8.550ms
[17.320s][info   ][gc,start    ] GC(251) Pause Final Roots
[17.320s][info   ][gc          ] GC(251) Pause Final Roots 0.040ms
[17.320s][info   ][gc,ergo     ] Free: 1616M, Max: 1024K regular, 692M humongous, Frag: 58% external, 0% internal; Reserve: 103M, Max: 1024K
[17.320s][info   ][gc,stats    ] 
[17.320s][info   ][gc,stats    ] All times are wall-clock times, except per-root-class counters, that are sum over
[17.320s][info   ][gc,stats    ] all workers. Dividing the <total> over the root stage time estimates parallelism.
[17.320s][info   ][gc,stats    ] 
[17.320s][info   ][gc,stats    ] Concurrent Reset                   3293 us
[17.320s][info   ][gc,stats    ] Pause Init Mark (G)                4407 us
[17.320s][info   ][gc,stats    ] Pause Init Mark (N)                 205 us
[17.320s][info   ][gc,stats    ]   Update Region States               97 us
[17.320s][info   ][gc,stats    ] Concurrent Mark Roots              3257 us, parallelism: 0.13x
[17.320s][info   ][gc,stats    ]   CMR: <total>                      417 us
[17.320s][info   ][gc,stats    ]   CMR: Thread Roots                 330 us, workers (us): 330, ---, 
[17.320s][info   ][gc,stats    ]   CMR: VM Strong Roots               26 us, workers (us):  26, ---, 
[17.320s][info   ][gc,stats    ]   CMR: CLDG Roots                    62 us, workers (us):  62, ---, 
[17.320s][info   ][gc,stats    ] Concurrent Marking                 4009 us
[17.320s][info   ][gc,stats    ] Pause Final Mark (G)                474 us
[17.320s][info   ][gc,stats    ] Pause Final Mark (N)                413 us
[17.320s][info   ][gc,stats    ]   Finish Mark                       115 us
[17.320s][info   ][gc,stats    ]   Update Region States              115 us
[17.320s][info   ][gc,stats    ]   Choose Collection Set             130 us
[17.320s][info   ][gc,stats    ]   Rebuild Free Set                   13 us
[17.320s][info   ][gc,stats    ] Concurrent Weak References          163 us, parallelism: 0.02x
[17.320s][info   ][gc,stats    ]   CWRF: <total>                       4 us
[17.320s][info   ][gc,stats    ]   CWRF: Weak References               4 us, workers (us):   4, ---, 
[17.320s][info   ][gc,stats    ] Concurrent Weak Roots               305 us
[17.320s][info   ][gc,stats    ]   Roots                             195 us, parallelism: 0.49x
[17.320s][info   ][gc,stats    ]     CWR: <total>                     96 us
[17.320s][info   ][gc,stats    ]     CWR: Code Cache Roots            48 us, workers (us):  48, ---, 
[17.320s][info   ][gc,stats    ]     CWR: VM Weak Roots               47 us, workers (us):  47, ---, 
[17.320s][info   ][gc,stats    ]     CWR: CLDG Roots                   2 us, workers (us):   2, ---, 
[17.320s][info   ][gc,stats    ]   Rendezvous                         72 us
[17.320s][info   ][gc,stats    ] Concurrent Cleanup                  528 us
[17.320s][info   ][gc,stats    ] Concurrent Class Unloading         8711 us
[17.320s][info   ][gc,stats    ]   Unlink Stale                      297 us
[17.320s][info   ][gc,stats    ]     System Dictionary                 5 us
[17.320s][info   ][gc,stats    ]     Weak Class Links                  1 us
[17.320s][info   ][gc,stats    ]     Code Roots                      288 us
[17.320s][info   ][gc,stats    ]   Rendezvous                       6918 us
[17.320s][info   ][gc,stats    ]   Purge Unlinked                   1292 us
[17.320s][info   ][gc,stats    ]     Code Roots                     1236 us
[17.320s][info   ][gc,stats    ]     CLDG                             51 us
[17.320s][info   ][gc,stats    ]     Exception Caches                  2 us
[17.320s][info   ][gc,stats    ] Pause Final Roots (G)              2848 us
[17.320s][info   ][gc,stats    ] Pause Final Roots (N)                50 us
[17.320s][info   ][gc,stats    ] Pacing                            83200 us
[17.320s][info   ][gc,stats    ] 
[17.320s][info   ][gc,stats    ] Allocation pacing accrued:
[17.320s][info   ][gc,stats    ]      12 of    52 ms ( 22.3%): Thread-0
[17.321s][info   ][gc,stats    ]      12 of    52 ms ( 22.7%): Thread-1
[17.321s][info   ][gc,stats    ]       4 of    52 ms (  7.4%): Thread-2
[17.321s][info   ][gc,stats    ]      13 of    52 ms ( 24.7%): Thread-3
[17.321s][info   ][gc,stats    ]      13 of    52 ms ( 24.6%): Thread-4
[17.321s][info   ][gc,stats    ]       7 of    52 ms ( 12.9%): Thread-5
[17.321s][info   ][gc,stats    ]      20 of    52 ms ( 38.1%): Thread-6
[17.321s][info   ][gc,stats    ]       4 of    52 ms (  7.4%): Thread-7
[17.321s][info   ][gc,stats    ]      83 of    52 ms (160.1%): <total>
[17.321s][info   ][gc,stats    ]       4 of    52 ms (  8.4%): <average total>
[17.321s][info   ][gc,stats    ]      10 of    52 ms ( 20.0%): <average non-zero>
[17.321s][info   ][gc,stats    ] 
[17.321s][info   ][gc,metaspace] Metaspace: 213K(448K)->213K(448K) NonClass: 204K(320K)->204K(320K) Class: 9K(128K)->9K(128K)
[17.321s][info   ][gc,ergo     ] Pacer for Idle. Initial: 41943K, Alloc Tax Rate: 1.0x
[17.361s][info   ][gc          ] Trigger: Average GC time (66.92 ms) is above the time for average allocation rate (14291 MB/s) to deplete free headroom (947M) (margin of error = 1.98)
[17.361s][info   ][gc,ergo     ] Free headroom: 1050M (free) - 102M (spike) - 0B (penalties) = 947M
[17.361s][info   ][gc,ergo     ] Free: 1048M, Max: 1024K regular, 692M humongous, Frag: 34% external, 0% internal; Reserve: 103M, Max: 1024K
[17.361s][info   ][gc,start    ] GC(252) Concurrent reset
[17.361s][info   ][gc,task     ] GC(252) Using 1 of 2 workers for concurrent reset
[17.361s][info   ][gc,ergo     ] GC(252) Pacer for Reset. Non-Taxable: 2048M
[17.369s][info   ][gc          ] GC(252) Concurrent reset 7.679ms
[17.370s][info   ][gc,start    ] GC(252) Pause Init Mark (unload classes)
[17.370s][info   ][gc,task     ] GC(252) Using 2 of 2 workers for init marking
[17.370s][info   ][gc,ergo     ] GC(252) Pacer for Mark. Expected Live: 38231K, Free: 948M, Non-Taxable: 97107K, Alloc Tax Rate: 0.0x
[17.370s][info   ][gc          ] GC(252) Pause Init Mark (unload classes) 0.209ms
[17.371s][info   ][gc,start    ] GC(252) Concurrent marking roots
[17.371s][info   ][gc,task     ] GC(252) Using 1 of 2 workers for concurrent marking roots
[17.377s][info   ][gc          ] GC(252) Concurrent marking roots 6.117ms
[17.377s][info   ][gc,start    ] GC(252) Concurrent marking (unload classes)
[17.377s][info   ][gc,task     ] GC(252) Using 1 of 2 workers for concurrent marking
[17.379s][info   ][gc          ] GC(252) Concurrent marking (unload classes) 1.850ms
[17.379s][info   ][gc,start    ] GC(252) Pause Final Mark (unload classes)
[17.379s][info   ][gc,task     ] GC(252) Using 2 of 2 workers for final marking
[17.379s][info   ][gc,ergo     ] GC(252) Collectable Garbage: 475M (98%), Immediate: 475M (98%), CSet: 0B (0%)
[17.379s][info   ][gc          ] GC(252) Pause Final Mark (unload classes) 0.647ms
[17.379s][info   ][gc,start    ] GC(252) Concurrent weak references
[17.379s][info   ][gc,task     ] GC(252) Using 1 of 2 workers for concurrent weak references
[17.380s][info   ][gc,ref      ] GC(252) Encountered references: Soft: 7, Weak: 37, Final: 0, Phantom: 5
[17.380s][info   ][gc,ref      ] GC(252) Discovered  references: Soft: 0, Weak: 11, Final: 0, Phantom: 5
[17.380s][info   ][gc,ref      ] GC(252) Enqueued    references: Soft: 0, Weak: 0, Final: 0, Phantom: 0
[17.380s][info   ][gc          ] GC(252) Concurrent weak references 0.370ms
[17.380s][info   ][gc,start    ] GC(252) Concurrent weak roots
[17.380s][info   ][gc,task     ] GC(252) Using 1 of 2 workers for concurrent weak root
[17.380s][info   ][gc          ] GC(252) Concurrent weak roots 0.316ms
[17.380s][info   ][gc,start    ] GC(252) Concurrent cleanup
[17.381s][info   ][gc          ] GC(252) Concurrent cleanup 548M->73M(2048M) 0.632ms
[17.381s][info   ][gc,ergo     ] GC(252) Free: 1804M, Max: 1024K regular, 692M humongous, Frag: 62% external, 0% internal; Reserve: 103M, Max: 1024K
[17.381s][info   ][gc,start    ] GC(252) Concurrent class unloading
[17.381s][info   ][gc,task     ] GC(252) Using 1 of 2 workers for concurrent class unloading
[17.381s][info   ][gc          ] GC(252) Concurrent class unloading 0.592ms
[17.382s][info   ][gc,start    ] GC(252) Pause Final Roots
[17.382s][info   ][gc          ] GC(252) Pause Final Roots 0.020ms
[17.382s][info   ][gc,ergo     ] Free: 1804M, Max: 1024K regular, 692M humongous, Frag: 62% external, 0% internal; Reserve: 103M, Max: 1024K
[17.382s][info   ][gc,stats    ] 
[17.382s][info   ][gc,stats    ] All times are wall-clock times, except per-root-class counters, that are sum over
[17.382s][info   ][gc,stats    ] all workers. Dividing the <total> over the root stage time estimates parallelism.
[17.382s][info   ][gc,stats    ] 
[17.382s][info   ][gc,stats    ] Concurrent Reset                   7932 us
[17.382s][info   ][gc,stats    ] Pause Init Mark (G)                1363 us
[17.382s][info   ][gc,stats    ] Pause Init Mark (N)                 221 us
[17.382s][info   ][gc,stats    ]   Update Region States              122 us
[17.382s][info   ][gc,stats    ] Concurrent Mark Roots              6261 us, parallelism: 0.05x
[17.382s][info   ][gc,stats    ]   CMR: <total>                      333 us
[17.382s][info   ][gc,stats    ]   CMR: Thread Roots                 244 us, workers (us): 244, ---, 
[17.382s][info   ][gc,stats    ]   CMR: VM Strong Roots               12 us, workers (us):  12, ---, 
[17.382s][info   ][gc,stats    ]   CMR: CLDG Roots                    77 us, workers (us):  77, ---, 
[17.382s][info   ][gc,stats    ] Concurrent Marking                 1869 us
[17.382s][info   ][gc,stats    ] Pause Final Mark (G)                790 us
[17.382s][info   ][gc,stats    ] Pause Final Mark (N)                659 us
[17.382s][info   ][gc,stats    ]   Finish Mark                       326 us
[17.382s][info   ][gc,stats    ]   Update Region States              175 us
[17.382s][info   ][gc,stats    ]   Choose Collection Set              96 us
[17.382s][info   ][gc,stats    ]   Rebuild Free Set                   11 us
[17.382s][info   ][gc,stats    ] Concurrent Weak References          378 us, parallelism: 0.01x
[17.382s][info   ][gc,stats    ]   CWRF: <total>                       4 us
[17.382s][info   ][gc,stats    ]   CWRF: Weak References               4 us, workers (us):   4, ---, 
[17.382s][info   ][gc,stats    ] Concurrent Weak Roots               334 us
[17.382s][info   ][gc,stats    ]   Roots                             199 us, parallelism: 0.51x
[17.382s][info   ][gc,stats    ]     CWR: <total>                    101 us
[17.382s][info   ][gc,stats    ]     CWR: Code Cache Roots            64 us, workers (us):  64, ---, 
[17.382s][info   ][gc,stats    ]     CWR: VM Weak Roots               34 us, workers (us):  34, ---, 
[17.382s][info   ][gc,stats    ]     CWR: CLDG Roots                   3 us, workers (us):   3, ---, 
[17.382s][info   ][gc,stats    ]   Rendezvous                        100 us
[17.382s][info   ][gc,stats    ] Concurrent Cleanup                  680 us
[17.382s][info   ][gc,stats    ] Concurrent Class Unloading          612 us
[17.382s][info   ][gc,stats    ]   Unlink Stale                      294 us
[17.382s][info   ][gc,stats    ]     System Dictionary                 6 us
[17.382s][info   ][gc,stats    ]     Weak Class Links                  1 us
[17.382s][info   ][gc,stats    ]     Code Roots                      285 us
[17.382s][info   ][gc,stats    ]   Rendezvous                        150 us
[17.382s][info   ][gc,stats    ]   Purge Unlinked                    110 us
[17.382s][info   ][gc,stats    ]     Code Roots                       70 us
[17.382s][info   ][gc,stats    ]     CLDG                             36 us
[17.382s][info   ][gc,stats    ]     Exception Caches                  1 us
[17.382s][info   ][gc,stats    ] Pause Final Roots (G)               116 us
[17.382s][info   ][gc,stats    ] Pause Final Roots (N)                28 us
[17.382s][info   ][gc,stats    ] Pacing                             6567 us
[17.382s][info   ][gc,stats    ] 
[17.382s][info   ][gc,stats    ] Allocation pacing accrued:
[17.382s][info   ][gc,stats    ]       7 of    62 ms ( 10.7%): Thread-3
[17.382s][info   ][gc,stats    ]       7 of    62 ms ( 10.7%): <total>
[17.382s][info   ][gc,stats    ]       0 of    62 ms (  0.6%): <average total>
[17.382s][info   ][gc,stats    ]       7 of    62 ms ( 10.7%): <average non-zero>
[17.382s][info   ][gc,stats    ] 
[17.382s][info   ][gc,metaspace] Metaspace: 213K(448K)->213K(448K) NonClass: 204K(320K)->204K(320K) Class: 9K(128K)->9K(128K)
[17.382s][info   ][gc,ergo     ] Pacer for Idle. Initial: 41943K, Alloc Tax Rate: 1.0x
[17.451s][info   ][gc          ] Trigger: Average GC time (55.90 ms) is above the time for average allocation rate (14283 MB/s) to deplete free headroom (781M) (margin of error = 1.96)
[17.451s][info   ][gc,ergo     ] Free headroom: 884M (free) - 102M (spike) - 0B (penalties) = 781M
[17.451s][info   ][gc,ergo     ] Free: 880M, Max: 1024K regular, 692M humongous, Frag: 22% external, 0% internal; Reserve: 103M, Max: 1024K
[17.451s][info   ][gc,start    ] GC(253) Concurrent reset
[17.451s][info   ][gc,task     ] GC(253) Using 1 of 2 workers for concurrent reset
[17.451s][info   ][gc,ergo     ] GC(253) Pacer for Reset. Non-Taxable: 2048M
[17.455s][info   ][gc          ] GC(253) Concurrent reset 4.379ms
[17.458s][info   ][gc,start    ] GC(253) Pause Init Mark (unload classes)
[17.458s][info   ][gc,task     ] GC(253) Using 2 of 2 workers for init marking
[17.458s][info   ][gc,ergo     ] GC(253) Pacer for Mark. Expected Live: 29015K, Free: 812M, Non-Taxable: 83181K, Alloc Tax Rate: 0.0x
[17.458s][info   ][gc          ] GC(253) Pause Init Mark (unload classes) 0.220ms
[17.458s][info   ][gc,start    ] GC(253) Concurrent marking roots
[17.458s][info   ][gc,task     ] GC(253) Using 1 of 2 workers for concurrent marking roots
[17.458s][info   ][gc          ] GC(253) Concurrent marking roots 0.484ms
[17.458s][info   ][gc,start    ] GC(253) Concurrent marking (unload classes)
[17.458s][info   ][gc,task     ] GC(253) Using 1 of 2 workers for concurrent marking
[17.480s][info   ][gc          ] GC(253) Concurrent marking (unload classes) 21.913ms
[17.482s][info   ][gc,start    ] GC(253) Pause Final Mark (unload classes)
[17.482s][info   ][gc,task     ] GC(253) Using 2 of 2 workers for final marking
[17.484s][info   ][gc,ergo     ] GC(253) Collectable Garbage: 508M (98%), Immediate: 508M (98%), CSet: 0B (0%)
[17.484s][info   ][gc          ] GC(253) Pause Final Mark (unload classes) 1.373ms
[17.484s][info   ][gc,start    ] GC(253) Concurrent weak references
[17.484s][info   ][gc,task     ] GC(253) Using 1 of 2 workers for concurrent weak references
[17.489s][info   ][gc,ref      ] GC(253) Encountered references: Soft: 7, Weak: 37, Final: 0, Phantom: 5
[17.489s][info   ][gc,ref      ] GC(253) Discovered  references: Soft: 0, Weak: 11, Final: 0, Phantom: 5
[17.489s][info   ][gc,ref      ] GC(253) Enqueued    references: Soft: 0, Weak: 0, Final: 0, Phantom: 0
[17.489s][info   ][gc          ] GC(253) Concurrent weak references 5.675ms
[17.489s][info   ][gc,start    ] GC(253) Concurrent weak roots
[17.489s][info   ][gc,task     ] GC(253) Using 1 of 2 workers for concurrent weak root
[17.509s][info   ][gc          ] GC(253) Concurrent weak roots 19.021ms
[17.509s][info   ][gc,start    ] GC(253) Concurrent cleanup
[17.510s][info   ][gc          ] GC(253) Concurrent cleanup 874M->377M(2048M) 1.665ms
[17.511s][info   ][gc,ergo     ] GC(253) Free: 1194M, Max: 1024K regular, 397M humongous, Frag: 67% external, 0% internal; Reserve: 103M, Max: 1024K
[17.511s][info   ][gc,start    ] GC(253) Concurrent class unloading
[17.511s][info   ][gc,task     ] GC(253) Using 1 of 2 workers for concurrent class unloading
[17.519s][info   ][gc          ] GC(253) Concurrent class unloading 7.887ms
[17.522s][info   ][gc,start    ] GC(253) Pause Final Roots
[17.522s][info   ][gc          ] GC(253) Pause Final Roots 0.188ms
[17.526s][info   ][gc,ergo     ] Free: 1022M, Max: 1024K regular, 397M humongous, Frag: 62% external, 0% internal; Reserve: 103M, Max: 1024K
[17.526s][info   ][gc,stats    ] 
[17.526s][info   ][gc,stats    ] All times are wall-clock times, except per-root-class counters, that are sum over
[17.526s][info   ][gc,stats    ] all workers. Dividing the <total> over the root stage time estimates parallelism.
[17.526s][info   ][gc,stats    ] 
[17.526s][info   ][gc,stats    ] Concurrent Reset                   4487 us
[17.526s][info   ][gc,stats    ] Pause Init Mark (G)                2411 us
[17.526s][info   ][gc,stats    ] Pause Init Mark (N)                 229 us
[17.526s][info   ][gc,stats    ]   Update Region States              132 us
[17.526s][info   ][gc,stats    ] Concurrent Mark Roots               504 us, parallelism: 0.69x
[17.526s][info   ][gc,stats    ]   CMR: <total>                      346 us
[17.526s][info   ][gc,stats    ]   CMR: Thread Roots                 280 us, workers (us): 280, ---, 
[17.526s][info   ][gc,stats    ]   CMR: VM Strong Roots               11 us, workers (us):  11, ---, 
[17.526s][info   ][gc,stats    ]   CMR: CLDG Roots                    54 us, workers (us):  54, ---, 
[17.526s][info   ][gc,stats    ] Concurrent Marking                22264 us
[17.526s][info   ][gc,stats    ] Pause Final Mark (G)               3098 us
[17.526s][info   ][gc,stats    ] Pause Final Mark (N)               1386 us
[17.526s][info   ][gc,stats    ]   Finish Mark                      1019 us
[17.526s][info   ][gc,stats    ]   Update Region States              117 us
[17.526s][info   ][gc,stats    ]   Choose Collection Set             156 us
[17.526s][info   ][gc,stats    ]   Rebuild Free Set                   10 us
[17.526s][info   ][gc,stats    ] Concurrent Weak References         5702 us, parallelism: 0.00x
[17.526s][info   ][gc,stats    ]   CWRF: <total>                      14 us
[17.526s][info   ][gc,stats    ]   CWRF: Weak References              14 us, workers (us):  14, ---, 
[17.526s][info   ][gc,stats    ] Concurrent Weak Roots             19302 us
[17.526s][info   ][gc,stats    ]   Roots                            5362 us, parallelism: 0.06x
[17.526s][info   ][gc,stats    ]     CWR: <total>                    311 us
[17.526s][info   ][gc,stats    ]     CWR: Code Cache Roots           182 us, workers (us): 182, ---, 
[17.526s][info   ][gc,stats    ]     CWR: VM Weak Roots              121 us, workers (us): 121, ---, 
[17.526s][info   ][gc,stats    ]     CWR: CLDG Roots                   8 us, workers (us):   8, ---, 
[17.526s][info   ][gc,stats    ]   Rendezvous                      13589 us
[17.526s][info   ][gc,stats    ] Concurrent Cleanup                 1777 us
[17.526s][info   ][gc,stats    ] Concurrent Class Unloading         8076 us
[17.526s][info   ][gc,stats    ]   Unlink Stale                     2827 us
[17.526s][info   ][gc,stats    ]     System Dictionary                22 us
[17.526s][info   ][gc,stats    ]     Weak Class Links                  2 us
[17.526s][info   ][gc,stats    ]     Code Roots                     2793 us
[17.526s][info   ][gc,stats    ]   Rendezvous                       4804 us
[17.526s][info   ][gc,stats    ]   Purge Unlinked                    132 us
[17.526s][info   ][gc,stats    ]     Code Roots                       95 us
[17.526s][info   ][gc,stats    ]     CLDG                             33 us
[17.526s][info   ][gc,stats    ]     Exception Caches                  2 us
[17.526s][info   ][gc,stats    ] Pause Final Roots (G)              6656 us
[17.526s][info   ][gc,stats    ] Pause Final Roots (N)               203 us
[17.526s][info   ][gc,stats    ] Pacing                            64038 us
[17.526s][info   ][gc,stats    ] 
[17.526s][info   ][gc,stats    ] Allocation pacing accrued:
[17.526s][info   ][gc,stats    ]       7 of   144 ms (  4.9%): Thread-0
[17.526s][info   ][gc,stats    ]       6 of   144 ms (  4.2%): Thread-1
[17.526s][info   ][gc,stats    ]       6 of   144 ms (  4.0%): Thread-2
[17.526s][info   ][gc,stats    ]      16 of   144 ms ( 10.8%): Thread-3
[17.526s][info   ][gc,stats    ]       9 of   144 ms (  6.3%): Thread-4
[17.526s][info   ][gc,stats    ]       6 of   144 ms (  4.1%): Thread-5
[17.526s][info   ][gc,stats    ]       6 of   144 ms (  4.2%): Thread-6
[17.526s][info   ][gc,stats    ]       9 of   144 ms (  6.0%): Thread-7
[17.526s][info   ][gc,stats    ]      64 of   144 ms ( 44.5%): <total>
[17.526s][info   ][gc,stats    ]       3 of   144 ms (  2.3%): <average total>
[17.526s][info   ][gc,stats    ]       8 of   144 ms (  5.6%): <average non-zero>
[17.526s][info   ][gc,stats    ] 
[17.526s][info   ][gc,metaspace] Metaspace: 213K(448K)->213K(448K) NonClass: 204K(320K)->204K(320K) Class: 9K(128K)->9K(128K)
[17.526s][info   ][gc,ergo     ] Pacer for Idle. Initial: 41943K, Alloc Tax Rate: 1.0x
[17.529s][info   ][gc          ] Trigger: Average GC time (100.35 ms) is above the time for average allocation rate (14288 MB/s) to deplete free headroom (873M) (margin of error = 1.97)
