[0.001s][warning][gc] -XX:+PrintGCDetails is deprecated. Will use -Xlog:gc* instead.
[0.004s][info   ][gc,init] Initializing The Z Garbage Collector
[0.004s][info   ][gc,init] Version: 17.0.12+7 (release)
[0.004s][info   ][gc,init] NUMA Support: Disabled
[0.004s][info   ][gc,init] CPUs: 4 total, 4 available
[0.004s][info   ][gc,init] Memory: 3868M
[0.004s][info   ][gc,init] Large Page Support: Disabled
[0.004s][info   ][gc,init] GC Workers: 1 (dynamic)
[0.004s][info   ][gc,init] Address Space Type: Contiguous/Unrestricted/Complete
[0.004s][info   ][gc,init] Address Space Size: 32768M x 3 = 98304M
[0.004s][info   ][gc,init] Heap Backing File: /memfd:java_heap
[0.004s][info   ][gc,init] Heap Backing Filesystem: tmpfs (0x1021994)
[0.004s][info   ][gc,init] Min Capacity: 2048M
[0.004s][info   ][gc,init] Initial Capacity: 2048M
[0.004s][info   ][gc,init] Max Capacity: 2048M
[0.004s][info   ][gc,init] Medium Page Size: 32M
[0.004s][info   ][gc,init] Pre-touch: Disabled
[0.004s][info   ][gc,init] Available space on backing filesystem: N/A
[0.004s][info   ][gc,init] Uncommit: Implicitly Disabled (-Xms equals -Xmx)
[0.758s][info   ][gc,init] Runtime Workers: 3
[0.758s][info   ][gc     ] Using The Z Garbage Collector
[0.767s][info   ][gc,metaspace] CDS archive(s) mapped at: [0x00007d432f000000-0x00007d432fb9f000-0x00007d432fb9f000), size 12185600, SharedBaseAddress: 0x00007d432f000000, ArchiveRelocationMode: 1.
[0.767s][info   ][gc,metaspace] Compressed class space mapped at: 0x00007d4330000000-0x00007d4370000000, reserved size: 1073741824
[0.767s][info   ][gc,metaspace] Narrow klass base: 0x00007d432f000000, Narrow klass shift: 0, Narrow klass range: 0x100000000
[0.880s][info   ][gc,start    ] GC(0) Garbage Collection (Warmup)
[0.880s][info   ][gc,task     ] GC(0) Using 1 workers
[0.880s][info   ][gc,phases   ] GC(0) Pause Mark Start 0.011ms
[0.904s][info   ][gc,phases   ] GC(0) Concurrent Mark 21.002ms
[0.904s][info   ][gc,phases   ] GC(0) Pause Mark End 0.021ms
[0.910s][info   ][gc,phases   ] GC(0) Concurrent Mark Free 0.002ms
[0.921s][info   ][gc,phases   ] GC(0) Concurrent Process Non-Strong References 11.046ms
[0.921s][info   ][gc,phases   ] GC(0) Concurrent Reset Relocation Set 0.001ms
[0.941s][info   ][gc,phases   ] GC(0) Concurrent Select Relocation Set 19.848ms
[0.942s][info   ][gc,phases   ] GC(0) Pause Relocate Start 0.021ms
[0.998s][info   ][gc,phases   ] GC(0) Concurrent Relocate 51.436ms
[0.998s][info   ][gc,load     ] GC(0) Load: 3.22/2.88/1.93
[0.998s][info   ][gc,mmu      ] GC(0) MMU: 2ms/98.9%, 5ms/99.6%, 10ms/99.8%, 20ms/99.9%, 50ms/99.9%, 100ms/99.9%
[0.998s][info   ][gc,marking  ] GC(0) Mark: 1 stripe(s), 2 proactive flush(es), 1 terminate flush(es), 0 completion(s), 0 continuation(s) 
[0.998s][info   ][gc,marking  ] GC(0) Mark Stack Usage: 32M
[0.998s][info   ][gc,nmethod  ] GC(0) NMethods: 92 registered, 0 unregistered
[0.999s][info   ][gc,metaspace] GC(0) Metaspace: 0M used, 0M committed, 1088M reserved
[0.999s][info   ][gc,ref      ] GC(0) Soft: 11 encountered, 0 discovered, 0 enqueued
[0.999s][info   ][gc,ref      ] GC(0) Weak: 45 encountered, 36 discovered, 8 enqueued
[0.999s][info   ][gc,ref      ] GC(0) Final: 0 encountered, 0 discovered, 0 enqueued
[0.999s][info   ][gc,ref      ] GC(0) Phantom: 6 encountered, 3 discovered, 1 enqueued
[0.999s][info   ][gc,reloc    ] GC(0) Small Pages: 4 / 8M, Empty: 2M, Relocated: 0M, In-Place: 0
[0.999s][info   ][gc,reloc    ] GC(0) Medium Pages: 12 / 384M, Empty: 288M, Relocated: 24M, In-Place: 0
[0.999s][info   ][gc,reloc    ] GC(0) Large Pages: 0 / 0M, Empty: 0M, Relocated: 0M, In-Place: 0
[0.999s][info   ][gc,reloc    ] GC(0) Forwarding Usage: 0M
[0.999s][info   ][gc,heap     ] GC(0) Min Capacity: 2048M(100%)
[0.999s][info   ][gc,heap     ] GC(0) Max Capacity: 2048M(100%)
[0.999s][info   ][gc,heap     ] GC(0) Soft Max Capacity: 2048M(100%)
[0.999s][info   ][gc,heap     ] GC(0)                Mark Start          Mark End        Relocate Start      Relocate End           High               Low         
[0.999s][info   ][gc,heap     ] GC(0)  Capacity:     2048M (100%)       2048M (100%)       2048M (100%)       2048M (100%)       2048M (100%)       2048M (100%)   
[0.999s][info   ][gc,heap     ] GC(0)      Free:     1656M (81%)        1526M (75%)        1618M (79%)        1302M (64%)        1656M (81%)        1300M (63%)    
[0.999s][info   ][gc,heap     ] GC(0)      Used:      392M (19%)         522M (25%)         430M (21%)         746M (36%)         748M (37%)         392M (19%)    
[0.999s][info   ][gc,heap     ] GC(0)      Live:         -                24M (1%)           24M (1%)           24M (1%)             -                  -          
[0.999s][info   ][gc,heap     ] GC(0) Allocated:         -               130M (6%)          328M (16%)         711M (35%)            -                  -          
[0.999s][info   ][gc,heap     ] GC(0)   Garbage:         -               367M (18%)          77M (4%)            9M (0%)             -                  -          
[0.999s][info   ][gc,heap     ] GC(0) Reclaimed:         -                  -               290M (14%)         357M (17%)            -                  -          
[0.999s][info   ][gc          ] GC(0) Garbage Collection (Warmup) 392M(19%)->746M(36%)
[1.076s][info   ][gc,start    ] GC(1) Garbage Collection (Warmup)
[1.076s][info   ][gc,task     ] GC(1) Using 1 workers
[1.076s][info   ][gc,phases   ] GC(1) Pause Mark Start 0.013ms
[1.103s][info   ][gc,phases   ] GC(1) Concurrent Mark 26.855ms
[1.104s][info   ][gc,phases   ] GC(1) Pause Mark End 0.021ms
[1.110s][info   ][gc,phases   ] GC(1) Concurrent Mark Free 0.004ms
[1.116s][info   ][gc,phases   ] GC(1) Concurrent Process Non-Strong References 6.019ms
[1.116s][info   ][gc,phases   ] GC(1) Concurrent Reset Relocation Set 0.003ms
[1.123s][info   ][gc,phases   ] GC(1) Concurrent Select Relocation Set 6.536ms
[1.123s][info   ][gc,phases   ] GC(1) Pause Relocate Start 0.020ms
[1.170s][info   ][gc,phases   ] GC(1) Concurrent Relocate 47.262ms
[1.170s][info   ][gc,load     ] GC(1) Load: 3.22/2.88/1.93
[1.170s][info   ][gc,mmu      ] GC(1) MMU: 2ms/98.9%, 5ms/99.6%, 10ms/99.8%, 20ms/99.8%, 50ms/99.9%, 100ms/99.9%
[1.170s][info   ][gc,marking  ] GC(1) Mark: 1 stripe(s), 2 proactive flush(es), 1 terminate flush(es), 0 completion(s), 0 continuation(s) 
[1.170s][info   ][gc,marking  ] GC(1) Mark Stack Usage: 32M
[1.170s][info   ][gc,nmethod  ] GC(1) NMethods: 93 registered, 0 unregistered
[1.170s][info   ][gc,metaspace] GC(1) Metaspace: 0M used, 0M committed, 1088M reserved
[1.171s][info   ][gc,ref      ] GC(1) Soft: 11 encountered, 0 discovered, 0 enqueued
[1.171s][info   ][gc,ref      ] GC(1) Weak: 37 encountered, 28 discovered, 0 enqueued
[1.171s][info   ][gc,ref      ] GC(1) Final: 0 encountered, 0 discovered, 0 enqueued
[1.171s][info   ][gc,ref      ] GC(1) Phantom: 5 encountered, 2 discovered, 0 enqueued
[1.171s][info   ][gc,reloc    ] GC(1) Small Pages: 5 / 10M, Empty: 0M, Relocated: 0M, In-Place: 0
[1.171s][info   ][gc,reloc    ] GC(1) Medium Pages: 35 / 1120M, Empty: 896M, Relocated: 16M, In-Place: 0
[1.171s][info   ][gc,reloc    ] GC(1) Large Pages: 0 / 0M, Empty: 0M, Relocated: 0M, In-Place: 0
[1.171s][info   ][gc,reloc    ] GC(1) Forwarding Usage: 0M
[1.171s][info   ][gc,heap     ] GC(1) Min Capacity: 2048M(100%)
[1.171s][info   ][gc,heap     ] GC(1) Max Capacity: 2048M(100%)
[1.171s][info   ][gc,heap     ] GC(1) Soft Max Capacity: 2048M(100%)
[1.171s][info   ][gc,heap     ] GC(1)                Mark Start          Mark End        Relocate Start      Relocate End           High               Low         
[1.171s][info   ][gc,heap     ] GC(1)  Capacity:     2048M (100%)       2048M (100%)       2048M (100%)       2048M (100%)       2048M (100%)       2048M (100%)   
[1.171s][info   ][gc,heap     ] GC(1)      Free:      918M (45%)         754M (37%)        1554M (76%)        1334M (65%)        1586M (77%)         690M (34%)    
[1.171s][info   ][gc,heap     ] GC(1)      Used:     1130M (55%)        1294M (63%)         494M (24%)         714M (35%)        1358M (66%)         462M (23%)    
[1.171s][info   ][gc,heap     ] GC(1)      Live:         -                55M (3%)           55M (3%)           55M (3%)             -                  -          
[1.171s][info   ][gc,heap     ] GC(1) Allocated:         -               164M (8%)          260M (13%)         615M (30%)            -                  -          
[1.171s][info   ][gc,heap     ] GC(1)   Garbage:         -              1074M (52%)         178M (9%)           42M (2%)             -                  -          
[1.171s][info   ][gc,heap     ] GC(1) Reclaimed:         -                  -               896M (44%)        1031M (50%)            -                  -          
[1.171s][info   ][gc          ] GC(1) Garbage Collection (Warmup) 1130M(55%)->714M(35%)
[1.180s][info   ][gc,start    ] GC(2) Garbage Collection (Warmup)
[1.180s][info   ][gc,task     ] GC(2) Using 1 workers
[1.181s][info   ][gc,phases   ] GC(2) Pause Mark Start 0.011ms
[1.215s][info   ][gc,phases   ] GC(2) Concurrent Mark 27.935ms
[1.216s][info   ][gc,phases   ] GC(2) Pause Mark End 0.019ms
[1.216s][info   ][gc,phases   ] GC(2) Concurrent Mark Free 0.002ms
[1.225s][info   ][gc,phases   ] GC(2) Concurrent Process Non-Strong References 9.216ms
[1.225s][info   ][gc,phases   ] GC(2) Concurrent Reset Relocation Set 0.006ms
[1.229s][info   ][gc,phases   ] GC(2) Concurrent Select Relocation Set 3.544ms
[1.229s][info   ][gc,phases   ] GC(2) Pause Relocate Start 0.014ms
[1.303s][info   ][gc,phases   ] GC(2) Concurrent Relocate 67.813ms
[1.303s][info   ][gc,load     ] GC(2) Load: 3.22/2.88/1.93
[1.303s][info   ][gc,mmu      ] GC(2) MMU: 2ms/98.9%, 5ms/99.6%, 10ms/99.8%, 20ms/99.8%, 50ms/99.9%, 100ms/99.9%
[1.303s][info   ][gc,marking  ] GC(2) Mark: 1 stripe(s), 2 proactive flush(es), 1 terminate flush(es), 0 completion(s), 0 continuation(s) 
[1.303s][info   ][gc,marking  ] GC(2) Mark Stack Usage: 32M
[1.303s][info   ][gc,nmethod  ] GC(2) NMethods: 95 registered, 0 unregistered
[1.303s][info   ][gc,metaspace] GC(2) Metaspace: 0M used, 0M committed, 1088M reserved
[1.303s][info   ][gc,ref      ] GC(2) Soft: 11 encountered, 0 discovered, 0 enqueued
[1.303s][info   ][gc,ref      ] GC(2) Weak: 37 encountered, 28 discovered, 0 enqueued
[1.303s][info   ][gc,ref      ] GC(2) Final: 0 encountered, 0 discovered, 0 enqueued
[1.303s][info   ][gc,ref      ] GC(2) Phantom: 5 encountered, 2 discovered, 0 enqueued
[1.303s][info   ][gc,reloc    ] GC(2) Small Pages: 5 / 10M, Empty: 0M, Relocated: 0M, In-Place: 0
[1.303s][info   ][gc,reloc    ] GC(2) Medium Pages: 24 / 768M, Empty: 576M, Relocated: 21M, In-Place: 0
[1.303s][info   ][gc,reloc    ] GC(2) Large Pages: 0 / 0M, Empty: 0M, Relocated: 0M, In-Place: 0
[1.303s][info   ][gc,reloc    ] GC(2) Forwarding Usage: 0M
[1.303s][info   ][gc,heap     ] GC(2) Min Capacity: 2048M(100%)
[1.303s][info   ][gc,heap     ] GC(2) Max Capacity: 2048M(100%)
[1.303s][info   ][gc,heap     ] GC(2) Soft Max Capacity: 2048M(100%)
[1.303s][info   ][gc,heap     ] GC(2)                Mark Start          Mark End        Relocate Start      Relocate End           High               Low         
[1.303s][info   ][gc,heap     ] GC(2)  Capacity:     2048M (100%)       2048M (100%)       2048M (100%)       2048M (100%)       2048M (100%)       2048M (100%)   
[1.303s][info   ][gc,heap     ] GC(2)      Free:     1270M (62%)        1014M (50%)        1494M (73%)        1174M (57%)        1526M (75%)         950M (46%)    
[1.303s][info   ][gc,heap     ] GC(2)      Used:      778M (38%)        1034M (50%)         554M (27%)         874M (43%)        1098M (54%)         522M (25%)    
[1.303s][info   ][gc,heap     ] GC(2)      Live:         -                44M (2%)           44M (2%)           44M (2%)             -                  -          
[1.303s][info   ][gc,heap     ] GC(2) Allocated:         -               256M (12%)         352M (17%)         807M (39%)            -                  -          
[1.303s][info   ][gc,heap     ] GC(2)   Garbage:         -               733M (36%)         157M (8%)           21M (1%)             -                  -          
[1.303s][info   ][gc,heap     ] GC(2) Reclaimed:         -                  -               576M (28%)         711M (35%)            -                  -          
[1.303s][info   ][gc          ] GC(2) Garbage Collection (Warmup) 778M(38%)->874M(43%)
[1.380s][info   ][gc,start    ] GC(3) Garbage Collection (Allocation Rate)
[1.380s][info   ][gc,task     ] GC(3) Using 1 workers
[1.380s][info   ][gc,phases   ] GC(3) Pause Mark Start 0.011ms
[1.412s][info   ][gc,phases   ] GC(3) Concurrent Mark 25.895ms
[1.412s][info   ][gc,phases   ] GC(3) Pause Mark End 0.031ms
[1.418s][info   ][gc,phases   ] GC(3) Concurrent Mark Free 0.003ms
[1.430s][info   ][gc,phases   ] GC(3) Concurrent Process Non-Strong References 11.884ms
[1.430s][info   ][gc,phases   ] GC(3) Concurrent Reset Relocation Set 0.003ms
[1.431s][info   ][gc,phases   ] GC(3) Concurrent Select Relocation Set 1.273ms
[1.431s][info   ][gc,phases   ] GC(3) Pause Relocate Start 0.014ms
[1.475s][info   ][gc,phases   ] GC(3) Concurrent Relocate 39.993ms
[1.475s][info   ][gc,load     ] GC(3) Load: 3.22/2.88/1.93
[1.475s][info   ][gc,mmu      ] GC(3) MMU: 2ms/98.4%, 5ms/99.4%, 10ms/99.7%, 20ms/99.8%, 50ms/99.9%, 100ms/99.9%
[1.475s][info   ][gc,marking  ] GC(3) Mark: 1 stripe(s), 2 proactive flush(es), 1 terminate flush(es), 0 completion(s), 0 continuation(s) 
[1.475s][info   ][gc,marking  ] GC(3) Mark Stack Usage: 32M
[1.475s][info   ][gc,nmethod  ] GC(3) NMethods: 95 registered, 0 unregistered
[1.475s][info   ][gc,metaspace] GC(3) Metaspace: 0M used, 0M committed, 1088M reserved
[1.475s][info   ][gc,ref      ] GC(3) Soft: 11 encountered, 0 discovered, 0 enqueued
[1.475s][info   ][gc,ref      ] GC(3) Weak: 37 encountered, 28 discovered, 0 enqueued
[1.475s][info   ][gc,ref      ] GC(3) Final: 0 encountered, 0 discovered, 0 enqueued
[1.475s][info   ][gc,ref      ] GC(3) Phantom: 5 encountered, 2 discovered, 0 enqueued
[1.475s][info   ][gc,reloc    ] GC(3) Small Pages: 5 / 10M, Empty: 0M, Relocated: 0M, In-Place: 0
[1.475s][info   ][gc,reloc    ] GC(3) Medium Pages: 45 / 1440M, Empty: 1248M, Relocated: 23M, In-Place: 0
[1.475s][info   ][gc,reloc    ] GC(3) Large Pages: 0 / 0M, Empty: 0M, Relocated: 0M, In-Place: 0
[1.475s][info   ][gc,reloc    ] GC(3) Forwarding Usage: 0M
[1.475s][info   ][gc,heap     ] GC(3) Min Capacity: 2048M(100%)
[1.475s][info   ][gc,heap     ] GC(3) Max Capacity: 2048M(100%)
[1.475s][info   ][gc,heap     ] GC(3) Soft Max Capacity: 2048M(100%)
[1.475s][info   ][gc,heap     ] GC(3)                Mark Start          Mark End        Relocate Start      Relocate End           High               Low         
[1.475s][info   ][gc,heap     ] GC(3)  Capacity:     2048M (100%)       2048M (100%)       2048M (100%)       2048M (100%)       2048M (100%)       2048M (100%)   
[1.475s][info   ][gc,heap     ] GC(3)      Free:      598M (29%)         406M (20%)        1558M (76%)        1398M (68%)        1614M (79%)         310M (15%)    
[1.475s][info   ][gc,heap     ] GC(3)      Used:     1450M (71%)        1642M (80%)         490M (24%)         650M (32%)        1738M (85%)         434M (21%)    
[1.475s][info   ][gc,heap     ] GC(3)      Live:         -                39M (2%)           39M (2%)           39M (2%)             -                  -          
[1.476s][info   ][gc,heap     ] GC(3) Allocated:         -               192M (9%)          288M (14%)         583M (29%)            -                  -          
[1.476s][info   ][gc,heap     ] GC(3)   Garbage:         -              1410M (69%)         162M (8%)           26M (1%)             -                  -          
[1.476s][info   ][gc,heap     ] GC(3) Reclaimed:         -                  -              1248M (61%)        1383M (68%)            -                  -          
[1.476s][info   ][gc          ] GC(3) Garbage Collection (Allocation Rate) 1450M(71%)->650M(32%)
[1.482s][info   ][gc,start    ] GC(4) Garbage Collection (Allocation Rate)
[1.482s][info   ][gc,task     ] GC(4) Using 1 workers
[1.482s][info   ][gc,phases   ] GC(4) Pause Mark Start 0.016ms
[1.510s][info   ][gc,phases   ] GC(4) Concurrent Mark 27.444ms
[1.515s][info   ][gc,phases   ] GC(4) Pause Mark End 0.019ms
[1.521s][info   ][gc,phases   ] GC(4) Concurrent Mark Free 0.004ms
[1.528s][info   ][gc,phases   ] GC(4) Concurrent Process Non-Strong References 7.145ms
[1.528s][info   ][gc,phases   ] GC(4) Concurrent Reset Relocation Set 0.012ms
[1.530s][info   ][gc,phases   ] GC(4) Concurrent Select Relocation Set 1.459ms
[1.530s][info   ][gc,phases   ] GC(4) Pause Relocate Start 0.018ms
[1.639s][info   ][gc,phases   ] GC(4) Concurrent Relocate 106.503ms
[1.640s][info   ][gc,load     ] GC(4) Load: 3.60/2.96/1.96
[1.640s][info   ][gc,mmu      ] GC(4) MMU: 2ms/98.4%, 5ms/99.4%, 10ms/99.7%, 20ms/99.8%, 50ms/99.9%, 100ms/99.9%
[1.640s][info   ][gc,marking  ] GC(4) Mark: 1 stripe(s), 2 proactive flush(es), 1 terminate flush(es), 0 completion(s), 0 continuation(s) 
[1.640s][info   ][gc,marking  ] GC(4) Mark Stack Usage: 32M
[1.640s][info   ][gc,nmethod  ] GC(4) NMethods: 95 registered, 0 unregistered
[1.640s][info   ][gc,metaspace] GC(4) Metaspace: 0M used, 0M committed, 1088M reserved
[1.640s][info   ][gc,ref      ] GC(4) Soft: 11 encountered, 0 discovered, 0 enqueued
[1.640s][info   ][gc,ref      ] GC(4) Weak: 37 encountered, 28 discovered, 0 enqueued
[1.640s][info   ][gc,ref      ] GC(4) Final: 0 encountered, 0 discovered, 0 enqueued
[1.640s][info   ][gc,ref      ] GC(4) Phantom: 5 encountered, 2 discovered, 0 enqueued
[1.640s][info   ][gc,reloc    ] GC(4) Small Pages: 5 / 10M, Empty: 0M, Relocated: 0M, In-Place: 0
[1.640s][info   ][gc,reloc    ] GC(4) Medium Pages: 22 / 704M, Empty: 480M, Relocated: 52M, In-Place: 0
[1.640s][info   ][gc,reloc    ] GC(4) Large Pages: 0 / 0M, Empty: 0M, Relocated: 0M, In-Place: 0
[1.640s][info   ][gc,reloc    ] GC(4) Forwarding Usage: 0M
[1.640s][info   ][gc,heap     ] GC(4) Min Capacity: 2048M(100%)
[1.640s][info   ][gc,heap     ] GC(4) Max Capacity: 2048M(100%)
[1.640s][info   ][gc,heap     ] GC(4) Soft Max Capacity: 2048M(100%)
[1.640s][info   ][gc,heap     ] GC(4)                Mark Start          Mark End        Relocate Start      Relocate End           High               Low         
[1.640s][info   ][gc,heap     ] GC(4)  Capacity:     2048M (100%)       2048M (100%)       2048M (100%)       2048M (100%)       2048M (100%)       2048M (100%)   
[1.640s][info   ][gc,heap     ] GC(4)      Free:     1334M (65%)        1142M (56%)        1526M (75%)         982M (48%)        1526M (75%)         980M (48%)    
[1.640s][info   ][gc,heap     ] GC(4)      Used:      714M (35%)         906M (44%)         522M (25%)        1066M (52%)        1068M (52%)         522M (25%)    
[1.640s][info   ][gc,heap     ] GC(4)      Live:         -                52M (3%)           52M (3%)           52M (3%)             -                  -          
[1.640s][info   ][gc,heap     ] GC(4) Allocated:         -               192M (9%)          288M (14%)         998M (49%)            -                  -          
[1.640s][info   ][gc,heap     ] GC(4)   Garbage:         -               661M (32%)         181M (9%)           14M (1%)             -                  -          
[1.640s][info   ][gc,heap     ] GC(4) Reclaimed:         -                  -               480M (23%)         646M (32%)            -                  -          
[1.640s][info   ][gc          ] GC(4) Garbage Collection (Allocation Rate) 714M(35%)->1066M(52%)
[1.676s][info   ][gc,start    ] GC(5) Garbage Collection (Allocation Rate)
[1.676s][info   ][gc,task     ] GC(5) Using 1 workers
[1.676s][info   ][gc,phases   ] GC(5) Pause Mark Start 0.014ms
[1.709s][info   ][gc,phases   ] GC(5) Concurrent Mark 26.962ms
[1.715s][info   ][gc,phases   ] GC(5) Pause Mark End 0.037ms
[1.721s][info   ][gc,phases   ] GC(5) Concurrent Mark Free 0.004ms
[1.727s][info   ][gc,phases   ] GC(5) Concurrent Process Non-Strong References 6.035ms
[1.727s][info   ][gc,phases   ] GC(5) Concurrent Reset Relocation Set 0.003ms
[1.730s][info   ][gc,phases   ] GC(5) Concurrent Select Relocation Set 3.012ms
[1.732s][info   ][gc,phases   ] GC(5) Pause Relocate Start 0.025ms
[1.773s][info   ][gc,phases   ] GC(5) Concurrent Relocate 34.678ms
[1.773s][info   ][gc,load     ] GC(5) Load: 3.60/2.96/1.96
[1.773s][info   ][gc,mmu      ] GC(5) MMU: 2ms/98.1%, 5ms/99.3%, 10ms/99.6%, 20ms/99.7%, 50ms/99.9%, 100ms/99.9%
[1.773s][info   ][gc,marking  ] GC(5) Mark: 1 stripe(s), 2 proactive flush(es), 1 terminate flush(es), 0 completion(s), 0 continuation(s) 
[1.773s][info   ][gc,marking  ] GC(5) Mark Stack Usage: 32M
[1.773s][info   ][gc,nmethod  ] GC(5) NMethods: 99 registered, 0 unregistered
[1.773s][info   ][gc,metaspace] GC(5) Metaspace: 0M used, 0M committed, 1088M reserved
[1.773s][info   ][gc,ref      ] GC(5) Soft: 11 encountered, 0 discovered, 0 enqueued
[1.773s][info   ][gc,ref      ] GC(5) Weak: 37 encountered, 28 discovered, 0 enqueued
[1.773s][info   ][gc,ref      ] GC(5) Final: 0 encountered, 0 discovered, 0 enqueued
[1.773s][info   ][gc,ref      ] GC(5) Phantom: 5 encountered, 2 discovered, 0 enqueued
[1.773s][info   ][gc,reloc    ] GC(5) Small Pages: 5 / 10M, Empty: 0M, Relocated: 0M, In-Place: 0
[1.773s][info   ][gc,reloc    ] GC(5) Medium Pages: 41 / 1312M, Empty: 1152M, Relocated: 22M, In-Place: 0
[1.773s][info   ][gc,reloc    ] GC(5) Large Pages: 0 / 0M, Empty: 0M, Relocated: 0M, In-Place: 0
[1.773s][info   ][gc,reloc    ] GC(5) Forwarding Usage: 0M
[1.773s][info   ][gc,heap     ] GC(5) Min Capacity: 2048M(100%)
[1.773s][info   ][gc,heap     ] GC(5) Max Capacity: 2048M(100%)
[1.773s][info   ][gc,heap     ] GC(5) Soft Max Capacity: 2048M(100%)
[1.773s][info   ][gc,heap     ] GC(5)                Mark Start          Mark End        Relocate Start      Relocate End           High               Low         
[1.773s][info   ][gc,heap     ] GC(5)  Capacity:     2048M (100%)       2048M (100%)       2048M (100%)       2048M (100%)       2048M (100%)       2048M (100%)   
[1.773s][info   ][gc,heap     ] GC(5)      Free:      726M (35%)         502M (25%)        1588M (78%)        1366M (67%)        1588M (78%)         436M (21%)    
[1.773s][info   ][gc,heap     ] GC(5)      Used:     1322M (65%)        1546M (75%)         460M (22%)         682M (33%)        1612M (79%)         460M (22%)    
[1.773s][info   ][gc,heap     ] GC(5)      Live:         -                40M (2%)           40M (2%)           40M (2%)             -                  -          
[1.773s][info   ][gc,heap     ] GC(5) Allocated:         -               224M (11%)         290M (14%)         615M (30%)            -                  -          
[1.773s][info   ][gc,heap     ] GC(5)   Garbage:         -              1281M (63%)         129M (6%)           25M (1%)             -                  -          
[1.773s][info   ][gc,heap     ] GC(5) Reclaimed:         -                  -              1152M (56%)        1255M (61%)            -                  -          
[1.773s][info   ][gc          ] GC(5) Garbage Collection (Allocation Rate) 1322M(65%)->682M(33%)
[1.777s][info   ][gc,start    ] GC(6) Garbage Collection (Allocation Rate)
[1.777s][info   ][gc,task     ] GC(6) Using 1 workers
[1.777s][info   ][gc,phases   ] GC(6) Pause Mark Start 0.018ms
[1.808s][info   ][gc,phases   ] GC(6) Concurrent Mark 30.109ms
[1.809s][info   ][gc,phases   ] GC(6) Pause Mark End 0.031ms
[1.811s][info   ][gc,phases   ] GC(6) Concurrent Mark Free 0.002ms
[1.822s][info   ][gc,phases   ] GC(6) Concurrent Process Non-Strong References 10.981ms
[1.822s][info   ][gc,phases   ] GC(6) Concurrent Reset Relocation Set 0.003ms
[1.826s][info   ][gc,phases   ] GC(6) Concurrent Select Relocation Set 3.853ms
[1.827s][info   ][gc,phases   ] GC(6) Pause Relocate Start 0.015ms
[1.866s][info   ][gc,phases   ] GC(6) Concurrent Relocate 38.843ms
[1.866s][info   ][gc,load     ] GC(6) Load: 3.60/2.96/1.96
[1.866s][info   ][gc,mmu      ] GC(6) MMU: 2ms/98.1%, 5ms/99.3%, 10ms/99.6%, 20ms/99.7%, 50ms/99.9%, 100ms/99.9%
[1.866s][info   ][gc,marking  ] GC(6) Mark: 1 stripe(s), 2 proactive flush(es), 1 terminate flush(es), 0 completion(s), 0 continuation(s) 
[1.866s][info   ][gc,marking  ] GC(6) Mark Stack Usage: 32M
[1.866s][info   ][gc,nmethod  ] GC(6) NMethods: 99 registered, 0 unregistered
[1.866s][info   ][gc,metaspace] GC(6) Metaspace: 0M used, 0M committed, 1088M reserved
[1.866s][info   ][gc,ref      ] GC(6) Soft: 11 encountered, 0 discovered, 0 enqueued
[1.866s][info   ][gc,ref      ] GC(6) Weak: 37 encountered, 28 discovered, 0 enqueued
[1.866s][info   ][gc,ref      ] GC(6) Final: 0 encountered, 0 discovered, 0 enqueued
[1.866s][info   ][gc,ref      ] GC(6) Phantom: 5 encountered, 2 discovered, 0 enqueued
[1.866s][info   ][gc,reloc    ] GC(6) Small Pages: 5 / 10M, Empty: 0M, Relocated: 0M, In-Place: 0
[1.866s][info   ][gc,reloc    ] GC(6) Medium Pages: 22 / 704M, Empty: 512M, Relocated: 23M, In-Place: 0
[1.866s][info   ][gc,reloc    ] GC(6) Large Pages: 0 / 0M, Empty: 0M, Relocated: 0M, In-Place: 0
[1.866s][info   ][gc,reloc    ] GC(6) Forwarding Usage: 0M
[1.866s][info   ][gc,heap     ] GC(6) Min Capacity: 2048M(100%)
[1.866s][info   ][gc,heap     ] GC(6) Max Capacity: 2048M(100%)
[1.866s][info   ][gc,heap     ] GC(6) Soft Max Capacity: 2048M(100%)
[1.866s][info   ][gc,heap     ] GC(6)                Mark Start          Mark End        Relocate Start      Relocate End           High               Low         
[1.866s][info   ][gc,heap     ] GC(6)  Capacity:     2048M (100%)       2048M (100%)       2048M (100%)       2048M (100%)       2048M (100%)       2048M (100%)   
[1.866s][info   ][gc,heap     ] GC(6)      Free:     1334M (65%)        1142M (56%)        1558M (76%)        1430M (70%)        1590M (78%)        1078M (53%)    
[1.866s][info   ][gc,heap     ] GC(6)      Used:      714M (35%)         906M (44%)         490M (24%)         618M (30%)         970M (47%)         458M (22%)    
[1.866s][info   ][gc,heap     ] GC(6)      Live:         -                40M (2%)           40M (2%)           40M (2%)             -                  -          
[1.866s][info   ][gc,heap     ] GC(6) Allocated:         -               192M (9%)          288M (14%)         551M (27%)            -                  -          
[1.866s][info   ][gc,heap     ] GC(6)   Garbage:         -               673M (33%)         161M (8%)           25M (1%)             -                  -          
[1.866s][info   ][gc,heap     ] GC(6) Reclaimed:         -                  -               512M (25%)         647M (32%)            -                  -          
[1.866s][info   ][gc          ] GC(6) Garbage Collection (Allocation Rate) 714M(35%)->618M(30%)
[1.881s][info   ][gc,start    ] GC(7) Garbage Collection (Allocation Rate)
[1.881s][info   ][gc,task     ] GC(7) Using 1 workers
[1.884s][info   ][gc,phases   ] GC(7) Pause Mark Start 0.014ms
[1.919s][info   ][gc,phases   ] GC(7) Concurrent Mark 35.083ms
[1.920s][info   ][gc,phases   ] GC(7) Pause Mark End 0.017ms
[1.921s][info   ][gc,phases   ] GC(7) Concurrent Mark Free 0.002ms
[1.930s][info   ][gc,phases   ] GC(7) Concurrent Process Non-Strong References 8.933ms
[1.930s][info   ][gc,phases   ] GC(7) Concurrent Reset Relocation Set 0.004ms
[1.934s][info   ][gc,phases   ] GC(7) Concurrent Select Relocation Set 3.944ms
[1.935s][info   ][gc,phases   ] GC(7) Pause Relocate Start 0.014ms
[2.055s][info   ][gc,phases   ] GC(7) Concurrent Relocate 117.059ms
[2.055s][info   ][gc,load     ] GC(7) Load: 3.60/2.96/1.96
[2.055s][info   ][gc,mmu      ] GC(7) MMU: 2ms/98.1%, 5ms/99.3%, 10ms/99.6%, 20ms/99.7%, 50ms/99.9%, 100ms/99.9%
[2.055s][info   ][gc,marking  ] GC(7) Mark: 1 stripe(s), 2 proactive flush(es), 1 terminate flush(es), 0 completion(s), 0 continuation(s) 
[2.055s][info   ][gc,marking  ] GC(7) Mark Stack Usage: 32M
[2.055s][info   ][gc,nmethod  ] GC(7) NMethods: 99 registered, 0 unregistered
[2.055s][info   ][gc,metaspace] GC(7) Metaspace: 0M used, 0M committed, 1088M reserved
[2.055s][info   ][gc,ref      ] GC(7) Soft: 11 encountered, 0 discovered, 0 enqueued
[2.055s][info   ][gc,ref      ] GC(7) Weak: 37 encountered, 28 discovered, 0 enqueued
[2.055s][info   ][gc,ref      ] GC(7) Final: 0 encountered, 0 discovered, 0 enqueued
[2.055s][info   ][gc,ref      ] GC(7) Phantom: 5 encountered, 2 discovered, 0 enqueued
[2.055s][info   ][gc,reloc    ] GC(7) Small Pages: 5 / 10M, Empty: 0M, Relocated: 0M, In-Place: 0
[2.055s][info   ][gc,reloc    ] GC(7) Medium Pages: 23 / 736M, Empty: 384M, Relocated: 82M, In-Place: 0
[2.055s][info   ][gc,reloc    ] GC(7) Large Pages: 0 / 0M, Empty: 0M, Relocated: 0M, In-Place: 0
[2.055s][info   ][gc,reloc    ] GC(7) Forwarding Usage: 0M
[2.055s][info   ][gc,heap     ] GC(7) Min Capacity: 2048M(100%)
[2.055s][info   ][gc,heap     ] GC(7) Max Capacity: 2048M(100%)
[2.055s][info   ][gc,heap     ] GC(7) Soft Max Capacity: 2048M(100%)
[2.056s][info   ][gc,heap     ] GC(7)                Mark Start          Mark End        Relocate Start      Relocate End           High               Low         
[2.056s][info   ][gc,heap     ] GC(7)  Capacity:     2048M (100%)       2048M (100%)       2048M (100%)       2048M (100%)       2048M (100%)       2048M (100%)   
[2.056s][info   ][gc,heap     ] GC(7)      Free:     1302M (64%)        1014M (50%)        1302M (64%)         662M (32%)        1302M (64%)         654M (32%)    
[2.056s][info   ][gc,heap     ] GC(7)      Used:      746M (36%)        1034M (50%)         746M (36%)        1386M (68%)        1394M (68%)         746M (36%)    
[2.056s][info   ][gc,heap     ] GC(7)      Live:         -                83M (4%)           83M (4%)           83M (4%)             -                  -          
[2.056s][info   ][gc,heap     ] GC(7) Allocated:         -               288M (14%)         384M (19%)        1287M (63%)            -                  -          
[2.056s][info   ][gc,heap     ] GC(7)   Garbage:         -               662M (32%)         278M (14%)          14M (1%)             -                  -          
[2.056s][info   ][gc,heap     ] GC(7) Reclaimed:         -                  -               384M (19%)         647M (32%)            -                  -          
[2.056s][info   ][gc          ] GC(7) Garbage Collection (Allocation Rate) 746M(36%)->1386M(68%)
[2.077s][info   ][gc,start    ] GC(8) Garbage Collection (Allocation Rate)
[2.077s][info   ][gc,task     ] GC(8) Using 1 workers
[2.077s][info   ][gc,phases   ] GC(8) Pause Mark Start 0.026ms
[2.113s][info   ][gc,phases   ] GC(8) Concurrent Mark 33.422ms
[2.114s][info   ][gc,phases   ] GC(8) Pause Mark End 0.021ms
[2.117s][info   ][gc,phases   ] GC(8) Concurrent Mark Free 0.002ms
[2.127s][info   ][gc,phases   ] GC(8) Concurrent Process Non-Strong References 9.738ms
[2.127s][info   ][gc,phases   ] GC(8) Concurrent Reset Relocation Set 0.004ms
[2.129s][info   ][gc,phases   ] GC(8) Concurrent Select Relocation Set 2.170ms
[2.130s][info   ][gc,phases   ] GC(8) Pause Relocate Start 0.014ms
[2.134s][info   ][gc,phases   ] GC(8) Concurrent Relocate 3.692ms
[2.134s][info   ][gc,load     ] GC(8) Load: 3.60/2.96/1.96
[2.134s][info   ][gc,mmu      ] GC(8) MMU: 2ms/98.1%, 5ms/99.3%, 10ms/99.6%, 20ms/99.7%, 50ms/99.9%, 100ms/99.9%
[2.134s][info   ][gc,marking  ] GC(8) Mark: 1 stripe(s), 2 proactive flush(es), 1 terminate flush(es), 0 completion(s), 0 continuation(s) 
[2.134s][info   ][gc,marking  ] GC(8) Mark Stack Usage: 32M
[2.134s][info   ][gc,nmethod  ] GC(8) NMethods: 99 registered, 0 unregistered
[2.134s][info   ][gc,metaspace] GC(8) Metaspace: 0M used, 0M committed, 1088M reserved
[2.134s][info   ][gc,ref      ] GC(8) Soft: 11 encountered, 0 discovered, 0 enqueued
[2.134s][info   ][gc,ref      ] GC(8) Weak: 37 encountered, 28 discovered, 0 enqueued
[2.134s][info   ][gc,ref      ] GC(8) Final: 0 encountered, 0 discovered, 0 enqueued
[2.134s][info   ][gc,ref      ] GC(8) Phantom: 5 encountered, 2 discovered, 0 enqueued
[2.134s][info   ][gc,reloc    ] GC(8) Small Pages: 5 / 10M, Empty: 0M, Relocated: 0M, In-Place: 0
[2.134s][info   ][gc,reloc    ] GC(8) Medium Pages: 48 / 1536M, Empty: 1440M, Relocated: 8M, In-Place: 0
[2.134s][info   ][gc,reloc    ] GC(8) Large Pages: 0 / 0M, Empty: 0M, Relocated: 0M, In-Place: 0
[2.134s][info   ][gc,reloc    ] GC(8) Forwarding Usage: 0M
[2.134s][info   ][gc,heap     ] GC(8) Min Capacity: 2048M(100%)
[2.134s][info   ][gc,heap     ] GC(8) Max Capacity: 2048M(100%)
[2.134s][info   ][gc,heap     ] GC(8) Soft Max Capacity: 2048M(100%)
[2.134s][info   ][gc,heap     ] GC(8)                Mark Start          Mark End        Relocate Start      Relocate End           High               Low         
[2.134s][info   ][gc,heap     ] GC(8)  Capacity:     2048M (100%)       2048M (100%)       2048M (100%)       2048M (100%)       2048M (100%)       2048M (100%)   
[2.134s][info   ][gc,heap     ] GC(8)      Free:      502M (25%)         278M (14%)        1654M (81%)        1688M (82%)        1718M (84%)         214M (10%)    
[2.134s][info   ][gc,heap     ] GC(8)      Used:     1546M (75%)        1770M (86%)         394M (19%)         360M (18%)        1834M (90%)         330M (16%)    
[2.134s][info   ][gc,heap     ] GC(8)      Live:         -                 8M (0%)            8M (0%)            8M (0%)             -                  -          
[2.134s][info   ][gc,heap     ] GC(8) Allocated:         -               224M (11%)         288M (14%)         325M (16%)            -                  -          
[2.134s][info   ][gc,heap     ] GC(8)   Garbage:         -              1537M (75%)          97M (5%)           25M (1%)             -                  -          
[2.134s][info   ][gc,heap     ] GC(8) Reclaimed:         -                  -              1440M (70%)        1511M (74%)            -                  -          
[2.134s][info   ][gc          ] GC(8) Garbage Collection (Allocation Rate) 1546M(75%)->360M(18%)
[2.176s][info   ][gc,start    ] GC(9) Garbage Collection (Allocation Rate)
[2.176s][info   ][gc,task     ] GC(9) Using 1 workers
[2.177s][info   ][gc,phases   ] GC(9) Pause Mark Start 0.027ms
[2.208s][info   ][gc,phases   ] GC(9) Concurrent Mark 25.112ms
[2.208s][info   ][gc,phases   ] GC(9) Pause Mark End 0.039ms
[2.214s][info   ][gc,phases   ] GC(9) Concurrent Mark Free 0.005ms
[2.221s][info   ][gc,phases   ] GC(9) Concurrent Process Non-Strong References 6.714ms
[2.221s][info   ][gc,phases   ] GC(9) Concurrent Reset Relocation Set 0.003ms
[2.224s][info   ][gc,phases   ] GC(9) Concurrent Select Relocation Set 2.983ms
[2.224s][info   ][gc,phases   ] GC(9) Pause Relocate Start 0.033ms
[2.303s][info   ][gc,phases   ] GC(9) Concurrent Relocate 72.720ms
[2.303s][info   ][gc,load     ] GC(9) Load: 3.60/2.96/1.96
[2.303s][info   ][gc,mmu      ] GC(9) MMU: 2ms/98.0%, 5ms/99.2%, 10ms/99.6%, 20ms/99.6%, 50ms/99.8%, 100ms/99.9%
[2.303s][info   ][gc,marking  ] GC(9) Mark: 1 stripe(s), 2 proactive flush(es), 1 terminate flush(es), 0 completion(s), 0 continuation(s) 
[2.303s][info   ][gc,marking  ] GC(9) Mark Stack Usage: 32M
[2.303s][info   ][gc,nmethod  ] GC(9) NMethods: 99 registered, 0 unregistered
[2.303s][info   ][gc,metaspace] GC(9) Metaspace: 0M used, 0M committed, 1088M reserved
[2.303s][info   ][gc,ref      ] GC(9) Soft: 11 encountered, 0 discovered, 0 enqueued
[2.303s][info   ][gc,ref      ] GC(9) Weak: 37 encountered, 28 discovered, 0 enqueued
[2.303s][info   ][gc,ref      ] GC(9) Final: 0 encountered, 0 discovered, 0 enqueued
[2.303s][info   ][gc,ref      ] GC(9) Phantom: 5 encountered, 2 discovered, 0 enqueued
[2.303s][info   ][gc,reloc    ] GC(9) Small Pages: 4 / 8M, Empty: 0M, Relocated: 0M, In-Place: 0
[2.303s][info   ][gc,reloc    ] GC(9) Medium Pages: 22 / 704M, Empty: 512M, Relocated: 22M, In-Place: 0
[2.303s][info   ][gc,reloc    ] GC(9) Large Pages: 0 / 0M, Empty: 0M, Relocated: 0M, In-Place: 0
[2.303s][info   ][gc,reloc    ] GC(9) Forwarding Usage: 0M
[2.303s][info   ][gc,heap     ] GC(9) Min Capacity: 2048M(100%)
[2.303s][info   ][gc,heap     ] GC(9) Max Capacity: 2048M(100%)
[2.303s][info   ][gc,heap     ] GC(9) Soft Max Capacity: 2048M(100%)
[2.303s][info   ][gc,heap     ] GC(9)                Mark Start          Mark End        Relocate Start      Relocate End           High               Low         
[2.303s][info   ][gc,heap     ] GC(9)  Capacity:     2048M (100%)       2048M (100%)       2048M (100%)       2048M (100%)       2048M (100%)       2048M (100%)   
[2.303s][info   ][gc,heap     ] GC(9)      Free:     1336M (65%)        1080M (53%)        1464M (71%)         982M (48%)        1496M (73%)         976M (48%)    
[2.303s][info   ][gc,heap     ] GC(9)      Used:      712M (35%)         968M (47%)         584M (29%)        1066M (52%)        1072M (52%)         552M (27%)    
[2.303s][info   ][gc,heap     ] GC(9)      Live:         -                36M (2%)           36M (2%)           36M (2%)             -                  -          
[2.303s][info   ][gc,heap     ] GC(9) Allocated:         -               256M (12%)         384M (19%)         999M (49%)            -                  -          
[2.303s][info   ][gc,heap     ] GC(9)   Garbage:         -               675M (33%)         163M (8%)           29M (1%)             -                  -          
[2.303s][info   ][gc,heap     ] GC(9) Reclaimed:         -                  -               512M (25%)         645M (32%)            -                  -          
[2.303s][info   ][gc          ] GC(9) Garbage Collection (Allocation Rate) 712M(35%)->1066M(52%)
[2.377s][info   ][gc,start    ] GC(10) Garbage Collection (Allocation Rate)
[2.377s][info   ][gc,task     ] GC(10) Using 1 workers
[2.378s][info   ][gc,phases   ] GC(10) Pause Mark Start 0.011ms
[2.408s][info   ][gc,phases   ] GC(10) Concurrent Mark 25.882ms
[2.409s][info   ][gc,phases   ] GC(10) Pause Mark End 0.049ms
[2.414s][info   ][gc,phases   ] GC(10) Concurrent Mark Free 0.004ms
[2.428s][info   ][gc,phases   ] GC(10) Concurrent Process Non-Strong References 13.309ms
[2.428s][info   ][gc,phases   ] GC(10) Concurrent Reset Relocation Set 0.003ms
[2.429s][info   ][gc,phases   ] GC(10) Concurrent Select Relocation Set 1.112ms
[2.429s][info   ][gc,phases   ] GC(10) Pause Relocate Start 0.016ms
[2.495s][info   ][gc,phases   ] GC(10) Concurrent Relocate 60.032ms
[2.496s][info   ][gc,load     ] GC(10) Load: 3.60/2.96/1.96
[2.496s][info   ][gc,mmu      ] GC(10) MMU: 2ms/97.5%, 5ms/99.0%, 10ms/99.5%, 20ms/99.6%, 50ms/99.8%, 100ms/99.9%
[2.496s][info   ][gc,marking  ] GC(10) Mark: 1 stripe(s), 2 proactive flush(es), 1 terminate flush(es), 0 completion(s), 0 continuation(s) 
[2.496s][info   ][gc,marking  ] GC(10) Mark Stack Usage: 32M
[2.496s][info   ][gc,nmethod  ] GC(10) NMethods: 99 registered, 0 unregistered
[2.496s][info   ][gc,metaspace] GC(10) Metaspace: 0M used, 0M committed, 1088M reserved
[2.496s][info   ][gc,ref      ] GC(10) Soft: 11 encountered, 0 discovered, 0 enqueued
[2.496s][info   ][gc,ref      ] GC(10) Weak: 37 encountered, 28 discovered, 0 enqueued
[2.496s][info   ][gc,ref      ] GC(10) Final: 0 encountered, 0 discovered, 0 enqueued
[2.496s][info   ][gc,ref      ] GC(10) Phantom: 5 encountered, 2 discovered, 0 enqueued
[2.496s][info   ][gc,reloc    ] GC(10) Small Pages: 5 / 10M, Empty: 0M, Relocated: 0M, In-Place: 0
[2.496s][info   ][gc,reloc    ] GC(10) Medium Pages: 51 / 1632M, Empty: 1504M, Relocated: 26M, In-Place: 0
[2.496s][info   ][gc,reloc    ] GC(10) Large Pages: 0 / 0M, Empty: 0M, Relocated: 0M, In-Place: 0
[2.496s][info   ][gc,reloc    ] GC(10) Forwarding Usage: 0M
[2.496s][info   ][gc,heap     ] GC(10) Min Capacity: 2048M(100%)
[2.496s][info   ][gc,heap     ] GC(10) Max Capacity: 2048M(100%)
[2.496s][info   ][gc,heap     ] GC(10) Soft Max Capacity: 2048M(100%)
[2.496s][info   ][gc,heap     ] GC(10)                Mark Start          Mark End        Relocate Start      Relocate End           High               Low         
[2.496s][info   ][gc,heap     ] GC(10)  Capacity:     2048M (100%)       2048M (100%)       2048M (100%)       2048M (100%)       2048M (100%)       2048M (100%)   
[2.496s][info   ][gc,heap     ] GC(10)      Free:      406M (20%)         182M (9%)         1590M (78%)        1206M (59%)        1590M (78%)          86M (4%)     
[2.496s][info   ][gc,heap     ] GC(10)      Used:     1642M (80%)        1866M (91%)         458M (22%)         842M (41%)        1962M (96%)         458M (22%)    
[2.496s][info   ][gc,heap     ] GC(10)      Live:         -                26M (1%)           26M (1%)           26M (1%)             -                  -          
[2.496s][info   ][gc,heap     ] GC(10) Allocated:         -               224M (11%)         320M (16%)         807M (39%)            -                  -          
[2.496s][info   ][gc,heap     ] GC(10)   Garbage:         -              1615M (79%)         111M (5%)            7M (0%)             -                  -          
[2.496s][info   ][gc,heap     ] GC(10) Reclaimed:         -                  -              1504M (73%)        1607M (79%)            -                  -          
[2.496s][info   ][gc          ] GC(10) Garbage Collection (Allocation Rate) 1642M(80%)->842M(41%)
[2.576s][info   ][gc,start    ] GC(11) Garbage Collection (Allocation Rate)
[2.576s][info   ][gc,task     ] GC(11) Using 1 workers
[2.577s][info   ][gc,phases   ] GC(11) Pause Mark Start 0.011ms
[2.605s][info   ][gc,phases   ] GC(11) Concurrent Mark 28.178ms
[2.605s][info   ][gc,phases   ] GC(11) Pause Mark End 0.032ms
[2.611s][info   ][gc,phases   ] GC(11) Concurrent Mark Free 0.003ms
[2.623s][info   ][gc,phases   ] GC(11) Concurrent Process Non-Strong References 12.046ms
[2.623s][info   ][gc,phases   ] GC(11) Concurrent Reset Relocation Set 0.004ms
[2.624s][info   ][gc,phases   ] GC(11) Concurrent Select Relocation Set 1.354ms
[2.624s][info   ][gc,phases   ] GC(11) Pause Relocate Start 0.019ms
[2.657s][info   ][gc,phases   ] GC(11) Concurrent Relocate 26.708ms
[2.657s][info   ][gc,load     ] GC(11) Load: 3.60/2.96/1.96
[2.657s][info   ][gc,mmu      ] GC(11) MMU: 2ms/97.5%, 5ms/99.0%, 10ms/99.5%, 20ms/99.6%, 50ms/99.8%, 100ms/99.9%
[2.657s][info   ][gc,marking  ] GC(11) Mark: 1 stripe(s), 2 proactive flush(es), 1 terminate flush(es), 0 completion(s), 0 continuation(s) 
[2.657s][info   ][gc,marking  ] GC(11) Mark Stack Usage: 32M
[2.657s][info   ][gc,nmethod  ] GC(11) NMethods: 99 registered, 0 unregistered
[2.657s][info   ][gc,metaspace] GC(11) Metaspace: 0M used, 0M committed, 1088M reserved
[2.657s][info   ][gc,ref      ] GC(11) Soft: 11 encountered, 0 discovered, 0 enqueued
[2.657s][info   ][gc,ref      ] GC(11) Weak: 37 encountered, 28 discovered, 0 enqueued
[2.657s][info   ][gc,ref      ] GC(11) Final: 0 encountered, 0 discovered, 0 enqueued
[2.657s][info   ][gc,ref      ] GC(11) Phantom: 5 encountered, 2 discovered, 0 enqueued
[2.657s][info   ][gc,reloc    ] GC(11) Small Pages: 5 / 10M, Empty: 0M, Relocated: 0M, In-Place: 0
[2.657s][info   ][gc,reloc    ] GC(11) Medium Pages: 47 / 1504M, Empty: 1408M, Relocated: 10M, In-Place: 0
[2.657s][info   ][gc,reloc    ] GC(11) Large Pages: 0 / 0M, Empty: 0M, Relocated: 0M, In-Place: 0
[2.657s][info   ][gc,reloc    ] GC(11) Forwarding Usage: 0M
[2.657s][info   ][gc,heap     ] GC(11) Min Capacity: 2048M(100%)
[2.657s][info   ][gc,heap     ] GC(11) Max Capacity: 2048M(100%)
[2.657s][info   ][gc,heap     ] GC(11) Soft Max Capacity: 2048M(100%)
[2.657s][info   ][gc,heap     ] GC(11)                Mark Start          Mark End        Relocate Start      Relocate End           High               Low         
[2.657s][info   ][gc,heap     ] GC(11)  Capacity:     2048M (100%)       2048M (100%)       2048M (100%)       2048M (100%)       2048M (100%)       2048M (100%)   
[2.657s][info   ][gc,heap     ] GC(11)      Free:      534M (26%)         374M (18%)        1654M (81%)        1526M (75%)        1654M (81%)         246M (12%)    
[2.657s][info   ][gc,heap     ] GC(11)      Used:     1514M (74%)        1674M (82%)         394M (19%)         522M (25%)        1802M (88%)         394M (19%)    
[2.657s][info   ][gc,heap     ] GC(11)      Live:         -                10M (1%)           10M (1%)           10M (1%)             -                  -          
[2.657s][info   ][gc,heap     ] GC(11) Allocated:         -               160M (8%)          288M (14%)         487M (24%)            -                  -          
[2.657s][info   ][gc,heap     ] GC(11)   Garbage:         -              1503M (73%)          95M (5%)           23M (1%)             -                  -          
[2.657s][info   ][gc,heap     ] GC(11) Reclaimed:         -                  -              1408M (69%)        1479M (72%)            -                  -          
[2.657s][info   ][gc          ] GC(11) Garbage Collection (Allocation Rate) 1514M(74%)->522M(25%)
[2.677s][info   ][gc,start    ] GC(12) Garbage Collection (Allocation Rate)
[2.677s][info   ][gc,task     ] GC(12) Using 1 workers
[2.678s][info   ][gc,phases   ] GC(12) Pause Mark Start 0.011ms
[2.704s][info   ][gc,phases   ] GC(12) Concurrent Mark 20.073ms
[2.704s][info   ][gc,phases   ] GC(12) Pause Mark End 0.023ms
[2.710s][info   ][gc,phases   ] GC(12) Concurrent Mark Free 0.009ms
[2.717s][info   ][gc,phases   ] GC(12) Concurrent Process Non-Strong References 6.722ms
[2.717s][info   ][gc,phases   ] GC(12) Concurrent Reset Relocation Set 0.006ms
[2.718s][info   ][gc,phases   ] GC(12) Concurrent Select Relocation Set 1.153ms
[2.718s][info   ][gc,phases   ] GC(12) Pause Relocate Start 0.029ms
[2.742s][info   ][gc,phases   ] GC(12) Concurrent Relocate 20.265ms
[2.743s][info   ][gc,load     ] GC(12) Load: 3.60/2.96/1.96
[2.743s][info   ][gc,mmu      ] GC(12) MMU: 2ms/97.5%, 5ms/99.0%, 10ms/99.5%, 20ms/99.6%, 50ms/99.8%, 100ms/99.9%
[2.743s][info   ][gc,marking  ] GC(12) Mark: 1 stripe(s), 2 proactive flush(es), 1 terminate flush(es), 0 completion(s), 0 continuation(s) 
[2.743s][info   ][gc,marking  ] GC(12) Mark Stack Usage: 32M
[2.743s][info   ][gc,nmethod  ] GC(12) NMethods: 99 registered, 0 unregistered
[2.743s][info   ][gc,metaspace] GC(12) Metaspace: 0M used, 0M committed, 1088M reserved
[2.743s][info   ][gc,ref      ] GC(12) Soft: 11 encountered, 0 discovered, 0 enqueued
[2.743s][info   ][gc,ref      ] GC(12) Weak: 37 encountered, 28 discovered, 0 enqueued
[2.743s][info   ][gc,ref      ] GC(12) Final: 0 encountered, 0 discovered, 0 enqueued
[2.743s][info   ][gc,ref      ] GC(12) Phantom: 5 encountered, 2 discovered, 0 enqueued
[2.743s][info   ][gc,reloc    ] GC(12) Small Pages: 5 / 10M, Empty: 0M, Relocated: 0M, In-Place: 0
[2.743s][info   ][gc,reloc    ] GC(12) Medium Pages: 21 / 672M, Empty: 608M, Relocated: 13M, In-Place: 0
[2.743s][info   ][gc,reloc    ] GC(12) Large Pages: 0 / 0M, Empty: 0M, Relocated: 0M, In-Place: 0
[2.743s][info   ][gc,reloc    ] GC(12) Forwarding Usage: 0M
[2.743s][info   ][gc,heap     ] GC(12) Min Capacity: 2048M(100%)
[2.743s][info   ][gc,heap     ] GC(12) Max Capacity: 2048M(100%)
[2.743s][info   ][gc,heap     ] GC(12) Soft Max Capacity: 2048M(100%)
[2.743s][info   ][gc,heap     ] GC(12)                Mark Start          Mark End        Relocate Start      Relocate End           High               Low         
[2.743s][info   ][gc,heap     ] GC(12)  Capacity:     2048M (100%)       2048M (100%)       2048M (100%)       2048M (100%)       2048M (100%)       2048M (100%)   
[2.743s][info   ][gc,heap     ] GC(12)      Free:     1366M (67%)        1206M (59%)        1686M (82%)        1558M (76%)        1686M (82%)        1078M (53%)    
[2.743s][info   ][gc,heap     ] GC(12)      Used:      682M (33%)         842M (41%)         362M (18%)         490M (24%)         970M (47%)         362M (18%)    
[2.743s][info   ][gc,heap     ] GC(12)      Live:         -                13M (1%)           13M (1%)           13M (1%)             -                  -          
[2.743s][info   ][gc,heap     ] GC(12) Allocated:         -               160M (8%)          288M (14%)         455M (22%)            -                  -          
[2.743s][info   ][gc,heap     ] GC(12)   Garbage:         -               668M (33%)          60M (3%)           20M (1%)             -                  -          
[2.743s][info   ][gc,heap     ] GC(12) Reclaimed:         -                  -               608M (30%)         647M (32%)            -                  -          
[2.743s][info   ][gc          ] GC(12) Garbage Collection (Allocation Rate) 682M(33%)->490M(24%)
[2.776s][info   ][gc,start    ] GC(13) Garbage Collection (Allocation Rate)
[2.777s][info   ][gc,task     ] GC(13) Using 1 workers
[2.777s][info   ][gc,phases   ] GC(13) Pause Mark Start 0.016ms
[2.802s][info   ][gc,phases   ] GC(13) Concurrent Mark 24.021ms
[2.802s][info   ][gc,phases   ] GC(13) Pause Mark End 0.017ms
[2.802s][info   ][gc,phases   ] GC(13) Concurrent Mark Free 0.002ms
[2.813s][info   ][gc,phases   ] GC(13) Concurrent Process Non-Strong References 11.059ms
[2.814s][info   ][gc,phases   ] GC(13) Concurrent Reset Relocation Set 0.006ms
[2.817s][info   ][gc,phases   ] GC(13) Concurrent Select Relocation Set 3.147ms
[2.817s][info   ][gc,phases   ] GC(13) Pause Relocate Start 0.028ms
[2.873s][info   ][gc,phases   ] GC(13) Concurrent Relocate 53.207ms
[2.873s][info   ][gc,load     ] GC(13) Load: 3.60/2.96/1.96
[2.873s][info   ][gc,mmu      ] GC(13) MMU: 2ms/97.5%, 5ms/99.0%, 10ms/99.5%, 20ms/99.6%, 50ms/99.8%, 100ms/99.9%
[2.873s][info   ][gc,marking  ] GC(13) Mark: 1 stripe(s), 2 proactive flush(es), 1 terminate flush(es), 0 completion(s), 0 continuation(s) 
[2.873s][info   ][gc,marking  ] GC(13) Mark Stack Usage: 32M
[2.873s][info   ][gc,nmethod  ] GC(13) NMethods: 100 registered, 0 unregistered
[2.873s][info   ][gc,metaspace] GC(13) Metaspace: 0M used, 0M committed, 1088M reserved
[2.873s][info   ][gc,ref      ] GC(13) Soft: 11 encountered, 0 discovered, 0 enqueued
[2.873s][info   ][gc,ref      ] GC(13) Weak: 37 encountered, 28 discovered, 0 enqueued
[2.873s][info   ][gc,ref      ] GC(13) Final: 0 encountered, 0 discovered, 0 enqueued
[2.873s][info   ][gc,ref      ] GC(13) Phantom: 5 encountered, 2 discovered, 0 enqueued
[2.873s][info   ][gc,reloc    ] GC(13) Small Pages: 5 / 10M, Empty: 0M, Relocated: 0M, In-Place: 0
[2.873s][info   ][gc,reloc    ] GC(13) Medium Pages: 24 / 768M, Empty: 640M, Relocated: 17M, In-Place: 0
[2.873s][info   ][gc,reloc    ] GC(13) Large Pages: 0 / 0M, Empty: 0M, Relocated: 0M, In-Place: 0
[2.873s][info   ][gc,reloc    ] GC(13) Forwarding Usage: 0M
[2.873s][info   ][gc,heap     ] GC(13) Min Capacity: 2048M(100%)
[2.873s][info   ][gc,heap     ] GC(13) Max Capacity: 2048M(100%)
[2.873s][info   ][gc,heap     ] GC(13) Soft Max Capacity: 2048M(100%)
[2.873s][info   ][gc,heap     ] GC(13)                Mark Start          Mark End        Relocate Start      Relocate End           High               Low         
[2.873s][info   ][gc,heap     ] GC(13)  Capacity:     2048M (100%)       2048M (100%)       2048M (100%)       2048M (100%)       2048M (100%)       2048M (100%)   
[2.873s][info   ][gc,heap     ] GC(13)      Free:     1270M (62%)        1078M (53%)        1590M (78%)        1206M (59%)        1590M (78%)         950M (46%)    
[2.873s][info   ][gc,heap     ] GC(13)      Used:      778M (38%)         970M (47%)         458M (22%)         842M (41%)        1098M (54%)         458M (22%)    
[2.873s][info   ][gc,heap     ] GC(13)      Live:         -                31M (2%)           31M (2%)           31M (2%)             -                  -          
[2.873s][info   ][gc,heap     ] GC(13) Allocated:         -               192M (9%)          320M (16%)         775M (38%)            -                  -          
[2.873s][info   ][gc,heap     ] GC(13)   Garbage:         -               746M (36%)         106M (5%)           34M (2%)             -                  -          
[2.873s][info   ][gc,heap     ] GC(13) Reclaimed:         -                  -               640M (31%)         711M (35%)            -                  -          
[2.873s][info   ][gc          ] GC(13) Garbage Collection (Allocation Rate) 778M(38%)->842M(41%)
[2.878s][info   ][gc,start    ] GC(14) Garbage Collection (Allocation Rate)
[2.880s][info   ][gc,task     ] GC(14) Using 1 workers
[2.880s][info   ][gc,phases   ] GC(14) Pause Mark Start 0.014ms
[2.912s][info   ][gc,phases   ] GC(14) Concurrent Mark 26.197ms
[2.912s][info   ][gc,phases   ] GC(14) Pause Mark End 0.029ms
[2.913s][info   ][gc,phases   ] GC(14) Concurrent Mark Free 0.001ms
[2.921s][info   ][gc,phases   ] GC(14) Concurrent Process Non-Strong References 8.758ms
[2.921s][info   ][gc,phases   ] GC(14) Concurrent Reset Relocation Set 0.004ms
[2.923s][info   ][gc,phases   ] GC(14) Concurrent Select Relocation Set 1.520ms
[2.923s][info   ][gc,phases   ] GC(14) Pause Relocate Start 0.019ms
[2.986s][info   ][gc,phases   ] GC(14) Concurrent Relocate 57.168ms
[2.987s][info   ][gc,load     ] GC(14) Load: 3.60/2.96/1.96
[2.987s][info   ][gc,mmu      ] GC(14) MMU: 2ms/97.5%, 5ms/99.0%, 10ms/99.5%, 20ms/99.6%, 50ms/99.8%, 100ms/99.9%
[2.987s][info   ][gc,marking  ] GC(14) Mark: 1 stripe(s), 2 proactive flush(es), 1 terminate flush(es), 0 completion(s), 0 continuation(s) 
[2.987s][info   ][gc,marking  ] GC(14) Mark Stack Usage: 32M
[2.987s][info   ][gc,nmethod  ] GC(14) NMethods: 100 registered, 0 unregistered
[2.987s][info   ][gc,metaspace] GC(14) Metaspace: 0M used, 0M committed, 1088M reserved
[2.987s][info   ][gc,ref      ] GC(14) Soft: 11 encountered, 0 discovered, 0 enqueued
[2.987s][info   ][gc,ref      ] GC(14) Weak: 37 encountered, 28 discovered, 0 enqueued
[2.987s][info   ][gc,ref      ] GC(14) Final: 0 encountered, 0 discovered, 0 enqueued
[2.987s][info   ][gc,ref      ] GC(14) Phantom: 5 encountered, 2 discovered, 0 enqueued
[2.987s][info   ][gc,reloc    ] GC(14) Small Pages: 5 / 10M, Empty: 0M, Relocated: 0M, In-Place: 0
[2.987s][info   ][gc,reloc    ] GC(14) Medium Pages: 28 / 896M, Empty: 608M, Relocated: 22M, In-Place: 0
[2.987s][info   ][gc,reloc    ] GC(14) Large Pages: 0 / 0M, Empty: 0M, Relocated: 0M, In-Place: 0
[2.987s][info   ][gc,reloc    ] GC(14) Forwarding Usage: 0M
[2.987s][info   ][gc,heap     ] GC(14) Min Capacity: 2048M(100%)
[2.987s][info   ][gc,heap     ] GC(14) Max Capacity: 2048M(100%)
[2.987s][info   ][gc,heap     ] GC(14) Soft Max Capacity: 2048M(100%)
[2.987s][info   ][gc,heap     ] GC(14)                Mark Start          Mark End        Relocate Start      Relocate End           High               Low         
[2.987s][info   ][gc,heap     ] GC(14)  Capacity:     2048M (100%)       2048M (100%)       2048M (100%)       2048M (100%)       2048M (100%)       2048M (100%)   
[2.987s][info   ][gc,heap     ] GC(14)      Free:     1142M (56%)         918M (45%)        1462M (71%)        1206M (59%)        1462M (71%)         854M (42%)    
[2.987s][info   ][gc,heap     ] GC(14)      Used:      906M (44%)        1130M (55%)         586M (29%)         842M (41%)        1194M (58%)         586M (29%)    
[2.987s][info   ][gc,heap     ] GC(14)      Live:         -                46M (2%)           46M (2%)           46M (2%)             -                  -          
[2.987s][info   ][gc,heap     ] GC(14) Allocated:         -               224M (11%)         288M (14%)         775M (38%)            -                  -          
[2.987s][info   ][gc,heap     ] GC(14)   Garbage:         -               859M (42%)         251M (12%)          19M (1%)             -                  -          
[2.987s][info   ][gc,heap     ] GC(14) Reclaimed:         -                  -               608M (30%)         839M (41%)            -                  -          
[2.987s][info   ][gc          ] GC(14) Garbage Collection (Allocation Rate) 906M(44%)->842M(41%)
[3.077s][info   ][gc,start    ] GC(15) Garbage Collection (Allocation Rate)
[3.077s][info   ][gc,task     ] GC(15) Using 1 workers
[3.077s][info   ][gc,phases   ] GC(15) Pause Mark Start 0.013ms
[3.113s][info   ][gc,phases   ] GC(15) Concurrent Mark 30.364ms
[3.113s][info   ][gc,phases   ] GC(15) Pause Mark End 0.017ms
[3.113s][info   ][gc,phases   ] GC(15) Concurrent Mark Free 0.001ms
[3.119s][info   ][gc,phases   ] GC(15) Concurrent Process Non-Strong References 5.509ms
[3.119s][info   ][gc,phases   ] GC(15) Concurrent Reset Relocation Set 0.004ms
[3.124s][info   ][gc,phases   ] GC(15) Concurrent Select Relocation Set 4.666ms
[3.124s][info   ][gc,phases   ] GC(15) Pause Relocate Start 0.014ms
[3.174s][info   ][gc,phases   ] GC(15) Concurrent Relocate 46.736ms
[3.174s][info   ][gc,load     ] GC(15) Load: 3.60/2.96/1.96
[3.174s][info   ][gc,mmu      ] GC(15) MMU: 2ms/97.5%, 5ms/99.0%, 10ms/99.5%, 20ms/99.6%, 50ms/99.8%, 100ms/99.9%
[3.174s][info   ][gc,marking  ] GC(15) Mark: 1 stripe(s), 2 proactive flush(es), 1 terminate flush(es), 0 completion(s), 0 continuation(s) 
[3.174s][info   ][gc,marking  ] GC(15) Mark Stack Usage: 32M
[3.174s][info   ][gc,nmethod  ] GC(15) NMethods: 100 registered, 0 unregistered
[3.174s][info   ][gc,metaspace] GC(15) Metaspace: 0M used, 0M committed, 1088M reserved
[3.174s][info   ][gc,ref      ] GC(15) Soft: 11 encountered, 0 discovered, 0 enqueued
[3.174s][info   ][gc,ref      ] GC(15) Weak: 37 encountered, 28 discovered, 0 enqueued
[3.174s][info   ][gc,ref      ] GC(15) Final: 0 encountered, 0 discovered, 0 enqueued
[3.174s][info   ][gc,ref      ] GC(15) Phantom: 5 encountered, 2 discovered, 0 enqueued
[3.174s][info   ][gc,reloc    ] GC(15) Small Pages: 5 / 10M, Empty: 0M, Relocated: 0M, In-Place: 0
[3.174s][info   ][gc,reloc    ] GC(15) Medium Pages: 48 / 1536M, Empty: 1408M, Relocated: 18M, In-Place: 0
[3.174s][info   ][gc,reloc    ] GC(15) Large Pages: 0 / 0M, Empty: 0M, Relocated: 0M, In-Place: 0
[3.174s][info   ][gc,reloc    ] GC(15) Forwarding Usage: 0M
[3.174s][info   ][gc,heap     ] GC(15) Min Capacity: 2048M(100%)
[3.174s][info   ][gc,heap     ] GC(15) Max Capacity: 2048M(100%)
[3.174s][info   ][gc,heap     ] GC(15) Soft Max Capacity: 2048M(100%)
[3.174s][info   ][gc,heap     ] GC(15)                Mark Start          Mark End        Relocate Start      Relocate End           High               Low         
[3.174s][info   ][gc,heap     ] GC(15)  Capacity:     2048M (100%)       2048M (100%)       2048M (100%)       2048M (100%)       2048M (100%)       2048M (100%)   
[3.174s][info   ][gc,heap     ] GC(15)      Free:      502M (25%)         214M (10%)        1558M (76%)        1238M (60%)        1590M (78%)         182M (9%)     
[3.174s][info   ][gc,heap     ] GC(15)      Used:     1546M (75%)        1834M (90%)         490M (24%)         810M (40%)        1866M (91%)         458M (22%)    
[3.174s][info   ][gc,heap     ] GC(15)      Live:         -                41M (2%)           41M (2%)           41M (2%)             -                  -          
[3.174s][info   ][gc,heap     ] GC(15) Allocated:         -               288M (14%)         352M (17%)         743M (36%)            -                  -          
[3.174s][info   ][gc,heap     ] GC(15)   Garbage:         -              1504M (73%)          96M (5%)           24M (1%)             -                  -          
[3.174s][info   ][gc,heap     ] GC(15) Reclaimed:         -                  -              1408M (69%)        1479M (72%)            -                  -          
[3.174s][info   ][gc          ] GC(15) Garbage Collection (Allocation Rate) 1546M(75%)->810M(40%)
[3.176s][info   ][gc,start    ] GC(16) Garbage Collection (Allocation Rate)
[3.176s][info   ][gc,task     ] GC(16) Using 1 workers
[3.177s][info   ][gc,phases   ] GC(16) Pause Mark Start 0.011ms
[3.208s][info   ][gc,phases   ] GC(16) Concurrent Mark 30.965ms
[3.208s][info   ][gc,phases   ] GC(16) Pause Mark End 0.022ms
[3.211s][info   ][gc,phases   ] GC(16) Concurrent Mark Free 0.003ms
[3.224s][info   ][gc,phases   ] GC(16) Concurrent Process Non-Strong References 13.322ms
[3.224s][info   ][gc,phases   ] GC(16) Concurrent Reset Relocation Set 0.003ms
[3.226s][info   ][gc,phases   ] GC(16) Concurrent Select Relocation Set 1.556ms
[3.226s][info   ][gc,phases   ] GC(16) Pause Relocate Start 0.029ms
[3.264s][info   ][gc,phases   ] GC(16) Concurrent Relocate 34.945ms
[3.264s][info   ][gc,load     ] GC(16) Load: 3.60/2.96/1.96
[3.264s][info   ][gc,mmu      ] GC(16) MMU: 2ms/97.5%, 5ms/99.0%, 10ms/99.5%, 20ms/99.6%, 50ms/99.8%, 100ms/99.9%
[3.264s][info   ][gc,marking  ] GC(16) Mark: 1 stripe(s), 2 proactive flush(es), 1 terminate flush(es), 0 completion(s), 0 continuation(s) 
[3.264s][info   ][gc,marking  ] GC(16) Mark Stack Usage: 32M
[3.264s][info   ][gc,nmethod  ] GC(16) NMethods: 100 registered, 0 unregistered
[3.264s][info   ][gc,metaspace] GC(16) Metaspace: 0M used, 0M committed, 1088M reserved
[3.264s][info   ][gc,ref      ] GC(16) Soft: 11 encountered, 0 discovered, 0 enqueued
[3.264s][info   ][gc,ref      ] GC(16) Weak: 37 encountered, 28 discovered, 0 enqueued
[3.264s][info   ][gc,ref      ] GC(16) Final: 0 encountered, 0 discovered, 0 enqueued
[3.264s][info   ][gc,ref      ] GC(16) Phantom: 5 encountered, 2 discovered, 0 enqueued
[3.264s][info   ][gc,reloc    ] GC(16) Small Pages: 5 / 10M, Empty: 0M, Relocated: 0M, In-Place: 0
[3.264s][info   ][gc,reloc    ] GC(16) Medium Pages: 26 / 832M, Empty: 704M, Relocated: 17M, In-Place: 0
[3.264s][info   ][gc,reloc    ] GC(16) Large Pages: 0 / 0M, Empty: 0M, Relocated: 0M, In-Place: 0
[3.265s][info   ][gc,reloc    ] GC(16) Forwarding Usage: 0M
[3.265s][info   ][gc,heap     ] GC(16) Min Capacity: 2048M(100%)
[3.265s][info   ][gc,heap     ] GC(16) Max Capacity: 2048M(100%)
[3.265s][info   ][gc,heap     ] GC(16) Soft Max Capacity: 2048M(100%)
[3.265s][info   ][gc,heap     ] GC(16)                Mark Start          Mark End        Relocate Start      Relocate End           High               Low         
[3.265s][info   ][gc,heap     ] GC(16)  Capacity:     2048M (100%)       2048M (100%)       2048M (100%)       2048M (100%)       2048M (100%)       2048M (100%)   
[3.265s][info   ][gc,heap     ] GC(16)      Free:     1206M (59%)         918M (45%)        1494M (73%)        1302M (64%)        1494M (73%)         790M (39%)    
[3.265s][info   ][gc,heap     ] GC(16)      Used:      842M (41%)        1130M (55%)         554M (27%)         746M (36%)        1258M (61%)         554M (27%)    
[3.265s][info   ][gc,heap     ] GC(16)      Live:         -                17M (1%)           17M (1%)           17M (1%)             -                  -          
[3.265s][info   ][gc,heap     ] GC(16) Allocated:         -               288M (14%)         416M (20%)         711M (35%)            -                  -          
[3.265s][info   ][gc,heap     ] GC(16)   Garbage:         -               824M (40%)         120M (6%)           16M (1%)             -                  -          
[3.265s][info   ][gc,heap     ] GC(16) Reclaimed:         -                  -               704M (34%)         807M (39%)            -                  -          
[3.265s][info   ][gc          ] GC(16) Garbage Collection (Allocation Rate) 842M(41%)->746M(36%)
[3.275s][info   ][gc,start    ] GC(17) Garbage Collection (Allocation Rate)
[3.275s][info   ][gc,task     ] GC(17) Using 1 workers
[3.276s][info   ][gc,phases   ] GC(17) Pause Mark Start 0.013ms
[3.310s][info   ][gc,phases   ] GC(17) Concurrent Mark 31.237ms
[3.311s][info   ][gc,phases   ] GC(17) Pause Mark End 0.031ms
[3.318s][info   ][gc,phases   ] GC(17) Concurrent Mark Free 0.008ms
[3.335s][info   ][gc,phases   ] GC(17) Concurrent Process Non-Strong References 17.006ms
[3.335s][info   ][gc,phases   ] GC(17) Concurrent Reset Relocation Set 0.007ms
[3.339s][info   ][gc,phases   ] GC(17) Concurrent Select Relocation Set 3.951ms
[3.340s][info   ][gc,phases   ] GC(17) Pause Relocate Start 0.019ms
[3.384s][info   ][gc,phases   ] GC(17) Concurrent Relocate 43.856ms
[3.384s][info   ][gc,load     ] GC(17) Load: 3.60/2.96/1.96
[3.384s][info   ][gc,mmu      ] GC(17) MMU: 2ms/97.5%, 5ms/99.0%, 10ms/99.5%, 20ms/99.6%, 50ms/99.8%, 100ms/99.9%
[3.384s][info   ][gc,marking  ] GC(17) Mark: 1 stripe(s), 2 proactive flush(es), 1 terminate flush(es), 0 completion(s), 0 continuation(s) 
[3.384s][info   ][gc,marking  ] GC(17) Mark Stack Usage: 32M
[3.384s][info   ][gc,nmethod  ] GC(17) NMethods: 100 registered, 0 unregistered
[3.384s][info   ][gc,metaspace] GC(17) Metaspace: 0M used, 0M committed, 1088M reserved
[3.384s][info   ][gc,ref      ] GC(17) Soft: 11 encountered, 0 discovered, 0 enqueued
[3.384s][info   ][gc,ref      ] GC(17) Weak: 37 encountered, 28 discovered, 0 enqueued
[3.384s][info   ][gc,ref      ] GC(17) Final: 0 encountered, 0 discovered, 0 enqueued
[3.384s][info   ][gc,ref      ] GC(17) Phantom: 5 encountered, 2 discovered, 0 enqueued
[3.384s][info   ][gc,reloc    ] GC(17) Small Pages: 5 / 10M, Empty: 0M, Relocated: 0M, In-Place: 0
[3.384s][info   ][gc,reloc    ] GC(17) Medium Pages: 26 / 832M, Empty: 576M, Relocated: 21M, In-Place: 0
[3.384s][info   ][gc,reloc    ] GC(17) Large Pages: 0 / 0M, Empty: 0M, Relocated: 0M, In-Place: 0
[3.384s][info   ][gc,reloc    ] GC(17) Forwarding Usage: 0M
[3.384s][info   ][gc,heap     ] GC(17) Min Capacity: 2048M(100%)
[3.384s][info   ][gc,heap     ] GC(17) Max Capacity: 2048M(100%)
[3.384s][info   ][gc,heap     ] GC(17) Soft Max Capacity: 2048M(100%)
[3.384s][info   ][gc,heap     ] GC(17)                Mark Start          Mark End        Relocate Start      Relocate End           High               Low         
[3.384s][info   ][gc,heap     ] GC(17)  Capacity:     2048M (100%)       2048M (100%)       2048M (100%)       2048M (100%)       2048M (100%)       2048M (100%)   
[3.384s][info   ][gc,heap     ] GC(17)      Free:     1206M (59%)         918M (45%)        1270M (62%)        1110M (54%)        1302M (64%)         726M (35%)    
[3.384s][info   ][gc,heap     ] GC(17)      Used:      842M (41%)        1130M (55%)         778M (38%)         938M (46%)        1322M (65%)         746M (36%)    
[3.384s][info   ][gc,heap     ] GC(17)      Live:         -                58M (3%)           58M (3%)           58M (3%)             -                  -          
[3.384s][info   ][gc,heap     ] GC(17) Allocated:         -               288M (14%)         512M (25%)         839M (41%)            -                  -          
[3.384s][info   ][gc,heap     ] GC(17)   Garbage:         -               783M (38%)         207M (10%)          39M (2%)             -                  -          
[3.384s][info   ][gc,heap     ] GC(17) Reclaimed:         -                  -               576M (28%)         743M (36%)            -                  -          
[3.384s][info   ][gc          ] GC(17) Garbage Collection (Allocation Rate) 842M(41%)->938M(46%)
[3.481s][info   ][gc,start    ] GC(18) Garbage Collection (Allocation Rate)
[3.481s][info   ][gc,task     ] GC(18) Using 1 workers
[3.483s][info   ][gc,phases   ] GC(18) Pause Mark Start 0.014ms
[3.509s][info   ][gc,phases   ] GC(18) Concurrent Mark 26.131ms
[3.511s][info   ][gc,phases   ] GC(18) Pause Mark End 0.037ms
[3.517s][info   ][gc,phases   ] GC(18) Concurrent Mark Free 0.003ms
[3.521s][info   ][gc,phases   ] GC(18) Concurrent Process Non-Strong References 3.465ms
[3.521s][info   ][gc,phases   ] GC(18) Concurrent Reset Relocation Set 0.002ms
[3.522s][info   ][gc          ] Allocation Stall (Thread-7) 0.163ms
[3.524s][info   ][gc,phases   ] GC(18) Concurrent Select Relocation Set 3.353ms
[3.525s][info   ][gc,phases   ] GC(18) Pause Relocate Start 0.022ms
[3.659s][info   ][gc,phases   ] GC(18) Concurrent Relocate 128.853ms
[3.659s][info   ][gc,load     ] GC(18) Load: 3.60/2.96/1.96
[3.659s][info   ][gc,mmu      ] GC(18) MMU: 2ms/97.5%, 5ms/99.0%, 10ms/99.5%, 20ms/99.6%, 50ms/99.8%, 100ms/99.9%
[3.659s][info   ][gc,marking  ] GC(18) Mark: 1 stripe(s), 2 proactive flush(es), 1 terminate flush(es), 0 completion(s), 0 continuation(s) 
[3.659s][info   ][gc,marking  ] GC(18) Mark Stack Usage: 32M
[3.659s][info   ][gc,nmethod  ] GC(18) NMethods: 100 registered, 0 unregistered
[3.659s][info   ][gc,metaspace] GC(18) Metaspace: 0M used, 0M committed, 1088M reserved
[3.659s][info   ][gc,ref      ] GC(18) Soft: 11 encountered, 0 discovered, 0 enqueued
[3.659s][info   ][gc,ref      ] GC(18) Weak: 37 encountered, 28 discovered, 0 enqueued
[3.659s][info   ][gc,ref      ] GC(18) Final: 0 encountered, 0 discovered, 0 enqueued
[3.659s][info   ][gc,ref      ] GC(18) Phantom: 5 encountered, 2 discovered, 0 enqueued
[3.659s][info   ][gc,reloc    ] GC(18) Small Pages: 5 / 10M, Empty: 0M, Relocated: 0M, In-Place: 0
[3.659s][info   ][gc,reloc    ] GC(18) Medium Pages: 55 / 1760M, Empty: 1216M, Relocated: 74M, In-Place: 0
[3.659s][info   ][gc,reloc    ] GC(18) Large Pages: 0 / 0M, Empty: 0M, Relocated: 0M, In-Place: 0
[3.659s][info   ][gc,reloc    ] GC(18) Forwarding Usage: 0M
[3.659s][info   ][gc,heap     ] GC(18) Min Capacity: 2048M(100%)
[3.659s][info   ][gc,heap     ] GC(18) Max Capacity: 2048M(100%)
[3.659s][info   ][gc,heap     ] GC(18) Soft Max Capacity: 2048M(100%)
[3.659s][info   ][gc,heap     ] GC(18)                Mark Start          Mark End        Relocate Start      Relocate End           High               Low         
[3.659s][info   ][gc,heap     ] GC(18)  Capacity:     2048M (100%)       2048M (100%)       2048M (100%)       2048M (100%)       2048M (100%)       2048M (100%)   
[3.659s][info   ][gc,heap     ] GC(18)      Free:      278M (14%)          54M (3%)         1206M (59%)         566M (28%)        1262M (62%)          22M (1%)     
[3.659s][info   ][gc,heap     ] GC(18)      Used:     1770M (86%)        1994M (97%)         842M (41%)        1482M (72%)        2026M (99%)         786M (38%)    
[3.659s][info   ][gc,heap     ] GC(18)      Live:         -               122M (6%)          122M (6%)          122M (6%)             -                  -          
[3.659s][info   ][gc,heap     ] GC(18) Allocated:         -               224M (11%)         288M (14%)        1316M (64%)            -                  -          
[3.659s][info   ][gc,heap     ] GC(18)   Garbage:         -              1647M (80%)         431M (21%)          42M (2%)             -                  -          
[3.659s][info   ][gc,heap     ] GC(18) Reclaimed:         -                  -              1216M (59%)        1604M (78%)            -                  -          
[3.659s][info   ][gc          ] GC(18) Garbage Collection (Allocation Rate) 1770M(86%)->1482M(72%)
[3.679s][info   ][gc,start    ] GC(19) Garbage Collection (Allocation Stall)
[3.679s][info   ][gc,ref      ] GC(19) Clearing All SoftReferences
[3.679s][info   ][gc,task     ] GC(19) Using 1 workers
[3.679s][info   ][gc,phases   ] GC(19) Pause Mark Start 0.016ms
[3.716s][info   ][gc,phases   ] GC(19) Concurrent Mark 33.224ms
[3.716s][info   ][gc,phases   ] GC(19) Pause Mark End 0.017ms
[3.719s][info   ][gc,phases   ] GC(19) Concurrent Mark Free 0.002ms
[3.727s][info   ][gc,phases   ] GC(19) Concurrent Process Non-Strong References 7.592ms
[3.727s][info   ][gc,phases   ] GC(19) Concurrent Reset Relocation Set 0.005ms
[3.728s][info   ][gc          ] Allocation Stall (Thread-2) 1.089ms
[3.728s][info   ][gc          ] Allocation Stall (Thread-3) 1.462ms
[3.728s][info   ][gc          ] Allocation Stall (Thread-5) 1.200ms
[3.730s][info   ][gc          ] Allocation Stall (Thread-0) 4.067ms
[3.731s][info   ][gc          ] Allocation Stall (Thread-6) 3.967ms
[3.728s][info   ][gc          ] Allocation Stall (Thread-1) 0.964ms
[3.728s][info   ][gc          ] Allocation Stall (Thread-4) 1.625ms
[3.728s][info   ][gc,phases   ] GC(19) Concurrent Select Relocation Set 1.081ms
[3.737s][info   ][gc,phases   ] GC(19) Pause Relocate Start 0.016ms
[3.784s][info   ][gc,phases   ] GC(19) Concurrent Relocate 43.743ms
[3.784s][info   ][gc,load     ] GC(19) Load: 3.60/2.96/1.96
[3.784s][info   ][gc,mmu      ] GC(19) MMU: 2ms/97.5%, 5ms/99.0%, 10ms/99.5%, 20ms/99.6%, 50ms/99.8%, 100ms/99.9%
[3.784s][info   ][gc,marking  ] GC(19) Mark: 1 stripe(s), 2 proactive flush(es), 1 terminate flush(es), 0 completion(s), 0 continuation(s) 
[3.784s][info   ][gc,marking  ] GC(19) Mark Stack Usage: 32M
[3.784s][info   ][gc,nmethod  ] GC(19) NMethods: 100 registered, 0 unregistered
[3.784s][info   ][gc,metaspace] GC(19) Metaspace: 0M used, 0M committed, 1088M reserved
[3.784s][info   ][gc,ref      ] GC(19) Soft: 11 encountered, 9 discovered, 4 enqueued
[3.784s][info   ][gc,ref      ] GC(19) Weak: 37 encountered, 28 discovered, 0 enqueued
[3.784s][info   ][gc,ref      ] GC(19) Final: 0 encountered, 0 discovered, 0 enqueued
[3.784s][info   ][gc,ref      ] GC(19) Phantom: 5 encountered, 2 discovered, 0 enqueued
[3.784s][info   ][gc,reloc    ] GC(19) Small Pages: 5 / 10M, Empty: 0M, Relocated: 0M, In-Place: 0
[3.784s][info   ][gc,reloc    ] GC(19) Medium Pages: 51 / 1632M, Empty: 1408M, Relocated: 45M, In-Place: 0
[3.784s][info   ][gc,reloc    ] GC(19) Large Pages: 0 / 0M, Empty: 0M, Relocated: 0M, In-Place: 0
[3.784s][info   ][gc,reloc    ] GC(19) Forwarding Usage: 0M
[3.784s][info   ][gc,heap     ] GC(19) Min Capacity: 2048M(100%)
[3.784s][info   ][gc,heap     ] GC(19) Max Capacity: 2048M(100%)
[3.784s][info   ][gc,heap     ] GC(19) Soft Max Capacity: 2048M(100%)
[3.784s][info   ][gc,heap     ] GC(19)                Mark Start          Mark End        Relocate Start      Relocate End           High               Low         
[3.784s][info   ][gc,heap     ] GC(19)  Capacity:     2048M (100%)       2048M (100%)       2048M (100%)       2048M (100%)       2048M (100%)       2048M (100%)   
[3.784s][info   ][gc,heap     ] GC(19)      Free:      406M (20%)          86M (4%)         1366M (67%)        1174M (57%)        1430M (70%)          22M (1%)     
[3.784s][info   ][gc,heap     ] GC(19)      Used:     1642M (80%)        1962M (96%)         682M (33%)         874M (43%)        2026M (99%)         618M (30%)    
[3.784s][info   ][gc,heap     ] GC(19)      Live:         -                64M (3%)           64M (3%)           64M (3%)             -                  -          
[3.784s][info   ][gc,heap     ] GC(19) Allocated:         -               320M (16%)         448M (22%)         774M (38%)            -                  -          
[3.784s][info   ][gc,heap     ] GC(19)   Garbage:         -              1577M (77%)         169M (8%)           34M (2%)             -                  -          
[3.784s][info   ][gc,heap     ] GC(19) Reclaimed:         -                  -              1408M (69%)        1542M (75%)            -                  -          
[3.784s][info   ][gc          ] GC(19) Garbage Collection (Allocation Stall) 1642M(80%)->874M(43%)
[3.876s][info   ][gc,start    ] GC(20) Garbage Collection (Allocation Stall)
[3.876s][info   ][gc,ref      ] GC(20) Clearing All SoftReferences
[3.876s][info   ][gc,task     ] GC(20) Using 1 workers
[3.877s][info   ][gc,phases   ] GC(20) Pause Mark Start 0.011ms
[3.905s][info   ][gc,phases   ] GC(20) Concurrent Mark 26.709ms
[3.906s][info   ][gc,phases   ] GC(20) Pause Mark End 0.022ms
[3.912s][info   ][gc,phases   ] GC(20) Concurrent Mark Free 0.004ms
[3.921s][info   ][gc,phases   ] GC(20) Concurrent Process Non-Strong References 9.736ms
[3.922s][info   ][gc,phases   ] GC(20) Concurrent Reset Relocation Set 0.005ms
[3.927s][info   ][gc,phases   ] GC(20) Concurrent Select Relocation Set 5.765ms
[3.928s][info   ][gc,phases   ] GC(20) Pause Relocate Start 0.019ms
[4.013s][info   ][gc,phases   ] GC(20) Concurrent Relocate 84.197ms
[4.013s][info   ][gc,load     ] GC(20) Load: 3.60/2.96/1.96
[4.013s][info   ][gc,mmu      ] GC(20) MMU: 2ms/97.5%, 5ms/99.0%, 10ms/99.5%, 20ms/99.6%, 50ms/99.8%, 100ms/99.9%
[4.013s][info   ][gc,marking  ] GC(20) Mark: 1 stripe(s), 2 proactive flush(es), 1 terminate flush(es), 0 completion(s), 0 continuation(s) 
[4.013s][info   ][gc,marking  ] GC(20) Mark Stack Usage: 32M
[4.013s][info   ][gc,nmethod  ] GC(20) NMethods: 100 registered, 0 unregistered
[4.013s][info   ][gc,metaspace] GC(20) Metaspace: 0M used, 0M committed, 1088M reserved
[4.013s][info   ][gc,ref      ] GC(20) Soft: 7 encountered, 5 discovered, 0 enqueued
[4.013s][info   ][gc,ref      ] GC(20) Weak: 37 encountered, 28 discovered, 0 enqueued
[4.013s][info   ][gc,ref      ] GC(20) Final: 0 encountered, 0 discovered, 0 enqueued
[4.013s][info   ][gc,ref      ] GC(20) Phantom: 5 encountered, 2 discovered, 0 enqueued
[4.013s][info   ][gc,reloc    ] GC(20) Small Pages: 5 / 10M, Empty: 0M, Relocated: 0M, In-Place: 0
[4.013s][info   ][gc,reloc    ] GC(20) Medium Pages: 51 / 1632M, Empty: 1280M, Relocated: 47M, In-Place: 0
[4.013s][info   ][gc,reloc    ] GC(20) Large Pages: 0 / 0M, Empty: 0M, Relocated: 0M, In-Place: 0
[4.013s][info   ][gc,reloc    ] GC(20) Forwarding Usage: 0M
[4.013s][info   ][gc,heap     ] GC(20) Min Capacity: 2048M(100%)
[4.013s][info   ][gc,heap     ] GC(20) Max Capacity: 2048M(100%)
[4.013s][info   ][gc,heap     ] GC(20) Soft Max Capacity: 2048M(100%)
[4.013s][info   ][gc,heap     ] GC(20)                Mark Start          Mark End        Relocate Start      Relocate End           High               Low         
[4.013s][info   ][gc,heap     ] GC(20)  Capacity:     2048M (100%)       2048M (100%)       2048M (100%)       2048M (100%)       2048M (100%)       2048M (100%)   
[4.013s][info   ][gc,heap     ] GC(20)      Free:      406M (20%)         182M (9%)         1302M (64%)         886M (43%)        1390M (68%)          54M (3%)     
[4.013s][info   ][gc,heap     ] GC(20)      Used:     1642M (80%)        1866M (91%)         746M (36%)        1162M (57%)        1994M (97%)         658M (32%)    
[4.013s][info   ][gc,heap     ] GC(20)      Live:         -                72M (4%)           72M (4%)           72M (4%)             -                  -          
[4.014s][info   ][gc,heap     ] GC(20) Allocated:         -               224M (11%)         384M (19%)        1062M (52%)            -                  -          
[4.014s][info   ][gc,heap     ] GC(20)   Garbage:         -              1569M (77%)         289M (14%)          27M (1%)             -                  -          
[4.014s][info   ][gc,heap     ] GC(20) Reclaimed:         -                  -              1280M (62%)        1542M (75%)            -                  -          
[4.014s][info   ][gc          ] GC(20) Garbage Collection (Allocation Stall) 1642M(80%)->1162M(57%)
[4.076s][info   ][gc,start    ] GC(21) Garbage Collection (Allocation Rate)
[4.076s][info   ][gc,task     ] GC(21) Using 1 workers
[4.076s][info   ][gc,phases   ] GC(21) Pause Mark Start 0.024ms
[4.115s][info   ][gc,phases   ] GC(21) Concurrent Mark 32.561ms
[4.115s][info   ][gc,phases   ] GC(21) Pause Mark End 0.040ms
[4.119s][info   ][gc,phases   ] GC(21) Concurrent Mark Free 0.003ms
[4.121s][info   ][gc,phases   ] GC(21) Concurrent Process Non-Strong References 1.796ms
[4.121s][info   ][gc,phases   ] GC(21) Concurrent Reset Relocation Set 0.002ms
[4.122s][info   ][gc          ] Allocation Stall (Thread-5) 1.104ms
[4.122s][info   ][gc          ] Allocation Stall (Thread-4) 1.634ms
[4.122s][info   ][gc          ] Allocation Stall (Thread-1) 1.392ms
[4.122s][info   ][gc,phases   ] GC(21) Concurrent Select Relocation Set 1.056ms
[4.122s][info   ][gc          ] Allocation Stall (Thread-3) 0.843ms
[4.122s][info   ][gc          ] Allocation Stall (Thread-6) 1.611ms
[4.122s][info   ][gc          ] Allocation Stall (Thread-0) 1.144ms
[4.122s][info   ][gc,phases   ] GC(21) Pause Relocate Start 0.012ms
[4.123s][info   ][gc          ] Allocation Stall (Thread-7) 1.692ms
[4.123s][info   ][gc          ] Allocation Stall (Thread-2) 1.824ms
[4.199s][info   ][gc,phases   ] GC(21) Concurrent Relocate 76.023ms
[4.199s][info   ][gc,load     ] GC(21) Load: 3.60/2.96/1.96
[4.199s][info   ][gc,mmu      ] GC(21) MMU: 2ms/97.5%, 5ms/99.0%, 10ms/99.5%, 20ms/99.6%, 50ms/99.8%, 100ms/99.9%
[4.199s][info   ][gc,marking  ] GC(21) Mark: 1 stripe(s), 2 proactive flush(es), 1 terminate flush(es), 0 completion(s), 0 continuation(s) 
[4.199s][info   ][gc,marking  ] GC(21) Mark Stack Usage: 32M
[4.199s][info   ][gc,nmethod  ] GC(21) NMethods: 100 registered, 0 unregistered
[4.199s][info   ][gc,metaspace] GC(21) Metaspace: 0M used, 0M committed, 1088M reserved
[4.199s][info   ][gc,ref      ] GC(21) Soft: 7 encountered, 0 discovered, 0 enqueued
[4.199s][info   ][gc,ref      ] GC(21) Weak: 37 encountered, 28 discovered, 0 enqueued
[4.199s][info   ][gc,ref      ] GC(21) Final: 0 encountered, 0 discovered, 0 enqueued
[4.199s][info   ][gc,ref      ] GC(21) Phantom: 5 encountered, 2 discovered, 0 enqueued
[4.199s][info   ][gc,reloc    ] GC(21) Small Pages: 5 / 10M, Empty: 0M, Relocated: 0M, In-Place: 0
[4.199s][info   ][gc,reloc    ] GC(21) Medium Pages: 52 / 1664M, Empty: 1152M, Relocated: 109M, In-Place: 0
[4.199s][info   ][gc,reloc    ] GC(21) Large Pages: 0 / 0M, Empty: 0M, Relocated: 0M, In-Place: 0
[4.199s][info   ][gc,reloc    ] GC(21) Forwarding Usage: 0M
[4.199s][info   ][gc,heap     ] GC(21) Min Capacity: 2048M(100%)
[4.199s][info   ][gc,heap     ] GC(21) Max Capacity: 2048M(100%)
[4.199s][info   ][gc,heap     ] GC(21) Soft Max Capacity: 2048M(100%)
[4.199s][info   ][gc,heap     ] GC(21)                Mark Start          Mark End        Relocate Start      Relocate End           High               Low         
[4.199s][info   ][gc,heap     ] GC(21)  Capacity:     2048M (100%)       2048M (100%)       2048M (100%)       2048M (100%)       2048M (100%)       2048M (100%)   
[4.199s][info   ][gc,heap     ] GC(21)      Free:      374M (18%)          54M (3%)         1078M (53%)         982M (48%)        1294M (63%)          22M (1%)     
[4.199s][info   ][gc,heap     ] GC(21)      Used:     1674M (82%)        1994M (97%)         970M (47%)        1066M (52%)        2026M (99%)         754M (37%)    
[4.199s][info   ][gc,heap     ] GC(21)      Live:         -               136M (7%)          136M (7%)          136M (7%)             -                  -          
[4.199s][info   ][gc,heap     ] GC(21) Allocated:         -               320M (16%)         448M (22%)         895M (44%)            -                  -          
[4.200s][info   ][gc,heap     ] GC(21)   Garbage:         -              1537M (75%)         385M (19%)          33M (2%)             -                  -          
[4.200s][info   ][gc,heap     ] GC(21) Reclaimed:         -                  -              1152M (56%)        1503M (73%)            -                  -          
[4.200s][info   ][gc          ] GC(21) Garbage Collection (Allocation Rate) 1674M(82%)->1066M(52%)
[4.276s][info   ][gc,start    ] GC(22) Garbage Collection (Allocation Stall)
[4.276s][info   ][gc,ref      ] GC(22) Clearing All SoftReferences
[4.276s][info   ][gc,task     ] GC(22) Using 1 workers
[4.279s][info   ][gc,phases   ] GC(22) Pause Mark Start 0.031ms
[4.311s][info   ][gc,phases   ] GC(22) Concurrent Mark 25.760ms
[4.314s][info   ][gc,phases   ] GC(22) Pause Mark End 0.041ms
[4.319s][info   ][gc,phases   ] GC(22) Concurrent Mark Free 0.010ms
[4.321s][info   ][gc,phases   ] GC(22) Concurrent Process Non-Strong References 2.149ms
[4.321s][info   ][gc,phases   ] GC(22) Concurrent Reset Relocation Set 0.004ms
[4.322s][info   ][gc          ] Allocation Stall (Thread-5) 1.416ms
[4.322s][info   ][gc          ] Allocation Stall (Thread-4) 0.782ms
[4.322s][info   ][gc          ] Allocation Stall (Thread-2) 1.391ms
[4.322s][info   ][gc          ] Allocation Stall (Thread-7) 1.381ms
[4.322s][info   ][gc          ] Allocation Stall (Thread-0) 1.342ms
[4.322s][info   ][gc          ] Allocation Stall (Thread-3) 1.650ms
[4.322s][info   ][gc,phases   ] GC(22) Concurrent Select Relocation Set 1.239ms
[4.339s][info   ][gc,phases   ] GC(22) Pause Relocate Start 0.018ms
[4.487s][info   ][gc,phases   ] GC(22) Concurrent Relocate 147.884ms
[4.487s][info   ][gc,load     ] GC(22) Load: 3.60/2.96/1.96
[4.487s][info   ][gc,mmu      ] GC(22) MMU: 2ms/97.5%, 5ms/99.0%, 10ms/99.5%, 20ms/99.6%, 50ms/99.8%, 100ms/99.9%
[4.487s][info   ][gc,marking  ] GC(22) Mark: 1 stripe(s), 2 proactive flush(es), 1 terminate flush(es), 0 completion(s), 0 continuation(s) 
[4.487s][info   ][gc,marking  ] GC(22) Mark Stack Usage: 32M
[4.487s][info   ][gc,nmethod  ] GC(22) NMethods: 100 registered, 0 unregistered
[4.487s][info   ][gc,metaspace] GC(22) Metaspace: 0M used, 0M committed, 1088M reserved
[4.487s][info   ][gc,ref      ] GC(22) Soft: 7 encountered, 5 discovered, 0 enqueued
[4.487s][info   ][gc,ref      ] GC(22) Weak: 37 encountered, 28 discovered, 0 enqueued
[4.487s][info   ][gc,ref      ] GC(22) Final: 0 encountered, 0 discovered, 0 enqueued
[4.487s][info   ][gc,ref      ] GC(22) Phantom: 5 encountered, 2 discovered, 0 enqueued
[4.487s][info   ][gc,reloc    ] GC(22) Small Pages: 5 / 10M, Empty: 0M, Relocated: 0M, In-Place: 0
[4.487s][info   ][gc,reloc    ] GC(22) Medium Pages: 53 / 1696M, Empty: 1088M, Relocated: 70M, In-Place: 0
[4.487s][info   ][gc,reloc    ] GC(22) Large Pages: 0 / 0M, Empty: 0M, Relocated: 0M, In-Place: 0
[4.487s][info   ][gc,reloc    ] GC(22) Forwarding Usage: 0M
[4.487s][info   ][gc,heap     ] GC(22) Min Capacity: 2048M(100%)
[4.487s][info   ][gc,heap     ] GC(22) Max Capacity: 2048M(100%)
[4.487s][info   ][gc,heap     ] GC(22) Soft Max Capacity: 2048M(100%)
[4.487s][info   ][gc,heap     ] GC(22)                Mark Start          Mark End        Relocate Start      Relocate End           High               Low         
[4.487s][info   ][gc,heap     ] GC(22)  Capacity:     2048M (100%)       2048M (100%)       2048M (100%)       2048M (100%)       2048M (100%)       2048M (100%)   
[4.487s][info   ][gc,heap     ] GC(22)      Free:      342M (17%)          54M (3%)          950M (46%)         246M (12%)        1110M (54%)          22M (1%)     
[4.487s][info   ][gc,heap     ] GC(22)      Used:     1706M (83%)        1994M (97%)        1098M (54%)        1802M (88%)        2026M (99%)         938M (46%)    
[4.487s][info   ][gc,heap     ] GC(22)      Live:         -               139M (7%)          139M (7%)          139M (7%)             -                  -          
[4.487s][info   ][gc,heap     ] GC(22) Allocated:         -               288M (14%)         480M (23%)        1605M (78%)            -                  -          
[4.487s][info   ][gc,heap     ] GC(22)   Garbage:         -              1566M (77%)         478M (23%)          56M (3%)             -                  -          
[4.487s][info   ][gc,heap     ] GC(22) Reclaimed:         -                  -              1088M (53%)        1509M (74%)            -                  -          
[4.487s][info   ][gc          ] GC(22) Garbage Collection (Allocation Stall) 1706M(83%)->1802M(88%)
[4.518s][info   ][gc,start    ] GC(23) Garbage Collection (Allocation Stall)
[4.519s][info   ][gc,ref      ] GC(23) Clearing All SoftReferences
[4.519s][info   ][gc,task     ] GC(23) Using 1 workers
[4.519s][info   ][gc,phases   ] GC(23) Pause Mark Start 0.012ms
[4.521s][info   ][gc,phases   ] GC(23) Concurrent Mark 1.990ms
[4.521s][info   ][gc,phases   ] GC(23) Pause Mark End 0.010ms
[4.521s][info   ][gc,phases   ] GC(23) Concurrent Mark Free 0.001ms
[4.522s][info   ][gc,phases   ] GC(23) Concurrent Process Non-Strong References 0.327ms
[4.522s][info   ][gc,phases   ] GC(23) Concurrent Reset Relocation Set 0.002ms
[4.523s][info   ][gc          ] Allocation Stall (Thread-0) 4.361ms
[4.523s][info   ][gc          ] Allocation Stall (Thread-6) 4.429ms
[4.523s][info   ][gc          ] Allocation Stall (Thread-4) 1.644ms
[4.523s][info   ][gc          ] Allocation Stall (Thread-3) 4.312ms
[4.523s][info   ][gc          ] Allocation Stall (Thread-5) 4.228ms
[4.523s][info   ][gc          ] Allocation Stall (Thread-7) 1.683ms
[4.525s][info   ][gc          ] Allocation Stall (Thread-1) 6.708ms
[4.523s][info   ][gc          ] Allocation Stall (Thread-2) 0.844ms
[4.528s][info   ][gc,phases   ] GC(23) Concurrent Select Relocation Set 6.285ms
[4.528s][info   ][gc,phases   ] GC(23) Pause Relocate Start 0.014ms
[4.555s][info   ][gc,phases   ] GC(23) Concurrent Relocate 26.731ms
[4.555s][info   ][gc,load     ] GC(23) Load: 3.60/2.96/1.96
[4.555s][info   ][gc,mmu      ] GC(23) MMU: 2ms/97.5%, 5ms/99.0%, 10ms/99.5%, 20ms/99.6%, 50ms/99.8%, 100ms/99.9%
[4.555s][info   ][gc,marking  ] GC(23) Mark: 1 stripe(s), 1 proactive flush(es), 1 terminate flush(es), 0 completion(s), 0 continuation(s) 
[4.555s][info   ][gc,marking  ] GC(23) Mark Stack Usage: 32M
[4.555s][info   ][gc,nmethod  ] GC(23) NMethods: 100 registered, 0 unregistered
[4.555s][info   ][gc,metaspace] GC(23) Metaspace: 0M used, 0M committed, 1088M reserved
[4.555s][info   ][gc,ref      ] GC(23) Soft: 7 encountered, 5 discovered, 0 enqueued
[4.555s][info   ][gc,ref      ] GC(23) Weak: 37 encountered, 28 discovered, 0 enqueued
[4.555s][info   ][gc,ref      ] GC(23) Final: 0 encountered, 0 discovered, 0 enqueued
[4.555s][info   ][gc,ref      ] GC(23) Phantom: 5 encountered, 2 discovered, 0 enqueued
[4.555s][info   ][gc,reloc    ] GC(23) Small Pages: 5 / 10M, Empty: 0M, Relocated: 0M, In-Place: 0
[4.555s][info   ][gc,reloc    ] GC(23) Medium Pages: 63 / 2016M, Empty: 1600M, Relocated: 27M, In-Place: 0
[4.555s][info   ][gc,reloc    ] GC(23) Large Pages: 0 / 0M, Empty: 0M, Relocated: 0M, In-Place: 0
[4.555s][info   ][gc,reloc    ] GC(23) Forwarding Usage: 0M
[4.555s][info   ][gc,heap     ] GC(23) Min Capacity: 2048M(100%)
[4.555s][info   ][gc,heap     ] GC(23) Max Capacity: 2048M(100%)
[4.555s][info   ][gc,heap     ] GC(23) Soft Max Capacity: 2048M(100%)
[4.555s][info   ][gc,heap     ] GC(23)                Mark Start          Mark End        Relocate Start      Relocate End           High               Low         
[4.555s][info   ][gc,heap     ] GC(23)  Capacity:     2048M (100%)       2048M (100%)       2048M (100%)       2048M (100%)       2048M (100%)       2048M (100%)   
[4.555s][info   ][gc,heap     ] GC(23)      Free:       22M (1%)           22M (1%)         1558M (76%)        1654M (81%)        1774M (87%)          22M (1%)     
[4.555s][info   ][gc,heap     ] GC(23)      Used:     2026M (99%)        2026M (99%)         490M (24%)         394M (19%)        2026M (99%)         274M (13%)    
[4.555s][info   ][gc,heap     ] GC(23)      Live:         -                91M (4%)           91M (4%)           91M (4%)             -                  -          
[4.555s][info   ][gc,heap     ] GC(23) Allocated:         -                 0M (0%)           64M (3%)          252M (12%)            -                  -          
[4.555s][info   ][gc,heap     ] GC(23)   Garbage:         -              1934M (94%)         334M (16%)          49M (2%)             -                  -          
[4.555s][info   ][gc,heap     ] GC(23) Reclaimed:         -                  -              1600M (78%)        1884M (92%)            -                  -          
[4.555s][info   ][gc          ] GC(23) Garbage Collection (Allocation Stall) 2026M(99%)->394M(19%)
[4.576s][info   ][gc,start    ] GC(24) Garbage Collection (Allocation Stall)
[4.576s][info   ][gc,ref      ] GC(24) Clearing All SoftReferences
[4.576s][info   ][gc,task     ] GC(24) Using 1 workers
[4.578s][info   ][gc,phases   ] GC(24) Pause Mark Start 0.014ms
[4.612s][info   ][gc,phases   ] GC(24) Concurrent Mark 34.388ms
[4.615s][info   ][gc,phases   ] GC(24) Pause Mark End 0.019ms
[4.615s][info   ][gc,phases   ] GC(24) Concurrent Mark Free 0.002ms
[4.622s][info   ][gc,phases   ] GC(24) Concurrent Process Non-Strong References 6.991ms
[4.622s][info   ][gc,phases   ] GC(24) Concurrent Reset Relocation Set 0.009ms
[4.624s][info   ][gc,phases   ] GC(24) Concurrent Select Relocation Set 2.055ms
[4.625s][info   ][gc,phases   ] GC(24) Pause Relocate Start 0.025ms
[4.714s][info   ][gc,phases   ] GC(24) Concurrent Relocate 88.640ms
[4.714s][info   ][gc,load     ] GC(24) Load: 3.60/2.96/1.96
[4.714s][info   ][gc,mmu      ] GC(24) MMU: 2ms/97.5%, 5ms/99.0%, 10ms/99.5%, 20ms/99.6%, 50ms/99.8%, 100ms/99.9%
[4.714s][info   ][gc,marking  ] GC(24) Mark: 1 stripe(s), 2 proactive flush(es), 1 terminate flush(es), 0 completion(s), 0 continuation(s) 
[4.714s][info   ][gc,marking  ] GC(24) Mark Stack Usage: 32M
[4.714s][info   ][gc,nmethod  ] GC(24) NMethods: 100 registered, 0 unregistered
[4.714s][info   ][gc,metaspace] GC(24) Metaspace: 0M used, 0M committed, 1088M reserved
[4.714s][info   ][gc,ref      ] GC(24) Soft: 7 encountered, 5 discovered, 0 enqueued
[4.714s][info   ][gc,ref      ] GC(24) Weak: 37 encountered, 28 discovered, 0 enqueued
[4.714s][info   ][gc,ref      ] GC(24) Final: 0 encountered, 0 discovered, 0 enqueued
[4.714s][info   ][gc,ref      ] GC(24) Phantom: 5 encountered, 2 discovered, 0 enqueued
[4.714s][info   ][gc,reloc    ] GC(24) Small Pages: 5 / 10M, Empty: 0M, Relocated: 0M, In-Place: 0
[4.714s][info   ][gc,reloc    ] GC(24) Medium Pages: 17 / 544M, Empty: 160M, Relocated: 45M, In-Place: 0
[4.714s][info   ][gc,reloc    ] GC(24) Large Pages: 0 / 0M, Empty: 0M, Relocated: 0M, In-Place: 0
[4.714s][info   ][gc,reloc    ] GC(24) Forwarding Usage: 0M
[4.714s][info   ][gc,heap     ] GC(24) Min Capacity: 2048M(100%)
[4.714s][info   ][gc,heap     ] GC(24) Max Capacity: 2048M(100%)
[4.714s][info   ][gc,heap     ] GC(24) Soft Max Capacity: 2048M(100%)
[4.714s][info   ][gc,heap     ] GC(24)                Mark Start          Mark End        Relocate Start      Relocate End           High               Low         
[4.714s][info   ][gc,heap     ] GC(24)  Capacity:     2048M (100%)       2048M (100%)       2048M (100%)       2048M (100%)       2048M (100%)       2048M (100%)   
[4.714s][info   ][gc,heap     ] GC(24)      Free:     1494M (73%)        1238M (60%)        1302M (64%)         886M (43%)        1494M (73%)         846M (41%)    
[4.714s][info   ][gc,heap     ] GC(24)      Used:      554M (27%)         810M (40%)         746M (36%)        1162M (57%)        1202M (59%)         554M (27%)    
[4.714s][info   ][gc,heap     ] GC(24)      Live:         -                95M (5%)           95M (5%)           95M (5%)             -                  -          
[4.714s][info   ][gc,heap     ] GC(24) Allocated:         -               256M (12%)         352M (17%)        1031M (50%)            -                  -          
[4.714s][info   ][gc,heap     ] GC(24)   Garbage:         -               458M (22%)         298M (15%)          34M (2%)             -                  -          
[4.714s][info   ][gc,heap     ] GC(24) Reclaimed:         -                  -               160M (8%)          423M (21%)            -                  -          
[4.714s][info   ][gc          ] GC(24) Garbage Collection (Allocation Stall) 554M(27%)->1162M(57%)
[4.775s][info   ][gc,start    ] GC(25) Garbage Collection (Allocation Rate)
[4.775s][info   ][gc,task     ] GC(25) Using 1 workers
[4.779s][info   ][gc,phases   ] GC(25) Pause Mark Start 0.014ms
[4.802s][info   ][gc,phases   ] GC(25) Concurrent Mark 17.792ms
[4.803s][info   ][gc,phases   ] GC(25) Pause Mark End 0.026ms
[4.803s][info   ][gc,phases   ] GC(25) Concurrent Mark Free 0.002ms
[4.808s][info   ][gc,phases   ] GC(25) Concurrent Process Non-Strong References 4.973ms
[4.808s][info   ][gc,phases   ] GC(25) Concurrent Reset Relocation Set 0.013ms
[4.809s][info   ][gc,phases   ] GC(25) Concurrent Select Relocation Set 1.173ms
[4.809s][info   ][gc,phases   ] GC(25) Pause Relocate Start 0.014ms
[4.935s][info   ][gc,phases   ] GC(25) Concurrent Relocate 125.034ms
[4.935s][info   ][gc,load     ] GC(25) Load: 3.60/2.96/1.96
[4.936s][info   ][gc,mmu      ] GC(25) MMU: 2ms/97.5%, 5ms/99.0%, 10ms/99.5%, 20ms/99.6%, 50ms/99.8%, 100ms/99.9%
[4.936s][info   ][gc,marking  ] GC(25) Mark: 1 stripe(s), 2 proactive flush(es), 1 terminate flush(es), 0 completion(s), 0 continuation(s) 
[4.936s][info   ][gc,marking  ] GC(25) Mark Stack Usage: 32M
[4.936s][info   ][gc,nmethod  ] GC(25) NMethods: 100 registered, 0 unregistered
[4.936s][info   ][gc,metaspace] GC(25) Metaspace: 0M used, 0M committed, 1088M reserved
[4.936s][info   ][gc,ref      ] GC(25) Soft: 7 encountered, 0 discovered, 0 enqueued
[4.936s][info   ][gc,ref      ] GC(25) Weak: 37 encountered, 28 discovered, 0 enqueued
[4.936s][info   ][gc,ref      ] GC(25) Final: 0 encountered, 0 discovered, 0 enqueued
[4.936s][info   ][gc,ref      ] GC(25) Phantom: 5 encountered, 2 discovered, 0 enqueued
[4.936s][info   ][gc,reloc    ] GC(25) Small Pages: 5 / 10M, Empty: 0M, Relocated: 0M, In-Place: 0
[4.936s][info   ][gc,reloc    ] GC(25) Medium Pages: 53 / 1696M, Empty: 1376M, Relocated: 77M, In-Place: 0
[4.936s][info   ][gc,reloc    ] GC(25) Large Pages: 0 / 0M, Empty: 0M, Relocated: 0M, In-Place: 0
[4.936s][info   ][gc,reloc    ] GC(25) Forwarding Usage: 0M
[4.936s][info   ][gc,heap     ] GC(25) Min Capacity: 2048M(100%)
[4.936s][info   ][gc,heap     ] GC(25) Max Capacity: 2048M(100%)
[4.936s][info   ][gc,heap     ] GC(25) Soft Max Capacity: 2048M(100%)
[4.936s][info   ][gc,heap     ] GC(25)                Mark Start          Mark End        Relocate Start      Relocate End           High               Low         
[4.936s][info   ][gc,heap     ] GC(25)  Capacity:     2048M (100%)       2048M (100%)       2048M (100%)       2048M (100%)       2048M (100%)       2048M (100%)   
[4.936s][info   ][gc,heap     ] GC(25)      Free:      342M (17%)         150M (7%)         1462M (71%)         758M (37%)        1520M (74%)          86M (4%)     
[4.936s][info   ][gc,heap     ] GC(25)      Used:     1706M (83%)        1898M (93%)         586M (29%)        1290M (63%)        1962M (96%)         528M (26%)    
[4.936s][info   ][gc,heap     ] GC(25)      Live:         -                78M (4%)           78M (4%)           78M (4%)             -                  -          
[4.936s][info   ][gc,heap     ] GC(25) Allocated:         -               192M (9%)          256M (12%)        1188M (58%)            -                  -          
[4.936s][info   ][gc,heap     ] GC(25)   Garbage:         -              1627M (79%)         251M (12%)          22M (1%)             -                  -          
[4.936s][info   ][gc,heap     ] GC(25) Reclaimed:         -                  -              1376M (67%)        1604M (78%)            -                  -          
[4.936s][info   ][gc          ] GC(25) Garbage Collection (Allocation Rate) 1706M(83%)->1290M(63%)
[4.979s][info   ][gc,start    ] GC(26) Garbage Collection (Allocation Rate)
[4.979s][info   ][gc,task     ] GC(26) Using 1 workers
[4.981s][info   ][gc,phases   ] GC(26) Pause Mark Start 0.015ms
[5.006s][info   ][gc,phases   ] GC(26) Concurrent Mark 19.628ms
[5.006s][info   ][gc,phases   ] GC(26) Pause Mark End 0.023ms
[5.007s][info   ][gc,phases   ] GC(26) Concurrent Mark Free 0.003ms
[5.013s][info   ][gc,phases   ] GC(26) Concurrent Process Non-Strong References 5.550ms
[5.013s][info   ][gc,phases   ] GC(26) Concurrent Reset Relocation Set 0.007ms
[5.014s][info   ][gc,phases   ] GC(26) Concurrent Select Relocation Set 1.197ms
[5.014s][info   ][gc,phases   ] GC(26) Pause Relocate Start 0.018ms
[5.075s][info   ][gc,phases   ] GC(26) Concurrent Relocate 60.381ms
[5.075s][info   ][gc,load     ] GC(26) Load: 3.60/2.96/1.96
[5.075s][info   ][gc,mmu      ] GC(26) MMU: 2ms/97.5%, 5ms/99.0%, 10ms/99.5%, 20ms/99.6%, 50ms/99.8%, 100ms/99.9%
[5.075s][info   ][gc,marking  ] GC(26) Mark: 1 stripe(s), 2 proactive flush(es), 1 terminate flush(es), 0 completion(s), 0 continuation(s) 
[5.075s][info   ][gc,marking  ] GC(26) Mark Stack Usage: 32M
[5.075s][info   ][gc,nmethod  ] GC(26) NMethods: 100 registered, 0 unregistered
[5.075s][info   ][gc,metaspace] GC(26) Metaspace: 0M used, 0M committed, 1088M reserved
[5.075s][info   ][gc,ref      ] GC(26) Soft: 7 encountered, 0 discovered, 0 enqueued
[5.075s][info   ][gc,ref      ] GC(26) Weak: 37 encountered, 28 discovered, 0 enqueued
[5.075s][info   ][gc,ref      ] GC(26) Final: 0 encountered, 0 discovered, 0 enqueued
[5.076s][info   ][gc,ref      ] GC(26) Phantom: 5 encountered, 2 discovered, 0 enqueued
[5.076s][info   ][gc,reloc    ] GC(26) Small Pages: 5 / 10M, Empty: 0M, Relocated: 0M, In-Place: 0
[5.076s][info   ][gc,reloc    ] GC(26) Medium Pages: 52 / 1664M, Empty: 1536M, Relocated: 22M, In-Place: 0
[5.076s][info   ][gc,reloc    ] GC(26) Large Pages: 0 / 0M, Empty: 0M, Relocated: 0M, In-Place: 0
[5.076s][info   ][gc,reloc    ] GC(26) Forwarding Usage: 0M
[5.076s][info   ][gc,heap     ] GC(26) Min Capacity: 2048M(100%)
[5.076s][info   ][gc,heap     ] GC(26) Max Capacity: 2048M(100%)
[5.076s][info   ][gc,heap     ] GC(26) Soft Max Capacity: 2048M(100%)
[5.076s][info   ][gc,heap     ] GC(26)                Mark Start          Mark End        Relocate Start      Relocate End           High               Low         
[5.076s][info   ][gc,heap     ] GC(26)  Capacity:     2048M (100%)       2048M (100%)       2048M (100%)       2048M (100%)       2048M (100%)       2048M (100%)   
[5.076s][info   ][gc,heap     ] GC(26)      Free:      374M (18%)         150M (7%)         1622M (79%)        1270M (62%)        1622M (79%)          86M (4%)     
[5.076s][info   ][gc,heap     ] GC(26)      Used:     1674M (82%)        1898M (93%)         426M (21%)         778M (38%)        1962M (96%)         426M (21%)    
[5.076s][info   ][gc,heap     ] GC(26)      Live:         -                22M (1%)           22M (1%)           22M (1%)             -                  -          
[5.076s][info   ][gc,heap     ] GC(26) Allocated:         -               224M (11%)         288M (14%)         743M (36%)            -                  -          
[5.076s][info   ][gc,heap     ] GC(26)   Garbage:         -              1651M (81%)         115M (6%)           11M (1%)             -                  -          
[5.076s][info   ][gc,heap     ] GC(26) Reclaimed:         -                  -              1536M (75%)        1639M (80%)            -                  -          
[5.076s][info   ][gc          ] GC(26) Garbage Collection (Allocation Rate) 1674M(82%)->778M(38%)
[5.083s][info   ][gc,start    ] GC(27) Garbage Collection (Allocation Rate)
[5.083s][info   ][gc,task     ] GC(27) Using 1 workers
[5.086s][info   ][gc,phases   ] GC(27) Pause Mark Start 0.014ms
[5.114s][info   ][gc,phases   ] GC(27) Concurrent Mark 22.244ms
[5.114s][info   ][gc,phases   ] GC(27) Pause Mark End 0.022ms
[5.118s][info   ][gc,phases   ] GC(27) Concurrent Mark Free 0.003ms
[5.122s][info   ][gc,phases   ] GC(27) Concurrent Process Non-Strong References 3.799ms
[5.122s][info   ][gc,phases   ] GC(27) Concurrent Reset Relocation Set 0.006ms
[5.123s][info   ][gc,phases   ] GC(27) Concurrent Select Relocation Set 1.147ms
[5.123s][info   ][gc,phases   ] GC(27) Pause Relocate Start 0.028ms
[5.165s][info   ][gc,phases   ] GC(27) Concurrent Relocate 41.530ms
[5.165s][info   ][gc,load     ] GC(27) Load: 3.60/2.96/1.96
[5.165s][info   ][gc,mmu      ] GC(27) MMU: 2ms/97.5%, 5ms/99.0%, 10ms/99.5%, 20ms/99.6%, 50ms/99.8%, 100ms/99.9%
[5.165s][info   ][gc,marking  ] GC(27) Mark: 1 stripe(s), 2 proactive flush(es), 1 terminate flush(es), 0 completion(s), 0 continuation(s) 
[5.165s][info   ][gc,marking  ] GC(27) Mark Stack Usage: 32M
[5.165s][info   ][gc,nmethod  ] GC(27) NMethods: 101 registered, 0 unregistered
[5.165s][info   ][gc,metaspace] GC(27) Metaspace: 0M used, 0M committed, 1088M reserved
[5.165s][info   ][gc,ref      ] GC(27) Soft: 7 encountered, 0 discovered, 0 enqueued
[5.165s][info   ][gc,ref      ] GC(27) Weak: 37 encountered, 28 discovered, 0 enqueued
[5.165s][info   ][gc,ref      ] GC(27) Final: 0 encountered, 0 discovered, 0 enqueued
[5.165s][info   ][gc,ref      ] GC(27) Phantom: 5 encountered, 2 discovered, 0 enqueued
[5.165s][info   ][gc,reloc    ] GC(27) Small Pages: 5 / 10M, Empty: 0M, Relocated: 0M, In-Place: 0
[5.165s][info   ][gc,reloc    ] GC(27) Medium Pages: 27 / 864M, Empty: 736M, Relocated: 22M, In-Place: 0
[5.165s][info   ][gc,reloc    ] GC(27) Large Pages: 0 / 0M, Empty: 0M, Relocated: 0M, In-Place: 0
[5.165s][info   ][gc,reloc    ] GC(27) Forwarding Usage: 0M
[5.165s][info   ][gc,heap     ] GC(27) Min Capacity: 2048M(100%)
[5.165s][info   ][gc,heap     ] GC(27) Max Capacity: 2048M(100%)
[5.165s][info   ][gc,heap     ] GC(27) Soft Max Capacity: 2048M(100%)
[5.165s][info   ][gc,heap     ] GC(27)                Mark Start          Mark End        Relocate Start      Relocate End           High               Low         
[5.165s][info   ][gc,heap     ] GC(27)  Capacity:     2048M (100%)       2048M (100%)       2048M (100%)       2048M (100%)       2048M (100%)       2048M (100%)   
[5.165s][info   ][gc,heap     ] GC(27)      Free:     1174M (57%)         950M (46%)        1622M (79%)        1398M (68%)        1622M (79%)         886M (43%)    
[5.165s][info   ][gc,heap     ] GC(27)      Used:      874M (43%)        1098M (54%)         426M (21%)         650M (32%)        1162M (57%)         426M (21%)    
[5.165s][info   ][gc,heap     ] GC(27)      Live:         -                22M (1%)           22M (1%)           22M (1%)             -                  -          
[5.165s][info   ][gc,heap     ] GC(27) Allocated:         -               224M (11%)         288M (14%)         615M (30%)            -                  -          
[5.165s][info   ][gc,heap     ] GC(27)   Garbage:         -               851M (42%)         115M (6%)           11M (1%)             -                  -          
[5.165s][info   ][gc,heap     ] GC(27) Reclaimed:         -                  -               736M (36%)         839M (41%)            -                  -          
[5.165s][info   ][gc          ] GC(27) Garbage Collection (Allocation Rate) 874M(43%)->650M(32%)
[5.179s][info   ][gc,start    ] GC(28) Garbage Collection (Allocation Rate)
[5.179s][info   ][gc,task     ] GC(28) Using 1 workers
[5.180s][info   ][gc,phases   ] GC(28) Pause Mark Start 0.015ms
[5.201s][info   ][gc,phases   ] GC(28) Concurrent Mark 20.775ms
[5.201s][info   ][gc,phases   ] GC(28) Pause Mark End 0.029ms
[5.202s][info   ][gc,phases   ] GC(28) Concurrent Mark Free 0.002ms
[5.213s][info   ][gc,phases   ] GC(28) Concurrent Process Non-Strong References 11.491ms
[5.213s][info   ][gc,phases   ] GC(28) Concurrent Reset Relocation Set 0.007ms
[5.216s][info   ][gc,phases   ] GC(28) Concurrent Select Relocation Set 2.440ms
[5.216s][info   ][gc,phases   ] GC(28) Pause Relocate Start 0.016ms
[5.289s][info   ][gc,phases   ] GC(28) Concurrent Relocate 67.010ms
[5.289s][info   ][gc,load     ] GC(28) Load: 3.60/2.96/1.96
[5.289s][info   ][gc,mmu      ] GC(28) MMU: 2ms/97.5%, 5ms/99.0%, 10ms/99.5%, 20ms/99.6%, 50ms/99.8%, 100ms/99.9%
[5.290s][info   ][gc,marking  ] GC(28) Mark: 1 stripe(s), 2 proactive flush(es), 1 terminate flush(es), 0 completion(s), 0 continuation(s) 
[5.290s][info   ][gc,marking  ] GC(28) Mark Stack Usage: 32M
[5.290s][info   ][gc,nmethod  ] GC(28) NMethods: 102 registered, 0 unregistered
[5.290s][info   ][gc,metaspace] GC(28) Metaspace: 0M used, 0M committed, 1088M reserved
[5.290s][info   ][gc,ref      ] GC(28) Soft: 7 encountered, 0 discovered, 0 enqueued
[5.290s][info   ][gc,ref      ] GC(28) Weak: 37 encountered, 28 discovered, 0 enqueued
[5.290s][info   ][gc,ref      ] GC(28) Final: 0 encountered, 0 discovered, 0 enqueued
[5.290s][info   ][gc,ref      ] GC(28) Phantom: 5 encountered, 2 discovered, 0 enqueued
[5.290s][info   ][gc,reloc    ] GC(28) Small Pages: 5 / 10M, Empty: 0M, Relocated: 0M, In-Place: 0
[5.290s][info   ][gc,reloc    ] GC(28) Medium Pages: 24 / 768M, Empty: 640M, Relocated: 26M, In-Place: 0
[5.290s][info   ][gc,reloc    ] GC(28) Large Pages: 0 / 0M, Empty: 0M, Relocated: 0M, In-Place: 0
[5.290s][info   ][gc,reloc    ] GC(28) Forwarding Usage: 0M
[5.290s][info   ][gc,heap     ] GC(28) Min Capacity: 2048M(100%)
[5.290s][info   ][gc,heap     ] GC(28) Max Capacity: 2048M(100%)
[5.290s][info   ][gc,heap     ] GC(28) Soft Max Capacity: 2048M(100%)
[5.290s][info   ][gc,heap     ] GC(28)                Mark Start          Mark End        Relocate Start      Relocate End           High               Low         
[5.290s][info   ][gc,heap     ] GC(28)  Capacity:     2048M (100%)       2048M (100%)       2048M (100%)       2048M (100%)       2048M (100%)       2048M (100%)   
[5.290s][info   ][gc,heap     ] GC(28)      Free:     1270M (62%)        1078M (53%)        1590M (78%)        1110M (54%)        1622M (79%)         982M (48%)    
[5.290s][info   ][gc,heap     ] GC(28)      Used:      778M (38%)         970M (47%)         458M (22%)         938M (46%)        1066M (52%)         426M (21%)    
[5.290s][info   ][gc,heap     ] GC(28)      Live:         -                26M (1%)           26M (1%)           26M (1%)             -                  -          
[5.290s][info   ][gc,heap     ] GC(28) Allocated:         -               192M (9%)          320M (16%)         903M (44%)            -                  -          
[5.290s][info   ][gc,heap     ] GC(28)   Garbage:         -               751M (37%)         111M (5%)            7M (0%)             -                  -          
[5.290s][info   ][gc,heap     ] GC(28) Reclaimed:         -                  -               640M (31%)         743M (36%)            -                  -          
[5.290s][info   ][gc          ] GC(28) Garbage Collection (Allocation Rate) 778M(38%)->938M(46%)
[5.377s][info   ][gc,start    ] GC(29) Garbage Collection (Allocation Rate)
[5.377s][info   ][gc,task     ] GC(29) Using 1 workers
[5.377s][info   ][gc,phases   ] GC(29) Pause Mark Start 0.021ms
[5.422s][info   ][gc,phases   ] GC(29) Concurrent Mark 38.177ms
[5.422s][info   ][gc,phases   ] GC(29) Pause Mark End 0.019ms
[5.422s][info   ][gc,phases   ] GC(29) Concurrent Mark Free 0.001ms
[5.423s][info   ][gc,phases   ] GC(29) Concurrent Process Non-Strong References 1.089ms
[5.423s][info   ][gc,phases   ] GC(29) Concurrent Reset Relocation Set 0.003ms
[5.425s][info   ][gc,phases   ] GC(29) Concurrent Select Relocation Set 1.956ms
[5.428s][info   ][gc,phases   ] GC(29) Pause Relocate Start 0.013ms
[5.501s][info   ][gc,phases   ] GC(29) Concurrent Relocate 69.922ms
[5.501s][info   ][gc,load     ] GC(29) Load: 3.60/2.96/1.96
[5.501s][info   ][gc,mmu      ] GC(29) MMU: 2ms/97.5%, 5ms/99.0%, 10ms/99.5%, 20ms/99.6%, 50ms/99.8%, 100ms/99.9%
[5.501s][info   ][gc,marking  ] GC(29) Mark: 1 stripe(s), 2 proactive flush(es), 1 terminate flush(es), 0 completion(s), 0 continuation(s) 
[5.501s][info   ][gc,marking  ] GC(29) Mark Stack Usage: 32M
[5.501s][info   ][gc,nmethod  ] GC(29) NMethods: 103 registered, 0 unregistered
[5.501s][info   ][gc,metaspace] GC(29) Metaspace: 0M used, 0M committed, 1088M reserved
[5.501s][info   ][gc,ref      ] GC(29) Soft: 7 encountered, 0 discovered, 0 enqueued
[5.501s][info   ][gc,ref      ] GC(29) Weak: 37 encountered, 28 discovered, 0 enqueued
[5.501s][info   ][gc,ref      ] GC(29) Final: 0 encountered, 0 discovered, 0 enqueued
[5.501s][info   ][gc,ref      ] GC(29) Phantom: 5 encountered, 2 discovered, 0 enqueued
[5.501s][info   ][gc,reloc    ] GC(29) Small Pages: 5 / 10M, Empty: 0M, Relocated: 0M, In-Place: 0
[5.501s][info   ][gc,reloc    ] GC(29) Medium Pages: 51 / 1632M, Empty: 1504M, Relocated: 26M, In-Place: 0
[5.501s][info   ][gc,reloc    ] GC(29) Large Pages: 0 / 0M, Empty: 0M, Relocated: 0M, In-Place: 0
[5.501s][info   ][gc,reloc    ] GC(29) Forwarding Usage: 0M
[5.501s][info   ][gc,heap     ] GC(29) Min Capacity: 2048M(100%)
[5.501s][info   ][gc,heap     ] GC(29) Max Capacity: 2048M(100%)
[5.501s][info   ][gc,heap     ] GC(29) Soft Max Capacity: 2048M(100%)
[5.501s][info   ][gc,heap     ] GC(29)                Mark Start          Mark End        Relocate Start      Relocate End           High               Low         
[5.501s][info   ][gc,heap     ] GC(29)  Capacity:     2048M (100%)       2048M (100%)       2048M (100%)       2048M (100%)       2048M (100%)       2048M (100%)   
[5.501s][info   ][gc,heap     ] GC(29)      Free:      406M (20%)          54M (3%)         1558M (76%)        1110M (54%)        1558M (76%)          54M (3%)     
[5.501s][info   ][gc,heap     ] GC(29)      Used:     1642M (80%)        1994M (97%)         490M (24%)         938M (46%)        1994M (97%)         490M (24%)    
[5.501s][info   ][gc,heap     ] GC(29)      Live:         -                26M (1%)           26M (1%)           26M (1%)             -                  -          
[5.501s][info   ][gc,heap     ] GC(29) Allocated:         -               352M (17%)         352M (17%)         903M (44%)            -                  -          
[5.501s][info   ][gc,heap     ] GC(29)   Garbage:         -              1615M (79%)         111M (5%)            7M (0%)             -                  -          
[5.501s][info   ][gc,heap     ] GC(29) Reclaimed:         -                  -              1504M (73%)        1607M (79%)            -                  -          
[5.502s][info   ][gc          ] GC(29) Garbage Collection (Allocation Rate) 1642M(80%)->938M(46%)
[5.578s][info   ][gc,start    ] GC(30) Garbage Collection (Allocation Rate)
[5.578s][info   ][gc,task     ] GC(30) Using 1 workers
[5.582s][info   ][gc,phases   ] GC(30) Pause Mark Start 0.023ms
[5.604s][info   ][gc,phases   ] GC(30) Concurrent Mark 15.982ms
[5.604s][info   ][gc,phases   ] GC(30) Pause Mark End 0.019ms
[5.607s][info   ][gc,phases   ] GC(30) Concurrent Mark Free 0.004ms
[5.613s][info   ][gc,phases   ] GC(30) Concurrent Process Non-Strong References 6.284ms
[5.613s][info   ][gc,phases   ] GC(30) Concurrent Reset Relocation Set 0.011ms
[5.617s][info   ][gc,phases   ] GC(30) Concurrent Select Relocation Set 3.379ms
[5.617s][info   ][gc,phases   ] GC(30) Pause Relocate Start 0.038ms
[5.700s][info   ][gc,phases   ] GC(30) Concurrent Relocate 77.259ms
[5.700s][info   ][gc,load     ] GC(30) Load: 3.60/2.96/1.96
[5.700s][info   ][gc,mmu      ] GC(30) MMU: 2ms/97.5%, 5ms/99.0%, 10ms/99.5%, 20ms/99.6%, 50ms/99.8%, 100ms/99.9%
[5.700s][info   ][gc,marking  ] GC(30) Mark: 1 stripe(s), 2 proactive flush(es), 1 terminate flush(es), 0 completion(s), 0 continuation(s) 
[5.700s][info   ][gc,marking  ] GC(30) Mark Stack Usage: 32M
[5.700s][info   ][gc,nmethod  ] GC(30) NMethods: 103 registered, 0 unregistered
[5.700s][info   ][gc,metaspace] GC(30) Metaspace: 0M used, 0M committed, 1088M reserved
[5.700s][info   ][gc,ref      ] GC(30) Soft: 7 encountered, 0 discovered, 0 enqueued
[5.700s][info   ][gc,ref      ] GC(30) Weak: 37 encountered, 28 discovered, 0 enqueued
[5.700s][info   ][gc,ref      ] GC(30) Final: 0 encountered, 0 discovered, 0 enqueued
[5.700s][info   ][gc,ref      ] GC(30) Phantom: 5 encountered, 2 discovered, 0 enqueued
[5.700s][info   ][gc,reloc    ] GC(30) Small Pages: 5 / 10M, Empty: 0M, Relocated: 0M, In-Place: 0
[5.700s][info   ][gc,reloc    ] GC(30) Medium Pages: 49 / 1568M, Empty: 1408M, Relocated: 25M, In-Place: 0
[5.700s][info   ][gc,reloc    ] GC(30) Large Pages: 0 / 0M, Empty: 0M, Relocated: 0M, In-Place: 0
[5.700s][info   ][gc,reloc    ] GC(30) Forwarding Usage: 0M
[5.700s][info   ][gc,heap     ] GC(30) Min Capacity: 2048M(100%)
[5.701s][info   ][gc,heap     ] GC(30) Max Capacity: 2048M(100%)
[5.701s][info   ][gc,heap     ] GC(30) Soft Max Capacity: 2048M(100%)
[5.701s][info   ][gc,heap     ] GC(30)                Mark Start          Mark End        Relocate Start      Relocate End           High               Low         
[5.701s][info   ][gc,heap     ] GC(30)  Capacity:     2048M (100%)       2048M (100%)       2048M (100%)       2048M (100%)       2048M (100%)       2048M (100%)   
[5.701s][info   ][gc,heap     ] GC(30)      Free:      470M (23%)         310M (15%)        1622M (79%)        1142M (56%)        1654M (81%)         246M (12%)    
[5.701s][info   ][gc,heap     ] GC(30)      Used:     1578M (77%)        1738M (85%)         426M (21%)         906M (44%)        1802M (88%)         394M (19%)    
[5.701s][info   ][gc,heap     ] GC(30)      Live:         -                25M (1%)           25M (1%)           25M (1%)             -                  -          
[5.701s][info   ][gc,heap     ] GC(30) Allocated:         -               160M (8%)          256M (12%)         871M (43%)            -                  -          
[5.701s][info   ][gc,heap     ] GC(30)   Garbage:         -              1552M (76%)         144M (7%)            8M (0%)             -                  -          
[5.701s][info   ][gc,heap     ] GC(30) Reclaimed:         -                  -              1408M (69%)        1543M (75%)            -                  -          
[5.701s][info   ][gc          ] GC(30) Garbage Collection (Allocation Rate) 1578M(77%)->906M(44%)
[5.779s][info   ][gc,start    ] GC(31) Garbage Collection (Allocation Rate)
[5.779s][info   ][gc,task     ] GC(31) Using 1 workers
[5.780s][info   ][gc,phases   ] GC(31) Pause Mark Start 0.012ms
[5.808s][info   ][gc,phases   ] GC(31) Concurrent Mark 23.562ms
[5.808s][info   ][gc,phases   ] GC(31) Pause Mark End 0.019ms
[5.811s][info   ][gc,phases   ] GC(31) Concurrent Mark Free 0.004ms
[5.816s][info   ][gc,phases   ] GC(31) Concurrent Process Non-Strong References 4.888ms
[5.816s][info   ][gc,phases   ] GC(31) Concurrent Reset Relocation Set 0.011ms
[5.828s][info   ][gc,phases   ] GC(31) Concurrent Select Relocation Set 11.869ms
[5.828s][info   ][gc,phases   ] GC(31) Pause Relocate Start 0.017ms
[5.886s][info   ][gc,phases   ] GC(31) Concurrent Relocate 52.779ms
[5.886s][info   ][gc,load     ] GC(31) Load: 3.60/2.96/1.96
[5.886s][info   ][gc,mmu      ] GC(31) MMU: 2ms/97.5%, 5ms/99.0%, 10ms/99.5%, 20ms/99.6%, 50ms/99.8%, 100ms/99.9%
[5.886s][info   ][gc,marking  ] GC(31) Mark: 1 stripe(s), 2 proactive flush(es), 1 terminate flush(es), 0 completion(s), 0 continuation(s) 
[5.886s][info   ][gc,marking  ] GC(31) Mark Stack Usage: 32M
[5.886s][info   ][gc,nmethod  ] GC(31) NMethods: 103 registered, 0 unregistered
[5.886s][info   ][gc,metaspace] GC(31) Metaspace: 0M used, 0M committed, 1088M reserved
[5.886s][info   ][gc,ref      ] GC(31) Soft: 7 encountered, 0 discovered, 0 enqueued
[5.886s][info   ][gc,ref      ] GC(31) Weak: 37 encountered, 28 discovered, 0 enqueued
[5.886s][info   ][gc,ref      ] GC(31) Final: 0 encountered, 0 discovered, 0 enqueued
[5.886s][info   ][gc,ref      ] GC(31) Phantom: 5 encountered, 2 discovered, 0 enqueued
[5.886s][info   ][gc,reloc    ] GC(31) Small Pages: 5 / 10M, Empty: 0M, Relocated: 0M, In-Place: 0
[5.886s][info   ][gc,reloc    ] GC(31) Medium Pages: 48 / 1536M, Empty: 1376M, Relocated: 19M, In-Place: 0
[5.886s][info   ][gc,reloc    ] GC(31) Large Pages: 0 / 0M, Empty: 0M, Relocated: 0M, In-Place: 0
[5.886s][info   ][gc,reloc    ] GC(31) Forwarding Usage: 0M
[5.886s][info   ][gc,heap     ] GC(31) Min Capacity: 2048M(100%)
[5.886s][info   ][gc,heap     ] GC(31) Max Capacity: 2048M(100%)
[5.886s][info   ][gc,heap     ] GC(31) Soft Max Capacity: 2048M(100%)
[5.886s][info   ][gc,heap     ] GC(31)                Mark Start          Mark End        Relocate Start      Relocate End           High               Low         
[5.886s][info   ][gc,heap     ] GC(31)  Capacity:     2048M (100%)       2048M (100%)       2048M (100%)       2048M (100%)       2048M (100%)       2048M (100%)   
[5.886s][info   ][gc,heap     ] GC(31)      Free:      502M (25%)         278M (14%)        1494M (73%)        1142M (56%)        1526M (75%)         150M (7%)     
[5.886s][info   ][gc,heap     ] GC(31)      Used:     1546M (75%)        1770M (86%)         554M (27%)         906M (44%)        1898M (93%)         522M (25%)    
[5.886s][info   ][gc,heap     ] GC(31)      Live:         -                36M (2%)           36M (2%)           36M (2%)             -                  -          
[5.886s][info   ][gc,heap     ] GC(31) Allocated:         -               224M (11%)         384M (19%)         839M (41%)            -                  -          
[5.886s][info   ][gc,heap     ] GC(31)   Garbage:         -              1509M (74%)         133M (7%)           29M (1%)             -                  -          
[5.886s][info   ][gc,heap     ] GC(31) Reclaimed:         -                  -              1376M (67%)        1479M (72%)            -                  -          
[5.886s][info   ][gc          ] GC(31) Garbage Collection (Allocation Rate) 1546M(75%)->906M(44%)
[5.976s][info   ][gc,start    ] GC(32) Garbage Collection (Allocation Rate)
[5.976s][info   ][gc,task     ] GC(32) Using 1 workers
[5.977s][info   ][gc,phases   ] GC(32) Pause Mark Start 0.013ms
[6.016s][info   ][gc,phases   ] GC(32) Concurrent Mark 36.034ms
[6.016s][info   ][gc,phases   ] GC(32) Pause Mark End 0.042ms
[6.023s][info   ][gc,phases   ] GC(32) Concurrent Mark Free 0.008ms
[6.032s][info   ][gc,phases   ] GC(32) Concurrent Process Non-Strong References 9.273ms
[6.032s][info   ][gc,phases   ] GC(32) Concurrent Reset Relocation Set 0.003ms
[6.033s][info   ][gc          ] Allocation Stall (Thread-2) 1.901ms
[6.034s][info   ][gc          ] Allocation Stall (Thread-3) 1.984ms
[6.034s][info   ][gc          ] Allocation Stall (Thread-4) 1.678ms
[6.034s][info   ][gc          ] Allocation Stall (Thread-7) 2.495ms
[6.034s][info   ][gc          ] Allocation Stall (Thread-5) 1.832ms
[6.034s][info   ][gc          ] Allocation Stall (Thread-0) 1.814ms
[6.036s][info   ][gc,phases   ] GC(32) Concurrent Select Relocation Set 3.670ms
[6.034s][info   ][gc          ] Allocation Stall (Thread-6) 2.152ms
[6.036s][info   ][gc,phases   ] GC(32) Pause Relocate Start 0.015ms
[6.128s][info   ][gc,phases   ] GC(32) Concurrent Relocate 88.938ms
[6.128s][info   ][gc,load     ] GC(32) Load: 3.60/2.96/1.96
[6.128s][info   ][gc,mmu      ] GC(32) MMU: 2ms/97.5%, 5ms/99.0%, 10ms/99.5%, 20ms/99.6%, 50ms/99.8%, 100ms/99.9%
[6.128s][info   ][gc,marking  ] GC(32) Mark: 1 stripe(s), 2 proactive flush(es), 1 terminate flush(es), 0 completion(s), 0 continuation(s) 
[6.128s][info   ][gc,marking  ] GC(32) Mark Stack Usage: 32M
[6.128s][info   ][gc,nmethod  ] GC(32) NMethods: 103 registered, 0 unregistered
[6.128s][info   ][gc,metaspace] GC(32) Metaspace: 0M used, 0M committed, 1088M reserved
[6.128s][info   ][gc,ref      ] GC(32) Soft: 7 encountered, 0 discovered, 0 enqueued
[6.128s][info   ][gc,ref      ] GC(32) Weak: 37 encountered, 28 discovered, 0 enqueued
[6.128s][info   ][gc,ref      ] GC(32) Final: 0 encountered, 0 discovered, 0 enqueued
[6.128s][info   ][gc,ref      ] GC(32) Phantom: 5 encountered, 2 discovered, 0 enqueued
[6.128s][info   ][gc,reloc    ] GC(32) Small Pages: 5 / 10M, Empty: 0M, Relocated: 0M, In-Place: 0
[6.128s][info   ][gc,reloc    ] GC(32) Medium Pages: 51 / 1632M, Empty: 1376M, Relocated: 41M, In-Place: 0
[6.128s][info   ][gc,reloc    ] GC(32) Large Pages: 0 / 0M, Empty: 0M, Relocated: 0M, In-Place: 0
[6.128s][info   ][gc,reloc    ] GC(32) Forwarding Usage: 0M
[6.128s][info   ][gc,heap     ] GC(32) Min Capacity: 2048M(100%)
[6.128s][info   ][gc,heap     ] GC(32) Max Capacity: 2048M(100%)
[6.128s][info   ][gc,heap     ] GC(32) Soft Max Capacity: 2048M(100%)
[6.128s][info   ][gc,heap     ] GC(32)                Mark Start          Mark End        Relocate Start      Relocate End           High               Low         
[6.128s][info   ][gc,heap     ] GC(32)  Capacity:     2048M (100%)       2048M (100%)       2048M (100%)       2048M (100%)       2048M (100%)       2048M (100%)   
[6.128s][info   ][gc,heap     ] GC(32)      Free:      406M (20%)         118M (6%)         1366M (67%)         854M (42%)        1398M (68%)          22M (1%)     
[6.128s][info   ][gc,heap     ] GC(32)      Used:     1642M (80%)        1930M (94%)         682M (33%)        1194M (58%)        2026M (99%)         650M (32%)    
[6.128s][info   ][gc,heap     ] GC(32)      Live:         -                65M (3%)           65M (3%)           65M (3%)             -                  -          
[6.128s][info   ][gc,heap     ] GC(32) Allocated:         -               288M (14%)         416M (20%)        1095M (54%)            -                  -          
[6.128s][info   ][gc,heap     ] GC(32)   Garbage:         -              1576M (77%)         200M (10%)          32M (2%)             -                  -          
[6.128s][info   ][gc,heap     ] GC(32) Reclaimed:         -                  -              1376M (67%)        1543M (75%)            -                  -          
[6.128s][info   ][gc          ] GC(32) Garbage Collection (Allocation Rate) 1642M(80%)->1194M(58%)
[6.179s][info   ][gc,start    ] GC(33) Garbage Collection (Allocation Stall)
[6.179s][info   ][gc,ref      ] GC(33) Clearing All SoftReferences
[6.179s][info   ][gc,task     ] GC(33) Using 1 workers
[6.179s][info   ][gc,phases   ] GC(33) Pause Mark Start 0.028ms
[6.213s][info   ][gc,phases   ] GC(33) Concurrent Mark 26.641ms
[6.213s][info   ][gc,phases   ] GC(33) Pause Mark End 0.038ms
[6.213s][info   ][gc,phases   ] GC(33) Concurrent Mark Free 0.003ms
[6.226s][info   ][gc,phases   ] GC(33) Concurrent Process Non-Strong References 12.769ms
[6.226s][info   ][gc,phases   ] GC(33) Concurrent Reset Relocation Set 0.008ms
[6.232s][info   ][gc,phases   ] GC(33) Concurrent Select Relocation Set 5.479ms
[6.232s][info   ][gc,phases   ] GC(33) Pause Relocate Start 0.016ms
[6.266s][info   ][gc,phases   ] GC(33) Concurrent Relocate 32.817ms
[6.266s][info   ][gc,load     ] GC(33) Load: 3.60/2.96/1.96
[6.266s][info   ][gc,mmu      ] GC(33) MMU: 2ms/97.5%, 5ms/99.0%, 10ms/99.5%, 20ms/99.6%, 50ms/99.8%, 100ms/99.9%
[6.266s][info   ][gc,marking  ] GC(33) Mark: 1 stripe(s), 2 proactive flush(es), 1 terminate flush(es), 0 completion(s), 0 continuation(s) 
[6.266s][info   ][gc,marking  ] GC(33) Mark Stack Usage: 32M
[6.266s][info   ][gc,nmethod  ] GC(33) NMethods: 103 registered, 0 unregistered
[6.266s][info   ][gc,metaspace] GC(33) Metaspace: 0M used, 0M committed, 1088M reserved
[6.266s][info   ][gc,ref      ] GC(33) Soft: 7 encountered, 5 discovered, 0 enqueued
[6.266s][info   ][gc,ref      ] GC(33) Weak: 37 encountered, 28 discovered, 0 enqueued
[6.266s][info   ][gc,ref      ] GC(33) Final: 0 encountered, 0 discovered, 0 enqueued
[6.266s][info   ][gc,ref      ] GC(33) Phantom: 5 encountered, 2 discovered, 0 enqueued
[6.266s][info   ][gc,reloc    ] GC(33) Small Pages: 5 / 10M, Empty: 0M, Relocated: 0M, In-Place: 0
[6.266s][info   ][gc,reloc    ] GC(33) Medium Pages: 50 / 1600M, Empty: 1344M, Relocated: 27M, In-Place: 0
[6.266s][info   ][gc,reloc    ] GC(33) Large Pages: 0 / 0M, Empty: 0M, Relocated: 0M, In-Place: 0
[6.266s][info   ][gc,reloc    ] GC(33) Forwarding Usage: 0M
[6.266s][info   ][gc,heap     ] GC(33) Min Capacity: 2048M(100%)
[6.266s][info   ][gc,heap     ] GC(33) Max Capacity: 2048M(100%)
[6.266s][info   ][gc,heap     ] GC(33) Soft Max Capacity: 2048M(100%)
[6.266s][info   ][gc,heap     ] GC(33)                Mark Start          Mark End        Relocate Start      Relocate End           High               Low         
[6.266s][info   ][gc,heap     ] GC(33)  Capacity:     2048M (100%)       2048M (100%)       2048M (100%)       2048M (100%)       2048M (100%)       2048M (100%)   
[6.266s][info   ][gc,heap     ] GC(33)      Free:      438M (21%)         150M (7%)         1334M (65%)        1270M (62%)        1422M (69%)          22M (1%)     
[6.266s][info   ][gc,heap     ] GC(33)      Used:     1610M (79%)        1898M (93%)         714M (35%)         778M (38%)        2026M (99%)         626M (31%)    
[6.266s][info   ][gc,heap     ] GC(33)      Live:         -                64M (3%)           64M (3%)           64M (3%)             -                  -          
[6.266s][info   ][gc,heap     ] GC(33) Allocated:         -               288M (14%)         448M (22%)         679M (33%)            -                  -          
[6.266s][info   ][gc,heap     ] GC(33)   Garbage:         -              1545M (75%)         201M (10%)          33M (2%)             -                  -          
[6.266s][info   ][gc,heap     ] GC(33) Reclaimed:         -                  -              1344M (66%)        1511M (74%)            -                  -          
[6.266s][info   ][gc          ] GC(33) Garbage Collection (Allocation Stall) 1610M(79%)->778M(38%)
[6.276s][info   ][gc,start    ] GC(34) Garbage Collection (Allocation Rate)
[6.276s][info   ][gc,task     ] GC(34) Using 1 workers
[6.277s][info   ][gc,phases   ] GC(34) Pause Mark Start 0.014ms
[6.307s][info   ][gc,phases   ] GC(34) Concurrent Mark 30.052ms
[6.307s][info   ][gc,phases   ] GC(34) Pause Mark End 0.044ms
[6.311s][info   ][gc,phases   ] GC(34) Concurrent Mark Free 0.004ms
[6.318s][info   ][gc,phases   ] GC(34) Concurrent Process Non-Strong References 6.595ms
[6.318s][info   ][gc,phases   ] GC(34) Concurrent Reset Relocation Set 0.004ms
[6.319s][info   ][gc,phases   ] GC(34) Concurrent Select Relocation Set 1.632ms
[6.320s][info   ][gc,phases   ] GC(34) Pause Relocate Start 0.022ms
[6.428s][info   ][gc,phases   ] GC(34) Concurrent Relocate 104.566ms
[6.428s][info   ][gc,load     ] GC(34) Load: 3.60/2.96/1.96
[6.428s][info   ][gc,mmu      ] GC(34) MMU: 2ms/97.5%, 5ms/99.0%, 10ms/99.5%, 20ms/99.6%, 50ms/99.8%, 100ms/99.9%
[6.428s][info   ][gc,marking  ] GC(34) Mark: 1 stripe(s), 2 proactive flush(es), 1 terminate flush(es), 0 completion(s), 0 continuation(s) 
[6.428s][info   ][gc,marking  ] GC(34) Mark Stack Usage: 32M
[6.428s][info   ][gc,nmethod  ] GC(34) NMethods: 103 registered, 0 unregistered
[6.428s][info   ][gc,metaspace] GC(34) Metaspace: 0M used, 0M committed, 1088M reserved
[6.428s][info   ][gc,ref      ] GC(34) Soft: 7 encountered, 0 discovered, 0 enqueued
[6.428s][info   ][gc,ref      ] GC(34) Weak: 37 encountered, 28 discovered, 0 enqueued
[6.428s][info   ][gc,ref      ] GC(34) Final: 0 encountered, 0 discovered, 0 enqueued
[6.428s][info   ][gc,ref      ] GC(34) Phantom: 5 encountered, 2 discovered, 0 enqueued
[6.428s][info   ][gc,reloc    ] GC(34) Small Pages: 5 / 10M, Empty: 0M, Relocated: 0M, In-Place: 0
[6.428s][info   ][gc,reloc    ] GC(34) Medium Pages: 27 / 864M, Empty: 512M, Relocated: 48M, In-Place: 0
[6.428s][info   ][gc,reloc    ] GC(34) Large Pages: 0 / 0M, Empty: 0M, Relocated: 0M, In-Place: 0
[6.428s][info   ][gc,reloc    ] GC(34) Forwarding Usage: 0M
[6.428s][info   ][gc,heap     ] GC(34) Min Capacity: 2048M(100%)
[6.428s][info   ][gc,heap     ] GC(34) Max Capacity: 2048M(100%)
[6.428s][info   ][gc,heap     ] GC(34) Soft Max Capacity: 2048M(100%)
[6.428s][info   ][gc,heap     ] GC(34)                Mark Start          Mark End        Relocate Start      Relocate End           High               Low         
[6.428s][info   ][gc,heap     ] GC(34)  Capacity:     2048M (100%)       2048M (100%)       2048M (100%)       2048M (100%)       2048M (100%)       2048M (100%)   
[6.428s][info   ][gc,heap     ] GC(34)      Free:     1174M (57%)         918M (45%)        1334M (65%)         726M (35%)        1334M (65%)         726M (35%)    
[6.428s][info   ][gc,heap     ] GC(34)      Used:      874M (43%)        1130M (55%)         714M (35%)        1322M (65%)        1322M (65%)         714M (35%)    
[6.428s][info   ][gc,heap     ] GC(34)      Live:         -               111M (5%)          111M (5%)          111M (5%)             -                  -          
[6.428s][info   ][gc,heap     ] GC(34) Allocated:         -               256M (12%)         352M (17%)        1159M (57%)            -                  -          
[6.428s][info   ][gc,heap     ] GC(34)   Garbage:         -               762M (37%)         250M (12%)          50M (2%)             -                  -          
[6.428s][info   ][gc,heap     ] GC(34) Reclaimed:         -                  -               512M (25%)         711M (35%)            -                  -          
[6.428s][info   ][gc          ] GC(34) Garbage Collection (Allocation Rate) 874M(43%)->1322M(65%)
[6.482s][info   ][gc,start    ] GC(35) Garbage Collection (Allocation Rate)
[6.482s][info   ][gc,task     ] GC(35) Using 1 workers
[6.482s][info   ][gc,phases   ] GC(35) Pause Mark Start 0.025ms
[6.515s][info   ][gc,phases   ] GC(35) Concurrent Mark 31.255ms
[6.516s][info   ][gc,phases   ] GC(35) Pause Mark End 0.017ms
[6.516s][info   ][gc,phases   ] GC(35) Concurrent Mark Free 0.002ms
[6.517s][info   ][gc,phases   ] GC(35) Concurrent Process Non-Strong References 0.598ms
[6.517s][info   ][gc,phases   ] GC(35) Concurrent Reset Relocation Set 0.002ms
[6.518s][info   ][gc          ] Allocation Stall (Thread-3) 1.665ms
[6.518s][info   ][gc          ] Allocation Stall (Thread-7) 2.193ms
[6.518s][info   ][gc          ] Allocation Stall (Thread-4) 1.749ms
[6.518s][info   ][gc          ] Allocation Stall (Thread-0) 1.587ms
[6.518s][info   ][gc          ] Allocation Stall (Thread-1) 1.612ms
[6.521s][info   ][gc          ] Allocation Stall (Thread-2) 5.418ms
[6.521s][info   ][gc,phases   ] GC(35) Concurrent Select Relocation Set 4.245ms
[6.525s][info   ][gc,phases   ] GC(35) Pause Relocate Start 0.015ms
[6.602s][info   ][gc,phases   ] GC(35) Concurrent Relocate 74.211ms
[6.602s][info   ][gc,load     ] GC(35) Load: 3.79/3.01/1.99
[6.602s][info   ][gc,mmu      ] GC(35) MMU: 2ms/97.5%, 5ms/99.0%, 10ms/99.5%, 20ms/99.6%, 50ms/99.8%, 100ms/99.9%
[6.602s][info   ][gc,marking  ] GC(35) Mark: 1 stripe(s), 2 proactive flush(es), 1 terminate flush(es), 0 completion(s), 0 continuation(s) 
[6.602s][info   ][gc,marking  ] GC(35) Mark Stack Usage: 32M
[6.602s][info   ][gc,nmethod  ] GC(35) NMethods: 103 registered, 0 unregistered
[6.602s][info   ][gc,metaspace] GC(35) Metaspace: 0M used, 0M committed, 1088M reserved
[6.602s][info   ][gc,ref      ] GC(35) Soft: 7 encountered, 0 discovered, 0 enqueued
[6.602s][info   ][gc,ref      ] GC(35) Weak: 37 encountered, 28 discovered, 0 enqueued
[6.602s][info   ][gc,ref      ] GC(35) Final: 0 encountered, 0 discovered, 0 enqueued
[6.602s][info   ][gc,ref      ] GC(35) Phantom: 5 encountered, 2 discovered, 0 enqueued
[6.602s][info   ][gc,reloc    ] GC(35) Small Pages: 5 / 10M, Empty: 0M, Relocated: 0M, In-Place: 0
[6.602s][info   ][gc,reloc    ] GC(35) Medium Pages: 55 / 1760M, Empty: 1280M, Relocated: 52M, In-Place: 0
[6.602s][info   ][gc,reloc    ] GC(35) Large Pages: 0 / 0M, Empty: 0M, Relocated: 0M, In-Place: 0
[6.602s][info   ][gc,reloc    ] GC(35) Forwarding Usage: 0M
[6.602s][info   ][gc,heap     ] GC(35) Min Capacity: 2048M(100%)
[6.602s][info   ][gc,heap     ] GC(35) Max Capacity: 2048M(100%)
[6.602s][info   ][gc,heap     ] GC(35) Soft Max Capacity: 2048M(100%)
[6.602s][info   ][gc,heap     ] GC(35)                Mark Start          Mark End        Relocate Start      Relocate End           High               Low         
[6.602s][info   ][gc,heap     ] GC(35)  Capacity:     2048M (100%)       2048M (100%)       2048M (100%)       2048M (100%)       2048M (100%)       2048M (100%)   
[6.602s][info   ][gc,heap     ] GC(35)      Free:      278M (14%)          22M (1%)         1238M (60%)         982M (48%)        1326M (65%)          22M (1%)     
[6.602s][info   ][gc,heap     ] GC(35)      Used:     1770M (86%)        2026M (99%)         810M (40%)        1066M (52%)        2026M (99%)         722M (35%)    
[6.602s][info   ][gc,heap     ] GC(35)      Live:         -               120M (6%)          120M (6%)          120M (6%)             -                  -          
[6.602s][info   ][gc,heap     ] GC(35) Allocated:         -               256M (12%)         320M (16%)         897M (44%)            -                  -          
[6.603s][info   ][gc,heap     ] GC(35)   Garbage:         -              1649M (81%)         369M (18%)          47M (2%)             -                  -          
[6.603s][info   ][gc,heap     ] GC(35) Reclaimed:         -                  -              1280M (62%)        1601M (78%)            -                  -          
[6.603s][info   ][gc          ] GC(35) Garbage Collection (Allocation Rate) 1770M(86%)->1066M(52%)
[6.676s][info   ][gc,start    ] GC(36) Garbage Collection (Allocation Stall)
[6.676s][info   ][gc,ref      ] GC(36) Clearing All SoftReferences
[6.676s][info   ][gc,task     ] GC(36) Using 1 workers
[6.678s][info   ][gc,phases   ] GC(36) Pause Mark Start 0.015ms
[6.717s][info   ][gc,phases   ] GC(36) Concurrent Mark 39.118ms
[6.718s][info   ][gc,phases   ] GC(36) Pause Mark End 0.019ms
[6.720s][info   ][gc,phases   ] GC(36) Concurrent Mark Free 0.003ms
[6.721s][info   ][gc,phases   ] GC(36) Concurrent Process Non-Strong References 1.131ms
[6.721s][info   ][gc,phases   ] GC(36) Concurrent Reset Relocation Set 0.002ms
[6.722s][info   ][gc          ] Allocation Stall (Thread-7) 1.621ms
[6.723s][info   ][gc          ] Allocation Stall (Thread-5) 0.752ms
[6.725s][info   ][gc          ] Allocation Stall (Thread-3) 4.212ms
[6.725s][info   ][gc,phases   ] GC(36) Concurrent Select Relocation Set 4.168ms
[6.725s][info   ][gc          ] Allocation Stall (Thread-6) 5.055ms
[6.726s][info   ][gc          ] Allocation Stall (Thread-4) 4.900ms
[6.725s][info   ][gc          ] Allocation Stall (Thread-2) 4.318ms
[6.726s][info   ][gc,phases   ] GC(36) Pause Relocate Start 0.012ms
[6.843s][info   ][gc,phases   ] GC(36) Concurrent Relocate 115.112ms
[6.843s][info   ][gc,load     ] GC(36) Load: 3.79/3.01/1.99
[6.843s][info   ][gc,mmu      ] GC(36) MMU: 2ms/97.5%, 5ms/99.0%, 10ms/99.5%, 20ms/99.6%, 50ms/99.8%, 100ms/99.9%
[6.844s][info   ][gc,marking  ] GC(36) Mark: 1 stripe(s), 2 proactive flush(es), 1 terminate flush(es), 0 completion(s), 0 continuation(s) 
[6.844s][info   ][gc,marking  ] GC(36) Mark Stack Usage: 32M
[6.844s][info   ][gc,nmethod  ] GC(36) NMethods: 103 registered, 0 unregistered
[6.844s][info   ][gc,metaspace] GC(36) Metaspace: 0M used, 0M committed, 1088M reserved
[6.844s][info   ][gc,ref      ] GC(36) Soft: 7 encountered, 5 discovered, 0 enqueued
[6.844s][info   ][gc,ref      ] GC(36) Weak: 37 encountered, 28 discovered, 0 enqueued
[6.844s][info   ][gc,ref      ] GC(36) Final: 0 encountered, 0 discovered, 0 enqueued
[6.844s][info   ][gc,ref      ] GC(36) Phantom: 5 encountered, 2 discovered, 0 enqueued
[6.844s][info   ][gc,reloc    ] GC(36) Small Pages: 5 / 10M, Empty: 0M, Relocated: 0M, In-Place: 0
[6.844s][info   ][gc,reloc    ] GC(36) Medium Pages: 52 / 1664M, Empty: 1248M, Relocated: 81M, In-Place: 0
[6.844s][info   ][gc,reloc    ] GC(36) Large Pages: 0 / 0M, Empty: 0M, Relocated: 0M, In-Place: 0
[6.844s][info   ][gc,reloc    ] GC(36) Forwarding Usage: 0M
[6.844s][info   ][gc,heap     ] GC(36) Min Capacity: 2048M(100%)
[6.844s][info   ][gc,heap     ] GC(36) Max Capacity: 2048M(100%)
[6.844s][info   ][gc,heap     ] GC(36) Soft Max Capacity: 2048M(100%)
[6.844s][info   ][gc,heap     ] GC(36)                Mark Start          Mark End        Relocate Start      Relocate End           High               Low         
[6.844s][info   ][gc,heap     ] GC(36)  Capacity:     2048M (100%)       2048M (100%)       2048M (100%)       2048M (100%)       2048M (100%)       2048M (100%)   
[6.844s][info   ][gc,heap     ] GC(36)      Free:      374M (18%)          22M (1%)         1206M (59%)         662M (32%)        1326M (65%)          22M (1%)     
[6.844s][info   ][gc,heap     ] GC(36)      Used:     1674M (82%)        2026M (99%)         842M (41%)        1386M (68%)        2026M (99%)         722M (35%)    
[6.844s][info   ][gc,heap     ] GC(36)      Live:         -                82M (4%)           82M (4%)           82M (4%)             -                  -          
[6.844s][info   ][gc,heap     ] GC(36) Allocated:         -               352M (17%)         416M (20%)        1285M (63%)            -                  -          
[6.844s][info   ][gc,heap     ] GC(36)   Garbage:         -              1591M (78%)         343M (17%)          17M (1%)             -                  -          
[6.844s][info   ][gc,heap     ] GC(36) Reclaimed:         -                  -              1248M (61%)        1573M (77%)            -                  -          
[6.844s][info   ][gc          ] GC(36) Garbage Collection (Allocation Stall) 1674M(82%)->1386M(68%)
[6.877s][info   ][gc,start    ] GC(37) Garbage Collection (Allocation Stall)
[6.877s][info   ][gc,ref      ] GC(37) Clearing All SoftReferences
[6.877s][info   ][gc,task     ] GC(37) Using 1 workers
[6.879s][info   ][gc,phases   ] GC(37) Pause Mark Start 0.047ms
[6.918s][info   ][gc,phases   ] GC(37) Concurrent Mark 36.370ms
[6.919s][info   ][gc,phases   ] GC(37) Pause Mark End 0.017ms
[6.919s][info   ][gc,phases   ] GC(37) Concurrent Mark Free 0.003ms
[6.926s][info   ][gc,phases   ] GC(37) Concurrent Process Non-Strong References 7.074ms
[6.926s][info   ][gc,phases   ] GC(37) Concurrent Reset Relocation Set 0.005ms
[6.927s][info   ][gc          ] Allocation Stall (Thread-0) 2.667ms
[6.927s][info   ][gc          ] Allocation Stall (Thread-1) 3.048ms
[6.927s][info   ][gc          ] Allocation Stall (Thread-7) 2.841ms
[6.927s][info   ][gc          ] Allocation Stall (Thread-3) 2.620ms
[6.927s][info   ][gc          ] Allocation Stall (Thread-2) 2.949ms
[6.930s][info   ][gc          ] Allocation Stall (Thread-4) 5.315ms
[6.931s][info   ][gc,phases   ] GC(37) Concurrent Select Relocation Set 4.820ms
[6.927s][info   ][gc          ] Allocation Stall (Thread-5) 3.007ms
[6.933s][info   ][gc          ] Allocation Stall (Thread-6) 8.529ms
[6.933s][info   ][gc,phases   ] GC(37) Pause Relocate Start 0.014ms
[7.046s][info   ][gc,phases   ] GC(37) Concurrent Relocate 110.378ms
[7.046s][info   ][gc,load     ] GC(37) Load: 3.79/3.01/1.99
[7.046s][info   ][gc,mmu      ] GC(37) MMU: 2ms/97.5%, 5ms/99.0%, 10ms/99.5%, 20ms/99.6%, 50ms/99.8%, 100ms/99.9%
[7.046s][info   ][gc,marking  ] GC(37) Mark: 1 stripe(s), 2 proactive flush(es), 1 terminate flush(es), 0 completion(s), 0 continuation(s) 
[7.046s][info   ][gc,marking  ] GC(37) Mark Stack Usage: 32M
[7.046s][info   ][gc,nmethod  ] GC(37) NMethods: 103 registered, 0 unregistered
[7.046s][info   ][gc,metaspace] GC(37) Metaspace: 0M used, 0M committed, 1088M reserved
[7.046s][info   ][gc,ref      ] GC(37) Soft: 7 encountered, 5 discovered, 0 enqueued
[7.046s][info   ][gc,ref      ] GC(37) Weak: 37 encountered, 28 discovered, 0 enqueued
[7.046s][info   ][gc,ref      ] GC(37) Final: 0 encountered, 0 discovered, 0 enqueued
[7.046s][info   ][gc,ref      ] GC(37) Phantom: 5 encountered, 2 discovered, 0 enqueued
[7.046s][info   ][gc,reloc    ] GC(37) Small Pages: 5 / 10M, Empty: 0M, Relocated: 0M, In-Place: 0
[7.046s][info   ][gc,reloc    ] GC(37) Medium Pages: 52 / 1664M, Empty: 1120M, Relocated: 108M, In-Place: 0
[7.046s][info   ][gc,reloc    ] GC(37) Large Pages: 0 / 0M, Empty: 0M, Relocated: 0M, In-Place: 0
[7.046s][info   ][gc,reloc    ] GC(37) Forwarding Usage: 0M
[7.046s][info   ][gc,heap     ] GC(37) Min Capacity: 2048M(100%)
[7.046s][info   ][gc,heap     ] GC(37) Max Capacity: 2048M(100%)
[7.046s][info   ][gc,heap     ] GC(37) Soft Max Capacity: 2048M(100%)
[7.046s][info   ][gc,heap     ] GC(37)                Mark Start          Mark End        Relocate Start      Relocate End           High               Low         
[7.046s][info   ][gc,heap     ] GC(37)  Capacity:     2048M (100%)       2048M (100%)       2048M (100%)       2048M (100%)       2048M (100%)       2048M (100%)   
[7.046s][info   ][gc,heap     ] GC(37)      Free:      374M (18%)          50M (2%)         1074M (52%)         662M (32%)        1262M (62%)          18M (1%)     
[7.046s][info   ][gc,heap     ] GC(37)      Used:     1674M (82%)        1998M (98%)         974M (48%)        1386M (68%)        2030M (99%)         786M (38%)    
[7.046s][info   ][gc,heap     ] GC(37)      Live:         -               153M (7%)          153M (7%)          153M (7%)             -                  -          
[7.046s][info   ][gc,heap     ] GC(37) Allocated:         -               324M (16%)         420M (21%)        1204M (59%)            -                  -          
[7.046s][info   ][gc,heap     ] GC(37)   Garbage:         -              1520M (74%)         400M (20%)          27M (1%)             -                  -          
[7.046s][info   ][gc,heap     ] GC(37) Reclaimed:         -                  -              1120M (55%)        1492M (73%)            -                  -          
[7.046s][info   ][gc          ] GC(37) Garbage Collection (Allocation Stall) 1674M(82%)->1386M(68%)
[7.081s][info   ][gc,start    ] GC(38) Garbage Collection (Allocation Stall)
[7.082s][info   ][gc,ref      ] GC(38) Clearing All SoftReferences
[7.082s][info   ][gc,task     ] GC(38) Using 1 workers
[7.087s][info   ][gc,phases   ] GC(38) Pause Mark Start 0.015ms
[7.119s][info   ][gc,phases   ] GC(38) Concurrent Mark 31.602ms
[7.119s][info   ][gc,phases   ] GC(38) Pause Mark End 0.036ms
[7.120s][info   ][gc,phases   ] GC(38) Concurrent Mark Free 0.004ms
[7.126s][info   ][gc,phases   ] GC(38) Concurrent Process Non-Strong References 6.342ms
[7.126s][info   ][gc,phases   ] GC(38) Concurrent Reset Relocation Set 0.003ms
[7.127s][info   ][gc          ] Allocation Stall (Thread-7) 1.121ms
[7.127s][info   ][gc          ] Allocation Stall (Thread-0) 1.419ms
[7.127s][info   ][gc          ] Allocation Stall (Thread-1) 0.996ms
[7.130s][info   ][gc          ] Allocation Stall (Thread-5) 3.942ms
[7.130s][info   ][gc          ] Allocation Stall (Thread-3) 3.724ms
[7.127s][info   ][gc          ] Allocation Stall (Thread-2) 1.134ms
[7.135s][info   ][gc,phases   ] GC(38) Concurrent Select Relocation Set 8.647ms
[7.135s][info   ][gc,phases   ] GC(38) Pause Relocate Start 0.037ms
[7.286s][info   ][gc,phases   ] GC(38) Concurrent Relocate 147.764ms
[7.286s][info   ][gc,load     ] GC(38) Load: 3.79/3.01/1.99
[7.286s][info   ][gc,mmu      ] GC(38) MMU: 2ms/97.5%, 5ms/99.0%, 10ms/99.5%, 20ms/99.6%, 50ms/99.8%, 100ms/99.9%
[7.286s][info   ][gc,marking  ] GC(38) Mark: 1 stripe(s), 2 proactive flush(es), 1 terminate flush(es), 0 completion(s), 0 continuation(s) 
[7.286s][info   ][gc,marking  ] GC(38) Mark Stack Usage: 32M
[7.286s][info   ][gc,nmethod  ] GC(38) NMethods: 103 registered, 0 unregistered
[7.286s][info   ][gc,metaspace] GC(38) Metaspace: 0M used, 0M committed, 1088M reserved
[7.286s][info   ][gc,ref      ] GC(38) Soft: 7 encountered, 5 discovered, 0 enqueued
[7.286s][info   ][gc,ref      ] GC(38) Weak: 37 encountered, 28 discovered, 0 enqueued
[7.286s][info   ][gc,ref      ] GC(38) Final: 0 encountered, 0 discovered, 0 enqueued
[7.286s][info   ][gc,ref      ] GC(38) Phantom: 5 encountered, 2 discovered, 0 enqueued
[7.286s][info   ][gc,reloc    ] GC(38) Small Pages: 5 / 10M, Empty: 0M, Relocated: 0M, In-Place: 0
[7.286s][info   ][gc,reloc    ] GC(38) Medium Pages: 53 / 1696M, Empty: 864M, Relocated: 136M, In-Place: 0
[7.286s][info   ][gc,reloc    ] GC(38) Large Pages: 0 / 0M, Empty: 0M, Relocated: 0M, In-Place: 0
[7.286s][info   ][gc,reloc    ] GC(38) Forwarding Usage: 0M
[7.286s][info   ][gc,heap     ] GC(38) Min Capacity: 2048M(100%)
[7.286s][info   ][gc,heap     ] GC(38) Max Capacity: 2048M(100%)
[7.286s][info   ][gc,heap     ] GC(38) Soft Max Capacity: 2048M(100%)
[7.286s][info   ][gc,heap     ] GC(38)                Mark Start          Mark End        Relocate Start      Relocate End           High               Low         
[7.286s][info   ][gc,heap     ] GC(38)  Capacity:     2048M (100%)       2048M (100%)       2048M (100%)       2048M (100%)       2048M (100%)       2048M (100%)   
[7.286s][info   ][gc,heap     ] GC(38)      Free:      342M (17%)          54M (3%)          790M (39%)         374M (18%)        1070M (52%)          22M (1%)     
[7.286s][info   ][gc,heap     ] GC(38)      Used:     1706M (83%)        1994M (97%)        1258M (61%)        1674M (82%)        2026M (99%)         978M (48%)    
[7.287s][info   ][gc,heap     ] GC(38)      Live:         -               196M (10%)         196M (10%)         196M (10%)            -                  -          
[7.287s][info   ][gc,heap     ] GC(38) Allocated:         -               288M (14%)         416M (20%)        1464M (72%)            -                  -          
[7.287s][info   ][gc,heap     ] GC(38)   Garbage:         -              1509M (74%)         645M (32%)          12M (1%)             -                  -          
[7.287s][info   ][gc,heap     ] GC(38) Reclaimed:         -                  -               864M (42%)        1496M (73%)            -                  -          
[7.287s][info   ][gc          ] GC(38) Garbage Collection (Allocation Stall) 1706M(83%)->1674M(82%)
[7.330s][info   ][gc,start    ] GC(39) Garbage Collection (Allocation Stall)
[7.331s][info   ][gc,ref      ] GC(39) Clearing All SoftReferences
[7.331s][info   ][gc,task     ] GC(39) Using 1 workers
[7.331s][info   ][gc,phases   ] GC(39) Pause Mark Start 0.011ms
[7.333s][info   ][gc,phases   ] GC(39) Concurrent Mark 2.296ms
[7.333s][info   ][gc,phases   ] GC(39) Pause Mark End 0.010ms
[7.333s][info   ][gc,phases   ] GC(39) Concurrent Mark Free 0.024ms
[7.334s][info   ][gc,phases   ] GC(39) Concurrent Process Non-Strong References 0.435ms
[7.334s][info   ][gc,phases   ] GC(39) Concurrent Reset Relocation Set 0.002ms
[7.335s][info   ][gc          ] Allocation Stall (Thread-3) 4.754ms
[7.335s][info   ][gc          ] Allocation Stall (Thread-4) 3.754ms
[7.335s][info   ][gc          ] Allocation Stall (Thread-7) 3.654ms
[7.335s][info   ][gc          ] Allocation Stall (Thread-1) 3.755ms
[7.335s][info   ][gc          ] Allocation Stall (Thread-5) 3.811ms
[7.335s][info   ][gc          ] Allocation Stall (Thread-2) 3.786ms
[7.341s][info   ][gc,phases   ] GC(39) Concurrent Select Relocation Set 6.598ms
[7.341s][info   ][gc,phases   ] GC(39) Pause Relocate Start 0.081ms
[7.364s][info   ][gc,phases   ] GC(39) Concurrent Relocate 21.505ms
[7.364s][info   ][gc,load     ] GC(39) Load: 3.79/3.01/1.99
[7.364s][info   ][gc,mmu      ] GC(39) MMU: 2ms/95.9%, 5ms/98.4%, 10ms/99.0%, 20ms/99.5%, 50ms/99.8%, 100ms/99.9%
[7.364s][info   ][gc,marking  ] GC(39) Mark: 1 stripe(s), 2 proactive flush(es), 1 terminate flush(es), 0 completion(s), 0 continuation(s) 
[7.364s][info   ][gc,marking  ] GC(39) Mark Stack Usage: 32M
[7.364s][info   ][gc,nmethod  ] GC(39) NMethods: 103 registered, 0 unregistered
[7.364s][info   ][gc,metaspace] GC(39) Metaspace: 0M used, 0M committed, 1088M reserved
[7.364s][info   ][gc,ref      ] GC(39) Soft: 7 encountered, 5 discovered, 0 enqueued
[7.364s][info   ][gc,ref      ] GC(39) Weak: 37 encountered, 28 discovered, 0 enqueued
[7.364s][info   ][gc,ref      ] GC(39) Final: 0 encountered, 0 discovered, 0 enqueued
[7.364s][info   ][gc,ref      ] GC(39) Phantom: 5 encountered, 2 discovered, 0 enqueued
[7.364s][info   ][gc,reloc    ] GC(39) Small Pages: 5 / 10M, Empty: 0M, Relocated: 0M, In-Place: 0
[7.364s][info   ][gc,reloc    ] GC(39) Medium Pages: 63 / 2016M, Empty: 1472M, Relocated: 75M, In-Place: 0
[7.364s][info   ][gc,reloc    ] GC(39) Large Pages: 0 / 0M, Empty: 0M, Relocated: 0M, In-Place: 0
[7.364s][info   ][gc,reloc    ] GC(39) Forwarding Usage: 0M
[7.364s][info   ][gc,heap     ] GC(39) Min Capacity: 2048M(100%)
[7.364s][info   ][gc,heap     ] GC(39) Max Capacity: 2048M(100%)
[7.364s][info   ][gc,heap     ] GC(39) Soft Max Capacity: 2048M(100%)
[7.364s][info   ][gc,heap     ] GC(39)                Mark Start          Mark End        Relocate Start      Relocate End           High               Low         
[7.364s][info   ][gc,heap     ] GC(39)  Capacity:     2048M (100%)       2048M (100%)       2048M (100%)       2048M (100%)       2048M (100%)       2048M (100%)   
[7.364s][info   ][gc,heap     ] GC(39)      Free:       22M (1%)           22M (1%)         1430M (70%)        1750M (85%)        1750M (85%)          22M (1%)     
[7.364s][info   ][gc,heap     ] GC(39)      Used:     2026M (99%)        2026M (99%)         618M (30%)         298M (15%)        2026M (99%)         298M (15%)    
[7.364s][info   ][gc,heap     ] GC(39)      Live:         -               104M (5%)          104M (5%)          104M (5%)             -                  -          
[7.364s][info   ][gc,heap     ] GC(39) Allocated:         -                 0M (0%)           64M (3%)          172M (8%)             -                  -          
[7.364s][info   ][gc,heap     ] GC(39)   Garbage:         -              1921M (94%)         449M (22%)          20M (1%)             -                  -          
[7.364s][info   ][gc,heap     ] GC(39) Reclaimed:         -                  -              1472M (72%)        1900M (93%)            -                  -          
[7.364s][info   ][gc          ] GC(39) Garbage Collection (Allocation Stall) 2026M(99%)->298M(15%)
[7.376s][info   ][gc,start    ] GC(40) Garbage Collection (Allocation Stall)
[7.377s][info   ][gc,ref      ] GC(40) Clearing All SoftReferences
[7.377s][info   ][gc,task     ] GC(40) Using 1 workers
[7.377s][info   ][gc,phases   ] GC(40) Pause Mark Start 0.018ms
[7.394s][info   ][gc,phases   ] GC(40) Concurrent Mark 16.455ms
[7.394s][info   ][gc,phases   ] GC(40) Pause Mark End 0.054ms
[7.394s][info   ][gc,phases   ] GC(40) Concurrent Mark Free 0.004ms
[7.402s][info   ][gc,phases   ] GC(40) Concurrent Process Non-Strong References 8.207ms
[7.402s][info   ][gc,phases   ] GC(40) Concurrent Reset Relocation Set 0.009ms
[7.404s][info   ][gc,phases   ] GC(40) Concurrent Select Relocation Set 1.131ms
[7.404s][info   ][gc,phases   ] GC(40) Pause Relocate Start 0.027ms
[7.510s][info   ][gc,phases   ] GC(40) Concurrent Relocate 105.743ms
[7.510s][info   ][gc,load     ] GC(40) Load: 3.79/3.01/1.99
[7.510s][info   ][gc,mmu      ] GC(40) MMU: 2ms/95.9%, 5ms/98.4%, 10ms/99.0%, 20ms/99.5%, 50ms/99.8%, 100ms/99.8%
[7.510s][info   ][gc,marking  ] GC(40) Mark: 1 stripe(s), 2 proactive flush(es), 1 terminate flush(es), 0 completion(s), 0 continuation(s) 
[7.510s][info   ][gc,marking  ] GC(40) Mark Stack Usage: 32M
[7.510s][info   ][gc,nmethod  ] GC(40) NMethods: 103 registered, 0 unregistered
[7.510s][info   ][gc,metaspace] GC(40) Metaspace: 0M used, 0M committed, 1088M reserved
[7.510s][info   ][gc,ref      ] GC(40) Soft: 7 encountered, 5 discovered, 0 enqueued
[7.510s][info   ][gc,ref      ] GC(40) Weak: 37 encountered, 28 discovered, 0 enqueued
[7.510s][info   ][gc,ref      ] GC(40) Final: 0 encountered, 0 discovered, 0 enqueued
[7.510s][info   ][gc,ref      ] GC(40) Phantom: 5 encountered, 2 discovered, 0 enqueued
[7.510s][info   ][gc,reloc    ] GC(40) Small Pages: 5 / 10M, Empty: 0M, Relocated: 0M, In-Place: 0
[7.510s][info   ][gc,reloc    ] GC(40) Medium Pages: 13 / 416M, Empty: 32M, Relocated: 75M, In-Place: 0
[7.510s][info   ][gc,reloc    ] GC(40) Large Pages: 0 / 0M, Empty: 0M, Relocated: 0M, In-Place: 0
[7.510s][info   ][gc,reloc    ] GC(40) Forwarding Usage: 0M
[7.510s][info   ][gc,heap     ] GC(40) Min Capacity: 2048M(100%)
[7.510s][info   ][gc,heap     ] GC(40) Max Capacity: 2048M(100%)
[7.510s][info   ][gc,heap     ] GC(40) Soft Max Capacity: 2048M(100%)
[7.510s][info   ][gc,heap     ] GC(40)                Mark Start          Mark End        Relocate Start      Relocate End           High               Low         
[7.510s][info   ][gc,heap     ] GC(40)  Capacity:     2048M (100%)       2048M (100%)       2048M (100%)       2048M (100%)       2048M (100%)       2048M (100%)   
[7.510s][info   ][gc,heap     ] GC(40)      Free:     1622M (79%)        1462M (71%)        1430M (70%)         886M (43%)        1622M (79%)         878M (43%)    
[7.510s][info   ][gc,heap     ] GC(40)      Used:      426M (21%)         586M (29%)         618M (30%)        1162M (57%)        1170M (57%)         426M (21%)    
[7.510s][info   ][gc,heap     ] GC(40)      Live:         -               121M (6%)          121M (6%)          121M (6%)             -                  -          
[7.510s][info   ][gc,heap     ] GC(40) Allocated:         -               160M (8%)          224M (11%)         996M (49%)            -                  -          
[7.510s][info   ][gc,heap     ] GC(40)   Garbage:         -               304M (15%)         272M (13%)          43M (2%)             -                  -          
[7.510s][info   ][gc,heap     ] GC(40) Reclaimed:         -                  -                32M (2%)          260M (13%)            -                  -          
[7.510s][info   ][gc          ] GC(40) Garbage Collection (Allocation Stall) 426M(21%)->1162M(57%)
[7.576s][info   ][gc,start    ] GC(41) Garbage Collection (Allocation Rate)
[7.579s][info   ][gc,task     ] GC(41) Using 1 workers
[7.580s][info   ][gc,phases   ] GC(41) Pause Mark Start 0.013ms
[7.616s][info   ][gc,phases   ] GC(41) Concurrent Mark 36.372ms
[7.617s][info   ][gc,phases   ] GC(41) Pause Mark End 0.017ms
[7.617s][info   ][gc,phases   ] GC(41) Concurrent Mark Free 0.001ms
[7.618s][info   ][gc,phases   ] GC(41) Concurrent Process Non-Strong References 0.703ms
[7.618s][info   ][gc,phases   ] GC(41) Concurrent Reset Relocation Set 0.002ms
[7.619s][info   ][gc          ] Allocation Stall (Thread-6) 2.640ms
[7.619s][info   ][gc          ] Allocation Stall (Thread-5) 2.553ms
[7.619s][info   ][gc          ] Allocation Stall (Thread-3) 3.257ms
[7.619s][info   ][gc          ] Allocation Stall (Thread-0) 2.888ms
[7.619s][info   ][gc          ] Allocation Stall (Thread-7) 2.501ms
[7.622s][info   ][gc,phases   ] GC(41) Concurrent Select Relocation Set 4.312ms
[7.619s][info   ][gc          ] Allocation Stall (Thread-2) 1.734ms
[7.619s][info   ][gc          ] Allocation Stall (Thread-4) 2.585ms
[7.622s][info   ][gc,phases   ] GC(41) Pause Relocate Start 0.010ms
[7.705s][info   ][gc,phases   ] GC(41) Concurrent Relocate 81.858ms
[7.705s][info   ][gc,load     ] GC(41) Load: 3.79/3.01/1.99
[7.705s][info   ][gc,mmu      ] GC(41) MMU: 2ms/95.9%, 5ms/98.4%, 10ms/99.0%, 20ms/99.5%, 50ms/99.8%, 100ms/99.8%
[7.705s][info   ][gc,marking  ] GC(41) Mark: 1 stripe(s), 2 proactive flush(es), 1 terminate flush(es), 0 completion(s), 0 continuation(s) 
[7.705s][info   ][gc,marking  ] GC(41) Mark Stack Usage: 32M
[7.705s][info   ][gc,nmethod  ] GC(41) NMethods: 103 registered, 0 unregistered
[7.705s][info   ][gc,metaspace] GC(41) Metaspace: 0M used, 0M committed, 1088M reserved
[7.705s][info   ][gc,ref      ] GC(41) Soft: 7 encountered, 0 discovered, 0 enqueued
[7.705s][info   ][gc,ref      ] GC(41) Weak: 37 encountered, 28 discovered, 0 enqueued
[7.705s][info   ][gc,ref      ] GC(41) Final: 0 encountered, 0 discovered, 0 enqueued
[7.705s][info   ][gc,ref      ] GC(41) Phantom: 5 encountered, 2 discovered, 0 enqueued
[7.705s][info   ][gc,reloc    ] GC(41) Small Pages: 5 / 10M, Empty: 0M, Relocated: 0M, In-Place: 0
[7.705s][info   ][gc,reloc    ] GC(41) Medium Pages: 54 / 1728M, Empty: 1472M, Relocated: 52M, In-Place: 0
[7.705s][info   ][gc,reloc    ] GC(41) Large Pages: 0 / 0M, Empty: 0M, Relocated: 0M, In-Place: 0
[7.705s][info   ][gc,reloc    ] GC(41) Forwarding Usage: 0M
[7.705s][info   ][gc,heap     ] GC(41) Min Capacity: 2048M(100%)
[7.705s][info   ][gc,heap     ] GC(41) Max Capacity: 2048M(100%)
[7.705s][info   ][gc,heap     ] GC(41) Soft Max Capacity: 2048M(100%)
[7.705s][info   ][gc,heap     ] GC(41)                Mark Start          Mark End        Relocate Start      Relocate End           High               Low         
[7.705s][info   ][gc,heap     ] GC(41)  Capacity:     2048M (100%)       2048M (100%)       2048M (100%)       2048M (100%)       2048M (100%)       2048M (100%)   
[7.705s][info   ][gc,heap     ] GC(41)      Free:      310M (15%)          22M (1%)         1462M (71%)        1014M (50%)        1494M (73%)          22M (1%)     
[7.705s][info   ][gc,heap     ] GC(41)      Used:     1738M (85%)        2026M (99%)         586M (29%)        1034M (50%)        2026M (99%)         554M (27%)    
[7.705s][info   ][gc,heap     ] GC(41)      Live:         -                52M (3%)           52M (3%)           52M (3%)             -                  -          
[7.705s][info   ][gc,heap     ] GC(41) Allocated:         -               288M (14%)         320M (16%)         967M (47%)            -                  -          
[7.705s][info   ][gc,heap     ] GC(41)   Garbage:         -              1685M (82%)         213M (10%)          13M (1%)             -                  -          
[7.705s][info   ][gc,heap     ] GC(41) Reclaimed:         -                  -              1472M (72%)        1671M (82%)            -                  -          
[7.705s][info   ][gc          ] GC(41) Garbage Collection (Allocation Rate) 1738M(85%)->1034M(50%)
[7.776s][info   ][gc,start    ] GC(42) Garbage Collection (Allocation Stall)
[7.776s][info   ][gc,ref      ] GC(42) Clearing All SoftReferences
[7.776s][info   ][gc,task     ] GC(42) Using 1 workers
[7.777s][info   ][gc,phases   ] GC(42) Pause Mark Start 0.014ms
[7.805s][info   ][gc,phases   ] GC(42) Concurrent Mark 28.197ms
[7.805s][info   ][gc,phases   ] GC(42) Pause Mark End 0.023ms
[7.805s][info   ][gc,phases   ] GC(42) Concurrent Mark Free 0.001ms
[7.817s][info   ][gc,phases   ] GC(42) Concurrent Process Non-Strong References 11.711ms
[7.817s][info   ][gc,phases   ] GC(42) Concurrent Reset Relocation Set 0.007ms
[7.821s][info   ][gc,phases   ] GC(42) Concurrent Select Relocation Set 3.580ms
[7.821s][info   ][gc,phases   ] GC(42) Pause Relocate Start 0.014ms
[7.969s][info   ][gc,phases   ] GC(42) Concurrent Relocate 145.865ms
[7.970s][info   ][gc,load     ] GC(42) Load: 3.79/3.01/1.99
[7.970s][info   ][gc,mmu      ] GC(42) MMU: 2ms/95.9%, 5ms/98.4%, 10ms/99.0%, 20ms/99.5%, 50ms/99.8%, 100ms/99.8%
[7.970s][info   ][gc,marking  ] GC(42) Mark: 1 stripe(s), 2 proactive flush(es), 1 terminate flush(es), 0 completion(s), 0 continuation(s) 
[7.970s][info   ][gc,marking  ] GC(42) Mark Stack Usage: 32M
[7.970s][info   ][gc,nmethod  ] GC(42) NMethods: 103 registered, 0 unregistered
[7.970s][info   ][gc,metaspace] GC(42) Metaspace: 0M used, 0M committed, 1088M reserved
[7.970s][info   ][gc,ref      ] GC(42) Soft: 7 encountered, 5 discovered, 0 enqueued
[7.970s][info   ][gc,ref      ] GC(42) Weak: 37 encountered, 28 discovered, 0 enqueued
[7.970s][info   ][gc,ref      ] GC(42) Final: 0 encountered, 0 discovered, 0 enqueued
[7.970s][info   ][gc,ref      ] GC(42) Phantom: 5 encountered, 2 discovered, 0 enqueued
[7.970s][info   ][gc,reloc    ] GC(42) Small Pages: 5 / 10M, Empty: 0M, Relocated: 0M, In-Place: 0
[7.970s][info   ][gc,reloc    ] GC(42) Medium Pages: 50 / 1600M, Empty: 1184M, Relocated: 80M, In-Place: 0
[7.970s][info   ][gc,reloc    ] GC(42) Large Pages: 0 / 0M, Empty: 0M, Relocated: 0M, In-Place: 0
[7.970s][info   ][gc,reloc    ] GC(42) Forwarding Usage: 0M
[7.970s][info   ][gc,heap     ] GC(42) Min Capacity: 2048M(100%)
[7.970s][info   ][gc,heap     ] GC(42) Max Capacity: 2048M(100%)
[7.970s][info   ][gc,heap     ] GC(42) Soft Max Capacity: 2048M(100%)
[7.970s][info   ][gc,heap     ] GC(42)                Mark Start          Mark End        Relocate Start      Relocate End           High               Low         
[7.970s][info   ][gc,heap     ] GC(42)  Capacity:     2048M (100%)       2048M (100%)       2048M (100%)       2048M (100%)       2048M (100%)       2048M (100%)   
[7.970s][info   ][gc,heap     ] GC(42)      Free:      438M (21%)         182M (9%)         1238M (60%)         374M (18%)        1270M (62%)          86M (4%)     
[7.970s][info   ][gc,heap     ] GC(42)      Used:     1610M (79%)        1866M (91%)         810M (40%)        1674M (82%)        1962M (96%)         778M (38%)    
[7.970s][info   ][gc,heap     ] GC(42)      Live:         -               126M (6%)          126M (6%)          126M (6%)             -                  -          
[7.970s][info   ][gc,heap     ] GC(42) Allocated:         -               256M (12%)         384M (19%)        1507M (74%)            -                  -          
[7.970s][info   ][gc,heap     ] GC(42)   Garbage:         -              1483M (72%)         299M (15%)          39M (2%)             -                  -          
[7.970s][info   ][gc,heap     ] GC(42) Reclaimed:         -                  -              1184M (58%)        1443M (71%)            -                  -          
[7.970s][info   ][gc          ] GC(42) Garbage Collection (Allocation Stall) 1610M(79%)->1674M(82%)
[7.983s][info   ][gc,start    ] GC(43) Garbage Collection (Allocation Rate)
[7.983s][info   ][gc,task     ] GC(43) Using 1 workers
[7.985s][info   ][gc,phases   ] GC(43) Pause Mark Start 0.014ms
[8.013s][info   ][gc,phases   ] GC(43) Concurrent Mark 27.074ms
[8.013s][info   ][gc,phases   ] GC(43) Pause Mark End 0.017ms
[8.013s][info   ][gc,phases   ] GC(43) Concurrent Mark Free 0.001ms
[8.014s][info   ][gc,phases   ] GC(43) Concurrent Process Non-Strong References 0.831ms
[8.014s][info   ][gc,phases   ] GC(43) Concurrent Reset Relocation Set 0.002ms
[8.015s][info   ][gc          ] Allocation Stall (Thread-5) 2.753ms
[8.015s][info   ][gc          ] Allocation Stall (Thread-2) 2.557ms
[8.015s][info   ][gc          ] Allocation Stall (Thread-7) 2.596ms
[8.015s][info   ][gc          ] Allocation Stall (Thread-3) 2.488ms
[8.015s][info   ][gc,phases   ] GC(43) Concurrent Select Relocation Set 1.120ms
[8.018s][info   ][gc          ] Allocation Stall (Thread-6) 5.396ms
[8.018s][info   ][gc          ] Allocation Stall (Thread-0) 5.069ms
[8.015s][info   ][gc          ] Allocation Stall (Thread-4) 2.651ms
[8.022s][info   ][gc,phases   ] GC(43) Pause Relocate Start 0.014ms
[8.122s][info   ][gc,phases   ] GC(43) Concurrent Relocate 98.768ms
[8.122s][info   ][gc,load     ] GC(43) Load: 3.79/3.01/1.99
[8.122s][info   ][gc,mmu      ] GC(43) MMU: 2ms/95.9%, 5ms/98.4%, 10ms/99.0%, 20ms/99.5%, 50ms/99.8%, 100ms/99.8%
[8.122s][info   ][gc,marking  ] GC(43) Mark: 1 stripe(s), 2 proactive flush(es), 1 terminate flush(es), 0 completion(s), 0 continuation(s) 
[8.122s][info   ][gc,marking  ] GC(43) Mark Stack Usage: 32M
[8.122s][info   ][gc,nmethod  ] GC(43) NMethods: 104 registered, 0 unregistered
[8.122s][info   ][gc,metaspace] GC(43) Metaspace: 0M used, 0M committed, 1088M reserved
[8.122s][info   ][gc,ref      ] GC(43) Soft: 7 encountered, 0 discovered, 0 enqueued
[8.122s][info   ][gc,ref      ] GC(43) Weak: 37 encountered, 28 discovered, 0 enqueued
[8.122s][info   ][gc,ref      ] GC(43) Final: 0 encountered, 0 discovered, 0 enqueued
[8.122s][info   ][gc,ref      ] GC(43) Phantom: 5 encountered, 2 discovered, 0 enqueued
[8.122s][info   ][gc,reloc    ] GC(43) Small Pages: 5 / 10M, Empty: 0M, Relocated: 0M, In-Place: 0
[8.122s][info   ][gc,reloc    ] GC(43) Medium Pages: 56 / 1792M, Empty: 1152M, Relocated: 81M, In-Place: 0
[8.122s][info   ][gc,reloc    ] GC(43) Large Pages: 0 / 0M, Empty: 0M, Relocated: 0M, In-Place: 0
[8.122s][info   ][gc,reloc    ] GC(43) Forwarding Usage: 0M
[8.122s][info   ][gc,heap     ] GC(43) Min Capacity: 2048M(100%)
[8.122s][info   ][gc,heap     ] GC(43) Max Capacity: 2048M(100%)
[8.122s][info   ][gc,heap     ] GC(43) Soft Max Capacity: 2048M(100%)
[8.122s][info   ][gc,heap     ] GC(43)                Mark Start          Mark End        Relocate Start      Relocate End           High               Low         
[8.122s][info   ][gc,heap     ] GC(43)  Capacity:     2048M (100%)       2048M (100%)       2048M (100%)       2048M (100%)       2048M (100%)       2048M (100%)   
[8.122s][info   ][gc,heap     ] GC(43)      Free:      246M (12%)          22M (1%)         1110M (54%)         854M (42%)        1326M (65%)          22M (1%)     
[8.122s][info   ][gc,heap     ] GC(43)      Used:     1802M (88%)        2026M (99%)         938M (46%)        1194M (58%)        2026M (99%)         722M (35%)    
[8.122s][info   ][gc,heap     ] GC(43)      Live:         -               132M (6%)          132M (6%)          132M (6%)             -                  -          
[8.122s][info   ][gc,heap     ] GC(43) Allocated:         -               224M (11%)         288M (14%)        1024M (50%)            -                  -          
[8.122s][info   ][gc,heap     ] GC(43)   Garbage:         -              1669M (82%)         517M (25%)          36M (2%)             -                  -          
[8.122s][info   ][gc,heap     ] GC(43) Reclaimed:         -                  -              1152M (56%)        1632M (80%)            -                  -          
[8.122s][info   ][gc          ] GC(43) Garbage Collection (Allocation Rate) 1802M(88%)->1194M(58%)
[8.177s][info   ][gc,start    ] GC(44) Garbage Collection (Allocation Stall)
[8.177s][info   ][gc,ref      ] GC(44) Clearing All SoftReferences
[8.177s][info   ][gc,task     ] GC(44) Using 1 workers
[8.178s][info   ][gc,phases   ] GC(44) Pause Mark Start 0.011ms
[8.219s][info   ][gc,phases   ] GC(44) Concurrent Mark 40.657ms
[8.219s][info   ][gc,phases   ] GC(44) Pause Mark End 0.036ms
[8.224s][info   ][gc,phases   ] GC(44) Concurrent Mark Free 0.005ms
[8.226s][info   ][gc,phases   ] GC(44) Concurrent Process Non-Strong References 1.244ms
[8.226s][info   ][gc,phases   ] GC(44) Concurrent Reset Relocation Set 0.003ms
[8.227s][info   ][gc          ] Allocation Stall (Thread-2) 2.352ms
[8.227s][info   ][gc          ] Allocation Stall (Thread-7) 2.085ms
[8.227s][info   ][gc          ] Allocation Stall (Thread-6) 2.063ms
[8.227s][info   ][gc          ] Allocation Stall (Thread-5) 2.228ms
[8.227s][info   ][gc          ] Allocation Stall (Thread-4) 1.662ms
[8.227s][info   ][gc          ] Allocation Stall (Thread-0) 2.049ms
[8.227s][info   ][gc,phases   ] GC(44) Concurrent Select Relocation Set 1.081ms
[8.236s][info   ][gc,phases   ] GC(44) Pause Relocate Start 0.015ms
[8.285s][info   ][gc,phases   ] GC(44) Concurrent Relocate 49.112ms
[8.285s][info   ][gc,load     ] GC(44) Load: 3.79/3.01/1.99
[8.285s][info   ][gc,mmu      ] GC(44) MMU: 2ms/95.9%, 5ms/98.4%, 10ms/99.0%, 20ms/99.5%, 50ms/99.8%, 100ms/99.8%
[8.285s][info   ][gc,marking  ] GC(44) Mark: 1 stripe(s), 2 proactive flush(es), 1 terminate flush(es), 0 completion(s), 0 continuation(s) 
[8.285s][info   ][gc,marking  ] GC(44) Mark Stack Usage: 32M
[8.285s][info   ][gc,nmethod  ] GC(44) NMethods: 104 registered, 0 unregistered
[8.285s][info   ][gc,metaspace] GC(44) Metaspace: 0M used, 0M committed, 1088M reserved
[8.285s][info   ][gc,ref      ] GC(44) Soft: 7 encountered, 5 discovered, 0 enqueued
[8.285s][info   ][gc,ref      ] GC(44) Weak: 37 encountered, 28 discovered, 0 enqueued
[8.285s][info   ][gc,ref      ] GC(44) Final: 0 encountered, 0 discovered, 0 enqueued
[8.285s][info   ][gc,ref      ] GC(44) Phantom: 5 encountered, 2 discovered, 0 enqueued
[8.285s][info   ][gc,reloc    ] GC(44) Small Pages: 5 / 10M, Empty: 0M, Relocated: 0M, In-Place: 0
[8.285s][info   ][gc,reloc    ] GC(44) Medium Pages: 51 / 1632M, Empty: 1408M, Relocated: 21M, In-Place: 0
[8.285s][info   ][gc,reloc    ] GC(44) Large Pages: 0 / 0M, Empty: 0M, Relocated: 0M, In-Place: 0
[8.285s][info   ][gc,reloc    ] GC(44) Forwarding Usage: 0M
[8.285s][info   ][gc,heap     ] GC(44) Min Capacity: 2048M(100%)
[8.285s][info   ][gc,heap     ] GC(44) Max Capacity: 2048M(100%)
[8.285s][info   ][gc,heap     ] GC(44) Soft Max Capacity: 2048M(100%)
[8.285s][info   ][gc,heap     ] GC(44)                Mark Start          Mark End        Relocate Start      Relocate End           High               Low         
[8.285s][info   ][gc,heap     ] GC(44)  Capacity:     2048M (100%)       2048M (100%)       2048M (100%)       2048M (100%)       2048M (100%)       2048M (100%)   
[8.285s][info   ][gc,heap     ] GC(44)      Free:      406M (20%)          54M (3%)         1334M (65%)        1078M (53%)        1430M (70%)          22M (1%)     
[8.285s][info   ][gc,heap     ] GC(44)      Used:     1642M (80%)        1994M (97%)         714M (35%)         970M (47%)        2026M (99%)         618M (30%)    
[8.285s][info   ][gc,heap     ] GC(44)      Live:         -                60M (3%)           60M (3%)           60M (3%)             -                  -          
[8.285s][info   ][gc,heap     ] GC(44) Allocated:         -               352M (17%)         480M (23%)         871M (43%)            -                  -          
[8.285s][info   ][gc,heap     ] GC(44)   Garbage:         -              1581M (77%)         173M (8%)           37M (2%)             -                  -          
[8.285s][info   ][gc,heap     ] GC(44) Reclaimed:         -                  -              1408M (69%)        1543M (75%)            -                  -          
[8.286s][info   ][gc          ] GC(44) Garbage Collection (Allocation Stall) 1642M(80%)->970M(47%)
[8.376s][info   ][gc,start    ] GC(45) Garbage Collection (Allocation Stall)
[8.376s][info   ][gc,ref      ] GC(45) Clearing All SoftReferences
[8.376s][info   ][gc,task     ] GC(45) Using 1 workers
[8.377s][info   ][gc,phases   ] GC(45) Pause Mark Start 0.012ms
[8.399s][info   ][gc,phases   ] GC(45) Concurrent Mark 22.206ms
[8.400s][info   ][gc,phases   ] GC(45) Pause Mark End 0.021ms
[8.403s][info   ][gc,phases   ] GC(45) Concurrent Mark Free 0.004ms
[8.408s][info   ][gc,phases   ] GC(45) Concurrent Process Non-Strong References 5.272ms
[8.409s][info   ][gc,phases   ] GC(45) Concurrent Reset Relocation Set 0.012ms
[8.410s][info   ][gc,phases   ] GC(45) Concurrent Select Relocation Set 1.682ms
[8.411s][info   ][gc,phases   ] GC(45) Pause Relocate Start 0.014ms
[8.537s][info   ][gc,phases   ] GC(45) Concurrent Relocate 125.873ms
[8.538s][info   ][gc,load     ] GC(45) Load: 3.79/3.01/1.99
[8.538s][info   ][gc,mmu      ] GC(45) MMU: 2ms/95.9%, 5ms/98.4%, 10ms/99.0%, 20ms/99.5%, 50ms/99.8%, 100ms/99.8%
[8.538s][info   ][gc,marking  ] GC(45) Mark: 1 stripe(s), 2 proactive flush(es), 1 terminate flush(es), 0 completion(s), 0 continuation(s) 
[8.538s][info   ][gc,marking  ] GC(45) Mark Stack Usage: 32M
[8.538s][info   ][gc,nmethod  ] GC(45) NMethods: 104 registered, 0 unregistered
[8.538s][info   ][gc,metaspace] GC(45) Metaspace: 0M used, 0M committed, 1088M reserved
[8.538s][info   ][gc,ref      ] GC(45) Soft: 7 encountered, 5 discovered, 0 enqueued
[8.538s][info   ][gc,ref      ] GC(45) Weak: 37 encountered, 28 discovered, 0 enqueued
[8.538s][info   ][gc,ref      ] GC(45) Final: 0 encountered, 0 discovered, 0 enqueued
[8.538s][info   ][gc,ref      ] GC(45) Phantom: 5 encountered, 2 discovered, 0 enqueued
[8.538s][info   ][gc,reloc    ] GC(45) Small Pages: 5 / 10M, Empty: 0M, Relocated: 0M, In-Place: 0
[8.538s][info   ][gc,reloc    ] GC(45) Medium Pages: 52 / 1664M, Empty: 1440M, Relocated: 82M, In-Place: 0
[8.538s][info   ][gc,reloc    ] GC(45) Large Pages: 0 / 0M, Empty: 0M, Relocated: 0M, In-Place: 0
[8.538s][info   ][gc,reloc    ] GC(45) Forwarding Usage: 0M
[8.538s][info   ][gc,heap     ] GC(45) Min Capacity: 2048M(100%)
[8.538s][info   ][gc,heap     ] GC(45) Max Capacity: 2048M(100%)
[8.538s][info   ][gc,heap     ] GC(45) Soft Max Capacity: 2048M(100%)
[8.538s][info   ][gc,heap     ] GC(45)                Mark Start          Mark End        Relocate Start      Relocate End           High               Low         
[8.538s][info   ][gc,heap     ] GC(45)  Capacity:     2048M (100%)       2048M (100%)       2048M (100%)       2048M (100%)       2048M (100%)       2048M (100%)   
[8.538s][info   ][gc,heap     ] GC(45)      Free:      374M (18%)         182M (9%)         1558M (76%)         758M (37%)        1558M (76%)          86M (4%)     
[8.538s][info   ][gc,heap     ] GC(45)      Used:     1674M (82%)        1866M (91%)         490M (24%)        1290M (63%)        1962M (96%)         490M (24%)    
[8.538s][info   ][gc,heap     ] GC(45)      Live:         -                83M (4%)           83M (4%)           83M (4%)             -                  -          
[8.538s][info   ][gc,heap     ] GC(45) Allocated:         -               192M (9%)          256M (12%)        1191M (58%)            -                  -          
[8.538s][info   ][gc,heap     ] GC(45)   Garbage:         -              1590M (78%)         150M (7%)           14M (1%)             -                  -          
[8.538s][info   ][gc,heap     ] GC(45) Reclaimed:         -                  -              1440M (70%)        1575M (77%)            -                  -          
[8.538s][info   ][gc          ] GC(45) Garbage Collection (Allocation Stall) 1674M(82%)->1290M(63%)
[8.576s][info   ][gc,start    ] GC(46) Garbage Collection (Allocation Rate)
[8.577s][info   ][gc,task     ] GC(46) Using 1 workers
[8.579s][info   ][gc,phases   ] GC(46) Pause Mark Start 0.033ms
[8.607s][info   ][gc,phases   ] GC(46) Concurrent Mark 28.202ms
[8.608s][info   ][gc,phases   ] GC(46) Pause Mark End 0.026ms
[8.608s][info   ][gc,phases   ] GC(46) Concurrent Mark Free 0.002ms
[8.620s][info   ][gc,phases   ] GC(46) Concurrent Process Non-Strong References 11.607ms
[8.620s][info   ][gc,phases   ] GC(46) Concurrent Reset Relocation Set 0.009ms
[8.621s][info   ][gc,phases   ] GC(46) Concurrent Select Relocation Set 1.151ms
[8.621s][info   ][gc,phases   ] GC(46) Pause Relocate Start 0.027ms
[8.690s][info   ][gc,phases   ] GC(46) Concurrent Relocate 69.130ms
[8.691s][info   ][gc,load     ] GC(46) Load: 3.79/3.01/1.99
[8.691s][info   ][gc,mmu      ] GC(46) MMU: 2ms/95.9%, 5ms/98.4%, 10ms/99.0%, 20ms/99.5%, 50ms/99.8%, 100ms/99.8%
[8.691s][info   ][gc,marking  ] GC(46) Mark: 1 stripe(s), 2 proactive flush(es), 1 terminate flush(es), 0 completion(s), 0 continuation(s) 
[8.691s][info   ][gc,marking  ] GC(46) Mark Stack Usage: 32M
[8.691s][info   ][gc,nmethod  ] GC(46) NMethods: 104 registered, 0 unregistered
[8.691s][info   ][gc,metaspace] GC(46) Metaspace: 0M used, 0M committed, 1088M reserved
[8.691s][info   ][gc,ref      ] GC(46) Soft: 7 encountered, 0 discovered, 0 enqueued
[8.691s][info   ][gc,ref      ] GC(46) Weak: 37 encountered, 28 discovered, 0 enqueued
[8.691s][info   ][gc,ref      ] GC(46) Final: 0 encountered, 0 discovered, 0 enqueued
[8.691s][info   ][gc,ref      ] GC(46) Phantom: 5 encountered, 2 discovered, 0 enqueued
[8.691s][info   ][gc,reloc    ] GC(46) Small Pages: 5 / 10M, Empty: 0M, Relocated: 0M, In-Place: 0
[8.691s][info   ][gc,reloc    ] GC(46) Medium Pages: 50 / 1600M, Empty: 1440M, Relocated: 25M, In-Place: 0
[8.691s][info   ][gc,reloc    ] GC(46) Large Pages: 0 / 0M, Empty: 0M, Relocated: 0M, In-Place: 0
[8.691s][info   ][gc,reloc    ] GC(46) Forwarding Usage: 0M
[8.691s][info   ][gc,heap     ] GC(46) Min Capacity: 2048M(100%)
[8.691s][info   ][gc,heap     ] GC(46) Max Capacity: 2048M(100%)
[8.691s][info   ][gc,heap     ] GC(46) Soft Max Capacity: 2048M(100%)
[8.691s][info   ][gc,heap     ] GC(46)                Mark Start          Mark End        Relocate Start      Relocate End           High               Low         
[8.691s][info   ][gc,heap     ] GC(46)  Capacity:     2048M (100%)       2048M (100%)       2048M (100%)       2048M (100%)       2048M (100%)       2048M (100%)   
[8.691s][info   ][gc,heap     ] GC(46)      Free:      438M (21%)         182M (9%)         1526M (75%)        1078M (53%)        1526M (75%)          86M (4%)     
[8.691s][info   ][gc,heap     ] GC(46)      Used:     1610M (79%)        1866M (91%)         522M (25%)         970M (47%)        1962M (96%)         522M (25%)    
[8.691s][info   ][gc,heap     ] GC(46)      Live:         -                53M (3%)           53M (3%)           53M (3%)             -                  -          
[8.691s][info   ][gc,heap     ] GC(46) Allocated:         -               256M (12%)         352M (17%)         903M (44%)            -                  -          
[8.691s][info   ][gc,heap     ] GC(46)   Garbage:         -              1556M (76%)         116M (6%)           12M (1%)             -                  -          
[8.691s][info   ][gc,heap     ] GC(46) Reclaimed:         -                  -              1440M (70%)        1543M (75%)            -                  -          
[8.691s][info   ][gc          ] GC(46) Garbage Collection (Allocation Rate) 1610M(79%)->970M(47%)
[8.776s][info   ][gc,start    ] GC(47) Garbage Collection (Allocation Rate)
[8.777s][info   ][gc,task     ] GC(47) Using 1 workers
[8.780s][info   ][gc,phases   ] GC(47) Pause Mark Start 0.019ms
[8.814s][info   ][gc,phases   ] GC(47) Concurrent Mark 27.987ms
[8.814s][info   ][gc,phases   ] GC(47) Pause Mark End 0.088ms
[8.814s][info   ][gc,phases   ] GC(47) Concurrent Mark Free 0.002ms
[8.823s][info   ][gc,phases   ] GC(47) Concurrent Process Non-Strong References 8.898ms
[8.823s][info   ][gc,phases   ] GC(47) Concurrent Reset Relocation Set 0.003ms
[8.824s][info   ][gc          ] Allocation Stall (Thread-5) 1.203ms
[8.824s][info   ][gc          ] Allocation Stall (Thread-7) 1.471ms
[8.824s][info   ][gc,phases   ] GC(47) Concurrent Select Relocation Set 1.009ms
[8.824s][info   ][gc          ] Allocation Stall (Thread-0) 1.192ms
[8.824s][info   ][gc          ] Allocation Stall (Thread-2) 1.271ms
[8.824s][info   ][gc          ] Allocation Stall (Thread-3) 1.217ms
[8.828s][info   ][gc,phases   ] GC(47) Pause Relocate Start 0.014ms
[8.881s][info   ][gc,phases   ] GC(47) Concurrent Relocate 47.052ms
[8.881s][info   ][gc,load     ] GC(47) Load: 3.79/3.01/1.99
[8.881s][info   ][gc,mmu      ] GC(47) MMU: 2ms/95.6%, 5ms/98.2%, 10ms/99.0%, 20ms/99.5%, 50ms/99.8%, 100ms/99.8%
[8.881s][info   ][gc,marking  ] GC(47) Mark: 1 stripe(s), 2 proactive flush(es), 1 terminate flush(es), 0 completion(s), 0 continuation(s) 
[8.881s][info   ][gc,marking  ] GC(47) Mark Stack Usage: 32M
[8.881s][info   ][gc,nmethod  ] GC(47) NMethods: 104 registered, 0 unregistered
[8.881s][info   ][gc,metaspace] GC(47) Metaspace: 0M used, 0M committed, 1088M reserved
[8.881s][info   ][gc,ref      ] GC(47) Soft: 7 encountered, 0 discovered, 0 enqueued
[8.881s][info   ][gc,ref      ] GC(47) Weak: 37 encountered, 28 discovered, 0 enqueued
[8.881s][info   ][gc,ref      ] GC(47) Final: 0 encountered, 0 discovered, 0 enqueued
[8.881s][info   ][gc,ref      ] GC(47) Phantom: 5 encountered, 2 discovered, 0 enqueued
[8.881s][info   ][gc,reloc    ] GC(47) Small Pages: 5 / 10M, Empty: 0M, Relocated: 0M, In-Place: 0
[8.881s][info   ][gc,reloc    ] GC(47) Medium Pages: 52 / 1664M, Empty: 1536M, Relocated: 19M, In-Place: 0
[8.881s][info   ][gc,reloc    ] GC(47) Large Pages: 0 / 0M, Empty: 0M, Relocated: 0M, In-Place: 0
[8.881s][info   ][gc,reloc    ] GC(47) Forwarding Usage: 0M
[8.881s][info   ][gc,heap     ] GC(47) Min Capacity: 2048M(100%)
[8.881s][info   ][gc,heap     ] GC(47) Max Capacity: 2048M(100%)
[8.881s][info   ][gc,heap     ] GC(47) Soft Max Capacity: 2048M(100%)
[8.881s][info   ][gc,heap     ] GC(47)                Mark Start          Mark End        Relocate Start      Relocate End           High               Low         
[8.881s][info   ][gc,heap     ] GC(47)  Capacity:     2048M (100%)       2048M (100%)       2048M (100%)       2048M (100%)       2048M (100%)       2048M (100%)   
[8.881s][info   ][gc,heap     ] GC(47)      Free:      374M (18%)          86M (4%)         1526M (75%)        1174M (57%)        1558M (76%)          22M (1%)     
[8.881s][info   ][gc,heap     ] GC(47)      Used:     1674M (82%)        1962M (96%)         522M (25%)         874M (43%)        2026M (99%)         490M (24%)    
[8.881s][info   ][gc,heap     ] GC(47)      Live:         -                47M (2%)           47M (2%)           47M (2%)             -                  -          
[8.881s][info   ][gc,heap     ] GC(47) Allocated:         -               288M (14%)         384M (19%)         807M (39%)            -                  -          
[8.881s][info   ][gc,heap     ] GC(47)   Garbage:         -              1626M (79%)          90M (4%)           18M (1%)             -                  -          
[8.881s][info   ][gc,heap     ] GC(47) Reclaimed:         -                  -              1536M (75%)        1607M (79%)            -                  -          
[8.881s][info   ][gc          ] GC(47) Garbage Collection (Allocation Rate) 1674M(82%)->874M(43%)
[8.976s][info   ][gc,start    ] GC(48) Garbage Collection (Allocation Stall)
[8.977s][info   ][gc,ref      ] GC(48) Clearing All SoftReferences
[8.977s][info   ][gc,task     ] GC(48) Using 1 workers
[8.977s][info   ][gc,phases   ] GC(48) Pause Mark Start 0.011ms
[9.005s][info   ][gc,phases   ] GC(48) Concurrent Mark 27.370ms
[9.006s][info   ][gc,phases   ] GC(48) Pause Mark End 0.027ms
[9.011s][info   ][gc,phases   ] GC(48) Concurrent Mark Free 0.005ms
[9.018s][info   ][gc,phases   ] GC(48) Concurrent Process Non-Strong References 6.438ms
[9.018s][info   ][gc,phases   ] GC(48) Concurrent Reset Relocation Set 0.004ms
[9.022s][info   ][gc,phases   ] GC(48) Concurrent Select Relocation Set 3.936ms
[9.022s][info   ][gc,phases   ] GC(48) Pause Relocate Start 0.031ms
[9.154s][info   ][gc,phases   ] GC(48) Concurrent Relocate 128.794ms
[9.154s][info   ][gc,load     ] GC(48) Load: 3.79/3.01/1.99
[9.154s][info   ][gc,mmu      ] GC(48) MMU: 2ms/95.6%, 5ms/98.2%, 10ms/99.0%, 20ms/99.5%, 50ms/99.8%, 100ms/99.8%
[9.154s][info   ][gc,marking  ] GC(48) Mark: 1 stripe(s), 2 proactive flush(es), 1 terminate flush(es), 0 completion(s), 0 continuation(s) 
[9.154s][info   ][gc,marking  ] GC(48) Mark Stack Usage: 32M
[9.154s][info   ][gc,nmethod  ] GC(48) NMethods: 104 registered, 0 unregistered
[9.154s][info   ][gc,metaspace] GC(48) Metaspace: 0M used, 0M committed, 1088M reserved
[9.154s][info   ][gc,ref      ] GC(48) Soft: 7 encountered, 5 discovered, 0 enqueued
[9.154s][info   ][gc,ref      ] GC(48) Weak: 37 encountered, 28 discovered, 0 enqueued
[9.154s][info   ][gc,ref      ] GC(48) Final: 0 encountered, 0 discovered, 0 enqueued
[9.154s][info   ][gc,ref      ] GC(48) Phantom: 5 encountered, 2 discovered, 0 enqueued
[9.154s][info   ][gc,reloc    ] GC(48) Small Pages: 5 / 10M, Empty: 0M, Relocated: 0M, In-Place: 0
[9.154s][info   ][gc,reloc    ] GC(48) Medium Pages: 51 / 1632M, Empty: 1248M, Relocated: 52M, In-Place: 0
[9.154s][info   ][gc,reloc    ] GC(48) Large Pages: 0 / 0M, Empty: 0M, Relocated: 0M, In-Place: 0
[9.154s][info   ][gc,reloc    ] GC(48) Forwarding Usage: 0M
[9.154s][info   ][gc,heap     ] GC(48) Min Capacity: 2048M(100%)
[9.154s][info   ][gc,heap     ] GC(48) Max Capacity: 2048M(100%)
[9.154s][info   ][gc,heap     ] GC(48) Soft Max Capacity: 2048M(100%)
[9.154s][info   ][gc,heap     ] GC(48)                Mark Start          Mark End        Relocate Start      Relocate End           High               Low         
[9.154s][info   ][gc,heap     ] GC(48)  Capacity:     2048M (100%)       2048M (100%)       2048M (100%)       2048M (100%)       2048M (100%)       2048M (100%)   
[9.154s][info   ][gc,heap     ] GC(48)      Free:      406M (20%)         182M (9%)         1270M (62%)         566M (28%)        1302M (64%)          54M (3%)     
[9.154s][info   ][gc,heap     ] GC(48)      Used:     1642M (80%)        1866M (91%)         778M (38%)        1482M (72%)        1994M (97%)         746M (36%)    
[9.154s][info   ][gc,heap     ] GC(48)      Live:         -               117M (6%)          117M (6%)          117M (6%)             -                  -          
[9.154s][info   ][gc,heap     ] GC(48) Allocated:         -               224M (11%)         384M (19%)        1319M (64%)            -                  -          
[9.154s][info   ][gc,heap     ] GC(48)   Garbage:         -              1524M (74%)         276M (14%)          44M (2%)             -                  -          
[9.154s][info   ][gc,heap     ] GC(48) Reclaimed:         -                  -              1248M (61%)        1479M (72%)            -                  -          
[9.154s][info   ][gc          ] GC(48) Garbage Collection (Allocation Stall) 1642M(80%)->1482M(72%)
[9.176s][info   ][gc,start    ] GC(49) Garbage Collection (Allocation Rate)
[9.176s][info   ][gc,task     ] GC(49) Using 1 workers
[9.177s][info   ][gc,phases   ] GC(49) Pause Mark Start 0.014ms
[9.197s][info   ][gc,phases   ] GC(49) Concurrent Mark 20.333ms
[9.199s][info   ][gc,phases   ] GC(49) Pause Mark End 0.035ms
[9.206s][info   ][gc,phases   ] GC(49) Concurrent Mark Free 0.007ms
[9.213s][info   ][gc,phases   ] GC(49) Concurrent Process Non-Strong References 6.886ms
[9.213s][info   ][gc,phases   ] GC(49) Concurrent Reset Relocation Set 0.012ms
[9.218s][info   ][gc,phases   ] GC(49) Concurrent Select Relocation Set 4.792ms
[9.220s][info   ][gc,phases   ] GC(49) Pause Relocate Start 0.014ms
[9.258s][info   ][gc,phases   ] GC(49) Concurrent Relocate 32.998ms
[9.258s][info   ][gc,load     ] GC(49) Load: 3.79/3.01/1.99
[9.258s][info   ][gc,mmu      ] GC(49) MMU: 2ms/95.6%, 5ms/98.2%, 10ms/99.0%, 20ms/99.5%, 50ms/99.8%, 100ms/99.8%
[9.258s][info   ][gc,marking  ] GC(49) Mark: 1 stripe(s), 2 proactive flush(es), 1 terminate flush(es), 0 completion(s), 0 continuation(s) 
[9.258s][info   ][gc,marking  ] GC(49) Mark Stack Usage: 32M
[9.258s][info   ][gc,nmethod  ] GC(49) NMethods: 104 registered, 0 unregistered
[9.258s][info   ][gc,metaspace] GC(49) Metaspace: 0M used, 0M committed, 1088M reserved
[9.258s][info   ][gc,ref      ] GC(49) Soft: 7 encountered, 0 discovered, 0 enqueued
[9.258s][info   ][gc,ref      ] GC(49) Weak: 37 encountered, 28 discovered, 0 enqueued
[9.258s][info   ][gc,ref      ] GC(49) Final: 0 encountered, 0 discovered, 0 enqueued
[9.258s][info   ][gc,ref      ] GC(49) Phantom: 5 encountered, 2 discovered, 0 enqueued
[9.258s][info   ][gc,reloc    ] GC(49) Small Pages: 5 / 10M, Empty: 0M, Relocated: 0M, In-Place: 0
[9.258s][info   ][gc,reloc    ] GC(49) Medium Pages: 52 / 1664M, Empty: 1504M, Relocated: 15M, In-Place: 0
[9.258s][info   ][gc,reloc    ] GC(49) Large Pages: 0 / 0M, Empty: 0M, Relocated: 0M, In-Place: 0
[9.258s][info   ][gc,reloc    ] GC(49) Forwarding Usage: 0M
[9.258s][info   ][gc,heap     ] GC(49) Min Capacity: 2048M(100%)
[9.258s][info   ][gc,heap     ] GC(49) Max Capacity: 2048M(100%)
[9.258s][info   ][gc,heap     ] GC(49) Soft Max Capacity: 2048M(100%)
[9.258s][info   ][gc,heap     ] GC(49)                Mark Start          Mark End        Relocate Start      Relocate End           High               Low         
[9.258s][info   ][gc,heap     ] GC(49)  Capacity:     2048M (100%)       2048M (100%)       2048M (100%)       2048M (100%)       2048M (100%)       2048M (100%)   
[9.258s][info   ][gc,heap     ] GC(49)      Free:      374M (18%)         182M (9%)         1526M (75%)        1302M (64%)        1558M (76%)          54M (3%)     
[9.258s][info   ][gc,heap     ] GC(49)      Used:     1674M (82%)        1866M (91%)         522M (25%)         746M (36%)        1994M (97%)         490M (24%)    
[9.258s][info   ][gc,heap     ] GC(49)      Live:         -                59M (3%)           59M (3%)           59M (3%)             -                  -          
[9.258s][info   ][gc,heap     ] GC(49) Allocated:         -               192M (9%)          352M (17%)         647M (32%)            -                  -          
[9.258s][info   ][gc,heap     ] GC(49)   Garbage:         -              1614M (79%)         110M (5%)           38M (2%)             -                  -          
[9.258s][info   ][gc,heap     ] GC(49) Reclaimed:         -                  -              1504M (73%)        1575M (77%)            -                  -          
[9.258s][info   ][gc          ] GC(49) Garbage Collection (Allocation Rate) 1674M(82%)->746M(36%)
[9.279s][info   ][gc,start    ] GC(50) Garbage Collection (Allocation Rate)
[9.279s][info   ][gc,task     ] GC(50) Using 1 workers
[9.280s][info   ][gc,phases   ] GC(50) Pause Mark Start 0.011ms
[9.308s][info   ][gc,phases   ] GC(50) Concurrent Mark 24.095ms
[9.308s][info   ][gc,phases   ] GC(50) Pause Mark End 0.027ms
[9.308s][info   ][gc,phases   ] GC(50) Concurrent Mark Free 0.003ms
[9.314s][info   ][gc,phases   ] GC(50) Concurrent Process Non-Strong References 5.915ms
[9.314s][info   ][gc,phases   ] GC(50) Concurrent Reset Relocation Set 0.005ms
[9.318s][info   ][gc,phases   ] GC(50) Concurrent Select Relocation Set 3.860ms
[9.318s][info   ][gc,phases   ] GC(50) Pause Relocate Start 0.029ms
[9.399s][info   ][gc,phases   ] GC(50) Concurrent Relocate 80.729ms
[9.399s][info   ][gc,load     ] GC(50) Load: 3.79/3.01/1.99
[9.399s][info   ][gc,mmu      ] GC(50) MMU: 2ms/95.6%, 5ms/98.2%, 10ms/99.0%, 20ms/99.5%, 50ms/99.8%, 100ms/99.8%
[9.399s][info   ][gc,marking  ] GC(50) Mark: 1 stripe(s), 2 proactive flush(es), 1 terminate flush(es), 0 completion(s), 0 continuation(s) 
[9.399s][info   ][gc,marking  ] GC(50) Mark Stack Usage: 32M
[9.399s][info   ][gc,nmethod  ] GC(50) NMethods: 104 registered, 0 unregistered
[9.399s][info   ][gc,metaspace] GC(50) Metaspace: 0M used, 0M committed, 1088M reserved
[9.399s][info   ][gc,ref      ] GC(50) Soft: 7 encountered, 0 discovered, 0 enqueued
[9.399s][info   ][gc,ref      ] GC(50) Weak: 37 encountered, 28 discovered, 0 enqueued
[9.399s][info   ][gc,ref      ] GC(50) Final: 0 encountered, 0 discovered, 0 enqueued
[9.400s][info   ][gc,ref      ] GC(50) Phantom: 5 encountered, 2 discovered, 0 enqueued
[9.400s][info   ][gc,reloc    ] GC(50) Small Pages: 5 / 10M, Empty: 0M, Relocated: 0M, In-Place: 0
[9.400s][info   ][gc,reloc    ] GC(50) Medium Pages: 29 / 928M, Empty: 736M, Relocated: 25M, In-Place: 0
[9.400s][info   ][gc,reloc    ] GC(50) Large Pages: 0 / 0M, Empty: 0M, Relocated: 0M, In-Place: 0
[9.400s][info   ][gc,reloc    ] GC(50) Forwarding Usage: 0M
[9.400s][info   ][gc,heap     ] GC(50) Min Capacity: 2048M(100%)
[9.400s][info   ][gc,heap     ] GC(50) Max Capacity: 2048M(100%)
[9.400s][info   ][gc,heap     ] GC(50) Soft Max Capacity: 2048M(100%)
[9.400s][info   ][gc,heap     ] GC(50)                Mark Start          Mark End        Relocate Start      Relocate End           High               Low         
[9.400s][info   ][gc,heap     ] GC(50)  Capacity:     2048M (100%)       2048M (100%)       2048M (100%)       2048M (100%)       2048M (100%)       2048M (100%)   
[9.400s][info   ][gc,heap     ] GC(50)      Free:     1110M (54%)         854M (42%)        1494M (73%)         982M (48%)        1526M (75%)         790M (39%)    
[9.400s][info   ][gc,heap     ] GC(50)      Used:      938M (46%)        1194M (58%)         554M (27%)        1066M (52%)        1258M (61%)         522M (25%)    
[9.400s][info   ][gc,heap     ] GC(50)      Live:         -                71M (3%)           71M (3%)           71M (3%)             -                  -          
[9.400s][info   ][gc,heap     ] GC(50) Allocated:         -               256M (12%)         352M (17%)         967M (47%)            -                  -          
[9.400s][info   ][gc,heap     ] GC(50)   Garbage:         -               866M (42%)         130M (6%)           27M (1%)             -                  -          
[9.400s][info   ][gc,heap     ] GC(50) Reclaimed:         -                  -               736M (36%)         839M (41%)            -                  -          
[9.400s][info   ][gc          ] GC(50) Garbage Collection (Allocation Rate) 938M(46%)->1066M(52%)
[9.479s][info   ][gc,start    ] GC(51) Garbage Collection (Allocation Rate)
[9.479s][info   ][gc,task     ] GC(51) Using 1 workers
[9.485s][info   ][gc,phases   ] GC(51) Pause Mark Start 0.025ms
[9.511s][info   ][gc,phases   ] GC(51) Concurrent Mark 21.693ms
[9.512s][info   ][gc,phases   ] GC(51) Pause Mark End 0.017ms
[9.515s][info   ][gc,phases   ] GC(51) Concurrent Mark Free 0.003ms
[9.517s][info   ][gc,phases   ] GC(51) Concurrent Process Non-Strong References 1.773ms
[9.517s][info   ][gc,phases   ] GC(51) Concurrent Reset Relocation Set 0.002ms
[9.518s][info   ][gc          ] Allocation Stall (Thread-7) 1.874ms
[9.518s][info   ][gc          ] Allocation Stall (Thread-3) 1.789ms
[9.518s][info   ][gc,phases   ] GC(51) Concurrent Select Relocation Set 1.117ms
[9.518s][info   ][gc          ] Allocation Stall (Thread-4) 1.822ms
[9.519s][info   ][gc,phases   ] GC(51) Pause Relocate Start 0.013ms
[9.522s][info   ][gc          ] Allocation Stall (Thread-5) 5.553ms
[9.579s][info   ][gc,phases   ] GC(51) Concurrent Relocate 59.964ms
[9.579s][info   ][gc,load     ] GC(51) Load: 3.79/3.01/1.99
[9.579s][info   ][gc,mmu      ] GC(51) MMU: 2ms/95.6%, 5ms/98.2%, 10ms/99.0%, 20ms/99.5%, 50ms/99.8%, 100ms/99.8%
[9.579s][info   ][gc,marking  ] GC(51) Mark: 1 stripe(s), 2 proactive flush(es), 1 terminate flush(es), 0 completion(s), 0 continuation(s) 
[9.579s][info   ][gc,marking  ] GC(51) Mark Stack Usage: 32M
[9.579s][info   ][gc,nmethod  ] GC(51) NMethods: 104 registered, 0 unregistered
[9.579s][info   ][gc,metaspace] GC(51) Metaspace: 0M used, 0M committed, 1088M reserved
[9.579s][info   ][gc,ref      ] GC(51) Soft: 7 encountered, 0 discovered, 0 enqueued
[9.579s][info   ][gc,ref      ] GC(51) Weak: 37 encountered, 28 discovered, 0 enqueued
[9.579s][info   ][gc,ref      ] GC(51) Final: 0 encountered, 0 discovered, 0 enqueued
[9.579s][info   ][gc,ref      ] GC(51) Phantom: 5 encountered, 2 discovered, 0 enqueued
[9.579s][info   ][gc,reloc    ] GC(51) Small Pages: 5 / 10M, Empty: 0M, Relocated: 0M, In-Place: 0
[9.579s][info   ][gc,reloc    ] GC(51) Medium Pages: 55 / 1760M, Empty: 1632M, Relocated: 21M, In-Place: 0
[9.579s][info   ][gc,reloc    ] GC(51) Large Pages: 0 / 0M, Empty: 0M, Relocated: 0M, In-Place: 0
[9.579s][info   ][gc,reloc    ] GC(51) Forwarding Usage: 0M
[9.579s][info   ][gc,heap     ] GC(51) Min Capacity: 2048M(100%)
[9.579s][info   ][gc,heap     ] GC(51) Max Capacity: 2048M(100%)
[9.579s][info   ][gc,heap     ] GC(51) Soft Max Capacity: 2048M(100%)
[9.579s][info   ][gc,heap     ] GC(51)                Mark Start          Mark End        Relocate Start      Relocate End           High               Low         
[9.579s][info   ][gc,heap     ] GC(51)  Capacity:     2048M (100%)       2048M (100%)       2048M (100%)       2048M (100%)       2048M (100%)       2048M (100%)   
[9.579s][info   ][gc,heap     ] GC(51)      Free:      278M (14%)          54M (3%)         1590M (78%)        1238M (60%)        1654M (81%)          22M (1%)     
[9.579s][info   ][gc,heap     ] GC(51)      Used:     1770M (86%)        1994M (97%)         458M (22%)         810M (40%)        2026M (99%)         394M (19%)    
[9.579s][info   ][gc,heap     ] GC(51)      Live:         -                49M (2%)           49M (2%)           49M (2%)             -                  -          
[9.579s][info   ][gc,heap     ] GC(51) Allocated:         -               224M (11%)         320M (16%)         743M (36%)            -                  -          
[9.579s][info   ][gc,heap     ] GC(51)   Garbage:         -              1720M (84%)          88M (4%)           16M (1%)             -                  -          
[9.579s][info   ][gc,heap     ] GC(51) Reclaimed:         -                  -              1632M (80%)        1703M (83%)            -                  -          
[9.579s][info   ][gc          ] GC(51) Garbage Collection (Allocation Rate) 1770M(86%)->810M(40%)
[9.680s][info   ][gc,start    ] GC(52) Garbage Collection (Allocation Stall)
[9.680s][info   ][gc,ref      ] GC(52) Clearing All SoftReferences
[9.680s][info   ][gc,task     ] GC(52) Using 1 workers
[9.682s][info   ][gc,phases   ] GC(52) Pause Mark Start 0.031ms
[9.718s][info   ][gc,phases   ] GC(52) Concurrent Mark 30.496ms
[9.719s][info   ][gc,phases   ] GC(52) Pause Mark End 0.031ms
[9.719s][info   ][gc,phases   ] GC(52) Concurrent Mark Free 0.004ms
[9.727s][info   ][gc,phases   ] GC(52) Concurrent Process Non-Strong References 7.852ms
[9.727s][info   ][gc,phases   ] GC(52) Concurrent Reset Relocation Set 0.005ms
[9.729s][info   ][gc,phases   ] GC(52) Concurrent Select Relocation Set 1.144ms
[9.729s][info   ][gc,phases   ] GC(52) Pause Relocate Start 0.026ms
[9.776s][info   ][gc,phases   ] GC(52) Concurrent Relocate 41.826ms
[9.777s][info   ][gc,load     ] GC(52) Load: 3.79/3.01/1.99
[9.777s][info   ][gc,mmu      ] GC(52) MMU: 2ms/95.6%, 5ms/98.2%, 10ms/99.0%, 20ms/99.5%, 50ms/99.8%, 100ms/99.8%
[9.777s][info   ][gc,marking  ] GC(52) Mark: 1 stripe(s), 2 proactive flush(es), 1 terminate flush(es), 0 completion(s), 0 continuation(s) 
[9.777s][info   ][gc,marking  ] GC(52) Mark Stack Usage: 32M
[9.777s][info   ][gc,nmethod  ] GC(52) NMethods: 104 registered, 0 unregistered
[9.777s][info   ][gc,metaspace] GC(52) Metaspace: 0M used, 0M committed, 1088M reserved
[9.777s][info   ][gc,ref      ] GC(52) Soft: 7 encountered, 5 discovered, 0 enqueued
[9.777s][info   ][gc,ref      ] GC(52) Weak: 37 encountered, 28 discovered, 0 enqueued
[9.777s][info   ][gc,ref      ] GC(52) Final: 0 encountered, 0 discovered, 0 enqueued
[9.777s][info   ][gc,ref      ] GC(52) Phantom: 5 encountered, 2 discovered, 0 enqueued
[9.777s][info   ][gc,reloc    ] GC(52) Small Pages: 5 / 10M, Empty: 0M, Relocated: 0M, In-Place: 0
[9.777s][info   ][gc,reloc    ] GC(52) Medium Pages: 51 / 1632M, Empty: 1504M, Relocated: 17M, In-Place: 0
[9.777s][info   ][gc,reloc    ] GC(52) Large Pages: 0 / 0M, Empty: 0M, Relocated: 0M, In-Place: 0
[9.777s][info   ][gc,reloc    ] GC(52) Forwarding Usage: 0M
[9.777s][info   ][gc,heap     ] GC(52) Min Capacity: 2048M(100%)
[9.777s][info   ][gc,heap     ] GC(52) Max Capacity: 2048M(100%)
[9.777s][info   ][gc,heap     ] GC(52) Soft Max Capacity: 2048M(100%)
[9.777s][info   ][gc,heap     ] GC(52)                Mark Start          Mark End        Relocate Start      Relocate End           High               Low         
[9.777s][info   ][gc,heap     ] GC(52)  Capacity:     2048M (100%)       2048M (100%)       2048M (100%)       2048M (100%)       2048M (100%)       2048M (100%)   
[9.777s][info   ][gc,heap     ] GC(52)      Free:      406M (20%)          86M (4%)         1526M (75%)        1270M (62%)        1526M (75%)          22M (1%)     
[9.777s][info   ][gc,heap     ] GC(52)      Used:     1642M (80%)        1962M (96%)         522M (25%)         778M (38%)        2026M (99%)         522M (25%)    
[9.777s][info   ][gc,heap     ] GC(52)      Live:         -                45M (2%)           45M (2%)           45M (2%)             -                  -          
[9.777s][info   ][gc,heap     ] GC(52) Allocated:         -               320M (16%)         384M (19%)         711M (35%)            -                  -          
[9.777s][info   ][gc,heap     ] GC(52)   Garbage:         -              1596M (78%)          92M (4%)           20M (1%)             -                  -          
[9.777s][info   ][gc,heap     ] GC(52) Reclaimed:         -                  -              1504M (73%)        1575M (77%)            -                  -          
[9.777s][info   ][gc          ] GC(52) Garbage Collection (Allocation Stall) 1642M(80%)->778M(38%)
[9.879s][info   ][gc,start    ] GC(53) Garbage Collection (Allocation Rate)
[9.879s][info   ][gc,task     ] GC(53) Using 1 workers
[9.880s][info   ][gc,phases   ] GC(53) Pause Mark Start 0.013ms
[9.904s][info   ][gc,phases   ] GC(53) Concurrent Mark 24.716ms
[9.905s][info   ][gc,phases   ] GC(53) Pause Mark End 0.031ms
[9.911s][info   ][gc,phases   ] GC(53) Concurrent Mark Free 0.012ms
[9.917s][info   ][gc,phases   ] GC(53) Concurrent Process Non-Strong References 5.669ms
[9.917s][info   ][gc,phases   ] GC(53) Concurrent Reset Relocation Set 0.008ms
[9.921s][info   ][gc,phases   ] GC(53) Concurrent Select Relocation Set 4.108ms
[9.921s][info   ][gc,phases   ] GC(53) Pause Relocate Start 0.022ms
[9.973s][info   ][gc,phases   ] GC(53) Concurrent Relocate 48.911ms
[9.973s][info   ][gc,load     ] GC(53) Load: 3.79/3.01/1.99
[9.973s][info   ][gc,mmu      ] GC(53) MMU: 2ms/95.6%, 5ms/98.2%, 10ms/99.0%, 20ms/99.5%, 50ms/99.8%, 100ms/99.8%
[9.973s][info   ][gc,marking  ] GC(53) Mark: 1 stripe(s), 2 proactive flush(es), 1 terminate flush(es), 0 completion(s), 0 continuation(s) 
[9.973s][info   ][gc,marking  ] GC(53) Mark Stack Usage: 32M
[9.973s][info   ][gc,nmethod  ] GC(53) NMethods: 104 registered, 0 unregistered
[9.973s][info   ][gc,metaspace] GC(53) Metaspace: 0M used, 0M committed, 1088M reserved
[9.973s][info   ][gc,ref      ] GC(53) Soft: 7 encountered, 0 discovered, 0 enqueued
[9.973s][info   ][gc,ref      ] GC(53) Weak: 37 encountered, 28 discovered, 0 enqueued
[9.973s][info   ][gc,ref      ] GC(53) Final: 0 encountered, 0 discovered, 0 enqueued
[9.973s][info   ][gc,ref      ] GC(53) Phantom: 5 encountered, 2 discovered, 0 enqueued
[9.973s][info   ][gc,reloc    ] GC(53) Small Pages: 5 / 10M, Empty: 0M, Relocated: 0M, In-Place: 0
[9.973s][info   ][gc,reloc    ] GC(53) Medium Pages: 49 / 1568M, Empty: 1312M, Relocated: 19M, In-Place: 0
[9.973s][info   ][gc,reloc    ] GC(53) Large Pages: 0 / 0M, Empty: 0M, Relocated: 0M, In-Place: 0
[9.973s][info   ][gc,reloc    ] GC(53) Forwarding Usage: 0M
[9.973s][info   ][gc,heap     ] GC(53) Min Capacity: 2048M(100%)
[9.973s][info   ][gc,heap     ] GC(53) Max Capacity: 2048M(100%)
[9.973s][info   ][gc,heap     ] GC(53) Soft Max Capacity: 2048M(100%)
[9.973s][info   ][gc,heap     ] GC(53)                Mark Start          Mark End        Relocate Start      Relocate End           High               Low         
[9.973s][info   ][gc,heap     ] GC(53)  Capacity:     2048M (100%)       2048M (100%)       2048M (100%)       2048M (100%)       2048M (100%)       2048M (100%)   
[9.973s][info   ][gc,heap     ] GC(53)      Free:      470M (23%)         278M (14%)        1494M (73%)        1238M (60%)        1494M (73%)         150M (7%)     
[9.973s][info   ][gc,heap     ] GC(53)      Used:     1578M (77%)        1770M (86%)         554M (27%)         810M (40%)        1898M (93%)         554M (27%)    
[9.973s][info   ][gc,heap     ] GC(53)      Live:         -                86M (4%)           86M (4%)           86M (4%)             -                  -          
[9.973s][info   ][gc,heap     ] GC(53) Allocated:         -               192M (9%)          288M (14%)         679M (33%)            -                  -          
[9.973s][info   ][gc,heap     ] GC(53)   Garbage:         -              1491M (73%)         179M (9%)           43M (2%)             -                  -          
[9.973s][info   ][gc,heap     ] GC(53) Reclaimed:         -                  -              1312M (64%)        1447M (71%)            -                  -          
[9.973s][info   ][gc          ] GC(53) Garbage Collection (Allocation Rate) 1578M(77%)->810M(40%)
[9.976s][info   ][gc,start    ] GC(54) Garbage Collection (Allocation Rate)
[9.976s][info   ][gc,task     ] GC(54) Using 1 workers
[9.977s][info   ][gc,phases   ] GC(54) Pause Mark Start 0.020ms
[10.001s][info   ][gc,phases   ] GC(54) Concurrent Mark 24.429ms
[10.001s][info   ][gc,phases   ] GC(54) Pause Mark End 0.057ms
[10.005s][info   ][gc,phases   ] GC(54) Concurrent Mark Free 0.003ms
[10.016s][info   ][gc,phases   ] GC(54) Concurrent Process Non-Strong References 11.572ms
[10.017s][info   ][gc,phases   ] GC(54) Concurrent Reset Relocation Set 0.007ms
[10.018s][info   ][gc,phases   ] GC(54) Concurrent Select Relocation Set 1.856ms
[10.019s][info   ][gc,phases   ] GC(54) Pause Relocate Start 0.022ms
[10.061s][info   ][gc,phases   ] GC(54) Concurrent Relocate 39.425ms
[10.062s][info   ][gc,load     ] GC(54) Load: 3.79/3.01/1.99
[10.062s][info   ][gc,mmu      ] GC(54) MMU: 2ms/95.6%, 5ms/98.2%, 10ms/99.0%, 20ms/99.5%, 50ms/99.8%, 100ms/99.8%
[10.062s][info   ][gc,marking  ] GC(54) Mark: 1 stripe(s), 2 proactive flush(es), 1 terminate flush(es), 0 completion(s), 0 continuation(s) 
[10.062s][info   ][gc,marking  ] GC(54) Mark Stack Usage: 32M
[10.062s][info   ][gc,nmethod  ] GC(54) NMethods: 104 registered, 0 unregistered
[10.062s][info   ][gc,metaspace] GC(54) Metaspace: 0M used, 0M committed, 1088M reserved
[10.062s][info   ][gc,ref      ] GC(54) Soft: 7 encountered, 0 discovered, 0 enqueued
[10.062s][info   ][gc,ref      ] GC(54) Weak: 37 encountered, 28 discovered, 0 enqueued
[10.062s][info   ][gc,ref      ] GC(54) Final: 0 encountered, 0 discovered, 0 enqueued
[10.062s][info   ][gc,ref      ] GC(54) Phantom: 5 encountered, 2 discovered, 0 enqueued
[10.062s][info   ][gc,reloc    ] GC(54) Small Pages: 5 / 10M, Empty: 0M, Relocated: 0M, In-Place: 0
[10.062s][info   ][gc,reloc    ] GC(54) Medium Pages: 26 / 832M, Empty: 672M, Relocated: 13M, In-Place: 0
[10.062s][info   ][gc,reloc    ] GC(54) Large Pages: 0 / 0M, Empty: 0M, Relocated: 0M, In-Place: 0
[10.062s][info   ][gc,reloc    ] GC(54) Forwarding Usage: 0M
[10.062s][info   ][gc,heap     ] GC(54) Min Capacity: 2048M(100%)
[10.062s][info   ][gc,heap     ] GC(54) Max Capacity: 2048M(100%)
[10.062s][info   ][gc,heap     ] GC(54) Soft Max Capacity: 2048M(100%)
[10.062s][info   ][gc,heap     ] GC(54)                Mark Start          Mark End        Relocate Start      Relocate End           High               Low         
[10.062s][info   ][gc,heap     ] GC(54)  Capacity:     2048M (100%)       2048M (100%)       2048M (100%)       2048M (100%)       2048M (100%)       2048M (100%)   
[10.062s][info   ][gc,heap     ] GC(54)      Free:     1206M (59%)         982M (48%)        1526M (75%)        1238M (60%)        1526M (75%)         854M (42%)    
[10.062s][info   ][gc,heap     ] GC(54)      Used:      842M (41%)        1066M (52%)         522M (25%)         810M (40%)        1194M (58%)         522M (25%)    
[10.062s][info   ][gc,heap     ] GC(54)      Live:         -                59M (3%)           59M (3%)           59M (3%)             -                  -          
[10.062s][info   ][gc,heap     ] GC(54) Allocated:         -               224M (11%)         352M (17%)         711M (35%)            -                  -          
[10.062s][info   ][gc,heap     ] GC(54)   Garbage:         -               782M (38%)         110M (5%)           38M (2%)             -                  -          
[10.062s][info   ][gc,heap     ] GC(54) Reclaimed:         -                  -               672M (33%)         743M (36%)            -                  -          
[10.062s][info   ][gc          ] GC(54) Garbage Collection (Allocation Rate) 842M(41%)->810M(40%)
[10.077s][info   ][gc,start    ] GC(55) Garbage Collection (Allocation Rate)
[10.077s][info   ][gc,task     ] GC(55) Using 1 workers
[10.080s][info   ][gc,phases   ] GC(55) Pause Mark Start 0.016ms
[10.117s][info   ][gc,phases   ] GC(55) Concurrent Mark 31.206ms
[10.118s][info   ][gc,phases   ] GC(55) Pause Mark End 0.033ms
[10.124s][info   ][gc,phases   ] GC(55) Concurrent Mark Free 0.008ms
[10.139s][info   ][gc,phases   ] GC(55) Concurrent Process Non-Strong References 14.761ms
[10.139s][info   ][gc,phases   ] GC(55) Concurrent Reset Relocation Set 0.009ms
[10.141s][info   ][gc,phases   ] GC(55) Concurrent Select Relocation Set 1.666ms
[10.141s][info   ][gc,phases   ] GC(55) Pause Relocate Start 0.020ms
[10.187s][info   ][gc,phases   ] GC(55) Concurrent Relocate 39.082ms
[10.187s][info   ][gc,load     ] GC(55) Load: 3.79/3.01/1.99
[10.187s][info   ][gc,mmu      ] GC(55) MMU: 2ms/95.6%, 5ms/98.2%, 10ms/99.0%, 20ms/99.5%, 50ms/99.8%, 100ms/99.8%
[10.187s][info   ][gc,marking  ] GC(55) Mark: 1 stripe(s), 2 proactive flush(es), 1 terminate flush(es), 0 completion(s), 0 continuation(s) 
[10.187s][info   ][gc,marking  ] GC(55) Mark Stack Usage: 32M
[10.187s][info   ][gc,nmethod  ] GC(55) NMethods: 104 registered, 0 unregistered
[10.187s][info   ][gc,metaspace] GC(55) Metaspace: 0M used, 0M committed, 1088M reserved
[10.187s][info   ][gc,ref      ] GC(55) Soft: 7 encountered, 0 discovered, 0 enqueued
[10.187s][info   ][gc,ref      ] GC(55) Weak: 37 encountered, 28 discovered, 0 enqueued
[10.187s][info   ][gc,ref      ] GC(55) Final: 0 encountered, 0 discovered, 0 enqueued
[10.187s][info   ][gc,ref      ] GC(55) Phantom: 5 encountered, 2 discovered, 0 enqueued
[10.187s][info   ][gc,reloc    ] GC(55) Small Pages: 5 / 10M, Empty: 0M, Relocated: 0M, In-Place: 0
[10.187s][info   ][gc,reloc    ] GC(55) Medium Pages: 29 / 928M, Empty: 704M, Relocated: 20M, In-Place: 0
[10.187s][info   ][gc,reloc    ] GC(55) Large Pages: 0 / 0M, Empty: 0M, Relocated: 0M, In-Place: 0
[10.187s][info   ][gc,reloc    ] GC(55) Forwarding Usage: 0M
[10.187s][info   ][gc,heap     ] GC(55) Min Capacity: 2048M(100%)
[10.187s][info   ][gc,heap     ] GC(55) Max Capacity: 2048M(100%)
[10.187s][info   ][gc,heap     ] GC(55) Soft Max Capacity: 2048M(100%)
[10.187s][info   ][gc,heap     ] GC(55)                Mark Start          Mark End        Relocate Start      Relocate End           High               Low         
[10.187s][info   ][gc,heap     ] GC(55)  Capacity:     2048M (100%)       2048M (100%)       2048M (100%)       2048M (100%)       2048M (100%)       2048M (100%)   
[10.187s][info   ][gc,heap     ] GC(55)      Free:     1110M (54%)         790M (39%)        1334M (65%)        1110M (54%)        1334M (65%)         630M (31%)    
[10.187s][info   ][gc,heap     ] GC(55)      Used:      938M (46%)        1258M (61%)         714M (35%)         938M (46%)        1418M (69%)         714M (35%)    
[10.187s][info   ][gc,heap     ] GC(55)      Live:         -                73M (4%)           73M (4%)           73M (4%)             -                  -          
[10.187s][info   ][gc,heap     ] GC(55) Allocated:         -               320M (16%)         480M (23%)         839M (41%)            -                  -          
[10.187s][info   ][gc,heap     ] GC(55)   Garbage:         -               864M (42%)         160M (8%)           24M (1%)             -                  -          
[10.187s][info   ][gc,heap     ] GC(55) Reclaimed:         -                  -               704M (34%)         839M (41%)            -                  -          
[10.187s][info   ][gc          ] GC(55) Garbage Collection (Allocation Rate) 938M(46%)->938M(46%)
[10.279s][info   ][gc,start    ] GC(56) Garbage Collection (Allocation Rate)
[10.279s][info   ][gc,task     ] GC(56) Using 1 workers
[10.279s][info   ][gc,phases   ] GC(56) Pause Mark Start 0.015ms
[10.314s][info   ][gc,phases   ] GC(56) Concurrent Mark 34.585ms
[10.315s][info   ][gc,phases   ] GC(56) Pause Mark End 0.018ms
[10.317s][info   ][gc,phases   ] GC(56) Concurrent Mark Free 0.004ms
[10.320s][info   ][gc,phases   ] GC(56) Concurrent Process Non-Strong References 2.787ms
[10.320s][info   ][gc,phases   ] GC(56) Concurrent Reset Relocation Set 0.002ms
[10.321s][info   ][gc          ] Allocation Stall (Thread-0) 1.141ms
[10.321s][info   ][gc          ] Allocation Stall (Thread-2) 1.831ms
[10.321s][info   ][gc          ] Allocation Stall (Thread-3) 1.723ms
[10.322s][info   ][gc          ] Allocation Stall (Thread-7) 2.476ms
[10.322s][info   ][gc          ] Allocation Stall (Thread-4) 2.446ms
[10.321s][info   ][gc          ] Allocation Stall (Thread-6) 1.590ms
[10.321s][info   ][gc          ] Allocation Stall (Thread-1) 1.696ms
[10.329s][info   ][gc,phases   ] GC(56) Concurrent Select Relocation Set 8.470ms
[10.333s][info   ][gc,phases   ] GC(56) Pause Relocate Start 0.032ms
[10.503s][info   ][gc,phases   ] GC(56) Concurrent Relocate 163.740ms
[10.503s][info   ][gc,load     ] GC(56) Load: 3.79/3.01/1.99
[10.503s][info   ][gc,mmu      ] GC(56) MMU: 2ms/95.6%, 5ms/98.2%, 10ms/99.0%, 20ms/99.5%, 50ms/99.8%, 100ms/99.8%
[10.503s][info   ][gc,marking  ] GC(56) Mark: 1 stripe(s), 2 proactive flush(es), 1 terminate flush(es), 0 completion(s), 0 continuation(s) 
[10.503s][info   ][gc,marking  ] GC(56) Mark Stack Usage: 32M
[10.503s][info   ][gc,nmethod  ] GC(56) NMethods: 104 registered, 0 unregistered
[10.503s][info   ][gc,metaspace] GC(56) Metaspace: 0M used, 0M committed, 1088M reserved
[10.503s][info   ][gc,ref      ] GC(56) Soft: 7 encountered, 0 discovered, 0 enqueued
[10.503s][info   ][gc,ref      ] GC(56) Weak: 37 encountered, 28 discovered, 0 enqueued
[10.503s][info   ][gc,ref      ] GC(56) Final: 0 encountered, 0 discovered, 0 enqueued
[10.503s][info   ][gc,ref      ] GC(56) Phantom: 5 encountered, 2 discovered, 0 enqueued
[10.503s][info   ][gc,reloc    ] GC(56) Small Pages: 5 / 10M, Empty: 0M, Relocated: 0M, In-Place: 0
[10.503s][info   ][gc,reloc    ] GC(56) Medium Pages: 53 / 1696M, Empty: 1216M, Relocated: 79M, In-Place: 0
[10.503s][info   ][gc,reloc    ] GC(56) Large Pages: 0 / 0M, Empty: 0M, Relocated: 0M, In-Place: 0
[10.503s][info   ][gc,reloc    ] GC(56) Forwarding Usage: 0M
[10.503s][info   ][gc,heap     ] GC(56) Min Capacity: 2048M(100%)
[10.503s][info   ][gc,heap     ] GC(56) Max Capacity: 2048M(100%)
[10.503s][info   ][gc,heap     ] GC(56) Soft Max Capacity: 2048M(100%)
[10.503s][info   ][gc,heap     ] GC(56)                Mark Start          Mark End        Relocate Start      Relocate End           High               Low         
[10.503s][info   ][gc,heap     ] GC(56)  Capacity:     2048M (100%)       2048M (100%)       2048M (100%)       2048M (100%)       2048M (100%)       2048M (100%)   
[10.503s][info   ][gc,heap     ] GC(56)      Free:      342M (17%)          54M (3%)         1110M (54%)         150M (7%)         1238M (60%)          22M (1%)     
[10.503s][info   ][gc,heap     ] GC(56)      Used:     1706M (83%)        1994M (97%)         938M (46%)        1898M (93%)        2026M (99%)         810M (40%)    
[10.503s][info   ][gc,heap     ] GC(56)      Live:         -               135M (7%)          135M (7%)          135M (7%)             -                  -          
[10.503s][info   ][gc,heap     ] GC(56) Allocated:         -               288M (14%)         448M (22%)        1735M (85%)            -                  -          
[10.503s][info   ][gc,heap     ] GC(56)   Garbage:         -              1570M (77%)         354M (17%)          26M (1%)             -                  -          
[10.503s][info   ][gc,heap     ] GC(56) Reclaimed:         -                  -              1216M (59%)        1543M (75%)            -                  -          
[10.504s][info   ][gc          ] GC(56) Garbage Collection (Allocation Rate) 1706M(83%)->1898M(93%)
[10.519s][info   ][gc,start    ] GC(57) Garbage Collection (Allocation Stall)
[10.519s][info   ][gc,ref      ] GC(57) Clearing All SoftReferences
[10.519s][info   ][gc,task     ] GC(57) Using 1 workers
[10.519s][info   ][gc,phases   ] GC(57) Pause Mark Start 0.013ms
[10.521s][info   ][gc,phases   ] GC(57) Concurrent Mark 2.154ms
[10.522s][info   ][gc,phases   ] GC(57) Pause Mark End 0.009ms
[10.522s][info   ][gc,phases   ] GC(57) Concurrent Mark Free 0.001ms
[10.522s][info   ][gc,phases   ] GC(57) Concurrent Process Non-Strong References 0.486ms
[10.522s][info   ][gc,phases   ] GC(57) Concurrent Reset Relocation Set 0.002ms
[10.523s][info   ][gc          ] Allocation Stall (Thread-0) 4.320ms
[10.523s][info   ][gc          ] Allocation Stall (Thread-4) 4.598ms
[10.523s][info   ][gc          ] Allocation Stall (Thread-1) 4.209ms
[10.523s][info   ][gc          ] Allocation Stall (Thread-7) 4.184ms
[10.523s][info   ][gc          ] Allocation Stall (Thread-2) 3.754ms
[10.526s][info   ][gc          ] Allocation Stall (Thread-3) 6.624ms
[10.526s][info   ][gc          ] Allocation Stall (Thread-5) 6.166ms
[10.527s][info   ][gc,phases   ] GC(57) Concurrent Select Relocation Set 4.879ms
[10.528s][info   ][gc          ] Allocation Stall (Thread-6) 3.814ms
[10.530s][info   ][gc,phases   ] GC(57) Pause Relocate Start 0.016ms
[10.582s][info   ][gc,phases   ] GC(57) Concurrent Relocate 51.598ms
[10.582s][info   ][gc,load     ] GC(57) Load: 3.79/3.01/1.99
[10.582s][info   ][gc,mmu      ] GC(57) MMU: 2ms/95.6%, 5ms/98.2%, 10ms/99.0%, 20ms/99.5%, 50ms/99.8%, 100ms/99.8%
[10.582s][info   ][gc,marking  ] GC(57) Mark: 1 stripe(s), 2 proactive flush(es), 1 terminate flush(es), 0 completion(s), 0 continuation(s) 
[10.582s][info   ][gc,marking  ] GC(57) Mark Stack Usage: 32M
[10.582s][info   ][gc,nmethod  ] GC(57) NMethods: 104 registered, 0 unregistered
[10.582s][info   ][gc,metaspace] GC(57) Metaspace: 0M used, 0M committed, 1088M reserved
[10.582s][info   ][gc,ref      ] GC(57) Soft: 7 encountered, 5 discovered, 0 enqueued
[10.582s][info   ][gc,ref      ] GC(57) Weak: 37 encountered, 28 discovered, 0 enqueued
[10.582s][info   ][gc,ref      ] GC(57) Final: 0 encountered, 0 discovered, 0 enqueued
[10.582s][info   ][gc,ref      ] GC(57) Phantom: 5 encountered, 2 discovered, 0 enqueued
[10.582s][info   ][gc,reloc    ] GC(57) Small Pages: 5 / 10M, Empty: 0M, Relocated: 0M, In-Place: 0
[10.582s][info   ][gc,reloc    ] GC(57) Medium Pages: 63 / 2016M, Empty: 1344M, Relocated: 104M, In-Place: 0
[10.582s][info   ][gc,reloc    ] GC(57) Large Pages: 0 / 0M, Empty: 0M, Relocated: 0M, In-Place: 0
[10.582s][info   ][gc,reloc    ] GC(57) Forwarding Usage: 0M
[10.582s][info   ][gc,heap     ] GC(57) Min Capacity: 2048M(100%)
[10.582s][info   ][gc,heap     ] GC(57) Max Capacity: 2048M(100%)
[10.582s][info   ][gc,heap     ] GC(57) Soft Max Capacity: 2048M(100%)
[10.582s][info   ][gc,heap     ] GC(57)                Mark Start          Mark End        Relocate Start      Relocate End           High               Low         
[10.583s][info   ][gc,heap     ] GC(57)  Capacity:     2048M (100%)       2048M (100%)       2048M (100%)       2048M (100%)       2048M (100%)       2048M (100%)   
[10.583s][info   ][gc,heap     ] GC(57)      Free:       22M (1%)           22M (1%)         1302M (64%)        1462M (71%)        1678M (82%)          22M (1%)     
[10.583s][info   ][gc,heap     ] GC(57)      Used:     2026M (99%)        2026M (99%)         746M (36%)         586M (29%)        2026M (99%)         370M (18%)    
[10.583s][info   ][gc,heap     ] GC(57)      Live:         -               161M (8%)          161M (8%)          161M (8%)             -                  -          
[10.583s][info   ][gc,heap     ] GC(57) Allocated:         -                 0M (0%)           64M (3%)          382M (19%)            -                  -          
[10.583s][info   ][gc,heap     ] GC(57)   Garbage:         -              1864M (91%)         520M (25%)          41M (2%)             -                  -          
[10.583s][info   ][gc,heap     ] GC(57) Reclaimed:         -                  -              1344M (66%)        1822M (89%)            -                  -          
[10.583s][info   ][gc          ] GC(57) Garbage Collection (Allocation Stall) 2026M(99%)->586M(29%)
[10.682s][info   ][gc,start    ] GC(58) Garbage Collection (Allocation Stall)
[10.682s][info   ][gc,ref      ] GC(58) Clearing All SoftReferences
[10.682s][info   ][gc,task     ] GC(58) Using 1 workers
[10.683s][info   ][gc,phases   ] GC(58) Pause Mark Start 0.014ms
[10.718s][info   ][gc,phases   ] GC(58) Concurrent Mark 34.816ms
[10.718s][info   ][gc,phases   ] GC(58) Pause Mark End 0.036ms
[10.720s][info   ][gc,phases   ] GC(58) Concurrent Mark Free 0.005ms
[10.729s][info   ][gc,phases   ] GC(58) Concurrent Process Non-Strong References 9.474ms
[10.730s][info   ][gc,phases   ] GC(58) Concurrent Reset Relocation Set 0.021ms
[10.740s][info   ][gc,phases   ] GC(58) Concurrent Select Relocation Set 9.999ms
[10.740s][info   ][gc,phases   ] GC(58) Pause Relocate Start 0.107ms
[10.776s][info   ][gc,stats    ] === Garbage Collection Statistics =======================================================================================================================
[10.776s][info   ][gc,stats    ]                                                              Last 10s              Last 10m              Last 10h                Total
[10.776s][info   ][gc,stats    ]                                                              Avg / Max             Avg / Max             Avg / Max             Avg / Max
[10.776s][info   ][gc,stats    ]   Collector: Garbage Collection Cycle                    119.923 / 224.096     119.923 / 224.096     119.923 / 224.096     119.923 / 224.096     ms
[10.776s][info   ][gc,stats    ]  Contention: Mark Segment Reset Contention                     0 / 0                 0 / 0                 0 / 0                 0 / 0           ops/s
[10.776s][info   ][gc,stats    ]  Contention: Mark SeqNum Reset Contention                      0 / 0                 0 / 0                 0 / 0                 0 / 0           ops/s
[10.776s][info   ][gc,stats    ]    Critical: Allocation Stall                                 11 / 27               11 / 27               11 / 27               11 / 27          ops/s
[10.776s][info   ][gc,stats    ]    Critical: Allocation Stall                              2.653 / 8.529         2.653 / 8.529         2.653 / 8.529         2.653 / 8.529       ms
[10.776s][info   ][gc,stats    ]    Critical: GC Locker Stall                                   0 / 0                 0 / 0                 0 / 0                 0 / 0           ops/s
[10.776s][info   ][gc,stats    ]    Critical: GC Locker Stall                               0.000 / 0.000         0.000 / 0.000         0.000 / 0.000         0.000 / 0.000       ms
[10.776s][info   ][gc,stats    ]    Critical: Relocation Stall                                  0 / 0                 0 / 0                 0 / 0                 0 / 0           ops/s
[10.776s][info   ][gc,stats    ]    Critical: Relocation Stall                              0.000 / 0.000         0.000 / 0.000         0.000 / 0.000         0.000 / 0.000       ms
[10.776s][info   ][gc,stats    ]      Memory: Allocation Rate                                8211 / 8756           8211 / 8756           8211 / 8756           8211 / 8756        MB/s
[10.776s][info   ][gc,stats    ]      Memory: Out Of Memory                                     0 / 0                 0 / 0                 0 / 0                 0 / 0           ops/s
[10.776s][info   ][gc,stats    ]      Memory: Page Cache Flush                                  0 / 0                 0 / 0                 0 / 0                 0 / 0           MB/s
[10.776s][info   ][gc,stats    ]      Memory: Page Cache Hit L1                               289 / 313             289 / 313             289 / 313             289 / 313         ops/s
[10.776s][info   ][gc,stats    ]      Memory: Page Cache Hit L2                                 0 / 0                 0 / 0                 0 / 0                 0 / 0           ops/s
[10.776s][info   ][gc,stats    ]      Memory: Page Cache Hit L3                                 7 / 64                7 / 64                7 / 64                7 / 64          ops/s
[10.776s][info   ][gc,stats    ]      Memory: Page Cache Miss                                   0 / 1                 0 / 1                 0 / 1                 0 / 1           ops/s
[10.776s][info   ][gc,stats    ]      Memory: Uncommit                                          0 / 0                 0 / 0                 0 / 0                 0 / 0           MB/s
[10.776s][info   ][gc,stats    ]      Memory: Undo Object Allocation Failed                     0 / 1                 0 / 1                 0 / 1                 0 / 1           ops/s
[10.776s][info   ][gc,stats    ]      Memory: Undo Object Allocation Succeeded                 15 / 26               15 / 26               15 / 26               15 / 26          ops/s
[10.776s][info   ][gc,stats    ]      Memory: Undo Page Allocation                             22 / 31               22 / 31               22 / 31               22 / 31          ops/s
[10.776s][info   ][gc,stats    ]       Phase: Concurrent Mark                              26.645 / 40.657       26.645 / 40.657       26.645 / 40.657       26.645 / 40.657      ms
[10.776s][info   ][gc,stats    ]       Phase: Concurrent Mark Continue                      0.000 / 0.000         0.000 / 0.000         0.000 / 0.000         0.000 / 0.000       ms
[10.776s][info   ][gc,stats    ]       Phase: Concurrent Mark Free                          0.004 / 0.024         0.004 / 0.024         0.004 / 0.024         0.004 / 0.024       ms
[10.776s][info   ][gc,stats    ]       Phase: Concurrent Process Non-Strong References      6.981 / 17.006        6.981 / 17.006        6.981 / 17.006        6.981 / 17.006      ms
[10.776s][info   ][gc,stats    ]       Phase: Concurrent Relocate                          71.011 / 163.740      71.011 / 163.740      71.011 / 163.740      71.011 / 163.740     ms
[10.776s][info   ][gc,stats    ]       Phase: Concurrent Reset Relocation Set               0.005 / 0.021         0.005 / 0.021         0.005 / 0.021         0.005 / 0.021       ms
[10.776s][info   ][gc,stats    ]       Phase: Concurrent Select Relocation Set              3.580 / 19.848        3.580 / 19.848        3.580 / 19.848        3.580 / 19.848      ms
[10.776s][info   ][gc,stats    ]       Phase: Pause Mark End                                0.028 / 0.088         0.028 / 0.088         0.028 / 0.088         0.028 / 0.088       ms
[10.776s][info   ][gc,stats    ]       Phase: Pause Mark Start                              0.017 / 0.047         0.017 / 0.047         0.017 / 0.047         0.017 / 0.047       ms
[10.776s][info   ][gc,stats    ]       Phase: Pause Relocate Start                          0.022 / 0.107         0.022 / 0.107         0.022 / 0.107         0.022 / 0.107       ms
[10.776s][info   ][gc,stats    ]    Subphase: Concurrent Classes Purge                      1.043 / 7.510         1.043 / 7.510         1.043 / 7.510         1.043 / 7.510       ms
[10.776s][info   ][gc,stats    ]    Subphase: Concurrent Classes Unlink                     0.541 / 3.608         0.541 / 3.608         0.541 / 3.608         0.541 / 3.608       ms
[10.776s][info   ][gc,stats    ]    Subphase: Concurrent Mark                              21.746 / 35.571       21.746 / 35.571       21.746 / 35.571       21.746 / 35.571      ms
[10.776s][info   ][gc,stats    ]    Subphase: Concurrent Mark Try Flush                     5.064 / 15.163        5.064 / 15.163        5.064 / 15.163        5.064 / 15.163      ms
[10.776s][info   ][gc,stats    ]    Subphase: Concurrent Mark Try Terminate                 2.048 / 8.474         2.048 / 8.474         2.048 / 8.474         2.048 / 8.474       ms
[10.776s][info   ][gc,stats    ]    Subphase: Concurrent References Enqueue                 0.002 / 0.014         0.002 / 0.014         0.002 / 0.014         0.002 / 0.014       ms
[10.776s][info   ][gc,stats    ]    Subphase: Concurrent References Process                 0.515 / 5.464         0.515 / 5.464         0.515 / 5.464         0.515 / 5.464       ms
[10.776s][info   ][gc,stats    ]    Subphase: Concurrent Roots ClassLoaderDataGraph         0.262 / 0.436         0.262 / 0.436         0.262 / 0.436         0.262 / 0.436       ms
[10.776s][info   ][gc,stats    ]    Subphase: Concurrent Roots CodeCache                    0.000 / 0.000         0.000 / 0.000         0.000 / 0.000         0.000 / 0.000       ms
[10.776s][info   ][gc,stats    ]    Subphase: Concurrent Roots JavaThreads                  1.671 / 10.072        1.671 / 10.072        1.671 / 10.072        1.671 / 10.072      ms
[10.776s][info   ][gc,stats    ]    Subphase: Concurrent Roots OopStorageSet                0.042 / 0.158         0.042 / 0.158         0.042 / 0.158         0.042 / 0.158       ms
[10.776s][info   ][gc,stats    ]    Subphase: Concurrent Weak Roots OopStorageSet           0.386 / 0.717         0.386 / 0.717         0.386 / 0.717         0.386 / 0.717       ms
[10.776s][info   ][gc,stats    ]    Subphase: Pause Mark Try Complete                       0.000 / 0.000         0.000 / 0.000         0.000 / 0.000         0.000 / 0.000       ms
[10.776s][info   ][gc,stats    ]      System: Java Threads                                     19 / 19               19 / 19               19 / 19               19 / 19          threads
[10.776s][info   ][gc,stats    ] =========================================================================================================================================================
[10.872s][info   ][gc,phases   ] GC(58) Concurrent Relocate 131.064ms
[10.872s][info   ][gc,load     ] GC(58) Load: 3.79/3.01/1.99
[10.872s][info   ][gc,mmu      ] GC(58) MMU: 2ms/94.6%, 5ms/97.9%, 10ms/98.9%, 20ms/99.5%, 50ms/99.7%, 100ms/99.8%
[10.872s][info   ][gc,marking  ] GC(58) Mark: 1 stripe(s), 2 proactive flush(es), 1 terminate flush(es), 0 completion(s), 0 continuation(s) 
[10.872s][info   ][gc,marking  ] GC(58) Mark Stack Usage: 32M
[10.872s][info   ][gc,nmethod  ] GC(58) NMethods: 104 registered, 0 unregistered
[10.872s][info   ][gc,metaspace] GC(58) Metaspace: 0M used, 0M committed, 1088M reserved
[10.872s][info   ][gc,ref      ] GC(58) Soft: 7 encountered, 5 discovered, 0 enqueued
[10.872s][info   ][gc,ref      ] GC(58) Weak: 37 encountered, 28 discovered, 0 enqueued
[10.872s][info   ][gc,ref      ] GC(58) Final: 0 encountered, 0 discovered, 0 enqueued
[10.872s][info   ][gc,ref      ] GC(58) Phantom: 5 encountered, 2 discovered, 0 enqueued
[10.872s][info   ][gc,reloc    ] GC(58) Small Pages: 5 / 10M, Empty: 0M, Relocated: 0M, In-Place: 0
[10.872s][info   ][gc,reloc    ] GC(58) Medium Pages: 43 / 1376M, Empty: 896M, Relocated: 83M, In-Place: 0
[10.872s][info   ][gc,reloc    ] GC(58) Large Pages: 0 / 0M, Empty: 0M, Relocated: 0M, In-Place: 0
[10.872s][info   ][gc,reloc    ] GC(58) Forwarding Usage: 0M
[10.872s][info   ][gc,heap     ] GC(58) Min Capacity: 2048M(100%)
[10.872s][info   ][gc,heap     ] GC(58) Max Capacity: 2048M(100%)
[10.872s][info   ][gc,heap     ] GC(58) Soft Max Capacity: 2048M(100%)
[10.872s][info   ][gc,heap     ] GC(58)                Mark Start          Mark End        Relocate Start      Relocate End           High               Low         
[10.872s][info   ][gc,heap     ] GC(58)  Capacity:     2048M (100%)       2048M (100%)       2048M (100%)       2048M (100%)       2048M (100%)       2048M (100%)   
[10.872s][info   ][gc,heap     ] GC(58)      Free:      662M (32%)         342M (17%)        1078M (53%)         470M (23%)        1170M (57%)         182M (9%)     
[10.872s][info   ][gc,heap     ] GC(58)      Used:     1386M (68%)        1706M (83%)         970M (47%)        1578M (77%)        1866M (91%)         878M (43%)    
[10.872s][info   ][gc,heap     ] GC(58)      Live:         -               110M (5%)          110M (5%)          110M (5%)             -                  -          
[10.872s][info   ][gc,heap     ] GC(58) Allocated:         -               320M (16%)         480M (23%)        1447M (71%)            -                  -          
[10.872s][info   ][gc,heap     ] GC(58)   Garbage:         -              1275M (62%)         379M (19%)          19M (1%)             -                  -          
[10.872s][info   ][gc,heap     ] GC(58) Reclaimed:         -                  -               896M (44%)        1255M (61%)            -                  -          
[10.872s][info   ][gc          ] GC(58) Garbage Collection (Allocation Stall) 1386M(68%)->1578M(77%)
[10.878s][info   ][gc,start    ] GC(59) Garbage Collection (Allocation Rate)
[10.878s][info   ][gc,task     ] GC(59) Using 1 workers
[10.880s][info   ][gc,phases   ] GC(59) Pause Mark Start 0.022ms
[10.912s][info   ][gc,phases   ] GC(59) Concurrent Mark 31.224ms
[10.912s][info   ][gc,phases   ] GC(59) Pause Mark End 0.026ms
[10.912s][info   ][gc,phases   ] GC(59) Concurrent Mark Free 0.002ms
[10.919s][info   ][gc,phases   ] GC(59) Concurrent Process Non-Strong References 6.592ms
[10.919s][info   ][gc,phases   ] GC(59) Concurrent Reset Relocation Set 0.010ms
[10.925s][info   ][gc,phases   ] GC(59) Concurrent Select Relocation Set 5.946ms
[10.925s][info   ][gc,phases   ] GC(59) Pause Relocate Start 0.024ms
[11.035s][info   ][gc,phases   ] GC(59) Concurrent Relocate 109.538ms
[11.035s][info   ][gc,load     ] GC(59) Load: 3.79/3.01/1.99
[11.035s][info   ][gc,mmu      ] GC(59) MMU: 2ms/94.6%, 5ms/97.9%, 10ms/98.9%, 20ms/99.5%, 50ms/99.7%, 100ms/99.8%
[11.035s][info   ][gc,marking  ] GC(59) Mark: 1 stripe(s), 2 proactive flush(es), 1 terminate flush(es), 0 completion(s), 0 continuation(s) 
[11.035s][info   ][gc,marking  ] GC(59) Mark Stack Usage: 32M
[11.035s][info   ][gc,nmethod  ] GC(59) NMethods: 104 registered, 0 unregistered
[11.035s][info   ][gc,metaspace] GC(59) Metaspace: 0M used, 0M committed, 1088M reserved
[11.035s][info   ][gc,ref      ] GC(59) Soft: 7 encountered, 0 discovered, 0 enqueued
[11.035s][info   ][gc,ref      ] GC(59) Weak: 37 encountered, 28 discovered, 0 enqueued
[11.035s][info   ][gc,ref      ] GC(59) Final: 0 encountered, 0 discovered, 0 enqueued
[11.035s][info   ][gc,ref      ] GC(59) Phantom: 5 encountered, 2 discovered, 0 enqueued
[11.035s][info   ][gc,reloc    ] GC(59) Small Pages: 5 / 10M, Empty: 0M, Relocated: 0M, In-Place: 0
[11.035s][info   ][gc,reloc    ] GC(59) Medium Pages: 51 / 1632M, Empty: 1152M, Relocated: 72M, In-Place: 0
[11.035s][info   ][gc,reloc    ] GC(59) Large Pages: 0 / 0M, Empty: 0M, Relocated: 0M, In-Place: 0
[11.035s][info   ][gc,reloc    ] GC(59) Forwarding Usage: 0M
[11.035s][info   ][gc,heap     ] GC(59) Min Capacity: 2048M(100%)
[11.035s][info   ][gc,heap     ] GC(59) Max Capacity: 2048M(100%)
[11.035s][info   ][gc,heap     ] GC(59) Soft Max Capacity: 2048M(100%)
[11.035s][info   ][gc,heap     ] GC(59)                Mark Start          Mark End        Relocate Start      Relocate End           High               Low         
[11.035s][info   ][gc,heap     ] GC(59)  Capacity:     2048M (100%)       2048M (100%)       2048M (100%)       2048M (100%)       2048M (100%)       2048M (100%)   
[11.035s][info   ][gc,heap     ] GC(59)      Free:      406M (20%)         150M (7%)         1174M (57%)         662M (32%)        1238M (60%)          86M (4%)     
[11.036s][info   ][gc,heap     ] GC(59)      Used:     1642M (80%)        1898M (93%)         874M (43%)        1386M (68%)        1962M (96%)         810M (40%)    
[11.036s][info   ][gc,heap     ] GC(59)      Live:         -               146M (7%)          146M (7%)          146M (7%)             -                  -          
[11.036s][info   ][gc,heap     ] GC(59) Allocated:         -               256M (12%)         384M (19%)        1191M (58%)            -                  -          
[11.036s][info   ][gc,heap     ] GC(59)   Garbage:         -              1495M (73%)         343M (17%)          47M (2%)             -                  -          
[11.036s][info   ][gc,heap     ] GC(59) Reclaimed:         -                  -              1152M (56%)        1447M (71%)            -                  -          
[11.036s][info   ][gc          ] GC(59) Garbage Collection (Allocation Rate) 1642M(80%)->1386M(68%)
[11.076s][info   ][gc,start    ] GC(60) Garbage Collection (Allocation Rate)
[11.076s][info   ][gc,task     ] GC(60) Using 1 workers
[11.079s][info   ][gc,phases   ] GC(60) Pause Mark Start 0.015ms
[11.097s][info   ][gc,phases   ] GC(60) Concurrent Mark 12.042ms
[11.097s][info   ][gc,phases   ] GC(60) Pause Mark End 0.032ms
[11.097s][info   ][gc,phases   ] GC(60) Concurrent Mark Free 0.002ms
[11.100s][info   ][gc,phases   ] GC(60) Concurrent Process Non-Strong References 3.467ms
[11.101s][info   ][gc,phases   ] GC(60) Concurrent Reset Relocation Set 0.008ms
[11.104s][info   ][gc,phases   ] GC(60) Concurrent Select Relocation Set 2.981ms
[11.105s][info   ][gc,phases   ] GC(60) Pause Relocate Start 0.031ms
[11.174s][info   ][gc,phases   ] GC(60) Concurrent Relocate 63.522ms
[11.174s][info   ][gc,load     ] GC(60) Load: 3.79/3.01/1.99
[11.174s][info   ][gc,mmu      ] GC(60) MMU: 2ms/94.6%, 5ms/97.9%, 10ms/98.9%, 20ms/99.5%, 50ms/99.7%, 100ms/99.8%
[11.174s][info   ][gc,marking  ] GC(60) Mark: 1 stripe(s), 2 proactive flush(es), 1 terminate flush(es), 0 completion(s), 0 continuation(s) 
[11.174s][info   ][gc,marking  ] GC(60) Mark Stack Usage: 32M
[11.174s][info   ][gc,nmethod  ] GC(60) NMethods: 104 registered, 0 unregistered
[11.174s][info   ][gc,metaspace] GC(60) Metaspace: 0M used, 0M committed, 1088M reserved
[11.174s][info   ][gc,ref      ] GC(60) Soft: 7 encountered, 0 discovered, 0 enqueued
[11.174s][info   ][gc,ref      ] GC(60) Weak: 37 encountered, 28 discovered, 0 enqueued
[11.174s][info   ][gc,ref      ] GC(60) Final: 0 encountered, 0 discovered, 0 enqueued
[11.174s][info   ][gc,ref      ] GC(60) Phantom: 5 encountered, 2 discovered, 0 enqueued
[11.174s][info   ][gc,reloc    ] GC(60) Small Pages: 5 / 10M, Empty: 0M, Relocated: 0M, In-Place: 0
[11.174s][info   ][gc,reloc    ] GC(60) Medium Pages: 54 / 1728M, Empty: 1536M, Relocated: 25M, In-Place: 0
[11.174s][info   ][gc,reloc    ] GC(60) Large Pages: 0 / 0M, Empty: 0M, Relocated: 0M, In-Place: 0
[11.174s][info   ][gc,reloc    ] GC(60) Forwarding Usage: 0M
[11.174s][info   ][gc,heap     ] GC(60) Min Capacity: 2048M(100%)
[11.174s][info   ][gc,heap     ] GC(60) Max Capacity: 2048M(100%)
[11.174s][info   ][gc,heap     ] GC(60) Soft Max Capacity: 2048M(100%)
[11.174s][info   ][gc,heap     ] GC(60)                Mark Start          Mark End        Relocate Start      Relocate End           High               Low         
[11.174s][info   ][gc,heap     ] GC(60)  Capacity:     2048M (100%)       2048M (100%)       2048M (100%)       2048M (100%)       2048M (100%)       2048M (100%)   
[11.174s][info   ][gc,heap     ] GC(60)      Free:      310M (15%)         150M (7%)         1622M (79%)        1174M (57%)        1654M (81%)         118M (6%)     
[11.174s][info   ][gc,heap     ] GC(60)      Used:     1738M (85%)        1898M (93%)         426M (21%)         874M (43%)        1930M (94%)         394M (19%)    
[11.174s][info   ][gc,heap     ] GC(60)      Live:         -                66M (3%)           66M (3%)           66M (3%)             -                  -          
[11.174s][info   ][gc,heap     ] GC(60) Allocated:         -               160M (8%)          224M (11%)         775M (38%)            -                  -          
[11.174s][info   ][gc,heap     ] GC(60)   Garbage:         -              1671M (82%)         135M (7%)           31M (2%)             -                  -          
[11.174s][info   ][gc,heap     ] GC(60) Reclaimed:         -                  -              1536M (75%)        1639M (80%)            -                  -          
[11.174s][info   ][gc          ] GC(60) Garbage Collection (Allocation Rate) 1738M(85%)->874M(43%)
[11.176s][info   ][gc,start    ] GC(61) Garbage Collection (Allocation Rate)
[11.176s][info   ][gc,task     ] GC(61) Using 1 workers
[11.176s][info   ][gc,phases   ] GC(61) Pause Mark Start 0.011ms
[11.206s][info   ][gc,phases   ] GC(61) Concurrent Mark 24.696ms
[11.208s][info   ][gc,phases   ] GC(61) Pause Mark End 0.018ms
[11.208s][info   ][gc,phases   ] GC(61) Concurrent Mark Free 0.002ms
[11.210s][info   ][gc,phases   ] GC(61) Concurrent Process Non-Strong References 2.597ms
[11.210s][info   ][gc,phases   ] GC(61) Concurrent Reset Relocation Set 0.004ms
[11.212s][info   ][gc,phases   ] GC(61) Concurrent Select Relocation Set 1.204ms
[11.212s][info   ][gc,phases   ] GC(61) Pause Relocate Start 0.011ms
[11.264s][info   ][gc,phases   ] GC(61) Concurrent Relocate 49.003ms
[11.264s][info   ][gc,load     ] GC(61) Load: 3.79/3.01/1.99
[11.264s][info   ][gc,mmu      ] GC(61) MMU: 2ms/94.6%, 5ms/97.9%, 10ms/98.9%, 20ms/99.5%, 50ms/99.7%, 100ms/99.8%
[11.264s][info   ][gc,marking  ] GC(61) Mark: 1 stripe(s), 2 proactive flush(es), 1 terminate flush(es), 0 completion(s), 0 continuation(s) 
[11.264s][info   ][gc,marking  ] GC(61) Mark Stack Usage: 32M
[11.264s][info   ][gc,nmethod  ] GC(61) NMethods: 104 registered, 0 unregistered
[11.264s][info   ][gc,metaspace] GC(61) Metaspace: 0M used, 0M committed, 1088M reserved
[11.264s][info   ][gc,ref      ] GC(61) Soft: 7 encountered, 0 discovered, 0 enqueued
[11.264s][info   ][gc,ref      ] GC(61) Weak: 37 encountered, 28 discovered, 0 enqueued
[11.264s][info   ][gc,ref      ] GC(61) Final: 0 encountered, 0 discovered, 0 enqueued
[11.264s][info   ][gc,ref      ] GC(61) Phantom: 5 encountered, 2 discovered, 0 enqueued
[11.264s][info   ][gc,reloc    ] GC(61) Small Pages: 5 / 10M, Empty: 0M, Relocated: 0M, In-Place: 0
[11.264s][info   ][gc,reloc    ] GC(61) Medium Pages: 27 / 864M, Empty: 672M, Relocated: 20M, In-Place: 0
[11.264s][info   ][gc,reloc    ] GC(61) Large Pages: 0 / 0M, Empty: 0M, Relocated: 0M, In-Place: 0
[11.264s][info   ][gc,reloc    ] GC(61) Forwarding Usage: 0M
[11.264s][info   ][gc,heap     ] GC(61) Min Capacity: 2048M(100%)
[11.264s][info   ][gc,heap     ] GC(61) Max Capacity: 2048M(100%)
[11.264s][info   ][gc,heap     ] GC(61) Soft Max Capacity: 2048M(100%)
[11.264s][info   ][gc,heap     ] GC(61)                Mark Start          Mark End        Relocate Start      Relocate End           High               Low         
[11.264s][info   ][gc,heap     ] GC(61)  Capacity:     2048M (100%)       2048M (100%)       2048M (100%)       2048M (100%)       2048M (100%)       2048M (100%)   
[11.264s][info   ][gc,heap     ] GC(61)      Free:     1174M (57%)         918M (45%)        1526M (75%)        1238M (60%)        1558M (76%)         886M (43%)    
[11.264s][info   ][gc,heap     ] GC(61)      Used:      874M (43%)        1130M (55%)         522M (25%)         810M (40%)        1162M (57%)         490M (24%)    
[11.264s][info   ][gc,heap     ] GC(61)      Live:         -                62M (3%)           62M (3%)           62M (3%)             -                  -          
[11.264s][info   ][gc,heap     ] GC(61) Allocated:         -               256M (12%)         320M (16%)         711M (35%)            -                  -          
[11.264s][info   ][gc,heap     ] GC(61)   Garbage:         -               811M (40%)         139M (7%)           35M (2%)             -                  -          
[11.264s][info   ][gc,heap     ] GC(61) Reclaimed:         -                  -               672M (33%)         775M (38%)            -                  -          
[11.264s][info   ][gc          ] GC(61) Garbage Collection (Allocation Rate) 874M(43%)->810M(40%)
[11.279s][info   ][gc,start    ] GC(62) Garbage Collection (Allocation Rate)
[11.279s][info   ][gc,task     ] GC(62) Using 1 workers
[11.279s][info   ][gc,phases   ] GC(62) Pause Mark Start 0.028ms
[11.318s][info   ][gc,phases   ] GC(62) Concurrent Mark 34.574ms
[11.318s][info   ][gc,phases   ] GC(62) Pause Mark End 0.035ms
[11.321s][info   ][gc,phases   ] GC(62) Concurrent Mark Free 0.003ms
[11.329s][info   ][gc,phases   ] GC(62) Concurrent Process Non-Strong References 8.738ms
[11.330s][info   ][gc,phases   ] GC(62) Concurrent Reset Relocation Set 0.008ms
[11.332s][info   ][gc,phases   ] GC(62) Concurrent Select Relocation Set 2.369ms
[11.332s][info   ][gc,phases   ] GC(62) Pause Relocate Start 0.014ms
[11.385s][info   ][gc,phases   ] GC(62) Concurrent Relocate 46.101ms
[11.385s][info   ][gc,load     ] GC(62) Load: 3.79/3.01/1.99
[11.385s][info   ][gc,mmu      ] GC(62) MMU: 2ms/94.6%, 5ms/97.9%, 10ms/98.9%, 20ms/99.5%, 50ms/99.7%, 100ms/99.8%
[11.385s][info   ][gc,marking  ] GC(62) Mark: 1 stripe(s), 2 proactive flush(es), 1 terminate flush(es), 0 completion(s), 0 continuation(s) 
[11.385s][info   ][gc,marking  ] GC(62) Mark Stack Usage: 32M
[11.385s][info   ][gc,nmethod  ] GC(62) NMethods: 104 registered, 0 unregistered
[11.385s][info   ][gc,metaspace] GC(62) Metaspace: 0M used, 0M committed, 1088M reserved
[11.385s][info   ][gc,ref      ] GC(62) Soft: 7 encountered, 0 discovered, 0 enqueued
[11.385s][info   ][gc,ref      ] GC(62) Weak: 37 encountered, 28 discovered, 0 enqueued
[11.385s][info   ][gc,ref      ] GC(62) Final: 0 encountered, 0 discovered, 0 enqueued
[11.386s][info   ][gc,ref      ] GC(62) Phantom: 5 encountered, 2 discovered, 0 enqueued
[11.386s][info   ][gc,reloc    ] GC(62) Small Pages: 5 / 10M, Empty: 0M, Relocated: 0M, In-Place: 0
[11.386s][info   ][gc,reloc    ] GC(62) Medium Pages: 29 / 928M, Empty: 800M, Relocated: 19M, In-Place: 0
[11.386s][info   ][gc,reloc    ] GC(62) Large Pages: 0 / 0M, Empty: 0M, Relocated: 0M, In-Place: 0
[11.386s][info   ][gc,reloc    ] GC(62) Forwarding Usage: 0M
[11.386s][info   ][gc,heap     ] GC(62) Min Capacity: 2048M(100%)
[11.386s][info   ][gc,heap     ] GC(62) Max Capacity: 2048M(100%)
[11.386s][info   ][gc,heap     ] GC(62) Soft Max Capacity: 2048M(100%)
[11.386s][info   ][gc,heap     ] GC(62)                Mark Start          Mark End        Relocate Start      Relocate End           High               Low         
[11.386s][info   ][gc,heap     ] GC(62)  Capacity:     2048M (100%)       2048M (100%)       2048M (100%)       2048M (100%)       2048M (100%)       2048M (100%)   
[11.386s][info   ][gc,heap     ] GC(62)      Free:     1110M (54%)         790M (39%)        1462M (71%)        1110M (54%)        1462M (71%)         662M (32%)    
[11.386s][info   ][gc,heap     ] GC(62)      Used:      938M (46%)        1258M (61%)         586M (29%)         938M (46%)        1386M (68%)         586M (29%)    
[11.386s][info   ][gc,heap     ] GC(62)      Live:         -                41M (2%)           41M (2%)           41M (2%)             -                  -          
[11.386s][info   ][gc,heap     ] GC(62) Allocated:         -               320M (16%)         448M (22%)         871M (43%)            -                  -          
[11.386s][info   ][gc,heap     ] GC(62)   Garbage:         -               896M (44%)          96M (5%)           24M (1%)             -                  -          
[11.386s][info   ][gc,heap     ] GC(62) Reclaimed:         -                  -               800M (39%)         871M (43%)            -                  -          
[11.386s][info   ][gc          ] GC(62) Garbage Collection (Allocation Rate) 938M(46%)->938M(46%)
[11.476s][info   ][gc,start    ] GC(63) Garbage Collection (Allocation Rate)
[11.476s][info   ][gc,task     ] GC(63) Using 1 workers
[11.479s][info   ][gc,phases   ] GC(63) Pause Mark Start 0.023ms
[11.505s][info   ][gc,phases   ] GC(63) Concurrent Mark 20.591ms
[11.507s][info   ][gc,phases   ] GC(63) Pause Mark End 0.020ms
[11.512s][info   ][gc,phases   ] GC(63) Concurrent Mark Free 0.007ms
[11.519s][info   ][gc,phases   ] GC(63) Concurrent Process Non-Strong References 6.990ms
[11.519s][info   ][gc,phases   ] GC(63) Concurrent Reset Relocation Set 0.003ms
[11.520s][info   ][gc          ] Allocation Stall (Thread-3) 0.989ms
[11.520s][info   ][gc          ] Allocation Stall (Thread-5) 0.789ms
[11.520s][info   ][gc          ] Allocation Stall (Thread-2) 1.137ms
[11.521s][info   ][gc          ] Allocation Stall (Thread-6) 2.399ms
[11.522s][info   ][gc,phases   ] GC(63) Concurrent Select Relocation Set 2.924ms
[11.520s][info   ][gc          ] Allocation Stall (Thread-7) 0.874ms
[11.522s][info   ][gc,phases   ] GC(63) Pause Relocate Start 0.013ms
[11.522s][info   ][gc          ] Allocation Stall (Thread-1) 3.265ms
[11.653s][info   ][gc,phases   ] GC(63) Concurrent Relocate 125.867ms
[11.654s][info   ][gc,load     ] GC(63) Load: 4.29/3.13/2.03
[11.654s][info   ][gc,mmu      ] GC(63) MMU: 2ms/94.6%, 5ms/97.9%, 10ms/98.9%, 20ms/99.5%, 50ms/99.7%, 100ms/99.8%
[11.654s][info   ][gc,marking  ] GC(63) Mark: 1 stripe(s), 2 proactive flush(es), 1 terminate flush(es), 0 completion(s), 0 continuation(s) 
[11.654s][info   ][gc,marking  ] GC(63) Mark Stack Usage: 32M
[11.654s][info   ][gc,nmethod  ] GC(63) NMethods: 104 registered, 0 unregistered
[11.654s][info   ][gc,metaspace] GC(63) Metaspace: 0M used, 0M committed, 1088M reserved
[11.654s][info   ][gc,ref      ] GC(63) Soft: 7 encountered, 0 discovered, 0 enqueued
[11.654s][info   ][gc,ref      ] GC(63) Weak: 37 encountered, 28 discovered, 0 enqueued
[11.654s][info   ][gc,ref      ] GC(63) Final: 0 encountered, 0 discovered, 0 enqueued
[11.654s][info   ][gc,ref      ] GC(63) Phantom: 5 encountered, 2 discovered, 0 enqueued
[11.654s][info   ][gc,reloc    ] GC(63) Small Pages: 5 / 10M, Empty: 0M, Relocated: 0M, In-Place: 0
[11.654s][info   ][gc,reloc    ] GC(63) Medium Pages: 53 / 1696M, Empty: 1408M, Relocated: 52M, In-Place: 0
[11.654s][info   ][gc,reloc    ] GC(63) Large Pages: 0 / 0M, Empty: 0M, Relocated: 0M, In-Place: 0
[11.654s][info   ][gc,reloc    ] GC(63) Forwarding Usage: 0M
[11.654s][info   ][gc,heap     ] GC(63) Min Capacity: 2048M(100%)
[11.654s][info   ][gc,heap     ] GC(63) Max Capacity: 2048M(100%)
[11.654s][info   ][gc,heap     ] GC(63) Soft Max Capacity: 2048M(100%)
[11.654s][info   ][gc,heap     ] GC(63)                Mark Start          Mark End        Relocate Start      Relocate End           High               Low         
[11.654s][info   ][gc,heap     ] GC(63)  Capacity:     2048M (100%)       2048M (100%)       2048M (100%)       2048M (100%)       2048M (100%)       2048M (100%)   
[11.655s][info   ][gc,heap     ] GC(63)      Free:      342M (17%)         118M (6%)         1366M (67%)         566M (28%)        1430M (70%)          22M (1%)     
[11.655s][info   ][gc,heap     ] GC(63)      Used:     1706M (83%)        1930M (94%)         682M (33%)        1482M (72%)        2026M (99%)         618M (30%)    
[11.655s][info   ][gc,heap     ] GC(63)      Live:         -                75M (4%)           75M (4%)           75M (4%)             -                  -          
[11.655s][info   ][gc,heap     ] GC(63) Allocated:         -               224M (11%)         384M (19%)        1383M (68%)            -                  -          
[11.655s][info   ][gc,heap     ] GC(63)   Garbage:         -              1630M (80%)         222M (11%)          22M (1%)             -                  -          
[11.655s][info   ][gc,heap     ] GC(63) Reclaimed:         -                  -              1408M (69%)        1607M (79%)            -                  -          
[11.655s][info   ][gc          ] GC(63) Garbage Collection (Allocation Rate) 1706M(83%)->1482M(72%)
[11.677s][info   ][gc,start    ] GC(64) Garbage Collection (Allocation Stall)
[11.677s][info   ][gc,ref      ] GC(64) Clearing All SoftReferences
[11.677s][info   ][gc,task     ] GC(64) Using 1 workers
[11.677s][info   ][gc,phases   ] GC(64) Pause Mark Start 0.026ms
[11.714s][info   ][gc,phases   ] GC(64) Concurrent Mark 31.981ms
[11.714s][info   ][gc,phases   ] GC(64) Pause Mark End 0.029ms
[11.720s][info   ][gc,phases   ] GC(64) Concurrent Mark Free 0.006ms
[11.721s][info   ][gc,phases   ] GC(64) Concurrent Process Non-Strong References 1.256ms
[11.721s][info   ][gc,phases   ] GC(64) Concurrent Reset Relocation Set 0.002ms
[11.722s][info   ][gc          ] Allocation Stall (Thread-7) 1.662ms
[11.722s][info   ][gc          ] Allocation Stall (Thread-1) 1.692ms
[11.722s][info   ][gc          ] Allocation Stall (Thread-4) 1.603ms
[11.722s][info   ][gc          ] Allocation Stall (Thread-2) 1.374ms
[11.722s][info   ][gc          ] Allocation Stall (Thread-0) 1.898ms
[11.722s][info   ][gc,phases   ] GC(64) Concurrent Select Relocation Set 1.090ms
[11.722s][info   ][gc          ] Allocation Stall (Thread-3) 1.976ms
[11.725s][info   ][gc,phases   ] GC(64) Pause Relocate Start 0.015ms
[11.726s][info   ][gc          ] Allocation Stall (Thread-6) 5.219ms
[11.921s][info   ][gc          ] Allocation Stall (Thread-3) 1.382ms
[11.923s][info   ][gc,phases   ] GC(64) Concurrent Relocate 194.850ms
[11.923s][info   ][gc,load     ] GC(64) Load: 4.29/3.13/2.03
[11.923s][info   ][gc,mmu      ] GC(64) MMU: 2ms/94.6%, 5ms/97.9%, 10ms/98.9%, 20ms/99.5%, 50ms/99.7%, 100ms/99.8%
[11.923s][info   ][gc,marking  ] GC(64) Mark: 1 stripe(s), 2 proactive flush(es), 1 terminate flush(es), 0 completion(s), 0 continuation(s) 
[11.923s][info   ][gc,marking  ] GC(64) Mark Stack Usage: 32M
[11.923s][info   ][gc,nmethod  ] GC(64) NMethods: 104 registered, 0 unregistered
[11.923s][info   ][gc,metaspace] GC(64) Metaspace: 0M used, 0M committed, 1088M reserved
[11.923s][info   ][gc,ref      ] GC(64) Soft: 7 encountered, 5 discovered, 0 enqueued
[11.923s][info   ][gc,ref      ] GC(64) Weak: 37 encountered, 28 discovered, 0 enqueued
[11.923s][info   ][gc,ref      ] GC(64) Final: 0 encountered, 0 discovered, 0 enqueued
[11.923s][info   ][gc,ref      ] GC(64) Phantom: 5 encountered, 2 discovered, 0 enqueued
[11.923s][info   ][gc,reloc    ] GC(64) Small Pages: 5 / 10M, Empty: 0M, Relocated: 0M, In-Place: 0
[11.923s][info   ][gc,reloc    ] GC(64) Medium Pages: 52 / 1664M, Empty: 1248M, Relocated: 110M, In-Place: 0
[11.923s][info   ][gc,reloc    ] GC(64) Large Pages: 0 / 0M, Empty: 0M, Relocated: 0M, In-Place: 0
[11.923s][info   ][gc,reloc    ] GC(64) Forwarding Usage: 0M
[11.923s][info   ][gc,heap     ] GC(64) Min Capacity: 2048M(100%)
[11.923s][info   ][gc,heap     ] GC(64) Max Capacity: 2048M(100%)
[11.923s][info   ][gc,heap     ] GC(64) Soft Max Capacity: 2048M(100%)
[11.923s][info   ][gc,heap     ] GC(64)                Mark Start          Mark End        Relocate Start      Relocate End           High               Low         
[11.923s][info   ][gc,heap     ] GC(64)  Capacity:     2048M (100%)       2048M (100%)       2048M (100%)       2048M (100%)       2048M (100%)       2048M (100%)   
[11.923s][info   ][gc,heap     ] GC(64)      Free:      374M (18%)          54M (3%)         1206M (59%)          22M (1%)         1270M (62%)          12M (1%)     
[11.923s][info   ][gc,heap     ] GC(64)      Used:     1674M (82%)        1994M (97%)         842M (41%)        2026M (99%)        2036M (99%)         778M (38%)    
[11.923s][info   ][gc,heap     ] GC(64)      Live:         -               138M (7%)          138M (7%)          138M (7%)             -                  -          
[11.923s][info   ][gc,heap     ] GC(64) Allocated:         -               320M (16%)         416M (20%)        1859M (91%)            -                  -          
[11.923s][info   ][gc,heap     ] GC(64)   Garbage:         -              1535M (75%)         287M (14%)          27M (1%)             -                  -          
[11.923s][info   ][gc,heap     ] GC(64) Reclaimed:         -                  -              1248M (61%)        1507M (74%)            -                  -          
[11.923s][info   ][gc          ] GC(64) Garbage Collection (Allocation Stall) 1674M(82%)->2026M(99%)
[11.925s][info   ][gc,start    ] GC(65) Garbage Collection (Allocation Stall)
[11.925s][info   ][gc,ref      ] GC(65) Clearing All SoftReferences
[11.925s][info   ][gc,task     ] GC(65) Using 1 workers
[11.925s][info   ][gc,phases   ] GC(65) Pause Mark Start 0.014ms
[11.928s][info   ][gc,phases   ] GC(65) Concurrent Mark 2.472ms
[11.928s][info   ][gc,phases   ] GC(65) Pause Mark End 0.010ms
[11.928s][info   ][gc,phases   ] GC(65) Concurrent Mark Free 0.001ms
[11.928s][info   ][gc,phases   ] GC(65) Concurrent Process Non-Strong References 0.338ms
[11.928s][info   ][gc,phases   ] GC(65) Concurrent Reset Relocation Set 0.002ms
[11.930s][info   ][gc          ] Allocation Stall (Thread-2) 9.246ms
[11.930s][info   ][gc          ] Allocation Stall (Thread-6) 9.171ms
[11.930s][info   ][gc,phases   ] GC(65) Concurrent Select Relocation Set 1.218ms
[11.930s][info   ][gc          ] Allocation Stall (Thread-1) 4.380ms
[11.930s][info   ][gc          ] Allocation Stall (Thread-4) 4.376ms
[11.930s][info   ][gc          ] Allocation Stall (Thread-3) 4.029ms
[11.933s][info   ][gc          ] Allocation Stall (Thread-7) 11.988ms
[11.935s][info   ][gc          ] Allocation Stall (Thread-0) 14.656ms
[11.935s][info   ][gc,phases   ] GC(65) Pause Relocate Start 0.015ms
[11.966s][info   ][gc,phases   ] GC(65) Concurrent Relocate 30.220ms
[11.966s][info   ][gc,load     ] GC(65) Load: 4.29/3.13/2.03
[11.966s][info   ][gc,mmu      ] GC(65) MMU: 2ms/94.6%, 5ms/97.9%, 10ms/98.9%, 20ms/99.5%, 50ms/99.7%, 100ms/99.8%
[11.966s][info   ][gc,marking  ] GC(65) Mark: 1 stripe(s), 2 proactive flush(es), 1 terminate flush(es), 0 completion(s), 0 continuation(s) 
[11.966s][info   ][gc,marking  ] GC(65) Mark Stack Usage: 32M
[11.966s][info   ][gc,nmethod  ] GC(65) NMethods: 104 registered, 0 unregistered
[11.966s][info   ][gc,metaspace] GC(65) Metaspace: 0M used, 0M committed, 1088M reserved
[11.966s][info   ][gc,ref      ] GC(65) Soft: 7 encountered, 5 discovered, 0 enqueued
[11.966s][info   ][gc,ref      ] GC(65) Weak: 37 encountered, 28 discovered, 0 enqueued
[11.966s][info   ][gc,ref      ] GC(65) Final: 0 encountered, 0 discovered, 0 enqueued
[11.966s][info   ][gc,ref      ] GC(65) Phantom: 5 encountered, 2 discovered, 0 enqueued
[11.966s][info   ][gc,reloc    ] GC(65) Small Pages: 5 / 10M, Empty: 0M, Relocated: 0M, In-Place: 0
[11.966s][info   ][gc,reloc    ] GC(65) Medium Pages: 63 / 2016M, Empty: 1280M, Relocated: 102M, In-Place: 0
[11.967s][info   ][gc,reloc    ] GC(65) Large Pages: 0 / 0M, Empty: 0M, Relocated: 0M, In-Place: 0
[11.967s][info   ][gc,reloc    ] GC(65) Forwarding Usage: 0M
[11.967s][info   ][gc,heap     ] GC(65) Min Capacity: 2048M(100%)
[11.967s][info   ][gc,heap     ] GC(65) Max Capacity: 2048M(100%)
[11.967s][info   ][gc,heap     ] GC(65) Soft Max Capacity: 2048M(100%)
[11.967s][info   ][gc,heap     ] GC(65)                Mark Start          Mark End        Relocate Start      Relocate End           High               Low         
[11.967s][info   ][gc,heap     ] GC(65)  Capacity:     2048M (100%)       2048M (100%)       2048M (100%)       2048M (100%)       2048M (100%)       2048M (100%)   
[11.967s][info   ][gc,heap     ] GC(65)      Free:       22M (1%)           22M (1%)         1238M (60%)        1654M (81%)        1710M (83%)          22M (1%)     
[11.967s][info   ][gc,heap     ] GC(65)      Used:     2026M (99%)        2026M (99%)         810M (40%)         394M (19%)        2026M (99%)         338M (17%)    
[11.967s][info   ][gc,heap     ] GC(65)      Live:         -               175M (9%)          175M (9%)          175M (9%)             -                  -          
[11.967s][info   ][gc,heap     ] GC(65) Allocated:         -                 0M (0%)           64M (3%)          190M (9%)             -                  -          
[11.967s][info   ][gc,heap     ] GC(65)   Garbage:         -              1850M (90%)         570M (28%)          27M (1%)             -                  -          
[11.967s][info   ][gc,heap     ] GC(65) Reclaimed:         -                  -              1280M (62%)        1822M (89%)            -                  -          
[11.967s][info   ][gc          ] GC(65) Garbage Collection (Allocation Stall) 2026M(99%)->394M(19%)
[11.976s][info   ][gc,start    ] GC(66) Garbage Collection (Allocation Stall)
[11.976s][info   ][gc,ref      ] GC(66) Clearing All SoftReferences
[11.976s][info   ][gc,task     ] GC(66) Using 1 workers
[11.977s][info   ][gc,phases   ] GC(66) Pause Mark Start 0.012ms
[11.989s][info   ][gc,phases   ] GC(66) Concurrent Mark 11.957ms
[11.989s][info   ][gc,phases   ] GC(66) Pause Mark End 0.025ms
[11.990s][info   ][gc,phases   ] GC(66) Concurrent Mark Free 0.001ms
[11.999s][info   ][gc,phases   ] GC(66) Concurrent Process Non-Strong References 9.485ms
[11.999s][info   ][gc,phases   ] GC(66) Concurrent Reset Relocation Set 0.011ms
[12.000s][info   ][gc,phases   ] GC(66) Concurrent Select Relocation Set 1.084ms
[12.001s][info   ][gc,phases   ] GC(66) Pause Relocate Start 0.022ms
[12.046s][info   ][gc,phases   ] GC(66) Concurrent Relocate 45.252ms
[12.046s][info   ][gc,load     ] GC(66) Load: 4.29/3.13/2.03
[12.046s][info   ][gc,mmu      ] GC(66) MMU: 2ms/94.6%, 5ms/97.9%, 10ms/98.9%, 20ms/99.5%, 50ms/99.7%, 100ms/99.8%
[12.046s][info   ][gc,marking  ] GC(66) Mark: 1 stripe(s), 2 proactive flush(es), 1 terminate flush(es), 0 completion(s), 0 continuation(s) 
[12.046s][info   ][gc,marking  ] GC(66) Mark Stack Usage: 32M
[12.046s][info   ][gc,nmethod  ] GC(66) NMethods: 104 registered, 0 unregistered
[12.046s][info   ][gc,metaspace] GC(66) Metaspace: 0M used, 0M committed, 1088M reserved
[12.046s][info   ][gc,ref      ] GC(66) Soft: 7 encountered, 5 discovered, 0 enqueued
[12.046s][info   ][gc,ref      ] GC(66) Weak: 37 encountered, 28 discovered, 0 enqueued
[12.046s][info   ][gc,ref      ] GC(66) Final: 0 encountered, 0 discovered, 0 enqueued
[12.046s][info   ][gc,ref      ] GC(66) Phantom: 5 encountered, 2 discovered, 0 enqueued
[12.046s][info   ][gc,reloc    ] GC(66) Small Pages: 5 / 10M, Empty: 0M, Relocated: 0M, In-Place: 0
[12.046s][info   ][gc,reloc    ] GC(66) Medium Pages: 15 / 480M, Empty: 0M, Relocated: 104M, In-Place: 0
[12.046s][info   ][gc,reloc    ] GC(66) Large Pages: 0 / 0M, Empty: 0M, Relocated: 0M, In-Place: 0
[12.046s][info   ][gc,reloc    ] GC(66) Forwarding Usage: 0M
[12.046s][info   ][gc,heap     ] GC(66) Min Capacity: 2048M(100%)
[12.046s][info   ][gc,heap     ] GC(66) Max Capacity: 2048M(100%)
[12.046s][info   ][gc,heap     ] GC(66) Soft Max Capacity: 2048M(100%)
[12.046s][info   ][gc,heap     ] GC(66)                Mark Start          Mark End        Relocate Start      Relocate End           High               Low         
[12.046s][info   ][gc,heap     ] GC(66)  Capacity:     2048M (100%)       2048M (100%)       2048M (100%)       2048M (100%)       2048M (100%)       2048M (100%)   
[12.046s][info   ][gc,heap     ] GC(66)      Free:     1558M (76%)        1430M (70%)        1334M (65%)        1366M (67%)        1558M (76%)        1292M (63%)    
[12.046s][info   ][gc,heap     ] GC(66)      Used:      490M (24%)         618M (30%)         714M (35%)         682M (33%)         756M (37%)         490M (24%)    
[12.046s][info   ][gc,heap     ] GC(66)      Live:         -               173M (8%)          173M (8%)          173M (8%)             -                  -          
[12.046s][info   ][gc,heap     ] GC(66) Allocated:         -               128M (6%)          224M (11%)         457M (22%)            -                  -          
[12.046s][info   ][gc,heap     ] GC(66)   Garbage:         -               316M (15%)         316M (15%)          50M (2%)             -                  -          
[12.046s][info   ][gc,heap     ] GC(66) Reclaimed:         -                  -                 0M (0%)          265M (13%)            -                  -          
[12.046s][info   ][gc          ] GC(66) Garbage Collection (Allocation Stall) 490M(24%)->682M(33%)
[12.080s][info   ][gc,start    ] GC(67) Garbage Collection (Allocation Rate)
[12.080s][info   ][gc,task     ] GC(67) Using 1 workers
[12.081s][info   ][gc,phases   ] GC(67) Pause Mark Start 0.039ms
[12.111s][info   ][gc,phases   ] GC(67) Concurrent Mark 30.315ms
[12.112s][info   ][gc,phases   ] GC(67) Pause Mark End 0.028ms
[12.112s][info   ][gc,phases   ] GC(67) Concurrent Mark Free 0.003ms
[12.123s][info   ][gc,phases   ] GC(67) Concurrent Process Non-Strong References 10.887ms
[12.123s][info   ][gc,phases   ] GC(67) Concurrent Reset Relocation Set 0.016ms
[12.133s][info   ][gc,phases   ] GC(67) Concurrent Select Relocation Set 10.224ms
[12.137s][info   ][gc,phases   ] GC(67) Pause Relocate Start 0.016ms
[12.277s][info   ][gc,phases   ] GC(67) Concurrent Relocate 139.635ms
[12.278s][info   ][gc,load     ] GC(67) Load: 4.29/3.13/2.03
[12.278s][info   ][gc,mmu      ] GC(67) MMU: 2ms/94.6%, 5ms/97.9%, 10ms/98.9%, 20ms/99.5%, 50ms/99.7%, 100ms/99.8%
[12.278s][info   ][gc,marking  ] GC(67) Mark: 1 stripe(s), 2 proactive flush(es), 1 terminate flush(es), 0 completion(s), 0 continuation(s) 
[12.278s][info   ][gc,marking  ] GC(67) Mark Stack Usage: 32M
[12.278s][info   ][gc,nmethod  ] GC(67) NMethods: 104 registered, 0 unregistered
[12.278s][info   ][gc,metaspace] GC(67) Metaspace: 0M used, 0M committed, 1088M reserved
[12.278s][info   ][gc,ref      ] GC(67) Soft: 7 encountered, 0 discovered, 0 enqueued
[12.278s][info   ][gc,ref      ] GC(67) Weak: 37 encountered, 28 discovered, 0 enqueued
[12.278s][info   ][gc,ref      ] GC(67) Final: 0 encountered, 0 discovered, 0 enqueued
[12.278s][info   ][gc,ref      ] GC(67) Phantom: 5 encountered, 2 discovered, 0 enqueued
[12.278s][info   ][gc,reloc    ] GC(67) Small Pages: 5 / 10M, Empty: 0M, Relocated: 0M, In-Place: 0
[12.278s][info   ][gc,reloc    ] GC(67) Medium Pages: 30 / 960M, Empty: 192M, Relocated: 106M, In-Place: 0
[12.278s][info   ][gc,reloc    ] GC(67) Large Pages: 0 / 0M, Empty: 0M, Relocated: 0M, In-Place: 0
[12.278s][info   ][gc,reloc    ] GC(67) Forwarding Usage: 0M
[12.278s][info   ][gc,heap     ] GC(67) Min Capacity: 2048M(100%)
[12.278s][info   ][gc,heap     ] GC(67) Max Capacity: 2048M(100%)
[12.278s][info   ][gc,heap     ] GC(67) Soft Max Capacity: 2048M(100%)
[12.278s][info   ][gc,heap     ] GC(67)                Mark Start          Mark End        Relocate Start      Relocate End           High               Low         
[12.278s][info   ][gc,heap     ] GC(67)  Capacity:     2048M (100%)       2048M (100%)       2048M (100%)       2048M (100%)       2048M (100%)       2048M (100%)   
[12.278s][info   ][gc,heap     ] GC(67)      Free:     1078M (53%)         822M (40%)         822M (40%)         374M (18%)        1102M (54%)         366M (18%)    
[12.278s][info   ][gc,heap     ] GC(67)      Used:      970M (47%)        1226M (60%)        1226M (60%)        1674M (82%)        1682M (82%)         946M (46%)    
[12.278s][info   ][gc,heap     ] GC(67)      Live:         -               153M (7%)          153M (7%)          153M (7%)             -                  -          
[12.278s][info   ][gc,heap     ] GC(67) Allocated:         -               256M (12%)         448M (22%)        1476M (72%)            -                  -          
[12.278s][info   ][gc,heap     ] GC(67)   Garbage:         -               816M (40%)         624M (31%)          43M (2%)             -                  -          
[12.278s][info   ][gc,heap     ] GC(67) Reclaimed:         -                  -               192M (9%)          772M (38%)            -                  -          
[12.278s][info   ][gc          ] GC(67) Garbage Collection (Allocation Rate) 970M(47%)->1674M(82%)
[12.322s][info   ][gc,start    ] GC(68) Garbage Collection (Allocation Stall)
[12.322s][info   ][gc,ref      ] GC(68) Clearing All SoftReferences
[12.322s][info   ][gc,task     ] GC(68) Using 1 workers
[12.323s][info   ][gc,phases   ] GC(68) Pause Mark Start 0.014ms
[12.325s][info   ][gc,phases   ] GC(68) Concurrent Mark 2.157ms
[12.325s][info   ][gc,phases   ] GC(68) Pause Mark End 0.011ms
[12.325s][info   ][gc,phases   ] GC(68) Concurrent Mark Free 0.001ms
[12.326s][info   ][gc,phases   ] GC(68) Concurrent Process Non-Strong References 0.786ms
[12.326s][info   ][gc,phases   ] GC(68) Concurrent Reset Relocation Set 0.003ms
[12.327s][info   ][gc          ] Allocation Stall (Thread-4) 4.022ms
[12.327s][info   ][gc          ] Allocation Stall (Thread-3) 5.212ms
[12.327s][info   ][gc          ] Allocation Stall (Thread-1) 5.022ms
[12.327s][info   ][gc,phases   ] GC(68) Concurrent Select Relocation Set 1.065ms
[12.327s][info   ][gc          ] Allocation Stall (Thread-7) 5.001ms
[12.330s][info   ][gc,phases   ] GC(68) Pause Relocate Start 0.013ms
[12.331s][info   ][gc          ] Allocation Stall (Thread-6) 9.415ms
[12.391s][info   ][gc,phases   ] GC(68) Concurrent Relocate 60.080ms
[12.391s][info   ][gc,load     ] GC(68) Load: 4.29/3.13/2.03
[12.391s][info   ][gc,mmu      ] GC(68) MMU: 2ms/94.6%, 5ms/97.9%, 10ms/98.9%, 20ms/99.5%, 50ms/99.7%, 100ms/99.8%
[12.391s][info   ][gc,marking  ] GC(68) Mark: 1 stripe(s), 2 proactive flush(es), 1 terminate flush(es), 0 completion(s), 0 continuation(s) 
[12.391s][info   ][gc,marking  ] GC(68) Mark Stack Usage: 32M
[12.391s][info   ][gc,nmethod  ] GC(68) NMethods: 104 registered, 0 unregistered
[12.392s][info   ][gc,metaspace] GC(68) Metaspace: 0M used, 0M committed, 1088M reserved
[12.392s][info   ][gc,ref      ] GC(68) Soft: 7 encountered, 5 discovered, 0 enqueued
[12.392s][info   ][gc,ref      ] GC(68) Weak: 37 encountered, 28 discovered, 0 enqueued
[12.392s][info   ][gc,ref      ] GC(68) Final: 0 encountered, 0 discovered, 0 enqueued
[12.392s][info   ][gc,ref      ] GC(68) Phantom: 5 encountered, 2 discovered, 0 enqueued
[12.392s][info   ][gc,reloc    ] GC(68) Small Pages: 5 / 10M, Empty: 0M, Relocated: 0M, In-Place: 0
[12.392s][info   ][gc,reloc    ] GC(68) Medium Pages: 63 / 2016M, Empty: 1696M, Relocated: 41M, In-Place: 0
[12.392s][info   ][gc,reloc    ] GC(68) Large Pages: 0 / 0M, Empty: 0M, Relocated: 0M, In-Place: 0
[12.392s][info   ][gc,reloc    ] GC(68) Forwarding Usage: 0M
[12.392s][info   ][gc,heap     ] GC(68) Min Capacity: 2048M(100%)
[12.392s][info   ][gc,heap     ] GC(68) Max Capacity: 2048M(100%)
[12.392s][info   ][gc,heap     ] GC(68) Soft Max Capacity: 2048M(100%)
[12.392s][info   ][gc,heap     ] GC(68)                Mark Start          Mark End        Relocate Start      Relocate End           High               Low         
[12.392s][info   ][gc,heap     ] GC(68)  Capacity:     2048M (100%)       2048M (100%)       2048M (100%)       2048M (100%)       2048M (100%)       2048M (100%)   
[12.392s][info   ][gc,heap     ] GC(68)      Free:       22M (1%)           22M (1%)         1622M (79%)        1430M (70%)        1774M (87%)          22M (1%)     
[12.392s][info   ][gc,heap     ] GC(68)      Used:     2026M (99%)        2026M (99%)         426M (21%)         618M (30%)        2026M (99%)         274M (13%)    
[12.392s][info   ][gc,heap     ] GC(68)      Live:         -                65M (3%)           65M (3%)           65M (3%)             -                  -          
[12.392s][info   ][gc,heap     ] GC(68) Allocated:         -                 0M (0%)           96M (5%)          512M (25%)            -                  -          
[12.392s][info   ][gc,heap     ] GC(68)   Garbage:         -              1960M (96%)         264M (13%)          39M (2%)             -                  -          
[12.392s][info   ][gc,heap     ] GC(68) Reclaimed:         -                  -              1696M (83%)        1920M (94%)            -                  -          
[12.392s][info   ][gc          ] GC(68) Garbage Collection (Allocation Stall) 2026M(99%)->618M(30%)
[12.476s][info   ][gc,start    ] GC(69) Garbage Collection (Allocation Stall)
[12.476s][info   ][gc,ref      ] GC(69) Clearing All SoftReferences
[12.476s][info   ][gc,task     ] GC(69) Using 1 workers
[12.482s][info   ][gc,phases   ] GC(69) Pause Mark Start 0.014ms
[12.520s][info   ][gc,phases   ] GC(69) Concurrent Mark 31.890ms
[12.520s][info   ][gc,phases   ] GC(69) Pause Mark End 0.037ms
[12.523s][info   ][gc,phases   ] GC(69) Concurrent Mark Free 0.005ms
[12.532s][info   ][gc,phases   ] GC(69) Concurrent Process Non-Strong References 8.616ms
[12.532s][info   ][gc,phases   ] GC(69) Concurrent Reset Relocation Set 0.008ms
[12.533s][info   ][gc,phases   ] GC(69) Concurrent Select Relocation Set 1.172ms
[12.533s][info   ][gc,phases   ] GC(69) Pause Relocate Start 0.020ms
[12.596s][info   ][gc,phases   ] GC(69) Concurrent Relocate 56.117ms
[12.597s][info   ][gc,load     ] GC(69) Load: 4.29/3.13/2.03
[12.597s][info   ][gc,mmu      ] GC(69) MMU: 2ms/94.6%, 5ms/97.9%, 10ms/98.9%, 20ms/99.5%, 50ms/99.7%, 100ms/99.8%
[12.597s][info   ][gc,marking  ] GC(69) Mark: 1 stripe(s), 2 proactive flush(es), 1 terminate flush(es), 0 completion(s), 0 continuation(s) 
[12.597s][info   ][gc,marking  ] GC(69) Mark Stack Usage: 32M
[12.597s][info   ][gc,nmethod  ] GC(69) NMethods: 104 registered, 0 unregistered
[12.597s][info   ][gc,metaspace] GC(69) Metaspace: 0M used, 0M committed, 1088M reserved
[12.597s][info   ][gc,ref      ] GC(69) Soft: 7 encountered, 5 discovered, 0 enqueued
[12.597s][info   ][gc,ref      ] GC(69) Weak: 37 encountered, 28 discovered, 0 enqueued
[12.597s][info   ][gc,ref      ] GC(69) Final: 0 encountered, 0 discovered, 0 enqueued
[12.597s][info   ][gc,ref      ] GC(69) Phantom: 5 encountered, 2 discovered, 0 enqueued
[12.597s][info   ][gc,reloc    ] GC(69) Small Pages: 5 / 10M, Empty: 0M, Relocated: 0M, In-Place: 0
[12.597s][info   ][gc,reloc    ] GC(69) Medium Pages: 42 / 1344M, Empty: 1152M, Relocated: 21M, In-Place: 0
[12.597s][info   ][gc,reloc    ] GC(69) Large Pages: 0 / 0M, Empty: 0M, Relocated: 0M, In-Place: 0
[12.597s][info   ][gc,reloc    ] GC(69) Forwarding Usage: 0M
[12.597s][info   ][gc,heap     ] GC(69) Min Capacity: 2048M(100%)
[12.597s][info   ][gc,heap     ] GC(69) Max Capacity: 2048M(100%)
[12.597s][info   ][gc,heap     ] GC(69) Soft Max Capacity: 2048M(100%)
[12.597s][info   ][gc,heap     ] GC(69)                Mark Start          Mark End        Relocate Start      Relocate End           High               Low         
[12.597s][info   ][gc,heap     ] GC(69)  Capacity:     2048M (100%)       2048M (100%)       2048M (100%)       2048M (100%)       2048M (100%)       2048M (100%)   
[12.597s][info   ][gc,heap     ] GC(69)      Free:      694M (34%)         342M (17%)        1398M (68%)        1014M (50%)        1398M (68%)         246M (12%)    
[12.597s][info   ][gc,heap     ] GC(69)      Used:     1354M (66%)        1706M (83%)         650M (32%)        1034M (50%)        1802M (88%)         650M (32%)    
[12.597s][info   ][gc,heap     ] GC(69)      Live:         -                64M (3%)           64M (3%)           64M (3%)             -                  -          
[12.597s][info   ][gc,heap     ] GC(69) Allocated:         -               352M (17%)         448M (22%)         935M (46%)            -                  -          
[12.597s][info   ][gc,heap     ] GC(69)   Garbage:         -              1289M (63%)         137M (7%)           33M (2%)             -                  -          
[12.597s][info   ][gc,heap     ] GC(69) Reclaimed:         -                  -              1152M (56%)        1255M (61%)            -                  -          
[12.597s][info   ][gc          ] GC(69) Garbage Collection (Allocation Stall) 1354M(66%)->1034M(50%)
[12.676s][info   ][gc,start    ] GC(70) Garbage Collection (Allocation Rate)
[12.677s][info   ][gc,task     ] GC(70) Using 1 workers
[12.677s][info   ][gc,phases   ] GC(70) Pause Mark Start 0.013ms
[12.705s][info   ][gc,phases   ] GC(70) Concurrent Mark 25.264ms
[12.708s][info   ][gc,phases   ] GC(70) Pause Mark End 0.018ms
[12.714s][info   ][gc,phases   ] GC(70) Concurrent Mark Free 0.007ms
[12.721s][info   ][gc,phases   ] GC(70) Concurrent Process Non-Strong References 6.928ms
[12.721s][info   ][gc,phases   ] GC(70) Concurrent Reset Relocation Set 0.002ms
[12.722s][info   ][gc          ] Allocation Stall (Thread-3) 1.490ms
[12.722s][info   ][gc          ] Allocation Stall (Thread-7) 1.336ms
[12.722s][info   ][gc          ] Allocation Stall (Thread-1) 1.229ms
[12.722s][info   ][gc          ] Allocation Stall (Thread-2) 1.217ms
[12.726s][info   ][gc,phases   ] GC(70) Concurrent Select Relocation Set 4.971ms
[12.722s][info   ][gc          ] Allocation Stall (Thread-5) 1.248ms
[12.731s][info   ][gc,phases   ] GC(70) Pause Relocate Start 0.049ms
[12.787s][info   ][gc,phases   ] GC(70) Concurrent Relocate 49.151ms
[12.787s][info   ][gc,load     ] GC(70) Load: 4.29/3.13/2.03
[12.787s][info   ][gc,mmu      ] GC(70) MMU: 2ms/94.6%, 5ms/97.9%, 10ms/98.9%, 20ms/99.5%, 50ms/99.7%, 100ms/99.8%
[12.787s][info   ][gc,marking  ] GC(70) Mark: 1 stripe(s), 2 proactive flush(es), 1 terminate flush(es), 0 completion(s), 0 continuation(s) 
[12.787s][info   ][gc,marking  ] GC(70) Mark Stack Usage: 32M
[12.787s][info   ][gc,nmethod  ] GC(70) NMethods: 104 registered, 0 unregistered
[12.787s][info   ][gc,metaspace] GC(70) Metaspace: 0M used, 0M committed, 1088M reserved
[12.787s][info   ][gc,ref      ] GC(70) Soft: 7 encountered, 0 discovered, 0 enqueued
[12.787s][info   ][gc,ref      ] GC(70) Weak: 37 encountered, 28 discovered, 0 enqueued
[12.787s][info   ][gc,ref      ] GC(70) Final: 0 encountered, 0 discovered, 0 enqueued
[12.787s][info   ][gc,ref      ] GC(70) Phantom: 5 encountered, 2 discovered, 0 enqueued
[12.788s][info   ][gc,reloc    ] GC(70) Small Pages: 5 / 10M, Empty: 0M, Relocated: 0M, In-Place: 0
[12.788s][info   ][gc,reloc    ] GC(70) Medium Pages: 52 / 1664M, Empty: 1408M, Relocated: 23M, In-Place: 0
[12.788s][info   ][gc,reloc    ] GC(70) Large Pages: 0 / 0M, Empty: 0M, Relocated: 0M, In-Place: 0
[12.788s][info   ][gc,reloc    ] GC(70) Forwarding Usage: 0M
[12.788s][info   ][gc,heap     ] GC(70) Min Capacity: 2048M(100%)
[12.788s][info   ][gc,heap     ] GC(70) Max Capacity: 2048M(100%)
[12.788s][info   ][gc,heap     ] GC(70) Soft Max Capacity: 2048M(100%)
[12.788s][info   ][gc,heap     ] GC(70)                Mark Start          Mark End        Relocate Start      Relocate End           High               Low         
[12.788s][info   ][gc,heap     ] GC(70)  Capacity:     2048M (100%)       2048M (100%)       2048M (100%)       2048M (100%)       2048M (100%)       2048M (100%)   
[12.788s][info   ][gc,heap     ] GC(70)      Free:      374M (18%)         118M (6%)         1334M (65%)        1078M (53%)        1430M (70%)          22M (1%)     
[12.788s][info   ][gc,heap     ] GC(70)      Used:     1674M (82%)        1930M (94%)         714M (35%)         970M (47%)        2026M (99%)         618M (30%)    
[12.788s][info   ][gc,heap     ] GC(70)      Live:         -                59M (3%)           59M (3%)           59M (3%)             -                  -          
[12.788s][info   ][gc,heap     ] GC(70) Allocated:         -               256M (12%)         448M (22%)         871M (43%)            -                  -          
[12.788s][info   ][gc,heap     ] GC(70)   Garbage:         -              1614M (79%)         206M (10%)          38M (2%)             -                  -          
[12.788s][info   ][gc,heap     ] GC(70) Reclaimed:         -                  -              1408M (69%)        1575M (77%)            -                  -          
[12.788s][info   ][gc          ] GC(70) Garbage Collection (Allocation Rate) 1674M(82%)->970M(47%)
[12.877s][info   ][gc,start    ] GC(71) Garbage Collection (Allocation Stall)
[12.877s][info   ][gc,ref      ] GC(71) Clearing All SoftReferences
[12.877s][info   ][gc,task     ] GC(71) Using 1 workers
[12.877s][info   ][gc,phases   ] GC(71) Pause Mark Start 0.011ms
[12.884s][info   ][gc,phases   ] GC(71) Concurrent Mark 6.457ms
[12.884s][info   ][gc,phases   ] GC(71) Pause Mark End 0.016ms
[12.885s][info   ][gc,phases   ] GC(71) Concurrent Mark Free 0.001ms
[12.902s][info   ][gc,phases   ] GC(71) Concurrent Process Non-Strong References 17.060ms
[12.902s][info   ][gc,phases   ] GC(71) Concurrent Reset Relocation Set 0.008ms
[12.906s][info   ][gc,phases   ] GC(71) Concurrent Select Relocation Set 4.381ms
[12.907s][info   ][gc,phases   ] GC(71) Pause Relocate Start 0.021ms
[12.929s][info   ][gc,phases   ] GC(71) Concurrent Relocate 22.229ms
[12.929s][info   ][gc,load     ] GC(71) Load: 4.29/3.13/2.03
[12.929s][info   ][gc,mmu      ] GC(71) MMU: 2ms/94.6%, 5ms/97.9%, 10ms/98.9%, 20ms/99.5%, 50ms/99.7%, 100ms/99.8%
[12.929s][info   ][gc,marking  ] GC(71) Mark: 1 stripe(s), 2 proactive flush(es), 1 terminate flush(es), 0 completion(s), 0 continuation(s) 
[12.929s][info   ][gc,marking  ] GC(71) Mark Stack Usage: 32M
[12.929s][info   ][gc,nmethod  ] GC(71) NMethods: 104 registered, 0 unregistered
[12.929s][info   ][gc,metaspace] GC(71) Metaspace: 0M used, 0M committed, 1088M reserved
[12.929s][info   ][gc,ref      ] GC(71) Soft: 7 encountered, 5 discovered, 0 enqueued
[12.929s][info   ][gc,ref      ] GC(71) Weak: 37 encountered, 28 discovered, 0 enqueued
[12.929s][info   ][gc,ref      ] GC(71) Final: 0 encountered, 0 discovered, 0 enqueued
[12.929s][info   ][gc,ref      ] GC(71) Phantom: 5 encountered, 2 discovered, 0 enqueued
[12.929s][info   ][gc,reloc    ] GC(71) Small Pages: 5 / 10M, Empty: 0M, Relocated: 0M, In-Place: 0
[12.929s][info   ][gc,reloc    ] GC(71) Medium Pages: 54 / 1728M, Empty: 1600M, Relocated: 8M, In-Place: 0
[12.929s][info   ][gc,reloc    ] GC(71) Large Pages: 0 / 0M, Empty: 0M, Relocated: 0M, In-Place: 0
[12.929s][info   ][gc,reloc    ] GC(71) Forwarding Usage: 0M
[12.929s][info   ][gc,heap     ] GC(71) Min Capacity: 2048M(100%)
[12.929s][info   ][gc,heap     ] GC(71) Max Capacity: 2048M(100%)
[12.929s][info   ][gc,heap     ] GC(71) Soft Max Capacity: 2048M(100%)
[12.929s][info   ][gc,heap     ] GC(71)                Mark Start          Mark End        Relocate Start      Relocate End           High               Low         
[12.929s][info   ][gc,heap     ] GC(71)  Capacity:     2048M (100%)       2048M (100%)       2048M (100%)       2048M (100%)       2048M (100%)       2048M (100%)   
[12.929s][info   ][gc,heap     ] GC(71)      Free:      310M (15%)         246M (12%)        1654M (81%)        1558M (76%)        1686M (82%)          86M (4%)     
[12.929s][info   ][gc,heap     ] GC(71)      Used:     1738M (85%)        1802M (88%)         394M (19%)         490M (24%)        1962M (96%)         362M (18%)    
[12.929s][info   ][gc,heap     ] GC(71)      Live:         -                28M (1%)           28M (1%)           28M (1%)             -                  -          
[12.929s][info   ][gc,heap     ] GC(71) Allocated:         -                64M (3%)          256M (12%)         423M (21%)            -                  -          
[12.929s][info   ][gc,heap     ] GC(71)   Garbage:         -              1709M (83%)         109M (5%)           37M (2%)             -                  -          
[12.929s][info   ][gc,heap     ] GC(71) Reclaimed:         -                  -              1600M (78%)        1671M (82%)            -                  -          
[12.929s][info   ][gc          ] GC(71) Garbage Collection (Allocation Stall) 1738M(85%)->490M(24%)
[12.979s][info   ][gc,start    ] GC(72) Garbage Collection (Allocation Rate)
[12.979s][info   ][gc,task     ] GC(72) Using 1 workers
[12.982s][info   ][gc,phases   ] GC(72) Pause Mark Start 0.013ms
[13.010s][info   ][gc,phases   ] GC(72) Concurrent Mark 23.525ms
[13.011s][info   ][gc,phases   ] GC(72) Pause Mark End 0.017ms
[13.012s][info   ][gc,phases   ] GC(72) Concurrent Mark Free 0.003ms
[13.027s][info   ][gc,phases   ] GC(72) Concurrent Process Non-Strong References 14.892ms
[13.027s][info   ][gc,phases   ] GC(72) Concurrent Reset Relocation Set 0.007ms
[13.028s][info   ][gc,phases   ] GC(72) Concurrent Select Relocation Set 1.170ms
[13.029s][info   ][gc,phases   ] GC(72) Pause Relocate Start 0.014ms
[13.055s][info   ][gc,phases   ] GC(72) Concurrent Relocate 20.270ms
[13.055s][info   ][gc,load     ] GC(72) Load: 4.29/3.13/2.03
[13.055s][info   ][gc,mmu      ] GC(72) MMU: 2ms/94.6%, 5ms/97.9%, 10ms/98.9%, 20ms/99.5%, 50ms/99.7%, 100ms/99.8%
[13.055s][info   ][gc,marking  ] GC(72) Mark: 1 stripe(s), 2 proactive flush(es), 1 terminate flush(es), 0 completion(s), 0 continuation(s) 
[13.055s][info   ][gc,marking  ] GC(72) Mark Stack Usage: 32M
[13.055s][info   ][gc,nmethod  ] GC(72) NMethods: 104 registered, 0 unregistered
[13.055s][info   ][gc,metaspace] GC(72) Metaspace: 0M used, 0M committed, 1088M reserved
[13.055s][info   ][gc,ref      ] GC(72) Soft: 7 encountered, 0 discovered, 0 enqueued
[13.055s][info   ][gc,ref      ] GC(72) Weak: 37 encountered, 28 discovered, 0 enqueued
[13.055s][info   ][gc,ref      ] GC(72) Final: 0 encountered, 0 discovered, 0 enqueued
[13.055s][info   ][gc,ref      ] GC(72) Phantom: 5 encountered, 2 discovered, 0 enqueued
[13.055s][info   ][gc,reloc    ] GC(72) Small Pages: 5 / 10M, Empty: 0M, Relocated: 0M, In-Place: 0
[13.056s][info   ][gc,reloc    ] GC(72) Medium Pages: 29 / 928M, Empty: 800M, Relocated: 8M, In-Place: 0
[13.056s][info   ][gc,reloc    ] GC(72) Large Pages: 0 / 0M, Empty: 0M, Relocated: 0M, In-Place: 0
[13.056s][info   ][gc,reloc    ] GC(72) Forwarding Usage: 0M
[13.056s][info   ][gc,heap     ] GC(72) Min Capacity: 2048M(100%)
[13.056s][info   ][gc,heap     ] GC(72) Max Capacity: 2048M(100%)
[13.056s][info   ][gc,heap     ] GC(72) Soft Max Capacity: 2048M(100%)
[13.056s][info   ][gc,heap     ] GC(72)                Mark Start          Mark End        Relocate Start      Relocate End           High               Low         
[13.056s][info   ][gc,heap     ] GC(72)  Capacity:     2048M (100%)       2048M (100%)       2048M (100%)       2048M (100%)       2048M (100%)       2048M (100%)   
[13.056s][info   ][gc,heap     ] GC(72)      Free:     1110M (54%)         854M (42%)        1494M (73%)        1366M (67%)        1494M (73%)         694M (34%)    
[13.056s][info   ][gc,heap     ] GC(72)      Used:      938M (46%)        1194M (58%)         554M (27%)         682M (33%)        1354M (66%)         554M (27%)    
[13.056s][info   ][gc,heap     ] GC(72)      Live:         -                28M (1%)           28M (1%)           28M (1%)             -                  -          
[13.056s][info   ][gc,heap     ] GC(72) Allocated:         -               256M (12%)         416M (20%)         615M (30%)            -                  -          
[13.056s][info   ][gc,heap     ] GC(72)   Garbage:         -               909M (44%)         109M (5%)           37M (2%)             -                  -          
[13.056s][info   ][gc,heap     ] GC(72) Reclaimed:         -                  -               800M (39%)         871M (43%)            -                  -          
[13.056s][info   ][gc          ] GC(72) Garbage Collection (Allocation Rate) 938M(46%)->682M(33%)
[13.077s][info   ][gc,start    ] GC(73) Garbage Collection (Allocation Rate)
[13.077s][info   ][gc,task     ] GC(73) Using 1 workers
[13.078s][info   ][gc,phases   ] GC(73) Pause Mark Start 0.015ms
[13.108s][info   ][gc,phases   ] GC(73) Concurrent Mark 30.292ms
[13.108s][info   ][gc,phases   ] GC(73) Pause Mark End 0.035ms
[13.109s][info   ][gc,phases   ] GC(73) Concurrent Mark Free 0.002ms
[13.113s][info   ][gc,phases   ] GC(73) Concurrent Process Non-Strong References 3.975ms
[13.113s][info   ][gc,phases   ] GC(73) Concurrent Reset Relocation Set 0.005ms
[13.114s][info   ][gc,phases   ] GC(73) Concurrent Select Relocation Set 1.106ms
[13.114s][info   ][gc,phases   ] GC(73) Pause Relocate Start 0.012ms
[13.186s][info   ][gc,phases   ] GC(73) Concurrent Relocate 71.599ms
[13.186s][info   ][gc,load     ] GC(73) Load: 4.29/3.13/2.03
[13.186s][info   ][gc,mmu      ] GC(73) MMU: 2ms/94.6%, 5ms/97.9%, 10ms/98.9%, 20ms/99.5%, 50ms/99.7%, 100ms/99.8%
[13.186s][info   ][gc,marking  ] GC(73) Mark: 1 stripe(s), 2 proactive flush(es), 1 terminate flush(es), 0 completion(s), 0 continuation(s) 
[13.186s][info   ][gc,marking  ] GC(73) Mark Stack Usage: 32M
[13.186s][info   ][gc,nmethod  ] GC(73) NMethods: 104 registered, 0 unregistered
[13.186s][info   ][gc,metaspace] GC(73) Metaspace: 0M used, 0M committed, 1088M reserved
[13.186s][info   ][gc,ref      ] GC(73) Soft: 7 encountered, 0 discovered, 0 enqueued
[13.186s][info   ][gc,ref      ] GC(73) Weak: 37 encountered, 28 discovered, 0 enqueued
[13.186s][info   ][gc,ref      ] GC(73) Final: 0 encountered, 0 discovered, 0 enqueued
[13.186s][info   ][gc,ref      ] GC(73) Phantom: 5 encountered, 2 discovered, 0 enqueued
[13.186s][info   ][gc,reloc    ] GC(73) Small Pages: 5 / 10M, Empty: 0M, Relocated: 0M, In-Place: 0
[13.186s][info   ][gc,reloc    ] GC(73) Medium Pages: 27 / 864M, Empty: 544M, Relocated: 45M, In-Place: 0
[13.186s][info   ][gc,reloc    ] GC(73) Large Pages: 0 / 0M, Empty: 0M, Relocated: 0M, In-Place: 0
[13.186s][info   ][gc,reloc    ] GC(73) Forwarding Usage: 0M
[13.186s][info   ][gc,heap     ] GC(73) Min Capacity: 2048M(100%)
[13.186s][info   ][gc,heap     ] GC(73) Max Capacity: 2048M(100%)
[13.186s][info   ][gc,heap     ] GC(73) Soft Max Capacity: 2048M(100%)
[13.186s][info   ][gc,heap     ] GC(73)                Mark Start          Mark End        Relocate Start      Relocate End           High               Low         
[13.186s][info   ][gc,heap     ] GC(73)  Capacity:     2048M (100%)       2048M (100%)       2048M (100%)       2048M (100%)       2048M (100%)       2048M (100%)   
[13.186s][info   ][gc,heap     ] GC(73)      Free:     1174M (57%)         918M (45%)        1398M (68%)        1014M (50%)        1486M (73%)         854M (42%)    
[13.186s][info   ][gc,heap     ] GC(73)      Used:      874M (43%)        1130M (55%)         650M (32%)        1034M (50%)        1194M (58%)         562M (27%)    
[13.186s][info   ][gc,heap     ] GC(73)      Live:         -               113M (6%)          113M (6%)          113M (6%)             -                  -          
[13.186s][info   ][gc,heap     ] GC(73) Allocated:         -               256M (12%)         320M (16%)         870M (43%)            -                  -          
[13.186s][info   ][gc,heap     ] GC(73)   Garbage:         -               760M (37%)         216M (11%)          49M (2%)             -                  -          
[13.186s][info   ][gc,heap     ] GC(73) Reclaimed:         -                  -               544M (27%)         710M (35%)            -                  -          
[13.186s][info   ][gc          ] GC(73) Garbage Collection (Allocation Rate) 874M(43%)->1034M(50%)
[13.276s][info   ][gc,start    ] GC(74) Garbage Collection (Allocation Rate)
[13.276s][info   ][gc,task     ] GC(74) Using 1 workers
[13.279s][info   ][gc,phases   ] GC(74) Pause Mark Start 0.020ms
[13.311s][info   ][gc,phases   ] GC(74) Concurrent Mark 28.396ms
[13.311s][info   ][gc,phases   ] GC(74) Pause Mark End 0.016ms
[13.311s][info   ][gc,phases   ] GC(74) Concurrent Mark Free 0.001ms
[13.312s][info   ][gc,phases   ] GC(74) Concurrent Process Non-Strong References 0.676ms
[13.312s][info   ][gc,phases   ] GC(74) Concurrent Reset Relocation Set 0.002ms
[13.313s][info   ][gc          ] Allocation Stall (Thread-7) 1.248ms
[13.313s][info   ][gc          ] Allocation Stall (Thread-0) 2.622ms
[13.313s][info   ][gc          ] Allocation Stall (Thread-6) 2.496ms
[13.313s][info   ][gc          ] Allocation Stall (Thread-4) 2.433ms
[13.316s][info   ][gc          ] Allocation Stall (Thread-5) 5.078ms
[13.313s][info   ][gc          ] Allocation Stall (Thread-1) 2.395ms
[13.320s][info   ][gc,phases   ] GC(74) Concurrent Select Relocation Set 7.518ms
[13.321s][info   ][gc,phases   ] GC(74) Pause Relocate Start 0.015ms
[13.467s][info   ][gc,phases   ] GC(74) Concurrent Relocate 146.075ms
[13.467s][info   ][gc,load     ] GC(74) Load: 4.29/3.13/2.03
[13.467s][info   ][gc,mmu      ] GC(74) MMU: 2ms/94.6%, 5ms/97.9%, 10ms/98.9%, 20ms/99.5%, 50ms/99.7%, 100ms/99.8%
[13.467s][info   ][gc,marking  ] GC(74) Mark: 1 stripe(s), 2 proactive flush(es), 1 terminate flush(es), 0 completion(s), 0 continuation(s) 
[13.467s][info   ][gc,marking  ] GC(74) Mark Stack Usage: 32M
[13.467s][info   ][gc,nmethod  ] GC(74) NMethods: 104 registered, 0 unregistered
[13.467s][info   ][gc,metaspace] GC(74) Metaspace: 0M used, 0M committed, 1088M reserved
[13.467s][info   ][gc,ref      ] GC(74) Soft: 7 encountered, 0 discovered, 0 enqueued
[13.467s][info   ][gc,ref      ] GC(74) Weak: 37 encountered, 28 discovered, 0 enqueued
[13.467s][info   ][gc,ref      ] GC(74) Final: 0 encountered, 0 discovered, 0 enqueued
[13.467s][info   ][gc,ref      ] GC(74) Phantom: 5 encountered, 2 discovered, 0 enqueued
[13.467s][info   ][gc,reloc    ] GC(74) Small Pages: 5 / 10M, Empty: 0M, Relocated: 0M, In-Place: 0
[13.467s][info   ][gc,reloc    ] GC(74) Medium Pages: 55 / 1760M, Empty: 1408M, Relocated: 78M, In-Place: 0
[13.467s][info   ][gc,reloc    ] GC(74) Large Pages: 0 / 0M, Empty: 0M, Relocated: 0M, In-Place: 0
[13.467s][info   ][gc,reloc    ] GC(74) Forwarding Usage: 0M
[13.467s][info   ][gc,heap     ] GC(74) Min Capacity: 2048M(100%)
[13.467s][info   ][gc,heap     ] GC(74) Max Capacity: 2048M(100%)
[13.467s][info   ][gc,heap     ] GC(74) Soft Max Capacity: 2048M(100%)
[13.467s][info   ][gc,heap     ] GC(74)                Mark Start          Mark End        Relocate Start      Relocate End           High               Low         
[13.467s][info   ][gc,heap     ] GC(74)  Capacity:     2048M (100%)       2048M (100%)       2048M (100%)       2048M (100%)       2048M (100%)       2048M (100%)   
[13.467s][info   ][gc,heap     ] GC(74)      Free:      278M (14%)          22M (1%)         1334M (65%)         438M (21%)        1430M (70%)          22M (1%)     
[13.467s][info   ][gc,heap     ] GC(74)      Used:     1770M (86%)        2026M (99%)         714M (35%)        1610M (79%)        2026M (99%)         618M (30%)    
[13.467s][info   ][gc,heap     ] GC(74)      Live:         -               104M (5%)          104M (5%)          104M (5%)             -                  -          
[13.467s][info   ][gc,heap     ] GC(74) Allocated:         -               256M (12%)         352M (17%)        1479M (72%)            -                  -          
[13.467s][info   ][gc,heap     ] GC(74)   Garbage:         -              1665M (81%)         257M (13%)          25M (1%)             -                  -          
[13.467s][info   ][gc,heap     ] GC(74) Reclaimed:         -                  -              1408M (69%)        1639M (80%)            -                  -          
[13.467s][info   ][gc          ] GC(74) Garbage Collection (Allocation Rate) 1770M(86%)->1610M(79%)
[13.479s][info   ][gc,start    ] GC(75) Garbage Collection (Allocation Stall)
[13.479s][info   ][gc,ref      ] GC(75) Clearing All SoftReferences
[13.479s][info   ][gc,task     ] GC(75) Using 1 workers
[13.482s][info   ][gc,phases   ] GC(75) Pause Mark Start 0.019ms
[13.511s][info   ][gc,phases   ] GC(75) Concurrent Mark 23.903ms
[13.512s][info   ][gc,phases   ] GC(75) Pause Mark End 0.021ms
[13.512s][info   ][gc,phases   ] GC(75) Concurrent Mark Free 0.005ms
[13.521s][info   ][gc,phases   ] GC(75) Concurrent Process Non-Strong References 8.574ms
[13.521s][info   ][gc,phases   ] GC(75) Concurrent Reset Relocation Set 0.003ms
[13.522s][info   ][gc          ] Allocation Stall (Thread-6) 1.466ms
[13.522s][info   ][gc          ] Allocation Stall (Thread-1) 1.327ms
[13.522s][info   ][gc          ] Allocation Stall (Thread-5) 1.598ms
[13.522s][info   ][gc          ] Allocation Stall (Thread-2) 1.491ms
[13.525s][info   ][gc          ] Allocation Stall (Thread-0) 4.170ms
[13.522s][info   ][gc          ] Allocation Stall (Thread-3) 1.422ms
[13.524s][info   ][gc,phases   ] GC(75) Concurrent Select Relocation Set 3.833ms
[13.522s][info   ][gc          ] Allocation Stall (Thread-7) 1.624ms
[13.530s][info   ][gc,phases   ] GC(75) Pause Relocate Start 0.025ms
[13.672s][info   ][gc,phases   ] GC(75) Concurrent Relocate 141.794ms
[13.672s][info   ][gc,load     ] GC(75) Load: 4.29/3.13/2.03
[13.672s][info   ][gc,mmu      ] GC(75) MMU: 2ms/94.6%, 5ms/97.9%, 10ms/98.9%, 20ms/99.5%, 50ms/99.7%, 100ms/99.8%
[13.672s][info   ][gc,marking  ] GC(75) Mark: 1 stripe(s), 2 proactive flush(es), 1 terminate flush(es), 0 completion(s), 0 continuation(s) 
[13.672s][info   ][gc,marking  ] GC(75) Mark Stack Usage: 32M
[13.672s][info   ][gc,nmethod  ] GC(75) NMethods: 104 registered, 0 unregistered
[13.672s][info   ][gc,metaspace] GC(75) Metaspace: 0M used, 0M committed, 1088M reserved
[13.672s][info   ][gc,ref      ] GC(75) Soft: 7 encountered, 5 discovered, 0 enqueued
[13.672s][info   ][gc,ref      ] GC(75) Weak: 37 encountered, 28 discovered, 0 enqueued
[13.672s][info   ][gc,ref      ] GC(75) Final: 0 encountered, 0 discovered, 0 enqueued
[13.672s][info   ][gc,ref      ] GC(75) Phantom: 5 encountered, 2 discovered, 0 enqueued
[13.672s][info   ][gc,reloc    ] GC(75) Small Pages: 5 / 10M, Empty: 0M, Relocated: 0M, In-Place: 0
[13.672s][info   ][gc,reloc    ] GC(75) Medium Pages: 53 / 1696M, Empty: 1056M, Relocated: 103M, In-Place: 0
[13.672s][info   ][gc,reloc    ] GC(75) Large Pages: 0 / 0M, Empty: 0M, Relocated: 0M, In-Place: 0
[13.672s][info   ][gc,reloc    ] GC(75) Forwarding Usage: 0M
[13.672s][info   ][gc,heap     ] GC(75) Min Capacity: 2048M(100%)
[13.673s][info   ][gc,heap     ] GC(75) Max Capacity: 2048M(100%)
[13.673s][info   ][gc,heap     ] GC(75) Soft Max Capacity: 2048M(100%)
[13.673s][info   ][gc,heap     ] GC(75)                Mark Start          Mark End        Relocate Start      Relocate End           High               Low         
[13.673s][info   ][gc,heap     ] GC(75)  Capacity:     2048M (100%)       2048M (100%)       2048M (100%)       2048M (100%)       2048M (100%)       2048M (100%)   
[13.673s][info   ][gc,heap     ] GC(75)      Free:      342M (17%)          86M (4%)          982M (48%)         374M (18%)        1102M (54%)          22M (1%)     
[13.673s][info   ][gc,heap     ] GC(75)      Used:     1706M (83%)        1962M (96%)        1066M (52%)        1674M (82%)        2026M (99%)         946M (46%)    
[13.673s][info   ][gc,heap     ] GC(75)      Live:         -               174M (9%)          174M (9%)          174M (9%)             -                  -          
[13.673s][info   ][gc,heap     ] GC(75) Allocated:         -               256M (12%)         416M (20%)        1442M (70%)            -                  -          
[13.673s][info   ][gc,heap     ] GC(75)   Garbage:         -              1531M (75%)         475M (23%)          56M (3%)             -                  -          
[13.673s][info   ][gc,heap     ] GC(75) Reclaimed:         -                  -              1056M (52%)        1474M (72%)            -                  -          
[13.673s][info   ][gc          ] GC(75) Garbage Collection (Allocation Stall) 1706M(83%)->1674M(82%)
[13.679s][info   ][gc,start    ] GC(76) Garbage Collection (Allocation Stall)
[13.679s][info   ][gc,ref      ] GC(76) Clearing All SoftReferences
[13.679s][info   ][gc,task     ] GC(76) Using 1 workers
[13.679s][info   ][gc,phases   ] GC(76) Pause Mark Start 0.014ms
[13.705s][info   ][gc,phases   ] GC(76) Concurrent Mark 22.956ms
[13.705s][info   ][gc,phases   ] GC(76) Pause Mark End 0.018ms
[13.711s][info   ][gc,phases   ] GC(76) Concurrent Mark Free 0.005ms
[13.715s][info   ][gc,phases   ] GC(76) Concurrent Process Non-Strong References 3.677ms
[13.715s][info   ][gc,phases   ] GC(76) Concurrent Reset Relocation Set 0.003ms
[13.716s][info   ][gc          ] Allocation Stall (Thread-6) 1.615ms
[13.716s][info   ][gc          ] Allocation Stall (Thread-0) 1.891ms
[13.716s][info   ][gc          ] Allocation Stall (Thread-4) 1.449ms
[13.716s][info   ][gc          ] Allocation Stall (Thread-5) 1.401ms
[13.716s][info   ][gc          ] Allocation Stall (Thread-1) 1.558ms
[13.716s][info   ][gc,phases   ] GC(76) Concurrent Select Relocation Set 1.004ms
[13.719s][info   ][gc          ] Allocation Stall (Thread-3) 4.452ms
[13.720s][info   ][gc          ] Allocation Stall (Thread-7) 5.864ms
[13.722s][info   ][gc,phases   ] GC(76) Pause Relocate Start 0.015ms
[13.861s][info   ][gc,phases   ] GC(76) Concurrent Relocate 137.775ms
[13.861s][info   ][gc,load     ] GC(76) Load: 4.29/3.13/2.03
[13.861s][info   ][gc,mmu      ] GC(76) MMU: 2ms/94.6%, 5ms/97.9%, 10ms/98.9%, 20ms/99.5%, 50ms/99.7%, 100ms/99.8%
[13.861s][info   ][gc,marking  ] GC(76) Mark: 1 stripe(s), 2 proactive flush(es), 1 terminate flush(es), 0 completion(s), 0 continuation(s) 
[13.861s][info   ][gc,marking  ] GC(76) Mark Stack Usage: 32M
[13.861s][info   ][gc,nmethod  ] GC(76) NMethods: 104 registered, 0 unregistered
[13.861s][info   ][gc,metaspace] GC(76) Metaspace: 0M used, 0M committed, 1088M reserved
[13.861s][info   ][gc,ref      ] GC(76) Soft: 7 encountered, 5 discovered, 0 enqueued
[13.861s][info   ][gc,ref      ] GC(76) Weak: 37 encountered, 28 discovered, 0 enqueued
[13.861s][info   ][gc,ref      ] GC(76) Final: 0 encountered, 0 discovered, 0 enqueued
[13.861s][info   ][gc,ref      ] GC(76) Phantom: 5 encountered, 2 discovered, 0 enqueued
[13.861s][info   ][gc,reloc    ] GC(76) Small Pages: 5 / 10M, Empty: 0M, Relocated: 0M, In-Place: 0
[13.861s][info   ][gc,reloc    ] GC(76) Medium Pages: 54 / 1728M, Empty: 896M, Relocated: 110M, In-Place: 0
[13.861s][info   ][gc,reloc    ] GC(76) Large Pages: 0 / 0M, Empty: 0M, Relocated: 0M, In-Place: 0
[13.861s][info   ][gc,reloc    ] GC(76) Forwarding Usage: 0M
[13.861s][info   ][gc,heap     ] GC(76) Min Capacity: 2048M(100%)
[13.861s][info   ][gc,heap     ] GC(76) Max Capacity: 2048M(100%)
[13.861s][info   ][gc,heap     ] GC(76) Soft Max Capacity: 2048M(100%)
[13.861s][info   ][gc,heap     ] GC(76)                Mark Start          Mark End        Relocate Start      Relocate End           High               Low         
[13.861s][info   ][gc,heap     ] GC(76)  Capacity:     2048M (100%)       2048M (100%)       2048M (100%)       2048M (100%)       2048M (100%)       2048M (100%)   
[13.861s][info   ][gc,heap     ] GC(76)      Free:      310M (15%)          86M (4%)          854M (42%)         406M (20%)        1070M (52%)          22M (1%)     
[13.861s][info   ][gc,heap     ] GC(76)      Used:     1738M (85%)        1962M (96%)        1194M (58%)        1642M (80%)        2026M (99%)         978M (48%)    
[13.861s][info   ][gc,heap     ] GC(76)      Live:         -               203M (10%)         203M (10%)         203M (10%)            -                  -          
[13.861s][info   ][gc,heap     ] GC(76) Allocated:         -               224M (11%)         352M (17%)        1367M (67%)            -                  -          
[13.861s][info   ][gc,heap     ] GC(76)   Garbage:         -              1534M (75%)         638M (31%)          70M (3%)             -                  -          
[13.861s][info   ][gc,heap     ] GC(76) Reclaimed:         -                  -               896M (44%)        1463M (71%)            -                  -          
[13.862s][info   ][gc          ] GC(76) Garbage Collection (Allocation Stall) 1738M(85%)->1642M(80%)
[13.876s][info   ][gc,start    ] GC(77) Garbage Collection (Allocation Stall)
[13.876s][info   ][gc,ref      ] GC(77) Clearing All SoftReferences
[13.876s][info   ][gc,task     ] GC(77) Using 1 workers
[13.876s][info   ][gc,phases   ] GC(77) Pause Mark Start 0.014ms
[13.903s][info   ][gc,phases   ] GC(77) Concurrent Mark 23.348ms
[13.904s][info   ][gc,phases   ] GC(77) Pause Mark End 0.027ms
[13.907s][info   ][gc,phases   ] GC(77) Concurrent Mark Free 0.004ms
[13.909s][info   ][gc,phases   ] GC(77) Concurrent Process Non-Strong References 2.367ms
[13.909s][info   ][gc,phases   ] GC(77) Concurrent Reset Relocation Set 0.012ms
[13.910s][info   ][gc          ] Allocation Stall (Thread-7) 0.926ms
[13.910s][info   ][gc,phases   ] GC(77) Concurrent Select Relocation Set 1.006ms
[13.910s][info   ][gc          ] Allocation Stall (Thread-3) 1.187ms
[13.910s][info   ][gc          ] Allocation Stall (Thread-5) 1.308ms
[13.910s][info   ][gc          ] Allocation Stall (Thread-2) 0.992ms
[13.910s][info   ][gc          ] Allocation Stall (Thread-0) 0.924ms
[13.914s][info   ][gc,phases   ] GC(77) Pause Relocate Start 0.014ms
[13.967s][info   ][gc,phases   ] GC(77) Concurrent Relocate 53.007ms
[13.967s][info   ][gc,load     ] GC(77) Load: 4.29/3.13/2.03
[13.967s][info   ][gc,mmu      ] GC(77) MMU: 2ms/94.6%, 5ms/97.9%, 10ms/98.9%, 20ms/99.5%, 50ms/99.7%, 100ms/99.8%
[13.967s][info   ][gc,marking  ] GC(77) Mark: 1 stripe(s), 2 proactive flush(es), 1 terminate flush(es), 0 completion(s), 0 continuation(s) 
[13.967s][info   ][gc,marking  ] GC(77) Mark Stack Usage: 32M
[13.967s][info   ][gc,nmethod  ] GC(77) NMethods: 104 registered, 0 unregistered
[13.967s][info   ][gc,metaspace] GC(77) Metaspace: 0M used, 0M committed, 1088M reserved
[13.967s][info   ][gc,ref      ] GC(77) Soft: 7 encountered, 5 discovered, 0 enqueued
[13.967s][info   ][gc,ref      ] GC(77) Weak: 37 encountered, 28 discovered, 0 enqueued
[13.967s][info   ][gc,ref      ] GC(77) Final: 0 encountered, 0 discovered, 0 enqueued
[13.967s][info   ][gc,ref      ] GC(77) Phantom: 5 encountered, 2 discovered, 0 enqueued
[13.967s][info   ][gc,reloc    ] GC(77) Small Pages: 5 / 10M, Empty: 0M, Relocated: 0M, In-Place: 0
[13.967s][info   ][gc,reloc    ] GC(77) Medium Pages: 55 / 1760M, Empty: 800M, Relocated: 103M, In-Place: 0
[13.967s][info   ][gc,reloc    ] GC(77) Large Pages: 0 / 0M, Empty: 0M, Relocated: 0M, In-Place: 0
[13.967s][info   ][gc,reloc    ] GC(77) Forwarding Usage: 0M
[13.967s][info   ][gc,heap     ] GC(77) Min Capacity: 2048M(100%)
[13.967s][info   ][gc,heap     ] GC(77) Max Capacity: 2048M(100%)
[13.967s][info   ][gc,heap     ] GC(77) Soft Max Capacity: 2048M(100%)
[13.967s][info   ][gc,heap     ] GC(77)                Mark Start          Mark End        Relocate Start      Relocate End           High               Low         
[13.967s][info   ][gc,heap     ] GC(77)  Capacity:     2048M (100%)       2048M (100%)       2048M (100%)       2048M (100%)       2048M (100%)       2048M (100%)   
[13.967s][info   ][gc,heap     ] GC(77)      Free:      278M (14%)          54M (3%)          790M (39%)        1174M (57%)        1326M (65%)          22M (1%)     
[13.967s][info   ][gc,heap     ] GC(77)      Used:     1770M (86%)        1994M (97%)        1258M (61%)         874M (43%)        2026M (99%)         722M (35%)    
[13.967s][info   ][gc,heap     ] GC(77)      Live:         -               206M (10%)         206M (10%)         206M (10%)            -                  -          
[13.967s][info   ][gc,heap     ] GC(77) Allocated:         -               224M (11%)         288M (14%)         629M (31%)            -                  -          
[13.967s][info   ][gc,heap     ] GC(77)   Garbage:         -              1563M (76%)         763M (37%)          37M (2%)             -                  -          
[13.967s][info   ][gc,heap     ] GC(77) Reclaimed:         -                  -               800M (39%)        1525M (75%)            -                  -          
[13.967s][info   ][gc          ] GC(77) Garbage Collection (Allocation Stall) 1770M(86%)->874M(43%)
[13.976s][info   ][gc,start    ] GC(78) Garbage Collection (Allocation Stall)
[13.976s][info   ][gc,ref      ] GC(78) Clearing All SoftReferences
[13.976s][info   ][gc,task     ] GC(78) Using 1 workers
[13.979s][info   ][gc,phases   ] GC(78) Pause Mark Start 0.020ms
[14.003s][info   ][gc,phases   ] GC(78) Concurrent Mark 24.636ms
[14.004s][info   ][gc,phases   ] GC(78) Pause Mark End 0.024ms
[14.010s][info   ][gc,phases   ] GC(78) Concurrent Mark Free 0.008ms
[14.017s][info   ][gc,phases   ] GC(78) Concurrent Process Non-Strong References 6.900ms
[14.017s][info   ][gc,phases   ] GC(78) Concurrent Reset Relocation Set 0.014ms
[14.026s][info   ][gc,phases   ] GC(78) Concurrent Select Relocation Set 9.458ms
[14.027s][info   ][gc,phases   ] GC(78) Pause Relocate Start 0.017ms
[14.221s][info   ][gc          ] Allocation Stall (Thread-0) 1.211ms
[14.222s][info   ][gc,phases   ] GC(78) Concurrent Relocate 191.771ms
[14.222s][info   ][gc,load     ] GC(78) Load: 4.29/3.13/2.03
[14.222s][info   ][gc,mmu      ] GC(78) MMU: 2ms/94.6%, 5ms/97.9%, 10ms/98.9%, 20ms/99.5%, 50ms/99.7%, 100ms/99.8%
[14.222s][info   ][gc,marking  ] GC(78) Mark: 1 stripe(s), 2 proactive flush(es), 1 terminate flush(es), 0 completion(s), 0 continuation(s) 
[14.222s][info   ][gc,marking  ] GC(78) Mark Stack Usage: 32M
[14.222s][info   ][gc,nmethod  ] GC(78) NMethods: 104 registered, 0 unregistered
[14.222s][info   ][gc,metaspace] GC(78) Metaspace: 0M used, 0M committed, 1088M reserved
[14.222s][info   ][gc,ref      ] GC(78) Soft: 7 encountered, 5 discovered, 0 enqueued
[14.222s][info   ][gc,ref      ] GC(78) Weak: 37 encountered, 28 discovered, 0 enqueued
[14.222s][info   ][gc,ref      ] GC(78) Final: 0 encountered, 0 discovered, 0 enqueued
[14.222s][info   ][gc,ref      ] GC(78) Phantom: 5 encountered, 2 discovered, 0 enqueued
[14.222s][info   ][gc,reloc    ] GC(78) Small Pages: 5 / 10M, Empty: 0M, Relocated: 0M, In-Place: 0
[14.222s][info   ][gc,reloc    ] GC(78) Medium Pages: 30 / 960M, Empty: 320M, Relocated: 138M, In-Place: 0
[14.222s][info   ][gc,reloc    ] GC(78) Large Pages: 0 / 0M, Empty: 0M, Relocated: 0M, In-Place: 0
[14.222s][info   ][gc,reloc    ] GC(78) Forwarding Usage: 0M
[14.222s][info   ][gc,heap     ] GC(78) Min Capacity: 2048M(100%)
[14.222s][info   ][gc,heap     ] GC(78) Max Capacity: 2048M(100%)
[14.222s][info   ][gc,heap     ] GC(78) Soft Max Capacity: 2048M(100%)
[14.222s][info   ][gc,heap     ] GC(78)                Mark Start          Mark End        Relocate Start      Relocate End           High               Low         
[14.222s][info   ][gc,heap     ] GC(78)  Capacity:     2048M (100%)       2048M (100%)       2048M (100%)       2048M (100%)       2048M (100%)       2048M (100%)   
[14.222s][info   ][gc,heap     ] GC(78)      Free:     1078M (53%)         854M (42%)         982M (48%)          22M (1%)         1078M (53%)          14M (1%)     
[14.222s][info   ][gc,heap     ] GC(78)      Used:      970M (47%)        1194M (58%)        1066M (52%)        2026M (99%)        2034M (99%)         970M (47%)    
[14.222s][info   ][gc,heap     ] GC(78)      Live:         -               139M (7%)          139M (7%)          139M (7%)             -                  -          
[14.222s][info   ][gc,heap     ] GC(78) Allocated:         -               224M (11%)         416M (20%)        1860M (91%)            -                  -          
[14.222s][info   ][gc,heap     ] GC(78)   Garbage:         -               830M (41%)         510M (25%)          25M (1%)             -                  -          
[14.222s][info   ][gc,heap     ] GC(78) Reclaimed:         -                  -               320M (16%)         804M (39%)            -                  -          
[14.222s][info   ][gc          ] GC(78) Garbage Collection (Allocation Stall) 970M(47%)->2026M(99%)
[14.222s][info   ][gc,start    ] GC(79) Garbage Collection (Allocation Stall)
[14.222s][info   ][gc,ref      ] GC(79) Clearing All SoftReferences
[14.222s][info   ][gc,task     ] GC(79) Using 1 workers
[14.222s][info   ][gc,phases   ] GC(79) Pause Mark Start 0.013ms
[14.224s][info   ][gc,phases   ] GC(79) Concurrent Mark 1.503ms
[14.224s][info   ][gc,phases   ] GC(79) Pause Mark End 0.009ms
[14.224s][info   ][gc,phases   ] GC(79) Concurrent Mark Free 0.001ms
[14.224s][info   ][gc,phases   ] GC(79) Concurrent Process Non-Strong References 0.487ms
[14.224s][info   ][gc,phases   ] GC(79) Concurrent Reset Relocation Set 0.002ms
[14.225s][info   ][gc          ] Allocation Stall (Thread-2) 5.752ms
[14.225s][info   ][gc          ] Allocation Stall (Thread-3) 5.730ms
[14.225s][info   ][gc          ] Allocation Stall (Thread-1) 1.897ms
[14.226s][info   ][gc          ] Allocation Stall (Thread-7) 6.314ms
[14.225s][info   ][gc          ] Allocation Stall (Thread-4) 5.506ms
[14.228s][info   ][gc          ] Allocation Stall (Thread-6) 4.491ms
[14.228s][info   ][gc          ] Allocation Stall (Thread-5) 8.155ms
[14.229s][info   ][gc,phases   ] GC(79) Concurrent Select Relocation Set 4.325ms
[14.228s][info   ][gc          ] Allocation Stall (Thread-0) 5.565ms
[14.231s][info   ][gc,phases   ] GC(79) Pause Relocate Start 0.016ms
[14.267s][info   ][gc,phases   ] GC(79) Concurrent Relocate 35.851ms
[14.267s][info   ][gc,load     ] GC(79) Load: 4.29/3.13/2.03
[14.267s][info   ][gc,mmu      ] GC(79) MMU: 2ms/94.6%, 5ms/97.9%, 10ms/98.9%, 20ms/99.5%, 50ms/99.7%, 100ms/99.8%
[14.267s][info   ][gc,marking  ] GC(79) Mark: 1 stripe(s), 2 proactive flush(es), 1 terminate flush(es), 0 completion(s), 0 continuation(s) 
[14.267s][info   ][gc,marking  ] GC(79) Mark Stack Usage: 32M
[14.267s][info   ][gc,nmethod  ] GC(79) NMethods: 104 registered, 0 unregistered
[14.267s][info   ][gc,metaspace] GC(79) Metaspace: 0M used, 0M committed, 1088M reserved
[14.267s][info   ][gc,ref      ] GC(79) Soft: 7 encountered, 5 discovered, 0 enqueued
[14.267s][info   ][gc,ref      ] GC(79) Weak: 37 encountered, 28 discovered, 0 enqueued
[14.267s][info   ][gc,ref      ] GC(79) Final: 0 encountered, 0 discovered, 0 enqueued
[14.267s][info   ][gc,ref      ] GC(79) Phantom: 5 encountered, 2 discovered, 0 enqueued
[14.267s][info   ][gc,reloc    ] GC(79) Small Pages: 5 / 10M, Empty: 0M, Relocated: 0M, In-Place: 0
[14.267s][info   ][gc,reloc    ] GC(79) Medium Pages: 63 / 2016M, Empty: 1824M, Relocated: 23M, In-Place: 0
[14.267s][info   ][gc,reloc    ] GC(79) Large Pages: 0 / 0M, Empty: 0M, Relocated: 0M, In-Place: 0
[14.267s][info   ][gc,reloc    ] GC(79) Forwarding Usage: 0M
[14.267s][info   ][gc,heap     ] GC(79) Min Capacity: 2048M(100%)
[14.267s][info   ][gc,heap     ] GC(79) Max Capacity: 2048M(100%)
[14.267s][info   ][gc,heap     ] GC(79) Soft Max Capacity: 2048M(100%)
[14.267s][info   ][gc,heap     ] GC(79)                Mark Start          Mark End        Relocate Start      Relocate End           High               Low         
[14.267s][info   ][gc,heap     ] GC(79)  Capacity:     2048M (100%)       2048M (100%)       2048M (100%)       2048M (100%)       2048M (100%)       2048M (100%)   
[14.268s][info   ][gc,heap     ] GC(79)      Free:       22M (1%)           22M (1%)         1782M (87%)        1686M (82%)        1846M (90%)          22M (1%)     
[14.268s][info   ][gc,heap     ] GC(79)      Used:     2026M (99%)        2026M (99%)         266M (13%)         362M (18%)        2026M (99%)         202M (10%)    
[14.268s][info   ][gc,heap     ] GC(79)      Live:         -                23M (1%)           23M (1%)           23M (1%)             -                  -          
[14.268s][info   ][gc,heap     ] GC(79) Allocated:         -                 0M (0%)           64M (3%)          326M (16%)            -                  -          
[14.268s][info   ][gc,heap     ] GC(79)   Garbage:         -              2002M (98%)         178M (9%)           11M (1%)             -                  -          
[14.268s][info   ][gc,heap     ] GC(79) Reclaimed:         -                  -              1824M (89%)        1990M (97%)            -                  -          
[14.268s][info   ][gc          ] GC(79) Garbage Collection (Allocation Stall) 2026M(99%)->362M(18%)
[14.276s][info   ][gc,start    ] GC(80) Garbage Collection (Allocation Stall)
[14.277s][info   ][gc,ref      ] GC(80) Clearing All SoftReferences
[14.277s][info   ][gc,task     ] GC(80) Using 1 workers
[14.281s][info   ][gc,phases   ] GC(80) Pause Mark Start 0.020ms
[14.313s][info   ][gc,phases   ] GC(80) Concurrent Mark 29.301ms
[14.314s][info   ][gc,phases   ] GC(80) Pause Mark End 0.024ms
[14.315s][info   ][gc,phases   ] GC(80) Concurrent Mark Free 0.003ms
[14.327s][info   ][gc,phases   ] GC(80) Concurrent Process Non-Strong References 12.490ms
[14.327s][info   ][gc,phases   ] GC(80) Concurrent Reset Relocation Set 0.006ms
[14.328s][info   ][gc,phases   ] GC(80) Concurrent Select Relocation Set 1.030ms
[14.329s][info   ][gc,phases   ] GC(80) Pause Relocate Start 0.014ms
[14.389s][info   ][gc,phases   ] GC(80) Concurrent Relocate 54.328ms
[14.389s][info   ][gc,load     ] GC(80) Load: 4.29/3.13/2.03
[14.389s][info   ][gc,mmu      ] GC(80) MMU: 2ms/94.6%, 5ms/97.9%, 10ms/98.9%, 20ms/99.5%, 50ms/99.7%, 100ms/99.8%
[14.389s][info   ][gc,marking  ] GC(80) Mark: 1 stripe(s), 2 proactive flush(es), 1 terminate flush(es), 0 completion(s), 0 continuation(s) 
[14.389s][info   ][gc,marking  ] GC(80) Mark Stack Usage: 32M
[14.389s][info   ][gc,nmethod  ] GC(80) NMethods: 104 registered, 0 unregistered
[14.389s][info   ][gc,metaspace] GC(80) Metaspace: 0M used, 0M committed, 1088M reserved
[14.389s][info   ][gc,ref      ] GC(80) Soft: 7 encountered, 5 discovered, 0 enqueued
[14.389s][info   ][gc,ref      ] GC(80) Weak: 37 encountered, 28 discovered, 0 enqueued
[14.389s][info   ][gc,ref      ] GC(80) Final: 0 encountered, 0 discovered, 0 enqueued
[14.389s][info   ][gc,ref      ] GC(80) Phantom: 5 encountered, 2 discovered, 0 enqueued
[14.389s][info   ][gc,reloc    ] GC(80) Small Pages: 5 / 10M, Empty: 0M, Relocated: 0M, In-Place: 0
[14.389s][info   ][gc,reloc    ] GC(80) Medium Pages: 15 / 480M, Empty: 352M, Relocated: 22M, In-Place: 0
[14.389s][info   ][gc,reloc    ] GC(80) Large Pages: 0 / 0M, Empty: 0M, Relocated: 0M, In-Place: 0
[14.389s][info   ][gc,reloc    ] GC(80) Forwarding Usage: 0M
[14.389s][info   ][gc,heap     ] GC(80) Min Capacity: 2048M(100%)
[14.389s][info   ][gc,heap     ] GC(80) Max Capacity: 2048M(100%)
[14.389s][info   ][gc,heap     ] GC(80) Soft Max Capacity: 2048M(100%)
[14.389s][info   ][gc,heap     ] GC(80)                Mark Start          Mark End        Relocate Start      Relocate End           High               Low         
[14.389s][info   ][gc,heap     ] GC(80)  Capacity:     2048M (100%)       2048M (100%)       2048M (100%)       2048M (100%)       2048M (100%)       2048M (100%)   
[14.389s][info   ][gc,heap     ] GC(80)      Free:     1558M (76%)        1270M (62%)        1494M (73%)        1078M (53%)        1558M (76%)        1076M (53%)    
[14.389s][info   ][gc,heap     ] GC(80)      Used:      490M (24%)         778M (38%)         554M (27%)         970M (47%)         972M (47%)         490M (24%)    
[14.390s][info   ][gc,heap     ] GC(80)      Live:         -                34M (2%)           34M (2%)           34M (2%)             -                  -          
[14.390s][info   ][gc,heap     ] GC(80) Allocated:         -               288M (14%)         416M (20%)         903M (44%)            -                  -          
[14.390s][info   ][gc,heap     ] GC(80)   Garbage:         -               455M (22%)         103M (5%)           31M (2%)             -                  -          
[14.390s][info   ][gc,heap     ] GC(80) Reclaimed:         -                  -               352M (17%)         423M (21%)            -                  -          
[14.390s][info   ][gc          ] GC(80) Garbage Collection (Allocation Stall) 490M(24%)->970M(47%)
[14.476s][info   ][gc,start    ] GC(81) Garbage Collection (Allocation Rate)
[14.476s][info   ][gc,task     ] GC(81) Using 1 workers
[14.477s][info   ][gc,phases   ] GC(81) Pause Mark Start 0.022ms
[14.503s][info   ][gc,phases   ] GC(81) Concurrent Mark 20.330ms
[14.508s][info   ][gc,phases   ] GC(81) Pause Mark End 0.024ms
[14.508s][info   ][gc,phases   ] GC(81) Concurrent Mark Free 0.002ms
[14.519s][info   ][gc,phases   ] GC(81) Concurrent Process Non-Strong References 11.234ms
[14.519s][info   ][gc,phases   ] GC(81) Concurrent Reset Relocation Set 0.007ms
[14.523s][info   ][gc,phases   ] GC(81) Concurrent Select Relocation Set 3.640ms
[14.523s][info   ][gc,phases   ] GC(81) Pause Relocate Start 0.032ms
[14.630s][info   ][gc,phases   ] GC(81) Concurrent Relocate 100.281ms
[14.630s][info   ][gc,load     ] GC(81) Load: 4.29/3.13/2.03
[14.630s][info   ][gc,mmu      ] GC(81) MMU: 2ms/94.6%, 5ms/97.9%, 10ms/98.9%, 20ms/99.5%, 50ms/99.7%, 100ms/99.8%
[14.630s][info   ][gc,marking  ] GC(81) Mark: 1 stripe(s), 2 proactive flush(es), 1 terminate flush(es), 0 completion(s), 0 continuation(s) 
[14.630s][info   ][gc,marking  ] GC(81) Mark Stack Usage: 32M
[14.630s][info   ][gc,nmethod  ] GC(81) NMethods: 104 registered, 0 unregistered
[14.630s][info   ][gc,metaspace] GC(81) Metaspace: 0M used, 0M committed, 1088M reserved
[14.630s][info   ][gc,ref      ] GC(81) Soft: 7 encountered, 0 discovered, 0 enqueued
[14.630s][info   ][gc,ref      ] GC(81) Weak: 37 encountered, 28 discovered, 0 enqueued
[14.630s][info   ][gc,ref      ] GC(81) Final: 0 encountered, 0 discovered, 0 enqueued
[14.630s][info   ][gc,ref      ] GC(81) Phantom: 5 encountered, 2 discovered, 0 enqueued
[14.630s][info   ][gc,reloc    ] GC(81) Small Pages: 5 / 10M, Empty: 0M, Relocated: 0M, In-Place: 0
[14.630s][info   ][gc,reloc    ] GC(81) Medium Pages: 52 / 1664M, Empty: 1472M, Relocated: 55M, In-Place: 0
[14.630s][info   ][gc,reloc    ] GC(81) Large Pages: 0 / 0M, Empty: 0M, Relocated: 0M, In-Place: 0
[14.630s][info   ][gc,reloc    ] GC(81) Forwarding Usage: 0M
[14.630s][info   ][gc,heap     ] GC(81) Min Capacity: 2048M(100%)
[14.630s][info   ][gc,heap     ] GC(81) Max Capacity: 2048M(100%)
[14.630s][info   ][gc,heap     ] GC(81) Soft Max Capacity: 2048M(100%)
[14.630s][info   ][gc,heap     ] GC(81)                Mark Start          Mark End        Relocate Start      Relocate End           High               Low         
[14.630s][info   ][gc,heap     ] GC(81)  Capacity:     2048M (100%)       2048M (100%)       2048M (100%)       2048M (100%)       2048M (100%)       2048M (100%)   
[14.630s][info   ][gc,heap     ] GC(81)      Free:      374M (18%)         118M (6%)         1462M (71%)         854M (42%)        1494M (73%)          22M (1%)     
[14.630s][info   ][gc,heap     ] GC(81)      Used:     1674M (82%)        1930M (94%)         586M (29%)        1194M (58%)        2026M (99%)         554M (27%)    
[14.630s][info   ][gc,heap     ] GC(81)      Live:         -                55M (3%)           55M (3%)           55M (3%)             -                  -          
[14.630s][info   ][gc,heap     ] GC(81) Allocated:         -               256M (12%)         384M (19%)        1127M (55%)            -                  -          
[14.630s][info   ][gc,heap     ] GC(81)   Garbage:         -              1618M (79%)         146M (7%)           10M (0%)             -                  -          
[14.631s][info   ][gc,heap     ] GC(81) Reclaimed:         -                  -              1472M (72%)        1607M (79%)            -                  -          
[14.631s][info   ][gc          ] GC(81) Garbage Collection (Allocation Rate) 1674M(82%)->1194M(58%)
[14.679s][info   ][gc,start    ] GC(82) Garbage Collection (Allocation Rate)
[14.679s][info   ][gc,task     ] GC(82) Using 1 workers
[14.680s][info   ][gc,phases   ] GC(82) Pause Mark Start 0.014ms
[14.714s][info   ][gc,phases   ] GC(82) Concurrent Mark 26.712ms
[14.714s][info   ][gc,phases   ] GC(82) Pause Mark End 0.019ms
[14.720s][info   ][gc,phases   ] GC(82) Concurrent Mark Free 0.005ms
[14.727s][info   ][gc,phases   ] GC(82) Concurrent Process Non-Strong References 6.869ms
[14.727s][info   ][gc,phases   ] GC(82) Concurrent Reset Relocation Set 0.008ms
[14.734s][info   ][gc,phases   ] GC(82) Concurrent Select Relocation Set 6.739ms
[14.736s][info   ][gc,phases   ] GC(82) Pause Relocate Start 0.038ms
[14.774s][info   ][gc,phases   ] GC(82) Concurrent Relocate 32.253ms
[14.774s][info   ][gc,load     ] GC(82) Load: 4.29/3.13/2.03
[14.774s][info   ][gc,mmu      ] GC(82) MMU: 2ms/94.6%, 5ms/97.9%, 10ms/98.9%, 20ms/99.5%, 50ms/99.7%, 100ms/99.8%
[14.774s][info   ][gc,marking  ] GC(82) Mark: 1 stripe(s), 2 proactive flush(es), 1 terminate flush(es), 0 completion(s), 0 continuation(s) 
[14.774s][info   ][gc,marking  ] GC(82) Mark Stack Usage: 32M
[14.774s][info   ][gc,nmethod  ] GC(82) NMethods: 104 registered, 0 unregistered
[14.774s][info   ][gc,metaspace] GC(82) Metaspace: 0M used, 0M committed, 1088M reserved
[14.774s][info   ][gc,ref      ] GC(82) Soft: 7 encountered, 0 discovered, 0 enqueued
[14.774s][info   ][gc,ref      ] GC(82) Weak: 37 encountered, 28 discovered, 0 enqueued
[14.774s][info   ][gc,ref      ] GC(82) Final: 0 encountered, 0 discovered, 0 enqueued
[14.774s][info   ][gc,ref      ] GC(82) Phantom: 5 encountered, 2 discovered, 0 enqueued
[14.774s][info   ][gc,reloc    ] GC(82) Small Pages: 5 / 10M, Empty: 0M, Relocated: 0M, In-Place: 0
[14.774s][info   ][gc,reloc    ] GC(82) Medium Pages: 50 / 1600M, Empty: 1472M, Relocated: 24M, In-Place: 0
[14.774s][info   ][gc,reloc    ] GC(82) Large Pages: 0 / 0M, Empty: 0M, Relocated: 0M, In-Place: 0
[14.774s][info   ][gc,reloc    ] GC(82) Forwarding Usage: 0M
[14.774s][info   ][gc,heap     ] GC(82) Min Capacity: 2048M(100%)
[14.774s][info   ][gc,heap     ] GC(82) Max Capacity: 2048M(100%)
[14.774s][info   ][gc,heap     ] GC(82) Soft Max Capacity: 2048M(100%)
[14.774s][info   ][gc,heap     ] GC(82)                Mark Start          Mark End        Relocate Start      Relocate End           High               Low         
[14.774s][info   ][gc,heap     ] GC(82)  Capacity:     2048M (100%)       2048M (100%)       2048M (100%)       2048M (100%)       2048M (100%)       2048M (100%)   
[14.774s][info   ][gc,heap     ] GC(82)      Free:      438M (21%)         150M (7%)         1430M (70%)        1238M (60%)        1494M (73%)          22M (1%)     
[14.774s][info   ][gc,heap     ] GC(82)      Used:     1610M (79%)        1898M (93%)         618M (30%)         810M (40%)        2026M (99%)         554M (27%)    
[14.774s][info   ][gc,heap     ] GC(82)      Live:         -                24M (1%)           24M (1%)           24M (1%)             -                  -          
[14.774s][info   ][gc,heap     ] GC(82) Allocated:         -               288M (14%)         480M (23%)         775M (38%)            -                  -          
[14.774s][info   ][gc,heap     ] GC(82)   Garbage:         -              1585M (77%)         113M (6%)            9M (0%)             -                  -          
[14.774s][info   ][gc,heap     ] GC(82) Reclaimed:         -                  -              1472M (72%)        1575M (77%)            -                  -          
[14.774s][info   ][gc          ] GC(82) Garbage Collection (Allocation Rate) 1610M(79%)->810M(40%)
[14.776s][info   ][gc,start    ] GC(83) Garbage Collection (Allocation Rate)
[14.776s][info   ][gc,task     ] GC(83) Using 1 workers
[14.779s][info   ][gc,phases   ] GC(83) Pause Mark Start 0.013ms
[14.813s][info   ][gc,phases   ] GC(83) Concurrent Mark 28.022ms
[14.813s][info   ][gc,phases   ] GC(83) Pause Mark End 0.033ms
[14.813s][info   ][gc,phases   ] GC(83) Concurrent Mark Free 0.002ms
[14.822s][info   ][gc,phases   ] GC(83) Concurrent Process Non-Strong References 8.435ms
[14.822s][info   ][gc,phases   ] GC(83) Concurrent Reset Relocation Set 0.005ms
[14.823s][info   ][gc,phases   ] GC(83) Concurrent Select Relocation Set 1.070ms
[14.824s][info   ][gc,phases   ] GC(83) Pause Relocate Start 0.013ms
[14.940s][info   ][gc,phases   ] GC(83) Concurrent Relocate 116.123ms
[14.940s][info   ][gc,load     ] GC(83) Load: 4.29/3.13/2.03
[14.940s][info   ][gc,mmu      ] GC(83) MMU: 2ms/94.6%, 5ms/97.9%, 10ms/98.9%, 20ms/99.5%, 50ms/99.7%, 100ms/99.8%
[14.940s][info   ][gc,marking  ] GC(83) Mark: 1 stripe(s), 2 proactive flush(es), 1 terminate flush(es), 0 completion(s), 0 continuation(s) 
[14.940s][info   ][gc,marking  ] GC(83) Mark Stack Usage: 32M
[14.940s][info   ][gc,nmethod  ] GC(83) NMethods: 104 registered, 0 unregistered
[14.940s][info   ][gc,metaspace] GC(83) Metaspace: 0M used, 0M committed, 1088M reserved
[14.940s][info   ][gc,ref      ] GC(83) Soft: 7 encountered, 0 discovered, 0 enqueued
[14.940s][info   ][gc,ref      ] GC(83) Weak: 37 encountered, 28 discovered, 0 enqueued
[14.940s][info   ][gc,ref      ] GC(83) Final: 0 encountered, 0 discovered, 0 enqueued
[14.940s][info   ][gc,ref      ] GC(83) Phantom: 5 encountered, 2 discovered, 0 enqueued
[14.940s][info   ][gc,reloc    ] GC(83) Small Pages: 5 / 10M, Empty: 0M, Relocated: 0M, In-Place: 0
[14.940s][info   ][gc,reloc    ] GC(83) Medium Pages: 26 / 832M, Empty: 608M, Relocated: 49M, In-Place: 0
[14.940s][info   ][gc,reloc    ] GC(83) Large Pages: 0 / 0M, Empty: 0M, Relocated: 0M, In-Place: 0
[14.940s][info   ][gc,reloc    ] GC(83) Forwarding Usage: 0M
[14.940s][info   ][gc,heap     ] GC(83) Min Capacity: 2048M(100%)
[14.940s][info   ][gc,heap     ] GC(83) Max Capacity: 2048M(100%)
[14.940s][info   ][gc,heap     ] GC(83) Soft Max Capacity: 2048M(100%)
[14.940s][info   ][gc,heap     ] GC(83)                Mark Start          Mark End        Relocate Start      Relocate End           High               Low         
[14.940s][info   ][gc,heap     ] GC(83)  Capacity:     2048M (100%)       2048M (100%)       2048M (100%)       2048M (100%)       2048M (100%)       2048M (100%)   
[14.940s][info   ][gc,heap     ] GC(83)      Free:     1206M (59%)         918M (45%)        1430M (70%)         662M (32%)        1430M (70%)         660M (32%)    
[14.940s][info   ][gc,heap     ] GC(83)      Used:      842M (41%)        1130M (55%)         618M (30%)        1386M (68%)        1388M (68%)         618M (30%)    
[14.940s][info   ][gc,heap     ] GC(83)      Live:         -                75M (4%)           75M (4%)           75M (4%)             -                  -          
[14.940s][info   ][gc,heap     ] GC(83) Allocated:         -               288M (14%)         384M (19%)        1286M (63%)            -                  -          
[14.940s][info   ][gc,heap     ] GC(83)   Garbage:         -               766M (37%)         158M (8%)           23M (1%)             -                  -          
[14.940s][info   ][gc,heap     ] GC(83) Reclaimed:         -                  -               608M (30%)         742M (36%)            -                  -          
[14.940s][info   ][gc          ] GC(83) Garbage Collection (Allocation Rate) 842M(41%)->1386M(68%)
[14.976s][info   ][gc,start    ] GC(84) Garbage Collection (Allocation Rate)
[14.976s][info   ][gc,task     ] GC(84) Using 1 workers
[14.977s][info   ][gc,phases   ] GC(84) Pause Mark Start 0.013ms
[15.015s][info   ][gc,phases   ] GC(84) Concurrent Mark 37.203ms
[15.015s][info   ][gc,phases   ] GC(84) Pause Mark End 0.031ms
[15.016s][info   ][gc,phases   ] GC(84) Concurrent Mark Free 0.002ms
[15.017s][info   ][gc,phases   ] GC(84) Concurrent Process Non-Strong References 0.731ms
[15.017s][info   ][gc,phases   ] GC(84) Concurrent Reset Relocation Set 0.002ms
[15.018s][info   ][gc          ] Allocation Stall (Thread-5) 1.898ms
[15.018s][info   ][gc          ] Allocation Stall (Thread-4) 1.846ms
[15.018s][info   ][gc          ] Allocation Stall (Thread-1) 1.966ms
[15.018s][info   ][gc          ] Allocation Stall (Thread-7) 1.777ms
[15.018s][info   ][gc          ] Allocation Stall (Thread-3) 1.841ms
[15.021s][info   ][gc,phases   ] GC(84) Concurrent Select Relocation Set 3.820ms
[15.018s][info   ][gc          ] Allocation Stall (Thread-6) 1.972ms
[15.021s][info   ][gc          ] Allocation Stall (Thread-0) 4.383ms
[15.021s][info   ][gc,phases   ] GC(84) Pause Relocate Start 0.011ms
[15.126s][info   ][gc,phases   ] GC(84) Concurrent Relocate 98.457ms
[15.127s][info   ][gc,load     ] GC(84) Load: 4.29/3.13/2.03
[15.127s][info   ][gc,mmu      ] GC(84) MMU: 2ms/94.6%, 5ms/97.9%, 10ms/98.9%, 20ms/99.5%, 50ms/99.7%, 100ms/99.8%
[15.127s][info   ][gc,marking  ] GC(84) Mark: 1 stripe(s), 2 proactive flush(es), 1 terminate flush(es), 0 completion(s), 0 continuation(s) 
[15.127s][info   ][gc,marking  ] GC(84) Mark Stack Usage: 32M
[15.127s][info   ][gc,nmethod  ] GC(84) NMethods: 104 registered, 0 unregistered
[15.127s][info   ][gc,metaspace] GC(84) Metaspace: 0M used, 0M committed, 1088M reserved
[15.127s][info   ][gc,ref      ] GC(84) Soft: 7 encountered, 0 discovered, 0 enqueued
[15.127s][info   ][gc,ref      ] GC(84) Weak: 37 encountered, 28 discovered, 0 enqueued
[15.127s][info   ][gc,ref      ] GC(84) Final: 0 encountered, 0 discovered, 0 enqueued
[15.127s][info   ][gc,ref      ] GC(84) Phantom: 5 encountered, 2 discovered, 0 enqueued
[15.127s][info   ][gc,reloc    ] GC(84) Small Pages: 5 / 10M, Empty: 0M, Relocated: 0M, In-Place: 0
[15.127s][info   ][gc,reloc    ] GC(84) Medium Pages: 53 / 1696M, Empty: 1472M, Relocated: 43M, In-Place: 0
[15.127s][info   ][gc,reloc    ] GC(84) Large Pages: 0 / 0M, Empty: 0M, Relocated: 0M, In-Place: 0
[15.127s][info   ][gc,reloc    ] GC(84) Forwarding Usage: 0M
[15.127s][info   ][gc,heap     ] GC(84) Min Capacity: 2048M(100%)
[15.127s][info   ][gc,heap     ] GC(84) Max Capacity: 2048M(100%)
[15.127s][info   ][gc,heap     ] GC(84) Soft Max Capacity: 2048M(100%)
[15.127s][info   ][gc,heap     ] GC(84)                Mark Start          Mark End        Relocate Start      Relocate End           High               Low         
[15.127s][info   ][gc,heap     ] GC(84)  Capacity:     2048M (100%)       2048M (100%)       2048M (100%)       2048M (100%)       2048M (100%)       2048M (100%)   
[15.127s][info   ][gc,heap     ] GC(84)      Free:      342M (17%)          22M (1%)         1462M (71%)         822M (40%)        1494M (73%)          22M (1%)     
[15.127s][info   ][gc,heap     ] GC(84)      Used:     1706M (83%)        2026M (99%)         586M (29%)        1226M (60%)        2026M (99%)         554M (27%)    
[15.127s][info   ][gc,heap     ] GC(84)      Live:         -                43M (2%)           43M (2%)           43M (2%)             -                  -          
[15.127s][info   ][gc,heap     ] GC(84) Allocated:         -               320M (16%)         352M (17%)        1159M (57%)            -                  -          
[15.127s][info   ][gc,heap     ] GC(84)   Garbage:         -              1662M (81%)         190M (9%)           22M (1%)             -                  -          
[15.127s][info   ][gc,heap     ] GC(84) Reclaimed:         -                  -              1472M (72%)        1639M (80%)            -                  -          
[15.127s][info   ][gc          ] GC(84) Garbage Collection (Allocation Rate) 1706M(83%)->1226M(60%)
[15.175s][info   ][gc,start    ] GC(85) Garbage Collection (Allocation Stall)
[15.176s][info   ][gc,ref      ] GC(85) Clearing All SoftReferences
[15.176s][info   ][gc,task     ] GC(85) Using 1 workers
[15.176s][info   ][gc,phases   ] GC(85) Pause Mark Start 0.018ms
[15.209s][info   ][gc,phases   ] GC(85) Concurrent Mark 28.764ms
[15.209s][info   ][gc,phases   ] GC(85) Pause Mark End 0.037ms
[15.209s][info   ][gc,phases   ] GC(85) Concurrent Mark Free 0.003ms
[15.219s][info   ][gc,phases   ] GC(85) Concurrent Process Non-Strong References 10.104ms
[15.219s][info   ][gc,phases   ] GC(85) Concurrent Reset Relocation Set 0.007ms
[15.220s][info   ][gc,phases   ] GC(85) Concurrent Select Relocation Set 1.080ms
[15.221s][info   ][gc,phases   ] GC(85) Pause Relocate Start 0.024ms
[15.281s][info   ][gc,phases   ] GC(85) Concurrent Relocate 57.104ms
[15.281s][info   ][gc,load     ] GC(85) Load: 4.29/3.13/2.03
[15.281s][info   ][gc,mmu      ] GC(85) MMU: 2ms/94.6%, 5ms/97.9%, 10ms/98.9%, 20ms/99.5%, 50ms/99.7%, 100ms/99.8%
[15.281s][info   ][gc,marking  ] GC(85) Mark: 1 stripe(s), 2 proactive flush(es), 1 terminate flush(es), 0 completion(s), 0 continuation(s) 
[15.281s][info   ][gc,marking  ] GC(85) Mark Stack Usage: 32M
[15.281s][info   ][gc,nmethod  ] GC(85) NMethods: 104 registered, 0 unregistered
[15.281s][info   ][gc,metaspace] GC(85) Metaspace: 0M used, 0M committed, 1088M reserved
[15.281s][info   ][gc,ref      ] GC(85) Soft: 7 encountered, 5 discovered, 0 enqueued
[15.281s][info   ][gc,ref      ] GC(85) Weak: 37 encountered, 28 discovered, 0 enqueued
[15.281s][info   ][gc,ref      ] GC(85) Final: 0 encountered, 0 discovered, 0 enqueued
[15.281s][info   ][gc,ref      ] GC(85) Phantom: 5 encountered, 2 discovered, 0 enqueued
[15.281s][info   ][gc,reloc    ] GC(85) Small Pages: 5 / 10M, Empty: 0M, Relocated: 0M, In-Place: 0
[15.281s][info   ][gc,reloc    ] GC(85) Medium Pages: 51 / 1632M, Empty: 1472M, Relocated: 22M, In-Place: 0
[15.281s][info   ][gc,reloc    ] GC(85) Large Pages: 0 / 0M, Empty: 0M, Relocated: 0M, In-Place: 0
[15.281s][info   ][gc,reloc    ] GC(85) Forwarding Usage: 0M
[15.281s][info   ][gc,heap     ] GC(85) Min Capacity: 2048M(100%)
[15.281s][info   ][gc,heap     ] GC(85) Max Capacity: 2048M(100%)
[15.281s][info   ][gc,heap     ] GC(85) Soft Max Capacity: 2048M(100%)
[15.281s][info   ][gc,heap     ] GC(85)                Mark Start          Mark End        Relocate Start      Relocate End           High               Low         
[15.281s][info   ][gc,heap     ] GC(85)  Capacity:     2048M (100%)       2048M (100%)       2048M (100%)       2048M (100%)       2048M (100%)       2048M (100%)   
[15.281s][info   ][gc,heap     ] GC(85)      Free:      406M (20%)         118M (6%)         1494M (73%)        1110M (54%)        1494M (73%)          22M (1%)     
[15.281s][info   ][gc,heap     ] GC(85)      Used:     1642M (80%)        1930M (94%)         554M (27%)         938M (46%)        2026M (99%)         554M (27%)    
[15.281s][info   ][gc,heap     ] GC(85)      Live:         -                37M (2%)           37M (2%)           37M (2%)             -                  -          
[15.281s][info   ][gc,heap     ] GC(85) Allocated:         -               288M (14%)         384M (19%)         871M (43%)            -                  -          
[15.281s][info   ][gc,heap     ] GC(85)   Garbage:         -              1604M (78%)         132M (6%)           28M (1%)             -                  -          
[15.281s][info   ][gc,heap     ] GC(85) Reclaimed:         -                  -              1472M (72%)        1575M (77%)            -                  -          
[15.281s][info   ][gc          ] GC(85) Garbage Collection (Allocation Stall) 1642M(80%)->938M(46%)
[15.376s][info   ][gc,start    ] GC(86) Garbage Collection (Allocation Rate)
[15.376s][info   ][gc,task     ] GC(86) Using 1 workers
[15.377s][info   ][gc,phases   ] GC(86) Pause Mark Start 0.021ms
[15.409s][info   ][gc,phases   ] GC(86) Concurrent Mark 26.141ms
[15.410s][info   ][gc,phases   ] GC(86) Pause Mark End 0.026ms
[15.413s][info   ][gc,phases   ] GC(86) Concurrent Mark Free 0.004ms
[15.417s][info   ][gc,phases   ] GC(86) Concurrent Process Non-Strong References 4.276ms
[15.417s][info   ][gc,phases   ] GC(86) Concurrent Reset Relocation Set 0.002ms
[15.418s][info   ][gc          ] Allocation Stall (Thread-5) 1.719ms
[15.418s][info   ][gc          ] Allocation Stall (Thread-1) 1.266ms
[15.418s][info   ][gc          ] Allocation Stall (Thread-7) 1.798ms
[15.418s][info   ][gc          ] Allocation Stall (Thread-4) 1.824ms
[15.421s][info   ][gc          ] Allocation Stall (Thread-6) 4.957ms
[15.421s][info   ][gc          ] Allocation Stall (Thread-3) 4.842ms
[15.423s][info   ][gc          ] Allocation Stall (Thread-2) 7.387ms
[15.425s][info   ][gc,phases   ] GC(86) Concurrent Select Relocation Set 7.632ms
[15.425s][info   ][gc,phases   ] GC(86) Pause Relocate Start 0.017ms
[15.600s][info   ][gc,phases   ] GC(86) Concurrent Relocate 174.503ms
[15.600s][info   ][gc,load     ] GC(86) Load: 4.29/3.13/2.03
[15.600s][info   ][gc,mmu      ] GC(86) MMU: 2ms/94.6%, 5ms/97.9%, 10ms/98.9%, 20ms/99.5%, 50ms/99.7%, 100ms/99.8%
[15.600s][info   ][gc,marking  ] GC(86) Mark: 1 stripe(s), 2 proactive flush(es), 1 terminate flush(es), 0 completion(s), 0 continuation(s) 
[15.600s][info   ][gc,marking  ] GC(86) Mark Stack Usage: 32M
[15.600s][info   ][gc,nmethod  ] GC(86) NMethods: 104 registered, 0 unregistered
[15.600s][info   ][gc,metaspace] GC(86) Metaspace: 0M used, 0M committed, 1088M reserved
[15.600s][info   ][gc,ref      ] GC(86) Soft: 7 encountered, 0 discovered, 0 enqueued
[15.600s][info   ][gc,ref      ] GC(86) Weak: 37 encountered, 28 discovered, 0 enqueued
[15.600s][info   ][gc,ref      ] GC(86) Final: 0 encountered, 0 discovered, 0 enqueued
[15.600s][info   ][gc,ref      ] GC(86) Phantom: 5 encountered, 2 discovered, 0 enqueued
[15.600s][info   ][gc,reloc    ] GC(86) Small Pages: 5 / 10M, Empty: 0M, Relocated: 0M, In-Place: 0
[15.600s][info   ][gc,reloc    ] GC(86) Medium Pages: 53 / 1696M, Empty: 1440M, Relocated: 79M, In-Place: 0
[15.600s][info   ][gc,reloc    ] GC(86) Large Pages: 0 / 0M, Empty: 0M, Relocated: 0M, In-Place: 0
[15.600s][info   ][gc,reloc    ] GC(86) Forwarding Usage: 0M
[15.600s][info   ][gc,heap     ] GC(86) Min Capacity: 2048M(100%)
[15.600s][info   ][gc,heap     ] GC(86) Max Capacity: 2048M(100%)
[15.600s][info   ][gc,heap     ] GC(86) Soft Max Capacity: 2048M(100%)
[15.600s][info   ][gc,heap     ] GC(86)                Mark Start          Mark End        Relocate Start      Relocate End           High               Low         
[15.600s][info   ][gc,heap     ] GC(86)  Capacity:     2048M (100%)       2048M (100%)       2048M (100%)       2048M (100%)       2048M (100%)       2048M (100%)   
[15.600s][info   ][gc,heap     ] GC(86)      Free:      342M (17%)          54M (3%)         1398M (68%)         214M (10%)        1462M (71%)          22M (1%)     
[15.600s][info   ][gc,heap     ] GC(86)      Used:     1706M (83%)        1994M (97%)         650M (32%)        1834M (90%)        2026M (99%)         586M (29%)    
[15.600s][info   ][gc,heap     ] GC(86)      Live:         -                80M (4%)           80M (4%)           80M (4%)             -                  -          
[15.600s][info   ][gc,heap     ] GC(86) Allocated:         -               288M (14%)         384M (19%)        1735M (85%)            -                  -          
[15.600s][info   ][gc,heap     ] GC(86)   Garbage:         -              1625M (79%)         185M (9%)           17M (1%)             -                  -          
[15.600s][info   ][gc,heap     ] GC(86) Reclaimed:         -                  -              1440M (70%)        1607M (79%)            -                  -          
[15.600s][info   ][gc          ] GC(86) Garbage Collection (Allocation Rate) 1706M(83%)->1834M(90%)
[15.631s][info   ][gc,start    ] GC(87) Garbage Collection (Allocation Stall)
[15.631s][info   ][gc,ref      ] GC(87) Clearing All SoftReferences
[15.631s][info   ][gc,task     ] GC(87) Using 1 workers
[15.632s][info   ][gc,phases   ] GC(87) Pause Mark Start 0.014ms
[15.635s][info   ][gc,phases   ] GC(87) Concurrent Mark 3.143ms
[15.635s][info   ][gc,phases   ] GC(87) Pause Mark End 0.015ms
[15.636s][info   ][gc,phases   ] GC(87) Concurrent Mark Free 0.001ms
[15.636s][info   ][gc,phases   ] GC(87) Concurrent Process Non-Strong References 0.570ms
[15.636s][info   ][gc,phases   ] GC(87) Concurrent Reset Relocation Set 0.002ms
[15.637s][info   ][gc          ] Allocation Stall (Thread-6) 6.175ms
[15.637s][info   ][gc          ] Allocation Stall (Thread-4) 6.388ms
[15.637s][info   ][gc          ] Allocation Stall (Thread-7) 5.983ms
[15.637s][info   ][gc          ] Allocation Stall (Thread-2) 6.291ms
[15.637s][info   ][gc          ] Allocation Stall (Thread-3) 6.327ms
[15.641s][info   ][gc          ] Allocation Stall (Thread-1) 9.399ms
[15.637s][info   ][gc          ] Allocation Stall (Thread-0) 6.004ms
[15.643s][info   ][gc          ] Allocation Stall (Thread-5) 10.732ms
[15.645s][info   ][gc,phases   ] GC(87) Concurrent Select Relocation Set 9.344ms
[15.646s][info   ][gc,phases   ] GC(87) Pause Relocate Start 0.025ms
[15.666s][info   ][gc,phases   ] GC(87) Concurrent Relocate 18.431ms
[15.667s][info   ][gc,load     ] GC(87) Load: 4.29/3.13/2.03
[15.667s][info   ][gc,mmu      ] GC(87) MMU: 2ms/94.6%, 5ms/97.9%, 10ms/98.9%, 20ms/99.5%, 50ms/99.7%, 100ms/99.8%
[15.667s][info   ][gc,marking  ] GC(87) Mark: 1 stripe(s), 2 proactive flush(es), 1 terminate flush(es), 0 completion(s), 0 continuation(s) 
[15.667s][info   ][gc,marking  ] GC(87) Mark Stack Usage: 32M
[15.667s][info   ][gc,nmethod  ] GC(87) NMethods: 104 registered, 0 unregistered
[15.667s][info   ][gc,metaspace] GC(87) Metaspace: 0M used, 0M committed, 1088M reserved
[15.667s][info   ][gc,ref      ] GC(87) Soft: 7 encountered, 5 discovered, 0 enqueued
[15.667s][info   ][gc,ref      ] GC(87) Weak: 37 encountered, 28 discovered, 0 enqueued
[15.667s][info   ][gc,ref      ] GC(87) Final: 0 encountered, 0 discovered, 0 enqueued
[15.667s][info   ][gc,ref      ] GC(87) Phantom: 5 encountered, 2 discovered, 0 enqueued
[15.667s][info   ][gc,reloc    ] GC(87) Small Pages: 5 / 10M, Empty: 0M, Relocated: 0M, In-Place: 0
[15.667s][info   ][gc,reloc    ] GC(87) Medium Pages: 63 / 2016M, Empty: 1344M, Relocated: 80M, In-Place: 0
[15.667s][info   ][gc,reloc    ] GC(87) Large Pages: 0 / 0M, Empty: 0M, Relocated: 0M, In-Place: 0
[15.667s][info   ][gc,reloc    ] GC(87) Forwarding Usage: 0M
[15.667s][info   ][gc,heap     ] GC(87) Min Capacity: 2048M(100%)
[15.667s][info   ][gc,heap     ] GC(87) Max Capacity: 2048M(100%)
[15.667s][info   ][gc,heap     ] GC(87) Soft Max Capacity: 2048M(100%)
[15.667s][info   ][gc,heap     ] GC(87)                Mark Start          Mark End        Relocate Start      Relocate End           High               Low         
[15.667s][info   ][gc,heap     ] GC(87)  Capacity:     2048M (100%)       2048M (100%)       2048M (100%)       2048M (100%)       2048M (100%)       2048M (100%)   
[15.667s][info   ][gc,heap     ] GC(87)      Free:       22M (1%)           22M (1%)         1270M (62%)        1686M (82%)        1686M (82%)          22M (1%)     
[15.667s][info   ][gc,heap     ] GC(87)      Used:     2026M (99%)        2026M (99%)         778M (38%)         362M (18%)        2026M (99%)         362M (18%)    
[15.667s][info   ][gc,heap     ] GC(87)      Live:         -               173M (8%)          173M (8%)          173M (8%)             -                  -          
[15.667s][info   ][gc,heap     ] GC(87) Allocated:         -                 0M (0%)           96M (5%)          126M (6%)             -                  -          
[15.667s][info   ][gc,heap     ] GC(87)   Garbage:         -              1852M (90%)         508M (25%)          61M (3%)             -                  -          
[15.667s][info   ][gc,heap     ] GC(87) Reclaimed:         -                  -              1344M (66%)        1790M (87%)            -                  -          
[15.667s][info   ][gc          ] GC(87) Garbage Collection (Allocation Stall) 2026M(99%)->362M(18%)
[15.679s][info   ][gc,start    ] GC(88) Garbage Collection (Allocation Stall)
[15.679s][info   ][gc,ref      ] GC(88) Clearing All SoftReferences
[15.679s][info   ][gc,task     ] GC(88) Using 1 workers
[15.680s][info   ][gc,phases   ] GC(88) Pause Mark Start 0.040ms
[15.708s][info   ][gc,phases   ] GC(88) Concurrent Mark 27.573ms
[15.709s][info   ][gc,phases   ] GC(88) Pause Mark End 0.028ms
[15.709s][info   ][gc,phases   ] GC(88) Concurrent Mark Free 0.003ms
[15.715s][info   ][gc,phases   ] GC(88) Concurrent Process Non-Strong References 6.073ms
[15.715s][info   ][gc,phases   ] GC(88) Concurrent Reset Relocation Set 0.013ms
[15.723s][info   ][gc,phases   ] GC(88) Concurrent Select Relocation Set 7.236ms
[15.723s][info   ][gc,phases   ] GC(88) Pause Relocate Start 0.022ms
[15.889s][info   ][gc,phases   ] GC(88) Concurrent Relocate 165.261ms
[15.889s][info   ][gc,load     ] GC(88) Load: 4.29/3.13/2.03
[15.889s][info   ][gc,mmu      ] GC(88) MMU: 2ms/94.6%, 5ms/97.9%, 10ms/98.9%, 20ms/99.5%, 50ms/99.7%, 100ms/99.8%
[15.889s][info   ][gc,marking  ] GC(88) Mark: 1 stripe(s), 2 proactive flush(es), 1 terminate flush(es), 0 completion(s), 0 continuation(s) 
[15.889s][info   ][gc,marking  ] GC(88) Mark Stack Usage: 32M
[15.889s][info   ][gc,nmethod  ] GC(88) NMethods: 104 registered, 0 unregistered
[15.889s][info   ][gc,metaspace] GC(88) Metaspace: 0M used, 0M committed, 1088M reserved
[15.889s][info   ][gc,ref      ] GC(88) Soft: 7 encountered, 5 discovered, 0 enqueued
[15.889s][info   ][gc,ref      ] GC(88) Weak: 37 encountered, 28 discovered, 0 enqueued
[15.889s][info   ][gc,ref      ] GC(88) Final: 0 encountered, 0 discovered, 0 enqueued
[15.889s][info   ][gc,ref      ] GC(88) Phantom: 5 encountered, 2 discovered, 0 enqueued
[15.889s][info   ][gc,reloc    ] GC(88) Small Pages: 5 / 10M, Empty: 0M, Relocated: 0M, In-Place: 0
[15.889s][info   ][gc,reloc    ] GC(88) Medium Pages: 15 / 480M, Empty: 32M, Relocated: 135M, In-Place: 0
[15.889s][info   ][gc,reloc    ] GC(88) Large Pages: 0 / 0M, Empty: 0M, Relocated: 0M, In-Place: 0
[15.889s][info   ][gc,reloc    ] GC(88) Forwarding Usage: 0M
[15.889s][info   ][gc,heap     ] GC(88) Min Capacity: 2048M(100%)
[15.889s][info   ][gc,heap     ] GC(88) Max Capacity: 2048M(100%)
[15.889s][info   ][gc,heap     ] GC(88) Soft Max Capacity: 2048M(100%)
[15.889s][info   ][gc,heap     ] GC(88)                Mark Start          Mark End        Relocate Start      Relocate End           High               Low         
[15.889s][info   ][gc,heap     ] GC(88)  Capacity:     2048M (100%)       2048M (100%)       2048M (100%)       2048M (100%)       2048M (100%)       2048M (100%)   
[15.889s][info   ][gc,heap     ] GC(88)      Free:     1558M (76%)        1334M (65%)        1238M (60%)         406M (20%)        1558M (76%)         398M (19%)    
[15.889s][info   ][gc,heap     ] GC(88)      Used:      490M (24%)         714M (35%)         810M (40%)        1642M (80%)        1650M (81%)         490M (24%)    
[15.889s][info   ][gc,heap     ] GC(88)      Live:         -               184M (9%)          184M (9%)          184M (9%)             -                  -          
[15.889s][info   ][gc,heap     ] GC(88) Allocated:         -               224M (11%)         352M (17%)        1431M (70%)            -                  -          
[15.889s][info   ][gc,heap     ] GC(88)   Garbage:         -               305M (15%)         273M (13%)          25M (1%)             -                  -          
[15.889s][info   ][gc,heap     ] GC(88) Reclaimed:         -                  -                32M (2%)          279M (14%)            -                  -          
[15.889s][info   ][gc          ] GC(88) Garbage Collection (Allocation Stall) 490M(24%)->1642M(80%)
[15.939s][info   ][gc,start    ] GC(89) Garbage Collection (Allocation Stall)
[15.939s][info   ][gc,ref      ] GC(89) Clearing All SoftReferences
[15.939s][info   ][gc,task     ] GC(89) Using 1 workers
[15.939s][info   ][gc,phases   ] GC(89) Pause Mark Start 0.013ms
[15.942s][info   ][gc,phases   ] GC(89) Concurrent Mark 2.621ms
[15.942s][info   ][gc,phases   ] GC(89) Pause Mark End 0.012ms
[15.942s][info   ][gc,phases   ] GC(89) Concurrent Mark Free 0.001ms
[15.943s][info   ][gc,phases   ] GC(89) Concurrent Process Non-Strong References 0.516ms
[15.943s][info   ][gc,phases   ] GC(89) Concurrent Reset Relocation Set 0.002ms
[15.944s][info   ][gc          ] Allocation Stall (Thread-1) 4.721ms
[15.944s][info   ][gc          ] Allocation Stall (Thread-6) 2.329ms
[15.944s][info   ][gc          ] Allocation Stall (Thread-0) 4.730ms
[15.944s][info   ][gc          ] Allocation Stall (Thread-2) 4.990ms
[15.947s][info   ][gc          ] Allocation Stall (Thread-7) 8.368ms
[15.947s][info   ][gc          ] Allocation Stall (Thread-4) 8.571ms
[15.950s][info   ][gc          ] Allocation Stall (Thread-3) 10.705ms
[15.950s][info   ][gc,phases   ] GC(89) Concurrent Select Relocation Set 6.990ms
[15.951s][info   ][gc,phases   ] GC(89) Pause Relocate Start 0.021ms
[16.035s][info   ][gc,phases   ] GC(89) Concurrent Relocate 84.011ms
[16.036s][info   ][gc,load     ] GC(89) Load: 4.29/3.13/2.03
[16.036s][info   ][gc,mmu      ] GC(89) MMU: 2ms/94.6%, 5ms/97.9%, 10ms/98.9%, 20ms/99.5%, 50ms/99.7%, 100ms/99.8%
[16.036s][info   ][gc,marking  ] GC(89) Mark: 1 stripe(s), 2 proactive flush(es), 1 terminate flush(es), 0 completion(s), 0 continuation(s) 
[16.036s][info   ][gc,marking  ] GC(89) Mark Stack Usage: 32M
[16.036s][info   ][gc,nmethod  ] GC(89) NMethods: 104 registered, 0 unregistered
[16.036s][info   ][gc,metaspace] GC(89) Metaspace: 0M used, 0M committed, 1088M reserved
[16.036s][info   ][gc,ref      ] GC(89) Soft: 7 encountered, 5 discovered, 0 enqueued
[16.036s][info   ][gc,ref      ] GC(89) Weak: 37 encountered, 28 discovered, 0 enqueued
[16.036s][info   ][gc,ref      ] GC(89) Final: 0 encountered, 0 discovered, 0 enqueued
[16.036s][info   ][gc,ref      ] GC(89) Phantom: 5 encountered, 2 discovered, 0 enqueued
[16.036s][info   ][gc,reloc    ] GC(89) Small Pages: 5 / 10M, Empty: 0M, Relocated: 0M, In-Place: 0
[16.036s][info   ][gc,reloc    ] GC(89) Medium Pages: 63 / 2016M, Empty: 1536M, Relocated: 82M, In-Place: 0
[16.036s][info   ][gc,reloc    ] GC(89) Large Pages: 0 / 0M, Empty: 0M, Relocated: 0M, In-Place: 0
[16.036s][info   ][gc,reloc    ] GC(89) Forwarding Usage: 0M
[16.036s][info   ][gc,heap     ] GC(89) Min Capacity: 2048M(100%)
[16.036s][info   ][gc,heap     ] GC(89) Max Capacity: 2048M(100%)
[16.036s][info   ][gc,heap     ] GC(89) Soft Max Capacity: 2048M(100%)
[16.036s][info   ][gc,heap     ] GC(89)                Mark Start          Mark End        Relocate Start      Relocate End           High               Low         
[16.036s][info   ][gc,heap     ] GC(89)  Capacity:     2048M (100%)       2048M (100%)       2048M (100%)       2048M (100%)       2048M (100%)       2048M (100%)   
[16.036s][info   ][gc,heap     ] GC(89)      Free:       22M (1%)           22M (1%)         1462M (71%)        1270M (62%)        1678M (82%)          22M (1%)     
[16.036s][info   ][gc,heap     ] GC(89)      Used:     2026M (99%)        2026M (99%)         586M (29%)         778M (38%)        2026M (99%)         370M (18%)    
[16.036s][info   ][gc,heap     ] GC(89)      Live:         -               107M (5%)          107M (5%)          107M (5%)             -                  -          
[16.036s][info   ][gc,heap     ] GC(89) Allocated:         -                 0M (0%)           96M (5%)          653M (32%)            -                  -          
[16.036s][info   ][gc,heap     ] GC(89)   Garbage:         -              1918M (94%)         382M (19%)          16M (1%)             -                  -          
[16.036s][info   ][gc,heap     ] GC(89) Reclaimed:         -                  -              1536M (75%)        1901M (93%)            -                  -          
[16.036s][info   ][gc          ] GC(89) Garbage Collection (Allocation Stall) 2026M(99%)->778M(38%)
[16.078s][info   ][gc,start    ] GC(90) Garbage Collection (Allocation Stall)
[16.078s][info   ][gc,ref      ] GC(90) Clearing All SoftReferences
[16.078s][info   ][gc,task     ] GC(90) Using 1 workers
[16.081s][info   ][gc,phases   ] GC(90) Pause Mark Start 0.016ms
[16.099s][info   ][gc,phases   ] GC(90) Concurrent Mark 17.872ms
[16.099s][info   ][gc,phases   ] GC(90) Pause Mark End 0.027ms
[16.104s][info   ][gc,phases   ] GC(90) Concurrent Mark Free 0.005ms
[16.111s][info   ][gc,phases   ] GC(90) Concurrent Process Non-Strong References 7.279ms
[16.111s][info   ][gc,phases   ] GC(90) Concurrent Reset Relocation Set 0.010ms
[16.115s][info   ][gc,phases   ] GC(90) Concurrent Select Relocation Set 3.472ms
[16.115s][info   ][gc,phases   ] GC(90) Pause Relocate Start 0.017ms
[16.232s][info   ][gc,phases   ] GC(90) Concurrent Relocate 110.320ms
[16.233s][info   ][gc,load     ] GC(90) Load: 4.29/3.13/2.03
[16.233s][info   ][gc,mmu      ] GC(90) MMU: 2ms/94.6%, 5ms/97.9%, 10ms/98.9%, 20ms/99.5%, 50ms/99.7%, 100ms/99.8%
[16.233s][info   ][gc,marking  ] GC(90) Mark: 1 stripe(s), 2 proactive flush(es), 1 terminate flush(es), 0 completion(s), 0 continuation(s) 
[16.233s][info   ][gc,marking  ] GC(90) Mark Stack Usage: 32M
[16.233s][info   ][gc,nmethod  ] GC(90) NMethods: 104 registered, 0 unregistered
[16.233s][info   ][gc,metaspace] GC(90) Metaspace: 0M used, 0M committed, 1088M reserved
[16.233s][info   ][gc,ref      ] GC(90) Soft: 7 encountered, 5 discovered, 0 enqueued
[16.233s][info   ][gc,ref      ] GC(90) Weak: 37 encountered, 28 discovered, 0 enqueued
[16.233s][info   ][gc,ref      ] GC(90) Final: 0 encountered, 0 discovered, 0 enqueued
[16.233s][info   ][gc,ref      ] GC(90) Phantom: 5 encountered, 2 discovered, 0 enqueued
[16.233s][info   ][gc,reloc    ] GC(90) Small Pages: 5 / 10M, Empty: 0M, Relocated: 0M, In-Place: 0
[16.233s][info   ][gc,reloc    ] GC(90) Medium Pages: 35 / 1120M, Empty: 832M, Relocated: 48M, In-Place: 0
[16.233s][info   ][gc,reloc    ] GC(90) Large Pages: 0 / 0M, Empty: 0M, Relocated: 0M, In-Place: 0
[16.233s][info   ][gc,reloc    ] GC(90) Forwarding Usage: 0M
[16.233s][info   ][gc,heap     ] GC(90) Min Capacity: 2048M(100%)
[16.233s][info   ][gc,heap     ] GC(90) Max Capacity: 2048M(100%)
[16.233s][info   ][gc,heap     ] GC(90) Soft Max Capacity: 2048M(100%)
[16.233s][info   ][gc,heap     ] GC(90)                Mark Start          Mark End        Relocate Start      Relocate End           High               Low         
[16.233s][info   ][gc,heap     ] GC(90)  Capacity:     2048M (100%)       2048M (100%)       2048M (100%)       2048M (100%)       2048M (100%)       2048M (100%)   
[16.233s][info   ][gc,heap     ] GC(90)      Free:      918M (45%)         758M (37%)        1462M (71%)         790M (39%)        1494M (73%)         662M (32%)    
[16.233s][info   ][gc,heap     ] GC(90)      Used:     1130M (55%)        1290M (63%)         586M (29%)        1258M (61%)        1386M (68%)         554M (27%)    
[16.233s][info   ][gc,heap     ] GC(90)      Live:         -                67M (3%)           67M (3%)           67M (3%)             -                  -          
[16.233s][info   ][gc,heap     ] GC(90) Allocated:         -               160M (8%)          288M (14%)        1159M (57%)            -                  -          
[16.233s][info   ][gc,heap     ] GC(90)   Garbage:         -              1062M (52%)         230M (11%)          30M (1%)             -                  -          
[16.233s][info   ][gc,heap     ] GC(90) Reclaimed:         -                  -               832M (41%)        1031M (50%)            -                  -          
[16.233s][info   ][gc          ] GC(90) Garbage Collection (Allocation Stall) 1130M(55%)->1258M(61%)
[16.276s][info   ][gc,start    ] GC(91) Garbage Collection (Allocation Rate)
[16.277s][info   ][gc,task     ] GC(91) Using 1 workers
[16.277s][info   ][gc,phases   ] GC(91) Pause Mark Start 0.015ms
[16.311s][info   ][gc,phases   ] GC(91) Concurrent Mark 31.953ms
[16.312s][info   ][gc,phases   ] GC(91) Pause Mark End 0.025ms
[16.316s][info   ][gc,phases   ] GC(91) Concurrent Mark Free 0.006ms
[16.319s][info   ][gc,phases   ] GC(91) Concurrent Process Non-Strong References 2.375ms
[16.319s][info   ][gc,phases   ] GC(91) Concurrent Reset Relocation Set 0.007ms
[16.320s][info   ][gc,phases   ] GC(91) Concurrent Select Relocation Set 1.122ms
[16.321s][info   ][gc,phases   ] GC(91) Pause Relocate Start 0.022ms
[16.402s][info   ][gc,phases   ] GC(91) Concurrent Relocate 80.677ms
[16.402s][info   ][gc,load     ] GC(91) Load: 4.29/3.13/2.03
[16.402s][info   ][gc,mmu      ] GC(91) MMU: 2ms/94.6%, 5ms/97.9%, 10ms/98.9%, 20ms/99.5%, 50ms/99.7%, 100ms/99.8%
[16.402s][info   ][gc,marking  ] GC(91) Mark: 1 stripe(s), 2 proactive flush(es), 1 terminate flush(es), 0 completion(s), 0 continuation(s) 
[16.402s][info   ][gc,marking  ] GC(91) Mark Stack Usage: 32M
[16.402s][info   ][gc,nmethod  ] GC(91) NMethods: 104 registered, 0 unregistered
[16.402s][info   ][gc,metaspace] GC(91) Metaspace: 0M used, 0M committed, 1088M reserved
[16.402s][info   ][gc,ref      ] GC(91) Soft: 7 encountered, 0 discovered, 0 enqueued
[16.402s][info   ][gc,ref      ] GC(91) Weak: 37 encountered, 28 discovered, 0 enqueued
[16.402s][info   ][gc,ref      ] GC(91) Final: 0 encountered, 0 discovered, 0 enqueued
[16.402s][info   ][gc,ref      ] GC(91) Phantom: 5 encountered, 2 discovered, 0 enqueued
[16.402s][info   ][gc,reloc    ] GC(91) Small Pages: 5 / 10M, Empty: 0M, Relocated: 0M, In-Place: 0
[16.402s][info   ][gc,reloc    ] GC(91) Medium Pages: 50 / 1600M, Empty: 1248M, Relocated: 54M, In-Place: 0
[16.402s][info   ][gc,reloc    ] GC(91) Large Pages: 0 / 0M, Empty: 0M, Relocated: 0M, In-Place: 0
[16.402s][info   ][gc,reloc    ] GC(91) Forwarding Usage: 0M
[16.402s][info   ][gc,heap     ] GC(91) Min Capacity: 2048M(100%)
[16.402s][info   ][gc,heap     ] GC(91) Max Capacity: 2048M(100%)
[16.402s][info   ][gc,heap     ] GC(91) Soft Max Capacity: 2048M(100%)
[16.402s][info   ][gc,heap     ] GC(91)                Mark Start          Mark End        Relocate Start      Relocate End           High               Low         
[16.402s][info   ][gc,heap     ] GC(91)  Capacity:     2048M (100%)       2048M (100%)       2048M (100%)       2048M (100%)       2048M (100%)       2048M (100%)   
[16.402s][info   ][gc,heap     ] GC(91)      Free:      438M (21%)         150M (7%)         1334M (65%)        1046M (51%)        1392M (68%)          86M (4%)     
[16.402s][info   ][gc,heap     ] GC(91)      Used:     1610M (79%)        1898M (93%)         714M (35%)        1002M (49%)        1962M (96%)         656M (32%)    
[16.402s][info   ][gc,heap     ] GC(91)      Live:         -                74M (4%)           74M (4%)           74M (4%)             -                  -          
[16.402s][info   ][gc,heap     ] GC(91) Allocated:         -               288M (14%)         352M (17%)         903M (44%)            -                  -          
[16.402s][info   ][gc,heap     ] GC(91)   Garbage:         -              1535M (75%)         287M (14%)          23M (1%)             -                  -          
[16.402s][info   ][gc,heap     ] GC(91) Reclaimed:         -                  -              1248M (61%)        1511M (74%)            -                  -          
[16.402s][info   ][gc          ] GC(91) Garbage Collection (Allocation Rate) 1610M(79%)->1002M(49%)
[16.476s][info   ][gc,start    ] GC(92) Garbage Collection (Allocation Rate)
[16.476s][info   ][gc,task     ] GC(92) Using 1 workers
[16.482s][info   ][gc,phases   ] GC(92) Pause Mark Start 0.025ms
[16.511s][info   ][gc,phases   ] GC(92) Concurrent Mark 28.935ms
[16.512s][info   ][gc,phases   ] GC(92) Pause Mark End 0.026ms
[16.517s][info   ][gc,phases   ] GC(92) Concurrent Mark Free 0.006ms
[16.539s][info   ][gc,phases   ] GC(92) Concurrent Process Non-Strong References 22.016ms
[16.539s][info   ][gc,phases   ] GC(92) Concurrent Reset Relocation Set 0.019ms
[16.551s][info   ][gc,phases   ] GC(92) Concurrent Select Relocation Set 11.288ms
[16.551s][info   ][gc,phases   ] GC(92) Pause Relocate Start 0.030ms
[16.636s][info   ][gc,phases   ] GC(92) Concurrent Relocate 77.646ms
[16.636s][info   ][gc,load     ] GC(92) Load: 4.67/3.23/2.07
[16.636s][info   ][gc,mmu      ] GC(92) MMU: 2ms/94.6%, 5ms/97.9%, 10ms/98.9%, 20ms/99.5%, 50ms/99.7%, 100ms/99.8%
[16.636s][info   ][gc,marking  ] GC(92) Mark: 1 stripe(s), 2 proactive flush(es), 1 terminate flush(es), 0 completion(s), 0 continuation(s) 
[16.636s][info   ][gc,marking  ] GC(92) Mark Stack Usage: 32M
[16.636s][info   ][gc,nmethod  ] GC(92) NMethods: 104 registered, 0 unregistered
[16.636s][info   ][gc,metaspace] GC(92) Metaspace: 0M used, 0M committed, 1088M reserved
[16.636s][info   ][gc,ref      ] GC(92) Soft: 7 encountered, 0 discovered, 0 enqueued
[16.637s][info   ][gc,ref      ] GC(92) Weak: 37 encountered, 28 discovered, 0 enqueued
[16.637s][info   ][gc,ref      ] GC(92) Final: 0 encountered, 0 discovered, 0 enqueued
[16.637s][info   ][gc,ref      ] GC(92) Phantom: 5 encountered, 2 discovered, 0 enqueued
[16.637s][info   ][gc,reloc    ] GC(92) Small Pages: 5 / 10M, Empty: 0M, Relocated: 0M, In-Place: 0
[16.637s][info   ][gc,reloc    ] GC(92) Medium Pages: 50 / 1600M, Empty: 1472M, Relocated: 24M, In-Place: 0
[16.637s][info   ][gc,reloc    ] GC(92) Large Pages: 0 / 0M, Empty: 0M, Relocated: 0M, In-Place: 0
[16.637s][info   ][gc,reloc    ] GC(92) Forwarding Usage: 0M
[16.637s][info   ][gc,heap     ] GC(92) Min Capacity: 2048M(100%)
[16.637s][info   ][gc,heap     ] GC(92) Max Capacity: 2048M(100%)
[16.637s][info   ][gc,heap     ] GC(92) Soft Max Capacity: 2048M(100%)
[16.637s][info   ][gc,heap     ] GC(92)                Mark Start          Mark End        Relocate Start      Relocate End           High               Low         
[16.637s][info   ][gc,heap     ] GC(92)  Capacity:     2048M (100%)       2048M (100%)       2048M (100%)       2048M (100%)       2048M (100%)       2048M (100%)   
[16.637s][info   ][gc,heap     ] GC(92)      Free:      438M (21%)         214M (10%)        1430M (70%)        1014M (50%)        1494M (73%)          22M (1%)     
[16.637s][info   ][gc,heap     ] GC(92)      Used:     1610M (79%)        1834M (90%)         618M (30%)        1034M (50%)        2026M (99%)         554M (27%)    
[16.637s][info   ][gc,heap     ] GC(92)      Live:         -                42M (2%)           42M (2%)           42M (2%)             -                  -          
[16.637s][info   ][gc,heap     ] GC(92) Allocated:         -               224M (11%)         480M (23%)         967M (47%)            -                  -          
[16.637s][info   ][gc,heap     ] GC(92)   Garbage:         -              1567M (77%)          95M (5%)           23M (1%)             -                  -          
[16.637s][info   ][gc,heap     ] GC(92) Reclaimed:         -                  -              1472M (72%)        1543M (75%)            -                  -          
[16.637s][info   ][gc          ] GC(92) Garbage Collection (Allocation Rate) 1610M(79%)->1034M(50%)
[16.680s][info   ][gc,start    ] GC(93) Garbage Collection (Allocation Rate)
[16.680s][info   ][gc,task     ] GC(93) Using 1 workers
[16.683s][info   ][gc,phases   ] GC(93) Pause Mark Start 0.050ms
[16.720s][info   ][gc,phases   ] GC(93) Concurrent Mark 36.459ms
[16.720s][info   ][gc,phases   ] GC(93) Pause Mark End 0.030ms
[16.720s][info   ][gc,phases   ] GC(93) Concurrent Mark Free 0.002ms
[16.731s][info   ][gc,phases   ] GC(93) Concurrent Process Non-Strong References 10.777ms
[16.731s][info   ][gc,phases   ] GC(93) Concurrent Reset Relocation Set 0.009ms
[16.736s][info   ][gc,phases   ] GC(93) Concurrent Select Relocation Set 4.560ms
[16.736s][info   ][gc,phases   ] GC(93) Pause Relocate Start 0.027ms
[16.780s][info   ][gc,phases   ] GC(93) Concurrent Relocate 42.886ms
[16.780s][info   ][gc,load     ] GC(93) Load: 4.67/3.23/2.07
[16.780s][info   ][gc,mmu      ] GC(93) MMU: 2ms/94.6%, 5ms/97.9%, 10ms/98.9%, 20ms/99.5%, 50ms/99.7%, 100ms/99.8%
[16.780s][info   ][gc,marking  ] GC(93) Mark: 1 stripe(s), 2 proactive flush(es), 1 terminate flush(es), 0 completion(s), 0 continuation(s) 
[16.780s][info   ][gc,marking  ] GC(93) Mark Stack Usage: 32M
[16.780s][info   ][gc,nmethod  ] GC(93) NMethods: 104 registered, 0 unregistered
[16.780s][info   ][gc,metaspace] GC(93) Metaspace: 0M used, 0M committed, 1088M reserved
[16.780s][info   ][gc,ref      ] GC(93) Soft: 7 encountered, 0 discovered, 0 enqueued
[16.780s][info   ][gc,ref      ] GC(93) Weak: 37 encountered, 28 discovered, 0 enqueued
[16.780s][info   ][gc,ref      ] GC(93) Final: 0 encountered, 0 discovered, 0 enqueued
[16.780s][info   ][gc,ref      ] GC(93) Phantom: 5 encountered, 2 discovered, 0 enqueued
[16.780s][info   ][gc,reloc    ] GC(93) Small Pages: 5 / 10M, Empty: 0M, Relocated: 0M, In-Place: 0
[16.780s][info   ][gc,reloc    ] GC(93) Medium Pages: 42 / 1344M, Empty: 1120M, Relocated: 19M, In-Place: 0
[16.780s][info   ][gc,reloc    ] GC(93) Large Pages: 0 / 0M, Empty: 0M, Relocated: 0M, In-Place: 0
[16.780s][info   ][gc,reloc    ] GC(93) Forwarding Usage: 0M
[16.780s][info   ][gc,heap     ] GC(93) Min Capacity: 2048M(100%)
[16.780s][info   ][gc,heap     ] GC(93) Max Capacity: 2048M(100%)
[16.780s][info   ][gc,heap     ] GC(93) Soft Max Capacity: 2048M(100%)
[16.780s][info   ][gc,heap     ] GC(93)                Mark Start          Mark End        Relocate Start      Relocate End           High               Low         
[16.780s][info   ][gc,heap     ] GC(93)  Capacity:     2048M (100%)       2048M (100%)       2048M (100%)       2048M (100%)       2048M (100%)       2048M (100%)   
[16.780s][info   ][gc,heap     ] GC(93)      Free:      694M (34%)         470M (23%)        1494M (73%)        1302M (64%)        1526M (75%)         406M (20%)    
[16.780s][info   ][gc,heap     ] GC(93)      Used:     1354M (66%)        1578M (77%)         554M (27%)         746M (36%)        1642M (80%)         522M (25%)    
[16.780s][info   ][gc,heap     ] GC(93)      Live:         -                88M (4%)           88M (4%)           88M (4%)             -                  -          
[16.780s][info   ][gc,heap     ] GC(93) Allocated:         -               224M (11%)         320M (16%)         613M (30%)            -                  -          
[16.780s][info   ][gc,heap     ] GC(93)   Garbage:         -              1265M (62%)         145M (7%)           43M (2%)             -                  -          
[16.780s][info   ][gc,heap     ] GC(93) Reclaimed:         -                  -              1120M (55%)        1221M (60%)            -                  -          
[16.780s][info   ][gc          ] GC(93) Garbage Collection (Allocation Rate) 1354M(66%)->746M(36%)
[16.876s][info   ][gc,start    ] GC(94) Garbage Collection (Allocation Rate)
[16.876s][info   ][gc,task     ] GC(94) Using 1 workers
[16.876s][info   ][gc,phases   ] GC(94) Pause Mark Start 0.021ms
[16.921s][info   ][gc,phases   ] GC(94) Concurrent Mark 44.076ms
[16.922s][info   ][gc,phases   ] GC(94) Pause Mark End 0.027ms
[16.928s][info   ][gc,phases   ] GC(94) Concurrent Mark Free 0.007ms
[16.934s][info   ][gc,phases   ] GC(94) Concurrent Process Non-Strong References 5.972ms
[16.934s][info   ][gc,phases   ] GC(94) Concurrent Reset Relocation Set 0.012ms
[16.943s][info   ][gc,phases   ] GC(94) Concurrent Select Relocation Set 8.657ms
[16.944s][info   ][gc,phases   ] GC(94) Pause Relocate Start 0.016ms
[17.101s][info   ][gc,phases   ] GC(94) Concurrent Relocate 153.675ms
[17.101s][info   ][gc,load     ] GC(94) Load: 4.67/3.23/2.07
[17.101s][info   ][gc,mmu      ] GC(94) MMU: 2ms/94.6%, 5ms/97.9%, 10ms/98.9%, 20ms/99.5%, 50ms/99.7%, 100ms/99.8%
[17.101s][info   ][gc,marking  ] GC(94) Mark: 1 stripe(s), 2 proactive flush(es), 1 terminate flush(es), 0 completion(s), 0 continuation(s) 
[17.102s][info   ][gc,marking  ] GC(94) Mark Stack Usage: 32M
[17.102s][info   ][gc,nmethod  ] GC(94) NMethods: 104 registered, 0 unregistered
[17.102s][info   ][gc,metaspace] GC(94) Metaspace: 0M used, 0M committed, 1088M reserved
[17.102s][info   ][gc,ref      ] GC(94) Soft: 7 encountered, 0 discovered, 0 enqueued
[17.102s][info   ][gc,ref      ] GC(94) Weak: 37 encountered, 28 discovered, 0 enqueued
[17.102s][info   ][gc,ref      ] GC(94) Final: 0 encountered, 0 discovered, 0 enqueued
[17.102s][info   ][gc,ref      ] GC(94) Phantom: 5 encountered, 2 discovered, 0 enqueued
[17.102s][info   ][gc,reloc    ] GC(94) Small Pages: 5 / 10M, Empty: 0M, Relocated: 0M, In-Place: 0
[17.102s][info   ][gc,reloc    ] GC(94) Medium Pages: 45 / 1440M, Empty: 1088M, Relocated: 79M, In-Place: 0
[17.102s][info   ][gc,reloc    ] GC(94) Large Pages: 0 / 0M, Empty: 0M, Relocated: 0M, In-Place: 0
[17.102s][info   ][gc,reloc    ] GC(94) Forwarding Usage: 0M
[17.102s][info   ][gc,heap     ] GC(94) Min Capacity: 2048M(100%)
[17.102s][info   ][gc,heap     ] GC(94) Max Capacity: 2048M(100%)
[17.102s][info   ][gc,heap     ] GC(94) Soft Max Capacity: 2048M(100%)
[17.102s][info   ][gc,heap     ] GC(94)                Mark Start          Mark End        Relocate Start      Relocate End           High               Low         
[17.102s][info   ][gc,heap     ] GC(94)  Capacity:     2048M (100%)       2048M (100%)       2048M (100%)       2048M (100%)       2048M (100%)       2048M (100%)   
[17.102s][info   ][gc,heap     ] GC(94)      Free:      598M (29%)         278M (14%)        1206M (59%)         278M (14%)        1206M (59%)         118M (6%)     
[17.102s][info   ][gc,heap     ] GC(94)      Used:     1450M (71%)        1770M (86%)         842M (41%)        1770M (86%)        1930M (94%)         842M (41%)    
[17.102s][info   ][gc,heap     ] GC(94)      Live:         -               130M (6%)          130M (6%)          130M (6%)             -                  -          
[17.102s][info   ][gc,heap     ] GC(94) Allocated:         -               320M (16%)         480M (23%)        1606M (78%)            -                  -          
[17.102s][info   ][gc,heap     ] GC(94)   Garbage:         -              1319M (64%)         231M (11%)          32M (2%)             -                  -          
[17.102s][info   ][gc,heap     ] GC(94) Reclaimed:         -                  -              1088M (53%)        1286M (63%)            -                  -          
[17.102s][info   ][gc          ] GC(94) Garbage Collection (Allocation Rate) 1450M(71%)->1770M(86%)
[17.130s][info   ][gc,start    ] GC(95) Garbage Collection (Allocation Stall)
[17.130s][info   ][gc,ref      ] GC(95) Clearing All SoftReferences
[17.130s][info   ][gc,task     ] GC(95) Using 1 workers
[17.131s][info   ][gc,phases   ] GC(95) Pause Mark Start 0.015ms
[17.133s][info   ][gc,phases   ] GC(95) Concurrent Mark 2.225ms
[17.133s][info   ][gc,phases   ] GC(95) Pause Mark End 0.019ms
[17.133s][info   ][gc,phases   ] GC(95) Concurrent Mark Free 0.001ms
[17.134s][info   ][gc,phases   ] GC(95) Concurrent Process Non-Strong References 0.578ms
[17.134s][info   ][gc,phases   ] GC(95) Concurrent Reset Relocation Set 0.002ms
[17.135s][info   ][gc          ] Allocation Stall (Thread-4) 3.987ms
[17.135s][info   ][gc          ] Allocation Stall (Thread-7) 3.879ms
[17.135s][info   ][gc          ] Allocation Stall (Thread-6) 4.834ms
[17.135s][info   ][gc          ] Allocation Stall (Thread-3) 3.922ms
[17.136s][info   ][gc          ] Allocation Stall (Thread-0) 5.195ms
[17.135s][info   ][gc          ] Allocation Stall (Thread-1) 3.953ms
[17.138s][info   ][gc          ] Allocation Stall (Thread-5) 7.009ms
[17.143s][info   ][gc,phases   ] GC(95) Concurrent Select Relocation Set 8.946ms
[17.146s][info   ][gc,phases   ] GC(95) Pause Relocate Start 0.017ms
[17.163s][info   ][gc,phases   ] GC(95) Concurrent Relocate 14.437ms
[17.163s][info   ][gc,load     ] GC(95) Load: 4.67/3.23/2.07
[17.163s][info   ][gc,mmu      ] GC(95) MMU: 2ms/94.6%, 5ms/97.9%, 10ms/98.9%, 20ms/99.5%, 50ms/99.7%, 100ms/99.8%
[17.163s][info   ][gc,marking  ] GC(95) Mark: 1 stripe(s), 2 proactive flush(es), 1 terminate flush(es), 0 completion(s), 0 continuation(s) 
[17.163s][info   ][gc,marking  ] GC(95) Mark Stack Usage: 32M
[17.163s][info   ][gc,nmethod  ] GC(95) NMethods: 104 registered, 0 unregistered
[17.163s][info   ][gc,metaspace] GC(95) Metaspace: 0M used, 0M committed, 1088M reserved
[17.163s][info   ][gc,ref      ] GC(95) Soft: 7 encountered, 5 discovered, 0 enqueued
[17.163s][info   ][gc,ref      ] GC(95) Weak: 37 encountered, 28 discovered, 0 enqueued
[17.163s][info   ][gc,ref      ] GC(95) Final: 0 encountered, 0 discovered, 0 enqueued
[17.163s][info   ][gc,ref      ] GC(95) Phantom: 5 encountered, 2 discovered, 0 enqueued
[17.163s][info   ][gc,reloc    ] GC(95) Small Pages: 5 / 10M, Empty: 0M, Relocated: 0M, In-Place: 0
[17.163s][info   ][gc,reloc    ] GC(95) Medium Pages: 63 / 2016M, Empty: 1696M, Relocated: 27M, In-Place: 0
[17.163s][info   ][gc,reloc    ] GC(95) Large Pages: 0 / 0M, Empty: 0M, Relocated: 0M, In-Place: 0
[17.163s][info   ][gc,reloc    ] GC(95) Forwarding Usage: 0M
[17.163s][info   ][gc,heap     ] GC(95) Min Capacity: 2048M(100%)
[17.163s][info   ][gc,heap     ] GC(95) Max Capacity: 2048M(100%)
[17.163s][info   ][gc,heap     ] GC(95) Soft Max Capacity: 2048M(100%)
[17.163s][info   ][gc,heap     ] GC(95)                Mark Start          Mark End        Relocate Start      Relocate End           High               Low         
[17.163s][info   ][gc,heap     ] GC(95)  Capacity:     2048M (100%)       2048M (100%)       2048M (100%)       2048M (100%)       2048M (100%)       2048M (100%)   
[17.163s][info   ][gc,heap     ] GC(95)      Free:       22M (1%)           22M (1%)         1622M (79%)        1718M (84%)        1718M (84%)          22M (1%)     
[17.163s][info   ][gc,heap     ] GC(95)      Used:     2026M (99%)        2026M (99%)         426M (21%)         330M (16%)        2026M (99%)         330M (16%)    
[17.163s][info   ][gc,heap     ] GC(95)      Live:         -                91M (4%)           91M (4%)           91M (4%)             -                  -          
[17.163s][info   ][gc,heap     ] GC(95) Allocated:         -                 0M (0%)           96M (5%)          193M (9%)             -                  -          
[17.163s][info   ][gc,heap     ] GC(95)   Garbage:         -              1934M (94%)         238M (12%)          44M (2%)             -                  -          
[17.163s][info   ][gc,heap     ] GC(95) Reclaimed:         -                  -              1696M (83%)        1889M (92%)            -                  -          
[17.163s][info   ][gc          ] GC(95) Garbage Collection (Allocation Stall) 2026M(99%)->330M(16%)
[17.183s][info   ][gc,start    ] GC(96) Garbage Collection (Allocation Stall)
[17.183s][info   ][gc,ref      ] GC(96) Clearing All SoftReferences
[17.183s][info   ][gc,task     ] GC(96) Using 1 workers
[17.186s][info   ][gc,phases   ] GC(96) Pause Mark Start 0.018ms
[17.222s][info   ][gc,phases   ] GC(96) Concurrent Mark 30.714ms
[17.222s][info   ][gc,phases   ] GC(96) Pause Mark End 0.030ms
[17.226s][info   ][gc,phases   ] GC(96) Concurrent Mark Free 0.004ms
[17.228s][info   ][gc,phases   ] GC(96) Concurrent Process Non-Strong References 1.937ms
[17.228s][info   ][gc,phases   ] GC(96) Concurrent Reset Relocation Set 0.006ms
[17.236s][info   ][gc,phases   ] GC(96) Concurrent Select Relocation Set 7.914ms
[17.236s][info   ][gc,phases   ] GC(96) Pause Relocate Start 0.024ms
[17.314s][info   ][gc,phases   ] GC(96) Concurrent Relocate 77.259ms
[17.314s][info   ][gc,load     ] GC(96) Load: 4.67/3.23/2.07
[17.314s][info   ][gc,mmu      ] GC(96) MMU: 2ms/94.6%, 5ms/97.9%, 10ms/98.9%, 20ms/99.5%, 50ms/99.7%, 100ms/99.8%
[17.314s][info   ][gc,marking  ] GC(96) Mark: 1 stripe(s), 2 proactive flush(es), 1 terminate flush(es), 0 completion(s), 0 continuation(s) 
[17.314s][info   ][gc,marking  ] GC(96) Mark Stack Usage: 32M
[17.314s][info   ][gc,nmethod  ] GC(96) NMethods: 104 registered, 0 unregistered
[17.314s][info   ][gc,metaspace] GC(96) Metaspace: 0M used, 0M committed, 1088M reserved
[17.314s][info   ][gc,ref      ] GC(96) Soft: 7 encountered, 5 discovered, 0 enqueued
[17.314s][info   ][gc,ref      ] GC(96) Weak: 37 encountered, 28 discovered, 0 enqueued
[17.315s][info   ][gc,ref      ] GC(96) Final: 0 encountered, 0 discovered, 0 enqueued
[17.315s][info   ][gc,ref      ] GC(96) Phantom: 5 encountered, 2 discovered, 0 enqueued
[17.315s][info   ][gc,reloc    ] GC(96) Small Pages: 5 / 10M, Empty: 0M, Relocated: 0M, In-Place: 0
[17.315s][info   ][gc,reloc    ] GC(96) Medium Pages: 16 / 512M, Empty: 192M, Relocated: 45M, In-Place: 0
[17.315s][info   ][gc,reloc    ] GC(96) Large Pages: 0 / 0M, Empty: 0M, Relocated: 0M, In-Place: 0
[17.315s][info   ][gc,reloc    ] GC(96) Forwarding Usage: 0M
[17.315s][info   ][gc,heap     ] GC(96) Min Capacity: 2048M(100%)
[17.315s][info   ][gc,heap     ] GC(96) Max Capacity: 2048M(100%)
[17.315s][info   ][gc,heap     ] GC(96) Soft Max Capacity: 2048M(100%)
[17.315s][info   ][gc,heap     ] GC(96)                Mark Start          Mark End        Relocate Start      Relocate End           High               Low         
[17.315s][info   ][gc,heap     ] GC(96)  Capacity:     2048M (100%)       2048M (100%)       2048M (100%)       2048M (100%)       2048M (100%)       2048M (100%)   
[17.315s][info   ][gc,heap     ] GC(96)      Free:     1526M (75%)        1238M (60%)        1334M (65%)        1046M (51%)        1526M (75%)        1038M (51%)    
[17.315s][info   ][gc,heap     ] GC(96)      Used:      522M (25%)         810M (40%)         714M (35%)        1002M (49%)        1010M (49%)         522M (25%)    
[17.315s][info   ][gc,heap     ] GC(96)      Live:         -                87M (4%)           87M (4%)           87M (4%)             -                  -          
[17.315s][info   ][gc,heap     ] GC(96) Allocated:         -               288M (14%)         384M (19%)         871M (43%)            -                  -          
[17.315s][info   ][gc,heap     ] GC(96)   Garbage:         -               434M (21%)         242M (12%)          42M (2%)             -                  -          
[17.315s][info   ][gc,heap     ] GC(96) Reclaimed:         -                  -               192M (9%)          391M (19%)            -                  -          
[17.315s][info   ][gc          ] GC(96) Garbage Collection (Allocation Stall) 522M(25%)->1002M(49%)
[17.376s][info   ][gc,start    ] GC(97) Garbage Collection (Allocation Rate)
[17.376s][info   ][gc,task     ] GC(97) Using 1 workers
[17.379s][info   ][gc,phases   ] GC(97) Pause Mark Start 0.014ms
[17.410s][info   ][gc,phases   ] GC(97) Concurrent Mark 25.432ms
[17.411s][info   ][gc,phases   ] GC(97) Pause Mark End 0.031ms
[17.417s][info   ][gc,phases   ] GC(97) Concurrent Mark Free 0.007ms
[17.424s][info   ][gc,phases   ] GC(97) Concurrent Process Non-Strong References 6.859ms
[17.424s][info   ][gc,phases   ] GC(97) Concurrent Reset Relocation Set 0.016ms
[17.430s][info   ][gc,phases   ] GC(97) Concurrent Select Relocation Set 5.276ms
[17.430s][info   ][gc,phases   ] GC(97) Pause Relocate Start 0.020ms
[17.501s][info   ][gc,phases   ] GC(97) Concurrent Relocate 68.013ms
[17.501s][info   ][gc,load     ] GC(97) Load: 4.67/3.23/2.07
[17.501s][info   ][gc,mmu      ] GC(97) MMU: 2ms/94.6%, 5ms/97.9%, 10ms/98.9%, 20ms/99.5%, 50ms/99.7%, 100ms/99.8%
[17.501s][info   ][gc,marking  ] GC(97) Mark: 1 stripe(s), 2 proactive flush(es), 1 terminate flush(es), 0 completion(s), 0 continuation(s) 
[17.501s][info   ][gc,marking  ] GC(97) Mark Stack Usage: 32M
[17.501s][info   ][gc,nmethod  ] GC(97) NMethods: 104 registered, 0 unregistered
[17.501s][info   ][gc,metaspace] GC(97) Metaspace: 0M used, 0M committed, 1088M reserved
[17.501s][info   ][gc,ref      ] GC(97) Soft: 7 encountered, 0 discovered, 0 enqueued
[17.501s][info   ][gc,ref      ] GC(97) Weak: 37 encountered, 28 discovered, 0 enqueued
[17.501s][info   ][gc,ref      ] GC(97) Final: 0 encountered, 0 discovered, 0 enqueued
[17.501s][info   ][gc,ref      ] GC(97) Phantom: 5 encountered, 2 discovered, 0 enqueued
[17.501s][info   ][gc,reloc    ] GC(97) Small Pages: 5 / 10M, Empty: 0M, Relocated: 0M, In-Place: 0
[17.501s][info   ][gc,reloc    ] GC(97) Medium Pages: 46 / 1472M, Empty: 1280M, Relocated: 24M, In-Place: 0
[17.501s][info   ][gc,reloc    ] GC(97) Large Pages: 0 / 0M, Empty: 0M, Relocated: 0M, In-Place: 0
[17.501s][info   ][gc,reloc    ] GC(97) Forwarding Usage: 0M
[17.501s][info   ][gc,heap     ] GC(97) Min Capacity: 2048M(100%)
[17.501s][info   ][gc,heap     ] GC(97) Max Capacity: 2048M(100%)
[17.501s][info   ][gc,heap     ] GC(97) Soft Max Capacity: 2048M(100%)
[17.501s][info   ][gc,heap     ] GC(97)                Mark Start          Mark End        Relocate Start      Relocate End           High               Low         
[17.501s][info   ][gc,heap     ] GC(97)  Capacity:     2048M (100%)       2048M (100%)       2048M (100%)       2048M (100%)       2048M (100%)       2048M (100%)   
[17.501s][info   ][gc,heap     ] GC(97)      Free:      566M (28%)         310M (15%)        1462M (71%)        1110M (54%)        1494M (73%)         214M (10%)    
[17.501s][info   ][gc,heap     ] GC(97)      Used:     1482M (72%)        1738M (85%)         586M (29%)         938M (46%)        1834M (90%)         554M (27%)    
[17.501s][info   ][gc,heap     ] GC(97)      Live:         -                46M (2%)           46M (2%)           46M (2%)             -                  -          
[17.501s][info   ][gc,heap     ] GC(97) Allocated:         -               256M (12%)         384M (19%)         871M (43%)            -                  -          
[17.501s][info   ][gc,heap     ] GC(97)   Garbage:         -              1435M (70%)         155M (8%)           19M (1%)             -                  -          
[17.501s][info   ][gc,heap     ] GC(97) Reclaimed:         -                  -              1280M (62%)        1415M (69%)            -                  -          
[17.501s][info   ][gc          ] GC(97) Garbage Collection (Allocation Rate) 1482M(72%)->938M(46%)
[17.576s][info   ][gc,start    ] GC(98) Garbage Collection (Allocation Rate)
[17.576s][info   ][gc,task     ] GC(98) Using 1 workers
[17.578s][info   ][gc,phases   ] GC(98) Pause Mark Start 0.048ms
[17.644s][info   ][gc,phases   ] GC(98) Concurrent Mark 62.197ms
[17.645s][info   ][gc,phases   ] GC(98) Pause Mark End 0.027ms
[17.645s][info   ][gc,phases   ] GC(98) Concurrent Mark Free 0.002ms
[17.661s][info   ][gc,phases   ] GC(98) Concurrent Process Non-Strong References 15.800ms
[17.661s][info   ][gc,phases   ] GC(98) Concurrent Reset Relocation Set 0.006ms
[17.666s][info   ][gc,phases   ] GC(98) Concurrent Select Relocation Set 4.211ms
[17.666s][info   ][gc          ] Allocation Stall (Thread-6) 4.641ms
[17.669s][info   ][gc,phases   ] GC(98) Pause Relocate Start 0.021ms
[17.777s][info   ][gc,phases   ] GC(98) Concurrent Relocate 101.859ms
[17.777s][info   ][gc,load     ] GC(98) Load: 4.67/3.23/2.07
[17.777s][info   ][gc,mmu      ] GC(98) MMU: 2ms/94.6%, 5ms/97.9%, 10ms/98.9%, 20ms/99.5%, 50ms/99.7%, 100ms/99.8%
[17.777s][info   ][gc,marking  ] GC(98) Mark: 1 stripe(s), 2 proactive flush(es), 1 terminate flush(es), 0 completion(s), 0 continuation(s) 
[17.777s][info   ][gc,marking  ] GC(98) Mark Stack Usage: 32M
[17.777s][info   ][gc,nmethod  ] GC(98) NMethods: 104 registered, 0 unregistered
[17.777s][info   ][gc,metaspace] GC(98) Metaspace: 0M used, 0M committed, 1088M reserved
[17.777s][info   ][gc,ref      ] GC(98) Soft: 7 encountered, 0 discovered, 0 enqueued
[17.777s][info   ][gc,ref      ] GC(98) Weak: 37 encountered, 28 discovered, 0 enqueued
[17.777s][info   ][gc,ref      ] GC(98) Final: 0 encountered, 0 discovered, 0 enqueued
[17.777s][info   ][gc,ref      ] GC(98) Phantom: 5 encountered, 2 discovered, 0 enqueued
[17.777s][info   ][gc,reloc    ] GC(98) Small Pages: 5 / 10M, Empty: 0M, Relocated: 0M, In-Place: 0
[17.777s][info   ][gc,reloc    ] GC(98) Medium Pages: 46 / 1472M, Empty: 1248M, Relocated: 44M, In-Place: 0
[17.777s][info   ][gc,reloc    ] GC(98) Large Pages: 0 / 0M, Empty: 0M, Relocated: 0M, In-Place: 0
[17.777s][info   ][gc,reloc    ] GC(98) Forwarding Usage: 0M
[17.777s][info   ][gc,heap     ] GC(98) Min Capacity: 2048M(100%)
[17.777s][info   ][gc,heap     ] GC(98) Max Capacity: 2048M(100%)
[17.777s][info   ][gc,heap     ] GC(98) Soft Max Capacity: 2048M(100%)
[17.777s][info   ][gc,heap     ] GC(98)                Mark Start          Mark End        Relocate Start      Relocate End           High               Low         
[17.777s][info   ][gc,heap     ] GC(98)  Capacity:     2048M (100%)       2048M (100%)       2048M (100%)       2048M (100%)       2048M (100%)       2048M (100%)   
[17.777s][info   ][gc,heap     ] GC(98)      Free:      566M (28%)         150M (7%)         1238M (60%)         694M (34%)        1270M (62%)          22M (1%)     
[17.777s][info   ][gc,heap     ] GC(98)      Used:     1482M (72%)        1898M (93%)         810M (40%)        1354M (66%)        2026M (99%)         778M (38%)    
[17.777s][info   ][gc,heap     ] GC(98)      Live:         -                66M (3%)           66M (3%)           66M (3%)             -                  -          
[17.777s][info   ][gc,heap     ] GC(98) Allocated:         -               416M (20%)         576M (28%)        1255M (61%)            -                  -          
[17.777s][info   ][gc,heap     ] GC(98)   Garbage:         -              1415M (69%)         167M (8%)           31M (2%)             -                  -          
[17.777s][info   ][gc,heap     ] GC(98) Reclaimed:         -                  -              1248M (61%)        1383M (68%)            -                  -          
[17.777s][info   ][gc          ] GC(98) Garbage Collection (Allocation Rate) 1482M(72%)->1354M(66%)
[17.876s][info   ][gc,start    ] GC(99) Garbage Collection (Allocation Stall)
[17.876s][info   ][gc,ref      ] GC(99) Clearing All SoftReferences
[17.876s][info   ][gc,task     ] GC(99) Using 1 workers
[17.876s][info   ][gc,phases   ] GC(99) Pause Mark Start 0.018ms
[17.884s][info   ][gc,phases   ] GC(99) Concurrent Mark 5.889ms
[17.884s][info   ][gc,phases   ] GC(99) Pause Mark End 0.016ms
[17.884s][info   ][gc,phases   ] GC(99) Concurrent Mark Free 0.001ms
[17.884s][info   ][gc,phases   ] GC(99) Concurrent Process Non-Strong References 0.550ms
[17.884s][info   ][gc,phases   ] GC(99) Concurrent Reset Relocation Set 0.002ms
[17.886s][info   ][gc          ] Allocation Stall (Thread-1) 8.963ms
[17.886s][info   ][gc          ] Allocation Stall (Thread-6) 3.533ms
[17.886s][info   ][gc          ] Allocation Stall (Thread-7) 4.789ms
[17.886s][info   ][gc          ] Allocation Stall (Thread-3) 4.337ms
[17.886s][info   ][gc          ] Allocation Stall (Thread-0) 4.350ms
[17.889s][info   ][gc          ] Allocation Stall (Thread-5) 7.874ms
[17.886s][info   ][gc          ] Allocation Stall (Thread-4) 4.261ms
[17.892s][info   ][gc,phases   ] GC(99) Concurrent Select Relocation Set 7.392ms
[17.892s][info   ][gc,phases   ] GC(99) Pause Relocate Start 0.028ms
[17.980s][info   ][gc,phases   ] GC(99) Concurrent Relocate 83.484ms
[17.980s][info   ][gc,load     ] GC(99) Load: 4.67/3.23/2.07
[17.980s][info   ][gc,mmu      ] GC(99) MMU: 2ms/94.6%, 5ms/97.9%, 10ms/98.9%, 20ms/99.5%, 50ms/99.7%, 100ms/99.8%
[17.980s][info   ][gc,marking  ] GC(99) Mark: 1 stripe(s), 2 proactive flush(es), 1 terminate flush(es), 0 completion(s), 0 continuation(s) 
[17.980s][info   ][gc,marking  ] GC(99) Mark Stack Usage: 32M
[17.980s][info   ][gc,nmethod  ] GC(99) NMethods: 104 registered, 0 unregistered
[17.980s][info   ][gc,metaspace] GC(99) Metaspace: 0M used, 0M committed, 1088M reserved
[17.980s][info   ][gc,ref      ] GC(99) Soft: 7 encountered, 5 discovered, 0 enqueued
[17.980s][info   ][gc,ref      ] GC(99) Weak: 37 encountered, 28 discovered, 0 enqueued
[17.980s][info   ][gc,ref      ] GC(99) Final: 0 encountered, 0 discovered, 0 enqueued
[17.980s][info   ][gc,ref      ] GC(99) Phantom: 5 encountered, 2 discovered, 0 enqueued
[17.980s][info   ][gc,reloc    ] GC(99) Small Pages: 5 / 10M, Empty: 0M, Relocated: 0M, In-Place: 0
[17.980s][info   ][gc,reloc    ] GC(99) Medium Pages: 62 / 1984M, Empty: 1824M, Relocated: 52M, In-Place: 0
[17.980s][info   ][gc,reloc    ] GC(99) Large Pages: 0 / 0M, Empty: 0M, Relocated: 0M, In-Place: 0
[17.980s][info   ][gc,reloc    ] GC(99) Forwarding Usage: 0M
[17.980s][info   ][gc,heap     ] GC(99) Min Capacity: 2048M(100%)
[17.980s][info   ][gc,heap     ] GC(99) Max Capacity: 2048M(100%)
[17.980s][info   ][gc,heap     ] GC(99) Soft Max Capacity: 2048M(100%)
[17.980s][info   ][gc,heap     ] GC(99)                Mark Start          Mark End        Relocate Start      Relocate End           High               Low         
[17.980s][info   ][gc,heap     ] GC(99)  Capacity:     2048M (100%)       2048M (100%)       2048M (100%)       2048M (100%)       2048M (100%)       2048M (100%)   
[17.980s][info   ][gc,heap     ] GC(99)      Free:       54M (3%)           22M (1%)         1782M (87%)        1302M (64%)        1846M (90%)          22M (1%)     
[17.980s][info   ][gc,heap     ] GC(99)      Used:     1994M (97%)        2026M (99%)         266M (13%)         746M (36%)        2026M (99%)         202M (10%)    
[17.980s][info   ][gc,heap     ] GC(99)      Live:         -                75M (4%)           75M (4%)           75M (4%)             -                  -          
[17.981s][info   ][gc,heap     ] GC(99) Allocated:         -                32M (2%)           96M (5%)          643M (31%)            -                  -          
[17.981s][info   ][gc,heap     ] GC(99)   Garbage:         -              1918M (94%)          94M (5%)           27M (1%)             -                  -          
[17.981s][info   ][gc,heap     ] GC(99) Reclaimed:         -                  -              1824M (89%)        1891M (92%)            -                  -          
[17.981s][info   ][gc          ] GC(99) Garbage Collection (Allocation Stall) 1994M(97%)->746M(36%)
[18.076s][info   ][gc,start    ] GC(100) Garbage Collection (Allocation Stall)
[18.076s][info   ][gc,ref      ] GC(100) Clearing All SoftReferences
[18.076s][info   ][gc,task     ] GC(100) Using 1 workers
[18.078s][info   ][gc,phases   ] GC(100) Pause Mark Start 0.014ms
[18.118s][info   ][gc,phases   ] GC(100) Concurrent Mark 39.639ms
[18.118s][info   ][gc,phases   ] GC(100) Pause Mark End 0.021ms
[18.125s][info   ][gc,phases   ] GC(100) Concurrent Mark Free 0.007ms
[18.134s][info   ][gc,phases   ] GC(100) Concurrent Process Non-Strong References 9.005ms
[18.134s][info   ][gc,phases   ] GC(100) Concurrent Reset Relocation Set 0.005ms
[18.137s][info   ][gc,phases   ] GC(100) Concurrent Select Relocation Set 3.007ms
[18.139s][info   ][gc,phases   ] GC(100) Pause Relocate Start 0.030ms
[18.192s][info   ][gc,phases   ] GC(100) Concurrent Relocate 43.420ms
[18.192s][info   ][gc,load     ] GC(100) Load: 4.67/3.23/2.07
[18.192s][info   ][gc,mmu      ] GC(100) MMU: 2ms/94.6%, 5ms/97.9%, 10ms/98.9%, 20ms/99.5%, 50ms/99.7%, 100ms/99.8%
[18.192s][info   ][gc,marking  ] GC(100) Mark: 1 stripe(s), 2 proactive flush(es), 1 terminate flush(es), 0 completion(s), 0 continuation(s) 
[18.193s][info   ][gc,marking  ] GC(100) Mark Stack Usage: 32M
[18.193s][info   ][gc,nmethod  ] GC(100) NMethods: 104 registered, 0 unregistered
[18.193s][info   ][gc,metaspace] GC(100) Metaspace: 0M used, 0M committed, 1088M reserved
[18.193s][info   ][gc,ref      ] GC(100) Soft: 7 encountered, 5 discovered, 0 enqueued
[18.193s][info   ][gc,ref      ] GC(100) Weak: 37 encountered, 28 discovered, 0 enqueued
[18.193s][info   ][gc,ref      ] GC(100) Final: 0 encountered, 0 discovered, 0 enqueued
[18.193s][info   ][gc,ref      ] GC(100) Phantom: 5 encountered, 2 discovered, 0 enqueued
[18.193s][info   ][gc,reloc    ] GC(100) Small Pages: 5 / 10M, Empty: 0M, Relocated: 0M, In-Place: 0
[18.193s][info   ][gc,reloc    ] GC(100) Medium Pages: 46 / 1472M, Empty: 1312M, Relocated: 20M, In-Place: 0
[18.193s][info   ][gc,reloc    ] GC(100) Large Pages: 0 / 0M, Empty: 0M, Relocated: 0M, In-Place: 0
[18.193s][info   ][gc,reloc    ] GC(100) Forwarding Usage: 0M
[18.193s][info   ][gc,heap     ] GC(100) Min Capacity: 2048M(100%)
[18.193s][info   ][gc,heap     ] GC(100) Max Capacity: 2048M(100%)
[18.193s][info   ][gc,heap     ] GC(100) Soft Max Capacity: 2048M(100%)
[18.193s][info   ][gc,heap     ] GC(100)                Mark Start          Mark End        Relocate Start      Relocate End           High               Low         
[18.193s][info   ][gc,heap     ] GC(100)  Capacity:     2048M (100%)       2048M (100%)       2048M (100%)       2048M (100%)       2048M (100%)       2048M (100%)   
[18.193s][info   ][gc,heap     ] GC(100)      Free:      566M (28%)         246M (12%)        1398M (68%)        1078M (53%)        1430M (70%)         118M (6%)     
[18.193s][info   ][gc,heap     ] GC(100)      Used:     1482M (72%)        1802M (88%)         650M (32%)         970M (47%)        1930M (94%)         618M (30%)    
[18.193s][info   ][gc,heap     ] GC(100)      Live:         -                58M (3%)           58M (3%)           58M (3%)             -                  -          
[18.193s][info   ][gc,heap     ] GC(100) Allocated:         -               320M (16%)         480M (23%)         871M (43%)            -                  -          
[18.193s][info   ][gc,heap     ] GC(100)   Garbage:         -              1423M (69%)         111M (5%)           39M (2%)             -                  -          
[18.193s][info   ][gc,heap     ] GC(100) Reclaimed:         -                  -              1312M (64%)        1383M (68%)            -                  -          
[18.193s][info   ][gc          ] GC(100) Garbage Collection (Allocation Stall) 1482M(72%)->970M(47%)
[18.276s][info   ][gc,start    ] GC(101) Garbage Collection (Allocation Rate)
[18.276s][info   ][gc,task     ] GC(101) Using 1 workers
[18.277s][info   ][gc,phases   ] GC(101) Pause Mark Start 0.024ms
[18.290s][info   ][gc,phases   ] GC(101) Concurrent Mark 10.655ms
[18.291s][info   ][gc,phases   ] GC(101) Pause Mark End 0.031ms
[18.291s][info   ][gc,phases   ] GC(101) Concurrent Mark Free 0.002ms
[18.295s][info   ][gc,phases   ] GC(101) Concurrent Process Non-Strong References 3.788ms
[18.295s][info   ][gc,phases   ] GC(101) Concurrent Reset Relocation Set 0.004ms
[18.299s][info   ][gc,phases   ] GC(101) Concurrent Select Relocation Set 4.377ms
[18.301s][info   ][gc,phases   ] GC(101) Pause Relocate Start 0.017ms
[18.424s][info   ][gc,phases   ] GC(101) Concurrent Relocate 122.615ms
[18.424s][info   ][gc,load     ] GC(101) Load: 4.67/3.23/2.07
[18.424s][info   ][gc,mmu      ] GC(101) MMU: 2ms/94.6%, 5ms/97.9%, 10ms/98.9%, 20ms/99.5%, 50ms/99.7%, 100ms/99.8%
[18.424s][info   ][gc,marking  ] GC(101) Mark: 1 stripe(s), 2 proactive flush(es), 1 terminate flush(es), 0 completion(s), 0 continuation(s) 
[18.424s][info   ][gc,marking  ] GC(101) Mark Stack Usage: 32M
[18.424s][info   ][gc,nmethod  ] GC(101) NMethods: 104 registered, 0 unregistered
[18.424s][info   ][gc,metaspace] GC(101) Metaspace: 0M used, 0M committed, 1088M reserved
[18.424s][info   ][gc,ref      ] GC(101) Soft: 7 encountered, 0 discovered, 0 enqueued
[18.424s][info   ][gc,ref      ] GC(101) Weak: 37 encountered, 28 discovered, 0 enqueued
[18.424s][info   ][gc,ref      ] GC(101) Final: 0 encountered, 0 discovered, 0 enqueued
[18.424s][info   ][gc,ref      ] GC(101) Phantom: 5 encountered, 2 discovered, 0 enqueued
[18.424s][info   ][gc,reloc    ] GC(101) Small Pages: 5 / 10M, Empty: 0M, Relocated: 0M, In-Place: 0
[18.424s][info   ][gc,reloc    ] GC(101) Medium Pages: 51 / 1632M, Empty: 1216M, Relocated: 79M, In-Place: 0
[18.424s][info   ][gc,reloc    ] GC(101) Large Pages: 0 / 0M, Empty: 0M, Relocated: 0M, In-Place: 0
[18.424s][info   ][gc,reloc    ] GC(101) Forwarding Usage: 0M
[18.424s][info   ][gc,heap     ] GC(101) Min Capacity: 2048M(100%)
[18.424s][info   ][gc,heap     ] GC(101) Max Capacity: 2048M(100%)
[18.424s][info   ][gc,heap     ] GC(101) Soft Max Capacity: 2048M(100%)
[18.424s][info   ][gc,heap     ] GC(101)                Mark Start          Mark End        Relocate Start      Relocate End           High               Low         
[18.424s][info   ][gc,heap     ] GC(101)  Capacity:     2048M (100%)       2048M (100%)       2048M (100%)       2048M (100%)       2048M (100%)       2048M (100%)   
[18.424s][info   ][gc,heap     ] GC(101)      Free:      406M (20%)         278M (14%)        1430M (70%)         822M (40%)        1550M (76%)         246M (12%)    
[18.424s][info   ][gc,heap     ] GC(101)      Used:     1642M (80%)        1770M (86%)         618M (30%)        1226M (60%)        1802M (88%)         498M (24%)    
[18.424s][info   ][gc,heap     ] GC(101)      Live:         -               106M (5%)          106M (5%)          106M (5%)             -                  -          
[18.424s][info   ][gc,heap     ] GC(101) Allocated:         -               128M (6%)          192M (9%)         1087M (53%)            -                  -          
[18.424s][info   ][gc,heap     ] GC(101)   Garbage:         -              1535M (75%)         319M (16%)          31M (2%)             -                  -          
[18.424s][info   ][gc,heap     ] GC(101) Reclaimed:         -                  -              1216M (59%)        1503M (73%)            -                  -          
[18.424s][info   ][gc          ] GC(101) Garbage Collection (Allocation Rate) 1642M(80%)->1226M(60%)
[18.480s][info   ][gc,start    ] GC(102) Garbage Collection (Allocation Rate)
[18.480s][info   ][gc,task     ] GC(102) Using 1 workers
[18.488s][info   ][gc,phases   ] GC(102) Pause Mark Start 0.030ms
[18.519s][info   ][gc,phases   ] GC(102) Concurrent Mark 29.193ms
[18.519s][info   ][gc,phases   ] GC(102) Pause Mark End 0.038ms
[18.522s][info   ][gc,phases   ] GC(102) Concurrent Mark Free 0.005ms
[18.525s][info   ][gc,phases   ] GC(102) Concurrent Process Non-Strong References 2.816ms
[18.525s][info   ][gc,phases   ] GC(102) Concurrent Reset Relocation Set 0.007ms
[18.526s][info   ][gc,phases   ] GC(102) Concurrent Select Relocation Set 1.173ms
[18.526s][info   ][gc,phases   ] GC(102) Pause Relocate Start 0.042ms
[18.619s][info   ][gc,phases   ] GC(102) Concurrent Relocate 90.857ms
[18.619s][info   ][gc,load     ] GC(102) Load: 4.67/3.23/2.07
[18.620s][info   ][gc,mmu      ] GC(102) MMU: 2ms/94.6%, 5ms/97.9%, 10ms/98.9%, 20ms/99.5%, 50ms/99.7%, 100ms/99.8%
[18.620s][info   ][gc,marking  ] GC(102) Mark: 1 stripe(s), 2 proactive flush(es), 1 terminate flush(es), 0 completion(s), 0 continuation(s) 
[18.620s][info   ][gc,marking  ] GC(102) Mark Stack Usage: 32M
[18.620s][info   ][gc,nmethod  ] GC(102) NMethods: 104 registered, 0 unregistered
[18.620s][info   ][gc,metaspace] GC(102) Metaspace: 0M used, 0M committed, 1088M reserved
[18.620s][info   ][gc,ref      ] GC(102) Soft: 7 encountered, 0 discovered, 0 enqueued
[18.620s][info   ][gc,ref      ] GC(102) Weak: 37 encountered, 28 discovered, 0 enqueued
[18.620s][info   ][gc,ref      ] GC(102) Final: 0 encountered, 0 discovered, 0 enqueued
[18.620s][info   ][gc,ref      ] GC(102) Phantom: 5 encountered, 2 discovered, 0 enqueued
[18.620s][info   ][gc,reloc    ] GC(102) Small Pages: 5 / 10M, Empty: 0M, Relocated: 0M, In-Place: 0
[18.620s][info   ][gc,reloc    ] GC(102) Medium Pages: 53 / 1696M, Empty: 1408M, Relocated: 53M, In-Place: 0
[18.620s][info   ][gc,reloc    ] GC(102) Large Pages: 0 / 0M, Empty: 0M, Relocated: 0M, In-Place: 0
[18.620s][info   ][gc,reloc    ] GC(102) Forwarding Usage: 0M
[18.620s][info   ][gc,heap     ] GC(102) Min Capacity: 2048M(100%)
[18.620s][info   ][gc,heap     ] GC(102) Max Capacity: 2048M(100%)
[18.620s][info   ][gc,heap     ] GC(102) Soft Max Capacity: 2048M(100%)
[18.620s][info   ][gc,heap     ] GC(102)                Mark Start          Mark End        Relocate Start      Relocate End           High               Low         
[18.620s][info   ][gc,heap     ] GC(102)  Capacity:     2048M (100%)       2048M (100%)       2048M (100%)       2048M (100%)       2048M (100%)       2048M (100%)   
[18.620s][info   ][gc,heap     ] GC(102)      Free:      342M (17%)          86M (4%)         1462M (71%)        1046M (51%)        1462M (71%)          54M (3%)     
[18.620s][info   ][gc,heap     ] GC(102)      Used:     1706M (83%)        1962M (96%)         586M (29%)        1002M (49%)        1994M (97%)         586M (29%)    
[18.620s][info   ][gc,heap     ] GC(102)      Live:         -                71M (3%)           71M (3%)           71M (3%)             -                  -          
[18.620s][info   ][gc,heap     ] GC(102) Allocated:         -               256M (12%)         288M (14%)         903M (44%)            -                  -          
[18.620s][info   ][gc,heap     ] GC(102)   Garbage:         -              1634M (80%)         226M (11%)          27M (1%)             -                  -          
[18.620s][info   ][gc,heap     ] GC(102) Reclaimed:         -                  -              1408M (69%)        1607M (79%)            -                  -          
[18.620s][info   ][gc          ] GC(102) Garbage Collection (Allocation Rate) 1706M(83%)->1002M(49%)
[18.678s][info   ][gc,start    ] GC(103) Garbage Collection (Allocation Rate)
[18.679s][info   ][gc,task     ] GC(103) Using 1 workers
[18.679s][info   ][gc,phases   ] GC(103) Pause Mark Start 0.019ms
[18.715s][info   ][gc,phases   ] GC(103) Concurrent Mark 29.924ms
[18.716s][info   ][gc,phases   ] GC(103) Pause Mark End 0.034ms
[18.721s][info   ][gc,phases   ] GC(103) Concurrent Mark Free 0.005ms
[18.724s][info   ][gc,phases   ] GC(103) Concurrent Process Non-Strong References 3.270ms
[18.724s][info   ][gc,phases   ] GC(103) Concurrent Reset Relocation Set 0.007ms
[18.731s][info   ][gc,phases   ] GC(103) Concurrent Select Relocation Set 6.038ms
[18.731s][info   ][gc,phases   ] GC(103) Pause Relocate Start 0.016ms
[18.795s][info   ][gc,phases   ] GC(103) Concurrent Relocate 63.866ms
[18.795s][info   ][gc,load     ] GC(103) Load: 4.67/3.23/2.07
[18.795s][info   ][gc,mmu      ] GC(103) MMU: 2ms/94.6%, 5ms/97.9%, 10ms/98.9%, 20ms/99.5%, 50ms/99.7%, 100ms/99.8%
[18.796s][info   ][gc,marking  ] GC(103) Mark: 1 stripe(s), 2 proactive flush(es), 1 terminate flush(es), 0 completion(s), 0 continuation(s) 
[18.796s][info   ][gc,marking  ] GC(103) Mark Stack Usage: 32M
[18.796s][info   ][gc,nmethod  ] GC(103) NMethods: 104 registered, 0 unregistered
[18.796s][info   ][gc,metaspace] GC(103) Metaspace: 0M used, 0M committed, 1088M reserved
[18.796s][info   ][gc,ref      ] GC(103) Soft: 7 encountered, 0 discovered, 0 enqueued
[18.796s][info   ][gc,ref      ] GC(103) Weak: 37 encountered, 28 discovered, 0 enqueued
[18.796s][info   ][gc,ref      ] GC(103) Final: 0 encountered, 0 discovered, 0 enqueued
[18.796s][info   ][gc,ref      ] GC(103) Phantom: 5 encountered, 2 discovered, 0 enqueued
[18.796s][info   ][gc,reloc    ] GC(103) Small Pages: 5 / 10M, Empty: 0M, Relocated: 0M, In-Place: 0
[18.796s][info   ][gc,reloc    ] GC(103) Medium Pages: 44 / 1408M, Empty: 1152M, Relocated: 43M, In-Place: 0
[18.796s][info   ][gc,reloc    ] GC(103) Large Pages: 0 / 0M, Empty: 0M, Relocated: 0M, In-Place: 0
[18.796s][info   ][gc,reloc    ] GC(103) Forwarding Usage: 0M
[18.796s][info   ][gc,heap     ] GC(103) Min Capacity: 2048M(100%)
[18.796s][info   ][gc,heap     ] GC(103) Max Capacity: 2048M(100%)
[18.796s][info   ][gc,heap     ] GC(103) Soft Max Capacity: 2048M(100%)
[18.796s][info   ][gc,heap     ] GC(103)                Mark Start          Mark End        Relocate Start      Relocate End           High               Low         
[18.796s][info   ][gc,heap     ] GC(103)  Capacity:     2048M (100%)       2048M (100%)       2048M (100%)       2048M (100%)       2048M (100%)       2048M (100%)   
[18.796s][info   ][gc,heap     ] GC(103)      Free:      630M (31%)         342M (17%)        1366M (67%)        1078M (53%)        1430M (70%)         278M (14%)    
[18.796s][info   ][gc,heap     ] GC(103)      Used:     1418M (69%)        1706M (83%)         682M (33%)         970M (47%)        1770M (86%)         618M (30%)    
[18.796s][info   ][gc,heap     ] GC(103)      Live:         -                66M (3%)           66M (3%)           66M (3%)             -                  -          
[18.796s][info   ][gc,heap     ] GC(103) Allocated:         -               288M (14%)         416M (20%)         871M (43%)            -                  -          
[18.796s][info   ][gc,heap     ] GC(103)   Garbage:         -              1351M (66%)         199M (10%)          31M (2%)             -                  -          
[18.796s][info   ][gc,heap     ] GC(103) Reclaimed:         -                  -              1152M (56%)        1319M (64%)            -                  -          
[18.796s][info   ][gc          ] GC(103) Garbage Collection (Allocation Rate) 1418M(69%)->970M(47%)
[18.880s][info   ][gc,start    ] GC(104) Garbage Collection (Allocation Rate)
[18.880s][info   ][gc,task     ] GC(104) Using 1 workers
[18.883s][info   ][gc,phases   ] GC(104) Pause Mark Start 0.017ms
[18.911s][info   ][gc,phases   ] GC(104) Concurrent Mark 19.067ms
[18.911s][info   ][gc,phases   ] GC(104) Pause Mark End 0.028ms
[18.918s][info   ][gc,phases   ] GC(104) Concurrent Mark Free 0.004ms
[18.927s][info   ][gc,phases   ] GC(104) Concurrent Process Non-Strong References 8.944ms
[18.927s][info   ][gc,phases   ] GC(104) Concurrent Reset Relocation Set 0.015ms
[18.934s][info   ][gc          ] Allocation Stall (Thread-4) 0.465ms
[18.934s][info   ][gc          ] Allocation Stall (Thread-5) 0.631ms
[18.934s][info   ][gc          ] Allocation Stall (Thread-0) 0.527ms
[18.934s][info   ][gc          ] Allocation Stall (Thread-2) 0.684ms
[18.934s][info   ][gc          ] Allocation Stall (Thread-6) 0.415ms
[18.937s][info   ][gc          ] Allocation Stall (Thread-7) 3.367ms
[18.944s][info   ][gc,phases   ] GC(104) Concurrent Select Relocation Set 17.470ms
[18.945s][info   ][gc,phases   ] GC(104) Pause Relocate Start 0.015ms
[19.081s][info   ][gc,phases   ] GC(104) Concurrent Relocate 135.636ms
[19.081s][info   ][gc,load     ] GC(104) Load: 4.67/3.23/2.07
[19.081s][info   ][gc,mmu      ] GC(104) MMU: 2ms/94.6%, 5ms/97.9%, 10ms/98.9%, 20ms/99.5%, 50ms/99.7%, 100ms/99.8%
[19.081s][info   ][gc,marking  ] GC(104) Mark: 1 stripe(s), 2 proactive flush(es), 1 terminate flush(es), 0 completion(s), 0 continuation(s) 
[19.081s][info   ][gc,marking  ] GC(104) Mark Stack Usage: 32M
[19.081s][info   ][gc,nmethod  ] GC(104) NMethods: 104 registered, 0 unregistered
[19.081s][info   ][gc,metaspace] GC(104) Metaspace: 0M used, 0M committed, 1088M reserved
[19.081s][info   ][gc,ref      ] GC(104) Soft: 7 encountered, 0 discovered, 0 enqueued
[19.081s][info   ][gc,ref      ] GC(104) Weak: 37 encountered, 28 discovered, 0 enqueued
[19.081s][info   ][gc,ref      ] GC(104) Final: 0 encountered, 0 discovered, 0 enqueued
[19.081s][info   ][gc,ref      ] GC(104) Phantom: 5 encountered, 2 discovered, 0 enqueued
[19.081s][info   ][gc,reloc    ] GC(104) Small Pages: 5 / 10M, Empty: 0M, Relocated: 0M, In-Place: 0
[19.081s][info   ][gc,reloc    ] GC(104) Medium Pages: 51 / 1632M, Empty: 1216M, Relocated: 70M, In-Place: 0
[19.081s][info   ][gc,reloc    ] GC(104) Large Pages: 0 / 0M, Empty: 0M, Relocated: 0M, In-Place: 0
[19.081s][info   ][gc,reloc    ] GC(104) Forwarding Usage: 0M
[19.081s][info   ][gc,heap     ] GC(104) Min Capacity: 2048M(100%)
[19.081s][info   ][gc,heap     ] GC(104) Max Capacity: 2048M(100%)
[19.081s][info   ][gc,heap     ] GC(104) Soft Max Capacity: 2048M(100%)
[19.081s][info   ][gc,heap     ] GC(104)                Mark Start          Mark End        Relocate Start      Relocate End           High               Low         
[19.081s][info   ][gc,heap     ] GC(104)  Capacity:     2048M (100%)       2048M (100%)       2048M (100%)       2048M (100%)       2048M (100%)       2048M (100%)   
[19.081s][info   ][gc,heap     ] GC(104)      Free:      406M (20%)         182M (9%)         1142M (56%)         438M (21%)        1238M (60%)          22M (1%)     
[19.081s][info   ][gc,heap     ] GC(104)      Used:     1642M (80%)        1866M (91%)         906M (44%)        1610M (79%)        2026M (99%)         810M (40%)    
[19.081s][info   ][gc,heap     ] GC(104)      Live:         -               114M (6%)          114M (6%)          114M (6%)             -                  -          
[19.081s][info   ][gc,heap     ] GC(104) Allocated:         -               224M (11%)         480M (23%)        1447M (71%)            -                  -          
[19.081s][info   ][gc,heap     ] GC(104)   Garbage:         -              1527M (75%)         311M (15%)          47M (2%)             -                  -          
[19.081s][info   ][gc,heap     ] GC(104) Reclaimed:         -                  -              1216M (59%)        1479M (72%)            -                  -          
[19.081s][info   ][gc          ] GC(104) Garbage Collection (Allocation Rate) 1642M(80%)->1610M(79%)
[19.138s][info   ][gc,start    ] GC(105) Garbage Collection (Allocation Stall)
[19.138s][info   ][gc,ref      ] GC(105) Clearing All SoftReferences
[19.138s][info   ][gc,task     ] GC(105) Using 1 workers
[19.139s][info   ][gc,phases   ] GC(105) Pause Mark Start 0.013ms
[19.141s][info   ][gc,phases   ] GC(105) Concurrent Mark 2.758ms
[19.142s][info   ][gc,phases   ] GC(105) Pause Mark End 0.011ms
[19.142s][info   ][gc,phases   ] GC(105) Concurrent Mark Free 0.001ms
[19.142s][info   ][gc,phases   ] GC(105) Concurrent Process Non-Strong References 0.542ms
[19.142s][info   ][gc,phases   ] GC(105) Concurrent Reset Relocation Set 0.002ms
[19.143s][info   ][gc          ] Allocation Stall (Thread-2) 5.089ms
[19.143s][info   ][gc          ] Allocation Stall (Thread-7) 4.891ms
[19.143s][info   ][gc          ] Allocation Stall (Thread-0) 4.451ms
[19.143s][info   ][gc          ] Allocation Stall (Thread-6) 5.176ms
[19.143s][info   ][gc          ] Allocation Stall (Thread-3) 4.787ms
[19.146s][info   ][gc          ] Allocation Stall (Thread-4) 7.734ms
[19.146s][info   ][gc          ] Allocation Stall (Thread-5) 7.089ms
[19.149s][info   ][gc,phases   ] GC(105) Concurrent Select Relocation Set 6.744ms
[19.150s][info   ][gc,phases   ] GC(105) Pause Relocate Start 0.033ms
[19.210s][info   ][gc,phases   ] GC(105) Concurrent Relocate 59.870ms
[19.210s][info   ][gc,load     ] GC(105) Load: 4.67/3.23/2.07
[19.210s][info   ][gc,mmu      ] GC(105) MMU: 2ms/94.6%, 5ms/97.9%, 10ms/98.9%, 20ms/99.5%, 50ms/99.7%, 100ms/99.8%
[19.211s][info   ][gc,marking  ] GC(105) Mark: 1 stripe(s), 2 proactive flush(es), 1 terminate flush(es), 0 completion(s), 0 continuation(s) 
[19.211s][info   ][gc,marking  ] GC(105) Mark Stack Usage: 32M
[19.211s][info   ][gc,nmethod  ] GC(105) NMethods: 104 registered, 0 unregistered
[19.211s][info   ][gc,metaspace] GC(105) Metaspace: 0M used, 0M committed, 1088M reserved
[19.211s][info   ][gc,ref      ] GC(105) Soft: 7 encountered, 5 discovered, 0 enqueued
[19.211s][info   ][gc,ref      ] GC(105) Weak: 37 encountered, 28 discovered, 0 enqueued
[19.211s][info   ][gc,ref      ] GC(105) Final: 0 encountered, 0 discovered, 0 enqueued
[19.211s][info   ][gc,ref      ] GC(105) Phantom: 5 encountered, 2 discovered, 0 enqueued
[19.211s][info   ][gc,reloc    ] GC(105) Small Pages: 5 / 10M, Empty: 0M, Relocated: 0M, In-Place: 0
[19.211s][info   ][gc,reloc    ] GC(105) Medium Pages: 63 / 2016M, Empty: 1664M, Relocated: 53M, In-Place: 0
[19.211s][info   ][gc,reloc    ] GC(105) Large Pages: 0 / 0M, Empty: 0M, Relocated: 0M, In-Place: 0
[19.211s][info   ][gc,reloc    ] GC(105) Forwarding Usage: 0M
[19.211s][info   ][gc,heap     ] GC(105) Min Capacity: 2048M(100%)
[19.211s][info   ][gc,heap     ] GC(105) Max Capacity: 2048M(100%)
[19.211s][info   ][gc,heap     ] GC(105) Soft Max Capacity: 2048M(100%)
[19.211s][info   ][gc,heap     ] GC(105)                Mark Start          Mark End        Relocate Start      Relocate End           High               Low         
[19.211s][info   ][gc,heap     ] GC(105)  Capacity:     2048M (100%)       2048M (100%)       2048M (100%)       2048M (100%)       2048M (100%)       2048M (100%)   
[19.211s][info   ][gc,heap     ] GC(105)      Free:       22M (1%)           22M (1%)         1590M (78%)        1366M (67%)        1686M (82%)          22M (1%)     
[19.211s][info   ][gc,heap     ] GC(105)      Used:     2026M (99%)        2026M (99%)         458M (22%)         682M (33%)        2026M (99%)         362M (18%)    
[19.211s][info   ][gc,heap     ] GC(105)      Live:         -               118M (6%)          118M (6%)          118M (6%)             -                  -          
[19.211s][info   ][gc,heap     ] GC(105) Allocated:         -                 0M (0%)           96M (5%)          506M (25%)            -                  -          
[19.211s][info   ][gc,heap     ] GC(105)   Garbage:         -              1907M (93%)         243M (12%)          56M (3%)             -                  -          
[19.211s][info   ][gc,heap     ] GC(105) Reclaimed:         -                  -              1664M (81%)        1850M (90%)            -                  -          
[19.211s][info   ][gc          ] GC(105) Garbage Collection (Allocation Stall) 2026M(99%)->682M(33%)
[19.277s][info   ][gc,start    ] GC(106) Garbage Collection (Allocation Stall)
[19.277s][info   ][gc,ref      ] GC(106) Clearing All SoftReferences
[19.277s][info   ][gc,task     ] GC(106) Using 1 workers
[19.280s][info   ][gc,phases   ] GC(106) Pause Mark Start 0.024ms
[19.309s][info   ][gc,phases   ] GC(106) Concurrent Mark 28.772ms
[19.309s][info   ][gc,phases   ] GC(106) Pause Mark End 0.028ms
[19.310s][info   ][gc,phases   ] GC(106) Concurrent Mark Free 0.002ms
[19.327s][info   ][gc,phases   ] GC(106) Concurrent Process Non-Strong References 17.848ms
[19.328s][info   ][gc,phases   ] GC(106) Concurrent Reset Relocation Set 0.009ms
[19.330s][info   ][gc,phases   ] GC(106) Concurrent Select Relocation Set 2.313ms
[19.331s][info   ][gc,phases   ] GC(106) Pause Relocate Start 0.031ms
[19.463s][info   ][gc,phases   ] GC(106) Concurrent Relocate 123.702ms
[19.464s][info   ][gc,load     ] GC(106) Load: 4.67/3.23/2.07
[19.464s][info   ][gc,mmu      ] GC(106) MMU: 2ms/94.6%, 5ms/97.9%, 10ms/98.9%, 20ms/99.5%, 50ms/99.7%, 100ms/99.8%
[19.464s][info   ][gc,marking  ] GC(106) Mark: 1 stripe(s), 2 proactive flush(es), 1 terminate flush(es), 0 completion(s), 0 continuation(s) 
[19.464s][info   ][gc,marking  ] GC(106) Mark Stack Usage: 32M
[19.464s][info   ][gc,nmethod  ] GC(106) NMethods: 104 registered, 0 unregistered
[19.464s][info   ][gc,metaspace] GC(106) Metaspace: 0M used, 0M committed, 1088M reserved
[19.464s][info   ][gc,ref      ] GC(106) Soft: 7 encountered, 5 discovered, 0 enqueued
[19.464s][info   ][gc,ref      ] GC(106) Weak: 37 encountered, 28 discovered, 0 enqueued
[19.464s][info   ][gc,ref      ] GC(106) Final: 0 encountered, 0 discovered, 0 enqueued
[19.464s][info   ][gc,ref      ] GC(106) Phantom: 5 encountered, 2 discovered, 0 enqueued
[19.464s][info   ][gc,reloc    ] GC(106) Small Pages: 5 / 10M, Empty: 0M, Relocated: 0M, In-Place: 0
[19.464s][info   ][gc,reloc    ] GC(106) Medium Pages: 38 / 1216M, Empty: 768M, Relocated: 77M, In-Place: 0
[19.464s][info   ][gc,reloc    ] GC(106) Large Pages: 0 / 0M, Empty: 0M, Relocated: 0M, In-Place: 0
[19.464s][info   ][gc,reloc    ] GC(106) Forwarding Usage: 0M
[19.464s][info   ][gc,heap     ] GC(106) Min Capacity: 2048M(100%)
[19.464s][info   ][gc,heap     ] GC(106) Max Capacity: 2048M(100%)
[19.464s][info   ][gc,heap     ] GC(106) Soft Max Capacity: 2048M(100%)
[19.464s][info   ][gc,heap     ] GC(106)                Mark Start          Mark End        Relocate Start      Relocate End           High               Low         
[19.464s][info   ][gc,heap     ] GC(106)  Capacity:     2048M (100%)       2048M (100%)       2048M (100%)       2048M (100%)       2048M (100%)       2048M (100%)   
[19.464s][info   ][gc,heap     ] GC(106)      Free:      822M (40%)         566M (28%)        1174M (57%)         502M (25%)        1206M (59%)         438M (21%)    
[19.464s][info   ][gc,heap     ] GC(106)      Used:     1226M (60%)        1482M (72%)         874M (43%)        1546M (75%)        1610M (79%)         842M (41%)    
[19.464s][info   ][gc,heap     ] GC(106)      Live:         -               115M (6%)          115M (6%)          115M (6%)             -                  -          
[19.464s][info   ][gc,heap     ] GC(106) Allocated:         -               256M (12%)         416M (20%)        1382M (68%)            -                  -          
[19.464s][info   ][gc,heap     ] GC(106)   Garbage:         -              1110M (54%)         342M (17%)          47M (2%)             -                  -          
[19.464s][info   ][gc,heap     ] GC(106) Reclaimed:         -                  -               768M (38%)        1062M (52%)            -                  -          
[19.464s][info   ][gc          ] GC(106) Garbage Collection (Allocation Stall) 1226M(60%)->1546M(75%)
[19.479s][info   ][gc,start    ] GC(107) Garbage Collection (Allocation Rate)
[19.479s][info   ][gc,task     ] GC(107) Using 1 workers
[19.480s][info   ][gc,phases   ] GC(107) Pause Mark Start 0.022ms
[19.515s][info   ][gc,phases   ] GC(107) Concurrent Mark 32.081ms
[19.515s][info   ][gc,phases   ] GC(107) Pause Mark End 0.036ms
[19.516s][info   ][gc,phases   ] GC(107) Concurrent Mark Free 0.003ms
[19.521s][info   ][gc,phases   ] GC(107) Concurrent Process Non-Strong References 4.720ms
[19.521s][info   ][gc,phases   ] GC(107) Concurrent Reset Relocation Set 0.007ms
[19.526s][info   ][gc,phases   ] GC(107) Concurrent Select Relocation Set 4.774ms
[19.526s][info   ][gc,phases   ] GC(107) Pause Relocate Start 0.037ms
[19.748s][info   ][gc          ] Allocation Stall (Thread-7) 3.310ms
[19.752s][info   ][gc,phases   ] GC(107) Concurrent Relocate 223.492ms
[19.752s][info   ][gc,load     ] GC(107) Load: 4.67/3.23/2.07
[19.752s][info   ][gc,mmu      ] GC(107) MMU: 2ms/94.6%, 5ms/97.9%, 10ms/98.9%, 20ms/99.5%, 50ms/99.7%, 100ms/99.8%
[19.752s][info   ][gc,marking  ] GC(107) Mark: 1 stripe(s), 2 proactive flush(es), 1 terminate flush(es), 0 completion(s), 0 continuation(s) 
[19.752s][info   ][gc,marking  ] GC(107) Mark Stack Usage: 32M
[19.752s][info   ][gc,nmethod  ] GC(107) NMethods: 104 registered, 0 unregistered
[19.752s][info   ][gc,metaspace] GC(107) Metaspace: 0M used, 0M committed, 1088M reserved
[19.752s][info   ][gc,ref      ] GC(107) Soft: 7 encountered, 0 discovered, 0 enqueued
[19.752s][info   ][gc,ref      ] GC(107) Weak: 37 encountered, 28 discovered, 0 enqueued
[19.752s][info   ][gc,ref      ] GC(107) Final: 0 encountered, 0 discovered, 0 enqueued
[19.752s][info   ][gc,ref      ] GC(107) Phantom: 5 encountered, 2 discovered, 0 enqueued
[19.752s][info   ][gc,reloc    ] GC(107) Small Pages: 5 / 10M, Empty: 0M, Relocated: 0M, In-Place: 0
[19.752s][info   ][gc,reloc    ] GC(107) Medium Pages: 52 / 1664M, Empty: 1056M, Relocated: 139M, In-Place: 1
[19.752s][info   ][gc,reloc    ] GC(107) Large Pages: 0 / 0M, Empty: 0M, Relocated: 0M, In-Place: 0
[19.752s][info   ][gc,reloc    ] GC(107) Forwarding Usage: 0M
[19.752s][info   ][gc,heap     ] GC(107) Min Capacity: 2048M(100%)
[19.752s][info   ][gc,heap     ] GC(107) Max Capacity: 2048M(100%)
[19.752s][info   ][gc,heap     ] GC(107) Soft Max Capacity: 2048M(100%)
[19.752s][info   ][gc,heap     ] GC(107)                Mark Start          Mark End        Relocate Start      Relocate End           High               Low         
[19.752s][info   ][gc,heap     ] GC(107)  Capacity:     2048M (100%)       2048M (100%)       2048M (100%)       2048M (100%)       2048M (100%)       2048M (100%)   
[19.752s][info   ][gc,heap     ] GC(107)      Free:      374M (18%)          86M (4%)         1046M (51%)          22M (1%)         1230M (60%)          14M (1%)     
[19.752s][info   ][gc,heap     ] GC(107)      Used:     1674M (82%)        1962M (96%)        1002M (49%)        2026M (99%)        2034M (99%)         818M (40%)    
[19.752s][info   ][gc,heap     ] GC(107)      Live:         -               170M (8%)          170M (8%)          170M (8%)             -                  -          
[19.752s][info   ][gc,heap     ] GC(107) Allocated:         -               288M (14%)         384M (19%)        1818M (89%)            -                  -          
[19.752s][info   ][gc,heap     ] GC(107)   Garbage:         -              1503M (73%)         447M (22%)          36M (2%)             -                  -          
[19.752s][info   ][gc,heap     ] GC(107) Reclaimed:         -                  -              1056M (52%)        1466M (72%)            -                  -          
[19.752s][info   ][gc          ] GC(107) Garbage Collection (Allocation Rate) 1674M(82%)->2026M(99%)
[19.752s][info   ][gc,start    ] GC(108) Garbage Collection (Allocation Stall)
[19.752s][info   ][gc,ref      ] GC(108) Clearing All SoftReferences
[19.752s][info   ][gc,task     ] GC(108) Using 1 workers
[19.753s][info   ][gc,phases   ] GC(108) Pause Mark Start 0.013ms
[19.755s][info   ][gc,phases   ] GC(108) Concurrent Mark 2.558ms
[19.755s][info   ][gc,phases   ] GC(108) Pause Mark End 0.015ms
[19.755s][info   ][gc,phases   ] GC(108) Concurrent Mark Free 0.001ms
[19.756s][info   ][gc,phases   ] GC(108) Concurrent Process Non-Strong References 0.648ms
[19.756s][info   ][gc,phases   ] GC(108) Concurrent Reset Relocation Set 0.003ms
[19.757s][info   ][gc          ] Allocation Stall (Thread-3) 12.636ms
[19.757s][info   ][gc          ] Allocation Stall (Thread-5) 4.230ms
[19.757s][info   ][gc,phases   ] GC(108) Concurrent Select Relocation Set 1.118ms
[19.757s][info   ][gc          ] Allocation Stall (Thread-4) 12.604ms
[19.757s][info   ][gc          ] Allocation Stall (Thread-0) 12.852ms
[19.757s][info   ][gc          ] Allocation Stall (Thread-2) 12.444ms
[19.757s][info   ][gc          ] Allocation Stall (Thread-6) 12.562ms
[19.757s][info   ][gc          ] Allocation Stall (Thread-1) 11.485ms
[19.757s][info   ][gc,phases   ] GC(108) Pause Relocate Start 0.010ms
[19.791s][info   ][gc,phases   ] GC(108) Concurrent Relocate 31.755ms
[19.791s][info   ][gc,load     ] GC(108) Load: 4.67/3.23/2.07
[19.791s][info   ][gc,mmu      ] GC(108) MMU: 2ms/94.6%, 5ms/97.9%, 10ms/98.9%, 20ms/99.5%, 50ms/99.7%, 100ms/99.8%
[19.791s][info   ][gc,marking  ] GC(108) Mark: 1 stripe(s), 2 proactive flush(es), 1 terminate flush(es), 0 completion(s), 0 continuation(s) 
[19.791s][info   ][gc,marking  ] GC(108) Mark Stack Usage: 32M
[19.791s][info   ][gc,nmethod  ] GC(108) NMethods: 104 registered, 0 unregistered
[19.791s][info   ][gc,metaspace] GC(108) Metaspace: 0M used, 0M committed, 1088M reserved
[19.791s][info   ][gc,ref      ] GC(108) Soft: 7 encountered, 5 discovered, 0 enqueued
[19.791s][info   ][gc,ref      ] GC(108) Weak: 37 encountered, 28 discovered, 0 enqueued
[19.791s][info   ][gc,ref      ] GC(108) Final: 0 encountered, 0 discovered, 0 enqueued
[19.791s][info   ][gc,ref      ] GC(108) Phantom: 5 encountered, 2 discovered, 0 enqueued
[19.791s][info   ][gc,reloc    ] GC(108) Small Pages: 5 / 10M, Empty: 0M, Relocated: 0M, In-Place: 0
[19.791s][info   ][gc,reloc    ] GC(108) Medium Pages: 63 / 2016M, Empty: 1152M, Relocated: 132M, In-Place: 0
[19.791s][info   ][gc,reloc    ] GC(108) Large Pages: 0 / 0M, Empty: 0M, Relocated: 0M, In-Place: 0
[19.791s][info   ][gc,reloc    ] GC(108) Forwarding Usage: 0M
[19.791s][info   ][gc,heap     ] GC(108) Min Capacity: 2048M(100%)
[19.791s][info   ][gc,heap     ] GC(108) Max Capacity: 2048M(100%)
[19.791s][info   ][gc,heap     ] GC(108) Soft Max Capacity: 2048M(100%)
[19.792s][info   ][gc,heap     ] GC(108)                Mark Start          Mark End        Relocate Start      Relocate End           High               Low         
[19.792s][info   ][gc,heap     ] GC(108)  Capacity:     2048M (100%)       2048M (100%)       2048M (100%)       2048M (100%)       2048M (100%)       2048M (100%)   
[19.792s][info   ][gc,heap     ] GC(108)      Free:       22M (1%)           22M (1%)         1142M (56%)        1654M (81%)        1748M (85%)          22M (1%)     
[19.792s][info   ][gc,heap     ] GC(108)      Used:     2026M (99%)        2026M (99%)         906M (44%)         394M (19%)        2026M (99%)         300M (15%)    
[19.792s][info   ][gc,heap     ] GC(108)      Live:         -               224M (11%)         224M (11%)         224M (11%)            -                  -          
[19.792s][info   ][gc,heap     ] GC(108) Allocated:         -                 0M (0%)           32M (2%)          128M (6%)             -                  -          
[19.792s][info   ][gc,heap     ] GC(108)   Garbage:         -              1801M (88%)         649M (32%)          40M (2%)             -                  -          
[19.792s][info   ][gc,heap     ] GC(108) Reclaimed:         -                  -              1152M (56%)        1760M (86%)            -                  -          
[19.792s][info   ][gc          ] GC(108) Garbage Collection (Allocation Stall) 2026M(99%)->394M(19%)
[19.877s][info   ][gc,start    ] GC(109) Garbage Collection (Allocation Stall)
[19.877s][info   ][gc,ref      ] GC(109) Clearing All SoftReferences
[19.878s][info   ][gc,task     ] GC(109) Using 1 workers
[19.878s][info   ][gc,phases   ] GC(109) Pause Mark Start 0.018ms
[19.912s][info   ][gc,phases   ] GC(109) Concurrent Mark 27.974ms
[19.913s][info   ][gc,phases   ] GC(109) Pause Mark End 0.019ms
[19.919s][info   ][gc,phases   ] GC(109) Concurrent Mark Free 0.006ms
[19.926s][info   ][gc,phases   ] GC(109) Concurrent Process Non-Strong References 6.834ms
[19.926s][info   ][gc,phases   ] GC(109) Concurrent Reset Relocation Set 0.010ms
[19.929s][info   ][gc,phases   ] GC(109) Concurrent Select Relocation Set 3.866ms
[19.930s][info   ][gc,phases   ] GC(109) Pause Relocate Start 0.014ms
[20.101s][info   ][gc          ] Allocation Stall (Thread-6) 1.700ms
[20.104s][info   ][gc          ] Allocation Stall (Thread-1) 5.398ms
[20.105s][info   ][gc          ] Allocation Stall (Thread-3) 5.483ms
[20.106s][info   ][gc          ] Allocation Stall (Thread-5) 6.338ms
[20.106s][info   ][gc,phases   ] GC(109) Concurrent Relocate 174.535ms
[20.106s][info   ][gc,load     ] GC(109) Load: 4.67/3.23/2.07
[20.106s][info   ][gc,mmu      ] GC(109) MMU: 2ms/94.6%, 5ms/97.9%, 10ms/98.9%, 20ms/99.5%, 50ms/99.7%, 100ms/99.8%
[20.106s][info   ][gc,marking  ] GC(109) Mark: 1 stripe(s), 2 proactive flush(es), 1 terminate flush(es), 0 completion(s), 0 continuation(s) 
[20.106s][info   ][gc,marking  ] GC(109) Mark Stack Usage: 32M
[20.106s][info   ][gc,nmethod  ] GC(109) NMethods: 104 registered, 0 unregistered
[20.106s][info   ][gc,metaspace] GC(109) Metaspace: 0M used, 0M committed, 1088M reserved
[20.106s][info   ][gc,ref      ] GC(109) Soft: 7 encountered, 5 discovered, 0 enqueued
[20.106s][info   ][gc,ref      ] GC(109) Weak: 37 encountered, 28 discovered, 0 enqueued
[20.106s][info   ][gc,ref      ] GC(109) Final: 0 encountered, 0 discovered, 0 enqueued
[20.106s][info   ][gc,ref      ] GC(109) Phantom: 5 encountered, 2 discovered, 0 enqueued
[20.106s][info   ][gc,reloc    ] GC(109) Small Pages: 5 / 10M, Empty: 0M, Relocated: 0M, In-Place: 0
[20.106s][info   ][gc,reloc    ] GC(109) Medium Pages: 34 / 1088M, Empty: 224M, Relocated: 137M, In-Place: 0
[20.106s][info   ][gc,reloc    ] GC(109) Large Pages: 0 / 0M, Empty: 0M, Relocated: 0M, In-Place: 0
[20.106s][info   ][gc,reloc    ] GC(109) Forwarding Usage: 0M
[20.106s][info   ][gc,heap     ] GC(109) Min Capacity: 2048M(100%)
[20.106s][info   ][gc,heap     ] GC(109) Max Capacity: 2048M(100%)
[20.106s][info   ][gc,heap     ] GC(109) Soft Max Capacity: 2048M(100%)
[20.106s][info   ][gc,heap     ] GC(109)                Mark Start          Mark End        Relocate Start      Relocate End           High               Low         
[20.106s][info   ][gc,heap     ] GC(109)  Capacity:     2048M (100%)       2048M (100%)       2048M (100%)       2048M (100%)       2048M (100%)       2048M (100%)   
[20.106s][info   ][gc,heap     ] GC(109)      Free:      950M (46%)         662M (32%)         726M (35%)          22M (1%)          950M (46%)          14M (1%)     
[20.106s][info   ][gc,heap     ] GC(109)      Used:     1098M (54%)        1386M (68%)        1322M (65%)        2026M (99%)        2034M (99%)        1098M (54%)    
[20.106s][info   ][gc,heap     ] GC(109)      Live:         -               231M (11%)         231M (11%)         231M (11%)            -                  -          
[20.106s][info   ][gc,heap     ] GC(109) Allocated:         -               288M (14%)         448M (22%)        1753M (86%)            -                  -          
[20.106s][info   ][gc,heap     ] GC(109)   Garbage:         -               866M (42%)         642M (31%)          40M (2%)             -                  -          
[20.106s][info   ][gc,heap     ] GC(109) Reclaimed:         -                  -               224M (11%)         825M (40%)            -                  -          
[20.106s][info   ][gc          ] GC(109) Garbage Collection (Allocation Stall) 1098M(54%)->2026M(99%)
[20.106s][info   ][gc,start    ] GC(110) Garbage Collection (Allocation Stall)
[20.106s][info   ][gc,ref      ] GC(110) Clearing All SoftReferences
[20.106s][info   ][gc,task     ] GC(110) Using 1 workers
[20.107s][info   ][gc,phases   ] GC(110) Pause Mark Start 0.014ms
[20.110s][info   ][gc,phases   ] GC(110) Concurrent Mark 2.373ms
[20.110s][info   ][gc,phases   ] GC(110) Pause Mark End 0.012ms
[20.110s][info   ][gc,phases   ] GC(110) Concurrent Mark Free 0.001ms
[20.110s][info   ][gc,phases   ] GC(110) Concurrent Process Non-Strong References 0.301ms
[20.110s][info   ][gc,phases   ] GC(110) Concurrent Reset Relocation Set 0.003ms
[20.111s][info   ][gc          ] Allocation Stall (Thread-3) 3.727ms
[20.111s][info   ][gc          ] Allocation Stall (Thread-0) 12.033ms
[20.111s][info   ][gc          ] Allocation Stall (Thread-6) 5.863ms
[20.111s][info   ][gc          ] Allocation Stall (Thread-7) 12.190ms
[20.112s][info   ][gc          ] Allocation Stall (Thread-2) 13.108ms
[20.114s][info   ][gc          ] Allocation Stall (Thread-4) 6.048ms
[20.115s][info   ][gc,phases   ] GC(110) Concurrent Select Relocation Set 5.161ms
[20.111s][info   ][gc          ] Allocation Stall (Thread-1) 3.698ms
[20.111s][info   ][gc          ] Allocation Stall (Thread-5) 3.670ms
[20.116s][info   ][gc,phases   ] GC(110) Pause Relocate Start 0.015ms
[20.152s][info   ][gc,phases   ] GC(110) Concurrent Relocate 33.704ms
[20.152s][info   ][gc,load     ] GC(110) Load: 4.67/3.23/2.07
[20.152s][info   ][gc,mmu      ] GC(110) MMU: 2ms/94.6%, 5ms/97.9%, 10ms/98.9%, 20ms/99.5%, 50ms/99.7%, 100ms/99.8%
[20.152s][info   ][gc,marking  ] GC(110) Mark: 1 stripe(s), 2 proactive flush(es), 1 terminate flush(es), 0 completion(s), 0 continuation(s) 
[20.152s][info   ][gc,marking  ] GC(110) Mark Stack Usage: 32M
[20.152s][info   ][gc,nmethod  ] GC(110) NMethods: 104 registered, 0 unregistered
[20.152s][info   ][gc,metaspace] GC(110) Metaspace: 0M used, 0M committed, 1088M reserved
[20.152s][info   ][gc,ref      ] GC(110) Soft: 7 encountered, 5 discovered, 0 enqueued
[20.152s][info   ][gc,ref      ] GC(110) Weak: 37 encountered, 28 discovered, 0 enqueued
[20.152s][info   ][gc,ref      ] GC(110) Final: 0 encountered, 0 discovered, 0 enqueued
[20.152s][info   ][gc,ref      ] GC(110) Phantom: 5 encountered, 2 discovered, 0 enqueued
[20.152s][info   ][gc,reloc    ] GC(110) Small Pages: 5 / 10M, Empty: 0M, Relocated: 0M, In-Place: 0
[20.152s][info   ][gc,reloc    ] GC(110) Medium Pages: 63 / 2016M, Empty: 1056M, Relocated: 159M, In-Place: 0
[20.152s][info   ][gc,reloc    ] GC(110) Large Pages: 0 / 0M, Empty: 0M, Relocated: 0M, In-Place: 0
[20.152s][info   ][gc,reloc    ] GC(110) Forwarding Usage: 0M
[20.152s][info   ][gc,heap     ] GC(110) Min Capacity: 2048M(100%)
[20.152s][info   ][gc,heap     ] GC(110) Max Capacity: 2048M(100%)
[20.152s][info   ][gc,heap     ] GC(110) Soft Max Capacity: 2048M(100%)
[20.152s][info   ][gc,heap     ] GC(110)                Mark Start          Mark End        Relocate Start      Relocate End           High               Low         
[20.152s][info   ][gc,heap     ] GC(110)  Capacity:     2048M (100%)       2048M (100%)       2048M (100%)       2048M (100%)       2048M (100%)       2048M (100%)   
[20.152s][info   ][gc,heap     ] GC(110)      Free:       22M (1%)           22M (1%)         1014M (50%)        1622M (79%)        1622M (79%)          22M (1%)     
[20.152s][info   ][gc,heap     ] GC(110)      Used:     2026M (99%)        2026M (99%)        1034M (50%)         426M (21%)        2026M (99%)         426M (21%)    
[20.152s][info   ][gc,heap     ] GC(110)      Live:         -               235M (12%)         235M (12%)         235M (12%)            -                  -          
[20.152s][info   ][gc,heap     ] GC(110) Allocated:         -                 0M (0%)           64M (3%)          162M (8%)             -                  -          
[20.152s][info   ][gc,heap     ] GC(110)   Garbage:         -              1790M (87%)         734M (36%)          27M (1%)             -                  -          
[20.152s][info   ][gc,heap     ] GC(110) Reclaimed:         -                  -              1056M (52%)        1762M (86%)            -                  -          
[20.152s][info   ][gc          ] GC(110) Garbage Collection (Allocation Stall) 2026M(99%)->426M(21%)
[20.179s][info   ][gc,start    ] GC(111) Garbage Collection (Allocation Stall)
[20.179s][info   ][gc,ref      ] GC(111) Clearing All SoftReferences
[20.179s][info   ][gc,task     ] GC(111) Using 1 workers
[20.182s][info   ][gc,phases   ] GC(111) Pause Mark Start 0.013ms
[20.218s][info   ][gc,phases   ] GC(111) Concurrent Mark 31.276ms
[20.218s][info   ][gc,phases   ] GC(111) Pause Mark End 0.018ms
[20.223s][info   ][gc,phases   ] GC(111) Concurrent Mark Free 0.007ms
[20.233s][info   ][gc,phases   ] GC(111) Concurrent Process Non-Strong References 9.279ms
[20.233s][info   ][gc,phases   ] GC(111) Concurrent Reset Relocation Set 0.015ms
[20.234s][info   ][gc,phases   ] GC(111) Concurrent Select Relocation Set 1.257ms
[20.234s][info   ][gc,phases   ] GC(111) Pause Relocate Start 0.015ms
[20.396s][info   ][gc,phases   ] GC(111) Concurrent Relocate 161.754ms
[20.397s][info   ][gc,load     ] GC(111) Load: 4.67/3.23/2.07
[20.397s][info   ][gc,mmu      ] GC(111) MMU: 2ms/94.6%, 5ms/97.9%, 10ms/98.9%, 20ms/99.5%, 50ms/99.7%, 100ms/99.8%
[20.397s][info   ][gc,marking  ] GC(111) Mark: 1 stripe(s), 2 proactive flush(es), 1 terminate flush(es), 0 completion(s), 0 continuation(s) 
[20.397s][info   ][gc,marking  ] GC(111) Mark Stack Usage: 32M
[20.397s][info   ][gc,nmethod  ] GC(111) NMethods: 104 registered, 0 unregistered
[20.397s][info   ][gc,metaspace] GC(111) Metaspace: 0M used, 0M committed, 1088M reserved
[20.397s][info   ][gc,ref      ] GC(111) Soft: 7 encountered, 5 discovered, 0 enqueued
[20.397s][info   ][gc,ref      ] GC(111) Weak: 37 encountered, 28 discovered, 0 enqueued
[20.397s][info   ][gc,ref      ] GC(111) Final: 0 encountered, 0 discovered, 0 enqueued
[20.397s][info   ][gc,ref      ] GC(111) Phantom: 5 encountered, 2 discovered, 0 enqueued
[20.397s][info   ][gc,reloc    ] GC(111) Small Pages: 5 / 10M, Empty: 0M, Relocated: 0M, In-Place: 0
[20.397s][info   ][gc,reloc    ] GC(111) Medium Pages: 21 / 672M, Empty: 0M, Relocated: 166M, In-Place: 0
[20.397s][info   ][gc,reloc    ] GC(111) Large Pages: 0 / 0M, Empty: 0M, Relocated: 0M, In-Place: 0
[20.397s][info   ][gc,reloc    ] GC(111) Forwarding Usage: 0M
[20.397s][info   ][gc,heap     ] GC(111) Min Capacity: 2048M(100%)
[20.397s][info   ][gc,heap     ] GC(111) Max Capacity: 2048M(100%)
[20.397s][info   ][gc,heap     ] GC(111) Soft Max Capacity: 2048M(100%)
[20.397s][info   ][gc,heap     ] GC(111)                Mark Start          Mark End        Relocate Start      Relocate End           High               Low         
[20.397s][info   ][gc,heap     ] GC(111)  Capacity:     2048M (100%)       2048M (100%)       2048M (100%)       2048M (100%)       2048M (100%)       2048M (100%)   
[20.397s][info   ][gc,heap     ] GC(111)      Free:     1366M (67%)        1046M (51%)         918M (45%)         214M (10%)        1366M (67%)         206M (10%)    
[20.397s][info   ][gc,heap     ] GC(111)      Used:      682M (33%)        1002M (49%)        1130M (55%)        1834M (90%)        1842M (90%)         682M (33%)    
[20.397s][info   ][gc,heap     ] GC(111)      Live:         -               217M (11%)         217M (11%)         217M (11%)            -                  -          
[20.397s][info   ][gc,heap     ] GC(111) Allocated:         -               320M (16%)         448M (22%)        1582M (77%)            -                  -          
[20.397s][info   ][gc,heap     ] GC(111)   Garbage:         -               464M (23%)         464M (23%)          33M (2%)             -                  -          
[20.397s][info   ][gc,heap     ] GC(111) Reclaimed:         -                  -                 0M (0%)          430M (21%)            -                  -          
[20.397s][info   ][gc          ] GC(111) Garbage Collection (Allocation Stall) 682M(33%)->1834M(90%)
[20.424s][info   ][gc,start    ] GC(112) Garbage Collection (Allocation Stall)
[20.424s][info   ][gc,ref      ] GC(112) Clearing All SoftReferences
[20.424s][info   ][gc,task     ] GC(112) Using 1 workers
[20.425s][info   ][gc,phases   ] GC(112) Pause Mark Start 0.011ms
[20.427s][info   ][gc,phases   ] GC(112) Concurrent Mark 2.016ms
[20.427s][info   ][gc,phases   ] GC(112) Pause Mark End 0.008ms
[20.427s][info   ][gc,phases   ] GC(112) Concurrent Mark Free 0.001ms
[20.427s][info   ][gc,phases   ] GC(112) Concurrent Process Non-Strong References 0.274ms
[20.427s][info   ][gc,phases   ] GC(112) Concurrent Reset Relocation Set 0.002ms
[20.428s][info   ][gc          ] Allocation Stall (Thread-6) 3.237ms
[20.428s][info   ][gc          ] Allocation Stall (Thread-5) 3.749ms
[20.428s][info   ][gc          ] Allocation Stall (Thread-2) 3.116ms
[20.431s][info   ][gc          ] Allocation Stall (Thread-0) 6.488ms
[20.428s][info   ][gc,phases   ] GC(112) Concurrent Select Relocation Set 0.990ms
[20.431s][info   ][gc          ] Allocation Stall (Thread-3) 6.569ms
[20.431s][info   ][gc          ] Allocation Stall (Thread-7) 6.480ms
[20.428s][info   ][gc          ] Allocation Stall (Thread-4) 3.218ms
[20.436s][info   ][gc,phases   ] GC(112) Pause Relocate Start 0.016ms
[20.497s][info   ][gc,phases   ] GC(112) Concurrent Relocate 60.889ms
[20.497s][info   ][gc,load     ] GC(112) Load: 4.67/3.23/2.07
[20.497s][info   ][gc,mmu      ] GC(112) MMU: 2ms/94.6%, 5ms/97.9%, 10ms/98.9%, 20ms/99.5%, 50ms/99.7%, 100ms/99.8%
[20.497s][info   ][gc,marking  ] GC(112) Mark: 1 stripe(s), 2 proactive flush(es), 1 terminate flush(es), 0 completion(s), 0 continuation(s) 
[20.497s][info   ][gc,marking  ] GC(112) Mark Stack Usage: 32M
[20.497s][info   ][gc,nmethod  ] GC(112) NMethods: 104 registered, 0 unregistered
[20.497s][info   ][gc,metaspace] GC(112) Metaspace: 0M used, 0M committed, 1088M reserved
[20.497s][info   ][gc,ref      ] GC(112) Soft: 7 encountered, 5 discovered, 0 enqueued
[20.497s][info   ][gc,ref      ] GC(112) Weak: 37 encountered, 28 discovered, 0 enqueued
[20.497s][info   ][gc,ref      ] GC(112) Final: 0 encountered, 0 discovered, 0 enqueued
[20.497s][info   ][gc,ref      ] GC(112) Phantom: 5 encountered, 2 discovered, 0 enqueued
[20.497s][info   ][gc,reloc    ] GC(112) Small Pages: 5 / 10M, Empty: 0M, Relocated: 0M, In-Place: 0
[20.497s][info   ][gc,reloc    ] GC(112) Medium Pages: 63 / 2016M, Empty: 1312M, Relocated: 110M, In-Place: 0
[20.497s][info   ][gc,reloc    ] GC(112) Large Pages: 0 / 0M, Empty: 0M, Relocated: 0M, In-Place: 0
[20.497s][info   ][gc,reloc    ] GC(112) Forwarding Usage: 0M
[20.497s][info   ][gc,heap     ] GC(112) Min Capacity: 2048M(100%)
[20.497s][info   ][gc,heap     ] GC(112) Max Capacity: 2048M(100%)
[20.497s][info   ][gc,heap     ] GC(112) Soft Max Capacity: 2048M(100%)
[20.497s][info   ][gc,heap     ] GC(112)                Mark Start          Mark End        Relocate Start      Relocate End           High               Low         
[20.497s][info   ][gc,heap     ] GC(112)  Capacity:     2048M (100%)       2048M (100%)       2048M (100%)       2048M (100%)       2048M (100%)       2048M (100%)   
[20.497s][info   ][gc,heap     ] GC(112)      Free:       22M (1%)           22M (1%)         1238M (60%)        1398M (68%)        1646M (80%)          22M (1%)     
[20.497s][info   ][gc,heap     ] GC(112)      Used:     2026M (99%)        2026M (99%)         810M (40%)         650M (32%)        2026M (99%)         402M (20%)    
[20.497s][info   ][gc,heap     ] GC(112)      Live:         -               163M (8%)          163M (8%)          163M (8%)             -                  -          
[20.497s][info   ][gc,heap     ] GC(112) Allocated:         -                 0M (0%)           96M (5%)          443M (22%)            -                  -          
[20.497s][info   ][gc,heap     ] GC(112)   Garbage:         -              1862M (91%)         550M (27%)          42M (2%)             -                  -          
[20.497s][info   ][gc,heap     ] GC(112) Reclaimed:         -                  -              1312M (64%)        1819M (89%)            -                  -          
[20.497s][info   ][gc          ] GC(112) Garbage Collection (Allocation Stall) 2026M(99%)->650M(32%)
[20.577s][info   ][gc,start    ] GC(113) Garbage Collection (Allocation Stall)
[20.577s][info   ][gc,ref      ] GC(113) Clearing All SoftReferences
[20.577s][info   ][gc,task     ] GC(113) Using 1 workers
[20.581s][info   ][gc,phases   ] GC(113) Pause Mark Start 0.015ms
[20.590s][info   ][gc,phases   ] GC(113) Concurrent Mark 7.238ms
[20.590s][info   ][gc,phases   ] GC(113) Pause Mark End 0.016ms
[20.590s][info   ][gc,phases   ] GC(113) Concurrent Mark Free 0.002ms
[20.591s][info   ][gc,phases   ] GC(113) Concurrent Process Non-Strong References 0.623ms
[20.591s][info   ][gc,phases   ] GC(113) Concurrent Reset Relocation Set 0.007ms
[20.592s][info   ][gc,phases   ] GC(113) Concurrent Select Relocation Set 0.983ms
[20.593s][info   ][gc,phases   ] GC(113) Pause Relocate Start 0.015ms
[20.670s][info   ][gc,phases   ] GC(113) Concurrent Relocate 77.107ms
[20.670s][info   ][gc,load     ] GC(113) Load: 4.67/3.23/2.07
[20.670s][info   ][gc,mmu      ] GC(113) MMU: 2ms/94.6%, 5ms/97.9%, 10ms/98.9%, 20ms/99.5%, 50ms/99.7%, 100ms/99.8%
[20.670s][info   ][gc,marking  ] GC(113) Mark: 1 stripe(s), 2 proactive flush(es), 1 terminate flush(es), 0 completion(s), 0 continuation(s) 
[20.670s][info   ][gc,marking  ] GC(113) Mark Stack Usage: 32M
[20.670s][info   ][gc,nmethod  ] GC(113) NMethods: 104 registered, 0 unregistered
[20.670s][info   ][gc,metaspace] GC(113) Metaspace: 0M used, 0M committed, 1088M reserved
[20.670s][info   ][gc,ref      ] GC(113) Soft: 7 encountered, 5 discovered, 0 enqueued
[20.670s][info   ][gc,ref      ] GC(113) Weak: 37 encountered, 28 discovered, 0 enqueued
[20.670s][info   ][gc,ref      ] GC(113) Final: 0 encountered, 0 discovered, 0 enqueued
[20.670s][info   ][gc,ref      ] GC(113) Phantom: 5 encountered, 2 discovered, 0 enqueued
[20.670s][info   ][gc,reloc    ] GC(113) Small Pages: 5 / 10M, Empty: 0M, Relocated: 0M, In-Place: 0
[20.670s][info   ][gc,reloc    ] GC(113) Medium Pages: 40 / 1280M, Empty: 576M, Relocated: 138M, In-Place: 0
[20.670s][info   ][gc,reloc    ] GC(113) Large Pages: 0 / 0M, Empty: 0M, Relocated: 0M, In-Place: 0
[20.670s][info   ][gc,reloc    ] GC(113) Forwarding Usage: 0M
[20.670s][info   ][gc,heap     ] GC(113) Min Capacity: 2048M(100%)
[20.670s][info   ][gc,heap     ] GC(113) Max Capacity: 2048M(100%)
[20.670s][info   ][gc,heap     ] GC(113) Soft Max Capacity: 2048M(100%)
[20.670s][info   ][gc,heap     ] GC(113)                Mark Start          Mark End        Relocate Start      Relocate End           High               Low         
[20.670s][info   ][gc,heap     ] GC(113)  Capacity:     2048M (100%)       2048M (100%)       2048M (100%)       2048M (100%)       2048M (100%)       2048M (100%)   
[20.670s][info   ][gc,heap     ] GC(113)      Free:      758M (37%)         662M (32%)        1238M (60%)        1238M (60%)        1550M (76%)         662M (32%)    
[20.670s][info   ][gc,heap     ] GC(113)      Used:     1290M (63%)        1386M (68%)         810M (40%)         810M (40%)        1386M (68%)         498M (24%)    
[20.670s][info   ][gc,heap     ] GC(113)      Live:         -               195M (10%)         195M (10%)         195M (10%)            -                  -          
[20.670s][info   ][gc,heap     ] GC(113) Allocated:         -                96M (5%)           96M (5%)          588M (29%)            -                  -          
[20.670s][info   ][gc,heap     ] GC(113)   Garbage:         -              1094M (53%)         518M (25%)          25M (1%)             -                  -          
[20.670s][info   ][gc,heap     ] GC(113) Reclaimed:         -                  -               576M (28%)        1068M (52%)            -                  -          
[20.670s][info   ][gc          ] GC(113) Garbage Collection (Allocation Stall) 1290M(63%)->810M(40%)
[20.679s][info   ][gc,start    ] GC(114) Garbage Collection (Allocation Rate)
[20.679s][info   ][gc,task     ] GC(114) Using 1 workers
[20.682s][info   ][gc,phases   ] GC(114) Pause Mark Start 0.018ms
[20.704s][info   ][gc,phases   ] GC(114) Concurrent Mark 13.518ms
[20.705s][info   ][gc,phases   ] GC(114) Pause Mark End 0.023ms
[20.705s][info   ][gc,phases   ] GC(114) Concurrent Mark Free 0.002ms
[20.712s][info   ][gc,phases   ] GC(114) Concurrent Process Non-Strong References 6.641ms
[20.712s][info   ][gc,phases   ] GC(114) Concurrent Reset Relocation Set 0.011ms
[20.713s][info   ][gc,phases   ] GC(114) Concurrent Select Relocation Set 1.066ms
[20.714s][info   ][gc,phases   ] GC(114) Pause Relocate Start 0.014ms
[20.777s][info   ][gc,stats    ] === Garbage Collection Statistics =======================================================================================================================
[20.777s][info   ][gc,stats    ]                                                              Last 10s              Last 10m              Last 10h                Total
[20.777s][info   ][gc,stats    ]                                                              Avg / Max             Avg / Max             Avg / Max             Avg / Max
[20.777s][info   ][gc,stats    ]   Collector: Garbage Collection Cycle                    134.356 / 272.874     127.013 / 272.874     127.013 / 272.874     127.013 / 272.874     ms
[20.777s][info   ][gc,stats    ]  Contention: Mark Segment Reset Contention                     0 / 0                 0 / 0                 0 / 0                 0 / 0           ops/s
[20.777s][info   ][gc,stats    ]  Contention: Mark SeqNum Reset Contention                      0 / 0                 0 / 0                 0 / 0                 0 / 0           ops/s
[20.777s][info   ][gc,stats    ]    Critical: Allocation Stall                                 14 / 22               13 / 27               13 / 27               13 / 27          ops/s
[20.777s][info   ][gc,stats    ]    Critical: Allocation Stall                              4.518 / 14.656        3.713 / 14.656        3.713 / 14.656        3.713 / 14.656      ms
[20.777s][info   ][gc,stats    ]    Critical: GC Locker Stall                                   0 / 0                 0 / 0                 0 / 0                 0 / 0           ops/s
[20.777s][info   ][gc,stats    ]    Critical: GC Locker Stall                               0.000 / 0.000         0.000 / 0.000         0.000 / 0.000         0.000 / 0.000       ms
[20.777s][info   ][gc,stats    ]    Critical: Relocation Stall                                  0 / 0                 0 / 0                 0 / 0                 0 / 0           ops/s
[20.777s][info   ][gc,stats    ]    Critical: Relocation Stall                              0.000 / 0.000         0.000 / 0.000         0.000 / 0.000         0.000 / 0.000       ms
[20.777s][info   ][gc,stats    ]      Memory: Allocation Rate                                8301 / 8884           8256 / 8884           8256 / 8884           8256 / 8884        MB/s
[20.777s][info   ][gc,stats    ]      Memory: Out Of Memory                                     0 / 0                 0 / 0                 0 / 0                 0 / 0           ops/s
[20.777s][info   ][gc,stats    ]      Memory: Page Cache Flush                                  0 / 0                 0 / 0                 0 / 0                 0 / 0           MB/s
[20.777s][info   ][gc,stats    ]      Memory: Page Cache Hit L1                               300 / 325             295 / 325             295 / 325             295 / 325         ops/s
[20.777s][info   ][gc,stats    ]      Memory: Page Cache Hit L2                                 0 / 0                 0 / 0                 0 / 0                 0 / 0           ops/s
[20.777s][info   ][gc,stats    ]      Memory: Page Cache Hit L3                                 0 / 0                 3 / 64                3 / 64                3 / 64          ops/s
[20.777s][info   ][gc,stats    ]      Memory: Page Cache Miss                                   0 / 0                 0 / 1                 0 / 1                 0 / 1           ops/s
[20.777s][info   ][gc,stats    ]      Memory: Uncommit                                          0 / 0                 0 / 0                 0 / 0                 0 / 0           MB/s
[20.777s][info   ][gc,stats    ]      Memory: Undo Object Allocation Failed                     0 / 1                 0 / 1                 0 / 1                 0 / 1           ops/s
[20.777s][info   ][gc,stats    ]      Memory: Undo Object Allocation Succeeded                 15 / 27               15 / 27               15 / 27               15 / 27          ops/s
[20.777s][info   ][gc,stats    ]      Memory: Undo Page Allocation                             26 / 34               24 / 34               24 / 34               24 / 34          ops/s
[20.777s][info   ][gc,stats    ]       Phase: Concurrent Mark                              22.121 / 62.197       24.442 / 62.197       24.442 / 62.197       24.442 / 62.197      ms
[20.777s][info   ][gc,stats    ]       Phase: Concurrent Mark Continue                      0.000 / 0.000         0.000 / 0.000         0.000 / 0.000         0.000 / 0.000       ms
[20.777s][info   ][gc,stats    ]       Phase: Concurrent Mark Free                          0.003 / 0.008         0.004 / 0.024         0.004 / 0.024         0.004 / 0.024       ms
[20.778s][info   ][gc,stats    ]       Phase: Concurrent Process Non-Strong References      6.005 / 22.016        6.506 / 22.016        6.506 / 22.016        6.506 / 22.016      ms
[20.778s][info   ][gc,stats    ]       Phase: Concurrent Relocate                          89.910 / 223.492      80.295 / 223.492      80.295 / 223.492      80.295 / 223.492     ms
[20.778s][info   ][gc,stats    ]       Phase: Concurrent Reset Relocation Set               0.007 / 0.019         0.006 / 0.021         0.006 / 0.021         0.006 / 0.021       ms
[20.778s][info   ][gc,stats    ]       Phase: Concurrent Select Relocation Set              4.318 / 17.470        3.939 / 19.848        3.939 / 19.848        3.939 / 19.848      ms
[20.778s][info   ][gc,stats    ]       Phase: Pause Mark End                                0.024 / 0.038         0.026 / 0.088         0.026 / 0.088         0.026 / 0.088       ms
[20.778s][info   ][gc,stats    ]       Phase: Pause Mark Start                              0.019 / 0.050         0.018 / 0.050         0.018 / 0.050         0.018 / 0.050       ms
[20.778s][info   ][gc,stats    ]       Phase: Pause Relocate Start                          0.021 / 0.049         0.021 / 0.107         0.021 / 0.107         0.021 / 0.107       ms
[20.778s][info   ][gc,stats    ]    Subphase: Concurrent Classes Purge                      0.850 / 6.480         0.949 / 7.510         0.949 / 7.510         0.949 / 7.510       ms
[20.778s][info   ][gc,stats    ]    Subphase: Concurrent Classes Unlink                     0.662 / 6.126         0.600 / 6.126         0.600 / 6.126         0.600 / 6.126       ms
[20.778s][info   ][gc,stats    ]    Subphase: Concurrent Mark                              19.035 / 61.200       20.426 / 61.200       20.426 / 61.200       20.426 / 61.200      ms
[20.778s][info   ][gc,stats    ]    Subphase: Concurrent Mark Try Flush                     4.149 / 38.351        4.617 / 38.351        4.617 / 38.351        4.617 / 38.351      ms
[20.778s][info   ][gc,stats    ]    Subphase: Concurrent Mark Try Terminate                 1.576 / 11.699        1.818 / 11.699        1.818 / 11.699        1.818 / 11.699      ms
[20.778s][info   ][gc,stats    ]    Subphase: Concurrent References Enqueue                 0.001 / 0.005         0.002 / 0.014         0.002 / 0.014         0.002 / 0.014       ms
[20.778s][info   ][gc,stats    ]    Subphase: Concurrent References Process                 0.294 / 3.436         0.408 / 5.464         0.408 / 5.464         0.408 / 5.464       ms
[20.778s][info   ][gc,stats    ]    Subphase: Concurrent Roots ClassLoaderDataGraph         0.284 / 0.660         0.272 / 0.660         0.272 / 0.660         0.272 / 0.660       ms
[20.778s][info   ][gc,stats    ]    Subphase: Concurrent Roots CodeCache                    0.000 / 0.000         0.000 / 0.000         0.000 / 0.000         0.000 / 0.000       ms
[20.778s][info   ][gc,stats    ]    Subphase: Concurrent Roots JavaThreads                  0.838 / 6.297         1.265 / 10.072        1.265 / 10.072        1.265 / 10.072      ms
[20.778s][info   ][gc,stats    ]    Subphase: Concurrent Roots OopStorageSet                0.035 / 0.057         0.039 / 0.158         0.039 / 0.158         0.039 / 0.158       ms
[20.778s][info   ][gc,stats    ]    Subphase: Concurrent Weak Roots OopStorageSet           0.386 / 0.763         0.386 / 0.763         0.386 / 0.763         0.386 / 0.763       ms
[20.778s][info   ][gc,stats    ]    Subphase: Pause Mark Try Complete                       0.000 / 0.000         0.000 / 0.000         0.000 / 0.000         0.000 / 0.000       ms
[20.778s][info   ][gc,stats    ]      System: Java Threads                                     19 / 19               19 / 19               19 / 19               19 / 19          threads
[20.778s][info   ][gc,stats    ] =========================================================================================================================================================
[20.863s][info   ][gc,phases   ] GC(114) Concurrent Relocate 148.775ms
[20.863s][info   ][gc,load     ] GC(114) Load: 4.67/3.23/2.07
[20.863s][info   ][gc,mmu      ] GC(114) MMU: 2ms/94.6%, 5ms/97.9%, 10ms/98.9%, 20ms/99.5%, 50ms/99.7%, 100ms/99.8%
[20.863s][info   ][gc,marking  ] GC(114) Mark: 1 stripe(s), 2 proactive flush(es), 1 terminate flush(es), 0 completion(s), 0 continuation(s) 
[20.863s][info   ][gc,marking  ] GC(114) Mark Stack Usage: 32M
[20.863s][info   ][gc,nmethod  ] GC(114) NMethods: 104 registered, 0 unregistered
[20.863s][info   ][gc,metaspace] GC(114) Metaspace: 0M used, 0M committed, 1088M reserved
[20.863s][info   ][gc,ref      ] GC(114) Soft: 7 encountered, 0 discovered, 0 enqueued
[20.863s][info   ][gc,ref      ] GC(114) Weak: 37 encountered, 28 discovered, 0 enqueued
[20.863s][info   ][gc,ref      ] GC(114) Final: 0 encountered, 0 discovered, 0 enqueued
[20.863s][info   ][gc,ref      ] GC(114) Phantom: 5 encountered, 2 discovered, 0 enqueued
[20.863s][info   ][gc,reloc    ] GC(114) Small Pages: 5 / 10M, Empty: 0M, Relocated: 0M, In-Place: 0
[20.863s][info   ][gc,reloc    ] GC(114) Medium Pages: 28 / 896M, Empty: 160M, Relocated: 108M, In-Place: 0
[20.863s][info   ][gc,reloc    ] GC(114) Large Pages: 0 / 0M, Empty: 0M, Relocated: 0M, In-Place: 0
[20.863s][info   ][gc,reloc    ] GC(114) Forwarding Usage: 0M
[20.863s][info   ][gc,heap     ] GC(114) Min Capacity: 2048M(100%)
[20.863s][info   ][gc,heap     ] GC(114) Max Capacity: 2048M(100%)
[20.863s][info   ][gc,heap     ] GC(114) Soft Max Capacity: 2048M(100%)
[20.863s][info   ][gc,heap     ] GC(114)                Mark Start          Mark End        Relocate Start      Relocate End           High               Low         
[20.863s][info   ][gc,heap     ] GC(114)  Capacity:     2048M (100%)       2048M (100%)       2048M (100%)       2048M (100%)       2048M (100%)       2048M (100%)   
[20.863s][info   ][gc,heap     ] GC(114)      Free:     1142M (56%)         950M (46%)        1046M (51%)         502M (25%)        1294M (63%)         494M (24%)    
[20.863s][info   ][gc,heap     ] GC(114)      Used:      906M (44%)        1098M (54%)        1002M (49%)        1546M (75%)        1554M (76%)         754M (37%)    
[20.863s][info   ][gc,heap     ] GC(114)      Live:         -               166M (8%)          166M (8%)          166M (8%)             -                  -          
[20.863s][info   ][gc,heap     ] GC(114) Allocated:         -               192M (9%)          256M (12%)        1337M (65%)            -                  -          
[20.863s][info   ][gc,heap     ] GC(114)   Garbage:         -               739M (36%)         579M (28%)          41M (2%)             -                  -          
[20.863s][info   ][gc,heap     ] GC(114) Reclaimed:         -                  -               160M (8%)          697M (34%)            -                  -          
[20.863s][info   ][gc          ] GC(114) Garbage Collection (Allocation Rate) 906M(44%)->1546M(75%)
[20.877s][info   ][gc,start    ] GC(115) Garbage Collection (Allocation Rate)
[20.877s][info   ][gc,task     ] GC(115) Using 1 workers
[20.877s][info   ][gc,phases   ] GC(115) Pause Mark Start 0.013ms
[20.901s][info   ][gc,phases   ] GC(115) Concurrent Mark 23.759ms
[20.901s][info   ][gc,phases   ] GC(115) Pause Mark End 0.039ms
[20.901s][info   ][gc,phases   ] GC(115) Concurrent Mark Free 0.002ms
[20.916s][info   ][gc,phases   ] GC(115) Concurrent Process Non-Strong References 14.419ms
[20.916s][info   ][gc,phases   ] GC(115) Concurrent Reset Relocation Set 0.010ms
[20.917s][info   ][gc,phases   ] GC(115) Concurrent Select Relocation Set 1.010ms
[20.917s][info   ][gc,phases   ] GC(115) Pause Relocate Start 0.015ms
[21.068s][info   ][gc,phases   ] GC(115) Concurrent Relocate 150.732ms
[21.068s][info   ][gc,load     ] GC(115) Load: 4.67/3.23/2.07
[21.068s][info   ][gc,mmu      ] GC(115) MMU: 2ms/94.6%, 5ms/97.9%, 10ms/98.9%, 20ms/99.5%, 50ms/99.7%, 100ms/99.8%
[21.069s][info   ][gc,marking  ] GC(115) Mark: 1 stripe(s), 2 proactive flush(es), 1 terminate flush(es), 0 completion(s), 0 continuation(s) 
[21.069s][info   ][gc,marking  ] GC(115) Mark Stack Usage: 32M
[21.069s][info   ][gc,nmethod  ] GC(115) NMethods: 104 registered, 0 unregistered
[21.069s][info   ][gc,metaspace] GC(115) Metaspace: 0M used, 0M committed, 1088M reserved
[21.069s][info   ][gc,ref      ] GC(115) Soft: 7 encountered, 0 discovered, 0 enqueued
[21.069s][info   ][gc,ref      ] GC(115) Weak: 37 encountered, 28 discovered, 0 enqueued
[21.069s][info   ][gc,ref      ] GC(115) Final: 0 encountered, 0 discovered, 0 enqueued
[21.069s][info   ][gc,ref      ] GC(115) Phantom: 5 encountered, 2 discovered, 0 enqueued
[21.069s][info   ][gc,reloc    ] GC(115) Small Pages: 5 / 10M, Empty: 0M, Relocated: 0M, In-Place: 0
[21.069s][info   ][gc,reloc    ] GC(115) Medium Pages: 52 / 1664M, Empty: 960M, Relocated: 106M, In-Place: 0
[21.069s][info   ][gc,reloc    ] GC(115) Large Pages: 0 / 0M, Empty: 0M, Relocated: 0M, In-Place: 0
[21.069s][info   ][gc,reloc    ] GC(115) Forwarding Usage: 0M
[21.069s][info   ][gc,heap     ] GC(115) Min Capacity: 2048M(100%)
[21.069s][info   ][gc,heap     ] GC(115) Max Capacity: 2048M(100%)
[21.069s][info   ][gc,heap     ] GC(115) Soft Max Capacity: 2048M(100%)
[21.069s][info   ][gc,heap     ] GC(115)                Mark Start          Mark End        Relocate Start      Relocate End           High               Low         
[21.069s][info   ][gc,heap     ] GC(115)  Capacity:     2048M (100%)       2048M (100%)       2048M (100%)       2048M (100%)       2048M (100%)       2048M (100%)   
[21.069s][info   ][gc,heap     ] GC(115)      Free:      374M (18%)         150M (7%)          982M (48%)         342M (17%)        1166M (57%)          22M (1%)     
[21.069s][info   ][gc,heap     ] GC(115)      Used:     1674M (82%)        1898M (93%)        1066M (52%)        1706M (83%)        2026M (99%)         882M (43%)    
[21.069s][info   ][gc,heap     ] GC(115)      Live:         -               176M (9%)          176M (9%)          176M (9%)             -                  -          
[21.069s][info   ][gc,heap     ] GC(115) Allocated:         -               224M (11%)         352M (17%)        1469M (72%)            -                  -          
[21.069s][info   ][gc,heap     ] GC(115)   Garbage:         -              1497M (73%)         537M (26%)          59M (3%)             -                  -          
[21.069s][info   ][gc,heap     ] GC(115) Reclaimed:         -                  -               960M (47%)        1437M (70%)            -                  -          
[21.069s][info   ][gc          ] GC(115) Garbage Collection (Allocation Rate) 1674M(82%)->1706M(83%)
[21.080s][info   ][gc,start    ] GC(116) Garbage Collection (Allocation Rate)
[21.080s][info   ][gc,task     ] GC(116) Using 1 workers
[21.083s][info   ][gc,phases   ] GC(116) Pause Mark Start 0.014ms
[21.113s][info   ][gc,phases   ] GC(116) Concurrent Mark 29.210ms
[21.113s][info   ][gc,phases   ] GC(116) Pause Mark End 0.018ms
[21.113s][info   ][gc,phases   ] GC(116) Concurrent Mark Free 0.001ms
[21.113s][info   ][gc,phases   ] GC(116) Concurrent Process Non-Strong References 0.658ms
[21.113s][info   ][gc,phases   ] GC(116) Concurrent Reset Relocation Set 0.003ms
[21.114s][info   ][gc          ] Allocation Stall (Thread-1) 2.787ms
[21.114s][info   ][gc          ] Allocation Stall (Thread-2) 3.006ms
[21.117s][info   ][gc          ] Allocation Stall (Thread-4) 5.153ms
[21.117s][info   ][gc,phases   ] GC(116) Concurrent Select Relocation Set 3.394ms
[21.114s][info   ][gc          ] Allocation Stall (Thread-6) 2.714ms
[21.114s][info   ][gc          ] Allocation Stall (Thread-0) 2.699ms
[21.114s][info   ][gc          ] Allocation Stall (Thread-7) 3.020ms
[21.114s][info   ][gc          ] Allocation Stall (Thread-5) 1.917ms
[21.114s][info   ][gc          ] Allocation Stall (Thread-3) 3.070ms
[21.121s][info   ][gc,phases   ] GC(116) Pause Relocate Start 0.013ms
[21.191s][info   ][gc,phases   ] GC(116) Concurrent Relocate 66.034ms
[21.191s][info   ][gc,load     ] GC(116) Load: 4.67/3.23/2.07
[21.191s][info   ][gc,mmu      ] GC(116) MMU: 2ms/94.6%, 5ms/97.9%, 10ms/98.9%, 20ms/99.5%, 50ms/99.7%, 100ms/99.8%
[21.191s][info   ][gc,marking  ] GC(116) Mark: 1 stripe(s), 2 proactive flush(es), 1 terminate flush(es), 0 completion(s), 0 continuation(s) 
[21.191s][info   ][gc,marking  ] GC(116) Mark Stack Usage: 32M
[21.191s][info   ][gc,nmethod  ] GC(116) NMethods: 104 registered, 0 unregistered
[21.191s][info   ][gc,metaspace] GC(116) Metaspace: 0M used, 0M committed, 1088M reserved
[21.191s][info   ][gc,ref      ] GC(116) Soft: 7 encountered, 0 discovered, 0 enqueued
[21.191s][info   ][gc,ref      ] GC(116) Weak: 37 encountered, 28 discovered, 0 enqueued
[21.191s][info   ][gc,ref      ] GC(116) Final: 0 encountered, 0 discovered, 0 enqueued
[21.191s][info   ][gc,ref      ] GC(116) Phantom: 5 encountered, 2 discovered, 0 enqueued
[21.191s][info   ][gc,reloc    ] GC(116) Small Pages: 5 / 10M, Empty: 0M, Relocated: 0M, In-Place: 0
[21.191s][info   ][gc,reloc    ] GC(116) Medium Pages: 56 / 1792M, Empty: 1184M, Relocated: 81M, In-Place: 0
[21.191s][info   ][gc,reloc    ] GC(116) Large Pages: 0 / 0M, Empty: 0M, Relocated: 0M, In-Place: 0
[21.191s][info   ][gc,reloc    ] GC(116) Forwarding Usage: 0M
[21.191s][info   ][gc,heap     ] GC(116) Min Capacity: 2048M(100%)
[21.191s][info   ][gc,heap     ] GC(116) Max Capacity: 2048M(100%)
[21.191s][info   ][gc,heap     ] GC(116) Soft Max Capacity: 2048M(100%)
[21.191s][info   ][gc,heap     ] GC(116)                Mark Start          Mark End        Relocate Start      Relocate End           High               Low         
[21.191s][info   ][gc,heap     ] GC(116)  Capacity:     2048M (100%)       2048M (100%)       2048M (100%)       2048M (100%)       2048M (100%)       2048M (100%)   
[21.192s][info   ][gc,heap     ] GC(116)      Free:      246M (12%)          22M (1%)         1142M (56%)        1014M (50%)        1326M (65%)          22M (1%)     
[21.192s][info   ][gc,heap     ] GC(116)      Used:     1802M (88%)        2026M (99%)         906M (44%)        1034M (50%)        2026M (99%)         722M (35%)    
[21.192s][info   ][gc,heap     ] GC(116)      Live:         -               202M (10%)         202M (10%)         202M (10%)            -                  -          
[21.192s][info   ][gc,heap     ] GC(116) Allocated:         -               224M (11%)         288M (14%)         787M (38%)            -                  -          
[21.192s][info   ][gc,heap     ] GC(116)   Garbage:         -              1599M (78%)         415M (20%)          43M (2%)             -                  -          
[21.192s][info   ][gc,heap     ] GC(116) Reclaimed:         -                  -              1184M (58%)        1555M (76%)            -                  -          
[21.192s][info   ][gc          ] GC(116) Garbage Collection (Allocation Rate) 1802M(88%)->1034M(50%)
[21.276s][info   ][gc,start    ] GC(117) Garbage Collection (Allocation Stall)
[21.276s][info   ][gc,ref      ] GC(117) Clearing All SoftReferences
[21.276s][info   ][gc,task     ] GC(117) Using 1 workers
[21.279s][info   ][gc,phases   ] GC(117) Pause Mark Start 0.017ms
[21.313s][info   ][gc,phases   ] GC(117) Concurrent Mark 31.623ms
[21.313s][info   ][gc,phases   ] GC(117) Pause Mark End 0.040ms
[21.315s][info   ][gc,phases   ] GC(117) Concurrent Mark Free 0.002ms
[21.315s][info   ][gc,phases   ] GC(117) Concurrent Process Non-Strong References 0.836ms
[21.315s][info   ][gc,phases   ] GC(117) Concurrent Reset Relocation Set 0.002ms
[21.316s][info   ][gc          ] Allocation Stall (Thread-3) 1.623ms
[21.316s][info   ][gc          ] Allocation Stall (Thread-0) 1.071ms
[21.316s][info   ][gc          ] Allocation Stall (Thread-5) 1.840ms
[21.317s][info   ][gc          ] Allocation Stall (Thread-4) 2.776ms
[21.316s][info   ][gc          ] Allocation Stall (Thread-1) 1.109ms
[21.319s][info   ][gc,phases   ] GC(117) Concurrent Select Relocation Set 3.469ms
[21.316s][info   ][gc          ] Allocation Stall (Thread-6) 1.714ms
[21.316s][info   ][gc          ] Allocation Stall (Thread-7) 1.716ms
[21.320s][info   ][gc,phases   ] GC(117) Pause Relocate Start 0.011ms
[21.470s][info   ][gc,phases   ] GC(117) Concurrent Relocate 148.090ms
[21.471s][info   ][gc,load     ] GC(117) Load: 4.67/3.23/2.07
[21.471s][info   ][gc,mmu      ] GC(117) MMU: 2ms/94.6%, 5ms/97.9%, 10ms/98.9%, 20ms/99.5%, 50ms/99.7%, 100ms/99.8%
[21.471s][info   ][gc,marking  ] GC(117) Mark: 1 stripe(s), 2 proactive flush(es), 1 terminate flush(es), 0 completion(s), 0 continuation(s) 
[21.471s][info   ][gc,marking  ] GC(117) Mark Stack Usage: 32M
[21.471s][info   ][gc,nmethod  ] GC(117) NMethods: 104 registered, 0 unregistered
[21.471s][info   ][gc,metaspace] GC(117) Metaspace: 0M used, 0M committed, 1088M reserved
[21.471s][info   ][gc,ref      ] GC(117) Soft: 7 encountered, 5 discovered, 0 enqueued
[21.471s][info   ][gc,ref      ] GC(117) Weak: 37 encountered, 28 discovered, 0 enqueued
[21.471s][info   ][gc,ref      ] GC(117) Final: 0 encountered, 0 discovered, 0 enqueued
[21.471s][info   ][gc,ref      ] GC(117) Phantom: 5 encountered, 2 discovered, 0 enqueued
[21.471s][info   ][gc,reloc    ] GC(117) Small Pages: 5 / 10M, Empty: 0M, Relocated: 0M, In-Place: 0
[21.471s][info   ][gc,reloc    ] GC(117) Medium Pages: 54 / 1728M, Empty: 704M, Relocated: 138M, In-Place: 0
[21.471s][info   ][gc,reloc    ] GC(117) Large Pages: 0 / 0M, Empty: 0M, Relocated: 0M, In-Place: 0
[21.471s][info   ][gc,reloc    ] GC(117) Forwarding Usage: 0M
[21.471s][info   ][gc,heap     ] GC(117) Min Capacity: 2048M(100%)
[21.471s][info   ][gc,heap     ] GC(117) Max Capacity: 2048M(100%)
[21.471s][info   ][gc,heap     ] GC(117) Soft Max Capacity: 2048M(100%)
[21.471s][info   ][gc,heap     ] GC(117)                Mark Start          Mark End        Relocate Start      Relocate End           High               Low         
[21.471s][info   ][gc,heap     ] GC(117)  Capacity:     2048M (100%)       2048M (100%)       2048M (100%)       2048M (100%)       2048M (100%)       2048M (100%)   
[21.471s][info   ][gc,heap     ] GC(117)      Free:      310M (15%)          22M (1%)          694M (34%)         342M (17%)        1134M (55%)          22M (1%)     
[21.471s][info   ][gc,heap     ] GC(117)      Used:     1738M (85%)        2026M (99%)        1354M (66%)        1706M (83%)        2026M (99%)         914M (45%)    
[21.471s][info   ][gc,heap     ] GC(117)      Live:         -               235M (12%)         235M (12%)         235M (12%)            -                  -          
[21.471s][info   ][gc,heap     ] GC(117) Allocated:         -               288M (14%)         320M (16%)        1415M (69%)            -                  -          
[21.471s][info   ][gc,heap     ] GC(117)   Garbage:         -              1502M (73%)         798M (39%)          54M (3%)             -                  -          
[21.471s][info   ][gc,heap     ] GC(117) Reclaimed:         -                  -               704M (34%)        1447M (71%)            -                  -          
[21.472s][info   ][gc          ] GC(117) Garbage Collection (Allocation Stall) 1738M(85%)->1706M(83%)
[21.476s][info   ][gc,start    ] GC(118) Garbage Collection (Allocation Stall)
[21.476s][info   ][gc,ref      ] GC(118) Clearing All SoftReferences
[21.476s][info   ][gc,task     ] GC(118) Using 1 workers
[21.479s][info   ][gc,phases   ] GC(118) Pause Mark Start 0.021ms
[21.501s][info   ][gc,phases   ] GC(118) Concurrent Mark 21.723ms
[21.501s][info   ][gc,phases   ] GC(118) Pause Mark End 0.037ms
[21.501s][info   ][gc,phases   ] GC(118) Concurrent Mark Free 0.002ms
[21.507s][info   ][gc,phases   ] GC(118) Concurrent Process Non-Strong References 5.658ms
[21.507s][info   ][gc,phases   ] GC(118) Concurrent Reset Relocation Set 0.007ms
[21.508s][info   ][gc          ] Allocation Stall (Thread-4) 1.125ms
[21.508s][info   ][gc          ] Allocation Stall (Thread-2) 1.366ms
[21.508s][info   ][gc          ] Allocation Stall (Thread-1) 1.843ms
[21.508s][info   ][gc,phases   ] GC(118) Concurrent Select Relocation Set 1.077ms
[21.510s][info   ][gc          ] Allocation Stall (Thread-0) 3.770ms
[21.511s][info   ][gc,phases   ] GC(118) Pause Relocate Start 0.024ms
[21.673s][info   ][gc,phases   ] GC(118) Concurrent Relocate 161.484ms
[21.674s][info   ][gc,load     ] GC(118) Load: 5.01/3.32/2.10
[21.674s][info   ][gc,mmu      ] GC(118) MMU: 2ms/94.6%, 5ms/97.9%, 10ms/98.9%, 20ms/99.5%, 50ms/99.7%, 100ms/99.8%
[21.674s][info   ][gc,marking  ] GC(118) Mark: 1 stripe(s), 2 proactive flush(es), 1 terminate flush(es), 0 completion(s), 0 continuation(s) 
[21.674s][info   ][gc,marking  ] GC(118) Mark Stack Usage: 32M
[21.674s][info   ][gc,nmethod  ] GC(118) NMethods: 104 registered, 0 unregistered
[21.674s][info   ][gc,metaspace] GC(118) Metaspace: 0M used, 0M committed, 1088M reserved
[21.674s][info   ][gc,ref      ] GC(118) Soft: 7 encountered, 5 discovered, 0 enqueued
[21.674s][info   ][gc,ref      ] GC(118) Weak: 37 encountered, 28 discovered, 0 enqueued
[21.674s][info   ][gc,ref      ] GC(118) Final: 0 encountered, 0 discovered, 0 enqueued
[21.674s][info   ][gc,ref      ] GC(118) Phantom: 5 encountered, 2 discovered, 0 enqueued
[21.674s][info   ][gc,reloc    ] GC(118) Small Pages: 5 / 10M, Empty: 0M, Relocated: 0M, In-Place: 0
[21.674s][info   ][gc,reloc    ] GC(118) Medium Pages: 56 / 1792M, Empty: 800M, Relocated: 191M, In-Place: 0
[21.674s][info   ][gc,reloc    ] GC(118) Large Pages: 0 / 0M, Empty: 0M, Relocated: 0M, In-Place: 0
[21.674s][info   ][gc,reloc    ] GC(118) Forwarding Usage: 0M
[21.674s][info   ][gc,heap     ] GC(118) Min Capacity: 2048M(100%)
[21.674s][info   ][gc,heap     ] GC(118) Max Capacity: 2048M(100%)
[21.674s][info   ][gc,heap     ] GC(118) Soft Max Capacity: 2048M(100%)
[21.674s][info   ][gc,heap     ] GC(118)                Mark Start          Mark End        Relocate Start      Relocate End           High               Low         
[21.674s][info   ][gc,heap     ] GC(118)  Capacity:     2048M (100%)       2048M (100%)       2048M (100%)       2048M (100%)       2048M (100%)       2048M (100%)   
[21.674s][info   ][gc,heap     ] GC(118)      Free:      246M (12%)          54M (3%)          790M (39%)         342M (17%)        1198M (58%)          22M (1%)     
[21.674s][info   ][gc,heap     ] GC(118)      Used:     1802M (88%)        1994M (97%)        1258M (61%)        1706M (83%)        2026M (99%)         850M (42%)    
[21.674s][info   ][gc,heap     ] GC(118)      Live:         -               271M (13%)         271M (13%)         271M (13%)            -                  -          
[21.674s][info   ][gc,heap     ] GC(118) Allocated:         -               192M (9%)          256M (12%)        1390M (68%)            -                  -          
[21.674s][info   ][gc,heap     ] GC(118)   Garbage:         -              1530M (75%)         730M (36%)          43M (2%)             -                  -          
[21.674s][info   ][gc,heap     ] GC(118) Reclaimed:         -                  -               800M (39%)        1486M (73%)            -                  -          
[21.674s][info   ][gc          ] GC(118) Garbage Collection (Allocation Stall) 1802M(88%)->1706M(83%)
[21.677s][info   ][gc,start    ] GC(119) Garbage Collection (Allocation Stall)
[21.677s][info   ][gc,ref      ] GC(119) Clearing All SoftReferences
[21.677s][info   ][gc,task     ] GC(119) Using 1 workers
[21.677s][info   ][gc,phases   ] GC(119) Pause Mark Start 0.016ms
[21.704s][info   ][gc,phases   ] GC(119) Concurrent Mark 26.470ms
[21.704s][info   ][gc,phases   ] GC(119) Pause Mark End 0.046ms
[21.710s][info   ][gc,phases   ] GC(119) Concurrent Mark Free 0.005ms
[21.715s][info   ][gc,phases   ] GC(119) Concurrent Process Non-Strong References 5.242ms
[21.715s][info   ][gc,phases   ] GC(119) Concurrent Reset Relocation Set 0.004ms
[21.716s][info   ][gc          ] Allocation Stall (Thread-3) 1.243ms
[21.716s][info   ][gc          ] Allocation Stall (Thread-4) 1.269ms
[21.716s][info   ][gc          ] Allocation Stall (Thread-6) 1.259ms
[21.716s][info   ][gc          ] Allocation Stall (Thread-0) 1.220ms
[21.716s][info   ][gc          ] Allocation Stall (Thread-2) 1.201ms
[21.718s][info   ][gc,phases   ] GC(119) Concurrent Select Relocation Set 3.297ms
[21.716s][info   ][gc          ] Allocation Stall (Thread-5) 1.085ms
[21.722s][info   ][gc,phases   ] GC(119) Pause Relocate Start 0.021ms
[21.910s][info   ][gc          ] Allocation Stall (Thread-4) 0.176ms
[21.912s][info   ][gc,phases   ] GC(119) Concurrent Relocate 188.465ms
[21.912s][info   ][gc,load     ] GC(119) Load: 5.01/3.32/2.10
[21.913s][info   ][gc,mmu      ] GC(119) MMU: 2ms/94.6%, 5ms/97.9%, 10ms/98.9%, 20ms/99.5%, 50ms/99.7%, 100ms/99.8%
[21.913s][info   ][gc,marking  ] GC(119) Mark: 1 stripe(s), 2 proactive flush(es), 1 terminate flush(es), 0 completion(s), 0 continuation(s) 
[21.913s][info   ][gc,marking  ] GC(119) Mark Stack Usage: 32M
[21.913s][info   ][gc,nmethod  ] GC(119) NMethods: 104 registered, 0 unregistered
[21.913s][info   ][gc,metaspace] GC(119) Metaspace: 0M used, 0M committed, 1088M reserved
[21.913s][info   ][gc,ref      ] GC(119) Soft: 7 encountered, 5 discovered, 0 enqueued
[21.913s][info   ][gc,ref      ] GC(119) Weak: 37 encountered, 28 discovered, 0 enqueued
[21.913s][info   ][gc,ref      ] GC(119) Final: 0 encountered, 0 discovered, 0 enqueued
[21.913s][info   ][gc,ref      ] GC(119) Phantom: 5 encountered, 2 discovered, 0 enqueued
[21.913s][info   ][gc,reloc    ] GC(119) Small Pages: 5 / 10M, Empty: 0M, Relocated: 0M, In-Place: 0
[21.913s][info   ][gc,reloc    ] GC(119) Medium Pages: 54 / 1728M, Empty: 576M, Relocated: 195M, In-Place: 0
[21.913s][info   ][gc,reloc    ] GC(119) Large Pages: 0 / 0M, Empty: 0M, Relocated: 0M, In-Place: 0
[21.913s][info   ][gc,reloc    ] GC(119) Forwarding Usage: 0M
[21.913s][info   ][gc,heap     ] GC(119) Min Capacity: 2048M(100%)
[21.913s][info   ][gc,heap     ] GC(119) Max Capacity: 2048M(100%)
[21.913s][info   ][gc,heap     ] GC(119) Soft Max Capacity: 2048M(100%)
[21.913s][info   ][gc,heap     ] GC(119)                Mark Start          Mark End        Relocate Start      Relocate End           High               Low         
[21.913s][info   ][gc,heap     ] GC(119)  Capacity:     2048M (100%)       2048M (100%)       2048M (100%)       2048M (100%)       2048M (100%)       2048M (100%)   
[21.913s][info   ][gc,heap     ] GC(119)      Free:      310M (15%)          86M (4%)          534M (26%)          22M (1%)         1070M (52%)          14M (1%)     
[21.913s][info   ][gc,heap     ] GC(119)      Used:     1738M (85%)        1962M (96%)        1514M (74%)        2026M (99%)        2034M (99%)         978M (48%)    
[21.913s][info   ][gc,heap     ] GC(119)      Live:         -               303M (15%)         303M (15%)         303M (15%)            -                  -          
[21.913s][info   ][gc,heap     ] GC(119) Allocated:         -               224M (11%)         352M (17%)        1686M (82%)            -                  -          
[21.913s][info   ][gc,heap     ] GC(119)   Garbage:         -              1434M (70%)         858M (42%)          35M (2%)             -                  -          
[21.913s][info   ][gc,heap     ] GC(119) Reclaimed:         -                  -               576M (28%)        1398M (68%)            -                  -          
[21.913s][info   ][gc          ] GC(119) Garbage Collection (Allocation Stall) 1738M(85%)->2026M(99%)
[21.913s][info   ][gc,start    ] GC(120) Garbage Collection (Allocation Stall)
[21.913s][info   ][gc,ref      ] GC(120) Clearing All SoftReferences
[21.913s][info   ][gc,task     ] GC(120) Using 1 workers
[21.914s][info   ][gc,phases   ] GC(120) Pause Mark Start 0.017ms
[21.916s][info   ][gc,phases   ] GC(120) Concurrent Mark 2.199ms
[21.916s][info   ][gc,phases   ] GC(120) Pause Mark End 0.011ms
[21.916s][info   ][gc,phases   ] GC(120) Concurrent Mark Free 0.001ms
[21.917s][info   ][gc,phases   ] GC(120) Concurrent Process Non-Strong References 0.493ms
[21.917s][info   ][gc,phases   ] GC(120) Concurrent Reset Relocation Set 0.003ms
[21.918s][info   ][gc          ] Allocation Stall (Thread-4) 3.577ms
[21.918s][info   ][gc          ] Allocation Stall (Thread-0) 7.919ms
[21.918s][info   ][gc          ] Allocation Stall (Thread-2) 8.027ms
[21.918s][info   ][gc          ] Allocation Stall (Thread-5) 7.664ms
[21.918s][info   ][gc          ] Allocation Stall (Thread-7) 3.731ms
[21.919s][info   ][gc          ] Allocation Stall (Thread-3) 9.281ms
[21.920s][info   ][gc          ] Allocation Stall (Thread-1) 4.211ms
[21.922s][info   ][gc,phases   ] GC(120) Concurrent Select Relocation Set 5.479ms
[21.924s][info   ][gc,phases   ] GC(120) Pause Relocate Start 0.018ms
[21.966s][info   ][gc,phases   ] GC(120) Concurrent Relocate 40.255ms
[21.966s][info   ][gc,load     ] GC(120) Load: 5.01/3.32/2.10
[21.966s][info   ][gc,mmu      ] GC(120) MMU: 2ms/94.6%, 5ms/97.9%, 10ms/98.9%, 20ms/99.5%, 50ms/99.7%, 100ms/99.8%
[21.966s][info   ][gc,marking  ] GC(120) Mark: 1 stripe(s), 2 proactive flush(es), 1 terminate flush(es), 0 completion(s), 0 continuation(s) 
[21.966s][info   ][gc,marking  ] GC(120) Mark Stack Usage: 32M
[21.966s][info   ][gc,nmethod  ] GC(120) NMethods: 104 registered, 0 unregistered
[21.966s][info   ][gc,metaspace] GC(120) Metaspace: 0M used, 0M committed, 1088M reserved
[21.966s][info   ][gc,ref      ] GC(120) Soft: 7 encountered, 5 discovered, 0 enqueued
[21.966s][info   ][gc,ref      ] GC(120) Weak: 37 encountered, 28 discovered, 0 enqueued
[21.966s][info   ][gc,ref      ] GC(120) Final: 0 encountered, 0 discovered, 0 enqueued
[21.966s][info   ][gc,ref      ] GC(120) Phantom: 5 encountered, 2 discovered, 0 enqueued
[21.966s][info   ][gc,reloc    ] GC(120) Small Pages: 5 / 10M, Empty: 0M, Relocated: 0M, In-Place: 0
[21.966s][info   ][gc,reloc    ] GC(120) Medium Pages: 63 / 2016M, Empty: 1184M, Relocated: 135M, In-Place: 0
[21.966s][info   ][gc,reloc    ] GC(120) Large Pages: 0 / 0M, Empty: 0M, Relocated: 0M, In-Place: 0
[21.966s][info   ][gc,reloc    ] GC(120) Forwarding Usage: 0M
[21.966s][info   ][gc,heap     ] GC(120) Min Capacity: 2048M(100%)
[21.966s][info   ][gc,heap     ] GC(120) Max Capacity: 2048M(100%)
[21.966s][info   ][gc,heap     ] GC(120) Soft Max Capacity: 2048M(100%)
[21.966s][info   ][gc,heap     ] GC(120)                Mark Start          Mark End        Relocate Start      Relocate End           High               Low         
[21.966s][info   ][gc,heap     ] GC(120)  Capacity:     2048M (100%)       2048M (100%)       2048M (100%)       2048M (100%)       2048M (100%)       2048M (100%)   
[21.966s][info   ][gc,heap     ] GC(120)      Free:       22M (1%)           22M (1%)         1142M (56%)        1526M (75%)        1582M (77%)          22M (1%)     
[21.966s][info   ][gc,heap     ] GC(120)      Used:     2026M (99%)        2026M (99%)         906M (44%)         522M (25%)        2026M (99%)         466M (23%)    
[21.966s][info   ][gc,heap     ] GC(120)      Live:         -               198M (10%)         198M (10%)         198M (10%)            -                  -          
[21.966s][info   ][gc,heap     ] GC(120) Allocated:         -                 0M (0%)           64M (3%)          274M (13%)            -                  -          
[21.966s][info   ][gc,heap     ] GC(120)   Garbage:         -              1827M (89%)         643M (31%)          48M (2%)             -                  -          
[21.966s][info   ][gc,heap     ] GC(120) Reclaimed:         -                  -              1184M (58%)        1778M (87%)            -                  -          
[21.966s][info   ][gc          ] GC(120) Garbage Collection (Allocation Stall) 2026M(99%)->522M(25%)
[21.976s][info   ][gc,start    ] GC(121) Garbage Collection (Allocation Stall)
[21.977s][info   ][gc,ref      ] GC(121) Clearing All SoftReferences
[21.977s][info   ][gc,task     ] GC(121) Using 1 workers
[21.978s][info   ][gc,phases   ] GC(121) Pause Mark Start 0.033ms
[22.015s][info   ][gc,phases   ] GC(121) Concurrent Mark 28.413ms
[22.016s][info   ][gc,phases   ] GC(121) Pause Mark End 0.036ms
[22.022s][info   ][gc,phases   ] GC(121) Concurrent Mark Free 0.005ms
[22.024s][info   ][gc,phases   ] GC(121) Concurrent Process Non-Strong References 2.016ms
[22.024s][info   ][gc,phases   ] GC(121) Concurrent Reset Relocation Set 0.009ms
[22.025s][info   ][gc,phases   ] GC(121) Concurrent Select Relocation Set 1.007ms
[22.025s][info   ][gc,phases   ] GC(121) Pause Relocate Start 0.013ms
[22.204s][info   ][gc          ] Allocation Stall (Thread-4) 1.881ms
[22.205s][info   ][gc,phases   ] GC(121) Concurrent Relocate 180.116ms
[22.206s][info   ][gc,load     ] GC(121) Load: 5.01/3.32/2.10
[22.206s][info   ][gc,mmu      ] GC(121) MMU: 2ms/94.6%, 5ms/97.9%, 10ms/98.9%, 20ms/99.5%, 50ms/99.7%, 100ms/99.8%
[22.206s][info   ][gc,marking  ] GC(121) Mark: 1 stripe(s), 2 proactive flush(es), 1 terminate flush(es), 0 completion(s), 0 continuation(s) 
[22.206s][info   ][gc,marking  ] GC(121) Mark Stack Usage: 32M
[22.206s][info   ][gc,nmethod  ] GC(121) NMethods: 104 registered, 0 unregistered
[22.206s][info   ][gc,metaspace] GC(121) Metaspace: 0M used, 0M committed, 1088M reserved
[22.206s][info   ][gc,ref      ] GC(121) Soft: 7 encountered, 5 discovered, 0 enqueued
[22.206s][info   ][gc,ref      ] GC(121) Weak: 37 encountered, 28 discovered, 0 enqueued
[22.206s][info   ][gc,ref      ] GC(121) Final: 0 encountered, 0 discovered, 0 enqueued
[22.206s][info   ][gc,ref      ] GC(121) Phantom: 5 encountered, 2 discovered, 0 enqueued
[22.206s][info   ][gc,reloc    ] GC(121) Small Pages: 5 / 10M, Empty: 0M, Relocated: 0M, In-Place: 0
[22.206s][info   ][gc,reloc    ] GC(121) Medium Pages: 19 / 608M, Empty: 0M, Relocated: 132M, In-Place: 0
[22.206s][info   ][gc,reloc    ] GC(121) Large Pages: 0 / 0M, Empty: 0M, Relocated: 0M, In-Place: 0
[22.206s][info   ][gc,reloc    ] GC(121) Forwarding Usage: 0M
[22.206s][info   ][gc,heap     ] GC(121) Min Capacity: 2048M(100%)
[22.206s][info   ][gc,heap     ] GC(121) Max Capacity: 2048M(100%)
[22.206s][info   ][gc,heap     ] GC(121) Soft Max Capacity: 2048M(100%)
[22.206s][info   ][gc,heap     ] GC(121)                Mark Start          Mark End        Relocate Start      Relocate End           High               Low         
[22.206s][info   ][gc,heap     ] GC(121)  Capacity:     2048M (100%)       2048M (100%)       2048M (100%)       2048M (100%)       2048M (100%)       2048M (100%)   
[22.206s][info   ][gc,heap     ] GC(121)      Free:     1430M (70%)        1078M (53%)        1014M (50%)          22M (1%)         1430M (70%)          14M (1%)     
[22.206s][info   ][gc,heap     ] GC(121)      Used:      618M (30%)         970M (47%)        1034M (50%)        2026M (99%)        2034M (99%)         618M (30%)    
[22.206s][info   ][gc,heap     ] GC(121)      Live:         -               222M (11%)         222M (11%)         222M (11%)            -                  -          
[22.206s][info   ][gc,heap     ] GC(121) Allocated:         -               352M (17%)         416M (20%)        1756M (86%)            -                  -          
[22.206s][info   ][gc,heap     ] GC(121)   Garbage:         -               395M (19%)         395M (19%)          46M (2%)             -                  -          
[22.206s][info   ][gc,heap     ] GC(121) Reclaimed:         -                  -                 0M (0%)          348M (17%)            -                  -          
[22.206s][info   ][gc          ] GC(121) Garbage Collection (Allocation Stall) 618M(30%)->2026M(99%)
[22.206s][info   ][gc,start    ] GC(122) Garbage Collection (Allocation Stall)
[22.206s][info   ][gc,ref      ] GC(122) Clearing All SoftReferences
[22.206s][info   ][gc,task     ] GC(122) Using 1 workers
[22.206s][info   ][gc,phases   ] GC(122) Pause Mark Start 0.012ms
[22.208s][info   ][gc,phases   ] GC(122) Concurrent Mark 2.192ms
[22.209s][info   ][gc,phases   ] GC(122) Pause Mark End 0.009ms
[22.209s][info   ][gc,phases   ] GC(122) Concurrent Mark Free 0.001ms
[22.209s][info   ][gc,phases   ] GC(122) Concurrent Process Non-Strong References 0.507ms
[22.209s][info   ][gc,phases   ] GC(122) Concurrent Reset Relocation Set 0.002ms
[22.210s][info   ][gc          ] Allocation Stall (Thread-3) 7.038ms
[22.210s][info   ][gc          ] Allocation Stall (Thread-1) 7.060ms
[22.210s][info   ][gc          ] Allocation Stall (Thread-2) 7.136ms
[22.211s][info   ][gc,phases   ] GC(122) Concurrent Select Relocation Set 1.778ms
[22.210s][info   ][gc          ] Allocation Stall (Thread-4) 3.684ms
[22.210s][info   ][gc          ] Allocation Stall (Thread-6) 7.368ms
[22.210s][info   ][gc          ] Allocation Stall (Thread-5) 7.215ms
[22.211s][info   ][gc,phases   ] GC(122) Pause Relocate Start 0.007ms
[22.211s][info   ][gc          ] Allocation Stall (Thread-7) 8.110ms
[22.212s][info   ][gc          ] Allocation Stall (Thread-0) 8.941ms
[22.238s][info   ][gc,phases   ] GC(122) Concurrent Relocate 26.414ms
[22.238s][info   ][gc,load     ] GC(122) Load: 5.01/3.32/2.10
[22.238s][info   ][gc,mmu      ] GC(122) MMU: 2ms/94.6%, 5ms/97.9%, 10ms/98.9%, 20ms/99.5%, 50ms/99.7%, 100ms/99.8%
[22.238s][info   ][gc,marking  ] GC(122) Mark: 1 stripe(s), 2 proactive flush(es), 1 terminate flush(es), 0 completion(s), 0 continuation(s) 
[22.238s][info   ][gc,marking  ] GC(122) Mark Stack Usage: 32M
[22.238s][info   ][gc,nmethod  ] GC(122) NMethods: 104 registered, 0 unregistered
[22.238s][info   ][gc,metaspace] GC(122) Metaspace: 0M used, 0M committed, 1088M reserved
[22.238s][info   ][gc,ref      ] GC(122) Soft: 7 encountered, 5 discovered, 0 enqueued
[22.238s][info   ][gc,ref      ] GC(122) Weak: 37 encountered, 28 discovered, 0 enqueued
[22.238s][info   ][gc,ref      ] GC(122) Final: 0 encountered, 0 discovered, 0 enqueued
[22.238s][info   ][gc,ref      ] GC(122) Phantom: 5 encountered, 2 discovered, 0 enqueued
[22.238s][info   ][gc,reloc    ] GC(122) Small Pages: 5 / 10M, Empty: 0M, Relocated: 0M, In-Place: 0
[22.238s][info   ][gc,reloc    ] GC(122) Medium Pages: 63 / 2016M, Empty: 800M, Relocated: 158M, In-Place: 0
[22.238s][info   ][gc,reloc    ] GC(122) Large Pages: 0 / 0M, Empty: 0M, Relocated: 0M, In-Place: 0
[22.238s][info   ][gc,reloc    ] GC(122) Forwarding Usage: 0M
[22.238s][info   ][gc,heap     ] GC(122) Min Capacity: 2048M(100%)
[22.238s][info   ][gc,heap     ] GC(122) Max Capacity: 2048M(100%)
[22.238s][info   ][gc,heap     ] GC(122) Soft Max Capacity: 2048M(100%)
[22.238s][info   ][gc,heap     ] GC(122)                Mark Start          Mark End        Relocate Start      Relocate End           High               Low         
[22.238s][info   ][gc,heap     ] GC(122)  Capacity:     2048M (100%)       2048M (100%)       2048M (100%)       2048M (100%)       2048M (100%)       2048M (100%)   
[22.238s][info   ][gc,heap     ] GC(122)      Free:       22M (1%)           22M (1%)          726M (35%)        1654M (81%)        1654M (81%)          22M (1%)     
[22.238s][info   ][gc,heap     ] GC(122)      Used:     2026M (99%)        2026M (99%)        1322M (65%)         394M (19%)        2026M (99%)         394M (19%)    
[22.238s][info   ][gc,heap     ] GC(122)      Live:         -               280M (14%)         280M (14%)         280M (14%)            -                  -          
[22.238s][info   ][gc,heap     ] GC(122) Allocated:         -                 0M (0%)           96M (5%)           56M (3%)             -                  -          
[22.238s][info   ][gc,heap     ] GC(122)   Garbage:         -              1745M (85%)         945M (46%)          56M (3%)             -                  -          
[22.238s][info   ][gc,heap     ] GC(122) Reclaimed:         -                  -               800M (39%)        1688M (82%)            -                  -          
[22.238s][info   ][gc          ] GC(122) Garbage Collection (Allocation Stall) 2026M(99%)->394M(19%)
[22.276s][info   ][gc,start    ] GC(123) Garbage Collection (Allocation Stall)
[22.276s][info   ][gc,ref      ] GC(123) Clearing All SoftReferences
[22.276s][info   ][gc,task     ] GC(123) Using 1 workers
[22.276s][info   ][gc,phases   ] GC(123) Pause Mark Start 0.024ms
[22.319s][info   ][gc,phases   ] GC(123) Concurrent Mark 40.028ms
[22.320s][info   ][gc,phases   ] GC(123) Pause Mark End 0.021ms
[22.323s][info   ][gc,phases   ] GC(123) Concurrent Mark Free 0.003ms
[22.329s][info   ][gc,phases   ] GC(123) Concurrent Process Non-Strong References 6.196ms
[22.329s][info   ][gc,phases   ] GC(123) Concurrent Reset Relocation Set 0.014ms
[22.339s][info   ][gc,phases   ] GC(123) Concurrent Select Relocation Set 9.648ms
[22.340s][info   ][gc,phases   ] GC(123) Pause Relocate Start 0.015ms
[22.461s][info   ][gc,phases   ] GC(123) Concurrent Relocate 119.450ms
[22.462s][info   ][gc,load     ] GC(123) Load: 5.01/3.32/2.10
[22.462s][info   ][gc,mmu      ] GC(123) MMU: 2ms/94.6%, 5ms/97.9%, 10ms/98.9%, 20ms/99.5%, 50ms/99.7%, 100ms/99.8%
[22.462s][info   ][gc,marking  ] GC(123) Mark: 1 stripe(s), 2 proactive flush(es), 1 terminate flush(es), 0 completion(s), 0 continuation(s) 
[22.462s][info   ][gc,marking  ] GC(123) Mark Stack Usage: 32M
[22.462s][info   ][gc,nmethod  ] GC(123) NMethods: 104 registered, 0 unregistered
[22.462s][info   ][gc,metaspace] GC(123) Metaspace: 0M used, 0M committed, 1088M reserved
[22.462s][info   ][gc,ref      ] GC(123) Soft: 7 encountered, 5 discovered, 0 enqueued
[22.462s][info   ][gc,ref      ] GC(123) Weak: 37 encountered, 28 discovered, 0 enqueued
[22.462s][info   ][gc,ref      ] GC(123) Final: 0 encountered, 0 discovered, 0 enqueued
[22.462s][info   ][gc,ref      ] GC(123) Phantom: 5 encountered, 2 discovered, 0 enqueued
[22.462s][info   ][gc,reloc    ] GC(123) Small Pages: 5 / 10M, Empty: 0M, Relocated: 0M, In-Place: 0
[22.462s][info   ][gc,reloc    ] GC(123) Medium Pages: 22 / 704M, Empty: 0M, Relocated: 166M, In-Place: 0
[22.462s][info   ][gc,reloc    ] GC(123) Large Pages: 0 / 0M, Empty: 0M, Relocated: 0M, In-Place: 0
[22.462s][info   ][gc,reloc    ] GC(123) Forwarding Usage: 0M
[22.462s][info   ][gc,heap     ] GC(123) Min Capacity: 2048M(100%)
[22.462s][info   ][gc,heap     ] GC(123) Max Capacity: 2048M(100%)
[22.462s][info   ][gc,heap     ] GC(123) Soft Max Capacity: 2048M(100%)
[22.462s][info   ][gc,heap     ] GC(123)                Mark Start          Mark End        Relocate Start      Relocate End           High               Low         
[22.462s][info   ][gc,heap     ] GC(123)  Capacity:     2048M (100%)       2048M (100%)       2048M (100%)       2048M (100%)       2048M (100%)       2048M (100%)   
[22.462s][info   ][gc,heap     ] GC(123)      Free:     1334M (65%)         982M (48%)         822M (40%)         406M (20%)        1334M (65%)         398M (19%)    
[22.462s][info   ][gc,heap     ] GC(123)      Used:      714M (35%)        1066M (52%)        1226M (60%)        1642M (80%)        1650M (81%)         714M (35%)    
[22.462s][info   ][gc,heap     ] GC(123)      Live:         -               259M (13%)         259M (13%)         259M (13%)            -                  -          
[22.462s][info   ][gc,heap     ] GC(123) Allocated:         -               352M (17%)         512M (25%)        1334M (65%)            -                  -          
[22.462s][info   ][gc,heap     ] GC(123)   Garbage:         -               454M (22%)         454M (22%)          47M (2%)             -                  -          
[22.462s][info   ][gc,heap     ] GC(123) Reclaimed:         -                  -                 0M (0%)          406M (20%)            -                  -          
[22.462s][info   ][gc          ] GC(123) Garbage Collection (Allocation Stall) 714M(35%)->1642M(80%)
[22.475s][info   ][gc,start    ] GC(124) Garbage Collection (Allocation Rate)
[22.476s][info   ][gc,task     ] GC(124) Using 1 workers
[22.478s][info   ][gc,phases   ] GC(124) Pause Mark Start 0.029ms
[22.508s][info   ][gc,phases   ] GC(124) Concurrent Mark 29.845ms
[22.509s][info   ][gc,phases   ] GC(124) Pause Mark End 0.041ms
[22.511s][info   ][gc,phases   ] GC(124) Concurrent Mark Free 0.003ms
[22.512s][info   ][gc,phases   ] GC(124) Concurrent Process Non-Strong References 0.571ms
[22.512s][info   ][gc,phases   ] GC(124) Concurrent Reset Relocation Set 0.003ms
[22.513s][info   ][gc          ] Allocation Stall (Thread-6) 1.592ms
[22.513s][info   ][gc          ] Allocation Stall (Thread-7) 1.620ms
[22.513s][info   ][gc          ] Allocation Stall (Thread-0) 1.471ms
[22.513s][info   ][gc,phases   ] GC(124) Concurrent Select Relocation Set 1.074ms
[22.513s][info   ][gc          ] Allocation Stall (Thread-2) 1.901ms
[22.513s][info   ][gc          ] Allocation Stall (Thread-4) 1.683ms
[22.513s][info   ][gc          ] Allocation Stall (Thread-5) 1.459ms
[22.516s][info   ][gc,phases   ] GC(124) Pause Relocate Start 0.013ms
[22.516s][info   ][gc          ] Allocation Stall (Thread-1) 5.223ms
[22.685s][info   ][gc,phases   ] GC(124) Concurrent Relocate 167.668ms
[22.685s][info   ][gc,load     ] GC(124) Load: 5.01/3.32/2.10
[22.685s][info   ][gc,mmu      ] GC(124) MMU: 2ms/94.6%, 5ms/97.9%, 10ms/98.9%, 20ms/99.5%, 50ms/99.7%, 100ms/99.8%
[22.685s][info   ][gc,marking  ] GC(124) Mark: 1 stripe(s), 2 proactive flush(es), 1 terminate flush(es), 0 completion(s), 0 continuation(s) 
[22.685s][info   ][gc,marking  ] GC(124) Mark Stack Usage: 32M
[22.685s][info   ][gc,nmethod  ] GC(124) NMethods: 104 registered, 0 unregistered
[22.685s][info   ][gc,metaspace] GC(124) Metaspace: 0M used, 0M committed, 1088M reserved
[22.685s][info   ][gc,ref      ] GC(124) Soft: 7 encountered, 0 discovered, 0 enqueued
[22.685s][info   ][gc,ref      ] GC(124) Weak: 37 encountered, 28 discovered, 0 enqueued
[22.685s][info   ][gc,ref      ] GC(124) Final: 0 encountered, 0 discovered, 0 enqueued
[22.685s][info   ][gc,ref      ] GC(124) Phantom: 5 encountered, 2 discovered, 0 enqueued
[22.685s][info   ][gc,reloc    ] GC(124) Small Pages: 5 / 10M, Empty: 0M, Relocated: 0M, In-Place: 0
[22.685s][info   ][gc,reloc    ] GC(124) Medium Pages: 55 / 1760M, Empty: 608M, Relocated: 167M, In-Place: 0
[22.685s][info   ][gc,reloc    ] GC(124) Large Pages: 0 / 0M, Empty: 0M, Relocated: 0M, In-Place: 0
[22.685s][info   ][gc,reloc    ] GC(124) Forwarding Usage: 0M
[22.685s][info   ][gc,heap     ] GC(124) Min Capacity: 2048M(100%)
[22.685s][info   ][gc,heap     ] GC(124) Max Capacity: 2048M(100%)
[22.685s][info   ][gc,heap     ] GC(124) Soft Max Capacity: 2048M(100%)
[22.685s][info   ][gc,heap     ] GC(124)                Mark Start          Mark End        Relocate Start      Relocate End           High               Low         
[22.685s][info   ][gc,heap     ] GC(124)  Capacity:     2048M (100%)       2048M (100%)       2048M (100%)       2048M (100%)       2048M (100%)       2048M (100%)   
[22.685s][info   ][gc,heap     ] GC(124)      Free:      278M (14%)          22M (1%)          566M (28%)         278M (14%)        1070M (52%)          22M (1%)     
[22.685s][info   ][gc,heap     ] GC(124)      Used:     1770M (86%)        2026M (99%)        1482M (72%)        1770M (86%)        2026M (99%)         978M (48%)    
[22.685s][info   ][gc,heap     ] GC(124)      Live:         -               263M (13%)         263M (13%)         263M (13%)            -                  -          
[22.685s][info   ][gc,heap     ] GC(124) Allocated:         -               256M (12%)         320M (16%)        1444M (71%)            -                  -          
[22.685s][info   ][gc,heap     ] GC(124)   Garbage:         -              1506M (74%)         898M (44%)          61M (3%)             -                  -          
[22.685s][info   ][gc,heap     ] GC(124) Reclaimed:         -                  -               608M (30%)        1444M (71%)            -                  -          
[22.685s][info   ][gc          ] GC(124) Garbage Collection (Allocation Rate) 1770M(86%)->1770M(86%)
[22.720s][info   ][gc,start    ] GC(125) Garbage Collection (Allocation Stall)
[22.720s][info   ][gc,ref      ] GC(125) Clearing All SoftReferences
[22.720s][info   ][gc,task     ] GC(125) Using 1 workers
[22.720s][info   ][gc,phases   ] GC(125) Pause Mark Start 0.012ms
[22.723s][info   ][gc,phases   ] GC(125) Concurrent Mark 2.718ms
[22.723s][info   ][gc,phases   ] GC(125) Pause Mark End 0.011ms
[22.723s][info   ][gc,phases   ] GC(125) Concurrent Mark Free 0.001ms
[22.724s][info   ][gc,phases   ] GC(125) Concurrent Process Non-Strong References 0.576ms
[22.724s][info   ][gc,phases   ] GC(125) Concurrent Reset Relocation Set 0.003ms
[22.725s][info   ][gc          ] Allocation Stall (Thread-7) 4.878ms
[22.725s][info   ][gc          ] Allocation Stall (Thread-5) 1.412ms
[22.725s][info   ][gc          ] Allocation Stall (Thread-4) 4.766ms
[22.725s][info   ][gc          ] Allocation Stall (Thread-6) 4.680ms
[22.730s][info   ][gc,phases   ] GC(125) Concurrent Select Relocation Set 6.412ms
[22.725s][info   ][gc          ] Allocation Stall (Thread-2) 4.623ms
[22.731s][info   ][gc,phases   ] GC(125) Pause Relocate Start 0.015ms
[22.777s][info   ][gc,phases   ] GC(125) Concurrent Relocate 44.983ms
[22.778s][info   ][gc,load     ] GC(125) Load: 5.01/3.32/2.10
[22.778s][info   ][gc,mmu      ] GC(125) MMU: 2ms/94.6%, 5ms/97.9%, 10ms/98.9%, 20ms/99.5%, 50ms/99.7%, 100ms/99.8%
[22.778s][info   ][gc,marking  ] GC(125) Mark: 1 stripe(s), 1 proactive flush(es), 1 terminate flush(es), 0 completion(s), 0 continuation(s) 
[22.778s][info   ][gc,marking  ] GC(125) Mark Stack Usage: 32M
[22.778s][info   ][gc,nmethod  ] GC(125) NMethods: 104 registered, 0 unregistered
[22.778s][info   ][gc,metaspace] GC(125) Metaspace: 0M used, 0M committed, 1088M reserved
[22.778s][info   ][gc,ref      ] GC(125) Soft: 7 encountered, 5 discovered, 0 enqueued
[22.778s][info   ][gc,ref      ] GC(125) Weak: 37 encountered, 28 discovered, 0 enqueued
[22.778s][info   ][gc,ref      ] GC(125) Final: 0 encountered, 0 discovered, 0 enqueued
[22.778s][info   ][gc,ref      ] GC(125) Phantom: 5 encountered, 2 discovered, 0 enqueued
[22.778s][info   ][gc,reloc    ] GC(125) Small Pages: 5 / 10M, Empty: 0M, Relocated: 0M, In-Place: 0
[22.778s][info   ][gc,reloc    ] GC(125) Medium Pages: 63 / 2016M, Empty: 1056M, Relocated: 166M, In-Place: 0
[22.778s][info   ][gc,reloc    ] GC(125) Large Pages: 0 / 0M, Empty: 0M, Relocated: 0M, In-Place: 0
[22.778s][info   ][gc,reloc    ] GC(125) Forwarding Usage: 0M
[22.778s][info   ][gc,heap     ] GC(125) Min Capacity: 2048M(100%)
[22.778s][info   ][gc,heap     ] GC(125) Max Capacity: 2048M(100%)
[22.778s][info   ][gc,heap     ] GC(125) Soft Max Capacity: 2048M(100%)
[22.778s][info   ][gc,heap     ] GC(125)                Mark Start          Mark End        Relocate Start      Relocate End           High               Low         
[22.778s][info   ][gc,heap     ] GC(125)  Capacity:     2048M (100%)       2048M (100%)       2048M (100%)       2048M (100%)       2048M (100%)       2048M (100%)   
[22.778s][info   ][gc,heap     ] GC(125)      Free:       22M (1%)           22M (1%)         1014M (50%)        1494M (73%)        1524M (74%)          22M (1%)     
[22.778s][info   ][gc,heap     ] GC(125)      Used:     2026M (99%)        2026M (99%)        1034M (50%)         554M (27%)        2026M (99%)         524M (26%)    
[22.778s][info   ][gc,heap     ] GC(125)      Live:         -               267M (13%)         267M (13%)         267M (13%)            -                  -          
[22.778s][info   ][gc,heap     ] GC(125) Allocated:         -                 0M (0%)           64M (3%)          250M (12%)            -                  -          
[22.778s][info   ][gc,heap     ] GC(125)   Garbage:         -              1758M (86%)         702M (34%)          35M (2%)             -                  -          
[22.778s][info   ][gc,heap     ] GC(125) Reclaimed:         -                  -              1056M (52%)        1722M (84%)            -                  -          
[22.778s][info   ][gc          ] GC(125) Garbage Collection (Allocation Stall) 2026M(99%)->554M(27%)
[22.878s][info   ][gc,start    ] GC(126) Garbage Collection (Allocation Stall)
[22.878s][info   ][gc,ref      ] GC(126) Clearing All SoftReferences
[22.878s][info   ][gc,task     ] GC(126) Using 1 workers
[22.880s][info   ][gc,phases   ] GC(126) Pause Mark Start 0.021ms
[22.928s][info   ][gc,phases   ] GC(126) Concurrent Mark 47.804ms
[22.930s][info   ][gc,phases   ] GC(126) Pause Mark End 0.032ms
[22.935s][info   ][gc,phases   ] GC(126) Concurrent Mark Free 0.007ms
[22.945s][info   ][gc,phases   ] GC(126) Concurrent Process Non-Strong References 9.927ms
[22.945s][info   ][gc,phases   ] GC(126) Concurrent Reset Relocation Set 0.012ms
[22.947s][info   ][gc,phases   ] GC(126) Concurrent Select Relocation Set 1.350ms
[22.948s][info   ][gc,phases   ] GC(126) Pause Relocate Start 0.016ms
[23.113s][info   ][gc          ] Allocation Stall (Thread-4) 0.624ms
[23.116s][info   ][gc          ] Allocation Stall (Thread-3) 3.733ms
[23.116s][info   ][gc          ] Allocation Stall (Thread-2) 3.494ms
[23.116s][info   ][gc          ] Allocation Stall (Thread-0) 3.521ms
[23.116s][info   ][gc          ] Allocation Stall (Thread-1) 3.497ms
[23.119s][info   ][gc          ] Allocation Stall (Thread-5) 6.099ms
[23.121s][info   ][gc,phases   ] GC(126) Concurrent Relocate 172.971ms
[23.121s][info   ][gc,load     ] GC(126) Load: 5.01/3.32/2.10
[23.121s][info   ][gc,mmu      ] GC(126) MMU: 2ms/94.6%, 5ms/97.9%, 10ms/98.9%, 20ms/99.5%, 50ms/99.7%, 100ms/99.8%
[23.121s][info   ][gc,marking  ] GC(126) Mark: 1 stripe(s), 2 proactive flush(es), 1 terminate flush(es), 0 completion(s), 0 continuation(s) 
[23.121s][info   ][gc,marking  ] GC(126) Mark Stack Usage: 32M
[23.121s][info   ][gc,nmethod  ] GC(126) NMethods: 104 registered, 0 unregistered
[23.121s][info   ][gc,metaspace] GC(126) Metaspace: 0M used, 0M committed, 1088M reserved
[23.121s][info   ][gc,ref      ] GC(126) Soft: 7 encountered, 5 discovered, 0 enqueued
[23.121s][info   ][gc,ref      ] GC(126) Weak: 37 encountered, 28 discovered, 0 enqueued
[23.121s][info   ][gc,ref      ] GC(126) Final: 0 encountered, 0 discovered, 0 enqueued
[23.121s][info   ][gc,ref      ] GC(126) Phantom: 5 encountered, 2 discovered, 0 enqueued
[23.121s][info   ][gc,reloc    ] GC(126) Small Pages: 5 / 10M, Empty: 0M, Relocated: 0M, In-Place: 0
[23.121s][info   ][gc,reloc    ] GC(126) Medium Pages: 42 / 1344M, Empty: 320M, Relocated: 192M, In-Place: 0
[23.121s][info   ][gc,reloc    ] GC(126) Large Pages: 0 / 0M, Empty: 0M, Relocated: 0M, In-Place: 0
[23.121s][info   ][gc,reloc    ] GC(126) Forwarding Usage: 0M
[23.121s][info   ][gc,heap     ] GC(126) Min Capacity: 2048M(100%)
[23.121s][info   ][gc,heap     ] GC(126) Max Capacity: 2048M(100%)
[23.121s][info   ][gc,heap     ] GC(126) Soft Max Capacity: 2048M(100%)
[23.121s][info   ][gc,heap     ] GC(126)                Mark Start          Mark End        Relocate Start      Relocate End           High               Low         
[23.121s][info   ][gc,heap     ] GC(126)  Capacity:     2048M (100%)       2048M (100%)       2048M (100%)       2048M (100%)       2048M (100%)       2048M (100%)   
[23.121s][info   ][gc,heap     ] GC(126)      Free:      694M (34%)         278M (14%)         470M (23%)          22M (1%)          814M (40%)          14M (1%)     
[23.121s][info   ][gc,heap     ] GC(126)      Used:     1354M (66%)        1770M (86%)        1578M (77%)        2026M (99%)        2034M (99%)        1234M (60%)    
[23.121s][info   ][gc,heap     ] GC(126)      Live:         -               243M (12%)         243M (12%)         243M (12%)            -                  -          
[23.121s][info   ][gc,heap     ] GC(126) Allocated:         -               416M (20%)         544M (27%)        1752M (86%)            -                  -          
[23.121s][info   ][gc,heap     ] GC(126)   Garbage:         -              1110M (54%)         790M (39%)          29M (1%)             -                  -          
[23.121s][info   ][gc,heap     ] GC(126) Reclaimed:         -                  -               320M (16%)        1080M (53%)            -                  -          
[23.121s][info   ][gc          ] GC(126) Garbage Collection (Allocation Stall) 1354M(66%)->2026M(99%)
[23.121s][info   ][gc,start    ] GC(127) Garbage Collection (Allocation Stall)
[23.121s][info   ][gc,ref      ] GC(127) Clearing All SoftReferences
[23.121s][info   ][gc,task     ] GC(127) Using 1 workers
[23.123s][info   ][gc,phases   ] GC(127) Pause Mark Start 0.013ms
[23.125s][info   ][gc,phases   ] GC(127) Concurrent Mark 2.355ms
[23.125s][info   ][gc,phases   ] GC(127) Pause Mark End 0.008ms
[23.125s][info   ][gc,phases   ] GC(127) Concurrent Mark Free 0.001ms
[23.126s][info   ][gc,phases   ] GC(127) Concurrent Process Non-Strong References 0.480ms
[23.126s][info   ][gc,phases   ] GC(127) Concurrent Reset Relocation Set 0.003ms
[23.127s][info   ][gc          ] Allocation Stall (Thread-7) 13.797ms
[23.127s][info   ][gc          ] Allocation Stall (Thread-3) 3.758ms
[23.127s][info   ][gc          ] Allocation Stall (Thread-2) 3.713ms
[23.127s][info   ][gc          ] Allocation Stall (Thread-5) 3.810ms
[23.127s][info   ][gc          ] Allocation Stall (Thread-6) 13.982ms
[23.127s][info   ][gc          ] Allocation Stall (Thread-4) 3.141ms
[23.130s][info   ][gc          ] Allocation Stall (Thread-1) 11.226ms
[23.133s][info   ][gc,phases   ] GC(127) Concurrent Select Relocation Set 7.085ms
[23.135s][info   ][gc,phases   ] GC(127) Pause Relocate Start 0.015ms
[23.181s][info   ][gc,phases   ] GC(127) Concurrent Relocate 44.592ms
[23.181s][info   ][gc,load     ] GC(127) Load: 5.01/3.32/2.10
[23.181s][info   ][gc,mmu      ] GC(127) MMU: 2ms/94.6%, 5ms/97.9%, 10ms/98.9%, 20ms/99.5%, 50ms/99.7%, 100ms/99.8%
[23.181s][info   ][gc,marking  ] GC(127) Mark: 1 stripe(s), 2 proactive flush(es), 1 terminate flush(es), 0 completion(s), 0 continuation(s) 
[23.181s][info   ][gc,marking  ] GC(127) Mark Stack Usage: 32M
[23.181s][info   ][gc,nmethod  ] GC(127) NMethods: 104 registered, 0 unregistered
[23.181s][info   ][gc,metaspace] GC(127) Metaspace: 0M used, 0M committed, 1088M reserved
[23.181s][info   ][gc,ref      ] GC(127) Soft: 7 encountered, 5 discovered, 0 enqueued
[23.181s][info   ][gc,ref      ] GC(127) Weak: 37 encountered, 28 discovered, 0 enqueued
[23.181s][info   ][gc,ref      ] GC(127) Final: 0 encountered, 0 discovered, 0 enqueued
[23.181s][info   ][gc,ref      ] GC(127) Phantom: 5 encountered, 2 discovered, 0 enqueued
[23.181s][info   ][gc,reloc    ] GC(127) Small Pages: 5 / 10M, Empty: 0M, Relocated: 0M, In-Place: 0
[23.181s][info   ][gc,reloc    ] GC(127) Medium Pages: 63 / 2016M, Empty: 1056M, Relocated: 167M, In-Place: 0
[23.181s][info   ][gc,reloc    ] GC(127) Large Pages: 0 / 0M, Empty: 0M, Relocated: 0M, In-Place: 0
[23.181s][info   ][gc,reloc    ] GC(127) Forwarding Usage: 0M
[23.181s][info   ][gc,heap     ] GC(127) Min Capacity: 2048M(100%)
[23.181s][info   ][gc,heap     ] GC(127) Max Capacity: 2048M(100%)
[23.181s][info   ][gc,heap     ] GC(127) Soft Max Capacity: 2048M(100%)
[23.181s][info   ][gc,heap     ] GC(127)                Mark Start          Mark End        Relocate Start      Relocate End           High               Low         
[23.181s][info   ][gc,heap     ] GC(127)  Capacity:     2048M (100%)       2048M (100%)       2048M (100%)       2048M (100%)       2048M (100%)       2048M (100%)   
[23.181s][info   ][gc,heap     ] GC(127)      Free:       22M (1%)           22M (1%)          982M (48%)        1496M (73%)        1520M (74%)          22M (1%)     
[23.181s][info   ][gc,heap     ] GC(127)      Used:     2026M (99%)        2026M (99%)        1066M (52%)         552M (27%)        2026M (99%)         528M (26%)    
[23.181s][info   ][gc,heap     ] GC(127)      Live:         -               246M (12%)         246M (12%)         246M (12%)            -                  -          
[23.181s][info   ][gc,heap     ] GC(127) Allocated:         -                 0M (0%)           96M (5%)          259M (13%)            -                  -          
[23.181s][info   ][gc,heap     ] GC(127)   Garbage:         -              1779M (87%)         723M (35%)          45M (2%)             -                  -          
[23.181s][info   ][gc,heap     ] GC(127) Reclaimed:         -                  -              1056M (52%)        1733M (85%)            -                  -          
[23.181s][info   ][gc          ] GC(127) Garbage Collection (Allocation Stall) 2026M(99%)->552M(27%)
[23.280s][info   ][gc,start    ] GC(128) Garbage Collection (Allocation Stall)
[23.280s][info   ][gc,ref      ] GC(128) Clearing All SoftReferences
[23.280s][info   ][gc,task     ] GC(128) Using 1 workers
[23.286s][info   ][gc,phases   ] GC(128) Pause Mark Start 0.020ms
[23.292s][info   ][gc,phases   ] GC(128) Concurrent Mark 6.446ms
[23.293s][info   ][gc,phases   ] GC(128) Pause Mark End 0.018ms
[23.293s][info   ][gc,phases   ] GC(128) Concurrent Mark Free 0.002ms
[23.296s][info   ][gc,phases   ] GC(128) Concurrent Process Non-Strong References 3.650ms
[23.297s][info   ][gc,phases   ] GC(128) Concurrent Reset Relocation Set 0.009ms
[23.301s][info   ][gc,phases   ] GC(128) Concurrent Select Relocation Set 4.581ms
[23.305s][info   ][gc,phases   ] GC(128) Pause Relocate Start 0.018ms
[23.423s][info   ][gc,phases   ] GC(128) Concurrent Relocate 117.129ms
[23.423s][info   ][gc,load     ] GC(128) Load: 5.01/3.32/2.10
[23.423s][info   ][gc,mmu      ] GC(128) MMU: 2ms/94.6%, 5ms/97.9%, 10ms/98.9%, 20ms/99.5%, 50ms/99.7%, 100ms/99.8%
[23.423s][info   ][gc,marking  ] GC(128) Mark: 1 stripe(s), 2 proactive flush(es), 1 terminate flush(es), 0 completion(s), 0 continuation(s) 
[23.423s][info   ][gc,marking  ] GC(128) Mark Stack Usage: 32M
[23.423s][info   ][gc,nmethod  ] GC(128) NMethods: 104 registered, 0 unregistered
[23.423s][info   ][gc,metaspace] GC(128) Metaspace: 0M used, 0M committed, 1088M reserved
[23.423s][info   ][gc,ref      ] GC(128) Soft: 7 encountered, 5 discovered, 0 enqueued
[23.423s][info   ][gc,ref      ] GC(128) Weak: 37 encountered, 28 discovered, 0 enqueued
[23.423s][info   ][gc,ref      ] GC(128) Final: 0 encountered, 0 discovered, 0 enqueued
[23.423s][info   ][gc,ref      ] GC(128) Phantom: 5 encountered, 2 discovered, 0 enqueued
[23.423s][info   ][gc,reloc    ] GC(128) Small Pages: 4 / 8M, Empty: 0M, Relocated: 0M, In-Place: 0
[23.423s][info   ][gc,reloc    ] GC(128) Medium Pages: 44 / 1408M, Empty: 544M, Relocated: 191M, In-Place: 0
[23.423s][info   ][gc,reloc    ] GC(128) Large Pages: 0 / 0M, Empty: 0M, Relocated: 0M, In-Place: 0
[23.423s][info   ][gc,reloc    ] GC(128) Forwarding Usage: 0M
[23.423s][info   ][gc,heap     ] GC(128) Min Capacity: 2048M(100%)
[23.423s][info   ][gc,heap     ] GC(128) Max Capacity: 2048M(100%)
[23.423s][info   ][gc,heap     ] GC(128) Soft Max Capacity: 2048M(100%)
[23.423s][info   ][gc,heap     ] GC(128)                Mark Start          Mark End        Relocate Start      Relocate End           High               Low         
[23.423s][info   ][gc,heap     ] GC(128)  Capacity:     2048M (100%)       2048M (100%)       2048M (100%)       2048M (100%)       2048M (100%)       2048M (100%)   
[23.423s][info   ][gc,heap     ] GC(128)      Free:      632M (31%)         568M (28%)        1016M (50%)         822M (40%)        1392M (68%)         536M (26%)    
[23.423s][info   ][gc,heap     ] GC(128)      Used:     1416M (69%)        1480M (72%)        1032M (50%)        1226M (60%)        1512M (74%)         656M (32%)    
[23.423s][info   ][gc,heap     ] GC(128)      Live:         -               241M (12%)         241M (12%)         241M (12%)            -                  -          
[23.423s][info   ][gc,heap     ] GC(128) Allocated:         -                64M (3%)          160M (8%)          942M (46%)            -                  -          
[23.423s][info   ][gc,heap     ] GC(128)   Garbage:         -              1174M (57%)         630M (31%)          41M (2%)             -                  -          
[23.423s][info   ][gc,heap     ] GC(128) Reclaimed:         -                  -               544M (27%)        1132M (55%)            -                  -          
[23.423s][info   ][gc          ] GC(128) Garbage Collection (Allocation Stall) 1416M(69%)->1226M(60%)
[23.476s][info   ][gc,start    ] GC(129) Garbage Collection (Allocation Rate)
[23.476s][info   ][gc,task     ] GC(129) Using 1 workers
[23.477s][info   ][gc,phases   ] GC(129) Pause Mark Start 0.012ms
[23.510s][info   ][gc,phases   ] GC(129) Concurrent Mark 33.119ms
[23.510s][info   ][gc,phases   ] GC(129) Pause Mark End 0.023ms
[23.517s][info   ][gc,phases   ] GC(129) Concurrent Mark Free 0.006ms
[23.527s][info   ][gc,phases   ] GC(129) Concurrent Process Non-Strong References 9.923ms
[23.527s][info   ][gc,phases   ] GC(129) Concurrent Reset Relocation Set 0.007ms
[23.528s][info   ][gc          ] Allocation Stall (Thread-7) 1.309ms
[23.528s][info   ][gc          ] Allocation Stall (Thread-0) 1.205ms
[23.528s][info   ][gc          ] Allocation Stall (Thread-5) 1.410ms
[23.528s][info   ][gc          ] Allocation Stall (Thread-6) 1.546ms
[23.528s][info   ][gc          ] Allocation Stall (Thread-4) 1.407ms
[23.531s][info   ][gc,phases   ] GC(129) Concurrent Select Relocation Set 3.781ms
[23.531s][info   ][gc          ] Allocation Stall (Thread-2) 1.250ms
[23.532s][info   ][gc,phases   ] GC(129) Pause Relocate Start 0.014ms
[23.698s][info   ][gc          ] Allocation Stall (Thread-3) 0.300ms
[23.705s][info   ][gc          ] Allocation Stall (Thread-7) 6.759ms
[23.713s][info   ][gc          ] Allocation Stall (Thread-6) 14.720ms
[23.719s][info   ][gc,phases   ] GC(129) Concurrent Relocate 187.524ms
[23.719s][info   ][gc,load     ] GC(129) Load: 5.01/3.32/2.10
[23.719s][info   ][gc,mmu      ] GC(129) MMU: 2ms/94.6%, 5ms/97.9%, 10ms/98.9%, 20ms/99.5%, 50ms/99.7%, 100ms/99.8%
[23.719s][info   ][gc,marking  ] GC(129) Mark: 1 stripe(s), 2 proactive flush(es), 1 terminate flush(es), 0 completion(s), 0 continuation(s) 
[23.719s][info   ][gc,marking  ] GC(129) Mark Stack Usage: 32M
[23.719s][info   ][gc,nmethod  ] GC(129) NMethods: 104 registered, 0 unregistered
[23.719s][info   ][gc,metaspace] GC(129) Metaspace: 0M used, 0M committed, 1088M reserved
[23.719s][info   ][gc,ref      ] GC(129) Soft: 7 encountered, 0 discovered, 0 enqueued
[23.719s][info   ][gc,ref      ] GC(129) Weak: 37 encountered, 28 discovered, 0 enqueued
[23.719s][info   ][gc,ref      ] GC(129) Final: 0 encountered, 0 discovered, 0 enqueued
[23.719s][info   ][gc,ref      ] GC(129) Phantom: 5 encountered, 2 discovered, 0 enqueued
[23.719s][info   ][gc,reloc    ] GC(129) Small Pages: 5 / 10M, Empty: 0M, Relocated: 0M, In-Place: 0
[23.719s][info   ][gc,reloc    ] GC(129) Medium Pages: 51 / 1632M, Empty: 736M, Relocated: 139M, In-Place: 2
[23.719s][info   ][gc,reloc    ] GC(129) Large Pages: 0 / 0M, Empty: 0M, Relocated: 0M, In-Place: 0
[23.719s][info   ][gc,reloc    ] GC(129) Forwarding Usage: 0M
[23.719s][info   ][gc,heap     ] GC(129) Min Capacity: 2048M(100%)
[23.719s][info   ][gc,heap     ] GC(129) Max Capacity: 2048M(100%)
[23.719s][info   ][gc,heap     ] GC(129) Soft Max Capacity: 2048M(100%)
[23.719s][info   ][gc,heap     ] GC(129)                Mark Start          Mark End        Relocate Start      Relocate End           High               Low         
[23.719s][info   ][gc,heap     ] GC(129)  Capacity:     2048M (100%)       2048M (100%)       2048M (100%)       2048M (100%)       2048M (100%)       2048M (100%)   
[23.719s][info   ][gc,heap     ] GC(129)      Free:      406M (20%)         118M (6%)          726M (35%)          22M (1%)          910M (44%)          14M (1%)     
[23.719s][info   ][gc,heap     ] GC(129)      Used:     1642M (80%)        1930M (94%)        1322M (65%)        2026M (99%)        2034M (99%)        1138M (56%)    
[23.719s][info   ][gc,heap     ] GC(129)      Live:         -               185M (9%)          185M (9%)          185M (9%)             -                  -          
[23.719s][info   ][gc,heap     ] GC(129) Allocated:         -               288M (14%)         416M (20%)        1794M (88%)            -                  -          
[23.719s][info   ][gc,heap     ] GC(129)   Garbage:         -              1456M (71%)         720M (35%)          45M (2%)             -                  -          
[23.719s][info   ][gc,heap     ] GC(129) Reclaimed:         -                  -               736M (36%)        1410M (69%)            -                  -          
[23.719s][info   ][gc          ] GC(129) Garbage Collection (Allocation Rate) 1642M(80%)->2026M(99%)
[23.719s][info   ][gc,start    ] GC(130) Garbage Collection (Allocation Stall)
[23.720s][info   ][gc,ref      ] GC(130) Clearing All SoftReferences
[23.720s][info   ][gc,task     ] GC(130) Using 1 workers
[23.720s][info   ][gc,phases   ] GC(130) Pause Mark Start 0.010ms
[23.721s][info   ][gc,phases   ] GC(130) Concurrent Mark 1.394ms
[23.721s][info   ][gc,phases   ] GC(130) Pause Mark End 0.008ms
[23.721s][info   ][gc,phases   ] GC(130) Concurrent Mark Free 0.001ms
[23.722s][info   ][gc,phases   ] GC(130) Concurrent Process Non-Strong References 0.470ms
[23.722s][info   ][gc,phases   ] GC(130) Concurrent Reset Relocation Set 0.002ms
[23.723s][info   ][gc          ] Allocation Stall (Thread-2) 20.042ms
[23.723s][info   ][gc,phases   ] GC(130) Concurrent Select Relocation Set 1.034ms
[23.723s][info   ][gc          ] Allocation Stall (Thread-7) 4.598ms
[23.723s][info   ][gc          ] Allocation Stall (Thread-3) 20.084ms
[23.723s][info   ][gc          ] Allocation Stall (Thread-6) 4.488ms
[23.723s][info   ][gc          ] Allocation Stall (Thread-4) 20.150ms
[23.723s][info   ][gc          ] Allocation Stall (Thread-5) 20.134ms
[23.723s][info   ][gc          ] Allocation Stall (Thread-1) 19.970ms
[23.723s][info   ][gc          ] Allocation Stall (Thread-0) 11.194ms
[23.725s][info   ][gc,phases   ] GC(130) Pause Relocate Start 0.009ms
[23.791s][info   ][gc,phases   ] GC(130) Concurrent Relocate 64.546ms
[23.791s][info   ][gc,load     ] GC(130) Load: 5.01/3.32/2.10
[23.791s][info   ][gc,mmu      ] GC(130) MMU: 2ms/94.6%, 5ms/97.9%, 10ms/98.9%, 20ms/99.5%, 50ms/99.7%, 100ms/99.8%
[23.791s][info   ][gc,marking  ] GC(130) Mark: 1 stripe(s), 1 proactive flush(es), 1 terminate flush(es), 0 completion(s), 0 continuation(s) 
[23.791s][info   ][gc,marking  ] GC(130) Mark Stack Usage: 32M
[23.791s][info   ][gc,nmethod  ] GC(130) NMethods: 104 registered, 0 unregistered
[23.791s][info   ][gc,metaspace] GC(130) Metaspace: 0M used, 0M committed, 1088M reserved
[23.791s][info   ][gc,ref      ] GC(130) Soft: 7 encountered, 5 discovered, 0 enqueued
[23.791s][info   ][gc,ref      ] GC(130) Weak: 37 encountered, 28 discovered, 0 enqueued
[23.791s][info   ][gc,ref      ] GC(130) Final: 0 encountered, 0 discovered, 0 enqueued
[23.791s][info   ][gc,ref      ] GC(130) Phantom: 5 encountered, 2 discovered, 0 enqueued
[23.791s][info   ][gc,reloc    ] GC(130) Small Pages: 5 / 10M, Empty: 0M, Relocated: 0M, In-Place: 0
[23.791s][info   ][gc,reloc    ] GC(130) Medium Pages: 63 / 2016M, Empty: 1344M, Relocated: 105M, In-Place: 0
[23.791s][info   ][gc,reloc    ] GC(130) Large Pages: 0 / 0M, Empty: 0M, Relocated: 0M, In-Place: 0
[23.791s][info   ][gc,reloc    ] GC(130) Forwarding Usage: 0M
[23.791s][info   ][gc,heap     ] GC(130) Min Capacity: 2048M(100%)
[23.791s][info   ][gc,heap     ] GC(130) Max Capacity: 2048M(100%)
[23.791s][info   ][gc,heap     ] GC(130) Soft Max Capacity: 2048M(100%)
[23.791s][info   ][gc,heap     ] GC(130)                Mark Start          Mark End        Relocate Start      Relocate End           High               Low         
[23.791s][info   ][gc,heap     ] GC(130)  Capacity:     2048M (100%)       2048M (100%)       2048M (100%)       2048M (100%)       2048M (100%)       2048M (100%)   
[23.791s][info   ][gc,heap     ] GC(130)      Free:       22M (1%)           22M (1%)         1334M (65%)        1366M (67%)        1646M (80%)          22M (1%)     
[23.791s][info   ][gc,heap     ] GC(130)      Used:     2026M (99%)        2026M (99%)         714M (35%)         682M (33%)        2026M (99%)         402M (20%)    
[23.791s][info   ][gc,heap     ] GC(130)      Live:         -               178M (9%)          178M (9%)          178M (9%)             -                  -          
[23.791s][info   ][gc,heap     ] GC(130) Allocated:         -                 0M (0%)           32M (2%)          451M (22%)            -                  -          
[23.791s][info   ][gc,heap     ] GC(130)   Garbage:         -              1847M (90%)         503M (25%)          51M (3%)             -                  -          
[23.791s][info   ][gc,heap     ] GC(130) Reclaimed:         -                  -              1344M (66%)        1795M (88%)            -                  -          
[23.791s][info   ][gc          ] GC(130) Garbage Collection (Allocation Stall) 2026M(99%)->682M(33%)
[23.879s][info   ][gc,start    ] GC(131) Garbage Collection (Allocation Rate)
[23.879s][info   ][gc,task     ] GC(131) Using 1 workers
[23.879s][info   ][gc,phases   ] GC(131) Pause Mark Start 0.023ms
[23.917s][info   ][gc,phases   ] GC(131) Concurrent Mark 35.806ms
[23.917s][info   ][gc,phases   ] GC(131) Pause Mark End 0.053ms
[23.922s][info   ][gc,phases   ] GC(131) Concurrent Mark Free 0.005ms
[23.929s][info   ][gc,phases   ] GC(131) Concurrent Process Non-Strong References 6.354ms
[23.929s][info   ][gc,phases   ] GC(131) Concurrent Reset Relocation Set 0.012ms
[23.931s][info   ][gc,phases   ] GC(131) Concurrent Select Relocation Set 1.651ms
[23.931s][info   ][gc,phases   ] GC(131) Pause Relocate Start 0.021ms
[24.111s][info   ][gc,phases   ] GC(131) Concurrent Relocate 179.803ms
[24.111s][info   ][gc,load     ] GC(131) Load: 5.01/3.32/2.10
[24.111s][info   ][gc,mmu      ] GC(131) MMU: 2ms/94.6%, 5ms/97.9%, 10ms/98.9%, 20ms/99.5%, 50ms/99.7%, 100ms/99.8%
[24.111s][info   ][gc,marking  ] GC(131) Mark: 1 stripe(s), 2 proactive flush(es), 1 terminate flush(es), 0 completion(s), 0 continuation(s) 
[24.111s][info   ][gc,marking  ] GC(131) Mark Stack Usage: 32M
[24.111s][info   ][gc,nmethod  ] GC(131) NMethods: 104 registered, 0 unregistered
[24.111s][info   ][gc,metaspace] GC(131) Metaspace: 0M used, 0M committed, 1088M reserved
[24.111s][info   ][gc,ref      ] GC(131) Soft: 7 encountered, 0 discovered, 0 enqueued
[24.111s][info   ][gc,ref      ] GC(131) Weak: 37 encountered, 28 discovered, 0 enqueued
[24.111s][info   ][gc,ref      ] GC(131) Final: 0 encountered, 0 discovered, 0 enqueued
[24.111s][info   ][gc,ref      ] GC(131) Phantom: 5 encountered, 2 discovered, 0 enqueued
[24.111s][info   ][gc,reloc    ] GC(131) Small Pages: 5 / 10M, Empty: 0M, Relocated: 0M, In-Place: 0
[24.111s][info   ][gc,reloc    ] GC(131) Medium Pages: 44 / 1408M, Empty: 672M, Relocated: 133M, In-Place: 0
[24.111s][info   ][gc,reloc    ] GC(131) Large Pages: 0 / 0M, Empty: 0M, Relocated: 0M, In-Place: 0
[24.111s][info   ][gc,reloc    ] GC(131) Forwarding Usage: 0M
[24.111s][info   ][gc,heap     ] GC(131) Min Capacity: 2048M(100%)
[24.111s][info   ][gc,heap     ] GC(131) Max Capacity: 2048M(100%)
[24.111s][info   ][gc,heap     ] GC(131) Soft Max Capacity: 2048M(100%)
[24.111s][info   ][gc,heap     ] GC(131)                Mark Start          Mark End        Relocate Start      Relocate End           High               Low         
[24.111s][info   ][gc,heap     ] GC(131)  Capacity:     2048M (100%)       2048M (100%)       2048M (100%)       2048M (100%)       2048M (100%)       2048M (100%)   
[24.111s][info   ][gc,heap     ] GC(131)      Free:      630M (31%)         310M (15%)         854M (42%)          54M (3%)         1102M (54%)          54M (3%)     
[24.111s][info   ][gc,heap     ] GC(131)      Used:     1418M (69%)        1738M (85%)        1194M (58%)        1994M (97%)        1994M (97%)         946M (46%)    
[24.111s][info   ][gc,heap     ] GC(131)      Live:         -               205M (10%)         205M (10%)         205M (10%)            -                  -          
[24.111s][info   ][gc,heap     ] GC(131) Allocated:         -               320M (16%)         448M (22%)        1757M (86%)            -                  -          
[24.111s][info   ][gc,heap     ] GC(131)   Garbage:         -              1212M (59%)         540M (26%)          30M (1%)             -                  -          
[24.111s][info   ][gc,heap     ] GC(131) Reclaimed:         -                  -               672M (33%)        1181M (58%)            -                  -          
[24.111s][info   ][gc          ] GC(131) Garbage Collection (Allocation Rate) 1418M(69%)->1994M(97%)
[24.117s][info   ][gc,start    ] GC(132) Garbage Collection (Allocation Stall)
[24.118s][info   ][gc,ref      ] GC(132) Clearing All SoftReferences
[24.118s][info   ][gc,task     ] GC(132) Using 1 workers
[24.118s][info   ][gc,phases   ] GC(132) Pause Mark Start 0.013ms
[24.121s][info   ][gc,phases   ] GC(132) Concurrent Mark 2.331ms
[24.121s][info   ][gc,phases   ] GC(132) Pause Mark End 0.009ms
[24.121s][info   ][gc,phases   ] GC(132) Concurrent Mark Free 0.001ms
[24.121s][info   ][gc,phases   ] GC(132) Concurrent Process Non-Strong References 0.532ms
[24.121s][info   ][gc,phases   ] GC(132) Concurrent Reset Relocation Set 0.002ms
[24.122s][info   ][gc          ] Allocation Stall (Thread-0) 5.102ms
[24.122s][info   ][gc          ] Allocation Stall (Thread-7) 5.085ms
[24.122s][info   ][gc          ] Allocation Stall (Thread-3) 4.853ms
[24.124s][info   ][gc,phases   ] GC(132) Concurrent Select Relocation Set 2.232ms
[24.122s][info   ][gc          ] Allocation Stall (Thread-2) 4.985ms
[24.122s][info   ][gc          ] Allocation Stall (Thread-6) 4.789ms
[24.124s][info   ][gc,phases   ] GC(132) Pause Relocate Start 0.009ms
[24.124s][info   ][gc          ] Allocation Stall (Thread-1) 5.482ms
[24.126s][info   ][gc          ] Allocation Stall (Thread-4) 7.108ms
[24.148s][info   ][gc,phases   ] GC(132) Concurrent Relocate 24.370ms
[24.149s][info   ][gc,load     ] GC(132) Load: 5.01/3.32/2.10
[24.149s][info   ][gc,mmu      ] GC(132) MMU: 2ms/94.6%, 5ms/97.9%, 10ms/98.9%, 20ms/99.5%, 50ms/99.7%, 100ms/99.8%
[24.149s][info   ][gc,marking  ] GC(132) Mark: 1 stripe(s), 2 proactive flush(es), 1 terminate flush(es), 0 completion(s), 0 continuation(s) 
[24.149s][info   ][gc,marking  ] GC(132) Mark Stack Usage: 32M
[24.149s][info   ][gc,nmethod  ] GC(132) NMethods: 104 registered, 0 unregistered
[24.149s][info   ][gc,metaspace] GC(132) Metaspace: 0M used, 0M committed, 1088M reserved
[24.149s][info   ][gc,ref      ] GC(132) Soft: 7 encountered, 5 discovered, 0 enqueued
[24.149s][info   ][gc,ref      ] GC(132) Weak: 37 encountered, 28 discovered, 0 enqueued
[24.149s][info   ][gc,ref      ] GC(132) Final: 0 encountered, 0 discovered, 0 enqueued
[24.149s][info   ][gc,ref      ] GC(132) Phantom: 5 encountered, 2 discovered, 0 enqueued
[24.149s][info   ][gc,reloc    ] GC(132) Small Pages: 5 / 10M, Empty: 0M, Relocated: 0M, In-Place: 0
[24.149s][info   ][gc,reloc    ] GC(132) Medium Pages: 63 / 2016M, Empty: 1312M, Relocated: 106M, In-Place: 0
[24.149s][info   ][gc,reloc    ] GC(132) Large Pages: 0 / 0M, Empty: 0M, Relocated: 0M, In-Place: 0
[24.149s][info   ][gc,reloc    ] GC(132) Forwarding Usage: 0M
[24.149s][info   ][gc,heap     ] GC(132) Min Capacity: 2048M(100%)
[24.149s][info   ][gc,heap     ] GC(132) Max Capacity: 2048M(100%)
[24.149s][info   ][gc,heap     ] GC(132) Soft Max Capacity: 2048M(100%)
[24.149s][info   ][gc,heap     ] GC(132)                Mark Start          Mark End        Relocate Start      Relocate End           High               Low         
[24.149s][info   ][gc,heap     ] GC(132)  Capacity:     2048M (100%)       2048M (100%)       2048M (100%)       2048M (100%)       2048M (100%)       2048M (100%)   
[24.149s][info   ][gc,heap     ] GC(132)      Free:       22M (1%)           22M (1%)         1238M (60%)        1750M (85%)        1814M (89%)          22M (1%)     
[24.149s][info   ][gc,heap     ] GC(132)      Used:     2026M (99%)        2026M (99%)         810M (40%)         298M (15%)        2026M (99%)         234M (11%)    
[24.149s][info   ][gc,heap     ] GC(132)      Live:         -               153M (7%)          153M (7%)          153M (7%)             -                  -          
[24.149s][info   ][gc,heap     ] GC(132) Allocated:         -                 0M (0%)           96M (5%)          115M (6%)             -                  -          
[24.149s][info   ][gc,heap     ] GC(132)   Garbage:         -              1872M (91%)         560M (27%)          28M (1%)             -                  -          
[24.149s][info   ][gc,heap     ] GC(132) Reclaimed:         -                  -              1312M (64%)        1843M (90%)            -                  -          
[24.149s][info   ][gc          ] GC(132) Garbage Collection (Allocation Stall) 2026M(99%)->298M(15%)
[24.176s][info   ][gc,start    ] GC(133) Garbage Collection (Allocation Stall)
[24.177s][info   ][gc,ref      ] GC(133) Clearing All SoftReferences
[24.177s][info   ][gc,task     ] GC(133) Using 1 workers
[24.177s][info   ][gc,phases   ] GC(133) Pause Mark Start 0.012ms
[24.211s][info   ][gc,phases   ] GC(133) Concurrent Mark 27.681ms
[24.211s][info   ][gc,phases   ] GC(133) Pause Mark End 0.023ms
[24.212s][info   ][gc,phases   ] GC(133) Concurrent Mark Free 0.002ms
[24.221s][info   ][gc,phases   ] GC(133) Concurrent Process Non-Strong References 8.969ms
[24.221s][info   ][gc,phases   ] GC(133) Concurrent Reset Relocation Set 0.009ms
[24.222s][info   ][gc,phases   ] GC(133) Concurrent Select Relocation Set 1.038ms
[24.222s][info   ][gc,phases   ] GC(133) Pause Relocate Start 0.022ms
[24.404s][info   ][gc,phases   ] GC(133) Concurrent Relocate 179.082ms
[24.405s][info   ][gc,load     ] GC(133) Load: 5.01/3.32/2.10
[24.405s][info   ][gc,mmu      ] GC(133) MMU: 2ms/94.6%, 5ms/97.9%, 10ms/98.9%, 20ms/99.5%, 50ms/99.7%, 100ms/99.8%
[24.405s][info   ][gc,marking  ] GC(133) Mark: 1 stripe(s), 2 proactive flush(es), 1 terminate flush(es), 0 completion(s), 0 continuation(s) 
[24.405s][info   ][gc,marking  ] GC(133) Mark Stack Usage: 32M
[24.405s][info   ][gc,nmethod  ] GC(133) NMethods: 104 registered, 0 unregistered
[24.405s][info   ][gc,metaspace] GC(133) Metaspace: 0M used, 0M committed, 1088M reserved
[24.405s][info   ][gc,ref      ] GC(133) Soft: 7 encountered, 5 discovered, 0 enqueued
[24.405s][info   ][gc,ref      ] GC(133) Weak: 37 encountered, 28 discovered, 0 enqueued
[24.405s][info   ][gc,ref      ] GC(133) Final: 0 encountered, 0 discovered, 0 enqueued
[24.405s][info   ][gc,ref      ] GC(133) Phantom: 5 encountered, 2 discovered, 0 enqueued
[24.405s][info   ][gc,reloc    ] GC(133) Small Pages: 5 / 10M, Empty: 0M, Relocated: 0M, In-Place: 0
[24.405s][info   ][gc,reloc    ] GC(133) Medium Pages: 16 / 512M, Empty: 0M, Relocated: 105M, In-Place: 0
[24.405s][info   ][gc,reloc    ] GC(133) Large Pages: 0 / 0M, Empty: 0M, Relocated: 0M, In-Place: 0
[24.405s][info   ][gc,reloc    ] GC(133) Forwarding Usage: 0M
[24.405s][info   ][gc,heap     ] GC(133) Min Capacity: 2048M(100%)
[24.405s][info   ][gc,heap     ] GC(133) Max Capacity: 2048M(100%)
[24.405s][info   ][gc,heap     ] GC(133) Soft Max Capacity: 2048M(100%)
[24.405s][info   ][gc,heap     ] GC(133)                Mark Start          Mark End        Relocate Start      Relocate End           High               Low         
[24.405s][info   ][gc,heap     ] GC(133)  Capacity:     2048M (100%)       2048M (100%)       2048M (100%)       2048M (100%)       2048M (100%)       2048M (100%)   
[24.405s][info   ][gc,heap     ] GC(133)      Free:     1526M (75%)        1238M (60%)        1142M (56%)          54M (3%)         1526M (75%)          46M (2%)     
[24.405s][info   ][gc,heap     ] GC(133)      Used:      522M (25%)         810M (40%)         906M (44%)        1994M (97%)        2002M (98%)         522M (25%)    
[24.405s][info   ][gc,heap     ] GC(133)      Live:         -               176M (9%)          176M (9%)          176M (9%)             -                  -          
[24.405s][info   ][gc,heap     ] GC(133) Allocated:         -               288M (14%)         384M (19%)        1766M (86%)            -                  -          
[24.405s][info   ][gc,heap     ] GC(133)   Garbage:         -               345M (17%)         345M (17%)          50M (2%)             -                  -          
[24.405s][info   ][gc,heap     ] GC(133) Reclaimed:         -                  -                 0M (0%)          294M (14%)            -                  -          
[24.405s][info   ][gc          ] GC(133) Garbage Collection (Allocation Stall) 522M(25%)->1994M(97%)
[24.413s][info   ][gc,start    ] GC(134) Garbage Collection (Allocation Stall)
[24.414s][info   ][gc,ref      ] GC(134) Clearing All SoftReferences
[24.414s][info   ][gc,task     ] GC(134) Using 1 workers
[24.414s][info   ][gc,phases   ] GC(134) Pause Mark Start 0.027ms
[24.417s][info   ][gc,phases   ] GC(134) Concurrent Mark 3.080ms
[24.417s][info   ][gc,phases   ] GC(134) Pause Mark End 0.012ms
[24.417s][info   ][gc,phases   ] GC(134) Concurrent Mark Free 0.001ms
[24.418s][info   ][gc,phases   ] GC(134) Concurrent Process Non-Strong References 0.649ms
[24.418s][info   ][gc,phases   ] GC(134) Concurrent Reset Relocation Set 0.003ms
[24.419s][info   ][gc          ] Allocation Stall (Thread-7) 5.920ms
[24.419s][info   ][gc          ] Allocation Stall (Thread-6) 5.658ms
[24.419s][info   ][gc          ] Allocation Stall (Thread-3) 5.591ms
[24.419s][info   ][gc,phases   ] GC(134) Concurrent Select Relocation Set 1.176ms
[24.421s][info   ][gc          ] Allocation Stall (Thread-1) 8.167ms
[24.421s][info   ][gc          ] Allocation Stall (Thread-2) 6.337ms
[24.421s][info   ][gc          ] Allocation Stall (Thread-5) 7.942ms
[24.422s][info   ][gc,phases   ] GC(134) Pause Relocate Start 0.017ms
[24.462s][info   ][gc,phases   ] GC(134) Concurrent Relocate 39.764ms
[24.462s][info   ][gc,load     ] GC(134) Load: 5.01/3.32/2.10
[24.462s][info   ][gc,mmu      ] GC(134) MMU: 2ms/94.6%, 5ms/97.9%, 10ms/98.9%, 20ms/99.5%, 50ms/99.7%, 100ms/99.8%
[24.462s][info   ][gc,marking  ] GC(134) Mark: 1 stripe(s), 2 proactive flush(es), 1 terminate flush(es), 0 completion(s), 0 continuation(s) 
[24.462s][info   ][gc,marking  ] GC(134) Mark Stack Usage: 32M
[24.462s][info   ][gc,nmethod  ] GC(134) NMethods: 104 registered, 0 unregistered
[24.462s][info   ][gc,metaspace] GC(134) Metaspace: 0M used, 0M committed, 1088M reserved
[24.462s][info   ][gc,ref      ] GC(134) Soft: 7 encountered, 5 discovered, 0 enqueued
[24.462s][info   ][gc,ref      ] GC(134) Weak: 37 encountered, 28 discovered, 0 enqueued
[24.462s][info   ][gc,ref      ] GC(134) Final: 0 encountered, 0 discovered, 0 enqueued
[24.462s][info   ][gc,ref      ] GC(134) Phantom: 5 encountered, 2 discovered, 0 enqueued
[24.462s][info   ][gc,reloc    ] GC(134) Small Pages: 5 / 10M, Empty: 0M, Relocated: 0M, In-Place: 0
[24.462s][info   ][gc,reloc    ] GC(134) Medium Pages: 63 / 2016M, Empty: 1408M, Relocated: 70M, In-Place: 0
[24.462s][info   ][gc,reloc    ] GC(134) Large Pages: 0 / 0M, Empty: 0M, Relocated: 0M, In-Place: 0
[24.462s][info   ][gc,reloc    ] GC(134) Forwarding Usage: 0M
[24.462s][info   ][gc,heap     ] GC(134) Min Capacity: 2048M(100%)
[24.462s][info   ][gc,heap     ] GC(134) Max Capacity: 2048M(100%)
[24.462s][info   ][gc,heap     ] GC(134) Soft Max Capacity: 2048M(100%)
[24.462s][info   ][gc,heap     ] GC(134)                Mark Start          Mark End        Relocate Start      Relocate End           High               Low         
[24.462s][info   ][gc,heap     ] GC(134)  Capacity:     2048M (100%)       2048M (100%)       2048M (100%)       2048M (100%)       2048M (100%)       2048M (100%)   
[24.462s][info   ][gc,heap     ] GC(134)      Free:       22M (1%)           22M (1%)         1398M (68%)        1622M (79%)        1742M (85%)          22M (1%)     
[24.462s][info   ][gc,heap     ] GC(134)      Used:     2026M (99%)        2026M (99%)         650M (32%)         426M (21%)        2026M (99%)         306M (15%)    
[24.462s][info   ][gc,heap     ] GC(134)      Live:         -               138M (7%)          138M (7%)          138M (7%)             -                  -          
[24.462s][info   ][gc,heap     ] GC(134) Allocated:         -                 0M (0%)           32M (2%)          247M (12%)            -                  -          
[24.462s][info   ][gc,heap     ] GC(134)   Garbage:         -              1887M (92%)         479M (23%)          39M (2%)             -                  -          
[24.462s][info   ][gc,heap     ] GC(134) Reclaimed:         -                  -              1408M (69%)        1847M (90%)            -                  -          
[24.462s][info   ][gc          ] GC(134) Garbage Collection (Allocation Stall) 2026M(99%)->426M(21%)
[24.478s][info   ][gc,start    ] GC(135) Garbage Collection (Allocation Stall)
[24.478s][info   ][gc,ref      ] GC(135) Clearing All SoftReferences
[24.478s][info   ][gc,task     ] GC(135) Using 1 workers
[24.480s][info   ][gc,phases   ] GC(135) Pause Mark Start 0.017ms
[24.506s][info   ][gc,phases   ] GC(135) Concurrent Mark 24.882ms
[24.506s][info   ][gc,phases   ] GC(135) Pause Mark End 0.043ms
[24.506s][info   ][gc,phases   ] GC(135) Concurrent Mark Free 0.004ms
[24.521s][info   ][gc,phases   ] GC(135) Concurrent Process Non-Strong References 14.525ms
[24.521s][info   ][gc,phases   ] GC(135) Concurrent Reset Relocation Set 0.010ms
[24.527s][info   ][gc,phases   ] GC(135) Concurrent Select Relocation Set 5.947ms
[24.530s][info   ][gc,phases   ] GC(135) Pause Relocate Start 0.016ms
[24.632s][info   ][gc,phases   ] GC(135) Concurrent Relocate 99.154ms
[24.632s][info   ][gc,load     ] GC(135) Load: 5.01/3.32/2.10
[24.632s][info   ][gc,mmu      ] GC(135) MMU: 2ms/94.6%, 5ms/97.9%, 10ms/98.9%, 20ms/99.5%, 50ms/99.7%, 100ms/99.8%
[24.632s][info   ][gc,marking  ] GC(135) Mark: 1 stripe(s), 2 proactive flush(es), 1 terminate flush(es), 0 completion(s), 0 continuation(s) 
[24.632s][info   ][gc,marking  ] GC(135) Mark Stack Usage: 32M
[24.632s][info   ][gc,nmethod  ] GC(135) NMethods: 104 registered, 0 unregistered
[24.632s][info   ][gc,metaspace] GC(135) Metaspace: 0M used, 0M committed, 1088M reserved
[24.632s][info   ][gc,ref      ] GC(135) Soft: 7 encountered, 5 discovered, 0 enqueued
[24.632s][info   ][gc,ref      ] GC(135) Weak: 37 encountered, 28 discovered, 0 enqueued
[24.632s][info   ][gc,ref      ] GC(135) Final: 0 encountered, 0 discovered, 0 enqueued
[24.633s][info   ][gc,ref      ] GC(135) Phantom: 5 encountered, 2 discovered, 0 enqueued
[24.633s][info   ][gc,reloc    ] GC(135) Small Pages: 5 / 10M, Empty: 0M, Relocated: 0M, In-Place: 0
[24.633s][info   ][gc,reloc    ] GC(135) Medium Pages: 18 / 576M, Empty: 192M, Relocated: 51M, In-Place: 0
[24.633s][info   ][gc,reloc    ] GC(135) Large Pages: 0 / 0M, Empty: 0M, Relocated: 0M, In-Place: 0
[24.633s][info   ][gc,reloc    ] GC(135) Forwarding Usage: 0M
[24.633s][info   ][gc,heap     ] GC(135) Min Capacity: 2048M(100%)
[24.633s][info   ][gc,heap     ] GC(135) Max Capacity: 2048M(100%)
[24.633s][info   ][gc,heap     ] GC(135) Soft Max Capacity: 2048M(100%)
[24.633s][info   ][gc,heap     ] GC(135)                Mark Start          Mark End        Relocate Start      Relocate End           High               Low         
[24.633s][info   ][gc,heap     ] GC(135)  Capacity:     2048M (100%)       2048M (100%)       2048M (100%)       2048M (100%)       2048M (100%)       2048M (100%)   
[24.633s][info   ][gc,heap     ] GC(135)      Free:     1462M (71%)        1238M (60%)        1238M (60%)         694M (34%)        1462M (71%)         686M (33%)    
[24.633s][info   ][gc,heap     ] GC(135)      Used:      586M (29%)         810M (40%)         810M (40%)        1354M (66%)        1362M (67%)         586M (29%)    
[24.633s][info   ][gc,heap     ] GC(135)      Live:         -               119M (6%)          119M (6%)          119M (6%)             -                  -          
[24.633s][info   ][gc,heap     ] GC(135) Allocated:         -               224M (11%)         416M (20%)        1190M (58%)            -                  -          
[24.633s][info   ][gc,heap     ] GC(135)   Garbage:         -               466M (23%)         274M (13%)          43M (2%)             -                  -          
[24.633s][info   ][gc,heap     ] GC(135) Reclaimed:         -                  -               192M (9%)          422M (21%)            -                  -          
[24.633s][info   ][gc          ] GC(135) Garbage Collection (Allocation Stall) 586M(29%)->1354M(66%)
[24.678s][info   ][gc,start    ] GC(136) Garbage Collection (Allocation Rate)
[24.679s][info   ][gc,task     ] GC(136) Using 1 workers
[24.681s][info   ][gc,phases   ] GC(136) Pause Mark Start 0.015ms
[24.705s][info   ][gc,phases   ] GC(136) Concurrent Mark 19.965ms
[24.705s][info   ][gc,phases   ] GC(136) Pause Mark End 0.019ms
[24.708s][info   ][gc,phases   ] GC(136) Concurrent Mark Free 0.004ms
[24.715s][info   ][gc,phases   ] GC(136) Concurrent Process Non-Strong References 6.515ms
[24.715s][info   ][gc,phases   ] GC(136) Concurrent Reset Relocation Set 0.003ms
[24.716s][info   ][gc          ] Allocation Stall (Thread-1) 1.767ms
[24.716s][info   ][gc          ] Allocation Stall (Thread-0) 2.003ms
[24.716s][info   ][gc          ] Allocation Stall (Thread-7) 1.648ms
[24.716s][info   ][gc          ] Allocation Stall (Thread-6) 1.883ms
[24.716s][info   ][gc          ] Allocation Stall (Thread-2) 1.839ms
[24.716s][info   ][gc          ] Allocation Stall (Thread-3) 2.057ms
[24.716s][info   ][gc          ] Allocation Stall (Thread-5) 1.948ms
[24.716s][info   ][gc          ] Allocation Stall (Thread-4) 2.090ms
[24.716s][info   ][gc,phases   ] GC(136) Concurrent Select Relocation Set 1.039ms
[24.726s][info   ][gc,phases   ] GC(136) Pause Relocate Start 0.019ms
[24.826s][info   ][gc,phases   ] GC(136) Concurrent Relocate 100.573ms
[24.827s][info   ][gc,load     ] GC(136) Load: 5.01/3.32/2.10
[24.827s][info   ][gc,mmu      ] GC(136) MMU: 2ms/94.6%, 5ms/97.9%, 10ms/98.9%, 20ms/99.5%, 50ms/99.7%, 100ms/99.8%
[24.827s][info   ][gc,marking  ] GC(136) Mark: 1 stripe(s), 2 proactive flush(es), 1 terminate flush(es), 0 completion(s), 0 continuation(s) 
[24.827s][info   ][gc,marking  ] GC(136) Mark Stack Usage: 32M
[24.827s][info   ][gc,nmethod  ] GC(136) NMethods: 104 registered, 0 unregistered
[24.827s][info   ][gc,metaspace] GC(136) Metaspace: 0M used, 0M committed, 1088M reserved
[24.827s][info   ][gc,ref      ] GC(136) Soft: 7 encountered, 0 discovered, 0 enqueued
[24.827s][info   ][gc,ref      ] GC(136) Weak: 37 encountered, 28 discovered, 0 enqueued
[24.827s][info   ][gc,ref      ] GC(136) Final: 0 encountered, 0 discovered, 0 enqueued
[24.827s][info   ][gc,ref      ] GC(136) Phantom: 5 encountered, 2 discovered, 0 enqueued
[24.827s][info   ][gc,reloc    ] GC(136) Small Pages: 5 / 10M, Empty: 0M, Relocated: 0M, In-Place: 0
[24.827s][info   ][gc,reloc    ] GC(136) Medium Pages: 55 / 1760M, Empty: 1504M, Relocated: 46M, In-Place: 0
[24.827s][info   ][gc,reloc    ] GC(136) Large Pages: 0 / 0M, Empty: 0M, Relocated: 0M, In-Place: 0
[24.827s][info   ][gc,reloc    ] GC(136) Forwarding Usage: 0M
[24.827s][info   ][gc,heap     ] GC(136) Min Capacity: 2048M(100%)
[24.827s][info   ][gc,heap     ] GC(136) Max Capacity: 2048M(100%)
[24.827s][info   ][gc,heap     ] GC(136) Soft Max Capacity: 2048M(100%)
[24.827s][info   ][gc,heap     ] GC(136)                Mark Start          Mark End        Relocate Start      Relocate End           High               Low         
[24.827s][info   ][gc,heap     ] GC(136)  Capacity:     2048M (100%)       2048M (100%)       2048M (100%)       2048M (100%)       2048M (100%)       2048M (100%)   
[24.827s][info   ][gc,heap     ] GC(136)      Free:      278M (14%)          86M (4%)         1430M (70%)         790M (39%)        1526M (75%)          22M (1%)     
[24.827s][info   ][gc,heap     ] GC(136)      Used:     1770M (86%)        1962M (96%)         618M (30%)        1258M (61%)        2026M (99%)         522M (25%)    
[24.827s][info   ][gc,heap     ] GC(136)      Live:         -                90M (4%)           90M (4%)           90M (4%)             -                  -          
[24.827s][info   ][gc,heap     ] GC(136) Allocated:         -               192M (9%)          352M (17%)        1127M (55%)            -                  -          
[24.827s][info   ][gc,heap     ] GC(136)   Garbage:         -              1679M (82%)         175M (9%)           39M (2%)             -                  -          
[24.827s][info   ][gc,heap     ] GC(136) Reclaimed:         -                  -              1504M (73%)        1639M (80%)            -                  -          
[24.827s][info   ][gc          ] GC(136) Garbage Collection (Allocation Rate) 1770M(86%)->1258M(61%)
[24.876s][info   ][gc,start    ] GC(137) Garbage Collection (Allocation Stall)
[24.876s][info   ][gc,ref      ] GC(137) Clearing All SoftReferences
[24.876s][info   ][gc,task     ] GC(137) Using 1 workers
[24.881s][info   ][gc,phases   ] GC(137) Pause Mark Start 0.039ms
[24.910s][info   ][gc,phases   ] GC(137) Concurrent Mark 23.131ms
[24.910s][info   ][gc,phases   ] GC(137) Pause Mark End 0.022ms
[24.910s][info   ][gc,phases   ] GC(137) Concurrent Mark Free 0.003ms
[24.922s][info   ][gc,phases   ] GC(137) Concurrent Process Non-Strong References 11.264ms
[24.922s][info   ][gc,phases   ] GC(137) Concurrent Reset Relocation Set 0.005ms
[24.923s][info   ][gc          ] Allocation Stall (Thread-5) 1.555ms
[24.923s][info   ][gc          ] Allocation Stall (Thread-2) 1.986ms
[24.923s][info   ][gc          ] Allocation Stall (Thread-4) 1.571ms
[24.923s][info   ][gc          ] Allocation Stall (Thread-7) 1.508ms
[24.923s][info   ][gc,phases   ] GC(137) Concurrent Select Relocation Set 1.071ms
[24.923s][info   ][gc          ] Allocation Stall (Thread-6) 1.750ms
[24.926s][info   ][gc          ] Allocation Stall (Thread-0) 4.232ms
[24.926s][info   ][gc,phases   ] GC(137) Pause Relocate Start 0.020ms
[25.064s][info   ][gc,phases   ] GC(137) Concurrent Relocate 137.732ms
[25.064s][info   ][gc,load     ] GC(137) Load: 5.01/3.32/2.10
[25.064s][info   ][gc,mmu      ] GC(137) MMU: 2ms/94.6%, 5ms/97.9%, 10ms/98.9%, 20ms/99.5%, 50ms/99.7%, 100ms/99.8%
[25.064s][info   ][gc,marking  ] GC(137) Mark: 1 stripe(s), 2 proactive flush(es), 1 terminate flush(es), 0 completion(s), 0 continuation(s) 
[25.064s][info   ][gc,marking  ] GC(137) Mark Stack Usage: 32M
[25.064s][info   ][gc,nmethod  ] GC(137) NMethods: 104 registered, 0 unregistered
[25.064s][info   ][gc,metaspace] GC(137) Metaspace: 0M used, 0M committed, 1088M reserved
[25.064s][info   ][gc,ref      ] GC(137) Soft: 7 encountered, 5 discovered, 0 enqueued
[25.064s][info   ][gc,ref      ] GC(137) Weak: 37 encountered, 28 discovered, 0 enqueued
[25.064s][info   ][gc,ref      ] GC(137) Final: 0 encountered, 0 discovered, 0 enqueued
[25.064s][info   ][gc,ref      ] GC(137) Phantom: 5 encountered, 2 discovered, 0 enqueued
[25.064s][info   ][gc,reloc    ] GC(137) Small Pages: 5 / 10M, Empty: 0M, Relocated: 0M, In-Place: 0
[25.064s][info   ][gc,reloc    ] GC(137) Medium Pages: 53 / 1696M, Empty: 1248M, Relocated: 51M, In-Place: 0
[25.064s][info   ][gc,reloc    ] GC(137) Large Pages: 0 / 0M, Empty: 0M, Relocated: 0M, In-Place: 0
[25.064s][info   ][gc,reloc    ] GC(137) Forwarding Usage: 0M
[25.064s][info   ][gc,heap     ] GC(137) Min Capacity: 2048M(100%)
[25.064s][info   ][gc,heap     ] GC(137) Max Capacity: 2048M(100%)
[25.064s][info   ][gc,heap     ] GC(137) Soft Max Capacity: 2048M(100%)
[25.064s][info   ][gc,heap     ] GC(137)                Mark Start          Mark End        Relocate Start      Relocate End           High               Low         
[25.064s][info   ][gc,heap     ] GC(137)  Capacity:     2048M (100%)       2048M (100%)       2048M (100%)       2048M (100%)       2048M (100%)       2048M (100%)   
[25.064s][info   ][gc,heap     ] GC(137)      Free:      342M (17%)          86M (4%)         1206M (59%)         470M (23%)        1270M (62%)          22M (1%)     
[25.064s][info   ][gc,heap     ] GC(137)      Used:     1706M (83%)        1962M (96%)         842M (41%)        1578M (77%)        2026M (99%)         778M (38%)    
[25.064s][info   ][gc,heap     ] GC(137)      Live:         -                97M (5%)           97M (5%)           97M (5%)             -                  -          
[25.064s][info   ][gc,heap     ] GC(137) Allocated:         -               256M (12%)         384M (19%)        1447M (71%)            -                  -          
[25.064s][info   ][gc,heap     ] GC(137)   Garbage:         -              1608M (79%)         360M (18%)          32M (2%)             -                  -          
[25.064s][info   ][gc,heap     ] GC(137) Reclaimed:         -                  -              1248M (61%)        1575M (77%)            -                  -          
[25.064s][info   ][gc          ] GC(137) Garbage Collection (Allocation Stall) 1706M(83%)->1578M(77%)
[25.076s][info   ][gc,start    ] GC(138) Garbage Collection (Allocation Stall)
[25.076s][info   ][gc,ref      ] GC(138) Clearing All SoftReferences
[25.076s][info   ][gc,task     ] GC(138) Using 1 workers
[25.078s][info   ][gc,phases   ] GC(138) Pause Mark Start 0.011ms
[25.111s][info   ][gc,phases   ] GC(138) Concurrent Mark 27.505ms
[25.112s][info   ][gc,phases   ] GC(138) Pause Mark End 0.017ms
[25.115s][info   ][gc,phases   ] GC(138) Concurrent Mark Free 0.004ms
[25.117s][info   ][gc,phases   ] GC(138) Concurrent Process Non-Strong References 2.517ms
[25.117s][info   ][gc,phases   ] GC(138) Concurrent Reset Relocation Set 0.003ms
[25.118s][info   ][gc          ] Allocation Stall (Thread-4) 1.759ms
[25.118s][info   ][gc          ] Allocation Stall (Thread-7) 1.820ms
[25.118s][info   ][gc          ] Allocation Stall (Thread-0) 1.709ms
[25.118s][info   ][gc          ] Allocation Stall (Thread-2) 1.582ms
[25.118s][info   ][gc          ] Allocation Stall (Thread-6) 1.667ms
[25.118s][info   ][gc          ] Allocation Stall (Thread-5) 1.782ms
[25.123s][info   ][gc,phases   ] GC(138) Concurrent Select Relocation Set 5.554ms
[25.124s][info   ][gc,phases   ] GC(138) Pause Relocate Start 0.015ms
[25.279s][info   ][gc,phases   ] GC(138) Concurrent Relocate 149.290ms
[25.279s][info   ][gc,load     ] GC(138) Load: 5.01/3.32/2.10
[25.279s][info   ][gc,mmu      ] GC(138) MMU: 2ms/94.6%, 5ms/97.9%, 10ms/98.9%, 20ms/99.5%, 50ms/99.7%, 100ms/99.8%
[25.280s][info   ][gc,marking  ] GC(138) Mark: 1 stripe(s), 2 proactive flush(es), 1 terminate flush(es), 0 completion(s), 0 continuation(s) 
[25.280s][info   ][gc,marking  ] GC(138) Mark Stack Usage: 32M
[25.280s][info   ][gc,nmethod  ] GC(138) NMethods: 104 registered, 0 unregistered
[25.280s][info   ][gc,metaspace] GC(138) Metaspace: 0M used, 0M committed, 1088M reserved
[25.280s][info   ][gc,ref      ] GC(138) Soft: 7 encountered, 5 discovered, 0 enqueued
[25.280s][info   ][gc,ref      ] GC(138) Weak: 37 encountered, 28 discovered, 0 enqueued
[25.280s][info   ][gc,ref      ] GC(138) Final: 0 encountered, 0 discovered, 0 enqueued
[25.280s][info   ][gc,ref      ] GC(138) Phantom: 5 encountered, 2 discovered, 0 enqueued
[25.280s][info   ][gc,reloc    ] GC(138) Small Pages: 5 / 10M, Empty: 0M, Relocated: 0M, In-Place: 0
[25.280s][info   ][gc,reloc    ] GC(138) Medium Pages: 53 / 1696M, Empty: 1440M, Relocated: 79M, In-Place: 0
[25.280s][info   ][gc,reloc    ] GC(138) Large Pages: 0 / 0M, Empty: 0M, Relocated: 0M, In-Place: 0
[25.280s][info   ][gc,reloc    ] GC(138) Forwarding Usage: 0M
[25.280s][info   ][gc,heap     ] GC(138) Min Capacity: 2048M(100%)
[25.280s][info   ][gc,heap     ] GC(138) Max Capacity: 2048M(100%)
[25.280s][info   ][gc,heap     ] GC(138) Soft Max Capacity: 2048M(100%)
[25.280s][info   ][gc,heap     ] GC(138)                Mark Start          Mark End        Relocate Start      Relocate End           High               Low         
[25.280s][info   ][gc,heap     ] GC(138)  Capacity:     2048M (100%)       2048M (100%)       2048M (100%)       2048M (100%)       2048M (100%)       2048M (100%)   
[25.280s][info   ][gc,heap     ] GC(138)      Free:      342M (17%)          54M (3%)         1398M (68%)         374M (18%)        1462M (71%)          22M (1%)     
[25.280s][info   ][gc,heap     ] GC(138)      Used:     1706M (83%)        1994M (97%)         650M (32%)        1674M (82%)        2026M (99%)         586M (29%)    
[25.280s][info   ][gc,heap     ] GC(138)      Live:         -                80M (4%)           80M (4%)           80M (4%)             -                  -          
[25.280s][info   ][gc,heap     ] GC(138) Allocated:         -               288M (14%)         384M (19%)        1575M (77%)            -                  -          
[25.280s][info   ][gc,heap     ] GC(138)   Garbage:         -              1625M (79%)         185M (9%)           17M (1%)             -                  -          
[25.280s][info   ][gc,heap     ] GC(138) Reclaimed:         -                  -              1440M (70%)        1607M (79%)            -                  -          
[25.280s][info   ][gc          ] GC(138) Garbage Collection (Allocation Stall) 1706M(83%)->1674M(82%)
[25.325s][info   ][gc,start    ] GC(139) Garbage Collection (Allocation Stall)
[25.325s][info   ][gc,ref      ] GC(139) Clearing All SoftReferences
[25.325s][info   ][gc,task     ] GC(139) Using 1 workers
[25.327s][info   ][gc,phases   ] GC(139) Pause Mark Start 0.019ms
[25.329s][info   ][gc,phases   ] GC(139) Concurrent Mark 2.075ms
[25.329s][info   ][gc,phases   ] GC(139) Pause Mark End 0.010ms
[25.329s][info   ][gc,phases   ] GC(139) Concurrent Mark Free 0.001ms
[25.330s][info   ][gc,phases   ] GC(139) Concurrent Process Non-Strong References 0.504ms
[25.330s][info   ][gc,phases   ] GC(139) Concurrent Reset Relocation Set 0.002ms
[25.331s][info   ][gc          ] Allocation Stall (Thread-1) 5.804ms
[25.331s][info   ][gc          ] Allocation Stall (Thread-3) 0.374ms
[25.331s][info   ][gc          ] Allocation Stall (Thread-6) 3.752ms
[25.331s][info   ][gc          ] Allocation Stall (Thread-5) 4.062ms
[25.331s][info   ][gc          ] Allocation Stall (Thread-0) 3.852ms
[25.331s][info   ][gc          ] Allocation Stall (Thread-7) 3.872ms
[25.334s][info   ][gc          ] Allocation Stall (Thread-4) 7.176ms
[25.334s][info   ][gc          ] Allocation Stall (Thread-2) 3.906ms
[25.336s][info   ][gc,phases   ] GC(139) Concurrent Select Relocation Set 6.305ms
[25.337s][info   ][gc,phases   ] GC(139) Pause Relocate Start 0.015ms
[25.466s][info   ][gc,phases   ] GC(139) Concurrent Relocate 129.209ms
[25.466s][info   ][gc,load     ] GC(139) Load: 5.01/3.32/2.10
[25.466s][info   ][gc,mmu      ] GC(139) MMU: 2ms/94.6%, 5ms/97.9%, 10ms/98.9%, 20ms/99.5%, 50ms/99.7%, 100ms/99.8%
[25.466s][info   ][gc,marking  ] GC(139) Mark: 1 stripe(s), 2 proactive flush(es), 1 terminate flush(es), 0 completion(s), 0 continuation(s) 
[25.466s][info   ][gc,marking  ] GC(139) Mark Stack Usage: 32M
[25.466s][info   ][gc,nmethod  ] GC(139) NMethods: 104 registered, 0 unregistered
[25.466s][info   ][gc,metaspace] GC(139) Metaspace: 0M used, 0M committed, 1088M reserved
[25.466s][info   ][gc,ref      ] GC(139) Soft: 7 encountered, 5 discovered, 0 enqueued
[25.466s][info   ][gc,ref      ] GC(139) Weak: 37 encountered, 28 discovered, 0 enqueued
[25.466s][info   ][gc,ref      ] GC(139) Final: 0 encountered, 0 discovered, 0 enqueued
[25.466s][info   ][gc,ref      ] GC(139) Phantom: 5 encountered, 2 discovered, 0 enqueued
[25.466s][info   ][gc,reloc    ] GC(139) Small Pages: 5 / 10M, Empty: 0M, Relocated: 0M, In-Place: 0
[25.466s][info   ][gc,reloc    ] GC(139) Medium Pages: 63 / 2016M, Empty: 1632M, Relocated: 74M, In-Place: 0
[25.466s][info   ][gc,reloc    ] GC(139) Large Pages: 0 / 0M, Empty: 0M, Relocated: 0M, In-Place: 0
[25.466s][info   ][gc,reloc    ] GC(139) Forwarding Usage: 0M
[25.466s][info   ][gc,heap     ] GC(139) Min Capacity: 2048M(100%)
[25.466s][info   ][gc,heap     ] GC(139) Max Capacity: 2048M(100%)
[25.466s][info   ][gc,heap     ] GC(139) Soft Max Capacity: 2048M(100%)
[25.466s][info   ][gc,heap     ] GC(139)                Mark Start          Mark End        Relocate Start      Relocate End           High               Low         
[25.467s][info   ][gc,heap     ] GC(139)  Capacity:     2048M (100%)       2048M (100%)       2048M (100%)       2048M (100%)       2048M (100%)       2048M (100%)   
[25.467s][info   ][gc,heap     ] GC(139)      Free:       22M (1%)           22M (1%)         1590M (78%)         854M (42%)        1710M (83%)          22M (1%)     
[25.467s][info   ][gc,heap     ] GC(139)      Used:     2026M (99%)        2026M (99%)         458M (22%)        1194M (58%)        2026M (99%)         338M (17%)    
[25.467s][info   ][gc,heap     ] GC(139)      Live:         -               120M (6%)          120M (6%)          120M (6%)             -                  -          
[25.467s][info   ][gc,heap     ] GC(139) Allocated:         -                 0M (0%)           64M (3%)         1048M (51%)            -                  -          
[25.467s][info   ][gc,heap     ] GC(139)   Garbage:         -              1905M (93%)         273M (13%)          24M (1%)             -                  -          
[25.467s][info   ][gc,heap     ] GC(139) Reclaimed:         -                  -              1632M (80%)        1880M (92%)            -                  -          
[25.467s][info   ][gc          ] GC(139) Garbage Collection (Allocation Stall) 2026M(99%)->1194M(58%)
[25.479s][info   ][gc,start    ] GC(140) Garbage Collection (Allocation Stall)
[25.479s][info   ][gc,ref      ] GC(140) Clearing All SoftReferences
[25.479s][info   ][gc,task     ] GC(140) Using 1 workers
[25.480s][info   ][gc,phases   ] GC(140) Pause Mark Start 0.034ms
[25.501s][info   ][gc,phases   ] GC(140) Concurrent Mark 21.262ms
[25.502s][info   ][gc,phases   ] GC(140) Pause Mark End 0.038ms
[25.502s][info   ][gc,phases   ] GC(140) Concurrent Mark Free 0.003ms
[25.508s][info   ][gc,phases   ] GC(140) Concurrent Process Non-Strong References 6.423ms
[25.508s][info   ][gc,phases   ] GC(140) Concurrent Reset Relocation Set 0.010ms
[25.510s][info   ][gc,phases   ] GC(140) Concurrent Select Relocation Set 1.122ms
[25.510s][info   ][gc,phases   ] GC(140) Pause Relocate Start 0.027ms
[25.653s][info   ][gc,phases   ] GC(140) Concurrent Relocate 142.663ms
[25.653s][info   ][gc,load     ] GC(140) Load: 5.01/3.32/2.10
[25.653s][info   ][gc,mmu      ] GC(140) MMU: 2ms/94.6%, 5ms/97.9%, 10ms/98.9%, 20ms/99.5%, 50ms/99.7%, 100ms/99.8%
[25.653s][info   ][gc,marking  ] GC(140) Mark: 1 stripe(s), 2 proactive flush(es), 1 terminate flush(es), 0 completion(s), 0 continuation(s) 
[25.653s][info   ][gc,marking  ] GC(140) Mark Stack Usage: 32M
[25.653s][info   ][gc,nmethod  ] GC(140) NMethods: 104 registered, 0 unregistered
[25.653s][info   ][gc,metaspace] GC(140) Metaspace: 0M used, 0M committed, 1088M reserved
[25.653s][info   ][gc,ref      ] GC(140) Soft: 7 encountered, 5 discovered, 0 enqueued
[25.653s][info   ][gc,ref      ] GC(140) Weak: 37 encountered, 28 discovered, 0 enqueued
[25.653s][info   ][gc,ref      ] GC(140) Final: 0 encountered, 0 discovered, 0 enqueued
[25.653s][info   ][gc,ref      ] GC(140) Phantom: 5 encountered, 2 discovered, 0 enqueued
[25.653s][info   ][gc,reloc    ] GC(140) Small Pages: 5 / 10M, Empty: 0M, Relocated: 0M, In-Place: 0
[25.653s][info   ][gc,reloc    ] GC(140) Medium Pages: 41 / 1312M, Empty: 1088M, Relocated: 80M, In-Place: 0
[25.653s][info   ][gc,reloc    ] GC(140) Large Pages: 0 / 0M, Empty: 0M, Relocated: 0M, In-Place: 0
[25.653s][info   ][gc,reloc    ] GC(140) Forwarding Usage: 0M
[25.653s][info   ][gc,heap     ] GC(140) Min Capacity: 2048M(100%)
[25.653s][info   ][gc,heap     ] GC(140) Max Capacity: 2048M(100%)
[25.653s][info   ][gc,heap     ] GC(140) Soft Max Capacity: 2048M(100%)
[25.653s][info   ][gc,heap     ] GC(140)                Mark Start          Mark End        Relocate Start      Relocate End           High               Low         
[25.653s][info   ][gc,heap     ] GC(140)  Capacity:     2048M (100%)       2048M (100%)       2048M (100%)       2048M (100%)       2048M (100%)       2048M (100%)   
[25.653s][info   ][gc,heap     ] GC(140)      Free:      726M (35%)         534M (26%)        1558M (76%)         662M (32%)        1558M (76%)         470M (23%)    
[25.653s][info   ][gc,heap     ] GC(140)      Used:     1322M (65%)        1514M (74%)         490M (24%)        1386M (68%)        1578M (77%)         490M (24%)    
[25.653s][info   ][gc,heap     ] GC(140)      Live:         -                81M (4%)           81M (4%)           81M (4%)             -                  -          
[25.653s][info   ][gc,heap     ] GC(140) Allocated:         -               192M (9%)          256M (12%)        1287M (63%)            -                  -          
[25.653s][info   ][gc,heap     ] GC(140)   Garbage:         -              1240M (61%)         152M (7%)           16M (1%)             -                  -          
[25.653s][info   ][gc,heap     ] GC(140) Reclaimed:         -                  -              1088M (53%)        1223M (60%)            -                  -          
[25.653s][info   ][gc          ] GC(140) Garbage Collection (Allocation Stall) 1322M(65%)->1386M(68%)
[25.679s][info   ][gc,start    ] GC(141) Garbage Collection (Allocation Rate)
[25.679s][info   ][gc,task     ] GC(141) Using 1 workers
[25.681s][info   ][gc,phases   ] GC(141) Pause Mark Start 0.024ms
[25.705s][info   ][gc,phases   ] GC(141) Concurrent Mark 18.538ms
[25.706s][info   ][gc,phases   ] GC(141) Pause Mark End 0.025ms
[25.706s][info   ][gc,phases   ] GC(141) Concurrent Mark Free 0.003ms
[25.717s][info   ][gc,phases   ] GC(141) Concurrent Process Non-Strong References 10.838ms
[25.717s][info   ][gc,phases   ] GC(141) Concurrent Reset Relocation Set 0.006ms
[25.719s][info   ][gc,phases   ] GC(141) Concurrent Select Relocation Set 1.134ms
[25.719s][info   ][gc,phases   ] GC(141) Pause Relocate Start 0.039ms
[25.840s][info   ][gc,phases   ] GC(141) Concurrent Relocate 118.173ms
[25.841s][info   ][gc,load     ] GC(141) Load: 5.01/3.32/2.10
[25.841s][info   ][gc,mmu      ] GC(141) MMU: 2ms/94.6%, 5ms/97.9%, 10ms/98.9%, 20ms/99.5%, 50ms/99.7%, 100ms/99.8%
[25.841s][info   ][gc,marking  ] GC(141) Mark: 1 stripe(s), 2 proactive flush(es), 1 terminate flush(es), 0 completion(s), 0 continuation(s) 
[25.841s][info   ][gc,marking  ] GC(141) Mark Stack Usage: 32M
[25.841s][info   ][gc,nmethod  ] GC(141) NMethods: 104 registered, 0 unregistered
[25.841s][info   ][gc,metaspace] GC(141) Metaspace: 0M used, 0M committed, 1088M reserved
[25.841s][info   ][gc,ref      ] GC(141) Soft: 7 encountered, 0 discovered, 0 enqueued
[25.841s][info   ][gc,ref      ] GC(141) Weak: 37 encountered, 28 discovered, 0 enqueued
[25.841s][info   ][gc,ref      ] GC(141) Final: 0 encountered, 0 discovered, 0 enqueued
[25.842s][info   ][gc,ref      ] GC(141) Phantom: 5 encountered, 2 discovered, 0 enqueued
[25.842s][info   ][gc,reloc    ] GC(141) Small Pages: 5 / 10M, Empty: 0M, Relocated: 0M, In-Place: 0
[25.842s][info   ][gc,reloc    ] GC(141) Medium Pages: 50 / 1600M, Empty: 1088M, Relocated: 75M, In-Place: 0
[25.842s][info   ][gc,reloc    ] GC(141) Large Pages: 0 / 0M, Empty: 0M, Relocated: 0M, In-Place: 0
[25.842s][info   ][gc,reloc    ] GC(141) Forwarding Usage: 0M
[25.842s][info   ][gc,heap     ] GC(141) Min Capacity: 2048M(100%)
[25.842s][info   ][gc,heap     ] GC(141) Max Capacity: 2048M(100%)
[25.842s][info   ][gc,heap     ] GC(141) Soft Max Capacity: 2048M(100%)
[25.842s][info   ][gc,heap     ] GC(141)                Mark Start          Mark End        Relocate Start      Relocate End           High               Low         
[25.842s][info   ][gc,heap     ] GC(141)  Capacity:     2048M (100%)       2048M (100%)       2048M (100%)       2048M (100%)       2048M (100%)       2048M (100%)   
[25.842s][info   ][gc,heap     ] GC(141)      Free:      438M (21%)         214M (10%)        1206M (59%)         662M (32%)        1294M (63%)         118M (6%)     
[25.842s][info   ][gc,heap     ] GC(141)      Used:     1610M (79%)        1834M (90%)         842M (41%)        1386M (68%)        1930M (94%)         754M (37%)    
[25.842s][info   ][gc,heap     ] GC(141)      Live:         -               139M (7%)          139M (7%)          139M (7%)             -                  -          
[25.842s][info   ][gc,heap     ] GC(141) Allocated:         -               224M (11%)         320M (16%)        1191M (58%)            -                  -          
[25.842s][info   ][gc,heap     ] GC(141)   Garbage:         -              1470M (72%)         382M (19%)          54M (3%)             -                  -          
[25.842s][info   ][gc,heap     ] GC(141) Reclaimed:         -                  -              1088M (53%)        1415M (69%)            -                  -          
[25.842s][info   ][gc          ] GC(141) Garbage Collection (Allocation Rate) 1610M(79%)->1386M(68%)
[25.879s][info   ][gc,start    ] GC(142) Garbage Collection (Allocation Rate)
[25.879s][info   ][gc,task     ] GC(142) Using 1 workers
[25.880s][info   ][gc,phases   ] GC(142) Pause Mark Start 0.011ms
[25.924s][info   ][gc,phases   ] GC(142) Concurrent Mark 39.119ms
[25.924s][info   ][gc,phases   ] GC(142) Pause Mark End 0.026ms
[25.924s][info   ][gc,phases   ] GC(142) Concurrent Mark Free 0.002ms
[25.925s][info   ][gc,phases   ] GC(142) Concurrent Process Non-Strong References 0.882ms
[25.925s][info   ][gc,phases   ] GC(142) Concurrent Reset Relocation Set 0.003ms
[25.926s][info   ][gc          ] Allocation Stall (Thread-2) 2.507ms
[25.926s][info   ][gc          ] Allocation Stall (Thread-0) 2.539ms
[25.926s][info   ][gc          ] Allocation Stall (Thread-4) 2.484ms
[25.926s][info   ][gc          ] Allocation Stall (Thread-6) 2.517ms
[25.926s][info   ][gc          ] Allocation Stall (Thread-1) 2.863ms
[25.932s][info   ][gc,phases   ] GC(142) Concurrent Select Relocation Set 7.200ms
[25.935s][info   ][gc,phases   ] GC(142) Pause Relocate Start 0.030ms
[26.074s][info   ][gc,phases   ] GC(142) Concurrent Relocate 136.271ms
[26.074s][info   ][gc,load     ] GC(142) Load: 5.01/3.32/2.10
[26.074s][info   ][gc,mmu      ] GC(142) MMU: 2ms/94.6%, 5ms/97.9%, 10ms/98.9%, 20ms/99.5%, 50ms/99.7%, 100ms/99.8%
[26.074s][info   ][gc,marking  ] GC(142) Mark: 1 stripe(s), 2 proactive flush(es), 1 terminate flush(es), 0 completion(s), 0 continuation(s) 
[26.074s][info   ][gc,marking  ] GC(142) Mark Stack Usage: 32M
[26.074s][info   ][gc,nmethod  ] GC(142) NMethods: 104 registered, 0 unregistered
[26.075s][info   ][gc,metaspace] GC(142) Metaspace: 0M used, 0M committed, 1088M reserved
[26.075s][info   ][gc,ref      ] GC(142) Soft: 7 encountered, 0 discovered, 0 enqueued
[26.075s][info   ][gc,ref      ] GC(142) Weak: 37 encountered, 28 discovered, 0 enqueued
[26.075s][info   ][gc,ref      ] GC(142) Final: 0 encountered, 0 discovered, 0 enqueued
[26.075s][info   ][gc,ref      ] GC(142) Phantom: 5 encountered, 2 discovered, 0 enqueued
[26.075s][info   ][gc,reloc    ] GC(142) Small Pages: 5 / 10M, Empty: 0M, Relocated: 0M, In-Place: 0
[26.075s][info   ][gc,reloc    ] GC(142) Medium Pages: 53 / 1696M, Empty: 1440M, Relocated: 51M, In-Place: 0
[26.075s][info   ][gc,reloc    ] GC(142) Large Pages: 0 / 0M, Empty: 0M, Relocated: 0M, In-Place: 0
[26.075s][info   ][gc,reloc    ] GC(142) Forwarding Usage: 0M
[26.075s][info   ][gc,heap     ] GC(142) Min Capacity: 2048M(100%)
[26.075s][info   ][gc,heap     ] GC(142) Max Capacity: 2048M(100%)
[26.075s][info   ][gc,heap     ] GC(142) Soft Max Capacity: 2048M(100%)
[26.075s][info   ][gc,heap     ] GC(142)                Mark Start          Mark End        Relocate Start      Relocate End           High               Low         
[26.075s][info   ][gc,heap     ] GC(142)  Capacity:     2048M (100%)       2048M (100%)       2048M (100%)       2048M (100%)       2048M (100%)       2048M (100%)   
[26.075s][info   ][gc,heap     ] GC(142)      Free:      342M (17%)          22M (1%)         1366M (67%)         438M (21%)        1462M (71%)          22M (1%)     
[26.075s][info   ][gc,heap     ] GC(142)      Used:     1706M (83%)        2026M (99%)         682M (33%)        1610M (79%)        2026M (99%)         586M (29%)    
[26.075s][info   ][gc,heap     ] GC(142)      Live:         -                98M (5%)           98M (5%)           98M (5%)             -                  -          
[26.075s][info   ][gc,heap     ] GC(142) Allocated:         -               320M (16%)         416M (20%)        1479M (72%)            -                  -          
[26.075s][info   ][gc,heap     ] GC(142)   Garbage:         -              1607M (79%)         167M (8%)           31M (2%)             -                  -          
[26.075s][info   ][gc,heap     ] GC(142) Reclaimed:         -                  -              1440M (70%)        1575M (77%)            -                  -          
[26.075s][info   ][gc          ] GC(142) Garbage Collection (Allocation Rate) 1706M(83%)->1610M(79%)
[26.076s][info   ][gc,start    ] GC(143) Garbage Collection (Allocation Stall)
[26.076s][info   ][gc,ref      ] GC(143) Clearing All SoftReferences
[26.076s][info   ][gc,task     ] GC(143) Using 1 workers
[26.077s][info   ][gc,phases   ] GC(143) Pause Mark Start 0.033ms
[26.105s][info   ][gc,phases   ] GC(143) Concurrent Mark 28.002ms
[26.105s][info   ][gc,phases   ] GC(143) Pause Mark End 0.018ms
[26.105s][info   ][gc,phases   ] GC(143) Concurrent Mark Free 0.002ms
[26.112s][info   ][gc,phases   ] GC(143) Concurrent Process Non-Strong References 6.870ms
[26.112s][info   ][gc,phases   ] GC(143) Concurrent Reset Relocation Set 0.010ms
[26.115s][info   ][gc,phases   ] GC(143) Concurrent Select Relocation Set 2.442ms
[26.116s][info   ][gc,phases   ] GC(143) Pause Relocate Start 0.014ms
[26.314s][info   ][gc          ] Allocation Stall (Thread-5) 2.478ms
[26.317s][info   ][gc,phases   ] GC(143) Concurrent Relocate 194.903ms
[26.317s][info   ][gc,load     ] GC(143) Load: 5.01/3.32/2.10
[26.317s][info   ][gc,mmu      ] GC(143) MMU: 2ms/94.6%, 5ms/97.9%, 10ms/98.9%, 20ms/99.5%, 50ms/99.7%, 100ms/99.8%
[26.317s][info   ][gc,marking  ] GC(143) Mark: 1 stripe(s), 2 proactive flush(es), 1 terminate flush(es), 0 completion(s), 0 continuation(s) 
[26.317s][info   ][gc,marking  ] GC(143) Mark Stack Usage: 32M
[26.317s][info   ][gc,nmethod  ] GC(143) NMethods: 104 registered, 0 unregistered
[26.317s][info   ][gc,metaspace] GC(143) Metaspace: 0M used, 0M committed, 1088M reserved
[26.317s][info   ][gc,ref      ] GC(143) Soft: 7 encountered, 5 discovered, 0 enqueued
[26.317s][info   ][gc,ref      ] GC(143) Weak: 37 encountered, 28 discovered, 0 enqueued
[26.317s][info   ][gc,ref      ] GC(143) Final: 0 encountered, 0 discovered, 0 enqueued
[26.317s][info   ][gc,ref      ] GC(143) Phantom: 5 encountered, 2 discovered, 0 enqueued
[26.317s][info   ][gc,reloc    ] GC(143) Small Pages: 5 / 10M, Empty: 0M, Relocated: 0M, In-Place: 0
[26.317s][info   ][gc,reloc    ] GC(143) Medium Pages: 50 / 1600M, Empty: 832M, Relocated: 108M, In-Place: 0
[26.317s][info   ][gc,reloc    ] GC(143) Large Pages: 0 / 0M, Empty: 0M, Relocated: 0M, In-Place: 0
[26.317s][info   ][gc,reloc    ] GC(143) Forwarding Usage: 0M
[26.317s][info   ][gc,heap     ] GC(143) Min Capacity: 2048M(100%)
[26.317s][info   ][gc,heap     ] GC(143) Max Capacity: 2048M(100%)
[26.317s][info   ][gc,heap     ] GC(143) Soft Max Capacity: 2048M(100%)
[26.317s][info   ][gc,heap     ] GC(143)                Mark Start          Mark End        Relocate Start      Relocate End           High               Low         
[26.317s][info   ][gc,heap     ] GC(143)  Capacity:     2048M (100%)       2048M (100%)       2048M (100%)       2048M (100%)       2048M (100%)       2048M (100%)   
[26.317s][info   ][gc,heap     ] GC(143)      Free:      438M (21%)         182M (9%)          950M (46%)          22M (1%)         1038M (51%)          14M (1%)     
[26.317s][info   ][gc,heap     ] GC(143)      Used:     1610M (79%)        1866M (91%)        1098M (54%)        2026M (99%)        2034M (99%)        1010M (49%)    
[26.317s][info   ][gc,heap     ] GC(143)      Live:         -               180M (9%)          180M (9%)          180M (9%)             -                  -          
[26.317s][info   ][gc,heap     ] GC(143) Allocated:         -               256M (12%)         320M (16%)        1796M (88%)            -                  -          
[26.317s][info   ][gc,heap     ] GC(143)   Garbage:         -              1429M (70%)         597M (29%)          48M (2%)             -                  -          
[26.317s][info   ][gc,heap     ] GC(143) Reclaimed:         -                  -               832M (41%)        1380M (67%)            -                  -          
[26.317s][info   ][gc          ] GC(143) Garbage Collection (Allocation Stall) 1610M(79%)->2026M(99%)
[26.317s][info   ][gc,start    ] GC(144) Garbage Collection (Allocation Stall)
[26.317s][info   ][gc,ref      ] GC(144) Clearing All SoftReferences
[26.317s][info   ][gc,task     ] GC(144) Using 1 workers
[26.317s][info   ][gc,phases   ] GC(144) Pause Mark Start 0.010ms
[26.319s][info   ][gc,phases   ] GC(144) Concurrent Mark 1.743ms
[26.319s][info   ][gc,phases   ] GC(144) Pause Mark End 0.009ms
[26.319s][info   ][gc,phases   ] GC(144) Concurrent Mark Free 0.001ms
[26.320s][info   ][gc,phases   ] GC(144) Concurrent Process Non-Strong References 0.502ms
[26.320s][info   ][gc,phases   ] GC(144) Concurrent Reset Relocation Set 0.002ms
[26.321s][info   ][gc          ] Allocation Stall (Thread-0) 8.517ms
[26.321s][info   ][gc          ] Allocation Stall (Thread-4) 8.907ms
[26.321s][info   ][gc          ] Allocation Stall (Thread-6) 8.645ms
[26.322s][info   ][gc          ] Allocation Stall (Thread-1) 7.590ms
[26.321s][info   ][gc          ] Allocation Stall (Thread-2) 8.548ms
[26.324s][info   ][gc,phases   ] GC(144) Concurrent Select Relocation Set 4.037ms
[26.324s][info   ][gc          ] Allocation Stall (Thread-7) 11.430ms
[26.326s][info   ][gc          ] Allocation Stall (Thread-3) 14.505ms
[26.327s][info   ][gc,phases   ] GC(144) Pause Relocate Start 0.037ms
[26.441s][info   ][gc,phases   ] GC(144) Concurrent Relocate 112.503ms
[26.441s][info   ][gc,load     ] GC(144) Load: 5.01/3.32/2.10
[26.441s][info   ][gc,mmu      ] GC(144) MMU: 2ms/94.6%, 5ms/97.9%, 10ms/98.9%, 20ms/99.5%, 50ms/99.7%, 100ms/99.8%
[26.441s][info   ][gc,marking  ] GC(144) Mark: 1 stripe(s), 1 proactive flush(es), 1 terminate flush(es), 0 completion(s), 0 continuation(s) 
[26.441s][info   ][gc,marking  ] GC(144) Mark Stack Usage: 32M
[26.441s][info   ][gc,nmethod  ] GC(144) NMethods: 104 registered, 0 unregistered
[26.441s][info   ][gc,metaspace] GC(144) Metaspace: 0M used, 0M committed, 1088M reserved
[26.441s][info   ][gc,ref      ] GC(144) Soft: 7 encountered, 5 discovered, 0 enqueued
[26.441s][info   ][gc,ref      ] GC(144) Weak: 37 encountered, 28 discovered, 0 enqueued
[26.441s][info   ][gc,ref      ] GC(144) Final: 0 encountered, 0 discovered, 0 enqueued
[26.441s][info   ][gc,ref      ] GC(144) Phantom: 5 encountered, 2 discovered, 0 enqueued
[26.441s][info   ][gc,reloc    ] GC(144) Small Pages: 5 / 10M, Empty: 0M, Relocated: 0M, In-Place: 0
[26.441s][info   ][gc,reloc    ] GC(144) Medium Pages: 63 / 2016M, Empty: 1696M, Relocated: 45M, In-Place: 0
[26.441s][info   ][gc,reloc    ] GC(144) Large Pages: 0 / 0M, Empty: 0M, Relocated: 0M, In-Place: 0
[26.441s][info   ][gc,reloc    ] GC(144) Forwarding Usage: 0M
[26.441s][info   ][gc,heap     ] GC(144) Min Capacity: 2048M(100%)
[26.441s][info   ][gc,heap     ] GC(144) Max Capacity: 2048M(100%)
[26.441s][info   ][gc,heap     ] GC(144) Soft Max Capacity: 2048M(100%)
[26.441s][info   ][gc,heap     ] GC(144)                Mark Start          Mark End        Relocate Start      Relocate End           High               Low         
[26.441s][info   ][gc,heap     ] GC(144)  Capacity:     2048M (100%)       2048M (100%)       2048M (100%)       2048M (100%)       2048M (100%)       2048M (100%)   
[26.441s][info   ][gc,heap     ] GC(144)      Free:       22M (1%)           22M (1%)         1654M (81%)         982M (48%)        1718M (84%)          22M (1%)     
[26.441s][info   ][gc,heap     ] GC(144)      Used:     2026M (99%)        2026M (99%)         394M (19%)        1066M (52%)        2026M (99%)         330M (16%)    
[26.441s][info   ][gc,heap     ] GC(144)      Live:         -                86M (4%)           86M (4%)           86M (4%)             -                  -          
[26.441s][info   ][gc,heap     ] GC(144) Allocated:         -                 0M (0%)           64M (3%)          931M (46%)            -                  -          
[26.441s][info   ][gc,heap     ] GC(144)   Garbage:         -              1939M (95%)         243M (12%)          47M (2%)             -                  -          
[26.441s][info   ][gc,heap     ] GC(144) Reclaimed:         -                  -              1696M (83%)        1891M (92%)            -                  -          
[26.441s][info   ][gc          ] GC(144) Garbage Collection (Allocation Stall) 2026M(99%)->1066M(52%)
[26.477s][info   ][gc,start    ] GC(145) Garbage Collection (Allocation Rate)
[26.477s][info   ][gc,task     ] GC(145) Using 1 workers
[26.480s][info   ][gc,phases   ] GC(145) Pause Mark Start 0.027ms
[26.510s][info   ][gc,phases   ] GC(145) Concurrent Mark 23.940ms
[26.510s][info   ][gc,phases   ] GC(145) Pause Mark End 0.019ms
[26.517s][info   ][gc,phases   ] GC(145) Concurrent Mark Free 0.007ms
[26.529s][info   ][gc,phases   ] GC(145) Concurrent Process Non-Strong References 12.156ms
[26.529s][info   ][gc,phases   ] GC(145) Concurrent Reset Relocation Set 0.008ms
[26.533s][info   ][gc,phases   ] GC(145) Concurrent Select Relocation Set 3.804ms
[26.536s][info   ][gc,phases   ] GC(145) Pause Relocate Start 0.016ms
[26.636s][info   ][gc,phases   ] GC(145) Concurrent Relocate 100.460ms
[26.637s][info   ][gc,load     ] GC(145) Load: 5.41/3.43/2.15
[26.637s][info   ][gc,mmu      ] GC(145) MMU: 2ms/94.6%, 5ms/97.9%, 10ms/98.9%, 20ms/99.5%, 50ms/99.7%, 100ms/99.8%
[26.637s][info   ][gc,marking  ] GC(145) Mark: 1 stripe(s), 2 proactive flush(es), 1 terminate flush(es), 0 completion(s), 0 continuation(s) 
[26.637s][info   ][gc,marking  ] GC(145) Mark Stack Usage: 32M
[26.637s][info   ][gc,nmethod  ] GC(145) NMethods: 104 registered, 0 unregistered
[26.637s][info   ][gc,metaspace] GC(145) Metaspace: 0M used, 0M committed, 1088M reserved
[26.637s][info   ][gc,ref      ] GC(145) Soft: 7 encountered, 0 discovered, 0 enqueued
[26.637s][info   ][gc,ref      ] GC(145) Weak: 37 encountered, 28 discovered, 0 enqueued
[26.637s][info   ][gc,ref      ] GC(145) Final: 0 encountered, 0 discovered, 0 enqueued
[26.637s][info   ][gc,ref      ] GC(145) Phantom: 5 encountered, 2 discovered, 0 enqueued
[26.637s][info   ][gc,reloc    ] GC(145) Small Pages: 5 / 10M, Empty: 0M, Relocated: 0M, In-Place: 0
[26.637s][info   ][gc,reloc    ] GC(145) Medium Pages: 43 / 1376M, Empty: 1120M, Relocated: 42M, In-Place: 0
[26.637s][info   ][gc,reloc    ] GC(145) Large Pages: 0 / 0M, Empty: 0M, Relocated: 0M, In-Place: 0
[26.637s][info   ][gc,reloc    ] GC(145) Forwarding Usage: 0M
[26.637s][info   ][gc,heap     ] GC(145) Min Capacity: 2048M(100%)
[26.637s][info   ][gc,heap     ] GC(145) Max Capacity: 2048M(100%)
[26.637s][info   ][gc,heap     ] GC(145) Soft Max Capacity: 2048M(100%)
[26.637s][info   ][gc,heap     ] GC(145)                Mark Start          Mark End        Relocate Start      Relocate End           High               Low         
[26.637s][info   ][gc,heap     ] GC(145)  Capacity:     2048M (100%)       2048M (100%)       2048M (100%)       2048M (100%)       2048M (100%)       2048M (100%)   
[26.637s][info   ][gc,heap     ] GC(145)      Free:      662M (32%)         406M (20%)        1334M (65%)         694M (34%)        1366M (67%)         246M (12%)    
[26.637s][info   ][gc,heap     ] GC(145)      Used:     1386M (68%)        1642M (80%)         714M (35%)        1354M (66%)        1802M (88%)         682M (33%)    
[26.637s][info   ][gc,heap     ] GC(145)      Live:         -               113M (6%)          113M (6%)          113M (6%)             -                  -          
[26.637s][info   ][gc,heap     ] GC(145) Allocated:         -               256M (12%)         448M (22%)        1191M (58%)            -                  -          
[26.637s][info   ][gc,heap     ] GC(145)   Garbage:         -              1272M (62%)         152M (7%)           48M (2%)             -                  -          
[26.637s][info   ][gc,heap     ] GC(145) Reclaimed:         -                  -              1120M (55%)        1223M (60%)            -                  -          
[26.637s][info   ][gc          ] GC(145) Garbage Collection (Allocation Rate) 1386M(68%)->1354M(66%)
[26.676s][info   ][gc,start    ] GC(146) Garbage Collection (Allocation Rate)
[26.676s][info   ][gc,task     ] GC(146) Using 1 workers
[26.679s][info   ][gc,phases   ] GC(146) Pause Mark Start 0.021ms
[26.715s][info   ][gc,phases   ] GC(146) Concurrent Mark 30.240ms
[26.715s][info   ][gc,phases   ] GC(146) Pause Mark End 0.024ms
[26.717s][info   ][gc,phases   ] GC(146) Concurrent Mark Free 0.005ms
[26.724s][info   ][gc,phases   ] GC(146) Concurrent Process Non-Strong References 6.659ms
[26.724s][info   ][gc,phases   ] GC(146) Concurrent Reset Relocation Set 0.004ms
[26.725s][info   ][gc          ] Allocation Stall (Thread-5) 1.253ms
[26.725s][info   ][gc          ] Allocation Stall (Thread-3) 0.712ms
[26.725s][info   ][gc          ] Allocation Stall (Thread-1) 1.245ms
[26.726s][info   ][gc          ] Allocation Stall (Thread-6) 1.230ms
[26.727s][info   ][gc,phases   ] GC(146) Concurrent Select Relocation Set 2.373ms
[26.728s][info   ][gc          ] Allocation Stall (Thread-7) 4.006ms
[26.728s][info   ][gc          ] Allocation Stall (Thread-4) 3.870ms
[26.728s][info   ][gc          ] Allocation Stall (Thread-0) 4.019ms
[26.731s][info   ][gc          ] Allocation Stall (Thread-2) 6.613ms
[26.731s][info   ][gc,phases   ] GC(146) Pause Relocate Start 0.034ms
[26.917s][info   ][gc,phases   ] GC(146) Concurrent Relocate 185.440ms
[26.917s][info   ][gc,load     ] GC(146) Load: 5.41/3.43/2.15
[26.917s][info   ][gc,mmu      ] GC(146) MMU: 2ms/94.6%, 5ms/97.9%, 10ms/98.9%, 20ms/99.5%, 50ms/99.7%, 100ms/99.8%
[26.917s][info   ][gc,marking  ] GC(146) Mark: 1 stripe(s), 2 proactive flush(es), 1 terminate flush(es), 0 completion(s), 0 continuation(s) 
[26.917s][info   ][gc,marking  ] GC(146) Mark Stack Usage: 32M
[26.917s][info   ][gc,nmethod  ] GC(146) NMethods: 104 registered, 0 unregistered
[26.917s][info   ][gc,metaspace] GC(146) Metaspace: 0M used, 0M committed, 1088M reserved
[26.917s][info   ][gc,ref      ] GC(146) Soft: 7 encountered, 0 discovered, 0 enqueued
[26.917s][info   ][gc,ref      ] GC(146) Weak: 37 encountered, 28 discovered, 0 enqueued
[26.917s][info   ][gc,ref      ] GC(146) Final: 0 encountered, 0 discovered, 0 enqueued
[26.917s][info   ][gc,ref      ] GC(146) Phantom: 5 encountered, 2 discovered, 0 enqueued
[26.917s][info   ][gc,reloc    ] GC(146) Small Pages: 5 / 10M, Empty: 0M, Relocated: 0M, In-Place: 0
[26.917s][info   ][gc,reloc    ] GC(146) Medium Pages: 52 / 1664M, Empty: 1120M, Relocated: 81M, In-Place: 0
[26.917s][info   ][gc,reloc    ] GC(146) Large Pages: 0 / 0M, Empty: 0M, Relocated: 0M, In-Place: 0
[26.917s][info   ][gc,reloc    ] GC(146) Forwarding Usage: 0M
[26.917s][info   ][gc,heap     ] GC(146) Min Capacity: 2048M(100%)
[26.917s][info   ][gc,heap     ] GC(146) Max Capacity: 2048M(100%)
[26.917s][info   ][gc,heap     ] GC(146) Soft Max Capacity: 2048M(100%)
[26.917s][info   ][gc,heap     ] GC(146)                Mark Start          Mark End        Relocate Start      Relocate End           High               Low         
[26.917s][info   ][gc,heap     ] GC(146)  Capacity:     2048M (100%)       2048M (100%)       2048M (100%)       2048M (100%)       2048M (100%)       2048M (100%)   
[26.917s][info   ][gc,heap     ] GC(146)      Free:      374M (18%)          86M (4%)         1078M (53%)         150M (7%)         1166M (57%)          22M (1%)     
[26.917s][info   ][gc,heap     ] GC(146)      Used:     1674M (82%)        1962M (96%)         970M (47%)        1898M (93%)        2026M (99%)         882M (43%)    
[26.917s][info   ][gc,heap     ] GC(146)      Live:         -               157M (8%)          157M (8%)          157M (8%)             -                  -          
[26.917s][info   ][gc,heap     ] GC(146) Allocated:         -               288M (14%)         416M (20%)        1702M (83%)            -                  -          
[26.917s][info   ][gc,heap     ] GC(146)   Garbage:         -              1516M (74%)         396M (19%)          37M (2%)             -                  -          
[26.917s][info   ][gc,heap     ] GC(146) Reclaimed:         -                  -              1120M (55%)        1478M (72%)            -                  -          
[26.917s][info   ][gc          ] GC(146) Garbage Collection (Allocation Rate) 1674M(82%)->1898M(93%)
[26.935s][info   ][gc,start    ] GC(147) Garbage Collection (Allocation Stall)
[26.935s][info   ][gc,ref      ] GC(147) Clearing All SoftReferences
[26.935s][info   ][gc,task     ] GC(147) Using 1 workers
[26.935s][info   ][gc,phases   ] GC(147) Pause Mark Start 0.014ms
[26.937s][info   ][gc,phases   ] GC(147) Concurrent Mark 2.359ms
[26.938s][info   ][gc,phases   ] GC(147) Pause Mark End 0.009ms
[26.938s][info   ][gc,phases   ] GC(147) Concurrent Mark Free 0.001ms
[26.938s][info   ][gc,phases   ] GC(147) Concurrent Process Non-Strong References 0.581ms
[26.938s][info   ][gc,phases   ] GC(147) Concurrent Reset Relocation Set 0.002ms
[26.939s][info   ][gc          ] Allocation Stall (Thread-6) 4.470ms
[26.939s][info   ][gc          ] Allocation Stall (Thread-2) 4.742ms
[26.939s][info   ][gc          ] Allocation Stall (Thread-4) 4.257ms
[26.939s][info   ][gc          ] Allocation Stall (Thread-7) 4.511ms
[26.939s][info   ][gc          ] Allocation Stall (Thread-5) 4.350ms
[26.942s][info   ][gc          ] Allocation Stall (Thread-0) 7.418ms
[26.942s][info   ][gc,phases   ] GC(147) Concurrent Select Relocation Set 3.864ms
[26.939s][info   ][gc          ] Allocation Stall (Thread-3) 4.282ms
[26.947s][info   ][gc,phases   ] GC(147) Pause Relocate Start 0.030ms
[26.987s][info   ][gc,phases   ] GC(147) Concurrent Relocate 39.560ms
[26.988s][info   ][gc,load     ] GC(147) Load: 5.41/3.43/2.15
[26.988s][info   ][gc,mmu      ] GC(147) MMU: 2ms/94.6%, 5ms/97.9%, 10ms/98.9%, 20ms/99.5%, 50ms/99.7%, 100ms/99.8%
[26.988s][info   ][gc,marking  ] GC(147) Mark: 1 stripe(s), 1 proactive flush(es), 1 terminate flush(es), 0 completion(s), 0 continuation(s) 
[26.988s][info   ][gc,marking  ] GC(147) Mark Stack Usage: 32M
[26.988s][info   ][gc,nmethod  ] GC(147) NMethods: 104 registered, 0 unregistered
[26.988s][info   ][gc,metaspace] GC(147) Metaspace: 0M used, 0M committed, 1088M reserved
[26.988s][info   ][gc,ref      ] GC(147) Soft: 7 encountered, 5 discovered, 0 enqueued
[26.988s][info   ][gc,ref      ] GC(147) Weak: 37 encountered, 28 discovered, 0 enqueued
[26.988s][info   ][gc,ref      ] GC(147) Final: 0 encountered, 0 discovered, 0 enqueued
[26.988s][info   ][gc,ref      ] GC(147) Phantom: 5 encountered, 2 discovered, 0 enqueued
[26.988s][info   ][gc,reloc    ] GC(147) Small Pages: 5 / 10M, Empty: 0M, Relocated: 0M, In-Place: 0
[26.988s][info   ][gc,reloc    ] GC(147) Medium Pages: 63 / 2016M, Empty: 1472M, Relocated: 78M, In-Place: 0
[26.988s][info   ][gc,reloc    ] GC(147) Large Pages: 0 / 0M, Empty: 0M, Relocated: 0M, In-Place: 0
[26.988s][info   ][gc,reloc    ] GC(147) Forwarding Usage: 0M
[26.988s][info   ][gc,heap     ] GC(147) Min Capacity: 2048M(100%)
[26.988s][info   ][gc,heap     ] GC(147) Max Capacity: 2048M(100%)
[26.988s][info   ][gc,heap     ] GC(147) Soft Max Capacity: 2048M(100%)
[26.988s][info   ][gc,heap     ] GC(147)                Mark Start          Mark End        Relocate Start      Relocate End           High               Low         
[26.988s][info   ][gc,heap     ] GC(147)  Capacity:     2048M (100%)       2048M (100%)       2048M (100%)       2048M (100%)       2048M (100%)       2048M (100%)   
[26.988s][info   ][gc,heap     ] GC(147)      Free:       22M (1%)           22M (1%)         1398M (68%)        1590M (78%)        1710M (83%)          22M (1%)     
[26.988s][info   ][gc,heap     ] GC(147)      Used:     2026M (99%)        2026M (99%)         650M (32%)         458M (22%)        2026M (99%)         338M (17%)    
[26.988s][info   ][gc,heap     ] GC(147)      Live:         -               131M (6%)          131M (6%)          131M (6%)             -                  -          
[26.988s][info   ][gc,heap     ] GC(147) Allocated:         -                 0M (0%)           96M (5%)          298M (15%)            -                  -          
[26.988s][info   ][gc,heap     ] GC(147)   Garbage:         -              1894M (93%)         422M (21%)          27M (1%)             -                  -          
[26.988s][info   ][gc,heap     ] GC(147) Reclaimed:         -                  -              1472M (72%)        1866M (91%)            -                  -          
[26.988s][info   ][gc          ] GC(147) Garbage Collection (Allocation Stall) 2026M(99%)->458M(22%)
[27.078s][info   ][gc,start    ] GC(148) Garbage Collection (Allocation Rate)
[27.079s][info   ][gc,task     ] GC(148) Using 1 workers
[27.081s][info   ][gc,phases   ] GC(148) Pause Mark Start 0.023ms
[27.120s][info   ][gc,phases   ] GC(148) Concurrent Mark 36.758ms
[27.120s][info   ][gc,phases   ] GC(148) Pause Mark End 0.025ms
[27.121s][info   ][gc,phases   ] GC(148) Concurrent Mark Free 0.003ms
[27.135s][info   ][gc,phases   ] GC(148) Concurrent Process Non-Strong References 13.267ms
[27.136s][info   ][gc,phases   ] GC(148) Concurrent Reset Relocation Set 0.014ms
[27.142s][info   ][gc,phases   ] GC(148) Concurrent Select Relocation Set 6.408ms
[27.145s][info   ][gc,phases   ] GC(148) Pause Relocate Start 0.031ms
[27.313s][info   ][gc,phases   ] GC(148) Concurrent Relocate 165.176ms
[27.313s][info   ][gc,load     ] GC(148) Load: 5.41/3.43/2.15
[27.313s][info   ][gc,mmu      ] GC(148) MMU: 2ms/94.6%, 5ms/97.9%, 10ms/98.9%, 20ms/99.5%, 50ms/99.7%, 100ms/99.8%
[27.313s][info   ][gc,marking  ] GC(148) Mark: 1 stripe(s), 2 proactive flush(es), 1 terminate flush(es), 0 completion(s), 0 continuation(s) 
[27.313s][info   ][gc,marking  ] GC(148) Mark Stack Usage: 32M
[27.313s][info   ][gc,nmethod  ] GC(148) NMethods: 104 registered, 0 unregistered
[27.313s][info   ][gc,metaspace] GC(148) Metaspace: 0M used, 0M committed, 1088M reserved
[27.313s][info   ][gc,ref      ] GC(148) Soft: 7 encountered, 0 discovered, 0 enqueued
[27.313s][info   ][gc,ref      ] GC(148) Weak: 37 encountered, 28 discovered, 0 enqueued
[27.313s][info   ][gc,ref      ] GC(148) Final: 0 encountered, 0 discovered, 0 enqueued
[27.313s][info   ][gc,ref      ] GC(148) Phantom: 5 encountered, 2 discovered, 0 enqueued
[27.313s][info   ][gc,reloc    ] GC(148) Small Pages: 5 / 10M, Empty: 0M, Relocated: 0M, In-Place: 0
[27.313s][info   ][gc,reloc    ] GC(148) Medium Pages: 36 / 1152M, Empty: 576M, Relocated: 76M, In-Place: 0
[27.313s][info   ][gc,reloc    ] GC(148) Large Pages: 0 / 0M, Empty: 0M, Relocated: 0M, In-Place: 0
[27.313s][info   ][gc,reloc    ] GC(148) Forwarding Usage: 0M
[27.313s][info   ][gc,heap     ] GC(148) Min Capacity: 2048M(100%)
[27.313s][info   ][gc,heap     ] GC(148) Max Capacity: 2048M(100%)
[27.313s][info   ][gc,heap     ] GC(148) Soft Max Capacity: 2048M(100%)
[27.313s][info   ][gc,heap     ] GC(148)                Mark Start          Mark End        Relocate Start      Relocate End           High               Low         
[27.313s][info   ][gc,heap     ] GC(148)  Capacity:     2048M (100%)       2048M (100%)       2048M (100%)       2048M (100%)       2048M (100%)       2048M (100%)   
[27.313s][info   ][gc,heap     ] GC(148)      Free:      886M (43%)         598M (29%)         982M (48%)         182M (9%)         1070M (52%)         110M (5%)     
[27.313s][info   ][gc,heap     ] GC(148)      Used:     1162M (57%)        1450M (71%)        1066M (52%)        1866M (91%)        1938M (95%)         978M (48%)    
[27.313s][info   ][gc,heap     ] GC(148)      Live:         -               142M (7%)          142M (7%)          142M (7%)             -                  -          
[27.313s][info   ][gc,heap     ] GC(148) Allocated:         -               288M (14%)         480M (23%)        1667M (81%)            -                  -          
[27.313s][info   ][gc,heap     ] GC(148)   Garbage:         -              1019M (50%)         443M (22%)          55M (3%)             -                  -          
[27.313s][info   ][gc,heap     ] GC(148) Reclaimed:         -                  -               576M (28%)         963M (47%)            -                  -          
[27.313s][info   ][gc          ] GC(148) Garbage Collection (Allocation Rate) 1162M(57%)->1866M(91%)
[27.338s][info   ][gc,start    ] GC(149) Garbage Collection (Allocation Stall)
[27.338s][info   ][gc,ref      ] GC(149) Clearing All SoftReferences
[27.338s][info   ][gc,task     ] GC(149) Using 1 workers
[27.338s][info   ][gc,phases   ] GC(149) Pause Mark Start 0.011ms
[27.340s][info   ][gc,phases   ] GC(149) Concurrent Mark 2.147ms
[27.340s][info   ][gc,phases   ] GC(149) Pause Mark End 0.009ms
[27.341s][info   ][gc,phases   ] GC(149) Concurrent Mark Free 0.001ms
[27.341s][info   ][gc,phases   ] GC(149) Concurrent Process Non-Strong References 0.352ms
[27.341s][info   ][gc,phases   ] GC(149) Concurrent Reset Relocation Set 0.002ms
[27.342s][info   ][gc          ] Allocation Stall (Thread-0) 4.032ms
[27.342s][info   ][gc,phases   ] GC(149) Concurrent Select Relocation Set 0.964ms
[27.342s][info   ][gc          ] Allocation Stall (Thread-2) 4.227ms
[27.342s][info   ][gc          ] Allocation Stall (Thread-6) 4.136ms
[27.342s][info   ][gc          ] Allocation Stall (Thread-7) 3.968ms
[27.342s][info   ][gc          ] Allocation Stall (Thread-4) 4.130ms
[27.345s][info   ][gc          ] Allocation Stall (Thread-1) 6.625ms
[27.345s][info   ][gc          ] Allocation Stall (Thread-5) 6.885ms
[27.348s][info   ][gc,phases   ] GC(149) Pause Relocate Start 0.018ms
[27.411s][info   ][gc,phases   ] GC(149) Concurrent Relocate 61.206ms
[27.411s][info   ][gc,load     ] GC(149) Load: 5.41/3.43/2.15
[27.411s][info   ][gc,mmu      ] GC(149) MMU: 2ms/94.6%, 5ms/97.9%, 10ms/98.9%, 20ms/99.5%, 50ms/99.7%, 100ms/99.8%
[27.411s][info   ][gc,marking  ] GC(149) Mark: 1 stripe(s), 1 proactive flush(es), 1 terminate flush(es), 0 completion(s), 0 continuation(s) 
[27.411s][info   ][gc,marking  ] GC(149) Mark Stack Usage: 32M
[27.411s][info   ][gc,nmethod  ] GC(149) NMethods: 104 registered, 0 unregistered
[27.411s][info   ][gc,metaspace] GC(149) Metaspace: 0M used, 0M committed, 1088M reserved
[27.411s][info   ][gc,ref      ] GC(149) Soft: 7 encountered, 5 discovered, 0 enqueued
[27.411s][info   ][gc,ref      ] GC(149) Weak: 37 encountered, 28 discovered, 0 enqueued
[27.411s][info   ][gc,ref      ] GC(149) Final: 0 encountered, 0 discovered, 0 enqueued
[27.411s][info   ][gc,ref      ] GC(149) Phantom: 5 encountered, 2 discovered, 0 enqueued
[27.411s][info   ][gc,reloc    ] GC(149) Small Pages: 5 / 10M, Empty: 0M, Relocated: 0M, In-Place: 0
[27.411s][info   ][gc,reloc    ] GC(149) Medium Pages: 63 / 2016M, Empty: 1376M, Relocated: 74M, In-Place: 0
[27.411s][info   ][gc,reloc    ] GC(149) Large Pages: 0 / 0M, Empty: 0M, Relocated: 0M, In-Place: 0
[27.411s][info   ][gc,reloc    ] GC(149) Forwarding Usage: 0M
[27.411s][info   ][gc,heap     ] GC(149) Min Capacity: 2048M(100%)
[27.411s][info   ][gc,heap     ] GC(149) Max Capacity: 2048M(100%)
[27.411s][info   ][gc,heap     ] GC(149) Soft Max Capacity: 2048M(100%)
[27.411s][info   ][gc,heap     ] GC(149)                Mark Start          Mark End        Relocate Start      Relocate End           High               Low         
[27.411s][info   ][gc,heap     ] GC(149)  Capacity:     2048M (100%)       2048M (100%)       2048M (100%)       2048M (100%)       2048M (100%)       2048M (100%)   
[27.411s][info   ][gc,heap     ] GC(149)      Free:       22M (1%)           22M (1%)         1334M (65%)        1366M (67%)        1646M (80%)          22M (1%)     
[27.411s][info   ][gc,heap     ] GC(149)      Used:     2026M (99%)        2026M (99%)         714M (35%)         682M (33%)        2026M (99%)         402M (20%)    
[27.411s][info   ][gc,heap     ] GC(149)      Live:         -               139M (7%)          139M (7%)          139M (7%)             -                  -          
[27.411s][info   ][gc,heap     ] GC(149) Allocated:         -                 0M (0%)           64M (3%)          504M (25%)            -                  -          
[27.411s][info   ][gc,heap     ] GC(149)   Garbage:         -              1886M (92%)         510M (25%)          37M (2%)             -                  -          
[27.411s][info   ][gc,heap     ] GC(149) Reclaimed:         -                  -              1376M (67%)        1848M (90%)            -                  -          
[27.411s][info   ][gc          ] GC(149) Garbage Collection (Allocation Stall) 2026M(99%)->682M(33%)
[27.479s][info   ][gc,start    ] GC(150) Garbage Collection (Allocation Rate)
[27.479s][info   ][gc,task     ] GC(150) Using 1 workers
[27.482s][info   ][gc,phases   ] GC(150) Pause Mark Start 0.029ms
[27.516s][info   ][gc,phases   ] GC(150) Concurrent Mark 29.604ms
[27.516s][info   ][gc,phases   ] GC(150) Pause Mark End 0.021ms
[27.517s][info   ][gc,phases   ] GC(150) Concurrent Mark Free 0.002ms
[27.519s][info   ][gc,phases   ] GC(150) Concurrent Process Non-Strong References 1.984ms
[27.519s][info   ][gc,phases   ] GC(150) Concurrent Reset Relocation Set 0.007ms
[27.521s][info   ][gc,phases   ] GC(150) Concurrent Select Relocation Set 1.696ms
[27.521s][info   ][gc,phases   ] GC(150) Pause Relocate Start 0.022ms
[27.632s][info   ][gc,phases   ] GC(150) Concurrent Relocate 111.030ms
[27.632s][info   ][gc,load     ] GC(150) Load: 5.41/3.43/2.15
[27.632s][info   ][gc,mmu      ] GC(150) MMU: 2ms/94.6%, 5ms/97.9%, 10ms/98.9%, 20ms/99.5%, 50ms/99.7%, 100ms/99.8%
[27.632s][info   ][gc,marking  ] GC(150) Mark: 1 stripe(s), 2 proactive flush(es), 1 terminate flush(es), 0 completion(s), 0 continuation(s) 
[27.632s][info   ][gc,marking  ] GC(150) Mark Stack Usage: 32M
[27.632s][info   ][gc,nmethod  ] GC(150) NMethods: 104 registered, 0 unregistered
[27.632s][info   ][gc,metaspace] GC(150) Metaspace: 0M used, 0M committed, 1088M reserved
[27.632s][info   ][gc,ref      ] GC(150) Soft: 7 encountered, 0 discovered, 0 enqueued
[27.632s][info   ][gc,ref      ] GC(150) Weak: 37 encountered, 28 discovered, 0 enqueued
[27.632s][info   ][gc,ref      ] GC(150) Final: 0 encountered, 0 discovered, 0 enqueued
[27.632s][info   ][gc,ref      ] GC(150) Phantom: 5 encountered, 2 discovered, 0 enqueued
[27.632s][info   ][gc,reloc    ] GC(150) Small Pages: 5 / 10M, Empty: 0M, Relocated: 0M, In-Place: 0
[27.632s][info   ][gc,reloc    ] GC(150) Medium Pages: 39 / 1248M, Empty: 960M, Relocated: 52M, In-Place: 0
[27.632s][info   ][gc,reloc    ] GC(150) Large Pages: 0 / 0M, Empty: 0M, Relocated: 0M, In-Place: 0
[27.632s][info   ][gc,reloc    ] GC(150) Forwarding Usage: 0M
[27.632s][info   ][gc,heap     ] GC(150) Min Capacity: 2048M(100%)
[27.632s][info   ][gc,heap     ] GC(150) Max Capacity: 2048M(100%)
[27.632s][info   ][gc,heap     ] GC(150) Soft Max Capacity: 2048M(100%)
[27.632s][info   ][gc,heap     ] GC(150)                Mark Start          Mark End        Relocate Start      Relocate End           High               Low         
[27.632s][info   ][gc,heap     ] GC(150)  Capacity:     2048M (100%)       2048M (100%)       2048M (100%)       2048M (100%)       2048M (100%)       2048M (100%)   
[27.632s][info   ][gc,heap     ] GC(150)      Free:      790M (39%)         502M (25%)        1430M (70%)         726M (35%)        1430M (70%)         438M (21%)    
[27.632s][info   ][gc,heap     ] GC(150)      Used:     1258M (61%)        1546M (75%)         618M (30%)        1322M (65%)        1610M (79%)         618M (30%)    
[27.632s][info   ][gc,heap     ] GC(150)      Live:         -                98M (5%)           98M (5%)           98M (5%)             -                  -          
[27.632s][info   ][gc,heap     ] GC(150) Allocated:         -               288M (14%)         320M (16%)        1191M (58%)            -                  -          
[27.632s][info   ][gc,heap     ] GC(150)   Garbage:         -              1159M (57%)         199M (10%)          31M (2%)             -                  -          
[27.632s][info   ][gc,heap     ] GC(150) Reclaimed:         -                  -               960M (47%)        1127M (55%)            -                  -          
[27.633s][info   ][gc          ] GC(150) Garbage Collection (Allocation Rate) 1258M(61%)->1322M(65%)
[27.678s][info   ][gc,start    ] GC(151) Garbage Collection (Allocation Rate)
[27.678s][info   ][gc,task     ] GC(151) Using 1 workers
[27.678s][info   ][gc,phases   ] GC(151) Pause Mark Start 0.021ms
[27.703s][info   ][gc,phases   ] GC(151) Concurrent Mark 24.318ms
[27.704s][info   ][gc,phases   ] GC(151) Pause Mark End 0.026ms
[27.704s][info   ][gc,phases   ] GC(151) Concurrent Mark Free 0.003ms
[27.716s][info   ][gc,phases   ] GC(151) Concurrent Process Non-Strong References 11.955ms
[27.716s][info   ][gc,phases   ] GC(151) Concurrent Reset Relocation Set 0.009ms
[27.718s][info   ][gc,phases   ] GC(151) Concurrent Select Relocation Set 1.893ms
[27.720s][info   ][gc,phases   ] GC(151) Pause Relocate Start 0.023ms
[27.872s][info   ][gc,phases   ] GC(151) Concurrent Relocate 150.980ms
[27.872s][info   ][gc,load     ] GC(151) Load: 5.41/3.43/2.15
[27.872s][info   ][gc,mmu      ] GC(151) MMU: 2ms/94.6%, 5ms/97.9%, 10ms/98.9%, 20ms/99.5%, 50ms/99.7%, 100ms/99.8%
[27.873s][info   ][gc,marking  ] GC(151) Mark: 1 stripe(s), 2 proactive flush(es), 1 terminate flush(es), 0 completion(s), 0 continuation(s) 
[27.873s][info   ][gc,marking  ] GC(151) Mark Stack Usage: 32M
[27.873s][info   ][gc,nmethod  ] GC(151) NMethods: 104 registered, 0 unregistered
[27.873s][info   ][gc,metaspace] GC(151) Metaspace: 0M used, 0M committed, 1088M reserved
[27.873s][info   ][gc,ref      ] GC(151) Soft: 7 encountered, 0 discovered, 0 enqueued
[27.873s][info   ][gc,ref      ] GC(151) Weak: 37 encountered, 28 discovered, 0 enqueued
[27.873s][info   ][gc,ref      ] GC(151) Final: 0 encountered, 0 discovered, 0 enqueued
[27.873s][info   ][gc,ref      ] GC(151) Phantom: 5 encountered, 2 discovered, 0 enqueued
[27.873s][info   ][gc,reloc    ] GC(151) Small Pages: 5 / 10M, Empty: 0M, Relocated: 0M, In-Place: 0
[27.873s][info   ][gc,reloc    ] GC(151) Medium Pages: 52 / 1664M, Empty: 1120M, Relocated: 80M, In-Place: 0
[27.873s][info   ][gc,reloc    ] GC(151) Large Pages: 0 / 0M, Empty: 0M, Relocated: 0M, In-Place: 0
[27.873s][info   ][gc,reloc    ] GC(151) Forwarding Usage: 0M
[27.873s][info   ][gc,heap     ] GC(151) Min Capacity: 2048M(100%)
[27.873s][info   ][gc,heap     ] GC(151) Max Capacity: 2048M(100%)
[27.873s][info   ][gc,heap     ] GC(151) Soft Max Capacity: 2048M(100%)
[27.873s][info   ][gc,heap     ] GC(151)                Mark Start          Mark End        Relocate Start      Relocate End           High               Low         
[27.873s][info   ][gc,heap     ] GC(151)  Capacity:     2048M (100%)       2048M (100%)       2048M (100%)       2048M (100%)       2048M (100%)       2048M (100%)   
[27.873s][info   ][gc,heap     ] GC(151)      Free:      374M (18%)         150M (7%)         1174M (57%)         374M (18%)        1262M (62%)          22M (1%)     
[27.873s][info   ][gc,heap     ] GC(151)      Used:     1674M (82%)        1898M (93%)         874M (43%)        1674M (82%)        2026M (99%)         786M (38%)    
[27.873s][info   ][gc,heap     ] GC(151)      Live:         -               166M (8%)          166M (8%)          166M (8%)             -                  -          
[27.873s][info   ][gc,heap     ] GC(151) Allocated:         -               224M (11%)         320M (16%)        1440M (70%)            -                  -          
[27.873s][info   ][gc,heap     ] GC(151)   Garbage:         -              1507M (74%)         387M (19%)          66M (3%)             -                  -          
[27.873s][info   ][gc,heap     ] GC(151) Reclaimed:         -                  -              1120M (55%)        1440M (70%)            -                  -          
[27.873s][info   ][gc          ] GC(151) Garbage Collection (Allocation Rate) 1674M(82%)->1674M(82%)
[27.878s][info   ][gc,start    ] GC(152) Garbage Collection (Allocation Rate)
[27.878s][info   ][gc,task     ] GC(152) Using 1 workers
[27.879s][info   ][gc,phases   ] GC(152) Pause Mark Start 0.015ms
[27.913s][info   ][gc,phases   ] GC(152) Concurrent Mark 30.879ms
[27.913s][info   ][gc,phases   ] GC(152) Pause Mark End 0.049ms
[27.916s][info   ][gc,phases   ] GC(152) Concurrent Mark Free 0.004ms
[27.921s][info   ][gc,phases   ] GC(152) Concurrent Process Non-Strong References 4.771ms
[27.921s][info   ][gc,phases   ] GC(152) Concurrent Reset Relocation Set 0.003ms
[27.922s][info   ][gc          ] Allocation Stall (Thread-3) 2.202ms
[27.923s][info   ][gc          ] Allocation Stall (Thread-0) 2.430ms
[27.922s][info   ][gc          ] Allocation Stall (Thread-2) 2.247ms
[27.922s][info   ][gc          ] Allocation Stall (Thread-5) 1.295ms
[27.926s][info   ][gc,phases   ] GC(152) Concurrent Select Relocation Set 4.511ms
[27.926s][info   ][gc          ] Allocation Stall (Thread-6) 5.909ms
[27.926s][info   ][gc          ] Allocation Stall (Thread-4) 5.662ms
[27.929s][info   ][gc          ] Allocation Stall (Thread-1) 8.672ms
[27.929s][info   ][gc,phases   ] GC(152) Pause Relocate Start 0.018ms
[28.060s][info   ][gc,phases   ] GC(152) Concurrent Relocate 130.354ms
[28.060s][info   ][gc,load     ] GC(152) Load: 5.41/3.43/2.15
[28.060s][info   ][gc,mmu      ] GC(152) MMU: 2ms/94.6%, 5ms/97.9%, 10ms/98.9%, 20ms/99.5%, 50ms/99.7%, 100ms/99.8%
[28.060s][info   ][gc,marking  ] GC(152) Mark: 1 stripe(s), 2 proactive flush(es), 1 terminate flush(es), 0 completion(s), 0 continuation(s) 
[28.060s][info   ][gc,marking  ] GC(152) Mark Stack Usage: 32M
[28.060s][info   ][gc,nmethod  ] GC(152) NMethods: 104 registered, 0 unregistered
[28.060s][info   ][gc,metaspace] GC(152) Metaspace: 0M used, 0M committed, 1088M reserved
[28.060s][info   ][gc,ref      ] GC(152) Soft: 7 encountered, 0 discovered, 0 enqueued
[28.060s][info   ][gc,ref      ] GC(152) Weak: 37 encountered, 28 discovered, 0 enqueued
[28.060s][info   ][gc,ref      ] GC(152) Final: 0 encountered, 0 discovered, 0 enqueued
[28.060s][info   ][gc,ref      ] GC(152) Phantom: 5 encountered, 2 discovered, 0 enqueued
[28.060s][info   ][gc,reloc    ] GC(152) Small Pages: 5 / 10M, Empty: 0M, Relocated: 0M, In-Place: 0
[28.060s][info   ][gc,reloc    ] GC(152) Medium Pages: 53 / 1696M, Empty: 928M, Relocated: 109M, In-Place: 0
[28.060s][info   ][gc,reloc    ] GC(152) Large Pages: 0 / 0M, Empty: 0M, Relocated: 0M, In-Place: 0
[28.060s][info   ][gc,reloc    ] GC(152) Forwarding Usage: 0M
[28.060s][info   ][gc,heap     ] GC(152) Min Capacity: 2048M(100%)
[28.060s][info   ][gc,heap     ] GC(152) Max Capacity: 2048M(100%)
[28.060s][info   ][gc,heap     ] GC(152) Soft Max Capacity: 2048M(100%)
[28.060s][info   ][gc,heap     ] GC(152)                Mark Start          Mark End        Relocate Start      Relocate End           High               Low         
[28.060s][info   ][gc,heap     ] GC(152)  Capacity:     2048M (100%)       2048M (100%)       2048M (100%)       2048M (100%)       2048M (100%)       2048M (100%)   
[28.060s][info   ][gc,heap     ] GC(152)      Free:      342M (17%)          54M (3%)          886M (43%)         502M (25%)        1168M (57%)          22M (1%)     
[28.060s][info   ][gc,heap     ] GC(152)      Used:     1706M (83%)        1994M (97%)        1162M (57%)        1546M (75%)        2026M (99%)         880M (43%)    
[28.060s][info   ][gc,heap     ] GC(152)      Live:         -               205M (10%)         205M (10%)         205M (10%)            -                  -          
[28.060s][info   ][gc,heap     ] GC(152) Allocated:         -               288M (14%)         384M (19%)        1303M (64%)            -                  -          
[28.060s][info   ][gc,heap     ] GC(152)   Garbage:         -              1500M (73%)         572M (28%)          36M (2%)             -                  -          
[28.060s][info   ][gc,heap     ] GC(152) Reclaimed:         -                  -               928M (45%)        1463M (71%)            -                  -          
[28.060s][info   ][gc          ] GC(152) Garbage Collection (Allocation Rate) 1706M(83%)->1546M(75%)
[28.076s][info   ][gc,start    ] GC(153) Garbage Collection (Allocation Stall)
[28.076s][info   ][gc,ref      ] GC(153) Clearing All SoftReferences
[28.076s][info   ][gc,task     ] GC(153) Using 1 workers
[28.078s][info   ][gc,phases   ] GC(153) Pause Mark Start 0.014ms
[28.139s][info   ][gc,phases   ] GC(153) Concurrent Mark 50.256ms
[28.140s][info   ][gc,phases   ] GC(153) Pause Mark End 0.048ms
[28.140s][info   ][gc,phases   ] GC(153) Concurrent Mark Free 0.002ms
[28.140s][info   ][gc,phases   ] GC(153) Concurrent Process Non-Strong References 0.806ms
[28.140s][info   ][gc,phases   ] GC(153) Concurrent Reset Relocation Set 0.005ms
[28.142s][info   ][gc          ] Allocation Stall (Thread-2) 2.571ms
[28.142s][info   ][gc          ] Allocation Stall (Thread-5) 2.795ms
[28.142s][info   ][gc          ] Allocation Stall (Thread-4) 2.395ms
[28.143s][info   ][gc,phases   ] GC(153) Concurrent Select Relocation Set 2.309ms
[28.143s][info   ][gc          ] Allocation Stall (Thread-3) 4.327ms
[28.143s][info   ][gc          ] Allocation Stall (Thread-0) 4.374ms
[28.143s][info   ][gc          ] Allocation Stall (Thread-1) 4.327ms
[28.143s][info   ][gc          ] Allocation Stall (Thread-6) 4.399ms
[28.143s][info   ][gc,phases   ] GC(153) Pause Relocate Start 0.016ms
[28.232s][info   ][gc,phases   ] GC(153) Concurrent Relocate 88.662ms
[28.233s][info   ][gc,load     ] GC(153) Load: 5.41/3.43/2.15
[28.233s][info   ][gc,mmu      ] GC(153) MMU: 2ms/94.6%, 5ms/97.9%, 10ms/98.9%, 20ms/99.5%, 50ms/99.7%, 100ms/99.8%
[28.233s][info   ][gc,marking  ] GC(153) Mark: 1 stripe(s), 2 proactive flush(es), 1 terminate flush(es), 0 completion(s), 0 continuation(s) 
[28.233s][info   ][gc,marking  ] GC(153) Mark Stack Usage: 32M
[28.233s][info   ][gc,nmethod  ] GC(153) NMethods: 104 registered, 0 unregistered
[28.233s][info   ][gc,metaspace] GC(153) Metaspace: 0M used, 0M committed, 1088M reserved
[28.233s][info   ][gc,ref      ] GC(153) Soft: 7 encountered, 5 discovered, 0 enqueued
[28.233s][info   ][gc,ref      ] GC(153) Weak: 37 encountered, 28 discovered, 0 enqueued
[28.233s][info   ][gc,ref      ] GC(153) Final: 0 encountered, 0 discovered, 0 enqueued
[28.233s][info   ][gc,ref      ] GC(153) Phantom: 5 encountered, 2 discovered, 0 enqueued
[28.233s][info   ][gc,reloc    ] GC(153) Small Pages: 5 / 10M, Empty: 0M, Relocated: 0M, In-Place: 0
[28.233s][info   ][gc,reloc    ] GC(153) Medium Pages: 52 / 1664M, Empty: 608M, Relocated: 133M, In-Place: 0
[28.233s][info   ][gc,reloc    ] GC(153) Large Pages: 0 / 0M, Empty: 0M, Relocated: 0M, In-Place: 0
[28.233s][info   ][gc,reloc    ] GC(153) Forwarding Usage: 0M
[28.233s][info   ][gc,heap     ] GC(153) Min Capacity: 2048M(100%)
[28.233s][info   ][gc,heap     ] GC(153) Max Capacity: 2048M(100%)
[28.233s][info   ][gc,heap     ] GC(153) Soft Max Capacity: 2048M(100%)
[28.233s][info   ][gc,heap     ] GC(153)                Mark Start          Mark End        Relocate Start      Relocate End           High               Low         
[28.233s][info   ][gc,heap     ] GC(153)  Capacity:     2048M (100%)       2048M (100%)       2048M (100%)       2048M (100%)       2048M (100%)       2048M (100%)   
[28.233s][info   ][gc,heap     ] GC(153)      Free:      374M (18%)          22M (1%)          598M (29%)         790M (39%)        1102M (54%)          22M (1%)     
[28.233s][info   ][gc,heap     ] GC(153)      Used:     1674M (82%)        2026M (99%)        1450M (71%)        1258M (61%)        2026M (99%)         946M (46%)    
[28.233s][info   ][gc,heap     ] GC(153)      Live:         -               278M (14%)         278M (14%)         278M (14%)            -                  -          
[28.233s][info   ][gc,heap     ] GC(153) Allocated:         -               352M (17%)         384M (19%)         900M (44%)            -                  -          
[28.233s][info   ][gc,heap     ] GC(153)   Garbage:         -              1395M (68%)         787M (38%)          78M (4%)             -                  -          
[28.234s][info   ][gc,heap     ] GC(153) Reclaimed:         -                  -               608M (30%)        1316M (64%)            -                  -          
[28.234s][info   ][gc          ] GC(153) Garbage Collection (Allocation Stall) 1674M(82%)->1258M(61%)
[28.277s][info   ][gc,start    ] GC(154) Garbage Collection (Allocation Stall)
[28.277s][info   ][gc,ref      ] GC(154) Clearing All SoftReferences
[28.277s][info   ][gc,task     ] GC(154) Using 1 workers
[28.278s][info   ][gc,phases   ] GC(154) Pause Mark Start 0.013ms
[28.316s][info   ][gc,phases   ] GC(154) Concurrent Mark 32.632ms
[28.317s][info   ][gc,phases   ] GC(154) Pause Mark End 0.039ms
[28.317s][info   ][gc,phases   ] GC(154) Concurrent Mark Free 0.003ms
[28.325s][info   ][gc,phases   ] GC(154) Concurrent Process Non-Strong References 8.008ms
[28.325s][info   ][gc,phases   ] GC(154) Concurrent Reset Relocation Set 0.013ms
[28.327s][info   ][gc,phases   ] GC(154) Concurrent Select Relocation Set 1.637ms
[28.327s][info   ][gc,phases   ] GC(154) Pause Relocate Start 0.019ms
[28.446s][info   ][gc,phases   ] GC(154) Concurrent Relocate 119.263ms
[28.447s][info   ][gc,load     ] GC(154) Load: 5.41/3.43/2.15
[28.447s][info   ][gc,mmu      ] GC(154) MMU: 2ms/94.6%, 5ms/97.9%, 10ms/98.9%, 20ms/99.5%, 50ms/99.7%, 100ms/99.8%
[28.447s][info   ][gc,marking  ] GC(154) Mark: 1 stripe(s), 2 proactive flush(es), 1 terminate flush(es), 0 completion(s), 0 continuation(s) 
[28.447s][info   ][gc,marking  ] GC(154) Mark Stack Usage: 32M
[28.447s][info   ][gc,nmethod  ] GC(154) NMethods: 104 registered, 0 unregistered
[28.447s][info   ][gc,metaspace] GC(154) Metaspace: 0M used, 0M committed, 1088M reserved
[28.447s][info   ][gc,ref      ] GC(154) Soft: 7 encountered, 5 discovered, 0 enqueued
[28.447s][info   ][gc,ref      ] GC(154) Weak: 37 encountered, 28 discovered, 0 enqueued
[28.447s][info   ][gc,ref      ] GC(154) Final: 0 encountered, 0 discovered, 0 enqueued
[28.447s][info   ][gc,ref      ] GC(154) Phantom: 5 encountered, 2 discovered, 0 enqueued
[28.447s][info   ][gc,reloc    ] GC(154) Small Pages: 5 / 10M, Empty: 0M, Relocated: 0M, In-Place: 0
[28.447s][info   ][gc,reloc    ] GC(154) Medium Pages: 50 / 1600M, Empty: 384M, Relocated: 190M, In-Place: 0
[28.447s][info   ][gc,reloc    ] GC(154) Large Pages: 0 / 0M, Empty: 0M, Relocated: 0M, In-Place: 0
[28.447s][info   ][gc,reloc    ] GC(154) Forwarding Usage: 0M
[28.447s][info   ][gc,heap     ] GC(154) Min Capacity: 2048M(100%)
[28.447s][info   ][gc,heap     ] GC(154) Max Capacity: 2048M(100%)
[28.447s][info   ][gc,heap     ] GC(154) Soft Max Capacity: 2048M(100%)
[28.447s][info   ][gc,heap     ] GC(154)                Mark Start          Mark End        Relocate Start      Relocate End           High               Low         
[28.447s][info   ][gc,heap     ] GC(154)  Capacity:     2048M (100%)       2048M (100%)       2048M (100%)       2048M (100%)       2048M (100%)       2048M (100%)   
[28.447s][info   ][gc,heap     ] GC(154)      Free:      438M (21%)         150M (7%)          432M (21%)         502M (25%)        1070M (52%)          80M (4%)     
[28.447s][info   ][gc,heap     ] GC(154)      Used:     1610M (79%)        1898M (93%)        1616M (79%)        1546M (75%)        1968M (96%)         978M (48%)    
[28.447s][info   ][gc,heap     ] GC(154)      Live:         -               332M (16%)         332M (16%)         332M (16%)            -                  -          
[28.447s][info   ][gc,heap     ] GC(154) Allocated:         -               288M (14%)         390M (19%)        1128M (55%)            -                  -          
[28.447s][info   ][gc,heap     ] GC(154)   Garbage:         -              1277M (62%)         893M (44%)          85M (4%)             -                  -          
[28.447s][info   ][gc,heap     ] GC(154) Reclaimed:         -                  -               384M (19%)        1192M (58%)            -                  -          
[28.447s][info   ][gc          ] GC(154) Garbage Collection (Allocation Stall) 1610M(79%)->1546M(75%)
[28.475s][info   ][gc,start    ] GC(155) Garbage Collection (Allocation Rate)
[28.476s][info   ][gc,task     ] GC(155) Using 1 workers
[28.480s][info   ][gc,phases   ] GC(155) Pause Mark Start 0.021ms
[28.508s][info   ][gc,phases   ] GC(155) Concurrent Mark 27.435ms
[28.508s][info   ][gc,phases   ] GC(155) Pause Mark End 0.017ms
[28.508s][info   ][gc,phases   ] GC(155) Concurrent Mark Free 0.002ms
[28.509s][info   ][gc,phases   ] GC(155) Concurrent Process Non-Strong References 0.654ms
[28.509s][info   ][gc,phases   ] GC(155) Concurrent Reset Relocation Set 0.004ms
[28.510s][info   ][gc          ] Allocation Stall (Thread-5) 2.406ms
[28.510s][info   ][gc          ] Allocation Stall (Thread-3) 2.202ms
[28.510s][info   ][gc          ] Allocation Stall (Thread-0) 2.458ms
[28.510s][info   ][gc,phases   ] GC(155) Concurrent Select Relocation Set 1.034ms
[28.510s][info   ][gc          ] Allocation Stall (Thread-6) 2.555ms
[28.513s][info   ][gc          ] Allocation Stall (Thread-4) 5.063ms
[28.513s][info   ][gc,phases   ] GC(155) Pause Relocate Start 0.011ms
[28.574s][info   ][gc,phases   ] GC(155) Concurrent Relocate 60.356ms
[28.574s][info   ][gc,load     ] GC(155) Load: 5.41/3.43/2.15
[28.574s][info   ][gc,mmu      ] GC(155) MMU: 2ms/94.6%, 5ms/97.9%, 10ms/98.9%, 20ms/99.5%, 50ms/99.7%, 100ms/99.8%
[28.574s][info   ][gc,marking  ] GC(155) Mark: 1 stripe(s), 2 proactive flush(es), 1 terminate flush(es), 0 completion(s), 0 continuation(s) 
[28.574s][info   ][gc,marking  ] GC(155) Mark Stack Usage: 32M
[28.574s][info   ][gc,nmethod  ] GC(155) NMethods: 104 registered, 0 unregistered
[28.574s][info   ][gc,metaspace] GC(155) Metaspace: 0M used, 0M committed, 1088M reserved
[28.574s][info   ][gc,ref      ] GC(155) Soft: 7 encountered, 0 discovered, 0 enqueued
[28.574s][info   ][gc,ref      ] GC(155) Weak: 37 encountered, 28 discovered, 0 enqueued
[28.574s][info   ][gc,ref      ] GC(155) Final: 0 encountered, 0 discovered, 0 enqueued
[28.574s][info   ][gc,ref      ] GC(155) Phantom: 5 encountered, 2 discovered, 0 enqueued
[28.574s][info   ][gc,reloc    ] GC(155) Small Pages: 5 / 10M, Empty: 0M, Relocated: 0M, In-Place: 0
[28.574s][info   ][gc,reloc    ] GC(155) Medium Pages: 56 / 1792M, Empty: 512M, Relocated: 219M, In-Place: 0
[28.574s][info   ][gc,reloc    ] GC(155) Large Pages: 0 / 0M, Empty: 0M, Relocated: 0M, In-Place: 0
[28.574s][info   ][gc,reloc    ] GC(155) Forwarding Usage: 0M
[28.574s][info   ][gc,heap     ] GC(155) Min Capacity: 2048M(100%)
[28.574s][info   ][gc,heap     ] GC(155) Max Capacity: 2048M(100%)
[28.574s][info   ][gc,heap     ] GC(155) Soft Max Capacity: 2048M(100%)
[28.574s][info   ][gc,heap     ] GC(155)                Mark Start          Mark End        Relocate Start      Relocate End           High               Low         
[28.574s][info   ][gc,heap     ] GC(155)  Capacity:     2048M (100%)       2048M (100%)       2048M (100%)       2048M (100%)       2048M (100%)       2048M (100%)   
[28.574s][info   ][gc,heap     ] GC(155)      Free:      246M (12%)          22M (1%)          502M (25%)        1142M (56%)        1294M (63%)          22M (1%)     
[28.574s][info   ][gc,heap     ] GC(155)      Used:     1802M (88%)        2026M (99%)        1546M (75%)         906M (44%)        2026M (99%)         754M (37%)    
[28.574s][info   ][gc,heap     ] GC(155)      Live:         -               352M (17%)         352M (17%)         352M (17%)            -                  -          
[28.574s][info   ][gc,heap     ] GC(155) Allocated:         -               224M (11%)         256M (12%)         519M (25%)            -                  -          
[28.574s][info   ][gc,heap     ] GC(155)   Garbage:         -              1449M (71%)         937M (46%)          34M (2%)             -                  -          
[28.574s][info   ][gc,heap     ] GC(155) Reclaimed:         -                  -               512M (25%)        1415M (69%)            -                  -          
[28.574s][info   ][gc          ] GC(155) Garbage Collection (Allocation Rate) 1802M(88%)->906M(44%)
[28.576s][info   ][gc,start    ] GC(156) Garbage Collection (Allocation Stall)
[28.576s][info   ][gc,ref      ] GC(156) Clearing All SoftReferences
[28.576s][info   ][gc,task     ] GC(156) Using 1 workers
[28.576s][info   ][gc,phases   ] GC(156) Pause Mark Start 0.012ms
[28.594s][info   ][gc,phases   ] GC(156) Concurrent Mark 17.745ms
[28.595s][info   ][gc,phases   ] GC(156) Pause Mark End 0.041ms
[28.595s][info   ][gc,phases   ] GC(156) Concurrent Mark Free 0.002ms
[28.605s][info   ][gc,phases   ] GC(156) Concurrent Process Non-Strong References 10.160ms
[28.605s][info   ][gc,phases   ] GC(156) Concurrent Reset Relocation Set 0.039ms
[28.608s][info   ][gc,phases   ] GC(156) Concurrent Select Relocation Set 2.201ms
[28.608s][info   ][gc,phases   ] GC(156) Pause Relocate Start 0.023ms
[28.672s][info   ][gc,phases   ] GC(156) Concurrent Relocate 64.253ms
[28.673s][info   ][gc,load     ] GC(156) Load: 5.41/3.43/2.15
[28.673s][info   ][gc,mmu      ] GC(156) MMU: 2ms/94.6%, 5ms/97.9%, 10ms/98.9%, 20ms/99.5%, 50ms/99.7%, 100ms/99.8%
[28.673s][info   ][gc,marking  ] GC(156) Mark: 1 stripe(s), 2 proactive flush(es), 1 terminate flush(es), 0 completion(s), 0 continuation(s) 
[28.673s][info   ][gc,marking  ] GC(156) Mark Stack Usage: 32M
[28.673s][info   ][gc,nmethod  ] GC(156) NMethods: 104 registered, 0 unregistered
[28.673s][info   ][gc,metaspace] GC(156) Metaspace: 0M used, 0M committed, 1088M reserved
[28.673s][info   ][gc,ref      ] GC(156) Soft: 7 encountered, 5 discovered, 0 enqueued
[28.673s][info   ][gc,ref      ] GC(156) Weak: 37 encountered, 28 discovered, 0 enqueued
[28.673s][info   ][gc,ref      ] GC(156) Final: 0 encountered, 0 discovered, 0 enqueued
[28.673s][info   ][gc,ref      ] GC(156) Phantom: 5 encountered, 2 discovered, 0 enqueued
[28.673s][info   ][gc,reloc    ] GC(156) Small Pages: 5 / 10M, Empty: 0M, Relocated: 0M, In-Place: 0
[28.673s][info   ][gc,reloc    ] GC(156) Medium Pages: 28 / 896M, Empty: 64M, Relocated: 250M, In-Place: 0
[28.673s][info   ][gc,reloc    ] GC(156) Large Pages: 0 / 0M, Empty: 0M, Relocated: 0M, In-Place: 0
[28.673s][info   ][gc,reloc    ] GC(156) Forwarding Usage: 0M
[28.673s][info   ][gc,heap     ] GC(156) Min Capacity: 2048M(100%)
[28.673s][info   ][gc,heap     ] GC(156) Max Capacity: 2048M(100%)
[28.673s][info   ][gc,heap     ] GC(156) Soft Max Capacity: 2048M(100%)
[28.673s][info   ][gc,heap     ] GC(156)                Mark Start          Mark End        Relocate Start      Relocate End           High               Low         
[28.673s][info   ][gc,heap     ] GC(156)  Capacity:     2048M (100%)       2048M (100%)       2048M (100%)       2048M (100%)       2048M (100%)       2048M (100%)   
[28.673s][info   ][gc,heap     ] GC(156)      Free:     1142M (56%)         982M (48%)         950M (46%)        1176M (57%)        1232M (60%)         886M (43%)    
[28.673s][info   ][gc,heap     ] GC(156)      Used:      906M (44%)        1066M (52%)        1098M (54%)         872M (43%)        1162M (57%)         816M (40%)    
[28.673s][info   ][gc,heap     ] GC(156)      Live:         -               361M (18%)         361M (18%)         361M (18%)            -                  -          
[28.673s][info   ][gc,heap     ] GC(156) Allocated:         -               160M (8%)          256M (12%)         486M (24%)            -                  -          
[28.673s][info   ][gc,heap     ] GC(156)   Garbage:         -               544M (27%)         480M (23%)          24M (1%)             -                  -          
[28.673s][info   ][gc,heap     ] GC(156) Reclaimed:         -                  -                64M (3%)          520M (25%)            -                  -          
[28.673s][info   ][gc          ] GC(156) Garbage Collection (Allocation Stall) 906M(44%)->872M(43%)
[28.676s][info   ][gc,start    ] GC(157) Garbage Collection (Allocation Rate)
[28.676s][info   ][gc,task     ] GC(157) Using 1 workers
[28.677s][info   ][gc,phases   ] GC(157) Pause Mark Start 0.011ms
[28.691s][info   ][gc,phases   ] GC(157) Concurrent Mark 13.797ms
[28.691s][info   ][gc,phases   ] GC(157) Pause Mark End 0.035ms
[28.694s][info   ][gc,phases   ] GC(157) Concurrent Mark Free 0.004ms
[28.698s][info   ][gc,phases   ] GC(157) Concurrent Process Non-Strong References 3.987ms
[28.698s][info   ][gc,phases   ] GC(157) Concurrent Reset Relocation Set 0.010ms
[28.699s][info   ][gc,phases   ] GC(157) Concurrent Select Relocation Set 1.011ms
[28.699s][info   ][gc,phases   ] GC(157) Pause Relocate Start 0.026ms
[28.768s][info   ][gc,phases   ] GC(157) Concurrent Relocate 67.768ms
[28.768s][info   ][gc,load     ] GC(157) Load: 5.41/3.43/2.15
[28.768s][info   ][gc,mmu      ] GC(157) MMU: 2ms/94.6%, 5ms/97.9%, 10ms/98.9%, 20ms/99.5%, 50ms/99.7%, 100ms/99.8%
[28.768s][info   ][gc,marking  ] GC(157) Mark: 1 stripe(s), 2 proactive flush(es), 1 terminate flush(es), 0 completion(s), 0 continuation(s) 
[28.768s][info   ][gc,marking  ] GC(157) Mark Stack Usage: 32M
[28.768s][info   ][gc,nmethod  ] GC(157) NMethods: 104 registered, 0 unregistered
[28.768s][info   ][gc,metaspace] GC(157) Metaspace: 0M used, 0M committed, 1088M reserved
[28.768s][info   ][gc,ref      ] GC(157) Soft: 7 encountered, 0 discovered, 0 enqueued
[28.768s][info   ][gc,ref      ] GC(157) Weak: 37 encountered, 28 discovered, 0 enqueued
[28.768s][info   ][gc,ref      ] GC(157) Final: 0 encountered, 0 discovered, 0 enqueued
[28.768s][info   ][gc,ref      ] GC(157) Phantom: 5 encountered, 2 discovered, 0 enqueued
[28.768s][info   ][gc,reloc    ] GC(157) Small Pages: 4 / 8M, Empty: 0M, Relocated: 0M, In-Place: 0
[28.768s][info   ][gc,reloc    ] GC(157) Medium Pages: 28 / 896M, Empty: 32M, Relocated: 217M, In-Place: 0
[28.768s][info   ][gc,reloc    ] GC(157) Large Pages: 0 / 0M, Empty: 0M, Relocated: 0M, In-Place: 0
[28.768s][info   ][gc,reloc    ] GC(157) Forwarding Usage: 0M
[28.768s][info   ][gc,heap     ] GC(157) Min Capacity: 2048M(100%)
[28.768s][info   ][gc,heap     ] GC(157) Max Capacity: 2048M(100%)
[28.768s][info   ][gc,heap     ] GC(157) Soft Max Capacity: 2048M(100%)
[28.768s][info   ][gc,heap     ] GC(157)                Mark Start          Mark End        Relocate Start      Relocate End           High               Low         
[28.768s][info   ][gc,heap     ] GC(157)  Capacity:     2048M (100%)       2048M (100%)       2048M (100%)       2048M (100%)       2048M (100%)       2048M (100%)   
[28.768s][info   ][gc,heap     ] GC(157)      Free:     1144M (56%)        1016M (50%)         952M (46%)        1078M (53%)        1168M (57%)         912M (45%)    
[28.769s][info   ][gc,heap     ] GC(157)      Used:      904M (44%)        1032M (50%)        1096M (54%)         970M (47%)        1136M (55%)         880M (43%)    
[28.769s][info   ][gc,heap     ] GC(157)      Live:         -               369M (18%)         369M (18%)         369M (18%)            -                  -          
[28.769s][info   ][gc,heap     ] GC(157) Allocated:         -               128M (6%)          224M (11%)         525M (26%)            -                  -          
[28.769s][info   ][gc,heap     ] GC(157)   Garbage:         -               534M (26%)         502M (25%)          75M (4%)             -                  -          
[28.769s][info   ][gc,heap     ] GC(157) Reclaimed:         -                  -                32M (2%)          459M (22%)            -                  -          
[28.769s][info   ][gc          ] GC(157) Garbage Collection (Allocation Rate) 904M(44%)->970M(47%)
[28.776s][info   ][gc,start    ] GC(158) Garbage Collection (Allocation Rate)
[28.776s][info   ][gc,task     ] GC(158) Using 1 workers
[28.778s][info   ][gc,phases   ] GC(158) Pause Mark Start 0.012ms
[28.791s][info   ][gc,phases   ] GC(158) Concurrent Mark 12.817ms
[28.792s][info   ][gc,phases   ] GC(158) Pause Mark End 0.022ms
[28.795s][info   ][gc,phases   ] GC(158) Concurrent Mark Free 0.005ms
[28.802s][info   ][gc,phases   ] GC(158) Concurrent Process Non-Strong References 6.514ms
[28.802s][info   ][gc,phases   ] GC(158) Concurrent Reset Relocation Set 0.011ms
[28.803s][info   ][gc,phases   ] GC(158) Concurrent Select Relocation Set 1.093ms
[28.803s][info   ][gc,phases   ] GC(158) Pause Relocate Start 0.013ms
[28.894s][info   ][gc,phases   ] GC(158) Concurrent Relocate 90.658ms
[28.894s][info   ][gc,load     ] GC(158) Load: 5.41/3.43/2.15
[28.894s][info   ][gc,mmu      ] GC(158) MMU: 2ms/94.6%, 5ms/97.9%, 10ms/98.9%, 20ms/99.5%, 50ms/99.7%, 100ms/99.8%
[28.894s][info   ][gc,marking  ] GC(158) Mark: 1 stripe(s), 2 proactive flush(es), 1 terminate flush(es), 0 completion(s), 0 continuation(s) 
[28.894s][info   ][gc,marking  ] GC(158) Mark Stack Usage: 32M
[28.894s][info   ][gc,nmethod  ] GC(158) NMethods: 104 registered, 0 unregistered
[28.894s][info   ][gc,metaspace] GC(158) Metaspace: 0M used, 0M committed, 1088M reserved
[28.894s][info   ][gc,ref      ] GC(158) Soft: 7 encountered, 0 discovered, 0 enqueued
[28.894s][info   ][gc,ref      ] GC(158) Weak: 37 encountered, 28 discovered, 0 enqueued
[28.894s][info   ][gc,ref      ] GC(158) Final: 0 encountered, 0 discovered, 0 enqueued
[28.894s][info   ][gc,ref      ] GC(158) Phantom: 5 encountered, 2 discovered, 0 enqueued
[28.894s][info   ][gc,reloc    ] GC(158) Small Pages: 5 / 10M, Empty: 0M, Relocated: 0M, In-Place: 0
[28.894s][info   ][gc,reloc    ] GC(158) Medium Pages: 33 / 1056M, Empty: 32M, Relocated: 251M, In-Place: 0
[28.894s][info   ][gc,reloc    ] GC(158) Large Pages: 0 / 0M, Empty: 0M, Relocated: 0M, In-Place: 0
[28.894s][info   ][gc,reloc    ] GC(158) Forwarding Usage: 0M
[28.894s][info   ][gc,heap     ] GC(158) Min Capacity: 2048M(100%)
[28.894s][info   ][gc,heap     ] GC(158) Max Capacity: 2048M(100%)
[28.894s][info   ][gc,heap     ] GC(158) Soft Max Capacity: 2048M(100%)
[28.894s][info   ][gc,heap     ] GC(158)                Mark Start          Mark End        Relocate Start      Relocate End           High               Low         
[28.894s][info   ][gc,heap     ] GC(158)  Capacity:     2048M (100%)       2048M (100%)       2048M (100%)       2048M (100%)       2048M (100%)       2048M (100%)   
[28.894s][info   ][gc,heap     ] GC(158)      Free:      982M (48%)         854M (42%)         790M (39%)         950M (46%)        1166M (57%)         750M (37%)    
[28.894s][info   ][gc,heap     ] GC(158)      Used:     1066M (52%)        1194M (58%)        1258M (61%)        1098M (54%)        1298M (63%)         882M (43%)    
[28.894s][info   ][gc,heap     ] GC(158)      Live:         -               358M (17%)         358M (17%)         358M (17%)            -                  -          
[28.894s][info   ][gc,heap     ] GC(158) Allocated:         -               128M (6%)          224M (11%)         698M (34%)            -                  -          
[28.894s][info   ][gc,heap     ] GC(158)   Garbage:         -               707M (35%)         675M (33%)          41M (2%)             -                  -          
[28.894s][info   ][gc,heap     ] GC(158) Reclaimed:         -                  -                32M (2%)          666M (33%)            -                  -          
[28.894s][info   ][gc          ] GC(158) Garbage Collection (Allocation Rate) 1066M(52%)->1098M(54%)
[28.976s][info   ][gc,start    ] GC(159) Garbage Collection (Allocation Rate)
[28.976s][info   ][gc,task     ] GC(159) Using 1 workers
[28.976s][info   ][gc,phases   ] GC(159) Pause Mark Start 0.011ms
[28.978s][info   ][gc,phases   ] GC(159) Concurrent Mark 1.967ms
[28.978s][info   ][gc,phases   ] GC(159) Pause Mark End 0.010ms
[28.978s][info   ][gc,phases   ] GC(159) Concurrent Mark Free 0.001ms
[28.979s][info   ][gc,phases   ] GC(159) Concurrent Process Non-Strong References 0.501ms
[28.979s][info   ][gc,phases   ] GC(159) Concurrent Reset Relocation Set 0.005ms
[28.980s][info   ][gc,phases   ] GC(159) Concurrent Select Relocation Set 0.916ms
[28.980s][info   ][gc,phases   ] GC(159) Pause Relocate Start 0.010ms
[29.013s][info   ][gc,phases   ] GC(159) Concurrent Relocate 32.623ms
[29.013s][info   ][gc,load     ] GC(159) Load: 5.41/3.43/2.15
[29.013s][info   ][gc,mmu      ] GC(159) MMU: 2ms/94.6%, 5ms/97.9%, 10ms/98.9%, 20ms/99.5%, 50ms/99.7%, 100ms/99.8%
[29.013s][info   ][gc,marking  ] GC(159) Mark: 1 stripe(s), 1 proactive flush(es), 1 terminate flush(es), 0 completion(s), 0 continuation(s) 
[29.013s][info   ][gc,marking  ] GC(159) Mark Stack Usage: 32M
[29.013s][info   ][gc,nmethod  ] GC(159) NMethods: 104 registered, 0 unregistered
[29.013s][info   ][gc,metaspace] GC(159) Metaspace: 0M used, 0M committed, 1088M reserved
[29.013s][info   ][gc,ref      ] GC(159) Soft: 7 encountered, 0 discovered, 0 enqueued
[29.013s][info   ][gc,ref      ] GC(159) Weak: 37 encountered, 28 discovered, 0 enqueued
[29.013s][info   ][gc,ref      ] GC(159) Final: 0 encountered, 0 discovered, 0 enqueued
[29.013s][info   ][gc,ref      ] GC(159) Phantom: 5 encountered, 2 discovered, 0 enqueued
[29.013s][info   ][gc,reloc    ] GC(159) Small Pages: 5 / 10M, Empty: 2M, Relocated: 0M, In-Place: 0
[29.013s][info   ][gc,reloc    ] GC(159) Medium Pages: 52 / 1664M, Empty: 224M, Relocated: 193M, In-Place: 0
[29.013s][info   ][gc,reloc    ] GC(159) Large Pages: 0 / 0M, Empty: 0M, Relocated: 0M, In-Place: 0
[29.013s][info   ][gc,reloc    ] GC(159) Forwarding Usage: 0M
[29.013s][info   ][gc,heap     ] GC(159) Min Capacity: 2048M(100%)
[29.013s][info   ][gc,heap     ] GC(159) Max Capacity: 2048M(100%)
[29.013s][info   ][gc,heap     ] GC(159) Soft Max Capacity: 2048M(100%)
[29.013s][info   ][gc,heap     ] GC(159)                Mark Start          Mark End        Relocate Start      Relocate End           High               Low         
[29.013s][info   ][gc,heap     ] GC(159)  Capacity:     2048M (100%)       2048M (100%)       2048M (100%)       2048M (100%)       2048M (100%)       2048M (100%)   
[29.013s][info   ][gc,heap     ] GC(159)      Free:      374M (18%)         374M (18%)         568M (28%)        1562M (76%)        1562M (76%)         342M (17%)    
[29.013s][info   ][gc,heap     ] GC(159)      Used:     1674M (82%)        1674M (82%)        1480M (72%)         486M (24%)        1706M (83%)         486M (24%)    
[29.013s][info   ][gc,heap     ] GC(159)      Live:         -               350M (17%)         350M (17%)         350M (17%)            -                  -          
[29.013s][info   ][gc,heap     ] GC(159) Allocated:         -                 0M (0%)           32M (2%)           65M (3%)             -                  -          
[29.013s][info   ][gc,heap     ] GC(159)   Garbage:         -              1323M (65%)        1097M (54%)          70M (3%)             -                  -          
[29.013s][info   ][gc,heap     ] GC(159) Reclaimed:         -                  -               226M (11%)        1253M (61%)            -                  -          
[29.013s][info   ][gc          ] GC(159) Garbage Collection (Allocation Rate) 1674M(82%)->486M(24%)
[29.076s][info   ][gc,start    ] GC(160) Garbage Collection (Allocation Rate)
[29.077s][info   ][gc,task     ] GC(160) Using 1 workers
[29.077s][info   ][gc,phases   ] GC(160) Pause Mark Start 0.010ms
[29.082s][info   ][gc,phases   ] GC(160) Concurrent Mark 5.325ms
[29.083s][info   ][gc,phases   ] GC(160) Pause Mark End 0.018ms
[29.083s][info   ][gc,phases   ] GC(160) Concurrent Mark Free 0.001ms
[29.084s][info   ][gc,phases   ] GC(160) Concurrent Process Non-Strong References 0.870ms
[29.084s][info   ][gc,phases   ] GC(160) Concurrent Reset Relocation Set 0.011ms
[29.085s][info   ][gc,phases   ] GC(160) Concurrent Select Relocation Set 1.069ms
[29.085s][info   ][gc,phases   ] GC(160) Pause Relocate Start 0.010ms
[29.121s][info   ][gc,phases   ] GC(160) Concurrent Relocate 35.696ms
[29.121s][info   ][gc,load     ] GC(160) Load: 5.41/3.43/2.15
[29.121s][info   ][gc,mmu      ] GC(160) MMU: 2ms/94.6%, 5ms/97.9%, 10ms/98.9%, 20ms/99.5%, 50ms/99.7%, 100ms/99.8%
[29.121s][info   ][gc,marking  ] GC(160) Mark: 1 stripe(s), 2 proactive flush(es), 1 terminate flush(es), 0 completion(s), 0 continuation(s) 
[29.121s][info   ][gc,marking  ] GC(160) Mark Stack Usage: 32M
[29.121s][info   ][gc,nmethod  ] GC(160) NMethods: 104 registered, 0 unregistered
[29.121s][info   ][gc,metaspace] GC(160) Metaspace: 0M used, 0M committed, 1088M reserved
[29.121s][info   ][gc,ref      ] GC(160) Soft: 7 encountered, 0 discovered, 0 enqueued
[29.121s][info   ][gc,ref      ] GC(160) Weak: 37 encountered, 28 discovered, 0 enqueued
[29.121s][info   ][gc,ref      ] GC(160) Final: 0 encountered, 0 discovered, 0 enqueued
[29.121s][info   ][gc,ref      ] GC(160) Phantom: 5 encountered, 2 discovered, 0 enqueued
[29.121s][info   ][gc,reloc    ] GC(160) Small Pages: 3 / 6M, Empty: 0M, Relocated: 0M, In-Place: 0
[29.121s][info   ][gc,reloc    ] GC(160) Medium Pages: 24 / 768M, Empty: 0M, Relocated: 217M, In-Place: 0
[29.121s][info   ][gc,reloc    ] GC(160) Large Pages: 0 / 0M, Empty: 0M, Relocated: 0M, In-Place: 0
[29.121s][info   ][gc,reloc    ] GC(160) Forwarding Usage: 0M
[29.121s][info   ][gc,heap     ] GC(160) Min Capacity: 2048M(100%)
[29.121s][info   ][gc,heap     ] GC(160) Max Capacity: 2048M(100%)
[29.121s][info   ][gc,heap     ] GC(160) Soft Max Capacity: 2048M(100%)
[29.121s][info   ][gc,heap     ] GC(160)                Mark Start          Mark End        Relocate Start      Relocate End           High               Low         
[29.121s][info   ][gc,heap     ] GC(160)  Capacity:     2048M (100%)       2048M (100%)       2048M (100%)       2048M (100%)       2048M (100%)       2048M (100%)   
[29.121s][info   ][gc,heap     ] GC(160)      Free:     1274M (62%)        1210M (59%)        1210M (59%)        1562M (76%)        1562M (76%)        1142M (56%)    
[29.121s][info   ][gc,heap     ] GC(160)      Used:      774M (38%)         838M (41%)         838M (41%)         486M (24%)         906M (44%)         486M (24%)    
[29.121s][info   ][gc,heap     ] GC(160)      Live:         -               338M (17%)         338M (17%)         338M (17%)            -                  -          
[29.121s][info   ][gc,heap     ] GC(160) Allocated:         -                64M (3%)           64M (3%)          101M (5%)             -                  -          
[29.121s][info   ][gc,heap     ] GC(160)   Garbage:         -               435M (21%)         435M (21%)          46M (2%)             -                  -          
[29.121s][info   ][gc,heap     ] GC(160) Reclaimed:         -                  -                 0M (0%)          389M (19%)            -                  -          
[29.121s][info   ][gc          ] GC(160) Garbage Collection (Allocation Rate) 774M(38%)->486M(24%)
[29.176s][info   ][gc,start    ] GC(161) Garbage Collection (Allocation Rate)
[29.176s][info   ][gc,task     ] GC(161) Using 1 workers
[29.176s][info   ][gc,phases   ] GC(161) Pause Mark Start 0.010ms
[29.179s][info   ][gc,phases   ] GC(161) Concurrent Mark 3.013ms
[29.179s][info   ][gc,phases   ] GC(161) Pause Mark End 0.014ms
[29.180s][info   ][gc,phases   ] GC(161) Concurrent Mark Free 0.001ms
[29.180s][info   ][gc,phases   ] GC(161) Concurrent Process Non-Strong References 0.616ms
[29.180s][info   ][gc,phases   ] GC(161) Concurrent Reset Relocation Set 0.004ms
[29.181s][info   ][gc,phases   ] GC(161) Concurrent Select Relocation Set 1.050ms
[29.182s][info   ][gc,phases   ] GC(161) Pause Relocate Start 0.008ms
[29.208s][info   ][gc,phases   ] GC(161) Concurrent Relocate 25.924ms
[29.208s][info   ][gc,load     ] GC(161) Load: 5.41/3.43/2.15
[29.208s][info   ][gc,mmu      ] GC(161) MMU: 2ms/94.6%, 5ms/97.9%, 10ms/98.9%, 20ms/99.5%, 50ms/99.7%, 100ms/99.8%
[29.208s][info   ][gc,marking  ] GC(161) Mark: 1 stripe(s), 2 proactive flush(es), 1 terminate flush(es), 0 completion(s), 0 continuation(s) 
[29.208s][info   ][gc,marking  ] GC(161) Mark Stack Usage: 32M
[29.208s][info   ][gc,nmethod  ] GC(161) NMethods: 104 registered, 0 unregistered
[29.208s][info   ][gc,metaspace] GC(161) Metaspace: 0M used, 0M committed, 1088M reserved
[29.208s][info   ][gc,ref      ] GC(161) Soft: 7 encountered, 0 discovered, 0 enqueued
[29.208s][info   ][gc,ref      ] GC(161) Weak: 37 encountered, 28 discovered, 0 enqueued
[29.208s][info   ][gc,ref      ] GC(161) Final: 0 encountered, 0 discovered, 0 enqueued
[29.208s][info   ][gc,ref      ] GC(161) Phantom: 5 encountered, 2 discovered, 0 enqueued
[29.208s][info   ][gc,reloc    ] GC(161) Small Pages: 3 / 6M, Empty: 0M, Relocated: 0M, In-Place: 0
[29.208s][info   ][gc,reloc    ] GC(161) Medium Pages: 19 / 608M, Empty: 0M, Relocated: 163M, In-Place: 0
[29.208s][info   ][gc,reloc    ] GC(161) Large Pages: 0 / 0M, Empty: 0M, Relocated: 0M, In-Place: 0
[29.208s][info   ][gc,reloc    ] GC(161) Forwarding Usage: 0M
[29.208s][info   ][gc,heap     ] GC(161) Min Capacity: 2048M(100%)
[29.208s][info   ][gc,heap     ] GC(161) Max Capacity: 2048M(100%)
[29.208s][info   ][gc,heap     ] GC(161) Soft Max Capacity: 2048M(100%)
[29.208s][info   ][gc,heap     ] GC(161)                Mark Start          Mark End        Relocate Start      Relocate End           High               Low         
[29.208s][info   ][gc,heap     ] GC(161)  Capacity:     2048M (100%)       2048M (100%)       2048M (100%)       2048M (100%)       2048M (100%)       2048M (100%)   
[29.208s][info   ][gc,heap     ] GC(161)      Free:     1434M (70%)        1402M (68%)        1370M (67%)        1564M (76%)        1564M (76%)        1336M (65%)    
[29.208s][info   ][gc,heap     ] GC(161)      Used:      614M (30%)         646M (32%)         678M (33%)         484M (24%)         712M (35%)         484M (24%)    
[29.208s][info   ][gc,heap     ] GC(161)      Live:         -               331M (16%)         331M (16%)         331M (16%)            -                  -          
[29.208s][info   ][gc,heap     ] GC(161) Allocated:         -                32M (2%)           64M (3%)           85M (4%)             -                  -          
[29.208s][info   ][gc,heap     ] GC(161)   Garbage:         -               282M (14%)         282M (14%)          67M (3%)             -                  -          
[29.208s][info   ][gc,heap     ] GC(161) Reclaimed:         -                  -                 0M (0%)          215M (11%)            -                  -          
[29.208s][info   ][gc          ] GC(161) Garbage Collection (Allocation Rate) 614M(30%)->484M(24%)
[29.276s][info   ][gc,start    ] GC(162) Garbage Collection (Allocation Rate)
[29.276s][info   ][gc,task     ] GC(162) Using 1 workers
[29.276s][info   ][gc,phases   ] GC(162) Pause Mark Start 0.011ms
[29.279s][info   ][gc,phases   ] GC(162) Concurrent Mark 2.547ms
[29.279s][info   ][gc,phases   ] GC(162) Pause Mark End 0.011ms
[29.279s][info   ][gc,phases   ] GC(162) Concurrent Mark Free 0.001ms
[29.279s][info   ][gc,phases   ] GC(162) Concurrent Process Non-Strong References 0.615ms
[29.279s][info   ][gc,phases   ] GC(162) Concurrent Reset Relocation Set 0.002ms
[29.281s][info   ][gc,phases   ] GC(162) Concurrent Select Relocation Set 1.285ms
[29.281s][info   ][gc,phases   ] GC(162) Pause Relocate Start 0.009ms
[29.293s][info   ][gc,phases   ] GC(162) Concurrent Relocate 11.953ms
[29.293s][info   ][gc,load     ] GC(162) Load: 5.41/3.43/2.15
[29.293s][info   ][gc,mmu      ] GC(162) MMU: 2ms/94.6%, 5ms/97.9%, 10ms/98.9%, 20ms/99.5%, 50ms/99.7%, 100ms/99.8%
[29.293s][info   ][gc,marking  ] GC(162) Mark: 1 stripe(s), 1 proactive flush(es), 1 terminate flush(es), 0 completion(s), 0 continuation(s) 
[29.293s][info   ][gc,marking  ] GC(162) Mark Stack Usage: 32M
[29.293s][info   ][gc,nmethod  ] GC(162) NMethods: 104 registered, 0 unregistered
[29.293s][info   ][gc,metaspace] GC(162) Metaspace: 0M used, 0M committed, 1088M reserved
[29.293s][info   ][gc,ref      ] GC(162) Soft: 7 encountered, 0 discovered, 0 enqueued
[29.293s][info   ][gc,ref      ] GC(162) Weak: 37 encountered, 28 discovered, 0 enqueued
[29.293s][info   ][gc,ref      ] GC(162) Final: 0 encountered, 0 discovered, 0 enqueued
[29.293s][info   ][gc,ref      ] GC(162) Phantom: 5 encountered, 2 discovered, 0 enqueued
[29.293s][info   ][gc,reloc    ] GC(162) Small Pages: 2 / 4M, Empty: 0M, Relocated: 0M, In-Place: 0
[29.293s][info   ][gc,reloc    ] GC(162) Medium Pages: 15 / 480M, Empty: 0M, Relocated: 54M, In-Place: 0
[29.293s][info   ][gc,reloc    ] GC(162) Large Pages: 0 / 0M, Empty: 0M, Relocated: 0M, In-Place: 0
[29.293s][info   ][gc,reloc    ] GC(162) Forwarding Usage: 0M
[29.293s][info   ][gc,heap     ] GC(162) Min Capacity: 2048M(100%)
[29.293s][info   ][gc,heap     ] GC(162) Max Capacity: 2048M(100%)
[29.293s][info   ][gc,heap     ] GC(162) Soft Max Capacity: 2048M(100%)
[29.293s][info   ][gc,heap     ] GC(162)                Mark Start          Mark End        Relocate Start      Relocate End           High               Low         
[29.293s][info   ][gc,heap     ] GC(162)  Capacity:     2048M (100%)       2048M (100%)       2048M (100%)       2048M (100%)       2048M (100%)       2048M (100%)   
[29.293s][info   ][gc,heap     ] GC(162)      Free:     1564M (76%)        1564M (76%)        1564M (76%)        1630M (80%)        1630M (80%)        1532M (75%)    
[29.293s][info   ][gc,heap     ] GC(162)      Used:      484M (24%)         484M (24%)         484M (24%)         418M (20%)         516M (25%)         418M (20%)    
[29.293s][info   ][gc,heap     ] GC(162)      Live:         -               334M (16%)         334M (16%)         334M (16%)            -                  -          
[29.293s][info   ][gc,heap     ] GC(162) Allocated:         -                 0M (0%)            0M (0%)            0M (0%)             -                  -          
[29.293s][info   ][gc,heap     ] GC(162)   Garbage:         -               149M (7%)          149M (7%)           83M (4%)             -                  -          
[29.293s][info   ][gc,heap     ] GC(162) Reclaimed:         -                  -                 0M (0%)           66M (3%)             -                  -          
[29.293s][info   ][gc          ] GC(162) Garbage Collection (Allocation Rate) 484M(24%)->418M(20%)
[29.376s][info   ][gc,start    ] GC(163) Garbage Collection (Allocation Rate)
[29.376s][info   ][gc,task     ] GC(163) Using 1 workers
[29.377s][info   ][gc,phases   ] GC(163) Pause Mark Start 0.015ms
[29.379s][info   ][gc,phases   ] GC(163) Concurrent Mark 2.488ms
[29.379s][info   ][gc,phases   ] GC(163) Pause Mark End 0.011ms
[29.379s][info   ][gc,phases   ] GC(163) Concurrent Mark Free 0.001ms
[29.380s][info   ][gc,phases   ] GC(163) Concurrent Process Non-Strong References 0.508ms
[29.380s][info   ][gc,phases   ] GC(163) Concurrent Reset Relocation Set 0.001ms
[29.381s][info   ][gc,phases   ] GC(163) Concurrent Select Relocation Set 1.047ms
[29.381s][info   ][gc,phases   ] GC(163) Pause Relocate Start 0.007ms
[29.381s][info   ][gc,phases   ] GC(163) Concurrent Relocate 0.072ms
[29.381s][info   ][gc,load     ] GC(163) Load: 5.41/3.43/2.15
[29.381s][info   ][gc,mmu      ] GC(163) MMU: 2ms/94.6%, 5ms/97.9%, 10ms/98.9%, 20ms/99.5%, 50ms/99.7%, 100ms/99.8%
[29.381s][info   ][gc,marking  ] GC(163) Mark: 1 stripe(s), 1 proactive flush(es), 1 terminate flush(es), 0 completion(s), 0 continuation(s) 
[29.381s][info   ][gc,marking  ] GC(163) Mark Stack Usage: 32M
[29.381s][info   ][gc,nmethod  ] GC(163) NMethods: 104 registered, 0 unregistered
[29.381s][info   ][gc,metaspace] GC(163) Metaspace: 0M used, 0M committed, 1088M reserved
[29.381s][info   ][gc,ref      ] GC(163) Soft: 7 encountered, 0 discovered, 0 enqueued
[29.381s][info   ][gc,ref      ] GC(163) Weak: 37 encountered, 28 discovered, 0 enqueued
[29.381s][info   ][gc,ref      ] GC(163) Final: 0 encountered, 0 discovered, 0 enqueued
[29.381s][info   ][gc,ref      ] GC(163) Phantom: 5 encountered, 2 discovered, 0 enqueued
[29.381s][info   ][gc,reloc    ] GC(163) Small Pages: 1 / 2M, Empty: 0M, Relocated: 0M, In-Place: 0
[29.381s][info   ][gc,reloc    ] GC(163) Medium Pages: 13 / 416M, Empty: 0M, Relocated: 0M, In-Place: 0
[29.381s][info   ][gc,reloc    ] GC(163) Large Pages: 0 / 0M, Empty: 0M, Relocated: 0M, In-Place: 0
[29.381s][info   ][gc,reloc    ] GC(163) Forwarding Usage: 0M
[29.381s][info   ][gc,heap     ] GC(163) Min Capacity: 2048M(100%)
[29.381s][info   ][gc,heap     ] GC(163) Max Capacity: 2048M(100%)
[29.381s][info   ][gc,heap     ] GC(163) Soft Max Capacity: 2048M(100%)
[29.381s][info   ][gc,heap     ] GC(163)                Mark Start          Mark End        Relocate Start      Relocate End           High               Low         
[29.381s][info   ][gc,heap     ] GC(163)  Capacity:     2048M (100%)       2048M (100%)       2048M (100%)       2048M (100%)       2048M (100%)       2048M (100%)   
[29.381s][info   ][gc,heap     ] GC(163)      Free:     1630M (80%)        1630M (80%)        1630M (80%)        1630M (80%)        1630M (80%)        1630M (80%)    
[29.381s][info   ][gc,heap     ] GC(163)      Used:      418M (20%)         418M (20%)         418M (20%)         418M (20%)         418M (20%)         418M (20%)    
[29.381s][info   ][gc,heap     ] GC(163)      Live:         -               334M (16%)         334M (16%)         334M (16%)            -                  -          
[29.381s][info   ][gc,heap     ] GC(163) Allocated:         -                 0M (0%)            0M (0%)            0M (0%)             -                  -          
[29.381s][info   ][gc,heap     ] GC(163)   Garbage:         -                83M (4%)           83M (4%)           83M (4%)             -                  -          
[29.381s][info   ][gc,heap     ] GC(163) Reclaimed:         -                  -                 0M (0%)            0M (0%)             -                  -          
[29.381s][info   ][gc          ] GC(163) Garbage Collection (Allocation Rate) 418M(20%)->418M(20%)
[29.476s][info   ][gc,start    ] GC(164) Garbage Collection (Allocation Rate)
[29.476s][info   ][gc,task     ] GC(164) Using 1 workers
[29.476s][info   ][gc,phases   ] GC(164) Pause Mark Start 0.011ms
[29.478s][info   ][gc,phases   ] GC(164) Concurrent Mark 1.736ms
[29.478s][info   ][gc,phases   ] GC(164) Pause Mark End 0.011ms
[29.478s][info   ][gc,phases   ] GC(164) Concurrent Mark Free 0.001ms
[29.478s][info   ][gc,phases   ] GC(164) Concurrent Process Non-Strong References 0.432ms
[29.478s][info   ][gc,phases   ] GC(164) Concurrent Reset Relocation Set 0.001ms
[29.480s][info   ][gc,phases   ] GC(164) Concurrent Select Relocation Set 1.149ms
[29.480s][info   ][gc,phases   ] GC(164) Pause Relocate Start 0.007ms
[29.480s][info   ][gc,phases   ] GC(164) Concurrent Relocate 0.064ms
[29.480s][info   ][gc,load     ] GC(164) Load: 5.41/3.43/2.15
[29.480s][info   ][gc,mmu      ] GC(164) MMU: 2ms/94.6%, 5ms/97.9%, 10ms/98.9%, 20ms/99.5%, 50ms/99.7%, 100ms/99.8%
[29.480s][info   ][gc,marking  ] GC(164) Mark: 1 stripe(s), 1 proactive flush(es), 1 terminate flush(es), 0 completion(s), 0 continuation(s) 
[29.480s][info   ][gc,marking  ] GC(164) Mark Stack Usage: 32M
[29.480s][info   ][gc,nmethod  ] GC(164) NMethods: 104 registered, 0 unregistered
[29.480s][info   ][gc,metaspace] GC(164) Metaspace: 0M used, 0M committed, 1088M reserved
[29.480s][info   ][gc,ref      ] GC(164) Soft: 7 encountered, 0 discovered, 0 enqueued
[29.480s][info   ][gc,ref      ] GC(164) Weak: 37 encountered, 28 discovered, 0 enqueued
[29.480s][info   ][gc,ref      ] GC(164) Final: 0 encountered, 0 discovered, 0 enqueued
[29.480s][info   ][gc,ref      ] GC(164) Phantom: 5 encountered, 2 discovered, 0 enqueued
[29.480s][info   ][gc,reloc    ] GC(164) Small Pages: 1 / 2M, Empty: 0M, Relocated: 0M, In-Place: 0
[29.480s][info   ][gc,reloc    ] GC(164) Medium Pages: 13 / 416M, Empty: 0M, Relocated: 0M, In-Place: 0
[29.480s][info   ][gc,reloc    ] GC(164) Large Pages: 0 / 0M, Empty: 0M, Relocated: 0M, In-Place: 0
[29.480s][info   ][gc,reloc    ] GC(164) Forwarding Usage: 0M
[29.480s][info   ][gc,heap     ] GC(164) Min Capacity: 2048M(100%)
[29.480s][info   ][gc,heap     ] GC(164) Max Capacity: 2048M(100%)
[29.480s][info   ][gc,heap     ] GC(164) Soft Max Capacity: 2048M(100%)
[29.480s][info   ][gc,heap     ] GC(164)                Mark Start          Mark End        Relocate Start      Relocate End           High               Low         
[29.480s][info   ][gc,heap     ] GC(164)  Capacity:     2048M (100%)       2048M (100%)       2048M (100%)       2048M (100%)       2048M (100%)       2048M (100%)   
[29.480s][info   ][gc,heap     ] GC(164)      Free:     1630M (80%)        1630M (80%)        1630M (80%)        1630M (80%)        1630M (80%)        1630M (80%)    
[29.480s][info   ][gc,heap     ] GC(164)      Used:      418M (20%)         418M (20%)         418M (20%)         418M (20%)         418M (20%)         418M (20%)    
[29.480s][info   ][gc,heap     ] GC(164)      Live:         -               334M (16%)         334M (16%)         334M (16%)            -                  -          
[29.480s][info   ][gc,heap     ] GC(164) Allocated:         -                 0M (0%)            0M (0%)            0M (0%)             -                  -          
[29.480s][info   ][gc,heap     ] GC(164)   Garbage:         -                83M (4%)           83M (4%)           83M (4%)             -                  -          
[29.480s][info   ][gc,heap     ] GC(164) Reclaimed:         -                  -                 0M (0%)            0M (0%)             -                  -          
[29.480s][info   ][gc          ] GC(164) Garbage Collection (Allocation Rate) 418M(20%)->418M(20%)
[29.575s][info   ][gc,start    ] GC(165) Garbage Collection (Allocation Rate)
[29.575s][info   ][gc,task     ] GC(165) Using 1 workers
[29.575s][info   ][gc,phases   ] GC(165) Pause Mark Start 0.010ms
[29.577s][info   ][gc,phases   ] GC(165) Concurrent Mark 1.582ms
[29.577s][info   ][gc,phases   ] GC(165) Pause Mark End 0.011ms
[29.577s][info   ][gc,phases   ] GC(165) Concurrent Mark Free 0.001ms
[29.578s][info   ][gc,phases   ] GC(165) Concurrent Process Non-Strong References 0.477ms
[29.578s][info   ][gc,phases   ] GC(165) Concurrent Reset Relocation Set 0.001ms
[29.579s][info   ][gc,phases   ] GC(165) Concurrent Select Relocation Set 1.064ms
[29.579s][info   ][gc,phases   ] GC(165) Pause Relocate Start 0.007ms
[29.579s][info   ][gc,phases   ] GC(165) Concurrent Relocate 0.059ms
[29.579s][info   ][gc,load     ] GC(165) Load: 5.41/3.43/2.15
[29.579s][info   ][gc,mmu      ] GC(165) MMU: 2ms/94.6%, 5ms/97.9%, 10ms/98.9%, 20ms/99.5%, 50ms/99.7%, 100ms/99.8%
[29.579s][info   ][gc,marking  ] GC(165) Mark: 1 stripe(s), 1 proactive flush(es), 1 terminate flush(es), 0 completion(s), 0 continuation(s) 
[29.579s][info   ][gc,marking  ] GC(165) Mark Stack Usage: 32M
[29.579s][info   ][gc,nmethod  ] GC(165) NMethods: 104 registered, 0 unregistered
[29.579s][info   ][gc,metaspace] GC(165) Metaspace: 0M used, 0M committed, 1088M reserved
[29.579s][info   ][gc,ref      ] GC(165) Soft: 7 encountered, 0 discovered, 0 enqueued
[29.579s][info   ][gc,ref      ] GC(165) Weak: 37 encountered, 28 discovered, 0 enqueued
[29.579s][info   ][gc,ref      ] GC(165) Final: 0 encountered, 0 discovered, 0 enqueued
[29.579s][info   ][gc,ref      ] GC(165) Phantom: 5 encountered, 2 discovered, 0 enqueued
[29.579s][info   ][gc,reloc    ] GC(165) Small Pages: 1 / 2M, Empty: 0M, Relocated: 0M, In-Place: 0
[29.579s][info   ][gc,reloc    ] GC(165) Medium Pages: 13 / 416M, Empty: 0M, Relocated: 0M, In-Place: 0
[29.579s][info   ][gc,reloc    ] GC(165) Large Pages: 0 / 0M, Empty: 0M, Relocated: 0M, In-Place: 0
[29.579s][info   ][gc,reloc    ] GC(165) Forwarding Usage: 0M
[29.579s][info   ][gc,heap     ] GC(165) Min Capacity: 2048M(100%)
[29.579s][info   ][gc,heap     ] GC(165) Max Capacity: 2048M(100%)
[29.579s][info   ][gc,heap     ] GC(165) Soft Max Capacity: 2048M(100%)
[29.579s][info   ][gc,heap     ] GC(165)                Mark Start          Mark End        Relocate Start      Relocate End           High               Low         
[29.579s][info   ][gc,heap     ] GC(165)  Capacity:     2048M (100%)       2048M (100%)       2048M (100%)       2048M (100%)       2048M (100%)       2048M (100%)   
[29.579s][info   ][gc,heap     ] GC(165)      Free:     1630M (80%)        1630M (80%)        1630M (80%)        1630M (80%)        1630M (80%)        1630M (80%)    
[29.579s][info   ][gc,heap     ] GC(165)      Used:      418M (20%)         418M (20%)         418M (20%)         418M (20%)         418M (20%)         418M (20%)    
[29.579s][info   ][gc,heap     ] GC(165)      Live:         -               334M (16%)         334M (16%)         334M (16%)            -                  -          
[29.579s][info   ][gc,heap     ] GC(165) Allocated:         -                 0M (0%)            0M (0%)            0M (0%)             -                  -          
[29.579s][info   ][gc,heap     ] GC(165)   Garbage:         -                83M (4%)           83M (4%)           83M (4%)             -                  -          
[29.579s][info   ][gc,heap     ] GC(165) Reclaimed:         -                  -                 0M (0%)            0M (0%)             -                  -          
[29.579s][info   ][gc          ] GC(165) Garbage Collection (Allocation Rate) 418M(20%)->418M(20%)
[29.676s][info   ][gc,start    ] GC(166) Garbage Collection (Allocation Rate)
[29.676s][info   ][gc,task     ] GC(166) Using 1 workers
[29.676s][info   ][gc,phases   ] GC(166) Pause Mark Start 0.010ms
[29.677s][info   ][gc,phases   ] GC(166) Concurrent Mark 1.693ms
[29.677s][info   ][gc,phases   ] GC(166) Pause Mark End 0.011ms
[29.678s][info   ][gc,phases   ] GC(166) Concurrent Mark Free 0.001ms
[29.678s][info   ][gc,phases   ] GC(166) Concurrent Process Non-Strong References 0.463ms
[29.678s][info   ][gc,phases   ] GC(166) Concurrent Reset Relocation Set 0.001ms
[29.679s][info   ][gc,phases   ] GC(166) Concurrent Select Relocation Set 1.323ms
[29.679s][info   ][gc,phases   ] GC(166) Pause Relocate Start 0.007ms
[29.680s][info   ][gc,phases   ] GC(166) Concurrent Relocate 0.082ms
[29.680s][info   ][gc,load     ] GC(166) Load: 5.41/3.43/2.15
[29.680s][info   ][gc,mmu      ] GC(166) MMU: 2ms/94.6%, 5ms/97.9%, 10ms/98.9%, 20ms/99.5%, 50ms/99.7%, 100ms/99.8%
[29.680s][info   ][gc,marking  ] GC(166) Mark: 1 stripe(s), 1 proactive flush(es), 1 terminate flush(es), 0 completion(s), 0 continuation(s) 
[29.680s][info   ][gc,marking  ] GC(166) Mark Stack Usage: 32M
[29.680s][info   ][gc,nmethod  ] GC(166) NMethods: 104 registered, 0 unregistered
[29.680s][info   ][gc,metaspace] GC(166) Metaspace: 0M used, 0M committed, 1088M reserved
[29.680s][info   ][gc,ref      ] GC(166) Soft: 7 encountered, 0 discovered, 0 enqueued
[29.680s][info   ][gc,ref      ] GC(166) Weak: 37 encountered, 28 discovered, 0 enqueued
[29.680s][info   ][gc,ref      ] GC(166) Final: 0 encountered, 0 discovered, 0 enqueued
[29.680s][info   ][gc,ref      ] GC(166) Phantom: 5 encountered, 2 discovered, 0 enqueued
[29.680s][info   ][gc,reloc    ] GC(166) Small Pages: 1 / 2M, Empty: 0M, Relocated: 0M, In-Place: 0
[29.680s][info   ][gc,reloc    ] GC(166) Medium Pages: 13 / 416M, Empty: 0M, Relocated: 0M, In-Place: 0
[29.680s][info   ][gc,reloc    ] GC(166) Large Pages: 0 / 0M, Empty: 0M, Relocated: 0M, In-Place: 0
[29.680s][info   ][gc,reloc    ] GC(166) Forwarding Usage: 0M
[29.680s][info   ][gc,heap     ] GC(166) Min Capacity: 2048M(100%)
[29.680s][info   ][gc,heap     ] GC(166) Max Capacity: 2048M(100%)
[29.680s][info   ][gc,heap     ] GC(166) Soft Max Capacity: 2048M(100%)
[29.680s][info   ][gc,heap     ] GC(166)                Mark Start          Mark End        Relocate Start      Relocate End           High               Low         
[29.680s][info   ][gc,heap     ] GC(166)  Capacity:     2048M (100%)       2048M (100%)       2048M (100%)       2048M (100%)       2048M (100%)       2048M (100%)   
[29.680s][info   ][gc,heap     ] GC(166)      Free:     1630M (80%)        1630M (80%)        1630M (80%)        1630M (80%)        1630M (80%)        1630M (80%)    
[29.680s][info   ][gc,heap     ] GC(166)      Used:      418M (20%)         418M (20%)         418M (20%)         418M (20%)         418M (20%)         418M (20%)    
[29.680s][info   ][gc,heap     ] GC(166)      Live:         -               334M (16%)         334M (16%)         334M (16%)            -                  -          
[29.680s][info   ][gc,heap     ] GC(166) Allocated:         -                 0M (0%)            0M (0%)            0M (0%)             -                  -          
[29.680s][info   ][gc,heap     ] GC(166)   Garbage:         -                83M (4%)           83M (4%)           83M (4%)             -                  -          
[29.680s][info   ][gc,heap     ] GC(166) Reclaimed:         -                  -                 0M (0%)            0M (0%)             -                  -          
[29.680s][info   ][gc          ] GC(166) Garbage Collection (Allocation Rate) 418M(20%)->418M(20%)
[29.776s][info   ][gc,start    ] GC(167) Garbage Collection (Allocation Rate)
[29.776s][info   ][gc,task     ] GC(167) Using 1 workers
[29.776s][info   ][gc,phases   ] GC(167) Pause Mark Start 0.012ms
[29.778s][info   ][gc,phases   ] GC(167) Concurrent Mark 1.737ms
[29.778s][info   ][gc,phases   ] GC(167) Pause Mark End 0.009ms
[29.778s][info   ][gc,phases   ] GC(167) Concurrent Mark Free 0.001ms
[29.779s][info   ][gc,phases   ] GC(167) Concurrent Process Non-Strong References 0.455ms
[29.779s][info   ][gc,phases   ] GC(167) Concurrent Reset Relocation Set 0.001ms
[29.780s][info   ][gc,phases   ] GC(167) Concurrent Select Relocation Set 1.236ms
[29.780s][info   ][gc,phases   ] GC(167) Pause Relocate Start 0.007ms
[29.780s][info   ][gc,phases   ] GC(167) Concurrent Relocate 0.060ms
[29.780s][info   ][gc,load     ] GC(167) Load: 5.41/3.43/2.15
[29.780s][info   ][gc,mmu      ] GC(167) MMU: 2ms/94.6%, 5ms/97.9%, 10ms/98.9%, 20ms/99.5%, 50ms/99.7%, 100ms/99.8%
[29.780s][info   ][gc,marking  ] GC(167) Mark: 1 stripe(s), 1 proactive flush(es), 1 terminate flush(es), 0 completion(s), 0 continuation(s) 
[29.780s][info   ][gc,marking  ] GC(167) Mark Stack Usage: 32M
[29.780s][info   ][gc,nmethod  ] GC(167) NMethods: 104 registered, 0 unregistered
[29.780s][info   ][gc,metaspace] GC(167) Metaspace: 0M used, 0M committed, 1088M reserved
[29.780s][info   ][gc,ref      ] GC(167) Soft: 7 encountered, 0 discovered, 0 enqueued
[29.780s][info   ][gc,ref      ] GC(167) Weak: 37 encountered, 28 discovered, 0 enqueued
[29.780s][info   ][gc,ref      ] GC(167) Final: 0 encountered, 0 discovered, 0 enqueued
[29.780s][info   ][gc,ref      ] GC(167) Phantom: 5 encountered, 2 discovered, 0 enqueued
[29.780s][info   ][gc,reloc    ] GC(167) Small Pages: 1 / 2M, Empty: 0M, Relocated: 0M, In-Place: 0
[29.780s][info   ][gc,reloc    ] GC(167) Medium Pages: 13 / 416M, Empty: 0M, Relocated: 0M, In-Place: 0
[29.780s][info   ][gc,reloc    ] GC(167) Large Pages: 0 / 0M, Empty: 0M, Relocated: 0M, In-Place: 0
[29.780s][info   ][gc,reloc    ] GC(167) Forwarding Usage: 0M
[29.780s][info   ][gc,heap     ] GC(167) Min Capacity: 2048M(100%)
[29.780s][info   ][gc,heap     ] GC(167) Max Capacity: 2048M(100%)
[29.780s][info   ][gc,heap     ] GC(167) Soft Max Capacity: 2048M(100%)
[29.780s][info   ][gc,heap     ] GC(167)                Mark Start          Mark End        Relocate Start      Relocate End           High               Low         
[29.780s][info   ][gc,heap     ] GC(167)  Capacity:     2048M (100%)       2048M (100%)       2048M (100%)       2048M (100%)       2048M (100%)       2048M (100%)   
[29.780s][info   ][gc,heap     ] GC(167)      Free:     1630M (80%)        1630M (80%)        1630M (80%)        1630M (80%)        1630M (80%)        1630M (80%)    
[29.780s][info   ][gc,heap     ] GC(167)      Used:      418M (20%)         418M (20%)         418M (20%)         418M (20%)         418M (20%)         418M (20%)    
[29.780s][info   ][gc,heap     ] GC(167)      Live:         -               334M (16%)         334M (16%)         334M (16%)            -                  -          
[29.780s][info   ][gc,heap     ] GC(167) Allocated:         -                 0M (0%)            0M (0%)            0M (0%)             -                  -          
[29.780s][info   ][gc,heap     ] GC(167)   Garbage:         -                83M (4%)           83M (4%)           83M (4%)             -                  -          
[29.780s][info   ][gc,heap     ] GC(167) Reclaimed:         -                  -                 0M (0%)            0M (0%)             -                  -          
[29.780s][info   ][gc          ] GC(167) Garbage Collection (Allocation Rate) 418M(20%)->418M(20%)
[29.876s][info   ][gc,start    ] GC(168) Garbage Collection (Allocation Rate)
[29.876s][info   ][gc,task     ] GC(168) Using 1 workers
[29.876s][info   ][gc,phases   ] GC(168) Pause Mark Start 0.012ms
[29.877s][info   ][gc,phases   ] GC(168) Concurrent Mark 1.503ms
[29.877s][info   ][gc,phases   ] GC(168) Pause Mark End 0.009ms
[29.877s][info   ][gc,phases   ] GC(168) Concurrent Mark Free 0.001ms
[29.878s][info   ][gc,phases   ] GC(168) Concurrent Process Non-Strong References 0.404ms
[29.878s][info   ][gc,phases   ] GC(168) Concurrent Reset Relocation Set 0.001ms
[29.879s][info   ][gc,phases   ] GC(168) Concurrent Select Relocation Set 0.946ms
[29.879s][info   ][gc,phases   ] GC(168) Pause Relocate Start 0.006ms
[29.879s][info   ][gc,phases   ] GC(168) Concurrent Relocate 0.035ms
[29.879s][info   ][gc,load     ] GC(168) Load: 5.41/3.43/2.15
[29.879s][info   ][gc,mmu      ] GC(168) MMU: 2ms/94.6%, 5ms/97.9%, 10ms/98.9%, 20ms/99.5%, 50ms/99.7%, 100ms/99.8%
[29.879s][info   ][gc,marking  ] GC(168) Mark: 1 stripe(s), 1 proactive flush(es), 1 terminate flush(es), 0 completion(s), 0 continuation(s) 
[29.879s][info   ][gc,marking  ] GC(168) Mark Stack Usage: 32M
[29.879s][info   ][gc,nmethod  ] GC(168) NMethods: 104 registered, 0 unregistered
[29.879s][info   ][gc,metaspace] GC(168) Metaspace: 0M used, 0M committed, 1088M reserved
[29.879s][info   ][gc,ref      ] GC(168) Soft: 7 encountered, 0 discovered, 0 enqueued
[29.879s][info   ][gc,ref      ] GC(168) Weak: 37 encountered, 28 discovered, 0 enqueued
[29.879s][info   ][gc,ref      ] GC(168) Final: 0 encountered, 0 discovered, 0 enqueued
[29.879s][info   ][gc,ref      ] GC(168) Phantom: 5 encountered, 2 discovered, 0 enqueued
[29.879s][info   ][gc,reloc    ] GC(168) Small Pages: 1 / 2M, Empty: 0M, Relocated: 0M, In-Place: 0
[29.879s][info   ][gc,reloc    ] GC(168) Medium Pages: 13 / 416M, Empty: 0M, Relocated: 0M, In-Place: 0
[29.879s][info   ][gc,reloc    ] GC(168) Large Pages: 0 / 0M, Empty: 0M, Relocated: 0M, In-Place: 0
[29.879s][info   ][gc,reloc    ] GC(168) Forwarding Usage: 0M
[29.879s][info   ][gc,heap     ] GC(168) Min Capacity: 2048M(100%)
[29.879s][info   ][gc,heap     ] GC(168) Max Capacity: 2048M(100%)
[29.879s][info   ][gc,heap     ] GC(168) Soft Max Capacity: 2048M(100%)
[29.879s][info   ][gc,heap     ] GC(168)                Mark Start          Mark End        Relocate Start      Relocate End           High               Low         
[29.879s][info   ][gc,heap     ] GC(168)  Capacity:     2048M (100%)       2048M (100%)       2048M (100%)       2048M (100%)       2048M (100%)       2048M (100%)   
[29.879s][info   ][gc,heap     ] GC(168)      Free:     1630M (80%)        1630M (80%)        1630M (80%)        1630M (80%)        1630M (80%)        1630M (80%)    
[29.879s][info   ][gc,heap     ] GC(168)      Used:      418M (20%)         418M (20%)         418M (20%)         418M (20%)         418M (20%)         418M (20%)    
[29.879s][info   ][gc,heap     ] GC(168)      Live:         -               334M (16%)         334M (16%)         334M (16%)            -                  -          
[29.879s][info   ][gc,heap     ] GC(168) Allocated:         -                 0M (0%)            0M (0%)            0M (0%)             -                  -          
[29.879s][info   ][gc,heap     ] GC(168)   Garbage:         -                83M (4%)           83M (4%)           83M (4%)             -                  -          
[29.879s][info   ][gc,heap     ] GC(168) Reclaimed:         -                  -                 0M (0%)            0M (0%)             -                  -          
[29.879s][info   ][gc          ] GC(168) Garbage Collection (Allocation Rate) 418M(20%)->418M(20%)
[29.976s][info   ][gc,start    ] GC(169) Garbage Collection (Allocation Rate)
[29.976s][info   ][gc,task     ] GC(169) Using 1 workers
[29.976s][info   ][gc,phases   ] GC(169) Pause Mark Start 0.010ms
[29.978s][info   ][gc,phases   ] GC(169) Concurrent Mark 1.588ms
[29.978s][info   ][gc,phases   ] GC(169) Pause Mark End 0.017ms
[29.978s][info   ][gc,phases   ] GC(169) Concurrent Mark Free 0.002ms
[29.978s][info   ][gc,phases   ] GC(169) Concurrent Process Non-Strong References 0.557ms
[29.978s][info   ][gc,phases   ] GC(169) Concurrent Reset Relocation Set 0.001ms
[29.980s][info   ][gc,phases   ] GC(169) Concurrent Select Relocation Set 1.102ms
[29.980s][info   ][gc,phases   ] GC(169) Pause Relocate Start 0.007ms
[29.980s][info   ][gc,phases   ] GC(169) Concurrent Relocate 0.069ms
[29.980s][info   ][gc,load     ] GC(169) Load: 5.41/3.43/2.15
[29.980s][info   ][gc,mmu      ] GC(169) MMU: 2ms/94.6%, 5ms/97.9%, 10ms/98.9%, 20ms/99.5%, 50ms/99.7%, 100ms/99.8%
[29.980s][info   ][gc,marking  ] GC(169) Mark: 1 stripe(s), 1 proactive flush(es), 1 terminate flush(es), 0 completion(s), 0 continuation(s) 
[29.980s][info   ][gc,marking  ] GC(169) Mark Stack Usage: 32M
[29.980s][info   ][gc,nmethod  ] GC(169) NMethods: 104 registered, 0 unregistered
[29.980s][info   ][gc,metaspace] GC(169) Metaspace: 0M used, 0M committed, 1088M reserved
[29.980s][info   ][gc,ref      ] GC(169) Soft: 7 encountered, 0 discovered, 0 enqueued
[29.980s][info   ][gc,ref      ] GC(169) Weak: 37 encountered, 28 discovered, 0 enqueued
[29.980s][info   ][gc,ref      ] GC(169) Final: 0 encountered, 0 discovered, 0 enqueued
[29.980s][info   ][gc,ref      ] GC(169) Phantom: 5 encountered, 2 discovered, 0 enqueued
[29.980s][info   ][gc,reloc    ] GC(169) Small Pages: 1 / 2M, Empty: 0M, Relocated: 0M, In-Place: 0
[29.980s][info   ][gc,reloc    ] GC(169) Medium Pages: 13 / 416M, Empty: 0M, Relocated: 0M, In-Place: 0
[29.980s][info   ][gc,reloc    ] GC(169) Large Pages: 0 / 0M, Empty: 0M, Relocated: 0M, In-Place: 0
[29.980s][info   ][gc,reloc    ] GC(169) Forwarding Usage: 0M
[29.980s][info   ][gc,heap     ] GC(169) Min Capacity: 2048M(100%)
[29.980s][info   ][gc,heap     ] GC(169) Max Capacity: 2048M(100%)
[29.980s][info   ][gc,heap     ] GC(169) Soft Max Capacity: 2048M(100%)
[29.980s][info   ][gc,heap     ] GC(169)                Mark Start          Mark End        Relocate Start      Relocate End           High               Low         
[29.980s][info   ][gc,heap     ] GC(169)  Capacity:     2048M (100%)       2048M (100%)       2048M (100%)       2048M (100%)       2048M (100%)       2048M (100%)   
[29.980s][info   ][gc,heap     ] GC(169)      Free:     1630M (80%)        1630M (80%)        1630M (80%)        1630M (80%)        1630M (80%)        1630M (80%)    
[29.980s][info   ][gc,heap     ] GC(169)      Used:      418M (20%)         418M (20%)         418M (20%)         418M (20%)         418M (20%)         418M (20%)    
[29.980s][info   ][gc,heap     ] GC(169)      Live:         -               334M (16%)         334M (16%)         334M (16%)            -                  -          
[29.980s][info   ][gc,heap     ] GC(169) Allocated:         -                 0M (0%)            0M (0%)            0M (0%)             -                  -          
[29.980s][info   ][gc,heap     ] GC(169)   Garbage:         -                83M (4%)           83M (4%)           83M (4%)             -                  -          
[29.980s][info   ][gc,heap     ] GC(169) Reclaimed:         -                  -                 0M (0%)            0M (0%)             -                  -          
[29.980s][info   ][gc          ] GC(169) Garbage Collection (Allocation Rate) 418M(20%)->418M(20%)
[30.076s][info   ][gc,start    ] GC(170) Garbage Collection (Allocation Rate)
[30.076s][info   ][gc,task     ] GC(170) Using 1 workers
[30.076s][info   ][gc,phases   ] GC(170) Pause Mark Start 0.011ms
[30.078s][info   ][gc,phases   ] GC(170) Concurrent Mark 1.724ms
[30.078s][info   ][gc,phases   ] GC(170) Pause Mark End 0.011ms
[30.078s][info   ][gc,phases   ] GC(170) Concurrent Mark Free 0.001ms
[30.079s][info   ][gc,phases   ] GC(170) Concurrent Process Non-Strong References 0.450ms
[30.079s][info   ][gc,phases   ] GC(170) Concurrent Reset Relocation Set 0.001ms
[30.080s][info   ][gc,phases   ] GC(170) Concurrent Select Relocation Set 1.201ms
[30.080s][info   ][gc,phases   ] GC(170) Pause Relocate Start 0.008ms
[30.080s][info   ][gc,phases   ] GC(170) Concurrent Relocate 0.228ms
[30.080s][info   ][gc,load     ] GC(170) Load: 5.41/3.43/2.15
[30.080s][info   ][gc,mmu      ] GC(170) MMU: 2ms/94.6%, 5ms/97.9%, 10ms/98.9%, 20ms/99.5%, 50ms/99.7%, 100ms/99.8%
[30.080s][info   ][gc,marking  ] GC(170) Mark: 1 stripe(s), 1 proactive flush(es), 1 terminate flush(es), 0 completion(s), 0 continuation(s) 
[30.080s][info   ][gc,marking  ] GC(170) Mark Stack Usage: 32M
[30.080s][info   ][gc,nmethod  ] GC(170) NMethods: 104 registered, 0 unregistered
[30.080s][info   ][gc,metaspace] GC(170) Metaspace: 0M used, 0M committed, 1088M reserved
[30.080s][info   ][gc,ref      ] GC(170) Soft: 7 encountered, 0 discovered, 0 enqueued
[30.080s][info   ][gc,ref      ] GC(170) Weak: 37 encountered, 28 discovered, 0 enqueued
[30.080s][info   ][gc,ref      ] GC(170) Final: 0 encountered, 0 discovered, 0 enqueued
[30.080s][info   ][gc,ref      ] GC(170) Phantom: 5 encountered, 2 discovered, 0 enqueued
[30.080s][info   ][gc,reloc    ] GC(170) Small Pages: 1 / 2M, Empty: 0M, Relocated: 0M, In-Place: 0
[30.080s][info   ][gc,reloc    ] GC(170) Medium Pages: 13 / 416M, Empty: 0M, Relocated: 0M, In-Place: 0
[30.080s][info   ][gc,reloc    ] GC(170) Large Pages: 0 / 0M, Empty: 0M, Relocated: 0M, In-Place: 0
[30.080s][info   ][gc,reloc    ] GC(170) Forwarding Usage: 0M
[30.080s][info   ][gc,heap     ] GC(170) Min Capacity: 2048M(100%)
[30.080s][info   ][gc,heap     ] GC(170) Max Capacity: 2048M(100%)
[30.080s][info   ][gc,heap     ] GC(170) Soft Max Capacity: 2048M(100%)
[30.080s][info   ][gc,heap     ] GC(170)                Mark Start          Mark End        Relocate Start      Relocate End           High               Low         
[30.080s][info   ][gc,heap     ] GC(170)  Capacity:     2048M (100%)       2048M (100%)       2048M (100%)       2048M (100%)       2048M (100%)       2048M (100%)   
[30.080s][info   ][gc,heap     ] GC(170)      Free:     1630M (80%)        1630M (80%)        1630M (80%)        1630M (80%)        1630M (80%)        1630M (80%)    
[30.080s][info   ][gc,heap     ] GC(170)      Used:      418M (20%)         418M (20%)         418M (20%)         418M (20%)         418M (20%)         418M (20%)    
[30.080s][info   ][gc,heap     ] GC(170)      Live:         -               334M (16%)         334M (16%)         334M (16%)            -                  -          
[30.080s][info   ][gc,heap     ] GC(170) Allocated:         -                 0M (0%)            0M (0%)            0M (0%)             -                  -          
[30.080s][info   ][gc,heap     ] GC(170)   Garbage:         -                83M (4%)           83M (4%)           83M (4%)             -                  -          
[30.080s][info   ][gc,heap     ] GC(170) Reclaimed:         -                  -                 0M (0%)            0M (0%)             -                  -          
[30.080s][info   ][gc          ] GC(170) Garbage Collection (Allocation Rate) 418M(20%)->418M(20%)
[30.176s][info   ][gc,start    ] GC(171) Garbage Collection (Allocation Rate)
[30.176s][info   ][gc,task     ] GC(171) Using 1 workers
[30.176s][info   ][gc,phases   ] GC(171) Pause Mark Start 0.010ms
[30.178s][info   ][gc,phases   ] GC(171) Concurrent Mark 1.732ms
[30.178s][info   ][gc,phases   ] GC(171) Pause Mark End 0.020ms
[30.178s][info   ][gc,phases   ] GC(171) Concurrent Mark Free 0.002ms
[30.178s][info   ][gc,phases   ] GC(171) Concurrent Process Non-Strong References 0.517ms
[30.178s][info   ][gc,phases   ] GC(171) Concurrent Reset Relocation Set 0.001ms
[30.179s][info   ][gc,phases   ] GC(171) Concurrent Select Relocation Set 1.007ms
[30.179s][info   ][gc,phases   ] GC(171) Pause Relocate Start 0.007ms
[30.179s][info   ][gc,phases   ] GC(171) Concurrent Relocate 0.051ms
[30.179s][info   ][gc,load     ] GC(171) Load: 5.41/3.43/2.15
[30.179s][info   ][gc,mmu      ] GC(171) MMU: 2ms/94.6%, 5ms/97.9%, 10ms/98.9%, 20ms/99.5%, 50ms/99.7%, 100ms/99.8%
[30.179s][info   ][gc,marking  ] GC(171) Mark: 1 stripe(s), 1 proactive flush(es), 1 terminate flush(es), 0 completion(s), 0 continuation(s) 
[30.180s][info   ][gc,marking  ] GC(171) Mark Stack Usage: 32M
[30.180s][info   ][gc,nmethod  ] GC(171) NMethods: 104 registered, 0 unregistered
[30.180s][info   ][gc,metaspace] GC(171) Metaspace: 0M used, 0M committed, 1088M reserved
[30.180s][info   ][gc,ref      ] GC(171) Soft: 7 encountered, 0 discovered, 0 enqueued
[30.180s][info   ][gc,ref      ] GC(171) Weak: 37 encountered, 28 discovered, 0 enqueued
[30.180s][info   ][gc,ref      ] GC(171) Final: 0 encountered, 0 discovered, 0 enqueued
[30.180s][info   ][gc,ref      ] GC(171) Phantom: 5 encountered, 2 discovered, 0 enqueued
[30.180s][info   ][gc,reloc    ] GC(171) Small Pages: 1 / 2M, Empty: 0M, Relocated: 0M, In-Place: 0
[30.180s][info   ][gc,reloc    ] GC(171) Medium Pages: 13 / 416M, Empty: 0M, Relocated: 0M, In-Place: 0
[30.180s][info   ][gc,reloc    ] GC(171) Large Pages: 0 / 0M, Empty: 0M, Relocated: 0M, In-Place: 0
[30.180s][info   ][gc,reloc    ] GC(171) Forwarding Usage: 0M
[30.180s][info   ][gc,heap     ] GC(171) Min Capacity: 2048M(100%)
[30.180s][info   ][gc,heap     ] GC(171) Max Capacity: 2048M(100%)
[30.180s][info   ][gc,heap     ] GC(171) Soft Max Capacity: 2048M(100%)
[30.180s][info   ][gc,heap     ] GC(171)                Mark Start          Mark End        Relocate Start      Relocate End           High               Low         
[30.180s][info   ][gc,heap     ] GC(171)  Capacity:     2048M (100%)       2048M (100%)       2048M (100%)       2048M (100%)       2048M (100%)       2048M (100%)   
[30.180s][info   ][gc,heap     ] GC(171)      Free:     1630M (80%)        1630M (80%)        1630M (80%)        1630M (80%)        1630M (80%)        1630M (80%)    
[30.180s][info   ][gc,heap     ] GC(171)      Used:      418M (20%)         418M (20%)         418M (20%)         418M (20%)         418M (20%)         418M (20%)    
[30.180s][info   ][gc,heap     ] GC(171)      Live:         -               334M (16%)         334M (16%)         334M (16%)            -                  -          
[30.180s][info   ][gc,heap     ] GC(171) Allocated:         -                 0M (0%)            0M (0%)            0M (0%)             -                  -          
[30.180s][info   ][gc,heap     ] GC(171)   Garbage:         -                83M (4%)           83M (4%)           83M (4%)             -                  -          
[30.180s][info   ][gc,heap     ] GC(171) Reclaimed:         -                  -                 0M (0%)            0M (0%)             -                  -          
[30.180s][info   ][gc          ] GC(171) Garbage Collection (Allocation Rate) 418M(20%)->418M(20%)
[30.776s][info   ][gc,stats    ] === Garbage Collection Statistics =======================================================================================================================
[30.776s][info   ][gc,stats    ]                                                              Last 10s              Last 10m              Last 10h                Total
[30.776s][info   ][gc,stats    ]                                                              Avg / Max             Avg / Max             Avg / Max             Avg / Max
[30.776s][info   ][gc,stats    ]   Collector: Garbage Collection Cycle                    122.499 / 243.095     125.491 / 272.874     125.491 / 272.874     125.491 / 272.874     ms
[30.776s][info   ][gc,stats    ]  Contention: Mark Segment Reset Contention                     0 / 0                 0 / 0                 0 / 0                 0 / 0           ops/s
[30.776s][info   ][gc,stats    ]  Contention: Mark SeqNum Reset Contention                      0 / 0                 0 / 0                 0 / 0                 0 / 0           ops/s
[30.776s][info   ][gc,stats    ]    Critical: Allocation Stall                                 17 / 30               14 / 30               14 / 30               14 / 30          ops/s
[30.776s][info   ][gc,stats    ]    Critical: Allocation Stall                              4.501 / 20.150        4.033 / 20.150        4.033 / 20.150        4.033 / 20.150      ms
[30.776s][info   ][gc,stats    ]    Critical: GC Locker Stall                                   0 / 0                 0 / 0                 0 / 0                 0 / 0           ops/s
[30.776s][info   ][gc,stats    ]    Critical: GC Locker Stall                               0.000 / 0.000         0.000 / 0.000         0.000 / 0.000         0.000 / 0.000       ms
[30.776s][info   ][gc,stats    ]    Critical: Relocation Stall                                  0 / 0                 0 / 0                 0 / 0                 0 / 0           ops/s
[30.776s][info   ][gc,stats    ]    Critical: Relocation Stall                              0.000 / 0.000         0.000 / 0.000         0.000 / 0.000         0.000 / 0.000       ms
[30.776s][info   ][gc,stats    ]      Memory: Allocation Rate                                6848 / 8494           7786 / 8884           7786 / 8884           7786 / 8884        MB/s
[30.776s][info   ][gc,stats    ]      Memory: Out Of Memory                                     0 / 0                 0 / 0                 0 / 0                 0 / 0           ops/s
[30.776s][info   ][gc,stats    ]      Memory: Page Cache Flush                                  0 / 0                 0 / 0                 0 / 0                 0 / 0           MB/s
[30.776s][info   ][gc,stats    ]      Memory: Page Cache Hit L1                               253 / 309             281 / 325             281 / 325             281 / 325         ops/s
[30.776s][info   ][gc,stats    ]      Memory: Page Cache Hit L2                                 0 / 0                 0 / 0                 0 / 0                 0 / 0           ops/s
[30.776s][info   ][gc,stats    ]      Memory: Page Cache Hit L3                                 0 / 0                 2 / 64                2 / 64                2 / 64          ops/s
[30.776s][info   ][gc,stats    ]      Memory: Page Cache Miss                                   0 / 0                 0 / 1                 0 / 1                 0 / 1           ops/s
[30.776s][info   ][gc,stats    ]      Memory: Uncommit                                          0 / 0                 0 / 0                 0 / 0                 0 / 0           MB/s
[30.776s][info   ][gc,stats    ]      Memory: Undo Object Allocation Failed                     0 / 0                 0 / 1                 0 / 1                 0 / 1           ops/s
[30.776s][info   ][gc,stats    ]      Memory: Undo Object Allocation Succeeded                 14 / 30               14 / 30               14 / 30               14 / 30          ops/s
[30.776s][info   ][gc,stats    ]      Memory: Undo Page Allocation                             22 / 36               23 / 36               23 / 36               23 / 36          ops/s
[30.776s][info   ][gc,stats    ]       Phase: Concurrent Mark                              16.982 / 50.256       21.970 / 62.197       21.970 / 62.197       21.970 / 62.197      ms
[30.776s][info   ][gc,stats    ]       Phase: Concurrent Mark Continue                      0.000 / 0.000         0.000 / 0.000         0.000 / 0.000         0.000 / 0.000       ms
[30.776s][info   ][gc,stats    ]       Phase: Concurrent Mark Free                          0.002 / 0.007         0.003 / 0.024         0.003 / 0.024         0.003 / 0.024       ms
[30.776s][info   ][gc,stats    ]       Phase: Concurrent Process Non-Strong References      3.994 / 14.525        5.673 / 22.016        5.673 / 22.016        5.673 / 22.016      ms
[30.776s][info   ][gc,stats    ]       Phase: Concurrent Relocate                          91.635 / 194.903      84.119 / 223.492      84.119 / 223.492      84.119 / 223.492     ms
[30.776s][info   ][gc,stats    ]       Phase: Concurrent Reset Relocation Set               0.006 / 0.039         0.006 / 0.039         0.006 / 0.039         0.006 / 0.039       ms
[30.776s][info   ][gc,stats    ]       Phase: Concurrent Select Relocation Set              2.572 / 9.648         3.486 / 19.848        3.486 / 19.848        3.486 / 19.848      ms
[30.776s][info   ][gc,stats    ]       Phase: Pause Mark End                                0.022 / 0.053         0.025 / 0.088         0.025 / 0.088         0.025 / 0.088       ms
[30.776s][info   ][gc,stats    ]       Phase: Pause Mark Start                              0.017 / 0.039         0.017 / 0.050         0.017 / 0.050         0.017 / 0.050       ms
[30.776s][info   ][gc,stats    ]       Phase: Pause Relocate Start                          0.016 / 0.039         0.020 / 0.107         0.020 / 0.107         0.020 / 0.107       ms
[30.776s][info   ][gc,stats    ]    Subphase: Concurrent Classes Purge                      0.416 / 5.011         0.772 / 7.510         0.772 / 7.510         0.772 / 7.510       ms
[30.776s][info   ][gc,stats    ]    Subphase: Concurrent Classes Unlink                     0.322 / 0.881         0.508 / 6.126         0.508 / 6.126         0.508 / 6.126       ms
[30.776s][info   ][gc,stats    ]    Subphase: Concurrent Mark                              14.273 / 45.703       18.387 / 61.200       18.387 / 61.200       18.387 / 61.200      ms
[30.776s][info   ][gc,stats    ]    Subphase: Concurrent Mark Try Flush                     3.221 / 12.360        4.184 / 38.351        4.184 / 38.351        4.184 / 38.351      ms
[30.776s][info   ][gc,stats    ]    Subphase: Concurrent Mark Try Terminate                 1.058 / 6.946         1.566 / 11.699        1.566 / 11.699        1.566 / 11.699      ms
[30.776s][info   ][gc,stats    ]    Subphase: Concurrent References Enqueue                 0.001 / 0.005         0.001 / 0.014         0.001 / 0.014         0.001 / 0.014       ms
[30.776s][info   ][gc,stats    ]    Subphase: Concurrent References Process                 0.337 / 5.701         0.384 / 5.701         0.384 / 5.701         0.384 / 5.701       ms
[30.776s][info   ][gc,stats    ]    Subphase: Concurrent Roots ClassLoaderDataGraph         0.230 / 0.889         0.258 / 0.889         0.258 / 0.889         0.258 / 0.889       ms
[30.776s][info   ][gc,stats    ]    Subphase: Concurrent Roots CodeCache                    0.000 / 0.000         0.000 / 0.000         0.000 / 0.000         0.000 / 0.000       ms
[30.776s][info   ][gc,stats    ]    Subphase: Concurrent Roots JavaThreads                  0.758 / 6.470         1.097 / 10.072        1.097 / 10.072        1.097 / 10.072      ms
[30.776s][info   ][gc,stats    ]    Subphase: Concurrent Roots OopStorageSet                0.079 / 2.956         0.052 / 2.956         0.052 / 2.956         0.052 / 2.956       ms
[30.776s][info   ][gc,stats    ]    Subphase: Concurrent Weak Roots OopStorageSet           0.280 / 0.688         0.351 / 0.763         0.351 / 0.763         0.351 / 0.763       ms
[30.776s][info   ][gc,stats    ]    Subphase: Pause Mark Try Complete                       0.000 / 0.000         0.000 / 0.000         0.000 / 0.000         0.000 / 0.000       ms
[30.776s][info   ][gc,stats    ]      System: Java Threads                                     17 / 19               18 / 19               18 / 19               18 / 19          threads
[30.776s][info   ][gc,stats    ] =========================================================================================================================================================
[40.776s][info   ][gc,stats    ] === Garbage Collection Statistics =======================================================================================================================
[40.776s][info   ][gc,stats    ]                                                              Last 10s              Last 10m              Last 10h                Total
[40.776s][info   ][gc,stats    ]                                                              Avg / Max             Avg / Max             Avg / Max             Avg / Max
[40.776s][info   ][gc,stats    ]   Collector: Garbage Collection Cycle                      0.000 / 0.000       125.491 / 272.874     125.491 / 272.874     125.491 / 272.874     ms
[40.776s][info   ][gc,stats    ]  Contention: Mark Segment Reset Contention                     0 / 0                 0 / 0                 0 / 0                 0 / 0           ops/s
[40.776s][info   ][gc,stats    ]  Contention: Mark SeqNum Reset Contention                      0 / 0                 0 / 0                 0 / 0                 0 / 0           ops/s
[40.777s][info   ][gc,stats    ]    Critical: Allocation Stall                                  0 / 0                11 / 30               11 / 30               11 / 30          ops/s
[40.777s][info   ][gc,stats    ]    Critical: Allocation Stall                              0.000 / 0.000         4.033 / 20.150        4.033 / 20.150        4.033 / 20.150      ms
[40.777s][info   ][gc,stats    ]    Critical: GC Locker Stall                                   0 / 0                 0 / 0                 0 / 0                 0 / 0           ops/s
[40.777s][info   ][gc,stats    ]    Critical: GC Locker Stall                               0.000 / 0.000         0.000 / 0.000         0.000 / 0.000         0.000 / 0.000       ms
[40.777s][info   ][gc,stats    ]    Critical: Relocation Stall                                  0 / 0                 0 / 0                 0 / 0                 0 / 0           ops/s
[40.777s][info   ][gc,stats    ]    Critical: Relocation Stall                              0.000 / 0.000         0.000 / 0.000         0.000 / 0.000         0.000 / 0.000       ms
[40.777s][info   ][gc,stats    ]      Memory: Allocation Rate                                   0 / 0              5840 / 8884           5840 / 8884           5840 / 8884        MB/s
[40.777s][info   ][gc,stats    ]      Memory: Out Of Memory                                     0 / 0                 0 / 0                 0 / 0                 0 / 0           ops/s
[40.777s][info   ][gc,stats    ]      Memory: Page Cache Flush                                  0 / 0                 0 / 0                 0 / 0                 0 / 0           MB/s
[40.777s][info   ][gc,stats    ]      Memory: Page Cache Hit L1                                 0 / 0               210 / 325             210 / 325             210 / 325         ops/s
[40.777s][info   ][gc,stats    ]      Memory: Page Cache Hit L2                                 0 / 0                 0 / 0                 0 / 0                 0 / 0           ops/s
[40.777s][info   ][gc,stats    ]      Memory: Page Cache Hit L3                                 0 / 0                 1 / 64                1 / 64                1 / 64          ops/s
[40.777s][info   ][gc,stats    ]      Memory: Page Cache Miss                                   0 / 0                 0 / 1                 0 / 1                 0 / 1           ops/s
[40.777s][info   ][gc,stats    ]      Memory: Uncommit                                          0 / 0                 0 / 0                 0 / 0                 0 / 0           MB/s
[40.777s][info   ][gc,stats    ]      Memory: Undo Object Allocation Failed                     0 / 0                 0 / 1                 0 / 1                 0 / 1           ops/s
[40.777s][info   ][gc,stats    ]      Memory: Undo Object Allocation Succeeded                  0 / 0                11 / 30               11 / 30               11 / 30          ops/s
[40.777s][info   ][gc,stats    ]      Memory: Undo Page Allocation                              0 / 0                17 / 36               17 / 36               17 / 36          ops/s
[40.777s][info   ][gc,stats    ]       Phase: Concurrent Mark                               0.000 / 0.000        21.970 / 62.197       21.970 / 62.197       21.970 / 62.197      ms
[40.777s][info   ][gc,stats    ]       Phase: Concurrent Mark Continue                      0.000 / 0.000         0.000 / 0.000         0.000 / 0.000         0.000 / 0.000       ms
[40.777s][info   ][gc,stats    ]       Phase: Concurrent Mark Free                          0.000 / 0.000         0.003 / 0.024         0.003 / 0.024         0.003 / 0.024       ms
[40.777s][info   ][gc,stats    ]       Phase: Concurrent Process Non-Strong References      0.000 / 0.000         5.673 / 22.016        5.673 / 22.016        5.673 / 22.016      ms
[40.777s][info   ][gc,stats    ]       Phase: Concurrent Relocate                           0.000 / 0.000        84.119 / 223.492      84.119 / 223.492      84.119 / 223.492     ms
[40.777s][info   ][gc,stats    ]       Phase: Concurrent Reset Relocation Set               0.000 / 0.000         0.006 / 0.039         0.006 / 0.039         0.006 / 0.039       ms
[40.777s][info   ][gc,stats    ]       Phase: Concurrent Select Relocation Set              0.000 / 0.000         3.486 / 19.848        3.486 / 19.848        3.486 / 19.848      ms
[40.777s][info   ][gc,stats    ]       Phase: Pause Mark End                                0.000 / 0.000         0.025 / 0.088         0.025 / 0.088         0.025 / 0.088       ms
[40.777s][info   ][gc,stats    ]       Phase: Pause Mark Start                              0.000 / 0.000         0.017 / 0.050         0.017 / 0.050         0.017 / 0.050       ms
[40.777s][info   ][gc,stats    ]       Phase: Pause Relocate Start                          0.000 / 0.000         0.020 / 0.107         0.020 / 0.107         0.020 / 0.107       ms
[40.777s][info   ][gc,stats    ]    Subphase: Concurrent Classes Purge                      0.000 / 0.000         0.772 / 7.510         0.772 / 7.510         0.772 / 7.510       ms
[40.777s][info   ][gc,stats    ]    Subphase: Concurrent Classes Unlink                     0.000 / 0.000         0.508 / 6.126         0.508 / 6.126         0.508 / 6.126       ms
[40.777s][info   ][gc,stats    ]    Subphase: Concurrent Mark                               0.000 / 0.000        18.387 / 61.200       18.387 / 61.200       18.387 / 61.200      ms
[40.777s][info   ][gc,stats    ]    Subphase: Concurrent Mark Try Flush                     0.000 / 0.000         4.184 / 38.351        4.184 / 38.351        4.184 / 38.351      ms
[40.777s][info   ][gc,stats    ]    Subphase: Concurrent Mark Try Terminate                 0.000 / 0.000         1.566 / 11.699        1.566 / 11.699        1.566 / 11.699      ms
[40.777s][info   ][gc,stats    ]    Subphase: Concurrent References Enqueue                 0.000 / 0.000         0.001 / 0.014         0.001 / 0.014         0.001 / 0.014       ms
[40.777s][info   ][gc,stats    ]    Subphase: Concurrent References Process                 0.000 / 0.000         0.384 / 5.701         0.384 / 5.701         0.384 / 5.701       ms
[40.777s][info   ][gc,stats    ]    Subphase: Concurrent Roots ClassLoaderDataGraph         0.000 / 0.000         0.258 / 0.889         0.258 / 0.889         0.258 / 0.889       ms
[40.777s][info   ][gc,stats    ]    Subphase: Concurrent Roots CodeCache                    0.000 / 0.000         0.000 / 0.000         0.000 / 0.000         0.000 / 0.000       ms
[40.777s][info   ][gc,stats    ]    Subphase: Concurrent Roots JavaThreads                  0.000 / 0.000         1.097 / 10.072        1.097 / 10.072        1.097 / 10.072      ms
[40.777s][info   ][gc,stats    ]    Subphase: Concurrent Roots OopStorageSet                0.000 / 0.000         0.052 / 2.956         0.052 / 2.956         0.052 / 2.956       ms
[40.777s][info   ][gc,stats    ]    Subphase: Concurrent Weak Roots OopStorageSet           0.000 / 0.000         0.351 / 0.763         0.351 / 0.763         0.351 / 0.763       ms
[40.777s][info   ][gc,stats    ]    Subphase: Pause Mark Try Complete                       0.000 / 0.000         0.000 / 0.000         0.000 / 0.000         0.000 / 0.000       ms
[40.777s][info   ][gc,stats    ]      System: Java Threads                                      0 / 0                18 / 19               18 / 19               18 / 19          threads
[40.777s][info   ][gc,stats    ] =========================================================================================================================================================
[50.777s][info   ][gc,stats    ] === Garbage Collection Statistics =======================================================================================================================
[50.777s][info   ][gc,stats    ]                                                              Last 10s              Last 10m              Last 10h                Total
[50.777s][info   ][gc,stats    ]                                                              Avg / Max             Avg / Max             Avg / Max             Avg / Max
[50.777s][info   ][gc,stats    ]   Collector: Garbage Collection Cycle                      0.000 / 0.000       125.491 / 272.874     125.491 / 272.874     125.491 / 272.874     ms
[50.777s][info   ][gc,stats    ]  Contention: Mark Segment Reset Contention                     0 / 0                 0 / 0                 0 / 0                 0 / 0           ops/s
[50.777s][info   ][gc,stats    ]  Contention: Mark SeqNum Reset Contention                      0 / 0                 0 / 0                 0 / 0                 0 / 0           ops/s
[50.777s][info   ][gc,stats    ]    Critical: Allocation Stall                                  0 / 0                 8 / 30                8 / 30                8 / 30          ops/s
[50.777s][info   ][gc,stats    ]    Critical: Allocation Stall                              0.000 / 0.000         4.033 / 20.150        4.033 / 20.150        4.033 / 20.150      ms
[50.777s][info   ][gc,stats    ]    Critical: GC Locker Stall                                   0 / 0                 0 / 0                 0 / 0                 0 / 0           ops/s
[50.777s][info   ][gc,stats    ]    Critical: GC Locker Stall                               0.000 / 0.000         0.000 / 0.000         0.000 / 0.000         0.000 / 0.000       ms
[50.777s][info   ][gc,stats    ]    Critical: Relocation Stall                                  0 / 0                 0 / 0                 0 / 0                 0 / 0           ops/s
[50.777s][info   ][gc,stats    ]    Critical: Relocation Stall                              0.000 / 0.000         0.000 / 0.000         0.000 / 0.000         0.000 / 0.000       ms
[50.777s][info   ][gc,stats    ]      Memory: Allocation Rate                                   0 / 0              4672 / 8884           4672 / 8884           4672 / 8884        MB/s
[50.777s][info   ][gc,stats    ]      Memory: Out Of Memory                                     0 / 0                 0 / 0                 0 / 0                 0 / 0           ops/s
[50.777s][info   ][gc,stats    ]      Memory: Page Cache Flush                                  0 / 0                 0 / 0                 0 / 0                 0 / 0           MB/s
[50.777s][info   ][gc,stats    ]      Memory: Page Cache Hit L1                                 0 / 0               168 / 325             168 / 325             168 / 325         ops/s
[50.777s][info   ][gc,stats    ]      Memory: Page Cache Hit L2                                 0 / 0                 0 / 0                 0 / 0                 0 / 0           ops/s
[50.777s][info   ][gc,stats    ]      Memory: Page Cache Hit L3                                 0 / 0                 1 / 64                1 / 64                1 / 64          ops/s
[50.777s][info   ][gc,stats    ]      Memory: Page Cache Miss                                   0 / 0                 0 / 1                 0 / 1                 0 / 1           ops/s
[50.777s][info   ][gc,stats    ]      Memory: Uncommit                                          0 / 0                 0 / 0                 0 / 0                 0 / 0           MB/s
[50.777s][info   ][gc,stats    ]      Memory: Undo Object Allocation Failed                     0 / 0                 0 / 1                 0 / 1                 0 / 1           ops/s
[50.777s][info   ][gc,stats    ]      Memory: Undo Object Allocation Succeeded                  0 / 0                 8 / 30                8 / 30                8 / 30          ops/s
[50.777s][info   ][gc,stats    ]      Memory: Undo Page Allocation                              0 / 0                14 / 36               14 / 36               14 / 36          ops/s
[50.777s][info   ][gc,stats    ]       Phase: Concurrent Mark                               0.000 / 0.000        21.970 / 62.197       21.970 / 62.197       21.970 / 62.197      ms
[50.777s][info   ][gc,stats    ]       Phase: Concurrent Mark Continue                      0.000 / 0.000         0.000 / 0.000         0.000 / 0.000         0.000 / 0.000       ms
[50.777s][info   ][gc,stats    ]       Phase: Concurrent Mark Free                          0.000 / 0.000         0.003 / 0.024         0.003 / 0.024         0.003 / 0.024       ms
[50.777s][info   ][gc,stats    ]       Phase: Concurrent Process Non-Strong References      0.000 / 0.000         5.673 / 22.016        5.673 / 22.016        5.673 / 22.016      ms
[50.777s][info   ][gc,stats    ]       Phase: Concurrent Relocate                           0.000 / 0.000        84.119 / 223.492      84.119 / 223.492      84.119 / 223.492     ms
[50.777s][info   ][gc,stats    ]       Phase: Concurrent Reset Relocation Set               0.000 / 0.000         0.006 / 0.039         0.006 / 0.039         0.006 / 0.039       ms
[50.777s][info   ][gc,stats    ]       Phase: Concurrent Select Relocation Set              0.000 / 0.000         3.486 / 19.848        3.486 / 19.848        3.486 / 19.848      ms
[50.777s][info   ][gc,stats    ]       Phase: Pause Mark End                                0.000 / 0.000         0.025 / 0.088         0.025 / 0.088         0.025 / 0.088       ms
[50.777s][info   ][gc,stats    ]       Phase: Pause Mark Start                              0.000 / 0.000         0.017 / 0.050         0.017 / 0.050         0.017 / 0.050       ms
[50.777s][info   ][gc,stats    ]       Phase: Pause Relocate Start                          0.000 / 0.000         0.020 / 0.107         0.020 / 0.107         0.020 / 0.107       ms
[50.777s][info   ][gc,stats    ]    Subphase: Concurrent Classes Purge                      0.000 / 0.000         0.772 / 7.510         0.772 / 7.510         0.772 / 7.510       ms
[50.777s][info   ][gc,stats    ]    Subphase: Concurrent Classes Unlink                     0.000 / 0.000         0.508 / 6.126         0.508 / 6.126         0.508 / 6.126       ms
[50.777s][info   ][gc,stats    ]    Subphase: Concurrent Mark                               0.000 / 0.000        18.387 / 61.200       18.387 / 61.200       18.387 / 61.200      ms
[50.777s][info   ][gc,stats    ]    Subphase: Concurrent Mark Try Flush                     0.000 / 0.000         4.184 / 38.351        4.184 / 38.351        4.184 / 38.351      ms
[50.777s][info   ][gc,stats    ]    Subphase: Concurrent Mark Try Terminate                 0.000 / 0.000         1.566 / 11.699        1.566 / 11.699        1.566 / 11.699      ms
[50.777s][info   ][gc,stats    ]    Subphase: Concurrent References Enqueue                 0.000 / 0.000         0.001 / 0.014         0.001 / 0.014         0.001 / 0.014       ms
[50.777s][info   ][gc,stats    ]    Subphase: Concurrent References Process                 0.000 / 0.000         0.384 / 5.701         0.384 / 5.701         0.384 / 5.701       ms
[50.777s][info   ][gc,stats    ]    Subphase: Concurrent Roots ClassLoaderDataGraph         0.000 / 0.000         0.258 / 0.889         0.258 / 0.889         0.258 / 0.889       ms
[50.777s][info   ][gc,stats    ]    Subphase: Concurrent Roots CodeCache                    0.000 / 0.000         0.000 / 0.000         0.000 / 0.000         0.000 / 0.000       ms
[50.777s][info   ][gc,stats    ]    Subphase: Concurrent Roots JavaThreads                  0.000 / 0.000         1.097 / 10.072        1.097 / 10.072        1.097 / 10.072      ms
[50.777s][info   ][gc,stats    ]    Subphase: Concurrent Roots OopStorageSet                0.000 / 0.000         0.052 / 2.956         0.052 / 2.956         0.052 / 2.956       ms
[50.777s][info   ][gc,stats    ]    Subphase: Concurrent Weak Roots OopStorageSet           0.000 / 0.000         0.351 / 0.763         0.351 / 0.763         0.351 / 0.763       ms
[50.777s][info   ][gc,stats    ]    Subphase: Pause Mark Try Complete                       0.000 / 0.000         0.000 / 0.000         0.000 / 0.000         0.000 / 0.000       ms
[50.777s][info   ][gc,stats    ]      System: Java Threads                                      0 / 0                18 / 19               18 / 19               18 / 19          threads
[50.777s][info   ][gc,stats    ] =========================================================================================================================================================
[60.776s][info   ][gc,stats    ] === Garbage Collection Statistics =======================================================================================================================
[60.776s][info   ][gc,stats    ]                                                              Last 10s              Last 10m              Last 10h                Total
[60.776s][info   ][gc,stats    ]                                                              Avg / Max             Avg / Max             Avg / Max             Avg / Max
[60.776s][info   ][gc,stats    ]   Collector: Garbage Collection Cycle                      0.000 / 0.000       125.491 / 272.874     125.491 / 272.874     125.491 / 272.874     ms
[60.776s][info   ][gc,stats    ]  Contention: Mark Segment Reset Contention                     0 / 0                 0 / 0                 0 / 0                 0 / 0           ops/s
[60.776s][info   ][gc,stats    ]  Contention: Mark SeqNum Reset Contention                      0 / 0                 0 / 0                 0 / 0                 0 / 0           ops/s
[60.776s][info   ][gc,stats    ]    Critical: Allocation Stall                                  0 / 0                 7 / 30                7 / 30                7 / 30          ops/s
[60.776s][info   ][gc,stats    ]    Critical: Allocation Stall                              0.000 / 0.000         4.033 / 20.150        4.033 / 20.150        4.033 / 20.150      ms
[60.776s][info   ][gc,stats    ]    Critical: GC Locker Stall                                   0 / 0                 0 / 0                 0 / 0                 0 / 0           ops/s
[60.776s][info   ][gc,stats    ]    Critical: GC Locker Stall                               0.000 / 0.000         0.000 / 0.000         0.000 / 0.000         0.000 / 0.000       ms
[60.776s][info   ][gc,stats    ]    Critical: Relocation Stall                                  0 / 0                 0 / 0                 0 / 0                 0 / 0           ops/s
[60.777s][info   ][gc,stats    ]    Critical: Relocation Stall                              0.000 / 0.000         0.000 / 0.000         0.000 / 0.000         0.000 / 0.000       ms
[60.777s][info   ][gc,stats    ]      Memory: Allocation Rate                                   0 / 0              3893 / 8884           3893 / 8884           3893 / 8884        MB/s
[60.777s][info   ][gc,stats    ]      Memory: Out Of Memory                                     0 / 0                 0 / 0                 0 / 0                 0 / 0           ops/s
[60.777s][info   ][gc,stats    ]      Memory: Page Cache Flush                                  0 / 0                 0 / 0                 0 / 0                 0 / 0           MB/s
[60.777s][info   ][gc,stats    ]      Memory: Page Cache Hit L1                                 0 / 0               140 / 325             140 / 325             140 / 325         ops/s
[60.777s][info   ][gc,stats    ]      Memory: Page Cache Hit L2                                 0 / 0                 0 / 0                 0 / 0                 0 / 0           ops/s
[60.777s][info   ][gc,stats    ]      Memory: Page Cache Hit L3                                 0 / 0                 1 / 64                1 / 64                1 / 64          ops/s
[60.777s][info   ][gc,stats    ]      Memory: Page Cache Miss                                   0 / 0                 0 / 1                 0 / 1                 0 / 1           ops/s
[60.777s][info   ][gc,stats    ]      Memory: Uncommit                                          0 / 0                 0 / 0                 0 / 0                 0 / 0           MB/s
[60.777s][info   ][gc,stats    ]      Memory: Undo Object Allocation Failed                     0 / 0                 0 / 1                 0 / 1                 0 / 1           ops/s
[60.777s][info   ][gc,stats    ]      Memory: Undo Object Allocation Succeeded                  0 / 0                 7 / 30                7 / 30                7 / 30          ops/s
[60.777s][info   ][gc,stats    ]      Memory: Undo Page Allocation                              0 / 0                11 / 36               11 / 36               11 / 36          ops/s
[60.777s][info   ][gc,stats    ]       Phase: Concurrent Mark                               0.000 / 0.000        21.970 / 62.197       21.970 / 62.197       21.970 / 62.197      ms
[60.777s][info   ][gc,stats    ]       Phase: Concurrent Mark Continue                      0.000 / 0.000         0.000 / 0.000         0.000 / 0.000         0.000 / 0.000       ms
[60.777s][info   ][gc,stats    ]       Phase: Concurrent Mark Free                          0.000 / 0.000         0.003 / 0.024         0.003 / 0.024         0.003 / 0.024       ms
[60.777s][info   ][gc,stats    ]       Phase: Concurrent Process Non-Strong References      0.000 / 0.000         5.673 / 22.016        5.673 / 22.016        5.673 / 22.016      ms
[60.777s][info   ][gc,stats    ]       Phase: Concurrent Relocate                           0.000 / 0.000        84.119 / 223.492      84.119 / 223.492      84.119 / 223.492     ms
[60.777s][info   ][gc,stats    ]       Phase: Concurrent Reset Relocation Set               0.000 / 0.000         0.006 / 0.039         0.006 / 0.039         0.006 / 0.039       ms
[60.777s][info   ][gc,stats    ]       Phase: Concurrent Select Relocation Set              0.000 / 0.000         3.486 / 19.848        3.486 / 19.848        3.486 / 19.848      ms
[60.777s][info   ][gc,stats    ]       Phase: Pause Mark End                                0.000 / 0.000         0.025 / 0.088         0.025 / 0.088         0.025 / 0.088       ms
[60.777s][info   ][gc,stats    ]       Phase: Pause Mark Start                              0.000 / 0.000         0.017 / 0.050         0.017 / 0.050         0.017 / 0.050       ms
[60.777s][info   ][gc,stats    ]       Phase: Pause Relocate Start                          0.000 / 0.000         0.020 / 0.107         0.020 / 0.107         0.020 / 0.107       ms
[60.777s][info   ][gc,stats    ]    Subphase: Concurrent Classes Purge                      0.000 / 0.000         0.772 / 7.510         0.772 / 7.510         0.772 / 7.510       ms
[60.777s][info   ][gc,stats    ]    Subphase: Concurrent Classes Unlink                     0.000 / 0.000         0.508 / 6.126         0.508 / 6.126         0.508 / 6.126       ms
[60.777s][info   ][gc,stats    ]    Subphase: Concurrent Mark                               0.000 / 0.000        18.387 / 61.200       18.387 / 61.200       18.387 / 61.200      ms
[60.777s][info   ][gc,stats    ]    Subphase: Concurrent Mark Try Flush                     0.000 / 0.000         4.184 / 38.351        4.184 / 38.351        4.184 / 38.351      ms
[60.777s][info   ][gc,stats    ]    Subphase: Concurrent Mark Try Terminate                 0.000 / 0.000         1.566 / 11.699        1.566 / 11.699        1.566 / 11.699      ms
[60.777s][info   ][gc,stats    ]    Subphase: Concurrent References Enqueue                 0.000 / 0.000         0.001 / 0.014         0.001 / 0.014         0.001 / 0.014       ms
[60.777s][info   ][gc,stats    ]    Subphase: Concurrent References Process                 0.000 / 0.000         0.384 / 5.701         0.384 / 5.701         0.384 / 5.701       ms
[60.777s][info   ][gc,stats    ]    Subphase: Concurrent Roots ClassLoaderDataGraph         0.000 / 0.000         0.258 / 0.889         0.258 / 0.889         0.258 / 0.889       ms
[60.777s][info   ][gc,stats    ]    Subphase: Concurrent Roots CodeCache                    0.000 / 0.000         0.000 / 0.000         0.000 / 0.000         0.000 / 0.000       ms
[60.777s][info   ][gc,stats    ]    Subphase: Concurrent Roots JavaThreads                  0.000 / 0.000         1.097 / 10.072        1.097 / 10.072        1.097 / 10.072      ms
[60.777s][info   ][gc,stats    ]    Subphase: Concurrent Roots OopStorageSet                0.000 / 0.000         0.052 / 2.956         0.052 / 2.956         0.052 / 2.956       ms
[60.777s][info   ][gc,stats    ]    Subphase: Concurrent Weak Roots OopStorageSet           0.000 / 0.000         0.351 / 0.763         0.351 / 0.763         0.351 / 0.763       ms
[60.777s][info   ][gc,stats    ]    Subphase: Pause Mark Try Complete                       0.000 / 0.000         0.000 / 0.000         0.000 / 0.000         0.000 / 0.000       ms
[60.777s][info   ][gc,stats    ]      System: Java Threads                                      0 / 0                18 / 19               18 / 19               18 / 19          threads
[60.777s][info   ][gc,stats    ] =========================================================================================================================================================
[60.804s][info   ][gc,heap,exit] Heap
[60.804s][info   ][gc,heap,exit]  ZHeap           used 420M, capacity 2048M, max capacity 2048M
[60.804s][info   ][gc,heap,exit]  Metaspace       used 213K, committed 448K, reserved 1114112K
[60.804s][info   ][gc,heap,exit]   class space    used 9K, committed 128K, reserved 1048576K
	Command being timed: "java -Xmx2G -Xms2G -XX:+UseZGC -XX:+PrintGCDetails -Xlog:gc* -jar ComplexGCTest.jar"
	User time (seconds): 100.65
	System time (seconds): 5.53
	Percent of CPU this job got: 173%
	Elapsed (wall clock) time (h:mm:ss or m:ss): 1:01.31
	Average shared text size (kbytes): 0
	Average unshared data size (kbytes): 0
	Average stack size (kbytes): 0
	Average total size (kbytes): 0
	Maximum resident set size (kbytes): 6084556
	Average resident set size (kbytes): 0
	Major (requiring I/O) page faults: 0
	Minor (reclaiming a frame) page faults: 1505259
	Voluntary context switches: 19210
	Involuntary context switches: 29400
	Swaps: 0
	File system inputs: 0
	File system outputs: 1512
	Socket messages sent: 0
	Socket messages received: 0
	Signals delivered: 0
	Page size (bytes): 4096
	Exit status: 0
