[0.001s][warning][gc] -XX:+PrintGCDetails is deprecated. Will use -Xlog:gc* instead.
[0.004s][info   ][gc] Using Serial
[0.007s][info   ][gc,init] Version: 17.0.12+7 (release)
[0.007s][info   ][gc,init] CPUs: 4 total, 4 available
[0.007s][info   ][gc,init] Memory: 3868M
[0.007s][info   ][gc,init] Large Page Support: Disabled
[0.007s][info   ][gc,init] NUMA Support: Disabled
[0.007s][info   ][gc,init] Compressed Oops: Enabled (32-bit)
[0.007s][info   ][gc,init] Heap Min Capacity: 2G
[0.007s][info   ][gc,init] Heap Initial Capacity: 2G
[0.007s][info   ][gc,init] Heap Max Capacity: 2G
[0.007s][info   ][gc,init] Pre-touch: Disabled
[0.016s][info   ][gc,metaspace] CDS archive(s) mapped at: [0x000071fd74000000-0x000071fd74bc7000-0x000071fd74bc7000), size 12349440, SharedBaseAddress: 0x000071fd74000000, ArchiveRelocationMode: 1.
[0.016s][info   ][gc,metaspace] Compressed class space mapped at: 0x000071fd75000000-0x000071fdb5000000, reserved size: 1073741824
[0.016s][info   ][gc,metaspace] Narrow klass base: 0x000071fd74000000, Narrow klass shift: 0, Narrow klass range: 0x100000000
[0.175s][info   ][gc,start    ] GC(0) Pause Young (Allocation Failure)
[0.205s][info   ][gc,heap     ] GC(0) DefNew: 558237K(629120K)->39461K(629120K) Eden: 558237K(559232K)->0K(559232K) From: 0K(69888K)->39461K(69888K)
[0.205s][info   ][gc,heap     ] GC(0) Tenured: 0K(1398144K)->0K(1398144K)
[0.205s][info   ][gc,metaspace] GC(0) Metaspace: 211K(448K)->211K(448K) NonClass: 202K(320K)->202K(320K) Class: 9K(128K)->9K(128K)
[0.205s][info   ][gc          ] GC(0) Pause Young (Allocation Failure) 545M->38M(1979M) 30.473ms
[0.205s][info   ][gc,cpu      ] GC(0) User=0.00s Sys=0.02s Real=0.03s
[0.276s][info   ][gc,start    ] GC(1) Pause Young (Allocation Failure)
[0.319s][info   ][gc,heap     ] GC(1) DefNew: 597841K(629120K)->57344K(629120K) Eden: 558379K(559232K)->0K(559232K) From: 39461K(69888K)->57344K(69888K)
[0.319s][info   ][gc,heap     ] GC(1) Tenured: 0K(1398144K)->548K(1398144K)
[0.319s][info   ][gc,metaspace] GC(1) Metaspace: 211K(448K)->211K(448K) NonClass: 202K(320K)->202K(320K) Class: 9K(128K)->9K(128K)
[0.319s][info   ][gc          ] GC(1) Pause Young (Allocation Failure) 583M->56M(1979M) 43.236ms
[0.319s][info   ][gc,cpu      ] GC(1) User=0.01s Sys=0.04s Real=0.04s
[0.387s][info   ][gc,start    ] GC(2) Pause Young (Allocation Failure)
[0.402s][info   ][gc,heap     ] GC(2) DefNew: 615595K(629120K)->51200K(629120K) Eden: 558250K(559232K)->0K(559232K) From: 57344K(69888K)->51200K(69888K)
[0.402s][info   ][gc,heap     ] GC(2) Tenured: 548K(1398144K)->548K(1398144K)
[0.402s][info   ][gc,metaspace] GC(2) Metaspace: 211K(448K)->211K(448K) NonClass: 202K(320K)->202K(320K) Class: 9K(128K)->9K(128K)
[0.402s][info   ][gc          ] GC(2) Pause Young (Allocation Failure) 601M->50M(1979M) 15.321ms
[0.402s][info   ][gc,cpu      ] GC(2) User=0.01s Sys=0.01s Real=0.01s
[0.471s][info   ][gc,start    ] GC(3) Pause Young (Allocation Failure)
[0.481s][info   ][gc,heap     ] GC(3) DefNew: 610001K(629120K)->58368K(629120K) Eden: 558801K(559232K)->0K(559232K) From: 51200K(69888K)->58368K(69888K)
[0.481s][info   ][gc,heap     ] GC(3) Tenured: 548K(1398144K)->548K(1398144K)
[0.481s][info   ][gc,metaspace] GC(3) Metaspace: 211K(448K)->211K(448K) NonClass: 202K(320K)->202K(320K) Class: 9K(128K)->9K(128K)
[0.481s][info   ][gc          ] GC(3) Pause Young (Allocation Failure) 596M->57M(1979M) 10.577ms
[0.481s][info   ][gc,cpu      ] GC(3) User=0.01s Sys=0.00s Real=0.01s
[0.549s][info   ][gc,start    ] GC(4) Pause Young (Allocation Failure)
[0.552s][info   ][gc,heap     ] GC(4) DefNew: 616674K(629120K)->21504K(629120K) Eden: 558305K(559232K)->0K(559232K) From: 58368K(69888K)->21504K(69888K)
[0.552s][info   ][gc,heap     ] GC(4) Tenured: 548K(1398144K)->548K(1398144K)
[0.552s][info   ][gc,metaspace] GC(4) Metaspace: 211K(448K)->211K(448K) NonClass: 202K(320K)->202K(320K) Class: 9K(128K)->9K(128K)
[0.553s][info   ][gc          ] GC(4) Pause Young (Allocation Failure) 602M->21M(1979M) 3.929ms
[0.553s][info   ][gc,cpu      ] GC(4) User=0.01s Sys=0.00s Real=0.00s
[0.622s][info   ][gc,start    ] GC(5) Pause Young (Allocation Failure)
[0.632s][info   ][gc,heap     ] GC(5) DefNew: 580238K(629120K)->58368K(629120K) Eden: 558733K(559232K)->0K(559232K) From: 21504K(69888K)->58368K(69888K)
[0.632s][info   ][gc,heap     ] GC(5) Tenured: 548K(1398144K)->548K(1398144K)
[0.632s][info   ][gc,metaspace] GC(5) Metaspace: 211K(448K)->211K(448K) NonClass: 202K(320K)->202K(320K) Class: 9K(128K)->9K(128K)
[0.633s][info   ][gc          ] GC(5) Pause Young (Allocation Failure) 567M->57M(1979M) 10.287ms
[0.633s][info   ][gc,cpu      ] GC(5) User=0.01s Sys=0.00s Real=0.01s
[0.702s][info   ][gc,start    ] GC(6) Pause Young (Allocation Failure)
[0.709s][info   ][gc,heap     ] GC(6) DefNew: 617600K(629120K)->48128K(629120K) Eden: 559232K(559232K)->0K(559232K) From: 58368K(69888K)->48128K(69888K)
[0.709s][info   ][gc,heap     ] GC(6) Tenured: 548K(1398144K)->548K(1398144K)
[0.709s][info   ][gc,metaspace] GC(6) Metaspace: 211K(448K)->211K(448K) NonClass: 202K(320K)->202K(320K) Class: 9K(128K)->9K(128K)
[0.709s][info   ][gc          ] GC(6) Pause Young (Allocation Failure) 603M->47M(1979M) 7.172ms
[0.709s][info   ][gc,cpu      ] GC(6) User=0.01s Sys=0.00s Real=0.01s
[0.777s][info   ][gc,start    ] GC(7) Pause Young (Allocation Failure)
[0.780s][info   ][gc,heap     ] GC(7) DefNew: 606990K(629120K)->20480K(629120K) Eden: 558861K(559232K)->0K(559232K) From: 48128K(69888K)->20480K(69888K)
[0.780s][info   ][gc,heap     ] GC(7) Tenured: 548K(1398144K)->548K(1398144K)
[0.780s][info   ][gc,metaspace] GC(7) Metaspace: 211K(448K)->211K(448K) NonClass: 202K(320K)->202K(320K) Class: 9K(128K)->9K(128K)
[0.780s][info   ][gc          ] GC(7) Pause Young (Allocation Failure) 593M->20M(1979M) 3.551ms
[0.780s][info   ][gc,cpu      ] GC(7) User=0.00s Sys=0.00s Real=0.00s
[0.848s][info   ][gc,start    ] GC(8) Pause Young (Allocation Failure)
[0.933s][info   ][gc,heap     ] GC(8) DefNew: 579309K(629120K)->69633K(629120K) Eden: 558829K(559232K)->0K(559232K) From: 20480K(69888K)->69633K(69888K)
[0.933s][info   ][gc,heap     ] GC(8) Tenured: 548K(1398144K)->84518K(1398144K)
[0.933s][info   ][gc,metaspace] GC(8) Metaspace: 211K(448K)->211K(448K) NonClass: 202K(320K)->202K(320K) Class: 9K(128K)->9K(128K)
[0.933s][info   ][gc          ] GC(8) Pause Young (Allocation Failure) 566M->150M(1979M) 85.006ms
[0.933s][info   ][gc,cpu      ] GC(8) User=0.03s Sys=0.05s Real=0.08s
[1.000s][info   ][gc,start    ] GC(9) Pause Young (Allocation Failure)
[1.056s][info   ][gc,heap     ] GC(9) DefNew: 628807K(629120K)->37888K(629120K) Eden: 559173K(559232K)->0K(559232K) From: 69633K(69888K)->37888K(69888K)
[1.056s][info   ][gc,heap     ] GC(9) Tenured: 84518K(1398144K)->153127K(1398144K)
[1.056s][info   ][gc,metaspace] GC(9) Metaspace: 211K(448K)->211K(448K) NonClass: 202K(320K)->202K(320K) Class: 9K(128K)->9K(128K)
[1.056s][info   ][gc          ] GC(9) Pause Young (Allocation Failure) 696M->186M(1979M) 55.772ms
[1.056s][info   ][gc,cpu      ] GC(9) User=0.03s Sys=0.02s Real=0.06s
[1.123s][info   ][gc,start    ] GC(10) Pause Young (Allocation Failure)
[1.134s][info   ][gc,heap     ] GC(10) DefNew: 596625K(629120K)->65537K(629120K) Eden: 558737K(559232K)->0K(559232K) From: 37888K(69888K)->65537K(69888K)
[1.134s][info   ][gc,heap     ] GC(10) Tenured: 153127K(1398144K)->153127K(1398144K)
[1.134s][info   ][gc,metaspace] GC(10) Metaspace: 211K(448K)->211K(448K) NonClass: 202K(320K)->202K(320K) Class: 9K(128K)->9K(128K)
[1.134s][info   ][gc          ] GC(10) Pause Young (Allocation Failure) 732M->213M(1979M) 11.266ms
[1.134s][info   ][gc,cpu      ] GC(10) User=0.01s Sys=0.00s Real=0.01s
[1.203s][info   ][gc,start    ] GC(11) Pause Young (Allocation Failure)
[1.208s][info   ][gc,heap     ] GC(11) DefNew: 623993K(629120K)->32768K(629120K) Eden: 558456K(559232K)->0K(559232K) From: 65537K(69888K)->32768K(69888K)
[1.209s][info   ][gc,heap     ] GC(11) Tenured: 153127K(1398144K)->153128K(1398144K)
[1.209s][info   ][gc,metaspace] GC(11) Metaspace: 211K(448K)->211K(448K) NonClass: 202K(320K)->202K(320K) Class: 9K(128K)->9K(128K)
[1.209s][info   ][gc          ] GC(11) Pause Young (Allocation Failure) 758M->181M(1979M) 5.188ms
[1.209s][info   ][gc,cpu      ] GC(11) User=0.00s Sys=0.00s Real=0.01s
[1.278s][info   ][gc,start    ] GC(12) Pause Young (Allocation Failure)
[1.282s][info   ][gc,heap     ] GC(12) DefNew: 591044K(629120K)->24576K(629120K) Eden: 558275K(559232K)->0K(559232K) From: 32768K(69888K)->24576K(69888K)
[1.282s][info   ][gc,heap     ] GC(12) Tenured: 153128K(1398144K)->153128K(1398144K)
[1.282s][info   ][gc,metaspace] GC(12) Metaspace: 211K(448K)->211K(448K) NonClass: 202K(320K)->202K(320K) Class: 9K(128K)->9K(128K)
[1.282s][info   ][gc          ] GC(12) Pause Young (Allocation Failure) 726M->173M(1979M) 4.393ms
[1.282s][info   ][gc,cpu      ] GC(12) User=0.01s Sys=0.00s Real=0.00s
[1.351s][info   ][gc,start    ] GC(13) Pause Young (Allocation Failure)
[1.357s][info   ][gc,heap     ] GC(13) DefNew: 583759K(629120K)->36864K(629120K) Eden: 559183K(559232K)->0K(559232K) From: 24576K(69888K)->36864K(69888K)
[1.357s][info   ][gc,heap     ] GC(13) Tenured: 153128K(1398144K)->153128K(1398144K)
[1.357s][info   ][gc,metaspace] GC(13) Metaspace: 211K(448K)->211K(448K) NonClass: 202K(320K)->202K(320K) Class: 9K(128K)->9K(128K)
[1.357s][info   ][gc          ] GC(13) Pause Young (Allocation Failure) 719M->185M(1979M) 6.137ms
[1.357s][info   ][gc,cpu      ] GC(13) User=0.01s Sys=0.00s Real=0.01s
[1.426s][info   ][gc,start    ] GC(14) Pause Young (Allocation Failure)
[1.428s][info   ][gc,heap     ] GC(14) DefNew: 595973K(629120K)->8192K(629120K) Eden: 559108K(559232K)->0K(559232K) From: 36864K(69888K)->8192K(69888K)
[1.428s][info   ][gc,heap     ] GC(14) Tenured: 153128K(1398144K)->153128K(1398144K)
[1.428s][info   ][gc,metaspace] GC(14) Metaspace: 211K(448K)->211K(448K) NonClass: 202K(320K)->202K(320K) Class: 9K(128K)->9K(128K)
[1.428s][info   ][gc          ] GC(14) Pause Young (Allocation Failure) 731M->157M(1979M) 1.570ms
[1.428s][info   ][gc,cpu      ] GC(14) User=0.00s Sys=0.00s Real=0.00s
[1.495s][info   ][gc,start    ] GC(15) Pause Young (Allocation Failure)
[1.495s][info   ][gc,heap     ] GC(15) DefNew: 567252K(629120K)->0K(629120K) Eden: 559060K(559232K)->0K(559232K) From: 8192K(69888K)->0K(69888K)
[1.495s][info   ][gc,heap     ] GC(15) Tenured: 153128K(1398144K)->153128K(1398144K)
[1.495s][info   ][gc,metaspace] GC(15) Metaspace: 211K(448K)->211K(448K) NonClass: 202K(320K)->202K(320K) Class: 9K(128K)->9K(128K)
[1.495s][info   ][gc          ] GC(15) Pause Young (Allocation Failure) 703M->149M(1979M) 0.254ms
[1.495s][info   ][gc,cpu      ] GC(15) User=0.00s Sys=0.00s Real=0.00s
[1.563s][info   ][gc,start    ] GC(16) Pause Young (Allocation Failure)
[1.570s][info   ][gc,heap     ] GC(16) DefNew: 559029K(629120K)->41984K(629120K) Eden: 559029K(559232K)->0K(559232K) From: 0K(69888K)->41984K(69888K)
[1.570s][info   ][gc,heap     ] GC(16) Tenured: 153128K(1398144K)->153128K(1398144K)
[1.570s][info   ][gc,metaspace] GC(16) Metaspace: 211K(448K)->211K(448K) NonClass: 202K(320K)->202K(320K) Class: 9K(128K)->9K(128K)
[1.570s][info   ][gc          ] GC(16) Pause Young (Allocation Failure) 695M->190M(1979M) 6.773ms
[1.570s][info   ][gc,cpu      ] GC(16) User=0.00s Sys=0.00s Real=0.01s
[1.638s][info   ][gc,start    ] GC(17) Pause Young (Allocation Failure)
[1.643s][info   ][gc,heap     ] GC(17) DefNew: 600994K(629120K)->27648K(629120K) Eden: 559010K(559232K)->0K(559232K) From: 41984K(69888K)->27648K(69888K)
[1.643s][info   ][gc,heap     ] GC(17) Tenured: 153128K(1398144K)->153128K(1398144K)
[1.643s][info   ][gc,metaspace] GC(17) Metaspace: 211K(448K)->211K(448K) NonClass: 202K(320K)->202K(320K) Class: 9K(128K)->9K(128K)
[1.643s][info   ][gc          ] GC(17) Pause Young (Allocation Failure) 736M->176M(1979M) 4.990ms
[1.643s][info   ][gc,cpu      ] GC(17) User=0.01s Sys=0.00s Real=0.00s
[1.713s][info   ][gc,start    ] GC(18) Pause Young (Allocation Failure)
[1.716s][info   ][gc,heap     ] GC(18) DefNew: 586645K(629120K)->18432K(629120K) Eden: 558997K(559232K)->0K(559232K) From: 27648K(69888K)->18432K(69888K)
[1.716s][info   ][gc,heap     ] GC(18) Tenured: 153128K(1398144K)->153128K(1398144K)
[1.716s][info   ][gc,metaspace] GC(18) Metaspace: 211K(448K)->211K(448K) NonClass: 202K(320K)->202K(320K) Class: 9K(128K)->9K(128K)
[1.716s][info   ][gc          ] GC(18) Pause Young (Allocation Failure) 722M->167M(1979M) 3.313ms
[1.716s][info   ][gc,cpu      ] GC(18) User=0.01s Sys=0.00s Real=0.01s
[1.787s][info   ][gc,start    ] GC(19) Pause Young (Allocation Failure)
[1.791s][info   ][gc,heap     ] GC(19) DefNew: 577421K(629120K)->27648K(629120K) Eden: 558989K(559232K)->0K(559232K) From: 18432K(69888K)->27648K(69888K)
[1.791s][info   ][gc,heap     ] GC(19) Tenured: 153128K(1398144K)->153128K(1398144K)
[1.791s][info   ][gc,metaspace] GC(19) Metaspace: 211K(448K)->211K(448K) NonClass: 202K(320K)->202K(320K) Class: 9K(128K)->9K(128K)
[1.791s][info   ][gc          ] GC(19) Pause Young (Allocation Failure) 713M->176M(1979M) 4.317ms
[1.791s][info   ][gc,cpu      ] GC(19) User=0.01s Sys=0.00s Real=0.00s
[1.862s][info   ][gc,start    ] GC(20) Pause Young (Allocation Failure)
[1.863s][info   ][gc,heap     ] GC(20) DefNew: 586632K(629120K)->7168K(629120K) Eden: 558983K(559232K)->0K(559232K) From: 27648K(69888K)->7168K(69888K)
[1.863s][info   ][gc,heap     ] GC(20) Tenured: 153128K(1398144K)->153128K(1398144K)
[1.863s][info   ][gc,metaspace] GC(20) Metaspace: 211K(448K)->211K(448K) NonClass: 202K(320K)->202K(320K) Class: 9K(128K)->9K(128K)
[1.863s][info   ][gc          ] GC(20) Pause Young (Allocation Failure) 722M->156M(1979M) 1.651ms
[1.863s][info   ][gc,cpu      ] GC(20) User=0.00s Sys=0.00s Real=0.00s
[1.932s][info   ][gc,start    ] GC(21) Pause Young (Allocation Failure)
[1.955s][info   ][gc,heap     ] GC(21) DefNew: 566148K(629120K)->69633K(629120K) Eden: 558980K(559232K)->0K(559232K) From: 7168K(69888K)->69633K(69888K)
[1.955s][info   ][gc,heap     ] GC(21) Tenured: 153128K(1398144K)->156200K(1398144K)
[1.955s][info   ][gc,metaspace] GC(21) Metaspace: 211K(448K)->211K(448K) NonClass: 202K(320K)->202K(320K) Class: 9K(128K)->9K(128K)
[1.955s][info   ][gc          ] GC(21) Pause Young (Allocation Failure) 702M->220M(1979M) 22.647ms
[1.955s][info   ][gc,cpu      ] GC(21) User=0.01s Sys=0.01s Real=0.03s
[2.025s][info   ][gc,start    ] GC(22) Pause Young (Allocation Failure)
[2.036s][info   ][gc,heap     ] GC(22) DefNew: 628611K(629120K)->60416K(629120K) Eden: 558978K(559232K)->0K(559232K) From: 69633K(69888K)->60416K(69888K)
[2.036s][info   ][gc,heap     ] GC(22) Tenured: 156200K(1398144K)->156200K(1398144K)
[2.036s][info   ][gc,metaspace] GC(22) Metaspace: 211K(448K)->211K(448K) NonClass: 202K(320K)->202K(320K) Class: 9K(128K)->9K(128K)
[2.036s][info   ][gc          ] GC(22) Pause Young (Allocation Failure) 766M->211M(1979M) 10.687ms
[2.036s][info   ][gc,cpu      ] GC(22) User=0.01s Sys=0.00s Real=0.01s
[2.108s][info   ][gc,start    ] GC(23) Pause Young (Allocation Failure)
[2.121s][info   ][gc,heap     ] GC(23) DefNew: 619393K(629120K)->63488K(629120K) Eden: 558976K(559232K)->0K(559232K) From: 60416K(69888K)->63488K(69888K)
[2.121s][info   ][gc,heap     ] GC(23) Tenured: 156200K(1398144K)->156200K(1398144K)
[2.121s][info   ][gc,metaspace] GC(23) Metaspace: 211K(448K)->211K(448K) NonClass: 202K(320K)->202K(320K) Class: 9K(128K)->9K(128K)
[2.121s][info   ][gc          ] GC(23) Pause Young (Allocation Failure) 757M->214M(1979M) 12.782ms
[2.121s][info   ][gc,cpu      ] GC(23) User=0.02s Sys=0.00s Real=0.01s
[2.193s][info   ][gc,start    ] GC(24) Pause Young (Allocation Failure)
[2.201s][info   ][gc,heap     ] GC(24) DefNew: 622464K(629120K)->43008K(629120K) Eden: 558975K(559232K)->0K(559232K) From: 63488K(69888K)->43008K(69888K)
[2.201s][info   ][gc,heap     ] GC(24) Tenured: 156200K(1398144K)->156200K(1398144K)
[2.201s][info   ][gc,metaspace] GC(24) Metaspace: 211K(448K)->211K(448K) NonClass: 202K(320K)->202K(320K) Class: 9K(128K)->9K(128K)
[2.201s][info   ][gc          ] GC(24) Pause Young (Allocation Failure) 760M->194M(1979M) 7.847ms
[2.201s][info   ][gc,cpu      ] GC(24) User=0.01s Sys=0.00s Real=0.01s
[2.271s][info   ][gc,start    ] GC(25) Pause Young (Allocation Failure)
[2.274s][info   ][gc,heap     ] GC(25) DefNew: 601983K(629120K)->16384K(629120K) Eden: 558975K(559232K)->0K(559232K) From: 43008K(69888K)->16384K(69888K)
[2.274s][info   ][gc,heap     ] GC(25) Tenured: 156200K(1398144K)->156200K(1398144K)
[2.274s][info   ][gc,metaspace] GC(25) Metaspace: 211K(448K)->211K(448K) NonClass: 202K(320K)->202K(320K) Class: 9K(128K)->9K(128K)
[2.274s][info   ][gc          ] GC(25) Pause Young (Allocation Failure) 740M->168M(1979M) 2.808ms
[2.274s][info   ][gc,cpu      ] GC(25) User=0.01s Sys=0.00s Real=0.00s
[2.346s][info   ][gc,start    ] GC(26) Pause Young (Allocation Failure)
[2.355s][info   ][gc,heap     ] GC(26) DefNew: 575359K(629120K)->37888K(629120K) Eden: 558974K(559232K)->0K(559232K) From: 16384K(69888K)->37888K(69888K)
[2.355s][info   ][gc,heap     ] GC(26) Tenured: 156200K(1398144K)->156200K(1398144K)
[2.355s][info   ][gc,metaspace] GC(26) Metaspace: 211K(448K)->211K(448K) NonClass: 202K(320K)->202K(320K) Class: 9K(128K)->9K(128K)
[2.355s][info   ][gc          ] GC(26) Pause Young (Allocation Failure) 714M->189M(1979M) 8.452ms
[2.355s][info   ][gc,cpu      ] GC(26) User=0.01s Sys=0.00s Real=0.01s
[2.426s][info   ][gc,start    ] GC(27) Pause Young (Allocation Failure)
[2.429s][info   ][gc,heap     ] GC(27) DefNew: 596863K(629120K)->17408K(629120K) Eden: 558974K(559232K)->0K(559232K) From: 37888K(69888K)->17408K(69888K)
[2.429s][info   ][gc,heap     ] GC(27) Tenured: 156200K(1398144K)->156200K(1398144K)
[2.429s][info   ][gc,metaspace] GC(27) Metaspace: 211K(448K)->211K(448K) NonClass: 202K(320K)->202K(320K) Class: 9K(128K)->9K(128K)
[2.429s][info   ][gc          ] GC(27) Pause Young (Allocation Failure) 735M->169M(1979M) 3.099ms
[2.429s][info   ][gc,cpu      ] GC(27) User=0.00s Sys=0.00s Real=0.00s
[2.496s][info   ][gc,start    ] GC(28) Pause Young (Allocation Failure)
[2.498s][info   ][gc,heap     ] GC(28) DefNew: 576382K(629120K)->9216K(629120K) Eden: 558974K(559232K)->0K(559232K) From: 17408K(69888K)->9216K(69888K)
[2.498s][info   ][gc,heap     ] GC(28) Tenured: 156200K(1398144K)->156200K(1398144K)
[2.498s][info   ][gc,metaspace] GC(28) Metaspace: 211K(448K)->211K(448K) NonClass: 202K(320K)->202K(320K) Class: 9K(128K)->9K(128K)
[2.498s][info   ][gc          ] GC(28) Pause Young (Allocation Failure) 715M->161M(1979M) 1.763ms
[2.498s][info   ][gc,cpu      ] GC(28) User=0.00s Sys=0.00s Real=0.00s
[2.566s][info   ][gc,start    ] GC(29) Pause Young (Allocation Failure)
[2.568s][info   ][gc,heap     ] GC(29) DefNew: 568190K(629120K)->12288K(629120K) Eden: 558974K(559232K)->0K(559232K) From: 9216K(69888K)->12288K(69888K)
[2.568s][info   ][gc,heap     ] GC(29) Tenured: 156200K(1398144K)->156200K(1398144K)
[2.568s][info   ][gc,metaspace] GC(29) Metaspace: 211K(448K)->211K(448K) NonClass: 202K(320K)->202K(320K) Class: 9K(128K)->9K(128K)
[2.568s][info   ][gc          ] GC(29) Pause Young (Allocation Failure) 707M->164M(1979M) 2.059ms
[2.568s][info   ][gc,cpu      ] GC(29) User=0.00s Sys=0.00s Real=0.00s
[2.640s][info   ][gc,start    ] GC(30) Pause Young (Allocation Failure)
[2.646s][info   ][gc,heap     ] GC(30) DefNew: 571262K(629120K)->31744K(629120K) Eden: 558974K(559232K)->0K(559232K) From: 12288K(69888K)->31744K(69888K)
[2.646s][info   ][gc,heap     ] GC(30) Tenured: 156200K(1398144K)->156200K(1398144K)
[2.646s][info   ][gc,metaspace] GC(30) Metaspace: 211K(448K)->211K(448K) NonClass: 202K(320K)->202K(320K) Class: 9K(128K)->9K(128K)
[2.646s][info   ][gc          ] GC(30) Pause Young (Allocation Failure) 710M->183M(1979M) 5.916ms
[2.646s][info   ][gc,cpu      ] GC(30) User=0.01s Sys=0.00s Real=0.01s
[2.719s][info   ][gc,start    ] GC(31) Pause Young (Allocation Failure)
[2.727s][info   ][gc,heap     ] GC(31) DefNew: 590718K(629120K)->46080K(629120K) Eden: 558974K(559232K)->0K(559232K) From: 31744K(69888K)->46080K(69888K)
[2.727s][info   ][gc,heap     ] GC(31) Tenured: 156200K(1398144K)->156200K(1398144K)
[2.727s][info   ][gc,metaspace] GC(31) Metaspace: 211K(448K)->211K(448K) NonClass: 202K(320K)->202K(320K) Class: 9K(128K)->9K(128K)
[2.727s][info   ][gc          ] GC(31) Pause Young (Allocation Failure) 729M->197M(1979M) 8.805ms
[2.727s][info   ][gc,cpu      ] GC(31) User=0.00s Sys=0.00s Real=0.01s
[2.799s][info   ][gc,start    ] GC(32) Pause Young (Allocation Failure)
[2.815s][info   ][gc,heap     ] GC(32) DefNew: 605055K(629120K)->69633K(629120K) Eden: 558974K(559232K)->0K(559232K) From: 46080K(69888K)->69633K(69888K)
[2.815s][info   ][gc,heap     ] GC(32) Tenured: 156200K(1398144K)->161320K(1398144K)
[2.815s][info   ][gc,metaspace] GC(32) Metaspace: 211K(448K)->211K(448K) NonClass: 202K(320K)->202K(320K) Class: 9K(128K)->9K(128K)
[2.815s][info   ][gc          ] GC(32) Pause Young (Allocation Failure) 743M->225M(1979M) 16.035ms
[2.815s][info   ][gc,cpu      ] GC(32) User=0.02s Sys=0.01s Real=0.02s
[2.883s][info   ][gc,start    ] GC(33) Pause Young (Allocation Failure)
[2.904s][info   ][gc,heap     ] GC(33) DefNew: 628607K(629120K)->69633K(629120K) Eden: 558974K(559232K)->0K(559232K) From: 69633K(69888K)->69633K(69888K)
[2.904s][info   ][gc,heap     ] GC(33) Tenured: 161320K(1398144K)->173608K(1398144K)
[2.904s][info   ][gc,metaspace] GC(33) Metaspace: 211K(448K)->211K(448K) NonClass: 202K(320K)->202K(320K) Class: 9K(128K)->9K(128K)
[2.904s][info   ][gc          ] GC(33) Pause Young (Allocation Failure) 771M->237M(1979M) 20.686ms
[2.904s][info   ][gc,cpu      ] GC(33) User=0.01s Sys=0.01s Real=0.02s
[2.971s][info   ][gc,start    ] GC(34) Pause Young (Allocation Failure)
[2.990s][info   ][gc,heap     ] GC(34) DefNew: 628607K(629120K)->69633K(629120K) Eden: 558974K(559232K)->0K(559232K) From: 69633K(69888K)->69633K(69888K)
[2.990s][info   ][gc,heap     ] GC(34) Tenured: 173608K(1398144K)->180776K(1398144K)
[2.990s][info   ][gc,metaspace] GC(34) Metaspace: 211K(448K)->211K(448K) NonClass: 202K(320K)->202K(320K) Class: 9K(128K)->9K(128K)
[2.990s][info   ][gc          ] GC(34) Pause Young (Allocation Failure) 783M->244M(1979M) 18.721ms
[2.990s][info   ][gc,cpu      ] GC(34) User=0.01s Sys=0.01s Real=0.02s
[3.066s][info   ][gc,start    ] GC(35) Pause Young (Allocation Failure)
[3.076s][info   ][gc,heap     ] GC(35) DefNew: 628607K(629120K)->44032K(629120K) Eden: 558974K(559232K)->0K(559232K) From: 69633K(69888K)->44032K(69888K)
[3.076s][info   ][gc,heap     ] GC(35) Tenured: 180776K(1398144K)->180776K(1398144K)
[3.076s][info   ][gc,metaspace] GC(35) Metaspace: 211K(448K)->211K(448K) NonClass: 202K(320K)->202K(320K) Class: 9K(128K)->9K(128K)
[3.076s][info   ][gc          ] GC(35) Pause Young (Allocation Failure) 790M->219M(1979M) 9.581ms
[3.076s][info   ][gc,cpu      ] GC(35) User=0.01s Sys=0.00s Real=0.01s
[3.151s][info   ][gc,start    ] GC(36) Pause Young (Allocation Failure)
[3.157s][info   ][gc,heap     ] GC(36) DefNew: 603006K(629120K)->41984K(629120K) Eden: 558974K(559232K)->0K(559232K) From: 44032K(69888K)->41984K(69888K)
[3.157s][info   ][gc,heap     ] GC(36) Tenured: 180776K(1398144K)->180776K(1398144K)
[3.157s][info   ][gc,metaspace] GC(36) Metaspace: 211K(448K)->211K(448K) NonClass: 202K(320K)->202K(320K) Class: 9K(128K)->9K(128K)
[3.157s][info   ][gc          ] GC(36) Pause Young (Allocation Failure) 765M->217M(1979M) 6.420ms
[3.157s][info   ][gc,cpu      ] GC(36) User=0.01s Sys=0.00s Real=0.01s
[3.226s][info   ][gc,start    ] GC(37) Pause Young (Allocation Failure)
[3.254s][info   ][gc,heap     ] GC(37) DefNew: 600958K(629120K)->69633K(629120K) Eden: 558974K(559232K)->0K(559232K) From: 41984K(69888K)->69633K(69888K)
[3.254s][info   ][gc,heap     ] GC(37) Tenured: 180776K(1398144K)->200232K(1398144K)
[3.254s][info   ][gc,metaspace] GC(37) Metaspace: 211K(448K)->211K(448K) NonClass: 202K(320K)->202K(320K) Class: 9K(128K)->9K(128K)
[3.254s][info   ][gc          ] GC(37) Pause Young (Allocation Failure) 763M->263M(1979M) 27.776ms
[3.254s][info   ][gc,cpu      ] GC(37) User=0.02s Sys=0.01s Real=0.02s
[3.323s][info   ][gc,start    ] GC(38) Pause Young (Allocation Failure)
[3.331s][info   ][gc,heap     ] GC(38) DefNew: 628607K(629120K)->51200K(629120K) Eden: 558974K(559232K)->0K(559232K) From: 69633K(69888K)->51200K(69888K)
[3.331s][info   ][gc,heap     ] GC(38) Tenured: 200232K(1398144K)->200232K(1398144K)
[3.331s][info   ][gc,metaspace] GC(38) Metaspace: 211K(448K)->211K(448K) NonClass: 202K(320K)->202K(320K) Class: 9K(128K)->9K(128K)
[3.331s][info   ][gc          ] GC(38) Pause Young (Allocation Failure) 809M->245M(1979M) 8.112ms
[3.331s][info   ][gc,cpu      ] GC(38) User=0.01s Sys=0.00s Real=0.01s
[3.405s][info   ][gc,start    ] GC(39) Pause Young (Allocation Failure)
[3.408s][info   ][gc,heap     ] GC(39) DefNew: 610175K(629120K)->23552K(629120K) Eden: 558974K(559232K)->0K(559232K) From: 51200K(69888K)->23552K(69888K)
[3.408s][info   ][gc,heap     ] GC(39) Tenured: 200232K(1398144K)->200232K(1398144K)
[3.408s][info   ][gc,metaspace] GC(39) Metaspace: 211K(448K)->211K(448K) NonClass: 202K(320K)->202K(320K) Class: 9K(128K)->9K(128K)
[3.408s][info   ][gc          ] GC(39) Pause Young (Allocation Failure) 791M->218M(1979M) 3.650ms
[3.408s][info   ][gc,cpu      ] GC(39) User=0.01s Sys=0.00s Real=0.00s
[3.478s][info   ][gc,start    ] GC(40) Pause Young (Allocation Failure)
[3.478s][info   ][gc,heap     ] GC(40) DefNew: 582526K(629120K)->3072K(629120K) Eden: 558974K(559232K)->0K(559232K) From: 23552K(69888K)->3072K(69888K)
[3.478s][info   ][gc,heap     ] GC(40) Tenured: 200232K(1398144K)->200232K(1398144K)
[3.479s][info   ][gc,metaspace] GC(40) Metaspace: 211K(448K)->211K(448K) NonClass: 202K(320K)->202K(320K) Class: 9K(128K)->9K(128K)
[3.479s][info   ][gc          ] GC(40) Pause Young (Allocation Failure) 764M->198M(1979M) 0.741ms
[3.479s][info   ][gc,cpu      ] GC(40) User=0.00s Sys=0.00s Real=0.00s
[3.547s][info   ][gc,start    ] GC(41) Pause Young (Allocation Failure)
[3.554s][info   ][gc,heap     ] GC(41) DefNew: 562046K(629120K)->37888K(629120K) Eden: 558974K(559232K)->0K(559232K) From: 3072K(69888K)->37888K(69888K)
[3.554s][info   ][gc,heap     ] GC(41) Tenured: 200232K(1398144K)->200232K(1398144K)
[3.554s][info   ][gc,metaspace] GC(41) Metaspace: 211K(448K)->211K(448K) NonClass: 202K(320K)->202K(320K) Class: 9K(128K)->9K(128K)
[3.554s][info   ][gc          ] GC(41) Pause Young (Allocation Failure) 744M->232M(1979M) 7.026ms
[3.554s][info   ][gc,cpu      ] GC(41) User=0.00s Sys=0.00s Real=0.01s
[3.628s][info   ][gc,start    ] GC(42) Pause Young (Allocation Failure)
[3.631s][info   ][gc,heap     ] GC(42) DefNew: 596862K(629120K)->13312K(629120K) Eden: 558974K(559232K)->0K(559232K) From: 37888K(69888K)->13312K(69888K)
[3.631s][info   ][gc,heap     ] GC(42) Tenured: 200232K(1398144K)->200232K(1398144K)
[3.631s][info   ][gc,metaspace] GC(42) Metaspace: 211K(448K)->211K(448K) NonClass: 202K(320K)->202K(320K) Class: 9K(128K)->9K(128K)
[3.631s][info   ][gc          ] GC(42) Pause Young (Allocation Failure) 778M->208M(1979M) 2.713ms
[3.631s][info   ][gc,cpu      ] GC(42) User=0.00s Sys=0.00s Real=0.00s
[3.702s][info   ][gc,start    ] GC(43) Pause Young (Allocation Failure)
[3.710s][info   ][gc,heap     ] GC(43) DefNew: 572286K(629120K)->45056K(629120K) Eden: 558974K(559232K)->0K(559232K) From: 13312K(69888K)->45056K(69888K)
[3.710s][info   ][gc,heap     ] GC(43) Tenured: 200232K(1398144K)->200232K(1398144K)
[3.710s][info   ][gc,metaspace] GC(43) Metaspace: 211K(448K)->211K(448K) NonClass: 202K(320K)->202K(320K) Class: 9K(128K)->9K(128K)
[3.710s][info   ][gc          ] GC(43) Pause Young (Allocation Failure) 754M->239M(1979M) 7.707ms
[3.710s][info   ][gc,cpu      ] GC(43) User=0.01s Sys=0.00s Real=0.01s
[3.792s][info   ][gc,start    ] GC(44) Pause Young (Allocation Failure)
[3.830s][info   ][gc,heap     ] GC(44) DefNew: 604030K(629120K)->69633K(629120K) Eden: 558974K(559232K)->0K(559232K) From: 45056K(69888K)->69633K(69888K)
[3.830s][info   ][gc,heap     ] GC(44) Tenured: 200232K(1398144K)->221737K(1398144K)
[3.830s][info   ][gc,metaspace] GC(44) Metaspace: 211K(448K)->211K(448K) NonClass: 202K(320K)->202K(320K) Class: 9K(128K)->9K(128K)
[3.830s][info   ][gc          ] GC(44) Pause Young (Allocation Failure) 785M->284M(1979M) 37.920ms
[3.830s][info   ][gc,cpu      ] GC(44) User=0.02s Sys=0.02s Real=0.04s
[3.913s][info   ][gc,start    ] GC(45) Pause Young (Allocation Failure)
[3.936s][info   ][gc,heap     ] GC(45) DefNew: 628607K(629120K)->69633K(629120K) Eden: 558974K(559232K)->0K(559232K) From: 69633K(69888K)->69633K(69888K)
[3.936s][info   ][gc,heap     ] GC(45) Tenured: 221737K(1398144K)->230953K(1398144K)
[3.936s][info   ][gc,metaspace] GC(45) Metaspace: 211K(448K)->211K(448K) NonClass: 202K(320K)->202K(320K) Class: 9K(128K)->9K(128K)
[3.936s][info   ][gc          ] GC(45) Pause Young (Allocation Failure) 830M->293M(1979M) 23.840ms
[3.936s][info   ][gc,cpu      ] GC(45) User=0.02s Sys=0.01s Real=0.03s
[4.012s][info   ][gc,start    ] GC(46) Pause Young (Allocation Failure)
[4.097s][info   ][gc,heap     ] GC(46) DefNew: 628607K(629120K)->69633K(629120K) Eden: 558974K(559232K)->0K(559232K) From: 69633K(69888K)->69633K(69888K)
[4.097s][info   ][gc,heap     ] GC(46) Tenured: 230953K(1398144K)->325162K(1398144K)
[4.097s][info   ][gc,metaspace] GC(46) Metaspace: 211K(448K)->211K(448K) NonClass: 202K(320K)->202K(320K) Class: 9K(128K)->9K(128K)
[4.097s][info   ][gc          ] GC(46) Pause Young (Allocation Failure) 839M->385M(1979M) 85.734ms
[4.097s][info   ][gc,cpu      ] GC(46) User=0.03s Sys=0.05s Real=0.09s
[4.172s][info   ][gc,start    ] GC(47) Pause Young (Allocation Failure)
[4.262s][info   ][gc,heap     ] GC(47) DefNew: 628607K(629120K)->69633K(629120K) Eden: 558974K(559232K)->0K(559232K) From: 69633K(69888K)->69633K(69888K)
[4.262s][info   ][gc,heap     ] GC(47) Tenured: 325162K(1398144K)->415276K(1398144K)
[4.262s][info   ][gc,metaspace] GC(47) Metaspace: 211K(448K)->211K(448K) NonClass: 202K(320K)->202K(320K) Class: 9K(128K)->9K(128K)
[4.262s][info   ][gc          ] GC(47) Pause Young (Allocation Failure) 931M->473M(1979M) 90.006ms
[4.262s][info   ][gc,cpu      ] GC(47) User=0.03s Sys=0.06s Real=0.09s
[4.339s][info   ][gc,start    ] GC(48) Pause Young (Allocation Failure)
[4.349s][info   ][gc,heap     ] GC(48) DefNew: 628607K(629120K)->44032K(629120K) Eden: 558974K(559232K)->0K(559232K) From: 69633K(69888K)->44032K(69888K)
[4.349s][info   ][gc,heap     ] GC(48) Tenured: 415276K(1398144K)->415276K(1398144K)
[4.349s][info   ][gc,metaspace] GC(48) Metaspace: 211K(448K)->211K(448K) NonClass: 202K(320K)->202K(320K) Class: 9K(128K)->9K(128K)
[4.349s][info   ][gc          ] GC(48) Pause Young (Allocation Failure) 1019M->448M(1979M) 9.570ms
[4.349s][info   ][gc,cpu      ] GC(48) User=0.01s Sys=0.00s Real=0.01s
[4.426s][info   ][gc,start    ] GC(49) Pause Young (Allocation Failure)
[4.429s][info   ][gc,heap     ] GC(49) DefNew: 603006K(629120K)->14336K(629120K) Eden: 558974K(559232K)->0K(559232K) From: 44032K(69888K)->14336K(69888K)
[4.429s][info   ][gc,heap     ] GC(49) Tenured: 415276K(1398144K)->415276K(1398144K)
[4.429s][info   ][gc,metaspace] GC(49) Metaspace: 211K(448K)->211K(448K) NonClass: 202K(320K)->202K(320K) Class: 9K(128K)->9K(128K)
[4.429s][info   ][gc          ] GC(49) Pause Young (Allocation Failure) 994M->419M(1979M) 3.055ms
[4.429s][info   ][gc,cpu      ] GC(49) User=0.00s Sys=0.00s Real=0.00s
[4.506s][info   ][gc,start    ] GC(50) Pause Young (Allocation Failure)
[4.507s][info   ][gc,heap     ] GC(50) DefNew: 573310K(629120K)->3072K(629120K) Eden: 558974K(559232K)->0K(559232K) From: 14336K(69888K)->3072K(69888K)
[4.507s][info   ][gc,heap     ] GC(50) Tenured: 415276K(1398144K)->415276K(1398144K)
[4.507s][info   ][gc,metaspace] GC(50) Metaspace: 211K(448K)->211K(448K) NonClass: 202K(320K)->202K(320K) Class: 9K(128K)->9K(128K)
[4.507s][info   ][gc          ] GC(50) Pause Young (Allocation Failure) 965M->408M(1979M) 1.163ms
[4.507s][info   ][gc,cpu      ] GC(50) User=0.00s Sys=0.00s Real=0.00s
[4.581s][info   ][gc,start    ] GC(51) Pause Young (Allocation Failure)
[4.585s][info   ][gc,heap     ] GC(51) DefNew: 562046K(629120K)->19456K(629120K) Eden: 558974K(559232K)->0K(559232K) From: 3072K(69888K)->19456K(69888K)
[4.585s][info   ][gc,heap     ] GC(51) Tenured: 415276K(1398144K)->415276K(1398144K)
[4.585s][info   ][gc,metaspace] GC(51) Metaspace: 211K(448K)->211K(448K) NonClass: 202K(320K)->202K(320K) Class: 9K(128K)->9K(128K)
[4.585s][info   ][gc          ] GC(51) Pause Young (Allocation Failure) 954M->424M(1979M) 4.460ms
[4.585s][info   ][gc,cpu      ] GC(51) User=0.00s Sys=0.00s Real=0.01s
[4.663s][info   ][gc,start    ] GC(52) Pause Young (Allocation Failure)
[4.671s][info   ][gc,heap     ] GC(52) DefNew: 578430K(629120K)->31744K(629120K) Eden: 558974K(559232K)->0K(559232K) From: 19456K(69888K)->31744K(69888K)
[4.671s][info   ][gc,heap     ] GC(52) Tenured: 415276K(1398144K)->415276K(1398144K)
[4.671s][info   ][gc,metaspace] GC(52) Metaspace: 211K(448K)->211K(448K) NonClass: 202K(320K)->202K(320K) Class: 9K(128K)->9K(128K)
[4.671s][info   ][gc          ] GC(52) Pause Young (Allocation Failure) 970M->436M(1979M) 7.139ms
[4.671s][info   ][gc,cpu      ] GC(52) User=0.01s Sys=0.00s Real=0.01s
[4.744s][info   ][gc,start    ] GC(53) Pause Young (Allocation Failure)
[4.808s][info   ][gc,heap     ] GC(53) DefNew: 590718K(629120K)->69633K(629120K) Eden: 558974K(559232K)->0K(559232K) From: 31744K(69888K)->69633K(69888K)
[4.808s][info   ][gc,heap     ] GC(53) Tenured: 415276K(1398144K)->455213K(1398144K)
[4.808s][info   ][gc,metaspace] GC(53) Metaspace: 211K(448K)->211K(448K) NonClass: 202K(320K)->202K(320K) Class: 9K(128K)->9K(128K)
[4.808s][info   ][gc          ] GC(53) Pause Young (Allocation Failure) 982M->512M(1979M) 63.849ms
[4.808s][info   ][gc,cpu      ] GC(53) User=0.03s Sys=0.04s Real=0.07s
[4.886s][info   ][gc,start    ] GC(54) Pause Young (Allocation Failure)
[4.923s][info   ][gc,heap     ] GC(54) DefNew: 628607K(629120K)->69633K(629120K) Eden: 558974K(559232K)->0K(559232K) From: 69633K(69888K)->69633K(69888K)
[4.923s][info   ][gc,heap     ] GC(54) Tenured: 455213K(1398144K)->485933K(1398144K)
[4.923s][info   ][gc,metaspace] GC(54) Metaspace: 211K(448K)->211K(448K) NonClass: 202K(320K)->202K(320K) Class: 9K(128K)->9K(128K)
[4.923s][info   ][gc          ] GC(54) Pause Young (Allocation Failure) 1058M->542M(1979M) 37.431ms
[4.923s][info   ][gc,cpu      ] GC(54) User=0.02s Sys=0.01s Real=0.03s
[4.999s][info   ][gc,start    ] GC(55) Pause Young (Allocation Failure)
[5.024s][info   ][gc,heap     ] GC(55) DefNew: 628607K(629120K)->69633K(629120K) Eden: 558974K(559232K)->0K(559232K) From: 69633K(69888K)->69633K(69888K)
[5.024s][info   ][gc,heap     ] GC(55) Tenured: 485933K(1398144K)->499245K(1398144K)
[5.024s][info   ][gc,metaspace] GC(55) Metaspace: 213K(448K)->213K(448K) NonClass: 204K(320K)->204K(320K) Class: 9K(128K)->9K(128K)
[5.024s][info   ][gc          ] GC(55) Pause Young (Allocation Failure) 1088M->555M(1979M) 24.763ms
[5.024s][info   ][gc,cpu      ] GC(55) User=0.02s Sys=0.00s Real=0.02s
[5.097s][info   ][gc,start    ] GC(56) Pause Young (Allocation Failure)
[5.139s][info   ][gc,heap     ] GC(56) DefNew: 628607K(629120K)->69633K(629120K) Eden: 558974K(559232K)->0K(559232K) From: 69633K(69888K)->69633K(69888K)
[5.139s][info   ][gc,heap     ] GC(56) Tenured: 499245K(1398144K)->541230K(1398144K)
[5.139s][info   ][gc,metaspace] GC(56) Metaspace: 213K(448K)->213K(448K) NonClass: 204K(320K)->204K(320K) Class: 9K(128K)->9K(128K)
[5.139s][info   ][gc          ] GC(56) Pause Young (Allocation Failure) 1101M->596M(1979M) 42.158ms
[5.139s][info   ][gc,cpu      ] GC(56) User=0.02s Sys=0.02s Real=0.04s
[5.209s][info   ][gc,start    ] GC(57) Pause Young (Allocation Failure)
[5.395s][info   ][gc,heap     ] GC(57) DefNew: 628607K(629120K)->69634K(629120K) Eden: 558974K(559232K)->0K(559232K) From: 69633K(69888K)->69634K(69888K)
[5.395s][info   ][gc,heap     ] GC(57) Tenured: 541230K(1398144K)->778802K(1398144K)
[5.395s][info   ][gc,metaspace] GC(57) Metaspace: 213K(448K)->213K(448K) NonClass: 204K(320K)->204K(320K) Class: 9K(128K)->9K(128K)
[5.395s][info   ][gc          ] GC(57) Pause Young (Allocation Failure) 1142M->828M(1979M) 186.268ms
[5.395s][info   ][gc,cpu      ] GC(57) User=0.06s Sys=0.13s Real=0.19s
[5.468s][info   ][gc,start    ] GC(58) Pause Young (Allocation Failure)
[5.627s][info   ][gc,heap     ] GC(58) DefNew: 628608K(629120K)->69633K(629120K) Eden: 558974K(559232K)->0K(559232K) From: 69634K(69888K)->69633K(69888K)
[5.627s][info   ][gc,heap     ] GC(58) Tenured: 778802K(1398144K)->971318K(1398144K)
[5.627s][info   ][gc,metaspace] GC(58) Metaspace: 213K(448K)->213K(448K) NonClass: 204K(320K)->204K(320K) Class: 9K(128K)->9K(128K)
[5.627s][info   ][gc          ] GC(58) Pause Young (Allocation Failure) 1374M->1016M(1979M) 159.608ms
[5.627s][info   ][gc,cpu      ] GC(58) User=0.06s Sys=0.10s Real=0.16s
[5.701s][info   ][gc,start    ] GC(59) Pause Young (Allocation Failure)
[5.806s][info   ][gc,heap     ] GC(59) DefNew: 628607K(629120K)->69633K(629120K) Eden: 558974K(559232K)->0K(559232K) From: 69633K(69888K)->69633K(69888K)
[5.806s][info   ][gc,heap     ] GC(59) Tenured: 971318K(1398144K)->1099320K(1398144K)
[5.806s][info   ][gc,metaspace] GC(59) Metaspace: 213K(448K)->213K(448K) NonClass: 204K(320K)->204K(320K) Class: 9K(128K)->9K(128K)
[5.806s][info   ][gc          ] GC(59) Pause Young (Allocation Failure) 1562M->1141M(1979M) 105.184ms
[5.806s][info   ][gc,cpu      ] GC(59) User=0.04s Sys=0.06s Real=0.11s
[5.879s][info   ][gc,start    ] GC(60) Pause Young (Allocation Failure)
[5.986s][info   ][gc,heap     ] GC(60) DefNew: 628607K(629120K)->69633K(629120K) Eden: 558974K(559232K)->0K(559232K) From: 69633K(69888K)->69633K(69888K)
[5.986s][info   ][gc,heap     ] GC(60) Tenured: 1099320K(1398144K)->1218105K(1398144K)
[5.986s][info   ][gc,metaspace] GC(60) Metaspace: 213K(448K)->213K(448K) NonClass: 204K(320K)->204K(320K) Class: 9K(128K)->9K(128K)
[5.986s][info   ][gc          ] GC(60) Pause Young (Allocation Failure) 1687M->1257M(1979M) 107.194ms
[5.986s][info   ][gc,cpu      ] GC(60) User=0.04s Sys=0.07s Real=0.11s
[6.058s][info   ][gc,start    ] GC(61) Pause Young (Allocation Failure)
[6.058s][info   ][gc          ] GC(61) Pause Young (Allocation Failure) 1803M->1803M(1979M) 0.084ms
[6.058s][info   ][gc,cpu      ] GC(61) User=0.00s Sys=0.00s Real=0.00s
[6.058s][info   ][gc,start    ] GC(62) Pause Full (Allocation Failure)
[6.058s][info   ][gc,phases,start] GC(62) Phase 1: Mark live objects
[6.059s][info   ][gc,phases      ] GC(62) Phase 1: Mark live objects 1.065ms
[6.059s][info   ][gc,phases,start] GC(62) Phase 2: Compute new object addresses
[6.059s][info   ][gc,phases      ] GC(62) Phase 2: Compute new object addresses 0.345ms
[6.059s][info   ][gc,phases,start] GC(62) Phase 3: Adjust pointers
[6.059s][info   ][gc,phases      ] GC(62) Phase 3: Adjust pointers 0.245ms
[6.059s][info   ][gc,phases,start] GC(62) Phase 4: Move objects
[6.080s][info   ][gc,phases      ] GC(62) Phase 4: Move objects 21.108ms
[6.081s][info   ][gc,heap        ] GC(62) DefNew: 628607K(629120K)->0K(629120K) Eden: 558974K(559232K)->0K(559232K) From: 69633K(69888K)->0K(69888K)
[6.081s][info   ][gc,heap        ] GC(62) Tenured: 1218105K(1398144K)->194089K(1398144K)
[6.081s][info   ][gc,metaspace   ] GC(62) Metaspace: 213K(448K)->213K(448K) NonClass: 204K(320K)->204K(320K) Class: 9K(128K)->9K(128K)
[6.081s][info   ][gc             ] GC(62) Pause Full (Allocation Failure) 1803M->189M(1979M) 23.101ms
[6.081s][info   ][gc,cpu         ] GC(62) User=0.03s Sys=0.00s Real=0.02s
[6.148s][info   ][gc,start       ] GC(63) Pause Young (Allocation Failure)
[6.182s][info   ][gc,heap        ] GC(63) DefNew: 558974K(629120K)->69633K(629120K) Eden: 558974K(559232K)->0K(559232K) From: 0K(69888K)->69633K(69888K)
[6.182s][info   ][gc,heap        ] GC(63) Tenured: 194089K(1398144K)->320043K(1398144K)
[6.182s][info   ][gc,metaspace   ] GC(63) Metaspace: 213K(448K)->213K(448K) NonClass: 204K(320K)->204K(320K) Class: 9K(128K)->9K(128K)
[6.182s][info   ][gc             ] GC(63) Pause Young (Allocation Failure) 735M->380M(1979M) 34.366ms
[6.182s][info   ][gc,cpu         ] GC(63) User=0.03s Sys=0.00s Real=0.03s
[6.256s][info   ][gc,start       ] GC(64) Pause Young (Allocation Failure)
[6.307s][info   ][gc,heap        ] GC(64) DefNew: 628607K(629120K)->69634K(629120K) Eden: 558974K(559232K)->0K(559232K) From: 69633K(69888K)->69634K(69888K)
[6.307s][info   ][gc,heap        ] GC(64) Tenured: 320043K(1398144K)->541230K(1398144K)
[6.307s][info   ][gc,metaspace   ] GC(64) Metaspace: 213K(448K)->213K(448K) NonClass: 204K(320K)->204K(320K) Class: 9K(128K)->9K(128K)
[6.307s][info   ][gc             ] GC(64) Pause Young (Allocation Failure) 926M->596M(1979M) 50.248ms
[6.307s][info   ][gc,cpu         ] GC(64) User=0.05s Sys=0.00s Real=0.05s
[6.378s][info   ][gc,start       ] GC(65) Pause Young (Allocation Failure)
[6.423s][info   ][gc,heap        ] GC(65) DefNew: 628608K(629120K)->69633K(629120K) Eden: 558974K(559232K)->0K(559232K) From: 69634K(69888K)->69633K(69888K)
[6.423s][info   ][gc,heap        ] GC(65) Tenured: 541230K(1398144K)->759347K(1398144K)
[6.423s][info   ][gc,metaspace   ] GC(65) Metaspace: 213K(448K)->213K(448K) NonClass: 204K(320K)->204K(320K) Class: 9K(128K)->9K(128K)
[6.423s][info   ][gc             ] GC(65) Pause Young (Allocation Failure) 1142M->809M(1979M) 45.254ms
[6.423s][info   ][gc,cpu         ] GC(65) User=0.04s Sys=0.00s Real=0.04s
[6.492s][info   ][gc,start       ] GC(66) Pause Young (Allocation Failure)
[6.535s][info   ][gc,heap        ] GC(66) DefNew: 628607K(629120K)->69633K(629120K) Eden: 558974K(559232K)->0K(559232K) From: 69633K(69888K)->69633K(69888K)
[6.535s][info   ][gc,heap        ] GC(66) Tenured: 759347K(1398144K)->926261K(1398144K)
[6.535s][info   ][gc,metaspace   ] GC(66) Metaspace: 213K(448K)->213K(448K) NonClass: 204K(320K)->204K(320K) Class: 9K(128K)->9K(128K)
[6.535s][info   ][gc             ] GC(66) Pause Young (Allocation Failure) 1355M->972M(1979M) 43.107ms
[6.535s][info   ][gc,cpu         ] GC(66) User=0.04s Sys=0.00s Real=0.05s
[6.607s][info   ][gc,start       ] GC(67) Pause Young (Allocation Failure)
[6.648s][info   ][gc,heap        ] GC(67) DefNew: 628607K(629120K)->69633K(629120K) Eden: 558974K(559232K)->0K(559232K) From: 69633K(69888K)->69633K(69888K)
[6.648s][info   ][gc,heap        ] GC(67) Tenured: 926261K(1398144K)->1072696K(1398144K)
[6.648s][info   ][gc,metaspace   ] GC(67) Metaspace: 213K(448K)->213K(448K) NonClass: 204K(320K)->204K(320K) Class: 9K(128K)->9K(128K)
[6.648s][info   ][gc             ] GC(67) Pause Young (Allocation Failure) 1518M->1115M(1979M) 40.472ms
[6.648s][info   ][gc,cpu         ] GC(67) User=0.04s Sys=0.00s Real=0.04s
[6.718s][info   ][gc,start       ] GC(68) Pause Young (Allocation Failure)
[6.751s][info   ][gc,heap        ] GC(68) DefNew: 628607K(629120K)->69633K(629120K) Eden: 558974K(559232K)->0K(559232K) From: 69633K(69888K)->69633K(69888K)
[6.751s][info   ][gc,heap        ] GC(68) Tenured: 1072696K(1398144K)->1210938K(1398144K)
[6.751s][info   ][gc,metaspace   ] GC(68) Metaspace: 213K(448K)->213K(448K) NonClass: 204K(320K)->204K(320K) Class: 9K(128K)->9K(128K)
[6.751s][info   ][gc             ] GC(68) Pause Young (Allocation Failure) 1661M->1250M(1979M) 33.308ms
[6.751s][info   ][gc,cpu         ] GC(68) User=0.03s Sys=0.00s Real=0.03s
[6.818s][info   ][gc,start       ] GC(69) Pause Young (Allocation Failure)
[6.818s][info   ][gc             ] GC(69) Pause Young (Allocation Failure) 1796M->1796M(1979M) 0.140ms
[6.818s][info   ][gc,cpu         ] GC(69) User=0.00s Sys=0.00s Real=0.00s
[6.818s][info   ][gc,start       ] GC(70) Pause Full (Allocation Failure)
[6.818s][info   ][gc,phases,start] GC(70) Phase 1: Mark live objects
[6.819s][info   ][gc,phases      ] GC(70) Phase 1: Mark live objects 0.983ms
[6.819s][info   ][gc,phases,start] GC(70) Phase 2: Compute new object addresses
[6.820s][info   ][gc,phases      ] GC(70) Phase 2: Compute new object addresses 0.322ms
[6.820s][info   ][gc,phases,start] GC(70) Phase 3: Adjust pointers
[6.820s][info   ][gc,phases      ] GC(70) Phase 3: Adjust pointers 0.230ms
[6.820s][info   ][gc,phases,start] GC(70) Phase 4: Move objects
[6.844s][info   ][gc,phases      ] GC(70) Phase 4: Move objects 24.001ms
[6.844s][info   ][gc,heap        ] GC(70) DefNew: 628607K(629120K)->0K(629120K) Eden: 558974K(559232K)->0K(559232K) From: 69633K(69888K)->0K(69888K)
[6.844s][info   ][gc,heap        ] GC(70) Tenured: 1210938K(1398144K)->208425K(1398144K)
[6.844s][info   ][gc,metaspace   ] GC(70) Metaspace: 213K(448K)->213K(448K) NonClass: 204K(320K)->204K(320K) Class: 9K(128K)->9K(128K)
[6.844s][info   ][gc             ] GC(70) Pause Full (Allocation Failure) 1796M->203M(1979M) 25.940ms
[6.844s][info   ][gc,cpu         ] GC(70) User=0.03s Sys=0.00s Real=0.03s
[6.911s][info   ][gc,start       ] GC(71) Pause Young (Allocation Failure)
[6.947s][info   ][gc,heap        ] GC(71) DefNew: 558974K(629120K)->69633K(629120K) Eden: 558974K(559232K)->0K(559232K) From: 0K(69888K)->69633K(69888K)
[6.947s][info   ][gc,heap        ] GC(71) Tenured: 208425K(1398144K)->354860K(1398144K)
[6.947s][info   ][gc,metaspace   ] GC(71) Metaspace: 213K(448K)->213K(448K) NonClass: 204K(320K)->204K(320K) Class: 9K(128K)->9K(128K)
[6.947s][info   ][gc             ] GC(71) Pause Young (Allocation Failure) 749M->414M(1979M) 36.511ms
[6.947s][info   ][gc,cpu         ] GC(71) User=0.04s Sys=0.00s Real=0.04s
[7.017s][info   ][gc,start       ] GC(72) Pause Young (Allocation Failure)
[7.055s][info   ][gc,heap        ] GC(72) DefNew: 628607K(629120K)->69633K(629120K) Eden: 558974K(559232K)->0K(559232K) From: 69633K(69888K)->69633K(69888K)
[7.055s][info   ][gc,heap        ] GC(72) Tenured: 354860K(1398144K)->514606K(1398144K)
[7.055s][info   ][gc,metaspace   ] GC(72) Metaspace: 213K(448K)->213K(448K) NonClass: 204K(320K)->204K(320K) Class: 9K(128K)->9K(128K)
[7.055s][info   ][gc             ] GC(72) Pause Young (Allocation Failure) 960M->570M(1979M) 38.073ms
[7.055s][info   ][gc,cpu         ] GC(72) User=0.04s Sys=0.00s Real=0.04s
[7.124s][info   ][gc,start       ] GC(73) Pause Young (Allocation Failure)
[7.157s][info   ][gc,heap        ] GC(73) DefNew: 628607K(629120K)->69633K(629120K) Eden: 558974K(559232K)->0K(559232K) From: 69633K(69888K)->69633K(69888K)
[7.157s][info   ][gc,heap        ] GC(73) Tenured: 514606K(1398144K)->638512K(1398144K)
[7.157s][info   ][gc,metaspace   ] GC(73) Metaspace: 213K(448K)->213K(448K) NonClass: 204K(320K)->204K(320K) Class: 9K(128K)->9K(128K)
[7.157s][info   ][gc             ] GC(73) Pause Young (Allocation Failure) 1116M->691M(1979M) 32.271ms
[7.157s][info   ][gc,cpu         ] GC(73) User=0.03s Sys=0.00s Real=0.03s
[7.226s][info   ][gc,start       ] GC(74) Pause Young (Allocation Failure)
[7.267s][info   ][gc,heap        ] GC(74) DefNew: 628607K(629120K)->69633K(629120K) Eden: 558974K(559232K)->0K(559232K) From: 69633K(69888K)->69633K(69888K)
[7.267s][info   ][gc,heap        ] GC(74) Tenured: 638512K(1398144K)->798258K(1398144K)
[7.267s][info   ][gc,metaspace   ] GC(74) Metaspace: 213K(448K)->213K(448K) NonClass: 204K(320K)->204K(320K) Class: 9K(128K)->9K(128K)
[7.267s][info   ][gc             ] GC(74) Pause Young (Allocation Failure) 1237M->847M(1979M) 41.384ms
[7.267s][info   ][gc,cpu         ] GC(74) User=0.04s Sys=0.00s Real=0.04s
[7.336s][info   ][gc,start       ] GC(75) Pause Young (Allocation Failure)
[7.367s][info   ][gc,heap        ] GC(75) DefNew: 628607K(629120K)->69633K(629120K) Eden: 558974K(559232K)->0K(559232K) From: 69633K(69888K)->69633K(69888K)
[7.367s][info   ][gc,heap        ] GC(75) Tenured: 798258K(1398144K)->914996K(1398144K)
[7.367s][info   ][gc,metaspace   ] GC(75) Metaspace: 213K(448K)->213K(448K) NonClass: 204K(320K)->204K(320K) Class: 9K(128K)->9K(128K)
[7.367s][info   ][gc             ] GC(75) Pause Young (Allocation Failure) 1393M->961M(1979M) 31.448ms
[7.367s][info   ][gc,cpu         ] GC(75) User=0.04s Sys=0.00s Real=0.03s
[7.435s][info   ][gc,start       ] GC(76) Pause Young (Allocation Failure)
[7.470s][info   ][gc,heap        ] GC(76) DefNew: 628607K(629120K)->69633K(629120K) Eden: 558974K(559232K)->0K(559232K) From: 69633K(69888K)->69633K(69888K)
[7.470s][info   ][gc,heap        ] GC(76) Tenured: 914996K(1398144K)->1065526K(1398144K)
[7.470s][info   ][gc,metaspace   ] GC(76) Metaspace: 213K(448K)->213K(448K) NonClass: 204K(320K)->204K(320K) Class: 9K(128K)->9K(128K)
[7.470s][info   ][gc             ] GC(76) Pause Young (Allocation Failure) 1507M->1108M(1979M) 35.148ms
[7.470s][info   ][gc,cpu         ] GC(76) User=0.04s Sys=0.00s Real=0.03s
[7.538s][info   ][gc,start       ] GC(77) Pause Young (Allocation Failure)
[7.572s][info   ][gc,heap        ] GC(77) DefNew: 628607K(629120K)->69633K(629120K) Eden: 558974K(559232K)->0K(559232K) From: 69633K(69888K)->69633K(69888K)
[7.572s][info   ][gc,heap        ] GC(77) Tenured: 1065526K(1398144K)->1200697K(1398144K)
[7.572s][info   ][gc,metaspace   ] GC(77) Metaspace: 213K(448K)->213K(448K) NonClass: 204K(320K)->204K(320K) Class: 9K(128K)->9K(128K)
[7.572s][info   ][gc             ] GC(77) Pause Young (Allocation Failure) 1654M->1240M(1979M) 34.471ms
[7.572s][info   ][gc,cpu         ] GC(77) User=0.03s Sys=0.00s Real=0.03s
[7.641s][info   ][gc,start       ] GC(78) Pause Young (Allocation Failure)
[7.641s][info   ][gc             ] GC(78) Pause Young (Allocation Failure) 1786M->1786M(1979M) 0.079ms
[7.641s][info   ][gc,cpu         ] GC(78) User=0.00s Sys=0.00s Real=0.00s
[7.641s][info   ][gc,start       ] GC(79) Pause Full (Allocation Failure)
[7.641s][info   ][gc,phases,start] GC(79) Phase 1: Mark live objects
[7.642s][info   ][gc,phases      ] GC(79) Phase 1: Mark live objects 0.749ms
[7.642s][info   ][gc,phases,start] GC(79) Phase 2: Compute new object addresses
[7.642s][info   ][gc,phases      ] GC(79) Phase 2: Compute new object addresses 0.286ms
[7.642s][info   ][gc,phases,start] GC(79) Phase 3: Adjust pointers
[7.642s][info   ][gc,phases      ] GC(79) Phase 3: Adjust pointers 0.263ms
[7.642s][info   ][gc,phases,start] GC(79) Phase 4: Move objects
[7.673s][info   ][gc,phases      ] GC(79) Phase 4: Move objects 30.361ms
[7.673s][info   ][gc,heap        ] GC(79) DefNew: 628607K(629120K)->0K(629120K) Eden: 558974K(559232K)->0K(559232K) From: 69633K(69888K)->0K(69888K)
[7.673s][info   ][gc,heap        ] GC(79) Tenured: 1200697K(1398144K)->269866K(1398144K)
[7.673s][info   ][gc,metaspace   ] GC(79) Metaspace: 213K(448K)->213K(448K) NonClass: 204K(320K)->204K(320K) Class: 9K(128K)->9K(128K)
[7.673s][info   ][gc             ] GC(79) Pause Full (Allocation Failure) 1786M->263M(1979M) 32.044ms
[7.673s][info   ][gc,cpu         ] GC(79) User=0.04s Sys=0.00s Real=0.03s
[7.740s][info   ][gc,start       ] GC(80) Pause Young (Allocation Failure)
[7.782s][info   ][gc,heap        ] GC(80) DefNew: 558974K(629120K)->69633K(629120K) Eden: 558974K(559232K)->0K(559232K) From: 0K(69888K)->69633K(69888K)
[7.782s][info   ][gc,heap        ] GC(80) Tenured: 269866K(1398144K)->450093K(1398144K)
[7.782s][info   ][gc,metaspace   ] GC(80) Metaspace: 213K(448K)->213K(448K) NonClass: 204K(320K)->204K(320K) Class: 9K(128K)->9K(128K)
[7.782s][info   ][gc             ] GC(80) Pause Young (Allocation Failure) 809M->507M(1979M) 41.482ms
[7.782s][info   ][gc,cpu         ] GC(80) User=0.04s Sys=0.00s Real=0.04s
[7.851s][info   ][gc,start       ] GC(81) Pause Young (Allocation Failure)
[7.894s][info   ][gc,heap        ] GC(81) DefNew: 628607K(629120K)->69633K(629120K) Eden: 558974K(559232K)->0K(559232K) From: 69633K(69888K)->69633K(69888K)
[7.894s][info   ][gc,heap        ] GC(81) Tenured: 450093K(1398144K)->636464K(1398144K)
[7.894s][info   ][gc,metaspace   ] GC(81) Metaspace: 213K(448K)->213K(448K) NonClass: 204K(320K)->204K(320K) Class: 9K(128K)->9K(128K)
[7.894s][info   ][gc             ] GC(81) Pause Young (Allocation Failure) 1053M->689M(1979M) 43.271ms
[7.894s][info   ][gc,cpu         ] GC(81) User=0.05s Sys=0.00s Real=0.04s
[7.963s][info   ][gc,start       ] GC(82) Pause Young (Allocation Failure)
[8.009s][info   ][gc,heap        ] GC(82) DefNew: 628607K(629120K)->69633K(629120K) Eden: 558974K(559232K)->0K(559232K) From: 69633K(69888K)->69633K(69888K)
[8.009s][info   ][gc,heap        ] GC(82) Tenured: 636464K(1398144K)->828979K(1398144K)
[8.009s][info   ][gc,metaspace   ] GC(82) Metaspace: 213K(448K)->213K(448K) NonClass: 204K(320K)->204K(320K) Class: 9K(128K)->9K(128K)
[8.009s][info   ][gc             ] GC(82) Pause Young (Allocation Failure) 1235M->877M(1979M) 46.201ms
[8.009s][info   ][gc,cpu         ] GC(82) User=0.05s Sys=0.00s Real=0.05s
[8.078s][info   ][gc,start       ] GC(83) Pause Young (Allocation Failure)
[8.124s][info   ][gc,heap        ] GC(83) DefNew: 628607K(629120K)->69633K(629120K) Eden: 558974K(559232K)->0K(559232K) From: 69633K(69888K)->69633K(69888K)
[8.124s][info   ][gc,heap        ] GC(83) Tenured: 828979K(1398144K)->1030710K(1398144K)
[8.124s][info   ][gc,metaspace   ] GC(83) Metaspace: 213K(448K)->213K(448K) NonClass: 204K(320K)->204K(320K) Class: 9K(128K)->9K(128K)
[8.124s][info   ][gc             ] GC(83) Pause Young (Allocation Failure) 1423M->1074M(1979M) 46.747ms
[8.125s][info   ][gc,cpu         ] GC(83) User=0.05s Sys=0.00s Real=0.05s
[8.193s][info   ][gc,start       ] GC(84) Pause Young (Allocation Failure)
[8.233s][info   ][gc,heap        ] GC(84) DefNew: 628607K(629120K)->69633K(629120K) Eden: 558974K(559232K)->0K(559232K) From: 69633K(69888K)->69633K(69888K)
[8.233s][info   ][gc,heap        ] GC(84) Tenured: 1030710K(1398144K)->1205817K(1398144K)
[8.233s][info   ][gc,metaspace   ] GC(84) Metaspace: 213K(448K)->213K(448K) NonClass: 204K(320K)->204K(320K) Class: 9K(128K)->9K(128K)
[8.233s][info   ][gc             ] GC(84) Pause Young (Allocation Failure) 1620M->1245M(1979M) 39.599ms
[8.233s][info   ][gc,cpu         ] GC(84) User=0.04s Sys=0.00s Real=0.04s
[8.299s][info   ][gc,start       ] GC(85) Pause Young (Allocation Failure)
[8.299s][info   ][gc             ] GC(85) Pause Young (Allocation Failure) 1791M->1791M(1979M) 0.091ms
[8.299s][info   ][gc,cpu         ] GC(85) User=0.00s Sys=0.00s Real=0.00s
[8.299s][info   ][gc,start       ] GC(86) Pause Full (Allocation Failure)
[8.299s][info   ][gc,phases,start] GC(86) Phase 1: Mark live objects
[8.300s][info   ][gc,phases      ] GC(86) Phase 1: Mark live objects 0.821ms
[8.300s][info   ][gc,phases,start] GC(86) Phase 2: Compute new object addresses
[8.300s][info   ][gc,phases      ] GC(86) Phase 2: Compute new object addresses 0.299ms
[8.300s][info   ][gc,phases,start] GC(86) Phase 3: Adjust pointers
[8.301s][info   ][gc,phases      ] GC(86) Phase 3: Adjust pointers 0.262ms
[8.301s][info   ][gc,phases,start] GC(86) Phase 4: Move objects
[8.331s][info   ][gc,phases      ] GC(86) Phase 4: Move objects 30.211ms
[8.331s][info   ][gc,heap        ] GC(86) DefNew: 628607K(629120K)->0K(629120K) Eden: 558974K(559232K)->0K(559232K) From: 69633K(69888K)->0K(69888K)
[8.331s][info   ][gc,heap        ] GC(86) Tenured: 1205817K(1398144K)->308779K(1398144K)
[8.331s][info   ][gc,metaspace   ] GC(86) Metaspace: 213K(448K)->213K(448K) NonClass: 204K(320K)->204K(320K) Class: 9K(128K)->9K(128K)
[8.331s][info   ][gc             ] GC(86) Pause Full (Allocation Failure) 1791M->301M(1979M) 32.078ms
[8.331s][info   ][gc,cpu         ] GC(86) User=0.03s Sys=0.00s Real=0.03s
[8.397s][info   ][gc,start       ] GC(87) Pause Young (Allocation Failure)
[8.440s][info   ][gc,heap        ] GC(87) DefNew: 558974K(629120K)->69633K(629120K) Eden: 558974K(559232K)->0K(559232K) From: 0K(69888K)->69633K(69888K)
[8.440s][info   ][gc,heap        ] GC(87) Tenured: 308779K(1398144K)->497197K(1398144K)
[8.440s][info   ][gc,metaspace   ] GC(87) Metaspace: 213K(448K)->213K(448K) NonClass: 204K(320K)->204K(320K) Class: 9K(128K)->9K(128K)
[8.441s][info   ][gc             ] GC(87) Pause Young (Allocation Failure) 847M->553M(1979M) 43.617ms
[8.441s][info   ][gc,cpu         ] GC(87) User=0.04s Sys=0.00s Real=0.04s
[8.509s][info   ][gc,start       ] GC(88) Pause Young (Allocation Failure)
[8.555s][info   ][gc,heap        ] GC(88) DefNew: 628607K(629120K)->69633K(629120K) Eden: 558974K(559232K)->0K(559232K) From: 69633K(69888K)->69633K(69888K)
[8.555s][info   ][gc,heap        ] GC(88) Tenured: 497197K(1398144K)->713265K(1398144K)
[8.555s][info   ][gc,metaspace   ] GC(88) Metaspace: 213K(448K)->213K(448K) NonClass: 204K(320K)->204K(320K) Class: 9K(128K)->9K(128K)
[8.555s][info   ][gc             ] GC(88) Pause Young (Allocation Failure) 1099M->764M(1979M) 46.010ms
[8.555s][info   ][gc,cpu         ] GC(88) User=0.05s Sys=0.00s Real=0.05s
[8.623s][info   ][gc,start       ] GC(89) Pause Young (Allocation Failure)
[8.667s][info   ][gc,heap        ] GC(89) DefNew: 628607K(629120K)->69633K(629120K) Eden: 558974K(559232K)->0K(559232K) From: 69633K(69888K)->69633K(69888K)
[8.667s][info   ][gc,heap        ] GC(89) Tenured: 713265K(1398144K)->919092K(1398144K)
[8.667s][info   ][gc,metaspace   ] GC(89) Metaspace: 213K(448K)->213K(448K) NonClass: 204K(320K)->204K(320K) Class: 9K(128K)->9K(128K)
[8.667s][info   ][gc             ] GC(89) Pause Young (Allocation Failure) 1310M->965M(1979M) 44.028ms
[8.667s][info   ][gc,cpu         ] GC(89) User=0.04s Sys=0.00s Real=0.05s
[8.736s][info   ][gc,start       ] GC(90) Pause Young (Allocation Failure)
[8.782s][info   ][gc,heap        ] GC(90) DefNew: 628607K(629120K)->69633K(629120K) Eden: 558974K(559232K)->0K(559232K) From: 69633K(69888K)->69633K(69888K)
[8.782s][info   ][gc,heap        ] GC(90) Tenured: 919092K(1398144K)->1137207K(1398144K)
[8.782s][info   ][gc,metaspace   ] GC(90) Metaspace: 213K(448K)->213K(448K) NonClass: 204K(320K)->204K(320K) Class: 9K(128K)->9K(128K)
[8.783s][info   ][gc             ] GC(90) Pause Young (Allocation Failure) 1511M->1178M(1979M) 46.415ms
[8.783s][info   ][gc,cpu         ] GC(90) User=0.04s Sys=0.00s Real=0.04s
[8.851s][info   ][gc,start       ] GC(91) Pause Young (Allocation Failure)
[8.851s][info   ][gc             ] GC(91) Pause Young (Allocation Failure) 1724M->1724M(1979M) 0.100ms
[8.851s][info   ][gc,cpu         ] GC(91) User=0.00s Sys=0.00s Real=0.00s
[8.851s][info   ][gc,start       ] GC(92) Pause Full (Allocation Failure)
[8.852s][info   ][gc,phases,start] GC(92) Phase 1: Mark live objects
[8.853s][info   ][gc,phases      ] GC(92) Phase 1: Mark live objects 1.022ms
[8.853s][info   ][gc,phases,start] GC(92) Phase 2: Compute new object addresses
[8.853s][info   ][gc,phases      ] GC(92) Phase 2: Compute new object addresses 0.311ms
[8.853s][info   ][gc,phases,start] GC(92) Phase 3: Adjust pointers
[8.853s][info   ][gc,phases      ] GC(92) Phase 3: Adjust pointers 0.269ms
[8.853s][info   ][gc,phases,start] GC(92) Phase 4: Move objects
[8.892s][info   ][gc,phases      ] GC(92) Phase 4: Move objects 38.993ms
[8.892s][info   ][gc,heap        ] GC(92) DefNew: 628607K(629120K)->0K(629120K) Eden: 558974K(559232K)->0K(559232K) From: 69633K(69888K)->0K(69888K)
[8.892s][info   ][gc,heap        ] GC(92) Tenured: 1137207K(1398144K)->277034K(1398144K)
[8.892s][info   ][gc,metaspace   ] GC(92) Metaspace: 213K(448K)->213K(448K) NonClass: 204K(320K)->204K(320K) Class: 9K(128K)->9K(128K)
[8.892s][info   ][gc             ] GC(92) Pause Full (Allocation Failure) 1724M->270M(1979M) 40.998ms
[8.892s][info   ][gc,cpu         ] GC(92) User=0.04s Sys=0.00s Real=0.04s
[8.961s][info   ][gc,start       ] GC(93) Pause Young (Allocation Failure)
[8.996s][info   ][gc,heap        ] GC(93) DefNew: 558974K(629120K)->69633K(629120K) Eden: 558974K(559232K)->0K(559232K) From: 0K(69888K)->69633K(69888K)
[8.996s][info   ][gc,heap        ] GC(93) Tenured: 277034K(1398144K)->426540K(1398144K)
[8.997s][info   ][gc,metaspace   ] GC(93) Metaspace: 213K(448K)->213K(448K) NonClass: 204K(320K)->204K(320K) Class: 9K(128K)->9K(128K)
[8.997s][info   ][gc             ] GC(93) Pause Young (Allocation Failure) 816M->484M(1979M) 35.779ms
[8.997s][info   ][gc,cpu         ] GC(93) User=0.04s Sys=0.00s Real=0.04s
[9.068s][info   ][gc,start       ] GC(94) Pause Young (Allocation Failure)
[9.099s][info   ][gc,heap        ] GC(94) DefNew: 628607K(629120K)->69633K(629120K) Eden: 558974K(559232K)->0K(559232K) From: 69633K(69888K)->69633K(69888K)
[9.099s][info   ][gc,heap        ] GC(94) Tenured: 426540K(1398144K)->547374K(1398144K)
[9.099s][info   ][gc,metaspace   ] GC(94) Metaspace: 213K(448K)->213K(448K) NonClass: 204K(320K)->204K(320K) Class: 9K(128K)->9K(128K)
[9.099s][info   ][gc             ] GC(94) Pause Young (Allocation Failure) 1030M->602M(1979M) 31.029ms
[9.099s][info   ][gc,cpu         ] GC(94) User=0.03s Sys=0.00s Real=0.03s
[9.168s][info   ][gc,start       ] GC(95) Pause Young (Allocation Failure)
[9.206s][info   ][gc,heap        ] GC(95) DefNew: 628607K(629120K)->69633K(629120K) Eden: 558974K(559232K)->0K(559232K) From: 69633K(69888K)->69633K(69888K)
[9.206s][info   ][gc,heap        ] GC(95) Tenured: 547374K(1398144K)->705073K(1398144K)
[9.206s][info   ][gc,metaspace   ] GC(95) Metaspace: 213K(448K)->213K(448K) NonClass: 204K(320K)->204K(320K) Class: 9K(128K)->9K(128K)
[9.206s][info   ][gc             ] GC(95) Pause Young (Allocation Failure) 1148M->756M(1979M) 37.902ms
[9.206s][info   ][gc,cpu         ] GC(95) User=0.04s Sys=0.00s Real=0.04s
[9.274s][info   ][gc,start       ] GC(96) Pause Young (Allocation Failure)
[9.306s][info   ][gc,heap        ] GC(96) DefNew: 628607K(629120K)->69633K(629120K) Eden: 558974K(559232K)->0K(559232K) From: 69633K(69888K)->69633K(69888K)
[9.306s][info   ][gc,heap        ] GC(96) Tenured: 705073K(1398144K)->825906K(1398144K)
[9.306s][info   ][gc,metaspace   ] GC(96) Metaspace: 213K(448K)->213K(448K) NonClass: 204K(320K)->204K(320K) Class: 9K(128K)->9K(128K)
[9.306s][info   ][gc             ] GC(96) Pause Young (Allocation Failure) 1302M->874M(1979M) 31.682ms
[9.306s][info   ][gc,cpu         ] GC(96) User=0.03s Sys=0.00s Real=0.03s
[9.373s][info   ][gc,start       ] GC(97) Pause Young (Allocation Failure)
[9.405s][info   ][gc,heap        ] GC(97) DefNew: 628607K(629120K)->69633K(629120K) Eden: 558974K(559232K)->0K(559232K) From: 69633K(69888K)->69633K(69888K)
[9.405s][info   ][gc,heap        ] GC(97) Tenured: 825906K(1398144K)->943668K(1398144K)
[9.405s][info   ][gc,metaspace   ] GC(97) Metaspace: 213K(448K)->213K(448K) NonClass: 204K(320K)->204K(320K) Class: 9K(128K)->9K(128K)
[9.405s][info   ][gc             ] GC(97) Pause Young (Allocation Failure) 1420M->989M(1979M) 31.737ms
[9.405s][info   ][gc,cpu         ] GC(97) User=0.03s Sys=0.00s Real=0.04s
[9.473s][info   ][gc,start       ] GC(98) Pause Young (Allocation Failure)
[9.501s][info   ][gc,heap        ] GC(98) DefNew: 628607K(629120K)->69633K(629120K) Eden: 558974K(559232K)->0K(559232K) From: 69633K(69888K)->69633K(69888K)
[9.501s][info   ][gc,heap        ] GC(98) Tenured: 943668K(1398144K)->1040950K(1398144K)
[9.501s][info   ][gc,metaspace   ] GC(98) Metaspace: 213K(448K)->213K(448K) NonClass: 204K(320K)->204K(320K) Class: 9K(128K)->9K(128K)
[9.501s][info   ][gc             ] GC(98) Pause Young (Allocation Failure) 1535M->1084M(1979M) 28.106ms
[9.501s][info   ][gc,cpu         ] GC(98) User=0.03s Sys=0.00s Real=0.03s
[9.569s][info   ][gc,start       ] GC(99) Pause Young (Allocation Failure)
[9.598s][info   ][gc,heap        ] GC(99) DefNew: 628607K(629120K)->69633K(629120K) Eden: 558974K(559232K)->0K(559232K) From: 69633K(69888K)->69633K(69888K)
[9.599s][info   ][gc,heap        ] GC(99) Tenured: 1040950K(1398144K)->1144375K(1398144K)
[9.599s][info   ][gc,metaspace   ] GC(99) Metaspace: 213K(448K)->213K(448K) NonClass: 204K(320K)->204K(320K) Class: 9K(128K)->9K(128K)
[9.599s][info   ][gc             ] GC(99) Pause Young (Allocation Failure) 1630M->1185M(1979M) 29.326ms
[9.599s][info   ][gc,cpu         ] GC(99) User=0.03s Sys=0.00s Real=0.03s
[9.668s][info   ][gc,start       ] GC(100) Pause Young (Allocation Failure)
[9.697s][info   ][gc,heap        ] GC(100) DefNew: 628607K(629120K)->69633K(629120K) Eden: 558974K(559232K)->0K(559232K) From: 69633K(69888K)->69633K(69888K)
[9.697s][info   ][gc,heap        ] GC(100) Tenured: 1144375K(1398144K)->1226297K(1398144K)
[9.697s][info   ][gc,metaspace   ] GC(100) Metaspace: 213K(448K)->213K(448K) NonClass: 204K(320K)->204K(320K) Class: 9K(128K)->9K(128K)
[9.697s][info   ][gc             ] GC(100) Pause Young (Allocation Failure) 1731M->1265M(1979M) 29.104ms
[9.697s][info   ][gc,cpu         ] GC(100) User=0.02s Sys=0.01s Real=0.03s
[9.765s][info   ][gc,start       ] GC(101) Pause Young (Allocation Failure)
[9.765s][info   ][gc             ] GC(101) Pause Young (Allocation Failure) 1811M->1811M(1979M) 0.090ms
[9.765s][info   ][gc,cpu         ] GC(101) User=0.00s Sys=0.00s Real=0.00s
[9.765s][info   ][gc,start       ] GC(102) Pause Full (Allocation Failure)
[9.765s][info   ][gc,phases,start] GC(102) Phase 1: Mark live objects
[9.766s][info   ][gc,phases      ] GC(102) Phase 1: Mark live objects 0.797ms
[9.766s][info   ][gc,phases,start] GC(102) Phase 2: Compute new object addresses
[9.767s][info   ][gc,phases      ] GC(102) Phase 2: Compute new object addresses 0.329ms
[9.767s][info   ][gc,phases,start] GC(102) Phase 3: Adjust pointers
[9.767s][info   ][gc,phases      ] GC(102) Phase 3: Adjust pointers 0.354ms
[9.767s][info   ][gc,phases,start] GC(102) Phase 4: Move objects
[9.780s][info   ][gc,phases      ] GC(102) Phase 4: Move objects 12.806ms
[9.780s][info   ][gc,heap        ] GC(102) DefNew: 628607K(629120K)->0K(629120K) Eden: 558974K(559232K)->0K(559232K) From: 69633K(69888K)->0K(69888K)
[9.780s][info   ][gc,heap        ] GC(102) Tenured: 1226297K(1398144K)->129576K(1398144K)
[9.780s][info   ][gc,metaspace   ] GC(102) Metaspace: 213K(448K)->213K(448K) NonClass: 204K(320K)->204K(320K) Class: 9K(128K)->9K(128K)
[9.780s][info   ][gc             ] GC(102) Pause Full (Allocation Failure) 1811M->126M(1979M) 14.639ms
[9.780s][info   ][gc,cpu         ] GC(102) User=0.01s Sys=0.00s Real=0.01s
[9.847s][info   ][gc,start       ] GC(103) Pause Young (Allocation Failure)
[9.866s][info   ][gc,heap        ] GC(103) DefNew: 558974K(629120K)->69633K(629120K) Eden: 558974K(559232K)->0K(559232K) From: 0K(69888K)->69633K(69888K)
[9.866s][info   ][gc,heap        ] GC(103) Tenured: 129576K(1398144K)->167464K(1398144K)
[9.866s][info   ][gc,metaspace   ] GC(103) Metaspace: 213K(448K)->213K(448K) NonClass: 204K(320K)->204K(320K) Class: 9K(128K)->9K(128K)
[9.866s][info   ][gc             ] GC(103) Pause Young (Allocation Failure) 672M->231M(1979M) 18.247ms
[9.866s][info   ][gc,cpu         ] GC(103) User=0.02s Sys=0.00s Real=0.02s
[9.933s][info   ][gc,start       ] GC(104) Pause Young (Allocation Failure)
[9.961s][info   ][gc,heap        ] GC(104) DefNew: 628607K(629120K)->69633K(629120K) Eden: 558974K(559232K)->0K(559232K) From: 69633K(69888K)->69633K(69888K)
[9.961s][info   ][gc,heap        ] GC(104) Tenured: 167464K(1398144K)->250410K(1398144K)
[9.961s][info   ][gc,metaspace   ] GC(104) Metaspace: 213K(448K)->213K(448K) NonClass: 204K(320K)->204K(320K) Class: 9K(128K)->9K(128K)
[9.961s][info   ][gc             ] GC(104) Pause Young (Allocation Failure) 777M->312M(1979M) 27.280ms
[9.961s][info   ][gc,cpu         ] GC(104) User=0.03s Sys=0.00s Real=0.03s
[10.028s][info   ][gc,start       ] GC(105) Pause Young (Allocation Failure)
[10.057s][info   ][gc,heap        ] GC(105) DefNew: 628607K(629120K)->69633K(629120K) Eden: 558974K(559232K)->0K(559232K) From: 69633K(69888K)->69633K(69888K)
[10.058s][info   ][gc,heap        ] GC(105) Tenured: 250410K(1398144K)->351787K(1398144K)
[10.058s][info   ][gc,metaspace   ] GC(105) Metaspace: 213K(448K)->213K(448K) NonClass: 204K(320K)->204K(320K) Class: 9K(128K)->9K(128K)
[10.058s][info   ][gc             ] GC(105) Pause Young (Allocation Failure) 858M->411M(1979M) 29.207ms
[10.058s][info   ][gc,cpu         ] GC(105) User=0.03s Sys=0.00s Real=0.03s
[10.125s][info   ][gc,start       ] GC(106) Pause Young (Allocation Failure)
[10.157s][info   ][gc,heap        ] GC(106) DefNew: 628607K(629120K)->69633K(629120K) Eden: 558974K(559232K)->0K(559232K) From: 69633K(69888K)->69633K(69888K)
[10.157s][info   ][gc,heap        ] GC(106) Tenured: 351787K(1398144K)->470573K(1398144K)
[10.157s][info   ][gc,metaspace   ] GC(106) Metaspace: 213K(448K)->213K(448K) NonClass: 204K(320K)->204K(320K) Class: 9K(128K)->9K(128K)
[10.157s][info   ][gc             ] GC(106) Pause Young (Allocation Failure) 957M->527M(1979M) 32.164ms
[10.157s][info   ][gc,cpu         ] GC(106) User=0.03s Sys=0.00s Real=0.03s
[10.227s][info   ][gc,start       ] GC(107) Pause Young (Allocation Failure)
[10.262s][info   ][gc,heap        ] GC(107) DefNew: 628607K(629120K)->69633K(629120K) Eden: 558974K(559232K)->0K(559232K) From: 69633K(69888K)->69633K(69888K)
[10.262s][info   ][gc,heap        ] GC(107) Tenured: 470573K(1398144K)->603695K(1398144K)
[10.262s][info   ][gc,metaspace   ] GC(107) Metaspace: 213K(448K)->213K(448K) NonClass: 204K(320K)->204K(320K) Class: 9K(128K)->9K(128K)
[10.262s][info   ][gc             ] GC(107) Pause Young (Allocation Failure) 1073M->657M(1979M) 35.177ms
[10.262s][info   ][gc,cpu         ] GC(107) User=0.03s Sys=0.00s Real=0.03s
[10.329s][info   ][gc,start       ] GC(108) Pause Young (Allocation Failure)
[10.362s][info   ][gc,heap        ] GC(108) DefNew: 628607K(629120K)->69633K(629120K) Eden: 558974K(559232K)->0K(559232K) From: 69633K(69888K)->69633K(69888K)
[10.362s][info   ][gc,heap        ] GC(108) Tenured: 603695K(1398144K)->737841K(1398144K)
[10.362s][info   ][gc,metaspace   ] GC(108) Metaspace: 213K(448K)->213K(448K) NonClass: 204K(320K)->204K(320K) Class: 9K(128K)->9K(128K)
[10.362s][info   ][gc             ] GC(108) Pause Young (Allocation Failure) 1203M->788M(1979M) 33.458ms
[10.362s][info   ][gc,cpu         ] GC(108) User=0.03s Sys=0.00s Real=0.03s
[10.430s][info   ][gc,start       ] GC(109) Pause Young (Allocation Failure)
[10.472s][info   ][gc,heap        ] GC(109) DefNew: 628607K(629120K)->69633K(629120K) Eden: 558974K(559232K)->0K(559232K) From: 69633K(69888K)->69633K(69888K)
[10.472s][info   ][gc,heap        ] GC(109) Tenured: 737841K(1398144K)->937524K(1398144K)
[10.472s][info   ][gc,metaspace   ] GC(109) Metaspace: 213K(448K)->213K(448K) NonClass: 204K(320K)->204K(320K) Class: 9K(128K)->9K(128K)
[10.472s][info   ][gc             ] GC(109) Pause Young (Allocation Failure) 1334M->983M(1979M) 42.622ms
[10.472s][info   ][gc,cpu         ] GC(109) User=0.04s Sys=0.00s Real=0.04s
[10.540s][info   ][gc,start       ] GC(110) Pause Young (Allocation Failure)
[10.574s][info   ][gc,heap        ] GC(110) DefNew: 628607K(629120K)->69633K(629120K) Eden: 558974K(559232K)->0K(559232K) From: 69633K(69888K)->69633K(69888K)
[10.574s][info   ][gc,heap        ] GC(110) Tenured: 937524K(1398144K)->1083958K(1398144K)
[10.574s][info   ][gc,metaspace   ] GC(110) Metaspace: 213K(448K)->213K(448K) NonClass: 204K(320K)->204K(320K) Class: 9K(128K)->9K(128K)
[10.574s][info   ][gc             ] GC(110) Pause Young (Allocation Failure) 1529M->1126M(1979M) 34.962ms
[10.574s][info   ][gc,cpu         ] GC(110) User=0.03s Sys=0.00s Real=0.04s
[10.643s][info   ][gc,start       ] GC(111) Pause Young (Allocation Failure)
[10.679s][info   ][gc,heap        ] GC(111) DefNew: 628607K(629120K)->69633K(629120K) Eden: 558974K(559232K)->0K(559232K) From: 69633K(69888K)->69633K(69888K)
[10.679s][info   ][gc,heap        ] GC(111) Tenured: 1083958K(1398144K)->1221177K(1398144K)
[10.679s][info   ][gc,metaspace   ] GC(111) Metaspace: 213K(448K)->213K(448K) NonClass: 204K(320K)->204K(320K) Class: 9K(128K)->9K(128K)
[10.679s][info   ][gc             ] GC(111) Pause Young (Allocation Failure) 1672M->1260M(1979M) 35.498ms
[10.679s][info   ][gc,cpu         ] GC(111) User=0.04s Sys=0.00s Real=0.04s
[10.746s][info   ][gc,start       ] GC(112) Pause Young (Allocation Failure)
[10.746s][info   ][gc             ] GC(112) Pause Young (Allocation Failure) 1806M->1806M(1979M) 0.081ms
[10.746s][info   ][gc,cpu         ] GC(112) User=0.00s Sys=0.00s Real=0.00s
[10.746s][info   ][gc,start       ] GC(113) Pause Full (Allocation Failure)
[10.746s][info   ][gc,phases,start] GC(113) Phase 1: Mark live objects
[10.747s][info   ][gc,phases      ] GC(113) Phase 1: Mark live objects 0.764ms
[10.747s][info   ][gc,phases,start] GC(113) Phase 2: Compute new object addresses
[10.747s][info   ][gc,phases      ] GC(113) Phase 2: Compute new object addresses 0.299ms
[10.747s][info   ][gc,phases,start] GC(113) Phase 3: Adjust pointers
[10.748s][info   ][gc,phases      ] GC(113) Phase 3: Adjust pointers 0.261ms
[10.748s][info   ][gc,phases,start] GC(113) Phase 4: Move objects
[10.774s][info   ][gc,phases      ] GC(113) Phase 4: Move objects 26.229ms
[10.774s][info   ][gc,heap        ] GC(113) DefNew: 628607K(629120K)->0K(629120K) Eden: 558974K(559232K)->0K(559232K) From: 69633K(69888K)->0K(69888K)
[10.774s][info   ][gc,heap        ] GC(113) Tenured: 1221177K(1398144K)->234025K(1398144K)
[10.774s][info   ][gc,metaspace   ] GC(113) Metaspace: 213K(448K)->213K(448K) NonClass: 204K(320K)->204K(320K) Class: 9K(128K)->9K(128K)
[10.774s][info   ][gc             ] GC(113) Pause Full (Allocation Failure) 1806M->228M(1979M) 27.937ms
[10.774s][info   ][gc,cpu         ] GC(113) User=0.02s Sys=0.00s Real=0.03s
[10.842s][info   ][gc,start       ] GC(114) Pause Young (Allocation Failure)
[10.879s][info   ][gc,heap        ] GC(114) DefNew: 558974K(629120K)->69633K(629120K) Eden: 558974K(559232K)->0K(559232K) From: 0K(69888K)->69633K(69888K)
[10.879s][info   ][gc,heap        ] GC(114) Tenured: 234025K(1398144K)->384556K(1398144K)
[10.879s][info   ][gc,metaspace   ] GC(114) Metaspace: 213K(448K)->213K(448K) NonClass: 204K(320K)->204K(320K) Class: 9K(128K)->9K(128K)
[10.879s][info   ][gc             ] GC(114) Pause Young (Allocation Failure) 774M->443M(1979M) 36.491ms
[10.879s][info   ][gc,cpu         ] GC(114) User=0.04s Sys=0.00s Real=0.04s
[10.946s][info   ][gc,start       ] GC(115) Pause Young (Allocation Failure)
[10.976s][info   ][gc,heap        ] GC(115) DefNew: 628607K(629120K)->69633K(629120K) Eden: 558974K(559232K)->0K(559232K) From: 69633K(69888K)->69633K(69888K)
[10.976s][info   ][gc,heap        ] GC(115) Tenured: 384556K(1398144K)->493101K(1398144K)
[10.976s][info   ][gc,metaspace   ] GC(115) Metaspace: 213K(448K)->213K(448K) NonClass: 204K(320K)->204K(320K) Class: 9K(128K)->9K(128K)
[10.976s][info   ][gc             ] GC(115) Pause Young (Allocation Failure) 989M->549M(1979M) 29.830ms
[10.976s][info   ][gc,cpu         ] GC(115) User=0.03s Sys=0.00s Real=0.03s
[11.044s][info   ][gc,start       ] GC(116) Pause Young (Allocation Failure)
[11.075s][info   ][gc,heap        ] GC(116) DefNew: 628607K(629120K)->69633K(629120K) Eden: 558974K(559232K)->0K(559232K) From: 69633K(69888K)->69633K(69888K)
[11.075s][info   ][gc,heap        ] GC(116) Tenured: 493101K(1398144K)->611887K(1398144K)
[11.075s][info   ][gc,metaspace   ] GC(116) Metaspace: 213K(448K)->213K(448K) NonClass: 204K(320K)->204K(320K) Class: 9K(128K)->9K(128K)
[11.075s][info   ][gc             ] GC(116) Pause Young (Allocation Failure) 1095M->665M(1979M) 30.263ms
[11.075s][info   ][gc,cpu         ] GC(116) User=0.04s Sys=0.00s Real=0.03s
[11.142s][info   ][gc,start       ] GC(117) Pause Young (Allocation Failure)
[11.168s][info   ][gc,heap        ] GC(117) DefNew: 628607K(629120K)->69633K(629120K) Eden: 558974K(559232K)->0K(559232K) From: 69633K(69888K)->69633K(69888K)
[11.168s][info   ][gc,heap        ] GC(117) Tenured: 611887K(1398144K)->697905K(1398144K)
[11.168s][info   ][gc,metaspace   ] GC(117) Metaspace: 213K(448K)->213K(448K) NonClass: 204K(320K)->204K(320K) Class: 9K(128K)->9K(128K)
[11.168s][info   ][gc             ] GC(117) Pause Young (Allocation Failure) 1211M->749M(1979M) 25.948ms
[11.168s][info   ][gc,cpu         ] GC(117) User=0.03s Sys=0.00s Real=0.03s
[11.236s][info   ][gc,start       ] GC(118) Pause Young (Allocation Failure)
[11.257s][info   ][gc,heap        ] GC(118) DefNew: 628607K(629120K)->69633K(629120K) Eden: 558974K(559232K)->0K(559232K) From: 69633K(69888K)->69633K(69888K)
[11.257s][info   ][gc,heap        ] GC(118) Tenured: 697905K(1398144K)->763442K(1398144K)
[11.257s][info   ][gc,metaspace   ] GC(118) Metaspace: 213K(448K)->213K(448K) NonClass: 204K(320K)->204K(320K) Class: 9K(128K)->9K(128K)
[11.257s][info   ][gc             ] GC(118) Pause Young (Allocation Failure) 1295M->813M(1979M) 21.888ms
[11.257s][info   ][gc,cpu         ] GC(118) User=0.02s Sys=0.00s Real=0.02s
[11.326s][info   ][gc,start       ] GC(119) Pause Young (Allocation Failure)
[11.339s][info   ][gc,heap        ] GC(119) DefNew: 628607K(629120K)->69633K(629120K) Eden: 558974K(559232K)->0K(559232K) From: 69633K(69888K)->69633K(69888K)
[11.339s][info   ][gc,heap        ] GC(119) Tenured: 763442K(1398144K)->773682K(1398144K)
[11.339s][info   ][gc,metaspace   ] GC(119) Metaspace: 213K(448K)->213K(448K) NonClass: 204K(320K)->204K(320K) Class: 9K(128K)->9K(128K)
[11.339s][info   ][gc             ] GC(119) Pause Young (Allocation Failure) 1359M->823M(1979M) 13.562ms
[11.339s][info   ][gc,cpu         ] GC(119) User=0.01s Sys=0.00s Real=0.01s
[11.409s][info   ][gc,start       ] GC(120) Pause Young (Allocation Failure)
[11.429s][info   ][gc,heap        ] GC(120) DefNew: 628607K(629120K)->69633K(629120K) Eden: 558974K(559232K)->0K(559232K) From: 69633K(69888K)->69633K(69888K)
[11.429s][info   ][gc,heap        ] GC(120) Tenured: 773682K(1398144K)->814642K(1398144K)
[11.429s][info   ][gc,metaspace   ] GC(120) Metaspace: 213K(448K)->213K(448K) NonClass: 204K(320K)->204K(320K) Class: 9K(128K)->9K(128K)
[11.429s][info   ][gc             ] GC(120) Pause Young (Allocation Failure) 1369M->863M(1979M) 20.259ms
[11.429s][info   ][gc,cpu         ] GC(120) User=0.02s Sys=0.00s Real=0.02s
[11.497s][info   ][gc,start       ] GC(121) Pause Young (Allocation Failure)
[11.513s][info   ][gc,heap        ] GC(121) DefNew: 628607K(629120K)->69633K(629120K) Eden: 558974K(559232K)->0K(559232K) From: 69633K(69888K)->69633K(69888K)
[11.513s][info   ][gc,heap        ] GC(121) Tenured: 814642K(1398144K)->845363K(1398144K)
[11.513s][info   ][gc,metaspace   ] GC(121) Metaspace: 213K(448K)->213K(448K) NonClass: 204K(320K)->204K(320K) Class: 9K(128K)->9K(128K)
[11.513s][info   ][gc             ] GC(121) Pause Young (Allocation Failure) 1409M->893M(1979M) 16.002ms
[11.513s][info   ][gc,cpu         ] GC(121) User=0.02s Sys=0.00s Real=0.01s
[11.581s][info   ][gc,start       ] GC(122) Pause Young (Allocation Failure)
[11.609s][info   ][gc,heap        ] GC(122) DefNew: 628607K(629120K)->69633K(629120K) Eden: 558974K(559232K)->0K(559232K) From: 69633K(69888K)->69633K(69888K)
[11.609s][info   ][gc,heap        ] GC(122) Tenured: 845363K(1398144K)->935476K(1398144K)
[11.609s][info   ][gc,metaspace   ] GC(122) Metaspace: 213K(448K)->213K(448K) NonClass: 204K(320K)->204K(320K) Class: 9K(128K)->9K(128K)
[11.609s][info   ][gc             ] GC(122) Pause Young (Allocation Failure) 1439M->981M(1979M) 27.544ms
[11.609s][info   ][gc,cpu         ] GC(122) User=0.03s Sys=0.00s Real=0.03s
[11.677s][info   ][gc,start       ] GC(123) Pause Young (Allocation Failure)
[11.700s][info   ][gc,heap        ] GC(123) DefNew: 628607K(629120K)->69633K(629120K) Eden: 558974K(559232K)->0K(559232K) From: 69633K(69888K)->69633K(69888K)
[11.700s][info   ][gc,heap        ] GC(123) Tenured: 935476K(1398144K)->1001013K(1398144K)
[11.700s][info   ][gc,metaspace   ] GC(123) Metaspace: 213K(448K)->213K(448K) NonClass: 204K(320K)->204K(320K) Class: 9K(128K)->9K(128K)
[11.700s][info   ][gc             ] GC(123) Pause Young (Allocation Failure) 1527M->1045M(1979M) 22.733ms
[11.700s][info   ][gc,cpu         ] GC(123) User=0.03s Sys=0.00s Real=0.02s
[11.768s][info   ][gc,start       ] GC(124) Pause Young (Allocation Failure)
[11.781s][info   ][gc,heap        ] GC(124) DefNew: 628607K(629120K)->69633K(629120K) Eden: 558974K(559232K)->0K(559232K) From: 69633K(69888K)->69633K(69888K)
[11.781s][info   ][gc,heap        ] GC(124) Tenured: 1001013K(1398144K)->1006133K(1398144K)
[11.781s][info   ][gc,metaspace   ] GC(124) Metaspace: 213K(448K)->213K(448K) NonClass: 204K(320K)->204K(320K) Class: 9K(128K)->9K(128K)
[11.781s][info   ][gc             ] GC(124) Pause Young (Allocation Failure) 1591M->1050M(1979M) 12.543ms
[11.781s][info   ][gc,cpu         ] GC(124) User=0.01s Sys=0.00s Real=0.01s
[11.849s][info   ][gc,start       ] GC(125) Pause Young (Allocation Failure)
[11.853s][info   ][gc,heap        ] GC(125) DefNew: 628607K(629120K)->20480K(629120K) Eden: 558974K(559232K)->0K(559232K) From: 69633K(69888K)->20480K(69888K)
[11.853s][info   ][gc,heap        ] GC(125) Tenured: 1006133K(1398144K)->1006133K(1398144K)
[11.853s][info   ][gc,metaspace   ] GC(125) Metaspace: 213K(448K)->213K(448K) NonClass: 204K(320K)->204K(320K) Class: 9K(128K)->9K(128K)
[11.853s][info   ][gc             ] GC(125) Pause Young (Allocation Failure) 1596M->1002M(1979M) 3.706ms
[11.853s][info   ][gc,cpu         ] GC(125) User=0.00s Sys=0.00s Real=0.00s
[11.921s][info   ][gc,start       ] GC(126) Pause Young (Allocation Failure)
[11.925s][info   ][gc,heap        ] GC(126) DefNew: 579454K(629120K)->20480K(629120K) Eden: 558974K(559232K)->0K(559232K) From: 20480K(69888K)->20480K(69888K)
[11.925s][info   ][gc,heap        ] GC(126) Tenured: 1006133K(1398144K)->1006133K(1398144K)
[11.925s][info   ][gc,metaspace   ] GC(126) Metaspace: 213K(448K)->213K(448K) NonClass: 204K(320K)->204K(320K) Class: 9K(128K)->9K(128K)
[11.925s][info   ][gc             ] GC(126) Pause Young (Allocation Failure) 1548M->1002M(1979M) 4.163ms
[11.925s][info   ][gc,cpu         ] GC(126) User=0.01s Sys=0.00s Real=0.01s
[11.994s][info   ][gc,start       ] GC(127) Pause Young (Allocation Failure)
[11.996s][info   ][gc,heap        ] GC(127) DefNew: 579454K(629120K)->12288K(629120K) Eden: 558974K(559232K)->0K(559232K) From: 20480K(69888K)->12288K(69888K)
[11.996s][info   ][gc,heap        ] GC(127) Tenured: 1006133K(1398144K)->1006133K(1398144K)
[11.996s][info   ][gc,metaspace   ] GC(127) Metaspace: 213K(448K)->213K(448K) NonClass: 204K(320K)->204K(320K) Class: 9K(128K)->9K(128K)
[11.996s][info   ][gc             ] GC(127) Pause Young (Allocation Failure) 1548M->994M(1979M) 2.552ms
[11.996s][info   ][gc,cpu         ] GC(127) User=0.00s Sys=0.00s Real=0.01s
[12.066s][info   ][gc,start       ] GC(128) Pause Young (Allocation Failure)
[12.075s][info   ][gc,heap        ] GC(128) DefNew: 571262K(629120K)->45056K(629120K) Eden: 558974K(559232K)->0K(559232K) From: 12288K(69888K)->45056K(69888K)
[12.075s][info   ][gc,heap        ] GC(128) Tenured: 1006133K(1398144K)->1006133K(1398144K)
[12.075s][info   ][gc,metaspace   ] GC(128) Metaspace: 213K(448K)->213K(448K) NonClass: 204K(320K)->204K(320K) Class: 9K(128K)->9K(128K)
[12.075s][info   ][gc             ] GC(128) Pause Young (Allocation Failure) 1540M->1026M(1979M) 8.310ms
[12.075s][info   ][gc,cpu         ] GC(128) User=0.01s Sys=0.00s Real=0.01s
[12.143s][info   ][gc,start       ] GC(129) Pause Young (Allocation Failure)
[12.159s][info   ][gc,heap        ] GC(129) DefNew: 604030K(629120K)->69633K(629120K) Eden: 558974K(559232K)->0K(559232K) From: 45056K(69888K)->69633K(69888K)
[12.159s][info   ][gc,heap        ] GC(129) Tenured: 1006133K(1398144K)->1036854K(1398144K)
[12.159s][info   ][gc,metaspace   ] GC(129) Metaspace: 213K(448K)->213K(448K) NonClass: 204K(320K)->204K(320K) Class: 9K(128K)->9K(128K)
[12.159s][info   ][gc             ] GC(129) Pause Young (Allocation Failure) 1572M->1080M(1979M) 16.079ms
[12.159s][info   ][gc,cpu         ] GC(129) User=0.02s Sys=0.00s Real=0.02s
[12.226s][info   ][gc,start       ] GC(130) Pause Young (Allocation Failure)
[12.248s][info   ][gc,heap        ] GC(130) DefNew: 628607K(629120K)->69633K(629120K) Eden: 558974K(559232K)->0K(559232K) From: 69633K(69888K)->69633K(69888K)
[12.248s][info   ][gc,heap        ] GC(130) Tenured: 1036854K(1398144K)->1101367K(1398144K)
[12.248s][info   ][gc,metaspace   ] GC(130) Metaspace: 213K(448K)->213K(448K) NonClass: 204K(320K)->204K(320K) Class: 9K(128K)->9K(128K)
[12.248s][info   ][gc             ] GC(130) Pause Young (Allocation Failure) 1626M->1143M(1979M) 22.019ms
[12.248s][info   ][gc,cpu         ] GC(130) User=0.02s Sys=0.00s Real=0.02s
[12.315s][info   ][gc,start       ] GC(131) Pause Young (Allocation Failure)
[12.328s][info   ][gc,heap        ] GC(131) DefNew: 628607K(629120K)->69633K(629120K) Eden: 558974K(559232K)->0K(559232K) From: 69633K(69888K)->69633K(69888K)
[12.328s][info   ][gc,heap        ] GC(131) Tenured: 1101367K(1398144K)->1105463K(1398144K)
[12.328s][info   ][gc,metaspace   ] GC(131) Metaspace: 213K(448K)->213K(448K) NonClass: 204K(320K)->204K(320K) Class: 9K(128K)->9K(128K)
[12.328s][info   ][gc             ] GC(131) Pause Young (Allocation Failure) 1689M->1147M(1979M) 12.418ms
[12.328s][info   ][gc,cpu         ] GC(131) User=0.01s Sys=0.00s Real=0.01s
[12.395s][info   ][gc,start       ] GC(132) Pause Young (Allocation Failure)
[12.404s][info   ][gc,heap        ] GC(132) DefNew: 628607K(629120K)->52224K(629120K) Eden: 558974K(559232K)->0K(559232K) From: 69633K(69888K)->52224K(69888K)
[12.404s][info   ][gc,heap        ] GC(132) Tenured: 1105463K(1398144K)->1105463K(1398144K)
[12.404s][info   ][gc,metaspace   ] GC(132) Metaspace: 213K(448K)->213K(448K) NonClass: 204K(320K)->204K(320K) Class: 9K(128K)->9K(128K)
[12.404s][info   ][gc             ] GC(132) Pause Young (Allocation Failure) 1693M->1130M(1979M) 9.214ms
[12.404s][info   ][gc,cpu         ] GC(132) User=0.01s Sys=0.00s Real=0.00s
[12.471s][info   ][gc,start       ] GC(133) Pause Young (Allocation Failure)
[12.479s][info   ][gc,heap        ] GC(133) DefNew: 611199K(629120K)->47104K(629120K) Eden: 558974K(559232K)->0K(559232K) From: 52224K(69888K)->47104K(69888K)
[12.479s][info   ][gc,heap        ] GC(133) Tenured: 1105463K(1398144K)->1105463K(1398144K)
[12.479s][info   ][gc,metaspace   ] GC(133) Metaspace: 213K(448K)->213K(448K) NonClass: 204K(320K)->204K(320K) Class: 9K(128K)->9K(128K)
[12.479s][info   ][gc             ] GC(133) Pause Young (Allocation Failure) 1676M->1125M(1979M) 8.007ms
[12.479s][info   ][gc,cpu         ] GC(133) User=0.00s Sys=0.00s Real=0.01s
[12.548s][info   ][gc,start       ] GC(134) Pause Young (Allocation Failure)
[12.550s][info   ][gc,heap        ] GC(134) DefNew: 606078K(629120K)->10240K(629120K) Eden: 558974K(559232K)->0K(559232K) From: 47104K(69888K)->10240K(69888K)
[12.550s][info   ][gc,heap        ] GC(134) Tenured: 1105463K(1398144K)->1105463K(1398144K)
[12.550s][info   ][gc,metaspace   ] GC(134) Metaspace: 213K(448K)->213K(448K) NonClass: 204K(320K)->204K(320K) Class: 9K(128K)->9K(128K)
[12.550s][info   ][gc             ] GC(134) Pause Young (Allocation Failure) 1671M->1089M(1979M) 2.414ms
[12.550s][info   ][gc,cpu         ] GC(134) User=0.00s Sys=0.00s Real=0.00s
[12.618s][info   ][gc,start       ] GC(135) Pause Young (Allocation Failure)
[12.622s][info   ][gc,heap        ] GC(135) DefNew: 569214K(629120K)->22528K(629120K) Eden: 558974K(559232K)->0K(559232K) From: 10240K(69888K)->22528K(69888K)
[12.622s][info   ][gc,heap        ] GC(135) Tenured: 1105463K(1398144K)->1105463K(1398144K)
[12.622s][info   ][gc,metaspace   ] GC(135) Metaspace: 213K(448K)->213K(448K) NonClass: 204K(320K)->204K(320K) Class: 9K(128K)->9K(128K)
[12.622s][info   ][gc             ] GC(135) Pause Young (Allocation Failure) 1635M->1101M(1979M) 4.141ms
[12.622s][info   ][gc,cpu         ] GC(135) User=0.01s Sys=0.00s Real=0.00s
[12.692s][info   ][gc,start       ] GC(136) Pause Young (Allocation Failure)
[12.695s][info   ][gc,heap        ] GC(136) DefNew: 581502K(629120K)->16384K(629120K) Eden: 558974K(559232K)->0K(559232K) From: 22528K(69888K)->16384K(69888K)
[12.695s][info   ][gc,heap        ] GC(136) Tenured: 1105463K(1398144K)->1105463K(1398144K)
[12.695s][info   ][gc,metaspace   ] GC(136) Metaspace: 213K(448K)->213K(448K) NonClass: 204K(320K)->204K(320K) Class: 9K(128K)->9K(128K)
[12.695s][info   ][gc             ] GC(136) Pause Young (Allocation Failure) 1647M->1095M(1979M) 2.705ms
[12.695s][info   ][gc,cpu         ] GC(136) User=0.00s Sys=0.00s Real=0.01s
[12.764s][info   ][gc,start       ] GC(137) Pause Young (Allocation Failure)
[12.770s][info   ][gc,heap        ] GC(137) DefNew: 575358K(629120K)->36864K(629120K) Eden: 558974K(559232K)->0K(559232K) From: 16384K(69888K)->36864K(69888K)
[12.770s][info   ][gc,heap        ] GC(137) Tenured: 1105463K(1398144K)->1105463K(1398144K)
[12.770s][info   ][gc,metaspace   ] GC(137) Metaspace: 213K(448K)->213K(448K) NonClass: 204K(320K)->204K(320K) Class: 9K(128K)->9K(128K)
[12.770s][info   ][gc             ] GC(137) Pause Young (Allocation Failure) 1641M->1115M(1979M) 6.469ms
[12.770s][info   ][gc,cpu         ] GC(137) User=0.01s Sys=0.00s Real=0.01s
[12.838s][info   ][gc,start       ] GC(138) Pause Young (Allocation Failure)
[12.845s][info   ][gc,heap        ] GC(138) DefNew: 595838K(629120K)->38912K(629120K) Eden: 558974K(559232K)->0K(559232K) From: 36864K(69888K)->38912K(69888K)
[12.845s][info   ][gc,heap        ] GC(138) Tenured: 1105463K(1398144K)->1105463K(1398144K)
[12.845s][info   ][gc,metaspace   ] GC(138) Metaspace: 213K(448K)->213K(448K) NonClass: 204K(320K)->204K(320K) Class: 9K(128K)->9K(128K)
[12.845s][info   ][gc             ] GC(138) Pause Young (Allocation Failure) 1661M->1117M(1979M) 6.826ms
[12.845s][info   ][gc,cpu         ] GC(138) User=0.00s Sys=0.00s Real=0.01s
[12.913s][info   ][gc,start       ] GC(139) Pause Young (Allocation Failure)
[12.915s][info   ][gc,heap        ] GC(139) DefNew: 597886K(629120K)->8192K(629120K) Eden: 558974K(559232K)->0K(559232K) From: 38912K(69888K)->8192K(69888K)
[12.915s][info   ][gc,heap        ] GC(139) Tenured: 1105463K(1398144K)->1105463K(1398144K)
[12.915s][info   ][gc,metaspace   ] GC(139) Metaspace: 213K(448K)->213K(448K) NonClass: 204K(320K)->204K(320K) Class: 9K(128K)->9K(128K)
[12.915s][info   ][gc             ] GC(139) Pause Young (Allocation Failure) 1663M->1087M(1979M) 2.020ms
[12.915s][info   ][gc,cpu         ] GC(139) User=0.00s Sys=0.00s Real=0.01s
[12.983s][info   ][gc,start       ] GC(140) Pause Young (Allocation Failure)
[12.990s][info   ][gc,heap        ] GC(140) DefNew: 567166K(629120K)->46080K(629120K) Eden: 558974K(559232K)->0K(559232K) From: 8192K(69888K)->46080K(69888K)
[12.991s][info   ][gc,heap        ] GC(140) Tenured: 1105463K(1398144K)->1105463K(1398144K)
[12.991s][info   ][gc,metaspace   ] GC(140) Metaspace: 213K(448K)->213K(448K) NonClass: 204K(320K)->204K(320K) Class: 9K(128K)->9K(128K)
[12.991s][info   ][gc             ] GC(140) Pause Young (Allocation Failure) 1633M->1124M(1979M) 7.615ms
[12.991s][info   ][gc,cpu         ] GC(140) User=0.01s Sys=0.00s Real=0.01s
[13.059s][info   ][gc,start       ] GC(141) Pause Young (Allocation Failure)
[13.072s][info   ][gc,heap        ] GC(141) DefNew: 605054K(629120K)->69633K(629120K) Eden: 558974K(559232K)->0K(559232K) From: 46080K(69888K)->69633K(69888K)
[13.072s][info   ][gc,heap        ] GC(141) Tenured: 1105463K(1398144K)->1110583K(1398144K)
[13.072s][info   ][gc,metaspace   ] GC(141) Metaspace: 213K(448K)->213K(448K) NonClass: 204K(320K)->204K(320K) Class: 9K(128K)->9K(128K)
[13.072s][info   ][gc             ] GC(141) Pause Young (Allocation Failure) 1670M->1152M(1979M) 12.477ms
[13.072s][info   ][gc,cpu         ] GC(141) User=0.02s Sys=0.00s Real=0.01s
[13.141s][info   ][gc,start       ] GC(142) Pause Young (Allocation Failure)
[13.159s][info   ][gc,heap        ] GC(142) DefNew: 628607K(629120K)->69633K(629120K) Eden: 558974K(559232K)->0K(559232K) From: 69633K(69888K)->69633K(69888K)
[13.159s][info   ][gc,heap        ] GC(142) Tenured: 1110583K(1398144K)->1152567K(1398144K)
[13.159s][info   ][gc,metaspace   ] GC(142) Metaspace: 213K(448K)->213K(448K) NonClass: 204K(320K)->204K(320K) Class: 9K(128K)->9K(128K)
[13.159s][info   ][gc             ] GC(142) Pause Young (Allocation Failure) 1698M->1193M(1979M) 18.449ms
[13.159s][info   ][gc,cpu         ] GC(142) User=0.02s Sys=0.00s Real=0.02s
[13.227s][info   ][gc,start       ] GC(143) Pause Young (Allocation Failure)
[13.243s][info   ][gc,heap        ] GC(143) DefNew: 628607K(629120K)->69633K(629120K) Eden: 558974K(559232K)->0K(559232K) From: 69633K(69888K)->69633K(69888K)
[13.243s][info   ][gc,heap        ] GC(143) Tenured: 1152567K(1398144K)->1181240K(1398144K)
[13.243s][info   ][gc,metaspace   ] GC(143) Metaspace: 213K(448K)->213K(448K) NonClass: 204K(320K)->204K(320K) Class: 9K(128K)->9K(128K)
[13.243s][info   ][gc             ] GC(143) Pause Young (Allocation Failure) 1739M->1221M(1979M) 16.150ms
[13.243s][info   ][gc,cpu         ] GC(143) User=0.01s Sys=0.00s Real=0.01s
[13.317s][info   ][gc,start       ] GC(144) Pause Young (Allocation Failure)
[13.361s][info   ][gc,heap        ] GC(144) DefNew: 628607K(629120K)->69633K(629120K) Eden: 558974K(559232K)->0K(559232K) From: 69633K(69888K)->69633K(69888K)
[13.361s][info   ][gc,heap        ] GC(144) Tenured: 1181240K(1398144K)->1250873K(1398144K)
[13.361s][info   ][gc,metaspace   ] GC(144) Metaspace: 213K(448K)->213K(448K) NonClass: 204K(320K)->204K(320K) Class: 9K(128K)->9K(128K)
[13.361s][info   ][gc             ] GC(144) Pause Young (Allocation Failure) 1767M->1289M(1979M) 43.427ms
[13.361s][info   ][gc,cpu         ] GC(144) User=0.03s Sys=0.01s Real=0.04s
[13.434s][info   ][gc,start       ] GC(145) Pause Young (Allocation Failure)
[13.554s][info   ][gc,heap        ] GC(145) DefNew: 628607K(629120K)->69633K(629120K) Eden: 558974K(559232K)->0K(559232K) From: 69633K(69888K)->69633K(69888K)
[13.554s][info   ][gc,heap        ] GC(145) Tenured: 1250873K(1398144K)->1362491K(1398144K)
[13.554s][info   ][gc,metaspace   ] GC(145) Metaspace: 213K(448K)->213K(448K) NonClass: 204K(320K)->204K(320K) Class: 9K(128K)->9K(128K)
[13.554s][info   ][gc             ] GC(145) Pause Young (Allocation Failure) 1835M->1398M(1979M) 119.641ms
[13.554s][info   ][gc,cpu         ] GC(145) User=0.04s Sys=0.09s Real=0.11s
[13.624s][info   ][gc,start       ] GC(146) Pause Young (Allocation Failure)
[13.624s][info   ][gc             ] GC(146) Pause Young (Allocation Failure) 1944M->1944M(1979M) 0.171ms
[13.624s][info   ][gc,cpu         ] GC(146) User=0.00s Sys=0.00s Real=0.00s
[13.624s][info   ][gc,start       ] GC(147) Pause Full (Allocation Failure)
[13.625s][info   ][gc,phases,start] GC(147) Phase 1: Mark live objects
[13.625s][info   ][gc,phases      ] GC(147) Phase 1: Mark live objects 0.901ms
[13.625s][info   ][gc,phases,start] GC(147) Phase 2: Compute new object addresses
[13.626s][info   ][gc,phases      ] GC(147) Phase 2: Compute new object addresses 0.381ms
[13.626s][info   ][gc,phases,start] GC(147) Phase 3: Adjust pointers
[13.626s][info   ][gc,phases      ] GC(147) Phase 3: Adjust pointers 0.315ms
[13.626s][info   ][gc,phases,start] GC(147) Phase 4: Move objects
[13.655s][info   ][gc,phases      ] GC(147) Phase 4: Move objects 28.683ms
[13.655s][info   ][gc,heap        ] GC(147) DefNew: 628607K(629120K)->0K(629120K) Eden: 558974K(559232K)->0K(559232K) From: 69633K(69888K)->0K(69888K)
[13.655s][info   ][gc,heap        ] GC(147) Tenured: 1362491K(1398144K)->233001K(1398144K)
[13.655s][info   ][gc,metaspace   ] GC(147) Metaspace: 213K(448K)->213K(448K) NonClass: 204K(320K)->204K(320K) Class: 9K(128K)->9K(128K)
[13.655s][info   ][gc             ] GC(147) Pause Full (Allocation Failure) 1944M->227M(1979M) 30.672ms
[13.655s][info   ][gc,cpu         ] GC(147) User=0.03s Sys=0.00s Real=0.03s
[13.725s][info   ][gc,start       ] GC(148) Pause Young (Allocation Failure)
[13.768s][info   ][gc,heap        ] GC(148) DefNew: 558974K(629120K)->69633K(629120K) Eden: 558974K(559232K)->0K(559232K) From: 0K(69888K)->69633K(69888K)
[13.768s][info   ][gc,heap        ] GC(148) Tenured: 233001K(1398144K)->382508K(1398144K)
[13.768s][info   ][gc,metaspace   ] GC(148) Metaspace: 213K(448K)->213K(448K) NonClass: 204K(320K)->204K(320K) Class: 9K(128K)->9K(128K)
[13.768s][info   ][gc             ] GC(148) Pause Young (Allocation Failure) 773M->441M(1979M) 42.931ms
[13.768s][info   ][gc,cpu         ] GC(148) User=0.05s Sys=0.00s Real=0.04s
[13.843s][info   ][gc,start       ] GC(149) Pause Young (Allocation Failure)
[13.893s][info   ][gc,heap        ] GC(149) DefNew: 628607K(629120K)->69633K(629120K) Eden: 558974K(559232K)->0K(559232K) From: 69633K(69888K)->69633K(69888K)
[13.893s][info   ][gc,heap        ] GC(149) Tenured: 382508K(1398144K)->591407K(1398144K)
[13.893s][info   ][gc,metaspace   ] GC(149) Metaspace: 213K(448K)->213K(448K) NonClass: 204K(320K)->204K(320K) Class: 9K(128K)->9K(128K)
[13.893s][info   ][gc             ] GC(149) Pause Young (Allocation Failure) 987M->645M(1979M) 50.290ms
[13.893s][info   ][gc,cpu         ] GC(149) User=0.05s Sys=0.00s Real=0.05s
[13.968s][info   ][gc,start       ] GC(150) Pause Young (Allocation Failure)
[14.032s][info   ][gc,heap        ] GC(150) DefNew: 628607K(629120K)->69633K(629120K) Eden: 558974K(559232K)->0K(559232K) From: 69633K(69888K)->69633K(69888K)
[14.032s][info   ][gc,heap        ] GC(150) Tenured: 591407K(1398144K)->789042K(1398144K)
[14.032s][info   ][gc,metaspace   ] GC(150) Metaspace: 213K(448K)->213K(448K) NonClass: 204K(320K)->204K(320K) Class: 9K(128K)->9K(128K)
[14.032s][info   ][gc             ] GC(150) Pause Young (Allocation Failure) 1191M->838M(1979M) 63.932ms
[14.032s][info   ][gc,cpu         ] GC(150) User=0.07s Sys=0.00s Real=0.06s
[14.124s][info   ][gc,start       ] GC(151) Pause Young (Allocation Failure)
[14.188s][info   ][gc,heap        ] GC(151) DefNew: 628607K(629120K)->69633K(629120K) Eden: 558974K(559232K)->0K(559232K) From: 69633K(69888K)->69633K(69888K)
[14.189s][info   ][gc,heap        ] GC(151) Tenured: 789042K(1398144K)->1029686K(1398144K)
[14.189s][info   ][gc,metaspace   ] GC(151) Metaspace: 213K(448K)->213K(448K) NonClass: 204K(320K)->204K(320K) Class: 9K(128K)->9K(128K)
[14.189s][info   ][gc             ] GC(151) Pause Young (Allocation Failure) 1384M->1073M(1979M) 64.831ms
[14.189s][info   ][gc,cpu         ] GC(151) User=0.07s Sys=0.00s Real=0.07s
[14.273s][info   ][gc,start       ] GC(152) Pause Young (Allocation Failure)
[14.349s][info   ][gc,heap        ] GC(152) DefNew: 628607K(629120K)->69635K(629120K) Eden: 558974K(559232K)->0K(559232K) From: 69633K(69888K)->69635K(69888K)
[14.349s][info   ][gc,heap        ] GC(152) Tenured: 1029686K(1398144K)->1348154K(1398144K)
[14.349s][info   ][gc,metaspace   ] GC(152) Metaspace: 213K(448K)->213K(448K) NonClass: 204K(320K)->204K(320K) Class: 9K(128K)->9K(128K)
[14.349s][info   ][gc             ] GC(152) Pause Young (Allocation Failure) 1619M->1384M(1979M) 76.143ms
[14.349s][info   ][gc,cpu         ] GC(152) User=0.07s Sys=0.00s Real=0.08s
[14.424s][info   ][gc,start       ] GC(153) Pause Young (Allocation Failure)
[14.424s][info   ][gc             ] GC(153) Pause Young (Allocation Failure) 1930M->1930M(1979M) 0.124ms
[14.424s][info   ][gc,cpu         ] GC(153) User=0.00s Sys=0.00s Real=0.00s
[14.424s][info   ][gc,start       ] GC(154) Pause Full (Allocation Failure)
[14.424s][info   ][gc,phases,start] GC(154) Phase 1: Mark live objects
[14.425s][info   ][gc,phases      ] GC(154) Phase 1: Mark live objects 0.793ms
[14.425s][info   ][gc,phases,start] GC(154) Phase 2: Compute new object addresses
[14.425s][info   ][gc,phases      ] GC(154) Phase 2: Compute new object addresses 0.341ms
[14.425s][info   ][gc,phases,start] GC(154) Phase 3: Adjust pointers
[14.426s][info   ][gc,phases      ] GC(154) Phase 3: Adjust pointers 0.292ms
[14.426s][info   ][gc,phases,start] GC(154) Phase 4: Move objects
[14.472s][info   ][gc,phases      ] GC(154) Phase 4: Move objects 46.060ms
[14.472s][info   ][gc,heap        ] GC(154) DefNew: 628609K(629120K)->0K(629120K) Eden: 558974K(559232K)->0K(559232K) From: 69635K(69888K)->0K(69888K)
[14.472s][info   ][gc,heap        ] GC(154) Tenured: 1348154K(1398144K)->342572K(1398144K)
[14.472s][info   ][gc,metaspace   ] GC(154) Metaspace: 213K(448K)->213K(448K) NonClass: 204K(320K)->204K(320K) Class: 9K(128K)->9K(128K)
[14.472s][info   ][gc             ] GC(154) Pause Full (Allocation Failure) 1930M->334M(1979M) 47.870ms
[14.472s][info   ][gc,cpu         ] GC(154) User=0.05s Sys=0.00s Real=0.05s
[14.546s][info   ][gc,start       ] GC(155) Pause Young (Allocation Failure)
[14.602s][info   ][gc,heap        ] GC(155) DefNew: 558974K(629120K)->69633K(629120K) Eden: 558974K(559232K)->0K(559232K) From: 0K(69888K)->69633K(69888K)
[14.602s][info   ][gc,heap        ] GC(155) Tenured: 342572K(1398144K)->541231K(1398144K)
[14.602s][info   ][gc,metaspace   ] GC(155) Metaspace: 213K(448K)->213K(448K) NonClass: 204K(320K)->204K(320K) Class: 9K(128K)->9K(128K)
[14.602s][info   ][gc             ] GC(155) Pause Young (Allocation Failure) 880M->596M(1979M) 55.753ms
[14.602s][info   ][gc,cpu         ] GC(155) User=0.05s Sys=0.00s Real=0.05s
[14.690s][info   ][gc,start       ] GC(156) Pause Young (Allocation Failure)
[14.756s][info   ][gc,heap        ] GC(156) DefNew: 628607K(629120K)->69633K(629120K) Eden: 558974K(559232K)->0K(559232K) From: 69633K(69888K)->69633K(69888K)
[14.757s][info   ][gc,heap        ] GC(156) Tenured: 541231K(1398144K)->793139K(1398144K)
[14.757s][info   ][gc,metaspace   ] GC(156) Metaspace: 213K(448K)->213K(448K) NonClass: 204K(320K)->204K(320K) Class: 9K(128K)->9K(128K)
[14.757s][info   ][gc             ] GC(156) Pause Young (Allocation Failure) 1142M->842M(1979M) 66.634ms
[14.757s][info   ][gc,cpu         ] GC(156) User=0.06s Sys=0.00s Real=0.07s
[14.832s][info   ][gc,start       ] GC(157) Pause Young (Allocation Failure)
[14.897s][info   ][gc,heap        ] GC(157) DefNew: 628607K(629120K)->69633K(629120K) Eden: 558974K(559232K)->0K(559232K) From: 69633K(69888K)->69633K(69888K)
[14.898s][info   ][gc,heap        ] GC(157) Tenured: 793139K(1398144K)->1030710K(1398144K)
[14.898s][info   ][gc,metaspace   ] GC(157) Metaspace: 213K(448K)->213K(448K) NonClass: 204K(320K)->204K(320K) Class: 9K(128K)->9K(128K)
[14.898s][info   ][gc             ] GC(157) Pause Young (Allocation Failure) 1388M->1074M(1979M) 65.625ms
[14.898s][info   ][gc,cpu         ] GC(157) User=0.07s Sys=0.00s Real=0.07s
[14.981s][info   ][gc,start       ] GC(158) Pause Young (Allocation Failure)
[14.981s][info   ][gc             ] GC(158) Pause Young (Allocation Failure) 1620M->1620M(1979M) 0.096ms
[14.981s][info   ][gc,cpu         ] GC(158) User=0.00s Sys=0.00s Real=0.00s
[14.981s][info   ][gc,start       ] GC(159) Pause Full (Allocation Failure)
[14.981s][info   ][gc,phases,start] GC(159) Phase 1: Mark live objects
[14.982s][info   ][gc,phases      ] GC(159) Phase 1: Mark live objects 1.371ms
[14.982s][info   ][gc,phases,start] GC(159) Phase 2: Compute new object addresses
[14.983s][info   ][gc,phases      ] GC(159) Phase 2: Compute new object addresses 0.527ms
[14.983s][info   ][gc,phases,start] GC(159) Phase 3: Adjust pointers
[14.983s][info   ][gc,phases      ] GC(159) Phase 3: Adjust pointers 0.347ms
[14.983s][info   ][gc,phases,start] GC(159) Phase 4: Move objects
[15.039s][info   ][gc,phases      ] GC(159) Phase 4: Move objects 56.164ms
[15.040s][info   ][gc,heap        ] GC(159) DefNew: 628607K(629120K)->0K(629120K) Eden: 558974K(559232K)->0K(559232K) From: 69633K(69888K)->0K(69888K)
[15.040s][info   ][gc,heap        ] GC(159) Tenured: 1030710K(1398144K)->359980K(1398144K)
[15.040s][info   ][gc,metaspace   ] GC(159) Metaspace: 213K(448K)->213K(448K) NonClass: 204K(320K)->204K(320K) Class: 9K(128K)->9K(128K)
[15.040s][info   ][gc             ] GC(159) Pause Full (Allocation Failure) 1620M->351M(1979M) 58.872ms
[15.040s][info   ][gc,cpu         ] GC(159) User=0.06s Sys=0.00s Real=0.06s
[15.135s][info   ][gc,start       ] GC(160) Pause Young (Allocation Failure)
[15.195s][info   ][gc,heap        ] GC(160) DefNew: 558974K(629120K)->69633K(629120K) Eden: 558974K(559232K)->0K(559232K) From: 0K(69888K)->69633K(69888K)
[15.195s][info   ][gc,heap        ] GC(160) Tenured: 359980K(1398144K)->576047K(1398144K)
[15.195s][info   ][gc,metaspace   ] GC(160) Metaspace: 213K(448K)->213K(448K) NonClass: 204K(320K)->204K(320K) Class: 9K(128K)->9K(128K)
[15.195s][info   ][gc             ] GC(160) Pause Young (Allocation Failure) 897M->630M(1979M) 60.108ms
[15.195s][info   ][gc,cpu         ] GC(160) User=0.06s Sys=0.00s Real=0.06s
[15.270s][info   ][gc,start       ] GC(161) Pause Young (Allocation Failure)
[15.327s][info   ][gc,heap        ] GC(161) DefNew: 628607K(629120K)->69633K(629120K) Eden: 558974K(559232K)->0K(559232K) From: 69633K(69888K)->69633K(69888K)
[15.327s][info   ][gc,heap        ] GC(161) Tenured: 576047K(1398144K)->798259K(1398144K)
[15.327s][info   ][gc,metaspace   ] GC(161) Metaspace: 213K(448K)->213K(448K) NonClass: 204K(320K)->204K(320K) Class: 9K(128K)->9K(128K)
[15.327s][info   ][gc             ] GC(161) Pause Young (Allocation Failure) 1176M->847M(1979M) 57.514ms
[15.327s][info   ][gc,cpu         ] GC(161) User=0.06s Sys=0.00s Real=0.06s
[15.401s][info   ][gc,start       ] GC(162) Pause Young (Allocation Failure)
[15.456s][info   ][gc,heap        ] GC(162) DefNew: 628607K(629120K)->69633K(629120K) Eden: 558974K(559232K)->0K(559232K) From: 69633K(69888K)->69633K(69888K)
[15.457s][info   ][gc,heap        ] GC(162) Tenured: 798259K(1398144K)->1027638K(1398144K)
[15.457s][info   ][gc,metaspace   ] GC(162) Metaspace: 213K(448K)->213K(448K) NonClass: 204K(320K)->204K(320K) Class: 9K(128K)->9K(128K)
[15.457s][info   ][gc             ] GC(162) Pause Young (Allocation Failure) 1393M->1071M(1979M) 55.643ms
[15.457s][info   ][gc,cpu         ] GC(162) User=0.05s Sys=0.00s Real=0.06s
[15.533s][info   ][gc,start       ] GC(163) Pause Young (Allocation Failure)
[15.533s][info   ][gc             ] GC(163) Pause Young (Allocation Failure) 1617M->1617M(1979M) 0.096ms
[15.533s][info   ][gc,cpu         ] GC(163) User=0.00s Sys=0.00s Real=0.00s
[15.533s][info   ][gc,start       ] GC(164) Pause Full (Allocation Failure)
[15.533s][info   ][gc,phases,start] GC(164) Phase 1: Mark live objects
[15.534s][info   ][gc,phases      ] GC(164) Phase 1: Mark live objects 0.909ms
[15.534s][info   ][gc,phases,start] GC(164) Phase 2: Compute new object addresses
[15.534s][info   ][gc,phases      ] GC(164) Phase 2: Compute new object addresses 0.421ms
[15.534s][info   ][gc,phases,start] GC(164) Phase 3: Adjust pointers
[15.535s][info   ][gc,phases      ] GC(164) Phase 3: Adjust pointers 0.675ms
[15.535s][info   ][gc,phases,start] GC(164) Phase 4: Move objects
[15.580s][info   ][gc,phases      ] GC(164) Phase 4: Move objects 44.359ms
[15.580s][info   ][gc,heap        ] GC(164) DefNew: 628607K(629120K)->0K(629120K) Eden: 558974K(559232K)->0K(559232K) From: 69633K(69888K)->0K(69888K)
[15.580s][info   ][gc,heap        ] GC(164) Tenured: 1027638K(1398144K)->379436K(1398144K)
[15.580s][info   ][gc,metaspace   ] GC(164) Metaspace: 213K(448K)->213K(448K) NonClass: 204K(320K)->204K(320K) Class: 9K(128K)->9K(128K)
[15.580s][info   ][gc             ] GC(164) Pause Full (Allocation Failure) 1617M->370M(1979M) 46.863ms
[15.580s][info   ][gc,cpu         ] GC(164) User=0.05s Sys=0.00s Real=0.05s
[15.655s][info   ][gc,start       ] GC(165) Pause Young (Allocation Failure)
[15.712s][info   ][gc,heap        ] GC(165) DefNew: 558974K(629120K)->69633K(629120K) Eden: 558974K(559232K)->0K(559232K) From: 0K(69888K)->69633K(69888K)
[15.712s][info   ][gc,heap        ] GC(165) Tenured: 379436K(1398144K)->601648K(1398144K)
[15.712s][info   ][gc,metaspace   ] GC(165) Metaspace: 213K(448K)->213K(448K) NonClass: 204K(320K)->204K(320K) Class: 9K(128K)->9K(128K)
[15.712s][info   ][gc             ] GC(165) Pause Young (Allocation Failure) 916M->655M(1979M) 56.872ms
[15.712s][info   ][gc,cpu         ] GC(165) User=0.06s Sys=0.00s Real=0.05s
[15.785s][info   ][gc,start       ] GC(166) Pause Young (Allocation Failure)
[15.841s][info   ][gc,heap        ] GC(166) DefNew: 628607K(629120K)->69633K(629120K) Eden: 558974K(559232K)->0K(559232K) From: 69633K(69888K)->69633K(69888K)
[15.841s][info   ][gc,heap        ] GC(166) Tenured: 601648K(1398144K)->827955K(1398144K)
[15.841s][info   ][gc,metaspace   ] GC(166) Metaspace: 213K(448K)->213K(448K) NonClass: 204K(320K)->204K(320K) Class: 9K(128K)->9K(128K)
[15.841s][info   ][gc             ] GC(166) Pause Young (Allocation Failure) 1201M->876M(1979M) 55.362ms
[15.841s][info   ][gc,cpu         ] GC(166) User=0.05s Sys=0.00s Real=0.05s
[15.917s][info   ][gc,start       ] GC(167) Pause Young (Allocation Failure)
[15.966s][info   ][gc,heap        ] GC(167) DefNew: 628607K(629120K)->69633K(629120K) Eden: 558974K(559232K)->0K(559232K) From: 69633K(69888K)->69633K(69888K)
[15.966s][info   ][gc,heap        ] GC(167) Tenured: 827955K(1398144K)->1033782K(1398144K)
[15.966s][info   ][gc,metaspace   ] GC(167) Metaspace: 213K(448K)->213K(448K) NonClass: 204K(320K)->204K(320K) Class: 9K(128K)->9K(128K)
[15.966s][info   ][gc             ] GC(167) Pause Young (Allocation Failure) 1422M->1077M(1979M) 49.258ms
[15.966s][info   ][gc,cpu         ] GC(167) User=0.04s Sys=0.00s Real=0.05s
[16.045s][info   ][gc,start       ] GC(168) Pause Young (Allocation Failure)
[16.046s][info   ][gc             ] GC(168) Pause Young (Allocation Failure) 1623M->1623M(1979M) 0.102ms
[16.046s][info   ][gc,cpu         ] GC(168) User=0.00s Sys=0.00s Real=0.00s
[16.046s][info   ][gc,start       ] GC(169) Pause Full (Allocation Failure)
[16.046s][info   ][gc,phases,start] GC(169) Phase 1: Mark live objects
[16.047s][info   ][gc,phases      ] GC(169) Phase 1: Mark live objects 1.038ms
[16.047s][info   ][gc,phases,start] GC(169) Phase 2: Compute new object addresses
[16.047s][info   ][gc,phases      ] GC(169) Phase 2: Compute new object addresses 0.369ms
[16.047s][info   ][gc,phases,start] GC(169) Phase 3: Adjust pointers
[16.047s][info   ][gc,phases      ] GC(169) Phase 3: Adjust pointers 0.415ms
[16.047s][info   ][gc,phases,start] GC(169) Phase 4: Move objects
[16.084s][info   ][gc,phases      ] GC(169) Phase 4: Move objects 36.074ms
[16.084s][info   ][gc,heap        ] GC(169) DefNew: 628607K(629120K)->0K(629120K) Eden: 558974K(559232K)->0K(559232K) From: 69633K(69888K)->0K(69888K)
[16.084s][info   ][gc,heap        ] GC(169) Tenured: 1033782K(1398144K)->297515K(1398144K)
[16.084s][info   ][gc,metaspace   ] GC(169) Metaspace: 213K(448K)->213K(448K) NonClass: 204K(320K)->204K(320K) Class: 9K(128K)->9K(128K)
[16.084s][info   ][gc             ] GC(169) Pause Full (Allocation Failure) 1623M->290M(1979M) 38.447ms
[16.084s][info   ][gc,cpu         ] GC(169) User=0.04s Sys=0.00s Real=0.03s
[16.155s][info   ][gc,start       ] GC(170) Pause Young (Allocation Failure)
[16.195s][info   ][gc,heap        ] GC(170) DefNew: 558974K(629120K)->69633K(629120K) Eden: 558974K(559232K)->0K(559232K) From: 0K(69888K)->69633K(69888K)
[16.195s][info   ][gc,heap        ] GC(170) Tenured: 297515K(1398144K)->452141K(1398144K)
[16.195s][info   ][gc,metaspace   ] GC(170) Metaspace: 213K(448K)->213K(448K) NonClass: 204K(320K)->204K(320K) Class: 9K(128K)->9K(128K)
[16.195s][info   ][gc             ] GC(170) Pause Young (Allocation Failure) 836M->509M(1979M) 39.543ms
[16.195s][info   ][gc,cpu         ] GC(170) User=0.04s Sys=0.00s Real=0.04s
[16.270s][info   ][gc,start       ] GC(171) Pause Young (Allocation Failure)
[16.313s][info   ][gc,heap        ] GC(171) DefNew: 628607K(629120K)->69633K(629120K) Eden: 558974K(559232K)->0K(559232K) From: 69633K(69888K)->69633K(69888K)
[16.313s][info   ][gc,heap        ] GC(171) Tenured: 452141K(1398144K)->610864K(1398144K)
[16.313s][info   ][gc,metaspace   ] GC(171) Metaspace: 213K(448K)->213K(448K) NonClass: 204K(320K)->204K(320K) Class: 9K(128K)->9K(128K)
[16.313s][info   ][gc             ] GC(171) Pause Young (Allocation Failure) 1055M->664M(1979M) 43.437ms
[16.313s][info   ][gc,cpu         ] GC(171) User=0.05s Sys=0.00s Real=0.04s
[16.387s][info   ][gc,start       ] GC(172) Pause Young (Allocation Failure)
[16.426s][info   ][gc,heap        ] GC(172) DefNew: 628607K(629120K)->69633K(629120K) Eden: 558974K(559232K)->0K(559232K) From: 69633K(69888K)->69633K(69888K)
[16.427s][info   ][gc,heap        ] GC(172) Tenured: 610864K(1398144K)->740914K(1398144K)
[16.427s][info   ][gc,metaspace   ] GC(172) Metaspace: 213K(448K)->213K(448K) NonClass: 204K(320K)->204K(320K) Class: 9K(128K)->9K(128K)
[16.427s][info   ][gc             ] GC(172) Pause Young (Allocation Failure) 1210M->791M(1979M) 40.036ms
[16.427s][info   ][gc,cpu         ] GC(172) User=0.04s Sys=0.00s Real=0.04s
[16.503s][info   ][gc,start       ] GC(173) Pause Young (Allocation Failure)
[16.539s][info   ][gc,heap        ] GC(173) DefNew: 628607K(629120K)->69633K(629120K) Eden: 558974K(559232K)->0K(559232K) From: 69633K(69888K)->69633K(69888K)
[16.539s][info   ][gc,heap        ] GC(173) Tenured: 740914K(1398144K)->851508K(1398144K)
[16.539s][info   ][gc,metaspace   ] GC(173) Metaspace: 213K(448K)->213K(448K) NonClass: 204K(320K)->204K(320K) Class: 9K(128K)->9K(128K)
[16.539s][info   ][gc             ] GC(173) Pause Young (Allocation Failure) 1337M->899M(1979M) 36.719ms
[16.539s][info   ][gc,cpu         ] GC(173) User=0.04s Sys=0.00s Real=0.04s
[16.625s][info   ][gc,start       ] GC(174) Pause Young (Allocation Failure)
[16.658s][info   ][gc,heap        ] GC(174) DefNew: 628607K(629120K)->69633K(629120K) Eden: 558974K(559232K)->0K(559232K) From: 69633K(69888K)->69633K(69888K)
[16.659s][info   ][gc,heap        ] GC(174) Tenured: 851508K(1398144K)->965173K(1398144K)
[16.659s][info   ][gc,metaspace   ] GC(174) Metaspace: 213K(448K)->213K(448K) NonClass: 204K(320K)->204K(320K) Class: 9K(128K)->9K(128K)
[16.659s][info   ][gc             ] GC(174) Pause Young (Allocation Failure) 1445M->1010M(1979M) 33.962ms
[16.659s][info   ][gc,cpu         ] GC(174) User=0.03s Sys=0.00s Real=0.03s
[16.730s][info   ][gc,start       ] GC(175) Pause Young (Allocation Failure)
[16.762s][info   ][gc,heap        ] GC(175) DefNew: 628607K(629120K)->69633K(629120K) Eden: 558974K(559232K)->0K(559232K) From: 69633K(69888K)->69633K(69888K)
[16.762s][info   ][gc,heap        ] GC(175) Tenured: 965173K(1398144K)->1081911K(1398144K)
[16.762s][info   ][gc,metaspace   ] GC(175) Metaspace: 213K(448K)->213K(448K) NonClass: 204K(320K)->204K(320K) Class: 9K(128K)->9K(128K)
[16.762s][info   ][gc             ] GC(175) Pause Young (Allocation Failure) 1556M->1124M(1979M) 32.816ms
[16.762s][info   ][gc,cpu         ] GC(175) User=0.03s Sys=0.00s Real=0.03s
[16.835s][info   ][gc,start       ] GC(176) Pause Young (Allocation Failure)
[16.872s][info   ][gc,heap        ] GC(176) DefNew: 628607K(629120K)->69633K(629120K) Eden: 558974K(559232K)->0K(559232K) From: 69633K(69888K)->69633K(69888K)
[16.872s][info   ][gc,heap        ] GC(176) Tenured: 1081911K(1398144K)->1217081K(1398144K)
[16.872s][info   ][gc,metaspace   ] GC(176) Metaspace: 213K(448K)->213K(448K) NonClass: 204K(320K)->204K(320K) Class: 9K(128K)->9K(128K)
[16.872s][info   ][gc             ] GC(176) Pause Young (Allocation Failure) 1670M->1256M(1979M) 37.059ms
[16.872s][info   ][gc,cpu         ] GC(176) User=0.04s Sys=0.00s Real=0.03s
[16.941s][info   ][gc,start       ] GC(177) Pause Young (Allocation Failure)
[16.941s][info   ][gc             ] GC(177) Pause Young (Allocation Failure) 1802M->1802M(1979M) 0.097ms
[16.941s][info   ][gc,cpu         ] GC(177) User=0.00s Sys=0.00s Real=0.00s
[16.941s][info   ][gc,start       ] GC(178) Pause Full (Allocation Failure)
[16.941s][info   ][gc,phases,start] GC(178) Phase 1: Mark live objects
[16.942s][info   ][gc,phases      ] GC(178) Phase 1: Mark live objects 0.825ms
[16.942s][info   ][gc,phases,start] GC(178) Phase 2: Compute new object addresses
[16.942s][info   ][gc,phases      ] GC(178) Phase 2: Compute new object addresses 0.361ms
[16.942s][info   ][gc,phases,start] GC(178) Phase 3: Adjust pointers
[16.943s][info   ][gc,phases      ] GC(178) Phase 3: Adjust pointers 0.358ms
[16.943s][info   ][gc,phases,start] GC(178) Phase 4: Move objects
[16.971s][info   ][gc,phases      ] GC(178) Phase 4: Move objects 28.542ms
[16.971s][info   ][gc,heap        ] GC(178) DefNew: 628607K(629120K)->0K(629120K) Eden: 558974K(559232K)->0K(559232K) From: 69633K(69888K)->0K(69888K)
[16.971s][info   ][gc,heap        ] GC(178) Tenured: 1217081K(1398144K)->210474K(1398144K)
[16.971s][info   ][gc,metaspace   ] GC(178) Metaspace: 213K(448K)->213K(448K) NonClass: 204K(320K)->204K(320K) Class: 9K(128K)->9K(128K)
[16.971s][info   ][gc             ] GC(178) Pause Full (Allocation Failure) 1802M->205M(1979M) 30.496ms
[16.972s][info   ][gc,cpu         ] GC(178) User=0.03s Sys=0.00s Real=0.03s
[17.040s][info   ][gc,start       ] GC(179) Pause Young (Allocation Failure)
[17.077s][info   ][gc,heap        ] GC(179) DefNew: 558974K(629120K)->69633K(629120K) Eden: 558974K(559232K)->0K(559232K) From: 0K(69888K)->69633K(69888K)
[17.077s][info   ][gc,heap        ] GC(179) Tenured: 210474K(1398144K)->343596K(1398144K)
[17.077s][info   ][gc,metaspace   ] GC(179) Metaspace: 213K(448K)->213K(448K) NonClass: 204K(320K)->204K(320K) Class: 9K(128K)->9K(128K)
[17.077s][info   ][gc             ] GC(179) Pause Young (Allocation Failure) 751M->403M(1979M) 36.536ms
[17.077s][info   ][gc,cpu         ] GC(179) User=0.04s Sys=0.00s Real=0.04s
[17.147s][info   ][gc,start       ] GC(180) Pause Young (Allocation Failure)
[17.186s][info   ][gc,heap        ] GC(180) DefNew: 628607K(629120K)->69633K(629120K) Eden: 558974K(559232K)->0K(559232K) From: 69633K(69888K)->69633K(69888K)
[17.186s][info   ][gc,heap        ] GC(180) Tenured: 343596K(1398144K)->503342K(1398144K)
[17.186s][info   ][gc,metaspace   ] GC(180) Metaspace: 213K(448K)->213K(448K) NonClass: 204K(320K)->204K(320K) Class: 9K(128K)->9K(128K)
[17.186s][info   ][gc             ] GC(180) Pause Young (Allocation Failure) 949M->559M(1979M) 38.958ms
[17.186s][info   ][gc,cpu         ] GC(180) User=0.04s Sys=0.00s Real=0.04s
[17.256s][info   ][gc,start       ] GC(181) Pause Young (Allocation Failure)
[17.294s][info   ][gc,heap        ] GC(181) DefNew: 628607K(629120K)->69633K(629120K) Eden: 558974K(559232K)->0K(559232K) From: 69633K(69888K)->69633K(69888K)
[17.294s][info   ][gc,heap        ] GC(181) Tenured: 503342K(1398144K)->648752K(1398144K)
[17.294s][info   ][gc,metaspace   ] GC(181) Metaspace: 213K(448K)->213K(448K) NonClass: 204K(320K)->204K(320K) Class: 9K(128K)->9K(128K)
[17.294s][info   ][gc             ] GC(181) Pause Young (Allocation Failure) 1105M->701M(1979M) 38.018ms
[17.294s][info   ][gc,cpu         ] GC(181) User=0.04s Sys=0.00s Real=0.03s
[17.364s][info   ][gc,start       ] GC(182) Pause Young (Allocation Failure)
[17.406s][info   ][gc,heap        ] GC(182) DefNew: 628607K(629120K)->69633K(629120K) Eden: 558974K(559232K)->0K(559232K) From: 69633K(69888K)->69633K(69888K)
[17.406s][info   ][gc,heap        ] GC(182) Tenured: 648752K(1398144K)->820787K(1398144K)
[17.406s][info   ][gc,metaspace   ] GC(182) Metaspace: 213K(448K)->213K(448K) NonClass: 204K(320K)->204K(320K) Class: 9K(128K)->9K(128K)
[17.406s][info   ][gc             ] GC(182) Pause Young (Allocation Failure) 1247M->869M(1979M) 42.302ms
[17.406s][info   ][gc,cpu         ] GC(182) User=0.04s Sys=0.00s Real=0.05s
[17.479s][info   ][gc,start       ] GC(183) Pause Young (Allocation Failure)
[17.521s][info   ][gc,heap        ] GC(183) DefNew: 628607K(629120K)->69633K(629120K) Eden: 558974K(559232K)->0K(559232K) From: 69633K(69888K)->69633K(69888K)
[17.521s][info   ][gc,heap        ] GC(183) Tenured: 820787K(1398144K)->972341K(1398144K)
[17.521s][info   ][gc,metaspace   ] GC(183) Metaspace: 213K(448K)->213K(448K) NonClass: 204K(320K)->204K(320K) Class: 9K(128K)->9K(128K)
[17.521s][info   ][gc             ] GC(183) Pause Young (Allocation Failure) 1415M->1017M(1979M) 42.123ms
[17.521s][info   ][gc,cpu         ] GC(183) User=0.05s Sys=0.00s Real=0.04s
[17.599s][info   ][gc,start       ] GC(184) Pause Young (Allocation Failure)
[17.647s][info   ][gc,heap        ] GC(184) DefNew: 628607K(629120K)->69633K(629120K) Eden: 558974K(559232K)->0K(559232K) From: 69633K(69888K)->69633K(69888K)
[17.647s][info   ][gc,heap        ] GC(184) Tenured: 972341K(1398144K)->1136184K(1398144K)
[17.647s][info   ][gc,metaspace   ] GC(184) Metaspace: 213K(448K)->213K(448K) NonClass: 204K(320K)->204K(320K) Class: 9K(128K)->9K(128K)
[17.647s][info   ][gc             ] GC(184) Pause Young (Allocation Failure) 1563M->1177M(1979M) 48.009ms
[17.647s][info   ][gc,cpu         ] GC(184) User=0.05s Sys=0.00s Real=0.05s
[17.727s][info   ][gc,start       ] GC(185) Pause Young (Allocation Failure)
[17.774s][info   ][gc,heap        ] GC(185) DefNew: 628607K(629120K)->69633K(629120K) Eden: 558974K(559232K)->0K(559232K) From: 69633K(69888K)->69633K(69888K)
[17.774s][info   ][gc,heap        ] GC(185) Tenured: 1136184K(1398144K)->1308219K(1398144K)
[17.774s][info   ][gc,metaspace   ] GC(185) Metaspace: 213K(448K)->213K(448K) NonClass: 204K(320K)->204K(320K) Class: 9K(128K)->9K(128K)
[17.774s][info   ][gc             ] GC(185) Pause Young (Allocation Failure) 1723M->1345M(1979M) 46.706ms
[17.774s][info   ][gc,cpu         ] GC(185) User=0.05s Sys=0.00s Real=0.04s
[17.843s][info   ][gc,start       ] GC(186) Pause Young (Allocation Failure)
[17.843s][info   ][gc             ] GC(186) Pause Young (Allocation Failure) 1891M->1891M(1979M) 0.082ms
[17.843s][info   ][gc,cpu         ] GC(186) User=0.00s Sys=0.00s Real=0.00s
[17.844s][info   ][gc,start       ] GC(187) Pause Full (Allocation Failure)
[17.844s][info   ][gc,phases,start] GC(187) Phase 1: Mark live objects
[17.844s][info   ][gc,phases      ] GC(187) Phase 1: Mark live objects 0.864ms
[17.844s][info   ][gc,phases,start] GC(187) Phase 2: Compute new object addresses
[17.845s][info   ][gc,phases      ] GC(187) Phase 2: Compute new object addresses 0.390ms
[17.845s][info   ][gc,phases,start] GC(187) Phase 3: Adjust pointers
[17.845s][info   ][gc,phases      ] GC(187) Phase 3: Adjust pointers 0.355ms
[17.845s][info   ][gc,phases,start] GC(187) Phase 4: Move objects
[17.873s][info   ][gc,phases      ] GC(187) Phase 4: Move objects 27.538ms
[17.873s][info   ][gc,heap        ] GC(187) DefNew: 628607K(629120K)->0K(629120K) Eden: 558974K(559232K)->0K(559232K) From: 69633K(69888K)->0K(69888K)
[17.873s][info   ][gc,heap        ] GC(187) Tenured: 1308219K(1398144K)->243242K(1398144K)
[17.873s][info   ][gc,metaspace   ] GC(187) Metaspace: 213K(448K)->213K(448K) NonClass: 204K(320K)->204K(320K) Class: 9K(128K)->9K(128K)
[17.873s][info   ][gc             ] GC(187) Pause Full (Allocation Failure) 1891M->237M(1979M) 29.597ms
[17.873s][info   ][gc,cpu         ] GC(187) User=0.03s Sys=0.00s Real=0.03s
[17.942s][info   ][gc,start       ] GC(188) Pause Young (Allocation Failure)
[17.990s][info   ][gc,heap        ] GC(188) DefNew: 558974K(629120K)->69633K(629120K) Eden: 558974K(559232K)->0K(559232K) From: 0K(69888K)->69633K(69888K)
[17.990s][info   ][gc,heap        ] GC(188) Tenured: 243242K(1398144K)->440877K(1398144K)
[17.990s][info   ][gc,metaspace   ] GC(188) Metaspace: 213K(448K)->213K(448K) NonClass: 204K(320K)->204K(320K) Class: 9K(128K)->9K(128K)
[17.990s][info   ][gc             ] GC(188) Pause Young (Allocation Failure) 783M->498M(1979M) 47.287ms
[17.990s][info   ][gc,cpu         ] GC(188) User=0.05s Sys=0.00s Real=0.05s
[18.067s][info   ][gc,start       ] GC(189) Pause Young (Allocation Failure)
[18.125s][info   ][gc,heap        ] GC(189) DefNew: 628607K(629120K)->69633K(629120K) Eden: 558974K(559232K)->0K(559232K) From: 69633K(69888K)->69633K(69888K)
[18.125s][info   ][gc,heap        ] GC(189) Tenured: 440877K(1398144K)->647728K(1398144K)
[18.125s][info   ][gc,metaspace   ] GC(189) Metaspace: 213K(448K)->213K(448K) NonClass: 204K(320K)->204K(320K) Class: 9K(128K)->9K(128K)
[18.125s][info   ][gc             ] GC(189) Pause Young (Allocation Failure) 1044M->700M(1979M) 58.082ms
[18.125s][info   ][gc,cpu         ] GC(189) User=0.06s Sys=0.00s Real=0.06s
[18.203s][info   ][gc,start       ] GC(190) Pause Young (Allocation Failure)
[18.256s][info   ][gc,heap        ] GC(190) DefNew: 628607K(629120K)->69633K(629120K) Eden: 558974K(559232K)->0K(559232K) From: 69633K(69888K)->69633K(69888K)
[18.256s][info   ][gc,heap        ] GC(190) Tenured: 647728K(1398144K)->857652K(1398144K)
[18.256s][info   ][gc,metaspace   ] GC(190) Metaspace: 213K(448K)->213K(448K) NonClass: 204K(320K)->204K(320K) Class: 9K(128K)->9K(128K)
[18.256s][info   ][gc             ] GC(190) Pause Young (Allocation Failure) 1246M->905M(1979M) 53.539ms
[18.256s][info   ][gc,cpu         ] GC(190) User=0.05s Sys=0.00s Real=0.06s
[18.333s][info   ][gc,start       ] GC(191) Pause Young (Allocation Failure)
[18.382s][info   ][gc,heap        ] GC(191) DefNew: 628607K(629120K)->69633K(629120K) Eden: 558974K(559232K)->0K(559232K) From: 69633K(69888K)->69633K(69888K)
[18.382s][info   ][gc,heap        ] GC(191) Tenured: 857652K(1398144K)->1055287K(1398144K)
[18.382s][info   ][gc,metaspace   ] GC(191) Metaspace: 213K(448K)->213K(448K) NonClass: 204K(320K)->204K(320K) Class: 9K(128K)->9K(128K)
[18.382s][info   ][gc             ] GC(191) Pause Young (Allocation Failure) 1451M->1098M(1979M) 48.431ms
[18.382s][info   ][gc,cpu         ] GC(191) User=0.05s Sys=0.00s Real=0.05s
[18.460s][info   ][gc,start       ] GC(192) Pause Young (Allocation Failure)
[18.517s][info   ][gc,heap        ] GC(192) DefNew: 628607K(629120K)->69633K(629120K) Eden: 558974K(559232K)->0K(559232K) From: 69633K(69888K)->69633K(69888K)
[18.517s][info   ][gc,heap        ] GC(192) Tenured: 1055287K(1398144K)->1285690K(1398144K)
[18.517s][info   ][gc,metaspace   ] GC(192) Metaspace: 213K(448K)->213K(448K) NonClass: 204K(320K)->204K(320K) Class: 9K(128K)->9K(128K)
[18.517s][info   ][gc             ] GC(192) Pause Young (Allocation Failure) 1644M->1323M(1979M) 56.842ms
[18.517s][info   ][gc,cpu         ] GC(192) User=0.05s Sys=0.00s Real=0.06s
[18.593s][info   ][gc,start       ] GC(193) Pause Young (Allocation Failure)
[18.593s][info   ][gc             ] GC(193) Pause Young (Allocation Failure) 1869M->1869M(1979M) 0.132ms
[18.593s][info   ][gc,cpu         ] GC(193) User=0.00s Sys=0.00s Real=0.00s
[18.593s][info   ][gc,start       ] GC(194) Pause Full (Allocation Failure)
[18.593s][info   ][gc,phases,start] GC(194) Phase 1: Mark live objects
[18.594s][info   ][gc,phases      ] GC(194) Phase 1: Mark live objects 1.299ms
[18.594s][info   ][gc,phases,start] GC(194) Phase 2: Compute new object addresses
[18.594s][info   ][gc,phases      ] GC(194) Phase 2: Compute new object addresses 0.444ms
[18.595s][info   ][gc,phases,start] GC(194) Phase 3: Adjust pointers
[18.595s][info   ][gc,phases      ] GC(194) Phase 3: Adjust pointers 0.464ms
[18.595s][info   ][gc,phases,start] GC(194) Phase 4: Move objects
[18.630s][info   ][gc,phases      ] GC(194) Phase 4: Move objects 34.997ms
[18.630s][info   ][gc,heap        ] GC(194) DefNew: 628607K(629120K)->0K(629120K) Eden: 558974K(559232K)->0K(559232K) From: 69633K(69888K)->0K(69888K)
[18.630s][info   ][gc,heap        ] GC(194) Tenured: 1285690K(1398144K)->299563K(1398144K)
[18.630s][info   ][gc,metaspace   ] GC(194) Metaspace: 213K(448K)->213K(448K) NonClass: 204K(320K)->204K(320K) Class: 9K(128K)->9K(128K)
[18.630s][info   ][gc             ] GC(194) Pause Full (Allocation Failure) 1869M->292M(1979M) 37.737ms
[18.630s][info   ][gc,cpu         ] GC(194) User=0.04s Sys=0.00s Real=0.04s
[18.710s][info   ][gc,start       ] GC(195) Pause Young (Allocation Failure)
[18.756s][info   ][gc,heap        ] GC(195) DefNew: 558974K(629120K)->69633K(629120K) Eden: 558974K(559232K)->0K(559232K) From: 0K(69888K)->69633K(69888K)
[18.756s][info   ][gc,heap        ] GC(195) Tenured: 299563K(1398144K)->469550K(1398144K)
[18.756s][info   ][gc,metaspace   ] GC(195) Metaspace: 213K(448K)->213K(448K) NonClass: 204K(320K)->204K(320K) Class: 9K(128K)->9K(128K)
[18.756s][info   ][gc             ] GC(195) Pause Young (Allocation Failure) 838M->526M(1979M) 45.985ms
[18.756s][info   ][gc,cpu         ] GC(195) User=0.04s Sys=0.00s Real=0.05s
[18.833s][info   ][gc,start       ] GC(196) Pause Young (Allocation Failure)
[18.883s][info   ][gc,heap        ] GC(196) DefNew: 628607K(629120K)->69633K(629120K) Eden: 558974K(559232K)->0K(559232K) From: 69633K(69888K)->69633K(69888K)
[18.883s][info   ][gc,heap        ] GC(196) Tenured: 469550K(1398144K)->663089K(1398144K)
[18.883s][info   ][gc,metaspace   ] GC(196) Metaspace: 213K(448K)->213K(448K) NonClass: 204K(320K)->204K(320K) Class: 9K(128K)->9K(128K)
[18.883s][info   ][gc             ] GC(196) Pause Young (Allocation Failure) 1072M->715M(1979M) 49.891ms
[18.883s][info   ][gc,cpu         ] GC(196) User=0.05s Sys=0.00s Real=0.05s
[18.959s][info   ][gc,start       ] GC(197) Pause Young (Allocation Failure)
[19.007s][info   ][gc,heap        ] GC(197) DefNew: 628607K(629120K)->69633K(629120K) Eden: 558974K(559232K)->0K(559232K) From: 69633K(69888K)->69633K(69888K)
[19.007s][info   ][gc,heap        ] GC(197) Tenured: 663089K(1398144K)->863796K(1398144K)
[19.007s][info   ][gc,metaspace   ] GC(197) Metaspace: 213K(448K)->213K(448K) NonClass: 204K(320K)->204K(320K) Class: 9K(128K)->9K(128K)
[19.007s][info   ][gc             ] GC(197) Pause Young (Allocation Failure) 1261M->911M(1979M) 48.065ms
[19.007s][info   ][gc,cpu         ] GC(197) User=0.05s Sys=0.00s Real=0.05s
[19.080s][info   ][gc,start       ] GC(198) Pause Young (Allocation Failure)
[19.123s][info   ][gc,heap        ] GC(198) DefNew: 628607K(629120K)->69633K(629120K) Eden: 558974K(559232K)->0K(559232K) From: 69633K(69888K)->69633K(69888K)
[19.123s][info   ][gc,heap        ] GC(198) Tenured: 863796K(1398144K)->1046071K(1398144K)
[19.123s][info   ][gc,metaspace   ] GC(198) Metaspace: 213K(448K)->213K(448K) NonClass: 204K(320K)->204K(320K) Class: 9K(128K)->9K(128K)
[19.123s][info   ][gc             ] GC(198) Pause Young (Allocation Failure) 1457M->1089M(1979M) 42.657ms
[19.123s][info   ][gc,cpu         ] GC(198) User=0.05s Sys=0.00s Real=0.04s
[19.193s][info   ][gc,start       ] GC(199) Pause Young (Allocation Failure)
[19.235s][info   ][gc,heap        ] GC(199) DefNew: 628607K(629120K)->69633K(629120K) Eden: 558974K(559232K)->0K(559232K) From: 69633K(69888K)->69633K(69888K)
[19.235s][info   ][gc,heap        ] GC(199) Tenured: 1046071K(1398144K)->1229369K(1398144K)
[19.235s][info   ][gc,metaspace   ] GC(199) Metaspace: 213K(448K)->213K(448K) NonClass: 204K(320K)->204K(320K) Class: 9K(128K)->9K(128K)
[19.235s][info   ][gc             ] GC(199) Pause Young (Allocation Failure) 1635M->1268M(1979M) 42.039ms
[19.235s][info   ][gc,cpu         ] GC(199) User=0.05s Sys=0.00s Real=0.05s
[19.306s][info   ][gc,start       ] GC(200) Pause Young (Allocation Failure)
[19.306s][info   ][gc             ] GC(200) Pause Young (Allocation Failure) 1814M->1814M(1979M) 0.091ms
[19.307s][info   ][gc,cpu         ] GC(200) User=0.00s Sys=0.00s Real=0.00s
[19.307s][info   ][gc,start       ] GC(201) Pause Full (Allocation Failure)
[19.307s][info   ][gc,phases,start] GC(201) Phase 1: Mark live objects
[19.307s][info   ][gc,phases      ] GC(201) Phase 1: Mark live objects 0.878ms
[19.307s][info   ][gc,phases,start] GC(201) Phase 2: Compute new object addresses
[19.308s][info   ][gc,phases      ] GC(201) Phase 2: Compute new object addresses 0.470ms
[19.308s][info   ][gc,phases,start] GC(201) Phase 3: Adjust pointers
[19.308s][info   ][gc,phases      ] GC(201) Phase 3: Adjust pointers 0.274ms
[19.308s][info   ][gc,phases,start] GC(201) Phase 4: Move objects
[19.336s][info   ][gc,phases      ] GC(201) Phase 4: Move objects 27.892ms
[19.336s][info   ][gc,heap        ] GC(201) DefNew: 628607K(629120K)->0K(629120K) Eden: 558974K(559232K)->0K(559232K) From: 69633K(69888K)->0K(69888K)
[19.336s][info   ][gc,heap        ] GC(201) Tenured: 1229369K(1398144K)->271915K(1398144K)
[19.336s][info   ][gc,metaspace   ] GC(201) Metaspace: 213K(448K)->213K(448K) NonClass: 204K(320K)->204K(320K) Class: 9K(128K)->9K(128K)
[19.336s][info   ][gc             ] GC(201) Pause Full (Allocation Failure) 1814M->265M(1979M) 29.894ms
[19.336s][info   ][gc,cpu         ] GC(201) User=0.03s Sys=0.00s Real=0.03s
[19.406s][info   ][gc,start       ] GC(202) Pause Young (Allocation Failure)
[19.442s][info   ][gc,heap        ] GC(202) DefNew: 558974K(629120K)->69633K(629120K) Eden: 558974K(559232K)->0K(559232K) From: 0K(69888K)->69633K(69888K)
[19.443s][info   ][gc,heap        ] GC(202) Tenured: 271915K(1398144K)->420397K(1398144K)
[19.443s][info   ][gc,metaspace   ] GC(202) Metaspace: 213K(448K)->213K(448K) NonClass: 204K(320K)->204K(320K) Class: 9K(128K)->9K(128K)
[19.443s][info   ][gc             ] GC(202) Pause Young (Allocation Failure) 811M->478M(1979M) 36.182ms
[19.443s][info   ][gc,cpu         ] GC(202) User=0.04s Sys=0.00s Real=0.03s
[19.513s][info   ][gc,start       ] GC(203) Pause Young (Allocation Failure)
[19.546s][info   ][gc,heap        ] GC(203) DefNew: 628607K(629120K)->69633K(629120K) Eden: 558974K(559232K)->0K(559232K) From: 69633K(69888K)->69633K(69888K)
[19.546s][info   ][gc,heap        ] GC(203) Tenured: 420397K(1398144K)->535087K(1398144K)
[19.546s][info   ][gc,metaspace   ] GC(203) Metaspace: 213K(448K)->213K(448K) NonClass: 204K(320K)->204K(320K) Class: 9K(128K)->9K(128K)
[19.546s][info   ][gc             ] GC(203) Pause Young (Allocation Failure) 1024M->590M(1979M) 32.997ms
[19.546s][info   ][gc,cpu         ] GC(203) User=0.03s Sys=0.00s Real=0.04s
[19.617s][info   ][gc,start       ] GC(204) Pause Young (Allocation Failure)
[19.649s][info   ][gc,heap        ] GC(204) DefNew: 628607K(629120K)->69633K(629120K) Eden: 558974K(559232K)->0K(559232K) From: 69633K(69888K)->69633K(69888K)
[19.649s][info   ][gc,heap        ] GC(204) Tenured: 535087K(1398144K)->650801K(1398144K)
[19.649s][info   ][gc,metaspace   ] GC(204) Metaspace: 213K(448K)->213K(448K) NonClass: 204K(320K)->204K(320K) Class: 9K(128K)->9K(128K)
[19.649s][info   ][gc             ] GC(204) Pause Young (Allocation Failure) 1136M->703M(1979M) 32.894ms
[19.649s][info   ][gc,cpu         ] GC(204) User=0.04s Sys=0.00s Real=0.03s
[19.719s][info   ][gc,start       ] GC(205) Pause Young (Allocation Failure)
[19.757s][info   ][gc,heap        ] GC(205) DefNew: 628607K(629120K)->69633K(629120K) Eden: 558974K(559232K)->0K(559232K) From: 69633K(69888K)->69633K(69888K)
[19.757s][info   ][gc,heap        ] GC(205) Tenured: 650801K(1398144K)->799283K(1398144K)
[19.757s][info   ][gc,metaspace   ] GC(205) Metaspace: 213K(448K)->213K(448K) NonClass: 204K(320K)->204K(320K) Class: 9K(128K)->9K(128K)
[19.757s][info   ][gc             ] GC(205) Pause Young (Allocation Failure) 1249M->848M(1979M) 38.634ms
[19.757s][info   ][gc,cpu         ] GC(205) User=0.04s Sys=0.00s Real=0.04s
[19.827s][info   ][gc,start       ] GC(206) Pause Young (Allocation Failure)
[19.870s][info   ][gc,heap        ] GC(206) DefNew: 628607K(629120K)->69633K(629120K) Eden: 558974K(559232K)->0K(559232K) From: 69633K(69888K)->69633K(69888K)
[19.870s][info   ][gc,heap        ] GC(206) Tenured: 799283K(1398144K)->976437K(1398144K)
[19.870s][info   ][gc,metaspace   ] GC(206) Metaspace: 213K(448K)->213K(448K) NonClass: 204K(320K)->204K(320K) Class: 9K(128K)->9K(128K)
[19.870s][info   ][gc             ] GC(206) Pause Young (Allocation Failure) 1394M->1021M(1979M) 43.309ms
[19.870s][info   ][gc,cpu         ] GC(206) User=0.04s Sys=0.00s Real=0.04s
[19.940s][info   ][gc,start       ] GC(207) Pause Young (Allocation Failure)
[19.984s][info   ][gc,heap        ] GC(207) DefNew: 628607K(629120K)->69633K(629120K) Eden: 558974K(559232K)->0K(559232K) From: 69633K(69888K)->69633K(69888K)
[19.984s][info   ][gc,heap        ] GC(207) Tenured: 976437K(1398144K)->1169976K(1398144K)
[19.984s][info   ][gc,metaspace   ] GC(207) Metaspace: 213K(448K)->213K(448K) NonClass: 204K(320K)->204K(320K) Class: 9K(128K)->9K(128K)
[19.984s][info   ][gc             ] GC(207) Pause Young (Allocation Failure) 1567M->1210M(1979M) 44.539ms
[19.984s][info   ][gc,cpu         ] GC(207) User=0.05s Sys=0.00s Real=0.04s
[20.052s][info   ][gc,start       ] GC(208) Pause Young (Allocation Failure)
[20.053s][info   ][gc             ] GC(208) Pause Young (Allocation Failure) 1756M->1756M(1979M) 0.144ms
[20.053s][info   ][gc,cpu         ] GC(208) User=0.00s Sys=0.00s Real=0.00s
[20.053s][info   ][gc,start       ] GC(209) Pause Full (Allocation Failure)
[20.053s][info   ][gc,phases,start] GC(209) Phase 1: Mark live objects
[20.053s][info   ][gc,phases      ] GC(209) Phase 1: Mark live objects 0.780ms
[20.053s][info   ][gc,phases,start] GC(209) Phase 2: Compute new object addresses
[20.054s][info   ][gc,phases      ] GC(209) Phase 2: Compute new object addresses 0.309ms
[20.054s][info   ][gc,phases,start] GC(209) Phase 3: Adjust pointers
[20.054s][info   ][gc,phases      ] GC(209) Phase 3: Adjust pointers 0.234ms
[20.054s][info   ][gc,phases,start] GC(209) Phase 4: Move objects
[20.080s][info   ][gc,phases      ] GC(209) Phase 4: Move objects 26.060ms
[20.080s][info   ][gc,heap        ] GC(209) DefNew: 628607K(629120K)->0K(629120K) Eden: 558974K(559232K)->0K(559232K) From: 69633K(69888K)->0K(69888K)
[20.080s][info   ][gc,heap        ] GC(209) Tenured: 1169976K(1398144K)->247338K(1398144K)
[20.080s][info   ][gc,metaspace   ] GC(209) Metaspace: 213K(448K)->213K(448K) NonClass: 204K(320K)->204K(320K) Class: 9K(128K)->9K(128K)
[20.080s][info   ][gc             ] GC(209) Pause Full (Allocation Failure) 1756M->241M(1979M) 27.731ms
[20.080s][info   ][gc,cpu         ] GC(209) User=0.03s Sys=0.00s Real=0.03s
[20.149s][info   ][gc,start       ] GC(210) Pause Young (Allocation Failure)
[20.185s][info   ][gc,heap        ] GC(210) DefNew: 558974K(629120K)->69633K(629120K) Eden: 558974K(559232K)->0K(559232K) From: 0K(69888K)->69633K(69888K)
[20.185s][info   ][gc,heap        ] GC(210) Tenured: 247338K(1398144K)->386604K(1398144K)
[20.185s][info   ][gc,metaspace   ] GC(210) Metaspace: 213K(448K)->213K(448K) NonClass: 204K(320K)->204K(320K) Class: 9K(128K)->9K(128K)
[20.185s][info   ][gc             ] GC(210) Pause Young (Allocation Failure) 787M->445M(1979M) 35.449ms
[20.185s][info   ][gc,cpu         ] GC(210) User=0.03s Sys=0.00s Real=0.04s
[20.253s][info   ][gc,start       ] GC(211) Pause Young (Allocation Failure)
[20.297s][info   ][gc,heap        ] GC(211) DefNew: 628607K(629120K)->69633K(629120K) Eden: 558974K(559232K)->0K(559232K) From: 69633K(69888K)->69633K(69888K)
[20.297s][info   ][gc,heap        ] GC(211) Tenured: 386604K(1398144K)->549423K(1398144K)
[20.297s][info   ][gc,metaspace   ] GC(211) Metaspace: 213K(448K)->213K(448K) NonClass: 204K(320K)->204K(320K) Class: 9K(128K)->9K(128K)
[20.297s][info   ][gc             ] GC(211) Pause Young (Allocation Failure) 991M->604M(1979M) 43.752ms
[20.297s][info   ][gc,cpu         ] GC(211) User=0.04s Sys=0.00s Real=0.05s
[20.375s][info   ][gc,start       ] GC(212) Pause Young (Allocation Failure)
[20.425s][info   ][gc,heap        ] GC(212) DefNew: 628607K(629120K)->69633K(629120K) Eden: 558974K(559232K)->0K(559232K) From: 69633K(69888K)->69633K(69888K)
[20.425s][info   ][gc,heap        ] GC(212) Tenured: 549423K(1398144K)->740914K(1398144K)
[20.425s][info   ][gc,metaspace   ] GC(212) Metaspace: 213K(448K)->213K(448K) NonClass: 204K(320K)->204K(320K) Class: 9K(128K)->9K(128K)
[20.425s][info   ][gc             ] GC(212) Pause Young (Allocation Failure) 1150M->791M(1979M) 50.371ms
[20.425s][info   ][gc,cpu         ] GC(212) User=0.05s Sys=0.00s Real=0.05s
[20.503s][info   ][gc,start       ] GC(213) Pause Young (Allocation Failure)
[20.546s][info   ][gc,heap        ] GC(213) DefNew: 628607K(629120K)->69633K(629120K) Eden: 558974K(559232K)->0K(559232K) From: 69633K(69888K)->69633K(69888K)
[20.546s][info   ][gc,heap        ] GC(213) Tenured: 740914K(1398144K)->871988K(1398144K)
[20.546s][info   ][gc,metaspace   ] GC(213) Metaspace: 213K(448K)->213K(448K) NonClass: 204K(320K)->204K(320K) Class: 9K(128K)->9K(128K)
[20.546s][info   ][gc             ] GC(213) Pause Young (Allocation Failure) 1337M->919M(1979M) 43.074ms
[20.546s][info   ][gc,cpu         ] GC(213) User=0.04s Sys=0.00s Real=0.05s
[20.624s][info   ][gc,start       ] GC(214) Pause Young (Allocation Failure)
[20.657s][info   ][gc,heap        ] GC(214) DefNew: 628607K(629120K)->69633K(629120K) Eden: 558974K(559232K)->0K(559232K) From: 69633K(69888K)->69633K(69888K)
[20.657s][info   ][gc,heap        ] GC(214) Tenured: 871988K(1398144K)->984630K(1398144K)
[20.657s][info   ][gc,metaspace   ] GC(214) Metaspace: 213K(448K)->213K(448K) NonClass: 204K(320K)->204K(320K) Class: 9K(128K)->9K(128K)
[20.657s][info   ][gc             ] GC(214) Pause Young (Allocation Failure) 1465M->1029M(1979M) 33.569ms
[20.657s][info   ][gc,cpu         ] GC(214) User=0.03s Sys=0.00s Real=0.04s
[20.733s][info   ][gc,start       ] GC(215) Pause Young (Allocation Failure)
[20.767s][info   ][gc,heap        ] GC(215) DefNew: 628607K(629120K)->69633K(629120K) Eden: 558974K(559232K)->0K(559232K) From: 69633K(69888K)->69633K(69888K)
[20.767s][info   ][gc,heap        ] GC(215) Tenured: 984630K(1398144K)->1098295K(1398144K)
[20.767s][info   ][gc,metaspace   ] GC(215) Metaspace: 213K(448K)->213K(448K) NonClass: 204K(320K)->204K(320K) Class: 9K(128K)->9K(128K)
[20.767s][info   ][gc             ] GC(215) Pause Young (Allocation Failure) 1575M->1140M(1979M) 34.151ms
[20.767s][info   ][gc,cpu         ] GC(215) User=0.04s Sys=0.00s Real=0.04s
[20.845s][info   ][gc,start       ] GC(216) Pause Young (Allocation Failure)
[20.876s][info   ][gc,heap        ] GC(216) DefNew: 628607K(629120K)->69633K(629120K) Eden: 558974K(559232K)->0K(559232K) From: 69633K(69888K)->69633K(69888K)
[20.876s][info   ][gc,heap        ] GC(216) Tenured: 1098295K(1398144K)->1201721K(1398144K)
[20.876s][info   ][gc,metaspace   ] GC(216) Metaspace: 213K(448K)->213K(448K) NonClass: 204K(320K)->204K(320K) Class: 9K(128K)->9K(128K)
[20.876s][info   ][gc             ] GC(216) Pause Young (Allocation Failure) 1686M->1241M(1979M) 31.507ms
[20.877s][info   ][gc,cpu         ] GC(216) User=0.03s Sys=0.00s Real=0.03s
[20.953s][info   ][gc,start       ] GC(217) Pause Young (Allocation Failure)
[20.954s][info   ][gc             ] GC(217) Pause Young (Allocation Failure) 1787M->1787M(1979M) 0.204ms
[20.954s][info   ][gc,cpu         ] GC(217) User=0.00s Sys=0.00s Real=0.00s
[20.954s][info   ][gc,start       ] GC(218) Pause Full (Allocation Failure)
[20.954s][info   ][gc,phases,start] GC(218) Phase 1: Mark live objects
[20.955s][info   ][gc,phases      ] GC(218) Phase 1: Mark live objects 1.003ms
[20.955s][info   ][gc,phases,start] GC(218) Phase 2: Compute new object addresses
[20.955s][info   ][gc,phases      ] GC(218) Phase 2: Compute new object addresses 0.460ms
[20.955s][info   ][gc,phases,start] GC(218) Phase 3: Adjust pointers
[20.956s][info   ][gc,phases      ] GC(218) Phase 3: Adjust pointers 0.527ms
[20.956s][info   ][gc,phases,start] GC(218) Phase 4: Move objects
[20.987s][info   ][gc,phases      ] GC(218) Phase 4: Move objects 31.046ms
[20.987s][info   ][gc,heap        ] GC(218) DefNew: 628607K(629120K)->0K(629120K) Eden: 558974K(559232K)->0K(559232K) From: 69633K(69888K)->0K(69888K)
[20.987s][info   ][gc,heap        ] GC(218) Tenured: 1201721K(1398144K)->209450K(1398144K)
[20.987s][info   ][gc,metaspace   ] GC(218) Metaspace: 213K(448K)->213K(448K) NonClass: 204K(320K)->204K(320K) Class: 9K(128K)->9K(128K)
[20.987s][info   ][gc             ] GC(218) Pause Full (Allocation Failure) 1787M->204M(1979M) 33.400ms
[20.987s][info   ][gc,cpu         ] GC(218) User=0.04s Sys=0.00s Real=0.04s
[21.059s][info   ][gc,start       ] GC(219) Pause Young (Allocation Failure)
[21.098s][info   ][gc,heap        ] GC(219) DefNew: 558974K(629120K)->69633K(629120K) Eden: 558974K(559232K)->0K(559232K) From: 0K(69888K)->69633K(69888K)
[21.098s][info   ][gc,heap        ] GC(219) Tenured: 209450K(1398144K)->371244K(1398144K)
[21.098s][info   ][gc,metaspace   ] GC(219) Metaspace: 213K(448K)->213K(448K) NonClass: 204K(320K)->204K(320K) Class: 9K(128K)->9K(128K)
[21.098s][info   ][gc             ] GC(219) Pause Young (Allocation Failure) 750M->430M(1979M) 38.329ms
[21.098s][info   ][gc,cpu         ] GC(219) User=0.04s Sys=0.00s Real=0.04s
[21.167s][info   ][gc,start       ] GC(220) Pause Young (Allocation Failure)
[21.196s][info   ][gc,heap        ] GC(220) DefNew: 628607K(629120K)->69633K(629120K) Eden: 558974K(559232K)->0K(559232K) From: 69633K(69888K)->69633K(69888K)
[21.196s][info   ][gc,heap        ] GC(220) Tenured: 371244K(1398144K)->479790K(1398144K)
[21.196s][info   ][gc,metaspace   ] GC(220) Metaspace: 213K(448K)->213K(448K) NonClass: 204K(320K)->204K(320K) Class: 9K(128K)->9K(128K)
[21.196s][info   ][gc             ] GC(220) Pause Young (Allocation Failure) 976M->536M(1979M) 29.251ms
[21.196s][info   ][gc,cpu         ] GC(220) User=0.03s Sys=0.00s Real=0.03s
[21.265s][info   ][gc,start       ] GC(221) Pause Young (Allocation Failure)
[21.295s][info   ][gc,heap        ] GC(221) DefNew: 628607K(629120K)->69633K(629120K) Eden: 558974K(559232K)->0K(559232K) From: 69633K(69888K)->69633K(69888K)
[21.295s][info   ][gc,heap        ] GC(221) Tenured: 479790K(1398144K)->582191K(1398144K)
[21.295s][info   ][gc,metaspace   ] GC(221) Metaspace: 213K(448K)->213K(448K) NonClass: 204K(320K)->204K(320K) Class: 9K(128K)->9K(128K)
[21.295s][info   ][gc             ] GC(221) Pause Young (Allocation Failure) 1082M->636M(1979M) 29.688ms
[21.295s][info   ][gc,cpu         ] GC(221) User=0.03s Sys=0.00s Real=0.03s
[21.370s][info   ][gc,start       ] GC(222) Pause Young (Allocation Failure)
[21.403s][info   ][gc,heap        ] GC(222) DefNew: 628607K(629120K)->69633K(629120K) Eden: 558974K(559232K)->0K(559232K) From: 69633K(69888K)->69633K(69888K)
[21.403s][info   ][gc,heap        ] GC(222) Tenured: 582191K(1398144K)->685617K(1398144K)
[21.403s][info   ][gc,metaspace   ] GC(222) Metaspace: 213K(448K)->213K(448K) NonClass: 204K(320K)->204K(320K) Class: 9K(128K)->9K(128K)
[21.403s][info   ][gc             ] GC(222) Pause Young (Allocation Failure) 1182M->737M(1979M) 33.799ms
[21.403s][info   ][gc,cpu         ] GC(222) User=0.03s Sys=0.00s Real=0.03s
[21.481s][info   ][gc,start       ] GC(223) Pause Young (Allocation Failure)
[21.518s][info   ][gc,heap        ] GC(223) DefNew: 628607K(629120K)->69633K(629120K) Eden: 558974K(559232K)->0K(559232K) From: 69633K(69888K)->69633K(69888K)
[21.518s][info   ][gc,heap        ] GC(223) Tenured: 685617K(1398144K)->808499K(1398144K)
[21.518s][info   ][gc,metaspace   ] GC(223) Metaspace: 213K(448K)->213K(448K) NonClass: 204K(320K)->204K(320K) Class: 9K(128K)->9K(128K)
[21.518s][info   ][gc             ] GC(223) Pause Young (Allocation Failure) 1283M->857M(1979M) 37.231ms
[21.518s][info   ][gc,cpu         ] GC(223) User=0.04s Sys=0.00s Real=0.04s
[21.595s][info   ][gc,start       ] GC(224) Pause Young (Allocation Failure)
[21.638s][info   ][gc,heap        ] GC(224) DefNew: 628607K(629120K)->69633K(629120K) Eden: 558974K(559232K)->0K(559232K) From: 69633K(69888K)->69633K(69888K)
[21.639s][info   ][gc,heap        ] GC(224) Tenured: 808499K(1398144K)->959029K(1398144K)
[21.639s][info   ][gc,metaspace   ] GC(224) Metaspace: 213K(448K)->213K(448K) NonClass: 204K(320K)->204K(320K) Class: 9K(128K)->9K(128K)
[21.639s][info   ][gc             ] GC(224) Pause Young (Allocation Failure) 1403M->1004M(1979M) 43.094ms
[21.639s][info   ][gc,cpu         ] GC(224) User=0.04s Sys=0.00s Real=0.04s
[21.719s][info   ][gc,start       ] GC(225) Pause Young (Allocation Failure)
[21.769s][info   ][gc,heap        ] GC(225) DefNew: 628607K(629120K)->69633K(629120K) Eden: 558974K(559232K)->0K(559232K) From: 69633K(69888K)->69633K(69888K)
[21.769s][info   ][gc,heap        ] GC(225) Tenured: 959029K(1398144K)->1161784K(1398144K)
[21.769s][info   ][gc,metaspace   ] GC(225) Metaspace: 213K(448K)->213K(448K) NonClass: 204K(320K)->204K(320K) Class: 9K(128K)->9K(128K)
[21.769s][info   ][gc             ] GC(225) Pause Young (Allocation Failure) 1550M->1202M(1979M) 50.178ms
[21.769s][info   ][gc,cpu         ] GC(225) User=0.05s Sys=0.01s Real=0.05s
[21.844s][info   ][gc,start       ] GC(226) Pause Young (Allocation Failure)
[21.920s][info   ][gc,promotion   ] GC(226) Promotion failed
[21.920s][info   ][gc             ] GC(226) Pause Young (Allocation Failure) 1748M->1978M(1979M) 75.342ms
[21.920s][info   ][gc,cpu         ] GC(226) User=0.06s Sys=0.02s Real=0.07s
[21.920s][info   ][gc,start       ] GC(227) Pause Full (Allocation Failure)
[21.920s][info   ][gc,phases,start] GC(227) Phase 1: Mark live objects
[21.920s][info   ][gc,phases      ] GC(227) Phase 1: Mark live objects 0.676ms
[21.920s][info   ][gc,phases,start] GC(227) Phase 2: Compute new object addresses
[21.921s][info   ][gc,phases      ] GC(227) Phase 2: Compute new object addresses 0.294ms
[21.921s][info   ][gc,phases,start] GC(227) Phase 3: Adjust pointers
[21.921s][info   ][gc,phases      ] GC(227) Phase 3: Adjust pointers 0.223ms
[21.921s][info   ][gc,phases,start] GC(227) Phase 4: Move objects
[21.955s][info   ][gc,phases      ] GC(227) Phase 4: Move objects 33.858ms
[21.955s][info   ][gc,heap        ] GC(227) DefNew: 628607K(629120K)->0K(629120K) Eden: 558974K(559232K)->0K(559232K) From: 69633K(69888K)->0K(69888K)
[21.955s][info   ][gc,heap        ] GC(227) Tenured: 1161784K(1398144K)->362028K(1398144K)
[21.955s][info   ][gc,metaspace   ] GC(227) Metaspace: 213K(448K)->213K(448K) NonClass: 204K(320K)->204K(320K) Class: 9K(128K)->9K(128K)
[21.955s][info   ][gc             ] GC(227) Pause Full (Allocation Failure) 1978M->353M(1979M) 35.428ms
[21.955s][info   ][gc,cpu         ] GC(227) User=0.03s Sys=0.00s Real=0.04s
[22.023s][info   ][gc,start       ] GC(228) Pause Young (Allocation Failure)
[22.096s][info   ][gc,heap        ] GC(228) DefNew: 558974K(629120K)->69633K(629120K) Eden: 558974K(559232K)->0K(559232K) From: 0K(69888K)->69633K(69888K)
[22.096s][info   ][gc,heap        ] GC(228) Tenured: 362028K(1398144K)->565807K(1398144K)
[22.096s][info   ][gc,metaspace   ] GC(228) Metaspace: 213K(448K)->213K(448K) NonClass: 204K(320K)->204K(320K) Class: 9K(128K)->9K(128K)
[22.096s][info   ][gc             ] GC(228) Pause Young (Allocation Failure) 899M->620M(1979M) 72.726ms
[22.096s][info   ][gc,cpu         ] GC(228) User=0.07s Sys=0.00s Real=0.08s
[22.180s][info   ][gc,start       ] GC(229) Pause Young (Allocation Failure)
[22.241s][info   ][gc,heap        ] GC(229) DefNew: 628607K(629120K)->69633K(629120K) Eden: 558974K(559232K)->0K(559232K) From: 69633K(69888K)->69633K(69888K)
[22.241s][info   ][gc,heap        ] GC(229) Tenured: 565807K(1398144K)->784947K(1398144K)
[22.241s][info   ][gc,metaspace   ] GC(229) Metaspace: 213K(448K)->213K(448K) NonClass: 204K(320K)->204K(320K) Class: 9K(128K)->9K(128K)
[22.241s][info   ][gc             ] GC(229) Pause Young (Allocation Failure) 1166M->834M(1979M) 61.449ms
[22.241s][info   ][gc,cpu         ] GC(229) User=0.06s Sys=0.00s Real=0.06s
[22.318s][info   ][gc,start       ] GC(230) Pause Young (Allocation Failure)
[22.369s][info   ][gc,heap        ] GC(230) DefNew: 628607K(629120K)->69633K(629120K) Eden: 558974K(559232K)->0K(559232K) From: 69633K(69888K)->69633K(69888K)
[22.370s][info   ][gc,heap        ] GC(230) Tenured: 784947K(1398144K)->967221K(1398144K)
[22.370s][info   ][gc,metaspace   ] GC(230) Metaspace: 213K(448K)->213K(448K) NonClass: 204K(320K)->204K(320K) Class: 9K(128K)->9K(128K)
[22.370s][info   ][gc             ] GC(230) Pause Young (Allocation Failure) 1380M->1012M(1979M) 51.548ms
[22.370s][info   ][gc,cpu         ] GC(230) User=0.05s Sys=0.00s Real=0.05s
[22.442s][info   ][gc,start       ] GC(231) Pause Young (Allocation Failure)
[22.476s][info   ][gc,heap        ] GC(231) DefNew: 628607K(629120K)->69633K(629120K) Eden: 558974K(559232K)->0K(559232K) From: 69633K(69888K)->69633K(69888K)
[22.476s][info   ][gc,heap        ] GC(231) Tenured: 967221K(1398144K)->1092151K(1398144K)
[22.476s][info   ][gc,metaspace   ] GC(231) Metaspace: 213K(448K)->213K(448K) NonClass: 204K(320K)->204K(320K) Class: 9K(128K)->9K(128K)
[22.476s][info   ][gc             ] GC(231) Pause Young (Allocation Failure) 1558M->1134M(1979M) 34.089ms
[22.476s][info   ][gc,cpu         ] GC(231) User=0.03s Sys=0.00s Real=0.04s
[22.547s][info   ][gc,start       ] GC(232) Pause Young (Allocation Failure)
[22.574s][info   ][gc,heap        ] GC(232) DefNew: 628607K(629120K)->69633K(629120K) Eden: 558974K(559232K)->0K(559232K) From: 69633K(69888K)->69633K(69888K)
[22.574s][info   ][gc,heap        ] GC(232) Tenured: 1092151K(1398144K)->1182265K(1398144K)
[22.574s][info   ][gc,metaspace   ] GC(232) Metaspace: 213K(448K)->213K(448K) NonClass: 204K(320K)->204K(320K) Class: 9K(128K)->9K(128K)
[22.574s][info   ][gc             ] GC(232) Pause Young (Allocation Failure) 1680M->1222M(1979M) 27.659ms
[22.574s][info   ][gc,cpu         ] GC(232) User=0.03s Sys=0.00s Real=0.03s
[22.644s][info   ][gc,start       ] GC(233) Pause Young (Allocation Failure)
[22.645s][info   ][gc             ] GC(233) Pause Young (Allocation Failure) 1768M->1768M(1979M) 0.095ms
[22.645s][info   ][gc,cpu         ] GC(233) User=0.00s Sys=0.00s Real=0.00s
[22.645s][info   ][gc,start       ] GC(234) Pause Full (Allocation Failure)
[22.645s][info   ][gc,phases,start] GC(234) Phase 1: Mark live objects
[22.646s][info   ][gc,phases      ] GC(234) Phase 1: Mark live objects 1.202ms
[22.646s][info   ][gc,phases,start] GC(234) Phase 2: Compute new object addresses
[22.646s][info   ][gc,phases      ] GC(234) Phase 2: Compute new object addresses 0.419ms
[22.646s][info   ][gc,phases,start] GC(234) Phase 3: Adjust pointers
[22.647s][info   ][gc,phases      ] GC(234) Phase 3: Adjust pointers 0.264ms
[22.647s][info   ][gc,phases,start] GC(234) Phase 4: Move objects
[22.674s][info   ][gc,phases      ] GC(234) Phase 4: Move objects 27.819ms
[22.675s][info   ][gc,heap        ] GC(234) DefNew: 628607K(629120K)->0K(629120K) Eden: 558974K(559232K)->0K(559232K) From: 69633K(69888K)->0K(69888K)
[22.675s][info   ][gc,heap        ] GC(234) Tenured: 1182265K(1398144K)->203306K(1398144K)
[22.675s][info   ][gc,metaspace   ] GC(234) Metaspace: 213K(448K)->213K(448K) NonClass: 204K(320K)->204K(320K) Class: 9K(128K)->9K(128K)
[22.675s][info   ][gc             ] GC(234) Pause Full (Allocation Failure) 1768M->198M(1979M) 30.100ms
[22.675s][info   ][gc,cpu         ] GC(234) User=0.03s Sys=0.00s Real=0.03s
[22.744s][info   ][gc,start       ] GC(235) Pause Young (Allocation Failure)
[22.771s][info   ][gc,heap        ] GC(235) DefNew: 558974K(629120K)->69633K(629120K) Eden: 558974K(559232K)->0K(559232K) From: 0K(69888K)->69633K(69888K)
[22.771s][info   ][gc,heap        ] GC(235) Tenured: 203306K(1398144K)->298539K(1398144K)
[22.771s][info   ][gc,metaspace   ] GC(235) Metaspace: 213K(448K)->213K(448K) NonClass: 204K(320K)->204K(320K) Class: 9K(128K)->9K(128K)
[22.771s][info   ][gc             ] GC(235) Pause Young (Allocation Failure) 744M->359M(1979M) 27.542ms
[22.771s][info   ][gc,cpu         ] GC(235) User=0.03s Sys=0.00s Real=0.03s
[22.838s][info   ][gc,start       ] GC(236) Pause Young (Allocation Failure)
[22.873s][info   ][gc,heap        ] GC(236) DefNew: 628607K(629120K)->69633K(629120K) Eden: 558974K(559232K)->0K(559232K) From: 69633K(69888K)->69633K(69888K)
[22.873s][info   ][gc,heap        ] GC(236) Tenured: 298539K(1398144K)->428589K(1398144K)
[22.873s][info   ][gc,metaspace   ] GC(236) Metaspace: 213K(448K)->213K(448K) NonClass: 204K(320K)->204K(320K) Class: 9K(128K)->9K(128K)
[22.874s][info   ][gc             ] GC(236) Pause Young (Allocation Failure) 905M->486M(1979M) 35.200ms
[22.874s][info   ][gc,cpu         ] GC(236) User=0.03s Sys=0.00s Real=0.03s
[22.942s][info   ][gc,start       ] GC(237) Pause Young (Allocation Failure)
[22.969s][info   ][gc,heap        ] GC(237) DefNew: 628607K(629120K)->69633K(629120K) Eden: 558974K(559232K)->0K(559232K) From: 69633K(69888K)->69633K(69888K)
[22.969s][info   ][gc,heap        ] GC(237) Tenured: 428589K(1398144K)->533039K(1398144K)
[22.969s][info   ][gc,metaspace   ] GC(237) Metaspace: 213K(448K)->213K(448K) NonClass: 204K(320K)->204K(320K) Class: 9K(128K)->9K(128K)
[22.969s][info   ][gc             ] GC(237) Pause Young (Allocation Failure) 1032M->588M(1979M) 27.528ms
[22.969s][info   ][gc,cpu         ] GC(237) User=0.02s Sys=0.00s Real=0.03s
[23.038s][info   ][gc,start       ] GC(238) Pause Young (Allocation Failure)
[23.064s][info   ][gc,heap        ] GC(238) DefNew: 628607K(629120K)->69633K(629120K) Eden: 558974K(559232K)->0K(559232K) From: 69633K(69888K)->69633K(69888K)
[23.064s][info   ][gc,heap        ] GC(238) Tenured: 533039K(1398144K)->622128K(1398144K)
[23.064s][info   ][gc,metaspace   ] GC(238) Metaspace: 213K(448K)->213K(448K) NonClass: 204K(320K)->204K(320K) Class: 9K(128K)->9K(128K)
[23.064s][info   ][gc             ] GC(238) Pause Young (Allocation Failure) 1134M->675M(1979M) 25.785ms
[23.064s][info   ][gc,cpu         ] GC(238) User=0.02s Sys=0.00s Real=0.02s
[23.132s][info   ][gc,start       ] GC(239) Pause Young (Allocation Failure)
[23.168s][info   ][gc,heap        ] GC(239) DefNew: 628607K(629120K)->69633K(629120K) Eden: 558974K(559232K)->0K(559232K) From: 69633K(69888K)->69633K(69888K)
[23.168s][info   ][gc,heap        ] GC(239) Tenured: 622128K(1398144K)->770610K(1398144K)
[23.168s][info   ][gc,metaspace   ] GC(239) Metaspace: 213K(448K)->213K(448K) NonClass: 204K(320K)->204K(320K) Class: 9K(128K)->9K(128K)
[23.168s][info   ][gc             ] GC(239) Pause Young (Allocation Failure) 1221M->820M(1979M) 36.480ms
[23.168s][info   ][gc,cpu         ] GC(239) User=0.04s Sys=0.00s Real=0.04s
[23.237s][info   ][gc,start       ] GC(240) Pause Young (Allocation Failure)
[23.279s][info   ][gc,heap        ] GC(240) DefNew: 628607K(629120K)->69633K(629120K) Eden: 558974K(559232K)->0K(559232K) From: 69633K(69888K)->69633K(69888K)
[23.279s][info   ][gc,heap        ] GC(240) Tenured: 770610K(1398144K)->944693K(1398144K)
[23.279s][info   ][gc,metaspace   ] GC(240) Metaspace: 213K(448K)->213K(448K) NonClass: 204K(320K)->204K(320K) Class: 9K(128K)->9K(128K)
[23.279s][info   ][gc             ] GC(240) Pause Young (Allocation Failure) 1366M->990M(1979M) 41.913ms
[23.279s][info   ][gc,cpu         ] GC(240) User=0.04s Sys=0.00s Real=0.04s
[23.352s][info   ][gc,start       ] GC(241) Pause Young (Allocation Failure)
[23.393s][info   ][gc,heap        ] GC(241) DefNew: 628607K(629120K)->69633K(629120K) Eden: 558974K(559232K)->0K(559232K) From: 69633K(69888K)->69633K(69888K)
[23.393s][info   ][gc,heap        ] GC(241) Tenured: 944693K(1398144K)->1109560K(1398144K)
[23.393s][info   ][gc,metaspace   ] GC(241) Metaspace: 213K(448K)->213K(448K) NonClass: 204K(320K)->204K(320K) Class: 9K(128K)->9K(128K)
[23.393s][info   ][gc             ] GC(241) Pause Young (Allocation Failure) 1536M->1151M(1979M) 40.904ms
[23.393s][info   ][gc,cpu         ] GC(241) User=0.04s Sys=0.00s Real=0.04s
[23.466s][info   ][gc,start       ] GC(242) Pause Young (Allocation Failure)
[23.515s][info   ][gc,heap        ] GC(242) DefNew: 628607K(629120K)->69633K(629120K) Eden: 558974K(559232K)->0K(559232K) From: 69633K(69888K)->69633K(69888K)
[23.515s][info   ][gc,heap        ] GC(242) Tenured: 1109560K(1398144K)->1321531K(1398144K)
[23.515s][info   ][gc,metaspace   ] GC(242) Metaspace: 213K(448K)->213K(448K) NonClass: 204K(320K)->204K(320K) Class: 9K(128K)->9K(128K)
[23.515s][info   ][gc             ] GC(242) Pause Young (Allocation Failure) 1697M->1358M(1979M) 48.660ms
[23.515s][info   ][gc,cpu         ] GC(242) User=0.05s Sys=0.00s Real=0.05s
[23.586s][info   ][gc,start       ] GC(243) Pause Young (Allocation Failure)
[23.586s][info   ][gc             ] GC(243) Pause Young (Allocation Failure) 1904M->1904M(1979M) 0.105ms
[23.586s][info   ][gc,cpu         ] GC(243) User=0.00s Sys=0.00s Real=0.00s
[23.586s][info   ][gc,start       ] GC(244) Pause Full (Allocation Failure)
[23.586s][info   ][gc,phases,start] GC(244) Phase 1: Mark live objects
[23.587s][info   ][gc,phases      ] GC(244) Phase 1: Mark live objects 0.866ms
[23.587s][info   ][gc,phases,start] GC(244) Phase 2: Compute new object addresses
[23.587s][info   ][gc,phases      ] GC(244) Phase 2: Compute new object addresses 0.336ms
[23.587s][info   ][gc,phases,start] GC(244) Phase 3: Adjust pointers
[23.588s][info   ][gc,phases      ] GC(244) Phase 3: Adjust pointers 0.355ms
[23.588s][info   ][gc,phases,start] GC(244) Phase 4: Move objects
[23.627s][info   ][gc,phases      ] GC(244) Phase 4: Move objects 39.577ms
[23.628s][info   ][gc,heap        ] GC(244) DefNew: 628607K(629120K)->0K(629120K) Eden: 558974K(559232K)->0K(559232K) From: 69633K(69888K)->0K(69888K)
[23.628s][info   ][gc,heap        ] GC(244) Tenured: 1321531K(1398144K)->340524K(1398144K)
[23.628s][info   ][gc,metaspace   ] GC(244) Metaspace: 213K(448K)->213K(448K) NonClass: 204K(320K)->204K(320K) Class: 9K(128K)->9K(128K)
[23.628s][info   ][gc             ] GC(244) Pause Full (Allocation Failure) 1904M->332M(1979M) 41.540ms
[23.628s][info   ][gc,cpu         ] GC(244) User=0.04s Sys=0.00s Real=0.04s
[23.699s][info   ][gc,start       ] GC(245) Pause Young (Allocation Failure)
[23.747s][info   ][gc,heap        ] GC(245) DefNew: 558974K(629120K)->69633K(629120K) Eden: 558974K(559232K)->0K(559232K) From: 0K(69888K)->69633K(69888K)
[23.747s][info   ][gc,heap        ] GC(245) Tenured: 340524K(1398144K)->554543K(1398144K)
[23.747s][info   ][gc,metaspace   ] GC(245) Metaspace: 213K(448K)->213K(448K) NonClass: 204K(320K)->204K(320K) Class: 9K(128K)->9K(128K)
[23.747s][info   ][gc             ] GC(245) Pause Young (Allocation Failure) 878M->609M(1979M) 47.841ms
[23.747s][info   ][gc,cpu         ] GC(245) User=0.05s Sys=0.00s Real=0.05s
[23.818s][info   ][gc,start       ] GC(246) Pause Young (Allocation Failure)
[23.863s][info   ][gc,heap        ] GC(246) DefNew: 628607K(629120K)->69633K(629120K) Eden: 558974K(559232K)->0K(559232K) From: 69633K(69888K)->69633K(69888K)
[23.863s][info   ][gc,heap        ] GC(246) Tenured: 554543K(1398144K)->762418K(1398144K)
[23.863s][info   ][gc,metaspace   ] GC(246) Metaspace: 213K(448K)->213K(448K) NonClass: 204K(320K)->204K(320K) Class: 9K(128K)->9K(128K)
[23.863s][info   ][gc             ] GC(246) Pause Young (Allocation Failure) 1155M->812M(1979M) 45.017ms
[23.863s][info   ][gc,cpu         ] GC(246) User=0.05s Sys=0.00s Real=0.04s
[23.933s][info   ][gc,start       ] GC(247) Pause Young (Allocation Failure)
[23.984s][info   ][gc,heap        ] GC(247) DefNew: 628607K(629120K)->69633K(629120K) Eden: 558974K(559232K)->0K(559232K) From: 69633K(69888K)->69633K(69888K)
[23.984s][info   ][gc,heap        ] GC(247) Tenured: 762418K(1398144K)->980534K(1398144K)
[23.984s][info   ][gc,metaspace   ] GC(247) Metaspace: 213K(448K)->213K(448K) NonClass: 204K(320K)->204K(320K) Class: 9K(128K)->9K(128K)
[23.984s][info   ][gc             ] GC(247) Pause Young (Allocation Failure) 1358M->1025M(1979M) 50.753ms
[23.984s][info   ][gc,cpu         ] GC(247) User=0.05s Sys=0.00s Real=0.05s
[24.053s][info   ][gc,start       ] GC(248) Pause Young (Allocation Failure)
[24.100s][info   ][gc,heap        ] GC(248) DefNew: 628607K(629120K)->69633K(629120K) Eden: 558974K(559232K)->0K(559232K) From: 69633K(69888K)->69633K(69888K)
[24.100s][info   ][gc,heap        ] GC(248) Tenured: 980534K(1398144K)->1193529K(1398144K)
[24.100s][info   ][gc,metaspace   ] GC(248) Metaspace: 213K(448K)->213K(448K) NonClass: 204K(320K)->204K(320K) Class: 9K(128K)->9K(128K)
[24.100s][info   ][gc             ] GC(248) Pause Young (Allocation Failure) 1571M->1233M(1979M) 46.527ms
[24.100s][info   ][gc,cpu         ] GC(248) User=0.05s Sys=0.00s Real=0.05s
[24.170s][info   ][gc,start       ] GC(249) Pause Young (Allocation Failure)
[24.170s][info   ][gc             ] GC(249) Pause Young (Allocation Failure) 1779M->1779M(1979M) 0.090ms
[24.170s][info   ][gc,cpu         ] GC(249) User=0.00s Sys=0.00s Real=0.00s
[24.170s][info   ][gc,start       ] GC(250) Pause Full (Allocation Failure)
[24.170s][info   ][gc,phases,start] GC(250) Phase 1: Mark live objects
[24.171s][info   ][gc,phases      ] GC(250) Phase 1: Mark live objects 0.771ms
[24.171s][info   ][gc,phases,start] GC(250) Phase 2: Compute new object addresses
[24.171s][info   ][gc,phases      ] GC(250) Phase 2: Compute new object addresses 0.424ms
[24.171s][info   ][gc,phases,start] GC(250) Phase 3: Adjust pointers
[24.172s][info   ][gc,phases      ] GC(250) Phase 3: Adjust pointers 0.281ms
[24.172s][info   ][gc,phases,start] GC(250) Phase 4: Move objects
[24.204s][info   ][gc,phases      ] GC(250) Phase 4: Move objects 32.477ms
[24.204s][info   ][gc,heap        ] GC(250) DefNew: 628607K(629120K)->0K(629120K) Eden: 558974K(559232K)->0K(559232K) From: 69633K(69888K)->0K(69888K)
[24.204s][info   ][gc,heap        ] GC(250) Tenured: 1193529K(1398144K)->304683K(1398144K)
[24.204s][info   ][gc,metaspace   ] GC(250) Metaspace: 213K(448K)->213K(448K) NonClass: 204K(320K)->204K(320K) Class: 9K(128K)->9K(128K)
[24.204s][info   ][gc             ] GC(250) Pause Full (Allocation Failure) 1779M->297M(1979M) 34.320ms
[24.204s][info   ][gc,cpu         ] GC(250) User=0.04s Sys=0.00s Real=0.04s
[24.271s][info   ][gc,start       ] GC(251) Pause Young (Allocation Failure)
[24.315s][info   ][gc,heap        ] GC(251) DefNew: 558974K(629120K)->69633K(629120K) Eden: 558974K(559232K)->0K(559232K) From: 0K(69888K)->69633K(69888K)
[24.315s][info   ][gc,heap        ] GC(251) Tenured: 304683K(1398144K)->495150K(1398144K)
[24.315s][info   ][gc,metaspace   ] GC(251) Metaspace: 213K(448K)->213K(448K) NonClass: 204K(320K)->204K(320K) Class: 9K(128K)->9K(128K)
[24.315s][info   ][gc             ] GC(251) Pause Young (Allocation Failure) 843M->551M(1979M) 43.282ms
[24.315s][info   ][gc,cpu         ] GC(251) User=0.05s Sys=0.00s Real=0.05s
[24.387s][info   ][gc,start       ] GC(252) Pause Young (Allocation Failure)
[24.435s][info   ][gc,heap        ] GC(252) DefNew: 628607K(629120K)->69633K(629120K) Eden: 558974K(559232K)->0K(559232K) From: 69633K(69888K)->69633K(69888K)
[24.435s][info   ][gc,heap        ] GC(252) Tenured: 495150K(1398144K)->699953K(1398144K)
[24.435s][info   ][gc,metaspace   ] GC(252) Metaspace: 213K(448K)->213K(448K) NonClass: 204K(320K)->204K(320K) Class: 9K(128K)->9K(128K)
[24.435s][info   ][gc             ] GC(252) Pause Young (Allocation Failure) 1097M->751M(1979M) 48.259ms
[24.435s][info   ][gc,cpu         ] GC(252) User=0.04s Sys=0.00s Real=0.05s
[24.510s][info   ][gc,start       ] GC(253) Pause Young (Allocation Failure)
[24.561s][info   ][gc,heap        ] GC(253) DefNew: 628607K(629120K)->69633K(629120K) Eden: 558974K(559232K)->0K(559232K) From: 69633K(69888K)->69633K(69888K)
[24.561s][info   ][gc,heap        ] GC(253) Tenured: 699953K(1398144K)->900660K(1398144K)
[24.561s][info   ][gc,metaspace   ] GC(253) Metaspace: 213K(448K)->213K(448K) NonClass: 204K(320K)->204K(320K) Class: 9K(128K)->9K(128K)
[24.561s][info   ][gc             ] GC(253) Pause Young (Allocation Failure) 1297M->947M(1979M) 51.384ms
[24.561s][info   ][gc,cpu         ] GC(253) User=0.05s Sys=0.00s Real=0.05s
[24.629s][info   ][gc,start       ] GC(254) Pause Young (Allocation Failure)
[24.678s][info   ][gc,heap        ] GC(254) DefNew: 628607K(629120K)->69633K(629120K) Eden: 558974K(559232K)->0K(559232K) From: 69633K(69888K)->69633K(69888K)
[24.678s][info   ][gc,heap        ] GC(254) Tenured: 900660K(1398144K)->1111608K(1398144K)
[24.678s][info   ][gc,metaspace   ] GC(254) Metaspace: 213K(448K)->213K(448K) NonClass: 204K(320K)->204K(320K) Class: 9K(128K)->9K(128K)
[24.678s][info   ][gc             ] GC(254) Pause Young (Allocation Failure) 1493M->1153M(1979M) 49.695ms
[24.678s][info   ][gc,cpu         ] GC(254) User=0.05s Sys=0.00s Real=0.05s
[24.747s][info   ][gc,start       ] GC(255) Pause Young (Allocation Failure)
[24.747s][info   ][gc             ] GC(255) Pause Young (Allocation Failure) 1699M->1699M(1979M) 0.086ms
[24.747s][info   ][gc,cpu         ] GC(255) User=0.00s Sys=0.00s Real=0.00s
[24.747s][info   ][gc,start       ] GC(256) Pause Full (Allocation Failure)
[24.747s][info   ][gc,phases,start] GC(256) Phase 1: Mark live objects
[24.748s][info   ][gc,phases      ] GC(256) Phase 1: Mark live objects 0.893ms
[24.748s][info   ][gc,phases,start] GC(256) Phase 2: Compute new object addresses
[24.749s][info   ][gc,phases      ] GC(256) Phase 2: Compute new object addresses 0.350ms
[24.749s][info   ][gc,phases,start] GC(256) Phase 3: Adjust pointers
[24.749s][info   ][gc,phases      ] GC(256) Phase 3: Adjust pointers 0.357ms
[24.749s][info   ][gc,phases,start] GC(256) Phase 4: Move objects
[24.782s][info   ][gc,phases      ] GC(256) Phase 4: Move objects 33.240ms
[24.782s][info   ][gc,heap        ] GC(256) DefNew: 628607K(629120K)->0K(629120K) Eden: 558974K(559232K)->0K(559232K) From: 69633K(69888K)->0K(69888K)
[24.782s][info   ][gc,heap        ] GC(256) Tenured: 1111608K(1398144K)->313899K(1398144K)
[24.782s][info   ][gc,metaspace   ] GC(256) Metaspace: 213K(448K)->213K(448K) NonClass: 204K(320K)->204K(320K) Class: 9K(128K)->9K(128K)
[24.783s][info   ][gc             ] GC(256) Pause Full (Allocation Failure) 1699M->306M(1979M) 35.257ms
[24.783s][info   ][gc,cpu         ] GC(256) User=0.03s Sys=0.00s Real=0.03s
[24.849s][info   ][gc,start       ] GC(257) Pause Young (Allocation Failure)
[24.892s][info   ][gc,heap        ] GC(257) DefNew: 558974K(629120K)->69633K(629120K) Eden: 558974K(559232K)->0K(559232K) From: 0K(69888K)->69633K(69888K)
[24.892s][info   ][gc,heap        ] GC(257) Tenured: 313899K(1398144K)->500270K(1398144K)
[24.892s][info   ][gc,metaspace   ] GC(257) Metaspace: 213K(448K)->213K(448K) NonClass: 204K(320K)->204K(320K) Class: 9K(128K)->9K(128K)
[24.892s][info   ][gc             ] GC(257) Pause Young (Allocation Failure) 852M->556M(1979M) 43.092ms
[24.892s][info   ][gc,cpu         ] GC(257) User=0.04s Sys=0.00s Real=0.04s
[24.960s][info   ][gc,start       ] GC(258) Pause Young (Allocation Failure)
[24.997s][info   ][gc,heap        ] GC(258) DefNew: 628607K(629120K)->69633K(629120K) Eden: 558974K(559232K)->0K(559232K) From: 69633K(69888K)->69633K(69888K)
[24.997s][info   ][gc,heap        ] GC(258) Tenured: 500270K(1398144K)->653873K(1398144K)
[24.997s][info   ][gc,metaspace   ] GC(258) Metaspace: 213K(448K)->213K(448K) NonClass: 204K(320K)->204K(320K) Class: 9K(128K)->9K(128K)
[24.997s][info   ][gc             ] GC(258) Pause Young (Allocation Failure) 1102M->706M(1979M) 36.479ms
[24.997s][info   ][gc,cpu         ] GC(258) User=0.03s Sys=0.00s Real=0.04s
[25.069s][info   ][gc,start       ] GC(259) Pause Young (Allocation Failure)
[25.110s][info   ][gc,heap        ] GC(259) DefNew: 628607K(629120K)->69633K(629120K) Eden: 558974K(559232K)->0K(559232K) From: 69633K(69888K)->69633K(69888K)
[25.110s][info   ][gc,heap        ] GC(259) Tenured: 653873K(1398144K)->831027K(1398144K)
[25.110s][info   ][gc,metaspace   ] GC(259) Metaspace: 213K(448K)->213K(448K) NonClass: 204K(320K)->204K(320K) Class: 9K(128K)->9K(128K)
[25.110s][info   ][gc             ] GC(259) Pause Young (Allocation Failure) 1252M->879M(1979M) 40.656ms
[25.110s][info   ][gc,cpu         ] GC(259) User=0.04s Sys=0.00s Real=0.04s
[25.178s][info   ][gc,start       ] GC(260) Pause Young (Allocation Failure)
[25.217s][info   ][gc,heap        ] GC(260) DefNew: 628607K(629120K)->69633K(629120K) Eden: 558974K(559232K)->0K(559232K) From: 69633K(69888K)->69633K(69888K)
[25.217s][info   ][gc,heap        ] GC(260) Tenured: 831027K(1398144K)->1009206K(1398144K)
[25.217s][info   ][gc,metaspace   ] GC(260) Metaspace: 213K(448K)->213K(448K) NonClass: 204K(320K)->204K(320K) Class: 9K(128K)->9K(128K)
[25.217s][info   ][gc             ] GC(260) Pause Young (Allocation Failure) 1425M->1053M(1979M) 39.267ms
[25.217s][info   ][gc,cpu         ] GC(260) User=0.04s Sys=0.00s Real=0.04s
[25.288s][info   ][gc,start       ] GC(261) Pause Young (Allocation Failure)
[25.327s][info   ][gc,heap        ] GC(261) DefNew: 628607K(629120K)->69633K(629120K) Eden: 558974K(559232K)->0K(559232K) From: 69633K(69888K)->69633K(69888K)
[25.327s][info   ][gc,heap        ] GC(261) Tenured: 1009206K(1398144K)->1184313K(1398144K)
[25.327s][info   ][gc,metaspace   ] GC(261) Metaspace: 213K(448K)->213K(448K) NonClass: 204K(320K)->204K(320K) Class: 9K(128K)->9K(128K)
[25.327s][info   ][gc             ] GC(261) Pause Young (Allocation Failure) 1599M->1224M(1979M) 39.611ms
[25.327s][info   ][gc,cpu         ] GC(261) User=0.04s Sys=0.00s Real=0.04s
[25.396s][info   ][gc,start       ] GC(262) Pause Young (Allocation Failure)
[25.396s][info   ][gc             ] GC(262) Pause Young (Allocation Failure) 1770M->1770M(1979M) 0.086ms
[25.396s][info   ][gc,cpu         ] GC(262) User=0.00s Sys=0.00s Real=0.00s
[25.396s][info   ][gc,start       ] GC(263) Pause Full (Allocation Failure)
[25.396s][info   ][gc,phases,start] GC(263) Phase 1: Mark live objects
[25.396s][info   ][gc,phases      ] GC(263) Phase 1: Mark live objects 0.778ms
[25.396s][info   ][gc,phases,start] GC(263) Phase 2: Compute new object addresses
[25.397s][info   ][gc,phases      ] GC(263) Phase 2: Compute new object addresses 0.295ms
[25.397s][info   ][gc,phases,start] GC(263) Phase 3: Adjust pointers
[25.397s][info   ][gc,phases      ] GC(263) Phase 3: Adjust pointers 0.277ms
[25.397s][info   ][gc,phases,start] GC(263) Phase 4: Move objects
[25.428s][info   ][gc,phases      ] GC(263) Phase 4: Move objects 31.373ms
[25.429s][info   ][gc,heap        ] GC(263) DefNew: 628607K(629120K)->0K(629120K) Eden: 558974K(559232K)->0K(559232K) From: 69633K(69888K)->0K(69888K)
[25.429s][info   ][gc,heap        ] GC(263) Tenured: 1184313K(1398144K)->290347K(1398144K)
[25.429s][info   ][gc,metaspace   ] GC(263) Metaspace: 213K(448K)->213K(448K) NonClass: 204K(320K)->204K(320K) Class: 9K(128K)->9K(128K)
[25.429s][info   ][gc             ] GC(263) Pause Full (Allocation Failure) 1770M->283M(1979M) 33.071ms
[25.429s][info   ][gc,cpu         ] GC(263) User=0.03s Sys=0.00s Real=0.03s
[25.502s][info   ][gc,start       ] GC(264) Pause Young (Allocation Failure)
[25.548s][info   ][gc,heap        ] GC(264) DefNew: 558974K(629120K)->69633K(629120K) Eden: 558974K(559232K)->0K(559232K) From: 0K(69888K)->69633K(69888K)
[25.548s][info   ][gc,heap        ] GC(264) Tenured: 290347K(1398144K)->474670K(1398144K)
[25.548s][info   ][gc,metaspace   ] GC(264) Metaspace: 213K(448K)->213K(448K) NonClass: 204K(320K)->204K(320K) Class: 9K(128K)->9K(128K)
[25.548s][info   ][gc             ] GC(264) Pause Young (Allocation Failure) 829M->531M(1979M) 45.388ms
[25.548s][info   ][gc,cpu         ] GC(264) User=0.04s Sys=0.00s Real=0.05s
[25.619s][info   ][gc,start       ] GC(265) Pause Young (Allocation Failure)
[25.652s][info   ][gc,heap        ] GC(265) DefNew: 628607K(629120K)->69633K(629120K) Eden: 558974K(559232K)->0K(559232K) From: 69633K(69888K)->69633K(69888K)
[25.652s][info   ][gc,heap        ] GC(265) Tenured: 474670K(1398144K)->593456K(1398144K)
[25.652s][info   ][gc,metaspace   ] GC(265) Metaspace: 213K(448K)->213K(448K) NonClass: 204K(320K)->204K(320K) Class: 9K(128K)->9K(128K)
[25.652s][info   ][gc             ] GC(265) Pause Young (Allocation Failure) 1077M->647M(1979M) 32.783ms
[25.652s][info   ][gc,cpu         ] GC(265) User=0.04s Sys=0.00s Real=0.03s
[25.723s][info   ][gc,start       ] GC(266) Pause Young (Allocation Failure)
[25.757s][info   ][gc,heap        ] GC(266) DefNew: 628607K(629120K)->69633K(629120K) Eden: 558974K(559232K)->0K(559232K) From: 69633K(69888K)->69633K(69888K)
[25.757s][info   ][gc,heap        ] GC(266) Tenured: 593456K(1398144K)->728626K(1398144K)
[25.757s][info   ][gc,metaspace   ] GC(266) Metaspace: 213K(448K)->213K(448K) NonClass: 204K(320K)->204K(320K) Class: 9K(128K)->9K(128K)
[25.757s][info   ][gc             ] GC(266) Pause Young (Allocation Failure) 1193M->779M(1979M) 33.814ms
[25.757s][info   ][gc,cpu         ] GC(266) User=0.03s Sys=0.00s Real=0.04s
[25.824s][info   ][gc,start       ] GC(267) Pause Young (Allocation Failure)
[25.855s][info   ][gc,heap        ] GC(267) DefNew: 628607K(629120K)->69633K(629120K) Eden: 558974K(559232K)->0K(559232K) From: 69633K(69888K)->69633K(69888K)
[25.855s][info   ][gc,heap        ] GC(267) Tenured: 728626K(1398144K)->839219K(1398144K)
[25.855s][info   ][gc,metaspace   ] GC(267) Metaspace: 213K(448K)->213K(448K) NonClass: 204K(320K)->204K(320K) Class: 9K(128K)->9K(128K)
[25.855s][info   ][gc             ] GC(267) Pause Young (Allocation Failure) 1325M->887M(1979M) 30.957ms
[25.855s][info   ][gc,cpu         ] GC(267) User=0.03s Sys=0.00s Real=0.04s
[25.924s][info   ][gc,start       ] GC(268) Pause Young (Allocation Failure)
[25.956s][info   ][gc,heap        ] GC(268) DefNew: 628607K(629120K)->69633K(629120K) Eden: 558974K(559232K)->0K(559232K) From: 69633K(69888K)->69633K(69888K)
[25.956s][info   ][gc,heap        ] GC(268) Tenured: 839219K(1398144K)->942645K(1398144K)
[25.956s][info   ][gc,metaspace   ] GC(268) Metaspace: 213K(448K)->213K(448K) NonClass: 204K(320K)->204K(320K) Class: 9K(128K)->9K(128K)
[25.956s][info   ][gc             ] GC(268) Pause Young (Allocation Failure) 1433M->988M(1979M) 31.660ms
[25.956s][info   ][gc,cpu         ] GC(268) User=0.03s Sys=0.00s Real=0.03s
[26.029s][info   ][gc,start       ] GC(269) Pause Young (Allocation Failure)
[26.068s][info   ][gc,heap        ] GC(269) DefNew: 628607K(629120K)->69633K(629120K) Eden: 558974K(559232K)->0K(559232K) From: 69633K(69888K)->69633K(69888K)
[26.068s][info   ][gc,heap        ] GC(269) Tenured: 942645K(1398144K)->1103415K(1398144K)
[26.068s][info   ][gc,metaspace   ] GC(269) Metaspace: 213K(448K)->213K(448K) NonClass: 204K(320K)->204K(320K) Class: 9K(128K)->9K(128K)
[26.068s][info   ][gc             ] GC(269) Pause Young (Allocation Failure) 1534M->1145M(1979M) 38.975ms
[26.068s][info   ][gc,cpu         ] GC(269) User=0.04s Sys=0.00s Real=0.04s
[26.138s][info   ][gc,start       ] GC(270) Pause Young (Allocation Failure)
[26.175s][info   ][gc,heap        ] GC(270) DefNew: 628607K(629120K)->69633K(629120K) Eden: 558974K(559232K)->0K(559232K) From: 69633K(69888K)->69633K(69888K)
[26.175s][info   ][gc,heap        ] GC(270) Tenured: 1103415K(1398144K)->1247802K(1398144K)
[26.175s][info   ][gc,metaspace   ] GC(270) Metaspace: 213K(448K)->213K(448K) NonClass: 204K(320K)->204K(320K) Class: 9K(128K)->9K(128K)
[26.175s][info   ][gc             ] GC(270) Pause Young (Allocation Failure) 1691M->1286M(1979M) 37.606ms
[26.175s][info   ][gc,cpu         ] GC(270) User=0.04s Sys=0.00s Real=0.04s
[26.246s][info   ][gc,start       ] GC(271) Pause Young (Allocation Failure)
[26.246s][info   ][gc             ] GC(271) Pause Young (Allocation Failure) 1832M->1832M(1979M) 0.102ms
[26.246s][info   ][gc,cpu         ] GC(271) User=0.00s Sys=0.00s Real=0.00s
[26.246s][info   ][gc,start       ] GC(272) Pause Full (Allocation Failure)
[26.246s][info   ][gc,phases,start] GC(272) Phase 1: Mark live objects
[26.247s][info   ][gc,phases      ] GC(272) Phase 1: Mark live objects 0.731ms
[26.247s][info   ][gc,phases,start] GC(272) Phase 2: Compute new object addresses
[26.247s][info   ][gc,phases      ] GC(272) Phase 2: Compute new object addresses 0.310ms
[26.247s][info   ][gc,phases,start] GC(272) Phase 3: Adjust pointers
[26.248s][info   ][gc,phases      ] GC(272) Phase 3: Adjust pointers 0.283ms
[26.248s][info   ][gc,phases,start] GC(272) Phase 4: Move objects
[26.276s][info   ][gc,phases      ] GC(272) Phase 4: Move objects 28.268ms
[26.276s][info   ][gc,heap        ] GC(272) DefNew: 628607K(629120K)->0K(629120K) Eden: 558974K(559232K)->0K(559232K) From: 69633K(69888K)->0K(69888K)
[26.276s][info   ][gc,heap        ] GC(272) Tenured: 1247802K(1398144K)->264747K(1398144K)
[26.276s][info   ][gc,metaspace   ] GC(272) Metaspace: 213K(448K)->213K(448K) NonClass: 204K(320K)->204K(320K) Class: 9K(128K)->9K(128K)
[26.276s][info   ][gc             ] GC(272) Pause Full (Allocation Failure) 1832M->258M(1979M) 30.006ms
[26.276s][info   ][gc,cpu         ] GC(272) User=0.03s Sys=0.00s Real=0.03s
[26.344s][info   ][gc,start       ] GC(273) Pause Young (Allocation Failure)
[26.385s][info   ][gc,heap        ] GC(273) DefNew: 558974K(629120K)->69633K(629120K) Eden: 558974K(559232K)->0K(559232K) From: 0K(69888K)->69633K(69888K)
[26.385s][info   ][gc,heap        ] GC(273) Tenured: 264747K(1398144K)->449069K(1398144K)
[26.385s][info   ][gc,metaspace   ] GC(273) Metaspace: 213K(448K)->213K(448K) NonClass: 204K(320K)->204K(320K) Class: 9K(128K)->9K(128K)
[26.385s][info   ][gc             ] GC(273) Pause Young (Allocation Failure) 804M->506M(1979M) 40.732ms
[26.385s][info   ][gc,cpu         ] GC(273) User=0.04s Sys=0.00s Real=0.05s
[26.452s][info   ][gc,start       ] GC(274) Pause Young (Allocation Failure)
[26.497s][info   ][gc,heap        ] GC(274) DefNew: 628607K(629120K)->69633K(629120K) Eden: 558974K(559232K)->0K(559232K) From: 69633K(69888K)->69633K(69888K)
[26.497s][info   ][gc,heap        ] GC(274) Tenured: 449069K(1398144K)->641584K(1398144K)
[26.497s][info   ][gc,metaspace   ] GC(274) Metaspace: 213K(448K)->213K(448K) NonClass: 204K(320K)->204K(320K) Class: 9K(128K)->9K(128K)
[26.497s][info   ][gc             ] GC(274) Pause Young (Allocation Failure) 1052M->694M(1979M) 45.772ms
[26.497s][info   ][gc,cpu         ] GC(274) User=0.04s Sys=0.00s Real=0.05s
[26.565s][info   ][gc,start       ] GC(275) Pause Young (Allocation Failure)
[26.600s][info   ][gc,heap        ] GC(275) DefNew: 628607K(629120K)->69633K(629120K) Eden: 558974K(559232K)->0K(559232K) From: 69633K(69888K)->69633K(69888K)
[26.600s][info   ][gc,heap        ] GC(275) Tenured: 641584K(1398144K)->783923K(1398144K)
[26.600s][info   ][gc,metaspace   ] GC(275) Metaspace: 213K(448K)->213K(448K) NonClass: 204K(320K)->204K(320K) Class: 9K(128K)->9K(128K)
[26.600s][info   ][gc             ] GC(275) Pause Young (Allocation Failure) 1240M->833M(1979M) 35.240ms
[26.600s][info   ][gc,cpu         ] GC(275) User=0.03s Sys=0.00s Real=0.03s
[26.668s][info   ][gc,start       ] GC(276) Pause Young (Allocation Failure)
[26.702s][info   ][gc,heap        ] GC(276) DefNew: 628607K(629120K)->69633K(629120K) Eden: 558974K(559232K)->0K(559232K) From: 69633K(69888K)->69633K(69888K)
[26.702s][info   ][gc,heap        ] GC(276) Tenured: 783923K(1398144K)->908852K(1398144K)
[26.702s][info   ][gc,metaspace   ] GC(276) Metaspace: 213K(448K)->213K(448K) NonClass: 204K(320K)->204K(320K) Class: 9K(128K)->9K(128K)
[26.702s][info   ][gc             ] GC(276) Pause Young (Allocation Failure) 1379M->955M(1979M) 34.210ms
[26.702s][info   ][gc,cpu         ] GC(276) User=0.03s Sys=0.00s Real=0.03s
[26.771s][info   ][gc,start       ] GC(277) Pause Young (Allocation Failure)
[26.806s][info   ][gc,heap        ] GC(277) DefNew: 628607K(629120K)->69633K(629120K) Eden: 558974K(559232K)->0K(559232K) From: 69633K(69888K)->69633K(69888K)
[26.806s][info   ][gc,heap        ] GC(277) Tenured: 908852K(1398144K)->1044023K(1398144K)
[26.806s][info   ][gc,metaspace   ] GC(277) Metaspace: 213K(448K)->213K(448K) NonClass: 204K(320K)->204K(320K) Class: 9K(128K)->9K(128K)
[26.806s][info   ][gc             ] GC(277) Pause Young (Allocation Failure) 1501M->1087M(1979M) 34.725ms
[26.806s][info   ][gc,cpu         ] GC(277) User=0.04s Sys=0.00s Real=0.04s
[26.873s][info   ][gc,start       ] GC(278) Pause Young (Allocation Failure)
[26.906s][info   ][gc,heap        ] GC(278) DefNew: 628607K(629120K)->69633K(629120K) Eden: 558974K(559232K)->0K(559232K) From: 69633K(69888K)->69633K(69888K)
[26.906s][info   ][gc,heap        ] GC(278) Tenured: 1044023K(1398144K)->1168952K(1398144K)
[26.906s][info   ][gc,metaspace   ] GC(278) Metaspace: 213K(448K)->213K(448K) NonClass: 204K(320K)->204K(320K) Class: 9K(128K)->9K(128K)
[26.906s][info   ][gc             ] GC(278) Pause Young (Allocation Failure) 1633M->1209M(1979M) 32.769ms
[26.906s][info   ][gc,cpu         ] GC(278) User=0.03s Sys=0.00s Real=0.04s
[26.973s][info   ][gc,start       ] GC(279) Pause Young (Allocation Failure)
[27.009s][info   ][gc,heap        ] GC(279) DefNew: 628607K(629120K)->69633K(629120K) Eden: 558974K(559232K)->0K(559232K) From: 69633K(69888K)->69633K(69888K)
[27.009s][info   ][gc,heap        ] GC(279) Tenured: 1168952K(1398144K)->1310267K(1398144K)
[27.009s][info   ][gc,metaspace   ] GC(279) Metaspace: 213K(448K)->213K(448K) NonClass: 204K(320K)->204K(320K) Class: 9K(128K)->9K(128K)
[27.009s][info   ][gc             ] GC(279) Pause Young (Allocation Failure) 1755M->1347M(1979M) 35.914ms
[27.009s][info   ][gc,cpu         ] GC(279) User=0.04s Sys=0.00s Real=0.04s
[27.077s][info   ][gc,start       ] GC(280) Pause Young (Allocation Failure)
[27.077s][info   ][gc             ] GC(280) Pause Young (Allocation Failure) 1893M->1893M(1979M) 0.112ms
[27.077s][info   ][gc,cpu         ] GC(280) User=0.00s Sys=0.00s Real=0.00s
[27.077s][info   ][gc,start       ] GC(281) Pause Full (Allocation Failure)
[27.077s][info   ][gc,phases,start] GC(281) Phase 1: Mark live objects
[27.078s][info   ][gc,phases      ] GC(281) Phase 1: Mark live objects 0.802ms
[27.078s][info   ][gc,phases,start] GC(281) Phase 2: Compute new object addresses
[27.079s][info   ][gc,phases      ] GC(281) Phase 2: Compute new object addresses 0.367ms
[27.079s][info   ][gc,phases,start] GC(281) Phase 3: Adjust pointers
[27.079s][info   ][gc,phases      ] GC(281) Phase 3: Adjust pointers 0.357ms
[27.079s][info   ][gc,phases,start] GC(281) Phase 4: Move objects
[27.106s][info   ][gc,phases      ] GC(281) Phase 4: Move objects 27.209ms
[27.107s][info   ][gc,heap        ] GC(281) DefNew: 628607K(629120K)->0K(629120K) Eden: 558974K(559232K)->0K(559232K) From: 69633K(69888K)->0K(69888K)
[27.107s][info   ][gc,heap        ] GC(281) Tenured: 1310267K(1398144K)->204330K(1398144K)
[27.107s][info   ][gc,metaspace   ] GC(281) Metaspace: 213K(448K)->213K(448K) NonClass: 204K(320K)->204K(320K) Class: 9K(128K)->9K(128K)
[27.107s][info   ][gc             ] GC(281) Pause Full (Allocation Failure) 1893M->199M(1979M) 29.154ms
[27.107s][info   ][gc,cpu         ] GC(281) User=0.03s Sys=0.00s Real=0.03s
[27.174s][info   ][gc,start       ] GC(282) Pause Young (Allocation Failure)
[27.196s][info   ][gc,heap        ] GC(282) DefNew: 558974K(629120K)->69633K(629120K) Eden: 558974K(559232K)->0K(559232K) From: 0K(69888K)->69633K(69888K)
[27.196s][info   ][gc,heap        ] GC(282) Tenured: 204330K(1398144K)->261675K(1398144K)
[27.196s][info   ][gc,metaspace   ] GC(282) Metaspace: 213K(448K)->213K(448K) NonClass: 204K(320K)->204K(320K) Class: 9K(128K)->9K(128K)
[27.196s][info   ][gc             ] GC(282) Pause Young (Allocation Failure) 745M->323M(1979M) 22.016ms
[27.196s][info   ][gc,cpu         ] GC(282) User=0.02s Sys=0.00s Real=0.02s
[27.266s][info   ][gc,start       ] GC(283) Pause Young (Allocation Failure)
[27.289s][info   ][gc,heap        ] GC(283) DefNew: 628607K(629120K)->69633K(629120K) Eden: 558974K(559232K)->0K(559232K) From: 69633K(69888K)->69633K(69888K)
[27.289s][info   ][gc,heap        ] GC(283) Tenured: 261675K(1398144K)->335404K(1398144K)
[27.289s][info   ][gc,metaspace   ] GC(283) Metaspace: 213K(448K)->213K(448K) NonClass: 204K(320K)->204K(320K) Class: 9K(128K)->9K(128K)
[27.289s][info   ][gc             ] GC(283) Pause Young (Allocation Failure) 869M->395M(1979M) 22.872ms
[27.289s][info   ][gc,cpu         ] GC(283) User=0.03s Sys=0.00s Real=0.02s
[27.356s][info   ][gc,start       ] GC(284) Pause Young (Allocation Failure)
[27.379s][info   ][gc,heap        ] GC(284) DefNew: 628607K(629120K)->69633K(629120K) Eden: 558974K(559232K)->0K(559232K) From: 69633K(69888K)->69633K(69888K)
[27.379s][info   ][gc,heap        ] GC(284) Tenured: 335404K(1398144K)->396845K(1398144K)
[27.379s][info   ][gc,metaspace   ] GC(284) Metaspace: 213K(448K)->213K(448K) NonClass: 204K(320K)->204K(320K) Class: 9K(128K)->9K(128K)
[27.379s][info   ][gc             ] GC(284) Pause Young (Allocation Failure) 941M->455M(1979M) 22.122ms
[27.379s][info   ][gc,cpu         ] GC(284) User=0.02s Sys=0.00s Real=0.02s
[27.447s][info   ][gc,start       ] GC(285) Pause Young (Allocation Failure)
[27.471s][info   ][gc,heap        ] GC(285) DefNew: 628607K(629120K)->69633K(629120K) Eden: 558974K(559232K)->0K(559232K) From: 69633K(69888K)->69633K(69888K)
[27.471s][info   ][gc,heap        ] GC(285) Tenured: 396845K(1398144K)->472622K(1398144K)
[27.471s][info   ][gc,metaspace   ] GC(285) Metaspace: 213K(448K)->213K(448K) NonClass: 204K(320K)->204K(320K) Class: 9K(128K)->9K(128K)
[27.471s][info   ][gc             ] GC(285) Pause Young (Allocation Failure) 1001M->529M(1979M) 24.520ms
[27.471s][info   ][gc,cpu         ] GC(285) User=0.02s Sys=0.00s Real=0.02s
[27.540s][info   ][gc,start       ] GC(286) Pause Young (Allocation Failure)
[27.564s][info   ][gc,heap        ] GC(286) DefNew: 628607K(629120K)->69633K(629120K) Eden: 558974K(559232K)->0K(559232K) From: 69633K(69888K)->69633K(69888K)
[27.564s][info   ][gc,heap        ] GC(286) Tenured: 472622K(1398144K)->550447K(1398144K)
[27.564s][info   ][gc,metaspace   ] GC(286) Metaspace: 213K(448K)->213K(448K) NonClass: 204K(320K)->204K(320K) Class: 9K(128K)->9K(128K)
[27.564s][info   ][gc             ] GC(286) Pause Young (Allocation Failure) 1075M->605M(1979M) 24.841ms
[27.564s][info   ][gc,cpu         ] GC(286) User=0.03s Sys=0.00s Real=0.02s
[27.635s][info   ][gc,start       ] GC(287) Pause Young (Allocation Failure)
[27.657s][info   ][gc,heap        ] GC(287) DefNew: 628607K(629120K)->69633K(629120K) Eden: 558974K(559232K)->0K(559232K) From: 69633K(69888K)->69633K(69888K)
[27.657s][info   ][gc,heap        ] GC(287) Tenured: 550447K(1398144K)->599600K(1398144K)
[27.657s][info   ][gc,metaspace   ] GC(287) Metaspace: 213K(448K)->213K(448K) NonClass: 204K(320K)->204K(320K) Class: 9K(128K)->9K(128K)
[27.657s][info   ][gc             ] GC(287) Pause Young (Allocation Failure) 1151M->653M(1979M) 22.049ms
[27.657s][info   ][gc,cpu         ] GC(287) User=0.02s Sys=0.00s Real=0.03s
[27.730s][info   ][gc,start       ] GC(288) Pause Young (Allocation Failure)
[27.748s][info   ][gc,heap        ] GC(288) DefNew: 628607K(629120K)->69633K(629120K) Eden: 558974K(559232K)->0K(559232K) From: 69633K(69888K)->69633K(69888K)
[27.748s][info   ][gc,heap        ] GC(288) Tenured: 599600K(1398144K)->624176K(1398144K)
[27.748s][info   ][gc,metaspace   ] GC(288) Metaspace: 213K(448K)->213K(448K) NonClass: 204K(320K)->204K(320K) Class: 9K(128K)->9K(128K)
[27.748s][info   ][gc             ] GC(288) Pause Young (Allocation Failure) 1199M->677M(1979M) 17.535ms
[27.748s][info   ][gc,cpu         ] GC(288) User=0.01s Sys=0.00s Real=0.02s
[27.821s][info   ][gc,start       ] GC(289) Pause Young (Allocation Failure)
[27.840s][info   ][gc,heap        ] GC(289) DefNew: 628607K(629120K)->69633K(629120K) Eden: 558974K(559232K)->0K(559232K) From: 69633K(69888K)->69633K(69888K)
[27.840s][info   ][gc,heap        ] GC(289) Tenured: 624176K(1398144K)->661041K(1398144K)
[27.840s][info   ][gc,metaspace   ] GC(289) Metaspace: 213K(448K)->213K(448K) NonClass: 204K(320K)->204K(320K) Class: 9K(128K)->9K(128K)
[27.840s][info   ][gc             ] GC(289) Pause Young (Allocation Failure) 1223M->713M(1979M) 18.123ms
[27.840s][info   ][gc,cpu         ] GC(289) User=0.02s Sys=0.00s Real=0.02s
[27.908s][info   ][gc,start       ] GC(290) Pause Young (Allocation Failure)
[27.924s][info   ][gc,heap        ] GC(290) DefNew: 628607K(629120K)->69633K(629120K) Eden: 558974K(559232K)->0K(559232K) From: 69633K(69888K)->69633K(69888K)
[27.924s][info   ][gc,heap        ] GC(290) Tenured: 661041K(1398144K)->684593K(1398144K)
[27.924s][info   ][gc,metaspace   ] GC(290) Metaspace: 213K(448K)->213K(448K) NonClass: 204K(320K)->204K(320K) Class: 9K(128K)->9K(128K)
[27.924s][info   ][gc             ] GC(290) Pause Young (Allocation Failure) 1259M->736M(1979M) 16.432ms
[27.924s][info   ][gc,cpu         ] GC(290) User=0.01s Sys=0.00s Real=0.02s
[27.996s][info   ][gc,start       ] GC(291) Pause Young (Allocation Failure)
[28.006s][info   ][gc,heap        ] GC(291) DefNew: 628607K(629120K)->64512K(629120K) Eden: 558974K(559232K)->0K(559232K) From: 69633K(69888K)->64512K(69888K)
[28.006s][info   ][gc,heap        ] GC(291) Tenured: 684593K(1398144K)->684593K(1398144K)
[28.006s][info   ][gc,metaspace   ] GC(291) Metaspace: 213K(448K)->213K(448K) NonClass: 204K(320K)->204K(320K) Class: 9K(128K)->9K(128K)
[28.006s][info   ][gc             ] GC(291) Pause Young (Allocation Failure) 1282M->731M(1979M) 10.720ms
[28.006s][info   ][gc,cpu         ] GC(291) User=0.01s Sys=0.00s Real=0.01s
[28.081s][info   ][gc,start       ] GC(292) Pause Young (Allocation Failure)
[28.100s][info   ][gc,heap        ] GC(292) DefNew: 623487K(629120K)->69633K(629120K) Eden: 558974K(559232K)->0K(559232K) From: 64512K(69888K)->69633K(69888K)
[28.100s][info   ][gc,heap        ] GC(292) Tenured: 684593K(1398144K)->724530K(1398144K)
[28.100s][info   ][gc,metaspace   ] GC(292) Metaspace: 213K(448K)->213K(448K) NonClass: 204K(320K)->204K(320K) Class: 9K(128K)->9K(128K)
[28.100s][info   ][gc             ] GC(292) Pause Young (Allocation Failure) 1277M->775M(1979M) 19.754ms
[28.100s][info   ][gc,cpu         ] GC(292) User=0.02s Sys=0.00s Real=0.02s
[28.171s][info   ][gc,start       ] GC(293) Pause Young (Allocation Failure)
[28.180s][info   ][gc,heap        ] GC(293) DefNew: 628607K(629120K)->58368K(629120K) Eden: 558974K(559232K)->0K(559232K) From: 69633K(69888K)->58368K(69888K)
[28.180s][info   ][gc,heap        ] GC(293) Tenured: 724530K(1398144K)->724530K(1398144K)
[28.180s][info   ][gc,metaspace   ] GC(293) Metaspace: 213K(448K)->213K(448K) NonClass: 204K(320K)->204K(320K) Class: 9K(128K)->9K(128K)
[28.180s][info   ][gc             ] GC(293) Pause Young (Allocation Failure) 1321M->764M(1979M) 9.299ms
[28.180s][info   ][gc,cpu         ] GC(293) User=0.01s Sys=0.00s Real=0.01s
[28.248s][info   ][gc,start       ] GC(294) Pause Young (Allocation Failure)
[28.255s][info   ][gc,heap        ] GC(294) DefNew: 617343K(629120K)->47104K(629120K) Eden: 558974K(559232K)->0K(559232K) From: 58368K(69888K)->47104K(69888K)
[28.255s][info   ][gc,heap        ] GC(294) Tenured: 724530K(1398144K)->724530K(1398144K)
[28.255s][info   ][gc,metaspace   ] GC(294) Metaspace: 213K(448K)->213K(448K) NonClass: 204K(320K)->204K(320K) Class: 9K(128K)->9K(128K)
[28.256s][info   ][gc             ] GC(294) Pause Young (Allocation Failure) 1310M->753M(1979M) 7.397ms
[28.256s][info   ][gc,cpu         ] GC(294) User=0.01s Sys=0.00s Real=0.01s
[28.329s][info   ][gc,start       ] GC(295) Pause Young (Allocation Failure)
[28.343s][info   ][gc,heap        ] GC(295) DefNew: 606078K(629120K)->69633K(629120K) Eden: 558974K(559232K)->0K(559232K) From: 47104K(69888K)->69633K(69888K)
[28.343s][info   ][gc,heap        ] GC(295) Tenured: 724530K(1398144K)->725554K(1398144K)
[28.343s][info   ][gc,metaspace   ] GC(295) Metaspace: 213K(448K)->213K(448K) NonClass: 204K(320K)->204K(320K) Class: 9K(128K)->9K(128K)
[28.343s][info   ][gc             ] GC(295) Pause Young (Allocation Failure) 1299M->776M(1979M) 13.488ms
[28.343s][info   ][gc,cpu         ] GC(295) User=0.01s Sys=0.00s Real=0.01s
[28.417s][info   ][gc,start       ] GC(296) Pause Young (Allocation Failure)
[28.422s][info   ][gc,heap        ] GC(296) DefNew: 628607K(629120K)->28672K(629120K) Eden: 558974K(559232K)->0K(559232K) From: 69633K(69888K)->28672K(69888K)
[28.422s][info   ][gc,heap        ] GC(296) Tenured: 725554K(1398144K)->725554K(1398144K)
[28.422s][info   ][gc,metaspace   ] GC(296) Metaspace: 213K(448K)->213K(448K) NonClass: 204K(320K)->204K(320K) Class: 9K(128K)->9K(128K)
[28.422s][info   ][gc             ] GC(296) Pause Young (Allocation Failure) 1322M->736M(1979M) 5.427ms
[28.422s][info   ][gc,cpu         ] GC(296) User=0.01s Sys=0.00s Real=0.00s
[28.492s][info   ][gc,start       ] GC(297) Pause Young (Allocation Failure)
[28.496s][info   ][gc,heap        ] GC(297) DefNew: 587646K(629120K)->17408K(629120K) Eden: 558974K(559232K)->0K(559232K) From: 28672K(69888K)->17408K(69888K)
[28.496s][info   ][gc,heap        ] GC(297) Tenured: 725554K(1398144K)->725554K(1398144K)
[28.496s][info   ][gc,metaspace   ] GC(297) Metaspace: 213K(448K)->213K(448K) NonClass: 204K(320K)->204K(320K) Class: 9K(128K)->9K(128K)
[28.496s][info   ][gc             ] GC(297) Pause Young (Allocation Failure) 1282M->725M(1979M) 3.230ms
[28.496s][info   ][gc,cpu         ] GC(297) User=0.00s Sys=0.00s Real=0.01s
[28.568s][info   ][gc,start       ] GC(298) Pause Young (Allocation Failure)
[28.573s][info   ][gc,heap        ] GC(298) DefNew: 576382K(629120K)->27648K(629120K) Eden: 558974K(559232K)->0K(559232K) From: 17408K(69888K)->27648K(69888K)
[28.573s][info   ][gc,heap        ] GC(298) Tenured: 725554K(1398144K)->725554K(1398144K)
[28.573s][info   ][gc,metaspace   ] GC(298) Metaspace: 213K(448K)->213K(448K) NonClass: 204K(320K)->204K(320K) Class: 9K(128K)->9K(128K)
[28.573s][info   ][gc             ] GC(298) Pause Young (Allocation Failure) 1271M->735M(1979M) 5.282ms
[28.573s][info   ][gc,cpu         ] GC(298) User=0.00s Sys=0.00s Real=0.00s
[28.647s][info   ][gc,start       ] GC(299) Pause Young (Allocation Failure)
[28.654s][info   ][gc,heap        ] GC(299) DefNew: 586622K(629120K)->32768K(629120K) Eden: 558974K(559232K)->0K(559232K) From: 27648K(69888K)->32768K(69888K)
[28.654s][info   ][gc,heap        ] GC(299) Tenured: 725554K(1398144K)->725554K(1398144K)
[28.654s][info   ][gc,metaspace   ] GC(299) Metaspace: 213K(448K)->213K(448K) NonClass: 204K(320K)->204K(320K) Class: 9K(128K)->9K(128K)
[28.654s][info   ][gc             ] GC(299) Pause Young (Allocation Failure) 1281M->740M(1979M) 7.113ms
[28.654s][info   ][gc,cpu         ] GC(299) User=0.00s Sys=0.00s Real=0.00s
[28.727s][info   ][gc,start       ] GC(300) Pause Young (Allocation Failure)
[28.732s][info   ][gc,heap        ] GC(300) DefNew: 591742K(629120K)->23552K(629120K) Eden: 558974K(559232K)->0K(559232K) From: 32768K(69888K)->23552K(69888K)
[28.732s][info   ][gc,heap        ] GC(300) Tenured: 725554K(1398144K)->725554K(1398144K)
[28.732s][info   ][gc,metaspace   ] GC(300) Metaspace: 213K(448K)->213K(448K) NonClass: 204K(320K)->204K(320K) Class: 9K(128K)->9K(128K)
[28.732s][info   ][gc             ] GC(300) Pause Young (Allocation Failure) 1286M->731M(1979M) 5.495ms
[28.732s][info   ][gc,cpu         ] GC(300) User=0.01s Sys=0.00s Real=0.00s
[28.803s][info   ][gc,start       ] GC(301) Pause Young (Allocation Failure)
[28.813s][info   ][gc,heap        ] GC(301) DefNew: 582526K(629120K)->56320K(629120K) Eden: 558974K(559232K)->0K(559232K) From: 23552K(69888K)->56320K(69888K)
[28.813s][info   ][gc,heap        ] GC(301) Tenured: 725554K(1398144K)->725554K(1398144K)
[28.813s][info   ][gc,metaspace   ] GC(301) Metaspace: 213K(448K)->213K(448K) NonClass: 204K(320K)->204K(320K) Class: 9K(128K)->9K(128K)
[28.813s][info   ][gc             ] GC(301) Pause Young (Allocation Failure) 1277M->763M(1979M) 10.112ms
[28.813s][info   ][gc,cpu         ] GC(301) User=0.01s Sys=0.00s Real=0.01s
[28.885s][info   ][gc,start       ] GC(302) Pause Young (Allocation Failure)
[28.891s][info   ][gc,heap        ] GC(302) DefNew: 615295K(629120K)->26624K(629120K) Eden: 558974K(559232K)->0K(559232K) From: 56320K(69888K)->26624K(69888K)
[28.891s][info   ][gc,heap        ] GC(302) Tenured: 725554K(1398144K)->725554K(1398144K)
[28.891s][info   ][gc,metaspace   ] GC(302) Metaspace: 213K(448K)->213K(448K) NonClass: 204K(320K)->204K(320K) Class: 9K(128K)->9K(128K)
[28.892s][info   ][gc             ] GC(302) Pause Young (Allocation Failure) 1309M->734M(1979M) 6.040ms
[28.892s][info   ][gc,cpu         ] GC(302) User=0.00s Sys=0.00s Real=0.00s
[28.960s][info   ][gc,start       ] GC(303) Pause Young (Allocation Failure)
[28.973s][info   ][gc,heap        ] GC(303) DefNew: 585598K(629120K)->69633K(629120K) Eden: 558974K(559232K)->0K(559232K) From: 26624K(69888K)->69633K(69888K)
[28.973s][info   ][gc,heap        ] GC(303) Tenured: 725554K(1398144K)->735794K(1398144K)
[28.973s][info   ][gc,metaspace   ] GC(303) Metaspace: 213K(448K)->213K(448K) NonClass: 204K(320K)->204K(320K) Class: 9K(128K)->9K(128K)
[28.973s][info   ][gc             ] GC(303) Pause Young (Allocation Failure) 1280M->786M(1979M) 13.482ms
[28.973s][info   ][gc,cpu         ] GC(303) User=0.01s Sys=0.00s Real=0.01s
[29.044s][info   ][gc,start       ] GC(304) Pause Young (Allocation Failure)
[29.063s][info   ][gc,heap        ] GC(304) DefNew: 628607K(629120K)->69633K(629120K) Eden: 558974K(559232K)->0K(559232K) From: 69633K(69888K)->69633K(69888K)
[29.063s][info   ][gc,heap        ] GC(304) Tenured: 735794K(1398144K)->771634K(1398144K)
[29.063s][info   ][gc,metaspace   ] GC(304) Metaspace: 213K(448K)->213K(448K) NonClass: 204K(320K)->204K(320K) Class: 9K(128K)->9K(128K)
[29.063s][info   ][gc             ] GC(304) Pause Young (Allocation Failure) 1332M->821M(1979M) 19.306ms
[29.063s][info   ][gc,cpu         ] GC(304) User=0.02s Sys=0.00s Real=0.02s
[29.137s][info   ][gc,start       ] GC(305) Pause Young (Allocation Failure)
[29.149s][info   ][gc,heap        ] GC(305) DefNew: 628607K(629120K)->66561K(629120K) Eden: 558974K(559232K)->0K(559232K) From: 69633K(69888K)->66561K(69888K)
[29.149s][info   ][gc,heap        ] GC(305) Tenured: 771634K(1398144K)->771634K(1398144K)
[29.150s][info   ][gc,metaspace   ] GC(305) Metaspace: 213K(448K)->213K(448K) NonClass: 204K(320K)->204K(320K) Class: 9K(128K)->9K(128K)
[29.150s][info   ][gc             ] GC(305) Pause Young (Allocation Failure) 1367M->818M(1979M) 12.320ms
[29.150s][info   ][gc,cpu         ] GC(305) User=0.01s Sys=0.00s Real=0.01s
[29.222s][info   ][gc,start       ] GC(306) Pause Young (Allocation Failure)
[29.244s][info   ][gc,heap        ] GC(306) DefNew: 625535K(629120K)->69633K(629120K) Eden: 558974K(559232K)->0K(559232K) From: 66561K(69888K)->69633K(69888K)
[29.244s][info   ][gc,heap        ] GC(306) Tenured: 771634K(1398144K)->816691K(1398144K)
[29.244s][info   ][gc,metaspace   ] GC(306) Metaspace: 213K(448K)->213K(448K) NonClass: 204K(320K)->204K(320K) Class: 9K(128K)->9K(128K)
[29.244s][info   ][gc             ] GC(306) Pause Young (Allocation Failure) 1364M->865M(1979M) 21.778ms
[29.244s][info   ][gc,cpu         ] GC(306) User=0.02s Sys=0.00s Real=0.02s
[29.317s][info   ][gc,start       ] GC(307) Pause Young (Allocation Failure)
[29.336s][info   ][gc,heap        ] GC(307) DefNew: 628607K(629120K)->69633K(629120K) Eden: 558974K(559232K)->0K(559232K) From: 69633K(69888K)->69633K(69888K)
[29.336s][info   ][gc,heap        ] GC(307) Tenured: 816691K(1398144K)->849460K(1398144K)
[29.336s][info   ][gc,metaspace   ] GC(307) Metaspace: 213K(448K)->213K(448K) NonClass: 204K(320K)->204K(320K) Class: 9K(128K)->9K(128K)
[29.336s][info   ][gc             ] GC(307) Pause Young (Allocation Failure) 1411M->897M(1979M) 18.723ms
[29.336s][info   ][gc,cpu         ] GC(307) User=0.02s Sys=0.00s Real=0.02s
[29.403s][info   ][gc,start       ] GC(308) Pause Young (Allocation Failure)
[29.425s][info   ][gc,heap        ] GC(308) DefNew: 628607K(629120K)->69633K(629120K) Eden: 558974K(559232K)->0K(559232K) From: 69633K(69888K)->69633K(69888K)
[29.425s][info   ][gc,heap        ] GC(308) Tenured: 849460K(1398144K)->914997K(1398144K)
[29.425s][info   ][gc,metaspace   ] GC(308) Metaspace: 213K(448K)->213K(448K) NonClass: 204K(320K)->204K(320K) Class: 9K(128K)->9K(128K)
[29.426s][info   ][gc             ] GC(308) Pause Young (Allocation Failure) 1443M->961M(1979M) 22.245ms
[29.426s][info   ][gc,cpu         ] GC(308) User=0.02s Sys=0.00s Real=0.03s
[29.496s][info   ][gc,start       ] GC(309) Pause Young (Allocation Failure)
[29.529s][info   ][gc,heap        ] GC(309) DefNew: 628607K(629120K)->69633K(629120K) Eden: 558974K(559232K)->0K(559232K) From: 69633K(69888K)->69633K(69888K)
[29.529s][info   ][gc,heap        ] GC(309) Tenured: 914997K(1398144K)->1020470K(1398144K)
[29.529s][info   ][gc,metaspace   ] GC(309) Metaspace: 213K(448K)->213K(448K) NonClass: 204K(320K)->204K(320K) Class: 9K(128K)->9K(128K)
[29.529s][info   ][gc             ] GC(309) Pause Young (Allocation Failure) 1507M->1064M(1979M) 32.678ms
[29.529s][info   ][gc,cpu         ] GC(309) User=0.03s Sys=0.00s Real=0.03s
[29.602s][info   ][gc,start       ] GC(310) Pause Young (Allocation Failure)
[29.628s][info   ][gc,heap        ] GC(310) DefNew: 628607K(629120K)->69633K(629120K) Eden: 558974K(559232K)->0K(559232K) From: 69633K(69888K)->69633K(69888K)
[29.628s][info   ][gc,heap        ] GC(310) Tenured: 1020470K(1398144K)->1110584K(1398144K)
[29.628s][info   ][gc,metaspace   ] GC(310) Metaspace: 213K(448K)->213K(448K) NonClass: 204K(320K)->204K(320K) Class: 9K(128K)->9K(128K)
[29.628s][info   ][gc             ] GC(310) Pause Young (Allocation Failure) 1610M->1152M(1979M) 26.460ms
[29.628s][info   ][gc,cpu         ] GC(310) User=0.03s Sys=0.00s Real=0.03s
[29.695s][info   ][gc,start       ] GC(311) Pause Young (Allocation Failure)
[29.721s][info   ][gc,heap        ] GC(311) DefNew: 628607K(629120K)->69633K(629120K) Eden: 558974K(559232K)->0K(559232K) From: 69633K(69888K)->69633K(69888K)
[29.721s][info   ][gc,heap        ] GC(311) Tenured: 1110584K(1398144K)->1196601K(1398144K)
[29.721s][info   ][gc,metaspace   ] GC(311) Metaspace: 213K(448K)->213K(448K) NonClass: 204K(320K)->204K(320K) Class: 9K(128K)->9K(128K)
[29.722s][info   ][gc             ] GC(311) Pause Young (Allocation Failure) 1698M->1236M(1979M) 26.099ms
[29.722s][info   ][gc,cpu         ] GC(311) User=0.03s Sys=0.00s Real=0.02s
[29.790s][info   ][gc,start       ] GC(312) Pause Young (Allocation Failure)
[29.823s][info   ][gc,heap        ] GC(312) DefNew: 628607K(629120K)->69633K(629120K) Eden: 558974K(559232K)->0K(559232K) From: 69633K(69888K)->69633K(69888K)
[29.823s][info   ][gc,heap        ] GC(312) Tenured: 1196601K(1398144K)->1304122K(1398144K)
[29.823s][info   ][gc,metaspace   ] GC(312) Metaspace: 213K(448K)->213K(448K) NonClass: 204K(320K)->204K(320K) Class: 9K(128K)->9K(128K)
[29.823s][info   ][gc             ] GC(312) Pause Young (Allocation Failure) 1782M->1341M(1979M) 33.063ms
[29.823s][info   ][gc,cpu         ] GC(312) User=0.03s Sys=0.00s Real=0.03s
[29.896s][info   ][gc,start       ] GC(313) Pause Young (Allocation Failure)
[29.896s][info   ][gc             ] GC(313) Pause Young (Allocation Failure) 1887M->1887M(1979M) 0.117ms
[29.896s][info   ][gc,cpu         ] GC(313) User=0.00s Sys=0.00s Real=0.00s
[29.896s][info   ][gc,start       ] GC(314) Pause Full (Allocation Failure)
[29.896s][info   ][gc,phases,start] GC(314) Phase 1: Mark live objects
[29.897s][info   ][gc,phases      ] GC(314) Phase 1: Mark live objects 0.903ms
[29.897s][info   ][gc,phases,start] GC(314) Phase 2: Compute new object addresses
[29.897s][info   ][gc,phases      ] GC(314) Phase 2: Compute new object addresses 0.551ms
[29.897s][info   ][gc,phases,start] GC(314) Phase 3: Adjust pointers
[29.898s][info   ][gc,phases      ] GC(314) Phase 3: Adjust pointers 0.398ms
[29.898s][info   ][gc,phases,start] GC(314) Phase 4: Move objects
[29.920s][info   ][gc,phases      ] GC(314) Phase 4: Move objects 21.737ms
[29.920s][info   ][gc,heap        ] GC(314) DefNew: 628607K(629120K)->0K(629120K) Eden: 558974K(559232K)->0K(559232K) From: 69633K(69888K)->0K(69888K)
[29.920s][info   ][gc,heap        ] GC(314) Tenured: 1304122K(1398144K)->173609K(1398144K)
[29.920s][info   ][gc,metaspace   ] GC(314) Metaspace: 213K(448K)->213K(448K) NonClass: 204K(320K)->204K(320K) Class: 9K(128K)->9K(128K)
[29.920s][info   ][gc             ] GC(314) Pause Full (Allocation Failure) 1887M->169M(1979M) 24.108ms
[29.920s][info   ][gc,cpu         ] GC(314) User=0.02s Sys=0.00s Real=0.02s
[29.993s][info   ][gc,start       ] GC(315) Pause Young (Allocation Failure)
[30.028s][info   ][gc,heap        ] GC(315) DefNew: 558974K(629120K)->69633K(629120K) Eden: 558974K(559232K)->0K(559232K) From: 0K(69888K)->69633K(69888K)
[30.028s][info   ][gc,heap        ] GC(315) Tenured: 173609K(1398144K)->303659K(1398144K)
[30.028s][info   ][gc,metaspace   ] GC(315) Metaspace: 213K(448K)->213K(448K) NonClass: 204K(320K)->204K(320K) Class: 9K(128K)->9K(128K)
[30.028s][info   ][gc             ] GC(315) Pause Young (Allocation Failure) 715M->364M(1979M) 34.535ms
[30.028s][info   ][gc,cpu         ] GC(315) User=0.03s Sys=0.00s Real=0.04s
[30.096s][info   ][gc,start       ] GC(316) Pause Young (Allocation Failure)
[30.125s][info   ][gc,heap        ] GC(316) DefNew: 628607K(629120K)->69633K(629120K) Eden: 558974K(559232K)->0K(559232K) From: 69633K(69888K)->69633K(69888K)
[30.125s][info   ][gc,heap        ] GC(316) Tenured: 303659K(1398144K)->412205K(1398144K)
[30.125s][info   ][gc,metaspace   ] GC(316) Metaspace: 213K(448K)->213K(448K) NonClass: 204K(320K)->204K(320K) Class: 9K(128K)->9K(128K)
[30.125s][info   ][gc             ] GC(316) Pause Young (Allocation Failure) 910M->470M(1979M) 29.701ms
[30.125s][info   ][gc,cpu         ] GC(316) User=0.03s Sys=0.00s Real=0.03s
[30.193s][info   ][gc,start       ] GC(317) Pause Young (Allocation Failure)
[30.221s][info   ][gc,heap        ] GC(317) DefNew: 628607K(629120K)->69633K(629120K) Eden: 558974K(559232K)->0K(559232K) From: 69633K(69888K)->69633K(69888K)
[30.221s][info   ][gc,heap        ] GC(317) Tenured: 412205K(1398144K)->508462K(1398144K)
[30.221s][info   ][gc,metaspace   ] GC(317) Metaspace: 213K(448K)->213K(448K) NonClass: 204K(320K)->204K(320K) Class: 9K(128K)->9K(128K)
[30.221s][info   ][gc             ] GC(317) Pause Young (Allocation Failure) 1016M->564M(1979M) 27.677ms
[30.221s][info   ][gc,cpu         ] GC(317) User=0.03s Sys=0.00s Real=0.03s
[30.289s][info   ][gc,start       ] GC(318) Pause Young (Allocation Failure)
[30.316s][info   ][gc,heap        ] GC(318) DefNew: 628607K(629120K)->69633K(629120K) Eden: 558974K(559232K)->0K(559232K) From: 69633K(69888K)->69633K(69888K)
[30.316s][info   ][gc,heap        ] GC(318) Tenured: 508462K(1398144K)->611888K(1398144K)
[30.316s][info   ][gc,metaspace   ] GC(318) Metaspace: 213K(448K)->213K(448K) NonClass: 204K(320K)->204K(320K) Class: 9K(128K)->9K(128K)
[30.316s][info   ][gc             ] GC(318) Pause Young (Allocation Failure) 1110M->665M(1979M) 27.444ms
[30.316s][info   ][gc,cpu         ] GC(318) User=0.03s Sys=0.00s Real=0.03s
[30.384s][info   ][gc,start       ] GC(319) Pause Young (Allocation Failure)
[30.406s][info   ][gc,heap        ] GC(319) DefNew: 628607K(629120K)->69633K(629120K) Eden: 558974K(559232K)->0K(559232K) From: 69633K(69888K)->69633K(69888K)
[30.406s][info   ][gc,heap        ] GC(319) Tenured: 611888K(1398144K)->674353K(1398144K)
[30.406s][info   ][gc,metaspace   ] GC(319) Metaspace: 213K(448K)->213K(448K) NonClass: 204K(320K)->204K(320K) Class: 9K(128K)->9K(128K)
[30.406s][info   ][gc             ] GC(319) Pause Young (Allocation Failure) 1211M->726M(1979M) 22.468ms
[30.406s][info   ][gc,cpu         ] GC(319) User=0.02s Sys=0.00s Real=0.03s
[30.474s][info   ][gc,start       ] GC(320) Pause Young (Allocation Failure)
[30.494s][info   ][gc,heap        ] GC(320) DefNew: 628607K(629120K)->69633K(629120K) Eden: 558974K(559232K)->0K(559232K) From: 69633K(69888K)->69633K(69888K)
[30.494s][info   ][gc,heap        ] GC(320) Tenured: 674353K(1398144K)->717362K(1398144K)
[30.494s][info   ][gc,metaspace   ] GC(320) Metaspace: 213K(448K)->213K(448K) NonClass: 204K(320K)->204K(320K) Class: 9K(128K)->9K(128K)
[30.494s][info   ][gc             ] GC(320) Pause Young (Allocation Failure) 1272M->768M(1979M) 19.434ms
[30.494s][info   ][gc,cpu         ] GC(320) User=0.02s Sys=0.00s Real=0.01s
[30.566s][info   ][gc,start       ] GC(321) Pause Young (Allocation Failure)
[30.586s][info   ][gc,heap        ] GC(321) DefNew: 628607K(629120K)->69633K(629120K) Eden: 558974K(559232K)->0K(559232K) From: 69633K(69888K)->69633K(69888K)
[30.586s][info   ][gc,heap        ] GC(321) Tenured: 717362K(1398144K)->759346K(1398144K)
[30.586s][info   ][gc,metaspace   ] GC(321) Metaspace: 213K(448K)->213K(448K) NonClass: 204K(320K)->204K(320K) Class: 9K(128K)->9K(128K)
[30.586s][info   ][gc             ] GC(321) Pause Young (Allocation Failure) 1314M->809M(1979M) 19.953ms
[30.586s][info   ][gc,cpu         ] GC(321) User=0.02s Sys=0.00s Real=0.02s
[30.662s][info   ][gc,start       ] GC(322) Pause Young (Allocation Failure)
[30.682s][info   ][gc,heap        ] GC(322) DefNew: 628607K(629120K)->69633K(629120K) Eden: 558974K(559232K)->0K(559232K) From: 69633K(69888K)->69633K(69888K)
[30.682s][info   ][gc,heap        ] GC(322) Tenured: 759346K(1398144K)->777778K(1398144K)
[30.682s][info   ][gc,metaspace   ] GC(322) Metaspace: 213K(448K)->213K(448K) NonClass: 204K(320K)->204K(320K) Class: 9K(128K)->9K(128K)
[30.682s][info   ][gc             ] GC(322) Pause Young (Allocation Failure) 1355M->827M(1979M) 19.784ms
[30.682s][info   ][gc,cpu         ] GC(322) User=0.02s Sys=0.00s Real=0.02s
[30.758s][info   ][gc,start       ] GC(323) Pause Young (Allocation Failure)
[30.777s][info   ][gc,heap        ] GC(323) DefNew: 628607K(629120K)->69633K(629120K) Eden: 558974K(559232K)->0K(559232K) From: 69633K(69888K)->69633K(69888K)
[30.777s][info   ][gc,heap        ] GC(323) Tenured: 777778K(1398144K)->809523K(1398144K)
[30.777s][info   ][gc,metaspace   ] GC(323) Metaspace: 213K(448K)->213K(448K) NonClass: 204K(320K)->204K(320K) Class: 9K(128K)->9K(128K)
[30.777s][info   ][gc             ] GC(323) Pause Young (Allocation Failure) 1373M->858M(1979M) 18.589ms
[30.777s][info   ][gc,cpu         ] GC(323) User=0.02s Sys=0.00s Real=0.02s
[30.849s][info   ][gc,start       ] GC(324) Pause Young (Allocation Failure)
[30.863s][info   ][gc,heap        ] GC(324) DefNew: 628607K(629120K)->69633K(629120K) Eden: 558974K(559232K)->0K(559232K) From: 69633K(69888K)->69633K(69888K)
[30.863s][info   ][gc,heap        ] GC(324) Tenured: 809523K(1398144K)->818739K(1398144K)
[30.863s][info   ][gc,metaspace   ] GC(324) Metaspace: 213K(448K)->213K(448K) NonClass: 204K(320K)->204K(320K) Class: 9K(128K)->9K(128K)
[30.863s][info   ][gc             ] GC(324) Pause Young (Allocation Failure) 1404M->867M(1979M) 13.699ms
[30.863s][info   ][gc,cpu         ] GC(324) User=0.01s Sys=0.00s Real=0.01s
[30.932s][info   ][gc,start       ] GC(325) Pause Young (Allocation Failure)
[30.947s][info   ][gc,heap        ] GC(325) DefNew: 628607K(629120K)->69633K(629120K) Eden: 558974K(559232K)->0K(559232K) From: 69633K(69888K)->69633K(69888K)
[30.947s][info   ][gc,heap        ] GC(325) Tenured: 818739K(1398144K)->840243K(1398144K)
[30.947s][info   ][gc,metaspace   ] GC(325) Metaspace: 213K(448K)->213K(448K) NonClass: 204K(320K)->204K(320K) Class: 9K(128K)->9K(128K)
[30.947s][info   ][gc             ] GC(325) Pause Young (Allocation Failure) 1413M->888M(1979M) 15.068ms
[30.947s][info   ][gc,cpu         ] GC(325) User=0.01s Sys=0.00s Real=0.02s
[31.014s][info   ][gc,start       ] GC(326) Pause Young (Allocation Failure)
[31.028s][info   ][gc,heap        ] GC(326) DefNew: 628607K(629120K)->69633K(629120K) Eden: 558974K(559232K)->0K(559232K) From: 69633K(69888K)->69633K(69888K)
[31.028s][info   ][gc,heap        ] GC(326) Tenured: 840243K(1398144K)->851508K(1398144K)
[31.028s][info   ][gc,metaspace   ] GC(326) Metaspace: 213K(448K)->213K(448K) NonClass: 204K(320K)->204K(320K) Class: 9K(128K)->9K(128K)
[31.028s][info   ][gc             ] GC(326) Pause Young (Allocation Failure) 1434M->899M(1979M) 14.161ms
[31.028s][info   ][gc,cpu         ] GC(326) User=0.02s Sys=0.00s Real=0.02s
[31.096s][info   ][gc,start       ] GC(327) Pause Young (Allocation Failure)
[31.121s][info   ][gc,heap        ] GC(327) DefNew: 628607K(629120K)->69633K(629120K) Eden: 558974K(559232K)->0K(559232K) From: 69633K(69888K)->69633K(69888K)
[31.121s][info   ][gc,heap        ] GC(327) Tenured: 851508K(1398144K)->929333K(1398144K)
[31.121s][info   ][gc,metaspace   ] GC(327) Metaspace: 213K(448K)->213K(448K) NonClass: 204K(320K)->204K(320K) Class: 9K(128K)->9K(128K)
[31.121s][info   ][gc             ] GC(327) Pause Young (Allocation Failure) 1445M->975M(1979M) 25.313ms
[31.121s][info   ][gc,cpu         ] GC(327) User=0.03s Sys=0.00s Real=0.02s
[31.194s][info   ][gc,start       ] GC(328) Pause Young (Allocation Failure)
[31.226s][info   ][gc,heap        ] GC(328) DefNew: 628607K(629120K)->69633K(629120K) Eden: 558974K(559232K)->0K(559232K) From: 69633K(69888K)->69633K(69888K)
[31.226s][info   ][gc,heap        ] GC(328) Tenured: 929333K(1398144K)->1022518K(1398144K)
[31.226s][info   ][gc,metaspace   ] GC(328) Metaspace: 213K(448K)->213K(448K) NonClass: 204K(320K)->204K(320K) Class: 9K(128K)->9K(128K)
[31.226s][info   ][gc             ] GC(328) Pause Young (Allocation Failure) 1521M->1066M(1979M) 31.286ms
[31.226s][info   ][gc,cpu         ] GC(328) User=0.03s Sys=0.00s Real=0.03s
[31.296s][info   ][gc,start       ] GC(329) Pause Young (Allocation Failure)
[31.328s][info   ][gc,heap        ] GC(329) DefNew: 628607K(629120K)->69633K(629120K) Eden: 558974K(559232K)->0K(559232K) From: 69633K(69888K)->69633K(69888K)
[31.328s][info   ][gc,heap        ] GC(329) Tenured: 1022518K(1398144K)->1131064K(1398144K)
[31.328s][info   ][gc,metaspace   ] GC(329) Metaspace: 213K(448K)->213K(448K) NonClass: 204K(320K)->204K(320K) Class: 9K(128K)->9K(128K)
[31.328s][info   ][gc             ] GC(329) Pause Young (Allocation Failure) 1612M->1172M(1979M) 31.624ms
[31.328s][info   ][gc,cpu         ] GC(329) User=0.03s Sys=0.00s Real=0.03s
[31.396s][info   ][gc,start       ] GC(330) Pause Young (Allocation Failure)
[31.429s][info   ][gc,heap        ] GC(330) DefNew: 628607K(629120K)->69633K(629120K) Eden: 558974K(559232K)->0K(559232K) From: 69633K(69888K)->69633K(69888K)
[31.429s][info   ][gc,heap        ] GC(330) Tenured: 1131064K(1398144K)->1264186K(1398144K)
[31.429s][info   ][gc,metaspace   ] GC(330) Metaspace: 213K(448K)->213K(448K) NonClass: 204K(320K)->204K(320K) Class: 9K(128K)->9K(128K)
[31.429s][info   ][gc             ] GC(330) Pause Young (Allocation Failure) 1718M->1302M(1979M) 32.351ms
[31.429s][info   ][gc,cpu         ] GC(330) User=0.03s Sys=0.00s Real=0.03s
[31.500s][info   ][gc,start       ] GC(331) Pause Young (Allocation Failure)
[31.500s][info   ][gc             ] GC(331) Pause Young (Allocation Failure) 1848M->1848M(1979M) 0.089ms
[31.500s][info   ][gc,cpu         ] GC(331) User=0.00s Sys=0.00s Real=0.00s
[31.500s][info   ][gc,start       ] GC(332) Pause Full (Allocation Failure)
[31.500s][info   ][gc,phases,start] GC(332) Phase 1: Mark live objects
[31.501s][info   ][gc,phases      ] GC(332) Phase 1: Mark live objects 0.810ms
[31.501s][info   ][gc,phases,start] GC(332) Phase 2: Compute new object addresses
[31.501s][info   ][gc,phases      ] GC(332) Phase 2: Compute new object addresses 0.342ms
[31.501s][info   ][gc,phases,start] GC(332) Phase 3: Adjust pointers
[31.501s][info   ][gc,phases      ] GC(332) Phase 3: Adjust pointers 0.266ms
[31.501s][info   ][gc,phases,start] GC(332) Phase 4: Move objects
[31.537s][info   ][gc,phases      ] GC(332) Phase 4: Move objects 35.312ms
[31.537s][info   ][gc,heap        ] GC(332) DefNew: 628607K(629120K)->0K(629120K) Eden: 558974K(559232K)->0K(559232K) From: 69633K(69888K)->0K(69888K)
[31.537s][info   ][gc,heap        ] GC(332) Tenured: 1264186K(1398144K)->255530K(1398144K)
[31.537s][info   ][gc,metaspace   ] GC(332) Metaspace: 213K(448K)->213K(448K) NonClass: 204K(320K)->204K(320K) Class: 9K(128K)->9K(128K)
[31.537s][info   ][gc             ] GC(332) Pause Full (Allocation Failure) 1848M->249M(1979M) 37.307ms
[31.537s][info   ][gc,cpu         ] GC(332) User=0.04s Sys=0.00s Real=0.04s
[31.610s][info   ][gc,start       ] GC(333) Pause Young (Allocation Failure)
[31.642s][info   ][gc,heap        ] GC(333) DefNew: 558974K(629120K)->69633K(629120K) Eden: 558974K(559232K)->0K(559232K) From: 0K(69888K)->69633K(69888K)
[31.642s][info   ][gc,heap        ] GC(333) Tenured: 255530K(1398144K)->381484K(1398144K)
[31.642s][info   ][gc,metaspace   ] GC(333) Metaspace: 213K(448K)->213K(448K) NonClass: 204K(320K)->204K(320K) Class: 9K(128K)->9K(128K)
[31.642s][info   ][gc             ] GC(333) Pause Young (Allocation Failure) 795M->440M(1979M) 32.169ms
[31.642s][info   ][gc,cpu         ] GC(333) User=0.03s Sys=0.00s Real=0.03s
[31.710s][info   ][gc,start       ] GC(334) Pause Young (Allocation Failure)
[31.748s][info   ][gc,heap        ] GC(334) DefNew: 628607K(629120K)->69633K(629120K) Eden: 558974K(559232K)->0K(559232K) From: 69633K(69888K)->69633K(69888K)
[31.748s][info   ][gc,heap        ] GC(334) Tenured: 381484K(1398144K)->538159K(1398144K)
[31.748s][info   ][gc,metaspace   ] GC(334) Metaspace: 213K(448K)->213K(448K) NonClass: 204K(320K)->204K(320K) Class: 9K(128K)->9K(128K)
[31.748s][info   ][gc             ] GC(334) Pause Young (Allocation Failure) 986M->593M(1979M) 37.545ms
[31.748s][info   ][gc,cpu         ] GC(334) User=0.04s Sys=0.00s Real=0.04s
[31.817s][info   ][gc,start       ] GC(335) Pause Young (Allocation Failure)
[31.846s][info   ][gc,heap        ] GC(335) DefNew: 628607K(629120K)->69633K(629120K) Eden: 558974K(559232K)->0K(559232K) From: 69633K(69888K)->69633K(69888K)
[31.846s][info   ][gc,heap        ] GC(335) Tenured: 538159K(1398144K)->646704K(1398144K)
[31.846s][info   ][gc,metaspace   ] GC(335) Metaspace: 213K(448K)->213K(448K) NonClass: 204K(320K)->204K(320K) Class: 9K(128K)->9K(128K)
[31.846s][info   ][gc             ] GC(335) Pause Young (Allocation Failure) 1139M->699M(1979M) 29.404ms
[31.846s][info   ][gc,cpu         ] GC(335) User=0.03s Sys=0.00s Real=0.03s
[31.916s][info   ][gc,start       ] GC(336) Pause Young (Allocation Failure)
[31.952s][info   ][gc,heap        ] GC(336) DefNew: 628607K(629120K)->69633K(629120K) Eden: 558974K(559232K)->0K(559232K) From: 69633K(69888K)->69633K(69888K)
[31.952s][info   ][gc,heap        ] GC(336) Tenured: 646704K(1398144K)->784947K(1398144K)
[31.952s][info   ][gc,metaspace   ] GC(336) Metaspace: 213K(448K)->213K(448K) NonClass: 204K(320K)->204K(320K) Class: 9K(128K)->9K(128K)
[31.952s][info   ][gc             ] GC(336) Pause Young (Allocation Failure) 1245M->834M(1979M) 35.936ms
[31.952s][info   ][gc,cpu         ] GC(336) User=0.03s Sys=0.00s Real=0.03s
[32.022s][info   ][gc,start       ] GC(337) Pause Young (Allocation Failure)
[32.058s][info   ][gc,heap        ] GC(337) DefNew: 628607K(629120K)->69633K(629120K) Eden: 558974K(559232K)->0K(559232K) From: 69633K(69888K)->69633K(69888K)
[32.058s][info   ][gc,heap        ] GC(337) Tenured: 784947K(1398144K)->934453K(1398144K)
[32.058s][info   ][gc,metaspace   ] GC(337) Metaspace: 213K(448K)->213K(448K) NonClass: 204K(320K)->204K(320K) Class: 9K(128K)->9K(128K)
[32.058s][info   ][gc             ] GC(337) Pause Young (Allocation Failure) 1380M->980M(1979M) 35.799ms
[32.058s][info   ][gc,cpu         ] GC(337) User=0.04s Sys=0.00s Real=0.04s
[32.131s][info   ][gc,start       ] GC(338) Pause Young (Allocation Failure)
[32.170s][info   ][gc,heap        ] GC(338) DefNew: 628607K(629120K)->69633K(629120K) Eden: 558974K(559232K)->0K(559232K) From: 69633K(69888K)->69633K(69888K)
[32.170s][info   ][gc,heap        ] GC(338) Tenured: 934453K(1398144K)->1081911K(1398144K)
[32.170s][info   ][gc,metaspace   ] GC(338) Metaspace: 213K(448K)->213K(448K) NonClass: 204K(320K)->204K(320K) Class: 9K(128K)->9K(128K)
[32.170s][info   ][gc             ] GC(338) Pause Young (Allocation Failure) 1526M->1124M(1979M) 39.161ms
[32.170s][info   ][gc,cpu         ] GC(338) User=0.04s Sys=0.00s Real=0.04s
[32.243s][info   ][gc,start       ] GC(339) Pause Young (Allocation Failure)
[32.284s][info   ][gc,heap        ] GC(339) DefNew: 628607K(629120K)->69633K(629120K) Eden: 558974K(559232K)->0K(559232K) From: 69633K(69888K)->69633K(69888K)
[32.284s][info   ][gc,heap        ] GC(339) Tenured: 1081911K(1398144K)->1266234K(1398144K)
[32.284s][info   ][gc,metaspace   ] GC(339) Metaspace: 213K(448K)->213K(448K) NonClass: 204K(320K)->204K(320K) Class: 9K(128K)->9K(128K)
[32.284s][info   ][gc             ] GC(339) Pause Young (Allocation Failure) 1670M->1304M(1979M) 41.895ms
[32.284s][info   ][gc,cpu         ] GC(339) User=0.05s Sys=0.00s Real=0.05s
[32.357s][info   ][gc,start       ] GC(340) Pause Young (Allocation Failure)
[32.357s][info   ][gc             ] GC(340) Pause Young (Allocation Failure) 1850M->1850M(1979M) 0.133ms
[32.357s][info   ][gc,cpu         ] GC(340) User=0.00s Sys=0.00s Real=0.00s
[32.357s][info   ][gc,start       ] GC(341) Pause Full (Allocation Failure)
[32.357s][info   ][gc,phases,start] GC(341) Phase 1: Mark live objects
[32.358s][info   ][gc,phases      ] GC(341) Phase 1: Mark live objects 0.976ms
[32.358s][info   ][gc,phases,start] GC(341) Phase 2: Compute new object addresses
[32.359s][info   ][gc,phases      ] GC(341) Phase 2: Compute new object addresses 0.379ms
[32.359s][info   ][gc,phases,start] GC(341) Phase 3: Adjust pointers
[32.359s][info   ][gc,phases      ] GC(341) Phase 3: Adjust pointers 0.298ms
[32.359s][info   ][gc,phases,start] GC(341) Phase 4: Move objects
[32.389s][info   ][gc,phases      ] GC(341) Phase 4: Move objects 30.455ms
[32.390s][info   ][gc,heap        ] GC(341) DefNew: 628607K(629120K)->0K(629120K) Eden: 558974K(559232K)->0K(559232K) From: 69633K(69888K)->0K(69888K)
[32.390s][info   ][gc,heap        ] GC(341) Tenured: 1266234K(1398144K)->281131K(1398144K)
[32.390s][info   ][gc,metaspace   ] GC(341) Metaspace: 213K(448K)->213K(448K) NonClass: 204K(320K)->204K(320K) Class: 9K(128K)->9K(128K)
[32.390s][info   ][gc             ] GC(341) Pause Full (Allocation Failure) 1850M->274M(1979M) 32.470ms
[32.390s][info   ][gc,cpu         ] GC(341) User=0.03s Sys=0.00s Real=0.03s
[32.461s][info   ][gc,start       ] GC(342) Pause Young (Allocation Failure)
[32.506s][info   ][gc,heap        ] GC(342) DefNew: 558974K(629120K)->69633K(629120K) Eden: 558974K(559232K)->0K(559232K) From: 0K(69888K)->69633K(69888K)
[32.506s][info   ][gc,heap        ] GC(342) Tenured: 281131K(1398144K)->445997K(1398144K)
[32.506s][info   ][gc,metaspace   ] GC(342) Metaspace: 213K(448K)->213K(448K) NonClass: 204K(320K)->204K(320K) Class: 9K(128K)->9K(128K)
[32.506s][info   ][gc             ] GC(342) Pause Young (Allocation Failure) 820M->503M(1979M) 44.652ms
[32.506s][info   ][gc,cpu         ] GC(342) User=0.04s Sys=0.00s Real=0.05s
[32.575s][info   ][gc,start       ] GC(343) Pause Young (Allocation Failure)
[32.618s][info   ][gc,heap        ] GC(343) DefNew: 628607K(629120K)->69633K(629120K) Eden: 558974K(559232K)->0K(559232K) From: 69633K(69888K)->69633K(69888K)
[32.618s][info   ][gc,heap        ] GC(343) Tenured: 445997K(1398144K)->620080K(1398144K)
[32.618s][info   ][gc,metaspace   ] GC(343) Metaspace: 213K(448K)->213K(448K) NonClass: 204K(320K)->204K(320K) Class: 9K(128K)->9K(128K)
[32.618s][info   ][gc             ] GC(343) Pause Young (Allocation Failure) 1049M->673M(1979M) 43.697ms
[32.618s][info   ][gc,cpu         ] GC(343) User=0.05s Sys=0.00s Real=0.04s
[32.687s][info   ][gc,start       ] GC(344) Pause Young (Allocation Failure)
[32.722s][info   ][gc,heap        ] GC(344) DefNew: 628607K(629120K)->69633K(629120K) Eden: 558974K(559232K)->0K(559232K) From: 69633K(69888K)->69633K(69888K)
[32.722s][info   ][gc,heap        ] GC(344) Tenured: 620080K(1398144K)->764466K(1398144K)
[32.722s][info   ][gc,metaspace   ] GC(344) Metaspace: 213K(448K)->213K(448K) NonClass: 204K(320K)->204K(320K) Class: 9K(128K)->9K(128K)
[32.722s][info   ][gc             ] GC(344) Pause Young (Allocation Failure) 1219M->814M(1979M) 34.858ms
[32.722s][info   ][gc,cpu         ] GC(344) User=0.03s Sys=0.00s Real=0.03s
[32.790s][info   ][gc,start       ] GC(345) Pause Young (Allocation Failure)
[32.821s][info   ][gc,heap        ] GC(345) DefNew: 628607K(629120K)->69633K(629120K) Eden: 558974K(559232K)->0K(559232K) From: 69633K(69888K)->69633K(69888K)
[32.821s][info   ][gc,heap        ] GC(345) Tenured: 764466K(1398144K)->884276K(1398144K)
[32.821s][info   ][gc,metaspace   ] GC(345) Metaspace: 213K(448K)->213K(448K) NonClass: 204K(320K)->204K(320K) Class: 9K(128K)->9K(128K)
[32.821s][info   ][gc             ] GC(345) Pause Young (Allocation Failure) 1360M->931M(1979M) 30.587ms
[32.821s][info   ][gc,cpu         ] GC(345) User=0.03s Sys=0.00s Real=0.03s
[32.892s][info   ][gc,start       ] GC(346) Pause Young (Allocation Failure)
[32.931s][info   ][gc,heap        ] GC(346) DefNew: 628607K(629120K)->69633K(629120K) Eden: 558974K(559232K)->0K(559232K) From: 69633K(69888K)->69633K(69888K)
[32.931s][info   ][gc,heap        ] GC(346) Tenured: 884276K(1398144K)->1046071K(1398144K)
[32.931s][info   ][gc,metaspace   ] GC(346) Metaspace: 213K(448K)->213K(448K) NonClass: 204K(320K)->204K(320K) Class: 9K(128K)->9K(128K)
[32.931s][info   ][gc             ] GC(346) Pause Young (Allocation Failure) 1477M->1089M(1979M) 39.571ms
[32.931s][info   ][gc,cpu         ] GC(346) User=0.04s Sys=0.00s Real=0.04s
[33.001s][info   ][gc,start       ] GC(347) Pause Young (Allocation Failure)
[33.043s][info   ][gc,heap        ] GC(347) DefNew: 628607K(629120K)->69633K(629120K) Eden: 558974K(559232K)->0K(559232K) From: 69633K(69888K)->69633K(69888K)
[33.043s][info   ][gc,heap        ] GC(347) Tenured: 1046071K(1398144K)->1222201K(1398144K)
[33.043s][info   ][gc,metaspace   ] GC(347) Metaspace: 213K(448K)->213K(448K) NonClass: 204K(320K)->204K(320K) Class: 9K(128K)->9K(128K)
[33.043s][info   ][gc             ] GC(347) Pause Young (Allocation Failure) 1635M->1261M(1979M) 41.290ms
[33.043s][info   ][gc,cpu         ] GC(347) User=0.04s Sys=0.00s Real=0.04s
[33.115s][info   ][gc,start       ] GC(348) Pause Young (Allocation Failure)
[33.115s][info   ][gc             ] GC(348) Pause Young (Allocation Failure) 1807M->1807M(1979M) 0.153ms
[33.115s][info   ][gc,cpu         ] GC(348) User=0.00s Sys=0.00s Real=0.00s
[33.115s][info   ][gc,start       ] GC(349) Pause Full (Allocation Failure)
[33.115s][info   ][gc,phases,start] GC(349) Phase 1: Mark live objects
[33.116s][info   ][gc,phases      ] GC(349) Phase 1: Mark live objects 0.752ms
[33.116s][info   ][gc,phases,start] GC(349) Phase 2: Compute new object addresses
[33.117s][info   ][gc,phases      ] GC(349) Phase 2: Compute new object addresses 0.334ms
[33.117s][info   ][gc,phases,start] GC(349) Phase 3: Adjust pointers
[33.117s][info   ][gc,phases      ] GC(349) Phase 3: Adjust pointers 0.294ms
[33.117s][info   ][gc,phases,start] GC(349) Phase 4: Move objects
[33.140s][info   ][gc,phases      ] GC(349) Phase 4: Move objects 22.737ms
[33.140s][info   ][gc,heap        ] GC(349) DefNew: 628607K(629120K)->0K(629120K) Eden: 558974K(559232K)->0K(559232K) From: 69633K(69888K)->0K(69888K)
[33.140s][info   ][gc,heap        ] GC(349) Tenured: 1222201K(1398144K)->194090K(1398144K)
[33.140s][info   ][gc,metaspace   ] GC(349) Metaspace: 213K(448K)->213K(448K) NonClass: 204K(320K)->204K(320K) Class: 9K(128K)->9K(128K)
[33.140s][info   ][gc             ] GC(349) Pause Full (Allocation Failure) 1807M->189M(1979M) 24.450ms
[33.140s][info   ][gc,cpu         ] GC(349) User=0.03s Sys=0.00s Real=0.02s
[33.210s][info   ][gc,start       ] GC(350) Pause Young (Allocation Failure)
[33.238s][info   ][gc,heap        ] GC(350) DefNew: 558974K(629120K)->69633K(629120K) Eden: 558974K(559232K)->0K(559232K) From: 0K(69888K)->69633K(69888K)
[33.239s][info   ][gc,heap        ] GC(350) Tenured: 194090K(1398144K)->302635K(1398144K)
[33.239s][info   ][gc,metaspace   ] GC(350) Metaspace: 213K(448K)->213K(448K) NonClass: 204K(320K)->204K(320K) Class: 9K(128K)->9K(128K)
[33.239s][info   ][gc             ] GC(350) Pause Young (Allocation Failure) 735M->363M(1979M) 28.896ms
[33.239s][info   ][gc,cpu         ] GC(350) User=0.03s Sys=0.00s Real=0.03s
[33.306s][info   ][gc,start       ] GC(351) Pause Young (Allocation Failure)
[33.334s][info   ][gc,heap        ] GC(351) DefNew: 628607K(629120K)->69633K(629120K) Eden: 558974K(559232K)->0K(559232K) From: 69633K(69888K)->69633K(69888K)
[33.334s][info   ][gc,heap        ] GC(351) Tenured: 302635K(1398144K)->399917K(1398144K)
[33.334s][info   ][gc,metaspace   ] GC(351) Metaspace: 213K(448K)->213K(448K) NonClass: 204K(320K)->204K(320K) Class: 9K(128K)->9K(128K)
[33.334s][info   ][gc             ] GC(351) Pause Young (Allocation Failure) 909M->458M(1979M) 27.893ms
[33.334s][info   ][gc,cpu         ] GC(351) User=0.03s Sys=0.00s Real=0.03s
[33.426s][info   ][gc,start       ] GC(352) Pause Young (Allocation Failure)
[33.474s][info   ][gc,heap        ] GC(352) DefNew: 628607K(629120K)->69633K(629120K) Eden: 558974K(559232K)->0K(559232K) From: 69633K(69888K)->69633K(69888K)
[33.475s][info   ][gc,heap        ] GC(352) Tenured: 399917K(1398144K)->534063K(1398144K)
[33.475s][info   ][gc,metaspace   ] GC(352) Metaspace: 213K(448K)->213K(448K) NonClass: 204K(320K)->204K(320K) Class: 9K(128K)->9K(128K)
[33.475s][info   ][gc             ] GC(352) Pause Young (Allocation Failure) 1004M->589M(1979M) 49.082ms
[33.475s][info   ][gc,cpu         ] GC(352) User=0.05s Sys=0.00s Real=0.05s
[33.556s][info   ][gc,start       ] GC(353) Pause Young (Allocation Failure)
[33.588s][info   ][gc,heap        ] GC(353) DefNew: 628607K(629120K)->69633K(629120K) Eden: 558974K(559232K)->0K(559232K) From: 69633K(69888K)->69633K(69888K)
[33.588s][info   ][gc,heap        ] GC(353) Tenured: 534063K(1398144K)->623152K(1398144K)
[33.588s][info   ][gc,metaspace   ] GC(353) Metaspace: 213K(448K)->213K(448K) NonClass: 204K(320K)->204K(320K) Class: 9K(128K)->9K(128K)
[33.588s][info   ][gc             ] GC(353) Pause Young (Allocation Failure) 1135M->676M(1979M) 31.931ms
[33.588s][info   ][gc,cpu         ] GC(353) User=0.03s Sys=0.00s Real=0.03s
[33.663s][info   ][gc,start       ] GC(354) Pause Young (Allocation Failure)
[33.690s][info   ][gc,heap        ] GC(354) DefNew: 628607K(629120K)->69633K(629120K) Eden: 558974K(559232K)->0K(559232K) From: 69633K(69888K)->69633K(69888K)
[33.690s][info   ][gc,heap        ] GC(354) Tenured: 623152K(1398144K)->702001K(1398144K)
[33.690s][info   ][gc,metaspace   ] GC(354) Metaspace: 213K(448K)->213K(448K) NonClass: 204K(320K)->204K(320K) Class: 9K(128K)->9K(128K)
[33.690s][info   ][gc             ] GC(354) Pause Young (Allocation Failure) 1222M->753M(1979M) 27.583ms
[33.691s][info   ][gc,cpu         ] GC(354) User=0.03s Sys=0.00s Real=0.03s
[33.766s][info   ][gc,start       ] GC(355) Pause Young (Allocation Failure)
[33.797s][info   ][gc,heap        ] GC(355) DefNew: 628607K(629120K)->69633K(629120K) Eden: 558974K(559232K)->0K(559232K) From: 69633K(69888K)->69633K(69888K)
[33.797s][info   ][gc,heap        ] GC(355) Tenured: 702001K(1398144K)->773682K(1398144K)
[33.797s][info   ][gc,metaspace   ] GC(355) Metaspace: 213K(448K)->213K(448K) NonClass: 204K(320K)->204K(320K) Class: 9K(128K)->9K(128K)
[33.797s][info   ][gc             ] GC(355) Pause Young (Allocation Failure) 1299M->823M(1979M) 30.498ms
[33.797s][info   ][gc,cpu         ] GC(355) User=0.03s Sys=0.00s Real=0.03s
[33.879s][info   ][gc,start       ] GC(356) Pause Young (Allocation Failure)
[33.908s][info   ][gc,heap        ] GC(356) DefNew: 628607K(629120K)->69633K(629120K) Eden: 558974K(559232K)->0K(559232K) From: 69633K(69888K)->69633K(69888K)
[33.908s][info   ][gc,heap        ] GC(356) Tenured: 773682K(1398144K)->854580K(1398144K)
[33.908s][info   ][gc,metaspace   ] GC(356) Metaspace: 213K(448K)->213K(448K) NonClass: 204K(320K)->204K(320K) Class: 9K(128K)->9K(128K)
[33.908s][info   ][gc             ] GC(356) Pause Young (Allocation Failure) 1369M->902M(1979M) 28.720ms
[33.908s][info   ][gc,cpu         ] GC(356) User=0.03s Sys=0.00s Real=0.03s
[33.984s][info   ][gc,start       ] GC(357) Pause Young (Allocation Failure)
[34.017s][info   ][gc,heap        ] GC(357) DefNew: 628607K(629120K)->69633K(629120K) Eden: 558974K(559232K)->0K(559232K) From: 69633K(69888K)->69633K(69888K)
[34.017s][info   ][gc,heap        ] GC(357) Tenured: 854580K(1398144K)->971317K(1398144K)
[34.017s][info   ][gc,metaspace   ] GC(357) Metaspace: 213K(448K)->213K(448K) NonClass: 204K(320K)->204K(320K) Class: 9K(128K)->9K(128K)
[34.017s][info   ][gc             ] GC(357) Pause Young (Allocation Failure) 1448M->1016M(1979M) 32.910ms
[34.017s][info   ][gc,cpu         ] GC(357) User=0.03s Sys=0.00s Real=0.04s
[34.087s][info   ][gc,start       ] GC(358) Pause Young (Allocation Failure)
[34.114s][info   ][gc,heap        ] GC(358) DefNew: 628607K(629120K)->69633K(629120K) Eden: 558974K(559232K)->0K(559232K) From: 69633K(69888K)->69633K(69888K)
[34.114s][info   ][gc,heap        ] GC(358) Tenured: 971317K(1398144K)->1064503K(1398144K)
[34.114s][info   ][gc,metaspace   ] GC(358) Metaspace: 213K(448K)->213K(448K) NonClass: 204K(320K)->204K(320K) Class: 9K(128K)->9K(128K)
[34.114s][info   ][gc             ] GC(358) Pause Young (Allocation Failure) 1562M->1107M(1979M) 27.683ms
[34.114s][info   ][gc,cpu         ] GC(358) User=0.03s Sys=0.00s Real=0.03s
[34.183s][info   ][gc,start       ] GC(359) Pause Young (Allocation Failure)
[34.216s][info   ][gc,heap        ] GC(359) DefNew: 628607K(629120K)->69633K(629120K) Eden: 558974K(559232K)->0K(559232K) From: 69633K(69888K)->69633K(69888K)
[34.216s][info   ][gc,heap        ] GC(359) Tenured: 1064503K(1398144K)->1194553K(1398144K)
[34.216s][info   ][gc,metaspace   ] GC(359) Metaspace: 213K(448K)->213K(448K) NonClass: 204K(320K)->204K(320K) Class: 9K(128K)->9K(128K)
[34.216s][info   ][gc             ] GC(359) Pause Young (Allocation Failure) 1653M->1234M(1979M) 32.809ms
[34.216s][info   ][gc,cpu         ] GC(359) User=0.03s Sys=0.00s Real=0.04s
[34.286s][info   ][gc,start       ] GC(360) Pause Young (Allocation Failure)
[34.326s][info   ][gc,heap        ] GC(360) DefNew: 628607K(629120K)->69633K(629120K) Eden: 558974K(559232K)->0K(559232K) From: 69633K(69888K)->69633K(69888K)
[34.326s][info   ][gc,heap        ] GC(360) Tenured: 1194553K(1398144K)->1322555K(1398144K)
[34.326s][info   ][gc,metaspace   ] GC(360) Metaspace: 213K(448K)->213K(448K) NonClass: 204K(320K)->204K(320K) Class: 9K(128K)->9K(128K)
[34.326s][info   ][gc             ] GC(360) Pause Young (Allocation Failure) 1780M->1359M(1979M) 39.397ms
[34.326s][info   ][gc,cpu         ] GC(360) User=0.04s Sys=0.00s Real=0.04s
[34.401s][info   ][gc,start       ] GC(361) Pause Young (Allocation Failure)
[34.401s][info   ][gc             ] GC(361) Pause Young (Allocation Failure) 1905M->1905M(1979M) 0.115ms
[34.401s][info   ][gc,cpu         ] GC(361) User=0.00s Sys=0.00s Real=0.00s
[34.401s][info   ][gc,start       ] GC(362) Pause Full (Allocation Failure)
[34.401s][info   ][gc,phases,start] GC(362) Phase 1: Mark live objects
[34.402s][info   ][gc,phases      ] GC(362) Phase 1: Mark live objects 0.939ms
[34.402s][info   ][gc,phases,start] GC(362) Phase 2: Compute new object addresses
[34.403s][info   ][gc,phases      ] GC(362) Phase 2: Compute new object addresses 0.685ms
[34.403s][info   ][gc,phases,start] GC(362) Phase 3: Adjust pointers
[34.404s][info   ][gc,phases      ] GC(362) Phase 3: Adjust pointers 0.479ms
[34.404s][info   ][gc,phases,start] GC(362) Phase 4: Move objects
[34.437s][info   ][gc,phases      ] GC(362) Phase 4: Move objects 33.204ms
[34.437s][info   ][gc,heap        ] GC(362) DefNew: 628607K(629120K)->0K(629120K) Eden: 558974K(559232K)->0K(559232K) From: 69633K(69888K)->0K(69888K)
[34.437s][info   ][gc,heap        ] GC(362) Tenured: 1322555K(1398144K)->218666K(1398144K)
[34.437s][info   ][gc,metaspace   ] GC(362) Metaspace: 213K(448K)->213K(448K) NonClass: 204K(320K)->204K(320K) Class: 9K(128K)->9K(128K)
[34.437s][info   ][gc             ] GC(362) Pause Full (Allocation Failure) 1905M->213M(1979M) 35.690ms
[34.437s][info   ][gc,cpu         ] GC(362) User=0.04s Sys=0.00s Real=0.04s
[34.507s][info   ][gc,start       ] GC(363) Pause Young (Allocation Failure)
[34.544s][info   ][gc,heap        ] GC(363) DefNew: 558974K(629120K)->69633K(629120K) Eden: 558974K(559232K)->0K(559232K) From: 0K(69888K)->69633K(69888K)
[34.544s][info   ][gc,heap        ] GC(363) Tenured: 218666K(1398144K)->366124K(1398144K)
[34.544s][info   ][gc,metaspace   ] GC(363) Metaspace: 213K(448K)->213K(448K) NonClass: 204K(320K)->204K(320K) Class: 9K(128K)->9K(128K)
[34.544s][info   ][gc             ] GC(363) Pause Young (Allocation Failure) 759M->425M(1979M) 36.735ms
[34.544s][info   ][gc,cpu         ] GC(363) User=0.04s Sys=0.00s Real=0.03s
[34.613s][info   ][gc,start       ] GC(364) Pause Young (Allocation Failure)
[34.642s][info   ][gc,heap        ] GC(364) DefNew: 628607K(629120K)->69633K(629120K) Eden: 558974K(559232K)->0K(559232K) From: 69633K(69888K)->69633K(69888K)
[34.642s][info   ][gc,heap        ] GC(364) Tenured: 366124K(1398144K)->472622K(1398144K)
[34.642s][info   ][gc,metaspace   ] GC(364) Metaspace: 213K(448K)->213K(448K) NonClass: 204K(320K)->204K(320K) Class: 9K(128K)->9K(128K)
[34.642s][info   ][gc             ] GC(364) Pause Young (Allocation Failure) 971M->529M(1979M) 28.905ms
[34.642s][info   ][gc,cpu         ] GC(364) User=0.03s Sys=0.00s Real=0.03s
[34.711s][info   ][gc,start       ] GC(365) Pause Young (Allocation Failure)
[34.733s][info   ][gc,heap        ] GC(365) DefNew: 628607K(629120K)->69633K(629120K) Eden: 558974K(559232K)->0K(559232K) From: 69633K(69888K)->69633K(69888K)
[34.733s][info   ][gc,heap        ] GC(365) Tenured: 472622K(1398144K)->532015K(1398144K)
[34.733s][info   ][gc,metaspace   ] GC(365) Metaspace: 213K(448K)->213K(448K) NonClass: 204K(320K)->204K(320K) Class: 9K(128K)->9K(128K)
[34.733s][info   ][gc             ] GC(365) Pause Young (Allocation Failure) 1075M->587M(1979M) 22.011ms
[34.733s][info   ][gc,cpu         ] GC(365) User=0.02s Sys=0.00s Real=0.02s
[34.807s][info   ][gc,start       ] GC(366) Pause Young (Allocation Failure)
[34.833s][info   ][gc,heap        ] GC(366) DefNew: 628607K(629120K)->69633K(629120K) Eden: 558974K(559232K)->0K(559232K) From: 69633K(69888K)->69633K(69888K)
[34.833s][info   ][gc,heap        ] GC(366) Tenured: 532015K(1398144K)->603696K(1398144K)
[34.833s][info   ][gc,metaspace   ] GC(366) Metaspace: 213K(448K)->213K(448K) NonClass: 204K(320K)->204K(320K) Class: 9K(128K)->9K(128K)
[34.833s][info   ][gc             ] GC(366) Pause Young (Allocation Failure) 1133M->657M(1979M) 26.477ms
[34.833s][info   ][gc,cpu         ] GC(366) User=0.03s Sys=0.00s Real=0.02s
[34.909s][info   ][gc,start       ] GC(367) Pause Young (Allocation Failure)
[34.935s][info   ][gc,heap        ] GC(367) DefNew: 628607K(629120K)->69633K(629120K) Eden: 558974K(559232K)->0K(559232K) From: 69633K(69888K)->69633K(69888K)
[34.936s][info   ][gc,heap        ] GC(367) Tenured: 603696K(1398144K)->682545K(1398144K)
[34.936s][info   ][gc,metaspace   ] GC(367) Metaspace: 213K(448K)->213K(448K) NonClass: 204K(320K)->204K(320K) Class: 9K(128K)->9K(128K)
[34.936s][info   ][gc             ] GC(367) Pause Young (Allocation Failure) 1203M->734M(1979M) 26.139ms
[34.936s][info   ][gc,cpu         ] GC(367) User=0.03s Sys=0.00s Real=0.03s
[35.004s][info   ][gc,start       ] GC(368) Pause Young (Allocation Failure)
[35.042s][info   ][gc,heap        ] GC(368) DefNew: 628607K(629120K)->69633K(629120K) Eden: 558974K(559232K)->0K(559232K) From: 69633K(69888K)->69633K(69888K)
[35.042s][info   ][gc,heap        ] GC(368) Tenured: 682545K(1398144K)->835123K(1398144K)
[35.042s][info   ][gc,metaspace   ] GC(368) Metaspace: 213K(448K)->213K(448K) NonClass: 204K(320K)->204K(320K) Class: 9K(128K)->9K(128K)
[35.042s][info   ][gc             ] GC(368) Pause Young (Allocation Failure) 1280M->883M(1979M) 37.918ms
[35.042s][info   ][gc,cpu         ] GC(368) User=0.04s Sys=0.00s Real=0.03s
[35.111s][info   ][gc,start       ] GC(369) Pause Young (Allocation Failure)
[35.150s][info   ][gc,heap        ] GC(369) DefNew: 628607K(629120K)->69633K(629120K) Eden: 558974K(559232K)->0K(559232K) From: 69633K(69888K)->69633K(69888K)
[35.150s][info   ][gc,heap        ] GC(369) Tenured: 835123K(1398144K)->993846K(1398144K)
[35.150s][info   ][gc,metaspace   ] GC(369) Metaspace: 213K(448K)->213K(448K) NonClass: 204K(320K)->204K(320K) Class: 9K(128K)->9K(128K)
[35.150s][info   ][gc             ] GC(369) Pause Young (Allocation Failure) 1429M->1038M(1979M) 38.351ms
[35.150s][info   ][gc,cpu         ] GC(369) User=0.04s Sys=0.00s Real=0.04s
[35.218s][info   ][gc,start       ] GC(370) Pause Young (Allocation Failure)
[35.255s][info   ][gc,heap        ] GC(370) DefNew: 628607K(629120K)->69633K(629120K) Eden: 558974K(559232K)->0K(559232K) From: 69633K(69888K)->69633K(69888K)
[35.255s][info   ][gc,heap        ] GC(370) Tenured: 993846K(1398144K)->1156664K(1398144K)
[35.255s][info   ][gc,metaspace   ] GC(370) Metaspace: 213K(448K)->213K(448K) NonClass: 204K(320K)->204K(320K) Class: 9K(128K)->9K(128K)
[35.255s][info   ][gc             ] GC(370) Pause Young (Allocation Failure) 1584M->1197M(1979M) 37.587ms
[35.255s][info   ][gc,cpu         ] GC(370) User=0.03s Sys=0.00s Real=0.04s
[35.324s][info   ][gc,start       ] GC(371) Pause Young (Allocation Failure)
[35.370s][info   ][gc,heap        ] GC(371) DefNew: 628607K(629120K)->69633K(629120K) Eden: 558974K(559232K)->0K(559232K) From: 69633K(69888K)->69633K(69888K)
[35.370s][info   ][gc,heap        ] GC(371) Tenured: 1156664K(1398144K)->1346107K(1398144K)
[35.370s][info   ][gc,metaspace   ] GC(371) Metaspace: 213K(448K)->213K(448K) NonClass: 204K(320K)->204K(320K) Class: 9K(128K)->9K(128K)
[35.370s][info   ][gc             ] GC(371) Pause Young (Allocation Failure) 1743M->1382M(1979M) 46.274ms
[35.370s][info   ][gc,cpu         ] GC(371) User=0.04s Sys=0.00s Real=0.05s
[35.445s][info   ][gc,start       ] GC(372) Pause Young (Allocation Failure)
[35.445s][info   ][gc             ] GC(372) Pause Young (Allocation Failure) 1928M->1928M(1979M) 0.097ms
[35.445s][info   ][gc,cpu         ] GC(372) User=0.00s Sys=0.00s Real=0.00s
[35.445s][info   ][gc,start       ] GC(373) Pause Full (Allocation Failure)
[35.445s][info   ][gc,phases,start] GC(373) Phase 1: Mark live objects
[35.446s][info   ][gc,phases      ] GC(373) Phase 1: Mark live objects 0.760ms
[35.446s][info   ][gc,phases,start] GC(373) Phase 2: Compute new object addresses
[35.446s][info   ][gc,phases      ] GC(373) Phase 2: Compute new object addresses 0.312ms
[35.446s][info   ][gc,phases,start] GC(373) Phase 3: Adjust pointers
[35.447s][info   ][gc,phases      ] GC(373) Phase 3: Adjust pointers 0.309ms
[35.447s][info   ][gc,phases,start] GC(373) Phase 4: Move objects
[35.479s][info   ][gc,phases      ] GC(373) Phase 4: Move objects 31.815ms
[35.479s][info   ][gc,heap        ] GC(373) DefNew: 628607K(629120K)->0K(629120K) Eden: 558974K(559232K)->0K(559232K) From: 69633K(69888K)->0K(69888K)
[35.479s][info   ][gc,heap        ] GC(373) Tenured: 1346107K(1398144K)->260651K(1398144K)
[35.479s][info   ][gc,metaspace   ] GC(373) Metaspace: 213K(448K)->213K(448K) NonClass: 204K(320K)->204K(320K) Class: 9K(128K)->9K(128K)
[35.479s][info   ][gc             ] GC(373) Pause Full (Allocation Failure) 1928M->254M(1979M) 33.874ms
[35.479s][info   ][gc,cpu         ] GC(373) User=0.04s Sys=0.00s Real=0.03s
[35.557s][info   ][gc,start       ] GC(374) Pause Young (Allocation Failure)
[35.601s][info   ][gc,heap        ] GC(374) DefNew: 558974K(629120K)->69633K(629120K) Eden: 558974K(559232K)->0K(559232K) From: 0K(69888K)->69633K(69888K)
[35.601s][info   ][gc,heap        ] GC(374) Tenured: 260651K(1398144K)->424493K(1398144K)
[35.601s][info   ][gc,metaspace   ] GC(374) Metaspace: 213K(448K)->213K(448K) NonClass: 204K(320K)->204K(320K) Class: 9K(128K)->9K(128K)
[35.602s][info   ][gc             ] GC(374) Pause Young (Allocation Failure) 800M->482M(1979M) 44.206ms
[35.602s][info   ][gc,cpu         ] GC(374) User=0.05s Sys=0.00s Real=0.04s
[35.674s][info   ][gc,start       ] GC(375) Pause Young (Allocation Failure)
[35.718s][info   ][gc,heap        ] GC(375) DefNew: 628607K(629120K)->69633K(629120K) Eden: 558974K(559232K)->0K(559232K) From: 69633K(69888K)->69633K(69888K)
[35.718s][info   ][gc,heap        ] GC(375) Tenured: 424493K(1398144K)->608816K(1398144K)
[35.718s][info   ][gc,metaspace   ] GC(375) Metaspace: 213K(448K)->213K(448K) NonClass: 204K(320K)->204K(320K) Class: 9K(128K)->9K(128K)
[35.718s][info   ][gc             ] GC(375) Pause Young (Allocation Failure) 1028M->662M(1979M) 43.437ms
[35.718s][info   ][gc,cpu         ] GC(375) User=0.04s Sys=0.00s Real=0.04s
[35.786s][info   ][gc,start       ] GC(376) Pause Young (Allocation Failure)
[35.826s][info   ][gc,heap        ] GC(376) DefNew: 628607K(629120K)->69633K(629120K) Eden: 558974K(559232K)->0K(559232K) From: 69633K(69888K)->69633K(69888K)
[35.826s][info   ][gc,heap        ] GC(376) Tenured: 608816K(1398144K)->779826K(1398144K)
[35.826s][info   ][gc,metaspace   ] GC(376) Metaspace: 213K(448K)->213K(448K) NonClass: 204K(320K)->204K(320K) Class: 9K(128K)->9K(128K)
[35.826s][info   ][gc             ] GC(376) Pause Young (Allocation Failure) 1208M->829M(1979M) 40.069ms
[35.826s][info   ][gc,cpu         ] GC(376) User=0.04s Sys=0.00s Real=0.04s
[35.893s][info   ][gc,start       ] GC(377) Pause Young (Allocation Failure)
[35.936s][info   ][gc,heap        ] GC(377) DefNew: 628607K(629120K)->69633K(629120K) Eden: 558974K(559232K)->0K(559232K) From: 69633K(69888K)->69633K(69888K)
[35.936s][info   ][gc,heap        ] GC(377) Tenured: 779826K(1398144K)->974389K(1398144K)
[35.936s][info   ][gc,metaspace   ] GC(377) Metaspace: 213K(448K)->213K(448K) NonClass: 204K(320K)->204K(320K) Class: 9K(128K)->9K(128K)
[35.936s][info   ][gc             ] GC(377) Pause Young (Allocation Failure) 1375M->1019M(1979M) 43.351ms
[35.936s][info   ][gc,cpu         ] GC(377) User=0.04s Sys=0.00s Real=0.05s
[36.011s][info   ][gc,start       ] GC(378) Pause Young (Allocation Failure)
[36.058s][info   ][gc,heap        ] GC(378) DefNew: 628607K(629120K)->69633K(629120K) Eden: 558974K(559232K)->0K(559232K) From: 69633K(69888K)->69633K(69888K)
[36.058s][info   ][gc,heap        ] GC(378) Tenured: 974389K(1398144K)->1153592K(1398144K)
[36.058s][info   ][gc,metaspace   ] GC(378) Metaspace: 213K(448K)->213K(448K) NonClass: 204K(320K)->204K(320K) Class: 9K(128K)->9K(128K)
[36.058s][info   ][gc             ] GC(378) Pause Young (Allocation Failure) 1565M->1194M(1979M) 46.479ms
[36.058s][info   ][gc,cpu         ] GC(378) User=0.04s Sys=0.00s Real=0.05s
[36.134s][info   ][gc,start       ] GC(379) Pause Young (Allocation Failure)
[36.134s][info   ][gc             ] GC(379) Pause Young (Allocation Failure) 1740M->1740M(1979M) 0.090ms
[36.134s][info   ][gc,cpu         ] GC(379) User=0.00s Sys=0.00s Real=0.00s
[36.134s][info   ][gc,start       ] GC(380) Pause Full (Allocation Failure)
[36.134s][info   ][gc,phases,start] GC(380) Phase 1: Mark live objects
[36.135s][info   ][gc,phases      ] GC(380) Phase 1: Mark live objects 0.885ms
[36.135s][info   ][gc,phases,start] GC(380) Phase 2: Compute new object addresses
[36.135s][info   ][gc,phases      ] GC(380) Phase 2: Compute new object addresses 0.377ms
[36.135s][info   ][gc,phases,start] GC(380) Phase 3: Adjust pointers
[36.135s][info   ][gc,phases      ] GC(380) Phase 3: Adjust pointers 0.283ms
[36.135s][info   ][gc,phases,start] GC(380) Phase 4: Move objects
[36.168s][info   ][gc,phases      ] GC(380) Phase 4: Move objects 32.494ms
[36.168s][info   ][gc,heap        ] GC(380) DefNew: 628607K(629120K)->0K(629120K) Eden: 558974K(559232K)->0K(559232K) From: 69633K(69888K)->0K(69888K)
[36.168s][info   ][gc,heap        ] GC(380) Tenured: 1153592K(1398144K)->235050K(1398144K)
[36.168s][info   ][gc,metaspace   ] GC(380) Metaspace: 213K(448K)->213K(448K) NonClass: 204K(320K)->204K(320K) Class: 9K(128K)->9K(128K)
[36.168s][info   ][gc             ] GC(380) Pause Full (Allocation Failure) 1740M->229M(1979M) 34.398ms
[36.168s][info   ][gc,cpu         ] GC(380) User=0.04s Sys=0.00s Real=0.04s
[36.241s][info   ][gc,start       ] GC(381) Pause Young (Allocation Failure)
[36.282s][info   ][gc,heap        ] GC(381) DefNew: 558974K(629120K)->69633K(629120K) Eden: 558974K(559232K)->0K(559232K) From: 0K(69888K)->69633K(69888K)
[36.282s][info   ][gc,heap        ] GC(381) Tenured: 235050K(1398144K)->395821K(1398144K)
[36.282s][info   ][gc,metaspace   ] GC(381) Metaspace: 213K(448K)->213K(448K) NonClass: 204K(320K)->204K(320K) Class: 9K(128K)->9K(128K)
[36.282s][info   ][gc             ] GC(381) Pause Young (Allocation Failure) 775M->454M(1979M) 40.641ms
[36.282s][info   ][gc,cpu         ] GC(381) User=0.04s Sys=0.00s Real=0.04s
[36.357s][info   ][gc,start       ] GC(382) Pause Young (Allocation Failure)
[36.405s][info   ][gc,heap        ] GC(382) DefNew: 628607K(629120K)->69633K(629120K) Eden: 558974K(559232K)->0K(559232K) From: 69633K(69888K)->69633K(69888K)
[36.405s][info   ][gc,heap        ] GC(382) Tenured: 395821K(1398144K)->594480K(1398144K)
[36.405s][info   ][gc,metaspace   ] GC(382) Metaspace: 213K(448K)->213K(448K) NonClass: 204K(320K)->204K(320K) Class: 9K(128K)->9K(128K)
[36.405s][info   ][gc             ] GC(382) Pause Young (Allocation Failure) 1000M->648M(1979M) 48.212ms
[36.405s][info   ][gc,cpu         ] GC(382) User=0.04s Sys=0.00s Real=0.05s
[36.473s][info   ][gc,start       ] GC(383) Pause Young (Allocation Failure)
[36.531s][info   ][gc,heap        ] GC(383) DefNew: 628607K(629120K)->69633K(629120K) Eden: 558974K(559232K)->0K(559232K) From: 69633K(69888K)->69633K(69888K)
[36.531s][info   ][gc,heap        ] GC(383) Tenured: 594480K(1398144K)->863796K(1398144K)
[36.531s][info   ][gc,metaspace   ] GC(383) Metaspace: 213K(448K)->213K(448K) NonClass: 204K(320K)->204K(320K) Class: 9K(128K)->9K(128K)
[36.531s][info   ][gc             ] GC(383) Pause Young (Allocation Failure) 1194M->911M(1979M) 57.774ms
[36.531s][info   ][gc,cpu         ] GC(383) User=0.06s Sys=0.00s Real=0.06s
[36.601s][info   ][gc,start       ] GC(384) Pause Young (Allocation Failure)
[36.656s][info   ][gc,heap        ] GC(384) DefNew: 628607K(629120K)->69633K(629120K) Eden: 558974K(559232K)->0K(559232K) From: 69633K(69888K)->69633K(69888K)
[36.656s][info   ][gc,heap        ] GC(384) Tenured: 863796K(1398144K)->1124920K(1398144K)
[36.656s][info   ][gc,metaspace   ] GC(384) Metaspace: 213K(448K)->213K(448K) NonClass: 204K(320K)->204K(320K) Class: 9K(128K)->9K(128K)
[36.656s][info   ][gc             ] GC(384) Pause Young (Allocation Failure) 1457M->1166M(1979M) 55.121ms
[36.656s][info   ][gc,cpu         ] GC(384) User=0.06s Sys=0.00s Real=0.06s
[36.726s][info   ][gc,start       ] GC(385) Pause Young (Allocation Failure)
[36.726s][info   ][gc             ] GC(385) Pause Young (Allocation Failure) 1712M->1712M(1979M) 0.088ms
[36.726s][info   ][gc,cpu         ] GC(385) User=0.00s Sys=0.00s Real=0.00s
[36.726s][info   ][gc,start       ] GC(386) Pause Full (Allocation Failure)
[36.726s][info   ][gc,phases,start] GC(386) Phase 1: Mark live objects
[36.727s][info   ][gc,phases      ] GC(386) Phase 1: Mark live objects 0.911ms
[36.727s][info   ][gc,phases,start] GC(386) Phase 2: Compute new object addresses
[36.727s][info   ][gc,phases      ] GC(386) Phase 2: Compute new object addresses 0.431ms
[36.727s][info   ][gc,phases,start] GC(386) Phase 3: Adjust pointers
[36.728s][info   ][gc,phases      ] GC(386) Phase 3: Adjust pointers 0.379ms
[36.728s][info   ][gc,phases,start] GC(386) Phase 4: Move objects
[36.773s][info   ][gc,phases      ] GC(386) Phase 4: Move objects 45.092ms
[36.773s][info   ][gc,heap        ] GC(386) DefNew: 628607K(629120K)->0K(629120K) Eden: 558974K(559232K)->0K(559232K) From: 69633K(69888K)->0K(69888K)
[36.773s][info   ][gc,heap        ] GC(386) Tenured: 1124920K(1398144K)->401965K(1398144K)
[36.773s][info   ][gc,metaspace   ] GC(386) Metaspace: 213K(448K)->213K(448K) NonClass: 204K(320K)->204K(320K) Class: 9K(128K)->9K(128K)
[36.773s][info   ][gc             ] GC(386) Pause Full (Allocation Failure) 1712M->392M(1979M) 47.196ms
[36.773s][info   ][gc,cpu         ] GC(386) User=0.05s Sys=0.00s Real=0.04s
[36.848s][info   ][gc,start       ] GC(387) Pause Young (Allocation Failure)
[36.902s][info   ][gc,heap        ] GC(387) DefNew: 558974K(629120K)->69633K(629120K) Eden: 558974K(559232K)->0K(559232K) From: 0K(69888K)->69633K(69888K)
[36.902s][info   ][gc,heap        ] GC(387) Tenured: 401965K(1398144K)->634416K(1398144K)
[36.902s][info   ][gc,metaspace   ] GC(387) Metaspace: 213K(448K)->213K(448K) NonClass: 204K(320K)->204K(320K) Class: 9K(128K)->9K(128K)
[36.902s][info   ][gc             ] GC(387) Pause Young (Allocation Failure) 938M->687M(1979M) 54.184ms
[36.902s][info   ][gc,cpu         ] GC(387) User=0.06s Sys=0.00s Real=0.05s
[36.974s][info   ][gc,start       ] GC(388) Pause Young (Allocation Failure)
[37.027s][info   ][gc,heap        ] GC(388) DefNew: 628607K(629120K)->69633K(629120K) Eden: 558974K(559232K)->0K(559232K) From: 69633K(69888K)->69633K(69888K)
[37.027s][info   ][gc,heap        ] GC(388) Tenured: 634416K(1398144K)->890420K(1398144K)
[37.027s][info   ][gc,metaspace   ] GC(388) Metaspace: 213K(448K)->213K(448K) NonClass: 204K(320K)->204K(320K) Class: 9K(128K)->9K(128K)
[37.027s][info   ][gc             ] GC(388) Pause Young (Allocation Failure) 1233M->937M(1979M) 53.503ms
[37.027s][info   ][gc,cpu         ] GC(388) User=0.06s Sys=0.00s Real=0.06s
[37.097s][info   ][gc,start       ] GC(389) Pause Young (Allocation Failure)
[37.145s][info   ][gc,heap        ] GC(389) DefNew: 628607K(629120K)->69633K(629120K) Eden: 558974K(559232K)->0K(559232K) From: 69633K(69888K)->69633K(69888K)
[37.145s][info   ][gc,heap        ] GC(389) Tenured: 890420K(1398144K)->1098295K(1398144K)
[37.145s][info   ][gc,metaspace   ] GC(389) Metaspace: 213K(448K)->213K(448K) NonClass: 204K(320K)->204K(320K) Class: 9K(128K)->9K(128K)
[37.145s][info   ][gc             ] GC(389) Pause Young (Allocation Failure) 1483M->1140M(1979M) 48.018ms
[37.145s][info   ][gc,cpu         ] GC(389) User=0.05s Sys=0.00s Real=0.05s
[37.214s][info   ][gc,start       ] GC(390) Pause Young (Allocation Failure)
[37.214s][info   ][gc             ] GC(390) Pause Young (Allocation Failure) 1686M->1686M(1979M) 0.080ms
[37.214s][info   ][gc,cpu         ] GC(390) User=0.00s Sys=0.00s Real=0.00s
[37.214s][info   ][gc,start       ] GC(391) Pause Full (Allocation Failure)
[37.214s][info   ][gc,phases,start] GC(391) Phase 1: Mark live objects
[37.216s][info   ][gc,phases      ] GC(391) Phase 1: Mark live objects 1.554ms
[37.216s][info   ][gc,phases,start] GC(391) Phase 2: Compute new object addresses
[37.216s][info   ][gc,phases      ] GC(391) Phase 2: Compute new object addresses 0.511ms
[37.216s][info   ][gc,phases,start] GC(391) Phase 3: Adjust pointers
[37.217s][info   ][gc,phases      ] GC(391) Phase 3: Adjust pointers 0.298ms
[37.217s][info   ][gc,phases,start] GC(391) Phase 4: Move objects
[37.257s][info   ][gc,phases      ] GC(391) Phase 4: Move objects 40.376ms
[37.257s][info   ][gc,heap        ] GC(391) DefNew: 628607K(629120K)->0K(629120K) Eden: 558974K(559232K)->0K(559232K) From: 69633K(69888K)->0K(69888K)
[37.257s][info   ][gc,heap        ] GC(391) Tenured: 1098295K(1398144K)->444973K(1398144K)
[37.257s][info   ][gc,metaspace   ] GC(391) Metaspace: 213K(448K)->213K(448K) NonClass: 204K(320K)->204K(320K) Class: 9K(128K)->9K(128K)
[37.257s][info   ][gc             ] GC(391) Pause Full (Allocation Failure) 1686M->434M(1979M) 43.209ms
[37.257s][info   ][gc,cpu         ] GC(391) User=0.04s Sys=0.00s Real=0.04s
[37.328s][info   ][gc,start       ] GC(392) Pause Young (Allocation Failure)
[37.375s][info   ][gc,heap        ] GC(392) DefNew: 558974K(629120K)->69633K(629120K) Eden: 558974K(559232K)->0K(559232K) From: 0K(69888K)->69633K(69888K)
[37.375s][info   ][gc,heap        ] GC(392) Tenured: 444973K(1398144K)->672305K(1398144K)
[37.375s][info   ][gc,metaspace   ] GC(392) Metaspace: 213K(448K)->213K(448K) NonClass: 204K(320K)->204K(320K) Class: 9K(128K)->9K(128K)
[37.375s][info   ][gc             ] GC(392) Pause Young (Allocation Failure) 980M->724M(1979M) 47.740ms
[37.375s][info   ][gc,cpu         ] GC(392) User=0.05s Sys=0.00s Real=0.05s
[37.444s][info   ][gc,start       ] GC(393) Pause Young (Allocation Failure)
[37.498s][info   ][gc,heap        ] GC(393) DefNew: 628607K(629120K)->69633K(629120K) Eden: 558974K(559232K)->0K(559232K) From: 69633K(69888K)->69633K(69888K)
[37.498s][info   ][gc,heap        ] GC(393) Tenured: 672305K(1398144K)->912949K(1398144K)
[37.498s][info   ][gc,metaspace   ] GC(393) Metaspace: 213K(448K)->213K(448K) NonClass: 204K(320K)->204K(320K) Class: 9K(128K)->9K(128K)
[37.499s][info   ][gc             ] GC(393) Pause Young (Allocation Failure) 1270M->959M(1979M) 54.705ms
[37.499s][info   ][gc,cpu         ] GC(393) User=0.06s Sys=0.00s Real=0.06s
[37.574s][info   ][gc,start       ] GC(394) Pause Young (Allocation Failure)
[37.630s][info   ][gc,heap        ] GC(394) DefNew: 628607K(629120K)->69633K(629120K) Eden: 558974K(559232K)->0K(559232K) From: 69633K(69888K)->69633K(69888K)
[37.630s][info   ][gc,heap        ] GC(394) Tenured: 912949K(1398144K)->1157688K(1398144K)
[37.630s][info   ][gc,metaspace   ] GC(394) Metaspace: 213K(448K)->213K(448K) NonClass: 204K(320K)->204K(320K) Class: 9K(128K)->9K(128K)
[37.630s][info   ][gc             ] GC(394) Pause Young (Allocation Failure) 1505M->1198M(1979M) 56.387ms
[37.630s][info   ][gc,cpu         ] GC(394) User=0.05s Sys=0.00s Real=0.06s
[37.702s][info   ][gc,start       ] GC(395) Pause Young (Allocation Failure)
[37.702s][info   ][gc             ] GC(395) Pause Young (Allocation Failure) 1744M->1744M(1979M) 0.206ms
[37.702s][info   ][gc,cpu         ] GC(395) User=0.00s Sys=0.00s Real=0.00s
[37.702s][info   ][gc,start       ] GC(396) Pause Full (Allocation Failure)
[37.702s][info   ][gc,phases,start] GC(396) Phase 1: Mark live objects
[37.703s][info   ][gc,phases      ] GC(396) Phase 1: Mark live objects 0.821ms
[37.703s][info   ][gc,phases,start] GC(396) Phase 2: Compute new object addresses
[37.704s][info   ][gc,phases      ] GC(396) Phase 2: Compute new object addresses 0.338ms
[37.704s][info   ][gc,phases,start] GC(396) Phase 3: Adjust pointers
[37.704s][info   ][gc,phases      ] GC(396) Phase 3: Adjust pointers 0.354ms
[37.704s][info   ][gc,phases,start] GC(396) Phase 4: Move objects
[37.742s][info   ][gc,phases      ] GC(396) Phase 4: Move objects 37.635ms
[37.742s][info   ][gc,heap        ] GC(396) DefNew: 628607K(629120K)->0K(629120K) Eden: 558974K(559232K)->0K(559232K) From: 69633K(69888K)->0K(69888K)
[37.742s][info   ][gc,heap        ] GC(396) Tenured: 1157688K(1398144K)->351788K(1398144K)
[37.742s][info   ][gc,metaspace   ] GC(396) Metaspace: 213K(448K)->213K(448K) NonClass: 204K(320K)->204K(320K) Class: 9K(128K)->9K(128K)
[37.742s][info   ][gc             ] GC(396) Pause Full (Allocation Failure) 1744M->343M(1979M) 39.555ms
[37.742s][info   ][gc,cpu         ] GC(396) User=0.04s Sys=0.00s Real=0.04s
[37.811s][info   ][gc,start       ] GC(397) Pause Young (Allocation Failure)
[37.860s][info   ][gc,heap        ] GC(397) DefNew: 558974K(629120K)->69633K(629120K) Eden: 558974K(559232K)->0K(559232K) From: 0K(69888K)->69633K(69888K)
[37.860s][info   ][gc,heap        ] GC(397) Tenured: 351788K(1398144K)->553519K(1398144K)
[37.860s][info   ][gc,metaspace   ] GC(397) Metaspace: 213K(448K)->213K(448K) NonClass: 204K(320K)->204K(320K) Class: 9K(128K)->9K(128K)
[37.860s][info   ][gc             ] GC(397) Pause Young (Allocation Failure) 889M->608M(1979M) 48.559ms
[37.860s][info   ][gc,cpu         ] GC(397) User=0.04s Sys=0.00s Real=0.05s
[37.930s][info   ][gc,start       ] GC(398) Pause Young (Allocation Failure)
[37.982s][info   ][gc,heap        ] GC(398) DefNew: 628607K(629120K)->69633K(629120K) Eden: 558974K(559232K)->0K(559232K) From: 69633K(69888K)->69633K(69888K)
[37.982s][info   ][gc,heap        ] GC(398) Tenured: 553519K(1398144K)->782899K(1398144K)
[37.982s][info   ][gc,metaspace   ] GC(398) Metaspace: 213K(448K)->213K(448K) NonClass: 204K(320K)->204K(320K) Class: 9K(128K)->9K(128K)
[37.982s][info   ][gc             ] GC(398) Pause Young (Allocation Failure) 1154M->832M(1979M) 52.983ms
[37.982s][info   ][gc,cpu         ] GC(398) User=0.05s Sys=0.00s Real=0.05s
[38.051s][info   ][gc,start       ] GC(399) Pause Young (Allocation Failure)
[38.094s][info   ][gc,heap        ] GC(399) DefNew: 628607K(629120K)->69633K(629120K) Eden: 558974K(559232K)->0K(559232K) From: 69633K(69888K)->69633K(69888K)
[38.094s][info   ][gc,heap        ] GC(399) Tenured: 782899K(1398144K)->967221K(1398144K)
[38.094s][info   ][gc,metaspace   ] GC(399) Metaspace: 213K(448K)->213K(448K) NonClass: 204K(320K)->204K(320K) Class: 9K(128K)->9K(128K)
[38.094s][info   ][gc             ] GC(399) Pause Young (Allocation Failure) 1378M->1012M(1979M) 43.257ms
[38.094s][info   ][gc,cpu         ] GC(399) User=0.05s Sys=0.00s Real=0.04s
[38.161s][info   ][gc,start       ] GC(400) Pause Young (Allocation Failure)
[38.206s][info   ][gc,heap        ] GC(400) DefNew: 628607K(629120K)->69633K(629120K) Eden: 558974K(559232K)->0K(559232K) From: 69633K(69888K)->69633K(69888K)
[38.206s][info   ][gc,heap        ] GC(400) Tenured: 967221K(1398144K)->1162808K(1398144K)
[38.206s][info   ][gc,metaspace   ] GC(400) Metaspace: 214K(448K)->214K(448K) NonClass: 204K(320K)->204K(320K) Class: 9K(128K)->9K(128K)
[38.206s][info   ][gc             ] GC(400) Pause Young (Allocation Failure) 1558M->1203M(1979M) 44.618ms
[38.206s][info   ][gc,cpu         ] GC(400) User=0.05s Sys=0.00s Real=0.05s
[38.275s][info   ][gc,start       ] GC(401) Pause Young (Allocation Failure)
[38.275s][info   ][gc             ] GC(401) Pause Young (Allocation Failure) 1749M->1749M(1979M) 0.104ms
[38.275s][info   ][gc,cpu         ] GC(401) User=0.00s Sys=0.00s Real=0.00s
[38.275s][info   ][gc,start       ] GC(402) Pause Full (Allocation Failure)
[38.275s][info   ][gc,phases,start] GC(402) Phase 1: Mark live objects
[38.276s][info   ][gc,phases      ] GC(402) Phase 1: Mark live objects 0.761ms
[38.276s][info   ][gc,phases,start] GC(402) Phase 2: Compute new object addresses
[38.276s][info   ][gc,phases      ] GC(402) Phase 2: Compute new object addresses 0.328ms
[38.276s][info   ][gc,phases,start] GC(402) Phase 3: Adjust pointers
[38.276s][info   ][gc,phases      ] GC(402) Phase 3: Adjust pointers 0.393ms
[38.276s][info   ][gc,phases,start] GC(402) Phase 4: Move objects
[38.310s][info   ][gc,phases      ] GC(402) Phase 4: Move objects 33.261ms
[38.310s][info   ][gc,heap        ] GC(402) DefNew: 628250K(629120K)->0K(629120K) Eden: 558617K(559232K)->0K(559232K) From: 69633K(69888K)->0K(69888K)
[38.310s][info   ][gc,heap        ] GC(402) Tenured: 1162808K(1398144K)->330284K(1398144K)
[38.310s][info   ][gc,metaspace   ] GC(402) Metaspace: 214K(448K)->214K(448K) NonClass: 204K(320K)->204K(320K) Class: 9K(128K)->9K(128K)
[38.310s][info   ][gc             ] GC(402) Pause Full (Allocation Failure) 1749M->322M(1979M) 35.136ms
[38.310s][info   ][gc,cpu         ] GC(402) User=0.03s Sys=0.00s Real=0.03s
[38.385s][info   ][gc,start       ] GC(403) Pause Young (Allocation Failure)
[38.423s][info   ][gc,heap        ] GC(403) DefNew: 558916K(629120K)->69633K(629120K) Eden: 558916K(559232K)->0K(559232K) From: 0K(69888K)->69633K(69888K)
[38.423s][info   ][gc,heap        ] GC(403) Tenured: 330284K(1398144K)->499246K(1398144K)
[38.423s][info   ][gc,metaspace   ] GC(403) Metaspace: 214K(448K)->214K(448K) NonClass: 204K(320K)->204K(320K) Class: 9K(128K)->9K(128K)
[38.423s][info   ][gc             ] GC(403) Pause Young (Allocation Failure) 868M->555M(1979M) 37.901ms
[38.423s][info   ][gc,cpu         ] GC(403) User=0.03s Sys=0.00s Real=0.03s
[38.498s][info   ][gc,start       ] GC(404) Pause Young (Allocation Failure)
[38.546s][info   ][gc,heap        ] GC(404) DefNew: 628165K(629120K)->69633K(629120K) Eden: 558532K(559232K)->0K(559232K) From: 69633K(69888K)->69633K(69888K)
[38.546s][info   ][gc,heap        ] GC(404) Tenured: 499246K(1398144K)->691761K(1398144K)
[38.546s][info   ][gc,metaspace   ] GC(404) Metaspace: 214K(448K)->214K(448K) NonClass: 204K(320K)->204K(320K) Class: 9K(128K)->9K(128K)
[38.546s][info   ][gc             ] GC(404) Pause Young (Allocation Failure) 1100M->743M(1979M) 47.834ms
[38.546s][info   ][gc,cpu         ] GC(404) User=0.05s Sys=0.00s Real=0.05s
[60.053s][info   ][gc,heap,exit   ] Heap
[60.053s][info   ][gc,heap,exit   ]  def new generation   total 629120K, used 292351K [0x0000000080000000, 0x00000000aaaa0000, 0x00000000aaaa0000)
[60.053s][info   ][gc,heap,exit   ]   eden space 559232K,  39% used [0x0000000080000000, 0x000000008d97f9e0, 0x00000000a2220000)
[60.053s][info   ][gc,heap,exit   ]   from space 69888K,  99% used [0x00000000a2220000, 0x00000000a6620440, 0x00000000a6660000)
[60.053s][info   ][gc,heap,exit   ]   to   space 69888K,   0% used [0x00000000a6660000, 0x00000000a6660000, 0x00000000aaaa0000)
[60.053s][info   ][gc,heap,exit   ]  tenured generation   total 1398144K, used 691761K [0x00000000aaaa0000, 0x0000000100000000, 0x0000000100000000)
[60.053s][info   ][gc,heap,exit   ]    the space 1398144K,  49% used [0x00000000aaaa0000, 0x00000000d4e2c698, 0x00000000d4e2c800, 0x0000000100000000)
[60.053s][info   ][gc,heap,exit   ]  Metaspace       used 215K, committed 448K, reserved 1114112K
[60.053s][info   ][gc,heap,exit   ]   class space    used 9K, committed 128K, reserved 1048576K
	Command being timed: "java -Xmx2G -Xms2G -XX:+UseSerialGC -XX:+PrintGCDetails -Xlog:gc* -jar ComplexGCTest.jar"
	User time (seconds): 108.40
	System time (seconds): 2.09
	Percent of CPU this job got: 183%
	Elapsed (wall clock) time (h:mm:ss or m:ss): 1:00.19
	Average shared text size (kbytes): 0
	Average unshared data size (kbytes): 0
	Average stack size (kbytes): 0
	Average total size (kbytes): 0
	Maximum resident set size (kbytes): 2139508
	Average resident set size (kbytes): 0
	Major (requiring I/O) page faults: 0
	Minor (reclaiming a frame) page faults: 530557
	Voluntary context switches: 9657
	Involuntary context switches: 22544
	Swaps: 0
	File system inputs: 0
	File system outputs: 624
	Socket messages sent: 0
	Socket messages received: 0
	Signals delivered: 0
	Page size (bytes): 4096
	Exit status: 0
