[2024-08-29T23:13:10.107+0800] Using Serial
[2024-08-29T23:13:10.110+0800] Version: 17.0.12+7 (release)
[2024-08-29T23:13:10.110+0800] CPUs: 8 total, 8 available
[2024-08-29T23:13:10.110+0800] Memory: 7894M
[2024-08-29T23:13:10.110+0800] Large Page Support: Disabled
[2024-08-29T23:13:10.110+0800] NUMA Support: Disabled
[2024-08-29T23:13:10.110+0800] Compressed Oops: Enabled (32-bit)
[2024-08-29T23:13:10.110+0800] Heap Min Capacity: 2G
[2024-08-29T23:13:10.110+0800] Heap Initial Capacity: 2G
[2024-08-29T23:13:10.110+0800] Heap Max Capacity: 2G
[2024-08-29T23:13:10.110+0800] Pre-touch: Disabled
[2024-08-29T23:13:10.125+0800] CDS archive(s) mapped at: [0x00007272b0000000-0x00007272b0bc7000-0x00007272b0bc7000), size 12349440, SharedBaseAddress: 0x00007272b0000000, ArchiveRelocationMode: 1.
[2024-08-29T23:13:10.125+0800] Compressed class space mapped at: 0x00007272b1000000-0x00007272f1000000, reserved size: 1073741824
[2024-08-29T23:13:10.125+0800] Narrow klass base: 0x00007272b0000000, Narrow klass shift: 0, Narrow klass range: 0x100000000
[2024-08-29T23:13:10.576+0800] GC(0) Pause Young (Allocation Failure)
[2024-08-29T23:13:10.630+0800] GC(0) DefNew: 557355K(629120K)->38298K(629120K) Eden: 557355K(559232K)->0K(559232K) From: 0K(69888K)->38298K(69888K)
[2024-08-29T23:13:10.631+0800] GC(0) Tenured: 0K(1398144K)->0K(1398144K)
[2024-08-29T23:13:10.631+0800] GC(0) Metaspace: 1184K(1344K)->1184K(1344K) NonClass: 1066K(1152K)->1066K(1152K) Class: 118K(192K)->118K(192K)
[2024-08-29T23:13:10.631+0800] GC(0) Pause Young (Allocation Failure) 544M->37M(1979M) 55.147ms
[2024-08-29T23:13:10.631+0800] GC(0) User=0.00s Sys=0.06s Real=0.05s
[2024-08-29T23:13:10.927+0800] GC(1) Pause Young (Allocation Failure)
[2024-08-29T23:13:11.004+0800] GC(1) DefNew: 597069K(629120K)->54687K(629120K) Eden: 558770K(559232K)->0K(559232K) From: 38298K(69888K)->54687K(69888K)
[2024-08-29T23:13:11.004+0800] GC(1) Tenured: 0K(1398144K)->1493K(1398144K)
[2024-08-29T23:13:11.004+0800] GC(1) Metaspace: 1258K(1408K)->1258K(1408K) NonClass: 1139K(1216K)->1139K(1216K) Class: 118K(192K)->118K(192K)
[2024-08-29T23:13:11.004+0800] GC(1) Pause Young (Allocation Failure) 583M->54M(1979M) 76.510ms
[2024-08-29T23:13:11.004+0800] GC(1) User=0.00s Sys=0.08s Real=0.08s
[2024-08-29T23:13:11.270+0800] GC(2) Pause Young (Allocation Failure)
[2024-08-29T23:13:11.350+0800] GC(2) DefNew: 610825K(629120K)->69433K(629120K) Eden: 556137K(559232K)->0K(559232K) From: 54687K(69888K)->69433K(69888K)
[2024-08-29T23:13:11.350+0800] GC(2) Tenured: 1493K(1398144K)->24300K(1398144K)
[2024-08-29T23:13:11.350+0800] GC(2) Metaspace: 1320K(1472K)->1320K(1472K) NonClass: 1201K(1280K)->1201K(1280K) Class: 118K(192K)->118K(192K)
[2024-08-29T23:13:11.350+0800] GC(2) Pause Young (Allocation Failure) 597M->91M(1979M) 79.784ms
[2024-08-29T23:13:11.350+0800] GC(2) User=0.01s Sys=0.07s Real=0.08s
[2024-08-29T23:13:11.622+0800] GC(3) Pause Young (Allocation Failure)
[2024-08-29T23:13:11.640+0800] GC(3) DefNew: 626253K(629120K)->59733K(629120K) Eden: 556819K(559232K)->0K(559232K) From: 69433K(69888K)->59733K(69888K)
[2024-08-29T23:13:11.640+0800] GC(3) Tenured: 24300K(1398144K)->24300K(1398144K)
[2024-08-29T23:13:11.640+0800] GC(3) Metaspace: 1363K(1536K)->1363K(1536K) NonClass: 1245K(1344K)->1245K(1344K) Class: 118K(192K)->118K(192K)
[2024-08-29T23:13:11.640+0800] GC(3) Pause Young (Allocation Failure) 635M->82M(1979M) 17.812ms
[2024-08-29T23:13:11.640+0800] GC(3) User=0.01s Sys=0.01s Real=0.02s
[2024-08-29T23:13:11.917+0800] GC(4) Pause Young (Allocation Failure)
[2024-08-29T23:13:11.922+0800] GC(4) DefNew: 616431K(629120K)->33239K(629120K) Eden: 556697K(559232K)->0K(559232K) From: 59733K(69888K)->33239K(69888K)
[2024-08-29T23:13:11.922+0800] GC(4) Tenured: 24300K(1398144K)->24302K(1398144K)
[2024-08-29T23:13:11.922+0800] GC(4) Metaspace: 1386K(1536K)->1386K(1536K) NonClass: 1267K(1344K)->1267K(1344K) Class: 118K(192K)->118K(192K)
[2024-08-29T23:13:11.923+0800] GC(4) Pause Young (Allocation Failure) 625M->56M(1979M) 6.009ms
[2024-08-29T23:13:11.923+0800] GC(4) User=0.01s Sys=0.00s Real=0.00s
[2024-08-29T23:13:12.172+0800] GC(5) Pause Young (Allocation Failure)
[2024-08-29T23:13:12.173+0800] GC(5) DefNew: 590522K(629120K)->5109K(629120K) Eden: 557283K(559232K)->0K(559232K) From: 33239K(69888K)->5109K(69888K)
[2024-08-29T23:13:12.173+0800] GC(5) Tenured: 24302K(1398144K)->24302K(1398144K)
[2024-08-29T23:13:12.173+0800] GC(5) Metaspace: 1403K(1600K)->1403K(1600K) NonClass: 1284K(1408K)->1284K(1408K) Class: 118K(192K)->118K(192K)
[2024-08-29T23:13:12.173+0800] GC(5) Pause Young (Allocation Failure) 600M->28M(1979M) 0.977ms
[2024-08-29T23:13:12.173+0800] GC(5) User=0.00s Sys=0.00s Real=0.01s
[2024-08-29T23:13:12.418+0800] GC(6) Pause Young (Allocation Failure)
[2024-08-29T23:13:12.429+0800] GC(6) DefNew: 562728K(629120K)->59762K(629120K) Eden: 557618K(559232K)->0K(559232K) From: 5109K(69888K)->59762K(69888K)
[2024-08-29T23:13:12.429+0800] GC(6) Tenured: 24302K(1398144K)->24302K(1398144K)
[2024-08-29T23:13:12.429+0800] GC(6) Metaspace: 1427K(1600K)->1427K(1600K) NonClass: 1309K(1408K)->1309K(1408K) Class: 118K(192K)->118K(192K)
[2024-08-29T23:13:12.429+0800] GC(6) Pause Young (Allocation Failure) 573M->82M(1979M) 11.480ms
[2024-08-29T23:13:12.429+0800] GC(6) User=0.02s Sys=0.00s Real=0.01s
[2024-08-29T23:13:12.667+0800] GC(7) Pause Young (Allocation Failure)
[2024-08-29T23:13:12.756+0800] GC(7) DefNew: 617745K(629120K)->69768K(629120K) Eden: 557982K(559232K)->0K(559232K) From: 59762K(69888K)->69768K(69888K)
[2024-08-29T23:13:12.757+0800] GC(7) Tenured: 24302K(1398144K)->75687K(1398144K)
[2024-08-29T23:13:12.757+0800] GC(7) Metaspace: 1448K(1600K)->1448K(1600K) NonClass: 1329K(1408K)->1329K(1408K) Class: 118K(192K)->118K(192K)
[2024-08-29T23:13:12.757+0800] GC(7) Pause Young (Allocation Failure) 627M->142M(1979M) 89.930ms
[2024-08-29T23:13:12.757+0800] GC(7) User=0.00s Sys=0.08s Real=0.09s
[2024-08-29T23:13:13.016+0800] GC(8) Pause Young (Allocation Failure)
[2024-08-29T23:13:13.262+0800] GC(8) DefNew: 624825K(629120K)->69493K(629120K) Eden: 555056K(559232K)->0K(559232K) From: 69768K(69888K)->69493K(69888K)
[2024-08-29T23:13:13.262+0800] GC(8) Tenured: 75687K(1398144K)->246371K(1398144K)
[2024-08-29T23:13:13.262+0800] GC(8) Metaspace: 1453K(1600K)->1453K(1600K) NonClass: 1335K(1408K)->1335K(1408K) Class: 118K(192K)->118K(192K)
[2024-08-29T23:13:13.262+0800] GC(8) Pause Young (Allocation Failure) 684M->308M(1979M) 245.613ms
[2024-08-29T23:13:13.262+0800] GC(8) User=0.00s Sys=0.25s Real=0.24s
[2024-08-29T23:13:13.522+0800] GC(9) Pause Young (Allocation Failure)
[2024-08-29T23:13:13.738+0800] GC(9) DefNew: 624188K(629120K)->69770K(629120K) Eden: 554694K(559232K)->0K(559232K) From: 69493K(69888K)->69770K(69888K)
[2024-08-29T23:13:13.738+0800] GC(9) Tenured: 246371K(1398144K)->397152K(1398144K)
[2024-08-29T23:13:13.738+0800] GC(9) Metaspace: 1465K(1664K)->1465K(1664K) NonClass: 1347K(1472K)->1347K(1472K) Class: 118K(192K)->118K(192K)
[2024-08-29T23:13:13.739+0800] GC(9) Pause Young (Allocation Failure) 850M->455M(1979M) 216.167ms
[2024-08-29T23:13:13.739+0800] GC(9) User=0.00s Sys=0.22s Real=0.22s
[2024-08-29T23:13:14.005+0800] GC(10) Pause Young (Allocation Failure)
[2024-08-29T23:13:14.287+0800] GC(10) DefNew: 625443K(629120K)->69726K(629120K) Eden: 555672K(559232K)->0K(559232K) From: 69770K(69888K)->69726K(69888K)
[2024-08-29T23:13:14.287+0800] GC(10) Tenured: 397152K(1398144K)->608871K(1398144K)
[2024-08-29T23:13:14.287+0800] GC(10) Metaspace: 1474K(1664K)->1474K(1664K) NonClass: 1355K(1472K)->1355K(1472K) Class: 118K(192K)->118K(192K)
[2024-08-29T23:13:14.287+0800] GC(10) Pause Young (Allocation Failure) 998M->662M(1979M) 281.944ms
[2024-08-29T23:13:14.287+0800] GC(10) User=0.00s Sys=0.29s Real=0.28s
[2024-08-29T23:13:14.538+0800] GC(11) Pause Young (Allocation Failure)
[2024-08-29T23:13:14.784+0800] GC(11) DefNew: 628475K(629120K)->69599K(629120K) Eden: 558748K(559232K)->0K(559232K) From: 69726K(69888K)->69599K(69888K)
[2024-08-29T23:13:14.784+0800] GC(11) Tenured: 608871K(1398144K)->786965K(1398144K)
[2024-08-29T23:13:14.784+0800] GC(11) Metaspace: 1481K(1664K)->1481K(1664K) NonClass: 1362K(1472K)->1362K(1472K) Class: 118K(192K)->118K(192K)
[2024-08-29T23:13:14.784+0800] GC(11) Pause Young (Allocation Failure) 1208M->836M(1979M) 245.282ms
[2024-08-29T23:13:14.784+0800] GC(11) User=0.00s Sys=0.25s Real=0.25s
[2024-08-29T23:13:15.039+0800] GC(12) Pause Young (Allocation Failure)
[2024-08-29T23:13:15.232+0800] GC(12) DefNew: 624136K(629120K)->69714K(629120K) Eden: 554536K(559232K)->0K(559232K) From: 69599K(69888K)->69714K(69888K)
[2024-08-29T23:13:15.232+0800] GC(12) Tenured: 786965K(1398144K)->922337K(1398144K)
[2024-08-29T23:13:15.232+0800] GC(12) Metaspace: 1540K(1728K)->1540K(1728K) NonClass: 1422K(1536K)->1422K(1536K) Class: 118K(192K)->118K(192K)
[2024-08-29T23:13:15.232+0800] GC(12) Pause Young (Allocation Failure) 1378M->968M(1979M) 193.160ms
[2024-08-29T23:13:15.232+0800] GC(12) User=0.00s Sys=0.20s Real=0.19s
[2024-08-29T23:13:15.478+0800] GC(13) Pause Young (Allocation Failure)
[2024-08-29T23:13:15.685+0800] GC(13) DefNew: 627788K(629120K)->69478K(629120K) Eden: 558074K(559232K)->0K(559232K) From: 69714K(69888K)->69478K(69888K)
[2024-08-29T23:13:15.685+0800] GC(13) Tenured: 922337K(1398144K)->1071832K(1398144K)
[2024-08-29T23:13:15.685+0800] GC(13) Metaspace: 1544K(1728K)->1544K(1728K) NonClass: 1425K(1536K)->1425K(1536K) Class: 118K(192K)->118K(192K)
[2024-08-29T23:13:15.685+0800] GC(13) Pause Young (Allocation Failure) 1513M->1114M(1979M) 206.810ms
[2024-08-29T23:13:15.685+0800] GC(13) User=0.00s Sys=0.21s Real=0.21s
[2024-08-29T23:13:15.973+0800] GC(14) Pause Young (Allocation Failure)
[2024-08-29T23:13:16.103+0800] GC(14) DefNew: 628228K(629120K)->69783K(629120K) Eden: 558749K(559232K)->0K(559232K) From: 69478K(69888K)->69783K(69888K)
[2024-08-29T23:13:16.103+0800] GC(14) Tenured: 1071832K(1398144K)->1163653K(1398144K)
[2024-08-29T23:13:16.103+0800] GC(14) Metaspace: 1544K(1728K)->1544K(1728K) NonClass: 1425K(1536K)->1425K(1536K) Class: 118K(192K)->118K(192K)
[2024-08-29T23:13:16.103+0800] GC(14) Pause Young (Allocation Failure) 1660M->1204M(1979M) 130.114ms
[2024-08-29T23:13:16.103+0800] GC(14) User=0.01s Sys=0.12s Real=0.13s
[2024-08-29T23:13:16.398+0800] GC(15) Pause Young (Allocation Failure)
[2024-08-29T23:13:16.426+0800] GC(15) DefNew: 628579K(629120K)->68382K(629120K) Eden: 558795K(559232K)->0K(559232K) From: 69783K(69888K)->68382K(69888K)
[2024-08-29T23:13:16.426+0800] GC(15) Tenured: 1163653K(1398144K)->1176952K(1398144K)
[2024-08-29T23:13:16.426+0800] GC(15) Metaspace: 1550K(1728K)->1550K(1728K) NonClass: 1431K(1536K)->1431K(1536K) Class: 119K(192K)->119K(192K)
[2024-08-29T23:13:16.426+0800] GC(15) Pause Young (Allocation Failure) 1750M->1216M(1979M) 28.207ms
[2024-08-29T23:13:16.426+0800] GC(15) User=0.01s Sys=0.01s Real=0.03s
[2024-08-29T23:13:16.671+0800] GC(16) Pause Young (Allocation Failure)
[2024-08-29T23:13:16.671+0800] GC(16) Pause Young (Allocation Failure) 1757M->1757M(1979M) 0.072ms
[2024-08-29T23:13:16.671+0800] GC(16) User=0.00s Sys=0.00s Real=0.00s
[2024-08-29T23:13:16.671+0800] GC(17) Pause Full (Allocation Failure)
[2024-08-29T23:13:16.671+0800] GC(17) Phase 1: Mark live objects
[2024-08-29T23:13:16.673+0800] GC(17) Phase 1: Mark live objects 2.473ms
[2024-08-29T23:13:16.673+0800] GC(17) Phase 2: Compute new object addresses
[2024-08-29T23:13:16.674+0800] GC(17) Phase 2: Compute new object addresses 0.576ms
[2024-08-29T23:13:16.674+0800] GC(17) Phase 3: Adjust pointers
[2024-08-29T23:13:16.675+0800] GC(17) Phase 3: Adjust pointers 0.941ms
[2024-08-29T23:13:16.675+0800] GC(17) Phase 4: Move objects
[2024-08-29T23:13:16.686+0800] GC(17) Phase 4: Move objects 11.341ms
[2024-08-29T23:13:16.686+0800] GC(17) DefNew: 623005K(629120K)->0K(629120K) Eden: 554622K(559232K)->0K(559232K) From: 68382K(69888K)->0K(69888K)
[2024-08-29T23:13:16.686+0800] GC(17) Tenured: 1176952K(1398144K)->120596K(1398144K)
[2024-08-29T23:13:16.686+0800] GC(17) Metaspace: 1553K(1728K)->1553K(1728K) NonClass: 1434K(1536K)->1434K(1536K) Class: 119K(192K)->119K(192K)
[2024-08-29T23:13:16.687+0800] GC(17) Pause Full (Allocation Failure) 1757M->117M(1979M) 15.757ms
[2024-08-29T23:13:16.687+0800] GC(17) User=0.02s Sys=0.00s Real=0.02s
[2024-08-29T23:13:16.957+0800] GC(18) Pause Young (Allocation Failure)
[2024-08-29T23:13:16.969+0800] GC(18) DefNew: 557354K(629120K)->63933K(629120K) Eden: 557354K(559232K)->0K(559232K) From: 0K(69888K)->63933K(69888K)
[2024-08-29T23:13:16.969+0800] GC(18) Tenured: 120596K(1398144K)->120596K(1398144K)
[2024-08-29T23:13:16.969+0800] GC(18) Metaspace: 1556K(1728K)->1556K(1728K) NonClass: 1436K(1536K)->1436K(1536K) Class: 119K(192K)->119K(192K)
[2024-08-29T23:13:16.969+0800] GC(18) Pause Young (Allocation Failure) 662M->180M(1979M) 11.991ms
[2024-08-29T23:13:16.969+0800] GC(18) User=0.01s Sys=0.00s Real=0.01s
[2024-08-29T23:13:17.249+0800] GC(19) Pause Young (Allocation Failure)
[2024-08-29T23:13:17.251+0800] GC(19) DefNew: 620715K(629120K)->14033K(629120K) Eden: 556782K(559232K)->0K(559232K) From: 63933K(69888K)->14033K(69888K)
[2024-08-29T23:13:17.251+0800] GC(19) Tenured: 120596K(1398144K)->120596K(1398144K)
[2024-08-29T23:13:17.251+0800] GC(19) Metaspace: 1556K(1728K)->1556K(1728K) NonClass: 1437K(1536K)->1437K(1536K) Class: 119K(192K)->119K(192K)
[2024-08-29T23:13:17.251+0800] GC(19) Pause Young (Allocation Failure) 723M->131M(1979M) 2.574ms
[2024-08-29T23:13:17.251+0800] GC(19) User=0.00s Sys=0.00s Real=0.00s
[2024-08-29T23:13:17.517+0800] GC(20) Pause Young (Allocation Failure)
[2024-08-29T23:13:17.518+0800] GC(20) DefNew: 570714K(629120K)->0K(629120K) Eden: 556680K(559232K)->0K(559232K) From: 14033K(69888K)->0K(69888K)
[2024-08-29T23:13:17.518+0800] GC(20) Tenured: 120596K(1398144K)->120596K(1398144K)
[2024-08-29T23:13:17.518+0800] GC(20) Metaspace: 1582K(1728K)->1582K(1728K) NonClass: 1463K(1536K)->1463K(1536K) Class: 119K(192K)->119K(192K)
[2024-08-29T23:13:17.518+0800] GC(20) Pause Young (Allocation Failure) 675M->117M(1979M) 0.348ms
[2024-08-29T23:13:17.518+0800] GC(20) User=0.00s Sys=0.00s Real=0.00s
[2024-08-29T23:13:17.779+0800] GC(21) Pause Young (Allocation Failure)
[2024-08-29T23:13:17.780+0800] GC(21) DefNew: 557671K(629120K)->4767K(629120K) Eden: 557671K(559232K)->0K(559232K) From: 0K(69888K)->4767K(69888K)
[2024-08-29T23:13:17.780+0800] GC(21) Tenured: 120596K(1398144K)->120596K(1398144K)
[2024-08-29T23:13:17.780+0800] GC(21) Metaspace: 1583K(1728K)->1583K(1728K) NonClass: 1464K(1536K)->1464K(1536K) Class: 119K(192K)->119K(192K)
[2024-08-29T23:13:17.780+0800] GC(21) Pause Young (Allocation Failure) 662M->122M(1979M) 1.190ms
[2024-08-29T23:13:17.780+0800] GC(21) User=0.01s Sys=0.00s Real=0.00s
[2024-08-29T23:13:18.031+0800] GC(22) Pause Young (Allocation Failure)
[2024-08-29T23:13:18.041+0800] GC(22) DefNew: 559789K(629120K)->51387K(629120K) Eden: 555022K(559232K)->0K(559232K) From: 4767K(69888K)->51387K(69888K)
[2024-08-29T23:13:18.041+0800] GC(22) Tenured: 120596K(1398144K)->120596K(1398144K)
[2024-08-29T23:13:18.041+0800] GC(22) Metaspace: 1583K(1728K)->1583K(1728K) NonClass: 1464K(1536K)->1464K(1536K) Class: 119K(192K)->119K(192K)
[2024-08-29T23:13:18.041+0800] GC(22) Pause Young (Allocation Failure) 664M->167M(1979M) 9.931ms
[2024-08-29T23:13:18.041+0800] GC(22) User=0.01s Sys=0.00s Real=0.01s
[2024-08-29T23:13:18.316+0800] GC(23) Pause Young (Allocation Failure)
[2024-08-29T23:13:18.319+0800] GC(23) DefNew: 608311K(629120K)->23911K(629120K) Eden: 556923K(559232K)->0K(559232K) From: 51387K(69888K)->23911K(69888K)
[2024-08-29T23:13:18.319+0800] GC(23) Tenured: 120596K(1398144K)->120597K(1398144K)
[2024-08-29T23:13:18.319+0800] GC(23) Metaspace: 1583K(1728K)->1583K(1728K) NonClass: 1464K(1536K)->1464K(1536K) Class: 119K(192K)->119K(192K)
[2024-08-29T23:13:18.319+0800] GC(23) Pause Young (Allocation Failure) 711M->141M(1979M) 3.789ms
[2024-08-29T23:13:18.320+0800] GC(23) User=0.00s Sys=0.00s Real=0.00s
[2024-08-29T23:13:18.585+0800] GC(24) Pause Young (Allocation Failure)
[2024-08-29T23:13:18.587+0800] GC(24) DefNew: 581714K(629120K)->6752K(629120K) Eden: 557802K(559232K)->0K(559232K) From: 23911K(69888K)->6752K(69888K)
[2024-08-29T23:13:18.587+0800] GC(24) Tenured: 120597K(1398144K)->120597K(1398144K)
[2024-08-29T23:13:18.587+0800] GC(24) Metaspace: 1583K(1728K)->1583K(1728K) NonClass: 1464K(1536K)->1464K(1536K) Class: 119K(192K)->119K(192K)
[2024-08-29T23:13:18.587+0800] GC(24) Pause Young (Allocation Failure) 685M->124M(1979M) 1.542ms
[2024-08-29T23:13:18.587+0800] GC(24) User=0.00s Sys=0.00s Real=0.00s
[2024-08-29T23:13:18.873+0800] GC(25) Pause Young (Allocation Failure)
[2024-08-29T23:13:18.876+0800] GC(25) DefNew: 564739K(629120K)->20148K(629120K) Eden: 557986K(559232K)->0K(559232K) From: 6752K(69888K)->20148K(69888K)
[2024-08-29T23:13:18.876+0800] GC(25) Tenured: 120597K(1398144K)->120597K(1398144K)
[2024-08-29T23:13:18.876+0800] GC(25) Metaspace: 1583K(1728K)->1583K(1728K) NonClass: 1464K(1536K)->1464K(1536K) Class: 119K(192K)->119K(192K)
[2024-08-29T23:13:18.876+0800] GC(25) Pause Young (Allocation Failure) 669M->137M(1979M) 3.563ms
[2024-08-29T23:13:18.876+0800] GC(25) User=0.00s Sys=0.00s Real=0.00s
[2024-08-29T23:13:19.170+0800] GC(26) Pause Young (Allocation Failure)
[2024-08-29T23:13:19.172+0800] GC(26) DefNew: 578152K(629120K)->12186K(629120K) Eden: 558003K(559232K)->0K(559232K) From: 20148K(69888K)->12186K(69888K)
[2024-08-29T23:13:19.172+0800] GC(26) Tenured: 120597K(1398144K)->120597K(1398144K)
[2024-08-29T23:13:19.172+0800] GC(26) Metaspace: 1634K(1792K)->1634K(1792K) NonClass: 1515K(1600K)->1515K(1600K) Class: 119K(192K)->119K(192K)
[2024-08-29T23:13:19.172+0800] GC(26) Pause Young (Allocation Failure) 682M->129M(1979M) 2.215ms
[2024-08-29T23:13:19.172+0800] GC(26) User=0.00s Sys=0.00s Real=0.00s
[2024-08-29T23:13:19.448+0800] GC(27) Pause Young (Allocation Failure)
[2024-08-29T23:13:19.452+0800] GC(27) DefNew: 569590K(629120K)->23580K(629120K) Eden: 557403K(559232K)->0K(559232K) From: 12186K(69888K)->23580K(69888K)
[2024-08-29T23:13:19.452+0800] GC(27) Tenured: 120597K(1398144K)->120597K(1398144K)
[2024-08-29T23:13:19.452+0800] GC(27) Metaspace: 1634K(1792K)->1634K(1792K) NonClass: 1515K(1600K)->1515K(1600K) Class: 119K(192K)->119K(192K)
[2024-08-29T23:13:19.452+0800] GC(27) Pause Young (Allocation Failure) 674M->140M(1979M) 3.826ms
[2024-08-29T23:13:19.452+0800] GC(27) User=0.00s Sys=0.00s Real=0.00s
[2024-08-29T23:13:19.700+0800] GC(28) Pause Young (Allocation Failure)
[2024-08-29T23:13:19.711+0800] GC(28) DefNew: 582400K(629120K)->69830K(629120K) Eden: 558819K(559232K)->0K(559232K) From: 23580K(69888K)->69830K(69888K)
[2024-08-29T23:13:19.711+0800] GC(28) Tenured: 120597K(1398144K)->120597K(1398144K)
[2024-08-29T23:13:19.711+0800] GC(28) Metaspace: 1634K(1792K)->1634K(1792K) NonClass: 1515K(1600K)->1515K(1600K) Class: 119K(192K)->119K(192K)
[2024-08-29T23:13:19.711+0800] GC(28) Pause Young (Allocation Failure) 686M->185M(1979M) 10.763ms
[2024-08-29T23:13:19.711+0800] GC(28) User=0.01s Sys=0.00s Real=0.01s
[2024-08-29T23:13:19.996+0800] GC(29) Pause Young (Allocation Failure)
[2024-08-29T23:13:20.003+0800] GC(29) DefNew: 628277K(629120K)->42941K(629120K) Eden: 558447K(559232K)->0K(559232K) From: 69830K(69888K)->42941K(69888K)
[2024-08-29T23:13:20.003+0800] GC(29) Tenured: 120597K(1398144K)->120597K(1398144K)
[2024-08-29T23:13:20.003+0800] GC(29) Metaspace: 1634K(1792K)->1634K(1792K) NonClass: 1515K(1600K)->1515K(1600K) Class: 119K(192K)->119K(192K)
[2024-08-29T23:13:20.003+0800] GC(29) Pause Young (Allocation Failure) 731M->159M(1979M) 7.045ms
[2024-08-29T23:13:20.003+0800] GC(29) User=0.00s Sys=0.00s Real=0.01s
[2024-08-29T23:13:20.225+0800] GC(30) Pause Young (Allocation Failure)
[2024-08-29T23:13:20.253+0800] GC(30) DefNew: 601888K(629120K)->69720K(629120K) Eden: 558946K(559232K)->0K(559232K) From: 42941K(69888K)->69720K(69888K)
[2024-08-29T23:13:20.253+0800] GC(30) Tenured: 120597K(1398144K)->229871K(1398144K)
[2024-08-29T23:13:20.253+0800] GC(30) Metaspace: 1634K(1792K)->1634K(1792K) NonClass: 1515K(1600K)->1515K(1600K) Class: 119K(192K)->119K(192K)
[2024-08-29T23:13:20.253+0800] GC(30) Pause Young (Allocation Failure) 705M->292M(1979M) 27.772ms
[2024-08-29T23:13:20.253+0800] GC(30) User=0.02s Sys=0.00s Real=0.03s
[2024-08-29T23:13:20.504+0800] GC(31) Pause Young (Allocation Failure)
[2024-08-29T23:13:20.525+0800] GC(31) DefNew: 628641K(629120K)->69619K(629120K) Eden: 558921K(559232K)->0K(559232K) From: 69720K(69888K)->69619K(69888K)
[2024-08-29T23:13:20.525+0800] GC(31) Tenured: 229871K(1398144K)->298293K(1398144K)
[2024-08-29T23:13:20.525+0800] GC(31) Metaspace: 1634K(1792K)->1634K(1792K) NonClass: 1515K(1600K)->1515K(1600K) Class: 119K(192K)->119K(192K)
[2024-08-29T23:13:20.525+0800] GC(31) Pause Young (Allocation Failure) 838M->359M(1979M) 20.564ms
[2024-08-29T23:13:20.525+0800] GC(31) User=0.02s Sys=0.00s Real=0.02s
[2024-08-29T23:13:20.805+0800] GC(32) Pause Young (Allocation Failure)
[2024-08-29T23:13:20.817+0800] GC(32) DefNew: 626968K(629120K)->69688K(629120K) Eden: 557349K(559232K)->0K(559232K) From: 69619K(69888K)->69688K(69888K)
[2024-08-29T23:13:20.817+0800] GC(32) Tenured: 298293K(1398144K)->302979K(1398144K)
[2024-08-29T23:13:20.817+0800] GC(32) Metaspace: 1634K(1792K)->1634K(1792K) NonClass: 1515K(1600K)->1515K(1600K) Class: 119K(192K)->119K(192K)
[2024-08-29T23:13:20.817+0800] GC(32) Pause Young (Allocation Failure) 903M->363M(1979M) 11.879ms
[2024-08-29T23:13:20.817+0800] GC(32) User=0.01s Sys=0.00s Real=0.01s
[2024-08-29T23:13:21.102+0800] GC(33) Pause Young (Allocation Failure)
[2024-08-29T23:13:21.108+0800] GC(33) DefNew: 627952K(629120K)->34398K(629120K) Eden: 558264K(559232K)->0K(559232K) From: 69688K(69888K)->34398K(69888K)
[2024-08-29T23:13:21.108+0800] GC(33) Tenured: 302979K(1398144K)->302979K(1398144K)
[2024-08-29T23:13:21.108+0800] GC(33) Metaspace: 1634K(1792K)->1634K(1792K) NonClass: 1515K(1600K)->1515K(1600K) Class: 119K(192K)->119K(192K)
[2024-08-29T23:13:21.108+0800] GC(33) Pause Young (Allocation Failure) 909M->329M(1979M) 5.666ms
[2024-08-29T23:13:21.108+0800] GC(33) User=0.01s Sys=0.00s Real=0.01s
[2024-08-29T23:13:21.383+0800] GC(34) Pause Young (Allocation Failure)
[2024-08-29T23:13:21.383+0800] GC(34) DefNew: 592627K(629120K)->0K(629120K) Eden: 558228K(559232K)->0K(559232K) From: 34398K(69888K)->0K(69888K)
[2024-08-29T23:13:21.383+0800] GC(34) Tenured: 302979K(1398144K)->302979K(1398144K)
[2024-08-29T23:13:21.384+0800] GC(34) Metaspace: 1634K(1792K)->1634K(1792K) NonClass: 1515K(1600K)->1515K(1600K) Class: 119K(192K)->119K(192K)
[2024-08-29T23:13:21.384+0800] GC(34) Pause Young (Allocation Failure) 874M->295M(1979M) 0.497ms
[2024-08-29T23:13:21.384+0800] GC(34) User=0.00s Sys=0.00s Real=0.00s
[2024-08-29T23:13:21.646+0800] GC(35) Pause Young (Allocation Failure)
[2024-08-29T23:13:21.651+0800] GC(35) DefNew: 558761K(629120K)->28950K(629120K) Eden: 558761K(559232K)->0K(559232K) From: 0K(69888K)->28950K(69888K)
[2024-08-29T23:13:21.652+0800] GC(35) Tenured: 302979K(1398144K)->302979K(1398144K)
[2024-08-29T23:13:21.652+0800] GC(35) Metaspace: 1634K(1792K)->1634K(1792K) NonClass: 1515K(1600K)->1515K(1600K) Class: 119K(192K)->119K(192K)
[2024-08-29T23:13:21.652+0800] GC(35) Pause Young (Allocation Failure) 841M->324M(1979M) 5.497ms
[2024-08-29T23:13:21.652+0800] GC(35) User=0.00s Sys=0.00s Real=0.00s
[2024-08-29T23:13:21.904+0800] GC(36) Pause Young (Allocation Failure)
[2024-08-29T23:13:21.918+0800] GC(36) DefNew: 586981K(629120K)->69250K(629120K) Eden: 558031K(559232K)->0K(559232K) From: 28950K(69888K)->69250K(69888K)
[2024-08-29T23:13:21.918+0800] GC(36) Tenured: 302979K(1398144K)->313948K(1398144K)
[2024-08-29T23:13:21.918+0800] GC(36) Metaspace: 1634K(1792K)->1634K(1792K) NonClass: 1515K(1600K)->1515K(1600K) Class: 119K(192K)->119K(192K)
[2024-08-29T23:13:21.918+0800] GC(36) Pause Young (Allocation Failure) 869M->374M(1979M) 13.878ms
[2024-08-29T23:13:21.918+0800] GC(36) User=0.01s Sys=0.00s Real=0.01s
[2024-08-29T23:13:22.178+0800] GC(37) Pause Young (Allocation Failure)
[2024-08-29T23:13:22.185+0800] GC(37) DefNew: 624326K(629120K)->45449K(629120K) Eden: 555075K(559232K)->0K(559232K) From: 69250K(69888K)->45449K(69888K)
[2024-08-29T23:13:22.185+0800] GC(37) Tenured: 313948K(1398144K)->313948K(1398144K)
[2024-08-29T23:13:22.185+0800] GC(37) Metaspace: 1634K(1792K)->1634K(1792K) NonClass: 1515K(1600K)->1515K(1600K) Class: 119K(192K)->119K(192K)
[2024-08-29T23:13:22.185+0800] GC(37) Pause Young (Allocation Failure) 916M->350M(1979M) 7.278ms
[2024-08-29T23:13:22.185+0800] GC(37) User=0.01s Sys=0.00s Real=0.01s
[2024-08-29T23:13:22.434+0800] GC(38) Pause Young (Allocation Failure)
[2024-08-29T23:13:22.446+0800] GC(38) DefNew: 602072K(629120K)->69288K(629120K) Eden: 556622K(559232K)->0K(559232K) From: 45449K(69888K)->69288K(69888K)
[2024-08-29T23:13:22.446+0800] GC(38) Tenured: 313948K(1398144K)->321184K(1398144K)
[2024-08-29T23:13:22.446+0800] GC(38) Metaspace: 1634K(1792K)->1634K(1792K) NonClass: 1515K(1600K)->1515K(1600K) Class: 119K(192K)->119K(192K)
[2024-08-29T23:13:22.446+0800] GC(38) Pause Young (Allocation Failure) 894M->381M(1979M) 12.057ms
[2024-08-29T23:13:22.446+0800] GC(38) User=0.01s Sys=0.00s Real=0.01s
[2024-08-29T23:13:22.706+0800] GC(39) Pause Young (Allocation Failure)
[2024-08-29T23:13:22.724+0800] GC(39) DefNew: 625154K(629120K)->69554K(629120K) Eden: 555866K(559232K)->0K(559232K) From: 69288K(69888K)->69554K(69888K)
[2024-08-29T23:13:22.724+0800] GC(39) Tenured: 321184K(1398144K)->363595K(1398144K)
[2024-08-29T23:13:22.724+0800] GC(39) Metaspace: 1645K(1792K)->1645K(1792K) NonClass: 1526K(1600K)->1526K(1600K) Class: 119K(192K)->119K(192K)
[2024-08-29T23:13:22.724+0800] GC(39) Pause Young (Allocation Failure) 924M->422M(1979M) 17.700ms
[2024-08-29T23:13:22.724+0800] GC(39) User=0.02s Sys=0.00s Real=0.02s
[2024-08-29T23:13:22.990+0800] GC(40) Pause Young (Allocation Failure)
[2024-08-29T23:13:23.009+0800] GC(40) DefNew: 628116K(629120K)->69472K(629120K) Eden: 558562K(559232K)->0K(559232K) From: 69554K(69888K)->69472K(69888K)
[2024-08-29T23:13:23.009+0800] GC(40) Tenured: 363595K(1398144K)->424414K(1398144K)
[2024-08-29T23:13:23.009+0800] GC(40) Metaspace: 1645K(1792K)->1645K(1792K) NonClass: 1526K(1600K)->1526K(1600K) Class: 119K(192K)->119K(192K)
[2024-08-29T23:13:23.009+0800] GC(40) Pause Young (Allocation Failure) 968M->482M(1979M) 19.179ms
[2024-08-29T23:13:23.009+0800] GC(40) User=0.02s Sys=0.00s Real=0.02s
[2024-08-29T23:13:23.256+0800] GC(41) Pause Young (Allocation Failure)
[2024-08-29T23:13:23.279+0800] GC(41) DefNew: 626046K(629120K)->69361K(629120K) Eden: 556573K(559232K)->0K(559232K) From: 69472K(69888K)->69361K(69888K)
[2024-08-29T23:13:23.279+0800] GC(41) Tenured: 424414K(1398144K)->498646K(1398144K)
[2024-08-29T23:13:23.279+0800] GC(41) Metaspace: 1645K(1792K)->1645K(1792K) NonClass: 1526K(1600K)->1526K(1600K) Class: 119K(192K)->119K(192K)
[2024-08-29T23:13:23.279+0800] GC(41) Pause Young (Allocation Failure) 1025M->554M(1979M) 22.448ms
[2024-08-29T23:13:23.279+0800] GC(41) User=0.02s Sys=0.00s Real=0.02s
[2024-08-29T23:13:23.551+0800] GC(42) Pause Young (Allocation Failure)
[2024-08-29T23:13:23.574+0800] GC(42) DefNew: 627552K(629120K)->69367K(629120K) Eden: 558190K(559232K)->0K(559232K) From: 69361K(69888K)->69367K(69888K)
[2024-08-29T23:13:23.574+0800] GC(42) Tenured: 498646K(1398144K)->572298K(1398144K)
[2024-08-29T23:13:23.574+0800] GC(42) Metaspace: 1645K(1792K)->1645K(1792K) NonClass: 1526K(1600K)->1526K(1600K) Class: 119K(192K)->119K(192K)
[2024-08-29T23:13:23.574+0800] GC(42) Pause Young (Allocation Failure) 1099M->626M(1979M) 22.702ms
[2024-08-29T23:13:23.574+0800] GC(42) User=0.02s Sys=0.00s Real=0.03s
[2024-08-29T23:13:23.854+0800] GC(43) Pause Young (Allocation Failure)
[2024-08-29T23:13:23.872+0800] GC(43) DefNew: 628394K(629120K)->69705K(629120K) Eden: 559027K(559232K)->0K(559232K) From: 69367K(69888K)->69705K(69888K)
[2024-08-29T23:13:23.872+0800] GC(43) Tenured: 572298K(1398144K)->621282K(1398144K)
[2024-08-29T23:13:23.872+0800] GC(43) Metaspace: 1645K(1792K)->1645K(1792K) NonClass: 1526K(1600K)->1526K(1600K) Class: 119K(192K)->119K(192K)
[2024-08-29T23:13:23.872+0800] GC(43) Pause Young (Allocation Failure) 1172M->674M(1979M) 18.310ms
[2024-08-29T23:13:23.872+0800] GC(43) User=0.02s Sys=0.00s Real=0.01s
[2024-08-29T23:13:24.104+0800] GC(44) Pause Young (Allocation Failure)
[2024-08-29T23:13:24.135+0800] GC(44) DefNew: 627817K(629120K)->69871K(629120K) Eden: 558112K(559232K)->0K(559232K) From: 69705K(69888K)->69871K(69888K)
[2024-08-29T23:13:24.135+0800] GC(44) Tenured: 621282K(1398144K)->748431K(1398144K)
[2024-08-29T23:13:24.135+0800] GC(44) Metaspace: 1645K(1792K)->1645K(1792K) NonClass: 1526K(1600K)->1526K(1600K) Class: 119K(192K)->119K(192K)
[2024-08-29T23:13:24.135+0800] GC(44) Pause Young (Allocation Failure) 1219M->799M(1979M) 30.706ms
[2024-08-29T23:13:24.135+0800] GC(44) User=0.03s Sys=0.00s Real=0.03s
[2024-08-29T23:13:24.388+0800] GC(45) Pause Young (Allocation Failure)
[2024-08-29T23:13:24.415+0800] GC(45) DefNew: 627761K(629120K)->69783K(629120K) Eden: 557890K(559232K)->0K(559232K) From: 69871K(69888K)->69783K(69888K)
[2024-08-29T23:13:24.415+0800] GC(45) Tenured: 748431K(1398144K)->858739K(1398144K)
[2024-08-29T23:13:24.415+0800] GC(45) Metaspace: 1645K(1792K)->1645K(1792K) NonClass: 1526K(1600K)->1526K(1600K) Class: 119K(192K)->119K(192K)
[2024-08-29T23:13:24.415+0800] GC(45) Pause Young (Allocation Failure) 1343M->906M(1979M) 27.059ms
[2024-08-29T23:13:24.415+0800] GC(45) User=0.03s Sys=0.00s Real=0.03s
[2024-08-29T23:13:24.663+0800] GC(46) Pause Young (Allocation Failure)
[2024-08-29T23:13:24.697+0800] GC(46) DefNew: 628907K(629120K)->69657K(629120K) Eden: 559124K(559232K)->0K(559232K) From: 69783K(69888K)->69657K(69888K)
[2024-08-29T23:13:24.697+0800] GC(46) Tenured: 858739K(1398144K)->1020891K(1398144K)
[2024-08-29T23:13:24.697+0800] GC(46) Metaspace: 1645K(1792K)->1645K(1792K) NonClass: 1526K(1600K)->1526K(1600K) Class: 119K(192K)->119K(192K)
[2024-08-29T23:13:24.697+0800] GC(46) Pause Young (Allocation Failure) 1452M->1064M(1979M) 34.512ms
[2024-08-29T23:13:24.697+0800] GC(46) User=0.03s Sys=0.00s Real=0.03s
[2024-08-29T23:13:24.985+0800] GC(47) Pause Young (Allocation Failure)
[2024-08-29T23:13:25.011+0800] GC(47) DefNew: 628889K(629120K)->69520K(629120K) Eden: 559232K(559232K)->0K(559232K) From: 69657K(69888K)->69520K(69888K)
[2024-08-29T23:13:25.011+0800] GC(47) Tenured: 1020891K(1398144K)->1118073K(1398144K)
[2024-08-29T23:13:25.011+0800] GC(47) Metaspace: 1645K(1792K)->1645K(1792K) NonClass: 1526K(1600K)->1526K(1600K) Class: 119K(192K)->119K(192K)
[2024-08-29T23:13:25.011+0800] GC(47) Pause Young (Allocation Failure) 1611M->1159M(1979M) 25.964ms
[2024-08-29T23:13:25.011+0800] GC(47) User=0.03s Sys=0.00s Real=0.02s
[2024-08-29T23:13:25.282+0800] GC(48) Pause Young (Allocation Failure)
[2024-08-29T23:13:25.301+0800] GC(48) DefNew: 626000K(629120K)->69852K(629120K) Eden: 556479K(559232K)->0K(559232K) From: 69520K(69888K)->69852K(69888K)
[2024-08-29T23:13:25.301+0800] GC(48) Tenured: 1118073K(1398144K)->1171645K(1398144K)
[2024-08-29T23:13:25.301+0800] GC(48) Metaspace: 1645K(1792K)->1645K(1792K) NonClass: 1526K(1600K)->1526K(1600K) Class: 119K(192K)->119K(192K)
[2024-08-29T23:13:25.301+0800] GC(48) Pause Young (Allocation Failure) 1703M->1212M(1979M) 19.037ms
[2024-08-29T23:13:25.301+0800] GC(48) User=0.02s Sys=0.00s Real=0.02s
[2024-08-29T23:13:25.558+0800] GC(49) Pause Young (Allocation Failure)
[2024-08-29T23:13:25.584+0800] GC(49) DefNew: 628717K(629120K)->69281K(629120K) Eden: 558865K(559232K)->0K(559232K) From: 69852K(69888K)->69281K(69888K)
[2024-08-29T23:13:25.584+0800] GC(49) Tenured: 1171645K(1398144K)->1189997K(1398144K)
[2024-08-29T23:13:25.584+0800] GC(49) Metaspace: 1645K(1792K)->1645K(1792K) NonClass: 1526K(1600K)->1526K(1600K) Class: 119K(192K)->119K(192K)
[2024-08-29T23:13:25.584+0800] GC(49) Pause Young (Allocation Failure) 1758M->1229M(1979M) 25.742ms
[2024-08-29T23:13:25.584+0800] GC(49) User=0.01s Sys=0.01s Real=0.03s
[2024-08-29T23:13:25.814+0800] GC(50) Pause Young (Allocation Failure)
[2024-08-29T23:13:25.969+0800] GC(50) DefNew: 627245K(629120K)->69579K(629120K) Eden: 557964K(559232K)->0K(559232K) From: 69281K(69888K)->69579K(69888K)
[2024-08-29T23:13:25.969+0800] GC(50) Tenured: 1189997K(1398144K)->1300553K(1398144K)
[2024-08-29T23:13:25.969+0800] GC(50) Metaspace: 1645K(1792K)->1645K(1792K) NonClass: 1526K(1600K)->1526K(1600K) Class: 119K(192K)->119K(192K)
[2024-08-29T23:13:25.969+0800] GC(50) Pause Young (Allocation Failure) 1774M->1338M(1979M) 155.395ms
[2024-08-29T23:13:25.969+0800] GC(50) User=0.00s Sys=0.15s Real=0.15s
[2024-08-29T23:13:26.223+0800] GC(51) Pause Young (Allocation Failure)
[2024-08-29T23:13:26.223+0800] GC(51) Pause Young (Allocation Failure) 1883M->1883M(1979M) 0.119ms
[2024-08-29T23:13:26.223+0800] GC(51) User=0.00s Sys=0.00s Real=0.01s
[2024-08-29T23:13:26.223+0800] GC(52) Pause Full (Allocation Failure)
[2024-08-29T23:13:26.223+0800] GC(52) Phase 1: Mark live objects
[2024-08-29T23:13:26.225+0800] GC(52) Phase 1: Mark live objects 2.207ms
[2024-08-29T23:13:26.225+0800] GC(52) Phase 2: Compute new object addresses
[2024-08-29T23:13:26.226+0800] GC(52) Phase 2: Compute new object addresses 0.574ms
[2024-08-29T23:13:26.226+0800] GC(52) Phase 3: Adjust pointers
[2024-08-29T23:13:26.227+0800] GC(52) Phase 3: Adjust pointers 1.043ms
[2024-08-29T23:13:26.227+0800] GC(52) Phase 4: Move objects
[2024-08-29T23:13:26.250+0800] GC(52) Phase 4: Move objects 23.102ms
[2024-08-29T23:13:26.250+0800] GC(52) DefNew: 628622K(629120K)->0K(629120K) Eden: 559042K(559232K)->0K(559232K) From: 69579K(69888K)->0K(69888K)
[2024-08-29T23:13:26.250+0800] GC(52) Tenured: 1300553K(1398144K)->246886K(1398144K)
[2024-08-29T23:13:26.250+0800] GC(52) Metaspace: 1645K(1792K)->1645K(1792K) NonClass: 1526K(1600K)->1526K(1600K) Class: 119K(192K)->119K(192K)
[2024-08-29T23:13:26.250+0800] GC(52) Pause Full (Allocation Failure) 1883M->241M(1979M) 27.351ms
[2024-08-29T23:13:26.250+0800] GC(52) User=0.03s Sys=0.00s Real=0.02s
[2024-08-29T23:13:26.482+0800] GC(53) Pause Young (Allocation Failure)
[2024-08-29T23:13:26.511+0800] GC(53) DefNew: 558698K(629120K)->69447K(629120K) Eden: 558698K(559232K)->0K(559232K) From: 0K(69888K)->69447K(69888K)
[2024-08-29T23:13:26.511+0800] GC(53) Tenured: 246886K(1398144K)->371490K(1398144K)
[2024-08-29T23:13:26.511+0800] GC(53) Metaspace: 1645K(1792K)->1645K(1792K) NonClass: 1526K(1600K)->1526K(1600K) Class: 119K(192K)->119K(192K)
[2024-08-29T23:13:26.511+0800] GC(53) Pause Young (Allocation Failure) 786M->430M(1979M) 28.882ms
[2024-08-29T23:13:26.511+0800] GC(53) User=0.03s Sys=0.00s Real=0.03s
[2024-08-29T23:13:26.772+0800] GC(54) Pause Young (Allocation Failure)
[2024-08-29T23:13:26.805+0800] GC(54) DefNew: 627474K(629120K)->69314K(629120K) Eden: 558027K(559232K)->0K(559232K) From: 69447K(69888K)->69314K(69888K)
[2024-08-29T23:13:26.805+0800] GC(54) Tenured: 371490K(1398144K)->490650K(1398144K)
[2024-08-29T23:13:26.805+0800] GC(54) Metaspace: 1645K(1792K)->1645K(1792K) NonClass: 1526K(1600K)->1526K(1600K) Class: 119K(192K)->119K(192K)
[2024-08-29T23:13:26.805+0800] GC(54) Pause Young (Allocation Failure) 975M->546M(1979M) 32.529ms
[2024-08-29T23:13:26.805+0800] GC(54) User=0.04s Sys=0.00s Real=0.04s
[2024-08-29T23:13:27.055+0800] GC(55) Pause Young (Allocation Failure)
[2024-08-29T23:13:27.093+0800] GC(55) DefNew: 628445K(629120K)->69442K(629120K) Eden: 559130K(559232K)->0K(559232K) From: 69314K(69888K)->69442K(69888K)
[2024-08-29T23:13:27.093+0800] GC(55) Tenured: 490650K(1398144K)->679896K(1398144K)
[2024-08-29T23:13:27.093+0800] GC(55) Metaspace: 1645K(1792K)->1645K(1792K) NonClass: 1526K(1600K)->1526K(1600K) Class: 119K(192K)->119K(192K)
[2024-08-29T23:13:27.093+0800] GC(55) Pause Young (Allocation Failure) 1092M->731M(1979M) 38.390ms
[2024-08-29T23:13:27.093+0800] GC(55) User=0.04s Sys=0.00s Real=0.04s
[2024-08-29T23:13:27.358+0800] GC(56) Pause Young (Allocation Failure)
[2024-08-29T23:13:27.395+0800] GC(56) DefNew: 625636K(629120K)->69694K(629120K) Eden: 556194K(559232K)->0K(559232K) From: 69442K(69888K)->69694K(69888K)
[2024-08-29T23:13:27.395+0800] GC(56) Tenured: 679896K(1398144K)->856244K(1398144K)
[2024-08-29T23:13:27.395+0800] GC(56) Metaspace: 1645K(1792K)->1645K(1792K) NonClass: 1526K(1600K)->1526K(1600K) Class: 119K(192K)->119K(192K)
[2024-08-29T23:13:27.395+0800] GC(56) Pause Young (Allocation Failure) 1274M->904M(1979M) 36.600ms
[2024-08-29T23:13:27.395+0800] GC(56) User=0.03s Sys=0.00s Real=0.04s
[2024-08-29T23:13:27.671+0800] GC(57) Pause Young (Allocation Failure)
[2024-08-29T23:13:27.703+0800] GC(57) DefNew: 628900K(629120K)->69439K(629120K) Eden: 559205K(559232K)->0K(559232K) From: 69694K(69888K)->69439K(69888K)
[2024-08-29T23:13:27.704+0800] GC(57) Tenured: 856244K(1398144K)->993755K(1398144K)
[2024-08-29T23:13:27.704+0800] GC(57) Metaspace: 1645K(1792K)->1645K(1792K) NonClass: 1526K(1600K)->1526K(1600K) Class: 119K(192K)->119K(192K)
[2024-08-29T23:13:27.704+0800] GC(57) Pause Young (Allocation Failure) 1450M->1038M(1979M) 32.476ms
[2024-08-29T23:13:27.704+0800] GC(57) User=0.04s Sys=0.00s Real=0.04s
[2024-08-29T23:13:27.968+0800] GC(58) Pause Young (Allocation Failure)
[2024-08-29T23:13:28.000+0800] GC(58) DefNew: 624736K(629120K)->69853K(629120K) Eden: 555297K(559232K)->0K(559232K) From: 69439K(69888K)->69853K(69888K)
[2024-08-29T23:13:28.000+0800] GC(58) Tenured: 993755K(1398144K)->1130846K(1398144K)
[2024-08-29T23:13:28.000+0800] GC(58) Metaspace: 1645K(1792K)->1645K(1792K) NonClass: 1526K(1600K)->1526K(1600K) Class: 119K(192K)->119K(192K)
[2024-08-29T23:13:28.000+0800] GC(58) Pause Young (Allocation Failure) 1580M->1172M(1979M) 32.031ms
[2024-08-29T23:13:28.000+0800] GC(58) User=0.03s Sys=0.00s Real=0.03s
[2024-08-29T23:13:28.236+0800] GC(59) Pause Young (Allocation Failure)
[2024-08-29T23:13:28.269+0800] GC(59) DefNew: 625847K(629120K)->69830K(629120K) Eden: 555994K(559232K)->0K(559232K) From: 69853K(69888K)->69830K(69888K)
[2024-08-29T23:13:28.269+0800] GC(59) Tenured: 1130846K(1398144K)->1270373K(1398144K)
[2024-08-29T23:13:28.269+0800] GC(59) Metaspace: 1645K(1792K)->1645K(1792K) NonClass: 1526K(1600K)->1526K(1600K) Class: 119K(192K)->119K(192K)
[2024-08-29T23:13:28.269+0800] GC(59) Pause Young (Allocation Failure) 1715M->1308M(1979M) 32.440ms
[2024-08-29T23:13:28.269+0800] GC(59) User=0.03s Sys=0.00s Real=0.03s
[2024-08-29T23:13:28.571+0800] GC(60) Pause Young (Allocation Failure)
[2024-08-29T23:13:28.571+0800] GC(60) Pause Young (Allocation Failure) 1854M->1854M(1979M) 0.116ms
[2024-08-29T23:13:28.571+0800] GC(60) User=0.00s Sys=0.00s Real=0.00s
[2024-08-29T23:13:28.571+0800] GC(61) Pause Full (Allocation Failure)
[2024-08-29T23:13:28.571+0800] GC(61) Phase 1: Mark live objects
[2024-08-29T23:13:28.573+0800] GC(61) Phase 1: Mark live objects 2.369ms
[2024-08-29T23:13:28.573+0800] GC(61) Phase 2: Compute new object addresses
[2024-08-29T23:13:28.574+0800] GC(61) Phase 2: Compute new object addresses 0.609ms
[2024-08-29T23:13:28.574+0800] GC(61) Phase 3: Adjust pointers
[2024-08-29T23:13:28.575+0800] GC(61) Phase 3: Adjust pointers 1.032ms
[2024-08-29T23:13:28.575+0800] GC(61) Phase 4: Move objects
[2024-08-29T23:13:28.587+0800] GC(61) Phase 4: Move objects 12.390ms
[2024-08-29T23:13:28.588+0800] GC(61) DefNew: 628872K(629120K)->0K(629120K) Eden: 559042K(559232K)->0K(559232K) From: 69830K(69888K)->0K(69888K)
[2024-08-29T23:13:28.588+0800] GC(61) Tenured: 1270373K(1398144K)->123062K(1398144K)
[2024-08-29T23:13:28.588+0800] GC(61) Metaspace: 1645K(1792K)->1645K(1792K) NonClass: 1526K(1600K)->1526K(1600K) Class: 119K(192K)->119K(192K)
[2024-08-29T23:13:28.588+0800] GC(61) Pause Full (Allocation Failure) 1854M->120M(1979M) 16.835ms
[2024-08-29T23:13:28.588+0800] GC(61) User=0.02s Sys=0.00s Real=0.02s
[2024-08-29T23:13:28.859+0800] GC(62) Pause Young (Allocation Failure)
[2024-08-29T23:13:28.873+0800] GC(62) DefNew: 557674K(629120K)->69504K(629120K) Eden: 557674K(559232K)->0K(559232K) From: 0K(69888K)->69504K(69888K)
[2024-08-29T23:13:28.873+0800] GC(62) Tenured: 123062K(1398144K)->142243K(1398144K)
[2024-08-29T23:13:28.873+0800] GC(62) Metaspace: 1645K(1792K)->1645K(1792K) NonClass: 1526K(1600K)->1526K(1600K) Class: 119K(192K)->119K(192K)
[2024-08-29T23:13:28.873+0800] GC(62) Pause Young (Allocation Failure) 664M->206M(1979M) 14.059ms
[2024-08-29T23:13:28.873+0800] GC(62) User=0.01s Sys=0.00s Real=0.02s
[2024-08-29T23:13:29.136+0800] GC(63) Pause Young (Allocation Failure)
[2024-08-29T23:13:29.155+0800] GC(63) DefNew: 627930K(629120K)->69615K(629120K) Eden: 558426K(559232K)->0K(559232K) From: 69504K(69888K)->69615K(69888K)
[2024-08-29T23:13:29.155+0800] GC(63) Tenured: 142243K(1398144K)->186249K(1398144K)
[2024-08-29T23:13:29.155+0800] GC(63) Metaspace: 1645K(1792K)->1645K(1792K) NonClass: 1526K(1600K)->1526K(1600K) Class: 119K(192K)->119K(192K)
[2024-08-29T23:13:29.155+0800] GC(63) Pause Young (Allocation Failure) 752M->249M(1979M) 18.327ms
[2024-08-29T23:13:29.155+0800] GC(63) User=0.01s Sys=0.00s Real=0.02s
[2024-08-29T23:13:29.427+0800] GC(64) Pause Young (Allocation Failure)
[2024-08-29T23:13:29.443+0800] GC(64) DefNew: 625616K(629120K)->69744K(629120K) Eden: 556001K(559232K)->0K(559232K) From: 69615K(69888K)->69744K(69888K)
[2024-08-29T23:13:29.443+0800] GC(64) Tenured: 186249K(1398144K)->222714K(1398144K)
[2024-08-29T23:13:29.443+0800] GC(64) Metaspace: 1645K(1792K)->1645K(1792K) NonClass: 1526K(1600K)->1526K(1600K) Class: 119K(192K)->119K(192K)
[2024-08-29T23:13:29.443+0800] GC(64) Pause Young (Allocation Failure) 792M->285M(1979M) 16.592ms
[2024-08-29T23:13:29.443+0800] GC(64) User=0.02s Sys=0.00s Real=0.01s
[2024-08-29T23:13:29.727+0800] GC(65) Pause Young (Allocation Failure)
[2024-08-29T23:13:29.732+0800] GC(65) DefNew: 628000K(629120K)->32055K(629120K) Eden: 558256K(559232K)->0K(559232K) From: 69744K(69888K)->32055K(69888K)
[2024-08-29T23:13:29.732+0800] GC(65) Tenured: 222714K(1398144K)->222714K(1398144K)
[2024-08-29T23:13:29.732+0800] GC(65) Metaspace: 1645K(1792K)->1645K(1792K) NonClass: 1526K(1600K)->1526K(1600K) Class: 119K(192K)->119K(192K)
[2024-08-29T23:13:29.732+0800] GC(65) Pause Young (Allocation Failure) 830M->248M(1979M) 5.022ms
[2024-08-29T23:13:29.732+0800] GC(65) User=0.01s Sys=0.00s Real=0.00s
[2024-08-29T23:13:29.986+0800] GC(66) Pause Young (Allocation Failure)
[2024-08-29T23:13:29.989+0800] GC(66) DefNew: 590152K(629120K)->20644K(629120K) Eden: 558096K(559232K)->0K(559232K) From: 32055K(69888K)->20644K(69888K)
[2024-08-29T23:13:29.989+0800] GC(66) Tenured: 222714K(1398144K)->222714K(1398144K)
[2024-08-29T23:13:29.989+0800] GC(66) Metaspace: 1645K(1792K)->1645K(1792K) NonClass: 1526K(1600K)->1526K(1600K) Class: 119K(192K)->119K(192K)
[2024-08-29T23:13:29.989+0800] GC(66) Pause Young (Allocation Failure) 793M->237M(1979M) 3.706ms
[2024-08-29T23:13:29.989+0800] GC(66) User=0.00s Sys=0.00s Real=0.00s
[2024-08-29T23:13:30.270+0800] GC(67) Pause Young (Allocation Failure)
[2024-08-29T23:13:30.270+0800] GC(67) DefNew: 576762K(629120K)->0K(629120K) Eden: 556117K(559232K)->0K(559232K) From: 20644K(69888K)->0K(69888K)
[2024-08-29T23:13:30.270+0800] GC(67) Tenured: 222714K(1398144K)->222714K(1398144K)
[2024-08-29T23:13:30.270+0800] GC(67) Metaspace: 1645K(1792K)->1645K(1792K) NonClass: 1526K(1600K)->1526K(1600K) Class: 119K(192K)->119K(192K)
[2024-08-29T23:13:30.270+0800] GC(67) Pause Young (Allocation Failure) 780M->217M(1979M) 0.337ms
[2024-08-29T23:13:30.270+0800] GC(67) User=0.00s Sys=0.00s Real=0.00s
[2024-08-29T23:13:30.539+0800] GC(68) Pause Young (Allocation Failure)
[2024-08-29T23:13:30.550+0800] GC(68) DefNew: 558718K(629120K)->68275K(629120K) Eden: 558718K(559232K)->0K(559232K) From: 0K(69888K)->68275K(69888K)
[2024-08-29T23:13:30.550+0800] GC(68) Tenured: 222714K(1398144K)->222714K(1398144K)
[2024-08-29T23:13:30.550+0800] GC(68) Metaspace: 1645K(1792K)->1645K(1792K) NonClass: 1526K(1600K)->1526K(1600K) Class: 119K(192K)->119K(192K)
[2024-08-29T23:13:30.550+0800] GC(68) Pause Young (Allocation Failure) 763M->284M(1979M) 11.603ms
[2024-08-29T23:13:30.550+0800] GC(68) User=0.02s Sys=0.00s Real=0.01s
[2024-08-29T23:13:30.802+0800] GC(69) Pause Young (Allocation Failure)
[2024-08-29T23:13:30.821+0800] GC(69) DefNew: 627067K(629120K)->68804K(629120K) Eden: 558791K(559232K)->0K(559232K) From: 68275K(69888K)->68804K(69888K)
[2024-08-29T23:13:30.821+0800] GC(69) Tenured: 222714K(1398144K)->286731K(1398144K)
[2024-08-29T23:13:30.821+0800] GC(69) Metaspace: 1645K(1792K)->1645K(1792K) NonClass: 1526K(1600K)->1526K(1600K) Class: 119K(192K)->119K(192K)
[2024-08-29T23:13:30.822+0800] GC(69) Pause Young (Allocation Failure) 829M->347M(1979M) 19.692ms
[2024-08-29T23:13:30.822+0800] GC(69) User=0.02s Sys=0.00s Real=0.02s
[2024-08-29T23:13:31.093+0800] GC(70) Pause Young (Allocation Failure)
[2024-08-29T23:13:31.109+0800] GC(70) DefNew: 625830K(629120K)->69725K(629120K) Eden: 557026K(559232K)->0K(559232K) From: 68804K(69888K)->69725K(69888K)
[2024-08-29T23:13:31.109+0800] GC(70) Tenured: 286731K(1398144K)->323133K(1398144K)
[2024-08-29T23:13:31.109+0800] GC(70) Metaspace: 1645K(1792K)->1645K(1792K) NonClass: 1526K(1600K)->1526K(1600K) Class: 119K(192K)->119K(192K)
[2024-08-29T23:13:31.109+0800] GC(70) Pause Young (Allocation Failure) 891M->383M(1979M) 15.580ms
[2024-08-29T23:13:31.109+0800] GC(70) User=0.01s Sys=0.00s Real=0.01s
[2024-08-29T23:13:31.366+0800] GC(71) Pause Young (Allocation Failure)
[2024-08-29T23:13:31.376+0800] GC(71) DefNew: 627751K(629120K)->65469K(629120K) Eden: 558026K(559232K)->0K(559232K) From: 69725K(69888K)->65469K(69888K)
[2024-08-29T23:13:31.376+0800] GC(71) Tenured: 323133K(1398144K)->326430K(1398144K)
[2024-08-29T23:13:31.376+0800] GC(71) Metaspace: 1645K(1792K)->1645K(1792K) NonClass: 1526K(1600K)->1526K(1600K) Class: 119K(192K)->119K(192K)
[2024-08-29T23:13:31.376+0800] GC(71) Pause Young (Allocation Failure) 928M->382M(1979M) 10.393ms
[2024-08-29T23:13:31.376+0800] GC(71) User=0.01s Sys=0.00s Real=0.01s
[2024-08-29T23:13:31.622+0800] GC(72) Pause Young (Allocation Failure)
[2024-08-29T23:13:31.634+0800] GC(72) DefNew: 621038K(629120K)->67751K(629120K) Eden: 555568K(559232K)->0K(559232K) From: 65469K(69888K)->67751K(69888K)
[2024-08-29T23:13:31.634+0800] GC(72) Tenured: 326430K(1398144K)->338609K(1398144K)
[2024-08-29T23:13:31.634+0800] GC(72) Metaspace: 1645K(1792K)->1645K(1792K) NonClass: 1526K(1600K)->1526K(1600K) Class: 119K(192K)->119K(192K)
[2024-08-29T23:13:31.634+0800] GC(72) Pause Young (Allocation Failure) 925M->396M(1979M) 11.963ms
[2024-08-29T23:13:31.634+0800] GC(72) User=0.01s Sys=0.00s Real=0.02s
[2024-08-29T23:13:31.870+0800] GC(73) Pause Young (Allocation Failure)
[2024-08-29T23:13:31.889+0800] GC(73) DefNew: 626109K(629120K)->69501K(629120K) Eden: 558357K(559232K)->0K(559232K) From: 67751K(69888K)->69501K(69888K)
[2024-08-29T23:13:31.889+0800] GC(73) Tenured: 338609K(1398144K)->395217K(1398144K)
[2024-08-29T23:13:31.889+0800] GC(73) Metaspace: 1645K(1792K)->1645K(1792K) NonClass: 1526K(1600K)->1526K(1600K) Class: 119K(192K)->119K(192K)
[2024-08-29T23:13:31.889+0800] GC(73) Pause Young (Allocation Failure) 942M->453M(1979M) 19.366ms
[2024-08-29T23:13:31.889+0800] GC(73) User=0.02s Sys=0.00s Real=0.02s
[2024-08-29T23:13:32.131+0800] GC(74) Pause Young (Allocation Failure)
[2024-08-29T23:13:32.155+0800] GC(74) DefNew: 624531K(629120K)->69814K(629120K) Eden: 555029K(559232K)->0K(559232K) From: 69501K(69888K)->69814K(69888K)
[2024-08-29T23:13:32.155+0800] GC(74) Tenured: 395217K(1398144K)->483739K(1398144K)
[2024-08-29T23:13:32.155+0800] GC(74) Metaspace: 1645K(1792K)->1645K(1792K) NonClass: 1526K(1600K)->1526K(1600K) Class: 119K(192K)->119K(192K)
[2024-08-29T23:13:32.155+0800] GC(74) Pause Young (Allocation Failure) 995M->540M(1979M) 24.573ms
[2024-08-29T23:13:32.155+0800] GC(74) User=0.02s Sys=0.00s Real=0.03s
[2024-08-29T23:13:32.422+0800] GC(75) Pause Young (Allocation Failure)
[2024-08-29T23:13:32.445+0800] GC(75) DefNew: 628679K(629120K)->69369K(629120K) Eden: 558864K(559232K)->0K(559232K) From: 69814K(69888K)->69369K(69888K)
[2024-08-29T23:13:32.445+0800] GC(75) Tenured: 483739K(1398144K)->570631K(1398144K)
[2024-08-29T23:13:32.445+0800] GC(75) Metaspace: 1645K(1792K)->1645K(1792K) NonClass: 1526K(1600K)->1526K(1600K) Class: 119K(192K)->119K(192K)
[2024-08-29T23:13:32.445+0800] GC(75) Pause Young (Allocation Failure) 1086M->625M(1979M) 22.833ms
[2024-08-29T23:13:32.445+0800] GC(75) User=0.02s Sys=0.00s Real=0.03s
[2024-08-29T23:13:32.695+0800] GC(76) Pause Young (Allocation Failure)
[2024-08-29T23:13:32.727+0800] GC(76) DefNew: 626880K(629120K)->69313K(629120K) Eden: 557511K(559232K)->0K(559232K) From: 69369K(69888K)->69313K(69888K)
[2024-08-29T23:13:32.727+0800] GC(76) Tenured: 570631K(1398144K)->710639K(1398144K)
[2024-08-29T23:13:32.727+0800] GC(76) Metaspace: 1645K(1792K)->1645K(1792K) NonClass: 1526K(1600K)->1526K(1600K) Class: 119K(192K)->119K(192K)
[2024-08-29T23:13:32.727+0800] GC(76) Pause Young (Allocation Failure) 1169M->761M(1979M) 32.327ms
[2024-08-29T23:13:32.727+0800] GC(76) User=0.03s Sys=0.00s Real=0.03s
[2024-08-29T23:13:33.002+0800] GC(77) Pause Young (Allocation Failure)
[2024-08-29T23:13:33.028+0800] GC(77) DefNew: 628019K(629120K)->69849K(629120K) Eden: 558706K(559232K)->0K(559232K) From: 69313K(69888K)->69849K(69888K)
[2024-08-29T23:13:33.028+0800] GC(77) Tenured: 710639K(1398144K)->806178K(1398144K)
[2024-08-29T23:13:33.028+0800] GC(77) Metaspace: 1645K(1792K)->1645K(1792K) NonClass: 1526K(1600K)->1526K(1600K) Class: 119K(192K)->119K(192K)
[2024-08-29T23:13:33.028+0800] GC(77) Pause Young (Allocation Failure) 1307M->855M(1979M) 25.415ms
[2024-08-29T23:13:33.028+0800] GC(77) User=0.03s Sys=0.00s Real=0.03s
[2024-08-29T23:13:33.308+0800] GC(78) Pause Young (Allocation Failure)
[2024-08-29T23:13:33.329+0800] GC(78) DefNew: 627570K(629120K)->69820K(629120K) Eden: 557720K(559232K)->0K(559232K) From: 69849K(69888K)->69820K(69888K)
[2024-08-29T23:13:33.329+0800] GC(78) Tenured: 806178K(1398144K)->876353K(1398144K)
[2024-08-29T23:13:33.329+0800] GC(78) Metaspace: 1645K(1792K)->1645K(1792K) NonClass: 1526K(1600K)->1526K(1600K) Class: 119K(192K)->119K(192K)
[2024-08-29T23:13:33.329+0800] GC(78) Pause Young (Allocation Failure) 1400M->923M(1979M) 21.616ms
[2024-08-29T23:13:33.330+0800] GC(78) User=0.02s Sys=0.00s Real=0.02s
[2024-08-29T23:13:33.589+0800] GC(79) Pause Young (Allocation Failure)
[2024-08-29T23:13:33.612+0800] GC(79) DefNew: 627883K(629120K)->69621K(629120K) Eden: 558063K(559232K)->0K(559232K) From: 69820K(69888K)->69621K(69888K)
[2024-08-29T23:13:33.612+0800] GC(79) Tenured: 876353K(1398144K)->961736K(1398144K)
[2024-08-29T23:13:33.612+0800] GC(79) Metaspace: 1645K(1792K)->1645K(1792K) NonClass: 1526K(1600K)->1526K(1600K) Class: 119K(192K)->119K(192K)
[2024-08-29T23:13:33.612+0800] GC(79) Pause Young (Allocation Failure) 1468M->1007M(1979M) 23.075ms
[2024-08-29T23:13:33.612+0800] GC(79) User=0.02s Sys=0.00s Real=0.02s
[2024-08-29T23:13:33.859+0800] GC(80) Pause Young (Allocation Failure)
[2024-08-29T23:13:33.882+0800] GC(80) DefNew: 627001K(629120K)->69803K(629120K) Eden: 557380K(559232K)->0K(559232K) From: 69621K(69888K)->69803K(69888K)
[2024-08-29T23:13:33.882+0800] GC(80) Tenured: 961736K(1398144K)->1050802K(1398144K)
[2024-08-29T23:13:33.882+0800] GC(80) Metaspace: 1645K(1792K)->1645K(1792K) NonClass: 1526K(1600K)->1526K(1600K) Class: 119K(192K)->119K(192K)
[2024-08-29T23:13:33.882+0800] GC(80) Pause Young (Allocation Failure) 1551M->1094M(1979M) 23.172ms
[2024-08-29T23:13:33.882+0800] GC(80) User=0.02s Sys=0.00s Real=0.02s
[2024-08-29T23:13:34.121+0800] GC(81) Pause Young (Allocation Failure)
[2024-08-29T23:13:34.152+0800] GC(81) DefNew: 626893K(629120K)->69861K(629120K) Eden: 557089K(559232K)->0K(559232K) From: 69803K(69888K)->69861K(69888K)
[2024-08-29T23:13:34.152+0800] GC(81) Tenured: 1050802K(1398144K)->1186876K(1398144K)
[2024-08-29T23:13:34.152+0800] GC(81) Metaspace: 1645K(1792K)->1645K(1792K) NonClass: 1526K(1600K)->1526K(1600K) Class: 119K(192K)->119K(192K)
[2024-08-29T23:13:34.152+0800] GC(81) Pause Young (Allocation Failure) 1638M->1227M(1979M) 30.831ms
[2024-08-29T23:13:34.152+0800] GC(81) User=0.03s Sys=0.00s Real=0.03s
[2024-08-29T23:13:34.439+0800] GC(82) Pause Young (Allocation Failure)
[2024-08-29T23:13:34.460+0800] GC(82) DefNew: 627972K(629120K)->69877K(629120K) Eden: 558110K(559232K)->0K(559232K) From: 69861K(69888K)->69877K(69888K)
[2024-08-29T23:13:34.460+0800] GC(82) Tenured: 1186876K(1398144K)->1253441K(1398144K)
[2024-08-29T23:13:34.460+0800] GC(82) Metaspace: 1645K(1792K)->1645K(1792K) NonClass: 1526K(1600K)->1526K(1600K) Class: 119K(192K)->119K(192K)
[2024-08-29T23:13:34.460+0800] GC(82) Pause Young (Allocation Failure) 1772M->1292M(1979M) 20.456ms
[2024-08-29T23:13:34.460+0800] GC(82) User=0.02s Sys=0.00s Real=0.02s
[2024-08-29T23:13:34.730+0800] GC(83) Pause Young (Allocation Failure)
[2024-08-29T23:13:34.730+0800] GC(83) Pause Young (Allocation Failure) 1835M->1835M(1979M) 0.142ms
[2024-08-29T23:13:34.730+0800] GC(83) User=0.00s Sys=0.00s Real=0.00s
[2024-08-29T23:13:34.730+0800] GC(84) Pause Full (Allocation Failure)
[2024-08-29T23:13:34.730+0800] GC(84) Phase 1: Mark live objects
[2024-08-29T23:13:34.733+0800] GC(84) Phase 1: Mark live objects 2.574ms
[2024-08-29T23:13:34.733+0800] GC(84) Phase 2: Compute new object addresses
[2024-08-29T23:13:34.733+0800] GC(84) Phase 2: Compute new object addresses 0.733ms
[2024-08-29T23:13:34.733+0800] GC(84) Phase 3: Adjust pointers
[2024-08-29T23:13:34.735+0800] GC(84) Phase 3: Adjust pointers 1.335ms
[2024-08-29T23:13:34.735+0800] GC(84) Phase 4: Move objects
[2024-08-29T23:13:34.755+0800] GC(84) Phase 4: Move objects 20.198ms
[2024-08-29T23:13:34.755+0800] GC(84) DefNew: 625620K(629120K)->0K(629120K) Eden: 555742K(559232K)->0K(559232K) From: 69877K(69888K)->0K(69888K)
[2024-08-29T23:13:34.755+0800] GC(84) Tenured: 1253441K(1398144K)->186736K(1398144K)
[2024-08-29T23:13:34.755+0800] GC(84) Metaspace: 1645K(1792K)->1645K(1792K) NonClass: 1526K(1600K)->1526K(1600K) Class: 119K(192K)->119K(192K)
[2024-08-29T23:13:34.755+0800] GC(84) Pause Full (Allocation Failure) 1835M->182M(1979M) 25.244ms
[2024-08-29T23:13:34.755+0800] GC(84) User=0.03s Sys=0.00s Real=0.03s
[2024-08-29T23:13:35.020+0800] GC(85) Pause Young (Allocation Failure)
[2024-08-29T23:13:35.069+0800] GC(85) DefNew: 558090K(629120K)->69857K(629120K) Eden: 558090K(559232K)->0K(559232K) From: 0K(69888K)->69857K(69888K)
[2024-08-29T23:13:35.069+0800] GC(85) Tenured: 186736K(1398144K)->447291K(1398144K)
[2024-08-29T23:13:35.069+0800] GC(85) Metaspace: 1645K(1792K)->1645K(1792K) NonClass: 1526K(1600K)->1526K(1600K) Class: 119K(192K)->119K(192K)
[2024-08-29T23:13:35.069+0800] GC(85) Pause Young (Allocation Failure) 727M->505M(1979M) 48.925ms
[2024-08-29T23:13:35.069+0800] GC(85) User=0.04s Sys=0.00s Real=0.05s
[2024-08-29T23:13:35.314+0800] GC(86) Pause Young (Allocation Failure)
[2024-08-29T23:13:35.358+0800] GC(86) DefNew: 628469K(629120K)->69623K(629120K) Eden: 558612K(559232K)->0K(559232K) From: 69857K(69888K)->69623K(69888K)
[2024-08-29T23:13:35.358+0800] GC(86) Tenured: 447291K(1398144K)->664577K(1398144K)
[2024-08-29T23:13:35.358+0800] GC(86) Metaspace: 1645K(1792K)->1645K(1792K) NonClass: 1526K(1600K)->1526K(1600K) Class: 119K(192K)->119K(192K)
[2024-08-29T23:13:35.358+0800] GC(86) Pause Young (Allocation Failure) 1050M->716M(1979M) 44.566ms
[2024-08-29T23:13:35.358+0800] GC(86) User=0.05s Sys=0.00s Real=0.04s
[2024-08-29T23:13:35.658+0800] GC(87) Pause Young (Allocation Failure)
[2024-08-29T23:13:35.670+0800] GC(87) DefNew: 628678K(629120K)->68469K(629120K) Eden: 559055K(559232K)->0K(559232K) From: 69623K(69888K)->68469K(69888K)
[2024-08-29T23:13:35.670+0800] GC(87) Tenured: 664577K(1398144K)->679673K(1398144K)
[2024-08-29T23:13:35.670+0800] GC(87) Metaspace: 1645K(1792K)->1645K(1792K) NonClass: 1526K(1600K)->1526K(1600K) Class: 119K(192K)->119K(192K)
[2024-08-29T23:13:35.670+0800] GC(87) Pause Young (Allocation Failure) 1262M->730M(1979M) 12.634ms
[2024-08-29T23:13:35.671+0800] GC(87) User=0.01s Sys=0.00s Real=0.01s
[2024-08-29T23:13:35.912+0800] GC(88) Pause Young (Allocation Failure)
[2024-08-29T23:13:35.923+0800] GC(88) DefNew: 623927K(629120K)->69277K(629120K) Eden: 555458K(559232K)->0K(559232K) From: 68469K(69888K)->69277K(69888K)
[2024-08-29T23:13:35.923+0800] GC(88) Tenured: 679673K(1398144K)->681166K(1398144K)
[2024-08-29T23:13:35.923+0800] GC(88) Metaspace: 1645K(1792K)->1645K(1792K) NonClass: 1526K(1600K)->1526K(1600K) Class: 119K(192K)->119K(192K)
[2024-08-29T23:13:35.923+0800] GC(88) Pause Young (Allocation Failure) 1273M->732M(1979M) 11.422ms
[2024-08-29T23:13:35.923+0800] GC(88) User=0.01s Sys=0.00s Real=0.02s
[2024-08-29T23:13:36.155+0800] GC(89) Pause Young (Allocation Failure)
[2024-08-29T23:13:36.188+0800] GC(89) DefNew: 626341K(629120K)->69601K(629120K) Eden: 557064K(559232K)->0K(559232K) From: 69277K(69888K)->69601K(69888K)
[2024-08-29T23:13:36.188+0800] GC(89) Tenured: 681166K(1398144K)->831176K(1398144K)
[2024-08-29T23:13:36.188+0800] GC(89) Metaspace: 1645K(1792K)->1645K(1792K) NonClass: 1526K(1600K)->1526K(1600K) Class: 119K(192K)->119K(192K)
[2024-08-29T23:13:36.188+0800] GC(89) Pause Young (Allocation Failure) 1276M->879M(1979M) 33.799ms
[2024-08-29T23:13:36.188+0800] GC(89) User=0.04s Sys=0.00s Real=0.03s
[2024-08-29T23:13:36.479+0800] GC(90) Pause Young (Allocation Failure)
[2024-08-29T23:13:36.495+0800] GC(90) DefNew: 625757K(629120K)->69525K(629120K) Eden: 556156K(559232K)->0K(559232K) From: 69601K(69888K)->69525K(69888K)
[2024-08-29T23:13:36.495+0800] GC(90) Tenured: 831176K(1398144K)->862845K(1398144K)
[2024-08-29T23:13:36.495+0800] GC(90) Metaspace: 1645K(1792K)->1645K(1792K) NonClass: 1526K(1600K)->1526K(1600K) Class: 119K(192K)->119K(192K)
[2024-08-29T23:13:36.495+0800] GC(90) Pause Young (Allocation Failure) 1422M->910M(1979M) 16.189ms
[2024-08-29T23:13:36.495+0800] GC(90) User=0.02s Sys=0.00s Real=0.02s
[2024-08-29T23:13:36.769+0800] GC(91) Pause Young (Allocation Failure)
[2024-08-29T23:13:36.784+0800] GC(91) DefNew: 625058K(629120K)->69022K(629120K) Eden: 555533K(559232K)->0K(559232K) From: 69525K(69888K)->69022K(69888K)
[2024-08-29T23:13:36.784+0800] GC(91) Tenured: 862845K(1398144K)->896238K(1398144K)
[2024-08-29T23:13:36.784+0800] GC(91) Metaspace: 1645K(1792K)->1645K(1792K) NonClass: 1526K(1600K)->1526K(1600K) Class: 119K(192K)->119K(192K)
[2024-08-29T23:13:36.784+0800] GC(91) Pause Young (Allocation Failure) 1453M->942M(1979M) 15.595ms
[2024-08-29T23:13:36.784+0800] GC(91) User=0.02s Sys=0.00s Real=0.02s
[2024-08-29T23:13:37.027+0800] GC(92) Pause Young (Allocation Failure)
[2024-08-29T23:13:37.050+0800] GC(92) DefNew: 626012K(629120K)->69586K(629120K) Eden: 556989K(559232K)->0K(559232K) From: 69022K(69888K)->69586K(69888K)
[2024-08-29T23:13:37.050+0800] GC(92) Tenured: 896238K(1398144K)->975919K(1398144K)
[2024-08-29T23:13:37.050+0800] GC(92) Metaspace: 1645K(1792K)->1645K(1792K) NonClass: 1526K(1600K)->1526K(1600K) Class: 119K(192K)->119K(192K)
[2024-08-29T23:13:37.050+0800] GC(92) Pause Young (Allocation Failure) 1486M->1021M(1979M) 23.002ms
[2024-08-29T23:13:37.050+0800] GC(92) User=0.03s Sys=0.00s Real=0.02s
[2024-08-29T23:13:37.295+0800] GC(93) Pause Young (Allocation Failure)
[2024-08-29T23:13:37.328+0800] GC(93) DefNew: 625768K(629120K)->69718K(629120K) Eden: 556182K(559232K)->0K(559232K) From: 69586K(69888K)->69718K(69888K)
[2024-08-29T23:13:37.328+0800] GC(93) Tenured: 975919K(1398144K)->1116379K(1398144K)
[2024-08-29T23:13:37.328+0800] GC(93) Metaspace: 1645K(1792K)->1645K(1792K) NonClass: 1526K(1600K)->1526K(1600K) Class: 119K(192K)->119K(192K)
[2024-08-29T23:13:37.328+0800] GC(93) Pause Young (Allocation Failure) 1564M->1158M(1979M) 32.731ms
[2024-08-29T23:13:37.328+0800] GC(93) User=0.03s Sys=0.00s Real=0.03s
[2024-08-29T23:13:37.599+0800] GC(94) Pause Young (Allocation Failure)
[2024-08-29T23:13:37.626+0800] GC(94) DefNew: 627046K(629120K)->69736K(629120K) Eden: 557327K(559232K)->0K(559232K) From: 69718K(69888K)->69736K(69888K)
[2024-08-29T23:13:37.626+0800] GC(94) Tenured: 1116379K(1398144K)->1230144K(1398144K)
[2024-08-29T23:13:37.626+0800] GC(94) Metaspace: 1645K(1792K)->1645K(1792K) NonClass: 1526K(1600K)->1526K(1600K) Class: 119K(192K)->119K(192K)
[2024-08-29T23:13:37.627+0800] GC(94) Pause Young (Allocation Failure) 1702M->1269M(1979M) 27.719ms
[2024-08-29T23:13:37.627+0800] GC(94) User=0.03s Sys=0.00s Real=0.03s
[2024-08-29T23:13:37.889+0800] GC(95) Pause Young (Allocation Failure)
[2024-08-29T23:13:37.889+0800] GC(95) Pause Young (Allocation Failure) 1811M->1811M(1979M) 0.096ms
[2024-08-29T23:13:37.889+0800] GC(95) User=0.00s Sys=0.00s Real=0.00s
[2024-08-29T23:13:37.889+0800] GC(96) Pause Full (Allocation Failure)
[2024-08-29T23:13:37.889+0800] GC(96) Phase 1: Mark live objects
[2024-08-29T23:13:37.891+0800] GC(96) Phase 1: Mark live objects 2.117ms
[2024-08-29T23:13:37.891+0800] GC(96) Phase 2: Compute new object addresses
[2024-08-29T23:13:37.892+0800] GC(96) Phase 2: Compute new object addresses 0.602ms
[2024-08-29T23:13:37.892+0800] GC(96) Phase 3: Adjust pointers
[2024-08-29T23:13:37.893+0800] GC(96) Phase 3: Adjust pointers 1.220ms
[2024-08-29T23:13:37.893+0800] GC(96) Phase 4: Move objects
[2024-08-29T23:13:37.915+0800] GC(96) Phase 4: Move objects 21.975ms
[2024-08-29T23:13:37.915+0800] GC(96) DefNew: 624934K(629120K)->0K(629120K) Eden: 555197K(559232K)->0K(559232K) From: 69736K(69888K)->0K(69888K)
[2024-08-29T23:13:37.915+0800] GC(96) Tenured: 1230144K(1398144K)->232549K(1398144K)
[2024-08-29T23:13:37.915+0800] GC(96) Metaspace: 1645K(1792K)->1645K(1792K) NonClass: 1526K(1600K)->1526K(1600K) Class: 119K(192K)->119K(192K)
[2024-08-29T23:13:37.915+0800] GC(96) Pause Full (Allocation Failure) 1811M->227M(1979M) 26.335ms
[2024-08-29T23:13:37.915+0800] GC(96) User=0.03s Sys=0.00s Real=0.03s
[2024-08-29T23:13:38.169+0800] GC(97) Pause Young (Allocation Failure)
[2024-08-29T23:13:38.213+0800] GC(97) DefNew: 558117K(629120K)->69567K(629120K) Eden: 558117K(559232K)->0K(559232K) From: 0K(69888K)->69567K(69888K)
[2024-08-29T23:13:38.213+0800] GC(97) Tenured: 232549K(1398144K)->452970K(1398144K)
[2024-08-29T23:13:38.213+0800] GC(97) Metaspace: 1645K(1792K)->1645K(1792K) NonClass: 1526K(1600K)->1526K(1600K) Class: 119K(192K)->119K(192K)
[2024-08-29T23:13:38.213+0800] GC(97) Pause Young (Allocation Failure) 772M->510M(1979M) 43.716ms
[2024-08-29T23:13:38.213+0800] GC(97) User=0.04s Sys=0.00s Real=0.05s
[2024-08-29T23:13:38.452+0800] GC(98) Pause Young (Allocation Failure)
[2024-08-29T23:13:38.496+0800] GC(98) DefNew: 627363K(629120K)->69339K(629120K) Eden: 557795K(559232K)->0K(559232K) From: 69567K(69888K)->69339K(69888K)
[2024-08-29T23:13:38.496+0800] GC(98) Tenured: 452970K(1398144K)->670242K(1398144K)
[2024-08-29T23:13:38.496+0800] GC(98) Metaspace: 1645K(1792K)->1645K(1792K) NonClass: 1526K(1600K)->1526K(1600K) Class: 119K(192K)->119K(192K)
[2024-08-29T23:13:38.496+0800] GC(98) Pause Young (Allocation Failure) 1055M->722M(1979M) 43.730ms
[2024-08-29T23:13:38.496+0800] GC(98) User=0.04s Sys=0.00s Real=0.05s
[2024-08-29T23:13:38.775+0800] GC(99) Pause Young (Allocation Failure)
[2024-08-29T23:13:38.812+0800] GC(99) DefNew: 627108K(629120K)->69440K(629120K) Eden: 557769K(559232K)->0K(559232K) From: 69339K(69888K)->69440K(69888K)
[2024-08-29T23:13:38.812+0800] GC(99) Tenured: 670242K(1398144K)->842649K(1398144K)
[2024-08-29T23:13:38.812+0800] GC(99) Metaspace: 1645K(1792K)->1645K(1792K) NonClass: 1526K(1600K)->1526K(1600K) Class: 119K(192K)->119K(192K)
[2024-08-29T23:13:38.812+0800] GC(99) Pause Young (Allocation Failure) 1266M->890M(1979M) 37.423ms
[2024-08-29T23:13:38.812+0800] GC(99) User=0.04s Sys=0.00s Real=0.03s
[2024-08-29T23:13:39.056+0800] GC(100) Pause Young (Allocation Failure)
[2024-08-29T23:13:39.097+0800] GC(100) DefNew: 625966K(629120K)->69610K(629120K) Eden: 556525K(559232K)->0K(559232K) From: 69440K(69888K)->69610K(69888K)
[2024-08-29T23:13:39.097+0800] GC(100) Tenured: 842649K(1398144K)->1043857K(1398144K)
[2024-08-29T23:13:39.097+0800] GC(100) Metaspace: 1645K(1792K)->1645K(1792K) NonClass: 1526K(1600K)->1526K(1600K) Class: 119K(192K)->119K(192K)
[2024-08-29T23:13:39.097+0800] GC(100) Pause Young (Allocation Failure) 1434M->1087M(1979M) 40.850ms
[2024-08-29T23:13:39.097+0800] GC(100) User=0.04s Sys=0.00s Real=0.04s
[2024-08-29T23:13:39.326+0800] GC(101) Pause Young (Allocation Failure)
[2024-08-29T23:13:39.403+0800] GC(101) DefNew: 626319K(629120K)->69780K(629120K) Eden: 556709K(559232K)->0K(559232K) From: 69610K(69888K)->69780K(69888K)
[2024-08-29T23:13:39.403+0800] GC(101) Tenured: 1043857K(1398144K)->1326997K(1398144K)
[2024-08-29T23:13:39.403+0800] GC(101) Metaspace: 1645K(1792K)->1645K(1792K) NonClass: 1526K(1600K)->1526K(1600K) Class: 119K(192K)->119K(192K)
[2024-08-29T23:13:39.403+0800] GC(101) Pause Young (Allocation Failure) 1631M->1364M(1979M) 77.516ms
[2024-08-29T23:13:39.403+0800] GC(101) User=0.05s Sys=0.03s Real=0.08s
[2024-08-29T23:13:39.675+0800] GC(102) Pause Young (Allocation Failure)
[2024-08-29T23:13:39.675+0800] GC(102) Pause Young (Allocation Failure) 1906M->1906M(1979M) 0.150ms
[2024-08-29T23:13:39.675+0800] GC(102) User=0.00s Sys=0.00s Real=0.00s
[2024-08-29T23:13:39.675+0800] GC(103) Pause Full (Allocation Failure)
[2024-08-29T23:13:39.675+0800] GC(103) Phase 1: Mark live objects
[2024-08-29T23:13:39.678+0800] GC(103) Phase 1: Mark live objects 2.550ms
[2024-08-29T23:13:39.678+0800] GC(103) Phase 2: Compute new object addresses
[2024-08-29T23:13:39.679+0800] GC(103) Phase 2: Compute new object addresses 0.685ms
[2024-08-29T23:13:39.679+0800] GC(103) Phase 3: Adjust pointers
[2024-08-29T23:13:39.680+0800] GC(103) Phase 3: Adjust pointers 1.397ms
[2024-08-29T23:13:39.680+0800] GC(103) Phase 4: Move objects
[2024-08-29T23:13:39.709+0800] GC(103) Phase 4: Move objects 29.252ms
[2024-08-29T23:13:39.710+0800] GC(103) DefNew: 625041K(629120K)->0K(629120K) Eden: 555260K(559232K)->0K(559232K) From: 69780K(69888K)->0K(69888K)
[2024-08-29T23:13:39.710+0800] GC(103) Tenured: 1326997K(1398144K)->294886K(1398144K)
[2024-08-29T23:13:39.710+0800] GC(103) Metaspace: 1645K(1792K)->1645K(1792K) NonClass: 1526K(1600K)->1526K(1600K) Class: 119K(192K)->119K(192K)
[2024-08-29T23:13:39.710+0800] GC(103) Pause Full (Allocation Failure) 1906M->287M(1979M) 34.437ms
[2024-08-29T23:13:39.710+0800] GC(103) User=0.03s Sys=0.00s Real=0.03s
[2024-08-29T23:13:39.964+0800] GC(104) Pause Young (Allocation Failure)
[2024-08-29T23:13:40.001+0800] GC(104) DefNew: 557242K(629120K)->69667K(629120K) Eden: 557242K(559232K)->0K(559232K) From: 0K(69888K)->69667K(69888K)
[2024-08-29T23:13:40.001+0800] GC(104) Tenured: 294886K(1398144K)->480012K(1398144K)
[2024-08-29T23:13:40.001+0800] GC(104) Metaspace: 1645K(1792K)->1645K(1792K) NonClass: 1526K(1600K)->1526K(1600K) Class: 119K(192K)->119K(192K)
[2024-08-29T23:13:40.001+0800] GC(104) Pause Young (Allocation Failure) 832M->536M(1979M) 37.417ms
[2024-08-29T23:13:40.001+0800] GC(104) User=0.04s Sys=0.00s Real=0.03s
[2024-08-29T23:13:40.289+0800] GC(105) Pause Young (Allocation Failure)
[2024-08-29T23:13:40.322+0800] GC(105) DefNew: 628784K(629120K)->69676K(629120K) Eden: 559117K(559232K)->0K(559232K) From: 69667K(69888K)->69676K(69888K)
[2024-08-29T23:13:40.322+0800] GC(105) Tenured: 480012K(1398144K)->633280K(1398144K)
[2024-08-29T23:13:40.322+0800] GC(105) Metaspace: 1645K(1792K)->1645K(1792K) NonClass: 1526K(1600K)->1526K(1600K) Class: 119K(192K)->119K(192K)
[2024-08-29T23:13:40.322+0800] GC(105) Pause Young (Allocation Failure) 1082M->686M(1979M) 33.030ms
[2024-08-29T23:13:40.322+0800] GC(105) User=0.03s Sys=0.00s Real=0.04s
[2024-08-29T23:13:40.591+0800] GC(106) Pause Young (Allocation Failure)
[2024-08-29T23:13:40.618+0800] GC(106) DefNew: 624734K(629120K)->69729K(629120K) Eden: 555058K(559232K)->0K(559232K) From: 69676K(69888K)->69729K(69888K)
[2024-08-29T23:13:40.618+0800] GC(106) Tenured: 633280K(1398144K)->747234K(1398144K)
[2024-08-29T23:13:40.618+0800] GC(106) Metaspace: 1645K(1792K)->1645K(1792K) NonClass: 1526K(1600K)->1526K(1600K) Class: 119K(192K)->119K(192K)
[2024-08-29T23:13:40.618+0800] GC(106) Pause Young (Allocation Failure) 1228M->797M(1979M) 27.029ms
[2024-08-29T23:13:40.618+0800] GC(106) User=0.02s Sys=0.00s Real=0.03s
[2024-08-29T23:13:40.866+0800] GC(107) Pause Young (Allocation Failure)
[2024-08-29T23:13:40.898+0800] GC(107) DefNew: 628621K(629120K)->69437K(629120K) Eden: 558892K(559232K)->0K(559232K) From: 69729K(69888K)->69437K(69888K)
[2024-08-29T23:13:40.898+0800] GC(107) Tenured: 747234K(1398144K)->888549K(1398144K)
[2024-08-29T23:13:40.898+0800] GC(107) Metaspace: 1645K(1792K)->1645K(1792K) NonClass: 1526K(1600K)->1526K(1600K) Class: 119K(192K)->119K(192K)
[2024-08-29T23:13:40.898+0800] GC(107) Pause Young (Allocation Failure) 1343M->935M(1979M) 32.130ms
[2024-08-29T23:13:40.898+0800] GC(107) User=0.03s Sys=0.00s Real=0.03s
[2024-08-29T23:13:41.170+0800] GC(108) Pause Young (Allocation Failure)
[2024-08-29T23:13:41.194+0800] GC(108) DefNew: 627945K(629120K)->69865K(629120K) Eden: 558508K(559232K)->0K(559232K) From: 69437K(69888K)->69865K(69888K)
[2024-08-29T23:13:41.194+0800] GC(108) Tenured: 888549K(1398144K)->975356K(1398144K)
[2024-08-29T23:13:41.194+0800] GC(108) Metaspace: 1645K(1792K)->1645K(1792K) NonClass: 1526K(1600K)->1526K(1600K) Class: 119K(192K)->119K(192K)
[2024-08-29T23:13:41.194+0800] GC(108) Pause Young (Allocation Failure) 1480M->1020M(1979M) 23.889ms
[2024-08-29T23:13:41.194+0800] GC(108) User=0.03s Sys=0.00s Real=0.03s
[2024-08-29T23:13:41.455+0800] GC(109) Pause Young (Allocation Failure)
[2024-08-29T23:13:41.475+0800] GC(109) DefNew: 626746K(629120K)->69598K(629120K) Eden: 556881K(559232K)->0K(559232K) From: 69865K(69888K)->69598K(69888K)
[2024-08-29T23:13:41.475+0800] GC(109) Tenured: 975356K(1398144K)->1028756K(1398144K)
[2024-08-29T23:13:41.475+0800] GC(109) Metaspace: 1645K(1792K)->1645K(1792K) NonClass: 1526K(1600K)->1526K(1600K) Class: 119K(192K)->119K(192K)
[2024-08-29T23:13:41.475+0800] GC(109) Pause Young (Allocation Failure) 1564M->1072M(1979M) 19.631ms
[2024-08-29T23:13:41.475+0800] GC(109) User=0.02s Sys=0.00s Real=0.02s
[2024-08-29T23:13:41.735+0800] GC(110) Pause Young (Allocation Failure)
[2024-08-29T23:13:41.757+0800] GC(110) DefNew: 625291K(629120K)->69656K(629120K) Eden: 555693K(559232K)->0K(559232K) From: 69598K(69888K)->69656K(69888K)
[2024-08-29T23:13:41.758+0800] GC(110) Tenured: 1028756K(1398144K)->1105068K(1398144K)
[2024-08-29T23:13:41.758+0800] GC(110) Metaspace: 1645K(1792K)->1645K(1792K) NonClass: 1526K(1600K)->1526K(1600K) Class: 119K(192K)->119K(192K)
[2024-08-29T23:13:41.758+0800] GC(110) Pause Young (Allocation Failure) 1615M->1147M(1979M) 23.115ms
[2024-08-29T23:13:41.758+0800] GC(110) User=0.02s Sys=0.00s Real=0.02s
[2024-08-29T23:13:42.033+0800] GC(111) Pause Young (Allocation Failure)
[2024-08-29T23:13:42.050+0800] GC(111) DefNew: 625846K(629120K)->69674K(629120K) Eden: 556190K(559232K)->0K(559232K) From: 69656K(69888K)->69674K(69888K)
[2024-08-29T23:13:42.050+0800] GC(111) Tenured: 1105068K(1398144K)->1148567K(1398144K)
[2024-08-29T23:13:42.050+0800] GC(111) Metaspace: 1645K(1792K)->1645K(1792K) NonClass: 1526K(1600K)->1526K(1600K) Class: 119K(192K)->119K(192K)
[2024-08-29T23:13:42.050+0800] GC(111) Pause Young (Allocation Failure) 1690M->1189M(1979M) 16.876ms
[2024-08-29T23:13:42.050+0800] GC(111) User=0.02s Sys=0.00s Real=0.01s
[2024-08-29T23:13:42.316+0800] GC(112) Pause Young (Allocation Failure)
[2024-08-29T23:13:42.317+0800] GC(112) Pause Young (Allocation Failure) 1735M->1735M(1979M) 0.206ms
[2024-08-29T23:13:42.317+0800] GC(112) User=0.00s Sys=0.00s Real=0.00s
[2024-08-29T23:13:42.317+0800] GC(113) Pause Full (Allocation Failure)
[2024-08-29T23:13:42.317+0800] GC(113) Phase 1: Mark live objects
[2024-08-29T23:13:42.319+0800] GC(113) Phase 1: Mark live objects 2.389ms
[2024-08-29T23:13:42.319+0800] GC(113) Phase 2: Compute new object addresses
[2024-08-29T23:13:42.320+0800] GC(113) Phase 2: Compute new object addresses 0.715ms
[2024-08-29T23:13:42.320+0800] GC(113) Phase 3: Adjust pointers
[2024-08-29T23:13:42.321+0800] GC(113) Phase 3: Adjust pointers 1.311ms
[2024-08-29T23:13:42.321+0800] GC(113) Phase 4: Move objects
[2024-08-29T23:13:42.327+0800] GC(113) Phase 4: Move objects 5.958ms
[2024-08-29T23:13:42.327+0800] GC(113) DefNew: 628292K(629120K)->0K(629120K) Eden: 558617K(559232K)->0K(559232K) From: 69674K(69888K)->0K(69888K)
[2024-08-29T23:13:42.327+0800] GC(113) Tenured: 1148567K(1398144K)->130147K(1398144K)
[2024-08-29T23:13:42.327+0800] GC(113) Metaspace: 1645K(1792K)->1645K(1792K) NonClass: 1526K(1600K)->1526K(1600K) Class: 119K(192K)->119K(192K)
[2024-08-29T23:13:42.327+0800] GC(113) Pause Full (Allocation Failure) 1735M->127M(1979M) 10.740ms
[2024-08-29T23:13:42.327+0800] GC(113) User=0.01s Sys=0.00s Real=0.01s
[2024-08-29T23:13:42.579+0800] GC(114) Pause Young (Allocation Failure)
[2024-08-29T23:13:42.598+0800] GC(114) DefNew: 556653K(629120K)->69243K(629120K) Eden: 556653K(559232K)->0K(559232K) From: 0K(69888K)->69243K(69888K)
[2024-08-29T23:13:42.598+0800] GC(114) Tenured: 130147K(1398144K)->187181K(1398144K)
[2024-08-29T23:13:42.598+0800] GC(114) Metaspace: 1645K(1792K)->1645K(1792K) NonClass: 1526K(1600K)->1526K(1600K) Class: 119K(192K)->119K(192K)
[2024-08-29T23:13:42.598+0800] GC(114) Pause Young (Allocation Failure) 670M->250M(1979M) 18.645ms
[2024-08-29T23:13:42.598+0800] GC(114) User=0.02s Sys=0.00s Real=0.02s
[2024-08-29T23:13:42.860+0800] GC(115) Pause Young (Allocation Failure)
[2024-08-29T23:13:42.879+0800] GC(115) DefNew: 628324K(629120K)->69800K(629120K) Eden: 559081K(559232K)->0K(559232K) From: 69243K(69888K)->69800K(69888K)
[2024-08-29T23:13:42.879+0800] GC(115) Tenured: 187181K(1398144K)->246717K(1398144K)
[2024-08-29T23:13:42.879+0800] GC(115) Metaspace: 1645K(1792K)->1645K(1792K) NonClass: 1526K(1600K)->1526K(1600K) Class: 119K(192K)->119K(192K)
[2024-08-29T23:13:42.879+0800] GC(115) Pause Young (Allocation Failure) 796M->309M(1979M) 19.367ms
[2024-08-29T23:13:42.879+0800] GC(115) User=0.02s Sys=0.00s Real=0.02s
[2024-08-29T23:13:43.113+0800] GC(116) Pause Young (Allocation Failure)
[2024-08-29T23:13:43.133+0800] GC(116) DefNew: 625789K(629120K)->69556K(629120K) Eden: 555989K(559232K)->0K(559232K) From: 69800K(69888K)->69556K(69888K)
[2024-08-29T23:13:43.134+0800] GC(116) Tenured: 246717K(1398144K)->310365K(1398144K)
[2024-08-29T23:13:43.134+0800] GC(116) Metaspace: 1645K(1792K)->1645K(1792K) NonClass: 1526K(1600K)->1526K(1600K) Class: 119K(192K)->119K(192K)
[2024-08-29T23:13:43.134+0800] GC(116) Pause Young (Allocation Failure) 852M->371M(1979M) 20.398ms
[2024-08-29T23:13:43.134+0800] GC(116) User=0.02s Sys=0.00s Real=0.02s
[2024-08-29T23:13:43.381+0800] GC(117) Pause Young (Allocation Failure)
[2024-08-29T23:13:43.401+0800] GC(117) DefNew: 626931K(629120K)->69704K(629120K) Eden: 557374K(559232K)->0K(559232K) From: 69556K(69888K)->69704K(69888K)
[2024-08-29T23:13:43.401+0800] GC(117) Tenured: 310365K(1398144K)->369365K(1398144K)
[2024-08-29T23:13:43.401+0800] GC(117) Metaspace: 1645K(1792K)->1645K(1792K) NonClass: 1526K(1600K)->1526K(1600K) Class: 119K(192K)->119K(192K)
[2024-08-29T23:13:43.401+0800] GC(117) Pause Young (Allocation Failure) 915M->428M(1979M) 19.857ms
[2024-08-29T23:13:43.401+0800] GC(117) User=0.02s Sys=0.00s Real=0.02s
[2024-08-29T23:13:43.673+0800] GC(118) Pause Young (Allocation Failure)
[2024-08-29T23:13:43.682+0800] GC(118) DefNew: 627299K(629120K)->50493K(629120K) Eden: 557595K(559232K)->0K(559232K) From: 69704K(69888K)->50493K(69888K)
[2024-08-29T23:13:43.682+0800] GC(118) Tenured: 369365K(1398144K)->369365K(1398144K)
[2024-08-29T23:13:43.682+0800] GC(118) Metaspace: 1645K(1792K)->1645K(1792K) NonClass: 1526K(1600K)->1526K(1600K) Class: 119K(192K)->119K(192K)
[2024-08-29T23:13:43.682+0800] GC(118) Pause Young (Allocation Failure) 973M->410M(1979M) 8.647ms
[2024-08-29T23:13:43.682+0800] GC(118) User=0.01s Sys=0.00s Real=0.00s
[2024-08-29T23:13:43.955+0800] GC(119) Pause Young (Allocation Failure)
[2024-08-29T23:13:43.962+0800] GC(119) DefNew: 609068K(629120K)->40912K(629120K) Eden: 558575K(559232K)->0K(559232K) From: 50493K(69888K)->40912K(69888K)
[2024-08-29T23:13:43.962+0800] GC(119) Tenured: 369365K(1398144K)->369365K(1398144K)
[2024-08-29T23:13:43.962+0800] GC(119) Metaspace: 1645K(1792K)->1645K(1792K) NonClass: 1526K(1600K)->1526K(1600K) Class: 119K(192K)->119K(192K)
[2024-08-29T23:13:43.962+0800] GC(119) Pause Young (Allocation Failure) 955M->400M(1979M) 6.943ms
[2024-08-29T23:13:43.962+0800] GC(119) User=0.01s Sys=0.00s Real=0.00s
[2024-08-29T23:13:44.233+0800] GC(120) Pause Young (Allocation Failure)
[2024-08-29T23:13:44.244+0800] GC(120) DefNew: 598889K(629120K)->67802K(629120K) Eden: 557976K(559232K)->0K(559232K) From: 40912K(69888K)->67802K(69888K)
[2024-08-29T23:13:44.244+0800] GC(120) Tenured: 369365K(1398144K)->369365K(1398144K)
[2024-08-29T23:13:44.244+0800] GC(120) Metaspace: 1645K(1792K)->1645K(1792K) NonClass: 1526K(1600K)->1526K(1600K) Class: 119K(192K)->119K(192K)
[2024-08-29T23:13:44.244+0800] GC(120) Pause Young (Allocation Failure) 945M->426M(1979M) 11.150ms
[2024-08-29T23:13:44.244+0800] GC(120) User=0.01s Sys=0.00s Real=0.01s
[2024-08-29T23:13:44.496+0800] GC(121) Pause Young (Allocation Failure)
[2024-08-29T23:13:44.506+0800] GC(121) DefNew: 625497K(629120K)->68316K(629120K) Eden: 557694K(559232K)->0K(559232K) From: 67802K(69888K)->68316K(69888K)
[2024-08-29T23:13:44.506+0800] GC(121) Tenured: 369365K(1398144K)->369365K(1398144K)
[2024-08-29T23:13:44.506+0800] GC(121) Metaspace: 1645K(1792K)->1645K(1792K) NonClass: 1526K(1600K)->1526K(1600K) Class: 119K(192K)->119K(192K)
[2024-08-29T23:13:44.506+0800] GC(121) Pause Young (Allocation Failure) 971M->427M(1979M) 10.186ms
[2024-08-29T23:13:44.506+0800] GC(121) User=0.01s Sys=0.00s Real=0.01s
[2024-08-29T23:13:44.784+0800] GC(122) Pause Young (Allocation Failure)
[2024-08-29T23:13:44.790+0800] GC(122) DefNew: 624073K(629120K)->32517K(629120K) Eden: 555757K(559232K)->0K(559232K) From: 68316K(69888K)->32517K(69888K)
[2024-08-29T23:13:44.790+0800] GC(122) Tenured: 369365K(1398144K)->369365K(1398144K)
[2024-08-29T23:13:44.791+0800] GC(122) Metaspace: 1645K(1792K)->1645K(1792K) NonClass: 1526K(1600K)->1526K(1600K) Class: 119K(192K)->119K(192K)
[2024-08-29T23:13:44.791+0800] GC(122) Pause Young (Allocation Failure) 970M->392M(1979M) 6.142ms
[2024-08-29T23:13:44.791+0800] GC(122) User=0.00s Sys=0.00s Real=0.00s
[2024-08-29T23:13:45.050+0800] GC(123) Pause Young (Allocation Failure)
[2024-08-29T23:13:45.066+0800] GC(123) DefNew: 590036K(629120K)->69690K(629120K) Eden: 557519K(559232K)->0K(559232K) From: 32517K(69888K)->69690K(69888K)
[2024-08-29T23:13:45.066+0800] GC(123) Tenured: 369365K(1398144K)->405518K(1398144K)
[2024-08-29T23:13:45.066+0800] GC(123) Metaspace: 1645K(1792K)->1645K(1792K) NonClass: 1526K(1600K)->1526K(1600K) Class: 119K(192K)->119K(192K)
[2024-08-29T23:13:45.066+0800] GC(123) Pause Young (Allocation Failure) 936M->464M(1979M) 16.228ms
[2024-08-29T23:13:45.066+0800] GC(123) User=0.01s Sys=0.00s Real=0.02s
[2024-08-29T23:13:45.335+0800] GC(124) Pause Young (Allocation Failure)
[2024-08-29T23:13:45.350+0800] GC(124) DefNew: 626140K(629120K)->69764K(629120K) Eden: 556449K(559232K)->0K(559232K) From: 69690K(69888K)->69764K(69888K)
[2024-08-29T23:13:45.350+0800] GC(124) Tenured: 405518K(1398144K)->438001K(1398144K)
[2024-08-29T23:13:45.350+0800] GC(124) Metaspace: 1645K(1792K)->1645K(1792K) NonClass: 1526K(1600K)->1526K(1600K) Class: 119K(192K)->119K(192K)
[2024-08-29T23:13:45.350+0800] GC(124) Pause Young (Allocation Failure) 1007M->495M(1979M) 15.247ms
[2024-08-29T23:13:45.350+0800] GC(124) User=0.02s Sys=0.00s Real=0.01s
[2024-08-29T23:13:45.619+0800] GC(125) Pause Young (Allocation Failure)
[2024-08-29T23:13:45.632+0800] GC(125) DefNew: 627200K(629120K)->69430K(629120K) Eden: 557436K(559232K)->0K(559232K) From: 69764K(69888K)->69430K(69888K)
[2024-08-29T23:13:45.632+0800] GC(125) Tenured: 438001K(1398144K)->442497K(1398144K)
[2024-08-29T23:13:45.632+0800] GC(125) Metaspace: 1645K(1792K)->1645K(1792K) NonClass: 1526K(1600K)->1526K(1600K) Class: 119K(192K)->119K(192K)
[2024-08-29T23:13:45.632+0800] GC(125) Pause Young (Allocation Failure) 1040M->499M(1979M) 12.472ms
[2024-08-29T23:13:45.632+0800] GC(125) User=0.01s Sys=0.00s Real=0.01s
[2024-08-29T23:13:45.881+0800] GC(126) Pause Young (Allocation Failure)
[2024-08-29T23:13:45.897+0800] GC(126) DefNew: 627370K(629120K)->69239K(629120K) Eden: 557939K(559232K)->0K(559232K) From: 69430K(69888K)->69239K(69888K)
[2024-08-29T23:13:45.897+0800] GC(126) Tenured: 442497K(1398144K)->476446K(1398144K)
[2024-08-29T23:13:45.897+0800] GC(126) Metaspace: 1645K(1792K)->1645K(1792K) NonClass: 1526K(1600K)->1526K(1600K) Class: 119K(192K)->119K(192K)
[2024-08-29T23:13:45.897+0800] GC(126) Pause Young (Allocation Failure) 1044M->532M(1979M) 16.373ms
[2024-08-29T23:13:45.897+0800] GC(126) User=0.02s Sys=0.00s Real=0.02s
[2024-08-29T23:13:46.158+0800] GC(127) Pause Young (Allocation Failure)
[2024-08-29T23:13:46.173+0800] GC(127) DefNew: 627676K(629120K)->69855K(629120K) Eden: 558436K(559232K)->0K(559232K) From: 69239K(69888K)->69855K(69888K)
[2024-08-29T23:13:46.173+0800] GC(127) Tenured: 476446K(1398144K)->498185K(1398144K)
[2024-08-29T23:13:46.173+0800] GC(127) Metaspace: 1645K(1792K)->1645K(1792K) NonClass: 1526K(1600K)->1526K(1600K) Class: 119K(192K)->119K(192K)
[2024-08-29T23:13:46.173+0800] GC(127) Pause Young (Allocation Failure) 1078M->554M(1979M) 14.496ms
[2024-08-29T23:13:46.173+0800] GC(127) User=0.02s Sys=0.00s Real=0.02s
[2024-08-29T23:13:46.461+0800] GC(128) Pause Young (Allocation Failure)
[2024-08-29T23:13:46.475+0800] GC(128) DefNew: 626984K(629120K)->69617K(629120K) Eden: 557129K(559232K)->0K(559232K) From: 69855K(69888K)->69617K(69888K)
[2024-08-29T23:13:46.475+0800] GC(128) Tenured: 498185K(1398144K)->528781K(1398144K)
[2024-08-29T23:13:46.475+0800] GC(128) Metaspace: 1645K(1792K)->1645K(1792K) NonClass: 1526K(1600K)->1526K(1600K) Class: 119K(192K)->119K(192K)
[2024-08-29T23:13:46.475+0800] GC(128) Pause Young (Allocation Failure) 1098M->584M(1979M) 14.959ms
[2024-08-29T23:13:46.475+0800] GC(128) User=0.01s Sys=0.00s Real=0.02s
[2024-08-29T23:13:46.714+0800] GC(129) Pause Young (Allocation Failure)
[2024-08-29T23:13:46.742+0800] GC(129) DefNew: 626116K(629120K)->69718K(629120K) Eden: 556499K(559232K)->0K(559232K) From: 69617K(69888K)->69718K(69888K)
[2024-08-29T23:13:46.743+0800] GC(129) Tenured: 528781K(1398144K)->641244K(1398144K)
[2024-08-29T23:13:46.743+0800] GC(129) Metaspace: 1645K(1792K)->1645K(1792K) NonClass: 1526K(1600K)->1526K(1600K) Class: 119K(192K)->119K(192K)
[2024-08-29T23:13:46.743+0800] GC(129) Pause Young (Allocation Failure) 1127M->694M(1979M) 28.540ms
[2024-08-29T23:13:46.743+0800] GC(129) User=0.03s Sys=0.00s Real=0.02s
[2024-08-29T23:13:47.000+0800] GC(130) Pause Young (Allocation Failure)
[2024-08-29T23:13:47.027+0800] GC(130) DefNew: 628406K(629120K)->69848K(629120K) Eden: 558687K(559232K)->0K(559232K) From: 69718K(69888K)->69848K(69888K)
[2024-08-29T23:13:47.028+0800] GC(130) Tenured: 641244K(1398144K)->751811K(1398144K)
[2024-08-29T23:13:47.028+0800] GC(130) Metaspace: 1645K(1792K)->1645K(1792K) NonClass: 1526K(1600K)->1526K(1600K) Class: 119K(192K)->119K(192K)
[2024-08-29T23:13:47.028+0800] GC(130) Pause Young (Allocation Failure) 1239M->802M(1979M) 27.945ms
[2024-08-29T23:13:47.028+0800] GC(130) User=0.03s Sys=0.00s Real=0.03s
[2024-08-29T23:13:47.312+0800] GC(131) Pause Young (Allocation Failure)
[2024-08-29T23:13:47.331+0800] GC(131) DefNew: 628149K(629120K)->69459K(629120K) Eden: 558301K(559232K)->0K(559232K) From: 69848K(69888K)->69459K(69888K)
[2024-08-29T23:13:47.331+0800] GC(131) Tenured: 751811K(1398144K)->810277K(1398144K)
[2024-08-29T23:13:47.331+0800] GC(131) Metaspace: 1645K(1792K)->1645K(1792K) NonClass: 1526K(1600K)->1526K(1600K) Class: 119K(192K)->119K(192K)
[2024-08-29T23:13:47.331+0800] GC(131) Pause Young (Allocation Failure) 1347M->859M(1979M) 19.236ms
[2024-08-29T23:13:47.331+0800] GC(131) User=0.01s Sys=0.00s Real=0.02s
[2024-08-29T23:13:47.581+0800] GC(132) Pause Young (Allocation Failure)
[2024-08-29T23:13:47.619+0800] GC(132) DefNew: 625316K(629120K)->69716K(629120K) Eden: 555857K(559232K)->0K(559232K) From: 69459K(69888K)->69716K(69888K)
[2024-08-29T23:13:47.619+0800] GC(132) Tenured: 810277K(1398144K)->975953K(1398144K)
[2024-08-29T23:13:47.619+0800] GC(132) Metaspace: 1645K(1792K)->1645K(1792K) NonClass: 1526K(1600K)->1526K(1600K) Class: 119K(192K)->119K(192K)
[2024-08-29T23:13:47.619+0800] GC(132) Pause Young (Allocation Failure) 1401M->1021M(1979M) 38.539ms
[2024-08-29T23:13:47.619+0800] GC(132) User=0.04s Sys=0.00s Real=0.04s
[2024-08-29T23:13:47.894+0800] GC(133) Pause Young (Allocation Failure)
[2024-08-29T23:13:47.923+0800] GC(133) DefNew: 627130K(629120K)->69510K(629120K) Eden: 557414K(559232K)->0K(559232K) From: 69716K(69888K)->69510K(69888K)
[2024-08-29T23:13:47.923+0800] GC(133) Tenured: 975953K(1398144K)->1092464K(1398144K)
[2024-08-29T23:13:47.923+0800] GC(133) Metaspace: 1645K(1792K)->1645K(1792K) NonClass: 1526K(1600K)->1526K(1600K) Class: 119K(192K)->119K(192K)
[2024-08-29T23:13:47.923+0800] GC(133) Pause Young (Allocation Failure) 1565M->1134M(1979M) 28.800ms
[2024-08-29T23:13:47.923+0800] GC(133) User=0.02s Sys=0.00s Real=0.02s
[2024-08-29T23:13:48.175+0800] GC(134) Pause Young (Allocation Failure)
[2024-08-29T23:13:48.216+0800] GC(134) DefNew: 627261K(629120K)->69420K(629120K) Eden: 557751K(559232K)->0K(559232K) From: 69510K(69888K)->69420K(69888K)
[2024-08-29T23:13:48.216+0800] GC(134) Tenured: 1092464K(1398144K)->1283889K(1398144K)
[2024-08-29T23:13:48.216+0800] GC(134) Metaspace: 1645K(1792K)->1645K(1792K) NonClass: 1526K(1600K)->1526K(1600K) Class: 119K(192K)->119K(192K)
[2024-08-29T23:13:48.216+0800] GC(134) Pause Young (Allocation Failure) 1679M->1321M(1979M) 40.601ms
[2024-08-29T23:13:48.216+0800] GC(134) User=0.04s Sys=0.00s Real=0.04s
[2024-08-29T23:13:48.539+0800] GC(135) Pause Young (Allocation Failure)
[2024-08-29T23:13:48.540+0800] GC(135) Pause Young (Allocation Failure) 1867M->1867M(1979M) 0.201ms
[2024-08-29T23:13:48.540+0800] GC(135) User=0.00s Sys=0.00s Real=0.00s
[2024-08-29T23:13:48.540+0800] GC(136) Pause Full (Allocation Failure)
[2024-08-29T23:13:48.540+0800] GC(136) Phase 1: Mark live objects
[2024-08-29T23:13:48.542+0800] GC(136) Phase 1: Mark live objects 2.369ms
[2024-08-29T23:13:48.542+0800] GC(136) Phase 2: Compute new object addresses
[2024-08-29T23:13:48.543+0800] GC(136) Phase 2: Compute new object addresses 0.636ms
[2024-08-29T23:13:48.543+0800] GC(136) Phase 3: Adjust pointers
[2024-08-29T23:13:48.544+0800] GC(136) Phase 3: Adjust pointers 0.974ms
[2024-08-29T23:13:48.544+0800] GC(136) Phase 4: Move objects
[2024-08-29T23:13:48.554+0800] GC(136) Phase 4: Move objects 10.352ms
[2024-08-29T23:13:48.554+0800] GC(136) DefNew: 627946K(629120K)->0K(629120K) Eden: 558526K(559232K)->0K(559232K) From: 69420K(69888K)->0K(69888K)
[2024-08-29T23:13:48.554+0800] GC(136) Tenured: 1283889K(1398144K)->102675K(1398144K)
[2024-08-29T23:13:48.554+0800] GC(136) Metaspace: 1645K(1792K)->1645K(1792K) NonClass: 1526K(1600K)->1526K(1600K) Class: 119K(192K)->119K(192K)
[2024-08-29T23:13:48.554+0800] GC(136) Pause Full (Allocation Failure) 1867M->100M(1979M) 14.872ms
[2024-08-29T23:13:48.554+0800] GC(136) User=0.02s Sys=0.00s Real=0.02s
[2024-08-29T23:13:48.792+0800] GC(137) Pause Young (Allocation Failure)
[2024-08-29T23:13:48.812+0800] GC(137) DefNew: 558629K(629120K)->69701K(629120K) Eden: 558629K(559232K)->0K(559232K) From: 0K(69888K)->69701K(69888K)
[2024-08-29T23:13:48.812+0800] GC(137) Tenured: 102675K(1398144K)->155862K(1398144K)
[2024-08-29T23:13:48.812+0800] GC(137) Metaspace: 1645K(1792K)->1645K(1792K) NonClass: 1526K(1600K)->1526K(1600K) Class: 119K(192K)->119K(192K)
[2024-08-29T23:13:48.812+0800] GC(137) Pause Young (Allocation Failure) 645M->220M(1979M) 19.654ms
[2024-08-29T23:13:48.812+0800] GC(137) User=0.02s Sys=0.00s Real=0.02s
[2024-08-29T23:13:49.028+0800] GC(138) Pause Young (Allocation Failure)
[2024-08-29T23:13:49.072+0800] GC(138) DefNew: 627128K(629120K)->69677K(629120K) Eden: 557427K(559232K)->0K(559232K) From: 69701K(69888K)->69677K(69888K)
[2024-08-29T23:13:49.072+0800] GC(138) Tenured: 155862K(1398144K)->336638K(1398144K)
[2024-08-29T23:13:49.072+0800] GC(138) Metaspace: 1645K(1792K)->1645K(1792K) NonClass: 1526K(1600K)->1526K(1600K) Class: 119K(192K)->119K(192K)
[2024-08-29T23:13:49.072+0800] GC(138) Pause Young (Allocation Failure) 764M->396M(1979M) 44.142ms
[2024-08-29T23:13:49.072+0800] GC(138) User=0.04s Sys=0.00s Real=0.05s
[2024-08-29T23:13:49.347+0800] GC(139) Pause Young (Allocation Failure)
[2024-08-29T23:13:49.377+0800] GC(139) DefNew: 628475K(629120K)->69558K(629120K) Eden: 558798K(559232K)->0K(559232K) From: 69677K(69888K)->69558K(69888K)
[2024-08-29T23:13:49.377+0800] GC(139) Tenured: 336638K(1398144K)->444980K(1398144K)
[2024-08-29T23:13:49.377+0800] GC(139) Metaspace: 1645K(1792K)->1645K(1792K) NonClass: 1526K(1600K)->1526K(1600K) Class: 119K(192K)->119K(192K)
[2024-08-29T23:13:49.377+0800] GC(139) Pause Young (Allocation Failure) 942M->502M(1979M) 29.959ms
[2024-08-29T23:13:49.377+0800] GC(139) User=0.03s Sys=0.00s Real=0.03s
[2024-08-29T23:13:49.626+0800] GC(140) Pause Young (Allocation Failure)
[2024-08-29T23:13:49.663+0800] GC(140) DefNew: 627868K(629120K)->69734K(629120K) Eden: 558310K(559232K)->0K(559232K) From: 69558K(69888K)->69734K(69888K)
[2024-08-29T23:13:49.663+0800] GC(140) Tenured: 444980K(1398144K)->610742K(1398144K)
[2024-08-29T23:13:49.663+0800] GC(140) Metaspace: 1645K(1792K)->1645K(1792K) NonClass: 1526K(1600K)->1526K(1600K) Class: 119K(192K)->119K(192K)
[2024-08-29T23:13:49.663+0800] GC(140) Pause Young (Allocation Failure) 1047M->664M(1979M) 37.257ms
[2024-08-29T23:13:49.663+0800] GC(140) User=0.04s Sys=0.00s Real=0.04s
[2024-08-29T23:13:49.916+0800] GC(141) Pause Young (Allocation Failure)
[2024-08-29T23:13:49.945+0800] GC(141) DefNew: 627206K(629120K)->69245K(629120K) Eden: 557472K(559232K)->0K(559232K) From: 69734K(69888K)->69245K(69888K)
[2024-08-29T23:13:49.945+0800] GC(141) Tenured: 610742K(1398144K)->739651K(1398144K)
[2024-08-29T23:13:49.945+0800] GC(141) Metaspace: 1645K(1792K)->1645K(1792K) NonClass: 1526K(1600K)->1526K(1600K) Class: 119K(192K)->119K(192K)
[2024-08-29T23:13:49.945+0800] GC(141) Pause Young (Allocation Failure) 1208M->789M(1979M) 29.031ms
[2024-08-29T23:13:49.945+0800] GC(141) User=0.03s Sys=0.00s Real=0.03s
[2024-08-29T23:13:50.229+0800] GC(142) Pause Young (Allocation Failure)
[2024-08-29T23:13:50.250+0800] GC(142) DefNew: 625414K(629120K)->69609K(629120K) Eden: 556169K(559232K)->0K(559232K) From: 69245K(69888K)->69609K(69888K)
[2024-08-29T23:13:50.250+0800] GC(142) Tenured: 739651K(1398144K)->813349K(1398144K)
[2024-08-29T23:13:50.250+0800] GC(142) Metaspace: 1645K(1792K)->1645K(1792K) NonClass: 1526K(1600K)->1526K(1600K) Class: 119K(192K)->119K(192K)
[2024-08-29T23:13:50.251+0800] GC(142) Pause Young (Allocation Failure) 1333M->862M(1979M) 21.438ms
[2024-08-29T23:13:50.251+0800] GC(142) User=0.02s Sys=0.00s Real=0.02s
[2024-08-29T23:13:50.514+0800] GC(143) Pause Young (Allocation Failure)
[2024-08-29T23:13:50.541+0800] GC(143) DefNew: 626966K(629120K)->69385K(629120K) Eden: 557357K(559232K)->0K(559232K) From: 69609K(69888K)->69385K(69888K)
[2024-08-29T23:13:50.541+0800] GC(143) Tenured: 813349K(1398144K)->900263K(1398144K)
[2024-08-29T23:13:50.541+0800] GC(143) Metaspace: 1645K(1792K)->1645K(1792K) NonClass: 1526K(1600K)->1526K(1600K) Class: 119K(192K)->119K(192K)
[2024-08-29T23:13:50.541+0800] GC(143) Pause Young (Allocation Failure) 1406M->946M(1979M) 26.487ms
[2024-08-29T23:13:50.541+0800] GC(143) User=0.03s Sys=0.00s Real=0.02s
[2024-08-29T23:13:50.791+0800] GC(144) Pause Young (Allocation Failure)
[2024-08-29T23:13:50.823+0800] GC(144) DefNew: 626384K(629120K)->69596K(629120K) Eden: 556999K(559232K)->0K(559232K) From: 69385K(69888K)->69596K(69888K)
[2024-08-29T23:13:50.823+0800] GC(144) Tenured: 900263K(1398144K)->1023741K(1398144K)
[2024-08-29T23:13:50.823+0800] GC(144) Metaspace: 1647K(1792K)->1647K(1792K) NonClass: 1527K(1600K)->1527K(1600K) Class: 119K(192K)->119K(192K)
[2024-08-29T23:13:50.823+0800] GC(144) Pause Young (Allocation Failure) 1490M->1067M(1979M) 31.637ms
[2024-08-29T23:13:50.823+0800] GC(144) User=0.03s Sys=0.00s Real=0.03s
[2024-08-29T23:13:51.093+0800] GC(145) Pause Young (Allocation Failure)
[2024-08-29T23:13:51.134+0800] GC(145) DefNew: 628590K(629120K)->69692K(629120K) Eden: 558994K(559232K)->0K(559232K) From: 69596K(69888K)->69692K(69888K)
[2024-08-29T23:13:51.134+0800] GC(145) Tenured: 1023741K(1398144K)->1178930K(1398144K)
[2024-08-29T23:13:51.134+0800] GC(145) Metaspace: 1647K(1792K)->1647K(1792K) NonClass: 1527K(1600K)->1527K(1600K) Class: 119K(192K)->119K(192K)
[2024-08-29T23:13:51.134+0800] GC(145) Pause Young (Allocation Failure) 1613M->1219M(1979M) 41.122ms
[2024-08-29T23:13:51.134+0800] GC(145) User=0.04s Sys=0.00s Real=0.04s
[2024-08-29T23:13:51.382+0800] GC(146) Pause Young (Allocation Failure)
[2024-08-29T23:13:51.382+0800] GC(146) Pause Young (Allocation Failure) 1765M->1765M(1979M) 0.107ms
[2024-08-29T23:13:51.382+0800] GC(146) User=0.00s Sys=0.00s Real=0.00s
[2024-08-29T23:13:51.382+0800] GC(147) Pause Full (Allocation Failure)
[2024-08-29T23:13:51.382+0800] GC(147) Phase 1: Mark live objects
[2024-08-29T23:13:51.384+0800] GC(147) Phase 1: Mark live objects 2.091ms
[2024-08-29T23:13:51.384+0800] GC(147) Phase 2: Compute new object addresses
[2024-08-29T23:13:51.384+0800] GC(147) Phase 2: Compute new object addresses 0.647ms
[2024-08-29T23:13:51.384+0800] GC(147) Phase 3: Adjust pointers
[2024-08-29T23:13:51.386+0800] GC(147) Phase 3: Adjust pointers 1.280ms
[2024-08-29T23:13:51.386+0800] GC(147) Phase 4: Move objects
[2024-08-29T23:13:51.410+0800] GC(147) Phase 4: Move objects 24.562ms
[2024-08-29T23:13:51.411+0800] GC(147) DefNew: 628779K(629120K)->0K(629120K) Eden: 559087K(559232K)->0K(559232K) From: 69692K(69888K)->0K(69888K)
[2024-08-29T23:13:51.411+0800] GC(147) Tenured: 1178930K(1398144K)->248985K(1398144K)
[2024-08-29T23:13:51.411+0800] GC(147) Metaspace: 1647K(1792K)->1647K(1792K) NonClass: 1527K(1600K)->1527K(1600K) Class: 119K(192K)->119K(192K)
[2024-08-29T23:13:51.411+0800] GC(147) Pause Full (Allocation Failure) 1765M->243M(1979M) 29.190ms
[2024-08-29T23:13:51.411+0800] GC(147) User=0.03s Sys=0.00s Real=0.03s
[2024-08-29T23:13:51.671+0800] GC(148) Pause Young (Allocation Failure)
[2024-08-29T23:13:51.699+0800] GC(148) DefNew: 557191K(629120K)->69563K(629120K) Eden: 557191K(559232K)->0K(559232K) From: 0K(69888K)->69563K(69888K)
[2024-08-29T23:13:51.700+0800] GC(148) Tenured: 248985K(1398144K)->357316K(1398144K)
[2024-08-29T23:13:51.700+0800] GC(148) Metaspace: 1647K(1792K)->1647K(1792K) NonClass: 1527K(1600K)->1527K(1600K) Class: 119K(192K)->119K(192K)
[2024-08-29T23:13:51.700+0800] GC(148) Pause Young (Allocation Failure) 787M->416M(1979M) 28.189ms
[2024-08-29T23:13:51.700+0800] GC(148) User=0.02s Sys=0.00s Real=0.03s
[2024-08-29T23:13:51.939+0800] GC(149) Pause Young (Allocation Failure)
[2024-08-29T23:13:51.977+0800] GC(149) DefNew: 625744K(629120K)->69746K(629120K) Eden: 556181K(559232K)->0K(559232K) From: 69563K(69888K)->69746K(69888K)
[2024-08-29T23:13:51.977+0800] GC(149) Tenured: 357316K(1398144K)->549396K(1398144K)
[2024-08-29T23:13:51.977+0800] GC(149) Metaspace: 1647K(1792K)->1647K(1792K) NonClass: 1527K(1600K)->1527K(1600K) Class: 119K(192K)->119K(192K)
[2024-08-29T23:13:51.977+0800] GC(149) Pause Young (Allocation Failure) 960M->604M(1979M) 38.282ms
[2024-08-29T23:13:51.977+0800] GC(149) User=0.03s Sys=0.00s Real=0.04s
[2024-08-29T23:13:52.206+0800] GC(150) Pause Young (Allocation Failure)
[2024-08-29T23:13:52.261+0800] GC(150) DefNew: 627649K(629120K)->69667K(629120K) Eden: 557903K(559232K)->0K(559232K) From: 69746K(69888K)->69667K(69888K)
[2024-08-29T23:13:52.261+0800] GC(150) Tenured: 549396K(1398144K)->835780K(1398144K)
[2024-08-29T23:13:52.261+0800] GC(150) Metaspace: 1647K(1792K)->1647K(1792K) NonClass: 1527K(1600K)->1527K(1600K) Class: 119K(192K)->119K(192K)
[2024-08-29T23:13:52.261+0800] GC(150) Pause Young (Allocation Failure) 1149M->884M(1979M) 54.576ms
[2024-08-29T23:13:52.261+0800] GC(150) User=0.06s Sys=0.00s Real=0.05s
[2024-08-29T23:13:52.502+0800] GC(151) Pause Young (Allocation Failure)
[2024-08-29T23:13:52.574+0800] GC(151) DefNew: 626471K(629120K)->69743K(629120K) Eden: 556803K(559232K)->0K(559232K) From: 69667K(69888K)->69743K(69888K)
[2024-08-29T23:13:52.574+0800] GC(151) Tenured: 835780K(1398144K)->1243528K(1398144K)
[2024-08-29T23:13:52.574+0800] GC(151) Metaspace: 1647K(1792K)->1647K(1792K) NonClass: 1527K(1600K)->1527K(1600K) Class: 119K(192K)->119K(192K)
[2024-08-29T23:13:52.574+0800] GC(151) Pause Young (Allocation Failure) 1427M->1282M(1979M) 71.702ms
[2024-08-29T23:13:52.574+0800] GC(151) User=0.07s Sys=0.00s Real=0.08s
[2024-08-29T23:13:52.833+0800] GC(152) Pause Young (Allocation Failure)
[2024-08-29T23:13:52.833+0800] GC(152) Pause Young (Allocation Failure) 1825M->1825M(1979M) 0.099ms
[2024-08-29T23:13:52.833+0800] GC(152) User=0.00s Sys=0.00s Real=0.00s
[2024-08-29T23:13:52.833+0800] GC(153) Pause Full (Allocation Failure)
[2024-08-29T23:13:52.833+0800] GC(153) Phase 1: Mark live objects
[2024-08-29T23:13:52.835+0800] GC(153) Phase 1: Mark live objects 2.414ms
[2024-08-29T23:13:52.835+0800] GC(153) Phase 2: Compute new object addresses
[2024-08-29T23:13:52.836+0800] GC(153) Phase 2: Compute new object addresses 0.785ms
[2024-08-29T23:13:52.836+0800] GC(153) Phase 3: Adjust pointers
[2024-08-29T23:13:52.838+0800] GC(153) Phase 3: Adjust pointers 1.480ms
[2024-08-29T23:13:52.838+0800] GC(153) Phase 4: Move objects
[2024-08-29T23:13:52.888+0800] GC(153) Phase 4: Move objects 50.138ms
[2024-08-29T23:13:52.888+0800] GC(153) DefNew: 626110K(629120K)->0K(629120K) Eden: 556366K(559232K)->0K(559232K) From: 69743K(69888K)->0K(69888K)
[2024-08-29T23:13:52.888+0800] GC(153) Tenured: 1243528K(1398144K)->509832K(1398144K)
[2024-08-29T23:13:52.888+0800] GC(153) Metaspace: 1647K(1792K)->1647K(1792K) NonClass: 1527K(1600K)->1527K(1600K) Class: 119K(192K)->119K(192K)
[2024-08-29T23:13:52.888+0800] GC(153) Pause Full (Allocation Failure) 1825M->497M(1979M) 55.237ms
[2024-08-29T23:13:52.888+0800] GC(153) User=0.05s Sys=0.00s Real=0.05s
[2024-08-29T23:13:53.168+0800] GC(154) Pause Young (Allocation Failure)
[2024-08-29T23:13:53.209+0800] GC(154) DefNew: 558373K(629120K)->69873K(629120K) Eden: 558373K(559232K)->0K(559232K) From: 0K(69888K)->69873K(69888K)
[2024-08-29T23:13:53.209+0800] GC(154) Tenured: 509832K(1398144K)->723964K(1398144K)
[2024-08-29T23:13:53.209+0800] GC(154) Metaspace: 1647K(1792K)->1647K(1792K) NonClass: 1527K(1600K)->1527K(1600K) Class: 119K(192K)->119K(192K)
[2024-08-29T23:13:53.209+0800] GC(154) Pause Young (Allocation Failure) 1043M->775M(1979M) 41.749ms
[2024-08-29T23:13:53.209+0800] GC(154) User=0.04s Sys=0.00s Real=0.04s
[2024-08-29T23:13:53.483+0800] GC(155) Pause Young (Allocation Failure)
[2024-08-29T23:13:53.527+0800] GC(155) DefNew: 628454K(629120K)->69835K(629120K) Eden: 558580K(559232K)->0K(559232K) From: 69873K(69888K)->69835K(69888K)
[2024-08-29T23:13:53.527+0800] GC(155) Tenured: 723964K(1398144K)->943335K(1398144K)
[2024-08-29T23:13:53.527+0800] GC(155) Metaspace: 1647K(1792K)->1647K(1792K) NonClass: 1527K(1600K)->1527K(1600K) Class: 119K(192K)->119K(192K)
[2024-08-29T23:13:53.527+0800] GC(155) Pause Young (Allocation Failure) 1320M->989M(1979M) 43.617ms
[2024-08-29T23:13:53.527+0800] GC(155) User=0.05s Sys=0.00s Real=0.04s
[2024-08-29T23:13:53.788+0800] GC(156) Pause Young (Allocation Failure)
[2024-08-29T23:13:53.836+0800] GC(156) DefNew: 628811K(629120K)->69329K(629120K) Eden: 558975K(559232K)->0K(559232K) From: 69835K(69888K)->69329K(69888K)
[2024-08-29T23:13:53.836+0800] GC(156) Tenured: 943335K(1398144K)->1183165K(1398144K)
[2024-08-29T23:13:53.836+0800] GC(156) Metaspace: 1647K(1792K)->1647K(1792K) NonClass: 1527K(1600K)->1527K(1600K) Class: 119K(192K)->119K(192K)
[2024-08-29T23:13:53.836+0800] GC(156) Pause Young (Allocation Failure) 1535M->1223M(1979M) 47.752ms
[2024-08-29T23:13:53.836+0800] GC(156) User=0.05s Sys=0.00s Real=0.05s
[2024-08-29T23:13:54.141+0800] GC(157) Pause Young (Allocation Failure)
[2024-08-29T23:13:54.142+0800] GC(157) Pause Young (Allocation Failure) 1766M->1766M(1979M) 0.097ms
[2024-08-29T23:13:54.142+0800] GC(157) User=0.00s Sys=0.00s Real=0.00s
[2024-08-29T23:13:54.142+0800] GC(158) Pause Full (Allocation Failure)
[2024-08-29T23:13:54.142+0800] GC(158) Phase 1: Mark live objects
[2024-08-29T23:13:54.144+0800] GC(158) Phase 1: Mark live objects 2.432ms
[2024-08-29T23:13:54.144+0800] GC(158) Phase 2: Compute new object addresses
[2024-08-29T23:13:54.145+0800] GC(158) Phase 2: Compute new object addresses 0.720ms
[2024-08-29T23:13:54.145+0800] GC(158) Phase 3: Adjust pointers
[2024-08-29T23:13:54.146+0800] GC(158) Phase 3: Adjust pointers 1.377ms
[2024-08-29T23:13:54.146+0800] GC(158) Phase 4: Move objects
[2024-08-29T23:13:54.178+0800] GC(158) Phase 4: Move objects 32.236ms
[2024-08-29T23:13:54.179+0800] GC(158) DefNew: 625629K(629120K)->0K(629120K) Eden: 556300K(559232K)->0K(559232K) From: 69329K(69888K)->0K(69888K)
[2024-08-29T23:13:54.179+0800] GC(158) Tenured: 1183165K(1398144K)->377663K(1398144K)
[2024-08-29T23:13:54.179+0800] GC(158) Metaspace: 1647K(1792K)->1647K(1792K) NonClass: 1527K(1600K)->1527K(1600K) Class: 119K(192K)->119K(192K)
[2024-08-29T23:13:54.179+0800] GC(158) Pause Full (Allocation Failure) 1766M->368M(1979M) 37.189ms
[2024-08-29T23:13:54.179+0800] GC(158) User=0.04s Sys=0.00s Real=0.04s
[2024-08-29T23:13:54.466+0800] GC(159) Pause Young (Allocation Failure)
[2024-08-29T23:13:54.498+0800] GC(159) DefNew: 557803K(629120K)->69727K(629120K) Eden: 557803K(559232K)->0K(559232K) From: 0K(69888K)->69727K(69888K)
[2024-08-29T23:13:54.498+0800] GC(159) Tenured: 377663K(1398144K)->517821K(1398144K)
[2024-08-29T23:13:54.498+0800] GC(159) Metaspace: 1647K(1792K)->1647K(1792K) NonClass: 1527K(1600K)->1527K(1600K) Class: 119K(192K)->119K(192K)
[2024-08-29T23:13:54.498+0800] GC(159) Pause Young (Allocation Failure) 913M->573M(1979M) 32.053ms
[2024-08-29T23:13:54.498+0800] GC(159) User=0.03s Sys=0.00s Real=0.03s
[2024-08-29T23:13:54.761+0800] GC(160) Pause Young (Allocation Failure)
[2024-08-29T23:13:54.799+0800] GC(160) DefNew: 625003K(629120K)->69725K(629120K) Eden: 555276K(559232K)->0K(559232K) From: 69727K(69888K)->69725K(69888K)
[2024-08-29T23:13:54.799+0800] GC(160) Tenured: 517821K(1398144K)->706733K(1398144K)
[2024-08-29T23:13:54.799+0800] GC(160) Metaspace: 1647K(1792K)->1647K(1792K) NonClass: 1527K(1600K)->1527K(1600K) Class: 119K(192K)->119K(192K)
[2024-08-29T23:13:54.799+0800] GC(160) Pause Young (Allocation Failure) 1116M->758M(1979M) 38.077ms
[2024-08-29T23:13:54.799+0800] GC(160) User=0.04s Sys=0.00s Real=0.04s
[2024-08-29T23:13:55.076+0800] GC(161) Pause Young (Allocation Failure)
[2024-08-29T23:13:55.109+0800] GC(161) DefNew: 625814K(629120K)->69364K(629120K) Eden: 556089K(559232K)->0K(559232K) From: 69725K(69888K)->69364K(69888K)
[2024-08-29T23:13:55.109+0800] GC(161) Tenured: 706733K(1398144K)->850089K(1398144K)
[2024-08-29T23:13:55.109+0800] GC(161) Metaspace: 1647K(1792K)->1647K(1792K) NonClass: 1527K(1600K)->1527K(1600K) Class: 119K(192K)->119K(192K)
[2024-08-29T23:13:55.109+0800] GC(161) Pause Young (Allocation Failure) 1301M->897M(1979M) 32.871ms
[2024-08-29T23:13:55.109+0800] GC(161) User=0.03s Sys=0.00s Real=0.03s
[2024-08-29T23:13:55.361+0800] GC(162) Pause Young (Allocation Failure)
[2024-08-29T23:13:55.393+0800] GC(162) DefNew: 625958K(629120K)->69551K(629120K) Eden: 556594K(559232K)->0K(559232K) From: 69364K(69888K)->69551K(69888K)
[2024-08-29T23:13:55.393+0800] GC(162) Tenured: 850089K(1398144K)->986845K(1398144K)
[2024-08-29T23:13:55.393+0800] GC(162) Metaspace: 1647K(1792K)->1647K(1792K) NonClass: 1527K(1600K)->1527K(1600K) Class: 119K(192K)->119K(192K)
[2024-08-29T23:13:55.393+0800] GC(162) Pause Young (Allocation Failure) 1441M->1031M(1979M) 31.860ms
[2024-08-29T23:13:55.393+0800] GC(162) User=0.04s Sys=0.00s Real=0.04s
[2024-08-29T23:13:55.673+0800] GC(163) Pause Young (Allocation Failure)
[2024-08-29T23:13:55.706+0800] GC(163) DefNew: 626311K(629120K)->69837K(629120K) Eden: 556760K(559232K)->0K(559232K) From: 69551K(69888K)->69837K(69888K)
[2024-08-29T23:13:55.706+0800] GC(163) Tenured: 986845K(1398144K)->1125588K(1398144K)
[2024-08-29T23:13:55.706+0800] GC(163) Metaspace: 1647K(1792K)->1647K(1792K) NonClass: 1527K(1600K)->1527K(1600K) Class: 119K(192K)->119K(192K)
[2024-08-29T23:13:55.706+0800] GC(163) Pause Young (Allocation Failure) 1575M->1167M(1979M) 32.517ms
[2024-08-29T23:13:55.706+0800] GC(163) User=0.03s Sys=0.00s Real=0.03s
[2024-08-29T23:13:55.964+0800] GC(164) Pause Young (Allocation Failure)
[2024-08-29T23:13:55.964+0800] GC(164) Pause Young (Allocation Failure) 1712M->1712M(1979M) 0.099ms
[2024-08-29T23:13:55.964+0800] GC(164) User=0.00s Sys=0.00s Real=0.00s
[2024-08-29T23:13:55.964+0800] GC(165) Pause Full (Allocation Failure)
[2024-08-29T23:13:55.964+0800] GC(165) Phase 1: Mark live objects
[2024-08-29T23:13:55.966+0800] GC(165) Phase 1: Mark live objects 2.360ms
[2024-08-29T23:13:55.966+0800] GC(165) Phase 2: Compute new object addresses
[2024-08-29T23:13:55.967+0800] GC(165) Phase 2: Compute new object addresses 0.683ms
[2024-08-29T23:13:55.967+0800] GC(165) Phase 3: Adjust pointers
[2024-08-29T23:13:55.968+0800] GC(165) Phase 3: Adjust pointers 1.348ms
[2024-08-29T23:13:55.968+0800] GC(165) Phase 4: Move objects
[2024-08-29T23:13:55.996+0800] GC(165) Phase 4: Move objects 27.824ms
[2024-08-29T23:13:55.996+0800] GC(165) DefNew: 628391K(629120K)->0K(629120K) Eden: 558554K(559232K)->0K(559232K) From: 69837K(69888K)->0K(69888K)
[2024-08-29T23:13:55.996+0800] GC(165) Tenured: 1125588K(1398144K)->253298K(1398144K)
[2024-08-29T23:13:55.996+0800] GC(165) Metaspace: 1648K(1792K)->1648K(1792K) NonClass: 1528K(1600K)->1528K(1600K) Class: 119K(192K)->119K(192K)
[2024-08-29T23:13:55.996+0800] GC(165) Pause Full (Allocation Failure) 1712M->247M(1979M) 32.654ms
[2024-08-29T23:13:55.996+0800] GC(165) User=0.03s Sys=0.00s Real=0.03s
[2024-08-29T23:13:56.277+0800] GC(166) Pause Young (Allocation Failure)
[2024-08-29T23:13:56.311+0800] GC(166) DefNew: 558795K(629120K)->69435K(629120K) Eden: 558795K(559232K)->0K(559232K) From: 0K(69888K)->69435K(69888K)
[2024-08-29T23:13:56.311+0800] GC(166) Tenured: 253298K(1398144K)->402215K(1398144K)
[2024-08-29T23:13:56.311+0800] GC(166) Metaspace: 1648K(1792K)->1648K(1792K) NonClass: 1528K(1600K)->1528K(1600K) Class: 119K(192K)->119K(192K)
[2024-08-29T23:13:56.311+0800] GC(166) Pause Young (Allocation Failure) 793M->460M(1979M) 34.213ms
[2024-08-29T23:13:56.311+0800] GC(166) User=0.04s Sys=0.00s Real=0.03s
[2024-08-29T23:13:56.605+0800] GC(167) Pause Young (Allocation Failure)
[2024-08-29T23:13:56.630+0800] GC(167) DefNew: 627560K(629120K)->69402K(629120K) Eden: 558125K(559232K)->0K(559232K) From: 69435K(69888K)->69402K(69888K)
[2024-08-29T23:13:56.630+0800] GC(167) Tenured: 402215K(1398144K)->493845K(1398144K)
[2024-08-29T23:13:56.630+0800] GC(167) Metaspace: 1648K(1792K)->1648K(1792K) NonClass: 1528K(1600K)->1528K(1600K) Class: 119K(192K)->119K(192K)
[2024-08-29T23:13:56.630+0800] GC(167) Pause Young (Allocation Failure) 1005M->550M(1979M) 24.842ms
[2024-08-29T23:13:56.630+0800] GC(167) User=0.03s Sys=0.00s Real=0.02s
[2024-08-29T23:13:56.877+0800] GC(168) Pause Young (Allocation Failure)
[2024-08-29T23:13:56.909+0800] GC(168) DefNew: 627907K(629120K)->69777K(629120K) Eden: 558505K(559232K)->0K(559232K) From: 69402K(69888K)->69777K(69888K)
[2024-08-29T23:13:56.909+0800] GC(168) Tenured: 493845K(1398144K)->627252K(1398144K)
[2024-08-29T23:13:56.909+0800] GC(168) Metaspace: 1648K(1792K)->1648K(1792K) NonClass: 1528K(1600K)->1528K(1600K) Class: 119K(192K)->119K(192K)
[2024-08-29T23:13:56.909+0800] GC(168) Pause Young (Allocation Failure) 1095M->680M(1979M) 31.992ms
[2024-08-29T23:13:56.909+0800] GC(168) User=0.04s Sys=0.00s Real=0.03s
[2024-08-29T23:13:57.166+0800] GC(169) Pause Young (Allocation Failure)
[2024-08-29T23:13:57.201+0800] GC(169) DefNew: 628014K(629120K)->69660K(629120K) Eden: 558236K(559232K)->0K(559232K) From: 69777K(69888K)->69660K(69888K)
[2024-08-29T23:13:57.201+0800] GC(169) Tenured: 627252K(1398144K)->794479K(1398144K)
[2024-08-29T23:13:57.201+0800] GC(169) Metaspace: 1648K(1792K)->1648K(1792K) NonClass: 1528K(1600K)->1528K(1600K) Class: 119K(192K)->119K(192K)
[2024-08-29T23:13:57.201+0800] GC(169) Pause Young (Allocation Failure) 1225M->843M(1979M) 34.980ms
[2024-08-29T23:13:57.201+0800] GC(169) User=0.03s Sys=0.00s Real=0.03s
[2024-08-29T23:13:57.452+0800] GC(170) Pause Young (Allocation Failure)
[2024-08-29T23:13:57.496+0800] GC(170) DefNew: 628433K(629120K)->69418K(629120K) Eden: 558773K(559232K)->0K(559232K) From: 69660K(69888K)->69418K(69888K)
[2024-08-29T23:13:57.496+0800] GC(170) Tenured: 794479K(1398144K)->1025050K(1398144K)
[2024-08-29T23:13:57.496+0800] GC(170) Metaspace: 1648K(1792K)->1648K(1792K) NonClass: 1528K(1600K)->1528K(1600K) Class: 119K(192K)->119K(192K)
[2024-08-29T23:13:57.496+0800] GC(170) Pause Young (Allocation Failure) 1389M->1068M(1979M) 44.550ms
[2024-08-29T23:13:57.496+0800] GC(170) User=0.05s Sys=0.00s Real=0.05s
[2024-08-29T23:13:57.774+0800] GC(171) Pause Young (Allocation Failure)
[2024-08-29T23:13:57.809+0800] GC(171) DefNew: 628425K(629120K)->69650K(629120K) Eden: 559006K(559232K)->0K(559232K) From: 69418K(69888K)->69650K(69888K)
[2024-08-29T23:13:57.809+0800] GC(171) Tenured: 1025050K(1398144K)->1177820K(1398144K)
[2024-08-29T23:13:57.809+0800] GC(171) Metaspace: 1648K(1792K)->1648K(1792K) NonClass: 1528K(1600K)->1528K(1600K) Class: 119K(192K)->119K(192K)
[2024-08-29T23:13:57.809+0800] GC(171) Pause Young (Allocation Failure) 1614M->1218M(1979M) 35.091ms
[2024-08-29T23:13:57.809+0800] GC(171) User=0.04s Sys=0.00s Real=0.03s
[2024-08-29T23:13:58.063+0800] GC(172) Pause Young (Allocation Failure)
[2024-08-29T23:13:58.063+0800] GC(172) Pause Young (Allocation Failure) 1762M->1762M(1979M) 0.119ms
[2024-08-29T23:13:58.063+0800] GC(172) User=0.00s Sys=0.00s Real=0.00s
[2024-08-29T23:13:58.063+0800] GC(173) Pause Full (Allocation Failure)
[2024-08-29T23:13:58.063+0800] GC(173) Phase 1: Mark live objects
[2024-08-29T23:13:58.066+0800] GC(173) Phase 1: Mark live objects 2.418ms
[2024-08-29T23:13:58.066+0800] GC(173) Phase 2: Compute new object addresses
[2024-08-29T23:13:58.067+0800] GC(173) Phase 2: Compute new object addresses 0.632ms
[2024-08-29T23:13:58.067+0800] GC(173) Phase 3: Adjust pointers
[2024-08-29T23:13:58.068+0800] GC(173) Phase 3: Adjust pointers 1.096ms
[2024-08-29T23:13:58.068+0800] GC(173) Phase 4: Move objects
[2024-08-29T23:13:58.099+0800] GC(173) Phase 4: Move objects 31.442ms
[2024-08-29T23:13:58.099+0800] GC(173) DefNew: 626528K(629120K)->0K(629120K) Eden: 556877K(559232K)->0K(559232K) From: 69650K(69888K)->0K(69888K)
[2024-08-29T23:13:58.099+0800] GC(173) Tenured: 1177820K(1398144K)->299144K(1398144K)
[2024-08-29T23:13:58.099+0800] GC(173) Metaspace: 1648K(1792K)->1648K(1792K) NonClass: 1528K(1600K)->1528K(1600K) Class: 119K(192K)->119K(192K)
[2024-08-29T23:13:58.099+0800] GC(173) Pause Full (Allocation Failure) 1762M->292M(1979M) 36.048ms
[2024-08-29T23:13:58.100+0800] GC(173) User=0.04s Sys=0.00s Real=0.03s
[2024-08-29T23:13:58.388+0800] GC(174) Pause Young (Allocation Failure)
[2024-08-29T23:13:58.416+0800] GC(174) DefNew: 558719K(629120K)->69673K(629120K) Eden: 558719K(559232K)->0K(559232K) From: 0K(69888K)->69673K(69888K)
[2024-08-29T23:13:58.417+0800] GC(174) Tenured: 299144K(1398144K)->425730K(1398144K)
[2024-08-29T23:13:58.417+0800] GC(174) Metaspace: 1648K(1792K)->1648K(1792K) NonClass: 1528K(1600K)->1528K(1600K) Class: 119K(192K)->119K(192K)
[2024-08-29T23:13:58.417+0800] GC(174) Pause Young (Allocation Failure) 837M->483M(1979M) 28.703ms
[2024-08-29T23:13:58.417+0800] GC(174) User=0.03s Sys=0.00s Real=0.03s
[2024-08-29T23:13:58.695+0800] GC(175) Pause Young (Allocation Failure)
[2024-08-29T23:13:58.715+0800] GC(175) DefNew: 628182K(629120K)->69586K(629120K) Eden: 558509K(559232K)->0K(559232K) From: 69673K(69888K)->69586K(69888K)
[2024-08-29T23:13:58.715+0800] GC(175) Tenured: 425730K(1398144K)->491239K(1398144K)
[2024-08-29T23:13:58.715+0800] GC(175) Metaspace: 1648K(1792K)->1648K(1792K) NonClass: 1528K(1600K)->1528K(1600K) Class: 119K(192K)->119K(192K)
[2024-08-29T23:13:58.715+0800] GC(175) Pause Young (Allocation Failure) 1029M->547M(1979M) 19.765ms
[2024-08-29T23:13:58.715+0800] GC(175) User=0.02s Sys=0.00s Real=0.02s
[2024-08-29T23:13:58.965+0800] GC(176) Pause Young (Allocation Failure)
[2024-08-29T23:13:58.990+0800] GC(176) DefNew: 625226K(629120K)->69368K(629120K) Eden: 555640K(559232K)->0K(559232K) From: 69586K(69888K)->69368K(69888K)
[2024-08-29T23:13:58.990+0800] GC(176) Tenured: 491239K(1398144K)->583013K(1398144K)
[2024-08-29T23:13:58.990+0800] GC(176) Metaspace: 1648K(1792K)->1648K(1792K) NonClass: 1528K(1600K)->1528K(1600K) Class: 119K(192K)->119K(192K)
[2024-08-29T23:13:58.990+0800] GC(176) Pause Young (Allocation Failure) 1090M->637M(1979M) 25.076ms
[2024-08-29T23:13:58.990+0800] GC(176) User=0.03s Sys=0.00s Real=0.02s
[2024-08-29T23:13:59.237+0800] GC(177) Pause Young (Allocation Failure)
[2024-08-29T23:13:59.258+0800] GC(177) DefNew: 627923K(629120K)->69474K(629120K) Eden: 558555K(559232K)->0K(559232K) From: 69368K(69888K)->69474K(69888K)
[2024-08-29T23:13:59.258+0800] GC(177) Tenured: 583013K(1398144K)->652971K(1398144K)
[2024-08-29T23:13:59.258+0800] GC(177) Metaspace: 1648K(1792K)->1648K(1792K) NonClass: 1528K(1600K)->1528K(1600K) Class: 119K(192K)->119K(192K)
[2024-08-29T23:13:59.258+0800] GC(177) Pause Young (Allocation Failure) 1182M->705M(1979M) 21.752ms
[2024-08-29T23:13:59.258+0800] GC(177) User=0.02s Sys=0.00s Real=0.02s
[2024-08-29T23:13:59.535+0800] GC(178) Pause Young (Allocation Failure)
[2024-08-29T23:13:59.555+0800] GC(178) DefNew: 628034K(629120K)->69811K(629120K) Eden: 558559K(559232K)->0K(559232K) From: 69474K(69888K)->69811K(69888K)
[2024-08-29T23:13:59.555+0800] GC(178) Tenured: 652971K(1398144K)->713154K(1398144K)
[2024-08-29T23:13:59.555+0800] GC(178) Metaspace: 1648K(1792K)->1648K(1792K) NonClass: 1528K(1600K)->1528K(1600K) Class: 119K(192K)->119K(192K)
[2024-08-29T23:13:59.555+0800] GC(178) Pause Young (Allocation Failure) 1250M->764M(1979M) 20.191ms
[2024-08-29T23:13:59.555+0800] GC(178) User=0.02s Sys=0.00s Real=0.02s
[2024-08-29T23:13:59.815+0800] GC(179) Pause Young (Allocation Failure)
[2024-08-29T23:13:59.835+0800] GC(179) DefNew: 625930K(629120K)->69318K(629120K) Eden: 556118K(559232K)->0K(559232K) From: 69811K(69888K)->69318K(69888K)
[2024-08-29T23:13:59.835+0800] GC(179) Tenured: 713154K(1398144K)->777396K(1398144K)
[2024-08-29T23:13:59.835+0800] GC(179) Metaspace: 1648K(1792K)->1648K(1792K) NonClass: 1528K(1600K)->1528K(1600K) Class: 119K(192K)->119K(192K)
[2024-08-29T23:13:59.835+0800] GC(179) Pause Young (Allocation Failure) 1307M->826M(1979M) 19.917ms
[2024-08-29T23:13:59.835+0800] GC(179) User=0.02s Sys=0.00s Real=0.02s
[2024-08-29T23:14:00.133+0800] GC(180) Pause Young (Allocation Failure)
[2024-08-29T23:14:00.137+0800] GC(180) DefNew: 625268K(629120K)->28257K(629120K) Eden: 555949K(559232K)->0K(559232K) From: 69318K(69888K)->28257K(69888K)
[2024-08-29T23:14:00.137+0800] GC(180) Tenured: 777396K(1398144K)->777396K(1398144K)
[2024-08-29T23:14:00.137+0800] GC(180) Metaspace: 1648K(1792K)->1648K(1792K) NonClass: 1528K(1600K)->1528K(1600K) Class: 119K(192K)->119K(192K)
[2024-08-29T23:14:00.137+0800] GC(180) Pause Young (Allocation Failure) 1369M->786M(1979M) 4.566ms
[2024-08-29T23:14:00.137+0800] GC(180) User=0.00s Sys=0.00s Real=0.00s
[2024-08-29T23:14:00.422+0800] GC(181) Pause Young (Allocation Failure)
[2024-08-29T23:14:00.427+0800] GC(181) DefNew: 583198K(629120K)->33567K(629120K) Eden: 554941K(559232K)->0K(559232K) From: 28257K(69888K)->33567K(69888K)
[2024-08-29T23:14:00.427+0800] GC(181) Tenured: 777396K(1398144K)->777396K(1398144K)
[2024-08-29T23:14:00.427+0800] GC(181) Metaspace: 1648K(1792K)->1648K(1792K) NonClass: 1528K(1600K)->1528K(1600K) Class: 119K(192K)->119K(192K)
[2024-08-29T23:14:00.427+0800] GC(181) Pause Young (Allocation Failure) 1328M->791M(1979M) 5.545ms
[2024-08-29T23:14:00.427+0800] GC(181) User=0.00s Sys=0.00s Real=0.01s
[2024-08-29T23:14:00.663+0800] GC(182) Pause Young (Allocation Failure)
[2024-08-29T23:14:00.677+0800] GC(182) DefNew: 592213K(629120K)->69408K(629120K) Eden: 558645K(559232K)->0K(559232K) From: 33567K(69888K)->69408K(69888K)
[2024-08-29T23:14:00.677+0800] GC(182) Tenured: 777396K(1398144K)->804066K(1398144K)
[2024-08-29T23:14:00.677+0800] GC(182) Metaspace: 1648K(1792K)->1648K(1792K) NonClass: 1528K(1600K)->1528K(1600K) Class: 119K(192K)->119K(192K)
[2024-08-29T23:14:00.677+0800] GC(182) Pause Young (Allocation Failure) 1337M->853M(1979M) 14.354ms
[2024-08-29T23:14:00.677+0800] GC(182) User=0.01s Sys=0.00s Real=0.01s
[2024-08-29T23:14:00.930+0800] GC(183) Pause Young (Allocation Failure)
[2024-08-29T23:14:00.952+0800] GC(183) DefNew: 627978K(629120K)->69775K(629120K) Eden: 558570K(559232K)->0K(559232K) From: 69408K(69888K)->69775K(69888K)
[2024-08-29T23:14:00.952+0800] GC(183) Tenured: 804066K(1398144K)->882766K(1398144K)
[2024-08-29T23:14:00.952+0800] GC(183) Metaspace: 1648K(1792K)->1648K(1792K) NonClass: 1528K(1600K)->1528K(1600K) Class: 119K(192K)->119K(192K)
[2024-08-29T23:14:00.952+0800] GC(183) Pause Young (Allocation Failure) 1398M->930M(1979M) 22.084ms
[2024-08-29T23:14:00.952+0800] GC(183) User=0.02s Sys=0.00s Real=0.02s
[2024-08-29T23:14:01.243+0800] GC(184) Pause Young (Allocation Failure)
[2024-08-29T23:14:01.251+0800] GC(184) DefNew: 628286K(629120K)->50613K(629120K) Eden: 558511K(559232K)->0K(559232K) From: 69775K(69888K)->50613K(69888K)
[2024-08-29T23:14:01.251+0800] GC(184) Tenured: 882766K(1398144K)->884256K(1398144K)
[2024-08-29T23:14:01.251+0800] GC(184) Metaspace: 1648K(1792K)->1648K(1792K) NonClass: 1528K(1600K)->1528K(1600K) Class: 119K(192K)->119K(192K)
[2024-08-29T23:14:01.251+0800] GC(184) Pause Young (Allocation Failure) 1475M->912M(1979M) 8.168ms
[2024-08-29T23:14:01.251+0800] GC(184) User=0.01s Sys=0.00s Real=0.00s
[2024-08-29T23:14:01.487+0800] GC(185) Pause Young (Allocation Failure)
[2024-08-29T23:14:01.506+0800] GC(185) DefNew: 609429K(629120K)->69737K(629120K) Eden: 558815K(559232K)->0K(559232K) From: 50613K(69888K)->69737K(69888K)
[2024-08-29T23:14:01.506+0800] GC(185) Tenured: 884256K(1398144K)->940823K(1398144K)
[2024-08-29T23:14:01.506+0800] GC(185) Metaspace: 1648K(1792K)->1648K(1792K) NonClass: 1528K(1600K)->1528K(1600K) Class: 119K(192K)->119K(192K)
[2024-08-29T23:14:01.506+0800] GC(185) Pause Young (Allocation Failure) 1458M->986M(1979M) 19.039ms
[2024-08-29T23:14:01.506+0800] GC(185) User=0.01s Sys=0.00s Real=0.02s
[2024-08-29T23:14:01.767+0800] GC(186) Pause Young (Allocation Failure)
[2024-08-29T23:14:01.791+0800] GC(186) DefNew: 625172K(629120K)->69205K(629120K) Eden: 555435K(559232K)->0K(559232K) From: 69737K(69888K)->69205K(69888K)
[2024-08-29T23:14:01.791+0800] GC(186) Tenured: 940823K(1398144K)->1016625K(1398144K)
[2024-08-29T23:14:01.791+0800] GC(186) Metaspace: 1648K(1792K)->1648K(1792K) NonClass: 1528K(1600K)->1528K(1600K) Class: 119K(192K)->119K(192K)
[2024-08-29T23:14:01.791+0800] GC(186) Pause Young (Allocation Failure) 1529M->1060M(1979M) 23.467ms
[2024-08-29T23:14:01.791+0800] GC(186) User=0.02s Sys=0.00s Real=0.02s
[2024-08-29T23:14:02.060+0800] GC(187) Pause Young (Allocation Failure)
[2024-08-29T23:14:02.080+0800] GC(187) DefNew: 627510K(629120K)->69616K(629120K) Eden: 558305K(559232K)->0K(559232K) From: 69205K(69888K)->69616K(69888K)
[2024-08-29T23:14:02.080+0800] GC(187) Tenured: 1016625K(1398144K)->1078583K(1398144K)
[2024-08-29T23:14:02.080+0800] GC(187) Metaspace: 1648K(1792K)->1648K(1792K) NonClass: 1528K(1600K)->1528K(1600K) Class: 119K(192K)->119K(192K)
[2024-08-29T23:14:02.080+0800] GC(187) Pause Young (Allocation Failure) 1605M->1121M(1979M) 20.505ms
[2024-08-29T23:14:02.080+0800] GC(187) User=0.02s Sys=0.00s Real=0.02s
[2024-08-29T23:14:02.326+0800] GC(188) Pause Young (Allocation Failure)
[2024-08-29T23:14:02.348+0800] GC(188) DefNew: 628095K(629120K)->69582K(629120K) Eden: 558479K(559232K)->0K(559232K) From: 69616K(69888K)->69582K(69888K)
[2024-08-29T23:14:02.348+0800] GC(188) Tenured: 1078583K(1398144K)->1160874K(1398144K)
[2024-08-29T23:14:02.348+0800] GC(188) Metaspace: 1648K(1792K)->1648K(1792K) NonClass: 1528K(1600K)->1528K(1600K) Class: 119K(192K)->119K(192K)
[2024-08-29T23:14:02.349+0800] GC(188) Pause Young (Allocation Failure) 1666M->1201M(1979M) 22.281ms
[2024-08-29T23:14:02.349+0800] GC(188) User=0.02s Sys=0.00s Real=0.02s
[2024-08-29T23:14:02.617+0800] GC(189) Pause Young (Allocation Failure)
[2024-08-29T23:14:02.634+0800] GC(189) DefNew: 627036K(629120K)->68401K(629120K) Eden: 557453K(559232K)->0K(559232K) From: 69582K(69888K)->68401K(69888K)
[2024-08-29T23:14:02.634+0800] GC(189) Tenured: 1160874K(1398144K)->1206089K(1398144K)
[2024-08-29T23:14:02.635+0800] GC(189) Metaspace: 1648K(1792K)->1648K(1792K) NonClass: 1528K(1600K)->1528K(1600K) Class: 119K(192K)->119K(192K)
[2024-08-29T23:14:02.635+0800] GC(189) Pause Young (Allocation Failure) 1746M->1244M(1979M) 18.012ms
[2024-08-29T23:14:02.635+0800] GC(189) User=0.02s Sys=0.00s Real=0.02s
[2024-08-29T23:14:02.894+0800] GC(190) Pause Young (Allocation Failure)
[2024-08-29T23:14:02.915+0800] GC(190) DefNew: 625185K(629120K)->69660K(629120K) Eden: 556783K(559232K)->0K(559232K) From: 68401K(69888K)->69660K(69888K)
[2024-08-29T23:14:02.915+0800] GC(190) Tenured: 1206089K(1398144K)->1275798K(1398144K)
[2024-08-29T23:14:02.915+0800] GC(190) Metaspace: 1648K(1792K)->1648K(1792K) NonClass: 1528K(1600K)->1528K(1600K) Class: 119K(192K)->119K(192K)
[2024-08-29T23:14:02.915+0800] GC(190) Pause Young (Allocation Failure) 1788M->1313M(1979M) 20.726ms
[2024-08-29T23:14:02.915+0800] GC(190) User=0.02s Sys=0.00s Real=0.02s
[2024-08-29T23:14:03.171+0800] GC(191) Pause Young (Allocation Failure)
[2024-08-29T23:14:03.171+0800] GC(191) Pause Young (Allocation Failure) 1857M->1857M(1979M) 0.095ms
[2024-08-29T23:14:03.171+0800] GC(191) User=0.00s Sys=0.00s Real=0.00s
[2024-08-29T23:14:03.171+0800] GC(192) Pause Full (Allocation Failure)
[2024-08-29T23:14:03.171+0800] GC(192) Phase 1: Mark live objects
[2024-08-29T23:14:03.173+0800] GC(192) Phase 1: Mark live objects 2.354ms
[2024-08-29T23:14:03.173+0800] GC(192) Phase 2: Compute new object addresses
[2024-08-29T23:14:03.174+0800] GC(192) Phase 2: Compute new object addresses 0.688ms
[2024-08-29T23:14:03.174+0800] GC(192) Phase 3: Adjust pointers
[2024-08-29T23:14:03.175+0800] GC(192) Phase 3: Adjust pointers 1.463ms
[2024-08-29T23:14:03.175+0800] GC(192) Phase 4: Move objects
[2024-08-29T23:14:03.194+0800] GC(192) Phase 4: Move objects 19.020ms
[2024-08-29T23:14:03.195+0800] GC(192) DefNew: 626421K(629120K)->0K(629120K) Eden: 556760K(559232K)->0K(559232K) From: 69660K(69888K)->0K(69888K)
[2024-08-29T23:14:03.195+0800] GC(192) Tenured: 1275798K(1398144K)->174438K(1398144K)
[2024-08-29T23:14:03.195+0800] GC(192) Metaspace: 1648K(1792K)->1648K(1792K) NonClass: 1528K(1600K)->1528K(1600K) Class: 119K(192K)->119K(192K)
[2024-08-29T23:14:03.195+0800] GC(192) Pause Full (Allocation Failure) 1857M->170M(1979M) 23.932ms
[2024-08-29T23:14:03.195+0800] GC(192) User=0.03s Sys=0.00s Real=0.03s
[2024-08-29T23:14:03.439+0800] GC(193) Pause Young (Allocation Failure)
[2024-08-29T23:14:03.474+0800] GC(193) DefNew: 556858K(629120K)->69847K(629120K) Eden: 556858K(559232K)->0K(559232K) From: 0K(69888K)->69847K(69888K)
[2024-08-29T23:14:03.474+0800] GC(193) Tenured: 174438K(1398144K)->341830K(1398144K)
[2024-08-29T23:14:03.474+0800] GC(193) Metaspace: 1648K(1792K)->1648K(1792K) NonClass: 1528K(1600K)->1528K(1600K) Class: 119K(192K)->119K(192K)
[2024-08-29T23:14:03.474+0800] GC(193) Pause Young (Allocation Failure) 714M->402M(1979M) 34.880ms
[2024-08-29T23:14:03.474+0800] GC(193) User=0.03s Sys=0.00s Real=0.04s
[2024-08-29T23:14:03.762+0800] GC(194) Pause Young (Allocation Failure)
[2024-08-29T23:14:03.797+0800] GC(194) DefNew: 626830K(629120K)->69693K(629120K) Eden: 556982K(559232K)->0K(559232K) From: 69847K(69888K)->69693K(69888K)
[2024-08-29T23:14:03.797+0800] GC(194) Tenured: 341830K(1398144K)->498664K(1398144K)
[2024-08-29T23:14:03.797+0800] GC(194) Metaspace: 1649K(1792K)->1649K(1792K) NonClass: 1529K(1600K)->1529K(1600K) Class: 119K(192K)->119K(192K)
[2024-08-29T23:14:03.797+0800] GC(194) Pause Young (Allocation Failure) 945M->555M(1979M) 34.641ms
[2024-08-29T23:14:03.797+0800] GC(194) User=0.03s Sys=0.00s Real=0.04s
[2024-08-29T23:14:04.062+0800] GC(195) Pause Young (Allocation Failure)
[2024-08-29T23:14:04.092+0800] GC(195) DefNew: 626227K(629120K)->69869K(629120K) Eden: 556533K(559232K)->0K(559232K) From: 69693K(69888K)->69869K(69888K)
[2024-08-29T23:14:04.092+0800] GC(195) Tenured: 498664K(1398144K)->617656K(1398144K)
[2024-08-29T23:14:04.092+0800] GC(195) Metaspace: 1649K(1792K)->1649K(1792K) NonClass: 1529K(1600K)->1529K(1600K) Class: 119K(192K)->119K(192K)
[2024-08-29T23:14:04.092+0800] GC(195) Pause Young (Allocation Failure) 1098M->671M(1979M) 29.607ms
[2024-08-29T23:14:04.092+0800] GC(195) User=0.03s Sys=0.00s Real=0.03s
[2024-08-29T23:14:04.373+0800] GC(196) Pause Young (Allocation Failure)
[2024-08-29T23:14:04.401+0800] GC(196) DefNew: 628863K(629120K)->69531K(629120K) Eden: 558994K(559232K)->0K(559232K) From: 69869K(69888K)->69531K(69888K)
[2024-08-29T23:14:04.401+0800] GC(196) Tenured: 617656K(1398144K)->734443K(1398144K)
[2024-08-29T23:14:04.401+0800] GC(196) Metaspace: 1649K(1792K)->1649K(1792K) NonClass: 1529K(1600K)->1529K(1600K) Class: 119K(192K)->119K(192K)
[2024-08-29T23:14:04.401+0800] GC(196) Pause Young (Allocation Failure) 1217M->785M(1979M) 27.580ms
[2024-08-29T23:14:04.401+0800] GC(196) User=0.03s Sys=0.00s Real=0.02s
[2024-08-29T23:14:04.661+0800] GC(197) Pause Young (Allocation Failure)
[2024-08-29T23:14:04.689+0800] GC(197) DefNew: 625911K(629120K)->69831K(629120K) Eden: 556380K(559232K)->0K(559232K) From: 69531K(69888K)->69831K(69888K)
[2024-08-29T23:14:04.689+0800] GC(197) Tenured: 734443K(1398144K)->852234K(1398144K)
[2024-08-29T23:14:04.689+0800] GC(197) Metaspace: 1649K(1792K)->1649K(1792K) NonClass: 1529K(1600K)->1529K(1600K) Class: 119K(192K)->119K(192K)
[2024-08-29T23:14:04.689+0800] GC(197) Pause Young (Allocation Failure) 1328M->900M(1979M) 28.382ms
[2024-08-29T23:14:04.689+0800] GC(197) User=0.03s Sys=0.00s Real=0.03s
[2024-08-29T23:14:04.934+0800] GC(198) Pause Young (Allocation Failure)
[2024-08-29T23:14:04.971+0800] GC(198) DefNew: 627390K(629120K)->69714K(629120K) Eden: 557559K(559232K)->0K(559232K) From: 69831K(69888K)->69714K(69888K)
[2024-08-29T23:14:04.971+0800] GC(198) Tenured: 852234K(1398144K)->1038538K(1398144K)
[2024-08-29T23:14:04.971+0800] GC(198) Metaspace: 1649K(1792K)->1649K(1792K) NonClass: 1529K(1600K)->1529K(1600K) Class: 119K(192K)->119K(192K)
[2024-08-29T23:14:04.971+0800] GC(198) Pause Young (Allocation Failure) 1444M->1082M(1979M) 37.649ms
[2024-08-29T23:14:04.971+0800] GC(198) User=0.04s Sys=0.00s Real=0.03s
[2024-08-29T23:14:05.223+0800] GC(199) Pause Young (Allocation Failure)
[2024-08-29T23:14:05.269+0800] GC(199) DefNew: 625628K(629120K)->69594K(629120K) Eden: 555913K(559232K)->0K(559232K) From: 69714K(69888K)->69594K(69888K)
[2024-08-29T23:14:05.269+0800] GC(199) Tenured: 1038538K(1398144K)->1284948K(1398144K)
[2024-08-29T23:14:05.269+0800] GC(199) Metaspace: 1650K(1792K)->1650K(1792K) NonClass: 1530K(1600K)->1530K(1600K) Class: 119K(192K)->119K(192K)
[2024-08-29T23:14:05.269+0800] GC(199) Pause Young (Allocation Failure) 1625M->1322M(1979M) 46.398ms
[2024-08-29T23:14:05.269+0800] GC(199) User=0.04s Sys=0.00s Real=0.04s
[2024-08-29T23:14:05.525+0800] GC(200) Pause Young (Allocation Failure)
[2024-08-29T23:14:05.526+0800] GC(200) Pause Young (Allocation Failure) 1867M->1867M(1979M) 0.217ms
[2024-08-29T23:14:05.526+0800] GC(200) User=0.00s Sys=0.00s Real=0.00s
[2024-08-29T23:14:05.526+0800] GC(201) Pause Full (Allocation Failure)
[2024-08-29T23:14:05.526+0800] GC(201) Phase 1: Mark live objects
[2024-08-29T23:14:05.528+0800] GC(201) Phase 1: Mark live objects 2.484ms
[2024-08-29T23:14:05.528+0800] GC(201) Phase 2: Compute new object addresses
[2024-08-29T23:14:05.529+0800] GC(201) Phase 2: Compute new object addresses 0.653ms
[2024-08-29T23:14:05.529+0800] GC(201) Phase 3: Adjust pointers
[2024-08-29T23:14:05.530+0800] GC(201) Phase 3: Adjust pointers 1.246ms
[2024-08-29T23:14:05.530+0800] GC(201) Phase 4: Move objects
[2024-08-29T23:14:05.561+0800] GC(201) Phase 4: Move objects 30.983ms
[2024-08-29T23:14:05.561+0800] GC(201) DefNew: 627883K(629120K)->0K(629120K) Eden: 558288K(559232K)->0K(559232K) From: 69594K(69888K)->0K(69888K)
[2024-08-29T23:14:05.561+0800] GC(201) Tenured: 1284948K(1398144K)->334125K(1398144K)
[2024-08-29T23:14:05.561+0800] GC(201) Metaspace: 1650K(1792K)->1650K(1792K) NonClass: 1530K(1600K)->1530K(1600K) Class: 119K(192K)->119K(192K)
[2024-08-29T23:14:05.561+0800] GC(201) Pause Full (Allocation Failure) 1867M->326M(1979M) 35.897ms
[2024-08-29T23:14:05.561+0800] GC(201) User=0.04s Sys=0.00s Real=0.03s
[2024-08-29T23:14:05.829+0800] GC(202) Pause Young (Allocation Failure)
[2024-08-29T23:14:05.866+0800] GC(202) DefNew: 556239K(629120K)->69879K(629120K) Eden: 556239K(559232K)->0K(559232K) From: 0K(69888K)->69879K(69888K)
[2024-08-29T23:14:05.867+0800] GC(202) Tenured: 334125K(1398144K)->507258K(1398144K)
[2024-08-29T23:14:05.867+0800] GC(202) Metaspace: 1650K(1792K)->1650K(1792K) NonClass: 1530K(1600K)->1530K(1600K) Class: 119K(192K)->119K(192K)
[2024-08-29T23:14:05.867+0800] GC(202) Pause Young (Allocation Failure) 869M->563M(1979M) 37.729ms
[2024-08-29T23:14:05.867+0800] GC(202) User=0.03s Sys=0.00s Real=0.04s
[2024-08-29T23:14:06.092+0800] GC(203) Pause Young (Allocation Failure)
[2024-08-29T23:14:06.143+0800] GC(203) DefNew: 628960K(629120K)->69636K(629120K) Eden: 559081K(559232K)->0K(559232K) From: 69879K(69888K)->69636K(69888K)
[2024-08-29T23:14:06.143+0800] GC(203) Tenured: 507258K(1398144K)->766157K(1398144K)
[2024-08-29T23:14:06.143+0800] GC(203) Metaspace: 1650K(1792K)->1650K(1792K) NonClass: 1530K(1600K)->1530K(1600K) Class: 119K(192K)->119K(192K)
[2024-08-29T23:14:06.143+0800] GC(203) Pause Young (Allocation Failure) 1109M->816M(1979M) 51.385ms
[2024-08-29T23:14:06.143+0800] GC(203) User=0.05s Sys=0.00s Real=0.06s
[2024-08-29T23:14:06.390+0800] GC(204) Pause Young (Allocation Failure)
[2024-08-29T23:14:06.447+0800] GC(204) DefNew: 627574K(629120K)->69873K(629120K) Eden: 557938K(559232K)->0K(559232K) From: 69636K(69888K)->69873K(69888K)
[2024-08-29T23:14:06.447+0800] GC(204) Tenured: 766157K(1398144K)->1062993K(1398144K)
[2024-08-29T23:14:06.447+0800] GC(204) Metaspace: 1650K(1792K)->1650K(1792K) NonClass: 1530K(1600K)->1530K(1600K) Class: 119K(192K)->119K(192K)
[2024-08-29T23:14:06.447+0800] GC(204) Pause Young (Allocation Failure) 1361M->1106M(1979M) 56.674ms
[2024-08-29T23:14:06.447+0800] GC(204) User=0.05s Sys=0.00s Real=0.06s
[2024-08-29T23:14:06.710+0800] GC(205) Pause Young (Allocation Failure)
[2024-08-29T23:14:06.710+0800] GC(205) Pause Young (Allocation Failure) 1650M->1650M(1979M) 0.117ms
[2024-08-29T23:14:06.710+0800] GC(205) User=0.00s Sys=0.00s Real=0.00s
[2024-08-29T23:14:06.710+0800] GC(206) Pause Full (Allocation Failure)
[2024-08-29T23:14:06.710+0800] GC(206) Phase 1: Mark live objects
[2024-08-29T23:14:06.713+0800] GC(206) Phase 1: Mark live objects 2.564ms
[2024-08-29T23:14:06.713+0800] GC(206) Phase 2: Compute new object addresses
[2024-08-29T23:14:06.714+0800] GC(206) Phase 2: Compute new object addresses 0.657ms
[2024-08-29T23:14:06.714+0800] GC(206) Phase 3: Adjust pointers
[2024-08-29T23:14:06.715+0800] GC(206) Phase 3: Adjust pointers 1.090ms
[2024-08-29T23:14:06.715+0800] GC(206) Phase 4: Move objects
[2024-08-29T23:14:06.760+0800] GC(206) Phase 4: Move objects 45.649ms
[2024-08-29T23:14:06.761+0800] GC(206) DefNew: 626879K(629120K)->0K(629120K) Eden: 557006K(559232K)->0K(559232K) From: 69873K(69888K)->0K(69888K)
[2024-08-29T23:14:06.761+0800] GC(206) Tenured: 1062993K(1398144K)->451143K(1398144K)
[2024-08-29T23:14:06.761+0800] GC(206) Metaspace: 1650K(1792K)->1650K(1792K) NonClass: 1530K(1600K)->1530K(1600K) Class: 119K(192K)->119K(192K)
[2024-08-29T23:14:06.761+0800] GC(206) Pause Full (Allocation Failure) 1650M->440M(1979M) 50.434ms
[2024-08-29T23:14:06.761+0800] GC(206) User=0.05s Sys=0.00s Real=0.05s
[2024-08-29T23:14:07.006+0800] GC(207) Pause Young (Allocation Failure)
[2024-08-29T23:14:07.061+0800] GC(207) DefNew: 557083K(629120K)->69813K(629120K) Eden: 557083K(559232K)->0K(559232K) From: 0K(69888K)->69813K(69888K)
[2024-08-29T23:14:07.061+0800] GC(207) Tenured: 451143K(1398144K)->737469K(1398144K)
[2024-08-29T23:14:07.061+0800] GC(207) Metaspace: 1650K(1792K)->1650K(1792K) NonClass: 1530K(1600K)->1530K(1600K) Class: 119K(192K)->119K(192K)
[2024-08-29T23:14:07.061+0800] GC(207) Pause Young (Allocation Failure) 984M->788M(1979M) 55.611ms
[2024-08-29T23:14:07.061+0800] GC(207) User=0.06s Sys=0.00s Real=0.05s
[2024-08-29T23:14:07.343+0800] GC(208) Pause Young (Allocation Failure)
[2024-08-29T23:14:07.393+0800] GC(208) DefNew: 628632K(629120K)->69679K(629120K) Eden: 558819K(559232K)->0K(559232K) From: 69813K(69888K)->69679K(69888K)
[2024-08-29T23:14:07.394+0800] GC(208) Tenured: 737469K(1398144K)->1013710K(1398144K)
[2024-08-29T23:14:07.394+0800] GC(208) Metaspace: 1650K(1792K)->1650K(1792K) NonClass: 1530K(1600K)->1530K(1600K) Class: 119K(192K)->119K(192K)
[2024-08-29T23:14:07.394+0800] GC(208) Pause Young (Allocation Failure) 1334M->1057M(1979M) 50.684ms
[2024-08-29T23:14:07.394+0800] GC(208) User=0.05s Sys=0.00s Real=0.05s
[2024-08-29T23:14:07.655+0800] GC(209) Pause Young (Allocation Failure)
[2024-08-29T23:14:07.656+0800] GC(209) Pause Young (Allocation Failure) 1601M->1601M(1979M) 0.163ms
[2024-08-29T23:14:07.656+0800] GC(209) User=0.00s Sys=0.00s Real=0.00s
[2024-08-29T23:14:07.656+0800] GC(210) Pause Full (Allocation Failure)
[2024-08-29T23:14:07.656+0800] GC(210) Phase 1: Mark live objects
[2024-08-29T23:14:07.658+0800] GC(210) Phase 1: Mark live objects 2.481ms
[2024-08-29T23:14:07.658+0800] GC(210) Phase 2: Compute new object addresses
[2024-08-29T23:14:07.659+0800] GC(210) Phase 2: Compute new object addresses 0.723ms
[2024-08-29T23:14:07.659+0800] GC(210) Phase 3: Adjust pointers
[2024-08-29T23:14:07.660+0800] GC(210) Phase 3: Adjust pointers 1.085ms
[2024-08-29T23:14:07.660+0800] GC(210) Phase 4: Move objects
[2024-08-29T23:14:07.715+0800] GC(210) Phase 4: Move objects 55.170ms
[2024-08-29T23:14:07.715+0800] GC(210) DefNew: 625852K(629120K)->0K(629120K) Eden: 556173K(559232K)->0K(559232K) From: 69679K(69888K)->0K(69888K)
[2024-08-29T23:14:07.715+0800] GC(210) Tenured: 1013710K(1398144K)->563792K(1398144K)
[2024-08-29T23:14:07.715+0800] GC(210) Metaspace: 1650K(1792K)->1650K(1792K) NonClass: 1530K(1600K)->1530K(1600K) Class: 119K(192K)->119K(192K)
[2024-08-29T23:14:07.715+0800] GC(210) Pause Full (Allocation Failure) 1601M->550M(1979M) 59.897ms
[2024-08-29T23:14:07.716+0800] GC(210) User=0.06s Sys=0.00s Real=0.06s
[2024-08-29T23:14:07.986+0800] GC(211) Pause Young (Allocation Failure)
[2024-08-29T23:14:08.036+0800] GC(211) DefNew: 554496K(629120K)->69762K(629120K) Eden: 554496K(559232K)->0K(559232K) From: 0K(69888K)->69762K(69888K)
[2024-08-29T23:14:08.036+0800] GC(211) Tenured: 563792K(1398144K)->827045K(1398144K)
[2024-08-29T23:14:08.036+0800] GC(211) Metaspace: 1650K(1792K)->1650K(1792K) NonClass: 1530K(1600K)->1530K(1600K) Class: 119K(192K)->119K(192K)
[2024-08-29T23:14:08.036+0800] GC(211) Pause Young (Allocation Failure) 1092M->875M(1979M) 50.333ms
[2024-08-29T23:14:08.036+0800] GC(211) User=0.05s Sys=0.00s Real=0.05s
[2024-08-29T23:14:08.301+0800] GC(212) Pause Young (Allocation Failure)
[2024-08-29T23:14:08.360+0800] GC(212) DefNew: 625420K(629120K)->69438K(629120K) Eden: 555657K(559232K)->0K(559232K) From: 69762K(69888K)->69438K(69888K)
[2024-08-29T23:14:08.360+0800] GC(212) Tenured: 827045K(1398144K)->1136240K(1398144K)
[2024-08-29T23:14:08.360+0800] GC(212) Metaspace: 1650K(1792K)->1650K(1792K) NonClass: 1530K(1600K)->1530K(1600K) Class: 119K(192K)->119K(192K)
[2024-08-29T23:14:08.360+0800] GC(212) Pause Young (Allocation Failure) 1418M->1177M(1979M) 58.947ms
[2024-08-29T23:14:08.360+0800] GC(212) User=0.05s Sys=0.00s Real=0.06s
[2024-08-29T23:14:08.652+0800] GC(213) Pause Young (Allocation Failure)
[2024-08-29T23:14:08.653+0800] GC(213) Pause Young (Allocation Failure) 1720M->1720M(1979M) 0.176ms
[2024-08-29T23:14:08.653+0800] GC(213) User=0.00s Sys=0.00s Real=0.01s
[2024-08-29T23:14:08.653+0800] GC(214) Pause Full (Allocation Failure)
[2024-08-29T23:14:08.653+0800] GC(214) Phase 1: Mark live objects
[2024-08-29T23:14:08.655+0800] GC(214) Phase 1: Mark live objects 2.506ms
[2024-08-29T23:14:08.655+0800] GC(214) Phase 2: Compute new object addresses
[2024-08-29T23:14:08.656+0800] GC(214) Phase 2: Compute new object addresses 0.717ms
[2024-08-29T23:14:08.656+0800] GC(214) Phase 3: Adjust pointers
[2024-08-29T23:14:08.657+0800] GC(214) Phase 3: Adjust pointers 1.142ms
[2024-08-29T23:14:08.657+0800] GC(214) Phase 4: Move objects
[2024-08-29T23:14:08.702+0800] GC(214) Phase 4: Move objects 45.325ms
[2024-08-29T23:14:08.703+0800] GC(214) DefNew: 625837K(629120K)->0K(629120K) Eden: 556398K(559232K)->0K(559232K) From: 69438K(69888K)->0K(69888K)
[2024-08-29T23:14:08.703+0800] GC(214) Tenured: 1136240K(1398144K)->424848K(1398144K)
[2024-08-29T23:14:08.703+0800] GC(214) Metaspace: 1650K(1792K)->1650K(1792K) NonClass: 1530K(1600K)->1530K(1600K) Class: 119K(192K)->119K(192K)
[2024-08-29T23:14:08.703+0800] GC(214) Pause Full (Allocation Failure) 1720M->414M(1979M) 50.067ms
[2024-08-29T23:14:08.703+0800] GC(214) User=0.05s Sys=0.00s Real=0.04s
[2024-08-29T23:14:08.973+0800] GC(215) Pause Young (Allocation Failure)
[2024-08-29T23:14:09.015+0800] GC(215) DefNew: 558076K(629120K)->69648K(629120K) Eden: 558076K(559232K)->0K(559232K) From: 0K(69888K)->69648K(69888K)
[2024-08-29T23:14:09.015+0800] GC(215) Tenured: 424848K(1398144K)->638426K(1398144K)
[2024-08-29T23:14:09.015+0800] GC(215) Metaspace: 1650K(1792K)->1650K(1792K) NonClass: 1530K(1600K)->1530K(1600K) Class: 119K(192K)->119K(192K)
[2024-08-29T23:14:09.015+0800] GC(215) Pause Young (Allocation Failure) 959M->691M(1979M) 41.912ms
[2024-08-29T23:14:09.015+0800] GC(215) User=0.04s Sys=0.00s Real=0.04s
[2024-08-29T23:14:09.265+0800] GC(216) Pause Young (Allocation Failure)
[2024-08-29T23:14:09.320+0800] GC(216) DefNew: 625391K(629120K)->69612K(629120K) Eden: 555743K(559232K)->0K(559232K) From: 69648K(69888K)->69612K(69888K)
[2024-08-29T23:14:09.320+0800] GC(216) Tenured: 638426K(1398144K)->940589K(1398144K)
[2024-08-29T23:14:09.320+0800] GC(216) Metaspace: 1650K(1792K)->1650K(1792K) NonClass: 1530K(1600K)->1530K(1600K) Class: 119K(192K)->119K(192K)
[2024-08-29T23:14:09.320+0800] GC(216) Pause Young (Allocation Failure) 1234M->986M(1979M) 55.659ms
[2024-08-29T23:14:09.320+0800] GC(216) User=0.06s Sys=0.00s Real=0.05s
[2024-08-29T23:14:09.570+0800] GC(217) Pause Young (Allocation Failure)
[2024-08-29T23:14:09.620+0800] GC(217) DefNew: 626880K(629120K)->69745K(629120K) Eden: 557267K(559232K)->0K(559232K) From: 69612K(69888K)->69745K(69888K)
[2024-08-29T23:14:09.621+0800] GC(217) Tenured: 940589K(1398144K)->1195560K(1398144K)
[2024-08-29T23:14:09.621+0800] GC(217) Metaspace: 1650K(1792K)->1650K(1792K) NonClass: 1530K(1600K)->1530K(1600K) Class: 119K(192K)->119K(192K)
[2024-08-29T23:14:09.621+0800] GC(217) Pause Young (Allocation Failure) 1530M->1235M(1979M) 50.462ms
[2024-08-29T23:14:09.621+0800] GC(217) User=0.05s Sys=0.00s Real=0.05s
[2024-08-29T23:14:09.886+0800] GC(218) Pause Young (Allocation Failure)
[2024-08-29T23:14:09.887+0800] GC(218) Pause Young (Allocation Failure) 1778M->1778M(1979M) 0.130ms
[2024-08-29T23:14:09.887+0800] GC(218) User=0.00s Sys=0.01s Real=0.00s
[2024-08-29T23:14:09.887+0800] GC(219) Pause Full (Allocation Failure)
[2024-08-29T23:14:09.887+0800] GC(219) Phase 1: Mark live objects
[2024-08-29T23:14:09.889+0800] GC(219) Phase 1: Mark live objects 2.868ms
[2024-08-29T23:14:09.889+0800] GC(219) Phase 2: Compute new object addresses
[2024-08-29T23:14:09.890+0800] GC(219) Phase 2: Compute new object addresses 0.643ms
[2024-08-29T23:14:09.890+0800] GC(219) Phase 3: Adjust pointers
[2024-08-29T23:14:09.891+0800] GC(219) Phase 3: Adjust pointers 1.158ms
[2024-08-29T23:14:09.891+0800] GC(219) Phase 4: Move objects
[2024-08-29T23:14:09.935+0800] GC(219) Phase 4: Move objects 43.260ms
[2024-08-29T23:14:09.935+0800] GC(219) DefNew: 625389K(629120K)->0K(629120K) Eden: 555644K(559232K)->0K(559232K) From: 69745K(69888K)->0K(69888K)
[2024-08-29T23:14:09.935+0800] GC(219) Tenured: 1195560K(1398144K)->380289K(1398144K)
[2024-08-29T23:14:09.935+0800] GC(219) Metaspace: 1650K(1792K)->1650K(1792K) NonClass: 1530K(1600K)->1530K(1600K) Class: 119K(192K)->119K(192K)
[2024-08-29T23:14:09.935+0800] GC(219) Pause Full (Allocation Failure) 1778M->371M(1979M) 48.319ms
[2024-08-29T23:14:09.935+0800] GC(219) User=0.05s Sys=0.00s Real=0.05s
[2024-08-29T23:14:10.191+0800] Heap
[2024-08-29T23:14:10.191+0800]  def new generation   total 629120K, used 555311K [0x0000000080000000, 0x00000000aaaa0000, 0x00000000aaaa0000)
[2024-08-29T23:14:10.191+0800]   eden space 559232K,  99% used [0x0000000080000000, 0x00000000a1e4bc80, 0x00000000a2220000)
[2024-08-29T23:14:10.191+0800]   from space 69888K,   0% used [0x00000000a2220000, 0x00000000a2220000, 0x00000000a6660000)
[2024-08-29T23:14:10.191+0800]   to   space 69888K,   0% used [0x00000000a6660000, 0x00000000a6660000, 0x00000000aaaa0000)
[2024-08-29T23:14:10.191+0800]  tenured generation   total 1398144K, used 380289K [0x00000000aaaa0000, 0x0000000100000000, 0x0000000100000000)
[2024-08-29T23:14:10.191+0800]    the space 1398144K,  27% used [0x00000000aaaa0000, 0x00000000c1e00780, 0x00000000c1e00800, 0x0000000100000000)
[2024-08-29T23:14:10.191+0800]  Metaspace       used 1652K, committed 1856K, reserved 1114112K
[2024-08-29T23:14:10.191+0800]   class space    used 119K, committed 192K, reserved 1048576K
