[2024-08-29T23:15:10.591+0800] Using G1
[2024-08-29T23:15:10.620+0800] Version: 17.0.12+7 (release)
[2024-08-29T23:15:10.620+0800] CPUs: 8 total, 8 available
[2024-08-29T23:15:10.620+0800] Memory: 7894M
[2024-08-29T23:15:10.620+0800] Large Page Support: Disabled
[2024-08-29T23:15:10.620+0800] NUMA Support: Disabled
[2024-08-29T23:15:10.620+0800] Compressed Oops: Enabled (32-bit)
[2024-08-29T23:15:10.620+0800] Heap Region Size: 1M
[2024-08-29T23:15:10.620+0800] Heap Min Capacity: 2G
[2024-08-29T23:15:10.620+0800] Heap Initial Capacity: 2G
[2024-08-29T23:15:10.620+0800] Heap Max Capacity: 2G
[2024-08-29T23:15:10.620+0800] Pre-touch: Disabled
[2024-08-29T23:15:10.620+0800] Parallel Workers: 8
[2024-08-29T23:15:10.620+0800] Concurrent Workers: 2
[2024-08-29T23:15:10.620+0800] Concurrent Refinement Workers: 8
[2024-08-29T23:15:10.620+0800] Periodic GC: Disabled
[2024-08-29T23:15:10.627+0800] CDS archive(s) mapped at: [0x00007c3b47000000-0x00007c3b47bc7000-0x00007c3b47bc7000), size 12349440, SharedBaseAddress: 0x00007c3b47000000, ArchiveRelocationMode: 1.
[2024-08-29T23:15:10.628+0800] Compressed class space mapped at: 0x00007c3b48000000-0x00007c3b88000000, reserved size: 1073741824
[2024-08-29T23:15:10.628+0800] Narrow klass base: 0x00007c3b47000000, Narrow klass shift: 0, Narrow klass range: 0x100000000
[2024-08-29T23:15:11.192+0800] GC(0) Pause Young (Concurrent Start) (G1 Humongous Allocation)
[2024-08-29T23:15:11.193+0800] GC(0) Using 8 workers of 8 for evacuation
[2024-08-29T23:15:11.198+0800] GC(0)   Pre Evacuate Collection Set: 0.4ms
[2024-08-29T23:15:11.198+0800] GC(0)   Merge Heap Roots: 0.3ms
[2024-08-29T23:15:11.198+0800] GC(0)   Evacuate Collection Set: 0.7ms
[2024-08-29T23:15:11.198+0800] GC(0)   Post Evacuate Collection Set: 2.5ms
[2024-08-29T23:15:11.198+0800] GC(0)   Other: 1.7ms
[2024-08-29T23:15:11.198+0800] GC(0) Eden regions: 7->0(100)
[2024-08-29T23:15:11.198+0800] GC(0) Survivor regions: 0->2(13)
[2024-08-29T23:15:11.198+0800] GC(0) Old regions: 0->0
[2024-08-29T23:15:11.198+0800] GC(0) Archive regions: 2->2
[2024-08-29T23:15:11.198+0800] GC(0) Humongous regions: 918->29
[2024-08-29T23:15:11.198+0800] GC(0) Metaspace: 1264K(1472K)->1264K(1472K) NonClass: 1146K(1280K)->1146K(1280K) Class: 118K(192K)->118K(192K)
[2024-08-29T23:15:11.198+0800] GC(0) Pause Young (Concurrent Start) (G1 Humongous Allocation) 925M->30M(2048M) 5.728ms
[2024-08-29T23:15:11.198+0800] GC(0) User=0.00s Sys=0.01s Real=0.01s
[2024-08-29T23:15:11.198+0800] GC(1) Concurrent Undo Cycle
[2024-08-29T23:15:11.198+0800] GC(1) Concurrent Cleanup for Next Mark
[2024-08-29T23:15:11.224+0800] GC(1) Concurrent Cleanup for Next Mark 25.758ms
[2024-08-29T23:15:11.224+0800] GC(1) Concurrent Undo Cycle 25.856ms
[2024-08-29T23:15:11.590+0800] GC(2) Pause Young (Concurrent Start) (G1 Humongous Allocation)
[2024-08-29T23:15:11.591+0800] GC(2) Using 8 workers of 8 for evacuation
[2024-08-29T23:15:11.593+0800] GC(2)   Pre Evacuate Collection Set: 0.3ms
[2024-08-29T23:15:11.593+0800] GC(2)   Merge Heap Roots: 0.1ms
[2024-08-29T23:15:11.593+0800] GC(2)   Evacuate Collection Set: 0.5ms
[2024-08-29T23:15:11.593+0800] GC(2)   Post Evacuate Collection Set: 1.1ms
[2024-08-29T23:15:11.593+0800] GC(2)   Other: 0.4ms
[2024-08-29T23:15:11.593+0800] GC(2) Eden regions: 4->0(101)
[2024-08-29T23:15:11.593+0800] GC(2) Survivor regions: 2->1(13)
[2024-08-29T23:15:11.593+0800] GC(2) Old regions: 0->0
[2024-08-29T23:15:11.593+0800] GC(2) Archive regions: 2->2
[2024-08-29T23:15:11.593+0800] GC(2) Humongous regions: 918->34
[2024-08-29T23:15:11.593+0800] GC(2) Metaspace: 1354K(1536K)->1354K(1536K) NonClass: 1236K(1344K)->1236K(1344K) Class: 118K(192K)->118K(192K)
[2024-08-29T23:15:11.593+0800] GC(2) Pause Young (Concurrent Start) (G1 Humongous Allocation) 923M->35M(2048M) 2.468ms
[2024-08-29T23:15:11.593+0800] GC(2) User=0.00s Sys=0.01s Real=0.01s
[2024-08-29T23:15:11.593+0800] GC(3) Concurrent Undo Cycle
[2024-08-29T23:15:11.593+0800] GC(3) Concurrent Cleanup for Next Mark
[2024-08-29T23:15:11.599+0800] GC(3) Concurrent Cleanup for Next Mark 6.303ms
[2024-08-29T23:15:11.599+0800] GC(3) Concurrent Undo Cycle 6.451ms
[2024-08-29T23:15:12.007+0800] GC(4) Pause Young (Concurrent Start) (G1 Humongous Allocation)
[2024-08-29T23:15:12.007+0800] GC(4) Using 8 workers of 8 for evacuation
[2024-08-29T23:15:12.009+0800] GC(4)   Pre Evacuate Collection Set: 0.3ms
[2024-08-29T23:15:12.009+0800] GC(4)   Merge Heap Roots: 0.1ms
[2024-08-29T23:15:12.009+0800] GC(4)   Evacuate Collection Set: 0.7ms
[2024-08-29T23:15:12.009+0800] GC(4)   Post Evacuate Collection Set: 1.0ms
[2024-08-29T23:15:12.009+0800] GC(4)   Other: 0.2ms
[2024-08-29T23:15:12.009+0800] GC(4) Eden regions: 5->0(200)
[2024-08-29T23:15:12.009+0800] GC(4) Survivor regions: 1->1(13)
[2024-08-29T23:15:12.009+0800] GC(4) Old regions: 0->0
[2024-08-29T23:15:12.009+0800] GC(4) Archive regions: 2->2
[2024-08-29T23:15:12.009+0800] GC(4) Humongous regions: 920->14
[2024-08-29T23:15:12.009+0800] GC(4) Metaspace: 1381K(1536K)->1381K(1536K) NonClass: 1263K(1344K)->1263K(1344K) Class: 118K(192K)->118K(192K)
[2024-08-29T23:15:12.009+0800] GC(4) Pause Young (Concurrent Start) (G1 Humongous Allocation) 926M->15M(2048M) 2.355ms
[2024-08-29T23:15:12.009+0800] GC(4) User=0.01s Sys=0.01s Real=0.00s
[2024-08-29T23:15:12.009+0800] GC(5) Concurrent Undo Cycle
[2024-08-29T23:15:12.009+0800] GC(5) Concurrent Cleanup for Next Mark
[2024-08-29T23:15:12.016+0800] GC(5) Concurrent Cleanup for Next Mark 6.512ms
[2024-08-29T23:15:12.016+0800] GC(5) Concurrent Undo Cycle 6.687ms
[2024-08-29T23:15:12.366+0800] GC(6) Pause Young (Concurrent Start) (G1 Humongous Allocation)
[2024-08-29T23:15:12.366+0800] GC(6) Using 8 workers of 8 for evacuation
[2024-08-29T23:15:12.370+0800] GC(6)   Pre Evacuate Collection Set: 0.3ms
[2024-08-29T23:15:12.370+0800] GC(6)   Merge Heap Roots: 0.1ms
[2024-08-29T23:15:12.370+0800] GC(6)   Evacuate Collection Set: 1.5ms
[2024-08-29T23:15:12.370+0800] GC(6)   Post Evacuate Collection Set: 1.8ms
[2024-08-29T23:15:12.370+0800] GC(6)   Other: 0.3ms
[2024-08-29T23:15:12.370+0800] GC(6) Eden regions: 5->0(316)
[2024-08-29T23:15:12.370+0800] GC(6) Survivor regions: 1->1(26)
[2024-08-29T23:15:12.370+0800] GC(6) Old regions: 0->0
[2024-08-29T23:15:12.370+0800] GC(6) Archive regions: 2->2
[2024-08-29T23:15:12.370+0800] GC(6) Humongous regions: 920->57
[2024-08-29T23:15:12.370+0800] GC(6) Metaspace: 1406K(1600K)->1406K(1600K) NonClass: 1287K(1408K)->1287K(1408K) Class: 118K(192K)->118K(192K)
[2024-08-29T23:15:12.370+0800] GC(6) Pause Young (Concurrent Start) (G1 Humongous Allocation) 925M->58M(2048M) 4.310ms
[2024-08-29T23:15:12.370+0800] GC(6) User=0.00s Sys=0.00s Real=0.00s
[2024-08-29T23:15:12.370+0800] GC(7) Concurrent Undo Cycle
[2024-08-29T23:15:12.370+0800] GC(7) Concurrent Cleanup for Next Mark
[2024-08-29T23:15:12.382+0800] GC(7) Concurrent Cleanup for Next Mark 11.431ms
[2024-08-29T23:15:12.382+0800] GC(7) Concurrent Undo Cycle 11.605ms
[2024-08-29T23:15:12.724+0800] GC(8) Pause Young (Concurrent Start) (G1 Humongous Allocation)
[2024-08-29T23:15:12.725+0800] GC(8) Using 8 workers of 8 for evacuation
[2024-08-29T23:15:12.729+0800] GC(8)   Pre Evacuate Collection Set: 0.7ms
[2024-08-29T23:15:12.729+0800] GC(8)   Merge Heap Roots: 0.2ms
[2024-08-29T23:15:12.729+0800] GC(8)   Evacuate Collection Set: 1.3ms
[2024-08-29T23:15:12.729+0800] GC(8)   Post Evacuate Collection Set: 1.6ms
[2024-08-29T23:15:12.729+0800] GC(8)   Other: 0.5ms
[2024-08-29T23:15:12.729+0800] GC(8) Eden regions: 4->0(495)
[2024-08-29T23:15:12.729+0800] GC(8) Survivor regions: 1->1(40)
[2024-08-29T23:15:12.729+0800] GC(8) Old regions: 0->0
[2024-08-29T23:15:12.729+0800] GC(8) Archive regions: 2->2
[2024-08-29T23:15:12.729+0800] GC(8) Humongous regions: 918->34
[2024-08-29T23:15:12.729+0800] GC(8) Metaspace: 1428K(1600K)->1428K(1600K) NonClass: 1309K(1408K)->1309K(1408K) Class: 118K(192K)->118K(192K)
[2024-08-29T23:15:12.729+0800] GC(8) Pause Young (Concurrent Start) (G1 Humongous Allocation) 923M->35M(2048M) 4.494ms
[2024-08-29T23:15:12.729+0800] GC(8) User=0.01s Sys=0.00s Real=0.00s
[2024-08-29T23:15:12.729+0800] GC(9) Concurrent Undo Cycle
[2024-08-29T23:15:12.729+0800] GC(9) Concurrent Cleanup for Next Mark
[2024-08-29T23:15:12.734+0800] GC(9) Concurrent Cleanup for Next Mark 4.778ms
[2024-08-29T23:15:12.734+0800] GC(9) Concurrent Undo Cycle 4.960ms
[2024-08-29T23:15:13.096+0800] GC(10) Pause Young (Concurrent Start) (G1 Humongous Allocation)
[2024-08-29T23:15:13.096+0800] GC(10) Using 8 workers of 8 for evacuation
[2024-08-29T23:15:13.099+0800] GC(10)   Pre Evacuate Collection Set: 0.3ms
[2024-08-29T23:15:13.099+0800] GC(10)   Merge Heap Roots: 0.1ms
[2024-08-29T23:15:13.099+0800] GC(10)   Evacuate Collection Set: 0.8ms
[2024-08-29T23:15:13.099+0800] GC(10)   Post Evacuate Collection Set: 1.6ms
[2024-08-29T23:15:13.099+0800] GC(10)   Other: 0.3ms
[2024-08-29T23:15:13.099+0800] GC(10) Eden regions: 5->0(772)
[2024-08-29T23:15:13.099+0800] GC(10) Survivor regions: 1->1(62)
[2024-08-29T23:15:13.099+0800] GC(10) Old regions: 0->0
[2024-08-29T23:15:13.099+0800] GC(10) Archive regions: 2->2
[2024-08-29T23:15:13.099+0800] GC(10) Humongous regions: 916->63
[2024-08-29T23:15:13.099+0800] GC(10) Metaspace: 1442K(1600K)->1442K(1600K) NonClass: 1324K(1408K)->1324K(1408K) Class: 118K(192K)->118K(192K)
[2024-08-29T23:15:13.099+0800] GC(10) Pause Young (Concurrent Start) (G1 Humongous Allocation) 921M->64M(2048M) 3.163ms
[2024-08-29T23:15:13.099+0800] GC(10) User=0.00s Sys=0.01s Real=0.00s
[2024-08-29T23:15:13.099+0800] GC(11) Concurrent Undo Cycle
[2024-08-29T23:15:13.099+0800] GC(11) Concurrent Cleanup for Next Mark
[2024-08-29T23:15:13.111+0800] GC(11) Concurrent Cleanup for Next Mark 12.139ms
[2024-08-29T23:15:13.112+0800] GC(11) Concurrent Undo Cycle 12.406ms
[2024-08-29T23:15:13.435+0800] GC(12) Pause Young (Concurrent Start) (G1 Humongous Allocation)
[2024-08-29T23:15:13.435+0800] GC(12) Using 8 workers of 8 for evacuation
[2024-08-29T23:15:13.437+0800] GC(12)   Pre Evacuate Collection Set: 0.2ms
[2024-08-29T23:15:13.437+0800] GC(12)   Merge Heap Roots: 0.1ms
[2024-08-29T23:15:13.437+0800] GC(12)   Evacuate Collection Set: 0.5ms
[2024-08-29T23:15:13.437+0800] GC(12)   Post Evacuate Collection Set: 0.7ms
[2024-08-29T23:15:13.437+0800] GC(12)   Other: 0.2ms
[2024-08-29T23:15:13.437+0800] GC(12) Eden regions: 4->0(1196)
[2024-08-29T23:15:13.437+0800] GC(12) Survivor regions: 1->1(97)
[2024-08-29T23:15:13.437+0800] GC(12) Old regions: 0->0
[2024-08-29T23:15:13.437+0800] GC(12) Archive regions: 2->2
[2024-08-29T23:15:13.437+0800] GC(12) Humongous regions: 918->155
[2024-08-29T23:15:13.437+0800] GC(12) Metaspace: 1456K(1664K)->1456K(1664K) NonClass: 1337K(1472K)->1337K(1472K) Class: 118K(192K)->118K(192K)
[2024-08-29T23:15:13.437+0800] GC(12) Pause Young (Concurrent Start) (G1 Humongous Allocation) 923M->156M(2048M) 1.795ms
[2024-08-29T23:15:13.437+0800] GC(12) User=0.00s Sys=0.00s Real=0.00s
[2024-08-29T23:15:13.437+0800] GC(13) Concurrent Undo Cycle
[2024-08-29T23:15:13.437+0800] GC(13) Concurrent Cleanup for Next Mark
[2024-08-29T23:15:13.444+0800] GC(13) Concurrent Cleanup for Next Mark 7.446ms
[2024-08-29T23:15:13.444+0800] GC(13) Concurrent Undo Cycle 7.596ms
[2024-08-29T23:15:13.733+0800] GC(14) Pause Young (Concurrent Start) (G1 Humongous Allocation)
[2024-08-29T23:15:13.733+0800] GC(14) Using 8 workers of 8 for evacuation
[2024-08-29T23:15:13.736+0800] GC(14)   Pre Evacuate Collection Set: 0.4ms
[2024-08-29T23:15:13.736+0800] GC(14)   Merge Heap Roots: 0.1ms
[2024-08-29T23:15:13.736+0800] GC(14)   Evacuate Collection Set: 0.8ms
[2024-08-29T23:15:13.736+0800] GC(14)   Post Evacuate Collection Set: 1.3ms
[2024-08-29T23:15:13.736+0800] GC(14)   Other: 0.3ms
[2024-08-29T23:15:13.736+0800] GC(14) Eden regions: 4->0(1227)
[2024-08-29T23:15:13.736+0800] GC(14) Survivor regions: 1->1(150)
[2024-08-29T23:15:13.736+0800] GC(14) Old regions: 0->0
[2024-08-29T23:15:13.736+0800] GC(14) Archive regions: 2->2
[2024-08-29T23:15:13.736+0800] GC(14) Humongous regions: 920->319
[2024-08-29T23:15:13.736+0800] GC(14) Metaspace: 1460K(1664K)->1460K(1664K) NonClass: 1342K(1472K)->1342K(1472K) Class: 118K(192K)->118K(192K)
[2024-08-29T23:15:13.736+0800] GC(14) Pause Young (Concurrent Start) (G1 Humongous Allocation) 925M->320M(2048M) 2.946ms
[2024-08-29T23:15:13.736+0800] GC(14) User=0.00s Sys=0.00s Real=0.00s
[2024-08-29T23:15:13.736+0800] GC(15) Concurrent Undo Cycle
[2024-08-29T23:15:13.736+0800] GC(15) Concurrent Cleanup for Next Mark
[2024-08-29T23:15:13.748+0800] GC(15) Concurrent Cleanup for Next Mark 11.746ms
[2024-08-29T23:15:13.748+0800] GC(15) Concurrent Undo Cycle 12.037ms
[2024-08-29T23:15:13.968+0800] GC(16) Pause Young (Concurrent Start) (G1 Humongous Allocation)
[2024-08-29T23:15:13.968+0800] GC(16) Using 8 workers of 8 for evacuation
[2024-08-29T23:15:13.970+0800] GC(16)   Pre Evacuate Collection Set: 0.3ms
[2024-08-29T23:15:13.970+0800] GC(16)   Merge Heap Roots: 0.1ms
[2024-08-29T23:15:13.970+0800] GC(16)   Evacuate Collection Set: 0.6ms
[2024-08-29T23:15:13.970+0800] GC(16)   Post Evacuate Collection Set: 0.7ms
[2024-08-29T23:15:13.970+0800] GC(16)   Other: 0.3ms
[2024-08-29T23:15:13.970+0800] GC(16) Eden regions: 4->0(1227)
[2024-08-29T23:15:13.970+0800] GC(16) Survivor regions: 1->1(154)
[2024-08-29T23:15:13.970+0800] GC(16) Old regions: 0->0
[2024-08-29T23:15:13.970+0800] GC(16) Archive regions: 2->2
[2024-08-29T23:15:13.970+0800] GC(16) Humongous regions: 919->373
[2024-08-29T23:15:13.970+0800] GC(16) Metaspace: 1523K(1728K)->1523K(1728K) NonClass: 1405K(1536K)->1405K(1536K) Class: 118K(192K)->118K(192K)
[2024-08-29T23:15:13.970+0800] GC(16) Pause Young (Concurrent Start) (G1 Humongous Allocation) 924M->374M(2048M) 2.039ms
[2024-08-29T23:15:13.970+0800] GC(16) User=0.00s Sys=0.01s Real=0.00s
[2024-08-29T23:15:13.970+0800] GC(17) Concurrent Undo Cycle
[2024-08-29T23:15:13.970+0800] GC(17) Concurrent Cleanup for Next Mark
[2024-08-29T23:15:13.975+0800] GC(17) Concurrent Cleanup for Next Mark 4.212ms
[2024-08-29T23:15:13.975+0800] GC(17) Concurrent Undo Cycle 4.317ms
[2024-08-29T23:15:14.197+0800] GC(18) Pause Young (Concurrent Start) (G1 Humongous Allocation)
[2024-08-29T23:15:14.197+0800] GC(18) Using 8 workers of 8 for evacuation
[2024-08-29T23:15:14.199+0800] GC(18)   Pre Evacuate Collection Set: 0.3ms
[2024-08-29T23:15:14.199+0800] GC(18)   Merge Heap Roots: 0.2ms
[2024-08-29T23:15:14.199+0800] GC(18)   Evacuate Collection Set: 0.8ms
[2024-08-29T23:15:14.199+0800] GC(18)   Post Evacuate Collection Set: 0.8ms
[2024-08-29T23:15:14.199+0800] GC(18)   Other: 0.3ms
[2024-08-29T23:15:14.199+0800] GC(18) Eden regions: 4->0(1227)
[2024-08-29T23:15:14.199+0800] GC(18) Survivor regions: 1->1(154)
[2024-08-29T23:15:14.199+0800] GC(18) Old regions: 0->0
[2024-08-29T23:15:14.199+0800] GC(18) Archive regions: 2->2
[2024-08-29T23:15:14.199+0800] GC(18) Humongous regions: 919->403
[2024-08-29T23:15:14.199+0800] GC(18) Metaspace: 1527K(1728K)->1527K(1728K) NonClass: 1409K(1536K)->1409K(1536K) Class: 118K(192K)->118K(192K)
[2024-08-29T23:15:14.199+0800] GC(18) Pause Young (Concurrent Start) (G1 Humongous Allocation) 924M->404M(2048M) 2.442ms
[2024-08-29T23:15:14.199+0800] GC(18) User=0.00s Sys=0.00s Real=0.00s
[2024-08-29T23:15:14.199+0800] GC(19) Concurrent Undo Cycle
[2024-08-29T23:15:14.199+0800] GC(19) Concurrent Cleanup for Next Mark
[2024-08-29T23:15:14.205+0800] GC(19) Concurrent Cleanup for Next Mark 6.053ms
[2024-08-29T23:15:14.205+0800] GC(19) Concurrent Undo Cycle 6.285ms
[2024-08-29T23:15:14.408+0800] GC(20) Pause Young (Concurrent Start) (G1 Humongous Allocation)
[2024-08-29T23:15:14.408+0800] GC(20) Using 8 workers of 8 for evacuation
[2024-08-29T23:15:14.409+0800] GC(20)   Pre Evacuate Collection Set: 0.2ms
[2024-08-29T23:15:14.409+0800] GC(20)   Merge Heap Roots: 0.1ms
[2024-08-29T23:15:14.409+0800] GC(20)   Evacuate Collection Set: 0.6ms
[2024-08-29T23:15:14.409+0800] GC(20)   Post Evacuate Collection Set: 0.6ms
[2024-08-29T23:15:14.409+0800] GC(20)   Other: 0.2ms
[2024-08-29T23:15:14.409+0800] GC(20) Eden regions: 4->0(1227)
[2024-08-29T23:15:14.409+0800] GC(20) Survivor regions: 1->1(154)
[2024-08-29T23:15:14.409+0800] GC(20) Old regions: 0->0
[2024-08-29T23:15:14.409+0800] GC(20) Archive regions: 2->2
[2024-08-29T23:15:14.409+0800] GC(20) Humongous regions: 921->429
[2024-08-29T23:15:14.409+0800] GC(20) Metaspace: 1528K(1728K)->1528K(1728K) NonClass: 1410K(1536K)->1410K(1536K) Class: 118K(192K)->118K(192K)
[2024-08-29T23:15:14.410+0800] GC(20) Pause Young (Concurrent Start) (G1 Humongous Allocation) 926M->430M(2048M) 1.840ms
[2024-08-29T23:15:14.410+0800] GC(20) User=0.00s Sys=0.00s Real=0.00s
[2024-08-29T23:15:14.410+0800] GC(21) Concurrent Undo Cycle
[2024-08-29T23:15:14.410+0800] GC(21) Concurrent Cleanup for Next Mark
[2024-08-29T23:15:14.415+0800] GC(21) Concurrent Cleanup for Next Mark 4.919ms
[2024-08-29T23:15:14.415+0800] GC(21) Concurrent Undo Cycle 5.035ms
[2024-08-29T23:15:14.614+0800] GC(22) Pause Young (Concurrent Start) (G1 Humongous Allocation)
[2024-08-29T23:15:14.614+0800] GC(22) Using 8 workers of 8 for evacuation
[2024-08-29T23:15:14.616+0800] GC(22)   Pre Evacuate Collection Set: 0.2ms
[2024-08-29T23:15:14.616+0800] GC(22)   Merge Heap Roots: 0.2ms
[2024-08-29T23:15:14.616+0800] GC(22)   Evacuate Collection Set: 0.8ms
[2024-08-29T23:15:14.616+0800] GC(22)   Post Evacuate Collection Set: 0.7ms
[2024-08-29T23:15:14.616+0800] GC(22)   Other: 0.2ms
[2024-08-29T23:15:14.616+0800] GC(22) Eden regions: 4->0(1227)
[2024-08-29T23:15:14.616+0800] GC(22) Survivor regions: 1->1(154)
[2024-08-29T23:15:14.616+0800] GC(22) Old regions: 0->0
[2024-08-29T23:15:14.616+0800] GC(22) Archive regions: 2->2
[2024-08-29T23:15:14.616+0800] GC(22) Humongous regions: 920->386
[2024-08-29T23:15:14.616+0800] GC(22) Metaspace: 1528K(1728K)->1528K(1728K) NonClass: 1410K(1536K)->1410K(1536K) Class: 118K(192K)->118K(192K)
[2024-08-29T23:15:14.616+0800] GC(22) Pause Young (Concurrent Start) (G1 Humongous Allocation) 925M->387M(2048M) 2.074ms
[2024-08-29T23:15:14.616+0800] GC(22) User=0.00s Sys=0.01s Real=0.00s
[2024-08-29T23:15:14.616+0800] GC(23) Concurrent Undo Cycle
[2024-08-29T23:15:14.616+0800] GC(23) Concurrent Cleanup for Next Mark
[2024-08-29T23:15:14.625+0800] GC(23) Concurrent Cleanup for Next Mark 9.421ms
[2024-08-29T23:15:14.625+0800] GC(23) Concurrent Undo Cycle 9.557ms
[2024-08-29T23:15:14.862+0800] GC(24) Pause Young (Concurrent Start) (G1 Humongous Allocation)
[2024-08-29T23:15:14.862+0800] GC(24) Using 8 workers of 8 for evacuation
[2024-08-29T23:15:14.864+0800] GC(24)   Pre Evacuate Collection Set: 0.3ms
[2024-08-29T23:15:14.864+0800] GC(24)   Merge Heap Roots: 0.1ms
[2024-08-29T23:15:14.864+0800] GC(24)   Evacuate Collection Set: 0.6ms
[2024-08-29T23:15:14.864+0800] GC(24)   Post Evacuate Collection Set: 0.6ms
[2024-08-29T23:15:14.864+0800] GC(24)   Other: 0.3ms
[2024-08-29T23:15:14.864+0800] GC(24) Eden regions: 5->0(1227)
[2024-08-29T23:15:14.864+0800] GC(24) Survivor regions: 1->1(154)
[2024-08-29T23:15:14.864+0800] GC(24) Old regions: 0->0
[2024-08-29T23:15:14.864+0800] GC(24) Archive regions: 2->2
[2024-08-29T23:15:14.864+0800] GC(24) Humongous regions: 918->326
[2024-08-29T23:15:14.864+0800] GC(24) Metaspace: 1539K(1728K)->1539K(1728K) NonClass: 1420K(1536K)->1420K(1536K) Class: 119K(192K)->119K(192K)
[2024-08-29T23:15:14.864+0800] GC(24) Pause Young (Concurrent Start) (G1 Humongous Allocation) 923M->327M(2048M) 1.954ms
[2024-08-29T23:15:14.864+0800] GC(24) User=0.00s Sys=0.00s Real=0.01s
[2024-08-29T23:15:14.864+0800] GC(25) Concurrent Undo Cycle
[2024-08-29T23:15:14.864+0800] GC(25) Concurrent Cleanup for Next Mark
[2024-08-29T23:15:14.872+0800] GC(25) Concurrent Cleanup for Next Mark 7.878ms
[2024-08-29T23:15:14.872+0800] GC(25) Concurrent Undo Cycle 8.000ms
[2024-08-29T23:15:15.112+0800] GC(26) Pause Young (Concurrent Start) (G1 Humongous Allocation)
[2024-08-29T23:15:15.112+0800] GC(26) Using 8 workers of 8 for evacuation
[2024-08-29T23:15:15.114+0800] GC(26)   Pre Evacuate Collection Set: 0.5ms
[2024-08-29T23:15:15.114+0800] GC(26)   Merge Heap Roots: 0.1ms
[2024-08-29T23:15:15.114+0800] GC(26)   Evacuate Collection Set: 0.7ms
[2024-08-29T23:15:15.114+0800] GC(26)   Post Evacuate Collection Set: 0.6ms
[2024-08-29T23:15:15.114+0800] GC(26)   Other: 0.2ms
[2024-08-29T23:15:15.114+0800] GC(26) Eden regions: 4->0(1227)
[2024-08-29T23:15:15.114+0800] GC(26) Survivor regions: 1->1(154)
[2024-08-29T23:15:15.114+0800] GC(26) Old regions: 0->0
[2024-08-29T23:15:15.114+0800] GC(26) Archive regions: 2->2
[2024-08-29T23:15:15.114+0800] GC(26) Humongous regions: 920->362
[2024-08-29T23:15:15.114+0800] GC(26) Metaspace: 1539K(1728K)->1539K(1728K) NonClass: 1420K(1536K)->1420K(1536K) Class: 119K(192K)->119K(192K)
[2024-08-29T23:15:15.114+0800] GC(26) Pause Young (Concurrent Start) (G1 Humongous Allocation) 925M->363M(2048M) 2.166ms
[2024-08-29T23:15:15.114+0800] GC(26) User=0.01s Sys=0.00s Real=0.01s
[2024-08-29T23:15:15.114+0800] GC(27) Concurrent Undo Cycle
[2024-08-29T23:15:15.114+0800] GC(27) Concurrent Cleanup for Next Mark
[2024-08-29T23:15:15.121+0800] GC(27) Concurrent Cleanup for Next Mark 6.666ms
[2024-08-29T23:15:15.122+0800] GC(27) Concurrent Undo Cycle 7.121ms
[2024-08-29T23:15:15.375+0800] GC(28) Pause Young (Concurrent Start) (G1 Humongous Allocation)
[2024-08-29T23:15:15.375+0800] GC(28) Using 8 workers of 8 for evacuation
[2024-08-29T23:15:15.377+0800] GC(28)   Pre Evacuate Collection Set: 0.2ms
[2024-08-29T23:15:15.377+0800] GC(28)   Merge Heap Roots: 0.2ms
[2024-08-29T23:15:15.377+0800] GC(28)   Evacuate Collection Set: 0.8ms
[2024-08-29T23:15:15.377+0800] GC(28)   Post Evacuate Collection Set: 0.6ms
[2024-08-29T23:15:15.377+0800] GC(28)   Other: 0.2ms
[2024-08-29T23:15:15.377+0800] GC(28) Eden regions: 4->0(1227)
[2024-08-29T23:15:15.377+0800] GC(28) Survivor regions: 1->1(154)
[2024-08-29T23:15:15.377+0800] GC(28) Old regions: 0->0
[2024-08-29T23:15:15.377+0800] GC(28) Archive regions: 2->2
[2024-08-29T23:15:15.377+0800] GC(28) Humongous regions: 919->294
[2024-08-29T23:15:15.377+0800] GC(28) Metaspace: 1545K(1728K)->1545K(1728K) NonClass: 1426K(1536K)->1426K(1536K) Class: 119K(192K)->119K(192K)
[2024-08-29T23:15:15.377+0800] GC(28) Pause Young (Concurrent Start) (G1 Humongous Allocation) 924M->295M(2048M) 2.086ms
[2024-08-29T23:15:15.377+0800] GC(28) User=0.00s Sys=0.00s Real=0.00s
[2024-08-29T23:15:15.377+0800] GC(29) Concurrent Undo Cycle
[2024-08-29T23:15:15.377+0800] GC(29) Concurrent Cleanup for Next Mark
[2024-08-29T23:15:15.382+0800] GC(29) Concurrent Cleanup for Next Mark 4.883ms
[2024-08-29T23:15:15.382+0800] GC(29) Concurrent Undo Cycle 4.951ms
[2024-08-29T23:15:15.643+0800] GC(30) Pause Young (Concurrent Start) (G1 Humongous Allocation)
[2024-08-29T23:15:15.643+0800] GC(30) Using 8 workers of 8 for evacuation
[2024-08-29T23:15:15.645+0800] GC(30)   Pre Evacuate Collection Set: 0.3ms
[2024-08-29T23:15:15.645+0800] GC(30)   Merge Heap Roots: 0.1ms
[2024-08-29T23:15:15.645+0800] GC(30)   Evacuate Collection Set: 0.6ms
[2024-08-29T23:15:15.645+0800] GC(30)   Post Evacuate Collection Set: 0.5ms
[2024-08-29T23:15:15.645+0800] GC(30)   Other: 0.2ms
[2024-08-29T23:15:15.645+0800] GC(30) Eden regions: 4->0(1227)
[2024-08-29T23:15:15.645+0800] GC(30) Survivor regions: 1->1(154)
[2024-08-29T23:15:15.645+0800] GC(30) Old regions: 0->1
[2024-08-29T23:15:15.645+0800] GC(30) Archive regions: 2->2
[2024-08-29T23:15:15.645+0800] GC(30) Humongous regions: 919->301
[2024-08-29T23:15:15.645+0800] GC(30) Metaspace: 1546K(1728K)->1546K(1728K) NonClass: 1427K(1536K)->1427K(1536K) Class: 119K(192K)->119K(192K)
[2024-08-29T23:15:15.645+0800] GC(30) Pause Young (Concurrent Start) (G1 Humongous Allocation) 924M->302M(2048M) 1.818ms
[2024-08-29T23:15:15.645+0800] GC(30) User=0.00s Sys=0.00s Real=0.00s
[2024-08-29T23:15:15.645+0800] GC(31) Concurrent Undo Cycle
[2024-08-29T23:15:15.645+0800] GC(31) Concurrent Cleanup for Next Mark
[2024-08-29T23:15:15.651+0800] GC(31) Concurrent Cleanup for Next Mark 5.514ms
[2024-08-29T23:15:15.651+0800] GC(31) Concurrent Undo Cycle 5.623ms
[2024-08-29T23:15:15.918+0800] GC(32) Pause Young (Concurrent Start) (G1 Humongous Allocation)
[2024-08-29T23:15:15.918+0800] GC(32) Using 8 workers of 8 for evacuation
[2024-08-29T23:15:15.920+0800] GC(32)   Pre Evacuate Collection Set: 0.2ms
[2024-08-29T23:15:15.920+0800] GC(32)   Merge Heap Roots: 0.1ms
[2024-08-29T23:15:15.920+0800] GC(32)   Evacuate Collection Set: 0.5ms
[2024-08-29T23:15:15.920+0800] GC(32)   Post Evacuate Collection Set: 0.9ms
[2024-08-29T23:15:15.920+0800] GC(32)   Other: 0.3ms
[2024-08-29T23:15:15.920+0800] GC(32) Eden regions: 4->0(1227)
[2024-08-29T23:15:15.920+0800] GC(32) Survivor regions: 1->1(154)
[2024-08-29T23:15:15.920+0800] GC(32) Old regions: 1->1
[2024-08-29T23:15:15.920+0800] GC(32) Archive regions: 2->2
[2024-08-29T23:15:15.920+0800] GC(32) Humongous regions: 915->257
[2024-08-29T23:15:15.920+0800] GC(32) Metaspace: 1581K(1728K)->1581K(1728K) NonClass: 1462K(1536K)->1462K(1536K) Class: 119K(192K)->119K(192K)
[2024-08-29T23:15:15.920+0800] GC(32) Pause Young (Concurrent Start) (G1 Humongous Allocation) 920M->258M(2048M) 2.066ms
[2024-08-29T23:15:15.920+0800] GC(32) User=0.00s Sys=0.01s Real=0.00s
[2024-08-29T23:15:15.920+0800] GC(33) Concurrent Undo Cycle
[2024-08-29T23:15:15.920+0800] GC(33) Concurrent Cleanup for Next Mark
[2024-08-29T23:15:15.931+0800] GC(33) Concurrent Cleanup for Next Mark 10.232ms
[2024-08-29T23:15:15.931+0800] GC(33) Concurrent Undo Cycle 10.363ms
[2024-08-29T23:15:16.186+0800] GC(34) Pause Young (Concurrent Start) (G1 Humongous Allocation)
[2024-08-29T23:15:16.187+0800] GC(34) Using 8 workers of 8 for evacuation
[2024-08-29T23:15:16.189+0800] GC(34)   Pre Evacuate Collection Set: 0.3ms
[2024-08-29T23:15:16.189+0800] GC(34)   Merge Heap Roots: 0.1ms
[2024-08-29T23:15:16.189+0800] GC(34)   Evacuate Collection Set: 0.5ms
[2024-08-29T23:15:16.189+0800] GC(34)   Post Evacuate Collection Set: 1.0ms
[2024-08-29T23:15:16.189+0800] GC(34)   Other: 0.3ms
[2024-08-29T23:15:16.189+0800] GC(34) Eden regions: 4->0(1227)
[2024-08-29T23:15:16.189+0800] GC(34) Survivor regions: 1->1(154)
[2024-08-29T23:15:16.189+0800] GC(34) Old regions: 1->1
[2024-08-29T23:15:16.189+0800] GC(34) Archive regions: 2->2
[2024-08-29T23:15:16.189+0800] GC(34) Humongous regions: 916->334
[2024-08-29T23:15:16.189+0800] GC(34) Metaspace: 1582K(1728K)->1582K(1728K) NonClass: 1463K(1536K)->1463K(1536K) Class: 119K(192K)->119K(192K)
[2024-08-29T23:15:16.189+0800] GC(34) Pause Young (Concurrent Start) (G1 Humongous Allocation) 921M->335M(2048M) 2.193ms
[2024-08-29T23:15:16.189+0800] GC(34) User=0.00s Sys=0.01s Real=0.00s
[2024-08-29T23:15:16.189+0800] GC(35) Concurrent Undo Cycle
[2024-08-29T23:15:16.189+0800] GC(35) Concurrent Cleanup for Next Mark
[2024-08-29T23:15:16.195+0800] GC(35) Concurrent Cleanup for Next Mark 6.705ms
[2024-08-29T23:15:16.196+0800] GC(35) Concurrent Undo Cycle 6.825ms
[2024-08-29T23:15:16.464+0800] GC(36) Pause Young (Concurrent Start) (G1 Humongous Allocation)
[2024-08-29T23:15:16.464+0800] GC(36) Using 8 workers of 8 for evacuation
[2024-08-29T23:15:16.465+0800] GC(36)   Pre Evacuate Collection Set: 0.3ms
[2024-08-29T23:15:16.465+0800] GC(36)   Merge Heap Roots: 0.1ms
[2024-08-29T23:15:16.465+0800] GC(36)   Evacuate Collection Set: 0.3ms
[2024-08-29T23:15:16.465+0800] GC(36)   Post Evacuate Collection Set: 0.5ms
[2024-08-29T23:15:16.465+0800] GC(36)   Other: 0.2ms
[2024-08-29T23:15:16.465+0800] GC(36) Eden regions: 4->0(1227)
[2024-08-29T23:15:16.465+0800] GC(36) Survivor regions: 1->1(154)
[2024-08-29T23:15:16.465+0800] GC(36) Old regions: 1->1
[2024-08-29T23:15:16.465+0800] GC(36) Archive regions: 2->2
[2024-08-29T23:15:16.465+0800] GC(36) Humongous regions: 918->298
[2024-08-29T23:15:16.465+0800] GC(36) Metaspace: 1582K(1728K)->1582K(1728K) NonClass: 1463K(1536K)->1463K(1536K) Class: 119K(192K)->119K(192K)
[2024-08-29T23:15:16.466+0800] GC(36) Pause Young (Concurrent Start) (G1 Humongous Allocation) 923M->299M(2048M) 1.478ms
[2024-08-29T23:15:16.466+0800] GC(36) User=0.00s Sys=0.01s Real=0.00s
[2024-08-29T23:15:16.466+0800] GC(37) Concurrent Undo Cycle
[2024-08-29T23:15:16.466+0800] GC(37) Concurrent Cleanup for Next Mark
[2024-08-29T23:15:16.472+0800] GC(37) Concurrent Cleanup for Next Mark 6.291ms
[2024-08-29T23:15:16.472+0800] GC(37) Concurrent Undo Cycle 6.483ms
[2024-08-29T23:15:16.733+0800] GC(38) Pause Young (Concurrent Start) (G1 Humongous Allocation)
[2024-08-29T23:15:16.733+0800] GC(38) Using 8 workers of 8 for evacuation
[2024-08-29T23:15:16.735+0800] GC(38)   Pre Evacuate Collection Set: 0.3ms
[2024-08-29T23:15:16.735+0800] GC(38)   Merge Heap Roots: 0.1ms
[2024-08-29T23:15:16.735+0800] GC(38)   Evacuate Collection Set: 0.4ms
[2024-08-29T23:15:16.735+0800] GC(38)   Post Evacuate Collection Set: 0.8ms
[2024-08-29T23:15:16.735+0800] GC(38)   Other: 0.2ms
[2024-08-29T23:15:16.735+0800] GC(38) Eden regions: 4->0(1227)
[2024-08-29T23:15:16.735+0800] GC(38) Survivor regions: 1->1(154)
[2024-08-29T23:15:16.735+0800] GC(38) Old regions: 1->1
[2024-08-29T23:15:16.735+0800] GC(38) Archive regions: 2->2
[2024-08-29T23:15:16.735+0800] GC(38) Humongous regions: 919->312
[2024-08-29T23:15:16.735+0800] GC(38) Metaspace: 1582K(1728K)->1582K(1728K) NonClass: 1463K(1536K)->1463K(1536K) Class: 119K(192K)->119K(192K)
[2024-08-29T23:15:16.735+0800] GC(38) Pause Young (Concurrent Start) (G1 Humongous Allocation) 924M->313M(2048M) 1.900ms
[2024-08-29T23:15:16.735+0800] GC(38) User=0.00s Sys=0.01s Real=0.00s
[2024-08-29T23:15:16.735+0800] GC(39) Concurrent Undo Cycle
[2024-08-29T23:15:16.735+0800] GC(39) Concurrent Cleanup for Next Mark
[2024-08-29T23:15:16.745+0800] GC(39) Concurrent Cleanup for Next Mark 9.215ms
[2024-08-29T23:15:16.745+0800] GC(39) Concurrent Undo Cycle 9.628ms
[2024-08-29T23:15:16.979+0800] GC(40) Pause Young (Concurrent Start) (G1 Humongous Allocation)
[2024-08-29T23:15:16.980+0800] GC(40) Using 8 workers of 8 for evacuation
[2024-08-29T23:15:16.981+0800] GC(40)   Pre Evacuate Collection Set: 0.3ms
[2024-08-29T23:15:16.981+0800] GC(40)   Merge Heap Roots: 0.1ms
[2024-08-29T23:15:16.981+0800] GC(40)   Evacuate Collection Set: 0.4ms
[2024-08-29T23:15:16.981+0800] GC(40)   Post Evacuate Collection Set: 0.5ms
[2024-08-29T23:15:16.981+0800] GC(40)   Other: 0.4ms
[2024-08-29T23:15:16.981+0800] GC(40) Eden regions: 4->0(1227)
[2024-08-29T23:15:16.981+0800] GC(40) Survivor regions: 1->1(154)
[2024-08-29T23:15:16.981+0800] GC(40) Old regions: 1->1
[2024-08-29T23:15:16.981+0800] GC(40) Archive regions: 2->2
[2024-08-29T23:15:16.981+0800] GC(40) Humongous regions: 918->375
[2024-08-29T23:15:16.981+0800] GC(40) Metaspace: 1582K(1728K)->1582K(1728K) NonClass: 1463K(1536K)->1463K(1536K) Class: 119K(192K)->119K(192K)
[2024-08-29T23:15:16.981+0800] GC(40) Pause Young (Concurrent Start) (G1 Humongous Allocation) 923M->376M(2048M) 1.697ms
[2024-08-29T23:15:16.981+0800] GC(40) User=0.00s Sys=0.00s Real=0.00s
[2024-08-29T23:15:16.981+0800] GC(41) Concurrent Undo Cycle
[2024-08-29T23:15:16.981+0800] GC(41) Concurrent Cleanup for Next Mark
[2024-08-29T23:15:16.986+0800] GC(41) Concurrent Cleanup for Next Mark 4.667ms
[2024-08-29T23:15:16.986+0800] GC(41) Concurrent Undo Cycle 4.756ms
[2024-08-29T23:15:17.215+0800] GC(42) Pause Young (Concurrent Start) (G1 Humongous Allocation)
[2024-08-29T23:15:17.216+0800] GC(42) Using 8 workers of 8 for evacuation
[2024-08-29T23:15:17.218+0800] GC(42)   Pre Evacuate Collection Set: 0.4ms
[2024-08-29T23:15:17.218+0800] GC(42)   Merge Heap Roots: 0.1ms
[2024-08-29T23:15:17.218+0800] GC(42)   Evacuate Collection Set: 0.6ms
[2024-08-29T23:15:17.218+0800] GC(42)   Post Evacuate Collection Set: 0.7ms
[2024-08-29T23:15:17.218+0800] GC(42)   Other: 0.3ms
[2024-08-29T23:15:17.218+0800] GC(42) Eden regions: 4->0(1227)
[2024-08-29T23:15:17.218+0800] GC(42) Survivor regions: 1->1(154)
[2024-08-29T23:15:17.218+0800] GC(42) Old regions: 1->1
[2024-08-29T23:15:17.218+0800] GC(42) Archive regions: 2->2
[2024-08-29T23:15:17.218+0800] GC(42) Humongous regions: 918->414
[2024-08-29T23:15:17.218+0800] GC(42) Metaspace: 1582K(1728K)->1582K(1728K) NonClass: 1463K(1536K)->1463K(1536K) Class: 119K(192K)->119K(192K)
[2024-08-29T23:15:17.218+0800] GC(42) Pause Young (Concurrent Start) (G1 Humongous Allocation) 923M->415M(2048M) 2.123ms
[2024-08-29T23:15:17.218+0800] GC(42) User=0.00s Sys=0.00s Real=0.00s
[2024-08-29T23:15:17.218+0800] GC(43) Concurrent Undo Cycle
[2024-08-29T23:15:17.218+0800] GC(43) Concurrent Cleanup for Next Mark
[2024-08-29T23:15:17.227+0800] GC(43) Concurrent Cleanup for Next Mark 9.333ms
[2024-08-29T23:15:17.227+0800] GC(43) Concurrent Undo Cycle 9.443ms
[2024-08-29T23:15:17.429+0800] GC(44) Pause Young (Concurrent Start) (G1 Humongous Allocation)
[2024-08-29T23:15:17.429+0800] GC(44) Using 8 workers of 8 for evacuation
[2024-08-29T23:15:17.431+0800] GC(44)   Pre Evacuate Collection Set: 0.3ms
[2024-08-29T23:15:17.431+0800] GC(44)   Merge Heap Roots: 0.1ms
[2024-08-29T23:15:17.431+0800] GC(44)   Evacuate Collection Set: 0.6ms
[2024-08-29T23:15:17.431+0800] GC(44)   Post Evacuate Collection Set: 0.6ms
[2024-08-29T23:15:17.431+0800] GC(44)   Other: 0.2ms
[2024-08-29T23:15:17.431+0800] GC(44) Eden regions: 4->0(1227)
[2024-08-29T23:15:17.431+0800] GC(44) Survivor regions: 1->1(154)
[2024-08-29T23:15:17.431+0800] GC(44) Old regions: 1->1
[2024-08-29T23:15:17.431+0800] GC(44) Archive regions: 2->2
[2024-08-29T23:15:17.431+0800] GC(44) Humongous regions: 916->448
[2024-08-29T23:15:17.431+0800] GC(44) Metaspace: 1582K(1728K)->1582K(1728K) NonClass: 1463K(1536K)->1463K(1536K) Class: 119K(192K)->119K(192K)
[2024-08-29T23:15:17.431+0800] GC(44) Pause Young (Concurrent Start) (G1 Humongous Allocation) 921M->449M(2048M) 1.827ms
[2024-08-29T23:15:17.431+0800] GC(44) User=0.00s Sys=0.00s Real=0.00s
[2024-08-29T23:15:17.431+0800] GC(45) Concurrent Undo Cycle
[2024-08-29T23:15:17.431+0800] GC(45) Concurrent Cleanup for Next Mark
[2024-08-29T23:15:17.438+0800] GC(45) Concurrent Cleanup for Next Mark 6.727ms
[2024-08-29T23:15:17.438+0800] GC(45) Concurrent Undo Cycle 6.907ms
[2024-08-29T23:15:17.640+0800] GC(46) Pause Young (Concurrent Start) (G1 Humongous Allocation)
[2024-08-29T23:15:17.640+0800] GC(46) Using 8 workers of 8 for evacuation
[2024-08-29T23:15:17.642+0800] GC(46)   Pre Evacuate Collection Set: 0.4ms
[2024-08-29T23:15:17.642+0800] GC(46)   Merge Heap Roots: 0.1ms
[2024-08-29T23:15:17.642+0800] GC(46)   Evacuate Collection Set: 0.3ms
[2024-08-29T23:15:17.642+0800] GC(46)   Post Evacuate Collection Set: 0.6ms
[2024-08-29T23:15:17.642+0800] GC(46)   Other: 0.3ms
[2024-08-29T23:15:17.642+0800] GC(46) Eden regions: 4->0(1227)
[2024-08-29T23:15:17.642+0800] GC(46) Survivor regions: 1->1(154)
[2024-08-29T23:15:17.642+0800] GC(46) Old regions: 1->1
[2024-08-29T23:15:17.642+0800] GC(46) Archive regions: 2->2
[2024-08-29T23:15:17.642+0800] GC(46) Humongous regions: 917->427
[2024-08-29T23:15:17.642+0800] GC(46) Metaspace: 1618K(1792K)->1618K(1792K) NonClass: 1498K(1600K)->1498K(1600K) Class: 119K(192K)->119K(192K)
[2024-08-29T23:15:17.642+0800] GC(46) Pause Young (Concurrent Start) (G1 Humongous Allocation) 922M->428M(2048M) 1.780ms
[2024-08-29T23:15:17.642+0800] GC(46) User=0.00s Sys=0.00s Real=0.00s
[2024-08-29T23:15:17.642+0800] GC(47) Concurrent Undo Cycle
[2024-08-29T23:15:17.642+0800] GC(47) Concurrent Cleanup for Next Mark
[2024-08-29T23:15:17.647+0800] GC(47) Concurrent Cleanup for Next Mark 5.420ms
[2024-08-29T23:15:17.647+0800] GC(47) Concurrent Undo Cycle 5.494ms
[2024-08-29T23:15:17.858+0800] GC(48) Pause Young (Concurrent Start) (G1 Humongous Allocation)
[2024-08-29T23:15:17.858+0800] GC(48) Using 8 workers of 8 for evacuation
[2024-08-29T23:15:17.860+0800] GC(48)   Pre Evacuate Collection Set: 0.3ms
[2024-08-29T23:15:17.860+0800] GC(48)   Merge Heap Roots: 0.1ms
[2024-08-29T23:15:17.860+0800] GC(48)   Evacuate Collection Set: 0.7ms
[2024-08-29T23:15:17.860+0800] GC(48)   Post Evacuate Collection Set: 0.4ms
[2024-08-29T23:15:17.860+0800] GC(48)   Other: 0.2ms
[2024-08-29T23:15:17.860+0800] GC(48) Eden regions: 4->0(1227)
[2024-08-29T23:15:17.860+0800] GC(48) Survivor regions: 1->1(154)
[2024-08-29T23:15:17.860+0800] GC(48) Old regions: 1->1
[2024-08-29T23:15:17.860+0800] GC(48) Archive regions: 2->2
[2024-08-29T23:15:17.860+0800] GC(48) Humongous regions: 914->425
[2024-08-29T23:15:17.860+0800] GC(48) Metaspace: 1618K(1792K)->1618K(1792K) NonClass: 1498K(1600K)->1498K(1600K) Class: 119K(192K)->119K(192K)
[2024-08-29T23:15:17.860+0800] GC(48) Pause Young (Concurrent Start) (G1 Humongous Allocation) 919M->426M(2048M) 1.787ms
[2024-08-29T23:15:17.860+0800] GC(48) User=0.00s Sys=0.00s Real=0.00s
[2024-08-29T23:15:17.860+0800] GC(49) Concurrent Undo Cycle
[2024-08-29T23:15:17.860+0800] GC(49) Concurrent Cleanup for Next Mark
[2024-08-29T23:15:17.865+0800] GC(49) Concurrent Cleanup for Next Mark 5.096ms
[2024-08-29T23:15:17.865+0800] GC(49) Concurrent Undo Cycle 5.271ms
[2024-08-29T23:15:18.057+0800] GC(50) Pause Young (Concurrent Start) (G1 Humongous Allocation)
[2024-08-29T23:15:18.057+0800] GC(50) Using 8 workers of 8 for evacuation
[2024-08-29T23:15:18.058+0800] GC(50)   Pre Evacuate Collection Set: 0.3ms
[2024-08-29T23:15:18.058+0800] GC(50)   Merge Heap Roots: 0.1ms
[2024-08-29T23:15:18.058+0800] GC(50)   Evacuate Collection Set: 0.5ms
[2024-08-29T23:15:18.058+0800] GC(50)   Post Evacuate Collection Set: 0.6ms
[2024-08-29T23:15:18.058+0800] GC(50)   Other: 0.3ms
[2024-08-29T23:15:18.058+0800] GC(50) Eden regions: 4->0(1227)
[2024-08-29T23:15:18.058+0800] GC(50) Survivor regions: 1->1(154)
[2024-08-29T23:15:18.058+0800] GC(50) Old regions: 1->1
[2024-08-29T23:15:18.058+0800] GC(50) Archive regions: 2->2
[2024-08-29T23:15:18.058+0800] GC(50) Humongous regions: 920->476
[2024-08-29T23:15:18.058+0800] GC(50) Metaspace: 1618K(1792K)->1618K(1792K) NonClass: 1498K(1600K)->1498K(1600K) Class: 119K(192K)->119K(192K)
[2024-08-29T23:15:18.058+0800] GC(50) Pause Young (Concurrent Start) (G1 Humongous Allocation) 925M->477M(2048M) 1.791ms
[2024-08-29T23:15:18.058+0800] GC(50) User=0.00s Sys=0.00s Real=0.00s
[2024-08-29T23:15:18.058+0800] GC(51) Concurrent Undo Cycle
[2024-08-29T23:15:18.058+0800] GC(51) Concurrent Cleanup for Next Mark
[2024-08-29T23:15:18.064+0800] GC(51) Concurrent Cleanup for Next Mark 5.750ms
[2024-08-29T23:15:18.064+0800] GC(51) Concurrent Undo Cycle 5.902ms
[2024-08-29T23:15:18.219+0800] GC(52) Pause Young (Concurrent Start) (G1 Humongous Allocation)
[2024-08-29T23:15:18.219+0800] GC(52) Using 8 workers of 8 for evacuation
[2024-08-29T23:15:18.220+0800] GC(52)   Pre Evacuate Collection Set: 0.2ms
[2024-08-29T23:15:18.220+0800] GC(52)   Merge Heap Roots: 0.1ms
[2024-08-29T23:15:18.220+0800] GC(52)   Evacuate Collection Set: 0.4ms
[2024-08-29T23:15:18.220+0800] GC(52)   Post Evacuate Collection Set: 0.6ms
[2024-08-29T23:15:18.220+0800] GC(52)   Other: 0.2ms
[2024-08-29T23:15:18.220+0800] GC(52) Eden regions: 4->0(1227)
[2024-08-29T23:15:18.220+0800] GC(52) Survivor regions: 1->1(154)
[2024-08-29T23:15:18.220+0800] GC(52) Old regions: 1->1
[2024-08-29T23:15:18.220+0800] GC(52) Archive regions: 2->2
[2024-08-29T23:15:18.220+0800] GC(52) Humongous regions: 916->524
[2024-08-29T23:15:18.220+0800] GC(52) Metaspace: 1618K(1792K)->1618K(1792K) NonClass: 1498K(1600K)->1498K(1600K) Class: 119K(192K)->119K(192K)
[2024-08-29T23:15:18.220+0800] GC(52) Pause Young (Concurrent Start) (G1 Humongous Allocation) 921M->525M(2048M) 1.600ms
[2024-08-29T23:15:18.220+0800] GC(52) User=0.00s Sys=0.00s Real=0.00s
[2024-08-29T23:15:18.220+0800] GC(53) Concurrent Undo Cycle
[2024-08-29T23:15:18.220+0800] GC(53) Concurrent Cleanup for Next Mark
[2024-08-29T23:15:18.228+0800] GC(53) Concurrent Cleanup for Next Mark 7.178ms
[2024-08-29T23:15:18.228+0800] GC(53) Concurrent Undo Cycle 7.437ms
[2024-08-29T23:15:18.395+0800] GC(54) Pause Young (Concurrent Start) (G1 Humongous Allocation)
[2024-08-29T23:15:18.395+0800] GC(54) Using 8 workers of 8 for evacuation
[2024-08-29T23:15:18.396+0800] GC(54)   Pre Evacuate Collection Set: 0.3ms
[2024-08-29T23:15:18.396+0800] GC(54)   Merge Heap Roots: 0.1ms
[2024-08-29T23:15:18.396+0800] GC(54)   Evacuate Collection Set: 0.3ms
[2024-08-29T23:15:18.396+0800] GC(54)   Post Evacuate Collection Set: 0.5ms
[2024-08-29T23:15:18.396+0800] GC(54)   Other: 0.2ms
[2024-08-29T23:15:18.396+0800] GC(54) Eden regions: 4->0(1228)
[2024-08-29T23:15:18.396+0800] GC(54) Survivor regions: 1->0(154)
[2024-08-29T23:15:18.396+0800] GC(54) Old regions: 1->1
[2024-08-29T23:15:18.396+0800] GC(54) Archive regions: 2->2
[2024-08-29T23:15:18.396+0800] GC(54) Humongous regions: 917->450
[2024-08-29T23:15:18.396+0800] GC(54) Metaspace: 1618K(1792K)->1618K(1792K) NonClass: 1498K(1600K)->1498K(1600K) Class: 119K(192K)->119K(192K)
[2024-08-29T23:15:18.396+0800] GC(54) Pause Young (Concurrent Start) (G1 Humongous Allocation) 922M->451M(2048M) 1.496ms
[2024-08-29T23:15:18.396+0800] GC(54) User=0.00s Sys=0.00s Real=0.00s
[2024-08-29T23:15:18.396+0800] GC(55) Concurrent Undo Cycle
[2024-08-29T23:15:18.396+0800] GC(55) Concurrent Cleanup for Next Mark
[2024-08-29T23:15:18.402+0800] GC(55) Concurrent Cleanup for Next Mark 5.163ms
[2024-08-29T23:15:18.402+0800] GC(55) Concurrent Undo Cycle 5.252ms
[2024-08-29T23:15:18.572+0800] GC(56) Pause Young (Concurrent Start) (G1 Humongous Allocation)
[2024-08-29T23:15:18.572+0800] GC(56) Using 8 workers of 8 for evacuation
[2024-08-29T23:15:18.574+0800] GC(56)   Pre Evacuate Collection Set: 0.4ms
[2024-08-29T23:15:18.574+0800] GC(56)   Merge Heap Roots: 0.1ms
[2024-08-29T23:15:18.574+0800] GC(56)   Evacuate Collection Set: 0.4ms
[2024-08-29T23:15:18.574+0800] GC(56)   Post Evacuate Collection Set: 0.5ms
[2024-08-29T23:15:18.574+0800] GC(56)   Other: 0.3ms
[2024-08-29T23:15:18.574+0800] GC(56) Eden regions: 4->0(1228)
[2024-08-29T23:15:18.574+0800] GC(56) Survivor regions: 0->0(154)
[2024-08-29T23:15:18.574+0800] GC(56) Old regions: 1->1
[2024-08-29T23:15:18.574+0800] GC(56) Archive regions: 2->2
[2024-08-29T23:15:18.574+0800] GC(56) Humongous regions: 918->517
[2024-08-29T23:15:18.574+0800] GC(56) Metaspace: 1618K(1792K)->1618K(1792K) NonClass: 1498K(1600K)->1498K(1600K) Class: 119K(192K)->119K(192K)
[2024-08-29T23:15:18.574+0800] GC(56) Pause Young (Concurrent Start) (G1 Humongous Allocation) 923M->518M(2048M) 1.779ms
[2024-08-29T23:15:18.574+0800] GC(56) User=0.00s Sys=0.00s Real=0.01s
[2024-08-29T23:15:18.574+0800] GC(57) Concurrent Undo Cycle
[2024-08-29T23:15:18.574+0800] GC(57) Concurrent Cleanup for Next Mark
[2024-08-29T23:15:18.580+0800] GC(57) Concurrent Cleanup for Next Mark 6.418ms
[2024-08-29T23:15:18.580+0800] GC(57) Concurrent Undo Cycle 6.520ms
[2024-08-29T23:15:18.725+0800] GC(58) Pause Young (Concurrent Start) (G1 Humongous Allocation)
[2024-08-29T23:15:18.725+0800] GC(58) Using 8 workers of 8 for evacuation
[2024-08-29T23:15:18.726+0800] GC(58)   Pre Evacuate Collection Set: 0.4ms
[2024-08-29T23:15:18.726+0800] GC(58)   Merge Heap Roots: 0.1ms
[2024-08-29T23:15:18.726+0800] GC(58)   Evacuate Collection Set: 0.4ms
[2024-08-29T23:15:18.726+0800] GC(58)   Post Evacuate Collection Set: 0.3ms
[2024-08-29T23:15:18.726+0800] GC(58)   Other: 0.2ms
[2024-08-29T23:15:18.726+0800] GC(58) Eden regions: 4->0(1011)
[2024-08-29T23:15:18.726+0800] GC(58) Survivor regions: 0->1(154)
[2024-08-29T23:15:18.726+0800] GC(58) Old regions: 1->1
[2024-08-29T23:15:18.726+0800] GC(58) Archive regions: 2->2
[2024-08-29T23:15:18.726+0800] GC(58) Humongous regions: 916->826
[2024-08-29T23:15:18.726+0800] GC(58) Metaspace: 1618K(1792K)->1618K(1792K) NonClass: 1498K(1600K)->1498K(1600K) Class: 119K(192K)->119K(192K)
[2024-08-29T23:15:18.727+0800] GC(58) Pause Young (Concurrent Start) (G1 Humongous Allocation) 921M->827M(2048M) 1.451ms
[2024-08-29T23:15:18.727+0800] GC(58) User=0.00s Sys=0.00s Real=0.00s
[2024-08-29T23:15:18.727+0800] GC(59) Concurrent Undo Cycle
[2024-08-29T23:15:18.727+0800] GC(59) Concurrent Cleanup for Next Mark
[2024-08-29T23:15:18.731+0800] GC(59) Concurrent Cleanup for Next Mark 4.478ms
[2024-08-29T23:15:18.731+0800] GC(59) Concurrent Undo Cycle 4.581ms
[2024-08-29T23:15:18.769+0800] GC(60) Pause Young (Concurrent Start) (G1 Humongous Allocation)
[2024-08-29T23:15:18.769+0800] GC(60) Using 8 workers of 8 for evacuation
[2024-08-29T23:15:18.770+0800] GC(60)   Pre Evacuate Collection Set: 0.3ms
[2024-08-29T23:15:18.770+0800] GC(60)   Merge Heap Roots: 0.1ms
[2024-08-29T23:15:18.770+0800] GC(60)   Evacuate Collection Set: 0.3ms
[2024-08-29T23:15:18.770+0800] GC(60)   Post Evacuate Collection Set: 0.3ms
[2024-08-29T23:15:18.770+0800] GC(60)   Other: 0.2ms
[2024-08-29T23:15:18.770+0800] GC(60) Eden regions: 4->0(970)
[2024-08-29T23:15:18.770+0800] GC(60) Survivor regions: 1->1(127)
[2024-08-29T23:15:18.770+0800] GC(60) Old regions: 1->1
[2024-08-29T23:15:18.770+0800] GC(60) Archive regions: 2->2
[2024-08-29T23:15:18.770+0800] GC(60) Humongous regions: 918->867
[2024-08-29T23:15:18.770+0800] GC(60) Metaspace: 1618K(1792K)->1618K(1792K) NonClass: 1498K(1600K)->1498K(1600K) Class: 119K(192K)->119K(192K)
[2024-08-29T23:15:18.770+0800] GC(60) Pause Young (Concurrent Start) (G1 Humongous Allocation) 923M->868M(2048M) 1.298ms
[2024-08-29T23:15:18.770+0800] GC(60) User=0.00s Sys=0.00s Real=0.00s
[2024-08-29T23:15:18.770+0800] GC(61) Concurrent Undo Cycle
[2024-08-29T23:15:18.770+0800] GC(61) Concurrent Cleanup for Next Mark
[2024-08-29T23:15:18.778+0800] GC(61) Concurrent Cleanup for Next Mark 7.907ms
[2024-08-29T23:15:18.778+0800] GC(61) Concurrent Undo Cycle 8.047ms
[2024-08-29T23:15:18.792+0800] GC(62) Pause Young (Concurrent Start) (G1 Humongous Allocation)
[2024-08-29T23:15:18.792+0800] GC(62) Using 8 workers of 8 for evacuation
[2024-08-29T23:15:18.793+0800] GC(62)   Pre Evacuate Collection Set: 0.2ms
[2024-08-29T23:15:18.793+0800] GC(62)   Merge Heap Roots: 0.1ms
[2024-08-29T23:15:18.793+0800] GC(62)   Evacuate Collection Set: 0.4ms
[2024-08-29T23:15:18.793+0800] GC(62)   Post Evacuate Collection Set: 0.3ms
[2024-08-29T23:15:18.793+0800] GC(62)   Other: 0.2ms
[2024-08-29T23:15:18.793+0800] GC(62) Eden regions: 4->0(941)
[2024-08-29T23:15:18.793+0800] GC(62) Survivor regions: 1->1(122)
[2024-08-29T23:15:18.793+0800] GC(62) Old regions: 1->1
[2024-08-29T23:15:18.793+0800] GC(62) Archive regions: 2->2
[2024-08-29T23:15:18.793+0800] GC(62) Humongous regions: 919->897
[2024-08-29T23:15:18.793+0800] GC(62) Metaspace: 1618K(1792K)->1618K(1792K) NonClass: 1498K(1600K)->1498K(1600K) Class: 119K(192K)->119K(192K)
[2024-08-29T23:15:18.793+0800] GC(62) Pause Young (Concurrent Start) (G1 Humongous Allocation) 924M->898M(2048M) 1.254ms
[2024-08-29T23:15:18.793+0800] GC(62) User=0.00s Sys=0.00s Real=0.01s
[2024-08-29T23:15:18.793+0800] GC(63) Concurrent Undo Cycle
[2024-08-29T23:15:18.793+0800] GC(63) Concurrent Cleanup for Next Mark
[2024-08-29T23:15:18.799+0800] GC(63) Concurrent Cleanup for Next Mark 5.737ms
[2024-08-29T23:15:18.799+0800] GC(63) Concurrent Undo Cycle 5.823ms
[2024-08-29T23:15:18.801+0800] GC(64) Pause Young (Concurrent Start) (G1 Humongous Allocation)
[2024-08-29T23:15:18.801+0800] GC(64) Using 8 workers of 8 for evacuation
[2024-08-29T23:15:18.802+0800] GC(64)   Pre Evacuate Collection Set: 0.3ms
[2024-08-29T23:15:18.802+0800] GC(64)   Merge Heap Roots: 0.1ms
[2024-08-29T23:15:18.802+0800] GC(64)   Evacuate Collection Set: 0.4ms
[2024-08-29T23:15:18.802+0800] GC(64)   Post Evacuate Collection Set: 0.3ms
[2024-08-29T23:15:18.802+0800] GC(64)   Other: 0.2ms
[2024-08-29T23:15:18.802+0800] GC(64) Eden regions: 3->0(942)
[2024-08-29T23:15:18.802+0800] GC(64) Survivor regions: 1->1(118)
[2024-08-29T23:15:18.802+0800] GC(64) Old regions: 1->1
[2024-08-29T23:15:18.802+0800] GC(64) Archive regions: 2->2
[2024-08-29T23:15:18.802+0800] GC(64) Humongous regions: 916->896
[2024-08-29T23:15:18.802+0800] GC(64) Metaspace: 1618K(1792K)->1618K(1792K) NonClass: 1498K(1600K)->1498K(1600K) Class: 119K(192K)->119K(192K)
[2024-08-29T23:15:18.802+0800] GC(64) Pause Young (Concurrent Start) (G1 Humongous Allocation) 920M->897M(2048M) 1.317ms
[2024-08-29T23:15:18.802+0800] GC(64) User=0.00s Sys=0.00s Real=0.00s
[2024-08-29T23:15:18.802+0800] GC(65) Concurrent Undo Cycle
[2024-08-29T23:15:18.802+0800] GC(65) Concurrent Cleanup for Next Mark
[2024-08-29T23:15:18.809+0800] GC(65) Concurrent Cleanup for Next Mark 7.184ms
[2024-08-29T23:15:18.810+0800] GC(65) Concurrent Undo Cycle 7.284ms
[2024-08-29T23:15:18.811+0800] GC(66) Pause Young (Concurrent Start) (G1 Humongous Allocation)
[2024-08-29T23:15:18.811+0800] GC(66) Using 8 workers of 8 for evacuation
[2024-08-29T23:15:18.813+0800] GC(66)   Pre Evacuate Collection Set: 0.3ms
[2024-08-29T23:15:18.813+0800] GC(66)   Merge Heap Roots: 0.1ms
[2024-08-29T23:15:18.813+0800] GC(66)   Evacuate Collection Set: 0.4ms
[2024-08-29T23:15:18.813+0800] GC(66)   Post Evacuate Collection Set: 0.3ms
[2024-08-29T23:15:18.813+0800] GC(66)   Other: 0.4ms
[2024-08-29T23:15:18.813+0800] GC(66) Eden regions: 3->0(937)
[2024-08-29T23:15:18.813+0800] GC(66) Survivor regions: 1->1(118)
[2024-08-29T23:15:18.813+0800] GC(66) Old regions: 1->1
[2024-08-29T23:15:18.813+0800] GC(66) Archive regions: 2->2
[2024-08-29T23:15:18.813+0800] GC(66) Humongous regions: 915->901
[2024-08-29T23:15:18.813+0800] GC(66) Metaspace: 1618K(1792K)->1618K(1792K) NonClass: 1498K(1600K)->1498K(1600K) Class: 119K(192K)->119K(192K)
[2024-08-29T23:15:18.813+0800] GC(66) Pause Young (Concurrent Start) (G1 Humongous Allocation) 919M->902M(2048M) 1.589ms
[2024-08-29T23:15:18.813+0800] GC(66) User=0.00s Sys=0.00s Real=0.01s
[2024-08-29T23:15:18.813+0800] GC(67) Concurrent Undo Cycle
[2024-08-29T23:15:18.813+0800] GC(67) Concurrent Cleanup for Next Mark
[2024-08-29T23:15:18.820+0800] GC(67) Concurrent Cleanup for Next Mark 7.412ms
[2024-08-29T23:15:18.820+0800] GC(67) Concurrent Undo Cycle 7.514ms
[2024-08-29T23:15:18.828+0800] GC(68) Pause Young (Concurrent Start) (G1 Humongous Allocation)
[2024-08-29T23:15:18.828+0800] GC(68) Using 8 workers of 8 for evacuation
[2024-08-29T23:15:18.829+0800] GC(68)   Pre Evacuate Collection Set: 0.3ms
[2024-08-29T23:15:18.829+0800] GC(68)   Merge Heap Roots: 0.1ms
[2024-08-29T23:15:18.829+0800] GC(68)   Evacuate Collection Set: 0.3ms
[2024-08-29T23:15:18.829+0800] GC(68)   Post Evacuate Collection Set: 0.3ms
[2024-08-29T23:15:18.829+0800] GC(68)   Other: 0.2ms
[2024-08-29T23:15:18.829+0800] GC(68) Eden regions: 4->0(911)
[2024-08-29T23:15:18.829+0800] GC(68) Survivor regions: 1->1(118)
[2024-08-29T23:15:18.829+0800] GC(68) Old regions: 1->1
[2024-08-29T23:15:18.829+0800] GC(68) Archive regions: 2->2
[2024-08-29T23:15:18.829+0800] GC(68) Humongous regions: 937->927
[2024-08-29T23:15:18.829+0800] GC(68) Metaspace: 1618K(1792K)->1618K(1792K) NonClass: 1498K(1600K)->1498K(1600K) Class: 119K(192K)->119K(192K)
[2024-08-29T23:15:18.829+0800] GC(68) Pause Young (Concurrent Start) (G1 Humongous Allocation) 941M->928M(2048M) 1.236ms
[2024-08-29T23:15:18.829+0800] GC(68) User=0.00s Sys=0.00s Real=0.00s
[2024-08-29T23:15:18.829+0800] GC(69) Concurrent Mark Cycle
[2024-08-29T23:15:18.829+0800] GC(69) Concurrent Clear Claimed Marks
[2024-08-29T23:15:18.829+0800] GC(69) Concurrent Clear Claimed Marks 0.006ms
[2024-08-29T23:15:18.829+0800] GC(69) Concurrent Scan Root Regions
[2024-08-29T23:15:18.829+0800] GC(69) Concurrent Scan Root Regions 0.100ms
[2024-08-29T23:15:18.829+0800] GC(69) Concurrent Mark
[2024-08-29T23:15:18.829+0800] GC(69) Concurrent Mark From Roots
[2024-08-29T23:15:18.829+0800] GC(69) Using 2 workers of 2 for marking
[2024-08-29T23:15:18.832+0800] GC(69) Concurrent Mark From Roots 2.401ms
[2024-08-29T23:15:18.832+0800] GC(69) Concurrent Preclean
[2024-08-29T23:15:18.832+0800] GC(69) Concurrent Preclean 0.071ms
[2024-08-29T23:15:18.834+0800] GC(69) Pause Remark
[2024-08-29T23:15:18.835+0800] GC(69) Pause Remark 942M->591M(2048M) 1.355ms
[2024-08-29T23:15:18.835+0800] GC(69) User=0.00s Sys=0.00s Real=0.00s
[2024-08-29T23:15:18.835+0800] GC(69) Concurrent Mark 6.070ms
[2024-08-29T23:15:18.835+0800] GC(69) Concurrent Rebuild Remembered Sets
[2024-08-29T23:15:18.835+0800] GC(69) Concurrent Rebuild Remembered Sets 0.005ms
[2024-08-29T23:15:18.836+0800] GC(69) Pause Cleanup
[2024-08-29T23:15:18.836+0800] GC(69) Pause Cleanup 596M->596M(2048M) 0.017ms
[2024-08-29T23:15:18.836+0800] GC(69) User=0.00s Sys=0.00s Real=0.00s
[2024-08-29T23:15:18.836+0800] GC(69) Concurrent Cleanup for Next Mark
[2024-08-29T23:15:18.861+0800] GC(69) Concurrent Cleanup for Next Mark 25.488ms
[2024-08-29T23:15:18.861+0800] GC(69) Concurrent Mark Cycle 32.380ms
[2024-08-29T23:15:18.991+0800] GC(70) Pause Young (Concurrent Start) (G1 Humongous Allocation)
[2024-08-29T23:15:18.991+0800] GC(70) Using 8 workers of 8 for evacuation
[2024-08-29T23:15:18.993+0800] GC(70)   Pre Evacuate Collection Set: 0.3ms
[2024-08-29T23:15:18.993+0800] GC(70)   Merge Heap Roots: 0.1ms
[2024-08-29T23:15:18.993+0800] GC(70)   Evacuate Collection Set: 0.5ms
[2024-08-29T23:15:18.993+0800] GC(70)   Post Evacuate Collection Set: 0.6ms
[2024-08-29T23:15:18.993+0800] GC(70)   Other: 0.4ms
[2024-08-29T23:15:18.993+0800] GC(70) Eden regions: 4->0(1227)
[2024-08-29T23:15:18.993+0800] GC(70) Survivor regions: 1->1(114)
[2024-08-29T23:15:18.993+0800] GC(70) Old regions: 1->1
[2024-08-29T23:15:18.993+0800] GC(70) Archive regions: 2->2
[2024-08-29T23:15:18.993+0800] GC(70) Humongous regions: 918->484
[2024-08-29T23:15:18.993+0800] GC(70) Metaspace: 1618K(1792K)->1618K(1792K) NonClass: 1498K(1600K)->1498K(1600K) Class: 119K(192K)->119K(192K)
[2024-08-29T23:15:18.993+0800] GC(70) Pause Young (Concurrent Start) (G1 Humongous Allocation) 923M->485M(2048M) 2.009ms
[2024-08-29T23:15:18.993+0800] GC(70) User=0.00s Sys=0.01s Real=0.01s
[2024-08-29T23:15:18.993+0800] GC(71) Concurrent Undo Cycle
[2024-08-29T23:15:18.993+0800] GC(71) Concurrent Cleanup for Next Mark
[2024-08-29T23:15:18.998+0800] GC(71) Concurrent Cleanup for Next Mark 4.327ms
[2024-08-29T23:15:18.998+0800] GC(71) Concurrent Undo Cycle 4.480ms
[2024-08-29T23:15:19.177+0800] GC(72) Pause Young (Concurrent Start) (G1 Humongous Allocation)
[2024-08-29T23:15:19.177+0800] GC(72) Using 8 workers of 8 for evacuation
[2024-08-29T23:15:19.179+0800] GC(72)   Pre Evacuate Collection Set: 0.3ms
[2024-08-29T23:15:19.179+0800] GC(72)   Merge Heap Roots: 0.2ms
[2024-08-29T23:15:19.179+0800] GC(72)   Evacuate Collection Set: 0.4ms
[2024-08-29T23:15:19.179+0800] GC(72)   Post Evacuate Collection Set: 0.5ms
[2024-08-29T23:15:19.179+0800] GC(72)   Other: 0.2ms
[2024-08-29T23:15:19.179+0800] GC(72) Eden regions: 4->0(1227)
[2024-08-29T23:15:19.179+0800] GC(72) Survivor regions: 1->1(154)
[2024-08-29T23:15:19.179+0800] GC(72) Old regions: 1->1
[2024-08-29T23:15:19.179+0800] GC(72) Archive regions: 2->2
[2024-08-29T23:15:19.179+0800] GC(72) Humongous regions: 918->534
[2024-08-29T23:15:19.179+0800] GC(72) Metaspace: 1618K(1792K)->1618K(1792K) NonClass: 1498K(1600K)->1498K(1600K) Class: 119K(192K)->119K(192K)
[2024-08-29T23:15:19.179+0800] GC(72) Pause Young (Concurrent Start) (G1 Humongous Allocation) 923M->535M(2048M) 1.742ms
[2024-08-29T23:15:19.179+0800] GC(72) User=0.00s Sys=0.00s Real=0.00s
[2024-08-29T23:15:19.179+0800] GC(73) Concurrent Undo Cycle
[2024-08-29T23:15:19.179+0800] GC(73) Concurrent Cleanup for Next Mark
[2024-08-29T23:15:19.182+0800] GC(73) Concurrent Cleanup for Next Mark 3.491ms
[2024-08-29T23:15:19.183+0800] GC(73) Concurrent Undo Cycle 3.605ms
[2024-08-29T23:15:19.342+0800] GC(74) Pause Young (Concurrent Start) (G1 Humongous Allocation)
[2024-08-29T23:15:19.342+0800] GC(74) Using 8 workers of 8 for evacuation
[2024-08-29T23:15:19.344+0800] GC(74)   Pre Evacuate Collection Set: 0.3ms
[2024-08-29T23:15:19.344+0800] GC(74)   Merge Heap Roots: 0.1ms
[2024-08-29T23:15:19.344+0800] GC(74)   Evacuate Collection Set: 0.4ms
[2024-08-29T23:15:19.344+0800] GC(74)   Post Evacuate Collection Set: 0.5ms
[2024-08-29T23:15:19.344+0800] GC(74)   Other: 0.4ms
[2024-08-29T23:15:19.344+0800] GC(74) Eden regions: 4->0(1227)
[2024-08-29T23:15:19.344+0800] GC(74) Survivor regions: 1->1(154)
[2024-08-29T23:15:19.344+0800] GC(74) Old regions: 1->1
[2024-08-29T23:15:19.344+0800] GC(74) Archive regions: 2->2
[2024-08-29T23:15:19.344+0800] GC(74) Humongous regions: 917->522
[2024-08-29T23:15:19.344+0800] GC(74) Metaspace: 1618K(1792K)->1618K(1792K) NonClass: 1498K(1600K)->1498K(1600K) Class: 119K(192K)->119K(192K)
[2024-08-29T23:15:19.344+0800] GC(74) Pause Young (Concurrent Start) (G1 Humongous Allocation) 922M->523M(2048M) 1.737ms
[2024-08-29T23:15:19.344+0800] GC(74) User=0.00s Sys=0.00s Real=0.01s
[2024-08-29T23:15:19.344+0800] GC(75) Concurrent Undo Cycle
[2024-08-29T23:15:19.344+0800] GC(75) Concurrent Cleanup for Next Mark
[2024-08-29T23:15:19.350+0800] GC(75) Concurrent Cleanup for Next Mark 5.923ms
[2024-08-29T23:15:19.350+0800] GC(75) Concurrent Undo Cycle 6.043ms
[2024-08-29T23:15:19.512+0800] GC(76) Pause Young (Concurrent Start) (G1 Humongous Allocation)
[2024-08-29T23:15:19.512+0800] GC(76) Using 8 workers of 8 for evacuation
[2024-08-29T23:15:19.513+0800] GC(76)   Pre Evacuate Collection Set: 0.2ms
[2024-08-29T23:15:19.513+0800] GC(76)   Merge Heap Roots: 0.1ms
[2024-08-29T23:15:19.513+0800] GC(76)   Evacuate Collection Set: 0.4ms
[2024-08-29T23:15:19.513+0800] GC(76)   Post Evacuate Collection Set: 0.5ms
[2024-08-29T23:15:19.513+0800] GC(76)   Other: 0.2ms
[2024-08-29T23:15:19.513+0800] GC(76) Eden regions: 4->0(1227)
[2024-08-29T23:15:19.513+0800] GC(76) Survivor regions: 1->1(154)
[2024-08-29T23:15:19.513+0800] GC(76) Old regions: 1->1
[2024-08-29T23:15:19.514+0800] GC(76) Archive regions: 2->2
[2024-08-29T23:15:19.514+0800] GC(76) Humongous regions: 919->583
[2024-08-29T23:15:19.514+0800] GC(76) Metaspace: 1620K(1792K)->1620K(1792K) NonClass: 1501K(1600K)->1501K(1600K) Class: 119K(192K)->119K(192K)
[2024-08-29T23:15:19.514+0800] GC(76) Pause Young (Concurrent Start) (G1 Humongous Allocation) 924M->584M(2048M) 1.428ms
[2024-08-29T23:15:19.514+0800] GC(76) User=0.00s Sys=0.00s Real=0.01s
[2024-08-29T23:15:19.514+0800] GC(77) Concurrent Undo Cycle
[2024-08-29T23:15:19.514+0800] GC(77) Concurrent Cleanup for Next Mark
[2024-08-29T23:15:19.518+0800] GC(77) Concurrent Cleanup for Next Mark 4.097ms
[2024-08-29T23:15:19.518+0800] GC(77) Concurrent Undo Cycle 4.220ms
[2024-08-29T23:15:19.674+0800] GC(78) Pause Young (Concurrent Start) (G1 Humongous Allocation)
[2024-08-29T23:15:19.674+0800] GC(78) Using 8 workers of 8 for evacuation
[2024-08-29T23:15:19.676+0800] GC(78)   Pre Evacuate Collection Set: 0.3ms
[2024-08-29T23:15:19.676+0800] GC(78)   Merge Heap Roots: 0.1ms
[2024-08-29T23:15:19.676+0800] GC(78)   Evacuate Collection Set: 0.4ms
[2024-08-29T23:15:19.676+0800] GC(78)   Post Evacuate Collection Set: 0.5ms
[2024-08-29T23:15:19.676+0800] GC(78)   Other: 0.4ms
[2024-08-29T23:15:19.676+0800] GC(78) Eden regions: 4->0(1227)
[2024-08-29T23:15:19.676+0800] GC(78) Survivor regions: 1->1(154)
[2024-08-29T23:15:19.676+0800] GC(78) Old regions: 1->1
[2024-08-29T23:15:19.676+0800] GC(78) Archive regions: 2->2
[2024-08-29T23:15:19.676+0800] GC(78) Humongous regions: 918->503
[2024-08-29T23:15:19.676+0800] GC(78) Metaspace: 1620K(1792K)->1620K(1792K) NonClass: 1501K(1600K)->1501K(1600K) Class: 119K(192K)->119K(192K)
[2024-08-29T23:15:19.676+0800] GC(78) Pause Young (Concurrent Start) (G1 Humongous Allocation) 923M->504M(2048M) 1.873ms
[2024-08-29T23:15:19.676+0800] GC(78) User=0.00s Sys=0.01s Real=0.00s
[2024-08-29T23:15:19.676+0800] GC(79) Concurrent Undo Cycle
[2024-08-29T23:15:19.676+0800] GC(79) Concurrent Cleanup for Next Mark
[2024-08-29T23:15:19.682+0800] GC(79) Concurrent Cleanup for Next Mark 5.831ms
[2024-08-29T23:15:19.682+0800] GC(79) Concurrent Undo Cycle 5.995ms
[2024-08-29T23:15:19.853+0800] GC(80) Pause Young (Concurrent Start) (G1 Humongous Allocation)
[2024-08-29T23:15:19.854+0800] GC(80) Using 8 workers of 8 for evacuation
[2024-08-29T23:15:19.855+0800] GC(80)   Pre Evacuate Collection Set: 0.2ms
[2024-08-29T23:15:19.855+0800] GC(80)   Merge Heap Roots: 0.1ms
[2024-08-29T23:15:19.855+0800] GC(80)   Evacuate Collection Set: 0.3ms
[2024-08-29T23:15:19.855+0800] GC(80)   Post Evacuate Collection Set: 0.6ms
[2024-08-29T23:15:19.855+0800] GC(80)   Other: 0.2ms
[2024-08-29T23:15:19.855+0800] GC(80) Eden regions: 4->0(1227)
[2024-08-29T23:15:19.855+0800] GC(80) Survivor regions: 1->1(154)
[2024-08-29T23:15:19.855+0800] GC(80) Old regions: 1->1
[2024-08-29T23:15:19.855+0800] GC(80) Archive regions: 2->2
[2024-08-29T23:15:19.855+0800] GC(80) Humongous regions: 918->509
[2024-08-29T23:15:19.855+0800] GC(80) Metaspace: 1620K(1792K)->1620K(1792K) NonClass: 1501K(1600K)->1501K(1600K) Class: 119K(192K)->119K(192K)
[2024-08-29T23:15:19.855+0800] GC(80) Pause Young (Concurrent Start) (G1 Humongous Allocation) 923M->510M(2048M) 1.510ms
[2024-08-29T23:15:19.855+0800] GC(80) User=0.01s Sys=0.01s Real=0.00s
[2024-08-29T23:15:19.855+0800] GC(81) Concurrent Undo Cycle
[2024-08-29T23:15:19.855+0800] GC(81) Concurrent Cleanup for Next Mark
[2024-08-29T23:15:19.861+0800] GC(81) Concurrent Cleanup for Next Mark 5.510ms
[2024-08-29T23:15:19.861+0800] GC(81) Concurrent Undo Cycle 5.679ms
[2024-08-29T23:15:20.018+0800] GC(82) Pause Young (Concurrent Start) (G1 Humongous Allocation)
[2024-08-29T23:15:20.018+0800] GC(82) Using 8 workers of 8 for evacuation
[2024-08-29T23:15:20.020+0800] GC(82)   Pre Evacuate Collection Set: 0.5ms
[2024-08-29T23:15:20.020+0800] GC(82)   Merge Heap Roots: 0.1ms
[2024-08-29T23:15:20.020+0800] GC(82)   Evacuate Collection Set: 0.4ms
[2024-08-29T23:15:20.020+0800] GC(82)   Post Evacuate Collection Set: 0.5ms
[2024-08-29T23:15:20.020+0800] GC(82)   Other: 0.2ms
[2024-08-29T23:15:20.020+0800] GC(82) Eden regions: 4->0(1227)
[2024-08-29T23:15:20.020+0800] GC(82) Survivor regions: 1->1(154)
[2024-08-29T23:15:20.020+0800] GC(82) Old regions: 1->1
[2024-08-29T23:15:20.020+0800] GC(82) Archive regions: 2->2
[2024-08-29T23:15:20.020+0800] GC(82) Humongous regions: 917->527
[2024-08-29T23:15:20.020+0800] GC(82) Metaspace: 1620K(1792K)->1620K(1792K) NonClass: 1501K(1600K)->1501K(1600K) Class: 119K(192K)->119K(192K)
[2024-08-29T23:15:20.020+0800] GC(82) Pause Young (Concurrent Start) (G1 Humongous Allocation) 922M->528M(2048M) 1.806ms
[2024-08-29T23:15:20.020+0800] GC(82) User=0.00s Sys=0.00s Real=0.00s
[2024-08-29T23:15:20.020+0800] GC(83) Concurrent Undo Cycle
[2024-08-29T23:15:20.020+0800] GC(83) Concurrent Cleanup for Next Mark
[2024-08-29T23:15:20.026+0800] GC(83) Concurrent Cleanup for Next Mark 5.822ms
[2024-08-29T23:15:20.026+0800] GC(83) Concurrent Undo Cycle 5.899ms
[2024-08-29T23:15:20.178+0800] GC(84) Pause Young (Concurrent Start) (G1 Humongous Allocation)
[2024-08-29T23:15:20.178+0800] GC(84) Using 8 workers of 8 for evacuation
[2024-08-29T23:15:20.180+0800] GC(84)   Pre Evacuate Collection Set: 0.2ms
[2024-08-29T23:15:20.180+0800] GC(84)   Merge Heap Roots: 0.1ms
[2024-08-29T23:15:20.180+0800] GC(84)   Evacuate Collection Set: 0.4ms
[2024-08-29T23:15:20.180+0800] GC(84)   Post Evacuate Collection Set: 0.5ms
[2024-08-29T23:15:20.180+0800] GC(84)   Other: 0.2ms
[2024-08-29T23:15:20.180+0800] GC(84) Eden regions: 4->0(1227)
[2024-08-29T23:15:20.180+0800] GC(84) Survivor regions: 1->1(154)
[2024-08-29T23:15:20.180+0800] GC(84) Old regions: 1->1
[2024-08-29T23:15:20.180+0800] GC(84) Archive regions: 2->2
[2024-08-29T23:15:20.180+0800] GC(84) Humongous regions: 916->504
[2024-08-29T23:15:20.180+0800] GC(84) Metaspace: 1620K(1792K)->1620K(1792K) NonClass: 1501K(1600K)->1501K(1600K) Class: 119K(192K)->119K(192K)
[2024-08-29T23:15:20.180+0800] GC(84) Pause Young (Concurrent Start) (G1 Humongous Allocation) 921M->505M(2048M) 1.460ms
[2024-08-29T23:15:20.180+0800] GC(84) User=0.00s Sys=0.00s Real=0.00s
[2024-08-29T23:15:20.180+0800] GC(85) Concurrent Undo Cycle
[2024-08-29T23:15:20.180+0800] GC(85) Concurrent Cleanup for Next Mark
[2024-08-29T23:15:20.186+0800] GC(85) Concurrent Cleanup for Next Mark 5.943ms
[2024-08-29T23:15:20.186+0800] GC(85) Concurrent Undo Cycle 6.078ms
[2024-08-29T23:15:20.342+0800] GC(86) Pause Young (Concurrent Start) (G1 Humongous Allocation)
[2024-08-29T23:15:20.342+0800] GC(86) Using 8 workers of 8 for evacuation
[2024-08-29T23:15:20.343+0800] GC(86)   Pre Evacuate Collection Set: 0.3ms
[2024-08-29T23:15:20.343+0800] GC(86)   Merge Heap Roots: 0.1ms
[2024-08-29T23:15:20.343+0800] GC(86)   Evacuate Collection Set: 0.3ms
[2024-08-29T23:15:20.343+0800] GC(86)   Post Evacuate Collection Set: 0.5ms
[2024-08-29T23:15:20.343+0800] GC(86)   Other: 0.2ms
[2024-08-29T23:15:20.343+0800] GC(86) Eden regions: 4->0(1227)
[2024-08-29T23:15:20.343+0800] GC(86) Survivor regions: 1->1(154)
[2024-08-29T23:15:20.343+0800] GC(86) Old regions: 1->1
[2024-08-29T23:15:20.343+0800] GC(86) Archive regions: 2->2
[2024-08-29T23:15:20.343+0800] GC(86) Humongous regions: 918->569
[2024-08-29T23:15:20.343+0800] GC(86) Metaspace: 1620K(1792K)->1620K(1792K) NonClass: 1501K(1600K)->1501K(1600K) Class: 119K(192K)->119K(192K)
[2024-08-29T23:15:20.343+0800] GC(86) Pause Young (Concurrent Start) (G1 Humongous Allocation) 923M->570M(2048M) 1.508ms
[2024-08-29T23:15:20.343+0800] GC(86) User=0.00s Sys=0.01s Real=0.01s
[2024-08-29T23:15:20.343+0800] GC(87) Concurrent Undo Cycle
[2024-08-29T23:15:20.343+0800] GC(87) Concurrent Cleanup for Next Mark
[2024-08-29T23:15:20.348+0800] GC(87) Concurrent Cleanup for Next Mark 4.709ms
[2024-08-29T23:15:20.348+0800] GC(87) Concurrent Undo Cycle 4.802ms
[2024-08-29T23:15:20.507+0800] GC(88) Pause Young (Concurrent Start) (G1 Humongous Allocation)
[2024-08-29T23:15:20.507+0800] GC(88) Using 8 workers of 8 for evacuation
[2024-08-29T23:15:20.508+0800] GC(88)   Pre Evacuate Collection Set: 0.2ms
[2024-08-29T23:15:20.509+0800] GC(88)   Merge Heap Roots: 0.1ms
[2024-08-29T23:15:20.509+0800] GC(88)   Evacuate Collection Set: 0.4ms
[2024-08-29T23:15:20.509+0800] GC(88)   Post Evacuate Collection Set: 0.5ms
[2024-08-29T23:15:20.509+0800] GC(88)   Other: 0.2ms
[2024-08-29T23:15:20.509+0800] GC(88) Eden regions: 4->0(1228)
[2024-08-29T23:15:20.509+0800] GC(88) Survivor regions: 1->0(154)
[2024-08-29T23:15:20.509+0800] GC(88) Old regions: 1->1
[2024-08-29T23:15:20.509+0800] GC(88) Archive regions: 2->2
[2024-08-29T23:15:20.509+0800] GC(88) Humongous regions: 915->472
[2024-08-29T23:15:20.509+0800] GC(88) Metaspace: 1620K(1792K)->1620K(1792K) NonClass: 1501K(1600K)->1501K(1600K) Class: 119K(192K)->119K(192K)
[2024-08-29T23:15:20.509+0800] GC(88) Pause Young (Concurrent Start) (G1 Humongous Allocation) 920M->473M(2048M) 1.524ms
[2024-08-29T23:15:20.509+0800] GC(88) User=0.00s Sys=0.01s Real=0.00s
[2024-08-29T23:15:20.509+0800] GC(89) Concurrent Undo Cycle
[2024-08-29T23:15:20.509+0800] GC(89) Concurrent Cleanup for Next Mark
[2024-08-29T23:15:20.513+0800] GC(89) Concurrent Cleanup for Next Mark 4.782ms
[2024-08-29T23:15:20.513+0800] GC(89) Concurrent Undo Cycle 4.862ms
[2024-08-29T23:15:20.670+0800] GC(90) Pause Young (Concurrent Start) (G1 Humongous Allocation)
[2024-08-29T23:15:20.670+0800] GC(90) Using 8 workers of 8 for evacuation
[2024-08-29T23:15:20.672+0800] GC(90)   Pre Evacuate Collection Set: 0.4ms
[2024-08-29T23:15:20.672+0800] GC(90)   Merge Heap Roots: 0.1ms
[2024-08-29T23:15:20.672+0800] GC(90)   Evacuate Collection Set: 0.4ms
[2024-08-29T23:15:20.672+0800] GC(90)   Post Evacuate Collection Set: 0.5ms
[2024-08-29T23:15:20.672+0800] GC(90)   Other: 0.2ms
[2024-08-29T23:15:20.672+0800] GC(90) Eden regions: 4->0(1228)
[2024-08-29T23:15:20.672+0800] GC(90) Survivor regions: 0->0(154)
[2024-08-29T23:15:20.672+0800] GC(90) Old regions: 1->1
[2024-08-29T23:15:20.672+0800] GC(90) Archive regions: 2->2
[2024-08-29T23:15:20.672+0800] GC(90) Humongous regions: 919->544
[2024-08-29T23:15:20.672+0800] GC(90) Metaspace: 1620K(1792K)->1620K(1792K) NonClass: 1501K(1600K)->1501K(1600K) Class: 119K(192K)->119K(192K)
[2024-08-29T23:15:20.672+0800] GC(90) Pause Young (Concurrent Start) (G1 Humongous Allocation) 924M->545M(2048M) 1.639ms
[2024-08-29T23:15:20.672+0800] GC(90) User=0.00s Sys=0.00s Real=0.00s
[2024-08-29T23:15:20.672+0800] GC(91) Concurrent Undo Cycle
[2024-08-29T23:15:20.672+0800] GC(91) Concurrent Cleanup for Next Mark
[2024-08-29T23:15:20.680+0800] GC(91) Concurrent Cleanup for Next Mark 7.841ms
[2024-08-29T23:15:20.680+0800] GC(91) Concurrent Undo Cycle 7.978ms
[2024-08-29T23:15:20.805+0800] GC(92) Pause Young (Concurrent Start) (G1 Humongous Allocation)
[2024-08-29T23:15:20.805+0800] GC(92) Using 8 workers of 8 for evacuation
[2024-08-29T23:15:20.807+0800] GC(92)   Pre Evacuate Collection Set: 0.4ms
[2024-08-29T23:15:20.807+0800] GC(92)   Merge Heap Roots: 0.2ms
[2024-08-29T23:15:20.807+0800] GC(92)   Evacuate Collection Set: 0.5ms
[2024-08-29T23:15:20.807+0800] GC(92)   Post Evacuate Collection Set: 0.7ms
[2024-08-29T23:15:20.807+0800] GC(92)   Other: 0.4ms
[2024-08-29T23:15:20.807+0800] GC(92) Eden regions: 4->0(1228)
[2024-08-29T23:15:20.807+0800] GC(92) Survivor regions: 0->0(154)
[2024-08-29T23:15:20.807+0800] GC(92) Old regions: 1->1
[2024-08-29T23:15:20.807+0800] GC(92) Archive regions: 2->2
[2024-08-29T23:15:20.807+0800] GC(92) Humongous regions: 918->610
[2024-08-29T23:15:20.807+0800] GC(92) Metaspace: 1620K(1792K)->1620K(1792K) NonClass: 1501K(1600K)->1501K(1600K) Class: 119K(192K)->119K(192K)
[2024-08-29T23:15:20.807+0800] GC(92) Pause Young (Concurrent Start) (G1 Humongous Allocation) 923M->611M(2048M) 2.290ms
[2024-08-29T23:15:20.808+0800] GC(92) User=0.00s Sys=0.00s Real=0.00s
[2024-08-29T23:15:20.808+0800] GC(93) Concurrent Undo Cycle
[2024-08-29T23:15:20.808+0800] GC(93) Concurrent Cleanup for Next Mark
[2024-08-29T23:15:20.814+0800] GC(93) Concurrent Cleanup for Next Mark 6.696ms
[2024-08-29T23:15:20.814+0800] GC(93) Concurrent Undo Cycle 6.882ms
[2024-08-29T23:15:20.934+0800] GC(94) Pause Young (Concurrent Start) (G1 Humongous Allocation)
[2024-08-29T23:15:20.934+0800] GC(94) Using 8 workers of 8 for evacuation
[2024-08-29T23:15:20.936+0800] GC(94)   Pre Evacuate Collection Set: 0.3ms
[2024-08-29T23:15:20.936+0800] GC(94)   Merge Heap Roots: 0.1ms
[2024-08-29T23:15:20.936+0800] GC(94)   Evacuate Collection Set: 0.4ms
[2024-08-29T23:15:20.936+0800] GC(94)   Post Evacuate Collection Set: 0.5ms
[2024-08-29T23:15:20.936+0800] GC(94)   Other: 0.2ms
[2024-08-29T23:15:20.936+0800] GC(94) Eden regions: 4->0(1209)
[2024-08-29T23:15:20.936+0800] GC(94) Survivor regions: 0->0(154)
[2024-08-29T23:15:20.936+0800] GC(94) Old regions: 1->1
[2024-08-29T23:15:20.936+0800] GC(94) Archive regions: 2->2
[2024-08-29T23:15:20.936+0800] GC(94) Humongous regions: 917->630
[2024-08-29T23:15:20.936+0800] GC(94) Metaspace: 1625K(1792K)->1625K(1792K) NonClass: 1506K(1600K)->1506K(1600K) Class: 119K(192K)->119K(192K)
[2024-08-29T23:15:20.936+0800] GC(94) Pause Young (Concurrent Start) (G1 Humongous Allocation) 922M->631M(2048M) 1.695ms
[2024-08-29T23:15:20.936+0800] GC(94) User=0.00s Sys=0.00s Real=0.00s
[2024-08-29T23:15:20.936+0800] GC(95) Concurrent Undo Cycle
[2024-08-29T23:15:20.936+0800] GC(95) Concurrent Cleanup for Next Mark
[2024-08-29T23:15:20.942+0800] GC(95) Concurrent Cleanup for Next Mark 6.603ms
[2024-08-29T23:15:20.943+0800] GC(95) Concurrent Undo Cycle 6.796ms
[2024-08-29T23:15:21.036+0800] GC(96) Pause Young (Concurrent Start) (G1 Humongous Allocation)
[2024-08-29T23:15:21.036+0800] GC(96) Using 8 workers of 8 for evacuation
[2024-08-29T23:15:21.038+0800] GC(96)   Pre Evacuate Collection Set: 0.3ms
[2024-08-29T23:15:21.038+0800] GC(96)   Merge Heap Roots: 0.1ms
[2024-08-29T23:15:21.038+0800] GC(96)   Evacuate Collection Set: 0.5ms
[2024-08-29T23:15:21.038+0800] GC(96)   Post Evacuate Collection Set: 0.4ms
[2024-08-29T23:15:21.038+0800] GC(96)   Other: 0.3ms
[2024-08-29T23:15:21.038+0800] GC(96) Eden regions: 4->0(1208)
[2024-08-29T23:15:21.038+0800] GC(96) Survivor regions: 0->0(152)
[2024-08-29T23:15:21.038+0800] GC(96) Old regions: 1->1
[2024-08-29T23:15:21.038+0800] GC(96) Archive regions: 2->2
[2024-08-29T23:15:21.038+0800] GC(96) Humongous regions: 917->631
[2024-08-29T23:15:21.038+0800] GC(96) Metaspace: 1625K(1792K)->1625K(1792K) NonClass: 1506K(1600K)->1506K(1600K) Class: 119K(192K)->119K(192K)
[2024-08-29T23:15:21.038+0800] GC(96) Pause Young (Concurrent Start) (G1 Humongous Allocation) 922M->632M(2048M) 1.737ms
[2024-08-29T23:15:21.038+0800] GC(96) User=0.00s Sys=0.00s Real=0.00s
[2024-08-29T23:15:21.038+0800] GC(97) Concurrent Undo Cycle
[2024-08-29T23:15:21.038+0800] GC(97) Concurrent Cleanup for Next Mark
[2024-08-29T23:15:21.043+0800] GC(97) Concurrent Cleanup for Next Mark 5.208ms
[2024-08-29T23:15:21.043+0800] GC(97) Concurrent Undo Cycle 5.309ms
[2024-08-29T23:15:21.151+0800] GC(98) Pause Young (Concurrent Start) (G1 Humongous Allocation)
[2024-08-29T23:15:21.151+0800] GC(98) Using 8 workers of 8 for evacuation
[2024-08-29T23:15:21.152+0800] GC(98)   Pre Evacuate Collection Set: 0.3ms
[2024-08-29T23:15:21.152+0800] GC(98)   Merge Heap Roots: 0.1ms
[2024-08-29T23:15:21.152+0800] GC(98)   Evacuate Collection Set: 0.3ms
[2024-08-29T23:15:21.152+0800] GC(98)   Post Evacuate Collection Set: 0.4ms
[2024-08-29T23:15:21.152+0800] GC(98)   Other: 0.3ms
[2024-08-29T23:15:21.152+0800] GC(98) Eden regions: 4->0(1190)
[2024-08-29T23:15:21.152+0800] GC(98) Survivor regions: 0->0(151)
[2024-08-29T23:15:21.152+0800] GC(98) Old regions: 1->1
[2024-08-29T23:15:21.152+0800] GC(98) Archive regions: 2->2
[2024-08-29T23:15:21.152+0800] GC(98) Humongous regions: 917->649
[2024-08-29T23:15:21.152+0800] GC(98) Metaspace: 1625K(1792K)->1625K(1792K) NonClass: 1506K(1600K)->1506K(1600K) Class: 119K(192K)->119K(192K)
[2024-08-29T23:15:21.152+0800] GC(98) Pause Young (Concurrent Start) (G1 Humongous Allocation) 922M->650M(2048M) 1.483ms
[2024-08-29T23:15:21.152+0800] GC(98) User=0.00s Sys=0.00s Real=0.00s
[2024-08-29T23:15:21.152+0800] GC(99) Concurrent Undo Cycle
[2024-08-29T23:15:21.152+0800] GC(99) Concurrent Cleanup for Next Mark
[2024-08-29T23:15:21.158+0800] GC(99) Concurrent Cleanup for Next Mark 6.130ms
[2024-08-29T23:15:21.159+0800] GC(99) Concurrent Undo Cycle 6.454ms
[2024-08-29T23:15:21.266+0800] GC(100) Pause Young (Concurrent Start) (G1 Humongous Allocation)
[2024-08-29T23:15:21.266+0800] GC(100) Using 8 workers of 8 for evacuation
[2024-08-29T23:15:21.267+0800] GC(100)   Pre Evacuate Collection Set: 0.2ms
[2024-08-29T23:15:21.267+0800] GC(100)   Merge Heap Roots: 0.1ms
[2024-08-29T23:15:21.267+0800] GC(100)   Evacuate Collection Set: 0.7ms
[2024-08-29T23:15:21.267+0800] GC(100)   Post Evacuate Collection Set: 0.5ms
[2024-08-29T23:15:21.267+0800] GC(100)   Other: 0.2ms
[2024-08-29T23:15:21.267+0800] GC(100) Eden regions: 4->0(1227)
[2024-08-29T23:15:21.267+0800] GC(100) Survivor regions: 0->0(149)
[2024-08-29T23:15:21.267+0800] GC(100) Old regions: 1->1
[2024-08-29T23:15:21.267+0800] GC(100) Archive regions: 2->2
[2024-08-29T23:15:21.267+0800] GC(100) Humongous regions: 919->612
[2024-08-29T23:15:21.267+0800] GC(100) Metaspace: 1625K(1792K)->1625K(1792K) NonClass: 1506K(1600K)->1506K(1600K) Class: 119K(192K)->119K(192K)
[2024-08-29T23:15:21.267+0800] GC(100) Pause Young (Concurrent Start) (G1 Humongous Allocation) 924M->613M(2048M) 1.774ms
[2024-08-29T23:15:21.267+0800] GC(100) User=0.00s Sys=0.00s Real=0.00s
[2024-08-29T23:15:21.268+0800] GC(101) Concurrent Undo Cycle
[2024-08-29T23:15:21.268+0800] GC(101) Concurrent Cleanup for Next Mark
[2024-08-29T23:15:21.275+0800] GC(101) Concurrent Cleanup for Next Mark 7.109ms
[2024-08-29T23:15:21.275+0800] GC(101) Concurrent Undo Cycle 7.220ms
[2024-08-29T23:15:21.381+0800] GC(102) Pause Young (Concurrent Start) (G1 Humongous Allocation)
[2024-08-29T23:15:21.381+0800] GC(102) Using 8 workers of 8 for evacuation
[2024-08-29T23:15:21.382+0800] GC(102)   Pre Evacuate Collection Set: 0.2ms
[2024-08-29T23:15:21.382+0800] GC(102)   Merge Heap Roots: 0.1ms
[2024-08-29T23:15:21.382+0800] GC(102)   Evacuate Collection Set: 0.3ms
[2024-08-29T23:15:21.382+0800] GC(102)   Post Evacuate Collection Set: 0.5ms
[2024-08-29T23:15:21.382+0800] GC(102)   Other: 0.2ms
[2024-08-29T23:15:21.382+0800] GC(102) Eden regions: 4->0(1202)
[2024-08-29T23:15:21.382+0800] GC(102) Survivor regions: 0->0(154)
[2024-08-29T23:15:21.382+0800] GC(102) Old regions: 1->1
[2024-08-29T23:15:21.382+0800] GC(102) Archive regions: 2->2
[2024-08-29T23:15:21.382+0800] GC(102) Humongous regions: 915->637
[2024-08-29T23:15:21.383+0800] GC(102) Metaspace: 1625K(1792K)->1625K(1792K) NonClass: 1506K(1600K)->1506K(1600K) Class: 119K(192K)->119K(192K)
[2024-08-29T23:15:21.383+0800] GC(102) Pause Young (Concurrent Start) (G1 Humongous Allocation) 920M->638M(2048M) 1.397ms
[2024-08-29T23:15:21.383+0800] GC(102) User=0.00s Sys=0.00s Real=0.01s
[2024-08-29T23:15:21.383+0800] GC(103) Concurrent Undo Cycle
[2024-08-29T23:15:21.383+0800] GC(103) Concurrent Cleanup for Next Mark
[2024-08-29T23:15:21.387+0800] GC(103) Concurrent Cleanup for Next Mark 4.394ms
[2024-08-29T23:15:21.387+0800] GC(103) Concurrent Undo Cycle 4.486ms
[2024-08-29T23:15:21.483+0800] GC(104) Pause Young (Concurrent Start) (G1 Humongous Allocation)
[2024-08-29T23:15:21.484+0800] GC(104) Using 8 workers of 8 for evacuation
[2024-08-29T23:15:21.485+0800] GC(104)   Pre Evacuate Collection Set: 0.2ms
[2024-08-29T23:15:21.485+0800] GC(104)   Merge Heap Roots: 0.1ms
[2024-08-29T23:15:21.485+0800] GC(104)   Evacuate Collection Set: 0.4ms
[2024-08-29T23:15:21.485+0800] GC(104)   Post Evacuate Collection Set: 0.4ms
[2024-08-29T23:15:21.485+0800] GC(104)   Other: 0.3ms
[2024-08-29T23:15:21.485+0800] GC(104) Eden regions: 4->0(1144)
[2024-08-29T23:15:21.485+0800] GC(104) Survivor regions: 0->0(151)
[2024-08-29T23:15:21.485+0800] GC(104) Old regions: 1->1
[2024-08-29T23:15:21.485+0800] GC(104) Archive regions: 2->2
[2024-08-29T23:15:21.485+0800] GC(104) Humongous regions: 919->695
[2024-08-29T23:15:21.485+0800] GC(104) Metaspace: 1625K(1792K)->1625K(1792K) NonClass: 1506K(1600K)->1506K(1600K) Class: 119K(192K)->119K(192K)
[2024-08-29T23:15:21.485+0800] GC(104) Pause Young (Concurrent Start) (G1 Humongous Allocation) 924M->696M(2048M) 1.472ms
[2024-08-29T23:15:21.485+0800] GC(104) User=0.00s Sys=0.00s Real=0.00s
[2024-08-29T23:15:21.485+0800] GC(105) Concurrent Undo Cycle
[2024-08-29T23:15:21.485+0800] GC(105) Concurrent Cleanup for Next Mark
[2024-08-29T23:15:21.491+0800] GC(105) Concurrent Cleanup for Next Mark 5.537ms
[2024-08-29T23:15:21.491+0800] GC(105) Concurrent Undo Cycle 5.760ms
[2024-08-29T23:15:21.592+0800] GC(106) Pause Young (Concurrent Start) (G1 Humongous Allocation)
[2024-08-29T23:15:21.592+0800] GC(106) Using 8 workers of 8 for evacuation
[2024-08-29T23:15:21.594+0800] GC(106)   Pre Evacuate Collection Set: 0.3ms
[2024-08-29T23:15:21.594+0800] GC(106)   Merge Heap Roots: 0.2ms
[2024-08-29T23:15:21.594+0800] GC(106)   Evacuate Collection Set: 0.4ms
[2024-08-29T23:15:21.594+0800] GC(106)   Post Evacuate Collection Set: 0.4ms
[2024-08-29T23:15:21.594+0800] GC(106)   Other: 0.2ms
[2024-08-29T23:15:21.594+0800] GC(106) Eden regions: 4->0(1162)
[2024-08-29T23:15:21.594+0800] GC(106) Survivor regions: 0->0(143)
[2024-08-29T23:15:21.594+0800] GC(106) Old regions: 1->1
[2024-08-29T23:15:21.594+0800] GC(106) Archive regions: 2->2
[2024-08-29T23:15:21.594+0800] GC(106) Humongous regions: 919->677
[2024-08-29T23:15:21.594+0800] GC(106) Metaspace: 1625K(1792K)->1625K(1792K) NonClass: 1506K(1600K)->1506K(1600K) Class: 119K(192K)->119K(192K)
[2024-08-29T23:15:21.594+0800] GC(106) Pause Young (Concurrent Start) (G1 Humongous Allocation) 924M->678M(2048M) 1.552ms
[2024-08-29T23:15:21.594+0800] GC(106) User=0.01s Sys=0.00s Real=0.01s
[2024-08-29T23:15:21.594+0800] GC(107) Concurrent Undo Cycle
[2024-08-29T23:15:21.594+0800] GC(107) Concurrent Cleanup for Next Mark
[2024-08-29T23:15:21.601+0800] GC(107) Concurrent Cleanup for Next Mark 7.090ms
[2024-08-29T23:15:21.601+0800] GC(107) Concurrent Undo Cycle 7.196ms
[2024-08-29T23:15:21.678+0800] GC(108) Pause Young (Concurrent Start) (G1 Humongous Allocation)
[2024-08-29T23:15:21.678+0800] GC(108) Using 8 workers of 8 for evacuation
[2024-08-29T23:15:21.680+0800] GC(108)   Pre Evacuate Collection Set: 0.2ms
[2024-08-29T23:15:21.680+0800] GC(108)   Merge Heap Roots: 0.1ms
[2024-08-29T23:15:21.680+0800] GC(108)   Evacuate Collection Set: 0.3ms
[2024-08-29T23:15:21.680+0800] GC(108)   Post Evacuate Collection Set: 0.6ms
[2024-08-29T23:15:21.680+0800] GC(108)   Other: 0.3ms
[2024-08-29T23:15:21.680+0800] GC(108) Eden regions: 4->0(1086)
[2024-08-29T23:15:21.680+0800] GC(108) Survivor regions: 0->0(146)
[2024-08-29T23:15:21.680+0800] GC(108) Old regions: 1->1
[2024-08-29T23:15:21.680+0800] GC(108) Archive regions: 2->2
[2024-08-29T23:15:21.680+0800] GC(108) Humongous regions: 918->753
[2024-08-29T23:15:21.680+0800] GC(108) Metaspace: 1625K(1792K)->1625K(1792K) NonClass: 1506K(1600K)->1506K(1600K) Class: 119K(192K)->119K(192K)
[2024-08-29T23:15:21.680+0800] GC(108) Pause Young (Concurrent Start) (G1 Humongous Allocation) 923M->754M(2048M) 1.522ms
[2024-08-29T23:15:21.680+0800] GC(108) User=0.01s Sys=0.00s Real=0.00s
[2024-08-29T23:15:21.680+0800] GC(109) Concurrent Undo Cycle
[2024-08-29T23:15:21.680+0800] GC(109) Concurrent Cleanup for Next Mark
[2024-08-29T23:15:21.686+0800] GC(109) Concurrent Cleanup for Next Mark 5.884ms
[2024-08-29T23:15:21.686+0800] GC(109) Concurrent Undo Cycle 5.963ms
[2024-08-29T23:15:21.738+0800] GC(110) Pause Young (Concurrent Start) (G1 Humongous Allocation)
[2024-08-29T23:15:21.738+0800] GC(110) Using 8 workers of 8 for evacuation
[2024-08-29T23:15:21.739+0800] GC(110)   Pre Evacuate Collection Set: 0.2ms
[2024-08-29T23:15:21.740+0800] GC(110)   Merge Heap Roots: 0.1ms
[2024-08-29T23:15:21.740+0800] GC(110)   Evacuate Collection Set: 0.4ms
[2024-08-29T23:15:21.740+0800] GC(110)   Post Evacuate Collection Set: 0.4ms
[2024-08-29T23:15:21.740+0800] GC(110)   Other: 0.2ms
[2024-08-29T23:15:21.740+0800] GC(110) Eden regions: 4->0(1027)
[2024-08-29T23:15:21.740+0800] GC(110) Survivor regions: 0->1(136)
[2024-08-29T23:15:21.740+0800] GC(110) Old regions: 1->1
[2024-08-29T23:15:21.740+0800] GC(110) Archive regions: 2->2
[2024-08-29T23:15:21.740+0800] GC(110) Humongous regions: 916->811
[2024-08-29T23:15:21.740+0800] GC(110) Metaspace: 1625K(1792K)->1625K(1792K) NonClass: 1506K(1600K)->1506K(1600K) Class: 119K(192K)->119K(192K)
[2024-08-29T23:15:21.740+0800] GC(110) Pause Young (Concurrent Start) (G1 Humongous Allocation) 921M->812M(2048M) 1.411ms
[2024-08-29T23:15:21.740+0800] GC(110) User=0.00s Sys=0.01s Real=0.00s
[2024-08-29T23:15:21.740+0800] GC(111) Concurrent Undo Cycle
[2024-08-29T23:15:21.740+0800] GC(111) Concurrent Cleanup for Next Mark
[2024-08-29T23:15:21.745+0800] GC(111) Concurrent Cleanup for Next Mark 5.052ms
[2024-08-29T23:15:21.745+0800] GC(111) Concurrent Undo Cycle 5.216ms
[2024-08-29T23:15:21.770+0800] GC(112) Pause Young (Concurrent Start) (G1 Humongous Allocation)
[2024-08-29T23:15:21.770+0800] GC(112) Using 8 workers of 8 for evacuation
[2024-08-29T23:15:21.772+0800] GC(112)   Pre Evacuate Collection Set: 0.2ms
[2024-08-29T23:15:21.772+0800] GC(112)   Merge Heap Roots: 0.1ms
[2024-08-29T23:15:21.772+0800] GC(112)   Evacuate Collection Set: 0.7ms
[2024-08-29T23:15:21.772+0800] GC(112)   Post Evacuate Collection Set: 0.3ms
[2024-08-29T23:15:21.772+0800] GC(112)   Other: 0.3ms
[2024-08-29T23:15:21.772+0800] GC(112) Eden regions: 4->0(936)
[2024-08-29T23:15:21.772+0800] GC(112) Survivor regions: 1->1(129)
[2024-08-29T23:15:21.772+0800] GC(112) Old regions: 1->1
[2024-08-29T23:15:21.772+0800] GC(112) Archive regions: 2->2
[2024-08-29T23:15:21.772+0800] GC(112) Humongous regions: 917->902
[2024-08-29T23:15:21.772+0800] GC(112) Metaspace: 1625K(1792K)->1625K(1792K) NonClass: 1506K(1600K)->1506K(1600K) Class: 119K(192K)->119K(192K)
[2024-08-29T23:15:21.772+0800] GC(112) Pause Young (Concurrent Start) (G1 Humongous Allocation) 922M->903M(2048M) 1.786ms
[2024-08-29T23:15:21.772+0800] GC(112) User=0.00s Sys=0.00s Real=0.00s
[2024-08-29T23:15:21.772+0800] GC(113) Concurrent Undo Cycle
[2024-08-29T23:15:21.772+0800] GC(113) Concurrent Cleanup for Next Mark
[2024-08-29T23:15:21.778+0800] GC(113) Concurrent Cleanup for Next Mark 6.129ms
[2024-08-29T23:15:21.778+0800] GC(113) Concurrent Undo Cycle 6.197ms
[2024-08-29T23:15:21.779+0800] GC(114) Pause Young (Concurrent Start) (G1 Humongous Allocation)
[2024-08-29T23:15:21.779+0800] GC(114) Using 8 workers of 8 for evacuation
[2024-08-29T23:15:21.780+0800] GC(114)   Pre Evacuate Collection Set: 0.2ms
[2024-08-29T23:15:21.780+0800] GC(114)   Merge Heap Roots: 0.1ms
[2024-08-29T23:15:21.780+0800] GC(114)   Evacuate Collection Set: 0.5ms
[2024-08-29T23:15:21.780+0800] GC(114)   Post Evacuate Collection Set: 0.4ms
[2024-08-29T23:15:21.780+0800] GC(114)   Other: 0.1ms
[2024-08-29T23:15:21.780+0800] GC(114) Eden regions: 4->0(912)
[2024-08-29T23:15:21.780+0800] GC(114) Survivor regions: 1->1(118)
[2024-08-29T23:15:21.780+0800] GC(114) Old regions: 1->1
[2024-08-29T23:15:21.780+0800] GC(114) Archive regions: 2->2
[2024-08-29T23:15:21.780+0800] GC(114) Humongous regions: 926->926
[2024-08-29T23:15:21.780+0800] GC(114) Metaspace: 1625K(1792K)->1625K(1792K) NonClass: 1506K(1600K)->1506K(1600K) Class: 119K(192K)->119K(192K)
[2024-08-29T23:15:21.780+0800] GC(114) Pause Young (Concurrent Start) (G1 Humongous Allocation) 930M->927M(2048M) 1.399ms
[2024-08-29T23:15:21.780+0800] GC(114) User=0.00s Sys=0.01s Real=0.00s
[2024-08-29T23:15:21.780+0800] GC(115) Concurrent Mark Cycle
[2024-08-29T23:15:21.780+0800] GC(115) Concurrent Clear Claimed Marks
[2024-08-29T23:15:21.780+0800] GC(115) Concurrent Clear Claimed Marks 0.009ms
[2024-08-29T23:15:21.780+0800] GC(115) Concurrent Scan Root Regions
[2024-08-29T23:15:21.780+0800] GC(115) Concurrent Scan Root Regions 0.125ms
[2024-08-29T23:15:21.780+0800] GC(115) Concurrent Mark
[2024-08-29T23:15:21.780+0800] GC(115) Concurrent Mark From Roots
[2024-08-29T23:15:21.780+0800] GC(115) Using 2 workers of 2 for marking
[2024-08-29T23:15:21.785+0800] GC(115) Concurrent Mark From Roots 4.432ms
[2024-08-29T23:15:21.785+0800] GC(115) Concurrent Preclean
[2024-08-29T23:15:21.785+0800] GC(115) Concurrent Preclean 0.079ms
[2024-08-29T23:15:21.786+0800] GC(115) Pause Remark
[2024-08-29T23:15:21.787+0800] GC(115) Pause Remark 949M->840M(2048M) 0.989ms
[2024-08-29T23:15:21.787+0800] GC(115) User=0.00s Sys=0.01s Real=0.00s
[2024-08-29T23:15:21.787+0800] GC(115) Concurrent Mark 6.388ms
[2024-08-29T23:15:21.787+0800] GC(115) Concurrent Rebuild Remembered Sets
[2024-08-29T23:15:21.787+0800] GC(115) Concurrent Rebuild Remembered Sets 0.005ms
[2024-08-29T23:15:21.788+0800] GC(115) Pause Cleanup
[2024-08-29T23:15:21.788+0800] GC(115) Pause Cleanup 844M->844M(2048M) 0.016ms
[2024-08-29T23:15:21.788+0800] GC(115) User=0.00s Sys=0.00s Real=0.00s
[2024-08-29T23:15:21.788+0800] GC(115) Concurrent Cleanup for Next Mark
[2024-08-29T23:15:21.791+0800] GC(115) Concurrent Cleanup for Next Mark 3.562ms
[2024-08-29T23:15:21.791+0800] GC(115) Concurrent Mark Cycle 11.158ms
[2024-08-29T23:15:21.816+0800] GC(116) Pause Young (Concurrent Start) (G1 Humongous Allocation)
[2024-08-29T23:15:21.816+0800] GC(116) Using 8 workers of 8 for evacuation
[2024-08-29T23:15:21.817+0800] GC(116)   Pre Evacuate Collection Set: 0.3ms
[2024-08-29T23:15:21.818+0800] GC(116)   Merge Heap Roots: 0.1ms
[2024-08-29T23:15:21.818+0800] GC(116)   Evacuate Collection Set: 0.5ms
[2024-08-29T23:15:21.818+0800] GC(116)   Post Evacuate Collection Set: 0.4ms
[2024-08-29T23:15:21.818+0800] GC(116)   Other: 0.2ms
[2024-08-29T23:15:21.818+0800] GC(116) Eden regions: 4->0(999)
[2024-08-29T23:15:21.818+0800] GC(116) Survivor regions: 1->1(115)
[2024-08-29T23:15:21.818+0800] GC(116) Old regions: 1->1
[2024-08-29T23:15:21.818+0800] GC(116) Archive regions: 2->2
[2024-08-29T23:15:21.818+0800] GC(116) Humongous regions: 919->839
[2024-08-29T23:15:21.818+0800] GC(116) Metaspace: 1625K(1792K)->1625K(1792K) NonClass: 1506K(1600K)->1506K(1600K) Class: 119K(192K)->119K(192K)
[2024-08-29T23:15:21.818+0800] GC(116) Pause Young (Concurrent Start) (G1 Humongous Allocation) 924M->840M(2048M) 1.577ms
[2024-08-29T23:15:21.818+0800] GC(116) User=0.00s Sys=0.00s Real=0.00s
[2024-08-29T23:15:21.818+0800] GC(117) Concurrent Undo Cycle
[2024-08-29T23:15:21.818+0800] GC(117) Concurrent Cleanup for Next Mark
[2024-08-29T23:15:21.823+0800] GC(117) Concurrent Cleanup for Next Mark 5.475ms
[2024-08-29T23:15:21.823+0800] GC(117) Concurrent Undo Cycle 5.617ms
[2024-08-29T23:15:21.850+0800] GC(118) Pause Young (Concurrent Start) (G1 Humongous Allocation)
[2024-08-29T23:15:21.850+0800] GC(118) Using 8 workers of 8 for evacuation
[2024-08-29T23:15:21.851+0800] GC(118)   Pre Evacuate Collection Set: 0.3ms
[2024-08-29T23:15:21.851+0800] GC(118)   Merge Heap Roots: 0.1ms
[2024-08-29T23:15:21.851+0800] GC(118)   Evacuate Collection Set: 0.5ms
[2024-08-29T23:15:21.851+0800] GC(118)   Post Evacuate Collection Set: 0.3ms
[2024-08-29T23:15:21.851+0800] GC(118)   Other: 0.2ms
[2024-08-29T23:15:21.851+0800] GC(118) Eden regions: 4->0(1005)
[2024-08-29T23:15:21.851+0800] GC(118) Survivor regions: 1->1(125)
[2024-08-29T23:15:21.851+0800] GC(118) Old regions: 1->1
[2024-08-29T23:15:21.851+0800] GC(118) Archive regions: 2->2
[2024-08-29T23:15:21.851+0800] GC(118) Humongous regions: 915->833
[2024-08-29T23:15:21.851+0800] GC(118) Metaspace: 1625K(1792K)->1625K(1792K) NonClass: 1506K(1600K)->1506K(1600K) Class: 119K(192K)->119K(192K)
[2024-08-29T23:15:21.851+0800] GC(118) Pause Young (Concurrent Start) (G1 Humongous Allocation) 920M->834M(2048M) 1.486ms
[2024-08-29T23:15:21.851+0800] GC(118) User=0.01s Sys=0.01s Real=0.00s
[2024-08-29T23:15:21.851+0800] GC(119) Concurrent Undo Cycle
[2024-08-29T23:15:21.851+0800] GC(119) Concurrent Cleanup for Next Mark
[2024-08-29T23:15:21.858+0800] GC(119) Concurrent Cleanup for Next Mark 6.228ms
[2024-08-29T23:15:21.858+0800] GC(119) Concurrent Undo Cycle 6.324ms
[2024-08-29T23:15:21.897+0800] GC(120) Pause Young (Concurrent Start) (G1 Humongous Allocation)
[2024-08-29T23:15:21.897+0800] GC(120) Using 8 workers of 8 for evacuation
[2024-08-29T23:15:21.898+0800] GC(120)   Pre Evacuate Collection Set: 0.2ms
[2024-08-29T23:15:21.898+0800] GC(120)   Merge Heap Roots: 0.1ms
[2024-08-29T23:15:21.898+0800] GC(120)   Evacuate Collection Set: 0.4ms
[2024-08-29T23:15:21.898+0800] GC(120)   Post Evacuate Collection Set: 0.3ms
[2024-08-29T23:15:21.898+0800] GC(120)   Other: 0.2ms
[2024-08-29T23:15:21.898+0800] GC(120) Eden regions: 4->0(1041)
[2024-08-29T23:15:21.898+0800] GC(120) Survivor regions: 1->1(126)
[2024-08-29T23:15:21.898+0800] GC(120) Old regions: 1->1
[2024-08-29T23:15:21.898+0800] GC(120) Archive regions: 2->2
[2024-08-29T23:15:21.898+0800] GC(120) Humongous regions: 918->797
[2024-08-29T23:15:21.898+0800] GC(120) Metaspace: 1625K(1792K)->1625K(1792K) NonClass: 1506K(1600K)->1506K(1600K) Class: 119K(192K)->119K(192K)
[2024-08-29T23:15:21.898+0800] GC(120) Pause Young (Concurrent Start) (G1 Humongous Allocation) 923M->798M(2048M) 1.285ms
[2024-08-29T23:15:21.898+0800] GC(120) User=0.00s Sys=0.00s Real=0.00s
[2024-08-29T23:15:21.898+0800] GC(121) Concurrent Undo Cycle
[2024-08-29T23:15:21.898+0800] GC(121) Concurrent Cleanup for Next Mark
[2024-08-29T23:15:21.904+0800] GC(121) Concurrent Cleanup for Next Mark 5.873ms
[2024-08-29T23:15:21.904+0800] GC(121) Concurrent Undo Cycle 6.008ms
[2024-08-29T23:15:21.951+0800] GC(122) Pause Young (Concurrent Start) (G1 Humongous Allocation)
[2024-08-29T23:15:21.951+0800] GC(122) Using 8 workers of 8 for evacuation
[2024-08-29T23:15:21.953+0800] GC(122)   Pre Evacuate Collection Set: 0.6ms
[2024-08-29T23:15:21.953+0800] GC(122)   Merge Heap Roots: 0.1ms
[2024-08-29T23:15:21.953+0800] GC(122)   Evacuate Collection Set: 0.3ms
[2024-08-29T23:15:21.953+0800] GC(122)   Post Evacuate Collection Set: 0.3ms
[2024-08-29T23:15:21.953+0800] GC(122)   Other: 0.2ms
[2024-08-29T23:15:21.953+0800] GC(122) Eden regions: 4->0(1047)
[2024-08-29T23:15:21.953+0800] GC(122) Survivor regions: 1->1(131)
[2024-08-29T23:15:21.953+0800] GC(122) Old regions: 1->1
[2024-08-29T23:15:21.953+0800] GC(122) Archive regions: 2->2
[2024-08-29T23:15:21.953+0800] GC(122) Humongous regions: 916->791
[2024-08-29T23:15:21.953+0800] GC(122) Metaspace: 1625K(1792K)->1625K(1792K) NonClass: 1506K(1600K)->1506K(1600K) Class: 119K(192K)->119K(192K)
[2024-08-29T23:15:21.953+0800] GC(122) Pause Young (Concurrent Start) (G1 Humongous Allocation) 921M->792M(2048M) 1.587ms
[2024-08-29T23:15:21.953+0800] GC(122) User=0.00s Sys=0.01s Real=0.01s
[2024-08-29T23:15:21.953+0800] GC(123) Concurrent Undo Cycle
[2024-08-29T23:15:21.953+0800] GC(123) Concurrent Cleanup for Next Mark
[2024-08-29T23:15:21.957+0800] GC(123) Concurrent Cleanup for Next Mark 4.303ms
[2024-08-29T23:15:21.957+0800] GC(123) Concurrent Undo Cycle 4.389ms
[2024-08-29T23:15:22.007+0800] GC(124) Pause Young (Concurrent Start) (G1 Humongous Allocation)
[2024-08-29T23:15:22.007+0800] GC(124) Using 8 workers of 8 for evacuation
[2024-08-29T23:15:22.008+0800] GC(124)   Pre Evacuate Collection Set: 0.2ms
[2024-08-29T23:15:22.008+0800] GC(124)   Merge Heap Roots: 0.1ms
[2024-08-29T23:15:22.008+0800] GC(124)   Evacuate Collection Set: 0.5ms
[2024-08-29T23:15:22.008+0800] GC(124)   Post Evacuate Collection Set: 0.4ms
[2024-08-29T23:15:22.008+0800] GC(124)   Other: 0.2ms
[2024-08-29T23:15:22.008+0800] GC(124) Eden regions: 4->0(1039)
[2024-08-29T23:15:22.008+0800] GC(124) Survivor regions: 1->1(131)
[2024-08-29T23:15:22.008+0800] GC(124) Old regions: 1->1
[2024-08-29T23:15:22.008+0800] GC(124) Archive regions: 2->2
[2024-08-29T23:15:22.008+0800] GC(124) Humongous regions: 914->799
[2024-08-29T23:15:22.008+0800] GC(124) Metaspace: 1625K(1792K)->1625K(1792K) NonClass: 1506K(1600K)->1506K(1600K) Class: 119K(192K)->119K(192K)
[2024-08-29T23:15:22.008+0800] GC(124) Pause Young (Concurrent Start) (G1 Humongous Allocation) 919M->800M(2048M) 1.536ms
[2024-08-29T23:15:22.008+0800] GC(124) User=0.00s Sys=0.00s Real=0.00s
[2024-08-29T23:15:22.008+0800] GC(125) Concurrent Undo Cycle
[2024-08-29T23:15:22.008+0800] GC(125) Concurrent Cleanup for Next Mark
[2024-08-29T23:15:22.014+0800] GC(125) Concurrent Cleanup for Next Mark 5.628ms
[2024-08-29T23:15:22.014+0800] GC(125) Concurrent Undo Cycle 5.754ms
[2024-08-29T23:15:22.064+0800] GC(126) Pause Young (Concurrent Start) (G1 Humongous Allocation)
[2024-08-29T23:15:22.065+0800] GC(126) Using 8 workers of 8 for evacuation
[2024-08-29T23:15:22.066+0800] GC(126)   Pre Evacuate Collection Set: 0.2ms
[2024-08-29T23:15:22.066+0800] GC(126)   Merge Heap Roots: 0.1ms
[2024-08-29T23:15:22.066+0800] GC(126)   Evacuate Collection Set: 0.4ms
[2024-08-29T23:15:22.066+0800] GC(126)   Post Evacuate Collection Set: 0.3ms
[2024-08-29T23:15:22.066+0800] GC(126)   Other: 0.3ms
[2024-08-29T23:15:22.066+0800] GC(126) Eden regions: 4->0(1059)
[2024-08-29T23:15:22.066+0800] GC(126) Survivor regions: 1->1(130)
[2024-08-29T23:15:22.066+0800] GC(126) Old regions: 1->1
[2024-08-29T23:15:22.066+0800] GC(126) Archive regions: 2->2
[2024-08-29T23:15:22.066+0800] GC(126) Humongous regions: 915->779
[2024-08-29T23:15:22.066+0800] GC(126) Metaspace: 1625K(1792K)->1625K(1792K) NonClass: 1506K(1600K)->1506K(1600K) Class: 119K(192K)->119K(192K)
[2024-08-29T23:15:22.066+0800] GC(126) Pause Young (Concurrent Start) (G1 Humongous Allocation) 920M->780M(2048M) 1.373ms
[2024-08-29T23:15:22.066+0800] GC(126) User=0.00s Sys=0.00s Real=0.00s
[2024-08-29T23:15:22.066+0800] GC(127) Concurrent Undo Cycle
[2024-08-29T23:15:22.066+0800] GC(127) Concurrent Cleanup for Next Mark
[2024-08-29T23:15:22.070+0800] GC(127) Concurrent Cleanup for Next Mark 3.906ms
[2024-08-29T23:15:22.070+0800] GC(127) Concurrent Undo Cycle 3.974ms
[2024-08-29T23:15:22.140+0800] GC(128) Pause Young (Concurrent Start) (G1 Humongous Allocation)
[2024-08-29T23:15:22.140+0800] GC(128) Using 8 workers of 8 for evacuation
[2024-08-29T23:15:22.141+0800] GC(128)   Pre Evacuate Collection Set: 0.2ms
[2024-08-29T23:15:22.141+0800] GC(128)   Merge Heap Roots: 0.1ms
[2024-08-29T23:15:22.141+0800] GC(128)   Evacuate Collection Set: 0.4ms
[2024-08-29T23:15:22.141+0800] GC(128)   Post Evacuate Collection Set: 0.5ms
[2024-08-29T23:15:22.141+0800] GC(128)   Other: 0.2ms
[2024-08-29T23:15:22.141+0800] GC(128) Eden regions: 4->0(1145)
[2024-08-29T23:15:22.141+0800] GC(128) Survivor regions: 1->1(133)
[2024-08-29T23:15:22.141+0800] GC(128) Old regions: 1->1
[2024-08-29T23:15:22.141+0800] GC(128) Archive regions: 2->2
[2024-08-29T23:15:22.141+0800] GC(128) Humongous regions: 919->693
[2024-08-29T23:15:22.141+0800] GC(128) Metaspace: 1625K(1792K)->1625K(1792K) NonClass: 1506K(1600K)->1506K(1600K) Class: 119K(192K)->119K(192K)
[2024-08-29T23:15:22.141+0800] GC(128) Pause Young (Concurrent Start) (G1 Humongous Allocation) 924M->694M(2048M) 1.404ms
[2024-08-29T23:15:22.141+0800] GC(128) User=0.00s Sys=0.01s Real=0.00s
[2024-08-29T23:15:22.141+0800] GC(129) Concurrent Undo Cycle
[2024-08-29T23:15:22.141+0800] GC(129) Concurrent Cleanup for Next Mark
[2024-08-29T23:15:22.148+0800] GC(129) Concurrent Cleanup for Next Mark 6.770ms
[2024-08-29T23:15:22.148+0800] GC(129) Concurrent Undo Cycle 6.881ms
[2024-08-29T23:15:22.233+0800] GC(130) Pause Young (Concurrent Start) (G1 Humongous Allocation)
[2024-08-29T23:15:22.233+0800] GC(130) Using 8 workers of 8 for evacuation
[2024-08-29T23:15:22.234+0800] GC(130)   Pre Evacuate Collection Set: 0.3ms
[2024-08-29T23:15:22.234+0800] GC(130)   Merge Heap Roots: 0.1ms
[2024-08-29T23:15:22.234+0800] GC(130)   Evacuate Collection Set: 0.4ms
[2024-08-29T23:15:22.234+0800] GC(130)   Post Evacuate Collection Set: 0.4ms
[2024-08-29T23:15:22.234+0800] GC(130)   Other: 0.2ms
[2024-08-29T23:15:22.234+0800] GC(130) Eden regions: 4->0(1126)
[2024-08-29T23:15:22.234+0800] GC(130) Survivor regions: 1->1(144)
[2024-08-29T23:15:22.234+0800] GC(130) Old regions: 1->1
[2024-08-29T23:15:22.234+0800] GC(130) Archive regions: 2->2
[2024-08-29T23:15:22.234+0800] GC(130) Humongous regions: 918->712
[2024-08-29T23:15:22.234+0800] GC(130) Metaspace: 1625K(1792K)->1625K(1792K) NonClass: 1506K(1600K)->1506K(1600K) Class: 119K(192K)->119K(192K)
[2024-08-29T23:15:22.234+0800] GC(130) Pause Young (Concurrent Start) (G1 Humongous Allocation) 923M->713M(2048M) 1.475ms
[2024-08-29T23:15:22.234+0800] GC(130) User=0.00s Sys=0.01s Real=0.00s
[2024-08-29T23:15:22.235+0800] GC(131) Concurrent Undo Cycle
[2024-08-29T23:15:22.235+0800] GC(131) Concurrent Cleanup for Next Mark
[2024-08-29T23:15:22.239+0800] GC(131) Concurrent Cleanup for Next Mark 4.855ms
[2024-08-29T23:15:22.240+0800] GC(131) Concurrent Undo Cycle 5.054ms
[2024-08-29T23:15:22.319+0800] GC(132) Pause Young (Concurrent Start) (G1 Humongous Allocation)
[2024-08-29T23:15:22.319+0800] GC(132) Using 8 workers of 8 for evacuation
[2024-08-29T23:15:22.320+0800] GC(132)   Pre Evacuate Collection Set: 0.3ms
[2024-08-29T23:15:22.320+0800] GC(132)   Merge Heap Roots: 0.1ms
[2024-08-29T23:15:22.320+0800] GC(132)   Evacuate Collection Set: 0.5ms
[2024-08-29T23:15:22.320+0800] GC(132)   Post Evacuate Collection Set: 0.4ms
[2024-08-29T23:15:22.320+0800] GC(132)   Other: 0.2ms
[2024-08-29T23:15:22.320+0800] GC(132) Eden regions: 4->0(1121)
[2024-08-29T23:15:22.320+0800] GC(132) Survivor regions: 1->1(141)
[2024-08-29T23:15:22.321+0800] GC(132) Old regions: 1->1
[2024-08-29T23:15:22.321+0800] GC(132) Archive regions: 2->2
[2024-08-29T23:15:22.321+0800] GC(132) Humongous regions: 919->717
[2024-08-29T23:15:22.321+0800] GC(132) Metaspace: 1625K(1792K)->1625K(1792K) NonClass: 1506K(1600K)->1506K(1600K) Class: 119K(192K)->119K(192K)
[2024-08-29T23:15:22.321+0800] GC(132) Pause Young (Concurrent Start) (G1 Humongous Allocation) 924M->718M(2048M) 1.618ms
[2024-08-29T23:15:22.321+0800] GC(132) User=0.00s Sys=0.00s Real=0.00s
[2024-08-29T23:15:22.321+0800] GC(133) Concurrent Undo Cycle
[2024-08-29T23:15:22.321+0800] GC(133) Concurrent Cleanup for Next Mark
[2024-08-29T23:15:22.326+0800] GC(133) Concurrent Cleanup for Next Mark 5.100ms
[2024-08-29T23:15:22.326+0800] GC(133) Concurrent Undo Cycle 5.180ms
[2024-08-29T23:15:22.416+0800] GC(134) Pause Young (Concurrent Start) (G1 Humongous Allocation)
[2024-08-29T23:15:22.416+0800] GC(134) Using 8 workers of 8 for evacuation
[2024-08-29T23:15:22.417+0800] GC(134)   Pre Evacuate Collection Set: 0.2ms
[2024-08-29T23:15:22.417+0800] GC(134)   Merge Heap Roots: 0.1ms
[2024-08-29T23:15:22.417+0800] GC(134)   Evacuate Collection Set: 0.4ms
[2024-08-29T23:15:22.417+0800] GC(134)   Post Evacuate Collection Set: 0.5ms
[2024-08-29T23:15:22.417+0800] GC(134)   Other: 0.2ms
[2024-08-29T23:15:22.417+0800] GC(134) Eden regions: 4->0(1163)
[2024-08-29T23:15:22.417+0800] GC(134) Survivor regions: 1->1(141)
[2024-08-29T23:15:22.417+0800] GC(134) Old regions: 1->1
[2024-08-29T23:15:22.417+0800] GC(134) Archive regions: 2->2
[2024-08-29T23:15:22.417+0800] GC(134) Humongous regions: 919->675
[2024-08-29T23:15:22.417+0800] GC(134) Metaspace: 1625K(1792K)->1625K(1792K) NonClass: 1506K(1600K)->1506K(1600K) Class: 119K(192K)->119K(192K)
[2024-08-29T23:15:22.417+0800] GC(134) Pause Young (Concurrent Start) (G1 Humongous Allocation) 924M->676M(2048M) 1.387ms
[2024-08-29T23:15:22.417+0800] GC(134) User=0.00s Sys=0.00s Real=0.00s
[2024-08-29T23:15:22.417+0800] GC(135) Concurrent Undo Cycle
[2024-08-29T23:15:22.417+0800] GC(135) Concurrent Cleanup for Next Mark
[2024-08-29T23:15:22.422+0800] GC(135) Concurrent Cleanup for Next Mark 4.228ms
[2024-08-29T23:15:22.422+0800] GC(135) Concurrent Undo Cycle 4.312ms
[2024-08-29T23:15:22.530+0800] GC(136) Pause Young (Concurrent Start) (G1 Humongous Allocation)
[2024-08-29T23:15:22.530+0800] GC(136) Using 8 workers of 8 for evacuation
[2024-08-29T23:15:22.532+0800] GC(136)   Pre Evacuate Collection Set: 0.4ms
[2024-08-29T23:15:22.532+0800] GC(136)   Merge Heap Roots: 0.1ms
[2024-08-29T23:15:22.532+0800] GC(136)   Evacuate Collection Set: 0.4ms
[2024-08-29T23:15:22.532+0800] GC(136)   Post Evacuate Collection Set: 0.5ms
[2024-08-29T23:15:22.532+0800] GC(136)   Other: 0.2ms
[2024-08-29T23:15:22.532+0800] GC(136) Eden regions: 4->0(1227)
[2024-08-29T23:15:22.532+0800] GC(136) Survivor regions: 1->1(146)
[2024-08-29T23:15:22.532+0800] GC(136) Old regions: 1->1
[2024-08-29T23:15:22.532+0800] GC(136) Archive regions: 2->2
[2024-08-29T23:15:22.532+0800] GC(136) Humongous regions: 917->607
[2024-08-29T23:15:22.532+0800] GC(136) Metaspace: 1625K(1792K)->1625K(1792K) NonClass: 1506K(1600K)->1506K(1600K) Class: 119K(192K)->119K(192K)
[2024-08-29T23:15:22.532+0800] GC(136) Pause Young (Concurrent Start) (G1 Humongous Allocation) 922M->608M(2048M) 1.662ms
[2024-08-29T23:15:22.532+0800] GC(136) User=0.00s Sys=0.00s Real=0.00s
[2024-08-29T23:15:22.532+0800] GC(137) Concurrent Undo Cycle
[2024-08-29T23:15:22.532+0800] GC(137) Concurrent Cleanup for Next Mark
[2024-08-29T23:15:22.536+0800] GC(137) Concurrent Cleanup for Next Mark 3.431ms
[2024-08-29T23:15:22.536+0800] GC(137) Concurrent Undo Cycle 3.535ms
[2024-08-29T23:15:22.677+0800] GC(138) Pause Young (Concurrent Start) (G1 Humongous Allocation)
[2024-08-29T23:15:22.677+0800] GC(138) Using 8 workers of 8 for evacuation
[2024-08-29T23:15:22.678+0800] GC(138)   Pre Evacuate Collection Set: 0.4ms
[2024-08-29T23:15:22.678+0800] GC(138)   Merge Heap Roots: 0.1ms
[2024-08-29T23:15:22.678+0800] GC(138)   Evacuate Collection Set: 0.3ms
[2024-08-29T23:15:22.678+0800] GC(138)   Post Evacuate Collection Set: 0.5ms
[2024-08-29T23:15:22.678+0800] GC(138)   Other: 0.3ms
[2024-08-29T23:15:22.678+0800] GC(138) Eden regions: 4->0(1227)
[2024-08-29T23:15:22.678+0800] GC(138) Survivor regions: 1->1(154)
[2024-08-29T23:15:22.678+0800] GC(138) Old regions: 1->1
[2024-08-29T23:15:22.678+0800] GC(138) Archive regions: 2->2
[2024-08-29T23:15:22.678+0800] GC(138) Humongous regions: 919->566
[2024-08-29T23:15:22.678+0800] GC(138) Metaspace: 1625K(1792K)->1625K(1792K) NonClass: 1506K(1600K)->1506K(1600K) Class: 119K(192K)->119K(192K)
[2024-08-29T23:15:22.678+0800] GC(138) Pause Young (Concurrent Start) (G1 Humongous Allocation) 924M->567M(2048M) 1.714ms
[2024-08-29T23:15:22.678+0800] GC(138) User=0.00s Sys=0.00s Real=0.00s
[2024-08-29T23:15:22.678+0800] GC(139) Concurrent Undo Cycle
[2024-08-29T23:15:22.678+0800] GC(139) Concurrent Cleanup for Next Mark
[2024-08-29T23:15:22.685+0800] GC(139) Concurrent Cleanup for Next Mark 6.727ms
[2024-08-29T23:15:22.685+0800] GC(139) Concurrent Undo Cycle 6.883ms
[2024-08-29T23:15:22.839+0800] GC(140) Pause Young (Concurrent Start) (G1 Humongous Allocation)
[2024-08-29T23:15:22.839+0800] GC(140) Using 8 workers of 8 for evacuation
[2024-08-29T23:15:22.840+0800] GC(140)   Pre Evacuate Collection Set: 0.3ms
[2024-08-29T23:15:22.840+0800] GC(140)   Merge Heap Roots: 0.1ms
[2024-08-29T23:15:22.840+0800] GC(140)   Evacuate Collection Set: 0.4ms
[2024-08-29T23:15:22.840+0800] GC(140)   Post Evacuate Collection Set: 0.5ms
[2024-08-29T23:15:22.840+0800] GC(140)   Other: 0.2ms
[2024-08-29T23:15:22.840+0800] GC(140) Eden regions: 4->0(1227)
[2024-08-29T23:15:22.840+0800] GC(140) Survivor regions: 1->1(154)
[2024-08-29T23:15:22.840+0800] GC(140) Old regions: 1->1
[2024-08-29T23:15:22.840+0800] GC(140) Archive regions: 2->2
[2024-08-29T23:15:22.840+0800] GC(140) Humongous regions: 916->578
[2024-08-29T23:15:22.840+0800] GC(140) Metaspace: 1625K(1792K)->1625K(1792K) NonClass: 1506K(1600K)->1506K(1600K) Class: 119K(192K)->119K(192K)
[2024-08-29T23:15:22.840+0800] GC(140) Pause Young (Concurrent Start) (G1 Humongous Allocation) 921M->579M(2048M) 1.552ms
[2024-08-29T23:15:22.840+0800] GC(140) User=0.00s Sys=0.00s Real=0.00s
[2024-08-29T23:15:22.840+0800] GC(141) Concurrent Undo Cycle
[2024-08-29T23:15:22.840+0800] GC(141) Concurrent Cleanup for Next Mark
[2024-08-29T23:15:22.848+0800] GC(141) Concurrent Cleanup for Next Mark 7.572ms
[2024-08-29T23:15:22.848+0800] GC(141) Concurrent Undo Cycle 7.678ms
[2024-08-29T23:15:23.018+0800] GC(142) Pause Young (Concurrent Start) (G1 Humongous Allocation)
[2024-08-29T23:15:23.018+0800] GC(142) Using 8 workers of 8 for evacuation
[2024-08-29T23:15:23.019+0800] GC(142)   Pre Evacuate Collection Set: 0.2ms
[2024-08-29T23:15:23.019+0800] GC(142)   Merge Heap Roots: 0.1ms
[2024-08-29T23:15:23.019+0800] GC(142)   Evacuate Collection Set: 0.6ms
[2024-08-29T23:15:23.019+0800] GC(142)   Post Evacuate Collection Set: 0.5ms
[2024-08-29T23:15:23.019+0800] GC(142)   Other: 0.3ms
[2024-08-29T23:15:23.019+0800] GC(142) Eden regions: 4->0(1227)
[2024-08-29T23:15:23.019+0800] GC(142) Survivor regions: 1->1(154)
[2024-08-29T23:15:23.019+0800] GC(142) Old regions: 1->1
[2024-08-29T23:15:23.020+0800] GC(142) Archive regions: 2->2
[2024-08-29T23:15:23.020+0800] GC(142) Humongous regions: 918->474
[2024-08-29T23:15:23.020+0800] GC(142) Metaspace: 1625K(1792K)->1625K(1792K) NonClass: 1506K(1600K)->1506K(1600K) Class: 119K(192K)->119K(192K)
[2024-08-29T23:15:23.020+0800] GC(142) Pause Young (Concurrent Start) (G1 Humongous Allocation) 923M->475M(2048M) 2.028ms
[2024-08-29T23:15:23.020+0800] GC(142) User=0.00s Sys=0.00s Real=0.00s
[2024-08-29T23:15:23.020+0800] GC(143) Concurrent Undo Cycle
[2024-08-29T23:15:23.020+0800] GC(143) Concurrent Cleanup for Next Mark
[2024-08-29T23:15:23.024+0800] GC(143) Concurrent Cleanup for Next Mark 4.195ms
[2024-08-29T23:15:23.024+0800] GC(143) Concurrent Undo Cycle 4.277ms
[2024-08-29T23:15:23.210+0800] GC(144) Pause Young (Concurrent Start) (G1 Humongous Allocation)
[2024-08-29T23:15:23.210+0800] GC(144) Using 8 workers of 8 for evacuation
[2024-08-29T23:15:23.212+0800] GC(144)   Pre Evacuate Collection Set: 0.2ms
[2024-08-29T23:15:23.212+0800] GC(144)   Merge Heap Roots: 0.1ms
[2024-08-29T23:15:23.212+0800] GC(144)   Evacuate Collection Set: 0.3ms
[2024-08-29T23:15:23.212+0800] GC(144)   Post Evacuate Collection Set: 0.5ms
[2024-08-29T23:15:23.212+0800] GC(144)   Other: 0.2ms
[2024-08-29T23:15:23.212+0800] GC(144) Eden regions: 4->0(1227)
[2024-08-29T23:15:23.212+0800] GC(144) Survivor regions: 1->1(154)
[2024-08-29T23:15:23.212+0800] GC(144) Old regions: 1->1
[2024-08-29T23:15:23.212+0800] GC(144) Archive regions: 2->2
[2024-08-29T23:15:23.212+0800] GC(144) Humongous regions: 918->466
[2024-08-29T23:15:23.212+0800] GC(144) Metaspace: 1625K(1792K)->1625K(1792K) NonClass: 1506K(1600K)->1506K(1600K) Class: 119K(192K)->119K(192K)
[2024-08-29T23:15:23.212+0800] GC(144) Pause Young (Concurrent Start) (G1 Humongous Allocation) 923M->467M(2048M) 1.381ms
[2024-08-29T23:15:23.212+0800] GC(144) User=0.00s Sys=0.01s Real=0.00s
[2024-08-29T23:15:23.212+0800] GC(145) Concurrent Undo Cycle
[2024-08-29T23:15:23.212+0800] GC(145) Concurrent Cleanup for Next Mark
[2024-08-29T23:15:23.216+0800] GC(145) Concurrent Cleanup for Next Mark 4.669ms
[2024-08-29T23:15:23.217+0800] GC(145) Concurrent Undo Cycle 4.800ms
[2024-08-29T23:15:23.405+0800] GC(146) Pause Young (Concurrent Start) (G1 Humongous Allocation)
[2024-08-29T23:15:23.406+0800] GC(146) Using 8 workers of 8 for evacuation
[2024-08-29T23:15:23.407+0800] GC(146)   Pre Evacuate Collection Set: 0.2ms
[2024-08-29T23:15:23.407+0800] GC(146)   Merge Heap Roots: 0.1ms
[2024-08-29T23:15:23.407+0800] GC(146)   Evacuate Collection Set: 0.4ms
[2024-08-29T23:15:23.407+0800] GC(146)   Post Evacuate Collection Set: 0.6ms
[2024-08-29T23:15:23.407+0800] GC(146)   Other: 0.2ms
[2024-08-29T23:15:23.407+0800] GC(146) Eden regions: 4->0(1227)
[2024-08-29T23:15:23.407+0800] GC(146) Survivor regions: 1->1(154)
[2024-08-29T23:15:23.407+0800] GC(146) Old regions: 1->1
[2024-08-29T23:15:23.407+0800] GC(146) Archive regions: 2->2
[2024-08-29T23:15:23.407+0800] GC(146) Humongous regions: 919->445
[2024-08-29T23:15:23.407+0800] GC(146) Metaspace: 1625K(1792K)->1625K(1792K) NonClass: 1506K(1600K)->1506K(1600K) Class: 119K(192K)->119K(192K)
[2024-08-29T23:15:23.407+0800] GC(146) Pause Young (Concurrent Start) (G1 Humongous Allocation) 924M->446M(2048M) 1.519ms
[2024-08-29T23:15:23.407+0800] GC(146) User=0.01s Sys=0.00s Real=0.00s
[2024-08-29T23:15:23.407+0800] GC(147) Concurrent Undo Cycle
[2024-08-29T23:15:23.407+0800] GC(147) Concurrent Cleanup for Next Mark
[2024-08-29T23:15:23.410+0800] GC(147) Concurrent Cleanup for Next Mark 3.393ms
[2024-08-29T23:15:23.411+0800] GC(147) Concurrent Undo Cycle 3.509ms
[2024-08-29T23:15:23.588+0800] GC(148) Pause Young (Concurrent Start) (G1 Humongous Allocation)
[2024-08-29T23:15:23.588+0800] GC(148) Using 8 workers of 8 for evacuation
[2024-08-29T23:15:23.589+0800] GC(148)   Pre Evacuate Collection Set: 0.3ms
[2024-08-29T23:15:23.589+0800] GC(148)   Merge Heap Roots: 0.1ms
[2024-08-29T23:15:23.589+0800] GC(148)   Evacuate Collection Set: 0.5ms
[2024-08-29T23:15:23.589+0800] GC(148)   Post Evacuate Collection Set: 0.5ms
[2024-08-29T23:15:23.589+0800] GC(148)   Other: 0.2ms
[2024-08-29T23:15:23.589+0800] GC(148) Eden regions: 4->0(1227)
[2024-08-29T23:15:23.589+0800] GC(148) Survivor regions: 1->1(154)
[2024-08-29T23:15:23.589+0800] GC(148) Old regions: 1->1
[2024-08-29T23:15:23.589+0800] GC(148) Archive regions: 2->2
[2024-08-29T23:15:23.589+0800] GC(148) Humongous regions: 916->509
[2024-08-29T23:15:23.589+0800] GC(148) Metaspace: 1625K(1792K)->1625K(1792K) NonClass: 1506K(1600K)->1506K(1600K) Class: 119K(192K)->119K(192K)
[2024-08-29T23:15:23.589+0800] GC(148) Pause Young (Concurrent Start) (G1 Humongous Allocation) 921M->510M(2048M) 1.789ms
[2024-08-29T23:15:23.589+0800] GC(148) User=0.00s Sys=0.00s Real=0.00s
[2024-08-29T23:15:23.589+0800] GC(149) Concurrent Undo Cycle
[2024-08-29T23:15:23.589+0800] GC(149) Concurrent Cleanup for Next Mark
[2024-08-29T23:15:23.595+0800] GC(149) Concurrent Cleanup for Next Mark 5.373ms
[2024-08-29T23:15:23.595+0800] GC(149) Concurrent Undo Cycle 5.462ms
[2024-08-29T23:15:23.762+0800] GC(150) Pause Young (Concurrent Start) (G1 Humongous Allocation)
[2024-08-29T23:15:23.762+0800] GC(150) Using 8 workers of 8 for evacuation
[2024-08-29T23:15:23.763+0800] GC(150)   Pre Evacuate Collection Set: 0.3ms
[2024-08-29T23:15:23.763+0800] GC(150)   Merge Heap Roots: 0.1ms
[2024-08-29T23:15:23.763+0800] GC(150)   Evacuate Collection Set: 0.4ms
[2024-08-29T23:15:23.763+0800] GC(150)   Post Evacuate Collection Set: 0.5ms
[2024-08-29T23:15:23.763+0800] GC(150)   Other: 0.3ms
[2024-08-29T23:15:23.763+0800] GC(150) Eden regions: 4->0(1227)
[2024-08-29T23:15:23.763+0800] GC(150) Survivor regions: 1->1(154)
[2024-08-29T23:15:23.763+0800] GC(150) Old regions: 1->1
[2024-08-29T23:15:23.763+0800] GC(150) Archive regions: 2->2
[2024-08-29T23:15:23.763+0800] GC(150) Humongous regions: 917->471
[2024-08-29T23:15:23.763+0800] GC(150) Metaspace: 1625K(1792K)->1625K(1792K) NonClass: 1506K(1600K)->1506K(1600K) Class: 119K(192K)->119K(192K)
[2024-08-29T23:15:23.763+0800] GC(150) Pause Young (Concurrent Start) (G1 Humongous Allocation) 922M->472M(2048M) 1.564ms
[2024-08-29T23:15:23.763+0800] GC(150) User=0.00s Sys=0.00s Real=0.01s
[2024-08-29T23:15:23.763+0800] GC(151) Concurrent Undo Cycle
[2024-08-29T23:15:23.763+0800] GC(151) Concurrent Cleanup for Next Mark
[2024-08-29T23:15:23.769+0800] GC(151) Concurrent Cleanup for Next Mark 5.202ms
[2024-08-29T23:15:23.769+0800] GC(151) Concurrent Undo Cycle 5.351ms
[2024-08-29T23:15:23.965+0800] GC(152) Pause Young (Concurrent Start) (G1 Humongous Allocation)
[2024-08-29T23:15:23.965+0800] GC(152) Using 8 workers of 8 for evacuation
[2024-08-29T23:15:23.967+0800] GC(152)   Pre Evacuate Collection Set: 0.3ms
[2024-08-29T23:15:23.967+0800] GC(152)   Merge Heap Roots: 0.1ms
[2024-08-29T23:15:23.967+0800] GC(152)   Evacuate Collection Set: 0.4ms
[2024-08-29T23:15:23.967+0800] GC(152)   Post Evacuate Collection Set: 0.6ms
[2024-08-29T23:15:23.967+0800] GC(152)   Other: 0.2ms
[2024-08-29T23:15:23.967+0800] GC(152) Eden regions: 4->0(1227)
[2024-08-29T23:15:23.967+0800] GC(152) Survivor regions: 1->1(154)
[2024-08-29T23:15:23.967+0800] GC(152) Old regions: 1->1
[2024-08-29T23:15:23.967+0800] GC(152) Archive regions: 2->2
[2024-08-29T23:15:23.967+0800] GC(152) Humongous regions: 917->409
[2024-08-29T23:15:23.967+0800] GC(152) Metaspace: 1625K(1792K)->1625K(1792K) NonClass: 1506K(1600K)->1506K(1600K) Class: 119K(192K)->119K(192K)
[2024-08-29T23:15:23.967+0800] GC(152) Pause Young (Concurrent Start) (G1 Humongous Allocation) 922M->410M(2048M) 1.678ms
[2024-08-29T23:15:23.967+0800] GC(152) User=0.00s Sys=0.00s Real=0.00s
[2024-08-29T23:15:23.967+0800] GC(153) Concurrent Undo Cycle
[2024-08-29T23:15:23.967+0800] GC(153) Concurrent Cleanup for Next Mark
[2024-08-29T23:15:23.971+0800] GC(153) Concurrent Cleanup for Next Mark 4.631ms
[2024-08-29T23:15:23.972+0800] GC(153) Concurrent Undo Cycle 4.751ms
[2024-08-29T23:15:24.175+0800] GC(154) Pause Young (Concurrent Start) (G1 Humongous Allocation)
[2024-08-29T23:15:24.175+0800] GC(154) Using 8 workers of 8 for evacuation
[2024-08-29T23:15:24.176+0800] GC(154)   Pre Evacuate Collection Set: 0.2ms
[2024-08-29T23:15:24.176+0800] GC(154)   Merge Heap Roots: 0.1ms
[2024-08-29T23:15:24.176+0800] GC(154)   Evacuate Collection Set: 0.4ms
[2024-08-29T23:15:24.176+0800] GC(154)   Post Evacuate Collection Set: 0.6ms
[2024-08-29T23:15:24.176+0800] GC(154)   Other: 0.2ms
[2024-08-29T23:15:24.176+0800] GC(154) Eden regions: 4->0(1228)
[2024-08-29T23:15:24.176+0800] GC(154) Survivor regions: 1->0(154)
[2024-08-29T23:15:24.176+0800] GC(154) Old regions: 1->1
[2024-08-29T23:15:24.176+0800] GC(154) Archive regions: 2->2
[2024-08-29T23:15:24.176+0800] GC(154) Humongous regions: 916->392
[2024-08-29T23:15:24.176+0800] GC(154) Metaspace: 1625K(1792K)->1625K(1792K) NonClass: 1506K(1600K)->1506K(1600K) Class: 119K(192K)->119K(192K)
[2024-08-29T23:15:24.176+0800] GC(154) Pause Young (Concurrent Start) (G1 Humongous Allocation) 921M->393M(2048M) 1.572ms
[2024-08-29T23:15:24.176+0800] GC(154) User=0.01s Sys=0.00s Real=0.00s
[2024-08-29T23:15:24.176+0800] GC(155) Concurrent Undo Cycle
[2024-08-29T23:15:24.176+0800] GC(155) Concurrent Cleanup for Next Mark
[2024-08-29T23:15:24.181+0800] GC(155) Concurrent Cleanup for Next Mark 4.083ms
[2024-08-29T23:15:24.181+0800] GC(155) Concurrent Undo Cycle 4.184ms
[2024-08-29T23:15:24.406+0800] GC(156) Pause Young (Concurrent Start) (G1 Humongous Allocation)
[2024-08-29T23:15:24.407+0800] GC(156) Using 8 workers of 8 for evacuation
[2024-08-29T23:15:24.408+0800] GC(156)   Pre Evacuate Collection Set: 0.4ms
[2024-08-29T23:15:24.408+0800] GC(156)   Merge Heap Roots: 0.2ms
[2024-08-29T23:15:24.408+0800] GC(156)   Evacuate Collection Set: 0.5ms
[2024-08-29T23:15:24.408+0800] GC(156)   Post Evacuate Collection Set: 0.6ms
[2024-08-29T23:15:24.408+0800] GC(156)   Other: 0.3ms
[2024-08-29T23:15:24.408+0800] GC(156) Eden regions: 4->0(1228)
[2024-08-29T23:15:24.408+0800] GC(156) Survivor regions: 0->0(154)
[2024-08-29T23:15:24.408+0800] GC(156) Old regions: 1->1
[2024-08-29T23:15:24.408+0800] GC(156) Archive regions: 2->2
[2024-08-29T23:15:24.408+0800] GC(156) Humongous regions: 917->352
[2024-08-29T23:15:24.408+0800] GC(156) Metaspace: 1625K(1792K)->1625K(1792K) NonClass: 1506K(1600K)->1506K(1600K) Class: 119K(192K)->119K(192K)
[2024-08-29T23:15:24.408+0800] GC(156) Pause Young (Concurrent Start) (G1 Humongous Allocation) 922M->353M(2048M) 1.987ms
[2024-08-29T23:15:24.408+0800] GC(156) User=0.00s Sys=0.00s Real=0.00s
[2024-08-29T23:15:24.408+0800] GC(157) Concurrent Undo Cycle
[2024-08-29T23:15:24.408+0800] GC(157) Concurrent Cleanup for Next Mark
[2024-08-29T23:15:24.414+0800] GC(157) Concurrent Cleanup for Next Mark 5.791ms
[2024-08-29T23:15:24.414+0800] GC(157) Concurrent Undo Cycle 5.904ms
[2024-08-29T23:15:24.625+0800] GC(158) Pause Young (Concurrent Start) (G1 Humongous Allocation)
[2024-08-29T23:15:24.625+0800] GC(158) Using 8 workers of 8 for evacuation
[2024-08-29T23:15:24.627+0800] GC(158)   Pre Evacuate Collection Set: 0.3ms
[2024-08-29T23:15:24.627+0800] GC(158)   Merge Heap Roots: 0.2ms
[2024-08-29T23:15:24.627+0800] GC(158)   Evacuate Collection Set: 0.4ms
[2024-08-29T23:15:24.627+0800] GC(158)   Post Evacuate Collection Set: 0.6ms
[2024-08-29T23:15:24.627+0800] GC(158)   Other: 0.2ms
[2024-08-29T23:15:24.627+0800] GC(158) Eden regions: 4->0(1228)
[2024-08-29T23:15:24.627+0800] GC(158) Survivor regions: 0->0(154)
[2024-08-29T23:15:24.627+0800] GC(158) Old regions: 1->1
[2024-08-29T23:15:24.627+0800] GC(158) Archive regions: 2->2
[2024-08-29T23:15:24.627+0800] GC(158) Humongous regions: 916->395
[2024-08-29T23:15:24.627+0800] GC(158) Metaspace: 1625K(1792K)->1625K(1792K) NonClass: 1506K(1600K)->1506K(1600K) Class: 119K(192K)->119K(192K)
[2024-08-29T23:15:24.627+0800] GC(158) Pause Young (Concurrent Start) (G1 Humongous Allocation) 921M->396M(2048M) 1.764ms
[2024-08-29T23:15:24.627+0800] GC(158) User=0.00s Sys=0.00s Real=0.00s
[2024-08-29T23:15:24.627+0800] GC(159) Concurrent Undo Cycle
[2024-08-29T23:15:24.627+0800] GC(159) Concurrent Cleanup for Next Mark
[2024-08-29T23:15:24.633+0800] GC(159) Concurrent Cleanup for Next Mark 5.998ms
[2024-08-29T23:15:24.633+0800] GC(159) Concurrent Undo Cycle 6.138ms
[2024-08-29T23:15:24.836+0800] GC(160) Pause Young (Concurrent Start) (G1 Humongous Allocation)
[2024-08-29T23:15:24.836+0800] GC(160) Using 8 workers of 8 for evacuation
[2024-08-29T23:15:24.837+0800] GC(160)   Pre Evacuate Collection Set: 0.3ms
[2024-08-29T23:15:24.837+0800] GC(160)   Merge Heap Roots: 0.2ms
[2024-08-29T23:15:24.837+0800] GC(160)   Evacuate Collection Set: 0.5ms
[2024-08-29T23:15:24.837+0800] GC(160)   Post Evacuate Collection Set: 0.6ms
[2024-08-29T23:15:24.837+0800] GC(160)   Other: 0.2ms
[2024-08-29T23:15:24.837+0800] GC(160) Eden regions: 4->0(1228)
[2024-08-29T23:15:24.837+0800] GC(160) Survivor regions: 0->0(154)
[2024-08-29T23:15:24.837+0800] GC(160) Old regions: 1->1
[2024-08-29T23:15:24.837+0800] GC(160) Archive regions: 2->2
[2024-08-29T23:15:24.837+0800] GC(160) Humongous regions: 917->390
[2024-08-29T23:15:24.837+0800] GC(160) Metaspace: 1625K(1792K)->1625K(1792K) NonClass: 1506K(1600K)->1506K(1600K) Class: 119K(192K)->119K(192K)
[2024-08-29T23:15:24.837+0800] GC(160) Pause Young (Concurrent Start) (G1 Humongous Allocation) 922M->391M(2048M) 1.763ms
[2024-08-29T23:15:24.837+0800] GC(160) User=0.00s Sys=0.00s Real=0.00s
[2024-08-29T23:15:24.837+0800] GC(161) Concurrent Undo Cycle
[2024-08-29T23:15:24.838+0800] GC(161) Concurrent Cleanup for Next Mark
[2024-08-29T23:15:24.842+0800] GC(161) Concurrent Cleanup for Next Mark 4.423ms
[2024-08-29T23:15:24.842+0800] GC(161) Concurrent Undo Cycle 4.525ms
[2024-08-29T23:15:25.060+0800] GC(162) Pause Young (Concurrent Start) (G1 Humongous Allocation)
[2024-08-29T23:15:25.061+0800] GC(162) Using 8 workers of 8 for evacuation
[2024-08-29T23:15:25.062+0800] GC(162)   Pre Evacuate Collection Set: 0.3ms
[2024-08-29T23:15:25.062+0800] GC(162)   Merge Heap Roots: 0.1ms
[2024-08-29T23:15:25.062+0800] GC(162)   Evacuate Collection Set: 0.4ms
[2024-08-29T23:15:25.062+0800] GC(162)   Post Evacuate Collection Set: 0.6ms
[2024-08-29T23:15:25.062+0800] GC(162)   Other: 0.3ms
[2024-08-29T23:15:25.062+0800] GC(162) Eden regions: 4->0(1228)
[2024-08-29T23:15:25.062+0800] GC(162) Survivor regions: 0->0(154)
[2024-08-29T23:15:25.062+0800] GC(162) Old regions: 1->1
[2024-08-29T23:15:25.062+0800] GC(162) Archive regions: 2->2
[2024-08-29T23:15:25.062+0800] GC(162) Humongous regions: 919->381
[2024-08-29T23:15:25.062+0800] GC(162) Metaspace: 1625K(1792K)->1625K(1792K) NonClass: 1506K(1600K)->1506K(1600K) Class: 119K(192K)->119K(192K)
[2024-08-29T23:15:25.062+0800] GC(162) Pause Young (Concurrent Start) (G1 Humongous Allocation) 924M->382M(2048M) 1.773ms
[2024-08-29T23:15:25.062+0800] GC(162) User=0.00s Sys=0.00s Real=0.00s
[2024-08-29T23:15:25.062+0800] GC(163) Concurrent Undo Cycle
[2024-08-29T23:15:25.062+0800] GC(163) Concurrent Cleanup for Next Mark
[2024-08-29T23:15:25.067+0800] GC(163) Concurrent Cleanup for Next Mark 4.478ms
[2024-08-29T23:15:25.067+0800] GC(163) Concurrent Undo Cycle 4.634ms
[2024-08-29T23:15:25.275+0800] GC(164) Pause Young (Concurrent Start) (G1 Humongous Allocation)
[2024-08-29T23:15:25.275+0800] GC(164) Using 8 workers of 8 for evacuation
[2024-08-29T23:15:25.277+0800] GC(164)   Pre Evacuate Collection Set: 0.3ms
[2024-08-29T23:15:25.277+0800] GC(164)   Merge Heap Roots: 0.1ms
[2024-08-29T23:15:25.277+0800] GC(164)   Evacuate Collection Set: 0.4ms
[2024-08-29T23:15:25.277+0800] GC(164)   Post Evacuate Collection Set: 0.5ms
[2024-08-29T23:15:25.277+0800] GC(164)   Other: 0.4ms
[2024-08-29T23:15:25.277+0800] GC(164) Eden regions: 4->0(1227)
[2024-08-29T23:15:25.277+0800] GC(164) Survivor regions: 0->1(154)
[2024-08-29T23:15:25.277+0800] GC(164) Old regions: 1->1
[2024-08-29T23:15:25.277+0800] GC(164) Archive regions: 2->2
[2024-08-29T23:15:25.277+0800] GC(164) Humongous regions: 919->455
[2024-08-29T23:15:25.277+0800] GC(164) Metaspace: 1625K(1792K)->1625K(1792K) NonClass: 1506K(1600K)->1506K(1600K) Class: 119K(192K)->119K(192K)
[2024-08-29T23:15:25.277+0800] GC(164) Pause Young (Concurrent Start) (G1 Humongous Allocation) 924M->456M(2048M) 1.799ms
[2024-08-29T23:15:25.277+0800] GC(164) User=0.00s Sys=0.01s Real=0.00s
[2024-08-29T23:15:25.277+0800] GC(165) Concurrent Undo Cycle
[2024-08-29T23:15:25.277+0800] GC(165) Concurrent Cleanup for Next Mark
[2024-08-29T23:15:25.282+0800] GC(165) Concurrent Cleanup for Next Mark 4.841ms
[2024-08-29T23:15:25.282+0800] GC(165) Concurrent Undo Cycle 4.978ms
[2024-08-29T23:15:25.484+0800] GC(166) Pause Young (Concurrent Start) (G1 Humongous Allocation)
[2024-08-29T23:15:25.484+0800] GC(166) Using 8 workers of 8 for evacuation
[2024-08-29T23:15:25.486+0800] GC(166)   Pre Evacuate Collection Set: 0.4ms
[2024-08-29T23:15:25.486+0800] GC(166)   Merge Heap Roots: 0.1ms
[2024-08-29T23:15:25.486+0800] GC(166)   Evacuate Collection Set: 0.4ms
[2024-08-29T23:15:25.486+0800] GC(166)   Post Evacuate Collection Set: 0.5ms
[2024-08-29T23:15:25.486+0800] GC(166)   Other: 0.2ms
[2024-08-29T23:15:25.486+0800] GC(166) Eden regions: 4->0(1227)
[2024-08-29T23:15:25.486+0800] GC(166) Survivor regions: 1->1(154)
[2024-08-29T23:15:25.486+0800] GC(166) Old regions: 1->1
[2024-08-29T23:15:25.486+0800] GC(166) Archive regions: 2->2
[2024-08-29T23:15:25.486+0800] GC(166) Humongous regions: 918->421
[2024-08-29T23:15:25.486+0800] GC(166) Metaspace: 1625K(1792K)->1625K(1792K) NonClass: 1506K(1600K)->1506K(1600K) Class: 119K(192K)->119K(192K)
[2024-08-29T23:15:25.486+0800] GC(166) Pause Young (Concurrent Start) (G1 Humongous Allocation) 923M->422M(2048M) 1.680ms
[2024-08-29T23:15:25.486+0800] GC(166) User=0.00s Sys=0.00s Real=0.00s
[2024-08-29T23:15:25.486+0800] GC(167) Concurrent Undo Cycle
[2024-08-29T23:15:25.486+0800] GC(167) Concurrent Cleanup for Next Mark
[2024-08-29T23:15:25.491+0800] GC(167) Concurrent Cleanup for Next Mark 5.479ms
[2024-08-29T23:15:25.491+0800] GC(167) Concurrent Undo Cycle 5.565ms
[2024-08-29T23:15:25.695+0800] GC(168) Pause Young (Concurrent Start) (G1 Humongous Allocation)
[2024-08-29T23:15:25.695+0800] GC(168) Using 8 workers of 8 for evacuation
[2024-08-29T23:15:25.697+0800] GC(168)   Pre Evacuate Collection Set: 0.4ms
[2024-08-29T23:15:25.697+0800] GC(168)   Merge Heap Roots: 0.1ms
[2024-08-29T23:15:25.697+0800] GC(168)   Evacuate Collection Set: 0.4ms
[2024-08-29T23:15:25.697+0800] GC(168)   Post Evacuate Collection Set: 0.6ms
[2024-08-29T23:15:25.697+0800] GC(168)   Other: 0.2ms
[2024-08-29T23:15:25.697+0800] GC(168) Eden regions: 4->0(1228)
[2024-08-29T23:15:25.697+0800] GC(168) Survivor regions: 1->0(154)
[2024-08-29T23:15:25.697+0800] GC(168) Old regions: 1->1
[2024-08-29T23:15:25.697+0800] GC(168) Archive regions: 2->2
[2024-08-29T23:15:25.697+0800] GC(168) Humongous regions: 916->379
[2024-08-29T23:15:25.697+0800] GC(168) Metaspace: 1625K(1792K)->1625K(1792K) NonClass: 1506K(1600K)->1506K(1600K) Class: 119K(192K)->119K(192K)
[2024-08-29T23:15:25.697+0800] GC(168) Pause Young (Concurrent Start) (G1 Humongous Allocation) 921M->380M(2048M) 1.693ms
[2024-08-29T23:15:25.697+0800] GC(168) User=0.00s Sys=0.00s Real=0.00s
[2024-08-29T23:15:25.697+0800] GC(169) Concurrent Undo Cycle
[2024-08-29T23:15:25.697+0800] GC(169) Concurrent Cleanup for Next Mark
[2024-08-29T23:15:25.703+0800] GC(169) Concurrent Cleanup for Next Mark 5.666ms
[2024-08-29T23:15:25.703+0800] GC(169) Concurrent Undo Cycle 5.805ms
[2024-08-29T23:15:25.911+0800] GC(170) Pause Young (Concurrent Start) (G1 Humongous Allocation)
[2024-08-29T23:15:25.911+0800] GC(170) Using 8 workers of 8 for evacuation
[2024-08-29T23:15:25.913+0800] GC(170)   Pre Evacuate Collection Set: 0.3ms
[2024-08-29T23:15:25.913+0800] GC(170)   Merge Heap Roots: 0.2ms
[2024-08-29T23:15:25.913+0800] GC(170)   Evacuate Collection Set: 0.5ms
[2024-08-29T23:15:25.913+0800] GC(170)   Post Evacuate Collection Set: 0.5ms
[2024-08-29T23:15:25.913+0800] GC(170)   Other: 0.3ms
[2024-08-29T23:15:25.913+0800] GC(170) Eden regions: 4->0(1228)
[2024-08-29T23:15:25.913+0800] GC(170) Survivor regions: 0->0(154)
[2024-08-29T23:15:25.913+0800] GC(170) Old regions: 1->1
[2024-08-29T23:15:25.913+0800] GC(170) Archive regions: 2->2
[2024-08-29T23:15:25.913+0800] GC(170) Humongous regions: 916->427
[2024-08-29T23:15:25.913+0800] GC(170) Metaspace: 1625K(1792K)->1625K(1792K) NonClass: 1506K(1600K)->1506K(1600K) Class: 119K(192K)->119K(192K)
[2024-08-29T23:15:25.913+0800] GC(170) Pause Young (Concurrent Start) (G1 Humongous Allocation) 921M->428M(2048M) 1.865ms
[2024-08-29T23:15:25.913+0800] GC(170) User=0.00s Sys=0.00s Real=0.01s
[2024-08-29T23:15:25.913+0800] GC(171) Concurrent Undo Cycle
[2024-08-29T23:15:25.913+0800] GC(171) Concurrent Cleanup for Next Mark
[2024-08-29T23:15:25.919+0800] GC(171) Concurrent Cleanup for Next Mark 5.690ms
[2024-08-29T23:15:25.919+0800] GC(171) Concurrent Undo Cycle 5.770ms
[2024-08-29T23:15:26.104+0800] GC(172) Pause Young (Concurrent Start) (G1 Humongous Allocation)
[2024-08-29T23:15:26.104+0800] GC(172) Using 8 workers of 8 for evacuation
[2024-08-29T23:15:26.106+0800] GC(172)   Pre Evacuate Collection Set: 0.4ms
[2024-08-29T23:15:26.106+0800] GC(172)   Merge Heap Roots: 0.1ms
[2024-08-29T23:15:26.106+0800] GC(172)   Evacuate Collection Set: 0.5ms
[2024-08-29T23:15:26.106+0800] GC(172)   Post Evacuate Collection Set: 0.5ms
[2024-08-29T23:15:26.106+0800] GC(172)   Other: 0.2ms
[2024-08-29T23:15:26.106+0800] GC(172) Eden regions: 4->0(1228)
[2024-08-29T23:15:26.106+0800] GC(172) Survivor regions: 0->0(154)
[2024-08-29T23:15:26.106+0800] GC(172) Old regions: 1->1
[2024-08-29T23:15:26.106+0800] GC(172) Archive regions: 2->2
[2024-08-29T23:15:26.106+0800] GC(172) Humongous regions: 915->485
[2024-08-29T23:15:26.106+0800] GC(172) Metaspace: 1625K(1792K)->1625K(1792K) NonClass: 1506K(1600K)->1506K(1600K) Class: 119K(192K)->119K(192K)
[2024-08-29T23:15:26.106+0800] GC(172) Pause Young (Concurrent Start) (G1 Humongous Allocation) 920M->486M(2048M) 1.769ms
[2024-08-29T23:15:26.106+0800] GC(172) User=0.00s Sys=0.00s Real=0.00s
[2024-08-29T23:15:26.106+0800] GC(173) Concurrent Undo Cycle
[2024-08-29T23:15:26.106+0800] GC(173) Concurrent Cleanup for Next Mark
[2024-08-29T23:15:26.110+0800] GC(173) Concurrent Cleanup for Next Mark 4.609ms
[2024-08-29T23:15:26.110+0800] GC(173) Concurrent Undo Cycle 4.693ms
[2024-08-29T23:15:26.299+0800] GC(174) Pause Young (Concurrent Start) (G1 Humongous Allocation)
[2024-08-29T23:15:26.299+0800] GC(174) Using 8 workers of 8 for evacuation
[2024-08-29T23:15:26.301+0800] GC(174)   Pre Evacuate Collection Set: 0.4ms
[2024-08-29T23:15:26.301+0800] GC(174)   Merge Heap Roots: 0.1ms
[2024-08-29T23:15:26.301+0800] GC(174)   Evacuate Collection Set: 0.3ms
[2024-08-29T23:15:26.301+0800] GC(174)   Post Evacuate Collection Set: 0.6ms
[2024-08-29T23:15:26.301+0800] GC(174)   Other: 0.3ms
[2024-08-29T23:15:26.301+0800] GC(174) Eden regions: 4->0(1228)
[2024-08-29T23:15:26.301+0800] GC(174) Survivor regions: 0->0(154)
[2024-08-29T23:15:26.301+0800] GC(174) Old regions: 1->1
[2024-08-29T23:15:26.301+0800] GC(174) Archive regions: 2->2
[2024-08-29T23:15:26.301+0800] GC(174) Humongous regions: 919->470
[2024-08-29T23:15:26.301+0800] GC(174) Metaspace: 1625K(1792K)->1625K(1792K) NonClass: 1506K(1600K)->1506K(1600K) Class: 119K(192K)->119K(192K)
[2024-08-29T23:15:26.301+0800] GC(174) Pause Young (Concurrent Start) (G1 Humongous Allocation) 924M->471M(2048M) 1.838ms
[2024-08-29T23:15:26.301+0800] GC(174) User=0.00s Sys=0.01s Real=0.00s
[2024-08-29T23:15:26.301+0800] GC(175) Concurrent Undo Cycle
[2024-08-29T23:15:26.301+0800] GC(175) Concurrent Cleanup for Next Mark
[2024-08-29T23:15:26.306+0800] GC(175) Concurrent Cleanup for Next Mark 4.956ms
[2024-08-29T23:15:26.306+0800] GC(175) Concurrent Undo Cycle 5.064ms
[2024-08-29T23:15:26.487+0800] GC(176) Pause Young (Concurrent Start) (G1 Humongous Allocation)
[2024-08-29T23:15:26.487+0800] GC(176) Using 8 workers of 8 for evacuation
[2024-08-29T23:15:26.488+0800] GC(176)   Pre Evacuate Collection Set: 0.2ms
[2024-08-29T23:15:26.488+0800] GC(176)   Merge Heap Roots: 0.1ms
[2024-08-29T23:15:26.488+0800] GC(176)   Evacuate Collection Set: 0.3ms
[2024-08-29T23:15:26.489+0800] GC(176)   Post Evacuate Collection Set: 0.5ms
[2024-08-29T23:15:26.489+0800] GC(176)   Other: 0.2ms
[2024-08-29T23:15:26.489+0800] GC(176) Eden regions: 4->0(1228)
[2024-08-29T23:15:26.489+0800] GC(176) Survivor regions: 0->0(154)
[2024-08-29T23:15:26.489+0800] GC(176) Old regions: 1->1
[2024-08-29T23:15:26.489+0800] GC(176) Archive regions: 2->2
[2024-08-29T23:15:26.489+0800] GC(176) Humongous regions: 918->460
[2024-08-29T23:15:26.489+0800] GC(176) Metaspace: 1625K(1792K)->1625K(1792K) NonClass: 1506K(1600K)->1506K(1600K) Class: 119K(192K)->119K(192K)
[2024-08-29T23:15:26.489+0800] GC(176) Pause Young (Concurrent Start) (G1 Humongous Allocation) 923M->461M(2048M) 1.480ms
[2024-08-29T23:15:26.489+0800] GC(176) User=0.00s Sys=0.00s Real=0.00s
[2024-08-29T23:15:26.489+0800] GC(177) Concurrent Undo Cycle
[2024-08-29T23:15:26.489+0800] GC(177) Concurrent Cleanup for Next Mark
[2024-08-29T23:15:26.493+0800] GC(177) Concurrent Cleanup for Next Mark 3.875ms
[2024-08-29T23:15:26.493+0800] GC(177) Concurrent Undo Cycle 3.950ms
[2024-08-29T23:15:26.664+0800] GC(178) Pause Young (Concurrent Start) (G1 Humongous Allocation)
[2024-08-29T23:15:26.664+0800] GC(178) Using 8 workers of 8 for evacuation
[2024-08-29T23:15:26.665+0800] GC(178)   Pre Evacuate Collection Set: 0.3ms
[2024-08-29T23:15:26.665+0800] GC(178)   Merge Heap Roots: 0.1ms
[2024-08-29T23:15:26.665+0800] GC(178)   Evacuate Collection Set: 0.4ms
[2024-08-29T23:15:26.665+0800] GC(178)   Post Evacuate Collection Set: 0.4ms
[2024-08-29T23:15:26.665+0800] GC(178)   Other: 0.2ms
[2024-08-29T23:15:26.665+0800] GC(178) Eden regions: 4->0(1228)
[2024-08-29T23:15:26.665+0800] GC(178) Survivor regions: 0->0(154)
[2024-08-29T23:15:26.666+0800] GC(178) Old regions: 1->1
[2024-08-29T23:15:26.666+0800] GC(178) Archive regions: 2->2
[2024-08-29T23:15:26.666+0800] GC(178) Humongous regions: 915->552
[2024-08-29T23:15:26.666+0800] GC(178) Metaspace: 1625K(1792K)->1625K(1792K) NonClass: 1506K(1600K)->1506K(1600K) Class: 119K(192K)->119K(192K)
[2024-08-29T23:15:26.666+0800] GC(178) Pause Young (Concurrent Start) (G1 Humongous Allocation) 920M->553M(2048M) 1.462ms
[2024-08-29T23:15:26.666+0800] GC(178) User=0.00s Sys=0.00s Real=0.00s
[2024-08-29T23:15:26.666+0800] GC(179) Concurrent Undo Cycle
[2024-08-29T23:15:26.666+0800] GC(179) Concurrent Cleanup for Next Mark
[2024-08-29T23:15:26.671+0800] GC(179) Concurrent Cleanup for Next Mark 5.793ms
[2024-08-29T23:15:26.671+0800] GC(179) Concurrent Undo Cycle 5.899ms
[2024-08-29T23:15:26.816+0800] GC(180) Pause Young (Concurrent Start) (G1 Humongous Allocation)
[2024-08-29T23:15:26.816+0800] GC(180) Using 8 workers of 8 for evacuation
[2024-08-29T23:15:26.817+0800] GC(180)   Pre Evacuate Collection Set: 0.3ms
[2024-08-29T23:15:26.817+0800] GC(180)   Merge Heap Roots: 0.1ms
[2024-08-29T23:15:26.817+0800] GC(180)   Evacuate Collection Set: 0.4ms
[2024-08-29T23:15:26.817+0800] GC(180)   Post Evacuate Collection Set: 0.5ms
[2024-08-29T23:15:26.817+0800] GC(180)   Other: 0.2ms
[2024-08-29T23:15:26.817+0800] GC(180) Eden regions: 4->0(1228)
[2024-08-29T23:15:26.817+0800] GC(180) Survivor regions: 0->0(154)
[2024-08-29T23:15:26.817+0800] GC(180) Old regions: 1->1
[2024-08-29T23:15:26.817+0800] GC(180) Archive regions: 2->2
[2024-08-29T23:15:26.817+0800] GC(180) Humongous regions: 914->548
[2024-08-29T23:15:26.817+0800] GC(180) Metaspace: 1625K(1792K)->1625K(1792K) NonClass: 1506K(1600K)->1506K(1600K) Class: 119K(192K)->119K(192K)
[2024-08-29T23:15:26.817+0800] GC(180) Pause Young (Concurrent Start) (G1 Humongous Allocation) 919M->549M(2048M) 1.642ms
[2024-08-29T23:15:26.817+0800] GC(180) User=0.00s Sys=0.01s Real=0.00s
[2024-08-29T23:15:26.818+0800] GC(181) Concurrent Undo Cycle
[2024-08-29T23:15:26.818+0800] GC(181) Concurrent Cleanup for Next Mark
[2024-08-29T23:15:26.823+0800] GC(181) Concurrent Cleanup for Next Mark 5.248ms
[2024-08-29T23:15:26.823+0800] GC(181) Concurrent Undo Cycle 5.371ms
[2024-08-29T23:15:26.967+0800] GC(182) Pause Young (Concurrent Start) (G1 Humongous Allocation)
[2024-08-29T23:15:26.967+0800] GC(182) Using 8 workers of 8 for evacuation
[2024-08-29T23:15:26.969+0800] GC(182)   Pre Evacuate Collection Set: 0.4ms
[2024-08-29T23:15:26.969+0800] GC(182)   Merge Heap Roots: 0.1ms
[2024-08-29T23:15:26.969+0800] GC(182)   Evacuate Collection Set: 0.4ms
[2024-08-29T23:15:26.969+0800] GC(182)   Post Evacuate Collection Set: 0.5ms
[2024-08-29T23:15:26.969+0800] GC(182)   Other: 0.3ms
[2024-08-29T23:15:26.969+0800] GC(182) Eden regions: 4->0(1227)
[2024-08-29T23:15:26.969+0800] GC(182) Survivor regions: 0->1(154)
[2024-08-29T23:15:26.969+0800] GC(182) Old regions: 1->1
[2024-08-29T23:15:26.969+0800] GC(182) Archive regions: 2->2
[2024-08-29T23:15:26.969+0800] GC(182) Humongous regions: 918->576
[2024-08-29T23:15:26.969+0800] GC(182) Metaspace: 1625K(1792K)->1625K(1792K) NonClass: 1506K(1600K)->1506K(1600K) Class: 119K(192K)->119K(192K)
[2024-08-29T23:15:26.969+0800] GC(182) Pause Young (Concurrent Start) (G1 Humongous Allocation) 923M->577M(2048M) 1.659ms
[2024-08-29T23:15:26.969+0800] GC(182) User=0.00s Sys=0.00s Real=0.00s
[2024-08-29T23:15:26.969+0800] GC(183) Concurrent Undo Cycle
[2024-08-29T23:15:26.969+0800] GC(183) Concurrent Cleanup for Next Mark
[2024-08-29T23:15:26.976+0800] GC(183) Concurrent Cleanup for Next Mark 6.459ms
[2024-08-29T23:15:26.976+0800] GC(183) Concurrent Undo Cycle 6.699ms
[2024-08-29T23:15:27.114+0800] GC(184) Pause Young (Concurrent Start) (G1 Humongous Allocation)
[2024-08-29T23:15:27.114+0800] GC(184) Using 8 workers of 8 for evacuation
[2024-08-29T23:15:27.116+0800] GC(184)   Pre Evacuate Collection Set: 0.4ms
[2024-08-29T23:15:27.116+0800] GC(184)   Merge Heap Roots: 0.1ms
[2024-08-29T23:15:27.116+0800] GC(184)   Evacuate Collection Set: 0.6ms
[2024-08-29T23:15:27.116+0800] GC(184)   Post Evacuate Collection Set: 0.5ms
[2024-08-29T23:15:27.116+0800] GC(184)   Other: 0.3ms
[2024-08-29T23:15:27.116+0800] GC(184) Eden regions: 4->0(1228)
[2024-08-29T23:15:27.116+0800] GC(184) Survivor regions: 1->0(154)
[2024-08-29T23:15:27.116+0800] GC(184) Old regions: 1->1
[2024-08-29T23:15:27.116+0800] GC(184) Archive regions: 2->2
[2024-08-29T23:15:27.116+0800] GC(184) Humongous regions: 916->522
[2024-08-29T23:15:27.116+0800] GC(184) Metaspace: 1625K(1792K)->1625K(1792K) NonClass: 1506K(1600K)->1506K(1600K) Class: 119K(192K)->119K(192K)
[2024-08-29T23:15:27.116+0800] GC(184) Pause Young (Concurrent Start) (G1 Humongous Allocation) 921M->523M(2048M) 2.031ms
[2024-08-29T23:15:27.116+0800] GC(184) User=0.00s Sys=0.00s Real=0.00s
[2024-08-29T23:15:27.116+0800] GC(185) Concurrent Undo Cycle
[2024-08-29T23:15:27.116+0800] GC(185) Concurrent Cleanup for Next Mark
[2024-08-29T23:15:27.123+0800] GC(185) Concurrent Cleanup for Next Mark 6.566ms
[2024-08-29T23:15:27.123+0800] GC(185) Concurrent Undo Cycle 6.658ms
[2024-08-29T23:15:27.274+0800] GC(186) Pause Young (Concurrent Start) (G1 Humongous Allocation)
[2024-08-29T23:15:27.274+0800] GC(186) Using 8 workers of 8 for evacuation
[2024-08-29T23:15:27.276+0800] GC(186)   Pre Evacuate Collection Set: 0.4ms
[2024-08-29T23:15:27.276+0800] GC(186)   Merge Heap Roots: 0.1ms
[2024-08-29T23:15:27.276+0800] GC(186)   Evacuate Collection Set: 0.3ms
[2024-08-29T23:15:27.276+0800] GC(186)   Post Evacuate Collection Set: 0.5ms
[2024-08-29T23:15:27.276+0800] GC(186)   Other: 0.2ms
[2024-08-29T23:15:27.276+0800] GC(186) Eden regions: 4->0(1228)
[2024-08-29T23:15:27.276+0800] GC(186) Survivor regions: 0->0(154)
[2024-08-29T23:15:27.276+0800] GC(186) Old regions: 1->1
[2024-08-29T23:15:27.276+0800] GC(186) Archive regions: 2->2
[2024-08-29T23:15:27.276+0800] GC(186) Humongous regions: 919->569
[2024-08-29T23:15:27.276+0800] GC(186) Metaspace: 1625K(1792K)->1625K(1792K) NonClass: 1506K(1600K)->1506K(1600K) Class: 119K(192K)->119K(192K)
[2024-08-29T23:15:27.276+0800] GC(186) Pause Young (Concurrent Start) (G1 Humongous Allocation) 924M->570M(2048M) 1.640ms
[2024-08-29T23:15:27.276+0800] GC(186) User=0.00s Sys=0.00s Real=0.00s
[2024-08-29T23:15:27.276+0800] GC(187) Concurrent Undo Cycle
[2024-08-29T23:15:27.276+0800] GC(187) Concurrent Cleanup for Next Mark
[2024-08-29T23:15:27.283+0800] GC(187) Concurrent Cleanup for Next Mark 6.638ms
[2024-08-29T23:15:27.283+0800] GC(187) Concurrent Undo Cycle 6.764ms
[2024-08-29T23:15:27.417+0800] GC(188) Pause Young (Concurrent Start) (G1 Humongous Allocation)
[2024-08-29T23:15:27.417+0800] GC(188) Using 8 workers of 8 for evacuation
[2024-08-29T23:15:27.419+0800] GC(188)   Pre Evacuate Collection Set: 0.2ms
[2024-08-29T23:15:27.419+0800] GC(188)   Merge Heap Roots: 0.1ms
[2024-08-29T23:15:27.419+0800] GC(188)   Evacuate Collection Set: 0.4ms
[2024-08-29T23:15:27.419+0800] GC(188)   Post Evacuate Collection Set: 0.5ms
[2024-08-29T23:15:27.419+0800] GC(188)   Other: 0.4ms
[2024-08-29T23:15:27.419+0800] GC(188) Eden regions: 4->0(1228)
[2024-08-29T23:15:27.419+0800] GC(188) Survivor regions: 0->0(154)
[2024-08-29T23:15:27.419+0800] GC(188) Old regions: 1->1
[2024-08-29T23:15:27.419+0800] GC(188) Archive regions: 2->2
[2024-08-29T23:15:27.419+0800] GC(188) Humongous regions: 916->605
[2024-08-29T23:15:27.419+0800] GC(188) Metaspace: 1625K(1792K)->1625K(1792K) NonClass: 1506K(1600K)->1506K(1600K) Class: 119K(192K)->119K(192K)
[2024-08-29T23:15:27.419+0800] GC(188) Pause Young (Concurrent Start) (G1 Humongous Allocation) 921M->606M(2048M) 1.556ms
[2024-08-29T23:15:27.419+0800] GC(188) User=0.00s Sys=0.00s Real=0.00s
[2024-08-29T23:15:27.419+0800] GC(189) Concurrent Undo Cycle
[2024-08-29T23:15:27.419+0800] GC(189) Concurrent Cleanup for Next Mark
[2024-08-29T23:15:27.426+0800] GC(189) Concurrent Cleanup for Next Mark 7.244ms
[2024-08-29T23:15:27.426+0800] GC(189) Concurrent Undo Cycle 7.385ms
[2024-08-29T23:15:27.545+0800] GC(190) Pause Young (Concurrent Start) (G1 Humongous Allocation)
[2024-08-29T23:15:27.545+0800] GC(190) Using 8 workers of 8 for evacuation
[2024-08-29T23:15:27.547+0800] GC(190)   Pre Evacuate Collection Set: 0.3ms
[2024-08-29T23:15:27.547+0800] GC(190)   Merge Heap Roots: 0.1ms
[2024-08-29T23:15:27.547+0800] GC(190)   Evacuate Collection Set: 0.3ms
[2024-08-29T23:15:27.547+0800] GC(190)   Post Evacuate Collection Set: 0.5ms
[2024-08-29T23:15:27.547+0800] GC(190)   Other: 0.2ms
[2024-08-29T23:15:27.547+0800] GC(190) Eden regions: 4->0(1224)
[2024-08-29T23:15:27.547+0800] GC(190) Survivor regions: 0->0(154)
[2024-08-29T23:15:27.547+0800] GC(190) Old regions: 1->1
[2024-08-29T23:15:27.547+0800] GC(190) Archive regions: 2->2
[2024-08-29T23:15:27.547+0800] GC(190) Humongous regions: 917->615
[2024-08-29T23:15:27.547+0800] GC(190) Metaspace: 1625K(1792K)->1625K(1792K) NonClass: 1506K(1600K)->1506K(1600K) Class: 119K(192K)->119K(192K)
[2024-08-29T23:15:27.547+0800] GC(190) Pause Young (Concurrent Start) (G1 Humongous Allocation) 922M->616M(2048M) 1.479ms
[2024-08-29T23:15:27.547+0800] GC(190) User=0.00s Sys=0.01s Real=0.00s
[2024-08-29T23:15:27.547+0800] GC(191) Concurrent Undo Cycle
[2024-08-29T23:15:27.547+0800] GC(191) Concurrent Cleanup for Next Mark
[2024-08-29T23:15:27.551+0800] GC(191) Concurrent Cleanup for Next Mark 4.682ms
[2024-08-29T23:15:27.552+0800] GC(191) Concurrent Undo Cycle 4.778ms
[2024-08-29T23:15:27.673+0800] GC(192) Pause Young (Concurrent Start) (G1 Humongous Allocation)
[2024-08-29T23:15:27.673+0800] GC(192) Using 8 workers of 8 for evacuation
[2024-08-29T23:15:27.674+0800] GC(192)   Pre Evacuate Collection Set: 0.2ms
[2024-08-29T23:15:27.674+0800] GC(192)   Merge Heap Roots: 0.1ms
[2024-08-29T23:15:27.674+0800] GC(192)   Evacuate Collection Set: 0.6ms
[2024-08-29T23:15:27.674+0800] GC(192)   Post Evacuate Collection Set: 0.4ms
[2024-08-29T23:15:27.674+0800] GC(192)   Other: 0.2ms
[2024-08-29T23:15:27.674+0800] GC(192) Eden regions: 4->0(1202)
[2024-08-29T23:15:27.674+0800] GC(192) Survivor regions: 0->0(153)
[2024-08-29T23:15:27.674+0800] GC(192) Old regions: 1->1
[2024-08-29T23:15:27.674+0800] GC(192) Archive regions: 2->2
[2024-08-29T23:15:27.674+0800] GC(192) Humongous regions: 918->637
[2024-08-29T23:15:27.674+0800] GC(192) Metaspace: 1625K(1792K)->1625K(1792K) NonClass: 1506K(1600K)->1506K(1600K) Class: 119K(192K)->119K(192K)
[2024-08-29T23:15:27.674+0800] GC(192) Pause Young (Concurrent Start) (G1 Humongous Allocation) 923M->638M(2048M) 1.524ms
[2024-08-29T23:15:27.674+0800] GC(192) User=0.00s Sys=0.00s Real=0.00s
[2024-08-29T23:15:27.674+0800] GC(193) Concurrent Undo Cycle
[2024-08-29T23:15:27.674+0800] GC(193) Concurrent Cleanup for Next Mark
[2024-08-29T23:15:27.679+0800] GC(193) Concurrent Cleanup for Next Mark 5.002ms
[2024-08-29T23:15:27.679+0800] GC(193) Concurrent Undo Cycle 5.174ms
[2024-08-29T23:15:27.806+0800] GC(194) Pause Young (Concurrent Start) (G1 Humongous Allocation)
[2024-08-29T23:15:27.806+0800] GC(194) Using 8 workers of 8 for evacuation
[2024-08-29T23:15:27.807+0800] GC(194)   Pre Evacuate Collection Set: 0.2ms
[2024-08-29T23:15:27.807+0800] GC(194)   Merge Heap Roots: 0.1ms
[2024-08-29T23:15:27.807+0800] GC(194)   Evacuate Collection Set: 0.3ms
[2024-08-29T23:15:27.808+0800] GC(194)   Post Evacuate Collection Set: 0.4ms
[2024-08-29T23:15:27.808+0800] GC(194)   Other: 0.3ms
[2024-08-29T23:15:27.808+0800] GC(194) Eden regions: 4->0(1228)
[2024-08-29T23:15:27.808+0800] GC(194) Survivor regions: 0->0(151)
[2024-08-29T23:15:27.808+0800] GC(194) Old regions: 1->1
[2024-08-29T23:15:27.808+0800] GC(194) Archive regions: 2->2
[2024-08-29T23:15:27.808+0800] GC(194) Humongous regions: 917->592
[2024-08-29T23:15:27.808+0800] GC(194) Metaspace: 1625K(1792K)->1625K(1792K) NonClass: 1506K(1600K)->1506K(1600K) Class: 119K(192K)->119K(192K)
[2024-08-29T23:15:27.808+0800] GC(194) Pause Young (Concurrent Start) (G1 Humongous Allocation) 922M->593M(2048M) 1.436ms
[2024-08-29T23:15:27.808+0800] GC(194) User=0.00s Sys=0.00s Real=0.00s
[2024-08-29T23:15:27.808+0800] GC(195) Concurrent Undo Cycle
[2024-08-29T23:15:27.808+0800] GC(195) Concurrent Cleanup for Next Mark
[2024-08-29T23:15:27.812+0800] GC(195) Concurrent Cleanup for Next Mark 4.855ms
[2024-08-29T23:15:27.813+0800] GC(195) Concurrent Undo Cycle 4.948ms
[2024-08-29T23:15:27.938+0800] GC(196) Pause Young (Concurrent Start) (G1 Humongous Allocation)
[2024-08-29T23:15:27.938+0800] GC(196) Using 8 workers of 8 for evacuation
[2024-08-29T23:15:27.939+0800] GC(196)   Pre Evacuate Collection Set: 0.3ms
[2024-08-29T23:15:27.939+0800] GC(196)   Merge Heap Roots: 0.1ms
[2024-08-29T23:15:27.939+0800] GC(196)   Evacuate Collection Set: 0.3ms
[2024-08-29T23:15:27.939+0800] GC(196)   Post Evacuate Collection Set: 0.5ms
[2024-08-29T23:15:27.939+0800] GC(196)   Other: 0.2ms
[2024-08-29T23:15:27.939+0800] GC(196) Eden regions: 4->0(1228)
[2024-08-29T23:15:27.939+0800] GC(196) Survivor regions: 0->0(154)
[2024-08-29T23:15:27.939+0800] GC(196) Old regions: 1->1
[2024-08-29T23:15:27.939+0800] GC(196) Archive regions: 2->2
[2024-08-29T23:15:27.939+0800] GC(196) Humongous regions: 920->604
[2024-08-29T23:15:27.939+0800] GC(196) Metaspace: 1625K(1792K)->1625K(1792K) NonClass: 1506K(1600K)->1506K(1600K) Class: 119K(192K)->119K(192K)
[2024-08-29T23:15:27.939+0800] GC(196) Pause Young (Concurrent Start) (G1 Humongous Allocation) 925M->605M(2048M) 1.459ms
[2024-08-29T23:15:27.939+0800] GC(196) User=0.00s Sys=0.00s Real=0.00s
[2024-08-29T23:15:27.939+0800] GC(197) Concurrent Undo Cycle
[2024-08-29T23:15:27.939+0800] GC(197) Concurrent Cleanup for Next Mark
[2024-08-29T23:15:27.943+0800] GC(197) Concurrent Cleanup for Next Mark 4.092ms
[2024-08-29T23:15:27.943+0800] GC(197) Concurrent Undo Cycle 4.186ms
[2024-08-29T23:15:28.066+0800] GC(198) Pause Young (Concurrent Start) (G1 Humongous Allocation)
[2024-08-29T23:15:28.066+0800] GC(198) Using 8 workers of 8 for evacuation
[2024-08-29T23:15:28.067+0800] GC(198)   Pre Evacuate Collection Set: 0.3ms
[2024-08-29T23:15:28.067+0800] GC(198)   Merge Heap Roots: 0.1ms
[2024-08-29T23:15:28.067+0800] GC(198)   Evacuate Collection Set: 0.5ms
[2024-08-29T23:15:28.067+0800] GC(198)   Post Evacuate Collection Set: 0.4ms
[2024-08-29T23:15:28.067+0800] GC(198)   Other: 0.2ms
[2024-08-29T23:15:28.067+0800] GC(198) Eden regions: 4->0(1208)
[2024-08-29T23:15:28.067+0800] GC(198) Survivor regions: 0->0(154)
[2024-08-29T23:15:28.067+0800] GC(198) Old regions: 1->1
[2024-08-29T23:15:28.067+0800] GC(198) Archive regions: 2->2
[2024-08-29T23:15:28.067+0800] GC(198) Humongous regions: 918->631
[2024-08-29T23:15:28.067+0800] GC(198) Metaspace: 1625K(1792K)->1625K(1792K) NonClass: 1506K(1600K)->1506K(1600K) Class: 119K(192K)->119K(192K)
[2024-08-29T23:15:28.067+0800] GC(198) Pause Young (Concurrent Start) (G1 Humongous Allocation) 923M->632M(2048M) 1.493ms
[2024-08-29T23:15:28.067+0800] GC(198) User=0.00s Sys=0.01s Real=0.00s
[2024-08-29T23:15:28.067+0800] GC(199) Concurrent Undo Cycle
[2024-08-29T23:15:28.067+0800] GC(199) Concurrent Cleanup for Next Mark
[2024-08-29T23:15:28.072+0800] GC(199) Concurrent Cleanup for Next Mark 5.167ms
[2024-08-29T23:15:28.072+0800] GC(199) Concurrent Undo Cycle 5.240ms
[2024-08-29T23:15:28.182+0800] GC(200) Pause Young (Concurrent Start) (G1 Humongous Allocation)
[2024-08-29T23:15:28.183+0800] GC(200) Using 8 workers of 8 for evacuation
[2024-08-29T23:15:28.184+0800] GC(200)   Pre Evacuate Collection Set: 0.2ms
[2024-08-29T23:15:28.184+0800] GC(200)   Merge Heap Roots: 0.1ms
[2024-08-29T23:15:28.184+0800] GC(200)   Evacuate Collection Set: 0.4ms
[2024-08-29T23:15:28.184+0800] GC(200)   Post Evacuate Collection Set: 0.5ms
[2024-08-29T23:15:28.184+0800] GC(200)   Other: 0.2ms
[2024-08-29T23:15:28.184+0800] GC(200) Eden regions: 4->0(1198)
[2024-08-29T23:15:28.184+0800] GC(200) Survivor regions: 0->0(151)
[2024-08-29T23:15:28.184+0800] GC(200) Old regions: 1->1
[2024-08-29T23:15:28.184+0800] GC(200) Archive regions: 2->2
[2024-08-29T23:15:28.184+0800] GC(200) Humongous regions: 918->641
[2024-08-29T23:15:28.184+0800] GC(200) Metaspace: 1625K(1792K)->1625K(1792K) NonClass: 1506K(1600K)->1506K(1600K) Class: 119K(192K)->119K(192K)
[2024-08-29T23:15:28.184+0800] GC(200) Pause Young (Concurrent Start) (G1 Humongous Allocation) 923M->642M(2048M) 1.450ms
[2024-08-29T23:15:28.184+0800] GC(200) User=0.00s Sys=0.00s Real=0.00s
[2024-08-29T23:15:28.184+0800] GC(201) Concurrent Undo Cycle
[2024-08-29T23:15:28.184+0800] GC(201) Concurrent Cleanup for Next Mark
[2024-08-29T23:15:28.188+0800] GC(201) Concurrent Cleanup for Next Mark 4.160ms
[2024-08-29T23:15:28.188+0800] GC(201) Concurrent Undo Cycle 4.229ms
[2024-08-29T23:15:28.295+0800] GC(202) Pause Young (Concurrent Start) (G1 Humongous Allocation)
[2024-08-29T23:15:28.296+0800] GC(202) Using 8 workers of 8 for evacuation
[2024-08-29T23:15:28.297+0800] GC(202)   Pre Evacuate Collection Set: 0.3ms
[2024-08-29T23:15:28.297+0800] GC(202)   Merge Heap Roots: 0.1ms
[2024-08-29T23:15:28.297+0800] GC(202)   Evacuate Collection Set: 0.3ms
[2024-08-29T23:15:28.297+0800] GC(202)   Post Evacuate Collection Set: 0.4ms
[2024-08-29T23:15:28.297+0800] GC(202)   Other: 0.2ms
[2024-08-29T23:15:28.297+0800] GC(202) Eden regions: 4->0(1185)
[2024-08-29T23:15:28.297+0800] GC(202) Survivor regions: 0->0(150)
[2024-08-29T23:15:28.297+0800] GC(202) Old regions: 1->1
[2024-08-29T23:15:28.297+0800] GC(202) Archive regions: 2->2
[2024-08-29T23:15:28.297+0800] GC(202) Humongous regions: 918->654
[2024-08-29T23:15:28.297+0800] GC(202) Metaspace: 1625K(1792K)->1625K(1792K) NonClass: 1506K(1600K)->1506K(1600K) Class: 119K(192K)->119K(192K)
[2024-08-29T23:15:28.297+0800] GC(202) Pause Young (Concurrent Start) (G1 Humongous Allocation) 923M->655M(2048M) 1.415ms
[2024-08-29T23:15:28.297+0800] GC(202) User=0.00s Sys=0.00s Real=0.00s
[2024-08-29T23:15:28.297+0800] GC(203) Concurrent Undo Cycle
[2024-08-29T23:15:28.297+0800] GC(203) Concurrent Cleanup for Next Mark
[2024-08-29T23:15:28.302+0800] GC(203) Concurrent Cleanup for Next Mark 4.667ms
[2024-08-29T23:15:28.302+0800] GC(203) Concurrent Undo Cycle 4.753ms
[2024-08-29T23:15:28.399+0800] GC(204) Pause Young (Concurrent Start) (G1 Humongous Allocation)
[2024-08-29T23:15:28.399+0800] GC(204) Using 8 workers of 8 for evacuation
[2024-08-29T23:15:28.400+0800] GC(204)   Pre Evacuate Collection Set: 0.3ms
[2024-08-29T23:15:28.400+0800] GC(204)   Merge Heap Roots: 0.1ms
[2024-08-29T23:15:28.400+0800] GC(204)   Evacuate Collection Set: 0.4ms
[2024-08-29T23:15:28.400+0800] GC(204)   Post Evacuate Collection Set: 0.4ms
[2024-08-29T23:15:28.400+0800] GC(204)   Other: 0.3ms
[2024-08-29T23:15:28.400+0800] GC(204) Eden regions: 4->0(1154)
[2024-08-29T23:15:28.400+0800] GC(204) Survivor regions: 0->0(149)
[2024-08-29T23:15:28.400+0800] GC(204) Old regions: 1->1
[2024-08-29T23:15:28.400+0800] GC(204) Archive regions: 2->2
[2024-08-29T23:15:28.400+0800] GC(204) Humongous regions: 915->685
[2024-08-29T23:15:28.400+0800] GC(204) Metaspace: 1625K(1792K)->1625K(1792K) NonClass: 1506K(1600K)->1506K(1600K) Class: 119K(192K)->119K(192K)
[2024-08-29T23:15:28.400+0800] GC(204) Pause Young (Concurrent Start) (G1 Humongous Allocation) 920M->686M(2048M) 1.605ms
[2024-08-29T23:15:28.400+0800] GC(204) User=0.00s Sys=0.00s Real=0.00s
[2024-08-29T23:15:28.400+0800] GC(205) Concurrent Undo Cycle
[2024-08-29T23:15:28.400+0800] GC(205) Concurrent Cleanup for Next Mark
[2024-08-29T23:15:28.404+0800] GC(205) Concurrent Cleanup for Next Mark 4.092ms
[2024-08-29T23:15:28.404+0800] GC(205) Concurrent Undo Cycle 4.177ms
[2024-08-29T23:15:28.497+0800] GC(206) Pause Young (Concurrent Start) (G1 Humongous Allocation)
[2024-08-29T23:15:28.497+0800] GC(206) Using 8 workers of 8 for evacuation
[2024-08-29T23:15:28.499+0800] GC(206)   Pre Evacuate Collection Set: 0.4ms
[2024-08-29T23:15:28.499+0800] GC(206)   Merge Heap Roots: 0.1ms
[2024-08-29T23:15:28.499+0800] GC(206)   Evacuate Collection Set: 0.4ms
[2024-08-29T23:15:28.499+0800] GC(206)   Post Evacuate Collection Set: 0.5ms
[2024-08-29T23:15:28.499+0800] GC(206)   Other: 0.4ms
[2024-08-29T23:15:28.499+0800] GC(206) Eden regions: 4->0(1160)
[2024-08-29T23:15:28.499+0800] GC(206) Survivor regions: 0->0(145)
[2024-08-29T23:15:28.499+0800] GC(206) Old regions: 1->1
[2024-08-29T23:15:28.499+0800] GC(206) Archive regions: 2->2
[2024-08-29T23:15:28.499+0800] GC(206) Humongous regions: 915->679
[2024-08-29T23:15:28.499+0800] GC(206) Metaspace: 1625K(1792K)->1625K(1792K) NonClass: 1506K(1600K)->1506K(1600K) Class: 119K(192K)->119K(192K)
[2024-08-29T23:15:28.499+0800] GC(206) Pause Young (Concurrent Start) (G1 Humongous Allocation) 920M->680M(2048M) 1.875ms
[2024-08-29T23:15:28.499+0800] GC(206) User=0.00s Sys=0.00s Real=0.00s
[2024-08-29T23:15:28.499+0800] GC(207) Concurrent Undo Cycle
[2024-08-29T23:15:28.499+0800] GC(207) Concurrent Cleanup for Next Mark
[2024-08-29T23:15:28.507+0800] GC(207) Concurrent Cleanup for Next Mark 7.518ms
[2024-08-29T23:15:28.507+0800] GC(207) Concurrent Undo Cycle 7.631ms
[2024-08-29T23:15:28.592+0800] GC(208) Pause Young (Concurrent Start) (G1 Humongous Allocation)
[2024-08-29T23:15:28.592+0800] GC(208) Using 8 workers of 8 for evacuation
[2024-08-29T23:15:28.593+0800] GC(208)   Pre Evacuate Collection Set: 0.3ms
[2024-08-29T23:15:28.593+0800] GC(208)   Merge Heap Roots: 0.1ms
[2024-08-29T23:15:28.593+0800] GC(208)   Evacuate Collection Set: 0.5ms
[2024-08-29T23:15:28.593+0800] GC(208)   Post Evacuate Collection Set: 0.4ms
[2024-08-29T23:15:28.593+0800] GC(208)   Other: 0.2ms
[2024-08-29T23:15:28.593+0800] GC(208) Eden regions: 4->0(1154)
[2024-08-29T23:15:28.593+0800] GC(208) Survivor regions: 0->0(145)
[2024-08-29T23:15:28.593+0800] GC(208) Old regions: 1->1
[2024-08-29T23:15:28.594+0800] GC(208) Archive regions: 2->2
[2024-08-29T23:15:28.594+0800] GC(208) Humongous regions: 917->685
[2024-08-29T23:15:28.594+0800] GC(208) Metaspace: 1625K(1792K)->1625K(1792K) NonClass: 1506K(1600K)->1506K(1600K) Class: 119K(192K)->119K(192K)
[2024-08-29T23:15:28.594+0800] GC(208) Pause Young (Concurrent Start) (G1 Humongous Allocation) 922M->686M(2048M) 1.532ms
[2024-08-29T23:15:28.594+0800] GC(208) User=0.00s Sys=0.01s Real=0.01s
[2024-08-29T23:15:28.594+0800] GC(209) Concurrent Undo Cycle
[2024-08-29T23:15:28.594+0800] GC(209) Concurrent Cleanup for Next Mark
[2024-08-29T23:15:28.600+0800] GC(209) Concurrent Cleanup for Next Mark 6.295ms
[2024-08-29T23:15:28.600+0800] GC(209) Concurrent Undo Cycle 6.423ms
[2024-08-29T23:15:28.675+0800] GC(210) Pause Young (Concurrent Start) (G1 Humongous Allocation)
[2024-08-29T23:15:28.675+0800] GC(210) Using 8 workers of 8 for evacuation
[2024-08-29T23:15:28.676+0800] GC(210)   Pre Evacuate Collection Set: 0.3ms
[2024-08-29T23:15:28.676+0800] GC(210)   Merge Heap Roots: 0.1ms
[2024-08-29T23:15:28.676+0800] GC(210)   Evacuate Collection Set: 0.3ms
[2024-08-29T23:15:28.676+0800] GC(210)   Post Evacuate Collection Set: 0.3ms
[2024-08-29T23:15:28.676+0800] GC(210)   Other: 0.2ms
[2024-08-29T23:15:28.676+0800] GC(210) Eden regions: 4->0(1093)
[2024-08-29T23:15:28.676+0800] GC(210) Survivor regions: 0->0(145)
[2024-08-29T23:15:28.676+0800] GC(210) Old regions: 1->1
[2024-08-29T23:15:28.676+0800] GC(210) Archive regions: 2->2
[2024-08-29T23:15:28.676+0800] GC(210) Humongous regions: 917->746
[2024-08-29T23:15:28.676+0800] GC(210) Metaspace: 1625K(1792K)->1625K(1792K) NonClass: 1506K(1600K)->1506K(1600K) Class: 119K(192K)->119K(192K)
[2024-08-29T23:15:28.676+0800] GC(210) Pause Young (Concurrent Start) (G1 Humongous Allocation) 922M->747M(2048M) 1.265ms
[2024-08-29T23:15:28.676+0800] GC(210) User=0.00s Sys=0.00s Real=0.00s
[2024-08-29T23:15:28.676+0800] GC(211) Concurrent Undo Cycle
[2024-08-29T23:15:28.676+0800] GC(211) Concurrent Cleanup for Next Mark
[2024-08-29T23:15:28.682+0800] GC(211) Concurrent Cleanup for Next Mark 5.906ms
[2024-08-29T23:15:28.682+0800] GC(211) Concurrent Undo Cycle 5.992ms
[2024-08-29T23:15:28.765+0800] GC(212) Pause Young (Concurrent Start) (G1 Humongous Allocation)
[2024-08-29T23:15:28.765+0800] GC(212) Using 8 workers of 8 for evacuation
[2024-08-29T23:15:28.767+0800] GC(212)   Pre Evacuate Collection Set: 0.2ms
[2024-08-29T23:15:28.767+0800] GC(212)   Merge Heap Roots: 0.1ms
[2024-08-29T23:15:28.767+0800] GC(212)   Evacuate Collection Set: 0.3ms
[2024-08-29T23:15:28.767+0800] GC(212)   Post Evacuate Collection Set: 0.6ms
[2024-08-29T23:15:28.767+0800] GC(212)   Other: 0.3ms
[2024-08-29T23:15:28.767+0800] GC(212) Eden regions: 4->0(1154)
[2024-08-29T23:15:28.767+0800] GC(212) Survivor regions: 0->0(137)
[2024-08-29T23:15:28.767+0800] GC(212) Old regions: 1->1
[2024-08-29T23:15:28.767+0800] GC(212) Archive regions: 2->2
[2024-08-29T23:15:28.767+0800] GC(212) Humongous regions: 919->685
[2024-08-29T23:15:28.767+0800] GC(212) Metaspace: 1625K(1792K)->1625K(1792K) NonClass: 1506K(1600K)->1506K(1600K) Class: 119K(192K)->119K(192K)
[2024-08-29T23:15:28.767+0800] GC(212) Pause Young (Concurrent Start) (G1 Humongous Allocation) 924M->686M(2048M) 1.640ms
[2024-08-29T23:15:28.767+0800] GC(212) User=0.00s Sys=0.01s Real=0.00s
[2024-08-29T23:15:28.767+0800] GC(213) Concurrent Undo Cycle
[2024-08-29T23:15:28.767+0800] GC(213) Concurrent Cleanup for Next Mark
[2024-08-29T23:15:28.772+0800] GC(213) Concurrent Cleanup for Next Mark 5.075ms
[2024-08-29T23:15:28.772+0800] GC(213) Concurrent Undo Cycle 5.150ms
[2024-08-29T23:15:28.862+0800] GC(214) Pause Young (Concurrent Start) (G1 Humongous Allocation)
[2024-08-29T23:15:28.862+0800] GC(214) Using 8 workers of 8 for evacuation
[2024-08-29T23:15:28.863+0800] GC(214)   Pre Evacuate Collection Set: 0.4ms
[2024-08-29T23:15:28.863+0800] GC(214)   Merge Heap Roots: 0.1ms
[2024-08-29T23:15:28.863+0800] GC(214)   Evacuate Collection Set: 0.3ms
[2024-08-29T23:15:28.863+0800] GC(214)   Post Evacuate Collection Set: 0.4ms
[2024-08-29T23:15:28.863+0800] GC(214)   Other: 0.2ms
[2024-08-29T23:15:28.863+0800] GC(214) Eden regions: 4->0(1148)
[2024-08-29T23:15:28.864+0800] GC(214) Survivor regions: 0->0(145)
[2024-08-29T23:15:28.864+0800] GC(214) Old regions: 1->1
[2024-08-29T23:15:28.864+0800] GC(214) Archive regions: 2->2
[2024-08-29T23:15:28.864+0800] GC(214) Humongous regions: 917->691
[2024-08-29T23:15:28.864+0800] GC(214) Metaspace: 1625K(1792K)->1625K(1792K) NonClass: 1506K(1600K)->1506K(1600K) Class: 119K(192K)->119K(192K)
[2024-08-29T23:15:28.864+0800] GC(214) Pause Young (Concurrent Start) (G1 Humongous Allocation) 922M->692M(2048M) 1.446ms
[2024-08-29T23:15:28.864+0800] GC(214) User=0.00s Sys=0.00s Real=0.01s
[2024-08-29T23:15:28.864+0800] GC(215) Concurrent Undo Cycle
[2024-08-29T23:15:28.864+0800] GC(215) Concurrent Cleanup for Next Mark
[2024-08-29T23:15:28.868+0800] GC(215) Concurrent Cleanup for Next Mark 4.536ms
[2024-08-29T23:15:28.868+0800] GC(215) Concurrent Undo Cycle 4.599ms
[2024-08-29T23:15:28.950+0800] GC(216) Pause Young (Concurrent Start) (G1 Humongous Allocation)
[2024-08-29T23:15:28.950+0800] GC(216) Using 8 workers of 8 for evacuation
[2024-08-29T23:15:28.952+0800] GC(216)   Pre Evacuate Collection Set: 0.4ms
[2024-08-29T23:15:28.952+0800] GC(216)   Merge Heap Roots: 0.1ms
[2024-08-29T23:15:28.952+0800] GC(216)   Evacuate Collection Set: 0.4ms
[2024-08-29T23:15:28.952+0800] GC(216)   Post Evacuate Collection Set: 0.4ms
[2024-08-29T23:15:28.952+0800] GC(216)   Other: 0.2ms
[2024-08-29T23:15:28.952+0800] GC(216) Eden regions: 4->0(1121)
[2024-08-29T23:15:28.952+0800] GC(216) Survivor regions: 0->0(144)
[2024-08-29T23:15:28.952+0800] GC(216) Old regions: 1->1
[2024-08-29T23:15:28.952+0800] GC(216) Archive regions: 2->2
[2024-08-29T23:15:28.952+0800] GC(216) Humongous regions: 918->718
[2024-08-29T23:15:28.952+0800] GC(216) Metaspace: 1625K(1792K)->1625K(1792K) NonClass: 1506K(1600K)->1506K(1600K) Class: 119K(192K)->119K(192K)
[2024-08-29T23:15:28.952+0800] GC(216) Pause Young (Concurrent Start) (G1 Humongous Allocation) 923M->719M(2048M) 1.642ms
[2024-08-29T23:15:28.952+0800] GC(216) User=0.00s Sys=0.00s Real=0.00s
[2024-08-29T23:15:28.952+0800] GC(217) Concurrent Undo Cycle
[2024-08-29T23:15:28.952+0800] GC(217) Concurrent Cleanup for Next Mark
[2024-08-29T23:15:28.957+0800] GC(217) Concurrent Cleanup for Next Mark 5.241ms
[2024-08-29T23:15:28.957+0800] GC(217) Concurrent Undo Cycle 5.335ms
[2024-08-29T23:15:29.029+0800] GC(218) Pause Young (Concurrent Start) (G1 Humongous Allocation)
[2024-08-29T23:15:29.029+0800] GC(218) Using 8 workers of 8 for evacuation
[2024-08-29T23:15:29.031+0800] GC(218)   Pre Evacuate Collection Set: 0.4ms
[2024-08-29T23:15:29.031+0800] GC(218)   Merge Heap Roots: 0.1ms
[2024-08-29T23:15:29.031+0800] GC(218)   Evacuate Collection Set: 0.4ms
[2024-08-29T23:15:29.031+0800] GC(218)   Post Evacuate Collection Set: 0.4ms
[2024-08-29T23:15:29.031+0800] GC(218)   Other: 0.2ms
[2024-08-29T23:15:29.031+0800] GC(218) Eden regions: 4->0(1067)
[2024-08-29T23:15:29.031+0800] GC(218) Survivor regions: 0->0(141)
[2024-08-29T23:15:29.031+0800] GC(218) Old regions: 1->1
[2024-08-29T23:15:29.031+0800] GC(218) Archive regions: 2->2
[2024-08-29T23:15:29.031+0800] GC(218) Humongous regions: 919->772
[2024-08-29T23:15:29.031+0800] GC(218) Metaspace: 1625K(1792K)->1625K(1792K) NonClass: 1506K(1600K)->1506K(1600K) Class: 119K(192K)->119K(192K)
[2024-08-29T23:15:29.031+0800] GC(218) Pause Young (Concurrent Start) (G1 Humongous Allocation) 924M->773M(2048M) 1.498ms
[2024-08-29T23:15:29.031+0800] GC(218) User=0.00s Sys=0.01s Real=0.00s
[2024-08-29T23:15:29.031+0800] GC(219) Concurrent Undo Cycle
[2024-08-29T23:15:29.031+0800] GC(219) Concurrent Cleanup for Next Mark
[2024-08-29T23:15:29.037+0800] GC(219) Concurrent Cleanup for Next Mark 6.450ms
[2024-08-29T23:15:29.037+0800] GC(219) Concurrent Undo Cycle 6.567ms
[2024-08-29T23:15:29.092+0800] GC(220) Pause Young (Concurrent Start) (G1 Humongous Allocation)
[2024-08-29T23:15:29.092+0800] GC(220) Using 8 workers of 8 for evacuation
[2024-08-29T23:15:29.094+0800] GC(220)   Pre Evacuate Collection Set: 0.3ms
[2024-08-29T23:15:29.094+0800] GC(220)   Merge Heap Roots: 0.1ms
[2024-08-29T23:15:29.094+0800] GC(220)   Evacuate Collection Set: 0.6ms
[2024-08-29T23:15:29.094+0800] GC(220)   Post Evacuate Collection Set: 0.4ms
[2024-08-29T23:15:29.094+0800] GC(220)   Other: 0.3ms
[2024-08-29T23:15:29.094+0800] GC(220) Eden regions: 4->0(1070)
[2024-08-29T23:15:29.094+0800] GC(220) Survivor regions: 0->1(134)
[2024-08-29T23:15:29.094+0800] GC(220) Old regions: 1->1
[2024-08-29T23:15:29.094+0800] GC(220) Archive regions: 2->2
[2024-08-29T23:15:29.094+0800] GC(220) Humongous regions: 916->768
[2024-08-29T23:15:29.094+0800] GC(220) Metaspace: 1625K(1792K)->1625K(1792K) NonClass: 1506K(1600K)->1506K(1600K) Class: 119K(192K)->119K(192K)
[2024-08-29T23:15:29.094+0800] GC(220) Pause Young (Concurrent Start) (G1 Humongous Allocation) 921M->769M(2048M) 1.758ms
[2024-08-29T23:15:29.094+0800] GC(220) User=0.00s Sys=0.00s Real=0.01s
[2024-08-29T23:15:29.094+0800] GC(221) Concurrent Undo Cycle
[2024-08-29T23:15:29.094+0800] GC(221) Concurrent Cleanup for Next Mark
[2024-08-29T23:15:29.101+0800] GC(221) Concurrent Cleanup for Next Mark 6.618ms
[2024-08-29T23:15:29.101+0800] GC(221) Concurrent Undo Cycle 6.721ms
[2024-08-29T23:15:29.151+0800] GC(222) Pause Young (Concurrent Start) (G1 Humongous Allocation)
[2024-08-29T23:15:29.151+0800] GC(222) Using 8 workers of 8 for evacuation
[2024-08-29T23:15:29.153+0800] GC(222)   Pre Evacuate Collection Set: 0.4ms
[2024-08-29T23:15:29.153+0800] GC(222)   Merge Heap Roots: 0.1ms
[2024-08-29T23:15:29.153+0800] GC(222)   Evacuate Collection Set: 0.4ms
[2024-08-29T23:15:29.153+0800] GC(222)   Post Evacuate Collection Set: 0.4ms
[2024-08-29T23:15:29.153+0800] GC(222)   Other: 0.3ms
[2024-08-29T23:15:29.153+0800] GC(222) Eden regions: 4->0(1060)
[2024-08-29T23:15:29.153+0800] GC(222) Survivor regions: 1->0(134)
[2024-08-29T23:15:29.153+0800] GC(222) Old regions: 1->1
[2024-08-29T23:15:29.153+0800] GC(222) Archive regions: 2->2
[2024-08-29T23:15:29.153+0800] GC(222) Humongous regions: 917->779
[2024-08-29T23:15:29.153+0800] GC(222) Metaspace: 1625K(1792K)->1625K(1792K) NonClass: 1506K(1600K)->1506K(1600K) Class: 119K(192K)->119K(192K)
[2024-08-29T23:15:29.153+0800] GC(222) Pause Young (Concurrent Start) (G1 Humongous Allocation) 922M->780M(2048M) 1.590ms
[2024-08-29T23:15:29.153+0800] GC(222) User=0.00s Sys=0.00s Real=0.01s
[2024-08-29T23:15:29.153+0800] GC(223) Concurrent Undo Cycle
[2024-08-29T23:15:29.153+0800] GC(223) Concurrent Cleanup for Next Mark
[2024-08-29T23:15:29.158+0800] GC(223) Concurrent Cleanup for Next Mark 4.942ms
[2024-08-29T23:15:29.158+0800] GC(223) Concurrent Undo Cycle 5.048ms
[2024-08-29T23:15:29.210+0800] GC(224) Pause Young (Concurrent Start) (G1 Humongous Allocation)
[2024-08-29T23:15:29.210+0800] GC(224) Using 8 workers of 8 for evacuation
[2024-08-29T23:15:29.211+0800] GC(224)   Pre Evacuate Collection Set: 0.4ms
[2024-08-29T23:15:29.211+0800] GC(224)   Merge Heap Roots: 0.1ms
[2024-08-29T23:15:29.211+0800] GC(224)   Evacuate Collection Set: 0.3ms
[2024-08-29T23:15:29.211+0800] GC(224)   Post Evacuate Collection Set: 0.3ms
[2024-08-29T23:15:29.211+0800] GC(224)   Other: 0.3ms
[2024-08-29T23:15:29.211+0800] GC(224) Eden regions: 4->0(1067)
[2024-08-29T23:15:29.211+0800] GC(224) Survivor regions: 0->0(133)
[2024-08-29T23:15:29.211+0800] GC(224) Old regions: 1->1
[2024-08-29T23:15:29.211+0800] GC(224) Archive regions: 2->2
[2024-08-29T23:15:29.211+0800] GC(224) Humongous regions: 919->772
[2024-08-29T23:15:29.211+0800] GC(224) Metaspace: 1625K(1792K)->1625K(1792K) NonClass: 1506K(1600K)->1506K(1600K) Class: 119K(192K)->119K(192K)
[2024-08-29T23:15:29.211+0800] GC(224) Pause Young (Concurrent Start) (G1 Humongous Allocation) 924M->773M(2048M) 1.503ms
[2024-08-29T23:15:29.211+0800] GC(224) User=0.00s Sys=0.00s Real=0.00s
[2024-08-29T23:15:29.211+0800] GC(225) Concurrent Undo Cycle
[2024-08-29T23:15:29.211+0800] GC(225) Concurrent Cleanup for Next Mark
[2024-08-29T23:15:29.217+0800] GC(225) Concurrent Cleanup for Next Mark 6.324ms
[2024-08-29T23:15:29.218+0800] GC(225) Concurrent Undo Cycle 6.403ms
[2024-08-29T23:15:29.265+0800] GC(226) Pause Young (Concurrent Start) (G1 Humongous Allocation)
[2024-08-29T23:15:29.265+0800] GC(226) Using 8 workers of 8 for evacuation
[2024-08-29T23:15:29.267+0800] GC(226)   Pre Evacuate Collection Set: 0.3ms
[2024-08-29T23:15:29.267+0800] GC(226)   Merge Heap Roots: 0.1ms
[2024-08-29T23:15:29.267+0800] GC(226)   Evacuate Collection Set: 0.3ms
[2024-08-29T23:15:29.267+0800] GC(226)   Post Evacuate Collection Set: 0.4ms
[2024-08-29T23:15:29.267+0800] GC(226)   Other: 0.2ms
[2024-08-29T23:15:29.267+0800] GC(226) Eden regions: 4->0(1054)
[2024-08-29T23:15:29.267+0800] GC(226) Survivor regions: 0->0(134)
[2024-08-29T23:15:29.267+0800] GC(226) Old regions: 1->1
[2024-08-29T23:15:29.267+0800] GC(226) Archive regions: 2->2
[2024-08-29T23:15:29.267+0800] GC(226) Humongous regions: 918->785
[2024-08-29T23:15:29.267+0800] GC(226) Metaspace: 1625K(1792K)->1625K(1792K) NonClass: 1506K(1600K)->1506K(1600K) Class: 119K(192K)->119K(192K)
[2024-08-29T23:15:29.267+0800] GC(226) Pause Young (Concurrent Start) (G1 Humongous Allocation) 923M->786M(2048M) 1.322ms
[2024-08-29T23:15:29.267+0800] GC(226) User=0.00s Sys=0.00s Real=0.00s
[2024-08-29T23:15:29.267+0800] GC(227) Concurrent Undo Cycle
[2024-08-29T23:15:29.267+0800] GC(227) Concurrent Cleanup for Next Mark
[2024-08-29T23:15:29.271+0800] GC(227) Concurrent Cleanup for Next Mark 4.253ms
[2024-08-29T23:15:29.271+0800] GC(227) Concurrent Undo Cycle 4.320ms
[2024-08-29T23:15:29.327+0800] GC(228) Pause Young (Concurrent Start) (G1 Humongous Allocation)
[2024-08-29T23:15:29.327+0800] GC(228) Using 8 workers of 8 for evacuation
[2024-08-29T23:15:29.329+0800] GC(228)   Pre Evacuate Collection Set: 0.3ms
[2024-08-29T23:15:29.329+0800] GC(228)   Merge Heap Roots: 0.1ms
[2024-08-29T23:15:29.329+0800] GC(228)   Evacuate Collection Set: 0.3ms
[2024-08-29T23:15:29.329+0800] GC(228)   Post Evacuate Collection Set: 0.4ms
[2024-08-29T23:15:29.329+0800] GC(228)   Other: 0.2ms
[2024-08-29T23:15:29.329+0800] GC(228) Eden regions: 4->0(1078)
[2024-08-29T23:15:29.329+0800] GC(228) Survivor regions: 0->0(132)
[2024-08-29T23:15:29.329+0800] GC(228) Old regions: 1->1
[2024-08-29T23:15:29.329+0800] GC(228) Archive regions: 2->2
[2024-08-29T23:15:29.329+0800] GC(228) Humongous regions: 918->761
[2024-08-29T23:15:29.329+0800] GC(228) Metaspace: 1625K(1792K)->1625K(1792K) NonClass: 1506K(1600K)->1506K(1600K) Class: 119K(192K)->119K(192K)
[2024-08-29T23:15:29.329+0800] GC(228) Pause Young (Concurrent Start) (G1 Humongous Allocation) 923M->762M(2048M) 1.376ms
[2024-08-29T23:15:29.329+0800] GC(228) User=0.00s Sys=0.00s Real=0.00s
[2024-08-29T23:15:29.329+0800] GC(229) Concurrent Undo Cycle
[2024-08-29T23:15:29.329+0800] GC(229) Concurrent Cleanup for Next Mark
[2024-08-29T23:15:29.333+0800] GC(229) Concurrent Cleanup for Next Mark 4.534ms
[2024-08-29T23:15:29.334+0800] GC(229) Concurrent Undo Cycle 4.665ms
[2024-08-29T23:15:29.398+0800] GC(230) Pause Young (Concurrent Start) (G1 Humongous Allocation)
[2024-08-29T23:15:29.399+0800] GC(230) Using 8 workers of 8 for evacuation
[2024-08-29T23:15:29.400+0800] GC(230)   Pre Evacuate Collection Set: 0.3ms
[2024-08-29T23:15:29.400+0800] GC(230)   Merge Heap Roots: 0.1ms
[2024-08-29T23:15:29.400+0800] GC(230)   Evacuate Collection Set: 0.4ms
[2024-08-29T23:15:29.400+0800] GC(230)   Post Evacuate Collection Set: 0.4ms
[2024-08-29T23:15:29.400+0800] GC(230)   Other: 0.3ms
[2024-08-29T23:15:29.400+0800] GC(230) Eden regions: 4->0(1095)
[2024-08-29T23:15:29.400+0800] GC(230) Survivor regions: 0->0(135)
[2024-08-29T23:15:29.400+0800] GC(230) Old regions: 1->1
[2024-08-29T23:15:29.400+0800] GC(230) Archive regions: 2->2
[2024-08-29T23:15:29.400+0800] GC(230) Humongous regions: 916->744
[2024-08-29T23:15:29.400+0800] GC(230) Metaspace: 1625K(1792K)->1625K(1792K) NonClass: 1506K(1600K)->1506K(1600K) Class: 119K(192K)->119K(192K)
[2024-08-29T23:15:29.400+0800] GC(230) Pause Young (Concurrent Start) (G1 Humongous Allocation) 921M->745M(2048M) 1.484ms
[2024-08-29T23:15:29.400+0800] GC(230) User=0.00s Sys=0.00s Real=0.00s
[2024-08-29T23:15:29.400+0800] GC(231) Concurrent Undo Cycle
[2024-08-29T23:15:29.400+0800] GC(231) Concurrent Cleanup for Next Mark
[2024-08-29T23:15:29.407+0800] GC(231) Concurrent Cleanup for Next Mark 7.417ms
[2024-08-29T23:15:29.407+0800] GC(231) Concurrent Undo Cycle 7.528ms
[2024-08-29T23:15:29.478+0800] GC(232) Pause Young (Concurrent Start) (G1 Humongous Allocation)
[2024-08-29T23:15:29.478+0800] GC(232) Using 8 workers of 8 for evacuation
[2024-08-29T23:15:29.479+0800] GC(232)   Pre Evacuate Collection Set: 0.3ms
[2024-08-29T23:15:29.479+0800] GC(232)   Merge Heap Roots: 0.2ms
[2024-08-29T23:15:29.479+0800] GC(232)   Evacuate Collection Set: 0.5ms
[2024-08-29T23:15:29.479+0800] GC(232)   Post Evacuate Collection Set: 0.4ms
[2024-08-29T23:15:29.479+0800] GC(232)   Other: 0.3ms
[2024-08-29T23:15:29.479+0800] GC(232) Eden regions: 4->0(1112)
[2024-08-29T23:15:29.479+0800] GC(232) Survivor regions: 0->0(137)
[2024-08-29T23:15:29.479+0800] GC(232) Old regions: 1->1
[2024-08-29T23:15:29.479+0800] GC(232) Archive regions: 2->2
[2024-08-29T23:15:29.479+0800] GC(232) Humongous regions: 917->727
[2024-08-29T23:15:29.479+0800] GC(232) Metaspace: 1625K(1792K)->1625K(1792K) NonClass: 1506K(1600K)->1506K(1600K) Class: 119K(192K)->119K(192K)
[2024-08-29T23:15:29.479+0800] GC(232) Pause Young (Concurrent Start) (G1 Humongous Allocation) 922M->728M(2048M) 1.733ms
[2024-08-29T23:15:29.479+0800] GC(232) User=0.00s Sys=0.00s Real=0.00s
[2024-08-29T23:15:29.479+0800] GC(233) Concurrent Undo Cycle
[2024-08-29T23:15:29.479+0800] GC(233) Concurrent Cleanup for Next Mark
[2024-08-29T23:15:29.486+0800] GC(233) Concurrent Cleanup for Next Mark 6.960ms
[2024-08-29T23:15:29.486+0800] GC(233) Concurrent Undo Cycle 7.160ms
[2024-08-29T23:15:29.559+0800] GC(234) Pause Young (Concurrent Start) (G1 Humongous Allocation)
[2024-08-29T23:15:29.560+0800] GC(234) Using 8 workers of 8 for evacuation
[2024-08-29T23:15:29.561+0800] GC(234)   Pre Evacuate Collection Set: 0.5ms
[2024-08-29T23:15:29.561+0800] GC(234)   Merge Heap Roots: 0.1ms
[2024-08-29T23:15:29.561+0800] GC(234)   Evacuate Collection Set: 0.4ms
[2024-08-29T23:15:29.561+0800] GC(234)   Post Evacuate Collection Set: 0.4ms
[2024-08-29T23:15:29.561+0800] GC(234)   Other: 0.3ms
[2024-08-29T23:15:29.561+0800] GC(234) Eden regions: 4->0(1122)
[2024-08-29T23:15:29.561+0800] GC(234) Survivor regions: 0->0(139)
[2024-08-29T23:15:29.561+0800] GC(234) Old regions: 1->1
[2024-08-29T23:15:29.561+0800] GC(234) Archive regions: 2->2
[2024-08-29T23:15:29.561+0800] GC(234) Humongous regions: 917->717
[2024-08-29T23:15:29.561+0800] GC(234) Metaspace: 1625K(1792K)->1625K(1792K) NonClass: 1506K(1600K)->1506K(1600K) Class: 119K(192K)->119K(192K)
[2024-08-29T23:15:29.561+0800] GC(234) Pause Young (Concurrent Start) (G1 Humongous Allocation) 922M->718M(2048M) 1.748ms
[2024-08-29T23:15:29.561+0800] GC(234) User=0.00s Sys=0.00s Real=0.00s
[2024-08-29T23:15:29.561+0800] GC(235) Concurrent Undo Cycle
[2024-08-29T23:15:29.561+0800] GC(235) Concurrent Cleanup for Next Mark
[2024-08-29T23:15:29.568+0800] GC(235) Concurrent Cleanup for Next Mark 6.181ms
[2024-08-29T23:15:29.568+0800] GC(235) Concurrent Undo Cycle 6.398ms
[2024-08-29T23:15:29.654+0800] GC(236) Pause Young (Concurrent Start) (G1 Humongous Allocation)
[2024-08-29T23:15:29.654+0800] GC(236) Using 8 workers of 8 for evacuation
[2024-08-29T23:15:29.655+0800] GC(236)   Pre Evacuate Collection Set: 0.3ms
[2024-08-29T23:15:29.655+0800] GC(236)   Merge Heap Roots: 0.1ms
[2024-08-29T23:15:29.655+0800] GC(236)   Evacuate Collection Set: 0.4ms
[2024-08-29T23:15:29.655+0800] GC(236)   Post Evacuate Collection Set: 0.4ms
[2024-08-29T23:15:29.655+0800] GC(236)   Other: 0.3ms
[2024-08-29T23:15:29.655+0800] GC(236) Eden regions: 4->0(1146)
[2024-08-29T23:15:29.655+0800] GC(236) Survivor regions: 0->0(141)
[2024-08-29T23:15:29.655+0800] GC(236) Old regions: 1->1
[2024-08-29T23:15:29.655+0800] GC(236) Archive regions: 2->2
[2024-08-29T23:15:29.655+0800] GC(236) Humongous regions: 922->693
[2024-08-29T23:15:29.655+0800] GC(236) Metaspace: 1625K(1792K)->1625K(1792K) NonClass: 1506K(1600K)->1506K(1600K) Class: 119K(192K)->119K(192K)
[2024-08-29T23:15:29.655+0800] GC(236) Pause Young (Concurrent Start) (G1 Humongous Allocation) 927M->694M(2048M) 1.511ms
[2024-08-29T23:15:29.655+0800] GC(236) User=0.00s Sys=0.00s Real=0.00s
[2024-08-29T23:15:29.655+0800] GC(237) Concurrent Undo Cycle
[2024-08-29T23:15:29.655+0800] GC(237) Concurrent Cleanup for Next Mark
[2024-08-29T23:15:29.660+0800] GC(237) Concurrent Cleanup for Next Mark 5.062ms
[2024-08-29T23:15:29.661+0800] GC(237) Concurrent Undo Cycle 5.192ms
[2024-08-29T23:15:29.754+0800] GC(238) Pause Young (Concurrent Start) (G1 Humongous Allocation)
[2024-08-29T23:15:29.754+0800] GC(238) Using 8 workers of 8 for evacuation
[2024-08-29T23:15:29.755+0800] GC(238)   Pre Evacuate Collection Set: 0.4ms
[2024-08-29T23:15:29.755+0800] GC(238)   Merge Heap Roots: 0.1ms
[2024-08-29T23:15:29.755+0800] GC(238)   Evacuate Collection Set: 0.4ms
[2024-08-29T23:15:29.755+0800] GC(238)   Post Evacuate Collection Set: 0.5ms
[2024-08-29T23:15:29.755+0800] GC(238)   Other: 0.3ms
[2024-08-29T23:15:29.755+0800] GC(238) Eden regions: 4->0(1179)
[2024-08-29T23:15:29.755+0800] GC(238) Survivor regions: 0->0(144)
[2024-08-29T23:15:29.755+0800] GC(238) Old regions: 1->1
[2024-08-29T23:15:29.755+0800] GC(238) Archive regions: 2->2
[2024-08-29T23:15:29.755+0800] GC(238) Humongous regions: 919->660
[2024-08-29T23:15:29.755+0800] GC(238) Metaspace: 1625K(1792K)->1625K(1792K) NonClass: 1506K(1600K)->1506K(1600K) Class: 119K(192K)->119K(192K)
[2024-08-29T23:15:29.755+0800] GC(238) Pause Young (Concurrent Start) (G1 Humongous Allocation) 924M->661M(2048M) 1.680ms
[2024-08-29T23:15:29.755+0800] GC(238) User=0.00s Sys=0.01s Real=0.00s
[2024-08-29T23:15:29.755+0800] GC(239) Concurrent Undo Cycle
[2024-08-29T23:15:29.755+0800] GC(239) Concurrent Cleanup for Next Mark
[2024-08-29T23:15:29.760+0800] GC(239) Concurrent Cleanup for Next Mark 4.892ms
[2024-08-29T23:15:29.760+0800] GC(239) Concurrent Undo Cycle 5.011ms
[2024-08-29T23:15:29.849+0800] GC(240) Pause Young (Concurrent Start) (G1 Humongous Allocation)
[2024-08-29T23:15:29.849+0800] GC(240) Using 8 workers of 8 for evacuation
[2024-08-29T23:15:29.851+0800] GC(240)   Pre Evacuate Collection Set: 0.2ms
[2024-08-29T23:15:29.851+0800] GC(240)   Merge Heap Roots: 0.1ms
[2024-08-29T23:15:29.851+0800] GC(240)   Evacuate Collection Set: 0.5ms
[2024-08-29T23:15:29.851+0800] GC(240)   Post Evacuate Collection Set: 0.5ms
[2024-08-29T23:15:29.851+0800] GC(240)   Other: 0.3ms
[2024-08-29T23:15:29.851+0800] GC(240) Eden regions: 4->0(1128)
[2024-08-29T23:15:29.851+0800] GC(240) Survivor regions: 0->0(148)
[2024-08-29T23:15:29.851+0800] GC(240) Old regions: 1->1
[2024-08-29T23:15:29.851+0800] GC(240) Archive regions: 2->2
[2024-08-29T23:15:29.851+0800] GC(240) Humongous regions: 918->711
[2024-08-29T23:15:29.851+0800] GC(240) Metaspace: 1625K(1792K)->1625K(1792K) NonClass: 1506K(1600K)->1506K(1600K) Class: 119K(192K)->119K(192K)
[2024-08-29T23:15:29.851+0800] GC(240) Pause Young (Concurrent Start) (G1 Humongous Allocation) 923M->712M(2048M) 1.574ms
[2024-08-29T23:15:29.851+0800] GC(240) User=0.00s Sys=0.00s Real=0.00s
[2024-08-29T23:15:29.851+0800] GC(241) Concurrent Undo Cycle
[2024-08-29T23:15:29.851+0800] GC(241) Concurrent Cleanup for Next Mark
[2024-08-29T23:15:29.854+0800] GC(241) Concurrent Cleanup for Next Mark 3.510ms
[2024-08-29T23:15:29.855+0800] GC(241) Concurrent Undo Cycle 3.556ms
[2024-08-29T23:15:29.931+0800] GC(242) Pause Young (Concurrent Start) (G1 Humongous Allocation)
[2024-08-29T23:15:29.931+0800] GC(242) Using 8 workers of 8 for evacuation
[2024-08-29T23:15:29.933+0800] GC(242)   Pre Evacuate Collection Set: 0.3ms
[2024-08-29T23:15:29.933+0800] GC(242)   Merge Heap Roots: 0.1ms
[2024-08-29T23:15:29.933+0800] GC(242)   Evacuate Collection Set: 0.4ms
[2024-08-29T23:15:29.933+0800] GC(242)   Post Evacuate Collection Set: 0.4ms
[2024-08-29T23:15:29.933+0800] GC(242)   Other: 0.2ms
[2024-08-29T23:15:29.933+0800] GC(242) Eden regions: 4->0(1120)
[2024-08-29T23:15:29.933+0800] GC(242) Survivor regions: 0->0(141)
[2024-08-29T23:15:29.933+0800] GC(242) Old regions: 1->1
[2024-08-29T23:15:29.933+0800] GC(242) Archive regions: 2->2
[2024-08-29T23:15:29.933+0800] GC(242) Humongous regions: 918->719
[2024-08-29T23:15:29.933+0800] GC(242) Metaspace: 1625K(1792K)->1625K(1792K) NonClass: 1506K(1600K)->1506K(1600K) Class: 119K(192K)->119K(192K)
[2024-08-29T23:15:29.933+0800] GC(242) Pause Young (Concurrent Start) (G1 Humongous Allocation) 923M->720M(2048M) 1.590ms
[2024-08-29T23:15:29.933+0800] GC(242) User=0.00s Sys=0.01s Real=0.01s
[2024-08-29T23:15:29.933+0800] GC(243) Concurrent Undo Cycle
[2024-08-29T23:15:29.933+0800] GC(243) Concurrent Cleanup for Next Mark
[2024-08-29T23:15:29.937+0800] GC(243) Concurrent Cleanup for Next Mark 3.669ms
[2024-08-29T23:15:29.937+0800] GC(243) Concurrent Undo Cycle 3.730ms
[2024-08-29T23:15:30.026+0800] GC(244) Pause Young (Concurrent Start) (G1 Humongous Allocation)
[2024-08-29T23:15:30.026+0800] GC(244) Using 8 workers of 8 for evacuation
[2024-08-29T23:15:30.028+0800] GC(244)   Pre Evacuate Collection Set: 0.3ms
[2024-08-29T23:15:30.028+0800] GC(244)   Merge Heap Roots: 0.2ms
[2024-08-29T23:15:30.028+0800] GC(244)   Evacuate Collection Set: 0.4ms
[2024-08-29T23:15:30.028+0800] GC(244)   Post Evacuate Collection Set: 0.4ms
[2024-08-29T23:15:30.028+0800] GC(244)   Other: 0.3ms
[2024-08-29T23:15:30.028+0800] GC(244) Eden regions: 4->0(1185)
[2024-08-29T23:15:30.028+0800] GC(244) Survivor regions: 0->0(140)
[2024-08-29T23:15:30.028+0800] GC(244) Old regions: 1->1
[2024-08-29T23:15:30.028+0800] GC(244) Archive regions: 2->2
[2024-08-29T23:15:30.028+0800] GC(244) Humongous regions: 919->654
[2024-08-29T23:15:30.028+0800] GC(244) Metaspace: 1625K(1792K)->1625K(1792K) NonClass: 1506K(1600K)->1506K(1600K) Class: 119K(192K)->119K(192K)
[2024-08-29T23:15:30.028+0800] GC(244) Pause Young (Concurrent Start) (G1 Humongous Allocation) 924M->655M(2048M) 1.665ms
[2024-08-29T23:15:30.028+0800] GC(244) User=0.00s Sys=0.00s Real=0.00s
[2024-08-29T23:15:30.028+0800] GC(245) Concurrent Undo Cycle
[2024-08-29T23:15:30.028+0800] GC(245) Concurrent Cleanup for Next Mark
[2024-08-29T23:15:30.033+0800] GC(245) Concurrent Cleanup for Next Mark 5.116ms
[2024-08-29T23:15:30.033+0800] GC(245) Concurrent Undo Cycle 5.211ms
[2024-08-29T23:15:30.134+0800] GC(246) Pause Young (Concurrent Start) (G1 Humongous Allocation)
[2024-08-29T23:15:30.134+0800] GC(246) Using 8 workers of 8 for evacuation
[2024-08-29T23:15:30.136+0800] GC(246)   Pre Evacuate Collection Set: 0.4ms
[2024-08-29T23:15:30.136+0800] GC(246)   Merge Heap Roots: 0.2ms
[2024-08-29T23:15:30.136+0800] GC(246)   Evacuate Collection Set: 0.4ms
[2024-08-29T23:15:30.136+0800] GC(246)   Post Evacuate Collection Set: 0.5ms
[2024-08-29T23:15:30.136+0800] GC(246)   Other: 0.2ms
[2024-08-29T23:15:30.136+0800] GC(246) Eden regions: 4->0(1214)
[2024-08-29T23:15:30.136+0800] GC(246) Survivor regions: 0->0(149)
[2024-08-29T23:15:30.136+0800] GC(246) Old regions: 1->1
[2024-08-29T23:15:30.136+0800] GC(246) Archive regions: 2->2
[2024-08-29T23:15:30.136+0800] GC(246) Humongous regions: 918->625
[2024-08-29T23:15:30.136+0800] GC(246) Metaspace: 1625K(1792K)->1625K(1792K) NonClass: 1506K(1600K)->1506K(1600K) Class: 119K(192K)->119K(192K)
[2024-08-29T23:15:30.136+0800] GC(246) Pause Young (Concurrent Start) (G1 Humongous Allocation) 923M->626M(2048M) 1.726ms
[2024-08-29T23:15:30.136+0800] GC(246) User=0.00s Sys=0.00s Real=0.00s
[2024-08-29T23:15:30.136+0800] GC(247) Concurrent Undo Cycle
[2024-08-29T23:15:30.136+0800] GC(247) Concurrent Cleanup for Next Mark
[2024-08-29T23:15:30.141+0800] GC(247) Concurrent Cleanup for Next Mark 4.982ms
[2024-08-29T23:15:30.141+0800] GC(247) Concurrent Undo Cycle 5.112ms
[2024-08-29T23:15:30.264+0800] GC(248) Pause Young (Concurrent Start) (G1 Humongous Allocation)
[2024-08-29T23:15:30.264+0800] GC(248) Using 8 workers of 8 for evacuation
[2024-08-29T23:15:30.265+0800] GC(248)   Pre Evacuate Collection Set: 0.4ms
[2024-08-29T23:15:30.265+0800] GC(248)   Merge Heap Roots: 0.1ms
[2024-08-29T23:15:30.265+0800] GC(248)   Evacuate Collection Set: 0.3ms
[2024-08-29T23:15:30.265+0800] GC(248)   Post Evacuate Collection Set: 0.5ms
[2024-08-29T23:15:30.265+0800] GC(248)   Other: 0.2ms
[2024-08-29T23:15:30.265+0800] GC(248) Eden regions: 4->0(1193)
[2024-08-29T23:15:30.265+0800] GC(248) Survivor regions: 0->0(152)
[2024-08-29T23:15:30.265+0800] GC(248) Old regions: 1->1
[2024-08-29T23:15:30.265+0800] GC(248) Archive regions: 2->2
[2024-08-29T23:15:30.265+0800] GC(248) Humongous regions: 922->646
[2024-08-29T23:15:30.265+0800] GC(248) Metaspace: 1625K(1792K)->1625K(1792K) NonClass: 1506K(1600K)->1506K(1600K) Class: 119K(192K)->119K(192K)
[2024-08-29T23:15:30.265+0800] GC(248) Pause Young (Concurrent Start) (G1 Humongous Allocation) 927M->647M(2048M) 1.581ms
[2024-08-29T23:15:30.265+0800] GC(248) User=0.00s Sys=0.00s Real=0.00s
[2024-08-29T23:15:30.265+0800] GC(249) Concurrent Undo Cycle
[2024-08-29T23:15:30.265+0800] GC(249) Concurrent Cleanup for Next Mark
[2024-08-29T23:15:30.271+0800] GC(249) Concurrent Cleanup for Next Mark 6.082ms
[2024-08-29T23:15:30.271+0800] GC(249) Concurrent Undo Cycle 6.163ms
[2024-08-29T23:15:30.359+0800] GC(250) Pause Young (Concurrent Start) (G1 Humongous Allocation)
[2024-08-29T23:15:30.359+0800] GC(250) Using 8 workers of 8 for evacuation
[2024-08-29T23:15:30.360+0800] GC(250)   Pre Evacuate Collection Set: 0.3ms
[2024-08-29T23:15:30.360+0800] GC(250)   Merge Heap Roots: 0.1ms
[2024-08-29T23:15:30.360+0800] GC(250)   Evacuate Collection Set: 0.5ms
[2024-08-29T23:15:30.360+0800] GC(250)   Post Evacuate Collection Set: 0.4ms
[2024-08-29T23:15:30.360+0800] GC(250)   Other: 0.3ms
[2024-08-29T23:15:30.360+0800] GC(250) Eden regions: 4->0(1153)
[2024-08-29T23:15:30.360+0800] GC(250) Survivor regions: 0->0(150)
[2024-08-29T23:15:30.360+0800] GC(250) Old regions: 1->1
[2024-08-29T23:15:30.360+0800] GC(250) Archive regions: 2->2
[2024-08-29T23:15:30.360+0800] GC(250) Humongous regions: 917->686
[2024-08-29T23:15:30.360+0800] GC(250) Metaspace: 1625K(1792K)->1625K(1792K) NonClass: 1506K(1600K)->1506K(1600K) Class: 119K(192K)->119K(192K)
[2024-08-29T23:15:30.360+0800] GC(250) Pause Young (Concurrent Start) (G1 Humongous Allocation) 922M->687M(2048M) 1.637ms
[2024-08-29T23:15:30.360+0800] GC(250) User=0.00s Sys=0.00s Real=0.00s
[2024-08-29T23:15:30.360+0800] GC(251) Concurrent Undo Cycle
[2024-08-29T23:15:30.360+0800] GC(251) Concurrent Cleanup for Next Mark
[2024-08-29T23:15:30.365+0800] GC(251) Concurrent Cleanup for Next Mark 4.668ms
[2024-08-29T23:15:30.365+0800] GC(251) Concurrent Undo Cycle 4.810ms
[2024-08-29T23:15:30.469+0800] GC(252) Pause Young (Concurrent Start) (G1 Humongous Allocation)
[2024-08-29T23:15:30.469+0800] GC(252) Using 8 workers of 8 for evacuation
[2024-08-29T23:15:30.471+0800] GC(252)   Pre Evacuate Collection Set: 0.3ms
[2024-08-29T23:15:30.471+0800] GC(252)   Merge Heap Roots: 0.1ms
[2024-08-29T23:15:30.471+0800] GC(252)   Evacuate Collection Set: 0.5ms
[2024-08-29T23:15:30.471+0800] GC(252)   Post Evacuate Collection Set: 0.5ms
[2024-08-29T23:15:30.471+0800] GC(252)   Other: 0.3ms
[2024-08-29T23:15:30.471+0800] GC(252) Eden regions: 4->0(1228)
[2024-08-29T23:15:30.471+0800] GC(252) Survivor regions: 0->0(145)
[2024-08-29T23:15:30.471+0800] GC(252) Old regions: 1->1
[2024-08-29T23:15:30.471+0800] GC(252) Archive regions: 2->2
[2024-08-29T23:15:30.471+0800] GC(252) Humongous regions: 918->601
[2024-08-29T23:15:30.471+0800] GC(252) Metaspace: 1625K(1792K)->1625K(1792K) NonClass: 1506K(1600K)->1506K(1600K) Class: 119K(192K)->119K(192K)
[2024-08-29T23:15:30.471+0800] GC(252) Pause Young (Concurrent Start) (G1 Humongous Allocation) 923M->602M(2048M) 1.737ms
[2024-08-29T23:15:30.471+0800] GC(252) User=0.00s Sys=0.00s Real=0.00s
[2024-08-29T23:15:30.471+0800] GC(253) Concurrent Undo Cycle
[2024-08-29T23:15:30.471+0800] GC(253) Concurrent Cleanup for Next Mark
[2024-08-29T23:15:30.477+0800] GC(253) Concurrent Cleanup for Next Mark 5.882ms
[2024-08-29T23:15:30.477+0800] GC(253) Concurrent Undo Cycle 6.018ms
[2024-08-29T23:15:30.603+0800] GC(254) Pause Young (Concurrent Start) (G1 Humongous Allocation)
[2024-08-29T23:15:30.603+0800] GC(254) Using 8 workers of 8 for evacuation
[2024-08-29T23:15:30.604+0800] GC(254)   Pre Evacuate Collection Set: 0.2ms
[2024-08-29T23:15:30.604+0800] GC(254)   Merge Heap Roots: 0.1ms
[2024-08-29T23:15:30.604+0800] GC(254)   Evacuate Collection Set: 0.3ms
[2024-08-29T23:15:30.604+0800] GC(254)   Post Evacuate Collection Set: 0.5ms
[2024-08-29T23:15:30.604+0800] GC(254)   Other: 0.2ms
[2024-08-29T23:15:30.604+0800] GC(254) Eden regions: 4->0(1228)
[2024-08-29T23:15:30.605+0800] GC(254) Survivor regions: 0->0(154)
[2024-08-29T23:15:30.605+0800] GC(254) Old regions: 1->1
[2024-08-29T23:15:30.605+0800] GC(254) Archive regions: 2->2
[2024-08-29T23:15:30.605+0800] GC(254) Humongous regions: 917->552
[2024-08-29T23:15:30.605+0800] GC(254) Metaspace: 1625K(1792K)->1625K(1792K) NonClass: 1506K(1600K)->1506K(1600K) Class: 119K(192K)->119K(192K)
[2024-08-29T23:15:30.605+0800] GC(254) Pause Young (Concurrent Start) (G1 Humongous Allocation) 922M->553M(2048M) 1.453ms
[2024-08-29T23:15:30.605+0800] GC(254) User=0.00s Sys=0.00s Real=0.00s
[2024-08-29T23:15:30.605+0800] GC(255) Concurrent Undo Cycle
[2024-08-29T23:15:30.605+0800] GC(255) Concurrent Cleanup for Next Mark
[2024-08-29T23:15:30.609+0800] GC(255) Concurrent Cleanup for Next Mark 4.229ms
[2024-08-29T23:15:30.609+0800] GC(255) Concurrent Undo Cycle 4.330ms
[2024-08-29T23:15:30.743+0800] GC(256) Pause Young (Concurrent Start) (G1 Humongous Allocation)
[2024-08-29T23:15:30.743+0800] GC(256) Using 8 workers of 8 for evacuation
[2024-08-29T23:15:30.744+0800] GC(256)   Pre Evacuate Collection Set: 0.3ms
[2024-08-29T23:15:30.744+0800] GC(256)   Merge Heap Roots: 0.1ms
[2024-08-29T23:15:30.744+0800] GC(256)   Evacuate Collection Set: 0.4ms
[2024-08-29T23:15:30.744+0800] GC(256)   Post Evacuate Collection Set: 0.7ms
[2024-08-29T23:15:30.745+0800] GC(256)   Other: 0.2ms
[2024-08-29T23:15:30.745+0800] GC(256) Eden regions: 4->0(1228)
[2024-08-29T23:15:30.745+0800] GC(256) Survivor regions: 0->0(154)
[2024-08-29T23:15:30.745+0800] GC(256) Old regions: 1->1
[2024-08-29T23:15:30.745+0800] GC(256) Archive regions: 2->2
[2024-08-29T23:15:30.745+0800] GC(256) Humongous regions: 918->597
[2024-08-29T23:15:30.745+0800] GC(256) Metaspace: 1625K(1792K)->1625K(1792K) NonClass: 1506K(1600K)->1506K(1600K) Class: 119K(192K)->119K(192K)
[2024-08-29T23:15:30.745+0800] GC(256) Pause Young (Concurrent Start) (G1 Humongous Allocation) 923M->598M(2048M) 1.883ms
[2024-08-29T23:15:30.745+0800] GC(256) User=0.00s Sys=0.01s Real=0.00s
[2024-08-29T23:15:30.745+0800] GC(257) Concurrent Undo Cycle
[2024-08-29T23:15:30.745+0800] GC(257) Concurrent Cleanup for Next Mark
[2024-08-29T23:15:30.750+0800] GC(257) Concurrent Cleanup for Next Mark 5.104ms
[2024-08-29T23:15:30.750+0800] GC(257) Concurrent Undo Cycle 5.260ms
[2024-08-29T23:15:30.880+0800] GC(258) Pause Young (Concurrent Start) (G1 Humongous Allocation)
[2024-08-29T23:15:30.881+0800] GC(258) Using 8 workers of 8 for evacuation
[2024-08-29T23:15:30.882+0800] GC(258)   Pre Evacuate Collection Set: 0.3ms
[2024-08-29T23:15:30.882+0800] GC(258)   Merge Heap Roots: 0.1ms
[2024-08-29T23:15:30.882+0800] GC(258)   Evacuate Collection Set: 0.4ms
[2024-08-29T23:15:30.882+0800] GC(258)   Post Evacuate Collection Set: 0.5ms
[2024-08-29T23:15:30.882+0800] GC(258)   Other: 0.2ms
[2024-08-29T23:15:30.882+0800] GC(258) Eden regions: 4->0(1228)
[2024-08-29T23:15:30.882+0800] GC(258) Survivor regions: 0->0(154)
[2024-08-29T23:15:30.882+0800] GC(258) Old regions: 1->1
[2024-08-29T23:15:30.882+0800] GC(258) Archive regions: 2->2
[2024-08-29T23:15:30.882+0800] GC(258) Humongous regions: 919->607
[2024-08-29T23:15:30.882+0800] GC(258) Metaspace: 1625K(1792K)->1625K(1792K) NonClass: 1506K(1600K)->1506K(1600K) Class: 119K(192K)->119K(192K)
[2024-08-29T23:15:30.882+0800] GC(258) Pause Young (Concurrent Start) (G1 Humongous Allocation) 924M->608M(2048M) 1.540ms
[2024-08-29T23:15:30.882+0800] GC(258) User=0.01s Sys=0.00s Real=0.00s
[2024-08-29T23:15:30.882+0800] GC(259) Concurrent Undo Cycle
[2024-08-29T23:15:30.882+0800] GC(259) Concurrent Cleanup for Next Mark
[2024-08-29T23:15:30.887+0800] GC(259) Concurrent Cleanup for Next Mark 4.981ms
[2024-08-29T23:15:30.887+0800] GC(259) Concurrent Undo Cycle 5.052ms
[2024-08-29T23:15:31.016+0800] GC(260) Pause Young (Concurrent Start) (G1 Humongous Allocation)
[2024-08-29T23:15:31.016+0800] GC(260) Using 8 workers of 8 for evacuation
[2024-08-29T23:15:31.017+0800] GC(260)   Pre Evacuate Collection Set: 0.3ms
[2024-08-29T23:15:31.017+0800] GC(260)   Merge Heap Roots: 0.1ms
[2024-08-29T23:15:31.017+0800] GC(260)   Evacuate Collection Set: 0.3ms
[2024-08-29T23:15:31.017+0800] GC(260)   Post Evacuate Collection Set: 0.5ms
[2024-08-29T23:15:31.017+0800] GC(260)   Other: 0.2ms
[2024-08-29T23:15:31.017+0800] GC(260) Eden regions: 4->0(1228)
[2024-08-29T23:15:31.017+0800] GC(260) Survivor regions: 0->0(154)
[2024-08-29T23:15:31.018+0800] GC(260) Old regions: 1->1
[2024-08-29T23:15:31.018+0800] GC(260) Archive regions: 2->2
[2024-08-29T23:15:31.018+0800] GC(260) Humongous regions: 916->569
[2024-08-29T23:15:31.018+0800] GC(260) Metaspace: 1625K(1792K)->1625K(1792K) NonClass: 1506K(1600K)->1506K(1600K) Class: 119K(192K)->119K(192K)
[2024-08-29T23:15:31.018+0800] GC(260) Pause Young (Concurrent Start) (G1 Humongous Allocation) 921M->570M(2048M) 1.477ms
[2024-08-29T23:15:31.018+0800] GC(260) User=0.00s Sys=0.00s Real=0.00s
[2024-08-29T23:15:31.018+0800] GC(261) Concurrent Undo Cycle
[2024-08-29T23:15:31.018+0800] GC(261) Concurrent Cleanup for Next Mark
[2024-08-29T23:15:31.022+0800] GC(261) Concurrent Cleanup for Next Mark 3.960ms
[2024-08-29T23:15:31.022+0800] GC(261) Concurrent Undo Cycle 4.026ms
[2024-08-29T23:15:31.171+0800] GC(262) Pause Young (Concurrent Start) (G1 Humongous Allocation)
[2024-08-29T23:15:31.171+0800] GC(262) Using 8 workers of 8 for evacuation
[2024-08-29T23:15:31.173+0800] GC(262)   Pre Evacuate Collection Set: 0.2ms
[2024-08-29T23:15:31.173+0800] GC(262)   Merge Heap Roots: 0.1ms
[2024-08-29T23:15:31.173+0800] GC(262)   Evacuate Collection Set: 0.3ms
[2024-08-29T23:15:31.173+0800] GC(262)   Post Evacuate Collection Set: 0.6ms
[2024-08-29T23:15:31.173+0800] GC(262)   Other: 0.2ms
[2024-08-29T23:15:31.173+0800] GC(262) Eden regions: 4->0(1228)
[2024-08-29T23:15:31.173+0800] GC(262) Survivor regions: 0->0(154)
[2024-08-29T23:15:31.173+0800] GC(262) Old regions: 1->1
[2024-08-29T23:15:31.173+0800] GC(262) Archive regions: 2->2
[2024-08-29T23:15:31.173+0800] GC(262) Humongous regions: 919->485
[2024-08-29T23:15:31.173+0800] GC(262) Metaspace: 1625K(1792K)->1625K(1792K) NonClass: 1506K(1600K)->1506K(1600K) Class: 119K(192K)->119K(192K)
[2024-08-29T23:15:31.173+0800] GC(262) Pause Young (Concurrent Start) (G1 Humongous Allocation) 924M->486M(2048M) 1.482ms
[2024-08-29T23:15:31.173+0800] GC(262) User=0.00s Sys=0.00s Real=0.01s
[2024-08-29T23:15:31.173+0800] GC(263) Concurrent Undo Cycle
[2024-08-29T23:15:31.173+0800] GC(263) Concurrent Cleanup for Next Mark
[2024-08-29T23:15:31.177+0800] GC(263) Concurrent Cleanup for Next Mark 4.536ms
[2024-08-29T23:15:31.177+0800] GC(263) Concurrent Undo Cycle 4.614ms
[2024-08-29T23:15:31.338+0800] GC(264) Pause Young (Concurrent Start) (G1 Humongous Allocation)
[2024-08-29T23:15:31.338+0800] GC(264) Using 8 workers of 8 for evacuation
[2024-08-29T23:15:31.340+0800] GC(264)   Pre Evacuate Collection Set: 0.4ms
[2024-08-29T23:15:31.340+0800] GC(264)   Merge Heap Roots: 0.1ms
[2024-08-29T23:15:31.340+0800] GC(264)   Evacuate Collection Set: 0.4ms
[2024-08-29T23:15:31.340+0800] GC(264)   Post Evacuate Collection Set: 0.6ms
[2024-08-29T23:15:31.340+0800] GC(264)   Other: 0.2ms
[2024-08-29T23:15:31.340+0800] GC(264) Eden regions: 4->0(1228)
[2024-08-29T23:15:31.340+0800] GC(264) Survivor regions: 0->0(154)
[2024-08-29T23:15:31.340+0800] GC(264) Old regions: 1->1
[2024-08-29T23:15:31.340+0800] GC(264) Archive regions: 2->2
[2024-08-29T23:15:31.340+0800] GC(264) Humongous regions: 919->571
[2024-08-29T23:15:31.340+0800] GC(264) Metaspace: 1625K(1792K)->1625K(1792K) NonClass: 1506K(1600K)->1506K(1600K) Class: 119K(192K)->119K(192K)
[2024-08-29T23:15:31.340+0800] GC(264) Pause Young (Concurrent Start) (G1 Humongous Allocation) 924M->572M(2048M) 1.778ms
[2024-08-29T23:15:31.340+0800] GC(264) User=0.00s Sys=0.00s Real=0.00s
[2024-08-29T23:15:31.340+0800] GC(265) Concurrent Undo Cycle
[2024-08-29T23:15:31.340+0800] GC(265) Concurrent Cleanup for Next Mark
[2024-08-29T23:15:31.346+0800] GC(265) Concurrent Cleanup for Next Mark 6.171ms
[2024-08-29T23:15:31.346+0800] GC(265) Concurrent Undo Cycle 6.344ms
[2024-08-29T23:15:31.472+0800] GC(266) Pause Young (Concurrent Start) (G1 Humongous Allocation)
[2024-08-29T23:15:31.472+0800] GC(266) Using 8 workers of 8 for evacuation
[2024-08-29T23:15:31.473+0800] GC(266)   Pre Evacuate Collection Set: 0.3ms
[2024-08-29T23:15:31.473+0800] GC(266)   Merge Heap Roots: 0.1ms
[2024-08-29T23:15:31.473+0800] GC(266)   Evacuate Collection Set: 0.4ms
[2024-08-29T23:15:31.473+0800] GC(266)   Post Evacuate Collection Set: 0.5ms
[2024-08-29T23:15:31.474+0800] GC(266)   Other: 0.3ms
[2024-08-29T23:15:31.474+0800] GC(266) Eden regions: 4->0(1228)
[2024-08-29T23:15:31.474+0800] GC(266) Survivor regions: 0->0(154)
[2024-08-29T23:15:31.474+0800] GC(266) Old regions: 1->1
[2024-08-29T23:15:31.474+0800] GC(266) Archive regions: 2->2
[2024-08-29T23:15:31.474+0800] GC(266) Humongous regions: 917->605
[2024-08-29T23:15:31.474+0800] GC(266) Metaspace: 1625K(1792K)->1625K(1792K) NonClass: 1506K(1600K)->1506K(1600K) Class: 119K(192K)->119K(192K)
[2024-08-29T23:15:31.474+0800] GC(266) Pause Young (Concurrent Start) (G1 Humongous Allocation) 922M->606M(2048M) 1.596ms
[2024-08-29T23:15:31.474+0800] GC(266) User=0.00s Sys=0.01s Real=0.01s
[2024-08-29T23:15:31.474+0800] GC(267) Concurrent Undo Cycle
[2024-08-29T23:15:31.474+0800] GC(267) Concurrent Cleanup for Next Mark
[2024-08-29T23:15:31.479+0800] GC(267) Concurrent Cleanup for Next Mark 4.934ms
[2024-08-29T23:15:31.479+0800] GC(267) Concurrent Undo Cycle 5.106ms
[2024-08-29T23:15:31.616+0800] GC(268) Pause Young (Concurrent Start) (G1 Humongous Allocation)
[2024-08-29T23:15:31.616+0800] GC(268) Using 8 workers of 8 for evacuation
[2024-08-29T23:15:31.617+0800] GC(268)   Pre Evacuate Collection Set: 0.3ms
[2024-08-29T23:15:31.617+0800] GC(268)   Merge Heap Roots: 0.2ms
[2024-08-29T23:15:31.617+0800] GC(268)   Evacuate Collection Set: 0.4ms
[2024-08-29T23:15:31.617+0800] GC(268)   Post Evacuate Collection Set: 0.5ms
[2024-08-29T23:15:31.618+0800] GC(268)   Other: 0.2ms
[2024-08-29T23:15:31.618+0800] GC(268) Eden regions: 4->0(1228)
[2024-08-29T23:15:31.618+0800] GC(268) Survivor regions: 0->0(154)
[2024-08-29T23:15:31.618+0800] GC(268) Old regions: 1->1
[2024-08-29T23:15:31.618+0800] GC(268) Archive regions: 2->2
[2024-08-29T23:15:31.618+0800] GC(268) Humongous regions: 921->565
[2024-08-29T23:15:31.618+0800] GC(268) Metaspace: 1625K(1792K)->1625K(1792K) NonClass: 1506K(1600K)->1506K(1600K) Class: 119K(192K)->119K(192K)
[2024-08-29T23:15:31.618+0800] GC(268) Pause Young (Concurrent Start) (G1 Humongous Allocation) 926M->566M(2048M) 1.596ms
[2024-08-29T23:15:31.618+0800] GC(268) User=0.00s Sys=0.00s Real=0.00s
[2024-08-29T23:15:31.618+0800] GC(269) Concurrent Undo Cycle
[2024-08-29T23:15:31.618+0800] GC(269) Concurrent Cleanup for Next Mark
[2024-08-29T23:15:31.623+0800] GC(269) Concurrent Cleanup for Next Mark 4.970ms
[2024-08-29T23:15:31.623+0800] GC(269) Concurrent Undo Cycle 5.088ms
[2024-08-29T23:15:31.758+0800] GC(270) Pause Young (Concurrent Start) (G1 Humongous Allocation)
[2024-08-29T23:15:31.758+0800] GC(270) Using 8 workers of 8 for evacuation
[2024-08-29T23:15:31.759+0800] GC(270)   Pre Evacuate Collection Set: 0.3ms
[2024-08-29T23:15:31.759+0800] GC(270)   Merge Heap Roots: 0.1ms
[2024-08-29T23:15:31.759+0800] GC(270)   Evacuate Collection Set: 0.3ms
[2024-08-29T23:15:31.759+0800] GC(270)   Post Evacuate Collection Set: 0.5ms
[2024-08-29T23:15:31.759+0800] GC(270)   Other: 0.3ms
[2024-08-29T23:15:31.759+0800] GC(270) Eden regions: 4->0(1228)
[2024-08-29T23:15:31.759+0800] GC(270) Survivor regions: 0->0(154)
[2024-08-29T23:15:31.759+0800] GC(270) Old regions: 1->1
[2024-08-29T23:15:31.759+0800] GC(270) Archive regions: 2->2
[2024-08-29T23:15:31.759+0800] GC(270) Humongous regions: 918->572
[2024-08-29T23:15:31.759+0800] GC(270) Metaspace: 1625K(1792K)->1625K(1792K) NonClass: 1506K(1600K)->1506K(1600K) Class: 119K(192K)->119K(192K)
[2024-08-29T23:15:31.759+0800] GC(270) Pause Young (Concurrent Start) (G1 Humongous Allocation) 923M->573M(2048M) 1.522ms
[2024-08-29T23:15:31.759+0800] GC(270) User=0.00s Sys=0.00s Real=0.00s
[2024-08-29T23:15:31.759+0800] GC(271) Concurrent Undo Cycle
[2024-08-29T23:15:31.759+0800] GC(271) Concurrent Cleanup for Next Mark
[2024-08-29T23:15:31.765+0800] GC(271) Concurrent Cleanup for Next Mark 5.543ms
[2024-08-29T23:15:31.765+0800] GC(271) Concurrent Undo Cycle 5.671ms
[2024-08-29T23:15:31.914+0800] GC(272) Pause Young (Concurrent Start) (G1 Humongous Allocation)
[2024-08-29T23:15:31.914+0800] GC(272) Using 8 workers of 8 for evacuation
[2024-08-29T23:15:31.916+0800] GC(272)   Pre Evacuate Collection Set: 0.2ms
[2024-08-29T23:15:31.916+0800] GC(272)   Merge Heap Roots: 0.1ms
[2024-08-29T23:15:31.916+0800] GC(272)   Evacuate Collection Set: 0.3ms
[2024-08-29T23:15:31.916+0800] GC(272)   Post Evacuate Collection Set: 0.5ms
[2024-08-29T23:15:31.916+0800] GC(272)   Other: 0.3ms
[2024-08-29T23:15:31.916+0800] GC(272) Eden regions: 4->0(1227)
[2024-08-29T23:15:31.916+0800] GC(272) Survivor regions: 0->1(154)
[2024-08-29T23:15:31.916+0800] GC(272) Old regions: 1->1
[2024-08-29T23:15:31.916+0800] GC(272) Archive regions: 2->2
[2024-08-29T23:15:31.916+0800] GC(272) Humongous regions: 919->575
[2024-08-29T23:15:31.916+0800] GC(272) Metaspace: 1625K(1792K)->1625K(1792K) NonClass: 1506K(1600K)->1506K(1600K) Class: 119K(192K)->119K(192K)
[2024-08-29T23:15:31.916+0800] GC(272) Pause Young (Concurrent Start) (G1 Humongous Allocation) 924M->576M(2048M) 1.420ms
[2024-08-29T23:15:31.916+0800] GC(272) User=0.00s Sys=0.01s Real=0.00s
[2024-08-29T23:15:31.916+0800] GC(273) Concurrent Undo Cycle
[2024-08-29T23:15:31.916+0800] GC(273) Concurrent Cleanup for Next Mark
[2024-08-29T23:15:31.921+0800] GC(273) Concurrent Cleanup for Next Mark 5.057ms
[2024-08-29T23:15:31.921+0800] GC(273) Concurrent Undo Cycle 5.152ms
[2024-08-29T23:15:32.071+0800] GC(274) Pause Young (Concurrent Start) (G1 Humongous Allocation)
[2024-08-29T23:15:32.071+0800] GC(274) Using 8 workers of 8 for evacuation
[2024-08-29T23:15:32.073+0800] GC(274)   Pre Evacuate Collection Set: 0.4ms
[2024-08-29T23:15:32.073+0800] GC(274)   Merge Heap Roots: 0.1ms
[2024-08-29T23:15:32.073+0800] GC(274)   Evacuate Collection Set: 0.4ms
[2024-08-29T23:15:32.073+0800] GC(274)   Post Evacuate Collection Set: 0.5ms
[2024-08-29T23:15:32.073+0800] GC(274)   Other: 0.2ms
[2024-08-29T23:15:32.073+0800] GC(274) Eden regions: 4->0(1228)
[2024-08-29T23:15:32.073+0800] GC(274) Survivor regions: 1->0(154)
[2024-08-29T23:15:32.073+0800] GC(274) Old regions: 1->1
[2024-08-29T23:15:32.073+0800] GC(274) Archive regions: 2->2
[2024-08-29T23:15:32.073+0800] GC(274) Humongous regions: 918->569
[2024-08-29T23:15:32.073+0800] GC(274) Metaspace: 1625K(1792K)->1625K(1792K) NonClass: 1506K(1600K)->1506K(1600K) Class: 119K(192K)->119K(192K)
[2024-08-29T23:15:32.073+0800] GC(274) Pause Young (Concurrent Start) (G1 Humongous Allocation) 923M->570M(2048M) 1.713ms
[2024-08-29T23:15:32.073+0800] GC(274) User=0.00s Sys=0.00s Real=0.01s
[2024-08-29T23:15:32.073+0800] GC(275) Concurrent Undo Cycle
[2024-08-29T23:15:32.073+0800] GC(275) Concurrent Cleanup for Next Mark
[2024-08-29T23:15:32.079+0800] GC(275) Concurrent Cleanup for Next Mark 6.381ms
[2024-08-29T23:15:32.079+0800] GC(275) Concurrent Undo Cycle 6.465ms
[2024-08-29T23:15:32.208+0800] GC(276) Pause Young (Concurrent Start) (G1 Humongous Allocation)
[2024-08-29T23:15:32.208+0800] GC(276) Using 8 workers of 8 for evacuation
[2024-08-29T23:15:32.209+0800] GC(276)   Pre Evacuate Collection Set: 0.2ms
[2024-08-29T23:15:32.209+0800] GC(276)   Merge Heap Roots: 0.1ms
[2024-08-29T23:15:32.209+0800] GC(276)   Evacuate Collection Set: 0.4ms
[2024-08-29T23:15:32.209+0800] GC(276)   Post Evacuate Collection Set: 0.5ms
[2024-08-29T23:15:32.209+0800] GC(276)   Other: 0.2ms
[2024-08-29T23:15:32.209+0800] GC(276) Eden regions: 4->0(1228)
[2024-08-29T23:15:32.209+0800] GC(276) Survivor regions: 0->0(154)
[2024-08-29T23:15:32.209+0800] GC(276) Old regions: 1->1
[2024-08-29T23:15:32.209+0800] GC(276) Archive regions: 2->2
[2024-08-29T23:15:32.209+0800] GC(276) Humongous regions: 919->595
[2024-08-29T23:15:32.210+0800] GC(276) Metaspace: 1625K(1792K)->1625K(1792K) NonClass: 1506K(1600K)->1506K(1600K) Class: 119K(192K)->119K(192K)
[2024-08-29T23:15:32.210+0800] GC(276) Pause Young (Concurrent Start) (G1 Humongous Allocation) 924M->596M(2048M) 1.552ms
[2024-08-29T23:15:32.210+0800] GC(276) User=0.00s Sys=0.00s Real=0.00s
[2024-08-29T23:15:32.210+0800] GC(277) Concurrent Undo Cycle
[2024-08-29T23:15:32.210+0800] GC(277) Concurrent Cleanup for Next Mark
[2024-08-29T23:15:32.213+0800] GC(277) Concurrent Cleanup for Next Mark 3.849ms
[2024-08-29T23:15:32.213+0800] GC(277) Concurrent Undo Cycle 3.919ms
[2024-08-29T23:15:32.345+0800] GC(278) Pause Young (Concurrent Start) (G1 Humongous Allocation)
[2024-08-29T23:15:32.345+0800] GC(278) Using 8 workers of 8 for evacuation
[2024-08-29T23:15:32.346+0800] GC(278)   Pre Evacuate Collection Set: 0.2ms
[2024-08-29T23:15:32.346+0800] GC(278)   Merge Heap Roots: 0.1ms
[2024-08-29T23:15:32.346+0800] GC(278)   Evacuate Collection Set: 0.3ms
[2024-08-29T23:15:32.346+0800] GC(278)   Post Evacuate Collection Set: 0.5ms
[2024-08-29T23:15:32.346+0800] GC(278)   Other: 0.2ms
[2024-08-29T23:15:32.346+0800] GC(278) Eden regions: 4->0(1228)
[2024-08-29T23:15:32.346+0800] GC(278) Survivor regions: 0->0(154)
[2024-08-29T23:15:32.346+0800] GC(278) Old regions: 1->1
[2024-08-29T23:15:32.346+0800] GC(278) Archive regions: 2->2
[2024-08-29T23:15:32.346+0800] GC(278) Humongous regions: 918->577
[2024-08-29T23:15:32.346+0800] GC(278) Metaspace: 1625K(1792K)->1625K(1792K) NonClass: 1506K(1600K)->1506K(1600K) Class: 119K(192K)->119K(192K)
[2024-08-29T23:15:32.346+0800] GC(278) Pause Young (Concurrent Start) (G1 Humongous Allocation) 923M->578M(2048M) 1.450ms
[2024-08-29T23:15:32.346+0800] GC(278) User=0.00s Sys=0.00s Real=0.00s
[2024-08-29T23:15:32.346+0800] GC(279) Concurrent Undo Cycle
[2024-08-29T23:15:32.346+0800] GC(279) Concurrent Cleanup for Next Mark
[2024-08-29T23:15:32.351+0800] GC(279) Concurrent Cleanup for Next Mark 4.226ms
[2024-08-29T23:15:32.351+0800] GC(279) Concurrent Undo Cycle 4.456ms
[2024-08-29T23:15:32.477+0800] GC(280) Pause Young (Concurrent Start) (G1 Humongous Allocation)
[2024-08-29T23:15:32.477+0800] GC(280) Using 8 workers of 8 for evacuation
[2024-08-29T23:15:32.478+0800] GC(280)   Pre Evacuate Collection Set: 0.2ms
[2024-08-29T23:15:32.478+0800] GC(280)   Merge Heap Roots: 0.1ms
[2024-08-29T23:15:32.478+0800] GC(280)   Evacuate Collection Set: 0.4ms
[2024-08-29T23:15:32.478+0800] GC(280)   Post Evacuate Collection Set: 0.5ms
[2024-08-29T23:15:32.478+0800] GC(280)   Other: 0.2ms
[2024-08-29T23:15:32.478+0800] GC(280) Eden regions: 4->0(1227)
[2024-08-29T23:15:32.478+0800] GC(280) Survivor regions: 0->0(154)
[2024-08-29T23:15:32.478+0800] GC(280) Old regions: 1->1
[2024-08-29T23:15:32.478+0800] GC(280) Archive regions: 2->2
[2024-08-29T23:15:32.478+0800] GC(280) Humongous regions: 918->612
[2024-08-29T23:15:32.478+0800] GC(280) Metaspace: 1625K(1792K)->1625K(1792K) NonClass: 1506K(1600K)->1506K(1600K) Class: 119K(192K)->119K(192K)
[2024-08-29T23:15:32.478+0800] GC(280) Pause Young (Concurrent Start) (G1 Humongous Allocation) 923M->613M(2048M) 1.494ms
[2024-08-29T23:15:32.478+0800] GC(280) User=0.00s Sys=0.00s Real=0.00s
[2024-08-29T23:15:32.478+0800] GC(281) Concurrent Undo Cycle
[2024-08-29T23:15:32.478+0800] GC(281) Concurrent Cleanup for Next Mark
[2024-08-29T23:15:32.482+0800] GC(281) Concurrent Cleanup for Next Mark 3.641ms
[2024-08-29T23:15:32.482+0800] GC(281) Concurrent Undo Cycle 3.699ms
[2024-08-29T23:15:32.603+0800] GC(282) Pause Young (Concurrent Start) (G1 Humongous Allocation)
[2024-08-29T23:15:32.603+0800] GC(282) Using 8 workers of 8 for evacuation
[2024-08-29T23:15:32.604+0800] GC(282)   Pre Evacuate Collection Set: 0.2ms
[2024-08-29T23:15:32.604+0800] GC(282)   Merge Heap Roots: 0.1ms
[2024-08-29T23:15:32.604+0800] GC(282)   Evacuate Collection Set: 0.4ms
[2024-08-29T23:15:32.604+0800] GC(282)   Post Evacuate Collection Set: 0.4ms
[2024-08-29T23:15:32.604+0800] GC(282)   Other: 0.2ms
[2024-08-29T23:15:32.604+0800] GC(282) Eden regions: 4->0(1190)
[2024-08-29T23:15:32.604+0800] GC(282) Survivor regions: 0->0(154)
[2024-08-29T23:15:32.604+0800] GC(282) Old regions: 1->1
[2024-08-29T23:15:32.604+0800] GC(282) Archive regions: 2->2
[2024-08-29T23:15:32.604+0800] GC(282) Humongous regions: 921->649
[2024-08-29T23:15:32.604+0800] GC(282) Metaspace: 1625K(1792K)->1625K(1792K) NonClass: 1506K(1600K)->1506K(1600K) Class: 119K(192K)->119K(192K)
[2024-08-29T23:15:32.604+0800] GC(282) Pause Young (Concurrent Start) (G1 Humongous Allocation) 926M->650M(2048M) 1.436ms
[2024-08-29T23:15:32.604+0800] GC(282) User=0.00s Sys=0.01s Real=0.00s
[2024-08-29T23:15:32.604+0800] GC(283) Concurrent Undo Cycle
[2024-08-29T23:15:32.604+0800] GC(283) Concurrent Cleanup for Next Mark
[2024-08-29T23:15:32.609+0800] GC(283) Concurrent Cleanup for Next Mark 4.481ms
[2024-08-29T23:15:32.609+0800] GC(283) Concurrent Undo Cycle 4.580ms
[2024-08-29T23:15:32.705+0800] GC(284) Pause Young (Concurrent Start) (G1 Humongous Allocation)
[2024-08-29T23:15:32.705+0800] GC(284) Using 8 workers of 8 for evacuation
[2024-08-29T23:15:32.706+0800] GC(284)   Pre Evacuate Collection Set: 0.2ms
[2024-08-29T23:15:32.707+0800] GC(284)   Merge Heap Roots: 0.1ms
[2024-08-29T23:15:32.707+0800] GC(284)   Evacuate Collection Set: 0.3ms
[2024-08-29T23:15:32.707+0800] GC(284)   Post Evacuate Collection Set: 0.6ms
[2024-08-29T23:15:32.707+0800] GC(284)   Other: 0.2ms
[2024-08-29T23:15:32.707+0800] GC(284) Eden regions: 4->0(1149)
[2024-08-29T23:15:32.707+0800] GC(284) Survivor regions: 0->0(149)
[2024-08-29T23:15:32.707+0800] GC(284) Old regions: 1->1
[2024-08-29T23:15:32.707+0800] GC(284) Archive regions: 2->2
[2024-08-29T23:15:32.707+0800] GC(284) Humongous regions: 919->690
[2024-08-29T23:15:32.707+0800] GC(284) Metaspace: 1625K(1792K)->1625K(1792K) NonClass: 1506K(1600K)->1506K(1600K) Class: 119K(192K)->119K(192K)
[2024-08-29T23:15:32.707+0800] GC(284) Pause Young (Concurrent Start) (G1 Humongous Allocation) 924M->691M(2048M) 1.440ms
[2024-08-29T23:15:32.707+0800] GC(284) User=0.00s Sys=0.01s Real=0.00s
[2024-08-29T23:15:32.707+0800] GC(285) Concurrent Undo Cycle
[2024-08-29T23:15:32.707+0800] GC(285) Concurrent Cleanup for Next Mark
[2024-08-29T23:15:32.711+0800] GC(285) Concurrent Cleanup for Next Mark 4.247ms
[2024-08-29T23:15:32.711+0800] GC(285) Concurrent Undo Cycle 4.367ms
[2024-08-29T23:15:32.807+0800] GC(286) Pause Young (Concurrent Start) (G1 Humongous Allocation)
[2024-08-29T23:15:32.807+0800] GC(286) Using 8 workers of 8 for evacuation
[2024-08-29T23:15:32.808+0800] GC(286)   Pre Evacuate Collection Set: 0.3ms
[2024-08-29T23:15:32.808+0800] GC(286)   Merge Heap Roots: 0.1ms
[2024-08-29T23:15:32.808+0800] GC(286)   Evacuate Collection Set: 0.3ms
[2024-08-29T23:15:32.808+0800] GC(286)   Post Evacuate Collection Set: 0.4ms
[2024-08-29T23:15:32.808+0800] GC(286)   Other: 0.2ms
[2024-08-29T23:15:32.808+0800] GC(286) Eden regions: 4->0(1148)
[2024-08-29T23:15:32.808+0800] GC(286) Survivor regions: 0->0(144)
[2024-08-29T23:15:32.808+0800] GC(286) Old regions: 1->1
[2024-08-29T23:15:32.808+0800] GC(286) Archive regions: 2->2
[2024-08-29T23:15:32.808+0800] GC(286) Humongous regions: 916->691
[2024-08-29T23:15:32.808+0800] GC(286) Metaspace: 1625K(1792K)->1625K(1792K) NonClass: 1506K(1600K)->1506K(1600K) Class: 119K(192K)->119K(192K)
[2024-08-29T23:15:32.808+0800] GC(286) Pause Young (Concurrent Start) (G1 Humongous Allocation) 921M->692M(2048M) 1.400ms
[2024-08-29T23:15:32.808+0800] GC(286) User=0.01s Sys=0.00s Real=0.00s
[2024-08-29T23:15:32.808+0800] GC(287) Concurrent Undo Cycle
[2024-08-29T23:15:32.808+0800] GC(287) Concurrent Cleanup for Next Mark
[2024-08-29T23:15:32.812+0800] GC(287) Concurrent Cleanup for Next Mark 3.583ms
[2024-08-29T23:15:32.812+0800] GC(287) Concurrent Undo Cycle 3.665ms
[2024-08-29T23:15:32.906+0800] GC(288) Pause Young (Concurrent Start) (G1 Humongous Allocation)
[2024-08-29T23:15:32.906+0800] GC(288) Using 8 workers of 8 for evacuation
[2024-08-29T23:15:32.907+0800] GC(288)   Pre Evacuate Collection Set: 0.2ms
[2024-08-29T23:15:32.907+0800] GC(288)   Merge Heap Roots: 0.1ms
[2024-08-29T23:15:32.907+0800] GC(288)   Evacuate Collection Set: 0.3ms
[2024-08-29T23:15:32.907+0800] GC(288)   Post Evacuate Collection Set: 0.4ms
[2024-08-29T23:15:32.907+0800] GC(288)   Other: 0.2ms
[2024-08-29T23:15:32.907+0800] GC(288) Eden regions: 4->0(1169)
[2024-08-29T23:15:32.907+0800] GC(288) Survivor regions: 0->0(144)
[2024-08-29T23:15:32.907+0800] GC(288) Old regions: 1->1
[2024-08-29T23:15:32.907+0800] GC(288) Archive regions: 2->2
[2024-08-29T23:15:32.907+0800] GC(288) Humongous regions: 917->670
[2024-08-29T23:15:32.907+0800] GC(288) Metaspace: 1625K(1792K)->1625K(1792K) NonClass: 1506K(1600K)->1506K(1600K) Class: 119K(192K)->119K(192K)
[2024-08-29T23:15:32.907+0800] GC(288) Pause Young (Concurrent Start) (G1 Humongous Allocation) 922M->671M(2048M) 1.275ms
[2024-08-29T23:15:32.907+0800] GC(288) User=0.00s Sys=0.00s Real=0.00s
[2024-08-29T23:15:32.907+0800] GC(289) Concurrent Undo Cycle
[2024-08-29T23:15:32.907+0800] GC(289) Concurrent Cleanup for Next Mark
[2024-08-29T23:15:32.914+0800] GC(289) Concurrent Cleanup for Next Mark 6.802ms
[2024-08-29T23:15:32.914+0800] GC(289) Concurrent Undo Cycle 6.990ms
[2024-08-29T23:15:33.012+0800] GC(290) Pause Young (Concurrent Start) (G1 Humongous Allocation)
[2024-08-29T23:15:33.012+0800] GC(290) Using 8 workers of 8 for evacuation
[2024-08-29T23:15:33.014+0800] GC(290)   Pre Evacuate Collection Set: 0.4ms
[2024-08-29T23:15:33.014+0800] GC(290)   Merge Heap Roots: 0.1ms
[2024-08-29T23:15:33.014+0800] GC(290)   Evacuate Collection Set: 0.4ms
[2024-08-29T23:15:33.014+0800] GC(290)   Post Evacuate Collection Set: 0.5ms
[2024-08-29T23:15:33.014+0800] GC(290)   Other: 0.3ms
[2024-08-29T23:15:33.014+0800] GC(290) Eden regions: 4->0(1172)
[2024-08-29T23:15:33.014+0800] GC(290) Survivor regions: 0->0(147)
[2024-08-29T23:15:33.014+0800] GC(290) Old regions: 1->1
[2024-08-29T23:15:33.014+0800] GC(290) Archive regions: 2->2
[2024-08-29T23:15:33.014+0800] GC(290) Humongous regions: 918->667
[2024-08-29T23:15:33.014+0800] GC(290) Metaspace: 1625K(1792K)->1625K(1792K) NonClass: 1506K(1600K)->1506K(1600K) Class: 119K(192K)->119K(192K)
[2024-08-29T23:15:33.014+0800] GC(290) Pause Young (Concurrent Start) (G1 Humongous Allocation) 923M->668M(2048M) 1.673ms
[2024-08-29T23:15:33.014+0800] GC(290) User=0.00s Sys=0.01s Real=0.01s
[2024-08-29T23:15:33.014+0800] GC(291) Concurrent Undo Cycle
[2024-08-29T23:15:33.014+0800] GC(291) Concurrent Cleanup for Next Mark
[2024-08-29T23:15:33.018+0800] GC(291) Concurrent Cleanup for Next Mark 4.471ms
[2024-08-29T23:15:33.018+0800] GC(291) Concurrent Undo Cycle 4.561ms
[2024-08-29T23:15:33.114+0800] GC(292) Pause Young (Concurrent Start) (G1 Humongous Allocation)
[2024-08-29T23:15:33.114+0800] GC(292) Using 8 workers of 8 for evacuation
[2024-08-29T23:15:33.115+0800] GC(292)   Pre Evacuate Collection Set: 0.2ms
[2024-08-29T23:15:33.115+0800] GC(292)   Merge Heap Roots: 0.2ms
[2024-08-29T23:15:33.115+0800] GC(292)   Evacuate Collection Set: 0.5ms
[2024-08-29T23:15:33.115+0800] GC(292)   Post Evacuate Collection Set: 0.4ms
[2024-08-29T23:15:33.115+0800] GC(292)   Other: 0.2ms
[2024-08-29T23:15:33.115+0800] GC(292) Eden regions: 4->0(1152)
[2024-08-29T23:15:33.115+0800] GC(292) Survivor regions: 0->0(147)
[2024-08-29T23:15:33.115+0800] GC(292) Old regions: 1->1
[2024-08-29T23:15:33.115+0800] GC(292) Archive regions: 2->2
[2024-08-29T23:15:33.115+0800] GC(292) Humongous regions: 917->687
[2024-08-29T23:15:33.115+0800] GC(292) Metaspace: 1625K(1792K)->1625K(1792K) NonClass: 1506K(1600K)->1506K(1600K) Class: 119K(192K)->119K(192K)
[2024-08-29T23:15:33.115+0800] GC(292) Pause Young (Concurrent Start) (G1 Humongous Allocation) 922M->688M(2048M) 1.527ms
[2024-08-29T23:15:33.115+0800] GC(292) User=0.00s Sys=0.00s Real=0.00s
[2024-08-29T23:15:33.115+0800] GC(293) Concurrent Undo Cycle
[2024-08-29T23:15:33.115+0800] GC(293) Concurrent Cleanup for Next Mark
[2024-08-29T23:15:33.122+0800] GC(293) Concurrent Cleanup for Next Mark 6.705ms
[2024-08-29T23:15:33.122+0800] GC(293) Concurrent Undo Cycle 6.797ms
[2024-08-29T23:15:33.211+0800] GC(294) Pause Young (Concurrent Start) (G1 Humongous Allocation)
[2024-08-29T23:15:33.211+0800] GC(294) Using 8 workers of 8 for evacuation
[2024-08-29T23:15:33.212+0800] GC(294)   Pre Evacuate Collection Set: 0.2ms
[2024-08-29T23:15:33.212+0800] GC(294)   Merge Heap Roots: 0.1ms
[2024-08-29T23:15:33.212+0800] GC(294)   Evacuate Collection Set: 0.7ms
[2024-08-29T23:15:33.212+0800] GC(294)   Post Evacuate Collection Set: 0.4ms
[2024-08-29T23:15:33.213+0800] GC(294)   Other: 0.2ms
[2024-08-29T23:15:33.213+0800] GC(294) Eden regions: 4->0(1132)
[2024-08-29T23:15:33.213+0800] GC(294) Survivor regions: 0->0(144)
[2024-08-29T23:15:33.213+0800] GC(294) Old regions: 1->1
[2024-08-29T23:15:33.213+0800] GC(294) Archive regions: 2->2
[2024-08-29T23:15:33.213+0800] GC(294) Humongous regions: 919->707
[2024-08-29T23:15:33.213+0800] GC(294) Metaspace: 1625K(1792K)->1625K(1792K) NonClass: 1506K(1600K)->1506K(1600K) Class: 119K(192K)->119K(192K)
[2024-08-29T23:15:33.213+0800] GC(294) Pause Young (Concurrent Start) (G1 Humongous Allocation) 924M->708M(2048M) 1.617ms
[2024-08-29T23:15:33.213+0800] GC(294) User=0.00s Sys=0.01s Real=0.01s
[2024-08-29T23:15:33.213+0800] GC(295) Concurrent Undo Cycle
[2024-08-29T23:15:33.213+0800] GC(295) Concurrent Cleanup for Next Mark
[2024-08-29T23:15:33.216+0800] GC(295) Concurrent Cleanup for Next Mark 3.637ms
[2024-08-29T23:15:33.216+0800] GC(295) Concurrent Undo Cycle 3.708ms
[2024-08-29T23:15:33.303+0800] GC(296) Pause Young (Concurrent Start) (G1 Humongous Allocation)
[2024-08-29T23:15:33.303+0800] GC(296) Using 8 workers of 8 for evacuation
[2024-08-29T23:15:33.305+0800] GC(296)   Pre Evacuate Collection Set: 0.3ms
[2024-08-29T23:15:33.305+0800] GC(296)   Merge Heap Roots: 0.2ms
[2024-08-29T23:15:33.305+0800] GC(296)   Evacuate Collection Set: 0.6ms
[2024-08-29T23:15:33.305+0800] GC(296)   Post Evacuate Collection Set: 0.5ms
[2024-08-29T23:15:33.305+0800] GC(296)   Other: 0.3ms
[2024-08-29T23:15:33.305+0800] GC(296) Eden regions: 4->0(1137)
[2024-08-29T23:15:33.305+0800] GC(296) Survivor regions: 0->0(142)
[2024-08-29T23:15:33.305+0800] GC(296) Old regions: 1->1
[2024-08-29T23:15:33.305+0800] GC(296) Archive regions: 2->2
[2024-08-29T23:15:33.305+0800] GC(296) Humongous regions: 921->702
[2024-08-29T23:15:33.305+0800] GC(296) Metaspace: 1625K(1792K)->1625K(1792K) NonClass: 1506K(1600K)->1506K(1600K) Class: 119K(192K)->119K(192K)
[2024-08-29T23:15:33.305+0800] GC(296) Pause Young (Concurrent Start) (G1 Humongous Allocation) 926M->703M(2048M) 1.910ms
[2024-08-29T23:15:33.305+0800] GC(296) User=0.00s Sys=0.00s Real=0.00s
[2024-08-29T23:15:33.305+0800] GC(297) Concurrent Undo Cycle
[2024-08-29T23:15:33.305+0800] GC(297) Concurrent Cleanup for Next Mark
[2024-08-29T23:15:33.311+0800] GC(297) Concurrent Cleanup for Next Mark 6.149ms
[2024-08-29T23:15:33.311+0800] GC(297) Concurrent Undo Cycle 6.410ms
[2024-08-29T23:15:33.376+0800] GC(298) Pause Young (Concurrent Start) (G1 Humongous Allocation)
[2024-08-29T23:15:33.376+0800] GC(298) Using 8 workers of 8 for evacuation
[2024-08-29T23:15:33.377+0800] GC(298)   Pre Evacuate Collection Set: 0.3ms
[2024-08-29T23:15:33.377+0800] GC(298)   Merge Heap Roots: 0.1ms
[2024-08-29T23:15:33.377+0800] GC(298)   Evacuate Collection Set: 0.3ms
[2024-08-29T23:15:33.377+0800] GC(298)   Post Evacuate Collection Set: 0.4ms
[2024-08-29T23:15:33.377+0800] GC(298)   Other: 0.2ms
[2024-08-29T23:15:33.377+0800] GC(298) Eden regions: 4->0(1047)
[2024-08-29T23:15:33.377+0800] GC(298) Survivor regions: 0->0(143)
[2024-08-29T23:15:33.377+0800] GC(298) Old regions: 1->1
[2024-08-29T23:15:33.377+0800] GC(298) Archive regions: 2->2
[2024-08-29T23:15:33.377+0800] GC(298) Humongous regions: 919->792
[2024-08-29T23:15:33.377+0800] GC(298) Metaspace: 1625K(1792K)->1625K(1792K) NonClass: 1506K(1600K)->1506K(1600K) Class: 119K(192K)->119K(192K)
[2024-08-29T23:15:33.377+0800] GC(298) Pause Young (Concurrent Start) (G1 Humongous Allocation) 924M->793M(2048M) 1.338ms
[2024-08-29T23:15:33.377+0800] GC(298) User=0.00s Sys=0.00s Real=0.00s
[2024-08-29T23:15:33.377+0800] GC(299) Concurrent Undo Cycle
[2024-08-29T23:15:33.377+0800] GC(299) Concurrent Cleanup for Next Mark
[2024-08-29T23:15:33.383+0800] GC(299) Concurrent Cleanup for Next Mark 5.130ms
[2024-08-29T23:15:33.383+0800] GC(299) Concurrent Undo Cycle 5.315ms
[2024-08-29T23:15:33.439+0800] GC(300) Pause Young (Concurrent Start) (G1 Humongous Allocation)
[2024-08-29T23:15:33.439+0800] GC(300) Using 8 workers of 8 for evacuation
[2024-08-29T23:15:33.440+0800] GC(300)   Pre Evacuate Collection Set: 0.2ms
[2024-08-29T23:15:33.440+0800] GC(300)   Merge Heap Roots: 0.1ms
[2024-08-29T23:15:33.440+0800] GC(300)   Evacuate Collection Set: 0.3ms
[2024-08-29T23:15:33.440+0800] GC(300)   Post Evacuate Collection Set: 0.3ms
[2024-08-29T23:15:33.440+0800] GC(300)   Other: 0.2ms
[2024-08-29T23:15:33.440+0800] GC(300) Eden regions: 4->0(1064)
[2024-08-29T23:15:33.440+0800] GC(300) Survivor regions: 0->0(131)
[2024-08-29T23:15:33.440+0800] GC(300) Old regions: 1->1
[2024-08-29T23:15:33.440+0800] GC(300) Archive regions: 2->2
[2024-08-29T23:15:33.440+0800] GC(300) Humongous regions: 925->775
[2024-08-29T23:15:33.440+0800] GC(300) Metaspace: 1625K(1792K)->1625K(1792K) NonClass: 1506K(1600K)->1506K(1600K) Class: 119K(192K)->119K(192K)
[2024-08-29T23:15:33.440+0800] GC(300) Pause Young (Concurrent Start) (G1 Humongous Allocation) 930M->776M(2048M) 1.185ms
[2024-08-29T23:15:33.440+0800] GC(300) User=0.00s Sys=0.01s Real=0.00s
[2024-08-29T23:15:33.440+0800] GC(301) Concurrent Undo Cycle
[2024-08-29T23:15:33.440+0800] GC(301) Concurrent Cleanup for Next Mark
[2024-08-29T23:15:33.446+0800] GC(301) Concurrent Cleanup for Next Mark 6.202ms
[2024-08-29T23:15:33.447+0800] GC(301) Concurrent Undo Cycle 6.348ms
[2024-08-29T23:15:33.489+0800] GC(302) Pause Young (Concurrent Start) (G1 Humongous Allocation)
[2024-08-29T23:15:33.489+0800] GC(302) Using 8 workers of 8 for evacuation
[2024-08-29T23:15:33.490+0800] GC(302)   Pre Evacuate Collection Set: 0.2ms
[2024-08-29T23:15:33.490+0800] GC(302)   Merge Heap Roots: 0.1ms
[2024-08-29T23:15:33.490+0800] GC(302)   Evacuate Collection Set: 0.3ms
[2024-08-29T23:15:33.490+0800] GC(302)   Post Evacuate Collection Set: 0.3ms
[2024-08-29T23:15:33.490+0800] GC(302)   Other: 0.2ms
[2024-08-29T23:15:33.490+0800] GC(302) Eden regions: 4->0(1043)
[2024-08-29T23:15:33.490+0800] GC(302) Survivor regions: 0->0(133)
[2024-08-29T23:15:33.490+0800] GC(302) Old regions: 1->1
[2024-08-29T23:15:33.490+0800] GC(302) Archive regions: 2->2
[2024-08-29T23:15:33.490+0800] GC(302) Humongous regions: 915->796
[2024-08-29T23:15:33.490+0800] GC(302) Metaspace: 1625K(1792K)->1625K(1792K) NonClass: 1506K(1600K)->1506K(1600K) Class: 119K(192K)->119K(192K)
[2024-08-29T23:15:33.490+0800] GC(302) Pause Young (Concurrent Start) (G1 Humongous Allocation) 920M->797M(2048M) 1.146ms
[2024-08-29T23:15:33.490+0800] GC(302) User=0.00s Sys=0.00s Real=0.00s
[2024-08-29T23:15:33.490+0800] GC(303) Concurrent Undo Cycle
[2024-08-29T23:15:33.490+0800] GC(303) Concurrent Cleanup for Next Mark
[2024-08-29T23:15:33.495+0800] GC(303) Concurrent Cleanup for Next Mark 4.838ms
[2024-08-29T23:15:33.495+0800] GC(303) Concurrent Undo Cycle 4.958ms
[2024-08-29T23:15:33.533+0800] GC(304) Pause Young (Concurrent Start) (G1 Humongous Allocation)
[2024-08-29T23:15:33.533+0800] GC(304) Using 8 workers of 8 for evacuation
[2024-08-29T23:15:33.534+0800] GC(304)   Pre Evacuate Collection Set: 0.2ms
[2024-08-29T23:15:33.535+0800] GC(304)   Merge Heap Roots: 0.1ms
[2024-08-29T23:15:33.535+0800] GC(304)   Evacuate Collection Set: 0.4ms
[2024-08-29T23:15:33.535+0800] GC(304)   Post Evacuate Collection Set: 0.5ms
[2024-08-29T23:15:33.535+0800] GC(304)   Other: 0.2ms
[2024-08-29T23:15:33.535+0800] GC(304) Eden regions: 4->0(985)
[2024-08-29T23:15:33.535+0800] GC(304) Survivor regions: 0->0(131)
[2024-08-29T23:15:33.535+0800] GC(304) Old regions: 1->1
[2024-08-29T23:15:33.535+0800] GC(304) Archive regions: 2->2
[2024-08-29T23:15:33.535+0800] GC(304) Humongous regions: 918->854
[2024-08-29T23:15:33.535+0800] GC(304) Metaspace: 1625K(1792K)->1625K(1792K) NonClass: 1506K(1600K)->1506K(1600K) Class: 119K(192K)->119K(192K)
[2024-08-29T23:15:33.535+0800] GC(304) Pause Young (Concurrent Start) (G1 Humongous Allocation) 923M->855M(2048M) 1.465ms
[2024-08-29T23:15:33.535+0800] GC(304) User=0.00s Sys=0.01s Real=0.00s
[2024-08-29T23:15:33.535+0800] GC(305) Concurrent Undo Cycle
[2024-08-29T23:15:33.535+0800] GC(305) Concurrent Cleanup for Next Mark
[2024-08-29T23:15:33.540+0800] GC(305) Concurrent Cleanup for Next Mark 5.480ms
[2024-08-29T23:15:33.540+0800] GC(305) Concurrent Undo Cycle 5.671ms
[2024-08-29T23:15:33.559+0800] GC(306) Pause Young (Concurrent Start) (G1 Humongous Allocation)
[2024-08-29T23:15:33.559+0800] GC(306) Using 8 workers of 8 for evacuation
[2024-08-29T23:15:33.560+0800] GC(306)   Pre Evacuate Collection Set: 0.4ms
[2024-08-29T23:15:33.560+0800] GC(306)   Merge Heap Roots: 0.1ms
[2024-08-29T23:15:33.560+0800] GC(306)   Evacuate Collection Set: 0.3ms
[2024-08-29T23:15:33.560+0800] GC(306)   Post Evacuate Collection Set: 0.2ms
[2024-08-29T23:15:33.560+0800] GC(306)   Other: 0.2ms
[2024-08-29T23:15:33.560+0800] GC(306) Eden regions: 4->0(990)
[2024-08-29T23:15:33.560+0800] GC(306) Survivor regions: 0->0(124)
[2024-08-29T23:15:33.561+0800] GC(306) Old regions: 1->1
[2024-08-29T23:15:33.561+0800] GC(306) Archive regions: 2->2
[2024-08-29T23:15:33.561+0800] GC(306) Humongous regions: 916->849
[2024-08-29T23:15:33.561+0800] GC(306) Metaspace: 1625K(1792K)->1625K(1792K) NonClass: 1506K(1600K)->1506K(1600K) Class: 119K(192K)->119K(192K)
[2024-08-29T23:15:33.561+0800] GC(306) Pause Young (Concurrent Start) (G1 Humongous Allocation) 921M->850M(2048M) 1.301ms
[2024-08-29T23:15:33.561+0800] GC(306) User=0.00s Sys=0.00s Real=0.00s
[2024-08-29T23:15:33.561+0800] GC(307) Concurrent Undo Cycle
[2024-08-29T23:15:33.561+0800] GC(307) Concurrent Cleanup for Next Mark
[2024-08-29T23:15:33.565+0800] GC(307) Concurrent Cleanup for Next Mark 4.806ms
[2024-08-29T23:15:33.566+0800] GC(307) Concurrent Undo Cycle 4.940ms
[2024-08-29T23:15:33.580+0800] GC(308) Pause Young (Concurrent Start) (G1 Humongous Allocation)
[2024-08-29T23:15:33.580+0800] GC(308) Using 8 workers of 8 for evacuation
[2024-08-29T23:15:33.581+0800] GC(308)   Pre Evacuate Collection Set: 0.2ms
[2024-08-29T23:15:33.581+0800] GC(308)   Merge Heap Roots: 0.1ms
[2024-08-29T23:15:33.581+0800] GC(308)   Evacuate Collection Set: 0.3ms
[2024-08-29T23:15:33.581+0800] GC(308)   Post Evacuate Collection Set: 0.3ms
[2024-08-29T23:15:33.581+0800] GC(308)   Other: 0.2ms
[2024-08-29T23:15:33.581+0800] GC(308) Eden regions: 4->0(965)
[2024-08-29T23:15:33.581+0800] GC(308) Survivor regions: 0->0(124)
[2024-08-29T23:15:33.581+0800] GC(308) Old regions: 1->1
[2024-08-29T23:15:33.581+0800] GC(308) Archive regions: 2->2
[2024-08-29T23:15:33.581+0800] GC(308) Humongous regions: 917->874
[2024-08-29T23:15:33.581+0800] GC(308) Metaspace: 1625K(1792K)->1625K(1792K) NonClass: 1506K(1600K)->1506K(1600K) Class: 119K(192K)->119K(192K)
[2024-08-29T23:15:33.581+0800] GC(308) Pause Young (Concurrent Start) (G1 Humongous Allocation) 922M->875M(2048M) 1.176ms
[2024-08-29T23:15:33.581+0800] GC(308) User=0.00s Sys=0.01s Real=0.00s
[2024-08-29T23:15:33.581+0800] GC(309) Concurrent Undo Cycle
[2024-08-29T23:15:33.581+0800] GC(309) Concurrent Cleanup for Next Mark
[2024-08-29T23:15:33.586+0800] GC(309) Concurrent Cleanup for Next Mark 4.349ms
[2024-08-29T23:15:33.586+0800] GC(309) Concurrent Undo Cycle 4.484ms
[2024-08-29T23:15:33.594+0800] GC(310) Pause Young (Concurrent Start) (G1 Humongous Allocation)
[2024-08-29T23:15:33.594+0800] GC(310) Using 8 workers of 8 for evacuation
[2024-08-29T23:15:33.595+0800] GC(310)   Pre Evacuate Collection Set: 0.2ms
[2024-08-29T23:15:33.595+0800] GC(310)   Merge Heap Roots: 0.1ms
[2024-08-29T23:15:33.595+0800] GC(310)   Evacuate Collection Set: 0.3ms
[2024-08-29T23:15:33.595+0800] GC(310)   Post Evacuate Collection Set: 0.2ms
[2024-08-29T23:15:33.595+0800] GC(310)   Other: 0.2ms
[2024-08-29T23:15:33.595+0800] GC(310) Eden regions: 4->0(966)
[2024-08-29T23:15:33.595+0800] GC(310) Survivor regions: 0->0(121)
[2024-08-29T23:15:33.595+0800] GC(310) Old regions: 1->1
[2024-08-29T23:15:33.595+0800] GC(310) Archive regions: 2->2
[2024-08-29T23:15:33.595+0800] GC(310) Humongous regions: 914->873
[2024-08-29T23:15:33.595+0800] GC(310) Metaspace: 1625K(1792K)->1625K(1792K) NonClass: 1506K(1600K)->1506K(1600K) Class: 119K(192K)->119K(192K)
[2024-08-29T23:15:33.595+0800] GC(310) Pause Young (Concurrent Start) (G1 Humongous Allocation) 919M->874M(2048M) 1.011ms
[2024-08-29T23:15:33.595+0800] GC(310) User=0.00s Sys=0.00s Real=0.00s
[2024-08-29T23:15:33.595+0800] GC(311) Concurrent Undo Cycle
[2024-08-29T23:15:33.595+0800] GC(311) Concurrent Cleanup for Next Mark
[2024-08-29T23:15:33.600+0800] GC(311) Concurrent Cleanup for Next Mark 4.547ms
[2024-08-29T23:15:33.600+0800] GC(311) Concurrent Undo Cycle 4.643ms
[2024-08-29T23:15:33.614+0800] GC(312) Pause Young (Concurrent Start) (G1 Humongous Allocation)
[2024-08-29T23:15:33.614+0800] GC(312) Using 8 workers of 8 for evacuation
[2024-08-29T23:15:33.615+0800] GC(312)   Pre Evacuate Collection Set: 0.3ms
[2024-08-29T23:15:33.615+0800] GC(312)   Merge Heap Roots: 0.1ms
[2024-08-29T23:15:33.615+0800] GC(312)   Evacuate Collection Set: 0.3ms
[2024-08-29T23:15:33.615+0800] GC(312)   Post Evacuate Collection Set: 0.3ms
[2024-08-29T23:15:33.615+0800] GC(312)   Other: 0.2ms
[2024-08-29T23:15:33.615+0800] GC(312) Eden regions: 4->0(957)
[2024-08-29T23:15:33.615+0800] GC(312) Survivor regions: 0->0(121)
[2024-08-29T23:15:33.615+0800] GC(312) Old regions: 1->1
[2024-08-29T23:15:33.615+0800] GC(312) Archive regions: 2->2
[2024-08-29T23:15:33.615+0800] GC(312) Humongous regions: 917->882
[2024-08-29T23:15:33.615+0800] GC(312) Metaspace: 1625K(1792K)->1625K(1792K) NonClass: 1506K(1600K)->1506K(1600K) Class: 119K(192K)->119K(192K)
[2024-08-29T23:15:33.615+0800] GC(312) Pause Young (Concurrent Start) (G1 Humongous Allocation) 922M->883M(2048M) 1.221ms
[2024-08-29T23:15:33.615+0800] GC(312) User=0.00s Sys=0.00s Real=0.00s
[2024-08-29T23:15:33.615+0800] GC(313) Concurrent Undo Cycle
[2024-08-29T23:15:33.615+0800] GC(313) Concurrent Cleanup for Next Mark
[2024-08-29T23:15:33.623+0800] GC(313) Concurrent Cleanup for Next Mark 8.287ms
[2024-08-29T23:15:33.623+0800] GC(313) Concurrent Undo Cycle 8.444ms
[2024-08-29T23:15:33.625+0800] GC(314) Pause Young (Concurrent Start) (G1 Humongous Allocation)
[2024-08-29T23:15:33.625+0800] GC(314) Using 8 workers of 8 for evacuation
[2024-08-29T23:15:33.627+0800] GC(314)   Pre Evacuate Collection Set: 0.3ms
[2024-08-29T23:15:33.627+0800] GC(314)   Merge Heap Roots: 0.1ms
[2024-08-29T23:15:33.627+0800] GC(314)   Evacuate Collection Set: 0.4ms
[2024-08-29T23:15:33.627+0800] GC(314)   Post Evacuate Collection Set: 0.3ms
[2024-08-29T23:15:33.627+0800] GC(314)   Other: 0.3ms
[2024-08-29T23:15:33.627+0800] GC(314) Eden regions: 4->0(930)
[2024-08-29T23:15:33.627+0800] GC(314) Survivor regions: 0->0(120)
[2024-08-29T23:15:33.627+0800] GC(314) Old regions: 1->1
[2024-08-29T23:15:33.627+0800] GC(314) Archive regions: 2->2
[2024-08-29T23:15:33.627+0800] GC(314) Humongous regions: 915->909
[2024-08-29T23:15:33.627+0800] GC(314) Metaspace: 1625K(1792K)->1625K(1792K) NonClass: 1506K(1600K)->1506K(1600K) Class: 119K(192K)->119K(192K)
[2024-08-29T23:15:33.627+0800] GC(314) Pause Young (Concurrent Start) (G1 Humongous Allocation) 919M->910M(2048M) 1.563ms
[2024-08-29T23:15:33.627+0800] GC(314) User=0.00s Sys=0.01s Real=0.00s
[2024-08-29T23:15:33.627+0800] GC(315) Concurrent Undo Cycle
[2024-08-29T23:15:33.627+0800] GC(315) Concurrent Cleanup for Next Mark
[2024-08-29T23:15:33.632+0800] GC(315) Concurrent Cleanup for Next Mark 4.900ms
[2024-08-29T23:15:33.632+0800] GC(315) Concurrent Undo Cycle 4.971ms
[2024-08-29T23:15:33.634+0800] GC(316) Pause Young (Concurrent Start) (G1 Humongous Allocation)
[2024-08-29T23:15:33.634+0800] GC(316) Using 8 workers of 8 for evacuation
[2024-08-29T23:15:33.635+0800] GC(316)   Pre Evacuate Collection Set: 0.2ms
[2024-08-29T23:15:33.635+0800] GC(316)   Merge Heap Roots: 0.2ms
[2024-08-29T23:15:33.636+0800] GC(316)   Evacuate Collection Set: 0.5ms
[2024-08-29T23:15:33.636+0800] GC(316)   Post Evacuate Collection Set: 0.3ms
[2024-08-29T23:15:33.636+0800] GC(316)   Other: 0.2ms
[2024-08-29T23:15:33.636+0800] GC(316) Eden regions: 3->0(937)
[2024-08-29T23:15:33.636+0800] GC(316) Survivor regions: 0->0(117)
[2024-08-29T23:15:33.636+0800] GC(316) Old regions: 1->1
[2024-08-29T23:15:33.636+0800] GC(316) Archive regions: 2->2
[2024-08-29T23:15:33.636+0800] GC(316) Humongous regions: 929->902
[2024-08-29T23:15:33.636+0800] GC(316) Metaspace: 1625K(1792K)->1625K(1792K) NonClass: 1506K(1600K)->1506K(1600K) Class: 119K(192K)->119K(192K)
[2024-08-29T23:15:33.636+0800] GC(316) Pause Young (Concurrent Start) (G1 Humongous Allocation) 933M->903M(2048M) 1.472ms
[2024-08-29T23:15:33.636+0800] GC(316) User=0.00s Sys=0.00s Real=0.00s
[2024-08-29T23:15:33.636+0800] GC(317) Concurrent Undo Cycle
[2024-08-29T23:15:33.636+0800] GC(317) Concurrent Cleanup for Next Mark
[2024-08-29T23:15:33.643+0800] GC(317) Concurrent Cleanup for Next Mark 6.924ms
[2024-08-29T23:15:33.643+0800] GC(317) Concurrent Undo Cycle 7.075ms
[2024-08-29T23:15:33.645+0800] GC(318) Pause Young (Concurrent Start) (G1 Humongous Allocation)
[2024-08-29T23:15:33.645+0800] GC(318) Using 8 workers of 8 for evacuation
[2024-08-29T23:15:33.646+0800] GC(318)   Pre Evacuate Collection Set: 0.3ms
[2024-08-29T23:15:33.646+0800] GC(318)   Merge Heap Roots: 0.1ms
[2024-08-29T23:15:33.646+0800] GC(318)   Evacuate Collection Set: 0.4ms
[2024-08-29T23:15:33.646+0800] GC(318)   Post Evacuate Collection Set: 0.3ms
[2024-08-29T23:15:33.646+0800] GC(318)   Other: 0.2ms
[2024-08-29T23:15:33.646+0800] GC(318) Eden regions: 3->0(942)
[2024-08-29T23:15:33.646+0800] GC(318) Survivor regions: 0->0(118)
[2024-08-29T23:15:33.646+0800] GC(318) Old regions: 1->1
[2024-08-29T23:15:33.646+0800] GC(318) Archive regions: 2->2
[2024-08-29T23:15:33.646+0800] GC(318) Humongous regions: 919->897
[2024-08-29T23:15:33.646+0800] GC(318) Metaspace: 1625K(1792K)->1625K(1792K) NonClass: 1506K(1600K)->1506K(1600K) Class: 119K(192K)->119K(192K)
[2024-08-29T23:15:33.646+0800] GC(318) Pause Young (Concurrent Start) (G1 Humongous Allocation) 923M->898M(2048M) 1.271ms
[2024-08-29T23:15:33.646+0800] GC(318) User=0.01s Sys=0.00s Real=0.00s
[2024-08-29T23:15:33.646+0800] GC(319) Concurrent Undo Cycle
[2024-08-29T23:15:33.646+0800] GC(319) Concurrent Cleanup for Next Mark
[2024-08-29T23:15:33.652+0800] GC(319) Concurrent Cleanup for Next Mark 5.294ms
[2024-08-29T23:15:33.652+0800] GC(319) Concurrent Undo Cycle 5.602ms
[2024-08-29T23:15:33.656+0800] GC(320) Pause Young (Concurrent Start) (G1 Humongous Allocation)
[2024-08-29T23:15:33.656+0800] GC(320) Using 8 workers of 8 for evacuation
[2024-08-29T23:15:33.658+0800] GC(320)   Pre Evacuate Collection Set: 0.3ms
[2024-08-29T23:15:33.658+0800] GC(320)   Merge Heap Roots: 0.2ms
[2024-08-29T23:15:33.658+0800] GC(320)   Evacuate Collection Set: 0.4ms
[2024-08-29T23:15:33.658+0800] GC(320)   Post Evacuate Collection Set: 0.4ms
[2024-08-29T23:15:33.658+0800] GC(320)   Other: 0.3ms
[2024-08-29T23:15:33.658+0800] GC(320) Eden regions: 3->0(937)
[2024-08-29T23:15:33.658+0800] GC(320) Survivor regions: 0->0(118)
[2024-08-29T23:15:33.658+0800] GC(320) Old regions: 1->1
[2024-08-29T23:15:33.658+0800] GC(320) Archive regions: 2->2
[2024-08-29T23:15:33.658+0800] GC(320) Humongous regions: 921->902
[2024-08-29T23:15:33.658+0800] GC(320) Metaspace: 1625K(1792K)->1625K(1792K) NonClass: 1506K(1600K)->1506K(1600K) Class: 119K(192K)->119K(192K)
[2024-08-29T23:15:33.658+0800] GC(320) Pause Young (Concurrent Start) (G1 Humongous Allocation) 925M->903M(2048M) 1.607ms
[2024-08-29T23:15:33.658+0800] GC(320) User=0.00s Sys=0.01s Real=0.00s
[2024-08-29T23:15:33.658+0800] GC(321) Concurrent Undo Cycle
[2024-08-29T23:15:33.658+0800] GC(321) Concurrent Cleanup for Next Mark
[2024-08-29T23:15:33.662+0800] GC(321) Concurrent Cleanup for Next Mark 4.297ms
[2024-08-29T23:15:33.662+0800] GC(321) Concurrent Undo Cycle 4.393ms
[2024-08-29T23:15:33.666+0800] GC(322) Pause Young (Concurrent Start) (G1 Humongous Allocation)
[2024-08-29T23:15:33.666+0800] GC(322) Using 8 workers of 8 for evacuation
[2024-08-29T23:15:33.667+0800] GC(322)   Pre Evacuate Collection Set: 0.2ms
[2024-08-29T23:15:33.667+0800] GC(322)   Merge Heap Roots: 0.1ms
[2024-08-29T23:15:33.667+0800] GC(322)   Evacuate Collection Set: 0.4ms
[2024-08-29T23:15:33.667+0800] GC(322)   Post Evacuate Collection Set: 0.5ms
[2024-08-29T23:15:33.667+0800] GC(322)   Other: 0.2ms
[2024-08-29T23:15:33.667+0800] GC(322) Eden regions: 4->0(949)
[2024-08-29T23:15:33.667+0800] GC(322) Survivor regions: 0->0(118)
[2024-08-29T23:15:33.667+0800] GC(322) Old regions: 1->1
[2024-08-29T23:15:33.668+0800] GC(322) Archive regions: 2->2
[2024-08-29T23:15:33.668+0800] GC(322) Humongous regions: 919->890
[2024-08-29T23:15:33.668+0800] GC(322) Metaspace: 1625K(1792K)->1625K(1792K) NonClass: 1506K(1600K)->1506K(1600K) Class: 119K(192K)->119K(192K)
[2024-08-29T23:15:33.668+0800] GC(322) Pause Young (Concurrent Start) (G1 Humongous Allocation) 923M->891M(2048M) 1.401ms
[2024-08-29T23:15:33.668+0800] GC(322) User=0.00s Sys=0.00s Real=0.00s
[2024-08-29T23:15:33.668+0800] GC(323) Concurrent Undo Cycle
[2024-08-29T23:15:33.668+0800] GC(323) Concurrent Cleanup for Next Mark
[2024-08-29T23:15:33.674+0800] GC(323) Concurrent Cleanup for Next Mark 6.063ms
[2024-08-29T23:15:33.674+0800] GC(323) Concurrent Undo Cycle 6.258ms
[2024-08-29T23:15:33.681+0800] GC(324) Pause Young (Concurrent Start) (G1 Humongous Allocation)
[2024-08-29T23:15:33.681+0800] GC(324) Using 8 workers of 8 for evacuation
[2024-08-29T23:15:33.682+0800] GC(324)   Pre Evacuate Collection Set: 0.4ms
[2024-08-29T23:15:33.683+0800] GC(324)   Merge Heap Roots: 0.2ms
[2024-08-29T23:15:33.683+0800] GC(324)   Evacuate Collection Set: 0.4ms
[2024-08-29T23:15:33.683+0800] GC(324)   Post Evacuate Collection Set: 0.3ms
[2024-08-29T23:15:33.683+0800] GC(324)   Other: 0.2ms
[2024-08-29T23:15:33.683+0800] GC(324) Eden regions: 4->0(949)
[2024-08-29T23:15:33.683+0800] GC(324) Survivor regions: 0->0(119)
[2024-08-29T23:15:33.683+0800] GC(324) Old regions: 1->1
[2024-08-29T23:15:33.683+0800] GC(324) Archive regions: 2->2
[2024-08-29T23:15:33.683+0800] GC(324) Humongous regions: 919->890
[2024-08-29T23:15:33.683+0800] GC(324) Metaspace: 1625K(1792K)->1625K(1792K) NonClass: 1506K(1600K)->1506K(1600K) Class: 119K(192K)->119K(192K)
[2024-08-29T23:15:33.683+0800] GC(324) Pause Young (Concurrent Start) (G1 Humongous Allocation) 924M->891M(2048M) 1.396ms
[2024-08-29T23:15:33.683+0800] GC(324) User=0.00s Sys=0.00s Real=0.01s
[2024-08-29T23:15:33.683+0800] GC(325) Concurrent Undo Cycle
[2024-08-29T23:15:33.683+0800] GC(325) Concurrent Cleanup for Next Mark
[2024-08-29T23:15:33.689+0800] GC(325) Concurrent Cleanup for Next Mark 6.379ms
[2024-08-29T23:15:33.689+0800] GC(325) Concurrent Undo Cycle 6.588ms
[2024-08-29T23:15:33.693+0800] GC(326) Pause Young (Concurrent Start) (G1 Humongous Allocation)
[2024-08-29T23:15:33.693+0800] GC(326) Using 8 workers of 8 for evacuation
[2024-08-29T23:15:33.694+0800] GC(326)   Pre Evacuate Collection Set: 0.3ms
[2024-08-29T23:15:33.694+0800] GC(326)   Merge Heap Roots: 0.1ms
[2024-08-29T23:15:33.694+0800] GC(326)   Evacuate Collection Set: 0.4ms
[2024-08-29T23:15:33.694+0800] GC(326)   Post Evacuate Collection Set: 0.2ms
[2024-08-29T23:15:33.694+0800] GC(326)   Other: 0.2ms
[2024-08-29T23:15:33.694+0800] GC(326) Eden regions: 3->0(956)
[2024-08-29T23:15:33.694+0800] GC(326) Survivor regions: 0->0(119)
[2024-08-29T23:15:33.694+0800] GC(326) Old regions: 1->1
[2024-08-29T23:15:33.694+0800] GC(326) Archive regions: 2->2
[2024-08-29T23:15:33.694+0800] GC(326) Humongous regions: 916->883
[2024-08-29T23:15:33.694+0800] GC(326) Metaspace: 1625K(1792K)->1625K(1792K) NonClass: 1506K(1600K)->1506K(1600K) Class: 119K(192K)->119K(192K)
[2024-08-29T23:15:33.694+0800] GC(326) Pause Young (Concurrent Start) (G1 Humongous Allocation) 920M->884M(2048M) 1.247ms
[2024-08-29T23:15:33.694+0800] GC(326) User=0.00s Sys=0.00s Real=0.00s
[2024-08-29T23:15:33.694+0800] GC(327) Concurrent Undo Cycle
[2024-08-29T23:15:33.694+0800] GC(327) Concurrent Cleanup for Next Mark
[2024-08-29T23:15:33.700+0800] GC(327) Concurrent Cleanup for Next Mark 5.486ms
[2024-08-29T23:15:33.700+0800] GC(327) Concurrent Undo Cycle 5.577ms
[2024-08-29T23:15:33.709+0800] GC(328) Pause Young (Concurrent Start) (G1 Humongous Allocation)
[2024-08-29T23:15:33.709+0800] GC(328) Using 8 workers of 8 for evacuation
[2024-08-29T23:15:33.710+0800] GC(328)   Pre Evacuate Collection Set: 0.2ms
[2024-08-29T23:15:33.710+0800] GC(328)   Merge Heap Roots: 0.1ms
[2024-08-29T23:15:33.710+0800] GC(328)   Evacuate Collection Set: 0.3ms
[2024-08-29T23:15:33.710+0800] GC(328)   Post Evacuate Collection Set: 0.2ms
[2024-08-29T23:15:33.710+0800] GC(328)   Other: 0.2ms
[2024-08-29T23:15:33.710+0800] GC(328) Eden regions: 4->0(955)
[2024-08-29T23:15:33.710+0800] GC(328) Survivor regions: 0->0(120)
[2024-08-29T23:15:33.710+0800] GC(328) Old regions: 1->1
[2024-08-29T23:15:33.710+0800] GC(328) Archive regions: 2->2
[2024-08-29T23:15:33.710+0800] GC(328) Humongous regions: 915->884
[2024-08-29T23:15:33.710+0800] GC(328) Metaspace: 1625K(1792K)->1625K(1792K) NonClass: 1506K(1600K)->1506K(1600K) Class: 119K(192K)->119K(192K)
[2024-08-29T23:15:33.710+0800] GC(328) Pause Young (Concurrent Start) (G1 Humongous Allocation) 919M->885M(2048M) 1.054ms
[2024-08-29T23:15:33.710+0800] GC(328) User=0.00s Sys=0.00s Real=0.00s
[2024-08-29T23:15:33.710+0800] GC(329) Concurrent Undo Cycle
[2024-08-29T23:15:33.710+0800] GC(329) Concurrent Cleanup for Next Mark
[2024-08-29T23:15:33.715+0800] GC(329) Concurrent Cleanup for Next Mark 4.671ms
[2024-08-29T23:15:33.715+0800] GC(329) Concurrent Undo Cycle 4.749ms
[2024-08-29T23:15:33.724+0800] GC(330) Pause Young (Concurrent Start) (G1 Humongous Allocation)
[2024-08-29T23:15:33.724+0800] GC(330) Using 8 workers of 8 for evacuation
[2024-08-29T23:15:33.725+0800] GC(330)   Pre Evacuate Collection Set: 0.3ms
[2024-08-29T23:15:33.725+0800] GC(330)   Merge Heap Roots: 0.2ms
[2024-08-29T23:15:33.725+0800] GC(330)   Evacuate Collection Set: 0.4ms
[2024-08-29T23:15:33.725+0800] GC(330)   Post Evacuate Collection Set: 0.3ms
[2024-08-29T23:15:33.725+0800] GC(330)   Other: 0.2ms
[2024-08-29T23:15:33.725+0800] GC(330) Eden regions: 4->0(942)
[2024-08-29T23:15:33.725+0800] GC(330) Survivor regions: 0->0(120)
[2024-08-29T23:15:33.725+0800] GC(330) Old regions: 1->1
[2024-08-29T23:15:33.726+0800] GC(330) Archive regions: 2->2
[2024-08-29T23:15:33.726+0800] GC(330) Humongous regions: 917->897
[2024-08-29T23:15:33.726+0800] GC(330) Metaspace: 1625K(1792K)->1625K(1792K) NonClass: 1506K(1600K)->1506K(1600K) Class: 119K(192K)->119K(192K)
[2024-08-29T23:15:33.726+0800] GC(330) Pause Young (Concurrent Start) (G1 Humongous Allocation) 922M->898M(2048M) 1.352ms
[2024-08-29T23:15:33.726+0800] GC(330) User=0.00s Sys=0.00s Real=0.00s
[2024-08-29T23:15:33.726+0800] GC(331) Concurrent Undo Cycle
[2024-08-29T23:15:33.726+0800] GC(331) Concurrent Cleanup for Next Mark
[2024-08-29T23:15:33.730+0800] GC(331) Concurrent Cleanup for Next Mark 4.865ms
[2024-08-29T23:15:33.731+0800] GC(331) Concurrent Undo Cycle 4.947ms
[2024-08-29T23:15:33.731+0800] GC(332) Pause Young (Concurrent Start) (G1 Humongous Allocation)
[2024-08-29T23:15:33.731+0800] GC(332) Using 8 workers of 8 for evacuation
[2024-08-29T23:15:33.732+0800] GC(332)   Pre Evacuate Collection Set: 0.2ms
[2024-08-29T23:15:33.732+0800] GC(332)   Merge Heap Roots: 0.1ms
[2024-08-29T23:15:33.732+0800] GC(332)   Evacuate Collection Set: 0.3ms
[2024-08-29T23:15:33.732+0800] GC(332)   Post Evacuate Collection Set: 0.3ms
[2024-08-29T23:15:33.732+0800] GC(332)   Other: 0.2ms
[2024-08-29T23:15:33.732+0800] GC(332) Eden regions: 3->0(940)
[2024-08-29T23:15:33.732+0800] GC(332) Survivor regions: 0->0(118)
[2024-08-29T23:15:33.732+0800] GC(332) Old regions: 1->1
[2024-08-29T23:15:33.732+0800] GC(332) Archive regions: 2->2
[2024-08-29T23:15:33.732+0800] GC(332) Humongous regions: 915->899
[2024-08-29T23:15:33.732+0800] GC(332) Metaspace: 1625K(1792K)->1625K(1792K) NonClass: 1506K(1600K)->1506K(1600K) Class: 119K(192K)->119K(192K)
[2024-08-29T23:15:33.732+0800] GC(332) Pause Young (Concurrent Start) (G1 Humongous Allocation) 919M->900M(2048M) 1.183ms
[2024-08-29T23:15:33.732+0800] GC(332) User=0.00s Sys=0.01s Real=0.01s
[2024-08-29T23:15:33.733+0800] GC(333) Concurrent Undo Cycle
[2024-08-29T23:15:33.733+0800] GC(333) Concurrent Cleanup for Next Mark
[2024-08-29T23:15:33.739+0800] GC(333) Concurrent Cleanup for Next Mark 6.038ms
[2024-08-29T23:15:33.739+0800] GC(333) Concurrent Undo Cycle 6.158ms
[2024-08-29T23:15:33.741+0800] GC(334) Pause Young (Concurrent Start) (G1 Humongous Allocation)
[2024-08-29T23:15:33.741+0800] GC(334) Using 8 workers of 8 for evacuation
[2024-08-29T23:15:33.742+0800] GC(334)   Pre Evacuate Collection Set: 0.3ms
[2024-08-29T23:15:33.742+0800] GC(334)   Merge Heap Roots: 0.2ms
[2024-08-29T23:15:33.742+0800] GC(334)   Evacuate Collection Set: 0.4ms
[2024-08-29T23:15:33.742+0800] GC(334)   Post Evacuate Collection Set: 0.2ms
[2024-08-29T23:15:33.742+0800] GC(334)   Other: 0.2ms
[2024-08-29T23:15:33.742+0800] GC(334) Eden regions: 3->0(920)
[2024-08-29T23:15:33.742+0800] GC(334) Survivor regions: 0->0(118)
[2024-08-29T23:15:33.742+0800] GC(334) Old regions: 1->1
[2024-08-29T23:15:33.742+0800] GC(334) Archive regions: 2->2
[2024-08-29T23:15:33.742+0800] GC(334) Humongous regions: 930->919
[2024-08-29T23:15:33.742+0800] GC(334) Metaspace: 1625K(1792K)->1625K(1792K) NonClass: 1506K(1600K)->1506K(1600K) Class: 119K(192K)->119K(192K)
[2024-08-29T23:15:33.742+0800] GC(334) Pause Young (Concurrent Start) (G1 Humongous Allocation) 934M->920M(2048M) 1.327ms
[2024-08-29T23:15:33.742+0800] GC(334) User=0.00s Sys=0.00s Real=0.01s
[2024-08-29T23:15:33.743+0800] GC(335) Concurrent Mark Cycle
[2024-08-29T23:15:33.743+0800] GC(335) Concurrent Clear Claimed Marks
[2024-08-29T23:15:33.743+0800] GC(335) Concurrent Clear Claimed Marks 0.005ms
[2024-08-29T23:15:33.743+0800] GC(335) Concurrent Scan Root Regions
[2024-08-29T23:15:33.743+0800] GC(335) Concurrent Scan Root Regions 0.004ms
[2024-08-29T23:15:33.743+0800] GC(335) Concurrent Mark
[2024-08-29T23:15:33.743+0800] GC(335) Concurrent Mark From Roots
[2024-08-29T23:15:33.743+0800] GC(335) Using 2 workers of 2 for marking
[2024-08-29T23:15:33.745+0800] GC(335) Concurrent Mark From Roots 2.034ms
[2024-08-29T23:15:33.745+0800] GC(335) Concurrent Preclean
[2024-08-29T23:15:33.745+0800] GC(335) Concurrent Preclean 0.068ms
[2024-08-29T23:15:33.745+0800] GC(335) Pause Remark
[2024-08-29T23:15:33.746+0800] GC(335) Pause Remark 927M->927M(2048M) 0.858ms
[2024-08-29T23:15:33.746+0800] GC(335) User=0.00s Sys=0.01s Real=0.00s
[2024-08-29T23:15:33.746+0800] GC(335) Concurrent Mark 3.092ms
[2024-08-29T23:15:33.746+0800] GC(335) Concurrent Rebuild Remembered Sets
[2024-08-29T23:15:33.746+0800] GC(335) Concurrent Rebuild Remembered Sets 0.005ms
[2024-08-29T23:15:33.746+0800] GC(335) Pause Cleanup
[2024-08-29T23:15:33.746+0800] GC(335) Pause Cleanup 930M->930M(2048M) 0.014ms
[2024-08-29T23:15:33.746+0800] GC(335) User=0.00s Sys=0.00s Real=0.00s
[2024-08-29T23:15:33.746+0800] GC(335) Concurrent Cleanup for Next Mark
[2024-08-29T23:15:33.751+0800] GC(335) Concurrent Cleanup for Next Mark 4.591ms
[2024-08-29T23:15:33.751+0800] GC(335) Concurrent Mark Cycle 8.274ms
[2024-08-29T23:15:33.755+0800] GC(336) Pause Young (Concurrent Start) (G1 Humongous Allocation)
[2024-08-29T23:15:33.755+0800] GC(336) Using 8 workers of 8 for evacuation
[2024-08-29T23:15:33.756+0800] GC(336)   Pre Evacuate Collection Set: 0.4ms
[2024-08-29T23:15:33.756+0800] GC(336)   Merge Heap Roots: 0.2ms
[2024-08-29T23:15:33.756+0800] GC(336)   Evacuate Collection Set: 0.5ms
[2024-08-29T23:15:33.756+0800] GC(336)   Post Evacuate Collection Set: 0.3ms
[2024-08-29T23:15:33.756+0800] GC(336)   Other: 0.2ms
[2024-08-29T23:15:33.756+0800] GC(336) Eden regions: 3->0(951)
[2024-08-29T23:15:33.756+0800] GC(336) Survivor regions: 0->0(115)
[2024-08-29T23:15:33.756+0800] GC(336) Old regions: 1->1
[2024-08-29T23:15:33.756+0800] GC(336) Archive regions: 2->2
[2024-08-29T23:15:33.756+0800] GC(336) Humongous regions: 935->888
[2024-08-29T23:15:33.756+0800] GC(336) Metaspace: 1625K(1792K)->1625K(1792K) NonClass: 1506K(1600K)->1506K(1600K) Class: 119K(192K)->119K(192K)
[2024-08-29T23:15:33.756+0800] GC(336) Pause Young (Concurrent Start) (G1 Humongous Allocation) 939M->889M(2048M) 1.485ms
[2024-08-29T23:15:33.756+0800] GC(336) User=0.00s Sys=0.00s Real=0.00s
[2024-08-29T23:15:33.756+0800] GC(337) Concurrent Undo Cycle
[2024-08-29T23:15:33.757+0800] GC(337) Concurrent Cleanup for Next Mark
[2024-08-29T23:15:33.761+0800] GC(337) Concurrent Cleanup for Next Mark 4.320ms
[2024-08-29T23:15:33.761+0800] GC(337) Concurrent Undo Cycle 4.460ms
[2024-08-29T23:15:33.772+0800] GC(338) Pause Young (Concurrent Start) (G1 Humongous Allocation)
[2024-08-29T23:15:33.772+0800] GC(338) Using 8 workers of 8 for evacuation
[2024-08-29T23:15:33.773+0800] GC(338)   Pre Evacuate Collection Set: 0.3ms
[2024-08-29T23:15:33.773+0800] GC(338)   Merge Heap Roots: 0.1ms
[2024-08-29T23:15:33.773+0800] GC(338)   Evacuate Collection Set: 0.3ms
[2024-08-29T23:15:33.773+0800] GC(338)   Post Evacuate Collection Set: 0.3ms
[2024-08-29T23:15:33.773+0800] GC(338)   Other: 0.2ms
[2024-08-29T23:15:33.773+0800] GC(338) Eden regions: 4->0(963)
[2024-08-29T23:15:33.773+0800] GC(338) Survivor regions: 0->0(119)
[2024-08-29T23:15:33.773+0800] GC(338) Old regions: 1->1
[2024-08-29T23:15:33.773+0800] GC(338) Archive regions: 2->2
[2024-08-29T23:15:33.773+0800] GC(338) Humongous regions: 917->876
[2024-08-29T23:15:33.773+0800] GC(338) Metaspace: 1625K(1792K)->1625K(1792K) NonClass: 1506K(1600K)->1506K(1600K) Class: 119K(192K)->119K(192K)
[2024-08-29T23:15:33.773+0800] GC(338) Pause Young (Concurrent Start) (G1 Humongous Allocation) 921M->877M(2048M) 1.301ms
[2024-08-29T23:15:33.773+0800] GC(338) User=0.00s Sys=0.00s Real=0.01s
[2024-08-29T23:15:33.773+0800] GC(339) Concurrent Undo Cycle
[2024-08-29T23:15:33.773+0800] GC(339) Concurrent Cleanup for Next Mark
[2024-08-29T23:15:33.781+0800] GC(339) Concurrent Cleanup for Next Mark 7.087ms
[2024-08-29T23:15:33.781+0800] GC(339) Concurrent Undo Cycle 7.247ms
[2024-08-29T23:15:33.783+0800] GC(340) Pause Young (Concurrent Start) (G1 Humongous Allocation)
[2024-08-29T23:15:33.783+0800] GC(340) Using 8 workers of 8 for evacuation
[2024-08-29T23:15:33.784+0800] GC(340)   Pre Evacuate Collection Set: 0.3ms
[2024-08-29T23:15:33.784+0800] GC(340)   Merge Heap Roots: 0.1ms
[2024-08-29T23:15:33.784+0800] GC(340)   Evacuate Collection Set: 0.3ms
[2024-08-29T23:15:33.784+0800] GC(340)   Post Evacuate Collection Set: 0.3ms
[2024-08-29T23:15:33.784+0800] GC(340)   Other: 0.2ms
[2024-08-29T23:15:33.784+0800] GC(340) Eden regions: 4->0(935)
[2024-08-29T23:15:33.784+0800] GC(340) Survivor regions: 0->0(121)
[2024-08-29T23:15:33.784+0800] GC(340) Old regions: 1->1
[2024-08-29T23:15:33.784+0800] GC(340) Archive regions: 2->2
[2024-08-29T23:15:33.784+0800] GC(340) Humongous regions: 918->904
[2024-08-29T23:15:33.784+0800] GC(340) Metaspace: 1625K(1792K)->1625K(1792K) NonClass: 1506K(1600K)->1506K(1600K) Class: 119K(192K)->119K(192K)
[2024-08-29T23:15:33.784+0800] GC(340) Pause Young (Concurrent Start) (G1 Humongous Allocation) 922M->905M(2048M) 1.295ms
[2024-08-29T23:15:33.784+0800] GC(340) User=0.00s Sys=0.00s Real=0.01s
[2024-08-29T23:15:33.784+0800] GC(341) Concurrent Undo Cycle
[2024-08-29T23:15:33.784+0800] GC(341) Concurrent Cleanup for Next Mark
[2024-08-29T23:15:33.789+0800] GC(341) Concurrent Cleanup for Next Mark 5.255ms
[2024-08-29T23:15:33.789+0800] GC(341) Concurrent Undo Cycle 5.381ms
[2024-08-29T23:15:33.790+0800] GC(342) Pause Young (Concurrent Start) (G1 Humongous Allocation)
[2024-08-29T23:15:33.790+0800] GC(342) Using 8 workers of 8 for evacuation
[2024-08-29T23:15:33.791+0800] GC(342)   Pre Evacuate Collection Set: 0.2ms
[2024-08-29T23:15:33.791+0800] GC(342)   Merge Heap Roots: 0.1ms
[2024-08-29T23:15:33.791+0800] GC(342)   Evacuate Collection Set: 0.3ms
[2024-08-29T23:15:33.791+0800] GC(342)   Post Evacuate Collection Set: 0.3ms
[2024-08-29T23:15:33.791+0800] GC(342)   Other: 0.1ms
[2024-08-29T23:15:33.791+0800] GC(342) Eden regions: 3->0(934)
[2024-08-29T23:15:33.791+0800] GC(342) Survivor regions: 0->0(117)
[2024-08-29T23:15:33.791+0800] GC(342) Old regions: 1->1
[2024-08-29T23:15:33.791+0800] GC(342) Archive regions: 2->2
[2024-08-29T23:15:33.791+0800] GC(342) Humongous regions: 925->905
[2024-08-29T23:15:33.791+0800] GC(342) Metaspace: 1625K(1792K)->1625K(1792K) NonClass: 1506K(1600K)->1506K(1600K) Class: 119K(192K)->119K(192K)
[2024-08-29T23:15:33.791+0800] GC(342) Pause Young (Concurrent Start) (G1 Humongous Allocation) 929M->906M(2048M) 1.050ms
[2024-08-29T23:15:33.791+0800] GC(342) User=0.00s Sys=0.00s Real=0.00s
[2024-08-29T23:15:33.791+0800] GC(343) Concurrent Undo Cycle
[2024-08-29T23:15:33.791+0800] GC(343) Concurrent Cleanup for Next Mark
[2024-08-29T23:15:33.797+0800] GC(343) Concurrent Cleanup for Next Mark 5.578ms
[2024-08-29T23:15:33.797+0800] GC(343) Concurrent Undo Cycle 5.651ms
[2024-08-29T23:15:33.798+0800] GC(344) Pause Young (Concurrent Start) (G1 Humongous Allocation)
[2024-08-29T23:15:33.798+0800] GC(344) Using 8 workers of 8 for evacuation
[2024-08-29T23:15:33.799+0800] GC(344)   Pre Evacuate Collection Set: 0.3ms
[2024-08-29T23:15:33.799+0800] GC(344)   Merge Heap Roots: 0.1ms
[2024-08-29T23:15:33.799+0800] GC(344)   Evacuate Collection Set: 0.7ms
[2024-08-29T23:15:33.799+0800] GC(344)   Post Evacuate Collection Set: 0.2ms
[2024-08-29T23:15:33.799+0800] GC(344)   Other: 0.2ms
[2024-08-29T23:15:33.799+0800] GC(344) Eden regions: 3->0(942)
[2024-08-29T23:15:33.799+0800] GC(344) Survivor regions: 0->0(117)
[2024-08-29T23:15:33.799+0800] GC(344) Old regions: 1->1
[2024-08-29T23:15:33.799+0800] GC(344) Archive regions: 2->2
[2024-08-29T23:15:33.799+0800] GC(344) Humongous regions: 920->897
[2024-08-29T23:15:33.800+0800] GC(344) Metaspace: 1625K(1792K)->1625K(1792K) NonClass: 1506K(1600K)->1506K(1600K) Class: 119K(192K)->119K(192K)
[2024-08-29T23:15:33.800+0800] GC(344) Pause Young (Concurrent Start) (G1 Humongous Allocation) 924M->898M(2048M) 1.563ms
[2024-08-29T23:15:33.800+0800] GC(344) User=0.00s Sys=0.01s Real=0.00s
[2024-08-29T23:15:33.800+0800] GC(345) Concurrent Undo Cycle
[2024-08-29T23:15:33.800+0800] GC(345) Concurrent Cleanup for Next Mark
[2024-08-29T23:15:33.803+0800] GC(345) Concurrent Cleanup for Next Mark 3.652ms
[2024-08-29T23:15:33.803+0800] GC(345) Concurrent Undo Cycle 3.711ms
[2024-08-29T23:15:33.808+0800] GC(346) Pause Young (Concurrent Start) (G1 Humongous Allocation)
[2024-08-29T23:15:33.808+0800] GC(346) Using 8 workers of 8 for evacuation
[2024-08-29T23:15:33.809+0800] GC(346)   Pre Evacuate Collection Set: 0.3ms
[2024-08-29T23:15:33.809+0800] GC(346)   Merge Heap Roots: 0.1ms
[2024-08-29T23:15:33.809+0800] GC(346)   Evacuate Collection Set: 0.3ms
[2024-08-29T23:15:33.809+0800] GC(346)   Post Evacuate Collection Set: 0.3ms
[2024-08-29T23:15:33.809+0800] GC(346)   Other: 0.2ms
[2024-08-29T23:15:33.809+0800] GC(346) Eden regions: 3->0(939)
[2024-08-29T23:15:33.809+0800] GC(346) Survivor regions: 0->0(118)
[2024-08-29T23:15:33.809+0800] GC(346) Old regions: 1->1
[2024-08-29T23:15:33.809+0800] GC(346) Archive regions: 2->2
[2024-08-29T23:15:33.809+0800] GC(346) Humongous regions: 919->900
[2024-08-29T23:15:33.809+0800] GC(346) Metaspace: 1625K(1792K)->1625K(1792K) NonClass: 1506K(1600K)->1506K(1600K) Class: 119K(192K)->119K(192K)
[2024-08-29T23:15:33.809+0800] GC(346) Pause Young (Concurrent Start) (G1 Humongous Allocation) 923M->901M(2048M) 1.119ms
[2024-08-29T23:15:33.809+0800] GC(346) User=0.00s Sys=0.00s Real=0.00s
[2024-08-29T23:15:33.809+0800] GC(347) Concurrent Undo Cycle
[2024-08-29T23:15:33.809+0800] GC(347) Concurrent Cleanup for Next Mark
[2024-08-29T23:15:33.814+0800] GC(347) Concurrent Cleanup for Next Mark 4.860ms
[2024-08-29T23:15:33.814+0800] GC(347) Concurrent Undo Cycle 4.936ms
[2024-08-29T23:15:33.821+0800] GC(348) Pause Young (Concurrent Start) (G1 Humongous Allocation)
[2024-08-29T23:15:33.821+0800] GC(348) Using 8 workers of 8 for evacuation
[2024-08-29T23:15:33.822+0800] GC(348)   Pre Evacuate Collection Set: 0.3ms
[2024-08-29T23:15:33.822+0800] GC(348)   Merge Heap Roots: 0.1ms
[2024-08-29T23:15:33.822+0800] GC(348)   Evacuate Collection Set: 0.5ms
[2024-08-29T23:15:33.823+0800] GC(348)   Post Evacuate Collection Set: 0.3ms
[2024-08-29T23:15:33.823+0800] GC(348)   Other: 0.2ms
[2024-08-29T23:15:33.823+0800] GC(348) Eden regions: 4->0(948)
[2024-08-29T23:15:33.823+0800] GC(348) Survivor regions: 0->0(118)
[2024-08-29T23:15:33.823+0800] GC(348) Old regions: 1->1
[2024-08-29T23:15:33.823+0800] GC(348) Archive regions: 2->2
[2024-08-29T23:15:33.823+0800] GC(348) Humongous regions: 919->891
[2024-08-29T23:15:33.823+0800] GC(348) Metaspace: 1625K(1792K)->1625K(1792K) NonClass: 1506K(1600K)->1506K(1600K) Class: 119K(192K)->119K(192K)
[2024-08-29T23:15:33.823+0800] GC(348) Pause Young (Concurrent Start) (G1 Humongous Allocation) 923M->892M(2048M) 1.485ms
[2024-08-29T23:15:33.823+0800] GC(348) User=0.00s Sys=0.00s Real=0.01s
[2024-08-29T23:15:33.823+0800] GC(349) Concurrent Undo Cycle
[2024-08-29T23:15:33.823+0800] GC(349) Concurrent Cleanup for Next Mark
[2024-08-29T23:15:33.828+0800] GC(349) Concurrent Cleanup for Next Mark 5.723ms
[2024-08-29T23:15:33.828+0800] GC(349) Concurrent Undo Cycle 5.794ms
[2024-08-29T23:15:33.832+0800] GC(350) Pause Young (Concurrent Start) (G1 Humongous Allocation)
[2024-08-29T23:15:33.832+0800] GC(350) Using 8 workers of 8 for evacuation
[2024-08-29T23:15:33.834+0800] GC(350)   Pre Evacuate Collection Set: 0.5ms
[2024-08-29T23:15:33.834+0800] GC(350)   Merge Heap Roots: 0.1ms
[2024-08-29T23:15:33.834+0800] GC(350)   Evacuate Collection Set: 0.4ms
[2024-08-29T23:15:33.834+0800] GC(350)   Post Evacuate Collection Set: 0.3ms
[2024-08-29T23:15:33.834+0800] GC(350)   Other: 0.2ms
[2024-08-29T23:15:33.834+0800] GC(350) Eden regions: 3->0(939)
[2024-08-29T23:15:33.834+0800] GC(350) Survivor regions: 0->0(119)
[2024-08-29T23:15:33.834+0800] GC(350) Old regions: 1->1
[2024-08-29T23:15:33.834+0800] GC(350) Archive regions: 2->2
[2024-08-29T23:15:33.834+0800] GC(350) Humongous regions: 916->900
[2024-08-29T23:15:33.834+0800] GC(350) Metaspace: 1625K(1792K)->1625K(1792K) NonClass: 1506K(1600K)->1506K(1600K) Class: 119K(192K)->119K(192K)
[2024-08-29T23:15:33.834+0800] GC(350) Pause Young (Concurrent Start) (G1 Humongous Allocation) 920M->901M(2048M) 1.588ms
[2024-08-29T23:15:33.834+0800] GC(350) User=0.00s Sys=0.00s Real=0.01s
[2024-08-29T23:15:33.834+0800] GC(351) Concurrent Undo Cycle
[2024-08-29T23:15:33.834+0800] GC(351) Concurrent Cleanup for Next Mark
[2024-08-29T23:15:33.840+0800] GC(351) Concurrent Cleanup for Next Mark 6.781ms
[2024-08-29T23:15:33.841+0800] GC(351) Concurrent Undo Cycle 6.840ms
[2024-08-29T23:15:33.841+0800] GC(352) Pause Young (Concurrent Start) (G1 Humongous Allocation)
[2024-08-29T23:15:33.841+0800] GC(352) Using 8 workers of 8 for evacuation
[2024-08-29T23:15:33.842+0800] GC(352)   Pre Evacuate Collection Set: 0.2ms
[2024-08-29T23:15:33.842+0800] GC(352)   Merge Heap Roots: 0.1ms
[2024-08-29T23:15:33.842+0800] GC(352)   Evacuate Collection Set: 0.3ms
[2024-08-29T23:15:33.842+0800] GC(352)   Post Evacuate Collection Set: 0.3ms
[2024-08-29T23:15:33.842+0800] GC(352)   Other: 0.1ms
[2024-08-29T23:15:33.842+0800] GC(352) Eden regions: 3->0(918)
[2024-08-29T23:15:33.842+0800] GC(352) Survivor regions: 0->0(118)
[2024-08-29T23:15:33.842+0800] GC(352) Old regions: 1->1
[2024-08-29T23:15:33.842+0800] GC(352) Archive regions: 2->2
[2024-08-29T23:15:33.842+0800] GC(352) Humongous regions: 929->921
[2024-08-29T23:15:33.842+0800] GC(352) Metaspace: 1625K(1792K)->1625K(1792K) NonClass: 1506K(1600K)->1506K(1600K) Class: 119K(192K)->119K(192K)
[2024-08-29T23:15:33.842+0800] GC(352) Pause Young (Concurrent Start) (G1 Humongous Allocation) 933M->922M(2048M) 1.081ms
[2024-08-29T23:15:33.842+0800] GC(352) User=0.00s Sys=0.01s Real=0.00s
[2024-08-29T23:15:33.842+0800] GC(353) Concurrent Mark Cycle
[2024-08-29T23:15:33.842+0800] GC(353) Concurrent Clear Claimed Marks
[2024-08-29T23:15:33.842+0800] GC(353) Concurrent Clear Claimed Marks 0.005ms
[2024-08-29T23:15:33.842+0800] GC(353) Concurrent Scan Root Regions
[2024-08-29T23:15:33.842+0800] GC(353) Concurrent Scan Root Regions 0.004ms
[2024-08-29T23:15:33.842+0800] GC(353) Concurrent Mark
[2024-08-29T23:15:33.842+0800] GC(353) Concurrent Mark From Roots
[2024-08-29T23:15:33.842+0800] GC(353) Using 2 workers of 2 for marking
[2024-08-29T23:15:33.845+0800] GC(353) Concurrent Mark From Roots 2.381ms
[2024-08-29T23:15:33.845+0800] GC(353) Concurrent Preclean
[2024-08-29T23:15:33.845+0800] GC(353) Concurrent Preclean 0.085ms
[2024-08-29T23:15:33.845+0800] GC(353) Pause Remark
[2024-08-29T23:15:33.846+0800] GC(353) Pause Remark 934M->934M(2048M) 0.836ms
[2024-08-29T23:15:33.846+0800] GC(353) User=0.00s Sys=0.00s Real=0.00s
[2024-08-29T23:15:33.846+0800] GC(353) Concurrent Mark 3.442ms
[2024-08-29T23:15:33.846+0800] GC(353) Concurrent Rebuild Remembered Sets
[2024-08-29T23:15:33.846+0800] GC(353) Concurrent Rebuild Remembered Sets 0.005ms
[2024-08-29T23:15:33.846+0800] GC(353) Pause Cleanup
[2024-08-29T23:15:33.846+0800] GC(353) Pause Cleanup 934M->934M(2048M) 0.012ms
[2024-08-29T23:15:33.846+0800] GC(353) User=0.00s Sys=0.00s Real=0.00s
[2024-08-29T23:15:33.846+0800] GC(353) Concurrent Cleanup for Next Mark
[2024-08-29T23:15:33.850+0800] GC(353) Concurrent Cleanup for Next Mark 4.028ms
[2024-08-29T23:15:33.850+0800] GC(353) Concurrent Mark Cycle 7.634ms
[2024-08-29T23:15:33.851+0800] GC(354) Pause Young (Concurrent Start) (G1 Humongous Allocation)
[2024-08-29T23:15:33.851+0800] GC(354) Using 8 workers of 8 for evacuation
[2024-08-29T23:15:33.852+0800] GC(354)   Pre Evacuate Collection Set: 0.2ms
[2024-08-29T23:15:33.852+0800] GC(354)   Merge Heap Roots: 0.1ms
[2024-08-29T23:15:33.852+0800] GC(354)   Evacuate Collection Set: 0.6ms
[2024-08-29T23:15:33.852+0800] GC(354)   Post Evacuate Collection Set: 0.4ms
[2024-08-29T23:15:33.852+0800] GC(354)   Other: 0.1ms
[2024-08-29T23:15:33.852+0800] GC(354) Eden regions: 3->0(923)
[2024-08-29T23:15:33.852+0800] GC(354) Survivor regions: 0->0(115)
[2024-08-29T23:15:33.852+0800] GC(354) Old regions: 1->1
[2024-08-29T23:15:33.852+0800] GC(354) Archive regions: 2->2
[2024-08-29T23:15:33.852+0800] GC(354) Humongous regions: 941->916
[2024-08-29T23:15:33.852+0800] GC(354) Metaspace: 1625K(1792K)->1625K(1792K) NonClass: 1506K(1600K)->1506K(1600K) Class: 119K(192K)->119K(192K)
[2024-08-29T23:15:33.852+0800] GC(354) Pause Young (Concurrent Start) (G1 Humongous Allocation) 945M->917M(2048M) 1.496ms
[2024-08-29T23:15:33.852+0800] GC(354) User=0.00s Sys=0.00s Real=0.01s
[2024-08-29T23:15:33.853+0800] GC(355) Concurrent Undo Cycle
[2024-08-29T23:15:33.853+0800] GC(355) Concurrent Cleanup for Next Mark
[2024-08-29T23:15:33.856+0800] GC(355) Concurrent Cleanup for Next Mark 3.528ms
[2024-08-29T23:15:33.856+0800] GC(355) Concurrent Undo Cycle 3.563ms
[2024-08-29T23:15:33.857+0800] GC(356) Pause Young (Concurrent Start) (G1 Humongous Allocation)
[2024-08-29T23:15:33.857+0800] GC(356) Using 8 workers of 8 for evacuation
[2024-08-29T23:15:33.858+0800] GC(356)   Pre Evacuate Collection Set: 0.4ms
[2024-08-29T23:15:33.858+0800] GC(356)   Merge Heap Roots: 0.1ms
[2024-08-29T23:15:33.858+0800] GC(356)   Evacuate Collection Set: 0.3ms
[2024-08-29T23:15:33.858+0800] GC(356)   Post Evacuate Collection Set: 0.3ms
[2024-08-29T23:15:33.858+0800] GC(356)   Other: 0.1ms
[2024-08-29T23:15:33.858+0800] GC(356) Eden regions: 2->0(953)
[2024-08-29T23:15:33.858+0800] GC(356) Survivor regions: 0->0(116)
[2024-08-29T23:15:33.858+0800] GC(356) Old regions: 1->1
[2024-08-29T23:15:33.858+0800] GC(356) Archive regions: 2->2
[2024-08-29T23:15:33.858+0800] GC(356) Humongous regions: 918->886
[2024-08-29T23:15:33.858+0800] GC(356) Metaspace: 1625K(1792K)->1625K(1792K) NonClass: 1506K(1600K)->1506K(1600K) Class: 119K(192K)->119K(192K)
[2024-08-29T23:15:33.858+0800] GC(356) Pause Young (Concurrent Start) (G1 Humongous Allocation) 921M->887M(2048M) 1.205ms
[2024-08-29T23:15:33.858+0800] GC(356) User=0.00s Sys=0.00s Real=0.00s
[2024-08-29T23:15:33.858+0800] GC(357) Concurrent Undo Cycle
[2024-08-29T23:15:33.858+0800] GC(357) Concurrent Cleanup for Next Mark
[2024-08-29T23:15:33.862+0800] GC(357) Concurrent Cleanup for Next Mark 4.119ms
[2024-08-29T23:15:33.862+0800] GC(357) Concurrent Undo Cycle 4.178ms
[2024-08-29T23:15:33.877+0800] GC(358) Pause Young (Concurrent Start) (G1 Humongous Allocation)
[2024-08-29T23:15:33.877+0800] GC(358) Using 8 workers of 8 for evacuation
[2024-08-29T23:15:33.878+0800] GC(358)   Pre Evacuate Collection Set: 0.3ms
[2024-08-29T23:15:33.878+0800] GC(358)   Merge Heap Roots: 0.1ms
[2024-08-29T23:15:33.878+0800] GC(358)   Evacuate Collection Set: 0.4ms
[2024-08-29T23:15:33.878+0800] GC(358)   Post Evacuate Collection Set: 0.3ms
[2024-08-29T23:15:33.878+0800] GC(358)   Other: 0.2ms
[2024-08-29T23:15:33.878+0800] GC(358) Eden regions: 4->0(980)
[2024-08-29T23:15:33.878+0800] GC(358) Survivor regions: 0->0(120)
[2024-08-29T23:15:33.878+0800] GC(358) Old regions: 1->1
[2024-08-29T23:15:33.878+0800] GC(358) Archive regions: 2->2
[2024-08-29T23:15:33.878+0800] GC(358) Humongous regions: 917->859
[2024-08-29T23:15:33.878+0800] GC(358) Metaspace: 1625K(1792K)->1625K(1792K) NonClass: 1506K(1600K)->1506K(1600K) Class: 119K(192K)->119K(192K)
[2024-08-29T23:15:33.878+0800] GC(358) Pause Young (Concurrent Start) (G1 Humongous Allocation) 922M->860M(2048M) 1.367ms
[2024-08-29T23:15:33.878+0800] GC(358) User=0.00s Sys=0.00s Real=0.00s
[2024-08-29T23:15:33.878+0800] GC(359) Concurrent Undo Cycle
[2024-08-29T23:15:33.878+0800] GC(359) Concurrent Cleanup for Next Mark
[2024-08-29T23:15:33.884+0800] GC(359) Concurrent Cleanup for Next Mark 5.188ms
[2024-08-29T23:15:33.884+0800] GC(359) Concurrent Undo Cycle 5.265ms
[2024-08-29T23:15:33.910+0800] GC(360) Pause Young (Concurrent Start) (G1 Humongous Allocation)
[2024-08-29T23:15:33.910+0800] GC(360) Using 8 workers of 8 for evacuation
[2024-08-29T23:15:33.912+0800] GC(360)   Pre Evacuate Collection Set: 0.3ms
[2024-08-29T23:15:33.912+0800] GC(360)   Merge Heap Roots: 0.1ms
[2024-08-29T23:15:33.912+0800] GC(360)   Evacuate Collection Set: 0.4ms
[2024-08-29T23:15:33.912+0800] GC(360)   Post Evacuate Collection Set: 0.5ms
[2024-08-29T23:15:33.912+0800] GC(360)   Other: 0.2ms
[2024-08-29T23:15:33.912+0800] GC(360) Eden regions: 4->0(1017)
[2024-08-29T23:15:33.912+0800] GC(360) Survivor regions: 0->0(123)
[2024-08-29T23:15:33.912+0800] GC(360) Old regions: 1->1
[2024-08-29T23:15:33.912+0800] GC(360) Archive regions: 2->2
[2024-08-29T23:15:33.912+0800] GC(360) Humongous regions: 917->822
[2024-08-29T23:15:33.912+0800] GC(360) Metaspace: 1625K(1792K)->1625K(1792K) NonClass: 1506K(1600K)->1506K(1600K) Class: 119K(192K)->119K(192K)
[2024-08-29T23:15:33.912+0800] GC(360) Pause Young (Concurrent Start) (G1 Humongous Allocation) 922M->823M(2048M) 1.572ms
[2024-08-29T23:15:33.912+0800] GC(360) User=0.00s Sys=0.00s Real=0.00s
[2024-08-29T23:15:33.912+0800] GC(361) Concurrent Undo Cycle
[2024-08-29T23:15:33.912+0800] GC(361) Concurrent Cleanup for Next Mark
[2024-08-29T23:15:33.918+0800] GC(361) Concurrent Cleanup for Next Mark 6.534ms
[2024-08-29T23:15:33.918+0800] GC(361) Concurrent Undo Cycle 6.666ms
[2024-08-29T23:15:33.947+0800] GC(362) Pause Young (Concurrent Start) (G1 Humongous Allocation)
[2024-08-29T23:15:33.947+0800] GC(362) Using 8 workers of 8 for evacuation
[2024-08-29T23:15:33.948+0800] GC(362)   Pre Evacuate Collection Set: 0.4ms
[2024-08-29T23:15:33.948+0800] GC(362)   Merge Heap Roots: 0.1ms
[2024-08-29T23:15:33.948+0800] GC(362)   Evacuate Collection Set: 0.3ms
[2024-08-29T23:15:33.948+0800] GC(362)   Post Evacuate Collection Set: 0.3ms
[2024-08-29T23:15:33.948+0800] GC(362)   Other: 0.2ms
[2024-08-29T23:15:33.948+0800] GC(362) Eden regions: 4->0(996)
[2024-08-29T23:15:33.948+0800] GC(362) Survivor regions: 0->0(128)
[2024-08-29T23:15:33.948+0800] GC(362) Old regions: 1->1
[2024-08-29T23:15:33.948+0800] GC(362) Archive regions: 2->2
[2024-08-29T23:15:33.948+0800] GC(362) Humongous regions: 918->843
[2024-08-29T23:15:33.948+0800] GC(362) Metaspace: 1625K(1792K)->1625K(1792K) NonClass: 1506K(1600K)->1506K(1600K) Class: 119K(192K)->119K(192K)
[2024-08-29T23:15:33.948+0800] GC(362) Pause Young (Concurrent Start) (G1 Humongous Allocation) 923M->844M(2048M) 1.470ms
[2024-08-29T23:15:33.948+0800] GC(362) User=0.00s Sys=0.00s Real=0.00s
[2024-08-29T23:15:33.948+0800] GC(363) Concurrent Undo Cycle
[2024-08-29T23:15:33.948+0800] GC(363) Concurrent Cleanup for Next Mark
[2024-08-29T23:15:33.954+0800] GC(363) Concurrent Cleanup for Next Mark 5.596ms
[2024-08-29T23:15:33.954+0800] GC(363) Concurrent Undo Cycle 5.797ms
[2024-08-29T23:15:33.972+0800] GC(364) Pause Young (Concurrent Start) (G1 Humongous Allocation)
[2024-08-29T23:15:33.972+0800] GC(364) Using 8 workers of 8 for evacuation
[2024-08-29T23:15:33.973+0800] GC(364)   Pre Evacuate Collection Set: 0.4ms
[2024-08-29T23:15:33.973+0800] GC(364)   Merge Heap Roots: 0.2ms
[2024-08-29T23:15:33.973+0800] GC(364)   Evacuate Collection Set: 0.4ms
[2024-08-29T23:15:33.973+0800] GC(364)   Post Evacuate Collection Set: 0.3ms
[2024-08-29T23:15:33.973+0800] GC(364)   Other: 0.2ms
[2024-08-29T23:15:33.973+0800] GC(364) Eden regions: 4->0(980)
[2024-08-29T23:15:33.973+0800] GC(364) Survivor regions: 0->0(125)
[2024-08-29T23:15:33.973+0800] GC(364) Old regions: 1->1
[2024-08-29T23:15:33.973+0800] GC(364) Archive regions: 2->2
[2024-08-29T23:15:33.973+0800] GC(364) Humongous regions: 918->859
[2024-08-29T23:15:33.973+0800] GC(364) Metaspace: 1625K(1792K)->1625K(1792K) NonClass: 1506K(1600K)->1506K(1600K) Class: 119K(192K)->119K(192K)
[2024-08-29T23:15:33.973+0800] GC(364) Pause Young (Concurrent Start) (G1 Humongous Allocation) 923M->860M(2048M) 1.466ms
[2024-08-29T23:15:33.973+0800] GC(364) User=0.00s Sys=0.00s Real=0.01s
[2024-08-29T23:15:33.973+0800] GC(365) Concurrent Undo Cycle
[2024-08-29T23:15:33.973+0800] GC(365) Concurrent Cleanup for Next Mark
[2024-08-29T23:15:33.978+0800] GC(365) Concurrent Cleanup for Next Mark 4.501ms
[2024-08-29T23:15:33.978+0800] GC(365) Concurrent Undo Cycle 4.592ms
[2024-08-29T23:15:33.996+0800] GC(366) Pause Young (Concurrent Start) (G1 Humongous Allocation)
[2024-08-29T23:15:33.996+0800] GC(366) Using 8 workers of 8 for evacuation
[2024-08-29T23:15:33.997+0800] GC(366)   Pre Evacuate Collection Set: 0.3ms
[2024-08-29T23:15:33.997+0800] GC(366)   Merge Heap Roots: 0.2ms
[2024-08-29T23:15:33.997+0800] GC(366)   Evacuate Collection Set: 0.4ms
[2024-08-29T23:15:33.997+0800] GC(366)   Post Evacuate Collection Set: 0.3ms
[2024-08-29T23:15:33.997+0800] GC(366)   Other: 0.2ms
[2024-08-29T23:15:33.997+0800] GC(366) Eden regions: 4->0(966)
[2024-08-29T23:15:33.997+0800] GC(366) Survivor regions: 0->0(123)
[2024-08-29T23:15:33.997+0800] GC(366) Old regions: 1->1
[2024-08-29T23:15:33.997+0800] GC(366) Archive regions: 2->2
[2024-08-29T23:15:33.997+0800] GC(366) Humongous regions: 916->873
[2024-08-29T23:15:33.997+0800] GC(366) Metaspace: 1625K(1792K)->1625K(1792K) NonClass: 1506K(1600K)->1506K(1600K) Class: 119K(192K)->119K(192K)
[2024-08-29T23:15:33.997+0800] GC(366) Pause Young (Concurrent Start) (G1 Humongous Allocation) 921M->874M(2048M) 1.538ms
[2024-08-29T23:15:33.997+0800] GC(366) User=0.00s Sys=0.00s Real=0.00s
[2024-08-29T23:15:33.997+0800] GC(367) Concurrent Undo Cycle
[2024-08-29T23:15:33.997+0800] GC(367) Concurrent Cleanup for Next Mark
[2024-08-29T23:15:34.003+0800] GC(367) Concurrent Cleanup for Next Mark 5.454ms
[2024-08-29T23:15:34.003+0800] GC(367) Concurrent Undo Cycle 5.546ms
[2024-08-29T23:15:34.020+0800] GC(368) Pause Young (Concurrent Start) (G1 Humongous Allocation)
[2024-08-29T23:15:34.020+0800] GC(368) Using 8 workers of 8 for evacuation
[2024-08-29T23:15:34.021+0800] GC(368)   Pre Evacuate Collection Set: 0.2ms
[2024-08-29T23:15:34.021+0800] GC(368)   Merge Heap Roots: 0.1ms
[2024-08-29T23:15:34.021+0800] GC(368)   Evacuate Collection Set: 0.5ms
[2024-08-29T23:15:34.021+0800] GC(368)   Post Evacuate Collection Set: 0.3ms
[2024-08-29T23:15:34.021+0800] GC(368)   Other: 0.3ms
[2024-08-29T23:15:34.021+0800] GC(368) Eden regions: 4->0(984)
[2024-08-29T23:15:34.021+0800] GC(368) Survivor regions: 0->0(121)
[2024-08-29T23:15:34.021+0800] GC(368) Old regions: 1->1
[2024-08-29T23:15:34.021+0800] GC(368) Archive regions: 2->2
[2024-08-29T23:15:34.021+0800] GC(368) Humongous regions: 917->855
[2024-08-29T23:15:34.021+0800] GC(368) Metaspace: 1625K(1792K)->1625K(1792K) NonClass: 1506K(1600K)->1506K(1600K) Class: 119K(192K)->119K(192K)
[2024-08-29T23:15:34.021+0800] GC(368) Pause Young (Concurrent Start) (G1 Humongous Allocation) 921M->856M(2048M) 1.410ms
[2024-08-29T23:15:34.021+0800] GC(368) User=0.00s Sys=0.01s Real=0.00s
[2024-08-29T23:15:34.021+0800] GC(369) Concurrent Undo Cycle
[2024-08-29T23:15:34.021+0800] GC(369) Concurrent Cleanup for Next Mark
[2024-08-29T23:15:34.026+0800] GC(369) Concurrent Cleanup for Next Mark 5.192ms
[2024-08-29T23:15:34.026+0800] GC(369) Concurrent Undo Cycle 5.266ms
[2024-08-29T23:15:34.048+0800] GC(370) Pause Young (Concurrent Start) (G1 Humongous Allocation)
[2024-08-29T23:15:34.048+0800] GC(370) Using 8 workers of 8 for evacuation
[2024-08-29T23:15:34.049+0800] GC(370)   Pre Evacuate Collection Set: 0.2ms
[2024-08-29T23:15:34.049+0800] GC(370)   Merge Heap Roots: 0.1ms
[2024-08-29T23:15:34.049+0800] GC(370)   Evacuate Collection Set: 0.5ms
[2024-08-29T23:15:34.049+0800] GC(370)   Post Evacuate Collection Set: 0.3ms
[2024-08-29T23:15:34.049+0800] GC(370)   Other: 0.2ms
[2024-08-29T23:15:34.049+0800] GC(370) Eden regions: 4->0(993)
[2024-08-29T23:15:34.049+0800] GC(370) Survivor regions: 0->0(123)
[2024-08-29T23:15:34.049+0800] GC(370) Old regions: 1->1
[2024-08-29T23:15:34.049+0800] GC(370) Archive regions: 2->2
[2024-08-29T23:15:34.049+0800] GC(370) Humongous regions: 916->846
[2024-08-29T23:15:34.049+0800] GC(370) Metaspace: 1625K(1792K)->1625K(1792K) NonClass: 1506K(1600K)->1506K(1600K) Class: 119K(192K)->119K(192K)
[2024-08-29T23:15:34.049+0800] GC(370) Pause Young (Concurrent Start) (G1 Humongous Allocation) 921M->847M(2048M) 1.266ms
[2024-08-29T23:15:34.049+0800] GC(370) User=0.01s Sys=0.00s Real=0.00s
[2024-08-29T23:15:34.049+0800] GC(371) Concurrent Undo Cycle
[2024-08-29T23:15:34.049+0800] GC(371) Concurrent Cleanup for Next Mark
[2024-08-29T23:15:34.057+0800] GC(371) Concurrent Cleanup for Next Mark 7.726ms
[2024-08-29T23:15:34.057+0800] GC(371) Concurrent Undo Cycle 7.925ms
[2024-08-29T23:15:34.082+0800] GC(372) Pause Young (Concurrent Start) (G1 Humongous Allocation)
[2024-08-29T23:15:34.082+0800] GC(372) Using 8 workers of 8 for evacuation
[2024-08-29T23:15:34.083+0800] GC(372)   Pre Evacuate Collection Set: 0.4ms
[2024-08-29T23:15:34.083+0800] GC(372)   Merge Heap Roots: 0.2ms
[2024-08-29T23:15:34.083+0800] GC(372)   Evacuate Collection Set: 0.4ms
[2024-08-29T23:15:34.083+0800] GC(372)   Post Evacuate Collection Set: 0.3ms
[2024-08-29T23:15:34.083+0800] GC(372)   Other: 0.2ms
[2024-08-29T23:15:34.083+0800] GC(372) Eden regions: 4->0(976)
[2024-08-29T23:15:34.083+0800] GC(372) Survivor regions: 0->0(125)
[2024-08-29T23:15:34.083+0800] GC(372) Old regions: 1->1
[2024-08-29T23:15:34.083+0800] GC(372) Archive regions: 2->2
[2024-08-29T23:15:34.083+0800] GC(372) Humongous regions: 916->863
[2024-08-29T23:15:34.083+0800] GC(372) Metaspace: 1625K(1792K)->1625K(1792K) NonClass: 1506K(1600K)->1506K(1600K) Class: 119K(192K)->119K(192K)
[2024-08-29T23:15:34.083+0800] GC(372) Pause Young (Concurrent Start) (G1 Humongous Allocation) 921M->864M(2048M) 1.528ms
[2024-08-29T23:15:34.083+0800] GC(372) User=0.01s Sys=0.00s Real=0.01s
[2024-08-29T23:15:34.083+0800] GC(373) Concurrent Undo Cycle
[2024-08-29T23:15:34.083+0800] GC(373) Concurrent Cleanup for Next Mark
[2024-08-29T23:15:34.094+0800] GC(373) Concurrent Cleanup for Next Mark 10.112ms
[2024-08-29T23:15:34.094+0800] GC(373) Concurrent Undo Cycle 10.354ms
[2024-08-29T23:15:34.103+0800] GC(374) Pause Young (Concurrent Start) (G1 Humongous Allocation)
[2024-08-29T23:15:34.103+0800] GC(374) Using 8 workers of 8 for evacuation
[2024-08-29T23:15:34.104+0800] GC(374)   Pre Evacuate Collection Set: 0.2ms
[2024-08-29T23:15:34.104+0800] GC(374)   Merge Heap Roots: 0.1ms
[2024-08-29T23:15:34.104+0800] GC(374)   Evacuate Collection Set: 0.5ms
[2024-08-29T23:15:34.104+0800] GC(374)   Post Evacuate Collection Set: 0.4ms
[2024-08-29T23:15:34.104+0800] GC(374)   Other: 0.2ms
[2024-08-29T23:15:34.104+0800] GC(374) Eden regions: 4->0(948)
[2024-08-29T23:15:34.104+0800] GC(374) Survivor regions: 0->0(122)
[2024-08-29T23:15:34.104+0800] GC(374) Old regions: 1->1
[2024-08-29T23:15:34.104+0800] GC(374) Archive regions: 2->2
[2024-08-29T23:15:34.104+0800] GC(374) Humongous regions: 918->891
[2024-08-29T23:15:34.104+0800] GC(374) Metaspace: 1625K(1792K)->1625K(1792K) NonClass: 1506K(1600K)->1506K(1600K) Class: 119K(192K)->119K(192K)
[2024-08-29T23:15:34.104+0800] GC(374) Pause Young (Concurrent Start) (G1 Humongous Allocation) 923M->892M(2048M) 1.550ms
[2024-08-29T23:15:34.104+0800] GC(374) User=0.00s Sys=0.00s Real=0.00s
[2024-08-29T23:15:34.104+0800] GC(375) Concurrent Undo Cycle
[2024-08-29T23:15:34.104+0800] GC(375) Concurrent Cleanup for Next Mark
[2024-08-29T23:15:34.110+0800] GC(375) Concurrent Cleanup for Next Mark 5.163ms
[2024-08-29T23:15:34.110+0800] GC(375) Concurrent Undo Cycle 5.290ms
[2024-08-29T23:15:34.118+0800] GC(376) Pause Young (Concurrent Start) (G1 Humongous Allocation)
[2024-08-29T23:15:34.118+0800] GC(376) Using 8 workers of 8 for evacuation
[2024-08-29T23:15:34.119+0800] GC(376)   Pre Evacuate Collection Set: 0.2ms
[2024-08-29T23:15:34.119+0800] GC(376)   Merge Heap Roots: 0.1ms
[2024-08-29T23:15:34.119+0800] GC(376)   Evacuate Collection Set: 0.4ms
[2024-08-29T23:15:34.119+0800] GC(376)   Post Evacuate Collection Set: 0.3ms
[2024-08-29T23:15:34.119+0800] GC(376)   Other: 0.2ms
[2024-08-29T23:15:34.119+0800] GC(376) Eden regions: 4->0(937)
[2024-08-29T23:15:34.119+0800] GC(376) Survivor regions: 0->0(119)
[2024-08-29T23:15:34.119+0800] GC(376) Old regions: 1->1
[2024-08-29T23:15:34.119+0800] GC(376) Archive regions: 2->2
[2024-08-29T23:15:34.119+0800] GC(376) Humongous regions: 917->902
[2024-08-29T23:15:34.119+0800] GC(376) Metaspace: 1625K(1792K)->1625K(1792K) NonClass: 1506K(1600K)->1506K(1600K) Class: 119K(192K)->119K(192K)
[2024-08-29T23:15:34.119+0800] GC(376) Pause Young (Concurrent Start) (G1 Humongous Allocation) 921M->903M(2048M) 1.324ms
[2024-08-29T23:15:34.119+0800] GC(376) User=0.00s Sys=0.00s Real=0.00s
[2024-08-29T23:15:34.119+0800] GC(377) Concurrent Undo Cycle
[2024-08-29T23:15:34.119+0800] GC(377) Concurrent Cleanup for Next Mark
[2024-08-29T23:15:34.129+0800] GC(377) Concurrent Cleanup for Next Mark 9.395ms
[2024-08-29T23:15:34.129+0800] GC(377) Concurrent Undo Cycle 9.739ms
[2024-08-29T23:15:34.137+0800] GC(378) Pause Young (Concurrent Start) (G1 Humongous Allocation)
[2024-08-29T23:15:34.137+0800] GC(378) Using 8 workers of 8 for evacuation
[2024-08-29T23:15:34.138+0800] GC(378)   Pre Evacuate Collection Set: 0.3ms
[2024-08-29T23:15:34.139+0800] GC(378)   Merge Heap Roots: 0.2ms
[2024-08-29T23:15:34.139+0800] GC(378)   Evacuate Collection Set: 0.3ms
[2024-08-29T23:15:34.139+0800] GC(378)   Post Evacuate Collection Set: 0.3ms
[2024-08-29T23:15:34.139+0800] GC(378)   Other: 0.5ms
[2024-08-29T23:15:34.139+0800] GC(378) Eden regions: 3->0(949)
[2024-08-29T23:15:34.139+0800] GC(378) Survivor regions: 0->0(118)
[2024-08-29T23:15:34.139+0800] GC(378) Old regions: 1->1
[2024-08-29T23:15:34.139+0800] GC(378) Archive regions: 2->2
[2024-08-29T23:15:34.139+0800] GC(378) Humongous regions: 937->890
[2024-08-29T23:15:34.139+0800] GC(378) Metaspace: 1625K(1792K)->1625K(1792K) NonClass: 1506K(1600K)->1506K(1600K) Class: 119K(192K)->119K(192K)
[2024-08-29T23:15:34.139+0800] GC(378) Pause Young (Concurrent Start) (G1 Humongous Allocation) 941M->891M(2048M) 1.670ms
[2024-08-29T23:15:34.139+0800] GC(378) User=0.00s Sys=0.00s Real=0.00s
[2024-08-29T23:15:34.139+0800] GC(379) Concurrent Undo Cycle
[2024-08-29T23:15:34.139+0800] GC(379) Concurrent Cleanup for Next Mark
[2024-08-29T23:15:34.143+0800] GC(379) Concurrent Cleanup for Next Mark 4.238ms
[2024-08-29T23:15:34.143+0800] GC(379) Concurrent Undo Cycle 4.342ms
[2024-08-29T23:15:34.149+0800] GC(380) Pause Young (Concurrent Start) (G1 Humongous Allocation)
[2024-08-29T23:15:34.149+0800] GC(380) Using 8 workers of 8 for evacuation
[2024-08-29T23:15:34.151+0800] GC(380)   Pre Evacuate Collection Set: 0.4ms
[2024-08-29T23:15:34.151+0800] GC(380)   Merge Heap Roots: 0.1ms
[2024-08-29T23:15:34.151+0800] GC(380)   Evacuate Collection Set: 0.3ms
[2024-08-29T23:15:34.151+0800] GC(380)   Post Evacuate Collection Set: 0.3ms
[2024-08-29T23:15:34.151+0800] GC(380)   Other: 0.3ms
[2024-08-29T23:15:34.151+0800] GC(380) Eden regions: 4->0(956)
[2024-08-29T23:15:34.151+0800] GC(380) Survivor regions: 0->0(119)
[2024-08-29T23:15:34.151+0800] GC(380) Old regions: 1->1
[2024-08-29T23:15:34.151+0800] GC(380) Archive regions: 2->2
[2024-08-29T23:15:34.151+0800] GC(380) Humongous regions: 916->883
[2024-08-29T23:15:34.151+0800] GC(380) Metaspace: 1625K(1792K)->1625K(1792K) NonClass: 1506K(1600K)->1506K(1600K) Class: 119K(192K)->119K(192K)
[2024-08-29T23:15:34.151+0800] GC(380) Pause Young (Concurrent Start) (G1 Humongous Allocation) 921M->884M(2048M) 1.419ms
[2024-08-29T23:15:34.151+0800] GC(380) User=0.00s Sys=0.00s Real=0.00s
[2024-08-29T23:15:34.151+0800] GC(381) Concurrent Undo Cycle
[2024-08-29T23:15:34.151+0800] GC(381) Concurrent Cleanup for Next Mark
[2024-08-29T23:15:34.159+0800] GC(381) Concurrent Cleanup for Next Mark 8.432ms
[2024-08-29T23:15:34.159+0800] GC(381) Concurrent Undo Cycle 8.581ms
[2024-08-29T23:15:34.160+0800] GC(382) Pause Young (Concurrent Start) (G1 Humongous Allocation)
[2024-08-29T23:15:34.160+0800] GC(382) Using 8 workers of 8 for evacuation
[2024-08-29T23:15:34.162+0800] GC(382)   Pre Evacuate Collection Set: 0.3ms
[2024-08-29T23:15:34.162+0800] GC(382)   Merge Heap Roots: 0.2ms
[2024-08-29T23:15:34.162+0800] GC(382)   Evacuate Collection Set: 0.6ms
[2024-08-29T23:15:34.162+0800] GC(382)   Post Evacuate Collection Set: 0.4ms
[2024-08-29T23:15:34.162+0800] GC(382)   Other: 0.3ms
[2024-08-29T23:15:34.162+0800] GC(382) Eden regions: 3->0(943)
[2024-08-29T23:15:34.162+0800] GC(382) Survivor regions: 0->0(120)
[2024-08-29T23:15:34.162+0800] GC(382) Old regions: 1->1
[2024-08-29T23:15:34.162+0800] GC(382) Archive regions: 2->2
[2024-08-29T23:15:34.162+0800] GC(382) Humongous regions: 917->896
[2024-08-29T23:15:34.162+0800] GC(382) Metaspace: 1625K(1792K)->1625K(1792K) NonClass: 1506K(1600K)->1506K(1600K) Class: 119K(192K)->119K(192K)
[2024-08-29T23:15:34.162+0800] GC(382) Pause Young (Concurrent Start) (G1 Humongous Allocation) 921M->897M(2048M) 1.873ms
[2024-08-29T23:15:34.162+0800] GC(382) User=0.00s Sys=0.00s Real=0.00s
[2024-08-29T23:15:34.162+0800] GC(383) Concurrent Undo Cycle
[2024-08-29T23:15:34.162+0800] GC(383) Concurrent Cleanup for Next Mark
[2024-08-29T23:15:34.166+0800] GC(383) Concurrent Cleanup for Next Mark 3.715ms
[2024-08-29T23:15:34.166+0800] GC(383) Concurrent Undo Cycle 3.825ms
[2024-08-29T23:15:34.174+0800] GC(384) Pause Young (Concurrent Start) (G1 Humongous Allocation)
[2024-08-29T23:15:34.174+0800] GC(384) Using 8 workers of 8 for evacuation
[2024-08-29T23:15:34.175+0800] GC(384)   Pre Evacuate Collection Set: 0.2ms
[2024-08-29T23:15:34.175+0800] GC(384)   Merge Heap Roots: 0.1ms
[2024-08-29T23:15:34.175+0800] GC(384)   Evacuate Collection Set: 0.3ms
[2024-08-29T23:15:34.175+0800] GC(384)   Post Evacuate Collection Set: 0.3ms
[2024-08-29T23:15:34.175+0800] GC(384)   Other: 0.2ms
[2024-08-29T23:15:34.175+0800] GC(384) Eden regions: 4->0(960)
[2024-08-29T23:15:34.175+0800] GC(384) Survivor regions: 0->0(118)
[2024-08-29T23:15:34.175+0800] GC(384) Old regions: 1->1
[2024-08-29T23:15:34.175+0800] GC(384) Archive regions: 2->2
[2024-08-29T23:15:34.175+0800] GC(384) Humongous regions: 919->879
[2024-08-29T23:15:34.175+0800] GC(384) Metaspace: 1625K(1792K)->1625K(1792K) NonClass: 1506K(1600K)->1506K(1600K) Class: 119K(192K)->119K(192K)
[2024-08-29T23:15:34.175+0800] GC(384) Pause Young (Concurrent Start) (G1 Humongous Allocation) 923M->880M(2048M) 1.064ms
[2024-08-29T23:15:34.175+0800] GC(384) User=0.00s Sys=0.00s Real=0.00s
[2024-08-29T23:15:34.175+0800] GC(385) Concurrent Undo Cycle
[2024-08-29T23:15:34.175+0800] GC(385) Concurrent Cleanup for Next Mark
[2024-08-29T23:15:34.179+0800] GC(385) Concurrent Cleanup for Next Mark 3.942ms
[2024-08-29T23:15:34.179+0800] GC(385) Concurrent Undo Cycle 3.995ms
[2024-08-29T23:15:34.192+0800] GC(386) Pause Young (Concurrent Start) (G1 Humongous Allocation)
[2024-08-29T23:15:34.192+0800] GC(386) Using 8 workers of 8 for evacuation
[2024-08-29T23:15:34.193+0800] GC(386)   Pre Evacuate Collection Set: 0.3ms
[2024-08-29T23:15:34.193+0800] GC(386)   Merge Heap Roots: 0.1ms
[2024-08-29T23:15:34.193+0800] GC(386)   Evacuate Collection Set: 0.4ms
[2024-08-29T23:15:34.193+0800] GC(386)   Post Evacuate Collection Set: 0.3ms
[2024-08-29T23:15:34.193+0800] GC(386)   Other: 0.2ms
[2024-08-29T23:15:34.193+0800] GC(386) Eden regions: 3->0(973)
[2024-08-29T23:15:34.193+0800] GC(386) Survivor regions: 0->1(120)
[2024-08-29T23:15:34.193+0800] GC(386) Old regions: 1->1
[2024-08-29T23:15:34.193+0800] GC(386) Archive regions: 2->2
[2024-08-29T23:15:34.193+0800] GC(386) Humongous regions: 919->865
[2024-08-29T23:15:34.193+0800] GC(386) Metaspace: 1625K(1792K)->1625K(1792K) NonClass: 1506K(1600K)->1506K(1600K) Class: 119K(192K)->119K(192K)
[2024-08-29T23:15:34.194+0800] GC(386) Pause Young (Concurrent Start) (G1 Humongous Allocation) 923M->866M(2048M) 1.394ms
[2024-08-29T23:15:34.194+0800] GC(386) User=0.00s Sys=0.00s Real=0.01s
[2024-08-29T23:15:34.194+0800] GC(387) Concurrent Undo Cycle
[2024-08-29T23:15:34.194+0800] GC(387) Concurrent Cleanup for Next Mark
[2024-08-29T23:15:34.198+0800] GC(387) Concurrent Cleanup for Next Mark 4.618ms
[2024-08-29T23:15:34.198+0800] GC(387) Concurrent Undo Cycle 4.738ms
[2024-08-29T23:15:34.219+0800] GC(388) Pause Young (Concurrent Start) (G1 Humongous Allocation)
[2024-08-29T23:15:34.220+0800] GC(388) Using 8 workers of 8 for evacuation
[2024-08-29T23:15:34.221+0800] GC(388)   Pre Evacuate Collection Set: 0.2ms
[2024-08-29T23:15:34.221+0800] GC(388)   Merge Heap Roots: 0.1ms
[2024-08-29T23:15:34.221+0800] GC(388)   Evacuate Collection Set: 0.4ms
[2024-08-29T23:15:34.221+0800] GC(388)   Post Evacuate Collection Set: 0.4ms
[2024-08-29T23:15:34.221+0800] GC(388)   Other: 0.2ms
[2024-08-29T23:15:34.221+0800] GC(388) Eden regions: 4->0(1007)
[2024-08-29T23:15:34.221+0800] GC(388) Survivor regions: 1->0(122)
[2024-08-29T23:15:34.221+0800] GC(388) Old regions: 1->1
[2024-08-29T23:15:34.221+0800] GC(388) Archive regions: 2->2
[2024-08-29T23:15:34.221+0800] GC(388) Humongous regions: 917->832
[2024-08-29T23:15:34.221+0800] GC(388) Metaspace: 1625K(1792K)->1625K(1792K) NonClass: 1506K(1600K)->1506K(1600K) Class: 119K(192K)->119K(192K)
[2024-08-29T23:15:34.221+0800] GC(388) Pause Young (Concurrent Start) (G1 Humongous Allocation) 922M->833M(2048M) 1.295ms
[2024-08-29T23:15:34.221+0800] GC(388) User=0.00s Sys=0.00s Real=0.00s
[2024-08-29T23:15:34.221+0800] GC(389) Concurrent Undo Cycle
[2024-08-29T23:15:34.221+0800] GC(389) Concurrent Cleanup for Next Mark
[2024-08-29T23:15:34.228+0800] GC(389) Concurrent Cleanup for Next Mark 6.926ms
[2024-08-29T23:15:34.228+0800] GC(389) Concurrent Undo Cycle 7.006ms
[2024-08-29T23:15:34.257+0800] GC(390) Pause Young (Concurrent Start) (G1 Humongous Allocation)
[2024-08-29T23:15:34.257+0800] GC(390) Using 8 workers of 8 for evacuation
[2024-08-29T23:15:34.259+0800] GC(390)   Pre Evacuate Collection Set: 0.3ms
[2024-08-29T23:15:34.259+0800] GC(390)   Merge Heap Roots: 0.1ms
[2024-08-29T23:15:34.259+0800] GC(390)   Evacuate Collection Set: 0.4ms
[2024-08-29T23:15:34.259+0800] GC(390)   Post Evacuate Collection Set: 0.3ms
[2024-08-29T23:15:34.259+0800] GC(390)   Other: 0.2ms
[2024-08-29T23:15:34.259+0800] GC(390) Eden regions: 4->0(1010)
[2024-08-29T23:15:34.259+0800] GC(390) Survivor regions: 0->0(126)
[2024-08-29T23:15:34.259+0800] GC(390) Old regions: 1->1
[2024-08-29T23:15:34.259+0800] GC(390) Archive regions: 2->2
[2024-08-29T23:15:34.259+0800] GC(390) Humongous regions: 916->829
[2024-08-29T23:15:34.259+0800] GC(390) Metaspace: 1625K(1792K)->1625K(1792K) NonClass: 1506K(1600K)->1506K(1600K) Class: 119K(192K)->119K(192K)
[2024-08-29T23:15:34.259+0800] GC(390) Pause Young (Concurrent Start) (G1 Humongous Allocation) 921M->830M(2048M) 1.484ms
[2024-08-29T23:15:34.259+0800] GC(390) User=0.00s Sys=0.00s Real=0.00s
[2024-08-29T23:15:34.259+0800] GC(391) Concurrent Undo Cycle
[2024-08-29T23:15:34.259+0800] GC(391) Concurrent Cleanup for Next Mark
[2024-08-29T23:15:34.263+0800] GC(391) Concurrent Cleanup for Next Mark 4.729ms
[2024-08-29T23:15:34.264+0800] GC(391) Concurrent Undo Cycle 4.809ms
[2024-08-29T23:15:34.295+0800] GC(392) Pause Young (Concurrent Start) (G1 Humongous Allocation)
[2024-08-29T23:15:34.296+0800] GC(392) Using 8 workers of 8 for evacuation
[2024-08-29T23:15:34.297+0800] GC(392)   Pre Evacuate Collection Set: 0.3ms
[2024-08-29T23:15:34.297+0800] GC(392)   Merge Heap Roots: 0.1ms
[2024-08-29T23:15:34.297+0800] GC(392)   Evacuate Collection Set: 0.3ms
[2024-08-29T23:15:34.297+0800] GC(392)   Post Evacuate Collection Set: 0.3ms
[2024-08-29T23:15:34.297+0800] GC(392)   Other: 0.2ms
[2024-08-29T23:15:34.297+0800] GC(392) Eden regions: 4->0(1030)
[2024-08-29T23:15:34.297+0800] GC(392) Survivor regions: 0->0(127)
[2024-08-29T23:15:34.297+0800] GC(392) Old regions: 1->1
[2024-08-29T23:15:34.297+0800] GC(392) Archive regions: 2->2
[2024-08-29T23:15:34.297+0800] GC(392) Humongous regions: 915->809
[2024-08-29T23:15:34.297+0800] GC(392) Metaspace: 1625K(1792K)->1625K(1792K) NonClass: 1506K(1600K)->1506K(1600K) Class: 119K(192K)->119K(192K)
[2024-08-29T23:15:34.297+0800] GC(392) Pause Young (Concurrent Start) (G1 Humongous Allocation) 920M->810M(2048M) 1.273ms
[2024-08-29T23:15:34.297+0800] GC(392) User=0.00s Sys=0.01s Real=0.00s
[2024-08-29T23:15:34.297+0800] GC(393) Concurrent Undo Cycle
[2024-08-29T23:15:34.297+0800] GC(393) Concurrent Cleanup for Next Mark
[2024-08-29T23:15:34.303+0800] GC(393) Concurrent Cleanup for Next Mark 6.594ms
[2024-08-29T23:15:34.304+0800] GC(393) Concurrent Undo Cycle 6.779ms
[2024-08-29T23:15:34.342+0800] GC(394) Pause Young (Concurrent Start) (G1 Humongous Allocation)
[2024-08-29T23:15:34.342+0800] GC(394) Using 8 workers of 8 for evacuation
[2024-08-29T23:15:34.343+0800] GC(394)   Pre Evacuate Collection Set: 0.2ms
[2024-08-29T23:15:34.343+0800] GC(394)   Merge Heap Roots: 0.1ms
[2024-08-29T23:15:34.343+0800] GC(394)   Evacuate Collection Set: 0.3ms
[2024-08-29T23:15:34.343+0800] GC(394)   Post Evacuate Collection Set: 0.4ms
[2024-08-29T23:15:34.343+0800] GC(394)   Other: 0.2ms
[2024-08-29T23:15:34.343+0800] GC(394) Eden regions: 4->0(1027)
[2024-08-29T23:15:34.343+0800] GC(394) Survivor regions: 0->0(129)
[2024-08-29T23:15:34.343+0800] GC(394) Old regions: 1->1
[2024-08-29T23:15:34.343+0800] GC(394) Archive regions: 2->2
[2024-08-29T23:15:34.343+0800] GC(394) Humongous regions: 918->812
[2024-08-29T23:15:34.343+0800] GC(394) Metaspace: 1625K(1792K)->1625K(1792K) NonClass: 1506K(1600K)->1506K(1600K) Class: 119K(192K)->119K(192K)
[2024-08-29T23:15:34.343+0800] GC(394) Pause Young (Concurrent Start) (G1 Humongous Allocation) 923M->813M(2048M) 1.204ms
[2024-08-29T23:15:34.343+0800] GC(394) User=0.00s Sys=0.00s Real=0.01s
[2024-08-29T23:15:34.343+0800] GC(395) Concurrent Undo Cycle
[2024-08-29T23:15:34.343+0800] GC(395) Concurrent Cleanup for Next Mark
[2024-08-29T23:15:34.349+0800] GC(395) Concurrent Cleanup for Next Mark 6.062ms
[2024-08-29T23:15:34.350+0800] GC(395) Concurrent Undo Cycle 6.202ms
[2024-08-29T23:15:34.379+0800] GC(396) Pause Young (Concurrent Start) (G1 Humongous Allocation)
[2024-08-29T23:15:34.380+0800] GC(396) Using 8 workers of 8 for evacuation
[2024-08-29T23:15:34.381+0800] GC(396)   Pre Evacuate Collection Set: 0.5ms
[2024-08-29T23:15:34.381+0800] GC(396)   Merge Heap Roots: 0.2ms
[2024-08-29T23:15:34.381+0800] GC(396)   Evacuate Collection Set: 0.4ms
[2024-08-29T23:15:34.381+0800] GC(396)   Post Evacuate Collection Set: 0.3ms
[2024-08-29T23:15:34.381+0800] GC(396)   Other: 0.2ms
[2024-08-29T23:15:34.381+0800] GC(396) Eden regions: 4->0(984)
[2024-08-29T23:15:34.381+0800] GC(396) Survivor regions: 0->0(129)
[2024-08-29T23:15:34.381+0800] GC(396) Old regions: 1->1
[2024-08-29T23:15:34.381+0800] GC(396) Archive regions: 2->2
[2024-08-29T23:15:34.381+0800] GC(396) Humongous regions: 916->855
[2024-08-29T23:15:34.381+0800] GC(396) Metaspace: 1625K(1792K)->1625K(1792K) NonClass: 1506K(1600K)->1506K(1600K) Class: 119K(192K)->119K(192K)
[2024-08-29T23:15:34.381+0800] GC(396) Pause Young (Concurrent Start) (G1 Humongous Allocation) 921M->856M(2048M) 1.609ms
[2024-08-29T23:15:34.381+0800] GC(396) User=0.00s Sys=0.00s Real=0.00s
[2024-08-29T23:15:34.381+0800] GC(397) Concurrent Undo Cycle
[2024-08-29T23:15:34.381+0800] GC(397) Concurrent Cleanup for Next Mark
[2024-08-29T23:15:34.389+0800] GC(397) Concurrent Cleanup for Next Mark 7.612ms
[2024-08-29T23:15:34.389+0800] GC(397) Concurrent Undo Cycle 7.821ms
[2024-08-29T23:15:34.401+0800] GC(398) Pause Young (Concurrent Start) (G1 Humongous Allocation)
[2024-08-29T23:15:34.402+0800] GC(398) Using 8 workers of 8 for evacuation
[2024-08-29T23:15:34.403+0800] GC(398)   Pre Evacuate Collection Set: 0.3ms
[2024-08-29T23:15:34.403+0800] GC(398)   Merge Heap Roots: 0.1ms
[2024-08-29T23:15:34.403+0800] GC(398)   Evacuate Collection Set: 0.4ms
[2024-08-29T23:15:34.403+0800] GC(398)   Post Evacuate Collection Set: 0.4ms
[2024-08-29T23:15:34.403+0800] GC(398)   Other: 0.3ms
[2024-08-29T23:15:34.403+0800] GC(398) Eden regions: 4->0(978)
[2024-08-29T23:15:34.403+0800] GC(398) Survivor regions: 0->0(123)
[2024-08-29T23:15:34.403+0800] GC(398) Old regions: 1->1
[2024-08-29T23:15:34.403+0800] GC(398) Archive regions: 2->2
[2024-08-29T23:15:34.403+0800] GC(398) Humongous regions: 917->861
[2024-08-29T23:15:34.403+0800] GC(398) Metaspace: 1625K(1792K)->1625K(1792K) NonClass: 1506K(1600K)->1506K(1600K) Class: 119K(192K)->119K(192K)
[2024-08-29T23:15:34.403+0800] GC(398) Pause Young (Concurrent Start) (G1 Humongous Allocation) 921M->862M(2048M) 1.573ms
[2024-08-29T23:15:34.403+0800] GC(398) User=0.01s Sys=0.01s Real=0.01s
[2024-08-29T23:15:34.403+0800] GC(399) Concurrent Undo Cycle
[2024-08-29T23:15:34.403+0800] GC(399) Concurrent Cleanup for Next Mark
[2024-08-29T23:15:34.411+0800] GC(399) Concurrent Cleanup for Next Mark 8.364ms
[2024-08-29T23:15:34.412+0800] GC(399) Concurrent Undo Cycle 8.506ms
[2024-08-29T23:15:34.424+0800] GC(400) Pause Young (Concurrent Start) (G1 Humongous Allocation)
[2024-08-29T23:15:34.424+0800] GC(400) Using 8 workers of 8 for evacuation
[2024-08-29T23:15:34.425+0800] GC(400)   Pre Evacuate Collection Set: 0.2ms
[2024-08-29T23:15:34.425+0800] GC(400)   Merge Heap Roots: 0.1ms
[2024-08-29T23:15:34.425+0800] GC(400)   Evacuate Collection Set: 0.3ms
[2024-08-29T23:15:34.425+0800] GC(400)   Post Evacuate Collection Set: 0.3ms
[2024-08-29T23:15:34.425+0800] GC(400)   Other: 0.1ms
[2024-08-29T23:15:34.425+0800] GC(400) Eden regions: 4->0(999)
[2024-08-29T23:15:34.426+0800] GC(400) Survivor regions: 0->0(123)
[2024-08-29T23:15:34.426+0800] GC(400) Old regions: 1->1
[2024-08-29T23:15:34.426+0800] GC(400) Archive regions: 2->2
[2024-08-29T23:15:34.426+0800] GC(400) Humongous regions: 919->840
[2024-08-29T23:15:34.426+0800] GC(400) Metaspace: 1625K(1792K)->1625K(1792K) NonClass: 1506K(1600K)->1506K(1600K) Class: 119K(192K)->119K(192K)
[2024-08-29T23:15:34.426+0800] GC(400) Pause Young (Concurrent Start) (G1 Humongous Allocation) 924M->841M(2048M) 1.074ms
[2024-08-29T23:15:34.426+0800] GC(400) User=0.00s Sys=0.00s Real=0.00s
[2024-08-29T23:15:34.426+0800] GC(401) Concurrent Undo Cycle
[2024-08-29T23:15:34.426+0800] GC(401) Concurrent Cleanup for Next Mark
[2024-08-29T23:15:34.430+0800] GC(401) Concurrent Cleanup for Next Mark 4.296ms
[2024-08-29T23:15:34.430+0800] GC(401) Concurrent Undo Cycle 4.382ms
[2024-08-29T23:15:34.464+0800] GC(402) Pause Young (Concurrent Start) (G1 Humongous Allocation)
[2024-08-29T23:15:34.465+0800] GC(402) Using 8 workers of 8 for evacuation
[2024-08-29T23:15:34.466+0800] GC(402)   Pre Evacuate Collection Set: 0.6ms
[2024-08-29T23:15:34.466+0800] GC(402)   Merge Heap Roots: 0.2ms
[2024-08-29T23:15:34.466+0800] GC(402)   Evacuate Collection Set: 0.4ms
[2024-08-29T23:15:34.466+0800] GC(402)   Post Evacuate Collection Set: 0.3ms
[2024-08-29T23:15:34.466+0800] GC(402)   Other: 0.2ms
[2024-08-29T23:15:34.466+0800] GC(402) Eden regions: 4->0(1026)
[2024-08-29T23:15:34.466+0800] GC(402) Survivor regions: 0->0(125)
[2024-08-29T23:15:34.466+0800] GC(402) Old regions: 1->1
[2024-08-29T23:15:34.466+0800] GC(402) Archive regions: 2->2
[2024-08-29T23:15:34.466+0800] GC(402) Humongous regions: 920->813
[2024-08-29T23:15:34.466+0800] GC(402) Metaspace: 1625K(1792K)->1625K(1792K) NonClass: 1506K(1600K)->1506K(1600K) Class: 119K(192K)->119K(192K)
[2024-08-29T23:15:34.466+0800] GC(402) Pause Young (Concurrent Start) (G1 Humongous Allocation) 925M->814M(2048M) 1.758ms
[2024-08-29T23:15:34.466+0800] GC(402) User=0.00s Sys=0.00s Real=0.00s
[2024-08-29T23:15:34.466+0800] GC(403) Concurrent Undo Cycle
[2024-08-29T23:15:34.466+0800] GC(403) Concurrent Cleanup for Next Mark
[2024-08-29T23:15:34.471+0800] GC(403) Concurrent Cleanup for Next Mark 4.547ms
[2024-08-29T23:15:34.471+0800] GC(403) Concurrent Undo Cycle 4.612ms
[2024-08-29T23:15:34.514+0800] GC(404) Pause Young (Concurrent Start) (G1 Humongous Allocation)
[2024-08-29T23:15:34.514+0800] GC(404) Using 8 workers of 8 for evacuation
[2024-08-29T23:15:34.516+0800] GC(404)   Pre Evacuate Collection Set: 0.2ms
[2024-08-29T23:15:34.516+0800] GC(404)   Merge Heap Roots: 0.1ms
[2024-08-29T23:15:34.516+0800] GC(404)   Evacuate Collection Set: 0.3ms
[2024-08-29T23:15:34.516+0800] GC(404)   Post Evacuate Collection Set: 0.5ms
[2024-08-29T23:15:34.516+0800] GC(404)   Other: 0.2ms
[2024-08-29T23:15:34.516+0800] GC(404) Eden regions: 4->0(1031)
[2024-08-29T23:15:34.516+0800] GC(404) Survivor regions: 0->1(129)
[2024-08-29T23:15:34.516+0800] GC(404) Old regions: 1->1
[2024-08-29T23:15:34.516+0800] GC(404) Archive regions: 2->2
[2024-08-29T23:15:34.516+0800] GC(404) Humongous regions: 917->807
[2024-08-29T23:15:34.516+0800] GC(404) Metaspace: 1625K(1792K)->1625K(1792K) NonClass: 1506K(1600K)->1506K(1600K) Class: 119K(192K)->119K(192K)
[2024-08-29T23:15:34.516+0800] GC(404) Pause Young (Concurrent Start) (G1 Humongous Allocation) 922M->808M(2048M) 1.483ms
[2024-08-29T23:15:34.516+0800] GC(404) User=0.00s Sys=0.00s Real=0.00s
[2024-08-29T23:15:34.516+0800] GC(405) Concurrent Undo Cycle
[2024-08-29T23:15:34.516+0800] GC(405) Concurrent Cleanup for Next Mark
[2024-08-29T23:15:34.523+0800] GC(405) Concurrent Cleanup for Next Mark 6.885ms
[2024-08-29T23:15:34.523+0800] GC(405) Concurrent Undo Cycle 6.975ms
[2024-08-29T23:15:34.556+0800] GC(406) Pause Young (Concurrent Start) (G1 Humongous Allocation)
[2024-08-29T23:15:34.557+0800] GC(406) Using 8 workers of 8 for evacuation
[2024-08-29T23:15:34.558+0800] GC(406)   Pre Evacuate Collection Set: 0.4ms
[2024-08-29T23:15:34.558+0800] GC(406)   Merge Heap Roots: 0.2ms
[2024-08-29T23:15:34.558+0800] GC(406)   Evacuate Collection Set: 0.5ms
[2024-08-29T23:15:34.558+0800] GC(406)   Post Evacuate Collection Set: 0.4ms
[2024-08-29T23:15:34.558+0800] GC(406)   Other: 0.2ms
[2024-08-29T23:15:34.558+0800] GC(406) Eden regions: 4->0(1016)
[2024-08-29T23:15:34.558+0800] GC(406) Survivor regions: 1->0(129)
[2024-08-29T23:15:34.558+0800] GC(406) Old regions: 1->1
[2024-08-29T23:15:34.558+0800] GC(406) Archive regions: 2->2
[2024-08-29T23:15:34.558+0800] GC(406) Humongous regions: 918->823
[2024-08-29T23:15:34.558+0800] GC(406) Metaspace: 1625K(1792K)->1625K(1792K) NonClass: 1506K(1600K)->1506K(1600K) Class: 119K(192K)->119K(192K)
[2024-08-29T23:15:34.558+0800] GC(406) Pause Young (Concurrent Start) (G1 Humongous Allocation) 923M->824M(2048M) 1.720ms
[2024-08-29T23:15:34.558+0800] GC(406) User=0.00s Sys=0.00s Real=0.00s
[2024-08-29T23:15:34.558+0800] GC(407) Concurrent Undo Cycle
[2024-08-29T23:15:34.558+0800] GC(407) Concurrent Cleanup for Next Mark
[2024-08-29T23:15:34.563+0800] GC(407) Concurrent Cleanup for Next Mark 4.687ms
[2024-08-29T23:15:34.563+0800] GC(407) Concurrent Undo Cycle 4.784ms
[2024-08-29T23:15:34.596+0800] GC(408) Pause Young (Concurrent Start) (G1 Humongous Allocation)
[2024-08-29T23:15:34.597+0800] GC(408) Using 8 workers of 8 for evacuation
[2024-08-29T23:15:34.598+0800] GC(408)   Pre Evacuate Collection Set: 0.4ms
[2024-08-29T23:15:34.598+0800] GC(408)   Merge Heap Roots: 0.1ms
[2024-08-29T23:15:34.598+0800] GC(408)   Evacuate Collection Set: 0.5ms
[2024-08-29T23:15:34.598+0800] GC(408)   Post Evacuate Collection Set: 0.4ms
[2024-08-29T23:15:34.598+0800] GC(408)   Other: 0.3ms
[2024-08-29T23:15:34.598+0800] GC(408) Eden regions: 4->0(1010)
[2024-08-29T23:15:34.598+0800] GC(408) Survivor regions: 0->1(127)
[2024-08-29T23:15:34.598+0800] GC(408) Old regions: 1->1
[2024-08-29T23:15:34.598+0800] GC(408) Archive regions: 2->2
[2024-08-29T23:15:34.598+0800] GC(408) Humongous regions: 918->828
[2024-08-29T23:15:34.598+0800] GC(408) Metaspace: 1625K(1792K)->1625K(1792K) NonClass: 1506K(1600K)->1506K(1600K) Class: 119K(192K)->119K(192K)
[2024-08-29T23:15:34.598+0800] GC(408) Pause Young (Concurrent Start) (G1 Humongous Allocation) 923M->829M(2048M) 1.656ms
[2024-08-29T23:15:34.598+0800] GC(408) User=0.01s Sys=0.00s Real=0.00s
[2024-08-29T23:15:34.598+0800] GC(409) Concurrent Undo Cycle
[2024-08-29T23:15:34.598+0800] GC(409) Concurrent Cleanup for Next Mark
[2024-08-29T23:15:34.604+0800] GC(409) Concurrent Cleanup for Next Mark 5.328ms
[2024-08-29T23:15:34.604+0800] GC(409) Concurrent Undo Cycle 5.479ms
[2024-08-29T23:15:34.627+0800] GC(410) Pause Young (Concurrent Start) (G1 Humongous Allocation)
[2024-08-29T23:15:34.628+0800] GC(410) Using 8 workers of 8 for evacuation
[2024-08-29T23:15:34.629+0800] GC(410)   Pre Evacuate Collection Set: 0.4ms
[2024-08-29T23:15:34.629+0800] GC(410)   Merge Heap Roots: 0.1ms
[2024-08-29T23:15:34.629+0800] GC(410)   Evacuate Collection Set: 0.4ms
[2024-08-29T23:15:34.629+0800] GC(410)   Post Evacuate Collection Set: 0.4ms
[2024-08-29T23:15:34.629+0800] GC(410)   Other: 0.2ms
[2024-08-29T23:15:34.629+0800] GC(410) Eden regions: 4->0(987)
[2024-08-29T23:15:34.629+0800] GC(410) Survivor regions: 1->1(127)
[2024-08-29T23:15:34.629+0800] GC(410) Old regions: 1->1
[2024-08-29T23:15:34.629+0800] GC(410) Archive regions: 2->2
[2024-08-29T23:15:34.629+0800] GC(410) Humongous regions: 917->851
[2024-08-29T23:15:34.629+0800] GC(410) Metaspace: 1625K(1792K)->1625K(1792K) NonClass: 1506K(1600K)->1506K(1600K) Class: 119K(192K)->119K(192K)
[2024-08-29T23:15:34.629+0800] GC(410) Pause Young (Concurrent Start) (G1 Humongous Allocation) 922M->852M(2048M) 1.592ms
[2024-08-29T23:15:34.629+0800] GC(410) User=0.00s Sys=0.00s Real=0.00s
[2024-08-29T23:15:34.629+0800] GC(411) Concurrent Undo Cycle
[2024-08-29T23:15:34.629+0800] GC(411) Concurrent Cleanup for Next Mark
[2024-08-29T23:15:34.634+0800] GC(411) Concurrent Cleanup for Next Mark 4.425ms
[2024-08-29T23:15:34.634+0800] GC(411) Concurrent Undo Cycle 4.512ms
[2024-08-29T23:15:34.661+0800] GC(412) Pause Young (Concurrent Start) (G1 Humongous Allocation)
[2024-08-29T23:15:34.661+0800] GC(412) Using 8 workers of 8 for evacuation
[2024-08-29T23:15:34.662+0800] GC(412)   Pre Evacuate Collection Set: 0.3ms
[2024-08-29T23:15:34.662+0800] GC(412)   Merge Heap Roots: 0.1ms
[2024-08-29T23:15:34.662+0800] GC(412)   Evacuate Collection Set: 0.5ms
[2024-08-29T23:15:34.662+0800] GC(412)   Post Evacuate Collection Set: 0.5ms
[2024-08-29T23:15:34.662+0800] GC(412)   Other: 0.3ms
[2024-08-29T23:15:34.662+0800] GC(412) Eden regions: 4->0(1004)
[2024-08-29T23:15:34.662+0800] GC(412) Survivor regions: 1->1(124)
[2024-08-29T23:15:34.662+0800] GC(412) Old regions: 1->1
[2024-08-29T23:15:34.662+0800] GC(412) Archive regions: 2->2
[2024-08-29T23:15:34.662+0800] GC(412) Humongous regions: 919->834
[2024-08-29T23:15:34.662+0800] GC(412) Metaspace: 1625K(1792K)->1625K(1792K) NonClass: 1506K(1600K)->1506K(1600K) Class: 119K(192K)->119K(192K)
[2024-08-29T23:15:34.662+0800] GC(412) Pause Young (Concurrent Start) (G1 Humongous Allocation) 924M->835M(2048M) 1.759ms
[2024-08-29T23:15:34.662+0800] GC(412) User=0.01s Sys=0.00s Real=0.01s
[2024-08-29T23:15:34.662+0800] GC(413) Concurrent Undo Cycle
[2024-08-29T23:15:34.663+0800] GC(413) Concurrent Cleanup for Next Mark
[2024-08-29T23:15:34.668+0800] GC(413) Concurrent Cleanup for Next Mark 5.004ms
[2024-08-29T23:15:34.668+0800] GC(413) Concurrent Undo Cycle 5.188ms
[2024-08-29T23:15:34.695+0800] GC(414) Pause Young (Concurrent Start) (G1 Humongous Allocation)
[2024-08-29T23:15:34.695+0800] GC(414) Using 8 workers of 8 for evacuation
[2024-08-29T23:15:34.696+0800] GC(414)   Pre Evacuate Collection Set: 0.3ms
[2024-08-29T23:15:34.696+0800] GC(414)   Merge Heap Roots: 0.1ms
[2024-08-29T23:15:34.696+0800] GC(414)   Evacuate Collection Set: 0.3ms
[2024-08-29T23:15:34.696+0800] GC(414)   Post Evacuate Collection Set: 0.4ms
[2024-08-29T23:15:34.696+0800] GC(414)   Other: 0.2ms
[2024-08-29T23:15:34.696+0800] GC(414) Eden regions: 4->0(1028)
[2024-08-29T23:15:34.696+0800] GC(414) Survivor regions: 1->1(126)
[2024-08-29T23:15:34.696+0800] GC(414) Old regions: 1->1
[2024-08-29T23:15:34.696+0800] GC(414) Archive regions: 2->2
[2024-08-29T23:15:34.696+0800] GC(414) Humongous regions: 915->810
[2024-08-29T23:15:34.696+0800] GC(414) Metaspace: 1625K(1792K)->1625K(1792K) NonClass: 1506K(1600K)->1506K(1600K) Class: 119K(192K)->119K(192K)
[2024-08-29T23:15:34.696+0800] GC(414) Pause Young (Concurrent Start) (G1 Humongous Allocation) 920M->811M(2048M) 1.485ms
[2024-08-29T23:15:34.696+0800] GC(414) User=0.00s Sys=0.00s Real=0.00s
[2024-08-29T23:15:34.696+0800] GC(415) Concurrent Undo Cycle
[2024-08-29T23:15:34.696+0800] GC(415) Concurrent Cleanup for Next Mark
[2024-08-29T23:15:34.701+0800] GC(415) Concurrent Cleanup for Next Mark 4.965ms
[2024-08-29T23:15:34.701+0800] GC(415) Concurrent Undo Cycle 5.048ms
[2024-08-29T23:15:34.737+0800] GC(416) Pause Young (Concurrent Start) (G1 Humongous Allocation)
[2024-08-29T23:15:34.737+0800] GC(416) Using 8 workers of 8 for evacuation
[2024-08-29T23:15:34.739+0800] GC(416)   Pre Evacuate Collection Set: 0.4ms
[2024-08-29T23:15:34.739+0800] GC(416)   Merge Heap Roots: 0.1ms
[2024-08-29T23:15:34.739+0800] GC(416)   Evacuate Collection Set: 0.4ms
[2024-08-29T23:15:34.739+0800] GC(416)   Post Evacuate Collection Set: 0.3ms
[2024-08-29T23:15:34.739+0800] GC(416)   Other: 0.2ms
[2024-08-29T23:15:34.739+0800] GC(416) Eden regions: 4->0(1040)
[2024-08-29T23:15:34.739+0800] GC(416) Survivor regions: 1->1(129)
[2024-08-29T23:15:34.739+0800] GC(416) Old regions: 1->1
[2024-08-29T23:15:34.739+0800] GC(416) Archive regions: 2->2
[2024-08-29T23:15:34.739+0800] GC(416) Humongous regions: 920->798
[2024-08-29T23:15:34.739+0800] GC(416) Metaspace: 1625K(1792K)->1625K(1792K) NonClass: 1506K(1600K)->1506K(1600K) Class: 119K(192K)->119K(192K)
[2024-08-29T23:15:34.739+0800] GC(416) Pause Young (Concurrent Start) (G1 Humongous Allocation) 925M->799M(2048M) 1.509ms
[2024-08-29T23:15:34.739+0800] GC(416) User=0.00s Sys=0.01s Real=0.00s
[2024-08-29T23:15:34.739+0800] GC(417) Concurrent Undo Cycle
[2024-08-29T23:15:34.739+0800] GC(417) Concurrent Cleanup for Next Mark
[2024-08-29T23:15:34.744+0800] GC(417) Concurrent Cleanup for Next Mark 5.490ms
[2024-08-29T23:15:34.744+0800] GC(417) Concurrent Undo Cycle 5.590ms
[2024-08-29T23:15:34.794+0800] GC(418) Pause Young (Concurrent Start) (G1 Humongous Allocation)
[2024-08-29T23:15:34.794+0800] GC(418) Using 8 workers of 8 for evacuation
[2024-08-29T23:15:34.795+0800] GC(418)   Pre Evacuate Collection Set: 0.2ms
[2024-08-29T23:15:34.795+0800] GC(418)   Merge Heap Roots: 0.1ms
[2024-08-29T23:15:34.795+0800] GC(418)   Evacuate Collection Set: 0.4ms
[2024-08-29T23:15:34.795+0800] GC(418)   Post Evacuate Collection Set: 0.4ms
[2024-08-29T23:15:34.795+0800] GC(418)   Other: 0.2ms
[2024-08-29T23:15:34.795+0800] GC(418) Eden regions: 4->0(1078)
[2024-08-29T23:15:34.795+0800] GC(418) Survivor regions: 1->1(131)
[2024-08-29T23:15:34.795+0800] GC(418) Old regions: 1->1
[2024-08-29T23:15:34.795+0800] GC(418) Archive regions: 2->2
[2024-08-29T23:15:34.795+0800] GC(418) Humongous regions: 918->760
[2024-08-29T23:15:34.795+0800] GC(418) Metaspace: 1625K(1792K)->1625K(1792K) NonClass: 1506K(1600K)->1506K(1600K) Class: 119K(192K)->119K(192K)
[2024-08-29T23:15:34.795+0800] GC(418) Pause Young (Concurrent Start) (G1 Humongous Allocation) 923M->761M(2048M) 1.474ms
[2024-08-29T23:15:34.795+0800] GC(418) User=0.00s Sys=0.00s Real=0.00s
[2024-08-29T23:15:34.795+0800] GC(419) Concurrent Undo Cycle
[2024-08-29T23:15:34.795+0800] GC(419) Concurrent Cleanup for Next Mark
[2024-08-29T23:15:34.800+0800] GC(419) Concurrent Cleanup for Next Mark 4.719ms
[2024-08-29T23:15:34.800+0800] GC(419) Concurrent Undo Cycle 4.842ms
[2024-08-29T23:15:34.852+0800] GC(420) Pause Young (Concurrent Start) (G1 Humongous Allocation)
[2024-08-29T23:15:34.852+0800] GC(420) Using 8 workers of 8 for evacuation
[2024-08-29T23:15:34.853+0800] GC(420)   Pre Evacuate Collection Set: 0.3ms
[2024-08-29T23:15:34.853+0800] GC(420)   Merge Heap Roots: 0.1ms
[2024-08-29T23:15:34.853+0800] GC(420)   Evacuate Collection Set: 0.4ms
[2024-08-29T23:15:34.853+0800] GC(420)   Post Evacuate Collection Set: 0.4ms
[2024-08-29T23:15:34.853+0800] GC(420)   Other: 0.2ms
[2024-08-29T23:15:34.853+0800] GC(420) Eden regions: 4->0(1067)
[2024-08-29T23:15:34.853+0800] GC(420) Survivor regions: 1->1(135)
[2024-08-29T23:15:34.853+0800] GC(420) Old regions: 1->1
[2024-08-29T23:15:34.853+0800] GC(420) Archive regions: 2->2
[2024-08-29T23:15:34.853+0800] GC(420) Humongous regions: 918->771
[2024-08-29T23:15:34.853+0800] GC(420) Metaspace: 1625K(1792K)->1625K(1792K) NonClass: 1506K(1600K)->1506K(1600K) Class: 119K(192K)->119K(192K)
[2024-08-29T23:15:34.853+0800] GC(420) Pause Young (Concurrent Start) (G1 Humongous Allocation) 923M->772M(2048M) 1.406ms
[2024-08-29T23:15:34.853+0800] GC(420) User=0.00s Sys=0.01s Real=0.01s
[2024-08-29T23:15:34.853+0800] GC(421) Concurrent Undo Cycle
[2024-08-29T23:15:34.853+0800] GC(421) Concurrent Cleanup for Next Mark
[2024-08-29T23:15:34.858+0800] GC(421) Concurrent Cleanup for Next Mark 4.183ms
[2024-08-29T23:15:34.858+0800] GC(421) Concurrent Undo Cycle 4.312ms
[2024-08-29T23:15:34.905+0800] GC(422) Pause Young (Concurrent Start) (G1 Humongous Allocation)
[2024-08-29T23:15:34.905+0800] GC(422) Using 8 workers of 8 for evacuation
[2024-08-29T23:15:34.906+0800] GC(422)   Pre Evacuate Collection Set: 0.3ms
[2024-08-29T23:15:34.906+0800] GC(422)   Merge Heap Roots: 0.1ms
[2024-08-29T23:15:34.906+0800] GC(422)   Evacuate Collection Set: 0.3ms
[2024-08-29T23:15:34.906+0800] GC(422)   Post Evacuate Collection Set: 0.4ms
[2024-08-29T23:15:34.906+0800] GC(422)   Other: 0.2ms
[2024-08-29T23:15:34.906+0800] GC(422) Eden regions: 4->0(1045)
[2024-08-29T23:15:34.906+0800] GC(422) Survivor regions: 1->1(134)
[2024-08-29T23:15:34.906+0800] GC(422) Old regions: 1->1
[2024-08-29T23:15:34.906+0800] GC(422) Archive regions: 2->2
[2024-08-29T23:15:34.906+0800] GC(422) Humongous regions: 915->793
[2024-08-29T23:15:34.906+0800] GC(422) Metaspace: 1625K(1792K)->1625K(1792K) NonClass: 1506K(1600K)->1506K(1600K) Class: 119K(192K)->119K(192K)
[2024-08-29T23:15:34.906+0800] GC(422) Pause Young (Concurrent Start) (G1 Humongous Allocation) 920M->794M(2048M) 1.325ms
[2024-08-29T23:15:34.906+0800] GC(422) User=0.00s Sys=0.00s Real=0.00s
[2024-08-29T23:15:34.906+0800] GC(423) Concurrent Undo Cycle
[2024-08-29T23:15:34.906+0800] GC(423) Concurrent Cleanup for Next Mark
[2024-08-29T23:15:34.911+0800] GC(423) Concurrent Cleanup for Next Mark 5.044ms
[2024-08-29T23:15:34.911+0800] GC(423) Concurrent Undo Cycle 5.177ms
[2024-08-29T23:15:34.956+0800] GC(424) Pause Young (Concurrent Start) (G1 Humongous Allocation)
[2024-08-29T23:15:34.956+0800] GC(424) Using 8 workers of 8 for evacuation
[2024-08-29T23:15:34.957+0800] GC(424)   Pre Evacuate Collection Set: 0.3ms
[2024-08-29T23:15:34.957+0800] GC(424)   Merge Heap Roots: 0.1ms
[2024-08-29T23:15:34.957+0800] GC(424)   Evacuate Collection Set: 0.5ms
[2024-08-29T23:15:34.957+0800] GC(424)   Post Evacuate Collection Set: 0.4ms
[2024-08-29T23:15:34.957+0800] GC(424)   Other: 0.2ms
[2024-08-29T23:15:34.957+0800] GC(424) Eden regions: 4->0(1056)
[2024-08-29T23:15:34.957+0800] GC(424) Survivor regions: 1->1(131)
[2024-08-29T23:15:34.957+0800] GC(424) Old regions: 1->1
[2024-08-29T23:15:34.957+0800] GC(424) Archive regions: 2->2
[2024-08-29T23:15:34.957+0800] GC(424) Humongous regions: 921->782
[2024-08-29T23:15:34.957+0800] GC(424) Metaspace: 1625K(1792K)->1625K(1792K) NonClass: 1506K(1600K)->1506K(1600K) Class: 119K(192K)->119K(192K)
[2024-08-29T23:15:34.957+0800] GC(424) Pause Young (Concurrent Start) (G1 Humongous Allocation) 926M->783M(2048M) 1.497ms
[2024-08-29T23:15:34.957+0800] GC(424) User=0.00s Sys=0.00s Real=0.00s
[2024-08-29T23:15:34.957+0800] GC(425) Concurrent Undo Cycle
[2024-08-29T23:15:34.958+0800] GC(425) Concurrent Cleanup for Next Mark
[2024-08-29T23:15:34.963+0800] GC(425) Concurrent Cleanup for Next Mark 5.642ms
[2024-08-29T23:15:34.963+0800] GC(425) Concurrent Undo Cycle 5.774ms
[2024-08-29T23:15:35.013+0800] GC(426) Pause Young (Concurrent Start) (G1 Humongous Allocation)
[2024-08-29T23:15:35.013+0800] GC(426) Using 8 workers of 8 for evacuation
[2024-08-29T23:15:35.014+0800] GC(426)   Pre Evacuate Collection Set: 0.4ms
[2024-08-29T23:15:35.014+0800] GC(426)   Merge Heap Roots: 0.1ms
[2024-08-29T23:15:35.014+0800] GC(426)   Evacuate Collection Set: 0.3ms
[2024-08-29T23:15:35.014+0800] GC(426)   Post Evacuate Collection Set: 0.5ms
[2024-08-29T23:15:35.014+0800] GC(426)   Other: 0.2ms
[2024-08-29T23:15:35.014+0800] GC(426) Eden regions: 4->0(1073)
[2024-08-29T23:15:35.014+0800] GC(426) Survivor regions: 1->1(133)
[2024-08-29T23:15:35.014+0800] GC(426) Old regions: 1->1
[2024-08-29T23:15:35.014+0800] GC(426) Archive regions: 2->2
[2024-08-29T23:15:35.014+0800] GC(426) Humongous regions: 919->765
[2024-08-29T23:15:35.014+0800] GC(426) Metaspace: 1625K(1792K)->1625K(1792K) NonClass: 1506K(1600K)->1506K(1600K) Class: 119K(192K)->119K(192K)
[2024-08-29T23:15:35.014+0800] GC(426) Pause Young (Concurrent Start) (G1 Humongous Allocation) 924M->766M(2048M) 1.580ms
[2024-08-29T23:15:35.014+0800] GC(426) User=0.00s Sys=0.00s Real=0.00s
[2024-08-29T23:15:35.014+0800] GC(427) Concurrent Undo Cycle
[2024-08-29T23:15:35.014+0800] GC(427) Concurrent Cleanup for Next Mark
[2024-08-29T23:15:35.018+0800] GC(427) Concurrent Cleanup for Next Mark 3.834ms
[2024-08-29T23:15:35.018+0800] GC(427) Concurrent Undo Cycle 3.902ms
[2024-08-29T23:15:35.094+0800] GC(428) Pause Young (Concurrent Start) (G1 Humongous Allocation)
[2024-08-29T23:15:35.094+0800] GC(428) Using 8 workers of 8 for evacuation
[2024-08-29T23:15:35.095+0800] GC(428)   Pre Evacuate Collection Set: 0.3ms
[2024-08-29T23:15:35.095+0800] GC(428)   Merge Heap Roots: 0.1ms
[2024-08-29T23:15:35.095+0800] GC(428)   Evacuate Collection Set: 0.5ms
[2024-08-29T23:15:35.095+0800] GC(428)   Post Evacuate Collection Set: 0.4ms
[2024-08-29T23:15:35.095+0800] GC(428)   Other: 0.3ms
[2024-08-29T23:15:35.095+0800] GC(428) Eden regions: 4->0(1160)
[2024-08-29T23:15:35.095+0800] GC(428) Survivor regions: 1->1(135)
[2024-08-29T23:15:35.095+0800] GC(428) Old regions: 1->1
[2024-08-29T23:15:35.095+0800] GC(428) Archive regions: 2->2
[2024-08-29T23:15:35.095+0800] GC(428) Humongous regions: 918->678
[2024-08-29T23:15:35.095+0800] GC(428) Metaspace: 1625K(1792K)->1625K(1792K) NonClass: 1506K(1600K)->1506K(1600K) Class: 119K(192K)->119K(192K)
[2024-08-29T23:15:35.095+0800] GC(428) Pause Young (Concurrent Start) (G1 Humongous Allocation) 923M->679M(2048M) 1.670ms
[2024-08-29T23:15:35.095+0800] GC(428) User=0.00s Sys=0.01s Real=0.00s
[2024-08-29T23:15:35.095+0800] GC(429) Concurrent Undo Cycle
[2024-08-29T23:15:35.095+0800] GC(429) Concurrent Cleanup for Next Mark
[2024-08-29T23:15:35.100+0800] GC(429) Concurrent Cleanup for Next Mark 4.996ms
[2024-08-29T23:15:35.100+0800] GC(429) Concurrent Undo Cycle 5.099ms
[2024-08-29T23:15:35.192+0800] GC(430) Pause Young (Concurrent Start) (G1 Humongous Allocation)
[2024-08-29T23:15:35.192+0800] GC(430) Using 8 workers of 8 for evacuation
[2024-08-29T23:15:35.193+0800] GC(430)   Pre Evacuate Collection Set: 0.2ms
[2024-08-29T23:15:35.193+0800] GC(430)   Merge Heap Roots: 0.1ms
[2024-08-29T23:15:35.193+0800] GC(430)   Evacuate Collection Set: 0.5ms
[2024-08-29T23:15:35.193+0800] GC(430)   Post Evacuate Collection Set: 0.4ms
[2024-08-29T23:15:35.193+0800] GC(430)   Other: 0.2ms
[2024-08-29T23:15:35.193+0800] GC(430) Eden regions: 4->0(1137)
[2024-08-29T23:15:35.193+0800] GC(430) Survivor regions: 1->1(146)
[2024-08-29T23:15:35.193+0800] GC(430) Old regions: 1->1
[2024-08-29T23:15:35.193+0800] GC(430) Archive regions: 2->2
[2024-08-29T23:15:35.193+0800] GC(430) Humongous regions: 916->701
[2024-08-29T23:15:35.193+0800] GC(430) Metaspace: 1625K(1792K)->1625K(1792K) NonClass: 1506K(1600K)->1506K(1600K) Class: 119K(192K)->119K(192K)
[2024-08-29T23:15:35.193+0800] GC(430) Pause Young (Concurrent Start) (G1 Humongous Allocation) 921M->702M(2048M) 1.376ms
[2024-08-29T23:15:35.193+0800] GC(430) User=0.00s Sys=0.00s Real=0.01s
[2024-08-29T23:15:35.193+0800] GC(431) Concurrent Undo Cycle
[2024-08-29T23:15:35.193+0800] GC(431) Concurrent Cleanup for Next Mark
[2024-08-29T23:15:35.197+0800] GC(431) Concurrent Cleanup for Next Mark 4.369ms
[2024-08-29T23:15:35.197+0800] GC(431) Concurrent Undo Cycle 4.483ms
[2024-08-29T23:15:35.288+0800] GC(432) Pause Young (Concurrent Start) (G1 Humongous Allocation)
[2024-08-29T23:15:35.288+0800] GC(432) Using 8 workers of 8 for evacuation
[2024-08-29T23:15:35.289+0800] GC(432)   Pre Evacuate Collection Set: 0.3ms
[2024-08-29T23:15:35.289+0800] GC(432)   Merge Heap Roots: 0.1ms
[2024-08-29T23:15:35.289+0800] GC(432)   Evacuate Collection Set: 0.3ms
[2024-08-29T23:15:35.289+0800] GC(432)   Post Evacuate Collection Set: 0.7ms
[2024-08-29T23:15:35.289+0800] GC(432)   Other: 0.2ms
[2024-08-29T23:15:35.289+0800] GC(432) Eden regions: 4->0(1117)
[2024-08-29T23:15:35.289+0800] GC(432) Survivor regions: 1->1(143)
[2024-08-29T23:15:35.289+0800] GC(432) Old regions: 1->1
[2024-08-29T23:15:35.289+0800] GC(432) Archive regions: 2->2
[2024-08-29T23:15:35.289+0800] GC(432) Humongous regions: 917->721
[2024-08-29T23:15:35.289+0800] GC(432) Metaspace: 1625K(1792K)->1625K(1792K) NonClass: 1506K(1600K)->1506K(1600K) Class: 119K(192K)->119K(192K)
[2024-08-29T23:15:35.289+0800] GC(432) Pause Young (Concurrent Start) (G1 Humongous Allocation) 922M->722M(2048M) 1.846ms
[2024-08-29T23:15:35.289+0800] GC(432) User=0.00s Sys=0.00s Real=0.00s
[2024-08-29T23:15:35.289+0800] GC(433) Concurrent Undo Cycle
[2024-08-29T23:15:35.290+0800] GC(433) Concurrent Cleanup for Next Mark
[2024-08-29T23:15:35.296+0800] GC(433) Concurrent Cleanup for Next Mark 6.002ms
[2024-08-29T23:15:35.296+0800] GC(433) Concurrent Undo Cycle 6.159ms
[2024-08-29T23:15:35.358+0800] GC(434) Pause Young (Concurrent Start) (G1 Humongous Allocation)
[2024-08-29T23:15:35.358+0800] GC(434) Using 8 workers of 8 for evacuation
[2024-08-29T23:15:35.359+0800] GC(434)   Pre Evacuate Collection Set: 0.3ms
[2024-08-29T23:15:35.359+0800] GC(434)   Merge Heap Roots: 0.1ms
[2024-08-29T23:15:35.359+0800] GC(434)   Evacuate Collection Set: 0.3ms
[2024-08-29T23:15:35.359+0800] GC(434)   Post Evacuate Collection Set: 0.3ms
[2024-08-29T23:15:35.359+0800] GC(434)   Other: 0.2ms
[2024-08-29T23:15:35.359+0800] GC(434) Eden regions: 4->0(1059)
[2024-08-29T23:15:35.359+0800] GC(434) Survivor regions: 1->1(140)
[2024-08-29T23:15:35.359+0800] GC(434) Old regions: 1->1
[2024-08-29T23:15:35.359+0800] GC(434) Archive regions: 2->2
[2024-08-29T23:15:35.359+0800] GC(434) Humongous regions: 915->779
[2024-08-29T23:15:35.359+0800] GC(434) Metaspace: 1625K(1792K)->1625K(1792K) NonClass: 1506K(1600K)->1506K(1600K) Class: 119K(192K)->119K(192K)
[2024-08-29T23:15:35.359+0800] GC(434) Pause Young (Concurrent Start) (G1 Humongous Allocation) 920M->780M(2048M) 1.323ms
[2024-08-29T23:15:35.359+0800] GC(434) User=0.00s Sys=0.00s Real=0.00s
[2024-08-29T23:15:35.359+0800] GC(435) Concurrent Undo Cycle
[2024-08-29T23:15:35.359+0800] GC(435) Concurrent Cleanup for Next Mark
[2024-08-29T23:15:35.364+0800] GC(435) Concurrent Cleanup for Next Mark 4.806ms
[2024-08-29T23:15:35.364+0800] GC(435) Concurrent Undo Cycle 4.929ms
[2024-08-29T23:15:35.415+0800] GC(436) Pause Young (Concurrent Start) (G1 Humongous Allocation)
[2024-08-29T23:15:35.415+0800] GC(436) Using 8 workers of 8 for evacuation
[2024-08-29T23:15:35.417+0800] GC(436)   Pre Evacuate Collection Set: 0.3ms
[2024-08-29T23:15:35.417+0800] GC(436)   Merge Heap Roots: 0.1ms
[2024-08-29T23:15:35.417+0800] GC(436)   Evacuate Collection Set: 0.6ms
[2024-08-29T23:15:35.417+0800] GC(436)   Post Evacuate Collection Set: 0.3ms
[2024-08-29T23:15:35.417+0800] GC(436)   Other: 0.2ms
[2024-08-29T23:15:35.417+0800] GC(436) Eden regions: 4->0(1060)
[2024-08-29T23:15:35.417+0800] GC(436) Survivor regions: 1->1(133)
[2024-08-29T23:15:35.417+0800] GC(436) Old regions: 1->1
[2024-08-29T23:15:35.417+0800] GC(436) Archive regions: 2->2
[2024-08-29T23:15:35.417+0800] GC(436) Humongous regions: 920->778
[2024-08-29T23:15:35.417+0800] GC(436) Metaspace: 1625K(1792K)->1625K(1792K) NonClass: 1506K(1600K)->1506K(1600K) Class: 119K(192K)->119K(192K)
[2024-08-29T23:15:35.417+0800] GC(436) Pause Young (Concurrent Start) (G1 Humongous Allocation) 925M->779M(2048M) 1.561ms
[2024-08-29T23:15:35.417+0800] GC(436) User=0.01s Sys=0.00s Real=0.00s
[2024-08-29T23:15:35.417+0800] GC(437) Concurrent Undo Cycle
[2024-08-29T23:15:35.417+0800] GC(437) Concurrent Cleanup for Next Mark
[2024-08-29T23:15:35.424+0800] GC(437) Concurrent Cleanup for Next Mark 7.079ms
[2024-08-29T23:15:35.424+0800] GC(437) Concurrent Undo Cycle 7.446ms
[2024-08-29T23:15:35.460+0800] GC(438) Pause Young (Concurrent Start) (G1 Humongous Allocation)
[2024-08-29T23:15:35.460+0800] GC(438) Using 8 workers of 8 for evacuation
[2024-08-29T23:15:35.461+0800] GC(438)   Pre Evacuate Collection Set: 0.4ms
[2024-08-29T23:15:35.461+0800] GC(438)   Merge Heap Roots: 0.1ms
[2024-08-29T23:15:35.461+0800] GC(438)   Evacuate Collection Set: 0.4ms
[2024-08-29T23:15:35.461+0800] GC(438)   Post Evacuate Collection Set: 0.3ms
[2024-08-29T23:15:35.461+0800] GC(438)   Other: 0.3ms
[2024-08-29T23:15:35.461+0800] GC(438) Eden regions: 4->0(975)
[2024-08-29T23:15:35.461+0800] GC(438) Survivor regions: 1->0(133)
[2024-08-29T23:15:35.461+0800] GC(438) Old regions: 1->1
[2024-08-29T23:15:35.461+0800] GC(438) Archive regions: 2->2
[2024-08-29T23:15:35.461+0800] GC(438) Humongous regions: 918->864
[2024-08-29T23:15:35.461+0800] GC(438) Metaspace: 1625K(1792K)->1625K(1792K) NonClass: 1506K(1600K)->1506K(1600K) Class: 119K(192K)->119K(192K)
[2024-08-29T23:15:35.461+0800] GC(438) Pause Young (Concurrent Start) (G1 Humongous Allocation) 923M->865M(2048M) 1.527ms
[2024-08-29T23:15:35.461+0800] GC(438) User=0.00s Sys=0.00s Real=0.00s
[2024-08-29T23:15:35.461+0800] GC(439) Concurrent Undo Cycle
[2024-08-29T23:15:35.461+0800] GC(439) Concurrent Cleanup for Next Mark
[2024-08-29T23:15:35.465+0800] GC(439) Concurrent Cleanup for Next Mark 4.149ms
[2024-08-29T23:15:35.465+0800] GC(439) Concurrent Undo Cycle 4.232ms
[2024-08-29T23:15:35.484+0800] GC(440) Pause Young (Concurrent Start) (G1 Humongous Allocation)
[2024-08-29T23:15:35.484+0800] GC(440) Using 8 workers of 8 for evacuation
[2024-08-29T23:15:35.485+0800] GC(440)   Pre Evacuate Collection Set: 0.4ms
[2024-08-29T23:15:35.485+0800] GC(440)   Merge Heap Roots: 0.2ms
[2024-08-29T23:15:35.485+0800] GC(440)   Evacuate Collection Set: 0.3ms
[2024-08-29T23:15:35.485+0800] GC(440)   Post Evacuate Collection Set: 0.3ms
[2024-08-29T23:15:35.485+0800] GC(440)   Other: 0.3ms
[2024-08-29T23:15:35.485+0800] GC(440) Eden regions: 4->0(982)
[2024-08-29T23:15:35.485+0800] GC(440) Survivor regions: 0->0(122)
[2024-08-29T23:15:35.485+0800] GC(440) Old regions: 1->1
[2024-08-29T23:15:35.485+0800] GC(440) Archive regions: 2->2
[2024-08-29T23:15:35.485+0800] GC(440) Humongous regions: 918->857
[2024-08-29T23:15:35.485+0800] GC(440) Metaspace: 1625K(1792K)->1625K(1792K) NonClass: 1506K(1600K)->1506K(1600K) Class: 119K(192K)->119K(192K)
[2024-08-29T23:15:35.485+0800] GC(440) Pause Young (Concurrent Start) (G1 Humongous Allocation) 923M->858M(2048M) 1.617ms
[2024-08-29T23:15:35.485+0800] GC(440) User=0.00s Sys=0.00s Real=0.00s
[2024-08-29T23:15:35.485+0800] GC(441) Concurrent Undo Cycle
[2024-08-29T23:15:35.485+0800] GC(441) Concurrent Cleanup for Next Mark
[2024-08-29T23:15:35.493+0800] GC(441) Concurrent Cleanup for Next Mark 7.431ms
[2024-08-29T23:15:35.493+0800] GC(441) Concurrent Undo Cycle 7.582ms
[2024-08-29T23:15:35.511+0800] GC(442) Pause Young (Concurrent Start) (G1 Humongous Allocation)
[2024-08-29T23:15:35.511+0800] GC(442) Using 8 workers of 8 for evacuation
[2024-08-29T23:15:35.512+0800] GC(442)   Pre Evacuate Collection Set: 0.4ms
[2024-08-29T23:15:35.512+0800] GC(442)   Merge Heap Roots: 0.2ms
[2024-08-29T23:15:35.512+0800] GC(442)   Evacuate Collection Set: 0.3ms
[2024-08-29T23:15:35.512+0800] GC(442)   Post Evacuate Collection Set: 0.3ms
[2024-08-29T23:15:35.512+0800] GC(442)   Other: 0.3ms
[2024-08-29T23:15:35.512+0800] GC(442) Eden regions: 4->0(977)
[2024-08-29T23:15:35.512+0800] GC(442) Survivor regions: 0->0(123)
[2024-08-29T23:15:35.512+0800] GC(442) Old regions: 1->1
[2024-08-29T23:15:35.512+0800] GC(442) Archive regions: 2->2
[2024-08-29T23:15:35.512+0800] GC(442) Humongous regions: 916->862
[2024-08-29T23:15:35.512+0800] GC(442) Metaspace: 1625K(1792K)->1625K(1792K) NonClass: 1506K(1600K)->1506K(1600K) Class: 119K(192K)->119K(192K)
[2024-08-29T23:15:35.512+0800] GC(442) Pause Young (Concurrent Start) (G1 Humongous Allocation) 921M->863M(2048M) 1.500ms
[2024-08-29T23:15:35.512+0800] GC(442) User=0.01s Sys=0.00s Real=0.00s
[2024-08-29T23:15:35.512+0800] GC(443) Concurrent Undo Cycle
[2024-08-29T23:15:35.512+0800] GC(443) Concurrent Cleanup for Next Mark
[2024-08-29T23:15:35.519+0800] GC(443) Concurrent Cleanup for Next Mark 6.671ms
[2024-08-29T23:15:35.519+0800] GC(443) Concurrent Undo Cycle 6.827ms
[2024-08-29T23:15:35.529+0800] GC(444) Pause Young (Concurrent Start) (G1 Humongous Allocation)
[2024-08-29T23:15:35.529+0800] GC(444) Using 8 workers of 8 for evacuation
[2024-08-29T23:15:35.530+0800] GC(444)   Pre Evacuate Collection Set: 0.4ms
[2024-08-29T23:15:35.530+0800] GC(444)   Merge Heap Roots: 0.2ms
[2024-08-29T23:15:35.530+0800] GC(444)   Evacuate Collection Set: 0.3ms
[2024-08-29T23:15:35.530+0800] GC(444)   Post Evacuate Collection Set: 0.3ms
[2024-08-29T23:15:35.530+0800] GC(444)   Other: 0.2ms
[2024-08-29T23:15:35.530+0800] GC(444) Eden regions: 4->0(950)
[2024-08-29T23:15:35.530+0800] GC(444) Survivor regions: 0->0(123)
[2024-08-29T23:15:35.530+0800] GC(444) Old regions: 1->1
[2024-08-29T23:15:35.530+0800] GC(444) Archive regions: 2->2
[2024-08-29T23:15:35.530+0800] GC(444) Humongous regions: 916->889
[2024-08-29T23:15:35.530+0800] GC(444) Metaspace: 1625K(1792K)->1625K(1792K) NonClass: 1506K(1600K)->1506K(1600K) Class: 119K(192K)->119K(192K)
[2024-08-29T23:15:35.530+0800] GC(444) Pause Young (Concurrent Start) (G1 Humongous Allocation) 921M->890M(2048M) 1.451ms
[2024-08-29T23:15:35.530+0800] GC(444) User=0.00s Sys=0.00s Real=0.00s
[2024-08-29T23:15:35.530+0800] GC(445) Concurrent Undo Cycle
[2024-08-29T23:15:35.530+0800] GC(445) Concurrent Cleanup for Next Mark
[2024-08-29T23:15:35.535+0800] GC(445) Concurrent Cleanup for Next Mark 5.270ms
[2024-08-29T23:15:35.536+0800] GC(445) Concurrent Undo Cycle 5.392ms
[2024-08-29T23:15:35.539+0800] GC(446) Pause Young (Concurrent Start) (G1 Humongous Allocation)
[2024-08-29T23:15:35.539+0800] GC(446) Using 8 workers of 8 for evacuation
[2024-08-29T23:15:35.540+0800] GC(446)   Pre Evacuate Collection Set: 0.2ms
[2024-08-29T23:15:35.540+0800] GC(446)   Merge Heap Roots: 0.1ms
[2024-08-29T23:15:35.540+0800] GC(446)   Evacuate Collection Set: 0.4ms
[2024-08-29T23:15:35.540+0800] GC(446)   Post Evacuate Collection Set: 0.3ms
[2024-08-29T23:15:35.540+0800] GC(446)   Other: 0.2ms
[2024-08-29T23:15:35.540+0800] GC(446) Eden regions: 3->0(935)
[2024-08-29T23:15:35.540+0800] GC(446) Survivor regions: 0->0(119)
[2024-08-29T23:15:35.540+0800] GC(446) Old regions: 1->1
[2024-08-29T23:15:35.540+0800] GC(446) Archive regions: 2->2
[2024-08-29T23:15:35.540+0800] GC(446) Humongous regions: 916->904
[2024-08-29T23:15:35.540+0800] GC(446) Metaspace: 1625K(1792K)->1625K(1792K) NonClass: 1506K(1600K)->1506K(1600K) Class: 119K(192K)->119K(192K)
[2024-08-29T23:15:35.540+0800] GC(446) Pause Young (Concurrent Start) (G1 Humongous Allocation) 920M->905M(2048M) 1.308ms
[2024-08-29T23:15:35.540+0800] GC(446) User=0.00s Sys=0.00s Real=0.00s
[2024-08-29T23:15:35.540+0800] GC(447) Concurrent Undo Cycle
[2024-08-29T23:15:35.540+0800] GC(447) Concurrent Cleanup for Next Mark
[2024-08-29T23:15:35.546+0800] GC(447) Concurrent Cleanup for Next Mark 6.242ms
[2024-08-29T23:15:35.546+0800] GC(447) Concurrent Undo Cycle 6.326ms
[2024-08-29T23:15:35.548+0800] GC(448) Pause Young (Concurrent Start) (G1 Humongous Allocation)
[2024-08-29T23:15:35.548+0800] GC(448) Using 8 workers of 8 for evacuation
[2024-08-29T23:15:35.549+0800] GC(448)   Pre Evacuate Collection Set: 0.5ms
[2024-08-29T23:15:35.549+0800] GC(448)   Merge Heap Roots: 0.1ms
[2024-08-29T23:15:35.549+0800] GC(448)   Evacuate Collection Set: 0.3ms
[2024-08-29T23:15:35.549+0800] GC(448)   Post Evacuate Collection Set: 0.2ms
[2024-08-29T23:15:35.549+0800] GC(448)   Other: 0.3ms
[2024-08-29T23:15:35.549+0800] GC(448) Eden regions: 3->0(944)
[2024-08-29T23:15:35.549+0800] GC(448) Survivor regions: 0->0(117)
[2024-08-29T23:15:35.549+0800] GC(448) Old regions: 1->1
[2024-08-29T23:15:35.549+0800] GC(448) Archive regions: 2->2
[2024-08-29T23:15:35.549+0800] GC(448) Humongous regions: 920->895
[2024-08-29T23:15:35.549+0800] GC(448) Metaspace: 1625K(1792K)->1625K(1792K) NonClass: 1506K(1600K)->1506K(1600K) Class: 119K(192K)->119K(192K)
[2024-08-29T23:15:35.549+0800] GC(448) Pause Young (Concurrent Start) (G1 Humongous Allocation) 924M->896M(2048M) 1.480ms
[2024-08-29T23:15:35.549+0800] GC(448) User=0.01s Sys=0.00s Real=0.00s
[2024-08-29T23:15:35.549+0800] GC(449) Concurrent Undo Cycle
[2024-08-29T23:15:35.549+0800] GC(449) Concurrent Cleanup for Next Mark
[2024-08-29T23:15:35.557+0800] GC(449) Concurrent Cleanup for Next Mark 7.488ms
[2024-08-29T23:15:35.557+0800] GC(449) Concurrent Undo Cycle 7.773ms
[2024-08-29T23:15:35.558+0800] GC(450) Pause Young (Concurrent Start) (G1 Humongous Allocation)
[2024-08-29T23:15:35.558+0800] GC(450) Using 8 workers of 8 for evacuation
[2024-08-29T23:15:35.559+0800] GC(450)   Pre Evacuate Collection Set: 0.3ms
[2024-08-29T23:15:35.559+0800] GC(450)   Merge Heap Roots: 0.1ms
[2024-08-29T23:15:35.559+0800] GC(450)   Evacuate Collection Set: 0.4ms
[2024-08-29T23:15:35.559+0800] GC(450)   Post Evacuate Collection Set: 0.2ms
[2024-08-29T23:15:35.559+0800] GC(450)   Other: 0.2ms
[2024-08-29T23:15:35.559+0800] GC(450) Eden regions: 3->0(934)
[2024-08-29T23:15:35.559+0800] GC(450) Survivor regions: 0->0(118)
[2024-08-29T23:15:35.559+0800] GC(450) Old regions: 1->1
[2024-08-29T23:15:35.559+0800] GC(450) Archive regions: 2->2
[2024-08-29T23:15:35.559+0800] GC(450) Humongous regions: 925->905
[2024-08-29T23:15:35.559+0800] GC(450) Metaspace: 1625K(1792K)->1625K(1792K) NonClass: 1506K(1600K)->1506K(1600K) Class: 119K(192K)->119K(192K)
[2024-08-29T23:15:35.559+0800] GC(450) Pause Young (Concurrent Start) (G1 Humongous Allocation) 929M->906M(2048M) 1.192ms
[2024-08-29T23:15:35.559+0800] GC(450) User=0.00s Sys=0.00s Real=0.00s
[2024-08-29T23:15:35.559+0800] GC(451) Concurrent Undo Cycle
[2024-08-29T23:15:35.559+0800] GC(451) Concurrent Cleanup for Next Mark
[2024-08-29T23:15:35.569+0800] GC(451) Concurrent Cleanup for Next Mark 9.820ms
[2024-08-29T23:15:35.569+0800] GC(451) Concurrent Undo Cycle 9.928ms
[2024-08-29T23:15:35.574+0800] GC(452) Pause Young (Concurrent Start) (G1 Humongous Allocation)
[2024-08-29T23:15:35.574+0800] GC(452) Using 8 workers of 8 for evacuation
[2024-08-29T23:15:35.575+0800] GC(452)   Pre Evacuate Collection Set: 0.3ms
[2024-08-29T23:15:35.575+0800] GC(452)   Merge Heap Roots: 0.1ms
[2024-08-29T23:15:35.575+0800] GC(452)   Evacuate Collection Set: 0.4ms
[2024-08-29T23:15:35.575+0800] GC(452)   Post Evacuate Collection Set: 0.3ms
[2024-08-29T23:15:35.575+0800] GC(452)   Other: 0.2ms
[2024-08-29T23:15:35.575+0800] GC(452) Eden regions: 3->0(935)
[2024-08-29T23:15:35.575+0800] GC(452) Survivor regions: 0->0(117)
[2024-08-29T23:15:35.575+0800] GC(452) Old regions: 1->1
[2024-08-29T23:15:35.575+0800] GC(452) Archive regions: 2->2
[2024-08-29T23:15:35.575+0800] GC(452) Humongous regions: 936->904
[2024-08-29T23:15:35.575+0800] GC(452) Metaspace: 1625K(1792K)->1625K(1792K) NonClass: 1506K(1600K)->1506K(1600K) Class: 119K(192K)->119K(192K)
[2024-08-29T23:15:35.575+0800] GC(452) Pause Young (Concurrent Start) (G1 Humongous Allocation) 940M->905M(2048M) 1.265ms
[2024-08-29T23:15:35.575+0800] GC(452) User=0.00s Sys=0.00s Real=0.00s
[2024-08-29T23:15:35.575+0800] GC(453) Concurrent Undo Cycle
[2024-08-29T23:15:35.575+0800] GC(453) Concurrent Cleanup for Next Mark
[2024-08-29T23:15:35.581+0800] GC(453) Concurrent Cleanup for Next Mark 5.717ms
[2024-08-29T23:15:35.581+0800] GC(453) Concurrent Undo Cycle 5.794ms
[2024-08-29T23:15:35.584+0800] GC(454) Pause Young (Concurrent Start) (G1 Humongous Allocation)
[2024-08-29T23:15:35.584+0800] GC(454) Using 8 workers of 8 for evacuation
[2024-08-29T23:15:35.585+0800] GC(454)   Pre Evacuate Collection Set: 0.2ms
[2024-08-29T23:15:35.585+0800] GC(454)   Merge Heap Roots: 0.1ms
[2024-08-29T23:15:35.585+0800] GC(454)   Evacuate Collection Set: 0.3ms
[2024-08-29T23:15:35.585+0800] GC(454)   Post Evacuate Collection Set: 0.3ms
[2024-08-29T23:15:35.585+0800] GC(454)   Other: 0.1ms
[2024-08-29T23:15:35.585+0800] GC(454) Eden regions: 3->0(929)
[2024-08-29T23:15:35.585+0800] GC(454) Survivor regions: 0->0(117)
[2024-08-29T23:15:35.585+0800] GC(454) Old regions: 1->1
[2024-08-29T23:15:35.585+0800] GC(454) Archive regions: 2->2
[2024-08-29T23:15:35.585+0800] GC(454) Humongous regions: 925->910
[2024-08-29T23:15:35.585+0800] GC(454) Metaspace: 1625K(1792K)->1625K(1792K) NonClass: 1506K(1600K)->1506K(1600K) Class: 119K(192K)->119K(192K)
[2024-08-29T23:15:35.585+0800] GC(454) Pause Young (Concurrent Start) (G1 Humongous Allocation) 929M->911M(2048M) 1.137ms
[2024-08-29T23:15:35.585+0800] GC(454) User=0.00s Sys=0.00s Real=0.00s
[2024-08-29T23:15:35.585+0800] GC(455) Concurrent Undo Cycle
[2024-08-29T23:15:35.585+0800] GC(455) Concurrent Cleanup for Next Mark
[2024-08-29T23:15:35.590+0800] GC(455) Concurrent Cleanup for Next Mark 5.199ms
[2024-08-29T23:15:35.590+0800] GC(455) Concurrent Undo Cycle 5.309ms
[2024-08-29T23:15:35.591+0800] GC(456) Pause Young (Concurrent Start) (G1 Humongous Allocation)
[2024-08-29T23:15:35.591+0800] GC(456) Using 8 workers of 8 for evacuation
[2024-08-29T23:15:35.592+0800] GC(456)   Pre Evacuate Collection Set: 0.3ms
[2024-08-29T23:15:35.592+0800] GC(456)   Merge Heap Roots: 0.1ms
[2024-08-29T23:15:35.592+0800] GC(456)   Evacuate Collection Set: 0.4ms
[2024-08-29T23:15:35.592+0800] GC(456)   Post Evacuate Collection Set: 0.3ms
[2024-08-29T23:15:35.592+0800] GC(456)   Other: 0.2ms
[2024-08-29T23:15:35.592+0800] GC(456) Eden regions: 3->0(926)
[2024-08-29T23:15:35.592+0800] GC(456) Survivor regions: 0->1(117)
[2024-08-29T23:15:35.592+0800] GC(456) Old regions: 1->1
[2024-08-29T23:15:35.592+0800] GC(456) Archive regions: 2->2
[2024-08-29T23:15:35.592+0800] GC(456) Humongous regions: 928->912
[2024-08-29T23:15:35.592+0800] GC(456) Metaspace: 1625K(1792K)->1625K(1792K) NonClass: 1506K(1600K)->1506K(1600K) Class: 119K(192K)->119K(192K)
[2024-08-29T23:15:35.592+0800] GC(456) Pause Young (Concurrent Start) (G1 Humongous Allocation) 932M->913M(2048M) 1.231ms
[2024-08-29T23:15:35.592+0800] GC(456) User=0.01s Sys=0.00s Real=0.00s
[2024-08-29T23:15:35.592+0800] GC(457) Concurrent Undo Cycle
[2024-08-29T23:15:35.592+0800] GC(457) Concurrent Cleanup for Next Mark
[2024-08-29T23:15:35.598+0800] GC(457) Concurrent Cleanup for Next Mark 6.059ms
[2024-08-29T23:15:35.598+0800] GC(457) Concurrent Undo Cycle 6.140ms
[2024-08-29T23:15:35.599+0800] GC(458) Pause Young (Concurrent Start) (G1 Humongous Allocation)
[2024-08-29T23:15:35.599+0800] GC(458) Using 8 workers of 8 for evacuation
[2024-08-29T23:15:35.600+0800] GC(458)   Pre Evacuate Collection Set: 0.3ms
[2024-08-29T23:15:35.600+0800] GC(458)   Merge Heap Roots: 0.1ms
[2024-08-29T23:15:35.600+0800] GC(458)   Evacuate Collection Set: 0.4ms
[2024-08-29T23:15:35.600+0800] GC(458)   Post Evacuate Collection Set: 0.3ms
[2024-08-29T23:15:35.600+0800] GC(458)   Other: 0.1ms
[2024-08-29T23:15:35.600+0800] GC(458) Eden regions: 3->0(932)
[2024-08-29T23:15:35.600+0800] GC(458) Survivor regions: 1->0(116)
[2024-08-29T23:15:35.600+0800] GC(458) Old regions: 1->1
[2024-08-29T23:15:35.600+0800] GC(458) Archive regions: 2->2
[2024-08-29T23:15:35.600+0800] GC(458) Humongous regions: 927->907
[2024-08-29T23:15:35.600+0800] GC(458) Metaspace: 1625K(1792K)->1625K(1792K) NonClass: 1506K(1600K)->1506K(1600K) Class: 119K(192K)->119K(192K)
[2024-08-29T23:15:35.600+0800] GC(458) Pause Young (Concurrent Start) (G1 Humongous Allocation) 931M->908M(2048M) 1.184ms
[2024-08-29T23:15:35.600+0800] GC(458) User=0.01s Sys=0.00s Real=0.00s
[2024-08-29T23:15:35.600+0800] GC(459) Concurrent Undo Cycle
[2024-08-29T23:15:35.600+0800] GC(459) Concurrent Cleanup for Next Mark
[2024-08-29T23:15:35.607+0800] GC(459) Concurrent Cleanup for Next Mark 7.523ms
[2024-08-29T23:15:35.608+0800] GC(459) Concurrent Undo Cycle 7.714ms
[2024-08-29T23:15:35.609+0800] GC(460) Pause Young (Concurrent Start) (G1 Humongous Allocation)
[2024-08-29T23:15:35.609+0800] GC(460) Using 8 workers of 8 for evacuation
[2024-08-29T23:15:35.610+0800] GC(460)   Pre Evacuate Collection Set: 0.2ms
[2024-08-29T23:15:35.610+0800] GC(460)   Merge Heap Roots: 0.1ms
[2024-08-29T23:15:35.610+0800] GC(460)   Evacuate Collection Set: 0.3ms
[2024-08-29T23:15:35.610+0800] GC(460)   Post Evacuate Collection Set: 0.3ms
[2024-08-29T23:15:35.610+0800] GC(460)   Other: 0.1ms
[2024-08-29T23:15:35.610+0800] GC(460) Eden regions: 4->0(909)
[2024-08-29T23:15:35.610+0800] GC(460) Survivor regions: 0->0(117)
[2024-08-29T23:15:35.610+0800] GC(460) Old regions: 1->1
[2024-08-29T23:15:35.610+0800] GC(460) Archive regions: 2->2
[2024-08-29T23:15:35.610+0800] GC(460) Humongous regions: 946->930
[2024-08-29T23:15:35.610+0800] GC(460) Metaspace: 1625K(1792K)->1625K(1792K) NonClass: 1506K(1600K)->1506K(1600K) Class: 119K(192K)->119K(192K)
[2024-08-29T23:15:35.610+0800] GC(460) Pause Young (Concurrent Start) (G1 Humongous Allocation) 950M->931M(2048M) 1.133ms
[2024-08-29T23:15:35.610+0800] GC(460) User=0.00s Sys=0.00s Real=0.00s
[2024-08-29T23:15:35.610+0800] GC(461) Concurrent Mark Cycle
[2024-08-29T23:15:35.610+0800] GC(461) Concurrent Clear Claimed Marks
[2024-08-29T23:15:35.610+0800] GC(461) Concurrent Clear Claimed Marks 0.005ms
[2024-08-29T23:15:35.610+0800] GC(461) Concurrent Scan Root Regions
[2024-08-29T23:15:35.610+0800] GC(461) Concurrent Scan Root Regions 0.004ms
[2024-08-29T23:15:35.610+0800] GC(461) Concurrent Mark
[2024-08-29T23:15:35.610+0800] GC(461) Concurrent Mark From Roots
[2024-08-29T23:15:35.610+0800] GC(461) Using 2 workers of 2 for marking
[2024-08-29T23:15:35.612+0800] GC(461) Concurrent Mark From Roots 2.648ms
[2024-08-29T23:15:35.613+0800] GC(461) Concurrent Preclean
[2024-08-29T23:15:35.613+0800] GC(461) Concurrent Preclean 0.082ms
[2024-08-29T23:15:35.614+0800] GC(461) Pause Remark
[2024-08-29T23:15:35.615+0800] GC(461) Pause Remark 946M->946M(2048M) 1.026ms
[2024-08-29T23:15:35.615+0800] GC(461) User=0.00s Sys=0.00s Real=0.00s
[2024-08-29T23:15:35.615+0800] GC(461) Concurrent Mark 4.834ms
[2024-08-29T23:15:35.615+0800] GC(461) Concurrent Rebuild Remembered Sets
[2024-08-29T23:15:35.615+0800] GC(461) Concurrent Rebuild Remembered Sets 0.006ms
[2024-08-29T23:15:35.616+0800] GC(461) Pause Cleanup
[2024-08-29T23:15:35.616+0800] GC(461) Pause Cleanup 948M->948M(2048M) 0.017ms
[2024-08-29T23:15:35.616+0800] GC(461) User=0.00s Sys=0.00s Real=0.00s
[2024-08-29T23:15:35.616+0800] GC(461) Concurrent Cleanup for Next Mark
[2024-08-29T23:15:35.620+0800] GC(461) Concurrent Cleanup for Next Mark 4.330ms
[2024-08-29T23:15:35.620+0800] GC(461) Concurrent Mark Cycle 10.227ms
[2024-08-29T23:15:35.621+0800] GC(462) Pause Young (Concurrent Start) (G1 Humongous Allocation)
[2024-08-29T23:15:35.621+0800] GC(462) Using 8 workers of 8 for evacuation
[2024-08-29T23:15:35.622+0800] GC(462)   Pre Evacuate Collection Set: 0.2ms
[2024-08-29T23:15:35.622+0800] GC(462)   Merge Heap Roots: 0.1ms
[2024-08-29T23:15:35.622+0800] GC(462)   Evacuate Collection Set: 0.3ms
[2024-08-29T23:15:35.622+0800] GC(462)   Post Evacuate Collection Set: 0.3ms
[2024-08-29T23:15:35.622+0800] GC(462)   Other: 0.1ms
[2024-08-29T23:15:35.622+0800] GC(462) Eden regions: 4->0(912)
[2024-08-29T23:15:35.622+0800] GC(462) Survivor regions: 0->0(114)
[2024-08-29T23:15:35.622+0800] GC(462) Old regions: 1->1
[2024-08-29T23:15:35.622+0800] GC(462) Archive regions: 2->2
[2024-08-29T23:15:35.622+0800] GC(462) Humongous regions: 955->927
[2024-08-29T23:15:35.622+0800] GC(462) Metaspace: 1625K(1792K)->1625K(1792K) NonClass: 1506K(1600K)->1506K(1600K) Class: 119K(192K)->119K(192K)
[2024-08-29T23:15:35.622+0800] GC(462) Pause Young (Concurrent Start) (G1 Humongous Allocation) 960M->928M(2048M) 1.069ms
[2024-08-29T23:15:35.622+0800] GC(462) User=0.00s Sys=0.00s Real=0.00s
[2024-08-29T23:15:35.622+0800] GC(463) Concurrent Mark Cycle
[2024-08-29T23:15:35.622+0800] GC(463) Concurrent Clear Claimed Marks
[2024-08-29T23:15:35.622+0800] GC(463) Concurrent Clear Claimed Marks 0.018ms
[2024-08-29T23:15:35.622+0800] GC(463) Concurrent Scan Root Regions
[2024-08-29T23:15:35.622+0800] GC(463) Concurrent Scan Root Regions 0.004ms
[2024-08-29T23:15:35.622+0800] GC(463) Concurrent Mark
[2024-08-29T23:15:35.622+0800] GC(463) Concurrent Mark From Roots
[2024-08-29T23:15:35.622+0800] GC(463) Using 2 workers of 2 for marking
[2024-08-29T23:15:35.624+0800] GC(463) Concurrent Mark From Roots 2.679ms
[2024-08-29T23:15:35.624+0800] GC(463) Concurrent Preclean
[2024-08-29T23:15:35.625+0800] GC(463) Concurrent Preclean 0.068ms
[2024-08-29T23:15:35.625+0800] GC(463) Pause Remark
[2024-08-29T23:15:35.626+0800] GC(463) Pause Remark 950M->950M(2048M) 1.039ms
[2024-08-29T23:15:35.626+0800] GC(463) User=0.00s Sys=0.00s Real=0.00s
[2024-08-29T23:15:35.626+0800] GC(463) Concurrent Mark 3.915ms
[2024-08-29T23:15:35.626+0800] GC(463) Concurrent Rebuild Remembered Sets
[2024-08-29T23:15:35.626+0800] GC(463) Concurrent Rebuild Remembered Sets 0.004ms
[2024-08-29T23:15:35.626+0800] GC(463) Pause Cleanup
[2024-08-29T23:15:35.626+0800] GC(463) Pause Cleanup 950M->950M(2048M) 0.006ms
[2024-08-29T23:15:35.626+0800] GC(463) User=0.00s Sys=0.00s Real=0.00s
[2024-08-29T23:15:35.627+0800] GC(463) Concurrent Cleanup for Next Mark
[2024-08-29T23:15:35.631+0800] GC(463) Concurrent Cleanup for Next Mark 3.946ms
[2024-08-29T23:15:35.631+0800] GC(463) Concurrent Mark Cycle 9.012ms
[2024-08-29T23:15:35.631+0800] GC(464) Pause Young (Concurrent Start) (G1 Humongous Allocation)
[2024-08-29T23:15:35.631+0800] GC(464) Using 8 workers of 8 for evacuation
[2024-08-29T23:15:35.632+0800] GC(464)   Pre Evacuate Collection Set: 0.2ms
[2024-08-29T23:15:35.632+0800] GC(464)   Merge Heap Roots: 0.1ms
[2024-08-29T23:15:35.632+0800] GC(464)   Evacuate Collection Set: 0.3ms
[2024-08-29T23:15:35.632+0800] GC(464)   Post Evacuate Collection Set: 0.3ms
[2024-08-29T23:15:35.632+0800] GC(464)   Other: 0.1ms
[2024-08-29T23:15:35.632+0800] GC(464) Eden regions: 4->0(910)
[2024-08-29T23:15:35.632+0800] GC(464) Survivor regions: 0->0(114)
[2024-08-29T23:15:35.632+0800] GC(464) Old regions: 1->1
[2024-08-29T23:15:35.632+0800] GC(464) Archive regions: 2->2
[2024-08-29T23:15:35.632+0800] GC(464) Humongous regions: 960->929
[2024-08-29T23:15:35.632+0800] GC(464) Metaspace: 1625K(1792K)->1625K(1792K) NonClass: 1506K(1600K)->1506K(1600K) Class: 119K(192K)->119K(192K)
[2024-08-29T23:15:35.632+0800] GC(464) Pause Young (Concurrent Start) (G1 Humongous Allocation) 964M->930M(2048M) 0.979ms
[2024-08-29T23:15:35.632+0800] GC(464) User=0.00s Sys=0.00s Real=0.00s
[2024-08-29T23:15:35.632+0800] GC(465) Concurrent Mark Cycle
[2024-08-29T23:15:35.632+0800] GC(465) Concurrent Clear Claimed Marks
[2024-08-29T23:15:35.632+0800] GC(465) Concurrent Clear Claimed Marks 0.005ms
[2024-08-29T23:15:35.632+0800] GC(465) Concurrent Scan Root Regions
[2024-08-29T23:15:35.632+0800] GC(465) Concurrent Scan Root Regions 0.004ms
[2024-08-29T23:15:35.632+0800] GC(465) Concurrent Mark
[2024-08-29T23:15:35.632+0800] GC(465) Concurrent Mark From Roots
[2024-08-29T23:15:35.632+0800] GC(465) Using 2 workers of 2 for marking
[2024-08-29T23:15:35.635+0800] GC(465) Concurrent Mark From Roots 3.023ms
[2024-08-29T23:15:35.635+0800] GC(465) Concurrent Preclean
[2024-08-29T23:15:35.635+0800] GC(465) Concurrent Preclean 0.067ms
[2024-08-29T23:15:35.635+0800] GC(465) Pause Remark
[2024-08-29T23:15:35.636+0800] GC(465) Pause Remark 942M->942M(2048M) 0.907ms
[2024-08-29T23:15:35.636+0800] GC(465) User=0.00s Sys=0.00s Real=0.00s
[2024-08-29T23:15:35.636+0800] GC(465) Concurrent Mark 4.150ms
[2024-08-29T23:15:35.636+0800] GC(465) Concurrent Rebuild Remembered Sets
[2024-08-29T23:15:35.636+0800] GC(465) Concurrent Rebuild Remembered Sets 0.004ms
[2024-08-29T23:15:35.637+0800] GC(465) Pause Cleanup
[2024-08-29T23:15:35.637+0800] GC(465) Pause Cleanup 944M->944M(2048M) 0.017ms
[2024-08-29T23:15:35.637+0800] GC(465) User=0.00s Sys=0.00s Real=0.00s
[2024-08-29T23:15:35.637+0800] GC(465) Concurrent Cleanup for Next Mark
[2024-08-29T23:15:35.640+0800] GC(465) Concurrent Cleanup for Next Mark 3.328ms
[2024-08-29T23:15:35.640+0800] GC(465) Concurrent Mark Cycle 8.410ms
[2024-08-29T23:15:35.642+0800] GC(466) Pause Young (Concurrent Start) (G1 Humongous Allocation)
[2024-08-29T23:15:35.642+0800] GC(466) Using 8 workers of 8 for evacuation
[2024-08-29T23:15:35.644+0800] GC(466)   Pre Evacuate Collection Set: 0.4ms
[2024-08-29T23:15:35.644+0800] GC(466)   Merge Heap Roots: 0.2ms
[2024-08-29T23:15:35.644+0800] GC(466)   Evacuate Collection Set: 0.4ms
[2024-08-29T23:15:35.644+0800] GC(466)   Post Evacuate Collection Set: 0.3ms
[2024-08-29T23:15:35.644+0800] GC(466)   Other: 0.3ms
[2024-08-29T23:15:35.644+0800] GC(466) Eden regions: 3->0(932)
[2024-08-29T23:15:35.644+0800] GC(466) Survivor regions: 0->0(114)
[2024-08-29T23:15:35.644+0800] GC(466) Old regions: 1->1
[2024-08-29T23:15:35.644+0800] GC(466) Archive regions: 2->2
[2024-08-29T23:15:35.644+0800] GC(466) Humongous regions: 943->907
[2024-08-29T23:15:35.644+0800] GC(466) Metaspace: 1625K(1792K)->1625K(1792K) NonClass: 1506K(1600K)->1506K(1600K) Class: 119K(192K)->119K(192K)
[2024-08-29T23:15:35.644+0800] GC(466) Pause Young (Concurrent Start) (G1 Humongous Allocation) 947M->908M(2048M) 1.559ms
[2024-08-29T23:15:35.644+0800] GC(466) User=0.00s Sys=0.00s Real=0.01s
[2024-08-29T23:15:35.644+0800] GC(467) Concurrent Undo Cycle
[2024-08-29T23:15:35.644+0800] GC(467) Concurrent Cleanup for Next Mark
[2024-08-29T23:15:35.648+0800] GC(467) Concurrent Cleanup for Next Mark 3.991ms
[2024-08-29T23:15:35.648+0800] GC(467) Concurrent Undo Cycle 4.034ms
[2024-08-29T23:15:35.649+0800] GC(468) Pause Young (Concurrent Start) (G1 Humongous Allocation)
[2024-08-29T23:15:35.649+0800] GC(468) Using 8 workers of 8 for evacuation
[2024-08-29T23:15:35.650+0800] GC(468)   Pre Evacuate Collection Set: 0.2ms
[2024-08-29T23:15:35.650+0800] GC(468)   Merge Heap Roots: 0.1ms
[2024-08-29T23:15:35.650+0800] GC(468)   Evacuate Collection Set: 0.3ms
[2024-08-29T23:15:35.650+0800] GC(468)   Post Evacuate Collection Set: 0.3ms
[2024-08-29T23:15:35.650+0800] GC(468)   Other: 0.1ms
[2024-08-29T23:15:35.650+0800] GC(468) Eden regions: 3->0(937)
[2024-08-29T23:15:35.650+0800] GC(468) Survivor regions: 0->0(117)
[2024-08-29T23:15:35.650+0800] GC(468) Old regions: 1->1
[2024-08-29T23:15:35.650+0800] GC(468) Archive regions: 2->2
[2024-08-29T23:15:35.650+0800] GC(468) Humongous regions: 918->902
[2024-08-29T23:15:35.650+0800] GC(468) Metaspace: 1625K(1792K)->1625K(1792K) NonClass: 1506K(1600K)->1506K(1600K) Class: 119K(192K)->119K(192K)
[2024-08-29T23:15:35.650+0800] GC(468) Pause Young (Concurrent Start) (G1 Humongous Allocation) 922M->903M(2048M) 1.022ms
[2024-08-29T23:15:35.650+0800] GC(468) User=0.00s Sys=0.00s Real=0.00s
[2024-08-29T23:15:35.650+0800] GC(469) Concurrent Undo Cycle
[2024-08-29T23:15:35.650+0800] GC(469) Concurrent Cleanup for Next Mark
[2024-08-29T23:15:35.655+0800] GC(469) Concurrent Cleanup for Next Mark 5.107ms
[2024-08-29T23:15:35.655+0800] GC(469) Concurrent Undo Cycle 5.198ms
[2024-08-29T23:15:35.656+0800] GC(470) Pause Young (Concurrent Start) (G1 Humongous Allocation)
[2024-08-29T23:15:35.656+0800] GC(470) Using 8 workers of 8 for evacuation
[2024-08-29T23:15:35.657+0800] GC(470)   Pre Evacuate Collection Set: 0.3ms
[2024-08-29T23:15:35.657+0800] GC(470)   Merge Heap Roots: 0.1ms
[2024-08-29T23:15:35.657+0800] GC(470)   Evacuate Collection Set: 0.3ms
[2024-08-29T23:15:35.657+0800] GC(470)   Post Evacuate Collection Set: 0.2ms
[2024-08-29T23:15:35.657+0800] GC(470)   Other: 0.1ms
[2024-08-29T23:15:35.657+0800] GC(470) Eden regions: 3->0(935)
[2024-08-29T23:15:35.657+0800] GC(470) Survivor regions: 0->0(118)
[2024-08-29T23:15:35.657+0800] GC(470) Old regions: 1->1
[2024-08-29T23:15:35.657+0800] GC(470) Archive regions: 2->2
[2024-08-29T23:15:35.657+0800] GC(470) Humongous regions: 922->904
[2024-08-29T23:15:35.657+0800] GC(470) Metaspace: 1625K(1792K)->1625K(1792K) NonClass: 1506K(1600K)->1506K(1600K) Class: 119K(192K)->119K(192K)
[2024-08-29T23:15:35.657+0800] GC(470) Pause Young (Concurrent Start) (G1 Humongous Allocation) 926M->905M(2048M) 1.077ms
[2024-08-29T23:15:35.657+0800] GC(470) User=0.00s Sys=0.00s Real=0.00s
[2024-08-29T23:15:35.657+0800] GC(471) Concurrent Undo Cycle
[2024-08-29T23:15:35.657+0800] GC(471) Concurrent Cleanup for Next Mark
[2024-08-29T23:15:35.663+0800] GC(471) Concurrent Cleanup for Next Mark 5.567ms
[2024-08-29T23:15:35.663+0800] GC(471) Concurrent Undo Cycle 5.660ms
[2024-08-29T23:15:35.663+0800] GC(472) Pause Young (Concurrent Start) (G1 Humongous Allocation)
[2024-08-29T23:15:35.663+0800] GC(472) Using 8 workers of 8 for evacuation
[2024-08-29T23:15:35.664+0800] GC(472)   Pre Evacuate Collection Set: 0.2ms
[2024-08-29T23:15:35.664+0800] GC(472)   Merge Heap Roots: 0.1ms
[2024-08-29T23:15:35.664+0800] GC(472)   Evacuate Collection Set: 0.3ms
[2024-08-29T23:15:35.664+0800] GC(472)   Post Evacuate Collection Set: 0.3ms
[2024-08-29T23:15:35.664+0800] GC(472)   Other: 0.1ms
[2024-08-29T23:15:35.665+0800] GC(472) Eden regions: 3->0(954)
[2024-08-29T23:15:35.665+0800] GC(472) Survivor regions: 0->0(117)
[2024-08-29T23:15:35.665+0800] GC(472) Old regions: 1->1
[2024-08-29T23:15:35.665+0800] GC(472) Archive regions: 2->2
[2024-08-29T23:15:35.665+0800] GC(472) Humongous regions: 917->885
[2024-08-29T23:15:35.665+0800] GC(472) Metaspace: 1625K(1792K)->1625K(1792K) NonClass: 1506K(1600K)->1506K(1600K) Class: 119K(192K)->119K(192K)
[2024-08-29T23:15:35.665+0800] GC(472) Pause Young (Concurrent Start) (G1 Humongous Allocation) 921M->886M(2048M) 1.106ms
[2024-08-29T23:15:35.665+0800] GC(472) User=0.00s Sys=0.00s Real=0.00s
[2024-08-29T23:15:35.665+0800] GC(473) Concurrent Undo Cycle
[2024-08-29T23:15:35.665+0800] GC(473) Concurrent Cleanup for Next Mark
[2024-08-29T23:15:35.668+0800] GC(473) Concurrent Cleanup for Next Mark 3.811ms
[2024-08-29T23:15:35.668+0800] GC(473) Concurrent Undo Cycle 3.870ms
[2024-08-29T23:15:35.682+0800] GC(474) Pause Young (Concurrent Start) (G1 Humongous Allocation)
[2024-08-29T23:15:35.682+0800] GC(474) Using 8 workers of 8 for evacuation
[2024-08-29T23:15:35.683+0800] GC(474)   Pre Evacuate Collection Set: 0.3ms
[2024-08-29T23:15:35.683+0800] GC(474)   Merge Heap Roots: 0.1ms
[2024-08-29T23:15:35.683+0800] GC(474)   Evacuate Collection Set: 0.4ms
[2024-08-29T23:15:35.683+0800] GC(474)   Post Evacuate Collection Set: 0.3ms
[2024-08-29T23:15:35.683+0800] GC(474)   Other: 0.3ms
[2024-08-29T23:15:35.683+0800] GC(474) Eden regions: 4->0(964)
[2024-08-29T23:15:35.683+0800] GC(474) Survivor regions: 0->0(120)
[2024-08-29T23:15:35.683+0800] GC(474) Old regions: 1->1
[2024-08-29T23:15:35.683+0800] GC(474) Archive regions: 2->2
[2024-08-29T23:15:35.683+0800] GC(474) Humongous regions: 915->875
[2024-08-29T23:15:35.683+0800] GC(474) Metaspace: 1625K(1792K)->1625K(1792K) NonClass: 1506K(1600K)->1506K(1600K) Class: 119K(192K)->119K(192K)
[2024-08-29T23:15:35.683+0800] GC(474) Pause Young (Concurrent Start) (G1 Humongous Allocation) 919M->876M(2048M) 1.362ms
[2024-08-29T23:15:35.683+0800] GC(474) User=0.00s Sys=0.00s Real=0.01s
[2024-08-29T23:15:35.683+0800] GC(475) Concurrent Undo Cycle
[2024-08-29T23:15:35.684+0800] GC(475) Concurrent Cleanup for Next Mark
[2024-08-29T23:15:35.689+0800] GC(475) Concurrent Cleanup for Next Mark 5.880ms
[2024-08-29T23:15:35.689+0800] GC(475) Concurrent Undo Cycle 5.974ms
[2024-08-29T23:15:35.697+0800] GC(476) Pause Young (Concurrent Start) (G1 Humongous Allocation)
[2024-08-29T23:15:35.697+0800] GC(476) Using 8 workers of 8 for evacuation
[2024-08-29T23:15:35.698+0800] GC(476)   Pre Evacuate Collection Set: 0.3ms
[2024-08-29T23:15:35.698+0800] GC(476)   Merge Heap Roots: 0.1ms
[2024-08-29T23:15:35.699+0800] GC(476)   Evacuate Collection Set: 0.3ms
[2024-08-29T23:15:35.699+0800] GC(476)   Post Evacuate Collection Set: 0.3ms
[2024-08-29T23:15:35.699+0800] GC(476)   Other: 0.2ms
[2024-08-29T23:15:35.699+0800] GC(476) Eden regions: 4->0(938)
[2024-08-29T23:15:35.699+0800] GC(476) Survivor regions: 0->0(121)
[2024-08-29T23:15:35.699+0800] GC(476) Old regions: 1->1
[2024-08-29T23:15:35.699+0800] GC(476) Archive regions: 2->2
[2024-08-29T23:15:35.699+0800] GC(476) Humongous regions: 919->901
[2024-08-29T23:15:35.699+0800] GC(476) Metaspace: 1625K(1792K)->1625K(1792K) NonClass: 1506K(1600K)->1506K(1600K) Class: 119K(192K)->119K(192K)
[2024-08-29T23:15:35.699+0800] GC(476) Pause Young (Concurrent Start) (G1 Humongous Allocation) 924M->902M(2048M) 1.263ms
[2024-08-29T23:15:35.699+0800] GC(476) User=0.00s Sys=0.01s Real=0.00s
[2024-08-29T23:15:35.699+0800] GC(477) Concurrent Undo Cycle
[2024-08-29T23:15:35.699+0800] GC(477) Concurrent Cleanup for Next Mark
[2024-08-29T23:15:35.703+0800] GC(477) Concurrent Cleanup for Next Mark 4.466ms
[2024-08-29T23:15:35.703+0800] GC(477) Concurrent Undo Cycle 4.535ms
[2024-08-29T23:15:35.711+0800] GC(478) Pause Young (Concurrent Start) (G1 Humongous Allocation)
[2024-08-29T23:15:35.711+0800] GC(478) Using 8 workers of 8 for evacuation
[2024-08-29T23:15:35.712+0800] GC(478)   Pre Evacuate Collection Set: 0.5ms
[2024-08-29T23:15:35.712+0800] GC(478)   Merge Heap Roots: 0.1ms
[2024-08-29T23:15:35.712+0800] GC(478)   Evacuate Collection Set: 0.4ms
[2024-08-29T23:15:35.712+0800] GC(478)   Post Evacuate Collection Set: 0.3ms
[2024-08-29T23:15:35.712+0800] GC(478)   Other: 0.2ms
[2024-08-29T23:15:35.713+0800] GC(478) Eden regions: 4->0(952)
[2024-08-29T23:15:35.713+0800] GC(478) Survivor regions: 0->0(118)
[2024-08-29T23:15:35.713+0800] GC(478) Old regions: 1->1
[2024-08-29T23:15:35.713+0800] GC(478) Archive regions: 2->2
[2024-08-29T23:15:35.713+0800] GC(478) Humongous regions: 916->887
[2024-08-29T23:15:35.713+0800] GC(478) Metaspace: 1625K(1792K)->1625K(1792K) NonClass: 1506K(1600K)->1506K(1600K) Class: 119K(192K)->119K(192K)
[2024-08-29T23:15:35.713+0800] GC(478) Pause Young (Concurrent Start) (G1 Humongous Allocation) 920M->888M(2048M) 1.525ms
[2024-08-29T23:15:35.713+0800] GC(478) User=0.00s Sys=0.00s Real=0.01s
[2024-08-29T23:15:35.713+0800] GC(479) Concurrent Undo Cycle
[2024-08-29T23:15:35.713+0800] GC(479) Concurrent Cleanup for Next Mark
[2024-08-29T23:15:35.719+0800] GC(479) Concurrent Cleanup for Next Mark 6.581ms
[2024-08-29T23:15:35.719+0800] GC(479) Concurrent Undo Cycle 6.705ms
[2024-08-29T23:15:35.727+0800] GC(480) Pause Young (Concurrent Start) (G1 Humongous Allocation)
[2024-08-29T23:15:35.727+0800] GC(480) Using 8 workers of 8 for evacuation
[2024-08-29T23:15:35.728+0800] GC(480)   Pre Evacuate Collection Set: 0.4ms
[2024-08-29T23:15:35.728+0800] GC(480)   Merge Heap Roots: 0.1ms
[2024-08-29T23:15:35.728+0800] GC(480)   Evacuate Collection Set: 0.3ms
[2024-08-29T23:15:35.728+0800] GC(480)   Post Evacuate Collection Set: 0.3ms
[2024-08-29T23:15:35.728+0800] GC(480)   Other: 0.2ms
[2024-08-29T23:15:35.728+0800] GC(480) Eden regions: 4->0(961)
[2024-08-29T23:15:35.728+0800] GC(480) Survivor regions: 0->0(119)
[2024-08-29T23:15:35.728+0800] GC(480) Old regions: 1->1
[2024-08-29T23:15:35.729+0800] GC(480) Archive regions: 2->2
[2024-08-29T23:15:35.729+0800] GC(480) Humongous regions: 918->878
[2024-08-29T23:15:35.729+0800] GC(480) Metaspace: 1625K(1792K)->1625K(1792K) NonClass: 1506K(1600K)->1506K(1600K) Class: 119K(192K)->119K(192K)
[2024-08-29T23:15:35.729+0800] GC(480) Pause Young (Concurrent Start) (G1 Humongous Allocation) 922M->879M(2048M) 1.412ms
[2024-08-29T23:15:35.729+0800] GC(480) User=0.00s Sys=0.00s Real=0.00s
[2024-08-29T23:15:35.729+0800] GC(481) Concurrent Undo Cycle
[2024-08-29T23:15:35.729+0800] GC(481) Concurrent Cleanup for Next Mark
[2024-08-29T23:15:35.734+0800] GC(481) Concurrent Cleanup for Next Mark 5.193ms
[2024-08-29T23:15:35.734+0800] GC(481) Concurrent Undo Cycle 5.275ms
[2024-08-29T23:15:35.746+0800] GC(482) Pause Young (Concurrent Start) (G1 Humongous Allocation)
[2024-08-29T23:15:35.746+0800] GC(482) Using 8 workers of 8 for evacuation
[2024-08-29T23:15:35.748+0800] GC(482)   Pre Evacuate Collection Set: 0.3ms
[2024-08-29T23:15:35.748+0800] GC(482)   Merge Heap Roots: 0.1ms
[2024-08-29T23:15:35.748+0800] GC(482)   Evacuate Collection Set: 0.4ms
[2024-08-29T23:15:35.748+0800] GC(482)   Post Evacuate Collection Set: 0.3ms
[2024-08-29T23:15:35.748+0800] GC(482)   Other: 0.2ms
[2024-08-29T23:15:35.748+0800] GC(482) Eden regions: 4->0(973)
[2024-08-29T23:15:35.748+0800] GC(482) Survivor regions: 0->0(121)
[2024-08-29T23:15:35.748+0800] GC(482) Old regions: 1->1
[2024-08-29T23:15:35.748+0800] GC(482) Archive regions: 2->2
[2024-08-29T23:15:35.748+0800] GC(482) Humongous regions: 919->866
[2024-08-29T23:15:35.748+0800] GC(482) Metaspace: 1625K(1792K)->1625K(1792K) NonClass: 1506K(1600K)->1506K(1600K) Class: 119K(192K)->119K(192K)
[2024-08-29T23:15:35.748+0800] GC(482) Pause Young (Concurrent Start) (G1 Humongous Allocation) 924M->867M(2048M) 1.416ms
[2024-08-29T23:15:35.748+0800] GC(482) User=0.00s Sys=0.01s Real=0.00s
[2024-08-29T23:15:35.748+0800] GC(483) Concurrent Undo Cycle
[2024-08-29T23:15:35.748+0800] GC(483) Concurrent Cleanup for Next Mark
[2024-08-29T23:15:35.753+0800] GC(483) Concurrent Cleanup for Next Mark 4.767ms
[2024-08-29T23:15:35.753+0800] GC(483) Concurrent Undo Cycle 4.853ms
[2024-08-29T23:15:35.766+0800] GC(484) Pause Young (Concurrent Start) (G1 Humongous Allocation)
[2024-08-29T23:15:35.766+0800] GC(484) Using 8 workers of 8 for evacuation
[2024-08-29T23:15:35.767+0800] GC(484)   Pre Evacuate Collection Set: 0.3ms
[2024-08-29T23:15:35.767+0800] GC(484)   Merge Heap Roots: 0.2ms
[2024-08-29T23:15:35.767+0800] GC(484)   Evacuate Collection Set: 0.5ms
[2024-08-29T23:15:35.767+0800] GC(484)   Post Evacuate Collection Set: 0.4ms
[2024-08-29T23:15:35.767+0800] GC(484)   Other: 0.2ms
[2024-08-29T23:15:35.767+0800] GC(484) Eden regions: 4->0(960)
[2024-08-29T23:15:35.767+0800] GC(484) Survivor regions: 0->0(122)
[2024-08-29T23:15:35.767+0800] GC(484) Old regions: 1->1
[2024-08-29T23:15:35.767+0800] GC(484) Archive regions: 2->2
[2024-08-29T23:15:35.767+0800] GC(484) Humongous regions: 919->879
[2024-08-29T23:15:35.767+0800] GC(484) Metaspace: 1625K(1792K)->1625K(1792K) NonClass: 1506K(1600K)->1506K(1600K) Class: 119K(192K)->119K(192K)
[2024-08-29T23:15:35.767+0800] GC(484) Pause Young (Concurrent Start) (G1 Humongous Allocation) 924M->880M(2048M) 1.484ms
[2024-08-29T23:15:35.767+0800] GC(484) User=0.00s Sys=0.00s Real=0.00s
[2024-08-29T23:15:35.767+0800] GC(485) Concurrent Undo Cycle
[2024-08-29T23:15:35.767+0800] GC(485) Concurrent Cleanup for Next Mark
[2024-08-29T23:15:35.773+0800] GC(485) Concurrent Cleanup for Next Mark 5.564ms
[2024-08-29T23:15:35.773+0800] GC(485) Concurrent Undo Cycle 5.673ms
[2024-08-29T23:15:35.785+0800] GC(486) Pause Young (Concurrent Start) (G1 Humongous Allocation)
[2024-08-29T23:15:35.785+0800] GC(486) Using 8 workers of 8 for evacuation
[2024-08-29T23:15:35.787+0800] GC(486)   Pre Evacuate Collection Set: 0.3ms
[2024-08-29T23:15:35.787+0800] GC(486)   Merge Heap Roots: 0.1ms
[2024-08-29T23:15:35.787+0800] GC(486)   Evacuate Collection Set: 1.1ms
[2024-08-29T23:15:35.787+0800] GC(486)   Post Evacuate Collection Set: 0.3ms
[2024-08-29T23:15:35.787+0800] GC(486)   Other: 0.2ms
[2024-08-29T23:15:35.787+0800] GC(486) Eden regions: 4->0(962)
[2024-08-29T23:15:35.787+0800] GC(486) Survivor regions: 0->0(120)
[2024-08-29T23:15:35.787+0800] GC(486) Old regions: 1->1
[2024-08-29T23:15:35.787+0800] GC(486) Archive regions: 2->2
[2024-08-29T23:15:35.787+0800] GC(486) Humongous regions: 917->877
[2024-08-29T23:15:35.787+0800] GC(486) Metaspace: 1625K(1792K)->1625K(1792K) NonClass: 1506K(1600K)->1506K(1600K) Class: 119K(192K)->119K(192K)
[2024-08-29T23:15:35.787+0800] GC(486) Pause Young (Concurrent Start) (G1 Humongous Allocation) 922M->878M(2048M) 2.079ms
[2024-08-29T23:15:35.787+0800] GC(486) User=0.00s Sys=0.00s Real=0.00s
[2024-08-29T23:15:35.787+0800] GC(487) Concurrent Undo Cycle
[2024-08-29T23:15:35.787+0800] GC(487) Concurrent Cleanup for Next Mark
[2024-08-29T23:15:35.792+0800] GC(487) Concurrent Cleanup for Next Mark 4.883ms
[2024-08-29T23:15:35.792+0800] GC(487) Concurrent Undo Cycle 4.967ms
[2024-08-29T23:15:35.803+0800] GC(488) Pause Young (Concurrent Start) (G1 Humongous Allocation)
[2024-08-29T23:15:35.803+0800] GC(488) Using 8 workers of 8 for evacuation
[2024-08-29T23:15:35.804+0800] GC(488)   Pre Evacuate Collection Set: 0.3ms
[2024-08-29T23:15:35.804+0800] GC(488)   Merge Heap Roots: 0.1ms
[2024-08-29T23:15:35.804+0800] GC(488)   Evacuate Collection Set: 0.4ms
[2024-08-29T23:15:35.804+0800] GC(488)   Post Evacuate Collection Set: 0.3ms
[2024-08-29T23:15:35.804+0800] GC(488)   Other: 0.2ms
[2024-08-29T23:15:35.804+0800] GC(488) Eden regions: 4->0(963)
[2024-08-29T23:15:35.804+0800] GC(488) Survivor regions: 0->0(121)
[2024-08-29T23:15:35.804+0800] GC(488) Old regions: 1->1
[2024-08-29T23:15:35.804+0800] GC(488) Archive regions: 2->2
[2024-08-29T23:15:35.804+0800] GC(488) Humongous regions: 918->876
[2024-08-29T23:15:35.804+0800] GC(488) Metaspace: 1625K(1792K)->1625K(1792K) NonClass: 1506K(1600K)->1506K(1600K) Class: 119K(192K)->119K(192K)
[2024-08-29T23:15:35.804+0800] GC(488) Pause Young (Concurrent Start) (G1 Humongous Allocation) 923M->877M(2048M) 1.306ms
[2024-08-29T23:15:35.804+0800] GC(488) User=0.00s Sys=0.00s Real=0.00s
[2024-08-29T23:15:35.804+0800] GC(489) Concurrent Undo Cycle
[2024-08-29T23:15:35.804+0800] GC(489) Concurrent Cleanup for Next Mark
[2024-08-29T23:15:35.809+0800] GC(489) Concurrent Cleanup for Next Mark 4.412ms
[2024-08-29T23:15:35.809+0800] GC(489) Concurrent Undo Cycle 4.506ms
[2024-08-29T23:15:35.821+0800] GC(490) Pause Young (Concurrent Start) (G1 Humongous Allocation)
[2024-08-29T23:15:35.821+0800] GC(490) Using 8 workers of 8 for evacuation
[2024-08-29T23:15:35.822+0800] GC(490)   Pre Evacuate Collection Set: 0.3ms
[2024-08-29T23:15:35.822+0800] GC(490)   Merge Heap Roots: 0.1ms
[2024-08-29T23:15:35.822+0800] GC(490)   Evacuate Collection Set: 0.3ms
[2024-08-29T23:15:35.822+0800] GC(490)   Post Evacuate Collection Set: 0.3ms
[2024-08-29T23:15:35.822+0800] GC(490)   Other: 0.1ms
[2024-08-29T23:15:35.822+0800] GC(490) Eden regions: 4->0(947)
[2024-08-29T23:15:35.822+0800] GC(490) Survivor regions: 0->0(121)
[2024-08-29T23:15:35.822+0800] GC(490) Old regions: 1->1
[2024-08-29T23:15:35.822+0800] GC(490) Archive regions: 2->2
[2024-08-29T23:15:35.822+0800] GC(490) Humongous regions: 918->892
[2024-08-29T23:15:35.822+0800] GC(490) Metaspace: 1625K(1792K)->1625K(1792K) NonClass: 1506K(1600K)->1506K(1600K) Class: 119K(192K)->119K(192K)
[2024-08-29T23:15:35.822+0800] GC(490) Pause Young (Concurrent Start) (G1 Humongous Allocation) 923M->893M(2048M) 1.215ms
[2024-08-29T23:15:35.822+0800] GC(490) User=0.01s Sys=0.00s Real=0.00s
[2024-08-29T23:15:35.822+0800] GC(491) Concurrent Undo Cycle
[2024-08-29T23:15:35.822+0800] GC(491) Concurrent Cleanup for Next Mark
[2024-08-29T23:15:35.826+0800] GC(491) Concurrent Cleanup for Next Mark 3.854ms
[2024-08-29T23:15:35.826+0800] GC(491) Concurrent Undo Cycle 3.928ms
[2024-08-29T23:15:35.835+0800] GC(492) Pause Young (Concurrent Start) (G1 Humongous Allocation)
[2024-08-29T23:15:35.835+0800] GC(492) Using 8 workers of 8 for evacuation
[2024-08-29T23:15:35.836+0800] GC(492)   Pre Evacuate Collection Set: 0.3ms
[2024-08-29T23:15:35.836+0800] GC(492)   Merge Heap Roots: 0.1ms
[2024-08-29T23:15:35.836+0800] GC(492)   Evacuate Collection Set: 0.4ms
[2024-08-29T23:15:35.836+0800] GC(492)   Post Evacuate Collection Set: 0.4ms
[2024-08-29T23:15:35.836+0800] GC(492)   Other: 0.2ms
[2024-08-29T23:15:35.836+0800] GC(492) Eden regions: 3->0(950)
[2024-08-29T23:15:35.836+0800] GC(492) Survivor regions: 0->1(119)
[2024-08-29T23:15:35.836+0800] GC(492) Old regions: 1->1
[2024-08-29T23:15:35.836+0800] GC(492) Archive regions: 2->2
[2024-08-29T23:15:35.836+0800] GC(492) Humongous regions: 915->888
[2024-08-29T23:15:35.836+0800] GC(492) Metaspace: 1625K(1792K)->1625K(1792K) NonClass: 1506K(1600K)->1506K(1600K) Class: 119K(192K)->119K(192K)
[2024-08-29T23:15:35.836+0800] GC(492) Pause Young (Concurrent Start) (G1 Humongous Allocation) 919M->889M(2048M) 1.493ms
[2024-08-29T23:15:35.836+0800] GC(492) User=0.00s Sys=0.00s Real=0.00s
[2024-08-29T23:15:35.836+0800] GC(493) Concurrent Undo Cycle
[2024-08-29T23:15:35.836+0800] GC(493) Concurrent Cleanup for Next Mark
[2024-08-29T23:15:35.842+0800] GC(493) Concurrent Cleanup for Next Mark 5.108ms
[2024-08-29T23:15:35.842+0800] GC(493) Concurrent Undo Cycle 5.195ms
[2024-08-29T23:15:35.848+0800] GC(494) Pause Young (Concurrent Start) (G1 Humongous Allocation)
[2024-08-29T23:15:35.848+0800] GC(494) Using 8 workers of 8 for evacuation
[2024-08-29T23:15:35.849+0800] GC(494)   Pre Evacuate Collection Set: 0.6ms
[2024-08-29T23:15:35.849+0800] GC(494)   Merge Heap Roots: 0.1ms
[2024-08-29T23:15:35.849+0800] GC(494)   Evacuate Collection Set: 0.3ms
[2024-08-29T23:15:35.849+0800] GC(494)   Post Evacuate Collection Set: 0.2ms
[2024-08-29T23:15:35.849+0800] GC(494)   Other: 0.2ms
[2024-08-29T23:15:35.849+0800] GC(494) Eden regions: 4->0(945)
[2024-08-29T23:15:35.849+0800] GC(494) Survivor regions: 1->0(119)
[2024-08-29T23:15:35.849+0800] GC(494) Old regions: 1->1
[2024-08-29T23:15:35.849+0800] GC(494) Archive regions: 2->2
[2024-08-29T23:15:35.849+0800] GC(494) Humongous regions: 919->894
[2024-08-29T23:15:35.849+0800] GC(494) Metaspace: 1625K(1792K)->1625K(1792K) NonClass: 1506K(1600K)->1506K(1600K) Class: 119K(192K)->119K(192K)
[2024-08-29T23:15:35.849+0800] GC(494) Pause Young (Concurrent Start) (G1 Humongous Allocation) 924M->895M(2048M) 1.586ms
[2024-08-29T23:15:35.849+0800] GC(494) User=0.00s Sys=0.00s Real=0.00s
[2024-08-29T23:15:35.849+0800] GC(495) Concurrent Undo Cycle
[2024-08-29T23:15:35.849+0800] GC(495) Concurrent Cleanup for Next Mark
[2024-08-29T23:15:35.854+0800] GC(495) Concurrent Cleanup for Next Mark 4.151ms
[2024-08-29T23:15:35.854+0800] GC(495) Concurrent Undo Cycle 4.263ms
[2024-08-29T23:15:35.858+0800] GC(496) Pause Young (Concurrent Start) (G1 Humongous Allocation)
[2024-08-29T23:15:35.858+0800] GC(496) Using 8 workers of 8 for evacuation
[2024-08-29T23:15:35.859+0800] GC(496)   Pre Evacuate Collection Set: 0.3ms
[2024-08-29T23:15:35.859+0800] GC(496)   Merge Heap Roots: 0.1ms
[2024-08-29T23:15:35.859+0800] GC(496)   Evacuate Collection Set: 0.3ms
[2024-08-29T23:15:35.859+0800] GC(496)   Post Evacuate Collection Set: 0.3ms
[2024-08-29T23:15:35.859+0800] GC(496)   Other: 0.2ms
[2024-08-29T23:15:35.859+0800] GC(496) Eden regions: 4->0(951)
[2024-08-29T23:15:35.859+0800] GC(496) Survivor regions: 0->0(119)
[2024-08-29T23:15:35.859+0800] GC(496) Old regions: 1->1
[2024-08-29T23:15:35.859+0800] GC(496) Archive regions: 2->2
[2024-08-29T23:15:35.859+0800] GC(496) Humongous regions: 919->888
[2024-08-29T23:15:35.859+0800] GC(496) Metaspace: 1625K(1792K)->1625K(1792K) NonClass: 1506K(1600K)->1506K(1600K) Class: 119K(192K)->119K(192K)
[2024-08-29T23:15:35.859+0800] GC(496) Pause Young (Concurrent Start) (G1 Humongous Allocation) 924M->889M(2048M) 1.212ms
[2024-08-29T23:15:35.859+0800] GC(496) User=0.00s Sys=0.01s Real=0.00s
[2024-08-29T23:15:35.859+0800] GC(497) Concurrent Undo Cycle
[2024-08-29T23:15:35.859+0800] GC(497) Concurrent Cleanup for Next Mark
[2024-08-29T23:15:35.864+0800] GC(497) Concurrent Cleanup for Next Mark 5.088ms
[2024-08-29T23:15:35.864+0800] GC(497) Concurrent Undo Cycle 5.167ms
[2024-08-29T23:15:35.872+0800] GC(498) Pause Young (Concurrent Start) (G1 Humongous Allocation)
[2024-08-29T23:15:35.872+0800] GC(498) Using 8 workers of 8 for evacuation
[2024-08-29T23:15:35.873+0800] GC(498)   Pre Evacuate Collection Set: 0.2ms
[2024-08-29T23:15:35.873+0800] GC(498)   Merge Heap Roots: 0.2ms
[2024-08-29T23:15:35.873+0800] GC(498)   Evacuate Collection Set: 0.5ms
[2024-08-29T23:15:35.873+0800] GC(498)   Post Evacuate Collection Set: 0.4ms
[2024-08-29T23:15:35.873+0800] GC(498)   Other: 0.2ms
[2024-08-29T23:15:35.873+0800] GC(498) Eden regions: 4->0(950)
[2024-08-29T23:15:35.873+0800] GC(498) Survivor regions: 0->0(119)
[2024-08-29T23:15:35.873+0800] GC(498) Old regions: 1->1
[2024-08-29T23:15:35.873+0800] GC(498) Archive regions: 2->2
[2024-08-29T23:15:35.873+0800] GC(498) Humongous regions: 918->889
[2024-08-29T23:15:35.873+0800] GC(498) Metaspace: 1625K(1792K)->1625K(1792K) NonClass: 1506K(1600K)->1506K(1600K) Class: 119K(192K)->119K(192K)
[2024-08-29T23:15:35.873+0800] GC(498) Pause Young (Concurrent Start) (G1 Humongous Allocation) 922M->890M(2048M) 1.478ms
[2024-08-29T23:15:35.873+0800] GC(498) User=0.00s Sys=0.00s Real=0.01s
[2024-08-29T23:15:35.873+0800] GC(499) Concurrent Undo Cycle
[2024-08-29T23:15:35.874+0800] GC(499) Concurrent Cleanup for Next Mark
[2024-08-29T23:15:35.878+0800] GC(499) Concurrent Cleanup for Next Mark 4.242ms
[2024-08-29T23:15:35.878+0800] GC(499) Concurrent Undo Cycle 4.297ms
[2024-08-29T23:15:35.888+0800] GC(500) Pause Young (Concurrent Start) (G1 Humongous Allocation)
[2024-08-29T23:15:35.888+0800] GC(500) Using 8 workers of 8 for evacuation
[2024-08-29T23:15:35.889+0800] GC(500)   Pre Evacuate Collection Set: 0.3ms
[2024-08-29T23:15:35.889+0800] GC(500)   Merge Heap Roots: 0.1ms
[2024-08-29T23:15:35.889+0800] GC(500)   Evacuate Collection Set: 0.5ms
[2024-08-29T23:15:35.889+0800] GC(500)   Post Evacuate Collection Set: 0.4ms
[2024-08-29T23:15:35.889+0800] GC(500)   Other: 0.2ms
[2024-08-29T23:15:35.889+0800] GC(500) Eden regions: 4->0(960)
[2024-08-29T23:15:35.889+0800] GC(500) Survivor regions: 0->0(119)
[2024-08-29T23:15:35.889+0800] GC(500) Old regions: 1->1
[2024-08-29T23:15:35.890+0800] GC(500) Archive regions: 2->2
[2024-08-29T23:15:35.890+0800] GC(500) Humongous regions: 919->879
[2024-08-29T23:15:35.890+0800] GC(500) Metaspace: 1625K(1792K)->1625K(1792K) NonClass: 1506K(1600K)->1506K(1600K) Class: 119K(192K)->119K(192K)
[2024-08-29T23:15:35.890+0800] GC(500) Pause Young (Concurrent Start) (G1 Humongous Allocation) 924M->880M(2048M) 1.533ms
[2024-08-29T23:15:35.890+0800] GC(500) User=0.00s Sys=0.00s Real=0.00s
[2024-08-29T23:15:35.890+0800] GC(501) Concurrent Undo Cycle
[2024-08-29T23:15:35.890+0800] GC(501) Concurrent Cleanup for Next Mark
[2024-08-29T23:15:35.894+0800] GC(501) Concurrent Cleanup for Next Mark 4.720ms
[2024-08-29T23:15:35.894+0800] GC(501) Concurrent Undo Cycle 4.874ms
[2024-08-29T23:15:35.909+0800] GC(502) Pause Young (Concurrent Start) (G1 Humongous Allocation)
[2024-08-29T23:15:35.909+0800] GC(502) Using 8 workers of 8 for evacuation
[2024-08-29T23:15:35.911+0800] GC(502)   Pre Evacuate Collection Set: 0.6ms
[2024-08-29T23:15:35.911+0800] GC(502)   Merge Heap Roots: 0.1ms
[2024-08-29T23:15:35.911+0800] GC(502)   Evacuate Collection Set: 0.3ms
[2024-08-29T23:15:35.911+0800] GC(502)   Post Evacuate Collection Set: 0.3ms
[2024-08-29T23:15:35.911+0800] GC(502)   Other: 0.2ms
[2024-08-29T23:15:35.911+0800] GC(502) Eden regions: 4->0(969)
[2024-08-29T23:15:35.911+0800] GC(502) Survivor regions: 0->0(120)
[2024-08-29T23:15:35.911+0800] GC(502) Old regions: 1->1
[2024-08-29T23:15:35.911+0800] GC(502) Archive regions: 2->2
[2024-08-29T23:15:35.911+0800] GC(502) Humongous regions: 917->870
[2024-08-29T23:15:35.911+0800] GC(502) Metaspace: 1625K(1792K)->1625K(1792K) NonClass: 1506K(1600K)->1506K(1600K) Class: 119K(192K)->119K(192K)
[2024-08-29T23:15:35.911+0800] GC(502) Pause Young (Concurrent Start) (G1 Humongous Allocation) 922M->871M(2048M) 1.606ms
[2024-08-29T23:15:35.911+0800] GC(502) User=0.00s Sys=0.00s Real=0.00s
[2024-08-29T23:15:35.911+0800] GC(503) Concurrent Undo Cycle
[2024-08-29T23:15:35.911+0800] GC(503) Concurrent Cleanup for Next Mark
[2024-08-29T23:15:35.916+0800] GC(503) Concurrent Cleanup for Next Mark 5.136ms
[2024-08-29T23:15:35.916+0800] GC(503) Concurrent Undo Cycle 5.218ms
[2024-08-29T23:15:35.923+0800] GC(504) Pause Young (Concurrent Start) (G1 Humongous Allocation)
[2024-08-29T23:15:35.923+0800] GC(504) Using 8 workers of 8 for evacuation
[2024-08-29T23:15:35.924+0800] GC(504)   Pre Evacuate Collection Set: 0.3ms
[2024-08-29T23:15:35.924+0800] GC(504)   Merge Heap Roots: 0.1ms
[2024-08-29T23:15:35.924+0800] GC(504)   Evacuate Collection Set: 0.3ms
[2024-08-29T23:15:35.924+0800] GC(504)   Post Evacuate Collection Set: 0.3ms
[2024-08-29T23:15:35.924+0800] GC(504)   Other: 0.2ms
[2024-08-29T23:15:35.924+0800] GC(504) Eden regions: 4->0(939)
[2024-08-29T23:15:35.924+0800] GC(504) Survivor regions: 0->0(122)
[2024-08-29T23:15:35.924+0800] GC(504) Old regions: 1->1
[2024-08-29T23:15:35.924+0800] GC(504) Archive regions: 2->2
[2024-08-29T23:15:35.924+0800] GC(504) Humongous regions: 916->900
[2024-08-29T23:15:35.924+0800] GC(504) Metaspace: 1625K(1792K)->1625K(1792K) NonClass: 1506K(1600K)->1506K(1600K) Class: 119K(192K)->119K(192K)
[2024-08-29T23:15:35.924+0800] GC(504) Pause Young (Concurrent Start) (G1 Humongous Allocation) 921M->901M(2048M) 1.254ms
[2024-08-29T23:15:35.924+0800] GC(504) User=0.00s Sys=0.00s Real=0.00s
[2024-08-29T23:15:35.924+0800] GC(505) Concurrent Undo Cycle
[2024-08-29T23:15:35.924+0800] GC(505) Concurrent Cleanup for Next Mark
[2024-08-29T23:15:35.930+0800] GC(505) Concurrent Cleanup for Next Mark 5.801ms
[2024-08-29T23:15:35.930+0800] GC(505) Concurrent Undo Cycle 5.972ms
[2024-08-29T23:15:35.931+0800] GC(506) Pause Young (Concurrent Start) (G1 Humongous Allocation)
[2024-08-29T23:15:35.931+0800] GC(506) Using 8 workers of 8 for evacuation
[2024-08-29T23:15:35.932+0800] GC(506)   Pre Evacuate Collection Set: 0.1ms
[2024-08-29T23:15:35.932+0800] GC(506)   Merge Heap Roots: 0.1ms
[2024-08-29T23:15:35.932+0800] GC(506)   Evacuate Collection Set: 0.3ms
[2024-08-29T23:15:35.932+0800] GC(506)   Post Evacuate Collection Set: 0.3ms
[2024-08-29T23:15:35.932+0800] GC(506)   Other: 0.1ms
[2024-08-29T23:15:35.932+0800] GC(506) Eden regions: 4->0(927)
[2024-08-29T23:15:35.932+0800] GC(506) Survivor regions: 0->0(118)
[2024-08-29T23:15:35.932+0800] GC(506) Old regions: 1->1
[2024-08-29T23:15:35.932+0800] GC(506) Archive regions: 2->2
[2024-08-29T23:15:35.932+0800] GC(506) Humongous regions: 928->912
[2024-08-29T23:15:35.932+0800] GC(506) Metaspace: 1625K(1792K)->1625K(1792K) NonClass: 1506K(1600K)->1506K(1600K) Class: 119K(192K)->119K(192K)
[2024-08-29T23:15:35.932+0800] GC(506) Pause Young (Concurrent Start) (G1 Humongous Allocation) 933M->913M(2048M) 1.046ms
[2024-08-29T23:15:35.932+0800] GC(506) User=0.00s Sys=0.00s Real=0.00s
[2024-08-29T23:15:35.932+0800] GC(507) Concurrent Undo Cycle
[2024-08-29T23:15:35.932+0800] GC(507) Concurrent Cleanup for Next Mark
[2024-08-29T23:15:35.937+0800] GC(507) Concurrent Cleanup for Next Mark 5.144ms
[2024-08-29T23:15:35.937+0800] GC(507) Concurrent Undo Cycle 5.277ms
[2024-08-29T23:15:35.938+0800] GC(508) Pause Young (Concurrent Start) (G1 Humongous Allocation)
[2024-08-29T23:15:35.938+0800] GC(508) Using 8 workers of 8 for evacuation
[2024-08-29T23:15:35.939+0800] GC(508)   Pre Evacuate Collection Set: 0.2ms
[2024-08-29T23:15:35.939+0800] GC(508)   Merge Heap Roots: 0.1ms
[2024-08-29T23:15:35.939+0800] GC(508)   Evacuate Collection Set: 0.6ms
[2024-08-29T23:15:35.939+0800] GC(508)   Post Evacuate Collection Set: 0.3ms
[2024-08-29T23:15:35.939+0800] GC(508)   Other: 0.2ms
[2024-08-29T23:15:35.939+0800] GC(508) Eden regions: 3->0(932)
[2024-08-29T23:15:35.939+0800] GC(508) Survivor regions: 0->0(116)
[2024-08-29T23:15:35.939+0800] GC(508) Old regions: 1->1
[2024-08-29T23:15:35.939+0800] GC(508) Archive regions: 2->2
[2024-08-29T23:15:35.939+0800] GC(508) Humongous regions: 928->907
[2024-08-29T23:15:35.939+0800] GC(508) Metaspace: 1625K(1792K)->1625K(1792K) NonClass: 1506K(1600K)->1506K(1600K) Class: 119K(192K)->119K(192K)
[2024-08-29T23:15:35.939+0800] GC(508) Pause Young (Concurrent Start) (G1 Humongous Allocation) 932M->908M(2048M) 1.400ms
[2024-08-29T23:15:35.939+0800] GC(508) User=0.00s Sys=0.01s Real=0.00s
[2024-08-29T23:15:35.939+0800] GC(509) Concurrent Undo Cycle
[2024-08-29T23:15:35.940+0800] GC(509) Concurrent Cleanup for Next Mark
[2024-08-29T23:15:35.945+0800] GC(509) Concurrent Cleanup for Next Mark 5.230ms
[2024-08-29T23:15:35.945+0800] GC(509) Concurrent Undo Cycle 5.312ms
[2024-08-29T23:15:35.946+0800] GC(510) Pause Young (Concurrent Start) (G1 Humongous Allocation)
[2024-08-29T23:15:35.946+0800] GC(510) Using 8 workers of 8 for evacuation
[2024-08-29T23:15:35.947+0800] GC(510)   Pre Evacuate Collection Set: 0.2ms
[2024-08-29T23:15:35.947+0800] GC(510)   Merge Heap Roots: 0.1ms
[2024-08-29T23:15:35.947+0800] GC(510)   Evacuate Collection Set: 0.4ms
[2024-08-29T23:15:35.947+0800] GC(510)   Post Evacuate Collection Set: 0.3ms
[2024-08-29T23:15:35.947+0800] GC(510)   Other: 0.2ms
[2024-08-29T23:15:35.947+0800] GC(510) Eden regions: 3->0(939)
[2024-08-29T23:15:35.947+0800] GC(510) Survivor regions: 0->0(117)
[2024-08-29T23:15:35.947+0800] GC(510) Old regions: 1->1
[2024-08-29T23:15:35.947+0800] GC(510) Archive regions: 2->2
[2024-08-29T23:15:35.947+0800] GC(510) Humongous regions: 918->900
[2024-08-29T23:15:35.947+0800] GC(510) Metaspace: 1625K(1792K)->1625K(1792K) NonClass: 1506K(1600K)->1506K(1600K) Class: 119K(192K)->119K(192K)
[2024-08-29T23:15:35.947+0800] GC(510) Pause Young (Concurrent Start) (G1 Humongous Allocation) 922M->901M(2048M) 1.228ms
[2024-08-29T23:15:35.947+0800] GC(510) User=0.01s Sys=0.00s Real=0.00s
[2024-08-29T23:15:35.947+0800] GC(511) Concurrent Undo Cycle
[2024-08-29T23:15:35.947+0800] GC(511) Concurrent Cleanup for Next Mark
[2024-08-29T23:15:35.954+0800] GC(511) Concurrent Cleanup for Next Mark 6.968ms
[2024-08-29T23:15:35.954+0800] GC(511) Concurrent Undo Cycle 7.167ms
[2024-08-29T23:15:35.960+0800] GC(512) Pause Young (Concurrent Start) (G1 Humongous Allocation)
[2024-08-29T23:15:35.960+0800] GC(512) Using 8 workers of 8 for evacuation
[2024-08-29T23:15:35.962+0800] GC(512)   Pre Evacuate Collection Set: 0.2ms
[2024-08-29T23:15:35.962+0800] GC(512)   Merge Heap Roots: 0.1ms
[2024-08-29T23:15:35.962+0800] GC(512)   Evacuate Collection Set: 0.7ms
[2024-08-29T23:15:35.962+0800] GC(512)   Post Evacuate Collection Set: 0.4ms
[2024-08-29T23:15:35.962+0800] GC(512)   Other: 0.2ms
[2024-08-29T23:15:35.962+0800] GC(512) Eden regions: 3->0(953)
[2024-08-29T23:15:35.962+0800] GC(512) Survivor regions: 0->0(118)
[2024-08-29T23:15:35.962+0800] GC(512) Old regions: 1->1
[2024-08-29T23:15:35.962+0800] GC(512) Archive regions: 2->2
[2024-08-29T23:15:35.962+0800] GC(512) Humongous regions: 925->886
[2024-08-29T23:15:35.962+0800] GC(512) Metaspace: 1625K(1792K)->1625K(1792K) NonClass: 1506K(1600K)->1506K(1600K) Class: 119K(192K)->119K(192K)
[2024-08-29T23:15:35.962+0800] GC(512) Pause Young (Concurrent Start) (G1 Humongous Allocation) 929M->887M(2048M) 1.679ms
[2024-08-29T23:15:35.962+0800] GC(512) User=0.00s Sys=0.01s Real=0.00s
[2024-08-29T23:15:35.962+0800] GC(513) Concurrent Undo Cycle
[2024-08-29T23:15:35.962+0800] GC(513) Concurrent Cleanup for Next Mark
[2024-08-29T23:15:35.966+0800] GC(513) Concurrent Cleanup for Next Mark 4.011ms
[2024-08-29T23:15:35.966+0800] GC(513) Concurrent Undo Cycle 4.085ms
[2024-08-29T23:15:35.977+0800] GC(514) Pause Young (Concurrent Start) (G1 Humongous Allocation)
[2024-08-29T23:15:35.977+0800] GC(514) Using 8 workers of 8 for evacuation
[2024-08-29T23:15:35.978+0800] GC(514)   Pre Evacuate Collection Set: 0.2ms
[2024-08-29T23:15:35.978+0800] GC(514)   Merge Heap Roots: 0.1ms
[2024-08-29T23:15:35.978+0800] GC(514)   Evacuate Collection Set: 0.7ms
[2024-08-29T23:15:35.978+0800] GC(514)   Post Evacuate Collection Set: 0.3ms
[2024-08-29T23:15:35.978+0800] GC(514)   Other: 0.3ms
[2024-08-29T23:15:35.978+0800] GC(514) Eden regions: 4->0(964)
[2024-08-29T23:15:35.978+0800] GC(514) Survivor regions: 0->0(120)
[2024-08-29T23:15:35.978+0800] GC(514) Old regions: 1->1
[2024-08-29T23:15:35.978+0800] GC(514) Archive regions: 2->2
[2024-08-29T23:15:35.978+0800] GC(514) Humongous regions: 919->875
[2024-08-29T23:15:35.978+0800] GC(514) Metaspace: 1625K(1792K)->1625K(1792K) NonClass: 1506K(1600K)->1506K(1600K) Class: 119K(192K)->119K(192K)
[2024-08-29T23:15:35.978+0800] GC(514) Pause Young (Concurrent Start) (G1 Humongous Allocation) 923M->876M(2048M) 1.737ms
[2024-08-29T23:15:35.978+0800] GC(514) User=0.00s Sys=0.00s Real=0.00s
[2024-08-29T23:15:35.978+0800] GC(515) Concurrent Undo Cycle
[2024-08-29T23:15:35.978+0800] GC(515) Concurrent Cleanup for Next Mark
[2024-08-29T23:15:35.982+0800] GC(515) Concurrent Cleanup for Next Mark 3.140ms
[2024-08-29T23:15:35.982+0800] GC(515) Concurrent Undo Cycle 3.237ms
[2024-08-29T23:15:36.002+0800] GC(516) Pause Young (Concurrent Start) (G1 Humongous Allocation)
[2024-08-29T23:15:36.002+0800] GC(516) Using 8 workers of 8 for evacuation
[2024-08-29T23:15:36.003+0800] GC(516)   Pre Evacuate Collection Set: 0.2ms
[2024-08-29T23:15:36.003+0800] GC(516)   Merge Heap Roots: 0.1ms
[2024-08-29T23:15:36.003+0800] GC(516)   Evacuate Collection Set: 0.4ms
[2024-08-29T23:15:36.003+0800] GC(516)   Post Evacuate Collection Set: 0.4ms
[2024-08-29T23:15:36.003+0800] GC(516)   Other: 0.2ms
[2024-08-29T23:15:36.003+0800] GC(516) Eden regions: 4->0(979)
[2024-08-29T23:15:36.003+0800] GC(516) Survivor regions: 0->0(121)
[2024-08-29T23:15:36.003+0800] GC(516) Old regions: 1->1
[2024-08-29T23:15:36.003+0800] GC(516) Archive regions: 2->2
[2024-08-29T23:15:36.003+0800] GC(516) Humongous regions: 919->860
[2024-08-29T23:15:36.003+0800] GC(516) Metaspace: 1625K(1792K)->1625K(1792K) NonClass: 1506K(1600K)->1506K(1600K) Class: 119K(192K)->119K(192K)
[2024-08-29T23:15:36.003+0800] GC(516) Pause Young (Concurrent Start) (G1 Humongous Allocation) 924M->861M(2048M) 1.391ms
[2024-08-29T23:15:36.003+0800] GC(516) User=0.01s Sys=0.00s Real=0.01s
[2024-08-29T23:15:36.003+0800] GC(517) Concurrent Undo Cycle
[2024-08-29T23:15:36.003+0800] GC(517) Concurrent Cleanup for Next Mark
[2024-08-29T23:15:36.011+0800] GC(517) Concurrent Cleanup for Next Mark 7.697ms
[2024-08-29T23:15:36.011+0800] GC(517) Concurrent Undo Cycle 7.899ms
[2024-08-29T23:15:36.028+0800] GC(518) Pause Young (Concurrent Start) (G1 Humongous Allocation)
[2024-08-29T23:15:36.028+0800] GC(518) Using 8 workers of 8 for evacuation
[2024-08-29T23:15:36.029+0800] GC(518)   Pre Evacuate Collection Set: 0.4ms
[2024-08-29T23:15:36.029+0800] GC(518)   Merge Heap Roots: 0.1ms
[2024-08-29T23:15:36.029+0800] GC(518)   Evacuate Collection Set: 0.3ms
[2024-08-29T23:15:36.029+0800] GC(518)   Post Evacuate Collection Set: 0.3ms
[2024-08-29T23:15:36.030+0800] GC(518)   Other: 0.2ms
[2024-08-29T23:15:36.030+0800] GC(518) Eden regions: 4->0(972)
[2024-08-29T23:15:36.030+0800] GC(518) Survivor regions: 0->0(123)
[2024-08-29T23:15:36.030+0800] GC(518) Old regions: 1->1
[2024-08-29T23:15:36.030+0800] GC(518) Archive regions: 2->2
[2024-08-29T23:15:36.030+0800] GC(518) Humongous regions: 917->867
[2024-08-29T23:15:36.030+0800] GC(518) Metaspace: 1625K(1792K)->1625K(1792K) NonClass: 1506K(1600K)->1506K(1600K) Class: 119K(192K)->119K(192K)
[2024-08-29T23:15:36.030+0800] GC(518) Pause Young (Concurrent Start) (G1 Humongous Allocation) 922M->868M(2048M) 1.434ms
[2024-08-29T23:15:36.030+0800] GC(518) User=0.00s Sys=0.00s Real=0.00s
[2024-08-29T23:15:36.030+0800] GC(519) Concurrent Undo Cycle
[2024-08-29T23:15:36.030+0800] GC(519) Concurrent Cleanup for Next Mark
[2024-08-29T23:15:36.034+0800] GC(519) Concurrent Cleanup for Next Mark 4.208ms
[2024-08-29T23:15:36.034+0800] GC(519) Concurrent Undo Cycle 4.271ms
[2024-08-29T23:15:36.055+0800] GC(520) Pause Young (Concurrent Start) (G1 Humongous Allocation)
[2024-08-29T23:15:36.055+0800] GC(520) Using 8 workers of 8 for evacuation
[2024-08-29T23:15:36.057+0800] GC(520)   Pre Evacuate Collection Set: 0.4ms
[2024-08-29T23:15:36.057+0800] GC(520)   Merge Heap Roots: 0.2ms
[2024-08-29T23:15:36.057+0800] GC(520)   Evacuate Collection Set: 0.5ms
[2024-08-29T23:15:36.057+0800] GC(520)   Post Evacuate Collection Set: 0.4ms
[2024-08-29T23:15:36.057+0800] GC(520)   Other: 0.3ms
[2024-08-29T23:15:36.057+0800] GC(520) Eden regions: 4->0(1010)
[2024-08-29T23:15:36.057+0800] GC(520) Survivor regions: 0->0(122)
[2024-08-29T23:15:36.057+0800] GC(520) Old regions: 1->1
[2024-08-29T23:15:36.057+0800] GC(520) Archive regions: 2->2
[2024-08-29T23:15:36.057+0800] GC(520) Humongous regions: 915->829
[2024-08-29T23:15:36.057+0800] GC(520) Metaspace: 1625K(1792K)->1625K(1792K) NonClass: 1506K(1600K)->1506K(1600K) Class: 119K(192K)->119K(192K)
[2024-08-29T23:15:36.057+0800] GC(520) Pause Young (Concurrent Start) (G1 Humongous Allocation) 920M->830M(2048M) 1.948ms
[2024-08-29T23:15:36.057+0800] GC(520) User=0.00s Sys=0.00s Real=0.00s
[2024-08-29T23:15:36.057+0800] GC(521) Concurrent Undo Cycle
[2024-08-29T23:15:36.057+0800] GC(521) Concurrent Cleanup for Next Mark
[2024-08-29T23:15:36.062+0800] GC(521) Concurrent Cleanup for Next Mark 4.403ms
[2024-08-29T23:15:36.062+0800] GC(521) Concurrent Undo Cycle 4.466ms
[2024-08-29T23:15:36.100+0800] GC(522) Pause Young (Concurrent Start) (G1 Humongous Allocation)
[2024-08-29T23:15:36.100+0800] GC(522) Using 8 workers of 8 for evacuation
[2024-08-29T23:15:36.101+0800] GC(522)   Pre Evacuate Collection Set: 0.2ms
[2024-08-29T23:15:36.101+0800] GC(522)   Merge Heap Roots: 0.1ms
[2024-08-29T23:15:36.101+0800] GC(522)   Evacuate Collection Set: 0.3ms
[2024-08-29T23:15:36.101+0800] GC(522)   Post Evacuate Collection Set: 0.3ms
[2024-08-29T23:15:36.101+0800] GC(522)   Other: 0.2ms
[2024-08-29T23:15:36.101+0800] GC(522) Eden regions: 4->0(1031)
[2024-08-29T23:15:36.101+0800] GC(522) Survivor regions: 0->0(127)
[2024-08-29T23:15:36.101+0800] GC(522) Old regions: 1->1
[2024-08-29T23:15:36.101+0800] GC(522) Archive regions: 2->2
[2024-08-29T23:15:36.101+0800] GC(522) Humongous regions: 919->808
[2024-08-29T23:15:36.101+0800] GC(522) Metaspace: 1625K(1792K)->1625K(1792K) NonClass: 1506K(1600K)->1506K(1600K) Class: 119K(192K)->119K(192K)
[2024-08-29T23:15:36.101+0800] GC(522) Pause Young (Concurrent Start) (G1 Humongous Allocation) 924M->809M(2048M) 1.169ms
[2024-08-29T23:15:36.101+0800] GC(522) User=0.00s Sys=0.00s Real=0.00s
[2024-08-29T23:15:36.101+0800] GC(523) Concurrent Undo Cycle
[2024-08-29T23:15:36.101+0800] GC(523) Concurrent Cleanup for Next Mark
[2024-08-29T23:15:36.107+0800] GC(523) Concurrent Cleanup for Next Mark 6.030ms
[2024-08-29T23:15:36.108+0800] GC(523) Concurrent Undo Cycle 6.280ms
[2024-08-29T23:15:36.140+0800] GC(524) Pause Young (Concurrent Start) (G1 Humongous Allocation)
[2024-08-29T23:15:36.140+0800] GC(524) Using 8 workers of 8 for evacuation
[2024-08-29T23:15:36.142+0800] GC(524)   Pre Evacuate Collection Set: 0.6ms
[2024-08-29T23:15:36.142+0800] GC(524)   Merge Heap Roots: 0.1ms
[2024-08-29T23:15:36.142+0800] GC(524)   Evacuate Collection Set: 0.4ms
[2024-08-29T23:15:36.142+0800] GC(524)   Post Evacuate Collection Set: 0.3ms
[2024-08-29T23:15:36.142+0800] GC(524)   Other: 0.3ms
[2024-08-29T23:15:36.142+0800] GC(524) Eden regions: 4->0(1012)
[2024-08-29T23:15:36.142+0800] GC(524) Survivor regions: 0->0(129)
[2024-08-29T23:15:36.142+0800] GC(524) Old regions: 1->1
[2024-08-29T23:15:36.142+0800] GC(524) Archive regions: 2->2
[2024-08-29T23:15:36.142+0800] GC(524) Humongous regions: 918->827
[2024-08-29T23:15:36.142+0800] GC(524) Metaspace: 1625K(1792K)->1625K(1792K) NonClass: 1506K(1600K)->1506K(1600K) Class: 119K(192K)->119K(192K)
[2024-08-29T23:15:36.142+0800] GC(524) Pause Young (Concurrent Start) (G1 Humongous Allocation) 923M->828M(2048M) 1.884ms
[2024-08-29T23:15:36.142+0800] GC(524) User=0.00s Sys=0.00s Real=0.00s
[2024-08-29T23:15:36.142+0800] GC(525) Concurrent Undo Cycle
[2024-08-29T23:15:36.142+0800] GC(525) Concurrent Cleanup for Next Mark
[2024-08-29T23:15:36.147+0800] GC(525) Concurrent Cleanup for Next Mark 4.600ms
[2024-08-29T23:15:36.147+0800] GC(525) Concurrent Undo Cycle 4.789ms
[2024-08-29T23:15:36.177+0800] GC(526) Pause Young (Concurrent Start) (G1 Humongous Allocation)
[2024-08-29T23:15:36.178+0800] GC(526) Using 8 workers of 8 for evacuation
[2024-08-29T23:15:36.179+0800] GC(526)   Pre Evacuate Collection Set: 0.4ms
[2024-08-29T23:15:36.179+0800] GC(526)   Merge Heap Roots: 0.1ms
[2024-08-29T23:15:36.179+0800] GC(526)   Evacuate Collection Set: 0.3ms
[2024-08-29T23:15:36.179+0800] GC(526)   Post Evacuate Collection Set: 0.3ms
[2024-08-29T23:15:36.179+0800] GC(526)   Other: 0.4ms
[2024-08-29T23:15:36.179+0800] GC(526) Eden regions: 4->0(1028)
[2024-08-29T23:15:36.179+0800] GC(526) Survivor regions: 0->0(127)
[2024-08-29T23:15:36.179+0800] GC(526) Old regions: 1->1
[2024-08-29T23:15:36.179+0800] GC(526) Archive regions: 2->2
[2024-08-29T23:15:36.179+0800] GC(526) Humongous regions: 915->811
[2024-08-29T23:15:36.179+0800] GC(526) Metaspace: 1625K(1792K)->1625K(1792K) NonClass: 1506K(1600K)->1506K(1600K) Class: 119K(192K)->119K(192K)
[2024-08-29T23:15:36.179+0800] GC(526) Pause Young (Concurrent Start) (G1 Humongous Allocation) 920M->812M(2048M) 1.570ms
[2024-08-29T23:15:36.179+0800] GC(526) User=0.00s Sys=0.00s Real=0.00s
[2024-08-29T23:15:36.179+0800] GC(527) Concurrent Undo Cycle
[2024-08-29T23:15:36.179+0800] GC(527) Concurrent Cleanup for Next Mark
[2024-08-29T23:15:36.186+0800] GC(527) Concurrent Cleanup for Next Mark 6.886ms
[2024-08-29T23:15:36.186+0800] GC(527) Concurrent Undo Cycle 7.072ms
[2024-08-29T23:15:36.215+0800] GC(528) Pause Young (Concurrent Start) (G1 Humongous Allocation)
[2024-08-29T23:15:36.215+0800] GC(528) Using 8 workers of 8 for evacuation
[2024-08-29T23:15:36.216+0800] GC(528)   Pre Evacuate Collection Set: 0.3ms
[2024-08-29T23:15:36.216+0800] GC(528)   Merge Heap Roots: 0.1ms
[2024-08-29T23:15:36.216+0800] GC(528)   Evacuate Collection Set: 0.3ms
[2024-08-29T23:15:36.216+0800] GC(528)   Post Evacuate Collection Set: 0.3ms
[2024-08-29T23:15:36.216+0800] GC(528)   Other: 0.2ms
[2024-08-29T23:15:36.216+0800] GC(528) Eden regions: 4->0(1000)
[2024-08-29T23:15:36.216+0800] GC(528) Survivor regions: 0->0(129)
[2024-08-29T23:15:36.216+0800] GC(528) Old regions: 1->1
[2024-08-29T23:15:36.216+0800] GC(528) Archive regions: 2->2
[2024-08-29T23:15:36.216+0800] GC(528) Humongous regions: 916->839
[2024-08-29T23:15:36.216+0800] GC(528) Metaspace: 1625K(1792K)->1625K(1792K) NonClass: 1506K(1600K)->1506K(1600K) Class: 119K(192K)->119K(192K)
[2024-08-29T23:15:36.216+0800] GC(528) Pause Young (Concurrent Start) (G1 Humongous Allocation) 921M->840M(2048M) 1.334ms
[2024-08-29T23:15:36.216+0800] GC(528) User=0.00s Sys=0.00s Real=0.00s
[2024-08-29T23:15:36.216+0800] GC(529) Concurrent Undo Cycle
[2024-08-29T23:15:36.216+0800] GC(529) Concurrent Cleanup for Next Mark
[2024-08-29T23:15:36.222+0800] GC(529) Concurrent Cleanup for Next Mark 5.920ms
[2024-08-29T23:15:36.222+0800] GC(529) Concurrent Undo Cycle 6.208ms
[2024-08-29T23:15:36.247+0800] GC(530) Pause Young (Concurrent Start) (G1 Humongous Allocation)
[2024-08-29T23:15:36.247+0800] GC(530) Using 8 workers of 8 for evacuation
[2024-08-29T23:15:36.249+0800] GC(530)   Pre Evacuate Collection Set: 0.2ms
[2024-08-29T23:15:36.249+0800] GC(530)   Merge Heap Roots: 0.1ms
[2024-08-29T23:15:36.249+0800] GC(530)   Evacuate Collection Set: 0.3ms
[2024-08-29T23:15:36.249+0800] GC(530)   Post Evacuate Collection Set: 0.4ms
[2024-08-29T23:15:36.249+0800] GC(530)   Other: 0.2ms
[2024-08-29T23:15:36.249+0800] GC(530) Eden regions: 4->0(979)
[2024-08-29T23:15:36.249+0800] GC(530) Survivor regions: 0->1(125)
[2024-08-29T23:15:36.249+0800] GC(530) Old regions: 1->1
[2024-08-29T23:15:36.249+0800] GC(530) Archive regions: 2->2
[2024-08-29T23:15:36.249+0800] GC(530) Humongous regions: 922->859
[2024-08-29T23:15:36.249+0800] GC(530) Metaspace: 1625K(1792K)->1625K(1792K) NonClass: 1506K(1600K)->1506K(1600K) Class: 119K(192K)->119K(192K)
[2024-08-29T23:15:36.249+0800] GC(530) Pause Young (Concurrent Start) (G1 Humongous Allocation) 927M->860M(2048M) 1.195ms
[2024-08-29T23:15:36.249+0800] GC(530) User=0.01s Sys=0.00s Real=0.00s
[2024-08-29T23:15:36.249+0800] GC(531) Concurrent Undo Cycle
[2024-08-29T23:15:36.249+0800] GC(531) Concurrent Cleanup for Next Mark
[2024-08-29T23:15:36.255+0800] GC(531) Concurrent Cleanup for Next Mark 6.133ms
[2024-08-29T23:15:36.255+0800] GC(531) Concurrent Undo Cycle 6.296ms
[2024-08-29T23:15:36.283+0800] GC(532) Pause Young (Concurrent Start) (G1 Humongous Allocation)
[2024-08-29T23:15:36.284+0800] GC(532) Using 8 workers of 8 for evacuation
[2024-08-29T23:15:36.285+0800] GC(532)   Pre Evacuate Collection Set: 0.4ms
[2024-08-29T23:15:36.285+0800] GC(532)   Merge Heap Roots: 0.1ms
[2024-08-29T23:15:36.285+0800] GC(532)   Evacuate Collection Set: 0.4ms
[2024-08-29T23:15:36.285+0800] GC(532)   Post Evacuate Collection Set: 0.4ms
[2024-08-29T23:15:36.285+0800] GC(532)   Other: 0.3ms
[2024-08-29T23:15:36.285+0800] GC(532) Eden regions: 4->0(1001)
[2024-08-29T23:15:36.285+0800] GC(532) Survivor regions: 1->0(123)
[2024-08-29T23:15:36.285+0800] GC(532) Old regions: 1->1
[2024-08-29T23:15:36.285+0800] GC(532) Archive regions: 2->2
[2024-08-29T23:15:36.285+0800] GC(532) Humongous regions: 915->838
[2024-08-29T23:15:36.285+0800] GC(532) Metaspace: 1625K(1792K)->1625K(1792K) NonClass: 1506K(1600K)->1506K(1600K) Class: 119K(192K)->119K(192K)
[2024-08-29T23:15:36.285+0800] GC(532) Pause Young (Concurrent Start) (G1 Humongous Allocation) 920M->839M(2048M) 1.594ms
[2024-08-29T23:15:36.285+0800] GC(532) User=0.00s Sys=0.00s Real=0.00s
[2024-08-29T23:15:36.285+0800] GC(533) Concurrent Undo Cycle
[2024-08-29T23:15:36.285+0800] GC(533) Concurrent Cleanup for Next Mark
[2024-08-29T23:15:36.292+0800] GC(533) Concurrent Cleanup for Next Mark 6.344ms
[2024-08-29T23:15:36.292+0800] GC(533) Concurrent Undo Cycle 6.528ms
[2024-08-29T23:15:36.323+0800] GC(534) Pause Young (Concurrent Start) (G1 Humongous Allocation)
[2024-08-29T23:15:36.323+0800] GC(534) Using 8 workers of 8 for evacuation
[2024-08-29T23:15:36.324+0800] GC(534)   Pre Evacuate Collection Set: 0.2ms
[2024-08-29T23:15:36.324+0800] GC(534)   Merge Heap Roots: 0.1ms
[2024-08-29T23:15:36.324+0800] GC(534)   Evacuate Collection Set: 0.4ms
[2024-08-29T23:15:36.324+0800] GC(534)   Post Evacuate Collection Set: 0.4ms
[2024-08-29T23:15:36.324+0800] GC(534)   Other: 0.2ms
[2024-08-29T23:15:36.324+0800] GC(534) Eden regions: 4->0(1018)
[2024-08-29T23:15:36.324+0800] GC(534) Survivor regions: 0->0(126)
[2024-08-29T23:15:36.324+0800] GC(534) Old regions: 1->1
[2024-08-29T23:15:36.324+0800] GC(534) Archive regions: 2->2
[2024-08-29T23:15:36.324+0800] GC(534) Humongous regions: 919->821
[2024-08-29T23:15:36.324+0800] GC(534) Metaspace: 1625K(1792K)->1625K(1792K) NonClass: 1506K(1600K)->1506K(1600K) Class: 119K(192K)->119K(192K)
[2024-08-29T23:15:36.324+0800] GC(534) Pause Young (Concurrent Start) (G1 Humongous Allocation) 924M->822M(2048M) 1.424ms
[2024-08-29T23:15:36.324+0800] GC(534) User=0.00s Sys=0.00s Real=0.00s
[2024-08-29T23:15:36.324+0800] GC(535) Concurrent Undo Cycle
[2024-08-29T23:15:36.324+0800] GC(535) Concurrent Cleanup for Next Mark
[2024-08-29T23:15:36.330+0800] GC(535) Concurrent Cleanup for Next Mark 5.467ms
[2024-08-29T23:15:36.330+0800] GC(535) Concurrent Undo Cycle 5.558ms
[2024-08-29T23:15:36.367+0800] GC(536) Pause Young (Concurrent Start) (G1 Humongous Allocation)
[2024-08-29T23:15:36.368+0800] GC(536) Using 8 workers of 8 for evacuation
[2024-08-29T23:15:36.370+0800] GC(536)   Pre Evacuate Collection Set: 0.5ms
[2024-08-29T23:15:36.370+0800] GC(536)   Merge Heap Roots: 0.2ms
[2024-08-29T23:15:36.370+0800] GC(536)   Evacuate Collection Set: 0.9ms
[2024-08-29T23:15:36.370+0800] GC(536)   Post Evacuate Collection Set: 0.4ms
[2024-08-29T23:15:36.370+0800] GC(536)   Other: 0.2ms
[2024-08-29T23:15:36.370+0800] GC(536) Eden regions: 4->0(1011)
[2024-08-29T23:15:36.370+0800] GC(536) Survivor regions: 0->0(128)
[2024-08-29T23:15:36.370+0800] GC(536) Old regions: 1->1
[2024-08-29T23:15:36.370+0800] GC(536) Archive regions: 2->2
[2024-08-29T23:15:36.370+0800] GC(536) Humongous regions: 919->828
[2024-08-29T23:15:36.370+0800] GC(536) Metaspace: 1625K(1792K)->1625K(1792K) NonClass: 1506K(1600K)->1506K(1600K) Class: 119K(192K)->119K(192K)
[2024-08-29T23:15:36.370+0800] GC(536) Pause Young (Concurrent Start) (G1 Humongous Allocation) 924M->829M(2048M) 2.166ms
[2024-08-29T23:15:36.370+0800] GC(536) User=0.00s Sys=0.00s Real=0.00s
[2024-08-29T23:15:36.370+0800] GC(537) Concurrent Undo Cycle
[2024-08-29T23:15:36.370+0800] GC(537) Concurrent Cleanup for Next Mark
[2024-08-29T23:15:36.377+0800] GC(537) Concurrent Cleanup for Next Mark 7.201ms
[2024-08-29T23:15:36.377+0800] GC(537) Concurrent Undo Cycle 7.297ms
[2024-08-29T23:15:36.402+0800] GC(538) Pause Young (Concurrent Start) (G1 Humongous Allocation)
[2024-08-29T23:15:36.402+0800] GC(538) Using 8 workers of 8 for evacuation
[2024-08-29T23:15:36.403+0800] GC(538)   Pre Evacuate Collection Set: 0.2ms
[2024-08-29T23:15:36.403+0800] GC(538)   Merge Heap Roots: 0.1ms
[2024-08-29T23:15:36.403+0800] GC(538)   Evacuate Collection Set: 0.4ms
[2024-08-29T23:15:36.403+0800] GC(538)   Post Evacuate Collection Set: 0.3ms
[2024-08-29T23:15:36.403+0800] GC(538)   Other: 0.2ms
[2024-08-29T23:15:36.403+0800] GC(538) Eden regions: 4->0(966)
[2024-08-29T23:15:36.403+0800] GC(538) Survivor regions: 0->0(127)
[2024-08-29T23:15:36.403+0800] GC(538) Old regions: 1->1
[2024-08-29T23:15:36.403+0800] GC(538) Archive regions: 2->2
[2024-08-29T23:15:36.403+0800] GC(538) Humongous regions: 919->873
[2024-08-29T23:15:36.403+0800] GC(538) Metaspace: 1625K(1792K)->1625K(1792K) NonClass: 1506K(1600K)->1506K(1600K) Class: 119K(192K)->119K(192K)
[2024-08-29T23:15:36.403+0800] GC(538) Pause Young (Concurrent Start) (G1 Humongous Allocation) 924M->874M(2048M) 1.302ms
[2024-08-29T23:15:36.403+0800] GC(538) User=0.00s Sys=0.00s Real=0.01s
[2024-08-29T23:15:36.403+0800] GC(539) Concurrent Undo Cycle
[2024-08-29T23:15:36.403+0800] GC(539) Concurrent Cleanup for Next Mark
[2024-08-29T23:15:36.408+0800] GC(539) Concurrent Cleanup for Next Mark 4.396ms
[2024-08-29T23:15:36.408+0800] GC(539) Concurrent Undo Cycle 4.497ms
[2024-08-29T23:15:36.419+0800] GC(540) Pause Young (Concurrent Start) (G1 Humongous Allocation)
[2024-08-29T23:15:36.420+0800] GC(540) Using 8 workers of 8 for evacuation
[2024-08-29T23:15:36.421+0800] GC(540)   Pre Evacuate Collection Set: 0.2ms
[2024-08-29T23:15:36.421+0800] GC(540)   Merge Heap Roots: 0.1ms
[2024-08-29T23:15:36.421+0800] GC(540)   Evacuate Collection Set: 0.3ms
[2024-08-29T23:15:36.421+0800] GC(540)   Post Evacuate Collection Set: 0.3ms
[2024-08-29T23:15:36.421+0800] GC(540)   Other: 0.2ms
[2024-08-29T23:15:36.421+0800] GC(540) Eden regions: 4->0(957)
[2024-08-29T23:15:36.421+0800] GC(540) Survivor regions: 0->0(121)
[2024-08-29T23:15:36.421+0800] GC(540) Old regions: 1->1
[2024-08-29T23:15:36.421+0800] GC(540) Archive regions: 2->2
[2024-08-29T23:15:36.421+0800] GC(540) Humongous regions: 922->882
[2024-08-29T23:15:36.421+0800] GC(540) Metaspace: 1625K(1792K)->1625K(1792K) NonClass: 1506K(1600K)->1506K(1600K) Class: 119K(192K)->119K(192K)
[2024-08-29T23:15:36.421+0800] GC(540) Pause Young (Concurrent Start) (G1 Humongous Allocation) 927M->883M(2048M) 1.142ms
[2024-08-29T23:15:36.421+0800] GC(540) User=0.00s Sys=0.00s Real=0.00s
[2024-08-29T23:15:36.421+0800] GC(541) Concurrent Undo Cycle
[2024-08-29T23:15:36.421+0800] GC(541) Concurrent Cleanup for Next Mark
[2024-08-29T23:15:36.424+0800] GC(541) Concurrent Cleanup for Next Mark 3.608ms
[2024-08-29T23:15:36.424+0800] GC(541) Concurrent Undo Cycle 3.679ms
[2024-08-29T23:15:36.433+0800] GC(542) Pause Young (Concurrent Start) (G1 Humongous Allocation)
[2024-08-29T23:15:36.433+0800] GC(542) Using 8 workers of 8 for evacuation
[2024-08-29T23:15:36.435+0800] GC(542)   Pre Evacuate Collection Set: 0.2ms
[2024-08-29T23:15:36.435+0800] GC(542)   Merge Heap Roots: 0.1ms
[2024-08-29T23:15:36.435+0800] GC(542)   Evacuate Collection Set: 0.6ms
[2024-08-29T23:15:36.435+0800] GC(542)   Post Evacuate Collection Set: 0.3ms
[2024-08-29T23:15:36.435+0800] GC(542)   Other: 0.1ms
[2024-08-29T23:15:36.435+0800] GC(542) Eden regions: 4->0(959)
[2024-08-29T23:15:36.435+0800] GC(542) Survivor regions: 0->0(120)
[2024-08-29T23:15:36.435+0800] GC(542) Old regions: 1->1
[2024-08-29T23:15:36.435+0800] GC(542) Archive regions: 2->2
[2024-08-29T23:15:36.435+0800] GC(542) Humongous regions: 916->880
[2024-08-29T23:15:36.435+0800] GC(542) Metaspace: 1625K(1792K)->1625K(1792K) NonClass: 1506K(1600K)->1506K(1600K) Class: 119K(192K)->119K(192K)
[2024-08-29T23:15:36.435+0800] GC(542) Pause Young (Concurrent Start) (G1 Humongous Allocation) 921M->881M(2048M) 1.274ms
[2024-08-29T23:15:36.435+0800] GC(542) User=0.00s Sys=0.00s Real=0.00s
[2024-08-29T23:15:36.435+0800] GC(543) Concurrent Undo Cycle
[2024-08-29T23:15:36.435+0800] GC(543) Concurrent Cleanup for Next Mark
[2024-08-29T23:15:36.441+0800] GC(543) Concurrent Cleanup for Next Mark 5.755ms
[2024-08-29T23:15:36.441+0800] GC(543) Concurrent Undo Cycle 5.848ms
[2024-08-29T23:15:36.459+0800] GC(544) Pause Young (Concurrent Start) (G1 Humongous Allocation)
[2024-08-29T23:15:36.460+0800] GC(544) Using 8 workers of 8 for evacuation
[2024-08-29T23:15:36.461+0800] GC(544)   Pre Evacuate Collection Set: 0.3ms
[2024-08-29T23:15:36.461+0800] GC(544)   Merge Heap Roots: 0.2ms
[2024-08-29T23:15:36.461+0800] GC(544)   Evacuate Collection Set: 0.4ms
[2024-08-29T23:15:36.461+0800] GC(544)   Post Evacuate Collection Set: 0.4ms
[2024-08-29T23:15:36.461+0800] GC(544)   Other: 0.3ms
[2024-08-29T23:15:36.461+0800] GC(544) Eden regions: 4->0(995)
[2024-08-29T23:15:36.461+0800] GC(544) Survivor regions: 0->0(120)
[2024-08-29T23:15:36.461+0800] GC(544) Old regions: 1->1
[2024-08-29T23:15:36.461+0800] GC(544) Archive regions: 2->2
[2024-08-29T23:15:36.461+0800] GC(544) Humongous regions: 920->844
[2024-08-29T23:15:36.461+0800] GC(544) Metaspace: 1625K(1792K)->1625K(1792K) NonClass: 1506K(1600K)->1506K(1600K) Class: 119K(192K)->119K(192K)
[2024-08-29T23:15:36.461+0800] GC(544) Pause Young (Concurrent Start) (G1 Humongous Allocation) 924M->845M(2048M) 1.530ms
[2024-08-29T23:15:36.461+0800] GC(544) User=0.01s Sys=0.00s Real=0.00s
[2024-08-29T23:15:36.461+0800] GC(545) Concurrent Undo Cycle
[2024-08-29T23:15:36.461+0800] GC(545) Concurrent Cleanup for Next Mark
[2024-08-29T23:15:36.466+0800] GC(545) Concurrent Cleanup for Next Mark 5.215ms
[2024-08-29T23:15:36.466+0800] GC(545) Concurrent Undo Cycle 5.342ms
[2024-08-29T23:15:36.496+0800] GC(546) Pause Young (Concurrent Start) (G1 Humongous Allocation)
[2024-08-29T23:15:36.496+0800] GC(546) Using 8 workers of 8 for evacuation
[2024-08-29T23:15:36.497+0800] GC(546)   Pre Evacuate Collection Set: 0.2ms
[2024-08-29T23:15:36.497+0800] GC(546)   Merge Heap Roots: 0.1ms
[2024-08-29T23:15:36.497+0800] GC(546)   Evacuate Collection Set: 0.5ms
[2024-08-29T23:15:36.497+0800] GC(546)   Post Evacuate Collection Set: 0.4ms
[2024-08-29T23:15:36.497+0800] GC(546)   Other: 0.2ms
[2024-08-29T23:15:36.497+0800] GC(546) Eden regions: 4->0(1040)
[2024-08-29T23:15:36.497+0800] GC(546) Survivor regions: 0->0(125)
[2024-08-29T23:15:36.497+0800] GC(546) Old regions: 1->1
[2024-08-29T23:15:36.497+0800] GC(546) Archive regions: 2->2
[2024-08-29T23:15:36.497+0800] GC(546) Humongous regions: 916->799
[2024-08-29T23:15:36.497+0800] GC(546) Metaspace: 1625K(1792K)->1625K(1792K) NonClass: 1506K(1600K)->1506K(1600K) Class: 119K(192K)->119K(192K)
[2024-08-29T23:15:36.497+0800] GC(546) Pause Young (Concurrent Start) (G1 Humongous Allocation) 921M->800M(2048M) 1.619ms
[2024-08-29T23:15:36.497+0800] GC(546) User=0.00s Sys=0.00s Real=0.00s
[2024-08-29T23:15:36.497+0800] GC(547) Concurrent Undo Cycle
[2024-08-29T23:15:36.497+0800] GC(547) Concurrent Cleanup for Next Mark
[2024-08-29T23:15:36.501+0800] GC(547) Concurrent Cleanup for Next Mark 4.065ms
[2024-08-29T23:15:36.501+0800] GC(547) Concurrent Undo Cycle 4.210ms
[2024-08-29T23:15:36.567+0800] GC(548) Pause Young (Concurrent Start) (G1 Humongous Allocation)
[2024-08-29T23:15:36.567+0800] GC(548) Using 8 workers of 8 for evacuation
[2024-08-29T23:15:36.568+0800] GC(548)   Pre Evacuate Collection Set: 0.5ms
[2024-08-29T23:15:36.568+0800] GC(548)   Merge Heap Roots: 0.2ms
[2024-08-29T23:15:36.568+0800] GC(548)   Evacuate Collection Set: 0.4ms
[2024-08-29T23:15:36.568+0800] GC(548)   Post Evacuate Collection Set: 0.4ms
[2024-08-29T23:15:36.568+0800] GC(548)   Other: 0.2ms
[2024-08-29T23:15:36.568+0800] GC(548) Eden regions: 4->0(1131)
[2024-08-29T23:15:36.568+0800] GC(548) Survivor regions: 0->0(130)
[2024-08-29T23:15:36.568+0800] GC(548) Old regions: 1->1
[2024-08-29T23:15:36.568+0800] GC(548) Archive regions: 2->2
[2024-08-29T23:15:36.568+0800] GC(548) Humongous regions: 918->708
[2024-08-29T23:15:36.568+0800] GC(548) Metaspace: 1625K(1792K)->1625K(1792K) NonClass: 1506K(1600K)->1506K(1600K) Class: 119K(192K)->119K(192K)
[2024-08-29T23:15:36.568+0800] GC(548) Pause Young (Concurrent Start) (G1 Humongous Allocation) 923M->709M(2048M) 1.787ms
[2024-08-29T23:15:36.568+0800] GC(548) User=0.00s Sys=0.01s Real=0.00s
[2024-08-29T23:15:36.568+0800] GC(549) Concurrent Undo Cycle
[2024-08-29T23:15:36.568+0800] GC(549) Concurrent Cleanup for Next Mark
[2024-08-29T23:15:36.574+0800] GC(549) Concurrent Cleanup for Next Mark 5.167ms
[2024-08-29T23:15:36.574+0800] GC(549) Concurrent Undo Cycle 5.249ms
[2024-08-29T23:15:36.660+0800] GC(550) Pause Young (Concurrent Start) (G1 Humongous Allocation)
[2024-08-29T23:15:36.660+0800] GC(550) Using 8 workers of 8 for evacuation
[2024-08-29T23:15:36.661+0800] GC(550)   Pre Evacuate Collection Set: 0.3ms
[2024-08-29T23:15:36.661+0800] GC(550)   Merge Heap Roots: 0.1ms
[2024-08-29T23:15:36.661+0800] GC(550)   Evacuate Collection Set: 0.4ms
[2024-08-29T23:15:36.661+0800] GC(550)   Post Evacuate Collection Set: 0.4ms
[2024-08-29T23:15:36.661+0800] GC(550)   Other: 0.2ms
[2024-08-29T23:15:36.661+0800] GC(550) Eden regions: 4->0(1173)
[2024-08-29T23:15:36.661+0800] GC(550) Survivor regions: 0->0(142)
[2024-08-29T23:15:36.661+0800] GC(550) Old regions: 1->1
[2024-08-29T23:15:36.661+0800] GC(550) Archive regions: 2->2
[2024-08-29T23:15:36.661+0800] GC(550) Humongous regions: 918->666
[2024-08-29T23:15:36.661+0800] GC(550) Metaspace: 1625K(1792K)->1625K(1792K) NonClass: 1506K(1600K)->1506K(1600K) Class: 119K(192K)->119K(192K)
[2024-08-29T23:15:36.661+0800] GC(550) Pause Young (Concurrent Start) (G1 Humongous Allocation) 923M->667M(2048M) 1.565ms
[2024-08-29T23:15:36.661+0800] GC(550) User=0.00s Sys=0.00s Real=0.00s
[2024-08-29T23:15:36.661+0800] GC(551) Concurrent Undo Cycle
[2024-08-29T23:15:36.661+0800] GC(551) Concurrent Cleanup for Next Mark
[2024-08-29T23:15:36.666+0800] GC(551) Concurrent Cleanup for Next Mark 4.445ms
[2024-08-29T23:15:36.666+0800] GC(551) Concurrent Undo Cycle 4.534ms
[2024-08-29T23:15:36.783+0800] GC(552) Pause Young (Concurrent Start) (G1 Humongous Allocation)
[2024-08-29T23:15:36.783+0800] GC(552) Using 8 workers of 8 for evacuation
[2024-08-29T23:15:36.785+0800] GC(552)   Pre Evacuate Collection Set: 0.3ms
[2024-08-29T23:15:36.785+0800] GC(552)   Merge Heap Roots: 0.2ms
[2024-08-29T23:15:36.785+0800] GC(552)   Evacuate Collection Set: 0.4ms
[2024-08-29T23:15:36.785+0800] GC(552)   Post Evacuate Collection Set: 0.5ms
[2024-08-29T23:15:36.785+0800] GC(552)   Other: 0.3ms
[2024-08-29T23:15:36.785+0800] GC(552) Eden regions: 4->0(1201)
[2024-08-29T23:15:36.785+0800] GC(552) Survivor regions: 0->0(147)
[2024-08-29T23:15:36.785+0800] GC(552) Old regions: 1->1
[2024-08-29T23:15:36.785+0800] GC(552) Archive regions: 2->2
[2024-08-29T23:15:36.785+0800] GC(552) Humongous regions: 919->638
[2024-08-29T23:15:36.785+0800] GC(552) Metaspace: 1625K(1792K)->1625K(1792K) NonClass: 1506K(1600K)->1506K(1600K) Class: 119K(192K)->119K(192K)
[2024-08-29T23:15:36.785+0800] GC(552) Pause Young (Concurrent Start) (G1 Humongous Allocation) 924M->639M(2048M) 1.672ms
[2024-08-29T23:15:36.785+0800] GC(552) User=0.00s Sys=0.00s Real=0.00s
[2024-08-29T23:15:36.785+0800] GC(553) Concurrent Undo Cycle
[2024-08-29T23:15:36.785+0800] GC(553) Concurrent Cleanup for Next Mark
[2024-08-29T23:15:36.789+0800] GC(553) Concurrent Cleanup for Next Mark 4.521ms
[2024-08-29T23:15:36.789+0800] GC(553) Concurrent Undo Cycle 4.639ms
[2024-08-29T23:15:36.905+0800] GC(554) Pause Young (Concurrent Start) (G1 Humongous Allocation)
[2024-08-29T23:15:36.905+0800] GC(554) Using 8 workers of 8 for evacuation
[2024-08-29T23:15:36.907+0800] GC(554)   Pre Evacuate Collection Set: 0.2ms
[2024-08-29T23:15:36.907+0800] GC(554)   Merge Heap Roots: 0.1ms
[2024-08-29T23:15:36.907+0800] GC(554)   Evacuate Collection Set: 0.3ms
[2024-08-29T23:15:36.907+0800] GC(554)   Post Evacuate Collection Set: 0.4ms
[2024-08-29T23:15:36.907+0800] GC(554)   Other: 0.2ms
[2024-08-29T23:15:36.907+0800] GC(554) Eden regions: 4->0(1195)
[2024-08-29T23:15:36.907+0800] GC(554) Survivor regions: 0->0(151)
[2024-08-29T23:15:36.907+0800] GC(554) Old regions: 1->1
[2024-08-29T23:15:36.907+0800] GC(554) Archive regions: 2->2
[2024-08-29T23:15:36.907+0800] GC(554) Humongous regions: 918->644
[2024-08-29T23:15:36.907+0800] GC(554) Metaspace: 1625K(1792K)->1625K(1792K) NonClass: 1506K(1600K)->1506K(1600K) Class: 119K(192K)->119K(192K)
[2024-08-29T23:15:36.907+0800] GC(554) Pause Young (Concurrent Start) (G1 Humongous Allocation) 923M->645M(2048M) 1.217ms
[2024-08-29T23:15:36.907+0800] GC(554) User=0.00s Sys=0.00s Real=0.00s
[2024-08-29T23:15:36.907+0800] GC(555) Concurrent Undo Cycle
[2024-08-29T23:15:36.907+0800] GC(555) Concurrent Cleanup for Next Mark
[2024-08-29T23:15:36.911+0800] GC(555) Concurrent Cleanup for Next Mark 4.301ms
[2024-08-29T23:15:36.911+0800] GC(555) Concurrent Undo Cycle 4.376ms
[2024-08-29T23:15:37.025+0800] GC(556) Pause Young (Concurrent Start) (G1 Humongous Allocation)
[2024-08-29T23:15:37.025+0800] GC(556) Using 8 workers of 8 for evacuation
[2024-08-29T23:15:37.026+0800] GC(556)   Pre Evacuate Collection Set: 0.2ms
[2024-08-29T23:15:37.026+0800] GC(556)   Merge Heap Roots: 0.1ms
[2024-08-29T23:15:37.026+0800] GC(556)   Evacuate Collection Set: 0.3ms
[2024-08-29T23:15:37.026+0800] GC(556)   Post Evacuate Collection Set: 0.5ms
[2024-08-29T23:15:37.026+0800] GC(556)   Other: 0.2ms
[2024-08-29T23:15:37.026+0800] GC(556) Eden regions: 4->0(1228)
[2024-08-29T23:15:37.026+0800] GC(556) Survivor regions: 0->0(150)
[2024-08-29T23:15:37.026+0800] GC(556) Old regions: 1->1
[2024-08-29T23:15:37.026+0800] GC(556) Archive regions: 2->2
[2024-08-29T23:15:37.026+0800] GC(556) Humongous regions: 917->594
[2024-08-29T23:15:37.026+0800] GC(556) Metaspace: 1625K(1792K)->1625K(1792K) NonClass: 1506K(1600K)->1506K(1600K) Class: 119K(192K)->119K(192K)
[2024-08-29T23:15:37.026+0800] GC(556) Pause Young (Concurrent Start) (G1 Humongous Allocation) 922M->595M(2048M) 1.337ms
[2024-08-29T23:15:37.026+0800] GC(556) User=0.00s Sys=0.00s Real=0.00s
[2024-08-29T23:15:37.026+0800] GC(557) Concurrent Undo Cycle
[2024-08-29T23:15:37.027+0800] GC(557) Concurrent Cleanup for Next Mark
[2024-08-29T23:15:37.032+0800] GC(557) Concurrent Cleanup for Next Mark 5.362ms
[2024-08-29T23:15:37.032+0800] GC(557) Concurrent Undo Cycle 5.461ms
[2024-08-29T23:15:37.162+0800] GC(558) Pause Young (Concurrent Start) (G1 Humongous Allocation)
[2024-08-29T23:15:37.162+0800] GC(558) Using 8 workers of 8 for evacuation
[2024-08-29T23:15:37.164+0800] GC(558)   Pre Evacuate Collection Set: 0.2ms
[2024-08-29T23:15:37.164+0800] GC(558)   Merge Heap Roots: 0.1ms
[2024-08-29T23:15:37.164+0800] GC(558)   Evacuate Collection Set: 0.4ms
[2024-08-29T23:15:37.164+0800] GC(558)   Post Evacuate Collection Set: 0.5ms
[2024-08-29T23:15:37.164+0800] GC(558)   Other: 0.2ms
[2024-08-29T23:15:37.164+0800] GC(558) Eden regions: 4->0(1218)
[2024-08-29T23:15:37.164+0800] GC(558) Survivor regions: 0->0(154)
[2024-08-29T23:15:37.164+0800] GC(558) Old regions: 1->1
[2024-08-29T23:15:37.164+0800] GC(558) Archive regions: 2->2
[2024-08-29T23:15:37.164+0800] GC(558) Humongous regions: 917->621
[2024-08-29T23:15:37.164+0800] GC(558) Metaspace: 1625K(1792K)->1625K(1792K) NonClass: 1506K(1600K)->1506K(1600K) Class: 119K(192K)->119K(192K)
[2024-08-29T23:15:37.164+0800] GC(558) Pause Young (Concurrent Start) (G1 Humongous Allocation) 922M->622M(2048M) 1.532ms
[2024-08-29T23:15:37.164+0800] GC(558) User=0.00s Sys=0.01s Real=0.01s
[2024-08-29T23:15:37.164+0800] GC(559) Concurrent Undo Cycle
[2024-08-29T23:15:37.164+0800] GC(559) Concurrent Cleanup for Next Mark
[2024-08-29T23:15:37.169+0800] GC(559) Concurrent Cleanup for Next Mark 4.779ms
[2024-08-29T23:15:37.169+0800] GC(559) Concurrent Undo Cycle 4.884ms
[2024-08-29T23:15:37.298+0800] GC(560) Pause Young (Concurrent Start) (G1 Humongous Allocation)
[2024-08-29T23:15:37.298+0800] GC(560) Using 8 workers of 8 for evacuation
[2024-08-29T23:15:37.300+0800] GC(560)   Pre Evacuate Collection Set: 0.3ms
[2024-08-29T23:15:37.300+0800] GC(560)   Merge Heap Roots: 0.2ms
[2024-08-29T23:15:37.300+0800] GC(560)   Evacuate Collection Set: 0.4ms
[2024-08-29T23:15:37.300+0800] GC(560)   Post Evacuate Collection Set: 0.4ms
[2024-08-29T23:15:37.300+0800] GC(560)   Other: 0.3ms
[2024-08-29T23:15:37.300+0800] GC(560) Eden regions: 4->0(1228)
[2024-08-29T23:15:37.300+0800] GC(560) Survivor regions: 0->0(153)
[2024-08-29T23:15:37.300+0800] GC(560) Old regions: 1->1
[2024-08-29T23:15:37.300+0800] GC(560) Archive regions: 2->2
[2024-08-29T23:15:37.300+0800] GC(560) Humongous regions: 917->609
[2024-08-29T23:15:37.300+0800] GC(560) Metaspace: 1625K(1792K)->1625K(1792K) NonClass: 1506K(1600K)->1506K(1600K) Class: 119K(192K)->119K(192K)
[2024-08-29T23:15:37.300+0800] GC(560) Pause Young (Concurrent Start) (G1 Humongous Allocation) 922M->610M(2048M) 1.620ms
[2024-08-29T23:15:37.300+0800] GC(560) User=0.00s Sys=0.00s Real=0.00s
[2024-08-29T23:15:37.300+0800] GC(561) Concurrent Undo Cycle
[2024-08-29T23:15:37.300+0800] GC(561) Concurrent Cleanup for Next Mark
[2024-08-29T23:15:37.306+0800] GC(561) Concurrent Cleanup for Next Mark 5.718ms
[2024-08-29T23:15:37.306+0800] GC(561) Concurrent Undo Cycle 5.800ms
[2024-08-29T23:15:37.408+0800] GC(562) Pause Young (Concurrent Start) (G1 Humongous Allocation)
[2024-08-29T23:15:37.408+0800] GC(562) Using 8 workers of 8 for evacuation
[2024-08-29T23:15:37.409+0800] GC(562)   Pre Evacuate Collection Set: 0.3ms
[2024-08-29T23:15:37.409+0800] GC(562)   Merge Heap Roots: 0.1ms
[2024-08-29T23:15:37.409+0800] GC(562)   Evacuate Collection Set: 0.4ms
[2024-08-29T23:15:37.409+0800] GC(562)   Post Evacuate Collection Set: 0.4ms
[2024-08-29T23:15:37.409+0800] GC(562)   Other: 0.2ms
[2024-08-29T23:15:37.409+0800] GC(562) Eden regions: 4->0(1165)
[2024-08-29T23:15:37.409+0800] GC(562) Survivor regions: 0->0(154)
[2024-08-29T23:15:37.409+0800] GC(562) Old regions: 1->1
[2024-08-29T23:15:37.409+0800] GC(562) Archive regions: 2->2
[2024-08-29T23:15:37.409+0800] GC(562) Humongous regions: 918->674
[2024-08-29T23:15:37.409+0800] GC(562) Metaspace: 1625K(1792K)->1625K(1792K) NonClass: 1506K(1600K)->1506K(1600K) Class: 119K(192K)->119K(192K)
[2024-08-29T23:15:37.409+0800] GC(562) Pause Young (Concurrent Start) (G1 Humongous Allocation) 923M->675M(2048M) 1.450ms
[2024-08-29T23:15:37.409+0800] GC(562) User=0.00s Sys=0.00s Real=0.00s
[2024-08-29T23:15:37.409+0800] GC(563) Concurrent Undo Cycle
[2024-08-29T23:15:37.409+0800] GC(563) Concurrent Cleanup for Next Mark
[2024-08-29T23:15:37.414+0800] GC(563) Concurrent Cleanup for Next Mark 5.044ms
[2024-08-29T23:15:37.414+0800] GC(563) Concurrent Undo Cycle 5.163ms
[2024-08-29T23:15:37.492+0800] GC(564) Pause Young (Concurrent Start) (G1 Humongous Allocation)
[2024-08-29T23:15:37.492+0800] GC(564) Using 8 workers of 8 for evacuation
[2024-08-29T23:15:37.493+0800] GC(564)   Pre Evacuate Collection Set: 0.4ms
[2024-08-29T23:15:37.493+0800] GC(564)   Merge Heap Roots: 0.3ms
[2024-08-29T23:15:37.493+0800] GC(564)   Evacuate Collection Set: 0.4ms
[2024-08-29T23:15:37.493+0800] GC(564)   Post Evacuate Collection Set: 0.4ms
[2024-08-29T23:15:37.493+0800] GC(564)   Other: 0.3ms
[2024-08-29T23:15:37.493+0800] GC(564) Eden regions: 4->0(1117)
[2024-08-29T23:15:37.493+0800] GC(564) Survivor regions: 0->0(146)
[2024-08-29T23:15:37.493+0800] GC(564) Old regions: 1->1
[2024-08-29T23:15:37.494+0800] GC(564) Archive regions: 2->2
[2024-08-29T23:15:37.494+0800] GC(564) Humongous regions: 915->722
[2024-08-29T23:15:37.494+0800] GC(564) Metaspace: 1625K(1792K)->1625K(1792K) NonClass: 1506K(1600K)->1506K(1600K) Class: 119K(192K)->119K(192K)
[2024-08-29T23:15:37.494+0800] GC(564) Pause Young (Concurrent Start) (G1 Humongous Allocation) 920M->723M(2048M) 1.849ms
[2024-08-29T23:15:37.494+0800] GC(564) User=0.00s Sys=0.01s Real=0.01s
[2024-08-29T23:15:37.494+0800] GC(565) Concurrent Undo Cycle
[2024-08-29T23:15:37.494+0800] GC(565) Concurrent Cleanup for Next Mark
[2024-08-29T23:15:37.500+0800] GC(565) Concurrent Cleanup for Next Mark 5.950ms
[2024-08-29T23:15:37.500+0800] GC(565) Concurrent Undo Cycle 6.066ms
[2024-08-29T23:15:37.566+0800] GC(566) Pause Young (Concurrent Start) (G1 Humongous Allocation)
[2024-08-29T23:15:37.567+0800] GC(566) Using 8 workers of 8 for evacuation
[2024-08-29T23:15:37.568+0800] GC(566)   Pre Evacuate Collection Set: 0.4ms
[2024-08-29T23:15:37.568+0800] GC(566)   Merge Heap Roots: 0.1ms
[2024-08-29T23:15:37.568+0800] GC(566)   Evacuate Collection Set: 0.5ms
[2024-08-29T23:15:37.568+0800] GC(566)   Post Evacuate Collection Set: 0.4ms
[2024-08-29T23:15:37.568+0800] GC(566)   Other: 0.3ms
[2024-08-29T23:15:37.568+0800] GC(566) Eden regions: 4->0(1111)
[2024-08-29T23:15:37.568+0800] GC(566) Survivor regions: 0->0(140)
[2024-08-29T23:15:37.568+0800] GC(566) Old regions: 1->1
[2024-08-29T23:15:37.568+0800] GC(566) Archive regions: 2->2
[2024-08-29T23:15:37.568+0800] GC(566) Humongous regions: 919->728
[2024-08-29T23:15:37.568+0800] GC(566) Metaspace: 1625K(1792K)->1625K(1792K) NonClass: 1506K(1600K)->1506K(1600K) Class: 119K(192K)->119K(192K)
[2024-08-29T23:15:37.568+0800] GC(566) Pause Young (Concurrent Start) (G1 Humongous Allocation) 924M->729M(2048M) 1.665ms
[2024-08-29T23:15:37.568+0800] GC(566) User=0.00s Sys=0.01s Real=0.00s
[2024-08-29T23:15:37.568+0800] GC(567) Concurrent Undo Cycle
[2024-08-29T23:15:37.568+0800] GC(567) Concurrent Cleanup for Next Mark
[2024-08-29T23:15:37.573+0800] GC(567) Concurrent Cleanup for Next Mark 4.881ms
[2024-08-29T23:15:37.573+0800] GC(567) Concurrent Undo Cycle 5.050ms
[2024-08-29T23:15:37.646+0800] GC(568) Pause Young (Concurrent Start) (G1 Humongous Allocation)
[2024-08-29T23:15:37.646+0800] GC(568) Using 8 workers of 8 for evacuation
[2024-08-29T23:15:37.648+0800] GC(568)   Pre Evacuate Collection Set: 0.4ms
[2024-08-29T23:15:37.648+0800] GC(568)   Merge Heap Roots: 0.1ms
[2024-08-29T23:15:37.648+0800] GC(568)   Evacuate Collection Set: 0.3ms
[2024-08-29T23:15:37.648+0800] GC(568)   Post Evacuate Collection Set: 0.4ms
[2024-08-29T23:15:37.648+0800] GC(568)   Other: 0.2ms
[2024-08-29T23:15:37.648+0800] GC(568) Eden regions: 4->0(1130)
[2024-08-29T23:15:37.648+0800] GC(568) Survivor regions: 0->0(139)
[2024-08-29T23:15:37.648+0800] GC(568) Old regions: 1->1
[2024-08-29T23:15:37.648+0800] GC(568) Archive regions: 2->2
[2024-08-29T23:15:37.648+0800] GC(568) Humongous regions: 918->709
[2024-08-29T23:15:37.648+0800] GC(568) Metaspace: 1625K(1792K)->1625K(1792K) NonClass: 1506K(1600K)->1506K(1600K) Class: 119K(192K)->119K(192K)
[2024-08-29T23:15:37.648+0800] GC(568) Pause Young (Concurrent Start) (G1 Humongous Allocation) 923M->710M(2048M) 1.482ms
[2024-08-29T23:15:37.648+0800] GC(568) User=0.00s Sys=0.01s Real=0.00s
[2024-08-29T23:15:37.648+0800] GC(569) Concurrent Undo Cycle
[2024-08-29T23:15:37.648+0800] GC(569) Concurrent Cleanup for Next Mark
[2024-08-29T23:15:37.654+0800] GC(569) Concurrent Cleanup for Next Mark 5.725ms
[2024-08-29T23:15:37.654+0800] GC(569) Concurrent Undo Cycle 5.968ms
[2024-08-29T23:15:37.718+0800] GC(570) Pause Young (Concurrent Start) (G1 Humongous Allocation)
[2024-08-29T23:15:37.718+0800] GC(570) Using 8 workers of 8 for evacuation
[2024-08-29T23:15:37.720+0800] GC(570)   Pre Evacuate Collection Set: 0.3ms
[2024-08-29T23:15:37.720+0800] GC(570)   Merge Heap Roots: 0.2ms
[2024-08-29T23:15:37.720+0800] GC(570)   Evacuate Collection Set: 0.5ms
[2024-08-29T23:15:37.720+0800] GC(570)   Post Evacuate Collection Set: 0.4ms
[2024-08-29T23:15:37.720+0800] GC(570)   Other: 0.3ms
[2024-08-29T23:15:37.720+0800] GC(570) Eden regions: 4->0(1061)
[2024-08-29T23:15:37.720+0800] GC(570) Survivor regions: 0->0(142)
[2024-08-29T23:15:37.720+0800] GC(570) Old regions: 1->1
[2024-08-29T23:15:37.720+0800] GC(570) Archive regions: 2->2
[2024-08-29T23:15:37.720+0800] GC(570) Humongous regions: 916->778
[2024-08-29T23:15:37.720+0800] GC(570) Metaspace: 1625K(1792K)->1625K(1792K) NonClass: 1506K(1600K)->1506K(1600K) Class: 119K(192K)->119K(192K)
[2024-08-29T23:15:37.720+0800] GC(570) Pause Young (Concurrent Start) (G1 Humongous Allocation) 921M->779M(2048M) 1.741ms
[2024-08-29T23:15:37.720+0800] GC(570) User=0.00s Sys=0.00s Real=0.00s
[2024-08-29T23:15:37.720+0800] GC(571) Concurrent Undo Cycle
[2024-08-29T23:15:37.720+0800] GC(571) Concurrent Cleanup for Next Mark
[2024-08-29T23:15:37.725+0800] GC(571) Concurrent Cleanup for Next Mark 5.262ms
[2024-08-29T23:15:37.725+0800] GC(571) Concurrent Undo Cycle 5.365ms
[2024-08-29T23:15:37.782+0800] GC(572) Pause Young (Concurrent Start) (G1 Humongous Allocation)
[2024-08-29T23:15:37.782+0800] GC(572) Using 8 workers of 8 for evacuation
[2024-08-29T23:15:37.783+0800] GC(572)   Pre Evacuate Collection Set: 0.4ms
[2024-08-29T23:15:37.783+0800] GC(572)   Merge Heap Roots: 0.1ms
[2024-08-29T23:15:37.783+0800] GC(572)   Evacuate Collection Set: 0.4ms
[2024-08-29T23:15:37.783+0800] GC(572)   Post Evacuate Collection Set: 0.4ms
[2024-08-29T23:15:37.783+0800] GC(572)   Other: 0.2ms
[2024-08-29T23:15:37.783+0800] GC(572) Eden regions: 4->0(1076)
[2024-08-29T23:15:37.783+0800] GC(572) Survivor regions: 0->0(133)
[2024-08-29T23:15:37.783+0800] GC(572) Old regions: 1->1
[2024-08-29T23:15:37.783+0800] GC(572) Archive regions: 2->2
[2024-08-29T23:15:37.783+0800] GC(572) Humongous regions: 918->763
[2024-08-29T23:15:37.783+0800] GC(572) Metaspace: 1625K(1792K)->1625K(1792K) NonClass: 1506K(1600K)->1506K(1600K) Class: 119K(192K)->119K(192K)
[2024-08-29T23:15:37.783+0800] GC(572) Pause Young (Concurrent Start) (G1 Humongous Allocation) 923M->764M(2048M) 1.503ms
[2024-08-29T23:15:37.783+0800] GC(572) User=0.00s Sys=0.00s Real=0.01s
[2024-08-29T23:15:37.783+0800] GC(573) Concurrent Undo Cycle
[2024-08-29T23:15:37.783+0800] GC(573) Concurrent Cleanup for Next Mark
[2024-08-29T23:15:37.789+0800] GC(573) Concurrent Cleanup for Next Mark 5.743ms
[2024-08-29T23:15:37.789+0800] GC(573) Concurrent Undo Cycle 5.806ms
[2024-08-29T23:15:37.846+0800] GC(574) Pause Young (Concurrent Start) (G1 Humongous Allocation)
[2024-08-29T23:15:37.846+0800] GC(574) Using 8 workers of 8 for evacuation
[2024-08-29T23:15:37.847+0800] GC(574)   Pre Evacuate Collection Set: 0.2ms
[2024-08-29T23:15:37.847+0800] GC(574)   Merge Heap Roots: 0.1ms
[2024-08-29T23:15:37.847+0800] GC(574)   Evacuate Collection Set: 0.3ms
[2024-08-29T23:15:37.847+0800] GC(574)   Post Evacuate Collection Set: 0.4ms
[2024-08-29T23:15:37.847+0800] GC(574)   Other: 0.2ms
[2024-08-29T23:15:37.847+0800] GC(574) Eden regions: 4->0(1098)
[2024-08-29T23:15:37.847+0800] GC(574) Survivor regions: 0->0(135)
[2024-08-29T23:15:37.847+0800] GC(574) Old regions: 1->1
[2024-08-29T23:15:37.847+0800] GC(574) Archive regions: 2->2
[2024-08-29T23:15:37.847+0800] GC(574) Humongous regions: 918->741
[2024-08-29T23:15:37.847+0800] GC(574) Metaspace: 1625K(1792K)->1625K(1792K) NonClass: 1506K(1600K)->1506K(1600K) Class: 119K(192K)->119K(192K)
[2024-08-29T23:15:37.847+0800] GC(574) Pause Young (Concurrent Start) (G1 Humongous Allocation) 923M->742M(2048M) 1.312ms
[2024-08-29T23:15:37.847+0800] GC(574) User=0.00s Sys=0.01s Real=0.00s
[2024-08-29T23:15:37.847+0800] GC(575) Concurrent Undo Cycle
[2024-08-29T23:15:37.847+0800] GC(575) Concurrent Cleanup for Next Mark
[2024-08-29T23:15:37.851+0800] GC(575) Concurrent Cleanup for Next Mark 4.298ms
[2024-08-29T23:15:37.851+0800] GC(575) Concurrent Undo Cycle 4.372ms
[2024-08-29T23:15:37.931+0800] GC(576) Pause Young (Concurrent Start) (G1 Humongous Allocation)
[2024-08-29T23:15:37.931+0800] GC(576) Using 8 workers of 8 for evacuation
[2024-08-29T23:15:37.932+0800] GC(576)   Pre Evacuate Collection Set: 0.2ms
[2024-08-29T23:15:37.932+0800] GC(576)   Merge Heap Roots: 0.1ms
[2024-08-29T23:15:37.932+0800] GC(576)   Evacuate Collection Set: 0.4ms
[2024-08-29T23:15:37.932+0800] GC(576)   Post Evacuate Collection Set: 0.5ms
[2024-08-29T23:15:37.932+0800] GC(576)   Other: 0.2ms
[2024-08-29T23:15:37.932+0800] GC(576) Eden regions: 4->0(1150)
[2024-08-29T23:15:37.933+0800] GC(576) Survivor regions: 0->0(138)
[2024-08-29T23:15:37.933+0800] GC(576) Old regions: 1->1
[2024-08-29T23:15:37.933+0800] GC(576) Archive regions: 2->2
[2024-08-29T23:15:37.933+0800] GC(576) Humongous regions: 917->689
[2024-08-29T23:15:37.933+0800] GC(576) Metaspace: 1625K(1792K)->1625K(1792K) NonClass: 1506K(1600K)->1506K(1600K) Class: 119K(192K)->119K(192K)
[2024-08-29T23:15:37.933+0800] GC(576) Pause Young (Concurrent Start) (G1 Humongous Allocation) 922M->690M(2048M) 1.423ms
[2024-08-29T23:15:37.933+0800] GC(576) User=0.00s Sys=0.00s Real=0.01s
[2024-08-29T23:15:37.933+0800] GC(577) Concurrent Undo Cycle
[2024-08-29T23:15:37.933+0800] GC(577) Concurrent Cleanup for Next Mark
[2024-08-29T23:15:37.937+0800] GC(577) Concurrent Cleanup for Next Mark 4.062ms
[2024-08-29T23:15:37.937+0800] GC(577) Concurrent Undo Cycle 4.177ms
[2024-08-29T23:15:38.022+0800] GC(578) Pause Young (Concurrent Start) (G1 Humongous Allocation)
[2024-08-29T23:15:38.022+0800] GC(578) Using 8 workers of 8 for evacuation
[2024-08-29T23:15:38.023+0800] GC(578)   Pre Evacuate Collection Set: 0.2ms
[2024-08-29T23:15:38.023+0800] GC(578)   Merge Heap Roots: 0.2ms
[2024-08-29T23:15:38.023+0800] GC(578)   Evacuate Collection Set: 0.4ms
[2024-08-29T23:15:38.023+0800] GC(578)   Post Evacuate Collection Set: 0.4ms
[2024-08-29T23:15:38.024+0800] GC(578)   Other: 0.2ms
[2024-08-29T23:15:38.024+0800] GC(578) Eden regions: 4->0(1134)
[2024-08-29T23:15:38.024+0800] GC(578) Survivor regions: 0->0(144)
[2024-08-29T23:15:38.024+0800] GC(578) Old regions: 1->1
[2024-08-29T23:15:38.024+0800] GC(578) Archive regions: 2->2
[2024-08-29T23:15:38.024+0800] GC(578) Humongous regions: 915->705
[2024-08-29T23:15:38.024+0800] GC(578) Metaspace: 1625K(1792K)->1625K(1792K) NonClass: 1506K(1600K)->1506K(1600K) Class: 119K(192K)->119K(192K)
[2024-08-29T23:15:38.024+0800] GC(578) Pause Young (Concurrent Start) (G1 Humongous Allocation) 920M->706M(2048M) 1.551ms
[2024-08-29T23:15:38.024+0800] GC(578) User=0.00s Sys=0.00s Real=0.01s
[2024-08-29T23:15:38.024+0800] GC(579) Concurrent Undo Cycle
[2024-08-29T23:15:38.024+0800] GC(579) Concurrent Cleanup for Next Mark
[2024-08-29T23:15:38.029+0800] GC(579) Concurrent Cleanup for Next Mark 4.870ms
[2024-08-29T23:15:38.029+0800] GC(579) Concurrent Undo Cycle 4.986ms
[2024-08-29T23:15:38.111+0800] GC(580) Pause Young (Concurrent Start) (G1 Humongous Allocation)
[2024-08-29T23:15:38.111+0800] GC(580) Using 8 workers of 8 for evacuation
[2024-08-29T23:15:38.112+0800] GC(580)   Pre Evacuate Collection Set: 0.2ms
[2024-08-29T23:15:38.112+0800] GC(580)   Merge Heap Roots: 0.1ms
[2024-08-29T23:15:38.112+0800] GC(580)   Evacuate Collection Set: 0.4ms
[2024-08-29T23:15:38.112+0800] GC(580)   Post Evacuate Collection Set: 0.5ms
[2024-08-29T23:15:38.112+0800] GC(580)   Other: 0.2ms
[2024-08-29T23:15:38.112+0800] GC(580) Eden regions: 4->0(1144)
[2024-08-29T23:15:38.112+0800] GC(580) Survivor regions: 0->0(142)
[2024-08-29T23:15:38.112+0800] GC(580) Old regions: 1->1
[2024-08-29T23:15:38.112+0800] GC(580) Archive regions: 2->2
[2024-08-29T23:15:38.112+0800] GC(580) Humongous regions: 918->695
[2024-08-29T23:15:38.113+0800] GC(580) Metaspace: 1625K(1792K)->1625K(1792K) NonClass: 1506K(1600K)->1506K(1600K) Class: 119K(192K)->119K(192K)
[2024-08-29T23:15:38.113+0800] GC(580) Pause Young (Concurrent Start) (G1 Humongous Allocation) 923M->696M(2048M) 1.402ms
[2024-08-29T23:15:38.113+0800] GC(580) User=0.00s Sys=0.00s Real=0.01s
[2024-08-29T23:15:38.113+0800] GC(581) Concurrent Undo Cycle
[2024-08-29T23:15:38.113+0800] GC(581) Concurrent Cleanup for Next Mark
[2024-08-29T23:15:38.118+0800] GC(581) Concurrent Cleanup for Next Mark 4.904ms
[2024-08-29T23:15:38.118+0800] GC(581) Concurrent Undo Cycle 5.042ms
[2024-08-29T23:15:38.210+0800] GC(582) Pause Young (Concurrent Start) (G1 Humongous Allocation)
[2024-08-29T23:15:38.210+0800] GC(582) Using 8 workers of 8 for evacuation
[2024-08-29T23:15:38.211+0800] GC(582)   Pre Evacuate Collection Set: 0.3ms
[2024-08-29T23:15:38.211+0800] GC(582)   Merge Heap Roots: 0.2ms
[2024-08-29T23:15:38.211+0800] GC(582)   Evacuate Collection Set: 0.5ms
[2024-08-29T23:15:38.211+0800] GC(582)   Post Evacuate Collection Set: 0.5ms
[2024-08-29T23:15:38.211+0800] GC(582)   Other: 0.2ms
[2024-08-29T23:15:38.211+0800] GC(582) Eden regions: 4->0(1169)
[2024-08-29T23:15:38.211+0800] GC(582) Survivor regions: 0->0(143)
[2024-08-29T23:15:38.211+0800] GC(582) Old regions: 1->1
[2024-08-29T23:15:38.211+0800] GC(582) Archive regions: 2->2
[2024-08-29T23:15:38.211+0800] GC(582) Humongous regions: 917->670
[2024-08-29T23:15:38.211+0800] GC(582) Metaspace: 1625K(1792K)->1625K(1792K) NonClass: 1506K(1600K)->1506K(1600K) Class: 119K(192K)->119K(192K)
[2024-08-29T23:15:38.211+0800] GC(582) Pause Young (Concurrent Start) (G1 Humongous Allocation) 922M->671M(2048M) 1.678ms
[2024-08-29T23:15:38.211+0800] GC(582) User=0.00s Sys=0.00s Real=0.00s
[2024-08-29T23:15:38.211+0800] GC(583) Concurrent Undo Cycle
[2024-08-29T23:15:38.211+0800] GC(583) Concurrent Cleanup for Next Mark
[2024-08-29T23:15:38.217+0800] GC(583) Concurrent Cleanup for Next Mark 5.660ms
[2024-08-29T23:15:38.217+0800] GC(583) Concurrent Undo Cycle 5.792ms
[2024-08-29T23:15:38.298+0800] GC(584) Pause Young (Concurrent Start) (G1 Humongous Allocation)
[2024-08-29T23:15:38.298+0800] GC(584) Using 8 workers of 8 for evacuation
[2024-08-29T23:15:38.299+0800] GC(584)   Pre Evacuate Collection Set: 0.4ms
[2024-08-29T23:15:38.299+0800] GC(584)   Merge Heap Roots: 0.2ms
[2024-08-29T23:15:38.299+0800] GC(584)   Evacuate Collection Set: 0.5ms
[2024-08-29T23:15:38.299+0800] GC(584)   Post Evacuate Collection Set: 0.4ms
[2024-08-29T23:15:38.299+0800] GC(584)   Other: 0.3ms
[2024-08-29T23:15:38.299+0800] GC(584) Eden regions: 4->0(1107)
[2024-08-29T23:15:38.299+0800] GC(584) Survivor regions: 0->0(147)
[2024-08-29T23:15:38.299+0800] GC(584) Old regions: 1->1
[2024-08-29T23:15:38.299+0800] GC(584) Archive regions: 2->2
[2024-08-29T23:15:38.299+0800] GC(584) Humongous regions: 916->732
[2024-08-29T23:15:38.299+0800] GC(584) Metaspace: 1625K(1792K)->1625K(1792K) NonClass: 1506K(1600K)->1506K(1600K) Class: 119K(192K)->119K(192K)
[2024-08-29T23:15:38.300+0800] GC(584) Pause Young (Concurrent Start) (G1 Humongous Allocation) 921M->733M(2048M) 1.698ms
[2024-08-29T23:15:38.300+0800] GC(584) User=0.00s Sys=0.01s Real=0.00s
[2024-08-29T23:15:38.300+0800] GC(585) Concurrent Undo Cycle
[2024-08-29T23:15:38.300+0800] GC(585) Concurrent Cleanup for Next Mark
[2024-08-29T23:15:38.304+0800] GC(585) Concurrent Cleanup for Next Mark 4.233ms
[2024-08-29T23:15:38.304+0800] GC(585) Concurrent Undo Cycle 4.399ms
[2024-08-29T23:15:38.405+0800] GC(586) Pause Young (Concurrent Start) (G1 Humongous Allocation)
[2024-08-29T23:15:38.405+0800] GC(586) Using 8 workers of 8 for evacuation
[2024-08-29T23:15:38.406+0800] GC(586)   Pre Evacuate Collection Set: 0.2ms
[2024-08-29T23:15:38.406+0800] GC(586)   Merge Heap Roots: 0.1ms
[2024-08-29T23:15:38.406+0800] GC(586)   Evacuate Collection Set: 0.4ms
[2024-08-29T23:15:38.406+0800] GC(586)   Post Evacuate Collection Set: 0.5ms
[2024-08-29T23:15:38.406+0800] GC(586)   Other: 0.3ms
[2024-08-29T23:15:38.406+0800] GC(586) Eden regions: 4->0(1206)
[2024-08-29T23:15:38.406+0800] GC(586) Survivor regions: 0->0(139)
[2024-08-29T23:15:38.406+0800] GC(586) Old regions: 1->1
[2024-08-29T23:15:38.406+0800] GC(586) Archive regions: 2->2
[2024-08-29T23:15:38.406+0800] GC(586) Humongous regions: 919->633
[2024-08-29T23:15:38.406+0800] GC(586) Metaspace: 1625K(1792K)->1625K(1792K) NonClass: 1506K(1600K)->1506K(1600K) Class: 119K(192K)->119K(192K)
[2024-08-29T23:15:38.406+0800] GC(586) Pause Young (Concurrent Start) (G1 Humongous Allocation) 924M->634M(2048M) 1.666ms
[2024-08-29T23:15:38.406+0800] GC(586) User=0.00s Sys=0.00s Real=0.00s
[2024-08-29T23:15:38.406+0800] GC(587) Concurrent Undo Cycle
[2024-08-29T23:15:38.406+0800] GC(587) Concurrent Cleanup for Next Mark
[2024-08-29T23:15:38.411+0800] GC(587) Concurrent Cleanup for Next Mark 5.106ms
[2024-08-29T23:15:38.412+0800] GC(587) Concurrent Undo Cycle 5.231ms
[2024-08-29T23:15:38.537+0800] GC(588) Pause Young (Concurrent Start) (G1 Humongous Allocation)
[2024-08-29T23:15:38.537+0800] GC(588) Using 8 workers of 8 for evacuation
[2024-08-29T23:15:38.538+0800] GC(588)   Pre Evacuate Collection Set: 0.3ms
[2024-08-29T23:15:38.538+0800] GC(588)   Merge Heap Roots: 0.1ms
[2024-08-29T23:15:38.538+0800] GC(588)   Evacuate Collection Set: 0.4ms
[2024-08-29T23:15:38.538+0800] GC(588)   Post Evacuate Collection Set: 0.5ms
[2024-08-29T23:15:38.538+0800] GC(588)   Other: 0.3ms
[2024-08-29T23:15:38.538+0800] GC(588) Eden regions: 4->0(1228)
[2024-08-29T23:15:38.538+0800] GC(588) Survivor regions: 0->0(151)
[2024-08-29T23:15:38.538+0800] GC(588) Old regions: 1->1
[2024-08-29T23:15:38.538+0800] GC(588) Archive regions: 2->2
[2024-08-29T23:15:38.538+0800] GC(588) Humongous regions: 919->592
[2024-08-29T23:15:38.538+0800] GC(588) Metaspace: 1625K(1792K)->1625K(1792K) NonClass: 1506K(1600K)->1506K(1600K) Class: 119K(192K)->119K(192K)
[2024-08-29T23:15:38.538+0800] GC(588) Pause Young (Concurrent Start) (G1 Humongous Allocation) 924M->593M(2048M) 1.698ms
[2024-08-29T23:15:38.538+0800] GC(588) User=0.00s Sys=0.00s Real=0.00s
[2024-08-29T23:15:38.538+0800] GC(589) Concurrent Undo Cycle
[2024-08-29T23:15:38.538+0800] GC(589) Concurrent Cleanup for Next Mark
[2024-08-29T23:15:38.546+0800] GC(589) Concurrent Cleanup for Next Mark 7.023ms
[2024-08-29T23:15:38.546+0800] GC(589) Concurrent Undo Cycle 7.326ms
[2024-08-29T23:15:38.671+0800] GC(590) Pause Young (Concurrent Start) (G1 Humongous Allocation)
[2024-08-29T23:15:38.671+0800] GC(590) Using 8 workers of 8 for evacuation
[2024-08-29T23:15:38.672+0800] GC(590)   Pre Evacuate Collection Set: 0.3ms
[2024-08-29T23:15:38.673+0800] GC(590)   Merge Heap Roots: 0.2ms
[2024-08-29T23:15:38.673+0800] GC(590)   Evacuate Collection Set: 0.5ms
[2024-08-29T23:15:38.673+0800] GC(590)   Post Evacuate Collection Set: 0.5ms
[2024-08-29T23:15:38.673+0800] GC(590)   Other: 0.2ms
[2024-08-29T23:15:38.673+0800] GC(590) Eden regions: 4->0(1221)
[2024-08-29T23:15:38.673+0800] GC(590) Survivor regions: 0->0(154)
[2024-08-29T23:15:38.673+0800] GC(590) Old regions: 1->1
[2024-08-29T23:15:38.673+0800] GC(590) Archive regions: 2->2
[2024-08-29T23:15:38.673+0800] GC(590) Humongous regions: 917->618
[2024-08-29T23:15:38.673+0800] GC(590) Metaspace: 1625K(1792K)->1625K(1792K) NonClass: 1506K(1600K)->1506K(1600K) Class: 119K(192K)->119K(192K)
[2024-08-29T23:15:38.673+0800] GC(590) Pause Young (Concurrent Start) (G1 Humongous Allocation) 922M->619M(2048M) 1.779ms
[2024-08-29T23:15:38.673+0800] GC(590) User=0.00s Sys=0.00s Real=0.01s
[2024-08-29T23:15:38.673+0800] GC(591) Concurrent Undo Cycle
[2024-08-29T23:15:38.673+0800] GC(591) Concurrent Cleanup for Next Mark
[2024-08-29T23:15:38.680+0800] GC(591) Concurrent Cleanup for Next Mark 7.089ms
[2024-08-29T23:15:38.680+0800] GC(591) Concurrent Undo Cycle 7.203ms
[2024-08-29T23:15:38.791+0800] GC(592) Pause Young (Concurrent Start) (G1 Humongous Allocation)
[2024-08-29T23:15:38.791+0800] GC(592) Using 8 workers of 8 for evacuation
[2024-08-29T23:15:38.792+0800] GC(592)   Pre Evacuate Collection Set: 0.2ms
[2024-08-29T23:15:38.792+0800] GC(592)   Merge Heap Roots: 0.1ms
[2024-08-29T23:15:38.792+0800] GC(592)   Evacuate Collection Set: 0.4ms
[2024-08-29T23:15:38.792+0800] GC(592)   Post Evacuate Collection Set: 0.5ms
[2024-08-29T23:15:38.792+0800] GC(592)   Other: 0.2ms
[2024-08-29T23:15:38.792+0800] GC(592) Eden regions: 4->0(1223)
[2024-08-29T23:15:38.792+0800] GC(592) Survivor regions: 0->0(153)
[2024-08-29T23:15:38.792+0800] GC(592) Old regions: 1->1
[2024-08-29T23:15:38.792+0800] GC(592) Archive regions: 2->2
[2024-08-29T23:15:38.792+0800] GC(592) Humongous regions: 918->616
[2024-08-29T23:15:38.792+0800] GC(592) Metaspace: 1625K(1792K)->1625K(1792K) NonClass: 1506K(1600K)->1506K(1600K) Class: 119K(192K)->119K(192K)
[2024-08-29T23:15:38.792+0800] GC(592) Pause Young (Concurrent Start) (G1 Humongous Allocation) 923M->617M(2048M) 1.401ms
[2024-08-29T23:15:38.792+0800] GC(592) User=0.00s Sys=0.01s Real=0.00s
[2024-08-29T23:15:38.792+0800] GC(593) Concurrent Undo Cycle
[2024-08-29T23:15:38.792+0800] GC(593) Concurrent Cleanup for Next Mark
[2024-08-29T23:15:38.797+0800] GC(593) Concurrent Cleanup for Next Mark 4.434ms
[2024-08-29T23:15:38.797+0800] GC(593) Concurrent Undo Cycle 4.569ms
[2024-08-29T23:15:38.911+0800] GC(594) Pause Young (Concurrent Start) (G1 Humongous Allocation)
[2024-08-29T23:15:38.911+0800] GC(594) Using 8 workers of 8 for evacuation
[2024-08-29T23:15:38.912+0800] GC(594)   Pre Evacuate Collection Set: 0.4ms
[2024-08-29T23:15:38.912+0800] GC(594)   Merge Heap Roots: 0.1ms
[2024-08-29T23:15:38.912+0800] GC(594)   Evacuate Collection Set: 0.4ms
[2024-08-29T23:15:38.912+0800] GC(594)   Post Evacuate Collection Set: 0.4ms
[2024-08-29T23:15:38.912+0800] GC(594)   Other: 0.3ms
[2024-08-29T23:15:38.912+0800] GC(594) Eden regions: 4->0(1219)
[2024-08-29T23:15:38.912+0800] GC(594) Survivor regions: 0->0(153)
[2024-08-29T23:15:38.912+0800] GC(594) Old regions: 1->1
[2024-08-29T23:15:38.912+0800] GC(594) Archive regions: 2->2
[2024-08-29T23:15:38.912+0800] GC(594) Humongous regions: 918->620
[2024-08-29T23:15:38.912+0800] GC(594) Metaspace: 1625K(1792K)->1625K(1792K) NonClass: 1506K(1600K)->1506K(1600K) Class: 119K(192K)->119K(192K)
[2024-08-29T23:15:38.912+0800] GC(594) Pause Young (Concurrent Start) (G1 Humongous Allocation) 923M->621M(2048M) 1.612ms
[2024-08-29T23:15:38.912+0800] GC(594) User=0.00s Sys=0.01s Real=0.00s
[2024-08-29T23:15:38.912+0800] GC(595) Concurrent Undo Cycle
[2024-08-29T23:15:38.912+0800] GC(595) Concurrent Cleanup for Next Mark
[2024-08-29T23:15:38.920+0800] GC(595) Concurrent Cleanup for Next Mark 7.660ms
[2024-08-29T23:15:38.920+0800] GC(595) Concurrent Undo Cycle 7.758ms
[2024-08-29T23:15:39.029+0800] GC(596) Pause Young (Concurrent Start) (G1 Humongous Allocation)
[2024-08-29T23:15:39.029+0800] GC(596) Using 8 workers of 8 for evacuation
[2024-08-29T23:15:39.030+0800] GC(596)   Pre Evacuate Collection Set: 0.3ms
[2024-08-29T23:15:39.031+0800] GC(596)   Merge Heap Roots: 0.1ms
[2024-08-29T23:15:39.031+0800] GC(596)   Evacuate Collection Set: 0.4ms
[2024-08-29T23:15:39.031+0800] GC(596)   Post Evacuate Collection Set: 0.5ms
[2024-08-29T23:15:39.031+0800] GC(596)   Other: 0.3ms
[2024-08-29T23:15:39.031+0800] GC(596) Eden regions: 4->0(1228)
[2024-08-29T23:15:39.031+0800] GC(596) Survivor regions: 0->0(153)
[2024-08-29T23:15:39.031+0800] GC(596) Old regions: 1->1
[2024-08-29T23:15:39.031+0800] GC(596) Archive regions: 2->2
[2024-08-29T23:15:39.031+0800] GC(596) Humongous regions: 917->608
[2024-08-29T23:15:39.031+0800] GC(596) Metaspace: 1625K(1792K)->1625K(1792K) NonClass: 1506K(1600K)->1506K(1600K) Class: 119K(192K)->119K(192K)
[2024-08-29T23:15:39.031+0800] GC(596) Pause Young (Concurrent Start) (G1 Humongous Allocation) 922M->609M(2048M) 1.644ms
[2024-08-29T23:15:39.031+0800] GC(596) User=0.00s Sys=0.01s Real=0.00s
[2024-08-29T23:15:39.031+0800] GC(597) Concurrent Undo Cycle
[2024-08-29T23:15:39.031+0800] GC(597) Concurrent Cleanup for Next Mark
[2024-08-29T23:15:39.034+0800] GC(597) Concurrent Cleanup for Next Mark 3.713ms
[2024-08-29T23:15:39.034+0800] GC(597) Concurrent Undo Cycle 3.820ms
[2024-08-29T23:15:39.151+0800] GC(598) Pause Young (Concurrent Start) (G1 Humongous Allocation)
[2024-08-29T23:15:39.151+0800] GC(598) Using 8 workers of 8 for evacuation
[2024-08-29T23:15:39.152+0800] GC(598)   Pre Evacuate Collection Set: 0.3ms
[2024-08-29T23:15:39.152+0800] GC(598)   Merge Heap Roots: 0.2ms
[2024-08-29T23:15:39.152+0800] GC(598)   Evacuate Collection Set: 0.3ms
[2024-08-29T23:15:39.152+0800] GC(598)   Post Evacuate Collection Set: 0.5ms
[2024-08-29T23:15:39.152+0800] GC(598)   Other: 0.3ms
[2024-08-29T23:15:39.152+0800] GC(598) Eden regions: 4->0(1189)
[2024-08-29T23:15:39.152+0800] GC(598) Survivor regions: 0->0(154)
[2024-08-29T23:15:39.152+0800] GC(598) Old regions: 1->1
[2024-08-29T23:15:39.152+0800] GC(598) Archive regions: 2->2
[2024-08-29T23:15:39.152+0800] GC(598) Humongous regions: 916->650
[2024-08-29T23:15:39.152+0800] GC(598) Metaspace: 1625K(1792K)->1625K(1792K) NonClass: 1506K(1600K)->1506K(1600K) Class: 119K(192K)->119K(192K)
[2024-08-29T23:15:39.152+0800] GC(598) Pause Young (Concurrent Start) (G1 Humongous Allocation) 921M->651M(2048M) 1.583ms
[2024-08-29T23:15:39.152+0800] GC(598) User=0.00s Sys=0.00s Real=0.00s
[2024-08-29T23:15:39.152+0800] GC(599) Concurrent Undo Cycle
[2024-08-29T23:15:39.152+0800] GC(599) Concurrent Cleanup for Next Mark
[2024-08-29T23:15:39.157+0800] GC(599) Concurrent Cleanup for Next Mark 4.810ms
[2024-08-29T23:15:39.157+0800] GC(599) Concurrent Undo Cycle 4.937ms
[2024-08-29T23:15:39.276+0800] GC(600) Pause Young (Concurrent Start) (G1 Humongous Allocation)
[2024-08-29T23:15:39.277+0800] GC(600) Using 8 workers of 8 for evacuation
[2024-08-29T23:15:39.278+0800] GC(600)   Pre Evacuate Collection Set: 0.6ms
[2024-08-29T23:15:39.278+0800] GC(600)   Merge Heap Roots: 0.1ms
[2024-08-29T23:15:39.278+0800] GC(600)   Evacuate Collection Set: 0.4ms
[2024-08-29T23:15:39.278+0800] GC(600)   Post Evacuate Collection Set: 0.5ms
[2024-08-29T23:15:39.278+0800] GC(600)   Other: 0.5ms
[2024-08-29T23:15:39.278+0800] GC(600) Eden regions: 4->0(1228)
[2024-08-29T23:15:39.279+0800] GC(600) Survivor regions: 0->0(149)
[2024-08-29T23:15:39.279+0800] GC(600) Old regions: 1->1
[2024-08-29T23:15:39.279+0800] GC(600) Archive regions: 2->2
[2024-08-29T23:15:39.279+0800] GC(600) Humongous regions: 923->606
[2024-08-29T23:15:39.279+0800] GC(600) Metaspace: 1625K(1792K)->1625K(1792K) NonClass: 1506K(1600K)->1506K(1600K) Class: 119K(192K)->119K(192K)
[2024-08-29T23:15:39.279+0800] GC(600) Pause Young (Concurrent Start) (G1 Humongous Allocation) 928M->607M(2048M) 2.200ms
[2024-08-29T23:15:39.279+0800] GC(600) User=0.00s Sys=0.00s Real=0.00s
[2024-08-29T23:15:39.279+0800] GC(601) Concurrent Undo Cycle
[2024-08-29T23:15:39.279+0800] GC(601) Concurrent Cleanup for Next Mark
[2024-08-29T23:15:39.285+0800] GC(601) Concurrent Cleanup for Next Mark 6.004ms
[2024-08-29T23:15:39.285+0800] GC(601) Concurrent Undo Cycle 6.097ms
[2024-08-29T23:15:39.406+0800] GC(602) Pause Young (Concurrent Start) (G1 Humongous Allocation)
[2024-08-29T23:15:39.406+0800] GC(602) Using 8 workers of 8 for evacuation
[2024-08-29T23:15:39.408+0800] GC(602)   Pre Evacuate Collection Set: 0.3ms
[2024-08-29T23:15:39.408+0800] GC(602)   Merge Heap Roots: 0.1ms
[2024-08-29T23:15:39.408+0800] GC(602)   Evacuate Collection Set: 0.4ms
[2024-08-29T23:15:39.408+0800] GC(602)   Post Evacuate Collection Set: 0.7ms
[2024-08-29T23:15:39.408+0800] GC(602)   Other: 0.3ms
[2024-08-29T23:15:39.408+0800] GC(602) Eden regions: 4->0(1228)
[2024-08-29T23:15:39.408+0800] GC(602) Survivor regions: 0->0(154)
[2024-08-29T23:15:39.408+0800] GC(602) Old regions: 1->1
[2024-08-29T23:15:39.408+0800] GC(602) Archive regions: 2->2
[2024-08-29T23:15:39.408+0800] GC(602) Humongous regions: 916->594
[2024-08-29T23:15:39.408+0800] GC(602) Metaspace: 1625K(1792K)->1625K(1792K) NonClass: 1506K(1600K)->1506K(1600K) Class: 119K(192K)->119K(192K)
[2024-08-29T23:15:39.408+0800] GC(602) Pause Young (Concurrent Start) (G1 Humongous Allocation) 921M->595M(2048M) 1.926ms
[2024-08-29T23:15:39.408+0800] GC(602) User=0.00s Sys=0.01s Real=0.00s
[2024-08-29T23:15:39.408+0800] GC(603) Concurrent Undo Cycle
[2024-08-29T23:15:39.408+0800] GC(603) Concurrent Cleanup for Next Mark
[2024-08-29T23:15:39.415+0800] GC(603) Concurrent Cleanup for Next Mark 7.402ms
[2024-08-29T23:15:39.415+0800] GC(603) Concurrent Undo Cycle 7.495ms
[2024-08-29T23:15:39.543+0800] GC(604) Pause Young (Concurrent Start) (G1 Humongous Allocation)
[2024-08-29T23:15:39.543+0800] GC(604) Using 8 workers of 8 for evacuation
[2024-08-29T23:15:39.544+0800] GC(604)   Pre Evacuate Collection Set: 0.2ms
[2024-08-29T23:15:39.544+0800] GC(604)   Merge Heap Roots: 0.1ms
[2024-08-29T23:15:39.544+0800] GC(604)   Evacuate Collection Set: 0.5ms
[2024-08-29T23:15:39.544+0800] GC(604)   Post Evacuate Collection Set: 0.4ms
[2024-08-29T23:15:39.544+0800] GC(604)   Other: 0.2ms
[2024-08-29T23:15:39.544+0800] GC(604) Eden regions: 4->0(1228)
[2024-08-29T23:15:39.544+0800] GC(604) Survivor regions: 0->0(154)
[2024-08-29T23:15:39.544+0800] GC(604) Old regions: 1->1
[2024-08-29T23:15:39.544+0800] GC(604) Archive regions: 2->2
[2024-08-29T23:15:39.544+0800] GC(604) Humongous regions: 916->611
[2024-08-29T23:15:39.544+0800] GC(604) Metaspace: 1625K(1792K)->1625K(1792K) NonClass: 1506K(1600K)->1506K(1600K) Class: 119K(192K)->119K(192K)
[2024-08-29T23:15:39.544+0800] GC(604) Pause Young (Concurrent Start) (G1 Humongous Allocation) 921M->612M(2048M) 1.623ms
[2024-08-29T23:15:39.544+0800] GC(604) User=0.00s Sys=0.00s Real=0.00s
[2024-08-29T23:15:39.544+0800] GC(605) Concurrent Undo Cycle
[2024-08-29T23:15:39.544+0800] GC(605) Concurrent Cleanup for Next Mark
[2024-08-29T23:15:39.549+0800] GC(605) Concurrent Cleanup for Next Mark 4.612ms
[2024-08-29T23:15:39.549+0800] GC(605) Concurrent Undo Cycle 4.773ms
[2024-08-29T23:15:39.676+0800] GC(606) Pause Young (Concurrent Start) (G1 Humongous Allocation)
[2024-08-29T23:15:39.677+0800] GC(606) Using 8 workers of 8 for evacuation
[2024-08-29T23:15:39.678+0800] GC(606)   Pre Evacuate Collection Set: 0.2ms
[2024-08-29T23:15:39.678+0800] GC(606)   Merge Heap Roots: 0.1ms
[2024-08-29T23:15:39.678+0800] GC(606)   Evacuate Collection Set: 0.7ms
[2024-08-29T23:15:39.678+0800] GC(606)   Post Evacuate Collection Set: 0.5ms
[2024-08-29T23:15:39.678+0800] GC(606)   Other: 0.2ms
[2024-08-29T23:15:39.678+0800] GC(606) Eden regions: 4->0(1228)
[2024-08-29T23:15:39.678+0800] GC(606) Survivor regions: 0->0(154)
[2024-08-29T23:15:39.678+0800] GC(606) Old regions: 1->1
[2024-08-29T23:15:39.678+0800] GC(606) Archive regions: 2->2
[2024-08-29T23:15:39.678+0800] GC(606) Humongous regions: 918->564
[2024-08-29T23:15:39.678+0800] GC(606) Metaspace: 1625K(1792K)->1625K(1792K) NonClass: 1506K(1600K)->1506K(1600K) Class: 119K(192K)->119K(192K)
[2024-08-29T23:15:39.678+0800] GC(606) Pause Young (Concurrent Start) (G1 Humongous Allocation) 923M->565M(2048M) 1.811ms
[2024-08-29T23:15:39.678+0800] GC(606) User=0.00s Sys=0.00s Real=0.00s
[2024-08-29T23:15:39.678+0800] GC(607) Concurrent Undo Cycle
[2024-08-29T23:15:39.678+0800] GC(607) Concurrent Cleanup for Next Mark
[2024-08-29T23:15:39.682+0800] GC(607) Concurrent Cleanup for Next Mark 3.743ms
[2024-08-29T23:15:39.682+0800] GC(607) Concurrent Undo Cycle 3.815ms
[2024-08-29T23:15:39.852+0800] GC(608) Pause Young (Concurrent Start) (G1 Humongous Allocation)
[2024-08-29T23:15:39.853+0800] GC(608) Using 8 workers of 8 for evacuation
[2024-08-29T23:15:39.854+0800] GC(608)   Pre Evacuate Collection Set: 0.4ms
[2024-08-29T23:15:39.854+0800] GC(608)   Merge Heap Roots: 0.2ms
[2024-08-29T23:15:39.854+0800] GC(608)   Evacuate Collection Set: 0.4ms
[2024-08-29T23:15:39.854+0800] GC(608)   Post Evacuate Collection Set: 0.5ms
[2024-08-29T23:15:39.854+0800] GC(608)   Other: 0.2ms
[2024-08-29T23:15:39.854+0800] GC(608) Eden regions: 4->0(1228)
[2024-08-29T23:15:39.854+0800] GC(608) Survivor regions: 0->0(154)
[2024-08-29T23:15:39.854+0800] GC(608) Old regions: 1->1
[2024-08-29T23:15:39.854+0800] GC(608) Archive regions: 2->2
[2024-08-29T23:15:39.854+0800] GC(608) Humongous regions: 917->494
[2024-08-29T23:15:39.854+0800] GC(608) Metaspace: 1625K(1792K)->1625K(1792K) NonClass: 1506K(1600K)->1506K(1600K) Class: 119K(192K)->119K(192K)
[2024-08-29T23:15:39.854+0800] GC(608) Pause Young (Concurrent Start) (G1 Humongous Allocation) 922M->495M(2048M) 1.846ms
[2024-08-29T23:15:39.854+0800] GC(608) User=0.00s Sys=0.00s Real=0.00s
[2024-08-29T23:15:39.854+0800] GC(609) Concurrent Undo Cycle
[2024-08-29T23:15:39.854+0800] GC(609) Concurrent Cleanup for Next Mark
[2024-08-29T23:15:39.861+0800] GC(609) Concurrent Cleanup for Next Mark 6.822ms
[2024-08-29T23:15:39.861+0800] GC(609) Concurrent Undo Cycle 6.928ms
[2024-08-29T23:15:40.023+0800] GC(610) Pause Young (Concurrent Start) (G1 Humongous Allocation)
[2024-08-29T23:15:40.023+0800] GC(610) Using 8 workers of 8 for evacuation
[2024-08-29T23:15:40.025+0800] GC(610)   Pre Evacuate Collection Set: 0.2ms
[2024-08-29T23:15:40.025+0800] GC(610)   Merge Heap Roots: 0.1ms
[2024-08-29T23:15:40.025+0800] GC(610)   Evacuate Collection Set: 0.4ms
[2024-08-29T23:15:40.025+0800] GC(610)   Post Evacuate Collection Set: 0.5ms
[2024-08-29T23:15:40.025+0800] GC(610)   Other: 0.2ms
[2024-08-29T23:15:40.025+0800] GC(610) Eden regions: 4->0(1228)
[2024-08-29T23:15:40.025+0800] GC(610) Survivor regions: 0->0(154)
[2024-08-29T23:15:40.025+0800] GC(610) Old regions: 1->1
[2024-08-29T23:15:40.025+0800] GC(610) Archive regions: 2->2
[2024-08-29T23:15:40.025+0800] GC(610) Humongous regions: 916->511
[2024-08-29T23:15:40.025+0800] GC(610) Metaspace: 1625K(1792K)->1625K(1792K) NonClass: 1506K(1600K)->1506K(1600K) Class: 119K(192K)->119K(192K)
[2024-08-29T23:15:40.025+0800] GC(610) Pause Young (Concurrent Start) (G1 Humongous Allocation) 921M->512M(2048M) 1.464ms
[2024-08-29T23:15:40.025+0800] GC(610) User=0.00s Sys=0.00s Real=0.00s
[2024-08-29T23:15:40.025+0800] GC(611) Concurrent Undo Cycle
[2024-08-29T23:15:40.025+0800] GC(611) Concurrent Cleanup for Next Mark
[2024-08-29T23:15:40.029+0800] GC(611) Concurrent Cleanup for Next Mark 3.914ms
[2024-08-29T23:15:40.029+0800] GC(611) Concurrent Undo Cycle 4.073ms
[2024-08-29T23:15:40.175+0800] GC(612) Pause Young (Concurrent Start) (G1 Humongous Allocation)
[2024-08-29T23:15:40.175+0800] GC(612) Using 8 workers of 8 for evacuation
[2024-08-29T23:15:40.176+0800] GC(612)   Pre Evacuate Collection Set: 0.2ms
[2024-08-29T23:15:40.176+0800] GC(612)   Merge Heap Roots: 0.1ms
[2024-08-29T23:15:40.176+0800] GC(612)   Evacuate Collection Set: 0.4ms
[2024-08-29T23:15:40.176+0800] GC(612)   Post Evacuate Collection Set: 0.5ms
[2024-08-29T23:15:40.176+0800] GC(612)   Other: 0.2ms
[2024-08-29T23:15:40.176+0800] GC(612) Eden regions: 4->0(1228)
[2024-08-29T23:15:40.176+0800] GC(612) Survivor regions: 0->0(154)
[2024-08-29T23:15:40.176+0800] GC(612) Old regions: 1->1
[2024-08-29T23:15:40.176+0800] GC(612) Archive regions: 2->2
[2024-08-29T23:15:40.176+0800] GC(612) Humongous regions: 917->571
[2024-08-29T23:15:40.176+0800] GC(612) Metaspace: 1625K(1792K)->1625K(1792K) NonClass: 1506K(1600K)->1506K(1600K) Class: 119K(192K)->119K(192K)
[2024-08-29T23:15:40.176+0800] GC(612) Pause Young (Concurrent Start) (G1 Humongous Allocation) 922M->572M(2048M) 1.514ms
[2024-08-29T23:15:40.176+0800] GC(612) User=0.00s Sys=0.00s Real=0.00s
[2024-08-29T23:15:40.176+0800] GC(613) Concurrent Undo Cycle
[2024-08-29T23:15:40.176+0800] GC(613) Concurrent Cleanup for Next Mark
[2024-08-29T23:15:40.181+0800] GC(613) Concurrent Cleanup for Next Mark 4.396ms
[2024-08-29T23:15:40.181+0800] GC(613) Concurrent Undo Cycle 4.520ms
[2024-08-29T23:15:40.325+0800] GC(614) Pause Young (Concurrent Start) (G1 Humongous Allocation)
[2024-08-29T23:15:40.325+0800] GC(614) Using 8 workers of 8 for evacuation
[2024-08-29T23:15:40.327+0800] GC(614)   Pre Evacuate Collection Set: 0.4ms
[2024-08-29T23:15:40.327+0800] GC(614)   Merge Heap Roots: 0.1ms
[2024-08-29T23:15:40.327+0800] GC(614)   Evacuate Collection Set: 0.4ms
[2024-08-29T23:15:40.327+0800] GC(614)   Post Evacuate Collection Set: 0.5ms
[2024-08-29T23:15:40.327+0800] GC(614)   Other: 0.3ms
[2024-08-29T23:15:40.327+0800] GC(614) Eden regions: 4->0(1220)
[2024-08-29T23:15:40.327+0800] GC(614) Survivor regions: 0->0(154)
[2024-08-29T23:15:40.327+0800] GC(614) Old regions: 1->1
[2024-08-29T23:15:40.327+0800] GC(614) Archive regions: 2->2
[2024-08-29T23:15:40.327+0800] GC(614) Humongous regions: 918->619
[2024-08-29T23:15:40.327+0800] GC(614) Metaspace: 1625K(1792K)->1625K(1792K) NonClass: 1506K(1600K)->1506K(1600K) Class: 119K(192K)->119K(192K)
[2024-08-29T23:15:40.327+0800] GC(614) Pause Young (Concurrent Start) (G1 Humongous Allocation) 923M->620M(2048M) 1.772ms
[2024-08-29T23:15:40.327+0800] GC(614) User=0.00s Sys=0.00s Real=0.00s
[2024-08-29T23:15:40.327+0800] GC(615) Concurrent Undo Cycle
[2024-08-29T23:15:40.327+0800] GC(615) Concurrent Cleanup for Next Mark
[2024-08-29T23:15:40.335+0800] GC(615) Concurrent Cleanup for Next Mark 7.790ms
[2024-08-29T23:15:40.335+0800] GC(615) Concurrent Undo Cycle 7.947ms
[2024-08-29T23:15:40.446+0800] GC(616) Pause Young (Concurrent Start) (G1 Humongous Allocation)
[2024-08-29T23:15:40.446+0800] GC(616) Using 8 workers of 8 for evacuation
[2024-08-29T23:15:40.448+0800] GC(616)   Pre Evacuate Collection Set: 0.3ms
[2024-08-29T23:15:40.448+0800] GC(616)   Merge Heap Roots: 0.1ms
[2024-08-29T23:15:40.448+0800] GC(616)   Evacuate Collection Set: 0.5ms
[2024-08-29T23:15:40.448+0800] GC(616)   Post Evacuate Collection Set: 0.4ms
[2024-08-29T23:15:40.448+0800] GC(616)   Other: 0.3ms
[2024-08-29T23:15:40.448+0800] GC(616) Eden regions: 4->0(1192)
[2024-08-29T23:15:40.448+0800] GC(616) Survivor regions: 0->0(153)
[2024-08-29T23:15:40.448+0800] GC(616) Old regions: 1->1
[2024-08-29T23:15:40.448+0800] GC(616) Archive regions: 2->2
[2024-08-29T23:15:40.448+0800] GC(616) Humongous regions: 918->647
[2024-08-29T23:15:40.448+0800] GC(616) Metaspace: 1625K(1792K)->1625K(1792K) NonClass: 1506K(1600K)->1506K(1600K) Class: 119K(192K)->119K(192K)
[2024-08-29T23:15:40.448+0800] GC(616) Pause Young (Concurrent Start) (G1 Humongous Allocation) 923M->648M(2048M) 1.701ms
[2024-08-29T23:15:40.448+0800] GC(616) User=0.00s Sys=0.00s Real=0.00s
[2024-08-29T23:15:40.448+0800] GC(617) Concurrent Undo Cycle
[2024-08-29T23:15:40.448+0800] GC(617) Concurrent Cleanup for Next Mark
[2024-08-29T23:15:40.453+0800] GC(617) Concurrent Cleanup for Next Mark 4.836ms
[2024-08-29T23:15:40.453+0800] GC(617) Concurrent Undo Cycle 4.970ms
[2024-08-29T23:15:40.572+0800] GC(618) Pause Young (Concurrent Start) (G1 Humongous Allocation)
[2024-08-29T23:15:40.572+0800] GC(618) Using 8 workers of 8 for evacuation
[2024-08-29T23:15:40.574+0800] GC(618)   Pre Evacuate Collection Set: 0.2ms
[2024-08-29T23:15:40.574+0800] GC(618)   Merge Heap Roots: 0.2ms
[2024-08-29T23:15:40.574+0800] GC(618)   Evacuate Collection Set: 0.6ms
[2024-08-29T23:15:40.574+0800] GC(618)   Post Evacuate Collection Set: 0.5ms
[2024-08-29T23:15:40.574+0800] GC(618)   Other: 0.3ms
[2024-08-29T23:15:40.574+0800] GC(618) Eden regions: 4->0(1228)
[2024-08-29T23:15:40.574+0800] GC(618) Survivor regions: 0->0(149)
[2024-08-29T23:15:40.574+0800] GC(618) Old regions: 1->1
[2024-08-29T23:15:40.574+0800] GC(618) Archive regions: 2->2
[2024-08-29T23:15:40.574+0800] GC(618) Humongous regions: 918->595
[2024-08-29T23:15:40.574+0800] GC(618) Metaspace: 1625K(1792K)->1625K(1792K) NonClass: 1506K(1600K)->1506K(1600K) Class: 119K(192K)->119K(192K)
[2024-08-29T23:15:40.574+0800] GC(618) Pause Young (Concurrent Start) (G1 Humongous Allocation) 923M->596M(2048M) 1.764ms
[2024-08-29T23:15:40.574+0800] GC(618) User=0.00s Sys=0.00s Real=0.01s
[2024-08-29T23:15:40.574+0800] GC(619) Concurrent Undo Cycle
[2024-08-29T23:15:40.574+0800] GC(619) Concurrent Cleanup for Next Mark
[2024-08-29T23:15:40.579+0800] GC(619) Concurrent Cleanup for Next Mark 4.398ms
[2024-08-29T23:15:40.579+0800] GC(619) Concurrent Undo Cycle 4.488ms
[2024-08-29T23:15:40.707+0800] GC(620) Pause Young (Concurrent Start) (G1 Humongous Allocation)
[2024-08-29T23:15:40.707+0800] GC(620) Using 8 workers of 8 for evacuation
[2024-08-29T23:15:40.709+0800] GC(620)   Pre Evacuate Collection Set: 0.3ms
[2024-08-29T23:15:40.709+0800] GC(620)   Merge Heap Roots: 0.1ms
[2024-08-29T23:15:40.709+0800] GC(620)   Evacuate Collection Set: 0.6ms
[2024-08-29T23:15:40.709+0800] GC(620)   Post Evacuate Collection Set: 0.4ms
[2024-08-29T23:15:40.709+0800] GC(620)   Other: 0.3ms
[2024-08-29T23:15:40.709+0800] GC(620) Eden regions: 4->0(1219)
[2024-08-29T23:15:40.709+0800] GC(620) Survivor regions: 0->0(154)
[2024-08-29T23:15:40.709+0800] GC(620) Old regions: 1->1
[2024-08-29T23:15:40.709+0800] GC(620) Archive regions: 2->2
[2024-08-29T23:15:40.709+0800] GC(620) Humongous regions: 916->620
[2024-08-29T23:15:40.709+0800] GC(620) Metaspace: 1625K(1792K)->1625K(1792K) NonClass: 1506K(1600K)->1506K(1600K) Class: 119K(192K)->119K(192K)
[2024-08-29T23:15:40.709+0800] GC(620) Pause Young (Concurrent Start) (G1 Humongous Allocation) 921M->621M(2048M) 1.767ms
[2024-08-29T23:15:40.709+0800] GC(620) User=0.00s Sys=0.00s Real=0.00s
[2024-08-29T23:15:40.709+0800] GC(621) Concurrent Undo Cycle
[2024-08-29T23:15:40.709+0800] GC(621) Concurrent Cleanup for Next Mark
[2024-08-29T23:15:40.716+0800] GC(621) Concurrent Cleanup for Next Mark 6.825ms
[2024-08-29T23:15:40.716+0800] GC(621) Concurrent Undo Cycle 6.954ms
[2024-08-29T23:15:40.817+0800] GC(622) Pause Young (Concurrent Start) (G1 Humongous Allocation)
[2024-08-29T23:15:40.817+0800] GC(622) Using 8 workers of 8 for evacuation
[2024-08-29T23:15:40.819+0800] GC(622)   Pre Evacuate Collection Set: 0.3ms
[2024-08-29T23:15:40.819+0800] GC(622)   Merge Heap Roots: 0.2ms
[2024-08-29T23:15:40.819+0800] GC(622)   Evacuate Collection Set: 0.5ms
[2024-08-29T23:15:40.819+0800] GC(622)   Post Evacuate Collection Set: 0.4ms
[2024-08-29T23:15:40.819+0800] GC(622)   Other: 0.3ms
[2024-08-29T23:15:40.819+0800] GC(622) Eden regions: 4->0(1158)
[2024-08-29T23:15:40.819+0800] GC(622) Survivor regions: 0->0(153)
[2024-08-29T23:15:40.819+0800] GC(622) Old regions: 1->1
[2024-08-29T23:15:40.819+0800] GC(622) Archive regions: 2->2
[2024-08-29T23:15:40.819+0800] GC(622) Humongous regions: 916->681
[2024-08-29T23:15:40.819+0800] GC(622) Metaspace: 1625K(1792K)->1625K(1792K) NonClass: 1506K(1600K)->1506K(1600K) Class: 119K(192K)->119K(192K)
[2024-08-29T23:15:40.819+0800] GC(622) Pause Young (Concurrent Start) (G1 Humongous Allocation) 921M->682M(2048M) 1.876ms
[2024-08-29T23:15:40.819+0800] GC(622) User=0.00s Sys=0.00s Real=0.00s
[2024-08-29T23:15:40.819+0800] GC(623) Concurrent Undo Cycle
[2024-08-29T23:15:40.819+0800] GC(623) Concurrent Cleanup for Next Mark
[2024-08-29T23:15:40.825+0800] GC(623) Concurrent Cleanup for Next Mark 5.842ms
[2024-08-29T23:15:40.825+0800] GC(623) Concurrent Undo Cycle 5.996ms
[2024-08-29T23:15:40.898+0800] GC(624) Pause Young (Concurrent Start) (G1 Humongous Allocation)
[2024-08-29T23:15:40.898+0800] GC(624) Using 8 workers of 8 for evacuation
[2024-08-29T23:15:40.900+0800] GC(624)   Pre Evacuate Collection Set: 0.4ms
[2024-08-29T23:15:40.900+0800] GC(624)   Merge Heap Roots: 0.1ms
[2024-08-29T23:15:40.900+0800] GC(624)   Evacuate Collection Set: 0.5ms
[2024-08-29T23:15:40.900+0800] GC(624)   Post Evacuate Collection Set: 0.4ms
[2024-08-29T23:15:40.900+0800] GC(624)   Other: 0.2ms
[2024-08-29T23:15:40.900+0800] GC(624) Eden regions: 4->0(1123)
[2024-08-29T23:15:40.900+0800] GC(624) Survivor regions: 0->0(145)
[2024-08-29T23:15:40.900+0800] GC(624) Old regions: 1->1
[2024-08-29T23:15:40.900+0800] GC(624) Archive regions: 2->2
[2024-08-29T23:15:40.900+0800] GC(624) Humongous regions: 916->716
[2024-08-29T23:15:40.900+0800] GC(624) Metaspace: 1625K(1792K)->1625K(1792K) NonClass: 1506K(1600K)->1506K(1600K) Class: 119K(192K)->119K(192K)
[2024-08-29T23:15:40.900+0800] GC(624) Pause Young (Concurrent Start) (G1 Humongous Allocation) 921M->717M(2048M) 1.775ms
[2024-08-29T23:15:40.900+0800] GC(624) User=0.01s Sys=0.00s Real=0.00s
[2024-08-29T23:15:40.900+0800] GC(625) Concurrent Undo Cycle
[2024-08-29T23:15:40.900+0800] GC(625) Concurrent Cleanup for Next Mark
[2024-08-29T23:15:40.905+0800] GC(625) Concurrent Cleanup for Next Mark 5.243ms
[2024-08-29T23:15:40.905+0800] GC(625) Concurrent Undo Cycle 5.353ms
[2024-08-29T23:15:40.988+0800] GC(626) Pause Young (Concurrent Start) (G1 Humongous Allocation)
[2024-08-29T23:15:40.988+0800] GC(626) Using 8 workers of 8 for evacuation
[2024-08-29T23:15:40.990+0800] GC(626)   Pre Evacuate Collection Set: 0.2ms
[2024-08-29T23:15:40.990+0800] GC(626)   Merge Heap Roots: 0.2ms
[2024-08-29T23:15:40.990+0800] GC(626)   Evacuate Collection Set: 0.6ms
[2024-08-29T23:15:40.990+0800] GC(626)   Post Evacuate Collection Set: 0.4ms
[2024-08-29T23:15:40.990+0800] GC(626)   Other: 0.3ms
[2024-08-29T23:15:40.990+0800] GC(626) Eden regions: 4->0(1144)
[2024-08-29T23:15:40.990+0800] GC(626) Survivor regions: 0->0(141)
[2024-08-29T23:15:40.990+0800] GC(626) Old regions: 1->1
[2024-08-29T23:15:40.990+0800] GC(626) Archive regions: 2->2
[2024-08-29T23:15:40.990+0800] GC(626) Humongous regions: 916->695
[2024-08-29T23:15:40.990+0800] GC(626) Metaspace: 1625K(1792K)->1625K(1792K) NonClass: 1506K(1600K)->1506K(1600K) Class: 119K(192K)->119K(192K)
[2024-08-29T23:15:40.990+0800] GC(626) Pause Young (Concurrent Start) (G1 Humongous Allocation) 921M->696M(2048M) 1.719ms
[2024-08-29T23:15:40.990+0800] GC(626) User=0.00s Sys=0.00s Real=0.00s
[2024-08-29T23:15:40.990+0800] GC(627) Concurrent Undo Cycle
[2024-08-29T23:15:40.990+0800] GC(627) Concurrent Cleanup for Next Mark
[2024-08-29T23:15:40.996+0800] GC(627) Concurrent Cleanup for Next Mark 6.285ms
[2024-08-29T23:15:40.996+0800] GC(627) Concurrent Undo Cycle 6.372ms
[2024-08-29T23:15:41.077+0800] GC(628) Pause Young (Concurrent Start) (G1 Humongous Allocation)
[2024-08-29T23:15:41.077+0800] GC(628) Using 8 workers of 8 for evacuation
[2024-08-29T23:15:41.078+0800] GC(628)   Pre Evacuate Collection Set: 0.4ms
[2024-08-29T23:15:41.078+0800] GC(628)   Merge Heap Roots: 0.2ms
[2024-08-29T23:15:41.078+0800] GC(628)   Evacuate Collection Set: 0.4ms
[2024-08-29T23:15:41.078+0800] GC(628)   Post Evacuate Collection Set: 0.4ms
[2024-08-29T23:15:41.078+0800] GC(628)   Other: 0.3ms
[2024-08-29T23:15:41.078+0800] GC(628) Eden regions: 4->0(1090)
[2024-08-29T23:15:41.078+0800] GC(628) Survivor regions: 0->0(143)
[2024-08-29T23:15:41.078+0800] GC(628) Old regions: 1->1
[2024-08-29T23:15:41.078+0800] GC(628) Archive regions: 2->2
[2024-08-29T23:15:41.078+0800] GC(628) Humongous regions: 918->749
[2024-08-29T23:15:41.078+0800] GC(628) Metaspace: 1625K(1792K)->1625K(1792K) NonClass: 1506K(1600K)->1506K(1600K) Class: 119K(192K)->119K(192K)
[2024-08-29T23:15:41.078+0800] GC(628) Pause Young (Concurrent Start) (G1 Humongous Allocation) 923M->750M(2048M) 1.630ms
[2024-08-29T23:15:41.078+0800] GC(628) User=0.00s Sys=0.01s Real=0.00s
[2024-08-29T23:15:41.078+0800] GC(629) Concurrent Undo Cycle
[2024-08-29T23:15:41.078+0800] GC(629) Concurrent Cleanup for Next Mark
[2024-08-29T23:15:41.083+0800] GC(629) Concurrent Cleanup for Next Mark 5.016ms
[2024-08-29T23:15:41.084+0800] GC(629) Concurrent Undo Cycle 5.136ms
[2024-08-29T23:15:41.146+0800] GC(630) Pause Young (Concurrent Start) (G1 Humongous Allocation)
[2024-08-29T23:15:41.146+0800] GC(630) Using 8 workers of 8 for evacuation
[2024-08-29T23:15:41.147+0800] GC(630)   Pre Evacuate Collection Set: 0.2ms
[2024-08-29T23:15:41.147+0800] GC(630)   Merge Heap Roots: 0.1ms
[2024-08-29T23:15:41.147+0800] GC(630)   Evacuate Collection Set: 0.6ms
[2024-08-29T23:15:41.147+0800] GC(630)   Post Evacuate Collection Set: 0.4ms
[2024-08-29T23:15:41.147+0800] GC(630)   Other: 0.2ms
[2024-08-29T23:15:41.147+0800] GC(630) Eden regions: 4->0(1111)
[2024-08-29T23:15:41.147+0800] GC(630) Survivor regions: 0->0(137)
[2024-08-29T23:15:41.147+0800] GC(630) Old regions: 1->1
[2024-08-29T23:15:41.147+0800] GC(630) Archive regions: 2->2
[2024-08-29T23:15:41.147+0800] GC(630) Humongous regions: 919->728
[2024-08-29T23:15:41.147+0800] GC(630) Metaspace: 1625K(1792K)->1625K(1792K) NonClass: 1506K(1600K)->1506K(1600K) Class: 119K(192K)->119K(192K)
[2024-08-29T23:15:41.147+0800] GC(630) Pause Young (Concurrent Start) (G1 Humongous Allocation) 924M->729M(2048M) 1.623ms
[2024-08-29T23:15:41.147+0800] GC(630) User=0.00s Sys=0.00s Real=0.00s
[2024-08-29T23:15:41.147+0800] GC(631) Concurrent Undo Cycle
[2024-08-29T23:15:41.147+0800] GC(631) Concurrent Cleanup for Next Mark
[2024-08-29T23:15:41.153+0800] GC(631) Concurrent Cleanup for Next Mark 6.131ms
[2024-08-29T23:15:41.154+0800] GC(631) Concurrent Undo Cycle 6.271ms
[2024-08-29T23:15:41.225+0800] GC(632) Pause Young (Concurrent Start) (G1 Humongous Allocation)
[2024-08-29T23:15:41.225+0800] GC(632) Using 8 workers of 8 for evacuation
[2024-08-29T23:15:41.226+0800] GC(632)   Pre Evacuate Collection Set: 0.3ms
[2024-08-29T23:15:41.226+0800] GC(632)   Merge Heap Roots: 0.1ms
[2024-08-29T23:15:41.226+0800] GC(632)   Evacuate Collection Set: 0.4ms
[2024-08-29T23:15:41.226+0800] GC(632)   Post Evacuate Collection Set: 0.4ms
[2024-08-29T23:15:41.226+0800] GC(632)   Other: 0.2ms
[2024-08-29T23:15:41.226+0800] GC(632) Eden regions: 4->0(1145)
[2024-08-29T23:15:41.226+0800] GC(632) Survivor regions: 0->0(139)
[2024-08-29T23:15:41.226+0800] GC(632) Old regions: 1->1
[2024-08-29T23:15:41.226+0800] GC(632) Archive regions: 2->2
[2024-08-29T23:15:41.226+0800] GC(632) Humongous regions: 916->694
[2024-08-29T23:15:41.226+0800] GC(632) Metaspace: 1625K(1792K)->1625K(1792K) NonClass: 1506K(1600K)->1506K(1600K) Class: 119K(192K)->119K(192K)
[2024-08-29T23:15:41.226+0800] GC(632) Pause Young (Concurrent Start) (G1 Humongous Allocation) 921M->695M(2048M) 1.536ms
[2024-08-29T23:15:41.226+0800] GC(632) User=0.01s Sys=0.00s Real=0.00s
[2024-08-29T23:15:41.226+0800] GC(633) Concurrent Undo Cycle
[2024-08-29T23:15:41.226+0800] GC(633) Concurrent Cleanup for Next Mark
[2024-08-29T23:15:41.232+0800] GC(633) Concurrent Cleanup for Next Mark 5.606ms
[2024-08-29T23:15:41.232+0800] GC(633) Concurrent Undo Cycle 5.740ms
[2024-08-29T23:15:41.310+0800] GC(634) Pause Young (Concurrent Start) (G1 Humongous Allocation)
[2024-08-29T23:15:41.310+0800] GC(634) Using 8 workers of 8 for evacuation
[2024-08-29T23:15:41.311+0800] GC(634)   Pre Evacuate Collection Set: 0.3ms
[2024-08-29T23:15:41.311+0800] GC(634)   Merge Heap Roots: 0.1ms
[2024-08-29T23:15:41.312+0800] GC(634)   Evacuate Collection Set: 0.3ms
[2024-08-29T23:15:41.312+0800] GC(634)   Post Evacuate Collection Set: 0.4ms
[2024-08-29T23:15:41.312+0800] GC(634)   Other: 0.2ms
[2024-08-29T23:15:41.312+0800] GC(634) Eden regions: 4->0(1136)
[2024-08-29T23:15:41.312+0800] GC(634) Survivor regions: 0->0(144)
[2024-08-29T23:15:41.312+0800] GC(634) Old regions: 1->1
[2024-08-29T23:15:41.312+0800] GC(634) Archive regions: 2->2
[2024-08-29T23:15:41.312+0800] GC(634) Humongous regions: 915->703
[2024-08-29T23:15:41.312+0800] GC(634) Metaspace: 1625K(1792K)->1625K(1792K) NonClass: 1506K(1600K)->1506K(1600K) Class: 119K(192K)->119K(192K)
[2024-08-29T23:15:41.312+0800] GC(634) Pause Young (Concurrent Start) (G1 Humongous Allocation) 920M->704M(2048M) 1.471ms
[2024-08-29T23:15:41.312+0800] GC(634) User=0.00s Sys=0.00s Real=0.00s
[2024-08-29T23:15:41.312+0800] GC(635) Concurrent Undo Cycle
[2024-08-29T23:15:41.312+0800] GC(635) Concurrent Cleanup for Next Mark
[2024-08-29T23:15:41.316+0800] GC(635) Concurrent Cleanup for Next Mark 4.476ms
[2024-08-29T23:15:41.316+0800] GC(635) Concurrent Undo Cycle 4.580ms
[2024-08-29T23:15:41.402+0800] GC(636) Pause Young (Concurrent Start) (G1 Humongous Allocation)
[2024-08-29T23:15:41.402+0800] GC(636) Using 8 workers of 8 for evacuation
[2024-08-29T23:15:41.404+0800] GC(636)   Pre Evacuate Collection Set: 0.3ms
[2024-08-29T23:15:41.404+0800] GC(636)   Merge Heap Roots: 0.1ms
[2024-08-29T23:15:41.404+0800] GC(636)   Evacuate Collection Set: 0.4ms
[2024-08-29T23:15:41.404+0800] GC(636)   Post Evacuate Collection Set: 0.4ms
[2024-08-29T23:15:41.404+0800] GC(636)   Other: 0.2ms
[2024-08-29T23:15:41.404+0800] GC(636) Eden regions: 4->0(1103)
[2024-08-29T23:15:41.404+0800] GC(636) Survivor regions: 0->0(142)
[2024-08-29T23:15:41.404+0800] GC(636) Old regions: 1->1
[2024-08-29T23:15:41.404+0800] GC(636) Archive regions: 2->2
[2024-08-29T23:15:41.404+0800] GC(636) Humongous regions: 919->736
[2024-08-29T23:15:41.404+0800] GC(636) Metaspace: 1625K(1792K)->1625K(1792K) NonClass: 1506K(1600K)->1506K(1600K) Class: 119K(192K)->119K(192K)
[2024-08-29T23:15:41.404+0800] GC(636) Pause Young (Concurrent Start) (G1 Humongous Allocation) 924M->737M(2048M) 1.604ms
[2024-08-29T23:15:41.404+0800] GC(636) User=0.00s Sys=0.00s Real=0.01s
[2024-08-29T23:15:41.404+0800] GC(637) Concurrent Undo Cycle
[2024-08-29T23:15:41.404+0800] GC(637) Concurrent Cleanup for Next Mark
[2024-08-29T23:15:41.411+0800] GC(637) Concurrent Cleanup for Next Mark 7.270ms
[2024-08-29T23:15:41.411+0800] GC(637) Concurrent Undo Cycle 7.446ms
[2024-08-29T23:15:41.469+0800] GC(638) Pause Young (Concurrent Start) (G1 Humongous Allocation)
[2024-08-29T23:15:41.469+0800] GC(638) Using 8 workers of 8 for evacuation
[2024-08-29T23:15:41.471+0800] GC(638)   Pre Evacuate Collection Set: 0.3ms
[2024-08-29T23:15:41.471+0800] GC(638)   Merge Heap Roots: 0.2ms
[2024-08-29T23:15:41.471+0800] GC(638)   Evacuate Collection Set: 0.5ms
[2024-08-29T23:15:41.471+0800] GC(638)   Post Evacuate Collection Set: 0.4ms
[2024-08-29T23:15:41.471+0800] GC(638)   Other: 0.3ms
[2024-08-29T23:15:41.471+0800] GC(638) Eden regions: 4->0(1075)
[2024-08-29T23:15:41.471+0800] GC(638) Survivor regions: 0->0(138)
[2024-08-29T23:15:41.471+0800] GC(638) Old regions: 1->1
[2024-08-29T23:15:41.471+0800] GC(638) Archive regions: 2->2
[2024-08-29T23:15:41.471+0800] GC(638) Humongous regions: 917->764
[2024-08-29T23:15:41.471+0800] GC(638) Metaspace: 1625K(1792K)->1625K(1792K) NonClass: 1506K(1600K)->1506K(1600K) Class: 119K(192K)->119K(192K)
[2024-08-29T23:15:41.471+0800] GC(638) Pause Young (Concurrent Start) (G1 Humongous Allocation) 922M->765M(2048M) 1.756ms
[2024-08-29T23:15:41.471+0800] GC(638) User=0.00s Sys=0.01s Real=0.00s
[2024-08-29T23:15:41.471+0800] GC(639) Concurrent Undo Cycle
[2024-08-29T23:15:41.471+0800] GC(639) Concurrent Cleanup for Next Mark
[2024-08-29T23:15:41.478+0800] GC(639) Concurrent Cleanup for Next Mark 6.939ms
[2024-08-29T23:15:41.478+0800] GC(639) Concurrent Undo Cycle 7.146ms
[2024-08-29T23:15:41.536+0800] GC(640) Pause Young (Concurrent Start) (G1 Humongous Allocation)
[2024-08-29T23:15:41.536+0800] GC(640) Using 8 workers of 8 for evacuation
[2024-08-29T23:15:41.538+0800] GC(640)   Pre Evacuate Collection Set: 0.4ms
[2024-08-29T23:15:41.538+0800] GC(640)   Merge Heap Roots: 0.1ms
[2024-08-29T23:15:41.538+0800] GC(640)   Evacuate Collection Set: 0.4ms
[2024-08-29T23:15:41.538+0800] GC(640)   Post Evacuate Collection Set: 0.4ms
[2024-08-29T23:15:41.538+0800] GC(640)   Other: 0.3ms
[2024-08-29T23:15:41.538+0800] GC(640) Eden regions: 4->0(1085)
[2024-08-29T23:15:41.538+0800] GC(640) Survivor regions: 0->0(135)
[2024-08-29T23:15:41.538+0800] GC(640) Old regions: 1->1
[2024-08-29T23:15:41.538+0800] GC(640) Archive regions: 2->2
[2024-08-29T23:15:41.538+0800] GC(640) Humongous regions: 915->754
[2024-08-29T23:15:41.538+0800] GC(640) Metaspace: 1625K(1792K)->1625K(1792K) NonClass: 1506K(1600K)->1506K(1600K) Class: 119K(192K)->119K(192K)
[2024-08-29T23:15:41.538+0800] GC(640) Pause Young (Concurrent Start) (G1 Humongous Allocation) 920M->755M(2048M) 1.646ms
[2024-08-29T23:15:41.538+0800] GC(640) User=0.00s Sys=0.00s Real=0.00s
[2024-08-29T23:15:41.538+0800] GC(641) Concurrent Undo Cycle
[2024-08-29T23:15:41.538+0800] GC(641) Concurrent Cleanup for Next Mark
[2024-08-29T23:15:41.545+0800] GC(641) Concurrent Cleanup for Next Mark 7.033ms
[2024-08-29T23:15:41.545+0800] GC(641) Concurrent Undo Cycle 7.259ms
[2024-08-29T23:15:41.587+0800] GC(642) Pause Young (Concurrent Start) (G1 Humongous Allocation)
[2024-08-29T23:15:41.588+0800] GC(642) Using 8 workers of 8 for evacuation
[2024-08-29T23:15:41.589+0800] GC(642)   Pre Evacuate Collection Set: 0.3ms
[2024-08-29T23:15:41.589+0800] GC(642)   Merge Heap Roots: 0.1ms
[2024-08-29T23:15:41.589+0800] GC(642)   Evacuate Collection Set: 0.4ms
[2024-08-29T23:15:41.589+0800] GC(642)   Post Evacuate Collection Set: 0.3ms
[2024-08-29T23:15:41.589+0800] GC(642)   Other: 0.2ms
[2024-08-29T23:15:41.589+0800] GC(642) Eden regions: 4->0(1006)
[2024-08-29T23:15:41.589+0800] GC(642) Survivor regions: 0->0(136)
[2024-08-29T23:15:41.589+0800] GC(642) Old regions: 1->1
[2024-08-29T23:15:41.589+0800] GC(642) Archive regions: 2->2
[2024-08-29T23:15:41.589+0800] GC(642) Humongous regions: 919->833
[2024-08-29T23:15:41.589+0800] GC(642) Metaspace: 1625K(1792K)->1625K(1792K) NonClass: 1506K(1600K)->1506K(1600K) Class: 119K(192K)->119K(192K)
[2024-08-29T23:15:41.589+0800] GC(642) Pause Young (Concurrent Start) (G1 Humongous Allocation) 924M->834M(2048M) 1.431ms
[2024-08-29T23:15:41.589+0800] GC(642) User=0.00s Sys=0.01s Real=0.00s
[2024-08-29T23:15:41.589+0800] GC(643) Concurrent Undo Cycle
[2024-08-29T23:15:41.589+0800] GC(643) Concurrent Cleanup for Next Mark
[2024-08-29T23:15:41.595+0800] GC(643) Concurrent Cleanup for Next Mark 6.285ms
[2024-08-29T23:15:41.595+0800] GC(643) Concurrent Undo Cycle 6.446ms
[2024-08-29T23:15:41.622+0800] GC(644) Pause Young (Concurrent Start) (G1 Humongous Allocation)
[2024-08-29T23:15:41.622+0800] GC(644) Using 8 workers of 8 for evacuation
[2024-08-29T23:15:41.623+0800] GC(644)   Pre Evacuate Collection Set: 0.3ms
[2024-08-29T23:15:41.623+0800] GC(644)   Merge Heap Roots: 0.1ms
[2024-08-29T23:15:41.623+0800] GC(644)   Evacuate Collection Set: 0.4ms
[2024-08-29T23:15:41.623+0800] GC(644)   Post Evacuate Collection Set: 0.3ms
[2024-08-29T23:15:41.624+0800] GC(644)   Other: 0.2ms
[2024-08-29T23:15:41.624+0800] GC(644) Eden regions: 4->0(981)
[2024-08-29T23:15:41.624+0800] GC(644) Survivor regions: 0->0(126)
[2024-08-29T23:15:41.624+0800] GC(644) Old regions: 1->1
[2024-08-29T23:15:41.624+0800] GC(644) Archive regions: 2->2
[2024-08-29T23:15:41.624+0800] GC(644) Humongous regions: 918->858
[2024-08-29T23:15:41.624+0800] GC(644) Metaspace: 1625K(1792K)->1625K(1792K) NonClass: 1506K(1600K)->1506K(1600K) Class: 119K(192K)->119K(192K)
[2024-08-29T23:15:41.624+0800] GC(644) Pause Young (Concurrent Start) (G1 Humongous Allocation) 923M->859M(2048M) 1.410ms
[2024-08-29T23:15:41.624+0800] GC(644) User=0.00s Sys=0.00s Real=0.01s
[2024-08-29T23:15:41.624+0800] GC(645) Concurrent Undo Cycle
[2024-08-29T23:15:41.624+0800] GC(645) Concurrent Cleanup for Next Mark
[2024-08-29T23:15:41.629+0800] GC(645) Concurrent Cleanup for Next Mark 5.239ms
[2024-08-29T23:15:41.629+0800] GC(645) Concurrent Undo Cycle 5.320ms
[2024-08-29T23:15:41.644+0800] GC(646) Pause Young (Concurrent Start) (G1 Humongous Allocation)
[2024-08-29T23:15:41.644+0800] GC(646) Using 8 workers of 8 for evacuation
[2024-08-29T23:15:41.645+0800] GC(646)   Pre Evacuate Collection Set: 0.2ms
[2024-08-29T23:15:41.645+0800] GC(646)   Merge Heap Roots: 0.2ms
[2024-08-29T23:15:41.645+0800] GC(646)   Evacuate Collection Set: 0.3ms
[2024-08-29T23:15:41.645+0800] GC(646)   Post Evacuate Collection Set: 0.3ms
[2024-08-29T23:15:41.645+0800] GC(646)   Other: 0.2ms
[2024-08-29T23:15:41.645+0800] GC(646) Eden regions: 4->0(979)
[2024-08-29T23:15:41.645+0800] GC(646) Survivor regions: 0->0(123)
[2024-08-29T23:15:41.645+0800] GC(646) Old regions: 1->1
[2024-08-29T23:15:41.645+0800] GC(646) Archive regions: 2->2
[2024-08-29T23:15:41.645+0800] GC(646) Humongous regions: 919->860
[2024-08-29T23:15:41.645+0800] GC(646) Metaspace: 1625K(1792K)->1625K(1792K) NonClass: 1506K(1600K)->1506K(1600K) Class: 119K(192K)->119K(192K)
[2024-08-29T23:15:41.645+0800] GC(646) Pause Young (Concurrent Start) (G1 Humongous Allocation) 924M->861M(2048M) 1.234ms
[2024-08-29T23:15:41.645+0800] GC(646) User=0.00s Sys=0.00s Real=0.00s
[2024-08-29T23:15:41.645+0800] GC(647) Concurrent Undo Cycle
[2024-08-29T23:15:41.645+0800] GC(647) Concurrent Cleanup for Next Mark
[2024-08-29T23:15:41.653+0800] GC(647) Concurrent Cleanup for Next Mark 7.169ms
[2024-08-29T23:15:41.653+0800] GC(647) Concurrent Undo Cycle 7.331ms
[2024-08-29T23:15:41.667+0800] GC(648) Pause Young (Concurrent Start) (G1 Humongous Allocation)
[2024-08-29T23:15:41.667+0800] GC(648) Using 8 workers of 8 for evacuation
[2024-08-29T23:15:41.668+0800] GC(648)   Pre Evacuate Collection Set: 0.2ms
[2024-08-29T23:15:41.668+0800] GC(648)   Merge Heap Roots: 0.1ms
[2024-08-29T23:15:41.668+0800] GC(648)   Evacuate Collection Set: 0.3ms
[2024-08-29T23:15:41.668+0800] GC(648)   Post Evacuate Collection Set: 0.3ms
[2024-08-29T23:15:41.668+0800] GC(648)   Other: 0.2ms
[2024-08-29T23:15:41.668+0800] GC(648) Eden regions: 4->0(970)
[2024-08-29T23:15:41.668+0800] GC(648) Survivor regions: 0->0(123)
[2024-08-29T23:15:41.668+0800] GC(648) Old regions: 1->1
[2024-08-29T23:15:41.668+0800] GC(648) Archive regions: 2->2
[2024-08-29T23:15:41.668+0800] GC(648) Humongous regions: 916->869
[2024-08-29T23:15:41.668+0800] GC(648) Metaspace: 1625K(1792K)->1625K(1792K) NonClass: 1506K(1600K)->1506K(1600K) Class: 119K(192K)->119K(192K)
[2024-08-29T23:15:41.668+0800] GC(648) Pause Young (Concurrent Start) (G1 Humongous Allocation) 921M->870M(2048M) 1.098ms
[2024-08-29T23:15:41.668+0800] GC(648) User=0.00s Sys=0.00s Real=0.00s
[2024-08-29T23:15:41.668+0800] GC(649) Concurrent Undo Cycle
[2024-08-29T23:15:41.668+0800] GC(649) Concurrent Cleanup for Next Mark
[2024-08-29T23:15:41.673+0800] GC(649) Concurrent Cleanup for Next Mark 4.567ms
[2024-08-29T23:15:41.673+0800] GC(649) Concurrent Undo Cycle 4.685ms
[2024-08-29T23:15:41.687+0800] GC(650) Pause Young (Concurrent Start) (G1 Humongous Allocation)
[2024-08-29T23:15:41.687+0800] GC(650) Using 8 workers of 8 for evacuation
[2024-08-29T23:15:41.688+0800] GC(650)   Pre Evacuate Collection Set: 0.2ms
[2024-08-29T23:15:41.688+0800] GC(650)   Merge Heap Roots: 0.1ms
[2024-08-29T23:15:41.688+0800] GC(650)   Evacuate Collection Set: 0.3ms
[2024-08-29T23:15:41.688+0800] GC(650)   Post Evacuate Collection Set: 0.3ms
[2024-08-29T23:15:41.688+0800] GC(650)   Other: 0.2ms
[2024-08-29T23:15:41.688+0800] GC(650) Eden regions: 4->0(982)
[2024-08-29T23:15:41.688+0800] GC(650) Survivor regions: 0->0(122)
[2024-08-29T23:15:41.688+0800] GC(650) Old regions: 1->1
[2024-08-29T23:15:41.688+0800] GC(650) Archive regions: 2->2
[2024-08-29T23:15:41.688+0800] GC(650) Humongous regions: 917->857
[2024-08-29T23:15:41.688+0800] GC(650) Metaspace: 1625K(1792K)->1625K(1792K) NonClass: 1506K(1600K)->1506K(1600K) Class: 119K(192K)->119K(192K)
[2024-08-29T23:15:41.688+0800] GC(650) Pause Young (Concurrent Start) (G1 Humongous Allocation) 922M->858M(2048M) 1.139ms
[2024-08-29T23:15:41.688+0800] GC(650) User=0.00s Sys=0.00s Real=0.00s
[2024-08-29T23:15:41.688+0800] GC(651) Concurrent Undo Cycle
[2024-08-29T23:15:41.688+0800] GC(651) Concurrent Cleanup for Next Mark
[2024-08-29T23:15:41.695+0800] GC(651) Concurrent Cleanup for Next Mark 6.625ms
[2024-08-29T23:15:41.695+0800] GC(651) Concurrent Undo Cycle 6.741ms
[2024-08-29T23:15:41.708+0800] GC(652) Pause Young (Concurrent Start) (G1 Humongous Allocation)
[2024-08-29T23:15:41.708+0800] GC(652) Using 8 workers of 8 for evacuation
[2024-08-29T23:15:41.710+0800] GC(652)   Pre Evacuate Collection Set: 0.3ms
[2024-08-29T23:15:41.710+0800] GC(652)   Merge Heap Roots: 0.1ms
[2024-08-29T23:15:41.710+0800] GC(652)   Evacuate Collection Set: 0.3ms
[2024-08-29T23:15:41.710+0800] GC(652)   Post Evacuate Collection Set: 0.2ms
[2024-08-29T23:15:41.710+0800] GC(652)   Other: 0.3ms
[2024-08-29T23:15:41.710+0800] GC(652) Eden regions: 4->0(965)
[2024-08-29T23:15:41.710+0800] GC(652) Survivor regions: 0->0(123)
[2024-08-29T23:15:41.710+0800] GC(652) Old regions: 1->1
[2024-08-29T23:15:41.710+0800] GC(652) Archive regions: 2->2
[2024-08-29T23:15:41.710+0800] GC(652) Humongous regions: 916->874
[2024-08-29T23:15:41.710+0800] GC(652) Metaspace: 1625K(1792K)->1625K(1792K) NonClass: 1506K(1600K)->1506K(1600K) Class: 119K(192K)->119K(192K)
[2024-08-29T23:15:41.710+0800] GC(652) Pause Young (Concurrent Start) (G1 Humongous Allocation) 921M->875M(2048M) 1.395ms
[2024-08-29T23:15:41.710+0800] GC(652) User=0.00s Sys=0.00s Real=0.00s
[2024-08-29T23:15:41.710+0800] GC(653) Concurrent Undo Cycle
[2024-08-29T23:15:41.710+0800] GC(653) Concurrent Cleanup for Next Mark
[2024-08-29T23:15:41.716+0800] GC(653) Concurrent Cleanup for Next Mark 6.437ms
[2024-08-29T23:15:41.716+0800] GC(653) Concurrent Undo Cycle 6.639ms
[2024-08-29T23:15:41.721+0800] GC(654) Pause Young (Concurrent Start) (G1 Humongous Allocation)
[2024-08-29T23:15:41.721+0800] GC(654) Using 8 workers of 8 for evacuation
[2024-08-29T23:15:41.722+0800] GC(654)   Pre Evacuate Collection Set: 0.2ms
[2024-08-29T23:15:41.722+0800] GC(654)   Merge Heap Roots: 0.1ms
[2024-08-29T23:15:41.722+0800] GC(654)   Evacuate Collection Set: 0.4ms
[2024-08-29T23:15:41.722+0800] GC(654)   Post Evacuate Collection Set: 0.3ms
[2024-08-29T23:15:41.722+0800] GC(654)   Other: 0.2ms
[2024-08-29T23:15:41.722+0800] GC(654) Eden regions: 4->0(937)
[2024-08-29T23:15:41.722+0800] GC(654) Survivor regions: 0->0(121)
[2024-08-29T23:15:41.722+0800] GC(654) Old regions: 1->1
[2024-08-29T23:15:41.722+0800] GC(654) Archive regions: 2->2
[2024-08-29T23:15:41.722+0800] GC(654) Humongous regions: 916->902
[2024-08-29T23:15:41.722+0800] GC(654) Metaspace: 1625K(1792K)->1625K(1792K) NonClass: 1506K(1600K)->1506K(1600K) Class: 119K(192K)->119K(192K)
[2024-08-29T23:15:41.722+0800] GC(654) Pause Young (Concurrent Start) (G1 Humongous Allocation) 920M->903M(2048M) 1.245ms
[2024-08-29T23:15:41.722+0800] GC(654) User=0.00s Sys=0.01s Real=0.00s
[2024-08-29T23:15:41.722+0800] GC(655) Concurrent Undo Cycle
[2024-08-29T23:15:41.722+0800] GC(655) Concurrent Cleanup for Next Mark
[2024-08-29T23:15:41.728+0800] GC(655) Concurrent Cleanup for Next Mark 5.073ms
[2024-08-29T23:15:41.728+0800] GC(655) Concurrent Undo Cycle 5.191ms
[2024-08-29T23:15:41.729+0800] GC(656) Pause Young (Concurrent Start) (G1 Humongous Allocation)
[2024-08-29T23:15:41.729+0800] GC(656) Using 8 workers of 8 for evacuation
[2024-08-29T23:15:41.731+0800] GC(656)   Pre Evacuate Collection Set: 0.2ms
[2024-08-29T23:15:41.731+0800] GC(656)   Merge Heap Roots: 0.1ms
[2024-08-29T23:15:41.731+0800] GC(656)   Evacuate Collection Set: 0.3ms
[2024-08-29T23:15:41.731+0800] GC(656)   Post Evacuate Collection Set: 0.3ms
[2024-08-29T23:15:41.731+0800] GC(656)   Other: 0.3ms
[2024-08-29T23:15:41.731+0800] GC(656) Eden regions: 3->0(943)
[2024-08-29T23:15:41.731+0800] GC(656) Survivor regions: 0->0(118)
[2024-08-29T23:15:41.731+0800] GC(656) Old regions: 1->1
[2024-08-29T23:15:41.731+0800] GC(656) Archive regions: 2->2
[2024-08-29T23:15:41.731+0800] GC(656) Humongous regions: 916->896
[2024-08-29T23:15:41.731+0800] GC(656) Metaspace: 1625K(1792K)->1625K(1792K) NonClass: 1506K(1600K)->1506K(1600K) Class: 119K(192K)->119K(192K)
[2024-08-29T23:15:41.731+0800] GC(656) Pause Young (Concurrent Start) (G1 Humongous Allocation) 920M->897M(2048M) 1.312ms
[2024-08-29T23:15:41.731+0800] GC(656) User=0.00s Sys=0.00s Real=0.00s
[2024-08-29T23:15:41.731+0800] GC(657) Concurrent Undo Cycle
[2024-08-29T23:15:41.731+0800] GC(657) Concurrent Cleanup for Next Mark
[2024-08-29T23:15:41.736+0800] GC(657) Concurrent Cleanup for Next Mark 5.570ms
[2024-08-29T23:15:41.736+0800] GC(657) Concurrent Undo Cycle 5.649ms
[2024-08-29T23:15:41.742+0800] GC(658) Pause Young (Concurrent Start) (G1 Humongous Allocation)
[2024-08-29T23:15:41.742+0800] GC(658) Using 8 workers of 8 for evacuation
[2024-08-29T23:15:41.744+0800] GC(658)   Pre Evacuate Collection Set: 0.3ms
[2024-08-29T23:15:41.744+0800] GC(658)   Merge Heap Roots: 0.1ms
[2024-08-29T23:15:41.744+0800] GC(658)   Evacuate Collection Set: 0.5ms
[2024-08-29T23:15:41.744+0800] GC(658)   Post Evacuate Collection Set: 0.3ms
[2024-08-29T23:15:41.744+0800] GC(658)   Other: 0.2ms
[2024-08-29T23:15:41.744+0800] GC(658) Eden regions: 4->0(955)
[2024-08-29T23:15:41.744+0800] GC(658) Survivor regions: 0->0(118)
[2024-08-29T23:15:41.744+0800] GC(658) Old regions: 1->1
[2024-08-29T23:15:41.744+0800] GC(658) Archive regions: 2->2
[2024-08-29T23:15:41.744+0800] GC(658) Humongous regions: 918->884
[2024-08-29T23:15:41.744+0800] GC(658) Metaspace: 1625K(1792K)->1625K(1792K) NonClass: 1506K(1600K)->1506K(1600K) Class: 119K(192K)->119K(192K)
[2024-08-29T23:15:41.744+0800] GC(658) Pause Young (Concurrent Start) (G1 Humongous Allocation) 923M->885M(2048M) 1.494ms
[2024-08-29T23:15:41.744+0800] GC(658) User=0.00s Sys=0.01s Real=0.01s
[2024-08-29T23:15:41.744+0800] GC(659) Concurrent Undo Cycle
[2024-08-29T23:15:41.744+0800] GC(659) Concurrent Cleanup for Next Mark
[2024-08-29T23:15:41.752+0800] GC(659) Concurrent Cleanup for Next Mark 7.797ms
[2024-08-29T23:15:41.752+0800] GC(659) Concurrent Undo Cycle 7.893ms
[2024-08-29T23:15:41.758+0800] GC(660) Pause Young (Concurrent Start) (G1 Humongous Allocation)
[2024-08-29T23:15:41.758+0800] GC(660) Using 8 workers of 8 for evacuation
[2024-08-29T23:15:41.761+0800] GC(660)   Pre Evacuate Collection Set: 0.2ms
[2024-08-29T23:15:41.761+0800] GC(660)   Merge Heap Roots: 0.1ms
[2024-08-29T23:15:41.761+0800] GC(660)   Evacuate Collection Set: 0.6ms
[2024-08-29T23:15:41.761+0800] GC(660)   Post Evacuate Collection Set: 1.2ms
[2024-08-29T23:15:41.761+0800] GC(660)   Other: 0.2ms
[2024-08-29T23:15:41.761+0800] GC(660) Eden regions: 4->0(970)
[2024-08-29T23:15:41.761+0800] GC(660) Survivor regions: 0->0(120)
[2024-08-29T23:15:41.761+0800] GC(660) Old regions: 1->1
[2024-08-29T23:15:41.761+0800] GC(660) Archive regions: 2->2
[2024-08-29T23:15:41.761+0800] GC(660) Humongous regions: 918->869
[2024-08-29T23:15:41.761+0800] GC(660) Metaspace: 1625K(1792K)->1625K(1792K) NonClass: 1506K(1600K)->1506K(1600K) Class: 119K(192K)->119K(192K)
[2024-08-29T23:15:41.761+0800] GC(660) Pause Young (Concurrent Start) (G1 Humongous Allocation) 922M->870M(2048M) 2.362ms
[2024-08-29T23:15:41.761+0800] GC(660) User=0.00s Sys=0.00s Real=0.00s
[2024-08-29T23:15:41.761+0800] GC(661) Concurrent Undo Cycle
[2024-08-29T23:15:41.761+0800] GC(661) Concurrent Cleanup for Next Mark
[2024-08-29T23:15:41.767+0800] GC(661) Concurrent Cleanup for Next Mark 6.526ms
[2024-08-29T23:15:41.767+0800] GC(661) Concurrent Undo Cycle 6.700ms
[2024-08-29T23:15:41.784+0800] GC(662) Pause Young (Concurrent Start) (G1 Humongous Allocation)
[2024-08-29T23:15:41.784+0800] GC(662) Using 8 workers of 8 for evacuation
[2024-08-29T23:15:41.785+0800] GC(662)   Pre Evacuate Collection Set: 0.2ms
[2024-08-29T23:15:41.785+0800] GC(662)   Merge Heap Roots: 0.1ms
[2024-08-29T23:15:41.785+0800] GC(662)   Evacuate Collection Set: 0.4ms
[2024-08-29T23:15:41.785+0800] GC(662)   Post Evacuate Collection Set: 0.4ms
[2024-08-29T23:15:41.785+0800] GC(662)   Other: 0.2ms
[2024-08-29T23:15:41.785+0800] GC(662) Eden regions: 4->0(962)
[2024-08-29T23:15:41.785+0800] GC(662) Survivor regions: 0->0(122)
[2024-08-29T23:15:41.785+0800] GC(662) Old regions: 1->1
[2024-08-29T23:15:41.785+0800] GC(662) Archive regions: 2->2
[2024-08-29T23:15:41.785+0800] GC(662) Humongous regions: 918->877
[2024-08-29T23:15:41.785+0800] GC(662) Metaspace: 1625K(1792K)->1625K(1792K) NonClass: 1506K(1600K)->1506K(1600K) Class: 119K(192K)->119K(192K)
[2024-08-29T23:15:41.785+0800] GC(662) Pause Young (Concurrent Start) (G1 Humongous Allocation) 923M->878M(2048M) 1.432ms
[2024-08-29T23:15:41.785+0800] GC(662) User=0.00s Sys=0.00s Real=0.00s
[2024-08-29T23:15:41.785+0800] GC(663) Concurrent Undo Cycle
[2024-08-29T23:15:41.785+0800] GC(663) Concurrent Cleanup for Next Mark
[2024-08-29T23:15:41.792+0800] GC(663) Concurrent Cleanup for Next Mark 6.524ms
[2024-08-29T23:15:41.792+0800] GC(663) Concurrent Undo Cycle 6.639ms
[2024-08-29T23:15:41.805+0800] GC(664) Pause Young (Concurrent Start) (G1 Humongous Allocation)
[2024-08-29T23:15:41.805+0800] GC(664) Using 8 workers of 8 for evacuation
[2024-08-29T23:15:41.806+0800] GC(664)   Pre Evacuate Collection Set: 0.3ms
[2024-08-29T23:15:41.806+0800] GC(664)   Merge Heap Roots: 0.2ms
[2024-08-29T23:15:41.806+0800] GC(664)   Evacuate Collection Set: 0.3ms
[2024-08-29T23:15:41.806+0800] GC(664)   Post Evacuate Collection Set: 0.3ms
[2024-08-29T23:15:41.806+0800] GC(664)   Other: 0.2ms
[2024-08-29T23:15:41.806+0800] GC(664) Eden regions: 4->0(978)
[2024-08-29T23:15:41.806+0800] GC(664) Survivor regions: 0->0(121)
[2024-08-29T23:15:41.806+0800] GC(664) Old regions: 1->1
[2024-08-29T23:15:41.806+0800] GC(664) Archive regions: 2->2
[2024-08-29T23:15:41.806+0800] GC(664) Humongous regions: 918->861
[2024-08-29T23:15:41.806+0800] GC(664) Metaspace: 1625K(1792K)->1625K(1792K) NonClass: 1506K(1600K)->1506K(1600K) Class: 119K(192K)->119K(192K)
[2024-08-29T23:15:41.806+0800] GC(664) Pause Young (Concurrent Start) (G1 Humongous Allocation) 923M->862M(2048M) 1.277ms
[2024-08-29T23:15:41.806+0800] GC(664) User=0.00s Sys=0.00s Real=0.00s
[2024-08-29T23:15:41.806+0800] GC(665) Concurrent Undo Cycle
[2024-08-29T23:15:41.806+0800] GC(665) Concurrent Cleanup for Next Mark
[2024-08-29T23:15:41.813+0800] GC(665) Concurrent Cleanup for Next Mark 6.517ms
[2024-08-29T23:15:41.813+0800] GC(665) Concurrent Undo Cycle 6.870ms
[2024-08-29T23:15:41.838+0800] GC(666) Pause Young (Concurrent Start) (G1 Humongous Allocation)
[2024-08-29T23:15:41.838+0800] GC(666) Using 8 workers of 8 for evacuation
[2024-08-29T23:15:41.839+0800] GC(666)   Pre Evacuate Collection Set: 0.2ms
[2024-08-29T23:15:41.839+0800] GC(666)   Merge Heap Roots: 0.1ms
[2024-08-29T23:15:41.839+0800] GC(666)   Evacuate Collection Set: 0.3ms
[2024-08-29T23:15:41.839+0800] GC(666)   Post Evacuate Collection Set: 0.3ms
[2024-08-29T23:15:41.839+0800] GC(666)   Other: 0.2ms
[2024-08-29T23:15:41.839+0800] GC(666) Eden regions: 4->0(1005)
[2024-08-29T23:15:41.839+0800] GC(666) Survivor regions: 0->0(123)
[2024-08-29T23:15:41.839+0800] GC(666) Old regions: 1->1
[2024-08-29T23:15:41.839+0800] GC(666) Archive regions: 2->2
[2024-08-29T23:15:41.839+0800] GC(666) Humongous regions: 916->834
[2024-08-29T23:15:41.839+0800] GC(666) Metaspace: 1625K(1792K)->1625K(1792K) NonClass: 1506K(1600K)->1506K(1600K) Class: 119K(192K)->119K(192K)
[2024-08-29T23:15:41.839+0800] GC(666) Pause Young (Concurrent Start) (G1 Humongous Allocation) 920M->835M(2048M) 1.158ms
[2024-08-29T23:15:41.839+0800] GC(666) User=0.00s Sys=0.00s Real=0.00s
[2024-08-29T23:15:41.839+0800] GC(667) Concurrent Undo Cycle
[2024-08-29T23:15:41.839+0800] GC(667) Concurrent Cleanup for Next Mark
[2024-08-29T23:15:41.845+0800] GC(667) Concurrent Cleanup for Next Mark 5.557ms
[2024-08-29T23:15:41.845+0800] GC(667) Concurrent Undo Cycle 5.738ms
[2024-08-29T23:15:41.872+0800] GC(668) Pause Young (Concurrent Start) (G1 Humongous Allocation)
[2024-08-29T23:15:41.872+0800] GC(668) Using 8 workers of 8 for evacuation
[2024-08-29T23:15:41.873+0800] GC(668)   Pre Evacuate Collection Set: 0.2ms
[2024-08-29T23:15:41.873+0800] GC(668)   Merge Heap Roots: 0.1ms
[2024-08-29T23:15:41.873+0800] GC(668)   Evacuate Collection Set: 0.3ms
[2024-08-29T23:15:41.873+0800] GC(668)   Post Evacuate Collection Set: 0.3ms
[2024-08-29T23:15:41.873+0800] GC(668)   Other: 0.2ms
[2024-08-29T23:15:41.873+0800] GC(668) Eden regions: 4->0(1002)
[2024-08-29T23:15:41.873+0800] GC(668) Survivor regions: 0->0(126)
[2024-08-29T23:15:41.873+0800] GC(668) Old regions: 1->1
[2024-08-29T23:15:41.873+0800] GC(668) Archive regions: 2->2
[2024-08-29T23:15:41.873+0800] GC(668) Humongous regions: 918->837
[2024-08-29T23:15:41.873+0800] GC(668) Metaspace: 1625K(1792K)->1625K(1792K) NonClass: 1506K(1600K)->1506K(1600K) Class: 119K(192K)->119K(192K)
[2024-08-29T23:15:41.873+0800] GC(668) Pause Young (Concurrent Start) (G1 Humongous Allocation) 923M->838M(2048M) 1.121ms
[2024-08-29T23:15:41.873+0800] GC(668) User=0.00s Sys=0.00s Real=0.01s
[2024-08-29T23:15:41.873+0800] GC(669) Concurrent Undo Cycle
[2024-08-29T23:15:41.873+0800] GC(669) Concurrent Cleanup for Next Mark
[2024-08-29T23:15:41.879+0800] GC(669) Concurrent Cleanup for Next Mark 5.866ms
[2024-08-29T23:15:41.879+0800] GC(669) Concurrent Undo Cycle 6.093ms
[2024-08-29T23:15:41.898+0800] GC(670) Pause Young (Concurrent Start) (G1 Humongous Allocation)
[2024-08-29T23:15:41.898+0800] GC(670) Using 8 workers of 8 for evacuation
[2024-08-29T23:15:41.899+0800] GC(670)   Pre Evacuate Collection Set: 0.3ms
[2024-08-29T23:15:41.899+0800] GC(670)   Merge Heap Roots: 0.1ms
[2024-08-29T23:15:41.899+0800] GC(670)   Evacuate Collection Set: 0.4ms
[2024-08-29T23:15:41.899+0800] GC(670)   Post Evacuate Collection Set: 0.3ms
[2024-08-29T23:15:41.899+0800] GC(670)   Other: 0.2ms
[2024-08-29T23:15:41.899+0800] GC(670) Eden regions: 4->0(978)
[2024-08-29T23:15:41.899+0800] GC(670) Survivor regions: 0->0(126)
[2024-08-29T23:15:41.899+0800] GC(670) Old regions: 1->1
[2024-08-29T23:15:41.899+0800] GC(670) Archive regions: 2->2
[2024-08-29T23:15:41.899+0800] GC(670) Humongous regions: 916->861
[2024-08-29T23:15:41.899+0800] GC(670) Metaspace: 1625K(1792K)->1625K(1792K) NonClass: 1506K(1600K)->1506K(1600K) Class: 119K(192K)->119K(192K)
[2024-08-29T23:15:41.899+0800] GC(670) Pause Young (Concurrent Start) (G1 Humongous Allocation) 921M->862M(2048M) 1.399ms
[2024-08-29T23:15:41.899+0800] GC(670) User=0.00s Sys=0.00s Real=0.00s
[2024-08-29T23:15:41.899+0800] GC(671) Concurrent Undo Cycle
[2024-08-29T23:15:41.899+0800] GC(671) Concurrent Cleanup for Next Mark
[2024-08-29T23:15:41.904+0800] GC(671) Concurrent Cleanup for Next Mark 4.670ms
[2024-08-29T23:15:41.904+0800] GC(671) Concurrent Undo Cycle 4.736ms
[2024-08-29T23:15:41.929+0800] GC(672) Pause Young (Concurrent Start) (G1 Humongous Allocation)
[2024-08-29T23:15:41.929+0800] GC(672) Using 8 workers of 8 for evacuation
[2024-08-29T23:15:41.930+0800] GC(672)   Pre Evacuate Collection Set: 0.2ms
[2024-08-29T23:15:41.930+0800] GC(672)   Merge Heap Roots: 0.1ms
[2024-08-29T23:15:41.930+0800] GC(672)   Evacuate Collection Set: 0.3ms
[2024-08-29T23:15:41.930+0800] GC(672)   Post Evacuate Collection Set: 0.3ms
[2024-08-29T23:15:41.930+0800] GC(672)   Other: 0.2ms
[2024-08-29T23:15:41.930+0800] GC(672) Eden regions: 4->0(988)
[2024-08-29T23:15:41.930+0800] GC(672) Survivor regions: 0->0(123)
[2024-08-29T23:15:41.930+0800] GC(672) Old regions: 1->1
[2024-08-29T23:15:41.930+0800] GC(672) Archive regions: 2->2
[2024-08-29T23:15:41.930+0800] GC(672) Humongous regions: 919->851
[2024-08-29T23:15:41.930+0800] GC(672) Metaspace: 1625K(1792K)->1625K(1792K) NonClass: 1506K(1600K)->1506K(1600K) Class: 119K(192K)->119K(192K)
[2024-08-29T23:15:41.930+0800] GC(672) Pause Young (Concurrent Start) (G1 Humongous Allocation) 924M->852M(2048M) 1.181ms
[2024-08-29T23:15:41.930+0800] GC(672) User=0.00s Sys=0.00s Real=0.00s
[2024-08-29T23:15:41.930+0800] GC(673) Concurrent Undo Cycle
[2024-08-29T23:15:41.930+0800] GC(673) Concurrent Cleanup for Next Mark
[2024-08-29T23:15:41.935+0800] GC(673) Concurrent Cleanup for Next Mark 4.916ms
[2024-08-29T23:15:41.935+0800] GC(673) Concurrent Undo Cycle 5.064ms
[2024-08-29T23:15:41.955+0800] GC(674) Pause Young (Concurrent Start) (G1 Humongous Allocation)
[2024-08-29T23:15:41.955+0800] GC(674) Using 8 workers of 8 for evacuation
[2024-08-29T23:15:41.956+0800] GC(674)   Pre Evacuate Collection Set: 0.3ms
[2024-08-29T23:15:41.956+0800] GC(674)   Merge Heap Roots: 0.1ms
[2024-08-29T23:15:41.956+0800] GC(674)   Evacuate Collection Set: 0.4ms
[2024-08-29T23:15:41.956+0800] GC(674)   Post Evacuate Collection Set: 0.3ms
[2024-08-29T23:15:41.956+0800] GC(674)   Other: 0.2ms
[2024-08-29T23:15:41.956+0800] GC(674) Eden regions: 4->0(976)
[2024-08-29T23:15:41.956+0800] GC(674) Survivor regions: 0->1(124)
[2024-08-29T23:15:41.956+0800] GC(674) Old regions: 1->1
[2024-08-29T23:15:41.956+0800] GC(674) Archive regions: 2->2
[2024-08-29T23:15:41.956+0800] GC(674) Humongous regions: 916->862
[2024-08-29T23:15:41.956+0800] GC(674) Metaspace: 1625K(1792K)->1625K(1792K) NonClass: 1506K(1600K)->1506K(1600K) Class: 119K(192K)->119K(192K)
[2024-08-29T23:15:41.956+0800] GC(674) Pause Young (Concurrent Start) (G1 Humongous Allocation) 921M->863M(2048M) 1.364ms
[2024-08-29T23:15:41.956+0800] GC(674) User=0.00s Sys=0.00s Real=0.00s
[2024-08-29T23:15:41.956+0800] GC(675) Concurrent Undo Cycle
[2024-08-29T23:15:41.956+0800] GC(675) Concurrent Cleanup for Next Mark
[2024-08-29T23:15:41.962+0800] GC(675) Concurrent Cleanup for Next Mark 5.805ms
[2024-08-29T23:15:41.963+0800] GC(675) Concurrent Undo Cycle 6.448ms
[2024-08-29T23:15:41.986+0800] GC(676) Pause Young (Concurrent Start) (G1 Humongous Allocation)
[2024-08-29T23:15:41.987+0800] GC(676) Using 8 workers of 8 for evacuation
[2024-08-29T23:15:41.988+0800] GC(676)   Pre Evacuate Collection Set: 0.3ms
[2024-08-29T23:15:41.988+0800] GC(676)   Merge Heap Roots: 0.1ms
[2024-08-29T23:15:41.988+0800] GC(676)   Evacuate Collection Set: 0.5ms
[2024-08-29T23:15:41.988+0800] GC(676)   Post Evacuate Collection Set: 0.3ms
[2024-08-29T23:15:41.988+0800] GC(676)   Other: 0.3ms
[2024-08-29T23:15:41.988+0800] GC(676) Eden regions: 4->0(1007)
[2024-08-29T23:15:41.988+0800] GC(676) Survivor regions: 1->0(123)
[2024-08-29T23:15:41.988+0800] GC(676) Old regions: 1->1
[2024-08-29T23:15:41.988+0800] GC(676) Archive regions: 2->2
[2024-08-29T23:15:41.988+0800] GC(676) Humongous regions: 918->832
[2024-08-29T23:15:41.988+0800] GC(676) Metaspace: 1625K(1792K)->1625K(1792K) NonClass: 1506K(1600K)->1506K(1600K) Class: 119K(192K)->119K(192K)
[2024-08-29T23:15:41.988+0800] GC(676) Pause Young (Concurrent Start) (G1 Humongous Allocation) 923M->833M(2048M) 1.536ms
[2024-08-29T23:15:41.988+0800] GC(676) User=0.00s Sys=0.00s Real=0.00s
[2024-08-29T23:15:41.988+0800] GC(677) Concurrent Undo Cycle
[2024-08-29T23:15:41.988+0800] GC(677) Concurrent Cleanup for Next Mark
[2024-08-29T23:15:41.993+0800] GC(677) Concurrent Cleanup for Next Mark 4.958ms
[2024-08-29T23:15:41.993+0800] GC(677) Concurrent Undo Cycle 5.121ms
[2024-08-29T23:15:42.033+0800] GC(678) Pause Young (Concurrent Start) (G1 Humongous Allocation)
[2024-08-29T23:15:42.034+0800] GC(678) Using 8 workers of 8 for evacuation
[2024-08-29T23:15:42.035+0800] GC(678)   Pre Evacuate Collection Set: 0.2ms
[2024-08-29T23:15:42.035+0800] GC(678)   Merge Heap Roots: 0.1ms
[2024-08-29T23:15:42.035+0800] GC(678)   Evacuate Collection Set: 0.4ms
[2024-08-29T23:15:42.035+0800] GC(678)   Post Evacuate Collection Set: 0.3ms
[2024-08-29T23:15:42.035+0800] GC(678)   Other: 0.2ms
[2024-08-29T23:15:42.035+0800] GC(678) Eden regions: 4->0(1039)
[2024-08-29T23:15:42.035+0800] GC(678) Survivor regions: 0->1(126)
[2024-08-29T23:15:42.035+0800] GC(678) Old regions: 1->1
[2024-08-29T23:15:42.035+0800] GC(678) Archive regions: 2->2
[2024-08-29T23:15:42.035+0800] GC(678) Humongous regions: 915->799
[2024-08-29T23:15:42.035+0800] GC(678) Metaspace: 1625K(1792K)->1625K(1792K) NonClass: 1506K(1600K)->1506K(1600K) Class: 119K(192K)->119K(192K)
[2024-08-29T23:15:42.035+0800] GC(678) Pause Young (Concurrent Start) (G1 Humongous Allocation) 920M->800M(2048M) 1.246ms
[2024-08-29T23:15:42.035+0800] GC(678) User=0.01s Sys=0.01s Real=0.00s
[2024-08-29T23:15:42.035+0800] GC(679) Concurrent Undo Cycle
[2024-08-29T23:15:42.035+0800] GC(679) Concurrent Cleanup for Next Mark
[2024-08-29T23:15:42.040+0800] GC(679) Concurrent Cleanup for Next Mark 4.861ms
[2024-08-29T23:15:42.040+0800] GC(679) Concurrent Undo Cycle 4.956ms
[2024-08-29T23:15:42.098+0800] GC(680) Pause Young (Concurrent Start) (G1 Humongous Allocation)
[2024-08-29T23:15:42.099+0800] GC(680) Using 8 workers of 8 for evacuation
[2024-08-29T23:15:42.100+0800] GC(680)   Pre Evacuate Collection Set: 0.2ms
[2024-08-29T23:15:42.100+0800] GC(680)   Merge Heap Roots: 0.1ms
[2024-08-29T23:15:42.100+0800] GC(680)   Evacuate Collection Set: 0.4ms
[2024-08-29T23:15:42.100+0800] GC(680)   Post Evacuate Collection Set: 0.4ms
[2024-08-29T23:15:42.100+0800] GC(680)   Other: 0.2ms
[2024-08-29T23:15:42.100+0800] GC(680) Eden regions: 4->0(1101)
[2024-08-29T23:15:42.100+0800] GC(680) Survivor regions: 1->0(130)
[2024-08-29T23:15:42.100+0800] GC(680) Old regions: 1->1
[2024-08-29T23:15:42.100+0800] GC(680) Archive regions: 2->2
[2024-08-29T23:15:42.100+0800] GC(680) Humongous regions: 919->738
[2024-08-29T23:15:42.100+0800] GC(680) Metaspace: 1625K(1792K)->1625K(1792K) NonClass: 1506K(1600K)->1506K(1600K) Class: 119K(192K)->119K(192K)
[2024-08-29T23:15:42.100+0800] GC(680) Pause Young (Concurrent Start) (G1 Humongous Allocation) 924M->739M(2048M) 1.364ms
[2024-08-29T23:15:42.100+0800] GC(680) User=0.00s Sys=0.00s Real=0.00s
[2024-08-29T23:15:42.100+0800] GC(681) Concurrent Undo Cycle
[2024-08-29T23:15:42.100+0800] GC(681) Concurrent Cleanup for Next Mark
[2024-08-29T23:15:42.106+0800] GC(681) Concurrent Cleanup for Next Mark 5.999ms
[2024-08-29T23:15:42.106+0800] GC(681) Concurrent Undo Cycle 6.145ms
[2024-08-29T23:15:42.167+0800] GC(682) Pause Young (Concurrent Start) (G1 Humongous Allocation)
[2024-08-29T23:15:42.167+0800] GC(682) Using 8 workers of 8 for evacuation
[2024-08-29T23:15:42.168+0800] GC(682)   Pre Evacuate Collection Set: 0.2ms
[2024-08-29T23:15:42.168+0800] GC(682)   Merge Heap Roots: 0.1ms
[2024-08-29T23:15:42.168+0800] GC(682)   Evacuate Collection Set: 0.3ms
[2024-08-29T23:15:42.168+0800] GC(682)   Post Evacuate Collection Set: 0.3ms
[2024-08-29T23:15:42.168+0800] GC(682)   Other: 0.2ms
[2024-08-29T23:15:42.168+0800] GC(682) Eden regions: 4->0(1043)
[2024-08-29T23:15:42.168+0800] GC(682) Survivor regions: 0->0(138)
[2024-08-29T23:15:42.168+0800] GC(682) Old regions: 1->1
[2024-08-29T23:15:42.168+0800] GC(682) Archive regions: 2->2
[2024-08-29T23:15:42.168+0800] GC(682) Humongous regions: 917->796
[2024-08-29T23:15:42.168+0800] GC(682) Metaspace: 1625K(1792K)->1625K(1792K) NonClass: 1506K(1600K)->1506K(1600K) Class: 119K(192K)->119K(192K)
[2024-08-29T23:15:42.168+0800] GC(682) Pause Young (Concurrent Start) (G1 Humongous Allocation) 922M->797M(2048M) 1.303ms
[2024-08-29T23:15:42.168+0800] GC(682) User=0.00s Sys=0.00s Real=0.00s
[2024-08-29T23:15:42.168+0800] GC(683) Concurrent Undo Cycle
[2024-08-29T23:15:42.168+0800] GC(683) Concurrent Cleanup for Next Mark
[2024-08-29T23:15:42.172+0800] GC(683) Concurrent Cleanup for Next Mark 4.183ms
[2024-08-29T23:15:42.172+0800] GC(683) Concurrent Undo Cycle 4.277ms
[2024-08-29T23:15:42.219+0800] GC(684) Pause Young (Concurrent Start) (G1 Humongous Allocation)
[2024-08-29T23:15:42.219+0800] GC(684) Using 8 workers of 8 for evacuation
[2024-08-29T23:15:42.220+0800] GC(684)   Pre Evacuate Collection Set: 0.2ms
[2024-08-29T23:15:42.220+0800] GC(684)   Merge Heap Roots: 0.1ms
[2024-08-29T23:15:42.220+0800] GC(684)   Evacuate Collection Set: 0.4ms
[2024-08-29T23:15:42.220+0800] GC(684)   Post Evacuate Collection Set: 0.3ms
[2024-08-29T23:15:42.220+0800] GC(684)   Other: 0.2ms
[2024-08-29T23:15:42.220+0800] GC(684) Eden regions: 4->0(1016)
[2024-08-29T23:15:42.220+0800] GC(684) Survivor regions: 0->0(131)
[2024-08-29T23:15:42.220+0800] GC(684) Old regions: 1->1
[2024-08-29T23:15:42.220+0800] GC(684) Archive regions: 2->2
[2024-08-29T23:15:42.220+0800] GC(684) Humongous regions: 918->823
[2024-08-29T23:15:42.220+0800] GC(684) Metaspace: 1625K(1792K)->1625K(1792K) NonClass: 1506K(1600K)->1506K(1600K) Class: 119K(192K)->119K(192K)
[2024-08-29T23:15:42.220+0800] GC(684) Pause Young (Concurrent Start) (G1 Humongous Allocation) 923M->824M(2048M) 1.332ms
[2024-08-29T23:15:42.220+0800] GC(684) User=0.00s Sys=0.00s Real=0.00s
[2024-08-29T23:15:42.220+0800] GC(685) Concurrent Undo Cycle
[2024-08-29T23:15:42.220+0800] GC(685) Concurrent Cleanup for Next Mark
[2024-08-29T23:15:42.224+0800] GC(685) Concurrent Cleanup for Next Mark 3.825ms
[2024-08-29T23:15:42.224+0800] GC(685) Concurrent Undo Cycle 3.921ms
[2024-08-29T23:15:42.267+0800] GC(686) Pause Young (Concurrent Start) (G1 Humongous Allocation)
[2024-08-29T23:15:42.267+0800] GC(686) Using 8 workers of 8 for evacuation
[2024-08-29T23:15:42.268+0800] GC(686)   Pre Evacuate Collection Set: 0.2ms
[2024-08-29T23:15:42.268+0800] GC(686)   Merge Heap Roots: 0.1ms
[2024-08-29T23:15:42.268+0800] GC(686)   Evacuate Collection Set: 0.4ms
[2024-08-29T23:15:42.268+0800] GC(686)   Post Evacuate Collection Set: 0.4ms
[2024-08-29T23:15:42.268+0800] GC(686)   Other: 0.2ms
[2024-08-29T23:15:42.268+0800] GC(686) Eden regions: 4->0(1064)
[2024-08-29T23:15:42.268+0800] GC(686) Survivor regions: 0->0(127)
[2024-08-29T23:15:42.268+0800] GC(686) Old regions: 1->1
[2024-08-29T23:15:42.268+0800] GC(686) Archive regions: 2->2
[2024-08-29T23:15:42.268+0800] GC(686) Humongous regions: 917->775
[2024-08-29T23:15:42.268+0800] GC(686) Metaspace: 1625K(1792K)->1625K(1792K) NonClass: 1506K(1600K)->1506K(1600K) Class: 119K(192K)->119K(192K)
[2024-08-29T23:15:42.268+0800] GC(686) Pause Young (Concurrent Start) (G1 Humongous Allocation) 922M->776M(2048M) 1.421ms
[2024-08-29T23:15:42.268+0800] GC(686) User=0.00s Sys=0.00s Real=0.00s
[2024-08-29T23:15:42.268+0800] GC(687) Concurrent Undo Cycle
[2024-08-29T23:15:42.268+0800] GC(687) Concurrent Cleanup for Next Mark
[2024-08-29T23:15:42.273+0800] GC(687) Concurrent Cleanup for Next Mark 5.012ms
[2024-08-29T23:15:42.273+0800] GC(687) Concurrent Undo Cycle 5.085ms
[2024-08-29T23:15:42.330+0800] GC(688) Pause Young (Concurrent Start) (G1 Humongous Allocation)
[2024-08-29T23:15:42.330+0800] GC(688) Using 8 workers of 8 for evacuation
[2024-08-29T23:15:42.331+0800] GC(688)   Pre Evacuate Collection Set: 0.2ms
[2024-08-29T23:15:42.331+0800] GC(688)   Merge Heap Roots: 0.1ms
[2024-08-29T23:15:42.331+0800] GC(688)   Evacuate Collection Set: 0.4ms
[2024-08-29T23:15:42.331+0800] GC(688)   Post Evacuate Collection Set: 0.3ms
[2024-08-29T23:15:42.331+0800] GC(688)   Other: 0.2ms
[2024-08-29T23:15:42.331+0800] GC(688) Eden regions: 4->0(1055)
[2024-08-29T23:15:42.331+0800] GC(688) Survivor regions: 0->0(133)
[2024-08-29T23:15:42.331+0800] GC(688) Old regions: 1->1
[2024-08-29T23:15:42.331+0800] GC(688) Archive regions: 2->2
[2024-08-29T23:15:42.331+0800] GC(688) Humongous regions: 918->784
[2024-08-29T23:15:42.331+0800] GC(688) Metaspace: 1625K(1792K)->1625K(1792K) NonClass: 1506K(1600K)->1506K(1600K) Class: 119K(192K)->119K(192K)
[2024-08-29T23:15:42.331+0800] GC(688) Pause Young (Concurrent Start) (G1 Humongous Allocation) 923M->785M(2048M) 1.334ms
[2024-08-29T23:15:42.331+0800] GC(688) User=0.00s Sys=0.00s Real=0.00s
[2024-08-29T23:15:42.331+0800] GC(689) Concurrent Undo Cycle
[2024-08-29T23:15:42.331+0800] GC(689) Concurrent Cleanup for Next Mark
[2024-08-29T23:15:42.336+0800] GC(689) Concurrent Cleanup for Next Mark 4.965ms
[2024-08-29T23:15:42.336+0800] GC(689) Concurrent Undo Cycle 5.091ms
[2024-08-29T23:15:42.380+0800] GC(690) Pause Young (Concurrent Start) (G1 Humongous Allocation)
[2024-08-29T23:15:42.380+0800] GC(690) Using 8 workers of 8 for evacuation
[2024-08-29T23:15:42.381+0800] GC(690)   Pre Evacuate Collection Set: 0.3ms
[2024-08-29T23:15:42.381+0800] GC(690)   Merge Heap Roots: 0.1ms
[2024-08-29T23:15:42.381+0800] GC(690)   Evacuate Collection Set: 0.3ms
[2024-08-29T23:15:42.381+0800] GC(690)   Post Evacuate Collection Set: 0.3ms
[2024-08-29T23:15:42.381+0800] GC(690)   Other: 0.2ms
[2024-08-29T23:15:42.381+0800] GC(690) Eden regions: 4->0(1034)
[2024-08-29T23:15:42.381+0800] GC(690) Survivor regions: 0->0(132)
[2024-08-29T23:15:42.381+0800] GC(690) Old regions: 1->1
[2024-08-29T23:15:42.381+0800] GC(690) Archive regions: 2->2
[2024-08-29T23:15:42.381+0800] GC(690) Humongous regions: 919->805
[2024-08-29T23:15:42.381+0800] GC(690) Metaspace: 1625K(1792K)->1625K(1792K) NonClass: 1506K(1600K)->1506K(1600K) Class: 119K(192K)->119K(192K)
[2024-08-29T23:15:42.381+0800] GC(690) Pause Young (Concurrent Start) (G1 Humongous Allocation) 924M->806M(2048M) 1.339ms
[2024-08-29T23:15:42.381+0800] GC(690) User=0.00s Sys=0.00s Real=0.00s
[2024-08-29T23:15:42.381+0800] GC(691) Concurrent Undo Cycle
[2024-08-29T23:15:42.381+0800] GC(691) Concurrent Cleanup for Next Mark
[2024-08-29T23:15:42.388+0800] GC(691) Concurrent Cleanup for Next Mark 6.832ms
[2024-08-29T23:15:42.388+0800] GC(691) Concurrent Undo Cycle 6.999ms
[2024-08-29T23:15:42.421+0800] GC(692) Pause Young (Concurrent Start) (G1 Humongous Allocation)
[2024-08-29T23:15:42.421+0800] GC(692) Using 8 workers of 8 for evacuation
[2024-08-29T23:15:42.422+0800] GC(692)   Pre Evacuate Collection Set: 0.5ms
[2024-08-29T23:15:42.422+0800] GC(692)   Merge Heap Roots: 0.2ms
[2024-08-29T23:15:42.422+0800] GC(692)   Evacuate Collection Set: 0.3ms
[2024-08-29T23:15:42.422+0800] GC(692)   Post Evacuate Collection Set: 0.3ms
[2024-08-29T23:15:42.422+0800] GC(692)   Other: 0.2ms
[2024-08-29T23:15:42.422+0800] GC(692) Eden regions: 4->0(1009)
[2024-08-29T23:15:42.422+0800] GC(692) Survivor regions: 0->0(130)
[2024-08-29T23:15:42.422+0800] GC(692) Old regions: 1->1
[2024-08-29T23:15:42.422+0800] GC(692) Archive regions: 2->2
[2024-08-29T23:15:42.422+0800] GC(692) Humongous regions: 916->830
[2024-08-29T23:15:42.422+0800] GC(692) Metaspace: 1625K(1792K)->1625K(1792K) NonClass: 1506K(1600K)->1506K(1600K) Class: 119K(192K)->119K(192K)
[2024-08-29T23:15:42.422+0800] GC(692) Pause Young (Concurrent Start) (G1 Humongous Allocation) 921M->831M(2048M) 1.485ms
[2024-08-29T23:15:42.422+0800] GC(692) User=0.01s Sys=0.00s Real=0.00s
[2024-08-29T23:15:42.422+0800] GC(693) Concurrent Undo Cycle
[2024-08-29T23:15:42.422+0800] GC(693) Concurrent Cleanup for Next Mark
[2024-08-29T23:15:42.428+0800] GC(693) Concurrent Cleanup for Next Mark 6.119ms
[2024-08-29T23:15:42.428+0800] GC(693) Concurrent Undo Cycle 6.323ms
[2024-08-29T23:15:42.463+0800] GC(694) Pause Young (Concurrent Start) (G1 Humongous Allocation)
[2024-08-29T23:15:42.463+0800] GC(694) Using 8 workers of 8 for evacuation
[2024-08-29T23:15:42.465+0800] GC(694)   Pre Evacuate Collection Set: 0.2ms
[2024-08-29T23:15:42.465+0800] GC(694)   Merge Heap Roots: 0.1ms
[2024-08-29T23:15:42.465+0800] GC(694)   Evacuate Collection Set: 0.3ms
[2024-08-29T23:15:42.465+0800] GC(694)   Post Evacuate Collection Set: 0.6ms
[2024-08-29T23:15:42.465+0800] GC(694)   Other: 0.2ms
[2024-08-29T23:15:42.465+0800] GC(694) Eden regions: 4->0(1029)
[2024-08-29T23:15:42.465+0800] GC(694) Survivor regions: 0->0(127)
[2024-08-29T23:15:42.465+0800] GC(694) Old regions: 1->1
[2024-08-29T23:15:42.465+0800] GC(694) Archive regions: 2->2
[2024-08-29T23:15:42.465+0800] GC(694) Humongous regions: 917->810
[2024-08-29T23:15:42.465+0800] GC(694) Metaspace: 1625K(1792K)->1625K(1792K) NonClass: 1506K(1600K)->1506K(1600K) Class: 119K(192K)->119K(192K)
[2024-08-29T23:15:42.465+0800] GC(694) Pause Young (Concurrent Start) (G1 Humongous Allocation) 922M->811M(2048M) 1.423ms
[2024-08-29T23:15:42.465+0800] GC(694) User=0.00s Sys=0.00s Real=0.00s
[2024-08-29T23:15:42.465+0800] GC(695) Concurrent Undo Cycle
[2024-08-29T23:15:42.465+0800] GC(695) Concurrent Cleanup for Next Mark
[2024-08-29T23:15:42.469+0800] GC(695) Concurrent Cleanup for Next Mark 3.661ms
[2024-08-29T23:15:42.469+0800] GC(695) Concurrent Undo Cycle 3.726ms
[2024-08-29T23:15:42.516+0800] GC(696) Pause Young (Concurrent Start) (G1 Humongous Allocation)
[2024-08-29T23:15:42.516+0800] GC(696) Using 8 workers of 8 for evacuation
[2024-08-29T23:15:42.517+0800] GC(696)   Pre Evacuate Collection Set: 0.4ms
[2024-08-29T23:15:42.517+0800] GC(696)   Merge Heap Roots: 0.1ms
[2024-08-29T23:15:42.518+0800] GC(696)   Evacuate Collection Set: 0.4ms
[2024-08-29T23:15:42.518+0800] GC(696)   Post Evacuate Collection Set: 0.4ms
[2024-08-29T23:15:42.518+0800] GC(696)   Other: 0.2ms
[2024-08-29T23:15:42.518+0800] GC(696) Eden regions: 4->0(1076)
[2024-08-29T23:15:42.518+0800] GC(696) Survivor regions: 0->0(129)
[2024-08-29T23:15:42.518+0800] GC(696) Old regions: 1->1
[2024-08-29T23:15:42.518+0800] GC(696) Archive regions: 2->2
[2024-08-29T23:15:42.518+0800] GC(696) Humongous regions: 917->763
[2024-08-29T23:15:42.518+0800] GC(696) Metaspace: 1625K(1792K)->1625K(1792K) NonClass: 1506K(1600K)->1506K(1600K) Class: 119K(192K)->119K(192K)
[2024-08-29T23:15:42.518+0800] GC(696) Pause Young (Concurrent Start) (G1 Humongous Allocation) 922M->764M(2048M) 1.489ms
[2024-08-29T23:15:42.518+0800] GC(696) User=0.00s Sys=0.00s Real=0.00s
[2024-08-29T23:15:42.518+0800] GC(697) Concurrent Undo Cycle
[2024-08-29T23:15:42.518+0800] GC(697) Concurrent Cleanup for Next Mark
[2024-08-29T23:15:42.523+0800] GC(697) Concurrent Cleanup for Next Mark 5.155ms
[2024-08-29T23:15:42.523+0800] GC(697) Concurrent Undo Cycle 5.230ms
[2024-08-29T23:15:42.581+0800] GC(698) Pause Young (Concurrent Start) (G1 Humongous Allocation)
[2024-08-29T23:15:42.581+0800] GC(698) Using 8 workers of 8 for evacuation
[2024-08-29T23:15:42.583+0800] GC(698)   Pre Evacuate Collection Set: 0.2ms
[2024-08-29T23:15:42.583+0800] GC(698)   Merge Heap Roots: 0.1ms
[2024-08-29T23:15:42.583+0800] GC(698)   Evacuate Collection Set: 0.3ms
[2024-08-29T23:15:42.583+0800] GC(698)   Post Evacuate Collection Set: 0.3ms
[2024-08-29T23:15:42.583+0800] GC(698)   Other: 0.2ms
[2024-08-29T23:15:42.583+0800] GC(698) Eden regions: 4->0(1054)
[2024-08-29T23:15:42.583+0800] GC(698) Survivor regions: 0->0(135)
[2024-08-29T23:15:42.583+0800] GC(698) Old regions: 1->1
[2024-08-29T23:15:42.583+0800] GC(698) Archive regions: 2->2
[2024-08-29T23:15:42.583+0800] GC(698) Humongous regions: 918->785
[2024-08-29T23:15:42.583+0800] GC(698) Metaspace: 1625K(1792K)->1625K(1792K) NonClass: 1506K(1600K)->1506K(1600K) Class: 119K(192K)->119K(192K)
[2024-08-29T23:15:42.583+0800] GC(698) Pause Young (Concurrent Start) (G1 Humongous Allocation) 923M->786M(2048M) 1.231ms
[2024-08-29T23:15:42.583+0800] GC(698) User=0.00s Sys=0.00s Real=0.01s
[2024-08-29T23:15:42.583+0800] GC(699) Concurrent Undo Cycle
[2024-08-29T23:15:42.583+0800] GC(699) Concurrent Cleanup for Next Mark
[2024-08-29T23:15:42.587+0800] GC(699) Concurrent Cleanup for Next Mark 4.191ms
[2024-08-29T23:15:42.587+0800] GC(699) Concurrent Undo Cycle 4.285ms
[2024-08-29T23:15:42.644+0800] GC(700) Pause Young (Concurrent Start) (G1 Humongous Allocation)
[2024-08-29T23:15:42.644+0800] GC(700) Using 8 workers of 8 for evacuation
[2024-08-29T23:15:42.646+0800] GC(700)   Pre Evacuate Collection Set: 0.3ms
[2024-08-29T23:15:42.646+0800] GC(700)   Merge Heap Roots: 0.1ms
[2024-08-29T23:15:42.646+0800] GC(700)   Evacuate Collection Set: 0.5ms
[2024-08-29T23:15:42.646+0800] GC(700)   Post Evacuate Collection Set: 0.5ms
[2024-08-29T23:15:42.646+0800] GC(700)   Other: 0.3ms
[2024-08-29T23:15:42.646+0800] GC(700) Eden regions: 4->0(1081)
[2024-08-29T23:15:42.646+0800] GC(700) Survivor regions: 0->0(132)
[2024-08-29T23:15:42.646+0800] GC(700) Old regions: 1->1
[2024-08-29T23:15:42.646+0800] GC(700) Archive regions: 2->2
[2024-08-29T23:15:42.646+0800] GC(700) Humongous regions: 915->758
[2024-08-29T23:15:42.646+0800] GC(700) Metaspace: 1625K(1792K)->1625K(1792K) NonClass: 1506K(1600K)->1506K(1600K) Class: 119K(192K)->119K(192K)
[2024-08-29T23:15:42.646+0800] GC(700) Pause Young (Concurrent Start) (G1 Humongous Allocation) 920M->759M(2048M) 1.754ms
[2024-08-29T23:15:42.646+0800] GC(700) User=0.00s Sys=0.01s Real=0.00s
[2024-08-29T23:15:42.646+0800] GC(701) Concurrent Undo Cycle
[2024-08-29T23:15:42.646+0800] GC(701) Concurrent Cleanup for Next Mark
[2024-08-29T23:15:42.651+0800] GC(701) Concurrent Cleanup for Next Mark 4.657ms
[2024-08-29T23:15:42.651+0800] GC(701) Concurrent Undo Cycle 4.821ms
[2024-08-29T23:15:42.708+0800] GC(702) Pause Young (Concurrent Start) (G1 Humongous Allocation)
[2024-08-29T23:15:42.708+0800] GC(702) Using 8 workers of 8 for evacuation
[2024-08-29T23:15:42.710+0800] GC(702)   Pre Evacuate Collection Set: 0.3ms
[2024-08-29T23:15:42.710+0800] GC(702)   Merge Heap Roots: 0.1ms
[2024-08-29T23:15:42.710+0800] GC(702)   Evacuate Collection Set: 0.4ms
[2024-08-29T23:15:42.710+0800] GC(702)   Post Evacuate Collection Set: 0.5ms
[2024-08-29T23:15:42.710+0800] GC(702)   Other: 0.3ms
[2024-08-29T23:15:42.710+0800] GC(702) Eden regions: 4->0(1076)
[2024-08-29T23:15:42.710+0800] GC(702) Survivor regions: 0->0(136)
[2024-08-29T23:15:42.710+0800] GC(702) Old regions: 1->1
[2024-08-29T23:15:42.710+0800] GC(702) Archive regions: 2->2
[2024-08-29T23:15:42.710+0800] GC(702) Humongous regions: 919->763
[2024-08-29T23:15:42.710+0800] GC(702) Metaspace: 1625K(1792K)->1625K(1792K) NonClass: 1506K(1600K)->1506K(1600K) Class: 119K(192K)->119K(192K)
[2024-08-29T23:15:42.710+0800] GC(702) Pause Young (Concurrent Start) (G1 Humongous Allocation) 924M->764M(2048M) 1.685ms
[2024-08-29T23:15:42.710+0800] GC(702) User=0.00s Sys=0.00s Real=0.00s
[2024-08-29T23:15:42.710+0800] GC(703) Concurrent Undo Cycle
[2024-08-29T23:15:42.710+0800] GC(703) Concurrent Cleanup for Next Mark
[2024-08-29T23:15:42.718+0800] GC(703) Concurrent Cleanup for Next Mark 8.002ms
[2024-08-29T23:15:42.718+0800] GC(703) Concurrent Undo Cycle 8.181ms
[2024-08-29T23:15:42.780+0800] GC(704) Pause Young (Concurrent Start) (G1 Humongous Allocation)
[2024-08-29T23:15:42.780+0800] GC(704) Using 8 workers of 8 for evacuation
[2024-08-29T23:15:42.781+0800] GC(704)   Pre Evacuate Collection Set: 0.2ms
[2024-08-29T23:15:42.781+0800] GC(704)   Merge Heap Roots: 0.1ms
[2024-08-29T23:15:42.781+0800] GC(704)   Evacuate Collection Set: 0.4ms
[2024-08-29T23:15:42.781+0800] GC(704)   Post Evacuate Collection Set: 0.3ms
[2024-08-29T23:15:42.781+0800] GC(704)   Other: 0.2ms
[2024-08-29T23:15:42.781+0800] GC(704) Eden regions: 4->0(1072)
[2024-08-29T23:15:42.781+0800] GC(704) Survivor regions: 0->0(135)
[2024-08-29T23:15:42.781+0800] GC(704) Old regions: 1->1
[2024-08-29T23:15:42.781+0800] GC(704) Archive regions: 2->2
[2024-08-29T23:15:42.781+0800] GC(704) Humongous regions: 916->767
[2024-08-29T23:15:42.781+0800] GC(704) Metaspace: 1625K(1792K)->1625K(1792K) NonClass: 1506K(1600K)->1506K(1600K) Class: 119K(192K)->119K(192K)
[2024-08-29T23:15:42.781+0800] GC(704) Pause Young (Concurrent Start) (G1 Humongous Allocation) 921M->768M(2048M) 1.304ms
[2024-08-29T23:15:42.781+0800] GC(704) User=0.00s Sys=0.00s Real=0.00s
[2024-08-29T23:15:42.781+0800] GC(705) Concurrent Undo Cycle
[2024-08-29T23:15:42.781+0800] GC(705) Concurrent Cleanup for Next Mark
[2024-08-29T23:15:42.785+0800] GC(705) Concurrent Cleanup for Next Mark 4.250ms
[2024-08-29T23:15:42.785+0800] GC(705) Concurrent Undo Cycle 4.321ms
[2024-08-29T23:15:42.834+0800] GC(706) Pause Young (Concurrent Start) (G1 Humongous Allocation)
[2024-08-29T23:15:42.834+0800] GC(706) Using 8 workers of 8 for evacuation
[2024-08-29T23:15:42.836+0800] GC(706)   Pre Evacuate Collection Set: 0.4ms
[2024-08-29T23:15:42.836+0800] GC(706)   Merge Heap Roots: 0.1ms
[2024-08-29T23:15:42.836+0800] GC(706)   Evacuate Collection Set: 0.3ms
[2024-08-29T23:15:42.836+0800] GC(706)   Post Evacuate Collection Set: 0.3ms
[2024-08-29T23:15:42.836+0800] GC(706)   Other: 0.2ms
[2024-08-29T23:15:42.836+0800] GC(706) Eden regions: 4->0(1047)
[2024-08-29T23:15:42.836+0800] GC(706) Survivor regions: 0->1(134)
[2024-08-29T23:15:42.836+0800] GC(706) Old regions: 1->1
[2024-08-29T23:15:42.836+0800] GC(706) Archive regions: 2->2
[2024-08-29T23:15:42.836+0800] GC(706) Humongous regions: 915->790
[2024-08-29T23:15:42.836+0800] GC(706) Metaspace: 1625K(1792K)->1625K(1792K) NonClass: 1506K(1600K)->1506K(1600K) Class: 119K(192K)->119K(192K)
[2024-08-29T23:15:42.836+0800] GC(706) Pause Young (Concurrent Start) (G1 Humongous Allocation) 920M->791M(2048M) 1.404ms
[2024-08-29T23:15:42.836+0800] GC(706) User=0.00s Sys=0.00s Real=0.00s
[2024-08-29T23:15:42.836+0800] GC(707) Concurrent Undo Cycle
[2024-08-29T23:15:42.836+0800] GC(707) Concurrent Cleanup for Next Mark
[2024-08-29T23:15:42.841+0800] GC(707) Concurrent Cleanup for Next Mark 5.373ms
[2024-08-29T23:15:42.842+0800] GC(707) Concurrent Undo Cycle 5.662ms
[2024-08-29T23:15:42.881+0800] GC(708) Pause Young (Concurrent Start) (G1 Humongous Allocation)
[2024-08-29T23:15:42.881+0800] GC(708) Using 8 workers of 8 for evacuation
[2024-08-29T23:15:42.882+0800] GC(708)   Pre Evacuate Collection Set: 0.2ms
[2024-08-29T23:15:42.882+0800] GC(708)   Merge Heap Roots: 0.1ms
[2024-08-29T23:15:42.882+0800] GC(708)   Evacuate Collection Set: 0.5ms
[2024-08-29T23:15:42.882+0800] GC(708)   Post Evacuate Collection Set: 0.3ms
[2024-08-29T23:15:42.882+0800] GC(708)   Other: 0.2ms
[2024-08-29T23:15:42.882+0800] GC(708) Eden regions: 4->0(1020)
[2024-08-29T23:15:42.882+0800] GC(708) Survivor regions: 1->0(131)
[2024-08-29T23:15:42.882+0800] GC(708) Old regions: 1->1
[2024-08-29T23:15:42.882+0800] GC(708) Archive regions: 2->2
[2024-08-29T23:15:42.882+0800] GC(708) Humongous regions: 917->819
[2024-08-29T23:15:42.882+0800] GC(708) Metaspace: 1625K(1792K)->1625K(1792K) NonClass: 1506K(1600K)->1506K(1600K) Class: 119K(192K)->119K(192K)
[2024-08-29T23:15:42.882+0800] GC(708) Pause Young (Concurrent Start) (G1 Humongous Allocation) 922M->820M(2048M) 1.449ms
[2024-08-29T23:15:42.882+0800] GC(708) User=0.00s Sys=0.00s Real=0.00s
[2024-08-29T23:15:42.882+0800] GC(709) Concurrent Undo Cycle
[2024-08-29T23:15:42.882+0800] GC(709) Concurrent Cleanup for Next Mark
[2024-08-29T23:15:42.889+0800] GC(709) Concurrent Cleanup for Next Mark 7.120ms
[2024-08-29T23:15:42.889+0800] GC(709) Concurrent Undo Cycle 7.222ms
[2024-08-29T23:15:42.918+0800] GC(710) Pause Young (Concurrent Start) (G1 Humongous Allocation)
[2024-08-29T23:15:42.918+0800] GC(710) Using 8 workers of 8 for evacuation
[2024-08-29T23:15:42.919+0800] GC(710)   Pre Evacuate Collection Set: 0.2ms
[2024-08-29T23:15:42.919+0800] GC(710)   Merge Heap Roots: 0.1ms
[2024-08-29T23:15:42.919+0800] GC(710)   Evacuate Collection Set: 0.3ms
[2024-08-29T23:15:42.919+0800] GC(710)   Post Evacuate Collection Set: 0.4ms
[2024-08-29T23:15:42.919+0800] GC(710)   Other: 0.3ms
[2024-08-29T23:15:42.919+0800] GC(710) Eden regions: 4->0(1009)
[2024-08-29T23:15:42.919+0800] GC(710) Survivor regions: 0->0(128)
[2024-08-29T23:15:42.919+0800] GC(710) Old regions: 1->1
[2024-08-29T23:15:42.919+0800] GC(710) Archive regions: 2->2
[2024-08-29T23:15:42.919+0800] GC(710) Humongous regions: 918->830
[2024-08-29T23:15:42.919+0800] GC(710) Metaspace: 1625K(1792K)->1625K(1792K) NonClass: 1506K(1600K)->1506K(1600K) Class: 119K(192K)->119K(192K)
[2024-08-29T23:15:42.919+0800] GC(710) Pause Young (Concurrent Start) (G1 Humongous Allocation) 923M->831M(2048M) 1.431ms
[2024-08-29T23:15:42.919+0800] GC(710) User=0.00s Sys=0.00s Real=0.00s
[2024-08-29T23:15:42.919+0800] GC(711) Concurrent Undo Cycle
[2024-08-29T23:15:42.919+0800] GC(711) Concurrent Cleanup for Next Mark
[2024-08-29T23:15:42.923+0800] GC(711) Concurrent Cleanup for Next Mark 4.174ms
[2024-08-29T23:15:42.923+0800] GC(711) Concurrent Undo Cycle 4.269ms
[2024-08-29T23:15:42.950+0800] GC(712) Pause Young (Concurrent Start) (G1 Humongous Allocation)
[2024-08-29T23:15:42.950+0800] GC(712) Using 8 workers of 8 for evacuation
[2024-08-29T23:15:42.951+0800] GC(712)   Pre Evacuate Collection Set: 0.2ms
[2024-08-29T23:15:42.951+0800] GC(712)   Merge Heap Roots: 0.1ms
[2024-08-29T23:15:42.951+0800] GC(712)   Evacuate Collection Set: 0.4ms
[2024-08-29T23:15:42.951+0800] GC(712)   Post Evacuate Collection Set: 0.4ms
[2024-08-29T23:15:42.951+0800] GC(712)   Other: 0.3ms
[2024-08-29T23:15:42.951+0800] GC(712) Eden regions: 4->0(994)
[2024-08-29T23:15:42.951+0800] GC(712) Survivor regions: 0->0(127)
[2024-08-29T23:15:42.951+0800] GC(712) Old regions: 1->1
[2024-08-29T23:15:42.951+0800] GC(712) Archive regions: 2->2
[2024-08-29T23:15:42.951+0800] GC(712) Humongous regions: 916->845
[2024-08-29T23:15:42.951+0800] GC(712) Metaspace: 1625K(1792K)->1625K(1792K) NonClass: 1506K(1600K)->1506K(1600K) Class: 119K(192K)->119K(192K)
[2024-08-29T23:15:42.951+0800] GC(712) Pause Young (Concurrent Start) (G1 Humongous Allocation) 921M->846M(2048M) 1.414ms
[2024-08-29T23:15:42.951+0800] GC(712) User=0.00s Sys=0.00s Real=0.00s
[2024-08-29T23:15:42.951+0800] GC(713) Concurrent Undo Cycle
[2024-08-29T23:15:42.951+0800] GC(713) Concurrent Cleanup for Next Mark
[2024-08-29T23:15:42.956+0800] GC(713) Concurrent Cleanup for Next Mark 4.753ms
[2024-08-29T23:15:42.956+0800] GC(713) Concurrent Undo Cycle 4.811ms
[2024-08-29T23:15:42.981+0800] GC(714) Pause Young (Concurrent Start) (G1 Humongous Allocation)
[2024-08-29T23:15:42.981+0800] GC(714) Using 8 workers of 8 for evacuation
[2024-08-29T23:15:42.982+0800] GC(714)   Pre Evacuate Collection Set: 0.2ms
[2024-08-29T23:15:42.982+0800] GC(714)   Merge Heap Roots: 0.1ms
[2024-08-29T23:15:42.982+0800] GC(714)   Evacuate Collection Set: 0.5ms
[2024-08-29T23:15:42.982+0800] GC(714)   Post Evacuate Collection Set: 0.3ms
[2024-08-29T23:15:42.982+0800] GC(714)   Other: 0.2ms
[2024-08-29T23:15:42.982+0800] GC(714) Eden regions: 4->0(987)
[2024-08-29T23:15:42.982+0800] GC(714) Survivor regions: 0->0(125)
[2024-08-29T23:15:42.982+0800] GC(714) Old regions: 1->1
[2024-08-29T23:15:42.982+0800] GC(714) Archive regions: 2->2
[2024-08-29T23:15:42.982+0800] GC(714) Humongous regions: 915->852
[2024-08-29T23:15:42.982+0800] GC(714) Metaspace: 1625K(1792K)->1625K(1792K) NonClass: 1506K(1600K)->1506K(1600K) Class: 119K(192K)->119K(192K)
[2024-08-29T23:15:42.982+0800] GC(714) Pause Young (Concurrent Start) (G1 Humongous Allocation) 920M->853M(2048M) 1.366ms
[2024-08-29T23:15:42.982+0800] GC(714) User=0.00s Sys=0.00s Real=0.00s
[2024-08-29T23:15:42.982+0800] GC(715) Concurrent Undo Cycle
[2024-08-29T23:15:42.982+0800] GC(715) Concurrent Cleanup for Next Mark
[2024-08-29T23:15:42.988+0800] GC(715) Concurrent Cleanup for Next Mark 5.574ms
[2024-08-29T23:15:42.988+0800] GC(715) Concurrent Undo Cycle 5.703ms
[2024-08-29T23:15:43.013+0800] GC(716) Pause Young (Concurrent Start) (G1 Humongous Allocation)
[2024-08-29T23:15:43.013+0800] GC(716) Using 8 workers of 8 for evacuation
[2024-08-29T23:15:43.015+0800] GC(716)   Pre Evacuate Collection Set: 0.2ms
[2024-08-29T23:15:43.015+0800] GC(716)   Merge Heap Roots: 0.1ms
[2024-08-29T23:15:43.015+0800] GC(716)   Evacuate Collection Set: 0.5ms
[2024-08-29T23:15:43.015+0800] GC(716)   Post Evacuate Collection Set: 0.4ms
[2024-08-29T23:15:43.015+0800] GC(716)   Other: 0.3ms
[2024-08-29T23:15:43.015+0800] GC(716) Eden regions: 4->0(1004)
[2024-08-29T23:15:43.015+0800] GC(716) Survivor regions: 0->0(124)
[2024-08-29T23:15:43.015+0800] GC(716) Old regions: 1->1
[2024-08-29T23:15:43.015+0800] GC(716) Archive regions: 2->2
[2024-08-29T23:15:43.015+0800] GC(716) Humongous regions: 918->835
[2024-08-29T23:15:43.015+0800] GC(716) Metaspace: 1625K(1792K)->1625K(1792K) NonClass: 1506K(1600K)->1506K(1600K) Class: 119K(192K)->119K(192K)
[2024-08-29T23:15:43.015+0800] GC(716) Pause Young (Concurrent Start) (G1 Humongous Allocation) 923M->836M(2048M) 1.596ms
[2024-08-29T23:15:43.015+0800] GC(716) User=0.00s Sys=0.00s Real=0.00s
[2024-08-29T23:15:43.015+0800] GC(717) Concurrent Undo Cycle
[2024-08-29T23:15:43.015+0800] GC(717) Concurrent Cleanup for Next Mark
[2024-08-29T23:15:43.020+0800] GC(717) Concurrent Cleanup for Next Mark 5.208ms
[2024-08-29T23:15:43.020+0800] GC(717) Concurrent Undo Cycle 5.289ms
[2024-08-29T23:15:43.050+0800] GC(718) Pause Young (Concurrent Start) (G1 Humongous Allocation)
[2024-08-29T23:15:43.050+0800] GC(718) Using 8 workers of 8 for evacuation
[2024-08-29T23:15:43.051+0800] GC(718)   Pre Evacuate Collection Set: 0.2ms
[2024-08-29T23:15:43.051+0800] GC(718)   Merge Heap Roots: 0.1ms
[2024-08-29T23:15:43.051+0800] GC(718)   Evacuate Collection Set: 0.3ms
[2024-08-29T23:15:43.051+0800] GC(718)   Post Evacuate Collection Set: 0.3ms
[2024-08-29T23:15:43.051+0800] GC(718)   Other: 0.2ms
[2024-08-29T23:15:43.051+0800] GC(718) Eden regions: 4->0(1017)
[2024-08-29T23:15:43.051+0800] GC(718) Survivor regions: 0->0(126)
[2024-08-29T23:15:43.051+0800] GC(718) Old regions: 1->1
[2024-08-29T23:15:43.051+0800] GC(718) Archive regions: 2->2
[2024-08-29T23:15:43.051+0800] GC(718) Humongous regions: 919->822
[2024-08-29T23:15:43.051+0800] GC(718) Metaspace: 1625K(1792K)->1625K(1792K) NonClass: 1506K(1600K)->1506K(1600K) Class: 119K(192K)->119K(192K)
[2024-08-29T23:15:43.051+0800] GC(718) Pause Young (Concurrent Start) (G1 Humongous Allocation) 924M->823M(2048M) 1.087ms
[2024-08-29T23:15:43.051+0800] GC(718) User=0.00s Sys=0.00s Real=0.00s
[2024-08-29T23:15:43.051+0800] GC(719) Concurrent Undo Cycle
[2024-08-29T23:15:43.051+0800] GC(719) Concurrent Cleanup for Next Mark
[2024-08-29T23:15:43.055+0800] GC(719) Concurrent Cleanup for Next Mark 4.249ms
[2024-08-29T23:15:43.055+0800] GC(719) Concurrent Undo Cycle 4.319ms
[2024-08-29T23:15:43.101+0800] GC(720) Pause Young (Concurrent Start) (G1 Humongous Allocation)
[2024-08-29T23:15:43.101+0800] GC(720) Using 8 workers of 8 for evacuation
[2024-08-29T23:15:43.102+0800] GC(720)   Pre Evacuate Collection Set: 0.3ms
[2024-08-29T23:15:43.102+0800] GC(720)   Merge Heap Roots: 0.1ms
[2024-08-29T23:15:43.102+0800] GC(720)   Evacuate Collection Set: 0.4ms
[2024-08-29T23:15:43.102+0800] GC(720)   Post Evacuate Collection Set: 0.3ms
[2024-08-29T23:15:43.102+0800] GC(720)   Other: 0.2ms
[2024-08-29T23:15:43.102+0800] GC(720) Eden regions: 4->0(1047)
[2024-08-29T23:15:43.102+0800] GC(720) Survivor regions: 0->0(128)
[2024-08-29T23:15:43.102+0800] GC(720) Old regions: 1->1
[2024-08-29T23:15:43.102+0800] GC(720) Archive regions: 2->2
[2024-08-29T23:15:43.102+0800] GC(720) Humongous regions: 919->792
[2024-08-29T23:15:43.102+0800] GC(720) Metaspace: 1625K(1792K)->1625K(1792K) NonClass: 1506K(1600K)->1506K(1600K) Class: 119K(192K)->119K(192K)
[2024-08-29T23:15:43.102+0800] GC(720) Pause Young (Concurrent Start) (G1 Humongous Allocation) 924M->793M(2048M) 1.296ms
[2024-08-29T23:15:43.102+0800] GC(720) User=0.00s Sys=0.00s Real=0.00s
[2024-08-29T23:15:43.102+0800] GC(721) Concurrent Undo Cycle
[2024-08-29T23:15:43.102+0800] GC(721) Concurrent Cleanup for Next Mark
[2024-08-29T23:15:43.107+0800] GC(721) Concurrent Cleanup for Next Mark 4.618ms
[2024-08-29T23:15:43.107+0800] GC(721) Concurrent Undo Cycle 4.736ms
[2024-08-29T23:15:43.155+0800] GC(722) Pause Young (Concurrent Start) (G1 Humongous Allocation)
[2024-08-29T23:15:43.155+0800] GC(722) Using 8 workers of 8 for evacuation
[2024-08-29T23:15:43.156+0800] GC(722)   Pre Evacuate Collection Set: 0.3ms
[2024-08-29T23:15:43.156+0800] GC(722)   Merge Heap Roots: 0.2ms
[2024-08-29T23:15:43.156+0800] GC(722)   Evacuate Collection Set: 0.4ms
[2024-08-29T23:15:43.156+0800] GC(722)   Post Evacuate Collection Set: 0.4ms
[2024-08-29T23:15:43.156+0800] GC(722)   Other: 0.3ms
[2024-08-29T23:15:43.156+0800] GC(722) Eden regions: 4->0(1057)
[2024-08-29T23:15:43.156+0800] GC(722) Survivor regions: 0->0(131)
[2024-08-29T23:15:43.156+0800] GC(722) Old regions: 1->1
[2024-08-29T23:15:43.156+0800] GC(722) Archive regions: 2->2
[2024-08-29T23:15:43.156+0800] GC(722) Humongous regions: 918->782
[2024-08-29T23:15:43.156+0800] GC(722) Metaspace: 1625K(1792K)->1625K(1792K) NonClass: 1506K(1600K)->1506K(1600K) Class: 119K(192K)->119K(192K)
[2024-08-29T23:15:43.156+0800] GC(722) Pause Young (Concurrent Start) (G1 Humongous Allocation) 923M->783M(2048M) 1.595ms
[2024-08-29T23:15:43.156+0800] GC(722) User=0.00s Sys=0.00s Real=0.00s
[2024-08-29T23:15:43.156+0800] GC(723) Concurrent Undo Cycle
[2024-08-29T23:15:43.156+0800] GC(723) Concurrent Cleanup for Next Mark
[2024-08-29T23:15:43.162+0800] GC(723) Concurrent Cleanup for Next Mark 5.126ms
[2024-08-29T23:15:43.162+0800] GC(723) Concurrent Undo Cycle 5.331ms
[2024-08-29T23:15:43.215+0800] GC(724) Pause Young (Concurrent Start) (G1 Humongous Allocation)
[2024-08-29T23:15:43.215+0800] GC(724) Using 8 workers of 8 for evacuation
[2024-08-29T23:15:43.216+0800] GC(724)   Pre Evacuate Collection Set: 0.3ms
[2024-08-29T23:15:43.216+0800] GC(724)   Merge Heap Roots: 0.2ms
[2024-08-29T23:15:43.216+0800] GC(724)   Evacuate Collection Set: 0.4ms
[2024-08-29T23:15:43.216+0800] GC(724)   Post Evacuate Collection Set: 0.4ms
[2024-08-29T23:15:43.216+0800] GC(724)   Other: 0.2ms
[2024-08-29T23:15:43.216+0800] GC(724) Eden regions: 4->0(1073)
[2024-08-29T23:15:43.216+0800] GC(724) Survivor regions: 0->0(133)
[2024-08-29T23:15:43.216+0800] GC(724) Old regions: 1->1
[2024-08-29T23:15:43.216+0800] GC(724) Archive regions: 2->2
[2024-08-29T23:15:43.216+0800] GC(724) Humongous regions: 917->766
[2024-08-29T23:15:43.216+0800] GC(724) Metaspace: 1625K(1792K)->1625K(1792K) NonClass: 1506K(1600K)->1506K(1600K) Class: 119K(192K)->119K(192K)
[2024-08-29T23:15:43.216+0800] GC(724) Pause Young (Concurrent Start) (G1 Humongous Allocation) 922M->767M(2048M) 1.525ms
[2024-08-29T23:15:43.216+0800] GC(724) User=0.00s Sys=0.01s Real=0.00s
[2024-08-29T23:15:43.216+0800] GC(725) Concurrent Undo Cycle
[2024-08-29T23:15:43.216+0800] GC(725) Concurrent Cleanup for Next Mark
[2024-08-29T23:15:43.221+0800] GC(725) Concurrent Cleanup for Next Mark 5.019ms
[2024-08-29T23:15:43.222+0800] GC(725) Concurrent Undo Cycle 5.125ms
[2024-08-29T23:15:43.270+0800] GC(726) Pause Young (Concurrent Start) (G1 Humongous Allocation)
[2024-08-29T23:15:43.270+0800] GC(726) Using 8 workers of 8 for evacuation
[2024-08-29T23:15:43.271+0800] GC(726)   Pre Evacuate Collection Set: 0.2ms
[2024-08-29T23:15:43.271+0800] GC(726)   Merge Heap Roots: 0.1ms
[2024-08-29T23:15:43.271+0800] GC(726)   Evacuate Collection Set: 0.6ms
[2024-08-29T23:15:43.271+0800] GC(726)   Post Evacuate Collection Set: 0.4ms
[2024-08-29T23:15:43.271+0800] GC(726)   Other: 0.2ms
[2024-08-29T23:15:43.271+0800] GC(726) Eden regions: 4->0(1057)
[2024-08-29T23:15:43.271+0800] GC(726) Survivor regions: 0->0(135)
[2024-08-29T23:15:43.271+0800] GC(726) Old regions: 1->1
[2024-08-29T23:15:43.271+0800] GC(726) Archive regions: 2->2
[2024-08-29T23:15:43.271+0800] GC(726) Humongous regions: 916->782
[2024-08-29T23:15:43.271+0800] GC(726) Metaspace: 1625K(1792K)->1625K(1792K) NonClass: 1506K(1600K)->1506K(1600K) Class: 119K(192K)->119K(192K)
[2024-08-29T23:15:43.272+0800] GC(726) Pause Young (Concurrent Start) (G1 Humongous Allocation) 921M->783M(2048M) 1.558ms
[2024-08-29T23:15:43.272+0800] GC(726) User=0.00s Sys=0.00s Real=0.00s
[2024-08-29T23:15:43.272+0800] GC(727) Concurrent Undo Cycle
[2024-08-29T23:15:43.272+0800] GC(727) Concurrent Cleanup for Next Mark
[2024-08-29T23:15:43.276+0800] GC(727) Concurrent Cleanup for Next Mark 4.669ms
[2024-08-29T23:15:43.276+0800] GC(727) Concurrent Undo Cycle 4.752ms
[2024-08-29T23:15:43.323+0800] GC(728) Pause Young (Concurrent Start) (G1 Humongous Allocation)
[2024-08-29T23:15:43.323+0800] GC(728) Using 8 workers of 8 for evacuation
[2024-08-29T23:15:43.324+0800] GC(728)   Pre Evacuate Collection Set: 0.2ms
[2024-08-29T23:15:43.324+0800] GC(728)   Merge Heap Roots: 0.1ms
[2024-08-29T23:15:43.324+0800] GC(728)   Evacuate Collection Set: 0.3ms
[2024-08-29T23:15:43.324+0800] GC(728)   Post Evacuate Collection Set: 0.4ms
[2024-08-29T23:15:43.324+0800] GC(728)   Other: 0.2ms
[2024-08-29T23:15:43.324+0800] GC(728) Eden regions: 4->0(1065)
[2024-08-29T23:15:43.324+0800] GC(728) Survivor regions: 0->0(133)
[2024-08-29T23:15:43.324+0800] GC(728) Old regions: 1->1
[2024-08-29T23:15:43.324+0800] GC(728) Archive regions: 2->2
[2024-08-29T23:15:43.324+0800] GC(728) Humongous regions: 918->774
[2024-08-29T23:15:43.324+0800] GC(728) Metaspace: 1625K(1792K)->1625K(1792K) NonClass: 1506K(1600K)->1506K(1600K) Class: 119K(192K)->119K(192K)
[2024-08-29T23:15:43.324+0800] GC(728) Pause Young (Concurrent Start) (G1 Humongous Allocation) 923M->775M(2048M) 1.261ms
[2024-08-29T23:15:43.324+0800] GC(728) User=0.00s Sys=0.00s Real=0.00s
[2024-08-29T23:15:43.324+0800] GC(729) Concurrent Undo Cycle
[2024-08-29T23:15:43.324+0800] GC(729) Concurrent Cleanup for Next Mark
[2024-08-29T23:15:43.330+0800] GC(729) Concurrent Cleanup for Next Mark 5.914ms
[2024-08-29T23:15:43.330+0800] GC(729) Concurrent Undo Cycle 6.011ms
[2024-08-29T23:15:43.372+0800] GC(730) Pause Young (Concurrent Start) (G1 Humongous Allocation)
[2024-08-29T23:15:43.372+0800] GC(730) Using 8 workers of 8 for evacuation
[2024-08-29T23:15:43.373+0800] GC(730)   Pre Evacuate Collection Set: 0.2ms
[2024-08-29T23:15:43.373+0800] GC(730)   Merge Heap Roots: 0.2ms
[2024-08-29T23:15:43.373+0800] GC(730)   Evacuate Collection Set: 0.6ms
[2024-08-29T23:15:43.373+0800] GC(730)   Post Evacuate Collection Set: 0.3ms
[2024-08-29T23:15:43.373+0800] GC(730)   Other: 0.2ms
[2024-08-29T23:15:43.374+0800] GC(730) Eden regions: 4->0(1005)
[2024-08-29T23:15:43.374+0800] GC(730) Survivor regions: 0->0(134)
[2024-08-29T23:15:43.374+0800] GC(730) Old regions: 1->1
[2024-08-29T23:15:43.374+0800] GC(730) Archive regions: 2->2
[2024-08-29T23:15:43.374+0800] GC(730) Humongous regions: 919->834
[2024-08-29T23:15:43.374+0800] GC(730) Metaspace: 1625K(1792K)->1625K(1792K) NonClass: 1506K(1600K)->1506K(1600K) Class: 119K(192K)->119K(192K)
[2024-08-29T23:15:43.374+0800] GC(730) Pause Young (Concurrent Start) (G1 Humongous Allocation) 924M->835M(2048M) 1.614ms
[2024-08-29T23:15:43.374+0800] GC(730) User=0.00s Sys=0.00s Real=0.01s
[2024-08-29T23:15:43.374+0800] GC(731) Concurrent Undo Cycle
[2024-08-29T23:15:43.374+0800] GC(731) Concurrent Cleanup for Next Mark
[2024-08-29T23:15:43.378+0800] GC(731) Concurrent Cleanup for Next Mark 4.623ms
[2024-08-29T23:15:43.378+0800] GC(731) Concurrent Undo Cycle 4.691ms
[2024-08-29T23:15:43.408+0800] GC(732) Pause Young (Concurrent Start) (G1 Humongous Allocation)
[2024-08-29T23:15:43.408+0800] GC(732) Using 8 workers of 8 for evacuation
[2024-08-29T23:15:43.409+0800] GC(732)   Pre Evacuate Collection Set: 0.2ms
[2024-08-29T23:15:43.409+0800] GC(732)   Merge Heap Roots: 0.1ms
[2024-08-29T23:15:43.409+0800] GC(732)   Evacuate Collection Set: 0.4ms
[2024-08-29T23:15:43.409+0800] GC(732)   Post Evacuate Collection Set: 0.4ms
[2024-08-29T23:15:43.409+0800] GC(732)   Other: 0.2ms
[2024-08-29T23:15:43.409+0800] GC(732) Eden regions: 4->0(992)
[2024-08-29T23:15:43.409+0800] GC(732) Survivor regions: 0->0(126)
[2024-08-29T23:15:43.409+0800] GC(732) Old regions: 1->1
[2024-08-29T23:15:43.409+0800] GC(732) Archive regions: 2->2
[2024-08-29T23:15:43.409+0800] GC(732) Humongous regions: 915->847
[2024-08-29T23:15:43.409+0800] GC(732) Metaspace: 1625K(1792K)->1625K(1792K) NonClass: 1506K(1600K)->1506K(1600K) Class: 119K(192K)->119K(192K)
[2024-08-29T23:15:43.409+0800] GC(732) Pause Young (Concurrent Start) (G1 Humongous Allocation) 920M->848M(2048M) 1.366ms
[2024-08-29T23:15:43.409+0800] GC(732) User=0.00s Sys=0.00s Real=0.00s
[2024-08-29T23:15:43.409+0800] GC(733) Concurrent Undo Cycle
[2024-08-29T23:15:43.409+0800] GC(733) Concurrent Cleanup for Next Mark
[2024-08-29T23:15:43.414+0800] GC(733) Concurrent Cleanup for Next Mark 4.251ms
[2024-08-29T23:15:43.414+0800] GC(733) Concurrent Undo Cycle 4.337ms
[2024-08-29T23:15:43.443+0800] GC(734) Pause Young (Concurrent Start) (G1 Humongous Allocation)
[2024-08-29T23:15:43.443+0800] GC(734) Using 8 workers of 8 for evacuation
[2024-08-29T23:15:43.444+0800] GC(734)   Pre Evacuate Collection Set: 0.2ms
[2024-08-29T23:15:43.444+0800] GC(734)   Merge Heap Roots: 0.1ms
[2024-08-29T23:15:43.444+0800] GC(734)   Evacuate Collection Set: 0.4ms
[2024-08-29T23:15:43.444+0800] GC(734)   Post Evacuate Collection Set: 0.3ms
[2024-08-29T23:15:43.444+0800] GC(734)   Other: 0.2ms
[2024-08-29T23:15:43.444+0800] GC(734) Eden regions: 4->0(1001)
[2024-08-29T23:15:43.444+0800] GC(734) Survivor regions: 0->0(124)
[2024-08-29T23:15:43.444+0800] GC(734) Old regions: 1->1
[2024-08-29T23:15:43.444+0800] GC(734) Archive regions: 2->2
[2024-08-29T23:15:43.444+0800] GC(734) Humongous regions: 919->838
[2024-08-29T23:15:43.444+0800] GC(734) Metaspace: 1625K(1792K)->1625K(1792K) NonClass: 1506K(1600K)->1506K(1600K) Class: 119K(192K)->119K(192K)
[2024-08-29T23:15:43.444+0800] GC(734) Pause Young (Concurrent Start) (G1 Humongous Allocation) 924M->839M(2048M) 1.400ms
[2024-08-29T23:15:43.444+0800] GC(734) User=0.00s Sys=0.00s Real=0.00s
[2024-08-29T23:15:43.444+0800] GC(735) Concurrent Undo Cycle
[2024-08-29T23:15:43.444+0800] GC(735) Concurrent Cleanup for Next Mark
[2024-08-29T23:15:43.451+0800] GC(735) Concurrent Cleanup for Next Mark 6.858ms
[2024-08-29T23:15:43.451+0800] GC(735) Concurrent Undo Cycle 6.941ms
[2024-08-29T23:15:43.479+0800] GC(736) Pause Young (Concurrent Start) (G1 Humongous Allocation)
[2024-08-29T23:15:43.479+0800] GC(736) Using 8 workers of 8 for evacuation
[2024-08-29T23:15:43.481+0800] GC(736)   Pre Evacuate Collection Set: 0.3ms
[2024-08-29T23:15:43.481+0800] GC(736)   Merge Heap Roots: 0.1ms
[2024-08-29T23:15:43.481+0800] GC(736)   Evacuate Collection Set: 0.8ms
[2024-08-29T23:15:43.481+0800] GC(736)   Post Evacuate Collection Set: 0.3ms
[2024-08-29T23:15:43.481+0800] GC(736)   Other: 0.2ms
[2024-08-29T23:15:43.481+0800] GC(736) Eden regions: 4->0(1001)
[2024-08-29T23:15:43.481+0800] GC(736) Survivor regions: 0->0(126)
[2024-08-29T23:15:43.481+0800] GC(736) Old regions: 1->1
[2024-08-29T23:15:43.481+0800] GC(736) Archive regions: 2->2
[2024-08-29T23:15:43.481+0800] GC(736) Humongous regions: 919->838
[2024-08-29T23:15:43.481+0800] GC(736) Metaspace: 1625K(1792K)->1625K(1792K) NonClass: 1506K(1600K)->1506K(1600K) Class: 119K(192K)->119K(192K)
[2024-08-29T23:15:43.481+0800] GC(736) Pause Young (Concurrent Start) (G1 Humongous Allocation) 924M->839M(2048M) 1.759ms
[2024-08-29T23:15:43.481+0800] GC(736) User=0.00s Sys=0.01s Real=0.00s
[2024-08-29T23:15:43.481+0800] GC(737) Concurrent Undo Cycle
[2024-08-29T23:15:43.481+0800] GC(737) Concurrent Cleanup for Next Mark
[2024-08-29T23:15:43.486+0800] GC(737) Concurrent Cleanup for Next Mark 4.744ms
[2024-08-29T23:15:43.486+0800] GC(737) Concurrent Undo Cycle 4.859ms
[2024-08-29T23:15:43.516+0800] GC(738) Pause Young (Concurrent Start) (G1 Humongous Allocation)
[2024-08-29T23:15:43.516+0800] GC(738) Using 8 workers of 8 for evacuation
[2024-08-29T23:15:43.517+0800] GC(738)   Pre Evacuate Collection Set: 0.2ms
[2024-08-29T23:15:43.517+0800] GC(738)   Merge Heap Roots: 0.1ms
[2024-08-29T23:15:43.517+0800] GC(738)   Evacuate Collection Set: 0.4ms
[2024-08-29T23:15:43.517+0800] GC(738)   Post Evacuate Collection Set: 0.4ms
[2024-08-29T23:15:43.517+0800] GC(738)   Other: 0.2ms
[2024-08-29T23:15:43.517+0800] GC(738) Eden regions: 4->0(1019)
[2024-08-29T23:15:43.517+0800] GC(738) Survivor regions: 0->0(126)
[2024-08-29T23:15:43.517+0800] GC(738) Old regions: 1->1
[2024-08-29T23:15:43.517+0800] GC(738) Archive regions: 2->2
[2024-08-29T23:15:43.517+0800] GC(738) Humongous regions: 917->820
[2024-08-29T23:15:43.517+0800] GC(738) Metaspace: 1625K(1792K)->1625K(1792K) NonClass: 1506K(1600K)->1506K(1600K) Class: 119K(192K)->119K(192K)
[2024-08-29T23:15:43.517+0800] GC(738) Pause Young (Concurrent Start) (G1 Humongous Allocation) 922M->821M(2048M) 1.346ms
[2024-08-29T23:15:43.517+0800] GC(738) User=0.00s Sys=0.00s Real=0.00s
[2024-08-29T23:15:43.517+0800] GC(739) Concurrent Undo Cycle
[2024-08-29T23:15:43.517+0800] GC(739) Concurrent Cleanup for Next Mark
[2024-08-29T23:15:43.523+0800] GC(739) Concurrent Cleanup for Next Mark 5.530ms
[2024-08-29T23:15:43.523+0800] GC(739) Concurrent Undo Cycle 5.616ms
[2024-08-29T23:15:43.560+0800] GC(740) Pause Young (Concurrent Start) (G1 Humongous Allocation)
[2024-08-29T23:15:43.560+0800] GC(740) Using 8 workers of 8 for evacuation
[2024-08-29T23:15:43.561+0800] GC(740)   Pre Evacuate Collection Set: 0.3ms
[2024-08-29T23:15:43.561+0800] GC(740)   Merge Heap Roots: 0.1ms
[2024-08-29T23:15:43.561+0800] GC(740)   Evacuate Collection Set: 0.4ms
[2024-08-29T23:15:43.561+0800] GC(740)   Post Evacuate Collection Set: 0.4ms
[2024-08-29T23:15:43.561+0800] GC(740)   Other: 0.2ms
[2024-08-29T23:15:43.561+0800] GC(740) Eden regions: 4->0(1037)
[2024-08-29T23:15:43.561+0800] GC(740) Survivor regions: 0->0(128)
[2024-08-29T23:15:43.561+0800] GC(740) Old regions: 1->1
[2024-08-29T23:15:43.561+0800] GC(740) Archive regions: 2->2
[2024-08-29T23:15:43.561+0800] GC(740) Humongous regions: 918->802
[2024-08-29T23:15:43.561+0800] GC(740) Metaspace: 1625K(1792K)->1625K(1792K) NonClass: 1506K(1600K)->1506K(1600K) Class: 119K(192K)->119K(192K)
[2024-08-29T23:15:43.561+0800] GC(740) Pause Young (Concurrent Start) (G1 Humongous Allocation) 923M->803M(2048M) 1.452ms
[2024-08-29T23:15:43.561+0800] GC(740) User=0.00s Sys=0.00s Real=0.00s
[2024-08-29T23:15:43.562+0800] GC(741) Concurrent Undo Cycle
[2024-08-29T23:15:43.562+0800] GC(741) Concurrent Cleanup for Next Mark
[2024-08-29T23:15:43.565+0800] GC(741) Concurrent Cleanup for Next Mark 3.809ms
[2024-08-29T23:15:43.565+0800] GC(741) Concurrent Undo Cycle 3.877ms
[2024-08-29T23:15:43.611+0800] GC(742) Pause Young (Concurrent Start) (G1 Humongous Allocation)
[2024-08-29T23:15:43.611+0800] GC(742) Using 8 workers of 8 for evacuation
[2024-08-29T23:15:43.612+0800] GC(742)   Pre Evacuate Collection Set: 0.2ms
[2024-08-29T23:15:43.612+0800] GC(742)   Merge Heap Roots: 0.1ms
[2024-08-29T23:15:43.612+0800] GC(742)   Evacuate Collection Set: 0.3ms
[2024-08-29T23:15:43.612+0800] GC(742)   Post Evacuate Collection Set: 0.4ms
[2024-08-29T23:15:43.612+0800] GC(742)   Other: 0.2ms
[2024-08-29T23:15:43.612+0800] GC(742) Eden regions: 4->0(1040)
[2024-08-29T23:15:43.612+0800] GC(742) Survivor regions: 0->0(130)
[2024-08-29T23:15:43.612+0800] GC(742) Old regions: 1->1
[2024-08-29T23:15:43.612+0800] GC(742) Archive regions: 2->2
[2024-08-29T23:15:43.612+0800] GC(742) Humongous regions: 918->799
[2024-08-29T23:15:43.612+0800] GC(742) Metaspace: 1625K(1792K)->1625K(1792K) NonClass: 1506K(1600K)->1506K(1600K) Class: 119K(192K)->119K(192K)
[2024-08-29T23:15:43.612+0800] GC(742) Pause Young (Concurrent Start) (G1 Humongous Allocation) 923M->800M(2048M) 1.289ms
[2024-08-29T23:15:43.612+0800] GC(742) User=0.00s Sys=0.00s Real=0.00s
[2024-08-29T23:15:43.612+0800] GC(743) Concurrent Undo Cycle
[2024-08-29T23:15:43.612+0800] GC(743) Concurrent Cleanup for Next Mark
[2024-08-29T23:15:43.617+0800] GC(743) Concurrent Cleanup for Next Mark 4.459ms
[2024-08-29T23:15:43.617+0800] GC(743) Concurrent Undo Cycle 4.562ms
[2024-08-29T23:15:43.667+0800] GC(744) Pause Young (Concurrent Start) (G1 Humongous Allocation)
[2024-08-29T23:15:43.667+0800] GC(744) Using 8 workers of 8 for evacuation
[2024-08-29T23:15:43.668+0800] GC(744)   Pre Evacuate Collection Set: 0.3ms
[2024-08-29T23:15:43.668+0800] GC(744)   Merge Heap Roots: 0.1ms
[2024-08-29T23:15:43.668+0800] GC(744)   Evacuate Collection Set: 0.3ms
[2024-08-29T23:15:43.668+0800] GC(744)   Post Evacuate Collection Set: 0.3ms
[2024-08-29T23:15:43.668+0800] GC(744)   Other: 0.2ms
[2024-08-29T23:15:43.668+0800] GC(744) Eden regions: 4->0(1026)
[2024-08-29T23:15:43.668+0800] GC(744) Survivor regions: 0->0(130)
[2024-08-29T23:15:43.668+0800] GC(744) Old regions: 1->1
[2024-08-29T23:15:43.668+0800] GC(744) Archive regions: 2->2
[2024-08-29T23:15:43.668+0800] GC(744) Humongous regions: 919->813
[2024-08-29T23:15:43.668+0800] GC(744) Metaspace: 1625K(1792K)->1625K(1792K) NonClass: 1506K(1600K)->1506K(1600K) Class: 119K(192K)->119K(192K)
[2024-08-29T23:15:43.668+0800] GC(744) Pause Young (Concurrent Start) (G1 Humongous Allocation) 924M->814M(2048M) 1.362ms
[2024-08-29T23:15:43.668+0800] GC(744) User=0.01s Sys=0.00s Real=0.00s
[2024-08-29T23:15:43.668+0800] GC(745) Concurrent Undo Cycle
[2024-08-29T23:15:43.668+0800] GC(745) Concurrent Cleanup for Next Mark
[2024-08-29T23:15:43.674+0800] GC(745) Concurrent Cleanup for Next Mark 5.110ms
[2024-08-29T23:15:43.674+0800] GC(745) Concurrent Undo Cycle 5.232ms
[2024-08-29T23:15:43.707+0800] GC(746) Pause Young (Concurrent Start) (G1 Humongous Allocation)
[2024-08-29T23:15:43.707+0800] GC(746) Using 8 workers of 8 for evacuation
[2024-08-29T23:15:43.708+0800] GC(746)   Pre Evacuate Collection Set: 0.2ms
[2024-08-29T23:15:43.708+0800] GC(746)   Merge Heap Roots: 0.1ms
[2024-08-29T23:15:43.708+0800] GC(746)   Evacuate Collection Set: 0.4ms
[2024-08-29T23:15:43.708+0800] GC(746)   Post Evacuate Collection Set: 0.3ms
[2024-08-29T23:15:43.708+0800] GC(746)   Other: 0.2ms
[2024-08-29T23:15:43.708+0800] GC(746) Eden regions: 4->0(1017)
[2024-08-29T23:15:43.708+0800] GC(746) Survivor regions: 0->0(129)
[2024-08-29T23:15:43.708+0800] GC(746) Old regions: 1->1
[2024-08-29T23:15:43.708+0800] GC(746) Archive regions: 2->2
[2024-08-29T23:15:43.708+0800] GC(746) Humongous regions: 917->822
[2024-08-29T23:15:43.708+0800] GC(746) Metaspace: 1625K(1792K)->1625K(1792K) NonClass: 1506K(1600K)->1506K(1600K) Class: 119K(192K)->119K(192K)
[2024-08-29T23:15:43.708+0800] GC(746) Pause Young (Concurrent Start) (G1 Humongous Allocation) 922M->823M(2048M) 1.376ms
[2024-08-29T23:15:43.708+0800] GC(746) User=0.00s Sys=0.00s Real=0.00s
[2024-08-29T23:15:43.708+0800] GC(747) Concurrent Undo Cycle
[2024-08-29T23:15:43.709+0800] GC(747) Concurrent Cleanup for Next Mark
[2024-08-29T23:15:43.713+0800] GC(747) Concurrent Cleanup for Next Mark 4.292ms
[2024-08-29T23:15:43.713+0800] GC(747) Concurrent Undo Cycle 4.385ms
[2024-08-29T23:15:43.746+0800] GC(748) Pause Young (Concurrent Start) (G1 Humongous Allocation)
[2024-08-29T23:15:43.746+0800] GC(748) Using 8 workers of 8 for evacuation
[2024-08-29T23:15:43.747+0800] GC(748)   Pre Evacuate Collection Set: 0.2ms
[2024-08-29T23:15:43.747+0800] GC(748)   Merge Heap Roots: 0.1ms
[2024-08-29T23:15:43.747+0800] GC(748)   Evacuate Collection Set: 0.5ms
[2024-08-29T23:15:43.747+0800] GC(748)   Post Evacuate Collection Set: 0.4ms
[2024-08-29T23:15:43.747+0800] GC(748)   Other: 0.2ms
[2024-08-29T23:15:43.747+0800] GC(748) Eden regions: 4->0(1033)
[2024-08-29T23:15:43.747+0800] GC(748) Survivor regions: 0->1(128)
[2024-08-29T23:15:43.747+0800] GC(748) Old regions: 1->1
[2024-08-29T23:15:43.747+0800] GC(748) Archive regions: 2->2
[2024-08-29T23:15:43.747+0800] GC(748) Humongous regions: 917->805
[2024-08-29T23:15:43.747+0800] GC(748) Metaspace: 1625K(1792K)->1625K(1792K) NonClass: 1506K(1600K)->1506K(1600K) Class: 119K(192K)->119K(192K)
[2024-08-29T23:15:43.747+0800] GC(748) Pause Young (Concurrent Start) (G1 Humongous Allocation) 922M->806M(2048M) 1.420ms
[2024-08-29T23:15:43.747+0800] GC(748) User=0.00s Sys=0.00s Real=0.00s
[2024-08-29T23:15:43.747+0800] GC(749) Concurrent Undo Cycle
[2024-08-29T23:15:43.747+0800] GC(749) Concurrent Cleanup for Next Mark
[2024-08-29T23:15:43.752+0800] GC(749) Concurrent Cleanup for Next Mark 5.239ms
[2024-08-29T23:15:43.753+0800] GC(749) Concurrent Undo Cycle 5.367ms
[2024-08-29T23:15:43.792+0800] GC(750) Pause Young (Concurrent Start) (G1 Humongous Allocation)
[2024-08-29T23:15:43.792+0800] GC(750) Using 8 workers of 8 for evacuation
[2024-08-29T23:15:43.793+0800] GC(750)   Pre Evacuate Collection Set: 0.4ms
[2024-08-29T23:15:43.793+0800] GC(750)   Merge Heap Roots: 0.2ms
[2024-08-29T23:15:43.793+0800] GC(750)   Evacuate Collection Set: 0.4ms
[2024-08-29T23:15:43.793+0800] GC(750)   Post Evacuate Collection Set: 0.4ms
[2024-08-29T23:15:43.793+0800] GC(750)   Other: 0.2ms
[2024-08-29T23:15:43.793+0800] GC(750) Eden regions: 4->0(1026)
[2024-08-29T23:15:43.793+0800] GC(750) Survivor regions: 1->1(130)
[2024-08-29T23:15:43.793+0800] GC(750) Old regions: 1->1
[2024-08-29T23:15:43.793+0800] GC(750) Archive regions: 2->2
[2024-08-29T23:15:43.793+0800] GC(750) Humongous regions: 918->812
[2024-08-29T23:15:43.793+0800] GC(750) Metaspace: 1625K(1792K)->1625K(1792K) NonClass: 1506K(1600K)->1506K(1600K) Class: 119K(192K)->119K(192K)
[2024-08-29T23:15:43.793+0800] GC(750) Pause Young (Concurrent Start) (G1 Humongous Allocation) 923M->813M(2048M) 1.676ms
[2024-08-29T23:15:43.793+0800] GC(750) User=0.00s Sys=0.00s Real=0.01s
[2024-08-29T23:15:43.793+0800] GC(751) Concurrent Undo Cycle
[2024-08-29T23:15:43.793+0800] GC(751) Concurrent Cleanup for Next Mark
[2024-08-29T23:15:43.798+0800] GC(751) Concurrent Cleanup for Next Mark 4.744ms
[2024-08-29T23:15:43.798+0800] GC(751) Concurrent Undo Cycle 4.868ms
[2024-08-29T23:15:43.836+0800] GC(752) Pause Young (Concurrent Start) (G1 Humongous Allocation)
[2024-08-29T23:15:43.836+0800] GC(752) Using 8 workers of 8 for evacuation
[2024-08-29T23:15:43.838+0800] GC(752)   Pre Evacuate Collection Set: 0.3ms
[2024-08-29T23:15:43.838+0800] GC(752)   Merge Heap Roots: 0.2ms
[2024-08-29T23:15:43.838+0800] GC(752)   Evacuate Collection Set: 0.6ms
[2024-08-29T23:15:43.838+0800] GC(752)   Post Evacuate Collection Set: 0.4ms
[2024-08-29T23:15:43.838+0800] GC(752)   Other: 0.3ms
[2024-08-29T23:15:43.838+0800] GC(752) Eden regions: 4->0(1032)
[2024-08-29T23:15:43.838+0800] GC(752) Survivor regions: 1->0(129)
[2024-08-29T23:15:43.838+0800] GC(752) Old regions: 1->1
[2024-08-29T23:15:43.838+0800] GC(752) Archive regions: 2->2
[2024-08-29T23:15:43.838+0800] GC(752) Humongous regions: 918->807
[2024-08-29T23:15:43.838+0800] GC(752) Metaspace: 1625K(1792K)->1625K(1792K) NonClass: 1506K(1600K)->1506K(1600K) Class: 119K(192K)->119K(192K)
[2024-08-29T23:15:43.838+0800] GC(752) Pause Young (Concurrent Start) (G1 Humongous Allocation) 923M->808M(2048M) 1.828ms
[2024-08-29T23:15:43.838+0800] GC(752) User=0.00s Sys=0.00s Real=0.00s
[2024-08-29T23:15:43.838+0800] GC(753) Concurrent Undo Cycle
[2024-08-29T23:15:43.838+0800] GC(753) Concurrent Cleanup for Next Mark
[2024-08-29T23:15:43.843+0800] GC(753) Concurrent Cleanup for Next Mark 5.785ms
[2024-08-29T23:15:43.844+0800] GC(753) Concurrent Undo Cycle 5.879ms
[2024-08-29T23:15:43.881+0800] GC(754) Pause Young (Concurrent Start) (G1 Humongous Allocation)
[2024-08-29T23:15:43.881+0800] GC(754) Using 8 workers of 8 for evacuation
[2024-08-29T23:15:43.883+0800] GC(754)   Pre Evacuate Collection Set: 0.4ms
[2024-08-29T23:15:43.883+0800] GC(754)   Merge Heap Roots: 0.1ms
[2024-08-29T23:15:43.883+0800] GC(754)   Evacuate Collection Set: 0.7ms
[2024-08-29T23:15:43.883+0800] GC(754)   Post Evacuate Collection Set: 0.4ms
[2024-08-29T23:15:43.883+0800] GC(754)   Other: 0.2ms
[2024-08-29T23:15:43.883+0800] GC(754) Eden regions: 4->0(1029)
[2024-08-29T23:15:43.883+0800] GC(754) Survivor regions: 0->0(129)
[2024-08-29T23:15:43.883+0800] GC(754) Old regions: 1->1
[2024-08-29T23:15:43.883+0800] GC(754) Archive regions: 2->2
[2024-08-29T23:15:43.883+0800] GC(754) Humongous regions: 919->810
[2024-08-29T23:15:43.883+0800] GC(754) Metaspace: 1625K(1792K)->1625K(1792K) NonClass: 1506K(1600K)->1506K(1600K) Class: 119K(192K)->119K(192K)
[2024-08-29T23:15:43.883+0800] GC(754) Pause Young (Concurrent Start) (G1 Humongous Allocation) 924M->811M(2048M) 1.991ms
[2024-08-29T23:15:43.883+0800] GC(754) User=0.00s Sys=0.01s Real=0.01s
[2024-08-29T23:15:43.883+0800] GC(755) Concurrent Undo Cycle
[2024-08-29T23:15:43.883+0800] GC(755) Concurrent Cleanup for Next Mark
[2024-08-29T23:15:43.889+0800] GC(755) Concurrent Cleanup for Next Mark 6.087ms
[2024-08-29T23:15:43.889+0800] GC(755) Concurrent Undo Cycle 6.284ms
[2024-08-29T23:15:43.915+0800] GC(756) Pause Young (Concurrent Start) (G1 Humongous Allocation)
[2024-08-29T23:15:43.915+0800] GC(756) Using 8 workers of 8 for evacuation
[2024-08-29T23:15:43.916+0800] GC(756)   Pre Evacuate Collection Set: 0.2ms
[2024-08-29T23:15:43.916+0800] GC(756)   Merge Heap Roots: 0.1ms
[2024-08-29T23:15:43.916+0800] GC(756)   Evacuate Collection Set: 0.4ms
[2024-08-29T23:15:43.916+0800] GC(756)   Post Evacuate Collection Set: 0.3ms
[2024-08-29T23:15:43.916+0800] GC(756)   Other: 0.2ms
[2024-08-29T23:15:43.916+0800] GC(756) Eden regions: 4->0(993)
[2024-08-29T23:15:43.916+0800] GC(756) Survivor regions: 0->0(129)
[2024-08-29T23:15:43.916+0800] GC(756) Old regions: 1->1
[2024-08-29T23:15:43.916+0800] GC(756) Archive regions: 2->2
[2024-08-29T23:15:43.916+0800] GC(756) Humongous regions: 917->846
[2024-08-29T23:15:43.916+0800] GC(756) Metaspace: 1625K(1792K)->1625K(1792K) NonClass: 1506K(1600K)->1506K(1600K) Class: 119K(192K)->119K(192K)
[2024-08-29T23:15:43.916+0800] GC(756) Pause Young (Concurrent Start) (G1 Humongous Allocation) 922M->847M(2048M) 1.261ms
[2024-08-29T23:15:43.916+0800] GC(756) User=0.00s Sys=0.00s Real=0.00s
[2024-08-29T23:15:43.916+0800] GC(757) Concurrent Undo Cycle
[2024-08-29T23:15:43.916+0800] GC(757) Concurrent Cleanup for Next Mark
[2024-08-29T23:15:43.921+0800] GC(757) Concurrent Cleanup for Next Mark 4.733ms
[2024-08-29T23:15:43.921+0800] GC(757) Concurrent Undo Cycle 4.893ms
[2024-08-29T23:15:43.938+0800] GC(758) Pause Young (Concurrent Start) (G1 Humongous Allocation)
[2024-08-29T23:15:43.938+0800] GC(758) Using 8 workers of 8 for evacuation
[2024-08-29T23:15:43.939+0800] GC(758)   Pre Evacuate Collection Set: 0.3ms
[2024-08-29T23:15:43.939+0800] GC(758)   Merge Heap Roots: 0.1ms
[2024-08-29T23:15:43.939+0800] GC(758)   Evacuate Collection Set: 0.3ms
[2024-08-29T23:15:43.939+0800] GC(758)   Post Evacuate Collection Set: 0.3ms
[2024-08-29T23:15:43.939+0800] GC(758)   Other: 0.2ms
[2024-08-29T23:15:43.939+0800] GC(758) Eden regions: 4->0(969)
[2024-08-29T23:15:43.939+0800] GC(758) Survivor regions: 0->0(125)
[2024-08-29T23:15:43.939+0800] GC(758) Old regions: 1->1
[2024-08-29T23:15:43.939+0800] GC(758) Archive regions: 2->2
[2024-08-29T23:15:43.939+0800] GC(758) Humongous regions: 918->870
[2024-08-29T23:15:43.939+0800] GC(758) Metaspace: 1625K(1792K)->1625K(1792K) NonClass: 1506K(1600K)->1506K(1600K) Class: 119K(192K)->119K(192K)
[2024-08-29T23:15:43.939+0800] GC(758) Pause Young (Concurrent Start) (G1 Humongous Allocation) 923M->871M(2048M) 1.307ms
[2024-08-29T23:15:43.939+0800] GC(758) User=0.01s Sys=0.00s Real=0.00s
[2024-08-29T23:15:43.939+0800] GC(759) Concurrent Undo Cycle
[2024-08-29T23:15:43.939+0800] GC(759) Concurrent Cleanup for Next Mark
[2024-08-29T23:15:43.945+0800] GC(759) Concurrent Cleanup for Next Mark 5.868ms
[2024-08-29T23:15:43.945+0800] GC(759) Concurrent Undo Cycle 6.060ms
[2024-08-29T23:15:43.953+0800] GC(760) Pause Young (Concurrent Start) (G1 Humongous Allocation)
[2024-08-29T23:15:43.953+0800] GC(760) Using 8 workers of 8 for evacuation
[2024-08-29T23:15:43.954+0800] GC(760)   Pre Evacuate Collection Set: 0.2ms
[2024-08-29T23:15:43.954+0800] GC(760)   Merge Heap Roots: 0.1ms
[2024-08-29T23:15:43.954+0800] GC(760)   Evacuate Collection Set: 0.3ms
[2024-08-29T23:15:43.954+0800] GC(760)   Post Evacuate Collection Set: 0.3ms
[2024-08-29T23:15:43.954+0800] GC(760)   Other: 0.2ms
[2024-08-29T23:15:43.954+0800] GC(760) Eden regions: 4->0(960)
[2024-08-29T23:15:43.954+0800] GC(760) Survivor regions: 0->0(122)
[2024-08-29T23:15:43.954+0800] GC(760) Old regions: 1->1
[2024-08-29T23:15:43.954+0800] GC(760) Archive regions: 2->2
[2024-08-29T23:15:43.954+0800] GC(760) Humongous regions: 916->879
[2024-08-29T23:15:43.954+0800] GC(760) Metaspace: 1625K(1792K)->1625K(1792K) NonClass: 1506K(1600K)->1506K(1600K) Class: 119K(192K)->119K(192K)
[2024-08-29T23:15:43.954+0800] GC(760) Pause Young (Concurrent Start) (G1 Humongous Allocation) 921M->880M(2048M) 1.081ms
[2024-08-29T23:15:43.954+0800] GC(760) User=0.00s Sys=0.00s Real=0.00s
[2024-08-29T23:15:43.954+0800] GC(761) Concurrent Undo Cycle
[2024-08-29T23:15:43.954+0800] GC(761) Concurrent Cleanup for Next Mark
[2024-08-29T23:15:43.958+0800] GC(761) Concurrent Cleanup for Next Mark 4.358ms
[2024-08-29T23:15:43.958+0800] GC(761) Concurrent Undo Cycle 4.487ms
[2024-08-29T23:15:43.969+0800] GC(762) Pause Young (Concurrent Start) (G1 Humongous Allocation)
[2024-08-29T23:15:43.969+0800] GC(762) Using 8 workers of 8 for evacuation
[2024-08-29T23:15:43.970+0800] GC(762)   Pre Evacuate Collection Set: 0.2ms
[2024-08-29T23:15:43.970+0800] GC(762)   Merge Heap Roots: 0.1ms
[2024-08-29T23:15:43.970+0800] GC(762)   Evacuate Collection Set: 0.3ms
[2024-08-29T23:15:43.970+0800] GC(762)   Post Evacuate Collection Set: 0.3ms
[2024-08-29T23:15:43.970+0800] GC(762)   Other: 0.2ms
[2024-08-29T23:15:43.970+0800] GC(762) Eden regions: 4->0(974)
[2024-08-29T23:15:43.970+0800] GC(762) Survivor regions: 0->0(120)
[2024-08-29T23:15:43.970+0800] GC(762) Old regions: 1->1
[2024-08-29T23:15:43.970+0800] GC(762) Archive regions: 2->2
[2024-08-29T23:15:43.970+0800] GC(762) Humongous regions: 919->865
[2024-08-29T23:15:43.970+0800] GC(762) Metaspace: 1625K(1792K)->1625K(1792K) NonClass: 1506K(1600K)->1506K(1600K) Class: 119K(192K)->119K(192K)
[2024-08-29T23:15:43.970+0800] GC(762) Pause Young (Concurrent Start) (G1 Humongous Allocation) 923M->866M(2048M) 1.197ms
[2024-08-29T23:15:43.970+0800] GC(762) User=0.00s Sys=0.01s Real=0.00s
[2024-08-29T23:15:43.970+0800] GC(763) Concurrent Undo Cycle
[2024-08-29T23:15:43.970+0800] GC(763) Concurrent Cleanup for Next Mark
[2024-08-29T23:15:43.975+0800] GC(763) Concurrent Cleanup for Next Mark 4.814ms
[2024-08-29T23:15:43.975+0800] GC(763) Concurrent Undo Cycle 4.926ms
[2024-08-29T23:15:43.987+0800] GC(764) Pause Young (Concurrent Start) (G1 Humongous Allocation)
[2024-08-29T23:15:43.987+0800] GC(764) Using 8 workers of 8 for evacuation
[2024-08-29T23:15:43.988+0800] GC(764)   Pre Evacuate Collection Set: 0.2ms
[2024-08-29T23:15:43.989+0800] GC(764)   Merge Heap Roots: 0.2ms
[2024-08-29T23:15:43.989+0800] GC(764)   Evacuate Collection Set: 0.5ms
[2024-08-29T23:15:43.989+0800] GC(764)   Post Evacuate Collection Set: 0.4ms
[2024-08-29T23:15:43.989+0800] GC(764)   Other: 0.2ms
[2024-08-29T23:15:43.989+0800] GC(764) Eden regions: 4->0(973)
[2024-08-29T23:15:43.989+0800] GC(764) Survivor regions: 0->0(122)
[2024-08-29T23:15:43.989+0800] GC(764) Old regions: 1->1
[2024-08-29T23:15:43.989+0800] GC(764) Archive regions: 2->2
[2024-08-29T23:15:43.989+0800] GC(764) Humongous regions: 918->866
[2024-08-29T23:15:43.989+0800] GC(764) Metaspace: 1625K(1792K)->1625K(1792K) NonClass: 1506K(1600K)->1506K(1600K) Class: 119K(192K)->119K(192K)
[2024-08-29T23:15:43.989+0800] GC(764) Pause Young (Concurrent Start) (G1 Humongous Allocation) 922M->867M(2048M) 1.530ms
[2024-08-29T23:15:43.989+0800] GC(764) User=0.00s Sys=0.00s Real=0.00s
[2024-08-29T23:15:43.989+0800] GC(765) Concurrent Undo Cycle
[2024-08-29T23:15:43.989+0800] GC(765) Concurrent Cleanup for Next Mark
[2024-08-29T23:15:43.994+0800] GC(765) Concurrent Cleanup for Next Mark 5.615ms
[2024-08-29T23:15:43.994+0800] GC(765) Concurrent Undo Cycle 5.761ms
[2024-08-29T23:15:44.004+0800] GC(766) Pause Young (Concurrent Start) (G1 Humongous Allocation)
[2024-08-29T23:15:44.004+0800] GC(766) Using 8 workers of 8 for evacuation
[2024-08-29T23:15:44.006+0800] GC(766)   Pre Evacuate Collection Set: 0.3ms
[2024-08-29T23:15:44.006+0800] GC(766)   Merge Heap Roots: 0.2ms
[2024-08-29T23:15:44.006+0800] GC(766)   Evacuate Collection Set: 0.4ms
[2024-08-29T23:15:44.006+0800] GC(766)   Post Evacuate Collection Set: 0.4ms
[2024-08-29T23:15:44.006+0800] GC(766)   Other: 0.2ms
[2024-08-29T23:15:44.006+0800] GC(766) Eden regions: 4->0(936)
[2024-08-29T23:15:44.006+0800] GC(766) Survivor regions: 0->0(122)
[2024-08-29T23:15:44.006+0800] GC(766) Old regions: 1->1
[2024-08-29T23:15:44.006+0800] GC(766) Archive regions: 2->2
[2024-08-29T23:15:44.006+0800] GC(766) Humongous regions: 916->903
[2024-08-29T23:15:44.006+0800] GC(766) Metaspace: 1625K(1792K)->1625K(1792K) NonClass: 1506K(1600K)->1506K(1600K) Class: 119K(192K)->119K(192K)
[2024-08-29T23:15:44.006+0800] GC(766) Pause Young (Concurrent Start) (G1 Humongous Allocation) 921M->904M(2048M) 1.581ms
[2024-08-29T23:15:44.006+0800] GC(766) User=0.00s Sys=0.00s Real=0.00s
[2024-08-29T23:15:44.006+0800] GC(767) Concurrent Undo Cycle
[2024-08-29T23:15:44.006+0800] GC(767) Concurrent Cleanup for Next Mark
[2024-08-29T23:15:44.012+0800] GC(767) Concurrent Cleanup for Next Mark 5.809ms
[2024-08-29T23:15:44.012+0800] GC(767) Concurrent Undo Cycle 5.903ms
[2024-08-29T23:15:44.014+0800] GC(768) Pause Young (Concurrent Start) (G1 Humongous Allocation)
[2024-08-29T23:15:44.014+0800] GC(768) Using 8 workers of 8 for evacuation
[2024-08-29T23:15:44.015+0800] GC(768)   Pre Evacuate Collection Set: 0.3ms
[2024-08-29T23:15:44.015+0800] GC(768)   Merge Heap Roots: 0.1ms
[2024-08-29T23:15:44.015+0800] GC(768)   Evacuate Collection Set: 0.3ms
[2024-08-29T23:15:44.015+0800] GC(768)   Post Evacuate Collection Set: 0.3ms
[2024-08-29T23:15:44.015+0800] GC(768)   Other: 0.1ms
[2024-08-29T23:15:44.015+0800] GC(768) Eden regions: 4->0(929)
[2024-08-29T23:15:44.015+0800] GC(768) Survivor regions: 0->0(117)
[2024-08-29T23:15:44.015+0800] GC(768) Old regions: 1->1
[2024-08-29T23:15:44.015+0800] GC(768) Archive regions: 2->2
[2024-08-29T23:15:44.015+0800] GC(768) Humongous regions: 923->910
[2024-08-29T23:15:44.015+0800] GC(768) Metaspace: 1625K(1792K)->1625K(1792K) NonClass: 1506K(1600K)->1506K(1600K) Class: 119K(192K)->119K(192K)
[2024-08-29T23:15:44.015+0800] GC(768) Pause Young (Concurrent Start) (G1 Humongous Allocation) 928M->911M(2048M) 1.136ms
[2024-08-29T23:15:44.015+0800] GC(768) User=0.00s Sys=0.00s Real=0.00s
[2024-08-29T23:15:44.015+0800] GC(769) Concurrent Undo Cycle
[2024-08-29T23:15:44.015+0800] GC(769) Concurrent Cleanup for Next Mark
[2024-08-29T23:15:44.019+0800] GC(769) Concurrent Cleanup for Next Mark 3.936ms
[2024-08-29T23:15:44.019+0800] GC(769) Concurrent Undo Cycle 4.008ms
[2024-08-29T23:15:44.020+0800] GC(770) Pause Young (Concurrent Start) (G1 Humongous Allocation)
[2024-08-29T23:15:44.020+0800] GC(770) Using 8 workers of 8 for evacuation
[2024-08-29T23:15:44.021+0800] GC(770)   Pre Evacuate Collection Set: 0.3ms
[2024-08-29T23:15:44.021+0800] GC(770)   Merge Heap Roots: 0.1ms
[2024-08-29T23:15:44.021+0800] GC(770)   Evacuate Collection Set: 0.4ms
[2024-08-29T23:15:44.021+0800] GC(770)   Post Evacuate Collection Set: 0.3ms
[2024-08-29T23:15:44.021+0800] GC(770)   Other: 0.1ms
[2024-08-29T23:15:44.021+0800] GC(770) Eden regions: 3->0(951)
[2024-08-29T23:15:44.021+0800] GC(770) Survivor regions: 0->0(117)
[2024-08-29T23:15:44.021+0800] GC(770) Old regions: 1->1
[2024-08-29T23:15:44.021+0800] GC(770) Archive regions: 2->2
[2024-08-29T23:15:44.021+0800] GC(770) Humongous regions: 917->888
[2024-08-29T23:15:44.021+0800] GC(770) Metaspace: 1625K(1792K)->1625K(1792K) NonClass: 1506K(1600K)->1506K(1600K) Class: 119K(192K)->119K(192K)
[2024-08-29T23:15:44.021+0800] GC(770) Pause Young (Concurrent Start) (G1 Humongous Allocation) 920M->889M(2048M) 1.215ms
[2024-08-29T23:15:44.021+0800] GC(770) User=0.00s Sys=0.00s Real=0.00s
[2024-08-29T23:15:44.021+0800] GC(771) Concurrent Undo Cycle
[2024-08-29T23:15:44.021+0800] GC(771) Concurrent Cleanup for Next Mark
[2024-08-29T23:15:44.027+0800] GC(771) Concurrent Cleanup for Next Mark 5.898ms
[2024-08-29T23:15:44.027+0800] GC(771) Concurrent Undo Cycle 6.018ms
[2024-08-29T23:15:44.034+0800] GC(772) Pause Young (Concurrent Start) (G1 Humongous Allocation)
[2024-08-29T23:15:44.034+0800] GC(772) Using 8 workers of 8 for evacuation
[2024-08-29T23:15:44.036+0800] GC(772)   Pre Evacuate Collection Set: 0.4ms
[2024-08-29T23:15:44.036+0800] GC(772)   Merge Heap Roots: 0.2ms
[2024-08-29T23:15:44.036+0800] GC(772)   Evacuate Collection Set: 0.5ms
[2024-08-29T23:15:44.036+0800] GC(772)   Post Evacuate Collection Set: 0.4ms
[2024-08-29T23:15:44.036+0800] GC(772)   Other: 0.2ms
[2024-08-29T23:15:44.036+0800] GC(772) Eden regions: 4->0(963)
[2024-08-29T23:15:44.036+0800] GC(772) Survivor regions: 0->0(119)
[2024-08-29T23:15:44.036+0800] GC(772) Old regions: 1->1
[2024-08-29T23:15:44.036+0800] GC(772) Archive regions: 2->2
[2024-08-29T23:15:44.036+0800] GC(772) Humongous regions: 916->876
[2024-08-29T23:15:44.036+0800] GC(772) Metaspace: 1625K(1792K)->1625K(1792K) NonClass: 1506K(1600K)->1506K(1600K) Class: 119K(192K)->119K(192K)
[2024-08-29T23:15:44.036+0800] GC(772) Pause Young (Concurrent Start) (G1 Humongous Allocation) 920M->877M(2048M) 1.635ms
[2024-08-29T23:15:44.036+0800] GC(772) User=0.00s Sys=0.00s Real=0.00s
[2024-08-29T23:15:44.036+0800] GC(773) Concurrent Undo Cycle
[2024-08-29T23:15:44.036+0800] GC(773) Concurrent Cleanup for Next Mark
[2024-08-29T23:15:44.043+0800] GC(773) Concurrent Cleanup for Next Mark 6.758ms
[2024-08-29T23:15:44.043+0800] GC(773) Concurrent Undo Cycle 6.856ms
[2024-08-29T23:15:44.060+0800] GC(774) Pause Young (Concurrent Start) (G1 Humongous Allocation)
[2024-08-29T23:15:44.060+0800] GC(774) Using 8 workers of 8 for evacuation
[2024-08-29T23:15:44.061+0800] GC(774)   Pre Evacuate Collection Set: 0.3ms
[2024-08-29T23:15:44.061+0800] GC(774)   Merge Heap Roots: 0.1ms
[2024-08-29T23:15:44.061+0800] GC(774)   Evacuate Collection Set: 0.4ms
[2024-08-29T23:15:44.061+0800] GC(774)   Post Evacuate Collection Set: 0.2ms
[2024-08-29T23:15:44.061+0800] GC(774)   Other: 0.2ms
[2024-08-29T23:15:44.061+0800] GC(774) Eden regions: 4->0(977)
[2024-08-29T23:15:44.061+0800] GC(774) Survivor regions: 0->0(121)
[2024-08-29T23:15:44.061+0800] GC(774) Old regions: 1->1
[2024-08-29T23:15:44.061+0800] GC(774) Archive regions: 2->2
[2024-08-29T23:15:44.061+0800] GC(774) Humongous regions: 919->862
[2024-08-29T23:15:44.061+0800] GC(774) Metaspace: 1625K(1792K)->1625K(1792K) NonClass: 1506K(1600K)->1506K(1600K) Class: 119K(192K)->119K(192K)
[2024-08-29T23:15:44.061+0800] GC(774) Pause Young (Concurrent Start) (G1 Humongous Allocation) 924M->863M(2048M) 1.265ms
[2024-08-29T23:15:44.061+0800] GC(774) User=0.00s Sys=0.00s Real=0.00s
[2024-08-29T23:15:44.061+0800] GC(775) Concurrent Undo Cycle
[2024-08-29T23:15:44.061+0800] GC(775) Concurrent Cleanup for Next Mark
[2024-08-29T23:15:44.067+0800] GC(775) Concurrent Cleanup for Next Mark 5.089ms
[2024-08-29T23:15:44.067+0800] GC(775) Concurrent Undo Cycle 5.176ms
[2024-08-29T23:15:44.081+0800] GC(776) Pause Young (Concurrent Start) (G1 Humongous Allocation)
[2024-08-29T23:15:44.081+0800] GC(776) Using 8 workers of 8 for evacuation
[2024-08-29T23:15:44.082+0800] GC(776)   Pre Evacuate Collection Set: 0.3ms
[2024-08-29T23:15:44.082+0800] GC(776)   Merge Heap Roots: 0.1ms
[2024-08-29T23:15:44.082+0800] GC(776)   Evacuate Collection Set: 0.3ms
[2024-08-29T23:15:44.082+0800] GC(776)   Post Evacuate Collection Set: 0.3ms
[2024-08-29T23:15:44.082+0800] GC(776)   Other: 0.1ms
[2024-08-29T23:15:44.082+0800] GC(776) Eden regions: 4->0(967)
[2024-08-29T23:15:44.082+0800] GC(776) Survivor regions: 0->0(123)
[2024-08-29T23:15:44.082+0800] GC(776) Old regions: 1->1
[2024-08-29T23:15:44.082+0800] GC(776) Archive regions: 2->2
[2024-08-29T23:15:44.082+0800] GC(776) Humongous regions: 919->872
[2024-08-29T23:15:44.082+0800] GC(776) Metaspace: 1625K(1792K)->1625K(1792K) NonClass: 1506K(1600K)->1506K(1600K) Class: 119K(192K)->119K(192K)
[2024-08-29T23:15:44.082+0800] GC(776) Pause Young (Concurrent Start) (G1 Humongous Allocation) 924M->873M(2048M) 1.241ms
[2024-08-29T23:15:44.082+0800] GC(776) User=0.00s Sys=0.00s Real=0.00s
[2024-08-29T23:15:44.082+0800] GC(777) Concurrent Undo Cycle
[2024-08-29T23:15:44.082+0800] GC(777) Concurrent Cleanup for Next Mark
[2024-08-29T23:15:44.087+0800] GC(777) Concurrent Cleanup for Next Mark 4.088ms
[2024-08-29T23:15:44.087+0800] GC(777) Concurrent Undo Cycle 4.153ms
[2024-08-29T23:15:44.102+0800] GC(778) Pause Young (Concurrent Start) (G1 Humongous Allocation)
[2024-08-29T23:15:44.102+0800] GC(778) Using 8 workers of 8 for evacuation
[2024-08-29T23:15:44.103+0800] GC(778)   Pre Evacuate Collection Set: 0.4ms
[2024-08-29T23:15:44.103+0800] GC(778)   Merge Heap Roots: 0.1ms
[2024-08-29T23:15:44.103+0800] GC(778)   Evacuate Collection Set: 0.4ms
[2024-08-29T23:15:44.103+0800] GC(778)   Post Evacuate Collection Set: 0.3ms
[2024-08-29T23:15:44.103+0800] GC(778)   Other: 0.3ms
[2024-08-29T23:15:44.103+0800] GC(778) Eden regions: 4->0(977)
[2024-08-29T23:15:44.103+0800] GC(778) Survivor regions: 0->0(121)
[2024-08-29T23:15:44.103+0800] GC(778) Old regions: 1->1
[2024-08-29T23:15:44.103+0800] GC(778) Archive regions: 2->2
[2024-08-29T23:15:44.103+0800] GC(778) Humongous regions: 916->862
[2024-08-29T23:15:44.103+0800] GC(778) Metaspace: 1625K(1792K)->1625K(1792K) NonClass: 1506K(1600K)->1506K(1600K) Class: 119K(192K)->119K(192K)
[2024-08-29T23:15:44.103+0800] GC(778) Pause Young (Concurrent Start) (G1 Humongous Allocation) 921M->863M(2048M) 1.446ms
[2024-08-29T23:15:44.104+0800] GC(778) User=0.00s Sys=0.01s Real=0.01s
[2024-08-29T23:15:44.104+0800] GC(779) Concurrent Undo Cycle
[2024-08-29T23:15:44.104+0800] GC(779) Concurrent Cleanup for Next Mark
[2024-08-29T23:15:44.110+0800] GC(779) Concurrent Cleanup for Next Mark 6.675ms
[2024-08-29T23:15:44.110+0800] GC(779) Concurrent Undo Cycle 6.751ms
[2024-08-29T23:15:44.124+0800] GC(780) Pause Young (Concurrent Start) (G1 Humongous Allocation)
[2024-08-29T23:15:44.124+0800] GC(780) Using 8 workers of 8 for evacuation
[2024-08-29T23:15:44.126+0800] GC(780)   Pre Evacuate Collection Set: 0.3ms
[2024-08-29T23:15:44.126+0800] GC(780)   Merge Heap Roots: 0.1ms
[2024-08-29T23:15:44.126+0800] GC(780)   Evacuate Collection Set: 0.3ms
[2024-08-29T23:15:44.126+0800] GC(780)   Post Evacuate Collection Set: 0.3ms
[2024-08-29T23:15:44.126+0800] GC(780)   Other: 0.2ms
[2024-08-29T23:15:44.126+0800] GC(780) Eden regions: 4->0(980)
[2024-08-29T23:15:44.126+0800] GC(780) Survivor regions: 0->0(123)
[2024-08-29T23:15:44.126+0800] GC(780) Old regions: 1->1
[2024-08-29T23:15:44.126+0800] GC(780) Archive regions: 2->2
[2024-08-29T23:15:44.126+0800] GC(780) Humongous regions: 914->859
[2024-08-29T23:15:44.126+0800] GC(780) Metaspace: 1625K(1792K)->1625K(1792K) NonClass: 1506K(1600K)->1506K(1600K) Class: 119K(192K)->119K(192K)
[2024-08-29T23:15:44.126+0800] GC(780) Pause Young (Concurrent Start) (G1 Humongous Allocation) 919M->860M(2048M) 1.363ms
[2024-08-29T23:15:44.126+0800] GC(780) User=0.00s Sys=0.00s Real=0.00s
[2024-08-29T23:15:44.126+0800] GC(781) Concurrent Undo Cycle
[2024-08-29T23:15:44.126+0800] GC(781) Concurrent Cleanup for Next Mark
[2024-08-29T23:15:44.132+0800] GC(781) Concurrent Cleanup for Next Mark 6.216ms
[2024-08-29T23:15:44.132+0800] GC(781) Concurrent Undo Cycle 6.309ms
[2024-08-29T23:15:44.148+0800] GC(782) Pause Young (Concurrent Start) (G1 Humongous Allocation)
[2024-08-29T23:15:44.148+0800] GC(782) Using 8 workers of 8 for evacuation
[2024-08-29T23:15:44.150+0800] GC(782)   Pre Evacuate Collection Set: 0.4ms
[2024-08-29T23:15:44.150+0800] GC(782)   Merge Heap Roots: 0.1ms
[2024-08-29T23:15:44.150+0800] GC(782)   Evacuate Collection Set: 0.4ms
[2024-08-29T23:15:44.150+0800] GC(782)   Post Evacuate Collection Set: 0.3ms
[2024-08-29T23:15:44.150+0800] GC(782)   Other: 0.2ms
[2024-08-29T23:15:44.150+0800] GC(782) Eden regions: 4->0(965)
[2024-08-29T23:15:44.150+0800] GC(782) Survivor regions: 0->0(123)
[2024-08-29T23:15:44.150+0800] GC(782) Old regions: 1->1
[2024-08-29T23:15:44.150+0800] GC(782) Archive regions: 2->2
[2024-08-29T23:15:44.150+0800] GC(782) Humongous regions: 919->874
[2024-08-29T23:15:44.150+0800] GC(782) Metaspace: 1625K(1792K)->1625K(1792K) NonClass: 1506K(1600K)->1506K(1600K) Class: 119K(192K)->119K(192K)
[2024-08-29T23:15:44.150+0800] GC(782) Pause Young (Concurrent Start) (G1 Humongous Allocation) 924M->875M(2048M) 1.462ms
[2024-08-29T23:15:44.150+0800] GC(782) User=0.00s Sys=0.00s Real=0.00s
[2024-08-29T23:15:44.150+0800] GC(783) Concurrent Undo Cycle
[2024-08-29T23:15:44.150+0800] GC(783) Concurrent Cleanup for Next Mark
[2024-08-29T23:15:44.155+0800] GC(783) Concurrent Cleanup for Next Mark 4.849ms
[2024-08-29T23:15:44.155+0800] GC(783) Concurrent Undo Cycle 5.004ms
[2024-08-29T23:15:44.168+0800] GC(784) Pause Young (Concurrent Start) (G1 Humongous Allocation)
[2024-08-29T23:15:44.168+0800] GC(784) Using 8 workers of 8 for evacuation
[2024-08-29T23:15:44.169+0800] GC(784)   Pre Evacuate Collection Set: 0.3ms
[2024-08-29T23:15:44.169+0800] GC(784)   Merge Heap Roots: 0.1ms
[2024-08-29T23:15:44.169+0800] GC(784)   Evacuate Collection Set: 0.4ms
[2024-08-29T23:15:44.169+0800] GC(784)   Post Evacuate Collection Set: 0.3ms
[2024-08-29T23:15:44.169+0800] GC(784)   Other: 0.2ms
[2024-08-29T23:15:44.169+0800] GC(784) Eden regions: 4->0(974)
[2024-08-29T23:15:44.169+0800] GC(784) Survivor regions: 0->0(121)
[2024-08-29T23:15:44.169+0800] GC(784) Old regions: 1->1
[2024-08-29T23:15:44.169+0800] GC(784) Archive regions: 2->2
[2024-08-29T23:15:44.169+0800] GC(784) Humongous regions: 916->865
[2024-08-29T23:15:44.169+0800] GC(784) Metaspace: 1625K(1792K)->1625K(1792K) NonClass: 1506K(1600K)->1506K(1600K) Class: 119K(192K)->119K(192K)
[2024-08-29T23:15:44.169+0800] GC(784) Pause Young (Concurrent Start) (G1 Humongous Allocation) 921M->866M(2048M) 1.345ms
[2024-08-29T23:15:44.169+0800] GC(784) User=0.00s Sys=0.00s Real=0.00s
[2024-08-29T23:15:44.170+0800] GC(785) Concurrent Undo Cycle
[2024-08-29T23:15:44.170+0800] GC(785) Concurrent Cleanup for Next Mark
[2024-08-29T23:15:44.174+0800] GC(785) Concurrent Cleanup for Next Mark 4.879ms
[2024-08-29T23:15:44.175+0800] GC(785) Concurrent Undo Cycle 5.006ms
[2024-08-29T23:15:44.186+0800] GC(786) Pause Young (Concurrent Start) (G1 Humongous Allocation)
[2024-08-29T23:15:44.186+0800] GC(786) Using 8 workers of 8 for evacuation
[2024-08-29T23:15:44.187+0800] GC(786)   Pre Evacuate Collection Set: 0.2ms
[2024-08-29T23:15:44.187+0800] GC(786)   Merge Heap Roots: 0.1ms
[2024-08-29T23:15:44.187+0800] GC(786)   Evacuate Collection Set: 0.3ms
[2024-08-29T23:15:44.187+0800] GC(786)   Post Evacuate Collection Set: 0.4ms
[2024-08-29T23:15:44.187+0800] GC(786)   Other: 0.2ms
[2024-08-29T23:15:44.187+0800] GC(786) Eden regions: 4->0(963)
[2024-08-29T23:15:44.187+0800] GC(786) Survivor regions: 0->0(122)
[2024-08-29T23:15:44.187+0800] GC(786) Old regions: 1->1
[2024-08-29T23:15:44.187+0800] GC(786) Archive regions: 2->2
[2024-08-29T23:15:44.187+0800] GC(786) Humongous regions: 915->876
[2024-08-29T23:15:44.187+0800] GC(786) Metaspace: 1625K(1792K)->1625K(1792K) NonClass: 1506K(1600K)->1506K(1600K) Class: 119K(192K)->119K(192K)
[2024-08-29T23:15:44.187+0800] GC(786) Pause Young (Concurrent Start) (G1 Humongous Allocation) 920M->877M(2048M) 1.261ms
[2024-08-29T23:15:44.187+0800] GC(786) User=0.00s Sys=0.00s Real=0.00s
[2024-08-29T23:15:44.187+0800] GC(787) Concurrent Undo Cycle
[2024-08-29T23:15:44.187+0800] GC(787) Concurrent Cleanup for Next Mark
[2024-08-29T23:15:44.191+0800] GC(787) Concurrent Cleanup for Next Mark 3.976ms
[2024-08-29T23:15:44.191+0800] GC(787) Concurrent Undo Cycle 4.040ms
[2024-08-29T23:15:44.209+0800] GC(788) Pause Young (Concurrent Start) (G1 Humongous Allocation)
[2024-08-29T23:15:44.209+0800] GC(788) Using 8 workers of 8 for evacuation
[2024-08-29T23:15:44.211+0800] GC(788)   Pre Evacuate Collection Set: 0.3ms
[2024-08-29T23:15:44.211+0800] GC(788)   Merge Heap Roots: 0.1ms
[2024-08-29T23:15:44.211+0800] GC(788)   Evacuate Collection Set: 0.4ms
[2024-08-29T23:15:44.211+0800] GC(788)   Post Evacuate Collection Set: 0.3ms
[2024-08-29T23:15:44.211+0800] GC(788)   Other: 0.2ms
[2024-08-29T23:15:44.211+0800] GC(788) Eden regions: 4->0(987)
[2024-08-29T23:15:44.211+0800] GC(788) Survivor regions: 0->0(121)
[2024-08-29T23:15:44.211+0800] GC(788) Old regions: 1->1
[2024-08-29T23:15:44.211+0800] GC(788) Archive regions: 2->2
[2024-08-29T23:15:44.211+0800] GC(788) Humongous regions: 917->852
[2024-08-29T23:15:44.211+0800] GC(788) Metaspace: 1625K(1792K)->1625K(1792K) NonClass: 1506K(1600K)->1506K(1600K) Class: 119K(192K)->119K(192K)
[2024-08-29T23:15:44.211+0800] GC(788) Pause Young (Concurrent Start) (G1 Humongous Allocation) 922M->853M(2048M) 1.414ms
[2024-08-29T23:15:44.211+0800] GC(788) User=0.00s Sys=0.00s Real=0.00s
[2024-08-29T23:15:44.211+0800] GC(789) Concurrent Undo Cycle
[2024-08-29T23:15:44.211+0800] GC(789) Concurrent Cleanup for Next Mark
[2024-08-29T23:15:44.217+0800] GC(789) Concurrent Cleanup for Next Mark 5.768ms
[2024-08-29T23:15:44.217+0800] GC(789) Concurrent Undo Cycle 5.865ms
[2024-08-29T23:15:44.234+0800] GC(790) Pause Young (Concurrent Start) (G1 Humongous Allocation)
[2024-08-29T23:15:44.234+0800] GC(790) Using 8 workers of 8 for evacuation
[2024-08-29T23:15:44.236+0800] GC(790)   Pre Evacuate Collection Set: 0.2ms
[2024-08-29T23:15:44.236+0800] GC(790)   Merge Heap Roots: 0.1ms
[2024-08-29T23:15:44.236+0800] GC(790)   Evacuate Collection Set: 0.3ms
[2024-08-29T23:15:44.236+0800] GC(790)   Post Evacuate Collection Set: 0.6ms
[2024-08-29T23:15:44.236+0800] GC(790)   Other: 0.2ms
[2024-08-29T23:15:44.236+0800] GC(790) Eden regions: 4->0(992)
[2024-08-29T23:15:44.236+0800] GC(790) Survivor regions: 0->0(124)
[2024-08-29T23:15:44.236+0800] GC(790) Old regions: 1->1
[2024-08-29T23:15:44.236+0800] GC(790) Archive regions: 2->2
[2024-08-29T23:15:44.236+0800] GC(790) Humongous regions: 918->847
[2024-08-29T23:15:44.236+0800] GC(790) Metaspace: 1625K(1792K)->1625K(1792K) NonClass: 1506K(1600K)->1506K(1600K) Class: 119K(192K)->119K(192K)
[2024-08-29T23:15:44.236+0800] GC(790) Pause Young (Concurrent Start) (G1 Humongous Allocation) 923M->848M(2048M) 1.549ms
[2024-08-29T23:15:44.236+0800] GC(790) User=0.00s Sys=0.01s Real=0.00s
[2024-08-29T23:15:44.236+0800] GC(791) Concurrent Undo Cycle
[2024-08-29T23:15:44.236+0800] GC(791) Concurrent Cleanup for Next Mark
[2024-08-29T23:15:44.241+0800] GC(791) Concurrent Cleanup for Next Mark 5.701ms
[2024-08-29T23:15:44.242+0800] GC(791) Concurrent Undo Cycle 5.789ms
[2024-08-29T23:15:44.263+0800] GC(792) Pause Young (Concurrent Start) (G1 Humongous Allocation)
[2024-08-29T23:15:44.263+0800] GC(792) Using 8 workers of 8 for evacuation
[2024-08-29T23:15:44.264+0800] GC(792)   Pre Evacuate Collection Set: 0.4ms
[2024-08-29T23:15:44.264+0800] GC(792)   Merge Heap Roots: 0.2ms
[2024-08-29T23:15:44.264+0800] GC(792)   Evacuate Collection Set: 0.4ms
[2024-08-29T23:15:44.264+0800] GC(792)   Post Evacuate Collection Set: 0.3ms
[2024-08-29T23:15:44.264+0800] GC(792)   Other: 0.2ms
[2024-08-29T23:15:44.264+0800] GC(792) Eden regions: 4->0(974)
[2024-08-29T23:15:44.264+0800] GC(792) Survivor regions: 0->0(124)
[2024-08-29T23:15:44.264+0800] GC(792) Old regions: 1->1
[2024-08-29T23:15:44.264+0800] GC(792) Archive regions: 2->2
[2024-08-29T23:15:44.264+0800] GC(792) Humongous regions: 918->865
[2024-08-29T23:15:44.264+0800] GC(792) Metaspace: 1625K(1792K)->1625K(1792K) NonClass: 1506K(1600K)->1506K(1600K) Class: 119K(192K)->119K(192K)
[2024-08-29T23:15:44.264+0800] GC(792) Pause Young (Concurrent Start) (G1 Humongous Allocation) 923M->866M(2048M) 1.530ms
[2024-08-29T23:15:44.264+0800] GC(792) User=0.00s Sys=0.00s Real=0.00s
[2024-08-29T23:15:44.264+0800] GC(793) Concurrent Undo Cycle
[2024-08-29T23:15:44.264+0800] GC(793) Concurrent Cleanup for Next Mark
[2024-08-29T23:15:44.270+0800] GC(793) Concurrent Cleanup for Next Mark 5.778ms
[2024-08-29T23:15:44.270+0800] GC(793) Concurrent Undo Cycle 5.933ms
[2024-08-29T23:15:44.283+0800] GC(794) Pause Young (Concurrent Start) (G1 Humongous Allocation)
[2024-08-29T23:15:44.283+0800] GC(794) Using 8 workers of 8 for evacuation
[2024-08-29T23:15:44.284+0800] GC(794)   Pre Evacuate Collection Set: 0.3ms
[2024-08-29T23:15:44.284+0800] GC(794)   Merge Heap Roots: 0.1ms
[2024-08-29T23:15:44.284+0800] GC(794)   Evacuate Collection Set: 0.3ms
[2024-08-29T23:15:44.284+0800] GC(794)   Post Evacuate Collection Set: 0.3ms
[2024-08-29T23:15:44.284+0800] GC(794)   Other: 0.2ms
[2024-08-29T23:15:44.284+0800] GC(794) Eden regions: 4->0(943)
[2024-08-29T23:15:44.284+0800] GC(794) Survivor regions: 0->0(122)
[2024-08-29T23:15:44.284+0800] GC(794) Old regions: 1->1
[2024-08-29T23:15:44.284+0800] GC(794) Archive regions: 2->2
[2024-08-29T23:15:44.284+0800] GC(794) Humongous regions: 917->896
[2024-08-29T23:15:44.284+0800] GC(794) Metaspace: 1625K(1792K)->1625K(1792K) NonClass: 1506K(1600K)->1506K(1600K) Class: 119K(192K)->119K(192K)
[2024-08-29T23:15:44.284+0800] GC(794) Pause Young (Concurrent Start) (G1 Humongous Allocation) 922M->897M(2048M) 1.250ms
[2024-08-29T23:15:44.284+0800] GC(794) User=0.00s Sys=0.00s Real=0.00s
[2024-08-29T23:15:44.284+0800] GC(795) Concurrent Undo Cycle
[2024-08-29T23:15:44.284+0800] GC(795) Concurrent Cleanup for Next Mark
[2024-08-29T23:15:44.288+0800] GC(795) Concurrent Cleanup for Next Mark 4.085ms
[2024-08-29T23:15:44.288+0800] GC(795) Concurrent Undo Cycle 4.153ms
[2024-08-29T23:15:44.292+0800] GC(796) Pause Young (Concurrent Start) (G1 Humongous Allocation)
[2024-08-29T23:15:44.292+0800] GC(796) Using 8 workers of 8 for evacuation
[2024-08-29T23:15:44.294+0800] GC(796)   Pre Evacuate Collection Set: 0.2ms
[2024-08-29T23:15:44.294+0800] GC(796)   Merge Heap Roots: 0.1ms
[2024-08-29T23:15:44.294+0800] GC(796)   Evacuate Collection Set: 0.4ms
[2024-08-29T23:15:44.294+0800] GC(796)   Post Evacuate Collection Set: 0.3ms
[2024-08-29T23:15:44.294+0800] GC(796)   Other: 0.1ms
[2024-08-29T23:15:44.294+0800] GC(796) Eden regions: 4->0(949)
[2024-08-29T23:15:44.294+0800] GC(796) Survivor regions: 0->0(118)
[2024-08-29T23:15:44.294+0800] GC(796) Old regions: 1->1
[2024-08-29T23:15:44.294+0800] GC(796) Archive regions: 2->2
[2024-08-29T23:15:44.294+0800] GC(796) Humongous regions: 917->890
[2024-08-29T23:15:44.294+0800] GC(796) Metaspace: 1625K(1792K)->1625K(1792K) NonClass: 1506K(1600K)->1506K(1600K) Class: 119K(192K)->119K(192K)
[2024-08-29T23:15:44.294+0800] GC(796) Pause Young (Concurrent Start) (G1 Humongous Allocation) 921M->891M(2048M) 1.192ms
[2024-08-29T23:15:44.294+0800] GC(796) User=0.01s Sys=0.00s Real=0.00s
[2024-08-29T23:15:44.294+0800] GC(797) Concurrent Undo Cycle
[2024-08-29T23:15:44.294+0800] GC(797) Concurrent Cleanup for Next Mark
[2024-08-29T23:15:44.298+0800] GC(797) Concurrent Cleanup for Next Mark 4.577ms
[2024-08-29T23:15:44.298+0800] GC(797) Concurrent Undo Cycle 4.624ms
[2024-08-29T23:15:44.305+0800] GC(798) Pause Young (Concurrent Start) (G1 Humongous Allocation)
[2024-08-29T23:15:44.305+0800] GC(798) Using 8 workers of 8 for evacuation
[2024-08-29T23:15:44.306+0800] GC(798)   Pre Evacuate Collection Set: 0.1ms
[2024-08-29T23:15:44.306+0800] GC(798)   Merge Heap Roots: 0.1ms
[2024-08-29T23:15:44.306+0800] GC(798)   Evacuate Collection Set: 0.3ms
[2024-08-29T23:15:44.306+0800] GC(798)   Post Evacuate Collection Set: 0.3ms
[2024-08-29T23:15:44.306+0800] GC(798)   Other: 0.1ms
[2024-08-29T23:15:44.306+0800] GC(798) Eden regions: 4->0(948)
[2024-08-29T23:15:44.306+0800] GC(798) Survivor regions: 0->0(119)
[2024-08-29T23:15:44.306+0800] GC(798) Old regions: 1->1
[2024-08-29T23:15:44.306+0800] GC(798) Archive regions: 2->2
[2024-08-29T23:15:44.306+0800] GC(798) Humongous regions: 918->891
[2024-08-29T23:15:44.306+0800] GC(798) Metaspace: 1625K(1792K)->1625K(1792K) NonClass: 1506K(1600K)->1506K(1600K) Class: 119K(192K)->119K(192K)
[2024-08-29T23:15:44.306+0800] GC(798) Pause Young (Concurrent Start) (G1 Humongous Allocation) 923M->892M(2048M) 0.982ms
[2024-08-29T23:15:44.306+0800] GC(798) User=0.01s Sys=0.00s Real=0.00s
[2024-08-29T23:15:44.306+0800] GC(799) Concurrent Undo Cycle
[2024-08-29T23:15:44.307+0800] GC(799) Concurrent Cleanup for Next Mark
[2024-08-29T23:15:44.312+0800] GC(799) Concurrent Cleanup for Next Mark 5.215ms
[2024-08-29T23:15:44.312+0800] GC(799) Concurrent Undo Cycle 5.313ms
[2024-08-29T23:15:44.315+0800] GC(800) Pause Young (Concurrent Start) (G1 Humongous Allocation)
[2024-08-29T23:15:44.316+0800] GC(800) Using 8 workers of 8 for evacuation
[2024-08-29T23:15:44.316+0800] GC(800)   Pre Evacuate Collection Set: 0.2ms
[2024-08-29T23:15:44.316+0800] GC(800)   Merge Heap Roots: 0.1ms
[2024-08-29T23:15:44.316+0800] GC(800)   Evacuate Collection Set: 0.3ms
[2024-08-29T23:15:44.316+0800] GC(800)   Post Evacuate Collection Set: 0.2ms
[2024-08-29T23:15:44.316+0800] GC(800)   Other: 0.1ms
[2024-08-29T23:15:44.316+0800] GC(800) Eden regions: 3->0(934)
[2024-08-29T23:15:44.316+0800] GC(800) Survivor regions: 0->0(119)
[2024-08-29T23:15:44.316+0800] GC(800) Old regions: 1->1
[2024-08-29T23:15:44.316+0800] GC(800) Archive regions: 2->2
[2024-08-29T23:15:44.316+0800] GC(800) Humongous regions: 918->905
[2024-08-29T23:15:44.317+0800] GC(800) Metaspace: 1625K(1792K)->1625K(1792K) NonClass: 1506K(1600K)->1506K(1600K) Class: 119K(192K)->119K(192K)
[2024-08-29T23:15:44.317+0800] GC(800) Pause Young (Concurrent Start) (G1 Humongous Allocation) 922M->906M(2048M) 1.019ms
[2024-08-29T23:15:44.317+0800] GC(800) User=0.01s Sys=0.00s Real=0.00s
[2024-08-29T23:15:44.317+0800] GC(801) Concurrent Undo Cycle
[2024-08-29T23:15:44.317+0800] GC(801) Concurrent Cleanup for Next Mark
[2024-08-29T23:15:44.322+0800] GC(801) Concurrent Cleanup for Next Mark 5.635ms
[2024-08-29T23:15:44.322+0800] GC(801) Concurrent Undo Cycle 5.730ms
[2024-08-29T23:15:44.323+0800] GC(802) Pause Young (Concurrent Start) (G1 Humongous Allocation)
[2024-08-29T23:15:44.323+0800] GC(802) Using 8 workers of 8 for evacuation
[2024-08-29T23:15:44.324+0800] GC(802)   Pre Evacuate Collection Set: 0.2ms
[2024-08-29T23:15:44.324+0800] GC(802)   Merge Heap Roots: 0.1ms
[2024-08-29T23:15:44.324+0800] GC(802)   Evacuate Collection Set: 0.3ms
[2024-08-29T23:15:44.324+0800] GC(802)   Post Evacuate Collection Set: 0.3ms
[2024-08-29T23:15:44.324+0800] GC(802)   Other: 0.1ms
[2024-08-29T23:15:44.324+0800] GC(802) Eden regions: 3->0(909)
[2024-08-29T23:15:44.324+0800] GC(802) Survivor regions: 0->0(117)
[2024-08-29T23:15:44.324+0800] GC(802) Old regions: 1->1
[2024-08-29T23:15:44.324+0800] GC(802) Archive regions: 2->2
[2024-08-29T23:15:44.324+0800] GC(802) Humongous regions: 933->930
[2024-08-29T23:15:44.324+0800] GC(802) Metaspace: 1625K(1792K)->1625K(1792K) NonClass: 1506K(1600K)->1506K(1600K) Class: 119K(192K)->119K(192K)
[2024-08-29T23:15:44.324+0800] GC(802) Pause Young (Concurrent Start) (G1 Humongous Allocation) 936M->931M(2048M) 0.992ms
[2024-08-29T23:15:44.324+0800] GC(802) User=0.00s Sys=0.00s Real=0.00s
[2024-08-29T23:15:44.324+0800] GC(803) Concurrent Mark Cycle
[2024-08-29T23:15:44.325+0800] GC(803) Concurrent Clear Claimed Marks
[2024-08-29T23:15:44.325+0800] GC(803) Concurrent Clear Claimed Marks 0.006ms
[2024-08-29T23:15:44.325+0800] GC(803) Concurrent Scan Root Regions
[2024-08-29T23:15:44.325+0800] GC(803) Concurrent Scan Root Regions 0.004ms
[2024-08-29T23:15:44.325+0800] GC(803) Concurrent Mark
[2024-08-29T23:15:44.325+0800] GC(803) Concurrent Mark From Roots
[2024-08-29T23:15:44.325+0800] GC(803) Using 2 workers of 2 for marking
[2024-08-29T23:15:44.327+0800] GC(803) Concurrent Mark From Roots 2.108ms
[2024-08-29T23:15:44.327+0800] GC(803) Concurrent Preclean
[2024-08-29T23:15:44.327+0800] GC(803) Concurrent Preclean 0.066ms
[2024-08-29T23:15:44.327+0800] GC(803) Pause Remark
[2024-08-29T23:15:44.328+0800] GC(803) Pause Remark 940M->940M(2048M) 0.856ms
[2024-08-29T23:15:44.328+0800] GC(803) User=0.01s Sys=0.00s Real=0.00s
[2024-08-29T23:15:44.328+0800] GC(803) Concurrent Mark 3.178ms
[2024-08-29T23:15:44.328+0800] GC(803) Concurrent Rebuild Remembered Sets
[2024-08-29T23:15:44.328+0800] GC(803) Concurrent Rebuild Remembered Sets 0.006ms
[2024-08-29T23:15:44.328+0800] GC(803) Pause Cleanup
[2024-08-29T23:15:44.328+0800] GC(803) Pause Cleanup 940M->940M(2048M) 0.011ms
[2024-08-29T23:15:44.328+0800] GC(803) User=0.00s Sys=0.00s Real=0.00s
[2024-08-29T23:15:44.328+0800] GC(803) Concurrent Cleanup for Next Mark
[2024-08-29T23:15:44.333+0800] GC(803) Concurrent Cleanup for Next Mark 4.771ms
[2024-08-29T23:15:44.333+0800] GC(803) Concurrent Mark Cycle 8.158ms
[2024-08-29T23:15:44.333+0800] GC(804) Pause Young (Concurrent Start) (G1 Humongous Allocation)
[2024-08-29T23:15:44.333+0800] GC(804) Using 8 workers of 8 for evacuation
[2024-08-29T23:15:44.334+0800] GC(804)   Pre Evacuate Collection Set: 0.2ms
[2024-08-29T23:15:44.334+0800] GC(804)   Merge Heap Roots: 0.1ms
[2024-08-29T23:15:44.334+0800] GC(804)   Evacuate Collection Set: 0.3ms
[2024-08-29T23:15:44.334+0800] GC(804)   Post Evacuate Collection Set: 0.2ms
[2024-08-29T23:15:44.334+0800] GC(804)   Other: 0.1ms
[2024-08-29T23:15:44.334+0800] GC(804) Eden regions: 3->0(917)
[2024-08-29T23:15:44.334+0800] GC(804) Survivor regions: 0->0(114)
[2024-08-29T23:15:44.334+0800] GC(804) Old regions: 1->1
[2024-08-29T23:15:44.334+0800] GC(804) Archive regions: 2->2
[2024-08-29T23:15:44.334+0800] GC(804) Humongous regions: 950->922
[2024-08-29T23:15:44.334+0800] GC(804) Metaspace: 1625K(1792K)->1625K(1792K) NonClass: 1506K(1600K)->1506K(1600K) Class: 119K(192K)->119K(192K)
[2024-08-29T23:15:44.334+0800] GC(804) Pause Young (Concurrent Start) (G1 Humongous Allocation) 954M->923M(2048M) 1.011ms
[2024-08-29T23:15:44.334+0800] GC(804) User=0.00s Sys=0.00s Real=0.00s
[2024-08-29T23:15:44.335+0800] GC(805) Concurrent Mark Cycle
[2024-08-29T23:15:44.335+0800] GC(805) Concurrent Clear Claimed Marks
[2024-08-29T23:15:44.335+0800] GC(805) Concurrent Clear Claimed Marks 0.005ms
[2024-08-29T23:15:44.335+0800] GC(805) Concurrent Scan Root Regions
[2024-08-29T23:15:44.335+0800] GC(805) Concurrent Scan Root Regions 0.004ms
[2024-08-29T23:15:44.335+0800] GC(805) Concurrent Mark
[2024-08-29T23:15:44.335+0800] GC(805) Concurrent Mark From Roots
[2024-08-29T23:15:44.335+0800] GC(805) Using 2 workers of 2 for marking
[2024-08-29T23:15:44.337+0800] GC(805) Concurrent Mark From Roots 1.989ms
[2024-08-29T23:15:44.337+0800] GC(805) Concurrent Preclean
[2024-08-29T23:15:44.337+0800] GC(805) Concurrent Preclean 0.065ms
[2024-08-29T23:15:44.337+0800] GC(805) Pause Remark
[2024-08-29T23:15:44.337+0800] GC(805) Pause Remark 927M->927M(2048M) 0.793ms
[2024-08-29T23:15:44.337+0800] GC(805) User=0.00s Sys=0.00s Real=0.00s
[2024-08-29T23:15:44.338+0800] GC(805) Concurrent Mark 2.982ms
[2024-08-29T23:15:44.338+0800] GC(805) Concurrent Rebuild Remembered Sets
[2024-08-29T23:15:44.338+0800] GC(805) Concurrent Rebuild Remembered Sets 0.006ms
[2024-08-29T23:15:44.338+0800] GC(805) Pause Cleanup
[2024-08-29T23:15:44.338+0800] GC(805) Pause Cleanup 928M->928M(2048M) 0.027ms
[2024-08-29T23:15:44.338+0800] GC(805) User=0.00s Sys=0.00s Real=0.00s
[2024-08-29T23:15:44.339+0800] GC(805) Concurrent Cleanup for Next Mark
[2024-08-29T23:15:44.343+0800] GC(805) Concurrent Cleanup for Next Mark 4.422ms
[2024-08-29T23:15:44.343+0800] GC(805) Concurrent Mark Cycle 8.574ms
[2024-08-29T23:15:44.345+0800] GC(806) Pause Young (Concurrent Start) (G1 Humongous Allocation)
[2024-08-29T23:15:44.345+0800] GC(806) Using 8 workers of 8 for evacuation
[2024-08-29T23:15:44.346+0800] GC(806)   Pre Evacuate Collection Set: 0.2ms
[2024-08-29T23:15:44.346+0800] GC(806)   Merge Heap Roots: 0.1ms
[2024-08-29T23:15:44.346+0800] GC(806)   Evacuate Collection Set: 0.4ms
[2024-08-29T23:15:44.346+0800] GC(806)   Post Evacuate Collection Set: 0.2ms
[2024-08-29T23:15:44.346+0800] GC(806)   Other: 0.2ms
[2024-08-29T23:15:44.346+0800] GC(806) Eden regions: 4->0(938)
[2024-08-29T23:15:44.346+0800] GC(806) Survivor regions: 0->0(115)
[2024-08-29T23:15:44.346+0800] GC(806) Old regions: 1->1
[2024-08-29T23:15:44.346+0800] GC(806) Archive regions: 2->2
[2024-08-29T23:15:44.346+0800] GC(806) Humongous regions: 939->901
[2024-08-29T23:15:44.346+0800] GC(806) Metaspace: 1625K(1792K)->1625K(1792K) NonClass: 1506K(1600K)->1506K(1600K) Class: 119K(192K)->119K(192K)
[2024-08-29T23:15:44.346+0800] GC(806) Pause Young (Concurrent Start) (G1 Humongous Allocation) 943M->902M(2048M) 1.087ms
[2024-08-29T23:15:44.346+0800] GC(806) User=0.00s Sys=0.00s Real=0.00s
[2024-08-29T23:15:44.346+0800] GC(807) Concurrent Undo Cycle
[2024-08-29T23:15:44.346+0800] GC(807) Concurrent Cleanup for Next Mark
[2024-08-29T23:15:44.350+0800] GC(807) Concurrent Cleanup for Next Mark 4.190ms
[2024-08-29T23:15:44.350+0800] GC(807) Concurrent Undo Cycle 4.264ms
[2024-08-29T23:15:44.354+0800] GC(808) Pause Young (Concurrent Start) (G1 Humongous Allocation)
[2024-08-29T23:15:44.354+0800] GC(808) Using 8 workers of 8 for evacuation
[2024-08-29T23:15:44.355+0800] GC(808)   Pre Evacuate Collection Set: 0.3ms
[2024-08-29T23:15:44.355+0800] GC(808)   Merge Heap Roots: 0.1ms
[2024-08-29T23:15:44.355+0800] GC(808)   Evacuate Collection Set: 0.3ms
[2024-08-29T23:15:44.355+0800] GC(808)   Post Evacuate Collection Set: 0.3ms
[2024-08-29T23:15:44.355+0800] GC(808)   Other: 0.2ms
[2024-08-29T23:15:44.355+0800] GC(808) Eden regions: 3->0(938)
[2024-08-29T23:15:44.355+0800] GC(808) Survivor regions: 0->0(118)
[2024-08-29T23:15:44.355+0800] GC(808) Old regions: 1->1
[2024-08-29T23:15:44.355+0800] GC(808) Archive regions: 2->2
[2024-08-29T23:15:44.355+0800] GC(808) Humongous regions: 915->901
[2024-08-29T23:15:44.355+0800] GC(808) Metaspace: 1625K(1792K)->1625K(1792K) NonClass: 1506K(1600K)->1506K(1600K) Class: 119K(192K)->119K(192K)
[2024-08-29T23:15:44.355+0800] GC(808) Pause Young (Concurrent Start) (G1 Humongous Allocation) 919M->902M(2048M) 1.222ms
[2024-08-29T23:15:44.355+0800] GC(808) User=0.01s Sys=0.00s Real=0.00s
[2024-08-29T23:15:44.355+0800] GC(809) Concurrent Undo Cycle
[2024-08-29T23:15:44.355+0800] GC(809) Concurrent Cleanup for Next Mark
[2024-08-29T23:15:44.361+0800] GC(809) Concurrent Cleanup for Next Mark 5.805ms
[2024-08-29T23:15:44.361+0800] GC(809) Concurrent Undo Cycle 5.873ms
[2024-08-29T23:15:44.361+0800] GC(810) Pause Young (Concurrent Start) (G1 Humongous Allocation)
[2024-08-29T23:15:44.361+0800] GC(810) Using 8 workers of 8 for evacuation
[2024-08-29T23:15:44.362+0800] GC(810)   Pre Evacuate Collection Set: 0.2ms
[2024-08-29T23:15:44.362+0800] GC(810)   Merge Heap Roots: 0.1ms
[2024-08-29T23:15:44.362+0800] GC(810)   Evacuate Collection Set: 0.3ms
[2024-08-29T23:15:44.362+0800] GC(810)   Post Evacuate Collection Set: 0.2ms
[2024-08-29T23:15:44.362+0800] GC(810)   Other: 0.1ms
[2024-08-29T23:15:44.362+0800] GC(810) Eden regions: 4->0(937)
[2024-08-29T23:15:44.362+0800] GC(810) Survivor regions: 0->0(118)
[2024-08-29T23:15:44.362+0800] GC(810) Old regions: 1->1
[2024-08-29T23:15:44.362+0800] GC(810) Archive regions: 2->2
[2024-08-29T23:15:44.362+0800] GC(810) Humongous regions: 927->902
[2024-08-29T23:15:44.362+0800] GC(810) Metaspace: 1625K(1792K)->1625K(1792K) NonClass: 1506K(1600K)->1506K(1600K) Class: 119K(192K)->119K(192K)
[2024-08-29T23:15:44.362+0800] GC(810) Pause Young (Concurrent Start) (G1 Humongous Allocation) 931M->903M(2048M) 0.918ms
[2024-08-29T23:15:44.362+0800] GC(810) User=0.00s Sys=0.00s Real=0.00s
[2024-08-29T23:15:44.363+0800] GC(811) Concurrent Undo Cycle
[2024-08-29T23:15:44.363+0800] GC(811) Concurrent Cleanup for Next Mark
[2024-08-29T23:15:44.367+0800] GC(811) Concurrent Cleanup for Next Mark 3.665ms
[2024-08-29T23:15:44.367+0800] GC(811) Concurrent Undo Cycle 3.704ms
[2024-08-29T23:15:44.371+0800] GC(812) Pause Young (Concurrent Start) (G1 Humongous Allocation)
[2024-08-29T23:15:44.371+0800] GC(812) Using 8 workers of 8 for evacuation
[2024-08-29T23:15:44.372+0800] GC(812)   Pre Evacuate Collection Set: 0.3ms
[2024-08-29T23:15:44.372+0800] GC(812)   Merge Heap Roots: 0.1ms
[2024-08-29T23:15:44.372+0800] GC(812)   Evacuate Collection Set: 0.4ms
[2024-08-29T23:15:44.372+0800] GC(812)   Post Evacuate Collection Set: 0.3ms
[2024-08-29T23:15:44.372+0800] GC(812)   Other: 0.2ms
[2024-08-29T23:15:44.372+0800] GC(812) Eden regions: 4->0(935)
[2024-08-29T23:15:44.372+0800] GC(812) Survivor regions: 0->0(118)
[2024-08-29T23:15:44.372+0800] GC(812) Old regions: 1->1
[2024-08-29T23:15:44.372+0800] GC(812) Archive regions: 2->2
[2024-08-29T23:15:44.372+0800] GC(812) Humongous regions: 917->904
[2024-08-29T23:15:44.372+0800] GC(812) Metaspace: 1625K(1792K)->1625K(1792K) NonClass: 1506K(1600K)->1506K(1600K) Class: 119K(192K)->119K(192K)
[2024-08-29T23:15:44.372+0800] GC(812) Pause Young (Concurrent Start) (G1 Humongous Allocation) 922M->905M(2048M) 1.318ms
[2024-08-29T23:15:44.372+0800] GC(812) User=0.00s Sys=0.00s Real=0.00s
[2024-08-29T23:15:44.372+0800] GC(813) Concurrent Undo Cycle
[2024-08-29T23:15:44.372+0800] GC(813) Concurrent Cleanup for Next Mark
[2024-08-29T23:15:44.379+0800] GC(813) Concurrent Cleanup for Next Mark 7.350ms
[2024-08-29T23:15:44.379+0800] GC(813) Concurrent Undo Cycle 7.418ms
[2024-08-29T23:15:44.380+0800] GC(814) Pause Young (Concurrent Start) (G1 Humongous Allocation)
[2024-08-29T23:15:44.381+0800] GC(814) Using 8 workers of 8 for evacuation
[2024-08-29T23:15:44.381+0800] GC(814)   Pre Evacuate Collection Set: 0.2ms
[2024-08-29T23:15:44.382+0800] GC(814)   Merge Heap Roots: 0.1ms
[2024-08-29T23:15:44.382+0800] GC(814)   Evacuate Collection Set: 0.3ms
[2024-08-29T23:15:44.382+0800] GC(814)   Post Evacuate Collection Set: 0.3ms
[2024-08-29T23:15:44.382+0800] GC(814)   Other: 0.2ms
[2024-08-29T23:15:44.382+0800] GC(814) Eden regions: 4->0(924)
[2024-08-29T23:15:44.382+0800] GC(814) Survivor regions: 0->0(117)
[2024-08-29T23:15:44.382+0800] GC(814) Old regions: 1->1
[2024-08-29T23:15:44.382+0800] GC(814) Archive regions: 2->2
[2024-08-29T23:15:44.382+0800] GC(814) Humongous regions: 928->915
[2024-08-29T23:15:44.382+0800] GC(814) Metaspace: 1625K(1792K)->1625K(1792K) NonClass: 1506K(1600K)->1506K(1600K) Class: 119K(192K)->119K(192K)
[2024-08-29T23:15:44.382+0800] GC(814) Pause Young (Concurrent Start) (G1 Humongous Allocation) 933M->916M(2048M) 1.057ms
[2024-08-29T23:15:44.382+0800] GC(814) User=0.01s Sys=0.00s Real=0.00s
[2024-08-29T23:15:44.382+0800] GC(815) Concurrent Undo Cycle
[2024-08-29T23:15:44.382+0800] GC(815) Concurrent Cleanup for Next Mark
[2024-08-29T23:15:44.386+0800] GC(815) Concurrent Cleanup for Next Mark 4.201ms
[2024-08-29T23:15:44.386+0800] GC(815) Concurrent Undo Cycle 4.268ms
[2024-08-29T23:15:44.386+0800] GC(816) Pause Young (Concurrent Start) (G1 Humongous Allocation)
[2024-08-29T23:15:44.386+0800] GC(816) Using 8 workers of 8 for evacuation
[2024-08-29T23:15:44.387+0800] GC(816)   Pre Evacuate Collection Set: 0.1ms
[2024-08-29T23:15:44.387+0800] GC(816)   Merge Heap Roots: 0.1ms
[2024-08-29T23:15:44.387+0800] GC(816)   Evacuate Collection Set: 0.6ms
[2024-08-29T23:15:44.387+0800] GC(816)   Post Evacuate Collection Set: 0.3ms
[2024-08-29T23:15:44.387+0800] GC(816)   Other: 0.1ms
[2024-08-29T23:15:44.387+0800] GC(816) Eden regions: 3->0(940)
[2024-08-29T23:15:44.387+0800] GC(816) Survivor regions: 0->0(116)
[2024-08-29T23:15:44.387+0800] GC(816) Old regions: 1->1
[2024-08-29T23:15:44.387+0800] GC(816) Archive regions: 2->2
[2024-08-29T23:15:44.387+0800] GC(816) Humongous regions: 924->899
[2024-08-29T23:15:44.387+0800] GC(816) Metaspace: 1625K(1792K)->1625K(1792K) NonClass: 1506K(1600K)->1506K(1600K) Class: 119K(192K)->119K(192K)
[2024-08-29T23:15:44.387+0800] GC(816) Pause Young (Concurrent Start) (G1 Humongous Allocation) 928M->900M(2048M) 1.251ms
[2024-08-29T23:15:44.387+0800] GC(816) User=0.00s Sys=0.00s Real=0.00s
[2024-08-29T23:15:44.387+0800] GC(817) Concurrent Undo Cycle
[2024-08-29T23:15:44.387+0800] GC(817) Concurrent Cleanup for Next Mark
[2024-08-29T23:15:44.393+0800] GC(817) Concurrent Cleanup for Next Mark 5.871ms
[2024-08-29T23:15:44.393+0800] GC(817) Concurrent Undo Cycle 5.944ms
[2024-08-29T23:15:44.394+0800] GC(818) Pause Young (Concurrent Start) (G1 Humongous Allocation)
[2024-08-29T23:15:44.394+0800] GC(818) Using 8 workers of 8 for evacuation
[2024-08-29T23:15:44.395+0800] GC(818)   Pre Evacuate Collection Set: 0.2ms
[2024-08-29T23:15:44.395+0800] GC(818)   Merge Heap Roots: 0.1ms
[2024-08-29T23:15:44.395+0800] GC(818)   Evacuate Collection Set: 0.3ms
[2024-08-29T23:15:44.395+0800] GC(818)   Post Evacuate Collection Set: 0.3ms
[2024-08-29T23:15:44.395+0800] GC(818)   Other: 0.2ms
[2024-08-29T23:15:44.395+0800] GC(818) Eden regions: 4->0(936)
[2024-08-29T23:15:44.395+0800] GC(818) Survivor regions: 0->0(118)
[2024-08-29T23:15:44.395+0800] GC(818) Old regions: 1->1
[2024-08-29T23:15:44.395+0800] GC(818) Archive regions: 2->2
[2024-08-29T23:15:44.395+0800] GC(818) Humongous regions: 919->903
[2024-08-29T23:15:44.395+0800] GC(818) Metaspace: 1625K(1792K)->1625K(1792K) NonClass: 1506K(1600K)->1506K(1600K) Class: 119K(192K)->119K(192K)
[2024-08-29T23:15:44.395+0800] GC(818) Pause Young (Concurrent Start) (G1 Humongous Allocation) 924M->904M(2048M) 1.018ms
[2024-08-29T23:15:44.395+0800] GC(818) User=0.00s Sys=0.00s Real=0.00s
[2024-08-29T23:15:44.395+0800] GC(819) Concurrent Undo Cycle
[2024-08-29T23:15:44.395+0800] GC(819) Concurrent Cleanup for Next Mark
[2024-08-29T23:15:44.399+0800] GC(819) Concurrent Cleanup for Next Mark 3.977ms
[2024-08-29T23:15:44.399+0800] GC(819) Concurrent Undo Cycle 4.038ms
[2024-08-29T23:15:44.406+0800] GC(820) Pause Young (Concurrent Start) (G1 Humongous Allocation)
[2024-08-29T23:15:44.406+0800] GC(820) Using 8 workers of 8 for evacuation
[2024-08-29T23:15:44.408+0800] GC(820)   Pre Evacuate Collection Set: 0.8ms
[2024-08-29T23:15:44.408+0800] GC(820)   Merge Heap Roots: 0.1ms
[2024-08-29T23:15:44.408+0800] GC(820)   Evacuate Collection Set: 0.4ms
[2024-08-29T23:15:44.408+0800] GC(820)   Post Evacuate Collection Set: 0.2ms
[2024-08-29T23:15:44.408+0800] GC(820)   Other: 0.3ms
[2024-08-29T23:15:44.408+0800] GC(820) Eden regions: 4->0(955)
[2024-08-29T23:15:44.408+0800] GC(820) Survivor regions: 0->0(117)
[2024-08-29T23:15:44.408+0800] GC(820) Old regions: 1->1
[2024-08-29T23:15:44.408+0800] GC(820) Archive regions: 2->2
[2024-08-29T23:15:44.408+0800] GC(820) Humongous regions: 919->884
[2024-08-29T23:15:44.408+0800] GC(820) Metaspace: 1625K(1792K)->1625K(1792K) NonClass: 1506K(1600K)->1506K(1600K) Class: 119K(192K)->119K(192K)
[2024-08-29T23:15:44.408+0800] GC(820) Pause Young (Concurrent Start) (G1 Humongous Allocation) 923M->885M(2048M) 1.799ms
[2024-08-29T23:15:44.408+0800] GC(820) User=0.01s Sys=0.00s Real=0.00s
[2024-08-29T23:15:44.408+0800] GC(821) Concurrent Undo Cycle
[2024-08-29T23:15:44.408+0800] GC(821) Concurrent Cleanup for Next Mark
[2024-08-29T23:15:44.413+0800] GC(821) Concurrent Cleanup for Next Mark 5.275ms
[2024-08-29T23:15:44.413+0800] GC(821) Concurrent Undo Cycle 5.352ms
[2024-08-29T23:15:44.420+0800] GC(822) Pause Young (Concurrent Start) (G1 Humongous Allocation)
[2024-08-29T23:15:44.421+0800] GC(822) Using 8 workers of 8 for evacuation
[2024-08-29T23:15:44.421+0800] GC(822)   Pre Evacuate Collection Set: 0.2ms
[2024-08-29T23:15:44.421+0800] GC(822)   Merge Heap Roots: 0.1ms
[2024-08-29T23:15:44.421+0800] GC(822)   Evacuate Collection Set: 0.3ms
[2024-08-29T23:15:44.421+0800] GC(822)   Post Evacuate Collection Set: 0.3ms
[2024-08-29T23:15:44.422+0800] GC(822)   Other: 0.1ms
[2024-08-29T23:15:44.422+0800] GC(822) Eden regions: 4->0(955)
[2024-08-29T23:15:44.422+0800] GC(822) Survivor regions: 0->0(120)
[2024-08-29T23:15:44.422+0800] GC(822) Old regions: 1->1
[2024-08-29T23:15:44.422+0800] GC(822) Archive regions: 2->2
[2024-08-29T23:15:44.422+0800] GC(822) Humongous regions: 918->884
[2024-08-29T23:15:44.422+0800] GC(822) Metaspace: 1625K(1792K)->1625K(1792K) NonClass: 1506K(1600K)->1506K(1600K) Class: 119K(192K)->119K(192K)
[2024-08-29T23:15:44.422+0800] GC(822) Pause Young (Concurrent Start) (G1 Humongous Allocation) 922M->885M(2048M) 1.054ms
[2024-08-29T23:15:44.422+0800] GC(822) User=0.00s Sys=0.00s Real=0.00s
[2024-08-29T23:15:44.422+0800] GC(823) Concurrent Undo Cycle
[2024-08-29T23:15:44.422+0800] GC(823) Concurrent Cleanup for Next Mark
[2024-08-29T23:15:44.426+0800] GC(823) Concurrent Cleanup for Next Mark 4.648ms
[2024-08-29T23:15:44.426+0800] GC(823) Concurrent Undo Cycle 4.699ms
[2024-08-29T23:15:44.436+0800] GC(824) Pause Young (Concurrent Start) (G1 Humongous Allocation)
[2024-08-29T23:15:44.436+0800] GC(824) Using 8 workers of 8 for evacuation
[2024-08-29T23:15:44.437+0800] GC(824)   Pre Evacuate Collection Set: 0.2ms
[2024-08-29T23:15:44.437+0800] GC(824)   Merge Heap Roots: 0.2ms
[2024-08-29T23:15:44.437+0800] GC(824)   Evacuate Collection Set: 0.4ms
[2024-08-29T23:15:44.437+0800] GC(824)   Post Evacuate Collection Set: 0.3ms
[2024-08-29T23:15:44.437+0800] GC(824)   Other: 0.2ms
[2024-08-29T23:15:44.437+0800] GC(824) Eden regions: 4->0(958)
[2024-08-29T23:15:44.437+0800] GC(824) Survivor regions: 0->0(120)
[2024-08-29T23:15:44.437+0800] GC(824) Old regions: 1->1
[2024-08-29T23:15:44.437+0800] GC(824) Archive regions: 2->2
[2024-08-29T23:15:44.437+0800] GC(824) Humongous regions: 918->881
[2024-08-29T23:15:44.437+0800] GC(824) Metaspace: 1625K(1792K)->1625K(1792K) NonClass: 1506K(1600K)->1506K(1600K) Class: 119K(192K)->119K(192K)
[2024-08-29T23:15:44.437+0800] GC(824) Pause Young (Concurrent Start) (G1 Humongous Allocation) 922M->882M(2048M) 1.444ms
[2024-08-29T23:15:44.438+0800] GC(824) User=0.00s Sys=0.00s Real=0.00s
[2024-08-29T23:15:44.438+0800] GC(825) Concurrent Undo Cycle
[2024-08-29T23:15:44.438+0800] GC(825) Concurrent Cleanup for Next Mark
[2024-08-29T23:15:44.443+0800] GC(825) Concurrent Cleanup for Next Mark 5.562ms
[2024-08-29T23:15:44.443+0800] GC(825) Concurrent Undo Cycle 5.643ms
[2024-08-29T23:15:44.451+0800] GC(826) Pause Young (Concurrent Start) (G1 Humongous Allocation)
[2024-08-29T23:15:44.451+0800] GC(826) Using 8 workers of 8 for evacuation
[2024-08-29T23:15:44.453+0800] GC(826)   Pre Evacuate Collection Set: 0.3ms
[2024-08-29T23:15:44.453+0800] GC(826)   Merge Heap Roots: 0.1ms
[2024-08-29T23:15:44.453+0800] GC(826)   Evacuate Collection Set: 0.5ms
[2024-08-29T23:15:44.453+0800] GC(826)   Post Evacuate Collection Set: 0.3ms
[2024-08-29T23:15:44.453+0800] GC(826)   Other: 0.2ms
[2024-08-29T23:15:44.453+0800] GC(826) Eden regions: 3->0(973)
[2024-08-29T23:15:44.453+0800] GC(826) Survivor regions: 0->0(120)
[2024-08-29T23:15:44.453+0800] GC(826) Old regions: 1->1
[2024-08-29T23:15:44.453+0800] GC(826) Archive regions: 2->2
[2024-08-29T23:15:44.453+0800] GC(826) Humongous regions: 916->866
[2024-08-29T23:15:44.453+0800] GC(826) Metaspace: 1625K(1792K)->1625K(1792K) NonClass: 1506K(1600K)->1506K(1600K) Class: 119K(192K)->119K(192K)
[2024-08-29T23:15:44.453+0800] GC(826) Pause Young (Concurrent Start) (G1 Humongous Allocation) 920M->867M(2048M) 1.525ms
[2024-08-29T23:15:44.453+0800] GC(826) User=0.01s Sys=0.00s Real=0.01s
[2024-08-29T23:15:44.453+0800] GC(827) Concurrent Undo Cycle
[2024-08-29T23:15:44.453+0800] GC(827) Concurrent Cleanup for Next Mark
[2024-08-29T23:15:44.460+0800] GC(827) Concurrent Cleanup for Next Mark 7.022ms
[2024-08-29T23:15:44.460+0800] GC(827) Concurrent Undo Cycle 7.182ms
[2024-08-29T23:15:44.467+0800] GC(828) Pause Young (Concurrent Start) (G1 Humongous Allocation)
[2024-08-29T23:15:44.467+0800] GC(828) Using 8 workers of 8 for evacuation
[2024-08-29T23:15:44.469+0800] GC(828)   Pre Evacuate Collection Set: 0.4ms
[2024-08-29T23:15:44.469+0800] GC(828)   Merge Heap Roots: 0.1ms
[2024-08-29T23:15:44.469+0800] GC(828)   Evacuate Collection Set: 0.5ms
[2024-08-29T23:15:44.469+0800] GC(828)   Post Evacuate Collection Set: 0.3ms
[2024-08-29T23:15:44.469+0800] GC(828)   Other: 0.2ms
[2024-08-29T23:15:44.469+0800] GC(828) Eden regions: 4->0(944)
[2024-08-29T23:15:44.469+0800] GC(828) Survivor regions: 0->0(122)
[2024-08-29T23:15:44.469+0800] GC(828) Old regions: 1->1
[2024-08-29T23:15:44.469+0800] GC(828) Archive regions: 2->2
[2024-08-29T23:15:44.469+0800] GC(828) Humongous regions: 919->895
[2024-08-29T23:15:44.469+0800] GC(828) Metaspace: 1625K(1792K)->1625K(1792K) NonClass: 1506K(1600K)->1506K(1600K) Class: 119K(192K)->119K(192K)
[2024-08-29T23:15:44.469+0800] GC(828) Pause Young (Concurrent Start) (G1 Humongous Allocation) 924M->896M(2048M) 1.525ms
[2024-08-29T23:15:44.469+0800] GC(828) User=0.00s Sys=0.00s Real=0.00s
[2024-08-29T23:15:44.469+0800] GC(829) Concurrent Undo Cycle
[2024-08-29T23:15:44.469+0800] GC(829) Concurrent Cleanup for Next Mark
[2024-08-29T23:15:44.475+0800] GC(829) Concurrent Cleanup for Next Mark 6.069ms
[2024-08-29T23:15:44.475+0800] GC(829) Concurrent Undo Cycle 6.148ms
[2024-08-29T23:15:44.477+0800] GC(830) Pause Young (Concurrent Start) (G1 Humongous Allocation)
[2024-08-29T23:15:44.477+0800] GC(830) Using 8 workers of 8 for evacuation
[2024-08-29T23:15:44.478+0800] GC(830)   Pre Evacuate Collection Set: 0.3ms
[2024-08-29T23:15:44.479+0800] GC(830)   Merge Heap Roots: 0.1ms
[2024-08-29T23:15:44.479+0800] GC(830)   Evacuate Collection Set: 0.4ms
[2024-08-29T23:15:44.479+0800] GC(830)   Post Evacuate Collection Set: 0.4ms
[2024-08-29T23:15:44.479+0800] GC(830)   Other: 0.2ms
[2024-08-29T23:15:44.479+0800] GC(830) Eden regions: 3->0(931)
[2024-08-29T23:15:44.479+0800] GC(830) Survivor regions: 0->0(118)
[2024-08-29T23:15:44.479+0800] GC(830) Old regions: 1->1
[2024-08-29T23:15:44.479+0800] GC(830) Archive regions: 2->2
[2024-08-29T23:15:44.479+0800] GC(830) Humongous regions: 917->908
[2024-08-29T23:15:44.479+0800] GC(830) Metaspace: 1625K(1792K)->1625K(1792K) NonClass: 1506K(1600K)->1506K(1600K) Class: 119K(192K)->119K(192K)
[2024-08-29T23:15:44.479+0800] GC(830) Pause Young (Concurrent Start) (G1 Humongous Allocation) 921M->909M(2048M) 1.491ms
[2024-08-29T23:15:44.479+0800] GC(830) User=0.00s Sys=0.01s Real=0.00s
[2024-08-29T23:15:44.479+0800] GC(831) Concurrent Undo Cycle
[2024-08-29T23:15:44.479+0800] GC(831) Concurrent Cleanup for Next Mark
[2024-08-29T23:15:44.485+0800] GC(831) Concurrent Cleanup for Next Mark 6.544ms
[2024-08-29T23:15:44.485+0800] GC(831) Concurrent Undo Cycle 6.633ms
[2024-08-29T23:15:44.486+0800] GC(832) Pause Young (Concurrent Start) (G1 Humongous Allocation)
[2024-08-29T23:15:44.486+0800] GC(832) Using 8 workers of 8 for evacuation
[2024-08-29T23:15:44.487+0800] GC(832)   Pre Evacuate Collection Set: 0.4ms
[2024-08-29T23:15:44.487+0800] GC(832)   Merge Heap Roots: 0.1ms
[2024-08-29T23:15:44.487+0800] GC(832)   Evacuate Collection Set: 0.4ms
[2024-08-29T23:15:44.487+0800] GC(832)   Post Evacuate Collection Set: 0.3ms
[2024-08-29T23:15:44.487+0800] GC(832)   Other: 0.2ms
[2024-08-29T23:15:44.487+0800] GC(832) Eden regions: 4->0(910)
[2024-08-29T23:15:44.487+0800] GC(832) Survivor regions: 0->0(117)
[2024-08-29T23:15:44.487+0800] GC(832) Old regions: 1->1
[2024-08-29T23:15:44.487+0800] GC(832) Archive regions: 2->2
[2024-08-29T23:15:44.487+0800] GC(832) Humongous regions: 944->929
[2024-08-29T23:15:44.487+0800] GC(832) Metaspace: 1625K(1792K)->1625K(1792K) NonClass: 1506K(1600K)->1506K(1600K) Class: 119K(192K)->119K(192K)
[2024-08-29T23:15:44.487+0800] GC(832) Pause Young (Concurrent Start) (G1 Humongous Allocation) 948M->930M(2048M) 1.391ms
[2024-08-29T23:15:44.487+0800] GC(832) User=0.00s Sys=0.00s Real=0.00s
[2024-08-29T23:15:44.487+0800] GC(833) Concurrent Mark Cycle
[2024-08-29T23:15:44.487+0800] GC(833) Concurrent Clear Claimed Marks
[2024-08-29T23:15:44.487+0800] GC(833) Concurrent Clear Claimed Marks 0.005ms
[2024-08-29T23:15:44.487+0800] GC(833) Concurrent Scan Root Regions
[2024-08-29T23:15:44.487+0800] GC(833) Concurrent Scan Root Regions 0.004ms
[2024-08-29T23:15:44.487+0800] GC(833) Concurrent Mark
[2024-08-29T23:15:44.487+0800] GC(833) Concurrent Mark From Roots
[2024-08-29T23:15:44.487+0800] GC(833) Using 2 workers of 2 for marking
[2024-08-29T23:15:44.490+0800] GC(833) Concurrent Mark From Roots 2.312ms
[2024-08-29T23:15:44.490+0800] GC(833) Concurrent Preclean
[2024-08-29T23:15:44.490+0800] GC(833) Concurrent Preclean 0.065ms
[2024-08-29T23:15:44.490+0800] GC(833) Pause Remark
[2024-08-29T23:15:44.491+0800] GC(833) Pause Remark 942M->942M(2048M) 0.885ms
[2024-08-29T23:15:44.491+0800] GC(833) User=0.00s Sys=0.00s Real=0.00s
[2024-08-29T23:15:44.491+0800] GC(833) Concurrent Mark 3.397ms
[2024-08-29T23:15:44.491+0800] GC(833) Concurrent Rebuild Remembered Sets
[2024-08-29T23:15:44.491+0800] GC(833) Concurrent Rebuild Remembered Sets 0.005ms
[2024-08-29T23:15:44.491+0800] GC(833) Pause Cleanup
[2024-08-29T23:15:44.491+0800] GC(833) Pause Cleanup 944M->944M(2048M) 0.014ms
[2024-08-29T23:15:44.491+0800] GC(833) User=0.00s Sys=0.00s Real=0.00s
[2024-08-29T23:15:44.491+0800] GC(833) Concurrent Cleanup for Next Mark
[2024-08-29T23:15:44.497+0800] GC(833) Concurrent Cleanup for Next Mark 6.211ms
[2024-08-29T23:15:44.497+0800] GC(833) Concurrent Mark Cycle 10.176ms
[2024-08-29T23:15:44.499+0800] GC(834) Pause Young (Concurrent Start) (G1 Humongous Allocation)
[2024-08-29T23:15:44.499+0800] GC(834) Using 8 workers of 8 for evacuation
[2024-08-29T23:15:44.500+0800] GC(834)   Pre Evacuate Collection Set: 0.2ms
[2024-08-29T23:15:44.500+0800] GC(834)   Merge Heap Roots: 0.1ms
[2024-08-29T23:15:44.500+0800] GC(834)   Evacuate Collection Set: 0.4ms
[2024-08-29T23:15:44.500+0800] GC(834)   Post Evacuate Collection Set: 0.3ms
[2024-08-29T23:15:44.500+0800] GC(834)   Other: 0.1ms
[2024-08-29T23:15:44.500+0800] GC(834) Eden regions: 4->0(903)
[2024-08-29T23:15:44.500+0800] GC(834) Survivor regions: 0->0(114)
[2024-08-29T23:15:44.500+0800] GC(834) Old regions: 1->1
[2024-08-29T23:15:44.500+0800] GC(834) Archive regions: 2->2
[2024-08-29T23:15:44.500+0800] GC(834) Humongous regions: 965->936
[2024-08-29T23:15:44.500+0800] GC(834) Metaspace: 1625K(1792K)->1625K(1792K) NonClass: 1506K(1600K)->1506K(1600K) Class: 119K(192K)->119K(192K)
[2024-08-29T23:15:44.500+0800] GC(834) Pause Young (Concurrent Start) (G1 Humongous Allocation) 970M->937M(2048M) 1.259ms
[2024-08-29T23:15:44.500+0800] GC(834) User=0.00s Sys=0.00s Real=0.00s
[2024-08-29T23:15:44.500+0800] GC(835) Concurrent Mark Cycle
[2024-08-29T23:15:44.500+0800] GC(835) Concurrent Clear Claimed Marks
[2024-08-29T23:15:44.500+0800] GC(835) Concurrent Clear Claimed Marks 0.008ms
[2024-08-29T23:15:44.500+0800] GC(835) Concurrent Scan Root Regions
[2024-08-29T23:15:44.500+0800] GC(835) Concurrent Scan Root Regions 0.005ms
[2024-08-29T23:15:44.500+0800] GC(835) Concurrent Mark
[2024-08-29T23:15:44.500+0800] GC(835) Concurrent Mark From Roots
[2024-08-29T23:15:44.500+0800] GC(835) Using 2 workers of 2 for marking
[2024-08-29T23:15:44.504+0800] GC(835) Concurrent Mark From Roots 3.654ms
[2024-08-29T23:15:44.504+0800] GC(835) Concurrent Preclean
[2024-08-29T23:15:44.504+0800] GC(835) Concurrent Preclean 0.068ms
[2024-08-29T23:15:44.504+0800] GC(835) Pause Remark
[2024-08-29T23:15:44.505+0800] GC(835) Pause Remark 960M->960M(2048M) 1.149ms
[2024-08-29T23:15:44.505+0800] GC(835) User=0.00s Sys=0.00s Real=0.00s
[2024-08-29T23:15:44.506+0800] GC(835) Concurrent Mark 5.066ms
[2024-08-29T23:15:44.506+0800] GC(835) Concurrent Rebuild Remembered Sets
[2024-08-29T23:15:44.506+0800] GC(835) Concurrent Rebuild Remembered Sets 0.005ms
[2024-08-29T23:15:44.507+0800] GC(835) Pause Cleanup
[2024-08-29T23:15:44.507+0800] GC(835) Pause Cleanup 965M->965M(2048M) 0.019ms
[2024-08-29T23:15:44.507+0800] GC(835) User=0.00s Sys=0.00s Real=0.00s
[2024-08-29T23:15:44.507+0800] GC(835) Concurrent Cleanup for Next Mark
[2024-08-29T23:15:44.512+0800] GC(835) Concurrent Cleanup for Next Mark 4.523ms
[2024-08-29T23:15:44.512+0800] GC(835) Concurrent Mark Cycle 11.312ms
[2024-08-29T23:15:44.512+0800] GC(836) Pause Young (Concurrent Start) (G1 Humongous Allocation)
[2024-08-29T23:15:44.512+0800] GC(836) Using 8 workers of 8 for evacuation
[2024-08-29T23:15:44.514+0800] GC(836)   Pre Evacuate Collection Set: 0.2ms
[2024-08-29T23:15:44.514+0800] GC(836)   Merge Heap Roots: 0.1ms
[2024-08-29T23:15:44.514+0800] GC(836)   Evacuate Collection Set: 0.3ms
[2024-08-29T23:15:44.514+0800] GC(836)   Post Evacuate Collection Set: 0.3ms
[2024-08-29T23:15:44.514+0800] GC(836)   Other: 0.2ms
[2024-08-29T23:15:44.514+0800] GC(836) Eden regions: 3->0(906)
[2024-08-29T23:15:44.514+0800] GC(836) Survivor regions: 0->0(113)
[2024-08-29T23:15:44.514+0800] GC(836) Old regions: 1->1
[2024-08-29T23:15:44.514+0800] GC(836) Archive regions: 2->2
[2024-08-29T23:15:44.514+0800] GC(836) Humongous regions: 971->933
[2024-08-29T23:15:44.514+0800] GC(836) Metaspace: 1625K(1792K)->1625K(1792K) NonClass: 1506K(1600K)->1506K(1600K) Class: 119K(192K)->119K(192K)
[2024-08-29T23:15:44.514+0800] GC(836) Pause Young (Concurrent Start) (G1 Humongous Allocation) 975M->934M(2048M) 1.175ms
[2024-08-29T23:15:44.514+0800] GC(836) User=0.00s Sys=0.00s Real=0.01s
[2024-08-29T23:15:44.514+0800] GC(837) Concurrent Mark Cycle
[2024-08-29T23:15:44.514+0800] GC(837) Concurrent Clear Claimed Marks
[2024-08-29T23:15:44.514+0800] GC(837) Concurrent Clear Claimed Marks 0.005ms
[2024-08-29T23:15:44.514+0800] GC(837) Concurrent Scan Root Regions
[2024-08-29T23:15:44.514+0800] GC(837) Concurrent Scan Root Regions 0.004ms
[2024-08-29T23:15:44.514+0800] GC(837) Concurrent Mark
[2024-08-29T23:15:44.514+0800] GC(837) Concurrent Mark From Roots
[2024-08-29T23:15:44.514+0800] GC(837) Using 2 workers of 2 for marking
[2024-08-29T23:15:44.516+0800] GC(837) Concurrent Mark From Roots 2.072ms
[2024-08-29T23:15:44.516+0800] GC(837) Concurrent Preclean
[2024-08-29T23:15:44.516+0800] GC(837) Concurrent Preclean 0.067ms
[2024-08-29T23:15:44.516+0800] GC(837) Pause Remark
[2024-08-29T23:15:44.517+0800] GC(837) Pause Remark 944M->944M(2048M) 1.210ms
[2024-08-29T23:15:44.517+0800] GC(837) User=0.00s Sys=0.00s Real=0.00s
[2024-08-29T23:15:44.517+0800] GC(837) Concurrent Mark 3.723ms
[2024-08-29T23:15:44.517+0800] GC(837) Concurrent Rebuild Remembered Sets
[2024-08-29T23:15:44.517+0800] GC(837) Concurrent Rebuild Remembered Sets 0.005ms
[2024-08-29T23:15:44.517+0800] GC(837) Pause Cleanup
[2024-08-29T23:15:44.518+0800] GC(837) Pause Cleanup 947M->947M(2048M) 0.013ms
[2024-08-29T23:15:44.518+0800] GC(837) User=0.00s Sys=0.00s Real=0.00s
[2024-08-29T23:15:44.518+0800] GC(837) Concurrent Cleanup for Next Mark
[2024-08-29T23:15:44.521+0800] GC(837) Concurrent Cleanup for Next Mark 3.692ms
[2024-08-29T23:15:44.521+0800] GC(837) Concurrent Mark Cycle 7.751ms
[2024-08-29T23:15:44.523+0800] GC(838) Pause Young (Concurrent Start) (G1 Humongous Allocation)
[2024-08-29T23:15:44.523+0800] GC(838) Using 8 workers of 8 for evacuation
[2024-08-29T23:15:44.524+0800] GC(838)   Pre Evacuate Collection Set: 0.2ms
[2024-08-29T23:15:44.524+0800] GC(838)   Merge Heap Roots: 0.1ms
[2024-08-29T23:15:44.524+0800] GC(838)   Evacuate Collection Set: 0.3ms
[2024-08-29T23:15:44.524+0800] GC(838)   Post Evacuate Collection Set: 0.3ms
[2024-08-29T23:15:44.524+0800] GC(838)   Other: 0.1ms
[2024-08-29T23:15:44.524+0800] GC(838) Eden regions: 3->0(892)
[2024-08-29T23:15:44.524+0800] GC(838) Survivor regions: 0->0(114)
[2024-08-29T23:15:44.524+0800] GC(838) Old regions: 1->1
[2024-08-29T23:15:44.524+0800] GC(838) Archive regions: 2->2
[2024-08-29T23:15:44.524+0800] GC(838) Humongous regions: 957->947
[2024-08-29T23:15:44.524+0800] GC(838) Metaspace: 1625K(1792K)->1625K(1792K) NonClass: 1506K(1600K)->1506K(1600K) Class: 119K(192K)->119K(192K)
[2024-08-29T23:15:44.524+0800] GC(838) Pause Young (Concurrent Start) (G1 Humongous Allocation) 961M->948M(2048M) 1.106ms
[2024-08-29T23:15:44.524+0800] GC(838) User=0.00s Sys=0.00s Real=0.00s
[2024-08-29T23:15:44.524+0800] GC(839) Concurrent Mark Cycle
[2024-08-29T23:15:44.524+0800] GC(839) Concurrent Clear Claimed Marks
[2024-08-29T23:15:44.524+0800] GC(839) Concurrent Clear Claimed Marks 0.007ms
[2024-08-29T23:15:44.524+0800] GC(839) Concurrent Scan Root Regions
[2024-08-29T23:15:44.524+0800] GC(839) Concurrent Scan Root Regions 0.004ms
[2024-08-29T23:15:44.524+0800] GC(839) Concurrent Mark
[2024-08-29T23:15:44.524+0800] GC(839) Concurrent Mark From Roots
[2024-08-29T23:15:44.524+0800] GC(839) Using 2 workers of 2 for marking
[2024-08-29T23:15:44.527+0800] GC(839) Concurrent Mark From Roots 3.108ms
[2024-08-29T23:15:44.527+0800] GC(839) Concurrent Preclean
[2024-08-29T23:15:44.527+0800] GC(839) Concurrent Preclean 0.085ms
[2024-08-29T23:15:44.528+0800] GC(839) Pause Remark
[2024-08-29T23:15:44.529+0800] GC(839) Pause Remark 970M->970M(2048M) 1.113ms
[2024-08-29T23:15:44.529+0800] GC(839) User=0.00s Sys=0.01s Real=0.00s
[2024-08-29T23:15:44.529+0800] GC(839) Concurrent Mark 4.963ms
[2024-08-29T23:15:44.529+0800] GC(839) Concurrent Rebuild Remembered Sets
[2024-08-29T23:15:44.529+0800] GC(839) Concurrent Rebuild Remembered Sets 0.005ms
[2024-08-29T23:15:44.533+0800] GC(839) Pause Cleanup
[2024-08-29T23:15:44.533+0800] GC(839) Pause Cleanup 977M->977M(2048M) 0.021ms
[2024-08-29T23:15:44.533+0800] GC(839) User=0.00s Sys=0.00s Real=0.00s
[2024-08-29T23:15:44.533+0800] GC(839) Concurrent Cleanup for Next Mark
[2024-08-29T23:15:44.538+0800] GC(839) Concurrent Cleanup for Next Mark 5.200ms
[2024-08-29T23:15:44.539+0800] GC(839) Concurrent Mark Cycle 14.346ms
[2024-08-29T23:15:44.541+0800] GC(840) Pause Young (Concurrent Start) (G1 Humongous Allocation)
[2024-08-29T23:15:44.541+0800] GC(840) Using 8 workers of 8 for evacuation
[2024-08-29T23:15:44.542+0800] GC(840)   Pre Evacuate Collection Set: 0.3ms
[2024-08-29T23:15:44.542+0800] GC(840)   Merge Heap Roots: 0.1ms
[2024-08-29T23:15:44.542+0800] GC(840)   Evacuate Collection Set: 0.3ms
[2024-08-29T23:15:44.542+0800] GC(840)   Post Evacuate Collection Set: 0.3ms
[2024-08-29T23:15:44.542+0800] GC(840)   Other: 0.1ms
[2024-08-29T23:15:44.542+0800] GC(840) Eden regions: 3->0(849)
[2024-08-29T23:15:44.542+0800] GC(840) Survivor regions: 0->0(112)
[2024-08-29T23:15:44.542+0800] GC(840) Old regions: 1->1
[2024-08-29T23:15:44.542+0800] GC(840) Archive regions: 2->2
[2024-08-29T23:15:44.542+0800] GC(840) Humongous regions: 998->990
[2024-08-29T23:15:44.542+0800] GC(840) Metaspace: 1625K(1792K)->1625K(1792K) NonClass: 1506K(1600K)->1506K(1600K) Class: 119K(192K)->119K(192K)
[2024-08-29T23:15:44.542+0800] GC(840) Pause Young (Concurrent Start) (G1 Humongous Allocation) 1002M->991M(2048M) 1.172ms
[2024-08-29T23:15:44.542+0800] GC(840) User=0.00s Sys=0.00s Real=0.00s
[2024-08-29T23:15:44.542+0800] GC(841) Concurrent Mark Cycle
[2024-08-29T23:15:44.542+0800] GC(841) Concurrent Clear Claimed Marks
[2024-08-29T23:15:44.542+0800] GC(841) Concurrent Clear Claimed Marks 0.006ms
[2024-08-29T23:15:44.542+0800] GC(841) Concurrent Scan Root Regions
[2024-08-29T23:15:44.542+0800] GC(841) Concurrent Scan Root Regions 0.005ms
[2024-08-29T23:15:44.542+0800] GC(841) Concurrent Mark
[2024-08-29T23:15:44.542+0800] GC(841) Concurrent Mark From Roots
[2024-08-29T23:15:44.542+0800] GC(841) Using 2 workers of 2 for marking
[2024-08-29T23:15:44.547+0800] GC(841) Concurrent Mark From Roots 4.845ms
[2024-08-29T23:15:44.547+0800] GC(841) Concurrent Preclean
[2024-08-29T23:15:44.547+0800] GC(841) Concurrent Preclean 0.070ms
[2024-08-29T23:15:44.547+0800] GC(841) Pause Remark
[2024-08-29T23:15:44.548+0800] GC(841) Pause Remark 1010M->1010M(2048M) 1.024ms
[2024-08-29T23:15:44.548+0800] GC(841) User=0.00s Sys=0.00s Real=0.00s
[2024-08-29T23:15:44.548+0800] GC(841) Concurrent Mark 6.175ms
[2024-08-29T23:15:44.548+0800] GC(841) Concurrent Rebuild Remembered Sets
[2024-08-29T23:15:44.548+0800] GC(841) Concurrent Rebuild Remembered Sets 0.005ms
[2024-08-29T23:15:44.549+0800] GC(841) Pause Cleanup
[2024-08-29T23:15:44.549+0800] GC(841) Pause Cleanup 1010M->1010M(2048M) 0.012ms
[2024-08-29T23:15:44.549+0800] GC(841) User=0.00s Sys=0.00s Real=0.00s
[2024-08-29T23:15:44.549+0800] GC(841) Concurrent Cleanup for Next Mark
[2024-08-29T23:15:44.552+0800] GC(841) Concurrent Cleanup for Next Mark 3.616ms
[2024-08-29T23:15:44.552+0800] GC(841) Concurrent Mark Cycle 10.147ms
[2024-08-29T23:15:44.554+0800] GC(842) Pause Young (Concurrent Start) (G1 Humongous Allocation)
[2024-08-29T23:15:44.554+0800] GC(842) Using 8 workers of 8 for evacuation
[2024-08-29T23:15:44.555+0800] GC(842)   Pre Evacuate Collection Set: 0.2ms
[2024-08-29T23:15:44.555+0800] GC(842)   Merge Heap Roots: 0.1ms
[2024-08-29T23:15:44.555+0800] GC(842)   Evacuate Collection Set: 0.3ms
[2024-08-29T23:15:44.555+0800] GC(842)   Post Evacuate Collection Set: 0.2ms
[2024-08-29T23:15:44.555+0800] GC(842)   Other: 0.2ms
[2024-08-29T23:15:44.555+0800] GC(842) Eden regions: 4->0(833)
[2024-08-29T23:15:44.555+0800] GC(842) Survivor regions: 0->0(107)
[2024-08-29T23:15:44.555+0800] GC(842) Old regions: 1->1
[2024-08-29T23:15:44.555+0800] GC(842) Archive regions: 2->2
[2024-08-29T23:15:44.555+0800] GC(842) Humongous regions: 1018->1006
[2024-08-29T23:15:44.555+0800] GC(842) Metaspace: 1625K(1792K)->1625K(1792K) NonClass: 1506K(1600K)->1506K(1600K) Class: 119K(192K)->119K(192K)
[2024-08-29T23:15:44.555+0800] GC(842) Pause Young (Concurrent Start) (G1 Humongous Allocation) 1022M->1007M(2048M) 1.043ms
[2024-08-29T23:15:44.555+0800] GC(842) User=0.00s Sys=0.00s Real=0.00s
[2024-08-29T23:15:44.555+0800] GC(843) Concurrent Mark Cycle
[2024-08-29T23:15:44.555+0800] GC(843) Concurrent Clear Claimed Marks
[2024-08-29T23:15:44.555+0800] GC(843) Concurrent Clear Claimed Marks 0.006ms
[2024-08-29T23:15:44.555+0800] GC(843) Concurrent Scan Root Regions
[2024-08-29T23:15:44.555+0800] GC(843) Concurrent Scan Root Regions 0.004ms
[2024-08-29T23:15:44.555+0800] GC(843) Concurrent Mark
[2024-08-29T23:15:44.555+0800] GC(843) Concurrent Mark From Roots
[2024-08-29T23:15:44.555+0800] GC(843) Using 2 workers of 2 for marking
[2024-08-29T23:15:44.557+0800] GC(843) Concurrent Mark From Roots 2.243ms
[2024-08-29T23:15:44.557+0800] GC(843) Concurrent Preclean
[2024-08-29T23:15:44.557+0800] GC(843) Concurrent Preclean 0.066ms
[2024-08-29T23:15:44.558+0800] GC(843) Pause Remark
[2024-08-29T23:15:44.559+0800] GC(843) Pause Remark 1019M->1019M(2048M) 0.974ms
[2024-08-29T23:15:44.559+0800] GC(843) User=0.01s Sys=0.01s Real=0.00s
[2024-08-29T23:15:44.559+0800] GC(843) Concurrent Mark 3.423ms
[2024-08-29T23:15:44.559+0800] GC(843) Concurrent Rebuild Remembered Sets
[2024-08-29T23:15:44.559+0800] GC(843) Concurrent Rebuild Remembered Sets 0.005ms
[2024-08-29T23:15:44.562+0800] GC(843) Pause Cleanup
[2024-08-29T23:15:44.562+0800] GC(843) Pause Cleanup 1024M->1024M(2048M) 0.051ms
[2024-08-29T23:15:44.562+0800] GC(843) User=0.00s Sys=0.00s Real=0.00s
[2024-08-29T23:15:44.562+0800] GC(843) Concurrent Cleanup for Next Mark
[2024-08-29T23:15:44.567+0800] GC(843) Concurrent Cleanup for Next Mark 4.802ms
[2024-08-29T23:15:44.567+0800] GC(843) Concurrent Mark Cycle 11.995ms
[2024-08-29T23:15:44.571+0800] GC(844) Pause Young (Concurrent Start) (G1 Humongous Allocation)
[2024-08-29T23:15:44.571+0800] GC(844) Using 8 workers of 8 for evacuation
[2024-08-29T23:15:44.572+0800] GC(844)   Pre Evacuate Collection Set: 0.3ms
[2024-08-29T23:15:44.572+0800] GC(844)   Merge Heap Roots: 0.1ms
[2024-08-29T23:15:44.572+0800] GC(844)   Evacuate Collection Set: 0.4ms
[2024-08-29T23:15:44.572+0800] GC(844)   Post Evacuate Collection Set: 0.4ms
[2024-08-29T23:15:44.572+0800] GC(844)   Other: 0.2ms
[2024-08-29T23:15:44.573+0800] GC(844) Eden regions: 4->0(827)
[2024-08-29T23:15:44.573+0800] GC(844) Survivor regions: 0->0(105)
[2024-08-29T23:15:44.573+0800] GC(844) Old regions: 1->1
[2024-08-29T23:15:44.573+0800] GC(844) Archive regions: 2->2
[2024-08-29T23:15:44.573+0800] GC(844) Humongous regions: 1038->1012
[2024-08-29T23:15:44.573+0800] GC(844) Metaspace: 1625K(1792K)->1625K(1792K) NonClass: 1506K(1600K)->1506K(1600K) Class: 119K(192K)->119K(192K)
[2024-08-29T23:15:44.573+0800] GC(844) Pause Young (Concurrent Start) (G1 Humongous Allocation) 1043M->1013M(2048M) 1.466ms
[2024-08-29T23:15:44.573+0800] GC(844) User=0.00s Sys=0.00s Real=0.01s
[2024-08-29T23:15:44.573+0800] GC(845) Concurrent Mark Cycle
[2024-08-29T23:15:44.573+0800] GC(845) Concurrent Clear Claimed Marks
[2024-08-29T23:15:44.573+0800] GC(845) Concurrent Clear Claimed Marks 0.006ms
[2024-08-29T23:15:44.573+0800] GC(845) Concurrent Scan Root Regions
[2024-08-29T23:15:44.573+0800] GC(845) Concurrent Scan Root Regions 0.004ms
[2024-08-29T23:15:44.573+0800] GC(845) Concurrent Mark
[2024-08-29T23:15:44.573+0800] GC(845) Concurrent Mark From Roots
[2024-08-29T23:15:44.573+0800] GC(845) Using 2 workers of 2 for marking
[2024-08-29T23:15:44.575+0800] GC(845) Concurrent Mark From Roots 2.623ms
[2024-08-29T23:15:44.575+0800] GC(845) Concurrent Preclean
[2024-08-29T23:15:44.575+0800] GC(845) Concurrent Preclean 0.089ms
[2024-08-29T23:15:44.576+0800] GC(845) Pause Remark
[2024-08-29T23:15:44.577+0800] GC(845) Pause Remark 1030M->1030M(2048M) 1.028ms
[2024-08-29T23:15:44.577+0800] GC(845) User=0.00s Sys=0.00s Real=0.00s
[2024-08-29T23:15:44.577+0800] GC(845) Concurrent Mark 4.450ms
[2024-08-29T23:15:44.577+0800] GC(845) Concurrent Rebuild Remembered Sets
[2024-08-29T23:15:44.577+0800] GC(845) Concurrent Rebuild Remembered Sets 0.004ms
[2024-08-29T23:15:44.577+0800] GC(845) Pause Cleanup
[2024-08-29T23:15:44.577+0800] GC(845) Pause Cleanup 1030M->1030M(2048M) 0.006ms
[2024-08-29T23:15:44.577+0800] GC(845) User=0.00s Sys=0.00s Real=0.00s
[2024-08-29T23:15:44.577+0800] GC(845) Concurrent Cleanup for Next Mark
[2024-08-29T23:15:44.583+0800] GC(845) Concurrent Cleanup for Next Mark 5.167ms
[2024-08-29T23:15:44.583+0800] GC(845) Concurrent Mark Cycle 10.102ms
[2024-08-29T23:15:44.583+0800] GC(846) Pause Young (Concurrent Start) (G1 Humongous Allocation)
[2024-08-29T23:15:44.583+0800] GC(846) Using 8 workers of 8 for evacuation
[2024-08-29T23:15:44.584+0800] GC(846)   Pre Evacuate Collection Set: 0.2ms
[2024-08-29T23:15:44.584+0800] GC(846)   Merge Heap Roots: 0.1ms
[2024-08-29T23:15:44.584+0800] GC(846)   Evacuate Collection Set: 0.4ms
[2024-08-29T23:15:44.584+0800] GC(846)   Post Evacuate Collection Set: 0.3ms
[2024-08-29T23:15:44.584+0800] GC(846)   Other: 0.2ms
[2024-08-29T23:15:44.584+0800] GC(846) Eden regions: 4->0(816)
[2024-08-29T23:15:44.584+0800] GC(846) Survivor regions: 0->0(104)
[2024-08-29T23:15:44.584+0800] GC(846) Old regions: 1->1
[2024-08-29T23:15:44.584+0800] GC(846) Archive regions: 2->2
[2024-08-29T23:15:44.584+0800] GC(846) Humongous regions: 1044->1023
[2024-08-29T23:15:44.584+0800] GC(846) Metaspace: 1625K(1792K)->1625K(1792K) NonClass: 1506K(1600K)->1506K(1600K) Class: 119K(192K)->119K(192K)
[2024-08-29T23:15:44.584+0800] GC(846) Pause Young (Concurrent Start) (G1 Humongous Allocation) 1048M->1024M(2048M) 1.194ms
[2024-08-29T23:15:44.584+0800] GC(846) User=0.01s Sys=0.00s Real=0.00s
[2024-08-29T23:15:44.584+0800] GC(847) Concurrent Mark Cycle
[2024-08-29T23:15:44.584+0800] GC(847) Concurrent Clear Claimed Marks
[2024-08-29T23:15:44.584+0800] GC(847) Concurrent Clear Claimed Marks 0.005ms
[2024-08-29T23:15:44.584+0800] GC(847) Concurrent Scan Root Regions
[2024-08-29T23:15:44.584+0800] GC(847) Concurrent Scan Root Regions 0.004ms
[2024-08-29T23:15:44.584+0800] GC(847) Concurrent Mark
[2024-08-29T23:15:44.584+0800] GC(847) Concurrent Mark From Roots
[2024-08-29T23:15:44.584+0800] GC(847) Using 2 workers of 2 for marking
[2024-08-29T23:15:44.587+0800] GC(847) Concurrent Mark From Roots 2.382ms
[2024-08-29T23:15:44.587+0800] GC(847) Concurrent Preclean
[2024-08-29T23:15:44.587+0800] GC(847) Concurrent Preclean 0.084ms
[2024-08-29T23:15:44.587+0800] GC(847) Pause Remark
[2024-08-29T23:15:44.588+0800] GC(847) Pause Remark 1040M->1040M(2048M) 0.872ms
[2024-08-29T23:15:44.588+0800] GC(847) User=0.00s Sys=0.00s Real=0.00s
[2024-08-29T23:15:44.588+0800] GC(847) Concurrent Mark 3.680ms
[2024-08-29T23:15:44.588+0800] GC(847) Concurrent Rebuild Remembered Sets
[2024-08-29T23:15:44.588+0800] GC(847) Concurrent Rebuild Remembered Sets 0.004ms
[2024-08-29T23:15:44.589+0800] GC(847) Pause Cleanup
[2024-08-29T23:15:44.589+0800] GC(847) Pause Cleanup 1043M->1043M(2048M) 0.021ms
[2024-08-29T23:15:44.589+0800] GC(847) User=0.00s Sys=0.00s Real=0.00s
[2024-08-29T23:15:44.589+0800] GC(847) Concurrent Cleanup for Next Mark
[2024-08-29T23:15:44.595+0800] GC(847) Concurrent Cleanup for Next Mark 5.710ms
[2024-08-29T23:15:44.595+0800] GC(847) Concurrent Mark Cycle 10.716ms
[2024-08-29T23:15:44.598+0800] GC(848) Pause Young (Concurrent Start) (G1 Humongous Allocation)
[2024-08-29T23:15:44.598+0800] GC(848) Using 8 workers of 8 for evacuation
[2024-08-29T23:15:44.599+0800] GC(848)   Pre Evacuate Collection Set: 0.2ms
[2024-08-29T23:15:44.599+0800] GC(848)   Merge Heap Roots: 0.1ms
[2024-08-29T23:15:44.599+0800] GC(848)   Evacuate Collection Set: 0.3ms
[2024-08-29T23:15:44.599+0800] GC(848)   Post Evacuate Collection Set: 0.2ms
[2024-08-29T23:15:44.599+0800] GC(848)   Other: 0.1ms
[2024-08-29T23:15:44.599+0800] GC(848) Eden regions: 4->0(788)
[2024-08-29T23:15:44.599+0800] GC(848) Survivor regions: 0->0(102)
[2024-08-29T23:15:44.599+0800] GC(848) Old regions: 1->1
[2024-08-29T23:15:44.599+0800] GC(848) Archive regions: 2->2
[2024-08-29T23:15:44.599+0800] GC(848) Humongous regions: 1071->1051
[2024-08-29T23:15:44.599+0800] GC(848) Metaspace: 1625K(1792K)->1625K(1792K) NonClass: 1506K(1600K)->1506K(1600K) Class: 119K(192K)->119K(192K)
[2024-08-29T23:15:44.599+0800] GC(848) Pause Young (Concurrent Start) (G1 Humongous Allocation) 1076M->1052M(2048M) 1.028ms
[2024-08-29T23:15:44.599+0800] GC(848) User=0.00s Sys=0.00s Real=0.00s
[2024-08-29T23:15:44.599+0800] GC(849) Concurrent Mark Cycle
[2024-08-29T23:15:44.599+0800] GC(849) Concurrent Clear Claimed Marks
[2024-08-29T23:15:44.599+0800] GC(849) Concurrent Clear Claimed Marks 0.005ms
[2024-08-29T23:15:44.599+0800] GC(849) Concurrent Scan Root Regions
[2024-08-29T23:15:44.599+0800] GC(849) Concurrent Scan Root Regions 0.004ms
[2024-08-29T23:15:44.599+0800] GC(849) Concurrent Mark
[2024-08-29T23:15:44.599+0800] GC(849) Concurrent Mark From Roots
[2024-08-29T23:15:44.599+0800] GC(849) Using 2 workers of 2 for marking
[2024-08-29T23:15:44.602+0800] GC(849) Concurrent Mark From Roots 2.580ms
[2024-08-29T23:15:44.602+0800] GC(849) Concurrent Preclean
[2024-08-29T23:15:44.602+0800] GC(849) Concurrent Preclean 0.085ms
[2024-08-29T23:15:44.602+0800] GC(849) Pause Remark
[2024-08-29T23:15:44.603+0800] GC(849) Pause Remark 1070M->1070M(2048M) 0.761ms
[2024-08-29T23:15:44.603+0800] GC(849) User=0.00s Sys=0.00s Real=0.01s
[2024-08-29T23:15:44.603+0800] GC(849) Concurrent Mark 3.563ms
[2024-08-29T23:15:44.603+0800] GC(849) Concurrent Rebuild Remembered Sets
[2024-08-29T23:15:44.603+0800] GC(849) Concurrent Rebuild Remembered Sets 0.005ms
[2024-08-29T23:15:44.604+0800] GC(849) Pause Cleanup
[2024-08-29T23:15:44.604+0800] GC(849) Pause Cleanup 1074M->1074M(2048M) 0.018ms
[2024-08-29T23:15:44.604+0800] GC(849) User=0.00s Sys=0.00s Real=0.00s
[2024-08-29T23:15:44.604+0800] GC(849) Concurrent Cleanup for Next Mark
[2024-08-29T23:15:44.608+0800] GC(849) Concurrent Cleanup for Next Mark 4.008ms
[2024-08-29T23:15:44.608+0800] GC(849) Concurrent Mark Cycle 9.005ms
[2024-08-29T23:15:44.609+0800] GC(850) Pause Young (Concurrent Start) (G1 Humongous Allocation)
[2024-08-29T23:15:44.609+0800] GC(850) Using 8 workers of 8 for evacuation
[2024-08-29T23:15:44.610+0800] GC(850)   Pre Evacuate Collection Set: 0.2ms
[2024-08-29T23:15:44.610+0800] GC(850)   Merge Heap Roots: 0.1ms
[2024-08-29T23:15:44.610+0800] GC(850)   Evacuate Collection Set: 0.3ms
[2024-08-29T23:15:44.610+0800] GC(850)   Post Evacuate Collection Set: 0.3ms
[2024-08-29T23:15:44.610+0800] GC(850)   Other: 0.1ms
[2024-08-29T23:15:44.610+0800] GC(850) Eden regions: 4->0(776)
[2024-08-29T23:15:44.610+0800] GC(850) Survivor regions: 0->0(99)
[2024-08-29T23:15:44.610+0800] GC(850) Old regions: 1->1
[2024-08-29T23:15:44.610+0800] GC(850) Archive regions: 2->2
[2024-08-29T23:15:44.610+0800] GC(850) Humongous regions: 1080->1063
[2024-08-29T23:15:44.610+0800] GC(850) Metaspace: 1625K(1792K)->1625K(1792K) NonClass: 1506K(1600K)->1506K(1600K) Class: 119K(192K)->119K(192K)
[2024-08-29T23:15:44.610+0800] GC(850) Pause Young (Concurrent Start) (G1 Humongous Allocation) 1084M->1064M(2048M) 1.110ms
[2024-08-29T23:15:44.610+0800] GC(850) User=0.00s Sys=0.00s Real=0.00s
[2024-08-29T23:15:44.610+0800] GC(851) Concurrent Mark Cycle
[2024-08-29T23:15:44.610+0800] GC(851) Concurrent Clear Claimed Marks
[2024-08-29T23:15:44.610+0800] GC(851) Concurrent Clear Claimed Marks 0.005ms
[2024-08-29T23:15:44.610+0800] GC(851) Concurrent Scan Root Regions
[2024-08-29T23:15:44.610+0800] GC(851) Concurrent Scan Root Regions 0.004ms
[2024-08-29T23:15:44.610+0800] GC(851) Concurrent Mark
[2024-08-29T23:15:44.610+0800] GC(851) Concurrent Mark From Roots
[2024-08-29T23:15:44.610+0800] GC(851) Using 2 workers of 2 for marking
[2024-08-29T23:15:44.613+0800] GC(851) Concurrent Mark From Roots 2.475ms
[2024-08-29T23:15:44.613+0800] GC(851) Concurrent Preclean
[2024-08-29T23:15:44.613+0800] GC(851) Concurrent Preclean 0.071ms
[2024-08-29T23:15:44.616+0800] GC(851) Pause Remark
[2024-08-29T23:15:44.617+0800] GC(851) Pause Remark 1082M->1082M(2048M) 1.275ms
[2024-08-29T23:15:44.617+0800] GC(851) User=0.00s Sys=0.01s Real=0.00s
[2024-08-29T23:15:44.618+0800] GC(851) Concurrent Mark 7.219ms
[2024-08-29T23:15:44.618+0800] GC(851) Concurrent Rebuild Remembered Sets
[2024-08-29T23:15:44.618+0800] GC(851) Concurrent Rebuild Remembered Sets 0.005ms
[2024-08-29T23:15:44.618+0800] GC(851) Pause Cleanup
[2024-08-29T23:15:44.618+0800] GC(851) Pause Cleanup 1087M->1087M(2048M) 0.016ms
[2024-08-29T23:15:44.618+0800] GC(851) User=0.00s Sys=0.00s Real=0.00s
[2024-08-29T23:15:44.618+0800] GC(851) Concurrent Cleanup for Next Mark
[2024-08-29T23:15:44.622+0800] GC(851) Concurrent Cleanup for Next Mark 3.499ms
[2024-08-29T23:15:44.622+0800] GC(851) Concurrent Mark Cycle 11.383ms
[2024-08-29T23:15:44.623+0800] GC(852) Pause Young (Concurrent Start) (G1 Humongous Allocation)
[2024-08-29T23:15:44.623+0800] GC(852) Using 8 workers of 8 for evacuation
[2024-08-29T23:15:44.624+0800] GC(852)   Pre Evacuate Collection Set: 0.2ms
[2024-08-29T23:15:44.624+0800] GC(852)   Merge Heap Roots: 0.1ms
[2024-08-29T23:15:44.624+0800] GC(852)   Evacuate Collection Set: 0.3ms
[2024-08-29T23:15:44.624+0800] GC(852)   Post Evacuate Collection Set: 0.3ms
[2024-08-29T23:15:44.624+0800] GC(852)   Other: 0.1ms
[2024-08-29T23:15:44.624+0800] GC(852) Eden regions: 4->0(793)
[2024-08-29T23:15:44.624+0800] GC(852) Survivor regions: 0->0(97)
[2024-08-29T23:15:44.624+0800] GC(852) Old regions: 1->1
[2024-08-29T23:15:44.624+0800] GC(852) Archive regions: 2->2
[2024-08-29T23:15:44.624+0800] GC(852) Humongous regions: 1087->1046
[2024-08-29T23:15:44.624+0800] GC(852) Metaspace: 1625K(1792K)->1625K(1792K) NonClass: 1506K(1600K)->1506K(1600K) Class: 119K(192K)->119K(192K)
[2024-08-29T23:15:44.624+0800] GC(852) Pause Young (Concurrent Start) (G1 Humongous Allocation) 1091M->1047M(2048M) 1.107ms
[2024-08-29T23:15:44.624+0800] GC(852) User=0.01s Sys=0.00s Real=0.00s
[2024-08-29T23:15:44.624+0800] GC(853) Concurrent Mark Cycle
[2024-08-29T23:15:44.624+0800] GC(853) Concurrent Clear Claimed Marks
[2024-08-29T23:15:44.624+0800] GC(853) Concurrent Clear Claimed Marks 0.006ms
[2024-08-29T23:15:44.624+0800] GC(853) Concurrent Scan Root Regions
[2024-08-29T23:15:44.624+0800] GC(853) Concurrent Scan Root Regions 0.005ms
[2024-08-29T23:15:44.624+0800] GC(853) Concurrent Mark
[2024-08-29T23:15:44.624+0800] GC(853) Concurrent Mark From Roots
[2024-08-29T23:15:44.624+0800] GC(853) Using 2 workers of 2 for marking
[2024-08-29T23:15:44.627+0800] GC(853) Concurrent Mark From Roots 2.222ms
[2024-08-29T23:15:44.627+0800] GC(853) Concurrent Preclean
[2024-08-29T23:15:44.627+0800] GC(853) Concurrent Preclean 0.071ms
[2024-08-29T23:15:44.627+0800] GC(853) Pause Remark
[2024-08-29T23:15:44.628+0800] GC(853) Pause Remark 1050M->1050M(2048M) 0.969ms
[2024-08-29T23:15:44.628+0800] GC(853) User=0.00s Sys=0.00s Real=0.00s
[2024-08-29T23:15:44.628+0800] GC(853) Concurrent Mark 3.361ms
[2024-08-29T23:15:44.628+0800] GC(853) Concurrent Rebuild Remembered Sets
[2024-08-29T23:15:44.628+0800] GC(853) Concurrent Rebuild Remembered Sets 0.004ms
[2024-08-29T23:15:44.628+0800] GC(853) Pause Cleanup
[2024-08-29T23:15:44.628+0800] GC(853) Pause Cleanup 1051M->1051M(2048M) 0.006ms
[2024-08-29T23:15:44.628+0800] GC(853) User=0.00s Sys=0.00s Real=0.00s
[2024-08-29T23:15:44.628+0800] GC(853) Concurrent Cleanup for Next Mark
[2024-08-29T23:15:44.631+0800] GC(853) Concurrent Cleanup for Next Mark 3.717ms
[2024-08-29T23:15:44.632+0800] GC(853) Concurrent Mark Cycle 7.236ms
[2024-08-29T23:15:44.632+0800] GC(854) Pause Young (Concurrent Start) (G1 Humongous Allocation)
[2024-08-29T23:15:44.632+0800] GC(854) Using 8 workers of 8 for evacuation
[2024-08-29T23:15:44.634+0800] GC(854)   Pre Evacuate Collection Set: 0.3ms
[2024-08-29T23:15:44.634+0800] GC(854)   Merge Heap Roots: 0.3ms
[2024-08-29T23:15:44.634+0800] GC(854)   Evacuate Collection Set: 0.4ms
[2024-08-29T23:15:44.634+0800] GC(854)   Post Evacuate Collection Set: 0.3ms
[2024-08-29T23:15:44.634+0800] GC(854)   Other: 0.2ms
[2024-08-29T23:15:44.634+0800] GC(854) Eden regions: 3->0(816)
[2024-08-29T23:15:44.634+0800] GC(854) Survivor regions: 0->0(100)
[2024-08-29T23:15:44.634+0800] GC(854) Old regions: 1->1
[2024-08-29T23:15:44.634+0800] GC(854) Archive regions: 2->2
[2024-08-29T23:15:44.634+0800] GC(854) Humongous regions: 1048->1023
[2024-08-29T23:15:44.634+0800] GC(854) Metaspace: 1625K(1792K)->1625K(1792K) NonClass: 1506K(1600K)->1506K(1600K) Class: 119K(192K)->119K(192K)
[2024-08-29T23:15:44.634+0800] GC(854) Pause Young (Concurrent Start) (G1 Humongous Allocation) 1052M->1024M(2048M) 1.499ms
[2024-08-29T23:15:44.634+0800] GC(854) User=0.00s Sys=0.00s Real=0.01s
[2024-08-29T23:15:44.634+0800] GC(855) Concurrent Mark Cycle
[2024-08-29T23:15:44.634+0800] GC(855) Concurrent Clear Claimed Marks
[2024-08-29T23:15:44.634+0800] GC(855) Concurrent Clear Claimed Marks 0.006ms
[2024-08-29T23:15:44.634+0800] GC(855) Concurrent Scan Root Regions
[2024-08-29T23:15:44.634+0800] GC(855) Concurrent Scan Root Regions 0.004ms
[2024-08-29T23:15:44.634+0800] GC(855) Concurrent Mark
[2024-08-29T23:15:44.634+0800] GC(855) Concurrent Mark From Roots
[2024-08-29T23:15:44.634+0800] GC(855) Using 2 workers of 2 for marking
[2024-08-29T23:15:44.636+0800] GC(855) Concurrent Mark From Roots 2.731ms
[2024-08-29T23:15:44.636+0800] GC(855) Concurrent Preclean
[2024-08-29T23:15:44.637+0800] GC(855) Concurrent Preclean 0.074ms
[2024-08-29T23:15:44.637+0800] GC(855) Pause Remark
[2024-08-29T23:15:44.638+0800] GC(855) Pause Remark 1038M->1038M(2048M) 1.049ms
[2024-08-29T23:15:44.638+0800] GC(855) User=0.00s Sys=0.01s Real=0.00s
[2024-08-29T23:15:44.638+0800] GC(855) Concurrent Mark 3.945ms
[2024-08-29T23:15:44.638+0800] GC(855) Concurrent Rebuild Remembered Sets
[2024-08-29T23:15:44.638+0800] GC(855) Concurrent Rebuild Remembered Sets 0.004ms
[2024-08-29T23:15:44.638+0800] GC(855) Pause Cleanup
[2024-08-29T23:15:44.638+0800] GC(855) Pause Cleanup 1038M->1038M(2048M) 0.006ms
[2024-08-29T23:15:44.638+0800] GC(855) User=0.00s Sys=0.00s Real=0.00s
[2024-08-29T23:15:44.638+0800] GC(855) Concurrent Cleanup for Next Mark
[2024-08-29T23:15:44.641+0800] GC(855) Concurrent Cleanup for Next Mark 3.404ms
[2024-08-29T23:15:44.641+0800] GC(855) Concurrent Mark Cycle 7.473ms
[2024-08-29T23:15:44.644+0800] GC(856) Pause Young (Concurrent Start) (G1 Humongous Allocation)
[2024-08-29T23:15:44.644+0800] GC(856) Using 8 workers of 8 for evacuation
[2024-08-29T23:15:44.645+0800] GC(856)   Pre Evacuate Collection Set: 0.2ms
[2024-08-29T23:15:44.645+0800] GC(856)   Merge Heap Roots: 0.1ms
[2024-08-29T23:15:44.645+0800] GC(856)   Evacuate Collection Set: 0.4ms
[2024-08-29T23:15:44.645+0800] GC(856)   Post Evacuate Collection Set: 0.4ms
[2024-08-29T23:15:44.645+0800] GC(856)   Other: 0.2ms
[2024-08-29T23:15:44.645+0800] GC(856) Eden regions: 3->0(823)
[2024-08-29T23:15:44.645+0800] GC(856) Survivor regions: 0->0(102)
[2024-08-29T23:15:44.645+0800] GC(856) Old regions: 1->1
[2024-08-29T23:15:44.645+0800] GC(856) Archive regions: 2->2
[2024-08-29T23:15:44.645+0800] GC(856) Humongous regions: 1040->1016
[2024-08-29T23:15:44.645+0800] GC(856) Metaspace: 1625K(1792K)->1625K(1792K) NonClass: 1506K(1600K)->1506K(1600K) Class: 119K(192K)->119K(192K)
[2024-08-29T23:15:44.645+0800] GC(856) Pause Young (Concurrent Start) (G1 Humongous Allocation) 1044M->1017M(2048M) 1.311ms
[2024-08-29T23:15:44.645+0800] GC(856) User=0.00s Sys=0.00s Real=0.00s
[2024-08-29T23:15:44.646+0800] GC(857) Concurrent Mark Cycle
[2024-08-29T23:15:44.646+0800] GC(857) Concurrent Clear Claimed Marks
[2024-08-29T23:15:44.646+0800] GC(857) Concurrent Clear Claimed Marks 0.024ms
[2024-08-29T23:15:44.646+0800] GC(857) Concurrent Scan Root Regions
[2024-08-29T23:15:44.646+0800] GC(857) Concurrent Scan Root Regions 0.004ms
[2024-08-29T23:15:44.646+0800] GC(857) Concurrent Mark
[2024-08-29T23:15:44.646+0800] GC(857) Concurrent Mark From Roots
[2024-08-29T23:15:44.646+0800] GC(857) Using 2 workers of 2 for marking
[2024-08-29T23:15:44.648+0800] GC(857) Concurrent Mark From Roots 2.581ms
[2024-08-29T23:15:44.648+0800] GC(857) Concurrent Preclean
[2024-08-29T23:15:44.648+0800] GC(857) Concurrent Preclean 0.078ms
[2024-08-29T23:15:44.649+0800] GC(857) Pause Remark
[2024-08-29T23:15:44.650+0800] GC(857) Pause Remark 1030M->1030M(2048M) 0.943ms
[2024-08-29T23:15:44.650+0800] GC(857) User=0.00s Sys=0.00s Real=0.00s
[2024-08-29T23:15:44.650+0800] GC(857) Concurrent Mark 4.520ms
[2024-08-29T23:15:44.650+0800] GC(857) Concurrent Rebuild Remembered Sets
[2024-08-29T23:15:44.650+0800] GC(857) Concurrent Rebuild Remembered Sets 0.008ms
[2024-08-29T23:15:44.650+0800] GC(857) Pause Cleanup
[2024-08-29T23:15:44.650+0800] GC(857) Pause Cleanup 1030M->1030M(2048M) 0.013ms
[2024-08-29T23:15:44.650+0800] GC(857) User=0.00s Sys=0.00s Real=0.00s
[2024-08-29T23:15:44.650+0800] GC(857) Concurrent Cleanup for Next Mark
[2024-08-29T23:15:44.656+0800] GC(857) Concurrent Cleanup for Next Mark 5.424ms
[2024-08-29T23:15:44.656+0800] GC(857) Concurrent Mark Cycle 10.276ms
[2024-08-29T23:15:44.656+0800] GC(858) Pause Young (Concurrent Start) (G1 Humongous Allocation)
[2024-08-29T23:15:44.656+0800] GC(858) Using 8 workers of 8 for evacuation
[2024-08-29T23:15:44.657+0800] GC(858)   Pre Evacuate Collection Set: 0.3ms
[2024-08-29T23:15:44.657+0800] GC(858)   Merge Heap Roots: 0.1ms
[2024-08-29T23:15:44.657+0800] GC(858)   Evacuate Collection Set: 0.4ms
[2024-08-29T23:15:44.657+0800] GC(858)   Post Evacuate Collection Set: 0.3ms
[2024-08-29T23:15:44.657+0800] GC(858)   Other: 0.2ms
[2024-08-29T23:15:44.657+0800] GC(858) Eden regions: 4->0(818)
[2024-08-29T23:15:44.657+0800] GC(858) Survivor regions: 0->0(103)
[2024-08-29T23:15:44.657+0800] GC(858) Old regions: 1->1
[2024-08-29T23:15:44.657+0800] GC(858) Archive regions: 2->2
[2024-08-29T23:15:44.657+0800] GC(858) Humongous regions: 1050->1021
[2024-08-29T23:15:44.657+0800] GC(858) Metaspace: 1625K(1792K)->1625K(1792K) NonClass: 1506K(1600K)->1506K(1600K) Class: 119K(192K)->119K(192K)
[2024-08-29T23:15:44.657+0800] GC(858) Pause Young (Concurrent Start) (G1 Humongous Allocation) 1054M->1022M(2048M) 1.419ms
[2024-08-29T23:15:44.657+0800] GC(858) User=0.01s Sys=0.00s Real=0.00s
[2024-08-29T23:15:44.657+0800] GC(859) Concurrent Mark Cycle
[2024-08-29T23:15:44.658+0800] GC(859) Concurrent Clear Claimed Marks
[2024-08-29T23:15:44.658+0800] GC(859) Concurrent Clear Claimed Marks 0.007ms
[2024-08-29T23:15:44.658+0800] GC(859) Concurrent Scan Root Regions
[2024-08-29T23:15:44.658+0800] GC(859) Concurrent Scan Root Regions 0.004ms
[2024-08-29T23:15:44.658+0800] GC(859) Concurrent Mark
[2024-08-29T23:15:44.658+0800] GC(859) Concurrent Mark From Roots
[2024-08-29T23:15:44.658+0800] GC(859) Using 2 workers of 2 for marking
[2024-08-29T23:15:44.661+0800] GC(859) Concurrent Mark From Roots 3.279ms
[2024-08-29T23:15:44.661+0800] GC(859) Concurrent Preclean
[2024-08-29T23:15:44.661+0800] GC(859) Concurrent Preclean 0.086ms
[2024-08-29T23:15:44.661+0800] GC(859) Pause Remark
[2024-08-29T23:15:44.663+0800] GC(859) Pause Remark 1045M->1045M(2048M) 1.700ms
[2024-08-29T23:15:44.663+0800] GC(859) User=0.00s Sys=0.00s Real=0.01s
[2024-08-29T23:15:44.663+0800] GC(859) Concurrent Mark 5.355ms
[2024-08-29T23:15:44.663+0800] GC(859) Concurrent Rebuild Remembered Sets
[2024-08-29T23:15:44.663+0800] GC(859) Concurrent Rebuild Remembered Sets 0.006ms
[2024-08-29T23:15:44.663+0800] GC(859) Pause Cleanup
[2024-08-29T23:15:44.663+0800] GC(859) Pause Cleanup 1045M->1045M(2048M) 0.017ms
[2024-08-29T23:15:44.663+0800] GC(859) User=0.00s Sys=0.00s Real=0.00s
[2024-08-29T23:15:44.663+0800] GC(859) Concurrent Cleanup for Next Mark
[2024-08-29T23:15:44.668+0800] GC(859) Concurrent Cleanup for Next Mark 4.894ms
[2024-08-29T23:15:44.668+0800] GC(859) Concurrent Mark Cycle 10.697ms
[2024-08-29T23:15:44.669+0800] GC(860) Pause Young (Concurrent Start) (G1 Humongous Allocation)
[2024-08-29T23:15:44.669+0800] GC(860) Using 8 workers of 8 for evacuation
[2024-08-29T23:15:44.671+0800] GC(860)   Pre Evacuate Collection Set: 0.3ms
[2024-08-29T23:15:44.671+0800] GC(860)   Merge Heap Roots: 0.2ms
[2024-08-29T23:15:44.671+0800] GC(860)   Evacuate Collection Set: 0.6ms
[2024-08-29T23:15:44.671+0800] GC(860)   Post Evacuate Collection Set: 0.3ms
[2024-08-29T23:15:44.671+0800] GC(860)   Other: 0.2ms
[2024-08-29T23:15:44.671+0800] GC(860) Eden regions: 4->0(815)
[2024-08-29T23:15:44.671+0800] GC(860) Survivor regions: 0->0(103)
[2024-08-29T23:15:44.671+0800] GC(860) Old regions: 1->1
[2024-08-29T23:15:44.671+0800] GC(860) Archive regions: 2->2
[2024-08-29T23:15:44.671+0800] GC(860) Humongous regions: 1057->1024
[2024-08-29T23:15:44.671+0800] GC(860) Metaspace: 1625K(1792K)->1625K(1792K) NonClass: 1506K(1600K)->1506K(1600K) Class: 119K(192K)->119K(192K)
[2024-08-29T23:15:44.671+0800] GC(860) Pause Young (Concurrent Start) (G1 Humongous Allocation) 1061M->1025M(2048M) 1.690ms
[2024-08-29T23:15:44.671+0800] GC(860) User=0.00s Sys=0.00s Real=0.00s
[2024-08-29T23:15:44.671+0800] GC(861) Concurrent Mark Cycle
[2024-08-29T23:15:44.671+0800] GC(861) Concurrent Clear Claimed Marks
[2024-08-29T23:15:44.671+0800] GC(861) Concurrent Clear Claimed Marks 0.007ms
[2024-08-29T23:15:44.671+0800] GC(861) Concurrent Scan Root Regions
[2024-08-29T23:15:44.671+0800] GC(861) Concurrent Scan Root Regions 0.004ms
[2024-08-29T23:15:44.671+0800] GC(861) Concurrent Mark
[2024-08-29T23:15:44.671+0800] GC(861) Concurrent Mark From Roots
[2024-08-29T23:15:44.671+0800] GC(861) Using 2 workers of 2 for marking
[2024-08-29T23:15:44.674+0800] GC(861) Concurrent Mark From Roots 2.608ms
[2024-08-29T23:15:44.674+0800] GC(861) Concurrent Preclean
[2024-08-29T23:15:44.674+0800] GC(861) Concurrent Preclean 0.083ms
[2024-08-29T23:15:44.677+0800] GC(861) Pause Remark
[2024-08-29T23:15:44.679+0800] GC(861) Pause Remark 1040M->1040M(2048M) 1.347ms
[2024-08-29T23:15:44.679+0800] GC(861) User=0.00s Sys=0.01s Real=0.00s
[2024-08-29T23:15:44.679+0800] GC(861) Concurrent Mark 7.674ms
[2024-08-29T23:15:44.679+0800] GC(861) Concurrent Rebuild Remembered Sets
[2024-08-29T23:15:44.679+0800] GC(861) Concurrent Rebuild Remembered Sets 0.006ms
[2024-08-29T23:15:44.680+0800] GC(861) Pause Cleanup
[2024-08-29T23:15:44.680+0800] GC(861) Pause Cleanup 1045M->1045M(2048M) 0.028ms
[2024-08-29T23:15:44.680+0800] GC(861) User=0.00s Sys=0.00s Real=0.00s
[2024-08-29T23:15:44.680+0800] GC(861) Concurrent Cleanup for Next Mark
[2024-08-29T23:15:44.686+0800] GC(861) Concurrent Cleanup for Next Mark 5.807ms
[2024-08-29T23:15:44.686+0800] GC(861) Concurrent Mark Cycle 15.297ms
[2024-08-29T23:15:44.688+0800] GC(862) Pause Young (Concurrent Start) (G1 Humongous Allocation)
[2024-08-29T23:15:44.688+0800] GC(862) Using 8 workers of 8 for evacuation
[2024-08-29T23:15:44.690+0800] GC(862)   Pre Evacuate Collection Set: 0.3ms
[2024-08-29T23:15:44.690+0800] GC(862)   Merge Heap Roots: 0.1ms
[2024-08-29T23:15:44.690+0800] GC(862)   Evacuate Collection Set: 0.3ms
[2024-08-29T23:15:44.690+0800] GC(862)   Post Evacuate Collection Set: 0.3ms
[2024-08-29T23:15:44.690+0800] GC(862)   Other: 0.2ms
[2024-08-29T23:15:44.690+0800] GC(862) Eden regions: 4->0(825)
[2024-08-29T23:15:44.690+0800] GC(862) Survivor regions: 0->0(102)
[2024-08-29T23:15:44.690+0800] GC(862) Old regions: 1->1
[2024-08-29T23:15:44.690+0800] GC(862) Archive regions: 2->2
[2024-08-29T23:15:44.690+0800] GC(862) Humongous regions: 1059->1014
[2024-08-29T23:15:44.690+0800] GC(862) Metaspace: 1625K(1792K)->1625K(1792K) NonClass: 1506K(1600K)->1506K(1600K) Class: 119K(192K)->119K(192K)
[2024-08-29T23:15:44.690+0800] GC(862) Pause Young (Concurrent Start) (G1 Humongous Allocation) 1063M->1015M(2048M) 1.383ms
[2024-08-29T23:15:44.690+0800] GC(862) User=0.00s Sys=0.01s Real=0.00s
[2024-08-29T23:15:44.690+0800] GC(863) Concurrent Mark Cycle
[2024-08-29T23:15:44.690+0800] GC(863) Concurrent Clear Claimed Marks
[2024-08-29T23:15:44.690+0800] GC(863) Concurrent Clear Claimed Marks 0.006ms
[2024-08-29T23:15:44.690+0800] GC(863) Concurrent Scan Root Regions
[2024-08-29T23:15:44.690+0800] GC(863) Concurrent Scan Root Regions 0.004ms
[2024-08-29T23:15:44.690+0800] GC(863) Concurrent Mark
[2024-08-29T23:15:44.690+0800] GC(863) Concurrent Mark From Roots
[2024-08-29T23:15:44.690+0800] GC(863) Using 2 workers of 2 for marking
[2024-08-29T23:15:44.692+0800] GC(863) Concurrent Mark From Roots 2.467ms
[2024-08-29T23:15:44.692+0800] GC(863) Concurrent Preclean
[2024-08-29T23:15:44.692+0800] GC(863) Concurrent Preclean 0.075ms
[2024-08-29T23:15:44.692+0800] GC(863) Pause Remark
[2024-08-29T23:15:44.694+0800] GC(863) Pause Remark 1025M->1025M(2048M) 1.614ms
[2024-08-29T23:15:44.694+0800] GC(863) User=0.00s Sys=0.00s Real=0.01s
[2024-08-29T23:15:44.694+0800] GC(863) Concurrent Mark 4.356ms
[2024-08-29T23:15:44.694+0800] GC(863) Concurrent Rebuild Remembered Sets
[2024-08-29T23:15:44.694+0800] GC(863) Concurrent Rebuild Remembered Sets 0.006ms
[2024-08-29T23:15:44.694+0800] GC(863) Pause Cleanup
[2024-08-29T23:15:44.694+0800] GC(863) Pause Cleanup 1025M->1025M(2048M) 0.017ms
[2024-08-29T23:15:44.694+0800] GC(863) User=0.00s Sys=0.00s Real=0.00s
[2024-08-29T23:15:44.694+0800] GC(863) Concurrent Cleanup for Next Mark
[2024-08-29T23:15:44.701+0800] GC(863) Concurrent Cleanup for Next Mark 6.904ms
[2024-08-29T23:15:44.701+0800] GC(863) Concurrent Mark Cycle 11.672ms
[2024-08-29T23:15:44.702+0800] GC(864) Pause Young (Concurrent Start) (G1 Humongous Allocation)
[2024-08-29T23:15:44.702+0800] GC(864) Using 8 workers of 8 for evacuation
[2024-08-29T23:15:44.703+0800] GC(864)   Pre Evacuate Collection Set: 0.2ms
[2024-08-29T23:15:44.703+0800] GC(864)   Merge Heap Roots: 0.1ms
[2024-08-29T23:15:44.703+0800] GC(864)   Evacuate Collection Set: 0.3ms
[2024-08-29T23:15:44.703+0800] GC(864)   Post Evacuate Collection Set: 0.3ms
[2024-08-29T23:15:44.703+0800] GC(864)   Other: 0.2ms
[2024-08-29T23:15:44.703+0800] GC(864) Eden regions: 4->0(842)
[2024-08-29T23:15:44.703+0800] GC(864) Survivor regions: 0->0(104)
[2024-08-29T23:15:44.703+0800] GC(864) Old regions: 1->1
[2024-08-29T23:15:44.703+0800] GC(864) Archive regions: 2->2
[2024-08-29T23:15:44.703+0800] GC(864) Humongous regions: 1046->997
[2024-08-29T23:15:44.703+0800] GC(864) Metaspace: 1625K(1792K)->1625K(1792K) NonClass: 1506K(1600K)->1506K(1600K) Class: 119K(192K)->119K(192K)
[2024-08-29T23:15:44.703+0800] GC(864) Pause Young (Concurrent Start) (G1 Humongous Allocation) 1050M->998M(2048M) 1.281ms
[2024-08-29T23:15:44.703+0800] GC(864) User=0.00s Sys=0.00s Real=0.01s
[2024-08-29T23:15:44.703+0800] GC(865) Concurrent Mark Cycle
[2024-08-29T23:15:44.703+0800] GC(865) Concurrent Clear Claimed Marks
[2024-08-29T23:15:44.703+0800] GC(865) Concurrent Clear Claimed Marks 0.007ms
[2024-08-29T23:15:44.703+0800] GC(865) Concurrent Scan Root Regions
[2024-08-29T23:15:44.703+0800] GC(865) Concurrent Scan Root Regions 0.004ms
[2024-08-29T23:15:44.703+0800] GC(865) Concurrent Mark
[2024-08-29T23:15:44.703+0800] GC(865) Concurrent Mark From Roots
[2024-08-29T23:15:44.703+0800] GC(865) Using 2 workers of 2 for marking
[2024-08-29T23:15:44.706+0800] GC(865) Concurrent Mark From Roots 2.519ms
[2024-08-29T23:15:44.706+0800] GC(865) Concurrent Preclean
[2024-08-29T23:15:44.706+0800] GC(865) Concurrent Preclean 0.096ms
[2024-08-29T23:15:44.706+0800] GC(865) Pause Remark
[2024-08-29T23:15:44.707+0800] GC(865) Pause Remark 1004M->1004M(2048M) 0.964ms
[2024-08-29T23:15:44.707+0800] GC(865) User=0.00s Sys=0.00s Real=0.00s
[2024-08-29T23:15:44.707+0800] GC(865) Concurrent Mark 3.741ms
[2024-08-29T23:15:44.707+0800] GC(865) Concurrent Rebuild Remembered Sets
[2024-08-29T23:15:44.707+0800] GC(865) Concurrent Rebuild Remembered Sets 0.006ms
[2024-08-29T23:15:44.708+0800] GC(865) Pause Cleanup
[2024-08-29T23:15:44.708+0800] GC(865) Pause Cleanup 1010M->1010M(2048M) 0.022ms
[2024-08-29T23:15:44.708+0800] GC(865) User=0.00s Sys=0.00s Real=0.00s
[2024-08-29T23:15:44.708+0800] GC(865) Concurrent Cleanup for Next Mark
[2024-08-29T23:15:44.713+0800] GC(865) Concurrent Cleanup for Next Mark 4.969ms
[2024-08-29T23:15:44.714+0800] GC(865) Concurrent Mark Cycle 10.365ms
[2024-08-29T23:15:44.715+0800] GC(866) Pause Young (Concurrent Start) (G1 Humongous Allocation)
[2024-08-29T23:15:44.715+0800] GC(866) Using 8 workers of 8 for evacuation
[2024-08-29T23:15:44.716+0800] GC(866)   Pre Evacuate Collection Set: 0.2ms
[2024-08-29T23:15:44.716+0800] GC(866)   Merge Heap Roots: 0.1ms
[2024-08-29T23:15:44.716+0800] GC(866)   Evacuate Collection Set: 0.3ms
[2024-08-29T23:15:44.716+0800] GC(866)   Post Evacuate Collection Set: 0.3ms
[2024-08-29T23:15:44.716+0800] GC(866)   Other: 0.2ms
[2024-08-29T23:15:44.716+0800] GC(866) Eden regions: 3->0(843)
[2024-08-29T23:15:44.716+0800] GC(866) Survivor regions: 0->0(106)
[2024-08-29T23:15:44.716+0800] GC(866) Old regions: 1->1
[2024-08-29T23:15:44.716+0800] GC(866) Archive regions: 2->2
[2024-08-29T23:15:44.716+0800] GC(866) Humongous regions: 1028->996
[2024-08-29T23:15:44.716+0800] GC(866) Metaspace: 1625K(1792K)->1625K(1792K) NonClass: 1506K(1600K)->1506K(1600K) Class: 119K(192K)->119K(192K)
[2024-08-29T23:15:44.716+0800] GC(866) Pause Young (Concurrent Start) (G1 Humongous Allocation) 1032M->997M(2048M) 1.180ms
[2024-08-29T23:15:44.716+0800] GC(866) User=0.01s Sys=0.00s Real=0.00s
[2024-08-29T23:15:44.716+0800] GC(867) Concurrent Mark Cycle
[2024-08-29T23:15:44.716+0800] GC(867) Concurrent Clear Claimed Marks
[2024-08-29T23:15:44.716+0800] GC(867) Concurrent Clear Claimed Marks 0.010ms
[2024-08-29T23:15:44.716+0800] GC(867) Concurrent Scan Root Regions
[2024-08-29T23:15:44.716+0800] GC(867) Concurrent Scan Root Regions 0.004ms
[2024-08-29T23:15:44.716+0800] GC(867) Concurrent Mark
[2024-08-29T23:15:44.716+0800] GC(867) Concurrent Mark From Roots
[2024-08-29T23:15:44.716+0800] GC(867) Using 2 workers of 2 for marking
[2024-08-29T23:15:44.720+0800] GC(867) Concurrent Mark From Roots 3.366ms
[2024-08-29T23:15:44.720+0800] GC(867) Concurrent Preclean
[2024-08-29T23:15:44.720+0800] GC(867) Concurrent Preclean 0.076ms
[2024-08-29T23:15:44.720+0800] GC(867) Pause Remark
[2024-08-29T23:15:44.721+0800] GC(867) Pause Remark 1016M->1016M(2048M) 1.049ms
[2024-08-29T23:15:44.721+0800] GC(867) User=0.00s Sys=0.00s Real=0.00s
[2024-08-29T23:15:44.721+0800] GC(867) Concurrent Mark 4.634ms
[2024-08-29T23:15:44.721+0800] GC(867) Concurrent Rebuild Remembered Sets
[2024-08-29T23:15:44.721+0800] GC(867) Concurrent Rebuild Remembered Sets 0.007ms
[2024-08-29T23:15:44.722+0800] GC(867) Pause Cleanup
[2024-08-29T23:15:44.722+0800] GC(867) Pause Cleanup 1019M->1019M(2048M) 0.018ms
[2024-08-29T23:15:44.722+0800] GC(867) User=0.00s Sys=0.00s Real=0.00s
[2024-08-29T23:15:44.722+0800] GC(867) Concurrent Cleanup for Next Mark
[2024-08-29T23:15:44.727+0800] GC(867) Concurrent Cleanup for Next Mark 4.776ms
[2024-08-29T23:15:44.727+0800] GC(867) Concurrent Mark Cycle 10.797ms
[2024-08-29T23:15:44.729+0800] GC(868) Pause Young (Concurrent Start) (G1 Humongous Allocation)
[2024-08-29T23:15:44.729+0800] GC(868) Using 8 workers of 8 for evacuation
[2024-08-29T23:15:44.730+0800] GC(868)   Pre Evacuate Collection Set: 0.2ms
[2024-08-29T23:15:44.730+0800] GC(868)   Merge Heap Roots: 0.1ms
[2024-08-29T23:15:44.730+0800] GC(868)   Evacuate Collection Set: 0.3ms
[2024-08-29T23:15:44.730+0800] GC(868)   Post Evacuate Collection Set: 0.3ms
[2024-08-29T23:15:44.730+0800] GC(868)   Other: 0.2ms
[2024-08-29T23:15:44.730+0800] GC(868) Eden regions: 4->0(825)
[2024-08-29T23:15:44.730+0800] GC(868) Survivor regions: 0->1(106)
[2024-08-29T23:15:44.730+0800] GC(868) Old regions: 1->1
[2024-08-29T23:15:44.730+0800] GC(868) Archive regions: 2->2
[2024-08-29T23:15:44.730+0800] GC(868) Humongous regions: 1029->1013
[2024-08-29T23:15:44.730+0800] GC(868) Metaspace: 1625K(1792K)->1625K(1792K) NonClass: 1506K(1600K)->1506K(1600K) Class: 119K(192K)->119K(192K)
[2024-08-29T23:15:44.730+0800] GC(868) Pause Young (Concurrent Start) (G1 Humongous Allocation) 1034M->1014M(2048M) 1.161ms
[2024-08-29T23:15:44.730+0800] GC(868) User=0.00s Sys=0.01s Real=0.00s
[2024-08-29T23:15:44.730+0800] GC(869) Concurrent Mark Cycle
[2024-08-29T23:15:44.730+0800] GC(869) Concurrent Clear Claimed Marks
[2024-08-29T23:15:44.730+0800] GC(869) Concurrent Clear Claimed Marks 0.007ms
[2024-08-29T23:15:44.730+0800] GC(869) Concurrent Scan Root Regions
[2024-08-29T23:15:44.730+0800] GC(869) Concurrent Scan Root Regions 0.098ms
[2024-08-29T23:15:44.730+0800] GC(869) Concurrent Mark
[2024-08-29T23:15:44.730+0800] GC(869) Concurrent Mark From Roots
[2024-08-29T23:15:44.730+0800] GC(869) Using 2 workers of 2 for marking
[2024-08-29T23:15:44.733+0800] GC(869) Concurrent Mark From Roots 2.691ms
[2024-08-29T23:15:44.733+0800] GC(869) Concurrent Preclean
[2024-08-29T23:15:44.733+0800] GC(869) Concurrent Preclean 0.081ms
[2024-08-29T23:15:44.733+0800] GC(869) Pause Remark
[2024-08-29T23:15:44.734+0800] GC(869) Pause Remark 1036M->1036M(2048M) 0.923ms
[2024-08-29T23:15:44.734+0800] GC(869) User=0.00s Sys=0.00s Real=0.00s
[2024-08-29T23:15:44.734+0800] GC(869) Concurrent Mark 3.841ms
[2024-08-29T23:15:44.734+0800] GC(869) Concurrent Rebuild Remembered Sets
[2024-08-29T23:15:44.734+0800] GC(869) Concurrent Rebuild Remembered Sets 0.005ms
[2024-08-29T23:15:44.735+0800] GC(869) Pause Cleanup
[2024-08-29T23:15:44.735+0800] GC(869) Pause Cleanup 1040M->1040M(2048M) 0.013ms
[2024-08-29T23:15:44.735+0800] GC(869) User=0.00s Sys=0.00s Real=0.00s
[2024-08-29T23:15:44.735+0800] GC(869) Concurrent Cleanup for Next Mark
[2024-08-29T23:15:44.738+0800] GC(869) Concurrent Cleanup for Next Mark 3.337ms
[2024-08-29T23:15:44.738+0800] GC(869) Concurrent Mark Cycle 7.719ms
[2024-08-29T23:15:44.739+0800] GC(870) Pause Young (Concurrent Start) (G1 Humongous Allocation)
[2024-08-29T23:15:44.739+0800] GC(870) Using 8 workers of 8 for evacuation
[2024-08-29T23:15:44.740+0800] GC(870)   Pre Evacuate Collection Set: 0.2ms
[2024-08-29T23:15:44.740+0800] GC(870)   Merge Heap Roots: 0.1ms
[2024-08-29T23:15:44.740+0800] GC(870)   Evacuate Collection Set: 0.3ms
[2024-08-29T23:15:44.740+0800] GC(870)   Post Evacuate Collection Set: 0.3ms
[2024-08-29T23:15:44.740+0800] GC(870)   Other: 0.1ms
[2024-08-29T23:15:44.740+0800] GC(870) Eden regions: 4->0(818)
[2024-08-29T23:15:44.740+0800] GC(870) Survivor regions: 1->0(104)
[2024-08-29T23:15:44.740+0800] GC(870) Old regions: 1->1
[2024-08-29T23:15:44.740+0800] GC(870) Archive regions: 2->2
[2024-08-29T23:15:44.740+0800] GC(870) Humongous regions: 1036->1021
[2024-08-29T23:15:44.740+0800] GC(870) Metaspace: 1625K(1792K)->1625K(1792K) NonClass: 1506K(1600K)->1506K(1600K) Class: 119K(192K)->119K(192K)
[2024-08-29T23:15:44.740+0800] GC(870) Pause Young (Concurrent Start) (G1 Humongous Allocation) 1040M->1022M(2048M) 1.179ms
[2024-08-29T23:15:44.740+0800] GC(870) User=0.00s Sys=0.00s Real=0.00s
[2024-08-29T23:15:44.740+0800] GC(871) Concurrent Mark Cycle
[2024-08-29T23:15:44.740+0800] GC(871) Concurrent Clear Claimed Marks
[2024-08-29T23:15:44.740+0800] GC(871) Concurrent Clear Claimed Marks 0.007ms
[2024-08-29T23:15:44.740+0800] GC(871) Concurrent Scan Root Regions
[2024-08-29T23:15:44.740+0800] GC(871) Concurrent Scan Root Regions 0.004ms
[2024-08-29T23:15:44.740+0800] GC(871) Concurrent Mark
[2024-08-29T23:15:44.740+0800] GC(871) Concurrent Mark From Roots
[2024-08-29T23:15:44.740+0800] GC(871) Using 2 workers of 2 for marking
[2024-08-29T23:15:44.744+0800] GC(871) Concurrent Mark From Roots 4.005ms
[2024-08-29T23:15:44.745+0800] GC(871) Concurrent Preclean
[2024-08-29T23:15:44.745+0800] GC(871) Concurrent Preclean 0.075ms
[2024-08-29T23:15:44.745+0800] GC(871) Pause Remark
[2024-08-29T23:15:44.746+0800] GC(871) Pause Remark 1039M->1039M(2048M) 0.952ms
[2024-08-29T23:15:44.746+0800] GC(871) User=0.00s Sys=0.01s Real=0.00s
[2024-08-29T23:15:44.746+0800] GC(871) Concurrent Mark 5.271ms
[2024-08-29T23:15:44.746+0800] GC(871) Concurrent Rebuild Remembered Sets
[2024-08-29T23:15:44.746+0800] GC(871) Concurrent Rebuild Remembered Sets 0.006ms
[2024-08-29T23:15:44.747+0800] GC(871) Pause Cleanup
[2024-08-29T23:15:44.747+0800] GC(871) Pause Cleanup 1042M->1042M(2048M) 0.022ms
[2024-08-29T23:15:44.747+0800] GC(871) User=0.00s Sys=0.00s Real=0.00s
[2024-08-29T23:15:44.747+0800] GC(871) Concurrent Cleanup for Next Mark
[2024-08-29T23:15:44.751+0800] GC(871) Concurrent Cleanup for Next Mark 3.651ms
[2024-08-29T23:15:44.751+0800] GC(871) Concurrent Mark Cycle 10.230ms
[2024-08-29T23:15:44.751+0800] GC(872) Pause Young (Concurrent Start) (G1 Humongous Allocation)
[2024-08-29T23:15:44.751+0800] GC(872) Using 8 workers of 8 for evacuation
[2024-08-29T23:15:44.752+0800] GC(872)   Pre Evacuate Collection Set: 0.2ms
[2024-08-29T23:15:44.752+0800] GC(872)   Merge Heap Roots: 0.1ms
[2024-08-29T23:15:44.752+0800] GC(872)   Evacuate Collection Set: 0.4ms
[2024-08-29T23:15:44.752+0800] GC(872)   Post Evacuate Collection Set: 0.2ms
[2024-08-29T23:15:44.752+0800] GC(872)   Other: 0.1ms
[2024-08-29T23:15:44.752+0800] GC(872) Eden regions: 4->0(834)
[2024-08-29T23:15:44.752+0800] GC(872) Survivor regions: 0->0(103)
[2024-08-29T23:15:44.752+0800] GC(872) Old regions: 1->1
[2024-08-29T23:15:44.752+0800] GC(872) Archive regions: 2->2
[2024-08-29T23:15:44.752+0800] GC(872) Humongous regions: 1044->1005
[2024-08-29T23:15:44.752+0800] GC(872) Metaspace: 1625K(1792K)->1625K(1792K) NonClass: 1506K(1600K)->1506K(1600K) Class: 119K(192K)->119K(192K)
[2024-08-29T23:15:44.752+0800] GC(872) Pause Young (Concurrent Start) (G1 Humongous Allocation) 1048M->1006M(2048M) 1.038ms
[2024-08-29T23:15:44.752+0800] GC(872) User=0.00s Sys=0.00s Real=0.00s
[2024-08-29T23:15:44.752+0800] GC(873) Concurrent Mark Cycle
[2024-08-29T23:15:44.752+0800] GC(873) Concurrent Clear Claimed Marks
[2024-08-29T23:15:44.752+0800] GC(873) Concurrent Clear Claimed Marks 0.006ms
[2024-08-29T23:15:44.752+0800] GC(873) Concurrent Scan Root Regions
[2024-08-29T23:15:44.752+0800] GC(873) Concurrent Scan Root Regions 0.024ms
[2024-08-29T23:15:44.752+0800] GC(873) Concurrent Mark
[2024-08-29T23:15:44.752+0800] GC(873) Concurrent Mark From Roots
[2024-08-29T23:15:44.752+0800] GC(873) Using 2 workers of 2 for marking
[2024-08-29T23:15:44.755+0800] GC(873) Concurrent Mark From Roots 2.505ms
[2024-08-29T23:15:44.755+0800] GC(873) Concurrent Preclean
[2024-08-29T23:15:44.755+0800] GC(873) Concurrent Preclean 0.091ms
[2024-08-29T23:15:44.755+0800] GC(873) Pause Remark
[2024-08-29T23:15:44.756+0800] GC(873) Pause Remark 1010M->1010M(2048M) 1.390ms
[2024-08-29T23:15:44.756+0800] GC(873) User=0.00s Sys=0.00s Real=0.00s
[2024-08-29T23:15:44.756+0800] GC(873) Concurrent Mark 4.236ms
[2024-08-29T23:15:44.756+0800] GC(873) Concurrent Rebuild Remembered Sets
[2024-08-29T23:15:44.756+0800] GC(873) Concurrent Rebuild Remembered Sets 0.006ms
[2024-08-29T23:15:44.757+0800] GC(873) Pause Cleanup
[2024-08-29T23:15:44.757+0800] GC(873) Pause Cleanup 1014M->1014M(2048M) 0.022ms
[2024-08-29T23:15:44.757+0800] GC(873) User=0.00s Sys=0.00s Real=0.00s
[2024-08-29T23:15:44.757+0800] GC(873) Concurrent Cleanup for Next Mark
[2024-08-29T23:15:44.762+0800] GC(873) Concurrent Cleanup for Next Mark 5.405ms
[2024-08-29T23:15:44.763+0800] GC(873) Concurrent Mark Cycle 10.569ms
[2024-08-29T23:15:44.765+0800] GC(874) Pause Young (Concurrent Start) (G1 Humongous Allocation)
[2024-08-29T23:15:44.765+0800] GC(874) Using 8 workers of 8 for evacuation
[2024-08-29T23:15:44.766+0800] GC(874)   Pre Evacuate Collection Set: 0.2ms
[2024-08-29T23:15:44.766+0800] GC(874)   Merge Heap Roots: 0.1ms
[2024-08-29T23:15:44.766+0800] GC(874)   Evacuate Collection Set: 0.5ms
[2024-08-29T23:15:44.766+0800] GC(874)   Post Evacuate Collection Set: 0.3ms
[2024-08-29T23:15:44.766+0800] GC(874)   Other: 0.1ms
[2024-08-29T23:15:44.766+0800] GC(874) Eden regions: 4->0(855)
[2024-08-29T23:15:44.766+0800] GC(874) Survivor regions: 0->0(105)
[2024-08-29T23:15:44.766+0800] GC(874) Old regions: 1->1
[2024-08-29T23:15:44.766+0800] GC(874) Archive regions: 2->2
[2024-08-29T23:15:44.766+0800] GC(874) Humongous regions: 1029->984
[2024-08-29T23:15:44.766+0800] GC(874) Metaspace: 1625K(1792K)->1625K(1792K) NonClass: 1506K(1600K)->1506K(1600K) Class: 119K(192K)->119K(192K)
[2024-08-29T23:15:44.766+0800] GC(874) Pause Young (Concurrent Start) (G1 Humongous Allocation) 1033M->985M(2048M) 1.359ms
[2024-08-29T23:15:44.766+0800] GC(874) User=0.00s Sys=0.00s Real=0.00s
[2024-08-29T23:15:44.766+0800] GC(875) Concurrent Mark Cycle
[2024-08-29T23:15:44.766+0800] GC(875) Concurrent Clear Claimed Marks
[2024-08-29T23:15:44.766+0800] GC(875) Concurrent Clear Claimed Marks 0.006ms
[2024-08-29T23:15:44.766+0800] GC(875) Concurrent Scan Root Regions
[2024-08-29T23:15:44.766+0800] GC(875) Concurrent Scan Root Regions 0.004ms
[2024-08-29T23:15:44.766+0800] GC(875) Concurrent Mark
[2024-08-29T23:15:44.766+0800] GC(875) Concurrent Mark From Roots
[2024-08-29T23:15:44.766+0800] GC(875) Using 2 workers of 2 for marking
[2024-08-29T23:15:44.769+0800] GC(875) Concurrent Mark From Roots 2.861ms
[2024-08-29T23:15:44.769+0800] GC(875) Concurrent Preclean
[2024-08-29T23:15:44.769+0800] GC(875) Concurrent Preclean 0.077ms
[2024-08-29T23:15:44.769+0800] GC(875) Pause Remark
[2024-08-29T23:15:44.770+0800] GC(875) Pause Remark 1002M->1002M(2048M) 0.925ms
[2024-08-29T23:15:44.770+0800] GC(875) User=0.00s Sys=0.00s Real=0.00s
[2024-08-29T23:15:44.770+0800] GC(875) Concurrent Mark 4.005ms
[2024-08-29T23:15:44.770+0800] GC(875) Concurrent Rebuild Remembered Sets
[2024-08-29T23:15:44.770+0800] GC(875) Concurrent Rebuild Remembered Sets 0.005ms
[2024-08-29T23:15:44.770+0800] GC(875) Pause Cleanup
[2024-08-29T23:15:44.770+0800] GC(875) Pause Cleanup 1002M->1002M(2048M) 0.012ms
[2024-08-29T23:15:44.770+0800] GC(875) User=0.01s Sys=0.00s Real=0.00s
[2024-08-29T23:15:44.770+0800] GC(875) Concurrent Cleanup for Next Mark
[2024-08-29T23:15:44.775+0800] GC(875) Concurrent Cleanup for Next Mark 4.512ms
[2024-08-29T23:15:44.775+0800] GC(875) Concurrent Mark Cycle 8.730ms
[2024-08-29T23:15:44.777+0800] GC(876) Pause Young (Concurrent Start) (G1 Humongous Allocation)
[2024-08-29T23:15:44.777+0800] GC(876) Using 8 workers of 8 for evacuation
[2024-08-29T23:15:44.778+0800] GC(876)   Pre Evacuate Collection Set: 0.2ms
[2024-08-29T23:15:44.778+0800] GC(876)   Merge Heap Roots: 0.1ms
[2024-08-29T23:15:44.778+0800] GC(876)   Evacuate Collection Set: 0.3ms
[2024-08-29T23:15:44.778+0800] GC(876)   Post Evacuate Collection Set: 0.4ms
[2024-08-29T23:15:44.778+0800] GC(876)   Other: 0.2ms
[2024-08-29T23:15:44.778+0800] GC(876) Eden regions: 4->0(871)
[2024-08-29T23:15:44.778+0800] GC(876) Survivor regions: 0->0(107)
[2024-08-29T23:15:44.778+0800] GC(876) Old regions: 1->1
[2024-08-29T23:15:44.778+0800] GC(876) Archive regions: 2->2
[2024-08-29T23:15:44.778+0800] GC(876) Humongous regions: 1008->968
[2024-08-29T23:15:44.778+0800] GC(876) Metaspace: 1625K(1792K)->1625K(1792K) NonClass: 1506K(1600K)->1506K(1600K) Class: 119K(192K)->119K(192K)
[2024-08-29T23:15:44.778+0800] GC(876) Pause Young (Concurrent Start) (G1 Humongous Allocation) 1012M->969M(2048M) 1.331ms
[2024-08-29T23:15:44.778+0800] GC(876) User=0.00s Sys=0.00s Real=0.00s
[2024-08-29T23:15:44.778+0800] GC(877) Concurrent Mark Cycle
[2024-08-29T23:15:44.778+0800] GC(877) Concurrent Clear Claimed Marks
[2024-08-29T23:15:44.778+0800] GC(877) Concurrent Clear Claimed Marks 0.006ms
[2024-08-29T23:15:44.778+0800] GC(877) Concurrent Scan Root Regions
[2024-08-29T23:15:44.778+0800] GC(877) Concurrent Scan Root Regions 0.004ms
[2024-08-29T23:15:44.778+0800] GC(877) Concurrent Mark
[2024-08-29T23:15:44.778+0800] GC(877) Concurrent Mark From Roots
[2024-08-29T23:15:44.778+0800] GC(877) Using 2 workers of 2 for marking
[2024-08-29T23:15:44.781+0800] GC(877) Concurrent Mark From Roots 3.148ms
[2024-08-29T23:15:44.781+0800] GC(877) Concurrent Preclean
[2024-08-29T23:15:44.782+0800] GC(877) Concurrent Preclean 0.076ms
[2024-08-29T23:15:44.782+0800] GC(877) Pause Remark
[2024-08-29T23:15:44.782+0800] GC(877) Pause Remark 983M->983M(2048M) 0.830ms
[2024-08-29T23:15:44.782+0800] GC(877) User=0.00s Sys=0.00s Real=0.01s
[2024-08-29T23:15:44.783+0800] GC(877) Concurrent Mark 4.209ms
[2024-08-29T23:15:44.783+0800] GC(877) Concurrent Rebuild Remembered Sets
[2024-08-29T23:15:44.783+0800] GC(877) Concurrent Rebuild Remembered Sets 0.006ms
[2024-08-29T23:15:44.783+0800] GC(877) Pause Cleanup
[2024-08-29T23:15:44.783+0800] GC(877) Pause Cleanup 985M->985M(2048M) 0.014ms
[2024-08-29T23:15:44.783+0800] GC(877) User=0.00s Sys=0.00s Real=0.00s
[2024-08-29T23:15:44.783+0800] GC(877) Concurrent Cleanup for Next Mark
[2024-08-29T23:15:44.787+0800] GC(877) Concurrent Cleanup for Next Mark 4.551ms
[2024-08-29T23:15:44.788+0800] GC(877) Concurrent Mark Cycle 9.270ms
[2024-08-29T23:15:44.789+0800] GC(878) Pause Young (Concurrent Start) (G1 Humongous Allocation)
[2024-08-29T23:15:44.789+0800] GC(878) Using 8 workers of 8 for evacuation
[2024-08-29T23:15:44.790+0800] GC(878)   Pre Evacuate Collection Set: 0.2ms
[2024-08-29T23:15:44.790+0800] GC(878)   Merge Heap Roots: 0.1ms
[2024-08-29T23:15:44.790+0800] GC(878)   Evacuate Collection Set: 0.3ms
[2024-08-29T23:15:44.790+0800] GC(878)   Post Evacuate Collection Set: 0.3ms
[2024-08-29T23:15:44.790+0800] GC(878)   Other: 0.1ms
[2024-08-29T23:15:44.790+0800] GC(878) Eden regions: 4->0(854)
[2024-08-29T23:15:44.790+0800] GC(878) Survivor regions: 0->0(109)
[2024-08-29T23:15:44.790+0800] GC(878) Old regions: 1->1
[2024-08-29T23:15:44.790+0800] GC(878) Archive regions: 2->2
[2024-08-29T23:15:44.790+0800] GC(878) Humongous regions: 996->985
[2024-08-29T23:15:44.790+0800] GC(878) Metaspace: 1625K(1792K)->1625K(1792K) NonClass: 1506K(1600K)->1506K(1600K) Class: 119K(192K)->119K(192K)
[2024-08-29T23:15:44.790+0800] GC(878) Pause Young (Concurrent Start) (G1 Humongous Allocation) 1001M->986M(2048M) 1.164ms
[2024-08-29T23:15:44.790+0800] GC(878) User=0.00s Sys=0.01s Real=0.00s
[2024-08-29T23:15:44.790+0800] GC(879) Concurrent Mark Cycle
[2024-08-29T23:15:44.790+0800] GC(879) Concurrent Clear Claimed Marks
[2024-08-29T23:15:44.790+0800] GC(879) Concurrent Clear Claimed Marks 0.006ms
[2024-08-29T23:15:44.790+0800] GC(879) Concurrent Scan Root Regions
[2024-08-29T23:15:44.790+0800] GC(879) Concurrent Scan Root Regions 0.004ms
[2024-08-29T23:15:44.790+0800] GC(879) Concurrent Mark
[2024-08-29T23:15:44.790+0800] GC(879) Concurrent Mark From Roots
[2024-08-29T23:15:44.790+0800] GC(879) Using 2 workers of 2 for marking
[2024-08-29T23:15:44.792+0800] GC(879) Concurrent Mark From Roots 2.330ms
[2024-08-29T23:15:44.792+0800] GC(879) Concurrent Preclean
[2024-08-29T23:15:44.793+0800] GC(879) Concurrent Preclean 0.089ms
[2024-08-29T23:15:44.793+0800] GC(879) Pause Remark
[2024-08-29T23:15:44.794+0800] GC(879) Pause Remark 996M->996M(2048M) 1.106ms
[2024-08-29T23:15:44.794+0800] GC(879) User=0.00s Sys=0.00s Real=0.00s
[2024-08-29T23:15:44.794+0800] GC(879) Concurrent Mark 3.717ms
[2024-08-29T23:15:44.794+0800] GC(879) Concurrent Rebuild Remembered Sets
[2024-08-29T23:15:44.794+0800] GC(879) Concurrent Rebuild Remembered Sets 0.005ms
[2024-08-29T23:15:44.795+0800] GC(879) Pause Cleanup
[2024-08-29T23:15:44.795+0800] GC(879) Pause Cleanup 1000M->1000M(2048M) 0.020ms
[2024-08-29T23:15:44.795+0800] GC(879) User=0.00s Sys=0.00s Real=0.00s
[2024-08-29T23:15:44.795+0800] GC(879) Concurrent Cleanup for Next Mark
[2024-08-29T23:15:44.801+0800] GC(879) Concurrent Cleanup for Next Mark 5.808ms
[2024-08-29T23:15:44.801+0800] GC(879) Concurrent Mark Cycle 10.803ms
[2024-08-29T23:15:44.802+0800] GC(880) Pause Young (Concurrent Start) (G1 Humongous Allocation)
[2024-08-29T23:15:44.802+0800] GC(880) Using 8 workers of 8 for evacuation
[2024-08-29T23:15:44.803+0800] GC(880)   Pre Evacuate Collection Set: 0.3ms
[2024-08-29T23:15:44.803+0800] GC(880)   Merge Heap Roots: 0.1ms
[2024-08-29T23:15:44.803+0800] GC(880)   Evacuate Collection Set: 0.3ms
[2024-08-29T23:15:44.803+0800] GC(880)   Post Evacuate Collection Set: 0.3ms
[2024-08-29T23:15:44.803+0800] GC(880)   Other: 0.2ms
[2024-08-29T23:15:44.803+0800] GC(880) Eden regions: 4->0(828)
[2024-08-29T23:15:44.803+0800] GC(880) Survivor regions: 0->0(107)
[2024-08-29T23:15:44.803+0800] GC(880) Old regions: 1->1
[2024-08-29T23:15:44.803+0800] GC(880) Archive regions: 2->2
[2024-08-29T23:15:44.803+0800] GC(880) Humongous regions: 1029->1011
[2024-08-29T23:15:44.803+0800] GC(880) Metaspace: 1625K(1792K)->1625K(1792K) NonClass: 1506K(1600K)->1506K(1600K) Class: 119K(192K)->119K(192K)
[2024-08-29T23:15:44.803+0800] GC(880) Pause Young (Concurrent Start) (G1 Humongous Allocation) 1034M->1012M(2048M) 1.258ms
[2024-08-29T23:15:44.803+0800] GC(880) User=0.00s Sys=0.00s Real=0.01s
[2024-08-29T23:15:44.803+0800] GC(881) Concurrent Mark Cycle
[2024-08-29T23:15:44.803+0800] GC(881) Concurrent Clear Claimed Marks
[2024-08-29T23:15:44.803+0800] GC(881) Concurrent Clear Claimed Marks 0.010ms
[2024-08-29T23:15:44.803+0800] GC(881) Concurrent Scan Root Regions
[2024-08-29T23:15:44.803+0800] GC(881) Concurrent Scan Root Regions 0.004ms
[2024-08-29T23:15:44.803+0800] GC(881) Concurrent Mark
[2024-08-29T23:15:44.803+0800] GC(881) Concurrent Mark From Roots
[2024-08-29T23:15:44.803+0800] GC(881) Using 2 workers of 2 for marking
[2024-08-29T23:15:44.806+0800] GC(881) Concurrent Mark From Roots 2.486ms
[2024-08-29T23:15:44.806+0800] GC(881) Concurrent Preclean
[2024-08-29T23:15:44.806+0800] GC(881) Concurrent Preclean 0.091ms
[2024-08-29T23:15:44.806+0800] GC(881) Pause Remark
[2024-08-29T23:15:44.807+0800] GC(881) Pause Remark 1022M->1022M(2048M) 0.866ms
[2024-08-29T23:15:44.807+0800] GC(881) User=0.00s Sys=0.00s Real=0.00s
[2024-08-29T23:15:44.807+0800] GC(881) Concurrent Mark 3.594ms
[2024-08-29T23:15:44.807+0800] GC(881) Concurrent Rebuild Remembered Sets
[2024-08-29T23:15:44.807+0800] GC(881) Concurrent Rebuild Remembered Sets 0.005ms
[2024-08-29T23:15:44.807+0800] GC(881) Pause Cleanup
[2024-08-29T23:15:44.807+0800] GC(881) Pause Cleanup 1022M->1022M(2048M) 0.013ms
[2024-08-29T23:15:44.807+0800] GC(881) User=0.00s Sys=0.00s Real=0.00s
[2024-08-29T23:15:44.807+0800] GC(881) Concurrent Cleanup for Next Mark
[2024-08-29T23:15:44.812+0800] GC(881) Concurrent Cleanup for Next Mark 4.664ms
[2024-08-29T23:15:44.812+0800] GC(881) Concurrent Mark Cycle 8.502ms
[2024-08-29T23:15:44.820+0800] GC(882) Pause Young (Concurrent Start) (G1 Humongous Allocation)
[2024-08-29T23:15:44.820+0800] GC(882) Using 8 workers of 8 for evacuation
[2024-08-29T23:15:44.821+0800] GC(882)   Pre Evacuate Collection Set: 0.2ms
[2024-08-29T23:15:44.821+0800] GC(882)   Merge Heap Roots: 0.1ms
[2024-08-29T23:15:44.821+0800] GC(882)   Evacuate Collection Set: 0.3ms
[2024-08-29T23:15:44.821+0800] GC(882)   Post Evacuate Collection Set: 0.3ms
[2024-08-29T23:15:44.821+0800] GC(882)   Other: 0.1ms
[2024-08-29T23:15:44.821+0800] GC(882) Eden regions: 4->0(851)
[2024-08-29T23:15:44.821+0800] GC(882) Survivor regions: 0->1(104)
[2024-08-29T23:15:44.821+0800] GC(882) Old regions: 1->1
[2024-08-29T23:15:44.821+0800] GC(882) Archive regions: 2->2
[2024-08-29T23:15:44.821+0800] GC(882) Humongous regions: 1030->986
[2024-08-29T23:15:44.821+0800] GC(882) Metaspace: 1625K(1792K)->1625K(1792K) NonClass: 1506K(1600K)->1506K(1600K) Class: 119K(192K)->119K(192K)
[2024-08-29T23:15:44.821+0800] GC(882) Pause Young (Concurrent Start) (G1 Humongous Allocation) 1035M->987M(2048M) 1.071ms
[2024-08-29T23:15:44.821+0800] GC(882) User=0.01s Sys=0.00s Real=0.00s
[2024-08-29T23:15:44.821+0800] GC(883) Concurrent Mark Cycle
[2024-08-29T23:15:44.821+0800] GC(883) Concurrent Clear Claimed Marks
[2024-08-29T23:15:44.821+0800] GC(883) Concurrent Clear Claimed Marks 0.005ms
[2024-08-29T23:15:44.821+0800] GC(883) Concurrent Scan Root Regions
[2024-08-29T23:15:44.821+0800] GC(883) Concurrent Scan Root Regions 0.062ms
[2024-08-29T23:15:44.821+0800] GC(883) Concurrent Mark
[2024-08-29T23:15:44.821+0800] GC(883) Concurrent Mark From Roots
[2024-08-29T23:15:44.821+0800] GC(883) Using 2 workers of 2 for marking
[2024-08-29T23:15:44.823+0800] GC(883) Concurrent Mark From Roots 2.351ms
[2024-08-29T23:15:44.823+0800] GC(883) Concurrent Preclean
[2024-08-29T23:15:44.824+0800] GC(883) Concurrent Preclean 0.071ms
[2024-08-29T23:15:44.824+0800] GC(883) Pause Remark
[2024-08-29T23:15:44.825+0800] GC(883) Pause Remark 1000M->1000M(2048M) 1.151ms
[2024-08-29T23:15:44.825+0800] GC(883) User=0.00s Sys=0.00s Real=0.00s
[2024-08-29T23:15:44.825+0800] GC(883) Concurrent Mark 3.719ms
[2024-08-29T23:15:44.825+0800] GC(883) Concurrent Rebuild Remembered Sets
[2024-08-29T23:15:44.825+0800] GC(883) Concurrent Rebuild Remembered Sets 0.017ms
[2024-08-29T23:15:44.825+0800] GC(883) Pause Cleanup
[2024-08-29T23:15:44.825+0800] GC(883) Pause Cleanup 1001M->1001M(2048M) 0.010ms
[2024-08-29T23:15:44.825+0800] GC(883) User=0.00s Sys=0.00s Real=0.00s
[2024-08-29T23:15:44.825+0800] GC(883) Concurrent Cleanup for Next Mark
[2024-08-29T23:15:44.830+0800] GC(883) Concurrent Cleanup for Next Mark 4.931ms
[2024-08-29T23:15:44.830+0800] GC(883) Concurrent Mark Cycle 8.901ms
[2024-08-29T23:15:44.833+0800] GC(884) Pause Young (Concurrent Start) (G1 Humongous Allocation)
[2024-08-29T23:15:44.833+0800] GC(884) Using 8 workers of 8 for evacuation
[2024-08-29T23:15:44.834+0800] GC(884)   Pre Evacuate Collection Set: 0.2ms
[2024-08-29T23:15:44.834+0800] GC(884)   Merge Heap Roots: 0.1ms
[2024-08-29T23:15:44.834+0800] GC(884)   Evacuate Collection Set: 0.4ms
[2024-08-29T23:15:44.834+0800] GC(884)   Post Evacuate Collection Set: 0.6ms
[2024-08-29T23:15:44.834+0800] GC(884)   Other: 0.1ms
[2024-08-29T23:15:44.834+0800] GC(884) Eden regions: 4->0(861)
[2024-08-29T23:15:44.834+0800] GC(884) Survivor regions: 1->0(107)
[2024-08-29T23:15:44.834+0800] GC(884) Old regions: 1->1
[2024-08-29T23:15:44.834+0800] GC(884) Archive regions: 2->2
[2024-08-29T23:15:44.834+0800] GC(884) Humongous regions: 1012->978
[2024-08-29T23:15:44.834+0800] GC(884) Metaspace: 1625K(1792K)->1625K(1792K) NonClass: 1506K(1600K)->1506K(1600K) Class: 119K(192K)->119K(192K)
[2024-08-29T23:15:44.834+0800] GC(884) Pause Young (Concurrent Start) (G1 Humongous Allocation) 1016M->979M(2048M) 1.464ms
[2024-08-29T23:15:44.834+0800] GC(884) User=0.00s Sys=0.00s Real=0.00s
[2024-08-29T23:15:44.834+0800] GC(885) Concurrent Mark Cycle
[2024-08-29T23:15:44.834+0800] GC(885) Concurrent Clear Claimed Marks
[2024-08-29T23:15:44.835+0800] GC(885) Concurrent Clear Claimed Marks 0.006ms
[2024-08-29T23:15:44.835+0800] GC(885) Concurrent Scan Root Regions
[2024-08-29T23:15:44.835+0800] GC(885) Concurrent Scan Root Regions 0.004ms
[2024-08-29T23:15:44.835+0800] GC(885) Concurrent Mark
[2024-08-29T23:15:44.835+0800] GC(885) Concurrent Mark From Roots
[2024-08-29T23:15:44.835+0800] GC(885) Using 2 workers of 2 for marking
[2024-08-29T23:15:44.839+0800] GC(885) Concurrent Mark From Roots 4.306ms
[2024-08-29T23:15:44.839+0800] GC(885) Concurrent Preclean
[2024-08-29T23:15:44.839+0800] GC(885) Concurrent Preclean 0.071ms
[2024-08-29T23:15:44.840+0800] GC(885) Pause Remark
[2024-08-29T23:15:44.841+0800] GC(885) Pause Remark 997M->997M(2048M) 1.184ms
[2024-08-29T23:15:44.841+0800] GC(885) User=0.00s Sys=0.00s Real=0.00s
[2024-08-29T23:15:44.841+0800] GC(885) Concurrent Mark 6.765ms
[2024-08-29T23:15:44.841+0800] GC(885) Concurrent Rebuild Remembered Sets
[2024-08-29T23:15:44.841+0800] GC(885) Concurrent Rebuild Remembered Sets 0.005ms
[2024-08-29T23:15:44.842+0800] GC(885) Pause Cleanup
[2024-08-29T23:15:44.842+0800] GC(885) Pause Cleanup 1003M->1003M(2048M) 0.031ms
[2024-08-29T23:15:44.842+0800] GC(885) User=0.00s Sys=0.00s Real=0.00s
[2024-08-29T23:15:44.842+0800] GC(885) Concurrent Cleanup for Next Mark
[2024-08-29T23:15:44.846+0800] GC(885) Concurrent Cleanup for Next Mark 3.785ms
[2024-08-29T23:15:44.846+0800] GC(885) Concurrent Mark Cycle 11.290ms
[2024-08-29T23:15:44.847+0800] GC(886) Pause Young (Concurrent Start) (G1 Humongous Allocation)
[2024-08-29T23:15:44.847+0800] GC(886) Using 8 workers of 8 for evacuation
[2024-08-29T23:15:44.848+0800] GC(886)   Pre Evacuate Collection Set: 0.2ms
[2024-08-29T23:15:44.848+0800] GC(886)   Merge Heap Roots: 0.1ms
[2024-08-29T23:15:44.848+0800] GC(886)   Evacuate Collection Set: 0.4ms
[2024-08-29T23:15:44.848+0800] GC(886)   Post Evacuate Collection Set: 0.3ms
[2024-08-29T23:15:44.848+0800] GC(886)   Other: 0.1ms
[2024-08-29T23:15:44.848+0800] GC(886) Eden regions: 4->0(889)
[2024-08-29T23:15:44.848+0800] GC(886) Survivor regions: 0->1(108)
[2024-08-29T23:15:44.848+0800] GC(886) Old regions: 1->1
[2024-08-29T23:15:44.848+0800] GC(886) Archive regions: 2->2
[2024-08-29T23:15:44.848+0800] GC(886) Humongous regions: 1002->949
[2024-08-29T23:15:44.848+0800] GC(886) Metaspace: 1625K(1792K)->1625K(1792K) NonClass: 1506K(1600K)->1506K(1600K) Class: 119K(192K)->119K(192K)
[2024-08-29T23:15:44.848+0800] GC(886) Pause Young (Concurrent Start) (G1 Humongous Allocation) 1006M->950M(2048M) 1.083ms
[2024-08-29T23:15:44.848+0800] GC(886) User=0.00s Sys=0.00s Real=0.00s
[2024-08-29T23:15:44.848+0800] GC(887) Concurrent Mark Cycle
[2024-08-29T23:15:44.848+0800] GC(887) Concurrent Clear Claimed Marks
[2024-08-29T23:15:44.848+0800] GC(887) Concurrent Clear Claimed Marks 0.005ms
[2024-08-29T23:15:44.848+0800] GC(887) Concurrent Scan Root Regions
[2024-08-29T23:15:44.848+0800] GC(887) Concurrent Scan Root Regions 0.083ms
[2024-08-29T23:15:44.848+0800] GC(887) Concurrent Mark
[2024-08-29T23:15:44.848+0800] GC(887) Concurrent Mark From Roots
[2024-08-29T23:15:44.848+0800] GC(887) Using 2 workers of 2 for marking
[2024-08-29T23:15:44.851+0800] GC(887) Concurrent Mark From Roots 3.131ms
[2024-08-29T23:15:44.851+0800] GC(887) Concurrent Preclean
[2024-08-29T23:15:44.851+0800] GC(887) Concurrent Preclean 0.075ms
[2024-08-29T23:15:44.852+0800] GC(887) Pause Remark
[2024-08-29T23:15:44.853+0800] GC(887) Pause Remark 975M->975M(2048M) 1.165ms
[2024-08-29T23:15:44.853+0800] GC(887) User=0.00s Sys=0.00s Real=0.01s
[2024-08-29T23:15:44.853+0800] GC(887) Concurrent Mark 5.046ms
[2024-08-29T23:15:44.853+0800] GC(887) Concurrent Rebuild Remembered Sets
[2024-08-29T23:15:44.853+0800] GC(887) Concurrent Rebuild Remembered Sets 0.005ms
[2024-08-29T23:15:44.854+0800] GC(887) Pause Cleanup
[2024-08-29T23:15:44.854+0800] GC(887) Pause Cleanup 978M->978M(2048M) 0.019ms
[2024-08-29T23:15:44.854+0800] GC(887) User=0.00s Sys=0.00s Real=0.00s
[2024-08-29T23:15:44.854+0800] GC(887) Concurrent Cleanup for Next Mark
[2024-08-29T23:15:44.858+0800] GC(887) Concurrent Cleanup for Next Mark 4.094ms
[2024-08-29T23:15:44.858+0800] GC(887) Concurrent Mark Cycle 10.101ms
[2024-08-29T23:15:44.861+0800] GC(888) Pause Young (Concurrent Start) (G1 Humongous Allocation)
[2024-08-29T23:15:44.861+0800] GC(888) Using 8 workers of 8 for evacuation
[2024-08-29T23:15:44.862+0800] GC(888)   Pre Evacuate Collection Set: 0.2ms
[2024-08-29T23:15:44.862+0800] GC(888)   Merge Heap Roots: 0.1ms
[2024-08-29T23:15:44.862+0800] GC(888)   Evacuate Collection Set: 0.3ms
[2024-08-29T23:15:44.862+0800] GC(888)   Post Evacuate Collection Set: 0.3ms
[2024-08-29T23:15:44.862+0800] GC(888)   Other: 0.1ms
[2024-08-29T23:15:44.862+0800] GC(888) Eden regions: 4->0(902)
[2024-08-29T23:15:44.862+0800] GC(888) Survivor regions: 1->0(112)
[2024-08-29T23:15:44.862+0800] GC(888) Old regions: 1->1
[2024-08-29T23:15:44.862+0800] GC(888) Archive regions: 2->2
[2024-08-29T23:15:44.862+0800] GC(888) Humongous regions: 986->937
[2024-08-29T23:15:44.862+0800] GC(888) Metaspace: 1625K(1792K)->1625K(1792K) NonClass: 1506K(1600K)->1506K(1600K) Class: 119K(192K)->119K(192K)
[2024-08-29T23:15:44.862+0800] GC(888) Pause Young (Concurrent Start) (G1 Humongous Allocation) 991M->938M(2048M) 1.029ms
[2024-08-29T23:15:44.862+0800] GC(888) User=0.00s Sys=0.01s Real=0.00s
[2024-08-29T23:15:44.862+0800] GC(889) Concurrent Mark Cycle
[2024-08-29T23:15:44.862+0800] GC(889) Concurrent Clear Claimed Marks
[2024-08-29T23:15:44.862+0800] GC(889) Concurrent Clear Claimed Marks 0.005ms
[2024-08-29T23:15:44.862+0800] GC(889) Concurrent Scan Root Regions
[2024-08-29T23:15:44.862+0800] GC(889) Concurrent Scan Root Regions 0.004ms
[2024-08-29T23:15:44.862+0800] GC(889) Concurrent Mark
[2024-08-29T23:15:44.862+0800] GC(889) Concurrent Mark From Roots
[2024-08-29T23:15:44.862+0800] GC(889) Using 2 workers of 2 for marking
[2024-08-29T23:15:44.864+0800] GC(889) Concurrent Mark From Roots 2.383ms
[2024-08-29T23:15:44.864+0800] GC(889) Concurrent Preclean
[2024-08-29T23:15:44.865+0800] GC(889) Concurrent Preclean 0.085ms
[2024-08-29T23:15:44.865+0800] GC(889) Pause Remark
[2024-08-29T23:15:44.865+0800] GC(889) Pause Remark 949M->949M(2048M) 0.911ms
[2024-08-29T23:15:44.866+0800] GC(889) User=0.00s Sys=0.00s Real=0.00s
[2024-08-29T23:15:44.866+0800] GC(889) Concurrent Mark 3.550ms
[2024-08-29T23:15:44.866+0800] GC(889) Concurrent Rebuild Remembered Sets
[2024-08-29T23:15:44.866+0800] GC(889) Concurrent Rebuild Remembered Sets 0.007ms
[2024-08-29T23:15:44.866+0800] GC(889) Pause Cleanup
[2024-08-29T23:15:44.866+0800] GC(889) Pause Cleanup 950M->950M(2048M) 0.015ms
[2024-08-29T23:15:44.866+0800] GC(889) User=0.00s Sys=0.00s Real=0.00s
[2024-08-29T23:15:44.866+0800] GC(889) Concurrent Cleanup for Next Mark
[2024-08-29T23:15:44.870+0800] GC(889) Concurrent Cleanup for Next Mark 3.886ms
[2024-08-29T23:15:44.870+0800] GC(889) Concurrent Mark Cycle 7.965ms
[2024-08-29T23:15:44.871+0800] GC(890) Pause Young (Concurrent Start) (G1 Humongous Allocation)
[2024-08-29T23:15:44.871+0800] GC(890) Using 8 workers of 8 for evacuation
[2024-08-29T23:15:44.872+0800] GC(890)   Pre Evacuate Collection Set: 0.2ms
[2024-08-29T23:15:44.872+0800] GC(890)   Merge Heap Roots: 0.1ms
[2024-08-29T23:15:44.872+0800] GC(890)   Evacuate Collection Set: 0.3ms
[2024-08-29T23:15:44.872+0800] GC(890)   Post Evacuate Collection Set: 0.3ms
[2024-08-29T23:15:44.872+0800] GC(890)   Other: 0.1ms
[2024-08-29T23:15:44.872+0800] GC(890) Eden regions: 3->0(904)
[2024-08-29T23:15:44.872+0800] GC(890) Survivor regions: 0->0(113)
[2024-08-29T23:15:44.872+0800] GC(890) Old regions: 1->1
[2024-08-29T23:15:44.872+0800] GC(890) Archive regions: 2->2
[2024-08-29T23:15:44.872+0800] GC(890) Humongous regions: 953->935
[2024-08-29T23:15:44.872+0800] GC(890) Metaspace: 1625K(1792K)->1625K(1792K) NonClass: 1506K(1600K)->1506K(1600K) Class: 119K(192K)->119K(192K)
[2024-08-29T23:15:44.872+0800] GC(890) Pause Young (Concurrent Start) (G1 Humongous Allocation) 957M->936M(2048M) 1.018ms
[2024-08-29T23:15:44.872+0800] GC(890) User=0.00s Sys=0.00s Real=0.00s
[2024-08-29T23:15:44.872+0800] GC(891) Concurrent Mark Cycle
[2024-08-29T23:15:44.872+0800] GC(891) Concurrent Clear Claimed Marks
[2024-08-29T23:15:44.872+0800] GC(891) Concurrent Clear Claimed Marks 0.005ms
[2024-08-29T23:15:44.872+0800] GC(891) Concurrent Scan Root Regions
[2024-08-29T23:15:44.872+0800] GC(891) Concurrent Scan Root Regions 0.004ms
[2024-08-29T23:15:44.872+0800] GC(891) Concurrent Mark
[2024-08-29T23:15:44.872+0800] GC(891) Concurrent Mark From Roots
[2024-08-29T23:15:44.872+0800] GC(891) Using 2 workers of 2 for marking
[2024-08-29T23:15:44.874+0800] GC(891) Concurrent Mark From Roots 2.256ms
[2024-08-29T23:15:44.874+0800] GC(891) Concurrent Preclean
[2024-08-29T23:15:44.874+0800] GC(891) Concurrent Preclean 0.067ms
[2024-08-29T23:15:44.874+0800] GC(891) Pause Remark
[2024-08-29T23:15:44.875+0800] GC(891) Pause Remark 948M->948M(2048M) 1.012ms
[2024-08-29T23:15:44.875+0800] GC(891) User=0.00s Sys=0.01s Real=0.00s
[2024-08-29T23:15:44.875+0800] GC(891) Concurrent Mark 3.472ms
[2024-08-29T23:15:44.876+0800] GC(891) Concurrent Rebuild Remembered Sets
[2024-08-29T23:15:44.876+0800] GC(891) Concurrent Rebuild Remembered Sets 0.005ms
[2024-08-29T23:15:44.877+0800] GC(891) Pause Cleanup
[2024-08-29T23:15:44.877+0800] GC(891) Pause Cleanup 953M->953M(2048M) 0.019ms
[2024-08-29T23:15:44.877+0800] GC(891) User=0.00s Sys=0.00s Real=0.00s
[2024-08-29T23:15:44.877+0800] GC(891) Concurrent Cleanup for Next Mark
[2024-08-29T23:15:44.881+0800] GC(891) Concurrent Cleanup for Next Mark 4.068ms
[2024-08-29T23:15:44.881+0800] GC(891) Concurrent Mark Cycle 9.048ms
[2024-08-29T23:15:44.883+0800] GC(892) Pause Young (Concurrent Start) (G1 Humongous Allocation)
[2024-08-29T23:15:44.883+0800] GC(892) Using 8 workers of 8 for evacuation
[2024-08-29T23:15:44.884+0800] GC(892)   Pre Evacuate Collection Set: 0.2ms
[2024-08-29T23:15:44.884+0800] GC(892)   Merge Heap Roots: 0.1ms
[2024-08-29T23:15:44.884+0800] GC(892)   Evacuate Collection Set: 0.3ms
[2024-08-29T23:15:44.884+0800] GC(892)   Post Evacuate Collection Set: 0.3ms
[2024-08-29T23:15:44.884+0800] GC(892)   Other: 0.1ms
[2024-08-29T23:15:44.884+0800] GC(892) Eden regions: 4->0(887)
[2024-08-29T23:15:44.884+0800] GC(892) Survivor regions: 0->0(113)
[2024-08-29T23:15:44.884+0800] GC(892) Old regions: 1->1
[2024-08-29T23:15:44.884+0800] GC(892) Archive regions: 2->2
[2024-08-29T23:15:44.884+0800] GC(892) Humongous regions: 961->952
[2024-08-29T23:15:44.884+0800] GC(892) Metaspace: 1625K(1792K)->1625K(1792K) NonClass: 1506K(1600K)->1506K(1600K) Class: 119K(192K)->119K(192K)
[2024-08-29T23:15:44.884+0800] GC(892) Pause Young (Concurrent Start) (G1 Humongous Allocation) 965M->953M(2048M) 1.066ms
[2024-08-29T23:15:44.884+0800] GC(892) User=0.00s Sys=0.00s Real=0.00s
[2024-08-29T23:15:44.884+0800] GC(893) Concurrent Mark Cycle
[2024-08-29T23:15:44.884+0800] GC(893) Concurrent Clear Claimed Marks
[2024-08-29T23:15:44.884+0800] GC(893) Concurrent Clear Claimed Marks 0.006ms
[2024-08-29T23:15:44.884+0800] GC(893) Concurrent Scan Root Regions
[2024-08-29T23:15:44.884+0800] GC(893) Concurrent Scan Root Regions 0.004ms
[2024-08-29T23:15:44.884+0800] GC(893) Concurrent Mark
[2024-08-29T23:15:44.884+0800] GC(893) Concurrent Mark From Roots
[2024-08-29T23:15:44.884+0800] GC(893) Using 2 workers of 2 for marking
[2024-08-29T23:15:44.886+0800] GC(893) Concurrent Mark From Roots 2.182ms
[2024-08-29T23:15:44.886+0800] GC(893) Concurrent Preclean
[2024-08-29T23:15:44.886+0800] GC(893) Concurrent Preclean 0.072ms
[2024-08-29T23:15:44.886+0800] GC(893) Pause Remark
[2024-08-29T23:15:44.887+0800] GC(893) Pause Remark 965M->965M(2048M) 1.071ms
[2024-08-29T23:15:44.887+0800] GC(893) User=0.00s Sys=0.00s Real=0.00s
[2024-08-29T23:15:44.888+0800] GC(893) Concurrent Mark 3.460ms
[2024-08-29T23:15:44.888+0800] GC(893) Concurrent Rebuild Remembered Sets
[2024-08-29T23:15:44.888+0800] GC(893) Concurrent Rebuild Remembered Sets 0.005ms
[2024-08-29T23:15:44.889+0800] GC(893) Pause Cleanup
[2024-08-29T23:15:44.889+0800] GC(893) Pause Cleanup 970M->970M(2048M) 0.024ms
[2024-08-29T23:15:44.889+0800] GC(893) User=0.00s Sys=0.00s Real=0.00s
[2024-08-29T23:15:44.889+0800] GC(893) Concurrent Cleanup for Next Mark
[2024-08-29T23:15:44.894+0800] GC(893) Concurrent Cleanup for Next Mark 4.665ms
[2024-08-29T23:15:44.894+0800] GC(893) Concurrent Mark Cycle 9.705ms
[2024-08-29T23:15:44.894+0800] GC(894) Pause Young (Concurrent Start) (G1 Humongous Allocation)
[2024-08-29T23:15:44.894+0800] GC(894) Using 8 workers of 8 for evacuation
[2024-08-29T23:15:44.895+0800] GC(894)   Pre Evacuate Collection Set: 0.2ms
[2024-08-29T23:15:44.895+0800] GC(894)   Merge Heap Roots: 0.1ms
[2024-08-29T23:15:44.895+0800] GC(894)   Evacuate Collection Set: 0.3ms
[2024-08-29T23:15:44.895+0800] GC(894)   Post Evacuate Collection Set: 0.3ms
[2024-08-29T23:15:44.895+0800] GC(894)   Other: 0.1ms
[2024-08-29T23:15:44.895+0800] GC(894) Eden regions: 4->0(876)
[2024-08-29T23:15:44.895+0800] GC(894) Survivor regions: 0->0(111)
[2024-08-29T23:15:44.895+0800] GC(894) Old regions: 1->1
[2024-08-29T23:15:44.895+0800] GC(894) Archive regions: 2->2
[2024-08-29T23:15:44.895+0800] GC(894) Humongous regions: 980->963
[2024-08-29T23:15:44.895+0800] GC(894) Metaspace: 1625K(1792K)->1625K(1792K) NonClass: 1506K(1600K)->1506K(1600K) Class: 119K(192K)->119K(192K)
[2024-08-29T23:15:44.895+0800] GC(894) Pause Young (Concurrent Start) (G1 Humongous Allocation) 984M->964M(2048M) 1.058ms
[2024-08-29T23:15:44.895+0800] GC(894) User=0.00s Sys=0.00s Real=0.00s
[2024-08-29T23:15:44.895+0800] GC(895) Concurrent Mark Cycle
[2024-08-29T23:15:44.895+0800] GC(895) Concurrent Clear Claimed Marks
[2024-08-29T23:15:44.895+0800] GC(895) Concurrent Clear Claimed Marks 0.005ms
[2024-08-29T23:15:44.895+0800] GC(895) Concurrent Scan Root Regions
[2024-08-29T23:15:44.895+0800] GC(895) Concurrent Scan Root Regions 0.004ms
[2024-08-29T23:15:44.895+0800] GC(895) Concurrent Mark
[2024-08-29T23:15:44.895+0800] GC(895) Concurrent Mark From Roots
[2024-08-29T23:15:44.895+0800] GC(895) Using 2 workers of 2 for marking
[2024-08-29T23:15:44.897+0800] GC(895) Concurrent Mark From Roots 2.098ms
[2024-08-29T23:15:44.897+0800] GC(895) Concurrent Preclean
[2024-08-29T23:15:44.897+0800] GC(895) Concurrent Preclean 0.068ms
[2024-08-29T23:15:44.897+0800] GC(895) Pause Remark
[2024-08-29T23:15:44.898+0800] GC(895) Pause Remark 973M->973M(2048M) 1.203ms
[2024-08-29T23:15:44.898+0800] GC(895) User=0.00s Sys=0.00s Real=0.00s
[2024-08-29T23:15:44.899+0800] GC(895) Concurrent Mark 3.503ms
[2024-08-29T23:15:44.899+0800] GC(895) Concurrent Rebuild Remembered Sets
[2024-08-29T23:15:44.899+0800] GC(895) Concurrent Rebuild Remembered Sets 0.005ms
[2024-08-29T23:15:44.899+0800] GC(895) Pause Cleanup
[2024-08-29T23:15:44.899+0800] GC(895) Pause Cleanup 978M->978M(2048M) 0.011ms
[2024-08-29T23:15:44.899+0800] GC(895) User=0.00s Sys=0.00s Real=0.00s
[2024-08-29T23:15:44.899+0800] GC(895) Concurrent Cleanup for Next Mark
[2024-08-29T23:15:44.903+0800] GC(895) Concurrent Cleanup for Next Mark 4.062ms
[2024-08-29T23:15:44.903+0800] GC(895) Concurrent Mark Cycle 8.184ms
[2024-08-29T23:15:44.904+0800] GC(896) Pause Young (Concurrent Start) (G1 Humongous Allocation)
[2024-08-29T23:15:44.904+0800] GC(896) Using 8 workers of 8 for evacuation
[2024-08-29T23:15:44.905+0800] GC(896)   Pre Evacuate Collection Set: 0.2ms
[2024-08-29T23:15:44.905+0800] GC(896)   Merge Heap Roots: 0.1ms
[2024-08-29T23:15:44.905+0800] GC(896)   Evacuate Collection Set: 0.3ms
[2024-08-29T23:15:44.905+0800] GC(896)   Post Evacuate Collection Set: 0.3ms
[2024-08-29T23:15:44.905+0800] GC(896)   Other: 0.1ms
[2024-08-29T23:15:44.905+0800] GC(896) Eden regions: 4->0(874)
[2024-08-29T23:15:44.905+0800] GC(896) Survivor regions: 0->0(110)
[2024-08-29T23:15:44.905+0800] GC(896) Old regions: 1->1
[2024-08-29T23:15:44.905+0800] GC(896) Archive regions: 2->2
[2024-08-29T23:15:44.905+0800] GC(896) Humongous regions: 990->965
[2024-08-29T23:15:44.905+0800] GC(896) Metaspace: 1625K(1792K)->1625K(1792K) NonClass: 1506K(1600K)->1506K(1600K) Class: 119K(192K)->119K(192K)
[2024-08-29T23:15:44.905+0800] GC(896) Pause Young (Concurrent Start) (G1 Humongous Allocation) 994M->966M(2048M) 1.165ms
[2024-08-29T23:15:44.905+0800] GC(896) User=0.00s Sys=0.00s Real=0.00s
[2024-08-29T23:15:44.905+0800] GC(897) Concurrent Mark Cycle
[2024-08-29T23:15:44.905+0800] GC(897) Concurrent Clear Claimed Marks
[2024-08-29T23:15:44.905+0800] GC(897) Concurrent Clear Claimed Marks 0.006ms
[2024-08-29T23:15:44.905+0800] GC(897) Concurrent Scan Root Regions
[2024-08-29T23:15:44.905+0800] GC(897) Concurrent Scan Root Regions 0.004ms
[2024-08-29T23:15:44.905+0800] GC(897) Concurrent Mark
[2024-08-29T23:15:44.905+0800] GC(897) Concurrent Mark From Roots
[2024-08-29T23:15:44.905+0800] GC(897) Using 2 workers of 2 for marking
[2024-08-29T23:15:44.908+0800] GC(897) Concurrent Mark From Roots 2.709ms
[2024-08-29T23:15:44.908+0800] GC(897) Concurrent Preclean
[2024-08-29T23:15:44.908+0800] GC(897) Concurrent Preclean 0.071ms
[2024-08-29T23:15:44.908+0800] GC(897) Pause Remark
[2024-08-29T23:15:44.909+0800] GC(897) Pause Remark 984M->984M(2048M) 0.939ms
[2024-08-29T23:15:44.909+0800] GC(897) User=0.00s Sys=0.00s Real=0.00s
[2024-08-29T23:15:44.909+0800] GC(897) Concurrent Mark 3.875ms
[2024-08-29T23:15:44.909+0800] GC(897) Concurrent Rebuild Remembered Sets
[2024-08-29T23:15:44.909+0800] GC(897) Concurrent Rebuild Remembered Sets 0.006ms
[2024-08-29T23:15:44.910+0800] GC(897) Pause Cleanup
[2024-08-29T23:15:44.910+0800] GC(897) Pause Cleanup 990M->990M(2048M) 0.016ms
[2024-08-29T23:15:44.910+0800] GC(897) User=0.00s Sys=0.00s Real=0.00s
[2024-08-29T23:15:44.910+0800] GC(897) Concurrent Cleanup for Next Mark
[2024-08-29T23:15:44.915+0800] GC(897) Concurrent Cleanup for Next Mark 5.252ms
[2024-08-29T23:15:44.915+0800] GC(897) Concurrent Mark Cycle 10.126ms
[2024-08-29T23:15:44.921+0800] GC(898) Pause Young (Concurrent Start) (G1 Humongous Allocation)
[2024-08-29T23:15:44.921+0800] GC(898) Using 8 workers of 8 for evacuation
[2024-08-29T23:15:44.922+0800] GC(898)   Pre Evacuate Collection Set: 0.3ms
[2024-08-29T23:15:44.922+0800] GC(898)   Merge Heap Roots: 0.2ms
[2024-08-29T23:15:44.922+0800] GC(898)   Evacuate Collection Set: 0.5ms
[2024-08-29T23:15:44.922+0800] GC(898)   Post Evacuate Collection Set: 0.3ms
[2024-08-29T23:15:44.923+0800] GC(898)   Other: 0.2ms
[2024-08-29T23:15:44.923+0800] GC(898) Eden regions: 4->0(854)
[2024-08-29T23:15:44.923+0800] GC(898) Survivor regions: 0->0(110)
[2024-08-29T23:15:44.923+0800] GC(898) Old regions: 1->1
[2024-08-29T23:15:44.923+0800] GC(898) Archive regions: 2->2
[2024-08-29T23:15:44.923+0800] GC(898) Humongous regions: 1013->985
[2024-08-29T23:15:44.923+0800] GC(898) Metaspace: 1625K(1792K)->1625K(1792K) NonClass: 1506K(1600K)->1506K(1600K) Class: 119K(192K)->119K(192K)
[2024-08-29T23:15:44.923+0800] GC(898) Pause Young (Concurrent Start) (G1 Humongous Allocation) 1018M->986M(2048M) 1.473ms
[2024-08-29T23:15:44.923+0800] GC(898) User=0.00s Sys=0.00s Real=0.01s
[2024-08-29T23:15:44.923+0800] GC(899) Concurrent Mark Cycle
[2024-08-29T23:15:44.923+0800] GC(899) Concurrent Clear Claimed Marks
[2024-08-29T23:15:44.923+0800] GC(899) Concurrent Clear Claimed Marks 0.006ms
[2024-08-29T23:15:44.923+0800] GC(899) Concurrent Scan Root Regions
[2024-08-29T23:15:44.923+0800] GC(899) Concurrent Scan Root Regions 0.004ms
[2024-08-29T23:15:44.923+0800] GC(899) Concurrent Mark
[2024-08-29T23:15:44.923+0800] GC(899) Concurrent Mark From Roots
[2024-08-29T23:15:44.923+0800] GC(899) Using 2 workers of 2 for marking
[2024-08-29T23:15:44.925+0800] GC(899) Concurrent Mark From Roots 2.625ms
[2024-08-29T23:15:44.925+0800] GC(899) Concurrent Preclean
[2024-08-29T23:15:44.925+0800] GC(899) Concurrent Preclean 0.074ms
[2024-08-29T23:15:44.925+0800] GC(899) Pause Remark
[2024-08-29T23:15:44.926+0800] GC(899) Pause Remark 1006M->1006M(2048M) 0.894ms
[2024-08-29T23:15:44.926+0800] GC(899) User=0.00s Sys=0.00s Real=0.00s
[2024-08-29T23:15:44.926+0800] GC(899) Concurrent Mark 3.730ms
[2024-08-29T23:15:44.926+0800] GC(899) Concurrent Rebuild Remembered Sets
[2024-08-29T23:15:44.926+0800] GC(899) Concurrent Rebuild Remembered Sets 0.005ms
[2024-08-29T23:15:44.926+0800] GC(899) Pause Cleanup
[2024-08-29T23:15:44.926+0800] GC(899) Pause Cleanup 1006M->1006M(2048M) 0.026ms
[2024-08-29T23:15:44.926+0800] GC(899) User=0.00s Sys=0.01s Real=0.00s
[2024-08-29T23:15:44.926+0800] GC(899) Concurrent Cleanup for Next Mark
[2024-08-29T23:15:44.931+0800] GC(899) Concurrent Cleanup for Next Mark 4.946ms
[2024-08-29T23:15:44.931+0800] GC(899) Concurrent Mark Cycle 8.889ms
[2024-08-29T23:15:44.935+0800] GC(900) Pause Young (Concurrent Start) (G1 Humongous Allocation)
[2024-08-29T23:15:44.935+0800] GC(900) Using 8 workers of 8 for evacuation
[2024-08-29T23:15:44.936+0800] GC(900)   Pre Evacuate Collection Set: 0.3ms
[2024-08-29T23:15:44.936+0800] GC(900)   Merge Heap Roots: 0.1ms
[2024-08-29T23:15:44.936+0800] GC(900)   Evacuate Collection Set: 0.5ms
[2024-08-29T23:15:44.936+0800] GC(900)   Post Evacuate Collection Set: 0.4ms
[2024-08-29T23:15:44.936+0800] GC(900)   Other: 0.2ms
[2024-08-29T23:15:44.936+0800] GC(900) Eden regions: 4->0(842)
[2024-08-29T23:15:44.936+0800] GC(900) Survivor regions: 0->0(107)
[2024-08-29T23:15:44.936+0800] GC(900) Old regions: 1->1
[2024-08-29T23:15:44.936+0800] GC(900) Archive regions: 2->2
[2024-08-29T23:15:44.937+0800] GC(900) Humongous regions: 1016->997
[2024-08-29T23:15:44.937+0800] GC(900) Metaspace: 1625K(1792K)->1625K(1792K) NonClass: 1506K(1600K)->1506K(1600K) Class: 119K(192K)->119K(192K)
[2024-08-29T23:15:44.937+0800] GC(900) Pause Young (Concurrent Start) (G1 Humongous Allocation) 1020M->998M(2048M) 1.472ms
[2024-08-29T23:15:44.937+0800] GC(900) User=0.00s Sys=0.00s Real=0.00s
[2024-08-29T23:15:44.937+0800] GC(901) Concurrent Mark Cycle
[2024-08-29T23:15:44.937+0800] GC(901) Concurrent Clear Claimed Marks
[2024-08-29T23:15:44.937+0800] GC(901) Concurrent Clear Claimed Marks 0.005ms
[2024-08-29T23:15:44.937+0800] GC(901) Concurrent Scan Root Regions
[2024-08-29T23:15:44.937+0800] GC(901) Concurrent Scan Root Regions 0.004ms
[2024-08-29T23:15:44.937+0800] GC(901) Concurrent Mark
[2024-08-29T23:15:44.937+0800] GC(901) Concurrent Mark From Roots
[2024-08-29T23:15:44.937+0800] GC(901) Using 2 workers of 2 for marking
[2024-08-29T23:15:44.939+0800] GC(901) Concurrent Mark From Roots 2.352ms
[2024-08-29T23:15:44.939+0800] GC(901) Concurrent Preclean
[2024-08-29T23:15:44.939+0800] GC(901) Concurrent Preclean 0.067ms
[2024-08-29T23:15:44.939+0800] GC(901) Pause Remark
[2024-08-29T23:15:44.940+0800] GC(901) Pause Remark 1012M->1012M(2048M) 1.203ms
[2024-08-29T23:15:44.940+0800] GC(901) User=0.01s Sys=0.00s Real=0.00s
[2024-08-29T23:15:44.940+0800] GC(901) Concurrent Mark 3.778ms
[2024-08-29T23:15:44.940+0800] GC(901) Concurrent Rebuild Remembered Sets
[2024-08-29T23:15:44.940+0800] GC(901) Concurrent Rebuild Remembered Sets 0.005ms
[2024-08-29T23:15:44.941+0800] GC(901) Pause Cleanup
[2024-08-29T23:15:44.941+0800] GC(901) Pause Cleanup 1014M->1014M(2048M) 0.014ms
[2024-08-29T23:15:44.941+0800] GC(901) User=0.00s Sys=0.00s Real=0.00s
[2024-08-29T23:15:44.941+0800] GC(901) Concurrent Cleanup for Next Mark
[2024-08-29T23:15:44.945+0800] GC(901) Concurrent Cleanup for Next Mark 3.810ms
[2024-08-29T23:15:44.945+0800] GC(901) Concurrent Mark Cycle 8.298ms
[2024-08-29T23:15:44.945+0800] GC(902) Pause Young (Concurrent Start) (G1 Humongous Allocation)
[2024-08-29T23:15:44.945+0800] GC(902) Using 8 workers of 8 for evacuation
[2024-08-29T23:15:44.946+0800] GC(902)   Pre Evacuate Collection Set: 0.2ms
[2024-08-29T23:15:44.946+0800] GC(902)   Merge Heap Roots: 0.1ms
[2024-08-29T23:15:44.946+0800] GC(902)   Evacuate Collection Set: 0.3ms
[2024-08-29T23:15:44.946+0800] GC(902)   Post Evacuate Collection Set: 0.3ms
[2024-08-29T23:15:44.946+0800] GC(902)   Other: 0.1ms
[2024-08-29T23:15:44.946+0800] GC(902) Eden regions: 3->0(855)
[2024-08-29T23:15:44.946+0800] GC(902) Survivor regions: 0->0(106)
[2024-08-29T23:15:44.946+0800] GC(902) Old regions: 1->1
[2024-08-29T23:15:44.946+0800] GC(902) Archive regions: 2->2
[2024-08-29T23:15:44.946+0800] GC(902) Humongous regions: 1018->984
[2024-08-29T23:15:44.946+0800] GC(902) Metaspace: 1625K(1792K)->1625K(1792K) NonClass: 1506K(1600K)->1506K(1600K) Class: 119K(192K)->119K(192K)
[2024-08-29T23:15:44.946+0800] GC(902) Pause Young (Concurrent Start) (G1 Humongous Allocation) 1022M->985M(2048M) 1.157ms
[2024-08-29T23:15:44.946+0800] GC(902) User=0.00s Sys=0.01s Real=0.00s
[2024-08-29T23:15:44.946+0800] GC(903) Concurrent Mark Cycle
[2024-08-29T23:15:44.946+0800] GC(903) Concurrent Clear Claimed Marks
[2024-08-29T23:15:44.946+0800] GC(903) Concurrent Clear Claimed Marks 0.006ms
[2024-08-29T23:15:44.946+0800] GC(903) Concurrent Scan Root Regions
[2024-08-29T23:15:44.946+0800] GC(903) Concurrent Scan Root Regions 0.004ms
[2024-08-29T23:15:44.946+0800] GC(903) Concurrent Mark
[2024-08-29T23:15:44.946+0800] GC(903) Concurrent Mark From Roots
[2024-08-29T23:15:44.946+0800] GC(903) Using 2 workers of 2 for marking
[2024-08-29T23:15:44.948+0800] GC(903) Concurrent Mark From Roots 2.085ms
[2024-08-29T23:15:44.948+0800] GC(903) Concurrent Preclean
[2024-08-29T23:15:44.948+0800] GC(903) Concurrent Preclean 0.068ms
[2024-08-29T23:15:44.948+0800] GC(903) Pause Remark
[2024-08-29T23:15:44.949+0800] GC(903) Pause Remark 991M->991M(2048M) 0.864ms
[2024-08-29T23:15:44.949+0800] GC(903) User=0.00s Sys=0.00s Real=0.00s
[2024-08-29T23:15:44.949+0800] GC(903) Concurrent Mark 3.179ms
[2024-08-29T23:15:44.949+0800] GC(903) Concurrent Rebuild Remembered Sets
[2024-08-29T23:15:44.949+0800] GC(903) Concurrent Rebuild Remembered Sets 0.005ms
[2024-08-29T23:15:44.949+0800] GC(903) Pause Cleanup
[2024-08-29T23:15:44.949+0800] GC(903) Pause Cleanup 992M->992M(2048M) 0.010ms
[2024-08-29T23:15:44.949+0800] GC(903) User=0.00s Sys=0.00s Real=0.00s
[2024-08-29T23:15:44.950+0800] GC(903) Concurrent Cleanup for Next Mark
[2024-08-29T23:15:44.954+0800] GC(903) Concurrent Cleanup for Next Mark 4.471ms
[2024-08-29T23:15:44.954+0800] GC(903) Concurrent Mark Cycle 7.878ms
[2024-08-29T23:15:44.956+0800] GC(904) Pause Young (Concurrent Start) (G1 Humongous Allocation)
[2024-08-29T23:15:44.956+0800] GC(904) Using 8 workers of 8 for evacuation
[2024-08-29T23:15:44.958+0800] GC(904)   Pre Evacuate Collection Set: 0.3ms
[2024-08-29T23:15:44.958+0800] GC(904)   Merge Heap Roots: 0.1ms
[2024-08-29T23:15:44.958+0800] GC(904)   Evacuate Collection Set: 0.7ms
[2024-08-29T23:15:44.958+0800] GC(904)   Post Evacuate Collection Set: 0.3ms
[2024-08-29T23:15:44.958+0800] GC(904)   Other: 0.2ms
[2024-08-29T23:15:44.958+0800] GC(904) Eden regions: 4->0(857)
[2024-08-29T23:15:44.958+0800] GC(904) Survivor regions: 0->0(107)
[2024-08-29T23:15:44.958+0800] GC(904) Old regions: 1->1
[2024-08-29T23:15:44.958+0800] GC(904) Archive regions: 2->2
[2024-08-29T23:15:44.958+0800] GC(904) Humongous regions: 1004->982
[2024-08-29T23:15:44.958+0800] GC(904) Metaspace: 1625K(1792K)->1625K(1792K) NonClass: 1506K(1600K)->1506K(1600K) Class: 119K(192K)->119K(192K)
[2024-08-29T23:15:44.958+0800] GC(904) Pause Young (Concurrent Start) (G1 Humongous Allocation) 1009M->983M(2048M) 1.603ms
[2024-08-29T23:15:44.958+0800] GC(904) User=0.00s Sys=0.00s Real=0.00s
[2024-08-29T23:15:44.958+0800] GC(905) Concurrent Mark Cycle
[2024-08-29T23:15:44.958+0800] GC(905) Concurrent Clear Claimed Marks
[2024-08-29T23:15:44.958+0800] GC(905) Concurrent Clear Claimed Marks 0.020ms
[2024-08-29T23:15:44.958+0800] GC(905) Concurrent Scan Root Regions
[2024-08-29T23:15:44.958+0800] GC(905) Concurrent Scan Root Regions 0.004ms
[2024-08-29T23:15:44.958+0800] GC(905) Concurrent Mark
[2024-08-29T23:15:44.958+0800] GC(905) Concurrent Mark From Roots
[2024-08-29T23:15:44.958+0800] GC(905) Using 2 workers of 2 for marking
[2024-08-29T23:15:44.960+0800] GC(905) Concurrent Mark From Roots 2.513ms
[2024-08-29T23:15:44.960+0800] GC(905) Concurrent Preclean
[2024-08-29T23:15:44.960+0800] GC(905) Concurrent Preclean 0.087ms
[2024-08-29T23:15:44.960+0800] GC(905) Pause Remark
[2024-08-29T23:15:44.962+0800] GC(905) Pause Remark 1001M->1001M(2048M) 1.100ms
[2024-08-29T23:15:44.962+0800] GC(905) User=0.00s Sys=0.01s Real=0.00s
[2024-08-29T23:15:44.962+0800] GC(905) Concurrent Mark 3.870ms
[2024-08-29T23:15:44.962+0800] GC(905) Concurrent Rebuild Remembered Sets
[2024-08-29T23:15:44.962+0800] GC(905) Concurrent Rebuild Remembered Sets 0.005ms
[2024-08-29T23:15:44.962+0800] GC(905) Pause Cleanup
[2024-08-29T23:15:44.962+0800] GC(905) Pause Cleanup 1001M->1001M(2048M) 0.014ms
[2024-08-29T23:15:44.962+0800] GC(905) User=0.00s Sys=0.00s Real=0.00s
[2024-08-29T23:15:44.962+0800] GC(905) Concurrent Cleanup for Next Mark
[2024-08-29T23:15:44.965+0800] GC(905) Concurrent Cleanup for Next Mark 3.100ms
[2024-08-29T23:15:44.965+0800] GC(905) Concurrent Mark Cycle 7.182ms
[2024-08-29T23:15:44.967+0800] GC(906) Pause Young (Concurrent Start) (G1 Humongous Allocation)
[2024-08-29T23:15:44.967+0800] GC(906) Using 8 workers of 8 for evacuation
[2024-08-29T23:15:44.969+0800] GC(906)   Pre Evacuate Collection Set: 0.4ms
[2024-08-29T23:15:44.969+0800] GC(906)   Merge Heap Roots: 0.2ms
[2024-08-29T23:15:44.969+0800] GC(906)   Evacuate Collection Set: 0.5ms
[2024-08-29T23:15:44.969+0800] GC(906)   Post Evacuate Collection Set: 0.3ms
[2024-08-29T23:15:44.969+0800] GC(906)   Other: 0.1ms
[2024-08-29T23:15:44.969+0800] GC(906) Eden regions: 3->0(875)
[2024-08-29T23:15:44.969+0800] GC(906) Survivor regions: 0->0(108)
[2024-08-29T23:15:44.969+0800] GC(906) Old regions: 1->1
[2024-08-29T23:15:44.969+0800] GC(906) Archive regions: 2->2
[2024-08-29T23:15:44.969+0800] GC(906) Humongous regions: 997->964
[2024-08-29T23:15:44.969+0800] GC(906) Metaspace: 1625K(1792K)->1625K(1792K) NonClass: 1506K(1600K)->1506K(1600K) Class: 119K(192K)->119K(192K)
[2024-08-29T23:15:44.969+0800] GC(906) Pause Young (Concurrent Start) (G1 Humongous Allocation) 1001M->965M(2048M) 1.550ms
[2024-08-29T23:15:44.969+0800] GC(906) User=0.00s Sys=0.00s Real=0.00s
[2024-08-29T23:15:44.969+0800] GC(907) Concurrent Mark Cycle
[2024-08-29T23:15:44.969+0800] GC(907) Concurrent Clear Claimed Marks
[2024-08-29T23:15:44.969+0800] GC(907) Concurrent Clear Claimed Marks 0.005ms
[2024-08-29T23:15:44.969+0800] GC(907) Concurrent Scan Root Regions
[2024-08-29T23:15:44.969+0800] GC(907) Concurrent Scan Root Regions 0.004ms
[2024-08-29T23:15:44.969+0800] GC(907) Concurrent Mark
[2024-08-29T23:15:44.969+0800] GC(907) Concurrent Mark From Roots
[2024-08-29T23:15:44.969+0800] GC(907) Using 2 workers of 2 for marking
[2024-08-29T23:15:44.971+0800] GC(907) Concurrent Mark From Roots 2.501ms
[2024-08-29T23:15:44.971+0800] GC(907) Concurrent Preclean
[2024-08-29T23:15:44.971+0800] GC(907) Concurrent Preclean 0.087ms
[2024-08-29T23:15:44.972+0800] GC(907) Pause Remark
[2024-08-29T23:15:44.973+0800] GC(907) Pause Remark 979M->979M(2048M) 1.164ms
[2024-08-29T23:15:44.973+0800] GC(907) User=0.00s Sys=0.00s Real=0.01s
[2024-08-29T23:15:44.973+0800] GC(907) Concurrent Mark 3.888ms
[2024-08-29T23:15:44.973+0800] GC(907) Concurrent Rebuild Remembered Sets
[2024-08-29T23:15:44.973+0800] GC(907) Concurrent Rebuild Remembered Sets 0.004ms
[2024-08-29T23:15:44.974+0800] GC(907) Pause Cleanup
[2024-08-29T23:15:44.974+0800] GC(907) Pause Cleanup 984M->984M(2048M) 0.015ms
[2024-08-29T23:15:44.974+0800] GC(907) User=0.00s Sys=0.00s Real=0.00s
[2024-08-29T23:15:44.974+0800] GC(907) Concurrent Cleanup for Next Mark
[2024-08-29T23:15:44.979+0800] GC(907) Concurrent Cleanup for Next Mark 4.987ms
[2024-08-29T23:15:44.979+0800] GC(907) Concurrent Mark Cycle 10.463ms
[2024-08-29T23:15:44.980+0800] GC(908) Pause Young (Concurrent Start) (G1 Humongous Allocation)
[2024-08-29T23:15:44.980+0800] GC(908) Using 8 workers of 8 for evacuation
[2024-08-29T23:15:44.981+0800] GC(908)   Pre Evacuate Collection Set: 0.3ms
[2024-08-29T23:15:44.981+0800] GC(908)   Merge Heap Roots: 0.1ms
[2024-08-29T23:15:44.981+0800] GC(908)   Evacuate Collection Set: 0.3ms
[2024-08-29T23:15:44.981+0800] GC(908)   Post Evacuate Collection Set: 0.3ms
[2024-08-29T23:15:44.981+0800] GC(908)   Other: 0.1ms
[2024-08-29T23:15:44.981+0800] GC(908) Eden regions: 3->0(870)
[2024-08-29T23:15:44.981+0800] GC(908) Survivor regions: 0->0(110)
[2024-08-29T23:15:44.981+0800] GC(908) Old regions: 1->1
[2024-08-29T23:15:44.981+0800] GC(908) Archive regions: 2->2
[2024-08-29T23:15:44.981+0800] GC(908) Humongous regions: 1000->969
[2024-08-29T23:15:44.981+0800] GC(908) Metaspace: 1625K(1792K)->1625K(1792K) NonClass: 1506K(1600K)->1506K(1600K) Class: 119K(192K)->119K(192K)
[2024-08-29T23:15:44.981+0800] GC(908) Pause Young (Concurrent Start) (G1 Humongous Allocation) 1004M->970M(2048M) 1.302ms
[2024-08-29T23:15:44.981+0800] GC(908) User=0.00s Sys=0.01s Real=0.00s
[2024-08-29T23:15:44.981+0800] GC(909) Concurrent Mark Cycle
[2024-08-29T23:15:44.981+0800] GC(909) Concurrent Clear Claimed Marks
[2024-08-29T23:15:44.981+0800] GC(909) Concurrent Clear Claimed Marks 0.006ms
[2024-08-29T23:15:44.981+0800] GC(909) Concurrent Scan Root Regions
[2024-08-29T23:15:44.981+0800] GC(909) Concurrent Scan Root Regions 0.004ms
[2024-08-29T23:15:44.981+0800] GC(909) Concurrent Mark
[2024-08-29T23:15:44.981+0800] GC(909) Concurrent Mark From Roots
[2024-08-29T23:15:44.981+0800] GC(909) Using 2 workers of 2 for marking
[2024-08-29T23:15:44.984+0800] GC(909) Concurrent Mark From Roots 2.703ms
[2024-08-29T23:15:44.984+0800] GC(909) Concurrent Preclean
[2024-08-29T23:15:44.984+0800] GC(909) Concurrent Preclean 0.072ms
[2024-08-29T23:15:44.984+0800] GC(909) Pause Remark
[2024-08-29T23:15:44.985+0800] GC(909) Pause Remark 990M->990M(2048M) 0.940ms
[2024-08-29T23:15:44.985+0800] GC(909) User=0.00s Sys=0.00s Real=0.00s
[2024-08-29T23:15:44.985+0800] GC(909) Concurrent Mark 3.882ms
[2024-08-29T23:15:44.985+0800] GC(909) Concurrent Rebuild Remembered Sets
[2024-08-29T23:15:44.985+0800] GC(909) Concurrent Rebuild Remembered Sets 0.006ms
[2024-08-29T23:15:44.986+0800] GC(909) Pause Cleanup
[2024-08-29T23:15:44.986+0800] GC(909) Pause Cleanup 992M->992M(2048M) 0.020ms
[2024-08-29T23:15:44.986+0800] GC(909) User=0.00s Sys=0.00s Real=0.00s
[2024-08-29T23:15:44.986+0800] GC(909) Concurrent Cleanup for Next Mark
[2024-08-29T23:15:44.991+0800] GC(909) Concurrent Cleanup for Next Mark 4.949ms
[2024-08-29T23:15:44.991+0800] GC(909) Concurrent Mark Cycle 10.046ms
[2024-08-29T23:15:44.992+0800] GC(910) Pause Young (Concurrent Start) (G1 Humongous Allocation)
[2024-08-29T23:15:44.992+0800] GC(910) Using 8 workers of 8 for evacuation
[2024-08-29T23:15:44.994+0800] GC(910)   Pre Evacuate Collection Set: 0.3ms
[2024-08-29T23:15:44.994+0800] GC(910)   Merge Heap Roots: 0.1ms
[2024-08-29T23:15:44.994+0800] GC(910)   Evacuate Collection Set: 0.5ms
[2024-08-29T23:15:44.994+0800] GC(910)   Post Evacuate Collection Set: 0.3ms
[2024-08-29T23:15:44.994+0800] GC(910)   Other: 0.2ms
[2024-08-29T23:15:44.994+0800] GC(910) Eden regions: 4->0(849)
[2024-08-29T23:15:44.994+0800] GC(910) Survivor regions: 0->0(109)
[2024-08-29T23:15:44.994+0800] GC(910) Old regions: 1->1
[2024-08-29T23:15:44.994+0800] GC(910) Archive regions: 2->2
[2024-08-29T23:15:44.994+0800] GC(910) Humongous regions: 1008->990
[2024-08-29T23:15:44.994+0800] GC(910) Metaspace: 1625K(1792K)->1625K(1792K) NonClass: 1506K(1600K)->1506K(1600K) Class: 119K(192K)->119K(192K)
[2024-08-29T23:15:44.994+0800] GC(910) Pause Young (Concurrent Start) (G1 Humongous Allocation) 1012M->991M(2048M) 1.409ms
[2024-08-29T23:15:44.994+0800] GC(910) User=0.00s Sys=0.00s Real=0.01s
[2024-08-29T23:15:44.994+0800] GC(911) Concurrent Mark Cycle
[2024-08-29T23:15:44.994+0800] GC(911) Concurrent Clear Claimed Marks
[2024-08-29T23:15:44.994+0800] GC(911) Concurrent Clear Claimed Marks 0.007ms
[2024-08-29T23:15:44.994+0800] GC(911) Concurrent Scan Root Regions
[2024-08-29T23:15:44.994+0800] GC(911) Concurrent Scan Root Regions 0.004ms
[2024-08-29T23:15:44.994+0800] GC(911) Concurrent Mark
[2024-08-29T23:15:44.994+0800] GC(911) Concurrent Mark From Roots
[2024-08-29T23:15:44.994+0800] GC(911) Using 2 workers of 2 for marking
[2024-08-29T23:15:44.996+0800] GC(911) Concurrent Mark From Roots 2.327ms
[2024-08-29T23:15:44.996+0800] GC(911) Concurrent Preclean
[2024-08-29T23:15:44.996+0800] GC(911) Concurrent Preclean 0.113ms
[2024-08-29T23:15:44.996+0800] GC(911) Pause Remark
[2024-08-29T23:15:44.997+0800] GC(911) Pause Remark 1004M->1004M(2048M) 0.743ms
[2024-08-29T23:15:44.997+0800] GC(911) User=0.00s Sys=0.00s Real=0.00s
[2024-08-29T23:15:44.997+0800] GC(911) Concurrent Mark 3.321ms
[2024-08-29T23:15:44.997+0800] GC(911) Concurrent Rebuild Remembered Sets
[2024-08-29T23:15:44.997+0800] GC(911) Concurrent Rebuild Remembered Sets 0.025ms
[2024-08-29T23:15:44.997+0800] GC(911) Pause Cleanup
[2024-08-29T23:15:44.997+0800] GC(911) Pause Cleanup 1004M->1004M(2048M) 0.011ms
[2024-08-29T23:15:44.997+0800] GC(911) User=0.00s Sys=0.00s Real=0.00s
[2024-08-29T23:15:44.997+0800] GC(911) Concurrent Cleanup for Next Mark
[2024-08-29T23:15:45.001+0800] GC(911) Concurrent Cleanup for Next Mark 3.373ms
[2024-08-29T23:15:45.001+0800] GC(911) Concurrent Mark Cycle 6.952ms
[2024-08-29T23:15:45.004+0800] GC(912) Pause Young (Concurrent Start) (G1 Humongous Allocation)
[2024-08-29T23:15:45.004+0800] GC(912) Using 8 workers of 8 for evacuation
[2024-08-29T23:15:45.006+0800] GC(912)   Pre Evacuate Collection Set: 0.3ms
[2024-08-29T23:15:45.006+0800] GC(912)   Merge Heap Roots: 0.2ms
[2024-08-29T23:15:45.006+0800] GC(912)   Evacuate Collection Set: 0.4ms
[2024-08-29T23:15:45.006+0800] GC(912)   Post Evacuate Collection Set: 0.3ms
[2024-08-29T23:15:45.006+0800] GC(912)   Other: 0.2ms
[2024-08-29T23:15:45.006+0800] GC(912) Eden regions: 4->0(875)
[2024-08-29T23:15:45.006+0800] GC(912) Survivor regions: 0->0(107)
[2024-08-29T23:15:45.006+0800] GC(912) Old regions: 1->1
[2024-08-29T23:15:45.006+0800] GC(912) Archive regions: 2->2
[2024-08-29T23:15:45.006+0800] GC(912) Humongous regions: 1003->964
[2024-08-29T23:15:45.006+0800] GC(912) Metaspace: 1625K(1792K)->1625K(1792K) NonClass: 1506K(1600K)->1506K(1600K) Class: 119K(192K)->119K(192K)
[2024-08-29T23:15:45.006+0800] GC(912) Pause Young (Concurrent Start) (G1 Humongous Allocation) 1007M->965M(2048M) 1.404ms
[2024-08-29T23:15:45.006+0800] GC(912) User=0.00s Sys=0.00s Real=0.00s
[2024-08-29T23:15:45.006+0800] GC(913) Concurrent Mark Cycle
[2024-08-29T23:15:45.006+0800] GC(913) Concurrent Clear Claimed Marks
[2024-08-29T23:15:45.006+0800] GC(913) Concurrent Clear Claimed Marks 0.005ms
[2024-08-29T23:15:45.006+0800] GC(913) Concurrent Scan Root Regions
[2024-08-29T23:15:45.006+0800] GC(913) Concurrent Scan Root Regions 0.004ms
[2024-08-29T23:15:45.006+0800] GC(913) Concurrent Mark
[2024-08-29T23:15:45.006+0800] GC(913) Concurrent Mark From Roots
[2024-08-29T23:15:45.006+0800] GC(913) Using 2 workers of 2 for marking
[2024-08-29T23:15:45.008+0800] GC(913) Concurrent Mark From Roots 1.898ms
[2024-08-29T23:15:45.008+0800] GC(913) Concurrent Preclean
[2024-08-29T23:15:45.008+0800] GC(913) Concurrent Preclean 0.147ms
[2024-08-29T23:15:45.008+0800] GC(913) Pause Remark
[2024-08-29T23:15:45.009+0800] GC(913) Pause Remark 968M->968M(2048M) 0.845ms
[2024-08-29T23:15:45.009+0800] GC(913) User=0.00s Sys=0.00s Real=0.00s
[2024-08-29T23:15:45.009+0800] GC(913) Concurrent Mark 3.117ms
[2024-08-29T23:15:45.009+0800] GC(913) Concurrent Rebuild Remembered Sets
[2024-08-29T23:15:45.009+0800] GC(913) Concurrent Rebuild Remembered Sets 0.005ms
[2024-08-29T23:15:45.009+0800] GC(913) Pause Cleanup
[2024-08-29T23:15:45.009+0800] GC(913) Pause Cleanup 968M->968M(2048M) 0.015ms
[2024-08-29T23:15:45.009+0800] GC(913) User=0.00s Sys=0.00s Real=0.00s
[2024-08-29T23:15:45.009+0800] GC(913) Concurrent Cleanup for Next Mark
[2024-08-29T23:15:45.014+0800] GC(913) Concurrent Cleanup for Next Mark 4.828ms
[2024-08-29T23:15:45.014+0800] GC(913) Concurrent Mark Cycle 8.490ms
[2024-08-29T23:15:45.020+0800] GC(914) Pause Young (Concurrent Start) (G1 Humongous Allocation)
[2024-08-29T23:15:45.020+0800] GC(914) Using 8 workers of 8 for evacuation
[2024-08-29T23:15:45.022+0800] GC(914)   Pre Evacuate Collection Set: 0.3ms
[2024-08-29T23:15:45.022+0800] GC(914)   Merge Heap Roots: 0.2ms
[2024-08-29T23:15:45.022+0800] GC(914)   Evacuate Collection Set: 0.7ms
[2024-08-29T23:15:45.022+0800] GC(914)   Post Evacuate Collection Set: 0.2ms
[2024-08-29T23:15:45.022+0800] GC(914)   Other: 0.1ms
[2024-08-29T23:15:45.022+0800] GC(914) Eden regions: 4->0(880)
[2024-08-29T23:15:45.022+0800] GC(914) Survivor regions: 0->1(110)
[2024-08-29T23:15:45.022+0800] GC(914) Old regions: 1->1
[2024-08-29T23:15:45.022+0800] GC(914) Archive regions: 2->2
[2024-08-29T23:15:45.022+0800] GC(914) Humongous regions: 989->958
[2024-08-29T23:15:45.022+0800] GC(914) Metaspace: 1625K(1792K)->1625K(1792K) NonClass: 1506K(1600K)->1506K(1600K) Class: 119K(192K)->119K(192K)
[2024-08-29T23:15:45.022+0800] GC(914) Pause Young (Concurrent Start) (G1 Humongous Allocation) 993M->959M(2048M) 1.575ms
[2024-08-29T23:15:45.022+0800] GC(914) User=0.00s Sys=0.01s Real=0.00s
[2024-08-29T23:15:45.022+0800] GC(915) Concurrent Mark Cycle
[2024-08-29T23:15:45.022+0800] GC(915) Concurrent Clear Claimed Marks
[2024-08-29T23:15:45.022+0800] GC(915) Concurrent Clear Claimed Marks 0.005ms
[2024-08-29T23:15:45.022+0800] GC(915) Concurrent Scan Root Regions
[2024-08-29T23:15:45.022+0800] GC(915) Concurrent Scan Root Regions 0.067ms
[2024-08-29T23:15:45.022+0800] GC(915) Concurrent Mark
[2024-08-29T23:15:45.022+0800] GC(915) Concurrent Mark From Roots
[2024-08-29T23:15:45.022+0800] GC(915) Using 2 workers of 2 for marking
[2024-08-29T23:15:45.025+0800] GC(915) Concurrent Mark From Roots 3.109ms
[2024-08-29T23:15:45.025+0800] GC(915) Concurrent Preclean
[2024-08-29T23:15:45.025+0800] GC(915) Concurrent Preclean 0.082ms
[2024-08-29T23:15:45.026+0800] GC(915) Pause Remark
[2024-08-29T23:15:45.027+0800] GC(915) Pause Remark 986M->986M(2048M) 0.996ms
[2024-08-29T23:15:45.027+0800] GC(915) User=0.00s Sys=0.00s Real=0.00s
[2024-08-29T23:15:45.027+0800] GC(915) Concurrent Mark 5.343ms
[2024-08-29T23:15:45.027+0800] GC(915) Concurrent Rebuild Remembered Sets
[2024-08-29T23:15:45.027+0800] GC(915) Concurrent Rebuild Remembered Sets 0.008ms
[2024-08-29T23:15:45.028+0800] GC(915) Pause Cleanup
[2024-08-29T23:15:45.028+0800] GC(915) Pause Cleanup 988M->988M(2048M) 0.024ms
[2024-08-29T23:15:45.028+0800] GC(915) User=0.00s Sys=0.00s Real=0.00s
[2024-08-29T23:15:45.028+0800] GC(915) Concurrent Cleanup for Next Mark
[2024-08-29T23:15:45.032+0800] GC(915) Concurrent Cleanup for Next Mark 3.264ms
[2024-08-29T23:15:45.032+0800] GC(915) Concurrent Mark Cycle 9.772ms
[2024-08-29T23:15:45.032+0800] GC(916) Pause Young (Concurrent Start) (G1 Humongous Allocation)
[2024-08-29T23:15:45.032+0800] GC(916) Using 8 workers of 8 for evacuation
[2024-08-29T23:15:45.033+0800] GC(916)   Pre Evacuate Collection Set: 0.2ms
[2024-08-29T23:15:45.033+0800] GC(916)   Merge Heap Roots: 0.1ms
[2024-08-29T23:15:45.033+0800] GC(916)   Evacuate Collection Set: 0.4ms
[2024-08-29T23:15:45.033+0800] GC(916)   Post Evacuate Collection Set: 0.2ms
[2024-08-29T23:15:45.033+0800] GC(916)   Other: 0.1ms
[2024-08-29T23:15:45.033+0800] GC(916) Eden regions: 4->0(870)
[2024-08-29T23:15:45.033+0800] GC(916) Survivor regions: 1->0(111)
[2024-08-29T23:15:45.033+0800] GC(916) Old regions: 1->1
[2024-08-29T23:15:45.033+0800] GC(916) Archive regions: 2->2
[2024-08-29T23:15:45.033+0800] GC(916) Humongous regions: 990->969
[2024-08-29T23:15:45.033+0800] GC(916) Metaspace: 1625K(1792K)->1625K(1792K) NonClass: 1506K(1600K)->1506K(1600K) Class: 119K(192K)->119K(192K)
[2024-08-29T23:15:45.033+0800] GC(916) Pause Young (Concurrent Start) (G1 Humongous Allocation) 995M->970M(2048M) 1.109ms
[2024-08-29T23:15:45.033+0800] GC(916) User=0.00s Sys=0.00s Real=0.01s
[2024-08-29T23:15:45.033+0800] GC(917) Concurrent Mark Cycle
[2024-08-29T23:15:45.033+0800] GC(917) Concurrent Clear Claimed Marks
[2024-08-29T23:15:45.033+0800] GC(917) Concurrent Clear Claimed Marks 0.005ms
[2024-08-29T23:15:45.033+0800] GC(917) Concurrent Scan Root Regions
[2024-08-29T23:15:45.033+0800] GC(917) Concurrent Scan Root Regions 0.004ms
[2024-08-29T23:15:45.033+0800] GC(917) Concurrent Mark
[2024-08-29T23:15:45.033+0800] GC(917) Concurrent Mark From Roots
[2024-08-29T23:15:45.033+0800] GC(917) Using 2 workers of 2 for marking
[2024-08-29T23:15:45.036+0800] GC(917) Concurrent Mark From Roots 2.078ms
[2024-08-29T23:15:45.036+0800] GC(917) Concurrent Preclean
[2024-08-29T23:15:45.036+0800] GC(917) Concurrent Preclean 0.085ms
[2024-08-29T23:15:45.036+0800] GC(917) Pause Remark
[2024-08-29T23:15:45.037+0800] GC(917) Pause Remark 981M->981M(2048M) 0.844ms
[2024-08-29T23:15:45.037+0800] GC(917) User=0.00s Sys=0.00s Real=0.00s
[2024-08-29T23:15:45.037+0800] GC(917) Concurrent Mark 3.711ms
[2024-08-29T23:15:45.037+0800] GC(917) Concurrent Rebuild Remembered Sets
[2024-08-29T23:15:45.037+0800] GC(917) Concurrent Rebuild Remembered Sets 0.006ms
[2024-08-29T23:15:45.037+0800] GC(917) Pause Cleanup
[2024-08-29T23:15:45.037+0800] GC(917) Pause Cleanup 981M->981M(2048M) 0.012ms
[2024-08-29T23:15:45.037+0800] GC(917) User=0.00s Sys=0.00s Real=0.00s
[2024-08-29T23:15:45.037+0800] GC(917) Concurrent Cleanup for Next Mark
[2024-08-29T23:15:45.043+0800] GC(917) Concurrent Cleanup for Next Mark 5.211ms
[2024-08-29T23:15:45.043+0800] GC(917) Concurrent Mark Cycle 9.141ms
[2024-08-29T23:15:45.045+0800] GC(918) Pause Young (Concurrent Start) (G1 Humongous Allocation)
[2024-08-29T23:15:45.045+0800] GC(918) Using 8 workers of 8 for evacuation
[2024-08-29T23:15:45.046+0800] GC(918)   Pre Evacuate Collection Set: 0.3ms
[2024-08-29T23:15:45.046+0800] GC(918)   Merge Heap Roots: 0.1ms
[2024-08-29T23:15:45.046+0800] GC(918)   Evacuate Collection Set: 0.3ms
[2024-08-29T23:15:45.046+0800] GC(918)   Post Evacuate Collection Set: 0.3ms
[2024-08-29T23:15:45.046+0800] GC(918)   Other: 0.2ms
[2024-08-29T23:15:45.046+0800] GC(918) Eden regions: 3->0(887)
[2024-08-29T23:15:45.046+0800] GC(918) Survivor regions: 0->0(109)
[2024-08-29T23:15:45.046+0800] GC(918) Old regions: 1->1
[2024-08-29T23:15:45.046+0800] GC(918) Archive regions: 2->2
[2024-08-29T23:15:45.046+0800] GC(918) Humongous regions: 986->952
[2024-08-29T23:15:45.046+0800] GC(918) Metaspace: 1625K(1792K)->1625K(1792K) NonClass: 1506K(1600K)->1506K(1600K) Class: 119K(192K)->119K(192K)
[2024-08-29T23:15:45.046+0800] GC(918) Pause Young (Concurrent Start) (G1 Humongous Allocation) 990M->953M(2048M) 1.190ms
[2024-08-29T23:15:45.047+0800] GC(918) User=0.00s Sys=0.00s Real=0.00s
[2024-08-29T23:15:45.047+0800] GC(919) Concurrent Mark Cycle
[2024-08-29T23:15:45.047+0800] GC(919) Concurrent Clear Claimed Marks
[2024-08-29T23:15:45.047+0800] GC(919) Concurrent Clear Claimed Marks 0.006ms
[2024-08-29T23:15:45.047+0800] GC(919) Concurrent Scan Root Regions
[2024-08-29T23:15:45.047+0800] GC(919) Concurrent Scan Root Regions 0.004ms
[2024-08-29T23:15:45.047+0800] GC(919) Concurrent Mark
[2024-08-29T23:15:45.047+0800] GC(919) Concurrent Mark From Roots
[2024-08-29T23:15:45.047+0800] GC(919) Using 2 workers of 2 for marking
[2024-08-29T23:15:45.049+0800] GC(919) Concurrent Mark From Roots 2.844ms
[2024-08-29T23:15:45.049+0800] GC(919) Concurrent Preclean
[2024-08-29T23:15:45.050+0800] GC(919) Concurrent Preclean 0.079ms
[2024-08-29T23:15:45.050+0800] GC(919) Pause Remark
[2024-08-29T23:15:45.051+0800] GC(919) Pause Remark 979M->979M(2048M) 1.026ms
[2024-08-29T23:15:45.051+0800] GC(919) User=0.00s Sys=0.00s Real=0.00s
[2024-08-29T23:15:45.051+0800] GC(919) Concurrent Mark 4.750ms
[2024-08-29T23:15:45.051+0800] GC(919) Concurrent Rebuild Remembered Sets
[2024-08-29T23:15:45.051+0800] GC(919) Concurrent Rebuild Remembered Sets 0.005ms
[2024-08-29T23:15:45.052+0800] GC(919) Pause Cleanup
[2024-08-29T23:15:45.052+0800] GC(919) Pause Cleanup 981M->981M(2048M) 0.019ms
[2024-08-29T23:15:45.052+0800] GC(919) User=0.00s Sys=0.00s Real=0.00s
[2024-08-29T23:15:45.052+0800] GC(919) Concurrent Cleanup for Next Mark
[2024-08-29T23:15:45.057+0800] GC(919) Concurrent Cleanup for Next Mark 4.327ms
[2024-08-29T23:15:45.057+0800] GC(919) Concurrent Mark Cycle 10.126ms
[2024-08-29T23:15:45.057+0800] GC(920) Pause Young (Concurrent Start) (G1 Humongous Allocation)
[2024-08-29T23:15:45.057+0800] GC(920) Using 8 workers of 8 for evacuation
[2024-08-29T23:15:45.058+0800] GC(920)   Pre Evacuate Collection Set: 0.3ms
[2024-08-29T23:15:45.058+0800] GC(920)   Merge Heap Roots: 0.1ms
[2024-08-29T23:15:45.058+0800] GC(920)   Evacuate Collection Set: 0.3ms
[2024-08-29T23:15:45.058+0800] GC(920)   Post Evacuate Collection Set: 0.3ms
[2024-08-29T23:15:45.058+0800] GC(920)   Other: 0.1ms
[2024-08-29T23:15:45.058+0800] GC(920) Eden regions: 3->0(896)
[2024-08-29T23:15:45.058+0800] GC(920) Survivor regions: 0->0(111)
[2024-08-29T23:15:45.058+0800] GC(920) Old regions: 1->1
[2024-08-29T23:15:45.058+0800] GC(920) Archive regions: 2->2
[2024-08-29T23:15:45.058+0800] GC(920) Humongous regions: 984->943
[2024-08-29T23:15:45.058+0800] GC(920) Metaspace: 1625K(1792K)->1625K(1792K) NonClass: 1506K(1600K)->1506K(1600K) Class: 119K(192K)->119K(192K)
[2024-08-29T23:15:45.058+0800] GC(920) Pause Young (Concurrent Start) (G1 Humongous Allocation) 988M->944M(2048M) 1.255ms
[2024-08-29T23:15:45.058+0800] GC(920) User=0.00s Sys=0.01s Real=0.00s
[2024-08-29T23:15:45.058+0800] GC(921) Concurrent Mark Cycle
[2024-08-29T23:15:45.058+0800] GC(921) Concurrent Clear Claimed Marks
[2024-08-29T23:15:45.058+0800] GC(921) Concurrent Clear Claimed Marks 0.006ms
[2024-08-29T23:15:45.058+0800] GC(921) Concurrent Scan Root Regions
[2024-08-29T23:15:45.058+0800] GC(921) Concurrent Scan Root Regions 0.004ms
[2024-08-29T23:15:45.058+0800] GC(921) Concurrent Mark
[2024-08-29T23:15:45.058+0800] GC(921) Concurrent Mark From Roots
[2024-08-29T23:15:45.058+0800] GC(921) Using 2 workers of 2 for marking
[2024-08-29T23:15:45.061+0800] GC(921) Concurrent Mark From Roots 3.133ms
[2024-08-29T23:15:45.061+0800] GC(921) Concurrent Preclean
[2024-08-29T23:15:45.061+0800] GC(921) Concurrent Preclean 0.077ms
[2024-08-29T23:15:45.061+0800] GC(921) Pause Remark
[2024-08-29T23:15:45.063+0800] GC(921) Pause Remark 962M->962M(2048M) 1.182ms
[2024-08-29T23:15:45.063+0800] GC(921) User=0.00s Sys=0.00s Real=0.01s
[2024-08-29T23:15:45.063+0800] GC(921) Concurrent Mark 4.552ms
[2024-08-29T23:15:45.063+0800] GC(921) Concurrent Rebuild Remembered Sets
[2024-08-29T23:15:45.063+0800] GC(921) Concurrent Rebuild Remembered Sets 0.005ms
[2024-08-29T23:15:45.063+0800] GC(921) Pause Cleanup
[2024-08-29T23:15:45.063+0800] GC(921) Pause Cleanup 967M->967M(2048M) 0.011ms
[2024-08-29T23:15:45.063+0800] GC(921) User=0.00s Sys=0.00s Real=0.00s
[2024-08-29T23:15:45.063+0800] GC(921) Concurrent Cleanup for Next Mark
[2024-08-29T23:15:45.068+0800] GC(921) Concurrent Cleanup for Next Mark 4.634ms
[2024-08-29T23:15:45.068+0800] GC(921) Concurrent Mark Cycle 9.601ms
[2024-08-29T23:15:45.069+0800] GC(922) Pause Young (Concurrent Start) (G1 Humongous Allocation)
[2024-08-29T23:15:45.069+0800] GC(922) Using 8 workers of 8 for evacuation
[2024-08-29T23:15:45.071+0800] GC(922)   Pre Evacuate Collection Set: 0.3ms
[2024-08-29T23:15:45.071+0800] GC(922)   Merge Heap Roots: 0.1ms
[2024-08-29T23:15:45.071+0800] GC(922)   Evacuate Collection Set: 0.4ms
[2024-08-29T23:15:45.071+0800] GC(922)   Post Evacuate Collection Set: 0.5ms
[2024-08-29T23:15:45.071+0800] GC(922)   Other: 0.2ms
[2024-08-29T23:15:45.071+0800] GC(922) Eden regions: 4->0(880)
[2024-08-29T23:15:45.071+0800] GC(922) Survivor regions: 0->0(112)
[2024-08-29T23:15:45.071+0800] GC(922) Old regions: 1->1
[2024-08-29T23:15:45.071+0800] GC(922) Archive regions: 2->2
[2024-08-29T23:15:45.071+0800] GC(922) Humongous regions: 976->959
[2024-08-29T23:15:45.071+0800] GC(922) Metaspace: 1625K(1792K)->1625K(1792K) NonClass: 1506K(1600K)->1506K(1600K) Class: 119K(192K)->119K(192K)
[2024-08-29T23:15:45.071+0800] GC(922) Pause Young (Concurrent Start) (G1 Humongous Allocation) 980M->960M(2048M) 1.476ms
[2024-08-29T23:15:45.071+0800] GC(922) User=0.00s Sys=0.00s Real=0.00s
[2024-08-29T23:15:45.071+0800] GC(923) Concurrent Mark Cycle
[2024-08-29T23:15:45.071+0800] GC(923) Concurrent Clear Claimed Marks
[2024-08-29T23:15:45.071+0800] GC(923) Concurrent Clear Claimed Marks 0.006ms
[2024-08-29T23:15:45.071+0800] GC(923) Concurrent Scan Root Regions
[2024-08-29T23:15:45.071+0800] GC(923) Concurrent Scan Root Regions 0.004ms
[2024-08-29T23:15:45.071+0800] GC(923) Concurrent Mark
[2024-08-29T23:15:45.071+0800] GC(923) Concurrent Mark From Roots
[2024-08-29T23:15:45.071+0800] GC(923) Using 2 workers of 2 for marking
[2024-08-29T23:15:45.073+0800] GC(923) Concurrent Mark From Roots 2.524ms
[2024-08-29T23:15:45.073+0800] GC(923) Concurrent Preclean
[2024-08-29T23:15:45.074+0800] GC(923) Concurrent Preclean 0.079ms
[2024-08-29T23:15:45.074+0800] GC(923) Pause Remark
[2024-08-29T23:15:45.075+0800] GC(923) Pause Remark 972M->972M(2048M) 1.072ms
[2024-08-29T23:15:45.075+0800] GC(923) User=0.01s Sys=0.00s Real=0.00s
[2024-08-29T23:15:45.075+0800] GC(923) Concurrent Mark 3.866ms
[2024-08-29T23:15:45.075+0800] GC(923) Concurrent Rebuild Remembered Sets
[2024-08-29T23:15:45.075+0800] GC(923) Concurrent Rebuild Remembered Sets 0.005ms
[2024-08-29T23:15:45.075+0800] GC(923) Pause Cleanup
[2024-08-29T23:15:45.075+0800] GC(923) Pause Cleanup 973M->973M(2048M) 0.012ms
[2024-08-29T23:15:45.075+0800] GC(923) User=0.00s Sys=0.00s Real=0.00s
[2024-08-29T23:15:45.075+0800] GC(923) Concurrent Cleanup for Next Mark
[2024-08-29T23:15:45.081+0800] GC(923) Concurrent Cleanup for Next Mark 6.125ms
[2024-08-29T23:15:45.081+0800] GC(923) Concurrent Mark Cycle 10.253ms
[2024-08-29T23:15:45.083+0800] GC(924) Pause Young (Concurrent Start) (G1 Humongous Allocation)
[2024-08-29T23:15:45.083+0800] GC(924) Using 8 workers of 8 for evacuation
[2024-08-29T23:15:45.085+0800] GC(924)   Pre Evacuate Collection Set: 0.3ms
[2024-08-29T23:15:45.085+0800] GC(924)   Merge Heap Roots: 0.1ms
[2024-08-29T23:15:45.085+0800] GC(924)   Evacuate Collection Set: 0.3ms
[2024-08-29T23:15:45.085+0800] GC(924)   Post Evacuate Collection Set: 0.5ms
[2024-08-29T23:15:45.085+0800] GC(924)   Other: 0.1ms
[2024-08-29T23:15:45.085+0800] GC(924) Eden regions: 4->0(887)
[2024-08-29T23:15:45.085+0800] GC(924) Survivor regions: 0->0(110)
[2024-08-29T23:15:45.085+0800] GC(924) Old regions: 1->1
[2024-08-29T23:15:45.085+0800] GC(924) Archive regions: 2->2
[2024-08-29T23:15:45.085+0800] GC(924) Humongous regions: 999->952
[2024-08-29T23:15:45.085+0800] GC(924) Metaspace: 1625K(1792K)->1625K(1792K) NonClass: 1506K(1600K)->1506K(1600K) Class: 119K(192K)->119K(192K)
[2024-08-29T23:15:45.085+0800] GC(924) Pause Young (Concurrent Start) (G1 Humongous Allocation) 1004M->953M(2048M) 1.349ms
[2024-08-29T23:15:45.085+0800] GC(924) User=0.00s Sys=0.00s Real=0.00s
[2024-08-29T23:15:45.085+0800] GC(925) Concurrent Mark Cycle
[2024-08-29T23:15:45.085+0800] GC(925) Concurrent Clear Claimed Marks
[2024-08-29T23:15:45.085+0800] GC(925) Concurrent Clear Claimed Marks 0.006ms
[2024-08-29T23:15:45.085+0800] GC(925) Concurrent Scan Root Regions
[2024-08-29T23:15:45.085+0800] GC(925) Concurrent Scan Root Regions 0.004ms
[2024-08-29T23:15:45.085+0800] GC(925) Concurrent Mark
[2024-08-29T23:15:45.085+0800] GC(925) Concurrent Mark From Roots
[2024-08-29T23:15:45.085+0800] GC(925) Using 2 workers of 2 for marking
[2024-08-29T23:15:45.087+0800] GC(925) Concurrent Mark From Roots 2.345ms
[2024-08-29T23:15:45.087+0800] GC(925) Concurrent Preclean
[2024-08-29T23:15:45.087+0800] GC(925) Concurrent Preclean 0.073ms
[2024-08-29T23:15:45.087+0800] GC(925) Pause Remark
[2024-08-29T23:15:45.089+0800] GC(925) Pause Remark 964M->964M(2048M) 1.524ms
[2024-08-29T23:15:45.089+0800] GC(925) User=0.01s Sys=0.00s Real=0.00s
[2024-08-29T23:15:45.089+0800] GC(925) Concurrent Mark 4.101ms
[2024-08-29T23:15:45.089+0800] GC(925) Concurrent Rebuild Remembered Sets
[2024-08-29T23:15:45.089+0800] GC(925) Concurrent Rebuild Remembered Sets 0.004ms
[2024-08-29T23:15:45.089+0800] GC(925) Pause Cleanup
[2024-08-29T23:15:45.089+0800] GC(925) Pause Cleanup 969M->969M(2048M) 0.013ms
[2024-08-29T23:15:45.089+0800] GC(925) User=0.00s Sys=0.00s Real=0.00s
[2024-08-29T23:15:45.089+0800] GC(925) Concurrent Cleanup for Next Mark
[2024-08-29T23:15:45.094+0800] GC(925) Concurrent Cleanup for Next Mark 5.111ms
[2024-08-29T23:15:45.094+0800] GC(925) Concurrent Mark Cycle 9.798ms
[2024-08-29T23:15:45.098+0800] GC(926) Pause Young (Concurrent Start) (G1 Humongous Allocation)
[2024-08-29T23:15:45.098+0800] GC(926) Using 8 workers of 8 for evacuation
[2024-08-29T23:15:45.100+0800] GC(926)   Pre Evacuate Collection Set: 0.3ms
[2024-08-29T23:15:45.100+0800] GC(926)   Merge Heap Roots: 0.1ms
[2024-08-29T23:15:45.100+0800] GC(926)   Evacuate Collection Set: 0.5ms
[2024-08-29T23:15:45.100+0800] GC(926)   Post Evacuate Collection Set: 0.4ms
[2024-08-29T23:15:45.100+0800] GC(926)   Other: 0.2ms
[2024-08-29T23:15:45.100+0800] GC(926) Eden regions: 4->0(895)
[2024-08-29T23:15:45.100+0800] GC(926) Survivor regions: 0->0(111)
[2024-08-29T23:15:45.100+0800] GC(926) Old regions: 1->1
[2024-08-29T23:15:45.100+0800] GC(926) Archive regions: 2->2
[2024-08-29T23:15:45.100+0800] GC(926) Humongous regions: 979->944
[2024-08-29T23:15:45.100+0800] GC(926) Metaspace: 1625K(1792K)->1625K(1792K) NonClass: 1506K(1600K)->1506K(1600K) Class: 119K(192K)->119K(192K)
[2024-08-29T23:15:45.100+0800] GC(926) Pause Young (Concurrent Start) (G1 Humongous Allocation) 984M->945M(2048M) 1.506ms
[2024-08-29T23:15:45.100+0800] GC(926) User=0.00s Sys=0.00s Real=0.00s
[2024-08-29T23:15:45.100+0800] GC(927) Concurrent Mark Cycle
[2024-08-29T23:15:45.100+0800] GC(927) Concurrent Clear Claimed Marks
[2024-08-29T23:15:45.100+0800] GC(927) Concurrent Clear Claimed Marks 0.007ms
[2024-08-29T23:15:45.100+0800] GC(927) Concurrent Scan Root Regions
[2024-08-29T23:15:45.100+0800] GC(927) Concurrent Scan Root Regions 0.004ms
[2024-08-29T23:15:45.100+0800] GC(927) Concurrent Mark
[2024-08-29T23:15:45.100+0800] GC(927) Concurrent Mark From Roots
[2024-08-29T23:15:45.100+0800] GC(927) Using 2 workers of 2 for marking
[2024-08-29T23:15:45.103+0800] GC(927) Concurrent Mark From Roots 2.632ms
[2024-08-29T23:15:45.103+0800] GC(927) Concurrent Preclean
[2024-08-29T23:15:45.103+0800] GC(927) Concurrent Preclean 0.075ms
[2024-08-29T23:15:45.103+0800] GC(927) Pause Remark
[2024-08-29T23:15:45.104+0800] GC(927) Pause Remark 958M->958M(2048M) 0.936ms
[2024-08-29T23:15:45.104+0800] GC(927) User=0.00s Sys=0.01s Real=0.00s
[2024-08-29T23:15:45.104+0800] GC(927) Concurrent Mark 3.798ms
[2024-08-29T23:15:45.104+0800] GC(927) Concurrent Rebuild Remembered Sets
[2024-08-29T23:15:45.104+0800] GC(927) Concurrent Rebuild Remembered Sets 0.005ms
[2024-08-29T23:15:45.104+0800] GC(927) Pause Cleanup
[2024-08-29T23:15:45.104+0800] GC(927) Pause Cleanup 958M->958M(2048M) 0.015ms
[2024-08-29T23:15:45.104+0800] GC(927) User=0.00s Sys=0.00s Real=0.00s
[2024-08-29T23:15:45.104+0800] GC(927) Concurrent Cleanup for Next Mark
[2024-08-29T23:15:45.109+0800] GC(927) Concurrent Cleanup for Next Mark 4.748ms
[2024-08-29T23:15:45.109+0800] GC(927) Concurrent Mark Cycle 8.852ms
[2024-08-29T23:15:45.111+0800] GC(928) Pause Young (Concurrent Start) (G1 Humongous Allocation)
[2024-08-29T23:15:45.111+0800] GC(928) Using 8 workers of 8 for evacuation
[2024-08-29T23:15:45.113+0800] GC(928)   Pre Evacuate Collection Set: 0.2ms
[2024-08-29T23:15:45.113+0800] GC(928)   Merge Heap Roots: 0.1ms
[2024-08-29T23:15:45.113+0800] GC(928)   Evacuate Collection Set: 0.5ms
[2024-08-29T23:15:45.113+0800] GC(928)   Post Evacuate Collection Set: 0.3ms
[2024-08-29T23:15:45.113+0800] GC(928)   Other: 0.2ms
[2024-08-29T23:15:45.113+0800] GC(928) Eden regions: 4->0(883)
[2024-08-29T23:15:45.113+0800] GC(928) Survivor regions: 0->0(112)
[2024-08-29T23:15:45.113+0800] GC(928) Old regions: 1->1
[2024-08-29T23:15:45.113+0800] GC(928) Archive regions: 2->2
[2024-08-29T23:15:45.113+0800] GC(928) Humongous regions: 972->956
[2024-08-29T23:15:45.113+0800] GC(928) Metaspace: 1625K(1792K)->1625K(1792K) NonClass: 1506K(1600K)->1506K(1600K) Class: 119K(192K)->119K(192K)
[2024-08-29T23:15:45.113+0800] GC(928) Pause Young (Concurrent Start) (G1 Humongous Allocation) 977M->957M(2048M) 1.427ms
[2024-08-29T23:15:45.113+0800] GC(928) User=0.00s Sys=0.00s Real=0.01s
[2024-08-29T23:15:45.113+0800] GC(929) Concurrent Mark Cycle
[2024-08-29T23:15:45.113+0800] GC(929) Concurrent Clear Claimed Marks
[2024-08-29T23:15:45.113+0800] GC(929) Concurrent Clear Claimed Marks 0.006ms
[2024-08-29T23:15:45.113+0800] GC(929) Concurrent Scan Root Regions
[2024-08-29T23:15:45.113+0800] GC(929) Concurrent Scan Root Regions 0.004ms
[2024-08-29T23:15:45.113+0800] GC(929) Concurrent Mark
[2024-08-29T23:15:45.113+0800] GC(929) Concurrent Mark From Roots
[2024-08-29T23:15:45.113+0800] GC(929) Using 2 workers of 2 for marking
[2024-08-29T23:15:45.115+0800] GC(929) Concurrent Mark From Roots 2.168ms
[2024-08-29T23:15:45.115+0800] GC(929) Concurrent Preclean
[2024-08-29T23:15:45.115+0800] GC(929) Concurrent Preclean 0.089ms
[2024-08-29T23:15:45.115+0800] GC(929) Pause Remark
[2024-08-29T23:15:45.116+0800] GC(929) Pause Remark 964M->964M(2048M) 1.018ms
[2024-08-29T23:15:45.116+0800] GC(929) User=0.00s Sys=0.00s Real=0.00s
[2024-08-29T23:15:45.116+0800] GC(929) Concurrent Mark 3.471ms
[2024-08-29T23:15:45.116+0800] GC(929) Concurrent Rebuild Remembered Sets
[2024-08-29T23:15:45.116+0800] GC(929) Concurrent Rebuild Remembered Sets 0.005ms
[2024-08-29T23:15:45.117+0800] GC(929) Pause Cleanup
[2024-08-29T23:15:45.117+0800] GC(929) Pause Cleanup 968M->968M(2048M) 0.022ms
[2024-08-29T23:15:45.117+0800] GC(929) User=0.00s Sys=0.00s Real=0.00s
[2024-08-29T23:15:45.117+0800] GC(929) Concurrent Cleanup for Next Mark
[2024-08-29T23:15:45.121+0800] GC(929) Concurrent Cleanup for Next Mark 3.322ms
[2024-08-29T23:15:45.121+0800] GC(929) Concurrent Mark Cycle 8.002ms
[2024-08-29T23:15:45.121+0800] GC(930) Pause Young (Concurrent Start) (G1 Humongous Allocation)
[2024-08-29T23:15:45.121+0800] GC(930) Using 8 workers of 8 for evacuation
[2024-08-29T23:15:45.122+0800] GC(930)   Pre Evacuate Collection Set: 0.3ms
[2024-08-29T23:15:45.122+0800] GC(930)   Merge Heap Roots: 0.1ms
[2024-08-29T23:15:45.122+0800] GC(930)   Evacuate Collection Set: 0.3ms
[2024-08-29T23:15:45.122+0800] GC(930)   Post Evacuate Collection Set: 0.3ms
[2024-08-29T23:15:45.122+0800] GC(930)   Other: 0.1ms
[2024-08-29T23:15:45.122+0800] GC(930) Eden regions: 3->0(893)
[2024-08-29T23:15:45.123+0800] GC(930) Survivor regions: 0->0(111)
[2024-08-29T23:15:45.123+0800] GC(930) Old regions: 1->1
[2024-08-29T23:15:45.123+0800] GC(930) Archive regions: 2->2
[2024-08-29T23:15:45.123+0800] GC(930) Humongous regions: 966->946
[2024-08-29T23:15:45.123+0800] GC(930) Metaspace: 1625K(1792K)->1625K(1792K) NonClass: 1506K(1600K)->1506K(1600K) Class: 119K(192K)->119K(192K)
[2024-08-29T23:15:45.123+0800] GC(930) Pause Young (Concurrent Start) (G1 Humongous Allocation) 970M->947M(2048M) 1.197ms
[2024-08-29T23:15:45.123+0800] GC(930) User=0.00s Sys=0.00s Real=0.01s
[2024-08-29T23:15:45.123+0800] GC(931) Concurrent Mark Cycle
[2024-08-29T23:15:45.123+0800] GC(931) Concurrent Clear Claimed Marks
[2024-08-29T23:15:45.123+0800] GC(931) Concurrent Clear Claimed Marks 0.006ms
[2024-08-29T23:15:45.123+0800] GC(931) Concurrent Scan Root Regions
[2024-08-29T23:15:45.123+0800] GC(931) Concurrent Scan Root Regions 0.004ms
[2024-08-29T23:15:45.123+0800] GC(931) Concurrent Mark
[2024-08-29T23:15:45.123+0800] GC(931) Concurrent Mark From Roots
[2024-08-29T23:15:45.123+0800] GC(931) Using 2 workers of 2 for marking
[2024-08-29T23:15:45.125+0800] GC(931) Concurrent Mark From Roots 2.131ms
[2024-08-29T23:15:45.125+0800] GC(931) Concurrent Preclean
[2024-08-29T23:15:45.125+0800] GC(931) Concurrent Preclean 0.086ms
[2024-08-29T23:15:45.125+0800] GC(931) Pause Remark
[2024-08-29T23:15:45.126+0800] GC(931) Pause Remark 954M->954M(2048M) 0.990ms
[2024-08-29T23:15:45.126+0800] GC(931) User=0.00s Sys=0.00s Real=0.00s
[2024-08-29T23:15:45.126+0800] GC(931) Concurrent Mark 3.380ms
[2024-08-29T23:15:45.126+0800] GC(931) Concurrent Rebuild Remembered Sets
[2024-08-29T23:15:45.126+0800] GC(931) Concurrent Rebuild Remembered Sets 0.005ms
[2024-08-29T23:15:45.126+0800] GC(931) Pause Cleanup
[2024-08-29T23:15:45.126+0800] GC(931) Pause Cleanup 954M->954M(2048M) 0.012ms
[2024-08-29T23:15:45.126+0800] GC(931) User=0.00s Sys=0.00s Real=0.00s
[2024-08-29T23:15:45.126+0800] GC(931) Concurrent Cleanup for Next Mark
[2024-08-29T23:15:45.130+0800] GC(931) Concurrent Cleanup for Next Mark 3.857ms
[2024-08-29T23:15:45.130+0800] GC(931) Concurrent Mark Cycle 7.834ms
[2024-08-29T23:15:45.131+0800] GC(932) Pause Young (Concurrent Start) (G1 Humongous Allocation)
[2024-08-29T23:15:45.131+0800] GC(932) Using 8 workers of 8 for evacuation
[2024-08-29T23:15:45.132+0800] GC(932)   Pre Evacuate Collection Set: 0.2ms
[2024-08-29T23:15:45.132+0800] GC(932)   Merge Heap Roots: 0.1ms
[2024-08-29T23:15:45.132+0800] GC(932)   Evacuate Collection Set: 0.3ms
[2024-08-29T23:15:45.132+0800] GC(932)   Post Evacuate Collection Set: 0.3ms
[2024-08-29T23:15:45.132+0800] GC(932)   Other: 0.1ms
[2024-08-29T23:15:45.132+0800] GC(932) Eden regions: 3->0(899)
[2024-08-29T23:15:45.132+0800] GC(932) Survivor regions: 0->0(112)
[2024-08-29T23:15:45.132+0800] GC(932) Old regions: 1->1
[2024-08-29T23:15:45.132+0800] GC(932) Archive regions: 2->2
[2024-08-29T23:15:45.132+0800] GC(932) Humongous regions: 962->940
[2024-08-29T23:15:45.132+0800] GC(932) Metaspace: 1625K(1792K)->1625K(1792K) NonClass: 1506K(1600K)->1506K(1600K) Class: 119K(192K)->119K(192K)
[2024-08-29T23:15:45.132+0800] GC(932) Pause Young (Concurrent Start) (G1 Humongous Allocation) 966M->941M(2048M) 1.112ms
[2024-08-29T23:15:45.132+0800] GC(932) User=0.00s Sys=0.00s Real=0.00s
[2024-08-29T23:15:45.133+0800] GC(933) Concurrent Mark Cycle
[2024-08-29T23:15:45.133+0800] GC(933) Concurrent Clear Claimed Marks
[2024-08-29T23:15:45.133+0800] GC(933) Concurrent Clear Claimed Marks 0.006ms
[2024-08-29T23:15:45.133+0800] GC(933) Concurrent Scan Root Regions
[2024-08-29T23:15:45.133+0800] GC(933) Concurrent Scan Root Regions 0.004ms
[2024-08-29T23:15:45.133+0800] GC(933) Concurrent Mark
[2024-08-29T23:15:45.133+0800] GC(933) Concurrent Mark From Roots
[2024-08-29T23:15:45.133+0800] GC(933) Using 2 workers of 2 for marking
[2024-08-29T23:15:45.135+0800] GC(933) Concurrent Mark From Roots 2.455ms
[2024-08-29T23:15:45.135+0800] GC(933) Concurrent Preclean
[2024-08-29T23:15:45.135+0800] GC(933) Concurrent Preclean 0.070ms
[2024-08-29T23:15:45.135+0800] GC(933) Pause Remark
[2024-08-29T23:15:45.136+0800] GC(933) Pause Remark 946M->946M(2048M) 1.197ms
[2024-08-29T23:15:45.136+0800] GC(933) User=0.00s Sys=0.00s Real=0.00s
[2024-08-29T23:15:45.136+0800] GC(933) Concurrent Mark 3.915ms
[2024-08-29T23:15:45.136+0800] GC(933) Concurrent Rebuild Remembered Sets
[2024-08-29T23:15:45.136+0800] GC(933) Concurrent Rebuild Remembered Sets 0.005ms
[2024-08-29T23:15:45.137+0800] GC(933) Pause Cleanup
[2024-08-29T23:15:45.137+0800] GC(933) Pause Cleanup 947M->947M(2048M) 0.011ms
[2024-08-29T23:15:45.137+0800] GC(933) User=0.00s Sys=0.00s Real=0.00s
[2024-08-29T23:15:45.137+0800] GC(933) Concurrent Cleanup for Next Mark
[2024-08-29T23:15:45.140+0800] GC(933) Concurrent Cleanup for Next Mark 3.619ms
[2024-08-29T23:15:45.140+0800] GC(933) Concurrent Mark Cycle 7.770ms
[2024-08-29T23:15:45.141+0800] GC(934) Pause Young (Concurrent Start) (G1 Humongous Allocation)
[2024-08-29T23:15:45.141+0800] GC(934) Using 8 workers of 8 for evacuation
[2024-08-29T23:15:45.142+0800] GC(934)   Pre Evacuate Collection Set: 0.2ms
[2024-08-29T23:15:45.142+0800] GC(934)   Merge Heap Roots: 0.1ms
[2024-08-29T23:15:45.142+0800] GC(934)   Evacuate Collection Set: 0.4ms
[2024-08-29T23:15:45.142+0800] GC(934)   Post Evacuate Collection Set: 0.2ms
[2024-08-29T23:15:45.142+0800] GC(934)   Other: 0.1ms
[2024-08-29T23:15:45.142+0800] GC(934) Eden regions: 3->0(907)
[2024-08-29T23:15:45.142+0800] GC(934) Survivor regions: 0->0(113)
[2024-08-29T23:15:45.142+0800] GC(934) Old regions: 1->1
[2024-08-29T23:15:45.142+0800] GC(934) Archive regions: 2->2
[2024-08-29T23:15:45.142+0800] GC(934) Humongous regions: 951->932
[2024-08-29T23:15:45.142+0800] GC(934) Metaspace: 1625K(1792K)->1625K(1792K) NonClass: 1506K(1600K)->1506K(1600K) Class: 119K(192K)->119K(192K)
[2024-08-29T23:15:45.142+0800] GC(934) Pause Young (Concurrent Start) (G1 Humongous Allocation) 955M->933M(2048M) 1.033ms
[2024-08-29T23:15:45.142+0800] GC(934) User=0.00s Sys=0.00s Real=0.00s
[2024-08-29T23:15:45.142+0800] GC(935) Concurrent Mark Cycle
[2024-08-29T23:15:45.142+0800] GC(935) Concurrent Clear Claimed Marks
[2024-08-29T23:15:45.142+0800] GC(935) Concurrent Clear Claimed Marks 0.008ms
[2024-08-29T23:15:45.142+0800] GC(935) Concurrent Scan Root Regions
[2024-08-29T23:15:45.142+0800] GC(935) Concurrent Scan Root Regions 0.004ms
[2024-08-29T23:15:45.142+0800] GC(935) Concurrent Mark
[2024-08-29T23:15:45.142+0800] GC(935) Concurrent Mark From Roots
[2024-08-29T23:15:45.143+0800] GC(935) Using 2 workers of 2 for marking
[2024-08-29T23:15:45.145+0800] GC(935) Concurrent Mark From Roots 2.769ms
[2024-08-29T23:15:45.145+0800] GC(935) Concurrent Preclean
[2024-08-29T23:15:45.145+0800] GC(935) Concurrent Preclean 0.086ms
[2024-08-29T23:15:45.146+0800] GC(935) Pause Remark
[2024-08-29T23:15:45.147+0800] GC(935) Pause Remark 949M->949M(2048M) 1.044ms
[2024-08-29T23:15:45.147+0800] GC(935) User=0.00s Sys=0.00s Real=0.00s
[2024-08-29T23:15:45.147+0800] GC(935) Concurrent Mark 5.059ms
[2024-08-29T23:15:45.147+0800] GC(935) Concurrent Rebuild Remembered Sets
[2024-08-29T23:15:45.147+0800] GC(935) Concurrent Rebuild Remembered Sets 0.009ms
[2024-08-29T23:15:45.148+0800] GC(935) Pause Cleanup
[2024-08-29T23:15:45.148+0800] GC(935) Pause Cleanup 949M->949M(2048M) 0.022ms
[2024-08-29T23:15:45.148+0800] GC(935) User=0.00s Sys=0.00s Real=0.00s
[2024-08-29T23:15:45.148+0800] GC(935) Concurrent Cleanup for Next Mark
[2024-08-29T23:15:45.152+0800] GC(935) Concurrent Cleanup for Next Mark 4.763ms
[2024-08-29T23:15:45.153+0800] GC(935) Concurrent Mark Cycle 10.195ms
[2024-08-29T23:15:45.153+0800] GC(936) Pause Young (Concurrent Start) (G1 Humongous Allocation)
[2024-08-29T23:15:45.153+0800] GC(936) Using 8 workers of 8 for evacuation
[2024-08-29T23:15:45.154+0800] GC(936)   Pre Evacuate Collection Set: 0.2ms
[2024-08-29T23:15:45.154+0800] GC(936)   Merge Heap Roots: 0.1ms
[2024-08-29T23:15:45.154+0800] GC(936)   Evacuate Collection Set: 0.4ms
[2024-08-29T23:15:45.154+0800] GC(936)   Post Evacuate Collection Set: 0.2ms
[2024-08-29T23:15:45.154+0800] GC(936)   Other: 0.1ms
[2024-08-29T23:15:45.154+0800] GC(936) Eden regions: 4->0(892)
[2024-08-29T23:15:45.154+0800] GC(936) Survivor regions: 0->0(114)
[2024-08-29T23:15:45.154+0800] GC(936) Old regions: 1->1
[2024-08-29T23:15:45.154+0800] GC(936) Archive regions: 2->2
[2024-08-29T23:15:45.154+0800] GC(936) Humongous regions: 963->947
[2024-08-29T23:15:45.154+0800] GC(936) Metaspace: 1625K(1792K)->1625K(1792K) NonClass: 1506K(1600K)->1506K(1600K) Class: 119K(192K)->119K(192K)
[2024-08-29T23:15:45.154+0800] GC(936) Pause Young (Concurrent Start) (G1 Humongous Allocation) 968M->948M(2048M) 1.096ms
[2024-08-29T23:15:45.154+0800] GC(936) User=0.00s Sys=0.01s Real=0.00s
[2024-08-29T23:15:45.154+0800] GC(937) Concurrent Mark Cycle
[2024-08-29T23:15:45.154+0800] GC(937) Concurrent Clear Claimed Marks
[2024-08-29T23:15:45.154+0800] GC(937) Concurrent Clear Claimed Marks 0.006ms
[2024-08-29T23:15:45.154+0800] GC(937) Concurrent Scan Root Regions
[2024-08-29T23:15:45.154+0800] GC(937) Concurrent Scan Root Regions 0.004ms
[2024-08-29T23:15:45.154+0800] GC(937) Concurrent Mark
[2024-08-29T23:15:45.154+0800] GC(937) Concurrent Mark From Roots
[2024-08-29T23:15:45.154+0800] GC(937) Using 2 workers of 2 for marking
[2024-08-29T23:15:45.157+0800] GC(937) Concurrent Mark From Roots 2.579ms
[2024-08-29T23:15:45.157+0800] GC(937) Concurrent Preclean
[2024-08-29T23:15:45.157+0800] GC(937) Concurrent Preclean 0.074ms
[2024-08-29T23:15:45.157+0800] GC(937) Pause Remark
[2024-08-29T23:15:45.158+0800] GC(937) Pause Remark 964M->964M(2048M) 0.856ms
[2024-08-29T23:15:45.158+0800] GC(937) User=0.00s Sys=0.00s Real=0.00s
[2024-08-29T23:15:45.158+0800] GC(937) Concurrent Mark 3.699ms
[2024-08-29T23:15:45.158+0800] GC(937) Concurrent Rebuild Remembered Sets
[2024-08-29T23:15:45.158+0800] GC(937) Concurrent Rebuild Remembered Sets 0.007ms
[2024-08-29T23:15:45.159+0800] GC(937) Pause Cleanup
[2024-08-29T23:15:45.159+0800] GC(937) Pause Cleanup 968M->968M(2048M) 0.029ms
[2024-08-29T23:15:45.159+0800] GC(937) User=0.00s Sys=0.00s Real=0.00s
[2024-08-29T23:15:45.159+0800] GC(937) Concurrent Cleanup for Next Mark
[2024-08-29T23:15:45.163+0800] GC(937) Concurrent Cleanup for Next Mark 3.950ms
[2024-08-29T23:15:45.163+0800] GC(937) Concurrent Mark Cycle 9.190ms
[2024-08-29T23:15:45.164+0800] GC(938) Pause Young (Concurrent Start) (G1 Humongous Allocation)
[2024-08-29T23:15:45.164+0800] GC(938) Using 8 workers of 8 for evacuation
[2024-08-29T23:15:45.166+0800] GC(938)   Pre Evacuate Collection Set: 0.2ms
[2024-08-29T23:15:45.166+0800] GC(938)   Merge Heap Roots: 0.1ms
[2024-08-29T23:15:45.166+0800] GC(938)   Evacuate Collection Set: 0.4ms
[2024-08-29T23:15:45.166+0800] GC(938)   Post Evacuate Collection Set: 0.5ms
[2024-08-29T23:15:45.166+0800] GC(938)   Other: 0.1ms
[2024-08-29T23:15:45.166+0800] GC(938) Eden regions: 3->0(904)
[2024-08-29T23:15:45.166+0800] GC(938) Survivor regions: 0->0(112)
[2024-08-29T23:15:45.166+0800] GC(938) Old regions: 1->1
[2024-08-29T23:15:45.166+0800] GC(938) Archive regions: 2->2
[2024-08-29T23:15:45.166+0800] GC(938) Humongous regions: 969->935
[2024-08-29T23:15:45.166+0800] GC(938) Metaspace: 1625K(1792K)->1625K(1792K) NonClass: 1506K(1600K)->1506K(1600K) Class: 119K(192K)->119K(192K)
[2024-08-29T23:15:45.166+0800] GC(938) Pause Young (Concurrent Start) (G1 Humongous Allocation) 973M->936M(2048M) 1.320ms
[2024-08-29T23:15:45.166+0800] GC(938) User=0.00s Sys=0.00s Real=0.00s
[2024-08-29T23:15:45.166+0800] GC(939) Concurrent Mark Cycle
[2024-08-29T23:15:45.166+0800] GC(939) Concurrent Clear Claimed Marks
[2024-08-29T23:15:45.166+0800] GC(939) Concurrent Clear Claimed Marks 0.005ms
[2024-08-29T23:15:45.166+0800] GC(939) Concurrent Scan Root Regions
[2024-08-29T23:15:45.166+0800] GC(939) Concurrent Scan Root Regions 0.004ms
[2024-08-29T23:15:45.166+0800] GC(939) Concurrent Mark
[2024-08-29T23:15:45.166+0800] GC(939) Concurrent Mark From Roots
[2024-08-29T23:15:45.166+0800] GC(939) Using 2 workers of 2 for marking
[2024-08-29T23:15:45.168+0800] GC(939) Concurrent Mark From Roots 2.320ms
[2024-08-29T23:15:45.168+0800] GC(939) Concurrent Preclean
[2024-08-29T23:15:45.168+0800] GC(939) Concurrent Preclean 0.094ms
[2024-08-29T23:15:45.169+0800] GC(939) Pause Remark
[2024-08-29T23:15:45.170+0800] GC(939) Pause Remark 951M->951M(2048M) 1.153ms
[2024-08-29T23:15:45.170+0800] GC(939) User=0.01s Sys=0.00s Real=0.00s
[2024-08-29T23:15:45.171+0800] GC(939) Concurrent Mark 5.349ms
[2024-08-29T23:15:45.171+0800] GC(939) Concurrent Rebuild Remembered Sets
[2024-08-29T23:15:45.171+0800] GC(939) Concurrent Rebuild Remembered Sets 0.005ms
[2024-08-29T23:15:45.172+0800] GC(939) Pause Cleanup
[2024-08-29T23:15:45.172+0800] GC(939) Pause Cleanup 960M->960M(2048M) 0.019ms
[2024-08-29T23:15:45.172+0800] GC(939) User=0.00s Sys=0.00s Real=0.00s
[2024-08-29T23:15:45.172+0800] GC(939) Concurrent Cleanup for Next Mark
[2024-08-29T23:15:45.176+0800] GC(939) Concurrent Cleanup for Next Mark 3.776ms
[2024-08-29T23:15:45.176+0800] GC(939) Concurrent Mark Cycle 10.394ms
[2024-08-29T23:15:45.176+0800] GC(940) Pause Young (Concurrent Start) (G1 Humongous Allocation)
[2024-08-29T23:15:45.176+0800] GC(940) Using 8 workers of 8 for evacuation
[2024-08-29T23:15:45.177+0800] GC(940)   Pre Evacuate Collection Set: 0.3ms
[2024-08-29T23:15:45.177+0800] GC(940)   Merge Heap Roots: 0.1ms
[2024-08-29T23:15:45.177+0800] GC(940)   Evacuate Collection Set: 0.3ms
[2024-08-29T23:15:45.177+0800] GC(940)   Post Evacuate Collection Set: 0.3ms
[2024-08-29T23:15:45.177+0800] GC(940)   Other: 0.1ms
[2024-08-29T23:15:45.177+0800] GC(940) Eden regions: 3->0(904)
[2024-08-29T23:15:45.177+0800] GC(940) Survivor regions: 0->0(113)
[2024-08-29T23:15:45.177+0800] GC(940) Old regions: 1->1
[2024-08-29T23:15:45.177+0800] GC(940) Archive regions: 2->2
[2024-08-29T23:15:45.177+0800] GC(940) Humongous regions: 963->935
[2024-08-29T23:15:45.177+0800] GC(940) Metaspace: 1625K(1792K)->1625K(1792K) NonClass: 1506K(1600K)->1506K(1600K) Class: 119K(192K)->119K(192K)
[2024-08-29T23:15:45.177+0800] GC(940) Pause Young (Concurrent Start) (G1 Humongous Allocation) 967M->936M(2048M) 1.228ms
[2024-08-29T23:15:45.177+0800] GC(940) User=0.00s Sys=0.00s Real=0.00s
[2024-08-29T23:15:45.178+0800] GC(941) Concurrent Mark Cycle
[2024-08-29T23:15:45.178+0800] GC(941) Concurrent Clear Claimed Marks
[2024-08-29T23:15:45.178+0800] GC(941) Concurrent Clear Claimed Marks 0.008ms
[2024-08-29T23:15:45.178+0800] GC(941) Concurrent Scan Root Regions
[2024-08-29T23:15:45.178+0800] GC(941) Concurrent Scan Root Regions 0.005ms
[2024-08-29T23:15:45.178+0800] GC(941) Concurrent Mark
[2024-08-29T23:15:45.178+0800] GC(941) Concurrent Mark From Roots
[2024-08-29T23:15:45.178+0800] GC(941) Using 2 workers of 2 for marking
[2024-08-29T23:15:45.180+0800] GC(941) Concurrent Mark From Roots 2.491ms
[2024-08-29T23:15:45.180+0800] GC(941) Concurrent Preclean
[2024-08-29T23:15:45.180+0800] GC(941) Concurrent Preclean 0.092ms
[2024-08-29T23:15:45.180+0800] GC(941) Pause Remark
[2024-08-29T23:15:45.181+0800] GC(941) Pause Remark 953M->953M(2048M) 1.082ms
[2024-08-29T23:15:45.181+0800] GC(941) User=0.00s Sys=0.00s Real=0.00s
[2024-08-29T23:15:45.182+0800] GC(941) Concurrent Mark 3.995ms
[2024-08-29T23:15:45.182+0800] GC(941) Concurrent Rebuild Remembered Sets
[2024-08-29T23:15:45.182+0800] GC(941) Concurrent Rebuild Remembered Sets 0.005ms
[2024-08-29T23:15:45.182+0800] GC(941) Pause Cleanup
[2024-08-29T23:15:45.182+0800] GC(941) Pause Cleanup 960M->960M(2048M) 0.017ms
[2024-08-29T23:15:45.182+0800] GC(941) User=0.00s Sys=0.00s Real=0.00s
[2024-08-29T23:15:45.182+0800] GC(941) Concurrent Cleanup for Next Mark
[2024-08-29T23:15:45.186+0800] GC(941) Concurrent Cleanup for Next Mark 3.894ms
[2024-08-29T23:15:45.186+0800] GC(941) Concurrent Mark Cycle 8.801ms
[2024-08-29T23:15:45.188+0800] GC(942) Pause Young (Concurrent Start) (G1 Humongous Allocation)
[2024-08-29T23:15:45.188+0800] GC(942) Using 8 workers of 8 for evacuation
[2024-08-29T23:15:45.190+0800] GC(942)   Pre Evacuate Collection Set: 0.3ms
[2024-08-29T23:15:45.190+0800] GC(942)   Merge Heap Roots: 0.1ms
[2024-08-29T23:15:45.190+0800] GC(942)   Evacuate Collection Set: 0.4ms
[2024-08-29T23:15:45.190+0800] GC(942)   Post Evacuate Collection Set: 0.3ms
[2024-08-29T23:15:45.190+0800] GC(942)   Other: 0.1ms
[2024-08-29T23:15:45.190+0800] GC(942) Eden regions: 3->0(889)
[2024-08-29T23:15:45.190+0800] GC(942) Survivor regions: 0->0(113)
[2024-08-29T23:15:45.190+0800] GC(942) Old regions: 1->1
[2024-08-29T23:15:45.190+0800] GC(942) Archive regions: 2->2
[2024-08-29T23:15:45.190+0800] GC(942) Humongous regions: 968->950
[2024-08-29T23:15:45.190+0800] GC(942) Metaspace: 1625K(1792K)->1625K(1792K) NonClass: 1506K(1600K)->1506K(1600K) Class: 119K(192K)->119K(192K)
[2024-08-29T23:15:45.190+0800] GC(942) Pause Young (Concurrent Start) (G1 Humongous Allocation) 972M->951M(2048M) 1.275ms
[2024-08-29T23:15:45.190+0800] GC(942) User=0.00s Sys=0.00s Real=0.00s
[2024-08-29T23:15:45.190+0800] GC(943) Concurrent Mark Cycle
[2024-08-29T23:15:45.190+0800] GC(943) Concurrent Clear Claimed Marks
[2024-08-29T23:15:45.190+0800] GC(943) Concurrent Clear Claimed Marks 0.007ms
[2024-08-29T23:15:45.190+0800] GC(943) Concurrent Scan Root Regions
[2024-08-29T23:15:45.190+0800] GC(943) Concurrent Scan Root Regions 0.004ms
[2024-08-29T23:15:45.190+0800] GC(943) Concurrent Mark
[2024-08-29T23:15:45.190+0800] GC(943) Concurrent Mark From Roots
[2024-08-29T23:15:45.190+0800] GC(943) Using 2 workers of 2 for marking
[2024-08-29T23:15:45.192+0800] GC(943) Concurrent Mark From Roots 2.182ms
[2024-08-29T23:15:45.192+0800] GC(943) Concurrent Preclean
[2024-08-29T23:15:45.192+0800] GC(943) Concurrent Preclean 0.091ms
[2024-08-29T23:15:45.192+0800] GC(943) Pause Remark
[2024-08-29T23:15:45.193+0800] GC(943) Pause Remark 958M->958M(2048M) 1.039ms
[2024-08-29T23:15:45.193+0800] GC(943) User=0.00s Sys=0.00s Real=0.01s
[2024-08-29T23:15:45.193+0800] GC(943) Concurrent Mark 3.451ms
[2024-08-29T23:15:45.193+0800] GC(943) Concurrent Rebuild Remembered Sets
[2024-08-29T23:15:45.193+0800] GC(943) Concurrent Rebuild Remembered Sets 0.005ms
[2024-08-29T23:15:45.193+0800] GC(943) Pause Cleanup
[2024-08-29T23:15:45.193+0800] GC(943) Pause Cleanup 958M->958M(2048M) 0.013ms
[2024-08-29T23:15:45.193+0800] GC(943) User=0.00s Sys=0.00s Real=0.00s
[2024-08-29T23:15:45.193+0800] GC(943) Concurrent Cleanup for Next Mark
[2024-08-29T23:15:45.197+0800] GC(943) Concurrent Cleanup for Next Mark 3.642ms
[2024-08-29T23:15:45.197+0800] GC(943) Concurrent Mark Cycle 7.340ms
[2024-08-29T23:15:45.201+0800] GC(944) Pause Young (Concurrent Start) (G1 Humongous Allocation)
[2024-08-29T23:15:45.201+0800] GC(944) Using 8 workers of 8 for evacuation
[2024-08-29T23:15:45.202+0800] GC(944)   Pre Evacuate Collection Set: 0.2ms
[2024-08-29T23:15:45.202+0800] GC(944)   Merge Heap Roots: 0.1ms
[2024-08-29T23:15:45.202+0800] GC(944)   Evacuate Collection Set: 0.3ms
[2024-08-29T23:15:45.203+0800] GC(944)   Post Evacuate Collection Set: 0.4ms
[2024-08-29T23:15:45.203+0800] GC(944)   Other: 0.1ms
[2024-08-29T23:15:45.203+0800] GC(944) Eden regions: 3->0(947)
[2024-08-29T23:15:45.203+0800] GC(944) Survivor regions: 0->0(112)
[2024-08-29T23:15:45.203+0800] GC(944) Old regions: 1->1
[2024-08-29T23:15:45.203+0800] GC(944) Archive regions: 2->2
[2024-08-29T23:15:45.203+0800] GC(944) Humongous regions: 957->892
[2024-08-29T23:15:45.203+0800] GC(944) Metaspace: 1625K(1792K)->1625K(1792K) NonClass: 1506K(1600K)->1506K(1600K) Class: 119K(192K)->119K(192K)
[2024-08-29T23:15:45.203+0800] GC(944) Pause Young (Concurrent Start) (G1 Humongous Allocation) 961M->893M(2048M) 1.203ms
[2024-08-29T23:15:45.203+0800] GC(944) User=0.00s Sys=0.00s Real=0.01s
[2024-08-29T23:15:45.203+0800] GC(945) Concurrent Undo Cycle
[2024-08-29T23:15:45.203+0800] GC(945) Concurrent Cleanup for Next Mark
[2024-08-29T23:15:45.207+0800] GC(945) Concurrent Cleanup for Next Mark 4.149ms
[2024-08-29T23:15:45.207+0800] GC(945) Concurrent Undo Cycle 4.250ms
[2024-08-29T23:15:45.211+0800] GC(946) Pause Young (Concurrent Start) (G1 Humongous Allocation)
[2024-08-29T23:15:45.211+0800] GC(946) Using 8 workers of 8 for evacuation
[2024-08-29T23:15:45.213+0800] GC(946)   Pre Evacuate Collection Set: 0.3ms
[2024-08-29T23:15:45.213+0800] GC(946)   Merge Heap Roots: 0.1ms
[2024-08-29T23:15:45.213+0800] GC(946)   Evacuate Collection Set: 0.3ms
[2024-08-29T23:15:45.213+0800] GC(946)   Post Evacuate Collection Set: 0.4ms
[2024-08-29T23:15:45.213+0800] GC(946)   Other: 0.1ms
[2024-08-29T23:15:45.213+0800] GC(946) Eden regions: 3->0(943)
[2024-08-29T23:15:45.213+0800] GC(946) Survivor regions: 0->0(119)
[2024-08-29T23:15:45.213+0800] GC(946) Old regions: 1->1
[2024-08-29T23:15:45.213+0800] GC(946) Archive regions: 2->2
[2024-08-29T23:15:45.213+0800] GC(946) Humongous regions: 915->896
[2024-08-29T23:15:45.213+0800] GC(946) Metaspace: 1625K(1792K)->1625K(1792K) NonClass: 1506K(1600K)->1506K(1600K) Class: 119K(192K)->119K(192K)
[2024-08-29T23:15:45.213+0800] GC(946) Pause Young (Concurrent Start) (G1 Humongous Allocation) 919M->897M(2048M) 1.292ms
[2024-08-29T23:15:45.213+0800] GC(946) User=0.00s Sys=0.00s Real=0.01s
[2024-08-29T23:15:45.213+0800] GC(947) Concurrent Undo Cycle
[2024-08-29T23:15:45.213+0800] GC(947) Concurrent Cleanup for Next Mark
[2024-08-29T23:15:45.217+0800] GC(947) Concurrent Cleanup for Next Mark 4.645ms
[2024-08-29T23:15:45.217+0800] GC(947) Concurrent Undo Cycle 4.740ms
[2024-08-29T23:15:45.228+0800] GC(948) Pause Young (Concurrent Start) (G1 Humongous Allocation)
[2024-08-29T23:15:45.228+0800] GC(948) Using 8 workers of 8 for evacuation
[2024-08-29T23:15:45.229+0800] GC(948)   Pre Evacuate Collection Set: 0.4ms
[2024-08-29T23:15:45.229+0800] GC(948)   Merge Heap Roots: 0.1ms
[2024-08-29T23:15:45.229+0800] GC(948)   Evacuate Collection Set: 0.3ms
[2024-08-29T23:15:45.229+0800] GC(948)   Post Evacuate Collection Set: 0.2ms
[2024-08-29T23:15:45.229+0800] GC(948)   Other: 0.1ms
[2024-08-29T23:15:45.229+0800] GC(948) Eden regions: 3->0(971)
[2024-08-29T23:15:45.229+0800] GC(948) Survivor regions: 0->0(118)
[2024-08-29T23:15:45.229+0800] GC(948) Old regions: 1->1
[2024-08-29T23:15:45.229+0800] GC(948) Archive regions: 2->2
[2024-08-29T23:15:45.229+0800] GC(948) Humongous regions: 917->868
[2024-08-29T23:15:45.229+0800] GC(948) Metaspace: 1625K(1792K)->1625K(1792K) NonClass: 1506K(1600K)->1506K(1600K) Class: 119K(192K)->119K(192K)
[2024-08-29T23:15:45.229+0800] GC(948) Pause Young (Concurrent Start) (G1 Humongous Allocation) 921M->869M(2048M) 1.138ms
[2024-08-29T23:15:45.229+0800] GC(948) User=0.00s Sys=0.00s Real=0.00s
[2024-08-29T23:15:45.229+0800] GC(949) Concurrent Undo Cycle
[2024-08-29T23:15:45.229+0800] GC(949) Concurrent Cleanup for Next Mark
[2024-08-29T23:15:45.236+0800] GC(949) Concurrent Cleanup for Next Mark 6.433ms
[2024-08-29T23:15:45.236+0800] GC(949) Concurrent Undo Cycle 6.631ms
[2024-08-29T23:15:45.257+0800] GC(950) Pause Young (Concurrent Start) (G1 Humongous Allocation)
[2024-08-29T23:15:45.257+0800] GC(950) Using 8 workers of 8 for evacuation
[2024-08-29T23:15:45.259+0800] GC(950)   Pre Evacuate Collection Set: 0.2ms
[2024-08-29T23:15:45.259+0800] GC(950)   Merge Heap Roots: 0.1ms
[2024-08-29T23:15:45.259+0800] GC(950)   Evacuate Collection Set: 0.4ms
[2024-08-29T23:15:45.259+0800] GC(950)   Post Evacuate Collection Set: 0.4ms
[2024-08-29T23:15:45.259+0800] GC(950)   Other: 0.2ms
[2024-08-29T23:15:45.259+0800] GC(950) Eden regions: 4->0(1011)
[2024-08-29T23:15:45.259+0800] GC(950) Survivor regions: 0->0(122)
[2024-08-29T23:15:45.259+0800] GC(950) Old regions: 1->1
[2024-08-29T23:15:45.259+0800] GC(950) Archive regions: 2->2
[2024-08-29T23:15:45.259+0800] GC(950) Humongous regions: 917->828
[2024-08-29T23:15:45.259+0800] GC(950) Metaspace: 1625K(1792K)->1625K(1792K) NonClass: 1506K(1600K)->1506K(1600K) Class: 119K(192K)->119K(192K)
[2024-08-29T23:15:45.259+0800] GC(950) Pause Young (Concurrent Start) (G1 Humongous Allocation) 922M->829M(2048M) 1.426ms
[2024-08-29T23:15:45.259+0800] GC(950) User=0.00s Sys=0.00s Real=0.00s
[2024-08-29T23:15:45.259+0800] GC(951) Concurrent Undo Cycle
[2024-08-29T23:15:45.260+0800] GC(951) Concurrent Cleanup for Next Mark
[2024-08-29T23:15:45.265+0800] GC(951) Concurrent Cleanup for Next Mark 5.553ms
[2024-08-29T23:15:45.265+0800] GC(951) Concurrent Undo Cycle 5.654ms
[2024-08-29T23:15:45.298+0800] GC(952) Pause Young (Concurrent Start) (G1 Humongous Allocation)
[2024-08-29T23:15:45.299+0800] GC(952) Using 8 workers of 8 for evacuation
[2024-08-29T23:15:45.300+0800] GC(952)   Pre Evacuate Collection Set: 0.2ms
[2024-08-29T23:15:45.300+0800] GC(952)   Merge Heap Roots: 0.1ms
[2024-08-29T23:15:45.300+0800] GC(952)   Evacuate Collection Set: 0.4ms
[2024-08-29T23:15:45.300+0800] GC(952)   Post Evacuate Collection Set: 0.4ms
[2024-08-29T23:15:45.300+0800] GC(952)   Other: 0.2ms
[2024-08-29T23:15:45.300+0800] GC(952) Eden regions: 4->0(1034)
[2024-08-29T23:15:45.300+0800] GC(952) Survivor regions: 0->0(127)
[2024-08-29T23:15:45.300+0800] GC(952) Old regions: 1->1
[2024-08-29T23:15:45.300+0800] GC(952) Archive regions: 2->2
[2024-08-29T23:15:45.300+0800] GC(952) Humongous regions: 919->805
[2024-08-29T23:15:45.300+0800] GC(952) Metaspace: 1625K(1792K)->1625K(1792K) NonClass: 1506K(1600K)->1506K(1600K) Class: 119K(192K)->119K(192K)
[2024-08-29T23:15:45.300+0800] GC(952) Pause Young (Concurrent Start) (G1 Humongous Allocation) 924M->806M(2048M) 1.269ms
[2024-08-29T23:15:45.300+0800] GC(952) User=0.00s Sys=0.01s Real=0.00s
[2024-08-29T23:15:45.300+0800] GC(953) Concurrent Undo Cycle
[2024-08-29T23:15:45.300+0800] GC(953) Concurrent Cleanup for Next Mark
[2024-08-29T23:15:45.305+0800] GC(953) Concurrent Cleanup for Next Mark 5.032ms
[2024-08-29T23:15:45.305+0800] GC(953) Concurrent Undo Cycle 5.185ms
[2024-08-29T23:15:45.340+0800] GC(954) Pause Young (Concurrent Start) (G1 Humongous Allocation)
[2024-08-29T23:15:45.341+0800] GC(954) Using 8 workers of 8 for evacuation
[2024-08-29T23:15:45.342+0800] GC(954)   Pre Evacuate Collection Set: 0.2ms
[2024-08-29T23:15:45.342+0800] GC(954)   Merge Heap Roots: 0.1ms
[2024-08-29T23:15:45.342+0800] GC(954)   Evacuate Collection Set: 0.4ms
[2024-08-29T23:15:45.342+0800] GC(954)   Post Evacuate Collection Set: 0.4ms
[2024-08-29T23:15:45.342+0800] GC(954)   Other: 0.3ms
[2024-08-29T23:15:45.342+0800] GC(954) Eden regions: 4->0(1020)
[2024-08-29T23:15:45.342+0800] GC(954) Survivor regions: 0->0(130)
[2024-08-29T23:15:45.342+0800] GC(954) Old regions: 1->1
[2024-08-29T23:15:45.342+0800] GC(954) Archive regions: 2->2
[2024-08-29T23:15:45.342+0800] GC(954) Humongous regions: 916->819
[2024-08-29T23:15:45.342+0800] GC(954) Metaspace: 1625K(1792K)->1625K(1792K) NonClass: 1506K(1600K)->1506K(1600K) Class: 119K(192K)->119K(192K)
[2024-08-29T23:15:45.342+0800] GC(954) Pause Young (Concurrent Start) (G1 Humongous Allocation) 921M->820M(2048M) 1.456ms
[2024-08-29T23:15:45.342+0800] GC(954) User=0.00s Sys=0.00s Real=0.00s
[2024-08-29T23:15:45.342+0800] GC(955) Concurrent Undo Cycle
[2024-08-29T23:15:45.342+0800] GC(955) Concurrent Cleanup for Next Mark
[2024-08-29T23:15:45.347+0800] GC(955) Concurrent Cleanup for Next Mark 5.329ms
[2024-08-29T23:15:45.348+0800] GC(955) Concurrent Undo Cycle 5.524ms
[2024-08-29T23:15:45.388+0800] GC(956) Pause Young (Concurrent Start) (G1 Humongous Allocation)
[2024-08-29T23:15:45.388+0800] GC(956) Using 8 workers of 8 for evacuation
[2024-08-29T23:15:45.389+0800] GC(956)   Pre Evacuate Collection Set: 0.2ms
[2024-08-29T23:15:45.389+0800] GC(956)   Merge Heap Roots: 0.2ms
[2024-08-29T23:15:45.389+0800] GC(956)   Evacuate Collection Set: 0.5ms
[2024-08-29T23:15:45.389+0800] GC(956)   Post Evacuate Collection Set: 0.4ms
[2024-08-29T23:15:45.389+0800] GC(956)   Other: 0.2ms
[2024-08-29T23:15:45.389+0800] GC(956) Eden regions: 4->0(1011)
[2024-08-29T23:15:45.389+0800] GC(956) Survivor regions: 0->0(128)
[2024-08-29T23:15:45.389+0800] GC(956) Old regions: 1->1
[2024-08-29T23:15:45.389+0800] GC(956) Archive regions: 2->2
[2024-08-29T23:15:45.389+0800] GC(956) Humongous regions: 919->828
[2024-08-29T23:15:45.389+0800] GC(956) Metaspace: 1625K(1792K)->1625K(1792K) NonClass: 1506K(1600K)->1506K(1600K) Class: 119K(192K)->119K(192K)
[2024-08-29T23:15:45.389+0800] GC(956) Pause Young (Concurrent Start) (G1 Humongous Allocation) 924M->829M(2048M) 1.539ms
[2024-08-29T23:15:45.389+0800] GC(956) User=0.00s Sys=0.00s Real=0.00s
[2024-08-29T23:15:45.390+0800] GC(957) Concurrent Undo Cycle
[2024-08-29T23:15:45.390+0800] GC(957) Concurrent Cleanup for Next Mark
[2024-08-29T23:15:45.394+0800] GC(957) Concurrent Cleanup for Next Mark 4.363ms
[2024-08-29T23:15:45.394+0800] GC(957) Concurrent Undo Cycle 4.458ms
[2024-08-29T23:15:45.423+0800] GC(958) Pause Young (Concurrent Start) (G1 Humongous Allocation)
[2024-08-29T23:15:45.423+0800] GC(958) Using 8 workers of 8 for evacuation
[2024-08-29T23:15:45.424+0800] GC(958)   Pre Evacuate Collection Set: 0.2ms
[2024-08-29T23:15:45.424+0800] GC(958)   Merge Heap Roots: 0.1ms
[2024-08-29T23:15:45.424+0800] GC(958)   Evacuate Collection Set: 0.5ms
[2024-08-29T23:15:45.424+0800] GC(958)   Post Evacuate Collection Set: 0.3ms
[2024-08-29T23:15:45.424+0800] GC(958)   Other: 0.2ms
[2024-08-29T23:15:45.424+0800] GC(958) Eden regions: 4->0(997)
[2024-08-29T23:15:45.424+0800] GC(958) Survivor regions: 0->0(127)
[2024-08-29T23:15:45.424+0800] GC(958) Old regions: 1->1
[2024-08-29T23:15:45.424+0800] GC(958) Archive regions: 2->2
[2024-08-29T23:15:45.424+0800] GC(958) Humongous regions: 920->842
[2024-08-29T23:15:45.424+0800] GC(958) Metaspace: 1625K(1792K)->1625K(1792K) NonClass: 1506K(1600K)->1506K(1600K) Class: 119K(192K)->119K(192K)
[2024-08-29T23:15:45.424+0800] GC(958) Pause Young (Concurrent Start) (G1 Humongous Allocation) 925M->843M(2048M) 1.337ms
[2024-08-29T23:15:45.424+0800] GC(958) User=0.00s Sys=0.00s Real=0.00s
[2024-08-29T23:15:45.424+0800] GC(959) Concurrent Undo Cycle
[2024-08-29T23:15:45.424+0800] GC(959) Concurrent Cleanup for Next Mark
[2024-08-29T23:15:45.429+0800] GC(959) Concurrent Cleanup for Next Mark 5.031ms
[2024-08-29T23:15:45.429+0800] GC(959) Concurrent Undo Cycle 5.119ms
[2024-08-29T23:15:45.454+0800] GC(960) Pause Young (Concurrent Start) (G1 Humongous Allocation)
[2024-08-29T23:15:45.454+0800] GC(960) Using 8 workers of 8 for evacuation
[2024-08-29T23:15:45.455+0800] GC(960)   Pre Evacuate Collection Set: 0.2ms
[2024-08-29T23:15:45.455+0800] GC(960)   Merge Heap Roots: 0.2ms
[2024-08-29T23:15:45.455+0800] GC(960)   Evacuate Collection Set: 0.5ms
[2024-08-29T23:15:45.455+0800] GC(960)   Post Evacuate Collection Set: 0.4ms
[2024-08-29T23:15:45.455+0800] GC(960)   Other: 0.2ms
[2024-08-29T23:15:45.455+0800] GC(960) Eden regions: 4->0(1005)
[2024-08-29T23:15:45.455+0800] GC(960) Survivor regions: 0->0(125)
[2024-08-29T23:15:45.455+0800] GC(960) Old regions: 1->1
[2024-08-29T23:15:45.455+0800] GC(960) Archive regions: 2->2
[2024-08-29T23:15:45.455+0800] GC(960) Humongous regions: 914->834
[2024-08-29T23:15:45.455+0800] GC(960) Metaspace: 1625K(1792K)->1625K(1792K) NonClass: 1506K(1600K)->1506K(1600K) Class: 119K(192K)->119K(192K)
[2024-08-29T23:15:45.455+0800] GC(960) Pause Young (Concurrent Start) (G1 Humongous Allocation) 919M->835M(2048M) 1.545ms
[2024-08-29T23:15:45.455+0800] GC(960) User=0.00s Sys=0.00s Real=0.00s
[2024-08-29T23:15:45.456+0800] GC(961) Concurrent Undo Cycle
[2024-08-29T23:15:45.456+0800] GC(961) Concurrent Cleanup for Next Mark
[2024-08-29T23:15:45.463+0800] GC(961) Concurrent Cleanup for Next Mark 7.005ms
[2024-08-29T23:15:45.463+0800] GC(961) Concurrent Undo Cycle 7.108ms
[2024-08-29T23:15:45.487+0800] GC(962) Pause Young (Concurrent Start) (G1 Humongous Allocation)
[2024-08-29T23:15:45.487+0800] GC(962) Using 8 workers of 8 for evacuation
[2024-08-29T23:15:45.488+0800] GC(962)   Pre Evacuate Collection Set: 0.2ms
[2024-08-29T23:15:45.488+0800] GC(962)   Merge Heap Roots: 0.1ms
[2024-08-29T23:15:45.488+0800] GC(962)   Evacuate Collection Set: 0.4ms
[2024-08-29T23:15:45.488+0800] GC(962)   Post Evacuate Collection Set: 0.4ms
[2024-08-29T23:15:45.488+0800] GC(962)   Other: 0.2ms
[2024-08-29T23:15:45.488+0800] GC(962) Eden regions: 4->0(985)
[2024-08-29T23:15:45.488+0800] GC(962) Survivor regions: 0->0(126)
[2024-08-29T23:15:45.488+0800] GC(962) Old regions: 1->1
[2024-08-29T23:15:45.488+0800] GC(962) Archive regions: 2->2
[2024-08-29T23:15:45.488+0800] GC(962) Humongous regions: 917->854
[2024-08-29T23:15:45.488+0800] GC(962) Metaspace: 1625K(1792K)->1625K(1792K) NonClass: 1506K(1600K)->1506K(1600K) Class: 119K(192K)->119K(192K)
[2024-08-29T23:15:45.488+0800] GC(962) Pause Young (Concurrent Start) (G1 Humongous Allocation) 922M->855M(2048M) 1.275ms
[2024-08-29T23:15:45.488+0800] GC(962) User=0.00s Sys=0.00s Real=0.00s
[2024-08-29T23:15:45.488+0800] GC(963) Concurrent Undo Cycle
[2024-08-29T23:15:45.488+0800] GC(963) Concurrent Cleanup for Next Mark
[2024-08-29T23:15:45.492+0800] GC(963) Concurrent Cleanup for Next Mark 4.257ms
[2024-08-29T23:15:45.493+0800] GC(963) Concurrent Undo Cycle 4.360ms
[2024-08-29T23:15:45.516+0800] GC(964) Pause Young (Concurrent Start) (G1 Humongous Allocation)
[2024-08-29T23:15:45.516+0800] GC(964) Using 8 workers of 8 for evacuation
[2024-08-29T23:15:45.517+0800] GC(964)   Pre Evacuate Collection Set: 0.2ms
[2024-08-29T23:15:45.517+0800] GC(964)   Merge Heap Roots: 0.1ms
[2024-08-29T23:15:45.517+0800] GC(964)   Evacuate Collection Set: 0.3ms
[2024-08-29T23:15:45.517+0800] GC(964)   Post Evacuate Collection Set: 0.3ms
[2024-08-29T23:15:45.517+0800] GC(964)   Other: 0.2ms
[2024-08-29T23:15:45.517+0800] GC(964) Eden regions: 4->0(1003)
[2024-08-29T23:15:45.517+0800] GC(964) Survivor regions: 0->0(124)
[2024-08-29T23:15:45.517+0800] GC(964) Old regions: 1->1
[2024-08-29T23:15:45.517+0800] GC(964) Archive regions: 2->2
[2024-08-29T23:15:45.517+0800] GC(964) Humongous regions: 918->836
[2024-08-29T23:15:45.517+0800] GC(964) Metaspace: 1625K(1792K)->1625K(1792K) NonClass: 1506K(1600K)->1506K(1600K) Class: 119K(192K)->119K(192K)
[2024-08-29T23:15:45.517+0800] GC(964) Pause Young (Concurrent Start) (G1 Humongous Allocation) 923M->837M(2048M) 1.149ms
[2024-08-29T23:15:45.517+0800] GC(964) User=0.00s Sys=0.00s Real=0.00s
[2024-08-29T23:15:45.517+0800] GC(965) Concurrent Undo Cycle
[2024-08-29T23:15:45.517+0800] GC(965) Concurrent Cleanup for Next Mark
[2024-08-29T23:15:45.522+0800] GC(965) Concurrent Cleanup for Next Mark 5.389ms
[2024-08-29T23:15:45.523+0800] GC(965) Concurrent Undo Cycle 5.489ms
[2024-08-29T23:15:45.555+0800] GC(966) Pause Young (Concurrent Start) (G1 Humongous Allocation)
[2024-08-29T23:15:45.555+0800] GC(966) Using 8 workers of 8 for evacuation
[2024-08-29T23:15:45.556+0800] GC(966)   Pre Evacuate Collection Set: 0.2ms
[2024-08-29T23:15:45.556+0800] GC(966)   Merge Heap Roots: 0.1ms
[2024-08-29T23:15:45.556+0800] GC(966)   Evacuate Collection Set: 0.3ms
[2024-08-29T23:15:45.556+0800] GC(966)   Post Evacuate Collection Set: 0.4ms
[2024-08-29T23:15:45.556+0800] GC(966)   Other: 0.2ms
[2024-08-29T23:15:45.556+0800] GC(966) Eden regions: 4->0(1009)
[2024-08-29T23:15:45.556+0800] GC(966) Survivor regions: 0->0(126)
[2024-08-29T23:15:45.556+0800] GC(966) Old regions: 1->1
[2024-08-29T23:15:45.556+0800] GC(966) Archive regions: 2->2
[2024-08-29T23:15:45.556+0800] GC(966) Humongous regions: 917->830
[2024-08-29T23:15:45.556+0800] GC(966) Metaspace: 1625K(1792K)->1625K(1792K) NonClass: 1506K(1600K)->1506K(1600K) Class: 119K(192K)->119K(192K)
[2024-08-29T23:15:45.556+0800] GC(966) Pause Young (Concurrent Start) (G1 Humongous Allocation) 922M->831M(2048M) 1.292ms
[2024-08-29T23:15:45.556+0800] GC(966) User=0.00s Sys=0.00s Real=0.00s
[2024-08-29T23:15:45.556+0800] GC(967) Concurrent Undo Cycle
[2024-08-29T23:15:45.556+0800] GC(967) Concurrent Cleanup for Next Mark
[2024-08-29T23:15:45.561+0800] GC(967) Concurrent Cleanup for Next Mark 4.779ms
[2024-08-29T23:15:45.561+0800] GC(967) Concurrent Undo Cycle 4.891ms
[2024-08-29T23:15:45.601+0800] GC(968) Pause Young (Concurrent Start) (G1 Humongous Allocation)
[2024-08-29T23:15:45.601+0800] GC(968) Using 8 workers of 8 for evacuation
[2024-08-29T23:15:45.603+0800] GC(968)   Pre Evacuate Collection Set: 0.4ms
[2024-08-29T23:15:45.603+0800] GC(968)   Merge Heap Roots: 0.2ms
[2024-08-29T23:15:45.603+0800] GC(968)   Evacuate Collection Set: 0.4ms
[2024-08-29T23:15:45.603+0800] GC(968)   Post Evacuate Collection Set: 0.4ms
[2024-08-29T23:15:45.603+0800] GC(968)   Other: 0.3ms
[2024-08-29T23:15:45.603+0800] GC(968) Eden regions: 4->0(1058)
[2024-08-29T23:15:45.603+0800] GC(968) Survivor regions: 0->0(127)
[2024-08-29T23:15:45.603+0800] GC(968) Old regions: 1->1
[2024-08-29T23:15:45.603+0800] GC(968) Archive regions: 2->2
[2024-08-29T23:15:45.603+0800] GC(968) Humongous regions: 916->781
[2024-08-29T23:15:45.603+0800] GC(968) Metaspace: 1625K(1792K)->1625K(1792K) NonClass: 1506K(1600K)->1506K(1600K) Class: 119K(192K)->119K(192K)
[2024-08-29T23:15:45.603+0800] GC(968) Pause Young (Concurrent Start) (G1 Humongous Allocation) 921M->782M(2048M) 1.709ms
[2024-08-29T23:15:45.603+0800] GC(968) User=0.00s Sys=0.01s Real=0.01s
[2024-08-29T23:15:45.603+0800] GC(969) Concurrent Undo Cycle
[2024-08-29T23:15:45.603+0800] GC(969) Concurrent Cleanup for Next Mark
[2024-08-29T23:15:45.609+0800] GC(969) Concurrent Cleanup for Next Mark 6.198ms
[2024-08-29T23:15:45.609+0800] GC(969) Concurrent Undo Cycle 6.295ms
[2024-08-29T23:15:45.658+0800] GC(970) Pause Young (Concurrent Start) (G1 Humongous Allocation)
[2024-08-29T23:15:45.658+0800] GC(970) Using 8 workers of 8 for evacuation
[2024-08-29T23:15:45.659+0800] GC(970)   Pre Evacuate Collection Set: 0.2ms
[2024-08-29T23:15:45.659+0800] GC(970)   Merge Heap Roots: 0.1ms
[2024-08-29T23:15:45.659+0800] GC(970)   Evacuate Collection Set: 0.4ms
[2024-08-29T23:15:45.659+0800] GC(970)   Post Evacuate Collection Set: 0.4ms
[2024-08-29T23:15:45.659+0800] GC(970)   Other: 0.2ms
[2024-08-29T23:15:45.659+0800] GC(970) Eden regions: 4->0(1037)
[2024-08-29T23:15:45.659+0800] GC(970) Survivor regions: 0->0(133)
[2024-08-29T23:15:45.659+0800] GC(970) Old regions: 1->1
[2024-08-29T23:15:45.659+0800] GC(970) Archive regions: 2->2
[2024-08-29T23:15:45.659+0800] GC(970) Humongous regions: 917->802
[2024-08-29T23:15:45.659+0800] GC(970) Metaspace: 1625K(1792K)->1625K(1792K) NonClass: 1506K(1600K)->1506K(1600K) Class: 119K(192K)->119K(192K)
[2024-08-29T23:15:45.659+0800] GC(970) Pause Young (Concurrent Start) (G1 Humongous Allocation) 922M->803M(2048M) 1.378ms
[2024-08-29T23:15:45.659+0800] GC(970) User=0.00s Sys=0.00s Real=0.00s
[2024-08-29T23:15:45.659+0800] GC(971) Concurrent Undo Cycle
[2024-08-29T23:15:45.659+0800] GC(971) Concurrent Cleanup for Next Mark
[2024-08-29T23:15:45.664+0800] GC(971) Concurrent Cleanup for Next Mark 4.878ms
[2024-08-29T23:15:45.664+0800] GC(971) Concurrent Undo Cycle 5.042ms
[2024-08-29T23:15:45.703+0800] GC(972) Pause Young (Concurrent Start) (G1 Humongous Allocation)
[2024-08-29T23:15:45.703+0800] GC(972) Using 8 workers of 8 for evacuation
[2024-08-29T23:15:45.705+0800] GC(972)   Pre Evacuate Collection Set: 0.3ms
[2024-08-29T23:15:45.705+0800] GC(972)   Merge Heap Roots: 0.1ms
[2024-08-29T23:15:45.706+0800] GC(972)   Evacuate Collection Set: 0.8ms
[2024-08-29T23:15:45.706+0800] GC(972)   Post Evacuate Collection Set: 0.7ms
[2024-08-29T23:15:45.706+0800] GC(972)   Other: 0.3ms
[2024-08-29T23:15:45.706+0800] GC(972) Eden regions: 4->0(1043)
[2024-08-29T23:15:45.706+0800] GC(972) Survivor regions: 0->0(130)
[2024-08-29T23:15:45.706+0800] GC(972) Old regions: 1->1
[2024-08-29T23:15:45.706+0800] GC(972) Archive regions: 2->2
[2024-08-29T23:15:45.706+0800] GC(972) Humongous regions: 916->796
[2024-08-29T23:15:45.706+0800] GC(972) Metaspace: 1625K(1792K)->1625K(1792K) NonClass: 1506K(1600K)->1506K(1600K) Class: 119K(192K)->119K(192K)
[2024-08-29T23:15:45.706+0800] GC(972) Pause Young (Concurrent Start) (G1 Humongous Allocation) 921M->797M(2048M) 2.452ms
[2024-08-29T23:15:45.706+0800] GC(972) User=0.00s Sys=0.01s Real=0.00s
[2024-08-29T23:15:45.706+0800] GC(973) Concurrent Undo Cycle
[2024-08-29T23:15:45.706+0800] GC(973) Concurrent Cleanup for Next Mark
[2024-08-29T23:15:45.713+0800] GC(973) Concurrent Cleanup for Next Mark 7.068ms
[2024-08-29T23:15:45.713+0800] GC(973) Concurrent Undo Cycle 7.212ms
[2024-08-29T23:15:45.769+0800] GC(974) Pause Young (Concurrent Start) (G1 Humongous Allocation)
[2024-08-29T23:15:45.770+0800] GC(974) Using 8 workers of 8 for evacuation
[2024-08-29T23:15:45.771+0800] GC(974)   Pre Evacuate Collection Set: 0.3ms
[2024-08-29T23:15:45.771+0800] GC(974)   Merge Heap Roots: 0.1ms
[2024-08-29T23:15:45.771+0800] GC(974)   Evacuate Collection Set: 0.4ms
[2024-08-29T23:15:45.771+0800] GC(974)   Post Evacuate Collection Set: 0.4ms
[2024-08-29T23:15:45.771+0800] GC(974)   Other: 0.3ms
[2024-08-29T23:15:45.771+0800] GC(974) Eden regions: 4->0(1107)
[2024-08-29T23:15:45.771+0800] GC(974) Survivor regions: 0->0(131)
[2024-08-29T23:15:45.771+0800] GC(974) Old regions: 1->1
[2024-08-29T23:15:45.771+0800] GC(974) Archive regions: 2->2
[2024-08-29T23:15:45.771+0800] GC(974) Humongous regions: 916->732
[2024-08-29T23:15:45.771+0800] GC(974) Metaspace: 1625K(1792K)->1625K(1792K) NonClass: 1506K(1600K)->1506K(1600K) Class: 119K(192K)->119K(192K)
[2024-08-29T23:15:45.771+0800] GC(974) Pause Young (Concurrent Start) (G1 Humongous Allocation) 921M->733M(2048M) 1.563ms
[2024-08-29T23:15:45.771+0800] GC(974) User=0.00s Sys=0.00s Real=0.00s
[2024-08-29T23:15:45.771+0800] GC(975) Concurrent Undo Cycle
[2024-08-29T23:15:45.771+0800] GC(975) Concurrent Cleanup for Next Mark
[2024-08-29T23:15:45.777+0800] GC(975) Concurrent Cleanup for Next Mark 5.675ms
[2024-08-29T23:15:45.777+0800] GC(975) Concurrent Undo Cycle 5.802ms
[2024-08-29T23:15:45.844+0800] GC(976) Pause Young (Concurrent Start) (G1 Humongous Allocation)
[2024-08-29T23:15:45.845+0800] GC(976) Using 8 workers of 8 for evacuation
[2024-08-29T23:15:45.846+0800] GC(976)   Pre Evacuate Collection Set: 0.3ms
[2024-08-29T23:15:45.846+0800] GC(976)   Merge Heap Roots: 0.1ms
[2024-08-29T23:15:45.846+0800] GC(976)   Evacuate Collection Set: 0.3ms
[2024-08-29T23:15:45.846+0800] GC(976)   Post Evacuate Collection Set: 0.4ms
[2024-08-29T23:15:45.846+0800] GC(976)   Other: 0.2ms
[2024-08-29T23:15:45.846+0800] GC(976) Eden regions: 4->0(1103)
[2024-08-29T23:15:45.846+0800] GC(976) Survivor regions: 0->0(139)
[2024-08-29T23:15:45.846+0800] GC(976) Old regions: 1->1
[2024-08-29T23:15:45.846+0800] GC(976) Archive regions: 2->2
[2024-08-29T23:15:45.846+0800] GC(976) Humongous regions: 916->736
[2024-08-29T23:15:45.846+0800] GC(976) Metaspace: 1625K(1792K)->1625K(1792K) NonClass: 1506K(1600K)->1506K(1600K) Class: 119K(192K)->119K(192K)
[2024-08-29T23:15:45.846+0800] GC(976) Pause Young (Concurrent Start) (G1 Humongous Allocation) 921M->737M(2048M) 1.451ms
[2024-08-29T23:15:45.846+0800] GC(976) User=0.00s Sys=0.00s Real=0.00s
[2024-08-29T23:15:45.846+0800] GC(977) Concurrent Undo Cycle
[2024-08-29T23:15:45.846+0800] GC(977) Concurrent Cleanup for Next Mark
[2024-08-29T23:15:45.852+0800] GC(977) Concurrent Cleanup for Next Mark 5.828ms
[2024-08-29T23:15:45.852+0800] GC(977) Concurrent Undo Cycle 5.921ms
[2024-08-29T23:15:45.928+0800] GC(978) Pause Young (Concurrent Start) (G1 Humongous Allocation)
[2024-08-29T23:15:45.929+0800] GC(978) Using 8 workers of 8 for evacuation
[2024-08-29T23:15:45.930+0800] GC(978)   Pre Evacuate Collection Set: 0.2ms
[2024-08-29T23:15:45.930+0800] GC(978)   Merge Heap Roots: 0.1ms
[2024-08-29T23:15:45.930+0800] GC(978)   Evacuate Collection Set: 0.3ms
[2024-08-29T23:15:45.930+0800] GC(978)   Post Evacuate Collection Set: 0.4ms
[2024-08-29T23:15:45.930+0800] GC(978)   Other: 0.3ms
[2024-08-29T23:15:45.930+0800] GC(978) Eden regions: 4->0(1119)
[2024-08-29T23:15:45.930+0800] GC(978) Survivor regions: 0->0(138)
[2024-08-29T23:15:45.930+0800] GC(978) Old regions: 1->1
[2024-08-29T23:15:45.930+0800] GC(978) Archive regions: 2->2
[2024-08-29T23:15:45.930+0800] GC(978) Humongous regions: 918->720
[2024-08-29T23:15:45.930+0800] GC(978) Metaspace: 1625K(1792K)->1625K(1792K) NonClass: 1506K(1600K)->1506K(1600K) Class: 119K(192K)->119K(192K)
[2024-08-29T23:15:45.930+0800] GC(978) Pause Young (Concurrent Start) (G1 Humongous Allocation) 923M->721M(2048M) 1.470ms
[2024-08-29T23:15:45.930+0800] GC(978) User=0.00s Sys=0.00s Real=0.00s
[2024-08-29T23:15:45.930+0800] GC(979) Concurrent Undo Cycle
[2024-08-29T23:15:45.930+0800] GC(979) Concurrent Cleanup for Next Mark
[2024-08-29T23:15:45.933+0800] GC(979) Concurrent Cleanup for Next Mark 3.439ms
[2024-08-29T23:15:45.934+0800] GC(979) Concurrent Undo Cycle 3.545ms
[2024-08-29T23:15:46.005+0800] GC(980) Pause Young (Concurrent Start) (G1 Humongous Allocation)
[2024-08-29T23:15:46.005+0800] GC(980) Using 8 workers of 8 for evacuation
[2024-08-29T23:15:46.007+0800] GC(980)   Pre Evacuate Collection Set: 0.2ms
[2024-08-29T23:15:46.007+0800] GC(980)   Merge Heap Roots: 0.1ms
[2024-08-29T23:15:46.007+0800] GC(980)   Evacuate Collection Set: 0.6ms
[2024-08-29T23:15:46.007+0800] GC(980)   Post Evacuate Collection Set: 0.4ms
[2024-08-29T23:15:46.007+0800] GC(980)   Other: 0.3ms
[2024-08-29T23:15:46.007+0800] GC(980) Eden regions: 4->0(1086)
[2024-08-29T23:15:46.007+0800] GC(980) Survivor regions: 0->0(140)
[2024-08-29T23:15:46.007+0800] GC(980) Old regions: 1->1
[2024-08-29T23:15:46.007+0800] GC(980) Archive regions: 2->2
[2024-08-29T23:15:46.007+0800] GC(980) Humongous regions: 919->753
[2024-08-29T23:15:46.007+0800] GC(980) Metaspace: 1625K(1792K)->1625K(1792K) NonClass: 1506K(1600K)->1506K(1600K) Class: 119K(192K)->119K(192K)
[2024-08-29T23:15:46.007+0800] GC(980) Pause Young (Concurrent Start) (G1 Humongous Allocation) 924M->754M(2048M) 1.756ms
[2024-08-29T23:15:46.007+0800] GC(980) User=0.00s Sys=0.01s Real=0.00s
[2024-08-29T23:15:46.007+0800] GC(981) Concurrent Undo Cycle
[2024-08-29T23:15:46.007+0800] GC(981) Concurrent Cleanup for Next Mark
[2024-08-29T23:15:46.013+0800] GC(981) Concurrent Cleanup for Next Mark 6.110ms
[2024-08-29T23:15:46.013+0800] GC(981) Concurrent Undo Cycle 6.206ms
[2024-08-29T23:15:46.069+0800] GC(982) Pause Young (Concurrent Start) (G1 Humongous Allocation)
[2024-08-29T23:15:46.069+0800] GC(982) Using 8 workers of 8 for evacuation
[2024-08-29T23:15:46.071+0800] GC(982)   Pre Evacuate Collection Set: 0.3ms
[2024-08-29T23:15:46.071+0800] GC(982)   Merge Heap Roots: 0.1ms
[2024-08-29T23:15:46.071+0800] GC(982)   Evacuate Collection Set: 0.7ms
[2024-08-29T23:15:46.071+0800] GC(982)   Post Evacuate Collection Set: 0.3ms
[2024-08-29T23:15:46.071+0800] GC(982)   Other: 0.3ms
[2024-08-29T23:15:46.071+0800] GC(982) Eden regions: 4->0(1053)
[2024-08-29T23:15:46.071+0800] GC(982) Survivor regions: 0->0(136)
[2024-08-29T23:15:46.071+0800] GC(982) Old regions: 1->1
[2024-08-29T23:15:46.071+0800] GC(982) Archive regions: 2->2
[2024-08-29T23:15:46.071+0800] GC(982) Humongous regions: 919->786
[2024-08-29T23:15:46.071+0800] GC(982) Metaspace: 1625K(1792K)->1625K(1792K) NonClass: 1506K(1600K)->1506K(1600K) Class: 119K(192K)->119K(192K)
[2024-08-29T23:15:46.071+0800] GC(982) Pause Young (Concurrent Start) (G1 Humongous Allocation) 924M->787M(2048M) 1.737ms
[2024-08-29T23:15:46.071+0800] GC(982) User=0.00s Sys=0.01s Real=0.00s
[2024-08-29T23:15:46.071+0800] GC(983) Concurrent Undo Cycle
[2024-08-29T23:15:46.071+0800] GC(983) Concurrent Cleanup for Next Mark
[2024-08-29T23:15:46.075+0800] GC(983) Concurrent Cleanup for Next Mark 4.464ms
[2024-08-29T23:15:46.075+0800] GC(983) Concurrent Undo Cycle 4.538ms
[2024-08-29T23:15:46.119+0800] GC(984) Pause Young (Concurrent Start) (G1 Humongous Allocation)
[2024-08-29T23:15:46.119+0800] GC(984) Using 8 workers of 8 for evacuation
[2024-08-29T23:15:46.120+0800] GC(984)   Pre Evacuate Collection Set: 0.2ms
[2024-08-29T23:15:46.120+0800] GC(984)   Merge Heap Roots: 0.1ms
[2024-08-29T23:15:46.120+0800] GC(984)   Evacuate Collection Set: 0.3ms
[2024-08-29T23:15:46.120+0800] GC(984)   Post Evacuate Collection Set: 0.3ms
[2024-08-29T23:15:46.120+0800] GC(984)   Other: 0.2ms
[2024-08-29T23:15:46.120+0800] GC(984) Eden regions: 4->0(1024)
[2024-08-29T23:15:46.120+0800] GC(984) Survivor regions: 0->0(132)
[2024-08-29T23:15:46.120+0800] GC(984) Old regions: 1->1
[2024-08-29T23:15:46.120+0800] GC(984) Archive regions: 2->2
[2024-08-29T23:15:46.120+0800] GC(984) Humongous regions: 917->815
[2024-08-29T23:15:46.120+0800] GC(984) Metaspace: 1625K(1792K)->1625K(1792K) NonClass: 1506K(1600K)->1506K(1600K) Class: 119K(192K)->119K(192K)
[2024-08-29T23:15:46.120+0800] GC(984) Pause Young (Concurrent Start) (G1 Humongous Allocation) 922M->816M(2048M) 1.133ms
[2024-08-29T23:15:46.120+0800] GC(984) User=0.00s Sys=0.00s Real=0.00s
[2024-08-29T23:15:46.120+0800] GC(985) Concurrent Undo Cycle
[2024-08-29T23:15:46.120+0800] GC(985) Concurrent Cleanup for Next Mark
[2024-08-29T23:15:46.126+0800] GC(985) Concurrent Cleanup for Next Mark 5.421ms
[2024-08-29T23:15:46.127+0800] GC(985) Concurrent Undo Cycle 6.208ms
[2024-08-29T23:15:46.160+0800] GC(986) Pause Young (Concurrent Start) (G1 Humongous Allocation)
[2024-08-29T23:15:46.160+0800] GC(986) Using 8 workers of 8 for evacuation
[2024-08-29T23:15:46.161+0800] GC(986)   Pre Evacuate Collection Set: 0.2ms
[2024-08-29T23:15:46.161+0800] GC(986)   Merge Heap Roots: 0.1ms
[2024-08-29T23:15:46.161+0800] GC(986)   Evacuate Collection Set: 0.3ms
[2024-08-29T23:15:46.161+0800] GC(986)   Post Evacuate Collection Set: 0.4ms
[2024-08-29T23:15:46.161+0800] GC(986)   Other: 0.2ms
[2024-08-29T23:15:46.161+0800] GC(986) Eden regions: 4->0(1027)
[2024-08-29T23:15:46.161+0800] GC(986) Survivor regions: 0->0(128)
[2024-08-29T23:15:46.161+0800] GC(986) Old regions: 1->1
[2024-08-29T23:15:46.161+0800] GC(986) Archive regions: 2->2
[2024-08-29T23:15:46.161+0800] GC(986) Humongous regions: 916->812
[2024-08-29T23:15:46.161+0800] GC(986) Metaspace: 1625K(1792K)->1625K(1792K) NonClass: 1506K(1600K)->1506K(1600K) Class: 119K(192K)->119K(192K)
[2024-08-29T23:15:46.161+0800] GC(986) Pause Young (Concurrent Start) (G1 Humongous Allocation) 921M->813M(2048M) 1.327ms
[2024-08-29T23:15:46.162+0800] GC(986) User=0.00s Sys=0.00s Real=0.00s
[2024-08-29T23:15:46.162+0800] GC(987) Concurrent Undo Cycle
[2024-08-29T23:15:46.162+0800] GC(987) Concurrent Cleanup for Next Mark
[2024-08-29T23:15:46.168+0800] GC(987) Concurrent Cleanup for Next Mark 6.567ms
[2024-08-29T23:15:46.168+0800] GC(987) Concurrent Undo Cycle 6.688ms
[2024-08-29T23:15:46.200+0800] GC(988) Pause Young (Concurrent Start) (G1 Humongous Allocation)
[2024-08-29T23:15:46.200+0800] GC(988) Using 8 workers of 8 for evacuation
[2024-08-29T23:15:46.201+0800] GC(988)   Pre Evacuate Collection Set: 0.3ms
[2024-08-29T23:15:46.202+0800] GC(988)   Merge Heap Roots: 0.1ms
[2024-08-29T23:15:46.202+0800] GC(988)   Evacuate Collection Set: 0.4ms
[2024-08-29T23:15:46.202+0800] GC(988)   Post Evacuate Collection Set: 0.3ms
[2024-08-29T23:15:46.202+0800] GC(988)   Other: 0.2ms
[2024-08-29T23:15:46.202+0800] GC(988) Eden regions: 4->0(998)
[2024-08-29T23:15:46.202+0800] GC(988) Survivor regions: 0->0(129)
[2024-08-29T23:15:46.202+0800] GC(988) Old regions: 1->1
[2024-08-29T23:15:46.202+0800] GC(988) Archive regions: 2->2
[2024-08-29T23:15:46.202+0800] GC(988) Humongous regions: 917->841
[2024-08-29T23:15:46.202+0800] GC(988) Metaspace: 1625K(1792K)->1625K(1792K) NonClass: 1506K(1600K)->1506K(1600K) Class: 119K(192K)->119K(192K)
[2024-08-29T23:15:46.202+0800] GC(988) Pause Young (Concurrent Start) (G1 Humongous Allocation) 922M->842M(2048M) 1.359ms
[2024-08-29T23:15:46.202+0800] GC(988) User=0.00s Sys=0.00s Real=0.00s
[2024-08-29T23:15:46.202+0800] GC(989) Concurrent Undo Cycle
[2024-08-29T23:15:46.202+0800] GC(989) Concurrent Cleanup for Next Mark
[2024-08-29T23:15:46.207+0800] GC(989) Concurrent Cleanup for Next Mark 4.794ms
[2024-08-29T23:15:46.207+0800] GC(989) Concurrent Undo Cycle 4.923ms
[2024-08-29T23:15:46.244+0800] GC(990) Pause Young (Concurrent Start) (G1 Humongous Allocation)
[2024-08-29T23:15:46.244+0800] GC(990) Using 8 workers of 8 for evacuation
[2024-08-29T23:15:46.247+0800] GC(990)   Pre Evacuate Collection Set: 0.2ms
[2024-08-29T23:15:46.247+0800] GC(990)   Merge Heap Roots: 0.1ms
[2024-08-29T23:15:46.247+0800] GC(990)   Evacuate Collection Set: 1.7ms
[2024-08-29T23:15:46.247+0800] GC(990)   Post Evacuate Collection Set: 0.4ms
[2024-08-29T23:15:46.247+0800] GC(990)   Other: 0.2ms
[2024-08-29T23:15:46.247+0800] GC(990) Eden regions: 4->0(1040)
[2024-08-29T23:15:46.247+0800] GC(990) Survivor regions: 0->0(125)
[2024-08-29T23:15:46.247+0800] GC(990) Old regions: 1->1
[2024-08-29T23:15:46.247+0800] GC(990) Archive regions: 2->2
[2024-08-29T23:15:46.247+0800] GC(990) Humongous regions: 918->799
[2024-08-29T23:15:46.247+0800] GC(990) Metaspace: 1625K(1792K)->1625K(1792K) NonClass: 1506K(1600K)->1506K(1600K) Class: 119K(192K)->119K(192K)
[2024-08-29T23:15:46.247+0800] GC(990) Pause Young (Concurrent Start) (G1 Humongous Allocation) 923M->800M(2048M) 2.676ms
[2024-08-29T23:15:46.247+0800] GC(990) User=0.00s Sys=0.00s Real=0.00s
[2024-08-29T23:15:46.247+0800] GC(991) Concurrent Undo Cycle
[2024-08-29T23:15:46.247+0800] GC(991) Concurrent Cleanup for Next Mark
[2024-08-29T23:15:46.254+0800] GC(991) Concurrent Cleanup for Next Mark 6.778ms
[2024-08-29T23:15:46.254+0800] GC(991) Concurrent Undo Cycle 7.466ms
[2024-08-29T23:15:46.295+0800] GC(992) Pause Young (Concurrent Start) (G1 Humongous Allocation)
[2024-08-29T23:15:46.295+0800] GC(992) Using 8 workers of 8 for evacuation
[2024-08-29T23:15:46.298+0800] GC(992)   Pre Evacuate Collection Set: 2.0ms
[2024-08-29T23:15:46.298+0800] GC(992)   Merge Heap Roots: 0.2ms
[2024-08-29T23:15:46.298+0800] GC(992)   Evacuate Collection Set: 0.4ms
[2024-08-29T23:15:46.298+0800] GC(992)   Post Evacuate Collection Set: 0.4ms
[2024-08-29T23:15:46.298+0800] GC(992)   Other: 0.3ms
[2024-08-29T23:15:46.298+0800] GC(992) Eden regions: 4->0(1043)
[2024-08-29T23:15:46.298+0800] GC(992) Survivor regions: 0->0(130)
[2024-08-29T23:15:46.298+0800] GC(992) Old regions: 1->1
[2024-08-29T23:15:46.298+0800] GC(992) Archive regions: 2->2
[2024-08-29T23:15:46.298+0800] GC(992) Humongous regions: 915->796
[2024-08-29T23:15:46.298+0800] GC(992) Metaspace: 1625K(1792K)->1625K(1792K) NonClass: 1506K(1600K)->1506K(1600K) Class: 119K(192K)->119K(192K)
[2024-08-29T23:15:46.298+0800] GC(992) Pause Young (Concurrent Start) (G1 Humongous Allocation) 920M->797M(2048M) 3.341ms
[2024-08-29T23:15:46.298+0800] GC(992) User=0.00s Sys=0.00s Real=0.00s
[2024-08-29T23:15:46.298+0800] GC(993) Concurrent Undo Cycle
[2024-08-29T23:15:46.298+0800] GC(993) Concurrent Cleanup for Next Mark
[2024-08-29T23:15:46.304+0800] GC(993) Concurrent Cleanup for Next Mark 5.438ms
[2024-08-29T23:15:46.304+0800] GC(993) Concurrent Undo Cycle 5.590ms
[2024-08-29T23:15:46.348+0800] GC(994) Pause Young (Concurrent Start) (G1 Humongous Allocation)
[2024-08-29T23:15:46.348+0800] GC(994) Using 8 workers of 8 for evacuation
[2024-08-29T23:15:46.349+0800] GC(994)   Pre Evacuate Collection Set: 0.3ms
[2024-08-29T23:15:46.349+0800] GC(994)   Merge Heap Roots: 0.1ms
[2024-08-29T23:15:46.349+0800] GC(994)   Evacuate Collection Set: 0.4ms
[2024-08-29T23:15:46.349+0800] GC(994)   Post Evacuate Collection Set: 0.4ms
[2024-08-29T23:15:46.349+0800] GC(994)   Other: 0.2ms
[2024-08-29T23:15:46.349+0800] GC(994) Eden regions: 4->0(1063)
[2024-08-29T23:15:46.349+0800] GC(994) Survivor regions: 0->0(131)
[2024-08-29T23:15:46.349+0800] GC(994) Old regions: 1->1
[2024-08-29T23:15:46.349+0800] GC(994) Archive regions: 2->2
[2024-08-29T23:15:46.349+0800] GC(994) Humongous regions: 918->776
[2024-08-29T23:15:46.349+0800] GC(994) Metaspace: 1625K(1792K)->1625K(1792K) NonClass: 1506K(1600K)->1506K(1600K) Class: 119K(192K)->119K(192K)
[2024-08-29T23:15:46.349+0800] GC(994) Pause Young (Concurrent Start) (G1 Humongous Allocation) 923M->777M(2048M) 1.457ms
[2024-08-29T23:15:46.349+0800] GC(994) User=0.00s Sys=0.00s Real=0.00s
[2024-08-29T23:15:46.349+0800] GC(995) Concurrent Undo Cycle
[2024-08-29T23:15:46.349+0800] GC(995) Concurrent Cleanup for Next Mark
[2024-08-29T23:15:46.356+0800] GC(995) Concurrent Cleanup for Next Mark 6.589ms
[2024-08-29T23:15:46.356+0800] GC(995) Concurrent Undo Cycle 6.763ms
[2024-08-29T23:15:46.414+0800] GC(996) Pause Young (Concurrent Start) (G1 Humongous Allocation)
[2024-08-29T23:15:46.415+0800] GC(996) Using 8 workers of 8 for evacuation
[2024-08-29T23:15:46.416+0800] GC(996)   Pre Evacuate Collection Set: 0.4ms
[2024-08-29T23:15:46.416+0800] GC(996)   Merge Heap Roots: 0.1ms
[2024-08-29T23:15:46.416+0800] GC(996)   Evacuate Collection Set: 0.3ms
[2024-08-29T23:15:46.416+0800] GC(996)   Post Evacuate Collection Set: 0.3ms
[2024-08-29T23:15:46.416+0800] GC(996)   Other: 0.3ms
[2024-08-29T23:15:46.416+0800] GC(996) Eden regions: 4->0(1102)
[2024-08-29T23:15:46.416+0800] GC(996) Survivor regions: 0->0(133)
[2024-08-29T23:15:46.416+0800] GC(996) Old regions: 1->1
[2024-08-29T23:15:46.416+0800] GC(996) Archive regions: 2->2
[2024-08-29T23:15:46.416+0800] GC(996) Humongous regions: 917->737
[2024-08-29T23:15:46.416+0800] GC(996) Metaspace: 1625K(1792K)->1625K(1792K) NonClass: 1506K(1600K)->1506K(1600K) Class: 119K(192K)->119K(192K)
[2024-08-29T23:15:46.416+0800] GC(996) Pause Young (Concurrent Start) (G1 Humongous Allocation) 922M->738M(2048M) 1.481ms
[2024-08-29T23:15:46.416+0800] GC(996) User=0.00s Sys=0.00s Real=0.00s
[2024-08-29T23:15:46.416+0800] GC(997) Concurrent Undo Cycle
[2024-08-29T23:15:46.416+0800] GC(997) Concurrent Cleanup for Next Mark
[2024-08-29T23:15:46.421+0800] GC(997) Concurrent Cleanup for Next Mark 5.336ms
[2024-08-29T23:15:46.421+0800] GC(997) Concurrent Undo Cycle 5.514ms
[2024-08-29T23:15:46.483+0800] GC(998) Pause Young (Concurrent Start) (G1 Humongous Allocation)
[2024-08-29T23:15:46.483+0800] GC(998) Using 8 workers of 8 for evacuation
[2024-08-29T23:15:46.484+0800] GC(998)   Pre Evacuate Collection Set: 0.3ms
[2024-08-29T23:15:46.484+0800] GC(998)   Merge Heap Roots: 0.1ms
[2024-08-29T23:15:46.484+0800] GC(998)   Evacuate Collection Set: 0.3ms
[2024-08-29T23:15:46.484+0800] GC(998)   Post Evacuate Collection Set: 0.3ms
[2024-08-29T23:15:46.484+0800] GC(998)   Other: 0.2ms
[2024-08-29T23:15:46.484+0800] GC(998) Eden regions: 4->0(1062)
[2024-08-29T23:15:46.484+0800] GC(998) Survivor regions: 0->0(138)
[2024-08-29T23:15:46.484+0800] GC(998) Old regions: 1->1
[2024-08-29T23:15:46.484+0800] GC(998) Archive regions: 2->2
[2024-08-29T23:15:46.484+0800] GC(998) Humongous regions: 916->777
[2024-08-29T23:15:46.484+0800] GC(998) Metaspace: 1625K(1792K)->1625K(1792K) NonClass: 1506K(1600K)->1506K(1600K) Class: 119K(192K)->119K(192K)
[2024-08-29T23:15:46.484+0800] GC(998) Pause Young (Concurrent Start) (G1 Humongous Allocation) 921M->778M(2048M) 1.238ms
[2024-08-29T23:15:46.484+0800] GC(998) User=0.00s Sys=0.00s Real=0.00s
[2024-08-29T23:15:46.484+0800] GC(999) Concurrent Undo Cycle
[2024-08-29T23:15:46.484+0800] GC(999) Concurrent Cleanup for Next Mark
[2024-08-29T23:15:46.489+0800] GC(999) Concurrent Cleanup for Next Mark 4.873ms
[2024-08-29T23:15:46.489+0800] GC(999) Concurrent Undo Cycle 4.999ms
[2024-08-29T23:15:46.529+0800] GC(1000) Pause Young (Concurrent Start) (G1 Humongous Allocation)
[2024-08-29T23:15:46.530+0800] GC(1000) Using 8 workers of 8 for evacuation
[2024-08-29T23:15:46.531+0800] GC(1000)   Pre Evacuate Collection Set: 0.3ms
[2024-08-29T23:15:46.531+0800] GC(1000)   Merge Heap Roots: 0.1ms
[2024-08-29T23:15:46.531+0800] GC(1000)   Evacuate Collection Set: 0.4ms
[2024-08-29T23:15:46.531+0800] GC(1000)   Post Evacuate Collection Set: 0.3ms
[2024-08-29T23:15:46.531+0800] GC(1000)   Other: 0.2ms
[2024-08-29T23:15:46.531+0800] GC(1000) Eden regions: 4->0(1016)
[2024-08-29T23:15:46.531+0800] GC(1000) Survivor regions: 0->0(133)
[2024-08-29T23:15:46.531+0800] GC(1000) Old regions: 1->1
[2024-08-29T23:15:46.531+0800] GC(1000) Archive regions: 2->2
[2024-08-29T23:15:46.531+0800] GC(1000) Humongous regions: 917->823
[2024-08-29T23:15:46.531+0800] GC(1000) Metaspace: 1625K(1792K)->1625K(1792K) NonClass: 1506K(1600K)->1506K(1600K) Class: 119K(192K)->119K(192K)
[2024-08-29T23:15:46.531+0800] GC(1000) Pause Young (Concurrent Start) (G1 Humongous Allocation) 922M->824M(2048M) 1.435ms
[2024-08-29T23:15:46.531+0800] GC(1000) User=0.00s Sys=0.00s Real=0.00s
[2024-08-29T23:15:46.531+0800] GC(1001) Concurrent Undo Cycle
[2024-08-29T23:15:46.531+0800] GC(1001) Concurrent Cleanup for Next Mark
[2024-08-29T23:15:46.536+0800] GC(1001) Concurrent Cleanup for Next Mark 4.712ms
[2024-08-29T23:15:46.536+0800] GC(1001) Concurrent Undo Cycle 4.818ms
[2024-08-29T23:15:46.574+0800] GC(1002) Pause Young (Concurrent Start) (G1 Humongous Allocation)
[2024-08-29T23:15:46.574+0800] GC(1002) Using 8 workers of 8 for evacuation
[2024-08-29T23:15:46.575+0800] GC(1002)   Pre Evacuate Collection Set: 0.4ms
[2024-08-29T23:15:46.575+0800] GC(1002)   Merge Heap Roots: 0.1ms
[2024-08-29T23:15:46.575+0800] GC(1002)   Evacuate Collection Set: 0.4ms
[2024-08-29T23:15:46.575+0800] GC(1002)   Post Evacuate Collection Set: 0.3ms
[2024-08-29T23:15:46.575+0800] GC(1002)   Other: 0.2ms
[2024-08-29T23:15:46.575+0800] GC(1002) Eden regions: 4->0(1044)
[2024-08-29T23:15:46.575+0800] GC(1002) Survivor regions: 0->0(127)
[2024-08-29T23:15:46.575+0800] GC(1002) Old regions: 1->1
[2024-08-29T23:15:46.575+0800] GC(1002) Archive regions: 2->2
[2024-08-29T23:15:46.575+0800] GC(1002) Humongous regions: 915->795
[2024-08-29T23:15:46.575+0800] GC(1002) Metaspace: 1625K(1792K)->1625K(1792K) NonClass: 1506K(1600K)->1506K(1600K) Class: 119K(192K)->119K(192K)
[2024-08-29T23:15:46.575+0800] GC(1002) Pause Young (Concurrent Start) (G1 Humongous Allocation) 920M->796M(2048M) 1.342ms
[2024-08-29T23:15:46.575+0800] GC(1002) User=0.00s Sys=0.00s Real=0.00s
[2024-08-29T23:15:46.575+0800] GC(1003) Concurrent Undo Cycle
[2024-08-29T23:15:46.575+0800] GC(1003) Concurrent Cleanup for Next Mark
[2024-08-29T23:15:46.579+0800] GC(1003) Concurrent Cleanup for Next Mark 4.366ms
[2024-08-29T23:15:46.579+0800] GC(1003) Concurrent Undo Cycle 4.499ms
[2024-08-29T23:15:46.627+0800] GC(1004) Pause Young (Concurrent Start) (G1 Humongous Allocation)
[2024-08-29T23:15:46.627+0800] GC(1004) Using 8 workers of 8 for evacuation
[2024-08-29T23:15:46.628+0800] GC(1004)   Pre Evacuate Collection Set: 0.3ms
[2024-08-29T23:15:46.628+0800] GC(1004)   Merge Heap Roots: 0.1ms
[2024-08-29T23:15:46.628+0800] GC(1004)   Evacuate Collection Set: 0.4ms
[2024-08-29T23:15:46.628+0800] GC(1004)   Post Evacuate Collection Set: 0.4ms
[2024-08-29T23:15:46.628+0800] GC(1004)   Other: 0.2ms
[2024-08-29T23:15:46.628+0800] GC(1004) Eden regions: 4->0(1062)
[2024-08-29T23:15:46.628+0800] GC(1004) Survivor regions: 0->1(131)
[2024-08-29T23:15:46.628+0800] GC(1004) Old regions: 1->1
[2024-08-29T23:15:46.628+0800] GC(1004) Archive regions: 2->2
[2024-08-29T23:15:46.628+0800] GC(1004) Humongous regions: 917->776
[2024-08-29T23:15:46.628+0800] GC(1004) Metaspace: 1627K(1792K)->1627K(1792K) NonClass: 1507K(1600K)->1507K(1600K) Class: 119K(192K)->119K(192K)
[2024-08-29T23:15:46.629+0800] GC(1004) Pause Young (Concurrent Start) (G1 Humongous Allocation) 922M->777M(2048M) 1.381ms
[2024-08-29T23:15:46.629+0800] GC(1004) User=0.00s Sys=0.00s Real=0.00s
[2024-08-29T23:15:46.629+0800] GC(1005) Concurrent Undo Cycle
[2024-08-29T23:15:46.629+0800] GC(1005) Concurrent Cleanup for Next Mark
[2024-08-29T23:15:46.633+0800] GC(1005) Concurrent Cleanup for Next Mark 4.606ms
[2024-08-29T23:15:46.633+0800] GC(1005) Concurrent Undo Cycle 4.726ms
[2024-08-29T23:15:46.679+0800] GC(1006) Pause Young (Concurrent Start) (G1 Humongous Allocation)
[2024-08-29T23:15:46.679+0800] GC(1006) Using 8 workers of 8 for evacuation
[2024-08-29T23:15:46.681+0800] GC(1006)   Pre Evacuate Collection Set: 0.3ms
[2024-08-29T23:15:46.681+0800] GC(1006)   Merge Heap Roots: 0.1ms
[2024-08-29T23:15:46.681+0800] GC(1006)   Evacuate Collection Set: 0.3ms
[2024-08-29T23:15:46.681+0800] GC(1006)   Post Evacuate Collection Set: 0.4ms
[2024-08-29T23:15:46.681+0800] GC(1006)   Other: 0.2ms
[2024-08-29T23:15:46.681+0800] GC(1006) Eden regions: 4->0(1036)
[2024-08-29T23:15:46.681+0800] GC(1006) Survivor regions: 1->1(133)
[2024-08-29T23:15:46.681+0800] GC(1006) Old regions: 1->1
[2024-08-29T23:15:46.681+0800] GC(1006) Archive regions: 2->2
[2024-08-29T23:15:46.681+0800] GC(1006) Humongous regions: 917->802
[2024-08-29T23:15:46.681+0800] GC(1006) Metaspace: 1627K(1792K)->1627K(1792K) NonClass: 1507K(1600K)->1507K(1600K) Class: 119K(192K)->119K(192K)
[2024-08-29T23:15:46.681+0800] GC(1006) Pause Young (Concurrent Start) (G1 Humongous Allocation) 922M->803M(2048M) 1.381ms
[2024-08-29T23:15:46.681+0800] GC(1006) User=0.00s Sys=0.01s Real=0.00s
[2024-08-29T23:15:46.681+0800] GC(1007) Concurrent Undo Cycle
[2024-08-29T23:15:46.681+0800] GC(1007) Concurrent Cleanup for Next Mark
[2024-08-29T23:15:46.686+0800] GC(1007) Concurrent Cleanup for Next Mark 4.790ms
[2024-08-29T23:15:46.686+0800] GC(1007) Concurrent Undo Cycle 4.918ms
[2024-08-29T23:15:46.727+0800] GC(1008) Pause Young (Concurrent Start) (G1 Humongous Allocation)
[2024-08-29T23:15:46.727+0800] GC(1008) Using 8 workers of 8 for evacuation
[2024-08-29T23:15:46.728+0800] GC(1008)   Pre Evacuate Collection Set: 0.4ms
[2024-08-29T23:15:46.728+0800] GC(1008)   Merge Heap Roots: 0.2ms
[2024-08-29T23:15:46.728+0800] GC(1008)   Evacuate Collection Set: 0.4ms
[2024-08-29T23:15:46.728+0800] GC(1008)   Post Evacuate Collection Set: 0.4ms
[2024-08-29T23:15:46.728+0800] GC(1008)   Other: 0.2ms
[2024-08-29T23:15:46.728+0800] GC(1008) Eden regions: 4->0(1039)
[2024-08-29T23:15:46.728+0800] GC(1008) Survivor regions: 1->1(130)
[2024-08-29T23:15:46.728+0800] GC(1008) Old regions: 1->1
[2024-08-29T23:15:46.728+0800] GC(1008) Archive regions: 2->2
[2024-08-29T23:15:46.728+0800] GC(1008) Humongous regions: 916->799
[2024-08-29T23:15:46.728+0800] GC(1008) Metaspace: 1627K(1792K)->1627K(1792K) NonClass: 1507K(1600K)->1507K(1600K) Class: 119K(192K)->119K(192K)
[2024-08-29T23:15:46.728+0800] GC(1008) Pause Young (Concurrent Start) (G1 Humongous Allocation) 921M->800M(2048M) 1.607ms
[2024-08-29T23:15:46.728+0800] GC(1008) User=0.00s Sys=0.01s Real=0.00s
[2024-08-29T23:15:46.729+0800] GC(1009) Concurrent Undo Cycle
[2024-08-29T23:15:46.729+0800] GC(1009) Concurrent Cleanup for Next Mark
[2024-08-29T23:15:46.736+0800] GC(1009) Concurrent Cleanup for Next Mark 7.100ms
[2024-08-29T23:15:46.736+0800] GC(1009) Concurrent Undo Cycle 7.195ms
[2024-08-29T23:15:46.781+0800] GC(1010) Pause Young (Concurrent Start) (G1 Humongous Allocation)
[2024-08-29T23:15:46.781+0800] GC(1010) Using 8 workers of 8 for evacuation
[2024-08-29T23:15:46.782+0800] GC(1010)   Pre Evacuate Collection Set: 0.4ms
[2024-08-29T23:15:46.782+0800] GC(1010)   Merge Heap Roots: 0.1ms
[2024-08-29T23:15:46.782+0800] GC(1010)   Evacuate Collection Set: 0.3ms
[2024-08-29T23:15:46.782+0800] GC(1010)   Post Evacuate Collection Set: 0.4ms
[2024-08-29T23:15:46.782+0800] GC(1010)   Other: 0.2ms
[2024-08-29T23:15:46.782+0800] GC(1010) Eden regions: 4->0(1065)
[2024-08-29T23:15:46.782+0800] GC(1010) Survivor regions: 1->1(130)
[2024-08-29T23:15:46.782+0800] GC(1010) Old regions: 1->1
[2024-08-29T23:15:46.782+0800] GC(1010) Archive regions: 2->2
[2024-08-29T23:15:46.782+0800] GC(1010) Humongous regions: 918->773
[2024-08-29T23:15:46.782+0800] GC(1010) Metaspace: 1627K(1792K)->1627K(1792K) NonClass: 1507K(1600K)->1507K(1600K) Class: 119K(192K)->119K(192K)
[2024-08-29T23:15:46.782+0800] GC(1010) Pause Young (Concurrent Start) (G1 Humongous Allocation) 923M->774M(2048M) 1.454ms
[2024-08-29T23:15:46.782+0800] GC(1010) User=0.00s Sys=0.00s Real=0.00s
[2024-08-29T23:15:46.782+0800] GC(1011) Concurrent Undo Cycle
[2024-08-29T23:15:46.782+0800] GC(1011) Concurrent Cleanup for Next Mark
[2024-08-29T23:15:46.787+0800] GC(1011) Concurrent Cleanup for Next Mark 5.139ms
[2024-08-29T23:15:46.787+0800] GC(1011) Concurrent Undo Cycle 5.303ms
[2024-08-29T23:15:46.858+0800] GC(1012) Pause Young (Concurrent Start) (G1 Humongous Allocation)
[2024-08-29T23:15:46.858+0800] GC(1012) Using 8 workers of 8 for evacuation
[2024-08-29T23:15:46.859+0800] GC(1012)   Pre Evacuate Collection Set: 0.3ms
[2024-08-29T23:15:46.859+0800] GC(1012)   Merge Heap Roots: 0.1ms
[2024-08-29T23:15:46.859+0800] GC(1012)   Evacuate Collection Set: 0.3ms
[2024-08-29T23:15:46.859+0800] GC(1012)   Post Evacuate Collection Set: 0.4ms
[2024-08-29T23:15:46.859+0800] GC(1012)   Other: 0.4ms
[2024-08-29T23:15:46.859+0800] GC(1012) Eden regions: 4->0(1129)
[2024-08-29T23:15:46.859+0800] GC(1012) Survivor regions: 1->1(134)
[2024-08-29T23:15:46.859+0800] GC(1012) Old regions: 1->1
[2024-08-29T23:15:46.859+0800] GC(1012) Archive regions: 2->2
[2024-08-29T23:15:46.859+0800] GC(1012) Humongous regions: 919->709
[2024-08-29T23:15:46.859+0800] GC(1012) Metaspace: 1627K(1792K)->1627K(1792K) NonClass: 1507K(1600K)->1507K(1600K) Class: 119K(192K)->119K(192K)
[2024-08-29T23:15:46.859+0800] GC(1012) Pause Young (Concurrent Start) (G1 Humongous Allocation) 924M->710M(2048M) 1.516ms
[2024-08-29T23:15:46.859+0800] GC(1012) User=0.00s Sys=0.00s Real=0.00s
[2024-08-29T23:15:46.859+0800] GC(1013) Concurrent Undo Cycle
[2024-08-29T23:15:46.859+0800] GC(1013) Concurrent Cleanup for Next Mark
[2024-08-29T23:15:46.865+0800] GC(1013) Concurrent Cleanup for Next Mark 5.687ms
[2024-08-29T23:15:46.865+0800] GC(1013) Concurrent Undo Cycle 5.893ms
[2024-08-29T23:15:46.949+0800] GC(1014) Pause Young (Concurrent Start) (G1 Humongous Allocation)
[2024-08-29T23:15:46.949+0800] GC(1014) Using 8 workers of 8 for evacuation
[2024-08-29T23:15:46.950+0800] GC(1014)   Pre Evacuate Collection Set: 0.3ms
[2024-08-29T23:15:46.950+0800] GC(1014)   Merge Heap Roots: 0.0ms
[2024-08-29T23:15:46.950+0800] GC(1014)   Evacuate Collection Set: 0.4ms
[2024-08-29T23:15:46.950+0800] GC(1014)   Post Evacuate Collection Set: 0.3ms
[2024-08-29T23:15:46.950+0800] GC(1014)   Other: 0.2ms
[2024-08-29T23:15:46.950+0800] GC(1014) Eden regions: 4->0(1147)
[2024-08-29T23:15:46.950+0800] GC(1014) Survivor regions: 1->1(142)
[2024-08-29T23:15:46.950+0800] GC(1014) Old regions: 1->1
[2024-08-29T23:15:46.950+0800] GC(1014) Archive regions: 2->2
[2024-08-29T23:15:46.950+0800] GC(1014) Humongous regions: 915->691
[2024-08-29T23:15:46.950+0800] GC(1014) Metaspace: 1627K(1792K)->1627K(1792K) NonClass: 1507K(1600K)->1507K(1600K) Class: 119K(192K)->119K(192K)
[2024-08-29T23:15:46.950+0800] GC(1014) Pause Young (Concurrent Start) (G1 Humongous Allocation) 920M->692M(2048M) 1.219ms
[2024-08-29T23:15:46.950+0800] GC(1014) User=0.00s Sys=0.00s Real=0.00s
[2024-08-29T23:15:46.950+0800] GC(1015) Concurrent Undo Cycle
[2024-08-29T23:15:46.950+0800] GC(1015) Concurrent Cleanup for Next Mark
[2024-08-29T23:15:46.957+0800] GC(1015) Concurrent Cleanup for Next Mark 6.387ms
[2024-08-29T23:15:46.957+0800] GC(1015) Concurrent Undo Cycle 6.587ms
[2024-08-29T23:15:47.035+0800] GC(1016) Pause Young (Concurrent Start) (G1 Humongous Allocation)
[2024-08-29T23:15:47.035+0800] GC(1016) Using 8 workers of 8 for evacuation
[2024-08-29T23:15:47.036+0800] GC(1016)   Pre Evacuate Collection Set: 0.3ms
[2024-08-29T23:15:47.036+0800] GC(1016)   Merge Heap Roots: 0.1ms
[2024-08-29T23:15:47.036+0800] GC(1016)   Evacuate Collection Set: 0.4ms
[2024-08-29T23:15:47.036+0800] GC(1016)   Post Evacuate Collection Set: 0.4ms
[2024-08-29T23:15:47.036+0800] GC(1016)   Other: 0.2ms
[2024-08-29T23:15:47.036+0800] GC(1016) Eden regions: 4->0(1136)
[2024-08-29T23:15:47.036+0800] GC(1016) Survivor regions: 1->1(144)
[2024-08-29T23:15:47.036+0800] GC(1016) Old regions: 1->1
[2024-08-29T23:15:47.036+0800] GC(1016) Archive regions: 2->2
[2024-08-29T23:15:47.036+0800] GC(1016) Humongous regions: 919->702
[2024-08-29T23:15:47.036+0800] GC(1016) Metaspace: 1627K(1792K)->1627K(1792K) NonClass: 1507K(1600K)->1507K(1600K) Class: 119K(192K)->119K(192K)
[2024-08-29T23:15:47.036+0800] GC(1016) Pause Young (Concurrent Start) (G1 Humongous Allocation) 924M->703M(2048M) 1.464ms
[2024-08-29T23:15:47.036+0800] GC(1016) User=0.00s Sys=0.00s Real=0.00s
[2024-08-29T23:15:47.037+0800] GC(1017) Concurrent Undo Cycle
[2024-08-29T23:15:47.037+0800] GC(1017) Concurrent Cleanup for Next Mark
[2024-08-29T23:15:47.041+0800] GC(1017) Concurrent Cleanup for Next Mark 4.749ms
[2024-08-29T23:15:47.041+0800] GC(1017) Concurrent Undo Cycle 4.921ms
[2024-08-29T23:15:47.120+0800] GC(1018) Pause Young (Concurrent Start) (G1 Humongous Allocation)
[2024-08-29T23:15:47.120+0800] GC(1018) Using 8 workers of 8 for evacuation
[2024-08-29T23:15:47.121+0800] GC(1018)   Pre Evacuate Collection Set: 0.4ms
[2024-08-29T23:15:47.121+0800] GC(1018)   Merge Heap Roots: 0.1ms
[2024-08-29T23:15:47.121+0800] GC(1018)   Evacuate Collection Set: 0.4ms
[2024-08-29T23:15:47.121+0800] GC(1018)   Post Evacuate Collection Set: 0.4ms
[2024-08-29T23:15:47.121+0800] GC(1018)   Other: 0.2ms
[2024-08-29T23:15:47.121+0800] GC(1018) Eden regions: 4->0(1141)
[2024-08-29T23:15:47.121+0800] GC(1018) Survivor regions: 1->1(143)
[2024-08-29T23:15:47.121+0800] GC(1018) Old regions: 1->1
[2024-08-29T23:15:47.121+0800] GC(1018) Archive regions: 2->2
[2024-08-29T23:15:47.121+0800] GC(1018) Humongous regions: 917->697
[2024-08-29T23:15:47.121+0800] GC(1018) Metaspace: 1627K(1792K)->1627K(1792K) NonClass: 1507K(1600K)->1507K(1600K) Class: 119K(192K)->119K(192K)
[2024-08-29T23:15:47.121+0800] GC(1018) Pause Young (Concurrent Start) (G1 Humongous Allocation) 922M->698M(2048M) 1.659ms
[2024-08-29T23:15:47.121+0800] GC(1018) User=0.00s Sys=0.00s Real=0.00s
[2024-08-29T23:15:47.121+0800] GC(1019) Concurrent Undo Cycle
[2024-08-29T23:15:47.121+0800] GC(1019) Concurrent Cleanup for Next Mark
[2024-08-29T23:15:47.126+0800] GC(1019) Concurrent Cleanup for Next Mark 4.656ms
[2024-08-29T23:15:47.126+0800] GC(1019) Concurrent Undo Cycle 4.783ms
[2024-08-29T23:15:47.228+0800] GC(1020) Pause Young (Concurrent Start) (G1 Humongous Allocation)
[2024-08-29T23:15:47.228+0800] GC(1020) Using 8 workers of 8 for evacuation
[2024-08-29T23:15:47.229+0800] GC(1020)   Pre Evacuate Collection Set: 0.3ms
[2024-08-29T23:15:47.229+0800] GC(1020)   Merge Heap Roots: 0.1ms
[2024-08-29T23:15:47.229+0800] GC(1020)   Evacuate Collection Set: 0.5ms
[2024-08-29T23:15:47.229+0800] GC(1020)   Post Evacuate Collection Set: 0.4ms
[2024-08-29T23:15:47.229+0800] GC(1020)   Other: 0.2ms
[2024-08-29T23:15:47.229+0800] GC(1020) Eden regions: 4->0(1163)
[2024-08-29T23:15:47.229+0800] GC(1020) Survivor regions: 1->1(143)
[2024-08-29T23:15:47.229+0800] GC(1020) Old regions: 1->1
[2024-08-29T23:15:47.229+0800] GC(1020) Archive regions: 2->2
[2024-08-29T23:15:47.229+0800] GC(1020) Humongous regions: 919->675
[2024-08-29T23:15:47.229+0800] GC(1020) Metaspace: 1627K(1792K)->1627K(1792K) NonClass: 1507K(1600K)->1507K(1600K) Class: 119K(192K)->119K(192K)
[2024-08-29T23:15:47.230+0800] GC(1020) Pause Young (Concurrent Start) (G1 Humongous Allocation) 924M->676M(2048M) 1.682ms
[2024-08-29T23:15:47.230+0800] GC(1020) User=0.00s Sys=0.01s Real=0.00s
[2024-08-29T23:15:47.230+0800] GC(1021) Concurrent Undo Cycle
[2024-08-29T23:15:47.230+0800] GC(1021) Concurrent Cleanup for Next Mark
[2024-08-29T23:15:47.236+0800] GC(1021) Concurrent Cleanup for Next Mark 6.174ms
[2024-08-29T23:15:47.236+0800] GC(1021) Concurrent Undo Cycle 6.336ms
[2024-08-29T23:15:47.311+0800] GC(1022) Pause Young (Concurrent Start) (G1 Humongous Allocation)
[2024-08-29T23:15:47.311+0800] GC(1022) Using 8 workers of 8 for evacuation
[2024-08-29T23:15:47.313+0800] GC(1022)   Pre Evacuate Collection Set: 0.4ms
[2024-08-29T23:15:47.313+0800] GC(1022)   Merge Heap Roots: 0.1ms
[2024-08-29T23:15:47.313+0800] GC(1022)   Evacuate Collection Set: 1.0ms
[2024-08-29T23:15:47.313+0800] GC(1022)   Post Evacuate Collection Set: 0.4ms
[2024-08-29T23:15:47.313+0800] GC(1022)   Other: 0.2ms
[2024-08-29T23:15:47.313+0800] GC(1022) Eden regions: 4->0(1087)
[2024-08-29T23:15:47.313+0800] GC(1022) Survivor regions: 1->1(146)
[2024-08-29T23:15:47.313+0800] GC(1022) Old regions: 1->1
[2024-08-29T23:15:47.313+0800] GC(1022) Archive regions: 2->2
[2024-08-29T23:15:47.313+0800] GC(1022) Humongous regions: 917->751
[2024-08-29T23:15:47.313+0800] GC(1022) Metaspace: 1627K(1792K)->1627K(1792K) NonClass: 1507K(1600K)->1507K(1600K) Class: 119K(192K)->119K(192K)
[2024-08-29T23:15:47.314+0800] GC(1022) Pause Young (Concurrent Start) (G1 Humongous Allocation) 922M->752M(2048M) 2.115ms
[2024-08-29T23:15:47.314+0800] GC(1022) User=0.00s Sys=0.00s Real=0.01s
[2024-08-29T23:15:47.314+0800] GC(1023) Concurrent Undo Cycle
[2024-08-29T23:15:47.314+0800] GC(1023) Concurrent Cleanup for Next Mark
[2024-08-29T23:15:47.319+0800] GC(1023) Concurrent Cleanup for Next Mark 5.591ms
[2024-08-29T23:15:47.319+0800] GC(1023) Concurrent Undo Cycle 5.699ms
[2024-08-29T23:15:47.395+0800] GC(1024) Pause Young (Concurrent Start) (G1 Humongous Allocation)
[2024-08-29T23:15:47.395+0800] GC(1024) Using 8 workers of 8 for evacuation
[2024-08-29T23:15:47.396+0800] GC(1024)   Pre Evacuate Collection Set: 0.4ms
[2024-08-29T23:15:47.396+0800] GC(1024)   Merge Heap Roots: 0.1ms
[2024-08-29T23:15:47.396+0800] GC(1024)   Evacuate Collection Set: 0.3ms
[2024-08-29T23:15:47.396+0800] GC(1024)   Post Evacuate Collection Set: 0.6ms
[2024-08-29T23:15:47.396+0800] GC(1024)   Other: 0.2ms
[2024-08-29T23:15:47.396+0800] GC(1024) Eden regions: 4->0(1151)
[2024-08-29T23:15:47.396+0800] GC(1024) Survivor regions: 1->1(136)
[2024-08-29T23:15:47.396+0800] GC(1024) Old regions: 1->1
[2024-08-29T23:15:47.396+0800] GC(1024) Archive regions: 2->2
[2024-08-29T23:15:47.396+0800] GC(1024) Humongous regions: 918->687
[2024-08-29T23:15:47.396+0800] GC(1024) Metaspace: 1627K(1792K)->1627K(1792K) NonClass: 1507K(1600K)->1507K(1600K) Class: 119K(192K)->119K(192K)
[2024-08-29T23:15:47.397+0800] GC(1024) Pause Young (Concurrent Start) (G1 Humongous Allocation) 923M->688M(2048M) 1.823ms
[2024-08-29T23:15:47.397+0800] GC(1024) User=0.00s Sys=0.01s Real=0.00s
[2024-08-29T23:15:47.397+0800] GC(1025) Concurrent Undo Cycle
[2024-08-29T23:15:47.397+0800] GC(1025) Concurrent Cleanup for Next Mark
[2024-08-29T23:15:47.404+0800] GC(1025) Concurrent Cleanup for Next Mark 7.006ms
[2024-08-29T23:15:47.404+0800] GC(1025) Concurrent Undo Cycle 7.196ms
[2024-08-29T23:15:47.482+0800] GC(1026) Pause Young (Concurrent Start) (G1 Humongous Allocation)
[2024-08-29T23:15:47.482+0800] GC(1026) Using 8 workers of 8 for evacuation
[2024-08-29T23:15:47.484+0800] GC(1026)   Pre Evacuate Collection Set: 0.3ms
[2024-08-29T23:15:47.484+0800] GC(1026)   Merge Heap Roots: 0.1ms
[2024-08-29T23:15:47.484+0800] GC(1026)   Evacuate Collection Set: 0.4ms
[2024-08-29T23:15:47.484+0800] GC(1026)   Post Evacuate Collection Set: 0.4ms
[2024-08-29T23:15:47.484+0800] GC(1026)   Other: 0.2ms
[2024-08-29T23:15:47.484+0800] GC(1026) Eden regions: 4->0(1161)
[2024-08-29T23:15:47.484+0800] GC(1026) Survivor regions: 1->1(144)
[2024-08-29T23:15:47.484+0800] GC(1026) Old regions: 1->1
[2024-08-29T23:15:47.484+0800] GC(1026) Archive regions: 2->2
[2024-08-29T23:15:47.484+0800] GC(1026) Humongous regions: 916->677
[2024-08-29T23:15:47.484+0800] GC(1026) Metaspace: 1627K(1792K)->1627K(1792K) NonClass: 1507K(1600K)->1507K(1600K) Class: 119K(192K)->119K(192K)
[2024-08-29T23:15:47.484+0800] GC(1026) Pause Young (Concurrent Start) (G1 Humongous Allocation) 921M->678M(2048M) 1.380ms
[2024-08-29T23:15:47.484+0800] GC(1026) User=0.00s Sys=0.00s Real=0.01s
[2024-08-29T23:15:47.484+0800] GC(1027) Concurrent Undo Cycle
[2024-08-29T23:15:47.484+0800] GC(1027) Concurrent Cleanup for Next Mark
[2024-08-29T23:15:47.491+0800] GC(1027) Concurrent Cleanup for Next Mark 6.847ms
[2024-08-29T23:15:47.491+0800] GC(1027) Concurrent Undo Cycle 7.110ms
[2024-08-29T23:15:47.578+0800] GC(1028) Pause Young (Concurrent Start) (G1 Humongous Allocation)
[2024-08-29T23:15:47.578+0800] GC(1028) Using 8 workers of 8 for evacuation
[2024-08-29T23:15:47.580+0800] GC(1028)   Pre Evacuate Collection Set: 0.4ms
[2024-08-29T23:15:47.580+0800] GC(1028)   Merge Heap Roots: 0.1ms
[2024-08-29T23:15:47.580+0800] GC(1028)   Evacuate Collection Set: 0.5ms
[2024-08-29T23:15:47.580+0800] GC(1028)   Post Evacuate Collection Set: 0.5ms
[2024-08-29T23:15:47.580+0800] GC(1028)   Other: 0.3ms
[2024-08-29T23:15:47.580+0800] GC(1028) Eden regions: 4->0(1170)
[2024-08-29T23:15:47.580+0800] GC(1028) Survivor regions: 1->1(146)
[2024-08-29T23:15:47.580+0800] GC(1028) Old regions: 1->1
[2024-08-29T23:15:47.580+0800] GC(1028) Archive regions: 2->2
[2024-08-29T23:15:47.580+0800] GC(1028) Humongous regions: 915->668
[2024-08-29T23:15:47.580+0800] GC(1028) Metaspace: 1627K(1792K)->1627K(1792K) NonClass: 1507K(1600K)->1507K(1600K) Class: 119K(192K)->119K(192K)
[2024-08-29T23:15:47.580+0800] GC(1028) Pause Young (Concurrent Start) (G1 Humongous Allocation) 920M->669M(2048M) 1.783ms
[2024-08-29T23:15:47.580+0800] GC(1028) User=0.00s Sys=0.00s Real=0.00s
[2024-08-29T23:15:47.580+0800] GC(1029) Concurrent Undo Cycle
[2024-08-29T23:15:47.580+0800] GC(1029) Concurrent Cleanup for Next Mark
[2024-08-29T23:15:47.585+0800] GC(1029) Concurrent Cleanup for Next Mark 5.382ms
[2024-08-29T23:15:47.585+0800] GC(1029) Concurrent Undo Cycle 5.472ms
[2024-08-29T23:15:47.699+0800] GC(1030) Pause Young (Concurrent Start) (G1 Humongous Allocation)
[2024-08-29T23:15:47.699+0800] GC(1030) Using 8 workers of 8 for evacuation
[2024-08-29T23:15:47.701+0800] GC(1030)   Pre Evacuate Collection Set: 0.3ms
[2024-08-29T23:15:47.701+0800] GC(1030)   Merge Heap Roots: 0.1ms
[2024-08-29T23:15:47.701+0800] GC(1030)   Evacuate Collection Set: 0.5ms
[2024-08-29T23:15:47.701+0800] GC(1030)   Post Evacuate Collection Set: 0.4ms
[2024-08-29T23:15:47.701+0800] GC(1030)   Other: 0.2ms
[2024-08-29T23:15:47.701+0800] GC(1030) Eden regions: 4->0(1227)
[2024-08-29T23:15:47.701+0800] GC(1030) Survivor regions: 1->1(147)
[2024-08-29T23:15:47.701+0800] GC(1030) Old regions: 1->1
[2024-08-29T23:15:47.701+0800] GC(1030) Archive regions: 2->2
[2024-08-29T23:15:47.701+0800] GC(1030) Humongous regions: 918->595
[2024-08-29T23:15:47.701+0800] GC(1030) Metaspace: 1627K(1792K)->1627K(1792K) NonClass: 1507K(1600K)->1507K(1600K) Class: 119K(192K)->119K(192K)
[2024-08-29T23:15:47.701+0800] GC(1030) Pause Young (Concurrent Start) (G1 Humongous Allocation) 923M->596M(2048M) 1.615ms
[2024-08-29T23:15:47.701+0800] GC(1030) User=0.00s Sys=0.00s Real=0.00s
[2024-08-29T23:15:47.701+0800] GC(1031) Concurrent Undo Cycle
[2024-08-29T23:15:47.701+0800] GC(1031) Concurrent Cleanup for Next Mark
[2024-08-29T23:15:47.705+0800] GC(1031) Concurrent Cleanup for Next Mark 4.320ms
[2024-08-29T23:15:47.705+0800] GC(1031) Concurrent Undo Cycle 4.466ms
[2024-08-29T23:15:47.832+0800] GC(1032) Pause Young (Concurrent Start) (G1 Humongous Allocation)
[2024-08-29T23:15:47.832+0800] GC(1032) Using 8 workers of 8 for evacuation
[2024-08-29T23:15:47.834+0800] GC(1032)   Pre Evacuate Collection Set: 0.3ms
[2024-08-29T23:15:47.834+0800] GC(1032)   Merge Heap Roots: 0.1ms
[2024-08-29T23:15:47.834+0800] GC(1032)   Evacuate Collection Set: 0.6ms
[2024-08-29T23:15:47.834+0800] GC(1032)   Post Evacuate Collection Set: 0.4ms
[2024-08-29T23:15:47.834+0800] GC(1032)   Other: 0.2ms
[2024-08-29T23:15:47.834+0800] GC(1032) Eden regions: 4->0(1227)
[2024-08-29T23:15:47.834+0800] GC(1032) Survivor regions: 1->1(154)
[2024-08-29T23:15:47.834+0800] GC(1032) Old regions: 1->1
[2024-08-29T23:15:47.834+0800] GC(1032) Archive regions: 2->2
[2024-08-29T23:15:47.834+0800] GC(1032) Humongous regions: 918->607
[2024-08-29T23:15:47.834+0800] GC(1032) Metaspace: 1627K(1792K)->1627K(1792K) NonClass: 1507K(1600K)->1507K(1600K) Class: 119K(192K)->119K(192K)
[2024-08-29T23:15:47.834+0800] GC(1032) Pause Young (Concurrent Start) (G1 Humongous Allocation) 923M->608M(2048M) 1.704ms
[2024-08-29T23:15:47.834+0800] GC(1032) User=0.00s Sys=0.01s Real=0.01s
[2024-08-29T23:15:47.834+0800] GC(1033) Concurrent Undo Cycle
[2024-08-29T23:15:47.834+0800] GC(1033) Concurrent Cleanup for Next Mark
[2024-08-29T23:15:47.839+0800] GC(1033) Concurrent Cleanup for Next Mark 4.465ms
[2024-08-29T23:15:47.839+0800] GC(1033) Concurrent Undo Cycle 4.617ms
[2024-08-29T23:15:47.951+0800] GC(1034) Pause Young (Concurrent Start) (G1 Humongous Allocation)
[2024-08-29T23:15:47.951+0800] GC(1034) Using 8 workers of 8 for evacuation
[2024-08-29T23:15:47.953+0800] GC(1034)   Pre Evacuate Collection Set: 0.4ms
[2024-08-29T23:15:47.953+0800] GC(1034)   Merge Heap Roots: 0.1ms
[2024-08-29T23:15:47.953+0800] GC(1034)   Evacuate Collection Set: 0.3ms
[2024-08-29T23:15:47.953+0800] GC(1034)   Post Evacuate Collection Set: 0.4ms
[2024-08-29T23:15:47.953+0800] GC(1034)   Other: 0.2ms
[2024-08-29T23:15:47.953+0800] GC(1034) Eden regions: 4->0(1178)
[2024-08-29T23:15:47.953+0800] GC(1034) Survivor regions: 1->0(154)
[2024-08-29T23:15:47.953+0800] GC(1034) Old regions: 1->1
[2024-08-29T23:15:47.953+0800] GC(1034) Archive regions: 2->2
[2024-08-29T23:15:47.953+0800] GC(1034) Humongous regions: 917->661
[2024-08-29T23:15:47.953+0800] GC(1034) Metaspace: 1627K(1792K)->1627K(1792K) NonClass: 1507K(1600K)->1507K(1600K) Class: 119K(192K)->119K(192K)
[2024-08-29T23:15:47.953+0800] GC(1034) Pause Young (Concurrent Start) (G1 Humongous Allocation) 922M->662M(2048M) 1.568ms
[2024-08-29T23:15:47.953+0800] GC(1034) User=0.00s Sys=0.01s Real=0.01s
[2024-08-29T23:15:47.953+0800] GC(1035) Concurrent Undo Cycle
[2024-08-29T23:15:47.953+0800] GC(1035) Concurrent Cleanup for Next Mark
[2024-08-29T23:15:47.959+0800] GC(1035) Concurrent Cleanup for Next Mark 6.281ms
[2024-08-29T23:15:47.959+0800] GC(1035) Concurrent Undo Cycle 6.470ms
[2024-08-29T23:15:48.054+0800] GC(1036) Pause Young (Concurrent Start) (G1 Humongous Allocation)
[2024-08-29T23:15:48.054+0800] GC(1036) Using 8 workers of 8 for evacuation
[2024-08-29T23:15:48.056+0800] GC(1036)   Pre Evacuate Collection Set: 0.3ms
[2024-08-29T23:15:48.056+0800] GC(1036)   Merge Heap Roots: 0.1ms
[2024-08-29T23:15:48.056+0800] GC(1036)   Evacuate Collection Set: 0.4ms
[2024-08-29T23:15:48.056+0800] GC(1036)   Post Evacuate Collection Set: 0.4ms
[2024-08-29T23:15:48.056+0800] GC(1036)   Other: 0.2ms
[2024-08-29T23:15:48.056+0800] GC(1036) Eden regions: 4->0(1188)
[2024-08-29T23:15:48.056+0800] GC(1036) Survivor regions: 0->0(148)
[2024-08-29T23:15:48.056+0800] GC(1036) Old regions: 1->1
[2024-08-29T23:15:48.056+0800] GC(1036) Archive regions: 2->2
[2024-08-29T23:15:48.056+0800] GC(1036) Humongous regions: 918->651
[2024-08-29T23:15:48.056+0800] GC(1036) Metaspace: 1627K(1792K)->1627K(1792K) NonClass: 1507K(1600K)->1507K(1600K) Class: 119K(192K)->119K(192K)
[2024-08-29T23:15:48.056+0800] GC(1036) Pause Young (Concurrent Start) (G1 Humongous Allocation) 923M->652M(2048M) 1.398ms
[2024-08-29T23:15:48.056+0800] GC(1036) User=0.00s Sys=0.00s Real=0.00s
[2024-08-29T23:15:48.056+0800] GC(1037) Concurrent Undo Cycle
[2024-08-29T23:15:48.056+0800] GC(1037) Concurrent Cleanup for Next Mark
[2024-08-29T23:15:48.060+0800] GC(1037) Concurrent Cleanup for Next Mark 3.976ms
[2024-08-29T23:15:48.060+0800] GC(1037) Concurrent Undo Cycle 4.113ms
[2024-08-29T23:15:48.154+0800] GC(1038) Pause Young (Concurrent Start) (G1 Humongous Allocation)
[2024-08-29T23:15:48.154+0800] GC(1038) Using 8 workers of 8 for evacuation
[2024-08-29T23:15:48.156+0800] GC(1038)   Pre Evacuate Collection Set: 0.3ms
[2024-08-29T23:15:48.156+0800] GC(1038)   Merge Heap Roots: 0.1ms
[2024-08-29T23:15:48.156+0800] GC(1038)   Evacuate Collection Set: 0.4ms
[2024-08-29T23:15:48.156+0800] GC(1038)   Post Evacuate Collection Set: 0.6ms
[2024-08-29T23:15:48.156+0800] GC(1038)   Other: 0.2ms
[2024-08-29T23:15:48.156+0800] GC(1038) Eden regions: 4->0(1172)
[2024-08-29T23:15:48.156+0800] GC(1038) Survivor regions: 0->0(149)
[2024-08-29T23:15:48.156+0800] GC(1038) Old regions: 1->1
[2024-08-29T23:15:48.156+0800] GC(1038) Archive regions: 2->2
[2024-08-29T23:15:48.156+0800] GC(1038) Humongous regions: 915->667
[2024-08-29T23:15:48.156+0800] GC(1038) Metaspace: 1627K(1792K)->1627K(1792K) NonClass: 1507K(1600K)->1507K(1600K) Class: 119K(192K)->119K(192K)
[2024-08-29T23:15:48.156+0800] GC(1038) Pause Young (Concurrent Start) (G1 Humongous Allocation) 920M->668M(2048M) 1.612ms
[2024-08-29T23:15:48.156+0800] GC(1038) User=0.00s Sys=0.01s Real=0.00s
[2024-08-29T23:15:48.156+0800] GC(1039) Concurrent Undo Cycle
[2024-08-29T23:15:48.156+0800] GC(1039) Concurrent Cleanup for Next Mark
[2024-08-29T23:15:48.161+0800] GC(1039) Concurrent Cleanup for Next Mark 5.461ms
[2024-08-29T23:15:48.161+0800] GC(1039) Concurrent Undo Cycle 5.603ms
[2024-08-29T23:15:48.254+0800] GC(1040) Pause Young (Concurrent Start) (G1 Humongous Allocation)
[2024-08-29T23:15:48.254+0800] GC(1040) Using 8 workers of 8 for evacuation
[2024-08-29T23:15:48.256+0800] GC(1040)   Pre Evacuate Collection Set: 0.4ms
[2024-08-29T23:15:48.256+0800] GC(1040)   Merge Heap Roots: 0.1ms
[2024-08-29T23:15:48.256+0800] GC(1040)   Evacuate Collection Set: 0.5ms
[2024-08-29T23:15:48.256+0800] GC(1040)   Post Evacuate Collection Set: 0.5ms
[2024-08-29T23:15:48.256+0800] GC(1040)   Other: 0.2ms
[2024-08-29T23:15:48.256+0800] GC(1040) Eden regions: 4->0(1151)
[2024-08-29T23:15:48.256+0800] GC(1040) Survivor regions: 0->0(147)
[2024-08-29T23:15:48.256+0800] GC(1040) Old regions: 1->1
[2024-08-29T23:15:48.256+0800] GC(1040) Archive regions: 2->2
[2024-08-29T23:15:48.256+0800] GC(1040) Humongous regions: 918->688
[2024-08-29T23:15:48.256+0800] GC(1040) Metaspace: 1627K(1792K)->1627K(1792K) NonClass: 1507K(1600K)->1507K(1600K) Class: 119K(192K)->119K(192K)
[2024-08-29T23:15:48.256+0800] GC(1040) Pause Young (Concurrent Start) (G1 Humongous Allocation) 923M->689M(2048M) 1.852ms
[2024-08-29T23:15:48.256+0800] GC(1040) User=0.00s Sys=0.00s Real=0.00s
[2024-08-29T23:15:48.256+0800] GC(1041) Concurrent Undo Cycle
[2024-08-29T23:15:48.256+0800] GC(1041) Concurrent Cleanup for Next Mark
[2024-08-29T23:15:48.260+0800] GC(1041) Concurrent Cleanup for Next Mark 3.831ms
[2024-08-29T23:15:48.260+0800] GC(1041) Concurrent Undo Cycle 3.997ms
[2024-08-29T23:15:48.355+0800] GC(1042) Pause Young (Concurrent Start) (G1 Humongous Allocation)
[2024-08-29T23:15:48.355+0800] GC(1042) Using 8 workers of 8 for evacuation
[2024-08-29T23:15:48.356+0800] GC(1042)   Pre Evacuate Collection Set: 0.3ms
[2024-08-29T23:15:48.356+0800] GC(1042)   Merge Heap Roots: 0.1ms
[2024-08-29T23:15:48.356+0800] GC(1042)   Evacuate Collection Set: 0.4ms
[2024-08-29T23:15:48.356+0800] GC(1042)   Post Evacuate Collection Set: 0.4ms
[2024-08-29T23:15:48.356+0800] GC(1042)   Other: 0.3ms
[2024-08-29T23:15:48.356+0800] GC(1042) Eden regions: 4->0(1134)
[2024-08-29T23:15:48.356+0800] GC(1042) Survivor regions: 0->0(144)
[2024-08-29T23:15:48.356+0800] GC(1042) Old regions: 1->1
[2024-08-29T23:15:48.356+0800] GC(1042) Archive regions: 2->2
[2024-08-29T23:15:48.356+0800] GC(1042) Humongous regions: 917->705
[2024-08-29T23:15:48.356+0800] GC(1042) Metaspace: 1627K(1792K)->1627K(1792K) NonClass: 1507K(1600K)->1507K(1600K) Class: 119K(192K)->119K(192K)
[2024-08-29T23:15:48.356+0800] GC(1042) Pause Young (Concurrent Start) (G1 Humongous Allocation) 922M->706M(2048M) 1.526ms
[2024-08-29T23:15:48.356+0800] GC(1042) User=0.00s Sys=0.01s Real=0.00s
[2024-08-29T23:15:48.356+0800] GC(1043) Concurrent Undo Cycle
[2024-08-29T23:15:48.356+0800] GC(1043) Concurrent Cleanup for Next Mark
[2024-08-29T23:15:48.362+0800] GC(1043) Concurrent Cleanup for Next Mark 5.641ms
[2024-08-29T23:15:48.362+0800] GC(1043) Concurrent Undo Cycle 5.721ms
[2024-08-29T23:15:48.443+0800] GC(1044) Pause Young (Concurrent Start) (G1 Humongous Allocation)
[2024-08-29T23:15:48.443+0800] GC(1044) Using 8 workers of 8 for evacuation
[2024-08-29T23:15:48.444+0800] GC(1044)   Pre Evacuate Collection Set: 0.4ms
[2024-08-29T23:15:48.444+0800] GC(1044)   Merge Heap Roots: 0.1ms
[2024-08-29T23:15:48.444+0800] GC(1044)   Evacuate Collection Set: 0.3ms
[2024-08-29T23:15:48.444+0800] GC(1044)   Post Evacuate Collection Set: 0.5ms
[2024-08-29T23:15:48.444+0800] GC(1044)   Other: 0.3ms
[2024-08-29T23:15:48.444+0800] GC(1044) Eden regions: 4->0(1134)
[2024-08-29T23:15:48.444+0800] GC(1044) Survivor regions: 0->0(142)
[2024-08-29T23:15:48.444+0800] GC(1044) Old regions: 1->1
[2024-08-29T23:15:48.444+0800] GC(1044) Archive regions: 2->2
[2024-08-29T23:15:48.444+0800] GC(1044) Humongous regions: 918->705
[2024-08-29T23:15:48.444+0800] GC(1044) Metaspace: 1627K(1792K)->1627K(1792K) NonClass: 1507K(1600K)->1507K(1600K) Class: 119K(192K)->119K(192K)
[2024-08-29T23:15:48.444+0800] GC(1044) Pause Young (Concurrent Start) (G1 Humongous Allocation) 923M->706M(2048M) 1.634ms
[2024-08-29T23:15:48.444+0800] GC(1044) User=0.01s Sys=0.00s Real=0.00s
[2024-08-29T23:15:48.444+0800] GC(1045) Concurrent Undo Cycle
[2024-08-29T23:15:48.444+0800] GC(1045) Concurrent Cleanup for Next Mark
[2024-08-29T23:15:48.451+0800] GC(1045) Concurrent Cleanup for Next Mark 6.310ms
[2024-08-29T23:15:48.451+0800] GC(1045) Concurrent Undo Cycle 6.454ms
[2024-08-29T23:15:48.519+0800] GC(1046) Pause Young (Concurrent Start) (G1 Humongous Allocation)
[2024-08-29T23:15:48.519+0800] GC(1046) Using 8 workers of 8 for evacuation
[2024-08-29T23:15:48.520+0800] GC(1046)   Pre Evacuate Collection Set: 0.4ms
[2024-08-29T23:15:48.520+0800] GC(1046)   Merge Heap Roots: 0.1ms
[2024-08-29T23:15:48.520+0800] GC(1046)   Evacuate Collection Set: 0.4ms
[2024-08-29T23:15:48.520+0800] GC(1046)   Post Evacuate Collection Set: 0.3ms
[2024-08-29T23:15:48.520+0800] GC(1046)   Other: 0.2ms
[2024-08-29T23:15:48.520+0800] GC(1046) Eden regions: 4->0(1068)
[2024-08-29T23:15:48.520+0800] GC(1046) Survivor regions: 0->0(142)
[2024-08-29T23:15:48.520+0800] GC(1046) Old regions: 1->1
[2024-08-29T23:15:48.520+0800] GC(1046) Archive regions: 2->2
[2024-08-29T23:15:48.520+0800] GC(1046) Humongous regions: 917->771
[2024-08-29T23:15:48.520+0800] GC(1046) Metaspace: 1627K(1792K)->1627K(1792K) NonClass: 1507K(1600K)->1507K(1600K) Class: 119K(192K)->119K(192K)
[2024-08-29T23:15:48.520+0800] GC(1046) Pause Young (Concurrent Start) (G1 Humongous Allocation) 922M->772M(2048M) 1.427ms
[2024-08-29T23:15:48.520+0800] GC(1046) User=0.00s Sys=0.01s Real=0.00s
[2024-08-29T23:15:48.520+0800] GC(1047) Concurrent Undo Cycle
[2024-08-29T23:15:48.520+0800] GC(1047) Concurrent Cleanup for Next Mark
[2024-08-29T23:15:48.526+0800] GC(1047) Concurrent Cleanup for Next Mark 5.695ms
[2024-08-29T23:15:48.526+0800] GC(1047) Concurrent Undo Cycle 5.772ms
[2024-08-29T23:15:48.590+0800] GC(1048) Pause Young (Concurrent Start) (G1 Humongous Allocation)
[2024-08-29T23:15:48.590+0800] GC(1048) Using 8 workers of 8 for evacuation
[2024-08-29T23:15:48.591+0800] GC(1048)   Pre Evacuate Collection Set: 0.2ms
[2024-08-29T23:15:48.591+0800] GC(1048)   Merge Heap Roots: 0.1ms
[2024-08-29T23:15:48.591+0800] GC(1048)   Evacuate Collection Set: 0.3ms
[2024-08-29T23:15:48.591+0800] GC(1048)   Post Evacuate Collection Set: 0.4ms
[2024-08-29T23:15:48.591+0800] GC(1048)   Other: 0.2ms
[2024-08-29T23:15:48.591+0800] GC(1048) Eden regions: 4->0(1094)
[2024-08-29T23:15:48.591+0800] GC(1048) Survivor regions: 0->1(134)
[2024-08-29T23:15:48.591+0800] GC(1048) Old regions: 1->1
[2024-08-29T23:15:48.591+0800] GC(1048) Archive regions: 2->2
[2024-08-29T23:15:48.591+0800] GC(1048) Humongous regions: 916->744
[2024-08-29T23:15:48.591+0800] GC(1048) Metaspace: 1627K(1792K)->1627K(1792K) NonClass: 1507K(1600K)->1507K(1600K) Class: 119K(192K)->119K(192K)
[2024-08-29T23:15:48.591+0800] GC(1048) Pause Young (Concurrent Start) (G1 Humongous Allocation) 921M->745M(2048M) 1.114ms
[2024-08-29T23:15:48.591+0800] GC(1048) User=0.00s Sys=0.00s Real=0.00s
[2024-08-29T23:15:48.591+0800] GC(1049) Concurrent Undo Cycle
[2024-08-29T23:15:48.591+0800] GC(1049) Concurrent Cleanup for Next Mark
[2024-08-29T23:15:48.595+0800] GC(1049) Concurrent Cleanup for Next Mark 4.484ms
[2024-08-29T23:15:48.596+0800] GC(1049) Concurrent Undo Cycle 4.587ms
[2024-08-29T23:15:48.678+0800] GC(1050) Pause Young (Concurrent Start) (G1 Humongous Allocation)
[2024-08-29T23:15:48.678+0800] GC(1050) Using 8 workers of 8 for evacuation
[2024-08-29T23:15:48.679+0800] GC(1050)   Pre Evacuate Collection Set: 0.2ms
[2024-08-29T23:15:48.679+0800] GC(1050)   Merge Heap Roots: 0.1ms
[2024-08-29T23:15:48.679+0800] GC(1050)   Evacuate Collection Set: 0.5ms
[2024-08-29T23:15:48.679+0800] GC(1050)   Post Evacuate Collection Set: 0.3ms
[2024-08-29T23:15:48.679+0800] GC(1050)   Other: 0.2ms
[2024-08-29T23:15:48.679+0800] GC(1050) Eden regions: 4->0(1110)
[2024-08-29T23:15:48.679+0800] GC(1050) Survivor regions: 1->0(137)
[2024-08-29T23:15:48.679+0800] GC(1050) Old regions: 1->1
[2024-08-29T23:15:48.679+0800] GC(1050) Archive regions: 2->2
[2024-08-29T23:15:48.679+0800] GC(1050) Humongous regions: 917->729
[2024-08-29T23:15:48.679+0800] GC(1050) Metaspace: 1627K(1792K)->1627K(1792K) NonClass: 1507K(1600K)->1507K(1600K) Class: 119K(192K)->119K(192K)
[2024-08-29T23:15:48.679+0800] GC(1050) Pause Young (Concurrent Start) (G1 Humongous Allocation) 922M->730M(2048M) 1.360ms
[2024-08-29T23:15:48.679+0800] GC(1050) User=0.00s Sys=0.00s Real=0.00s
[2024-08-29T23:15:48.679+0800] GC(1051) Concurrent Undo Cycle
[2024-08-29T23:15:48.679+0800] GC(1051) Concurrent Cleanup for Next Mark
[2024-08-29T23:15:48.688+0800] GC(1051) Concurrent Cleanup for Next Mark 8.870ms
[2024-08-29T23:15:48.688+0800] GC(1051) Concurrent Undo Cycle 9.003ms
[2024-08-29T23:15:48.758+0800] GC(1052) Pause Young (Concurrent Start) (G1 Humongous Allocation)
[2024-08-29T23:15:48.758+0800] GC(1052) Using 8 workers of 8 for evacuation
[2024-08-29T23:15:48.760+0800] GC(1052)   Pre Evacuate Collection Set: 0.3ms
[2024-08-29T23:15:48.760+0800] GC(1052)   Merge Heap Roots: 0.1ms
[2024-08-29T23:15:48.760+0800] GC(1052)   Evacuate Collection Set: 0.5ms
[2024-08-29T23:15:48.760+0800] GC(1052)   Post Evacuate Collection Set: 0.4ms
[2024-08-29T23:15:48.760+0800] GC(1052)   Other: 0.2ms
[2024-08-29T23:15:48.760+0800] GC(1052) Eden regions: 4->0(1077)
[2024-08-29T23:15:48.760+0800] GC(1052) Survivor regions: 0->0(139)
[2024-08-29T23:15:48.760+0800] GC(1052) Old regions: 1->1
[2024-08-29T23:15:48.760+0800] GC(1052) Archive regions: 2->2
[2024-08-29T23:15:48.760+0800] GC(1052) Humongous regions: 919->762
[2024-08-29T23:15:48.760+0800] GC(1052) Metaspace: 1627K(1792K)->1627K(1792K) NonClass: 1507K(1600K)->1507K(1600K) Class: 119K(192K)->119K(192K)
[2024-08-29T23:15:48.760+0800] GC(1052) Pause Young (Concurrent Start) (G1 Humongous Allocation) 924M->763M(2048M) 1.556ms
[2024-08-29T23:15:48.760+0800] GC(1052) User=0.00s Sys=0.00s Real=0.00s
[2024-08-29T23:15:48.760+0800] GC(1053) Concurrent Undo Cycle
[2024-08-29T23:15:48.760+0800] GC(1053) Concurrent Cleanup for Next Mark
[2024-08-29T23:15:48.768+0800] GC(1053) Concurrent Cleanup for Next Mark 8.406ms
[2024-08-29T23:15:48.768+0800] GC(1053) Concurrent Undo Cycle 8.591ms
[2024-08-29T23:15:48.831+0800] GC(1054) Pause Young (Concurrent Start) (G1 Humongous Allocation)
[2024-08-29T23:15:48.831+0800] GC(1054) Using 8 workers of 8 for evacuation
[2024-08-29T23:15:48.833+0800] GC(1054)   Pre Evacuate Collection Set: 0.3ms
[2024-08-29T23:15:48.833+0800] GC(1054)   Merge Heap Roots: 0.1ms
[2024-08-29T23:15:48.833+0800] GC(1054)   Evacuate Collection Set: 0.5ms
[2024-08-29T23:15:48.833+0800] GC(1054)   Post Evacuate Collection Set: 0.4ms
[2024-08-29T23:15:48.833+0800] GC(1054)   Other: 0.2ms
[2024-08-29T23:15:48.833+0800] GC(1054) Eden regions: 4->0(1103)
[2024-08-29T23:15:48.833+0800] GC(1054) Survivor regions: 0->0(135)
[2024-08-29T23:15:48.833+0800] GC(1054) Old regions: 1->1
[2024-08-29T23:15:48.833+0800] GC(1054) Archive regions: 2->2
[2024-08-29T23:15:48.833+0800] GC(1054) Humongous regions: 923->736
[2024-08-29T23:15:48.833+0800] GC(1054) Metaspace: 1627K(1792K)->1627K(1792K) NonClass: 1507K(1600K)->1507K(1600K) Class: 119K(192K)->119K(192K)
[2024-08-29T23:15:48.833+0800] GC(1054) Pause Young (Concurrent Start) (G1 Humongous Allocation) 928M->737M(2048M) 1.548ms
[2024-08-29T23:15:48.833+0800] GC(1054) User=0.00s Sys=0.01s Real=0.01s
[2024-08-29T23:15:48.833+0800] GC(1055) Concurrent Undo Cycle
[2024-08-29T23:15:48.833+0800] GC(1055) Concurrent Cleanup for Next Mark
[2024-08-29T23:15:48.837+0800] GC(1055) Concurrent Cleanup for Next Mark 3.897ms
[2024-08-29T23:15:48.837+0800] GC(1055) Concurrent Undo Cycle 3.996ms
[2024-08-29T23:15:48.905+0800] GC(1056) Pause Young (Concurrent Start) (G1 Humongous Allocation)
[2024-08-29T23:15:48.906+0800] GC(1056) Using 8 workers of 8 for evacuation
[2024-08-29T23:15:48.907+0800] GC(1056)   Pre Evacuate Collection Set: 0.3ms
[2024-08-29T23:15:48.907+0800] GC(1056)   Merge Heap Roots: 0.1ms
[2024-08-29T23:15:48.907+0800] GC(1056)   Evacuate Collection Set: 0.6ms
[2024-08-29T23:15:48.907+0800] GC(1056)   Post Evacuate Collection Set: 0.5ms
[2024-08-29T23:15:48.907+0800] GC(1056)   Other: 0.2ms
[2024-08-29T23:15:48.907+0800] GC(1056) Eden regions: 4->0(1116)
[2024-08-29T23:15:48.907+0800] GC(1056) Survivor regions: 0->0(138)
[2024-08-29T23:15:48.907+0800] GC(1056) Old regions: 1->1
[2024-08-29T23:15:48.907+0800] GC(1056) Archive regions: 2->2
[2024-08-29T23:15:48.907+0800] GC(1056) Humongous regions: 919->723
[2024-08-29T23:15:48.907+0800] GC(1056) Metaspace: 1627K(1792K)->1627K(1792K) NonClass: 1507K(1600K)->1507K(1600K) Class: 119K(192K)->119K(192K)
[2024-08-29T23:15:48.907+0800] GC(1056) Pause Young (Concurrent Start) (G1 Humongous Allocation) 924M->724M(2048M) 1.707ms
[2024-08-29T23:15:48.907+0800] GC(1056) User=0.00s Sys=0.00s Real=0.00s
[2024-08-29T23:15:48.907+0800] GC(1057) Concurrent Undo Cycle
[2024-08-29T23:15:48.907+0800] GC(1057) Concurrent Cleanup for Next Mark
[2024-08-29T23:15:48.915+0800] GC(1057) Concurrent Cleanup for Next Mark 7.604ms
[2024-08-29T23:15:48.915+0800] GC(1057) Concurrent Undo Cycle 7.707ms
[2024-08-29T23:15:48.989+0800] GC(1058) Pause Young (Concurrent Start) (G1 Humongous Allocation)
[2024-08-29T23:15:48.989+0800] GC(1058) Using 8 workers of 8 for evacuation
[2024-08-29T23:15:48.991+0800] GC(1058)   Pre Evacuate Collection Set: 0.3ms
[2024-08-29T23:15:48.991+0800] GC(1058)   Merge Heap Roots: 0.1ms
[2024-08-29T23:15:48.991+0800] GC(1058)   Evacuate Collection Set: 0.4ms
[2024-08-29T23:15:48.991+0800] GC(1058)   Post Evacuate Collection Set: 0.5ms
[2024-08-29T23:15:48.991+0800] GC(1058)   Other: 0.2ms
[2024-08-29T23:15:48.991+0800] GC(1058) Eden regions: 4->0(1116)
[2024-08-29T23:15:48.991+0800] GC(1058) Survivor regions: 0->0(140)
[2024-08-29T23:15:48.991+0800] GC(1058) Old regions: 1->1
[2024-08-29T23:15:48.991+0800] GC(1058) Archive regions: 2->2
[2024-08-29T23:15:48.991+0800] GC(1058) Humongous regions: 918->723
[2024-08-29T23:15:48.991+0800] GC(1058) Metaspace: 1627K(1792K)->1627K(1792K) NonClass: 1507K(1600K)->1507K(1600K) Class: 119K(192K)->119K(192K)
[2024-08-29T23:15:48.991+0800] GC(1058) Pause Young (Concurrent Start) (G1 Humongous Allocation) 923M->724M(2048M) 1.661ms
[2024-08-29T23:15:48.991+0800] GC(1058) User=0.00s Sys=0.00s Real=0.00s
[2024-08-29T23:15:48.991+0800] GC(1059) Concurrent Undo Cycle
[2024-08-29T23:15:48.991+0800] GC(1059) Concurrent Cleanup for Next Mark
[2024-08-29T23:15:48.997+0800] GC(1059) Concurrent Cleanup for Next Mark 6.048ms
[2024-08-29T23:15:48.997+0800] GC(1059) Concurrent Undo Cycle 6.260ms
[2024-08-29T23:15:49.058+0800] GC(1060) Pause Young (Concurrent Start) (G1 Humongous Allocation)
[2024-08-29T23:15:49.058+0800] GC(1060) Using 8 workers of 8 for evacuation
[2024-08-29T23:15:49.060+0800] GC(1060)   Pre Evacuate Collection Set: 0.3ms
[2024-08-29T23:15:49.060+0800] GC(1060)   Merge Heap Roots: 0.1ms
[2024-08-29T23:15:49.060+0800] GC(1060)   Evacuate Collection Set: 0.4ms
[2024-08-29T23:15:49.060+0800] GC(1060)   Post Evacuate Collection Set: 0.4ms
[2024-08-29T23:15:49.060+0800] GC(1060)   Other: 0.2ms
[2024-08-29T23:15:49.060+0800] GC(1060) Eden regions: 4->0(1056)
[2024-08-29T23:15:49.060+0800] GC(1060) Survivor regions: 0->0(140)
[2024-08-29T23:15:49.060+0800] GC(1060) Old regions: 1->1
[2024-08-29T23:15:49.060+0800] GC(1060) Archive regions: 2->2
[2024-08-29T23:15:49.060+0800] GC(1060) Humongous regions: 920->783
[2024-08-29T23:15:49.060+0800] GC(1060) Metaspace: 1627K(1792K)->1627K(1792K) NonClass: 1507K(1600K)->1507K(1600K) Class: 119K(192K)->119K(192K)
[2024-08-29T23:15:49.060+0800] GC(1060) Pause Young (Concurrent Start) (G1 Humongous Allocation) 925M->784M(2048M) 1.465ms
[2024-08-29T23:15:49.060+0800] GC(1060) User=0.01s Sys=0.00s Real=0.00s
[2024-08-29T23:15:49.060+0800] GC(1061) Concurrent Undo Cycle
[2024-08-29T23:15:49.060+0800] GC(1061) Concurrent Cleanup for Next Mark
[2024-08-29T23:15:49.066+0800] GC(1061) Concurrent Cleanup for Next Mark 6.306ms
[2024-08-29T23:15:49.066+0800] GC(1061) Concurrent Undo Cycle 6.501ms
[2024-08-29T23:15:49.108+0800] GC(1062) Pause Young (Concurrent Start) (G1 Humongous Allocation)
[2024-08-29T23:15:49.108+0800] GC(1062) Using 8 workers of 8 for evacuation
[2024-08-29T23:15:49.110+0800] GC(1062)   Pre Evacuate Collection Set: 0.3ms
[2024-08-29T23:15:49.110+0800] GC(1062)   Merge Heap Roots: 0.1ms
[2024-08-29T23:15:49.110+0800] GC(1062)   Evacuate Collection Set: 0.4ms
[2024-08-29T23:15:49.110+0800] GC(1062)   Post Evacuate Collection Set: 0.5ms
[2024-08-29T23:15:49.110+0800] GC(1062)   Other: 0.4ms
[2024-08-29T23:15:49.110+0800] GC(1062) Eden regions: 4->0(981)
[2024-08-29T23:15:49.110+0800] GC(1062) Survivor regions: 0->0(132)
[2024-08-29T23:15:49.110+0800] GC(1062) Old regions: 1->1
[2024-08-29T23:15:49.110+0800] GC(1062) Archive regions: 2->2
[2024-08-29T23:15:49.110+0800] GC(1062) Humongous regions: 918->858
[2024-08-29T23:15:49.110+0800] GC(1062) Metaspace: 1627K(1792K)->1627K(1792K) NonClass: 1507K(1600K)->1507K(1600K) Class: 119K(192K)->119K(192K)
[2024-08-29T23:15:49.110+0800] GC(1062) Pause Young (Concurrent Start) (G1 Humongous Allocation) 923M->859M(2048M) 1.658ms
[2024-08-29T23:15:49.110+0800] GC(1062) User=0.00s Sys=0.00s Real=0.00s
[2024-08-29T23:15:49.110+0800] GC(1063) Concurrent Undo Cycle
[2024-08-29T23:15:49.110+0800] GC(1063) Concurrent Cleanup for Next Mark
[2024-08-29T23:15:49.117+0800] GC(1063) Concurrent Cleanup for Next Mark 7.100ms
[2024-08-29T23:15:49.117+0800] GC(1063) Concurrent Undo Cycle 7.259ms
[2024-08-29T23:15:49.129+0800] GC(1064) Pause Young (Concurrent Start) (G1 Humongous Allocation)
[2024-08-29T23:15:49.129+0800] GC(1064) Using 8 workers of 8 for evacuation
[2024-08-29T23:15:49.130+0800] GC(1064)   Pre Evacuate Collection Set: 0.2ms
[2024-08-29T23:15:49.130+0800] GC(1064)   Merge Heap Roots: 0.1ms
[2024-08-29T23:15:49.130+0800] GC(1064)   Evacuate Collection Set: 0.3ms
[2024-08-29T23:15:49.130+0800] GC(1064)   Post Evacuate Collection Set: 0.4ms
[2024-08-29T23:15:49.130+0800] GC(1064)   Other: 0.2ms
[2024-08-29T23:15:49.130+0800] GC(1064) Eden regions: 4->0(984)
[2024-08-29T23:15:49.130+0800] GC(1064) Survivor regions: 0->0(123)
[2024-08-29T23:15:49.130+0800] GC(1064) Old regions: 1->1
[2024-08-29T23:15:49.130+0800] GC(1064) Archive regions: 2->2
[2024-08-29T23:15:49.130+0800] GC(1064) Humongous regions: 914->855
[2024-08-29T23:15:49.130+0800] GC(1064) Metaspace: 1627K(1792K)->1627K(1792K) NonClass: 1507K(1600K)->1507K(1600K) Class: 119K(192K)->119K(192K)
[2024-08-29T23:15:49.130+0800] GC(1064) Pause Young (Concurrent Start) (G1 Humongous Allocation) 919M->856M(2048M) 1.317ms
[2024-08-29T23:15:49.130+0800] GC(1064) User=0.00s Sys=0.00s Real=0.00s
[2024-08-29T23:15:49.131+0800] GC(1065) Concurrent Undo Cycle
[2024-08-29T23:15:49.131+0800] GC(1065) Concurrent Cleanup for Next Mark
[2024-08-29T23:15:49.136+0800] GC(1065) Concurrent Cleanup for Next Mark 5.846ms
[2024-08-29T23:15:49.137+0800] GC(1065) Concurrent Undo Cycle 6.046ms
[2024-08-29T23:15:49.157+0800] GC(1066) Pause Young (Concurrent Start) (G1 Humongous Allocation)
[2024-08-29T23:15:49.157+0800] GC(1066) Using 8 workers of 8 for evacuation
[2024-08-29T23:15:49.159+0800] GC(1066)   Pre Evacuate Collection Set: 0.3ms
[2024-08-29T23:15:49.159+0800] GC(1066)   Merge Heap Roots: 0.1ms
[2024-08-29T23:15:49.159+0800] GC(1066)   Evacuate Collection Set: 0.4ms
[2024-08-29T23:15:49.159+0800] GC(1066)   Post Evacuate Collection Set: 0.4ms
[2024-08-29T23:15:49.159+0800] GC(1066)   Other: 0.2ms
[2024-08-29T23:15:49.159+0800] GC(1066) Eden regions: 4->0(982)
[2024-08-29T23:15:49.159+0800] GC(1066) Survivor regions: 0->0(123)
[2024-08-29T23:15:49.159+0800] GC(1066) Old regions: 1->1
[2024-08-29T23:15:49.159+0800] GC(1066) Archive regions: 2->2
[2024-08-29T23:15:49.159+0800] GC(1066) Humongous regions: 916->857
[2024-08-29T23:15:49.159+0800] GC(1066) Metaspace: 1627K(1792K)->1627K(1792K) NonClass: 1507K(1600K)->1507K(1600K) Class: 119K(192K)->119K(192K)
[2024-08-29T23:15:49.159+0800] GC(1066) Pause Young (Concurrent Start) (G1 Humongous Allocation) 921M->858M(2048M) 1.595ms
[2024-08-29T23:15:49.159+0800] GC(1066) User=0.00s Sys=0.00s Real=0.00s
[2024-08-29T23:15:49.159+0800] GC(1067) Concurrent Undo Cycle
[2024-08-29T23:15:49.159+0800] GC(1067) Concurrent Cleanup for Next Mark
[2024-08-29T23:15:49.163+0800] GC(1067) Concurrent Cleanup for Next Mark 3.813ms
[2024-08-29T23:15:49.163+0800] GC(1067) Concurrent Undo Cycle 3.895ms
[2024-08-29T23:15:49.192+0800] GC(1068) Pause Young (Concurrent Start) (G1 Humongous Allocation)
[2024-08-29T23:15:49.192+0800] GC(1068) Using 8 workers of 8 for evacuation
[2024-08-29T23:15:49.194+0800] GC(1068)   Pre Evacuate Collection Set: 0.4ms
[2024-08-29T23:15:49.194+0800] GC(1068)   Merge Heap Roots: 0.1ms
[2024-08-29T23:15:49.194+0800] GC(1068)   Evacuate Collection Set: 1.0ms
[2024-08-29T23:15:49.194+0800] GC(1068)   Post Evacuate Collection Set: 0.3ms
[2024-08-29T23:15:49.194+0800] GC(1068)   Other: 0.2ms
[2024-08-29T23:15:49.194+0800] GC(1068) Eden regions: 4->0(1020)
[2024-08-29T23:15:49.194+0800] GC(1068) Survivor regions: 0->0(123)
[2024-08-29T23:15:49.194+0800] GC(1068) Old regions: 1->1
[2024-08-29T23:15:49.194+0800] GC(1068) Archive regions: 2->2
[2024-08-29T23:15:49.194+0800] GC(1068) Humongous regions: 918->819
[2024-08-29T23:15:49.194+0800] GC(1068) Metaspace: 1627K(1792K)->1627K(1792K) NonClass: 1507K(1600K)->1507K(1600K) Class: 119K(192K)->119K(192K)
[2024-08-29T23:15:49.194+0800] GC(1068) Pause Young (Concurrent Start) (G1 Humongous Allocation) 923M->820M(2048M) 2.054ms
[2024-08-29T23:15:49.194+0800] GC(1068) User=0.01s Sys=0.00s Real=0.01s
[2024-08-29T23:15:49.194+0800] GC(1069) Concurrent Undo Cycle
[2024-08-29T23:15:49.194+0800] GC(1069) Concurrent Cleanup for Next Mark
[2024-08-29T23:15:49.202+0800] GC(1069) Concurrent Cleanup for Next Mark 7.082ms
[2024-08-29T23:15:49.202+0800] GC(1069) Concurrent Undo Cycle 7.263ms
[2024-08-29T23:15:49.240+0800] GC(1070) Pause Young (Concurrent Start) (G1 Humongous Allocation)
[2024-08-29T23:15:49.240+0800] GC(1070) Using 8 workers of 8 for evacuation
[2024-08-29T23:15:49.242+0800] GC(1070)   Pre Evacuate Collection Set: 0.2ms
[2024-08-29T23:15:49.242+0800] GC(1070)   Merge Heap Roots: 0.1ms
[2024-08-29T23:15:49.242+0800] GC(1070)   Evacuate Collection Set: 0.4ms
[2024-08-29T23:15:49.242+0800] GC(1070)   Post Evacuate Collection Set: 0.4ms
[2024-08-29T23:15:49.242+0800] GC(1070)   Other: 0.3ms
[2024-08-29T23:15:49.242+0800] GC(1070) Eden regions: 4->0(1026)
[2024-08-29T23:15:49.242+0800] GC(1070) Survivor regions: 0->0(128)
[2024-08-29T23:15:49.242+0800] GC(1070) Old regions: 1->1
[2024-08-29T23:15:49.242+0800] GC(1070) Archive regions: 2->2
[2024-08-29T23:15:49.242+0800] GC(1070) Humongous regions: 920->813
[2024-08-29T23:15:49.242+0800] GC(1070) Metaspace: 1627K(1792K)->1627K(1792K) NonClass: 1507K(1600K)->1507K(1600K) Class: 119K(192K)->119K(192K)
[2024-08-29T23:15:49.242+0800] GC(1070) Pause Young (Concurrent Start) (G1 Humongous Allocation) 925M->814M(2048M) 1.437ms
[2024-08-29T23:15:49.242+0800] GC(1070) User=0.00s Sys=0.00s Real=0.00s
[2024-08-29T23:15:49.242+0800] GC(1071) Concurrent Undo Cycle
[2024-08-29T23:15:49.242+0800] GC(1071) Concurrent Cleanup for Next Mark
[2024-08-29T23:15:49.249+0800] GC(1071) Concurrent Cleanup for Next Mark 7.010ms
[2024-08-29T23:15:49.249+0800] GC(1071) Concurrent Undo Cycle 7.125ms
[2024-08-29T23:15:49.284+0800] GC(1072) Pause Young (Concurrent Start) (G1 Humongous Allocation)
[2024-08-29T23:15:49.284+0800] GC(1072) Using 8 workers of 8 for evacuation
[2024-08-29T23:15:49.286+0800] GC(1072)   Pre Evacuate Collection Set: 0.3ms
[2024-08-29T23:15:49.286+0800] GC(1072)   Merge Heap Roots: 0.1ms
[2024-08-29T23:15:49.286+0800] GC(1072)   Evacuate Collection Set: 0.8ms
[2024-08-29T23:15:49.286+0800] GC(1072)   Post Evacuate Collection Set: 0.4ms
[2024-08-29T23:15:49.286+0800] GC(1072)   Other: 0.2ms
[2024-08-29T23:15:49.286+0800] GC(1072) Eden regions: 4->0(1041)
[2024-08-29T23:15:49.286+0800] GC(1072) Survivor regions: 0->0(129)
[2024-08-29T23:15:49.286+0800] GC(1072) Old regions: 1->1
[2024-08-29T23:15:49.286+0800] GC(1072) Archive regions: 2->2
[2024-08-29T23:15:49.286+0800] GC(1072) Humongous regions: 917->798
[2024-08-29T23:15:49.286+0800] GC(1072) Metaspace: 1627K(1792K)->1627K(1792K) NonClass: 1507K(1600K)->1507K(1600K) Class: 119K(192K)->119K(192K)
[2024-08-29T23:15:49.286+0800] GC(1072) Pause Young (Concurrent Start) (G1 Humongous Allocation) 922M->799M(2048M) 1.781ms
[2024-08-29T23:15:49.286+0800] GC(1072) User=0.00s Sys=0.00s Real=0.00s
[2024-08-29T23:15:49.286+0800] GC(1073) Concurrent Undo Cycle
[2024-08-29T23:15:49.286+0800] GC(1073) Concurrent Cleanup for Next Mark
[2024-08-29T23:15:49.291+0800] GC(1073) Concurrent Cleanup for Next Mark 5.167ms
[2024-08-29T23:15:49.291+0800] GC(1073) Concurrent Undo Cycle 5.257ms
[2024-08-29T23:15:49.331+0800] GC(1074) Pause Young (Concurrent Start) (G1 Humongous Allocation)
[2024-08-29T23:15:49.331+0800] GC(1074) Using 8 workers of 8 for evacuation
[2024-08-29T23:15:49.332+0800] GC(1074)   Pre Evacuate Collection Set: 0.3ms
[2024-08-29T23:15:49.332+0800] GC(1074)   Merge Heap Roots: 0.1ms
[2024-08-29T23:15:49.332+0800] GC(1074)   Evacuate Collection Set: 0.3ms
[2024-08-29T23:15:49.332+0800] GC(1074)   Post Evacuate Collection Set: 0.3ms
[2024-08-29T23:15:49.332+0800] GC(1074)   Other: 0.2ms
[2024-08-29T23:15:49.332+0800] GC(1074) Eden regions: 4->0(1045)
[2024-08-29T23:15:49.332+0800] GC(1074) Survivor regions: 0->0(131)
[2024-08-29T23:15:49.332+0800] GC(1074) Old regions: 1->1
[2024-08-29T23:15:49.332+0800] GC(1074) Archive regions: 2->2
[2024-08-29T23:15:49.332+0800] GC(1074) Humongous regions: 916->794
[2024-08-29T23:15:49.332+0800] GC(1074) Metaspace: 1627K(1792K)->1627K(1792K) NonClass: 1507K(1600K)->1507K(1600K) Class: 119K(192K)->119K(192K)
[2024-08-29T23:15:49.332+0800] GC(1074) Pause Young (Concurrent Start) (G1 Humongous Allocation) 921M->795M(2048M) 1.303ms
[2024-08-29T23:15:49.332+0800] GC(1074) User=0.00s Sys=0.00s Real=0.00s
[2024-08-29T23:15:49.332+0800] GC(1075) Concurrent Undo Cycle
[2024-08-29T23:15:49.332+0800] GC(1075) Concurrent Cleanup for Next Mark
[2024-08-29T23:15:49.337+0800] GC(1075) Concurrent Cleanup for Next Mark 4.294ms
[2024-08-29T23:15:49.337+0800] GC(1075) Concurrent Undo Cycle 4.445ms
[2024-08-29T23:15:49.384+0800] GC(1076) Pause Young (Concurrent Start) (G1 Humongous Allocation)
[2024-08-29T23:15:49.384+0800] GC(1076) Using 8 workers of 8 for evacuation
[2024-08-29T23:15:49.386+0800] GC(1076)   Pre Evacuate Collection Set: 0.3ms
[2024-08-29T23:15:49.386+0800] GC(1076)   Merge Heap Roots: 0.1ms
[2024-08-29T23:15:49.386+0800] GC(1076)   Evacuate Collection Set: 0.4ms
[2024-08-29T23:15:49.386+0800] GC(1076)   Post Evacuate Collection Set: 0.3ms
[2024-08-29T23:15:49.386+0800] GC(1076)   Other: 0.2ms
[2024-08-29T23:15:49.386+0800] GC(1076) Eden regions: 4->0(1064)
[2024-08-29T23:15:49.386+0800] GC(1076) Survivor regions: 0->0(131)
[2024-08-29T23:15:49.386+0800] GC(1076) Old regions: 1->1
[2024-08-29T23:15:49.386+0800] GC(1076) Archive regions: 2->2
[2024-08-29T23:15:49.386+0800] GC(1076) Humongous regions: 918->775
[2024-08-29T23:15:49.386+0800] GC(1076) Metaspace: 1627K(1792K)->1627K(1792K) NonClass: 1507K(1600K)->1507K(1600K) Class: 119K(192K)->119K(192K)
[2024-08-29T23:15:49.386+0800] GC(1076) Pause Young (Concurrent Start) (G1 Humongous Allocation) 923M->776M(2048M) 1.445ms
[2024-08-29T23:15:49.386+0800] GC(1076) User=0.00s Sys=0.01s Real=0.00s
[2024-08-29T23:15:49.386+0800] GC(1077) Concurrent Undo Cycle
[2024-08-29T23:15:49.386+0800] GC(1077) Concurrent Cleanup for Next Mark
[2024-08-29T23:15:49.390+0800] GC(1077) Concurrent Cleanup for Next Mark 3.883ms
[2024-08-29T23:15:49.390+0800] GC(1077) Concurrent Undo Cycle 3.944ms
[2024-08-29T23:15:49.449+0800] GC(1078) Pause Young (Concurrent Start) (G1 Humongous Allocation)
[2024-08-29T23:15:49.449+0800] GC(1078) Using 8 workers of 8 for evacuation
[2024-08-29T23:15:49.450+0800] GC(1078)   Pre Evacuate Collection Set: 0.2ms
[2024-08-29T23:15:49.450+0800] GC(1078)   Merge Heap Roots: 0.1ms
[2024-08-29T23:15:49.450+0800] GC(1078)   Evacuate Collection Set: 0.4ms
[2024-08-29T23:15:49.450+0800] GC(1078)   Post Evacuate Collection Set: 0.4ms
[2024-08-29T23:15:49.450+0800] GC(1078)   Other: 0.2ms
[2024-08-29T23:15:49.450+0800] GC(1078) Eden regions: 4->0(1068)
[2024-08-29T23:15:49.450+0800] GC(1078) Survivor regions: 0->0(133)
[2024-08-29T23:15:49.450+0800] GC(1078) Old regions: 1->1
[2024-08-29T23:15:49.450+0800] GC(1078) Archive regions: 2->2
[2024-08-29T23:15:49.450+0800] GC(1078) Humongous regions: 918->771
[2024-08-29T23:15:49.450+0800] GC(1078) Metaspace: 1627K(1792K)->1627K(1792K) NonClass: 1507K(1600K)->1507K(1600K) Class: 119K(192K)->119K(192K)
[2024-08-29T23:15:49.450+0800] GC(1078) Pause Young (Concurrent Start) (G1 Humongous Allocation) 923M->772M(2048M) 1.421ms
[2024-08-29T23:15:49.450+0800] GC(1078) User=0.00s Sys=0.00s Real=0.00s
[2024-08-29T23:15:49.450+0800] GC(1079) Concurrent Undo Cycle
[2024-08-29T23:15:49.450+0800] GC(1079) Concurrent Cleanup for Next Mark
[2024-08-29T23:15:49.456+0800] GC(1079) Concurrent Cleanup for Next Mark 5.375ms
[2024-08-29T23:15:49.456+0800] GC(1079) Concurrent Undo Cycle 5.484ms
[2024-08-29T23:15:49.512+0800] GC(1080) Pause Young (Concurrent Start) (G1 Humongous Allocation)
[2024-08-29T23:15:49.512+0800] GC(1080) Using 8 workers of 8 for evacuation
[2024-08-29T23:15:49.513+0800] GC(1080)   Pre Evacuate Collection Set: 0.3ms
[2024-08-29T23:15:49.513+0800] GC(1080)   Merge Heap Roots: 0.1ms
[2024-08-29T23:15:49.513+0800] GC(1080)   Evacuate Collection Set: 0.6ms
[2024-08-29T23:15:49.513+0800] GC(1080)   Post Evacuate Collection Set: 0.4ms
[2024-08-29T23:15:49.513+0800] GC(1080)   Other: 0.2ms
[2024-08-29T23:15:49.513+0800] GC(1080) Eden regions: 4->0(1068)
[2024-08-29T23:15:49.513+0800] GC(1080) Survivor regions: 0->0(134)
[2024-08-29T23:15:49.514+0800] GC(1080) Old regions: 1->1
[2024-08-29T23:15:49.514+0800] GC(1080) Archive regions: 2->2
[2024-08-29T23:15:49.514+0800] GC(1080) Humongous regions: 918->771
[2024-08-29T23:15:49.514+0800] GC(1080) Metaspace: 1627K(1792K)->1627K(1792K) NonClass: 1507K(1600K)->1507K(1600K) Class: 119K(192K)->119K(192K)
[2024-08-29T23:15:49.514+0800] GC(1080) Pause Young (Concurrent Start) (G1 Humongous Allocation) 923M->772M(2048M) 1.652ms
[2024-08-29T23:15:49.514+0800] GC(1080) User=0.00s Sys=0.00s Real=0.01s
[2024-08-29T23:15:49.514+0800] GC(1081) Concurrent Undo Cycle
[2024-08-29T23:15:49.514+0800] GC(1081) Concurrent Cleanup for Next Mark
[2024-08-29T23:15:49.518+0800] GC(1081) Concurrent Cleanup for Next Mark 3.985ms
[2024-08-29T23:15:49.518+0800] GC(1081) Concurrent Undo Cycle 4.078ms
[2024-08-29T23:15:49.590+0800] GC(1082) Pause Young (Concurrent Start) (G1 Humongous Allocation)
[2024-08-29T23:15:49.591+0800] GC(1082) Using 8 workers of 8 for evacuation
[2024-08-29T23:15:49.592+0800] GC(1082)   Pre Evacuate Collection Set: 0.3ms
[2024-08-29T23:15:49.592+0800] GC(1082)   Merge Heap Roots: 0.1ms
[2024-08-29T23:15:49.592+0800] GC(1082)   Evacuate Collection Set: 0.3ms
[2024-08-29T23:15:49.592+0800] GC(1082)   Post Evacuate Collection Set: 0.3ms
[2024-08-29T23:15:49.592+0800] GC(1082)   Other: 0.3ms
[2024-08-29T23:15:49.592+0800] GC(1082) Eden regions: 4->0(1126)
[2024-08-29T23:15:49.592+0800] GC(1082) Survivor regions: 0->0(134)
[2024-08-29T23:15:49.592+0800] GC(1082) Old regions: 1->1
[2024-08-29T23:15:49.592+0800] GC(1082) Archive regions: 2->2
[2024-08-29T23:15:49.592+0800] GC(1082) Humongous regions: 918->713
[2024-08-29T23:15:49.592+0800] GC(1082) Metaspace: 1627K(1792K)->1627K(1792K) NonClass: 1507K(1600K)->1507K(1600K) Class: 119K(192K)->119K(192K)
[2024-08-29T23:15:49.592+0800] GC(1082) Pause Young (Concurrent Start) (G1 Humongous Allocation) 923M->714M(2048M) 1.352ms
[2024-08-29T23:15:49.592+0800] GC(1082) User=0.00s Sys=0.00s Real=0.00s
[2024-08-29T23:15:49.592+0800] GC(1083) Concurrent Undo Cycle
[2024-08-29T23:15:49.592+0800] GC(1083) Concurrent Cleanup for Next Mark
[2024-08-29T23:15:49.599+0800] GC(1083) Concurrent Cleanup for Next Mark 7.262ms
[2024-08-29T23:15:49.599+0800] GC(1083) Concurrent Undo Cycle 7.452ms
[2024-08-29T23:15:49.676+0800] GC(1084) Pause Young (Concurrent Start) (G1 Humongous Allocation)
[2024-08-29T23:15:49.676+0800] GC(1084) Using 8 workers of 8 for evacuation
[2024-08-29T23:15:49.678+0800] GC(1084)   Pre Evacuate Collection Set: 0.5ms
[2024-08-29T23:15:49.678+0800] GC(1084)   Merge Heap Roots: 0.1ms
[2024-08-29T23:15:49.678+0800] GC(1084)   Evacuate Collection Set: 0.5ms
[2024-08-29T23:15:49.678+0800] GC(1084)   Post Evacuate Collection Set: 0.5ms
[2024-08-29T23:15:49.678+0800] GC(1084)   Other: 0.4ms
[2024-08-29T23:15:49.678+0800] GC(1084) Eden regions: 4->0(1148)
[2024-08-29T23:15:49.678+0800] GC(1084) Survivor regions: 0->0(141)
[2024-08-29T23:15:49.678+0800] GC(1084) Old regions: 1->1
[2024-08-29T23:15:49.678+0800] GC(1084) Archive regions: 2->2
[2024-08-29T23:15:49.678+0800] GC(1084) Humongous regions: 916->691
[2024-08-29T23:15:49.678+0800] GC(1084) Metaspace: 1627K(1792K)->1627K(1792K) NonClass: 1507K(1600K)->1507K(1600K) Class: 119K(192K)->119K(192K)
[2024-08-29T23:15:49.678+0800] GC(1084) Pause Young (Concurrent Start) (G1 Humongous Allocation) 921M->692M(2048M) 2.071ms
[2024-08-29T23:15:49.678+0800] GC(1084) User=0.00s Sys=0.00s Real=0.00s
[2024-08-29T23:15:49.678+0800] GC(1085) Concurrent Undo Cycle
[2024-08-29T23:15:49.678+0800] GC(1085) Concurrent Cleanup for Next Mark
[2024-08-29T23:15:49.684+0800] GC(1085) Concurrent Cleanup for Next Mark 6.056ms
[2024-08-29T23:15:49.684+0800] GC(1085) Concurrent Undo Cycle 6.241ms
[2024-08-29T23:15:49.771+0800] GC(1086) Pause Young (Concurrent Start) (G1 Humongous Allocation)
[2024-08-29T23:15:49.771+0800] GC(1086) Using 8 workers of 8 for evacuation
[2024-08-29T23:15:49.773+0800] GC(1086)   Pre Evacuate Collection Set: 0.4ms
[2024-08-29T23:15:49.773+0800] GC(1086)   Merge Heap Roots: 0.1ms
[2024-08-29T23:15:49.773+0800] GC(1086)   Evacuate Collection Set: 0.5ms
[2024-08-29T23:15:49.773+0800] GC(1086)   Post Evacuate Collection Set: 0.4ms
[2024-08-29T23:15:49.773+0800] GC(1086)   Other: 0.3ms
[2024-08-29T23:15:49.773+0800] GC(1086) Eden regions: 4->0(1137)
[2024-08-29T23:15:49.773+0800] GC(1086) Survivor regions: 0->0(144)
[2024-08-29T23:15:49.773+0800] GC(1086) Old regions: 1->1
[2024-08-29T23:15:49.773+0800] GC(1086) Archive regions: 2->2
[2024-08-29T23:15:49.773+0800] GC(1086) Humongous regions: 915->702
[2024-08-29T23:15:49.773+0800] GC(1086) Metaspace: 1627K(1792K)->1627K(1792K) NonClass: 1507K(1600K)->1507K(1600K) Class: 119K(192K)->119K(192K)
[2024-08-29T23:15:49.773+0800] GC(1086) Pause Young (Concurrent Start) (G1 Humongous Allocation) 920M->703M(2048M) 1.781ms
[2024-08-29T23:15:49.773+0800] GC(1086) User=0.00s Sys=0.01s Real=0.01s
[2024-08-29T23:15:49.773+0800] GC(1087) Concurrent Undo Cycle
[2024-08-29T23:15:49.773+0800] GC(1087) Concurrent Cleanup for Next Mark
[2024-08-29T23:15:49.779+0800] GC(1087) Concurrent Cleanup for Next Mark 6.616ms
[2024-08-29T23:15:49.780+0800] GC(1087) Concurrent Undo Cycle 6.862ms
[2024-08-29T23:15:49.862+0800] GC(1088) Pause Young (Concurrent Start) (G1 Humongous Allocation)
[2024-08-29T23:15:49.863+0800] GC(1088) Using 8 workers of 8 for evacuation
[2024-08-29T23:15:49.864+0800] GC(1088)   Pre Evacuate Collection Set: 0.3ms
[2024-08-29T23:15:49.864+0800] GC(1088)   Merge Heap Roots: 0.1ms
[2024-08-29T23:15:49.864+0800] GC(1088)   Evacuate Collection Set: 0.3ms
[2024-08-29T23:15:49.864+0800] GC(1088)   Post Evacuate Collection Set: 0.7ms
[2024-08-29T23:15:49.864+0800] GC(1088)   Other: 0.2ms
[2024-08-29T23:15:49.864+0800] GC(1088) Eden regions: 4->0(1146)
[2024-08-29T23:15:49.864+0800] GC(1088) Survivor regions: 0->0(143)
[2024-08-29T23:15:49.864+0800] GC(1088) Old regions: 1->1
[2024-08-29T23:15:49.864+0800] GC(1088) Archive regions: 2->2
[2024-08-29T23:15:49.864+0800] GC(1088) Humongous regions: 916->693
[2024-08-29T23:15:49.864+0800] GC(1088) Metaspace: 1627K(1792K)->1627K(1792K) NonClass: 1507K(1600K)->1507K(1600K) Class: 119K(192K)->119K(192K)
[2024-08-29T23:15:49.864+0800] GC(1088) Pause Young (Concurrent Start) (G1 Humongous Allocation) 921M->694M(2048M) 1.644ms
[2024-08-29T23:15:49.864+0800] GC(1088) User=0.01s Sys=0.00s Real=0.00s
[2024-08-29T23:15:49.864+0800] GC(1089) Concurrent Undo Cycle
[2024-08-29T23:15:49.864+0800] GC(1089) Concurrent Cleanup for Next Mark
[2024-08-29T23:15:49.871+0800] GC(1089) Concurrent Cleanup for Next Mark 7.132ms
[2024-08-29T23:15:49.872+0800] GC(1089) Concurrent Undo Cycle 7.383ms
[2024-08-29T23:15:49.981+0800] GC(1090) Pause Young (Concurrent Start) (G1 Humongous Allocation)
[2024-08-29T23:15:49.981+0800] GC(1090) Using 8 workers of 8 for evacuation
[2024-08-29T23:15:49.983+0800] GC(1090)   Pre Evacuate Collection Set: 0.3ms
[2024-08-29T23:15:49.983+0800] GC(1090)   Merge Heap Roots: 0.1ms
[2024-08-29T23:15:49.983+0800] GC(1090)   Evacuate Collection Set: 0.3ms
[2024-08-29T23:15:49.983+0800] GC(1090)   Post Evacuate Collection Set: 0.6ms
[2024-08-29T23:15:49.983+0800] GC(1090)   Other: 0.2ms
[2024-08-29T23:15:49.983+0800] GC(1090) Eden regions: 4->0(1228)
[2024-08-29T23:15:49.983+0800] GC(1090) Survivor regions: 0->0(144)
[2024-08-29T23:15:49.983+0800] GC(1090) Old regions: 1->1
[2024-08-29T23:15:49.983+0800] GC(1090) Archive regions: 2->2
[2024-08-29T23:15:49.983+0800] GC(1090) Humongous regions: 919->595
[2024-08-29T23:15:49.983+0800] GC(1090) Metaspace: 1627K(1792K)->1627K(1792K) NonClass: 1507K(1600K)->1507K(1600K) Class: 119K(192K)->119K(192K)
[2024-08-29T23:15:49.983+0800] GC(1090) Pause Young (Concurrent Start) (G1 Humongous Allocation) 924M->596M(2048M) 1.728ms
[2024-08-29T23:15:49.983+0800] GC(1090) User=0.00s Sys=0.01s Real=0.01s
[2024-08-29T23:15:49.983+0800] GC(1091) Concurrent Undo Cycle
[2024-08-29T23:15:49.983+0800] GC(1091) Concurrent Cleanup for Next Mark
[2024-08-29T23:15:49.989+0800] GC(1091) Concurrent Cleanup for Next Mark 5.741ms
[2024-08-29T23:15:49.989+0800] GC(1091) Concurrent Undo Cycle 5.907ms
[2024-08-29T23:15:50.129+0800] GC(1092) Pause Young (Concurrent Start) (G1 Humongous Allocation)
[2024-08-29T23:15:50.129+0800] GC(1092) Using 8 workers of 8 for evacuation
[2024-08-29T23:15:50.130+0800] GC(1092)   Pre Evacuate Collection Set: 0.3ms
[2024-08-29T23:15:50.130+0800] GC(1092)   Merge Heap Roots: 0.1ms
[2024-08-29T23:15:50.130+0800] GC(1092)   Evacuate Collection Set: 0.4ms
[2024-08-29T23:15:50.130+0800] GC(1092)   Post Evacuate Collection Set: 0.5ms
[2024-08-29T23:15:50.130+0800] GC(1092)   Other: 0.2ms
[2024-08-29T23:15:50.130+0800] GC(1092) Eden regions: 4->0(1228)
[2024-08-29T23:15:50.130+0800] GC(1092) Survivor regions: 0->0(154)
[2024-08-29T23:15:50.130+0800] GC(1092) Old regions: 1->1
[2024-08-29T23:15:50.130+0800] GC(1092) Archive regions: 2->2
[2024-08-29T23:15:50.130+0800] GC(1092) Humongous regions: 919->584
[2024-08-29T23:15:50.130+0800] GC(1092) Metaspace: 1627K(1792K)->1627K(1792K) NonClass: 1507K(1600K)->1507K(1600K) Class: 119K(192K)->119K(192K)
[2024-08-29T23:15:50.130+0800] GC(1092) Pause Young (Concurrent Start) (G1 Humongous Allocation) 924M->585M(2048M) 1.644ms
[2024-08-29T23:15:50.130+0800] GC(1092) User=0.00s Sys=0.00s Real=0.00s
[2024-08-29T23:15:50.130+0800] GC(1093) Concurrent Undo Cycle
[2024-08-29T23:15:50.130+0800] GC(1093) Concurrent Cleanup for Next Mark
[2024-08-29T23:15:50.134+0800] GC(1093) Concurrent Cleanup for Next Mark 3.486ms
[2024-08-29T23:15:50.134+0800] GC(1093) Concurrent Undo Cycle 3.575ms
[2024-08-29T23:15:50.255+0800] GC(1094) Pause Young (Concurrent Start) (G1 Humongous Allocation)
[2024-08-29T23:15:50.255+0800] GC(1094) Using 8 workers of 8 for evacuation
[2024-08-29T23:15:50.257+0800] GC(1094)   Pre Evacuate Collection Set: 0.3ms
[2024-08-29T23:15:50.257+0800] GC(1094)   Merge Heap Roots: 0.1ms
[2024-08-29T23:15:50.257+0800] GC(1094)   Evacuate Collection Set: 0.3ms
[2024-08-29T23:15:50.257+0800] GC(1094)   Post Evacuate Collection Set: 0.4ms
[2024-08-29T23:15:50.257+0800] GC(1094)   Other: 0.2ms
[2024-08-29T23:15:50.257+0800] GC(1094) Eden regions: 4->0(1192)
[2024-08-29T23:15:50.257+0800] GC(1094) Survivor regions: 0->0(154)
[2024-08-29T23:15:50.257+0800] GC(1094) Old regions: 1->1
[2024-08-29T23:15:50.257+0800] GC(1094) Archive regions: 2->2
[2024-08-29T23:15:50.257+0800] GC(1094) Humongous regions: 918->647
[2024-08-29T23:15:50.257+0800] GC(1094) Metaspace: 1627K(1792K)->1627K(1792K) NonClass: 1507K(1600K)->1507K(1600K) Class: 119K(192K)->119K(192K)
[2024-08-29T23:15:50.257+0800] GC(1094) Pause Young (Concurrent Start) (G1 Humongous Allocation) 923M->648M(2048M) 1.456ms
[2024-08-29T23:15:50.257+0800] GC(1094) User=0.00s Sys=0.01s Real=0.00s
[2024-08-29T23:15:50.257+0800] GC(1095) Concurrent Undo Cycle
[2024-08-29T23:15:50.257+0800] GC(1095) Concurrent Cleanup for Next Mark
[2024-08-29T23:15:50.263+0800] GC(1095) Concurrent Cleanup for Next Mark 6.504ms
[2024-08-29T23:15:50.264+0800] GC(1095) Concurrent Undo Cycle 6.600ms
[2024-08-29T23:15:50.370+0800] GC(1096) Pause Young (Concurrent Start) (G1 Humongous Allocation)
[2024-08-29T23:15:50.370+0800] GC(1096) Using 8 workers of 8 for evacuation
[2024-08-29T23:15:50.371+0800] GC(1096)   Pre Evacuate Collection Set: 0.3ms
[2024-08-29T23:15:50.371+0800] GC(1096)   Merge Heap Roots: 0.1ms
[2024-08-29T23:15:50.371+0800] GC(1096)   Evacuate Collection Set: 0.6ms
[2024-08-29T23:15:50.371+0800] GC(1096)   Post Evacuate Collection Set: 0.6ms
[2024-08-29T23:15:50.371+0800] GC(1096)   Other: 0.2ms
[2024-08-29T23:15:50.371+0800] GC(1096) Eden regions: 4->0(1181)
[2024-08-29T23:15:50.371+0800] GC(1096) Survivor regions: 0->0(149)
[2024-08-29T23:15:50.371+0800] GC(1096) Old regions: 1->1
[2024-08-29T23:15:50.371+0800] GC(1096) Archive regions: 2->2
[2024-08-29T23:15:50.371+0800] GC(1096) Humongous regions: 917->658
[2024-08-29T23:15:50.372+0800] GC(1096) Metaspace: 1627K(1792K)->1627K(1792K) NonClass: 1507K(1600K)->1507K(1600K) Class: 119K(192K)->119K(192K)
[2024-08-29T23:15:50.372+0800] GC(1096) Pause Young (Concurrent Start) (G1 Humongous Allocation) 922M->659M(2048M) 1.765ms
[2024-08-29T23:15:50.372+0800] GC(1096) User=0.00s Sys=0.00s Real=0.00s
[2024-08-29T23:15:50.372+0800] GC(1097) Concurrent Undo Cycle
[2024-08-29T23:15:50.372+0800] GC(1097) Concurrent Cleanup for Next Mark
[2024-08-29T23:15:50.376+0800] GC(1097) Concurrent Cleanup for Next Mark 4.779ms
[2024-08-29T23:15:50.377+0800] GC(1097) Concurrent Undo Cycle 4.963ms
[2024-08-29T23:15:50.487+0800] GC(1098) Pause Young (Concurrent Start) (G1 Humongous Allocation)
[2024-08-29T23:15:50.487+0800] GC(1098) Using 8 workers of 8 for evacuation
[2024-08-29T23:15:50.488+0800] GC(1098)   Pre Evacuate Collection Set: 0.3ms
[2024-08-29T23:15:50.488+0800] GC(1098)   Merge Heap Roots: 0.1ms
[2024-08-29T23:15:50.488+0800] GC(1098)   Evacuate Collection Set: 0.4ms
[2024-08-29T23:15:50.488+0800] GC(1098)   Post Evacuate Collection Set: 0.4ms
[2024-08-29T23:15:50.488+0800] GC(1098)   Other: 0.2ms
[2024-08-29T23:15:50.488+0800] GC(1098) Eden regions: 4->0(1213)
[2024-08-29T23:15:50.488+0800] GC(1098) Survivor regions: 0->0(148)
[2024-08-29T23:15:50.488+0800] GC(1098) Old regions: 1->1
[2024-08-29T23:15:50.488+0800] GC(1098) Archive regions: 2->2
[2024-08-29T23:15:50.488+0800] GC(1098) Humongous regions: 918->626
[2024-08-29T23:15:50.488+0800] GC(1098) Metaspace: 1627K(1792K)->1627K(1792K) NonClass: 1507K(1600K)->1507K(1600K) Class: 119K(192K)->119K(192K)
[2024-08-29T23:15:50.488+0800] GC(1098) Pause Young (Concurrent Start) (G1 Humongous Allocation) 923M->627M(2048M) 1.484ms
[2024-08-29T23:15:50.488+0800] GC(1098) User=0.01s Sys=0.00s Real=0.00s
[2024-08-29T23:15:50.488+0800] GC(1099) Concurrent Undo Cycle
[2024-08-29T23:15:50.488+0800] GC(1099) Concurrent Cleanup for Next Mark
[2024-08-29T23:15:50.496+0800] GC(1099) Concurrent Cleanup for Next Mark 8.195ms
[2024-08-29T23:15:50.497+0800] GC(1099) Concurrent Undo Cycle 8.274ms
[2024-08-29T23:15:50.615+0800] GC(1100) Pause Young (Concurrent Start) (G1 Humongous Allocation)
[2024-08-29T23:15:50.616+0800] GC(1100) Using 8 workers of 8 for evacuation
[2024-08-29T23:15:50.617+0800] GC(1100)   Pre Evacuate Collection Set: 0.2ms
[2024-08-29T23:15:50.617+0800] GC(1100)   Merge Heap Roots: 0.1ms
[2024-08-29T23:15:50.617+0800] GC(1100)   Evacuate Collection Set: 0.3ms
[2024-08-29T23:15:50.617+0800] GC(1100)   Post Evacuate Collection Set: 0.5ms
[2024-08-29T23:15:50.617+0800] GC(1100)   Other: 0.2ms
[2024-08-29T23:15:50.617+0800] GC(1100) Eden regions: 4->0(1228)
[2024-08-29T23:15:50.617+0800] GC(1100) Survivor regions: 0->0(152)
[2024-08-29T23:15:50.617+0800] GC(1100) Old regions: 1->1
[2024-08-29T23:15:50.617+0800] GC(1100) Archive regions: 2->2
[2024-08-29T23:15:50.617+0800] GC(1100) Humongous regions: 918->569
[2024-08-29T23:15:50.617+0800] GC(1100) Metaspace: 1627K(1792K)->1627K(1792K) NonClass: 1507K(1600K)->1507K(1600K) Class: 119K(192K)->119K(192K)
[2024-08-29T23:15:50.617+0800] GC(1100) Pause Young (Concurrent Start) (G1 Humongous Allocation) 923M->570M(2048M) 1.469ms
[2024-08-29T23:15:50.617+0800] GC(1100) User=0.00s Sys=0.00s Real=0.00s
[2024-08-29T23:15:50.617+0800] GC(1101) Concurrent Undo Cycle
[2024-08-29T23:15:50.617+0800] GC(1101) Concurrent Cleanup for Next Mark
[2024-08-29T23:15:50.622+0800] GC(1101) Concurrent Cleanup for Next Mark 5.237ms
[2024-08-29T23:15:50.622+0800] GC(1101) Concurrent Undo Cycle 5.371ms
[2024-08-29T23:15:50.743+0800] GC(1102) Pause Young (Concurrent Start) (G1 Humongous Allocation)
[2024-08-29T23:15:50.743+0800] GC(1102) Using 8 workers of 8 for evacuation
[2024-08-29T23:15:50.744+0800] GC(1102)   Pre Evacuate Collection Set: 0.2ms
[2024-08-29T23:15:50.744+0800] GC(1102)   Merge Heap Roots: 0.1ms
[2024-08-29T23:15:50.744+0800] GC(1102)   Evacuate Collection Set: 0.3ms
[2024-08-29T23:15:50.744+0800] GC(1102)   Post Evacuate Collection Set: 0.4ms
[2024-08-29T23:15:50.744+0800] GC(1102)   Other: 0.2ms
[2024-08-29T23:15:50.744+0800] GC(1102) Eden regions: 4->0(1219)
[2024-08-29T23:15:50.744+0800] GC(1102) Survivor regions: 0->0(154)
[2024-08-29T23:15:50.744+0800] GC(1102) Old regions: 1->1
[2024-08-29T23:15:50.744+0800] GC(1102) Archive regions: 2->2
[2024-08-29T23:15:50.744+0800] GC(1102) Humongous regions: 917->620
[2024-08-29T23:15:50.744+0800] GC(1102) Metaspace: 1627K(1792K)->1627K(1792K) NonClass: 1507K(1600K)->1507K(1600K) Class: 119K(192K)->119K(192K)
[2024-08-29T23:15:50.744+0800] GC(1102) Pause Young (Concurrent Start) (G1 Humongous Allocation) 922M->621M(2048M) 1.331ms
[2024-08-29T23:15:50.744+0800] GC(1102) User=0.00s Sys=0.01s Real=0.00s
[2024-08-29T23:15:50.744+0800] GC(1103) Concurrent Undo Cycle
[2024-08-29T23:15:50.744+0800] GC(1103) Concurrent Cleanup for Next Mark
[2024-08-29T23:15:50.749+0800] GC(1103) Concurrent Cleanup for Next Mark 4.663ms
[2024-08-29T23:15:50.749+0800] GC(1103) Concurrent Undo Cycle 4.776ms
[2024-08-29T23:15:50.850+0800] GC(1104) Pause Young (Concurrent Start) (G1 Humongous Allocation)
[2024-08-29T23:15:50.850+0800] GC(1104) Using 8 workers of 8 for evacuation
[2024-08-29T23:15:50.852+0800] GC(1104)   Pre Evacuate Collection Set: 0.3ms
[2024-08-29T23:15:50.852+0800] GC(1104)   Merge Heap Roots: 0.1ms
[2024-08-29T23:15:50.852+0800] GC(1104)   Evacuate Collection Set: 1.2ms
[2024-08-29T23:15:50.852+0800] GC(1104)   Post Evacuate Collection Set: 0.5ms
[2024-08-29T23:15:50.852+0800] GC(1104)   Other: 0.2ms
[2024-08-29T23:15:50.852+0800] GC(1104) Eden regions: 4->0(1165)
[2024-08-29T23:15:50.852+0800] GC(1104) Survivor regions: 0->0(153)
[2024-08-29T23:15:50.852+0800] GC(1104) Old regions: 1->1
[2024-08-29T23:15:50.852+0800] GC(1104) Archive regions: 2->2
[2024-08-29T23:15:50.852+0800] GC(1104) Humongous regions: 918->674
[2024-08-29T23:15:50.852+0800] GC(1104) Metaspace: 1627K(1792K)->1627K(1792K) NonClass: 1507K(1600K)->1507K(1600K) Class: 119K(192K)->119K(192K)
[2024-08-29T23:15:50.852+0800] GC(1104) Pause Young (Concurrent Start) (G1 Humongous Allocation) 923M->675M(2048M) 2.440ms
[2024-08-29T23:15:50.852+0800] GC(1104) User=0.00s Sys=0.00s Real=0.00s
[2024-08-29T23:15:50.852+0800] GC(1105) Concurrent Undo Cycle
[2024-08-29T23:15:50.852+0800] GC(1105) Concurrent Cleanup for Next Mark
[2024-08-29T23:15:50.858+0800] GC(1105) Concurrent Cleanup for Next Mark 5.892ms
[2024-08-29T23:15:50.858+0800] GC(1105) Concurrent Undo Cycle 5.994ms
[2024-08-29T23:15:50.959+0800] GC(1106) Pause Young (Concurrent Start) (G1 Humongous Allocation)
[2024-08-29T23:15:50.959+0800] GC(1106) Using 8 workers of 8 for evacuation
[2024-08-29T23:15:50.960+0800] GC(1106)   Pre Evacuate Collection Set: 0.3ms
[2024-08-29T23:15:50.960+0800] GC(1106)   Merge Heap Roots: 0.1ms
[2024-08-29T23:15:50.960+0800] GC(1106)   Evacuate Collection Set: 0.3ms
[2024-08-29T23:15:50.960+0800] GC(1106)   Post Evacuate Collection Set: 0.4ms
[2024-08-29T23:15:50.960+0800] GC(1106)   Other: 0.2ms
[2024-08-29T23:15:50.960+0800] GC(1106) Eden regions: 4->0(1177)
[2024-08-29T23:15:50.960+0800] GC(1106) Survivor regions: 0->0(146)
[2024-08-29T23:15:50.960+0800] GC(1106) Old regions: 1->1
[2024-08-29T23:15:50.960+0800] GC(1106) Archive regions: 2->2
[2024-08-29T23:15:50.960+0800] GC(1106) Humongous regions: 917->662
[2024-08-29T23:15:50.960+0800] GC(1106) Metaspace: 1627K(1792K)->1627K(1792K) NonClass: 1507K(1600K)->1507K(1600K) Class: 119K(192K)->119K(192K)
[2024-08-29T23:15:50.960+0800] GC(1106) Pause Young (Concurrent Start) (G1 Humongous Allocation) 922M->663M(2048M) 1.400ms
[2024-08-29T23:15:50.960+0800] GC(1106) User=0.00s Sys=0.00s Real=0.00s
[2024-08-29T23:15:50.960+0800] GC(1107) Concurrent Undo Cycle
[2024-08-29T23:15:50.960+0800] GC(1107) Concurrent Cleanup for Next Mark
[2024-08-29T23:15:50.964+0800] GC(1107) Concurrent Cleanup for Next Mark 4.077ms
[2024-08-29T23:15:50.964+0800] GC(1107) Concurrent Undo Cycle 4.157ms
[2024-08-29T23:15:51.057+0800] GC(1108) Pause Young (Concurrent Start) (G1 Humongous Allocation)
[2024-08-29T23:15:51.057+0800] GC(1108) Using 8 workers of 8 for evacuation
[2024-08-29T23:15:51.058+0800] GC(1108)   Pre Evacuate Collection Set: 0.4ms
[2024-08-29T23:15:51.058+0800] GC(1108)   Merge Heap Roots: 0.1ms
[2024-08-29T23:15:51.058+0800] GC(1108)   Evacuate Collection Set: 0.4ms
[2024-08-29T23:15:51.058+0800] GC(1108)   Post Evacuate Collection Set: 0.4ms
[2024-08-29T23:15:51.058+0800] GC(1108)   Other: 0.3ms
[2024-08-29T23:15:51.058+0800] GC(1108) Eden regions: 4->0(1139)
[2024-08-29T23:15:51.058+0800] GC(1108) Survivor regions: 0->0(148)
[2024-08-29T23:15:51.058+0800] GC(1108) Old regions: 1->1
[2024-08-29T23:15:51.058+0800] GC(1108) Archive regions: 2->2
[2024-08-29T23:15:51.058+0800] GC(1108) Humongous regions: 920->700
[2024-08-29T23:15:51.058+0800] GC(1108) Metaspace: 1627K(1792K)->1627K(1792K) NonClass: 1507K(1600K)->1507K(1600K) Class: 119K(192K)->119K(192K)
[2024-08-29T23:15:51.058+0800] GC(1108) Pause Young (Concurrent Start) (G1 Humongous Allocation) 925M->701M(2048M) 1.628ms
[2024-08-29T23:15:51.058+0800] GC(1108) User=0.01s Sys=0.00s Real=0.00s
[2024-08-29T23:15:51.058+0800] GC(1109) Concurrent Undo Cycle
[2024-08-29T23:15:51.058+0800] GC(1109) Concurrent Cleanup for Next Mark
[2024-08-29T23:15:51.062+0800] GC(1109) Concurrent Cleanup for Next Mark 4.050ms
[2024-08-29T23:15:51.063+0800] GC(1109) Concurrent Undo Cycle 4.160ms
[2024-08-29T23:15:51.161+0800] GC(1110) Pause Young (Concurrent Start) (G1 Humongous Allocation)
[2024-08-29T23:15:51.161+0800] GC(1110) Using 8 workers of 8 for evacuation
[2024-08-29T23:15:51.162+0800] GC(1110)   Pre Evacuate Collection Set: 0.3ms
[2024-08-29T23:15:51.162+0800] GC(1110)   Merge Heap Roots: 0.1ms
[2024-08-29T23:15:51.162+0800] GC(1110)   Evacuate Collection Set: 0.4ms
[2024-08-29T23:15:51.162+0800] GC(1110)   Post Evacuate Collection Set: 0.4ms
[2024-08-29T23:15:51.162+0800] GC(1110)   Other: 0.2ms
[2024-08-29T23:15:51.162+0800] GC(1110) Eden regions: 4->0(1198)
[2024-08-29T23:15:51.162+0800] GC(1110) Survivor regions: 0->0(143)
[2024-08-29T23:15:51.162+0800] GC(1110) Old regions: 1->1
[2024-08-29T23:15:51.162+0800] GC(1110) Archive regions: 2->2
[2024-08-29T23:15:51.162+0800] GC(1110) Humongous regions: 919->641
[2024-08-29T23:15:51.162+0800] GC(1110) Metaspace: 1627K(1792K)->1627K(1792K) NonClass: 1507K(1600K)->1507K(1600K) Class: 119K(192K)->119K(192K)
[2024-08-29T23:15:51.162+0800] GC(1110) Pause Young (Concurrent Start) (G1 Humongous Allocation) 924M->642M(2048M) 1.419ms
[2024-08-29T23:15:51.162+0800] GC(1110) User=0.00s Sys=0.00s Real=0.00s
[2024-08-29T23:15:51.162+0800] GC(1111) Concurrent Undo Cycle
[2024-08-29T23:15:51.162+0800] GC(1111) Concurrent Cleanup for Next Mark
[2024-08-29T23:15:51.168+0800] GC(1111) Concurrent Cleanup for Next Mark 5.589ms
[2024-08-29T23:15:51.168+0800] GC(1111) Concurrent Undo Cycle 5.721ms
[2024-08-29T23:15:51.296+0800] GC(1112) Pause Young (Concurrent Start) (G1 Humongous Allocation)
[2024-08-29T23:15:51.296+0800] GC(1112) Using 8 workers of 8 for evacuation
[2024-08-29T23:15:51.297+0800] GC(1112)   Pre Evacuate Collection Set: 0.3ms
[2024-08-29T23:15:51.297+0800] GC(1112)   Merge Heap Roots: 0.1ms
[2024-08-29T23:15:51.297+0800] GC(1112)   Evacuate Collection Set: 0.4ms
[2024-08-29T23:15:51.297+0800] GC(1112)   Post Evacuate Collection Set: 0.4ms
[2024-08-29T23:15:51.297+0800] GC(1112)   Other: 0.2ms
[2024-08-29T23:15:51.297+0800] GC(1112) Eden regions: 4->0(1203)
[2024-08-29T23:15:51.297+0800] GC(1112) Survivor regions: 0->0(150)
[2024-08-29T23:15:51.297+0800] GC(1112) Old regions: 1->1
[2024-08-29T23:15:51.297+0800] GC(1112) Archive regions: 2->2
[2024-08-29T23:15:51.297+0800] GC(1112) Humongous regions: 919->636
[2024-08-29T23:15:51.297+0800] GC(1112) Metaspace: 1627K(1792K)->1627K(1792K) NonClass: 1507K(1600K)->1507K(1600K) Class: 119K(192K)->119K(192K)
[2024-08-29T23:15:51.297+0800] GC(1112) Pause Young (Concurrent Start) (G1 Humongous Allocation) 924M->637M(2048M) 1.546ms
[2024-08-29T23:15:51.297+0800] GC(1112) User=0.01s Sys=0.01s Real=0.00s
[2024-08-29T23:15:51.298+0800] GC(1113) Concurrent Undo Cycle
[2024-08-29T23:15:51.298+0800] GC(1113) Concurrent Cleanup for Next Mark
[2024-08-29T23:15:51.304+0800] GC(1113) Concurrent Cleanup for Next Mark 6.789ms
[2024-08-29T23:15:51.304+0800] GC(1113) Concurrent Undo Cycle 6.875ms
[2024-08-29T23:15:51.407+0800] GC(1114) Pause Young (Concurrent Start) (G1 Humongous Allocation)
[2024-08-29T23:15:51.407+0800] GC(1114) Using 8 workers of 8 for evacuation
[2024-08-29T23:15:51.409+0800] GC(1114)   Pre Evacuate Collection Set: 0.3ms
[2024-08-29T23:15:51.409+0800] GC(1114)   Merge Heap Roots: 0.1ms
[2024-08-29T23:15:51.409+0800] GC(1114)   Evacuate Collection Set: 0.4ms
[2024-08-29T23:15:51.409+0800] GC(1114)   Post Evacuate Collection Set: 0.4ms
[2024-08-29T23:15:51.409+0800] GC(1114)   Other: 0.2ms
[2024-08-29T23:15:51.409+0800] GC(1114) Eden regions: 4->0(1157)
[2024-08-29T23:15:51.409+0800] GC(1114) Survivor regions: 0->0(151)
[2024-08-29T23:15:51.409+0800] GC(1114) Old regions: 1->1
[2024-08-29T23:15:51.409+0800] GC(1114) Archive regions: 2->2
[2024-08-29T23:15:51.409+0800] GC(1114) Humongous regions: 920->682
[2024-08-29T23:15:51.409+0800] GC(1114) Metaspace: 1627K(1792K)->1627K(1792K) NonClass: 1507K(1600K)->1507K(1600K) Class: 119K(192K)->119K(192K)
[2024-08-29T23:15:51.409+0800] GC(1114) Pause Young (Concurrent Start) (G1 Humongous Allocation) 925M->683M(2048M) 1.413ms
[2024-08-29T23:15:51.409+0800] GC(1114) User=0.00s Sys=0.00s Real=0.00s
[2024-08-29T23:15:51.409+0800] GC(1115) Concurrent Undo Cycle
[2024-08-29T23:15:51.409+0800] GC(1115) Concurrent Cleanup for Next Mark
[2024-08-29T23:15:51.414+0800] GC(1115) Concurrent Cleanup for Next Mark 5.026ms
[2024-08-29T23:15:51.414+0800] GC(1115) Concurrent Undo Cycle 5.133ms
[2024-08-29T23:15:51.513+0800] GC(1116) Pause Young (Concurrent Start) (G1 Humongous Allocation)
[2024-08-29T23:15:51.513+0800] GC(1116) Using 8 workers of 8 for evacuation
[2024-08-29T23:15:51.515+0800] GC(1116)   Pre Evacuate Collection Set: 0.4ms
[2024-08-29T23:15:51.515+0800] GC(1116)   Merge Heap Roots: 0.1ms
[2024-08-29T23:15:51.515+0800] GC(1116)   Evacuate Collection Set: 0.4ms
[2024-08-29T23:15:51.515+0800] GC(1116)   Post Evacuate Collection Set: 0.4ms
[2024-08-29T23:15:51.515+0800] GC(1116)   Other: 0.3ms
[2024-08-29T23:15:51.515+0800] GC(1116) Eden regions: 4->0(1196)
[2024-08-29T23:15:51.515+0800] GC(1116) Survivor regions: 0->0(145)
[2024-08-29T23:15:51.515+0800] GC(1116) Old regions: 1->1
[2024-08-29T23:15:51.515+0800] GC(1116) Archive regions: 2->2
[2024-08-29T23:15:51.515+0800] GC(1116) Humongous regions: 916->643
[2024-08-29T23:15:51.515+0800] GC(1116) Metaspace: 1627K(1792K)->1627K(1792K) NonClass: 1507K(1600K)->1507K(1600K) Class: 119K(192K)->119K(192K)
[2024-08-29T23:15:51.515+0800] GC(1116) Pause Young (Concurrent Start) (G1 Humongous Allocation) 921M->644M(2048M) 1.668ms
[2024-08-29T23:15:51.515+0800] GC(1116) User=0.00s Sys=0.01s Real=0.00s
[2024-08-29T23:15:51.515+0800] GC(1117) Concurrent Undo Cycle
[2024-08-29T23:15:51.515+0800] GC(1117) Concurrent Cleanup for Next Mark
[2024-08-29T23:15:51.520+0800] GC(1117) Concurrent Cleanup for Next Mark 4.500ms
[2024-08-29T23:15:51.520+0800] GC(1117) Concurrent Undo Cycle 4.585ms
[2024-08-29T23:15:51.600+0800] GC(1118) Pause Young (Concurrent Start) (G1 Humongous Allocation)
[2024-08-29T23:15:51.601+0800] GC(1118) Using 8 workers of 8 for evacuation
[2024-08-29T23:15:51.602+0800] GC(1118)   Pre Evacuate Collection Set: 0.2ms
[2024-08-29T23:15:51.602+0800] GC(1118)   Merge Heap Roots: 0.1ms
[2024-08-29T23:15:51.602+0800] GC(1118)   Evacuate Collection Set: 0.4ms
[2024-08-29T23:15:51.602+0800] GC(1118)   Post Evacuate Collection Set: 0.4ms
[2024-08-29T23:15:51.602+0800] GC(1118)   Other: 0.4ms
[2024-08-29T23:15:51.602+0800] GC(1118) Eden regions: 4->0(1107)
[2024-08-29T23:15:51.602+0800] GC(1118) Survivor regions: 0->0(150)
[2024-08-29T23:15:51.602+0800] GC(1118) Old regions: 1->1
[2024-08-29T23:15:51.602+0800] GC(1118) Archive regions: 2->2
[2024-08-29T23:15:51.602+0800] GC(1118) Humongous regions: 915->732
[2024-08-29T23:15:51.602+0800] GC(1118) Metaspace: 1627K(1792K)->1627K(1792K) NonClass: 1507K(1600K)->1507K(1600K) Class: 119K(192K)->119K(192K)
[2024-08-29T23:15:51.602+0800] GC(1118) Pause Young (Concurrent Start) (G1 Humongous Allocation) 920M->733M(2048M) 1.462ms
[2024-08-29T23:15:51.602+0800] GC(1118) User=0.00s Sys=0.01s Real=0.00s
[2024-08-29T23:15:51.602+0800] GC(1119) Concurrent Undo Cycle
[2024-08-29T23:15:51.602+0800] GC(1119) Concurrent Cleanup for Next Mark
[2024-08-29T23:15:51.608+0800] GC(1119) Concurrent Cleanup for Next Mark 5.680ms
[2024-08-29T23:15:51.608+0800] GC(1119) Concurrent Undo Cycle 5.807ms
[2024-08-29T23:15:51.674+0800] GC(1120) Pause Young (Concurrent Start) (G1 Humongous Allocation)
[2024-08-29T23:15:51.674+0800] GC(1120) Using 8 workers of 8 for evacuation
[2024-08-29T23:15:51.676+0800] GC(1120)   Pre Evacuate Collection Set: 0.5ms
[2024-08-29T23:15:51.676+0800] GC(1120)   Merge Heap Roots: 0.1ms
[2024-08-29T23:15:51.676+0800] GC(1120)   Evacuate Collection Set: 0.4ms
[2024-08-29T23:15:51.676+0800] GC(1120)   Post Evacuate Collection Set: 0.3ms
[2024-08-29T23:15:51.676+0800] GC(1120)   Other: 0.2ms
[2024-08-29T23:15:51.676+0800] GC(1120) Eden regions: 4->0(1084)
[2024-08-29T23:15:51.676+0800] GC(1120) Survivor regions: 0->0(139)
[2024-08-29T23:15:51.676+0800] GC(1120) Old regions: 1->1
[2024-08-29T23:15:51.676+0800] GC(1120) Archive regions: 2->2
[2024-08-29T23:15:51.676+0800] GC(1120) Humongous regions: 916->755
[2024-08-29T23:15:51.676+0800] GC(1120) Metaspace: 1627K(1792K)->1627K(1792K) NonClass: 1507K(1600K)->1507K(1600K) Class: 119K(192K)->119K(192K)
[2024-08-29T23:15:51.676+0800] GC(1120) Pause Young (Concurrent Start) (G1 Humongous Allocation) 921M->756M(2048M) 1.722ms
[2024-08-29T23:15:51.676+0800] GC(1120) User=0.00s Sys=0.00s Real=0.00s
[2024-08-29T23:15:51.676+0800] GC(1121) Concurrent Undo Cycle
[2024-08-29T23:15:51.676+0800] GC(1121) Concurrent Cleanup for Next Mark
[2024-08-29T23:15:51.683+0800] GC(1121) Concurrent Cleanup for Next Mark 7.117ms
[2024-08-29T23:15:51.683+0800] GC(1121) Concurrent Undo Cycle 7.392ms
[2024-08-29T23:15:51.737+0800] GC(1122) Pause Young (Concurrent Start) (G1 Humongous Allocation)
[2024-08-29T23:15:51.738+0800] GC(1122) Using 8 workers of 8 for evacuation
[2024-08-29T23:15:51.739+0800] GC(1122)   Pre Evacuate Collection Set: 0.3ms
[2024-08-29T23:15:51.739+0800] GC(1122)   Merge Heap Roots: 0.1ms
[2024-08-29T23:15:51.739+0800] GC(1122)   Evacuate Collection Set: 0.5ms
[2024-08-29T23:15:51.739+0800] GC(1122)   Post Evacuate Collection Set: 0.4ms
[2024-08-29T23:15:51.739+0800] GC(1122)   Other: 0.3ms
[2024-08-29T23:15:51.739+0800] GC(1122) Eden regions: 4->0(1073)
[2024-08-29T23:15:51.739+0800] GC(1122) Survivor regions: 0->0(136)
[2024-08-29T23:15:51.739+0800] GC(1122) Old regions: 1->1
[2024-08-29T23:15:51.739+0800] GC(1122) Archive regions: 2->2
[2024-08-29T23:15:51.739+0800] GC(1122) Humongous regions: 915->766
[2024-08-29T23:15:51.739+0800] GC(1122) Metaspace: 1627K(1792K)->1627K(1792K) NonClass: 1507K(1600K)->1507K(1600K) Class: 119K(192K)->119K(192K)
[2024-08-29T23:15:51.739+0800] GC(1122) Pause Young (Concurrent Start) (G1 Humongous Allocation) 920M->767M(2048M) 1.709ms
[2024-08-29T23:15:51.739+0800] GC(1122) User=0.00s Sys=0.00s Real=0.00s
[2024-08-29T23:15:51.739+0800] GC(1123) Concurrent Undo Cycle
[2024-08-29T23:15:51.739+0800] GC(1123) Concurrent Cleanup for Next Mark
[2024-08-29T23:15:51.743+0800] GC(1123) Concurrent Cleanup for Next Mark 3.878ms
[2024-08-29T23:15:51.743+0800] GC(1123) Concurrent Undo Cycle 3.967ms
[2024-08-29T23:15:51.820+0800] GC(1124) Pause Young (Concurrent Start) (G1 Humongous Allocation)
[2024-08-29T23:15:51.820+0800] GC(1124) Using 8 workers of 8 for evacuation
[2024-08-29T23:15:51.822+0800] GC(1124)   Pre Evacuate Collection Set: 0.4ms
[2024-08-29T23:15:51.822+0800] GC(1124)   Merge Heap Roots: 0.2ms
[2024-08-29T23:15:51.822+0800] GC(1124)   Evacuate Collection Set: 0.7ms
[2024-08-29T23:15:51.822+0800] GC(1124)   Post Evacuate Collection Set: 0.5ms
[2024-08-29T23:15:51.822+0800] GC(1124)   Other: 0.3ms
[2024-08-29T23:15:51.822+0800] GC(1124) Eden regions: 4->0(1135)
[2024-08-29T23:15:51.822+0800] GC(1124) Survivor regions: 0->0(135)
[2024-08-29T23:15:51.822+0800] GC(1124) Old regions: 1->1
[2024-08-29T23:15:51.822+0800] GC(1124) Archive regions: 2->2
[2024-08-29T23:15:51.822+0800] GC(1124) Humongous regions: 917->704
[2024-08-29T23:15:51.822+0800] GC(1124) Metaspace: 1627K(1792K)->1627K(1792K) NonClass: 1507K(1600K)->1507K(1600K) Class: 119K(192K)->119K(192K)
[2024-08-29T23:15:51.822+0800] GC(1124) Pause Young (Concurrent Start) (G1 Humongous Allocation) 922M->705M(2048M) 2.101ms
[2024-08-29T23:15:51.822+0800] GC(1124) User=0.00s Sys=0.01s Real=0.00s
[2024-08-29T23:15:51.822+0800] GC(1125) Concurrent Undo Cycle
[2024-08-29T23:15:51.822+0800] GC(1125) Concurrent Cleanup for Next Mark
[2024-08-29T23:15:51.828+0800] GC(1125) Concurrent Cleanup for Next Mark 6.028ms
[2024-08-29T23:15:51.829+0800] GC(1125) Concurrent Undo Cycle 6.198ms
[2024-08-29T23:15:51.913+0800] GC(1126) Pause Young (Concurrent Start) (G1 Humongous Allocation)
[2024-08-29T23:15:51.913+0800] GC(1126) Using 8 workers of 8 for evacuation
[2024-08-29T23:15:51.914+0800] GC(1126)   Pre Evacuate Collection Set: 0.3ms
[2024-08-29T23:15:51.914+0800] GC(1126)   Merge Heap Roots: 0.1ms
[2024-08-29T23:15:51.914+0800] GC(1126)   Evacuate Collection Set: 0.3ms
[2024-08-29T23:15:51.914+0800] GC(1126)   Post Evacuate Collection Set: 0.4ms
[2024-08-29T23:15:51.914+0800] GC(1126)   Other: 0.2ms
[2024-08-29T23:15:51.914+0800] GC(1126) Eden regions: 4->0(1172)
[2024-08-29T23:15:51.914+0800] GC(1126) Survivor regions: 0->0(142)
[2024-08-29T23:15:51.914+0800] GC(1126) Old regions: 1->1
[2024-08-29T23:15:51.914+0800] GC(1126) Archive regions: 2->2
[2024-08-29T23:15:51.914+0800] GC(1126) Humongous regions: 918->667
[2024-08-29T23:15:51.914+0800] GC(1126) Metaspace: 1627K(1792K)->1627K(1792K) NonClass: 1507K(1600K)->1507K(1600K) Class: 119K(192K)->119K(192K)
[2024-08-29T23:15:51.914+0800] GC(1126) Pause Young (Concurrent Start) (G1 Humongous Allocation) 923M->668M(2048M) 1.415ms
[2024-08-29T23:15:51.914+0800] GC(1126) User=0.00s Sys=0.01s Real=0.00s
[2024-08-29T23:15:51.914+0800] GC(1127) Concurrent Undo Cycle
[2024-08-29T23:15:51.914+0800] GC(1127) Concurrent Cleanup for Next Mark
[2024-08-29T23:15:51.920+0800] GC(1127) Concurrent Cleanup for Next Mark 5.258ms
[2024-08-29T23:15:51.920+0800] GC(1127) Concurrent Undo Cycle 5.370ms
[2024-08-29T23:15:52.013+0800] GC(1128) Pause Young (Concurrent Start) (G1 Humongous Allocation)
[2024-08-29T23:15:52.013+0800] GC(1128) Using 8 workers of 8 for evacuation
[2024-08-29T23:15:52.014+0800] GC(1128)   Pre Evacuate Collection Set: 0.3ms
[2024-08-29T23:15:52.014+0800] GC(1128)   Merge Heap Roots: 0.1ms
[2024-08-29T23:15:52.014+0800] GC(1128)   Evacuate Collection Set: 0.4ms
[2024-08-29T23:15:52.014+0800] GC(1128)   Post Evacuate Collection Set: 0.4ms
[2024-08-29T23:15:52.014+0800] GC(1128)   Other: 0.2ms
[2024-08-29T23:15:52.014+0800] GC(1128) Eden regions: 4->0(1125)
[2024-08-29T23:15:52.014+0800] GC(1128) Survivor regions: 0->0(147)
[2024-08-29T23:15:52.014+0800] GC(1128) Old regions: 1->1
[2024-08-29T23:15:52.014+0800] GC(1128) Archive regions: 2->2
[2024-08-29T23:15:52.014+0800] GC(1128) Humongous regions: 918->714
[2024-08-29T23:15:52.014+0800] GC(1128) Metaspace: 1627K(1792K)->1627K(1792K) NonClass: 1507K(1600K)->1507K(1600K) Class: 119K(192K)->119K(192K)
[2024-08-29T23:15:52.014+0800] GC(1128) Pause Young (Concurrent Start) (G1 Humongous Allocation) 923M->715M(2048M) 1.383ms
[2024-08-29T23:15:52.014+0800] GC(1128) User=0.00s Sys=0.00s Real=0.00s
[2024-08-29T23:15:52.014+0800] GC(1129) Concurrent Undo Cycle
[2024-08-29T23:15:52.014+0800] GC(1129) Concurrent Cleanup for Next Mark
[2024-08-29T23:15:52.020+0800] GC(1129) Concurrent Cleanup for Next Mark 5.569ms
[2024-08-29T23:15:52.020+0800] GC(1129) Concurrent Undo Cycle 5.846ms
[2024-08-29T23:15:52.104+0800] GC(1130) Pause Young (Concurrent Start) (G1 Humongous Allocation)
[2024-08-29T23:15:52.104+0800] GC(1130) Using 8 workers of 8 for evacuation
[2024-08-29T23:15:52.105+0800] GC(1130)   Pre Evacuate Collection Set: 0.2ms
[2024-08-29T23:15:52.105+0800] GC(1130)   Merge Heap Roots: 0.1ms
[2024-08-29T23:15:52.105+0800] GC(1130)   Evacuate Collection Set: 0.4ms
[2024-08-29T23:15:52.105+0800] GC(1130)   Post Evacuate Collection Set: 0.4ms
[2024-08-29T23:15:52.105+0800] GC(1130)   Other: 0.2ms
[2024-08-29T23:15:52.105+0800] GC(1130) Eden regions: 4->0(1176)
[2024-08-29T23:15:52.105+0800] GC(1130) Survivor regions: 0->0(141)
[2024-08-29T23:15:52.105+0800] GC(1130) Old regions: 1->1
[2024-08-29T23:15:52.105+0800] GC(1130) Archive regions: 2->2
[2024-08-29T23:15:52.105+0800] GC(1130) Humongous regions: 916->663
[2024-08-29T23:15:52.105+0800] GC(1130) Metaspace: 1627K(1792K)->1627K(1792K) NonClass: 1507K(1600K)->1507K(1600K) Class: 119K(192K)->119K(192K)
[2024-08-29T23:15:52.105+0800] GC(1130) Pause Young (Concurrent Start) (G1 Humongous Allocation) 921M->664M(2048M) 1.292ms
[2024-08-29T23:15:52.105+0800] GC(1130) User=0.01s Sys=0.00s Real=0.00s
[2024-08-29T23:15:52.105+0800] GC(1131) Concurrent Undo Cycle
[2024-08-29T23:15:52.105+0800] GC(1131) Concurrent Cleanup for Next Mark
[2024-08-29T23:15:52.109+0800] GC(1131) Concurrent Cleanup for Next Mark 3.875ms
[2024-08-29T23:15:52.109+0800] GC(1131) Concurrent Undo Cycle 3.992ms
[2024-08-29T23:15:52.197+0800] GC(1132) Pause Young (Concurrent Start) (G1 Humongous Allocation)
[2024-08-29T23:15:52.197+0800] GC(1132) Using 8 workers of 8 for evacuation
[2024-08-29T23:15:52.198+0800] GC(1132)   Pre Evacuate Collection Set: 0.4ms
[2024-08-29T23:15:52.198+0800] GC(1132)   Merge Heap Roots: 0.2ms
[2024-08-29T23:15:52.198+0800] GC(1132)   Evacuate Collection Set: 0.4ms
[2024-08-29T23:15:52.198+0800] GC(1132)   Post Evacuate Collection Set: 0.4ms
[2024-08-29T23:15:52.198+0800] GC(1132)   Other: 0.3ms
[2024-08-29T23:15:52.198+0800] GC(1132) Eden regions: 4->0(1140)
[2024-08-29T23:15:52.198+0800] GC(1132) Survivor regions: 0->0(147)
[2024-08-29T23:15:52.198+0800] GC(1132) Old regions: 1->1
[2024-08-29T23:15:52.198+0800] GC(1132) Archive regions: 2->2
[2024-08-29T23:15:52.198+0800] GC(1132) Humongous regions: 915->699
[2024-08-29T23:15:52.198+0800] GC(1132) Metaspace: 1627K(1792K)->1627K(1792K) NonClass: 1508K(1600K)->1508K(1600K) Class: 119K(192K)->119K(192K)
[2024-08-29T23:15:52.198+0800] GC(1132) Pause Young (Concurrent Start) (G1 Humongous Allocation) 920M->700M(2048M) 1.676ms
[2024-08-29T23:15:52.199+0800] GC(1132) User=0.00s Sys=0.00s Real=0.00s
[2024-08-29T23:15:52.199+0800] GC(1133) Concurrent Undo Cycle
[2024-08-29T23:15:52.199+0800] GC(1133) Concurrent Cleanup for Next Mark
[2024-08-29T23:15:52.206+0800] GC(1133) Concurrent Cleanup for Next Mark 7.535ms
[2024-08-29T23:15:52.206+0800] GC(1133) Concurrent Undo Cycle 7.646ms
[2024-08-29T23:15:52.296+0800] GC(1134) Pause Young (Concurrent Start) (G1 Humongous Allocation)
[2024-08-29T23:15:52.296+0800] GC(1134) Using 8 workers of 8 for evacuation
[2024-08-29T23:15:52.298+0800] GC(1134)   Pre Evacuate Collection Set: 0.3ms
[2024-08-29T23:15:52.298+0800] GC(1134)   Merge Heap Roots: 0.1ms
[2024-08-29T23:15:52.298+0800] GC(1134)   Evacuate Collection Set: 0.4ms
[2024-08-29T23:15:52.298+0800] GC(1134)   Post Evacuate Collection Set: 0.4ms
[2024-08-29T23:15:52.298+0800] GC(1134)   Other: 0.2ms
[2024-08-29T23:15:52.298+0800] GC(1134) Eden regions: 4->0(1149)
[2024-08-29T23:15:52.298+0800] GC(1134) Survivor regions: 0->0(143)
[2024-08-29T23:15:52.298+0800] GC(1134) Old regions: 1->1
[2024-08-29T23:15:52.298+0800] GC(1134) Archive regions: 2->2
[2024-08-29T23:15:52.298+0800] GC(1134) Humongous regions: 918->690
[2024-08-29T23:15:52.298+0800] GC(1134) Metaspace: 1627K(1792K)->1627K(1792K) NonClass: 1508K(1600K)->1508K(1600K) Class: 119K(192K)->119K(192K)
[2024-08-29T23:15:52.298+0800] GC(1134) Pause Young (Concurrent Start) (G1 Humongous Allocation) 923M->691M(2048M) 1.508ms
[2024-08-29T23:15:52.298+0800] GC(1134) User=0.00s Sys=0.00s Real=0.00s
[2024-08-29T23:15:52.298+0800] GC(1135) Concurrent Undo Cycle
[2024-08-29T23:15:52.298+0800] GC(1135) Concurrent Cleanup for Next Mark
[2024-08-29T23:15:52.303+0800] GC(1135) Concurrent Cleanup for Next Mark 4.918ms
[2024-08-29T23:15:52.303+0800] GC(1135) Concurrent Undo Cycle 5.047ms
[2024-08-29T23:15:52.387+0800] GC(1136) Pause Young (Concurrent Start) (G1 Humongous Allocation)
[2024-08-29T23:15:52.387+0800] GC(1136) Using 8 workers of 8 for evacuation
[2024-08-29T23:15:52.389+0800] GC(1136)   Pre Evacuate Collection Set: 0.4ms
[2024-08-29T23:15:52.389+0800] GC(1136)   Merge Heap Roots: 0.2ms
[2024-08-29T23:15:52.389+0800] GC(1136)   Evacuate Collection Set: 0.6ms
[2024-08-29T23:15:52.389+0800] GC(1136)   Post Evacuate Collection Set: 0.4ms
[2024-08-29T23:15:52.389+0800] GC(1136)   Other: 0.2ms
[2024-08-29T23:15:52.389+0800] GC(1136) Eden regions: 4->0(1105)
[2024-08-29T23:15:52.389+0800] GC(1136) Survivor regions: 0->0(144)
[2024-08-29T23:15:52.389+0800] GC(1136) Old regions: 1->1
[2024-08-29T23:15:52.389+0800] GC(1136) Archive regions: 2->2
[2024-08-29T23:15:52.389+0800] GC(1136) Humongous regions: 918->734
[2024-08-29T23:15:52.389+0800] GC(1136) Metaspace: 1627K(1792K)->1627K(1792K) NonClass: 1508K(1600K)->1508K(1600K) Class: 119K(192K)->119K(192K)
[2024-08-29T23:15:52.389+0800] GC(1136) Pause Young (Concurrent Start) (G1 Humongous Allocation) 923M->735M(2048M) 1.911ms
[2024-08-29T23:15:52.389+0800] GC(1136) User=0.00s Sys=0.00s Real=0.00s
[2024-08-29T23:15:52.389+0800] GC(1137) Concurrent Undo Cycle
[2024-08-29T23:15:52.389+0800] GC(1137) Concurrent Cleanup for Next Mark
[2024-08-29T23:15:52.393+0800] GC(1137) Concurrent Cleanup for Next Mark 4.314ms
[2024-08-29T23:15:52.393+0800] GC(1137) Concurrent Undo Cycle 4.444ms
[2024-08-29T23:15:52.460+0800] GC(1138) Pause Young (Concurrent Start) (G1 Humongous Allocation)
[2024-08-29T23:15:52.460+0800] GC(1138) Using 8 workers of 8 for evacuation
[2024-08-29T23:15:52.461+0800] GC(1138)   Pre Evacuate Collection Set: 0.3ms
[2024-08-29T23:15:52.461+0800] GC(1138)   Merge Heap Roots: 0.1ms
[2024-08-29T23:15:52.461+0800] GC(1138)   Evacuate Collection Set: 0.4ms
[2024-08-29T23:15:52.461+0800] GC(1138)   Post Evacuate Collection Set: 0.4ms
[2024-08-29T23:15:52.461+0800] GC(1138)   Other: 0.2ms
[2024-08-29T23:15:52.461+0800] GC(1138) Eden regions: 4->0(1116)
[2024-08-29T23:15:52.461+0800] GC(1138) Survivor regions: 0->0(139)
[2024-08-29T23:15:52.461+0800] GC(1138) Old regions: 1->1
[2024-08-29T23:15:52.461+0800] GC(1138) Archive regions: 2->2
[2024-08-29T23:15:52.461+0800] GC(1138) Humongous regions: 918->723
[2024-08-29T23:15:52.461+0800] GC(1138) Metaspace: 1627K(1792K)->1627K(1792K) NonClass: 1508K(1600K)->1508K(1600K) Class: 119K(192K)->119K(192K)
[2024-08-29T23:15:52.461+0800] GC(1138) Pause Young (Concurrent Start) (G1 Humongous Allocation) 923M->724M(2048M) 1.467ms
[2024-08-29T23:15:52.461+0800] GC(1138) User=0.00s Sys=0.00s Real=0.00s
[2024-08-29T23:15:52.461+0800] GC(1139) Concurrent Undo Cycle
[2024-08-29T23:15:52.461+0800] GC(1139) Concurrent Cleanup for Next Mark
[2024-08-29T23:15:52.466+0800] GC(1139) Concurrent Cleanup for Next Mark 4.140ms
[2024-08-29T23:15:52.466+0800] GC(1139) Concurrent Undo Cycle 4.295ms
[2024-08-29T23:15:52.523+0800] GC(1140) Pause Young (Concurrent Start) (G1 Humongous Allocation)
[2024-08-29T23:15:52.523+0800] GC(1140) Using 8 workers of 8 for evacuation
[2024-08-29T23:15:52.524+0800] GC(1140)   Pre Evacuate Collection Set: 0.3ms
[2024-08-29T23:15:52.524+0800] GC(1140)   Merge Heap Roots: 0.1ms
[2024-08-29T23:15:52.524+0800] GC(1140)   Evacuate Collection Set: 0.3ms
[2024-08-29T23:15:52.524+0800] GC(1140)   Post Evacuate Collection Set: 0.4ms
[2024-08-29T23:15:52.524+0800] GC(1140)   Other: 0.2ms
[2024-08-29T23:15:52.524+0800] GC(1140) Eden regions: 4->0(1059)
[2024-08-29T23:15:52.524+0800] GC(1140) Survivor regions: 0->0(140)
[2024-08-29T23:15:52.524+0800] GC(1140) Old regions: 1->1
[2024-08-29T23:15:52.524+0800] GC(1140) Archive regions: 2->2
[2024-08-29T23:15:52.524+0800] GC(1140) Humongous regions: 916->780
[2024-08-29T23:15:52.524+0800] GC(1140) Metaspace: 1627K(1792K)->1627K(1792K) NonClass: 1508K(1600K)->1508K(1600K) Class: 119K(192K)->119K(192K)
[2024-08-29T23:15:52.524+0800] GC(1140) Pause Young (Concurrent Start) (G1 Humongous Allocation) 921M->781M(2048M) 1.464ms
[2024-08-29T23:15:52.524+0800] GC(1140) User=0.00s Sys=0.00s Real=0.00s
[2024-08-29T23:15:52.524+0800] GC(1141) Concurrent Undo Cycle
[2024-08-29T23:15:52.524+0800] GC(1141) Concurrent Cleanup for Next Mark
[2024-08-29T23:15:52.530+0800] GC(1141) Concurrent Cleanup for Next Mark 5.450ms
[2024-08-29T23:15:52.530+0800] GC(1141) Concurrent Undo Cycle 5.715ms
[2024-08-29T23:15:52.575+0800] GC(1142) Pause Young (Concurrent Start) (G1 Humongous Allocation)
[2024-08-29T23:15:52.575+0800] GC(1142) Using 8 workers of 8 for evacuation
[2024-08-29T23:15:52.577+0800] GC(1142)   Pre Evacuate Collection Set: 0.3ms
[2024-08-29T23:15:52.577+0800] GC(1142)   Merge Heap Roots: 0.1ms
[2024-08-29T23:15:52.577+0800] GC(1142)   Evacuate Collection Set: 0.6ms
[2024-08-29T23:15:52.577+0800] GC(1142)   Post Evacuate Collection Set: 0.4ms
[2024-08-29T23:15:52.577+0800] GC(1142)   Other: 0.3ms
[2024-08-29T23:15:52.577+0800] GC(1142) Eden regions: 4->0(1026)
[2024-08-29T23:15:52.577+0800] GC(1142) Survivor regions: 0->0(133)
[2024-08-29T23:15:52.577+0800] GC(1142) Old regions: 1->1
[2024-08-29T23:15:52.577+0800] GC(1142) Archive regions: 2->2
[2024-08-29T23:15:52.577+0800] GC(1142) Humongous regions: 918->813
[2024-08-29T23:15:52.577+0800] GC(1142) Metaspace: 1627K(1792K)->1627K(1792K) NonClass: 1508K(1600K)->1508K(1600K) Class: 119K(192K)->119K(192K)
[2024-08-29T23:15:52.577+0800] GC(1142) Pause Young (Concurrent Start) (G1 Humongous Allocation) 923M->814M(2048M) 1.739ms
[2024-08-29T23:15:52.577+0800] GC(1142) User=0.00s Sys=0.00s Real=0.00s
[2024-08-29T23:15:52.577+0800] GC(1143) Concurrent Undo Cycle
[2024-08-29T23:15:52.577+0800] GC(1143) Concurrent Cleanup for Next Mark
[2024-08-29T23:15:52.581+0800] GC(1143) Concurrent Cleanup for Next Mark 4.285ms
[2024-08-29T23:15:52.581+0800] GC(1143) Concurrent Undo Cycle 4.395ms
[2024-08-29T23:15:52.632+0800] GC(1144) Pause Young (Concurrent Start) (G1 Humongous Allocation)
[2024-08-29T23:15:52.632+0800] GC(1144) Using 8 workers of 8 for evacuation
[2024-08-29T23:15:52.633+0800] GC(1144)   Pre Evacuate Collection Set: 0.2ms
[2024-08-29T23:15:52.633+0800] GC(1144)   Merge Heap Roots: 0.1ms
[2024-08-29T23:15:52.633+0800] GC(1144)   Evacuate Collection Set: 0.4ms
[2024-08-29T23:15:52.633+0800] GC(1144)   Post Evacuate Collection Set: 0.4ms
[2024-08-29T23:15:52.633+0800] GC(1144)   Other: 0.2ms
[2024-08-29T23:15:52.633+0800] GC(1144) Eden regions: 4->0(1075)
[2024-08-29T23:15:52.633+0800] GC(1144) Survivor regions: 0->0(129)
[2024-08-29T23:15:52.633+0800] GC(1144) Old regions: 1->1
[2024-08-29T23:15:52.633+0800] GC(1144) Archive regions: 2->2
[2024-08-29T23:15:52.633+0800] GC(1144) Humongous regions: 919->764
[2024-08-29T23:15:52.633+0800] GC(1144) Metaspace: 1627K(1792K)->1627K(1792K) NonClass: 1508K(1600K)->1508K(1600K) Class: 119K(192K)->119K(192K)
[2024-08-29T23:15:52.633+0800] GC(1144) Pause Young (Concurrent Start) (G1 Humongous Allocation) 924M->765M(2048M) 1.426ms
[2024-08-29T23:15:52.633+0800] GC(1144) User=0.00s Sys=0.01s Real=0.01s
[2024-08-29T23:15:52.633+0800] GC(1145) Concurrent Undo Cycle
[2024-08-29T23:15:52.633+0800] GC(1145) Concurrent Cleanup for Next Mark
[2024-08-29T23:15:52.639+0800] GC(1145) Concurrent Cleanup for Next Mark 5.822ms
[2024-08-29T23:15:52.639+0800] GC(1145) Concurrent Undo Cycle 6.039ms
[2024-08-29T23:15:52.712+0800] GC(1146) Pause Young (Concurrent Start) (G1 Humongous Allocation)
[2024-08-29T23:15:52.712+0800] GC(1146) Using 8 workers of 8 for evacuation
[2024-08-29T23:15:52.713+0800] GC(1146)   Pre Evacuate Collection Set: 0.3ms
[2024-08-29T23:15:52.714+0800] GC(1146)   Merge Heap Roots: 0.1ms
[2024-08-29T23:15:52.714+0800] GC(1146)   Evacuate Collection Set: 0.4ms
[2024-08-29T23:15:52.714+0800] GC(1146)   Post Evacuate Collection Set: 0.4ms
[2024-08-29T23:15:52.714+0800] GC(1146)   Other: 0.3ms
[2024-08-29T23:15:52.714+0800] GC(1146) Eden regions: 4->0(1108)
[2024-08-29T23:15:52.714+0800] GC(1146) Survivor regions: 0->0(135)
[2024-08-29T23:15:52.714+0800] GC(1146) Old regions: 1->1
[2024-08-29T23:15:52.714+0800] GC(1146) Archive regions: 2->2
[2024-08-29T23:15:52.714+0800] GC(1146) Humongous regions: 919->731
[2024-08-29T23:15:52.714+0800] GC(1146) Metaspace: 1627K(1792K)->1627K(1792K) NonClass: 1508K(1600K)->1508K(1600K) Class: 119K(192K)->119K(192K)
[2024-08-29T23:15:52.714+0800] GC(1146) Pause Young (Concurrent Start) (G1 Humongous Allocation) 924M->732M(2048M) 1.655ms
[2024-08-29T23:15:52.714+0800] GC(1146) User=0.00s Sys=0.00s Real=0.01s
[2024-08-29T23:15:52.714+0800] GC(1147) Concurrent Undo Cycle
[2024-08-29T23:15:52.714+0800] GC(1147) Concurrent Cleanup for Next Mark
[2024-08-29T23:15:52.721+0800] GC(1147) Concurrent Cleanup for Next Mark 7.271ms
[2024-08-29T23:15:52.721+0800] GC(1147) Concurrent Undo Cycle 7.385ms
[2024-08-29T23:15:52.794+0800] GC(1148) Pause Young (Concurrent Start) (G1 Humongous Allocation)
[2024-08-29T23:15:52.794+0800] GC(1148) Using 8 workers of 8 for evacuation
[2024-08-29T23:15:52.795+0800] GC(1148)   Pre Evacuate Collection Set: 0.4ms
[2024-08-29T23:15:52.795+0800] GC(1148)   Merge Heap Roots: 0.1ms
[2024-08-29T23:15:52.795+0800] GC(1148)   Evacuate Collection Set: 0.5ms
[2024-08-29T23:15:52.795+0800] GC(1148)   Post Evacuate Collection Set: 0.4ms
[2024-08-29T23:15:52.795+0800] GC(1148)   Other: 0.2ms
[2024-08-29T23:15:52.795+0800] GC(1148) Eden regions: 4->0(1129)
[2024-08-29T23:15:52.795+0800] GC(1148) Survivor regions: 0->0(139)
[2024-08-29T23:15:52.795+0800] GC(1148) Old regions: 1->1
[2024-08-29T23:15:52.795+0800] GC(1148) Archive regions: 2->2
[2024-08-29T23:15:52.795+0800] GC(1148) Humongous regions: 917->710
[2024-08-29T23:15:52.795+0800] GC(1148) Metaspace: 1627K(1792K)->1627K(1792K) NonClass: 1508K(1600K)->1508K(1600K) Class: 119K(192K)->119K(192K)
[2024-08-29T23:15:52.795+0800] GC(1148) Pause Young (Concurrent Start) (G1 Humongous Allocation) 922M->711M(2048M) 1.654ms
[2024-08-29T23:15:52.795+0800] GC(1148) User=0.00s Sys=0.00s Real=0.00s
[2024-08-29T23:15:52.795+0800] GC(1149) Concurrent Undo Cycle
[2024-08-29T23:15:52.795+0800] GC(1149) Concurrent Cleanup for Next Mark
[2024-08-29T23:15:52.800+0800] GC(1149) Concurrent Cleanup for Next Mark 4.741ms
[2024-08-29T23:15:52.800+0800] GC(1149) Concurrent Undo Cycle 4.849ms
[2024-08-29T23:15:52.888+0800] GC(1150) Pause Young (Concurrent Start) (G1 Humongous Allocation)
[2024-08-29T23:15:52.888+0800] GC(1150) Using 8 workers of 8 for evacuation
[2024-08-29T23:15:52.889+0800] GC(1150)   Pre Evacuate Collection Set: 0.3ms
[2024-08-29T23:15:52.890+0800] GC(1150)   Merge Heap Roots: 0.1ms
[2024-08-29T23:15:52.890+0800] GC(1150)   Evacuate Collection Set: 0.4ms
[2024-08-29T23:15:52.890+0800] GC(1150)   Post Evacuate Collection Set: 0.5ms
[2024-08-29T23:15:52.890+0800] GC(1150)   Other: 0.2ms
[2024-08-29T23:15:52.890+0800] GC(1150) Eden regions: 4->0(1152)
[2024-08-29T23:15:52.890+0800] GC(1150) Survivor regions: 0->0(142)
[2024-08-29T23:15:52.890+0800] GC(1150) Old regions: 1->1
[2024-08-29T23:15:52.890+0800] GC(1150) Archive regions: 2->2
[2024-08-29T23:15:52.890+0800] GC(1150) Humongous regions: 918->687
[2024-08-29T23:15:52.890+0800] GC(1150) Metaspace: 1627K(1792K)->1627K(1792K) NonClass: 1508K(1600K)->1508K(1600K) Class: 119K(192K)->119K(192K)
[2024-08-29T23:15:52.890+0800] GC(1150) Pause Young (Concurrent Start) (G1 Humongous Allocation) 923M->688M(2048M) 1.522ms
[2024-08-29T23:15:52.890+0800] GC(1150) User=0.00s Sys=0.00s Real=0.00s
[2024-08-29T23:15:52.890+0800] GC(1151) Concurrent Undo Cycle
[2024-08-29T23:15:52.890+0800] GC(1151) Concurrent Cleanup for Next Mark
[2024-08-29T23:15:52.895+0800] GC(1151) Concurrent Cleanup for Next Mark 5.084ms
[2024-08-29T23:15:52.895+0800] GC(1151) Concurrent Undo Cycle 5.193ms
[2024-08-29T23:15:52.979+0800] GC(1152) Pause Young (Concurrent Start) (G1 Humongous Allocation)
[2024-08-29T23:15:52.979+0800] GC(1152) Using 8 workers of 8 for evacuation
[2024-08-29T23:15:52.980+0800] GC(1152)   Pre Evacuate Collection Set: 0.2ms
[2024-08-29T23:15:52.980+0800] GC(1152)   Merge Heap Roots: 0.1ms
[2024-08-29T23:15:52.980+0800] GC(1152)   Evacuate Collection Set: 0.3ms
[2024-08-29T23:15:52.980+0800] GC(1152)   Post Evacuate Collection Set: 0.3ms
[2024-08-29T23:15:52.980+0800] GC(1152)   Other: 0.2ms
[2024-08-29T23:15:52.980+0800] GC(1152) Eden regions: 4->0(1151)
[2024-08-29T23:15:52.980+0800] GC(1152) Survivor regions: 0->0(144)
[2024-08-29T23:15:52.980+0800] GC(1152) Old regions: 1->1
[2024-08-29T23:15:52.980+0800] GC(1152) Archive regions: 2->2
[2024-08-29T23:15:52.980+0800] GC(1152) Humongous regions: 917->688
[2024-08-29T23:15:52.980+0800] GC(1152) Metaspace: 1627K(1792K)->1627K(1792K) NonClass: 1508K(1600K)->1508K(1600K) Class: 119K(192K)->119K(192K)
[2024-08-29T23:15:52.980+0800] GC(1152) Pause Young (Concurrent Start) (G1 Humongous Allocation) 922M->689M(2048M) 1.227ms
[2024-08-29T23:15:52.980+0800] GC(1152) User=0.00s Sys=0.01s Real=0.00s
[2024-08-29T23:15:52.980+0800] GC(1153) Concurrent Undo Cycle
[2024-08-29T23:15:52.980+0800] GC(1153) Concurrent Cleanup for Next Mark
[2024-08-29T23:15:52.985+0800] GC(1153) Concurrent Cleanup for Next Mark 4.994ms
[2024-08-29T23:15:52.985+0800] GC(1153) Concurrent Undo Cycle 5.107ms
[2024-08-29T23:15:53.089+0800] GC(1154) Pause Young (Concurrent Start) (G1 Humongous Allocation)
[2024-08-29T23:15:53.089+0800] GC(1154) Using 8 workers of 8 for evacuation
[2024-08-29T23:15:53.090+0800] GC(1154)   Pre Evacuate Collection Set: 0.3ms
[2024-08-29T23:15:53.090+0800] GC(1154)   Merge Heap Roots: 0.1ms
[2024-08-29T23:15:53.090+0800] GC(1154)   Evacuate Collection Set: 0.4ms
[2024-08-29T23:15:53.090+0800] GC(1154)   Post Evacuate Collection Set: 0.4ms
[2024-08-29T23:15:53.090+0800] GC(1154)   Other: 0.2ms
[2024-08-29T23:15:53.090+0800] GC(1154) Eden regions: 4->0(1193)
[2024-08-29T23:15:53.090+0800] GC(1154) Survivor regions: 0->0(144)
[2024-08-29T23:15:53.090+0800] GC(1154) Old regions: 1->1
[2024-08-29T23:15:53.090+0800] GC(1154) Archive regions: 2->2
[2024-08-29T23:15:53.090+0800] GC(1154) Humongous regions: 919->646
[2024-08-29T23:15:53.090+0800] GC(1154) Metaspace: 1627K(1792K)->1627K(1792K) NonClass: 1508K(1600K)->1508K(1600K) Class: 119K(192K)->119K(192K)
[2024-08-29T23:15:53.090+0800] GC(1154) Pause Young (Concurrent Start) (G1 Humongous Allocation) 924M->647M(2048M) 1.451ms
[2024-08-29T23:15:53.090+0800] GC(1154) User=0.00s Sys=0.00s Real=0.00s
[2024-08-29T23:15:53.090+0800] GC(1155) Concurrent Undo Cycle
[2024-08-29T23:15:53.090+0800] GC(1155) Concurrent Cleanup for Next Mark
[2024-08-29T23:15:53.096+0800] GC(1155) Concurrent Cleanup for Next Mark 5.499ms
[2024-08-29T23:15:53.096+0800] GC(1155) Concurrent Undo Cycle 5.718ms
[2024-08-29T23:15:53.204+0800] GC(1156) Pause Young (Concurrent Start) (G1 Humongous Allocation)
[2024-08-29T23:15:53.204+0800] GC(1156) Using 8 workers of 8 for evacuation
[2024-08-29T23:15:53.205+0800] GC(1156)   Pre Evacuate Collection Set: 0.3ms
[2024-08-29T23:15:53.205+0800] GC(1156)   Merge Heap Roots: 0.1ms
[2024-08-29T23:15:53.205+0800] GC(1156)   Evacuate Collection Set: 0.6ms
[2024-08-29T23:15:53.205+0800] GC(1156)   Post Evacuate Collection Set: 0.4ms
[2024-08-29T23:15:53.205+0800] GC(1156)   Other: 0.2ms
[2024-08-29T23:15:53.205+0800] GC(1156) Eden regions: 4->0(1173)
[2024-08-29T23:15:53.205+0800] GC(1156) Survivor regions: 0->0(150)
[2024-08-29T23:15:53.205+0800] GC(1156) Old regions: 1->1
[2024-08-29T23:15:53.205+0800] GC(1156) Archive regions: 2->2
[2024-08-29T23:15:53.205+0800] GC(1156) Humongous regions: 919->666
[2024-08-29T23:15:53.205+0800] GC(1156) Metaspace: 1627K(1792K)->1627K(1792K) NonClass: 1508K(1600K)->1508K(1600K) Class: 119K(192K)->119K(192K)
[2024-08-29T23:15:53.205+0800] GC(1156) Pause Young (Concurrent Start) (G1 Humongous Allocation) 924M->667M(2048M) 1.687ms
[2024-08-29T23:15:53.205+0800] GC(1156) User=0.01s Sys=0.00s Real=0.00s
[2024-08-29T23:15:53.205+0800] GC(1157) Concurrent Undo Cycle
[2024-08-29T23:15:53.205+0800] GC(1157) Concurrent Cleanup for Next Mark
[2024-08-29T23:15:53.211+0800] GC(1157) Concurrent Cleanup for Next Mark 5.298ms
[2024-08-29T23:15:53.211+0800] GC(1157) Concurrent Undo Cycle 5.458ms
[2024-08-29T23:15:53.323+0800] GC(1158) Pause Young (Concurrent Start) (G1 Humongous Allocation)
[2024-08-29T23:15:53.323+0800] GC(1158) Using 8 workers of 8 for evacuation
[2024-08-29T23:15:53.325+0800] GC(1158)   Pre Evacuate Collection Set: 0.4ms
[2024-08-29T23:15:53.325+0800] GC(1158)   Merge Heap Roots: 0.2ms
[2024-08-29T23:15:53.325+0800] GC(1158)   Evacuate Collection Set: 0.7ms
[2024-08-29T23:15:53.325+0800] GC(1158)   Post Evacuate Collection Set: 0.4ms
[2024-08-29T23:15:53.325+0800] GC(1158)   Other: 0.2ms
[2024-08-29T23:15:53.325+0800] GC(1158) Eden regions: 4->0(1149)
[2024-08-29T23:15:53.325+0800] GC(1158) Survivor regions: 0->0(147)
[2024-08-29T23:15:53.325+0800] GC(1158) Old regions: 1->1
[2024-08-29T23:15:53.325+0800] GC(1158) Archive regions: 2->2
[2024-08-29T23:15:53.325+0800] GC(1158) Humongous regions: 917->690
[2024-08-29T23:15:53.325+0800] GC(1158) Metaspace: 1627K(1792K)->1627K(1792K) NonClass: 1508K(1600K)->1508K(1600K) Class: 119K(192K)->119K(192K)
[2024-08-29T23:15:53.325+0800] GC(1158) Pause Young (Concurrent Start) (G1 Humongous Allocation) 922M->691M(2048M) 1.933ms
[2024-08-29T23:15:53.325+0800] GC(1158) User=0.00s Sys=0.01s Real=0.00s
[2024-08-29T23:15:53.325+0800] GC(1159) Concurrent Undo Cycle
[2024-08-29T23:15:53.325+0800] GC(1159) Concurrent Cleanup for Next Mark
[2024-08-29T23:15:53.330+0800] GC(1159) Concurrent Cleanup for Next Mark 4.953ms
[2024-08-29T23:15:53.330+0800] GC(1159) Concurrent Undo Cycle 5.046ms
[2024-08-29T23:15:53.415+0800] GC(1160) Pause Young (Concurrent Start) (G1 Humongous Allocation)
[2024-08-29T23:15:53.415+0800] GC(1160) Using 8 workers of 8 for evacuation
[2024-08-29T23:15:53.417+0800] GC(1160)   Pre Evacuate Collection Set: 0.4ms
[2024-08-29T23:15:53.417+0800] GC(1160)   Merge Heap Roots: 0.1ms
[2024-08-29T23:15:53.417+0800] GC(1160)   Evacuate Collection Set: 0.4ms
[2024-08-29T23:15:53.417+0800] GC(1160)   Post Evacuate Collection Set: 0.4ms
[2024-08-29T23:15:53.417+0800] GC(1160)   Other: 0.2ms
[2024-08-29T23:15:53.417+0800] GC(1160) Eden regions: 4->0(1139)
[2024-08-29T23:15:53.417+0800] GC(1160) Survivor regions: 0->0(144)
[2024-08-29T23:15:53.417+0800] GC(1160) Old regions: 1->1
[2024-08-29T23:15:53.417+0800] GC(1160) Archive regions: 2->2
[2024-08-29T23:15:53.417+0800] GC(1160) Humongous regions: 923->700
[2024-08-29T23:15:53.417+0800] GC(1160) Metaspace: 1627K(1792K)->1627K(1792K) NonClass: 1508K(1600K)->1508K(1600K) Class: 119K(192K)->119K(192K)
[2024-08-29T23:15:53.417+0800] GC(1160) Pause Young (Concurrent Start) (G1 Humongous Allocation) 928M->701M(2048M) 1.572ms
[2024-08-29T23:15:53.417+0800] GC(1160) User=0.00s Sys=0.01s Real=0.00s
[2024-08-29T23:15:53.417+0800] GC(1161) Concurrent Undo Cycle
[2024-08-29T23:15:53.417+0800] GC(1161) Concurrent Cleanup for Next Mark
[2024-08-29T23:15:53.421+0800] GC(1161) Concurrent Cleanup for Next Mark 4.416ms
[2024-08-29T23:15:53.421+0800] GC(1161) Concurrent Undo Cycle 4.578ms
[2024-08-29T23:15:53.504+0800] GC(1162) Pause Young (Concurrent Start) (G1 Humongous Allocation)
[2024-08-29T23:15:53.504+0800] GC(1162) Using 8 workers of 8 for evacuation
[2024-08-29T23:15:53.506+0800] GC(1162)   Pre Evacuate Collection Set: 0.3ms
[2024-08-29T23:15:53.506+0800] GC(1162)   Merge Heap Roots: 0.1ms
[2024-08-29T23:15:53.506+0800] GC(1162)   Evacuate Collection Set: 0.4ms
[2024-08-29T23:15:53.506+0800] GC(1162)   Post Evacuate Collection Set: 0.4ms
[2024-08-29T23:15:53.506+0800] GC(1162)   Other: 0.2ms
[2024-08-29T23:15:53.506+0800] GC(1162) Eden regions: 4->0(1128)
[2024-08-29T23:15:53.506+0800] GC(1162) Survivor regions: 0->0(143)
[2024-08-29T23:15:53.506+0800] GC(1162) Old regions: 1->1
[2024-08-29T23:15:53.506+0800] GC(1162) Archive regions: 2->2
[2024-08-29T23:15:53.506+0800] GC(1162) Humongous regions: 917->711
[2024-08-29T23:15:53.506+0800] GC(1162) Metaspace: 1627K(1792K)->1627K(1792K) NonClass: 1508K(1600K)->1508K(1600K) Class: 119K(192K)->119K(192K)
[2024-08-29T23:15:53.506+0800] GC(1162) Pause Young (Concurrent Start) (G1 Humongous Allocation) 922M->712M(2048M) 1.488ms
[2024-08-29T23:15:53.506+0800] GC(1162) User=0.00s Sys=0.01s Real=0.00s
[2024-08-29T23:15:53.506+0800] GC(1163) Concurrent Undo Cycle
[2024-08-29T23:15:53.506+0800] GC(1163) Concurrent Cleanup for Next Mark
[2024-08-29T23:15:53.513+0800] GC(1163) Concurrent Cleanup for Next Mark 7.352ms
[2024-08-29T23:15:53.513+0800] GC(1163) Concurrent Undo Cycle 7.455ms
[2024-08-29T23:15:53.583+0800] GC(1164) Pause Young (Concurrent Start) (G1 Humongous Allocation)
[2024-08-29T23:15:53.583+0800] GC(1164) Using 8 workers of 8 for evacuation
[2024-08-29T23:15:53.585+0800] GC(1164)   Pre Evacuate Collection Set: 0.5ms
[2024-08-29T23:15:53.585+0800] GC(1164)   Merge Heap Roots: 0.1ms
[2024-08-29T23:15:53.585+0800] GC(1164)   Evacuate Collection Set: 0.5ms
[2024-08-29T23:15:53.585+0800] GC(1164)   Post Evacuate Collection Set: 0.4ms
[2024-08-29T23:15:53.585+0800] GC(1164)   Other: 0.2ms
[2024-08-29T23:15:53.585+0800] GC(1164) Eden regions: 4->0(1079)
[2024-08-29T23:15:53.585+0800] GC(1164) Survivor regions: 0->0(141)
[2024-08-29T23:15:53.585+0800] GC(1164) Old regions: 1->1
[2024-08-29T23:15:53.585+0800] GC(1164) Archive regions: 2->2
[2024-08-29T23:15:53.585+0800] GC(1164) Humongous regions: 917->760
[2024-08-29T23:15:53.585+0800] GC(1164) Metaspace: 1627K(1792K)->1627K(1792K) NonClass: 1508K(1600K)->1508K(1600K) Class: 119K(192K)->119K(192K)
[2024-08-29T23:15:53.585+0800] GC(1164) Pause Young (Concurrent Start) (G1 Humongous Allocation) 922M->761M(2048M) 1.711ms
[2024-08-29T23:15:53.585+0800] GC(1164) User=0.00s Sys=0.00s Real=0.00s
[2024-08-29T23:15:53.585+0800] GC(1165) Concurrent Undo Cycle
[2024-08-29T23:15:53.585+0800] GC(1165) Concurrent Cleanup for Next Mark
[2024-08-29T23:15:53.590+0800] GC(1165) Concurrent Cleanup for Next Mark 5.283ms
[2024-08-29T23:15:53.590+0800] GC(1165) Concurrent Undo Cycle 5.465ms
[2024-08-29T23:15:53.650+0800] GC(1166) Pause Young (Concurrent Start) (G1 Humongous Allocation)
[2024-08-29T23:15:53.650+0800] GC(1166) Using 8 workers of 8 for evacuation
[2024-08-29T23:15:53.652+0800] GC(1166)   Pre Evacuate Collection Set: 0.3ms
[2024-08-29T23:15:53.652+0800] GC(1166)   Merge Heap Roots: 0.3ms
[2024-08-29T23:15:53.652+0800] GC(1166)   Evacuate Collection Set: 0.5ms
[2024-08-29T23:15:53.652+0800] GC(1166)   Post Evacuate Collection Set: 0.4ms
[2024-08-29T23:15:53.652+0800] GC(1166)   Other: 0.3ms
[2024-08-29T23:15:53.652+0800] GC(1166) Eden regions: 4->0(1078)
[2024-08-29T23:15:53.652+0800] GC(1166) Survivor regions: 0->0(135)
[2024-08-29T23:15:53.652+0800] GC(1166) Old regions: 1->1
[2024-08-29T23:15:53.652+0800] GC(1166) Archive regions: 2->2
[2024-08-29T23:15:53.652+0800] GC(1166) Humongous regions: 914->761
[2024-08-29T23:15:53.652+0800] GC(1166) Metaspace: 1627K(1792K)->1627K(1792K) NonClass: 1508K(1600K)->1508K(1600K) Class: 119K(192K)->119K(192K)
[2024-08-29T23:15:53.652+0800] GC(1166) Pause Young (Concurrent Start) (G1 Humongous Allocation) 919M->762M(2048M) 1.830ms
[2024-08-29T23:15:53.652+0800] GC(1166) User=0.00s Sys=0.00s Real=0.00s
[2024-08-29T23:15:53.652+0800] GC(1167) Concurrent Undo Cycle
[2024-08-29T23:15:53.652+0800] GC(1167) Concurrent Cleanup for Next Mark
[2024-08-29T23:15:53.658+0800] GC(1167) Concurrent Cleanup for Next Mark 5.693ms
[2024-08-29T23:15:53.658+0800] GC(1167) Concurrent Undo Cycle 5.794ms
[2024-08-29T23:15:53.719+0800] GC(1168) Pause Young (Concurrent Start) (G1 Humongous Allocation)
[2024-08-29T23:15:53.719+0800] GC(1168) Using 8 workers of 8 for evacuation
[2024-08-29T23:15:53.721+0800] GC(1168)   Pre Evacuate Collection Set: 0.3ms
[2024-08-29T23:15:53.721+0800] GC(1168)   Merge Heap Roots: 0.1ms
[2024-08-29T23:15:53.721+0800] GC(1168)   Evacuate Collection Set: 0.4ms
[2024-08-29T23:15:53.721+0800] GC(1168)   Post Evacuate Collection Set: 0.4ms
[2024-08-29T23:15:53.721+0800] GC(1168)   Other: 0.2ms
[2024-08-29T23:15:53.721+0800] GC(1168) Eden regions: 4->0(1093)
[2024-08-29T23:15:53.721+0800] GC(1168) Survivor regions: 0->0(135)
[2024-08-29T23:15:53.721+0800] GC(1168) Old regions: 1->1
[2024-08-29T23:15:53.721+0800] GC(1168) Archive regions: 2->2
[2024-08-29T23:15:53.721+0800] GC(1168) Humongous regions: 921->746
[2024-08-29T23:15:53.721+0800] GC(1168) Metaspace: 1627K(1792K)->1627K(1792K) NonClass: 1508K(1600K)->1508K(1600K) Class: 119K(192K)->119K(192K)
[2024-08-29T23:15:53.721+0800] GC(1168) Pause Young (Concurrent Start) (G1 Humongous Allocation) 926M->747M(2048M) 1.514ms
[2024-08-29T23:15:53.721+0800] GC(1168) User=0.00s Sys=0.00s Real=0.00s
[2024-08-29T23:15:53.721+0800] GC(1169) Concurrent Undo Cycle
[2024-08-29T23:15:53.721+0800] GC(1169) Concurrent Cleanup for Next Mark
[2024-08-29T23:15:53.726+0800] GC(1169) Concurrent Cleanup for Next Mark 4.943ms
[2024-08-29T23:15:53.726+0800] GC(1169) Concurrent Undo Cycle 5.086ms
[2024-08-29T23:15:53.793+0800] GC(1170) Pause Young (Concurrent Start) (G1 Humongous Allocation)
[2024-08-29T23:15:53.793+0800] GC(1170) Using 8 workers of 8 for evacuation
[2024-08-29T23:15:53.794+0800] GC(1170)   Pre Evacuate Collection Set: 0.3ms
[2024-08-29T23:15:53.794+0800] GC(1170)   Merge Heap Roots: 0.1ms
[2024-08-29T23:15:53.794+0800] GC(1170)   Evacuate Collection Set: 0.4ms
[2024-08-29T23:15:53.794+0800] GC(1170)   Post Evacuate Collection Set: 0.4ms
[2024-08-29T23:15:53.794+0800] GC(1170)   Other: 0.3ms
[2024-08-29T23:15:53.794+0800] GC(1170) Eden regions: 4->0(1114)
[2024-08-29T23:15:53.794+0800] GC(1170) Survivor regions: 0->0(137)
[2024-08-29T23:15:53.794+0800] GC(1170) Old regions: 1->1
[2024-08-29T23:15:53.794+0800] GC(1170) Archive regions: 2->2
[2024-08-29T23:15:53.794+0800] GC(1170) Humongous regions: 918->725
[2024-08-29T23:15:53.794+0800] GC(1170) Metaspace: 1627K(1792K)->1627K(1792K) NonClass: 1508K(1600K)->1508K(1600K) Class: 119K(192K)->119K(192K)
[2024-08-29T23:15:53.794+0800] GC(1170) Pause Young (Concurrent Start) (G1 Humongous Allocation) 923M->726M(2048M) 1.555ms
[2024-08-29T23:15:53.794+0800] GC(1170) User=0.01s Sys=0.00s Real=0.00s
[2024-08-29T23:15:53.794+0800] GC(1171) Concurrent Undo Cycle
[2024-08-29T23:15:53.794+0800] GC(1171) Concurrent Cleanup for Next Mark
[2024-08-29T23:15:53.801+0800] GC(1171) Concurrent Cleanup for Next Mark 6.174ms
[2024-08-29T23:15:53.801+0800] GC(1171) Concurrent Undo Cycle 6.303ms
[2024-08-29T23:15:53.872+0800] GC(1172) Pause Young (Concurrent Start) (G1 Humongous Allocation)
[2024-08-29T23:15:53.872+0800] GC(1172) Using 8 workers of 8 for evacuation
[2024-08-29T23:15:53.874+0800] GC(1172)   Pre Evacuate Collection Set: 0.5ms
[2024-08-29T23:15:53.874+0800] GC(1172)   Merge Heap Roots: 0.2ms
[2024-08-29T23:15:53.874+0800] GC(1172)   Evacuate Collection Set: 0.4ms
[2024-08-29T23:15:53.874+0800] GC(1172)   Post Evacuate Collection Set: 0.4ms
[2024-08-29T23:15:53.874+0800] GC(1172)   Other: 0.3ms
[2024-08-29T23:15:53.874+0800] GC(1172) Eden regions: 4->0(1091)
[2024-08-29T23:15:53.874+0800] GC(1172) Survivor regions: 0->0(140)
[2024-08-29T23:15:53.874+0800] GC(1172) Old regions: 1->1
[2024-08-29T23:15:53.874+0800] GC(1172) Archive regions: 2->2
[2024-08-29T23:15:53.874+0800] GC(1172) Humongous regions: 918->748
[2024-08-29T23:15:53.874+0800] GC(1172) Metaspace: 1627K(1792K)->1627K(1792K) NonClass: 1508K(1600K)->1508K(1600K) Class: 119K(192K)->119K(192K)
[2024-08-29T23:15:53.874+0800] GC(1172) Pause Young (Concurrent Start) (G1 Humongous Allocation) 923M->749M(2048M) 1.816ms
[2024-08-29T23:15:53.874+0800] GC(1172) User=0.00s Sys=0.00s Real=0.01s
[2024-08-29T23:15:53.874+0800] GC(1173) Concurrent Undo Cycle
[2024-08-29T23:15:53.874+0800] GC(1173) Concurrent Cleanup for Next Mark
[2024-08-29T23:15:53.879+0800] GC(1173) Concurrent Cleanup for Next Mark 5.687ms
[2024-08-29T23:15:53.880+0800] GC(1173) Concurrent Undo Cycle 5.867ms
[2024-08-29T23:15:53.937+0800] GC(1174) Pause Young (Concurrent Start) (G1 Humongous Allocation)
[2024-08-29T23:15:53.937+0800] GC(1174) Using 8 workers of 8 for evacuation
[2024-08-29T23:15:53.939+0800] GC(1174)   Pre Evacuate Collection Set: 0.4ms
[2024-08-29T23:15:53.939+0800] GC(1174)   Merge Heap Roots: 0.1ms
[2024-08-29T23:15:53.939+0800] GC(1174)   Evacuate Collection Set: 0.4ms
[2024-08-29T23:15:53.939+0800] GC(1174)   Post Evacuate Collection Set: 0.4ms
[2024-08-29T23:15:53.939+0800] GC(1174)   Other: 0.2ms
[2024-08-29T23:15:53.939+0800] GC(1174) Eden regions: 4->0(1070)
[2024-08-29T23:15:53.939+0800] GC(1174) Survivor regions: 0->0(137)
[2024-08-29T23:15:53.939+0800] GC(1174) Old regions: 1->1
[2024-08-29T23:15:53.939+0800] GC(1174) Archive regions: 2->2
[2024-08-29T23:15:53.939+0800] GC(1174) Humongous regions: 919->769
[2024-08-29T23:15:53.939+0800] GC(1174) Metaspace: 1627K(1792K)->1627K(1792K) NonClass: 1508K(1600K)->1508K(1600K) Class: 119K(192K)->119K(192K)
[2024-08-29T23:15:53.939+0800] GC(1174) Pause Young (Concurrent Start) (G1 Humongous Allocation) 924M->770M(2048M) 1.571ms
[2024-08-29T23:15:53.939+0800] GC(1174) User=0.00s Sys=0.00s Real=0.00s
[2024-08-29T23:15:53.939+0800] GC(1175) Concurrent Undo Cycle
[2024-08-29T23:15:53.939+0800] GC(1175) Concurrent Cleanup for Next Mark
[2024-08-29T23:15:53.943+0800] GC(1175) Concurrent Cleanup for Next Mark 4.278ms
[2024-08-29T23:15:53.943+0800] GC(1175) Concurrent Undo Cycle 4.387ms
[2024-08-29T23:15:54.000+0800] GC(1176) Pause Young (Concurrent Start) (G1 Humongous Allocation)
[2024-08-29T23:15:54.000+0800] GC(1176) Using 8 workers of 8 for evacuation
[2024-08-29T23:15:54.001+0800] GC(1176)   Pre Evacuate Collection Set: 0.3ms
[2024-08-29T23:15:54.001+0800] GC(1176)   Merge Heap Roots: 0.1ms
[2024-08-29T23:15:54.001+0800] GC(1176)   Evacuate Collection Set: 0.4ms
[2024-08-29T23:15:54.001+0800] GC(1176)   Post Evacuate Collection Set: 0.4ms
[2024-08-29T23:15:54.001+0800] GC(1176)   Other: 0.2ms
[2024-08-29T23:15:54.001+0800] GC(1176) Eden regions: 4->0(1027)
[2024-08-29T23:15:54.001+0800] GC(1176) Survivor regions: 0->0(134)
[2024-08-29T23:15:54.001+0800] GC(1176) Old regions: 1->1
[2024-08-29T23:15:54.001+0800] GC(1176) Archive regions: 2->2
[2024-08-29T23:15:54.001+0800] GC(1176) Humongous regions: 919->812
[2024-08-29T23:15:54.001+0800] GC(1176) Metaspace: 1627K(1792K)->1627K(1792K) NonClass: 1508K(1600K)->1508K(1600K) Class: 119K(192K)->119K(192K)
[2024-08-29T23:15:54.001+0800] GC(1176) Pause Young (Concurrent Start) (G1 Humongous Allocation) 924M->813M(2048M) 1.437ms
[2024-08-29T23:15:54.001+0800] GC(1176) User=0.00s Sys=0.00s Real=0.00s
[2024-08-29T23:15:54.001+0800] GC(1177) Concurrent Undo Cycle
[2024-08-29T23:15:54.001+0800] GC(1177) Concurrent Cleanup for Next Mark
[2024-08-29T23:15:54.007+0800] GC(1177) Concurrent Cleanup for Next Mark 5.875ms
[2024-08-29T23:15:54.007+0800] GC(1177) Concurrent Undo Cycle 6.030ms
[2024-08-29T23:15:54.042+0800] GC(1178) Pause Young (Concurrent Start) (G1 Humongous Allocation)
[2024-08-29T23:15:54.042+0800] GC(1178) Using 8 workers of 8 for evacuation
[2024-08-29T23:15:54.043+0800] GC(1178)   Pre Evacuate Collection Set: 0.4ms
[2024-08-29T23:15:54.043+0800] GC(1178)   Merge Heap Roots: 0.1ms
[2024-08-29T23:15:54.043+0800] GC(1178)   Evacuate Collection Set: 0.4ms
[2024-08-29T23:15:54.043+0800] GC(1178)   Post Evacuate Collection Set: 0.4ms
[2024-08-29T23:15:54.043+0800] GC(1178)   Other: 0.2ms
[2024-08-29T23:15:54.043+0800] GC(1178) Eden regions: 4->0(1030)
[2024-08-29T23:15:54.043+0800] GC(1178) Survivor regions: 0->1(129)
[2024-08-29T23:15:54.043+0800] GC(1178) Old regions: 1->1
[2024-08-29T23:15:54.043+0800] GC(1178) Archive regions: 2->2
[2024-08-29T23:15:54.043+0800] GC(1178) Humongous regions: 919->808
[2024-08-29T23:15:54.043+0800] GC(1178) Metaspace: 1627K(1792K)->1627K(1792K) NonClass: 1508K(1600K)->1508K(1600K) Class: 119K(192K)->119K(192K)
[2024-08-29T23:15:54.043+0800] GC(1178) Pause Young (Concurrent Start) (G1 Humongous Allocation) 924M->809M(2048M) 1.574ms
[2024-08-29T23:15:54.043+0800] GC(1178) User=0.00s Sys=0.00s Real=0.01s
[2024-08-29T23:15:54.043+0800] GC(1179) Concurrent Undo Cycle
[2024-08-29T23:15:54.043+0800] GC(1179) Concurrent Cleanup for Next Mark
[2024-08-29T23:15:54.048+0800] GC(1179) Concurrent Cleanup for Next Mark 4.469ms
[2024-08-29T23:15:54.048+0800] GC(1179) Concurrent Undo Cycle 4.564ms
[2024-08-29T23:15:54.087+0800] GC(1180) Pause Young (Concurrent Start) (G1 Humongous Allocation)
[2024-08-29T23:15:54.087+0800] GC(1180) Using 8 workers of 8 for evacuation
[2024-08-29T23:15:54.088+0800] GC(1180)   Pre Evacuate Collection Set: 0.4ms
[2024-08-29T23:15:54.088+0800] GC(1180)   Merge Heap Roots: 0.1ms
[2024-08-29T23:15:54.088+0800] GC(1180)   Evacuate Collection Set: 0.4ms
[2024-08-29T23:15:54.088+0800] GC(1180)   Post Evacuate Collection Set: 0.4ms
[2024-08-29T23:15:54.088+0800] GC(1180)   Other: 0.2ms
[2024-08-29T23:15:54.088+0800] GC(1180) Eden regions: 4->0(1025)
[2024-08-29T23:15:54.088+0800] GC(1180) Survivor regions: 1->0(129)
[2024-08-29T23:15:54.088+0800] GC(1180) Old regions: 1->1
[2024-08-29T23:15:54.088+0800] GC(1180) Archive regions: 2->2
[2024-08-29T23:15:54.088+0800] GC(1180) Humongous regions: 915->814
[2024-08-29T23:15:54.088+0800] GC(1180) Metaspace: 1627K(1792K)->1627K(1792K) NonClass: 1508K(1600K)->1508K(1600K) Class: 119K(192K)->119K(192K)
[2024-08-29T23:15:54.088+0800] GC(1180) Pause Young (Concurrent Start) (G1 Humongous Allocation) 920M->815M(2048M) 1.552ms
[2024-08-29T23:15:54.088+0800] GC(1180) User=0.01s Sys=0.01s Real=0.00s
[2024-08-29T23:15:54.088+0800] GC(1181) Concurrent Undo Cycle
[2024-08-29T23:15:54.088+0800] GC(1181) Concurrent Cleanup for Next Mark
[2024-08-29T23:15:54.093+0800] GC(1181) Concurrent Cleanup for Next Mark 4.456ms
[2024-08-29T23:15:54.093+0800] GC(1181) Concurrent Undo Cycle 4.540ms
[2024-08-29T23:15:54.127+0800] GC(1182) Pause Young (Concurrent Start) (G1 Humongous Allocation)
[2024-08-29T23:15:54.127+0800] GC(1182) Using 8 workers of 8 for evacuation
[2024-08-29T23:15:54.128+0800] GC(1182)   Pre Evacuate Collection Set: 0.3ms
[2024-08-29T23:15:54.128+0800] GC(1182)   Merge Heap Roots: 0.1ms
[2024-08-29T23:15:54.128+0800] GC(1182)   Evacuate Collection Set: 0.4ms
[2024-08-29T23:15:54.128+0800] GC(1182)   Post Evacuate Collection Set: 0.4ms
[2024-08-29T23:15:54.128+0800] GC(1182)   Other: 0.2ms
[2024-08-29T23:15:54.128+0800] GC(1182) Eden regions: 4->0(1061)
[2024-08-29T23:15:54.128+0800] GC(1182) Survivor regions: 0->0(129)
[2024-08-29T23:15:54.128+0800] GC(1182) Old regions: 1->1
[2024-08-29T23:15:54.128+0800] GC(1182) Archive regions: 2->2
[2024-08-29T23:15:54.128+0800] GC(1182) Humongous regions: 916->778
[2024-08-29T23:15:54.128+0800] GC(1182) Metaspace: 1627K(1792K)->1627K(1792K) NonClass: 1508K(1600K)->1508K(1600K) Class: 119K(192K)->119K(192K)
[2024-08-29T23:15:54.128+0800] GC(1182) Pause Young (Concurrent Start) (G1 Humongous Allocation) 921M->779M(2048M) 1.454ms
[2024-08-29T23:15:54.128+0800] GC(1182) User=0.00s Sys=0.00s Real=0.00s
[2024-08-29T23:15:54.128+0800] GC(1183) Concurrent Undo Cycle
[2024-08-29T23:15:54.128+0800] GC(1183) Concurrent Cleanup for Next Mark
[2024-08-29T23:15:54.132+0800] GC(1183) Concurrent Cleanup for Next Mark 3.740ms
[2024-08-29T23:15:54.132+0800] GC(1183) Concurrent Undo Cycle 3.801ms
[2024-08-29T23:15:54.190+0800] GC(1184) Pause Young (Concurrent Start) (G1 Humongous Allocation)
[2024-08-29T23:15:54.190+0800] GC(1184) Using 8 workers of 8 for evacuation
[2024-08-29T23:15:54.191+0800] GC(1184)   Pre Evacuate Collection Set: 0.3ms
[2024-08-29T23:15:54.191+0800] GC(1184)   Merge Heap Roots: 0.2ms
[2024-08-29T23:15:54.191+0800] GC(1184)   Evacuate Collection Set: 0.3ms
[2024-08-29T23:15:54.191+0800] GC(1184)   Post Evacuate Collection Set: 0.4ms
[2024-08-29T23:15:54.191+0800] GC(1184)   Other: 0.2ms
[2024-08-29T23:15:54.191+0800] GC(1184) Eden regions: 4->0(1070)
[2024-08-29T23:15:54.191+0800] GC(1184) Survivor regions: 0->0(133)
[2024-08-29T23:15:54.191+0800] GC(1184) Old regions: 1->1
[2024-08-29T23:15:54.191+0800] GC(1184) Archive regions: 2->2
[2024-08-29T23:15:54.191+0800] GC(1184) Humongous regions: 918->769
[2024-08-29T23:15:54.191+0800] GC(1184) Metaspace: 1627K(1792K)->1627K(1792K) NonClass: 1508K(1600K)->1508K(1600K) Class: 119K(192K)->119K(192K)
[2024-08-29T23:15:54.191+0800] GC(1184) Pause Young (Concurrent Start) (G1 Humongous Allocation) 923M->770M(2048M) 1.459ms
[2024-08-29T23:15:54.192+0800] GC(1184) User=0.00s Sys=0.00s Real=0.00s
[2024-08-29T23:15:54.192+0800] GC(1185) Concurrent Undo Cycle
[2024-08-29T23:15:54.192+0800] GC(1185) Concurrent Cleanup for Next Mark
[2024-08-29T23:15:54.196+0800] GC(1185) Concurrent Cleanup for Next Mark 4.857ms
[2024-08-29T23:15:54.196+0800] GC(1185) Concurrent Undo Cycle 4.927ms
[2024-08-29T23:15:54.255+0800] GC(1186) Pause Young (Concurrent Start) (G1 Humongous Allocation)
[2024-08-29T23:15:54.255+0800] GC(1186) Using 8 workers of 8 for evacuation
[2024-08-29T23:15:54.256+0800] GC(1186)   Pre Evacuate Collection Set: 0.3ms
[2024-08-29T23:15:54.256+0800] GC(1186)   Merge Heap Roots: 0.1ms
[2024-08-29T23:15:54.256+0800] GC(1186)   Evacuate Collection Set: 0.4ms
[2024-08-29T23:15:54.256+0800] GC(1186)   Post Evacuate Collection Set: 0.4ms
[2024-08-29T23:15:54.256+0800] GC(1186)   Other: 0.2ms
[2024-08-29T23:15:54.256+0800] GC(1186) Eden regions: 4->0(1111)
[2024-08-29T23:15:54.256+0800] GC(1186) Survivor regions: 0->0(134)
[2024-08-29T23:15:54.256+0800] GC(1186) Old regions: 1->1
[2024-08-29T23:15:54.256+0800] GC(1186) Archive regions: 2->2
[2024-08-29T23:15:54.256+0800] GC(1186) Humongous regions: 917->728
[2024-08-29T23:15:54.256+0800] GC(1186) Metaspace: 1627K(1792K)->1627K(1792K) NonClass: 1508K(1600K)->1508K(1600K) Class: 119K(192K)->119K(192K)
[2024-08-29T23:15:54.256+0800] GC(1186) Pause Young (Concurrent Start) (G1 Humongous Allocation) 922M->729M(2048M) 1.430ms
[2024-08-29T23:15:54.256+0800] GC(1186) User=0.00s Sys=0.00s Real=0.00s
[2024-08-29T23:15:54.256+0800] GC(1187) Concurrent Undo Cycle
[2024-08-29T23:15:54.256+0800] GC(1187) Concurrent Cleanup for Next Mark
[2024-08-29T23:15:54.262+0800] GC(1187) Concurrent Cleanup for Next Mark 5.494ms
[2024-08-29T23:15:54.262+0800] GC(1187) Concurrent Undo Cycle 5.577ms
[2024-08-29T23:15:54.327+0800] GC(1188) Pause Young (Concurrent Start) (G1 Humongous Allocation)
[2024-08-29T23:15:54.327+0800] GC(1188) Using 8 workers of 8 for evacuation
[2024-08-29T23:15:54.328+0800] GC(1188)   Pre Evacuate Collection Set: 0.3ms
[2024-08-29T23:15:54.328+0800] GC(1188)   Merge Heap Roots: 0.1ms
[2024-08-29T23:15:54.328+0800] GC(1188)   Evacuate Collection Set: 0.4ms
[2024-08-29T23:15:54.328+0800] GC(1188)   Post Evacuate Collection Set: 0.4ms
[2024-08-29T23:15:54.328+0800] GC(1188)   Other: 0.2ms
[2024-08-29T23:15:54.328+0800] GC(1188) Eden regions: 4->0(1085)
[2024-08-29T23:15:54.328+0800] GC(1188) Survivor regions: 0->1(139)
[2024-08-29T23:15:54.328+0800] GC(1188) Old regions: 1->1
[2024-08-29T23:15:54.328+0800] GC(1188) Archive regions: 2->2
[2024-08-29T23:15:54.328+0800] GC(1188) Humongous regions: 916->753
[2024-08-29T23:15:54.328+0800] GC(1188) Metaspace: 1627K(1792K)->1627K(1792K) NonClass: 1508K(1600K)->1508K(1600K) Class: 119K(192K)->119K(192K)
[2024-08-29T23:15:54.328+0800] GC(1188) Pause Young (Concurrent Start) (G1 Humongous Allocation) 921M->754M(2048M) 1.511ms
[2024-08-29T23:15:54.328+0800] GC(1188) User=0.00s Sys=0.00s Real=0.00s
[2024-08-29T23:15:54.328+0800] GC(1189) Concurrent Undo Cycle
[2024-08-29T23:15:54.328+0800] GC(1189) Concurrent Cleanup for Next Mark
[2024-08-29T23:15:54.333+0800] GC(1189) Concurrent Cleanup for Next Mark 4.417ms
[2024-08-29T23:15:54.333+0800] GC(1189) Concurrent Undo Cycle 4.511ms
[2024-08-29T23:15:54.394+0800] GC(1190) Pause Young (Concurrent Start) (G1 Humongous Allocation)
[2024-08-29T23:15:54.394+0800] GC(1190) Using 8 workers of 8 for evacuation
[2024-08-29T23:15:54.395+0800] GC(1190)   Pre Evacuate Collection Set: 0.3ms
[2024-08-29T23:15:54.395+0800] GC(1190)   Merge Heap Roots: 0.1ms
[2024-08-29T23:15:54.395+0800] GC(1190)   Evacuate Collection Set: 0.3ms
[2024-08-29T23:15:54.395+0800] GC(1190)   Post Evacuate Collection Set: 0.4ms
[2024-08-29T23:15:54.395+0800] GC(1190)   Other: 0.2ms
[2024-08-29T23:15:54.395+0800] GC(1190) Eden regions: 4->0(1106)
[2024-08-29T23:15:54.395+0800] GC(1190) Survivor regions: 1->0(136)
[2024-08-29T23:15:54.395+0800] GC(1190) Old regions: 1->1
[2024-08-29T23:15:54.395+0800] GC(1190) Archive regions: 2->2
[2024-08-29T23:15:54.395+0800] GC(1190) Humongous regions: 917->733
[2024-08-29T23:15:54.395+0800] GC(1190) Metaspace: 1627K(1792K)->1627K(1792K) NonClass: 1508K(1600K)->1508K(1600K) Class: 119K(192K)->119K(192K)
[2024-08-29T23:15:54.395+0800] GC(1190) Pause Young (Concurrent Start) (G1 Humongous Allocation) 922M->734M(2048M) 1.515ms
[2024-08-29T23:15:54.395+0800] GC(1190) User=0.00s Sys=0.00s Real=0.00s
[2024-08-29T23:15:54.395+0800] GC(1191) Concurrent Undo Cycle
[2024-08-29T23:15:54.395+0800] GC(1191) Concurrent Cleanup for Next Mark
[2024-08-29T23:15:54.399+0800] GC(1191) Concurrent Cleanup for Next Mark 3.893ms
[2024-08-29T23:15:54.399+0800] GC(1191) Concurrent Undo Cycle 3.962ms
[2024-08-29T23:15:54.469+0800] GC(1192) Pause Young (Concurrent Start) (G1 Humongous Allocation)
[2024-08-29T23:15:54.469+0800] GC(1192) Using 8 workers of 8 for evacuation
[2024-08-29T23:15:54.471+0800] GC(1192)   Pre Evacuate Collection Set: 0.3ms
[2024-08-29T23:15:54.471+0800] GC(1192)   Merge Heap Roots: 0.1ms
[2024-08-29T23:15:54.471+0800] GC(1192)   Evacuate Collection Set: 0.5ms
[2024-08-29T23:15:54.471+0800] GC(1192)   Post Evacuate Collection Set: 0.4ms
[2024-08-29T23:15:54.471+0800] GC(1192)   Other: 0.2ms
[2024-08-29T23:15:54.471+0800] GC(1192) Eden regions: 4->0(1096)
[2024-08-29T23:15:54.471+0800] GC(1192) Survivor regions: 0->0(139)
[2024-08-29T23:15:54.471+0800] GC(1192) Old regions: 1->1
[2024-08-29T23:15:54.471+0800] GC(1192) Archive regions: 2->2
[2024-08-29T23:15:54.471+0800] GC(1192) Humongous regions: 919->743
[2024-08-29T23:15:54.471+0800] GC(1192) Metaspace: 1627K(1792K)->1627K(1792K) NonClass: 1508K(1600K)->1508K(1600K) Class: 119K(192K)->119K(192K)
[2024-08-29T23:15:54.471+0800] GC(1192) Pause Young (Concurrent Start) (G1 Humongous Allocation) 924M->744M(2048M) 1.566ms
[2024-08-29T23:15:54.471+0800] GC(1192) User=0.00s Sys=0.01s Real=0.00s
[2024-08-29T23:15:54.471+0800] GC(1193) Concurrent Undo Cycle
[2024-08-29T23:15:54.471+0800] GC(1193) Concurrent Cleanup for Next Mark
[2024-08-29T23:15:54.475+0800] GC(1193) Concurrent Cleanup for Next Mark 4.341ms
[2024-08-29T23:15:54.475+0800] GC(1193) Concurrent Undo Cycle 4.442ms
[2024-08-29T23:15:54.556+0800] GC(1194) Pause Young (Concurrent Start) (G1 Humongous Allocation)
[2024-08-29T23:15:54.556+0800] GC(1194) Using 8 workers of 8 for evacuation
[2024-08-29T23:15:54.557+0800] GC(1194)   Pre Evacuate Collection Set: 0.4ms
[2024-08-29T23:15:54.557+0800] GC(1194)   Merge Heap Roots: 0.1ms
[2024-08-29T23:15:54.557+0800] GC(1194)   Evacuate Collection Set: 0.3ms
[2024-08-29T23:15:54.557+0800] GC(1194)   Post Evacuate Collection Set: 0.4ms
[2024-08-29T23:15:54.557+0800] GC(1194)   Other: 0.2ms
[2024-08-29T23:15:54.557+0800] GC(1194) Eden regions: 4->0(1152)
[2024-08-29T23:15:54.557+0800] GC(1194) Survivor regions: 0->0(137)
[2024-08-29T23:15:54.557+0800] GC(1194) Old regions: 1->1
[2024-08-29T23:15:54.557+0800] GC(1194) Archive regions: 2->2
[2024-08-29T23:15:54.557+0800] GC(1194) Humongous regions: 917->687
[2024-08-29T23:15:54.557+0800] GC(1194) Metaspace: 1627K(1792K)->1627K(1792K) NonClass: 1508K(1600K)->1508K(1600K) Class: 119K(192K)->119K(192K)
[2024-08-29T23:15:54.557+0800] GC(1194) Pause Young (Concurrent Start) (G1 Humongous Allocation) 922M->688M(2048M) 1.461ms
[2024-08-29T23:15:54.557+0800] GC(1194) User=0.00s Sys=0.00s Real=0.00s
[2024-08-29T23:15:54.557+0800] GC(1195) Concurrent Undo Cycle
[2024-08-29T23:15:54.558+0800] GC(1195) Concurrent Cleanup for Next Mark
[2024-08-29T23:15:54.562+0800] GC(1195) Concurrent Cleanup for Next Mark 4.443ms
[2024-08-29T23:15:54.562+0800] GC(1195) Concurrent Undo Cycle 4.521ms
[2024-08-29T23:15:54.650+0800] GC(1196) Pause Young (Concurrent Start) (G1 Humongous Allocation)
[2024-08-29T23:15:54.650+0800] GC(1196) Using 8 workers of 8 for evacuation
[2024-08-29T23:15:54.652+0800] GC(1196)   Pre Evacuate Collection Set: 0.3ms
[2024-08-29T23:15:54.652+0800] GC(1196)   Merge Heap Roots: 0.2ms
[2024-08-29T23:15:54.652+0800] GC(1196)   Evacuate Collection Set: 0.4ms
[2024-08-29T23:15:54.652+0800] GC(1196)   Post Evacuate Collection Set: 0.5ms
[2024-08-29T23:15:54.652+0800] GC(1196)   Other: 0.2ms
[2024-08-29T23:15:54.652+0800] GC(1196) Eden regions: 4->0(1156)
[2024-08-29T23:15:54.652+0800] GC(1196) Survivor regions: 0->0(144)
[2024-08-29T23:15:54.652+0800] GC(1196) Old regions: 1->1
[2024-08-29T23:15:54.652+0800] GC(1196) Archive regions: 2->2
[2024-08-29T23:15:54.652+0800] GC(1196) Humongous regions: 919->683
[2024-08-29T23:15:54.652+0800] GC(1196) Metaspace: 1627K(1792K)->1627K(1792K) NonClass: 1508K(1600K)->1508K(1600K) Class: 119K(192K)->119K(192K)
[2024-08-29T23:15:54.652+0800] GC(1196) Pause Young (Concurrent Start) (G1 Humongous Allocation) 924M->684M(2048M) 1.627ms
[2024-08-29T23:15:54.652+0800] GC(1196) User=0.01s Sys=0.00s Real=0.00s
[2024-08-29T23:15:54.652+0800] GC(1197) Concurrent Undo Cycle
[2024-08-29T23:15:54.652+0800] GC(1197) Concurrent Cleanup for Next Mark
[2024-08-29T23:15:54.656+0800] GC(1197) Concurrent Cleanup for Next Mark 4.296ms
[2024-08-29T23:15:54.656+0800] GC(1197) Concurrent Undo Cycle 4.396ms
[2024-08-29T23:15:54.733+0800] GC(1198) Pause Young (Concurrent Start) (G1 Humongous Allocation)
[2024-08-29T23:15:54.733+0800] GC(1198) Using 8 workers of 8 for evacuation
[2024-08-29T23:15:54.734+0800] GC(1198)   Pre Evacuate Collection Set: 0.3ms
[2024-08-29T23:15:54.734+0800] GC(1198)   Merge Heap Roots: 0.1ms
[2024-08-29T23:15:54.734+0800] GC(1198)   Evacuate Collection Set: 0.4ms
[2024-08-29T23:15:54.734+0800] GC(1198)   Post Evacuate Collection Set: 0.4ms
[2024-08-29T23:15:54.734+0800] GC(1198)   Other: 0.2ms
[2024-08-29T23:15:54.734+0800] GC(1198) Eden regions: 4->0(1091)
[2024-08-29T23:15:54.734+0800] GC(1198) Survivor regions: 0->0(145)
[2024-08-29T23:15:54.734+0800] GC(1198) Old regions: 1->1
[2024-08-29T23:15:54.734+0800] GC(1198) Archive regions: 2->2
[2024-08-29T23:15:54.734+0800] GC(1198) Humongous regions: 918->748
[2024-08-29T23:15:54.734+0800] GC(1198) Metaspace: 1627K(1792K)->1627K(1792K) NonClass: 1508K(1600K)->1508K(1600K) Class: 119K(192K)->119K(192K)
[2024-08-29T23:15:54.734+0800] GC(1198) Pause Young (Concurrent Start) (G1 Humongous Allocation) 923M->749M(2048M) 1.542ms
[2024-08-29T23:15:54.735+0800] GC(1198) User=0.00s Sys=0.01s Real=0.00s
[2024-08-29T23:15:54.735+0800] GC(1199) Concurrent Undo Cycle
[2024-08-29T23:15:54.735+0800] GC(1199) Concurrent Cleanup for Next Mark
[2024-08-29T23:15:54.739+0800] GC(1199) Concurrent Cleanup for Next Mark 4.403ms
[2024-08-29T23:15:54.739+0800] GC(1199) Concurrent Undo Cycle 4.463ms
[2024-08-29T23:15:54.804+0800] GC(1200) Pause Young (Concurrent Start) (G1 Humongous Allocation)
[2024-08-29T23:15:54.804+0800] GC(1200) Using 8 workers of 8 for evacuation
[2024-08-29T23:15:54.805+0800] GC(1200)   Pre Evacuate Collection Set: 0.3ms
[2024-08-29T23:15:54.805+0800] GC(1200)   Merge Heap Roots: 0.1ms
[2024-08-29T23:15:54.805+0800] GC(1200)   Evacuate Collection Set: 0.3ms
[2024-08-29T23:15:54.805+0800] GC(1200)   Post Evacuate Collection Set: 0.4ms
[2024-08-29T23:15:54.805+0800] GC(1200)   Other: 0.2ms
[2024-08-29T23:15:54.805+0800] GC(1200) Eden regions: 4->0(1104)
[2024-08-29T23:15:54.805+0800] GC(1200) Survivor regions: 0->0(137)
[2024-08-29T23:15:54.805+0800] GC(1200) Old regions: 1->1
[2024-08-29T23:15:54.805+0800] GC(1200) Archive regions: 2->2
[2024-08-29T23:15:54.805+0800] GC(1200) Humongous regions: 918->735
[2024-08-29T23:15:54.805+0800] GC(1200) Metaspace: 1627K(1792K)->1627K(1792K) NonClass: 1508K(1600K)->1508K(1600K) Class: 119K(192K)->119K(192K)
[2024-08-29T23:15:54.805+0800] GC(1200) Pause Young (Concurrent Start) (G1 Humongous Allocation) 923M->736M(2048M) 1.346ms
[2024-08-29T23:15:54.805+0800] GC(1200) User=0.00s Sys=0.00s Real=0.00s
[2024-08-29T23:15:54.805+0800] GC(1201) Concurrent Undo Cycle
[2024-08-29T23:15:54.805+0800] GC(1201) Concurrent Cleanup for Next Mark
[2024-08-29T23:15:54.810+0800] GC(1201) Concurrent Cleanup for Next Mark 4.912ms
[2024-08-29T23:15:54.810+0800] GC(1201) Concurrent Undo Cycle 4.988ms
[2024-08-29T23:15:54.899+0800] GC(1202) Pause Young (Concurrent Start) (G1 Humongous Allocation)
[2024-08-29T23:15:54.899+0800] GC(1202) Using 8 workers of 8 for evacuation
[2024-08-29T23:15:54.900+0800] GC(1202)   Pre Evacuate Collection Set: 0.3ms
[2024-08-29T23:15:54.900+0800] GC(1202)   Merge Heap Roots: 0.1ms
[2024-08-29T23:15:54.900+0800] GC(1202)   Evacuate Collection Set: 0.3ms
[2024-08-29T23:15:54.900+0800] GC(1202)   Post Evacuate Collection Set: 0.4ms
[2024-08-29T23:15:54.900+0800] GC(1202)   Other: 0.2ms
[2024-08-29T23:15:54.900+0800] GC(1202) Eden regions: 4->0(1166)
[2024-08-29T23:15:54.900+0800] GC(1202) Survivor regions: 0->1(138)
[2024-08-29T23:15:54.900+0800] GC(1202) Old regions: 1->1
[2024-08-29T23:15:54.900+0800] GC(1202) Archive regions: 2->2
[2024-08-29T23:15:54.900+0800] GC(1202) Humongous regions: 920->672
[2024-08-29T23:15:54.900+0800] GC(1202) Metaspace: 1627K(1792K)->1627K(1792K) NonClass: 1508K(1600K)->1508K(1600K) Class: 119K(192K)->119K(192K)
[2024-08-29T23:15:54.900+0800] GC(1202) Pause Young (Concurrent Start) (G1 Humongous Allocation) 925M->673M(2048M) 1.412ms
[2024-08-29T23:15:54.900+0800] GC(1202) User=0.00s Sys=0.00s Real=0.00s
[2024-08-29T23:15:54.900+0800] GC(1203) Concurrent Undo Cycle
[2024-08-29T23:15:54.900+0800] GC(1203) Concurrent Cleanup for Next Mark
[2024-08-29T23:15:54.904+0800] GC(1203) Concurrent Cleanup for Next Mark 3.979ms
[2024-08-29T23:15:54.905+0800] GC(1203) Concurrent Undo Cycle 4.122ms
[2024-08-29T23:15:55.022+0800] GC(1204) Pause Young (Concurrent Start) (G1 Humongous Allocation)
[2024-08-29T23:15:55.022+0800] GC(1204) Using 8 workers of 8 for evacuation
[2024-08-29T23:15:55.024+0800] GC(1204)   Pre Evacuate Collection Set: 0.3ms
[2024-08-29T23:15:55.024+0800] GC(1204)   Merge Heap Roots: 0.1ms
[2024-08-29T23:15:55.024+0800] GC(1204)   Evacuate Collection Set: 0.4ms
[2024-08-29T23:15:55.024+0800] GC(1204)   Post Evacuate Collection Set: 0.5ms
[2024-08-29T23:15:55.024+0800] GC(1204)   Other: 0.2ms
[2024-08-29T23:15:55.024+0800] GC(1204) Eden regions: 4->0(1202)
[2024-08-29T23:15:55.024+0800] GC(1204) Survivor regions: 1->0(146)
[2024-08-29T23:15:55.024+0800] GC(1204) Old regions: 1->1
[2024-08-29T23:15:55.024+0800] GC(1204) Archive regions: 2->2
[2024-08-29T23:15:55.024+0800] GC(1204) Humongous regions: 917->637
[2024-08-29T23:15:55.024+0800] GC(1204) Metaspace: 1627K(1792K)->1627K(1792K) NonClass: 1508K(1600K)->1508K(1600K) Class: 119K(192K)->119K(192K)
[2024-08-29T23:15:55.024+0800] GC(1204) Pause Young (Concurrent Start) (G1 Humongous Allocation) 922M->638M(2048M) 1.518ms
[2024-08-29T23:15:55.024+0800] GC(1204) User=0.00s Sys=0.01s Real=0.01s
[2024-08-29T23:15:55.024+0800] GC(1205) Concurrent Undo Cycle
[2024-08-29T23:15:55.024+0800] GC(1205) Concurrent Cleanup for Next Mark
[2024-08-29T23:15:55.031+0800] GC(1205) Concurrent Cleanup for Next Mark 6.962ms
[2024-08-29T23:15:55.031+0800] GC(1205) Concurrent Undo Cycle 7.048ms
[2024-08-29T23:15:55.153+0800] GC(1206) Pause Young (Concurrent Start) (G1 Humongous Allocation)
[2024-08-29T23:15:55.153+0800] GC(1206) Using 8 workers of 8 for evacuation
[2024-08-29T23:15:55.155+0800] GC(1206)   Pre Evacuate Collection Set: 0.3ms
[2024-08-29T23:15:55.155+0800] GC(1206)   Merge Heap Roots: 0.1ms
[2024-08-29T23:15:55.155+0800] GC(1206)   Evacuate Collection Set: 0.4ms
[2024-08-29T23:15:55.155+0800] GC(1206)   Post Evacuate Collection Set: 0.5ms
[2024-08-29T23:15:55.155+0800] GC(1206)   Other: 0.2ms
[2024-08-29T23:15:55.155+0800] GC(1206) Eden regions: 4->0(1223)
[2024-08-29T23:15:55.155+0800] GC(1206) Survivor regions: 0->0(151)
[2024-08-29T23:15:55.155+0800] GC(1206) Old regions: 1->1
[2024-08-29T23:15:55.155+0800] GC(1206) Archive regions: 2->2
[2024-08-29T23:15:55.155+0800] GC(1206) Humongous regions: 918->616
[2024-08-29T23:15:55.155+0800] GC(1206) Metaspace: 1627K(1792K)->1627K(1792K) NonClass: 1508K(1600K)->1508K(1600K) Class: 119K(192K)->119K(192K)
[2024-08-29T23:15:55.155+0800] GC(1206) Pause Young (Concurrent Start) (G1 Humongous Allocation) 923M->617M(2048M) 1.585ms
[2024-08-29T23:15:55.155+0800] GC(1206) User=0.00s Sys=0.00s Real=0.00s
[2024-08-29T23:15:55.155+0800] GC(1207) Concurrent Undo Cycle
[2024-08-29T23:15:55.155+0800] GC(1207) Concurrent Cleanup for Next Mark
[2024-08-29T23:15:55.159+0800] GC(1207) Concurrent Cleanup for Next Mark 4.462ms
[2024-08-29T23:15:55.159+0800] GC(1207) Concurrent Undo Cycle 4.563ms
[2024-08-29T23:15:55.271+0800] GC(1208) Pause Young (Concurrent Start) (G1 Humongous Allocation)
[2024-08-29T23:15:55.271+0800] GC(1208) Using 8 workers of 8 for evacuation
[2024-08-29T23:15:55.272+0800] GC(1208)   Pre Evacuate Collection Set: 0.3ms
[2024-08-29T23:15:55.273+0800] GC(1208)   Merge Heap Roots: 0.1ms
[2024-08-29T23:15:55.273+0800] GC(1208)   Evacuate Collection Set: 0.3ms
[2024-08-29T23:15:55.273+0800] GC(1208)   Post Evacuate Collection Set: 0.4ms
[2024-08-29T23:15:55.273+0800] GC(1208)   Other: 0.2ms
[2024-08-29T23:15:55.273+0800] GC(1208) Eden regions: 4->0(1184)
[2024-08-29T23:15:55.273+0800] GC(1208) Survivor regions: 0->0(153)
[2024-08-29T23:15:55.273+0800] GC(1208) Old regions: 1->1
[2024-08-29T23:15:55.273+0800] GC(1208) Archive regions: 2->2
[2024-08-29T23:15:55.273+0800] GC(1208) Humongous regions: 917->655
[2024-08-29T23:15:55.273+0800] GC(1208) Metaspace: 1627K(1792K)->1627K(1792K) NonClass: 1508K(1600K)->1508K(1600K) Class: 119K(192K)->119K(192K)
[2024-08-29T23:15:55.273+0800] GC(1208) Pause Young (Concurrent Start) (G1 Humongous Allocation) 922M->656M(2048M) 1.365ms
[2024-08-29T23:15:55.273+0800] GC(1208) User=0.00s Sys=0.01s Real=0.01s
[2024-08-29T23:15:55.273+0800] GC(1209) Concurrent Undo Cycle
[2024-08-29T23:15:55.273+0800] GC(1209) Concurrent Cleanup for Next Mark
[2024-08-29T23:15:55.278+0800] GC(1209) Concurrent Cleanup for Next Mark 5.500ms
[2024-08-29T23:15:55.278+0800] GC(1209) Concurrent Undo Cycle 5.749ms
[2024-08-29T23:15:55.378+0800] GC(1210) Pause Young (Concurrent Start) (G1 Humongous Allocation)
[2024-08-29T23:15:55.378+0800] GC(1210) Using 8 workers of 8 for evacuation
[2024-08-29T23:15:55.379+0800] GC(1210)   Pre Evacuate Collection Set: 0.4ms
[2024-08-29T23:15:55.379+0800] GC(1210)   Merge Heap Roots: 0.1ms
[2024-08-29T23:15:55.379+0800] GC(1210)   Evacuate Collection Set: 0.4ms
[2024-08-29T23:15:55.379+0800] GC(1210)   Post Evacuate Collection Set: 0.4ms
[2024-08-29T23:15:55.379+0800] GC(1210)   Other: 0.2ms
[2024-08-29T23:15:55.379+0800] GC(1210) Eden regions: 4->0(1169)
[2024-08-29T23:15:55.379+0800] GC(1210) Survivor regions: 0->0(148)
[2024-08-29T23:15:55.379+0800] GC(1210) Old regions: 1->1
[2024-08-29T23:15:55.379+0800] GC(1210) Archive regions: 2->2
[2024-08-29T23:15:55.379+0800] GC(1210) Humongous regions: 916->670
[2024-08-29T23:15:55.379+0800] GC(1210) Metaspace: 1627K(1792K)->1627K(1792K) NonClass: 1508K(1600K)->1508K(1600K) Class: 119K(192K)->119K(192K)
[2024-08-29T23:15:55.379+0800] GC(1210) Pause Young (Concurrent Start) (G1 Humongous Allocation) 921M->671M(2048M) 1.631ms
[2024-08-29T23:15:55.379+0800] GC(1210) User=0.00s Sys=0.00s Real=0.00s
[2024-08-29T23:15:55.379+0800] GC(1211) Concurrent Undo Cycle
[2024-08-29T23:15:55.379+0800] GC(1211) Concurrent Cleanup for Next Mark
[2024-08-29T23:15:55.384+0800] GC(1211) Concurrent Cleanup for Next Mark 5.245ms
[2024-08-29T23:15:55.385+0800] GC(1211) Concurrent Undo Cycle 5.319ms
[2024-08-29T23:15:55.486+0800] GC(1212) Pause Young (Concurrent Start) (G1 Humongous Allocation)
[2024-08-29T23:15:55.486+0800] GC(1212) Using 8 workers of 8 for evacuation
[2024-08-29T23:15:55.487+0800] GC(1212)   Pre Evacuate Collection Set: 0.2ms
[2024-08-29T23:15:55.487+0800] GC(1212)   Merge Heap Roots: 0.1ms
[2024-08-29T23:15:55.487+0800] GC(1212)   Evacuate Collection Set: 0.3ms
[2024-08-29T23:15:55.487+0800] GC(1212)   Post Evacuate Collection Set: 0.4ms
[2024-08-29T23:15:55.487+0800] GC(1212)   Other: 0.2ms
[2024-08-29T23:15:55.487+0800] GC(1212) Eden regions: 4->0(1143)
[2024-08-29T23:15:55.487+0800] GC(1212) Survivor regions: 0->0(147)
[2024-08-29T23:15:55.487+0800] GC(1212) Old regions: 1->1
[2024-08-29T23:15:55.487+0800] GC(1212) Archive regions: 2->2
[2024-08-29T23:15:55.487+0800] GC(1212) Humongous regions: 916->696
[2024-08-29T23:15:55.487+0800] GC(1212) Metaspace: 1627K(1792K)->1627K(1792K) NonClass: 1508K(1600K)->1508K(1600K) Class: 119K(192K)->119K(192K)
[2024-08-29T23:15:55.487+0800] GC(1212) Pause Young (Concurrent Start) (G1 Humongous Allocation) 921M->697M(2048M) 1.374ms
[2024-08-29T23:15:55.487+0800] GC(1212) User=0.00s Sys=0.00s Real=0.00s
[2024-08-29T23:15:55.487+0800] GC(1213) Concurrent Undo Cycle
[2024-08-29T23:15:55.487+0800] GC(1213) Concurrent Cleanup for Next Mark
[2024-08-29T23:15:55.492+0800] GC(1213) Concurrent Cleanup for Next Mark 5.058ms
[2024-08-29T23:15:55.493+0800] GC(1213) Concurrent Undo Cycle 5.164ms
[2024-08-29T23:15:55.567+0800] GC(1214) Pause Young (Concurrent Start) (G1 Humongous Allocation)
[2024-08-29T23:15:55.567+0800] GC(1214) Using 8 workers of 8 for evacuation
[2024-08-29T23:15:55.569+0800] GC(1214)   Pre Evacuate Collection Set: 0.4ms
[2024-08-29T23:15:55.569+0800] GC(1214)   Merge Heap Roots: 0.1ms
[2024-08-29T23:15:55.569+0800] GC(1214)   Evacuate Collection Set: 0.4ms
[2024-08-29T23:15:55.569+0800] GC(1214)   Post Evacuate Collection Set: 0.4ms
[2024-08-29T23:15:55.569+0800] GC(1214)   Other: 0.2ms
[2024-08-29T23:15:55.569+0800] GC(1214) Eden regions: 4->0(1102)
[2024-08-29T23:15:55.569+0800] GC(1214) Survivor regions: 0->0(143)
[2024-08-29T23:15:55.569+0800] GC(1214) Old regions: 1->1
[2024-08-29T23:15:55.569+0800] GC(1214) Archive regions: 2->2
[2024-08-29T23:15:55.569+0800] GC(1214) Humongous regions: 917->737
[2024-08-29T23:15:55.569+0800] GC(1214) Metaspace: 1627K(1792K)->1627K(1792K) NonClass: 1508K(1600K)->1508K(1600K) Class: 119K(192K)->119K(192K)
[2024-08-29T23:15:55.569+0800] GC(1214) Pause Young (Concurrent Start) (G1 Humongous Allocation) 922M->738M(2048M) 1.655ms
[2024-08-29T23:15:55.569+0800] GC(1214) User=0.00s Sys=0.00s Real=0.00s
[2024-08-29T23:15:55.569+0800] GC(1215) Concurrent Undo Cycle
[2024-08-29T23:15:55.569+0800] GC(1215) Concurrent Cleanup for Next Mark
[2024-08-29T23:15:55.575+0800] GC(1215) Concurrent Cleanup for Next Mark 5.886ms
[2024-08-29T23:15:55.575+0800] GC(1215) Concurrent Undo Cycle 5.976ms
[2024-08-29T23:15:55.644+0800] GC(1216) Pause Young (Concurrent Start) (G1 Humongous Allocation)
[2024-08-29T23:15:55.644+0800] GC(1216) Using 8 workers of 8 for evacuation
[2024-08-29T23:15:55.646+0800] GC(1216)   Pre Evacuate Collection Set: 0.4ms
[2024-08-29T23:15:55.646+0800] GC(1216)   Merge Heap Roots: 0.1ms
[2024-08-29T23:15:55.646+0800] GC(1216)   Evacuate Collection Set: 0.4ms
[2024-08-29T23:15:55.646+0800] GC(1216)   Post Evacuate Collection Set: 0.4ms
[2024-08-29T23:15:55.646+0800] GC(1216)   Other: 0.2ms
[2024-08-29T23:15:55.646+0800] GC(1216) Eden regions: 4->0(1072)
[2024-08-29T23:15:55.646+0800] GC(1216) Survivor regions: 0->0(138)
[2024-08-29T23:15:55.646+0800] GC(1216) Old regions: 1->1
[2024-08-29T23:15:55.646+0800] GC(1216) Archive regions: 2->2
[2024-08-29T23:15:55.646+0800] GC(1216) Humongous regions: 919->767
[2024-08-29T23:15:55.646+0800] GC(1216) Metaspace: 1627K(1792K)->1627K(1792K) NonClass: 1508K(1600K)->1508K(1600K) Class: 119K(192K)->119K(192K)
[2024-08-29T23:15:55.646+0800] GC(1216) Pause Young (Concurrent Start) (G1 Humongous Allocation) 924M->768M(2048M) 1.559ms
[2024-08-29T23:15:55.646+0800] GC(1216) User=0.00s Sys=0.00s Real=0.00s
[2024-08-29T23:15:55.646+0800] GC(1217) Concurrent Undo Cycle
[2024-08-29T23:15:55.646+0800] GC(1217) Concurrent Cleanup for Next Mark
[2024-08-29T23:15:55.652+0800] GC(1217) Concurrent Cleanup for Next Mark 6.050ms
[2024-08-29T23:15:55.652+0800] GC(1217) Concurrent Undo Cycle 6.184ms
[2024-08-29T23:15:55.707+0800] GC(1218) Pause Young (Concurrent Start) (G1 Humongous Allocation)
[2024-08-29T23:15:55.707+0800] GC(1218) Using 8 workers of 8 for evacuation
[2024-08-29T23:15:55.708+0800] GC(1218)   Pre Evacuate Collection Set: 0.3ms
[2024-08-29T23:15:55.708+0800] GC(1218)   Merge Heap Roots: 0.1ms
[2024-08-29T23:15:55.708+0800] GC(1218)   Evacuate Collection Set: 0.3ms
[2024-08-29T23:15:55.708+0800] GC(1218)   Post Evacuate Collection Set: 0.4ms
[2024-08-29T23:15:55.708+0800] GC(1218)   Other: 0.2ms
[2024-08-29T23:15:55.708+0800] GC(1218) Eden regions: 4->0(1047)
[2024-08-29T23:15:55.708+0800] GC(1218) Survivor regions: 0->0(134)
[2024-08-29T23:15:55.708+0800] GC(1218) Old regions: 1->1
[2024-08-29T23:15:55.708+0800] GC(1218) Archive regions: 2->2
[2024-08-29T23:15:55.708+0800] GC(1218) Humongous regions: 919->792
[2024-08-29T23:15:55.708+0800] GC(1218) Metaspace: 1627K(1792K)->1627K(1792K) NonClass: 1508K(1600K)->1508K(1600K) Class: 119K(192K)->119K(192K)
[2024-08-29T23:15:55.708+0800] GC(1218) Pause Young (Concurrent Start) (G1 Humongous Allocation) 924M->793M(2048M) 1.413ms
[2024-08-29T23:15:55.708+0800] GC(1218) User=0.00s Sys=0.00s Real=0.00s
[2024-08-29T23:15:55.709+0800] GC(1219) Concurrent Undo Cycle
[2024-08-29T23:15:55.709+0800] GC(1219) Concurrent Cleanup for Next Mark
[2024-08-29T23:15:55.716+0800] GC(1219) Concurrent Cleanup for Next Mark 7.122ms
[2024-08-29T23:15:55.716+0800] GC(1219) Concurrent Undo Cycle 7.294ms
[2024-08-29T23:15:55.765+0800] GC(1220) Pause Young (Concurrent Start) (G1 Humongous Allocation)
[2024-08-29T23:15:55.765+0800] GC(1220) Using 8 workers of 8 for evacuation
[2024-08-29T23:15:55.766+0800] GC(1220)   Pre Evacuate Collection Set: 0.3ms
[2024-08-29T23:15:55.766+0800] GC(1220)   Merge Heap Roots: 0.2ms
[2024-08-29T23:15:55.766+0800] GC(1220)   Evacuate Collection Set: 0.4ms
[2024-08-29T23:15:55.766+0800] GC(1220)   Post Evacuate Collection Set: 0.4ms
[2024-08-29T23:15:55.766+0800] GC(1220)   Other: 0.3ms
[2024-08-29T23:15:55.766+0800] GC(1220) Eden regions: 4->0(1055)
[2024-08-29T23:15:55.766+0800] GC(1220) Survivor regions: 0->0(131)
[2024-08-29T23:15:55.766+0800] GC(1220) Old regions: 1->1
[2024-08-29T23:15:55.766+0800] GC(1220) Archive regions: 2->2
[2024-08-29T23:15:55.766+0800] GC(1220) Humongous regions: 918->784
[2024-08-29T23:15:55.766+0800] GC(1220) Metaspace: 1627K(1792K)->1627K(1792K) NonClass: 1508K(1600K)->1508K(1600K) Class: 119K(192K)->119K(192K)
[2024-08-29T23:15:55.766+0800] GC(1220) Pause Young (Concurrent Start) (G1 Humongous Allocation) 923M->785M(2048M) 1.580ms
[2024-08-29T23:15:55.766+0800] GC(1220) User=0.00s Sys=0.00s Real=0.00s
[2024-08-29T23:15:55.767+0800] GC(1221) Concurrent Undo Cycle
[2024-08-29T23:15:55.767+0800] GC(1221) Concurrent Cleanup for Next Mark
[2024-08-29T23:15:55.772+0800] GC(1221) Concurrent Cleanup for Next Mark 5.445ms
[2024-08-29T23:15:55.772+0800] GC(1221) Concurrent Undo Cycle 5.542ms
[2024-08-29T23:15:55.823+0800] GC(1222) Pause Young (Concurrent Start) (G1 Humongous Allocation)
[2024-08-29T23:15:55.823+0800] GC(1222) Using 8 workers of 8 for evacuation
[2024-08-29T23:15:55.824+0800] GC(1222)   Pre Evacuate Collection Set: 0.2ms
[2024-08-29T23:15:55.824+0800] GC(1222)   Merge Heap Roots: 0.1ms
[2024-08-29T23:15:55.824+0800] GC(1222)   Evacuate Collection Set: 0.4ms
[2024-08-29T23:15:55.824+0800] GC(1222)   Post Evacuate Collection Set: 0.3ms
[2024-08-29T23:15:55.824+0800] GC(1222)   Other: 0.2ms
[2024-08-29T23:15:55.824+0800] GC(1222) Eden regions: 4->0(1036)
[2024-08-29T23:15:55.824+0800] GC(1222) Survivor regions: 0->0(132)
[2024-08-29T23:15:55.824+0800] GC(1222) Old regions: 1->1
[2024-08-29T23:15:55.824+0800] GC(1222) Archive regions: 2->2
[2024-08-29T23:15:55.824+0800] GC(1222) Humongous regions: 917->803
[2024-08-29T23:15:55.824+0800] GC(1222) Metaspace: 1627K(1792K)->1627K(1792K) NonClass: 1508K(1600K)->1508K(1600K) Class: 119K(192K)->119K(192K)
[2024-08-29T23:15:55.824+0800] GC(1222) Pause Young (Concurrent Start) (G1 Humongous Allocation) 922M->804M(2048M) 1.219ms
[2024-08-29T23:15:55.824+0800] GC(1222) User=0.00s Sys=0.00s Real=0.00s
[2024-08-29T23:15:55.824+0800] GC(1223) Concurrent Undo Cycle
[2024-08-29T23:15:55.824+0800] GC(1223) Concurrent Cleanup for Next Mark
[2024-08-29T23:15:55.828+0800] GC(1223) Concurrent Cleanup for Next Mark 3.954ms
[2024-08-29T23:15:55.828+0800] GC(1223) Concurrent Undo Cycle 4.045ms
[2024-08-29T23:15:55.867+0800] GC(1224) Pause Young (Concurrent Start) (G1 Humongous Allocation)
[2024-08-29T23:15:55.867+0800] GC(1224) Using 8 workers of 8 for evacuation
[2024-08-29T23:15:55.868+0800] GC(1224)   Pre Evacuate Collection Set: 0.2ms
[2024-08-29T23:15:55.868+0800] GC(1224)   Merge Heap Roots: 0.1ms
[2024-08-29T23:15:55.868+0800] GC(1224)   Evacuate Collection Set: 0.4ms
[2024-08-29T23:15:55.868+0800] GC(1224)   Post Evacuate Collection Set: 0.4ms
[2024-08-29T23:15:55.868+0800] GC(1224)   Other: 0.2ms
[2024-08-29T23:15:55.868+0800] GC(1224) Eden regions: 4->0(1031)
[2024-08-29T23:15:55.868+0800] GC(1224) Survivor regions: 0->0(130)
[2024-08-29T23:15:55.868+0800] GC(1224) Old regions: 1->1
[2024-08-29T23:15:55.868+0800] GC(1224) Archive regions: 2->2
[2024-08-29T23:15:55.868+0800] GC(1224) Humongous regions: 916->808
[2024-08-29T23:15:55.868+0800] GC(1224) Metaspace: 1627K(1792K)->1627K(1792K) NonClass: 1508K(1600K)->1508K(1600K) Class: 119K(192K)->119K(192K)
[2024-08-29T23:15:55.868+0800] GC(1224) Pause Young (Concurrent Start) (G1 Humongous Allocation) 921M->809M(2048M) 1.467ms
[2024-08-29T23:15:55.868+0800] GC(1224) User=0.00s Sys=0.00s Real=0.00s
[2024-08-29T23:15:55.868+0800] GC(1225) Concurrent Undo Cycle
[2024-08-29T23:15:55.868+0800] GC(1225) Concurrent Cleanup for Next Mark
[2024-08-29T23:15:55.874+0800] GC(1225) Concurrent Cleanup for Next Mark 6.044ms
[2024-08-29T23:15:55.874+0800] GC(1225) Concurrent Undo Cycle 6.218ms
[2024-08-29T23:15:55.905+0800] GC(1226) Pause Young (Concurrent Start) (G1 Humongous Allocation)
[2024-08-29T23:15:55.905+0800] GC(1226) Using 8 workers of 8 for evacuation
[2024-08-29T23:15:55.906+0800] GC(1226)   Pre Evacuate Collection Set: 0.2ms
[2024-08-29T23:15:55.906+0800] GC(1226)   Merge Heap Roots: 0.1ms
[2024-08-29T23:15:55.906+0800] GC(1226)   Evacuate Collection Set: 0.3ms
[2024-08-29T23:15:55.906+0800] GC(1226)   Post Evacuate Collection Set: 0.4ms
[2024-08-29T23:15:55.906+0800] GC(1226)   Other: 0.2ms
[2024-08-29T23:15:55.906+0800] GC(1226) Eden regions: 4->0(1017)
[2024-08-29T23:15:55.906+0800] GC(1226) Survivor regions: 0->0(129)
[2024-08-29T23:15:55.906+0800] GC(1226) Old regions: 1->1
[2024-08-29T23:15:55.906+0800] GC(1226) Archive regions: 2->2
[2024-08-29T23:15:55.906+0800] GC(1226) Humongous regions: 917->822
[2024-08-29T23:15:55.906+0800] GC(1226) Metaspace: 1627K(1792K)->1627K(1792K) NonClass: 1508K(1600K)->1508K(1600K) Class: 119K(192K)->119K(192K)
[2024-08-29T23:15:55.906+0800] GC(1226) Pause Young (Concurrent Start) (G1 Humongous Allocation) 922M->823M(2048M) 1.319ms
[2024-08-29T23:15:55.906+0800] GC(1226) User=0.00s Sys=0.01s Real=0.00s
[2024-08-29T23:15:55.906+0800] GC(1227) Concurrent Undo Cycle
[2024-08-29T23:15:55.906+0800] GC(1227) Concurrent Cleanup for Next Mark
[2024-08-29T23:15:55.911+0800] GC(1227) Concurrent Cleanup for Next Mark 5.191ms
[2024-08-29T23:15:55.912+0800] GC(1227) Concurrent Undo Cycle 5.317ms
[2024-08-29T23:15:55.948+0800] GC(1228) Pause Young (Concurrent Start) (G1 Humongous Allocation)
[2024-08-29T23:15:55.948+0800] GC(1228) Using 8 workers of 8 for evacuation
[2024-08-29T23:15:55.950+0800] GC(1228)   Pre Evacuate Collection Set: 0.2ms
[2024-08-29T23:15:55.950+0800] GC(1228)   Merge Heap Roots: 0.1ms
[2024-08-29T23:15:55.950+0800] GC(1228)   Evacuate Collection Set: 0.4ms
[2024-08-29T23:15:55.950+0800] GC(1228)   Post Evacuate Collection Set: 0.3ms
[2024-08-29T23:15:55.950+0800] GC(1228)   Other: 0.2ms
[2024-08-29T23:15:55.950+0800] GC(1228) Eden regions: 4->0(1022)
[2024-08-29T23:15:55.950+0800] GC(1228) Survivor regions: 0->0(128)
[2024-08-29T23:15:55.950+0800] GC(1228) Old regions: 1->1
[2024-08-29T23:15:55.950+0800] GC(1228) Archive regions: 2->2
[2024-08-29T23:15:55.950+0800] GC(1228) Humongous regions: 919->817
[2024-08-29T23:15:55.950+0800] GC(1228) Metaspace: 1627K(1792K)->1627K(1792K) NonClass: 1508K(1600K)->1508K(1600K) Class: 119K(192K)->119K(192K)
[2024-08-29T23:15:55.950+0800] GC(1228) Pause Young (Concurrent Start) (G1 Humongous Allocation) 924M->818M(2048M) 1.310ms
[2024-08-29T23:15:55.950+0800] GC(1228) User=0.00s Sys=0.00s Real=0.00s
[2024-08-29T23:15:55.950+0800] GC(1229) Concurrent Undo Cycle
[2024-08-29T23:15:55.950+0800] GC(1229) Concurrent Cleanup for Next Mark
[2024-08-29T23:15:55.954+0800] GC(1229) Concurrent Cleanup for Next Mark 3.854ms
[2024-08-29T23:15:55.954+0800] GC(1229) Concurrent Undo Cycle 3.975ms
[2024-08-29T23:15:55.992+0800] GC(1230) Pause Young (Concurrent Start) (G1 Humongous Allocation)
[2024-08-29T23:15:55.992+0800] GC(1230) Using 8 workers of 8 for evacuation
[2024-08-29T23:15:55.993+0800] GC(1230)   Pre Evacuate Collection Set: 0.3ms
[2024-08-29T23:15:55.993+0800] GC(1230)   Merge Heap Roots: 0.1ms
[2024-08-29T23:15:55.993+0800] GC(1230)   Evacuate Collection Set: 0.4ms
[2024-08-29T23:15:55.993+0800] GC(1230)   Post Evacuate Collection Set: 0.4ms
[2024-08-29T23:15:55.993+0800] GC(1230)   Other: 0.3ms
[2024-08-29T23:15:55.993+0800] GC(1230) Eden regions: 4->0(1053)
[2024-08-29T23:15:55.993+0800] GC(1230) Survivor regions: 0->0(128)
[2024-08-29T23:15:55.993+0800] GC(1230) Old regions: 1->1
[2024-08-29T23:15:55.993+0800] GC(1230) Archive regions: 2->2
[2024-08-29T23:15:55.993+0800] GC(1230) Humongous regions: 917->786
[2024-08-29T23:15:55.993+0800] GC(1230) Metaspace: 1627K(1792K)->1627K(1792K) NonClass: 1508K(1600K)->1508K(1600K) Class: 119K(192K)->119K(192K)
[2024-08-29T23:15:55.993+0800] GC(1230) Pause Young (Concurrent Start) (G1 Humongous Allocation) 922M->787M(2048M) 1.482ms
[2024-08-29T23:15:55.993+0800] GC(1230) User=0.00s Sys=0.00s Real=0.01s
[2024-08-29T23:15:55.994+0800] GC(1231) Concurrent Undo Cycle
[2024-08-29T23:15:55.994+0800] GC(1231) Concurrent Cleanup for Next Mark
[2024-08-29T23:15:56.000+0800] GC(1231) Concurrent Cleanup for Next Mark 6.762ms
[2024-08-29T23:15:56.000+0800] GC(1231) Concurrent Undo Cycle 6.882ms
[2024-08-29T23:15:56.038+0800] GC(1232) Pause Young (Concurrent Start) (G1 Humongous Allocation)
[2024-08-29T23:15:56.038+0800] GC(1232) Using 8 workers of 8 for evacuation
[2024-08-29T23:15:56.039+0800] GC(1232)   Pre Evacuate Collection Set: 0.3ms
[2024-08-29T23:15:56.039+0800] GC(1232)   Merge Heap Roots: 0.1ms
[2024-08-29T23:15:56.039+0800] GC(1232)   Evacuate Collection Set: 0.4ms
[2024-08-29T23:15:56.039+0800] GC(1232)   Post Evacuate Collection Set: 0.4ms
[2024-08-29T23:15:56.039+0800] GC(1232)   Other: 0.3ms
[2024-08-29T23:15:56.039+0800] GC(1232) Eden regions: 4->0(999)
[2024-08-29T23:15:56.039+0800] GC(1232) Survivor regions: 0->0(132)
[2024-08-29T23:15:56.039+0800] GC(1232) Old regions: 1->1
[2024-08-29T23:15:56.039+0800] GC(1232) Archive regions: 2->2
[2024-08-29T23:15:56.039+0800] GC(1232) Humongous regions: 916->840
[2024-08-29T23:15:56.039+0800] GC(1232) Metaspace: 1627K(1792K)->1627K(1792K) NonClass: 1508K(1600K)->1508K(1600K) Class: 119K(192K)->119K(192K)
[2024-08-29T23:15:56.039+0800] GC(1232) Pause Young (Concurrent Start) (G1 Humongous Allocation) 921M->841M(2048M) 1.502ms
[2024-08-29T23:15:56.039+0800] GC(1232) User=0.01s Sys=0.00s Real=0.00s
[2024-08-29T23:15:56.039+0800] GC(1233) Concurrent Undo Cycle
[2024-08-29T23:15:56.039+0800] GC(1233) Concurrent Cleanup for Next Mark
[2024-08-29T23:15:56.044+0800] GC(1233) Concurrent Cleanup for Next Mark 5.020ms
[2024-08-29T23:15:56.044+0800] GC(1233) Concurrent Undo Cycle 5.190ms
[2024-08-29T23:15:56.070+0800] GC(1234) Pause Young (Concurrent Start) (G1 Humongous Allocation)
[2024-08-29T23:15:56.070+0800] GC(1234) Using 8 workers of 8 for evacuation
[2024-08-29T23:15:56.071+0800] GC(1234)   Pre Evacuate Collection Set: 0.4ms
[2024-08-29T23:15:56.071+0800] GC(1234)   Merge Heap Roots: 0.1ms
[2024-08-29T23:15:56.071+0800] GC(1234)   Evacuate Collection Set: 0.4ms
[2024-08-29T23:15:56.071+0800] GC(1234)   Post Evacuate Collection Set: 0.4ms
[2024-08-29T23:15:56.071+0800] GC(1234)   Other: 0.3ms
[2024-08-29T23:15:56.071+0800] GC(1234) Eden regions: 4->0(986)
[2024-08-29T23:15:56.071+0800] GC(1234) Survivor regions: 0->0(125)
[2024-08-29T23:15:56.071+0800] GC(1234) Old regions: 1->1
[2024-08-29T23:15:56.071+0800] GC(1234) Archive regions: 2->2
[2024-08-29T23:15:56.071+0800] GC(1234) Humongous regions: 917->853
[2024-08-29T23:15:56.071+0800] GC(1234) Metaspace: 1627K(1792K)->1627K(1792K) NonClass: 1508K(1600K)->1508K(1600K) Class: 119K(192K)->119K(192K)
[2024-08-29T23:15:56.071+0800] GC(1234) Pause Young (Concurrent Start) (G1 Humongous Allocation) 922M->854M(2048M) 1.582ms
[2024-08-29T23:15:56.071+0800] GC(1234) User=0.00s Sys=0.00s Real=0.00s
[2024-08-29T23:15:56.071+0800] GC(1235) Concurrent Undo Cycle
[2024-08-29T23:15:56.071+0800] GC(1235) Concurrent Cleanup for Next Mark
[2024-08-29T23:15:56.077+0800] GC(1235) Concurrent Cleanup for Next Mark 6.083ms
[2024-08-29T23:15:56.077+0800] GC(1235) Concurrent Undo Cycle 6.205ms
[2024-08-29T23:15:56.093+0800] GC(1236) Pause Young (Concurrent Start) (G1 Humongous Allocation)
[2024-08-29T23:15:56.093+0800] GC(1236) Using 8 workers of 8 for evacuation
[2024-08-29T23:15:56.094+0800] GC(1236)   Pre Evacuate Collection Set: 0.3ms
[2024-08-29T23:15:56.094+0800] GC(1236)   Merge Heap Roots: 0.1ms
[2024-08-29T23:15:56.094+0800] GC(1236)   Evacuate Collection Set: 0.4ms
[2024-08-29T23:15:56.094+0800] GC(1236)   Post Evacuate Collection Set: 0.4ms
[2024-08-29T23:15:56.094+0800] GC(1236)   Other: 0.2ms
[2024-08-29T23:15:56.094+0800] GC(1236) Eden regions: 4->0(971)
[2024-08-29T23:15:56.094+0800] GC(1236) Survivor regions: 0->0(124)
[2024-08-29T23:15:56.094+0800] GC(1236) Old regions: 1->1
[2024-08-29T23:15:56.094+0800] GC(1236) Archive regions: 2->2
[2024-08-29T23:15:56.094+0800] GC(1236) Humongous regions: 918->868
[2024-08-29T23:15:56.094+0800] GC(1236) Metaspace: 1627K(1792K)->1627K(1792K) NonClass: 1508K(1600K)->1508K(1600K) Class: 119K(192K)->119K(192K)
[2024-08-29T23:15:56.094+0800] GC(1236) Pause Young (Concurrent Start) (G1 Humongous Allocation) 923M->869M(2048M) 1.396ms
[2024-08-29T23:15:56.094+0800] GC(1236) User=0.00s Sys=0.01s Real=0.00s
[2024-08-29T23:15:56.094+0800] GC(1237) Concurrent Undo Cycle
[2024-08-29T23:15:56.094+0800] GC(1237) Concurrent Cleanup for Next Mark
[2024-08-29T23:15:56.098+0800] GC(1237) Concurrent Cleanup for Next Mark 3.851ms
[2024-08-29T23:15:56.098+0800] GC(1237) Concurrent Undo Cycle 3.908ms
[2024-08-29T23:15:56.114+0800] GC(1238) Pause Young (Concurrent Start) (G1 Humongous Allocation)
[2024-08-29T23:15:56.114+0800] GC(1238) Using 8 workers of 8 for evacuation
[2024-08-29T23:15:56.115+0800] GC(1238)   Pre Evacuate Collection Set: 0.2ms
[2024-08-29T23:15:56.115+0800] GC(1238)   Merge Heap Roots: 0.1ms
[2024-08-29T23:15:56.115+0800] GC(1238)   Evacuate Collection Set: 0.4ms
[2024-08-29T23:15:56.115+0800] GC(1238)   Post Evacuate Collection Set: 0.3ms
[2024-08-29T23:15:56.115+0800] GC(1238)   Other: 0.2ms
[2024-08-29T23:15:56.115+0800] GC(1238) Eden regions: 4->0(978)
[2024-08-29T23:15:56.115+0800] GC(1238) Survivor regions: 0->0(122)
[2024-08-29T23:15:56.115+0800] GC(1238) Old regions: 1->1
[2024-08-29T23:15:56.115+0800] GC(1238) Archive regions: 2->2
[2024-08-29T23:15:56.115+0800] GC(1238) Humongous regions: 919->861
[2024-08-29T23:15:56.115+0800] GC(1238) Metaspace: 1627K(1792K)->1627K(1792K) NonClass: 1508K(1600K)->1508K(1600K) Class: 119K(192K)->119K(192K)
[2024-08-29T23:15:56.115+0800] GC(1238) Pause Young (Concurrent Start) (G1 Humongous Allocation) 924M->862M(2048M) 1.314ms
[2024-08-29T23:15:56.115+0800] GC(1238) User=0.00s Sys=0.00s Real=0.00s
[2024-08-29T23:15:56.115+0800] GC(1239) Concurrent Undo Cycle
[2024-08-29T23:15:56.115+0800] GC(1239) Concurrent Cleanup for Next Mark
[2024-08-29T23:15:56.119+0800] GC(1239) Concurrent Cleanup for Next Mark 4.506ms
[2024-08-29T23:15:56.119+0800] GC(1239) Concurrent Undo Cycle 4.608ms
[2024-08-29T23:15:56.135+0800] GC(1240) Pause Young (Concurrent Start) (G1 Humongous Allocation)
[2024-08-29T23:15:56.135+0800] GC(1240) Using 8 workers of 8 for evacuation
[2024-08-29T23:15:56.136+0800] GC(1240)   Pre Evacuate Collection Set: 0.3ms
[2024-08-29T23:15:56.136+0800] GC(1240)   Merge Heap Roots: 0.2ms
[2024-08-29T23:15:56.136+0800] GC(1240)   Evacuate Collection Set: 0.6ms
[2024-08-29T23:15:56.136+0800] GC(1240)   Post Evacuate Collection Set: 0.3ms
[2024-08-29T23:15:56.136+0800] GC(1240)   Other: 0.3ms
[2024-08-29T23:15:56.136+0800] GC(1240) Eden regions: 4->0(966)
[2024-08-29T23:15:56.136+0800] GC(1240) Survivor regions: 0->0(123)
[2024-08-29T23:15:56.136+0800] GC(1240) Old regions: 1->1
[2024-08-29T23:15:56.136+0800] GC(1240) Archive regions: 2->2
[2024-08-29T23:15:56.136+0800] GC(1240) Humongous regions: 917->873
[2024-08-29T23:15:56.136+0800] GC(1240) Metaspace: 1627K(1792K)->1627K(1792K) NonClass: 1508K(1600K)->1508K(1600K) Class: 119K(192K)->119K(192K)
[2024-08-29T23:15:56.136+0800] GC(1240) Pause Young (Concurrent Start) (G1 Humongous Allocation) 922M->874M(2048M) 1.701ms
[2024-08-29T23:15:56.136+0800] GC(1240) User=0.01s Sys=0.00s Real=0.00s
[2024-08-29T23:15:56.136+0800] GC(1241) Concurrent Undo Cycle
[2024-08-29T23:15:56.136+0800] GC(1241) Concurrent Cleanup for Next Mark
[2024-08-29T23:15:56.142+0800] GC(1241) Concurrent Cleanup for Next Mark 5.420ms
[2024-08-29T23:15:56.142+0800] GC(1241) Concurrent Undo Cycle 5.530ms
[2024-08-29T23:15:56.152+0800] GC(1242) Pause Young (Concurrent Start) (G1 Humongous Allocation)
[2024-08-29T23:15:56.152+0800] GC(1242) Using 8 workers of 8 for evacuation
[2024-08-29T23:15:56.153+0800] GC(1242)   Pre Evacuate Collection Set: 0.1ms
[2024-08-29T23:15:56.153+0800] GC(1242)   Merge Heap Roots: 0.1ms
[2024-08-29T23:15:56.153+0800] GC(1242)   Evacuate Collection Set: 0.4ms
[2024-08-29T23:15:56.153+0800] GC(1242)   Post Evacuate Collection Set: 0.3ms
[2024-08-29T23:15:56.153+0800] GC(1242)   Other: 0.2ms
[2024-08-29T23:15:56.153+0800] GC(1242) Eden regions: 4->0(970)
[2024-08-29T23:15:56.153+0800] GC(1242) Survivor regions: 0->0(121)
[2024-08-29T23:15:56.153+0800] GC(1242) Old regions: 1->1
[2024-08-29T23:15:56.153+0800] GC(1242) Archive regions: 2->2
[2024-08-29T23:15:56.153+0800] GC(1242) Humongous regions: 917->869
[2024-08-29T23:15:56.153+0800] GC(1242) Metaspace: 1627K(1792K)->1627K(1792K) NonClass: 1508K(1600K)->1508K(1600K) Class: 119K(192K)->119K(192K)
[2024-08-29T23:15:56.153+0800] GC(1242) Pause Young (Concurrent Start) (G1 Humongous Allocation) 922M->870M(2048M) 1.208ms
[2024-08-29T23:15:56.153+0800] GC(1242) User=0.00s Sys=0.00s Real=0.01s
[2024-08-29T23:15:56.153+0800] GC(1243) Concurrent Undo Cycle
[2024-08-29T23:15:56.153+0800] GC(1243) Concurrent Cleanup for Next Mark
[2024-08-29T23:15:56.157+0800] GC(1243) Concurrent Cleanup for Next Mark 4.091ms
[2024-08-29T23:15:56.157+0800] GC(1243) Concurrent Undo Cycle 4.160ms
[2024-08-29T23:15:56.186+0800] GC(1244) Pause Young (Concurrent Start) (G1 Humongous Allocation)
[2024-08-29T23:15:56.186+0800] GC(1244) Using 8 workers of 8 for evacuation
[2024-08-29T23:15:56.187+0800] GC(1244)   Pre Evacuate Collection Set: 0.3ms
[2024-08-29T23:15:56.187+0800] GC(1244)   Merge Heap Roots: 0.2ms
[2024-08-29T23:15:56.187+0800] GC(1244)   Evacuate Collection Set: 0.4ms
[2024-08-29T23:15:56.187+0800] GC(1244)   Post Evacuate Collection Set: 0.3ms
[2024-08-29T23:15:56.187+0800] GC(1244)   Other: 0.3ms
[2024-08-29T23:15:56.187+0800] GC(1244) Eden regions: 4->0(1023)
[2024-08-29T23:15:56.187+0800] GC(1244) Survivor regions: 0->0(122)
[2024-08-29T23:15:56.187+0800] GC(1244) Old regions: 1->1
[2024-08-29T23:15:56.187+0800] GC(1244) Archive regions: 2->2
[2024-08-29T23:15:56.187+0800] GC(1244) Humongous regions: 917->816
[2024-08-29T23:15:56.187+0800] GC(1244) Metaspace: 1627K(1792K)->1627K(1792K) NonClass: 1508K(1600K)->1508K(1600K) Class: 119K(192K)->119K(192K)
[2024-08-29T23:15:56.187+0800] GC(1244) Pause Young (Concurrent Start) (G1 Humongous Allocation) 922M->817M(2048M) 1.563ms
[2024-08-29T23:15:56.187+0800] GC(1244) User=0.00s Sys=0.00s Real=0.00s
[2024-08-29T23:15:56.187+0800] GC(1245) Concurrent Undo Cycle
[2024-08-29T23:15:56.187+0800] GC(1245) Concurrent Cleanup for Next Mark
[2024-08-29T23:15:56.192+0800] GC(1245) Concurrent Cleanup for Next Mark 4.540ms
[2024-08-29T23:15:56.192+0800] GC(1245) Concurrent Undo Cycle 4.698ms
[2024-08-29T23:15:56.222+0800] GC(1246) Pause Young (Concurrent Start) (G1 Humongous Allocation)
[2024-08-29T23:15:56.222+0800] GC(1246) Using 8 workers of 8 for evacuation
[2024-08-29T23:15:56.223+0800] GC(1246)   Pre Evacuate Collection Set: 0.3ms
[2024-08-29T23:15:56.223+0800] GC(1246)   Merge Heap Roots: 0.1ms
[2024-08-29T23:15:56.223+0800] GC(1246)   Evacuate Collection Set: 0.5ms
[2024-08-29T23:15:56.223+0800] GC(1246)   Post Evacuate Collection Set: 0.3ms
[2024-08-29T23:15:56.223+0800] GC(1246)   Other: 0.2ms
[2024-08-29T23:15:56.223+0800] GC(1246) Eden regions: 4->0(1017)
[2024-08-29T23:15:56.223+0800] GC(1246) Survivor regions: 0->0(128)
[2024-08-29T23:15:56.223+0800] GC(1246) Old regions: 1->1
[2024-08-29T23:15:56.223+0800] GC(1246) Archive regions: 2->2
[2024-08-29T23:15:56.223+0800] GC(1246) Humongous regions: 914->822
[2024-08-29T23:15:56.223+0800] GC(1246) Metaspace: 1627K(1792K)->1627K(1792K) NonClass: 1508K(1600K)->1508K(1600K) Class: 119K(192K)->119K(192K)
[2024-08-29T23:15:56.223+0800] GC(1246) Pause Young (Concurrent Start) (G1 Humongous Allocation) 919M->823M(2048M) 1.526ms
[2024-08-29T23:15:56.223+0800] GC(1246) User=0.00s Sys=0.00s Real=0.01s
[2024-08-29T23:15:56.223+0800] GC(1247) Concurrent Undo Cycle
[2024-08-29T23:15:56.223+0800] GC(1247) Concurrent Cleanup for Next Mark
[2024-08-29T23:15:56.228+0800] GC(1247) Concurrent Cleanup for Next Mark 5.027ms
[2024-08-29T23:15:56.228+0800] GC(1247) Concurrent Undo Cycle 5.141ms
[2024-08-29T23:15:56.260+0800] GC(1248) Pause Young (Concurrent Start) (G1 Humongous Allocation)
[2024-08-29T23:15:56.260+0800] GC(1248) Using 8 workers of 8 for evacuation
[2024-08-29T23:15:56.261+0800] GC(1248)   Pre Evacuate Collection Set: 0.3ms
[2024-08-29T23:15:56.261+0800] GC(1248)   Merge Heap Roots: 0.2ms
[2024-08-29T23:15:56.261+0800] GC(1248)   Evacuate Collection Set: 0.5ms
[2024-08-29T23:15:56.261+0800] GC(1248)   Post Evacuate Collection Set: 0.4ms
[2024-08-29T23:15:56.261+0800] GC(1248)   Other: 0.3ms
[2024-08-29T23:15:56.261+0800] GC(1248) Eden regions: 4->0(1015)
[2024-08-29T23:15:56.261+0800] GC(1248) Survivor regions: 0->0(128)
[2024-08-29T23:15:56.261+0800] GC(1248) Old regions: 1->1
[2024-08-29T23:15:56.261+0800] GC(1248) Archive regions: 2->2
[2024-08-29T23:15:56.261+0800] GC(1248) Humongous regions: 917->824
[2024-08-29T23:15:56.261+0800] GC(1248) Metaspace: 1627K(1792K)->1627K(1792K) NonClass: 1508K(1600K)->1508K(1600K) Class: 119K(192K)->119K(192K)
[2024-08-29T23:15:56.261+0800] GC(1248) Pause Young (Concurrent Start) (G1 Humongous Allocation) 922M->825M(2048M) 1.575ms
[2024-08-29T23:15:56.261+0800] GC(1248) User=0.00s Sys=0.00s Real=0.00s
[2024-08-29T23:15:56.261+0800] GC(1249) Concurrent Undo Cycle
[2024-08-29T23:15:56.261+0800] GC(1249) Concurrent Cleanup for Next Mark
[2024-08-29T23:15:56.266+0800] GC(1249) Concurrent Cleanup for Next Mark 4.802ms
[2024-08-29T23:15:56.266+0800] GC(1249) Concurrent Undo Cycle 4.927ms
[2024-08-29T23:15:56.307+0800] GC(1250) Pause Young (Concurrent Start) (G1 Humongous Allocation)
[2024-08-29T23:15:56.307+0800] GC(1250) Using 8 workers of 8 for evacuation
[2024-08-29T23:15:56.308+0800] GC(1250)   Pre Evacuate Collection Set: 0.3ms
[2024-08-29T23:15:56.308+0800] GC(1250)   Merge Heap Roots: 0.2ms
[2024-08-29T23:15:56.308+0800] GC(1250)   Evacuate Collection Set: 0.4ms
[2024-08-29T23:15:56.308+0800] GC(1250)   Post Evacuate Collection Set: 0.4ms
[2024-08-29T23:15:56.308+0800] GC(1250)   Other: 0.2ms
[2024-08-29T23:15:56.308+0800] GC(1250) Eden regions: 4->0(1054)
[2024-08-29T23:15:56.308+0800] GC(1250) Survivor regions: 0->0(127)
[2024-08-29T23:15:56.308+0800] GC(1250) Old regions: 1->1
[2024-08-29T23:15:56.308+0800] GC(1250) Archive regions: 2->2
[2024-08-29T23:15:56.308+0800] GC(1250) Humongous regions: 918->785
[2024-08-29T23:15:56.308+0800] GC(1250) Metaspace: 1627K(1792K)->1627K(1792K) NonClass: 1508K(1600K)->1508K(1600K) Class: 119K(192K)->119K(192K)
[2024-08-29T23:15:56.308+0800] GC(1250) Pause Young (Concurrent Start) (G1 Humongous Allocation) 923M->786M(2048M) 1.565ms
[2024-08-29T23:15:56.308+0800] GC(1250) User=0.00s Sys=0.01s Real=0.00s
[2024-08-29T23:15:56.308+0800] GC(1251) Concurrent Undo Cycle
[2024-08-29T23:15:56.308+0800] GC(1251) Concurrent Cleanup for Next Mark
[2024-08-29T23:15:56.315+0800] GC(1251) Concurrent Cleanup for Next Mark 7.097ms
[2024-08-29T23:15:56.315+0800] GC(1251) Concurrent Undo Cycle 7.177ms
[2024-08-29T23:15:56.356+0800] GC(1252) Pause Young (Concurrent Start) (G1 Humongous Allocation)
[2024-08-29T23:15:56.356+0800] GC(1252) Using 8 workers of 8 for evacuation
[2024-08-29T23:15:56.358+0800] GC(1252)   Pre Evacuate Collection Set: 0.3ms
[2024-08-29T23:15:56.358+0800] GC(1252)   Merge Heap Roots: 0.1ms
[2024-08-29T23:15:56.358+0800] GC(1252)   Evacuate Collection Set: 0.4ms
[2024-08-29T23:15:56.358+0800] GC(1252)   Post Evacuate Collection Set: 0.4ms
[2024-08-29T23:15:56.358+0800] GC(1252)   Other: 0.3ms
[2024-08-29T23:15:56.358+0800] GC(1252) Eden regions: 4->0(1065)
[2024-08-29T23:15:56.358+0800] GC(1252) Survivor regions: 0->0(132)
[2024-08-29T23:15:56.358+0800] GC(1252) Old regions: 1->1
[2024-08-29T23:15:56.358+0800] GC(1252) Archive regions: 2->2
[2024-08-29T23:15:56.358+0800] GC(1252) Humongous regions: 916->774
[2024-08-29T23:15:56.358+0800] GC(1252) Metaspace: 1627K(1792K)->1627K(1792K) NonClass: 1508K(1600K)->1508K(1600K) Class: 119K(192K)->119K(192K)
[2024-08-29T23:15:56.358+0800] GC(1252) Pause Young (Concurrent Start) (G1 Humongous Allocation) 921M->775M(2048M) 1.613ms
[2024-08-29T23:15:56.358+0800] GC(1252) User=0.00s Sys=0.00s Real=0.00s
[2024-08-29T23:15:56.358+0800] GC(1253) Concurrent Undo Cycle
[2024-08-29T23:15:56.358+0800] GC(1253) Concurrent Cleanup for Next Mark
[2024-08-29T23:15:56.363+0800] GC(1253) Concurrent Cleanup for Next Mark 4.742ms
[2024-08-29T23:15:56.363+0800] GC(1253) Concurrent Undo Cycle 4.816ms
[2024-08-29T23:15:56.419+0800] GC(1254) Pause Young (Concurrent Start) (G1 Humongous Allocation)
[2024-08-29T23:15:56.419+0800] GC(1254) Using 8 workers of 8 for evacuation
[2024-08-29T23:15:56.421+0800] GC(1254)   Pre Evacuate Collection Set: 0.4ms
[2024-08-29T23:15:56.421+0800] GC(1254)   Merge Heap Roots: 0.1ms
[2024-08-29T23:15:56.421+0800] GC(1254)   Evacuate Collection Set: 0.5ms
[2024-08-29T23:15:56.421+0800] GC(1254)   Post Evacuate Collection Set: 0.4ms
[2024-08-29T23:15:56.421+0800] GC(1254)   Other: 0.3ms
[2024-08-29T23:15:56.421+0800] GC(1254) Eden regions: 4->0(1083)
[2024-08-29T23:15:56.421+0800] GC(1254) Survivor regions: 0->0(134)
[2024-08-29T23:15:56.421+0800] GC(1254) Old regions: 1->1
[2024-08-29T23:15:56.421+0800] GC(1254) Archive regions: 2->2
[2024-08-29T23:15:56.421+0800] GC(1254) Humongous regions: 918->756
[2024-08-29T23:15:56.421+0800] GC(1254) Metaspace: 1627K(1792K)->1627K(1792K) NonClass: 1508K(1600K)->1508K(1600K) Class: 119K(192K)->119K(192K)
[2024-08-29T23:15:56.421+0800] GC(1254) Pause Young (Concurrent Start) (G1 Humongous Allocation) 923M->757M(2048M) 1.749ms
[2024-08-29T23:15:56.421+0800] GC(1254) User=0.00s Sys=0.01s Real=0.00s
[2024-08-29T23:15:56.421+0800] GC(1255) Concurrent Undo Cycle
[2024-08-29T23:15:56.421+0800] GC(1255) Concurrent Cleanup for Next Mark
[2024-08-29T23:15:56.426+0800] GC(1255) Concurrent Cleanup for Next Mark 4.934ms
[2024-08-29T23:15:56.426+0800] GC(1255) Concurrent Undo Cycle 5.060ms
[2024-08-29T23:15:56.487+0800] GC(1256) Pause Young (Concurrent Start) (G1 Humongous Allocation)
[2024-08-29T23:15:56.487+0800] GC(1256) Using 8 workers of 8 for evacuation
[2024-08-29T23:15:56.488+0800] GC(1256)   Pre Evacuate Collection Set: 0.2ms
[2024-08-29T23:15:56.488+0800] GC(1256)   Merge Heap Roots: 0.1ms
[2024-08-29T23:15:56.488+0800] GC(1256)   Evacuate Collection Set: 0.3ms
[2024-08-29T23:15:56.488+0800] GC(1256)   Post Evacuate Collection Set: 0.4ms
[2024-08-29T23:15:56.488+0800] GC(1256)   Other: 0.2ms
[2024-08-29T23:15:56.488+0800] GC(1256) Eden regions: 4->0(1107)
[2024-08-29T23:15:56.488+0800] GC(1256) Survivor regions: 0->0(136)
[2024-08-29T23:15:56.488+0800] GC(1256) Old regions: 1->1
[2024-08-29T23:15:56.488+0800] GC(1256) Archive regions: 2->2
[2024-08-29T23:15:56.488+0800] GC(1256) Humongous regions: 916->732
[2024-08-29T23:15:56.488+0800] GC(1256) Metaspace: 1627K(1792K)->1627K(1792K) NonClass: 1508K(1600K)->1508K(1600K) Class: 119K(192K)->119K(192K)
[2024-08-29T23:15:56.488+0800] GC(1256) Pause Young (Concurrent Start) (G1 Humongous Allocation) 921M->733M(2048M) 1.363ms
[2024-08-29T23:15:56.488+0800] GC(1256) User=0.00s Sys=0.01s Real=0.00s
[2024-08-29T23:15:56.489+0800] GC(1257) Concurrent Undo Cycle
[2024-08-29T23:15:56.489+0800] GC(1257) Concurrent Cleanup for Next Mark
[2024-08-29T23:15:56.493+0800] GC(1257) Concurrent Cleanup for Next Mark 4.444ms
[2024-08-29T23:15:56.493+0800] GC(1257) Concurrent Undo Cycle 4.522ms
[2024-08-29T23:15:56.561+0800] GC(1258) Pause Young (Concurrent Start) (G1 Humongous Allocation)
[2024-08-29T23:15:56.561+0800] GC(1258) Using 8 workers of 8 for evacuation
[2024-08-29T23:15:56.562+0800] GC(1258)   Pre Evacuate Collection Set: 0.3ms
[2024-08-29T23:15:56.562+0800] GC(1258)   Merge Heap Roots: 0.1ms
[2024-08-29T23:15:56.562+0800] GC(1258)   Evacuate Collection Set: 0.3ms
[2024-08-29T23:15:56.563+0800] GC(1258)   Post Evacuate Collection Set: 0.4ms
[2024-08-29T23:15:56.563+0800] GC(1258)   Other: 0.2ms
[2024-08-29T23:15:56.563+0800] GC(1258) Eden regions: 4->0(1090)
[2024-08-29T23:15:56.563+0800] GC(1258) Survivor regions: 0->0(139)
[2024-08-29T23:15:56.563+0800] GC(1258) Old regions: 1->1
[2024-08-29T23:15:56.563+0800] GC(1258) Archive regions: 2->2
[2024-08-29T23:15:56.563+0800] GC(1258) Humongous regions: 918->749
[2024-08-29T23:15:56.563+0800] GC(1258) Metaspace: 1627K(1792K)->1627K(1792K) NonClass: 1508K(1600K)->1508K(1600K) Class: 119K(192K)->119K(192K)
[2024-08-29T23:15:56.563+0800] GC(1258) Pause Young (Concurrent Start) (G1 Humongous Allocation) 923M->750M(2048M) 1.481ms
[2024-08-29T23:15:56.563+0800] GC(1258) User=0.00s Sys=0.01s Real=0.01s
[2024-08-29T23:15:56.563+0800] GC(1259) Concurrent Undo Cycle
[2024-08-29T23:15:56.563+0800] GC(1259) Concurrent Cleanup for Next Mark
[2024-08-29T23:15:56.567+0800] GC(1259) Concurrent Cleanup for Next Mark 3.913ms
[2024-08-29T23:15:56.567+0800] GC(1259) Concurrent Undo Cycle 3.969ms
[2024-08-29T23:15:56.634+0800] GC(1260) Pause Young (Concurrent Start) (G1 Humongous Allocation)
[2024-08-29T23:15:56.634+0800] GC(1260) Using 8 workers of 8 for evacuation
[2024-08-29T23:15:56.635+0800] GC(1260)   Pre Evacuate Collection Set: 0.4ms
[2024-08-29T23:15:56.635+0800] GC(1260)   Merge Heap Roots: 0.1ms
[2024-08-29T23:15:56.635+0800] GC(1260)   Evacuate Collection Set: 0.4ms
[2024-08-29T23:15:56.635+0800] GC(1260)   Post Evacuate Collection Set: 0.4ms
[2024-08-29T23:15:56.635+0800] GC(1260)   Other: 0.2ms
[2024-08-29T23:15:56.635+0800] GC(1260) Eden regions: 4->0(1085)
[2024-08-29T23:15:56.636+0800] GC(1260) Survivor regions: 0->0(137)
[2024-08-29T23:15:56.636+0800] GC(1260) Old regions: 1->1
[2024-08-29T23:15:56.636+0800] GC(1260) Archive regions: 2->2
[2024-08-29T23:15:56.636+0800] GC(1260) Humongous regions: 919->754
[2024-08-29T23:15:56.636+0800] GC(1260) Metaspace: 1627K(1792K)->1627K(1792K) NonClass: 1508K(1600K)->1508K(1600K) Class: 119K(192K)->119K(192K)
[2024-08-29T23:15:56.636+0800] GC(1260) Pause Young (Concurrent Start) (G1 Humongous Allocation) 924M->755M(2048M) 1.541ms
[2024-08-29T23:15:56.636+0800] GC(1260) User=0.00s Sys=0.01s Real=0.00s
[2024-08-29T23:15:56.636+0800] GC(1261) Concurrent Undo Cycle
[2024-08-29T23:15:56.636+0800] GC(1261) Concurrent Cleanup for Next Mark
[2024-08-29T23:15:56.641+0800] GC(1261) Concurrent Cleanup for Next Mark 5.856ms
[2024-08-29T23:15:56.642+0800] GC(1261) Concurrent Undo Cycle 5.941ms
[2024-08-29T23:15:56.698+0800] GC(1262) Pause Young (Concurrent Start) (G1 Humongous Allocation)
[2024-08-29T23:15:56.698+0800] GC(1262) Using 8 workers of 8 for evacuation
[2024-08-29T23:15:56.700+0800] GC(1262)   Pre Evacuate Collection Set: 0.2ms
[2024-08-29T23:15:56.700+0800] GC(1262)   Merge Heap Roots: 0.1ms
[2024-08-29T23:15:56.700+0800] GC(1262)   Evacuate Collection Set: 0.3ms
[2024-08-29T23:15:56.700+0800] GC(1262)   Post Evacuate Collection Set: 0.3ms
[2024-08-29T23:15:56.700+0800] GC(1262)   Other: 0.2ms
[2024-08-29T23:15:56.700+0800] GC(1262) Eden regions: 4->0(1044)
[2024-08-29T23:15:56.700+0800] GC(1262) Survivor regions: 0->0(136)
[2024-08-29T23:15:56.700+0800] GC(1262) Old regions: 1->1
[2024-08-29T23:15:56.700+0800] GC(1262) Archive regions: 2->2
[2024-08-29T23:15:56.700+0800] GC(1262) Humongous regions: 919->795
[2024-08-29T23:15:56.700+0800] GC(1262) Metaspace: 1627K(1792K)->1627K(1792K) NonClass: 1508K(1600K)->1508K(1600K) Class: 119K(192K)->119K(192K)
[2024-08-29T23:15:56.700+0800] GC(1262) Pause Young (Concurrent Start) (G1 Humongous Allocation) 924M->796M(2048M) 1.283ms
[2024-08-29T23:15:56.700+0800] GC(1262) User=0.01s Sys=0.01s Real=0.00s
[2024-08-29T23:15:56.700+0800] GC(1263) Concurrent Undo Cycle
[2024-08-29T23:15:56.700+0800] GC(1263) Concurrent Cleanup for Next Mark
[2024-08-29T23:15:56.704+0800] GC(1263) Concurrent Cleanup for Next Mark 4.173ms
[2024-08-29T23:15:56.704+0800] GC(1263) Concurrent Undo Cycle 4.318ms
[2024-08-29T23:15:56.750+0800] GC(1264) Pause Young (Concurrent Start) (G1 Humongous Allocation)
[2024-08-29T23:15:56.750+0800] GC(1264) Using 8 workers of 8 for evacuation
[2024-08-29T23:15:56.752+0800] GC(1264)   Pre Evacuate Collection Set: 0.3ms
[2024-08-29T23:15:56.752+0800] GC(1264)   Merge Heap Roots: 0.1ms
[2024-08-29T23:15:56.752+0800] GC(1264)   Evacuate Collection Set: 0.3ms
[2024-08-29T23:15:56.752+0800] GC(1264)   Post Evacuate Collection Set: 0.3ms
[2024-08-29T23:15:56.752+0800] GC(1264)   Other: 0.2ms
[2024-08-29T23:15:56.752+0800] GC(1264) Eden regions: 4->0(1065)
[2024-08-29T23:15:56.752+0800] GC(1264) Survivor regions: 0->0(131)
[2024-08-29T23:15:56.752+0800] GC(1264) Old regions: 1->1
[2024-08-29T23:15:56.752+0800] GC(1264) Archive regions: 2->2
[2024-08-29T23:15:56.752+0800] GC(1264) Humongous regions: 918->774
[2024-08-29T23:15:56.752+0800] GC(1264) Metaspace: 1627K(1792K)->1627K(1792K) NonClass: 1508K(1600K)->1508K(1600K) Class: 119K(192K)->119K(192K)
[2024-08-29T23:15:56.752+0800] GC(1264) Pause Young (Concurrent Start) (G1 Humongous Allocation) 923M->775M(2048M) 1.279ms
[2024-08-29T23:15:56.752+0800] GC(1264) User=0.00s Sys=0.00s Real=0.00s
[2024-08-29T23:15:56.752+0800] GC(1265) Concurrent Undo Cycle
[2024-08-29T23:15:56.752+0800] GC(1265) Concurrent Cleanup for Next Mark
[2024-08-29T23:15:56.757+0800] GC(1265) Concurrent Cleanup for Next Mark 5.208ms
[2024-08-29T23:15:56.757+0800] GC(1265) Concurrent Undo Cycle 5.454ms
[2024-08-29T23:15:56.810+0800] GC(1266) Pause Young (Concurrent Start) (G1 Humongous Allocation)
[2024-08-29T23:15:56.810+0800] GC(1266) Using 8 workers of 8 for evacuation
[2024-08-29T23:15:56.812+0800] GC(1266)   Pre Evacuate Collection Set: 0.2ms
[2024-08-29T23:15:56.812+0800] GC(1266)   Merge Heap Roots: 0.1ms
[2024-08-29T23:15:56.812+0800] GC(1266)   Evacuate Collection Set: 0.6ms
[2024-08-29T23:15:56.812+0800] GC(1266)   Post Evacuate Collection Set: 0.5ms
[2024-08-29T23:15:56.812+0800] GC(1266)   Other: 0.2ms
[2024-08-29T23:15:56.812+0800] GC(1266) Eden regions: 4->0(1052)
[2024-08-29T23:15:56.812+0800] GC(1266) Survivor regions: 0->0(134)
[2024-08-29T23:15:56.812+0800] GC(1266) Old regions: 1->1
[2024-08-29T23:15:56.812+0800] GC(1266) Archive regions: 2->2
[2024-08-29T23:15:56.812+0800] GC(1266) Humongous regions: 918->787
[2024-08-29T23:15:56.812+0800] GC(1266) Metaspace: 1627K(1792K)->1627K(1792K) NonClass: 1508K(1600K)->1508K(1600K) Class: 119K(192K)->119K(192K)
[2024-08-29T23:15:56.812+0800] GC(1266) Pause Young (Concurrent Start) (G1 Humongous Allocation) 923M->788M(2048M) 1.695ms
[2024-08-29T23:15:56.812+0800] GC(1266) User=0.00s Sys=0.00s Real=0.00s
[2024-08-29T23:15:56.812+0800] GC(1267) Concurrent Undo Cycle
[2024-08-29T23:15:56.812+0800] GC(1267) Concurrent Cleanup for Next Mark
[2024-08-29T23:15:56.816+0800] GC(1267) Concurrent Cleanup for Next Mark 3.598ms
[2024-08-29T23:15:56.816+0800] GC(1267) Concurrent Undo Cycle 3.693ms
[2024-08-29T23:15:56.866+0800] GC(1268) Pause Young (Concurrent Start) (G1 Humongous Allocation)
[2024-08-29T23:15:56.866+0800] GC(1268) Using 8 workers of 8 for evacuation
[2024-08-29T23:15:56.867+0800] GC(1268)   Pre Evacuate Collection Set: 0.3ms
[2024-08-29T23:15:56.867+0800] GC(1268)   Merge Heap Roots: 0.1ms
[2024-08-29T23:15:56.867+0800] GC(1268)   Evacuate Collection Set: 0.3ms
[2024-08-29T23:15:56.867+0800] GC(1268)   Post Evacuate Collection Set: 0.3ms
[2024-08-29T23:15:56.867+0800] GC(1268)   Other: 0.2ms
[2024-08-29T23:15:56.867+0800] GC(1268) Eden regions: 4->0(1032)
[2024-08-29T23:15:56.867+0800] GC(1268) Survivor regions: 0->0(132)
[2024-08-29T23:15:56.867+0800] GC(1268) Old regions: 1->1
[2024-08-29T23:15:56.867+0800] GC(1268) Archive regions: 2->2
[2024-08-29T23:15:56.867+0800] GC(1268) Humongous regions: 918->807
[2024-08-29T23:15:56.867+0800] GC(1268) Metaspace: 1627K(1792K)->1627K(1792K) NonClass: 1508K(1600K)->1508K(1600K) Class: 119K(192K)->119K(192K)
[2024-08-29T23:15:56.867+0800] GC(1268) Pause Young (Concurrent Start) (G1 Humongous Allocation) 923M->808M(2048M) 1.298ms
[2024-08-29T23:15:56.867+0800] GC(1268) User=0.00s Sys=0.01s Real=0.00s
[2024-08-29T23:15:56.867+0800] GC(1269) Concurrent Undo Cycle
[2024-08-29T23:15:56.867+0800] GC(1269) Concurrent Cleanup for Next Mark
[2024-08-29T23:15:56.873+0800] GC(1269) Concurrent Cleanup for Next Mark 6.282ms
[2024-08-29T23:15:56.873+0800] GC(1269) Concurrent Undo Cycle 6.426ms
[2024-08-29T23:15:56.905+0800] GC(1270) Pause Young (Concurrent Start) (G1 Humongous Allocation)
[2024-08-29T23:15:56.905+0800] GC(1270) Using 8 workers of 8 for evacuation
[2024-08-29T23:15:56.906+0800] GC(1270)   Pre Evacuate Collection Set: 0.3ms
[2024-08-29T23:15:56.906+0800] GC(1270)   Merge Heap Roots: 0.2ms
[2024-08-29T23:15:56.906+0800] GC(1270)   Evacuate Collection Set: 0.3ms
[2024-08-29T23:15:56.906+0800] GC(1270)   Post Evacuate Collection Set: 0.3ms
[2024-08-29T23:15:56.906+0800] GC(1270)   Other: 0.2ms
[2024-08-29T23:15:56.906+0800] GC(1270) Eden regions: 4->0(1020)
[2024-08-29T23:15:56.906+0800] GC(1270) Survivor regions: 0->0(129)
[2024-08-29T23:15:56.906+0800] GC(1270) Old regions: 1->1
[2024-08-29T23:15:56.906+0800] GC(1270) Archive regions: 2->2
[2024-08-29T23:15:56.906+0800] GC(1270) Humongous regions: 918->819
[2024-08-29T23:15:56.906+0800] GC(1270) Metaspace: 1627K(1792K)->1627K(1792K) NonClass: 1508K(1600K)->1508K(1600K) Class: 119K(192K)->119K(192K)
[2024-08-29T23:15:56.906+0800] GC(1270) Pause Young (Concurrent Start) (G1 Humongous Allocation) 923M->820M(2048M) 1.376ms
[2024-08-29T23:15:56.906+0800] GC(1270) User=0.01s Sys=0.00s Real=0.00s
[2024-08-29T23:15:56.906+0800] GC(1271) Concurrent Undo Cycle
[2024-08-29T23:15:56.906+0800] GC(1271) Concurrent Cleanup for Next Mark
[2024-08-29T23:15:56.911+0800] GC(1271) Concurrent Cleanup for Next Mark 5.124ms
[2024-08-29T23:15:56.911+0800] GC(1271) Concurrent Undo Cycle 5.283ms
[2024-08-29T23:15:56.949+0800] GC(1272) Pause Young (Concurrent Start) (G1 Humongous Allocation)
[2024-08-29T23:15:56.949+0800] GC(1272) Using 8 workers of 8 for evacuation
[2024-08-29T23:15:56.950+0800] GC(1272)   Pre Evacuate Collection Set: 0.6ms
[2024-08-29T23:15:56.950+0800] GC(1272)   Merge Heap Roots: 0.2ms
[2024-08-29T23:15:56.950+0800] GC(1272)   Evacuate Collection Set: 0.4ms
[2024-08-29T23:15:56.950+0800] GC(1272)   Post Evacuate Collection Set: 0.3ms
[2024-08-29T23:15:56.951+0800] GC(1272)   Other: 0.2ms
[2024-08-29T23:15:56.951+0800] GC(1272) Eden regions: 4->0(1009)
[2024-08-29T23:15:56.951+0800] GC(1272) Survivor regions: 0->0(128)
[2024-08-29T23:15:56.951+0800] GC(1272) Old regions: 1->1
[2024-08-29T23:15:56.951+0800] GC(1272) Archive regions: 2->2
[2024-08-29T23:15:56.951+0800] GC(1272) Humongous regions: 919->830
[2024-08-29T23:15:56.951+0800] GC(1272) Metaspace: 1627K(1792K)->1627K(1792K) NonClass: 1508K(1600K)->1508K(1600K) Class: 119K(192K)->119K(192K)
[2024-08-29T23:15:56.951+0800] GC(1272) Pause Young (Concurrent Start) (G1 Humongous Allocation) 924M->831M(2048M) 1.671ms
[2024-08-29T23:15:56.951+0800] GC(1272) User=0.00s Sys=0.00s Real=0.00s
[2024-08-29T23:15:56.951+0800] GC(1273) Concurrent Undo Cycle
[2024-08-29T23:15:56.951+0800] GC(1273) Concurrent Cleanup for Next Mark
[2024-08-29T23:15:56.956+0800] GC(1273) Concurrent Cleanup for Next Mark 5.576ms
[2024-08-29T23:15:56.956+0800] GC(1273) Concurrent Undo Cycle 5.662ms
[2024-08-29T23:15:56.986+0800] GC(1274) Pause Young (Concurrent Start) (G1 Humongous Allocation)
[2024-08-29T23:15:56.986+0800] GC(1274) Using 8 workers of 8 for evacuation
[2024-08-29T23:15:56.988+0800] GC(1274)   Pre Evacuate Collection Set: 0.3ms
[2024-08-29T23:15:56.988+0800] GC(1274)   Merge Heap Roots: 0.1ms
[2024-08-29T23:15:56.988+0800] GC(1274)   Evacuate Collection Set: 0.5ms
[2024-08-29T23:15:56.988+0800] GC(1274)   Post Evacuate Collection Set: 0.3ms
[2024-08-29T23:15:56.988+0800] GC(1274)   Other: 0.2ms
[2024-08-29T23:15:56.988+0800] GC(1274) Eden regions: 4->0(1007)
[2024-08-29T23:15:56.988+0800] GC(1274) Survivor regions: 0->0(127)
[2024-08-29T23:15:56.988+0800] GC(1274) Old regions: 1->1
[2024-08-29T23:15:56.988+0800] GC(1274) Archive regions: 2->2
[2024-08-29T23:15:56.988+0800] GC(1274) Humongous regions: 920->832
[2024-08-29T23:15:56.988+0800] GC(1274) Metaspace: 1627K(1792K)->1627K(1792K) NonClass: 1508K(1600K)->1508K(1600K) Class: 119K(192K)->119K(192K)
[2024-08-29T23:15:56.988+0800] GC(1274) Pause Young (Concurrent Start) (G1 Humongous Allocation) 925M->833M(2048M) 1.533ms
[2024-08-29T23:15:56.988+0800] GC(1274) User=0.00s Sys=0.00s Real=0.00s
[2024-08-29T23:15:56.988+0800] GC(1275) Concurrent Undo Cycle
[2024-08-29T23:15:56.988+0800] GC(1275) Concurrent Cleanup for Next Mark
[2024-08-29T23:15:56.993+0800] GC(1275) Concurrent Cleanup for Next Mark 4.664ms
[2024-08-29T23:15:56.993+0800] GC(1275) Concurrent Undo Cycle 4.772ms
[2024-08-29T23:15:57.021+0800] GC(1276) Pause Young (Concurrent Start) (G1 Humongous Allocation)
[2024-08-29T23:15:57.021+0800] GC(1276) Using 8 workers of 8 for evacuation
[2024-08-29T23:15:57.022+0800] GC(1276)   Pre Evacuate Collection Set: 0.3ms
[2024-08-29T23:15:57.022+0800] GC(1276)   Merge Heap Roots: 0.2ms
[2024-08-29T23:15:57.022+0800] GC(1276)   Evacuate Collection Set: 0.4ms
[2024-08-29T23:15:57.022+0800] GC(1276)   Post Evacuate Collection Set: 0.4ms
[2024-08-29T23:15:57.022+0800] GC(1276)   Other: 0.2ms
[2024-08-29T23:15:57.023+0800] GC(1276) Eden regions: 4->0(1002)
[2024-08-29T23:15:57.023+0800] GC(1276) Survivor regions: 0->0(126)
[2024-08-29T23:15:57.023+0800] GC(1276) Old regions: 1->1
[2024-08-29T23:15:57.023+0800] GC(1276) Archive regions: 2->2
[2024-08-29T23:15:57.023+0800] GC(1276) Humongous regions: 915->837
[2024-08-29T23:15:57.023+0800] GC(1276) Metaspace: 1627K(1792K)->1627K(1792K) NonClass: 1508K(1600K)->1508K(1600K) Class: 119K(192K)->119K(192K)
[2024-08-29T23:15:57.023+0800] GC(1276) Pause Young (Concurrent Start) (G1 Humongous Allocation) 920M->838M(2048M) 1.487ms
[2024-08-29T23:15:57.023+0800] GC(1276) User=0.00s Sys=0.01s Real=0.01s
[2024-08-29T23:15:57.023+0800] GC(1277) Concurrent Undo Cycle
[2024-08-29T23:15:57.023+0800] GC(1277) Concurrent Cleanup for Next Mark
[2024-08-29T23:15:57.027+0800] GC(1277) Concurrent Cleanup for Next Mark 4.164ms
[2024-08-29T23:15:57.027+0800] GC(1277) Concurrent Undo Cycle 4.253ms
[2024-08-29T23:15:57.067+0800] GC(1278) Pause Young (Concurrent Start) (G1 Humongous Allocation)
[2024-08-29T23:15:57.067+0800] GC(1278) Using 8 workers of 8 for evacuation
[2024-08-29T23:15:57.069+0800] GC(1278)   Pre Evacuate Collection Set: 0.3ms
[2024-08-29T23:15:57.069+0800] GC(1278)   Merge Heap Roots: 0.1ms
[2024-08-29T23:15:57.069+0800] GC(1278)   Evacuate Collection Set: 0.3ms
[2024-08-29T23:15:57.069+0800] GC(1278)   Post Evacuate Collection Set: 0.9ms
[2024-08-29T23:15:57.069+0800] GC(1278)   Other: 0.2ms
[2024-08-29T23:15:57.069+0800] GC(1278) Eden regions: 4->0(1024)
[2024-08-29T23:15:57.069+0800] GC(1278) Survivor regions: 0->0(126)
[2024-08-29T23:15:57.069+0800] GC(1278) Old regions: 1->1
[2024-08-29T23:15:57.069+0800] GC(1278) Archive regions: 2->2
[2024-08-29T23:15:57.069+0800] GC(1278) Humongous regions: 919->815
[2024-08-29T23:15:57.069+0800] GC(1278) Metaspace: 1627K(1792K)->1627K(1792K) NonClass: 1508K(1600K)->1508K(1600K) Class: 119K(192K)->119K(192K)
[2024-08-29T23:15:57.069+0800] GC(1278) Pause Young (Concurrent Start) (G1 Humongous Allocation) 924M->816M(2048M) 1.911ms
[2024-08-29T23:15:57.069+0800] GC(1278) User=0.00s Sys=0.00s Real=0.00s
[2024-08-29T23:15:57.069+0800] GC(1279) Concurrent Undo Cycle
[2024-08-29T23:15:57.069+0800] GC(1279) Concurrent Cleanup for Next Mark
[2024-08-29T23:15:57.074+0800] GC(1279) Concurrent Cleanup for Next Mark 4.777ms
[2024-08-29T23:15:57.074+0800] GC(1279) Concurrent Undo Cycle 4.893ms
[2024-08-29T23:15:57.120+0800] GC(1280) Pause Young (Concurrent Start) (G1 Humongous Allocation)
[2024-08-29T23:15:57.120+0800] GC(1280) Using 8 workers of 8 for evacuation
[2024-08-29T23:15:57.121+0800] GC(1280)   Pre Evacuate Collection Set: 0.2ms
[2024-08-29T23:15:57.121+0800] GC(1280)   Merge Heap Roots: 0.1ms
[2024-08-29T23:15:57.121+0800] GC(1280)   Evacuate Collection Set: 0.5ms
[2024-08-29T23:15:57.121+0800] GC(1280)   Post Evacuate Collection Set: 0.4ms
[2024-08-29T23:15:57.121+0800] GC(1280)   Other: 0.2ms
[2024-08-29T23:15:57.121+0800] GC(1280) Eden regions: 4->0(1066)
[2024-08-29T23:15:57.121+0800] GC(1280) Survivor regions: 0->0(128)
[2024-08-29T23:15:57.121+0800] GC(1280) Old regions: 1->1
[2024-08-29T23:15:57.121+0800] GC(1280) Archive regions: 2->2
[2024-08-29T23:15:57.121+0800] GC(1280) Humongous regions: 918->773
[2024-08-29T23:15:57.121+0800] GC(1280) Metaspace: 1627K(1792K)->1627K(1792K) NonClass: 1508K(1600K)->1508K(1600K) Class: 119K(192K)->119K(192K)
[2024-08-29T23:15:57.121+0800] GC(1280) Pause Young (Concurrent Start) (G1 Humongous Allocation) 923M->774M(2048M) 1.503ms
[2024-08-29T23:15:57.121+0800] GC(1280) User=0.00s Sys=0.00s Real=0.00s
[2024-08-29T23:15:57.121+0800] GC(1281) Concurrent Undo Cycle
[2024-08-29T23:15:57.121+0800] GC(1281) Concurrent Cleanup for Next Mark
[2024-08-29T23:15:57.126+0800] GC(1281) Concurrent Cleanup for Next Mark 4.214ms
[2024-08-29T23:15:57.126+0800] GC(1281) Concurrent Undo Cycle 4.337ms
[2024-08-29T23:15:57.192+0800] GC(1282) Pause Young (Concurrent Start) (G1 Humongous Allocation)
[2024-08-29T23:15:57.192+0800] GC(1282) Using 8 workers of 8 for evacuation
[2024-08-29T23:15:57.193+0800] GC(1282)   Pre Evacuate Collection Set: 0.3ms
[2024-08-29T23:15:57.193+0800] GC(1282)   Merge Heap Roots: 0.1ms
[2024-08-29T23:15:57.193+0800] GC(1282)   Evacuate Collection Set: 0.4ms
[2024-08-29T23:15:57.193+0800] GC(1282)   Post Evacuate Collection Set: 0.4ms
[2024-08-29T23:15:57.193+0800] GC(1282)   Other: 0.2ms
[2024-08-29T23:15:57.193+0800] GC(1282) Eden regions: 4->0(1082)
[2024-08-29T23:15:57.193+0800] GC(1282) Survivor regions: 0->0(134)
[2024-08-29T23:15:57.193+0800] GC(1282) Old regions: 1->1
[2024-08-29T23:15:57.193+0800] GC(1282) Archive regions: 2->2
[2024-08-29T23:15:57.193+0800] GC(1282) Humongous regions: 919->757
[2024-08-29T23:15:57.193+0800] GC(1282) Metaspace: 1627K(1792K)->1627K(1792K) NonClass: 1508K(1600K)->1508K(1600K) Class: 119K(192K)->119K(192K)
[2024-08-29T23:15:57.193+0800] GC(1282) Pause Young (Concurrent Start) (G1 Humongous Allocation) 924M->758M(2048M) 1.520ms
[2024-08-29T23:15:57.193+0800] GC(1282) User=0.00s Sys=0.01s Real=0.01s
[2024-08-29T23:15:57.193+0800] GC(1283) Concurrent Undo Cycle
[2024-08-29T23:15:57.193+0800] GC(1283) Concurrent Cleanup for Next Mark
[2024-08-29T23:15:57.197+0800] GC(1283) Concurrent Cleanup for Next Mark 3.463ms
[2024-08-29T23:15:57.197+0800] GC(1283) Concurrent Undo Cycle 3.559ms
[2024-08-29T23:15:57.252+0800] GC(1284) Pause Young (Concurrent Start) (G1 Humongous Allocation)
[2024-08-29T23:15:57.252+0800] GC(1284) Using 8 workers of 8 for evacuation
[2024-08-29T23:15:57.253+0800] GC(1284)   Pre Evacuate Collection Set: 0.2ms
[2024-08-29T23:15:57.254+0800] GC(1284)   Merge Heap Roots: 0.1ms
[2024-08-29T23:15:57.254+0800] GC(1284)   Evacuate Collection Set: 0.3ms
[2024-08-29T23:15:57.254+0800] GC(1284)   Post Evacuate Collection Set: 0.6ms
[2024-08-29T23:15:57.254+0800] GC(1284)   Other: 0.2ms
[2024-08-29T23:15:57.254+0800] GC(1284) Eden regions: 4->0(1061)
[2024-08-29T23:15:57.254+0800] GC(1284) Survivor regions: 0->0(136)
[2024-08-29T23:15:57.254+0800] GC(1284) Old regions: 1->1
[2024-08-29T23:15:57.254+0800] GC(1284) Archive regions: 2->2
[2024-08-29T23:15:57.254+0800] GC(1284) Humongous regions: 917->778
[2024-08-29T23:15:57.254+0800] GC(1284) Metaspace: 1627K(1792K)->1627K(1792K) NonClass: 1508K(1600K)->1508K(1600K) Class: 119K(192K)->119K(192K)
[2024-08-29T23:15:57.254+0800] GC(1284) Pause Young (Concurrent Start) (G1 Humongous Allocation) 922M->779M(2048M) 1.476ms
[2024-08-29T23:15:57.254+0800] GC(1284) User=0.01s Sys=0.00s Real=0.01s
[2024-08-29T23:15:57.254+0800] GC(1285) Concurrent Undo Cycle
[2024-08-29T23:15:57.254+0800] GC(1285) Concurrent Cleanup for Next Mark
[2024-08-29T23:15:57.258+0800] GC(1285) Concurrent Cleanup for Next Mark 4.160ms
[2024-08-29T23:15:57.258+0800] GC(1285) Concurrent Undo Cycle 4.238ms
[2024-08-29T23:15:57.337+0800] GC(1286) Pause Young (Concurrent Start) (G1 Humongous Allocation)
[2024-08-29T23:15:57.337+0800] GC(1286) Using 8 workers of 8 for evacuation
[2024-08-29T23:15:57.339+0800] GC(1286)   Pre Evacuate Collection Set: 0.2ms
[2024-08-29T23:15:57.339+0800] GC(1286)   Merge Heap Roots: 0.1ms
[2024-08-29T23:15:57.339+0800] GC(1286)   Evacuate Collection Set: 0.4ms
[2024-08-29T23:15:57.339+0800] GC(1286)   Post Evacuate Collection Set: 0.5ms
[2024-08-29T23:15:57.339+0800] GC(1286)   Other: 0.2ms
[2024-08-29T23:15:57.339+0800] GC(1286) Eden regions: 4->0(1142)
[2024-08-29T23:15:57.339+0800] GC(1286) Survivor regions: 0->0(133)
[2024-08-29T23:15:57.339+0800] GC(1286) Old regions: 1->1
[2024-08-29T23:15:57.339+0800] GC(1286) Archive regions: 2->2
[2024-08-29T23:15:57.339+0800] GC(1286) Humongous regions: 919->697
[2024-08-29T23:15:57.339+0800] GC(1286) Metaspace: 1627K(1792K)->1627K(1792K) NonClass: 1508K(1600K)->1508K(1600K) Class: 119K(192K)->119K(192K)
[2024-08-29T23:15:57.339+0800] GC(1286) Pause Young (Concurrent Start) (G1 Humongous Allocation) 924M->698M(2048M) 1.522ms
[2024-08-29T23:15:57.339+0800] GC(1286) User=0.00s Sys=0.00s Real=0.00s
[2024-08-29T23:15:57.339+0800] GC(1287) Concurrent Undo Cycle
[2024-08-29T23:15:57.339+0800] GC(1287) Concurrent Cleanup for Next Mark
[2024-08-29T23:15:57.344+0800] GC(1287) Concurrent Cleanup for Next Mark 5.033ms
[2024-08-29T23:15:57.344+0800] GC(1287) Concurrent Undo Cycle 5.184ms
[2024-08-29T23:15:57.421+0800] GC(1288) Pause Young (Concurrent Start) (G1 Humongous Allocation)
[2024-08-29T23:15:57.421+0800] GC(1288) Using 8 workers of 8 for evacuation
[2024-08-29T23:15:57.423+0800] GC(1288)   Pre Evacuate Collection Set: 0.4ms
[2024-08-29T23:15:57.423+0800] GC(1288)   Merge Heap Roots: 0.2ms
[2024-08-29T23:15:57.423+0800] GC(1288)   Evacuate Collection Set: 0.4ms
[2024-08-29T23:15:57.423+0800] GC(1288)   Post Evacuate Collection Set: 0.4ms
[2024-08-29T23:15:57.423+0800] GC(1288)   Other: 0.2ms
[2024-08-29T23:15:57.423+0800] GC(1288) Eden regions: 4->0(1095)
[2024-08-29T23:15:57.423+0800] GC(1288) Survivor regions: 0->0(143)
[2024-08-29T23:15:57.423+0800] GC(1288) Old regions: 1->1
[2024-08-29T23:15:57.423+0800] GC(1288) Archive regions: 2->2
[2024-08-29T23:15:57.423+0800] GC(1288) Humongous regions: 916->744
[2024-08-29T23:15:57.423+0800] GC(1288) Metaspace: 1627K(1792K)->1627K(1792K) NonClass: 1508K(1600K)->1508K(1600K) Class: 119K(192K)->119K(192K)
[2024-08-29T23:15:57.423+0800] GC(1288) Pause Young (Concurrent Start) (G1 Humongous Allocation) 921M->745M(2048M) 1.617ms
[2024-08-29T23:15:57.423+0800] GC(1288) User=0.00s Sys=0.00s Real=0.01s
[2024-08-29T23:15:57.423+0800] GC(1289) Concurrent Undo Cycle
[2024-08-29T23:15:57.423+0800] GC(1289) Concurrent Cleanup for Next Mark
[2024-08-29T23:15:57.427+0800] GC(1289) Concurrent Cleanup for Next Mark 4.620ms
[2024-08-29T23:15:57.427+0800] GC(1289) Concurrent Undo Cycle 4.710ms
[2024-08-29T23:15:57.494+0800] GC(1290) Pause Young (Concurrent Start) (G1 Humongous Allocation)
[2024-08-29T23:15:57.494+0800] GC(1290) Using 8 workers of 8 for evacuation
[2024-08-29T23:15:57.495+0800] GC(1290)   Pre Evacuate Collection Set: 0.3ms
[2024-08-29T23:15:57.495+0800] GC(1290)   Merge Heap Roots: 0.1ms
[2024-08-29T23:15:57.495+0800] GC(1290)   Evacuate Collection Set: 0.3ms
[2024-08-29T23:15:57.495+0800] GC(1290)   Post Evacuate Collection Set: 0.4ms
[2024-08-29T23:15:57.495+0800] GC(1290)   Other: 0.2ms
[2024-08-29T23:15:57.495+0800] GC(1290) Eden regions: 4->0(1069)
[2024-08-29T23:15:57.495+0800] GC(1290) Survivor regions: 0->0(137)
[2024-08-29T23:15:57.495+0800] GC(1290) Old regions: 1->1
[2024-08-29T23:15:57.495+0800] GC(1290) Archive regions: 2->2
[2024-08-29T23:15:57.495+0800] GC(1290) Humongous regions: 918->770
[2024-08-29T23:15:57.495+0800] GC(1290) Metaspace: 1627K(1792K)->1627K(1792K) NonClass: 1508K(1600K)->1508K(1600K) Class: 119K(192K)->119K(192K)
[2024-08-29T23:15:57.495+0800] GC(1290) Pause Young (Concurrent Start) (G1 Humongous Allocation) 923M->771M(2048M) 1.360ms
[2024-08-29T23:15:57.495+0800] GC(1290) User=0.00s Sys=0.00s Real=0.00s
[2024-08-29T23:15:57.495+0800] GC(1291) Concurrent Undo Cycle
[2024-08-29T23:15:57.495+0800] GC(1291) Concurrent Cleanup for Next Mark
[2024-08-29T23:15:57.499+0800] GC(1291) Concurrent Cleanup for Next Mark 4.214ms
[2024-08-29T23:15:57.500+0800] GC(1291) Concurrent Undo Cycle 4.308ms
[2024-08-29T23:15:57.543+0800] GC(1292) Pause Young (Concurrent Start) (G1 Humongous Allocation)
[2024-08-29T23:15:57.543+0800] GC(1292) Using 8 workers of 8 for evacuation
[2024-08-29T23:15:57.544+0800] GC(1292)   Pre Evacuate Collection Set: 0.4ms
[2024-08-29T23:15:57.544+0800] GC(1292)   Merge Heap Roots: 0.1ms
[2024-08-29T23:15:57.544+0800] GC(1292)   Evacuate Collection Set: 0.4ms
[2024-08-29T23:15:57.544+0800] GC(1292)   Post Evacuate Collection Set: 0.3ms
[2024-08-29T23:15:57.544+0800] GC(1292)   Other: 0.2ms
[2024-08-29T23:15:57.544+0800] GC(1292) Eden regions: 4->0(1009)
[2024-08-29T23:15:57.544+0800] GC(1292) Survivor regions: 0->0(134)
[2024-08-29T23:15:57.544+0800] GC(1292) Old regions: 1->1
[2024-08-29T23:15:57.544+0800] GC(1292) Archive regions: 2->2
[2024-08-29T23:15:57.544+0800] GC(1292) Humongous regions: 920->830
[2024-08-29T23:15:57.544+0800] GC(1292) Metaspace: 1627K(1792K)->1627K(1792K) NonClass: 1508K(1600K)->1508K(1600K) Class: 119K(192K)->119K(192K)
[2024-08-29T23:15:57.544+0800] GC(1292) Pause Young (Concurrent Start) (G1 Humongous Allocation) 925M->831M(2048M) 1.476ms
[2024-08-29T23:15:57.544+0800] GC(1292) User=0.00s Sys=0.01s Real=0.00s
[2024-08-29T23:15:57.544+0800] GC(1293) Concurrent Undo Cycle
[2024-08-29T23:15:57.544+0800] GC(1293) Concurrent Cleanup for Next Mark
[2024-08-29T23:15:57.550+0800] GC(1293) Concurrent Cleanup for Next Mark 5.765ms
[2024-08-29T23:15:57.550+0800] GC(1293) Concurrent Undo Cycle 5.828ms
[2024-08-29T23:15:57.583+0800] GC(1294) Pause Young (Concurrent Start) (G1 Humongous Allocation)
[2024-08-29T23:15:57.583+0800] GC(1294) Using 8 workers of 8 for evacuation
[2024-08-29T23:15:57.584+0800] GC(1294)   Pre Evacuate Collection Set: 0.3ms
[2024-08-29T23:15:57.584+0800] GC(1294)   Merge Heap Roots: 0.1ms
[2024-08-29T23:15:57.584+0800] GC(1294)   Evacuate Collection Set: 0.4ms
[2024-08-29T23:15:57.584+0800] GC(1294)   Post Evacuate Collection Set: 0.4ms
[2024-08-29T23:15:57.584+0800] GC(1294)   Other: 0.3ms
[2024-08-29T23:15:57.584+0800] GC(1294) Eden regions: 4->0(1008)
[2024-08-29T23:15:57.584+0800] GC(1294) Survivor regions: 0->0(127)
[2024-08-29T23:15:57.584+0800] GC(1294) Old regions: 1->1
[2024-08-29T23:15:57.584+0800] GC(1294) Archive regions: 2->2
[2024-08-29T23:15:57.584+0800] GC(1294) Humongous regions: 917->831
[2024-08-29T23:15:57.584+0800] GC(1294) Metaspace: 1627K(1792K)->1627K(1792K) NonClass: 1508K(1600K)->1508K(1600K) Class: 119K(192K)->119K(192K)
[2024-08-29T23:15:57.584+0800] GC(1294) Pause Young (Concurrent Start) (G1 Humongous Allocation) 922M->832M(2048M) 1.567ms
[2024-08-29T23:15:57.584+0800] GC(1294) User=0.00s Sys=0.00s Real=0.00s
[2024-08-29T23:15:57.584+0800] GC(1295) Concurrent Undo Cycle
[2024-08-29T23:15:57.584+0800] GC(1295) Concurrent Cleanup for Next Mark
[2024-08-29T23:15:57.590+0800] GC(1295) Concurrent Cleanup for Next Mark 5.334ms
[2024-08-29T23:15:57.590+0800] GC(1295) Concurrent Undo Cycle 5.471ms
[2024-08-29T23:15:57.613+0800] GC(1296) Pause Young (Concurrent Start) (G1 Humongous Allocation)
[2024-08-29T23:15:57.614+0800] GC(1296) Using 8 workers of 8 for evacuation
[2024-08-29T23:15:57.615+0800] GC(1296)   Pre Evacuate Collection Set: 0.3ms
[2024-08-29T23:15:57.615+0800] GC(1296)   Merge Heap Roots: 0.1ms
[2024-08-29T23:15:57.615+0800] GC(1296)   Evacuate Collection Set: 0.4ms
[2024-08-29T23:15:57.615+0800] GC(1296)   Post Evacuate Collection Set: 0.3ms
[2024-08-29T23:15:57.615+0800] GC(1296)   Other: 0.3ms
[2024-08-29T23:15:57.615+0800] GC(1296) Eden regions: 4->0(971)
[2024-08-29T23:15:57.615+0800] GC(1296) Survivor regions: 0->1(126)
[2024-08-29T23:15:57.615+0800] GC(1296) Old regions: 1->1
[2024-08-29T23:15:57.615+0800] GC(1296) Archive regions: 2->2
[2024-08-29T23:15:57.615+0800] GC(1296) Humongous regions: 918->867
[2024-08-29T23:15:57.615+0800] GC(1296) Metaspace: 1627K(1792K)->1627K(1792K) NonClass: 1508K(1600K)->1508K(1600K) Class: 119K(192K)->119K(192K)
[2024-08-29T23:15:57.615+0800] GC(1296) Pause Young (Concurrent Start) (G1 Humongous Allocation) 923M->868M(2048M) 1.371ms
[2024-08-29T23:15:57.615+0800] GC(1296) User=0.00s Sys=0.01s Real=0.00s
[2024-08-29T23:15:57.615+0800] GC(1297) Concurrent Undo Cycle
[2024-08-29T23:15:57.615+0800] GC(1297) Concurrent Cleanup for Next Mark
[2024-08-29T23:15:57.619+0800] GC(1297) Concurrent Cleanup for Next Mark 4.539ms
[2024-08-29T23:15:57.619+0800] GC(1297) Concurrent Undo Cycle 4.624ms
[2024-08-29T23:15:57.641+0800] GC(1298) Pause Young (Concurrent Start) (G1 Humongous Allocation)
[2024-08-29T23:15:57.641+0800] GC(1298) Using 8 workers of 8 for evacuation
[2024-08-29T23:15:57.642+0800] GC(1298)   Pre Evacuate Collection Set: 0.2ms
[2024-08-29T23:15:57.642+0800] GC(1298)   Merge Heap Roots: 0.1ms
[2024-08-29T23:15:57.642+0800] GC(1298)   Evacuate Collection Set: 0.3ms
[2024-08-29T23:15:57.642+0800] GC(1298)   Post Evacuate Collection Set: 0.3ms
[2024-08-29T23:15:57.642+0800] GC(1298)   Other: 0.2ms
[2024-08-29T23:15:57.642+0800] GC(1298) Eden regions: 4->0(985)
[2024-08-29T23:15:57.642+0800] GC(1298) Survivor regions: 1->0(122)
[2024-08-29T23:15:57.642+0800] GC(1298) Old regions: 1->1
[2024-08-29T23:15:57.642+0800] GC(1298) Archive regions: 2->2
[2024-08-29T23:15:57.642+0800] GC(1298) Humongous regions: 919->854
[2024-08-29T23:15:57.642+0800] GC(1298) Metaspace: 1627K(1792K)->1627K(1792K) NonClass: 1508K(1600K)->1508K(1600K) Class: 119K(192K)->119K(192K)
[2024-08-29T23:15:57.642+0800] GC(1298) Pause Young (Concurrent Start) (G1 Humongous Allocation) 924M->855M(2048M) 1.115ms
[2024-08-29T23:15:57.642+0800] GC(1298) User=0.01s Sys=0.00s Real=0.00s
[2024-08-29T23:15:57.642+0800] GC(1299) Concurrent Undo Cycle
[2024-08-29T23:15:57.642+0800] GC(1299) Concurrent Cleanup for Next Mark
[2024-08-29T23:15:57.650+0800] GC(1299) Concurrent Cleanup for Next Mark 7.288ms
[2024-08-29T23:15:57.650+0800] GC(1299) Concurrent Undo Cycle 7.418ms
[2024-08-29T23:15:57.661+0800] GC(1300) Pause Young (Concurrent Start) (G1 Humongous Allocation)
[2024-08-29T23:15:57.661+0800] GC(1300) Using 8 workers of 8 for evacuation
[2024-08-29T23:15:57.662+0800] GC(1300)   Pre Evacuate Collection Set: 0.2ms
[2024-08-29T23:15:57.662+0800] GC(1300)   Merge Heap Roots: 0.1ms
[2024-08-29T23:15:57.662+0800] GC(1300)   Evacuate Collection Set: 0.3ms
[2024-08-29T23:15:57.662+0800] GC(1300)   Post Evacuate Collection Set: 0.2ms
[2024-08-29T23:15:57.662+0800] GC(1300)   Other: 0.2ms
[2024-08-29T23:15:57.662+0800] GC(1300) Eden regions: 4->0(957)
[2024-08-29T23:15:57.662+0800] GC(1300) Survivor regions: 0->0(124)
[2024-08-29T23:15:57.662+0800] GC(1300) Old regions: 1->1
[2024-08-29T23:15:57.662+0800] GC(1300) Archive regions: 2->2
[2024-08-29T23:15:57.662+0800] GC(1300) Humongous regions: 916->882
[2024-08-29T23:15:57.662+0800] GC(1300) Metaspace: 1627K(1792K)->1627K(1792K) NonClass: 1508K(1600K)->1508K(1600K) Class: 119K(192K)->119K(192K)
[2024-08-29T23:15:57.663+0800] GC(1300) Pause Young (Concurrent Start) (G1 Humongous Allocation) 921M->883M(2048M) 1.126ms
[2024-08-29T23:15:57.663+0800] GC(1300) User=0.00s Sys=0.00s Real=0.01s
[2024-08-29T23:15:57.663+0800] GC(1301) Concurrent Undo Cycle
[2024-08-29T23:15:57.663+0800] GC(1301) Concurrent Cleanup for Next Mark
[2024-08-29T23:15:57.667+0800] GC(1301) Concurrent Cleanup for Next Mark 4.149ms
[2024-08-29T23:15:57.667+0800] GC(1301) Concurrent Undo Cycle 4.212ms
[2024-08-29T23:15:57.675+0800] GC(1302) Pause Young (Concurrent Start) (G1 Humongous Allocation)
[2024-08-29T23:15:57.675+0800] GC(1302) Using 8 workers of 8 for evacuation
[2024-08-29T23:15:57.677+0800] GC(1302)   Pre Evacuate Collection Set: 0.2ms
[2024-08-29T23:15:57.677+0800] GC(1302)   Merge Heap Roots: 0.1ms
[2024-08-29T23:15:57.677+0800] GC(1302)   Evacuate Collection Set: 0.3ms
[2024-08-29T23:15:57.677+0800] GC(1302)   Post Evacuate Collection Set: 0.4ms
[2024-08-29T23:15:57.677+0800] GC(1302)   Other: 0.2ms
[2024-08-29T23:15:57.677+0800] GC(1302) Eden regions: 4->0(953)
[2024-08-29T23:15:57.677+0800] GC(1302) Survivor regions: 0->0(120)
[2024-08-29T23:15:57.677+0800] GC(1302) Old regions: 1->1
[2024-08-29T23:15:57.677+0800] GC(1302) Archive regions: 2->2
[2024-08-29T23:15:57.677+0800] GC(1302) Humongous regions: 918->886
[2024-08-29T23:15:57.677+0800] GC(1302) Metaspace: 1627K(1792K)->1627K(1792K) NonClass: 1508K(1600K)->1508K(1600K) Class: 119K(192K)->119K(192K)
[2024-08-29T23:15:57.677+0800] GC(1302) Pause Young (Concurrent Start) (G1 Humongous Allocation) 922M->887M(2048M) 1.264ms
[2024-08-29T23:15:57.677+0800] GC(1302) User=0.00s Sys=0.00s Real=0.00s
[2024-08-29T23:15:57.677+0800] GC(1303) Concurrent Undo Cycle
[2024-08-29T23:15:57.677+0800] GC(1303) Concurrent Cleanup for Next Mark
[2024-08-29T23:15:57.682+0800] GC(1303) Concurrent Cleanup for Next Mark 5.150ms
[2024-08-29T23:15:57.682+0800] GC(1303) Concurrent Undo Cycle 5.224ms
[2024-08-29T23:15:57.690+0800] GC(1304) Pause Young (Concurrent Start) (G1 Humongous Allocation)
[2024-08-29T23:15:57.690+0800] GC(1304) Using 8 workers of 8 for evacuation
[2024-08-29T23:15:57.692+0800] GC(1304)   Pre Evacuate Collection Set: 0.3ms
[2024-08-29T23:15:57.692+0800] GC(1304)   Merge Heap Roots: 0.1ms
[2024-08-29T23:15:57.692+0800] GC(1304)   Evacuate Collection Set: 0.3ms
[2024-08-29T23:15:57.692+0800] GC(1304)   Post Evacuate Collection Set: 0.3ms
[2024-08-29T23:15:57.692+0800] GC(1304)   Other: 0.2ms
[2024-08-29T23:15:57.692+0800] GC(1304) Eden regions: 4->0(945)
[2024-08-29T23:15:57.692+0800] GC(1304) Survivor regions: 0->0(120)
[2024-08-29T23:15:57.692+0800] GC(1304) Old regions: 1->1
[2024-08-29T23:15:57.692+0800] GC(1304) Archive regions: 2->2
[2024-08-29T23:15:57.692+0800] GC(1304) Humongous regions: 919->894
[2024-08-29T23:15:57.692+0800] GC(1304) Metaspace: 1627K(1792K)->1627K(1792K) NonClass: 1508K(1600K)->1508K(1600K) Class: 119K(192K)->119K(192K)
[2024-08-29T23:15:57.692+0800] GC(1304) Pause Young (Concurrent Start) (G1 Humongous Allocation) 923M->895M(2048M) 1.298ms
[2024-08-29T23:15:57.692+0800] GC(1304) User=0.00s Sys=0.01s Real=0.00s
[2024-08-29T23:15:57.692+0800] GC(1305) Concurrent Undo Cycle
[2024-08-29T23:15:57.692+0800] GC(1305) Concurrent Cleanup for Next Mark
[2024-08-29T23:15:57.696+0800] GC(1305) Concurrent Cleanup for Next Mark 4.761ms
[2024-08-29T23:15:57.697+0800] GC(1305) Concurrent Undo Cycle 4.820ms
[2024-08-29T23:15:57.701+0800] GC(1306) Pause Young (Concurrent Start) (G1 Humongous Allocation)
[2024-08-29T23:15:57.701+0800] GC(1306) Using 8 workers of 8 for evacuation
[2024-08-29T23:15:57.702+0800] GC(1306)   Pre Evacuate Collection Set: 0.2ms
[2024-08-29T23:15:57.702+0800] GC(1306)   Merge Heap Roots: 0.1ms
[2024-08-29T23:15:57.702+0800] GC(1306)   Evacuate Collection Set: 0.3ms
[2024-08-29T23:15:57.702+0800] GC(1306)   Post Evacuate Collection Set: 0.2ms
[2024-08-29T23:15:57.702+0800] GC(1306)   Other: 0.2ms
[2024-08-29T23:15:57.702+0800] GC(1306) Eden regions: 3->0(938)
[2024-08-29T23:15:57.702+0800] GC(1306) Survivor regions: 0->0(119)
[2024-08-29T23:15:57.702+0800] GC(1306) Old regions: 1->1
[2024-08-29T23:15:57.702+0800] GC(1306) Archive regions: 2->2
[2024-08-29T23:15:57.702+0800] GC(1306) Humongous regions: 920->901
[2024-08-29T23:15:57.702+0800] GC(1306) Metaspace: 1627K(1792K)->1627K(1792K) NonClass: 1508K(1600K)->1508K(1600K) Class: 119K(192K)->119K(192K)
[2024-08-29T23:15:57.702+0800] GC(1306) Pause Young (Concurrent Start) (G1 Humongous Allocation) 924M->902M(2048M) 1.029ms
[2024-08-29T23:15:57.702+0800] GC(1306) User=0.00s Sys=0.00s Real=0.00s
[2024-08-29T23:15:57.702+0800] GC(1307) Concurrent Undo Cycle
[2024-08-29T23:15:57.702+0800] GC(1307) Concurrent Cleanup for Next Mark
[2024-08-29T23:15:57.707+0800] GC(1307) Concurrent Cleanup for Next Mark 5.028ms
[2024-08-29T23:15:57.708+0800] GC(1307) Concurrent Undo Cycle 5.103ms
[2024-08-29T23:15:57.708+0800] GC(1308) Pause Young (Concurrent Start) (G1 Humongous Allocation)
[2024-08-29T23:15:57.708+0800] GC(1308) Using 8 workers of 8 for evacuation
[2024-08-29T23:15:57.709+0800] GC(1308)   Pre Evacuate Collection Set: 0.3ms
[2024-08-29T23:15:57.709+0800] GC(1308)   Merge Heap Roots: 0.1ms
[2024-08-29T23:15:57.709+0800] GC(1308)   Evacuate Collection Set: 0.3ms
[2024-08-29T23:15:57.709+0800] GC(1308)   Post Evacuate Collection Set: 0.2ms
[2024-08-29T23:15:57.709+0800] GC(1308)   Other: 0.1ms
[2024-08-29T23:15:57.709+0800] GC(1308) Eden regions: 3->0(931)
[2024-08-29T23:15:57.709+0800] GC(1308) Survivor regions: 0->0(118)
[2024-08-29T23:15:57.709+0800] GC(1308) Old regions: 1->1
[2024-08-29T23:15:57.709+0800] GC(1308) Archive regions: 2->2
[2024-08-29T23:15:57.709+0800] GC(1308) Humongous regions: 919->908
[2024-08-29T23:15:57.709+0800] GC(1308) Metaspace: 1627K(1792K)->1627K(1792K) NonClass: 1508K(1600K)->1508K(1600K) Class: 119K(192K)->119K(192K)
[2024-08-29T23:15:57.709+0800] GC(1308) Pause Young (Concurrent Start) (G1 Humongous Allocation) 923M->909M(2048M) 1.117ms
[2024-08-29T23:15:57.709+0800] GC(1308) User=0.00s Sys=0.00s Real=0.00s
[2024-08-29T23:15:57.709+0800] GC(1309) Concurrent Undo Cycle
[2024-08-29T23:15:57.709+0800] GC(1309) Concurrent Cleanup for Next Mark
[2024-08-29T23:15:57.713+0800] GC(1309) Concurrent Cleanup for Next Mark 4.291ms
[2024-08-29T23:15:57.713+0800] GC(1309) Concurrent Undo Cycle 4.358ms
[2024-08-29T23:15:57.713+0800] GC(1310) Pause Young (Concurrent Start) (G1 Humongous Allocation)
[2024-08-29T23:15:57.713+0800] GC(1310) Using 8 workers of 8 for evacuation
[2024-08-29T23:15:57.714+0800] GC(1310)   Pre Evacuate Collection Set: 0.2ms
[2024-08-29T23:15:57.714+0800] GC(1310)   Merge Heap Roots: 0.1ms
[2024-08-29T23:15:57.714+0800] GC(1310)   Evacuate Collection Set: 0.3ms
[2024-08-29T23:15:57.714+0800] GC(1310)   Post Evacuate Collection Set: 0.3ms
[2024-08-29T23:15:57.714+0800] GC(1310)   Other: 0.1ms
[2024-08-29T23:15:57.714+0800] GC(1310) Eden regions: 3->0(927)
[2024-08-29T23:15:57.714+0800] GC(1310) Survivor regions: 0->0(117)
[2024-08-29T23:15:57.714+0800] GC(1310) Old regions: 1->1
[2024-08-29T23:15:57.714+0800] GC(1310) Archive regions: 2->2
[2024-08-29T23:15:57.714+0800] GC(1310) Humongous regions: 920->912
[2024-08-29T23:15:57.714+0800] GC(1310) Metaspace: 1627K(1792K)->1627K(1792K) NonClass: 1508K(1600K)->1508K(1600K) Class: 119K(192K)->119K(192K)
[2024-08-29T23:15:57.714+0800] GC(1310) Pause Young (Concurrent Start) (G1 Humongous Allocation) 923M->913M(2048M) 1.050ms
[2024-08-29T23:15:57.714+0800] GC(1310) User=0.00s Sys=0.00s Real=0.00s
[2024-08-29T23:15:57.714+0800] GC(1311) Concurrent Undo Cycle
[2024-08-29T23:15:57.714+0800] GC(1311) Concurrent Cleanup for Next Mark
[2024-08-29T23:15:57.719+0800] GC(1311) Concurrent Cleanup for Next Mark 4.624ms
[2024-08-29T23:15:57.719+0800] GC(1311) Concurrent Undo Cycle 4.691ms
[2024-08-29T23:15:57.722+0800] GC(1312) Pause Young (Concurrent Start) (G1 Humongous Allocation)
[2024-08-29T23:15:57.723+0800] GC(1312) Using 8 workers of 8 for evacuation
[2024-08-29T23:15:57.724+0800] GC(1312)   Pre Evacuate Collection Set: 0.3ms
[2024-08-29T23:15:57.724+0800] GC(1312)   Merge Heap Roots: 0.1ms
[2024-08-29T23:15:57.724+0800] GC(1312)   Evacuate Collection Set: 0.5ms
[2024-08-29T23:15:57.724+0800] GC(1312)   Post Evacuate Collection Set: 0.3ms
[2024-08-29T23:15:57.724+0800] GC(1312)   Other: 0.3ms
[2024-08-29T23:15:57.724+0800] GC(1312) Eden regions: 3->0(937)
[2024-08-29T23:15:57.724+0800] GC(1312) Survivor regions: 0->0(116)
[2024-08-29T23:15:57.724+0800] GC(1312) Old regions: 1->1
[2024-08-29T23:15:57.724+0800] GC(1312) Archive regions: 2->2
[2024-08-29T23:15:57.724+0800] GC(1312) Humongous regions: 924->902
[2024-08-29T23:15:57.724+0800] GC(1312) Metaspace: 1627K(1792K)->1627K(1792K) NonClass: 1508K(1600K)->1508K(1600K) Class: 119K(192K)->119K(192K)
[2024-08-29T23:15:57.724+0800] GC(1312) Pause Young (Concurrent Start) (G1 Humongous Allocation) 928M->903M(2048M) 1.529ms
[2024-08-29T23:15:57.724+0800] GC(1312) User=0.00s Sys=0.00s Real=0.00s
[2024-08-29T23:15:57.724+0800] GC(1313) Concurrent Undo Cycle
[2024-08-29T23:15:57.724+0800] GC(1313) Concurrent Cleanup for Next Mark
[2024-08-29T23:15:57.729+0800] GC(1313) Concurrent Cleanup for Next Mark 4.729ms
[2024-08-29T23:15:57.729+0800] GC(1313) Concurrent Undo Cycle 4.798ms
[2024-08-29T23:15:57.729+0800] GC(1314) Pause Young (Concurrent Start) (G1 Humongous Allocation)
[2024-08-29T23:15:57.729+0800] GC(1314) Using 8 workers of 8 for evacuation
[2024-08-29T23:15:57.730+0800] GC(1314)   Pre Evacuate Collection Set: 0.2ms
[2024-08-29T23:15:57.730+0800] GC(1314)   Merge Heap Roots: 0.1ms
[2024-08-29T23:15:57.730+0800] GC(1314)   Evacuate Collection Set: 0.3ms
[2024-08-29T23:15:57.730+0800] GC(1314)   Post Evacuate Collection Set: 0.3ms
[2024-08-29T23:15:57.730+0800] GC(1314)   Other: 0.1ms
[2024-08-29T23:15:57.730+0800] GC(1314) Eden regions: 3->0(933)
[2024-08-29T23:15:57.730+0800] GC(1314) Survivor regions: 0->0(118)
[2024-08-29T23:15:57.730+0800] GC(1314) Old regions: 1->1
[2024-08-29T23:15:57.730+0800] GC(1314) Archive regions: 2->2
[2024-08-29T23:15:57.730+0800] GC(1314) Humongous regions: 921->906
[2024-08-29T23:15:57.730+0800] GC(1314) Metaspace: 1627K(1792K)->1627K(1792K) NonClass: 1508K(1600K)->1508K(1600K) Class: 119K(192K)->119K(192K)
[2024-08-29T23:15:57.730+0800] GC(1314) Pause Young (Concurrent Start) (G1 Humongous Allocation) 925M->907M(2048M) 1.025ms
[2024-08-29T23:15:57.730+0800] GC(1314) User=0.00s Sys=0.00s Real=0.00s
[2024-08-29T23:15:57.730+0800] GC(1315) Concurrent Undo Cycle
[2024-08-29T23:15:57.730+0800] GC(1315) Concurrent Cleanup for Next Mark
[2024-08-29T23:15:57.734+0800] GC(1315) Concurrent Cleanup for Next Mark 4.034ms
[2024-08-29T23:15:57.734+0800] GC(1315) Concurrent Undo Cycle 4.081ms
[2024-08-29T23:15:57.737+0800] GC(1316) Pause Young (Concurrent Start) (G1 Humongous Allocation)
[2024-08-29T23:15:57.737+0800] GC(1316) Using 8 workers of 8 for evacuation
[2024-08-29T23:15:57.738+0800] GC(1316)   Pre Evacuate Collection Set: 0.3ms
[2024-08-29T23:15:57.739+0800] GC(1316)   Merge Heap Roots: 0.1ms
[2024-08-29T23:15:57.739+0800] GC(1316)   Evacuate Collection Set: 0.3ms
[2024-08-29T23:15:57.739+0800] GC(1316)   Post Evacuate Collection Set: 0.3ms
[2024-08-29T23:15:57.739+0800] GC(1316)   Other: 0.1ms
[2024-08-29T23:15:57.739+0800] GC(1316) Eden regions: 3->0(937)
[2024-08-29T23:15:57.739+0800] GC(1316) Survivor regions: 0->0(117)
[2024-08-29T23:15:57.739+0800] GC(1316) Old regions: 1->1
[2024-08-29T23:15:57.739+0800] GC(1316) Archive regions: 2->2
[2024-08-29T23:15:57.739+0800] GC(1316) Humongous regions: 919->902
[2024-08-29T23:15:57.739+0800] GC(1316) Metaspace: 1627K(1792K)->1627K(1792K) NonClass: 1508K(1600K)->1508K(1600K) Class: 119K(192K)->119K(192K)
[2024-08-29T23:15:57.739+0800] GC(1316) Pause Young (Concurrent Start) (G1 Humongous Allocation) 923M->903M(2048M) 1.307ms
[2024-08-29T23:15:57.739+0800] GC(1316) User=0.00s Sys=0.00s Real=0.00s
[2024-08-29T23:15:57.739+0800] GC(1317) Concurrent Undo Cycle
[2024-08-29T23:15:57.739+0800] GC(1317) Concurrent Cleanup for Next Mark
[2024-08-29T23:15:57.744+0800] GC(1317) Concurrent Cleanup for Next Mark 4.965ms
[2024-08-29T23:15:57.744+0800] GC(1317) Concurrent Undo Cycle 5.061ms
[2024-08-29T23:15:57.750+0800] GC(1318) Pause Young (Concurrent Start) (G1 Humongous Allocation)
[2024-08-29T23:15:57.750+0800] GC(1318) Using 8 workers of 8 for evacuation
[2024-08-29T23:15:57.751+0800] GC(1318)   Pre Evacuate Collection Set: 0.4ms
[2024-08-29T23:15:57.751+0800] GC(1318)   Merge Heap Roots: 0.1ms
[2024-08-29T23:15:57.751+0800] GC(1318)   Evacuate Collection Set: 0.3ms
[2024-08-29T23:15:57.751+0800] GC(1318)   Post Evacuate Collection Set: 0.3ms
[2024-08-29T23:15:57.752+0800] GC(1318)   Other: 0.2ms
[2024-08-29T23:15:57.752+0800] GC(1318) Eden regions: 3->0(953)
[2024-08-29T23:15:57.752+0800] GC(1318) Survivor regions: 0->0(118)
[2024-08-29T23:15:57.752+0800] GC(1318) Old regions: 1->1
[2024-08-29T23:15:57.752+0800] GC(1318) Archive regions: 2->2
[2024-08-29T23:15:57.752+0800] GC(1318) Humongous regions: 918->886
[2024-08-29T23:15:57.752+0800] GC(1318) Metaspace: 1627K(1792K)->1627K(1792K) NonClass: 1508K(1600K)->1508K(1600K) Class: 119K(192K)->119K(192K)
[2024-08-29T23:15:57.752+0800] GC(1318) Pause Young (Concurrent Start) (G1 Humongous Allocation) 922M->887M(2048M) 1.360ms
[2024-08-29T23:15:57.752+0800] GC(1318) User=0.00s Sys=0.00s Real=0.00s
[2024-08-29T23:15:57.752+0800] GC(1319) Concurrent Undo Cycle
[2024-08-29T23:15:57.752+0800] GC(1319) Concurrent Cleanup for Next Mark
[2024-08-29T23:15:57.759+0800] GC(1319) Concurrent Cleanup for Next Mark 7.760ms
[2024-08-29T23:15:57.759+0800] GC(1319) Concurrent Undo Cycle 7.879ms
[2024-08-29T23:15:57.760+0800] GC(1320) Pause Young (Concurrent Start) (G1 Humongous Allocation)
[2024-08-29T23:15:57.760+0800] GC(1320) Using 8 workers of 8 for evacuation
[2024-08-29T23:15:57.761+0800] GC(1320)   Pre Evacuate Collection Set: 0.2ms
[2024-08-29T23:15:57.761+0800] GC(1320)   Merge Heap Roots: 0.1ms
[2024-08-29T23:15:57.761+0800] GC(1320)   Evacuate Collection Set: 0.3ms
[2024-08-29T23:15:57.761+0800] GC(1320)   Post Evacuate Collection Set: 0.3ms
[2024-08-29T23:15:57.761+0800] GC(1320)   Other: 0.1ms
[2024-08-29T23:15:57.761+0800] GC(1320) Eden regions: 3->0(919)
[2024-08-29T23:15:57.761+0800] GC(1320) Survivor regions: 0->0(120)
[2024-08-29T23:15:57.761+0800] GC(1320) Old regions: 1->1
[2024-08-29T23:15:57.761+0800] GC(1320) Archive regions: 2->2
[2024-08-29T23:15:57.761+0800] GC(1320) Humongous regions: 925->920
[2024-08-29T23:15:57.761+0800] GC(1320) Metaspace: 1627K(1792K)->1627K(1792K) NonClass: 1508K(1600K)->1508K(1600K) Class: 119K(192K)->119K(192K)
[2024-08-29T23:15:57.761+0800] GC(1320) Pause Young (Concurrent Start) (G1 Humongous Allocation) 929M->921M(2048M) 1.104ms
[2024-08-29T23:15:57.761+0800] GC(1320) User=0.00s Sys=0.00s Real=0.00s
[2024-08-29T23:15:57.761+0800] GC(1321) Concurrent Mark Cycle
[2024-08-29T23:15:57.761+0800] GC(1321) Concurrent Clear Claimed Marks
[2024-08-29T23:15:57.761+0800] GC(1321) Concurrent Clear Claimed Marks 0.005ms
[2024-08-29T23:15:57.761+0800] GC(1321) Concurrent Scan Root Regions
[2024-08-29T23:15:57.761+0800] GC(1321) Concurrent Scan Root Regions 0.004ms
[2024-08-29T23:15:57.761+0800] GC(1321) Concurrent Mark
[2024-08-29T23:15:57.761+0800] GC(1321) Concurrent Mark From Roots
[2024-08-29T23:15:57.761+0800] GC(1321) Using 2 workers of 2 for marking
[2024-08-29T23:15:57.764+0800] GC(1321) Concurrent Mark From Roots 2.136ms
[2024-08-29T23:15:57.764+0800] GC(1321) Concurrent Preclean
[2024-08-29T23:15:57.764+0800] GC(1321) Concurrent Preclean 0.066ms
[2024-08-29T23:15:57.764+0800] GC(1321) Pause Remark
[2024-08-29T23:15:57.765+0800] GC(1321) Pause Remark 927M->927M(2048M) 0.914ms
[2024-08-29T23:15:57.765+0800] GC(1321) User=0.00s Sys=0.00s Real=0.00s
[2024-08-29T23:15:57.765+0800] GC(1321) Concurrent Mark 3.262ms
[2024-08-29T23:15:57.765+0800] GC(1321) Concurrent Rebuild Remembered Sets
[2024-08-29T23:15:57.765+0800] GC(1321) Concurrent Rebuild Remembered Sets 0.005ms
[2024-08-29T23:15:57.765+0800] GC(1321) Pause Cleanup
[2024-08-29T23:15:57.765+0800] GC(1321) Pause Cleanup 928M->928M(2048M) 0.010ms
[2024-08-29T23:15:57.765+0800] GC(1321) User=0.00s Sys=0.00s Real=0.00s
[2024-08-29T23:15:57.765+0800] GC(1321) Concurrent Cleanup for Next Mark
[2024-08-29T23:15:57.768+0800] GC(1321) Concurrent Cleanup for Next Mark 3.700ms
[2024-08-29T23:15:57.769+0800] GC(1321) Concurrent Mark Cycle 7.171ms
[2024-08-29T23:15:57.769+0800] GC(1322) Pause Young (Concurrent Start) (G1 Humongous Allocation)
[2024-08-29T23:15:57.769+0800] GC(1322) Using 8 workers of 8 for evacuation
[2024-08-29T23:15:57.770+0800] GC(1322)   Pre Evacuate Collection Set: 0.4ms
[2024-08-29T23:15:57.770+0800] GC(1322)   Merge Heap Roots: 0.1ms
[2024-08-29T23:15:57.770+0800] GC(1322)   Evacuate Collection Set: 0.3ms
[2024-08-29T23:15:57.770+0800] GC(1322)   Post Evacuate Collection Set: 0.3ms
[2024-08-29T23:15:57.770+0800] GC(1322)   Other: 0.2ms
[2024-08-29T23:15:57.770+0800] GC(1322) Eden regions: 3->0(927)
[2024-08-29T23:15:57.770+0800] GC(1322) Survivor regions: 0->0(115)
[2024-08-29T23:15:57.770+0800] GC(1322) Old regions: 1->1
[2024-08-29T23:15:57.770+0800] GC(1322) Archive regions: 2->2
[2024-08-29T23:15:57.770+0800] GC(1322) Humongous regions: 931->912
[2024-08-29T23:15:57.770+0800] GC(1322) Metaspace: 1627K(1792K)->1627K(1792K) NonClass: 1508K(1600K)->1508K(1600K) Class: 119K(192K)->119K(192K)
[2024-08-29T23:15:57.770+0800] GC(1322) Pause Young (Concurrent Start) (G1 Humongous Allocation) 935M->913M(2048M) 1.288ms
[2024-08-29T23:15:57.771+0800] GC(1322) User=0.00s Sys=0.00s Real=0.00s
[2024-08-29T23:15:57.771+0800] GC(1323) Concurrent Undo Cycle
[2024-08-29T23:15:57.771+0800] GC(1323) Concurrent Cleanup for Next Mark
[2024-08-29T23:15:57.776+0800] GC(1323) Concurrent Cleanup for Next Mark 5.222ms
[2024-08-29T23:15:57.776+0800] GC(1323) Concurrent Undo Cycle 5.302ms
[2024-08-29T23:15:57.777+0800] GC(1324) Pause Young (Concurrent Start) (G1 Humongous Allocation)
[2024-08-29T23:15:57.777+0800] GC(1324) Using 8 workers of 8 for evacuation
[2024-08-29T23:15:57.778+0800] GC(1324)   Pre Evacuate Collection Set: 0.2ms
[2024-08-29T23:15:57.778+0800] GC(1324)   Merge Heap Roots: 0.1ms
[2024-08-29T23:15:57.778+0800] GC(1324)   Evacuate Collection Set: 0.3ms
[2024-08-29T23:15:57.778+0800] GC(1324)   Post Evacuate Collection Set: 0.3ms
[2024-08-29T23:15:57.778+0800] GC(1324)   Other: 0.1ms
[2024-08-29T23:15:57.778+0800] GC(1324) Eden regions: 3->0(927)
[2024-08-29T23:15:57.778+0800] GC(1324) Survivor regions: 0->0(116)
[2024-08-29T23:15:57.778+0800] GC(1324) Old regions: 1->1
[2024-08-29T23:15:57.778+0800] GC(1324) Archive regions: 2->2
[2024-08-29T23:15:57.778+0800] GC(1324) Humongous regions: 930->912
[2024-08-29T23:15:57.778+0800] GC(1324) Metaspace: 1627K(1792K)->1627K(1792K) NonClass: 1508K(1600K)->1508K(1600K) Class: 119K(192K)->119K(192K)
[2024-08-29T23:15:57.778+0800] GC(1324) Pause Young (Concurrent Start) (G1 Humongous Allocation) 934M->913M(2048M) 1.116ms
[2024-08-29T23:15:57.778+0800] GC(1324) User=0.01s Sys=0.01s Real=0.00s
[2024-08-29T23:15:57.778+0800] GC(1325) Concurrent Undo Cycle
[2024-08-29T23:15:57.778+0800] GC(1325) Concurrent Cleanup for Next Mark
[2024-08-29T23:15:57.783+0800] GC(1325) Concurrent Cleanup for Next Mark 4.181ms
[2024-08-29T23:15:57.783+0800] GC(1325) Concurrent Undo Cycle 4.243ms
[2024-08-29T23:15:57.784+0800] GC(1326) Pause Young (Concurrent Start) (G1 Humongous Allocation)
[2024-08-29T23:15:57.784+0800] GC(1326) Using 8 workers of 8 for evacuation
[2024-08-29T23:15:57.786+0800] GC(1326)   Pre Evacuate Collection Set: 0.3ms
[2024-08-29T23:15:57.786+0800] GC(1326)   Merge Heap Roots: 0.1ms
[2024-08-29T23:15:57.786+0800] GC(1326)   Evacuate Collection Set: 0.5ms
[2024-08-29T23:15:57.786+0800] GC(1326)   Post Evacuate Collection Set: 0.2ms
[2024-08-29T23:15:57.786+0800] GC(1326)   Other: 0.2ms
[2024-08-29T23:15:57.786+0800] GC(1326) Eden regions: 3->0(951)
[2024-08-29T23:15:57.786+0800] GC(1326) Survivor regions: 0->0(116)
[2024-08-29T23:15:57.786+0800] GC(1326) Old regions: 1->1
[2024-08-29T23:15:57.786+0800] GC(1326) Archive regions: 2->2
[2024-08-29T23:15:57.786+0800] GC(1326) Humongous regions: 919->888
[2024-08-29T23:15:57.786+0800] GC(1326) Metaspace: 1627K(1792K)->1627K(1792K) NonClass: 1508K(1600K)->1508K(1600K) Class: 119K(192K)->119K(192K)
[2024-08-29T23:15:57.786+0800] GC(1326) Pause Young (Concurrent Start) (G1 Humongous Allocation) 923M->889M(2048M) 1.279ms
[2024-08-29T23:15:57.786+0800] GC(1326) User=0.00s Sys=0.00s Real=0.00s
[2024-08-29T23:15:57.786+0800] GC(1327) Concurrent Undo Cycle
[2024-08-29T23:15:57.786+0800] GC(1327) Concurrent Cleanup for Next Mark
[2024-08-29T23:15:57.791+0800] GC(1327) Concurrent Cleanup for Next Mark 5.041ms
[2024-08-29T23:15:57.791+0800] GC(1327) Concurrent Undo Cycle 5.195ms
[2024-08-29T23:15:57.793+0800] GC(1328) Pause Young (Concurrent Start) (G1 Humongous Allocation)
[2024-08-29T23:15:57.793+0800] GC(1328) Using 8 workers of 8 for evacuation
[2024-08-29T23:15:57.794+0800] GC(1328)   Pre Evacuate Collection Set: 0.3ms
[2024-08-29T23:15:57.794+0800] GC(1328)   Merge Heap Roots: 0.1ms
[2024-08-29T23:15:57.794+0800] GC(1328)   Evacuate Collection Set: 0.3ms
[2024-08-29T23:15:57.794+0800] GC(1328)   Post Evacuate Collection Set: 0.3ms
[2024-08-29T23:15:57.794+0800] GC(1328)   Other: 0.1ms
[2024-08-29T23:15:57.794+0800] GC(1328) Eden regions: 3->0(953)
[2024-08-29T23:15:57.794+0800] GC(1328) Survivor regions: 0->0(119)
[2024-08-29T23:15:57.794+0800] GC(1328) Old regions: 1->1
[2024-08-29T23:15:57.794+0800] GC(1328) Archive regions: 2->2
[2024-08-29T23:15:57.794+0800] GC(1328) Humongous regions: 915->886
[2024-08-29T23:15:57.794+0800] GC(1328) Metaspace: 1627K(1792K)->1627K(1792K) NonClass: 1508K(1600K)->1508K(1600K) Class: 119K(192K)->119K(192K)
[2024-08-29T23:15:57.794+0800] GC(1328) Pause Young (Concurrent Start) (G1 Humongous Allocation) 919M->887M(2048M) 1.215ms
[2024-08-29T23:15:57.794+0800] GC(1328) User=0.00s Sys=0.01s Real=0.00s
[2024-08-29T23:15:57.794+0800] GC(1329) Concurrent Undo Cycle
[2024-08-29T23:15:57.795+0800] GC(1329) Concurrent Cleanup for Next Mark
[2024-08-29T23:15:57.798+0800] GC(1329) Concurrent Cleanup for Next Mark 3.708ms
[2024-08-29T23:15:57.798+0800] GC(1329) Concurrent Undo Cycle 3.776ms
[2024-08-29T23:15:57.818+0800] GC(1330) Pause Young (Concurrent Start) (G1 Humongous Allocation)
[2024-08-29T23:15:57.818+0800] GC(1330) Using 8 workers of 8 for evacuation
[2024-08-29T23:15:57.819+0800] GC(1330)   Pre Evacuate Collection Set: 0.3ms
[2024-08-29T23:15:57.819+0800] GC(1330)   Merge Heap Roots: 0.1ms
[2024-08-29T23:15:57.819+0800] GC(1330)   Evacuate Collection Set: 0.3ms
[2024-08-29T23:15:57.819+0800] GC(1330)   Post Evacuate Collection Set: 0.3ms
[2024-08-29T23:15:57.820+0800] GC(1330)   Other: 0.2ms
[2024-08-29T23:15:57.820+0800] GC(1330) Eden regions: 4->0(975)
[2024-08-29T23:15:57.820+0800] GC(1330) Survivor regions: 0->0(120)
[2024-08-29T23:15:57.820+0800] GC(1330) Old regions: 1->1
[2024-08-29T23:15:57.820+0800] GC(1330) Archive regions: 2->2
[2024-08-29T23:15:57.820+0800] GC(1330) Humongous regions: 916->864
[2024-08-29T23:15:57.820+0800] GC(1330) Metaspace: 1627K(1792K)->1627K(1792K) NonClass: 1508K(1600K)->1508K(1600K) Class: 119K(192K)->119K(192K)
[2024-08-29T23:15:57.820+0800] GC(1330) Pause Young (Concurrent Start) (G1 Humongous Allocation) 921M->865M(2048M) 1.198ms
[2024-08-29T23:15:57.820+0800] GC(1330) User=0.00s Sys=0.00s Real=0.00s
[2024-08-29T23:15:57.820+0800] GC(1331) Concurrent Undo Cycle
[2024-08-29T23:15:57.820+0800] GC(1331) Concurrent Cleanup for Next Mark
[2024-08-29T23:15:57.826+0800] GC(1331) Concurrent Cleanup for Next Mark 6.708ms
[2024-08-29T23:15:57.826+0800] GC(1331) Concurrent Undo Cycle 6.830ms
[2024-08-29T23:15:57.836+0800] GC(1332) Pause Young (Concurrent Start) (G1 Humongous Allocation)
[2024-08-29T23:15:57.837+0800] GC(1332) Using 8 workers of 8 for evacuation
[2024-08-29T23:15:57.838+0800] GC(1332)   Pre Evacuate Collection Set: 0.4ms
[2024-08-29T23:15:57.838+0800] GC(1332)   Merge Heap Roots: 0.1ms
[2024-08-29T23:15:57.838+0800] GC(1332)   Evacuate Collection Set: 0.9ms
[2024-08-29T23:15:57.838+0800] GC(1332)   Post Evacuate Collection Set: 0.3ms
[2024-08-29T23:15:57.838+0800] GC(1332)   Other: 0.2ms
[2024-08-29T23:15:57.838+0800] GC(1332) Eden regions: 4->0(948)
[2024-08-29T23:15:57.838+0800] GC(1332) Survivor regions: 0->0(122)
[2024-08-29T23:15:57.838+0800] GC(1332) Old regions: 1->1
[2024-08-29T23:15:57.838+0800] GC(1332) Archive regions: 2->2
[2024-08-29T23:15:57.838+0800] GC(1332) Humongous regions: 916->891
[2024-08-29T23:15:57.838+0800] GC(1332) Metaspace: 1627K(1792K)->1627K(1792K) NonClass: 1508K(1600K)->1508K(1600K) Class: 119K(192K)->119K(192K)
[2024-08-29T23:15:57.838+0800] GC(1332) Pause Young (Concurrent Start) (G1 Humongous Allocation) 921M->892M(2048M) 1.904ms
[2024-08-29T23:15:57.838+0800] GC(1332) User=0.00s Sys=0.00s Real=0.00s
[2024-08-29T23:15:57.838+0800] GC(1333) Concurrent Undo Cycle
[2024-08-29T23:15:57.838+0800] GC(1333) Concurrent Cleanup for Next Mark
[2024-08-29T23:15:57.844+0800] GC(1333) Concurrent Cleanup for Next Mark 5.134ms
[2024-08-29T23:15:57.844+0800] GC(1333) Concurrent Undo Cycle 5.272ms
[2024-08-29T23:15:57.845+0800] GC(1334) Pause Young (Concurrent Start) (G1 Humongous Allocation)
[2024-08-29T23:15:57.846+0800] GC(1334) Using 8 workers of 8 for evacuation
[2024-08-29T23:15:57.846+0800] GC(1334)   Pre Evacuate Collection Set: 0.2ms
[2024-08-29T23:15:57.846+0800] GC(1334)   Merge Heap Roots: 0.1ms
[2024-08-29T23:15:57.846+0800] GC(1334)   Evacuate Collection Set: 0.3ms
[2024-08-29T23:15:57.846+0800] GC(1334)   Post Evacuate Collection Set: 0.3ms
[2024-08-29T23:15:57.846+0800] GC(1334)   Other: 0.1ms
[2024-08-29T23:15:57.846+0800] GC(1334) Eden regions: 4->0(952)
[2024-08-29T23:15:57.846+0800] GC(1334) Survivor regions: 0->0(119)
[2024-08-29T23:15:57.847+0800] GC(1334) Old regions: 1->1
[2024-08-29T23:15:57.847+0800] GC(1334) Archive regions: 2->2
[2024-08-29T23:15:57.847+0800] GC(1334) Humongous regions: 916->887
[2024-08-29T23:15:57.847+0800] GC(1334) Metaspace: 1627K(1792K)->1627K(1792K) NonClass: 1508K(1600K)->1508K(1600K) Class: 119K(192K)->119K(192K)
[2024-08-29T23:15:57.847+0800] GC(1334) Pause Young (Concurrent Start) (G1 Humongous Allocation) 920M->888M(2048M) 1.035ms
[2024-08-29T23:15:57.847+0800] GC(1334) User=0.00s Sys=0.01s Real=0.00s
[2024-08-29T23:15:57.847+0800] GC(1335) Concurrent Undo Cycle
[2024-08-29T23:15:57.847+0800] GC(1335) Concurrent Cleanup for Next Mark
[2024-08-29T23:15:57.852+0800] GC(1335) Concurrent Cleanup for Next Mark 5.315ms
[2024-08-29T23:15:57.852+0800] GC(1335) Concurrent Undo Cycle 5.380ms
[2024-08-29T23:15:57.856+0800] GC(1336) Pause Young (Concurrent Start) (G1 Humongous Allocation)
[2024-08-29T23:15:57.856+0800] GC(1336) Using 8 workers of 8 for evacuation
[2024-08-29T23:15:57.857+0800] GC(1336)   Pre Evacuate Collection Set: 0.2ms
[2024-08-29T23:15:57.857+0800] GC(1336)   Merge Heap Roots: 0.1ms
[2024-08-29T23:15:57.857+0800] GC(1336)   Evacuate Collection Set: 0.3ms
[2024-08-29T23:15:57.857+0800] GC(1336)   Post Evacuate Collection Set: 0.3ms
[2024-08-29T23:15:57.857+0800] GC(1336)   Other: 0.2ms
[2024-08-29T23:15:57.857+0800] GC(1336) Eden regions: 4->0(935)
[2024-08-29T23:15:57.857+0800] GC(1336) Survivor regions: 0->0(119)
[2024-08-29T23:15:57.857+0800] GC(1336) Old regions: 1->1
[2024-08-29T23:15:57.857+0800] GC(1336) Archive regions: 2->2
[2024-08-29T23:15:57.857+0800] GC(1336) Humongous regions: 917->904
[2024-08-29T23:15:57.857+0800] GC(1336) Metaspace: 1627K(1792K)->1627K(1792K) NonClass: 1508K(1600K)->1508K(1600K) Class: 119K(192K)->119K(192K)
[2024-08-29T23:15:57.857+0800] GC(1336) Pause Young (Concurrent Start) (G1 Humongous Allocation) 922M->905M(2048M) 1.167ms
[2024-08-29T23:15:57.857+0800] GC(1336) User=0.00s Sys=0.00s Real=0.00s
[2024-08-29T23:15:57.857+0800] GC(1337) Concurrent Undo Cycle
[2024-08-29T23:15:57.857+0800] GC(1337) Concurrent Cleanup for Next Mark
[2024-08-29T23:15:57.863+0800] GC(1337) Concurrent Cleanup for Next Mark 6.306ms
[2024-08-29T23:15:57.863+0800] GC(1337) Concurrent Undo Cycle 6.406ms
[2024-08-29T23:15:57.867+0800] GC(1338) Pause Young (Concurrent Start) (G1 Humongous Allocation)
[2024-08-29T23:15:57.867+0800] GC(1338) Using 8 workers of 8 for evacuation
[2024-08-29T23:15:57.867+0800] GC(1338)   Pre Evacuate Collection Set: 0.2ms
[2024-08-29T23:15:57.867+0800] GC(1338)   Merge Heap Roots: 0.1ms
[2024-08-29T23:15:57.867+0800] GC(1338)   Evacuate Collection Set: 0.3ms
[2024-08-29T23:15:57.868+0800] GC(1338)   Post Evacuate Collection Set: 0.2ms
[2024-08-29T23:15:57.868+0800] GC(1338)   Other: 0.1ms
[2024-08-29T23:15:57.868+0800] GC(1338) Eden regions: 3->0(915)
[2024-08-29T23:15:57.868+0800] GC(1338) Survivor regions: 0->0(117)
[2024-08-29T23:15:57.868+0800] GC(1338) Old regions: 1->1
[2024-08-29T23:15:57.868+0800] GC(1338) Archive regions: 2->2
[2024-08-29T23:15:57.868+0800] GC(1338) Humongous regions: 932->924
[2024-08-29T23:15:57.868+0800] GC(1338) Metaspace: 1627K(1792K)->1627K(1792K) NonClass: 1508K(1600K)->1508K(1600K) Class: 119K(192K)->119K(192K)
[2024-08-29T23:15:57.868+0800] GC(1338) Pause Young (Concurrent Start) (G1 Humongous Allocation) 936M->925M(2048M) 1.026ms
[2024-08-29T23:15:57.868+0800] GC(1338) User=0.00s Sys=0.00s Real=0.00s
[2024-08-29T23:15:57.868+0800] GC(1339) Concurrent Mark Cycle
[2024-08-29T23:15:57.868+0800] GC(1339) Concurrent Clear Claimed Marks
[2024-08-29T23:15:57.868+0800] GC(1339) Concurrent Clear Claimed Marks 0.005ms
[2024-08-29T23:15:57.868+0800] GC(1339) Concurrent Scan Root Regions
[2024-08-29T23:15:57.868+0800] GC(1339) Concurrent Scan Root Regions 0.004ms
[2024-08-29T23:15:57.868+0800] GC(1339) Concurrent Mark
[2024-08-29T23:15:57.868+0800] GC(1339) Concurrent Mark From Roots
[2024-08-29T23:15:57.868+0800] GC(1339) Using 2 workers of 2 for marking
[2024-08-29T23:15:57.871+0800] GC(1339) Concurrent Mark From Roots 3.017ms
[2024-08-29T23:15:57.871+0800] GC(1339) Concurrent Preclean
[2024-08-29T23:15:57.871+0800] GC(1339) Concurrent Preclean 0.072ms
[2024-08-29T23:15:57.871+0800] GC(1339) Pause Remark
[2024-08-29T23:15:57.872+0800] GC(1339) Pause Remark 949M->949M(2048M) 1.051ms
[2024-08-29T23:15:57.872+0800] GC(1339) User=0.00s Sys=0.00s Real=0.00s
[2024-08-29T23:15:57.872+0800] GC(1339) Concurrent Mark 4.300ms
[2024-08-29T23:15:57.872+0800] GC(1339) Concurrent Rebuild Remembered Sets
[2024-08-29T23:15:57.872+0800] GC(1339) Concurrent Rebuild Remembered Sets 0.005ms
[2024-08-29T23:15:57.873+0800] GC(1339) Pause Cleanup
[2024-08-29T23:15:57.873+0800] GC(1339) Pause Cleanup 951M->951M(2048M) 0.015ms
[2024-08-29T23:15:57.873+0800] GC(1339) User=0.00s Sys=0.00s Real=0.00s
[2024-08-29T23:15:57.873+0800] GC(1339) Concurrent Cleanup for Next Mark
[2024-08-29T23:15:57.876+0800] GC(1339) Concurrent Cleanup for Next Mark 3.464ms
[2024-08-29T23:15:57.876+0800] GC(1339) Concurrent Mark Cycle 8.502ms
[2024-08-29T23:15:57.878+0800] GC(1340) Pause Young (Concurrent Start) (G1 Humongous Allocation)
[2024-08-29T23:15:57.878+0800] GC(1340) Using 8 workers of 8 for evacuation
[2024-08-29T23:15:57.878+0800] GC(1340)   Pre Evacuate Collection Set: 0.2ms
[2024-08-29T23:15:57.879+0800] GC(1340)   Merge Heap Roots: 0.1ms
[2024-08-29T23:15:57.879+0800] GC(1340)   Evacuate Collection Set: 0.3ms
[2024-08-29T23:15:57.879+0800] GC(1340)   Post Evacuate Collection Set: 0.3ms
[2024-08-29T23:15:57.879+0800] GC(1340)   Other: 0.1ms
[2024-08-29T23:15:57.879+0800] GC(1340) Eden regions: 3->0(912)
[2024-08-29T23:15:57.879+0800] GC(1340) Survivor regions: 0->0(115)
[2024-08-29T23:15:57.879+0800] GC(1340) Old regions: 1->1
[2024-08-29T23:15:57.879+0800] GC(1340) Archive regions: 2->2
[2024-08-29T23:15:57.879+0800] GC(1340) Humongous regions: 952->927
[2024-08-29T23:15:57.879+0800] GC(1340) Metaspace: 1627K(1792K)->1627K(1792K) NonClass: 1508K(1600K)->1508K(1600K) Class: 119K(192K)->119K(192K)
[2024-08-29T23:15:57.879+0800] GC(1340) Pause Young (Concurrent Start) (G1 Humongous Allocation) 956M->928M(2048M) 1.069ms
[2024-08-29T23:15:57.879+0800] GC(1340) User=0.00s Sys=0.00s Real=0.00s
[2024-08-29T23:15:57.879+0800] GC(1341) Concurrent Mark Cycle
[2024-08-29T23:15:57.879+0800] GC(1341) Concurrent Clear Claimed Marks
[2024-08-29T23:15:57.879+0800] GC(1341) Concurrent Clear Claimed Marks 0.008ms
[2024-08-29T23:15:57.879+0800] GC(1341) Concurrent Scan Root Regions
[2024-08-29T23:15:57.879+0800] GC(1341) Concurrent Scan Root Regions 0.006ms
[2024-08-29T23:15:57.879+0800] GC(1341) Concurrent Mark
[2024-08-29T23:15:57.879+0800] GC(1341) Concurrent Mark From Roots
[2024-08-29T23:15:57.879+0800] GC(1341) Using 2 workers of 2 for marking
[2024-08-29T23:15:57.882+0800] GC(1341) Concurrent Mark From Roots 2.803ms
[2024-08-29T23:15:57.882+0800] GC(1341) Concurrent Preclean
[2024-08-29T23:15:57.882+0800] GC(1341) Concurrent Preclean 0.089ms
[2024-08-29T23:15:57.883+0800] GC(1341) Pause Remark
[2024-08-29T23:15:57.884+0800] GC(1341) Pause Remark 944M->944M(2048M) 1.872ms
[2024-08-29T23:15:57.884+0800] GC(1341) User=0.00s Sys=0.00s Real=0.00s
[2024-08-29T23:15:57.884+0800] GC(1341) Concurrent Mark 5.689ms
[2024-08-29T23:15:57.885+0800] GC(1341) Concurrent Rebuild Remembered Sets
[2024-08-29T23:15:57.885+0800] GC(1341) Concurrent Rebuild Remembered Sets 0.020ms
[2024-08-29T23:15:57.885+0800] GC(1341) Pause Cleanup
[2024-08-29T23:15:57.885+0800] GC(1341) Pause Cleanup 951M->951M(2048M) 0.015ms
[2024-08-29T23:15:57.885+0800] GC(1341) User=0.00s Sys=0.00s Real=0.00s
[2024-08-29T23:15:57.885+0800] GC(1341) Concurrent Cleanup for Next Mark
[2024-08-29T23:15:57.890+0800] GC(1341) Concurrent Cleanup for Next Mark 4.838ms
[2024-08-29T23:15:57.890+0800] GC(1341) Concurrent Mark Cycle 11.556ms
[2024-08-29T23:15:57.892+0800] GC(1342) Pause Young (Concurrent Start) (G1 Humongous Allocation)
[2024-08-29T23:15:57.892+0800] GC(1342) Using 8 workers of 8 for evacuation
[2024-08-29T23:15:57.893+0800] GC(1342)   Pre Evacuate Collection Set: 0.2ms
[2024-08-29T23:15:57.893+0800] GC(1342)   Merge Heap Roots: 0.2ms
[2024-08-29T23:15:57.893+0800] GC(1342)   Evacuate Collection Set: 0.6ms
[2024-08-29T23:15:57.893+0800] GC(1342)   Post Evacuate Collection Set: 0.5ms
[2024-08-29T23:15:57.893+0800] GC(1342)   Other: 0.2ms
[2024-08-29T23:15:57.893+0800] GC(1342) Eden regions: 4->0(919)
[2024-08-29T23:15:57.893+0800] GC(1342) Survivor regions: 0->0(114)
[2024-08-29T23:15:57.893+0800] GC(1342) Old regions: 1->1
[2024-08-29T23:15:57.893+0800] GC(1342) Archive regions: 2->2
[2024-08-29T23:15:57.893+0800] GC(1342) Humongous regions: 956->920
[2024-08-29T23:15:57.893+0800] GC(1342) Metaspace: 1627K(1792K)->1627K(1792K) NonClass: 1508K(1600K)->1508K(1600K) Class: 119K(192K)->119K(192K)
[2024-08-29T23:15:57.893+0800] GC(1342) Pause Young (Concurrent Start) (G1 Humongous Allocation) 961M->921M(2048M) 1.699ms
[2024-08-29T23:15:57.893+0800] GC(1342) User=0.00s Sys=0.00s Real=0.01s
[2024-08-29T23:15:57.893+0800] GC(1343) Concurrent Mark Cycle
[2024-08-29T23:15:57.893+0800] GC(1343) Concurrent Clear Claimed Marks
[2024-08-29T23:15:57.893+0800] GC(1343) Concurrent Clear Claimed Marks 0.008ms
[2024-08-29T23:15:57.893+0800] GC(1343) Concurrent Scan Root Regions
[2024-08-29T23:15:57.893+0800] GC(1343) Concurrent Scan Root Regions 0.004ms
[2024-08-29T23:15:57.893+0800] GC(1343) Concurrent Mark
[2024-08-29T23:15:57.893+0800] GC(1343) Concurrent Mark From Roots
[2024-08-29T23:15:57.893+0800] GC(1343) Using 2 workers of 2 for marking
[2024-08-29T23:15:57.896+0800] GC(1343) Concurrent Mark From Roots 3.072ms
[2024-08-29T23:15:57.897+0800] GC(1343) Concurrent Preclean
[2024-08-29T23:15:57.897+0800] GC(1343) Concurrent Preclean 0.071ms
[2024-08-29T23:15:57.897+0800] GC(1343) Pause Remark
[2024-08-29T23:15:57.898+0800] GC(1343) Pause Remark 941M->941M(2048M) 1.205ms
[2024-08-29T23:15:57.898+0800] GC(1343) User=0.01s Sys=0.00s Real=0.00s
[2024-08-29T23:15:57.898+0800] GC(1343) Concurrent Mark 4.538ms
[2024-08-29T23:15:57.898+0800] GC(1343) Concurrent Rebuild Remembered Sets
[2024-08-29T23:15:57.898+0800] GC(1343) Concurrent Rebuild Remembered Sets 0.005ms
[2024-08-29T23:15:57.899+0800] GC(1343) Pause Cleanup
[2024-08-29T23:15:57.899+0800] GC(1343) Pause Cleanup 942M->942M(2048M) 0.014ms
[2024-08-29T23:15:57.899+0800] GC(1343) User=0.00s Sys=0.00s Real=0.00s
[2024-08-29T23:15:57.899+0800] GC(1343) Concurrent Cleanup for Next Mark
[2024-08-29T23:15:57.902+0800] GC(1343) Concurrent Cleanup for Next Mark 3.666ms
[2024-08-29T23:15:57.902+0800] GC(1343) Concurrent Mark Cycle 8.956ms
[2024-08-29T23:15:57.902+0800] GC(1344) Pause Young (Concurrent Start) (G1 Humongous Allocation)
[2024-08-29T23:15:57.902+0800] GC(1344) Using 8 workers of 8 for evacuation
[2024-08-29T23:15:57.903+0800] GC(1344)   Pre Evacuate Collection Set: 0.2ms
[2024-08-29T23:15:57.903+0800] GC(1344)   Merge Heap Roots: 0.1ms
[2024-08-29T23:15:57.903+0800] GC(1344)   Evacuate Collection Set: 0.3ms
[2024-08-29T23:15:57.903+0800] GC(1344)   Post Evacuate Collection Set: 0.3ms
[2024-08-29T23:15:57.903+0800] GC(1344)   Other: 0.1ms
[2024-08-29T23:15:57.903+0800] GC(1344) Eden regions: 4->0(924)
[2024-08-29T23:15:57.903+0800] GC(1344) Survivor regions: 0->0(115)
[2024-08-29T23:15:57.903+0800] GC(1344) Old regions: 1->1
[2024-08-29T23:15:57.903+0800] GC(1344) Archive regions: 2->2
[2024-08-29T23:15:57.903+0800] GC(1344) Humongous regions: 942->915
[2024-08-29T23:15:57.903+0800] GC(1344) Metaspace: 1627K(1792K)->1627K(1792K) NonClass: 1508K(1600K)->1508K(1600K) Class: 119K(192K)->119K(192K)
[2024-08-29T23:15:57.903+0800] GC(1344) Pause Young (Concurrent Start) (G1 Humongous Allocation) 947M->916M(2048M) 1.117ms
[2024-08-29T23:15:57.904+0800] GC(1344) User=0.00s Sys=0.00s Real=0.00s
[2024-08-29T23:15:57.904+0800] GC(1345) Concurrent Undo Cycle
[2024-08-29T23:15:57.904+0800] GC(1345) Concurrent Cleanup for Next Mark
[2024-08-29T23:15:57.908+0800] GC(1345) Concurrent Cleanup for Next Mark 4.812ms
[2024-08-29T23:15:57.908+0800] GC(1345) Concurrent Undo Cycle 4.890ms
[2024-08-29T23:15:57.911+0800] GC(1346) Pause Young (Concurrent Start) (G1 Humongous Allocation)
[2024-08-29T23:15:57.911+0800] GC(1346) Using 8 workers of 8 for evacuation
[2024-08-29T23:15:57.912+0800] GC(1346)   Pre Evacuate Collection Set: 0.4ms
[2024-08-29T23:15:57.912+0800] GC(1346)   Merge Heap Roots: 0.1ms
[2024-08-29T23:15:57.912+0800] GC(1346)   Evacuate Collection Set: 0.3ms
[2024-08-29T23:15:57.912+0800] GC(1346)   Post Evacuate Collection Set: 0.2ms
[2024-08-29T23:15:57.912+0800] GC(1346)   Other: 0.2ms
[2024-08-29T23:15:57.912+0800] GC(1346) Eden regions: 3->0(935)
[2024-08-29T23:15:57.912+0800] GC(1346) Survivor regions: 0->0(116)
[2024-08-29T23:15:57.912+0800] GC(1346) Old regions: 1->1
[2024-08-29T23:15:57.912+0800] GC(1346) Archive regions: 2->2
[2024-08-29T23:15:57.912+0800] GC(1346) Humongous regions: 930->904
[2024-08-29T23:15:57.912+0800] GC(1346) Metaspace: 1627K(1792K)->1627K(1792K) NonClass: 1508K(1600K)->1508K(1600K) Class: 119K(192K)->119K(192K)
[2024-08-29T23:15:57.912+0800] GC(1346) Pause Young (Concurrent Start) (G1 Humongous Allocation) 934M->905M(2048M) 1.243ms
[2024-08-29T23:15:57.912+0800] GC(1346) User=0.00s Sys=0.00s Real=0.00s
[2024-08-29T23:15:57.912+0800] GC(1347) Concurrent Undo Cycle
[2024-08-29T23:15:57.912+0800] GC(1347) Concurrent Cleanup for Next Mark
[2024-08-29T23:15:57.919+0800] GC(1347) Concurrent Cleanup for Next Mark 6.935ms
[2024-08-29T23:15:57.919+0800] GC(1347) Concurrent Undo Cycle 7.026ms
[2024-08-29T23:15:57.921+0800] GC(1348) Pause Young (Concurrent Start) (G1 Humongous Allocation)
[2024-08-29T23:15:57.921+0800] GC(1348) Using 8 workers of 8 for evacuation
[2024-08-29T23:15:57.923+0800] GC(1348)   Pre Evacuate Collection Set: 0.5ms
[2024-08-29T23:15:57.923+0800] GC(1348)   Merge Heap Roots: 0.2ms
[2024-08-29T23:15:57.923+0800] GC(1348)   Evacuate Collection Set: 0.8ms
[2024-08-29T23:15:57.923+0800] GC(1348)   Post Evacuate Collection Set: 0.3ms
[2024-08-29T23:15:57.923+0800] GC(1348)   Other: 0.1ms
[2024-08-29T23:15:57.923+0800] GC(1348) Eden regions: 3->0(921)
[2024-08-29T23:15:57.923+0800] GC(1348) Survivor regions: 0->0(117)
[2024-08-29T23:15:57.923+0800] GC(1348) Old regions: 1->1
[2024-08-29T23:15:57.923+0800] GC(1348) Archive regions: 2->2
[2024-08-29T23:15:57.923+0800] GC(1348) Humongous regions: 936->918
[2024-08-29T23:15:57.923+0800] GC(1348) Metaspace: 1627K(1792K)->1627K(1792K) NonClass: 1508K(1600K)->1508K(1600K) Class: 119K(192K)->119K(192K)
[2024-08-29T23:15:57.923+0800] GC(1348) Pause Young (Concurrent Start) (G1 Humongous Allocation) 940M->919M(2048M) 1.964ms
[2024-08-29T23:15:57.923+0800] GC(1348) User=0.00s Sys=0.00s Real=0.01s
[2024-08-29T23:15:57.923+0800] GC(1349) Concurrent Undo Cycle
[2024-08-29T23:15:57.923+0800] GC(1349) Concurrent Cleanup for Next Mark
[2024-08-29T23:15:57.928+0800] GC(1349) Concurrent Cleanup for Next Mark 5.316ms
[2024-08-29T23:15:57.928+0800] GC(1349) Concurrent Undo Cycle 5.456ms
[2024-08-29T23:15:57.929+0800] GC(1350) Pause Young (Concurrent Start) (G1 Humongous Allocation)
[2024-08-29T23:15:57.929+0800] GC(1350) Using 8 workers of 8 for evacuation
[2024-08-29T23:15:57.930+0800] GC(1350)   Pre Evacuate Collection Set: 0.2ms
[2024-08-29T23:15:57.930+0800] GC(1350)   Merge Heap Roots: 0.1ms
[2024-08-29T23:15:57.930+0800] GC(1350)   Evacuate Collection Set: 0.3ms
[2024-08-29T23:15:57.930+0800] GC(1350)   Post Evacuate Collection Set: 0.3ms
[2024-08-29T23:15:57.930+0800] GC(1350)   Other: 0.1ms
[2024-08-29T23:15:57.930+0800] GC(1350) Eden regions: 4->0(941)
[2024-08-29T23:15:57.930+0800] GC(1350) Survivor regions: 0->0(116)
[2024-08-29T23:15:57.930+0800] GC(1350) Old regions: 1->1
[2024-08-29T23:15:57.930+0800] GC(1350) Archive regions: 2->2
[2024-08-29T23:15:57.930+0800] GC(1350) Humongous regions: 935->898
[2024-08-29T23:15:57.930+0800] GC(1350) Metaspace: 1627K(1792K)->1627K(1792K) NonClass: 1508K(1600K)->1508K(1600K) Class: 119K(192K)->119K(192K)
[2024-08-29T23:15:57.930+0800] GC(1350) Pause Young (Concurrent Start) (G1 Humongous Allocation) 939M->899M(2048M) 1.176ms
[2024-08-29T23:15:57.930+0800] GC(1350) User=0.00s Sys=0.00s Real=0.00s
[2024-08-29T23:15:57.930+0800] GC(1351) Concurrent Undo Cycle
[2024-08-29T23:15:57.930+0800] GC(1351) Concurrent Cleanup for Next Mark
[2024-08-29T23:15:57.934+0800] GC(1351) Concurrent Cleanup for Next Mark 3.753ms
[2024-08-29T23:15:57.934+0800] GC(1351) Concurrent Undo Cycle 3.828ms
[2024-08-29T23:15:57.939+0800] GC(1352) Pause Young (Concurrent Start) (G1 Humongous Allocation)
[2024-08-29T23:15:57.939+0800] GC(1352) Using 8 workers of 8 for evacuation
[2024-08-29T23:15:57.940+0800] GC(1352)   Pre Evacuate Collection Set: 0.3ms
[2024-08-29T23:15:57.941+0800] GC(1352)   Merge Heap Roots: 0.2ms
[2024-08-29T23:15:57.941+0800] GC(1352)   Evacuate Collection Set: 0.4ms
[2024-08-29T23:15:57.941+0800] GC(1352)   Post Evacuate Collection Set: 0.2ms
[2024-08-29T23:15:57.941+0800] GC(1352)   Other: 0.2ms
[2024-08-29T23:15:57.941+0800] GC(1352) Eden regions: 4->0(938)
[2024-08-29T23:15:57.941+0800] GC(1352) Survivor regions: 0->0(118)
[2024-08-29T23:15:57.941+0800] GC(1352) Old regions: 1->1
[2024-08-29T23:15:57.941+0800] GC(1352) Archive regions: 2->2
[2024-08-29T23:15:57.941+0800] GC(1352) Humongous regions: 917->901
[2024-08-29T23:15:57.941+0800] GC(1352) Metaspace: 1627K(1792K)->1627K(1792K) NonClass: 1508K(1600K)->1508K(1600K) Class: 119K(192K)->119K(192K)
[2024-08-29T23:15:57.941+0800] GC(1352) Pause Young (Concurrent Start) (G1 Humongous Allocation) 921M->902M(2048M) 1.376ms
[2024-08-29T23:15:57.941+0800] GC(1352) User=0.00s Sys=0.00s Real=0.00s
[2024-08-29T23:15:57.941+0800] GC(1353) Concurrent Undo Cycle
[2024-08-29T23:15:57.941+0800] GC(1353) Concurrent Cleanup for Next Mark
[2024-08-29T23:15:57.946+0800] GC(1353) Concurrent Cleanup for Next Mark 5.533ms
[2024-08-29T23:15:57.946+0800] GC(1353) Concurrent Undo Cycle 5.638ms
[2024-08-29T23:15:57.947+0800] GC(1354) Pause Young (Concurrent Start) (G1 Humongous Allocation)
[2024-08-29T23:15:57.947+0800] GC(1354) Using 8 workers of 8 for evacuation
[2024-08-29T23:15:57.948+0800] GC(1354)   Pre Evacuate Collection Set: 0.2ms
[2024-08-29T23:15:57.948+0800] GC(1354)   Merge Heap Roots: 0.1ms
[2024-08-29T23:15:57.948+0800] GC(1354)   Evacuate Collection Set: 0.3ms
[2024-08-29T23:15:57.948+0800] GC(1354)   Post Evacuate Collection Set: 0.3ms
[2024-08-29T23:15:57.948+0800] GC(1354)   Other: 0.1ms
[2024-08-29T23:15:57.948+0800] GC(1354) Eden regions: 3->0(939)
[2024-08-29T23:15:57.948+0800] GC(1354) Survivor regions: 0->0(118)
[2024-08-29T23:15:57.948+0800] GC(1354) Old regions: 1->1
[2024-08-29T23:15:57.948+0800] GC(1354) Archive regions: 2->2
[2024-08-29T23:15:57.948+0800] GC(1354) Humongous regions: 919->900
[2024-08-29T23:15:57.948+0800] GC(1354) Metaspace: 1627K(1792K)->1627K(1792K) NonClass: 1508K(1600K)->1508K(1600K) Class: 119K(192K)->119K(192K)
[2024-08-29T23:15:57.948+0800] GC(1354) Pause Young (Concurrent Start) (G1 Humongous Allocation) 923M->901M(2048M) 1.026ms
[2024-08-29T23:15:57.948+0800] GC(1354) User=0.00s Sys=0.00s Real=0.00s
[2024-08-29T23:15:57.948+0800] GC(1355) Concurrent Undo Cycle
[2024-08-29T23:15:57.948+0800] GC(1355) Concurrent Cleanup for Next Mark
[2024-08-29T23:15:57.954+0800] GC(1355) Concurrent Cleanup for Next Mark 5.943ms
[2024-08-29T23:15:57.954+0800] GC(1355) Concurrent Undo Cycle 6.028ms
[2024-08-29T23:15:57.955+0800] GC(1356) Pause Young (Concurrent Start) (G1 Humongous Allocation)
[2024-08-29T23:15:57.955+0800] GC(1356) Using 8 workers of 8 for evacuation
[2024-08-29T23:15:57.956+0800] GC(1356)   Pre Evacuate Collection Set: 0.2ms
[2024-08-29T23:15:57.956+0800] GC(1356)   Merge Heap Roots: 0.1ms
[2024-08-29T23:15:57.956+0800] GC(1356)   Evacuate Collection Set: 0.3ms
[2024-08-29T23:15:57.956+0800] GC(1356)   Post Evacuate Collection Set: 0.3ms
[2024-08-29T23:15:57.956+0800] GC(1356)   Other: 0.1ms
[2024-08-29T23:15:57.956+0800] GC(1356) Eden regions: 4->0(930)
[2024-08-29T23:15:57.956+0800] GC(1356) Survivor regions: 0->0(118)
[2024-08-29T23:15:57.956+0800] GC(1356) Old regions: 1->1
[2024-08-29T23:15:57.956+0800] GC(1356) Archive regions: 2->2
[2024-08-29T23:15:57.956+0800] GC(1356) Humongous regions: 924->909
[2024-08-29T23:15:57.956+0800] GC(1356) Metaspace: 1627K(1792K)->1627K(1792K) NonClass: 1508K(1600K)->1508K(1600K) Class: 119K(192K)->119K(192K)
[2024-08-29T23:15:57.956+0800] GC(1356) Pause Young (Concurrent Start) (G1 Humongous Allocation) 928M->910M(2048M) 1.125ms
[2024-08-29T23:15:57.956+0800] GC(1356) User=0.00s Sys=0.00s Real=0.00s
[2024-08-29T23:15:57.956+0800] GC(1357) Concurrent Undo Cycle
[2024-08-29T23:15:57.956+0800] GC(1357) Concurrent Cleanup for Next Mark
[2024-08-29T23:15:57.961+0800] GC(1357) Concurrent Cleanup for Next Mark 5.166ms
[2024-08-29T23:15:57.961+0800] GC(1357) Concurrent Undo Cycle 5.249ms
[2024-08-29T23:15:57.962+0800] GC(1358) Pause Young (Concurrent Start) (G1 Humongous Allocation)
[2024-08-29T23:15:57.962+0800] GC(1358) Using 8 workers of 8 for evacuation
[2024-08-29T23:15:57.963+0800] GC(1358)   Pre Evacuate Collection Set: 0.2ms
[2024-08-29T23:15:57.963+0800] GC(1358)   Merge Heap Roots: 0.1ms
[2024-08-29T23:15:57.963+0800] GC(1358)   Evacuate Collection Set: 0.3ms
[2024-08-29T23:15:57.963+0800] GC(1358)   Post Evacuate Collection Set: 0.3ms
[2024-08-29T23:15:57.963+0800] GC(1358)   Other: 0.1ms
[2024-08-29T23:15:57.963+0800] GC(1358) Eden regions: 3->0(918)
[2024-08-29T23:15:57.963+0800] GC(1358) Survivor regions: 0->0(117)
[2024-08-29T23:15:57.963+0800] GC(1358) Old regions: 1->1
[2024-08-29T23:15:57.963+0800] GC(1358) Archive regions: 2->2
[2024-08-29T23:15:57.963+0800] GC(1358) Humongous regions: 931->921
[2024-08-29T23:15:57.963+0800] GC(1358) Metaspace: 1627K(1792K)->1627K(1792K) NonClass: 1508K(1600K)->1508K(1600K) Class: 119K(192K)->119K(192K)
[2024-08-29T23:15:57.963+0800] GC(1358) Pause Young (Concurrent Start) (G1 Humongous Allocation) 935M->922M(2048M) 1.011ms
[2024-08-29T23:15:57.963+0800] GC(1358) User=0.00s Sys=0.00s Real=0.01s
[2024-08-29T23:15:57.963+0800] GC(1359) Concurrent Mark Cycle
[2024-08-29T23:15:57.963+0800] GC(1359) Concurrent Clear Claimed Marks
[2024-08-29T23:15:57.963+0800] GC(1359) Concurrent Clear Claimed Marks 0.006ms
[2024-08-29T23:15:57.963+0800] GC(1359) Concurrent Scan Root Regions
[2024-08-29T23:15:57.963+0800] GC(1359) Concurrent Scan Root Regions 0.004ms
[2024-08-29T23:15:57.963+0800] GC(1359) Concurrent Mark
[2024-08-29T23:15:57.963+0800] GC(1359) Concurrent Mark From Roots
[2024-08-29T23:15:57.963+0800] GC(1359) Using 2 workers of 2 for marking
[2024-08-29T23:15:57.966+0800] GC(1359) Concurrent Mark From Roots 2.867ms
[2024-08-29T23:15:57.966+0800] GC(1359) Concurrent Preclean
[2024-08-29T23:15:57.966+0800] GC(1359) Concurrent Preclean 0.070ms
[2024-08-29T23:15:57.967+0800] GC(1359) Pause Remark
[2024-08-29T23:15:57.968+0800] GC(1359) Pause Remark 939M->939M(2048M) 0.920ms
[2024-08-29T23:15:57.968+0800] GC(1359) User=0.00s Sys=0.00s Real=0.00s
[2024-08-29T23:15:57.968+0800] GC(1359) Concurrent Mark 4.909ms
[2024-08-29T23:15:57.968+0800] GC(1359) Concurrent Rebuild Remembered Sets
[2024-08-29T23:15:57.968+0800] GC(1359) Concurrent Rebuild Remembered Sets 0.006ms
[2024-08-29T23:15:57.968+0800] GC(1359) Pause Cleanup
[2024-08-29T23:15:57.968+0800] GC(1359) Pause Cleanup 939M->939M(2048M) 0.011ms
[2024-08-29T23:15:57.968+0800] GC(1359) User=0.00s Sys=0.00s Real=0.00s
[2024-08-29T23:15:57.968+0800] GC(1359) Concurrent Cleanup for Next Mark
[2024-08-29T23:15:57.972+0800] GC(1359) Concurrent Cleanup for Next Mark 3.684ms
[2024-08-29T23:15:57.972+0800] GC(1359) Concurrent Mark Cycle 8.794ms
[2024-08-29T23:15:57.972+0800] GC(1360) Pause Young (Concurrent Start) (G1 Humongous Allocation)
[2024-08-29T23:15:57.972+0800] GC(1360) Using 8 workers of 8 for evacuation
[2024-08-29T23:15:57.973+0800] GC(1360)   Pre Evacuate Collection Set: 0.2ms
[2024-08-29T23:15:57.973+0800] GC(1360)   Merge Heap Roots: 0.1ms
[2024-08-29T23:15:57.973+0800] GC(1360)   Evacuate Collection Set: 0.4ms
[2024-08-29T23:15:57.973+0800] GC(1360)   Post Evacuate Collection Set: 0.4ms
[2024-08-29T23:15:57.973+0800] GC(1360)   Other: 0.2ms
[2024-08-29T23:15:57.973+0800] GC(1360) Eden regions: 4->0(918)
[2024-08-29T23:15:57.973+0800] GC(1360) Survivor regions: 0->0(115)
[2024-08-29T23:15:57.973+0800] GC(1360) Old regions: 1->1
[2024-08-29T23:15:57.973+0800] GC(1360) Archive regions: 2->2
[2024-08-29T23:15:57.973+0800] GC(1360) Humongous regions: 938->921
[2024-08-29T23:15:57.973+0800] GC(1360) Metaspace: 1627K(1792K)->1627K(1792K) NonClass: 1508K(1600K)->1508K(1600K) Class: 119K(192K)->119K(192K)
[2024-08-29T23:15:57.973+0800] GC(1360) Pause Young (Concurrent Start) (G1 Humongous Allocation) 943M->922M(2048M) 1.336ms
[2024-08-29T23:15:57.973+0800] GC(1360) User=0.01s Sys=0.00s Real=0.01s
[2024-08-29T23:15:57.973+0800] GC(1361) Concurrent Mark Cycle
[2024-08-29T23:15:57.973+0800] GC(1361) Concurrent Clear Claimed Marks
[2024-08-29T23:15:57.973+0800] GC(1361) Concurrent Clear Claimed Marks 0.006ms
[2024-08-29T23:15:57.973+0800] GC(1361) Concurrent Scan Root Regions
[2024-08-29T23:15:57.973+0800] GC(1361) Concurrent Scan Root Regions 0.004ms
[2024-08-29T23:15:57.973+0800] GC(1361) Concurrent Mark
[2024-08-29T23:15:57.973+0800] GC(1361) Concurrent Mark From Roots
[2024-08-29T23:15:57.973+0800] GC(1361) Using 2 workers of 2 for marking
[2024-08-29T23:15:57.976+0800] GC(1361) Concurrent Mark From Roots 2.735ms
[2024-08-29T23:15:57.976+0800] GC(1361) Concurrent Preclean
[2024-08-29T23:15:57.976+0800] GC(1361) Concurrent Preclean 0.089ms
[2024-08-29T23:15:57.976+0800] GC(1361) Pause Remark
[2024-08-29T23:15:57.977+0800] GC(1361) Pause Remark 937M->937M(2048M) 0.992ms
[2024-08-29T23:15:57.977+0800] GC(1361) User=0.00s Sys=0.00s Real=0.00s
[2024-08-29T23:15:57.977+0800] GC(1361) Concurrent Mark 4.007ms
[2024-08-29T23:15:57.977+0800] GC(1361) Concurrent Rebuild Remembered Sets
[2024-08-29T23:15:57.977+0800] GC(1361) Concurrent Rebuild Remembered Sets 0.004ms
[2024-08-29T23:15:57.978+0800] GC(1361) Pause Cleanup
[2024-08-29T23:15:57.978+0800] GC(1361) Pause Cleanup 937M->937M(2048M) 0.009ms
[2024-08-29T23:15:57.978+0800] GC(1361) User=0.00s Sys=0.00s Real=0.00s
[2024-08-29T23:15:57.978+0800] GC(1361) Concurrent Cleanup for Next Mark
[2024-08-29T23:15:57.982+0800] GC(1361) Concurrent Cleanup for Next Mark 4.635ms
[2024-08-29T23:15:57.982+0800] GC(1361) Concurrent Mark Cycle 8.890ms
[2024-08-29T23:15:57.986+0800] GC(1362) Pause Young (Concurrent Start) (G1 Humongous Allocation)
[2024-08-29T23:15:57.986+0800] GC(1362) Using 8 workers of 8 for evacuation
[2024-08-29T23:15:57.987+0800] GC(1362)   Pre Evacuate Collection Set: 0.2ms
[2024-08-29T23:15:57.987+0800] GC(1362)   Merge Heap Roots: 0.1ms
[2024-08-29T23:15:57.987+0800] GC(1362)   Evacuate Collection Set: 0.6ms
[2024-08-29T23:15:57.987+0800] GC(1362)   Post Evacuate Collection Set: 0.4ms
[2024-08-29T23:15:57.987+0800] GC(1362)   Other: 0.1ms
[2024-08-29T23:15:57.987+0800] GC(1362) Eden regions: 4->0(927)
[2024-08-29T23:15:57.987+0800] GC(1362) Survivor regions: 0->0(115)
[2024-08-29T23:15:57.987+0800] GC(1362) Old regions: 1->1
[2024-08-29T23:15:57.988+0800] GC(1362) Archive regions: 2->2
[2024-08-29T23:15:57.988+0800] GC(1362) Humongous regions: 950->912
[2024-08-29T23:15:57.988+0800] GC(1362) Metaspace: 1627K(1792K)->1627K(1792K) NonClass: 1508K(1600K)->1508K(1600K) Class: 119K(192K)->119K(192K)
[2024-08-29T23:15:57.988+0800] GC(1362) Pause Young (Concurrent Start) (G1 Humongous Allocation) 954M->913M(2048M) 1.471ms
[2024-08-29T23:15:57.988+0800] GC(1362) User=0.01s Sys=0.01s Real=0.00s
[2024-08-29T23:15:57.988+0800] GC(1363) Concurrent Undo Cycle
[2024-08-29T23:15:57.988+0800] GC(1363) Concurrent Cleanup for Next Mark
[2024-08-29T23:15:57.992+0800] GC(1363) Concurrent Cleanup for Next Mark 4.891ms
[2024-08-29T23:15:57.993+0800] GC(1363) Concurrent Undo Cycle 5.108ms
[2024-08-29T23:15:57.994+0800] GC(1364) Pause Young (Concurrent Start) (G1 Humongous Allocation)
[2024-08-29T23:15:57.994+0800] GC(1364) Using 8 workers of 8 for evacuation
[2024-08-29T23:15:57.995+0800] GC(1364)   Pre Evacuate Collection Set: 0.2ms
[2024-08-29T23:15:57.995+0800] GC(1364)   Merge Heap Roots: 0.1ms
[2024-08-29T23:15:57.995+0800] GC(1364)   Evacuate Collection Set: 0.3ms
[2024-08-29T23:15:57.995+0800] GC(1364)   Post Evacuate Collection Set: 0.3ms
[2024-08-29T23:15:57.995+0800] GC(1364)   Other: 0.1ms
[2024-08-29T23:15:57.995+0800] GC(1364) Eden regions: 3->0(920)
[2024-08-29T23:15:57.995+0800] GC(1364) Survivor regions: 0->1(116)
[2024-08-29T23:15:57.995+0800] GC(1364) Old regions: 1->1
[2024-08-29T23:15:57.995+0800] GC(1364) Archive regions: 2->2
[2024-08-29T23:15:57.995+0800] GC(1364) Humongous regions: 928->918
[2024-08-29T23:15:57.995+0800] GC(1364) Metaspace: 1627K(1792K)->1627K(1792K) NonClass: 1508K(1600K)->1508K(1600K) Class: 119K(192K)->119K(192K)
[2024-08-29T23:15:57.995+0800] GC(1364) Pause Young (Concurrent Start) (G1 Humongous Allocation) 932M->919M(2048M) 1.172ms
[2024-08-29T23:15:57.995+0800] GC(1364) User=0.00s Sys=0.00s Real=0.00s
[2024-08-29T23:15:57.995+0800] GC(1365) Concurrent Undo Cycle
[2024-08-29T23:15:57.995+0800] GC(1365) Concurrent Cleanup for Next Mark
[2024-08-29T23:15:58.001+0800] GC(1365) Concurrent Cleanup for Next Mark 5.282ms
[2024-08-29T23:15:58.001+0800] GC(1365) Concurrent Undo Cycle 5.395ms
[2024-08-29T23:15:58.001+0800] GC(1366) Pause Young (Concurrent Start) (G1 Humongous Allocation)
[2024-08-29T23:15:58.001+0800] GC(1366) Using 8 workers of 8 for evacuation
[2024-08-29T23:15:58.002+0800] GC(1366)   Pre Evacuate Collection Set: 0.3ms
[2024-08-29T23:15:58.002+0800] GC(1366)   Merge Heap Roots: 0.1ms
[2024-08-29T23:15:58.002+0800] GC(1366)   Evacuate Collection Set: 0.3ms
[2024-08-29T23:15:58.002+0800] GC(1366)   Post Evacuate Collection Set: 0.3ms
[2024-08-29T23:15:58.002+0800] GC(1366)   Other: 0.1ms
[2024-08-29T23:15:58.002+0800] GC(1366) Eden regions: 4->0(913)
[2024-08-29T23:15:58.002+0800] GC(1366) Survivor regions: 1->0(116)
[2024-08-29T23:15:58.002+0800] GC(1366) Old regions: 1->1
[2024-08-29T23:15:58.002+0800] GC(1366) Archive regions: 2->2
[2024-08-29T23:15:58.002+0800] GC(1366) Humongous regions: 936->926
[2024-08-29T23:15:58.002+0800] GC(1366) Metaspace: 1627K(1792K)->1627K(1792K) NonClass: 1508K(1600K)->1508K(1600K) Class: 119K(192K)->119K(192K)
[2024-08-29T23:15:58.002+0800] GC(1366) Pause Young (Concurrent Start) (G1 Humongous Allocation) 940M->927M(2048M) 1.245ms
[2024-08-29T23:15:58.002+0800] GC(1366) User=0.00s Sys=0.00s Real=0.00s
[2024-08-29T23:15:58.002+0800] GC(1367) Concurrent Mark Cycle
[2024-08-29T23:15:58.002+0800] GC(1367) Concurrent Clear Claimed Marks
[2024-08-29T23:15:58.002+0800] GC(1367) Concurrent Clear Claimed Marks 0.005ms
[2024-08-29T23:15:58.002+0800] GC(1367) Concurrent Scan Root Regions
[2024-08-29T23:15:58.002+0800] GC(1367) Concurrent Scan Root Regions 0.004ms
[2024-08-29T23:15:58.002+0800] GC(1367) Concurrent Mark
[2024-08-29T23:15:58.002+0800] GC(1367) Concurrent Mark From Roots
[2024-08-29T23:15:58.002+0800] GC(1367) Using 2 workers of 2 for marking
[2024-08-29T23:15:58.005+0800] GC(1367) Concurrent Mark From Roots 2.166ms
[2024-08-29T23:15:58.005+0800] GC(1367) Concurrent Preclean
[2024-08-29T23:15:58.005+0800] GC(1367) Concurrent Preclean 0.085ms
[2024-08-29T23:15:58.005+0800] GC(1367) Pause Remark
[2024-08-29T23:15:58.006+0800] GC(1367) Pause Remark 934M->934M(2048M) 1.239ms
[2024-08-29T23:15:58.006+0800] GC(1367) User=0.00s Sys=0.00s Real=0.00s
[2024-08-29T23:15:58.006+0800] GC(1367) Concurrent Mark 3.704ms
[2024-08-29T23:15:58.006+0800] GC(1367) Concurrent Rebuild Remembered Sets
[2024-08-29T23:15:58.006+0800] GC(1367) Concurrent Rebuild Remembered Sets 0.004ms
[2024-08-29T23:15:58.007+0800] GC(1367) Pause Cleanup
[2024-08-29T23:15:58.007+0800] GC(1367) Pause Cleanup 941M->941M(2048M) 0.030ms
[2024-08-29T23:15:58.007+0800] GC(1367) User=0.00s Sys=0.00s Real=0.00s
[2024-08-29T23:15:58.007+0800] GC(1367) Concurrent Cleanup for Next Mark
[2024-08-29T23:15:58.012+0800] GC(1367) Concurrent Cleanup for Next Mark 4.681ms
[2024-08-29T23:15:58.012+0800] GC(1367) Concurrent Mark Cycle 9.510ms
[2024-08-29T23:15:58.017+0800] GC(1368) Pause Young (Concurrent Start) (G1 Humongous Allocation)
[2024-08-29T23:15:58.017+0800] GC(1368) Using 8 workers of 8 for evacuation
[2024-08-29T23:15:58.019+0800] GC(1368)   Pre Evacuate Collection Set: 0.5ms
[2024-08-29T23:15:58.019+0800] GC(1368)   Merge Heap Roots: 0.2ms
[2024-08-29T23:15:58.019+0800] GC(1368)   Evacuate Collection Set: 0.4ms
[2024-08-29T23:15:58.019+0800] GC(1368)   Post Evacuate Collection Set: 0.3ms
[2024-08-29T23:15:58.019+0800] GC(1368)   Other: 0.2ms
[2024-08-29T23:15:58.019+0800] GC(1368) Eden regions: 3->0(928)
[2024-08-29T23:15:58.019+0800] GC(1368) Survivor regions: 0->0(115)
[2024-08-29T23:15:58.019+0800] GC(1368) Old regions: 1->1
[2024-08-29T23:15:58.019+0800] GC(1368) Archive regions: 2->2
[2024-08-29T23:15:58.019+0800] GC(1368) Humongous regions: 952->911
[2024-08-29T23:15:58.019+0800] GC(1368) Metaspace: 1627K(1792K)->1627K(1792K) NonClass: 1508K(1600K)->1508K(1600K) Class: 119K(192K)->119K(192K)
[2024-08-29T23:15:58.019+0800] GC(1368) Pause Young (Concurrent Start) (G1 Humongous Allocation) 956M->912M(2048M) 1.506ms
[2024-08-29T23:15:58.019+0800] GC(1368) User=0.00s Sys=0.00s Real=0.00s
[2024-08-29T23:15:58.019+0800] GC(1369) Concurrent Undo Cycle
[2024-08-29T23:15:58.019+0800] GC(1369) Concurrent Cleanup for Next Mark
[2024-08-29T23:15:58.026+0800] GC(1369) Concurrent Cleanup for Next Mark 7.392ms
[2024-08-29T23:15:58.026+0800] GC(1369) Concurrent Undo Cycle 7.483ms
[2024-08-29T23:15:58.027+0800] GC(1370) Pause Young (Concurrent Start) (G1 Humongous Allocation)
[2024-08-29T23:15:58.027+0800] GC(1370) Using 8 workers of 8 for evacuation
[2024-08-29T23:15:58.028+0800] GC(1370)   Pre Evacuate Collection Set: 0.2ms
[2024-08-29T23:15:58.028+0800] GC(1370)   Merge Heap Roots: 0.1ms
[2024-08-29T23:15:58.028+0800] GC(1370)   Evacuate Collection Set: 0.3ms
[2024-08-29T23:15:58.028+0800] GC(1370)   Post Evacuate Collection Set: 0.3ms
[2024-08-29T23:15:58.028+0800] GC(1370)   Other: 0.1ms
[2024-08-29T23:15:58.028+0800] GC(1370) Eden regions: 3->0(907)
[2024-08-29T23:15:58.028+0800] GC(1370) Survivor regions: 0->0(116)
[2024-08-29T23:15:58.028+0800] GC(1370) Old regions: 1->1
[2024-08-29T23:15:58.028+0800] GC(1370) Archive regions: 2->2
[2024-08-29T23:15:58.028+0800] GC(1370) Humongous regions: 942->932
[2024-08-29T23:15:58.028+0800] GC(1370) Metaspace: 1627K(1792K)->1627K(1792K) NonClass: 1508K(1600K)->1508K(1600K) Class: 119K(192K)->119K(192K)
[2024-08-29T23:15:58.028+0800] GC(1370) Pause Young (Concurrent Start) (G1 Humongous Allocation) 946M->933M(2048M) 1.027ms
[2024-08-29T23:15:58.028+0800] GC(1370) User=0.00s Sys=0.00s Real=0.00s
[2024-08-29T23:15:58.028+0800] GC(1371) Concurrent Mark Cycle
[2024-08-29T23:15:58.028+0800] GC(1371) Concurrent Clear Claimed Marks
[2024-08-29T23:15:58.028+0800] GC(1371) Concurrent Clear Claimed Marks 0.006ms
[2024-08-29T23:15:58.028+0800] GC(1371) Concurrent Scan Root Regions
[2024-08-29T23:15:58.028+0800] GC(1371) Concurrent Scan Root Regions 0.004ms
[2024-08-29T23:15:58.028+0800] GC(1371) Concurrent Mark
[2024-08-29T23:15:58.028+0800] GC(1371) Concurrent Mark From Roots
[2024-08-29T23:15:58.028+0800] GC(1371) Using 2 workers of 2 for marking
[2024-08-29T23:15:58.030+0800] GC(1371) Concurrent Mark From Roots 2.192ms
[2024-08-29T23:15:58.030+0800] GC(1371) Concurrent Preclean
[2024-08-29T23:15:58.031+0800] GC(1371) Concurrent Preclean 0.069ms
[2024-08-29T23:15:58.031+0800] GC(1371) Pause Remark
[2024-08-29T23:15:58.031+0800] GC(1371) Pause Remark 943M->943M(2048M) 0.828ms
[2024-08-29T23:15:58.031+0800] GC(1371) User=0.00s Sys=0.00s Real=0.00s
[2024-08-29T23:15:58.032+0800] GC(1371) Concurrent Mark 3.268ms
[2024-08-29T23:15:58.032+0800] GC(1371) Concurrent Rebuild Remembered Sets
[2024-08-29T23:15:58.032+0800] GC(1371) Concurrent Rebuild Remembered Sets 0.005ms
[2024-08-29T23:15:58.032+0800] GC(1371) Pause Cleanup
[2024-08-29T23:15:58.032+0800] GC(1371) Pause Cleanup 947M->947M(2048M) 0.012ms
[2024-08-29T23:15:58.032+0800] GC(1371) User=0.00s Sys=0.00s Real=0.00s
[2024-08-29T23:15:58.032+0800] GC(1371) Concurrent Cleanup for Next Mark
[2024-08-29T23:15:58.036+0800] GC(1371) Concurrent Cleanup for Next Mark 4.003ms
[2024-08-29T23:15:58.036+0800] GC(1371) Concurrent Mark Cycle 7.794ms
[2024-08-29T23:15:58.037+0800] GC(1372) Pause Young (Concurrent Start) (G1 Humongous Allocation)
[2024-08-29T23:15:58.037+0800] GC(1372) Using 8 workers of 8 for evacuation
[2024-08-29T23:15:58.039+0800] GC(1372)   Pre Evacuate Collection Set: 0.4ms
[2024-08-29T23:15:58.039+0800] GC(1372)   Merge Heap Roots: 0.2ms
[2024-08-29T23:15:58.039+0800] GC(1372)   Evacuate Collection Set: 0.5ms
[2024-08-29T23:15:58.039+0800] GC(1372)   Post Evacuate Collection Set: 0.3ms
[2024-08-29T23:15:58.039+0800] GC(1372)   Other: 0.2ms
[2024-08-29T23:15:58.039+0800] GC(1372) Eden regions: 4->0(936)
[2024-08-29T23:15:58.039+0800] GC(1372) Survivor regions: 0->0(114)
[2024-08-29T23:15:58.039+0800] GC(1372) Old regions: 1->1
[2024-08-29T23:15:58.039+0800] GC(1372) Archive regions: 2->2
[2024-08-29T23:15:58.039+0800] GC(1372) Humongous regions: 952->903
[2024-08-29T23:15:58.039+0800] GC(1372) Metaspace: 1627K(1792K)->1627K(1792K) NonClass: 1508K(1600K)->1508K(1600K) Class: 119K(192K)->119K(192K)
[2024-08-29T23:15:58.039+0800] GC(1372) Pause Young (Concurrent Start) (G1 Humongous Allocation) 956M->904M(2048M) 1.615ms
[2024-08-29T23:15:58.039+0800] GC(1372) User=0.00s Sys=0.00s Real=0.00s
[2024-08-29T23:15:58.039+0800] GC(1373) Concurrent Undo Cycle
[2024-08-29T23:15:58.039+0800] GC(1373) Concurrent Cleanup for Next Mark
[2024-08-29T23:15:58.043+0800] GC(1373) Concurrent Cleanup for Next Mark 4.132ms
[2024-08-29T23:15:58.043+0800] GC(1373) Concurrent Undo Cycle 4.190ms
[2024-08-29T23:15:58.045+0800] GC(1374) Pause Young (Concurrent Start) (G1 Humongous Allocation)
[2024-08-29T23:15:58.045+0800] GC(1374) Using 8 workers of 8 for evacuation
[2024-08-29T23:15:58.046+0800] GC(1374)   Pre Evacuate Collection Set: 0.2ms
[2024-08-29T23:15:58.046+0800] GC(1374)   Merge Heap Roots: 0.1ms
[2024-08-29T23:15:58.046+0800] GC(1374)   Evacuate Collection Set: 0.3ms
[2024-08-29T23:15:58.046+0800] GC(1374)   Post Evacuate Collection Set: 0.3ms
[2024-08-29T23:15:58.046+0800] GC(1374)   Other: 0.1ms
[2024-08-29T23:15:58.046+0800] GC(1374) Eden regions: 3->0(939)
[2024-08-29T23:15:58.046+0800] GC(1374) Survivor regions: 0->1(117)
[2024-08-29T23:15:58.046+0800] GC(1374) Old regions: 1->1
[2024-08-29T23:15:58.046+0800] GC(1374) Archive regions: 2->2
[2024-08-29T23:15:58.046+0800] GC(1374) Humongous regions: 916->899
[2024-08-29T23:15:58.046+0800] GC(1374) Metaspace: 1627K(1792K)->1627K(1792K) NonClass: 1508K(1600K)->1508K(1600K) Class: 119K(192K)->119K(192K)
[2024-08-29T23:15:58.046+0800] GC(1374) Pause Young (Concurrent Start) (G1 Humongous Allocation) 920M->900M(2048M) 1.065ms
[2024-08-29T23:15:58.046+0800] GC(1374) User=0.00s Sys=0.00s Real=0.00s
[2024-08-29T23:15:58.046+0800] GC(1375) Concurrent Undo Cycle
[2024-08-29T23:15:58.046+0800] GC(1375) Concurrent Cleanup for Next Mark
[2024-08-29T23:15:58.052+0800] GC(1375) Concurrent Cleanup for Next Mark 5.774ms
[2024-08-29T23:15:58.052+0800] GC(1375) Concurrent Undo Cycle 5.882ms
[2024-08-29T23:15:58.054+0800] GC(1376) Pause Young (Concurrent Start) (G1 Humongous Allocation)
[2024-08-29T23:15:58.054+0800] GC(1376) Using 8 workers of 8 for evacuation
[2024-08-29T23:15:58.055+0800] GC(1376)   Pre Evacuate Collection Set: 0.3ms
[2024-08-29T23:15:58.055+0800] GC(1376)   Merge Heap Roots: 0.2ms
[2024-08-29T23:15:58.055+0800] GC(1376)   Evacuate Collection Set: 0.4ms
[2024-08-29T23:15:58.055+0800] GC(1376)   Post Evacuate Collection Set: 0.3ms
[2024-08-29T23:15:58.055+0800] GC(1376)   Other: 0.2ms
[2024-08-29T23:15:58.055+0800] GC(1376) Eden regions: 4->0(934)
[2024-08-29T23:15:58.055+0800] GC(1376) Survivor regions: 1->0(118)
[2024-08-29T23:15:58.055+0800] GC(1376) Old regions: 1->1
[2024-08-29T23:15:58.055+0800] GC(1376) Archive regions: 2->2
[2024-08-29T23:15:58.055+0800] GC(1376) Humongous regions: 919->905
[2024-08-29T23:15:58.055+0800] GC(1376) Metaspace: 1627K(1792K)->1627K(1792K) NonClass: 1508K(1600K)->1508K(1600K) Class: 119K(192K)->119K(192K)
[2024-08-29T23:15:58.055+0800] GC(1376) Pause Young (Concurrent Start) (G1 Humongous Allocation) 923M->906M(2048M) 1.527ms
[2024-08-29T23:15:58.055+0800] GC(1376) User=0.00s Sys=0.00s Real=0.00s
[2024-08-29T23:15:58.055+0800] GC(1377) Concurrent Undo Cycle
[2024-08-29T23:15:58.055+0800] GC(1377) Concurrent Cleanup for Next Mark
[2024-08-29T23:15:58.061+0800] GC(1377) Concurrent Cleanup for Next Mark 5.546ms
[2024-08-29T23:15:58.061+0800] GC(1377) Concurrent Undo Cycle 5.659ms
[2024-08-29T23:15:58.061+0800] GC(1378) Pause Young (Concurrent Start) (G1 Humongous Allocation)
[2024-08-29T23:15:58.061+0800] GC(1378) Using 8 workers of 8 for evacuation
[2024-08-29T23:15:58.062+0800] GC(1378)   Pre Evacuate Collection Set: 0.3ms
[2024-08-29T23:15:58.062+0800] GC(1378)   Merge Heap Roots: 0.1ms
[2024-08-29T23:15:58.062+0800] GC(1378)   Evacuate Collection Set: 0.3ms
[2024-08-29T23:15:58.062+0800] GC(1378)   Post Evacuate Collection Set: 0.3ms
[2024-08-29T23:15:58.062+0800] GC(1378)   Other: 0.2ms
[2024-08-29T23:15:58.062+0800] GC(1378) Eden regions: 3->0(930)
[2024-08-29T23:15:58.062+0800] GC(1378) Survivor regions: 0->0(117)
[2024-08-29T23:15:58.062+0800] GC(1378) Old regions: 1->1
[2024-08-29T23:15:58.062+0800] GC(1378) Archive regions: 2->2
[2024-08-29T23:15:58.062+0800] GC(1378) Humongous regions: 925->909
[2024-08-29T23:15:58.062+0800] GC(1378) Metaspace: 1627K(1792K)->1627K(1792K) NonClass: 1508K(1600K)->1508K(1600K) Class: 119K(192K)->119K(192K)
[2024-08-29T23:15:58.062+0800] GC(1378) Pause Young (Concurrent Start) (G1 Humongous Allocation) 929M->910M(2048M) 1.178ms
[2024-08-29T23:15:58.062+0800] GC(1378) User=0.00s Sys=0.00s Real=0.00s
[2024-08-29T23:15:58.062+0800] GC(1379) Concurrent Undo Cycle
[2024-08-29T23:15:58.062+0800] GC(1379) Concurrent Cleanup for Next Mark
[2024-08-29T23:15:58.070+0800] GC(1379) Concurrent Cleanup for Next Mark 7.502ms
[2024-08-29T23:15:58.070+0800] GC(1379) Concurrent Undo Cycle 7.591ms
[2024-08-29T23:15:58.070+0800] GC(1380) Pause Young (Concurrent Start) (G1 Humongous Allocation)
[2024-08-29T23:15:58.070+0800] GC(1380) Using 8 workers of 8 for evacuation
[2024-08-29T23:15:58.071+0800] GC(1380)   Pre Evacuate Collection Set: 0.2ms
[2024-08-29T23:15:58.071+0800] GC(1380)   Merge Heap Roots: 0.1ms
[2024-08-29T23:15:58.071+0800] GC(1380)   Evacuate Collection Set: 0.3ms
[2024-08-29T23:15:58.071+0800] GC(1380)   Post Evacuate Collection Set: 0.3ms
[2024-08-29T23:15:58.071+0800] GC(1380)   Other: 0.1ms
[2024-08-29T23:15:58.071+0800] GC(1380) Eden regions: 3->0(905)
[2024-08-29T23:15:58.071+0800] GC(1380) Survivor regions: 0->0(117)
[2024-08-29T23:15:58.071+0800] GC(1380) Old regions: 1->1
[2024-08-29T23:15:58.071+0800] GC(1380) Archive regions: 2->2
[2024-08-29T23:15:58.071+0800] GC(1380) Humongous regions: 940->934
[2024-08-29T23:15:58.071+0800] GC(1380) Metaspace: 1627K(1792K)->1627K(1792K) NonClass: 1508K(1600K)->1508K(1600K) Class: 119K(192K)->119K(192K)
[2024-08-29T23:15:58.071+0800] GC(1380) Pause Young (Concurrent Start) (G1 Humongous Allocation) 944M->935M(2048M) 1.061ms
[2024-08-29T23:15:58.071+0800] GC(1380) User=0.01s Sys=0.00s Real=0.00s
[2024-08-29T23:15:58.071+0800] GC(1381) Concurrent Mark Cycle
[2024-08-29T23:15:58.071+0800] GC(1381) Concurrent Clear Claimed Marks
[2024-08-29T23:15:58.071+0800] GC(1381) Concurrent Clear Claimed Marks 0.005ms
[2024-08-29T23:15:58.071+0800] GC(1381) Concurrent Scan Root Regions
[2024-08-29T23:15:58.071+0800] GC(1381) Concurrent Scan Root Regions 0.004ms
[2024-08-29T23:15:58.071+0800] GC(1381) Concurrent Mark
[2024-08-29T23:15:58.071+0800] GC(1381) Concurrent Mark From Roots
[2024-08-29T23:15:58.071+0800] GC(1381) Using 2 workers of 2 for marking
[2024-08-29T23:15:58.074+0800] GC(1381) Concurrent Mark From Roots 2.327ms
[2024-08-29T23:15:58.074+0800] GC(1381) Concurrent Preclean
[2024-08-29T23:15:58.074+0800] GC(1381) Concurrent Preclean 0.084ms
[2024-08-29T23:15:58.074+0800] GC(1381) Pause Remark
[2024-08-29T23:15:58.075+0800] GC(1381) Pause Remark 941M->941M(2048M) 1.099ms
[2024-08-29T23:15:58.075+0800] GC(1381) User=0.00s Sys=0.00s Real=0.00s
[2024-08-29T23:15:58.075+0800] GC(1381) Concurrent Mark 3.708ms
[2024-08-29T23:15:58.075+0800] GC(1381) Concurrent Rebuild Remembered Sets
[2024-08-29T23:15:58.075+0800] GC(1381) Concurrent Rebuild Remembered Sets 0.005ms
[2024-08-29T23:15:58.076+0800] GC(1381) Pause Cleanup
[2024-08-29T23:15:58.076+0800] GC(1381) Pause Cleanup 945M->945M(2048M) 0.020ms
[2024-08-29T23:15:58.076+0800] GC(1381) User=0.00s Sys=0.00s Real=0.00s
[2024-08-29T23:15:58.076+0800] GC(1381) Concurrent Cleanup for Next Mark
[2024-08-29T23:15:58.081+0800] GC(1381) Concurrent Cleanup for Next Mark 5.044ms
[2024-08-29T23:15:58.081+0800] GC(1381) Concurrent Mark Cycle 9.591ms
[2024-08-29T23:15:58.083+0800] GC(1382) Pause Young (Concurrent Start) (G1 Humongous Allocation)
[2024-08-29T23:15:58.083+0800] GC(1382) Using 8 workers of 8 for evacuation
[2024-08-29T23:15:58.084+0800] GC(1382)   Pre Evacuate Collection Set: 0.2ms
[2024-08-29T23:15:58.084+0800] GC(1382)   Merge Heap Roots: 0.1ms
[2024-08-29T23:15:58.084+0800] GC(1382)   Evacuate Collection Set: 0.4ms
[2024-08-29T23:15:58.084+0800] GC(1382)   Post Evacuate Collection Set: 0.3ms
[2024-08-29T23:15:58.084+0800] GC(1382)   Other: 0.1ms
[2024-08-29T23:15:58.084+0800] GC(1382) Eden regions: 4->0(902)
[2024-08-29T23:15:58.084+0800] GC(1382) Survivor regions: 0->0(114)
[2024-08-29T23:15:58.084+0800] GC(1382) Old regions: 1->1
[2024-08-29T23:15:58.084+0800] GC(1382) Archive regions: 2->2
[2024-08-29T23:15:58.084+0800] GC(1382) Humongous regions: 959->937
[2024-08-29T23:15:58.084+0800] GC(1382) Metaspace: 1627K(1792K)->1627K(1792K) NonClass: 1508K(1600K)->1508K(1600K) Class: 119K(192K)->119K(192K)
[2024-08-29T23:15:58.084+0800] GC(1382) Pause Young (Concurrent Start) (G1 Humongous Allocation) 963M->938M(2048M) 1.268ms
[2024-08-29T23:15:58.084+0800] GC(1382) User=0.00s Sys=0.01s Real=0.00s
[2024-08-29T23:15:58.085+0800] GC(1383) Concurrent Mark Cycle
[2024-08-29T23:15:58.085+0800] GC(1383) Concurrent Clear Claimed Marks
[2024-08-29T23:15:58.085+0800] GC(1383) Concurrent Clear Claimed Marks 0.005ms
[2024-08-29T23:15:58.085+0800] GC(1383) Concurrent Scan Root Regions
[2024-08-29T23:15:58.085+0800] GC(1383) Concurrent Scan Root Regions 0.004ms
[2024-08-29T23:15:58.085+0800] GC(1383) Concurrent Mark
[2024-08-29T23:15:58.085+0800] GC(1383) Concurrent Mark From Roots
[2024-08-29T23:15:58.085+0800] GC(1383) Using 2 workers of 2 for marking
[2024-08-29T23:15:58.088+0800] GC(1383) Concurrent Mark From Roots 3.073ms
[2024-08-29T23:15:58.088+0800] GC(1383) Concurrent Preclean
[2024-08-29T23:15:58.088+0800] GC(1383) Concurrent Preclean 0.068ms
[2024-08-29T23:15:58.088+0800] GC(1383) Pause Remark
[2024-08-29T23:15:58.089+0800] GC(1383) Pause Remark 953M->953M(2048M) 0.877ms
[2024-08-29T23:15:58.089+0800] GC(1383) User=0.00s Sys=0.00s Real=0.00s
[2024-08-29T23:15:58.089+0800] GC(1383) Concurrent Mark 4.162ms
[2024-08-29T23:15:58.089+0800] GC(1383) Concurrent Rebuild Remembered Sets
[2024-08-29T23:15:58.089+0800] GC(1383) Concurrent Rebuild Remembered Sets 0.006ms
[2024-08-29T23:15:58.089+0800] GC(1383) Pause Cleanup
[2024-08-29T23:15:58.089+0800] GC(1383) Pause Cleanup 953M->953M(2048M) 0.011ms
[2024-08-29T23:15:58.089+0800] GC(1383) User=0.00s Sys=0.00s Real=0.00s
[2024-08-29T23:15:58.089+0800] GC(1383) Concurrent Cleanup for Next Mark
[2024-08-29T23:15:58.093+0800] GC(1383) Concurrent Cleanup for Next Mark 3.865ms
[2024-08-29T23:15:58.093+0800] GC(1383) Concurrent Mark Cycle 8.276ms
[2024-08-29T23:15:58.093+0800] GC(1384) Pause Young (Concurrent Start) (G1 Humongous Allocation)
[2024-08-29T23:15:58.094+0800] GC(1384) Using 8 workers of 8 for evacuation
[2024-08-29T23:15:58.095+0800] GC(1384)   Pre Evacuate Collection Set: 0.2ms
[2024-08-29T23:15:58.095+0800] GC(1384)   Merge Heap Roots: 0.4ms
[2024-08-29T23:15:58.095+0800] GC(1384)   Evacuate Collection Set: 0.3ms
[2024-08-29T23:15:58.095+0800] GC(1384)   Post Evacuate Collection Set: 0.2ms
[2024-08-29T23:15:58.095+0800] GC(1384)   Other: 0.2ms
[2024-08-29T23:15:58.095+0800] GC(1384) Eden regions: 4->0(889)
[2024-08-29T23:15:58.095+0800] GC(1384) Survivor regions: 0->0(113)
[2024-08-29T23:15:58.095+0800] GC(1384) Old regions: 1->1
[2024-08-29T23:15:58.095+0800] GC(1384) Archive regions: 2->2
[2024-08-29T23:15:58.095+0800] GC(1384) Humongous regions: 964->950
[2024-08-29T23:15:58.095+0800] GC(1384) Metaspace: 1627K(1792K)->1627K(1792K) NonClass: 1508K(1600K)->1508K(1600K) Class: 119K(192K)->119K(192K)
[2024-08-29T23:15:58.095+0800] GC(1384) Pause Young (Concurrent Start) (G1 Humongous Allocation) 969M->951M(2048M) 1.376ms
[2024-08-29T23:15:58.095+0800] GC(1384) User=0.00s Sys=0.01s Real=0.00s
[2024-08-29T23:15:58.095+0800] GC(1385) Concurrent Mark Cycle
[2024-08-29T23:15:58.095+0800] GC(1385) Concurrent Clear Claimed Marks
[2024-08-29T23:15:58.095+0800] GC(1385) Concurrent Clear Claimed Marks 0.021ms
[2024-08-29T23:15:58.095+0800] GC(1385) Concurrent Scan Root Regions
[2024-08-29T23:15:58.095+0800] GC(1385) Concurrent Scan Root Regions 0.004ms
[2024-08-29T23:15:58.095+0800] GC(1385) Concurrent Mark
[2024-08-29T23:15:58.095+0800] GC(1385) Concurrent Mark From Roots
[2024-08-29T23:15:58.095+0800] GC(1385) Using 2 workers of 2 for marking
[2024-08-29T23:15:58.098+0800] GC(1385) Concurrent Mark From Roots 2.665ms
[2024-08-29T23:15:58.098+0800] GC(1385) Concurrent Preclean
[2024-08-29T23:15:58.098+0800] GC(1385) Concurrent Preclean 0.077ms
[2024-08-29T23:15:58.098+0800] GC(1385) Pause Remark
[2024-08-29T23:15:58.099+0800] GC(1385) Pause Remark 972M->972M(2048M) 0.963ms
[2024-08-29T23:15:58.099+0800] GC(1385) User=0.00s Sys=0.00s Real=0.00s
[2024-08-29T23:15:58.099+0800] GC(1385) Concurrent Mark 3.905ms
[2024-08-29T23:15:58.099+0800] GC(1385) Concurrent Rebuild Remembered Sets
[2024-08-29T23:15:58.099+0800] GC(1385) Concurrent Rebuild Remembered Sets 0.005ms
[2024-08-29T23:15:58.099+0800] GC(1385) Pause Cleanup
[2024-08-29T23:15:58.099+0800] GC(1385) Pause Cleanup 975M->975M(2048M) 0.015ms
[2024-08-29T23:15:58.099+0800] GC(1385) User=0.00s Sys=0.00s Real=0.00s
[2024-08-29T23:15:58.099+0800] GC(1385) Concurrent Cleanup for Next Mark
[2024-08-29T23:15:58.104+0800] GC(1385) Concurrent Cleanup for Next Mark 5.154ms
[2024-08-29T23:15:58.104+0800] GC(1385) Concurrent Mark Cycle 9.509ms
[2024-08-29T23:15:58.106+0800] GC(1386) Pause Young (Concurrent Start) (G1 Humongous Allocation)
[2024-08-29T23:15:58.106+0800] GC(1386) Using 8 workers of 8 for evacuation
[2024-08-29T23:15:58.107+0800] GC(1386)   Pre Evacuate Collection Set: 0.2ms
[2024-08-29T23:15:58.107+0800] GC(1386)   Merge Heap Roots: 0.1ms
[2024-08-29T23:15:58.107+0800] GC(1386)   Evacuate Collection Set: 0.4ms
[2024-08-29T23:15:58.107+0800] GC(1386)   Post Evacuate Collection Set: 0.3ms
[2024-08-29T23:15:58.107+0800] GC(1386)   Other: 0.1ms
[2024-08-29T23:15:58.107+0800] GC(1386) Eden regions: 4->0(865)
[2024-08-29T23:15:58.107+0800] GC(1386) Survivor regions: 0->0(112)
[2024-08-29T23:15:58.107+0800] GC(1386) Old regions: 1->1
[2024-08-29T23:15:58.107+0800] GC(1386) Archive regions: 2->2
[2024-08-29T23:15:58.107+0800] GC(1386) Humongous regions: 986->974
[2024-08-29T23:15:58.107+0800] GC(1386) Metaspace: 1627K(1792K)->1627K(1792K) NonClass: 1508K(1600K)->1508K(1600K) Class: 119K(192K)->119K(192K)
[2024-08-29T23:15:58.107+0800] GC(1386) Pause Young (Concurrent Start) (G1 Humongous Allocation) 990M->975M(2048M) 1.107ms
[2024-08-29T23:15:58.107+0800] GC(1386) User=0.00s Sys=0.00s Real=0.00s
[2024-08-29T23:15:58.107+0800] GC(1387) Concurrent Mark Cycle
[2024-08-29T23:15:58.107+0800] GC(1387) Concurrent Clear Claimed Marks
[2024-08-29T23:15:58.107+0800] GC(1387) Concurrent Clear Claimed Marks 0.005ms
[2024-08-29T23:15:58.107+0800] GC(1387) Concurrent Scan Root Regions
[2024-08-29T23:15:58.107+0800] GC(1387) Concurrent Scan Root Regions 0.004ms
[2024-08-29T23:15:58.107+0800] GC(1387) Concurrent Mark
[2024-08-29T23:15:58.107+0800] GC(1387) Concurrent Mark From Roots
[2024-08-29T23:15:58.107+0800] GC(1387) Using 2 workers of 2 for marking
[2024-08-29T23:15:58.110+0800] GC(1387) Concurrent Mark From Roots 2.396ms
[2024-08-29T23:15:58.110+0800] GC(1387) Concurrent Preclean
[2024-08-29T23:15:58.110+0800] GC(1387) Concurrent Preclean 0.063ms
[2024-08-29T23:15:58.110+0800] GC(1387) Pause Remark
[2024-08-29T23:15:58.111+0800] GC(1387) Pause Remark 991M->991M(2048M) 0.730ms
[2024-08-29T23:15:58.111+0800] GC(1387) User=0.01s Sys=0.00s Real=0.00s
[2024-08-29T23:15:58.111+0800] GC(1387) Concurrent Mark 3.347ms
[2024-08-29T23:15:58.111+0800] GC(1387) Concurrent Rebuild Remembered Sets
[2024-08-29T23:15:58.111+0800] GC(1387) Concurrent Rebuild Remembered Sets 0.006ms
[2024-08-29T23:15:58.112+0800] GC(1387) Pause Cleanup
[2024-08-29T23:15:58.112+0800] GC(1387) Pause Cleanup 995M->995M(2048M) 0.016ms
[2024-08-29T23:15:58.112+0800] GC(1387) User=0.00s Sys=0.00s Real=0.00s
[2024-08-29T23:15:58.112+0800] GC(1387) Concurrent Cleanup for Next Mark
[2024-08-29T23:15:58.116+0800] GC(1387) Concurrent Cleanup for Next Mark 3.922ms
[2024-08-29T23:15:58.116+0800] GC(1387) Concurrent Mark Cycle 8.892ms
[2024-08-29T23:15:58.117+0800] GC(1388) Pause Young (Concurrent Start) (G1 Humongous Allocation)
[2024-08-29T23:15:58.117+0800] GC(1388) Using 8 workers of 8 for evacuation
[2024-08-29T23:15:58.118+0800] GC(1388)   Pre Evacuate Collection Set: 0.4ms
[2024-08-29T23:15:58.118+0800] GC(1388)   Merge Heap Roots: 0.1ms
[2024-08-29T23:15:58.118+0800] GC(1388)   Evacuate Collection Set: 0.3ms
[2024-08-29T23:15:58.118+0800] GC(1388)   Post Evacuate Collection Set: 0.3ms
[2024-08-29T23:15:58.118+0800] GC(1388)   Other: 0.2ms
[2024-08-29T23:15:58.119+0800] GC(1388) Eden regions: 3->0(855)
[2024-08-29T23:15:58.119+0800] GC(1388) Survivor regions: 0->0(109)
[2024-08-29T23:15:58.119+0800] GC(1388) Old regions: 1->1
[2024-08-29T23:15:58.119+0800] GC(1388) Archive regions: 2->2
[2024-08-29T23:15:58.119+0800] GC(1388) Humongous regions: 1003->984
[2024-08-29T23:15:58.119+0800] GC(1388) Metaspace: 1627K(1792K)->1627K(1792K) NonClass: 1508K(1600K)->1508K(1600K) Class: 119K(192K)->119K(192K)
[2024-08-29T23:15:58.119+0800] GC(1388) Pause Young (Concurrent Start) (G1 Humongous Allocation) 1007M->985M(2048M) 1.391ms
[2024-08-29T23:15:58.119+0800] GC(1388) User=0.00s Sys=0.00s Real=0.00s
[2024-08-29T23:15:58.119+0800] GC(1389) Concurrent Mark Cycle
[2024-08-29T23:15:58.119+0800] GC(1389) Concurrent Clear Claimed Marks
[2024-08-29T23:15:58.119+0800] GC(1389) Concurrent Clear Claimed Marks 0.005ms
[2024-08-29T23:15:58.119+0800] GC(1389) Concurrent Scan Root Regions
[2024-08-29T23:15:58.119+0800] GC(1389) Concurrent Scan Root Regions 0.004ms
[2024-08-29T23:15:58.119+0800] GC(1389) Concurrent Mark
[2024-08-29T23:15:58.119+0800] GC(1389) Concurrent Mark From Roots
[2024-08-29T23:15:58.119+0800] GC(1389) Using 2 workers of 2 for marking
[2024-08-29T23:15:58.121+0800] GC(1389) Concurrent Mark From Roots 2.248ms
[2024-08-29T23:15:58.121+0800] GC(1389) Concurrent Preclean
[2024-08-29T23:15:58.121+0800] GC(1389) Concurrent Preclean 0.084ms
[2024-08-29T23:15:58.121+0800] GC(1389) Pause Remark
[2024-08-29T23:15:58.122+0800] GC(1389) Pause Remark 995M->995M(2048M) 1.087ms
[2024-08-29T23:15:58.122+0800] GC(1389) User=0.00s Sys=0.01s Real=0.00s
[2024-08-29T23:15:58.122+0800] GC(1389) Concurrent Mark 3.573ms
[2024-08-29T23:15:58.122+0800] GC(1389) Concurrent Rebuild Remembered Sets
[2024-08-29T23:15:58.122+0800] GC(1389) Concurrent Rebuild Remembered Sets 0.005ms
[2024-08-29T23:15:58.123+0800] GC(1389) Pause Cleanup
[2024-08-29T23:15:58.123+0800] GC(1389) Pause Cleanup 997M->997M(2048M) 0.014ms
[2024-08-29T23:15:58.123+0800] GC(1389) User=0.00s Sys=0.00s Real=0.00s
[2024-08-29T23:15:58.123+0800] GC(1389) Concurrent Cleanup for Next Mark
[2024-08-29T23:15:58.127+0800] GC(1389) Concurrent Cleanup for Next Mark 3.914ms
[2024-08-29T23:15:58.127+0800] GC(1389) Concurrent Mark Cycle 8.592ms
[2024-08-29T23:15:58.128+0800] GC(1390) Pause Young (Concurrent Start) (G1 Humongous Allocation)
[2024-08-29T23:15:58.128+0800] GC(1390) Using 8 workers of 8 for evacuation
[2024-08-29T23:15:58.129+0800] GC(1390)   Pre Evacuate Collection Set: 0.2ms
[2024-08-29T23:15:58.129+0800] GC(1390)   Merge Heap Roots: 0.1ms
[2024-08-29T23:15:58.129+0800] GC(1390)   Evacuate Collection Set: 0.4ms
[2024-08-29T23:15:58.129+0800] GC(1390)   Post Evacuate Collection Set: 0.4ms
[2024-08-29T23:15:58.129+0800] GC(1390)   Other: 0.1ms
[2024-08-29T23:15:58.129+0800] GC(1390) Eden regions: 4->0(850)
[2024-08-29T23:15:58.129+0800] GC(1390) Survivor regions: 0->0(107)
[2024-08-29T23:15:58.129+0800] GC(1390) Old regions: 1->1
[2024-08-29T23:15:58.130+0800] GC(1390) Archive regions: 2->2
[2024-08-29T23:15:58.130+0800] GC(1390) Humongous regions: 1008->989
[2024-08-29T23:15:58.130+0800] GC(1390) Metaspace: 1627K(1792K)->1627K(1792K) NonClass: 1508K(1600K)->1508K(1600K) Class: 119K(192K)->119K(192K)
[2024-08-29T23:15:58.130+0800] GC(1390) Pause Young (Concurrent Start) (G1 Humongous Allocation) 1012M->990M(2048M) 1.345ms
[2024-08-29T23:15:58.130+0800] GC(1390) User=0.00s Sys=0.00s Real=0.00s
[2024-08-29T23:15:58.130+0800] GC(1391) Concurrent Mark Cycle
[2024-08-29T23:15:58.130+0800] GC(1391) Concurrent Clear Claimed Marks
[2024-08-29T23:15:58.130+0800] GC(1391) Concurrent Clear Claimed Marks 0.005ms
[2024-08-29T23:15:58.130+0800] GC(1391) Concurrent Scan Root Regions
[2024-08-29T23:15:58.130+0800] GC(1391) Concurrent Scan Root Regions 0.004ms
[2024-08-29T23:15:58.130+0800] GC(1391) Concurrent Mark
[2024-08-29T23:15:58.130+0800] GC(1391) Concurrent Mark From Roots
[2024-08-29T23:15:58.130+0800] GC(1391) Using 2 workers of 2 for marking
[2024-08-29T23:15:58.132+0800] GC(1391) Concurrent Mark From Roots 2.072ms
[2024-08-29T23:15:58.132+0800] GC(1391) Concurrent Preclean
[2024-08-29T23:15:58.132+0800] GC(1391) Concurrent Preclean 0.081ms
[2024-08-29T23:15:58.132+0800] GC(1391) Pause Remark
[2024-08-29T23:15:58.133+0800] GC(1391) Pause Remark 999M->999M(2048M) 0.810ms
[2024-08-29T23:15:58.133+0800] GC(1391) User=0.01s Sys=0.00s Real=0.01s
[2024-08-29T23:15:58.133+0800] GC(1391) Concurrent Mark 3.090ms
[2024-08-29T23:15:58.133+0800] GC(1391) Concurrent Rebuild Remembered Sets
[2024-08-29T23:15:58.133+0800] GC(1391) Concurrent Rebuild Remembered Sets 0.004ms
[2024-08-29T23:15:58.134+0800] GC(1391) Pause Cleanup
[2024-08-29T23:15:58.134+0800] GC(1391) Pause Cleanup 1006M->1006M(2048M) 0.017ms
[2024-08-29T23:15:58.134+0800] GC(1391) User=0.00s Sys=0.00s Real=0.00s
[2024-08-29T23:15:58.134+0800] GC(1391) Concurrent Cleanup for Next Mark
[2024-08-29T23:15:58.138+0800] GC(1391) Concurrent Cleanup for Next Mark 3.501ms
[2024-08-29T23:15:58.138+0800] GC(1391) Concurrent Mark Cycle 8.209ms
[2024-08-29T23:15:58.138+0800] GC(1392) Pause Young (Concurrent Start) (G1 Humongous Allocation)
[2024-08-29T23:15:58.138+0800] GC(1392) Using 8 workers of 8 for evacuation
[2024-08-29T23:15:58.139+0800] GC(1392)   Pre Evacuate Collection Set: 0.2ms
[2024-08-29T23:15:58.139+0800] GC(1392)   Merge Heap Roots: 0.1ms
[2024-08-29T23:15:58.139+0800] GC(1392)   Evacuate Collection Set: 0.3ms
[2024-08-29T23:15:58.139+0800] GC(1392)   Post Evacuate Collection Set: 0.2ms
[2024-08-29T23:15:58.139+0800] GC(1392)   Other: 0.1ms
[2024-08-29T23:15:58.139+0800] GC(1392) Eden regions: 3->0(856)
[2024-08-29T23:15:58.139+0800] GC(1392) Survivor regions: 0->0(107)
[2024-08-29T23:15:58.139+0800] GC(1392) Old regions: 1->1
[2024-08-29T23:15:58.139+0800] GC(1392) Archive regions: 2->2
[2024-08-29T23:15:58.139+0800] GC(1392) Humongous regions: 1007->983
[2024-08-29T23:15:58.139+0800] GC(1392) Metaspace: 1627K(1792K)->1627K(1792K) NonClass: 1508K(1600K)->1508K(1600K) Class: 119K(192K)->119K(192K)
[2024-08-29T23:15:58.139+0800] GC(1392) Pause Young (Concurrent Start) (G1 Humongous Allocation) 1011M->984M(2048M) 0.954ms
[2024-08-29T23:15:58.139+0800] GC(1392) User=0.00s Sys=0.00s Real=0.00s
[2024-08-29T23:15:58.139+0800] GC(1393) Concurrent Mark Cycle
[2024-08-29T23:15:58.139+0800] GC(1393) Concurrent Clear Claimed Marks
[2024-08-29T23:15:58.139+0800] GC(1393) Concurrent Clear Claimed Marks 0.005ms
[2024-08-29T23:15:58.139+0800] GC(1393) Concurrent Scan Root Regions
[2024-08-29T23:15:58.139+0800] GC(1393) Concurrent Scan Root Regions 0.004ms
[2024-08-29T23:15:58.139+0800] GC(1393) Concurrent Mark
[2024-08-29T23:15:58.139+0800] GC(1393) Concurrent Mark From Roots
[2024-08-29T23:15:58.139+0800] GC(1393) Using 2 workers of 2 for marking
[2024-08-29T23:15:58.141+0800] GC(1393) Concurrent Mark From Roots 2.051ms
[2024-08-29T23:15:58.141+0800] GC(1393) Concurrent Preclean
[2024-08-29T23:15:58.141+0800] GC(1393) Concurrent Preclean 0.077ms
[2024-08-29T23:15:58.142+0800] GC(1393) Pause Remark
[2024-08-29T23:15:58.143+0800] GC(1393) Pause Remark 995M->995M(2048M) 0.834ms
[2024-08-29T23:15:58.143+0800] GC(1393) User=0.00s Sys=0.00s Real=0.01s
[2024-08-29T23:15:58.143+0800] GC(1393) Concurrent Mark 3.809ms
[2024-08-29T23:15:58.143+0800] GC(1393) Concurrent Rebuild Remembered Sets
[2024-08-29T23:15:58.143+0800] GC(1393) Concurrent Rebuild Remembered Sets 0.006ms
[2024-08-29T23:15:58.144+0800] GC(1393) Pause Cleanup
[2024-08-29T23:15:58.144+0800] GC(1393) Pause Cleanup 999M->999M(2048M) 0.019ms
[2024-08-29T23:15:58.144+0800] GC(1393) User=0.00s Sys=0.00s Real=0.00s
[2024-08-29T23:15:58.144+0800] GC(1393) Concurrent Cleanup for Next Mark
[2024-08-29T23:15:58.148+0800] GC(1393) Concurrent Cleanup for Next Mark 3.808ms
[2024-08-29T23:15:58.148+0800] GC(1393) Concurrent Mark Cycle 8.897ms
[2024-08-29T23:15:58.150+0800] GC(1394) Pause Young (Concurrent Start) (G1 Humongous Allocation)
[2024-08-29T23:15:58.150+0800] GC(1394) Using 8 workers of 8 for evacuation
[2024-08-29T23:15:58.151+0800] GC(1394)   Pre Evacuate Collection Set: 0.2ms
[2024-08-29T23:15:58.151+0800] GC(1394)   Merge Heap Roots: 0.1ms
[2024-08-29T23:15:58.151+0800] GC(1394)   Evacuate Collection Set: 0.3ms
[2024-08-29T23:15:58.151+0800] GC(1394)   Post Evacuate Collection Set: 0.3ms
[2024-08-29T23:15:58.151+0800] GC(1394)   Other: 0.1ms
[2024-08-29T23:15:58.151+0800] GC(1394) Eden regions: 3->0(882)
[2024-08-29T23:15:58.151+0800] GC(1394) Survivor regions: 0->0(107)
[2024-08-29T23:15:58.151+0800] GC(1394) Old regions: 1->1
[2024-08-29T23:15:58.151+0800] GC(1394) Archive regions: 2->2
[2024-08-29T23:15:58.151+0800] GC(1394) Humongous regions: 1003->957
[2024-08-29T23:15:58.151+0800] GC(1394) Metaspace: 1627K(1792K)->1627K(1792K) NonClass: 1508K(1600K)->1508K(1600K) Class: 119K(192K)->119K(192K)
[2024-08-29T23:15:58.151+0800] GC(1394) Pause Young (Concurrent Start) (G1 Humongous Allocation) 1007M->958M(2048M) 0.987ms
[2024-08-29T23:15:58.151+0800] GC(1394) User=0.00s Sys=0.01s Real=0.00s
[2024-08-29T23:15:58.151+0800] GC(1395) Concurrent Mark Cycle
[2024-08-29T23:15:58.151+0800] GC(1395) Concurrent Clear Claimed Marks
[2024-08-29T23:15:58.151+0800] GC(1395) Concurrent Clear Claimed Marks 0.005ms
[2024-08-29T23:15:58.151+0800] GC(1395) Concurrent Scan Root Regions
[2024-08-29T23:15:58.151+0800] GC(1395) Concurrent Scan Root Regions 0.004ms
[2024-08-29T23:15:58.151+0800] GC(1395) Concurrent Mark
[2024-08-29T23:15:58.151+0800] GC(1395) Concurrent Mark From Roots
[2024-08-29T23:15:58.151+0800] GC(1395) Using 2 workers of 2 for marking
[2024-08-29T23:15:58.154+0800] GC(1395) Concurrent Mark From Roots 2.377ms
[2024-08-29T23:15:58.154+0800] GC(1395) Concurrent Preclean
[2024-08-29T23:15:58.154+0800] GC(1395) Concurrent Preclean 0.085ms
[2024-08-29T23:15:58.154+0800] GC(1395) Pause Remark
[2024-08-29T23:15:58.155+0800] GC(1395) Pause Remark 971M->971M(2048M) 0.878ms
[2024-08-29T23:15:58.155+0800] GC(1395) User=0.00s Sys=0.00s Real=0.00s
[2024-08-29T23:15:58.155+0800] GC(1395) Concurrent Mark 3.483ms
[2024-08-29T23:15:58.155+0800] GC(1395) Concurrent Rebuild Remembered Sets
[2024-08-29T23:15:58.155+0800] GC(1395) Concurrent Rebuild Remembered Sets 0.005ms
[2024-08-29T23:15:58.156+0800] GC(1395) Pause Cleanup
[2024-08-29T23:15:58.156+0800] GC(1395) Pause Cleanup 975M->975M(2048M) 0.016ms
[2024-08-29T23:15:58.156+0800] GC(1395) User=0.00s Sys=0.00s Real=0.00s
[2024-08-29T23:15:58.156+0800] GC(1395) Concurrent Cleanup for Next Mark
[2024-08-29T23:15:58.160+0800] GC(1395) Concurrent Cleanup for Next Mark 3.723ms
[2024-08-29T23:15:58.160+0800] GC(1395) Concurrent Mark Cycle 8.716ms
[2024-08-29T23:15:58.161+0800] GC(1396) Pause Young (Concurrent Start) (G1 Humongous Allocation)
[2024-08-29T23:15:58.161+0800] GC(1396) Using 8 workers of 8 for evacuation
[2024-08-29T23:15:58.162+0800] GC(1396)   Pre Evacuate Collection Set: 0.2ms
[2024-08-29T23:15:58.162+0800] GC(1396)   Merge Heap Roots: 0.1ms
[2024-08-29T23:15:58.162+0800] GC(1396)   Evacuate Collection Set: 0.4ms
[2024-08-29T23:15:58.162+0800] GC(1396)   Post Evacuate Collection Set: 0.4ms
[2024-08-29T23:15:58.162+0800] GC(1396)   Other: 0.1ms
[2024-08-29T23:15:58.163+0800] GC(1396) Eden regions: 4->0(883)
[2024-08-29T23:15:58.163+0800] GC(1396) Survivor regions: 0->0(111)
[2024-08-29T23:15:58.163+0800] GC(1396) Old regions: 1->1
[2024-08-29T23:15:58.163+0800] GC(1396) Archive regions: 2->2
[2024-08-29T23:15:58.163+0800] GC(1396) Humongous regions: 977->956
[2024-08-29T23:15:58.163+0800] GC(1396) Metaspace: 1627K(1792K)->1627K(1792K) NonClass: 1508K(1600K)->1508K(1600K) Class: 119K(192K)->119K(192K)
[2024-08-29T23:15:58.163+0800] GC(1396) Pause Young (Concurrent Start) (G1 Humongous Allocation) 981M->957M(2048M) 1.355ms
[2024-08-29T23:15:58.163+0800] GC(1396) User=0.00s Sys=0.01s Real=0.01s
[2024-08-29T23:15:58.163+0800] GC(1397) Concurrent Mark Cycle
[2024-08-29T23:15:58.163+0800] GC(1397) Concurrent Clear Claimed Marks
[2024-08-29T23:15:58.163+0800] GC(1397) Concurrent Clear Claimed Marks 0.005ms
[2024-08-29T23:15:58.163+0800] GC(1397) Concurrent Scan Root Regions
[2024-08-29T23:15:58.163+0800] GC(1397) Concurrent Scan Root Regions 0.004ms
[2024-08-29T23:15:58.163+0800] GC(1397) Concurrent Mark
[2024-08-29T23:15:58.163+0800] GC(1397) Concurrent Mark From Roots
[2024-08-29T23:15:58.163+0800] GC(1397) Using 2 workers of 2 for marking
[2024-08-29T23:15:58.165+0800] GC(1397) Concurrent Mark From Roots 2.295ms
[2024-08-29T23:15:58.165+0800] GC(1397) Concurrent Preclean
[2024-08-29T23:15:58.165+0800] GC(1397) Concurrent Preclean 0.066ms
[2024-08-29T23:15:58.165+0800] GC(1397) Pause Remark
[2024-08-29T23:15:58.166+0800] GC(1397) Pause Remark 971M->971M(2048M) 1.290ms
[2024-08-29T23:15:58.166+0800] GC(1397) User=0.00s Sys=0.00s Real=0.00s
[2024-08-29T23:15:58.166+0800] GC(1397) Concurrent Mark 3.806ms
[2024-08-29T23:15:58.166+0800] GC(1397) Concurrent Rebuild Remembered Sets
[2024-08-29T23:15:58.166+0800] GC(1397) Concurrent Rebuild Remembered Sets 0.005ms
[2024-08-29T23:15:58.167+0800] GC(1397) Pause Cleanup
[2024-08-29T23:15:58.167+0800] GC(1397) Pause Cleanup 976M->976M(2048M) 0.015ms
[2024-08-29T23:15:58.167+0800] GC(1397) User=0.00s Sys=0.00s Real=0.00s
[2024-08-29T23:15:58.167+0800] GC(1397) Concurrent Cleanup for Next Mark
[2024-08-29T23:15:58.171+0800] GC(1397) Concurrent Cleanup for Next Mark 3.391ms
[2024-08-29T23:15:58.171+0800] GC(1397) Concurrent Mark Cycle 8.053ms
[2024-08-29T23:15:58.171+0800] GC(1398) Pause Young (Concurrent Start) (G1 Humongous Allocation)
[2024-08-29T23:15:58.171+0800] GC(1398) Using 8 workers of 8 for evacuation
[2024-08-29T23:15:58.172+0800] GC(1398)   Pre Evacuate Collection Set: 0.2ms
[2024-08-29T23:15:58.172+0800] GC(1398)   Merge Heap Roots: 0.1ms
[2024-08-29T23:15:58.172+0800] GC(1398)   Evacuate Collection Set: 0.5ms
[2024-08-29T23:15:58.172+0800] GC(1398)   Post Evacuate Collection Set: 0.2ms
[2024-08-29T23:15:58.172+0800] GC(1398)   Other: 0.1ms
[2024-08-29T23:15:58.172+0800] GC(1398) Eden regions: 3->0(874)
[2024-08-29T23:15:58.172+0800] GC(1398) Survivor regions: 0->0(111)
[2024-08-29T23:15:58.172+0800] GC(1398) Old regions: 1->1
[2024-08-29T23:15:58.172+0800] GC(1398) Archive regions: 2->2
[2024-08-29T23:15:58.172+0800] GC(1398) Humongous regions: 976->965
[2024-08-29T23:15:58.172+0800] GC(1398) Metaspace: 1627K(1792K)->1627K(1792K) NonClass: 1508K(1600K)->1508K(1600K) Class: 119K(192K)->119K(192K)
[2024-08-29T23:15:58.172+0800] GC(1398) Pause Young (Concurrent Start) (G1 Humongous Allocation) 980M->966M(2048M) 1.140ms
[2024-08-29T23:15:58.172+0800] GC(1398) User=0.00s Sys=0.00s Real=0.00s
[2024-08-29T23:15:58.172+0800] GC(1399) Concurrent Mark Cycle
[2024-08-29T23:15:58.172+0800] GC(1399) Concurrent Clear Claimed Marks
[2024-08-29T23:15:58.172+0800] GC(1399) Concurrent Clear Claimed Marks 0.026ms
[2024-08-29T23:15:58.172+0800] GC(1399) Concurrent Scan Root Regions
[2024-08-29T23:15:58.172+0800] GC(1399) Concurrent Scan Root Regions 0.004ms
[2024-08-29T23:15:58.172+0800] GC(1399) Concurrent Mark
[2024-08-29T23:15:58.172+0800] GC(1399) Concurrent Mark From Roots
[2024-08-29T23:15:58.172+0800] GC(1399) Using 2 workers of 2 for marking
[2024-08-29T23:15:58.174+0800] GC(1399) Concurrent Mark From Roots 2.043ms
[2024-08-29T23:15:58.174+0800] GC(1399) Concurrent Preclean
[2024-08-29T23:15:58.174+0800] GC(1399) Concurrent Preclean 0.066ms
[2024-08-29T23:15:58.174+0800] GC(1399) Pause Remark
[2024-08-29T23:15:58.175+0800] GC(1399) Pause Remark 971M->971M(2048M) 0.884ms
[2024-08-29T23:15:58.175+0800] GC(1399) User=0.00s Sys=0.00s Real=0.00s
[2024-08-29T23:15:58.175+0800] GC(1399) Concurrent Mark 3.168ms
[2024-08-29T23:15:58.175+0800] GC(1399) Concurrent Rebuild Remembered Sets
[2024-08-29T23:15:58.175+0800] GC(1399) Concurrent Rebuild Remembered Sets 0.006ms
[2024-08-29T23:15:58.175+0800] GC(1399) Pause Cleanup
[2024-08-29T23:15:58.175+0800] GC(1399) Pause Cleanup 972M->972M(2048M) 0.015ms
[2024-08-29T23:15:58.175+0800] GC(1399) User=0.00s Sys=0.00s Real=0.00s
[2024-08-29T23:15:58.175+0800] GC(1399) Concurrent Cleanup for Next Mark
[2024-08-29T23:15:58.180+0800] GC(1399) Concurrent Cleanup for Next Mark 4.784ms
[2024-08-29T23:15:58.180+0800] GC(1399) Concurrent Mark Cycle 8.182ms
[2024-08-29T23:15:58.181+0800] GC(1400) Pause Young (Concurrent Start) (G1 Humongous Allocation)
[2024-08-29T23:15:58.181+0800] GC(1400) Using 8 workers of 8 for evacuation
[2024-08-29T23:15:58.182+0800] GC(1400)   Pre Evacuate Collection Set: 0.4ms
[2024-08-29T23:15:58.182+0800] GC(1400)   Merge Heap Roots: 0.1ms
[2024-08-29T23:15:58.182+0800] GC(1400)   Evacuate Collection Set: 0.4ms
[2024-08-29T23:15:58.182+0800] GC(1400)   Post Evacuate Collection Set: 0.3ms
[2024-08-29T23:15:58.182+0800] GC(1400)   Other: 0.2ms
[2024-08-29T23:15:58.182+0800] GC(1400) Eden regions: 3->0(874)
[2024-08-29T23:15:58.182+0800] GC(1400) Survivor regions: 0->0(110)
[2024-08-29T23:15:58.182+0800] GC(1400) Old regions: 1->1
[2024-08-29T23:15:58.183+0800] GC(1400) Archive regions: 2->2
[2024-08-29T23:15:58.183+0800] GC(1400) Humongous regions: 987->965
[2024-08-29T23:15:58.183+0800] GC(1400) Metaspace: 1627K(1792K)->1627K(1792K) NonClass: 1508K(1600K)->1508K(1600K) Class: 119K(192K)->119K(192K)
[2024-08-29T23:15:58.183+0800] GC(1400) Pause Young (Concurrent Start) (G1 Humongous Allocation) 991M->966M(2048M) 1.345ms
[2024-08-29T23:15:58.183+0800] GC(1400) User=0.00s Sys=0.00s Real=0.01s
[2024-08-29T23:15:58.183+0800] GC(1401) Concurrent Mark Cycle
[2024-08-29T23:15:58.183+0800] GC(1401) Concurrent Clear Claimed Marks
[2024-08-29T23:15:58.183+0800] GC(1401) Concurrent Clear Claimed Marks 0.005ms
[2024-08-29T23:15:58.183+0800] GC(1401) Concurrent Scan Root Regions
[2024-08-29T23:15:58.183+0800] GC(1401) Concurrent Scan Root Regions 0.004ms
[2024-08-29T23:15:58.183+0800] GC(1401) Concurrent Mark
[2024-08-29T23:15:58.183+0800] GC(1401) Concurrent Mark From Roots
[2024-08-29T23:15:58.183+0800] GC(1401) Using 2 workers of 2 for marking
[2024-08-29T23:15:58.185+0800] GC(1401) Concurrent Mark From Roots 2.669ms
[2024-08-29T23:15:58.185+0800] GC(1401) Concurrent Preclean
[2024-08-29T23:15:58.185+0800] GC(1401) Concurrent Preclean 0.066ms
[2024-08-29T23:15:58.185+0800] GC(1401) Pause Remark
[2024-08-29T23:15:58.186+0800] GC(1401) Pause Remark 987M->987M(2048M) 0.842ms
[2024-08-29T23:15:58.186+0800] GC(1401) User=0.00s Sys=0.00s Real=0.00s
[2024-08-29T23:15:58.186+0800] GC(1401) Concurrent Mark 3.713ms
[2024-08-29T23:15:58.186+0800] GC(1401) Concurrent Rebuild Remembered Sets
[2024-08-29T23:15:58.186+0800] GC(1401) Concurrent Rebuild Remembered Sets 0.006ms
[2024-08-29T23:15:58.187+0800] GC(1401) Pause Cleanup
[2024-08-29T23:15:58.187+0800] GC(1401) Pause Cleanup 988M->988M(2048M) 0.016ms
[2024-08-29T23:15:58.187+0800] GC(1401) User=0.00s Sys=0.00s Real=0.00s
[2024-08-29T23:15:58.187+0800] GC(1401) Concurrent Cleanup for Next Mark
[2024-08-29T23:15:58.192+0800] GC(1401) Concurrent Cleanup for Next Mark 4.737ms
[2024-08-29T23:15:58.192+0800] GC(1401) Concurrent Mark Cycle 9.492ms
[2024-08-29T23:15:58.193+0800] GC(1402) Pause Young (Concurrent Start) (G1 Humongous Allocation)
[2024-08-29T23:15:58.193+0800] GC(1402) Using 8 workers of 8 for evacuation
[2024-08-29T23:15:58.195+0800] GC(1402)   Pre Evacuate Collection Set: 0.2ms
[2024-08-29T23:15:58.195+0800] GC(1402)   Merge Heap Roots: 0.2ms
[2024-08-29T23:15:58.195+0800] GC(1402)   Evacuate Collection Set: 0.4ms
[2024-08-29T23:15:58.195+0800] GC(1402)   Post Evacuate Collection Set: 0.3ms
[2024-08-29T23:15:58.195+0800] GC(1402)   Other: 0.1ms
[2024-08-29T23:15:58.195+0800] GC(1402) Eden regions: 4->0(847)
[2024-08-29T23:15:58.195+0800] GC(1402) Survivor regions: 0->0(110)
[2024-08-29T23:15:58.195+0800] GC(1402) Old regions: 1->1
[2024-08-29T23:15:58.195+0800] GC(1402) Archive regions: 2->2
[2024-08-29T23:15:58.195+0800] GC(1402) Humongous regions: 1002->992
[2024-08-29T23:15:58.195+0800] GC(1402) Metaspace: 1627K(1792K)->1627K(1792K) NonClass: 1508K(1600K)->1508K(1600K) Class: 119K(192K)->119K(192K)
[2024-08-29T23:15:58.195+0800] GC(1402) Pause Young (Concurrent Start) (G1 Humongous Allocation) 1006M->993M(2048M) 1.375ms
[2024-08-29T23:15:58.195+0800] GC(1402) User=0.00s Sys=0.00s Real=0.00s
[2024-08-29T23:15:58.195+0800] GC(1403) Concurrent Mark Cycle
[2024-08-29T23:15:58.195+0800] GC(1403) Concurrent Clear Claimed Marks
[2024-08-29T23:15:58.195+0800] GC(1403) Concurrent Clear Claimed Marks 0.005ms
[2024-08-29T23:15:58.195+0800] GC(1403) Concurrent Scan Root Regions
[2024-08-29T23:15:58.195+0800] GC(1403) Concurrent Scan Root Regions 0.004ms
[2024-08-29T23:15:58.195+0800] GC(1403) Concurrent Mark
[2024-08-29T23:15:58.195+0800] GC(1403) Concurrent Mark From Roots
[2024-08-29T23:15:58.195+0800] GC(1403) Using 2 workers of 2 for marking
[2024-08-29T23:15:58.197+0800] GC(1403) Concurrent Mark From Roots 2.031ms
[2024-08-29T23:15:58.197+0800] GC(1403) Concurrent Preclean
[2024-08-29T23:15:58.197+0800] GC(1403) Concurrent Preclean 0.064ms
[2024-08-29T23:15:58.197+0800] GC(1403) Pause Remark
[2024-08-29T23:15:58.198+0800] GC(1403) Pause Remark 1000M->1000M(2048M) 1.450ms
[2024-08-29T23:15:58.198+0800] GC(1403) User=0.01s Sys=0.00s Real=0.00s
[2024-08-29T23:15:58.198+0800] GC(1403) Concurrent Mark 3.671ms
[2024-08-29T23:15:58.198+0800] GC(1403) Concurrent Rebuild Remembered Sets
[2024-08-29T23:15:58.198+0800] GC(1403) Concurrent Rebuild Remembered Sets 0.006ms
[2024-08-29T23:15:58.198+0800] GC(1403) Pause Cleanup
[2024-08-29T23:15:58.198+0800] GC(1403) Pause Cleanup 1000M->1000M(2048M) 0.011ms
[2024-08-29T23:15:58.198+0800] GC(1403) User=0.00s Sys=0.00s Real=0.00s
[2024-08-29T23:15:58.198+0800] GC(1403) Concurrent Cleanup for Next Mark
[2024-08-29T23:15:58.202+0800] GC(1403) Concurrent Cleanup for Next Mark 3.399ms
[2024-08-29T23:15:58.202+0800] GC(1403) Concurrent Mark Cycle 7.266ms
[2024-08-29T23:15:58.203+0800] GC(1404) Pause Young (Concurrent Start) (G1 Humongous Allocation)
[2024-08-29T23:15:58.203+0800] GC(1404) Using 8 workers of 8 for evacuation
[2024-08-29T23:15:58.204+0800] GC(1404)   Pre Evacuate Collection Set: 0.2ms
[2024-08-29T23:15:58.204+0800] GC(1404)   Merge Heap Roots: 0.1ms
[2024-08-29T23:15:58.204+0800] GC(1404)   Evacuate Collection Set: 0.3ms
[2024-08-29T23:15:58.204+0800] GC(1404)   Post Evacuate Collection Set: 0.5ms
[2024-08-29T23:15:58.204+0800] GC(1404)   Other: 0.1ms
[2024-08-29T23:15:58.204+0800] GC(1404) Eden regions: 3->0(876)
[2024-08-29T23:15:58.204+0800] GC(1404) Survivor regions: 0->0(106)
[2024-08-29T23:15:58.204+0800] GC(1404) Old regions: 1->1
[2024-08-29T23:15:58.204+0800] GC(1404) Archive regions: 2->2
[2024-08-29T23:15:58.204+0800] GC(1404) Humongous regions: 999->963
[2024-08-29T23:15:58.204+0800] GC(1404) Metaspace: 1627K(1792K)->1627K(1792K) NonClass: 1508K(1600K)->1508K(1600K) Class: 119K(192K)->119K(192K)
[2024-08-29T23:15:58.205+0800] GC(1404) Pause Young (Concurrent Start) (G1 Humongous Allocation) 1003M->964M(2048M) 1.287ms
[2024-08-29T23:15:58.205+0800] GC(1404) User=0.00s Sys=0.00s Real=0.00s
[2024-08-29T23:15:58.205+0800] GC(1405) Concurrent Mark Cycle
[2024-08-29T23:15:58.205+0800] GC(1405) Concurrent Clear Claimed Marks
[2024-08-29T23:15:58.205+0800] GC(1405) Concurrent Clear Claimed Marks 0.033ms
[2024-08-29T23:15:58.205+0800] GC(1405) Concurrent Scan Root Regions
[2024-08-29T23:15:58.205+0800] GC(1405) Concurrent Scan Root Regions 0.004ms
[2024-08-29T23:15:58.205+0800] GC(1405) Concurrent Mark
[2024-08-29T23:15:58.205+0800] GC(1405) Concurrent Mark From Roots
[2024-08-29T23:15:58.205+0800] GC(1405) Using 2 workers of 2 for marking
[2024-08-29T23:15:58.208+0800] GC(1405) Concurrent Mark From Roots 3.705ms
[2024-08-29T23:15:58.208+0800] GC(1405) Concurrent Preclean
[2024-08-29T23:15:58.208+0800] GC(1405) Concurrent Preclean 0.067ms
[2024-08-29T23:15:58.208+0800] GC(1405) Pause Remark
[2024-08-29T23:15:58.210+0800] GC(1405) Pause Remark 985M->985M(2048M) 1.137ms
[2024-08-29T23:15:58.210+0800] GC(1405) User=0.00s Sys=0.01s Real=0.00s
[2024-08-29T23:15:58.210+0800] GC(1405) Concurrent Mark 5.052ms
[2024-08-29T23:15:58.210+0800] GC(1405) Concurrent Rebuild Remembered Sets
[2024-08-29T23:15:58.210+0800] GC(1405) Concurrent Rebuild Remembered Sets 0.004ms
[2024-08-29T23:15:58.211+0800] GC(1405) Pause Cleanup
[2024-08-29T23:15:58.211+0800] GC(1405) Pause Cleanup 990M->990M(2048M) 0.020ms
[2024-08-29T23:15:58.211+0800] GC(1405) User=0.00s Sys=0.00s Real=0.00s
[2024-08-29T23:15:58.211+0800] GC(1405) Concurrent Cleanup for Next Mark
[2024-08-29T23:15:58.215+0800] GC(1405) Concurrent Cleanup for Next Mark 3.752ms
[2024-08-29T23:15:58.215+0800] GC(1405) Concurrent Mark Cycle 10.486ms
[2024-08-29T23:15:58.216+0800] GC(1406) Pause Young (Concurrent Start) (G1 Humongous Allocation)
[2024-08-29T23:15:58.216+0800] GC(1406) Using 8 workers of 8 for evacuation
[2024-08-29T23:15:58.217+0800] GC(1406)   Pre Evacuate Collection Set: 0.1ms
[2024-08-29T23:15:58.217+0800] GC(1406)   Merge Heap Roots: 0.1ms
[2024-08-29T23:15:58.217+0800] GC(1406)   Evacuate Collection Set: 0.4ms
[2024-08-29T23:15:58.217+0800] GC(1406)   Post Evacuate Collection Set: 0.4ms
[2024-08-29T23:15:58.217+0800] GC(1406)   Other: 0.1ms
[2024-08-29T23:15:58.217+0800] GC(1406) Eden regions: 4->0(875)
[2024-08-29T23:15:58.217+0800] GC(1406) Survivor regions: 0->0(110)
[2024-08-29T23:15:58.217+0800] GC(1406) Old regions: 1->1
[2024-08-29T23:15:58.217+0800] GC(1406) Archive regions: 2->2
[2024-08-29T23:15:58.217+0800] GC(1406) Humongous regions: 988->964
[2024-08-29T23:15:58.217+0800] GC(1406) Metaspace: 1627K(1792K)->1627K(1792K) NonClass: 1508K(1600K)->1508K(1600K) Class: 119K(192K)->119K(192K)
[2024-08-29T23:15:58.217+0800] GC(1406) Pause Young (Concurrent Start) (G1 Humongous Allocation) 992M->965M(2048M) 1.232ms
[2024-08-29T23:15:58.217+0800] GC(1406) User=0.00s Sys=0.00s Real=0.00s
[2024-08-29T23:15:58.218+0800] GC(1407) Concurrent Mark Cycle
[2024-08-29T23:15:58.218+0800] GC(1407) Concurrent Clear Claimed Marks
[2024-08-29T23:15:58.218+0800] GC(1407) Concurrent Clear Claimed Marks 0.014ms
[2024-08-29T23:15:58.218+0800] GC(1407) Concurrent Scan Root Regions
[2024-08-29T23:15:58.218+0800] GC(1407) Concurrent Scan Root Regions 0.006ms
[2024-08-29T23:15:58.218+0800] GC(1407) Concurrent Mark
[2024-08-29T23:15:58.218+0800] GC(1407) Concurrent Mark From Roots
[2024-08-29T23:15:58.218+0800] GC(1407) Using 2 workers of 2 for marking
[2024-08-29T23:15:58.220+0800] GC(1407) Concurrent Mark From Roots 2.047ms
[2024-08-29T23:15:58.220+0800] GC(1407) Concurrent Preclean
[2024-08-29T23:15:58.220+0800] GC(1407) Concurrent Preclean 0.083ms
[2024-08-29T23:15:58.220+0800] GC(1407) Pause Remark
[2024-08-29T23:15:58.221+0800] GC(1407) Pause Remark 975M->975M(2048M) 0.900ms
[2024-08-29T23:15:58.221+0800] GC(1407) User=0.00s Sys=0.01s Real=0.00s
[2024-08-29T23:15:58.221+0800] GC(1407) Concurrent Mark 3.168ms
[2024-08-29T23:15:58.221+0800] GC(1407) Concurrent Rebuild Remembered Sets
[2024-08-29T23:15:58.221+0800] GC(1407) Concurrent Rebuild Remembered Sets 0.004ms
[2024-08-29T23:15:58.221+0800] GC(1407) Pause Cleanup
[2024-08-29T23:15:58.221+0800] GC(1407) Pause Cleanup 975M->975M(2048M) 0.025ms
[2024-08-29T23:15:58.221+0800] GC(1407) User=0.00s Sys=0.00s Real=0.00s
[2024-08-29T23:15:58.221+0800] GC(1407) Concurrent Cleanup for Next Mark
[2024-08-29T23:15:58.225+0800] GC(1407) Concurrent Cleanup for Next Mark 4.205ms
[2024-08-29T23:15:58.225+0800] GC(1407) Concurrent Mark Cycle 7.583ms
[2024-08-29T23:15:58.225+0800] GC(1408) Pause Young (Concurrent Start) (G1 Humongous Allocation)
[2024-08-29T23:15:58.225+0800] GC(1408) Using 8 workers of 8 for evacuation
[2024-08-29T23:15:58.226+0800] GC(1408)   Pre Evacuate Collection Set: 0.2ms
[2024-08-29T23:15:58.226+0800] GC(1408)   Merge Heap Roots: 0.1ms
[2024-08-29T23:15:58.226+0800] GC(1408)   Evacuate Collection Set: 0.3ms
[2024-08-29T23:15:58.226+0800] GC(1408)   Post Evacuate Collection Set: 0.2ms
[2024-08-29T23:15:58.226+0800] GC(1408)   Other: 0.1ms
[2024-08-29T23:15:58.226+0800] GC(1408) Eden regions: 4->0(886)
[2024-08-29T23:15:58.226+0800] GC(1408) Survivor regions: 0->0(110)
[2024-08-29T23:15:58.226+0800] GC(1408) Old regions: 1->1
[2024-08-29T23:15:58.226+0800] GC(1408) Archive regions: 2->2
[2024-08-29T23:15:58.226+0800] GC(1408) Humongous regions: 981->953
[2024-08-29T23:15:58.226+0800] GC(1408) Metaspace: 1627K(1792K)->1627K(1792K) NonClass: 1508K(1600K)->1508K(1600K) Class: 119K(192K)->119K(192K)
[2024-08-29T23:15:58.226+0800] GC(1408) Pause Young (Concurrent Start) (G1 Humongous Allocation) 985M->954M(2048M) 0.912ms
[2024-08-29T23:15:58.226+0800] GC(1408) User=0.00s Sys=0.00s Real=0.00s
[2024-08-29T23:15:58.226+0800] GC(1409) Concurrent Mark Cycle
[2024-08-29T23:15:58.226+0800] GC(1409) Concurrent Clear Claimed Marks
[2024-08-29T23:15:58.226+0800] GC(1409) Concurrent Clear Claimed Marks 0.006ms
[2024-08-29T23:15:58.226+0800] GC(1409) Concurrent Scan Root Regions
[2024-08-29T23:15:58.226+0800] GC(1409) Concurrent Scan Root Regions 0.004ms
[2024-08-29T23:15:58.226+0800] GC(1409) Concurrent Mark
[2024-08-29T23:15:58.226+0800] GC(1409) Concurrent Mark From Roots
[2024-08-29T23:15:58.226+0800] GC(1409) Using 2 workers of 2 for marking
[2024-08-29T23:15:58.228+0800] GC(1409) Concurrent Mark From Roots 1.953ms
[2024-08-29T23:15:58.228+0800] GC(1409) Concurrent Preclean
[2024-08-29T23:15:58.228+0800] GC(1409) Concurrent Preclean 0.071ms
[2024-08-29T23:15:58.229+0800] GC(1409) Pause Remark
[2024-08-29T23:15:58.230+0800] GC(1409) Pause Remark 967M->967M(2048M) 1.006ms
[2024-08-29T23:15:58.230+0800] GC(1409) User=0.00s Sys=0.01s Real=0.00s
[2024-08-29T23:15:58.230+0800] GC(1409) Concurrent Mark 3.981ms
[2024-08-29T23:15:58.230+0800] GC(1409) Concurrent Rebuild Remembered Sets
[2024-08-29T23:15:58.230+0800] GC(1409) Concurrent Rebuild Remembered Sets 0.005ms
[2024-08-29T23:15:58.230+0800] GC(1409) Pause Cleanup
[2024-08-29T23:15:58.230+0800] GC(1409) Pause Cleanup 967M->967M(2048M) 0.012ms
[2024-08-29T23:15:58.230+0800] GC(1409) User=0.00s Sys=0.00s Real=0.00s
[2024-08-29T23:15:58.230+0800] GC(1409) Concurrent Cleanup for Next Mark
[2024-08-29T23:15:58.235+0800] GC(1409) Concurrent Cleanup for Next Mark 4.553ms
[2024-08-29T23:15:58.235+0800] GC(1409) Concurrent Mark Cycle 8.732ms
[2024-08-29T23:15:58.236+0800] GC(1410) Pause Young (Concurrent Start) (G1 Humongous Allocation)
[2024-08-29T23:15:58.236+0800] GC(1410) Using 8 workers of 8 for evacuation
[2024-08-29T23:15:58.237+0800] GC(1410)   Pre Evacuate Collection Set: 0.1ms
[2024-08-29T23:15:58.237+0800] GC(1410)   Merge Heap Roots: 0.1ms
[2024-08-29T23:15:58.237+0800] GC(1410)   Evacuate Collection Set: 0.4ms
[2024-08-29T23:15:58.237+0800] GC(1410)   Post Evacuate Collection Set: 0.4ms
[2024-08-29T23:15:58.237+0800] GC(1410)   Other: 0.1ms
[2024-08-29T23:15:58.237+0800] GC(1410) Eden regions: 3->0(877)
[2024-08-29T23:15:58.237+0800] GC(1410) Survivor regions: 0->0(111)
[2024-08-29T23:15:58.237+0800] GC(1410) Old regions: 1->1
[2024-08-29T23:15:58.237+0800] GC(1410) Archive regions: 2->2
[2024-08-29T23:15:58.237+0800] GC(1410) Humongous regions: 980->962
[2024-08-29T23:15:58.237+0800] GC(1410) Metaspace: 1627K(1792K)->1627K(1792K) NonClass: 1508K(1600K)->1508K(1600K) Class: 119K(192K)->119K(192K)
[2024-08-29T23:15:58.237+0800] GC(1410) Pause Young (Concurrent Start) (G1 Humongous Allocation) 984M->963M(2048M) 1.258ms
[2024-08-29T23:15:58.237+0800] GC(1410) User=0.00s Sys=0.00s Real=0.00s
[2024-08-29T23:15:58.238+0800] GC(1411) Concurrent Mark Cycle
[2024-08-29T23:15:58.238+0800] GC(1411) Concurrent Clear Claimed Marks
[2024-08-29T23:15:58.238+0800] GC(1411) Concurrent Clear Claimed Marks 0.009ms
[2024-08-29T23:15:58.238+0800] GC(1411) Concurrent Scan Root Regions
[2024-08-29T23:15:58.238+0800] GC(1411) Concurrent Scan Root Regions 0.006ms
[2024-08-29T23:15:58.238+0800] GC(1411) Concurrent Mark
[2024-08-29T23:15:58.238+0800] GC(1411) Concurrent Mark From Roots
[2024-08-29T23:15:58.238+0800] GC(1411) Using 2 workers of 2 for marking
[2024-08-29T23:15:58.240+0800] GC(1411) Concurrent Mark From Roots 2.462ms
[2024-08-29T23:15:58.240+0800] GC(1411) Concurrent Preclean
[2024-08-29T23:15:58.240+0800] GC(1411) Concurrent Preclean 0.095ms
[2024-08-29T23:15:58.240+0800] GC(1411) Pause Remark
[2024-08-29T23:15:58.241+0800] GC(1411) Pause Remark 981M->981M(2048M) 0.815ms
[2024-08-29T23:15:58.241+0800] GC(1411) User=0.00s Sys=0.00s Real=0.00s
[2024-08-29T23:15:58.241+0800] GC(1411) Concurrent Mark 3.481ms
[2024-08-29T23:15:58.241+0800] GC(1411) Concurrent Rebuild Remembered Sets
[2024-08-29T23:15:58.241+0800] GC(1411) Concurrent Rebuild Remembered Sets 0.004ms
[2024-08-29T23:15:58.241+0800] GC(1411) Pause Cleanup
[2024-08-29T23:15:58.241+0800] GC(1411) Pause Cleanup 981M->981M(2048M) 0.009ms
[2024-08-29T23:15:58.241+0800] GC(1411) User=0.00s Sys=0.00s Real=0.00s
[2024-08-29T23:15:58.241+0800] GC(1411) Concurrent Cleanup for Next Mark
[2024-08-29T23:15:58.246+0800] GC(1411) Concurrent Cleanup for Next Mark 4.707ms
[2024-08-29T23:15:58.246+0800] GC(1411) Concurrent Mark Cycle 8.433ms
[2024-08-29T23:15:58.247+0800] GC(1412) Pause Young (Concurrent Start) (G1 Humongous Allocation)
[2024-08-29T23:15:58.247+0800] GC(1412) Using 8 workers of 8 for evacuation
[2024-08-29T23:15:58.249+0800] GC(1412)   Pre Evacuate Collection Set: 0.2ms
[2024-08-29T23:15:58.249+0800] GC(1412)   Merge Heap Roots: 0.1ms
[2024-08-29T23:15:58.249+0800] GC(1412)   Evacuate Collection Set: 0.4ms
[2024-08-29T23:15:58.249+0800] GC(1412)   Post Evacuate Collection Set: 0.4ms
[2024-08-29T23:15:58.249+0800] GC(1412)   Other: 0.1ms
[2024-08-29T23:15:58.249+0800] GC(1412) Eden regions: 3->0(878)
[2024-08-29T23:15:58.249+0800] GC(1412) Survivor regions: 0->0(110)
[2024-08-29T23:15:58.249+0800] GC(1412) Old regions: 1->1
[2024-08-29T23:15:58.249+0800] GC(1412) Archive regions: 2->2
[2024-08-29T23:15:58.249+0800] GC(1412) Humongous regions: 986->961
[2024-08-29T23:15:58.249+0800] GC(1412) Metaspace: 1627K(1792K)->1627K(1792K) NonClass: 1508K(1600K)->1508K(1600K) Class: 119K(192K)->119K(192K)
[2024-08-29T23:15:58.249+0800] GC(1412) Pause Young (Concurrent Start) (G1 Humongous Allocation) 990M->962M(2048M) 1.397ms
[2024-08-29T23:15:58.249+0800] GC(1412) User=0.00s Sys=0.00s Real=0.00s
[2024-08-29T23:15:58.249+0800] GC(1413) Concurrent Mark Cycle
[2024-08-29T23:15:58.249+0800] GC(1413) Concurrent Clear Claimed Marks
[2024-08-29T23:15:58.249+0800] GC(1413) Concurrent Clear Claimed Marks 0.005ms
[2024-08-29T23:15:58.249+0800] GC(1413) Concurrent Scan Root Regions
[2024-08-29T23:15:58.249+0800] GC(1413) Concurrent Scan Root Regions 0.004ms
[2024-08-29T23:15:58.249+0800] GC(1413) Concurrent Mark
[2024-08-29T23:15:58.249+0800] GC(1413) Concurrent Mark From Roots
[2024-08-29T23:15:58.249+0800] GC(1413) Using 2 workers of 2 for marking
[2024-08-29T23:15:58.252+0800] GC(1413) Concurrent Mark From Roots 2.859ms
[2024-08-29T23:15:58.252+0800] GC(1413) Concurrent Preclean
[2024-08-29T23:15:58.252+0800] GC(1413) Concurrent Preclean 0.066ms
[2024-08-29T23:15:58.252+0800] GC(1413) Pause Remark
[2024-08-29T23:15:58.253+0800] GC(1413) Pause Remark 985M->985M(2048M) 0.886ms
[2024-08-29T23:15:58.253+0800] GC(1413) User=0.00s Sys=0.00s Real=0.01s
[2024-08-29T23:15:58.253+0800] GC(1413) Concurrent Mark 3.947ms
[2024-08-29T23:15:58.253+0800] GC(1413) Concurrent Rebuild Remembered Sets
[2024-08-29T23:15:58.253+0800] GC(1413) Concurrent Rebuild Remembered Sets 0.005ms
[2024-08-29T23:15:58.253+0800] GC(1413) Pause Cleanup
[2024-08-29T23:15:58.253+0800] GC(1413) Pause Cleanup 989M->989M(2048M) 0.015ms
[2024-08-29T23:15:58.253+0800] GC(1413) User=0.00s Sys=0.00s Real=0.00s
[2024-08-29T23:15:58.253+0800] GC(1413) Concurrent Cleanup for Next Mark
[2024-08-29T23:15:58.257+0800] GC(1413) Concurrent Cleanup for Next Mark 4.192ms
[2024-08-29T23:15:58.257+0800] GC(1413) Concurrent Mark Cycle 8.774ms
[2024-08-29T23:15:58.258+0800] GC(1414) Pause Young (Concurrent Start) (G1 Humongous Allocation)
[2024-08-29T23:15:58.258+0800] GC(1414) Using 8 workers of 8 for evacuation
[2024-08-29T23:15:58.259+0800] GC(1414)   Pre Evacuate Collection Set: 0.2ms
[2024-08-29T23:15:58.259+0800] GC(1414)   Merge Heap Roots: 0.1ms
[2024-08-29T23:15:58.259+0800] GC(1414)   Evacuate Collection Set: 0.3ms
[2024-08-29T23:15:58.259+0800] GC(1414)   Post Evacuate Collection Set: 0.2ms
[2024-08-29T23:15:58.259+0800] GC(1414)   Other: 0.1ms
[2024-08-29T23:15:58.259+0800] GC(1414) Eden regions: 4->0(855)
[2024-08-29T23:15:58.259+0800] GC(1414) Survivor regions: 0->0(110)
[2024-08-29T23:15:58.259+0800] GC(1414) Old regions: 1->1
[2024-08-29T23:15:58.259+0800] GC(1414) Archive regions: 2->2
[2024-08-29T23:15:58.259+0800] GC(1414) Humongous regions: 995->984
[2024-08-29T23:15:58.259+0800] GC(1414) Metaspace: 1627K(1792K)->1627K(1792K) NonClass: 1508K(1600K)->1508K(1600K) Class: 119K(192K)->119K(192K)
[2024-08-29T23:15:58.259+0800] GC(1414) Pause Young (Concurrent Start) (G1 Humongous Allocation) 1000M->985M(2048M) 0.860ms
[2024-08-29T23:15:58.259+0800] GC(1414) User=0.00s Sys=0.00s Real=0.00s
[2024-08-29T23:15:58.259+0800] GC(1415) Concurrent Mark Cycle
[2024-08-29T23:15:58.259+0800] GC(1415) Concurrent Clear Claimed Marks
[2024-08-29T23:15:58.259+0800] GC(1415) Concurrent Clear Claimed Marks 0.005ms
[2024-08-29T23:15:58.259+0800] GC(1415) Concurrent Scan Root Regions
[2024-08-29T23:15:58.259+0800] GC(1415) Concurrent Scan Root Regions 0.004ms
[2024-08-29T23:15:58.259+0800] GC(1415) Concurrent Mark
[2024-08-29T23:15:58.259+0800] GC(1415) Concurrent Mark From Roots
[2024-08-29T23:15:58.259+0800] GC(1415) Using 2 workers of 2 for marking
[2024-08-29T23:15:58.261+0800] GC(1415) Concurrent Mark From Roots 2.254ms
[2024-08-29T23:15:58.261+0800] GC(1415) Concurrent Preclean
[2024-08-29T23:15:58.262+0800] GC(1415) Concurrent Preclean 0.079ms
[2024-08-29T23:15:58.262+0800] GC(1415) Pause Remark
[2024-08-29T23:15:58.263+0800] GC(1415) Pause Remark 997M->997M(2048M) 0.735ms
[2024-08-29T23:15:58.263+0800] GC(1415) User=0.00s Sys=0.01s Real=0.01s
[2024-08-29T23:15:58.263+0800] GC(1415) Concurrent Mark 3.819ms
[2024-08-29T23:15:58.263+0800] GC(1415) Concurrent Rebuild Remembered Sets
[2024-08-29T23:15:58.263+0800] GC(1415) Concurrent Rebuild Remembered Sets 0.005ms
[2024-08-29T23:15:58.263+0800] GC(1415) Pause Cleanup
[2024-08-29T23:15:58.263+0800] GC(1415) Pause Cleanup 998M->998M(2048M) 0.011ms
[2024-08-29T23:15:58.263+0800] GC(1415) User=0.00s Sys=0.00s Real=0.00s
[2024-08-29T23:15:58.263+0800] GC(1415) Concurrent Cleanup for Next Mark
[2024-08-29T23:15:58.267+0800] GC(1415) Concurrent Cleanup for Next Mark 4.014ms
[2024-08-29T23:15:58.267+0800] GC(1415) Concurrent Mark Cycle 8.200ms
[2024-08-29T23:15:58.267+0800] GC(1416) Pause Young (Concurrent Start) (G1 Humongous Allocation)
[2024-08-29T23:15:58.267+0800] GC(1416) Using 8 workers of 8 for evacuation
[2024-08-29T23:15:58.268+0800] GC(1416)   Pre Evacuate Collection Set: 0.2ms
[2024-08-29T23:15:58.268+0800] GC(1416)   Merge Heap Roots: 0.1ms
[2024-08-29T23:15:58.268+0800] GC(1416)   Evacuate Collection Set: 0.3ms
[2024-08-29T23:15:58.268+0800] GC(1416)   Post Evacuate Collection Set: 0.3ms
[2024-08-29T23:15:58.268+0800] GC(1416)   Other: 0.1ms
[2024-08-29T23:15:58.268+0800] GC(1416) Eden regions: 3->0(855)
[2024-08-29T23:15:58.268+0800] GC(1416) Survivor regions: 0->0(107)
[2024-08-29T23:15:58.268+0800] GC(1416) Old regions: 1->1
[2024-08-29T23:15:58.268+0800] GC(1416) Archive regions: 2->2
[2024-08-29T23:15:58.268+0800] GC(1416) Humongous regions: 1004->984
[2024-08-29T23:15:58.268+0800] GC(1416) Metaspace: 1627K(1792K)->1627K(1792K) NonClass: 1508K(1600K)->1508K(1600K) Class: 119K(192K)->119K(192K)
[2024-08-29T23:15:58.268+0800] GC(1416) Pause Young (Concurrent Start) (G1 Humongous Allocation) 1008M->985M(2048M) 1.088ms
[2024-08-29T23:15:58.268+0800] GC(1416) User=0.00s Sys=0.00s Real=0.00s
[2024-08-29T23:15:58.269+0800] GC(1417) Concurrent Mark Cycle
[2024-08-29T23:15:58.269+0800] GC(1417) Concurrent Clear Claimed Marks
[2024-08-29T23:15:58.269+0800] GC(1417) Concurrent Clear Claimed Marks 0.005ms
[2024-08-29T23:15:58.269+0800] GC(1417) Concurrent Scan Root Regions
[2024-08-29T23:15:58.269+0800] GC(1417) Concurrent Scan Root Regions 0.004ms
[2024-08-29T23:15:58.269+0800] GC(1417) Concurrent Mark
[2024-08-29T23:15:58.269+0800] GC(1417) Concurrent Mark From Roots
[2024-08-29T23:15:58.269+0800] GC(1417) Using 2 workers of 2 for marking
[2024-08-29T23:15:58.271+0800] GC(1417) Concurrent Mark From Roots 2.194ms
[2024-08-29T23:15:58.271+0800] GC(1417) Concurrent Preclean
[2024-08-29T23:15:58.271+0800] GC(1417) Concurrent Preclean 0.083ms
[2024-08-29T23:15:58.271+0800] GC(1417) Pause Remark
[2024-08-29T23:15:58.272+0800] GC(1417) Pause Remark 996M->996M(2048M) 0.947ms
[2024-08-29T23:15:58.272+0800] GC(1417) User=0.00s Sys=0.01s Real=0.00s
[2024-08-29T23:15:58.272+0800] GC(1417) Concurrent Mark 3.369ms
[2024-08-29T23:15:58.272+0800] GC(1417) Concurrent Rebuild Remembered Sets
[2024-08-29T23:15:58.272+0800] GC(1417) Concurrent Rebuild Remembered Sets 0.006ms
[2024-08-29T23:15:58.273+0800] GC(1417) Pause Cleanup
[2024-08-29T23:15:58.273+0800] GC(1417) Pause Cleanup 1003M->1003M(2048M) 0.017ms
[2024-08-29T23:15:58.273+0800] GC(1417) User=0.00s Sys=0.00s Real=0.00s
[2024-08-29T23:15:58.273+0800] GC(1417) Concurrent Cleanup for Next Mark
[2024-08-29T23:15:58.277+0800] GC(1417) Concurrent Cleanup for Next Mark 4.170ms
[2024-08-29T23:15:58.277+0800] GC(1417) Concurrent Mark Cycle 8.962ms
[2024-08-29T23:15:58.278+0800] GC(1418) Pause Young (Concurrent Start) (G1 Humongous Allocation)
[2024-08-29T23:15:58.278+0800] GC(1418) Using 8 workers of 8 for evacuation
[2024-08-29T23:15:58.279+0800] GC(1418)   Pre Evacuate Collection Set: 0.2ms
[2024-08-29T23:15:58.279+0800] GC(1418)   Merge Heap Roots: 0.1ms
[2024-08-29T23:15:58.279+0800] GC(1418)   Evacuate Collection Set: 0.3ms
[2024-08-29T23:15:58.279+0800] GC(1418)   Post Evacuate Collection Set: 0.2ms
[2024-08-29T23:15:58.279+0800] GC(1418)   Other: 0.1ms
[2024-08-29T23:15:58.279+0800] GC(1418) Eden regions: 3->0(851)
[2024-08-29T23:15:58.279+0800] GC(1418) Survivor regions: 0->0(107)
[2024-08-29T23:15:58.279+0800] GC(1418) Old regions: 1->1
[2024-08-29T23:15:58.279+0800] GC(1418) Archive regions: 2->2
[2024-08-29T23:15:58.279+0800] GC(1418) Humongous regions: 1005->988
[2024-08-29T23:15:58.279+0800] GC(1418) Metaspace: 1627K(1792K)->1627K(1792K) NonClass: 1508K(1600K)->1508K(1600K) Class: 119K(192K)->119K(192K)
[2024-08-29T23:15:58.279+0800] GC(1418) Pause Young (Concurrent Start) (G1 Humongous Allocation) 1009M->989M(2048M) 0.960ms
[2024-08-29T23:15:58.279+0800] GC(1418) User=0.00s Sys=0.00s Real=0.00s
[2024-08-29T23:15:58.279+0800] GC(1419) Concurrent Mark Cycle
[2024-08-29T23:15:58.279+0800] GC(1419) Concurrent Clear Claimed Marks
[2024-08-29T23:15:58.279+0800] GC(1419) Concurrent Clear Claimed Marks 0.005ms
[2024-08-29T23:15:58.279+0800] GC(1419) Concurrent Scan Root Regions
[2024-08-29T23:15:58.279+0800] GC(1419) Concurrent Scan Root Regions 0.004ms
[2024-08-29T23:15:58.279+0800] GC(1419) Concurrent Mark
[2024-08-29T23:15:58.279+0800] GC(1419) Concurrent Mark From Roots
[2024-08-29T23:15:58.279+0800] GC(1419) Using 2 workers of 2 for marking
[2024-08-29T23:15:58.283+0800] GC(1419) Concurrent Mark From Roots 3.495ms
[2024-08-29T23:15:58.283+0800] GC(1419) Concurrent Preclean
[2024-08-29T23:15:58.283+0800] GC(1419) Concurrent Preclean 0.067ms
[2024-08-29T23:15:58.283+0800] GC(1419) Pause Remark
[2024-08-29T23:15:58.284+0800] GC(1419) Pause Remark 1014M->1014M(2048M) 0.822ms
[2024-08-29T23:15:58.284+0800] GC(1419) User=0.00s Sys=0.00s Real=0.00s
[2024-08-29T23:15:58.284+0800] GC(1419) Concurrent Mark 4.549ms
[2024-08-29T23:15:58.284+0800] GC(1419) Concurrent Rebuild Remembered Sets
[2024-08-29T23:15:58.284+0800] GC(1419) Concurrent Rebuild Remembered Sets 0.004ms
[2024-08-29T23:15:58.284+0800] GC(1419) Pause Cleanup
[2024-08-29T23:15:58.284+0800] GC(1419) Pause Cleanup 1014M->1014M(2048M) 0.010ms
[2024-08-29T23:15:58.284+0800] GC(1419) User=0.00s Sys=0.00s Real=0.00s
[2024-08-29T23:15:58.284+0800] GC(1419) Concurrent Cleanup for Next Mark
[2024-08-29T23:15:58.288+0800] GC(1419) Concurrent Cleanup for Next Mark 3.631ms
[2024-08-29T23:15:58.288+0800] GC(1419) Concurrent Mark Cycle 8.334ms
[2024-08-29T23:15:58.291+0800] GC(1420) Pause Young (Concurrent Start) (G1 Humongous Allocation)
[2024-08-29T23:15:58.291+0800] GC(1420) Using 8 workers of 8 for evacuation
[2024-08-29T23:15:58.293+0800] GC(1420)   Pre Evacuate Collection Set: 0.3ms
[2024-08-29T23:15:58.293+0800] GC(1420)   Merge Heap Roots: 0.1ms
[2024-08-29T23:15:58.293+0800] GC(1420)   Evacuate Collection Set: 0.3ms
[2024-08-29T23:15:58.293+0800] GC(1420)   Post Evacuate Collection Set: 0.6ms
[2024-08-29T23:15:58.293+0800] GC(1420)   Other: 0.1ms
[2024-08-29T23:15:58.293+0800] GC(1420) Eden regions: 4->0(862)
[2024-08-29T23:15:58.293+0800] GC(1420) Survivor regions: 0->0(107)
[2024-08-29T23:15:58.293+0800] GC(1420) Old regions: 1->1
[2024-08-29T23:15:58.293+0800] GC(1420) Archive regions: 2->2
[2024-08-29T23:15:58.293+0800] GC(1420) Humongous regions: 1017->977
[2024-08-29T23:15:58.293+0800] GC(1420) Metaspace: 1627K(1792K)->1627K(1792K) NonClass: 1508K(1600K)->1508K(1600K) Class: 119K(192K)->119K(192K)
[2024-08-29T23:15:58.293+0800] GC(1420) Pause Young (Concurrent Start) (G1 Humongous Allocation) 1022M->978M(2048M) 1.470ms
[2024-08-29T23:15:58.293+0800] GC(1420) User=0.00s Sys=0.01s Real=0.01s
[2024-08-29T23:15:58.293+0800] GC(1421) Concurrent Mark Cycle
[2024-08-29T23:15:58.293+0800] GC(1421) Concurrent Clear Claimed Marks
[2024-08-29T23:15:58.293+0800] GC(1421) Concurrent Clear Claimed Marks 0.019ms
[2024-08-29T23:15:58.293+0800] GC(1421) Concurrent Scan Root Regions
[2024-08-29T23:15:58.293+0800] GC(1421) Concurrent Scan Root Regions 0.004ms
[2024-08-29T23:15:58.293+0800] GC(1421) Concurrent Mark
[2024-08-29T23:15:58.293+0800] GC(1421) Concurrent Mark From Roots
[2024-08-29T23:15:58.293+0800] GC(1421) Using 2 workers of 2 for marking
[2024-08-29T23:15:58.295+0800] GC(1421) Concurrent Mark From Roots 2.614ms
[2024-08-29T23:15:58.295+0800] GC(1421) Concurrent Preclean
[2024-08-29T23:15:58.296+0800] GC(1421) Concurrent Preclean 0.089ms
[2024-08-29T23:15:58.296+0800] GC(1421) Pause Remark
[2024-08-29T23:15:58.296+0800] GC(1421) Pause Remark 999M->999M(2048M) 0.902ms
[2024-08-29T23:15:58.296+0800] GC(1421) User=0.00s Sys=0.00s Real=0.00s
[2024-08-29T23:15:58.297+0800] GC(1421) Concurrent Mark 3.736ms
[2024-08-29T23:15:58.297+0800] GC(1421) Concurrent Rebuild Remembered Sets
[2024-08-29T23:15:58.297+0800] GC(1421) Concurrent Rebuild Remembered Sets 0.007ms
[2024-08-29T23:15:58.297+0800] GC(1421) Pause Cleanup
[2024-08-29T23:15:58.297+0800] GC(1421) Pause Cleanup 1004M->1004M(2048M) 0.012ms
[2024-08-29T23:15:58.297+0800] GC(1421) User=0.00s Sys=0.00s Real=0.00s
[2024-08-29T23:15:58.297+0800] GC(1421) Concurrent Cleanup for Next Mark
[2024-08-29T23:15:58.302+0800] GC(1421) Concurrent Cleanup for Next Mark 4.657ms
[2024-08-29T23:15:58.302+0800] GC(1421) Concurrent Mark Cycle 9.236ms
[2024-08-29T23:15:58.304+0800] GC(1422) Pause Young (Concurrent Start) (G1 Humongous Allocation)
[2024-08-29T23:15:58.304+0800] GC(1422) Using 8 workers of 8 for evacuation
[2024-08-29T23:15:58.306+0800] GC(1422)   Pre Evacuate Collection Set: 0.3ms
[2024-08-29T23:15:58.306+0800] GC(1422)   Merge Heap Roots: 0.1ms
[2024-08-29T23:15:58.306+0800] GC(1422)   Evacuate Collection Set: 0.3ms
[2024-08-29T23:15:58.306+0800] GC(1422)   Post Evacuate Collection Set: 0.3ms
[2024-08-29T23:15:58.306+0800] GC(1422)   Other: 0.1ms
[2024-08-29T23:15:58.306+0800] GC(1422) Eden regions: 4->0(839)
[2024-08-29T23:15:58.306+0800] GC(1422) Survivor regions: 0->0(108)
[2024-08-29T23:15:58.306+0800] GC(1422) Old regions: 1->1
[2024-08-29T23:15:58.306+0800] GC(1422) Archive regions: 2->2
[2024-08-29T23:15:58.306+0800] GC(1422) Humongous regions: 1017->1000
[2024-08-29T23:15:58.306+0800] GC(1422) Metaspace: 1627K(1792K)->1627K(1792K) NonClass: 1508K(1600K)->1508K(1600K) Class: 119K(192K)->119K(192K)
[2024-08-29T23:15:58.306+0800] GC(1422) Pause Young (Concurrent Start) (G1 Humongous Allocation) 1022M->1001M(2048M) 1.313ms
[2024-08-29T23:15:58.306+0800] GC(1422) User=0.00s Sys=0.01s Real=0.00s
[2024-08-29T23:15:58.306+0800] GC(1423) Concurrent Mark Cycle
[2024-08-29T23:15:58.306+0800] GC(1423) Concurrent Clear Claimed Marks
[2024-08-29T23:15:58.306+0800] GC(1423) Concurrent Clear Claimed Marks 0.007ms
[2024-08-29T23:15:58.306+0800] GC(1423) Concurrent Scan Root Regions
[2024-08-29T23:15:58.306+0800] GC(1423) Concurrent Scan Root Regions 0.005ms
[2024-08-29T23:15:58.306+0800] GC(1423) Concurrent Mark
[2024-08-29T23:15:58.306+0800] GC(1423) Concurrent Mark From Roots
[2024-08-29T23:15:58.306+0800] GC(1423) Using 2 workers of 2 for marking
[2024-08-29T23:15:58.308+0800] GC(1423) Concurrent Mark From Roots 2.219ms
[2024-08-29T23:15:58.308+0800] GC(1423) Concurrent Preclean
[2024-08-29T23:15:58.308+0800] GC(1423) Concurrent Preclean 0.088ms
[2024-08-29T23:15:58.308+0800] GC(1423) Pause Remark
[2024-08-29T23:15:58.309+0800] GC(1423) Pause Remark 1007M->1007M(2048M) 1.393ms
[2024-08-29T23:15:58.309+0800] GC(1423) User=0.00s Sys=0.00s Real=0.00s
[2024-08-29T23:15:58.310+0800] GC(1423) Concurrent Mark 3.855ms
[2024-08-29T23:15:58.310+0800] GC(1423) Concurrent Rebuild Remembered Sets
[2024-08-29T23:15:58.310+0800] GC(1423) Concurrent Rebuild Remembered Sets 0.005ms
[2024-08-29T23:15:58.310+0800] GC(1423) Pause Cleanup
[2024-08-29T23:15:58.310+0800] GC(1423) Pause Cleanup 1008M->1008M(2048M) 0.014ms
[2024-08-29T23:15:58.310+0800] GC(1423) User=0.00s Sys=0.00s Real=0.00s
[2024-08-29T23:15:58.310+0800] GC(1423) Concurrent Cleanup for Next Mark
[2024-08-29T23:15:58.315+0800] GC(1423) Concurrent Cleanup for Next Mark 5.182ms
[2024-08-29T23:15:58.315+0800] GC(1423) Concurrent Mark Cycle 9.257ms
[2024-08-29T23:15:58.316+0800] GC(1424) Pause Young (Concurrent Start) (G1 Humongous Allocation)
[2024-08-29T23:15:58.316+0800] GC(1424) Using 8 workers of 8 for evacuation
[2024-08-29T23:15:58.317+0800] GC(1424)   Pre Evacuate Collection Set: 0.2ms
[2024-08-29T23:15:58.317+0800] GC(1424)   Merge Heap Roots: 0.1ms
[2024-08-29T23:15:58.317+0800] GC(1424)   Evacuate Collection Set: 0.3ms
[2024-08-29T23:15:58.317+0800] GC(1424)   Post Evacuate Collection Set: 0.3ms
[2024-08-29T23:15:58.317+0800] GC(1424)   Other: 0.1ms
[2024-08-29T23:15:58.317+0800] GC(1424) Eden regions: 3->0(826)
[2024-08-29T23:15:58.317+0800] GC(1424) Survivor regions: 0->0(105)
[2024-08-29T23:15:58.317+0800] GC(1424) Old regions: 1->1
[2024-08-29T23:15:58.317+0800] GC(1424) Archive regions: 2->2
[2024-08-29T23:15:58.317+0800] GC(1424) Humongous regions: 1028->1013
[2024-08-29T23:15:58.317+0800] GC(1424) Metaspace: 1627K(1792K)->1627K(1792K) NonClass: 1508K(1600K)->1508K(1600K) Class: 119K(192K)->119K(192K)
[2024-08-29T23:15:58.317+0800] GC(1424) Pause Young (Concurrent Start) (G1 Humongous Allocation) 1032M->1014M(2048M) 1.117ms
[2024-08-29T23:15:58.317+0800] GC(1424) User=0.00s Sys=0.00s Real=0.00s
[2024-08-29T23:15:58.317+0800] GC(1425) Concurrent Mark Cycle
[2024-08-29T23:15:58.317+0800] GC(1425) Concurrent Clear Claimed Marks
[2024-08-29T23:15:58.317+0800] GC(1425) Concurrent Clear Claimed Marks 0.007ms
[2024-08-29T23:15:58.317+0800] GC(1425) Concurrent Scan Root Regions
[2024-08-29T23:15:58.317+0800] GC(1425) Concurrent Scan Root Regions 0.005ms
[2024-08-29T23:15:58.317+0800] GC(1425) Concurrent Mark
[2024-08-29T23:15:58.317+0800] GC(1425) Concurrent Mark From Roots
[2024-08-29T23:15:58.317+0800] GC(1425) Using 2 workers of 2 for marking
[2024-08-29T23:15:58.320+0800] GC(1425) Concurrent Mark From Roots 2.507ms
[2024-08-29T23:15:58.320+0800] GC(1425) Concurrent Preclean
[2024-08-29T23:15:58.320+0800] GC(1425) Concurrent Preclean 0.090ms
[2024-08-29T23:15:58.320+0800] GC(1425) Pause Remark
[2024-08-29T23:15:58.321+0800] GC(1425) Pause Remark 1027M->1027M(2048M) 1.012ms
[2024-08-29T23:15:58.321+0800] GC(1425) User=0.00s Sys=0.00s Real=0.00s
[2024-08-29T23:15:58.321+0800] GC(1425) Concurrent Mark 3.789ms
[2024-08-29T23:15:58.321+0800] GC(1425) Concurrent Rebuild Remembered Sets
[2024-08-29T23:15:58.321+0800] GC(1425) Concurrent Rebuild Remembered Sets 0.005ms
[2024-08-29T23:15:58.322+0800] GC(1425) Pause Cleanup
[2024-08-29T23:15:58.322+0800] GC(1425) Pause Cleanup 1030M->1030M(2048M) 0.023ms
[2024-08-29T23:15:58.322+0800] GC(1425) User=0.00s Sys=0.00s Real=0.00s
[2024-08-29T23:15:58.322+0800] GC(1425) Concurrent Cleanup for Next Mark
[2024-08-29T23:15:58.329+0800] GC(1425) Concurrent Cleanup for Next Mark 6.335ms
[2024-08-29T23:15:58.329+0800] GC(1425) Concurrent Mark Cycle 11.317ms
[2024-08-29T23:15:58.330+0800] GC(1426) Pause Young (Concurrent Start) (G1 Humongous Allocation)
[2024-08-29T23:15:58.330+0800] GC(1426) Using 8 workers of 8 for evacuation
[2024-08-29T23:15:58.331+0800] GC(1426)   Pre Evacuate Collection Set: 0.2ms
[2024-08-29T23:15:58.331+0800] GC(1426)   Merge Heap Roots: 0.1ms
[2024-08-29T23:15:58.331+0800] GC(1426)   Evacuate Collection Set: 0.3ms
[2024-08-29T23:15:58.331+0800] GC(1426)   Post Evacuate Collection Set: 0.3ms
[2024-08-29T23:15:58.331+0800] GC(1426)   Other: 0.1ms
[2024-08-29T23:15:58.331+0800] GC(1426) Eden regions: 4->0(793)
[2024-08-29T23:15:58.331+0800] GC(1426) Survivor regions: 0->0(104)
[2024-08-29T23:15:58.331+0800] GC(1426) Old regions: 1->1
[2024-08-29T23:15:58.331+0800] GC(1426) Archive regions: 2->2
[2024-08-29T23:15:58.331+0800] GC(1426) Humongous regions: 1058->1046
[2024-08-29T23:15:58.331+0800] GC(1426) Metaspace: 1627K(1792K)->1627K(1792K) NonClass: 1508K(1600K)->1508K(1600K) Class: 119K(192K)->119K(192K)
[2024-08-29T23:15:58.331+0800] GC(1426) Pause Young (Concurrent Start) (G1 Humongous Allocation) 1062M->1047M(2048M) 1.059ms
[2024-08-29T23:15:58.331+0800] GC(1426) User=0.00s Sys=0.00s Real=0.00s
[2024-08-29T23:15:58.331+0800] GC(1427) Concurrent Mark Cycle
[2024-08-29T23:15:58.331+0800] GC(1427) Concurrent Clear Claimed Marks
[2024-08-29T23:15:58.331+0800] GC(1427) Concurrent Clear Claimed Marks 0.006ms
[2024-08-29T23:15:58.331+0800] GC(1427) Concurrent Scan Root Regions
[2024-08-29T23:15:58.331+0800] GC(1427) Concurrent Scan Root Regions 0.004ms
[2024-08-29T23:15:58.331+0800] GC(1427) Concurrent Mark
[2024-08-29T23:15:58.331+0800] GC(1427) Concurrent Mark From Roots
[2024-08-29T23:15:58.331+0800] GC(1427) Using 2 workers of 2 for marking
[2024-08-29T23:15:58.334+0800] GC(1427) Concurrent Mark From Roots 2.737ms
[2024-08-29T23:15:58.334+0800] GC(1427) Concurrent Preclean
[2024-08-29T23:15:58.334+0800] GC(1427) Concurrent Preclean 0.142ms
[2024-08-29T23:15:58.335+0800] GC(1427) Pause Remark
[2024-08-29T23:15:58.336+0800] GC(1427) Pause Remark 1071M->1071M(2048M) 1.008ms
[2024-08-29T23:15:58.336+0800] GC(1427) User=0.00s Sys=0.00s Real=0.00s
[2024-08-29T23:15:58.336+0800] GC(1427) Concurrent Mark 4.957ms
[2024-08-29T23:15:58.336+0800] GC(1427) Concurrent Rebuild Remembered Sets
[2024-08-29T23:15:58.336+0800] GC(1427) Concurrent Rebuild Remembered Sets 0.006ms
[2024-08-29T23:15:58.336+0800] GC(1427) Pause Cleanup
[2024-08-29T23:15:58.337+0800] GC(1427) Pause Cleanup 1071M->1071M(2048M) 0.034ms
[2024-08-29T23:15:58.337+0800] GC(1427) User=0.00s Sys=0.00s Real=0.00s
[2024-08-29T23:15:58.337+0800] GC(1427) Concurrent Cleanup for Next Mark
[2024-08-29T23:15:58.342+0800] GC(1427) Concurrent Cleanup for Next Mark 5.752ms
[2024-08-29T23:15:58.342+0800] GC(1427) Concurrent Mark Cycle 11.044ms
[2024-08-29T23:15:58.344+0800] GC(1428) Pause Young (Concurrent Start) (G1 Humongous Allocation)
[2024-08-29T23:15:58.344+0800] GC(1428) Using 8 workers of 8 for evacuation
[2024-08-29T23:15:58.345+0800] GC(1428)   Pre Evacuate Collection Set: 0.2ms
[2024-08-29T23:15:58.345+0800] GC(1428)   Merge Heap Roots: 0.1ms
[2024-08-29T23:15:58.345+0800] GC(1428)   Evacuate Collection Set: 0.3ms
[2024-08-29T23:15:58.345+0800] GC(1428)   Post Evacuate Collection Set: 0.2ms
[2024-08-29T23:15:58.345+0800] GC(1428)   Other: 0.1ms
[2024-08-29T23:15:58.345+0800] GC(1428) Eden regions: 4->0(774)
[2024-08-29T23:15:58.345+0800] GC(1428) Survivor regions: 0->0(100)
[2024-08-29T23:15:58.345+0800] GC(1428) Old regions: 1->1
[2024-08-29T23:15:58.345+0800] GC(1428) Archive regions: 2->2
[2024-08-29T23:15:58.345+0800] GC(1428) Humongous regions: 1091->1065
[2024-08-29T23:15:58.345+0800] GC(1428) Metaspace: 1627K(1792K)->1627K(1792K) NonClass: 1508K(1600K)->1508K(1600K) Class: 119K(192K)->119K(192K)
[2024-08-29T23:15:58.345+0800] GC(1428) Pause Young (Concurrent Start) (G1 Humongous Allocation) 1096M->1066M(2048M) 1.019ms
[2024-08-29T23:15:58.345+0800] GC(1428) User=0.00s Sys=0.00s Real=0.00s
[2024-08-29T23:15:58.345+0800] GC(1429) Concurrent Mark Cycle
[2024-08-29T23:15:58.345+0800] GC(1429) Concurrent Clear Claimed Marks
[2024-08-29T23:15:58.345+0800] GC(1429) Concurrent Clear Claimed Marks 0.023ms
[2024-08-29T23:15:58.345+0800] GC(1429) Concurrent Scan Root Regions
[2024-08-29T23:15:58.345+0800] GC(1429) Concurrent Scan Root Regions 0.004ms
[2024-08-29T23:15:58.345+0800] GC(1429) Concurrent Mark
[2024-08-29T23:15:58.345+0800] GC(1429) Concurrent Mark From Roots
[2024-08-29T23:15:58.345+0800] GC(1429) Using 2 workers of 2 for marking
[2024-08-29T23:15:58.348+0800] GC(1429) Concurrent Mark From Roots 2.232ms
[2024-08-29T23:15:58.348+0800] GC(1429) Concurrent Preclean
[2024-08-29T23:15:58.348+0800] GC(1429) Concurrent Preclean 0.071ms
[2024-08-29T23:15:58.348+0800] GC(1429) Pause Remark
[2024-08-29T23:15:58.349+0800] GC(1429) Pause Remark 1075M->1075M(2048M) 0.956ms
[2024-08-29T23:15:58.349+0800] GC(1429) User=0.00s Sys=0.01s Real=0.00s
[2024-08-29T23:15:58.349+0800] GC(1429) Concurrent Mark 3.423ms
[2024-08-29T23:15:58.349+0800] GC(1429) Concurrent Rebuild Remembered Sets
[2024-08-29T23:15:58.349+0800] GC(1429) Concurrent Rebuild Remembered Sets 0.006ms
[2024-08-29T23:15:58.349+0800] GC(1429) Pause Cleanup
[2024-08-29T23:15:58.349+0800] GC(1429) Pause Cleanup 1076M->1076M(2048M) 0.014ms
[2024-08-29T23:15:58.349+0800] GC(1429) User=0.00s Sys=0.00s Real=0.00s
[2024-08-29T23:15:58.349+0800] GC(1429) Concurrent Cleanup for Next Mark
[2024-08-29T23:15:58.352+0800] GC(1429) Concurrent Cleanup for Next Mark 3.262ms
[2024-08-29T23:15:58.352+0800] GC(1429) Concurrent Mark Cycle 6.878ms
[2024-08-29T23:15:58.353+0800] GC(1430) Pause Young (Concurrent Start) (G1 Humongous Allocation)
[2024-08-29T23:15:58.353+0800] GC(1430) Using 8 workers of 8 for evacuation
[2024-08-29T23:15:58.354+0800] GC(1430)   Pre Evacuate Collection Set: 0.2ms
[2024-08-29T23:15:58.354+0800] GC(1430)   Merge Heap Roots: 0.1ms
[2024-08-29T23:15:58.354+0800] GC(1430)   Evacuate Collection Set: 0.2ms
[2024-08-29T23:15:58.354+0800] GC(1430)   Post Evacuate Collection Set: 0.2ms
[2024-08-29T23:15:58.354+0800] GC(1430)   Other: 0.1ms
[2024-08-29T23:15:58.354+0800] GC(1430) Eden regions: 3->0(781)
[2024-08-29T23:15:58.354+0800] GC(1430) Survivor regions: 0->0(97)
[2024-08-29T23:15:58.354+0800] GC(1430) Old regions: 1->1
[2024-08-29T23:15:58.354+0800] GC(1430) Archive regions: 2->2
[2024-08-29T23:15:58.354+0800] GC(1430) Humongous regions: 1074->1058
[2024-08-29T23:15:58.354+0800] GC(1430) Metaspace: 1627K(1792K)->1627K(1792K) NonClass: 1508K(1600K)->1508K(1600K) Class: 119K(192K)->119K(192K)
[2024-08-29T23:15:58.354+0800] GC(1430) Pause Young (Concurrent Start) (G1 Humongous Allocation) 1078M->1059M(2048M) 0.884ms
[2024-08-29T23:15:58.354+0800] GC(1430) User=0.00s Sys=0.00s Real=0.00s
[2024-08-29T23:15:58.354+0800] GC(1431) Concurrent Mark Cycle
[2024-08-29T23:15:58.354+0800] GC(1431) Concurrent Clear Claimed Marks
[2024-08-29T23:15:58.354+0800] GC(1431) Concurrent Clear Claimed Marks 0.017ms
[2024-08-29T23:15:58.354+0800] GC(1431) Concurrent Scan Root Regions
[2024-08-29T23:15:58.354+0800] GC(1431) Concurrent Scan Root Regions 0.007ms
[2024-08-29T23:15:58.354+0800] GC(1431) Concurrent Mark
[2024-08-29T23:15:58.354+0800] GC(1431) Concurrent Mark From Roots
[2024-08-29T23:15:58.354+0800] GC(1431) Using 2 workers of 2 for marking
[2024-08-29T23:15:58.358+0800] GC(1431) Concurrent Mark From Roots 3.620ms
[2024-08-29T23:15:58.358+0800] GC(1431) Concurrent Preclean
[2024-08-29T23:15:58.358+0800] GC(1431) Concurrent Preclean 0.073ms
[2024-08-29T23:15:58.358+0800] GC(1431) Pause Remark
[2024-08-29T23:15:58.359+0800] GC(1431) Pause Remark 1077M->1077M(2048M) 0.822ms
[2024-08-29T23:15:58.359+0800] GC(1431) User=0.00s Sys=0.00s Real=0.00s
[2024-08-29T23:15:58.359+0800] GC(1431) Concurrent Mark 4.906ms
[2024-08-29T23:15:58.359+0800] GC(1431) Concurrent Rebuild Remembered Sets
[2024-08-29T23:15:58.359+0800] GC(1431) Concurrent Rebuild Remembered Sets 0.006ms
[2024-08-29T23:15:58.359+0800] GC(1431) Pause Cleanup
[2024-08-29T23:15:58.359+0800] GC(1431) Pause Cleanup 1077M->1077M(2048M) 0.012ms
[2024-08-29T23:15:58.359+0800] GC(1431) User=0.00s Sys=0.00s Real=0.00s
[2024-08-29T23:15:58.359+0800] GC(1431) Concurrent Cleanup for Next Mark
[2024-08-29T23:15:58.363+0800] GC(1431) Concurrent Cleanup for Next Mark 3.455ms
[2024-08-29T23:15:58.363+0800] GC(1431) Concurrent Mark Cycle 8.601ms
[2024-08-29T23:15:58.363+0800] GC(1432) Pause Young (Concurrent Start) (G1 Humongous Allocation)
[2024-08-29T23:15:58.364+0800] GC(1432) Using 8 workers of 8 for evacuation
[2024-08-29T23:15:58.365+0800] GC(1432)   Pre Evacuate Collection Set: 0.2ms
[2024-08-29T23:15:58.365+0800] GC(1432)   Merge Heap Roots: 0.1ms
[2024-08-29T23:15:58.365+0800] GC(1432)   Evacuate Collection Set: 0.4ms
[2024-08-29T23:15:58.365+0800] GC(1432)   Post Evacuate Collection Set: 0.3ms
[2024-08-29T23:15:58.365+0800] GC(1432)   Other: 0.1ms
[2024-08-29T23:15:58.365+0800] GC(1432) Eden regions: 4->0(797)
[2024-08-29T23:15:58.365+0800] GC(1432) Survivor regions: 0->0(98)
[2024-08-29T23:15:58.365+0800] GC(1432) Old regions: 1->1
[2024-08-29T23:15:58.365+0800] GC(1432) Archive regions: 2->2
[2024-08-29T23:15:58.365+0800] GC(1432) Humongous regions: 1077->1042
[2024-08-29T23:15:58.365+0800] GC(1432) Metaspace: 1627K(1792K)->1627K(1792K) NonClass: 1508K(1600K)->1508K(1600K) Class: 119K(192K)->119K(192K)
[2024-08-29T23:15:58.365+0800] GC(1432) Pause Young (Concurrent Start) (G1 Humongous Allocation) 1082M->1043M(2048M) 1.155ms
[2024-08-29T23:15:58.365+0800] GC(1432) User=0.00s Sys=0.00s Real=0.00s
[2024-08-29T23:15:58.365+0800] GC(1433) Concurrent Mark Cycle
[2024-08-29T23:15:58.365+0800] GC(1433) Concurrent Clear Claimed Marks
[2024-08-29T23:15:58.365+0800] GC(1433) Concurrent Clear Claimed Marks 0.006ms
[2024-08-29T23:15:58.365+0800] GC(1433) Concurrent Scan Root Regions
[2024-08-29T23:15:58.365+0800] GC(1433) Concurrent Scan Root Regions 0.004ms
[2024-08-29T23:15:58.365+0800] GC(1433) Concurrent Mark
[2024-08-29T23:15:58.365+0800] GC(1433) Concurrent Mark From Roots
[2024-08-29T23:15:58.365+0800] GC(1433) Using 2 workers of 2 for marking
[2024-08-29T23:15:58.367+0800] GC(1433) Concurrent Mark From Roots 2.463ms
[2024-08-29T23:15:58.367+0800] GC(1433) Concurrent Preclean
[2024-08-29T23:15:58.367+0800] GC(1433) Concurrent Preclean 0.075ms
[2024-08-29T23:15:58.368+0800] GC(1433) Pause Remark
[2024-08-29T23:15:58.369+0800] GC(1433) Pause Remark 1060M->1060M(2048M) 0.871ms
[2024-08-29T23:15:58.369+0800] GC(1433) User=0.00s Sys=0.01s Real=0.00s
[2024-08-29T23:15:58.369+0800] GC(1433) Concurrent Mark 4.404ms
[2024-08-29T23:15:58.369+0800] GC(1433) Concurrent Rebuild Remembered Sets
[2024-08-29T23:15:58.369+0800] GC(1433) Concurrent Rebuild Remembered Sets 0.005ms
[2024-08-29T23:15:58.369+0800] GC(1433) Pause Cleanup
[2024-08-29T23:15:58.369+0800] GC(1433) Pause Cleanup 1060M->1060M(2048M) 0.011ms
[2024-08-29T23:15:58.369+0800] GC(1433) User=0.00s Sys=0.00s Real=0.00s
[2024-08-29T23:15:58.369+0800] GC(1433) Concurrent Cleanup for Next Mark
[2024-08-29T23:15:58.374+0800] GC(1433) Concurrent Cleanup for Next Mark 4.520ms
[2024-08-29T23:15:58.374+0800] GC(1433) Concurrent Mark Cycle 9.124ms
[2024-08-29T23:15:58.375+0800] GC(1434) Pause Young (Concurrent Start) (G1 Humongous Allocation)
[2024-08-29T23:15:58.375+0800] GC(1434) Using 8 workers of 8 for evacuation
[2024-08-29T23:15:58.376+0800] GC(1434)   Pre Evacuate Collection Set: 0.2ms
[2024-08-29T23:15:58.376+0800] GC(1434)   Merge Heap Roots: 0.1ms
[2024-08-29T23:15:58.376+0800] GC(1434)   Evacuate Collection Set: 0.3ms
[2024-08-29T23:15:58.376+0800] GC(1434)   Post Evacuate Collection Set: 0.3ms
[2024-08-29T23:15:58.376+0800] GC(1434)   Other: 0.1ms
[2024-08-29T23:15:58.376+0800] GC(1434) Eden regions: 3->0(789)
[2024-08-29T23:15:58.376+0800] GC(1434) Survivor regions: 0->0(100)
[2024-08-29T23:15:58.376+0800] GC(1434) Old regions: 1->1
[2024-08-29T23:15:58.376+0800] GC(1434) Archive regions: 2->2
[2024-08-29T23:15:58.376+0800] GC(1434) Humongous regions: 1064->1050
[2024-08-29T23:15:58.376+0800] GC(1434) Metaspace: 1627K(1792K)->1627K(1792K) NonClass: 1508K(1600K)->1508K(1600K) Class: 119K(192K)->119K(192K)
[2024-08-29T23:15:58.376+0800] GC(1434) Pause Young (Concurrent Start) (G1 Humongous Allocation) 1068M->1051M(2048M) 1.172ms
[2024-08-29T23:15:58.376+0800] GC(1434) User=0.01s Sys=0.00s Real=0.00s
[2024-08-29T23:15:58.376+0800] GC(1435) Concurrent Mark Cycle
[2024-08-29T23:15:58.377+0800] GC(1435) Concurrent Clear Claimed Marks
[2024-08-29T23:15:58.377+0800] GC(1435) Concurrent Clear Claimed Marks 0.022ms
[2024-08-29T23:15:58.377+0800] GC(1435) Concurrent Scan Root Regions
[2024-08-29T23:15:58.377+0800] GC(1435) Concurrent Scan Root Regions 0.004ms
[2024-08-29T23:15:58.377+0800] GC(1435) Concurrent Mark
[2024-08-29T23:15:58.377+0800] GC(1435) Concurrent Mark From Roots
[2024-08-29T23:15:58.377+0800] GC(1435) Using 2 workers of 2 for marking
[2024-08-29T23:15:58.379+0800] GC(1435) Concurrent Mark From Roots 2.372ms
[2024-08-29T23:15:58.379+0800] GC(1435) Concurrent Preclean
[2024-08-29T23:15:58.379+0800] GC(1435) Concurrent Preclean 0.070ms
[2024-08-29T23:15:58.379+0800] GC(1435) Pause Remark
[2024-08-29T23:15:58.380+0800] GC(1435) Pause Remark 1062M->1062M(2048M) 0.902ms
[2024-08-29T23:15:58.380+0800] GC(1435) User=0.00s Sys=0.00s Real=0.00s
[2024-08-29T23:15:58.380+0800] GC(1435) Concurrent Mark 3.499ms
[2024-08-29T23:15:58.380+0800] GC(1435) Concurrent Rebuild Remembered Sets
[2024-08-29T23:15:58.380+0800] GC(1435) Concurrent Rebuild Remembered Sets 0.005ms
[2024-08-29T23:15:58.381+0800] GC(1435) Pause Cleanup
[2024-08-29T23:15:58.381+0800] GC(1435) Pause Cleanup 1064M->1064M(2048M) 0.018ms
[2024-08-29T23:15:58.381+0800] GC(1435) User=0.00s Sys=0.00s Real=0.00s
[2024-08-29T23:15:58.381+0800] GC(1435) Concurrent Cleanup for Next Mark
[2024-08-29T23:15:58.386+0800] GC(1435) Concurrent Cleanup for Next Mark 4.947ms
[2024-08-29T23:15:58.386+0800] GC(1435) Concurrent Mark Cycle 9.845ms
[2024-08-29T23:15:58.389+0800] GC(1436) Pause Young (Concurrent Start) (G1 Humongous Allocation)
[2024-08-29T23:15:58.389+0800] GC(1436) Using 8 workers of 8 for evacuation
[2024-08-29T23:15:58.390+0800] GC(1436)   Pre Evacuate Collection Set: 0.2ms
[2024-08-29T23:15:58.390+0800] GC(1436)   Merge Heap Roots: 0.1ms
[2024-08-29T23:15:58.390+0800] GC(1436)   Evacuate Collection Set: 0.3ms
[2024-08-29T23:15:58.390+0800] GC(1436)   Post Evacuate Collection Set: 0.3ms
[2024-08-29T23:15:58.390+0800] GC(1436)   Other: 0.1ms
[2024-08-29T23:15:58.390+0800] GC(1436) Eden regions: 3->0(776)
[2024-08-29T23:15:58.390+0800] GC(1436) Survivor regions: 0->0(99)
[2024-08-29T23:15:58.390+0800] GC(1436) Old regions: 1->1
[2024-08-29T23:15:58.390+0800] GC(1436) Archive regions: 2->2
[2024-08-29T23:15:58.390+0800] GC(1436) Humongous regions: 1080->1063
[2024-08-29T23:15:58.390+0800] GC(1436) Metaspace: 1627K(1792K)->1627K(1792K) NonClass: 1508K(1600K)->1508K(1600K) Class: 119K(192K)->119K(192K)
[2024-08-29T23:15:58.390+0800] GC(1436) Pause Young (Concurrent Start) (G1 Humongous Allocation) 1084M->1064M(2048M) 1.155ms
[2024-08-29T23:15:58.390+0800] GC(1436) User=0.01s Sys=0.01s Real=0.00s
[2024-08-29T23:15:58.390+0800] GC(1437) Concurrent Mark Cycle
[2024-08-29T23:15:58.390+0800] GC(1437) Concurrent Clear Claimed Marks
[2024-08-29T23:15:58.390+0800] GC(1437) Concurrent Clear Claimed Marks 0.006ms
[2024-08-29T23:15:58.390+0800] GC(1437) Concurrent Scan Root Regions
[2024-08-29T23:15:58.390+0800] GC(1437) Concurrent Scan Root Regions 0.004ms
[2024-08-29T23:15:58.390+0800] GC(1437) Concurrent Mark
[2024-08-29T23:15:58.390+0800] GC(1437) Concurrent Mark From Roots
[2024-08-29T23:15:58.390+0800] GC(1437) Using 2 workers of 2 for marking
[2024-08-29T23:15:58.393+0800] GC(1437) Concurrent Mark From Roots 2.831ms
[2024-08-29T23:15:58.393+0800] GC(1437) Concurrent Preclean
[2024-08-29T23:15:58.393+0800] GC(1437) Concurrent Preclean 0.094ms
[2024-08-29T23:15:58.393+0800] GC(1437) Pause Remark
[2024-08-29T23:15:58.394+0800] GC(1437) Pause Remark 1082M->1082M(2048M) 1.077ms
[2024-08-29T23:15:58.394+0800] GC(1437) User=0.00s Sys=0.00s Real=0.00s
[2024-08-29T23:15:58.394+0800] GC(1437) Concurrent Mark 4.507ms
[2024-08-29T23:15:58.394+0800] GC(1437) Concurrent Rebuild Remembered Sets
[2024-08-29T23:15:58.394+0800] GC(1437) Concurrent Rebuild Remembered Sets 0.005ms
[2024-08-29T23:15:58.395+0800] GC(1437) Pause Cleanup
[2024-08-29T23:15:58.395+0800] GC(1437) Pause Cleanup 1086M->1086M(2048M) 0.019ms
[2024-08-29T23:15:58.395+0800] GC(1437) User=0.00s Sys=0.00s Real=0.00s
[2024-08-29T23:15:58.395+0800] GC(1437) Concurrent Cleanup for Next Mark
[2024-08-29T23:15:58.398+0800] GC(1437) Concurrent Cleanup for Next Mark 3.454ms
[2024-08-29T23:15:58.398+0800] GC(1437) Concurrent Mark Cycle 8.593ms
[2024-08-29T23:15:58.399+0800] GC(1438) Pause Young (Concurrent Start) (G1 Humongous Allocation)
[2024-08-29T23:15:58.399+0800] GC(1438) Using 8 workers of 8 for evacuation
[2024-08-29T23:15:58.400+0800] GC(1438)   Pre Evacuate Collection Set: 0.2ms
[2024-08-29T23:15:58.400+0800] GC(1438)   Merge Heap Roots: 0.1ms
[2024-08-29T23:15:58.400+0800] GC(1438)   Evacuate Collection Set: 0.4ms
[2024-08-29T23:15:58.400+0800] GC(1438)   Post Evacuate Collection Set: 0.3ms
[2024-08-29T23:15:58.400+0800] GC(1438)   Other: 0.1ms
[2024-08-29T23:15:58.400+0800] GC(1438) Eden regions: 4->0(771)
[2024-08-29T23:15:58.400+0800] GC(1438) Survivor regions: 0->1(97)
[2024-08-29T23:15:58.400+0800] GC(1438) Old regions: 1->1
[2024-08-29T23:15:58.400+0800] GC(1438) Archive regions: 2->2
[2024-08-29T23:15:58.400+0800] GC(1438) Humongous regions: 1087->1067
[2024-08-29T23:15:58.400+0800] GC(1438) Metaspace: 1627K(1792K)->1627K(1792K) NonClass: 1508K(1600K)->1508K(1600K) Class: 119K(192K)->119K(192K)
[2024-08-29T23:15:58.400+0800] GC(1438) Pause Young (Concurrent Start) (G1 Humongous Allocation) 1092M->1068M(2048M) 1.263ms
[2024-08-29T23:15:58.400+0800] GC(1438) User=0.00s Sys=0.00s Real=0.00s
[2024-08-29T23:15:58.400+0800] GC(1439) Concurrent Mark Cycle
[2024-08-29T23:15:58.400+0800] GC(1439) Concurrent Clear Claimed Marks
[2024-08-29T23:15:58.400+0800] GC(1439) Concurrent Clear Claimed Marks 0.009ms
[2024-08-29T23:15:58.400+0800] GC(1439) Concurrent Scan Root Regions
[2024-08-29T23:15:58.400+0800] GC(1439) Concurrent Scan Root Regions 0.089ms
[2024-08-29T23:15:58.400+0800] GC(1439) Concurrent Mark
[2024-08-29T23:15:58.400+0800] GC(1439) Concurrent Mark From Roots
[2024-08-29T23:15:58.400+0800] GC(1439) Using 2 workers of 2 for marking
[2024-08-29T23:15:58.403+0800] GC(1439) Concurrent Mark From Roots 2.709ms
[2024-08-29T23:15:58.403+0800] GC(1439) Concurrent Preclean
[2024-08-29T23:15:58.403+0800] GC(1439) Concurrent Preclean 0.138ms
[2024-08-29T23:15:58.407+0800] GC(1439) Pause Remark
[2024-08-29T23:15:58.408+0800] GC(1439) Pause Remark 1093M->1093M(2048M) 1.298ms
[2024-08-29T23:15:58.408+0800] GC(1439) User=0.00s Sys=0.00s Real=0.00s
[2024-08-29T23:15:58.408+0800] GC(1439) Concurrent Mark 8.017ms
[2024-08-29T23:15:58.408+0800] GC(1439) Concurrent Rebuild Remembered Sets
[2024-08-29T23:15:58.408+0800] GC(1439) Concurrent Rebuild Remembered Sets 0.005ms
[2024-08-29T23:15:58.409+0800] GC(1439) Pause Cleanup
[2024-08-29T23:15:58.409+0800] GC(1439) Pause Cleanup 1093M->1093M(2048M) 0.036ms
[2024-08-29T23:15:58.409+0800] GC(1439) User=0.00s Sys=0.00s Real=0.00s
[2024-08-29T23:15:58.409+0800] GC(1439) Concurrent Cleanup for Next Mark
[2024-08-29T23:15:58.413+0800] GC(1439) Concurrent Cleanup for Next Mark 4.396ms
[2024-08-29T23:15:58.413+0800] GC(1439) Concurrent Mark Cycle 12.768ms
[2024-08-29T23:15:58.417+0800] GC(1440) Pause Young (Concurrent Start) (G1 Humongous Allocation)
[2024-08-29T23:15:58.417+0800] GC(1440) Using 8 workers of 8 for evacuation
[2024-08-29T23:15:58.418+0800] GC(1440)   Pre Evacuate Collection Set: 0.4ms
[2024-08-29T23:15:58.418+0800] GC(1440)   Merge Heap Roots: 0.1ms
[2024-08-29T23:15:58.418+0800] GC(1440)   Evacuate Collection Set: 0.4ms
[2024-08-29T23:15:58.418+0800] GC(1440)   Post Evacuate Collection Set: 0.3ms
[2024-08-29T23:15:58.418+0800] GC(1440)   Other: 0.2ms
[2024-08-29T23:15:58.418+0800] GC(1440) Eden regions: 3->0(757)
[2024-08-29T23:15:58.418+0800] GC(1440) Survivor regions: 1->0(97)
[2024-08-29T23:15:58.418+0800] GC(1440) Old regions: 1->1
[2024-08-29T23:15:58.418+0800] GC(1440) Archive regions: 2->2
[2024-08-29T23:15:58.418+0800] GC(1440) Humongous regions: 1109->1082
[2024-08-29T23:15:58.418+0800] GC(1440) Metaspace: 1627K(1792K)->1627K(1792K) NonClass: 1508K(1600K)->1508K(1600K) Class: 119K(192K)->119K(192K)
[2024-08-29T23:15:58.419+0800] GC(1440) Pause Young (Concurrent Start) (G1 Humongous Allocation) 1113M->1083M(2048M) 1.434ms
[2024-08-29T23:15:58.419+0800] GC(1440) User=0.00s Sys=0.00s Real=0.00s
[2024-08-29T23:15:58.419+0800] GC(1441) Concurrent Mark Cycle
[2024-08-29T23:15:58.419+0800] GC(1441) Concurrent Clear Claimed Marks
[2024-08-29T23:15:58.419+0800] GC(1441) Concurrent Clear Claimed Marks 0.006ms
[2024-08-29T23:15:58.419+0800] GC(1441) Concurrent Scan Root Regions
[2024-08-29T23:15:58.419+0800] GC(1441) Concurrent Scan Root Regions 0.004ms
[2024-08-29T23:15:58.419+0800] GC(1441) Concurrent Mark
[2024-08-29T23:15:58.419+0800] GC(1441) Concurrent Mark From Roots
[2024-08-29T23:15:58.419+0800] GC(1441) Using 2 workers of 2 for marking
[2024-08-29T23:15:58.422+0800] GC(1441) Concurrent Mark From Roots 2.932ms
[2024-08-29T23:15:58.422+0800] GC(1441) Concurrent Preclean
[2024-08-29T23:15:58.422+0800] GC(1441) Concurrent Preclean 0.084ms
[2024-08-29T23:15:58.423+0800] GC(1441) Pause Remark
[2024-08-29T23:15:58.424+0800] GC(1441) Pause Remark 1102M->1102M(2048M) 1.111ms
[2024-08-29T23:15:58.424+0800] GC(1441) User=0.00s Sys=0.00s Real=0.00s
[2024-08-29T23:15:58.424+0800] GC(1441) Concurrent Mark 5.618ms
[2024-08-29T23:15:58.424+0800] GC(1441) Concurrent Rebuild Remembered Sets
[2024-08-29T23:15:58.424+0800] GC(1441) Concurrent Rebuild Remembered Sets 0.005ms
[2024-08-29T23:15:58.424+0800] GC(1441) Pause Cleanup
[2024-08-29T23:15:58.424+0800] GC(1441) Pause Cleanup 1102M->1102M(2048M) 0.010ms
[2024-08-29T23:15:58.424+0800] GC(1441) User=0.00s Sys=0.00s Real=0.00s
[2024-08-29T23:15:58.424+0800] GC(1441) Concurrent Cleanup for Next Mark
[2024-08-29T23:15:58.428+0800] GC(1441) Concurrent Cleanup for Next Mark 3.196ms
[2024-08-29T23:15:58.428+0800] GC(1441) Concurrent Mark Cycle 9.018ms
[2024-08-29T23:15:58.431+0800] GC(1442) Pause Young (Concurrent Start) (G1 Humongous Allocation)
[2024-08-29T23:15:58.431+0800] GC(1442) Using 8 workers of 8 for evacuation
[2024-08-29T23:15:58.432+0800] GC(1442)   Pre Evacuate Collection Set: 0.2ms
[2024-08-29T23:15:58.432+0800] GC(1442)   Merge Heap Roots: 0.1ms
[2024-08-29T23:15:58.432+0800] GC(1442)   Evacuate Collection Set: 0.3ms
[2024-08-29T23:15:58.432+0800] GC(1442)   Post Evacuate Collection Set: 0.3ms
[2024-08-29T23:15:58.432+0800] GC(1442)   Other: 0.1ms
[2024-08-29T23:15:58.432+0800] GC(1442) Eden regions: 3->0(764)
[2024-08-29T23:15:58.432+0800] GC(1442) Survivor regions: 0->1(95)
[2024-08-29T23:15:58.432+0800] GC(1442) Old regions: 1->1
[2024-08-29T23:15:58.432+0800] GC(1442) Archive regions: 2->2
[2024-08-29T23:15:58.432+0800] GC(1442) Humongous regions: 1103->1074
[2024-08-29T23:15:58.432+0800] GC(1442) Metaspace: 1627K(1792K)->1627K(1792K) NonClass: 1508K(1600K)->1508K(1600K) Class: 119K(192K)->119K(192K)
[2024-08-29T23:15:58.432+0800] GC(1442) Pause Young (Concurrent Start) (G1 Humongous Allocation) 1106M->1075M(2048M) 1.031ms
[2024-08-29T23:15:58.432+0800] GC(1442) User=0.00s Sys=0.00s Real=0.00s
[2024-08-29T23:15:58.432+0800] GC(1443) Concurrent Mark Cycle
[2024-08-29T23:15:58.432+0800] GC(1443) Concurrent Clear Claimed Marks
[2024-08-29T23:15:58.432+0800] GC(1443) Concurrent Clear Claimed Marks 0.005ms
[2024-08-29T23:15:58.432+0800] GC(1443) Concurrent Scan Root Regions
[2024-08-29T23:15:58.432+0800] GC(1443) Concurrent Scan Root Regions 0.095ms
[2024-08-29T23:15:58.432+0800] GC(1443) Concurrent Mark
[2024-08-29T23:15:58.432+0800] GC(1443) Concurrent Mark From Roots
[2024-08-29T23:15:58.432+0800] GC(1443) Using 2 workers of 2 for marking
[2024-08-29T23:15:58.436+0800] GC(1443) Concurrent Mark From Roots 3.408ms
[2024-08-29T23:15:58.436+0800] GC(1443) Concurrent Preclean
[2024-08-29T23:15:58.436+0800] GC(1443) Concurrent Preclean 0.076ms
[2024-08-29T23:15:58.436+0800] GC(1443) Pause Remark
[2024-08-29T23:15:58.437+0800] GC(1443) Pause Remark 1093M->1093M(2048M) 0.853ms
[2024-08-29T23:15:58.437+0800] GC(1443) User=0.00s Sys=0.00s Real=0.00s
[2024-08-29T23:15:58.437+0800] GC(1443) Concurrent Mark 4.486ms
[2024-08-29T23:15:58.437+0800] GC(1443) Concurrent Rebuild Remembered Sets
[2024-08-29T23:15:58.437+0800] GC(1443) Concurrent Rebuild Remembered Sets 0.005ms
[2024-08-29T23:15:58.438+0800] GC(1443) Pause Cleanup
[2024-08-29T23:15:58.438+0800] GC(1443) Pause Cleanup 1098M->1098M(2048M) 0.018ms
[2024-08-29T23:15:58.438+0800] GC(1443) User=0.00s Sys=0.00s Real=0.00s
[2024-08-29T23:15:58.438+0800] GC(1443) Concurrent Cleanup for Next Mark
[2024-08-29T23:15:58.442+0800] GC(1443) Concurrent Cleanup for Next Mark 4.282ms
[2024-08-29T23:15:58.442+0800] GC(1443) Concurrent Mark Cycle 10.311ms
[2024-08-29T23:15:58.444+0800] GC(1444) Pause Young (Concurrent Start) (G1 Humongous Allocation)
[2024-08-29T23:15:58.444+0800] GC(1444) Using 8 workers of 8 for evacuation
[2024-08-29T23:15:58.445+0800] GC(1444)   Pre Evacuate Collection Set: 0.4ms
[2024-08-29T23:15:58.445+0800] GC(1444)   Merge Heap Roots: 0.1ms
[2024-08-29T23:15:58.445+0800] GC(1444)   Evacuate Collection Set: 0.4ms
[2024-08-29T23:15:58.445+0800] GC(1444)   Post Evacuate Collection Set: 0.2ms
[2024-08-29T23:15:58.445+0800] GC(1444)   Other: 0.1ms
[2024-08-29T23:15:58.445+0800] GC(1444) Eden regions: 4->0(750)
[2024-08-29T23:15:58.445+0800] GC(1444) Survivor regions: 1->0(96)
[2024-08-29T23:15:58.445+0800] GC(1444) Old regions: 1->1
[2024-08-29T23:15:58.445+0800] GC(1444) Archive regions: 2->2
[2024-08-29T23:15:58.445+0800] GC(1444) Humongous regions: 1105->1089
[2024-08-29T23:15:58.445+0800] GC(1444) Metaspace: 1627K(1792K)->1627K(1792K) NonClass: 1508K(1600K)->1508K(1600K) Class: 119K(192K)->119K(192K)
[2024-08-29T23:15:58.445+0800] GC(1444) Pause Young (Concurrent Start) (G1 Humongous Allocation) 1109M->1090M(2048M) 1.302ms
[2024-08-29T23:15:58.445+0800] GC(1444) User=0.00s Sys=0.00s Real=0.00s
[2024-08-29T23:15:58.445+0800] GC(1445) Concurrent Mark Cycle
[2024-08-29T23:15:58.445+0800] GC(1445) Concurrent Clear Claimed Marks
[2024-08-29T23:15:58.446+0800] GC(1445) Concurrent Clear Claimed Marks 0.007ms
[2024-08-29T23:15:58.446+0800] GC(1445) Concurrent Scan Root Regions
[2024-08-29T23:15:58.446+0800] GC(1445) Concurrent Scan Root Regions 0.004ms
[2024-08-29T23:15:58.446+0800] GC(1445) Concurrent Mark
[2024-08-29T23:15:58.446+0800] GC(1445) Concurrent Mark From Roots
[2024-08-29T23:15:58.446+0800] GC(1445) Using 2 workers of 2 for marking
[2024-08-29T23:15:58.448+0800] GC(1445) Concurrent Mark From Roots 2.377ms
[2024-08-29T23:15:58.448+0800] GC(1445) Concurrent Preclean
[2024-08-29T23:15:58.448+0800] GC(1445) Concurrent Preclean 0.073ms
[2024-08-29T23:15:58.448+0800] GC(1445) Pause Remark
[2024-08-29T23:15:58.449+0800] GC(1445) Pause Remark 1107M->1107M(2048M) 0.925ms
[2024-08-29T23:15:58.449+0800] GC(1445) User=0.00s Sys=0.00s Real=0.00s
[2024-08-29T23:15:58.449+0800] GC(1445) Concurrent Mark 3.543ms
[2024-08-29T23:15:58.449+0800] GC(1445) Concurrent Rebuild Remembered Sets
[2024-08-29T23:15:58.449+0800] GC(1445) Concurrent Rebuild Remembered Sets 0.007ms
[2024-08-29T23:15:58.449+0800] GC(1445) Pause Cleanup
[2024-08-29T23:15:58.449+0800] GC(1445) Pause Cleanup 1107M->1107M(2048M) 0.014ms
[2024-08-29T23:15:58.449+0800] GC(1445) User=0.00s Sys=0.00s Real=0.00s
[2024-08-29T23:15:58.449+0800] GC(1445) Concurrent Cleanup for Next Mark
[2024-08-29T23:15:58.455+0800] GC(1445) Concurrent Cleanup for Next Mark 5.638ms
[2024-08-29T23:15:58.455+0800] GC(1445) Concurrent Mark Cycle 9.626ms
[2024-08-29T23:15:58.456+0800] GC(1446) Pause Young (Concurrent Start) (G1 Humongous Allocation)
[2024-08-29T23:15:58.456+0800] GC(1446) Using 8 workers of 8 for evacuation
[2024-08-29T23:15:58.457+0800] GC(1446)   Pre Evacuate Collection Set: 0.3ms
[2024-08-29T23:15:58.457+0800] GC(1446)   Merge Heap Roots: 0.2ms
[2024-08-29T23:15:58.457+0800] GC(1446)   Evacuate Collection Set: 0.4ms
[2024-08-29T23:15:58.457+0800] GC(1446)   Post Evacuate Collection Set: 0.3ms
[2024-08-29T23:15:58.457+0800] GC(1446)   Other: 0.2ms
[2024-08-29T23:15:58.457+0800] GC(1446) Eden regions: 3->0(756)
[2024-08-29T23:15:58.457+0800] GC(1446) Survivor regions: 0->0(94)
[2024-08-29T23:15:58.457+0800] GC(1446) Old regions: 1->1
[2024-08-29T23:15:58.457+0800] GC(1446) Archive regions: 2->2
[2024-08-29T23:15:58.457+0800] GC(1446) Humongous regions: 1120->1083
[2024-08-29T23:15:58.457+0800] GC(1446) Metaspace: 1627K(1792K)->1627K(1792K) NonClass: 1508K(1600K)->1508K(1600K) Class: 119K(192K)->119K(192K)
[2024-08-29T23:15:58.457+0800] GC(1446) Pause Young (Concurrent Start) (G1 Humongous Allocation) 1124M->1084M(2048M) 1.440ms
[2024-08-29T23:15:58.458+0800] GC(1446) User=0.00s Sys=0.00s Real=0.00s
[2024-08-29T23:15:58.458+0800] GC(1447) Concurrent Mark Cycle
[2024-08-29T23:15:58.458+0800] GC(1447) Concurrent Clear Claimed Marks
[2024-08-29T23:15:58.458+0800] GC(1447) Concurrent Clear Claimed Marks 0.007ms
[2024-08-29T23:15:58.458+0800] GC(1447) Concurrent Scan Root Regions
[2024-08-29T23:15:58.458+0800] GC(1447) Concurrent Scan Root Regions 0.004ms
[2024-08-29T23:15:58.458+0800] GC(1447) Concurrent Mark
[2024-08-29T23:15:58.458+0800] GC(1447) Concurrent Mark From Roots
[2024-08-29T23:15:58.458+0800] GC(1447) Using 2 workers of 2 for marking
[2024-08-29T23:15:58.460+0800] GC(1447) Concurrent Mark From Roots 2.484ms
[2024-08-29T23:15:58.460+0800] GC(1447) Concurrent Preclean
[2024-08-29T23:15:58.460+0800] GC(1447) Concurrent Preclean 0.079ms
[2024-08-29T23:15:58.462+0800] GC(1447) Pause Remark
[2024-08-29T23:15:58.463+0800] GC(1447) Pause Remark 1096M->1096M(2048M) 0.936ms
[2024-08-29T23:15:58.463+0800] GC(1447) User=0.00s Sys=0.00s Real=0.01s
[2024-08-29T23:15:58.463+0800] GC(1447) Concurrent Mark 5.149ms
[2024-08-29T23:15:58.463+0800] GC(1447) Concurrent Rebuild Remembered Sets
[2024-08-29T23:15:58.463+0800] GC(1447) Concurrent Rebuild Remembered Sets 0.008ms
[2024-08-29T23:15:58.464+0800] GC(1447) Pause Cleanup
[2024-08-29T23:15:58.464+0800] GC(1447) Pause Cleanup 1098M->1098M(2048M) 0.021ms
[2024-08-29T23:15:58.464+0800] GC(1447) User=0.00s Sys=0.00s Real=0.00s
[2024-08-29T23:15:58.464+0800] GC(1447) Concurrent Cleanup for Next Mark
[2024-08-29T23:15:58.467+0800] GC(1447) Concurrent Cleanup for Next Mark 3.407ms
[2024-08-29T23:15:58.467+0800] GC(1447) Concurrent Mark Cycle 9.705ms
[2024-08-29T23:15:58.468+0800] GC(1448) Pause Young (Concurrent Start) (G1 Humongous Allocation)
[2024-08-29T23:15:58.468+0800] GC(1448) Using 8 workers of 8 for evacuation
[2024-08-29T23:15:58.469+0800] GC(1448)   Pre Evacuate Collection Set: 0.3ms
[2024-08-29T23:15:58.469+0800] GC(1448)   Merge Heap Roots: 0.1ms
[2024-08-29T23:15:58.469+0800] GC(1448)   Evacuate Collection Set: 0.4ms
[2024-08-29T23:15:58.469+0800] GC(1448)   Post Evacuate Collection Set: 0.4ms
[2024-08-29T23:15:58.469+0800] GC(1448)   Other: 0.2ms
[2024-08-29T23:15:58.469+0800] GC(1448) Eden regions: 3->0(767)
[2024-08-29T23:15:58.469+0800] GC(1448) Survivor regions: 0->1(95)
[2024-08-29T23:15:58.469+0800] GC(1448) Old regions: 1->1
[2024-08-29T23:15:58.469+0800] GC(1448) Archive regions: 2->2
[2024-08-29T23:15:58.469+0800] GC(1448) Humongous regions: 1101->1071
[2024-08-29T23:15:58.469+0800] GC(1448) Metaspace: 1627K(1792K)->1627K(1792K) NonClass: 1508K(1600K)->1508K(1600K) Class: 119K(192K)->119K(192K)
[2024-08-29T23:15:58.469+0800] GC(1448) Pause Young (Concurrent Start) (G1 Humongous Allocation) 1105M->1072M(2048M) 1.763ms
[2024-08-29T23:15:58.469+0800] GC(1448) User=0.00s Sys=0.00s Real=0.00s
[2024-08-29T23:15:58.470+0800] GC(1449) Concurrent Mark Cycle
[2024-08-29T23:15:58.470+0800] GC(1449) Concurrent Clear Claimed Marks
[2024-08-29T23:15:58.470+0800] GC(1449) Concurrent Clear Claimed Marks 0.007ms
[2024-08-29T23:15:58.470+0800] GC(1449) Concurrent Scan Root Regions
[2024-08-29T23:15:58.470+0800] GC(1449) Concurrent Scan Root Regions 0.102ms
[2024-08-29T23:15:58.470+0800] GC(1449) Concurrent Mark
[2024-08-29T23:15:58.470+0800] GC(1449) Concurrent Mark From Roots
[2024-08-29T23:15:58.470+0800] GC(1449) Using 2 workers of 2 for marking
[2024-08-29T23:15:58.472+0800] GC(1449) Concurrent Mark From Roots 2.581ms
[2024-08-29T23:15:58.472+0800] GC(1449) Concurrent Preclean
[2024-08-29T23:15:58.472+0800] GC(1449) Concurrent Preclean 0.078ms
[2024-08-29T23:15:58.472+0800] GC(1449) Pause Remark
[2024-08-29T23:15:58.473+0800] GC(1449) Pause Remark 1087M->1087M(2048M) 0.946ms
[2024-08-29T23:15:58.473+0800] GC(1449) User=0.00s Sys=0.00s Real=0.00s
[2024-08-29T23:15:58.473+0800] GC(1449) Concurrent Mark 3.787ms
[2024-08-29T23:15:58.473+0800] GC(1449) Concurrent Rebuild Remembered Sets
[2024-08-29T23:15:58.473+0800] GC(1449) Concurrent Rebuild Remembered Sets 0.007ms
[2024-08-29T23:15:58.474+0800] GC(1449) Pause Cleanup
[2024-08-29T23:15:58.474+0800] GC(1449) Pause Cleanup 1089M->1089M(2048M) 0.012ms
[2024-08-29T23:15:58.474+0800] GC(1449) User=0.00s Sys=0.00s Real=0.00s
[2024-08-29T23:15:58.474+0800] GC(1449) Concurrent Cleanup for Next Mark
[2024-08-29T23:15:58.479+0800] GC(1449) Concurrent Cleanup for Next Mark 5.285ms
[2024-08-29T23:15:58.479+0800] GC(1449) Concurrent Mark Cycle 9.546ms
[2024-08-29T23:15:58.480+0800] GC(1450) Pause Young (Concurrent Start) (G1 Humongous Allocation)
[2024-08-29T23:15:58.480+0800] GC(1450) Using 8 workers of 8 for evacuation
[2024-08-29T23:15:58.481+0800] GC(1450)   Pre Evacuate Collection Set: 0.2ms
[2024-08-29T23:15:58.481+0800] GC(1450)   Merge Heap Roots: 0.1ms
[2024-08-29T23:15:58.481+0800] GC(1450)   Evacuate Collection Set: 0.5ms
[2024-08-29T23:15:58.481+0800] GC(1450)   Post Evacuate Collection Set: 0.6ms
[2024-08-29T23:15:58.481+0800] GC(1450)   Other: 0.1ms
[2024-08-29T23:15:58.481+0800] GC(1450) Eden regions: 4->0(765)
[2024-08-29T23:15:58.481+0800] GC(1450) Survivor regions: 1->0(96)
[2024-08-29T23:15:58.481+0800] GC(1450) Old regions: 1->1
[2024-08-29T23:15:58.481+0800] GC(1450) Archive regions: 2->2
[2024-08-29T23:15:58.481+0800] GC(1450) Humongous regions: 1102->1074
[2024-08-29T23:15:58.481+0800] GC(1450) Metaspace: 1627K(1792K)->1627K(1792K) NonClass: 1508K(1600K)->1508K(1600K) Class: 119K(192K)->119K(192K)
[2024-08-29T23:15:58.481+0800] GC(1450) Pause Young (Concurrent Start) (G1 Humongous Allocation) 1107M->1075M(2048M) 1.617ms
[2024-08-29T23:15:58.481+0800] GC(1450) User=0.01s Sys=0.00s Real=0.00s
[2024-08-29T23:15:58.481+0800] GC(1451) Concurrent Mark Cycle
[2024-08-29T23:15:58.481+0800] GC(1451) Concurrent Clear Claimed Marks
[2024-08-29T23:15:58.481+0800] GC(1451) Concurrent Clear Claimed Marks 0.007ms
[2024-08-29T23:15:58.481+0800] GC(1451) Concurrent Scan Root Regions
[2024-08-29T23:15:58.481+0800] GC(1451) Concurrent Scan Root Regions 0.004ms
[2024-08-29T23:15:58.481+0800] GC(1451) Concurrent Mark
[2024-08-29T23:15:58.481+0800] GC(1451) Concurrent Mark From Roots
[2024-08-29T23:15:58.481+0800] GC(1451) Using 2 workers of 2 for marking
[2024-08-29T23:15:58.485+0800] GC(1451) Concurrent Mark From Roots 4.016ms
[2024-08-29T23:15:58.485+0800] GC(1451) Concurrent Preclean
[2024-08-29T23:15:58.486+0800] GC(1451) Concurrent Preclean 0.075ms
[2024-08-29T23:15:58.486+0800] GC(1451) Pause Remark
[2024-08-29T23:15:58.487+0800] GC(1451) Pause Remark 1092M->1092M(2048M) 1.022ms
[2024-08-29T23:15:58.487+0800] GC(1451) User=0.00s Sys=0.00s Real=0.00s
[2024-08-29T23:15:58.487+0800] GC(1451) Concurrent Mark 5.313ms
[2024-08-29T23:15:58.487+0800] GC(1451) Concurrent Rebuild Remembered Sets
[2024-08-29T23:15:58.487+0800] GC(1451) Concurrent Rebuild Remembered Sets 0.027ms
[2024-08-29T23:15:58.488+0800] GC(1451) Pause Cleanup
[2024-08-29T23:15:58.488+0800] GC(1451) Pause Cleanup 1094M->1094M(2048M) 0.020ms
[2024-08-29T23:15:58.488+0800] GC(1451) User=0.00s Sys=0.00s Real=0.00s
[2024-08-29T23:15:58.488+0800] GC(1451) Concurrent Cleanup for Next Mark
[2024-08-29T23:15:58.492+0800] GC(1451) Concurrent Cleanup for Next Mark 4.185ms
[2024-08-29T23:15:58.492+0800] GC(1451) Concurrent Mark Cycle 10.645ms
[2024-08-29T23:15:58.494+0800] GC(1452) Pause Young (Concurrent Start) (G1 Humongous Allocation)
[2024-08-29T23:15:58.494+0800] GC(1452) Using 8 workers of 8 for evacuation
[2024-08-29T23:15:58.495+0800] GC(1452)   Pre Evacuate Collection Set: 0.2ms
[2024-08-29T23:15:58.495+0800] GC(1452)   Merge Heap Roots: 0.1ms
[2024-08-29T23:15:58.495+0800] GC(1452)   Evacuate Collection Set: 0.4ms
[2024-08-29T23:15:58.495+0800] GC(1452)   Post Evacuate Collection Set: 0.5ms
[2024-08-29T23:15:58.495+0800] GC(1452)   Other: 0.1ms
[2024-08-29T23:15:58.495+0800] GC(1452) Eden regions: 3->0(769)
[2024-08-29T23:15:58.495+0800] GC(1452) Survivor regions: 0->0(96)
[2024-08-29T23:15:58.495+0800] GC(1452) Old regions: 1->1
[2024-08-29T23:15:58.495+0800] GC(1452) Archive regions: 2->2
[2024-08-29T23:15:58.495+0800] GC(1452) Humongous regions: 1099->1070
[2024-08-29T23:15:58.495+0800] GC(1452) Metaspace: 1627K(1792K)->1627K(1792K) NonClass: 1508K(1600K)->1508K(1600K) Class: 119K(192K)->119K(192K)
[2024-08-29T23:15:58.495+0800] GC(1452) Pause Young (Concurrent Start) (G1 Humongous Allocation) 1103M->1071M(2048M) 1.464ms
[2024-08-29T23:15:58.495+0800] GC(1452) User=0.01s Sys=0.00s Real=0.00s
[2024-08-29T23:15:58.495+0800] GC(1453) Concurrent Mark Cycle
[2024-08-29T23:15:58.495+0800] GC(1453) Concurrent Clear Claimed Marks
[2024-08-29T23:15:58.495+0800] GC(1453) Concurrent Clear Claimed Marks 0.021ms
[2024-08-29T23:15:58.495+0800] GC(1453) Concurrent Scan Root Regions
[2024-08-29T23:15:58.495+0800] GC(1453) Concurrent Scan Root Regions 0.004ms
[2024-08-29T23:15:58.495+0800] GC(1453) Concurrent Mark
[2024-08-29T23:15:58.495+0800] GC(1453) Concurrent Mark From Roots
[2024-08-29T23:15:58.495+0800] GC(1453) Using 2 workers of 2 for marking
[2024-08-29T23:15:58.498+0800] GC(1453) Concurrent Mark From Roots 2.870ms
[2024-08-29T23:15:58.498+0800] GC(1453) Concurrent Preclean
[2024-08-29T23:15:58.498+0800] GC(1453) Concurrent Preclean 0.078ms
[2024-08-29T23:15:58.498+0800] GC(1453) Pause Remark
[2024-08-29T23:15:58.499+0800] GC(1453) Pause Remark 1089M->1089M(2048M) 1.060ms
[2024-08-29T23:15:58.499+0800] GC(1453) User=0.00s Sys=0.00s Real=0.00s
[2024-08-29T23:15:58.499+0800] GC(1453) Concurrent Mark 4.129ms
[2024-08-29T23:15:58.499+0800] GC(1453) Concurrent Rebuild Remembered Sets
[2024-08-29T23:15:58.499+0800] GC(1453) Concurrent Rebuild Remembered Sets 0.005ms
[2024-08-29T23:15:58.499+0800] GC(1453) Pause Cleanup
[2024-08-29T23:15:58.500+0800] GC(1453) Pause Cleanup 1089M->1089M(2048M) 0.011ms
[2024-08-29T23:15:58.500+0800] GC(1453) User=0.00s Sys=0.00s Real=0.00s
[2024-08-29T23:15:58.500+0800] GC(1453) Concurrent Cleanup for Next Mark
[2024-08-29T23:15:58.504+0800] GC(1453) Concurrent Cleanup for Next Mark 4.468ms
[2024-08-29T23:15:58.504+0800] GC(1453) Concurrent Mark Cycle 8.910ms
[2024-08-29T23:15:58.505+0800] GC(1454) Pause Young (Concurrent Start) (G1 Humongous Allocation)
[2024-08-29T23:15:58.505+0800] GC(1454) Using 8 workers of 8 for evacuation
[2024-08-29T23:15:58.506+0800] GC(1454)   Pre Evacuate Collection Set: 0.2ms
[2024-08-29T23:15:58.506+0800] GC(1454)   Merge Heap Roots: 0.1ms
[2024-08-29T23:15:58.506+0800] GC(1454)   Evacuate Collection Set: 0.4ms
[2024-08-29T23:15:58.506+0800] GC(1454)   Post Evacuate Collection Set: 0.4ms
[2024-08-29T23:15:58.506+0800] GC(1454)   Other: 0.1ms
[2024-08-29T23:15:58.506+0800] GC(1454) Eden regions: 4->0(763)
[2024-08-29T23:15:58.506+0800] GC(1454) Survivor regions: 0->0(97)
[2024-08-29T23:15:58.506+0800] GC(1454) Old regions: 1->1
[2024-08-29T23:15:58.506+0800] GC(1454) Archive regions: 2->2
[2024-08-29T23:15:58.506+0800] GC(1454) Humongous regions: 1104->1076
[2024-08-29T23:15:58.506+0800] GC(1454) Metaspace: 1627K(1792K)->1627K(1792K) NonClass: 1508K(1600K)->1508K(1600K) Class: 119K(192K)->119K(192K)
[2024-08-29T23:15:58.506+0800] GC(1454) Pause Young (Concurrent Start) (G1 Humongous Allocation) 1108M->1077M(2048M) 1.264ms
[2024-08-29T23:15:58.506+0800] GC(1454) User=0.00s Sys=0.01s Real=0.00s
[2024-08-29T23:15:58.506+0800] GC(1455) Concurrent Mark Cycle
[2024-08-29T23:15:58.506+0800] GC(1455) Concurrent Clear Claimed Marks
[2024-08-29T23:15:58.506+0800] GC(1455) Concurrent Clear Claimed Marks 0.006ms
[2024-08-29T23:15:58.506+0800] GC(1455) Concurrent Scan Root Regions
[2024-08-29T23:15:58.506+0800] GC(1455) Concurrent Scan Root Regions 0.004ms
[2024-08-29T23:15:58.506+0800] GC(1455) Concurrent Mark
[2024-08-29T23:15:58.506+0800] GC(1455) Concurrent Mark From Roots
[2024-08-29T23:15:58.506+0800] GC(1455) Using 2 workers of 2 for marking
[2024-08-29T23:15:58.509+0800] GC(1455) Concurrent Mark From Roots 2.534ms
[2024-08-29T23:15:58.509+0800] GC(1455) Concurrent Preclean
[2024-08-29T23:15:58.509+0800] GC(1455) Concurrent Preclean 0.091ms
[2024-08-29T23:15:58.510+0800] GC(1455) Pause Remark
[2024-08-29T23:15:58.511+0800] GC(1455) Pause Remark 1085M->1085M(2048M) 1.059ms
[2024-08-29T23:15:58.511+0800] GC(1455) User=0.00s Sys=0.00s Real=0.00s
[2024-08-29T23:15:58.511+0800] GC(1455) Concurrent Mark 4.802ms
[2024-08-29T23:15:58.511+0800] GC(1455) Concurrent Rebuild Remembered Sets
[2024-08-29T23:15:58.511+0800] GC(1455) Concurrent Rebuild Remembered Sets 0.005ms
[2024-08-29T23:15:58.512+0800] GC(1455) Pause Cleanup
[2024-08-29T23:15:58.512+0800] GC(1455) Pause Cleanup 1085M->1085M(2048M) 0.020ms
[2024-08-29T23:15:58.512+0800] GC(1455) User=0.00s Sys=0.00s Real=0.00s
[2024-08-29T23:15:58.512+0800] GC(1455) Concurrent Cleanup for Next Mark
[2024-08-29T23:15:58.515+0800] GC(1455) Concurrent Cleanup for Next Mark 3.350ms
[2024-08-29T23:15:58.515+0800] GC(1455) Concurrent Mark Cycle 9.364ms
[2024-08-29T23:15:58.516+0800] GC(1456) Pause Young (Concurrent Start) (G1 Humongous Allocation)
[2024-08-29T23:15:58.516+0800] GC(1456) Using 8 workers of 8 for evacuation
[2024-08-29T23:15:58.517+0800] GC(1456)   Pre Evacuate Collection Set: 0.2ms
[2024-08-29T23:15:58.517+0800] GC(1456)   Merge Heap Roots: 0.1ms
[2024-08-29T23:15:58.517+0800] GC(1456)   Evacuate Collection Set: 0.3ms
[2024-08-29T23:15:58.517+0800] GC(1456)   Post Evacuate Collection Set: 0.4ms
[2024-08-29T23:15:58.517+0800] GC(1456)   Other: 0.1ms
[2024-08-29T23:15:58.517+0800] GC(1456) Eden regions: 4->0(788)
[2024-08-29T23:15:58.517+0800] GC(1456) Survivor regions: 0->0(96)
[2024-08-29T23:15:58.517+0800] GC(1456) Old regions: 1->1
[2024-08-29T23:15:58.517+0800] GC(1456) Archive regions: 2->2
[2024-08-29T23:15:58.517+0800] GC(1456) Humongous regions: 1087->1051
[2024-08-29T23:15:58.517+0800] GC(1456) Metaspace: 1627K(1792K)->1627K(1792K) NonClass: 1508K(1600K)->1508K(1600K) Class: 119K(192K)->119K(192K)
[2024-08-29T23:15:58.517+0800] GC(1456) Pause Young (Concurrent Start) (G1 Humongous Allocation) 1091M->1052M(2048M) 1.189ms
[2024-08-29T23:15:58.517+0800] GC(1456) User=0.00s Sys=0.00s Real=0.00s
[2024-08-29T23:15:58.517+0800] GC(1457) Concurrent Mark Cycle
[2024-08-29T23:15:58.517+0800] GC(1457) Concurrent Clear Claimed Marks
[2024-08-29T23:15:58.517+0800] GC(1457) Concurrent Clear Claimed Marks 0.007ms
[2024-08-29T23:15:58.517+0800] GC(1457) Concurrent Scan Root Regions
[2024-08-29T23:15:58.517+0800] GC(1457) Concurrent Scan Root Regions 0.004ms
[2024-08-29T23:15:58.517+0800] GC(1457) Concurrent Mark
[2024-08-29T23:15:58.517+0800] GC(1457) Concurrent Mark From Roots
[2024-08-29T23:15:58.517+0800] GC(1457) Using 2 workers of 2 for marking
[2024-08-29T23:15:58.520+0800] GC(1457) Concurrent Mark From Roots 2.490ms
[2024-08-29T23:15:58.520+0800] GC(1457) Concurrent Preclean
[2024-08-29T23:15:58.520+0800] GC(1457) Concurrent Preclean 0.112ms
[2024-08-29T23:15:58.521+0800] GC(1457) Pause Remark
[2024-08-29T23:15:58.522+0800] GC(1457) Pause Remark 1061M->1061M(2048M) 0.951ms
[2024-08-29T23:15:58.522+0800] GC(1457) User=0.00s Sys=0.00s Real=0.00s
[2024-08-29T23:15:58.522+0800] GC(1457) Concurrent Mark 4.707ms
[2024-08-29T23:15:58.522+0800] GC(1457) Concurrent Rebuild Remembered Sets
[2024-08-29T23:15:58.522+0800] GC(1457) Concurrent Rebuild Remembered Sets 0.007ms
[2024-08-29T23:15:58.523+0800] GC(1457) Pause Cleanup
[2024-08-29T23:15:58.523+0800] GC(1457) Pause Cleanup 1064M->1064M(2048M) 0.020ms
[2024-08-29T23:15:58.523+0800] GC(1457) User=0.00s Sys=0.00s Real=0.00s
[2024-08-29T23:15:58.523+0800] GC(1457) Concurrent Cleanup for Next Mark
[2024-08-29T23:15:58.528+0800] GC(1457) Concurrent Cleanup for Next Mark 5.629ms
[2024-08-29T23:15:58.528+0800] GC(1457) Concurrent Mark Cycle 11.453ms
[2024-08-29T23:15:58.530+0800] GC(1458) Pause Young (Concurrent Start) (G1 Humongous Allocation)
[2024-08-29T23:15:58.530+0800] GC(1458) Using 8 workers of 8 for evacuation
[2024-08-29T23:15:58.531+0800] GC(1458)   Pre Evacuate Collection Set: 0.2ms
[2024-08-29T23:15:58.531+0800] GC(1458)   Merge Heap Roots: 0.1ms
[2024-08-29T23:15:58.531+0800] GC(1458)   Evacuate Collection Set: 0.4ms
[2024-08-29T23:15:58.531+0800] GC(1458)   Post Evacuate Collection Set: 0.4ms
[2024-08-29T23:15:58.531+0800] GC(1458)   Other: 0.1ms
[2024-08-29T23:15:58.531+0800] GC(1458) Eden regions: 4->0(779)
[2024-08-29T23:15:58.531+0800] GC(1458) Survivor regions: 0->0(99)
[2024-08-29T23:15:58.531+0800] GC(1458) Old regions: 1->1
[2024-08-29T23:15:58.531+0800] GC(1458) Archive regions: 2->2
[2024-08-29T23:15:58.531+0800] GC(1458) Humongous regions: 1082->1060
[2024-08-29T23:15:58.531+0800] GC(1458) Metaspace: 1627K(1792K)->1627K(1792K) NonClass: 1508K(1600K)->1508K(1600K) Class: 119K(192K)->119K(192K)
[2024-08-29T23:15:58.531+0800] GC(1458) Pause Young (Concurrent Start) (G1 Humongous Allocation) 1087M->1061M(2048M) 1.347ms
[2024-08-29T23:15:58.531+0800] GC(1458) User=0.00s Sys=0.00s Real=0.00s
[2024-08-29T23:15:58.531+0800] GC(1459) Concurrent Mark Cycle
[2024-08-29T23:15:58.531+0800] GC(1459) Concurrent Clear Claimed Marks
[2024-08-29T23:15:58.531+0800] GC(1459) Concurrent Clear Claimed Marks 0.009ms
[2024-08-29T23:15:58.531+0800] GC(1459) Concurrent Scan Root Regions
[2024-08-29T23:15:58.531+0800] GC(1459) Concurrent Scan Root Regions 0.006ms
[2024-08-29T23:15:58.531+0800] GC(1459) Concurrent Mark
[2024-08-29T23:15:58.531+0800] GC(1459) Concurrent Mark From Roots
[2024-08-29T23:15:58.531+0800] GC(1459) Using 2 workers of 2 for marking
[2024-08-29T23:15:58.534+0800] GC(1459) Concurrent Mark From Roots 2.316ms
[2024-08-29T23:15:58.534+0800] GC(1459) Concurrent Preclean
[2024-08-29T23:15:58.534+0800] GC(1459) Concurrent Preclean 0.106ms
[2024-08-29T23:15:58.535+0800] GC(1459) Pause Remark
[2024-08-29T23:15:58.536+0800] GC(1459) Pause Remark 1075M->1075M(2048M) 1.020ms
[2024-08-29T23:15:58.536+0800] GC(1459) User=0.00s Sys=0.01s Real=0.00s
[2024-08-29T23:15:58.536+0800] GC(1459) Concurrent Mark 4.623ms
[2024-08-29T23:15:58.536+0800] GC(1459) Concurrent Rebuild Remembered Sets
[2024-08-29T23:15:58.536+0800] GC(1459) Concurrent Rebuild Remembered Sets 0.007ms
[2024-08-29T23:15:58.537+0800] GC(1459) Pause Cleanup
[2024-08-29T23:15:58.537+0800] GC(1459) Pause Cleanup 1077M->1077M(2048M) 0.017ms
[2024-08-29T23:15:58.537+0800] GC(1459) User=0.00s Sys=0.00s Real=0.00s
[2024-08-29T23:15:58.537+0800] GC(1459) Concurrent Cleanup for Next Mark
[2024-08-29T23:15:58.540+0800] GC(1459) Concurrent Cleanup for Next Mark 3.250ms
[2024-08-29T23:15:58.540+0800] GC(1459) Concurrent Mark Cycle 8.906ms
[2024-08-29T23:15:58.541+0800] GC(1460) Pause Young (Concurrent Start) (G1 Humongous Allocation)
[2024-08-29T23:15:58.541+0800] GC(1460) Using 8 workers of 8 for evacuation
[2024-08-29T23:15:58.542+0800] GC(1460)   Pre Evacuate Collection Set: 0.2ms
[2024-08-29T23:15:58.542+0800] GC(1460)   Merge Heap Roots: 0.1ms
[2024-08-29T23:15:58.542+0800] GC(1460)   Evacuate Collection Set: 0.3ms
[2024-08-29T23:15:58.542+0800] GC(1460)   Post Evacuate Collection Set: 0.3ms
[2024-08-29T23:15:58.542+0800] GC(1460)   Other: 0.1ms
[2024-08-29T23:15:58.542+0800] GC(1460) Eden regions: 4->0(787)
[2024-08-29T23:15:58.542+0800] GC(1460) Survivor regions: 0->0(98)
[2024-08-29T23:15:58.542+0800] GC(1460) Old regions: 1->1
[2024-08-29T23:15:58.542+0800] GC(1460) Archive regions: 2->2
[2024-08-29T23:15:58.542+0800] GC(1460) Humongous regions: 1075->1052
[2024-08-29T23:15:58.542+0800] GC(1460) Metaspace: 1627K(1792K)->1627K(1792K) NonClass: 1508K(1600K)->1508K(1600K) Class: 119K(192K)->119K(192K)
[2024-08-29T23:15:58.542+0800] GC(1460) Pause Young (Concurrent Start) (G1 Humongous Allocation) 1079M->1053M(2048M) 1.091ms
[2024-08-29T23:15:58.542+0800] GC(1460) User=0.00s Sys=0.00s Real=0.00s
[2024-08-29T23:15:58.542+0800] GC(1461) Concurrent Mark Cycle
[2024-08-29T23:15:58.542+0800] GC(1461) Concurrent Clear Claimed Marks
[2024-08-29T23:15:58.542+0800] GC(1461) Concurrent Clear Claimed Marks 0.007ms
[2024-08-29T23:15:58.542+0800] GC(1461) Concurrent Scan Root Regions
[2024-08-29T23:15:58.542+0800] GC(1461) Concurrent Scan Root Regions 0.006ms
[2024-08-29T23:15:58.542+0800] GC(1461) Concurrent Mark
[2024-08-29T23:15:58.542+0800] GC(1461) Concurrent Mark From Roots
[2024-08-29T23:15:58.542+0800] GC(1461) Using 2 workers of 2 for marking
[2024-08-29T23:15:58.544+0800] GC(1461) Concurrent Mark From Roots 2.240ms
[2024-08-29T23:15:58.544+0800] GC(1461) Concurrent Preclean
[2024-08-29T23:15:58.544+0800] GC(1461) Concurrent Preclean 0.091ms
[2024-08-29T23:15:58.544+0800] GC(1461) Pause Remark
[2024-08-29T23:15:58.545+0800] GC(1461) Pause Remark 1059M->1059M(2048M) 1.077ms
[2024-08-29T23:15:58.545+0800] GC(1461) User=0.00s Sys=0.00s Real=0.00s
[2024-08-29T23:15:58.545+0800] GC(1461) Concurrent Mark 3.552ms
[2024-08-29T23:15:58.545+0800] GC(1461) Concurrent Rebuild Remembered Sets
[2024-08-29T23:15:58.545+0800] GC(1461) Concurrent Rebuild Remembered Sets 0.005ms
[2024-08-29T23:15:58.546+0800] GC(1461) Pause Cleanup
[2024-08-29T23:15:58.546+0800] GC(1461) Pause Cleanup 1060M->1060M(2048M) 0.014ms
[2024-08-29T23:15:58.546+0800] GC(1461) User=0.00s Sys=0.00s Real=0.00s
[2024-08-29T23:15:58.546+0800] GC(1461) Concurrent Cleanup for Next Mark
[2024-08-29T23:15:58.550+0800] GC(1461) Concurrent Cleanup for Next Mark 4.207ms
[2024-08-29T23:15:58.550+0800] GC(1461) Concurrent Mark Cycle 7.944ms
[2024-08-29T23:15:58.552+0800] GC(1462) Pause Young (Concurrent Start) (G1 Humongous Allocation)
[2024-08-29T23:15:58.552+0800] GC(1462) Using 8 workers of 8 for evacuation
[2024-08-29T23:15:58.553+0800] GC(1462)   Pre Evacuate Collection Set: 0.3ms
[2024-08-29T23:15:58.553+0800] GC(1462)   Merge Heap Roots: 0.2ms
[2024-08-29T23:15:58.553+0800] GC(1462)   Evacuate Collection Set: 0.3ms
[2024-08-29T23:15:58.553+0800] GC(1462)   Post Evacuate Collection Set: 0.3ms
[2024-08-29T23:15:58.553+0800] GC(1462)   Other: 0.1ms
[2024-08-29T23:15:58.553+0800] GC(1462) Eden regions: 4->0(813)
[2024-08-29T23:15:58.553+0800] GC(1462) Survivor regions: 0->0(99)
[2024-08-29T23:15:58.553+0800] GC(1462) Old regions: 1->1
[2024-08-29T23:15:58.553+0800] GC(1462) Archive regions: 2->2
[2024-08-29T23:15:58.553+0800] GC(1462) Humongous regions: 1065->1026
[2024-08-29T23:15:58.553+0800] GC(1462) Metaspace: 1627K(1792K)->1627K(1792K) NonClass: 1508K(1600K)->1508K(1600K) Class: 119K(192K)->119K(192K)
[2024-08-29T23:15:58.553+0800] GC(1462) Pause Young (Concurrent Start) (G1 Humongous Allocation) 1069M->1027M(2048M) 1.231ms
[2024-08-29T23:15:58.553+0800] GC(1462) User=0.00s Sys=0.01s Real=0.01s
[2024-08-29T23:15:58.553+0800] GC(1463) Concurrent Mark Cycle
[2024-08-29T23:15:58.553+0800] GC(1463) Concurrent Clear Claimed Marks
[2024-08-29T23:15:58.553+0800] GC(1463) Concurrent Clear Claimed Marks 0.006ms
[2024-08-29T23:15:58.553+0800] GC(1463) Concurrent Scan Root Regions
[2024-08-29T23:15:58.553+0800] GC(1463) Concurrent Scan Root Regions 0.004ms
[2024-08-29T23:15:58.553+0800] GC(1463) Concurrent Mark
[2024-08-29T23:15:58.553+0800] GC(1463) Concurrent Mark From Roots
[2024-08-29T23:15:58.553+0800] GC(1463) Using 2 workers of 2 for marking
[2024-08-29T23:15:58.555+0800] GC(1463) Concurrent Mark From Roots 2.297ms
[2024-08-29T23:15:58.555+0800] GC(1463) Concurrent Preclean
[2024-08-29T23:15:58.555+0800] GC(1463) Concurrent Preclean 0.080ms
[2024-08-29T23:15:58.556+0800] GC(1463) Pause Remark
[2024-08-29T23:15:58.556+0800] GC(1463) Pause Remark 1040M->1040M(2048M) 0.863ms
[2024-08-29T23:15:58.556+0800] GC(1463) User=0.00s Sys=0.00s Real=0.00s
[2024-08-29T23:15:58.556+0800] GC(1463) Concurrent Mark 3.478ms
[2024-08-29T23:15:58.557+0800] GC(1463) Concurrent Rebuild Remembered Sets
[2024-08-29T23:15:58.557+0800] GC(1463) Concurrent Rebuild Remembered Sets 0.006ms
[2024-08-29T23:15:58.558+0800] GC(1463) Pause Cleanup
[2024-08-29T23:15:58.558+0800] GC(1463) Pause Cleanup 1043M->1043M(2048M) 0.079ms
[2024-08-29T23:15:58.558+0800] GC(1463) User=0.00s Sys=0.00s Real=0.00s
[2024-08-29T23:15:58.558+0800] GC(1463) Concurrent Cleanup for Next Mark
[2024-08-29T23:15:58.562+0800] GC(1463) Concurrent Cleanup for Next Mark 3.677ms
[2024-08-29T23:15:58.562+0800] GC(1463) Concurrent Mark Cycle 9.169ms
[2024-08-29T23:15:58.562+0800] GC(1464) Pause Young (Concurrent Start) (G1 Humongous Allocation)
[2024-08-29T23:15:58.562+0800] GC(1464) Using 8 workers of 8 for evacuation
[2024-08-29T23:15:58.563+0800] GC(1464)   Pre Evacuate Collection Set: 0.2ms
[2024-08-29T23:15:58.563+0800] GC(1464)   Merge Heap Roots: 0.1ms
[2024-08-29T23:15:58.563+0800] GC(1464)   Evacuate Collection Set: 0.3ms
[2024-08-29T23:15:58.563+0800] GC(1464)   Post Evacuate Collection Set: 0.2ms
[2024-08-29T23:15:58.563+0800] GC(1464)   Other: 0.1ms
[2024-08-29T23:15:58.563+0800] GC(1464) Eden regions: 4->0(823)
[2024-08-29T23:15:58.563+0800] GC(1464) Survivor regions: 0->0(102)
[2024-08-29T23:15:58.563+0800] GC(1464) Old regions: 1->1
[2024-08-29T23:15:58.563+0800] GC(1464) Archive regions: 2->2
[2024-08-29T23:15:58.563+0800] GC(1464) Humongous regions: 1043->1016
[2024-08-29T23:15:58.563+0800] GC(1464) Metaspace: 1627K(1792K)->1627K(1792K) NonClass: 1508K(1600K)->1508K(1600K) Class: 119K(192K)->119K(192K)
[2024-08-29T23:15:58.563+0800] GC(1464) Pause Young (Concurrent Start) (G1 Humongous Allocation) 1047M->1017M(2048M) 1.074ms
[2024-08-29T23:15:58.563+0800] GC(1464) User=0.00s Sys=0.00s Real=0.01s
[2024-08-29T23:15:58.563+0800] GC(1465) Concurrent Mark Cycle
[2024-08-29T23:15:58.563+0800] GC(1465) Concurrent Clear Claimed Marks
[2024-08-29T23:15:58.563+0800] GC(1465) Concurrent Clear Claimed Marks 0.007ms
[2024-08-29T23:15:58.563+0800] GC(1465) Concurrent Scan Root Regions
[2024-08-29T23:15:58.563+0800] GC(1465) Concurrent Scan Root Regions 0.004ms
[2024-08-29T23:15:58.563+0800] GC(1465) Concurrent Mark
[2024-08-29T23:15:58.563+0800] GC(1465) Concurrent Mark From Roots
[2024-08-29T23:15:58.564+0800] GC(1465) Using 2 workers of 2 for marking
[2024-08-29T23:15:58.566+0800] GC(1465) Concurrent Mark From Roots 2.365ms
[2024-08-29T23:15:58.566+0800] GC(1465) Concurrent Preclean
[2024-08-29T23:15:58.566+0800] GC(1465) Concurrent Preclean 0.095ms
[2024-08-29T23:15:58.566+0800] GC(1465) Pause Remark
[2024-08-29T23:15:58.567+0800] GC(1465) Pause Remark 1029M->1029M(2048M) 1.048ms
[2024-08-29T23:15:58.567+0800] GC(1465) User=0.00s Sys=0.00s Real=0.00s
[2024-08-29T23:15:58.567+0800] GC(1465) Concurrent Mark 3.678ms
[2024-08-29T23:15:58.567+0800] GC(1465) Concurrent Rebuild Remembered Sets
[2024-08-29T23:15:58.567+0800] GC(1465) Concurrent Rebuild Remembered Sets 0.007ms
[2024-08-29T23:15:58.567+0800] GC(1465) Pause Cleanup
[2024-08-29T23:15:58.567+0800] GC(1465) Pause Cleanup 1029M->1029M(2048M) 0.016ms
[2024-08-29T23:15:58.567+0800] GC(1465) User=0.00s Sys=0.00s Real=0.00s
[2024-08-29T23:15:58.567+0800] GC(1465) Concurrent Cleanup for Next Mark
[2024-08-29T23:15:58.572+0800] GC(1465) Concurrent Cleanup for Next Mark 4.479ms
[2024-08-29T23:15:58.572+0800] GC(1465) Concurrent Mark Cycle 8.415ms
[2024-08-29T23:15:58.573+0800] GC(1466) Pause Young (Concurrent Start) (G1 Humongous Allocation)
[2024-08-29T23:15:58.573+0800] GC(1466) Using 8 workers of 8 for evacuation
[2024-08-29T23:15:58.574+0800] GC(1466)   Pre Evacuate Collection Set: 0.2ms
[2024-08-29T23:15:58.574+0800] GC(1466)   Merge Heap Roots: 0.1ms
[2024-08-29T23:15:58.574+0800] GC(1466)   Evacuate Collection Set: 0.3ms
[2024-08-29T23:15:58.574+0800] GC(1466)   Post Evacuate Collection Set: 0.5ms
[2024-08-29T23:15:58.574+0800] GC(1466)   Other: 0.1ms
[2024-08-29T23:15:58.574+0800] GC(1466) Eden regions: 4->0(817)
[2024-08-29T23:15:58.574+0800] GC(1466) Survivor regions: 0->0(103)
[2024-08-29T23:15:58.574+0800] GC(1466) Old regions: 1->1
[2024-08-29T23:15:58.574+0800] GC(1466) Archive regions: 2->2
[2024-08-29T23:15:58.574+0800] GC(1466) Humongous regions: 1042->1022
[2024-08-29T23:15:58.574+0800] GC(1466) Metaspace: 1627K(1792K)->1627K(1792K) NonClass: 1508K(1600K)->1508K(1600K) Class: 119K(192K)->119K(192K)
[2024-08-29T23:15:58.574+0800] GC(1466) Pause Young (Concurrent Start) (G1 Humongous Allocation) 1047M->1023M(2048M) 1.452ms
[2024-08-29T23:15:58.574+0800] GC(1466) User=0.01s Sys=0.00s Real=0.00s
[2024-08-29T23:15:58.574+0800] GC(1467) Concurrent Mark Cycle
[2024-08-29T23:15:58.574+0800] GC(1467) Concurrent Clear Claimed Marks
[2024-08-29T23:15:58.574+0800] GC(1467) Concurrent Clear Claimed Marks 0.007ms
[2024-08-29T23:15:58.574+0800] GC(1467) Concurrent Scan Root Regions
[2024-08-29T23:15:58.574+0800] GC(1467) Concurrent Scan Root Regions 0.004ms
[2024-08-29T23:15:58.574+0800] GC(1467) Concurrent Mark
[2024-08-29T23:15:58.574+0800] GC(1467) Concurrent Mark From Roots
[2024-08-29T23:15:58.574+0800] GC(1467) Using 2 workers of 2 for marking
[2024-08-29T23:15:58.577+0800] GC(1467) Concurrent Mark From Roots 2.419ms
[2024-08-29T23:15:58.577+0800] GC(1467) Concurrent Preclean
[2024-08-29T23:15:58.577+0800] GC(1467) Concurrent Preclean 0.093ms
[2024-08-29T23:15:58.578+0800] GC(1467) Pause Remark
[2024-08-29T23:15:58.579+0800] GC(1467) Pause Remark 1037M->1037M(2048M) 1.220ms
[2024-08-29T23:15:58.579+0800] GC(1467) User=0.00s Sys=0.00s Real=0.00s
[2024-08-29T23:15:58.579+0800] GC(1467) Concurrent Mark 4.798ms
[2024-08-29T23:15:58.579+0800] GC(1467) Concurrent Rebuild Remembered Sets
[2024-08-29T23:15:58.579+0800] GC(1467) Concurrent Rebuild Remembered Sets 0.005ms
[2024-08-29T23:15:58.580+0800] GC(1467) Pause Cleanup
[2024-08-29T23:15:58.580+0800] GC(1467) Pause Cleanup 1039M->1039M(2048M) 0.016ms
[2024-08-29T23:15:58.580+0800] GC(1467) User=0.00s Sys=0.00s Real=0.00s
[2024-08-29T23:15:58.580+0800] GC(1467) Concurrent Cleanup for Next Mark
[2024-08-29T23:15:58.585+0800] GC(1467) Concurrent Cleanup for Next Mark 5.440ms
[2024-08-29T23:15:58.585+0800] GC(1467) Concurrent Mark Cycle 11.092ms
[2024-08-29T23:15:58.586+0800] GC(1468) Pause Young (Concurrent Start) (G1 Humongous Allocation)
[2024-08-29T23:15:58.586+0800] GC(1468) Using 8 workers of 8 for evacuation
[2024-08-29T23:15:58.587+0800] GC(1468)   Pre Evacuate Collection Set: 0.3ms
[2024-08-29T23:15:58.587+0800] GC(1468)   Merge Heap Roots: 0.1ms
[2024-08-29T23:15:58.587+0800] GC(1468)   Evacuate Collection Set: 0.3ms
[2024-08-29T23:15:58.587+0800] GC(1468)   Post Evacuate Collection Set: 0.3ms
[2024-08-29T23:15:58.587+0800] GC(1468)   Other: 0.1ms
[2024-08-29T23:15:58.587+0800] GC(1468) Eden regions: 4->0(797)
[2024-08-29T23:15:58.587+0800] GC(1468) Survivor regions: 0->0(103)
[2024-08-29T23:15:58.587+0800] GC(1468) Old regions: 1->1
[2024-08-29T23:15:58.587+0800] GC(1468) Archive regions: 2->2
[2024-08-29T23:15:58.588+0800] GC(1468) Humongous regions: 1065->1042
[2024-08-29T23:15:58.588+0800] GC(1468) Metaspace: 1627K(1792K)->1627K(1792K) NonClass: 1508K(1600K)->1508K(1600K) Class: 119K(192K)->119K(192K)
[2024-08-29T23:15:58.588+0800] GC(1468) Pause Young (Concurrent Start) (G1 Humongous Allocation) 1069M->1043M(2048M) 1.231ms
[2024-08-29T23:15:58.588+0800] GC(1468) User=0.00s Sys=0.00s Real=0.00s
[2024-08-29T23:15:58.588+0800] GC(1469) Concurrent Mark Cycle
[2024-08-29T23:15:58.588+0800] GC(1469) Concurrent Clear Claimed Marks
[2024-08-29T23:15:58.588+0800] GC(1469) Concurrent Clear Claimed Marks 0.006ms
[2024-08-29T23:15:58.588+0800] GC(1469) Concurrent Scan Root Regions
[2024-08-29T23:15:58.588+0800] GC(1469) Concurrent Scan Root Regions 0.004ms
[2024-08-29T23:15:58.588+0800] GC(1469) Concurrent Mark
[2024-08-29T23:15:58.588+0800] GC(1469) Concurrent Mark From Roots
[2024-08-29T23:15:58.588+0800] GC(1469) Using 2 workers of 2 for marking
[2024-08-29T23:15:58.591+0800] GC(1469) Concurrent Mark From Roots 3.595ms
[2024-08-29T23:15:58.591+0800] GC(1469) Concurrent Preclean
[2024-08-29T23:15:58.591+0800] GC(1469) Concurrent Preclean 0.078ms
[2024-08-29T23:15:58.591+0800] GC(1469) Pause Remark
[2024-08-29T23:15:58.592+0800] GC(1469) Pause Remark 1068M->1068M(2048M) 0.930ms
[2024-08-29T23:15:58.592+0800] GC(1469) User=0.00s Sys=0.01s Real=0.00s
[2024-08-29T23:15:58.592+0800] GC(1469) Concurrent Mark 4.793ms
[2024-08-29T23:15:58.592+0800] GC(1469) Concurrent Rebuild Remembered Sets
[2024-08-29T23:15:58.592+0800] GC(1469) Concurrent Rebuild Remembered Sets 0.006ms
[2024-08-29T23:15:58.592+0800] GC(1469) Pause Cleanup
[2024-08-29T23:15:58.592+0800] GC(1469) Pause Cleanup 1068M->1068M(2048M) 0.014ms
[2024-08-29T23:15:58.592+0800] GC(1469) User=0.00s Sys=0.00s Real=0.00s
[2024-08-29T23:15:58.593+0800] GC(1469) Concurrent Cleanup for Next Mark
[2024-08-29T23:15:58.597+0800] GC(1469) Concurrent Cleanup for Next Mark 4.144ms
[2024-08-29T23:15:58.597+0800] GC(1469) Concurrent Mark Cycle 9.119ms
[2024-08-29T23:15:58.600+0800] GC(1470) Pause Young (Concurrent Start) (G1 Humongous Allocation)
[2024-08-29T23:15:58.600+0800] GC(1470) Using 8 workers of 8 for evacuation
[2024-08-29T23:15:58.601+0800] GC(1470)   Pre Evacuate Collection Set: 0.2ms
[2024-08-29T23:15:58.601+0800] GC(1470)   Merge Heap Roots: 0.1ms
[2024-08-29T23:15:58.601+0800] GC(1470)   Evacuate Collection Set: 0.3ms
[2024-08-29T23:15:58.601+0800] GC(1470)   Post Evacuate Collection Set: 0.3ms
[2024-08-29T23:15:58.601+0800] GC(1470)   Other: 0.1ms
[2024-08-29T23:15:58.601+0800] GC(1470) Eden regions: 3->0(788)
[2024-08-29T23:15:58.601+0800] GC(1470) Survivor regions: 0->0(100)
[2024-08-29T23:15:58.601+0800] GC(1470) Old regions: 1->1
[2024-08-29T23:15:58.601+0800] GC(1470) Archive regions: 2->2
[2024-08-29T23:15:58.601+0800] GC(1470) Humongous regions: 1073->1051
[2024-08-29T23:15:58.601+0800] GC(1470) Metaspace: 1627K(1792K)->1627K(1792K) NonClass: 1508K(1600K)->1508K(1600K) Class: 119K(192K)->119K(192K)
[2024-08-29T23:15:58.601+0800] GC(1470) Pause Young (Concurrent Start) (G1 Humongous Allocation) 1077M->1052M(2048M) 1.141ms
[2024-08-29T23:15:58.601+0800] GC(1470) User=0.00s Sys=0.00s Real=0.00s
[2024-08-29T23:15:58.601+0800] GC(1471) Concurrent Mark Cycle
[2024-08-29T23:15:58.601+0800] GC(1471) Concurrent Clear Claimed Marks
[2024-08-29T23:15:58.601+0800] GC(1471) Concurrent Clear Claimed Marks 0.006ms
[2024-08-29T23:15:58.601+0800] GC(1471) Concurrent Scan Root Regions
[2024-08-29T23:15:58.601+0800] GC(1471) Concurrent Scan Root Regions 0.004ms
[2024-08-29T23:15:58.601+0800] GC(1471) Concurrent Mark
[2024-08-29T23:15:58.601+0800] GC(1471) Concurrent Mark From Roots
[2024-08-29T23:15:58.601+0800] GC(1471) Using 2 workers of 2 for marking
[2024-08-29T23:15:58.603+0800] GC(1471) Concurrent Mark From Roots 2.163ms
[2024-08-29T23:15:58.603+0800] GC(1471) Concurrent Preclean
[2024-08-29T23:15:58.603+0800] GC(1471) Concurrent Preclean 0.089ms
[2024-08-29T23:15:58.603+0800] GC(1471) Pause Remark
[2024-08-29T23:15:58.604+0800] GC(1471) Pause Remark 1061M->1061M(2048M) 0.915ms
[2024-08-29T23:15:58.604+0800] GC(1471) User=0.00s Sys=0.00s Real=0.00s
[2024-08-29T23:15:58.604+0800] GC(1471) Concurrent Mark 3.326ms
[2024-08-29T23:15:58.604+0800] GC(1471) Concurrent Rebuild Remembered Sets
[2024-08-29T23:15:58.604+0800] GC(1471) Concurrent Rebuild Remembered Sets 0.005ms
[2024-08-29T23:15:58.605+0800] GC(1471) Pause Cleanup
[2024-08-29T23:15:58.605+0800] GC(1471) Pause Cleanup 1062M->1062M(2048M) 0.015ms
[2024-08-29T23:15:58.605+0800] GC(1471) User=0.00s Sys=0.00s Real=0.00s
[2024-08-29T23:15:58.605+0800] GC(1471) Concurrent Cleanup for Next Mark
[2024-08-29T23:15:58.609+0800] GC(1471) Concurrent Cleanup for Next Mark 3.948ms
[2024-08-29T23:15:58.609+0800] GC(1471) Concurrent Mark Cycle 7.888ms
[2024-08-29T23:15:58.610+0800] GC(1472) Pause Young (Concurrent Start) (G1 Humongous Allocation)
[2024-08-29T23:15:58.610+0800] GC(1472) Using 8 workers of 8 for evacuation
[2024-08-29T23:15:58.611+0800] GC(1472)   Pre Evacuate Collection Set: 0.2ms
[2024-08-29T23:15:58.611+0800] GC(1472)   Merge Heap Roots: 0.1ms
[2024-08-29T23:15:58.611+0800] GC(1472)   Evacuate Collection Set: 0.3ms
[2024-08-29T23:15:58.611+0800] GC(1472)   Post Evacuate Collection Set: 0.3ms
[2024-08-29T23:15:58.611+0800] GC(1472)   Other: 0.2ms
[2024-08-29T23:15:58.611+0800] GC(1472) Eden regions: 4->0(788)
[2024-08-29T23:15:58.611+0800] GC(1472) Survivor regions: 0->0(99)
[2024-08-29T23:15:58.611+0800] GC(1472) Old regions: 1->1
[2024-08-29T23:15:58.611+0800] GC(1472) Archive regions: 2->2
[2024-08-29T23:15:58.611+0800] GC(1472) Humongous regions: 1064->1051
[2024-08-29T23:15:58.611+0800] GC(1472) Metaspace: 1627K(1792K)->1627K(1792K) NonClass: 1508K(1600K)->1508K(1600K) Class: 119K(192K)->119K(192K)
[2024-08-29T23:15:58.611+0800] GC(1472) Pause Young (Concurrent Start) (G1 Humongous Allocation) 1069M->1052M(2048M) 1.164ms
[2024-08-29T23:15:58.611+0800] GC(1472) User=0.00s Sys=0.01s Real=0.00s
[2024-08-29T23:15:58.611+0800] GC(1473) Concurrent Mark Cycle
[2024-08-29T23:15:58.611+0800] GC(1473) Concurrent Clear Claimed Marks
[2024-08-29T23:15:58.611+0800] GC(1473) Concurrent Clear Claimed Marks 0.005ms
[2024-08-29T23:15:58.611+0800] GC(1473) Concurrent Scan Root Regions
[2024-08-29T23:15:58.611+0800] GC(1473) Concurrent Scan Root Regions 0.004ms
[2024-08-29T23:15:58.611+0800] GC(1473) Concurrent Mark
[2024-08-29T23:15:58.611+0800] GC(1473) Concurrent Mark From Roots
[2024-08-29T23:15:58.611+0800] GC(1473) Using 2 workers of 2 for marking
[2024-08-29T23:15:58.614+0800] GC(1473) Concurrent Mark From Roots 2.882ms
[2024-08-29T23:15:58.614+0800] GC(1473) Concurrent Preclean
[2024-08-29T23:15:58.614+0800] GC(1473) Concurrent Preclean 0.075ms
[2024-08-29T23:15:58.614+0800] GC(1473) Pause Remark
[2024-08-29T23:15:58.615+0800] GC(1473) Pause Remark 1072M->1072M(2048M) 0.882ms
[2024-08-29T23:15:58.615+0800] GC(1473) User=0.00s Sys=0.00s Real=0.00s
[2024-08-29T23:15:58.615+0800] GC(1473) Concurrent Mark 3.953ms
[2024-08-29T23:15:58.615+0800] GC(1473) Concurrent Rebuild Remembered Sets
[2024-08-29T23:15:58.615+0800] GC(1473) Concurrent Rebuild Remembered Sets 0.004ms
[2024-08-29T23:15:58.616+0800] GC(1473) Pause Cleanup
[2024-08-29T23:15:58.616+0800] GC(1473) Pause Cleanup 1077M->1077M(2048M) 0.020ms
[2024-08-29T23:15:58.616+0800] GC(1473) User=0.00s Sys=0.00s Real=0.00s
[2024-08-29T23:15:58.616+0800] GC(1473) Concurrent Cleanup for Next Mark
[2024-08-29T23:15:58.620+0800] GC(1473) Concurrent Cleanup for Next Mark 3.823ms
[2024-08-29T23:15:58.620+0800] GC(1473) Concurrent Mark Cycle 8.689ms
[2024-08-29T23:15:58.621+0800] GC(1474) Pause Young (Concurrent Start) (G1 Humongous Allocation)
[2024-08-29T23:15:58.621+0800] GC(1474) Using 8 workers of 8 for evacuation
[2024-08-29T23:15:58.622+0800] GC(1474)   Pre Evacuate Collection Set: 0.2ms
[2024-08-29T23:15:58.622+0800] GC(1474)   Merge Heap Roots: 0.1ms
[2024-08-29T23:15:58.622+0800] GC(1474)   Evacuate Collection Set: 0.3ms
[2024-08-29T23:15:58.622+0800] GC(1474)   Post Evacuate Collection Set: 0.6ms
[2024-08-29T23:15:58.622+0800] GC(1474)   Other: 0.1ms
[2024-08-29T23:15:58.622+0800] GC(1474) Eden regions: 4->0(767)
[2024-08-29T23:15:58.622+0800] GC(1474) Survivor regions: 0->0(99)
[2024-08-29T23:15:58.622+0800] GC(1474) Old regions: 1->1
[2024-08-29T23:15:58.622+0800] GC(1474) Archive regions: 2->2
[2024-08-29T23:15:58.622+0800] GC(1474) Humongous regions: 1090->1072
[2024-08-29T23:15:58.622+0800] GC(1474) Metaspace: 1627K(1792K)->1627K(1792K) NonClass: 1508K(1600K)->1508K(1600K) Class: 119K(192K)->119K(192K)
[2024-08-29T23:15:58.622+0800] GC(1474) Pause Young (Concurrent Start) (G1 Humongous Allocation) 1094M->1073M(2048M) 1.337ms
[2024-08-29T23:15:58.622+0800] GC(1474) User=0.00s Sys=0.00s Real=0.00s
[2024-08-29T23:15:58.622+0800] GC(1475) Concurrent Mark Cycle
[2024-08-29T23:15:58.622+0800] GC(1475) Concurrent Clear Claimed Marks
[2024-08-29T23:15:58.622+0800] GC(1475) Concurrent Clear Claimed Marks 0.006ms
[2024-08-29T23:15:58.622+0800] GC(1475) Concurrent Scan Root Regions
[2024-08-29T23:15:58.622+0800] GC(1475) Concurrent Scan Root Regions 0.007ms
[2024-08-29T23:15:58.622+0800] GC(1475) Concurrent Mark
[2024-08-29T23:15:58.622+0800] GC(1475) Concurrent Mark From Roots
[2024-08-29T23:15:58.622+0800] GC(1475) Using 2 workers of 2 for marking
[2024-08-29T23:15:58.625+0800] GC(1475) Concurrent Mark From Roots 2.340ms
[2024-08-29T23:15:58.625+0800] GC(1475) Concurrent Preclean
[2024-08-29T23:15:58.625+0800] GC(1475) Concurrent Preclean 0.074ms
[2024-08-29T23:15:58.625+0800] GC(1475) Pause Remark
[2024-08-29T23:15:58.626+0800] GC(1475) Pause Remark 1080M->1080M(2048M) 0.911ms
[2024-08-29T23:15:58.626+0800] GC(1475) User=0.00s Sys=0.01s Real=0.00s
[2024-08-29T23:15:58.626+0800] GC(1475) Concurrent Mark 3.433ms
[2024-08-29T23:15:58.626+0800] GC(1475) Concurrent Rebuild Remembered Sets
[2024-08-29T23:15:58.626+0800] GC(1475) Concurrent Rebuild Remembered Sets 0.004ms
[2024-08-29T23:15:58.626+0800] GC(1475) Pause Cleanup
[2024-08-29T23:15:58.626+0800] GC(1475) Pause Cleanup 1080M->1080M(2048M) 0.019ms
[2024-08-29T23:15:58.626+0800] GC(1475) User=0.00s Sys=0.00s Real=0.00s
[2024-08-29T23:15:58.626+0800] GC(1475) Concurrent Cleanup for Next Mark
[2024-08-29T23:15:58.630+0800] GC(1475) Concurrent Cleanup for Next Mark 4.143ms
[2024-08-29T23:15:58.630+0800] GC(1475) Concurrent Mark Cycle 7.865ms
[2024-08-29T23:15:58.633+0800] GC(1476) Pause Young (Concurrent Start) (G1 Humongous Allocation)
[2024-08-29T23:15:58.633+0800] GC(1476) Using 8 workers of 8 for evacuation
[2024-08-29T23:15:58.634+0800] GC(1476)   Pre Evacuate Collection Set: 0.3ms
[2024-08-29T23:15:58.634+0800] GC(1476)   Merge Heap Roots: 0.1ms
[2024-08-29T23:15:58.634+0800] GC(1476)   Evacuate Collection Set: 0.3ms
[2024-08-29T23:15:58.634+0800] GC(1476)   Post Evacuate Collection Set: 0.2ms
[2024-08-29T23:15:58.634+0800] GC(1476)   Other: 0.2ms
[2024-08-29T23:15:58.634+0800] GC(1476) Eden regions: 4->0(775)
[2024-08-29T23:15:58.634+0800] GC(1476) Survivor regions: 0->0(96)
[2024-08-29T23:15:58.634+0800] GC(1476) Old regions: 1->1
[2024-08-29T23:15:58.634+0800] GC(1476) Archive regions: 2->2
[2024-08-29T23:15:58.634+0800] GC(1476) Humongous regions: 1094->1064
[2024-08-29T23:15:58.634+0800] GC(1476) Metaspace: 1627K(1792K)->1627K(1792K) NonClass: 1508K(1600K)->1508K(1600K) Class: 119K(192K)->119K(192K)
[2024-08-29T23:15:58.634+0800] GC(1476) Pause Young (Concurrent Start) (G1 Humongous Allocation) 1098M->1065M(2048M) 1.297ms
[2024-08-29T23:15:58.634+0800] GC(1476) User=0.00s Sys=0.00s Real=0.00s
[2024-08-29T23:15:58.634+0800] GC(1477) Concurrent Mark Cycle
[2024-08-29T23:15:58.634+0800] GC(1477) Concurrent Clear Claimed Marks
[2024-08-29T23:15:58.634+0800] GC(1477) Concurrent Clear Claimed Marks 0.006ms
[2024-08-29T23:15:58.634+0800] GC(1477) Concurrent Scan Root Regions
[2024-08-29T23:15:58.634+0800] GC(1477) Concurrent Scan Root Regions 0.004ms
[2024-08-29T23:15:58.634+0800] GC(1477) Concurrent Mark
[2024-08-29T23:15:58.634+0800] GC(1477) Concurrent Mark From Roots
[2024-08-29T23:15:58.634+0800] GC(1477) Using 2 workers of 2 for marking
[2024-08-29T23:15:58.637+0800] GC(1477) Concurrent Mark From Roots 2.654ms
[2024-08-29T23:15:58.637+0800] GC(1477) Concurrent Preclean
[2024-08-29T23:15:58.637+0800] GC(1477) Concurrent Preclean 0.090ms
[2024-08-29T23:15:58.637+0800] GC(1477) Pause Remark
[2024-08-29T23:15:58.638+0800] GC(1477) Pause Remark 1074M->1074M(2048M) 1.189ms
[2024-08-29T23:15:58.638+0800] GC(1477) User=0.00s Sys=0.00s Real=0.00s
[2024-08-29T23:15:58.638+0800] GC(1477) Concurrent Mark 4.065ms
[2024-08-29T23:15:58.638+0800] GC(1477) Concurrent Rebuild Remembered Sets
[2024-08-29T23:15:58.638+0800] GC(1477) Concurrent Rebuild Remembered Sets 0.005ms
[2024-08-29T23:15:58.640+0800] GC(1477) Pause Cleanup
[2024-08-29T23:15:58.640+0800] GC(1477) Pause Cleanup 1081M->1081M(2048M) 0.021ms
[2024-08-29T23:15:58.640+0800] GC(1477) User=0.00s Sys=0.00s Real=0.00s
[2024-08-29T23:15:58.640+0800] GC(1477) Concurrent Cleanup for Next Mark
[2024-08-29T23:15:58.644+0800] GC(1477) Concurrent Cleanup for Next Mark 3.942ms
[2024-08-29T23:15:58.644+0800] GC(1477) Concurrent Mark Cycle 9.596ms
[2024-08-29T23:15:58.646+0800] GC(1478) Pause Young (Concurrent Start) (G1 Humongous Allocation)
[2024-08-29T23:15:58.646+0800] GC(1478) Using 8 workers of 8 for evacuation
[2024-08-29T23:15:58.647+0800] GC(1478)   Pre Evacuate Collection Set: 0.2ms
[2024-08-29T23:15:58.647+0800] GC(1478)   Merge Heap Roots: 0.1ms
[2024-08-29T23:15:58.647+0800] GC(1478)   Evacuate Collection Set: 0.3ms
[2024-08-29T23:15:58.647+0800] GC(1478)   Post Evacuate Collection Set: 0.3ms
[2024-08-29T23:15:58.647+0800] GC(1478)   Other: 0.1ms
[2024-08-29T23:15:58.647+0800] GC(1478) Eden regions: 4->0(775)
[2024-08-29T23:15:58.647+0800] GC(1478) Survivor regions: 0->0(97)
[2024-08-29T23:15:58.647+0800] GC(1478) Old regions: 1->1
[2024-08-29T23:15:58.647+0800] GC(1478) Archive regions: 2->2
[2024-08-29T23:15:58.647+0800] GC(1478) Humongous regions: 1092->1064
[2024-08-29T23:15:58.647+0800] GC(1478) Metaspace: 1627K(1792K)->1627K(1792K) NonClass: 1508K(1600K)->1508K(1600K) Class: 119K(192K)->119K(192K)
[2024-08-29T23:15:58.647+0800] GC(1478) Pause Young (Concurrent Start) (G1 Humongous Allocation) 1097M->1065M(2048M) 1.092ms
[2024-08-29T23:15:58.647+0800] GC(1478) User=0.00s Sys=0.00s Real=0.00s
[2024-08-29T23:15:58.647+0800] GC(1479) Concurrent Mark Cycle
[2024-08-29T23:15:58.647+0800] GC(1479) Concurrent Clear Claimed Marks
[2024-08-29T23:15:58.647+0800] GC(1479) Concurrent Clear Claimed Marks 0.005ms
[2024-08-29T23:15:58.647+0800] GC(1479) Concurrent Scan Root Regions
[2024-08-29T23:15:58.647+0800] GC(1479) Concurrent Scan Root Regions 0.004ms
[2024-08-29T23:15:58.647+0800] GC(1479) Concurrent Mark
[2024-08-29T23:15:58.647+0800] GC(1479) Concurrent Mark From Roots
[2024-08-29T23:15:58.647+0800] GC(1479) Using 2 workers of 2 for marking
[2024-08-29T23:15:58.649+0800] GC(1479) Concurrent Mark From Roots 2.179ms
[2024-08-29T23:15:58.649+0800] GC(1479) Concurrent Preclean
[2024-08-29T23:15:58.649+0800] GC(1479) Concurrent Preclean 0.070ms
[2024-08-29T23:15:58.649+0800] GC(1479) Pause Remark
[2024-08-29T23:15:58.650+0800] GC(1479) Pause Remark 1072M->1072M(2048M) 0.897ms
[2024-08-29T23:15:58.650+0800] GC(1479) User=0.00s Sys=0.00s Real=0.00s
[2024-08-29T23:15:58.650+0800] GC(1479) Concurrent Mark 3.238ms
[2024-08-29T23:15:58.650+0800] GC(1479) Concurrent Rebuild Remembered Sets
[2024-08-29T23:15:58.650+0800] GC(1479) Concurrent Rebuild Remembered Sets 0.004ms
[2024-08-29T23:15:58.651+0800] GC(1479) Pause Cleanup
[2024-08-29T23:15:58.651+0800] GC(1479) Pause Cleanup 1077M->1077M(2048M) 0.016ms
[2024-08-29T23:15:58.651+0800] GC(1479) User=0.00s Sys=0.00s Real=0.00s
[2024-08-29T23:15:58.651+0800] GC(1479) Concurrent Cleanup for Next Mark
[2024-08-29T23:15:58.655+0800] GC(1479) Concurrent Cleanup for Next Mark 4.621ms
[2024-08-29T23:15:58.655+0800] GC(1479) Concurrent Mark Cycle 8.597ms
[2024-08-29T23:15:58.658+0800] GC(1480) Pause Young (Concurrent Start) (G1 Humongous Allocation)
[2024-08-29T23:15:58.658+0800] GC(1480) Using 8 workers of 8 for evacuation
[2024-08-29T23:15:58.659+0800] GC(1480)   Pre Evacuate Collection Set: 0.3ms
[2024-08-29T23:15:58.659+0800] GC(1480)   Merge Heap Roots: 0.2ms
[2024-08-29T23:15:58.659+0800] GC(1480)   Evacuate Collection Set: 0.3ms
[2024-08-29T23:15:58.659+0800] GC(1480)   Post Evacuate Collection Set: 0.3ms
[2024-08-29T23:15:58.659+0800] GC(1480)   Other: 0.2ms
[2024-08-29T23:15:58.659+0800] GC(1480) Eden regions: 4->0(792)
[2024-08-29T23:15:58.659+0800] GC(1480) Survivor regions: 0->0(97)
[2024-08-29T23:15:58.659+0800] GC(1480) Old regions: 1->1
[2024-08-29T23:15:58.659+0800] GC(1480) Archive regions: 2->2
[2024-08-29T23:15:58.659+0800] GC(1480) Humongous regions: 1083->1047
[2024-08-29T23:15:58.659+0800] GC(1480) Metaspace: 1627K(1792K)->1627K(1792K) NonClass: 1508K(1600K)->1508K(1600K) Class: 119K(192K)->119K(192K)
[2024-08-29T23:15:58.659+0800] GC(1480) Pause Young (Concurrent Start) (G1 Humongous Allocation) 1088M->1048M(2048M) 1.318ms
[2024-08-29T23:15:58.659+0800] GC(1480) User=0.00s Sys=0.00s Real=0.00s
[2024-08-29T23:15:58.659+0800] GC(1481) Concurrent Mark Cycle
[2024-08-29T23:15:58.659+0800] GC(1481) Concurrent Clear Claimed Marks
[2024-08-29T23:15:58.659+0800] GC(1481) Concurrent Clear Claimed Marks 0.005ms
[2024-08-29T23:15:58.659+0800] GC(1481) Concurrent Scan Root Regions
[2024-08-29T23:15:58.659+0800] GC(1481) Concurrent Scan Root Regions 0.004ms
[2024-08-29T23:15:58.659+0800] GC(1481) Concurrent Mark
[2024-08-29T23:15:58.659+0800] GC(1481) Concurrent Mark From Roots
[2024-08-29T23:15:58.659+0800] GC(1481) Using 2 workers of 2 for marking
[2024-08-29T23:15:58.662+0800] GC(1481) Concurrent Mark From Roots 2.840ms
[2024-08-29T23:15:58.662+0800] GC(1481) Concurrent Preclean
[2024-08-29T23:15:58.662+0800] GC(1481) Concurrent Preclean 0.073ms
[2024-08-29T23:15:58.662+0800] GC(1481) Pause Remark
[2024-08-29T23:15:58.663+0800] GC(1481) Pause Remark 1070M->1070M(2048M) 1.132ms
[2024-08-29T23:15:58.663+0800] GC(1481) User=0.00s Sys=0.00s Real=0.01s
[2024-08-29T23:15:58.663+0800] GC(1481) Concurrent Mark 4.134ms
[2024-08-29T23:15:58.663+0800] GC(1481) Concurrent Rebuild Remembered Sets
[2024-08-29T23:15:58.663+0800] GC(1481) Concurrent Rebuild Remembered Sets 0.005ms
[2024-08-29T23:15:58.663+0800] GC(1481) Pause Cleanup
[2024-08-29T23:15:58.663+0800] GC(1481) Pause Cleanup 1070M->1070M(2048M) 0.007ms
[2024-08-29T23:15:58.663+0800] GC(1481) User=0.00s Sys=0.00s Real=0.00s
[2024-08-29T23:15:58.663+0800] GC(1481) Concurrent Cleanup for Next Mark
[2024-08-29T23:15:58.667+0800] GC(1481) Concurrent Cleanup for Next Mark 3.648ms
[2024-08-29T23:15:58.667+0800] GC(1481) Concurrent Mark Cycle 7.922ms
[2024-08-29T23:15:58.668+0800] GC(1482) Pause Young (Concurrent Start) (G1 Humongous Allocation)
[2024-08-29T23:15:58.668+0800] GC(1482) Using 8 workers of 8 for evacuation
[2024-08-29T23:15:58.669+0800] GC(1482)   Pre Evacuate Collection Set: 0.2ms
[2024-08-29T23:15:58.669+0800] GC(1482)   Merge Heap Roots: 0.1ms
[2024-08-29T23:15:58.669+0800] GC(1482)   Evacuate Collection Set: 0.4ms
[2024-08-29T23:15:58.669+0800] GC(1482)   Post Evacuate Collection Set: 0.6ms
[2024-08-29T23:15:58.669+0800] GC(1482)   Other: 0.1ms
[2024-08-29T23:15:58.669+0800] GC(1482) Eden regions: 3->0(780)
[2024-08-29T23:15:58.669+0800] GC(1482) Survivor regions: 0->0(99)
[2024-08-29T23:15:58.669+0800] GC(1482) Old regions: 1->1
[2024-08-29T23:15:58.669+0800] GC(1482) Archive regions: 2->2
[2024-08-29T23:15:58.669+0800] GC(1482) Humongous regions: 1079->1059
[2024-08-29T23:15:58.669+0800] GC(1482) Metaspace: 1627K(1792K)->1627K(1792K) NonClass: 1508K(1600K)->1508K(1600K) Class: 119K(192K)->119K(192K)
[2024-08-29T23:15:58.669+0800] GC(1482) Pause Young (Concurrent Start) (G1 Humongous Allocation) 1083M->1060M(2048M) 1.404ms
[2024-08-29T23:15:58.669+0800] GC(1482) User=0.00s Sys=0.00s Real=0.00s
[2024-08-29T23:15:58.669+0800] GC(1483) Concurrent Mark Cycle
[2024-08-29T23:15:58.669+0800] GC(1483) Concurrent Clear Claimed Marks
[2024-08-29T23:15:58.669+0800] GC(1483) Concurrent Clear Claimed Marks 0.005ms
[2024-08-29T23:15:58.669+0800] GC(1483) Concurrent Scan Root Regions
[2024-08-29T23:15:58.669+0800] GC(1483) Concurrent Scan Root Regions 0.004ms
[2024-08-29T23:15:58.669+0800] GC(1483) Concurrent Mark
[2024-08-29T23:15:58.669+0800] GC(1483) Concurrent Mark From Roots
[2024-08-29T23:15:58.669+0800] GC(1483) Using 2 workers of 2 for marking
[2024-08-29T23:15:58.673+0800] GC(1483) Concurrent Mark From Roots 3.333ms
[2024-08-29T23:15:58.673+0800] GC(1483) Concurrent Preclean
[2024-08-29T23:15:58.673+0800] GC(1483) Concurrent Preclean 0.079ms
[2024-08-29T23:15:58.673+0800] GC(1483) Pause Remark
[2024-08-29T23:15:58.674+0800] GC(1483) Pause Remark 1088M->1088M(2048M) 0.937ms
[2024-08-29T23:15:58.674+0800] GC(1483) User=0.00s Sys=0.00s Real=0.00s
[2024-08-29T23:15:58.674+0800] GC(1483) Concurrent Mark 4.526ms
[2024-08-29T23:15:58.674+0800] GC(1483) Concurrent Rebuild Remembered Sets
[2024-08-29T23:15:58.674+0800] GC(1483) Concurrent Rebuild Remembered Sets 0.006ms
[2024-08-29T23:15:58.676+0800] GC(1483) Pause Cleanup
[2024-08-29T23:15:58.676+0800] GC(1483) Pause Cleanup 1093M->1093M(2048M) 0.022ms
[2024-08-29T23:15:58.676+0800] GC(1483) User=0.00s Sys=0.00s Real=0.00s
[2024-08-29T23:15:58.676+0800] GC(1483) Concurrent Cleanup for Next Mark
[2024-08-29T23:15:58.681+0800] GC(1483) Concurrent Cleanup for Next Mark 4.827ms
[2024-08-29T23:15:58.681+0800] GC(1483) Concurrent Mark Cycle 11.487ms
[2024-08-29T23:15:58.684+0800] GC(1484) Pause Young (Concurrent Start) (G1 Humongous Allocation)
[2024-08-29T23:15:58.684+0800] GC(1484) Using 8 workers of 8 for evacuation
[2024-08-29T23:15:58.685+0800] GC(1484)   Pre Evacuate Collection Set: 0.4ms
[2024-08-29T23:15:58.685+0800] GC(1484)   Merge Heap Roots: 0.1ms
[2024-08-29T23:15:58.685+0800] GC(1484)   Evacuate Collection Set: 0.4ms
[2024-08-29T23:15:58.685+0800] GC(1484)   Post Evacuate Collection Set: 0.5ms
[2024-08-29T23:15:58.685+0800] GC(1484)   Other: 0.1ms
[2024-08-29T23:15:58.685+0800] GC(1484) Eden regions: 4->0(757)
[2024-08-29T23:15:58.685+0800] GC(1484) Survivor regions: 0->0(98)
[2024-08-29T23:15:58.685+0800] GC(1484) Old regions: 1->1
[2024-08-29T23:15:58.685+0800] GC(1484) Archive regions: 2->2
[2024-08-29T23:15:58.685+0800] GC(1484) Humongous regions: 1110->1082
[2024-08-29T23:15:58.685+0800] GC(1484) Metaspace: 1627K(1792K)->1627K(1792K) NonClass: 1508K(1600K)->1508K(1600K) Class: 119K(192K)->119K(192K)
[2024-08-29T23:15:58.685+0800] GC(1484) Pause Young (Concurrent Start) (G1 Humongous Allocation) 1115M->1083M(2048M) 1.605ms
[2024-08-29T23:15:58.685+0800] GC(1484) User=0.00s Sys=0.00s Real=0.00s
[2024-08-29T23:15:58.685+0800] GC(1485) Concurrent Mark Cycle
[2024-08-29T23:15:58.685+0800] GC(1485) Concurrent Clear Claimed Marks
[2024-08-29T23:15:58.685+0800] GC(1485) Concurrent Clear Claimed Marks 0.033ms
[2024-08-29T23:15:58.685+0800] GC(1485) Concurrent Scan Root Regions
[2024-08-29T23:15:58.685+0800] GC(1485) Concurrent Scan Root Regions 0.004ms
[2024-08-29T23:15:58.685+0800] GC(1485) Concurrent Mark
[2024-08-29T23:15:58.685+0800] GC(1485) Concurrent Mark From Roots
[2024-08-29T23:15:58.685+0800] GC(1485) Using 2 workers of 2 for marking
[2024-08-29T23:15:58.688+0800] GC(1485) Concurrent Mark From Roots 2.653ms
[2024-08-29T23:15:58.688+0800] GC(1485) Concurrent Preclean
[2024-08-29T23:15:58.688+0800] GC(1485) Concurrent Preclean 0.073ms
[2024-08-29T23:15:58.688+0800] GC(1485) Pause Remark
[2024-08-29T23:15:58.689+0800] GC(1485) Pause Remark 1100M->1100M(2048M) 1.093ms
[2024-08-29T23:15:58.689+0800] GC(1485) User=0.01s Sys=0.01s Real=0.00s
[2024-08-29T23:15:58.689+0800] GC(1485) Concurrent Mark 3.972ms
[2024-08-29T23:15:58.689+0800] GC(1485) Concurrent Rebuild Remembered Sets
[2024-08-29T23:15:58.689+0800] GC(1485) Concurrent Rebuild Remembered Sets 0.005ms
[2024-08-29T23:15:58.693+0800] GC(1485) Pause Cleanup
[2024-08-29T23:15:58.693+0800] GC(1485) Pause Cleanup 1105M->1105M(2048M) 0.026ms
[2024-08-29T23:15:58.693+0800] GC(1485) User=0.00s Sys=0.00s Real=0.00s
[2024-08-29T23:15:58.693+0800] GC(1485) Concurrent Cleanup for Next Mark
[2024-08-29T23:15:58.696+0800] GC(1485) Concurrent Cleanup for Next Mark 3.590ms
[2024-08-29T23:15:58.697+0800] GC(1485) Concurrent Mark Cycle 11.110ms
[2024-08-29T23:15:58.700+0800] GC(1486) Pause Young (Concurrent Start) (G1 Humongous Allocation)
[2024-08-29T23:15:58.700+0800] GC(1486) Using 8 workers of 8 for evacuation
[2024-08-29T23:15:58.701+0800] GC(1486)   Pre Evacuate Collection Set: 0.3ms
[2024-08-29T23:15:58.701+0800] GC(1486)   Merge Heap Roots: 0.1ms
[2024-08-29T23:15:58.701+0800] GC(1486)   Evacuate Collection Set: 0.3ms
[2024-08-29T23:15:58.701+0800] GC(1486)   Post Evacuate Collection Set: 0.6ms
[2024-08-29T23:15:58.701+0800] GC(1486)   Other: 0.1ms
[2024-08-29T23:15:58.701+0800] GC(1486) Eden regions: 4->0(776)
[2024-08-29T23:15:58.701+0800] GC(1486) Survivor regions: 0->0(95)
[2024-08-29T23:15:58.701+0800] GC(1486) Old regions: 1->1
[2024-08-29T23:15:58.701+0800] GC(1486) Archive regions: 2->2
[2024-08-29T23:15:58.701+0800] GC(1486) Humongous regions: 1109->1063
[2024-08-29T23:15:58.701+0800] GC(1486) Metaspace: 1627K(1792K)->1627K(1792K) NonClass: 1508K(1600K)->1508K(1600K) Class: 119K(192K)->119K(192K)
[2024-08-29T23:15:58.701+0800] GC(1486) Pause Young (Concurrent Start) (G1 Humongous Allocation) 1113M->1064M(2048M) 1.566ms
[2024-08-29T23:15:58.701+0800] GC(1486) User=0.00s Sys=0.00s Real=0.00s
[2024-08-29T23:15:58.701+0800] GC(1487) Concurrent Mark Cycle
[2024-08-29T23:15:58.701+0800] GC(1487) Concurrent Clear Claimed Marks
[2024-08-29T23:15:58.701+0800] GC(1487) Concurrent Clear Claimed Marks 0.005ms
[2024-08-29T23:15:58.701+0800] GC(1487) Concurrent Scan Root Regions
[2024-08-29T23:15:58.701+0800] GC(1487) Concurrent Scan Root Regions 0.004ms
[2024-08-29T23:15:58.701+0800] GC(1487) Concurrent Mark
[2024-08-29T23:15:58.701+0800] GC(1487) Concurrent Mark From Roots
[2024-08-29T23:15:58.701+0800] GC(1487) Using 2 workers of 2 for marking
[2024-08-29T23:15:58.704+0800] GC(1487) Concurrent Mark From Roots 2.773ms
[2024-08-29T23:15:58.704+0800] GC(1487) Concurrent Preclean
[2024-08-29T23:15:58.704+0800] GC(1487) Concurrent Preclean 0.089ms
[2024-08-29T23:15:58.705+0800] GC(1487) Pause Remark
[2024-08-29T23:15:58.706+0800] GC(1487) Pause Remark 1085M->1085M(2048M) 0.899ms
[2024-08-29T23:15:58.706+0800] GC(1487) User=0.00s Sys=0.00s Real=0.00s
[2024-08-29T23:15:58.706+0800] GC(1487) Concurrent Mark 4.232ms
[2024-08-29T23:15:58.706+0800] GC(1487) Concurrent Rebuild Remembered Sets
[2024-08-29T23:15:58.706+0800] GC(1487) Concurrent Rebuild Remembered Sets 0.005ms
[2024-08-29T23:15:58.706+0800] GC(1487) Pause Cleanup
[2024-08-29T23:15:58.706+0800] GC(1487) Pause Cleanup 1086M->1086M(2048M) 0.015ms
[2024-08-29T23:15:58.706+0800] GC(1487) User=0.00s Sys=0.00s Real=0.00s
[2024-08-29T23:15:58.706+0800] GC(1487) Concurrent Cleanup for Next Mark
[2024-08-29T23:15:58.710+0800] GC(1487) Concurrent Cleanup for Next Mark 4.572ms
[2024-08-29T23:15:58.710+0800] GC(1487) Concurrent Mark Cycle 9.037ms
[2024-08-29T23:15:58.712+0800] GC(1488) Pause Young (Concurrent Start) (G1 Humongous Allocation)
[2024-08-29T23:15:58.712+0800] GC(1488) Using 8 workers of 8 for evacuation
[2024-08-29T23:15:58.713+0800] GC(1488)   Pre Evacuate Collection Set: 0.2ms
[2024-08-29T23:15:58.713+0800] GC(1488)   Merge Heap Roots: 0.1ms
[2024-08-29T23:15:58.713+0800] GC(1488)   Evacuate Collection Set: 0.3ms
[2024-08-29T23:15:58.713+0800] GC(1488)   Post Evacuate Collection Set: 0.3ms
[2024-08-29T23:15:58.713+0800] GC(1488)   Other: 0.1ms
[2024-08-29T23:15:58.713+0800] GC(1488) Eden regions: 4->0(755)
[2024-08-29T23:15:58.713+0800] GC(1488) Survivor regions: 0->1(97)
[2024-08-29T23:15:58.713+0800] GC(1488) Old regions: 1->1
[2024-08-29T23:15:58.713+0800] GC(1488) Archive regions: 2->2
[2024-08-29T23:15:58.713+0800] GC(1488) Humongous regions: 1096->1083
[2024-08-29T23:15:58.713+0800] GC(1488) Metaspace: 1627K(1792K)->1627K(1792K) NonClass: 1508K(1600K)->1508K(1600K) Class: 119K(192K)->119K(192K)
[2024-08-29T23:15:58.713+0800] GC(1488) Pause Young (Concurrent Start) (G1 Humongous Allocation) 1100M->1084M(2048M) 1.125ms
[2024-08-29T23:15:58.713+0800] GC(1488) User=0.00s Sys=0.00s Real=0.01s
[2024-08-29T23:15:58.713+0800] GC(1489) Concurrent Mark Cycle
[2024-08-29T23:15:58.713+0800] GC(1489) Concurrent Clear Claimed Marks
[2024-08-29T23:15:58.713+0800] GC(1489) Concurrent Clear Claimed Marks 0.006ms
[2024-08-29T23:15:58.713+0800] GC(1489) Concurrent Scan Root Regions
[2024-08-29T23:15:58.713+0800] GC(1489) Concurrent Scan Root Regions 0.060ms
[2024-08-29T23:15:58.713+0800] GC(1489) Concurrent Mark
[2024-08-29T23:15:58.713+0800] GC(1489) Concurrent Mark From Roots
[2024-08-29T23:15:58.713+0800] GC(1489) Using 2 workers of 2 for marking
[2024-08-29T23:15:58.716+0800] GC(1489) Concurrent Mark From Roots 3.216ms
[2024-08-29T23:15:58.716+0800] GC(1489) Concurrent Preclean
[2024-08-29T23:15:58.716+0800] GC(1489) Concurrent Preclean 0.081ms
[2024-08-29T23:15:58.716+0800] GC(1489) Pause Remark
[2024-08-29T23:15:58.718+0800] GC(1489) Pause Remark 1101M->1101M(2048M) 1.327ms
[2024-08-29T23:15:58.718+0800] GC(1489) User=0.00s Sys=0.00s Real=0.00s
[2024-08-29T23:15:58.718+0800] GC(1489) Concurrent Mark 4.804ms
[2024-08-29T23:15:58.718+0800] GC(1489) Concurrent Rebuild Remembered Sets
[2024-08-29T23:15:58.718+0800] GC(1489) Concurrent Rebuild Remembered Sets 0.021ms
[2024-08-29T23:15:58.718+0800] GC(1489) Pause Cleanup
[2024-08-29T23:15:58.718+0800] GC(1489) Pause Cleanup 1108M->1108M(2048M) 0.021ms
[2024-08-29T23:15:58.718+0800] GC(1489) User=0.00s Sys=0.00s Real=0.00s
[2024-08-29T23:15:58.718+0800] GC(1489) Concurrent Cleanup for Next Mark
[2024-08-29T23:15:58.723+0800] GC(1489) Concurrent Cleanup for Next Mark 4.329ms
[2024-08-29T23:15:58.723+0800] GC(1489) Concurrent Mark Cycle 9.921ms
[2024-08-29T23:15:58.724+0800] GC(1490) Pause Young (Concurrent Start) (G1 Humongous Allocation)
[2024-08-29T23:15:58.724+0800] GC(1490) Using 8 workers of 8 for evacuation
[2024-08-29T23:15:58.725+0800] GC(1490)   Pre Evacuate Collection Set: 0.2ms
[2024-08-29T23:15:58.725+0800] GC(1490)   Merge Heap Roots: 0.1ms
[2024-08-29T23:15:58.725+0800] GC(1490)   Evacuate Collection Set: 0.3ms
[2024-08-29T23:15:58.725+0800] GC(1490)   Post Evacuate Collection Set: 0.2ms
[2024-08-29T23:15:58.725+0800] GC(1490)   Other: 0.1ms
[2024-08-29T23:15:58.725+0800] GC(1490) Eden regions: 4->0(750)
[2024-08-29T23:15:58.725+0800] GC(1490) Survivor regions: 1->0(95)
[2024-08-29T23:15:58.725+0800] GC(1490) Old regions: 1->1
[2024-08-29T23:15:58.725+0800] GC(1490) Archive regions: 2->2
[2024-08-29T23:15:58.725+0800] GC(1490) Humongous regions: 1115->1089
[2024-08-29T23:15:58.725+0800] GC(1490) Metaspace: 1627K(1792K)->1627K(1792K) NonClass: 1508K(1600K)->1508K(1600K) Class: 119K(192K)->119K(192K)
[2024-08-29T23:15:58.725+0800] GC(1490) Pause Young (Concurrent Start) (G1 Humongous Allocation) 1120M->1090M(2048M) 0.983ms
[2024-08-29T23:15:58.725+0800] GC(1490) User=0.00s Sys=0.00s Real=0.00s
[2024-08-29T23:15:58.725+0800] GC(1491) Concurrent Mark Cycle
[2024-08-29T23:15:58.725+0800] GC(1491) Concurrent Clear Claimed Marks
[2024-08-29T23:15:58.725+0800] GC(1491) Concurrent Clear Claimed Marks 0.007ms
[2024-08-29T23:15:58.725+0800] GC(1491) Concurrent Scan Root Regions
[2024-08-29T23:15:58.725+0800] GC(1491) Concurrent Scan Root Regions 0.005ms
[2024-08-29T23:15:58.725+0800] GC(1491) Concurrent Mark
[2024-08-29T23:15:58.725+0800] GC(1491) Concurrent Mark From Roots
[2024-08-29T23:15:58.725+0800] GC(1491) Using 2 workers of 2 for marking
[2024-08-29T23:15:58.727+0800] GC(1491) Concurrent Mark From Roots 2.383ms
[2024-08-29T23:15:58.727+0800] GC(1491) Concurrent Preclean
[2024-08-29T23:15:58.727+0800] GC(1491) Concurrent Preclean 0.092ms
[2024-08-29T23:15:58.727+0800] GC(1491) Pause Remark
[2024-08-29T23:15:58.728+0800] GC(1491) Pause Remark 1106M->1106M(2048M) 1.023ms
[2024-08-29T23:15:58.728+0800] GC(1491) User=0.00s Sys=0.00s Real=0.00s
[2024-08-29T23:15:58.728+0800] GC(1491) Concurrent Mark 3.687ms
[2024-08-29T23:15:58.729+0800] GC(1491) Concurrent Rebuild Remembered Sets
[2024-08-29T23:15:58.729+0800] GC(1491) Concurrent Rebuild Remembered Sets 0.006ms
[2024-08-29T23:15:58.730+0800] GC(1491) Pause Cleanup
[2024-08-29T23:15:58.730+0800] GC(1491) Pause Cleanup 1109M->1109M(2048M) 0.021ms
[2024-08-29T23:15:58.730+0800] GC(1491) User=0.00s Sys=0.00s Real=0.00s
[2024-08-29T23:15:58.730+0800] GC(1491) Concurrent Cleanup for Next Mark
[2024-08-29T23:15:58.734+0800] GC(1491) Concurrent Cleanup for Next Mark 4.165ms
[2024-08-29T23:15:58.734+0800] GC(1491) Concurrent Mark Cycle 9.265ms
[2024-08-29T23:15:58.735+0800] GC(1492) Pause Young (Concurrent Start) (G1 Humongous Allocation)
[2024-08-29T23:15:58.735+0800] GC(1492) Using 8 workers of 8 for evacuation
[2024-08-29T23:15:58.736+0800] GC(1492)   Pre Evacuate Collection Set: 0.2ms
[2024-08-29T23:15:58.736+0800] GC(1492)   Merge Heap Roots: 0.1ms
[2024-08-29T23:15:58.736+0800] GC(1492)   Evacuate Collection Set: 0.3ms
[2024-08-29T23:15:58.736+0800] GC(1492)   Post Evacuate Collection Set: 0.3ms
[2024-08-29T23:15:58.736+0800] GC(1492)   Other: 0.1ms
[2024-08-29T23:15:58.736+0800] GC(1492) Eden regions: 3->0(743)
[2024-08-29T23:15:58.736+0800] GC(1492) Survivor regions: 0->0(94)
[2024-08-29T23:15:58.736+0800] GC(1492) Old regions: 1->1
[2024-08-29T23:15:58.736+0800] GC(1492) Archive regions: 2->2
[2024-08-29T23:15:58.736+0800] GC(1492) Humongous regions: 1118->1096
[2024-08-29T23:15:58.736+0800] GC(1492) Metaspace: 1627K(1792K)->1627K(1792K) NonClass: 1508K(1600K)->1508K(1600K) Class: 119K(192K)->119K(192K)
[2024-08-29T23:15:58.736+0800] GC(1492) Pause Young (Concurrent Start) (G1 Humongous Allocation) 1122M->1097M(2048M) 1.051ms
[2024-08-29T23:15:58.736+0800] GC(1492) User=0.00s Sys=0.00s Real=0.00s
[2024-08-29T23:15:58.736+0800] GC(1493) Concurrent Mark Cycle
[2024-08-29T23:15:58.736+0800] GC(1493) Concurrent Clear Claimed Marks
[2024-08-29T23:15:58.736+0800] GC(1493) Concurrent Clear Claimed Marks 0.006ms
[2024-08-29T23:15:58.736+0800] GC(1493) Concurrent Scan Root Regions
[2024-08-29T23:15:58.736+0800] GC(1493) Concurrent Scan Root Regions 0.005ms
[2024-08-29T23:15:58.736+0800] GC(1493) Concurrent Mark
[2024-08-29T23:15:58.736+0800] GC(1493) Concurrent Mark From Roots
[2024-08-29T23:15:58.736+0800] GC(1493) Using 2 workers of 2 for marking
[2024-08-29T23:15:58.739+0800] GC(1493) Concurrent Mark From Roots 2.769ms
[2024-08-29T23:15:58.739+0800] GC(1493) Concurrent Preclean
[2024-08-29T23:15:58.739+0800] GC(1493) Concurrent Preclean 0.122ms
[2024-08-29T23:15:58.739+0800] GC(1493) Pause Remark
[2024-08-29T23:15:58.740+0800] GC(1493) Pause Remark 1114M->1114M(2048M) 0.810ms
[2024-08-29T23:15:58.740+0800] GC(1493) User=0.01s Sys=0.00s Real=0.00s
[2024-08-29T23:15:58.740+0800] GC(1493) Concurrent Mark 3.861ms
[2024-08-29T23:15:58.740+0800] GC(1493) Concurrent Rebuild Remembered Sets
[2024-08-29T23:15:58.740+0800] GC(1493) Concurrent Rebuild Remembered Sets 0.006ms
[2024-08-29T23:15:58.741+0800] GC(1493) Pause Cleanup
[2024-08-29T23:15:58.741+0800] GC(1493) Pause Cleanup 1118M->1118M(2048M) 0.024ms
[2024-08-29T23:15:58.741+0800] GC(1493) User=0.00s Sys=0.00s Real=0.00s
[2024-08-29T23:15:58.741+0800] GC(1493) Concurrent Cleanup for Next Mark
[2024-08-29T23:15:58.746+0800] GC(1493) Concurrent Cleanup for Next Mark 4.710ms
[2024-08-29T23:15:58.746+0800] GC(1493) Concurrent Mark Cycle 9.809ms
[2024-08-29T23:15:58.747+0800] GC(1494) Pause Young (Concurrent Start) (G1 Humongous Allocation)
[2024-08-29T23:15:58.747+0800] GC(1494) Using 8 workers of 8 for evacuation
[2024-08-29T23:15:58.748+0800] GC(1494)   Pre Evacuate Collection Set: 0.2ms
[2024-08-29T23:15:58.748+0800] GC(1494)   Merge Heap Roots: 0.1ms
[2024-08-29T23:15:58.748+0800] GC(1494)   Evacuate Collection Set: 0.4ms
[2024-08-29T23:15:58.748+0800] GC(1494)   Post Evacuate Collection Set: 0.3ms
[2024-08-29T23:15:58.748+0800] GC(1494)   Other: 0.2ms
[2024-08-29T23:15:58.748+0800] GC(1494) Eden regions: 3->0(730)
[2024-08-29T23:15:58.748+0800] GC(1494) Survivor regions: 0->0(93)
[2024-08-29T23:15:58.748+0800] GC(1494) Old regions: 1->1
[2024-08-29T23:15:58.748+0800] GC(1494) Archive regions: 2->2
[2024-08-29T23:15:58.748+0800] GC(1494) Humongous regions: 1130->1109
[2024-08-29T23:15:58.748+0800] GC(1494) Metaspace: 1627K(1792K)->1627K(1792K) NonClass: 1508K(1600K)->1508K(1600K) Class: 119K(192K)->119K(192K)
[2024-08-29T23:15:58.748+0800] GC(1494) Pause Young (Concurrent Start) (G1 Humongous Allocation) 1134M->1110M(2048M) 1.258ms
[2024-08-29T23:15:58.748+0800] GC(1494) User=0.01s Sys=0.00s Real=0.00s
[2024-08-29T23:15:58.748+0800] GC(1495) Concurrent Mark Cycle
[2024-08-29T23:15:58.748+0800] GC(1495) Concurrent Clear Claimed Marks
[2024-08-29T23:15:58.748+0800] GC(1495) Concurrent Clear Claimed Marks 0.006ms
[2024-08-29T23:15:58.748+0800] GC(1495) Concurrent Scan Root Regions
[2024-08-29T23:15:58.748+0800] GC(1495) Concurrent Scan Root Regions 0.004ms
[2024-08-29T23:15:58.748+0800] GC(1495) Concurrent Mark
[2024-08-29T23:15:58.748+0800] GC(1495) Concurrent Mark From Roots
[2024-08-29T23:15:58.748+0800] GC(1495) Using 2 workers of 2 for marking
[2024-08-29T23:15:58.751+0800] GC(1495) Concurrent Mark From Roots 2.497ms
[2024-08-29T23:15:58.751+0800] GC(1495) Concurrent Preclean
[2024-08-29T23:15:58.751+0800] GC(1495) Concurrent Preclean 0.093ms
[2024-08-29T23:15:58.754+0800] GC(1495) Pause Remark
[2024-08-29T23:15:58.756+0800] GC(1495) Pause Remark 1136M->1136M(2048M) 1.561ms
[2024-08-29T23:15:58.756+0800] GC(1495) User=0.00s Sys=0.00s Real=0.00s
[2024-08-29T23:15:58.756+0800] GC(1495) Concurrent Mark 8.017ms
[2024-08-29T23:15:58.756+0800] GC(1495) Concurrent Rebuild Remembered Sets
[2024-08-29T23:15:58.756+0800] GC(1495) Concurrent Rebuild Remembered Sets 0.005ms
[2024-08-29T23:15:58.756+0800] GC(1495) Pause Cleanup
[2024-08-29T23:15:58.756+0800] GC(1495) Pause Cleanup 1139M->1139M(2048M) 0.016ms
[2024-08-29T23:15:58.756+0800] GC(1495) User=0.00s Sys=0.00s Real=0.00s
[2024-08-29T23:15:58.756+0800] GC(1495) Concurrent Cleanup for Next Mark
[2024-08-29T23:15:58.761+0800] GC(1495) Concurrent Cleanup for Next Mark 4.408ms
[2024-08-29T23:15:58.761+0800] GC(1495) Concurrent Mark Cycle 12.843ms
[2024-08-29T23:15:58.761+0800] GC(1496) Pause Young (Concurrent Start) (G1 Humongous Allocation)
[2024-08-29T23:15:58.761+0800] GC(1496) Using 8 workers of 8 for evacuation
[2024-08-29T23:15:58.763+0800] GC(1496)   Pre Evacuate Collection Set: 0.2ms
[2024-08-29T23:15:58.763+0800] GC(1496)   Merge Heap Roots: 0.1ms
[2024-08-29T23:15:58.763+0800] GC(1496)   Evacuate Collection Set: 0.4ms
[2024-08-29T23:15:58.763+0800] GC(1496)   Post Evacuate Collection Set: 0.4ms
[2024-08-29T23:15:58.763+0800] GC(1496)   Other: 0.1ms
[2024-08-29T23:15:58.763+0800] GC(1496) Eden regions: 4->0(714)
[2024-08-29T23:15:58.763+0800] GC(1496) Survivor regions: 0->0(92)
[2024-08-29T23:15:58.763+0800] GC(1496) Old regions: 1->1
[2024-08-29T23:15:58.763+0800] GC(1496) Archive regions: 2->2
[2024-08-29T23:15:58.763+0800] GC(1496) Humongous regions: 1147->1125
[2024-08-29T23:15:58.763+0800] GC(1496) Metaspace: 1627K(1792K)->1627K(1792K) NonClass: 1508K(1600K)->1508K(1600K) Class: 119K(192K)->119K(192K)
[2024-08-29T23:15:58.763+0800] GC(1496) Pause Young (Concurrent Start) (G1 Humongous Allocation) 1152M->1126M(2048M) 1.259ms
[2024-08-29T23:15:58.763+0800] GC(1496) User=0.00s Sys=0.00s Real=0.01s
[2024-08-29T23:15:58.763+0800] GC(1497) Concurrent Mark Cycle
[2024-08-29T23:15:58.763+0800] GC(1497) Concurrent Clear Claimed Marks
[2024-08-29T23:15:58.763+0800] GC(1497) Concurrent Clear Claimed Marks 0.006ms
[2024-08-29T23:15:58.763+0800] GC(1497) Concurrent Scan Root Regions
[2024-08-29T23:15:58.763+0800] GC(1497) Concurrent Scan Root Regions 0.004ms
[2024-08-29T23:15:58.763+0800] GC(1497) Concurrent Mark
[2024-08-29T23:15:58.763+0800] GC(1497) Concurrent Mark From Roots
[2024-08-29T23:15:58.763+0800] GC(1497) Using 2 workers of 2 for marking
[2024-08-29T23:15:58.765+0800] GC(1497) Concurrent Mark From Roots 2.422ms
[2024-08-29T23:15:58.765+0800] GC(1497) Concurrent Preclean
[2024-08-29T23:15:58.765+0800] GC(1497) Concurrent Preclean 0.091ms
[2024-08-29T23:15:58.766+0800] GC(1497) Pause Remark
[2024-08-29T23:15:58.768+0800] GC(1497) Pause Remark 1140M->1140M(2048M) 1.613ms
[2024-08-29T23:15:58.768+0800] GC(1497) User=0.00s Sys=0.00s Real=0.00s
[2024-08-29T23:15:58.768+0800] GC(1497) Concurrent Mark 5.335ms
[2024-08-29T23:15:58.768+0800] GC(1497) Concurrent Rebuild Remembered Sets
[2024-08-29T23:15:58.768+0800] GC(1497) Concurrent Rebuild Remembered Sets 0.005ms
[2024-08-29T23:15:58.768+0800] GC(1497) Pause Cleanup
[2024-08-29T23:15:58.768+0800] GC(1497) Pause Cleanup 1141M->1141M(2048M) 0.016ms
[2024-08-29T23:15:58.768+0800] GC(1497) User=0.00s Sys=0.00s Real=0.00s
[2024-08-29T23:15:58.768+0800] GC(1497) Concurrent Cleanup for Next Mark
[2024-08-29T23:15:58.772+0800] GC(1497) Concurrent Cleanup for Next Mark 4.077ms
[2024-08-29T23:15:58.772+0800] GC(1497) Concurrent Mark Cycle 9.607ms
[2024-08-29T23:15:58.776+0800] GC(1498) Pause Young (Concurrent Start) (G1 Humongous Allocation)
[2024-08-29T23:15:58.777+0800] GC(1498) Using 8 workers of 8 for evacuation
[2024-08-29T23:15:58.778+0800] GC(1498)   Pre Evacuate Collection Set: 0.2ms
[2024-08-29T23:15:58.778+0800] GC(1498)   Merge Heap Roots: 0.1ms
[2024-08-29T23:15:58.778+0800] GC(1498)   Evacuate Collection Set: 0.5ms
[2024-08-29T23:15:58.778+0800] GC(1498)   Post Evacuate Collection Set: 0.4ms
[2024-08-29T23:15:58.778+0800] GC(1498)   Other: 0.1ms
[2024-08-29T23:15:58.778+0800] GC(1498) Eden regions: 3->0(758)
[2024-08-29T23:15:58.778+0800] GC(1498) Survivor regions: 0->0(90)
[2024-08-29T23:15:58.778+0800] GC(1498) Old regions: 1->1
[2024-08-29T23:15:58.778+0800] GC(1498) Archive regions: 2->2
[2024-08-29T23:15:58.778+0800] GC(1498) Humongous regions: 1144->1081
[2024-08-29T23:15:58.778+0800] GC(1498) Metaspace: 1627K(1792K)->1627K(1792K) NonClass: 1508K(1600K)->1508K(1600K) Class: 119K(192K)->119K(192K)
[2024-08-29T23:15:58.778+0800] GC(1498) Pause Young (Concurrent Start) (G1 Humongous Allocation) 1148M->1082M(2048M) 1.498ms
[2024-08-29T23:15:58.778+0800] GC(1498) User=0.00s Sys=0.00s Real=0.00s
[2024-08-29T23:15:58.778+0800] GC(1499) Concurrent Mark Cycle
[2024-08-29T23:15:58.778+0800] GC(1499) Concurrent Clear Claimed Marks
[2024-08-29T23:15:58.778+0800] GC(1499) Concurrent Clear Claimed Marks 0.005ms
[2024-08-29T23:15:58.778+0800] GC(1499) Concurrent Scan Root Regions
[2024-08-29T23:15:58.778+0800] GC(1499) Concurrent Scan Root Regions 0.004ms
[2024-08-29T23:15:58.778+0800] GC(1499) Concurrent Mark
[2024-08-29T23:15:58.778+0800] GC(1499) Concurrent Mark From Roots
[2024-08-29T23:15:58.778+0800] GC(1499) Using 2 workers of 2 for marking
[2024-08-29T23:15:58.781+0800] GC(1499) Concurrent Mark From Roots 2.945ms
[2024-08-29T23:15:58.781+0800] GC(1499) Concurrent Preclean
[2024-08-29T23:15:58.781+0800] GC(1499) Concurrent Preclean 0.088ms
[2024-08-29T23:15:58.781+0800] GC(1499) Pause Remark
[2024-08-29T23:15:58.782+0800] GC(1499) Pause Remark 1098M->1098M(2048M) 0.900ms
[2024-08-29T23:15:58.782+0800] GC(1499) User=0.00s Sys=0.00s Real=0.00s
[2024-08-29T23:15:58.782+0800] GC(1499) Concurrent Mark 4.097ms
[2024-08-29T23:15:58.782+0800] GC(1499) Concurrent Rebuild Remembered Sets
[2024-08-29T23:15:58.782+0800] GC(1499) Concurrent Rebuild Remembered Sets 0.006ms
[2024-08-29T23:15:58.783+0800] GC(1499) Pause Cleanup
[2024-08-29T23:15:58.783+0800] GC(1499) Pause Cleanup 1107M->1107M(2048M) 0.020ms
[2024-08-29T23:15:58.783+0800] GC(1499) User=0.00s Sys=0.00s Real=0.00s
[2024-08-29T23:15:58.784+0800] GC(1499) Concurrent Cleanup for Next Mark
[2024-08-29T23:15:58.787+0800] GC(1499) Concurrent Cleanup for Next Mark 3.564ms
[2024-08-29T23:15:58.787+0800] GC(1499) Concurrent Mark Cycle 9.114ms
[2024-08-29T23:15:58.787+0800] GC(1500) Pause Young (Concurrent Start) (G1 Humongous Allocation)
[2024-08-29T23:15:58.787+0800] GC(1500) Using 8 workers of 8 for evacuation
[2024-08-29T23:15:58.789+0800] GC(1500)   Pre Evacuate Collection Set: 0.2ms
[2024-08-29T23:15:58.789+0800] GC(1500)   Merge Heap Roots: 0.1ms
[2024-08-29T23:15:58.789+0800] GC(1500)   Evacuate Collection Set: 0.3ms
[2024-08-29T23:15:58.789+0800] GC(1500)   Post Evacuate Collection Set: 0.4ms
[2024-08-29T23:15:58.789+0800] GC(1500)   Other: 0.1ms
[2024-08-29T23:15:58.789+0800] GC(1500) Eden regions: 3->0(748)
[2024-08-29T23:15:58.789+0800] GC(1500) Survivor regions: 0->0(95)
[2024-08-29T23:15:58.789+0800] GC(1500) Old regions: 1->1
[2024-08-29T23:15:58.789+0800] GC(1500) Archive regions: 2->2
[2024-08-29T23:15:58.789+0800] GC(1500) Humongous regions: 1109->1091
[2024-08-29T23:15:58.789+0800] GC(1500) Metaspace: 1627K(1792K)->1627K(1792K) NonClass: 1508K(1600K)->1508K(1600K) Class: 119K(192K)->119K(192K)
[2024-08-29T23:15:58.789+0800] GC(1500) Pause Young (Concurrent Start) (G1 Humongous Allocation) 1113M->1092M(2048M) 1.148ms
[2024-08-29T23:15:58.789+0800] GC(1500) User=0.00s Sys=0.00s Real=0.00s
[2024-08-29T23:15:58.789+0800] GC(1501) Concurrent Mark Cycle
[2024-08-29T23:15:58.789+0800] GC(1501) Concurrent Clear Claimed Marks
[2024-08-29T23:15:58.789+0800] GC(1501) Concurrent Clear Claimed Marks 0.008ms
[2024-08-29T23:15:58.789+0800] GC(1501) Concurrent Scan Root Regions
[2024-08-29T23:15:58.789+0800] GC(1501) Concurrent Scan Root Regions 0.005ms
[2024-08-29T23:15:58.789+0800] GC(1501) Concurrent Mark
[2024-08-29T23:15:58.789+0800] GC(1501) Concurrent Mark From Roots
[2024-08-29T23:15:58.789+0800] GC(1501) Using 2 workers of 2 for marking
[2024-08-29T23:15:58.791+0800] GC(1501) Concurrent Mark From Roots 2.555ms
[2024-08-29T23:15:58.791+0800] GC(1501) Concurrent Preclean
[2024-08-29T23:15:58.791+0800] GC(1501) Concurrent Preclean 0.111ms
[2024-08-29T23:15:58.792+0800] GC(1501) Pause Remark
[2024-08-29T23:15:58.793+0800] GC(1501) Pause Remark 1107M->1107M(2048M) 0.895ms
[2024-08-29T23:15:58.793+0800] GC(1501) User=0.01s Sys=0.00s Real=0.00s
[2024-08-29T23:15:58.793+0800] GC(1501) Concurrent Mark 4.672ms
[2024-08-29T23:15:58.793+0800] GC(1501) Concurrent Rebuild Remembered Sets
[2024-08-29T23:15:58.793+0800] GC(1501) Concurrent Rebuild Remembered Sets 0.006ms
[2024-08-29T23:15:58.793+0800] GC(1501) Pause Cleanup
[2024-08-29T23:15:58.793+0800] GC(1501) Pause Cleanup 1107M->1107M(2048M) 0.013ms
[2024-08-29T23:15:58.793+0800] GC(1501) User=0.00s Sys=0.00s Real=0.00s
[2024-08-29T23:15:58.794+0800] GC(1501) Concurrent Cleanup for Next Mark
[2024-08-29T23:15:58.798+0800] GC(1501) Concurrent Cleanup for Next Mark 4.367ms
[2024-08-29T23:15:58.798+0800] GC(1501) Concurrent Mark Cycle 9.256ms
[2024-08-29T23:15:58.798+0800] GC(1502) Pause Young (Concurrent Start) (G1 Humongous Allocation)
[2024-08-29T23:15:58.798+0800] GC(1502) Using 8 workers of 8 for evacuation
[2024-08-29T23:15:58.799+0800] GC(1502)   Pre Evacuate Collection Set: 0.2ms
[2024-08-29T23:15:58.799+0800] GC(1502)   Merge Heap Roots: 0.1ms
[2024-08-29T23:15:58.799+0800] GC(1502)   Evacuate Collection Set: 0.3ms
[2024-08-29T23:15:58.799+0800] GC(1502)   Post Evacuate Collection Set: 0.3ms
[2024-08-29T23:15:58.799+0800] GC(1502)   Other: 0.1ms
[2024-08-29T23:15:58.799+0800] GC(1502) Eden regions: 4->0(743)
[2024-08-29T23:15:58.799+0800] GC(1502) Survivor regions: 0->0(94)
[2024-08-29T23:15:58.799+0800] GC(1502) Old regions: 1->1
[2024-08-29T23:15:58.800+0800] GC(1502) Archive regions: 2->2
[2024-08-29T23:15:58.800+0800] GC(1502) Humongous regions: 1113->1096
[2024-08-29T23:15:58.800+0800] GC(1502) Metaspace: 1627K(1792K)->1627K(1792K) NonClass: 1508K(1600K)->1508K(1600K) Class: 119K(192K)->119K(192K)
[2024-08-29T23:15:58.800+0800] GC(1502) Pause Young (Concurrent Start) (G1 Humongous Allocation) 1117M->1097M(2048M) 1.048ms
[2024-08-29T23:15:58.800+0800] GC(1502) User=0.00s Sys=0.00s Real=0.00s
[2024-08-29T23:15:58.800+0800] GC(1503) Concurrent Mark Cycle
[2024-08-29T23:15:58.800+0800] GC(1503) Concurrent Clear Claimed Marks
[2024-08-29T23:15:58.800+0800] GC(1503) Concurrent Clear Claimed Marks 0.006ms
[2024-08-29T23:15:58.800+0800] GC(1503) Concurrent Scan Root Regions
[2024-08-29T23:15:58.800+0800] GC(1503) Concurrent Scan Root Regions 0.004ms
[2024-08-29T23:15:58.800+0800] GC(1503) Concurrent Mark
[2024-08-29T23:15:58.800+0800] GC(1503) Concurrent Mark From Roots
[2024-08-29T23:15:58.800+0800] GC(1503) Using 2 workers of 2 for marking
[2024-08-29T23:15:58.802+0800] GC(1503) Concurrent Mark From Roots 2.234ms
[2024-08-29T23:15:58.802+0800] GC(1503) Concurrent Preclean
[2024-08-29T23:15:58.802+0800] GC(1503) Concurrent Preclean 0.071ms
[2024-08-29T23:15:58.802+0800] GC(1503) Pause Remark
[2024-08-29T23:15:58.803+0800] GC(1503) Pause Remark 1103M->1103M(2048M) 0.969ms
[2024-08-29T23:15:58.803+0800] GC(1503) User=0.00s Sys=0.01s Real=0.01s
[2024-08-29T23:15:58.803+0800] GC(1503) Concurrent Mark 3.423ms
[2024-08-29T23:15:58.803+0800] GC(1503) Concurrent Rebuild Remembered Sets
[2024-08-29T23:15:58.803+0800] GC(1503) Concurrent Rebuild Remembered Sets 0.007ms
[2024-08-29T23:15:58.803+0800] GC(1503) Pause Cleanup
[2024-08-29T23:15:58.803+0800] GC(1503) Pause Cleanup 1104M->1104M(2048M) 0.022ms
[2024-08-29T23:15:58.803+0800] GC(1503) User=0.00s Sys=0.00s Real=0.00s
[2024-08-29T23:15:58.803+0800] GC(1503) Concurrent Cleanup for Next Mark
[2024-08-29T23:15:58.807+0800] GC(1503) Concurrent Cleanup for Next Mark 3.618ms
[2024-08-29T23:15:58.807+0800] GC(1503) Concurrent Mark Cycle 7.280ms
[2024-08-29T23:15:58.807+0800] GC(1504) Pause Young (Concurrent Start) (G1 Humongous Allocation)
[2024-08-29T23:15:58.807+0800] GC(1504) Using 8 workers of 8 for evacuation
[2024-08-29T23:15:58.808+0800] GC(1504)   Pre Evacuate Collection Set: 0.2ms
[2024-08-29T23:15:58.808+0800] GC(1504)   Merge Heap Roots: 0.1ms
[2024-08-29T23:15:58.808+0800] GC(1504)   Evacuate Collection Set: 0.2ms
[2024-08-29T23:15:58.808+0800] GC(1504)   Post Evacuate Collection Set: 0.4ms
[2024-08-29T23:15:58.808+0800] GC(1504)   Other: 0.1ms
[2024-08-29T23:15:58.808+0800] GC(1504) Eden regions: 3->0(746)
[2024-08-29T23:15:58.808+0800] GC(1504) Survivor regions: 0->0(93)
[2024-08-29T23:15:58.808+0800] GC(1504) Old regions: 1->1
[2024-08-29T23:15:58.808+0800] GC(1504) Archive regions: 2->2
[2024-08-29T23:15:58.808+0800] GC(1504) Humongous regions: 1107->1093
[2024-08-29T23:15:58.809+0800] GC(1504) Metaspace: 1627K(1792K)->1627K(1792K) NonClass: 1508K(1600K)->1508K(1600K) Class: 119K(192K)->119K(192K)
[2024-08-29T23:15:58.809+0800] GC(1504) Pause Young (Concurrent Start) (G1 Humongous Allocation) 1111M->1094M(2048M) 1.041ms
[2024-08-29T23:15:58.809+0800] GC(1504) User=0.00s Sys=0.00s Real=0.00s
[2024-08-29T23:15:58.809+0800] GC(1505) Concurrent Mark Cycle
[2024-08-29T23:15:58.809+0800] GC(1505) Concurrent Clear Claimed Marks
[2024-08-29T23:15:58.809+0800] GC(1505) Concurrent Clear Claimed Marks 0.006ms
[2024-08-29T23:15:58.809+0800] GC(1505) Concurrent Scan Root Regions
[2024-08-29T23:15:58.809+0800] GC(1505) Concurrent Scan Root Regions 0.004ms
[2024-08-29T23:15:58.809+0800] GC(1505) Concurrent Mark
[2024-08-29T23:15:58.809+0800] GC(1505) Concurrent Mark From Roots
[2024-08-29T23:15:58.809+0800] GC(1505) Using 2 workers of 2 for marking
[2024-08-29T23:15:58.811+0800] GC(1505) Concurrent Mark From Roots 2.362ms
[2024-08-29T23:15:58.811+0800] GC(1505) Concurrent Preclean
[2024-08-29T23:15:58.811+0800] GC(1505) Concurrent Preclean 0.071ms
[2024-08-29T23:15:58.811+0800] GC(1505) Pause Remark
[2024-08-29T23:15:58.812+0800] GC(1505) Pause Remark 1103M->1103M(2048M) 1.157ms
[2024-08-29T23:15:58.812+0800] GC(1505) User=0.00s Sys=0.00s Real=0.00s
[2024-08-29T23:15:58.812+0800] GC(1505) Concurrent Mark 3.746ms
[2024-08-29T23:15:58.812+0800] GC(1505) Concurrent Rebuild Remembered Sets
[2024-08-29T23:15:58.812+0800] GC(1505) Concurrent Rebuild Remembered Sets 0.007ms
[2024-08-29T23:15:58.813+0800] GC(1505) Pause Cleanup
[2024-08-29T23:15:58.813+0800] GC(1505) Pause Cleanup 1108M->1108M(2048M) 0.016ms
[2024-08-29T23:15:58.813+0800] GC(1505) User=0.00s Sys=0.00s Real=0.00s
[2024-08-29T23:15:58.814+0800] GC(1505) Concurrent Cleanup for Next Mark
[2024-08-29T23:15:58.818+0800] GC(1505) Concurrent Cleanup for Next Mark 4.029ms
[2024-08-29T23:15:58.818+0800] GC(1505) Concurrent Mark Cycle 9.029ms
[2024-08-29T23:15:58.822+0800] GC(1506) Pause Young (Concurrent Start) (G1 Humongous Allocation)
[2024-08-29T23:15:58.822+0800] GC(1506) Using 8 workers of 8 for evacuation
[2024-08-29T23:15:58.823+0800] GC(1506)   Pre Evacuate Collection Set: 0.2ms
[2024-08-29T23:15:58.823+0800] GC(1506)   Merge Heap Roots: 0.2ms
[2024-08-29T23:15:58.823+0800] GC(1506)   Evacuate Collection Set: 0.7ms
[2024-08-29T23:15:58.823+0800] GC(1506)   Post Evacuate Collection Set: 0.3ms
[2024-08-29T23:15:58.823+0800] GC(1506)   Other: 0.1ms
[2024-08-29T23:15:58.823+0800] GC(1506) Eden regions: 3->0(774)
[2024-08-29T23:15:58.823+0800] GC(1506) Survivor regions: 0->0(94)
[2024-08-29T23:15:58.823+0800] GC(1506) Old regions: 1->1
[2024-08-29T23:15:58.823+0800] GC(1506) Archive regions: 2->2
[2024-08-29T23:15:58.823+0800] GC(1506) Humongous regions: 1114->1065
[2024-08-29T23:15:58.823+0800] GC(1506) Metaspace: 1627K(1792K)->1627K(1792K) NonClass: 1508K(1600K)->1508K(1600K) Class: 119K(192K)->119K(192K)
[2024-08-29T23:15:58.823+0800] GC(1506) Pause Young (Concurrent Start) (G1 Humongous Allocation) 1118M->1066M(2048M) 1.570ms
[2024-08-29T23:15:58.823+0800] GC(1506) User=0.00s Sys=0.00s Real=0.01s
[2024-08-29T23:15:58.823+0800] GC(1507) Concurrent Mark Cycle
[2024-08-29T23:15:58.823+0800] GC(1507) Concurrent Clear Claimed Marks
[2024-08-29T23:15:58.823+0800] GC(1507) Concurrent Clear Claimed Marks 0.005ms
[2024-08-29T23:15:58.823+0800] GC(1507) Concurrent Scan Root Regions
[2024-08-29T23:15:58.823+0800] GC(1507) Concurrent Scan Root Regions 0.004ms
[2024-08-29T23:15:58.823+0800] GC(1507) Concurrent Mark
[2024-08-29T23:15:58.823+0800] GC(1507) Concurrent Mark From Roots
[2024-08-29T23:15:58.823+0800] GC(1507) Using 2 workers of 2 for marking
[2024-08-29T23:15:58.826+0800] GC(1507) Concurrent Mark From Roots 2.582ms
[2024-08-29T23:15:58.826+0800] GC(1507) Concurrent Preclean
[2024-08-29T23:15:58.826+0800] GC(1507) Concurrent Preclean 0.068ms
[2024-08-29T23:15:58.826+0800] GC(1507) Pause Remark
[2024-08-29T23:15:58.827+0800] GC(1507) Pause Remark 1084M->1084M(2048M) 1.493ms
[2024-08-29T23:15:58.827+0800] GC(1507) User=0.01s Sys=0.00s Real=0.00s
[2024-08-29T23:15:58.827+0800] GC(1507) Concurrent Mark 4.318ms
[2024-08-29T23:15:58.827+0800] GC(1507) Concurrent Rebuild Remembered Sets
[2024-08-29T23:15:58.827+0800] GC(1507) Concurrent Rebuild Remembered Sets 0.005ms
[2024-08-29T23:15:58.828+0800] GC(1507) Pause Cleanup
[2024-08-29T23:15:58.828+0800] GC(1507) Pause Cleanup 1085M->1085M(2048M) 0.023ms
[2024-08-29T23:15:58.828+0800] GC(1507) User=0.00s Sys=0.00s Real=0.00s
[2024-08-29T23:15:58.829+0800] GC(1507) Concurrent Cleanup for Next Mark
[2024-08-29T23:15:58.834+0800] GC(1507) Concurrent Cleanup for Next Mark 5.257ms
[2024-08-29T23:15:58.834+0800] GC(1507) Concurrent Mark Cycle 10.748ms
[2024-08-29T23:15:58.834+0800] GC(1508) Pause Young (Concurrent Start) (G1 Humongous Allocation)
[2024-08-29T23:15:58.834+0800] GC(1508) Using 8 workers of 8 for evacuation
[2024-08-29T23:15:58.835+0800] GC(1508)   Pre Evacuate Collection Set: 0.2ms
[2024-08-29T23:15:58.835+0800] GC(1508)   Merge Heap Roots: 0.1ms
[2024-08-29T23:15:58.835+0800] GC(1508)   Evacuate Collection Set: 0.3ms
[2024-08-29T23:15:58.835+0800] GC(1508)   Post Evacuate Collection Set: 0.3ms
[2024-08-29T23:15:58.835+0800] GC(1508)   Other: 0.1ms
[2024-08-29T23:15:58.835+0800] GC(1508) Eden regions: 4->0(748)
[2024-08-29T23:15:58.835+0800] GC(1508) Survivor regions: 0->0(97)
[2024-08-29T23:15:58.835+0800] GC(1508) Old regions: 1->1
[2024-08-29T23:15:58.835+0800] GC(1508) Archive regions: 2->2
[2024-08-29T23:15:58.835+0800] GC(1508) Humongous regions: 1102->1091
[2024-08-29T23:15:58.835+0800] GC(1508) Metaspace: 1627K(1792K)->1627K(1792K) NonClass: 1508K(1600K)->1508K(1600K) Class: 119K(192K)->119K(192K)
[2024-08-29T23:15:58.835+0800] GC(1508) Pause Young (Concurrent Start) (G1 Humongous Allocation) 1106M->1092M(2048M) 0.999ms
[2024-08-29T23:15:58.835+0800] GC(1508) User=0.01s Sys=0.00s Real=0.00s
[2024-08-29T23:15:58.835+0800] GC(1509) Concurrent Mark Cycle
[2024-08-29T23:15:58.836+0800] GC(1509) Concurrent Clear Claimed Marks
[2024-08-29T23:15:58.836+0800] GC(1509) Concurrent Clear Claimed Marks 0.006ms
[2024-08-29T23:15:58.836+0800] GC(1509) Concurrent Scan Root Regions
[2024-08-29T23:15:58.836+0800] GC(1509) Concurrent Scan Root Regions 0.004ms
[2024-08-29T23:15:58.836+0800] GC(1509) Concurrent Mark
[2024-08-29T23:15:58.836+0800] GC(1509) Concurrent Mark From Roots
[2024-08-29T23:15:58.836+0800] GC(1509) Using 2 workers of 2 for marking
[2024-08-29T23:15:58.838+0800] GC(1509) Concurrent Mark From Roots 2.696ms
[2024-08-29T23:15:58.838+0800] GC(1509) Concurrent Preclean
[2024-08-29T23:15:58.838+0800] GC(1509) Concurrent Preclean 0.075ms
[2024-08-29T23:15:58.838+0800] GC(1509) Pause Remark
[2024-08-29T23:15:58.839+0800] GC(1509) Pause Remark 1109M->1109M(2048M) 1.034ms
[2024-08-29T23:15:58.839+0800] GC(1509) User=0.00s Sys=0.00s Real=0.00s
[2024-08-29T23:15:58.839+0800] GC(1509) Concurrent Mark 3.936ms
[2024-08-29T23:15:58.839+0800] GC(1509) Concurrent Rebuild Remembered Sets
[2024-08-29T23:15:58.839+0800] GC(1509) Concurrent Rebuild Remembered Sets 0.006ms
[2024-08-29T23:15:58.840+0800] GC(1509) Pause Cleanup
[2024-08-29T23:15:58.840+0800] GC(1509) Pause Cleanup 1112M->1112M(2048M) 0.019ms
[2024-08-29T23:15:58.840+0800] GC(1509) User=0.00s Sys=0.00s Real=0.00s
[2024-08-29T23:15:58.841+0800] GC(1509) Concurrent Cleanup for Next Mark
[2024-08-29T23:15:58.845+0800] GC(1509) Concurrent Cleanup for Next Mark 4.484ms
[2024-08-29T23:15:58.845+0800] GC(1509) Concurrent Mark Cycle 9.534ms
[2024-08-29T23:15:58.848+0800] GC(1510) Pause Young (Concurrent Start) (G1 Humongous Allocation)
[2024-08-29T23:15:58.848+0800] GC(1510) Using 8 workers of 8 for evacuation
[2024-08-29T23:15:58.849+0800] GC(1510)   Pre Evacuate Collection Set: 0.4ms
[2024-08-29T23:15:58.849+0800] GC(1510)   Merge Heap Roots: 0.2ms
[2024-08-29T23:15:58.849+0800] GC(1510)   Evacuate Collection Set: 0.4ms
[2024-08-29T23:15:58.849+0800] GC(1510)   Post Evacuate Collection Set: 0.4ms
[2024-08-29T23:15:58.849+0800] GC(1510)   Other: 0.2ms
[2024-08-29T23:15:58.849+0800] GC(1510) Eden regions: 4->0(744)
[2024-08-29T23:15:58.849+0800] GC(1510) Survivor regions: 0->0(94)
[2024-08-29T23:15:58.849+0800] GC(1510) Old regions: 1->1
[2024-08-29T23:15:58.849+0800] GC(1510) Archive regions: 2->2
[2024-08-29T23:15:58.849+0800] GC(1510) Humongous regions: 1120->1095
[2024-08-29T23:15:58.849+0800] GC(1510) Metaspace: 1627K(1792K)->1627K(1792K) NonClass: 1508K(1600K)->1508K(1600K) Class: 119K(192K)->119K(192K)
[2024-08-29T23:15:58.849+0800] GC(1510) Pause Young (Concurrent Start) (G1 Humongous Allocation) 1124M->1096M(2048M) 1.603ms
[2024-08-29T23:15:58.849+0800] GC(1510) User=0.00s Sys=0.00s Real=0.00s
[2024-08-29T23:15:58.849+0800] GC(1511) Concurrent Mark Cycle
[2024-08-29T23:15:58.849+0800] GC(1511) Concurrent Clear Claimed Marks
[2024-08-29T23:15:58.849+0800] GC(1511) Concurrent Clear Claimed Marks 0.005ms
[2024-08-29T23:15:58.849+0800] GC(1511) Concurrent Scan Root Regions
[2024-08-29T23:15:58.849+0800] GC(1511) Concurrent Scan Root Regions 0.004ms
[2024-08-29T23:15:58.849+0800] GC(1511) Concurrent Mark
[2024-08-29T23:15:58.849+0800] GC(1511) Concurrent Mark From Roots
[2024-08-29T23:15:58.849+0800] GC(1511) Using 2 workers of 2 for marking
[2024-08-29T23:15:58.853+0800] GC(1511) Concurrent Mark From Roots 4.078ms
[2024-08-29T23:15:58.853+0800] GC(1511) Concurrent Preclean
[2024-08-29T23:15:58.853+0800] GC(1511) Concurrent Preclean 0.074ms
[2024-08-29T23:15:58.854+0800] GC(1511) Pause Remark
[2024-08-29T23:15:58.855+0800] GC(1511) Pause Remark 1123M->1123M(2048M) 1.033ms
[2024-08-29T23:15:58.855+0800] GC(1511) User=0.00s Sys=0.00s Real=0.00s
[2024-08-29T23:15:58.856+0800] GC(1511) Concurrent Mark 6.375ms
[2024-08-29T23:15:58.856+0800] GC(1511) Concurrent Rebuild Remembered Sets
[2024-08-29T23:15:58.856+0800] GC(1511) Concurrent Rebuild Remembered Sets 0.005ms
[2024-08-29T23:15:58.856+0800] GC(1511) Pause Cleanup
[2024-08-29T23:15:58.856+0800] GC(1511) Pause Cleanup 1123M->1123M(2048M) 0.021ms
[2024-08-29T23:15:58.856+0800] GC(1511) User=0.00s Sys=0.00s Real=0.00s
[2024-08-29T23:15:58.857+0800] GC(1511) Concurrent Cleanup for Next Mark
[2024-08-29T23:15:58.861+0800] GC(1511) Concurrent Cleanup for Next Mark 4.335ms
[2024-08-29T23:15:58.861+0800] GC(1511) Concurrent Mark Cycle 11.834ms
[2024-08-29T23:15:58.862+0800] GC(1512) Pause Young (Concurrent Start) (G1 Humongous Allocation)
[2024-08-29T23:15:58.862+0800] GC(1512) Using 8 workers of 8 for evacuation
[2024-08-29T23:15:58.863+0800] GC(1512)   Pre Evacuate Collection Set: 0.3ms
[2024-08-29T23:15:58.863+0800] GC(1512)   Merge Heap Roots: 0.1ms
[2024-08-29T23:15:58.863+0800] GC(1512)   Evacuate Collection Set: 0.3ms
[2024-08-29T23:15:58.863+0800] GC(1512)   Post Evacuate Collection Set: 0.3ms
[2024-08-29T23:15:58.863+0800] GC(1512)   Other: 0.2ms
[2024-08-29T23:15:58.863+0800] GC(1512) Eden regions: 4->0(750)
[2024-08-29T23:15:58.863+0800] GC(1512) Survivor regions: 0->0(93)
[2024-08-29T23:15:58.863+0800] GC(1512) Old regions: 1->1
[2024-08-29T23:15:58.863+0800] GC(1512) Archive regions: 2->2
[2024-08-29T23:15:58.863+0800] GC(1512) Humongous regions: 1129->1089
[2024-08-29T23:15:58.863+0800] GC(1512) Metaspace: 1627K(1792K)->1627K(1792K) NonClass: 1508K(1600K)->1508K(1600K) Class: 119K(192K)->119K(192K)
[2024-08-29T23:15:58.863+0800] GC(1512) Pause Young (Concurrent Start) (G1 Humongous Allocation) 1133M->1090M(2048M) 1.307ms
[2024-08-29T23:15:58.863+0800] GC(1512) User=0.00s Sys=0.00s Real=0.01s
[2024-08-29T23:15:58.863+0800] GC(1513) Concurrent Mark Cycle
[2024-08-29T23:15:58.863+0800] GC(1513) Concurrent Clear Claimed Marks
[2024-08-29T23:15:58.863+0800] GC(1513) Concurrent Clear Claimed Marks 0.006ms
[2024-08-29T23:15:58.863+0800] GC(1513) Concurrent Scan Root Regions
[2024-08-29T23:15:58.863+0800] GC(1513) Concurrent Scan Root Regions 0.004ms
[2024-08-29T23:15:58.863+0800] GC(1513) Concurrent Mark
[2024-08-29T23:15:58.863+0800] GC(1513) Concurrent Mark From Roots
[2024-08-29T23:15:58.863+0800] GC(1513) Using 2 workers of 2 for marking
[2024-08-29T23:15:58.866+0800] GC(1513) Concurrent Mark From Roots 2.959ms
[2024-08-29T23:15:58.866+0800] GC(1513) Concurrent Preclean
[2024-08-29T23:15:58.866+0800] GC(1513) Concurrent Preclean 0.076ms
[2024-08-29T23:15:58.866+0800] GC(1513) Pause Remark
[2024-08-29T23:15:58.867+0800] GC(1513) Pause Remark 1108M->1108M(2048M) 0.965ms
[2024-08-29T23:15:58.867+0800] GC(1513) User=0.00s Sys=0.01s Real=0.00s
[2024-08-29T23:15:58.867+0800] GC(1513) Concurrent Mark 4.128ms
[2024-08-29T23:15:58.867+0800] GC(1513) Concurrent Rebuild Remembered Sets
[2024-08-29T23:15:58.867+0800] GC(1513) Concurrent Rebuild Remembered Sets 0.004ms
[2024-08-29T23:15:58.868+0800] GC(1513) Pause Cleanup
[2024-08-29T23:15:58.868+0800] GC(1513) Pause Cleanup 1111M->1111M(2048M) 0.020ms
[2024-08-29T23:15:58.868+0800] GC(1513) User=0.00s Sys=0.00s Real=0.00s
[2024-08-29T23:15:58.869+0800] GC(1513) Concurrent Cleanup for Next Mark
[2024-08-29T23:15:58.873+0800] GC(1513) Concurrent Cleanup for Next Mark 4.862ms
[2024-08-29T23:15:58.874+0800] GC(1513) Concurrent Mark Cycle 10.527ms
[2024-08-29T23:15:58.875+0800] GC(1514) Pause Young (Concurrent Start) (G1 Humongous Allocation)
[2024-08-29T23:15:58.875+0800] GC(1514) Using 8 workers of 8 for evacuation
[2024-08-29T23:15:58.877+0800] GC(1514)   Pre Evacuate Collection Set: 0.4ms
[2024-08-29T23:15:58.877+0800] GC(1514)   Merge Heap Roots: 0.1ms
[2024-08-29T23:15:58.877+0800] GC(1514)   Evacuate Collection Set: 0.4ms
[2024-08-29T23:15:58.877+0800] GC(1514)   Post Evacuate Collection Set: 0.3ms
[2024-08-29T23:15:58.877+0800] GC(1514)   Other: 0.2ms
[2024-08-29T23:15:58.877+0800] GC(1514) Eden regions: 3->0(753)
[2024-08-29T23:15:58.877+0800] GC(1514) Survivor regions: 0->0(94)
[2024-08-29T23:15:58.877+0800] GC(1514) Old regions: 1->1
[2024-08-29T23:15:58.877+0800] GC(1514) Archive regions: 2->2
[2024-08-29T23:15:58.877+0800] GC(1514) Humongous regions: 1123->1086
[2024-08-29T23:15:58.877+0800] GC(1514) Metaspace: 1627K(1792K)->1627K(1792K) NonClass: 1508K(1600K)->1508K(1600K) Class: 119K(192K)->119K(192K)
[2024-08-29T23:15:58.877+0800] GC(1514) Pause Young (Concurrent Start) (G1 Humongous Allocation) 1127M->1087M(2048M) 1.463ms
[2024-08-29T23:15:58.877+0800] GC(1514) User=0.00s Sys=0.00s Real=0.00s
[2024-08-29T23:15:58.877+0800] GC(1515) Concurrent Mark Cycle
[2024-08-29T23:15:58.877+0800] GC(1515) Concurrent Clear Claimed Marks
[2024-08-29T23:15:58.877+0800] GC(1515) Concurrent Clear Claimed Marks 0.007ms
[2024-08-29T23:15:58.877+0800] GC(1515) Concurrent Scan Root Regions
[2024-08-29T23:15:58.877+0800] GC(1515) Concurrent Scan Root Regions 0.004ms
[2024-08-29T23:15:58.877+0800] GC(1515) Concurrent Mark
[2024-08-29T23:15:58.877+0800] GC(1515) Concurrent Mark From Roots
[2024-08-29T23:15:58.877+0800] GC(1515) Using 2 workers of 2 for marking
[2024-08-29T23:15:58.880+0800] GC(1515) Concurrent Mark From Roots 2.745ms
[2024-08-29T23:15:58.880+0800] GC(1515) Concurrent Preclean
[2024-08-29T23:15:58.880+0800] GC(1515) Concurrent Preclean 0.101ms
[2024-08-29T23:15:58.880+0800] GC(1515) Pause Remark
[2024-08-29T23:15:58.881+0800] GC(1515) Pause Remark 1102M->1102M(2048M) 1.014ms
[2024-08-29T23:15:58.881+0800] GC(1515) User=0.00s Sys=0.00s Real=0.00s
[2024-08-29T23:15:58.881+0800] GC(1515) Concurrent Mark 4.034ms
[2024-08-29T23:15:58.881+0800] GC(1515) Concurrent Rebuild Remembered Sets
[2024-08-29T23:15:58.881+0800] GC(1515) Concurrent Rebuild Remembered Sets 0.007ms
[2024-08-29T23:15:58.881+0800] GC(1515) Pause Cleanup
[2024-08-29T23:15:58.881+0800] GC(1515) Pause Cleanup 1106M->1106M(2048M) 0.013ms
[2024-08-29T23:15:58.881+0800] GC(1515) User=0.00s Sys=0.00s Real=0.00s
[2024-08-29T23:15:58.881+0800] GC(1515) Concurrent Cleanup for Next Mark
[2024-08-29T23:15:58.885+0800] GC(1515) Concurrent Cleanup for Next Mark 3.270ms
[2024-08-29T23:15:58.885+0800] GC(1515) Concurrent Mark Cycle 8.058ms
[2024-08-29T23:15:58.886+0800] GC(1516) Pause Young (Concurrent Start) (G1 Humongous Allocation)
[2024-08-29T23:15:58.886+0800] GC(1516) Using 8 workers of 8 for evacuation
[2024-08-29T23:15:58.887+0800] GC(1516)   Pre Evacuate Collection Set: 0.2ms
[2024-08-29T23:15:58.887+0800] GC(1516)   Merge Heap Roots: 0.1ms
[2024-08-29T23:15:58.887+0800] GC(1516)   Evacuate Collection Set: 0.5ms
[2024-08-29T23:15:58.887+0800] GC(1516)   Post Evacuate Collection Set: 0.3ms
[2024-08-29T23:15:58.887+0800] GC(1516)   Other: 0.1ms
[2024-08-29T23:15:58.887+0800] GC(1516) Eden regions: 3->0(754)
[2024-08-29T23:15:58.887+0800] GC(1516) Survivor regions: 0->0(95)
[2024-08-29T23:15:58.887+0800] GC(1516) Old regions: 1->1
[2024-08-29T23:15:58.887+0800] GC(1516) Archive regions: 2->2
[2024-08-29T23:15:58.887+0800] GC(1516) Humongous regions: 1106->1085
[2024-08-29T23:15:58.887+0800] GC(1516) Metaspace: 1627K(1792K)->1627K(1792K) NonClass: 1508K(1600K)->1508K(1600K) Class: 119K(192K)->119K(192K)
[2024-08-29T23:15:58.887+0800] GC(1516) Pause Young (Concurrent Start) (G1 Humongous Allocation) 1110M->1086M(2048M) 1.288ms
[2024-08-29T23:15:58.887+0800] GC(1516) User=0.00s Sys=0.00s Real=0.00s
[2024-08-29T23:15:58.887+0800] GC(1517) Concurrent Mark Cycle
[2024-08-29T23:15:58.887+0800] GC(1517) Concurrent Clear Claimed Marks
[2024-08-29T23:15:58.887+0800] GC(1517) Concurrent Clear Claimed Marks 0.006ms
[2024-08-29T23:15:58.887+0800] GC(1517) Concurrent Scan Root Regions
[2024-08-29T23:15:58.887+0800] GC(1517) Concurrent Scan Root Regions 0.004ms
[2024-08-29T23:15:58.887+0800] GC(1517) Concurrent Mark
[2024-08-29T23:15:58.887+0800] GC(1517) Concurrent Mark From Roots
[2024-08-29T23:15:58.887+0800] GC(1517) Using 2 workers of 2 for marking
[2024-08-29T23:15:58.890+0800] GC(1517) Concurrent Mark From Roots 2.805ms
[2024-08-29T23:15:58.890+0800] GC(1517) Concurrent Preclean
[2024-08-29T23:15:58.890+0800] GC(1517) Concurrent Preclean 0.115ms
[2024-08-29T23:15:58.890+0800] GC(1517) Pause Remark
[2024-08-29T23:15:58.891+0800] GC(1517) Pause Remark 1095M->1095M(2048M) 1.265ms
[2024-08-29T23:15:58.891+0800] GC(1517) User=0.00s Sys=0.00s Real=0.00s
[2024-08-29T23:15:58.891+0800] GC(1517) Concurrent Mark 4.351ms
[2024-08-29T23:15:58.891+0800] GC(1517) Concurrent Rebuild Remembered Sets
[2024-08-29T23:15:58.891+0800] GC(1517) Concurrent Rebuild Remembered Sets 0.005ms
[2024-08-29T23:15:58.891+0800] GC(1517) Pause Cleanup
[2024-08-29T23:15:58.891+0800] GC(1517) Pause Cleanup 1095M->1095M(2048M) 0.011ms
[2024-08-29T23:15:58.891+0800] GC(1517) User=0.00s Sys=0.00s Real=0.00s
[2024-08-29T23:15:58.891+0800] GC(1517) Concurrent Cleanup for Next Mark
[2024-08-29T23:15:58.896+0800] GC(1517) Concurrent Cleanup for Next Mark 4.754ms
[2024-08-29T23:15:58.896+0800] GC(1517) Concurrent Mark Cycle 9.564ms
[2024-08-29T23:15:58.898+0800] GC(1518) Pause Young (Concurrent Start) (G1 Humongous Allocation)
[2024-08-29T23:15:58.898+0800] GC(1518) Using 8 workers of 8 for evacuation
[2024-08-29T23:15:58.899+0800] GC(1518)   Pre Evacuate Collection Set: 0.3ms
[2024-08-29T23:15:58.899+0800] GC(1518)   Merge Heap Roots: 0.1ms
[2024-08-29T23:15:58.899+0800] GC(1518)   Evacuate Collection Set: 0.4ms
[2024-08-29T23:15:58.899+0800] GC(1518)   Post Evacuate Collection Set: 0.4ms
[2024-08-29T23:15:58.899+0800] GC(1518)   Other: 0.2ms
[2024-08-29T23:15:58.899+0800] GC(1518) Eden regions: 4->0(755)
[2024-08-29T23:15:58.899+0800] GC(1518) Survivor regions: 0->0(95)
[2024-08-29T23:15:58.899+0800] GC(1518) Old regions: 1->1
[2024-08-29T23:15:58.899+0800] GC(1518) Archive regions: 2->2
[2024-08-29T23:15:58.899+0800] GC(1518) Humongous regions: 1106->1084
[2024-08-29T23:15:58.899+0800] GC(1518) Metaspace: 1627K(1792K)->1627K(1792K) NonClass: 1508K(1600K)->1508K(1600K) Class: 119K(192K)->119K(192K)
[2024-08-29T23:15:58.899+0800] GC(1518) Pause Young (Concurrent Start) (G1 Humongous Allocation) 1110M->1085M(2048M) 1.341ms
[2024-08-29T23:15:58.899+0800] GC(1518) User=0.00s Sys=0.00s Real=0.00s
[2024-08-29T23:15:58.899+0800] GC(1519) Concurrent Mark Cycle
[2024-08-29T23:15:58.899+0800] GC(1519) Concurrent Clear Claimed Marks
[2024-08-29T23:15:58.899+0800] GC(1519) Concurrent Clear Claimed Marks 0.009ms
[2024-08-29T23:15:58.899+0800] GC(1519) Concurrent Scan Root Regions
[2024-08-29T23:15:58.899+0800] GC(1519) Concurrent Scan Root Regions 0.004ms
[2024-08-29T23:15:58.899+0800] GC(1519) Concurrent Mark
[2024-08-29T23:15:58.899+0800] GC(1519) Concurrent Mark From Roots
[2024-08-29T23:15:58.899+0800] GC(1519) Using 2 workers of 2 for marking
[2024-08-29T23:15:58.903+0800] GC(1519) Concurrent Mark From Roots 3.658ms
[2024-08-29T23:15:58.903+0800] GC(1519) Concurrent Preclean
[2024-08-29T23:15:58.903+0800] GC(1519) Concurrent Preclean 0.092ms
[2024-08-29T23:15:58.903+0800] GC(1519) Pause Remark
[2024-08-29T23:15:58.905+0800] GC(1519) Pause Remark 1114M->1114M(2048M) 1.202ms
[2024-08-29T23:15:58.905+0800] GC(1519) User=0.00s Sys=0.00s Real=0.00s
[2024-08-29T23:15:58.905+0800] GC(1519) Concurrent Mark 5.677ms
[2024-08-29T23:15:58.905+0800] GC(1519) Concurrent Rebuild Remembered Sets
[2024-08-29T23:15:58.905+0800] GC(1519) Concurrent Rebuild Remembered Sets 0.006ms
[2024-08-29T23:15:58.905+0800] GC(1519) Pause Cleanup
[2024-08-29T23:15:58.905+0800] GC(1519) Pause Cleanup 1114M->1114M(2048M) 0.011ms
[2024-08-29T23:15:58.905+0800] GC(1519) User=0.00s Sys=0.00s Real=0.00s
[2024-08-29T23:15:58.905+0800] GC(1519) Concurrent Cleanup for Next Mark
[2024-08-29T23:15:58.910+0800] GC(1519) Concurrent Cleanup for Next Mark 4.958ms
[2024-08-29T23:15:58.910+0800] GC(1519) Concurrent Mark Cycle 10.877ms
[2024-08-29T23:15:58.911+0800] GC(1520) Pause Young (Concurrent Start) (G1 Humongous Allocation)
[2024-08-29T23:15:58.911+0800] GC(1520) Using 8 workers of 8 for evacuation
[2024-08-29T23:15:58.912+0800] GC(1520)   Pre Evacuate Collection Set: 0.3ms
[2024-08-29T23:15:58.912+0800] GC(1520)   Merge Heap Roots: 0.1ms
[2024-08-29T23:15:58.912+0800] GC(1520)   Evacuate Collection Set: 0.4ms
[2024-08-29T23:15:58.912+0800] GC(1520)   Post Evacuate Collection Set: 0.3ms
[2024-08-29T23:15:58.912+0800] GC(1520)   Other: 0.2ms
[2024-08-29T23:15:58.912+0800] GC(1520) Eden regions: 4->0(737)
[2024-08-29T23:15:58.912+0800] GC(1520) Survivor regions: 0->0(95)
[2024-08-29T23:15:58.912+0800] GC(1520) Old regions: 1->1
[2024-08-29T23:15:58.912+0800] GC(1520) Archive regions: 2->2
[2024-08-29T23:15:58.912+0800] GC(1520) Humongous regions: 1118->1102
[2024-08-29T23:15:58.912+0800] GC(1520) Metaspace: 1627K(1792K)->1627K(1792K) NonClass: 1508K(1600K)->1508K(1600K) Class: 119K(192K)->119K(192K)
[2024-08-29T23:15:58.912+0800] GC(1520) Pause Young (Concurrent Start) (G1 Humongous Allocation) 1123M->1103M(2048M) 1.355ms
[2024-08-29T23:15:58.912+0800] GC(1520) User=0.00s Sys=0.00s Real=0.00s
[2024-08-29T23:15:58.912+0800] GC(1521) Concurrent Mark Cycle
[2024-08-29T23:15:58.912+0800] GC(1521) Concurrent Clear Claimed Marks
[2024-08-29T23:15:58.912+0800] GC(1521) Concurrent Clear Claimed Marks 0.008ms
[2024-08-29T23:15:58.912+0800] GC(1521) Concurrent Scan Root Regions
[2024-08-29T23:15:58.912+0800] GC(1521) Concurrent Scan Root Regions 0.004ms
[2024-08-29T23:15:58.912+0800] GC(1521) Concurrent Mark
[2024-08-29T23:15:58.912+0800] GC(1521) Concurrent Mark From Roots
[2024-08-29T23:15:58.912+0800] GC(1521) Using 2 workers of 2 for marking
[2024-08-29T23:15:58.915+0800] GC(1521) Concurrent Mark From Roots 2.788ms
[2024-08-29T23:15:58.915+0800] GC(1521) Concurrent Preclean
[2024-08-29T23:15:58.915+0800] GC(1521) Concurrent Preclean 0.083ms
[2024-08-29T23:15:58.915+0800] GC(1521) Pause Remark
[2024-08-29T23:15:58.916+0800] GC(1521) Pause Remark 1117M->1117M(2048M) 1.162ms
[2024-08-29T23:15:58.916+0800] GC(1521) User=0.00s Sys=0.00s Real=0.00s
[2024-08-29T23:15:58.916+0800] GC(1521) Concurrent Mark 4.222ms
[2024-08-29T23:15:58.916+0800] GC(1521) Concurrent Rebuild Remembered Sets
[2024-08-29T23:15:58.916+0800] GC(1521) Concurrent Rebuild Remembered Sets 0.006ms
[2024-08-29T23:15:58.917+0800] GC(1521) Pause Cleanup
[2024-08-29T23:15:58.917+0800] GC(1521) Pause Cleanup 1121M->1121M(2048M) 0.021ms
[2024-08-29T23:15:58.917+0800] GC(1521) User=0.00s Sys=0.00s Real=0.00s
[2024-08-29T23:15:58.918+0800] GC(1521) Concurrent Cleanup for Next Mark
[2024-08-29T23:15:58.923+0800] GC(1521) Concurrent Cleanup for Next Mark 5.816ms
[2024-08-29T23:15:58.923+0800] GC(1521) Concurrent Mark Cycle 11.542ms
[2024-08-29T23:15:58.924+0800] GC(1522) Pause Young (Concurrent Start) (G1 Humongous Allocation)
[2024-08-29T23:15:58.924+0800] GC(1522) Using 8 workers of 8 for evacuation
[2024-08-29T23:15:58.925+0800] GC(1522)   Pre Evacuate Collection Set: 0.3ms
[2024-08-29T23:15:58.925+0800] GC(1522)   Merge Heap Roots: 0.1ms
[2024-08-29T23:15:58.925+0800] GC(1522)   Evacuate Collection Set: 0.5ms
[2024-08-29T23:15:58.925+0800] GC(1522)   Post Evacuate Collection Set: 0.3ms
[2024-08-29T23:15:58.925+0800] GC(1522)   Other: 0.2ms
[2024-08-29T23:15:58.925+0800] GC(1522) Eden regions: 4->0(742)
[2024-08-29T23:15:58.925+0800] GC(1522) Survivor regions: 0->0(93)
[2024-08-29T23:15:58.925+0800] GC(1522) Old regions: 1->1
[2024-08-29T23:15:58.925+0800] GC(1522) Archive regions: 2->2
[2024-08-29T23:15:58.925+0800] GC(1522) Humongous regions: 1139->1097
[2024-08-29T23:15:58.925+0800] GC(1522) Metaspace: 1627K(1792K)->1627K(1792K) NonClass: 1508K(1600K)->1508K(1600K) Class: 119K(192K)->119K(192K)
[2024-08-29T23:15:58.925+0800] GC(1522) Pause Young (Concurrent Start) (G1 Humongous Allocation) 1143M->1098M(2048M) 1.533ms
[2024-08-29T23:15:58.925+0800] GC(1522) User=0.00s Sys=0.00s Real=0.00s
[2024-08-29T23:15:58.925+0800] GC(1523) Concurrent Mark Cycle
[2024-08-29T23:15:58.925+0800] GC(1523) Concurrent Clear Claimed Marks
[2024-08-29T23:15:58.925+0800] GC(1523) Concurrent Clear Claimed Marks 0.008ms
[2024-08-29T23:15:58.925+0800] GC(1523) Concurrent Scan Root Regions
[2024-08-29T23:15:58.925+0800] GC(1523) Concurrent Scan Root Regions 0.004ms
[2024-08-29T23:15:58.925+0800] GC(1523) Concurrent Mark
[2024-08-29T23:15:58.925+0800] GC(1523) Concurrent Mark From Roots
[2024-08-29T23:15:58.925+0800] GC(1523) Using 2 workers of 2 for marking
[2024-08-29T23:15:58.928+0800] GC(1523) Concurrent Mark From Roots 2.608ms
[2024-08-29T23:15:58.928+0800] GC(1523) Concurrent Preclean
[2024-08-29T23:15:58.928+0800] GC(1523) Concurrent Preclean 0.111ms
[2024-08-29T23:15:58.928+0800] GC(1523) Pause Remark
[2024-08-29T23:15:58.929+0800] GC(1523) Pause Remark 1106M->1106M(2048M) 1.041ms
[2024-08-29T23:15:58.929+0800] GC(1523) User=0.00s Sys=0.00s Real=0.00s
[2024-08-29T23:15:58.929+0800] GC(1523) Concurrent Mark 3.953ms
[2024-08-29T23:15:58.929+0800] GC(1523) Concurrent Rebuild Remembered Sets
[2024-08-29T23:15:58.929+0800] GC(1523) Concurrent Rebuild Remembered Sets 0.006ms
[2024-08-29T23:15:58.929+0800] GC(1523) Pause Cleanup
[2024-08-29T23:15:58.929+0800] GC(1523) Pause Cleanup 1108M->1108M(2048M) 0.016ms
[2024-08-29T23:15:58.929+0800] GC(1523) User=0.00s Sys=0.00s Real=0.00s
[2024-08-29T23:15:58.929+0800] GC(1523) Concurrent Cleanup for Next Mark
[2024-08-29T23:15:58.935+0800] GC(1523) Concurrent Cleanup for Next Mark 5.299ms
[2024-08-29T23:15:58.935+0800] GC(1523) Concurrent Mark Cycle 9.604ms
[2024-08-29T23:15:58.936+0800] GC(1524) Pause Young (Concurrent Start) (G1 Humongous Allocation)
[2024-08-29T23:15:58.936+0800] GC(1524) Using 8 workers of 8 for evacuation
[2024-08-29T23:15:58.938+0800] GC(1524)   Pre Evacuate Collection Set: 0.3ms
[2024-08-29T23:15:58.938+0800] GC(1524)   Merge Heap Roots: 0.1ms
[2024-08-29T23:15:58.938+0800] GC(1524)   Evacuate Collection Set: 0.4ms
[2024-08-29T23:15:58.938+0800] GC(1524)   Post Evacuate Collection Set: 0.8ms
[2024-08-29T23:15:58.938+0800] GC(1524)   Other: 0.1ms
[2024-08-29T23:15:58.938+0800] GC(1524) Eden regions: 3->0(731)
[2024-08-29T23:15:58.938+0800] GC(1524) Survivor regions: 0->0(93)
[2024-08-29T23:15:58.938+0800] GC(1524) Old regions: 1->1
[2024-08-29T23:15:58.938+0800] GC(1524) Archive regions: 2->2
[2024-08-29T23:15:58.938+0800] GC(1524) Humongous regions: 1127->1108
[2024-08-29T23:15:58.938+0800] GC(1524) Metaspace: 1627K(1792K)->1627K(1792K) NonClass: 1508K(1600K)->1508K(1600K) Class: 119K(192K)->119K(192K)
[2024-08-29T23:15:58.938+0800] GC(1524) Pause Young (Concurrent Start) (G1 Humongous Allocation) 1131M->1109M(2048M) 1.850ms
[2024-08-29T23:15:58.938+0800] GC(1524) User=0.00s Sys=0.01s Real=0.00s
[2024-08-29T23:15:58.938+0800] GC(1525) Concurrent Mark Cycle
[2024-08-29T23:15:58.938+0800] GC(1525) Concurrent Clear Claimed Marks
[2024-08-29T23:15:58.938+0800] GC(1525) Concurrent Clear Claimed Marks 0.007ms
[2024-08-29T23:15:58.938+0800] GC(1525) Concurrent Scan Root Regions
[2024-08-29T23:15:58.938+0800] GC(1525) Concurrent Scan Root Regions 0.004ms
[2024-08-29T23:15:58.938+0800] GC(1525) Concurrent Mark
[2024-08-29T23:15:58.938+0800] GC(1525) Concurrent Mark From Roots
[2024-08-29T23:15:58.938+0800] GC(1525) Using 2 workers of 2 for marking
[2024-08-29T23:15:58.941+0800] GC(1525) Concurrent Mark From Roots 2.832ms
[2024-08-29T23:15:58.941+0800] GC(1525) Concurrent Preclean
[2024-08-29T23:15:58.941+0800] GC(1525) Concurrent Preclean 0.139ms
[2024-08-29T23:15:58.942+0800] GC(1525) Pause Remark
[2024-08-29T23:15:58.943+0800] GC(1525) Pause Remark 1131M->1131M(2048M) 1.112ms
[2024-08-29T23:15:58.943+0800] GC(1525) User=0.01s Sys=0.00s Real=0.01s
[2024-08-29T23:15:58.943+0800] GC(1525) Concurrent Mark 5.217ms
[2024-08-29T23:15:58.943+0800] GC(1525) Concurrent Rebuild Remembered Sets
[2024-08-29T23:15:58.943+0800] GC(1525) Concurrent Rebuild Remembered Sets 0.006ms
[2024-08-29T23:15:58.944+0800] GC(1525) Pause Cleanup
[2024-08-29T23:15:58.944+0800] GC(1525) Pause Cleanup 1136M->1136M(2048M) 0.016ms
[2024-08-29T23:15:58.944+0800] GC(1525) User=0.00s Sys=0.00s Real=0.00s
[2024-08-29T23:15:58.944+0800] GC(1525) Concurrent Cleanup for Next Mark
[2024-08-29T23:15:58.948+0800] GC(1525) Concurrent Cleanup for Next Mark 3.929ms
[2024-08-29T23:15:58.948+0800] GC(1525) Concurrent Mark Cycle 10.056ms
[2024-08-29T23:15:58.951+0800] GC(1526) Pause Young (Concurrent Start) (G1 Humongous Allocation)
[2024-08-29T23:15:58.951+0800] GC(1526) Using 8 workers of 8 for evacuation
[2024-08-29T23:15:58.952+0800] GC(1526)   Pre Evacuate Collection Set: 0.2ms
[2024-08-29T23:15:58.952+0800] GC(1526)   Merge Heap Roots: 0.1ms
[2024-08-29T23:15:58.952+0800] GC(1526)   Evacuate Collection Set: 0.4ms
[2024-08-29T23:15:58.952+0800] GC(1526)   Post Evacuate Collection Set: 0.2ms
[2024-08-29T23:15:58.952+0800] GC(1526)   Other: 0.2ms
[2024-08-29T23:15:58.952+0800] GC(1526) Eden regions: 3->0(711)
[2024-08-29T23:15:58.952+0800] GC(1526) Survivor regions: 0->0(92)
[2024-08-29T23:15:58.952+0800] GC(1526) Old regions: 1->1
[2024-08-29T23:15:58.952+0800] GC(1526) Archive regions: 2->2
[2024-08-29T23:15:58.952+0800] GC(1526) Humongous regions: 1146->1128
[2024-08-29T23:15:58.952+0800] GC(1526) Metaspace: 1627K(1792K)->1627K(1792K) NonClass: 1508K(1600K)->1508K(1600K) Class: 119K(192K)->119K(192K)
[2024-08-29T23:15:58.953+0800] GC(1526) Pause Young (Concurrent Start) (G1 Humongous Allocation) 1150M->1129M(2048M) 1.141ms
[2024-08-29T23:15:58.953+0800] GC(1526) User=0.00s Sys=0.00s Real=0.01s
[2024-08-29T23:15:58.953+0800] GC(1527) Concurrent Mark Cycle
[2024-08-29T23:15:58.953+0800] GC(1527) Concurrent Clear Claimed Marks
[2024-08-29T23:15:58.953+0800] GC(1527) Concurrent Clear Claimed Marks 0.007ms
[2024-08-29T23:15:58.953+0800] GC(1527) Concurrent Scan Root Regions
[2024-08-29T23:15:58.953+0800] GC(1527) Concurrent Scan Root Regions 0.005ms
[2024-08-29T23:15:58.953+0800] GC(1527) Concurrent Mark
[2024-08-29T23:15:58.953+0800] GC(1527) Concurrent Mark From Roots
[2024-08-29T23:15:58.953+0800] GC(1527) Using 2 workers of 2 for marking
[2024-08-29T23:15:58.955+0800] GC(1527) Concurrent Mark From Roots 2.762ms
[2024-08-29T23:15:58.955+0800] GC(1527) Concurrent Preclean
[2024-08-29T23:15:58.955+0800] GC(1527) Concurrent Preclean 0.078ms
[2024-08-29T23:15:58.956+0800] GC(1527) Pause Remark
[2024-08-29T23:15:58.956+0800] GC(1527) Pause Remark 1142M->1142M(2048M) 0.914ms
[2024-08-29T23:15:58.956+0800] GC(1527) User=0.00s Sys=0.00s Real=0.00s
[2024-08-29T23:15:58.957+0800] GC(1527) Concurrent Mark 3.923ms
[2024-08-29T23:15:58.957+0800] GC(1527) Concurrent Rebuild Remembered Sets
[2024-08-29T23:15:58.957+0800] GC(1527) Concurrent Rebuild Remembered Sets 0.025ms
[2024-08-29T23:15:58.957+0800] GC(1527) Pause Cleanup
[2024-08-29T23:15:58.957+0800] GC(1527) Pause Cleanup 1143M->1143M(2048M) 0.015ms
[2024-08-29T23:15:58.957+0800] GC(1527) User=0.00s Sys=0.00s Real=0.00s
[2024-08-29T23:15:58.957+0800] GC(1527) Concurrent Cleanup for Next Mark
[2024-08-29T23:15:58.961+0800] GC(1527) Concurrent Cleanup for Next Mark 4.171ms
[2024-08-29T23:15:58.961+0800] GC(1527) Concurrent Mark Cycle 8.350ms
[2024-08-29T23:15:58.964+0800] GC(1528) Pause Young (Concurrent Start) (G1 Humongous Allocation)
[2024-08-29T23:15:58.964+0800] GC(1528) Using 8 workers of 8 for evacuation
[2024-08-29T23:15:58.965+0800] GC(1528)   Pre Evacuate Collection Set: 0.2ms
[2024-08-29T23:15:58.965+0800] GC(1528)   Merge Heap Roots: 0.2ms
[2024-08-29T23:15:58.965+0800] GC(1528)   Evacuate Collection Set: 0.6ms
[2024-08-29T23:15:58.965+0800] GC(1528)   Post Evacuate Collection Set: 0.3ms
[2024-08-29T23:15:58.965+0800] GC(1528)   Other: 0.2ms
[2024-08-29T23:15:58.965+0800] GC(1528) Eden regions: 4->0(729)
[2024-08-29T23:15:58.965+0800] GC(1528) Survivor regions: 0->0(89)
[2024-08-29T23:15:58.965+0800] GC(1528) Old regions: 1->1
[2024-08-29T23:15:58.965+0800] GC(1528) Archive regions: 2->2
[2024-08-29T23:15:58.965+0800] GC(1528) Humongous regions: 1148->1110
[2024-08-29T23:15:58.965+0800] GC(1528) Metaspace: 1627K(1792K)->1627K(1792K) NonClass: 1508K(1600K)->1508K(1600K) Class: 119K(192K)->119K(192K)
[2024-08-29T23:15:58.965+0800] GC(1528) Pause Young (Concurrent Start) (G1 Humongous Allocation) 1153M->1111M(2048M) 1.491ms
[2024-08-29T23:15:58.965+0800] GC(1528) User=0.00s Sys=0.00s Real=0.00s
[2024-08-29T23:15:58.965+0800] GC(1529) Concurrent Mark Cycle
[2024-08-29T23:15:58.965+0800] GC(1529) Concurrent Clear Claimed Marks
[2024-08-29T23:15:58.965+0800] GC(1529) Concurrent Clear Claimed Marks 0.006ms
[2024-08-29T23:15:58.965+0800] GC(1529) Concurrent Scan Root Regions
[2024-08-29T23:15:58.965+0800] GC(1529) Concurrent Scan Root Regions 0.004ms
[2024-08-29T23:15:58.965+0800] GC(1529) Concurrent Mark
[2024-08-29T23:15:58.965+0800] GC(1529) Concurrent Mark From Roots
[2024-08-29T23:15:58.965+0800] GC(1529) Using 2 workers of 2 for marking
[2024-08-29T23:15:58.968+0800] GC(1529) Concurrent Mark From Roots 2.330ms
[2024-08-29T23:15:58.968+0800] GC(1529) Concurrent Preclean
[2024-08-29T23:15:58.968+0800] GC(1529) Concurrent Preclean 0.091ms
[2024-08-29T23:15:58.969+0800] GC(1529) Pause Remark
[2024-08-29T23:15:58.970+0800] GC(1529) Pause Remark 1123M->1123M(2048M) 1.308ms
[2024-08-29T23:15:58.970+0800] GC(1529) User=0.00s Sys=0.00s Real=0.00s
[2024-08-29T23:15:58.970+0800] GC(1529) Concurrent Mark 4.747ms
[2024-08-29T23:15:58.970+0800] GC(1529) Concurrent Rebuild Remembered Sets
[2024-08-29T23:15:58.970+0800] GC(1529) Concurrent Rebuild Remembered Sets 0.005ms
[2024-08-29T23:15:58.970+0800] GC(1529) Pause Cleanup
[2024-08-29T23:15:58.970+0800] GC(1529) Pause Cleanup 1123M->1123M(2048M) 0.015ms
[2024-08-29T23:15:58.970+0800] GC(1529) User=0.00s Sys=0.00s Real=0.00s
[2024-08-29T23:15:58.970+0800] GC(1529) Concurrent Cleanup for Next Mark
[2024-08-29T23:15:58.975+0800] GC(1529) Concurrent Cleanup for Next Mark 4.529ms
[2024-08-29T23:15:58.975+0800] GC(1529) Concurrent Mark Cycle 9.497ms
[2024-08-29T23:15:58.976+0800] GC(1530) Pause Young (Concurrent Start) (G1 Humongous Allocation)
[2024-08-29T23:15:58.976+0800] GC(1530) Using 8 workers of 8 for evacuation
[2024-08-29T23:15:58.977+0800] GC(1530)   Pre Evacuate Collection Set: 0.2ms
[2024-08-29T23:15:58.977+0800] GC(1530)   Merge Heap Roots: 0.1ms
[2024-08-29T23:15:58.977+0800] GC(1530)   Evacuate Collection Set: 0.3ms
[2024-08-29T23:15:58.977+0800] GC(1530)   Post Evacuate Collection Set: 0.3ms
[2024-08-29T23:15:58.977+0800] GC(1530)   Other: 0.1ms
[2024-08-29T23:15:58.977+0800] GC(1530) Eden regions: 3->0(733)
[2024-08-29T23:15:58.977+0800] GC(1530) Survivor regions: 0->0(92)
[2024-08-29T23:15:58.977+0800] GC(1530) Old regions: 1->1
[2024-08-29T23:15:58.977+0800] GC(1530) Archive regions: 2->2
[2024-08-29T23:15:58.977+0800] GC(1530) Humongous regions: 1133->1106
[2024-08-29T23:15:58.977+0800] GC(1530) Metaspace: 1627K(1792K)->1627K(1792K) NonClass: 1508K(1600K)->1508K(1600K) Class: 119K(192K)->119K(192K)
[2024-08-29T23:15:58.977+0800] GC(1530) Pause Young (Concurrent Start) (G1 Humongous Allocation) 1137M->1107M(2048M) 1.106ms
[2024-08-29T23:15:58.977+0800] GC(1530) User=0.00s Sys=0.01s Real=0.00s
[2024-08-29T23:15:58.977+0800] GC(1531) Concurrent Mark Cycle
[2024-08-29T23:15:58.977+0800] GC(1531) Concurrent Clear Claimed Marks
[2024-08-29T23:15:58.977+0800] GC(1531) Concurrent Clear Claimed Marks 0.006ms
[2024-08-29T23:15:58.977+0800] GC(1531) Concurrent Scan Root Regions
[2024-08-29T23:15:58.977+0800] GC(1531) Concurrent Scan Root Regions 0.004ms
[2024-08-29T23:15:58.977+0800] GC(1531) Concurrent Mark
[2024-08-29T23:15:58.977+0800] GC(1531) Concurrent Mark From Roots
[2024-08-29T23:15:58.977+0800] GC(1531) Using 2 workers of 2 for marking
[2024-08-29T23:15:58.979+0800] GC(1531) Concurrent Mark From Roots 2.307ms
[2024-08-29T23:15:58.979+0800] GC(1531) Concurrent Preclean
[2024-08-29T23:15:58.979+0800] GC(1531) Concurrent Preclean 0.089ms
[2024-08-29T23:15:58.979+0800] GC(1531) Pause Remark
[2024-08-29T23:15:58.980+0800] GC(1531) Pause Remark 1115M->1115M(2048M) 0.899ms
[2024-08-29T23:15:58.980+0800] GC(1531) User=0.00s Sys=0.00s Real=0.00s
[2024-08-29T23:15:58.980+0800] GC(1531) Concurrent Mark 3.421ms
[2024-08-29T23:15:58.980+0800] GC(1531) Concurrent Rebuild Remembered Sets
[2024-08-29T23:15:58.980+0800] GC(1531) Concurrent Rebuild Remembered Sets 0.005ms
[2024-08-29T23:15:58.981+0800] GC(1531) Pause Cleanup
[2024-08-29T23:15:58.981+0800] GC(1531) Pause Cleanup 1120M->1120M(2048M) 0.016ms
[2024-08-29T23:15:58.981+0800] GC(1531) User=0.00s Sys=0.00s Real=0.00s
[2024-08-29T23:15:58.981+0800] GC(1531) Concurrent Cleanup for Next Mark
[2024-08-29T23:15:58.987+0800] GC(1531) Concurrent Cleanup for Next Mark 5.361ms
[2024-08-29T23:15:58.987+0800] GC(1531) Concurrent Mark Cycle 9.876ms
[2024-08-29T23:15:58.987+0800] GC(1532) Pause Young (Concurrent Start) (G1 Humongous Allocation)
[2024-08-29T23:15:58.987+0800] GC(1532) Using 8 workers of 8 for evacuation
[2024-08-29T23:15:58.989+0800] GC(1532)   Pre Evacuate Collection Set: 0.2ms
[2024-08-29T23:15:58.989+0800] GC(1532)   Merge Heap Roots: 0.1ms
[2024-08-29T23:15:58.989+0800] GC(1532)   Evacuate Collection Set: 0.3ms
[2024-08-29T23:15:58.989+0800] GC(1532)   Post Evacuate Collection Set: 0.3ms
[2024-08-29T23:15:58.989+0800] GC(1532)   Other: 0.1ms
[2024-08-29T23:15:58.989+0800] GC(1532) Eden regions: 4->0(720)
[2024-08-29T23:15:58.989+0800] GC(1532) Survivor regions: 0->0(92)
[2024-08-29T23:15:58.989+0800] GC(1532) Old regions: 1->1
[2024-08-29T23:15:58.989+0800] GC(1532) Archive regions: 2->2
[2024-08-29T23:15:58.989+0800] GC(1532) Humongous regions: 1139->1119
[2024-08-29T23:15:58.989+0800] GC(1532) Metaspace: 1627K(1792K)->1627K(1792K) NonClass: 1508K(1600K)->1508K(1600K) Class: 119K(192K)->119K(192K)
[2024-08-29T23:15:58.989+0800] GC(1532) Pause Young (Concurrent Start) (G1 Humongous Allocation) 1143M->1120M(2048M) 1.129ms
[2024-08-29T23:15:58.989+0800] GC(1532) User=0.00s Sys=0.01s Real=0.00s
[2024-08-29T23:15:58.989+0800] GC(1533) Concurrent Mark Cycle
[2024-08-29T23:15:58.989+0800] GC(1533) Concurrent Clear Claimed Marks
[2024-08-29T23:15:58.989+0800] GC(1533) Concurrent Clear Claimed Marks 0.006ms
[2024-08-29T23:15:58.989+0800] GC(1533) Concurrent Scan Root Regions
[2024-08-29T23:15:58.989+0800] GC(1533) Concurrent Scan Root Regions 0.004ms
[2024-08-29T23:15:58.989+0800] GC(1533) Concurrent Mark
[2024-08-29T23:15:58.989+0800] GC(1533) Concurrent Mark From Roots
[2024-08-29T23:15:58.989+0800] GC(1533) Using 2 workers of 2 for marking
[2024-08-29T23:15:58.991+0800] GC(1533) Concurrent Mark From Roots 2.750ms
[2024-08-29T23:15:58.991+0800] GC(1533) Concurrent Preclean
[2024-08-29T23:15:58.992+0800] GC(1533) Concurrent Preclean 0.075ms
[2024-08-29T23:15:58.992+0800] GC(1533) Pause Remark
[2024-08-29T23:15:58.993+0800] GC(1533) Pause Remark 1134M->1134M(2048M) 0.937ms
[2024-08-29T23:15:58.993+0800] GC(1533) User=0.00s Sys=0.00s Real=0.01s
[2024-08-29T23:15:58.993+0800] GC(1533) Concurrent Mark 4.185ms
[2024-08-29T23:15:58.993+0800] GC(1533) Concurrent Rebuild Remembered Sets
[2024-08-29T23:15:58.993+0800] GC(1533) Concurrent Rebuild Remembered Sets 0.006ms
[2024-08-29T23:15:58.994+0800] GC(1533) Pause Cleanup
[2024-08-29T23:15:58.994+0800] GC(1533) Pause Cleanup 1134M->1134M(2048M) 0.019ms
[2024-08-29T23:15:58.994+0800] GC(1533) User=0.00s Sys=0.00s Real=0.00s
[2024-08-29T23:15:58.994+0800] GC(1533) Concurrent Cleanup for Next Mark
[2024-08-29T23:15:58.999+0800] GC(1533) Concurrent Cleanup for Next Mark 4.668ms
[2024-08-29T23:15:58.999+0800] GC(1533) Concurrent Mark Cycle 10.055ms
[2024-08-29T23:15:59.001+0800] GC(1534) Pause Young (Concurrent Start) (G1 Humongous Allocation)
[2024-08-29T23:15:59.001+0800] GC(1534) Using 8 workers of 8 for evacuation
[2024-08-29T23:15:59.002+0800] GC(1534)   Pre Evacuate Collection Set: 0.7ms
[2024-08-29T23:15:59.002+0800] GC(1534)   Merge Heap Roots: 0.2ms
[2024-08-29T23:15:59.002+0800] GC(1534)   Evacuate Collection Set: 0.5ms
[2024-08-29T23:15:59.002+0800] GC(1534)   Post Evacuate Collection Set: 0.3ms
[2024-08-29T23:15:59.003+0800] GC(1534)   Other: 0.2ms
[2024-08-29T23:15:59.003+0800] GC(1534) Eden regions: 4->0(705)
[2024-08-29T23:15:59.003+0800] GC(1534) Survivor regions: 0->0(90)
[2024-08-29T23:15:59.003+0800] GC(1534) Old regions: 1->1
[2024-08-29T23:15:59.003+0800] GC(1534) Archive regions: 2->2
[2024-08-29T23:15:59.003+0800] GC(1534) Humongous regions: 1151->1134
[2024-08-29T23:15:59.003+0800] GC(1534) Metaspace: 1627K(1792K)->1627K(1792K) NonClass: 1508K(1600K)->1508K(1600K) Class: 119K(192K)->119K(192K)
[2024-08-29T23:15:59.003+0800] GC(1534) Pause Young (Concurrent Start) (G1 Humongous Allocation) 1155M->1135M(2048M) 1.875ms
[2024-08-29T23:15:59.003+0800] GC(1534) User=0.00s Sys=0.00s Real=0.01s
[2024-08-29T23:15:59.003+0800] GC(1535) Concurrent Mark Cycle
[2024-08-29T23:15:59.003+0800] GC(1535) Concurrent Clear Claimed Marks
[2024-08-29T23:15:59.003+0800] GC(1535) Concurrent Clear Claimed Marks 0.007ms
[2024-08-29T23:15:59.003+0800] GC(1535) Concurrent Scan Root Regions
[2024-08-29T23:15:59.003+0800] GC(1535) Concurrent Scan Root Regions 0.004ms
[2024-08-29T23:15:59.003+0800] GC(1535) Concurrent Mark
[2024-08-29T23:15:59.003+0800] GC(1535) Concurrent Mark From Roots
[2024-08-29T23:15:59.003+0800] GC(1535) Using 2 workers of 2 for marking
[2024-08-29T23:15:59.005+0800] GC(1535) Concurrent Mark From Roots 2.618ms
[2024-08-29T23:15:59.005+0800] GC(1535) Concurrent Preclean
[2024-08-29T23:15:59.005+0800] GC(1535) Concurrent Preclean 0.095ms
[2024-08-29T23:15:59.007+0800] GC(1535) Pause Remark
[2024-08-29T23:15:59.008+0800] GC(1535) Pause Remark 1151M->1151M(2048M) 0.780ms
[2024-08-29T23:15:59.008+0800] GC(1535) User=0.00s Sys=0.00s Real=0.00s
[2024-08-29T23:15:59.008+0800] GC(1535) Concurrent Mark 5.040ms
[2024-08-29T23:15:59.008+0800] GC(1535) Concurrent Rebuild Remembered Sets
[2024-08-29T23:15:59.008+0800] GC(1535) Concurrent Rebuild Remembered Sets 0.006ms
[2024-08-29T23:15:59.008+0800] GC(1535) Pause Cleanup
[2024-08-29T23:15:59.008+0800] GC(1535) Pause Cleanup 1152M->1152M(2048M) 0.012ms
[2024-08-29T23:15:59.008+0800] GC(1535) User=0.00s Sys=0.00s Real=0.00s
[2024-08-29T23:15:59.008+0800] GC(1535) Concurrent Cleanup for Next Mark
[2024-08-29T23:15:59.011+0800] GC(1535) Concurrent Cleanup for Next Mark 3.542ms
[2024-08-29T23:15:59.011+0800] GC(1535) Concurrent Mark Cycle 8.850ms
[2024-08-29T23:15:59.014+0800] GC(1536) Pause Young (Concurrent Start) (G1 Humongous Allocation)
[2024-08-29T23:15:59.014+0800] GC(1536) Using 8 workers of 8 for evacuation
[2024-08-29T23:15:59.015+0800] GC(1536)   Pre Evacuate Collection Set: 0.2ms
[2024-08-29T23:15:59.015+0800] GC(1536)   Merge Heap Roots: 0.1ms
[2024-08-29T23:15:59.015+0800] GC(1536)   Evacuate Collection Set: 0.5ms
[2024-08-29T23:15:59.015+0800] GC(1536)   Post Evacuate Collection Set: 0.3ms
[2024-08-29T23:15:59.015+0800] GC(1536)   Other: 0.1ms
[2024-08-29T23:15:59.015+0800] GC(1536) Eden regions: 3->0(724)
[2024-08-29T23:15:59.015+0800] GC(1536) Survivor regions: 0->0(89)
[2024-08-29T23:15:59.015+0800] GC(1536) Old regions: 1->1
[2024-08-29T23:15:59.015+0800] GC(1536) Archive regions: 2->2
[2024-08-29T23:15:59.015+0800] GC(1536) Humongous regions: 1156->1115
[2024-08-29T23:15:59.015+0800] GC(1536) Metaspace: 1627K(1792K)->1627K(1792K) NonClass: 1508K(1600K)->1508K(1600K) Class: 119K(192K)->119K(192K)
[2024-08-29T23:15:59.015+0800] GC(1536) Pause Young (Concurrent Start) (G1 Humongous Allocation) 1160M->1116M(2048M) 1.298ms
[2024-08-29T23:15:59.015+0800] GC(1536) User=0.00s Sys=0.00s Real=0.00s
[2024-08-29T23:15:59.015+0800] GC(1537) Concurrent Mark Cycle
[2024-08-29T23:15:59.015+0800] GC(1537) Concurrent Clear Claimed Marks
[2024-08-29T23:15:59.015+0800] GC(1537) Concurrent Clear Claimed Marks 0.006ms
[2024-08-29T23:15:59.015+0800] GC(1537) Concurrent Scan Root Regions
[2024-08-29T23:15:59.015+0800] GC(1537) Concurrent Scan Root Regions 0.004ms
[2024-08-29T23:15:59.015+0800] GC(1537) Concurrent Mark
[2024-08-29T23:15:59.015+0800] GC(1537) Concurrent Mark From Roots
[2024-08-29T23:15:59.015+0800] GC(1537) Using 2 workers of 2 for marking
[2024-08-29T23:15:59.018+0800] GC(1537) Concurrent Mark From Roots 2.457ms
[2024-08-29T23:15:59.018+0800] GC(1537) Concurrent Preclean
[2024-08-29T23:15:59.018+0800] GC(1537) Concurrent Preclean 0.091ms
[2024-08-29T23:15:59.019+0800] GC(1537) Pause Remark
[2024-08-29T23:15:59.020+0800] GC(1537) Pause Remark 1123M->1123M(2048M) 0.953ms
[2024-08-29T23:15:59.020+0800] GC(1537) User=0.00s Sys=0.00s Real=0.00s
[2024-08-29T23:15:59.020+0800] GC(1537) Concurrent Mark 4.694ms
[2024-08-29T23:15:59.020+0800] GC(1537) Concurrent Rebuild Remembered Sets
[2024-08-29T23:15:59.020+0800] GC(1537) Concurrent Rebuild Remembered Sets 0.005ms
[2024-08-29T23:15:59.022+0800] GC(1537) Pause Cleanup
[2024-08-29T23:15:59.022+0800] GC(1537) Pause Cleanup 1138M->1138M(2048M) 0.024ms
[2024-08-29T23:15:59.022+0800] GC(1537) User=0.00s Sys=0.00s Real=0.00s
[2024-08-29T23:15:59.022+0800] GC(1537) Concurrent Cleanup for Next Mark
[2024-08-29T23:15:59.027+0800] GC(1537) Concurrent Cleanup for Next Mark 4.845ms
[2024-08-29T23:15:59.027+0800] GC(1537) Concurrent Mark Cycle 11.670ms
[2024-08-29T23:15:59.028+0800] GC(1538) Pause Young (Concurrent Start) (G1 Humongous Allocation)
[2024-08-29T23:15:59.028+0800] GC(1538) Using 8 workers of 8 for evacuation
[2024-08-29T23:15:59.030+0800] GC(1538)   Pre Evacuate Collection Set: 0.4ms
[2024-08-29T23:15:59.030+0800] GC(1538)   Merge Heap Roots: 0.2ms
[2024-08-29T23:15:59.030+0800] GC(1538)   Evacuate Collection Set: 0.7ms
[2024-08-29T23:15:59.030+0800] GC(1538)   Post Evacuate Collection Set: 0.3ms
[2024-08-29T23:15:59.030+0800] GC(1538)   Other: 0.1ms
[2024-08-29T23:15:59.030+0800] GC(1538) Eden regions: 4->0(717)
[2024-08-29T23:15:59.030+0800] GC(1538) Survivor regions: 0->0(91)
[2024-08-29T23:15:59.030+0800] GC(1538) Old regions: 1->1
[2024-08-29T23:15:59.030+0800] GC(1538) Archive regions: 2->2
[2024-08-29T23:15:59.030+0800] GC(1538) Humongous regions: 1146->1122
[2024-08-29T23:15:59.030+0800] GC(1538) Metaspace: 1627K(1792K)->1627K(1792K) NonClass: 1508K(1600K)->1508K(1600K) Class: 119K(192K)->119K(192K)
[2024-08-29T23:15:59.030+0800] GC(1538) Pause Young (Concurrent Start) (G1 Humongous Allocation) 1151M->1123M(2048M) 1.795ms
[2024-08-29T23:15:59.030+0800] GC(1538) User=0.01s Sys=0.00s Real=0.00s
[2024-08-29T23:15:59.030+0800] GC(1539) Concurrent Mark Cycle
[2024-08-29T23:15:59.030+0800] GC(1539) Concurrent Clear Claimed Marks
[2024-08-29T23:15:59.030+0800] GC(1539) Concurrent Clear Claimed Marks 0.006ms
[2024-08-29T23:15:59.030+0800] GC(1539) Concurrent Scan Root Regions
[2024-08-29T23:15:59.030+0800] GC(1539) Concurrent Scan Root Regions 0.004ms
[2024-08-29T23:15:59.030+0800] GC(1539) Concurrent Mark
[2024-08-29T23:15:59.030+0800] GC(1539) Concurrent Mark From Roots
[2024-08-29T23:15:59.030+0800] GC(1539) Using 2 workers of 2 for marking
[2024-08-29T23:15:59.032+0800] GC(1539) Concurrent Mark From Roots 2.556ms
[2024-08-29T23:15:59.032+0800] GC(1539) Concurrent Preclean
[2024-08-29T23:15:59.033+0800] GC(1539) Concurrent Preclean 0.094ms
[2024-08-29T23:15:59.033+0800] GC(1539) Pause Remark
[2024-08-29T23:15:59.034+0800] GC(1539) Pause Remark 1131M->1131M(2048M) 1.124ms
[2024-08-29T23:15:59.034+0800] GC(1539) User=0.00s Sys=0.01s Real=0.00s
[2024-08-29T23:15:59.034+0800] GC(1539) Concurrent Mark 3.960ms
[2024-08-29T23:15:59.034+0800] GC(1539) Concurrent Rebuild Remembered Sets
[2024-08-29T23:15:59.034+0800] GC(1539) Concurrent Rebuild Remembered Sets 0.005ms
[2024-08-29T23:15:59.035+0800] GC(1539) Pause Cleanup
[2024-08-29T23:15:59.035+0800] GC(1539) Pause Cleanup 1132M->1132M(2048M) 0.019ms
[2024-08-29T23:15:59.035+0800] GC(1539) User=0.00s Sys=0.00s Real=0.00s
[2024-08-29T23:15:59.035+0800] GC(1539) Concurrent Cleanup for Next Mark
[2024-08-29T23:15:59.039+0800] GC(1539) Concurrent Cleanup for Next Mark 4.042ms
[2024-08-29T23:15:59.039+0800] GC(1539) Concurrent Mark Cycle 9.317ms
[2024-08-29T23:15:59.042+0800] GC(1540) Pause Young (Concurrent Start) (G1 Humongous Allocation)
[2024-08-29T23:15:59.042+0800] GC(1540) Using 8 workers of 8 for evacuation
[2024-08-29T23:15:59.043+0800] GC(1540)   Pre Evacuate Collection Set: 0.2ms
[2024-08-29T23:15:59.043+0800] GC(1540)   Merge Heap Roots: 0.1ms
[2024-08-29T23:15:59.043+0800] GC(1540)   Evacuate Collection Set: 0.5ms
[2024-08-29T23:15:59.043+0800] GC(1540)   Post Evacuate Collection Set: 0.4ms
[2024-08-29T23:15:59.043+0800] GC(1540)   Other: 0.1ms
[2024-08-29T23:15:59.043+0800] GC(1540) Eden regions: 4->0(725)
[2024-08-29T23:15:59.043+0800] GC(1540) Survivor regions: 0->0(90)
[2024-08-29T23:15:59.043+0800] GC(1540) Old regions: 1->1
[2024-08-29T23:15:59.043+0800] GC(1540) Archive regions: 2->2
[2024-08-29T23:15:59.043+0800] GC(1540) Humongous regions: 1142->1114
[2024-08-29T23:15:59.043+0800] GC(1540) Metaspace: 1627K(1792K)->1627K(1792K) NonClass: 1508K(1600K)->1508K(1600K) Class: 119K(192K)->119K(192K)
[2024-08-29T23:15:59.043+0800] GC(1540) Pause Young (Concurrent Start) (G1 Humongous Allocation) 1146M->1115M(2048M) 1.468ms
[2024-08-29T23:15:59.043+0800] GC(1540) User=0.00s Sys=0.00s Real=0.01s
[2024-08-29T23:15:59.043+0800] GC(1541) Concurrent Mark Cycle
[2024-08-29T23:15:59.043+0800] GC(1541) Concurrent Clear Claimed Marks
[2024-08-29T23:15:59.043+0800] GC(1541) Concurrent Clear Claimed Marks 0.009ms
[2024-08-29T23:15:59.043+0800] GC(1541) Concurrent Scan Root Regions
[2024-08-29T23:15:59.043+0800] GC(1541) Concurrent Scan Root Regions 0.004ms
[2024-08-29T23:15:59.043+0800] GC(1541) Concurrent Mark
[2024-08-29T23:15:59.043+0800] GC(1541) Concurrent Mark From Roots
[2024-08-29T23:15:59.043+0800] GC(1541) Using 2 workers of 2 for marking
[2024-08-29T23:15:59.047+0800] GC(1541) Concurrent Mark From Roots 3.074ms
[2024-08-29T23:15:59.047+0800] GC(1541) Concurrent Preclean
[2024-08-29T23:15:59.047+0800] GC(1541) Concurrent Preclean 0.074ms
[2024-08-29T23:15:59.047+0800] GC(1541) Pause Remark
[2024-08-29T23:15:59.048+0800] GC(1541) Pause Remark 1136M->1136M(2048M) 0.791ms
[2024-08-29T23:15:59.048+0800] GC(1541) User=0.00s Sys=0.00s Real=0.00s
[2024-08-29T23:15:59.048+0800] GC(1541) Concurrent Mark 4.074ms
[2024-08-29T23:15:59.048+0800] GC(1541) Concurrent Rebuild Remembered Sets
[2024-08-29T23:15:59.048+0800] GC(1541) Concurrent Rebuild Remembered Sets 0.005ms
[2024-08-29T23:15:59.048+0800] GC(1541) Pause Cleanup
[2024-08-29T23:15:59.048+0800] GC(1541) Pause Cleanup 1136M->1136M(2048M) 0.014ms
[2024-08-29T23:15:59.048+0800] GC(1541) User=0.00s Sys=0.00s Real=0.00s
[2024-08-29T23:15:59.048+0800] GC(1541) Concurrent Cleanup for Next Mark
[2024-08-29T23:15:59.052+0800] GC(1541) Concurrent Cleanup for Next Mark 4.398ms
[2024-08-29T23:15:59.052+0800] GC(1541) Concurrent Mark Cycle 8.727ms
[2024-08-29T23:15:59.055+0800] GC(1542) Pause Young (Concurrent Start) (G1 Humongous Allocation)
[2024-08-29T23:15:59.055+0800] GC(1542) Using 8 workers of 8 for evacuation
[2024-08-29T23:15:59.057+0800] GC(1542)   Pre Evacuate Collection Set: 0.4ms
[2024-08-29T23:15:59.057+0800] GC(1542)   Merge Heap Roots: 0.1ms
[2024-08-29T23:15:59.057+0800] GC(1542)   Evacuate Collection Set: 0.4ms
[2024-08-29T23:15:59.057+0800] GC(1542)   Post Evacuate Collection Set: 0.3ms
[2024-08-29T23:15:59.057+0800] GC(1542)   Other: 0.2ms
[2024-08-29T23:15:59.057+0800] GC(1542) Eden regions: 4->0(705)
[2024-08-29T23:15:59.057+0800] GC(1542) Survivor regions: 0->0(91)
[2024-08-29T23:15:59.057+0800] GC(1542) Old regions: 1->1
[2024-08-29T23:15:59.057+0800] GC(1542) Archive regions: 2->2
[2024-08-29T23:15:59.057+0800] GC(1542) Humongous regions: 1149->1134
[2024-08-29T23:15:59.057+0800] GC(1542) Metaspace: 1627K(1792K)->1627K(1792K) NonClass: 1508K(1600K)->1508K(1600K) Class: 119K(192K)->119K(192K)
[2024-08-29T23:15:59.057+0800] GC(1542) Pause Young (Concurrent Start) (G1 Humongous Allocation) 1154M->1135M(2048M) 1.474ms
[2024-08-29T23:15:59.057+0800] GC(1542) User=0.00s Sys=0.00s Real=0.00s
[2024-08-29T23:15:59.057+0800] GC(1543) Concurrent Mark Cycle
[2024-08-29T23:15:59.057+0800] GC(1543) Concurrent Clear Claimed Marks
[2024-08-29T23:15:59.057+0800] GC(1543) Concurrent Clear Claimed Marks 0.008ms
[2024-08-29T23:15:59.057+0800] GC(1543) Concurrent Scan Root Regions
[2024-08-29T23:15:59.057+0800] GC(1543) Concurrent Scan Root Regions 0.004ms
[2024-08-29T23:15:59.057+0800] GC(1543) Concurrent Mark
[2024-08-29T23:15:59.057+0800] GC(1543) Concurrent Mark From Roots
[2024-08-29T23:15:59.057+0800] GC(1543) Using 2 workers of 2 for marking
[2024-08-29T23:15:59.060+0800] GC(1543) Concurrent Mark From Roots 2.799ms
[2024-08-29T23:15:59.060+0800] GC(1543) Concurrent Preclean
[2024-08-29T23:15:59.060+0800] GC(1543) Concurrent Preclean 0.113ms
[2024-08-29T23:15:59.062+0800] GC(1543) Pause Remark
[2024-08-29T23:15:59.063+0800] GC(1543) Pause Remark 1158M->1158M(2048M) 1.101ms
[2024-08-29T23:15:59.063+0800] GC(1543) User=0.00s Sys=0.00s Real=0.01s
[2024-08-29T23:15:59.063+0800] GC(1543) Concurrent Mark 6.160ms
[2024-08-29T23:15:59.063+0800] GC(1543) Concurrent Rebuild Remembered Sets
[2024-08-29T23:15:59.063+0800] GC(1543) Concurrent Rebuild Remembered Sets 0.007ms
[2024-08-29T23:15:59.063+0800] GC(1543) Pause Cleanup
[2024-08-29T23:15:59.063+0800] GC(1543) Pause Cleanup 1158M->1158M(2048M) 0.015ms
[2024-08-29T23:15:59.063+0800] GC(1543) User=0.00s Sys=0.00s Real=0.00s
[2024-08-29T23:15:59.063+0800] GC(1543) Concurrent Cleanup for Next Mark
[2024-08-29T23:15:59.067+0800] GC(1543) Concurrent Cleanup for Next Mark 3.758ms
[2024-08-29T23:15:59.067+0800] GC(1543) Concurrent Mark Cycle 10.187ms
[2024-08-29T23:15:59.068+0800] GC(1544) Pause Young (Concurrent Start) (G1 Humongous Allocation)
[2024-08-29T23:15:59.068+0800] GC(1544) Using 8 workers of 8 for evacuation
[2024-08-29T23:15:59.069+0800] GC(1544)   Pre Evacuate Collection Set: 0.3ms
[2024-08-29T23:15:59.069+0800] GC(1544)   Merge Heap Roots: 0.1ms
[2024-08-29T23:15:59.069+0800] GC(1544)   Evacuate Collection Set: 0.4ms
[2024-08-29T23:15:59.069+0800] GC(1544)   Post Evacuate Collection Set: 0.3ms
[2024-08-29T23:15:59.069+0800] GC(1544)   Other: 0.2ms
[2024-08-29T23:15:59.069+0800] GC(1544) Eden regions: 4->0(700)
[2024-08-29T23:15:59.069+0800] GC(1544) Survivor regions: 0->0(89)
[2024-08-29T23:15:59.069+0800] GC(1544) Old regions: 1->1
[2024-08-29T23:15:59.069+0800] GC(1544) Archive regions: 2->2
[2024-08-29T23:15:59.069+0800] GC(1544) Humongous regions: 1158->1139
[2024-08-29T23:15:59.069+0800] GC(1544) Metaspace: 1627K(1792K)->1627K(1792K) NonClass: 1508K(1600K)->1508K(1600K) Class: 119K(192K)->119K(192K)
[2024-08-29T23:15:59.069+0800] GC(1544) Pause Young (Concurrent Start) (G1 Humongous Allocation) 1163M->1140M(2048M) 1.266ms
[2024-08-29T23:15:59.069+0800] GC(1544) User=0.00s Sys=0.00s Real=0.00s
[2024-08-29T23:15:59.069+0800] GC(1545) Concurrent Mark Cycle
[2024-08-29T23:15:59.069+0800] GC(1545) Concurrent Clear Claimed Marks
[2024-08-29T23:15:59.069+0800] GC(1545) Concurrent Clear Claimed Marks 0.006ms
[2024-08-29T23:15:59.069+0800] GC(1545) Concurrent Scan Root Regions
[2024-08-29T23:15:59.069+0800] GC(1545) Concurrent Scan Root Regions 0.004ms
[2024-08-29T23:15:59.069+0800] GC(1545) Concurrent Mark
[2024-08-29T23:15:59.069+0800] GC(1545) Concurrent Mark From Roots
[2024-08-29T23:15:59.069+0800] GC(1545) Using 2 workers of 2 for marking
[2024-08-29T23:15:59.072+0800] GC(1545) Concurrent Mark From Roots 2.949ms
[2024-08-29T23:15:59.072+0800] GC(1545) Concurrent Preclean
[2024-08-29T23:15:59.072+0800] GC(1545) Concurrent Preclean 0.078ms
[2024-08-29T23:15:59.075+0800] GC(1545) Pause Remark
[2024-08-29T23:15:59.076+0800] GC(1545) Pause Remark 1158M->1158M(2048M) 1.206ms
[2024-08-29T23:15:59.076+0800] GC(1545) User=0.00s Sys=0.00s Real=0.00s
[2024-08-29T23:15:59.076+0800] GC(1545) Concurrent Mark 6.788ms
[2024-08-29T23:15:59.076+0800] GC(1545) Concurrent Rebuild Remembered Sets
[2024-08-29T23:15:59.076+0800] GC(1545) Concurrent Rebuild Remembered Sets 0.007ms
[2024-08-29T23:15:59.077+0800] GC(1545) Pause Cleanup
[2024-08-29T23:15:59.077+0800] GC(1545) Pause Cleanup 1160M->1160M(2048M) 0.019ms
[2024-08-29T23:15:59.077+0800] GC(1545) User=0.00s Sys=0.00s Real=0.00s
[2024-08-29T23:15:59.077+0800] GC(1545) Concurrent Cleanup for Next Mark
[2024-08-29T23:15:59.081+0800] GC(1545) Concurrent Cleanup for Next Mark 3.915ms
[2024-08-29T23:15:59.081+0800] GC(1545) Concurrent Mark Cycle 11.585ms
[2024-08-29T23:15:59.082+0800] GC(1546) Pause Young (Concurrent Start) (G1 Humongous Allocation)
[2024-08-29T23:15:59.082+0800] GC(1546) Using 8 workers of 8 for evacuation
[2024-08-29T23:15:59.083+0800] GC(1546)   Pre Evacuate Collection Set: 0.2ms
[2024-08-29T23:15:59.083+0800] GC(1546)   Merge Heap Roots: 0.1ms
[2024-08-29T23:15:59.083+0800] GC(1546)   Evacuate Collection Set: 0.5ms
[2024-08-29T23:15:59.083+0800] GC(1546)   Post Evacuate Collection Set: 0.3ms
[2024-08-29T23:15:59.083+0800] GC(1546)   Other: 0.1ms
[2024-08-29T23:15:59.083+0800] GC(1546) Eden regions: 3->0(699)
[2024-08-29T23:15:59.083+0800] GC(1546) Survivor regions: 0->0(88)
[2024-08-29T23:15:59.083+0800] GC(1546) Old regions: 1->1
[2024-08-29T23:15:59.083+0800] GC(1546) Archive regions: 2->2
[2024-08-29T23:15:59.083+0800] GC(1546) Humongous regions: 1164->1140
[2024-08-29T23:15:59.083+0800] GC(1546) Metaspace: 1627K(1792K)->1627K(1792K) NonClass: 1508K(1600K)->1508K(1600K) Class: 119K(192K)->119K(192K)
[2024-08-29T23:15:59.083+0800] GC(1546) Pause Young (Concurrent Start) (G1 Humongous Allocation) 1168M->1141M(2048M) 1.255ms
[2024-08-29T23:15:59.083+0800] GC(1546) User=0.00s Sys=0.00s Real=0.01s
[2024-08-29T23:15:59.083+0800] GC(1547) Concurrent Mark Cycle
[2024-08-29T23:15:59.083+0800] GC(1547) Concurrent Clear Claimed Marks
[2024-08-29T23:15:59.083+0800] GC(1547) Concurrent Clear Claimed Marks 0.006ms
[2024-08-29T23:15:59.083+0800] GC(1547) Concurrent Scan Root Regions
[2024-08-29T23:15:59.083+0800] GC(1547) Concurrent Scan Root Regions 0.004ms
[2024-08-29T23:15:59.083+0800] GC(1547) Concurrent Mark
[2024-08-29T23:15:59.083+0800] GC(1547) Concurrent Mark From Roots
[2024-08-29T23:15:59.083+0800] GC(1547) Using 2 workers of 2 for marking
[2024-08-29T23:15:59.086+0800] GC(1547) Concurrent Mark From Roots 2.475ms
[2024-08-29T23:15:59.086+0800] GC(1547) Concurrent Preclean
[2024-08-29T23:15:59.086+0800] GC(1547) Concurrent Preclean 0.094ms
[2024-08-29T23:15:59.086+0800] GC(1547) Pause Remark
[2024-08-29T23:15:59.087+0800] GC(1547) Pause Remark 1146M->1146M(2048M) 0.912ms
[2024-08-29T23:15:59.087+0800] GC(1547) User=0.00s Sys=0.00s Real=0.00s
[2024-08-29T23:15:59.087+0800] GC(1547) Concurrent Mark 3.671ms
[2024-08-29T23:15:59.087+0800] GC(1547) Concurrent Rebuild Remembered Sets
[2024-08-29T23:15:59.087+0800] GC(1547) Concurrent Rebuild Remembered Sets 0.006ms
[2024-08-29T23:15:59.087+0800] GC(1547) Pause Cleanup
[2024-08-29T23:15:59.087+0800] GC(1547) Pause Cleanup 1148M->1148M(2048M) 0.014ms
[2024-08-29T23:15:59.087+0800] GC(1547) User=0.00s Sys=0.00s Real=0.00s
[2024-08-29T23:15:59.087+0800] GC(1547) Concurrent Cleanup for Next Mark
[2024-08-29T23:15:59.091+0800] GC(1547) Concurrent Cleanup for Next Mark 3.847ms
[2024-08-29T23:15:59.091+0800] GC(1547) Concurrent Mark Cycle 7.807ms
[2024-08-29T23:15:59.092+0800] GC(1548) Pause Young (Concurrent Start) (G1 Humongous Allocation)
[2024-08-29T23:15:59.092+0800] GC(1548) Using 8 workers of 8 for evacuation
[2024-08-29T23:15:59.093+0800] GC(1548)   Pre Evacuate Collection Set: 0.2ms
[2024-08-29T23:15:59.093+0800] GC(1548)   Merge Heap Roots: 0.1ms
[2024-08-29T23:15:59.093+0800] GC(1548)   Evacuate Collection Set: 0.4ms
[2024-08-29T23:15:59.093+0800] GC(1548)   Post Evacuate Collection Set: 0.3ms
[2024-08-29T23:15:59.093+0800] GC(1548)   Other: 0.1ms
[2024-08-29T23:15:59.093+0800] GC(1548) Eden regions: 3->0(717)
[2024-08-29T23:15:59.093+0800] GC(1548) Survivor regions: 0->0(88)
[2024-08-29T23:15:59.093+0800] GC(1548) Old regions: 1->1
[2024-08-29T23:15:59.093+0800] GC(1548) Archive regions: 2->2
[2024-08-29T23:15:59.093+0800] GC(1548) Humongous regions: 1150->1122
[2024-08-29T23:15:59.093+0800] GC(1548) Metaspace: 1627K(1792K)->1627K(1792K) NonClass: 1508K(1600K)->1508K(1600K) Class: 119K(192K)->119K(192K)
[2024-08-29T23:15:59.093+0800] GC(1548) Pause Young (Concurrent Start) (G1 Humongous Allocation) 1154M->1123M(2048M) 1.138ms
[2024-08-29T23:15:59.093+0800] GC(1548) User=0.01s Sys=0.00s Real=0.01s
[2024-08-29T23:15:59.093+0800] GC(1549) Concurrent Mark Cycle
[2024-08-29T23:15:59.093+0800] GC(1549) Concurrent Clear Claimed Marks
[2024-08-29T23:15:59.093+0800] GC(1549) Concurrent Clear Claimed Marks 0.007ms
[2024-08-29T23:15:59.093+0800] GC(1549) Concurrent Scan Root Regions
[2024-08-29T23:15:59.093+0800] GC(1549) Concurrent Scan Root Regions 0.005ms
[2024-08-29T23:15:59.093+0800] GC(1549) Concurrent Mark
[2024-08-29T23:15:59.093+0800] GC(1549) Concurrent Mark From Roots
[2024-08-29T23:15:59.093+0800] GC(1549) Using 2 workers of 2 for marking
[2024-08-29T23:15:59.095+0800] GC(1549) Concurrent Mark From Roots 2.359ms
[2024-08-29T23:15:59.095+0800] GC(1549) Concurrent Preclean
[2024-08-29T23:15:59.096+0800] GC(1549) Concurrent Preclean 0.075ms
[2024-08-29T23:15:59.096+0800] GC(1549) Pause Remark
[2024-08-29T23:15:59.097+0800] GC(1549) Pause Remark 1132M->1132M(2048M) 1.139ms
[2024-08-29T23:15:59.097+0800] GC(1549) User=0.00s Sys=0.01s Real=0.00s
[2024-08-29T23:15:59.097+0800] GC(1549) Concurrent Mark 3.742ms
[2024-08-29T23:15:59.097+0800] GC(1549) Concurrent Rebuild Remembered Sets
[2024-08-29T23:15:59.097+0800] GC(1549) Concurrent Rebuild Remembered Sets 0.005ms
[2024-08-29T23:15:59.098+0800] GC(1549) Pause Cleanup
[2024-08-29T23:15:59.098+0800] GC(1549) Pause Cleanup 1137M->1137M(2048M) 0.018ms
[2024-08-29T23:15:59.098+0800] GC(1549) User=0.00s Sys=0.00s Real=0.00s
[2024-08-29T23:15:59.098+0800] GC(1549) Concurrent Cleanup for Next Mark
[2024-08-29T23:15:59.101+0800] GC(1549) Concurrent Cleanup for Next Mark 3.350ms
[2024-08-29T23:15:59.101+0800] GC(1549) Concurrent Mark Cycle 8.244ms
[2024-08-29T23:15:59.107+0800] GC(1550) Pause Young (Concurrent Start) (G1 Humongous Allocation)
[2024-08-29T23:15:59.107+0800] GC(1550) Using 8 workers of 8 for evacuation
[2024-08-29T23:15:59.108+0800] GC(1550)   Pre Evacuate Collection Set: 0.2ms
[2024-08-29T23:15:59.108+0800] GC(1550)   Merge Heap Roots: 0.1ms
[2024-08-29T23:15:59.108+0800] GC(1550)   Evacuate Collection Set: 0.4ms
[2024-08-29T23:15:59.108+0800] GC(1550)   Post Evacuate Collection Set: 0.3ms
[2024-08-29T23:15:59.108+0800] GC(1550)   Other: 0.1ms
[2024-08-29T23:15:59.108+0800] GC(1550) Eden regions: 3->0(737)
[2024-08-29T23:15:59.108+0800] GC(1550) Survivor regions: 0->0(90)
[2024-08-29T23:15:59.108+0800] GC(1550) Old regions: 1->1
[2024-08-29T23:15:59.108+0800] GC(1550) Archive regions: 2->2
[2024-08-29T23:15:59.108+0800] GC(1550) Humongous regions: 1137->1102
[2024-08-29T23:15:59.108+0800] GC(1550) Metaspace: 1627K(1792K)->1627K(1792K) NonClass: 1508K(1600K)->1508K(1600K) Class: 119K(192K)->119K(192K)
[2024-08-29T23:15:59.108+0800] GC(1550) Pause Young (Concurrent Start) (G1 Humongous Allocation) 1141M->1103M(2048M) 1.149ms
[2024-08-29T23:15:59.108+0800] GC(1550) User=0.00s Sys=0.00s Real=0.00s
[2024-08-29T23:15:59.108+0800] GC(1551) Concurrent Mark Cycle
[2024-08-29T23:15:59.108+0800] GC(1551) Concurrent Clear Claimed Marks
[2024-08-29T23:15:59.108+0800] GC(1551) Concurrent Clear Claimed Marks 0.006ms
[2024-08-29T23:15:59.108+0800] GC(1551) Concurrent Scan Root Regions
[2024-08-29T23:15:59.108+0800] GC(1551) Concurrent Scan Root Regions 0.004ms
[2024-08-29T23:15:59.108+0800] GC(1551) Concurrent Mark
[2024-08-29T23:15:59.108+0800] GC(1551) Concurrent Mark From Roots
[2024-08-29T23:15:59.108+0800] GC(1551) Using 2 workers of 2 for marking
[2024-08-29T23:15:59.111+0800] GC(1551) Concurrent Mark From Roots 2.432ms
[2024-08-29T23:15:59.111+0800] GC(1551) Concurrent Preclean
[2024-08-29T23:15:59.111+0800] GC(1551) Concurrent Preclean 0.072ms
[2024-08-29T23:15:59.111+0800] GC(1551) Pause Remark
[2024-08-29T23:15:59.112+0800] GC(1551) Pause Remark 1112M->1112M(2048M) 0.838ms
[2024-08-29T23:15:59.112+0800] GC(1551) User=0.00s Sys=0.00s Real=0.00s
[2024-08-29T23:15:59.112+0800] GC(1551) Concurrent Mark 3.485ms
[2024-08-29T23:15:59.112+0800] GC(1551) Concurrent Rebuild Remembered Sets
[2024-08-29T23:15:59.112+0800] GC(1551) Concurrent Rebuild Remembered Sets 0.005ms
[2024-08-29T23:15:59.112+0800] GC(1551) Pause Cleanup
[2024-08-29T23:15:59.112+0800] GC(1551) Pause Cleanup 1112M->1112M(2048M) 0.014ms
[2024-08-29T23:15:59.112+0800] GC(1551) User=0.00s Sys=0.00s Real=0.00s
[2024-08-29T23:15:59.112+0800] GC(1551) Concurrent Cleanup for Next Mark
[2024-08-29T23:15:59.116+0800] GC(1551) Concurrent Cleanup for Next Mark 4.219ms
[2024-08-29T23:15:59.116+0800] GC(1551) Concurrent Mark Cycle 7.921ms
[2024-08-29T23:15:59.117+0800] GC(1552) Pause Young (Concurrent Start) (G1 Humongous Allocation)
[2024-08-29T23:15:59.117+0800] GC(1552) Using 8 workers of 8 for evacuation
[2024-08-29T23:15:59.118+0800] GC(1552)   Pre Evacuate Collection Set: 0.2ms
[2024-08-29T23:15:59.118+0800] GC(1552)   Merge Heap Roots: 0.1ms
[2024-08-29T23:15:59.118+0800] GC(1552)   Evacuate Collection Set: 0.6ms
[2024-08-29T23:15:59.118+0800] GC(1552)   Post Evacuate Collection Set: 0.3ms
[2024-08-29T23:15:59.118+0800] GC(1552)   Other: 0.1ms
[2024-08-29T23:15:59.118+0800] GC(1552) Eden regions: 3->0(753)
[2024-08-29T23:15:59.118+0800] GC(1552) Survivor regions: 0->0(93)
[2024-08-29T23:15:59.118+0800] GC(1552) Old regions: 1->1
[2024-08-29T23:15:59.118+0800] GC(1552) Archive regions: 2->2
[2024-08-29T23:15:59.118+0800] GC(1552) Humongous regions: 1118->1086
[2024-08-29T23:15:59.118+0800] GC(1552) Metaspace: 1627K(1792K)->1627K(1792K) NonClass: 1508K(1600K)->1508K(1600K) Class: 119K(192K)->119K(192K)
[2024-08-29T23:15:59.118+0800] GC(1552) Pause Young (Concurrent Start) (G1 Humongous Allocation) 1122M->1087M(2048M) 1.438ms
[2024-08-29T23:15:59.118+0800] GC(1552) User=0.00s Sys=0.00s Real=0.00s
[2024-08-29T23:15:59.118+0800] GC(1553) Concurrent Mark Cycle
[2024-08-29T23:15:59.118+0800] GC(1553) Concurrent Clear Claimed Marks
[2024-08-29T23:15:59.118+0800] GC(1553) Concurrent Clear Claimed Marks 0.006ms
[2024-08-29T23:15:59.118+0800] GC(1553) Concurrent Scan Root Regions
[2024-08-29T23:15:59.118+0800] GC(1553) Concurrent Scan Root Regions 0.004ms
[2024-08-29T23:15:59.118+0800] GC(1553) Concurrent Mark
[2024-08-29T23:15:59.118+0800] GC(1553) Concurrent Mark From Roots
[2024-08-29T23:15:59.118+0800] GC(1553) Using 2 workers of 2 for marking
[2024-08-29T23:15:59.121+0800] GC(1553) Concurrent Mark From Roots 2.393ms
[2024-08-29T23:15:59.121+0800] GC(1553) Concurrent Preclean
[2024-08-29T23:15:59.121+0800] GC(1553) Concurrent Preclean 0.076ms
[2024-08-29T23:15:59.121+0800] GC(1553) Pause Remark
[2024-08-29T23:15:59.122+0800] GC(1553) Pause Remark 1099M->1099M(2048M) 1.293ms
[2024-08-29T23:15:59.122+0800] GC(1553) User=0.00s Sys=0.00s Real=0.00s
[2024-08-29T23:15:59.122+0800] GC(1553) Concurrent Mark 3.895ms
[2024-08-29T23:15:59.122+0800] GC(1553) Concurrent Rebuild Remembered Sets
[2024-08-29T23:15:59.122+0800] GC(1553) Concurrent Rebuild Remembered Sets 0.005ms
[2024-08-29T23:15:59.122+0800] GC(1553) Pause Cleanup
[2024-08-29T23:15:59.122+0800] GC(1553) Pause Cleanup 1099M->1099M(2048M) 0.018ms
[2024-08-29T23:15:59.122+0800] GC(1553) User=0.00s Sys=0.00s Real=0.00s
[2024-08-29T23:15:59.122+0800] GC(1553) Concurrent Cleanup for Next Mark
[2024-08-29T23:15:59.127+0800] GC(1553) Concurrent Cleanup for Next Mark 4.253ms
[2024-08-29T23:15:59.127+0800] GC(1553) Concurrent Mark Cycle 8.383ms
[2024-08-29T23:15:59.128+0800] GC(1554) Pause Young (Concurrent Start) (G1 Humongous Allocation)
[2024-08-29T23:15:59.128+0800] GC(1554) Using 8 workers of 8 for evacuation
[2024-08-29T23:15:59.129+0800] GC(1554)   Pre Evacuate Collection Set: 0.4ms
[2024-08-29T23:15:59.129+0800] GC(1554)   Merge Heap Roots: 0.1ms
[2024-08-29T23:15:59.129+0800] GC(1554)   Evacuate Collection Set: 0.3ms
[2024-08-29T23:15:59.129+0800] GC(1554)   Post Evacuate Collection Set: 0.3ms
[2024-08-29T23:15:59.129+0800] GC(1554)   Other: 0.2ms
[2024-08-29T23:15:59.129+0800] GC(1554) Eden regions: 4->0(764)
[2024-08-29T23:15:59.129+0800] GC(1554) Survivor regions: 0->0(95)
[2024-08-29T23:15:59.129+0800] GC(1554) Old regions: 1->1
[2024-08-29T23:15:59.129+0800] GC(1554) Archive regions: 2->2
[2024-08-29T23:15:59.129+0800] GC(1554) Humongous regions: 1106->1075
[2024-08-29T23:15:59.129+0800] GC(1554) Metaspace: 1627K(1792K)->1627K(1792K) NonClass: 1508K(1600K)->1508K(1600K) Class: 119K(192K)->119K(192K)
[2024-08-29T23:15:59.129+0800] GC(1554) Pause Young (Concurrent Start) (G1 Humongous Allocation) 1110M->1076M(2048M) 1.372ms
[2024-08-29T23:15:59.129+0800] GC(1554) User=0.00s Sys=0.00s Real=0.00s
[2024-08-29T23:15:59.129+0800] GC(1555) Concurrent Mark Cycle
[2024-08-29T23:15:59.129+0800] GC(1555) Concurrent Clear Claimed Marks
[2024-08-29T23:15:59.129+0800] GC(1555) Concurrent Clear Claimed Marks 0.006ms
[2024-08-29T23:15:59.129+0800] GC(1555) Concurrent Scan Root Regions
[2024-08-29T23:15:59.129+0800] GC(1555) Concurrent Scan Root Regions 0.004ms
[2024-08-29T23:15:59.129+0800] GC(1555) Concurrent Mark
[2024-08-29T23:15:59.129+0800] GC(1555) Concurrent Mark From Roots
[2024-08-29T23:15:59.129+0800] GC(1555) Using 2 workers of 2 for marking
[2024-08-29T23:15:59.132+0800] GC(1555) Concurrent Mark From Roots 2.336ms
[2024-08-29T23:15:59.132+0800] GC(1555) Concurrent Preclean
[2024-08-29T23:15:59.132+0800] GC(1555) Concurrent Preclean 0.093ms
[2024-08-29T23:15:59.133+0800] GC(1555) Pause Remark
[2024-08-29T23:15:59.134+0800] GC(1555) Pause Remark 1086M->1086M(2048M) 0.861ms
[2024-08-29T23:15:59.134+0800] GC(1555) User=0.00s Sys=0.01s Real=0.00s
[2024-08-29T23:15:59.134+0800] GC(1555) Concurrent Mark 4.463ms
[2024-08-29T23:15:59.134+0800] GC(1555) Concurrent Rebuild Remembered Sets
[2024-08-29T23:15:59.134+0800] GC(1555) Concurrent Rebuild Remembered Sets 0.005ms
[2024-08-29T23:15:59.135+0800] GC(1555) Pause Cleanup
[2024-08-29T23:15:59.135+0800] GC(1555) Pause Cleanup 1090M->1090M(2048M) 0.018ms
[2024-08-29T23:15:59.135+0800] GC(1555) User=0.00s Sys=0.00s Real=0.00s
[2024-08-29T23:15:59.135+0800] GC(1555) Concurrent Cleanup for Next Mark
[2024-08-29T23:15:59.139+0800] GC(1555) Concurrent Cleanup for Next Mark 3.828ms
[2024-08-29T23:15:59.139+0800] GC(1555) Concurrent Mark Cycle 9.561ms
[2024-08-29T23:15:59.139+0800] GC(1556) Pause Young (Concurrent Start) (G1 Humongous Allocation)
[2024-08-29T23:15:59.139+0800] GC(1556) Using 8 workers of 8 for evacuation
[2024-08-29T23:15:59.140+0800] GC(1556)   Pre Evacuate Collection Set: 0.3ms
[2024-08-29T23:15:59.140+0800] GC(1556)   Merge Heap Roots: 0.1ms
[2024-08-29T23:15:59.140+0800] GC(1556)   Evacuate Collection Set: 0.4ms
[2024-08-29T23:15:59.140+0800] GC(1556)   Post Evacuate Collection Set: 0.3ms
[2024-08-29T23:15:59.140+0800] GC(1556)   Other: 0.1ms
[2024-08-29T23:15:59.140+0800] GC(1556) Eden regions: 3->0(769)
[2024-08-29T23:15:59.140+0800] GC(1556) Survivor regions: 0->0(96)
[2024-08-29T23:15:59.140+0800] GC(1556) Old regions: 1->1
[2024-08-29T23:15:59.140+0800] GC(1556) Archive regions: 2->2
[2024-08-29T23:15:59.140+0800] GC(1556) Humongous regions: 1095->1070
[2024-08-29T23:15:59.140+0800] GC(1556) Metaspace: 1627K(1792K)->1627K(1792K) NonClass: 1508K(1600K)->1508K(1600K) Class: 119K(192K)->119K(192K)
[2024-08-29T23:15:59.140+0800] GC(1556) Pause Young (Concurrent Start) (G1 Humongous Allocation) 1099M->1071M(2048M) 1.346ms
[2024-08-29T23:15:59.140+0800] GC(1556) User=0.00s Sys=0.00s Real=0.00s
[2024-08-29T23:15:59.140+0800] GC(1557) Concurrent Mark Cycle
[2024-08-29T23:15:59.140+0800] GC(1557) Concurrent Clear Claimed Marks
[2024-08-29T23:15:59.140+0800] GC(1557) Concurrent Clear Claimed Marks 0.006ms
[2024-08-29T23:15:59.140+0800] GC(1557) Concurrent Scan Root Regions
[2024-08-29T23:15:59.140+0800] GC(1557) Concurrent Scan Root Regions 0.004ms
[2024-08-29T23:15:59.140+0800] GC(1557) Concurrent Mark
[2024-08-29T23:15:59.140+0800] GC(1557) Concurrent Mark From Roots
[2024-08-29T23:15:59.140+0800] GC(1557) Using 2 workers of 2 for marking
[2024-08-29T23:15:59.144+0800] GC(1557) Concurrent Mark From Roots 3.109ms
[2024-08-29T23:15:59.144+0800] GC(1557) Concurrent Preclean
[2024-08-29T23:15:59.144+0800] GC(1557) Concurrent Preclean 0.092ms
[2024-08-29T23:15:59.144+0800] GC(1557) Pause Remark
[2024-08-29T23:15:59.145+0800] GC(1557) Pause Remark 1099M->1099M(2048M) 1.258ms
[2024-08-29T23:15:59.145+0800] GC(1557) User=0.01s Sys=0.00s Real=0.00s
[2024-08-29T23:15:59.145+0800] GC(1557) Concurrent Mark 4.594ms
[2024-08-29T23:15:59.145+0800] GC(1557) Concurrent Rebuild Remembered Sets
[2024-08-29T23:15:59.145+0800] GC(1557) Concurrent Rebuild Remembered Sets 0.005ms
[2024-08-29T23:15:59.145+0800] GC(1557) Pause Cleanup
[2024-08-29T23:15:59.145+0800] GC(1557) Pause Cleanup 1099M->1099M(2048M) 0.011ms
[2024-08-29T23:15:59.145+0800] GC(1557) User=0.00s Sys=0.00s Real=0.00s
[2024-08-29T23:15:59.145+0800] GC(1557) Concurrent Cleanup for Next Mark
[2024-08-29T23:15:59.149+0800] GC(1557) Concurrent Cleanup for Next Mark 3.688ms
[2024-08-29T23:15:59.149+0800] GC(1557) Concurrent Mark Cycle 8.456ms
[2024-08-29T23:15:59.149+0800] GC(1558) Pause Young (Concurrent Start) (G1 Humongous Allocation)
[2024-08-29T23:15:59.149+0800] GC(1558) Using 8 workers of 8 for evacuation
[2024-08-29T23:15:59.150+0800] GC(1558)   Pre Evacuate Collection Set: 0.3ms
[2024-08-29T23:15:59.150+0800] GC(1558)   Merge Heap Roots: 0.1ms
[2024-08-29T23:15:59.150+0800] GC(1558)   Evacuate Collection Set: 0.5ms
[2024-08-29T23:15:59.150+0800] GC(1558)   Post Evacuate Collection Set: 0.4ms
[2024-08-29T23:15:59.150+0800] GC(1558)   Other: 0.1ms
[2024-08-29T23:15:59.150+0800] GC(1558) Eden regions: 4->0(768)
[2024-08-29T23:15:59.150+0800] GC(1558) Survivor regions: 0->0(97)
[2024-08-29T23:15:59.150+0800] GC(1558) Old regions: 1->1
[2024-08-29T23:15:59.150+0800] GC(1558) Archive regions: 2->2
[2024-08-29T23:15:59.150+0800] GC(1558) Humongous regions: 1100->1071
[2024-08-29T23:15:59.150+0800] GC(1558) Metaspace: 1627K(1792K)->1627K(1792K) NonClass: 1508K(1600K)->1508K(1600K) Class: 119K(192K)->119K(192K)
[2024-08-29T23:15:59.150+0800] GC(1558) Pause Young (Concurrent Start) (G1 Humongous Allocation) 1104M->1072M(2048M) 1.317ms
[2024-08-29T23:15:59.150+0800] GC(1558) User=0.00s Sys=0.01s Real=0.00s
[2024-08-29T23:15:59.150+0800] GC(1559) Concurrent Mark Cycle
[2024-08-29T23:15:59.150+0800] GC(1559) Concurrent Clear Claimed Marks
[2024-08-29T23:15:59.150+0800] GC(1559) Concurrent Clear Claimed Marks 0.007ms
[2024-08-29T23:15:59.150+0800] GC(1559) Concurrent Scan Root Regions
[2024-08-29T23:15:59.150+0800] GC(1559) Concurrent Scan Root Regions 0.005ms
[2024-08-29T23:15:59.150+0800] GC(1559) Concurrent Mark
[2024-08-29T23:15:59.150+0800] GC(1559) Concurrent Mark From Roots
[2024-08-29T23:15:59.150+0800] GC(1559) Using 2 workers of 2 for marking
[2024-08-29T23:15:59.153+0800] GC(1559) Concurrent Mark From Roots 2.514ms
[2024-08-29T23:15:59.153+0800] GC(1559) Concurrent Preclean
[2024-08-29T23:15:59.153+0800] GC(1559) Concurrent Preclean 0.130ms
[2024-08-29T23:15:59.153+0800] GC(1559) Pause Remark
[2024-08-29T23:15:59.154+0800] GC(1559) Pause Remark 1089M->1089M(2048M) 0.958ms
[2024-08-29T23:15:59.154+0800] GC(1559) User=0.00s Sys=0.00s Real=0.00s
[2024-08-29T23:15:59.154+0800] GC(1559) Concurrent Mark 3.773ms
[2024-08-29T23:15:59.154+0800] GC(1559) Concurrent Rebuild Remembered Sets
[2024-08-29T23:15:59.154+0800] GC(1559) Concurrent Rebuild Remembered Sets 0.006ms
[2024-08-29T23:15:59.155+0800] GC(1559) Pause Cleanup
[2024-08-29T23:15:59.155+0800] GC(1559) Pause Cleanup 1092M->1092M(2048M) 0.020ms
[2024-08-29T23:15:59.155+0800] GC(1559) User=0.00s Sys=0.00s Real=0.00s
[2024-08-29T23:15:59.155+0800] GC(1559) Concurrent Cleanup for Next Mark
[2024-08-29T23:15:59.159+0800] GC(1559) Concurrent Cleanup for Next Mark 3.684ms
[2024-08-29T23:15:59.159+0800] GC(1559) Concurrent Mark Cycle 8.407ms
[2024-08-29T23:15:59.163+0800] GC(1560) Pause Young (Concurrent Start) (G1 Humongous Allocation)
[2024-08-29T23:15:59.163+0800] GC(1560) Using 8 workers of 8 for evacuation
[2024-08-29T23:15:59.164+0800] GC(1560)   Pre Evacuate Collection Set: 0.3ms
[2024-08-29T23:15:59.164+0800] GC(1560)   Merge Heap Roots: 0.1ms
[2024-08-29T23:15:59.164+0800] GC(1560)   Evacuate Collection Set: 0.3ms
[2024-08-29T23:15:59.164+0800] GC(1560)   Post Evacuate Collection Set: 0.2ms
[2024-08-29T23:15:59.164+0800] GC(1560)   Other: 0.2ms
[2024-08-29T23:15:59.164+0800] GC(1560) Eden regions: 4->0(776)
[2024-08-29T23:15:59.164+0800] GC(1560) Survivor regions: 0->0(96)
[2024-08-29T23:15:59.164+0800] GC(1560) Old regions: 1->1
[2024-08-29T23:15:59.164+0800] GC(1560) Archive regions: 2->2
[2024-08-29T23:15:59.164+0800] GC(1560) Humongous regions: 1093->1063
[2024-08-29T23:15:59.164+0800] GC(1560) Metaspace: 1627K(1792K)->1627K(1792K) NonClass: 1508K(1600K)->1508K(1600K) Class: 119K(192K)->119K(192K)
[2024-08-29T23:15:59.164+0800] GC(1560) Pause Young (Concurrent Start) (G1 Humongous Allocation) 1097M->1064M(2048M) 1.144ms
[2024-08-29T23:15:59.164+0800] GC(1560) User=0.00s Sys=0.01s Real=0.00s
[2024-08-29T23:15:59.164+0800] GC(1561) Concurrent Mark Cycle
[2024-08-29T23:15:59.164+0800] GC(1561) Concurrent Clear Claimed Marks
[2024-08-29T23:15:59.164+0800] GC(1561) Concurrent Clear Claimed Marks 0.006ms
[2024-08-29T23:15:59.164+0800] GC(1561) Concurrent Scan Root Regions
[2024-08-29T23:15:59.164+0800] GC(1561) Concurrent Scan Root Regions 0.004ms
[2024-08-29T23:15:59.164+0800] GC(1561) Concurrent Mark
[2024-08-29T23:15:59.164+0800] GC(1561) Concurrent Mark From Roots
[2024-08-29T23:15:59.164+0800] GC(1561) Using 2 workers of 2 for marking
[2024-08-29T23:15:59.167+0800] GC(1561) Concurrent Mark From Roots 2.487ms
[2024-08-29T23:15:59.167+0800] GC(1561) Concurrent Preclean
[2024-08-29T23:15:59.167+0800] GC(1561) Concurrent Preclean 0.073ms
[2024-08-29T23:15:59.167+0800] GC(1561) Pause Remark
[2024-08-29T23:15:59.168+0800] GC(1561) Pause Remark 1078M->1078M(2048M) 0.933ms
[2024-08-29T23:15:59.168+0800] GC(1561) User=0.01s Sys=0.00s Real=0.00s
[2024-08-29T23:15:59.168+0800] GC(1561) Concurrent Mark 3.651ms
[2024-08-29T23:15:59.168+0800] GC(1561) Concurrent Rebuild Remembered Sets
[2024-08-29T23:15:59.168+0800] GC(1561) Concurrent Rebuild Remembered Sets 0.006ms
[2024-08-29T23:15:59.169+0800] GC(1561) Pause Cleanup
[2024-08-29T23:15:59.169+0800] GC(1561) Pause Cleanup 1081M->1081M(2048M) 0.024ms
[2024-08-29T23:15:59.169+0800] GC(1561) User=0.00s Sys=0.00s Real=0.00s
[2024-08-29T23:15:59.169+0800] GC(1561) Concurrent Cleanup for Next Mark
[2024-08-29T23:15:59.173+0800] GC(1561) Concurrent Cleanup for Next Mark 4.079ms
[2024-08-29T23:15:59.173+0800] GC(1561) Concurrent Mark Cycle 8.923ms
[2024-08-29T23:15:59.174+0800] GC(1562) Pause Young (Concurrent Start) (G1 Humongous Allocation)
[2024-08-29T23:15:59.174+0800] GC(1562) Using 8 workers of 8 for evacuation
[2024-08-29T23:15:59.175+0800] GC(1562)   Pre Evacuate Collection Set: 0.2ms
[2024-08-29T23:15:59.175+0800] GC(1562)   Merge Heap Roots: 0.1ms
[2024-08-29T23:15:59.175+0800] GC(1562)   Evacuate Collection Set: 0.2ms
[2024-08-29T23:15:59.175+0800] GC(1562)   Post Evacuate Collection Set: 0.3ms
[2024-08-29T23:15:59.175+0800] GC(1562)   Other: 0.1ms
[2024-08-29T23:15:59.175+0800] GC(1562) Eden regions: 4->0(790)
[2024-08-29T23:15:59.175+0800] GC(1562) Survivor regions: 0->0(97)
[2024-08-29T23:15:59.175+0800] GC(1562) Old regions: 1->1
[2024-08-29T23:15:59.175+0800] GC(1562) Archive regions: 2->2
[2024-08-29T23:15:59.175+0800] GC(1562) Humongous regions: 1088->1049
[2024-08-29T23:15:59.175+0800] GC(1562) Metaspace: 1627K(1792K)->1627K(1792K) NonClass: 1508K(1600K)->1508K(1600K) Class: 119K(192K)->119K(192K)
[2024-08-29T23:15:59.175+0800] GC(1562) Pause Young (Concurrent Start) (G1 Humongous Allocation) 1093M->1050M(2048M) 0.961ms
[2024-08-29T23:15:59.175+0800] GC(1562) User=0.00s Sys=0.00s Real=0.00s
[2024-08-29T23:15:59.175+0800] GC(1563) Concurrent Mark Cycle
[2024-08-29T23:15:59.175+0800] GC(1563) Concurrent Clear Claimed Marks
[2024-08-29T23:15:59.175+0800] GC(1563) Concurrent Clear Claimed Marks 0.006ms
[2024-08-29T23:15:59.175+0800] GC(1563) Concurrent Scan Root Regions
[2024-08-29T23:15:59.175+0800] GC(1563) Concurrent Scan Root Regions 0.004ms
[2024-08-29T23:15:59.175+0800] GC(1563) Concurrent Mark
[2024-08-29T23:15:59.175+0800] GC(1563) Concurrent Mark From Roots
[2024-08-29T23:15:59.175+0800] GC(1563) Using 2 workers of 2 for marking
[2024-08-29T23:15:59.177+0800] GC(1563) Concurrent Mark From Roots 2.483ms
[2024-08-29T23:15:59.177+0800] GC(1563) Concurrent Preclean
[2024-08-29T23:15:59.178+0800] GC(1563) Concurrent Preclean 0.075ms
[2024-08-29T23:15:59.178+0800] GC(1563) Pause Remark
[2024-08-29T23:15:59.178+0800] GC(1563) Pause Remark 1062M->1062M(2048M) 0.838ms
[2024-08-29T23:15:59.178+0800] GC(1563) User=0.00s Sys=0.00s Real=0.00s
[2024-08-29T23:15:59.178+0800] GC(1563) Concurrent Mark 3.536ms
[2024-08-29T23:15:59.178+0800] GC(1563) Concurrent Rebuild Remembered Sets
[2024-08-29T23:15:59.178+0800] GC(1563) Concurrent Rebuild Remembered Sets 0.005ms
[2024-08-29T23:15:59.179+0800] GC(1563) Pause Cleanup
[2024-08-29T23:15:59.179+0800] GC(1563) Pause Cleanup 1062M->1062M(2048M) 0.011ms
[2024-08-29T23:15:59.179+0800] GC(1563) User=0.00s Sys=0.00s Real=0.00s
[2024-08-29T23:15:59.179+0800] GC(1563) Concurrent Cleanup for Next Mark
[2024-08-29T23:15:59.182+0800] GC(1563) Concurrent Cleanup for Next Mark 3.581ms
[2024-08-29T23:15:59.182+0800] GC(1563) Concurrent Mark Cycle 7.330ms
[2024-08-29T23:15:59.184+0800] GC(1564) Pause Young (Concurrent Start) (G1 Humongous Allocation)
[2024-08-29T23:15:59.184+0800] GC(1564) Using 8 workers of 8 for evacuation
[2024-08-29T23:15:59.185+0800] GC(1564)   Pre Evacuate Collection Set: 0.2ms
[2024-08-29T23:15:59.185+0800] GC(1564)   Merge Heap Roots: 0.1ms
[2024-08-29T23:15:59.185+0800] GC(1564)   Evacuate Collection Set: 0.3ms
[2024-08-29T23:15:59.185+0800] GC(1564)   Post Evacuate Collection Set: 0.3ms
[2024-08-29T23:15:59.185+0800] GC(1564)   Other: 0.1ms
[2024-08-29T23:15:59.185+0800] GC(1564) Eden regions: 3->0(803)
[2024-08-29T23:15:59.185+0800] GC(1564) Survivor regions: 0->0(99)
[2024-08-29T23:15:59.185+0800] GC(1564) Old regions: 1->1
[2024-08-29T23:15:59.185+0800] GC(1564) Archive regions: 2->2
[2024-08-29T23:15:59.185+0800] GC(1564) Humongous regions: 1063->1036
[2024-08-29T23:15:59.185+0800] GC(1564) Metaspace: 1627K(1792K)->1627K(1792K) NonClass: 1508K(1600K)->1508K(1600K) Class: 119K(192K)->119K(192K)
[2024-08-29T23:15:59.185+0800] GC(1564) Pause Young (Concurrent Start) (G1 Humongous Allocation) 1067M->1037M(2048M) 1.108ms
[2024-08-29T23:15:59.185+0800] GC(1564) User=0.00s Sys=0.00s Real=0.00s
[2024-08-29T23:15:59.185+0800] GC(1565) Concurrent Mark Cycle
[2024-08-29T23:15:59.185+0800] GC(1565) Concurrent Clear Claimed Marks
[2024-08-29T23:15:59.185+0800] GC(1565) Concurrent Clear Claimed Marks 0.006ms
[2024-08-29T23:15:59.185+0800] GC(1565) Concurrent Scan Root Regions
[2024-08-29T23:15:59.185+0800] GC(1565) Concurrent Scan Root Regions 0.004ms
[2024-08-29T23:15:59.185+0800] GC(1565) Concurrent Mark
[2024-08-29T23:15:59.185+0800] GC(1565) Concurrent Mark From Roots
[2024-08-29T23:15:59.185+0800] GC(1565) Using 2 workers of 2 for marking
[2024-08-29T23:15:59.187+0800] GC(1565) Concurrent Mark From Roots 2.250ms
[2024-08-29T23:15:59.187+0800] GC(1565) Concurrent Preclean
[2024-08-29T23:15:59.187+0800] GC(1565) Concurrent Preclean 0.093ms
[2024-08-29T23:15:59.188+0800] GC(1565) Pause Remark
[2024-08-29T23:15:59.188+0800] GC(1565) Pause Remark 1042M->1042M(2048M) 0.857ms
[2024-08-29T23:15:59.188+0800] GC(1565) User=0.00s Sys=0.01s Real=0.00s
[2024-08-29T23:15:59.188+0800] GC(1565) Concurrent Mark 3.381ms
[2024-08-29T23:15:59.188+0800] GC(1565) Concurrent Rebuild Remembered Sets
[2024-08-29T23:15:59.189+0800] GC(1565) Concurrent Rebuild Remembered Sets 0.023ms
[2024-08-29T23:15:59.189+0800] GC(1565) Pause Cleanup
[2024-08-29T23:15:59.189+0800] GC(1565) Pause Cleanup 1043M->1043M(2048M) 0.012ms
[2024-08-29T23:15:59.189+0800] GC(1565) User=0.00s Sys=0.00s Real=0.00s
[2024-08-29T23:15:59.189+0800] GC(1565) Concurrent Cleanup for Next Mark
[2024-08-29T23:15:59.193+0800] GC(1565) Concurrent Cleanup for Next Mark 4.056ms
[2024-08-29T23:15:59.193+0800] GC(1565) Concurrent Mark Cycle 7.640ms
[2024-08-29T23:15:59.193+0800] GC(1566) Pause Young (Concurrent Start) (G1 Humongous Allocation)
[2024-08-29T23:15:59.193+0800] GC(1566) Using 8 workers of 8 for evacuation
[2024-08-29T23:15:59.194+0800] GC(1566)   Pre Evacuate Collection Set: 0.2ms
[2024-08-29T23:15:59.194+0800] GC(1566)   Merge Heap Roots: 0.1ms
[2024-08-29T23:15:59.194+0800] GC(1566)   Evacuate Collection Set: 0.4ms
[2024-08-29T23:15:59.194+0800] GC(1566)   Post Evacuate Collection Set: 0.3ms
[2024-08-29T23:15:59.194+0800] GC(1566)   Other: 0.1ms
[2024-08-29T23:15:59.194+0800] GC(1566) Eden regions: 3->0(815)
[2024-08-29T23:15:59.194+0800] GC(1566) Survivor regions: 0->0(101)
[2024-08-29T23:15:59.194+0800] GC(1566) Old regions: 1->1
[2024-08-29T23:15:59.194+0800] GC(1566) Archive regions: 2->2
[2024-08-29T23:15:59.194+0800] GC(1566) Humongous regions: 1044->1024
[2024-08-29T23:15:59.194+0800] GC(1566) Metaspace: 1627K(1792K)->1627K(1792K) NonClass: 1508K(1600K)->1508K(1600K) Class: 119K(192K)->119K(192K)
[2024-08-29T23:15:59.194+0800] GC(1566) Pause Young (Concurrent Start) (G1 Humongous Allocation) 1048M->1025M(2048M) 1.129ms
[2024-08-29T23:15:59.194+0800] GC(1566) User=0.00s Sys=0.00s Real=0.00s
[2024-08-29T23:15:59.194+0800] GC(1567) Concurrent Mark Cycle
[2024-08-29T23:15:59.194+0800] GC(1567) Concurrent Clear Claimed Marks
[2024-08-29T23:15:59.194+0800] GC(1567) Concurrent Clear Claimed Marks 0.006ms
[2024-08-29T23:15:59.194+0800] GC(1567) Concurrent Scan Root Regions
[2024-08-29T23:15:59.194+0800] GC(1567) Concurrent Scan Root Regions 0.004ms
[2024-08-29T23:15:59.194+0800] GC(1567) Concurrent Mark
[2024-08-29T23:15:59.194+0800] GC(1567) Concurrent Mark From Roots
[2024-08-29T23:15:59.194+0800] GC(1567) Using 2 workers of 2 for marking
[2024-08-29T23:15:59.198+0800] GC(1567) Concurrent Mark From Roots 3.618ms
[2024-08-29T23:15:59.198+0800] GC(1567) Concurrent Preclean
[2024-08-29T23:15:59.198+0800] GC(1567) Concurrent Preclean 0.107ms
[2024-08-29T23:15:59.198+0800] GC(1567) Pause Remark
[2024-08-29T23:15:59.199+0800] GC(1567) Pause Remark 1041M->1041M(2048M) 0.921ms
[2024-08-29T23:15:59.199+0800] GC(1567) User=0.01s Sys=0.00s Real=0.00s
[2024-08-29T23:15:59.199+0800] GC(1567) Concurrent Mark 4.811ms
[2024-08-29T23:15:59.199+0800] GC(1567) Concurrent Rebuild Remembered Sets
[2024-08-29T23:15:59.199+0800] GC(1567) Concurrent Rebuild Remembered Sets 0.005ms
[2024-08-29T23:15:59.200+0800] GC(1567) Pause Cleanup
[2024-08-29T23:15:59.200+0800] GC(1567) Pause Cleanup 1043M->1043M(2048M) 0.019ms
[2024-08-29T23:15:59.200+0800] GC(1567) User=0.00s Sys=0.00s Real=0.00s
[2024-08-29T23:15:59.200+0800] GC(1567) Concurrent Cleanup for Next Mark
[2024-08-29T23:15:59.206+0800] GC(1567) Concurrent Cleanup for Next Mark 6.220ms
[2024-08-29T23:15:59.206+0800] GC(1567) Concurrent Mark Cycle 12.198ms
[2024-08-29T23:15:59.206+0800] GC(1568) Pause Young (Concurrent Start) (G1 Humongous Allocation)
[2024-08-29T23:15:59.206+0800] GC(1568) Using 8 workers of 8 for evacuation
[2024-08-29T23:15:59.207+0800] GC(1568)   Pre Evacuate Collection Set: 0.2ms
[2024-08-29T23:15:59.207+0800] GC(1568)   Merge Heap Roots: 0.1ms
[2024-08-29T23:15:59.207+0800] GC(1568)   Evacuate Collection Set: 0.3ms
[2024-08-29T23:15:59.207+0800] GC(1568)   Post Evacuate Collection Set: 0.3ms
[2024-08-29T23:15:59.207+0800] GC(1568)   Other: 0.1ms
[2024-08-29T23:15:59.207+0800] GC(1568) Eden regions: 4->0(787)
[2024-08-29T23:15:59.207+0800] GC(1568) Survivor regions: 0->0(102)
[2024-08-29T23:15:59.207+0800] GC(1568) Old regions: 1->1
[2024-08-29T23:15:59.207+0800] GC(1568) Archive regions: 2->2
[2024-08-29T23:15:59.207+0800] GC(1568) Humongous regions: 1069->1052
[2024-08-29T23:15:59.207+0800] GC(1568) Metaspace: 1627K(1792K)->1627K(1792K) NonClass: 1508K(1600K)->1508K(1600K) Class: 119K(192K)->119K(192K)
[2024-08-29T23:15:59.207+0800] GC(1568) Pause Young (Concurrent Start) (G1 Humongous Allocation) 1074M->1053M(2048M) 1.103ms
[2024-08-29T23:15:59.207+0800] GC(1568) User=0.00s Sys=0.00s Real=0.00s
[2024-08-29T23:15:59.208+0800] GC(1569) Concurrent Mark Cycle
[2024-08-29T23:15:59.208+0800] GC(1569) Concurrent Clear Claimed Marks
[2024-08-29T23:15:59.208+0800] GC(1569) Concurrent Clear Claimed Marks 0.006ms
[2024-08-29T23:15:59.208+0800] GC(1569) Concurrent Scan Root Regions
[2024-08-29T23:15:59.208+0800] GC(1569) Concurrent Scan Root Regions 0.004ms
[2024-08-29T23:15:59.208+0800] GC(1569) Concurrent Mark
[2024-08-29T23:15:59.208+0800] GC(1569) Concurrent Mark From Roots
[2024-08-29T23:15:59.208+0800] GC(1569) Using 2 workers of 2 for marking
[2024-08-29T23:15:59.211+0800] GC(1569) Concurrent Mark From Roots 3.072ms
[2024-08-29T23:15:59.211+0800] GC(1569) Concurrent Preclean
[2024-08-29T23:15:59.211+0800] GC(1569) Concurrent Preclean 0.095ms
[2024-08-29T23:15:59.211+0800] GC(1569) Pause Remark
[2024-08-29T23:15:59.212+0800] GC(1569) Pause Remark 1074M->1074M(2048M) 1.296ms
[2024-08-29T23:15:59.212+0800] GC(1569) User=0.00s Sys=0.00s Real=0.00s
[2024-08-29T23:15:59.212+0800] GC(1569) Concurrent Mark 4.672ms
[2024-08-29T23:15:59.212+0800] GC(1569) Concurrent Rebuild Remembered Sets
[2024-08-29T23:15:59.212+0800] GC(1569) Concurrent Rebuild Remembered Sets 0.007ms
[2024-08-29T23:15:59.213+0800] GC(1569) Pause Cleanup
[2024-08-29T23:15:59.213+0800] GC(1569) Pause Cleanup 1075M->1075M(2048M) 0.016ms
[2024-08-29T23:15:59.213+0800] GC(1569) User=0.00s Sys=0.00s Real=0.00s
[2024-08-29T23:15:59.213+0800] GC(1569) Concurrent Cleanup for Next Mark
[2024-08-29T23:15:59.219+0800] GC(1569) Concurrent Cleanup for Next Mark 5.802ms
[2024-08-29T23:15:59.219+0800] GC(1569) Concurrent Mark Cycle 11.246ms
[2024-08-29T23:15:59.219+0800] GC(1570) Pause Young (Concurrent Start) (G1 Humongous Allocation)
[2024-08-29T23:15:59.219+0800] GC(1570) Using 8 workers of 8 for evacuation
[2024-08-29T23:15:59.220+0800] GC(1570)   Pre Evacuate Collection Set: 0.2ms
[2024-08-29T23:15:59.220+0800] GC(1570)   Merge Heap Roots: 0.1ms
[2024-08-29T23:15:59.220+0800] GC(1570)   Evacuate Collection Set: 0.3ms
[2024-08-29T23:15:59.220+0800] GC(1570)   Post Evacuate Collection Set: 0.3ms
[2024-08-29T23:15:59.220+0800] GC(1570)   Other: 0.1ms
[2024-08-29T23:15:59.220+0800] GC(1570) Eden regions: 4->0(752)
[2024-08-29T23:15:59.220+0800] GC(1570) Survivor regions: 0->0(99)
[2024-08-29T23:15:59.220+0800] GC(1570) Old regions: 1->1
[2024-08-29T23:15:59.220+0800] GC(1570) Archive regions: 2->2
[2024-08-29T23:15:59.220+0800] GC(1570) Humongous regions: 1099->1087
[2024-08-29T23:15:59.220+0800] GC(1570) Metaspace: 1627K(1792K)->1627K(1792K) NonClass: 1508K(1600K)->1508K(1600K) Class: 119K(192K)->119K(192K)
[2024-08-29T23:15:59.220+0800] GC(1570) Pause Young (Concurrent Start) (G1 Humongous Allocation) 1104M->1088M(2048M) 1.008ms
[2024-08-29T23:15:59.220+0800] GC(1570) User=0.00s Sys=0.00s Real=0.00s
[2024-08-29T23:15:59.220+0800] GC(1571) Concurrent Mark Cycle
[2024-08-29T23:15:59.220+0800] GC(1571) Concurrent Clear Claimed Marks
[2024-08-29T23:15:59.220+0800] GC(1571) Concurrent Clear Claimed Marks 0.006ms
[2024-08-29T23:15:59.220+0800] GC(1571) Concurrent Scan Root Regions
[2024-08-29T23:15:59.220+0800] GC(1571) Concurrent Scan Root Regions 0.004ms
[2024-08-29T23:15:59.220+0800] GC(1571) Concurrent Mark
[2024-08-29T23:15:59.220+0800] GC(1571) Concurrent Mark From Roots
[2024-08-29T23:15:59.220+0800] GC(1571) Using 2 workers of 2 for marking
[2024-08-29T23:15:59.222+0800] GC(1571) Concurrent Mark From Roots 2.184ms
[2024-08-29T23:15:59.222+0800] GC(1571) Concurrent Preclean
[2024-08-29T23:15:59.222+0800] GC(1571) Concurrent Preclean 0.091ms
[2024-08-29T23:15:59.222+0800] GC(1571) Pause Remark
[2024-08-29T23:15:59.224+0800] GC(1571) Pause Remark 1094M->1094M(2048M) 1.244ms
[2024-08-29T23:15:59.224+0800] GC(1571) User=0.00s Sys=0.00s Real=0.00s
[2024-08-29T23:15:59.224+0800] GC(1571) Concurrent Mark 3.718ms
[2024-08-29T23:15:59.224+0800] GC(1571) Concurrent Rebuild Remembered Sets
[2024-08-29T23:15:59.224+0800] GC(1571) Concurrent Rebuild Remembered Sets 0.005ms
[2024-08-29T23:15:59.225+0800] GC(1571) Pause Cleanup
[2024-08-29T23:15:59.225+0800] GC(1571) Pause Cleanup 1099M->1099M(2048M) 0.018ms
[2024-08-29T23:15:59.225+0800] GC(1571) User=0.00s Sys=0.00s Real=0.00s
[2024-08-29T23:15:59.225+0800] GC(1571) Concurrent Cleanup for Next Mark
[2024-08-29T23:15:59.229+0800] GC(1571) Concurrent Cleanup for Next Mark 4.358ms
[2024-08-29T23:15:59.229+0800] GC(1571) Concurrent Mark Cycle 9.381ms
[2024-08-29T23:15:59.230+0800] GC(1572) Pause Young (Concurrent Start) (G1 Humongous Allocation)
[2024-08-29T23:15:59.230+0800] GC(1572) Using 8 workers of 8 for evacuation
[2024-08-29T23:15:59.231+0800] GC(1572)   Pre Evacuate Collection Set: 0.2ms
[2024-08-29T23:15:59.231+0800] GC(1572)   Merge Heap Roots: 0.1ms
[2024-08-29T23:15:59.231+0800] GC(1572)   Evacuate Collection Set: 0.5ms
[2024-08-29T23:15:59.231+0800] GC(1572)   Post Evacuate Collection Set: 0.3ms
[2024-08-29T23:15:59.231+0800] GC(1572)   Other: 0.1ms
[2024-08-29T23:15:59.231+0800] GC(1572) Eden regions: 4->0(754)
[2024-08-29T23:15:59.231+0800] GC(1572) Survivor regions: 0->0(94)
[2024-08-29T23:15:59.231+0800] GC(1572) Old regions: 1->1
[2024-08-29T23:15:59.231+0800] GC(1572) Archive regions: 2->2
[2024-08-29T23:15:59.231+0800] GC(1572) Humongous regions: 1110->1085
[2024-08-29T23:15:59.231+0800] GC(1572) Metaspace: 1627K(1792K)->1627K(1792K) NonClass: 1508K(1600K)->1508K(1600K) Class: 119K(192K)->119K(192K)
[2024-08-29T23:15:59.231+0800] GC(1572) Pause Young (Concurrent Start) (G1 Humongous Allocation) 1114M->1086M(2048M) 1.307ms
[2024-08-29T23:15:59.231+0800] GC(1572) User=0.00s Sys=0.00s Real=0.00s
[2024-08-29T23:15:59.231+0800] GC(1573) Concurrent Mark Cycle
[2024-08-29T23:15:59.231+0800] GC(1573) Concurrent Clear Claimed Marks
[2024-08-29T23:15:59.231+0800] GC(1573) Concurrent Clear Claimed Marks 0.006ms
[2024-08-29T23:15:59.231+0800] GC(1573) Concurrent Scan Root Regions
[2024-08-29T23:15:59.231+0800] GC(1573) Concurrent Scan Root Regions 0.004ms
[2024-08-29T23:15:59.231+0800] GC(1573) Concurrent Mark
[2024-08-29T23:15:59.231+0800] GC(1573) Concurrent Mark From Roots
[2024-08-29T23:15:59.231+0800] GC(1573) Using 2 workers of 2 for marking
[2024-08-29T23:15:59.234+0800] GC(1573) Concurrent Mark From Roots 2.602ms
[2024-08-29T23:15:59.234+0800] GC(1573) Concurrent Preclean
[2024-08-29T23:15:59.234+0800] GC(1573) Concurrent Preclean 0.075ms
[2024-08-29T23:15:59.234+0800] GC(1573) Pause Remark
[2024-08-29T23:15:59.235+0800] GC(1573) Pause Remark 1100M->1100M(2048M) 0.936ms
[2024-08-29T23:15:59.235+0800] GC(1573) User=0.00s Sys=0.01s Real=0.00s
[2024-08-29T23:15:59.235+0800] GC(1573) Concurrent Mark 3.779ms
[2024-08-29T23:15:59.235+0800] GC(1573) Concurrent Rebuild Remembered Sets
[2024-08-29T23:15:59.235+0800] GC(1573) Concurrent Rebuild Remembered Sets 0.006ms
[2024-08-29T23:15:59.236+0800] GC(1573) Pause Cleanup
[2024-08-29T23:15:59.236+0800] GC(1573) Pause Cleanup 1103M->1103M(2048M) 0.015ms
[2024-08-29T23:15:59.236+0800] GC(1573) User=0.00s Sys=0.00s Real=0.00s
[2024-08-29T23:15:59.236+0800] GC(1573) Concurrent Cleanup for Next Mark
[2024-08-29T23:15:59.242+0800] GC(1573) Concurrent Cleanup for Next Mark 5.644ms
[2024-08-29T23:15:59.242+0800] GC(1573) Concurrent Mark Cycle 10.374ms
[2024-08-29T23:15:59.242+0800] GC(1574) Pause Young (Concurrent Start) (G1 Humongous Allocation)
[2024-08-29T23:15:59.242+0800] GC(1574) Using 8 workers of 8 for evacuation
[2024-08-29T23:15:59.243+0800] GC(1574)   Pre Evacuate Collection Set: 0.2ms
[2024-08-29T23:15:59.243+0800] GC(1574)   Merge Heap Roots: 0.1ms
[2024-08-29T23:15:59.243+0800] GC(1574)   Evacuate Collection Set: 0.3ms
[2024-08-29T23:15:59.243+0800] GC(1574)   Post Evacuate Collection Set: 0.3ms
[2024-08-29T23:15:59.243+0800] GC(1574)   Other: 0.1ms
[2024-08-29T23:15:59.243+0800] GC(1574) Eden regions: 4->0(749)
[2024-08-29T23:15:59.243+0800] GC(1574) Survivor regions: 0->0(95)
[2024-08-29T23:15:59.243+0800] GC(1574) Old regions: 1->1
[2024-08-29T23:15:59.243+0800] GC(1574) Archive regions: 2->2
[2024-08-29T23:15:59.243+0800] GC(1574) Humongous regions: 1118->1090
[2024-08-29T23:15:59.243+0800] GC(1574) Metaspace: 1627K(1792K)->1627K(1792K) NonClass: 1508K(1600K)->1508K(1600K) Class: 119K(192K)->119K(192K)
[2024-08-29T23:15:59.243+0800] GC(1574) Pause Young (Concurrent Start) (G1 Humongous Allocation) 1122M->1091M(2048M) 1.114ms
[2024-08-29T23:15:59.243+0800] GC(1574) User=0.00s Sys=0.00s Real=0.01s
[2024-08-29T23:15:59.243+0800] GC(1575) Concurrent Mark Cycle
[2024-08-29T23:15:59.243+0800] GC(1575) Concurrent Clear Claimed Marks
[2024-08-29T23:15:59.243+0800] GC(1575) Concurrent Clear Claimed Marks 0.006ms
[2024-08-29T23:15:59.243+0800] GC(1575) Concurrent Scan Root Regions
[2024-08-29T23:15:59.243+0800] GC(1575) Concurrent Scan Root Regions 0.004ms
[2024-08-29T23:15:59.243+0800] GC(1575) Concurrent Mark
[2024-08-29T23:15:59.243+0800] GC(1575) Concurrent Mark From Roots
[2024-08-29T23:15:59.243+0800] GC(1575) Using 2 workers of 2 for marking
[2024-08-29T23:15:59.246+0800] GC(1575) Concurrent Mark From Roots 2.439ms
[2024-08-29T23:15:59.246+0800] GC(1575) Concurrent Preclean
[2024-08-29T23:15:59.246+0800] GC(1575) Concurrent Preclean 0.091ms
[2024-08-29T23:15:59.246+0800] GC(1575) Pause Remark
[2024-08-29T23:15:59.247+0800] GC(1575) Pause Remark 1104M->1104M(2048M) 0.961ms
[2024-08-29T23:15:59.247+0800] GC(1575) User=0.00s Sys=0.00s Real=0.00s
[2024-08-29T23:15:59.247+0800] GC(1575) Concurrent Mark 3.651ms
[2024-08-29T23:15:59.247+0800] GC(1575) Concurrent Rebuild Remembered Sets
[2024-08-29T23:15:59.247+0800] GC(1575) Concurrent Rebuild Remembered Sets 0.005ms
[2024-08-29T23:15:59.248+0800] GC(1575) Pause Cleanup
[2024-08-29T23:15:59.248+0800] GC(1575) Pause Cleanup 1108M->1108M(2048M) 0.018ms
[2024-08-29T23:15:59.248+0800] GC(1575) User=0.00s Sys=0.00s Real=0.00s
[2024-08-29T23:15:59.248+0800] GC(1575) Concurrent Cleanup for Next Mark
[2024-08-29T23:15:59.252+0800] GC(1575) Concurrent Cleanup for Next Mark 3.679ms
[2024-08-29T23:15:59.252+0800] GC(1575) Concurrent Mark Cycle 8.591ms
[2024-08-29T23:15:59.254+0800] GC(1576) Pause Young (Concurrent Start) (G1 Humongous Allocation)
[2024-08-29T23:15:59.254+0800] GC(1576) Using 8 workers of 8 for evacuation
[2024-08-29T23:15:59.255+0800] GC(1576)   Pre Evacuate Collection Set: 0.2ms
[2024-08-29T23:15:59.255+0800] GC(1576)   Merge Heap Roots: 0.1ms
[2024-08-29T23:15:59.255+0800] GC(1576)   Evacuate Collection Set: 0.3ms
[2024-08-29T23:15:59.255+0800] GC(1576)   Post Evacuate Collection Set: 0.3ms
[2024-08-29T23:15:59.255+0800] GC(1576)   Other: 0.1ms
[2024-08-29T23:15:59.255+0800] GC(1576) Eden regions: 4->0(766)
[2024-08-29T23:15:59.255+0800] GC(1576) Survivor regions: 0->0(94)
[2024-08-29T23:15:59.255+0800] GC(1576) Old regions: 1->1
[2024-08-29T23:15:59.255+0800] GC(1576) Archive regions: 2->2
[2024-08-29T23:15:59.255+0800] GC(1576) Humongous regions: 1107->1073
[2024-08-29T23:15:59.255+0800] GC(1576) Metaspace: 1627K(1792K)->1627K(1792K) NonClass: 1508K(1600K)->1508K(1600K) Class: 119K(192K)->119K(192K)
[2024-08-29T23:15:59.255+0800] GC(1576) Pause Young (Concurrent Start) (G1 Humongous Allocation) 1111M->1074M(2048M) 1.160ms
[2024-08-29T23:15:59.255+0800] GC(1576) User=0.00s Sys=0.01s Real=0.00s
[2024-08-29T23:15:59.255+0800] GC(1577) Concurrent Mark Cycle
[2024-08-29T23:15:59.255+0800] GC(1577) Concurrent Clear Claimed Marks
[2024-08-29T23:15:59.255+0800] GC(1577) Concurrent Clear Claimed Marks 0.007ms
[2024-08-29T23:15:59.255+0800] GC(1577) Concurrent Scan Root Regions
[2024-08-29T23:15:59.255+0800] GC(1577) Concurrent Scan Root Regions 0.005ms
[2024-08-29T23:15:59.255+0800] GC(1577) Concurrent Mark
[2024-08-29T23:15:59.255+0800] GC(1577) Concurrent Mark From Roots
[2024-08-29T23:15:59.255+0800] GC(1577) Using 2 workers of 2 for marking
[2024-08-29T23:15:59.258+0800] GC(1577) Concurrent Mark From Roots 2.490ms
[2024-08-29T23:15:59.258+0800] GC(1577) Concurrent Preclean
[2024-08-29T23:15:59.258+0800] GC(1577) Concurrent Preclean 0.073ms
[2024-08-29T23:15:59.258+0800] GC(1577) Pause Remark
[2024-08-29T23:15:59.259+0800] GC(1577) Pause Remark 1081M->1081M(2048M) 0.918ms
[2024-08-29T23:15:59.259+0800] GC(1577) User=0.00s Sys=0.00s Real=0.00s
[2024-08-29T23:15:59.259+0800] GC(1577) Concurrent Mark 3.686ms
[2024-08-29T23:15:59.259+0800] GC(1577) Concurrent Rebuild Remembered Sets
[2024-08-29T23:15:59.259+0800] GC(1577) Concurrent Rebuild Remembered Sets 0.005ms
[2024-08-29T23:15:59.260+0800] GC(1577) Pause Cleanup
[2024-08-29T23:15:59.260+0800] GC(1577) Pause Cleanup 1085M->1085M(2048M) 0.019ms
[2024-08-29T23:15:59.260+0800] GC(1577) User=0.00s Sys=0.00s Real=0.00s
[2024-08-29T23:15:59.260+0800] GC(1577) Concurrent Cleanup for Next Mark
[2024-08-29T23:15:59.264+0800] GC(1577) Concurrent Cleanup for Next Mark 3.939ms
[2024-08-29T23:15:59.264+0800] GC(1577) Concurrent Mark Cycle 8.585ms
[2024-08-29T23:15:59.265+0800] GC(1578) Pause Young (Concurrent Start) (G1 Humongous Allocation)
[2024-08-29T23:15:59.265+0800] GC(1578) Using 8 workers of 8 for evacuation
[2024-08-29T23:15:59.266+0800] GC(1578)   Pre Evacuate Collection Set: 0.2ms
[2024-08-29T23:15:59.266+0800] GC(1578)   Merge Heap Roots: 0.1ms
[2024-08-29T23:15:59.266+0800] GC(1578)   Evacuate Collection Set: 0.4ms
[2024-08-29T23:15:59.266+0800] GC(1578)   Post Evacuate Collection Set: 0.3ms
[2024-08-29T23:15:59.266+0800] GC(1578)   Other: 0.1ms
[2024-08-29T23:15:59.266+0800] GC(1578) Eden regions: 4->0(778)
[2024-08-29T23:15:59.266+0800] GC(1578) Survivor regions: 0->0(96)
[2024-08-29T23:15:59.266+0800] GC(1578) Old regions: 1->1
[2024-08-29T23:15:59.266+0800] GC(1578) Archive regions: 2->2
[2024-08-29T23:15:59.266+0800] GC(1578) Humongous regions: 1090->1061
[2024-08-29T23:15:59.266+0800] GC(1578) Metaspace: 1627K(1792K)->1627K(1792K) NonClass: 1508K(1600K)->1508K(1600K) Class: 119K(192K)->119K(192K)
[2024-08-29T23:15:59.266+0800] GC(1578) Pause Young (Concurrent Start) (G1 Humongous Allocation) 1094M->1062M(2048M) 1.177ms
[2024-08-29T23:15:59.266+0800] GC(1578) User=0.00s Sys=0.00s Real=0.00s
[2024-08-29T23:15:59.266+0800] GC(1579) Concurrent Mark Cycle
[2024-08-29T23:15:59.266+0800] GC(1579) Concurrent Clear Claimed Marks
[2024-08-29T23:15:59.266+0800] GC(1579) Concurrent Clear Claimed Marks 0.006ms
[2024-08-29T23:15:59.266+0800] GC(1579) Concurrent Scan Root Regions
[2024-08-29T23:15:59.266+0800] GC(1579) Concurrent Scan Root Regions 0.004ms
[2024-08-29T23:15:59.266+0800] GC(1579) Concurrent Mark
[2024-08-29T23:15:59.266+0800] GC(1579) Concurrent Mark From Roots
[2024-08-29T23:15:59.266+0800] GC(1579) Using 2 workers of 2 for marking
[2024-08-29T23:15:59.270+0800] GC(1579) Concurrent Mark From Roots 3.553ms
[2024-08-29T23:15:59.270+0800] GC(1579) Concurrent Preclean
[2024-08-29T23:15:59.270+0800] GC(1579) Concurrent Preclean 0.091ms
[2024-08-29T23:15:59.270+0800] GC(1579) Pause Remark
[2024-08-29T23:15:59.271+0800] GC(1579) Pause Remark 1081M->1081M(2048M) 0.855ms
[2024-08-29T23:15:59.271+0800] GC(1579) User=0.00s Sys=0.01s Real=0.00s
[2024-08-29T23:15:59.271+0800] GC(1579) Concurrent Mark 4.661ms
[2024-08-29T23:15:59.271+0800] GC(1579) Concurrent Rebuild Remembered Sets
[2024-08-29T23:15:59.271+0800] GC(1579) Concurrent Rebuild Remembered Sets 0.005ms
[2024-08-29T23:15:59.272+0800] GC(1579) Pause Cleanup
[2024-08-29T23:15:59.272+0800] GC(1579) Pause Cleanup 1085M->1085M(2048M) 0.048ms
[2024-08-29T23:15:59.272+0800] GC(1579) User=0.00s Sys=0.00s Real=0.00s
[2024-08-29T23:15:59.272+0800] GC(1579) Concurrent Cleanup for Next Mark
[2024-08-29T23:15:59.277+0800] GC(1579) Concurrent Cleanup for Next Mark 5.340ms
[2024-08-29T23:15:59.277+0800] GC(1579) Concurrent Mark Cycle 11.334ms
[2024-08-29T23:15:59.278+0800] GC(1580) Pause Young (Concurrent Start) (G1 Humongous Allocation)
[2024-08-29T23:15:59.278+0800] GC(1580) Using 8 workers of 8 for evacuation
[2024-08-29T23:15:59.279+0800] GC(1580)   Pre Evacuate Collection Set: 0.3ms
[2024-08-29T23:15:59.279+0800] GC(1580)   Merge Heap Roots: 0.1ms
[2024-08-29T23:15:59.279+0800] GC(1580)   Evacuate Collection Set: 0.5ms
[2024-08-29T23:15:59.279+0800] GC(1580)   Post Evacuate Collection Set: 0.3ms
[2024-08-29T23:15:59.279+0800] GC(1580)   Other: 0.1ms
[2024-08-29T23:15:59.279+0800] GC(1580) Eden regions: 4->0(775)
[2024-08-29T23:15:59.279+0800] GC(1580) Survivor regions: 0->0(98)
[2024-08-29T23:15:59.279+0800] GC(1580) Old regions: 1->1
[2024-08-29T23:15:59.279+0800] GC(1580) Archive regions: 2->2
[2024-08-29T23:15:59.279+0800] GC(1580) Humongous regions: 1094->1064
[2024-08-29T23:15:59.279+0800] GC(1580) Metaspace: 1627K(1792K)->1627K(1792K) NonClass: 1508K(1600K)->1508K(1600K) Class: 119K(192K)->119K(192K)
[2024-08-29T23:15:59.279+0800] GC(1580) Pause Young (Concurrent Start) (G1 Humongous Allocation) 1099M->1065M(2048M) 1.419ms
[2024-08-29T23:15:59.279+0800] GC(1580) User=0.00s Sys=0.00s Real=0.00s
[2024-08-29T23:15:59.279+0800] GC(1581) Concurrent Mark Cycle
[2024-08-29T23:15:59.279+0800] GC(1581) Concurrent Clear Claimed Marks
[2024-08-29T23:15:59.279+0800] GC(1581) Concurrent Clear Claimed Marks 0.006ms
[2024-08-29T23:15:59.279+0800] GC(1581) Concurrent Scan Root Regions
[2024-08-29T23:15:59.279+0800] GC(1581) Concurrent Scan Root Regions 0.004ms
[2024-08-29T23:15:59.279+0800] GC(1581) Concurrent Mark
[2024-08-29T23:15:59.279+0800] GC(1581) Concurrent Mark From Roots
[2024-08-29T23:15:59.279+0800] GC(1581) Using 2 workers of 2 for marking
[2024-08-29T23:15:59.283+0800] GC(1581) Concurrent Mark From Roots 3.522ms
[2024-08-29T23:15:59.283+0800] GC(1581) Concurrent Preclean
[2024-08-29T23:15:59.283+0800] GC(1581) Concurrent Preclean 0.081ms
[2024-08-29T23:15:59.284+0800] GC(1581) Pause Remark
[2024-08-29T23:15:59.285+0800] GC(1581) Pause Remark 1083M->1083M(2048M) 0.964ms
[2024-08-29T23:15:59.285+0800] GC(1581) User=0.00s Sys=0.00s Real=0.00s
[2024-08-29T23:15:59.285+0800] GC(1581) Concurrent Mark 5.478ms
[2024-08-29T23:15:59.285+0800] GC(1581) Concurrent Rebuild Remembered Sets
[2024-08-29T23:15:59.285+0800] GC(1581) Concurrent Rebuild Remembered Sets 0.005ms
[2024-08-29T23:15:59.286+0800] GC(1581) Pause Cleanup
[2024-08-29T23:15:59.286+0800] GC(1581) Pause Cleanup 1087M->1087M(2048M) 0.020ms
[2024-08-29T23:15:59.286+0800] GC(1581) User=0.00s Sys=0.00s Real=0.00s
[2024-08-29T23:15:59.286+0800] GC(1581) Concurrent Cleanup for Next Mark
[2024-08-29T23:15:59.292+0800] GC(1581) Concurrent Cleanup for Next Mark 5.733ms
[2024-08-29T23:15:59.292+0800] GC(1581) Concurrent Mark Cycle 12.445ms
[2024-08-29T23:15:59.293+0800] GC(1582) Pause Young (Concurrent Start) (G1 Humongous Allocation)
[2024-08-29T23:15:59.293+0800] GC(1582) Using 8 workers of 8 for evacuation
[2024-08-29T23:15:59.295+0800] GC(1582)   Pre Evacuate Collection Set: 0.2ms
[2024-08-29T23:15:59.295+0800] GC(1582)   Merge Heap Roots: 0.1ms
[2024-08-29T23:15:59.295+0800] GC(1582)   Evacuate Collection Set: 0.8ms
[2024-08-29T23:15:59.295+0800] GC(1582)   Post Evacuate Collection Set: 0.3ms
[2024-08-29T23:15:59.295+0800] GC(1582)   Other: 0.1ms
[2024-08-29T23:15:59.295+0800] GC(1582) Eden regions: 3->0(757)
[2024-08-29T23:15:59.295+0800] GC(1582) Survivor regions: 0->0(97)
[2024-08-29T23:15:59.295+0800] GC(1582) Old regions: 1->1
[2024-08-29T23:15:59.295+0800] GC(1582) Archive regions: 2->2
[2024-08-29T23:15:59.295+0800] GC(1582) Humongous regions: 1104->1082
[2024-08-29T23:15:59.295+0800] GC(1582) Metaspace: 1627K(1792K)->1627K(1792K) NonClass: 1508K(1600K)->1508K(1600K) Class: 119K(192K)->119K(192K)
[2024-08-29T23:15:59.295+0800] GC(1582) Pause Young (Concurrent Start) (G1 Humongous Allocation) 1108M->1083M(2048M) 1.709ms
[2024-08-29T23:15:59.295+0800] GC(1582) User=0.00s Sys=0.00s Real=0.00s
[2024-08-29T23:15:59.295+0800] GC(1583) Concurrent Mark Cycle
[2024-08-29T23:15:59.295+0800] GC(1583) Concurrent Clear Claimed Marks
[2024-08-29T23:15:59.295+0800] GC(1583) Concurrent Clear Claimed Marks 0.008ms
[2024-08-29T23:15:59.295+0800] GC(1583) Concurrent Scan Root Regions
[2024-08-29T23:15:59.295+0800] GC(1583) Concurrent Scan Root Regions 0.005ms
[2024-08-29T23:15:59.295+0800] GC(1583) Concurrent Mark
[2024-08-29T23:15:59.295+0800] GC(1583) Concurrent Mark From Roots
[2024-08-29T23:15:59.295+0800] GC(1583) Using 2 workers of 2 for marking
[2024-08-29T23:15:59.297+0800] GC(1583) Concurrent Mark From Roots 2.399ms
[2024-08-29T23:15:59.297+0800] GC(1583) Concurrent Preclean
[2024-08-29T23:15:59.297+0800] GC(1583) Concurrent Preclean 0.096ms
[2024-08-29T23:15:59.297+0800] GC(1583) Pause Remark
[2024-08-29T23:15:59.298+0800] GC(1583) Pause Remark 1090M->1090M(2048M) 0.960ms
[2024-08-29T23:15:59.298+0800] GC(1583) User=0.00s Sys=0.00s Real=0.00s
[2024-08-29T23:15:59.298+0800] GC(1583) Concurrent Mark 3.691ms
[2024-08-29T23:15:59.298+0800] GC(1583) Concurrent Rebuild Remembered Sets
[2024-08-29T23:15:59.298+0800] GC(1583) Concurrent Rebuild Remembered Sets 0.007ms
[2024-08-29T23:15:59.298+0800] GC(1583) Pause Cleanup
[2024-08-29T23:15:59.298+0800] GC(1583) Pause Cleanup 1091M->1091M(2048M) 0.015ms
[2024-08-29T23:15:59.299+0800] GC(1583) User=0.00s Sys=0.00s Real=0.00s
[2024-08-29T23:15:59.299+0800] GC(1583) Concurrent Cleanup for Next Mark
[2024-08-29T23:15:59.302+0800] GC(1583) Concurrent Cleanup for Next Mark 3.432ms
[2024-08-29T23:15:59.302+0800] GC(1583) Concurrent Mark Cycle 7.348ms
[2024-08-29T23:15:59.303+0800] GC(1584) Pause Young (Concurrent Start) (G1 Humongous Allocation)
[2024-08-29T23:15:59.303+0800] GC(1584) Using 8 workers of 8 for evacuation
[2024-08-29T23:15:59.304+0800] GC(1584)   Pre Evacuate Collection Set: 0.3ms
[2024-08-29T23:15:59.304+0800] GC(1584)   Merge Heap Roots: 0.1ms
[2024-08-29T23:15:59.304+0800] GC(1584)   Evacuate Collection Set: 0.3ms
[2024-08-29T23:15:59.304+0800] GC(1584)   Post Evacuate Collection Set: 0.3ms
[2024-08-29T23:15:59.304+0800] GC(1584)   Other: 0.1ms
[2024-08-29T23:15:59.304+0800] GC(1584) Eden regions: 3->0(771)
[2024-08-29T23:15:59.304+0800] GC(1584) Survivor regions: 0->0(95)
[2024-08-29T23:15:59.304+0800] GC(1584) Old regions: 1->1
[2024-08-29T23:15:59.304+0800] GC(1584) Archive regions: 2->2
[2024-08-29T23:15:59.304+0800] GC(1584) Humongous regions: 1090->1068
[2024-08-29T23:15:59.304+0800] GC(1584) Metaspace: 1627K(1792K)->1627K(1792K) NonClass: 1508K(1600K)->1508K(1600K) Class: 119K(192K)->119K(192K)
[2024-08-29T23:15:59.304+0800] GC(1584) Pause Young (Concurrent Start) (G1 Humongous Allocation) 1094M->1069M(2048M) 1.142ms
[2024-08-29T23:15:59.304+0800] GC(1584) User=0.00s Sys=0.01s Real=0.00s
[2024-08-29T23:15:59.304+0800] GC(1585) Concurrent Mark Cycle
[2024-08-29T23:15:59.304+0800] GC(1585) Concurrent Clear Claimed Marks
[2024-08-29T23:15:59.304+0800] GC(1585) Concurrent Clear Claimed Marks 0.006ms
[2024-08-29T23:15:59.304+0800] GC(1585) Concurrent Scan Root Regions
[2024-08-29T23:15:59.304+0800] GC(1585) Concurrent Scan Root Regions 0.004ms
[2024-08-29T23:15:59.304+0800] GC(1585) Concurrent Mark
[2024-08-29T23:15:59.304+0800] GC(1585) Concurrent Mark From Roots
[2024-08-29T23:15:59.304+0800] GC(1585) Using 2 workers of 2 for marking
[2024-08-29T23:15:59.307+0800] GC(1585) Concurrent Mark From Roots 2.776ms
[2024-08-29T23:15:59.307+0800] GC(1585) Concurrent Preclean
[2024-08-29T23:15:59.307+0800] GC(1585) Concurrent Preclean 0.081ms
[2024-08-29T23:15:59.308+0800] GC(1585) Pause Remark
[2024-08-29T23:15:59.309+0800] GC(1585) Pause Remark 1084M->1084M(2048M) 1.007ms
[2024-08-29T23:15:59.309+0800] GC(1585) User=0.00s Sys=0.00s Real=0.00s
[2024-08-29T23:15:59.309+0800] GC(1585) Concurrent Mark 4.773ms
[2024-08-29T23:15:59.309+0800] GC(1585) Concurrent Rebuild Remembered Sets
[2024-08-29T23:15:59.309+0800] GC(1585) Concurrent Rebuild Remembered Sets 0.006ms
[2024-08-29T23:15:59.309+0800] GC(1585) Pause Cleanup
[2024-08-29T23:15:59.309+0800] GC(1585) Pause Cleanup 1084M->1084M(2048M) 0.016ms
[2024-08-29T23:15:59.309+0800] GC(1585) User=0.00s Sys=0.00s Real=0.00s
[2024-08-29T23:15:59.309+0800] GC(1585) Concurrent Cleanup for Next Mark
[2024-08-29T23:15:59.313+0800] GC(1585) Concurrent Cleanup for Next Mark 3.798ms
[2024-08-29T23:15:59.313+0800] GC(1585) Concurrent Mark Cycle 8.863ms
[2024-08-29T23:15:59.315+0800] GC(1586) Pause Young (Concurrent Start) (G1 Humongous Allocation)
[2024-08-29T23:15:59.315+0800] GC(1586) Using 8 workers of 8 for evacuation
[2024-08-29T23:15:59.316+0800] GC(1586)   Pre Evacuate Collection Set: 0.2ms
[2024-08-29T23:15:59.316+0800] GC(1586)   Merge Heap Roots: 0.1ms
[2024-08-29T23:15:59.316+0800] GC(1586)   Evacuate Collection Set: 0.3ms
[2024-08-29T23:15:59.316+0800] GC(1586)   Post Evacuate Collection Set: 0.3ms
[2024-08-29T23:15:59.316+0800] GC(1586)   Other: 0.1ms
[2024-08-29T23:15:59.316+0800] GC(1586) Eden regions: 3->0(770)
[2024-08-29T23:15:59.316+0800] GC(1586) Survivor regions: 0->0(97)
[2024-08-29T23:15:59.316+0800] GC(1586) Old regions: 1->1
[2024-08-29T23:15:59.316+0800] GC(1586) Archive regions: 2->2
[2024-08-29T23:15:59.316+0800] GC(1586) Humongous regions: 1092->1069
[2024-08-29T23:15:59.316+0800] GC(1586) Metaspace: 1627K(1792K)->1627K(1792K) NonClass: 1508K(1600K)->1508K(1600K) Class: 119K(192K)->119K(192K)
[2024-08-29T23:15:59.316+0800] GC(1586) Pause Young (Concurrent Start) (G1 Humongous Allocation) 1096M->1070M(2048M) 1.129ms
[2024-08-29T23:15:59.316+0800] GC(1586) User=0.00s Sys=0.00s Real=0.00s
[2024-08-29T23:15:59.316+0800] GC(1587) Concurrent Mark Cycle
[2024-08-29T23:15:59.316+0800] GC(1587) Concurrent Clear Claimed Marks
[2024-08-29T23:15:59.316+0800] GC(1587) Concurrent Clear Claimed Marks 0.007ms
[2024-08-29T23:15:59.316+0800] GC(1587) Concurrent Scan Root Regions
[2024-08-29T23:15:59.316+0800] GC(1587) Concurrent Scan Root Regions 0.004ms
[2024-08-29T23:15:59.316+0800] GC(1587) Concurrent Mark
[2024-08-29T23:15:59.316+0800] GC(1587) Concurrent Mark From Roots
[2024-08-29T23:15:59.316+0800] GC(1587) Using 2 workers of 2 for marking
[2024-08-29T23:15:59.319+0800] GC(1587) Concurrent Mark From Roots 2.467ms
[2024-08-29T23:15:59.319+0800] GC(1587) Concurrent Preclean
[2024-08-29T23:15:59.319+0800] GC(1587) Concurrent Preclean 0.095ms
[2024-08-29T23:15:59.320+0800] GC(1587) Pause Remark
[2024-08-29T23:15:59.321+0800] GC(1587) Pause Remark 1082M->1082M(2048M) 1.170ms
[2024-08-29T23:15:59.321+0800] GC(1587) User=0.00s Sys=0.00s Real=0.00s
[2024-08-29T23:15:59.321+0800] GC(1587) Concurrent Mark 4.991ms
[2024-08-29T23:15:59.321+0800] GC(1587) Concurrent Rebuild Remembered Sets
[2024-08-29T23:15:59.321+0800] GC(1587) Concurrent Rebuild Remembered Sets 0.005ms
[2024-08-29T23:15:59.322+0800] GC(1587) Pause Cleanup
[2024-08-29T23:15:59.322+0800] GC(1587) Pause Cleanup 1088M->1088M(2048M) 0.016ms
[2024-08-29T23:15:59.322+0800] GC(1587) User=0.00s Sys=0.00s Real=0.00s
[2024-08-29T23:15:59.322+0800] GC(1587) Concurrent Cleanup for Next Mark
[2024-08-29T23:15:59.326+0800] GC(1587) Concurrent Cleanup for Next Mark 4.463ms
[2024-08-29T23:15:59.326+0800] GC(1587) Concurrent Mark Cycle 10.178ms
[2024-08-29T23:15:59.329+0800] GC(1588) Pause Young (Concurrent Start) (G1 Humongous Allocation)
[2024-08-29T23:15:59.329+0800] GC(1588) Using 8 workers of 8 for evacuation
[2024-08-29T23:15:59.331+0800] GC(1588)   Pre Evacuate Collection Set: 0.6ms
[2024-08-29T23:15:59.331+0800] GC(1588)   Merge Heap Roots: 0.1ms
[2024-08-29T23:15:59.331+0800] GC(1588)   Evacuate Collection Set: 0.5ms
[2024-08-29T23:15:59.331+0800] GC(1588)   Post Evacuate Collection Set: 0.3ms
[2024-08-29T23:15:59.331+0800] GC(1588)   Other: 0.2ms
[2024-08-29T23:15:59.331+0800] GC(1588) Eden regions: 4->0(767)
[2024-08-29T23:15:59.331+0800] GC(1588) Survivor regions: 0->0(97)
[2024-08-29T23:15:59.331+0800] GC(1588) Old regions: 1->1
[2024-08-29T23:15:59.331+0800] GC(1588) Archive regions: 2->2
[2024-08-29T23:15:59.331+0800] GC(1588) Humongous regions: 1094->1072
[2024-08-29T23:15:59.331+0800] GC(1588) Metaspace: 1627K(1792K)->1627K(1792K) NonClass: 1508K(1600K)->1508K(1600K) Class: 119K(192K)->119K(192K)
[2024-08-29T23:15:59.331+0800] GC(1588) Pause Young (Concurrent Start) (G1 Humongous Allocation) 1098M->1073M(2048M) 1.704ms
[2024-08-29T23:15:59.331+0800] GC(1588) User=0.00s Sys=0.00s Real=0.00s
[2024-08-29T23:15:59.331+0800] GC(1589) Concurrent Mark Cycle
[2024-08-29T23:15:59.331+0800] GC(1589) Concurrent Clear Claimed Marks
[2024-08-29T23:15:59.331+0800] GC(1589) Concurrent Clear Claimed Marks 0.006ms
[2024-08-29T23:15:59.331+0800] GC(1589) Concurrent Scan Root Regions
[2024-08-29T23:15:59.331+0800] GC(1589) Concurrent Scan Root Regions 0.004ms
[2024-08-29T23:15:59.331+0800] GC(1589) Concurrent Mark
[2024-08-29T23:15:59.331+0800] GC(1589) Concurrent Mark From Roots
[2024-08-29T23:15:59.331+0800] GC(1589) Using 2 workers of 2 for marking
[2024-08-29T23:15:59.334+0800] GC(1589) Concurrent Mark From Roots 2.950ms
[2024-08-29T23:15:59.334+0800] GC(1589) Concurrent Preclean
[2024-08-29T23:15:59.334+0800] GC(1589) Concurrent Preclean 0.076ms
[2024-08-29T23:15:59.334+0800] GC(1589) Pause Remark
[2024-08-29T23:15:59.335+0800] GC(1589) Pause Remark 1093M->1093M(2048M) 0.916ms
[2024-08-29T23:15:59.335+0800] GC(1589) User=0.00s Sys=0.01s Real=0.00s
[2024-08-29T23:15:59.335+0800] GC(1589) Concurrent Mark 4.114ms
[2024-08-29T23:15:59.335+0800] GC(1589) Concurrent Rebuild Remembered Sets
[2024-08-29T23:15:59.335+0800] GC(1589) Concurrent Rebuild Remembered Sets 0.006ms
[2024-08-29T23:15:59.335+0800] GC(1589) Pause Cleanup
[2024-08-29T23:15:59.335+0800] GC(1589) Pause Cleanup 1093M->1093M(2048M) 0.016ms
[2024-08-29T23:15:59.335+0800] GC(1589) User=0.00s Sys=0.00s Real=0.00s
[2024-08-29T23:15:59.335+0800] GC(1589) Concurrent Cleanup for Next Mark
[2024-08-29T23:15:59.339+0800] GC(1589) Concurrent Cleanup for Next Mark 3.349ms
[2024-08-29T23:15:59.339+0800] GC(1589) Concurrent Mark Cycle 7.962ms
[2024-08-29T23:15:59.340+0800] GC(1590) Pause Young (Concurrent Start) (G1 Humongous Allocation)
[2024-08-29T23:15:59.340+0800] GC(1590) Using 8 workers of 8 for evacuation
[2024-08-29T23:15:59.342+0800] GC(1590)   Pre Evacuate Collection Set: 0.3ms
[2024-08-29T23:15:59.342+0800] GC(1590)   Merge Heap Roots: 0.1ms
[2024-08-29T23:15:59.342+0800] GC(1590)   Evacuate Collection Set: 0.5ms
[2024-08-29T23:15:59.342+0800] GC(1590)   Post Evacuate Collection Set: 0.5ms
[2024-08-29T23:15:59.342+0800] GC(1590)   Other: 0.1ms
[2024-08-29T23:15:59.342+0800] GC(1590) Eden regions: 3->0(775)
[2024-08-29T23:15:59.342+0800] GC(1590) Survivor regions: 0->1(96)
[2024-08-29T23:15:59.342+0800] GC(1590) Old regions: 1->1
[2024-08-29T23:15:59.342+0800] GC(1590) Archive regions: 2->2
[2024-08-29T23:15:59.342+0800] GC(1590) Humongous regions: 1090->1063
[2024-08-29T23:15:59.342+0800] GC(1590) Metaspace: 1627K(1792K)->1627K(1792K) NonClass: 1508K(1600K)->1508K(1600K) Class: 119K(192K)->119K(192K)
[2024-08-29T23:15:59.342+0800] GC(1590) Pause Young (Concurrent Start) (G1 Humongous Allocation) 1094M->1064M(2048M) 1.520ms
[2024-08-29T23:15:59.342+0800] GC(1590) User=0.00s Sys=0.00s Real=0.00s
[2024-08-29T23:15:59.342+0800] GC(1591) Concurrent Mark Cycle
[2024-08-29T23:15:59.342+0800] GC(1591) Concurrent Clear Claimed Marks
[2024-08-29T23:15:59.342+0800] GC(1591) Concurrent Clear Claimed Marks 0.006ms
[2024-08-29T23:15:59.342+0800] GC(1591) Concurrent Scan Root Regions
[2024-08-29T23:15:59.342+0800] GC(1591) Concurrent Scan Root Regions 0.090ms
[2024-08-29T23:15:59.342+0800] GC(1591) Concurrent Mark
[2024-08-29T23:15:59.342+0800] GC(1591) Concurrent Mark From Roots
[2024-08-29T23:15:59.342+0800] GC(1591) Using 2 workers of 2 for marking
[2024-08-29T23:15:59.344+0800] GC(1591) Concurrent Mark From Roots 2.346ms
[2024-08-29T23:15:59.344+0800] GC(1591) Concurrent Preclean
[2024-08-29T23:15:59.344+0800] GC(1591) Concurrent Preclean 0.097ms
[2024-08-29T23:15:59.344+0800] GC(1591) Pause Remark
[2024-08-29T23:15:59.346+0800] GC(1591) Pause Remark 1072M->1072M(2048M) 1.341ms
[2024-08-29T23:15:59.346+0800] GC(1591) User=0.01s Sys=0.01s Real=0.00s
[2024-08-29T23:15:59.346+0800] GC(1591) Concurrent Mark 3.994ms
[2024-08-29T23:15:59.346+0800] GC(1591) Concurrent Rebuild Remembered Sets
[2024-08-29T23:15:59.346+0800] GC(1591) Concurrent Rebuild Remembered Sets 0.005ms
[2024-08-29T23:15:59.346+0800] GC(1591) Pause Cleanup
[2024-08-29T23:15:59.346+0800] GC(1591) Pause Cleanup 1072M->1072M(2048M) 0.012ms
[2024-08-29T23:15:59.346+0800] GC(1591) User=0.00s Sys=0.00s Real=0.00s
[2024-08-29T23:15:59.346+0800] GC(1591) Concurrent Cleanup for Next Mark
[2024-08-29T23:15:59.350+0800] GC(1591) Concurrent Cleanup for Next Mark 3.985ms
[2024-08-29T23:15:59.350+0800] GC(1591) Concurrent Mark Cycle 8.317ms
[2024-08-29T23:15:59.354+0800] GC(1592) Pause Young (Concurrent Start) (G1 Humongous Allocation)
[2024-08-29T23:15:59.354+0800] GC(1592) Using 8 workers of 8 for evacuation
[2024-08-29T23:15:59.355+0800] GC(1592)   Pre Evacuate Collection Set: 0.2ms
[2024-08-29T23:15:59.355+0800] GC(1592)   Merge Heap Roots: 0.1ms
[2024-08-29T23:15:59.355+0800] GC(1592)   Evacuate Collection Set: 0.3ms
[2024-08-29T23:15:59.355+0800] GC(1592)   Post Evacuate Collection Set: 0.3ms
[2024-08-29T23:15:59.355+0800] GC(1592)   Other: 0.1ms
[2024-08-29T23:15:59.355+0800] GC(1592) Eden regions: 3->0(810)
[2024-08-29T23:15:59.355+0800] GC(1592) Survivor regions: 1->0(97)
[2024-08-29T23:15:59.355+0800] GC(1592) Old regions: 1->1
[2024-08-29T23:15:59.355+0800] GC(1592) Archive regions: 2->2
[2024-08-29T23:15:59.355+0800] GC(1592) Humongous regions: 1076->1029
[2024-08-29T23:15:59.355+0800] GC(1592) Metaspace: 1627K(1792K)->1627K(1792K) NonClass: 1508K(1600K)->1508K(1600K) Class: 119K(192K)->119K(192K)
[2024-08-29T23:15:59.355+0800] GC(1592) Pause Young (Concurrent Start) (G1 Humongous Allocation) 1080M->1030M(2048M) 1.108ms
[2024-08-29T23:15:59.355+0800] GC(1592) User=0.00s Sys=0.00s Real=0.00s
[2024-08-29T23:15:59.355+0800] GC(1593) Concurrent Mark Cycle
[2024-08-29T23:15:59.355+0800] GC(1593) Concurrent Clear Claimed Marks
[2024-08-29T23:15:59.355+0800] GC(1593) Concurrent Clear Claimed Marks 0.006ms
[2024-08-29T23:15:59.355+0800] GC(1593) Concurrent Scan Root Regions
[2024-08-29T23:15:59.355+0800] GC(1593) Concurrent Scan Root Regions 0.004ms
[2024-08-29T23:15:59.355+0800] GC(1593) Concurrent Mark
[2024-08-29T23:15:59.355+0800] GC(1593) Concurrent Mark From Roots
[2024-08-29T23:15:59.355+0800] GC(1593) Using 2 workers of 2 for marking
[2024-08-29T23:15:59.358+0800] GC(1593) Concurrent Mark From Roots 2.859ms
[2024-08-29T23:15:59.358+0800] GC(1593) Concurrent Preclean
[2024-08-29T23:15:59.358+0800] GC(1593) Concurrent Preclean 0.091ms
[2024-08-29T23:15:59.358+0800] GC(1593) Pause Remark
[2024-08-29T23:15:59.359+0800] GC(1593) Pause Remark 1045M->1045M(2048M) 1.198ms
[2024-08-29T23:15:59.359+0800] GC(1593) User=0.00s Sys=0.00s Real=0.00s
[2024-08-29T23:15:59.359+0800] GC(1593) Concurrent Mark 4.323ms
[2024-08-29T23:15:59.359+0800] GC(1593) Concurrent Rebuild Remembered Sets
[2024-08-29T23:15:59.359+0800] GC(1593) Concurrent Rebuild Remembered Sets 0.005ms
[2024-08-29T23:15:59.359+0800] GC(1593) Pause Cleanup
[2024-08-29T23:15:59.359+0800] GC(1593) Pause Cleanup 1045M->1045M(2048M) 0.013ms
[2024-08-29T23:15:59.359+0800] GC(1593) User=0.00s Sys=0.00s Real=0.00s
[2024-08-29T23:15:59.359+0800] GC(1593) Concurrent Cleanup for Next Mark
[2024-08-29T23:15:59.364+0800] GC(1593) Concurrent Cleanup for Next Mark 5.135ms
[2024-08-29T23:15:59.365+0800] GC(1593) Concurrent Mark Cycle 9.742ms
[2024-08-29T23:15:59.365+0800] GC(1594) Pause Young (Concurrent Start) (G1 Humongous Allocation)
[2024-08-29T23:15:59.365+0800] GC(1594) Using 8 workers of 8 for evacuation
[2024-08-29T23:15:59.366+0800] GC(1594)   Pre Evacuate Collection Set: 0.2ms
[2024-08-29T23:15:59.366+0800] GC(1594)   Merge Heap Roots: 0.1ms
[2024-08-29T23:15:59.366+0800] GC(1594)   Evacuate Collection Set: 0.3ms
[2024-08-29T23:15:59.366+0800] GC(1594)   Post Evacuate Collection Set: 0.4ms
[2024-08-29T23:15:59.366+0800] GC(1594)   Other: 0.2ms
[2024-08-29T23:15:59.366+0800] GC(1594) Eden regions: 4->0(790)
[2024-08-29T23:15:59.366+0800] GC(1594) Survivor regions: 0->0(102)
[2024-08-29T23:15:59.366+0800] GC(1594) Old regions: 1->1
[2024-08-29T23:15:59.366+0800] GC(1594) Archive regions: 2->2
[2024-08-29T23:15:59.366+0800] GC(1594) Humongous regions: 1066->1049
[2024-08-29T23:15:59.366+0800] GC(1594) Metaspace: 1627K(1792K)->1627K(1792K) NonClass: 1508K(1600K)->1508K(1600K) Class: 119K(192K)->119K(192K)
[2024-08-29T23:15:59.366+0800] GC(1594) Pause Young (Concurrent Start) (G1 Humongous Allocation) 1071M->1050M(2048M) 1.281ms
[2024-08-29T23:15:59.366+0800] GC(1594) User=0.01s Sys=0.00s Real=0.00s
[2024-08-29T23:15:59.366+0800] GC(1595) Concurrent Mark Cycle
[2024-08-29T23:15:59.366+0800] GC(1595) Concurrent Clear Claimed Marks
[2024-08-29T23:15:59.366+0800] GC(1595) Concurrent Clear Claimed Marks 0.008ms
[2024-08-29T23:15:59.366+0800] GC(1595) Concurrent Scan Root Regions
[2024-08-29T23:15:59.366+0800] GC(1595) Concurrent Scan Root Regions 0.004ms
[2024-08-29T23:15:59.366+0800] GC(1595) Concurrent Mark
[2024-08-29T23:15:59.366+0800] GC(1595) Concurrent Mark From Roots
[2024-08-29T23:15:59.366+0800] GC(1595) Using 2 workers of 2 for marking
[2024-08-29T23:15:59.369+0800] GC(1595) Concurrent Mark From Roots 2.665ms
[2024-08-29T23:15:59.369+0800] GC(1595) Concurrent Preclean
[2024-08-29T23:15:59.369+0800] GC(1595) Concurrent Preclean 0.076ms
[2024-08-29T23:15:59.369+0800] GC(1595) Pause Remark
[2024-08-29T23:15:59.370+0800] GC(1595) Pause Remark 1056M->1056M(2048M) 1.369ms
[2024-08-29T23:15:59.370+0800] GC(1595) User=0.00s Sys=0.00s Real=0.00s
[2024-08-29T23:15:59.371+0800] GC(1595) Concurrent Mark 4.273ms
[2024-08-29T23:15:59.371+0800] GC(1595) Concurrent Rebuild Remembered Sets
[2024-08-29T23:15:59.371+0800] GC(1595) Concurrent Rebuild Remembered Sets 0.005ms
[2024-08-29T23:15:59.371+0800] GC(1595) Pause Cleanup
[2024-08-29T23:15:59.371+0800] GC(1595) Pause Cleanup 1058M->1058M(2048M) 0.013ms
[2024-08-29T23:15:59.371+0800] GC(1595) User=0.00s Sys=0.00s Real=0.00s
[2024-08-29T23:15:59.371+0800] GC(1595) Concurrent Cleanup for Next Mark
[2024-08-29T23:15:59.375+0800] GC(1595) Concurrent Cleanup for Next Mark 4.600ms
[2024-08-29T23:15:59.376+0800] GC(1595) Concurrent Mark Cycle 9.339ms
[2024-08-29T23:15:59.378+0800] GC(1596) Pause Young (Concurrent Start) (G1 Humongous Allocation)
[2024-08-29T23:15:59.378+0800] GC(1596) Using 8 workers of 8 for evacuation
[2024-08-29T23:15:59.379+0800] GC(1596)   Pre Evacuate Collection Set: 0.2ms
[2024-08-29T23:15:59.379+0800] GC(1596)   Merge Heap Roots: 0.1ms
[2024-08-29T23:15:59.379+0800] GC(1596)   Evacuate Collection Set: 0.3ms
[2024-08-29T23:15:59.379+0800] GC(1596)   Post Evacuate Collection Set: 0.3ms
[2024-08-29T23:15:59.379+0800] GC(1596)   Other: 0.2ms
[2024-08-29T23:15:59.379+0800] GC(1596) Eden regions: 4->0(818)
[2024-08-29T23:15:59.379+0800] GC(1596) Survivor regions: 0->0(99)
[2024-08-29T23:15:59.379+0800] GC(1596) Old regions: 1->1
[2024-08-29T23:15:59.379+0800] GC(1596) Archive regions: 2->2
[2024-08-29T23:15:59.379+0800] GC(1596) Humongous regions: 1065->1021
[2024-08-29T23:15:59.379+0800] GC(1596) Metaspace: 1627K(1792K)->1627K(1792K) NonClass: 1508K(1600K)->1508K(1600K) Class: 119K(192K)->119K(192K)
[2024-08-29T23:15:59.379+0800] GC(1596) Pause Young (Concurrent Start) (G1 Humongous Allocation) 1070M->1022M(2048M) 1.235ms
[2024-08-29T23:15:59.379+0800] GC(1596) User=0.00s Sys=0.01s Real=0.00s
[2024-08-29T23:15:59.379+0800] GC(1597) Concurrent Mark Cycle
[2024-08-29T23:15:59.379+0800] GC(1597) Concurrent Clear Claimed Marks
[2024-08-29T23:15:59.379+0800] GC(1597) Concurrent Clear Claimed Marks 0.007ms
[2024-08-29T23:15:59.379+0800] GC(1597) Concurrent Scan Root Regions
[2024-08-29T23:15:59.379+0800] GC(1597) Concurrent Scan Root Regions 0.004ms
[2024-08-29T23:15:59.379+0800] GC(1597) Concurrent Mark
[2024-08-29T23:15:59.379+0800] GC(1597) Concurrent Mark From Roots
[2024-08-29T23:15:59.379+0800] GC(1597) Using 2 workers of 2 for marking
[2024-08-29T23:15:59.382+0800] GC(1597) Concurrent Mark From Roots 2.474ms
[2024-08-29T23:15:59.382+0800] GC(1597) Concurrent Preclean
[2024-08-29T23:15:59.382+0800] GC(1597) Concurrent Preclean 0.090ms
[2024-08-29T23:15:59.383+0800] GC(1597) Pause Remark
[2024-08-29T23:15:59.384+0800] GC(1597) Pause Remark 1033M->1033M(2048M) 1.502ms
[2024-08-29T23:15:59.384+0800] GC(1597) User=0.01s Sys=0.00s Real=0.00s
[2024-08-29T23:15:59.385+0800] GC(1597) Concurrent Mark 5.262ms
[2024-08-29T23:15:59.385+0800] GC(1597) Concurrent Rebuild Remembered Sets
[2024-08-29T23:15:59.385+0800] GC(1597) Concurrent Rebuild Remembered Sets 0.006ms
[2024-08-29T23:15:59.385+0800] GC(1597) Pause Cleanup
[2024-08-29T23:15:59.385+0800] GC(1597) Pause Cleanup 1037M->1037M(2048M) 0.038ms
[2024-08-29T23:15:59.385+0800] GC(1597) User=0.00s Sys=0.00s Real=0.00s
[2024-08-29T23:15:59.385+0800] GC(1597) Concurrent Cleanup for Next Mark
[2024-08-29T23:15:59.389+0800] GC(1597) Concurrent Cleanup for Next Mark 4.289ms
[2024-08-29T23:15:59.389+0800] GC(1597) Concurrent Mark Cycle 10.178ms
[2024-08-29T23:15:59.392+0800] GC(1598) Pause Young (Concurrent Start) (G1 Humongous Allocation)
[2024-08-29T23:15:59.392+0800] GC(1598) Using 8 workers of 8 for evacuation
[2024-08-29T23:15:59.393+0800] GC(1598)   Pre Evacuate Collection Set: 0.2ms
[2024-08-29T23:15:59.393+0800] GC(1598)   Merge Heap Roots: 0.1ms
[2024-08-29T23:15:59.393+0800] GC(1598)   Evacuate Collection Set: 0.3ms
[2024-08-29T23:15:59.393+0800] GC(1598)   Post Evacuate Collection Set: 0.3ms
[2024-08-29T23:15:59.393+0800] GC(1598)   Other: 0.2ms
[2024-08-29T23:15:59.393+0800] GC(1598) Eden regions: 3->0(825)
[2024-08-29T23:15:59.393+0800] GC(1598) Survivor regions: 0->0(103)
[2024-08-29T23:15:59.393+0800] GC(1598) Old regions: 1->1
[2024-08-29T23:15:59.393+0800] GC(1598) Archive regions: 2->2
[2024-08-29T23:15:59.393+0800] GC(1598) Humongous regions: 1048->1014
[2024-08-29T23:15:59.393+0800] GC(1598) Metaspace: 1627K(1792K)->1627K(1792K) NonClass: 1508K(1600K)->1508K(1600K) Class: 119K(192K)->119K(192K)
[2024-08-29T23:15:59.393+0800] GC(1598) Pause Young (Concurrent Start) (G1 Humongous Allocation) 1052M->1015M(2048M) 1.179ms
[2024-08-29T23:15:59.393+0800] GC(1598) User=0.00s Sys=0.00s Real=0.01s
[2024-08-29T23:15:59.393+0800] GC(1599) Concurrent Mark Cycle
[2024-08-29T23:15:59.393+0800] GC(1599) Concurrent Clear Claimed Marks
[2024-08-29T23:15:59.393+0800] GC(1599) Concurrent Clear Claimed Marks 0.006ms
[2024-08-29T23:15:59.393+0800] GC(1599) Concurrent Scan Root Regions
[2024-08-29T23:15:59.393+0800] GC(1599) Concurrent Scan Root Regions 0.004ms
[2024-08-29T23:15:59.393+0800] GC(1599) Concurrent Mark
[2024-08-29T23:15:59.393+0800] GC(1599) Concurrent Mark From Roots
[2024-08-29T23:15:59.393+0800] GC(1599) Using 2 workers of 2 for marking
[2024-08-29T23:15:59.396+0800] GC(1599) Concurrent Mark From Roots 2.603ms
[2024-08-29T23:15:59.396+0800] GC(1599) Concurrent Preclean
[2024-08-29T23:15:59.396+0800] GC(1599) Concurrent Preclean 0.091ms
[2024-08-29T23:15:59.397+0800] GC(1599) Pause Remark
[2024-08-29T23:15:59.398+0800] GC(1599) Pause Remark 1028M->1028M(2048M) 1.081ms
[2024-08-29T23:15:59.398+0800] GC(1599) User=0.01s Sys=0.00s Real=0.00s
[2024-08-29T23:15:59.398+0800] GC(1599) Concurrent Mark 4.824ms
[2024-08-29T23:15:59.398+0800] GC(1599) Concurrent Rebuild Remembered Sets
[2024-08-29T23:15:59.398+0800] GC(1599) Concurrent Rebuild Remembered Sets 0.005ms
[2024-08-29T23:15:59.399+0800] GC(1599) Pause Cleanup
[2024-08-29T23:15:59.399+0800] GC(1599) Pause Cleanup 1033M->1033M(2048M) 0.022ms
[2024-08-29T23:15:59.399+0800] GC(1599) User=0.00s Sys=0.00s Real=0.00s
[2024-08-29T23:15:59.399+0800] GC(1599) Concurrent Cleanup for Next Mark
[2024-08-29T23:15:59.404+0800] GC(1599) Concurrent Cleanup for Next Mark 4.533ms
[2024-08-29T23:15:59.404+0800] GC(1599) Concurrent Mark Cycle 10.440ms
[2024-08-29T23:15:59.406+0800] GC(1600) Pause Young (Concurrent Start) (G1 Humongous Allocation)
[2024-08-29T23:15:59.406+0800] GC(1600) Using 8 workers of 8 for evacuation
[2024-08-29T23:15:59.407+0800] GC(1600)   Pre Evacuate Collection Set: 0.2ms
[2024-08-29T23:15:59.407+0800] GC(1600)   Merge Heap Roots: 0.1ms
[2024-08-29T23:15:59.407+0800] GC(1600)   Evacuate Collection Set: 0.3ms
[2024-08-29T23:15:59.407+0800] GC(1600)   Post Evacuate Collection Set: 0.3ms
[2024-08-29T23:15:59.407+0800] GC(1600)   Other: 0.1ms
[2024-08-29T23:15:59.407+0800] GC(1600) Eden regions: 4->0(837)
[2024-08-29T23:15:59.407+0800] GC(1600) Survivor regions: 0->0(104)
[2024-08-29T23:15:59.407+0800] GC(1600) Old regions: 1->1
[2024-08-29T23:15:59.407+0800] GC(1600) Archive regions: 2->2
[2024-08-29T23:15:59.407+0800] GC(1600) Humongous regions: 1040->1002
[2024-08-29T23:15:59.407+0800] GC(1600) Metaspace: 1627K(1792K)->1627K(1792K) NonClass: 1508K(1600K)->1508K(1600K) Class: 119K(192K)->119K(192K)
[2024-08-29T23:15:59.407+0800] GC(1600) Pause Young (Concurrent Start) (G1 Humongous Allocation) 1044M->1003M(2048M) 1.239ms
[2024-08-29T23:15:59.407+0800] GC(1600) User=0.00s Sys=0.01s Real=0.00s
[2024-08-29T23:15:59.407+0800] GC(1601) Concurrent Mark Cycle
[2024-08-29T23:15:59.407+0800] GC(1601) Concurrent Clear Claimed Marks
[2024-08-29T23:15:59.407+0800] GC(1601) Concurrent Clear Claimed Marks 0.006ms
[2024-08-29T23:15:59.407+0800] GC(1601) Concurrent Scan Root Regions
[2024-08-29T23:15:59.407+0800] GC(1601) Concurrent Scan Root Regions 0.004ms
[2024-08-29T23:15:59.407+0800] GC(1601) Concurrent Mark
[2024-08-29T23:15:59.407+0800] GC(1601) Concurrent Mark From Roots
[2024-08-29T23:15:59.407+0800] GC(1601) Using 2 workers of 2 for marking
[2024-08-29T23:15:59.409+0800] GC(1601) Concurrent Mark From Roots 2.330ms
[2024-08-29T23:15:59.410+0800] GC(1601) Concurrent Preclean
[2024-08-29T23:15:59.410+0800] GC(1601) Concurrent Preclean 0.074ms
[2024-08-29T23:15:59.410+0800] GC(1601) Pause Remark
[2024-08-29T23:15:59.411+0800] GC(1601) Pause Remark 1012M->1012M(2048M) 0.927ms
[2024-08-29T23:15:59.411+0800] GC(1601) User=0.01s Sys=0.00s Real=0.00s
[2024-08-29T23:15:59.411+0800] GC(1601) Concurrent Mark 3.482ms
[2024-08-29T23:15:59.411+0800] GC(1601) Concurrent Rebuild Remembered Sets
[2024-08-29T23:15:59.411+0800] GC(1601) Concurrent Rebuild Remembered Sets 0.005ms
[2024-08-29T23:15:59.411+0800] GC(1601) Pause Cleanup
[2024-08-29T23:15:59.411+0800] GC(1601) Pause Cleanup 1012M->1012M(2048M) 0.011ms
[2024-08-29T23:15:59.411+0800] GC(1601) User=0.00s Sys=0.00s Real=0.00s
[2024-08-29T23:15:59.411+0800] GC(1601) Concurrent Cleanup for Next Mark
[2024-08-29T23:15:59.415+0800] GC(1601) Concurrent Cleanup for Next Mark 4.528ms
[2024-08-29T23:15:59.415+0800] GC(1601) Concurrent Mark Cycle 8.316ms
[2024-08-29T23:15:59.417+0800] GC(1602) Pause Young (Concurrent Start) (G1 Humongous Allocation)
[2024-08-29T23:15:59.417+0800] GC(1602) Using 8 workers of 8 for evacuation
[2024-08-29T23:15:59.418+0800] GC(1602)   Pre Evacuate Collection Set: 0.2ms
[2024-08-29T23:15:59.418+0800] GC(1602)   Merge Heap Roots: 0.1ms
[2024-08-29T23:15:59.418+0800] GC(1602)   Evacuate Collection Set: 0.3ms
[2024-08-29T23:15:59.418+0800] GC(1602)   Post Evacuate Collection Set: 0.3ms
[2024-08-29T23:15:59.418+0800] GC(1602)   Other: 0.2ms
[2024-08-29T23:15:59.418+0800] GC(1602) Eden regions: 3->0(837)
[2024-08-29T23:15:59.418+0800] GC(1602) Survivor regions: 0->0(105)
[2024-08-29T23:15:59.418+0800] GC(1602) Old regions: 1->1
[2024-08-29T23:15:59.418+0800] GC(1602) Archive regions: 2->2
[2024-08-29T23:15:59.418+0800] GC(1602) Humongous regions: 1029->1002
[2024-08-29T23:15:59.418+0800] GC(1602) Metaspace: 1627K(1792K)->1627K(1792K) NonClass: 1508K(1600K)->1508K(1600K) Class: 119K(192K)->119K(192K)
[2024-08-29T23:15:59.418+0800] GC(1602) Pause Young (Concurrent Start) (G1 Humongous Allocation) 1033M->1003M(2048M) 1.174ms
[2024-08-29T23:15:59.418+0800] GC(1602) User=0.01s Sys=0.00s Real=0.00s
[2024-08-29T23:15:59.418+0800] GC(1603) Concurrent Mark Cycle
[2024-08-29T23:15:59.418+0800] GC(1603) Concurrent Clear Claimed Marks
[2024-08-29T23:15:59.418+0800] GC(1603) Concurrent Clear Claimed Marks 0.008ms
[2024-08-29T23:15:59.418+0800] GC(1603) Concurrent Scan Root Regions
[2024-08-29T23:15:59.418+0800] GC(1603) Concurrent Scan Root Regions 0.004ms
[2024-08-29T23:15:59.418+0800] GC(1603) Concurrent Mark
[2024-08-29T23:15:59.418+0800] GC(1603) Concurrent Mark From Roots
[2024-08-29T23:15:59.418+0800] GC(1603) Using 2 workers of 2 for marking
[2024-08-29T23:15:59.422+0800] GC(1603) Concurrent Mark From Roots 3.517ms
[2024-08-29T23:15:59.422+0800] GC(1603) Concurrent Preclean
[2024-08-29T23:15:59.422+0800] GC(1603) Concurrent Preclean 0.094ms
[2024-08-29T23:15:59.422+0800] GC(1603) Pause Remark
[2024-08-29T23:15:59.423+0800] GC(1603) Pause Remark 1025M->1025M(2048M) 1.015ms
[2024-08-29T23:15:59.423+0800] GC(1603) User=0.00s Sys=0.00s Real=0.01s
[2024-08-29T23:15:59.423+0800] GC(1603) Concurrent Mark 4.809ms
[2024-08-29T23:15:59.423+0800] GC(1603) Concurrent Rebuild Remembered Sets
[2024-08-29T23:15:59.423+0800] GC(1603) Concurrent Rebuild Remembered Sets 0.042ms
[2024-08-29T23:15:59.424+0800] GC(1603) Pause Cleanup
[2024-08-29T23:15:59.424+0800] GC(1603) Pause Cleanup 1027M->1027M(2048M) 0.020ms
[2024-08-29T23:15:59.424+0800] GC(1603) User=0.00s Sys=0.00s Real=0.00s
[2024-08-29T23:15:59.424+0800] GC(1603) Concurrent Cleanup for Next Mark
[2024-08-29T23:15:59.429+0800] GC(1603) Concurrent Cleanup for Next Mark 4.543ms
[2024-08-29T23:15:59.429+0800] GC(1603) Concurrent Mark Cycle 10.426ms
[2024-08-29T23:15:59.429+0800] GC(1604) Pause Young (Concurrent Start) (G1 Humongous Allocation)
[2024-08-29T23:15:59.429+0800] GC(1604) Using 8 workers of 8 for evacuation
[2024-08-29T23:15:59.430+0800] GC(1604)   Pre Evacuate Collection Set: 0.3ms
[2024-08-29T23:15:59.430+0800] GC(1604)   Merge Heap Roots: 0.1ms
[2024-08-29T23:15:59.430+0800] GC(1604)   Evacuate Collection Set: 0.4ms
[2024-08-29T23:15:59.430+0800] GC(1604)   Post Evacuate Collection Set: 0.3ms
[2024-08-29T23:15:59.430+0800] GC(1604)   Other: 0.1ms
[2024-08-29T23:15:59.430+0800] GC(1604) Eden regions: 4->0(837)
[2024-08-29T23:15:59.430+0800] GC(1604) Survivor regions: 0->0(105)
[2024-08-29T23:15:59.430+0800] GC(1604) Old regions: 1->1
[2024-08-29T23:15:59.430+0800] GC(1604) Archive regions: 2->2
[2024-08-29T23:15:59.430+0800] GC(1604) Humongous regions: 1037->1002
[2024-08-29T23:15:59.430+0800] GC(1604) Metaspace: 1627K(1792K)->1627K(1792K) NonClass: 1508K(1600K)->1508K(1600K) Class: 119K(192K)->119K(192K)
[2024-08-29T23:15:59.430+0800] GC(1604) Pause Young (Concurrent Start) (G1 Humongous Allocation) 1042M->1003M(2048M) 1.190ms
[2024-08-29T23:15:59.430+0800] GC(1604) User=0.00s Sys=0.00s Real=0.00s
[2024-08-29T23:15:59.430+0800] GC(1605) Concurrent Mark Cycle
[2024-08-29T23:15:59.430+0800] GC(1605) Concurrent Clear Claimed Marks
[2024-08-29T23:15:59.430+0800] GC(1605) Concurrent Clear Claimed Marks 0.006ms
[2024-08-29T23:15:59.430+0800] GC(1605) Concurrent Scan Root Regions
[2024-08-29T23:15:59.430+0800] GC(1605) Concurrent Scan Root Regions 0.004ms
[2024-08-29T23:15:59.430+0800] GC(1605) Concurrent Mark
[2024-08-29T23:15:59.430+0800] GC(1605) Concurrent Mark From Roots
[2024-08-29T23:15:59.430+0800] GC(1605) Using 2 workers of 2 for marking
[2024-08-29T23:15:59.433+0800] GC(1605) Concurrent Mark From Roots 2.586ms
[2024-08-29T23:15:59.433+0800] GC(1605) Concurrent Preclean
[2024-08-29T23:15:59.433+0800] GC(1605) Concurrent Preclean 0.093ms
[2024-08-29T23:15:59.434+0800] GC(1605) Pause Remark
[2024-08-29T23:15:59.435+0800] GC(1605) Pause Remark 1012M->1012M(2048M) 1.133ms
[2024-08-29T23:15:59.435+0800] GC(1605) User=0.00s Sys=0.00s Real=0.00s
[2024-08-29T23:15:59.435+0800] GC(1605) Concurrent Mark 4.445ms
[2024-08-29T23:15:59.435+0800] GC(1605) Concurrent Rebuild Remembered Sets
[2024-08-29T23:15:59.435+0800] GC(1605) Concurrent Rebuild Remembered Sets 0.007ms
[2024-08-29T23:15:59.435+0800] GC(1605) Pause Cleanup
[2024-08-29T23:15:59.436+0800] GC(1605) Pause Cleanup 1017M->1017M(2048M) 0.017ms
[2024-08-29T23:15:59.436+0800] GC(1605) User=0.00s Sys=0.00s Real=0.00s
[2024-08-29T23:15:59.436+0800] GC(1605) Concurrent Cleanup for Next Mark
[2024-08-29T23:15:59.439+0800] GC(1605) Concurrent Cleanup for Next Mark 3.762ms
[2024-08-29T23:15:59.439+0800] GC(1605) Concurrent Mark Cycle 9.100ms
[2024-08-29T23:15:59.441+0800] GC(1606) Pause Young (Concurrent Start) (G1 Humongous Allocation)
[2024-08-29T23:15:59.441+0800] GC(1606) Using 8 workers of 8 for evacuation
[2024-08-29T23:15:59.442+0800] GC(1606)   Pre Evacuate Collection Set: 0.2ms
[2024-08-29T23:15:59.442+0800] GC(1606)   Merge Heap Roots: 0.1ms
[2024-08-29T23:15:59.442+0800] GC(1606)   Evacuate Collection Set: 0.4ms
[2024-08-29T23:15:59.442+0800] GC(1606)   Post Evacuate Collection Set: 0.5ms
[2024-08-29T23:15:59.442+0800] GC(1606)   Other: 0.2ms
[2024-08-29T23:15:59.442+0800] GC(1606) Eden regions: 4->0(856)
[2024-08-29T23:15:59.442+0800] GC(1606) Survivor regions: 0->0(105)
[2024-08-29T23:15:59.442+0800] GC(1606) Old regions: 1->1
[2024-08-29T23:15:59.442+0800] GC(1606) Archive regions: 2->2
[2024-08-29T23:15:59.442+0800] GC(1606) Humongous regions: 1019->983
[2024-08-29T23:15:59.442+0800] GC(1606) Metaspace: 1627K(1792K)->1627K(1792K) NonClass: 1508K(1600K)->1508K(1600K) Class: 119K(192K)->119K(192K)
[2024-08-29T23:15:59.442+0800] GC(1606) Pause Young (Concurrent Start) (G1 Humongous Allocation) 1023M->984M(2048M) 1.484ms
[2024-08-29T23:15:59.442+0800] GC(1606) User=0.01s Sys=0.00s Real=0.00s
[2024-08-29T23:15:59.442+0800] GC(1607) Concurrent Mark Cycle
[2024-08-29T23:15:59.442+0800] GC(1607) Concurrent Clear Claimed Marks
[2024-08-29T23:15:59.442+0800] GC(1607) Concurrent Clear Claimed Marks 0.007ms
[2024-08-29T23:15:59.442+0800] GC(1607) Concurrent Scan Root Regions
[2024-08-29T23:15:59.442+0800] GC(1607) Concurrent Scan Root Regions 0.004ms
[2024-08-29T23:15:59.442+0800] GC(1607) Concurrent Mark
[2024-08-29T23:15:59.442+0800] GC(1607) Concurrent Mark From Roots
[2024-08-29T23:15:59.442+0800] GC(1607) Using 2 workers of 2 for marking
[2024-08-29T23:15:59.445+0800] GC(1607) Concurrent Mark From Roots 2.468ms
[2024-08-29T23:15:59.445+0800] GC(1607) Concurrent Preclean
[2024-08-29T23:15:59.445+0800] GC(1607) Concurrent Preclean 0.076ms
[2024-08-29T23:15:59.445+0800] GC(1607) Pause Remark
[2024-08-29T23:15:59.446+0800] GC(1607) Pause Remark 995M->995M(2048M) 1.180ms
[2024-08-29T23:15:59.446+0800] GC(1607) User=0.01s Sys=0.00s Real=0.00s
[2024-08-29T23:15:59.446+0800] GC(1607) Concurrent Mark 3.904ms
[2024-08-29T23:15:59.446+0800] GC(1607) Concurrent Rebuild Remembered Sets
[2024-08-29T23:15:59.446+0800] GC(1607) Concurrent Rebuild Remembered Sets 0.005ms
[2024-08-29T23:15:59.447+0800] GC(1607) Pause Cleanup
[2024-08-29T23:15:59.447+0800] GC(1607) Pause Cleanup 995M->995M(2048M) 0.045ms
[2024-08-29T23:15:59.447+0800] GC(1607) User=0.00s Sys=0.00s Real=0.00s
[2024-08-29T23:15:59.447+0800] GC(1607) Concurrent Cleanup for Next Mark
[2024-08-29T23:15:59.452+0800] GC(1607) Concurrent Cleanup for Next Mark 5.356ms
[2024-08-29T23:15:59.452+0800] GC(1607) Concurrent Mark Cycle 10.104ms
[2024-08-29T23:15:59.455+0800] GC(1608) Pause Young (Concurrent Start) (G1 Humongous Allocation)
[2024-08-29T23:15:59.455+0800] GC(1608) Using 8 workers of 8 for evacuation
[2024-08-29T23:15:59.456+0800] GC(1608)   Pre Evacuate Collection Set: 0.2ms
[2024-08-29T23:15:59.456+0800] GC(1608)   Merge Heap Roots: 0.1ms
[2024-08-29T23:15:59.456+0800] GC(1608)   Evacuate Collection Set: 0.3ms
[2024-08-29T23:15:59.456+0800] GC(1608)   Post Evacuate Collection Set: 0.4ms
[2024-08-29T23:15:59.456+0800] GC(1608)   Other: 0.1ms
[2024-08-29T23:15:59.456+0800] GC(1608) Eden regions: 4->0(859)
[2024-08-29T23:15:59.456+0800] GC(1608) Survivor regions: 0->0(107)
[2024-08-29T23:15:59.456+0800] GC(1608) Old regions: 1->1
[2024-08-29T23:15:59.456+0800] GC(1608) Archive regions: 2->2
[2024-08-29T23:15:59.456+0800] GC(1608) Humongous regions: 1012->980
[2024-08-29T23:15:59.456+0800] GC(1608) Metaspace: 1627K(1792K)->1627K(1792K) NonClass: 1508K(1600K)->1508K(1600K) Class: 119K(192K)->119K(192K)
[2024-08-29T23:15:59.456+0800] GC(1608) Pause Young (Concurrent Start) (G1 Humongous Allocation) 1017M->981M(2048M) 1.191ms
[2024-08-29T23:15:59.456+0800] GC(1608) User=0.01s Sys=0.00s Real=0.00s
[2024-08-29T23:15:59.456+0800] GC(1609) Concurrent Mark Cycle
[2024-08-29T23:15:59.456+0800] GC(1609) Concurrent Clear Claimed Marks
[2024-08-29T23:15:59.456+0800] GC(1609) Concurrent Clear Claimed Marks 0.008ms
[2024-08-29T23:15:59.456+0800] GC(1609) Concurrent Scan Root Regions
[2024-08-29T23:15:59.456+0800] GC(1609) Concurrent Scan Root Regions 0.005ms
[2024-08-29T23:15:59.456+0800] GC(1609) Concurrent Mark
[2024-08-29T23:15:59.456+0800] GC(1609) Concurrent Mark From Roots
[2024-08-29T23:15:59.456+0800] GC(1609) Using 2 workers of 2 for marking
[2024-08-29T23:15:59.459+0800] GC(1609) Concurrent Mark From Roots 2.650ms
[2024-08-29T23:15:59.459+0800] GC(1609) Concurrent Preclean
[2024-08-29T23:15:59.459+0800] GC(1609) Concurrent Preclean 0.080ms
[2024-08-29T23:15:59.460+0800] GC(1609) Pause Remark
[2024-08-29T23:15:59.460+0800] GC(1609) Pause Remark 996M->996M(2048M) 0.904ms
[2024-08-29T23:15:59.460+0800] GC(1609) User=0.00s Sys=0.01s Real=0.00s
[2024-08-29T23:15:59.461+0800] GC(1609) Concurrent Mark 4.697ms
[2024-08-29T23:15:59.461+0800] GC(1609) Concurrent Rebuild Remembered Sets
[2024-08-29T23:15:59.461+0800] GC(1609) Concurrent Rebuild Remembered Sets 0.006ms
[2024-08-29T23:15:59.461+0800] GC(1609) Pause Cleanup
[2024-08-29T23:15:59.461+0800] GC(1609) Pause Cleanup 996M->996M(2048M) 0.032ms
[2024-08-29T23:15:59.461+0800] GC(1609) User=0.00s Sys=0.00s Real=0.00s
[2024-08-29T23:15:59.461+0800] GC(1609) Concurrent Cleanup for Next Mark
[2024-08-29T23:15:59.465+0800] GC(1609) Concurrent Cleanup for Next Mark 3.992ms
[2024-08-29T23:15:59.465+0800] GC(1609) Concurrent Mark Cycle 9.040ms
[2024-08-29T23:15:59.466+0800] GC(1610) Pause Young (Concurrent Start) (G1 Humongous Allocation)
[2024-08-29T23:15:59.466+0800] GC(1610) Using 8 workers of 8 for evacuation
[2024-08-29T23:15:59.468+0800] GC(1610)   Pre Evacuate Collection Set: 0.3ms
[2024-08-29T23:15:59.468+0800] GC(1610)   Merge Heap Roots: 0.1ms
[2024-08-29T23:15:59.468+0800] GC(1610)   Evacuate Collection Set: 0.7ms
[2024-08-29T23:15:59.468+0800] GC(1610)   Post Evacuate Collection Set: 0.3ms
[2024-08-29T23:15:59.468+0800] GC(1610)   Other: 0.2ms
[2024-08-29T23:15:59.468+0800] GC(1610) Eden regions: 4->0(868)
[2024-08-29T23:15:59.468+0800] GC(1610) Survivor regions: 0->0(108)
[2024-08-29T23:15:59.468+0800] GC(1610) Old regions: 1->1
[2024-08-29T23:15:59.468+0800] GC(1610) Archive regions: 2->2
[2024-08-29T23:15:59.468+0800] GC(1610) Humongous regions: 999->971
[2024-08-29T23:15:59.468+0800] GC(1610) Metaspace: 1627K(1792K)->1627K(1792K) NonClass: 1508K(1600K)->1508K(1600K) Class: 119K(192K)->119K(192K)
[2024-08-29T23:15:59.468+0800] GC(1610) Pause Young (Concurrent Start) (G1 Humongous Allocation) 1004M->972M(2048M) 1.626ms
[2024-08-29T23:15:59.468+0800] GC(1610) User=0.00s Sys=0.00s Real=0.00s
[2024-08-29T23:15:59.468+0800] GC(1611) Concurrent Mark Cycle
[2024-08-29T23:15:59.468+0800] GC(1611) Concurrent Clear Claimed Marks
[2024-08-29T23:15:59.468+0800] GC(1611) Concurrent Clear Claimed Marks 0.006ms
[2024-08-29T23:15:59.468+0800] GC(1611) Concurrent Scan Root Regions
[2024-08-29T23:15:59.468+0800] GC(1611) Concurrent Scan Root Regions 0.004ms
[2024-08-29T23:15:59.468+0800] GC(1611) Concurrent Mark
[2024-08-29T23:15:59.468+0800] GC(1611) Concurrent Mark From Roots
[2024-08-29T23:15:59.468+0800] GC(1611) Using 2 workers of 2 for marking
[2024-08-29T23:15:59.471+0800] GC(1611) Concurrent Mark From Roots 2.371ms
[2024-08-29T23:15:59.471+0800] GC(1611) Concurrent Preclean
[2024-08-29T23:15:59.471+0800] GC(1611) Concurrent Preclean 0.081ms
[2024-08-29T23:15:59.472+0800] GC(1611) Pause Remark
[2024-08-29T23:15:59.472+0800] GC(1611) Pause Remark 985M->985M(2048M) 0.924ms
[2024-08-29T23:15:59.472+0800] GC(1611) User=0.00s Sys=0.00s Real=0.01s
[2024-08-29T23:15:59.473+0800] GC(1611) Concurrent Mark 4.377ms
[2024-08-29T23:15:59.473+0800] GC(1611) Concurrent Rebuild Remembered Sets
[2024-08-29T23:15:59.473+0800] GC(1611) Concurrent Rebuild Remembered Sets 0.005ms
[2024-08-29T23:15:59.474+0800] GC(1611) Pause Cleanup
[2024-08-29T23:15:59.474+0800] GC(1611) Pause Cleanup 990M->990M(2048M) 0.021ms
[2024-08-29T23:15:59.474+0800] GC(1611) User=0.00s Sys=0.00s Real=0.00s
[2024-08-29T23:15:59.474+0800] GC(1611) Concurrent Cleanup for Next Mark
[2024-08-29T23:15:59.478+0800] GC(1611) Concurrent Cleanup for Next Mark 4.732ms
[2024-08-29T23:15:59.478+0800] GC(1611) Concurrent Mark Cycle 10.250ms
[2024-08-29T23:15:59.481+0800] GC(1612) Pause Young (Concurrent Start) (G1 Humongous Allocation)
[2024-08-29T23:15:59.481+0800] GC(1612) Using 8 workers of 8 for evacuation
[2024-08-29T23:15:59.482+0800] GC(1612)   Pre Evacuate Collection Set: 0.2ms
[2024-08-29T23:15:59.482+0800] GC(1612)   Merge Heap Roots: 0.1ms
[2024-08-29T23:15:59.482+0800] GC(1612)   Evacuate Collection Set: 0.4ms
[2024-08-29T23:15:59.482+0800] GC(1612)   Post Evacuate Collection Set: 0.5ms
[2024-08-29T23:15:59.482+0800] GC(1612)   Other: 0.1ms
[2024-08-29T23:15:59.482+0800] GC(1612) Eden regions: 4->0(872)
[2024-08-29T23:15:59.482+0800] GC(1612) Survivor regions: 0->0(109)
[2024-08-29T23:15:59.482+0800] GC(1612) Old regions: 1->1
[2024-08-29T23:15:59.482+0800] GC(1612) Archive regions: 2->2
[2024-08-29T23:15:59.482+0800] GC(1612) Humongous regions: 999->967
[2024-08-29T23:15:59.482+0800] GC(1612) Metaspace: 1627K(1792K)->1627K(1792K) NonClass: 1508K(1600K)->1508K(1600K) Class: 119K(192K)->119K(192K)
[2024-08-29T23:15:59.482+0800] GC(1612) Pause Young (Concurrent Start) (G1 Humongous Allocation) 1003M->968M(2048M) 1.499ms
[2024-08-29T23:15:59.482+0800] GC(1612) User=0.00s Sys=0.00s Real=0.00s
[2024-08-29T23:15:59.482+0800] GC(1613) Concurrent Mark Cycle
[2024-08-29T23:15:59.482+0800] GC(1613) Concurrent Clear Claimed Marks
[2024-08-29T23:15:59.482+0800] GC(1613) Concurrent Clear Claimed Marks 0.007ms
[2024-08-29T23:15:59.482+0800] GC(1613) Concurrent Scan Root Regions
[2024-08-29T23:15:59.482+0800] GC(1613) Concurrent Scan Root Regions 0.004ms
[2024-08-29T23:15:59.482+0800] GC(1613) Concurrent Mark
[2024-08-29T23:15:59.482+0800] GC(1613) Concurrent Mark From Roots
[2024-08-29T23:15:59.482+0800] GC(1613) Using 2 workers of 2 for marking
[2024-08-29T23:15:59.485+0800] GC(1613) Concurrent Mark From Roots 2.795ms
[2024-08-29T23:15:59.485+0800] GC(1613) Concurrent Preclean
[2024-08-29T23:15:59.485+0800] GC(1613) Concurrent Preclean 0.093ms
[2024-08-29T23:15:59.485+0800] GC(1613) Pause Remark
[2024-08-29T23:15:59.486+0800] GC(1613) Pause Remark 989M->989M(2048M) 1.304ms
[2024-08-29T23:15:59.486+0800] GC(1613) User=0.01s Sys=0.00s Real=0.00s
[2024-08-29T23:15:59.487+0800] GC(1613) Concurrent Mark 4.384ms
[2024-08-29T23:15:59.487+0800] GC(1613) Concurrent Rebuild Remembered Sets
[2024-08-29T23:15:59.487+0800] GC(1613) Concurrent Rebuild Remembered Sets 0.006ms
[2024-08-29T23:15:59.487+0800] GC(1613) Pause Cleanup
[2024-08-29T23:15:59.487+0800] GC(1613) Pause Cleanup 990M->990M(2048M) 0.016ms
[2024-08-29T23:15:59.487+0800] GC(1613) User=0.00s Sys=0.00s Real=0.00s
[2024-08-29T23:15:59.487+0800] GC(1613) Concurrent Cleanup for Next Mark
[2024-08-29T23:15:59.491+0800] GC(1613) Concurrent Cleanup for Next Mark 3.930ms
[2024-08-29T23:15:59.491+0800] GC(1613) Concurrent Mark Cycle 8.573ms
[2024-08-29T23:15:59.492+0800] GC(1614) Pause Young (Concurrent Start) (G1 Humongous Allocation)
[2024-08-29T23:15:59.492+0800] GC(1614) Using 8 workers of 8 for evacuation
[2024-08-29T23:15:59.493+0800] GC(1614)   Pre Evacuate Collection Set: 0.3ms
[2024-08-29T23:15:59.493+0800] GC(1614)   Merge Heap Roots: 0.1ms
[2024-08-29T23:15:59.493+0800] GC(1614)   Evacuate Collection Set: 0.3ms
[2024-08-29T23:15:59.493+0800] GC(1614)   Post Evacuate Collection Set: 0.3ms
[2024-08-29T23:15:59.493+0800] GC(1614)   Other: 0.1ms
[2024-08-29T23:15:59.493+0800] GC(1614) Eden regions: 4->0(865)
[2024-08-29T23:15:59.493+0800] GC(1614) Survivor regions: 0->0(109)
[2024-08-29T23:15:59.493+0800] GC(1614) Old regions: 1->1
[2024-08-29T23:15:59.493+0800] GC(1614) Archive regions: 2->2
[2024-08-29T23:15:59.493+0800] GC(1614) Humongous regions: 993->974
[2024-08-29T23:15:59.493+0800] GC(1614) Metaspace: 1627K(1792K)->1627K(1792K) NonClass: 1508K(1600K)->1508K(1600K) Class: 119K(192K)->119K(192K)
[2024-08-29T23:15:59.493+0800] GC(1614) Pause Young (Concurrent Start) (G1 Humongous Allocation) 997M->975M(2048M) 1.172ms
[2024-08-29T23:15:59.493+0800] GC(1614) User=0.00s Sys=0.01s Real=0.01s
[2024-08-29T23:15:59.493+0800] GC(1615) Concurrent Mark Cycle
[2024-08-29T23:15:59.493+0800] GC(1615) Concurrent Clear Claimed Marks
[2024-08-29T23:15:59.493+0800] GC(1615) Concurrent Clear Claimed Marks 0.007ms
[2024-08-29T23:15:59.493+0800] GC(1615) Concurrent Scan Root Regions
[2024-08-29T23:15:59.493+0800] GC(1615) Concurrent Scan Root Regions 0.005ms
[2024-08-29T23:15:59.493+0800] GC(1615) Concurrent Mark
[2024-08-29T23:15:59.493+0800] GC(1615) Concurrent Mark From Roots
[2024-08-29T23:15:59.493+0800] GC(1615) Using 2 workers of 2 for marking
[2024-08-29T23:15:59.496+0800] GC(1615) Concurrent Mark From Roots 3.452ms
[2024-08-29T23:15:59.496+0800] GC(1615) Concurrent Preclean
[2024-08-29T23:15:59.497+0800] GC(1615) Concurrent Preclean 0.123ms
[2024-08-29T23:15:59.497+0800] GC(1615) Pause Remark
[2024-08-29T23:15:59.498+0800] GC(1615) Pause Remark 996M->996M(2048M) 1.180ms
[2024-08-29T23:15:59.498+0800] GC(1615) User=0.00s Sys=0.00s Real=0.00s
[2024-08-29T23:15:59.498+0800] GC(1615) Concurrent Mark 4.967ms
[2024-08-29T23:15:59.498+0800] GC(1615) Concurrent Rebuild Remembered Sets
[2024-08-29T23:15:59.498+0800] GC(1615) Concurrent Rebuild Remembered Sets 0.006ms
[2024-08-29T23:15:59.498+0800] GC(1615) Pause Cleanup
[2024-08-29T23:15:59.498+0800] GC(1615) Pause Cleanup 996M->996M(2048M) 0.016ms
[2024-08-29T23:15:59.498+0800] GC(1615) User=0.00s Sys=0.00s Real=0.00s
[2024-08-29T23:15:59.498+0800] GC(1615) Concurrent Cleanup for Next Mark
[2024-08-29T23:15:59.502+0800] GC(1615) Concurrent Cleanup for Next Mark 4.184ms
[2024-08-29T23:15:59.502+0800] GC(1615) Concurrent Mark Cycle 9.425ms
[2024-08-29T23:15:59.504+0800] GC(1616) Pause Young (Concurrent Start) (G1 Humongous Allocation)
[2024-08-29T23:15:59.504+0800] GC(1616) Using 8 workers of 8 for evacuation
[2024-08-29T23:15:59.505+0800] GC(1616)   Pre Evacuate Collection Set: 0.2ms
[2024-08-29T23:15:59.505+0800] GC(1616)   Merge Heap Roots: 0.1ms
[2024-08-29T23:15:59.505+0800] GC(1616)   Evacuate Collection Set: 0.4ms
[2024-08-29T23:15:59.505+0800] GC(1616)   Post Evacuate Collection Set: 0.4ms
[2024-08-29T23:15:59.505+0800] GC(1616)   Other: 0.1ms
[2024-08-29T23:15:59.505+0800] GC(1616) Eden regions: 4->0(865)
[2024-08-29T23:15:59.505+0800] GC(1616) Survivor regions: 0->0(109)
[2024-08-29T23:15:59.505+0800] GC(1616) Old regions: 1->1
[2024-08-29T23:15:59.505+0800] GC(1616) Archive regions: 2->2
[2024-08-29T23:15:59.505+0800] GC(1616) Humongous regions: 1003->974
[2024-08-29T23:15:59.505+0800] GC(1616) Metaspace: 1627K(1792K)->1627K(1792K) NonClass: 1508K(1600K)->1508K(1600K) Class: 119K(192K)->119K(192K)
[2024-08-29T23:15:59.505+0800] GC(1616) Pause Young (Concurrent Start) (G1 Humongous Allocation) 1007M->975M(2048M) 1.199ms
[2024-08-29T23:15:59.505+0800] GC(1616) User=0.01s Sys=0.00s Real=0.00s
[2024-08-29T23:15:59.505+0800] GC(1617) Concurrent Mark Cycle
[2024-08-29T23:15:59.505+0800] GC(1617) Concurrent Clear Claimed Marks
[2024-08-29T23:15:59.505+0800] GC(1617) Concurrent Clear Claimed Marks 0.008ms
[2024-08-29T23:15:59.505+0800] GC(1617) Concurrent Scan Root Regions
[2024-08-29T23:15:59.505+0800] GC(1617) Concurrent Scan Root Regions 0.006ms
[2024-08-29T23:15:59.505+0800] GC(1617) Concurrent Mark
[2024-08-29T23:15:59.505+0800] GC(1617) Concurrent Mark From Roots
[2024-08-29T23:15:59.505+0800] GC(1617) Using 2 workers of 2 for marking
[2024-08-29T23:15:59.508+0800] GC(1617) Concurrent Mark From Roots 2.608ms
[2024-08-29T23:15:59.508+0800] GC(1617) Concurrent Preclean
[2024-08-29T23:15:59.508+0800] GC(1617) Concurrent Preclean 0.101ms
[2024-08-29T23:15:59.508+0800] GC(1617) Pause Remark
[2024-08-29T23:15:59.509+0800] GC(1617) Pause Remark 988M->988M(2048M) 1.326ms
[2024-08-29T23:15:59.509+0800] GC(1617) User=0.00s Sys=0.01s Real=0.00s
[2024-08-29T23:15:59.509+0800] GC(1617) Concurrent Mark 4.329ms
[2024-08-29T23:15:59.509+0800] GC(1617) Concurrent Rebuild Remembered Sets
[2024-08-29T23:15:59.509+0800] GC(1617) Concurrent Rebuild Remembered Sets 0.005ms
[2024-08-29T23:15:59.509+0800] GC(1617) Pause Cleanup
[2024-08-29T23:15:59.509+0800] GC(1617) Pause Cleanup 988M->988M(2048M) 0.018ms
[2024-08-29T23:15:59.509+0800] GC(1617) User=0.00s Sys=0.00s Real=0.00s
[2024-08-29T23:15:59.509+0800] GC(1617) Concurrent Cleanup for Next Mark
[2024-08-29T23:15:59.515+0800] GC(1617) Concurrent Cleanup for Next Mark 5.249ms
[2024-08-29T23:15:59.515+0800] GC(1617) Concurrent Mark Cycle 9.869ms
[2024-08-29T23:15:59.516+0800] GC(1618) Pause Young (Concurrent Start) (G1 Humongous Allocation)
[2024-08-29T23:15:59.516+0800] GC(1618) Using 8 workers of 8 for evacuation
[2024-08-29T23:15:59.517+0800] GC(1618)   Pre Evacuate Collection Set: 0.2ms
[2024-08-29T23:15:59.517+0800] GC(1618)   Merge Heap Roots: 0.1ms
[2024-08-29T23:15:59.517+0800] GC(1618)   Evacuate Collection Set: 0.5ms
[2024-08-29T23:15:59.517+0800] GC(1618)   Post Evacuate Collection Set: 0.3ms
[2024-08-29T23:15:59.517+0800] GC(1618)   Other: 0.2ms
[2024-08-29T23:15:59.517+0800] GC(1618) Eden regions: 4->0(848)
[2024-08-29T23:15:59.517+0800] GC(1618) Survivor regions: 0->0(109)
[2024-08-29T23:15:59.517+0800] GC(1618) Old regions: 1->1
[2024-08-29T23:15:59.517+0800] GC(1618) Archive regions: 2->2
[2024-08-29T23:15:59.517+0800] GC(1618) Humongous regions: 1004->991
[2024-08-29T23:15:59.517+0800] GC(1618) Metaspace: 1627K(1792K)->1627K(1792K) NonClass: 1508K(1600K)->1508K(1600K) Class: 119K(192K)->119K(192K)
[2024-08-29T23:15:59.517+0800] GC(1618) Pause Young (Concurrent Start) (G1 Humongous Allocation) 1008M->992M(2048M) 1.397ms
[2024-08-29T23:15:59.517+0800] GC(1618) User=0.00s Sys=0.00s Real=0.00s
[2024-08-29T23:15:59.517+0800] GC(1619) Concurrent Mark Cycle
[2024-08-29T23:15:59.517+0800] GC(1619) Concurrent Clear Claimed Marks
[2024-08-29T23:15:59.517+0800] GC(1619) Concurrent Clear Claimed Marks 0.006ms
[2024-08-29T23:15:59.517+0800] GC(1619) Concurrent Scan Root Regions
[2024-08-29T23:15:59.517+0800] GC(1619) Concurrent Scan Root Regions 0.004ms
[2024-08-29T23:15:59.517+0800] GC(1619) Concurrent Mark
[2024-08-29T23:15:59.517+0800] GC(1619) Concurrent Mark From Roots
[2024-08-29T23:15:59.517+0800] GC(1619) Using 2 workers of 2 for marking
[2024-08-29T23:15:59.520+0800] GC(1619) Concurrent Mark From Roots 3.185ms
[2024-08-29T23:15:59.520+0800] GC(1619) Concurrent Preclean
[2024-08-29T23:15:59.520+0800] GC(1619) Concurrent Preclean 0.101ms
[2024-08-29T23:15:59.521+0800] GC(1619) Pause Remark
[2024-08-29T23:15:59.522+0800] GC(1619) Pause Remark 1009M->1009M(2048M) 1.020ms
[2024-08-29T23:15:59.522+0800] GC(1619) User=0.00s Sys=0.00s Real=0.00s
[2024-08-29T23:15:59.522+0800] GC(1619) Concurrent Mark 4.497ms
[2024-08-29T23:15:59.522+0800] GC(1619) Concurrent Rebuild Remembered Sets
[2024-08-29T23:15:59.522+0800] GC(1619) Concurrent Rebuild Remembered Sets 0.005ms
[2024-08-29T23:15:59.522+0800] GC(1619) Pause Cleanup
[2024-08-29T23:15:59.522+0800] GC(1619) Pause Cleanup 1014M->1014M(2048M) 0.013ms
[2024-08-29T23:15:59.522+0800] GC(1619) User=0.00s Sys=0.00s Real=0.00s
[2024-08-29T23:15:59.522+0800] GC(1619) Concurrent Cleanup for Next Mark
[2024-08-29T23:15:59.527+0800] GC(1619) Concurrent Cleanup for Next Mark 5.024ms
[2024-08-29T23:15:59.527+0800] GC(1619) Concurrent Mark Cycle 10.214ms
[2024-08-29T23:15:59.527+0800] GC(1620) Pause Young (Concurrent Start) (G1 Humongous Allocation)
[2024-08-29T23:15:59.527+0800] GC(1620) Using 8 workers of 8 for evacuation
[2024-08-29T23:15:59.529+0800] GC(1620)   Pre Evacuate Collection Set: 0.3ms
[2024-08-29T23:15:59.529+0800] GC(1620)   Merge Heap Roots: 0.1ms
[2024-08-29T23:15:59.529+0800] GC(1620)   Evacuate Collection Set: 0.5ms
[2024-08-29T23:15:59.529+0800] GC(1620)   Post Evacuate Collection Set: 0.4ms
[2024-08-29T23:15:59.529+0800] GC(1620)   Other: 0.1ms
[2024-08-29T23:15:59.529+0800] GC(1620) Eden regions: 3->0(852)
[2024-08-29T23:15:59.529+0800] GC(1620) Survivor regions: 0->0(106)
[2024-08-29T23:15:59.529+0800] GC(1620) Old regions: 1->1
[2024-08-29T23:15:59.529+0800] GC(1620) Archive regions: 2->2
[2024-08-29T23:15:59.529+0800] GC(1620) Humongous regions: 1019->987
[2024-08-29T23:15:59.529+0800] GC(1620) Metaspace: 1627K(1792K)->1627K(1792K) NonClass: 1508K(1600K)->1508K(1600K) Class: 119K(192K)->119K(192K)
[2024-08-29T23:15:59.529+0800] GC(1620) Pause Young (Concurrent Start) (G1 Humongous Allocation) 1023M->988M(2048M) 1.392ms
[2024-08-29T23:15:59.529+0800] GC(1620) User=0.00s Sys=0.00s Real=0.00s
[2024-08-29T23:15:59.529+0800] GC(1621) Concurrent Mark Cycle
[2024-08-29T23:15:59.529+0800] GC(1621) Concurrent Clear Claimed Marks
[2024-08-29T23:15:59.529+0800] GC(1621) Concurrent Clear Claimed Marks 0.007ms
[2024-08-29T23:15:59.529+0800] GC(1621) Concurrent Scan Root Regions
[2024-08-29T23:15:59.529+0800] GC(1621) Concurrent Scan Root Regions 0.005ms
[2024-08-29T23:15:59.529+0800] GC(1621) Concurrent Mark
[2024-08-29T23:15:59.529+0800] GC(1621) Concurrent Mark From Roots
[2024-08-29T23:15:59.529+0800] GC(1621) Using 2 workers of 2 for marking
[2024-08-29T23:15:59.532+0800] GC(1621) Concurrent Mark From Roots 2.815ms
[2024-08-29T23:15:59.532+0800] GC(1621) Concurrent Preclean
[2024-08-29T23:15:59.532+0800] GC(1621) Concurrent Preclean 0.101ms
[2024-08-29T23:15:59.532+0800] GC(1621) Pause Remark
[2024-08-29T23:15:59.533+0800] GC(1621) Pause Remark 1003M->1003M(2048M) 0.931ms
[2024-08-29T23:15:59.533+0800] GC(1621) User=0.00s Sys=0.00s Real=0.01s
[2024-08-29T23:15:59.533+0800] GC(1621) Concurrent Mark 4.017ms
[2024-08-29T23:15:59.533+0800] GC(1621) Concurrent Rebuild Remembered Sets
[2024-08-29T23:15:59.533+0800] GC(1621) Concurrent Rebuild Remembered Sets 0.005ms
[2024-08-29T23:15:59.533+0800] GC(1621) Pause Cleanup
[2024-08-29T23:15:59.533+0800] GC(1621) Pause Cleanup 1003M->1003M(2048M) 0.019ms
[2024-08-29T23:15:59.533+0800] GC(1621) User=0.00s Sys=0.00s Real=0.00s
[2024-08-29T23:15:59.533+0800] GC(1621) Concurrent Cleanup for Next Mark
[2024-08-29T23:15:59.537+0800] GC(1621) Concurrent Cleanup for Next Mark 3.975ms
[2024-08-29T23:15:59.537+0800] GC(1621) Concurrent Mark Cycle 8.238ms
[2024-08-29T23:15:59.538+0800] GC(1622) Pause Young (Concurrent Start) (G1 Humongous Allocation)
[2024-08-29T23:15:59.538+0800] GC(1622) Using 8 workers of 8 for evacuation
[2024-08-29T23:15:59.539+0800] GC(1622)   Pre Evacuate Collection Set: 0.3ms
[2024-08-29T23:15:59.539+0800] GC(1622)   Merge Heap Roots: 0.1ms
[2024-08-29T23:15:59.539+0800] GC(1622)   Evacuate Collection Set: 0.4ms
[2024-08-29T23:15:59.539+0800] GC(1622)   Post Evacuate Collection Set: 0.3ms
[2024-08-29T23:15:59.539+0800] GC(1622)   Other: 0.1ms
[2024-08-29T23:15:59.539+0800] GC(1622) Eden regions: 4->0(858)
[2024-08-29T23:15:59.539+0800] GC(1622) Survivor regions: 0->0(107)
[2024-08-29T23:15:59.539+0800] GC(1622) Old regions: 1->1
[2024-08-29T23:15:59.539+0800] GC(1622) Archive regions: 2->2
[2024-08-29T23:15:59.539+0800] GC(1622) Humongous regions: 1008->981
[2024-08-29T23:15:59.539+0800] GC(1622) Metaspace: 1627K(1792K)->1627K(1792K) NonClass: 1508K(1600K)->1508K(1600K) Class: 119K(192K)->119K(192K)
[2024-08-29T23:15:59.539+0800] GC(1622) Pause Young (Concurrent Start) (G1 Humongous Allocation) 1012M->982M(2048M) 1.382ms
[2024-08-29T23:15:59.539+0800] GC(1622) User=0.01s Sys=0.00s Real=0.00s
[2024-08-29T23:15:59.539+0800] GC(1623) Concurrent Mark Cycle
[2024-08-29T23:15:59.539+0800] GC(1623) Concurrent Clear Claimed Marks
[2024-08-29T23:15:59.539+0800] GC(1623) Concurrent Clear Claimed Marks 0.007ms
[2024-08-29T23:15:59.539+0800] GC(1623) Concurrent Scan Root Regions
[2024-08-29T23:15:59.539+0800] GC(1623) Concurrent Scan Root Regions 0.004ms
[2024-08-29T23:15:59.539+0800] GC(1623) Concurrent Mark
[2024-08-29T23:15:59.539+0800] GC(1623) Concurrent Mark From Roots
[2024-08-29T23:15:59.539+0800] GC(1623) Using 2 workers of 2 for marking
[2024-08-29T23:15:59.542+0800] GC(1623) Concurrent Mark From Roots 3.058ms
[2024-08-29T23:15:59.542+0800] GC(1623) Concurrent Preclean
[2024-08-29T23:15:59.542+0800] GC(1623) Concurrent Preclean 0.092ms
[2024-08-29T23:15:59.542+0800] GC(1623) Pause Remark
[2024-08-29T23:15:59.544+0800] GC(1623) Pause Remark 996M->996M(2048M) 1.351ms
[2024-08-29T23:15:59.544+0800] GC(1623) User=0.00s Sys=0.01s Real=0.00s
[2024-08-29T23:15:59.544+0800] GC(1623) Concurrent Mark 4.758ms
[2024-08-29T23:15:59.544+0800] GC(1623) Concurrent Rebuild Remembered Sets
[2024-08-29T23:15:59.544+0800] GC(1623) Concurrent Rebuild Remembered Sets 0.006ms
[2024-08-29T23:15:59.545+0800] GC(1623) Pause Cleanup
[2024-08-29T23:15:59.545+0800] GC(1623) Pause Cleanup 999M->999M(2048M) 0.021ms
[2024-08-29T23:15:59.545+0800] GC(1623) User=0.00s Sys=0.00s Real=0.00s
[2024-08-29T23:15:59.545+0800] GC(1623) Concurrent Cleanup for Next Mark
[2024-08-29T23:15:59.550+0800] GC(1623) Concurrent Cleanup for Next Mark 5.166ms
[2024-08-29T23:15:59.550+0800] GC(1623) Concurrent Mark Cycle 10.837ms
[2024-08-29T23:15:59.553+0800] GC(1624) Pause Young (Concurrent Start) (G1 Humongous Allocation)
[2024-08-29T23:15:59.553+0800] GC(1624) Using 8 workers of 8 for evacuation
[2024-08-29T23:15:59.554+0800] GC(1624)   Pre Evacuate Collection Set: 0.3ms
[2024-08-29T23:15:59.554+0800] GC(1624)   Merge Heap Roots: 0.1ms
[2024-08-29T23:15:59.554+0800] GC(1624)   Evacuate Collection Set: 0.5ms
[2024-08-29T23:15:59.554+0800] GC(1624)   Post Evacuate Collection Set: 0.3ms
[2024-08-29T23:15:59.554+0800] GC(1624)   Other: 0.2ms
[2024-08-29T23:15:59.554+0800] GC(1624) Eden regions: 4->0(854)
[2024-08-29T23:15:59.554+0800] GC(1624) Survivor regions: 0->0(108)
[2024-08-29T23:15:59.554+0800] GC(1624) Old regions: 1->1
[2024-08-29T23:15:59.554+0800] GC(1624) Archive regions: 2->2
[2024-08-29T23:15:59.554+0800] GC(1624) Humongous regions: 1017->985
[2024-08-29T23:15:59.554+0800] GC(1624) Metaspace: 1627K(1792K)->1627K(1792K) NonClass: 1508K(1600K)->1508K(1600K) Class: 119K(192K)->119K(192K)
[2024-08-29T23:15:59.554+0800] GC(1624) Pause Young (Concurrent Start) (G1 Humongous Allocation) 1022M->986M(2048M) 1.588ms
[2024-08-29T23:15:59.554+0800] GC(1624) User=0.00s Sys=0.00s Real=0.00s
[2024-08-29T23:15:59.554+0800] GC(1625) Concurrent Mark Cycle
[2024-08-29T23:15:59.554+0800] GC(1625) Concurrent Clear Claimed Marks
[2024-08-29T23:15:59.554+0800] GC(1625) Concurrent Clear Claimed Marks 0.007ms
[2024-08-29T23:15:59.554+0800] GC(1625) Concurrent Scan Root Regions
[2024-08-29T23:15:59.554+0800] GC(1625) Concurrent Scan Root Regions 0.005ms
[2024-08-29T23:15:59.554+0800] GC(1625) Concurrent Mark
[2024-08-29T23:15:59.554+0800] GC(1625) Concurrent Mark From Roots
[2024-08-29T23:15:59.554+0800] GC(1625) Using 2 workers of 2 for marking
[2024-08-29T23:15:59.559+0800] GC(1625) Concurrent Mark From Roots 4.190ms
[2024-08-29T23:15:59.559+0800] GC(1625) Concurrent Preclean
[2024-08-29T23:15:59.559+0800] GC(1625) Concurrent Preclean 0.081ms
[2024-08-29T23:15:59.560+0800] GC(1625) Pause Remark
[2024-08-29T23:15:59.561+0800] GC(1625) Pause Remark 1012M->1012M(2048M) 1.021ms
[2024-08-29T23:15:59.561+0800] GC(1625) User=0.00s Sys=0.00s Real=0.00s
[2024-08-29T23:15:59.561+0800] GC(1625) Concurrent Mark 6.380ms
[2024-08-29T23:15:59.561+0800] GC(1625) Concurrent Rebuild Remembered Sets
[2024-08-29T23:15:59.561+0800] GC(1625) Concurrent Rebuild Remembered Sets 0.008ms
[2024-08-29T23:15:59.562+0800] GC(1625) Pause Cleanup
[2024-08-29T23:15:59.562+0800] GC(1625) Pause Cleanup 1016M->1016M(2048M) 0.026ms
[2024-08-29T23:15:59.562+0800] GC(1625) User=0.00s Sys=0.00s Real=0.00s
[2024-08-29T23:15:59.562+0800] GC(1625) Concurrent Cleanup for Next Mark
[2024-08-29T23:15:59.566+0800] GC(1625) Concurrent Cleanup for Next Mark 4.141ms
[2024-08-29T23:15:59.566+0800] GC(1625) Concurrent Mark Cycle 11.632ms
[2024-08-29T23:15:59.568+0800] GC(1626) Pause Young (Concurrent Start) (G1 Humongous Allocation)
[2024-08-29T23:15:59.568+0800] GC(1626) Using 8 workers of 8 for evacuation
[2024-08-29T23:15:59.569+0800] GC(1626)   Pre Evacuate Collection Set: 0.2ms
[2024-08-29T23:15:59.569+0800] GC(1626)   Merge Heap Roots: 0.1ms
[2024-08-29T23:15:59.569+0800] GC(1626)   Evacuate Collection Set: 0.4ms
[2024-08-29T23:15:59.569+0800] GC(1626)   Post Evacuate Collection Set: 0.3ms
[2024-08-29T23:15:59.569+0800] GC(1626)   Other: 0.2ms
[2024-08-29T23:15:59.569+0800] GC(1626) Eden regions: 4->0(857)
[2024-08-29T23:15:59.569+0800] GC(1626) Survivor regions: 0->0(107)
[2024-08-29T23:15:59.569+0800] GC(1626) Old regions: 1->1
[2024-08-29T23:15:59.569+0800] GC(1626) Archive regions: 2->2
[2024-08-29T23:15:59.569+0800] GC(1626) Humongous regions: 1021->982
[2024-08-29T23:15:59.569+0800] GC(1626) Metaspace: 1627K(1792K)->1627K(1792K) NonClass: 1508K(1600K)->1508K(1600K) Class: 119K(192K)->119K(192K)
[2024-08-29T23:15:59.569+0800] GC(1626) Pause Young (Concurrent Start) (G1 Humongous Allocation) 1025M->983M(2048M) 1.275ms
[2024-08-29T23:15:59.569+0800] GC(1626) User=0.00s Sys=0.00s Real=0.00s
[2024-08-29T23:15:59.569+0800] GC(1627) Concurrent Mark Cycle
[2024-08-29T23:15:59.569+0800] GC(1627) Concurrent Clear Claimed Marks
[2024-08-29T23:15:59.569+0800] GC(1627) Concurrent Clear Claimed Marks 0.006ms
[2024-08-29T23:15:59.569+0800] GC(1627) Concurrent Scan Root Regions
[2024-08-29T23:15:59.569+0800] GC(1627) Concurrent Scan Root Regions 0.023ms
[2024-08-29T23:15:59.569+0800] GC(1627) Concurrent Mark
[2024-08-29T23:15:59.569+0800] GC(1627) Concurrent Mark From Roots
[2024-08-29T23:15:59.569+0800] GC(1627) Using 2 workers of 2 for marking
[2024-08-29T23:15:59.571+0800] GC(1627) Concurrent Mark From Roots 2.368ms
[2024-08-29T23:15:59.571+0800] GC(1627) Concurrent Preclean
[2024-08-29T23:15:59.572+0800] GC(1627) Concurrent Preclean 0.092ms
[2024-08-29T23:15:59.572+0800] GC(1627) Pause Remark
[2024-08-29T23:15:59.573+0800] GC(1627) Pause Remark 991M->991M(2048M) 1.063ms
[2024-08-29T23:15:59.573+0800] GC(1627) User=0.00s Sys=0.00s Real=0.01s
[2024-08-29T23:15:59.573+0800] GC(1627) Concurrent Mark 4.275ms
[2024-08-29T23:15:59.573+0800] GC(1627) Concurrent Rebuild Remembered Sets
[2024-08-29T23:15:59.573+0800] GC(1627) Concurrent Rebuild Remembered Sets 0.005ms
[2024-08-29T23:15:59.573+0800] GC(1627) Pause Cleanup
[2024-08-29T23:15:59.573+0800] GC(1627) Pause Cleanup 991M->991M(2048M) 0.019ms
[2024-08-29T23:15:59.573+0800] GC(1627) User=0.00s Sys=0.00s Real=0.00s
[2024-08-29T23:15:59.574+0800] GC(1627) Concurrent Cleanup for Next Mark
[2024-08-29T23:15:59.578+0800] GC(1627) Concurrent Cleanup for Next Mark 4.239ms
[2024-08-29T23:15:59.578+0800] GC(1627) Concurrent Mark Cycle 8.981ms
[2024-08-29T23:15:59.581+0800] GC(1628) Pause Young (Concurrent Start) (G1 Humongous Allocation)
[2024-08-29T23:15:59.581+0800] GC(1628) Using 8 workers of 8 for evacuation
[2024-08-29T23:15:59.582+0800] GC(1628)   Pre Evacuate Collection Set: 0.4ms
[2024-08-29T23:15:59.582+0800] GC(1628)   Merge Heap Roots: 0.2ms
[2024-08-29T23:15:59.582+0800] GC(1628)   Evacuate Collection Set: 0.5ms
[2024-08-29T23:15:59.582+0800] GC(1628)   Post Evacuate Collection Set: 0.2ms
[2024-08-29T23:15:59.582+0800] GC(1628)   Other: 0.2ms
[2024-08-29T23:15:59.582+0800] GC(1628) Eden regions: 4->0(861)
[2024-08-29T23:15:59.582+0800] GC(1628) Survivor regions: 0->0(108)
[2024-08-29T23:15:59.582+0800] GC(1628) Old regions: 1->1
[2024-08-29T23:15:59.582+0800] GC(1628) Archive regions: 2->2
[2024-08-29T23:15:59.582+0800] GC(1628) Humongous regions: 1000->978
[2024-08-29T23:15:59.582+0800] GC(1628) Metaspace: 1627K(1792K)->1627K(1792K) NonClass: 1508K(1600K)->1508K(1600K) Class: 119K(192K)->119K(192K)
[2024-08-29T23:15:59.582+0800] GC(1628) Pause Young (Concurrent Start) (G1 Humongous Allocation) 1004M->979M(2048M) 1.512ms
[2024-08-29T23:15:59.582+0800] GC(1628) User=0.00s Sys=0.01s Real=0.00s
[2024-08-29T23:15:59.582+0800] GC(1629) Concurrent Mark Cycle
[2024-08-29T23:15:59.582+0800] GC(1629) Concurrent Clear Claimed Marks
[2024-08-29T23:15:59.582+0800] GC(1629) Concurrent Clear Claimed Marks 0.019ms
[2024-08-29T23:15:59.582+0800] GC(1629) Concurrent Scan Root Regions
[2024-08-29T23:15:59.582+0800] GC(1629) Concurrent Scan Root Regions 0.004ms
[2024-08-29T23:15:59.582+0800] GC(1629) Concurrent Mark
[2024-08-29T23:15:59.582+0800] GC(1629) Concurrent Mark From Roots
[2024-08-29T23:15:59.582+0800] GC(1629) Using 2 workers of 2 for marking
[2024-08-29T23:15:59.585+0800] GC(1629) Concurrent Mark From Roots 3.124ms
[2024-08-29T23:15:59.585+0800] GC(1629) Concurrent Preclean
[2024-08-29T23:15:59.586+0800] GC(1629) Concurrent Preclean 0.075ms
[2024-08-29T23:15:59.587+0800] GC(1629) Pause Remark
[2024-08-29T23:15:59.588+0800] GC(1629) Pause Remark 1005M->1005M(2048M) 0.974ms
[2024-08-29T23:15:59.588+0800] GC(1629) User=0.00s Sys=0.00s Real=0.00s
[2024-08-29T23:15:59.588+0800] GC(1629) Concurrent Mark 5.416ms
[2024-08-29T23:15:59.588+0800] GC(1629) Concurrent Rebuild Remembered Sets
[2024-08-29T23:15:59.588+0800] GC(1629) Concurrent Rebuild Remembered Sets 0.006ms
[2024-08-29T23:15:59.588+0800] GC(1629) Pause Cleanup
[2024-08-29T23:15:59.588+0800] GC(1629) Pause Cleanup 1006M->1006M(2048M) 0.015ms
[2024-08-29T23:15:59.588+0800] GC(1629) User=0.00s Sys=0.00s Real=0.00s
[2024-08-29T23:15:59.588+0800] GC(1629) Concurrent Cleanup for Next Mark
[2024-08-29T23:15:59.594+0800] GC(1629) Concurrent Cleanup for Next Mark 6.146ms
[2024-08-29T23:15:59.594+0800] GC(1629) Concurrent Mark Cycle 12.058ms
[2024-08-29T23:15:59.596+0800] GC(1630) Pause Young (Concurrent Start) (G1 Humongous Allocation)
[2024-08-29T23:15:59.596+0800] GC(1630) Using 8 workers of 8 for evacuation
[2024-08-29T23:15:59.597+0800] GC(1630)   Pre Evacuate Collection Set: 0.2ms
[2024-08-29T23:15:59.597+0800] GC(1630)   Merge Heap Roots: 0.1ms
[2024-08-29T23:15:59.597+0800] GC(1630)   Evacuate Collection Set: 0.5ms
[2024-08-29T23:15:59.597+0800] GC(1630)   Post Evacuate Collection Set: 0.3ms
[2024-08-29T23:15:59.597+0800] GC(1630)   Other: 0.2ms
[2024-08-29T23:15:59.597+0800] GC(1630) Eden regions: 4->0(835)
[2024-08-29T23:15:59.597+0800] GC(1630) Survivor regions: 0->0(108)
[2024-08-29T23:15:59.597+0800] GC(1630) Old regions: 1->1
[2024-08-29T23:15:59.597+0800] GC(1630) Archive regions: 2->2
[2024-08-29T23:15:59.597+0800] GC(1630) Humongous regions: 1032->1004
[2024-08-29T23:15:59.597+0800] GC(1630) Metaspace: 1627K(1792K)->1627K(1792K) NonClass: 1508K(1600K)->1508K(1600K) Class: 119K(192K)->119K(192K)
[2024-08-29T23:15:59.597+0800] GC(1630) Pause Young (Concurrent Start) (G1 Humongous Allocation) 1037M->1005M(2048M) 1.357ms
[2024-08-29T23:15:59.597+0800] GC(1630) User=0.00s Sys=0.00s Real=0.00s
[2024-08-29T23:15:59.597+0800] GC(1631) Concurrent Mark Cycle
[2024-08-29T23:15:59.597+0800] GC(1631) Concurrent Clear Claimed Marks
[2024-08-29T23:15:59.597+0800] GC(1631) Concurrent Clear Claimed Marks 0.006ms
[2024-08-29T23:15:59.597+0800] GC(1631) Concurrent Scan Root Regions
[2024-08-29T23:15:59.597+0800] GC(1631) Concurrent Scan Root Regions 0.004ms
[2024-08-29T23:15:59.597+0800] GC(1631) Concurrent Mark
[2024-08-29T23:15:59.597+0800] GC(1631) Concurrent Mark From Roots
[2024-08-29T23:15:59.597+0800] GC(1631) Using 2 workers of 2 for marking
[2024-08-29T23:15:59.600+0800] GC(1631) Concurrent Mark From Roots 2.571ms
[2024-08-29T23:15:59.600+0800] GC(1631) Concurrent Preclean
[2024-08-29T23:15:59.600+0800] GC(1631) Concurrent Preclean 0.097ms
[2024-08-29T23:15:59.601+0800] GC(1631) Pause Remark
[2024-08-29T23:15:59.602+0800] GC(1631) Pause Remark 1022M->1022M(2048M) 1.320ms
[2024-08-29T23:15:59.602+0800] GC(1631) User=0.01s Sys=0.00s Real=0.00s
[2024-08-29T23:15:59.602+0800] GC(1631) Concurrent Mark 4.985ms
[2024-08-29T23:15:59.602+0800] GC(1631) Concurrent Rebuild Remembered Sets
[2024-08-29T23:15:59.602+0800] GC(1631) Concurrent Rebuild Remembered Sets 0.005ms
[2024-08-29T23:15:59.602+0800] GC(1631) Pause Cleanup
[2024-08-29T23:15:59.602+0800] GC(1631) Pause Cleanup 1022M->1022M(2048M) 0.008ms
[2024-08-29T23:15:59.602+0800] GC(1631) User=0.00s Sys=0.00s Real=0.00s
[2024-08-29T23:15:59.602+0800] GC(1631) Concurrent Cleanup for Next Mark
[2024-08-29T23:15:59.607+0800] GC(1631) Concurrent Cleanup for Next Mark 4.861ms
[2024-08-29T23:15:59.607+0800] GC(1631) Concurrent Mark Cycle 10.032ms
[2024-08-29T23:15:59.608+0800] GC(1632) Pause Young (Concurrent Start) (G1 Humongous Allocation)
[2024-08-29T23:15:59.608+0800] GC(1632) Using 8 workers of 8 for evacuation
[2024-08-29T23:15:59.609+0800] GC(1632)   Pre Evacuate Collection Set: 0.3ms
[2024-08-29T23:15:59.609+0800] GC(1632)   Merge Heap Roots: 0.1ms
[2024-08-29T23:15:59.609+0800] GC(1632)   Evacuate Collection Set: 0.5ms
[2024-08-29T23:15:59.609+0800] GC(1632)   Post Evacuate Collection Set: 0.2ms
[2024-08-29T23:15:59.609+0800] GC(1632)   Other: 0.1ms
[2024-08-29T23:15:59.609+0800] GC(1632) Eden regions: 3->0(829)
[2024-08-29T23:15:59.609+0800] GC(1632) Survivor regions: 0->0(105)
[2024-08-29T23:15:59.609+0800] GC(1632) Old regions: 1->1
[2024-08-29T23:15:59.609+0800] GC(1632) Archive regions: 2->2
[2024-08-29T23:15:59.609+0800] GC(1632) Humongous regions: 1031->1010
[2024-08-29T23:15:59.609+0800] GC(1632) Metaspace: 1627K(1792K)->1627K(1792K) NonClass: 1508K(1600K)->1508K(1600K) Class: 119K(192K)->119K(192K)
[2024-08-29T23:15:59.609+0800] GC(1632) Pause Young (Concurrent Start) (G1 Humongous Allocation) 1035M->1011M(2048M) 1.358ms
[2024-08-29T23:15:59.609+0800] GC(1632) User=0.00s Sys=0.00s Real=0.00s
[2024-08-29T23:15:59.609+0800] GC(1633) Concurrent Mark Cycle
[2024-08-29T23:15:59.609+0800] GC(1633) Concurrent Clear Claimed Marks
[2024-08-29T23:15:59.609+0800] GC(1633) Concurrent Clear Claimed Marks 0.006ms
[2024-08-29T23:15:59.609+0800] GC(1633) Concurrent Scan Root Regions
[2024-08-29T23:15:59.609+0800] GC(1633) Concurrent Scan Root Regions 0.004ms
[2024-08-29T23:15:59.609+0800] GC(1633) Concurrent Mark
[2024-08-29T23:15:59.609+0800] GC(1633) Concurrent Mark From Roots
[2024-08-29T23:15:59.609+0800] GC(1633) Using 2 workers of 2 for marking
[2024-08-29T23:15:59.612+0800] GC(1633) Concurrent Mark From Roots 2.388ms
[2024-08-29T23:15:59.612+0800] GC(1633) Concurrent Preclean
[2024-08-29T23:15:59.612+0800] GC(1633) Concurrent Preclean 0.094ms
[2024-08-29T23:15:59.612+0800] GC(1633) Pause Remark
[2024-08-29T23:15:59.613+0800] GC(1633) Pause Remark 1022M->1022M(2048M) 1.289ms
[2024-08-29T23:15:59.613+0800] GC(1633) User=0.00s Sys=0.00s Real=0.01s
[2024-08-29T23:15:59.613+0800] GC(1633) Concurrent Mark 3.914ms
[2024-08-29T23:15:59.613+0800] GC(1633) Concurrent Rebuild Remembered Sets
[2024-08-29T23:15:59.613+0800] GC(1633) Concurrent Rebuild Remembered Sets 0.005ms
[2024-08-29T23:15:59.615+0800] GC(1633) Pause Cleanup
[2024-08-29T23:15:59.615+0800] GC(1633) Pause Cleanup 1026M->1026M(2048M) 0.021ms
[2024-08-29T23:15:59.615+0800] GC(1633) User=0.00s Sys=0.00s Real=0.00s
[2024-08-29T23:15:59.615+0800] GC(1633) Concurrent Cleanup for Next Mark
[2024-08-29T23:15:59.619+0800] GC(1633) Concurrent Cleanup for Next Mark 4.403ms
[2024-08-29T23:15:59.619+0800] GC(1633) Concurrent Mark Cycle 10.025ms
[2024-08-29T23:15:59.621+0800] GC(1634) Pause Young (Concurrent Start) (G1 Humongous Allocation)
[2024-08-29T23:15:59.621+0800] GC(1634) Using 8 workers of 8 for evacuation
[2024-08-29T23:15:59.622+0800] GC(1634)   Pre Evacuate Collection Set: 0.2ms
[2024-08-29T23:15:59.622+0800] GC(1634)   Merge Heap Roots: 0.1ms
[2024-08-29T23:15:59.622+0800] GC(1634)   Evacuate Collection Set: 0.4ms
[2024-08-29T23:15:59.622+0800] GC(1634)   Post Evacuate Collection Set: 0.3ms
[2024-08-29T23:15:59.622+0800] GC(1634)   Other: 0.1ms
[2024-08-29T23:15:59.622+0800] GC(1634) Eden regions: 4->0(839)
[2024-08-29T23:15:59.622+0800] GC(1634) Survivor regions: 0->0(104)
[2024-08-29T23:15:59.622+0800] GC(1634) Old regions: 1->1
[2024-08-29T23:15:59.622+0800] GC(1634) Archive regions: 2->2
[2024-08-29T23:15:59.622+0800] GC(1634) Humongous regions: 1032->1000
[2024-08-29T23:15:59.622+0800] GC(1634) Metaspace: 1627K(1792K)->1627K(1792K) NonClass: 1508K(1600K)->1508K(1600K) Class: 119K(192K)->119K(192K)
[2024-08-29T23:15:59.622+0800] GC(1634) Pause Young (Concurrent Start) (G1 Humongous Allocation) 1037M->1001M(2048M) 1.103ms
[2024-08-29T23:15:59.622+0800] GC(1634) User=0.00s Sys=0.00s Real=0.00s
[2024-08-29T23:15:59.622+0800] GC(1635) Concurrent Mark Cycle
[2024-08-29T23:15:59.622+0800] GC(1635) Concurrent Clear Claimed Marks
[2024-08-29T23:15:59.622+0800] GC(1635) Concurrent Clear Claimed Marks 0.006ms
[2024-08-29T23:15:59.622+0800] GC(1635) Concurrent Scan Root Regions
[2024-08-29T23:15:59.622+0800] GC(1635) Concurrent Scan Root Regions 0.004ms
[2024-08-29T23:15:59.622+0800] GC(1635) Concurrent Mark
[2024-08-29T23:15:59.622+0800] GC(1635) Concurrent Mark From Roots
[2024-08-29T23:15:59.622+0800] GC(1635) Using 2 workers of 2 for marking
[2024-08-29T23:15:59.625+0800] GC(1635) Concurrent Mark From Roots 3.489ms
[2024-08-29T23:15:59.625+0800] GC(1635) Concurrent Preclean
[2024-08-29T23:15:59.625+0800] GC(1635) Concurrent Preclean 0.088ms
[2024-08-29T23:15:59.626+0800] GC(1635) Pause Remark
[2024-08-29T23:15:59.627+0800] GC(1635) Pause Remark 1027M->1027M(2048M) 1.104ms
[2024-08-29T23:15:59.627+0800] GC(1635) User=0.00s Sys=0.01s Real=0.00s
[2024-08-29T23:15:59.627+0800] GC(1635) Concurrent Mark 4.848ms
[2024-08-29T23:15:59.627+0800] GC(1635) Concurrent Rebuild Remembered Sets
[2024-08-29T23:15:59.627+0800] GC(1635) Concurrent Rebuild Remembered Sets 0.005ms
[2024-08-29T23:15:59.627+0800] GC(1635) Pause Cleanup
[2024-08-29T23:15:59.627+0800] GC(1635) Pause Cleanup 1027M->1027M(2048M) 0.011ms
[2024-08-29T23:15:59.627+0800] GC(1635) User=0.00s Sys=0.00s Real=0.00s
[2024-08-29T23:15:59.627+0800] GC(1635) Concurrent Cleanup for Next Mark
[2024-08-29T23:15:59.631+0800] GC(1635) Concurrent Cleanup for Next Mark 3.644ms
[2024-08-29T23:15:59.631+0800] GC(1635) Concurrent Mark Cycle 8.732ms
[2024-08-29T23:15:59.633+0800] GC(1636) Pause Young (Concurrent Start) (G1 Humongous Allocation)
[2024-08-29T23:15:59.633+0800] GC(1636) Using 8 workers of 8 for evacuation
[2024-08-29T23:15:59.634+0800] GC(1636)   Pre Evacuate Collection Set: 0.3ms
[2024-08-29T23:15:59.634+0800] GC(1636)   Merge Heap Roots: 0.1ms
[2024-08-29T23:15:59.634+0800] GC(1636)   Evacuate Collection Set: 0.4ms
[2024-08-29T23:15:59.634+0800] GC(1636)   Post Evacuate Collection Set: 0.2ms
[2024-08-29T23:15:59.634+0800] GC(1636)   Other: 0.2ms
[2024-08-29T23:15:59.634+0800] GC(1636) Eden regions: 3->0(835)
[2024-08-29T23:15:59.634+0800] GC(1636) Survivor regions: 0->0(105)
[2024-08-29T23:15:59.634+0800] GC(1636) Old regions: 1->1
[2024-08-29T23:15:59.634+0800] GC(1636) Archive regions: 2->2
[2024-08-29T23:15:59.634+0800] GC(1636) Humongous regions: 1029->1004
[2024-08-29T23:15:59.634+0800] GC(1636) Metaspace: 1627K(1792K)->1627K(1792K) NonClass: 1508K(1600K)->1508K(1600K) Class: 119K(192K)->119K(192K)
[2024-08-29T23:15:59.634+0800] GC(1636) Pause Young (Concurrent Start) (G1 Humongous Allocation) 1033M->1005M(2048M) 1.219ms
[2024-08-29T23:15:59.634+0800] GC(1636) User=0.00s Sys=0.00s Real=0.00s
[2024-08-29T23:15:59.634+0800] GC(1637) Concurrent Mark Cycle
[2024-08-29T23:15:59.634+0800] GC(1637) Concurrent Clear Claimed Marks
[2024-08-29T23:15:59.634+0800] GC(1637) Concurrent Clear Claimed Marks 0.006ms
[2024-08-29T23:15:59.634+0800] GC(1637) Concurrent Scan Root Regions
[2024-08-29T23:15:59.634+0800] GC(1637) Concurrent Scan Root Regions 0.004ms
[2024-08-29T23:15:59.634+0800] GC(1637) Concurrent Mark
[2024-08-29T23:15:59.634+0800] GC(1637) Concurrent Mark From Roots
[2024-08-29T23:15:59.634+0800] GC(1637) Using 2 workers of 2 for marking
[2024-08-29T23:15:59.638+0800] GC(1637) Concurrent Mark From Roots 3.240ms
[2024-08-29T23:15:59.638+0800] GC(1637) Concurrent Preclean
[2024-08-29T23:15:59.638+0800] GC(1637) Concurrent Preclean 0.095ms
[2024-08-29T23:15:59.638+0800] GC(1637) Pause Remark
[2024-08-29T23:15:59.639+0800] GC(1637) Pause Remark 1023M->1023M(2048M) 0.886ms
[2024-08-29T23:15:59.639+0800] GC(1637) User=0.00s Sys=0.00s Real=0.00s
[2024-08-29T23:15:59.639+0800] GC(1637) Concurrent Mark 4.433ms
[2024-08-29T23:15:59.639+0800] GC(1637) Concurrent Rebuild Remembered Sets
[2024-08-29T23:15:59.639+0800] GC(1637) Concurrent Rebuild Remembered Sets 0.005ms
[2024-08-29T23:15:59.640+0800] GC(1637) Pause Cleanup
[2024-08-29T23:15:59.640+0800] GC(1637) Pause Cleanup 1026M->1026M(2048M) 0.019ms
[2024-08-29T23:15:59.640+0800] GC(1637) User=0.00s Sys=0.00s Real=0.00s
[2024-08-29T23:15:59.640+0800] GC(1637) Concurrent Cleanup for Next Mark
[2024-08-29T23:15:59.644+0800] GC(1637) Concurrent Cleanup for Next Mark 4.413ms
[2024-08-29T23:15:59.644+0800] GC(1637) Concurrent Mark Cycle 9.784ms
[2024-08-29T23:15:59.644+0800] GC(1638) Pause Young (Concurrent Start) (G1 Humongous Allocation)
[2024-08-29T23:15:59.644+0800] GC(1638) Using 8 workers of 8 for evacuation
[2024-08-29T23:15:59.645+0800] GC(1638)   Pre Evacuate Collection Set: 0.2ms
[2024-08-29T23:15:59.645+0800] GC(1638)   Merge Heap Roots: 0.1ms
[2024-08-29T23:15:59.645+0800] GC(1638)   Evacuate Collection Set: 0.3ms
[2024-08-29T23:15:59.645+0800] GC(1638)   Post Evacuate Collection Set: 0.3ms
[2024-08-29T23:15:59.645+0800] GC(1638)   Other: 0.1ms
[2024-08-29T23:15:59.645+0800] GC(1638) Eden regions: 4->0(858)
[2024-08-29T23:15:59.645+0800] GC(1638) Survivor regions: 0->0(105)
[2024-08-29T23:15:59.645+0800] GC(1638) Old regions: 1->1
[2024-08-29T23:15:59.645+0800] GC(1638) Archive regions: 2->2
[2024-08-29T23:15:59.645+0800] GC(1638) Humongous regions: 1031->981
[2024-08-29T23:15:59.645+0800] GC(1638) Metaspace: 1627K(1792K)->1627K(1792K) NonClass: 1508K(1600K)->1508K(1600K) Class: 119K(192K)->119K(192K)
[2024-08-29T23:15:59.645+0800] GC(1638) Pause Young (Concurrent Start) (G1 Humongous Allocation) 1035M->982M(2048M) 1.083ms
[2024-08-29T23:15:59.645+0800] GC(1638) User=0.00s Sys=0.00s Real=0.00s
[2024-08-29T23:15:59.645+0800] GC(1639) Concurrent Mark Cycle
[2024-08-29T23:15:59.645+0800] GC(1639) Concurrent Clear Claimed Marks
[2024-08-29T23:15:59.645+0800] GC(1639) Concurrent Clear Claimed Marks 0.006ms
[2024-08-29T23:15:59.645+0800] GC(1639) Concurrent Scan Root Regions
[2024-08-29T23:15:59.645+0800] GC(1639) Concurrent Scan Root Regions 0.004ms
[2024-08-29T23:15:59.645+0800] GC(1639) Concurrent Mark
[2024-08-29T23:15:59.645+0800] GC(1639) Concurrent Mark From Roots
[2024-08-29T23:15:59.645+0800] GC(1639) Using 2 workers of 2 for marking
[2024-08-29T23:15:59.648+0800] GC(1639) Concurrent Mark From Roots 2.189ms
[2024-08-29T23:15:59.648+0800] GC(1639) Concurrent Preclean
[2024-08-29T23:15:59.648+0800] GC(1639) Concurrent Preclean 0.090ms
[2024-08-29T23:15:59.649+0800] GC(1639) Pause Remark
[2024-08-29T23:15:59.650+0800] GC(1639) Pause Remark 990M->990M(2048M) 1.406ms
[2024-08-29T23:15:59.650+0800] GC(1639) User=0.00s Sys=0.00s Real=0.00s
[2024-08-29T23:15:59.650+0800] GC(1639) Concurrent Mark 4.622ms
[2024-08-29T23:15:59.650+0800] GC(1639) Concurrent Rebuild Remembered Sets
[2024-08-29T23:15:59.650+0800] GC(1639) Concurrent Rebuild Remembered Sets 0.005ms
[2024-08-29T23:15:59.651+0800] GC(1639) Pause Cleanup
[2024-08-29T23:15:59.651+0800] GC(1639) Pause Cleanup 993M->993M(2048M) 0.021ms
[2024-08-29T23:15:59.651+0800] GC(1639) User=0.00s Sys=0.00s Real=0.00s
[2024-08-29T23:15:59.651+0800] GC(1639) Concurrent Cleanup for Next Mark
[2024-08-29T23:15:59.655+0800] GC(1639) Concurrent Cleanup for Next Mark 4.300ms
[2024-08-29T23:15:59.655+0800] GC(1639) Concurrent Mark Cycle 9.712ms
[2024-08-29T23:15:59.658+0800] GC(1640) Pause Young (Concurrent Start) (G1 Humongous Allocation)
[2024-08-29T23:15:59.658+0800] GC(1640) Using 8 workers of 8 for evacuation
[2024-08-29T23:15:59.659+0800] GC(1640)   Pre Evacuate Collection Set: 0.2ms
[2024-08-29T23:15:59.659+0800] GC(1640)   Merge Heap Roots: 0.1ms
[2024-08-29T23:15:59.659+0800] GC(1640)   Evacuate Collection Set: 0.4ms
[2024-08-29T23:15:59.659+0800] GC(1640)   Post Evacuate Collection Set: 0.3ms
[2024-08-29T23:15:59.659+0800] GC(1640)   Other: 0.1ms
[2024-08-29T23:15:59.659+0800] GC(1640) Eden regions: 3->0(867)
[2024-08-29T23:15:59.659+0800] GC(1640) Survivor regions: 0->0(108)
[2024-08-29T23:15:59.659+0800] GC(1640) Old regions: 1->1
[2024-08-29T23:15:59.659+0800] GC(1640) Archive regions: 2->2
[2024-08-29T23:15:59.659+0800] GC(1640) Humongous regions: 1000->972
[2024-08-29T23:15:59.659+0800] GC(1640) Metaspace: 1627K(1792K)->1627K(1792K) NonClass: 1508K(1600K)->1508K(1600K) Class: 119K(192K)->119K(192K)
[2024-08-29T23:15:59.659+0800] GC(1640) Pause Young (Concurrent Start) (G1 Humongous Allocation) 1004M->973M(2048M) 1.190ms
[2024-08-29T23:15:59.659+0800] GC(1640) User=0.00s Sys=0.01s Real=0.00s
[2024-08-29T23:15:59.659+0800] GC(1641) Concurrent Mark Cycle
[2024-08-29T23:15:59.659+0800] GC(1641) Concurrent Clear Claimed Marks
[2024-08-29T23:15:59.659+0800] GC(1641) Concurrent Clear Claimed Marks 0.006ms
[2024-08-29T23:15:59.659+0800] GC(1641) Concurrent Scan Root Regions
[2024-08-29T23:15:59.659+0800] GC(1641) Concurrent Scan Root Regions 0.004ms
[2024-08-29T23:15:59.659+0800] GC(1641) Concurrent Mark
[2024-08-29T23:15:59.659+0800] GC(1641) Concurrent Mark From Roots
[2024-08-29T23:15:59.659+0800] GC(1641) Using 2 workers of 2 for marking
[2024-08-29T23:15:59.662+0800] GC(1641) Concurrent Mark From Roots 2.877ms
[2024-08-29T23:15:59.662+0800] GC(1641) Concurrent Preclean
[2024-08-29T23:15:59.662+0800] GC(1641) Concurrent Preclean 0.090ms
[2024-08-29T23:15:59.662+0800] GC(1641) Pause Remark
[2024-08-29T23:15:59.663+0800] GC(1641) Pause Remark 983M->983M(2048M) 1.101ms
[2024-08-29T23:15:59.663+0800] GC(1641) User=0.00s Sys=0.00s Real=0.01s
[2024-08-29T23:15:59.663+0800] GC(1641) Concurrent Mark 4.223ms
[2024-08-29T23:15:59.663+0800] GC(1641) Concurrent Rebuild Remembered Sets
[2024-08-29T23:15:59.663+0800] GC(1641) Concurrent Rebuild Remembered Sets 0.023ms
[2024-08-29T23:15:59.664+0800] GC(1641) Pause Cleanup
[2024-08-29T23:15:59.664+0800] GC(1641) Pause Cleanup 987M->987M(2048M) 0.020ms
[2024-08-29T23:15:59.664+0800] GC(1641) User=0.00s Sys=0.00s Real=0.00s
[2024-08-29T23:15:59.664+0800] GC(1641) Concurrent Cleanup for Next Mark
[2024-08-29T23:15:59.668+0800] GC(1641) Concurrent Cleanup for Next Mark 4.205ms
[2024-08-29T23:15:59.668+0800] GC(1641) Concurrent Mark Cycle 8.992ms
[2024-08-29T23:15:59.670+0800] GC(1642) Pause Young (Concurrent Start) (G1 Humongous Allocation)
[2024-08-29T23:15:59.670+0800] GC(1642) Using 8 workers of 8 for evacuation
[2024-08-29T23:15:59.671+0800] GC(1642)   Pre Evacuate Collection Set: 0.3ms
[2024-08-29T23:15:59.671+0800] GC(1642)   Merge Heap Roots: 0.1ms
[2024-08-29T23:15:59.671+0800] GC(1642)   Evacuate Collection Set: 0.3ms
[2024-08-29T23:15:59.671+0800] GC(1642)   Post Evacuate Collection Set: 0.3ms
[2024-08-29T23:15:59.671+0800] GC(1642)   Other: 0.1ms
[2024-08-29T23:15:59.671+0800] GC(1642) Eden regions: 4->0(881)
[2024-08-29T23:15:59.671+0800] GC(1642) Survivor regions: 0->0(109)
[2024-08-29T23:15:59.671+0800] GC(1642) Old regions: 1->1
[2024-08-29T23:15:59.671+0800] GC(1642) Archive regions: 2->2
[2024-08-29T23:15:59.671+0800] GC(1642) Humongous regions: 991->958
[2024-08-29T23:15:59.671+0800] GC(1642) Metaspace: 1627K(1792K)->1627K(1792K) NonClass: 1508K(1600K)->1508K(1600K) Class: 119K(192K)->119K(192K)
[2024-08-29T23:15:59.671+0800] GC(1642) Pause Young (Concurrent Start) (G1 Humongous Allocation) 995M->959M(2048M) 1.160ms
[2024-08-29T23:15:59.671+0800] GC(1642) User=0.00s Sys=0.00s Real=0.00s
[2024-08-29T23:15:59.671+0800] GC(1643) Concurrent Mark Cycle
[2024-08-29T23:15:59.671+0800] GC(1643) Concurrent Clear Claimed Marks
[2024-08-29T23:15:59.671+0800] GC(1643) Concurrent Clear Claimed Marks 0.006ms
[2024-08-29T23:15:59.671+0800] GC(1643) Concurrent Scan Root Regions
[2024-08-29T23:15:59.671+0800] GC(1643) Concurrent Scan Root Regions 0.004ms
[2024-08-29T23:15:59.671+0800] GC(1643) Concurrent Mark
[2024-08-29T23:15:59.671+0800] GC(1643) Concurrent Mark From Roots
[2024-08-29T23:15:59.671+0800] GC(1643) Using 2 workers of 2 for marking
[2024-08-29T23:15:59.673+0800] GC(1643) Concurrent Mark From Roots 2.156ms
[2024-08-29T23:15:59.673+0800] GC(1643) Concurrent Preclean
[2024-08-29T23:15:59.674+0800] GC(1643) Concurrent Preclean 0.088ms
[2024-08-29T23:15:59.674+0800] GC(1643) Pause Remark
[2024-08-29T23:15:59.675+0800] GC(1643) Pause Remark 964M->964M(2048M) 0.932ms
[2024-08-29T23:15:59.675+0800] GC(1643) User=0.00s Sys=0.01s Real=0.00s
[2024-08-29T23:15:59.675+0800] GC(1643) Concurrent Mark 3.341ms
[2024-08-29T23:15:59.675+0800] GC(1643) Concurrent Rebuild Remembered Sets
[2024-08-29T23:15:59.675+0800] GC(1643) Concurrent Rebuild Remembered Sets 0.005ms
[2024-08-29T23:15:59.675+0800] GC(1643) Pause Cleanup
[2024-08-29T23:15:59.675+0800] GC(1643) Pause Cleanup 964M->964M(2048M) 0.011ms
[2024-08-29T23:15:59.675+0800] GC(1643) User=0.00s Sys=0.00s Real=0.00s
[2024-08-29T23:15:59.675+0800] GC(1643) Concurrent Cleanup for Next Mark
[2024-08-29T23:15:59.678+0800] GC(1643) Concurrent Cleanup for Next Mark 3.573ms
[2024-08-29T23:15:59.678+0800] GC(1643) Concurrent Mark Cycle 7.084ms
[2024-08-29T23:15:59.680+0800] GC(1644) Pause Young (Concurrent Start) (G1 Humongous Allocation)
[2024-08-29T23:15:59.680+0800] GC(1644) Using 8 workers of 8 for evacuation
[2024-08-29T23:15:59.681+0800] GC(1644)   Pre Evacuate Collection Set: 0.1ms
[2024-08-29T23:15:59.681+0800] GC(1644)   Merge Heap Roots: 0.1ms
[2024-08-29T23:15:59.681+0800] GC(1644)   Evacuate Collection Set: 0.4ms
[2024-08-29T23:15:59.681+0800] GC(1644)   Post Evacuate Collection Set: 0.3ms
[2024-08-29T23:15:59.681+0800] GC(1644)   Other: 0.1ms
[2024-08-29T23:15:59.681+0800] GC(1644) Eden regions: 3->0(895)
[2024-08-29T23:15:59.681+0800] GC(1644) Survivor regions: 0->0(111)
[2024-08-29T23:15:59.681+0800] GC(1644) Old regions: 1->1
[2024-08-29T23:15:59.681+0800] GC(1644) Archive regions: 2->2
[2024-08-29T23:15:59.681+0800] GC(1644) Humongous regions: 966->944
[2024-08-29T23:15:59.681+0800] GC(1644) Metaspace: 1627K(1792K)->1627K(1792K) NonClass: 1508K(1600K)->1508K(1600K) Class: 119K(192K)->119K(192K)
[2024-08-29T23:15:59.681+0800] GC(1644) Pause Young (Concurrent Start) (G1 Humongous Allocation) 970M->945M(2048M) 1.067ms
[2024-08-29T23:15:59.681+0800] GC(1644) User=0.00s Sys=0.00s Real=0.00s
[2024-08-29T23:15:59.681+0800] GC(1645) Concurrent Mark Cycle
[2024-08-29T23:15:59.681+0800] GC(1645) Concurrent Clear Claimed Marks
[2024-08-29T23:15:59.681+0800] GC(1645) Concurrent Clear Claimed Marks 0.006ms
[2024-08-29T23:15:59.681+0800] GC(1645) Concurrent Scan Root Regions
[2024-08-29T23:15:59.681+0800] GC(1645) Concurrent Scan Root Regions 0.004ms
[2024-08-29T23:15:59.681+0800] GC(1645) Concurrent Mark
[2024-08-29T23:15:59.681+0800] GC(1645) Concurrent Mark From Roots
[2024-08-29T23:15:59.681+0800] GC(1645) Using 2 workers of 2 for marking
[2024-08-29T23:15:59.683+0800] GC(1645) Concurrent Mark From Roots 2.053ms
[2024-08-29T23:15:59.683+0800] GC(1645) Concurrent Preclean
[2024-08-29T23:15:59.683+0800] GC(1645) Concurrent Preclean 0.082ms
[2024-08-29T23:15:59.683+0800] GC(1645) Pause Remark
[2024-08-29T23:15:59.684+0800] GC(1645) Pause Remark 951M->951M(2048M) 0.773ms
[2024-08-29T23:15:59.684+0800] GC(1645) User=0.00s Sys=0.00s Real=0.00s
[2024-08-29T23:15:59.684+0800] GC(1645) Concurrent Mark 3.043ms
[2024-08-29T23:15:59.684+0800] GC(1645) Concurrent Rebuild Remembered Sets
[2024-08-29T23:15:59.684+0800] GC(1645) Concurrent Rebuild Remembered Sets 0.005ms
[2024-08-29T23:15:59.684+0800] GC(1645) Pause Cleanup
[2024-08-29T23:15:59.684+0800] GC(1645) Pause Cleanup 951M->951M(2048M) 0.011ms
[2024-08-29T23:15:59.684+0800] GC(1645) User=0.00s Sys=0.00s Real=0.00s
[2024-08-29T23:15:59.684+0800] GC(1645) Concurrent Cleanup for Next Mark
[2024-08-29T23:15:59.689+0800] GC(1645) Concurrent Cleanup for Next Mark 4.898ms
[2024-08-29T23:15:59.689+0800] GC(1645) Concurrent Mark Cycle 8.149ms
[2024-08-29T23:15:59.693+0800] GC(1646) Pause Young (Concurrent Start) (G1 Humongous Allocation)
[2024-08-29T23:15:59.693+0800] GC(1646) Using 8 workers of 8 for evacuation
[2024-08-29T23:15:59.694+0800] GC(1646)   Pre Evacuate Collection Set: 0.4ms
[2024-08-29T23:15:59.694+0800] GC(1646)   Merge Heap Roots: 0.2ms
[2024-08-29T23:15:59.694+0800] GC(1646)   Evacuate Collection Set: 0.5ms
[2024-08-29T23:15:59.694+0800] GC(1646)   Post Evacuate Collection Set: 0.2ms
[2024-08-29T23:15:59.694+0800] GC(1646)   Other: 0.2ms
[2024-08-29T23:15:59.694+0800] GC(1646) Eden regions: 4->0(894)
[2024-08-29T23:15:59.694+0800] GC(1646) Survivor regions: 0->0(112)
[2024-08-29T23:15:59.694+0800] GC(1646) Old regions: 1->1
[2024-08-29T23:15:59.694+0800] GC(1646) Archive regions: 2->2
[2024-08-29T23:15:59.694+0800] GC(1646) Humongous regions: 967->945
[2024-08-29T23:15:59.694+0800] GC(1646) Metaspace: 1627K(1792K)->1627K(1792K) NonClass: 1508K(1600K)->1508K(1600K) Class: 119K(192K)->119K(192K)
[2024-08-29T23:15:59.694+0800] GC(1646) Pause Young (Concurrent Start) (G1 Humongous Allocation) 972M->946M(2048M) 1.604ms
[2024-08-29T23:15:59.694+0800] GC(1646) User=0.00s Sys=0.00s Real=0.00s
[2024-08-29T23:15:59.694+0800] GC(1647) Concurrent Mark Cycle
[2024-08-29T23:15:59.694+0800] GC(1647) Concurrent Clear Claimed Marks
[2024-08-29T23:15:59.694+0800] GC(1647) Concurrent Clear Claimed Marks 0.006ms
[2024-08-29T23:15:59.694+0800] GC(1647) Concurrent Scan Root Regions
[2024-08-29T23:15:59.694+0800] GC(1647) Concurrent Scan Root Regions 0.004ms
[2024-08-29T23:15:59.694+0800] GC(1647) Concurrent Mark
[2024-08-29T23:15:59.694+0800] GC(1647) Concurrent Mark From Roots
[2024-08-29T23:15:59.694+0800] GC(1647) Using 2 workers of 2 for marking
[2024-08-29T23:15:59.697+0800] GC(1647) Concurrent Mark From Roots 2.344ms
[2024-08-29T23:15:59.697+0800] GC(1647) Concurrent Preclean
[2024-08-29T23:15:59.697+0800] GC(1647) Concurrent Preclean 0.101ms
[2024-08-29T23:15:59.698+0800] GC(1647) Pause Remark
[2024-08-29T23:15:59.699+0800] GC(1647) Pause Remark 964M->964M(2048M) 1.128ms
[2024-08-29T23:15:59.699+0800] GC(1647) User=0.00s Sys=0.00s Real=0.00s
[2024-08-29T23:15:59.699+0800] GC(1647) Concurrent Mark 4.462ms
[2024-08-29T23:15:59.699+0800] GC(1647) Concurrent Rebuild Remembered Sets
[2024-08-29T23:15:59.699+0800] GC(1647) Concurrent Rebuild Remembered Sets 0.005ms
[2024-08-29T23:15:59.700+0800] GC(1647) Pause Cleanup
[2024-08-29T23:15:59.700+0800] GC(1647) Pause Cleanup 969M->969M(2048M) 0.023ms
[2024-08-29T23:15:59.700+0800] GC(1647) User=0.00s Sys=0.00s Real=0.00s
[2024-08-29T23:15:59.700+0800] GC(1647) Concurrent Cleanup for Next Mark
[2024-08-29T23:15:59.703+0800] GC(1647) Concurrent Cleanup for Next Mark 3.675ms
[2024-08-29T23:15:59.704+0800] GC(1647) Concurrent Mark Cycle 9.071ms
[2024-08-29T23:15:59.705+0800] GC(1648) Pause Young (Concurrent Start) (G1 Humongous Allocation)
[2024-08-29T23:15:59.705+0800] GC(1648) Using 8 workers of 8 for evacuation
[2024-08-29T23:15:59.706+0800] GC(1648)   Pre Evacuate Collection Set: 0.3ms
[2024-08-29T23:15:59.706+0800] GC(1648)   Merge Heap Roots: 0.1ms
[2024-08-29T23:15:59.706+0800] GC(1648)   Evacuate Collection Set: 0.4ms
[2024-08-29T23:15:59.706+0800] GC(1648)   Post Evacuate Collection Set: 0.3ms
[2024-08-29T23:15:59.706+0800] GC(1648)   Other: 0.1ms
[2024-08-29T23:15:59.706+0800] GC(1648) Eden regions: 4->0(901)
[2024-08-29T23:15:59.706+0800] GC(1648) Survivor regions: 0->0(112)
[2024-08-29T23:15:59.706+0800] GC(1648) Old regions: 1->1
[2024-08-29T23:15:59.706+0800] GC(1648) Archive regions: 2->2
[2024-08-29T23:15:59.706+0800] GC(1648) Humongous regions: 968->938
[2024-08-29T23:15:59.706+0800] GC(1648) Metaspace: 1627K(1792K)->1627K(1792K) NonClass: 1508K(1600K)->1508K(1600K) Class: 119K(192K)->119K(192K)
[2024-08-29T23:15:59.706+0800] GC(1648) Pause Young (Concurrent Start) (G1 Humongous Allocation) 973M->939M(2048M) 1.310ms
[2024-08-29T23:15:59.706+0800] GC(1648) User=0.00s Sys=0.00s Real=0.00s
[2024-08-29T23:15:59.706+0800] GC(1649) Concurrent Mark Cycle
[2024-08-29T23:15:59.706+0800] GC(1649) Concurrent Clear Claimed Marks
[2024-08-29T23:15:59.706+0800] GC(1649) Concurrent Clear Claimed Marks 0.008ms
[2024-08-29T23:15:59.706+0800] GC(1649) Concurrent Scan Root Regions
[2024-08-29T23:15:59.706+0800] GC(1649) Concurrent Scan Root Regions 0.005ms
[2024-08-29T23:15:59.706+0800] GC(1649) Concurrent Mark
[2024-08-29T23:15:59.706+0800] GC(1649) Concurrent Mark From Roots
[2024-08-29T23:15:59.706+0800] GC(1649) Using 2 workers of 2 for marking
[2024-08-29T23:15:59.710+0800] GC(1649) Concurrent Mark From Roots 3.463ms
[2024-08-29T23:15:59.710+0800] GC(1649) Concurrent Preclean
[2024-08-29T23:15:59.710+0800] GC(1649) Concurrent Preclean 0.086ms
[2024-08-29T23:15:59.711+0800] GC(1649) Pause Remark
[2024-08-29T23:15:59.712+0800] GC(1649) Pause Remark 963M->963M(2048M) 0.937ms
[2024-08-29T23:15:59.712+0800] GC(1649) User=0.00s Sys=0.01s Real=0.00s
[2024-08-29T23:15:59.712+0800] GC(1649) Concurrent Mark 5.600ms
[2024-08-29T23:15:59.712+0800] GC(1649) Concurrent Rebuild Remembered Sets
[2024-08-29T23:15:59.712+0800] GC(1649) Concurrent Rebuild Remembered Sets 0.005ms
[2024-08-29T23:15:59.712+0800] GC(1649) Pause Cleanup
[2024-08-29T23:15:59.712+0800] GC(1649) Pause Cleanup 967M->967M(2048M) 0.013ms
[2024-08-29T23:15:59.712+0800] GC(1649) User=0.00s Sys=0.00s Real=0.00s
[2024-08-29T23:15:59.712+0800] GC(1649) Concurrent Cleanup for Next Mark
[2024-08-29T23:15:59.716+0800] GC(1649) Concurrent Cleanup for Next Mark 4.218ms
[2024-08-29T23:15:59.716+0800] GC(1649) Concurrent Mark Cycle 10.362ms
[2024-08-29T23:15:59.718+0800] GC(1650) Pause Young (Concurrent Start) (G1 Humongous Allocation)
[2024-08-29T23:15:59.718+0800] GC(1650) Using 8 workers of 8 for evacuation
[2024-08-29T23:15:59.719+0800] GC(1650)   Pre Evacuate Collection Set: 0.3ms
[2024-08-29T23:15:59.719+0800] GC(1650)   Merge Heap Roots: 0.1ms
[2024-08-29T23:15:59.719+0800] GC(1650)   Evacuate Collection Set: 0.4ms
[2024-08-29T23:15:59.719+0800] GC(1650)   Post Evacuate Collection Set: 0.3ms
[2024-08-29T23:15:59.719+0800] GC(1650)   Other: 0.1ms
[2024-08-29T23:15:59.719+0800] GC(1650) Eden regions: 3->0(907)
[2024-08-29T23:15:59.719+0800] GC(1650) Survivor regions: 0->0(113)
[2024-08-29T23:15:59.719+0800] GC(1650) Old regions: 1->1
[2024-08-29T23:15:59.719+0800] GC(1650) Archive regions: 2->2
[2024-08-29T23:15:59.719+0800] GC(1650) Humongous regions: 965->932
[2024-08-29T23:15:59.719+0800] GC(1650) Metaspace: 1627K(1792K)->1627K(1792K) NonClass: 1508K(1600K)->1508K(1600K) Class: 119K(192K)->119K(192K)
[2024-08-29T23:15:59.719+0800] GC(1650) Pause Young (Concurrent Start) (G1 Humongous Allocation) 969M->933M(2048M) 1.243ms
[2024-08-29T23:15:59.719+0800] GC(1650) User=0.00s Sys=0.00s Real=0.00s
[2024-08-29T23:15:59.719+0800] GC(1651) Concurrent Mark Cycle
[2024-08-29T23:15:59.719+0800] GC(1651) Concurrent Clear Claimed Marks
[2024-08-29T23:15:59.719+0800] GC(1651) Concurrent Clear Claimed Marks 0.006ms
[2024-08-29T23:15:59.719+0800] GC(1651) Concurrent Scan Root Regions
[2024-08-29T23:15:59.719+0800] GC(1651) Concurrent Scan Root Regions 0.004ms
[2024-08-29T23:15:59.719+0800] GC(1651) Concurrent Mark
[2024-08-29T23:15:59.719+0800] GC(1651) Concurrent Mark From Roots
[2024-08-29T23:15:59.719+0800] GC(1651) Using 2 workers of 2 for marking
[2024-08-29T23:15:59.721+0800] GC(1651) Concurrent Mark From Roots 2.380ms
[2024-08-29T23:15:59.721+0800] GC(1651) Concurrent Preclean
[2024-08-29T23:15:59.722+0800] GC(1651) Concurrent Preclean 0.090ms
[2024-08-29T23:15:59.722+0800] GC(1651) Pause Remark
[2024-08-29T23:15:59.723+0800] GC(1651) Pause Remark 946M->946M(2048M) 1.155ms
[2024-08-29T23:15:59.723+0800] GC(1651) User=0.00s Sys=0.00s Real=0.01s
[2024-08-29T23:15:59.723+0800] GC(1651) Concurrent Mark 3.808ms
[2024-08-29T23:15:59.723+0800] GC(1651) Concurrent Rebuild Remembered Sets
[2024-08-29T23:15:59.723+0800] GC(1651) Concurrent Rebuild Remembered Sets 0.005ms
[2024-08-29T23:15:59.724+0800] GC(1651) Pause Cleanup
[2024-08-29T23:15:59.724+0800] GC(1651) Pause Cleanup 949M->949M(2048M) 0.023ms
[2024-08-29T23:15:59.724+0800] GC(1651) User=0.00s Sys=0.00s Real=0.00s
[2024-08-29T23:15:59.724+0800] GC(1651) Concurrent Cleanup for Next Mark
[2024-08-29T23:15:59.729+0800] GC(1651) Concurrent Cleanup for Next Mark 4.700ms
[2024-08-29T23:15:59.729+0800] GC(1651) Concurrent Mark Cycle 9.620ms
[2024-08-29T23:15:59.729+0800] GC(1652) Pause Young (Concurrent Start) (G1 Humongous Allocation)
[2024-08-29T23:15:59.729+0800] GC(1652) Using 8 workers of 8 for evacuation
[2024-08-29T23:15:59.730+0800] GC(1652)   Pre Evacuate Collection Set: 0.3ms
[2024-08-29T23:15:59.730+0800] GC(1652)   Merge Heap Roots: 0.1ms
[2024-08-29T23:15:59.730+0800] GC(1652)   Evacuate Collection Set: 0.7ms
[2024-08-29T23:15:59.730+0800] GC(1652)   Post Evacuate Collection Set: 0.3ms
[2024-08-29T23:15:59.730+0800] GC(1652)   Other: 0.1ms
[2024-08-29T23:15:59.730+0800] GC(1652) Eden regions: 3->0(884)
[2024-08-29T23:15:59.730+0800] GC(1652) Survivor regions: 0->0(114)
[2024-08-29T23:15:59.730+0800] GC(1652) Old regions: 1->1
[2024-08-29T23:15:59.730+0800] GC(1652) Archive regions: 2->2
[2024-08-29T23:15:59.730+0800] GC(1652) Humongous regions: 961->955
[2024-08-29T23:15:59.730+0800] GC(1652) Metaspace: 1627K(1792K)->1627K(1792K) NonClass: 1508K(1600K)->1508K(1600K) Class: 119K(192K)->119K(192K)
[2024-08-29T23:15:59.730+0800] GC(1652) Pause Young (Concurrent Start) (G1 Humongous Allocation) 965M->956M(2048M) 1.548ms
[2024-08-29T23:15:59.730+0800] GC(1652) User=0.01s Sys=0.00s Real=0.00s
[2024-08-29T23:15:59.730+0800] GC(1653) Concurrent Mark Cycle
[2024-08-29T23:15:59.730+0800] GC(1653) Concurrent Clear Claimed Marks
[2024-08-29T23:15:59.730+0800] GC(1653) Concurrent Clear Claimed Marks 0.006ms
[2024-08-29T23:15:59.730+0800] GC(1653) Concurrent Scan Root Regions
[2024-08-29T23:15:59.730+0800] GC(1653) Concurrent Scan Root Regions 0.004ms
[2024-08-29T23:15:59.730+0800] GC(1653) Concurrent Mark
[2024-08-29T23:15:59.730+0800] GC(1653) Concurrent Mark From Roots
[2024-08-29T23:15:59.730+0800] GC(1653) Using 2 workers of 2 for marking
[2024-08-29T23:15:59.733+0800] GC(1653) Concurrent Mark From Roots 2.742ms
[2024-08-29T23:15:59.733+0800] GC(1653) Concurrent Preclean
[2024-08-29T23:15:59.733+0800] GC(1653) Concurrent Preclean 0.075ms
[2024-08-29T23:15:59.734+0800] GC(1653) Pause Remark
[2024-08-29T23:15:59.734+0800] GC(1653) Pause Remark 971M->971M(2048M) 0.923ms
[2024-08-29T23:15:59.734+0800] GC(1653) User=0.00s Sys=0.01s Real=0.00s
[2024-08-29T23:15:59.734+0800] GC(1653) Concurrent Mark 4.088ms
[2024-08-29T23:15:59.735+0800] GC(1653) Concurrent Rebuild Remembered Sets
[2024-08-29T23:15:59.735+0800] GC(1653) Concurrent Rebuild Remembered Sets 0.005ms
[2024-08-29T23:15:59.735+0800] GC(1653) Pause Cleanup
[2024-08-29T23:15:59.735+0800] GC(1653) Pause Cleanup 971M->971M(2048M) 0.024ms
[2024-08-29T23:15:59.735+0800] GC(1653) User=0.00s Sys=0.00s Real=0.00s
[2024-08-29T23:15:59.735+0800] GC(1653) Concurrent Cleanup for Next Mark
[2024-08-29T23:15:59.738+0800] GC(1653) Concurrent Cleanup for Next Mark 3.300ms
[2024-08-29T23:15:59.738+0800] GC(1653) Concurrent Mark Cycle 7.616ms
[2024-08-29T23:15:59.739+0800] GC(1654) Pause Young (Concurrent Start) (G1 Humongous Allocation)
[2024-08-29T23:15:59.739+0800] GC(1654) Using 8 workers of 8 for evacuation
[2024-08-29T23:15:59.740+0800] GC(1654)   Pre Evacuate Collection Set: 0.3ms
[2024-08-29T23:15:59.740+0800] GC(1654)   Merge Heap Roots: 0.1ms
[2024-08-29T23:15:59.740+0800] GC(1654)   Evacuate Collection Set: 0.4ms
[2024-08-29T23:15:59.740+0800] GC(1654)   Post Evacuate Collection Set: 0.4ms
[2024-08-29T23:15:59.740+0800] GC(1654)   Other: 0.1ms
[2024-08-29T23:15:59.740+0800] GC(1654) Eden regions: 4->0(917)
[2024-08-29T23:15:59.740+0800] GC(1654) Survivor regions: 0->0(111)
[2024-08-29T23:15:59.740+0800] GC(1654) Old regions: 1->1
[2024-08-29T23:15:59.740+0800] GC(1654) Archive regions: 2->2
[2024-08-29T23:15:59.740+0800] GC(1654) Humongous regions: 970->922
[2024-08-29T23:15:59.740+0800] GC(1654) Metaspace: 1627K(1792K)->1627K(1792K) NonClass: 1508K(1600K)->1508K(1600K) Class: 119K(192K)->119K(192K)
[2024-08-29T23:15:59.740+0800] GC(1654) Pause Young (Concurrent Start) (G1 Humongous Allocation) 974M->923M(2048M) 1.265ms
[2024-08-29T23:15:59.740+0800] GC(1654) User=0.00s Sys=0.00s Real=0.00s
[2024-08-29T23:15:59.740+0800] GC(1655) Concurrent Mark Cycle
[2024-08-29T23:15:59.740+0800] GC(1655) Concurrent Clear Claimed Marks
[2024-08-29T23:15:59.740+0800] GC(1655) Concurrent Clear Claimed Marks 0.006ms
[2024-08-29T23:15:59.740+0800] GC(1655) Concurrent Scan Root Regions
[2024-08-29T23:15:59.740+0800] GC(1655) Concurrent Scan Root Regions 0.004ms
[2024-08-29T23:15:59.740+0800] GC(1655) Concurrent Mark
[2024-08-29T23:15:59.740+0800] GC(1655) Concurrent Mark From Roots
[2024-08-29T23:15:59.740+0800] GC(1655) Using 2 workers of 2 for marking
[2024-08-29T23:15:59.743+0800] GC(1655) Concurrent Mark From Roots 2.985ms
[2024-08-29T23:15:59.743+0800] GC(1655) Concurrent Preclean
[2024-08-29T23:15:59.743+0800] GC(1655) Concurrent Preclean 0.078ms
[2024-08-29T23:15:59.744+0800] GC(1655) Pause Remark
[2024-08-29T23:15:59.745+0800] GC(1655) Pause Remark 947M->947M(2048M) 0.886ms
[2024-08-29T23:15:59.745+0800] GC(1655) User=0.00s Sys=0.00s Real=0.00s
[2024-08-29T23:15:59.745+0800] GC(1655) Concurrent Mark 4.587ms
[2024-08-29T23:15:59.745+0800] GC(1655) Concurrent Rebuild Remembered Sets
[2024-08-29T23:15:59.745+0800] GC(1655) Concurrent Rebuild Remembered Sets 0.005ms
[2024-08-29T23:15:59.745+0800] GC(1655) Pause Cleanup
[2024-08-29T23:15:59.745+0800] GC(1655) Pause Cleanup 948M->948M(2048M) 0.015ms
[2024-08-29T23:15:59.745+0800] GC(1655) User=0.00s Sys=0.00s Real=0.00s
[2024-08-29T23:15:59.745+0800] GC(1655) Concurrent Cleanup for Next Mark
[2024-08-29T23:15:59.749+0800] GC(1655) Concurrent Cleanup for Next Mark 4.261ms
[2024-08-29T23:15:59.749+0800] GC(1655) Concurrent Mark Cycle 9.173ms
[2024-08-29T23:15:59.752+0800] GC(1656) Pause Young (Concurrent Start) (G1 Humongous Allocation)
[2024-08-29T23:15:59.752+0800] GC(1656) Using 8 workers of 8 for evacuation
[2024-08-29T23:15:59.754+0800] GC(1656)   Pre Evacuate Collection Set: 0.4ms
[2024-08-29T23:15:59.754+0800] GC(1656)   Merge Heap Roots: 0.1ms
[2024-08-29T23:15:59.754+0800] GC(1656)   Evacuate Collection Set: 0.5ms
[2024-08-29T23:15:59.754+0800] GC(1656)   Post Evacuate Collection Set: 0.4ms
[2024-08-29T23:15:59.754+0800] GC(1656)   Other: 0.2ms
[2024-08-29T23:15:59.754+0800] GC(1656) Eden regions: 4->0(902)
[2024-08-29T23:15:59.754+0800] GC(1656) Survivor regions: 0->0(115)
[2024-08-29T23:15:59.754+0800] GC(1656) Old regions: 1->1
[2024-08-29T23:15:59.754+0800] GC(1656) Archive regions: 2->2
[2024-08-29T23:15:59.754+0800] GC(1656) Humongous regions: 959->937
[2024-08-29T23:15:59.754+0800] GC(1656) Metaspace: 1627K(1792K)->1627K(1792K) NonClass: 1508K(1600K)->1508K(1600K) Class: 119K(192K)->119K(192K)
[2024-08-29T23:15:59.754+0800] GC(1656) Pause Young (Concurrent Start) (G1 Humongous Allocation) 964M->938M(2048M) 1.621ms
[2024-08-29T23:15:59.754+0800] GC(1656) User=0.01s Sys=0.00s Real=0.01s
[2024-08-29T23:15:59.754+0800] GC(1657) Concurrent Mark Cycle
[2024-08-29T23:15:59.754+0800] GC(1657) Concurrent Clear Claimed Marks
[2024-08-29T23:15:59.754+0800] GC(1657) Concurrent Clear Claimed Marks 0.006ms
[2024-08-29T23:15:59.754+0800] GC(1657) Concurrent Scan Root Regions
[2024-08-29T23:15:59.754+0800] GC(1657) Concurrent Scan Root Regions 0.004ms
[2024-08-29T23:15:59.754+0800] GC(1657) Concurrent Mark
[2024-08-29T23:15:59.754+0800] GC(1657) Concurrent Mark From Roots
[2024-08-29T23:15:59.754+0800] GC(1657) Using 2 workers of 2 for marking
[2024-08-29T23:15:59.756+0800] GC(1657) Concurrent Mark From Roots 2.214ms
[2024-08-29T23:15:59.756+0800] GC(1657) Concurrent Preclean
[2024-08-29T23:15:59.756+0800] GC(1657) Concurrent Preclean 0.094ms
[2024-08-29T23:15:59.757+0800] GC(1657) Pause Remark
[2024-08-29T23:15:59.758+0800] GC(1657) Pause Remark 947M->947M(2048M) 1.105ms
[2024-08-29T23:15:59.758+0800] GC(1657) User=0.00s Sys=0.00s Real=0.00s
[2024-08-29T23:15:59.758+0800] GC(1657) Concurrent Mark 4.430ms
[2024-08-29T23:15:59.758+0800] GC(1657) Concurrent Rebuild Remembered Sets
[2024-08-29T23:15:59.758+0800] GC(1657) Concurrent Rebuild Remembered Sets 0.006ms
[2024-08-29T23:15:59.759+0800] GC(1657) Pause Cleanup
[2024-08-29T23:15:59.759+0800] GC(1657) Pause Cleanup 954M->954M(2048M) 0.017ms
[2024-08-29T23:15:59.759+0800] GC(1657) User=0.00s Sys=0.00s Real=0.00s
[2024-08-29T23:15:59.759+0800] GC(1657) Concurrent Cleanup for Next Mark
[2024-08-29T23:15:59.764+0800] GC(1657) Concurrent Cleanup for Next Mark 4.668ms
[2024-08-29T23:15:59.764+0800] GC(1657) Concurrent Mark Cycle 10.047ms
[2024-08-29T23:15:59.764+0800] GC(1658) Pause Young (Concurrent Start) (G1 Humongous Allocation)
[2024-08-29T23:15:59.764+0800] GC(1658) Using 8 workers of 8 for evacuation
[2024-08-29T23:15:59.766+0800] GC(1658)   Pre Evacuate Collection Set: 0.3ms
[2024-08-29T23:15:59.766+0800] GC(1658)   Merge Heap Roots: 0.1ms
[2024-08-29T23:15:59.766+0800] GC(1658)   Evacuate Collection Set: 0.4ms
[2024-08-29T23:15:59.766+0800] GC(1658)   Post Evacuate Collection Set: 0.5ms
[2024-08-29T23:15:59.766+0800] GC(1658)   Other: 0.1ms
[2024-08-29T23:15:59.766+0800] GC(1658) Eden regions: 4->0(902)
[2024-08-29T23:15:59.766+0800] GC(1658) Survivor regions: 0->0(113)
[2024-08-29T23:15:59.766+0800] GC(1658) Old regions: 1->1
[2024-08-29T23:15:59.766+0800] GC(1658) Archive regions: 2->2
[2024-08-29T23:15:59.766+0800] GC(1658) Humongous regions: 964->937
[2024-08-29T23:15:59.766+0800] GC(1658) Metaspace: 1627K(1792K)->1627K(1792K) NonClass: 1508K(1600K)->1508K(1600K) Class: 119K(192K)->119K(192K)
[2024-08-29T23:15:59.766+0800] GC(1658) Pause Young (Concurrent Start) (G1 Humongous Allocation) 968M->938M(2048M) 1.426ms
[2024-08-29T23:15:59.766+0800] GC(1658) User=0.00s Sys=0.01s Real=0.00s
[2024-08-29T23:15:59.766+0800] GC(1659) Concurrent Mark Cycle
[2024-08-29T23:15:59.766+0800] GC(1659) Concurrent Clear Claimed Marks
[2024-08-29T23:15:59.766+0800] GC(1659) Concurrent Clear Claimed Marks 0.006ms
[2024-08-29T23:15:59.766+0800] GC(1659) Concurrent Scan Root Regions
[2024-08-29T23:15:59.766+0800] GC(1659) Concurrent Scan Root Regions 0.004ms
[2024-08-29T23:15:59.766+0800] GC(1659) Concurrent Mark
[2024-08-29T23:15:59.766+0800] GC(1659) Concurrent Mark From Roots
[2024-08-29T23:15:59.766+0800] GC(1659) Using 2 workers of 2 for marking
[2024-08-29T23:15:59.769+0800] GC(1659) Concurrent Mark From Roots 2.848ms
[2024-08-29T23:15:59.769+0800] GC(1659) Concurrent Preclean
[2024-08-29T23:15:59.769+0800] GC(1659) Concurrent Preclean 0.076ms
[2024-08-29T23:15:59.769+0800] GC(1659) Pause Remark
[2024-08-29T23:15:59.770+0800] GC(1659) Pause Remark 957M->957M(2048M) 1.556ms
[2024-08-29T23:15:59.770+0800] GC(1659) User=0.01s Sys=0.00s Real=0.00s
[2024-08-29T23:15:59.770+0800] GC(1659) Concurrent Mark 4.628ms
[2024-08-29T23:15:59.770+0800] GC(1659) Concurrent Rebuild Remembered Sets
[2024-08-29T23:15:59.770+0800] GC(1659) Concurrent Rebuild Remembered Sets 0.005ms
[2024-08-29T23:15:59.771+0800] GC(1659) Pause Cleanup
[2024-08-29T23:15:59.771+0800] GC(1659) Pause Cleanup 957M->957M(2048M) 0.013ms
[2024-08-29T23:15:59.771+0800] GC(1659) User=0.00s Sys=0.00s Real=0.00s
[2024-08-29T23:15:59.771+0800] GC(1659) Concurrent Cleanup for Next Mark
[2024-08-29T23:15:59.776+0800] GC(1659) Concurrent Cleanup for Next Mark 4.481ms
[2024-08-29T23:15:59.776+0800] GC(1659) Concurrent Mark Cycle 10.058ms
[2024-08-29T23:15:59.778+0800] GC(1660) Pause Young (Concurrent Start) (G1 Humongous Allocation)
[2024-08-29T23:15:59.778+0800] GC(1660) Using 8 workers of 8 for evacuation
[2024-08-29T23:15:59.780+0800] GC(1660)   Pre Evacuate Collection Set: 0.3ms
[2024-08-29T23:15:59.780+0800] GC(1660)   Merge Heap Roots: 0.1ms
[2024-08-29T23:15:59.780+0800] GC(1660)   Evacuate Collection Set: 0.4ms
[2024-08-29T23:15:59.780+0800] GC(1660)   Post Evacuate Collection Set: 0.3ms
[2024-08-29T23:15:59.780+0800] GC(1660)   Other: 0.2ms
[2024-08-29T23:15:59.780+0800] GC(1660) Eden regions: 4->0(913)
[2024-08-29T23:15:59.780+0800] GC(1660) Survivor regions: 0->0(113)
[2024-08-29T23:15:59.780+0800] GC(1660) Old regions: 1->1
[2024-08-29T23:15:59.780+0800] GC(1660) Archive regions: 2->2
[2024-08-29T23:15:59.780+0800] GC(1660) Humongous regions: 966->926
[2024-08-29T23:15:59.780+0800] GC(1660) Metaspace: 1627K(1792K)->1627K(1792K) NonClass: 1508K(1600K)->1508K(1600K) Class: 119K(192K)->119K(192K)
[2024-08-29T23:15:59.780+0800] GC(1660) Pause Young (Concurrent Start) (G1 Humongous Allocation) 970M->927M(2048M) 1.350ms
[2024-08-29T23:15:59.780+0800] GC(1660) User=0.00s Sys=0.00s Real=0.00s
[2024-08-29T23:15:59.780+0800] GC(1661) Concurrent Mark Cycle
[2024-08-29T23:15:59.780+0800] GC(1661) Concurrent Clear Claimed Marks
[2024-08-29T23:15:59.780+0800] GC(1661) Concurrent Clear Claimed Marks 0.007ms
[2024-08-29T23:15:59.780+0800] GC(1661) Concurrent Scan Root Regions
[2024-08-29T23:15:59.780+0800] GC(1661) Concurrent Scan Root Regions 0.004ms
[2024-08-29T23:15:59.780+0800] GC(1661) Concurrent Mark
[2024-08-29T23:15:59.780+0800] GC(1661) Concurrent Mark From Roots
[2024-08-29T23:15:59.780+0800] GC(1661) Using 2 workers of 2 for marking
[2024-08-29T23:15:59.782+0800] GC(1661) Concurrent Mark From Roots 2.511ms
[2024-08-29T23:15:59.782+0800] GC(1661) Concurrent Preclean
[2024-08-29T23:15:59.782+0800] GC(1661) Concurrent Preclean 0.100ms
[2024-08-29T23:15:59.783+0800] GC(1661) Pause Remark
[2024-08-29T23:15:59.784+0800] GC(1661) Pause Remark 943M->943M(2048M) 1.168ms
[2024-08-29T23:15:59.784+0800] GC(1661) User=0.00s Sys=0.00s Real=0.00s
[2024-08-29T23:15:59.784+0800] GC(1661) Concurrent Mark 4.572ms
[2024-08-29T23:15:59.784+0800] GC(1661) Concurrent Rebuild Remembered Sets
[2024-08-29T23:15:59.784+0800] GC(1661) Concurrent Rebuild Remembered Sets 0.006ms
[2024-08-29T23:15:59.785+0800] GC(1661) Pause Cleanup
[2024-08-29T23:15:59.785+0800] GC(1661) Pause Cleanup 947M->947M(2048M) 0.015ms
[2024-08-29T23:15:59.785+0800] GC(1661) User=0.00s Sys=0.00s Real=0.00s
[2024-08-29T23:15:59.785+0800] GC(1661) Concurrent Cleanup for Next Mark
[2024-08-29T23:15:59.789+0800] GC(1661) Concurrent Cleanup for Next Mark 3.654ms
[2024-08-29T23:15:59.789+0800] GC(1661) Concurrent Mark Cycle 9.140ms
[2024-08-29T23:15:59.789+0800] GC(1662) Pause Young (Concurrent Start) (G1 Humongous Allocation)
[2024-08-29T23:15:59.789+0800] GC(1662) Using 8 workers of 8 for evacuation
[2024-08-29T23:15:59.791+0800] GC(1662)   Pre Evacuate Collection Set: 0.4ms
[2024-08-29T23:15:59.791+0800] GC(1662)   Merge Heap Roots: 0.1ms
[2024-08-29T23:15:59.791+0800] GC(1662)   Evacuate Collection Set: 0.4ms
[2024-08-29T23:15:59.791+0800] GC(1662)   Post Evacuate Collection Set: 0.4ms
[2024-08-29T23:15:59.791+0800] GC(1662)   Other: 0.1ms
[2024-08-29T23:15:59.791+0800] GC(1662) Eden regions: 4->0(914)
[2024-08-29T23:15:59.791+0800] GC(1662) Survivor regions: 0->0(115)
[2024-08-29T23:15:59.791+0800] GC(1662) Old regions: 1->1
[2024-08-29T23:15:59.791+0800] GC(1662) Archive regions: 2->2
[2024-08-29T23:15:59.791+0800] GC(1662) Humongous regions: 948->925
[2024-08-29T23:15:59.791+0800] GC(1662) Metaspace: 1627K(1792K)->1627K(1792K) NonClass: 1508K(1600K)->1508K(1600K) Class: 119K(192K)->119K(192K)
[2024-08-29T23:15:59.791+0800] GC(1662) Pause Young (Concurrent Start) (G1 Humongous Allocation) 952M->926M(2048M) 1.458ms
[2024-08-29T23:15:59.791+0800] GC(1662) User=0.00s Sys=0.00s Real=0.00s
[2024-08-29T23:15:59.791+0800] GC(1663) Concurrent Mark Cycle
[2024-08-29T23:15:59.791+0800] GC(1663) Concurrent Clear Claimed Marks
[2024-08-29T23:15:59.791+0800] GC(1663) Concurrent Clear Claimed Marks 0.006ms
[2024-08-29T23:15:59.791+0800] GC(1663) Concurrent Scan Root Regions
[2024-08-29T23:15:59.791+0800] GC(1663) Concurrent Scan Root Regions 0.021ms
[2024-08-29T23:15:59.791+0800] GC(1663) Concurrent Mark
[2024-08-29T23:15:59.791+0800] GC(1663) Concurrent Mark From Roots
[2024-08-29T23:15:59.791+0800] GC(1663) Using 2 workers of 2 for marking
[2024-08-29T23:15:59.793+0800] GC(1663) Concurrent Mark From Roots 2.579ms
[2024-08-29T23:15:59.793+0800] GC(1663) Concurrent Preclean
[2024-08-29T23:15:59.794+0800] GC(1663) Concurrent Preclean 0.081ms
[2024-08-29T23:15:59.794+0800] GC(1663) Pause Remark
[2024-08-29T23:15:59.795+0800] GC(1663) Pause Remark 939M->939M(2048M) 1.199ms
[2024-08-29T23:15:59.795+0800] GC(1663) User=0.00s Sys=0.01s Real=0.00s
[2024-08-29T23:15:59.795+0800] GC(1663) Concurrent Mark 4.036ms
[2024-08-29T23:15:59.795+0800] GC(1663) Concurrent Rebuild Remembered Sets
[2024-08-29T23:15:59.795+0800] GC(1663) Concurrent Rebuild Remembered Sets 0.006ms
[2024-08-29T23:15:59.795+0800] GC(1663) Pause Cleanup
[2024-08-29T23:15:59.795+0800] GC(1663) Pause Cleanup 939M->939M(2048M) 0.012ms
[2024-08-29T23:15:59.795+0800] GC(1663) User=0.00s Sys=0.00s Real=0.00s
[2024-08-29T23:15:59.795+0800] GC(1663) Concurrent Cleanup for Next Mark
[2024-08-29T23:15:59.799+0800] GC(1663) Concurrent Cleanup for Next Mark 4.157ms
[2024-08-29T23:15:59.799+0800] GC(1663) Concurrent Mark Cycle 8.537ms
[2024-08-29T23:15:59.802+0800] GC(1664) Pause Young (Concurrent Start) (G1 Humongous Allocation)
[2024-08-29T23:15:59.802+0800] GC(1664) Using 8 workers of 8 for evacuation
[2024-08-29T23:15:59.803+0800] GC(1664)   Pre Evacuate Collection Set: 0.3ms
[2024-08-29T23:15:59.803+0800] GC(1664)   Merge Heap Roots: 0.1ms
[2024-08-29T23:15:59.803+0800] GC(1664)   Evacuate Collection Set: 0.3ms
[2024-08-29T23:15:59.803+0800] GC(1664)   Post Evacuate Collection Set: 0.3ms
[2024-08-29T23:15:59.804+0800] GC(1664)   Other: 0.2ms
[2024-08-29T23:15:59.804+0800] GC(1664) Eden regions: 4->0(917)
[2024-08-29T23:15:59.804+0800] GC(1664) Survivor regions: 0->0(115)
[2024-08-29T23:15:59.804+0800] GC(1664) Old regions: 1->1
[2024-08-29T23:15:59.804+0800] GC(1664) Archive regions: 2->2
[2024-08-29T23:15:59.804+0800] GC(1664) Humongous regions: 954->922
[2024-08-29T23:15:59.804+0800] GC(1664) Metaspace: 1627K(1792K)->1627K(1792K) NonClass: 1508K(1600K)->1508K(1600K) Class: 119K(192K)->119K(192K)
[2024-08-29T23:15:59.804+0800] GC(1664) Pause Young (Concurrent Start) (G1 Humongous Allocation) 959M->923M(2048M) 1.226ms
[2024-08-29T23:15:59.804+0800] GC(1664) User=0.00s Sys=0.00s Real=0.01s
[2024-08-29T23:15:59.804+0800] GC(1665) Concurrent Mark Cycle
[2024-08-29T23:15:59.804+0800] GC(1665) Concurrent Clear Claimed Marks
[2024-08-29T23:15:59.804+0800] GC(1665) Concurrent Clear Claimed Marks 0.007ms
[2024-08-29T23:15:59.804+0800] GC(1665) Concurrent Scan Root Regions
[2024-08-29T23:15:59.804+0800] GC(1665) Concurrent Scan Root Regions 0.005ms
[2024-08-29T23:15:59.804+0800] GC(1665) Concurrent Mark
[2024-08-29T23:15:59.804+0800] GC(1665) Concurrent Mark From Roots
[2024-08-29T23:15:59.804+0800] GC(1665) Using 2 workers of 2 for marking
[2024-08-29T23:15:59.807+0800] GC(1665) Concurrent Mark From Roots 3.163ms
[2024-08-29T23:15:59.807+0800] GC(1665) Concurrent Preclean
[2024-08-29T23:15:59.807+0800] GC(1665) Concurrent Preclean 0.081ms
[2024-08-29T23:15:59.807+0800] GC(1665) Pause Remark
[2024-08-29T23:15:59.808+0800] GC(1665) Pause Remark 943M->943M(2048M) 1.090ms
[2024-08-29T23:15:59.808+0800] GC(1665) User=0.00s Sys=0.01s Real=0.00s
[2024-08-29T23:15:59.808+0800] GC(1665) Concurrent Mark 4.522ms
[2024-08-29T23:15:59.808+0800] GC(1665) Concurrent Rebuild Remembered Sets
[2024-08-29T23:15:59.808+0800] GC(1665) Concurrent Rebuild Remembered Sets 0.006ms
[2024-08-29T23:15:59.808+0800] GC(1665) Pause Cleanup
[2024-08-29T23:15:59.808+0800] GC(1665) Pause Cleanup 943M->943M(2048M) 0.016ms
[2024-08-29T23:15:59.808+0800] GC(1665) User=0.00s Sys=0.00s Real=0.00s
[2024-08-29T23:15:59.808+0800] GC(1665) Concurrent Cleanup for Next Mark
[2024-08-29T23:15:59.812+0800] GC(1665) Concurrent Cleanup for Next Mark 3.432ms
[2024-08-29T23:15:59.812+0800] GC(1665) Concurrent Mark Cycle 8.252ms
[2024-08-29T23:15:59.812+0800] GC(1666) Pause Young (Concurrent Start) (G1 Humongous Allocation)
[2024-08-29T23:15:59.812+0800] GC(1666) Using 8 workers of 8 for evacuation
[2024-08-29T23:15:59.813+0800] GC(1666)   Pre Evacuate Collection Set: 0.2ms
[2024-08-29T23:15:59.813+0800] GC(1666)   Merge Heap Roots: 0.1ms
[2024-08-29T23:15:59.813+0800] GC(1666)   Evacuate Collection Set: 0.3ms
[2024-08-29T23:15:59.813+0800] GC(1666)   Post Evacuate Collection Set: 0.3ms
[2024-08-29T23:15:59.813+0800] GC(1666)   Other: 0.1ms
[2024-08-29T23:15:59.813+0800] GC(1666) Eden regions: 3->0(930)
[2024-08-29T23:15:59.813+0800] GC(1666) Survivor regions: 0->0(115)
[2024-08-29T23:15:59.813+0800] GC(1666) Old regions: 1->1
[2024-08-29T23:15:59.813+0800] GC(1666) Archive regions: 2->2
[2024-08-29T23:15:59.813+0800] GC(1666) Humongous regions: 942->909
[2024-08-29T23:15:59.813+0800] GC(1666) Metaspace: 1627K(1792K)->1627K(1792K) NonClass: 1508K(1600K)->1508K(1600K) Class: 119K(192K)->119K(192K)
[2024-08-29T23:15:59.813+0800] GC(1666) Pause Young (Concurrent Start) (G1 Humongous Allocation) 946M->910M(2048M) 1.034ms
[2024-08-29T23:15:59.813+0800] GC(1666) User=0.00s Sys=0.00s Real=0.01s
[2024-08-29T23:15:59.813+0800] GC(1667) Concurrent Undo Cycle
[2024-08-29T23:15:59.813+0800] GC(1667) Concurrent Cleanup for Next Mark
[2024-08-29T23:15:59.818+0800] GC(1667) Concurrent Cleanup for Next Mark 4.079ms
[2024-08-29T23:15:59.818+0800] GC(1667) Concurrent Undo Cycle 4.147ms
[2024-08-29T23:15:59.818+0800] GC(1668) Pause Young (Concurrent Start) (G1 Humongous Allocation)
[2024-08-29T23:15:59.818+0800] GC(1668) Using 8 workers of 8 for evacuation
[2024-08-29T23:15:59.820+0800] GC(1668)   Pre Evacuate Collection Set: 0.3ms
[2024-08-29T23:15:59.820+0800] GC(1668)   Merge Heap Roots: 0.1ms
[2024-08-29T23:15:59.820+0800] GC(1668)   Evacuate Collection Set: 0.3ms
[2024-08-29T23:15:59.820+0800] GC(1668)   Post Evacuate Collection Set: 0.4ms
[2024-08-29T23:15:59.820+0800] GC(1668)   Other: 0.1ms
[2024-08-29T23:15:59.820+0800] GC(1668) Eden regions: 3->0(945)
[2024-08-29T23:15:59.820+0800] GC(1668) Survivor regions: 0->0(117)
[2024-08-29T23:15:59.820+0800] GC(1668) Old regions: 1->1
[2024-08-29T23:15:59.820+0800] GC(1668) Archive regions: 2->2
[2024-08-29T23:15:59.820+0800] GC(1668) Humongous regions: 914->894
[2024-08-29T23:15:59.820+0800] GC(1668) Metaspace: 1627K(1792K)->1627K(1792K) NonClass: 1508K(1600K)->1508K(1600K) Class: 119K(192K)->119K(192K)
[2024-08-29T23:15:59.820+0800] GC(1668) Pause Young (Concurrent Start) (G1 Humongous Allocation) 918M->895M(2048M) 1.306ms
[2024-08-29T23:15:59.820+0800] GC(1668) User=0.00s Sys=0.00s Real=0.00s
[2024-08-29T23:15:59.820+0800] GC(1669) Concurrent Undo Cycle
[2024-08-29T23:15:59.820+0800] GC(1669) Concurrent Cleanup for Next Mark
[2024-08-29T23:15:59.824+0800] GC(1669) Concurrent Cleanup for Next Mark 4.354ms
[2024-08-29T23:15:59.824+0800] GC(1669) Concurrent Undo Cycle 4.419ms
[2024-08-29T23:15:59.829+0800] GC(1670) Pause Young (Concurrent Start) (G1 Humongous Allocation)
[2024-08-29T23:15:59.829+0800] GC(1670) Using 8 workers of 8 for evacuation
[2024-08-29T23:15:59.830+0800] GC(1670)   Pre Evacuate Collection Set: 0.2ms
[2024-08-29T23:15:59.830+0800] GC(1670)   Merge Heap Roots: 0.1ms
[2024-08-29T23:15:59.830+0800] GC(1670)   Evacuate Collection Set: 0.3ms
[2024-08-29T23:15:59.830+0800] GC(1670)   Post Evacuate Collection Set: 0.3ms
[2024-08-29T23:15:59.831+0800] GC(1670)   Other: 0.2ms
[2024-08-29T23:15:59.831+0800] GC(1670) Eden regions: 3->0(947)
[2024-08-29T23:15:59.831+0800] GC(1670) Survivor regions: 0->0(119)
[2024-08-29T23:15:59.831+0800] GC(1670) Old regions: 1->1
[2024-08-29T23:15:59.831+0800] GC(1670) Archive regions: 2->2
[2024-08-29T23:15:59.831+0800] GC(1670) Humongous regions: 919->892
[2024-08-29T23:15:59.831+0800] GC(1670) Metaspace: 1627K(1792K)->1627K(1792K) NonClass: 1508K(1600K)->1508K(1600K) Class: 119K(192K)->119K(192K)
[2024-08-29T23:15:59.831+0800] GC(1670) Pause Young (Concurrent Start) (G1 Humongous Allocation) 923M->893M(2048M) 1.221ms
[2024-08-29T23:15:59.831+0800] GC(1670) User=0.00s Sys=0.00s Real=0.00s
[2024-08-29T23:15:59.831+0800] GC(1671) Concurrent Undo Cycle
[2024-08-29T23:15:59.831+0800] GC(1671) Concurrent Cleanup for Next Mark
[2024-08-29T23:15:59.836+0800] GC(1671) Concurrent Cleanup for Next Mark 5.115ms
[2024-08-29T23:15:59.836+0800] GC(1671) Concurrent Undo Cycle 5.208ms
[2024-08-29T23:15:59.840+0800] GC(1672) Pause Young (Concurrent Start) (G1 Humongous Allocation)
[2024-08-29T23:15:59.840+0800] GC(1672) Using 8 workers of 8 for evacuation
[2024-08-29T23:15:59.841+0800] GC(1672)   Pre Evacuate Collection Set: 0.3ms
[2024-08-29T23:15:59.841+0800] GC(1672)   Merge Heap Roots: 0.1ms
[2024-08-29T23:15:59.841+0800] GC(1672)   Evacuate Collection Set: 0.5ms
[2024-08-29T23:15:59.841+0800] GC(1672)   Post Evacuate Collection Set: 0.4ms
[2024-08-29T23:15:59.841+0800] GC(1672)   Other: 0.2ms
[2024-08-29T23:15:59.841+0800] GC(1672) Eden regions: 4->0(935)
[2024-08-29T23:15:59.841+0800] GC(1672) Survivor regions: 0->0(119)
[2024-08-29T23:15:59.841+0800] GC(1672) Old regions: 1->1
[2024-08-29T23:15:59.841+0800] GC(1672) Archive regions: 2->2
[2024-08-29T23:15:59.841+0800] GC(1672) Humongous regions: 919->904
[2024-08-29T23:15:59.841+0800] GC(1672) Metaspace: 1627K(1792K)->1627K(1792K) NonClass: 1508K(1600K)->1508K(1600K) Class: 119K(192K)->119K(192K)
[2024-08-29T23:15:59.841+0800] GC(1672) Pause Young (Concurrent Start) (G1 Humongous Allocation) 923M->905M(2048M) 1.554ms
[2024-08-29T23:15:59.841+0800] GC(1672) User=0.00s Sys=0.00s Real=0.00s
[2024-08-29T23:15:59.841+0800] GC(1673) Concurrent Undo Cycle
[2024-08-29T23:15:59.841+0800] GC(1673) Concurrent Cleanup for Next Mark
[2024-08-29T23:15:59.846+0800] GC(1673) Concurrent Cleanup for Next Mark 5.149ms
[2024-08-29T23:15:59.846+0800] GC(1673) Concurrent Undo Cycle 5.216ms
[2024-08-29T23:15:59.853+0800] GC(1674) Pause Young (Concurrent Start) (G1 Humongous Allocation)
[2024-08-29T23:15:59.853+0800] GC(1674) Using 8 workers of 8 for evacuation
[2024-08-29T23:15:59.854+0800] GC(1674)   Pre Evacuate Collection Set: 0.3ms
[2024-08-29T23:15:59.854+0800] GC(1674)   Merge Heap Roots: 0.1ms
[2024-08-29T23:15:59.854+0800] GC(1674)   Evacuate Collection Set: 0.3ms
[2024-08-29T23:15:59.854+0800] GC(1674)   Post Evacuate Collection Set: 0.3ms
[2024-08-29T23:15:59.854+0800] GC(1674)   Other: 0.1ms
[2024-08-29T23:15:59.854+0800] GC(1674) Eden regions: 3->0(972)
[2024-08-29T23:15:59.854+0800] GC(1674) Survivor regions: 0->0(117)
[2024-08-29T23:15:59.854+0800] GC(1674) Old regions: 1->1
[2024-08-29T23:15:59.854+0800] GC(1674) Archive regions: 2->2
[2024-08-29T23:15:59.854+0800] GC(1674) Humongous regions: 916->867
[2024-08-29T23:15:59.854+0800] GC(1674) Metaspace: 1627K(1792K)->1627K(1792K) NonClass: 1508K(1600K)->1508K(1600K) Class: 119K(192K)->119K(192K)
[2024-08-29T23:15:59.854+0800] GC(1674) Pause Young (Concurrent Start) (G1 Humongous Allocation) 920M->868M(2048M) 1.165ms
[2024-08-29T23:15:59.854+0800] GC(1674) User=0.01s Sys=0.00s Real=0.00s
[2024-08-29T23:15:59.854+0800] GC(1675) Concurrent Undo Cycle
[2024-08-29T23:15:59.854+0800] GC(1675) Concurrent Cleanup for Next Mark
[2024-08-29T23:15:59.861+0800] GC(1675) Concurrent Cleanup for Next Mark 6.934ms
[2024-08-29T23:15:59.861+0800] GC(1675) Concurrent Undo Cycle 6.998ms
[2024-08-29T23:15:59.886+0800] GC(1676) Pause Young (Concurrent Start) (G1 Humongous Allocation)
[2024-08-29T23:15:59.886+0800] GC(1676) Using 8 workers of 8 for evacuation
[2024-08-29T23:15:59.887+0800] GC(1676)   Pre Evacuate Collection Set: 0.3ms
[2024-08-29T23:15:59.887+0800] GC(1676)   Merge Heap Roots: 0.1ms
[2024-08-29T23:15:59.887+0800] GC(1676)   Evacuate Collection Set: 0.4ms
[2024-08-29T23:15:59.887+0800] GC(1676)   Post Evacuate Collection Set: 0.3ms
[2024-08-29T23:15:59.887+0800] GC(1676)   Other: 0.2ms
[2024-08-29T23:15:59.887+0800] GC(1676) Eden regions: 4->0(1010)
[2024-08-29T23:15:59.887+0800] GC(1676) Survivor regions: 0->0(122)
[2024-08-29T23:15:59.887+0800] GC(1676) Old regions: 1->1
[2024-08-29T23:15:59.887+0800] GC(1676) Archive regions: 2->2
[2024-08-29T23:15:59.887+0800] GC(1676) Humongous regions: 917->829
[2024-08-29T23:15:59.887+0800] GC(1676) Metaspace: 1627K(1792K)->1627K(1792K) NonClass: 1508K(1600K)->1508K(1600K) Class: 119K(192K)->119K(192K)
[2024-08-29T23:15:59.887+0800] GC(1676) Pause Young (Concurrent Start) (G1 Humongous Allocation) 922M->830M(2048M) 1.463ms
[2024-08-29T23:15:59.887+0800] GC(1676) User=0.00s Sys=0.01s Real=0.00s
[2024-08-29T23:15:59.887+0800] GC(1677) Concurrent Undo Cycle
[2024-08-29T23:15:59.887+0800] GC(1677) Concurrent Cleanup for Next Mark
[2024-08-29T23:15:59.891+0800] GC(1677) Concurrent Cleanup for Next Mark 3.912ms
[2024-08-29T23:15:59.891+0800] GC(1677) Concurrent Undo Cycle 4.000ms
[2024-08-29T23:15:59.925+0800] GC(1678) Pause Young (Concurrent Start) (G1 Humongous Allocation)
[2024-08-29T23:15:59.925+0800] GC(1678) Using 8 workers of 8 for evacuation
[2024-08-29T23:15:59.926+0800] GC(1678)   Pre Evacuate Collection Set: 0.3ms
[2024-08-29T23:15:59.926+0800] GC(1678)   Merge Heap Roots: 0.1ms
[2024-08-29T23:15:59.926+0800] GC(1678)   Evacuate Collection Set: 0.5ms
[2024-08-29T23:15:59.926+0800] GC(1678)   Post Evacuate Collection Set: 0.4ms
[2024-08-29T23:15:59.926+0800] GC(1678)   Other: 0.2ms
[2024-08-29T23:15:59.926+0800] GC(1678) Eden regions: 4->0(1045)
[2024-08-29T23:15:59.926+0800] GC(1678) Survivor regions: 0->0(127)
[2024-08-29T23:15:59.926+0800] GC(1678) Old regions: 1->1
[2024-08-29T23:15:59.926+0800] GC(1678) Archive regions: 2->2
[2024-08-29T23:15:59.926+0800] GC(1678) Humongous regions: 919->794
[2024-08-29T23:15:59.926+0800] GC(1678) Metaspace: 1627K(1792K)->1627K(1792K) NonClass: 1508K(1600K)->1508K(1600K) Class: 119K(192K)->119K(192K)
[2024-08-29T23:15:59.926+0800] GC(1678) Pause Young (Concurrent Start) (G1 Humongous Allocation) 924M->795M(2048M) 1.623ms
[2024-08-29T23:15:59.926+0800] GC(1678) User=0.00s Sys=0.00s Real=0.00s
[2024-08-29T23:15:59.926+0800] GC(1679) Concurrent Undo Cycle
[2024-08-29T23:15:59.926+0800] GC(1679) Concurrent Cleanup for Next Mark
[2024-08-29T23:15:59.931+0800] GC(1679) Concurrent Cleanup for Next Mark 4.928ms
[2024-08-29T23:15:59.931+0800] GC(1679) Concurrent Undo Cycle 5.078ms
[2024-08-29T23:15:59.982+0800] GC(1680) Pause Young (Concurrent Start) (G1 Humongous Allocation)
[2024-08-29T23:15:59.982+0800] GC(1680) Using 8 workers of 8 for evacuation
[2024-08-29T23:15:59.983+0800] GC(1680)   Pre Evacuate Collection Set: 0.2ms
[2024-08-29T23:15:59.983+0800] GC(1680)   Merge Heap Roots: 0.1ms
[2024-08-29T23:15:59.983+0800] GC(1680)   Evacuate Collection Set: 0.3ms
[2024-08-29T23:15:59.983+0800] GC(1680)   Post Evacuate Collection Set: 0.3ms
[2024-08-29T23:15:59.983+0800] GC(1680)   Other: 0.2ms
[2024-08-29T23:15:59.983+0800] GC(1680) Eden regions: 4->0(1085)
[2024-08-29T23:15:59.983+0800] GC(1680) Survivor regions: 0->0(131)
[2024-08-29T23:15:59.983+0800] GC(1680) Old regions: 1->1
[2024-08-29T23:15:59.983+0800] GC(1680) Archive regions: 2->2
[2024-08-29T23:15:59.983+0800] GC(1680) Humongous regions: 916->754
[2024-08-29T23:15:59.983+0800] GC(1680) Metaspace: 1627K(1792K)->1627K(1792K) NonClass: 1508K(1600K)->1508K(1600K) Class: 119K(192K)->119K(192K)
[2024-08-29T23:15:59.983+0800] GC(1680) Pause Young (Concurrent Start) (G1 Humongous Allocation) 921M->755M(2048M) 1.349ms
[2024-08-29T23:15:59.983+0800] GC(1680) User=0.00s Sys=0.01s Real=0.01s
[2024-08-29T23:15:59.983+0800] GC(1681) Concurrent Undo Cycle
[2024-08-29T23:15:59.983+0800] GC(1681) Concurrent Cleanup for Next Mark
[2024-08-29T23:15:59.988+0800] GC(1681) Concurrent Cleanup for Next Mark 4.536ms
[2024-08-29T23:15:59.988+0800] GC(1681) Concurrent Undo Cycle 4.731ms
[2024-08-29T23:16:00.074+0800] GC(1682) Pause Young (Concurrent Start) (G1 Humongous Allocation)
[2024-08-29T23:16:00.074+0800] GC(1682) Using 8 workers of 8 for evacuation
[2024-08-29T23:16:00.075+0800] GC(1682)   Pre Evacuate Collection Set: 0.3ms
[2024-08-29T23:16:00.075+0800] GC(1682)   Merge Heap Roots: 0.1ms
[2024-08-29T23:16:00.075+0800] GC(1682)   Evacuate Collection Set: 0.4ms
[2024-08-29T23:16:00.075+0800] GC(1682)   Post Evacuate Collection Set: 0.5ms
[2024-08-29T23:16:00.075+0800] GC(1682)   Other: 0.2ms
[2024-08-29T23:16:00.075+0800] GC(1682) Eden regions: 4->0(1223)
[2024-08-29T23:16:00.075+0800] GC(1682) Survivor regions: 0->0(136)
[2024-08-29T23:16:00.075+0800] GC(1682) Old regions: 1->1
[2024-08-29T23:16:00.075+0800] GC(1682) Archive regions: 2->2
[2024-08-29T23:16:00.075+0800] GC(1682) Humongous regions: 919->616
[2024-08-29T23:16:00.075+0800] GC(1682) Metaspace: 1627K(1792K)->1627K(1792K) NonClass: 1508K(1600K)->1508K(1600K) Class: 119K(192K)->119K(192K)
[2024-08-29T23:16:00.075+0800] GC(1682) Pause Young (Concurrent Start) (G1 Humongous Allocation) 924M->617M(2048M) 1.632ms
[2024-08-29T23:16:00.075+0800] GC(1682) User=0.00s Sys=0.00s Real=0.00s
[2024-08-29T23:16:00.076+0800] GC(1683) Concurrent Undo Cycle
[2024-08-29T23:16:00.076+0800] GC(1683) Concurrent Cleanup for Next Mark
[2024-08-29T23:16:00.082+0800] GC(1683) Concurrent Cleanup for Next Mark 6.203ms
[2024-08-29T23:16:00.082+0800] GC(1683) Concurrent Undo Cycle 6.299ms
[2024-08-29T23:16:00.206+0800] GC(1684) Pause Young (Concurrent Start) (G1 Humongous Allocation)
[2024-08-29T23:16:00.206+0800] GC(1684) Using 8 workers of 8 for evacuation
[2024-08-29T23:16:00.207+0800] GC(1684)   Pre Evacuate Collection Set: 0.3ms
[2024-08-29T23:16:00.207+0800] GC(1684)   Merge Heap Roots: 0.1ms
[2024-08-29T23:16:00.207+0800] GC(1684)   Evacuate Collection Set: 0.5ms
[2024-08-29T23:16:00.207+0800] GC(1684)   Post Evacuate Collection Set: 0.5ms
[2024-08-29T23:16:00.207+0800] GC(1684)   Other: 0.2ms
[2024-08-29T23:16:00.207+0800] GC(1684) Eden regions: 4->0(1216)
[2024-08-29T23:16:00.207+0800] GC(1684) Survivor regions: 0->0(153)
[2024-08-29T23:16:00.207+0800] GC(1684) Old regions: 1->1
[2024-08-29T23:16:00.207+0800] GC(1684) Archive regions: 2->2
[2024-08-29T23:16:00.207+0800] GC(1684) Humongous regions: 916->623
[2024-08-29T23:16:00.207+0800] GC(1684) Metaspace: 1627K(1792K)->1627K(1792K) NonClass: 1508K(1600K)->1508K(1600K) Class: 119K(192K)->119K(192K)
[2024-08-29T23:16:00.207+0800] GC(1684) Pause Young (Concurrent Start) (G1 Humongous Allocation) 921M->624M(2048M) 1.689ms
[2024-08-29T23:16:00.207+0800] GC(1684) User=0.01s Sys=0.00s Real=0.00s
[2024-08-29T23:16:00.207+0800] GC(1685) Concurrent Undo Cycle
[2024-08-29T23:16:00.207+0800] GC(1685) Concurrent Cleanup for Next Mark
[2024-08-29T23:16:00.213+0800] GC(1685) Concurrent Cleanup for Next Mark 5.215ms
[2024-08-29T23:16:00.213+0800] GC(1685) Concurrent Undo Cycle 5.400ms
[2024-08-29T23:16:00.330+0800] GC(1686) Pause Young (Concurrent Start) (G1 Humongous Allocation)
[2024-08-29T23:16:00.330+0800] GC(1686) Using 8 workers of 8 for evacuation
[2024-08-29T23:16:00.331+0800] GC(1686)   Pre Evacuate Collection Set: 0.2ms
[2024-08-29T23:16:00.331+0800] GC(1686)   Merge Heap Roots: 0.1ms
[2024-08-29T23:16:00.331+0800] GC(1686)   Evacuate Collection Set: 0.6ms
[2024-08-29T23:16:00.331+0800] GC(1686)   Post Evacuate Collection Set: 0.5ms
[2024-08-29T23:16:00.332+0800] GC(1686)   Other: 0.2ms
[2024-08-29T23:16:00.332+0800] GC(1686) Eden regions: 4->0(1210)
[2024-08-29T23:16:00.332+0800] GC(1686) Survivor regions: 0->0(152)
[2024-08-29T23:16:00.332+0800] GC(1686) Old regions: 1->1
[2024-08-29T23:16:00.332+0800] GC(1686) Archive regions: 2->2
[2024-08-29T23:16:00.332+0800] GC(1686) Humongous regions: 916->629
[2024-08-29T23:16:00.332+0800] GC(1686) Metaspace: 1627K(1792K)->1627K(1792K) NonClass: 1508K(1600K)->1508K(1600K) Class: 119K(192K)->119K(192K)
[2024-08-29T23:16:00.332+0800] GC(1686) Pause Young (Concurrent Start) (G1 Humongous Allocation) 921M->630M(2048M) 1.859ms
[2024-08-29T23:16:00.332+0800] GC(1686) User=0.00s Sys=0.00s Real=0.00s
[2024-08-29T23:16:00.332+0800] GC(1687) Concurrent Undo Cycle
[2024-08-29T23:16:00.332+0800] GC(1687) Concurrent Cleanup for Next Mark
[2024-08-29T23:16:00.337+0800] GC(1687) Concurrent Cleanup for Next Mark 4.864ms
[2024-08-29T23:16:00.337+0800] GC(1687) Concurrent Undo Cycle 4.977ms
[2024-08-29T23:16:00.455+0800] GC(1688) Pause Young (Concurrent Start) (G1 Humongous Allocation)
[2024-08-29T23:16:00.455+0800] GC(1688) Using 8 workers of 8 for evacuation
[2024-08-29T23:16:00.457+0800] GC(1688)   Pre Evacuate Collection Set: 0.2ms
[2024-08-29T23:16:00.457+0800] GC(1688)   Merge Heap Roots: 0.2ms
[2024-08-29T23:16:00.457+0800] GC(1688)   Evacuate Collection Set: 0.9ms
[2024-08-29T23:16:00.457+0800] GC(1688)   Post Evacuate Collection Set: 0.5ms
[2024-08-29T23:16:00.457+0800] GC(1688)   Other: 0.3ms
[2024-08-29T23:16:00.457+0800] GC(1688) Eden regions: 4->0(1205)
[2024-08-29T23:16:00.457+0800] GC(1688) Survivor regions: 0->0(152)
[2024-08-29T23:16:00.457+0800] GC(1688) Old regions: 1->1
[2024-08-29T23:16:00.457+0800] GC(1688) Archive regions: 2->2
[2024-08-29T23:16:00.457+0800] GC(1688) Humongous regions: 918->634
[2024-08-29T23:16:00.457+0800] GC(1688) Metaspace: 1627K(1792K)->1627K(1792K) NonClass: 1508K(1600K)->1508K(1600K) Class: 119K(192K)->119K(192K)
[2024-08-29T23:16:00.457+0800] GC(1688) Pause Young (Concurrent Start) (G1 Humongous Allocation) 923M->635M(2048M) 2.163ms
[2024-08-29T23:16:00.458+0800] GC(1688) User=0.00s Sys=0.01s Real=0.00s
[2024-08-29T23:16:00.458+0800] GC(1689) Concurrent Undo Cycle
[2024-08-29T23:16:00.458+0800] GC(1689) Concurrent Cleanup for Next Mark
[2024-08-29T23:16:00.464+0800] GC(1689) Concurrent Cleanup for Next Mark 6.306ms
[2024-08-29T23:16:00.464+0800] GC(1689) Concurrent Undo Cycle 6.413ms
[2024-08-29T23:16:00.572+0800] GC(1690) Pause Young (Concurrent Start) (G1 Humongous Allocation)
[2024-08-29T23:16:00.572+0800] GC(1690) Using 8 workers of 8 for evacuation
[2024-08-29T23:16:00.574+0800] GC(1690)   Pre Evacuate Collection Set: 0.2ms
[2024-08-29T23:16:00.574+0800] GC(1690)   Merge Heap Roots: 0.2ms
[2024-08-29T23:16:00.574+0800] GC(1690)   Evacuate Collection Set: 0.6ms
[2024-08-29T23:16:00.574+0800] GC(1690)   Post Evacuate Collection Set: 0.4ms
[2024-08-29T23:16:00.574+0800] GC(1690)   Other: 0.2ms
[2024-08-29T23:16:00.574+0800] GC(1690) Eden regions: 4->0(1145)
[2024-08-29T23:16:00.574+0800] GC(1690) Survivor regions: 0->0(151)
[2024-08-29T23:16:00.574+0800] GC(1690) Old regions: 1->1
[2024-08-29T23:16:00.574+0800] GC(1690) Archive regions: 2->2
[2024-08-29T23:16:00.574+0800] GC(1690) Humongous regions: 915->694
[2024-08-29T23:16:00.574+0800] GC(1690) Metaspace: 1627K(1792K)->1627K(1792K) NonClass: 1508K(1600K)->1508K(1600K) Class: 119K(192K)->119K(192K)
[2024-08-29T23:16:00.574+0800] GC(1690) Pause Young (Concurrent Start) (G1 Humongous Allocation) 920M->695M(2048M) 1.769ms
[2024-08-29T23:16:00.574+0800] GC(1690) User=0.00s Sys=0.01s Real=0.01s
[2024-08-29T23:16:00.574+0800] GC(1691) Concurrent Undo Cycle
[2024-08-29T23:16:00.574+0800] GC(1691) Concurrent Cleanup for Next Mark
[2024-08-29T23:16:00.578+0800] GC(1691) Concurrent Cleanup for Next Mark 4.211ms
[2024-08-29T23:16:00.578+0800] GC(1691) Concurrent Undo Cycle 4.264ms
[2024-08-29T23:16:00.658+0800] GC(1692) Pause Young (Concurrent Start) (G1 Humongous Allocation)
[2024-08-29T23:16:00.659+0800] GC(1692) Using 8 workers of 8 for evacuation
[2024-08-29T23:16:00.660+0800] GC(1692)   Pre Evacuate Collection Set: 0.4ms
[2024-08-29T23:16:00.660+0800] GC(1692)   Merge Heap Roots: 0.4ms
[2024-08-29T23:16:00.660+0800] GC(1692)   Evacuate Collection Set: 0.4ms
[2024-08-29T23:16:00.660+0800] GC(1692)   Post Evacuate Collection Set: 0.4ms
[2024-08-29T23:16:00.660+0800] GC(1692)   Other: 0.4ms
[2024-08-29T23:16:00.660+0800] GC(1692) Eden regions: 4->0(1119)
[2024-08-29T23:16:00.660+0800] GC(1692) Survivor regions: 0->0(144)
[2024-08-29T23:16:00.660+0800] GC(1692) Old regions: 1->1
[2024-08-29T23:16:00.660+0800] GC(1692) Archive regions: 2->2
[2024-08-29T23:16:00.660+0800] GC(1692) Humongous regions: 919->720
[2024-08-29T23:16:00.660+0800] GC(1692) Metaspace: 1627K(1792K)->1627K(1792K) NonClass: 1508K(1600K)->1508K(1600K) Class: 119K(192K)->119K(192K)
[2024-08-29T23:16:00.660+0800] GC(1692) Pause Young (Concurrent Start) (G1 Humongous Allocation) 924M->721M(2048M) 2.019ms
[2024-08-29T23:16:00.660+0800] GC(1692) User=0.00s Sys=0.00s Real=0.00s
[2024-08-29T23:16:00.660+0800] GC(1693) Concurrent Undo Cycle
[2024-08-29T23:16:00.660+0800] GC(1693) Concurrent Cleanup for Next Mark
[2024-08-29T23:16:00.666+0800] GC(1693) Concurrent Cleanup for Next Mark 5.112ms
[2024-08-29T23:16:00.666+0800] GC(1693) Concurrent Undo Cycle 5.203ms
[2024-08-29T23:16:00.735+0800] GC(1694) Pause Young (Concurrent Start) (G1 Humongous Allocation)
[2024-08-29T23:16:00.735+0800] GC(1694) Using 8 workers of 8 for evacuation
[2024-08-29T23:16:00.737+0800] GC(1694)   Pre Evacuate Collection Set: 0.4ms
[2024-08-29T23:16:00.737+0800] GC(1694)   Merge Heap Roots: 0.1ms
[2024-08-29T23:16:00.737+0800] GC(1694)   Evacuate Collection Set: 0.4ms
[2024-08-29T23:16:00.737+0800] GC(1694)   Post Evacuate Collection Set: 0.4ms
[2024-08-29T23:16:00.737+0800] GC(1694)   Other: 0.3ms
[2024-08-29T23:16:00.737+0800] GC(1694) Eden regions: 4->0(1095)
[2024-08-29T23:16:00.737+0800] GC(1694) Survivor regions: 0->0(140)
[2024-08-29T23:16:00.737+0800] GC(1694) Old regions: 1->1
[2024-08-29T23:16:00.737+0800] GC(1694) Archive regions: 2->2
[2024-08-29T23:16:00.737+0800] GC(1694) Humongous regions: 918->744
[2024-08-29T23:16:00.737+0800] GC(1694) Metaspace: 1627K(1792K)->1627K(1792K) NonClass: 1508K(1600K)->1508K(1600K) Class: 119K(192K)->119K(192K)
[2024-08-29T23:16:00.737+0800] GC(1694) Pause Young (Concurrent Start) (G1 Humongous Allocation) 923M->745M(2048M) 1.688ms
[2024-08-29T23:16:00.737+0800] GC(1694) User=0.00s Sys=0.00s Real=0.00s
[2024-08-29T23:16:00.737+0800] GC(1695) Concurrent Undo Cycle
[2024-08-29T23:16:00.737+0800] GC(1695) Concurrent Cleanup for Next Mark
[2024-08-29T23:16:00.741+0800] GC(1695) Concurrent Cleanup for Next Mark 4.138ms
[2024-08-29T23:16:00.741+0800] GC(1695) Concurrent Undo Cycle 4.275ms
[2024-08-29T23:16:00.826+0800] GC(1696) Pause Young (Concurrent Start) (G1 Humongous Allocation)
[2024-08-29T23:16:00.826+0800] GC(1696) Using 8 workers of 8 for evacuation
[2024-08-29T23:16:00.827+0800] GC(1696)   Pre Evacuate Collection Set: 0.2ms
[2024-08-29T23:16:00.827+0800] GC(1696)   Merge Heap Roots: 0.1ms
[2024-08-29T23:16:00.827+0800] GC(1696)   Evacuate Collection Set: 0.4ms
[2024-08-29T23:16:00.827+0800] GC(1696)   Post Evacuate Collection Set: 0.5ms
[2024-08-29T23:16:00.827+0800] GC(1696)   Other: 0.2ms
[2024-08-29T23:16:00.827+0800] GC(1696) Eden regions: 4->0(1165)
[2024-08-29T23:16:00.827+0800] GC(1696) Survivor regions: 0->0(137)
[2024-08-29T23:16:00.827+0800] GC(1696) Old regions: 1->1
[2024-08-29T23:16:00.827+0800] GC(1696) Archive regions: 2->2
[2024-08-29T23:16:00.827+0800] GC(1696) Humongous regions: 919->674
[2024-08-29T23:16:00.828+0800] GC(1696) Metaspace: 1627K(1792K)->1627K(1792K) NonClass: 1508K(1600K)->1508K(1600K) Class: 119K(192K)->119K(192K)
[2024-08-29T23:16:00.828+0800] GC(1696) Pause Young (Concurrent Start) (G1 Humongous Allocation) 924M->675M(2048M) 1.537ms
[2024-08-29T23:16:00.828+0800] GC(1696) User=0.00s Sys=0.00s Real=0.00s
[2024-08-29T23:16:00.828+0800] GC(1697) Concurrent Undo Cycle
[2024-08-29T23:16:00.828+0800] GC(1697) Concurrent Cleanup for Next Mark
[2024-08-29T23:16:00.832+0800] GC(1697) Concurrent Cleanup for Next Mark 4.229ms
[2024-08-29T23:16:00.832+0800] GC(1697) Concurrent Undo Cycle 4.329ms
[2024-08-29T23:16:00.920+0800] GC(1698) Pause Young (Concurrent Start) (G1 Humongous Allocation)
[2024-08-29T23:16:00.920+0800] GC(1698) Using 8 workers of 8 for evacuation
[2024-08-29T23:16:00.922+0800] GC(1698)   Pre Evacuate Collection Set: 0.2ms
[2024-08-29T23:16:00.922+0800] GC(1698)   Merge Heap Roots: 0.1ms
[2024-08-29T23:16:00.922+0800] GC(1698)   Evacuate Collection Set: 0.5ms
[2024-08-29T23:16:00.922+0800] GC(1698)   Post Evacuate Collection Set: 0.5ms
[2024-08-29T23:16:00.922+0800] GC(1698)   Other: 0.3ms
[2024-08-29T23:16:00.922+0800] GC(1698) Eden regions: 4->0(1183)
[2024-08-29T23:16:00.922+0800] GC(1698) Survivor regions: 0->0(146)
[2024-08-29T23:16:00.922+0800] GC(1698) Old regions: 1->1
[2024-08-29T23:16:00.922+0800] GC(1698) Archive regions: 2->2
[2024-08-29T23:16:00.922+0800] GC(1698) Humongous regions: 917->656
[2024-08-29T23:16:00.922+0800] GC(1698) Metaspace: 1627K(1792K)->1627K(1792K) NonClass: 1508K(1600K)->1508K(1600K) Class: 119K(192K)->119K(192K)
[2024-08-29T23:16:00.922+0800] GC(1698) Pause Young (Concurrent Start) (G1 Humongous Allocation) 922M->657M(2048M) 1.677ms
[2024-08-29T23:16:00.922+0800] GC(1698) User=0.00s Sys=0.01s Real=0.00s
[2024-08-29T23:16:00.922+0800] GC(1699) Concurrent Undo Cycle
[2024-08-29T23:16:00.922+0800] GC(1699) Concurrent Cleanup for Next Mark
[2024-08-29T23:16:00.928+0800] GC(1699) Concurrent Cleanup for Next Mark 6.591ms
[2024-08-29T23:16:00.929+0800] GC(1699) Concurrent Undo Cycle 6.723ms
[2024-08-29T23:16:01.042+0800] GC(1700) Pause Young (Concurrent Start) (G1 Humongous Allocation)
[2024-08-29T23:16:01.042+0800] GC(1700) Using 8 workers of 8 for evacuation
[2024-08-29T23:16:01.044+0800] GC(1700)   Pre Evacuate Collection Set: 0.3ms
[2024-08-29T23:16:01.044+0800] GC(1700)   Merge Heap Roots: 0.1ms
[2024-08-29T23:16:01.044+0800] GC(1700)   Evacuate Collection Set: 0.5ms
[2024-08-29T23:16:01.044+0800] GC(1700)   Post Evacuate Collection Set: 0.5ms
[2024-08-29T23:16:01.044+0800] GC(1700)   Other: 0.2ms
[2024-08-29T23:16:01.044+0800] GC(1700) Eden regions: 4->0(1228)
[2024-08-29T23:16:01.044+0800] GC(1700) Survivor regions: 0->0(148)
[2024-08-29T23:16:01.044+0800] GC(1700) Old regions: 1->1
[2024-08-29T23:16:01.044+0800] GC(1700) Archive regions: 2->2
[2024-08-29T23:16:01.044+0800] GC(1700) Humongous regions: 917->565
[2024-08-29T23:16:01.044+0800] GC(1700) Metaspace: 1627K(1792K)->1627K(1792K) NonClass: 1508K(1600K)->1508K(1600K) Class: 119K(192K)->119K(192K)
[2024-08-29T23:16:01.044+0800] GC(1700) Pause Young (Concurrent Start) (G1 Humongous Allocation) 922M->566M(2048M) 1.652ms
[2024-08-29T23:16:01.044+0800] GC(1700) User=0.00s Sys=0.00s Real=0.01s
[2024-08-29T23:16:01.044+0800] GC(1701) Concurrent Undo Cycle
[2024-08-29T23:16:01.044+0800] GC(1701) Concurrent Cleanup for Next Mark
[2024-08-29T23:16:01.049+0800] GC(1701) Concurrent Cleanup for Next Mark 4.744ms
[2024-08-29T23:16:01.049+0800] GC(1701) Concurrent Undo Cycle 4.837ms
[2024-08-29T23:16:01.188+0800] GC(1702) Pause Young (Concurrent Start) (G1 Humongous Allocation)
[2024-08-29T23:16:01.189+0800] GC(1702) Using 8 workers of 8 for evacuation
[2024-08-29T23:16:01.190+0800] GC(1702)   Pre Evacuate Collection Set: 0.2ms
[2024-08-29T23:16:01.190+0800] GC(1702)   Merge Heap Roots: 0.1ms
[2024-08-29T23:16:01.190+0800] GC(1702)   Evacuate Collection Set: 0.5ms
[2024-08-29T23:16:01.190+0800] GC(1702)   Post Evacuate Collection Set: 0.6ms
[2024-08-29T23:16:01.190+0800] GC(1702)   Other: 0.2ms
[2024-08-29T23:16:01.190+0800] GC(1702) Eden regions: 4->0(1228)
[2024-08-29T23:16:01.190+0800] GC(1702) Survivor regions: 0->0(154)
[2024-08-29T23:16:01.190+0800] GC(1702) Old regions: 1->1
[2024-08-29T23:16:01.190+0800] GC(1702) Archive regions: 2->2
[2024-08-29T23:16:01.190+0800] GC(1702) Humongous regions: 919->589
[2024-08-29T23:16:01.190+0800] GC(1702) Metaspace: 1627K(1792K)->1627K(1792K) NonClass: 1508K(1600K)->1508K(1600K) Class: 119K(192K)->119K(192K)
[2024-08-29T23:16:01.190+0800] GC(1702) Pause Young (Concurrent Start) (G1 Humongous Allocation) 924M->590M(2048M) 1.832ms
[2024-08-29T23:16:01.190+0800] GC(1702) User=0.00s Sys=0.00s Real=0.00s
[2024-08-29T23:16:01.190+0800] GC(1703) Concurrent Undo Cycle
[2024-08-29T23:16:01.190+0800] GC(1703) Concurrent Cleanup for Next Mark
[2024-08-29T23:16:01.196+0800] GC(1703) Concurrent Cleanup for Next Mark 5.474ms
[2024-08-29T23:16:01.196+0800] GC(1703) Concurrent Undo Cycle 5.630ms
[2024-08-29T23:16:01.347+0800] GC(1704) Pause Young (Concurrent Start) (G1 Humongous Allocation)
[2024-08-29T23:16:01.347+0800] GC(1704) Using 8 workers of 8 for evacuation
[2024-08-29T23:16:01.349+0800] GC(1704)   Pre Evacuate Collection Set: 0.3ms
[2024-08-29T23:16:01.349+0800] GC(1704)   Merge Heap Roots: 0.1ms
[2024-08-29T23:16:01.349+0800] GC(1704)   Evacuate Collection Set: 0.4ms
[2024-08-29T23:16:01.349+0800] GC(1704)   Post Evacuate Collection Set: 0.5ms
[2024-08-29T23:16:01.349+0800] GC(1704)   Other: 0.3ms
[2024-08-29T23:16:01.349+0800] GC(1704) Eden regions: 4->0(1228)
[2024-08-29T23:16:01.349+0800] GC(1704) Survivor regions: 0->0(154)
[2024-08-29T23:16:01.349+0800] GC(1704) Old regions: 1->1
[2024-08-29T23:16:01.349+0800] GC(1704) Archive regions: 2->2
[2024-08-29T23:16:01.349+0800] GC(1704) Humongous regions: 917->539
[2024-08-29T23:16:01.349+0800] GC(1704) Metaspace: 1627K(1792K)->1627K(1792K) NonClass: 1508K(1600K)->1508K(1600K) Class: 119K(192K)->119K(192K)
[2024-08-29T23:16:01.349+0800] GC(1704) Pause Young (Concurrent Start) (G1 Humongous Allocation) 922M->540M(2048M) 1.662ms
[2024-08-29T23:16:01.349+0800] GC(1704) User=0.00s Sys=0.01s Real=0.00s
[2024-08-29T23:16:01.349+0800] GC(1705) Concurrent Undo Cycle
[2024-08-29T23:16:01.349+0800] GC(1705) Concurrent Cleanup for Next Mark
[2024-08-29T23:16:01.354+0800] GC(1705) Concurrent Cleanup for Next Mark 4.818ms
[2024-08-29T23:16:01.354+0800] GC(1705) Concurrent Undo Cycle 4.892ms
[2024-08-29T23:16:01.509+0800] GC(1706) Pause Young (Concurrent Start) (G1 Humongous Allocation)
[2024-08-29T23:16:01.509+0800] GC(1706) Using 8 workers of 8 for evacuation
[2024-08-29T23:16:01.511+0800] GC(1706)   Pre Evacuate Collection Set: 0.3ms
[2024-08-29T23:16:01.511+0800] GC(1706)   Merge Heap Roots: 0.2ms
[2024-08-29T23:16:01.511+0800] GC(1706)   Evacuate Collection Set: 0.9ms
[2024-08-29T23:16:01.511+0800] GC(1706)   Post Evacuate Collection Set: 0.4ms
[2024-08-29T23:16:01.511+0800] GC(1706)   Other: 0.2ms
[2024-08-29T23:16:01.511+0800] GC(1706) Eden regions: 4->0(1228)
[2024-08-29T23:16:01.511+0800] GC(1706) Survivor regions: 0->0(154)
[2024-08-29T23:16:01.511+0800] GC(1706) Old regions: 1->1
[2024-08-29T23:16:01.511+0800] GC(1706) Archive regions: 2->2
[2024-08-29T23:16:01.511+0800] GC(1706) Humongous regions: 916->541
[2024-08-29T23:16:01.511+0800] GC(1706) Metaspace: 1627K(1792K)->1627K(1792K) NonClass: 1508K(1600K)->1508K(1600K) Class: 119K(192K)->119K(192K)
[2024-08-29T23:16:01.511+0800] GC(1706) Pause Young (Concurrent Start) (G1 Humongous Allocation) 921M->542M(2048M) 2.162ms
[2024-08-29T23:16:01.511+0800] GC(1706) User=0.00s Sys=0.00s Real=0.00s
[2024-08-29T23:16:01.511+0800] GC(1707) Concurrent Undo Cycle
[2024-08-29T23:16:01.511+0800] GC(1707) Concurrent Cleanup for Next Mark
[2024-08-29T23:16:01.519+0800] GC(1707) Concurrent Cleanup for Next Mark 7.441ms
[2024-08-29T23:16:01.519+0800] GC(1707) Concurrent Undo Cycle 7.561ms
[2024-08-29T23:16:01.659+0800] GC(1708) Pause Young (Concurrent Start) (G1 Humongous Allocation)
[2024-08-29T23:16:01.659+0800] GC(1708) Using 8 workers of 8 for evacuation
[2024-08-29T23:16:01.662+0800] GC(1708)   Pre Evacuate Collection Set: 0.2ms
[2024-08-29T23:16:01.662+0800] GC(1708)   Merge Heap Roots: 0.1ms
[2024-08-29T23:16:01.662+0800] GC(1708)   Evacuate Collection Set: 0.5ms
[2024-08-29T23:16:01.662+0800] GC(1708)   Post Evacuate Collection Set: 1.3ms
[2024-08-29T23:16:01.662+0800] GC(1708)   Other: 0.3ms
[2024-08-29T23:16:01.662+0800] GC(1708) Eden regions: 4->0(1228)
[2024-08-29T23:16:01.662+0800] GC(1708) Survivor regions: 0->0(154)
[2024-08-29T23:16:01.662+0800] GC(1708) Old regions: 1->1
[2024-08-29T23:16:01.662+0800] GC(1708) Archive regions: 2->2
[2024-08-29T23:16:01.662+0800] GC(1708) Humongous regions: 918->603
[2024-08-29T23:16:01.662+0800] GC(1708) Metaspace: 1627K(1792K)->1627K(1792K) NonClass: 1508K(1600K)->1508K(1600K) Class: 119K(192K)->119K(192K)
[2024-08-29T23:16:01.662+0800] GC(1708) Pause Young (Concurrent Start) (G1 Humongous Allocation) 923M->604M(2048M) 2.521ms
[2024-08-29T23:16:01.662+0800] GC(1708) User=0.00s Sys=0.00s Real=0.00s
[2024-08-29T23:16:01.662+0800] GC(1709) Concurrent Undo Cycle
[2024-08-29T23:16:01.662+0800] GC(1709) Concurrent Cleanup for Next Mark
[2024-08-29T23:16:01.669+0800] GC(1709) Concurrent Cleanup for Next Mark 6.809ms
[2024-08-29T23:16:01.669+0800] GC(1709) Concurrent Undo Cycle 6.984ms
[2024-08-29T23:16:01.798+0800] GC(1710) Pause Young (Concurrent Start) (G1 Humongous Allocation)
[2024-08-29T23:16:01.799+0800] GC(1710) Using 8 workers of 8 for evacuation
[2024-08-29T23:16:01.800+0800] GC(1710)   Pre Evacuate Collection Set: 0.4ms
[2024-08-29T23:16:01.800+0800] GC(1710)   Merge Heap Roots: 0.1ms
[2024-08-29T23:16:01.800+0800] GC(1710)   Evacuate Collection Set: 0.5ms
[2024-08-29T23:16:01.800+0800] GC(1710)   Post Evacuate Collection Set: 0.5ms
[2024-08-29T23:16:01.800+0800] GC(1710)   Other: 0.3ms
[2024-08-29T23:16:01.800+0800] GC(1710) Eden regions: 4->0(1228)
[2024-08-29T23:16:01.800+0800] GC(1710) Survivor regions: 0->0(154)
[2024-08-29T23:16:01.800+0800] GC(1710) Old regions: 1->1
[2024-08-29T23:16:01.800+0800] GC(1710) Archive regions: 2->2
[2024-08-29T23:16:01.800+0800] GC(1710) Humongous regions: 916->600
[2024-08-29T23:16:01.800+0800] GC(1710) Metaspace: 1627K(1792K)->1627K(1792K) NonClass: 1508K(1600K)->1508K(1600K) Class: 119K(192K)->119K(192K)
[2024-08-29T23:16:01.800+0800] GC(1710) Pause Young (Concurrent Start) (G1 Humongous Allocation) 921M->601M(2048M) 1.900ms
[2024-08-29T23:16:01.800+0800] GC(1710) User=0.00s Sys=0.00s Real=0.00s
[2024-08-29T23:16:01.801+0800] GC(1711) Concurrent Undo Cycle
[2024-08-29T23:16:01.801+0800] GC(1711) Concurrent Cleanup for Next Mark
[2024-08-29T23:16:01.807+0800] GC(1711) Concurrent Cleanup for Next Mark 6.188ms
[2024-08-29T23:16:01.807+0800] GC(1711) Concurrent Undo Cycle 6.373ms
[2024-08-29T23:16:01.930+0800] GC(1712) Pause Young (Concurrent Start) (G1 Humongous Allocation)
[2024-08-29T23:16:01.930+0800] GC(1712) Using 8 workers of 8 for evacuation
[2024-08-29T23:16:01.932+0800] GC(1712)   Pre Evacuate Collection Set: 0.4ms
[2024-08-29T23:16:01.932+0800] GC(1712)   Merge Heap Roots: 0.1ms
[2024-08-29T23:16:01.932+0800] GC(1712)   Evacuate Collection Set: 0.4ms
[2024-08-29T23:16:01.932+0800] GC(1712)   Post Evacuate Collection Set: 0.4ms
[2024-08-29T23:16:01.932+0800] GC(1712)   Other: 0.2ms
[2024-08-29T23:16:01.932+0800] GC(1712) Eden regions: 4->0(1228)
[2024-08-29T23:16:01.932+0800] GC(1712) Survivor regions: 0->0(154)
[2024-08-29T23:16:01.932+0800] GC(1712) Old regions: 1->1
[2024-08-29T23:16:01.932+0800] GC(1712) Archive regions: 2->2
[2024-08-29T23:16:01.932+0800] GC(1712) Humongous regions: 918->596
[2024-08-29T23:16:01.932+0800] GC(1712) Metaspace: 1627K(1792K)->1627K(1792K) NonClass: 1508K(1600K)->1508K(1600K) Class: 119K(192K)->119K(192K)
[2024-08-29T23:16:01.932+0800] GC(1712) Pause Young (Concurrent Start) (G1 Humongous Allocation) 923M->597M(2048M) 1.583ms
[2024-08-29T23:16:01.932+0800] GC(1712) User=0.00s Sys=0.00s Real=0.00s
[2024-08-29T23:16:01.932+0800] GC(1713) Concurrent Undo Cycle
[2024-08-29T23:16:01.932+0800] GC(1713) Concurrent Cleanup for Next Mark
[2024-08-29T23:16:01.937+0800] GC(1713) Concurrent Cleanup for Next Mark 5.133ms
[2024-08-29T23:16:01.937+0800] GC(1713) Concurrent Undo Cycle 5.222ms
[2024-08-29T23:16:02.051+0800] GC(1714) Pause Young (Concurrent Start) (G1 Humongous Allocation)
[2024-08-29T23:16:02.051+0800] GC(1714) Using 8 workers of 8 for evacuation
[2024-08-29T23:16:02.053+0800] GC(1714)   Pre Evacuate Collection Set: 0.3ms
[2024-08-29T23:16:02.053+0800] GC(1714)   Merge Heap Roots: 0.1ms
[2024-08-29T23:16:02.053+0800] GC(1714)   Evacuate Collection Set: 0.4ms
[2024-08-29T23:16:02.053+0800] GC(1714)   Post Evacuate Collection Set: 0.4ms
[2024-08-29T23:16:02.053+0800] GC(1714)   Other: 0.3ms
[2024-08-29T23:16:02.053+0800] GC(1714) Eden regions: 4->0(1161)
[2024-08-29T23:16:02.053+0800] GC(1714) Survivor regions: 0->0(154)
[2024-08-29T23:16:02.053+0800] GC(1714) Old regions: 1->1
[2024-08-29T23:16:02.053+0800] GC(1714) Archive regions: 2->2
[2024-08-29T23:16:02.053+0800] GC(1714) Humongous regions: 917->678
[2024-08-29T23:16:02.053+0800] GC(1714) Metaspace: 1627K(1792K)->1627K(1792K) NonClass: 1508K(1600K)->1508K(1600K) Class: 119K(192K)->119K(192K)
[2024-08-29T23:16:02.053+0800] GC(1714) Pause Young (Concurrent Start) (G1 Humongous Allocation) 922M->679M(2048M) 1.529ms
[2024-08-29T23:16:02.053+0800] GC(1714) User=0.00s Sys=0.01s Real=0.01s
[2024-08-29T23:16:02.053+0800] GC(1715) Concurrent Undo Cycle
[2024-08-29T23:16:02.053+0800] GC(1715) Concurrent Cleanup for Next Mark
[2024-08-29T23:16:02.059+0800] GC(1715) Concurrent Cleanup for Next Mark 6.310ms
[2024-08-29T23:16:02.059+0800] GC(1715) Concurrent Undo Cycle 6.498ms
[2024-08-29T23:16:02.148+0800] GC(1716) Pause Young (Concurrent Start) (G1 Humongous Allocation)
[2024-08-29T23:16:02.148+0800] GC(1716) Using 8 workers of 8 for evacuation
[2024-08-29T23:16:02.150+0800] GC(1716)   Pre Evacuate Collection Set: 0.3ms
[2024-08-29T23:16:02.150+0800] GC(1716)   Merge Heap Roots: 0.1ms
[2024-08-29T23:16:02.150+0800] GC(1716)   Evacuate Collection Set: 0.4ms
[2024-08-29T23:16:02.150+0800] GC(1716)   Post Evacuate Collection Set: 0.4ms
[2024-08-29T23:16:02.150+0800] GC(1716)   Other: 0.2ms
[2024-08-29T23:16:02.150+0800] GC(1716) Eden regions: 4->0(1145)
[2024-08-29T23:16:02.150+0800] GC(1716) Survivor regions: 0->0(146)
[2024-08-29T23:16:02.150+0800] GC(1716) Old regions: 1->1
[2024-08-29T23:16:02.150+0800] GC(1716) Archive regions: 2->2
[2024-08-29T23:16:02.150+0800] GC(1716) Humongous regions: 920->694
[2024-08-29T23:16:02.150+0800] GC(1716) Metaspace: 1627K(1792K)->1627K(1792K) NonClass: 1508K(1600K)->1508K(1600K) Class: 119K(192K)->119K(192K)
[2024-08-29T23:16:02.150+0800] GC(1716) Pause Young (Concurrent Start) (G1 Humongous Allocation) 925M->695M(2048M) 1.533ms
[2024-08-29T23:16:02.150+0800] GC(1716) User=0.00s Sys=0.00s Real=0.00s
[2024-08-29T23:16:02.150+0800] GC(1717) Concurrent Undo Cycle
[2024-08-29T23:16:02.150+0800] GC(1717) Concurrent Cleanup for Next Mark
[2024-08-29T23:16:02.155+0800] GC(1717) Concurrent Cleanup for Next Mark 4.895ms
[2024-08-29T23:16:02.155+0800] GC(1717) Concurrent Undo Cycle 4.962ms
[2024-08-29T23:16:02.235+0800] GC(1718) Pause Young (Concurrent Start) (G1 Humongous Allocation)
[2024-08-29T23:16:02.236+0800] GC(1718) Using 8 workers of 8 for evacuation
[2024-08-29T23:16:02.237+0800] GC(1718)   Pre Evacuate Collection Set: 0.5ms
[2024-08-29T23:16:02.237+0800] GC(1718)   Merge Heap Roots: 0.2ms
[2024-08-29T23:16:02.237+0800] GC(1718)   Evacuate Collection Set: 0.4ms
[2024-08-29T23:16:02.237+0800] GC(1718)   Post Evacuate Collection Set: 0.4ms
[2024-08-29T23:16:02.237+0800] GC(1718)   Other: 0.2ms
[2024-08-29T23:16:02.237+0800] GC(1718) Eden regions: 4->0(1143)
[2024-08-29T23:16:02.237+0800] GC(1718) Survivor regions: 0->0(144)
[2024-08-29T23:16:02.237+0800] GC(1718) Old regions: 1->1
[2024-08-29T23:16:02.237+0800] GC(1718) Archive regions: 2->2
[2024-08-29T23:16:02.237+0800] GC(1718) Humongous regions: 916->696
[2024-08-29T23:16:02.237+0800] GC(1718) Metaspace: 1627K(1792K)->1627K(1792K) NonClass: 1508K(1600K)->1508K(1600K) Class: 119K(192K)->119K(192K)
[2024-08-29T23:16:02.237+0800] GC(1718) Pause Young (Concurrent Start) (G1 Humongous Allocation) 921M->697M(2048M) 1.802ms
[2024-08-29T23:16:02.237+0800] GC(1718) User=0.00s Sys=0.01s Real=0.00s
[2024-08-29T23:16:02.237+0800] GC(1719) Concurrent Undo Cycle
[2024-08-29T23:16:02.237+0800] GC(1719) Concurrent Cleanup for Next Mark
[2024-08-29T23:16:02.242+0800] GC(1719) Concurrent Cleanup for Next Mark 4.601ms
[2024-08-29T23:16:02.242+0800] GC(1719) Concurrent Undo Cycle 4.700ms
[2024-08-29T23:16:02.320+0800] GC(1720) Pause Young (Concurrent Start) (G1 Humongous Allocation)
[2024-08-29T23:16:02.320+0800] GC(1720) Using 8 workers of 8 for evacuation
[2024-08-29T23:16:02.321+0800] GC(1720)   Pre Evacuate Collection Set: 0.3ms
[2024-08-29T23:16:02.321+0800] GC(1720)   Merge Heap Roots: 0.2ms
[2024-08-29T23:16:02.321+0800] GC(1720)   Evacuate Collection Set: 0.4ms
[2024-08-29T23:16:02.321+0800] GC(1720)   Post Evacuate Collection Set: 0.4ms
[2024-08-29T23:16:02.321+0800] GC(1720)   Other: 0.3ms
[2024-08-29T23:16:02.321+0800] GC(1720) Eden regions: 4->0(1118)
[2024-08-29T23:16:02.321+0800] GC(1720) Survivor regions: 0->0(143)
[2024-08-29T23:16:02.321+0800] GC(1720) Old regions: 1->1
[2024-08-29T23:16:02.321+0800] GC(1720) Archive regions: 2->2
[2024-08-29T23:16:02.321+0800] GC(1720) Humongous regions: 916->721
[2024-08-29T23:16:02.321+0800] GC(1720) Metaspace: 1627K(1792K)->1627K(1792K) NonClass: 1508K(1600K)->1508K(1600K) Class: 119K(192K)->119K(192K)
[2024-08-29T23:16:02.321+0800] GC(1720) Pause Young (Concurrent Start) (G1 Humongous Allocation) 921M->722M(2048M) 1.617ms
[2024-08-29T23:16:02.321+0800] GC(1720) User=0.00s Sys=0.00s Real=0.00s
[2024-08-29T23:16:02.321+0800] GC(1721) Concurrent Undo Cycle
[2024-08-29T23:16:02.321+0800] GC(1721) Concurrent Cleanup for Next Mark
[2024-08-29T23:16:02.327+0800] GC(1721) Concurrent Cleanup for Next Mark 5.303ms
[2024-08-29T23:16:02.327+0800] GC(1721) Concurrent Undo Cycle 5.402ms
[2024-08-29T23:16:02.383+0800] GC(1722) Pause Young (Concurrent Start) (G1 Humongous Allocation)
[2024-08-29T23:16:02.383+0800] GC(1722) Using 8 workers of 8 for evacuation
[2024-08-29T23:16:02.384+0800] GC(1722)   Pre Evacuate Collection Set: 0.2ms
[2024-08-29T23:16:02.384+0800] GC(1722)   Merge Heap Roots: 0.1ms
[2024-08-29T23:16:02.384+0800] GC(1722)   Evacuate Collection Set: 0.3ms
[2024-08-29T23:16:02.384+0800] GC(1722)   Post Evacuate Collection Set: 0.4ms
[2024-08-29T23:16:02.384+0800] GC(1722)   Other: 0.2ms
[2024-08-29T23:16:02.384+0800] GC(1722) Eden regions: 4->0(1034)
[2024-08-29T23:16:02.384+0800] GC(1722) Survivor regions: 0->0(140)
[2024-08-29T23:16:02.384+0800] GC(1722) Old regions: 1->1
[2024-08-29T23:16:02.384+0800] GC(1722) Archive regions: 2->2
[2024-08-29T23:16:02.384+0800] GC(1722) Humongous regions: 919->805
[2024-08-29T23:16:02.384+0800] GC(1722) Metaspace: 1627K(1792K)->1627K(1792K) NonClass: 1508K(1600K)->1508K(1600K) Class: 119K(192K)->119K(192K)
[2024-08-29T23:16:02.384+0800] GC(1722) Pause Young (Concurrent Start) (G1 Humongous Allocation) 924M->806M(2048M) 1.258ms
[2024-08-29T23:16:02.384+0800] GC(1722) User=0.00s Sys=0.00s Real=0.00s
[2024-08-29T23:16:02.384+0800] GC(1723) Concurrent Undo Cycle
[2024-08-29T23:16:02.384+0800] GC(1723) Concurrent Cleanup for Next Mark
[2024-08-29T23:16:02.387+0800] GC(1723) Concurrent Cleanup for Next Mark 3.192ms
[2024-08-29T23:16:02.387+0800] GC(1723) Concurrent Undo Cycle 3.268ms
[2024-08-29T23:16:02.430+0800] GC(1724) Pause Young (Concurrent Start) (G1 Humongous Allocation)
[2024-08-29T23:16:02.430+0800] GC(1724) Using 8 workers of 8 for evacuation
[2024-08-29T23:16:02.432+0800] GC(1724)   Pre Evacuate Collection Set: 0.2ms
[2024-08-29T23:16:02.432+0800] GC(1724)   Merge Heap Roots: 0.1ms
[2024-08-29T23:16:02.432+0800] GC(1724)   Evacuate Collection Set: 0.4ms
[2024-08-29T23:16:02.432+0800] GC(1724)   Post Evacuate Collection Set: 0.4ms
[2024-08-29T23:16:02.432+0800] GC(1724)   Other: 0.3ms
[2024-08-29T23:16:02.432+0800] GC(1724) Eden regions: 4->0(1049)
[2024-08-29T23:16:02.432+0800] GC(1724) Survivor regions: 0->0(130)
[2024-08-29T23:16:02.432+0800] GC(1724) Old regions: 1->1
[2024-08-29T23:16:02.432+0800] GC(1724) Archive regions: 2->2
[2024-08-29T23:16:02.432+0800] GC(1724) Humongous regions: 918->790
[2024-08-29T23:16:02.432+0800] GC(1724) Metaspace: 1627K(1792K)->1627K(1792K) NonClass: 1508K(1600K)->1508K(1600K) Class: 119K(192K)->119K(192K)
[2024-08-29T23:16:02.432+0800] GC(1724) Pause Young (Concurrent Start) (G1 Humongous Allocation) 923M->791M(2048M) 1.476ms
[2024-08-29T23:16:02.432+0800] GC(1724) User=0.00s Sys=0.00s Real=0.00s
[2024-08-29T23:16:02.432+0800] GC(1725) Concurrent Undo Cycle
[2024-08-29T23:16:02.432+0800] GC(1725) Concurrent Cleanup for Next Mark
[2024-08-29T23:16:02.435+0800] GC(1725) Concurrent Cleanup for Next Mark 3.585ms
[2024-08-29T23:16:02.435+0800] GC(1725) Concurrent Undo Cycle 3.647ms
[2024-08-29T23:16:02.485+0800] GC(1726) Pause Young (Concurrent Start) (G1 Humongous Allocation)
[2024-08-29T23:16:02.485+0800] GC(1726) Using 8 workers of 8 for evacuation
[2024-08-29T23:16:02.487+0800] GC(1726)   Pre Evacuate Collection Set: 0.2ms
[2024-08-29T23:16:02.487+0800] GC(1726)   Merge Heap Roots: 0.1ms
[2024-08-29T23:16:02.487+0800] GC(1726)   Evacuate Collection Set: 0.5ms
[2024-08-29T23:16:02.487+0800] GC(1726)   Post Evacuate Collection Set: 0.4ms
[2024-08-29T23:16:02.487+0800] GC(1726)   Other: 0.3ms
[2024-08-29T23:16:02.487+0800] GC(1726) Eden regions: 4->0(1057)
[2024-08-29T23:16:02.487+0800] GC(1726) Survivor regions: 0->0(132)
[2024-08-29T23:16:02.487+0800] GC(1726) Old regions: 1->1
[2024-08-29T23:16:02.487+0800] GC(1726) Archive regions: 2->2
[2024-08-29T23:16:02.487+0800] GC(1726) Humongous regions: 918->782
[2024-08-29T23:16:02.487+0800] GC(1726) Metaspace: 1627K(1792K)->1627K(1792K) NonClass: 1508K(1600K)->1508K(1600K) Class: 119K(192K)->119K(192K)
[2024-08-29T23:16:02.487+0800] GC(1726) Pause Young (Concurrent Start) (G1 Humongous Allocation) 923M->783M(2048M) 1.511ms
[2024-08-29T23:16:02.487+0800] GC(1726) User=0.00s Sys=0.01s Real=0.00s
[2024-08-29T23:16:02.487+0800] GC(1727) Concurrent Undo Cycle
[2024-08-29T23:16:02.487+0800] GC(1727) Concurrent Cleanup for Next Mark
[2024-08-29T23:16:02.491+0800] GC(1727) Concurrent Cleanup for Next Mark 4.199ms
[2024-08-29T23:16:02.491+0800] GC(1727) Concurrent Undo Cycle 4.416ms
[2024-08-29T23:16:02.562+0800] GC(1728) Pause Young (Concurrent Start) (G1 Humongous Allocation)
[2024-08-29T23:16:02.562+0800] GC(1728) Using 8 workers of 8 for evacuation
[2024-08-29T23:16:02.563+0800] GC(1728)   Pre Evacuate Collection Set: 0.4ms
[2024-08-29T23:16:02.563+0800] GC(1728)   Merge Heap Roots: 0.1ms
[2024-08-29T23:16:02.563+0800] GC(1728)   Evacuate Collection Set: 0.4ms
[2024-08-29T23:16:02.563+0800] GC(1728)   Post Evacuate Collection Set: 0.4ms
[2024-08-29T23:16:02.563+0800] GC(1728)   Other: 0.2ms
[2024-08-29T23:16:02.563+0800] GC(1728) Eden regions: 4->0(1125)
[2024-08-29T23:16:02.563+0800] GC(1728) Survivor regions: 0->0(133)
[2024-08-29T23:16:02.563+0800] GC(1728) Old regions: 1->1
[2024-08-29T23:16:02.563+0800] GC(1728) Archive regions: 2->2
[2024-08-29T23:16:02.563+0800] GC(1728) Humongous regions: 917->714
[2024-08-29T23:16:02.563+0800] GC(1728) Metaspace: 1627K(1792K)->1627K(1792K) NonClass: 1508K(1600K)->1508K(1600K) Class: 119K(192K)->119K(192K)
[2024-08-29T23:16:02.563+0800] GC(1728) Pause Young (Concurrent Start) (G1 Humongous Allocation) 922M->715M(2048M) 1.579ms
[2024-08-29T23:16:02.563+0800] GC(1728) User=0.00s Sys=0.00s Real=0.01s
[2024-08-29T23:16:02.564+0800] GC(1729) Concurrent Undo Cycle
[2024-08-29T23:16:02.564+0800] GC(1729) Concurrent Cleanup for Next Mark
[2024-08-29T23:16:02.569+0800] GC(1729) Concurrent Cleanup for Next Mark 5.600ms
[2024-08-29T23:16:02.569+0800] GC(1729) Concurrent Undo Cycle 5.707ms
[2024-08-29T23:16:02.678+0800] GC(1730) Pause Young (Concurrent Start) (G1 Humongous Allocation)
[2024-08-29T23:16:02.678+0800] GC(1730) Using 8 workers of 8 for evacuation
[2024-08-29T23:16:02.679+0800] GC(1730)   Pre Evacuate Collection Set: 0.3ms
[2024-08-29T23:16:02.679+0800] GC(1730)   Merge Heap Roots: 0.2ms
[2024-08-29T23:16:02.679+0800] GC(1730)   Evacuate Collection Set: 0.4ms
[2024-08-29T23:16:02.679+0800] GC(1730)   Post Evacuate Collection Set: 0.5ms
[2024-08-29T23:16:02.679+0800] GC(1730)   Other: 0.3ms
[2024-08-29T23:16:02.679+0800] GC(1730) Eden regions: 4->0(1228)
[2024-08-29T23:16:02.679+0800] GC(1730) Survivor regions: 0->0(141)
[2024-08-29T23:16:02.679+0800] GC(1730) Old regions: 1->1
[2024-08-29T23:16:02.679+0800] GC(1730) Archive regions: 2->2
[2024-08-29T23:16:02.679+0800] GC(1730) Humongous regions: 915->573
[2024-08-29T23:16:02.680+0800] GC(1730) Metaspace: 1627K(1792K)->1627K(1792K) NonClass: 1508K(1600K)->1508K(1600K) Class: 119K(192K)->119K(192K)
[2024-08-29T23:16:02.680+0800] GC(1730) Pause Young (Concurrent Start) (G1 Humongous Allocation) 920M->574M(2048M) 1.965ms
[2024-08-29T23:16:02.680+0800] GC(1730) User=0.00s Sys=0.00s Real=0.00s
[2024-08-29T23:16:02.680+0800] GC(1731) Concurrent Undo Cycle
[2024-08-29T23:16:02.680+0800] GC(1731) Concurrent Cleanup for Next Mark
[2024-08-29T23:16:02.684+0800] GC(1731) Concurrent Cleanup for Next Mark 4.155ms
[2024-08-29T23:16:02.684+0800] GC(1731) Concurrent Undo Cycle 4.259ms
[2024-08-29T23:16:02.830+0800] GC(1732) Pause Young (Concurrent Start) (G1 Humongous Allocation)
[2024-08-29T23:16:02.830+0800] GC(1732) Using 8 workers of 8 for evacuation
[2024-08-29T23:16:02.832+0800] GC(1732)   Pre Evacuate Collection Set: 0.4ms
[2024-08-29T23:16:02.832+0800] GC(1732)   Merge Heap Roots: 0.1ms
[2024-08-29T23:16:02.832+0800] GC(1732)   Evacuate Collection Set: 0.4ms
[2024-08-29T23:16:02.832+0800] GC(1732)   Post Evacuate Collection Set: 0.7ms
[2024-08-29T23:16:02.832+0800] GC(1732)   Other: 0.2ms
[2024-08-29T23:16:02.832+0800] GC(1732) Eden regions: 4->0(1228)
[2024-08-29T23:16:02.832+0800] GC(1732) Survivor regions: 0->0(154)
[2024-08-29T23:16:02.832+0800] GC(1732) Old regions: 1->1
[2024-08-29T23:16:02.832+0800] GC(1732) Archive regions: 2->2
[2024-08-29T23:16:02.832+0800] GC(1732) Humongous regions: 917->515
[2024-08-29T23:16:02.832+0800] GC(1732) Metaspace: 1627K(1792K)->1627K(1792K) NonClass: 1508K(1600K)->1508K(1600K) Class: 119K(192K)->119K(192K)
[2024-08-29T23:16:02.832+0800] GC(1732) Pause Young (Concurrent Start) (G1 Humongous Allocation) 922M->516M(2048M) 1.882ms
[2024-08-29T23:16:02.832+0800] GC(1732) User=0.00s Sys=0.00s Real=0.00s
[2024-08-29T23:16:02.832+0800] GC(1733) Concurrent Undo Cycle
[2024-08-29T23:16:02.832+0800] GC(1733) Concurrent Cleanup for Next Mark
[2024-08-29T23:16:02.836+0800] GC(1733) Concurrent Cleanup for Next Mark 3.641ms
[2024-08-29T23:16:02.836+0800] GC(1733) Concurrent Undo Cycle 3.756ms
[2024-08-29T23:16:02.967+0800] GC(1734) Pause Young (Concurrent Start) (G1 Humongous Allocation)
[2024-08-29T23:16:02.967+0800] GC(1734) Using 8 workers of 8 for evacuation
[2024-08-29T23:16:02.968+0800] GC(1734)   Pre Evacuate Collection Set: 0.3ms
[2024-08-29T23:16:02.968+0800] GC(1734)   Merge Heap Roots: 0.1ms
[2024-08-29T23:16:02.968+0800] GC(1734)   Evacuate Collection Set: 0.3ms
[2024-08-29T23:16:02.968+0800] GC(1734)   Post Evacuate Collection Set: 0.5ms
[2024-08-29T23:16:02.968+0800] GC(1734)   Other: 0.2ms
[2024-08-29T23:16:02.968+0800] GC(1734) Eden regions: 4->0(1205)
[2024-08-29T23:16:02.968+0800] GC(1734) Survivor regions: 0->0(154)
[2024-08-29T23:16:02.968+0800] GC(1734) Old regions: 1->1
[2024-08-29T23:16:02.968+0800] GC(1734) Archive regions: 2->2
[2024-08-29T23:16:02.968+0800] GC(1734) Humongous regions: 917->634
[2024-08-29T23:16:02.968+0800] GC(1734) Metaspace: 1627K(1792K)->1627K(1792K) NonClass: 1508K(1600K)->1508K(1600K) Class: 119K(192K)->119K(192K)
[2024-08-29T23:16:02.968+0800] GC(1734) Pause Young (Concurrent Start) (G1 Humongous Allocation) 922M->635M(2048M) 1.436ms
[2024-08-29T23:16:02.968+0800] GC(1734) User=0.00s Sys=0.00s Real=0.00s
[2024-08-29T23:16:02.968+0800] GC(1735) Concurrent Undo Cycle
[2024-08-29T23:16:02.968+0800] GC(1735) Concurrent Cleanup for Next Mark
[2024-08-29T23:16:02.974+0800] GC(1735) Concurrent Cleanup for Next Mark 5.163ms
[2024-08-29T23:16:02.974+0800] GC(1735) Concurrent Undo Cycle 5.275ms
[2024-08-29T23:16:03.088+0800] GC(1736) Pause Young (Concurrent Start) (G1 Humongous Allocation)
[2024-08-29T23:16:03.088+0800] GC(1736) Using 8 workers of 8 for evacuation
[2024-08-29T23:16:03.089+0800] GC(1736)   Pre Evacuate Collection Set: 0.3ms
[2024-08-29T23:16:03.089+0800] GC(1736)   Merge Heap Roots: 0.1ms
[2024-08-29T23:16:03.089+0800] GC(1736)   Evacuate Collection Set: 0.3ms
[2024-08-29T23:16:03.089+0800] GC(1736)   Post Evacuate Collection Set: 0.3ms
[2024-08-29T23:16:03.089+0800] GC(1736)   Other: 0.2ms
[2024-08-29T23:16:03.089+0800] GC(1736) Eden regions: 4->0(1195)
[2024-08-29T23:16:03.089+0800] GC(1736) Survivor regions: 0->0(151)
[2024-08-29T23:16:03.089+0800] GC(1736) Old regions: 1->1
[2024-08-29T23:16:03.089+0800] GC(1736) Archive regions: 2->2
[2024-08-29T23:16:03.089+0800] GC(1736) Humongous regions: 916->644
[2024-08-29T23:16:03.089+0800] GC(1736) Metaspace: 1627K(1792K)->1627K(1792K) NonClass: 1508K(1600K)->1508K(1600K) Class: 119K(192K)->119K(192K)
[2024-08-29T23:16:03.089+0800] GC(1736) Pause Young (Concurrent Start) (G1 Humongous Allocation) 921M->645M(2048M) 1.349ms
[2024-08-29T23:16:03.089+0800] GC(1736) User=0.00s Sys=0.00s Real=0.00s
[2024-08-29T23:16:03.089+0800] GC(1737) Concurrent Undo Cycle
[2024-08-29T23:16:03.089+0800] GC(1737) Concurrent Cleanup for Next Mark
[2024-08-29T23:16:03.095+0800] GC(1737) Concurrent Cleanup for Next Mark 6.337ms
[2024-08-29T23:16:03.095+0800] GC(1737) Concurrent Undo Cycle 6.455ms
[2024-08-29T23:16:03.201+0800] GC(1738) Pause Young (Concurrent Start) (G1 Humongous Allocation)
[2024-08-29T23:16:03.201+0800] GC(1738) Using 8 workers of 8 for evacuation
[2024-08-29T23:16:03.203+0800] GC(1738)   Pre Evacuate Collection Set: 0.2ms
[2024-08-29T23:16:03.203+0800] GC(1738)   Merge Heap Roots: 0.1ms
[2024-08-29T23:16:03.203+0800] GC(1738)   Evacuate Collection Set: 0.7ms
[2024-08-29T23:16:03.203+0800] GC(1738)   Post Evacuate Collection Set: 0.5ms
[2024-08-29T23:16:03.203+0800] GC(1738)   Other: 0.2ms
[2024-08-29T23:16:03.203+0800] GC(1738) Eden regions: 4->0(1228)
[2024-08-29T23:16:03.203+0800] GC(1738) Survivor regions: 0->0(150)
[2024-08-29T23:16:03.203+0800] GC(1738) Old regions: 1->1
[2024-08-29T23:16:03.203+0800] GC(1738) Archive regions: 2->2
[2024-08-29T23:16:03.203+0800] GC(1738) Humongous regions: 918->590
[2024-08-29T23:16:03.203+0800] GC(1738) Metaspace: 1628K(1792K)->1628K(1792K) NonClass: 1508K(1600K)->1508K(1600K) Class: 119K(192K)->119K(192K)
[2024-08-29T23:16:03.203+0800] GC(1738) Pause Young (Concurrent Start) (G1 Humongous Allocation) 923M->591M(2048M) 1.841ms
[2024-08-29T23:16:03.203+0800] GC(1738) User=0.00s Sys=0.00s Real=0.01s
[2024-08-29T23:16:03.203+0800] GC(1739) Concurrent Undo Cycle
[2024-08-29T23:16:03.203+0800] GC(1739) Concurrent Cleanup for Next Mark
[2024-08-29T23:16:03.207+0800] GC(1739) Concurrent Cleanup for Next Mark 3.852ms
[2024-08-29T23:16:03.207+0800] GC(1739) Concurrent Undo Cycle 3.927ms
[2024-08-29T23:16:03.345+0800] GC(1740) Pause Young (Concurrent Start) (G1 Humongous Allocation)
[2024-08-29T23:16:03.346+0800] GC(1740) Using 8 workers of 8 for evacuation
[2024-08-29T23:16:03.347+0800] GC(1740)   Pre Evacuate Collection Set: 0.2ms
[2024-08-29T23:16:03.347+0800] GC(1740)   Merge Heap Roots: 0.1ms
[2024-08-29T23:16:03.347+0800] GC(1740)   Evacuate Collection Set: 0.3ms
[2024-08-29T23:16:03.347+0800] GC(1740)   Post Evacuate Collection Set: 0.5ms
[2024-08-29T23:16:03.347+0800] GC(1740)   Other: 0.2ms
[2024-08-29T23:16:03.347+0800] GC(1740) Eden regions: 4->0(1228)
[2024-08-29T23:16:03.347+0800] GC(1740) Survivor regions: 0->0(154)
[2024-08-29T23:16:03.347+0800] GC(1740) Old regions: 1->1
[2024-08-29T23:16:03.347+0800] GC(1740) Archive regions: 2->2
[2024-08-29T23:16:03.347+0800] GC(1740) Humongous regions: 916->550
[2024-08-29T23:16:03.347+0800] GC(1740) Metaspace: 1629K(1792K)->1629K(1792K) NonClass: 1509K(1600K)->1509K(1600K) Class: 119K(192K)->119K(192K)
[2024-08-29T23:16:03.347+0800] GC(1740) Pause Young (Concurrent Start) (G1 Humongous Allocation) 921M->551M(2048M) 1.440ms
[2024-08-29T23:16:03.347+0800] GC(1740) User=0.00s Sys=0.00s Real=0.00s
[2024-08-29T23:16:03.347+0800] GC(1741) Concurrent Undo Cycle
[2024-08-29T23:16:03.347+0800] GC(1741) Concurrent Cleanup for Next Mark
[2024-08-29T23:16:03.352+0800] GC(1741) Concurrent Cleanup for Next Mark 5.030ms
[2024-08-29T23:16:03.352+0800] GC(1741) Concurrent Undo Cycle 5.177ms
[2024-08-29T23:16:03.483+0800] GC(1742) Pause Young (Concurrent Start) (G1 Humongous Allocation)
[2024-08-29T23:16:03.484+0800] GC(1742) Using 8 workers of 8 for evacuation
[2024-08-29T23:16:03.485+0800] GC(1742)   Pre Evacuate Collection Set: 0.4ms
[2024-08-29T23:16:03.485+0800] GC(1742)   Merge Heap Roots: 0.1ms
[2024-08-29T23:16:03.485+0800] GC(1742)   Evacuate Collection Set: 0.4ms
[2024-08-29T23:16:03.485+0800] GC(1742)   Post Evacuate Collection Set: 0.4ms
[2024-08-29T23:16:03.485+0800] GC(1742)   Other: 0.2ms
[2024-08-29T23:16:03.485+0800] GC(1742) Eden regions: 4->0(1142)
[2024-08-29T23:16:03.485+0800] GC(1742) Survivor regions: 0->0(154)
[2024-08-29T23:16:03.485+0800] GC(1742) Old regions: 1->1
[2024-08-29T23:16:03.485+0800] GC(1742) Archive regions: 2->2
[2024-08-29T23:16:03.485+0800] GC(1742) Humongous regions: 921->697
[2024-08-29T23:16:03.485+0800] GC(1742) Metaspace: 1629K(1792K)->1629K(1792K) NonClass: 1509K(1600K)->1509K(1600K) Class: 119K(192K)->119K(192K)
[2024-08-29T23:16:03.485+0800] GC(1742) Pause Young (Concurrent Start) (G1 Humongous Allocation) 926M->698M(2048M) 1.632ms
[2024-08-29T23:16:03.485+0800] GC(1742) User=0.00s Sys=0.00s Real=0.00s
[2024-08-29T23:16:03.485+0800] GC(1743) Concurrent Undo Cycle
[2024-08-29T23:16:03.485+0800] GC(1743) Concurrent Cleanup for Next Mark
[2024-08-29T23:16:03.491+0800] GC(1743) Concurrent Cleanup for Next Mark 5.591ms
[2024-08-29T23:16:03.491+0800] GC(1743) Concurrent Undo Cycle 5.813ms
[2024-08-29T23:16:03.591+0800] GC(1744) Pause Young (Concurrent Start) (G1 Humongous Allocation)
[2024-08-29T23:16:03.591+0800] GC(1744) Using 8 workers of 8 for evacuation
[2024-08-29T23:16:03.592+0800] GC(1744)   Pre Evacuate Collection Set: 0.4ms
[2024-08-29T23:16:03.592+0800] GC(1744)   Merge Heap Roots: 0.1ms
[2024-08-29T23:16:03.592+0800] GC(1744)   Evacuate Collection Set: 0.4ms
[2024-08-29T23:16:03.592+0800] GC(1744)   Post Evacuate Collection Set: 0.4ms
[2024-08-29T23:16:03.592+0800] GC(1744)   Other: 0.2ms
[2024-08-29T23:16:03.592+0800] GC(1744) Eden regions: 4->0(1200)
[2024-08-29T23:16:03.592+0800] GC(1744) Survivor regions: 0->0(143)
[2024-08-29T23:16:03.592+0800] GC(1744) Old regions: 1->1
[2024-08-29T23:16:03.592+0800] GC(1744) Archive regions: 2->2
[2024-08-29T23:16:03.592+0800] GC(1744) Humongous regions: 917->639
[2024-08-29T23:16:03.592+0800] GC(1744) Metaspace: 1629K(1792K)->1629K(1792K) NonClass: 1509K(1600K)->1509K(1600K) Class: 119K(192K)->119K(192K)
[2024-08-29T23:16:03.592+0800] GC(1744) Pause Young (Concurrent Start) (G1 Humongous Allocation) 922M->640M(2048M) 1.555ms
[2024-08-29T23:16:03.592+0800] GC(1744) User=0.00s Sys=0.00s Real=0.00s
[2024-08-29T23:16:03.592+0800] GC(1745) Concurrent Undo Cycle
[2024-08-29T23:16:03.592+0800] GC(1745) Concurrent Cleanup for Next Mark
[2024-08-29T23:16:03.596+0800] GC(1745) Concurrent Cleanup for Next Mark 3.996ms
[2024-08-29T23:16:03.596+0800] GC(1745) Concurrent Undo Cycle 4.082ms
[2024-08-29T23:16:03.730+0800] GC(1746) Pause Young (Concurrent Start) (G1 Humongous Allocation)
[2024-08-29T23:16:03.730+0800] GC(1746) Using 8 workers of 8 for evacuation
[2024-08-29T23:16:03.732+0800] GC(1746)   Pre Evacuate Collection Set: 0.4ms
[2024-08-29T23:16:03.732+0800] GC(1746)   Merge Heap Roots: 0.2ms
[2024-08-29T23:16:03.732+0800] GC(1746)   Evacuate Collection Set: 0.5ms
[2024-08-29T23:16:03.732+0800] GC(1746)   Post Evacuate Collection Set: 0.6ms
[2024-08-29T23:16:03.732+0800] GC(1746)   Other: 0.3ms
[2024-08-29T23:16:03.732+0800] GC(1746) Eden regions: 4->0(1228)
[2024-08-29T23:16:03.732+0800] GC(1746) Survivor regions: 0->0(150)
[2024-08-29T23:16:03.732+0800] GC(1746) Old regions: 1->1
[2024-08-29T23:16:03.732+0800] GC(1746) Archive regions: 2->2
[2024-08-29T23:16:03.732+0800] GC(1746) Humongous regions: 918->517
[2024-08-29T23:16:03.732+0800] GC(1746) Metaspace: 1629K(1792K)->1629K(1792K) NonClass: 1509K(1600K)->1509K(1600K) Class: 119K(192K)->119K(192K)
[2024-08-29T23:16:03.732+0800] GC(1746) Pause Young (Concurrent Start) (G1 Humongous Allocation) 923M->518M(2048M) 2.085ms
[2024-08-29T23:16:03.732+0800] GC(1746) User=0.00s Sys=0.01s Real=0.00s
[2024-08-29T23:16:03.732+0800] GC(1747) Concurrent Undo Cycle
[2024-08-29T23:16:03.732+0800] GC(1747) Concurrent Cleanup for Next Mark
[2024-08-29T23:16:03.736+0800] GC(1747) Concurrent Cleanup for Next Mark 4.515ms
[2024-08-29T23:16:03.736+0800] GC(1747) Concurrent Undo Cycle 4.646ms
[2024-08-29T23:16:03.896+0800] GC(1748) Pause Young (Concurrent Start) (G1 Humongous Allocation)
[2024-08-29T23:16:03.896+0800] GC(1748) Using 8 workers of 8 for evacuation
[2024-08-29T23:16:03.897+0800] GC(1748)   Pre Evacuate Collection Set: 0.3ms
[2024-08-29T23:16:03.897+0800] GC(1748)   Merge Heap Roots: 0.1ms
[2024-08-29T23:16:03.897+0800] GC(1748)   Evacuate Collection Set: 0.4ms
[2024-08-29T23:16:03.897+0800] GC(1748)   Post Evacuate Collection Set: 0.5ms
[2024-08-29T23:16:03.897+0800] GC(1748)   Other: 0.2ms
[2024-08-29T23:16:03.897+0800] GC(1748) Eden regions: 4->0(1228)
[2024-08-29T23:16:03.897+0800] GC(1748) Survivor regions: 0->0(154)
[2024-08-29T23:16:03.897+0800] GC(1748) Old regions: 1->1
[2024-08-29T23:16:03.897+0800] GC(1748) Archive regions: 2->2
[2024-08-29T23:16:03.897+0800] GC(1748) Humongous regions: 918->532
[2024-08-29T23:16:03.897+0800] GC(1748) Metaspace: 1629K(1792K)->1629K(1792K) NonClass: 1509K(1600K)->1509K(1600K) Class: 119K(192K)->119K(192K)
[2024-08-29T23:16:03.898+0800] GC(1748) Pause Young (Concurrent Start) (G1 Humongous Allocation) 923M->533M(2048M) 1.630ms
[2024-08-29T23:16:03.898+0800] GC(1748) User=0.00s Sys=0.01s Real=0.00s
[2024-08-29T23:16:03.898+0800] GC(1749) Concurrent Undo Cycle
[2024-08-29T23:16:03.898+0800] GC(1749) Concurrent Cleanup for Next Mark
[2024-08-29T23:16:03.903+0800] GC(1749) Concurrent Cleanup for Next Mark 5.681ms
[2024-08-29T23:16:03.903+0800] GC(1749) Concurrent Undo Cycle 5.806ms
[2024-08-29T23:16:04.044+0800] GC(1750) Pause Young (Concurrent Start) (G1 Humongous Allocation)
[2024-08-29T23:16:04.044+0800] GC(1750) Using 8 workers of 8 for evacuation
[2024-08-29T23:16:04.045+0800] GC(1750)   Pre Evacuate Collection Set: 0.4ms
[2024-08-29T23:16:04.045+0800] GC(1750)   Merge Heap Roots: 0.1ms
[2024-08-29T23:16:04.045+0800] GC(1750)   Evacuate Collection Set: 0.4ms
[2024-08-29T23:16:04.045+0800] GC(1750)   Post Evacuate Collection Set: 0.5ms
[2024-08-29T23:16:04.045+0800] GC(1750)   Other: 0.2ms
[2024-08-29T23:16:04.045+0800] GC(1750) Eden regions: 4->0(1228)
[2024-08-29T23:16:04.045+0800] GC(1750) Survivor regions: 0->0(154)
[2024-08-29T23:16:04.045+0800] GC(1750) Old regions: 1->1
[2024-08-29T23:16:04.045+0800] GC(1750) Archive regions: 2->2
[2024-08-29T23:16:04.045+0800] GC(1750) Humongous regions: 919->532
[2024-08-29T23:16:04.045+0800] GC(1750) Metaspace: 1629K(1792K)->1629K(1792K) NonClass: 1509K(1600K)->1509K(1600K) Class: 119K(192K)->119K(192K)
[2024-08-29T23:16:04.045+0800] GC(1750) Pause Young (Concurrent Start) (G1 Humongous Allocation) 924M->533M(2048M) 1.669ms
[2024-08-29T23:16:04.045+0800] GC(1750) User=0.00s Sys=0.00s Real=0.00s
[2024-08-29T23:16:04.045+0800] GC(1751) Concurrent Undo Cycle
[2024-08-29T23:16:04.045+0800] GC(1751) Concurrent Cleanup for Next Mark
[2024-08-29T23:16:04.052+0800] GC(1751) Concurrent Cleanup for Next Mark 6.352ms
[2024-08-29T23:16:04.052+0800] GC(1751) Concurrent Undo Cycle 6.469ms
[2024-08-29T23:16:04.218+0800] GC(1752) Pause Young (Concurrent Start) (G1 Humongous Allocation)
[2024-08-29T23:16:04.218+0800] GC(1752) Using 8 workers of 8 for evacuation
[2024-08-29T23:16:04.219+0800] GC(1752)   Pre Evacuate Collection Set: 0.2ms
[2024-08-29T23:16:04.219+0800] GC(1752)   Merge Heap Roots: 0.1ms
[2024-08-29T23:16:04.219+0800] GC(1752)   Evacuate Collection Set: 0.4ms
[2024-08-29T23:16:04.219+0800] GC(1752)   Post Evacuate Collection Set: 0.5ms
[2024-08-29T23:16:04.219+0800] GC(1752)   Other: 0.2ms
[2024-08-29T23:16:04.219+0800] GC(1752) Eden regions: 4->0(1228)
[2024-08-29T23:16:04.219+0800] GC(1752) Survivor regions: 0->0(154)
[2024-08-29T23:16:04.219+0800] GC(1752) Old regions: 1->1
[2024-08-29T23:16:04.219+0800] GC(1752) Archive regions: 2->2
[2024-08-29T23:16:04.219+0800] GC(1752) Humongous regions: 917->540
[2024-08-29T23:16:04.219+0800] GC(1752) Metaspace: 1629K(1792K)->1629K(1792K) NonClass: 1509K(1600K)->1509K(1600K) Class: 119K(192K)->119K(192K)
[2024-08-29T23:16:04.219+0800] GC(1752) Pause Young (Concurrent Start) (G1 Humongous Allocation) 922M->541M(2048M) 1.425ms
[2024-08-29T23:16:04.219+0800] GC(1752) User=0.01s Sys=0.01s Real=0.00s
[2024-08-29T23:16:04.219+0800] GC(1753) Concurrent Undo Cycle
[2024-08-29T23:16:04.219+0800] GC(1753) Concurrent Cleanup for Next Mark
[2024-08-29T23:16:04.223+0800] GC(1753) Concurrent Cleanup for Next Mark 4.169ms
[2024-08-29T23:16:04.223+0800] GC(1753) Concurrent Undo Cycle 4.271ms
[2024-08-29T23:16:04.407+0800] GC(1754) Pause Young (Concurrent Start) (G1 Humongous Allocation)
[2024-08-29T23:16:04.407+0800] GC(1754) Using 8 workers of 8 for evacuation
[2024-08-29T23:16:04.408+0800] GC(1754)   Pre Evacuate Collection Set: 0.5ms
[2024-08-29T23:16:04.409+0800] GC(1754)   Merge Heap Roots: 0.1ms
[2024-08-29T23:16:04.409+0800] GC(1754)   Evacuate Collection Set: 0.4ms
[2024-08-29T23:16:04.409+0800] GC(1754)   Post Evacuate Collection Set: 0.5ms
[2024-08-29T23:16:04.409+0800] GC(1754)   Other: 0.2ms
[2024-08-29T23:16:04.409+0800] GC(1754) Eden regions: 4->0(1228)
[2024-08-29T23:16:04.409+0800] GC(1754) Survivor regions: 0->0(154)
[2024-08-29T23:16:04.409+0800] GC(1754) Old regions: 1->1
[2024-08-29T23:16:04.409+0800] GC(1754) Archive regions: 2->2
[2024-08-29T23:16:04.409+0800] GC(1754) Humongous regions: 917->421
[2024-08-29T23:16:04.409+0800] GC(1754) Metaspace: 1629K(1792K)->1629K(1792K) NonClass: 1509K(1600K)->1509K(1600K) Class: 119K(192K)->119K(192K)
[2024-08-29T23:16:04.409+0800] GC(1754) Pause Young (Concurrent Start) (G1 Humongous Allocation) 922M->422M(2048M) 1.899ms
[2024-08-29T23:16:04.409+0800] GC(1754) User=0.00s Sys=0.00s Real=0.00s
[2024-08-29T23:16:04.409+0800] GC(1755) Concurrent Undo Cycle
[2024-08-29T23:16:04.409+0800] GC(1755) Concurrent Cleanup for Next Mark
[2024-08-29T23:16:04.413+0800] GC(1755) Concurrent Cleanup for Next Mark 4.746ms
[2024-08-29T23:16:04.413+0800] GC(1755) Concurrent Undo Cycle 4.856ms
[2024-08-29T23:16:04.597+0800] GC(1756) Pause Young (Concurrent Start) (G1 Humongous Allocation)
[2024-08-29T23:16:04.597+0800] GC(1756) Using 8 workers of 8 for evacuation
[2024-08-29T23:16:04.599+0800] GC(1756)   Pre Evacuate Collection Set: 0.3ms
[2024-08-29T23:16:04.599+0800] GC(1756)   Merge Heap Roots: 0.1ms
[2024-08-29T23:16:04.599+0800] GC(1756)   Evacuate Collection Set: 0.6ms
[2024-08-29T23:16:04.599+0800] GC(1756)   Post Evacuate Collection Set: 0.6ms
[2024-08-29T23:16:04.599+0800] GC(1756)   Other: 0.2ms
[2024-08-29T23:16:04.599+0800] GC(1756) Eden regions: 4->0(1228)
[2024-08-29T23:16:04.599+0800] GC(1756) Survivor regions: 0->0(154)
[2024-08-29T23:16:04.599+0800] GC(1756) Old regions: 1->1
[2024-08-29T23:16:04.599+0800] GC(1756) Archive regions: 2->2
[2024-08-29T23:16:04.599+0800] GC(1756) Humongous regions: 918->516
[2024-08-29T23:16:04.599+0800] GC(1756) Metaspace: 1629K(1792K)->1629K(1792K) NonClass: 1509K(1600K)->1509K(1600K) Class: 119K(192K)->119K(192K)
[2024-08-29T23:16:04.599+0800] GC(1756) Pause Young (Concurrent Start) (G1 Humongous Allocation) 923M->517M(2048M) 1.859ms
[2024-08-29T23:16:04.599+0800] GC(1756) User=0.00s Sys=0.01s Real=0.00s
[2024-08-29T23:16:04.599+0800] GC(1757) Concurrent Undo Cycle
[2024-08-29T23:16:04.599+0800] GC(1757) Concurrent Cleanup for Next Mark
[2024-08-29T23:16:04.604+0800] GC(1757) Concurrent Cleanup for Next Mark 4.803ms
[2024-08-29T23:16:04.604+0800] GC(1757) Concurrent Undo Cycle 4.910ms
[2024-08-29T23:16:04.764+0800] GC(1758) Pause Young (Concurrent Start) (G1 Humongous Allocation)
[2024-08-29T23:16:04.764+0800] GC(1758) Using 8 workers of 8 for evacuation
[2024-08-29T23:16:04.766+0800] GC(1758)   Pre Evacuate Collection Set: 0.3ms
[2024-08-29T23:16:04.766+0800] GC(1758)   Merge Heap Roots: 0.1ms
[2024-08-29T23:16:04.766+0800] GC(1758)   Evacuate Collection Set: 0.4ms
[2024-08-29T23:16:04.766+0800] GC(1758)   Post Evacuate Collection Set: 0.5ms
[2024-08-29T23:16:04.766+0800] GC(1758)   Other: 0.2ms
[2024-08-29T23:16:04.766+0800] GC(1758) Eden regions: 4->0(1228)
[2024-08-29T23:16:04.766+0800] GC(1758) Survivor regions: 0->0(154)
[2024-08-29T23:16:04.766+0800] GC(1758) Old regions: 1->1
[2024-08-29T23:16:04.766+0800] GC(1758) Archive regions: 2->2
[2024-08-29T23:16:04.766+0800] GC(1758) Humongous regions: 917->572
[2024-08-29T23:16:04.766+0800] GC(1758) Metaspace: 1629K(1792K)->1629K(1792K) NonClass: 1509K(1600K)->1509K(1600K) Class: 119K(192K)->119K(192K)
[2024-08-29T23:16:04.766+0800] GC(1758) Pause Young (Concurrent Start) (G1 Humongous Allocation) 922M->573M(2048M) 1.553ms
[2024-08-29T23:16:04.766+0800] GC(1758) User=0.00s Sys=0.00s Real=0.00s
[2024-08-29T23:16:04.766+0800] GC(1759) Concurrent Undo Cycle
[2024-08-29T23:16:04.766+0800] GC(1759) Concurrent Cleanup for Next Mark
[2024-08-29T23:16:04.772+0800] GC(1759) Concurrent Cleanup for Next Mark 5.637ms
[2024-08-29T23:16:04.772+0800] GC(1759) Concurrent Undo Cycle 5.720ms
[2024-08-29T23:16:04.904+0800] GC(1760) Pause Young (Concurrent Start) (G1 Humongous Allocation)
[2024-08-29T23:16:04.904+0800] GC(1760) Using 8 workers of 8 for evacuation
[2024-08-29T23:16:04.906+0800] GC(1760)   Pre Evacuate Collection Set: 0.2ms
[2024-08-29T23:16:04.906+0800] GC(1760)   Merge Heap Roots: 0.1ms
[2024-08-29T23:16:04.906+0800] GC(1760)   Evacuate Collection Set: 0.4ms
[2024-08-29T23:16:04.906+0800] GC(1760)   Post Evacuate Collection Set: 0.5ms
[2024-08-29T23:16:04.906+0800] GC(1760)   Other: 0.2ms
[2024-08-29T23:16:04.906+0800] GC(1760) Eden regions: 4->0(1228)
[2024-08-29T23:16:04.906+0800] GC(1760) Survivor regions: 0->0(154)
[2024-08-29T23:16:04.906+0800] GC(1760) Old regions: 1->1
[2024-08-29T23:16:04.906+0800] GC(1760) Archive regions: 2->2
[2024-08-29T23:16:04.906+0800] GC(1760) Humongous regions: 919->568
[2024-08-29T23:16:04.906+0800] GC(1760) Metaspace: 1629K(1792K)->1629K(1792K) NonClass: 1509K(1600K)->1509K(1600K) Class: 119K(192K)->119K(192K)
[2024-08-29T23:16:04.906+0800] GC(1760) Pause Young (Concurrent Start) (G1 Humongous Allocation) 924M->569M(2048M) 1.491ms
[2024-08-29T23:16:04.906+0800] GC(1760) User=0.00s Sys=0.00s Real=0.00s
[2024-08-29T23:16:04.906+0800] GC(1761) Concurrent Undo Cycle
[2024-08-29T23:16:04.906+0800] GC(1761) Concurrent Cleanup for Next Mark
[2024-08-29T23:16:04.912+0800] GC(1761) Concurrent Cleanup for Next Mark 5.862ms
[2024-08-29T23:16:04.912+0800] GC(1761) Concurrent Undo Cycle 5.969ms
[2024-08-29T23:16:05.035+0800] GC(1762) Pause Young (Concurrent Start) (G1 Humongous Allocation)
[2024-08-29T23:16:05.035+0800] GC(1762) Using 8 workers of 8 for evacuation
[2024-08-29T23:16:05.037+0800] GC(1762)   Pre Evacuate Collection Set: 0.4ms
[2024-08-29T23:16:05.037+0800] GC(1762)   Merge Heap Roots: 0.1ms
[2024-08-29T23:16:05.037+0800] GC(1762)   Evacuate Collection Set: 0.3ms
[2024-08-29T23:16:05.037+0800] GC(1762)   Post Evacuate Collection Set: 0.5ms
[2024-08-29T23:16:05.037+0800] GC(1762)   Other: 0.3ms
[2024-08-29T23:16:05.037+0800] GC(1762) Eden regions: 4->0(1228)
[2024-08-29T23:16:05.037+0800] GC(1762) Survivor regions: 0->0(154)
[2024-08-29T23:16:05.037+0800] GC(1762) Old regions: 1->1
[2024-08-29T23:16:05.037+0800] GC(1762) Archive regions: 2->2
[2024-08-29T23:16:05.037+0800] GC(1762) Humongous regions: 917->610
[2024-08-29T23:16:05.037+0800] GC(1762) Metaspace: 1630K(1792K)->1630K(1792K) NonClass: 1510K(1600K)->1510K(1600K) Class: 119K(192K)->119K(192K)
[2024-08-29T23:16:05.037+0800] GC(1762) Pause Young (Concurrent Start) (G1 Humongous Allocation) 922M->611M(2048M) 1.736ms
[2024-08-29T23:16:05.037+0800] GC(1762) User=0.00s Sys=0.01s Real=0.00s
[2024-08-29T23:16:05.037+0800] GC(1763) Concurrent Undo Cycle
[2024-08-29T23:16:05.037+0800] GC(1763) Concurrent Cleanup for Next Mark
[2024-08-29T23:16:05.042+0800] GC(1763) Concurrent Cleanup for Next Mark 5.055ms
[2024-08-29T23:16:05.042+0800] GC(1763) Concurrent Undo Cycle 5.149ms
[2024-08-29T23:16:05.175+0800] GC(1764) Pause Young (Concurrent Start) (G1 Humongous Allocation)
[2024-08-29T23:16:05.175+0800] GC(1764) Using 8 workers of 8 for evacuation
[2024-08-29T23:16:05.177+0800] GC(1764)   Pre Evacuate Collection Set: 0.4ms
[2024-08-29T23:16:05.177+0800] GC(1764)   Merge Heap Roots: 0.2ms
[2024-08-29T23:16:05.177+0800] GC(1764)   Evacuate Collection Set: 0.4ms
[2024-08-29T23:16:05.177+0800] GC(1764)   Post Evacuate Collection Set: 0.6ms
[2024-08-29T23:16:05.177+0800] GC(1764)   Other: 0.3ms
[2024-08-29T23:16:05.177+0800] GC(1764) Eden regions: 4->0(1228)
[2024-08-29T23:16:05.177+0800] GC(1764) Survivor regions: 0->0(154)
[2024-08-29T23:16:05.177+0800] GC(1764) Old regions: 1->1
[2024-08-29T23:16:05.177+0800] GC(1764) Archive regions: 2->2
[2024-08-29T23:16:05.177+0800] GC(1764) Humongous regions: 916->593
[2024-08-29T23:16:05.177+0800] GC(1764) Metaspace: 1630K(1792K)->1630K(1792K) NonClass: 1510K(1600K)->1510K(1600K) Class: 119K(192K)->119K(192K)
[2024-08-29T23:16:05.177+0800] GC(1764) Pause Young (Concurrent Start) (G1 Humongous Allocation) 921M->594M(2048M) 1.962ms
[2024-08-29T23:16:05.177+0800] GC(1764) User=0.00s Sys=0.00s Real=0.00s
[2024-08-29T23:16:05.177+0800] GC(1765) Concurrent Undo Cycle
[2024-08-29T23:16:05.177+0800] GC(1765) Concurrent Cleanup for Next Mark
[2024-08-29T23:16:05.183+0800] GC(1765) Concurrent Cleanup for Next Mark 5.759ms
[2024-08-29T23:16:05.183+0800] GC(1765) Concurrent Undo Cycle 5.852ms
[2024-08-29T23:16:05.315+0800] GC(1766) Pause Young (Concurrent Start) (G1 Humongous Allocation)
[2024-08-29T23:16:05.315+0800] GC(1766) Using 8 workers of 8 for evacuation
[2024-08-29T23:16:05.317+0800] GC(1766)   Pre Evacuate Collection Set: 0.3ms
[2024-08-29T23:16:05.317+0800] GC(1766)   Merge Heap Roots: 0.1ms
[2024-08-29T23:16:05.317+0800] GC(1766)   Evacuate Collection Set: 0.4ms
[2024-08-29T23:16:05.317+0800] GC(1766)   Post Evacuate Collection Set: 0.5ms
[2024-08-29T23:16:05.317+0800] GC(1766)   Other: 0.2ms
[2024-08-29T23:16:05.317+0800] GC(1766) Eden regions: 4->0(1228)
[2024-08-29T23:16:05.317+0800] GC(1766) Survivor regions: 0->0(154)
[2024-08-29T23:16:05.317+0800] GC(1766) Old regions: 1->1
[2024-08-29T23:16:05.317+0800] GC(1766) Archive regions: 2->2
[2024-08-29T23:16:05.317+0800] GC(1766) Humongous regions: 919->575
[2024-08-29T23:16:05.317+0800] GC(1766) Metaspace: 1630K(1792K)->1630K(1792K) NonClass: 1510K(1600K)->1510K(1600K) Class: 119K(192K)->119K(192K)
[2024-08-29T23:16:05.317+0800] GC(1766) Pause Young (Concurrent Start) (G1 Humongous Allocation) 924M->576M(2048M) 1.521ms
[2024-08-29T23:16:05.317+0800] GC(1766) User=0.00s Sys=0.01s Real=0.00s
[2024-08-29T23:16:05.317+0800] GC(1767) Concurrent Undo Cycle
[2024-08-29T23:16:05.317+0800] GC(1767) Concurrent Cleanup for Next Mark
[2024-08-29T23:16:05.322+0800] GC(1767) Concurrent Cleanup for Next Mark 5.125ms
[2024-08-29T23:16:05.322+0800] GC(1767) Concurrent Undo Cycle 5.292ms
[2024-08-29T23:16:05.453+0800] GC(1768) Pause Young (Concurrent Start) (G1 Humongous Allocation)
[2024-08-29T23:16:05.453+0800] GC(1768) Using 8 workers of 8 for evacuation
[2024-08-29T23:16:05.454+0800] GC(1768)   Pre Evacuate Collection Set: 0.3ms
[2024-08-29T23:16:05.454+0800] GC(1768)   Merge Heap Roots: 0.1ms
[2024-08-29T23:16:05.455+0800] GC(1768)   Evacuate Collection Set: 0.3ms
[2024-08-29T23:16:05.455+0800] GC(1768)   Post Evacuate Collection Set: 0.5ms
[2024-08-29T23:16:05.455+0800] GC(1768)   Other: 0.2ms
[2024-08-29T23:16:05.455+0800] GC(1768) Eden regions: 4->0(1228)
[2024-08-29T23:16:05.455+0800] GC(1768) Survivor regions: 0->0(154)
[2024-08-29T23:16:05.455+0800] GC(1768) Old regions: 1->1
[2024-08-29T23:16:05.455+0800] GC(1768) Archive regions: 2->2
[2024-08-29T23:16:05.455+0800] GC(1768) Humongous regions: 916->587
[2024-08-29T23:16:05.455+0800] GC(1768) Metaspace: 1630K(1792K)->1630K(1792K) NonClass: 1510K(1600K)->1510K(1600K) Class: 119K(192K)->119K(192K)
[2024-08-29T23:16:05.455+0800] GC(1768) Pause Young (Concurrent Start) (G1 Humongous Allocation) 921M->588M(2048M) 1.458ms
[2024-08-29T23:16:05.455+0800] GC(1768) User=0.00s Sys=0.00s Real=0.00s
[2024-08-29T23:16:05.455+0800] GC(1769) Concurrent Undo Cycle
[2024-08-29T23:16:05.455+0800] GC(1769) Concurrent Cleanup for Next Mark
[2024-08-29T23:16:05.460+0800] GC(1769) Concurrent Cleanup for Next Mark 5.756ms
[2024-08-29T23:16:05.460+0800] GC(1769) Concurrent Undo Cycle 5.843ms
[2024-08-29T23:16:05.586+0800] GC(1770) Pause Young (Concurrent Start) (G1 Humongous Allocation)
[2024-08-29T23:16:05.586+0800] GC(1770) Using 8 workers of 8 for evacuation
[2024-08-29T23:16:05.587+0800] GC(1770)   Pre Evacuate Collection Set: 0.3ms
[2024-08-29T23:16:05.587+0800] GC(1770)   Merge Heap Roots: 0.1ms
[2024-08-29T23:16:05.587+0800] GC(1770)   Evacuate Collection Set: 0.4ms
[2024-08-29T23:16:05.587+0800] GC(1770)   Post Evacuate Collection Set: 0.5ms
[2024-08-29T23:16:05.587+0800] GC(1770)   Other: 0.3ms
[2024-08-29T23:16:05.587+0800] GC(1770) Eden regions: 4->0(1226)
[2024-08-29T23:16:05.587+0800] GC(1770) Survivor regions: 0->0(154)
[2024-08-29T23:16:05.587+0800] GC(1770) Old regions: 1->1
[2024-08-29T23:16:05.587+0800] GC(1770) Archive regions: 2->2
[2024-08-29T23:16:05.587+0800] GC(1770) Humongous regions: 918->613
[2024-08-29T23:16:05.587+0800] GC(1770) Metaspace: 1630K(1792K)->1630K(1792K) NonClass: 1510K(1600K)->1510K(1600K) Class: 119K(192K)->119K(192K)
[2024-08-29T23:16:05.587+0800] GC(1770) Pause Young (Concurrent Start) (G1 Humongous Allocation) 923M->614M(2048M) 1.670ms
[2024-08-29T23:16:05.587+0800] GC(1770) User=0.00s Sys=0.01s Real=0.00s
[2024-08-29T23:16:05.588+0800] GC(1771) Concurrent Undo Cycle
[2024-08-29T23:16:05.588+0800] GC(1771) Concurrent Cleanup for Next Mark
[2024-08-29T23:16:05.592+0800] GC(1771) Concurrent Cleanup for Next Mark 3.976ms
[2024-08-29T23:16:05.592+0800] GC(1771) Concurrent Undo Cycle 4.038ms
[2024-08-29T23:16:05.732+0800] GC(1772) Pause Young (Concurrent Start) (G1 Humongous Allocation)
[2024-08-29T23:16:05.732+0800] GC(1772) Using 8 workers of 8 for evacuation
[2024-08-29T23:16:05.733+0800] GC(1772)   Pre Evacuate Collection Set: 0.3ms
[2024-08-29T23:16:05.733+0800] GC(1772)   Merge Heap Roots: 0.2ms
[2024-08-29T23:16:05.733+0800] GC(1772)   Evacuate Collection Set: 0.3ms
[2024-08-29T23:16:05.733+0800] GC(1772)   Post Evacuate Collection Set: 0.5ms
[2024-08-29T23:16:05.733+0800] GC(1772)   Other: 0.2ms
[2024-08-29T23:16:05.733+0800] GC(1772) Eden regions: 4->0(1228)
[2024-08-29T23:16:05.733+0800] GC(1772) Survivor regions: 0->0(154)
[2024-08-29T23:16:05.733+0800] GC(1772) Old regions: 1->1
[2024-08-29T23:16:05.733+0800] GC(1772) Archive regions: 2->2
[2024-08-29T23:16:05.733+0800] GC(1772) Humongous regions: 917->557
[2024-08-29T23:16:05.733+0800] GC(1772) Metaspace: 1630K(1792K)->1630K(1792K) NonClass: 1510K(1600K)->1510K(1600K) Class: 119K(192K)->119K(192K)
[2024-08-29T23:16:05.733+0800] GC(1772) Pause Young (Concurrent Start) (G1 Humongous Allocation) 922M->558M(2048M) 1.623ms
[2024-08-29T23:16:05.733+0800] GC(1772) User=0.00s Sys=0.01s Real=0.01s
[2024-08-29T23:16:05.734+0800] GC(1773) Concurrent Undo Cycle
[2024-08-29T23:16:05.734+0800] GC(1773) Concurrent Cleanup for Next Mark
[2024-08-29T23:16:05.739+0800] GC(1773) Concurrent Cleanup for Next Mark 5.434ms
[2024-08-29T23:16:05.739+0800] GC(1773) Concurrent Undo Cycle 5.527ms
[2024-08-29T23:16:05.907+0800] GC(1774) Pause Young (Concurrent Start) (G1 Humongous Allocation)
[2024-08-29T23:16:05.907+0800] GC(1774) Using 8 workers of 8 for evacuation
[2024-08-29T23:16:05.908+0800] GC(1774)   Pre Evacuate Collection Set: 0.4ms
[2024-08-29T23:16:05.908+0800] GC(1774)   Merge Heap Roots: 0.1ms
[2024-08-29T23:16:05.908+0800] GC(1774)   Evacuate Collection Set: 0.5ms
[2024-08-29T23:16:05.908+0800] GC(1774)   Post Evacuate Collection Set: 0.5ms
[2024-08-29T23:16:05.908+0800] GC(1774)   Other: 0.3ms
[2024-08-29T23:16:05.908+0800] GC(1774) Eden regions: 4->0(1228)
[2024-08-29T23:16:05.908+0800] GC(1774) Survivor regions: 0->0(154)
[2024-08-29T23:16:05.908+0800] GC(1774) Old regions: 1->1
[2024-08-29T23:16:05.908+0800] GC(1774) Archive regions: 2->2
[2024-08-29T23:16:05.908+0800] GC(1774) Humongous regions: 918->468
[2024-08-29T23:16:05.908+0800] GC(1774) Metaspace: 1630K(1792K)->1630K(1792K) NonClass: 1510K(1600K)->1510K(1600K) Class: 119K(192K)->119K(192K)
[2024-08-29T23:16:05.908+0800] GC(1774) Pause Young (Concurrent Start) (G1 Humongous Allocation) 923M->469M(2048M) 1.841ms
[2024-08-29T23:16:05.908+0800] GC(1774) User=0.00s Sys=0.00s Real=0.00s
[2024-08-29T23:16:05.909+0800] GC(1775) Concurrent Undo Cycle
[2024-08-29T23:16:05.909+0800] GC(1775) Concurrent Cleanup for Next Mark
[2024-08-29T23:16:05.914+0800] GC(1775) Concurrent Cleanup for Next Mark 5.514ms
[2024-08-29T23:16:05.914+0800] GC(1775) Concurrent Undo Cycle 5.619ms
[2024-08-29T23:16:06.090+0800] GC(1776) Pause Young (Concurrent Start) (G1 Humongous Allocation)
[2024-08-29T23:16:06.090+0800] GC(1776) Using 8 workers of 8 for evacuation
[2024-08-29T23:16:06.091+0800] GC(1776)   Pre Evacuate Collection Set: 0.2ms
[2024-08-29T23:16:06.091+0800] GC(1776)   Merge Heap Roots: 0.1ms
[2024-08-29T23:16:06.091+0800] GC(1776)   Evacuate Collection Set: 0.3ms
[2024-08-29T23:16:06.091+0800] GC(1776)   Post Evacuate Collection Set: 0.5ms
[2024-08-29T23:16:06.091+0800] GC(1776)   Other: 0.3ms
[2024-08-29T23:16:06.091+0800] GC(1776) Eden regions: 4->0(1228)
[2024-08-29T23:16:06.091+0800] GC(1776) Survivor regions: 0->0(154)
[2024-08-29T23:16:06.091+0800] GC(1776) Old regions: 1->1
[2024-08-29T23:16:06.091+0800] GC(1776) Archive regions: 2->2
[2024-08-29T23:16:06.091+0800] GC(1776) Humongous regions: 921->533
[2024-08-29T23:16:06.091+0800] GC(1776) Metaspace: 1630K(1792K)->1630K(1792K) NonClass: 1510K(1600K)->1510K(1600K) Class: 119K(192K)->119K(192K)
[2024-08-29T23:16:06.092+0800] GC(1776) Pause Young (Concurrent Start) (G1 Humongous Allocation) 926M->534M(2048M) 1.426ms
[2024-08-29T23:16:06.092+0800] GC(1776) User=0.00s Sys=0.00s Real=0.00s
[2024-08-29T23:16:06.092+0800] GC(1777) Concurrent Undo Cycle
[2024-08-29T23:16:06.092+0800] GC(1777) Concurrent Cleanup for Next Mark
[2024-08-29T23:16:06.096+0800] GC(1777) Concurrent Cleanup for Next Mark 4.884ms
[2024-08-29T23:16:06.097+0800] GC(1777) Concurrent Undo Cycle 5.020ms
[2024-08-29T23:16:06.253+0800] GC(1778) Pause Young (Concurrent Start) (G1 Humongous Allocation)
[2024-08-29T23:16:06.253+0800] GC(1778) Using 8 workers of 8 for evacuation
[2024-08-29T23:16:06.254+0800] GC(1778)   Pre Evacuate Collection Set: 0.4ms
[2024-08-29T23:16:06.254+0800] GC(1778)   Merge Heap Roots: 0.1ms
[2024-08-29T23:16:06.254+0800] GC(1778)   Evacuate Collection Set: 0.4ms
[2024-08-29T23:16:06.254+0800] GC(1778)   Post Evacuate Collection Set: 0.5ms
[2024-08-29T23:16:06.254+0800] GC(1778)   Other: 0.2ms
[2024-08-29T23:16:06.254+0800] GC(1778) Eden regions: 4->0(1228)
[2024-08-29T23:16:06.254+0800] GC(1778) Survivor regions: 0->0(154)
[2024-08-29T23:16:06.254+0800] GC(1778) Old regions: 1->1
[2024-08-29T23:16:06.254+0800] GC(1778) Archive regions: 2->2
[2024-08-29T23:16:06.254+0800] GC(1778) Humongous regions: 920->497
[2024-08-29T23:16:06.254+0800] GC(1778) Metaspace: 1630K(1792K)->1630K(1792K) NonClass: 1510K(1600K)->1510K(1600K) Class: 119K(192K)->119K(192K)
[2024-08-29T23:16:06.254+0800] GC(1778) Pause Young (Concurrent Start) (G1 Humongous Allocation) 925M->498M(2048M) 1.643ms
[2024-08-29T23:16:06.254+0800] GC(1778) User=0.00s Sys=0.00s Real=0.00s
[2024-08-29T23:16:06.254+0800] GC(1779) Concurrent Undo Cycle
[2024-08-29T23:16:06.254+0800] GC(1779) Concurrent Cleanup for Next Mark
[2024-08-29T23:16:06.259+0800] GC(1779) Concurrent Cleanup for Next Mark 4.674ms
[2024-08-29T23:16:06.259+0800] GC(1779) Concurrent Undo Cycle 4.793ms
[2024-08-29T23:16:06.407+0800] GC(1780) Pause Young (Concurrent Start) (G1 Humongous Allocation)
[2024-08-29T23:16:06.407+0800] GC(1780) Using 8 workers of 8 for evacuation
[2024-08-29T23:16:06.409+0800] GC(1780)   Pre Evacuate Collection Set: 0.3ms
[2024-08-29T23:16:06.409+0800] GC(1780)   Merge Heap Roots: 0.1ms
[2024-08-29T23:16:06.409+0800] GC(1780)   Evacuate Collection Set: 0.3ms
[2024-08-29T23:16:06.409+0800] GC(1780)   Post Evacuate Collection Set: 0.4ms
[2024-08-29T23:16:06.409+0800] GC(1780)   Other: 0.2ms
[2024-08-29T23:16:06.409+0800] GC(1780) Eden regions: 4->0(1228)
[2024-08-29T23:16:06.409+0800] GC(1780) Survivor regions: 0->0(154)
[2024-08-29T23:16:06.409+0800] GC(1780) Old regions: 1->1
[2024-08-29T23:16:06.409+0800] GC(1780) Archive regions: 2->2
[2024-08-29T23:16:06.409+0800] GC(1780) Humongous regions: 916->573
[2024-08-29T23:16:06.409+0800] GC(1780) Metaspace: 1630K(1792K)->1630K(1792K) NonClass: 1510K(1600K)->1510K(1600K) Class: 119K(192K)->119K(192K)
[2024-08-29T23:16:06.409+0800] GC(1780) Pause Young (Concurrent Start) (G1 Humongous Allocation) 921M->574M(2048M) 1.424ms
[2024-08-29T23:16:06.409+0800] GC(1780) User=0.00s Sys=0.00s Real=0.00s
[2024-08-29T23:16:06.409+0800] GC(1781) Concurrent Undo Cycle
[2024-08-29T23:16:06.409+0800] GC(1781) Concurrent Cleanup for Next Mark
[2024-08-29T23:16:06.413+0800] GC(1781) Concurrent Cleanup for Next Mark 4.226ms
[2024-08-29T23:16:06.413+0800] GC(1781) Concurrent Undo Cycle 4.285ms
[2024-08-29T23:16:06.564+0800] GC(1782) Pause Young (Concurrent Start) (G1 Humongous Allocation)
[2024-08-29T23:16:06.564+0800] GC(1782) Using 8 workers of 8 for evacuation
[2024-08-29T23:16:06.565+0800] GC(1782)   Pre Evacuate Collection Set: 0.4ms
[2024-08-29T23:16:06.565+0800] GC(1782)   Merge Heap Roots: 0.1ms
[2024-08-29T23:16:06.565+0800] GC(1782)   Evacuate Collection Set: 0.3ms
[2024-08-29T23:16:06.565+0800] GC(1782)   Post Evacuate Collection Set: 0.4ms
[2024-08-29T23:16:06.565+0800] GC(1782)   Other: 0.2ms
[2024-08-29T23:16:06.565+0800] GC(1782) Eden regions: 4->0(1228)
[2024-08-29T23:16:06.565+0800] GC(1782) Survivor regions: 0->0(154)
[2024-08-29T23:16:06.565+0800] GC(1782) Old regions: 1->1
[2024-08-29T23:16:06.565+0800] GC(1782) Archive regions: 2->2
[2024-08-29T23:16:06.565+0800] GC(1782) Humongous regions: 918->568
[2024-08-29T23:16:06.565+0800] GC(1782) Metaspace: 1630K(1792K)->1630K(1792K) NonClass: 1510K(1600K)->1510K(1600K) Class: 119K(192K)->119K(192K)
[2024-08-29T23:16:06.565+0800] GC(1782) Pause Young (Concurrent Start) (G1 Humongous Allocation) 923M->569M(2048M) 1.585ms
[2024-08-29T23:16:06.565+0800] GC(1782) User=0.00s Sys=0.00s Real=0.00s
[2024-08-29T23:16:06.565+0800] GC(1783) Concurrent Undo Cycle
[2024-08-29T23:16:06.565+0800] GC(1783) Concurrent Cleanup for Next Mark
[2024-08-29T23:16:06.570+0800] GC(1783) Concurrent Cleanup for Next Mark 4.693ms
[2024-08-29T23:16:06.570+0800] GC(1783) Concurrent Undo Cycle 4.781ms
[2024-08-29T23:16:06.705+0800] GC(1784) Pause Young (Concurrent Start) (G1 Humongous Allocation)
[2024-08-29T23:16:06.705+0800] GC(1784) Using 8 workers of 8 for evacuation
[2024-08-29T23:16:06.707+0800] GC(1784)   Pre Evacuate Collection Set: 0.2ms
[2024-08-29T23:16:06.707+0800] GC(1784)   Merge Heap Roots: 0.5ms
[2024-08-29T23:16:06.707+0800] GC(1784)   Evacuate Collection Set: 0.4ms
[2024-08-29T23:16:06.707+0800] GC(1784)   Post Evacuate Collection Set: 0.5ms
[2024-08-29T23:16:06.707+0800] GC(1784)   Other: 0.3ms
[2024-08-29T23:16:06.707+0800] GC(1784) Eden regions: 4->0(1228)
[2024-08-29T23:16:06.707+0800] GC(1784) Survivor regions: 0->0(154)
[2024-08-29T23:16:06.707+0800] GC(1784) Old regions: 1->1
[2024-08-29T23:16:06.707+0800] GC(1784) Archive regions: 2->2
[2024-08-29T23:16:06.707+0800] GC(1784) Humongous regions: 917->571
[2024-08-29T23:16:06.707+0800] GC(1784) Metaspace: 1630K(1792K)->1630K(1792K) NonClass: 1510K(1600K)->1510K(1600K) Class: 119K(192K)->119K(192K)
[2024-08-29T23:16:06.707+0800] GC(1784) Pause Young (Concurrent Start) (G1 Humongous Allocation) 922M->572M(2048M) 1.944ms
[2024-08-29T23:16:06.707+0800] GC(1784) User=0.00s Sys=0.00s Real=0.00s
[2024-08-29T23:16:06.707+0800] GC(1785) Concurrent Undo Cycle
[2024-08-29T23:16:06.707+0800] GC(1785) Concurrent Cleanup for Next Mark
[2024-08-29T23:16:06.714+0800] GC(1785) Concurrent Cleanup for Next Mark 6.400ms
[2024-08-29T23:16:06.714+0800] GC(1785) Concurrent Undo Cycle 6.500ms
[2024-08-29T23:16:06.847+0800] GC(1786) Pause Young (Concurrent Start) (G1 Humongous Allocation)
[2024-08-29T23:16:06.847+0800] GC(1786) Using 8 workers of 8 for evacuation
[2024-08-29T23:16:06.848+0800] GC(1786)   Pre Evacuate Collection Set: 0.3ms
[2024-08-29T23:16:06.848+0800] GC(1786)   Merge Heap Roots: 0.1ms
[2024-08-29T23:16:06.848+0800] GC(1786)   Evacuate Collection Set: 0.4ms
[2024-08-29T23:16:06.848+0800] GC(1786)   Post Evacuate Collection Set: 0.5ms
[2024-08-29T23:16:06.848+0800] GC(1786)   Other: 0.2ms
[2024-08-29T23:16:06.848+0800] GC(1786) Eden regions: 4->0(1227)
[2024-08-29T23:16:06.848+0800] GC(1786) Survivor regions: 0->1(154)
[2024-08-29T23:16:06.848+0800] GC(1786) Old regions: 1->1
[2024-08-29T23:16:06.848+0800] GC(1786) Archive regions: 2->2
[2024-08-29T23:16:06.848+0800] GC(1786) Humongous regions: 918->565
[2024-08-29T23:16:06.848+0800] GC(1786) Metaspace: 1630K(1792K)->1630K(1792K) NonClass: 1510K(1600K)->1510K(1600K) Class: 119K(192K)->119K(192K)
[2024-08-29T23:16:06.848+0800] GC(1786) Pause Young (Concurrent Start) (G1 Humongous Allocation) 923M->566M(2048M) 1.567ms
[2024-08-29T23:16:06.848+0800] GC(1786) User=0.00s Sys=0.01s Real=0.00s
[2024-08-29T23:16:06.848+0800] GC(1787) Concurrent Undo Cycle
[2024-08-29T23:16:06.848+0800] GC(1787) Concurrent Cleanup for Next Mark
[2024-08-29T23:16:06.853+0800] GC(1787) Concurrent Cleanup for Next Mark 4.268ms
[2024-08-29T23:16:06.853+0800] GC(1787) Concurrent Undo Cycle 4.387ms
[2024-08-29T23:16:06.973+0800] GC(1788) Pause Young (Concurrent Start) (G1 Humongous Allocation)
[2024-08-29T23:16:06.973+0800] GC(1788) Using 8 workers of 8 for evacuation
[2024-08-29T23:16:06.975+0800] GC(1788)   Pre Evacuate Collection Set: 0.3ms
[2024-08-29T23:16:06.975+0800] GC(1788)   Merge Heap Roots: 0.1ms
[2024-08-29T23:16:06.975+0800] GC(1788)   Evacuate Collection Set: 0.4ms
[2024-08-29T23:16:06.975+0800] GC(1788)   Post Evacuate Collection Set: 0.5ms
[2024-08-29T23:16:06.975+0800] GC(1788)   Other: 0.2ms
[2024-08-29T23:16:06.975+0800] GC(1788) Eden regions: 4->0(1211)
[2024-08-29T23:16:06.975+0800] GC(1788) Survivor regions: 1->1(154)
[2024-08-29T23:16:06.975+0800] GC(1788) Old regions: 1->1
[2024-08-29T23:16:06.975+0800] GC(1788) Archive regions: 2->2
[2024-08-29T23:16:06.975+0800] GC(1788) Humongous regions: 918->625
[2024-08-29T23:16:06.975+0800] GC(1788) Metaspace: 1630K(1792K)->1630K(1792K) NonClass: 1510K(1600K)->1510K(1600K) Class: 119K(192K)->119K(192K)
[2024-08-29T23:16:06.975+0800] GC(1788) Pause Young (Concurrent Start) (G1 Humongous Allocation) 923M->626M(2048M) 1.550ms
[2024-08-29T23:16:06.975+0800] GC(1788) User=0.00s Sys=0.01s Real=0.00s
[2024-08-29T23:16:06.975+0800] GC(1789) Concurrent Undo Cycle
[2024-08-29T23:16:06.975+0800] GC(1789) Concurrent Cleanup for Next Mark
[2024-08-29T23:16:06.980+0800] GC(1789) Concurrent Cleanup for Next Mark 5.024ms
[2024-08-29T23:16:06.980+0800] GC(1789) Concurrent Undo Cycle 5.111ms
[2024-08-29T23:16:07.096+0800] GC(1790) Pause Young (Concurrent Start) (G1 Humongous Allocation)
[2024-08-29T23:16:07.097+0800] GC(1790) Using 8 workers of 8 for evacuation
[2024-08-29T23:16:07.098+0800] GC(1790)   Pre Evacuate Collection Set: 0.3ms
[2024-08-29T23:16:07.098+0800] GC(1790)   Merge Heap Roots: 0.1ms
[2024-08-29T23:16:07.098+0800] GC(1790)   Evacuate Collection Set: 0.3ms
[2024-08-29T23:16:07.098+0800] GC(1790)   Post Evacuate Collection Set: 0.4ms
[2024-08-29T23:16:07.098+0800] GC(1790)   Other: 0.2ms
[2024-08-29T23:16:07.098+0800] GC(1790) Eden regions: 4->0(1223)
[2024-08-29T23:16:07.098+0800] GC(1790) Survivor regions: 1->0(152)
[2024-08-29T23:16:07.098+0800] GC(1790) Old regions: 1->1
[2024-08-29T23:16:07.098+0800] GC(1790) Archive regions: 2->2
[2024-08-29T23:16:07.098+0800] GC(1790) Humongous regions: 919->614
[2024-08-29T23:16:07.098+0800] GC(1790) Metaspace: 1630K(1792K)->1630K(1792K) NonClass: 1510K(1600K)->1510K(1600K) Class: 119K(192K)->119K(192K)
[2024-08-29T23:16:07.098+0800] GC(1790) Pause Young (Concurrent Start) (G1 Humongous Allocation) 924M->615M(2048M) 1.438ms
[2024-08-29T23:16:07.098+0800] GC(1790) User=0.00s Sys=0.00s Real=0.00s
[2024-08-29T23:16:07.098+0800] GC(1791) Concurrent Undo Cycle
[2024-08-29T23:16:07.098+0800] GC(1791) Concurrent Cleanup for Next Mark
[2024-08-29T23:16:07.102+0800] GC(1791) Concurrent Cleanup for Next Mark 4.403ms
[2024-08-29T23:16:07.102+0800] GC(1791) Concurrent Undo Cycle 4.496ms
[2024-08-29T23:16:07.216+0800] GC(1792) Pause Young (Concurrent Start) (G1 Humongous Allocation)
[2024-08-29T23:16:07.216+0800] GC(1792) Using 8 workers of 8 for evacuation
[2024-08-29T23:16:07.218+0800] GC(1792)   Pre Evacuate Collection Set: 0.6ms
[2024-08-29T23:16:07.218+0800] GC(1792)   Merge Heap Roots: 0.1ms
[2024-08-29T23:16:07.218+0800] GC(1792)   Evacuate Collection Set: 0.4ms
[2024-08-29T23:16:07.218+0800] GC(1792)   Post Evacuate Collection Set: 0.5ms
[2024-08-29T23:16:07.218+0800] GC(1792)   Other: 0.2ms
[2024-08-29T23:16:07.218+0800] GC(1792) Eden regions: 4->0(1210)
[2024-08-29T23:16:07.218+0800] GC(1792) Survivor regions: 0->0(153)
[2024-08-29T23:16:07.218+0800] GC(1792) Old regions: 1->1
[2024-08-29T23:16:07.218+0800] GC(1792) Archive regions: 2->2
[2024-08-29T23:16:07.218+0800] GC(1792) Humongous regions: 917->628
[2024-08-29T23:16:07.218+0800] GC(1792) Metaspace: 1630K(1792K)->1630K(1792K) NonClass: 1510K(1600K)->1510K(1600K) Class: 119K(192K)->119K(192K)
[2024-08-29T23:16:07.218+0800] GC(1792) Pause Young (Concurrent Start) (G1 Humongous Allocation) 922M->629M(2048M) 1.831ms
[2024-08-29T23:16:07.218+0800] GC(1792) User=0.00s Sys=0.00s Real=0.00s
[2024-08-29T23:16:07.218+0800] GC(1793) Concurrent Undo Cycle
[2024-08-29T23:16:07.218+0800] GC(1793) Concurrent Cleanup for Next Mark
[2024-08-29T23:16:07.223+0800] GC(1793) Concurrent Cleanup for Next Mark 5.053ms
[2024-08-29T23:16:07.223+0800] GC(1793) Concurrent Undo Cycle 5.145ms
[2024-08-29T23:16:07.332+0800] GC(1794) Pause Young (Concurrent Start) (G1 Humongous Allocation)
[2024-08-29T23:16:07.333+0800] GC(1794) Using 8 workers of 8 for evacuation
[2024-08-29T23:16:07.334+0800] GC(1794)   Pre Evacuate Collection Set: 0.3ms
[2024-08-29T23:16:07.334+0800] GC(1794)   Merge Heap Roots: 0.1ms
[2024-08-29T23:16:07.334+0800] GC(1794)   Evacuate Collection Set: 0.4ms
[2024-08-29T23:16:07.334+0800] GC(1794)   Post Evacuate Collection Set: 0.4ms
[2024-08-29T23:16:07.334+0800] GC(1794)   Other: 0.2ms
[2024-08-29T23:16:07.334+0800] GC(1794) Eden regions: 4->0(1228)
[2024-08-29T23:16:07.334+0800] GC(1794) Survivor regions: 0->0(152)
[2024-08-29T23:16:07.334+0800] GC(1794) Old regions: 1->1
[2024-08-29T23:16:07.334+0800] GC(1794) Archive regions: 2->2
[2024-08-29T23:16:07.334+0800] GC(1794) Humongous regions: 915->601
[2024-08-29T23:16:07.334+0800] GC(1794) Metaspace: 1630K(1792K)->1630K(1792K) NonClass: 1510K(1600K)->1510K(1600K) Class: 119K(192K)->119K(192K)
[2024-08-29T23:16:07.334+0800] GC(1794) Pause Young (Concurrent Start) (G1 Humongous Allocation) 920M->602M(2048M) 1.514ms
[2024-08-29T23:16:07.334+0800] GC(1794) User=0.00s Sys=0.00s Real=0.00s
[2024-08-29T23:16:07.334+0800] GC(1795) Concurrent Undo Cycle
[2024-08-29T23:16:07.334+0800] GC(1795) Concurrent Cleanup for Next Mark
[2024-08-29T23:16:07.339+0800] GC(1795) Concurrent Cleanup for Next Mark 4.536ms
[2024-08-29T23:16:07.339+0800] GC(1795) Concurrent Undo Cycle 4.617ms
[2024-08-29T23:16:07.480+0800] GC(1796) Pause Young (Concurrent Start) (G1 Humongous Allocation)
[2024-08-29T23:16:07.480+0800] GC(1796) Using 8 workers of 8 for evacuation
[2024-08-29T23:16:07.482+0800] GC(1796)   Pre Evacuate Collection Set: 0.3ms
[2024-08-29T23:16:07.482+0800] GC(1796)   Merge Heap Roots: 0.2ms
[2024-08-29T23:16:07.482+0800] GC(1796)   Evacuate Collection Set: 0.4ms
[2024-08-29T23:16:07.482+0800] GC(1796)   Post Evacuate Collection Set: 0.5ms
[2024-08-29T23:16:07.482+0800] GC(1796)   Other: 0.2ms
[2024-08-29T23:16:07.482+0800] GC(1796) Eden regions: 4->0(1228)
[2024-08-29T23:16:07.482+0800] GC(1796) Survivor regions: 0->0(154)
[2024-08-29T23:16:07.482+0800] GC(1796) Old regions: 1->1
[2024-08-29T23:16:07.482+0800] GC(1796) Archive regions: 2->2
[2024-08-29T23:16:07.482+0800] GC(1796) Humongous regions: 918->561
[2024-08-29T23:16:07.482+0800] GC(1796) Metaspace: 1630K(1792K)->1630K(1792K) NonClass: 1510K(1600K)->1510K(1600K) Class: 119K(192K)->119K(192K)
[2024-08-29T23:16:07.482+0800] GC(1796) Pause Young (Concurrent Start) (G1 Humongous Allocation) 923M->562M(2048M) 1.723ms
[2024-08-29T23:16:07.482+0800] GC(1796) User=0.00s Sys=0.00s Real=0.00s
[2024-08-29T23:16:07.482+0800] GC(1797) Concurrent Undo Cycle
[2024-08-29T23:16:07.482+0800] GC(1797) Concurrent Cleanup for Next Mark
[2024-08-29T23:16:07.486+0800] GC(1797) Concurrent Cleanup for Next Mark 4.522ms
[2024-08-29T23:16:07.486+0800] GC(1797) Concurrent Undo Cycle 4.586ms
[2024-08-29T23:16:07.607+0800] GC(1798) Pause Young (Concurrent Start) (G1 Humongous Allocation)
[2024-08-29T23:16:07.607+0800] GC(1798) Using 8 workers of 8 for evacuation
[2024-08-29T23:16:07.609+0800] GC(1798)   Pre Evacuate Collection Set: 0.3ms
[2024-08-29T23:16:07.609+0800] GC(1798)   Merge Heap Roots: 0.1ms
[2024-08-29T23:16:07.609+0800] GC(1798)   Evacuate Collection Set: 0.4ms
[2024-08-29T23:16:07.609+0800] GC(1798)   Post Evacuate Collection Set: 0.4ms
[2024-08-29T23:16:07.609+0800] GC(1798)   Other: 0.3ms
[2024-08-29T23:16:07.609+0800] GC(1798) Eden regions: 4->0(1180)
[2024-08-29T23:16:07.609+0800] GC(1798) Survivor regions: 0->0(154)
[2024-08-29T23:16:07.609+0800] GC(1798) Old regions: 1->1
[2024-08-29T23:16:07.609+0800] GC(1798) Archive regions: 2->2
[2024-08-29T23:16:07.609+0800] GC(1798) Humongous regions: 918->659
[2024-08-29T23:16:07.609+0800] GC(1798) Metaspace: 1630K(1792K)->1630K(1792K) NonClass: 1510K(1600K)->1510K(1600K) Class: 119K(192K)->119K(192K)
[2024-08-29T23:16:07.609+0800] GC(1798) Pause Young (Concurrent Start) (G1 Humongous Allocation) 923M->660M(2048M) 1.716ms
[2024-08-29T23:16:07.609+0800] GC(1798) User=0.00s Sys=0.00s Real=0.00s
[2024-08-29T23:16:07.609+0800] GC(1799) Concurrent Undo Cycle
[2024-08-29T23:16:07.609+0800] GC(1799) Concurrent Cleanup for Next Mark
[2024-08-29T23:16:07.613+0800] GC(1799) Concurrent Cleanup for Next Mark 4.473ms
[2024-08-29T23:16:07.613+0800] GC(1799) Concurrent Undo Cycle 4.548ms
[2024-08-29T23:16:07.705+0800] GC(1800) Pause Young (Concurrent Start) (G1 Humongous Allocation)
[2024-08-29T23:16:07.705+0800] GC(1800) Using 8 workers of 8 for evacuation
[2024-08-29T23:16:07.706+0800] GC(1800)   Pre Evacuate Collection Set: 0.4ms
[2024-08-29T23:16:07.706+0800] GC(1800)   Merge Heap Roots: 0.1ms
[2024-08-29T23:16:07.706+0800] GC(1800)   Evacuate Collection Set: 0.4ms
[2024-08-29T23:16:07.706+0800] GC(1800)   Post Evacuate Collection Set: 0.4ms
[2024-08-29T23:16:07.706+0800] GC(1800)   Other: 0.2ms
[2024-08-29T23:16:07.706+0800] GC(1800) Eden regions: 4->0(1177)
[2024-08-29T23:16:07.706+0800] GC(1800) Survivor regions: 0->0(148)
[2024-08-29T23:16:07.706+0800] GC(1800) Old regions: 1->1
[2024-08-29T23:16:07.706+0800] GC(1800) Archive regions: 2->2
[2024-08-29T23:16:07.706+0800] GC(1800) Humongous regions: 918->662
[2024-08-29T23:16:07.706+0800] GC(1800) Metaspace: 1630K(1792K)->1630K(1792K) NonClass: 1510K(1600K)->1510K(1600K) Class: 119K(192K)->119K(192K)
[2024-08-29T23:16:07.706+0800] GC(1800) Pause Young (Concurrent Start) (G1 Humongous Allocation) 923M->663M(2048M) 1.565ms
[2024-08-29T23:16:07.706+0800] GC(1800) User=0.00s Sys=0.00s Real=0.00s
[2024-08-29T23:16:07.706+0800] GC(1801) Concurrent Undo Cycle
[2024-08-29T23:16:07.706+0800] GC(1801) Concurrent Cleanup for Next Mark
[2024-08-29T23:16:07.710+0800] GC(1801) Concurrent Cleanup for Next Mark 3.891ms
[2024-08-29T23:16:07.710+0800] GC(1801) Concurrent Undo Cycle 3.941ms
[2024-08-29T23:16:07.814+0800] GC(1802) Pause Young (Concurrent Start) (G1 Humongous Allocation)
[2024-08-29T23:16:07.814+0800] GC(1802) Using 8 workers of 8 for evacuation
[2024-08-29T23:16:07.815+0800] GC(1802)   Pre Evacuate Collection Set: 0.2ms
[2024-08-29T23:16:07.815+0800] GC(1802)   Merge Heap Roots: 0.1ms
[2024-08-29T23:16:07.815+0800] GC(1802)   Evacuate Collection Set: 0.5ms
[2024-08-29T23:16:07.815+0800] GC(1802)   Post Evacuate Collection Set: 0.4ms
[2024-08-29T23:16:07.815+0800] GC(1802)   Other: 0.2ms
[2024-08-29T23:16:07.815+0800] GC(1802) Eden regions: 4->0(1129)
[2024-08-29T23:16:07.815+0800] GC(1802) Survivor regions: 0->1(148)
[2024-08-29T23:16:07.815+0800] GC(1802) Old regions: 1->1
[2024-08-29T23:16:07.815+0800] GC(1802) Archive regions: 2->2
[2024-08-29T23:16:07.815+0800] GC(1802) Humongous regions: 918->709
[2024-08-29T23:16:07.815+0800] GC(1802) Metaspace: 1630K(1792K)->1630K(1792K) NonClass: 1510K(1600K)->1510K(1600K) Class: 119K(192K)->119K(192K)
[2024-08-29T23:16:07.815+0800] GC(1802) Pause Young (Concurrent Start) (G1 Humongous Allocation) 923M->710M(2048M) 1.562ms
[2024-08-29T23:16:07.815+0800] GC(1802) User=0.00s Sys=0.01s Real=0.00s
[2024-08-29T23:16:07.816+0800] GC(1803) Concurrent Undo Cycle
[2024-08-29T23:16:07.816+0800] GC(1803) Concurrent Cleanup for Next Mark
[2024-08-29T23:16:07.820+0800] GC(1803) Concurrent Cleanup for Next Mark 4.654ms
[2024-08-29T23:16:07.820+0800] GC(1803) Concurrent Undo Cycle 4.757ms
[2024-08-29T23:16:07.905+0800] GC(1804) Pause Young (Concurrent Start) (G1 Humongous Allocation)
[2024-08-29T23:16:07.905+0800] GC(1804) Using 8 workers of 8 for evacuation
[2024-08-29T23:16:07.906+0800] GC(1804)   Pre Evacuate Collection Set: 0.3ms
[2024-08-29T23:16:07.906+0800] GC(1804)   Merge Heap Roots: 0.1ms
[2024-08-29T23:16:07.906+0800] GC(1804)   Evacuate Collection Set: 0.4ms
[2024-08-29T23:16:07.906+0800] GC(1804)   Post Evacuate Collection Set: 0.4ms
[2024-08-29T23:16:07.906+0800] GC(1804)   Other: 0.2ms
[2024-08-29T23:16:07.906+0800] GC(1804) Eden regions: 4->0(1136)
[2024-08-29T23:16:07.906+0800] GC(1804) Survivor regions: 1->0(142)
[2024-08-29T23:16:07.906+0800] GC(1804) Old regions: 1->1
[2024-08-29T23:16:07.906+0800] GC(1804) Archive regions: 2->2
[2024-08-29T23:16:07.906+0800] GC(1804) Humongous regions: 917->703
[2024-08-29T23:16:07.906+0800] GC(1804) Metaspace: 1630K(1792K)->1630K(1792K) NonClass: 1510K(1600K)->1510K(1600K) Class: 119K(192K)->119K(192K)
[2024-08-29T23:16:07.906+0800] GC(1804) Pause Young (Concurrent Start) (G1 Humongous Allocation) 922M->704M(2048M) 1.411ms
[2024-08-29T23:16:07.906+0800] GC(1804) User=0.00s Sys=0.00s Real=0.00s
[2024-08-29T23:16:07.907+0800] GC(1805) Concurrent Undo Cycle
[2024-08-29T23:16:07.907+0800] GC(1805) Concurrent Cleanup for Next Mark
[2024-08-29T23:16:07.913+0800] GC(1805) Concurrent Cleanup for Next Mark 6.257ms
[2024-08-29T23:16:07.913+0800] GC(1805) Concurrent Undo Cycle 6.480ms
[2024-08-29T23:16:07.979+0800] GC(1806) Pause Young (Concurrent Start) (G1 Humongous Allocation)
[2024-08-29T23:16:07.979+0800] GC(1806) Using 8 workers of 8 for evacuation
[2024-08-29T23:16:07.980+0800] GC(1806)   Pre Evacuate Collection Set: 0.3ms
[2024-08-29T23:16:07.980+0800] GC(1806)   Merge Heap Roots: 0.1ms
[2024-08-29T23:16:07.980+0800] GC(1806)   Evacuate Collection Set: 0.5ms
[2024-08-29T23:16:07.980+0800] GC(1806)   Post Evacuate Collection Set: 0.4ms
[2024-08-29T23:16:07.980+0800] GC(1806)   Other: 0.3ms
[2024-08-29T23:16:07.980+0800] GC(1806) Eden regions: 4->0(1037)
[2024-08-29T23:16:07.980+0800] GC(1806) Survivor regions: 0->0(142)
[2024-08-29T23:16:07.980+0800] GC(1806) Old regions: 1->1
[2024-08-29T23:16:07.980+0800] GC(1806) Archive regions: 2->2
[2024-08-29T23:16:07.980+0800] GC(1806) Humongous regions: 918->802
[2024-08-29T23:16:07.980+0800] GC(1806) Metaspace: 1630K(1792K)->1630K(1792K) NonClass: 1510K(1600K)->1510K(1600K) Class: 119K(192K)->119K(192K)
[2024-08-29T23:16:07.980+0800] GC(1806) Pause Young (Concurrent Start) (G1 Humongous Allocation) 923M->803M(2048M) 1.695ms
[2024-08-29T23:16:07.980+0800] GC(1806) User=0.00s Sys=0.00s Real=0.00s
[2024-08-29T23:16:07.980+0800] GC(1807) Concurrent Undo Cycle
[2024-08-29T23:16:07.980+0800] GC(1807) Concurrent Cleanup for Next Mark
[2024-08-29T23:16:07.985+0800] GC(1807) Concurrent Cleanup for Next Mark 4.496ms
[2024-08-29T23:16:07.985+0800] GC(1807) Concurrent Undo Cycle 4.596ms
[2024-08-29T23:16:08.027+0800] GC(1808) Pause Young (Concurrent Start) (G1 Humongous Allocation)
[2024-08-29T23:16:08.027+0800] GC(1808) Using 8 workers of 8 for evacuation
[2024-08-29T23:16:08.028+0800] GC(1808)   Pre Evacuate Collection Set: 0.3ms
[2024-08-29T23:16:08.028+0800] GC(1808)   Merge Heap Roots: 0.1ms
[2024-08-29T23:16:08.028+0800] GC(1808)   Evacuate Collection Set: 0.6ms
[2024-08-29T23:16:08.028+0800] GC(1808)   Post Evacuate Collection Set: 0.3ms
[2024-08-29T23:16:08.028+0800] GC(1808)   Other: 0.3ms
[2024-08-29T23:16:08.028+0800] GC(1808) Eden regions: 4->0(1009)
[2024-08-29T23:16:08.028+0800] GC(1808) Survivor regions: 0->0(130)
[2024-08-29T23:16:08.028+0800] GC(1808) Old regions: 1->1
[2024-08-29T23:16:08.028+0800] GC(1808) Archive regions: 2->2
[2024-08-29T23:16:08.028+0800] GC(1808) Humongous regions: 918->830
[2024-08-29T23:16:08.028+0800] GC(1808) Metaspace: 1630K(1792K)->1630K(1792K) NonClass: 1510K(1600K)->1510K(1600K) Class: 119K(192K)->119K(192K)
[2024-08-29T23:16:08.028+0800] GC(1808) Pause Young (Concurrent Start) (G1 Humongous Allocation) 923M->831M(2048M) 1.621ms
[2024-08-29T23:16:08.028+0800] GC(1808) User=0.00s Sys=0.01s Real=0.00s
[2024-08-29T23:16:08.028+0800] GC(1809) Concurrent Undo Cycle
[2024-08-29T23:16:08.028+0800] GC(1809) Concurrent Cleanup for Next Mark
[2024-08-29T23:16:08.035+0800] GC(1809) Concurrent Cleanup for Next Mark 6.872ms
[2024-08-29T23:16:08.035+0800] GC(1809) Concurrent Undo Cycle 7.000ms
[2024-08-29T23:16:08.069+0800] GC(1810) Pause Young (Concurrent Start) (G1 Humongous Allocation)
[2024-08-29T23:16:08.069+0800] GC(1810) Using 8 workers of 8 for evacuation
[2024-08-29T23:16:08.070+0800] GC(1810)   Pre Evacuate Collection Set: 0.3ms
[2024-08-29T23:16:08.070+0800] GC(1810)   Merge Heap Roots: 0.1ms
[2024-08-29T23:16:08.070+0800] GC(1810)   Evacuate Collection Set: 0.4ms
[2024-08-29T23:16:08.070+0800] GC(1810)   Post Evacuate Collection Set: 0.4ms
[2024-08-29T23:16:08.070+0800] GC(1810)   Other: 0.2ms
[2024-08-29T23:16:08.070+0800] GC(1810) Eden regions: 4->0(1056)
[2024-08-29T23:16:08.070+0800] GC(1810) Survivor regions: 0->0(127)
[2024-08-29T23:16:08.070+0800] GC(1810) Old regions: 1->1
[2024-08-29T23:16:08.070+0800] GC(1810) Archive regions: 2->2
[2024-08-29T23:16:08.070+0800] GC(1810) Humongous regions: 917->783
[2024-08-29T23:16:08.070+0800] GC(1810) Metaspace: 1630K(1792K)->1630K(1792K) NonClass: 1510K(1600K)->1510K(1600K) Class: 119K(192K)->119K(192K)
[2024-08-29T23:16:08.070+0800] GC(1810) Pause Young (Concurrent Start) (G1 Humongous Allocation) 922M->784M(2048M) 1.431ms
[2024-08-29T23:16:08.070+0800] GC(1810) User=0.00s Sys=0.00s Real=0.00s
[2024-08-29T23:16:08.070+0800] GC(1811) Concurrent Undo Cycle
[2024-08-29T23:16:08.070+0800] GC(1811) Concurrent Cleanup for Next Mark
[2024-08-29T23:16:08.076+0800] GC(1811) Concurrent Cleanup for Next Mark 5.829ms
[2024-08-29T23:16:08.076+0800] GC(1811) Concurrent Undo Cycle 5.934ms
[2024-08-29T23:16:08.117+0800] GC(1812) Pause Young (Concurrent Start) (G1 Humongous Allocation)
[2024-08-29T23:16:08.117+0800] GC(1812) Using 8 workers of 8 for evacuation
[2024-08-29T23:16:08.118+0800] GC(1812)   Pre Evacuate Collection Set: 0.2ms
[2024-08-29T23:16:08.118+0800] GC(1812)   Merge Heap Roots: 0.1ms
[2024-08-29T23:16:08.118+0800] GC(1812)   Evacuate Collection Set: 0.3ms
[2024-08-29T23:16:08.118+0800] GC(1812)   Post Evacuate Collection Set: 0.4ms
[2024-08-29T23:16:08.118+0800] GC(1812)   Other: 0.2ms
[2024-08-29T23:16:08.118+0800] GC(1812) Eden regions: 4->0(1037)
[2024-08-29T23:16:08.118+0800] GC(1812) Survivor regions: 0->0(132)
[2024-08-29T23:16:08.118+0800] GC(1812) Old regions: 1->1
[2024-08-29T23:16:08.118+0800] GC(1812) Archive regions: 2->2
[2024-08-29T23:16:08.118+0800] GC(1812) Humongous regions: 917->802
[2024-08-29T23:16:08.118+0800] GC(1812) Metaspace: 1630K(1792K)->1630K(1792K) NonClass: 1510K(1600K)->1510K(1600K) Class: 119K(192K)->119K(192K)
[2024-08-29T23:16:08.118+0800] GC(1812) Pause Young (Concurrent Start) (G1 Humongous Allocation) 922M->803M(2048M) 1.311ms
[2024-08-29T23:16:08.118+0800] GC(1812) User=0.00s Sys=0.00s Real=0.00s
[2024-08-29T23:16:08.118+0800] GC(1813) Concurrent Undo Cycle
[2024-08-29T23:16:08.118+0800] GC(1813) Concurrent Cleanup for Next Mark
[2024-08-29T23:16:08.122+0800] GC(1813) Concurrent Cleanup for Next Mark 4.031ms
[2024-08-29T23:16:08.122+0800] GC(1813) Concurrent Undo Cycle 4.158ms
[2024-08-29T23:16:08.149+0800] GC(1814) Pause Young (Concurrent Start) (G1 Humongous Allocation)
[2024-08-29T23:16:08.149+0800] GC(1814) Using 8 workers of 8 for evacuation
[2024-08-29T23:16:08.150+0800] GC(1814)   Pre Evacuate Collection Set: 0.3ms
[2024-08-29T23:16:08.150+0800] GC(1814)   Merge Heap Roots: 0.1ms
[2024-08-29T23:16:08.150+0800] GC(1814)   Evacuate Collection Set: 0.3ms
[2024-08-29T23:16:08.150+0800] GC(1814)   Post Evacuate Collection Set: 0.3ms
[2024-08-29T23:16:08.150+0800] GC(1814)   Other: 0.2ms
[2024-08-29T23:16:08.150+0800] GC(1814) Eden regions: 4->0(993)
[2024-08-29T23:16:08.150+0800] GC(1814) Survivor regions: 0->0(130)
[2024-08-29T23:16:08.150+0800] GC(1814) Old regions: 1->1
[2024-08-29T23:16:08.150+0800] GC(1814) Archive regions: 2->2
[2024-08-29T23:16:08.150+0800] GC(1814) Humongous regions: 915->846
[2024-08-29T23:16:08.150+0800] GC(1814) Metaspace: 1630K(1792K)->1630K(1792K) NonClass: 1510K(1600K)->1510K(1600K) Class: 119K(192K)->119K(192K)
[2024-08-29T23:16:08.150+0800] GC(1814) Pause Young (Concurrent Start) (G1 Humongous Allocation) 920M->847M(2048M) 1.278ms
[2024-08-29T23:16:08.150+0800] GC(1814) User=0.00s Sys=0.01s Real=0.00s
[2024-08-29T23:16:08.150+0800] GC(1815) Concurrent Undo Cycle
[2024-08-29T23:16:08.150+0800] GC(1815) Concurrent Cleanup for Next Mark
[2024-08-29T23:16:08.156+0800] GC(1815) Concurrent Cleanup for Next Mark 6.376ms
[2024-08-29T23:16:08.156+0800] GC(1815) Concurrent Undo Cycle 6.456ms
[2024-08-29T23:16:08.182+0800] GC(1816) Pause Young (Concurrent Start) (G1 Humongous Allocation)
[2024-08-29T23:16:08.183+0800] GC(1816) Using 8 workers of 8 for evacuation
[2024-08-29T23:16:08.183+0800] GC(1816)   Pre Evacuate Collection Set: 0.2ms
[2024-08-29T23:16:08.184+0800] GC(1816)   Merge Heap Roots: 0.1ms
[2024-08-29T23:16:08.184+0800] GC(1816)   Evacuate Collection Set: 0.3ms
[2024-08-29T23:16:08.184+0800] GC(1816)   Post Evacuate Collection Set: 0.3ms
[2024-08-29T23:16:08.184+0800] GC(1816)   Other: 0.2ms
[2024-08-29T23:16:08.184+0800] GC(1816) Eden regions: 4->0(995)
[2024-08-29T23:16:08.184+0800] GC(1816) Survivor regions: 0->1(125)
[2024-08-29T23:16:08.184+0800] GC(1816) Old regions: 1->1
[2024-08-29T23:16:08.184+0800] GC(1816) Archive regions: 2->2
[2024-08-29T23:16:08.184+0800] GC(1816) Humongous regions: 918->843
[2024-08-29T23:16:08.184+0800] GC(1816) Metaspace: 1630K(1792K)->1630K(1792K) NonClass: 1510K(1600K)->1510K(1600K) Class: 119K(192K)->119K(192K)
[2024-08-29T23:16:08.184+0800] GC(1816) Pause Young (Concurrent Start) (G1 Humongous Allocation) 923M->844M(2048M) 1.093ms
[2024-08-29T23:16:08.184+0800] GC(1816) User=0.01s Sys=0.00s Real=0.00s
[2024-08-29T23:16:08.184+0800] GC(1817) Concurrent Undo Cycle
[2024-08-29T23:16:08.184+0800] GC(1817) Concurrent Cleanup for Next Mark
[2024-08-29T23:16:08.188+0800] GC(1817) Concurrent Cleanup for Next Mark 4.473ms
[2024-08-29T23:16:08.188+0800] GC(1817) Concurrent Undo Cycle 4.539ms
[2024-08-29T23:16:08.213+0800] GC(1818) Pause Young (Concurrent Start) (G1 Humongous Allocation)
[2024-08-29T23:16:08.213+0800] GC(1818) Using 8 workers of 8 for evacuation
[2024-08-29T23:16:08.214+0800] GC(1818)   Pre Evacuate Collection Set: 0.4ms
[2024-08-29T23:16:08.214+0800] GC(1818)   Merge Heap Roots: 0.1ms
[2024-08-29T23:16:08.214+0800] GC(1818)   Evacuate Collection Set: 0.4ms
[2024-08-29T23:16:08.214+0800] GC(1818)   Post Evacuate Collection Set: 0.3ms
[2024-08-29T23:16:08.214+0800] GC(1818)   Other: 0.2ms
[2024-08-29T23:16:08.214+0800] GC(1818) Eden regions: 4->0(963)
[2024-08-29T23:16:08.214+0800] GC(1818) Survivor regions: 1->0(125)
[2024-08-29T23:16:08.214+0800] GC(1818) Old regions: 1->1
[2024-08-29T23:16:08.214+0800] GC(1818) Archive regions: 2->2
[2024-08-29T23:16:08.214+0800] GC(1818) Humongous regions: 917->876
[2024-08-29T23:16:08.214+0800] GC(1818) Metaspace: 1630K(1792K)->1630K(1792K) NonClass: 1510K(1600K)->1510K(1600K) Class: 119K(192K)->119K(192K)
[2024-08-29T23:16:08.214+0800] GC(1818) Pause Young (Concurrent Start) (G1 Humongous Allocation) 922M->877M(2048M) 1.493ms
[2024-08-29T23:16:08.214+0800] GC(1818) User=0.00s Sys=0.00s Real=0.00s
[2024-08-29T23:16:08.214+0800] GC(1819) Concurrent Undo Cycle
[2024-08-29T23:16:08.214+0800] GC(1819) Concurrent Cleanup for Next Mark
[2024-08-29T23:16:08.220+0800] GC(1819) Concurrent Cleanup for Next Mark 6.075ms
[2024-08-29T23:16:08.220+0800] GC(1819) Concurrent Undo Cycle 6.157ms
[2024-08-29T23:16:08.231+0800] GC(1820) Pause Young (Concurrent Start) (G1 Humongous Allocation)
[2024-08-29T23:16:08.231+0800] GC(1820) Using 8 workers of 8 for evacuation
[2024-08-29T23:16:08.232+0800] GC(1820)   Pre Evacuate Collection Set: 0.3ms
[2024-08-29T23:16:08.232+0800] GC(1820)   Merge Heap Roots: 0.1ms
[2024-08-29T23:16:08.232+0800] GC(1820)   Evacuate Collection Set: 0.4ms
[2024-08-29T23:16:08.232+0800] GC(1820)   Post Evacuate Collection Set: 0.3ms
[2024-08-29T23:16:08.232+0800] GC(1820)   Other: 0.2ms
[2024-08-29T23:16:08.232+0800] GC(1820) Eden regions: 4->0(974)
[2024-08-29T23:16:08.232+0800] GC(1820) Survivor regions: 0->0(121)
[2024-08-29T23:16:08.232+0800] GC(1820) Old regions: 1->1
[2024-08-29T23:16:08.232+0800] GC(1820) Archive regions: 2->2
[2024-08-29T23:16:08.232+0800] GC(1820) Humongous regions: 916->865
[2024-08-29T23:16:08.232+0800] GC(1820) Metaspace: 1630K(1792K)->1630K(1792K) NonClass: 1510K(1600K)->1510K(1600K) Class: 119K(192K)->119K(192K)
[2024-08-29T23:16:08.232+0800] GC(1820) Pause Young (Concurrent Start) (G1 Humongous Allocation) 921M->866M(2048M) 1.324ms
[2024-08-29T23:16:08.232+0800] GC(1820) User=0.00s Sys=0.00s Real=0.00s
[2024-08-29T23:16:08.232+0800] GC(1821) Concurrent Undo Cycle
[2024-08-29T23:16:08.232+0800] GC(1821) Concurrent Cleanup for Next Mark
[2024-08-29T23:16:08.236+0800] GC(1821) Concurrent Cleanup for Next Mark 4.356ms
[2024-08-29T23:16:08.236+0800] GC(1821) Concurrent Undo Cycle 4.449ms
[2024-08-29T23:16:08.261+0800] GC(1822) Pause Young (Concurrent Start) (G1 Humongous Allocation)
[2024-08-29T23:16:08.261+0800] GC(1822) Using 8 workers of 8 for evacuation
[2024-08-29T23:16:08.262+0800] GC(1822)   Pre Evacuate Collection Set: 0.4ms
[2024-08-29T23:16:08.262+0800] GC(1822)   Merge Heap Roots: 0.1ms
[2024-08-29T23:16:08.262+0800] GC(1822)   Evacuate Collection Set: 0.4ms
[2024-08-29T23:16:08.262+0800] GC(1822)   Post Evacuate Collection Set: 0.3ms
[2024-08-29T23:16:08.262+0800] GC(1822)   Other: 0.2ms
[2024-08-29T23:16:08.262+0800] GC(1822) Eden regions: 4->0(1011)
[2024-08-29T23:16:08.262+0800] GC(1822) Survivor regions: 0->0(122)
[2024-08-29T23:16:08.262+0800] GC(1822) Old regions: 1->1
[2024-08-29T23:16:08.262+0800] GC(1822) Archive regions: 2->2
[2024-08-29T23:16:08.262+0800] GC(1822) Humongous regions: 919->828
[2024-08-29T23:16:08.262+0800] GC(1822) Metaspace: 1630K(1792K)->1630K(1792K) NonClass: 1510K(1600K)->1510K(1600K) Class: 119K(192K)->119K(192K)
[2024-08-29T23:16:08.262+0800] GC(1822) Pause Young (Concurrent Start) (G1 Humongous Allocation) 924M->829M(2048M) 1.416ms
[2024-08-29T23:16:08.262+0800] GC(1822) User=0.00s Sys=0.00s Real=0.00s
[2024-08-29T23:16:08.262+0800] GC(1823) Concurrent Undo Cycle
[2024-08-29T23:16:08.262+0800] GC(1823) Concurrent Cleanup for Next Mark
[2024-08-29T23:16:08.268+0800] GC(1823) Concurrent Cleanup for Next Mark 6.291ms
[2024-08-29T23:16:08.269+0800] GC(1823) Concurrent Undo Cycle 6.416ms
[2024-08-29T23:16:08.296+0800] GC(1824) Pause Young (Concurrent Start) (G1 Humongous Allocation)
[2024-08-29T23:16:08.296+0800] GC(1824) Using 8 workers of 8 for evacuation
[2024-08-29T23:16:08.297+0800] GC(1824)   Pre Evacuate Collection Set: 0.3ms
[2024-08-29T23:16:08.298+0800] GC(1824)   Merge Heap Roots: 0.2ms
[2024-08-29T23:16:08.298+0800] GC(1824)   Evacuate Collection Set: 0.8ms
[2024-08-29T23:16:08.298+0800] GC(1824)   Post Evacuate Collection Set: 0.4ms
[2024-08-29T23:16:08.298+0800] GC(1824)   Other: 0.2ms
[2024-08-29T23:16:08.298+0800] GC(1824) Eden regions: 4->0(1040)
[2024-08-29T23:16:08.298+0800] GC(1824) Survivor regions: 0->0(127)
[2024-08-29T23:16:08.298+0800] GC(1824) Old regions: 1->1
[2024-08-29T23:16:08.298+0800] GC(1824) Archive regions: 2->2
[2024-08-29T23:16:08.298+0800] GC(1824) Humongous regions: 914->799
[2024-08-29T23:16:08.298+0800] GC(1824) Metaspace: 1630K(1792K)->1630K(1792K) NonClass: 1510K(1600K)->1510K(1600K) Class: 119K(192K)->119K(192K)
[2024-08-29T23:16:08.298+0800] GC(1824) Pause Young (Concurrent Start) (G1 Humongous Allocation) 919M->800M(2048M) 1.983ms
[2024-08-29T23:16:08.298+0800] GC(1824) User=0.01s Sys=0.00s Real=0.00s
[2024-08-29T23:16:08.298+0800] GC(1825) Concurrent Undo Cycle
[2024-08-29T23:16:08.298+0800] GC(1825) Concurrent Cleanup for Next Mark
[2024-08-29T23:16:08.302+0800] GC(1825) Concurrent Cleanup for Next Mark 4.780ms
[2024-08-29T23:16:08.303+0800] GC(1825) Concurrent Undo Cycle 4.964ms
[2024-08-29T23:16:08.345+0800] GC(1826) Pause Young (Concurrent Start) (G1 Humongous Allocation)
[2024-08-29T23:16:08.345+0800] GC(1826) Using 8 workers of 8 for evacuation
[2024-08-29T23:16:08.346+0800] GC(1826)   Pre Evacuate Collection Set: 0.3ms
[2024-08-29T23:16:08.346+0800] GC(1826)   Merge Heap Roots: 0.1ms
[2024-08-29T23:16:08.346+0800] GC(1826)   Evacuate Collection Set: 0.4ms
[2024-08-29T23:16:08.346+0800] GC(1826)   Post Evacuate Collection Set: 0.3ms
[2024-08-29T23:16:08.346+0800] GC(1826)   Other: 0.2ms
[2024-08-29T23:16:08.346+0800] GC(1826) Eden regions: 4->0(1009)
[2024-08-29T23:16:08.346+0800] GC(1826) Survivor regions: 0->0(130)
[2024-08-29T23:16:08.346+0800] GC(1826) Old regions: 1->1
[2024-08-29T23:16:08.346+0800] GC(1826) Archive regions: 2->2
[2024-08-29T23:16:08.346+0800] GC(1826) Humongous regions: 918->830
[2024-08-29T23:16:08.346+0800] GC(1826) Metaspace: 1630K(1792K)->1630K(1792K) NonClass: 1510K(1600K)->1510K(1600K) Class: 119K(192K)->119K(192K)
[2024-08-29T23:16:08.346+0800] GC(1826) Pause Young (Concurrent Start) (G1 Humongous Allocation) 923M->831M(2048M) 1.464ms
[2024-08-29T23:16:08.346+0800] GC(1826) User=0.00s Sys=0.00s Real=0.00s
[2024-08-29T23:16:08.346+0800] GC(1827) Concurrent Undo Cycle
[2024-08-29T23:16:08.346+0800] GC(1827) Concurrent Cleanup for Next Mark
[2024-08-29T23:16:08.351+0800] GC(1827) Concurrent Cleanup for Next Mark 5.042ms
[2024-08-29T23:16:08.352+0800] GC(1827) Concurrent Undo Cycle 5.222ms
[2024-08-29T23:16:08.372+0800] GC(1828) Pause Young (Concurrent Start) (G1 Humongous Allocation)
[2024-08-29T23:16:08.372+0800] GC(1828) Using 8 workers of 8 for evacuation
[2024-08-29T23:16:08.373+0800] GC(1828)   Pre Evacuate Collection Set: 0.3ms
[2024-08-29T23:16:08.373+0800] GC(1828)   Merge Heap Roots: 0.1ms
[2024-08-29T23:16:08.373+0800] GC(1828)   Evacuate Collection Set: 0.3ms
[2024-08-29T23:16:08.373+0800] GC(1828)   Post Evacuate Collection Set: 0.4ms
[2024-08-29T23:16:08.373+0800] GC(1828)   Other: 0.2ms
[2024-08-29T23:16:08.373+0800] GC(1828) Eden regions: 4->0(981)
[2024-08-29T23:16:08.373+0800] GC(1828) Survivor regions: 0->0(127)
[2024-08-29T23:16:08.373+0800] GC(1828) Old regions: 1->1
[2024-08-29T23:16:08.373+0800] GC(1828) Archive regions: 2->2
[2024-08-29T23:16:08.373+0800] GC(1828) Humongous regions: 918->858
[2024-08-29T23:16:08.373+0800] GC(1828) Metaspace: 1630K(1792K)->1630K(1792K) NonClass: 1510K(1600K)->1510K(1600K) Class: 119K(192K)->119K(192K)
[2024-08-29T23:16:08.373+0800] GC(1828) Pause Young (Concurrent Start) (G1 Humongous Allocation) 923M->859M(2048M) 1.355ms
[2024-08-29T23:16:08.373+0800] GC(1828) User=0.01s Sys=0.00s Real=0.01s
[2024-08-29T23:16:08.373+0800] GC(1829) Concurrent Undo Cycle
[2024-08-29T23:16:08.373+0800] GC(1829) Concurrent Cleanup for Next Mark
[2024-08-29T23:16:08.378+0800] GC(1829) Concurrent Cleanup for Next Mark 4.589ms
[2024-08-29T23:16:08.378+0800] GC(1829) Concurrent Undo Cycle 4.667ms
[2024-08-29T23:16:08.402+0800] GC(1830) Pause Young (Concurrent Start) (G1 Humongous Allocation)
[2024-08-29T23:16:08.402+0800] GC(1830) Using 8 workers of 8 for evacuation
[2024-08-29T23:16:08.403+0800] GC(1830)   Pre Evacuate Collection Set: 0.2ms
[2024-08-29T23:16:08.403+0800] GC(1830)   Merge Heap Roots: 0.1ms
[2024-08-29T23:16:08.403+0800] GC(1830)   Evacuate Collection Set: 0.4ms
[2024-08-29T23:16:08.403+0800] GC(1830)   Post Evacuate Collection Set: 0.3ms
[2024-08-29T23:16:08.403+0800] GC(1830)   Other: 0.2ms
[2024-08-29T23:16:08.403+0800] GC(1830) Eden regions: 4->0(968)
[2024-08-29T23:16:08.403+0800] GC(1830) Survivor regions: 0->0(123)
[2024-08-29T23:16:08.403+0800] GC(1830) Old regions: 1->1
[2024-08-29T23:16:08.403+0800] GC(1830) Archive regions: 2->2
[2024-08-29T23:16:08.403+0800] GC(1830) Humongous regions: 919->871
[2024-08-29T23:16:08.403+0800] GC(1830) Metaspace: 1630K(1792K)->1630K(1792K) NonClass: 1510K(1600K)->1510K(1600K) Class: 119K(192K)->119K(192K)
[2024-08-29T23:16:08.403+0800] GC(1830) Pause Young (Concurrent Start) (G1 Humongous Allocation) 924M->872M(2048M) 1.351ms
[2024-08-29T23:16:08.403+0800] GC(1830) User=0.00s Sys=0.00s Real=0.01s
[2024-08-29T23:16:08.403+0800] GC(1831) Concurrent Undo Cycle
[2024-08-29T23:16:08.403+0800] GC(1831) Concurrent Cleanup for Next Mark
[2024-08-29T23:16:08.407+0800] GC(1831) Concurrent Cleanup for Next Mark 4.293ms
[2024-08-29T23:16:08.407+0800] GC(1831) Concurrent Undo Cycle 4.369ms
[2024-08-29T23:16:08.423+0800] GC(1832) Pause Young (Concurrent Start) (G1 Humongous Allocation)
[2024-08-29T23:16:08.423+0800] GC(1832) Using 8 workers of 8 for evacuation
[2024-08-29T23:16:08.424+0800] GC(1832)   Pre Evacuate Collection Set: 0.2ms
[2024-08-29T23:16:08.424+0800] GC(1832)   Merge Heap Roots: 0.1ms
[2024-08-29T23:16:08.424+0800] GC(1832)   Evacuate Collection Set: 0.4ms
[2024-08-29T23:16:08.424+0800] GC(1832)   Post Evacuate Collection Set: 0.5ms
[2024-08-29T23:16:08.424+0800] GC(1832)   Other: 0.2ms
[2024-08-29T23:16:08.424+0800] GC(1832) Eden regions: 4->0(960)
[2024-08-29T23:16:08.424+0800] GC(1832) Survivor regions: 0->0(121)
[2024-08-29T23:16:08.424+0800] GC(1832) Old regions: 1->1
[2024-08-29T23:16:08.424+0800] GC(1832) Archive regions: 2->2
[2024-08-29T23:16:08.424+0800] GC(1832) Humongous regions: 916->879
[2024-08-29T23:16:08.424+0800] GC(1832) Metaspace: 1630K(1792K)->1630K(1792K) NonClass: 1510K(1600K)->1510K(1600K) Class: 119K(192K)->119K(192K)
[2024-08-29T23:16:08.424+0800] GC(1832) Pause Young (Concurrent Start) (G1 Humongous Allocation) 921M->880M(2048M) 1.534ms
[2024-08-29T23:16:08.424+0800] GC(1832) User=0.00s Sys=0.01s Real=0.00s
[2024-08-29T23:16:08.424+0800] GC(1833) Concurrent Undo Cycle
[2024-08-29T23:16:08.424+0800] GC(1833) Concurrent Cleanup for Next Mark
[2024-08-29T23:16:08.428+0800] GC(1833) Concurrent Cleanup for Next Mark 4.288ms
[2024-08-29T23:16:08.428+0800] GC(1833) Concurrent Undo Cycle 4.361ms
[2024-08-29T23:16:08.451+0800] GC(1834) Pause Young (Concurrent Start) (G1 Humongous Allocation)
[2024-08-29T23:16:08.451+0800] GC(1834) Using 8 workers of 8 for evacuation
[2024-08-29T23:16:08.452+0800] GC(1834)   Pre Evacuate Collection Set: 0.3ms
[2024-08-29T23:16:08.452+0800] GC(1834)   Merge Heap Roots: 0.1ms
[2024-08-29T23:16:08.452+0800] GC(1834)   Evacuate Collection Set: 0.3ms
[2024-08-29T23:16:08.452+0800] GC(1834)   Post Evacuate Collection Set: 0.4ms
[2024-08-29T23:16:08.452+0800] GC(1834)   Other: 0.2ms
[2024-08-29T23:16:08.452+0800] GC(1834) Eden regions: 4->0(996)
[2024-08-29T23:16:08.452+0800] GC(1834) Survivor regions: 0->0(120)
[2024-08-29T23:16:08.452+0800] GC(1834) Old regions: 1->1
[2024-08-29T23:16:08.452+0800] GC(1834) Archive regions: 2->2
[2024-08-29T23:16:08.452+0800] GC(1834) Humongous regions: 915->843
[2024-08-29T23:16:08.452+0800] GC(1834) Metaspace: 1630K(1792K)->1630K(1792K) NonClass: 1510K(1600K)->1510K(1600K) Class: 119K(192K)->119K(192K)
[2024-08-29T23:16:08.452+0800] GC(1834) Pause Young (Concurrent Start) (G1 Humongous Allocation) 920M->844M(2048M) 1.319ms
[2024-08-29T23:16:08.452+0800] GC(1834) User=0.00s Sys=0.00s Real=0.00s
[2024-08-29T23:16:08.452+0800] GC(1835) Concurrent Undo Cycle
[2024-08-29T23:16:08.452+0800] GC(1835) Concurrent Cleanup for Next Mark
[2024-08-29T23:16:08.459+0800] GC(1835) Concurrent Cleanup for Next Mark 6.811ms
[2024-08-29T23:16:08.459+0800] GC(1835) Concurrent Undo Cycle 6.931ms
[2024-08-29T23:16:08.478+0800] GC(1836) Pause Young (Concurrent Start) (G1 Humongous Allocation)
[2024-08-29T23:16:08.478+0800] GC(1836) Using 8 workers of 8 for evacuation
[2024-08-29T23:16:08.479+0800] GC(1836)   Pre Evacuate Collection Set: 0.3ms
[2024-08-29T23:16:08.479+0800] GC(1836)   Merge Heap Roots: 0.1ms
[2024-08-29T23:16:08.479+0800] GC(1836)   Evacuate Collection Set: 0.6ms
[2024-08-29T23:16:08.479+0800] GC(1836)   Post Evacuate Collection Set: 0.4ms
[2024-08-29T23:16:08.479+0800] GC(1836)   Other: 0.2ms
[2024-08-29T23:16:08.479+0800] GC(1836) Eden regions: 4->0(966)
[2024-08-29T23:16:08.479+0800] GC(1836) Survivor regions: 0->0(125)
[2024-08-29T23:16:08.479+0800] GC(1836) Old regions: 1->1
[2024-08-29T23:16:08.479+0800] GC(1836) Archive regions: 2->2
[2024-08-29T23:16:08.479+0800] GC(1836) Humongous regions: 914->873
[2024-08-29T23:16:08.479+0800] GC(1836) Metaspace: 1630K(1792K)->1630K(1792K) NonClass: 1510K(1600K)->1510K(1600K) Class: 119K(192K)->119K(192K)
[2024-08-29T23:16:08.479+0800] GC(1836) Pause Young (Concurrent Start) (G1 Humongous Allocation) 919M->874M(2048M) 1.693ms
[2024-08-29T23:16:08.479+0800] GC(1836) User=0.00s Sys=0.00s Real=0.00s
[2024-08-29T23:16:08.479+0800] GC(1837) Concurrent Undo Cycle
[2024-08-29T23:16:08.479+0800] GC(1837) Concurrent Cleanup for Next Mark
[2024-08-29T23:16:08.485+0800] GC(1837) Concurrent Cleanup for Next Mark 6.087ms
[2024-08-29T23:16:08.486+0800] GC(1837) Concurrent Undo Cycle 6.234ms
[2024-08-29T23:16:08.491+0800] GC(1838) Pause Young (Concurrent Start) (G1 Humongous Allocation)
[2024-08-29T23:16:08.491+0800] GC(1838) Using 8 workers of 8 for evacuation
[2024-08-29T23:16:08.492+0800] GC(1838)   Pre Evacuate Collection Set: 0.2ms
[2024-08-29T23:16:08.492+0800] GC(1838)   Merge Heap Roots: 0.1ms
[2024-08-29T23:16:08.492+0800] GC(1838)   Evacuate Collection Set: 0.4ms
[2024-08-29T23:16:08.492+0800] GC(1838)   Post Evacuate Collection Set: 0.3ms
[2024-08-29T23:16:08.492+0800] GC(1838)   Other: 0.2ms
[2024-08-29T23:16:08.492+0800] GC(1838) Eden regions: 4->0(940)
[2024-08-29T23:16:08.492+0800] GC(1838) Survivor regions: 0->0(121)
[2024-08-29T23:16:08.492+0800] GC(1838) Old regions: 1->1
[2024-08-29T23:16:08.492+0800] GC(1838) Archive regions: 2->2
[2024-08-29T23:16:08.492+0800] GC(1838) Humongous regions: 919->899
[2024-08-29T23:16:08.492+0800] GC(1838) Metaspace: 1630K(1792K)->1630K(1792K) NonClass: 1510K(1600K)->1510K(1600K) Class: 119K(192K)->119K(192K)
[2024-08-29T23:16:08.492+0800] GC(1838) Pause Young (Concurrent Start) (G1 Humongous Allocation) 923M->900M(2048M) 1.200ms
[2024-08-29T23:16:08.492+0800] GC(1838) User=0.00s Sys=0.00s Real=0.00s
[2024-08-29T23:16:08.492+0800] GC(1839) Concurrent Undo Cycle
[2024-08-29T23:16:08.492+0800] GC(1839) Concurrent Cleanup for Next Mark
[2024-08-29T23:16:08.498+0800] GC(1839) Concurrent Cleanup for Next Mark 5.874ms
[2024-08-29T23:16:08.498+0800] GC(1839) Concurrent Undo Cycle 5.970ms
[2024-08-29T23:16:08.499+0800] GC(1840) Pause Young (Concurrent Start) (G1 Humongous Allocation)
[2024-08-29T23:16:08.499+0800] GC(1840) Using 8 workers of 8 for evacuation
[2024-08-29T23:16:08.501+0800] GC(1840)   Pre Evacuate Collection Set: 0.2ms
[2024-08-29T23:16:08.501+0800] GC(1840)   Merge Heap Roots: 0.2ms
[2024-08-29T23:16:08.501+0800] GC(1840)   Evacuate Collection Set: 0.4ms
[2024-08-29T23:16:08.501+0800] GC(1840)   Post Evacuate Collection Set: 0.3ms
[2024-08-29T23:16:08.501+0800] GC(1840)   Other: 0.2ms
[2024-08-29T23:16:08.501+0800] GC(1840) Eden regions: 3->0(939)
[2024-08-29T23:16:08.501+0800] GC(1840) Survivor regions: 0->0(118)
[2024-08-29T23:16:08.501+0800] GC(1840) Old regions: 1->1
[2024-08-29T23:16:08.501+0800] GC(1840) Archive regions: 2->2
[2024-08-29T23:16:08.501+0800] GC(1840) Humongous regions: 922->900
[2024-08-29T23:16:08.501+0800] GC(1840) Metaspace: 1630K(1792K)->1630K(1792K) NonClass: 1510K(1600K)->1510K(1600K) Class: 119K(192K)->119K(192K)
[2024-08-29T23:16:08.501+0800] GC(1840) Pause Young (Concurrent Start) (G1 Humongous Allocation) 926M->901M(2048M) 1.258ms
[2024-08-29T23:16:08.501+0800] GC(1840) User=0.00s Sys=0.00s Real=0.00s
[2024-08-29T23:16:08.501+0800] GC(1841) Concurrent Undo Cycle
[2024-08-29T23:16:08.501+0800] GC(1841) Concurrent Cleanup for Next Mark
[2024-08-29T23:16:08.505+0800] GC(1841) Concurrent Cleanup for Next Mark 4.617ms
[2024-08-29T23:16:08.505+0800] GC(1841) Concurrent Undo Cycle 4.759ms
[2024-08-29T23:16:08.506+0800] GC(1842) Pause Young (Concurrent Start) (G1 Humongous Allocation)
[2024-08-29T23:16:08.506+0800] GC(1842) Using 8 workers of 8 for evacuation
[2024-08-29T23:16:08.507+0800] GC(1842)   Pre Evacuate Collection Set: 0.1ms
[2024-08-29T23:16:08.507+0800] GC(1842)   Merge Heap Roots: 0.1ms
[2024-08-29T23:16:08.507+0800] GC(1842)   Evacuate Collection Set: 0.3ms
[2024-08-29T23:16:08.507+0800] GC(1842)   Post Evacuate Collection Set: 0.3ms
[2024-08-29T23:16:08.507+0800] GC(1842)   Other: 0.1ms
[2024-08-29T23:16:08.507+0800] GC(1842) Eden regions: 3->0(934)
[2024-08-29T23:16:08.507+0800] GC(1842) Survivor regions: 0->0(118)
[2024-08-29T23:16:08.507+0800] GC(1842) Old regions: 1->1
[2024-08-29T23:16:08.507+0800] GC(1842) Archive regions: 2->2
[2024-08-29T23:16:08.507+0800] GC(1842) Humongous regions: 917->905
[2024-08-29T23:16:08.507+0800] GC(1842) Metaspace: 1630K(1792K)->1630K(1792K) NonClass: 1510K(1600K)->1510K(1600K) Class: 119K(192K)->119K(192K)
[2024-08-29T23:16:08.507+0800] GC(1842) Pause Young (Concurrent Start) (G1 Humongous Allocation) 921M->906M(2048M) 1.015ms
[2024-08-29T23:16:08.507+0800] GC(1842) User=0.00s Sys=0.00s Real=0.00s
[2024-08-29T23:16:08.507+0800] GC(1843) Concurrent Undo Cycle
[2024-08-29T23:16:08.507+0800] GC(1843) Concurrent Cleanup for Next Mark
[2024-08-29T23:16:08.517+0800] GC(1843) Concurrent Cleanup for Next Mark 9.315ms
[2024-08-29T23:16:08.517+0800] GC(1843) Concurrent Undo Cycle 9.585ms
[2024-08-29T23:16:08.517+0800] GC(1844) Pause Young (Concurrent Start) (G1 Humongous Allocation)
[2024-08-29T23:16:08.517+0800] GC(1844) Using 8 workers of 8 for evacuation
[2024-08-29T23:16:08.518+0800] GC(1844)   Pre Evacuate Collection Set: 0.2ms
[2024-08-29T23:16:08.518+0800] GC(1844)   Merge Heap Roots: 0.1ms
[2024-08-29T23:16:08.518+0800] GC(1844)   Evacuate Collection Set: 0.3ms
[2024-08-29T23:16:08.518+0800] GC(1844)   Post Evacuate Collection Set: 0.3ms
[2024-08-29T23:16:08.518+0800] GC(1844)   Other: 0.1ms
[2024-08-29T23:16:08.518+0800] GC(1844) Eden regions: 4->0(895)
[2024-08-29T23:16:08.518+0800] GC(1844) Survivor regions: 0->0(117)
[2024-08-29T23:16:08.518+0800] GC(1844) Old regions: 1->1
[2024-08-29T23:16:08.518+0800] GC(1844) Archive regions: 2->2
[2024-08-29T23:16:08.518+0800] GC(1844) Humongous regions: 951->944
[2024-08-29T23:16:08.518+0800] GC(1844) Metaspace: 1630K(1792K)->1630K(1792K) NonClass: 1510K(1600K)->1510K(1600K) Class: 119K(192K)->119K(192K)
[2024-08-29T23:16:08.518+0800] GC(1844) Pause Young (Concurrent Start) (G1 Humongous Allocation) 955M->945M(2048M) 0.978ms
[2024-08-29T23:16:08.518+0800] GC(1844) User=0.01s Sys=0.00s Real=0.00s
[2024-08-29T23:16:08.518+0800] GC(1845) Concurrent Mark Cycle
[2024-08-29T23:16:08.518+0800] GC(1845) Concurrent Clear Claimed Marks
[2024-08-29T23:16:08.519+0800] GC(1845) Concurrent Clear Claimed Marks 0.005ms
[2024-08-29T23:16:08.519+0800] GC(1845) Concurrent Scan Root Regions
[2024-08-29T23:16:08.519+0800] GC(1845) Concurrent Scan Root Regions 0.004ms
[2024-08-29T23:16:08.519+0800] GC(1845) Concurrent Mark
[2024-08-29T23:16:08.519+0800] GC(1845) Concurrent Mark From Roots
[2024-08-29T23:16:08.519+0800] GC(1845) Using 2 workers of 2 for marking
[2024-08-29T23:16:08.521+0800] GC(1845) Concurrent Mark From Roots 2.306ms
[2024-08-29T23:16:08.521+0800] GC(1845) Concurrent Preclean
[2024-08-29T23:16:08.521+0800] GC(1845) Concurrent Preclean 0.067ms
[2024-08-29T23:16:08.521+0800] GC(1845) Pause Remark
[2024-08-29T23:16:08.522+0800] GC(1845) Pause Remark 957M->957M(2048M) 0.799ms
[2024-08-29T23:16:08.522+0800] GC(1845) User=0.00s Sys=0.00s Real=0.00s
[2024-08-29T23:16:08.522+0800] GC(1845) Concurrent Mark 3.293ms
[2024-08-29T23:16:08.522+0800] GC(1845) Concurrent Rebuild Remembered Sets
[2024-08-29T23:16:08.522+0800] GC(1845) Concurrent Rebuild Remembered Sets 0.006ms
[2024-08-29T23:16:08.522+0800] GC(1845) Pause Cleanup
[2024-08-29T23:16:08.522+0800] GC(1845) Pause Cleanup 962M->962M(2048M) 0.011ms
[2024-08-29T23:16:08.522+0800] GC(1845) User=0.00s Sys=0.00s Real=0.00s
[2024-08-29T23:16:08.522+0800] GC(1845) Concurrent Cleanup for Next Mark
[2024-08-29T23:16:08.527+0800] GC(1845) Concurrent Cleanup for Next Mark 4.710ms
[2024-08-29T23:16:08.527+0800] GC(1845) Concurrent Mark Cycle 8.696ms
[2024-08-29T23:16:08.528+0800] GC(1846) Pause Young (Concurrent Start) (G1 Humongous Allocation)
[2024-08-29T23:16:08.528+0800] GC(1846) Using 8 workers of 8 for evacuation
[2024-08-29T23:16:08.529+0800] GC(1846)   Pre Evacuate Collection Set: 0.2ms
[2024-08-29T23:16:08.529+0800] GC(1846)   Merge Heap Roots: 0.1ms
[2024-08-29T23:16:08.529+0800] GC(1846)   Evacuate Collection Set: 0.3ms
[2024-08-29T23:16:08.529+0800] GC(1846)   Post Evacuate Collection Set: 0.3ms
[2024-08-29T23:16:08.529+0800] GC(1846)   Other: 0.2ms
[2024-08-29T23:16:08.529+0800] GC(1846) Eden regions: 4->0(885)
[2024-08-29T23:16:08.529+0800] GC(1846) Survivor regions: 0->0(112)
[2024-08-29T23:16:08.529+0800] GC(1846) Old regions: 1->1
[2024-08-29T23:16:08.529+0800] GC(1846) Archive regions: 2->2
[2024-08-29T23:16:08.529+0800] GC(1846) Humongous regions: 971->954
[2024-08-29T23:16:08.529+0800] GC(1846) Metaspace: 1630K(1792K)->1630K(1792K) NonClass: 1510K(1600K)->1510K(1600K) Class: 119K(192K)->119K(192K)
[2024-08-29T23:16:08.529+0800] GC(1846) Pause Young (Concurrent Start) (G1 Humongous Allocation) 975M->955M(2048M) 1.084ms
[2024-08-29T23:16:08.529+0800] GC(1846) User=0.00s Sys=0.00s Real=0.00s
[2024-08-29T23:16:08.529+0800] GC(1847) Concurrent Mark Cycle
[2024-08-29T23:16:08.529+0800] GC(1847) Concurrent Clear Claimed Marks
[2024-08-29T23:16:08.529+0800] GC(1847) Concurrent Clear Claimed Marks 0.006ms
[2024-08-29T23:16:08.529+0800] GC(1847) Concurrent Scan Root Regions
[2024-08-29T23:16:08.529+0800] GC(1847) Concurrent Scan Root Regions 0.004ms
[2024-08-29T23:16:08.529+0800] GC(1847) Concurrent Mark
[2024-08-29T23:16:08.529+0800] GC(1847) Concurrent Mark From Roots
[2024-08-29T23:16:08.529+0800] GC(1847) Using 2 workers of 2 for marking
[2024-08-29T23:16:08.532+0800] GC(1847) Concurrent Mark From Roots 2.870ms
[2024-08-29T23:16:08.532+0800] GC(1847) Concurrent Preclean
[2024-08-29T23:16:08.532+0800] GC(1847) Concurrent Preclean 0.074ms
[2024-08-29T23:16:08.532+0800] GC(1847) Pause Remark
[2024-08-29T23:16:08.533+0800] GC(1847) Pause Remark 978M->978M(2048M) 1.133ms
[2024-08-29T23:16:08.533+0800] GC(1847) User=0.00s Sys=0.00s Real=0.01s
[2024-08-29T23:16:08.533+0800] GC(1847) Concurrent Mark 4.238ms
[2024-08-29T23:16:08.533+0800] GC(1847) Concurrent Rebuild Remembered Sets
[2024-08-29T23:16:08.533+0800] GC(1847) Concurrent Rebuild Remembered Sets 0.005ms
[2024-08-29T23:16:08.533+0800] GC(1847) Pause Cleanup
[2024-08-29T23:16:08.533+0800] GC(1847) Pause Cleanup 979M->979M(2048M) 0.010ms
[2024-08-29T23:16:08.533+0800] GC(1847) User=0.00s Sys=0.00s Real=0.00s
[2024-08-29T23:16:08.533+0800] GC(1847) Concurrent Cleanup for Next Mark
[2024-08-29T23:16:08.537+0800] GC(1847) Concurrent Cleanup for Next Mark 3.898ms
[2024-08-29T23:16:08.537+0800] GC(1847) Concurrent Mark Cycle 8.311ms
[2024-08-29T23:16:08.537+0800] GC(1848) Pause Young (Concurrent Start) (G1 Humongous Allocation)
[2024-08-29T23:16:08.537+0800] GC(1848) Using 8 workers of 8 for evacuation
[2024-08-29T23:16:08.538+0800] GC(1848)   Pre Evacuate Collection Set: 0.2ms
[2024-08-29T23:16:08.538+0800] GC(1848)   Merge Heap Roots: 0.1ms
[2024-08-29T23:16:08.538+0800] GC(1848)   Evacuate Collection Set: 0.3ms
[2024-08-29T23:16:08.538+0800] GC(1848)   Post Evacuate Collection Set: 0.3ms
[2024-08-29T23:16:08.538+0800] GC(1848)   Other: 0.1ms
[2024-08-29T23:16:08.538+0800] GC(1848) Eden regions: 4->0(870)
[2024-08-29T23:16:08.538+0800] GC(1848) Survivor regions: 0->0(111)
[2024-08-29T23:16:08.538+0800] GC(1848) Old regions: 1->1
[2024-08-29T23:16:08.538+0800] GC(1848) Archive regions: 2->2
[2024-08-29T23:16:08.538+0800] GC(1848) Humongous regions: 983->969
[2024-08-29T23:16:08.538+0800] GC(1848) Metaspace: 1630K(1792K)->1630K(1792K) NonClass: 1510K(1600K)->1510K(1600K) Class: 119K(192K)->119K(192K)
[2024-08-29T23:16:08.538+0800] GC(1848) Pause Young (Concurrent Start) (G1 Humongous Allocation) 987M->970M(2048M) 1.008ms
[2024-08-29T23:16:08.538+0800] GC(1848) User=0.00s Sys=0.00s Real=0.00s
[2024-08-29T23:16:08.538+0800] GC(1849) Concurrent Mark Cycle
[2024-08-29T23:16:08.538+0800] GC(1849) Concurrent Clear Claimed Marks
[2024-08-29T23:16:08.538+0800] GC(1849) Concurrent Clear Claimed Marks 0.006ms
[2024-08-29T23:16:08.538+0800] GC(1849) Concurrent Scan Root Regions
[2024-08-29T23:16:08.538+0800] GC(1849) Concurrent Scan Root Regions 0.004ms
[2024-08-29T23:16:08.538+0800] GC(1849) Concurrent Mark
[2024-08-29T23:16:08.538+0800] GC(1849) Concurrent Mark From Roots
[2024-08-29T23:16:08.538+0800] GC(1849) Using 2 workers of 2 for marking
[2024-08-29T23:16:08.541+0800] GC(1849) Concurrent Mark From Roots 2.262ms
[2024-08-29T23:16:08.541+0800] GC(1849) Concurrent Preclean
[2024-08-29T23:16:08.541+0800] GC(1849) Concurrent Preclean 0.082ms
[2024-08-29T23:16:08.541+0800] GC(1849) Pause Remark
[2024-08-29T23:16:08.542+0800] GC(1849) Pause Remark 983M->983M(2048M) 1.463ms
[2024-08-29T23:16:08.542+0800] GC(1849) User=0.01s Sys=0.00s Real=0.00s
[2024-08-29T23:16:08.542+0800] GC(1849) Concurrent Mark 3.947ms
[2024-08-29T23:16:08.542+0800] GC(1849) Concurrent Rebuild Remembered Sets
[2024-08-29T23:16:08.542+0800] GC(1849) Concurrent Rebuild Remembered Sets 0.004ms
[2024-08-29T23:16:08.542+0800] GC(1849) Pause Cleanup
[2024-08-29T23:16:08.542+0800] GC(1849) Pause Cleanup 983M->983M(2048M) 0.012ms
[2024-08-29T23:16:08.542+0800] GC(1849) User=0.00s Sys=0.00s Real=0.00s
[2024-08-29T23:16:08.543+0800] GC(1849) Concurrent Cleanup for Next Mark
[2024-08-29T23:16:08.547+0800] GC(1849) Concurrent Cleanup for Next Mark 4.187ms
[2024-08-29T23:16:08.547+0800] GC(1849) Concurrent Mark Cycle 8.332ms
[2024-08-29T23:16:08.547+0800] GC(1850) Pause Young (Concurrent Start) (G1 Humongous Allocation)
[2024-08-29T23:16:08.547+0800] GC(1850) Using 8 workers of 8 for evacuation
[2024-08-29T23:16:08.548+0800] GC(1850)   Pre Evacuate Collection Set: 0.2ms
[2024-08-29T23:16:08.548+0800] GC(1850)   Merge Heap Roots: 0.1ms
[2024-08-29T23:16:08.548+0800] GC(1850)   Evacuate Collection Set: 0.3ms
[2024-08-29T23:16:08.548+0800] GC(1850)   Post Evacuate Collection Set: 0.2ms
[2024-08-29T23:16:08.548+0800] GC(1850)   Other: 0.1ms
[2024-08-29T23:16:08.548+0800] GC(1850) Eden regions: 4->0(868)
[2024-08-29T23:16:08.548+0800] GC(1850) Survivor regions: 0->0(109)
[2024-08-29T23:16:08.548+0800] GC(1850) Old regions: 1->1
[2024-08-29T23:16:08.548+0800] GC(1850) Archive regions: 2->2
[2024-08-29T23:16:08.548+0800] GC(1850) Humongous regions: 990->971
[2024-08-29T23:16:08.548+0800] GC(1850) Metaspace: 1630K(1792K)->1630K(1792K) NonClass: 1510K(1600K)->1510K(1600K) Class: 119K(192K)->119K(192K)
[2024-08-29T23:16:08.548+0800] GC(1850) Pause Young (Concurrent Start) (G1 Humongous Allocation) 994M->972M(2048M) 1.026ms
[2024-08-29T23:16:08.548+0800] GC(1850) User=0.00s Sys=0.00s Real=0.00s
[2024-08-29T23:16:08.549+0800] GC(1851) Concurrent Mark Cycle
[2024-08-29T23:16:08.549+0800] GC(1851) Concurrent Clear Claimed Marks
[2024-08-29T23:16:08.549+0800] GC(1851) Concurrent Clear Claimed Marks 0.006ms
[2024-08-29T23:16:08.549+0800] GC(1851) Concurrent Scan Root Regions
[2024-08-29T23:16:08.549+0800] GC(1851) Concurrent Scan Root Regions 0.005ms
[2024-08-29T23:16:08.549+0800] GC(1851) Concurrent Mark
[2024-08-29T23:16:08.549+0800] GC(1851) Concurrent Mark From Roots
[2024-08-29T23:16:08.549+0800] GC(1851) Using 2 workers of 2 for marking
[2024-08-29T23:16:08.552+0800] GC(1851) Concurrent Mark From Roots 2.942ms
[2024-08-29T23:16:08.552+0800] GC(1851) Concurrent Preclean
[2024-08-29T23:16:08.552+0800] GC(1851) Concurrent Preclean 0.065ms
[2024-08-29T23:16:08.552+0800] GC(1851) Pause Remark
[2024-08-29T23:16:08.553+0800] GC(1851) Pause Remark 984M->984M(2048M) 0.919ms
[2024-08-29T23:16:08.553+0800] GC(1851) User=0.01s Sys=0.00s Real=0.01s
[2024-08-29T23:16:08.553+0800] GC(1851) Concurrent Mark 4.068ms
[2024-08-29T23:16:08.553+0800] GC(1851) Concurrent Rebuild Remembered Sets
[2024-08-29T23:16:08.553+0800] GC(1851) Concurrent Rebuild Remembered Sets 0.006ms
[2024-08-29T23:16:08.553+0800] GC(1851) Pause Cleanup
[2024-08-29T23:16:08.553+0800] GC(1851) Pause Cleanup 986M->986M(2048M) 0.010ms
[2024-08-29T23:16:08.553+0800] GC(1851) User=0.00s Sys=0.00s Real=0.00s
[2024-08-29T23:16:08.553+0800] GC(1851) Concurrent Cleanup for Next Mark
[2024-08-29T23:16:08.558+0800] GC(1851) Concurrent Cleanup for Next Mark 4.572ms
[2024-08-29T23:16:08.558+0800] GC(1851) Concurrent Mark Cycle 8.958ms
[2024-08-29T23:16:08.560+0800] GC(1852) Pause Young (Concurrent Start) (G1 Humongous Allocation)
[2024-08-29T23:16:08.560+0800] GC(1852) Using 8 workers of 8 for evacuation
[2024-08-29T23:16:08.562+0800] GC(1852)   Pre Evacuate Collection Set: 0.2ms
[2024-08-29T23:16:08.562+0800] GC(1852)   Merge Heap Roots: 0.1ms
[2024-08-29T23:16:08.562+0800] GC(1852)   Evacuate Collection Set: 0.3ms
[2024-08-29T23:16:08.562+0800] GC(1852)   Post Evacuate Collection Set: 0.3ms
[2024-08-29T23:16:08.562+0800] GC(1852)   Other: 0.2ms
[2024-08-29T23:16:08.562+0800] GC(1852) Eden regions: 4->0(838)
[2024-08-29T23:16:08.562+0800] GC(1852) Survivor regions: 0->0(109)
[2024-08-29T23:16:08.562+0800] GC(1852) Old regions: 1->1
[2024-08-29T23:16:08.562+0800] GC(1852) Archive regions: 2->2
[2024-08-29T23:16:08.562+0800] GC(1852) Humongous regions: 1006->1001
[2024-08-29T23:16:08.562+0800] GC(1852) Metaspace: 1630K(1792K)->1630K(1792K) NonClass: 1510K(1600K)->1510K(1600K) Class: 119K(192K)->119K(192K)
[2024-08-29T23:16:08.562+0800] GC(1852) Pause Young (Concurrent Start) (G1 Humongous Allocation) 1010M->1002M(2048M) 1.178ms
[2024-08-29T23:16:08.562+0800] GC(1852) User=0.00s Sys=0.00s Real=0.00s
[2024-08-29T23:16:08.562+0800] GC(1853) Concurrent Mark Cycle
[2024-08-29T23:16:08.562+0800] GC(1853) Concurrent Clear Claimed Marks
[2024-08-29T23:16:08.562+0800] GC(1853) Concurrent Clear Claimed Marks 0.005ms
[2024-08-29T23:16:08.562+0800] GC(1853) Concurrent Scan Root Regions
[2024-08-29T23:16:08.562+0800] GC(1853) Concurrent Scan Root Regions 0.004ms
[2024-08-29T23:16:08.562+0800] GC(1853) Concurrent Mark
[2024-08-29T23:16:08.562+0800] GC(1853) Concurrent Mark From Roots
[2024-08-29T23:16:08.562+0800] GC(1853) Using 2 workers of 2 for marking
[2024-08-29T23:16:08.564+0800] GC(1853) Concurrent Mark From Roots 2.295ms
[2024-08-29T23:16:08.564+0800] GC(1853) Concurrent Preclean
[2024-08-29T23:16:08.564+0800] GC(1853) Concurrent Preclean 0.066ms
[2024-08-29T23:16:08.564+0800] GC(1853) Pause Remark
[2024-08-29T23:16:08.565+0800] GC(1853) Pause Remark 1016M->1016M(2048M) 1.127ms
[2024-08-29T23:16:08.565+0800] GC(1853) User=0.00s Sys=0.00s Real=0.00s
[2024-08-29T23:16:08.565+0800] GC(1853) Concurrent Mark 3.660ms
[2024-08-29T23:16:08.565+0800] GC(1853) Concurrent Rebuild Remembered Sets
[2024-08-29T23:16:08.565+0800] GC(1853) Concurrent Rebuild Remembered Sets 0.007ms
[2024-08-29T23:16:08.566+0800] GC(1853) Pause Cleanup
[2024-08-29T23:16:08.566+0800] GC(1853) Pause Cleanup 1020M->1020M(2048M) 0.017ms
[2024-08-29T23:16:08.566+0800] GC(1853) User=0.00s Sys=0.00s Real=0.00s
[2024-08-29T23:16:08.566+0800] GC(1853) Concurrent Cleanup for Next Mark
[2024-08-29T23:16:08.570+0800] GC(1853) Concurrent Cleanup for Next Mark 3.614ms
[2024-08-29T23:16:08.570+0800] GC(1853) Concurrent Mark Cycle 8.419ms
[2024-08-29T23:16:08.570+0800] GC(1854) Pause Young (Concurrent Start) (G1 Humongous Allocation)
[2024-08-29T23:16:08.570+0800] GC(1854) Using 8 workers of 8 for evacuation
[2024-08-29T23:16:08.571+0800] GC(1854)   Pre Evacuate Collection Set: 0.2ms
[2024-08-29T23:16:08.571+0800] GC(1854)   Merge Heap Roots: 0.1ms
[2024-08-29T23:16:08.571+0800] GC(1854)   Evacuate Collection Set: 0.3ms
[2024-08-29T23:16:08.571+0800] GC(1854)   Post Evacuate Collection Set: 0.3ms
[2024-08-29T23:16:08.571+0800] GC(1854)   Other: 0.1ms
[2024-08-29T23:16:08.571+0800] GC(1854) Eden regions: 3->0(839)
[2024-08-29T23:16:08.571+0800] GC(1854) Survivor regions: 0->0(105)
[2024-08-29T23:16:08.571+0800] GC(1854) Old regions: 1->1
[2024-08-29T23:16:08.571+0800] GC(1854) Archive regions: 2->2
[2024-08-29T23:16:08.571+0800] GC(1854) Humongous regions: 1022->1000
[2024-08-29T23:16:08.571+0800] GC(1854) Metaspace: 1630K(1792K)->1630K(1792K) NonClass: 1510K(1600K)->1510K(1600K) Class: 119K(192K)->119K(192K)
[2024-08-29T23:16:08.571+0800] GC(1854) Pause Young (Concurrent Start) (G1 Humongous Allocation) 1026M->1001M(2048M) 1.017ms
[2024-08-29T23:16:08.571+0800] GC(1854) User=0.00s Sys=0.01s Real=0.00s
[2024-08-29T23:16:08.571+0800] GC(1855) Concurrent Mark Cycle
[2024-08-29T23:16:08.571+0800] GC(1855) Concurrent Clear Claimed Marks
[2024-08-29T23:16:08.571+0800] GC(1855) Concurrent Clear Claimed Marks 0.006ms
[2024-08-29T23:16:08.571+0800] GC(1855) Concurrent Scan Root Regions
[2024-08-29T23:16:08.571+0800] GC(1855) Concurrent Scan Root Regions 0.024ms
[2024-08-29T23:16:08.571+0800] GC(1855) Concurrent Mark
[2024-08-29T23:16:08.571+0800] GC(1855) Concurrent Mark From Roots
[2024-08-29T23:16:08.571+0800] GC(1855) Using 2 workers of 2 for marking
[2024-08-29T23:16:08.574+0800] GC(1855) Concurrent Mark From Roots 2.314ms
[2024-08-29T23:16:08.574+0800] GC(1855) Concurrent Preclean
[2024-08-29T23:16:08.574+0800] GC(1855) Concurrent Preclean 0.081ms
[2024-08-29T23:16:08.574+0800] GC(1855) Pause Remark
[2024-08-29T23:16:08.575+0800] GC(1855) Pause Remark 1012M->1012M(2048M) 0.974ms
[2024-08-29T23:16:08.575+0800] GC(1855) User=0.00s Sys=0.00s Real=0.00s
[2024-08-29T23:16:08.575+0800] GC(1855) Concurrent Mark 3.519ms
[2024-08-29T23:16:08.575+0800] GC(1855) Concurrent Rebuild Remembered Sets
[2024-08-29T23:16:08.575+0800] GC(1855) Concurrent Rebuild Remembered Sets 0.005ms
[2024-08-29T23:16:08.575+0800] GC(1855) Pause Cleanup
[2024-08-29T23:16:08.575+0800] GC(1855) Pause Cleanup 1013M->1013M(2048M) 0.017ms
[2024-08-29T23:16:08.575+0800] GC(1855) User=0.00s Sys=0.00s Real=0.00s
[2024-08-29T23:16:08.575+0800] GC(1855) Concurrent Cleanup for Next Mark
[2024-08-29T23:16:08.579+0800] GC(1855) Concurrent Cleanup for Next Mark 3.847ms
[2024-08-29T23:16:08.579+0800] GC(1855) Concurrent Mark Cycle 8.097ms
[2024-08-29T23:16:08.579+0800] GC(1856) Pause Young (Concurrent Start) (G1 Humongous Allocation)
[2024-08-29T23:16:08.579+0800] GC(1856) Using 8 workers of 8 for evacuation
[2024-08-29T23:16:08.581+0800] GC(1856)   Pre Evacuate Collection Set: 0.4ms
[2024-08-29T23:16:08.581+0800] GC(1856)   Merge Heap Roots: 0.1ms
[2024-08-29T23:16:08.581+0800] GC(1856)   Evacuate Collection Set: 0.3ms
[2024-08-29T23:16:08.581+0800] GC(1856)   Post Evacuate Collection Set: 0.3ms
[2024-08-29T23:16:08.581+0800] GC(1856)   Other: 0.2ms
[2024-08-29T23:16:08.581+0800] GC(1856) Eden regions: 3->0(855)
[2024-08-29T23:16:08.581+0800] GC(1856) Survivor regions: 0->0(105)
[2024-08-29T23:16:08.581+0800] GC(1856) Old regions: 1->1
[2024-08-29T23:16:08.581+0800] GC(1856) Archive regions: 2->2
[2024-08-29T23:16:08.581+0800] GC(1856) Humongous regions: 1018->984
[2024-08-29T23:16:08.581+0800] GC(1856) Metaspace: 1630K(1792K)->1630K(1792K) NonClass: 1510K(1600K)->1510K(1600K) Class: 119K(192K)->119K(192K)
[2024-08-29T23:16:08.581+0800] GC(1856) Pause Young (Concurrent Start) (G1 Humongous Allocation) 1022M->985M(2048M) 1.292ms
[2024-08-29T23:16:08.581+0800] GC(1856) User=0.01s Sys=0.00s Real=0.00s
[2024-08-29T23:16:08.581+0800] GC(1857) Concurrent Mark Cycle
[2024-08-29T23:16:08.581+0800] GC(1857) Concurrent Clear Claimed Marks
[2024-08-29T23:16:08.581+0800] GC(1857) Concurrent Clear Claimed Marks 0.005ms
[2024-08-29T23:16:08.581+0800] GC(1857) Concurrent Scan Root Regions
[2024-08-29T23:16:08.581+0800] GC(1857) Concurrent Scan Root Regions 0.004ms
[2024-08-29T23:16:08.581+0800] GC(1857) Concurrent Mark
[2024-08-29T23:16:08.581+0800] GC(1857) Concurrent Mark From Roots
[2024-08-29T23:16:08.581+0800] GC(1857) Using 2 workers of 2 for marking
[2024-08-29T23:16:08.583+0800] GC(1857) Concurrent Mark From Roots 2.263ms
[2024-08-29T23:16:08.583+0800] GC(1857) Concurrent Preclean
[2024-08-29T23:16:08.583+0800] GC(1857) Concurrent Preclean 0.084ms
[2024-08-29T23:16:08.583+0800] GC(1857) Pause Remark
[2024-08-29T23:16:08.584+0800] GC(1857) Pause Remark 998M->998M(2048M) 0.885ms
[2024-08-29T23:16:08.584+0800] GC(1857) User=0.00s Sys=0.00s Real=0.00s
[2024-08-29T23:16:08.584+0800] GC(1857) Concurrent Mark 3.346ms
[2024-08-29T23:16:08.584+0800] GC(1857) Concurrent Rebuild Remembered Sets
[2024-08-29T23:16:08.584+0800] GC(1857) Concurrent Rebuild Remembered Sets 0.004ms
[2024-08-29T23:16:08.585+0800] GC(1857) Pause Cleanup
[2024-08-29T23:16:08.585+0800] GC(1857) Pause Cleanup 1003M->1003M(2048M) 0.017ms
[2024-08-29T23:16:08.585+0800] GC(1857) User=0.00s Sys=0.00s Real=0.00s
[2024-08-29T23:16:08.585+0800] GC(1857) Concurrent Cleanup for Next Mark
[2024-08-29T23:16:08.591+0800] GC(1857) Concurrent Cleanup for Next Mark 5.998ms
[2024-08-29T23:16:08.592+0800] GC(1857) Concurrent Mark Cycle 10.730ms
[2024-08-29T23:16:08.593+0800] GC(1858) Pause Young (Concurrent Start) (G1 Humongous Allocation)
[2024-08-29T23:16:08.593+0800] GC(1858) Using 8 workers of 8 for evacuation
[2024-08-29T23:16:08.594+0800] GC(1858)   Pre Evacuate Collection Set: 0.2ms
[2024-08-29T23:16:08.594+0800] GC(1858)   Merge Heap Roots: 0.1ms
[2024-08-29T23:16:08.594+0800] GC(1858)   Evacuate Collection Set: 0.3ms
[2024-08-29T23:16:08.594+0800] GC(1858)   Post Evacuate Collection Set: 0.3ms
[2024-08-29T23:16:08.594+0800] GC(1858)   Other: 0.1ms
[2024-08-29T23:16:08.594+0800] GC(1858) Eden regions: 3->0(840)
[2024-08-29T23:16:08.594+0800] GC(1858) Survivor regions: 0->0(107)
[2024-08-29T23:16:08.594+0800] GC(1858) Old regions: 1->1
[2024-08-29T23:16:08.594+0800] GC(1858) Archive regions: 2->2
[2024-08-29T23:16:08.594+0800] GC(1858) Humongous regions: 1026->999
[2024-08-29T23:16:08.594+0800] GC(1858) Metaspace: 1630K(1792K)->1630K(1792K) NonClass: 1510K(1600K)->1510K(1600K) Class: 119K(192K)->119K(192K)
[2024-08-29T23:16:08.594+0800] GC(1858) Pause Young (Concurrent Start) (G1 Humongous Allocation) 1030M->1000M(2048M) 1.015ms
[2024-08-29T23:16:08.594+0800] GC(1858) User=0.01s Sys=0.00s Real=0.00s
[2024-08-29T23:16:08.594+0800] GC(1859) Concurrent Mark Cycle
[2024-08-29T23:16:08.595+0800] GC(1859) Concurrent Clear Claimed Marks
[2024-08-29T23:16:08.595+0800] GC(1859) Concurrent Clear Claimed Marks 0.005ms
[2024-08-29T23:16:08.595+0800] GC(1859) Concurrent Scan Root Regions
[2024-08-29T23:16:08.595+0800] GC(1859) Concurrent Scan Root Regions 0.004ms
[2024-08-29T23:16:08.595+0800] GC(1859) Concurrent Mark
[2024-08-29T23:16:08.595+0800] GC(1859) Concurrent Mark From Roots
[2024-08-29T23:16:08.595+0800] GC(1859) Using 2 workers of 2 for marking
[2024-08-29T23:16:08.597+0800] GC(1859) Concurrent Mark From Roots 2.763ms
[2024-08-29T23:16:08.597+0800] GC(1859) Concurrent Preclean
[2024-08-29T23:16:08.597+0800] GC(1859) Concurrent Preclean 0.066ms
[2024-08-29T23:16:08.597+0800] GC(1859) Pause Remark
[2024-08-29T23:16:08.598+0800] GC(1859) Pause Remark 1012M->1012M(2048M) 0.883ms
[2024-08-29T23:16:08.598+0800] GC(1859) User=0.00s Sys=0.00s Real=0.00s
[2024-08-29T23:16:08.598+0800] GC(1859) Concurrent Mark 3.819ms
[2024-08-29T23:16:08.598+0800] GC(1859) Concurrent Rebuild Remembered Sets
[2024-08-29T23:16:08.598+0800] GC(1859) Concurrent Rebuild Remembered Sets 0.004ms
[2024-08-29T23:16:08.599+0800] GC(1859) Pause Cleanup
[2024-08-29T23:16:08.599+0800] GC(1859) Pause Cleanup 1015M->1015M(2048M) 0.020ms
[2024-08-29T23:16:08.599+0800] GC(1859) User=0.00s Sys=0.00s Real=0.00s
[2024-08-29T23:16:08.599+0800] GC(1859) Concurrent Cleanup for Next Mark
[2024-08-29T23:16:08.602+0800] GC(1859) Concurrent Cleanup for Next Mark 2.827ms
[2024-08-29T23:16:08.602+0800] GC(1859) Concurrent Mark Cycle 7.591ms
[2024-08-29T23:16:08.604+0800] GC(1860) Pause Young (Concurrent Start) (G1 Humongous Allocation)
[2024-08-29T23:16:08.604+0800] GC(1860) Using 8 workers of 8 for evacuation
[2024-08-29T23:16:08.606+0800] GC(1860)   Pre Evacuate Collection Set: 0.3ms
[2024-08-29T23:16:08.606+0800] GC(1860)   Merge Heap Roots: 0.1ms
[2024-08-29T23:16:08.606+0800] GC(1860)   Evacuate Collection Set: 0.4ms
[2024-08-29T23:16:08.606+0800] GC(1860)   Post Evacuate Collection Set: 0.2ms
[2024-08-29T23:16:08.606+0800] GC(1860)   Other: 0.1ms
[2024-08-29T23:16:08.606+0800] GC(1860) Eden regions: 4->0(851)
[2024-08-29T23:16:08.606+0800] GC(1860) Survivor regions: 0->0(105)
[2024-08-29T23:16:08.606+0800] GC(1860) Old regions: 1->1
[2024-08-29T23:16:08.606+0800] GC(1860) Archive regions: 2->2
[2024-08-29T23:16:08.606+0800] GC(1860) Humongous regions: 1011->988
[2024-08-29T23:16:08.606+0800] GC(1860) Metaspace: 1630K(1792K)->1630K(1792K) NonClass: 1510K(1600K)->1510K(1600K) Class: 119K(192K)->119K(192K)
[2024-08-29T23:16:08.606+0800] GC(1860) Pause Young (Concurrent Start) (G1 Humongous Allocation) 1015M->989M(2048M) 1.326ms
[2024-08-29T23:16:08.606+0800] GC(1860) User=0.00s Sys=0.01s Real=0.00s
[2024-08-29T23:16:08.606+0800] GC(1861) Concurrent Mark Cycle
[2024-08-29T23:16:08.606+0800] GC(1861) Concurrent Clear Claimed Marks
[2024-08-29T23:16:08.606+0800] GC(1861) Concurrent Clear Claimed Marks 0.006ms
[2024-08-29T23:16:08.606+0800] GC(1861) Concurrent Scan Root Regions
[2024-08-29T23:16:08.606+0800] GC(1861) Concurrent Scan Root Regions 0.004ms
[2024-08-29T23:16:08.606+0800] GC(1861) Concurrent Mark
[2024-08-29T23:16:08.606+0800] GC(1861) Concurrent Mark From Roots
[2024-08-29T23:16:08.606+0800] GC(1861) Using 2 workers of 2 for marking
[2024-08-29T23:16:08.608+0800] GC(1861) Concurrent Mark From Roots 2.765ms
[2024-08-29T23:16:08.608+0800] GC(1861) Concurrent Preclean
[2024-08-29T23:16:08.609+0800] GC(1861) Concurrent Preclean 0.085ms
[2024-08-29T23:16:08.609+0800] GC(1861) Pause Remark
[2024-08-29T23:16:08.610+0800] GC(1861) Pause Remark 1007M->1007M(2048M) 0.979ms
[2024-08-29T23:16:08.610+0800] GC(1861) User=0.00s Sys=0.00s Real=0.00s
[2024-08-29T23:16:08.610+0800] GC(1861) Concurrent Mark 3.977ms
[2024-08-29T23:16:08.610+0800] GC(1861) Concurrent Rebuild Remembered Sets
[2024-08-29T23:16:08.610+0800] GC(1861) Concurrent Rebuild Remembered Sets 0.006ms
[2024-08-29T23:16:08.610+0800] GC(1861) Pause Cleanup
[2024-08-29T23:16:08.610+0800] GC(1861) Pause Cleanup 1010M->1010M(2048M) 0.011ms
[2024-08-29T23:16:08.610+0800] GC(1861) User=0.00s Sys=0.00s Real=0.00s
[2024-08-29T23:16:08.610+0800] GC(1861) Concurrent Cleanup for Next Mark
[2024-08-29T23:16:08.615+0800] GC(1861) Concurrent Cleanup for Next Mark 4.454ms
[2024-08-29T23:16:08.615+0800] GC(1861) Concurrent Mark Cycle 9.098ms
[2024-08-29T23:16:08.615+0800] GC(1862) Pause Young (Concurrent Start) (G1 Humongous Allocation)
[2024-08-29T23:16:08.615+0800] GC(1862) Using 8 workers of 8 for evacuation
[2024-08-29T23:16:08.616+0800] GC(1862)   Pre Evacuate Collection Set: 0.2ms
[2024-08-29T23:16:08.616+0800] GC(1862)   Merge Heap Roots: 0.1ms
[2024-08-29T23:16:08.616+0800] GC(1862)   Evacuate Collection Set: 0.3ms
[2024-08-29T23:16:08.616+0800] GC(1862)   Post Evacuate Collection Set: 0.3ms
[2024-08-29T23:16:08.616+0800] GC(1862)   Other: 0.1ms
[2024-08-29T23:16:08.616+0800] GC(1862) Eden regions: 3->0(844)
[2024-08-29T23:16:08.616+0800] GC(1862) Survivor regions: 0->0(107)
[2024-08-29T23:16:08.616+0800] GC(1862) Old regions: 1->1
[2024-08-29T23:16:08.616+0800] GC(1862) Archive regions: 2->2
[2024-08-29T23:16:08.616+0800] GC(1862) Humongous regions: 1017->995
[2024-08-29T23:16:08.616+0800] GC(1862) Metaspace: 1630K(1792K)->1630K(1792K) NonClass: 1510K(1600K)->1510K(1600K) Class: 119K(192K)->119K(192K)
[2024-08-29T23:16:08.616+0800] GC(1862) Pause Young (Concurrent Start) (G1 Humongous Allocation) 1021M->996M(2048M) 1.008ms
[2024-08-29T23:16:08.616+0800] GC(1862) User=0.00s Sys=0.00s Real=0.00s
[2024-08-29T23:16:08.616+0800] GC(1863) Concurrent Mark Cycle
[2024-08-29T23:16:08.616+0800] GC(1863) Concurrent Clear Claimed Marks
[2024-08-29T23:16:08.616+0800] GC(1863) Concurrent Clear Claimed Marks 0.018ms
[2024-08-29T23:16:08.616+0800] GC(1863) Concurrent Scan Root Regions
[2024-08-29T23:16:08.616+0800] GC(1863) Concurrent Scan Root Regions 0.004ms
[2024-08-29T23:16:08.616+0800] GC(1863) Concurrent Mark
[2024-08-29T23:16:08.616+0800] GC(1863) Concurrent Mark From Roots
[2024-08-29T23:16:08.616+0800] GC(1863) Using 2 workers of 2 for marking
[2024-08-29T23:16:08.619+0800] GC(1863) Concurrent Mark From Roots 2.471ms
[2024-08-29T23:16:08.619+0800] GC(1863) Concurrent Preclean
[2024-08-29T23:16:08.619+0800] GC(1863) Concurrent Preclean 0.084ms
[2024-08-29T23:16:08.619+0800] GC(1863) Pause Remark
[2024-08-29T23:16:08.620+0800] GC(1863) Pause Remark 1013M->1013M(2048M) 0.892ms
[2024-08-29T23:16:08.620+0800] GC(1863) User=0.00s Sys=0.00s Real=0.00s
[2024-08-29T23:16:08.620+0800] GC(1863) Concurrent Mark 3.590ms
[2024-08-29T23:16:08.620+0800] GC(1863) Concurrent Rebuild Remembered Sets
[2024-08-29T23:16:08.620+0800] GC(1863) Concurrent Rebuild Remembered Sets 0.004ms
[2024-08-29T23:16:08.621+0800] GC(1863) Pause Cleanup
[2024-08-29T23:16:08.621+0800] GC(1863) Pause Cleanup 1019M->1019M(2048M) 0.016ms
[2024-08-29T23:16:08.621+0800] GC(1863) User=0.00s Sys=0.00s Real=0.00s
[2024-08-29T23:16:08.621+0800] GC(1863) Concurrent Cleanup for Next Mark
[2024-08-29T23:16:08.625+0800] GC(1863) Concurrent Cleanup for Next Mark 4.096ms
[2024-08-29T23:16:08.625+0800] GC(1863) Concurrent Mark Cycle 9.155ms
[2024-08-29T23:16:08.626+0800] GC(1864) Pause Young (Concurrent Start) (G1 Humongous Allocation)
[2024-08-29T23:16:08.626+0800] GC(1864) Using 8 workers of 8 for evacuation
[2024-08-29T23:16:08.628+0800] GC(1864)   Pre Evacuate Collection Set: 0.2ms
[2024-08-29T23:16:08.628+0800] GC(1864)   Merge Heap Roots: 0.2ms
[2024-08-29T23:16:08.628+0800] GC(1864)   Evacuate Collection Set: 0.5ms
[2024-08-29T23:16:08.628+0800] GC(1864)   Post Evacuate Collection Set: 0.3ms
[2024-08-29T23:16:08.628+0800] GC(1864)   Other: 0.2ms
[2024-08-29T23:16:08.628+0800] GC(1864) Eden regions: 3->0(828)
[2024-08-29T23:16:08.628+0800] GC(1864) Survivor regions: 0->0(106)
[2024-08-29T23:16:08.628+0800] GC(1864) Old regions: 1->1
[2024-08-29T23:16:08.628+0800] GC(1864) Archive regions: 2->2
[2024-08-29T23:16:08.628+0800] GC(1864) Humongous regions: 1025->1011
[2024-08-29T23:16:08.628+0800] GC(1864) Metaspace: 1630K(1792K)->1630K(1792K) NonClass: 1510K(1600K)->1510K(1600K) Class: 119K(192K)->119K(192K)
[2024-08-29T23:16:08.628+0800] GC(1864) Pause Young (Concurrent Start) (G1 Humongous Allocation) 1029M->1012M(2048M) 1.414ms
[2024-08-29T23:16:08.628+0800] GC(1864) User=0.00s Sys=0.00s Real=0.00s
[2024-08-29T23:16:08.628+0800] GC(1865) Concurrent Mark Cycle
[2024-08-29T23:16:08.628+0800] GC(1865) Concurrent Clear Claimed Marks
[2024-08-29T23:16:08.628+0800] GC(1865) Concurrent Clear Claimed Marks 0.005ms
[2024-08-29T23:16:08.628+0800] GC(1865) Concurrent Scan Root Regions
[2024-08-29T23:16:08.628+0800] GC(1865) Concurrent Scan Root Regions 0.004ms
[2024-08-29T23:16:08.628+0800] GC(1865) Concurrent Mark
[2024-08-29T23:16:08.628+0800] GC(1865) Concurrent Mark From Roots
[2024-08-29T23:16:08.628+0800] GC(1865) Using 2 workers of 2 for marking
[2024-08-29T23:16:08.630+0800] GC(1865) Concurrent Mark From Roots 2.103ms
[2024-08-29T23:16:08.630+0800] GC(1865) Concurrent Preclean
[2024-08-29T23:16:08.630+0800] GC(1865) Concurrent Preclean 0.066ms
[2024-08-29T23:16:08.630+0800] GC(1865) Pause Remark
[2024-08-29T23:16:08.631+0800] GC(1865) Pause Remark 1016M->1016M(2048M) 0.808ms
[2024-08-29T23:16:08.631+0800] GC(1865) User=0.00s Sys=0.00s Real=0.00s
[2024-08-29T23:16:08.631+0800] GC(1865) Concurrent Mark 3.109ms
[2024-08-29T23:16:08.631+0800] GC(1865) Concurrent Rebuild Remembered Sets
[2024-08-29T23:16:08.631+0800] GC(1865) Concurrent Rebuild Remembered Sets 0.005ms
[2024-08-29T23:16:08.632+0800] GC(1865) Pause Cleanup
[2024-08-29T23:16:08.632+0800] GC(1865) Pause Cleanup 1021M->1021M(2048M) 0.019ms
[2024-08-29T23:16:08.632+0800] GC(1865) User=0.00s Sys=0.00s Real=0.00s
[2024-08-29T23:16:08.632+0800] GC(1865) Concurrent Cleanup for Next Mark
[2024-08-29T23:16:08.636+0800] GC(1865) Concurrent Cleanup for Next Mark 3.671ms
[2024-08-29T23:16:08.636+0800] GC(1865) Concurrent Mark Cycle 8.084ms
[2024-08-29T23:16:08.637+0800] GC(1866) Pause Young (Concurrent Start) (G1 Humongous Allocation)
[2024-08-29T23:16:08.637+0800] GC(1866) Using 8 workers of 8 for evacuation
[2024-08-29T23:16:08.638+0800] GC(1866)   Pre Evacuate Collection Set: 0.1ms
[2024-08-29T23:16:08.638+0800] GC(1866)   Merge Heap Roots: 0.2ms
[2024-08-29T23:16:08.638+0800] GC(1866)   Evacuate Collection Set: 0.5ms
[2024-08-29T23:16:08.638+0800] GC(1866)   Post Evacuate Collection Set: 0.4ms
[2024-08-29T23:16:08.638+0800] GC(1866)   Other: 0.1ms
[2024-08-29T23:16:08.638+0800] GC(1866) Eden regions: 3->0(843)
[2024-08-29T23:16:08.638+0800] GC(1866) Survivor regions: 0->0(104)
[2024-08-29T23:16:08.638+0800] GC(1866) Old regions: 1->1
[2024-08-29T23:16:08.638+0800] GC(1866) Archive regions: 2->2
[2024-08-29T23:16:08.638+0800] GC(1866) Humongous regions: 1025->996
[2024-08-29T23:16:08.638+0800] GC(1866) Metaspace: 1630K(1792K)->1630K(1792K) NonClass: 1510K(1600K)->1510K(1600K) Class: 119K(192K)->119K(192K)
[2024-08-29T23:16:08.638+0800] GC(1866) Pause Young (Concurrent Start) (G1 Humongous Allocation) 1029M->997M(2048M) 1.427ms
[2024-08-29T23:16:08.638+0800] GC(1866) User=0.00s Sys=0.00s Real=0.00s
[2024-08-29T23:16:08.638+0800] GC(1867) Concurrent Mark Cycle
[2024-08-29T23:16:08.638+0800] GC(1867) Concurrent Clear Claimed Marks
[2024-08-29T23:16:08.638+0800] GC(1867) Concurrent Clear Claimed Marks 0.005ms
[2024-08-29T23:16:08.638+0800] GC(1867) Concurrent Scan Root Regions
[2024-08-29T23:16:08.638+0800] GC(1867) Concurrent Scan Root Regions 0.004ms
[2024-08-29T23:16:08.639+0800] GC(1867) Concurrent Mark
[2024-08-29T23:16:08.639+0800] GC(1867) Concurrent Mark From Roots
[2024-08-29T23:16:08.639+0800] GC(1867) Using 2 workers of 2 for marking
[2024-08-29T23:16:08.641+0800] GC(1867) Concurrent Mark From Roots 2.086ms
[2024-08-29T23:16:08.641+0800] GC(1867) Concurrent Preclean
[2024-08-29T23:16:08.641+0800] GC(1867) Concurrent Preclean 0.082ms
[2024-08-29T23:16:08.641+0800] GC(1867) Pause Remark
[2024-08-29T23:16:08.642+0800] GC(1867) Pause Remark 1006M->1006M(2048M) 0.868ms
[2024-08-29T23:16:08.642+0800] GC(1867) User=0.00s Sys=0.00s Real=0.00s
[2024-08-29T23:16:08.642+0800] GC(1867) Concurrent Mark 3.190ms
[2024-08-29T23:16:08.642+0800] GC(1867) Concurrent Rebuild Remembered Sets
[2024-08-29T23:16:08.642+0800] GC(1867) Concurrent Rebuild Remembered Sets 0.005ms
[2024-08-29T23:16:08.642+0800] GC(1867) Pause Cleanup
[2024-08-29T23:16:08.642+0800] GC(1867) Pause Cleanup 1007M->1007M(2048M) 0.013ms
[2024-08-29T23:16:08.642+0800] GC(1867) User=0.00s Sys=0.00s Real=0.00s
[2024-08-29T23:16:08.642+0800] GC(1867) Concurrent Cleanup for Next Mark
[2024-08-29T23:16:08.646+0800] GC(1867) Concurrent Cleanup for Next Mark 4.110ms
[2024-08-29T23:16:08.647+0800] GC(1867) Concurrent Mark Cycle 8.063ms
[2024-08-29T23:16:08.653+0800] GC(1868) Pause Young (Concurrent Start) (G1 Humongous Allocation)
[2024-08-29T23:16:08.653+0800] GC(1868) Using 8 workers of 8 for evacuation
[2024-08-29T23:16:08.655+0800] GC(1868)   Pre Evacuate Collection Set: 0.7ms
[2024-08-29T23:16:08.655+0800] GC(1868)   Merge Heap Roots: 0.2ms
[2024-08-29T23:16:08.655+0800] GC(1868)   Evacuate Collection Set: 0.4ms
[2024-08-29T23:16:08.655+0800] GC(1868)   Post Evacuate Collection Set: 0.3ms
[2024-08-29T23:16:08.655+0800] GC(1868)   Other: 0.2ms
[2024-08-29T23:16:08.655+0800] GC(1868) Eden regions: 4->0(862)
[2024-08-29T23:16:08.655+0800] GC(1868) Survivor regions: 0->0(106)
[2024-08-29T23:16:08.655+0800] GC(1868) Old regions: 1->1
[2024-08-29T23:16:08.655+0800] GC(1868) Archive regions: 2->2
[2024-08-29T23:16:08.655+0800] GC(1868) Humongous regions: 1016->977
[2024-08-29T23:16:08.655+0800] GC(1868) Metaspace: 1630K(1792K)->1630K(1792K) NonClass: 1510K(1600K)->1510K(1600K) Class: 119K(192K)->119K(192K)
[2024-08-29T23:16:08.655+0800] GC(1868) Pause Young (Concurrent Start) (G1 Humongous Allocation) 1020M->978M(2048M) 1.793ms
[2024-08-29T23:16:08.655+0800] GC(1868) User=0.00s Sys=0.00s Real=0.00s
[2024-08-29T23:16:08.655+0800] GC(1869) Concurrent Mark Cycle
[2024-08-29T23:16:08.655+0800] GC(1869) Concurrent Clear Claimed Marks
[2024-08-29T23:16:08.655+0800] GC(1869) Concurrent Clear Claimed Marks 0.006ms
[2024-08-29T23:16:08.655+0800] GC(1869) Concurrent Scan Root Regions
[2024-08-29T23:16:08.655+0800] GC(1869) Concurrent Scan Root Regions 0.004ms
[2024-08-29T23:16:08.655+0800] GC(1869) Concurrent Mark
[2024-08-29T23:16:08.655+0800] GC(1869) Concurrent Mark From Roots
[2024-08-29T23:16:08.655+0800] GC(1869) Using 2 workers of 2 for marking
[2024-08-29T23:16:08.657+0800] GC(1869) Concurrent Mark From Roots 2.203ms
[2024-08-29T23:16:08.657+0800] GC(1869) Concurrent Preclean
[2024-08-29T23:16:08.657+0800] GC(1869) Concurrent Preclean 0.082ms
[2024-08-29T23:16:08.657+0800] GC(1869) Pause Remark
[2024-08-29T23:16:08.658+0800] GC(1869) Pause Remark 989M->989M(2048M) 1.162ms
[2024-08-29T23:16:08.658+0800] GC(1869) User=0.00s Sys=0.00s Real=0.00s
[2024-08-29T23:16:08.659+0800] GC(1869) Concurrent Mark 3.598ms
[2024-08-29T23:16:08.659+0800] GC(1869) Concurrent Rebuild Remembered Sets
[2024-08-29T23:16:08.659+0800] GC(1869) Concurrent Rebuild Remembered Sets 0.005ms
[2024-08-29T23:16:08.659+0800] GC(1869) Pause Cleanup
[2024-08-29T23:16:08.659+0800] GC(1869) Pause Cleanup 989M->989M(2048M) 0.013ms
[2024-08-29T23:16:08.659+0800] GC(1869) User=0.00s Sys=0.00s Real=0.00s
[2024-08-29T23:16:08.659+0800] GC(1869) Concurrent Cleanup for Next Mark
[2024-08-29T23:16:08.662+0800] GC(1869) Concurrent Cleanup for Next Mark 3.698ms
[2024-08-29T23:16:08.662+0800] GC(1869) Concurrent Mark Cycle 7.497ms
[2024-08-29T23:16:08.664+0800] GC(1870) Pause Young (Concurrent Start) (G1 Humongous Allocation)
[2024-08-29T23:16:08.664+0800] GC(1870) Using 8 workers of 8 for evacuation
[2024-08-29T23:16:08.665+0800] GC(1870)   Pre Evacuate Collection Set: 0.2ms
[2024-08-29T23:16:08.665+0800] GC(1870)   Merge Heap Roots: 0.1ms
[2024-08-29T23:16:08.665+0800] GC(1870)   Evacuate Collection Set: 0.3ms
[2024-08-29T23:16:08.665+0800] GC(1870)   Post Evacuate Collection Set: 0.3ms
[2024-08-29T23:16:08.665+0800] GC(1870)   Other: 0.1ms
[2024-08-29T23:16:08.665+0800] GC(1870) Eden regions: 4->0(854)
[2024-08-29T23:16:08.665+0800] GC(1870) Survivor regions: 0->0(108)
[2024-08-29T23:16:08.665+0800] GC(1870) Old regions: 1->1
[2024-08-29T23:16:08.665+0800] GC(1870) Archive regions: 2->2
[2024-08-29T23:16:08.665+0800] GC(1870) Humongous regions: 1001->985
[2024-08-29T23:16:08.665+0800] GC(1870) Metaspace: 1630K(1792K)->1630K(1792K) NonClass: 1510K(1600K)->1510K(1600K) Class: 119K(192K)->119K(192K)
[2024-08-29T23:16:08.665+0800] GC(1870) Pause Young (Concurrent Start) (G1 Humongous Allocation) 1006M->986M(2048M) 1.119ms
[2024-08-29T23:16:08.665+0800] GC(1870) User=0.00s Sys=0.01s Real=0.00s
[2024-08-29T23:16:08.665+0800] GC(1871) Concurrent Mark Cycle
[2024-08-29T23:16:08.665+0800] GC(1871) Concurrent Clear Claimed Marks
[2024-08-29T23:16:08.665+0800] GC(1871) Concurrent Clear Claimed Marks 0.005ms
[2024-08-29T23:16:08.665+0800] GC(1871) Concurrent Scan Root Regions
[2024-08-29T23:16:08.665+0800] GC(1871) Concurrent Scan Root Regions 0.004ms
[2024-08-29T23:16:08.665+0800] GC(1871) Concurrent Mark
[2024-08-29T23:16:08.665+0800] GC(1871) Concurrent Mark From Roots
[2024-08-29T23:16:08.665+0800] GC(1871) Using 2 workers of 2 for marking
[2024-08-29T23:16:08.668+0800] GC(1871) Concurrent Mark From Roots 2.968ms
[2024-08-29T23:16:08.668+0800] GC(1871) Concurrent Preclean
[2024-08-29T23:16:08.668+0800] GC(1871) Concurrent Preclean 0.093ms
[2024-08-29T23:16:08.669+0800] GC(1871) Pause Remark
[2024-08-29T23:16:08.670+0800] GC(1871) Pause Remark 1012M->1012M(2048M) 0.868ms
[2024-08-29T23:16:08.670+0800] GC(1871) User=0.01s Sys=0.00s Real=0.00s
[2024-08-29T23:16:08.670+0800] GC(1871) Concurrent Mark 4.672ms
[2024-08-29T23:16:08.670+0800] GC(1871) Concurrent Rebuild Remembered Sets
[2024-08-29T23:16:08.670+0800] GC(1871) Concurrent Rebuild Remembered Sets 0.006ms
[2024-08-29T23:16:08.671+0800] GC(1871) Pause Cleanup
[2024-08-29T23:16:08.671+0800] GC(1871) Pause Cleanup 1017M->1017M(2048M) 0.016ms
[2024-08-29T23:16:08.671+0800] GC(1871) User=0.00s Sys=0.00s Real=0.00s
[2024-08-29T23:16:08.671+0800] GC(1871) Concurrent Cleanup for Next Mark
[2024-08-29T23:16:08.676+0800] GC(1871) Concurrent Cleanup for Next Mark 5.086ms
[2024-08-29T23:16:08.676+0800] GC(1871) Concurrent Mark Cycle 11.080ms
[2024-08-29T23:16:08.678+0800] GC(1872) Pause Young (Concurrent Start) (G1 Humongous Allocation)
[2024-08-29T23:16:08.678+0800] GC(1872) Using 8 workers of 8 for evacuation
[2024-08-29T23:16:08.679+0800] GC(1872)   Pre Evacuate Collection Set: 0.3ms
[2024-08-29T23:16:08.679+0800] GC(1872)   Merge Heap Roots: 0.1ms
[2024-08-29T23:16:08.679+0800] GC(1872)   Evacuate Collection Set: 0.3ms
[2024-08-29T23:16:08.679+0800] GC(1872)   Post Evacuate Collection Set: 0.3ms
[2024-08-29T23:16:08.679+0800] GC(1872)   Other: 0.1ms
[2024-08-29T23:16:08.679+0800] GC(1872) Eden regions: 4->0(832)
[2024-08-29T23:16:08.679+0800] GC(1872) Survivor regions: 0->0(107)
[2024-08-29T23:16:08.679+0800] GC(1872) Old regions: 1->1
[2024-08-29T23:16:08.679+0800] GC(1872) Archive regions: 2->2
[2024-08-29T23:16:08.679+0800] GC(1872) Humongous regions: 1030->1007
[2024-08-29T23:16:08.679+0800] GC(1872) Metaspace: 1630K(1792K)->1630K(1792K) NonClass: 1510K(1600K)->1510K(1600K) Class: 119K(192K)->119K(192K)
[2024-08-29T23:16:08.679+0800] GC(1872) Pause Young (Concurrent Start) (G1 Humongous Allocation) 1034M->1008M(2048M) 1.143ms
[2024-08-29T23:16:08.679+0800] GC(1872) User=0.00s Sys=0.00s Real=0.00s
[2024-08-29T23:16:08.679+0800] GC(1873) Concurrent Mark Cycle
[2024-08-29T23:16:08.679+0800] GC(1873) Concurrent Clear Claimed Marks
[2024-08-29T23:16:08.679+0800] GC(1873) Concurrent Clear Claimed Marks 0.005ms
[2024-08-29T23:16:08.679+0800] GC(1873) Concurrent Scan Root Regions
[2024-08-29T23:16:08.679+0800] GC(1873) Concurrent Scan Root Regions 0.004ms
[2024-08-29T23:16:08.679+0800] GC(1873) Concurrent Mark
[2024-08-29T23:16:08.679+0800] GC(1873) Concurrent Mark From Roots
[2024-08-29T23:16:08.679+0800] GC(1873) Using 2 workers of 2 for marking
[2024-08-29T23:16:08.681+0800] GC(1873) Concurrent Mark From Roots 2.333ms
[2024-08-29T23:16:08.681+0800] GC(1873) Concurrent Preclean
[2024-08-29T23:16:08.681+0800] GC(1873) Concurrent Preclean 0.083ms
[2024-08-29T23:16:08.681+0800] GC(1873) Pause Remark
[2024-08-29T23:16:08.682+0800] GC(1873) Pause Remark 1019M->1019M(2048M) 0.830ms
[2024-08-29T23:16:08.682+0800] GC(1873) User=0.00s Sys=0.00s Real=0.00s
[2024-08-29T23:16:08.682+0800] GC(1873) Concurrent Mark 3.388ms
[2024-08-29T23:16:08.682+0800] GC(1873) Concurrent Rebuild Remembered Sets
[2024-08-29T23:16:08.682+0800] GC(1873) Concurrent Rebuild Remembered Sets 0.005ms
[2024-08-29T23:16:08.682+0800] GC(1873) Pause Cleanup
[2024-08-29T23:16:08.682+0800] GC(1873) Pause Cleanup 1019M->1019M(2048M) 0.009ms
[2024-08-29T23:16:08.682+0800] GC(1873) User=0.00s Sys=0.00s Real=0.00s
[2024-08-29T23:16:08.682+0800] GC(1873) Concurrent Cleanup for Next Mark
[2024-08-29T23:16:08.686+0800] GC(1873) Concurrent Cleanup for Next Mark 3.151ms
[2024-08-29T23:16:08.686+0800] GC(1873) Concurrent Mark Cycle 6.728ms
[2024-08-29T23:16:08.686+0800] GC(1874) Pause Young (Concurrent Start) (G1 Humongous Allocation)
[2024-08-29T23:16:08.686+0800] GC(1874) Using 8 workers of 8 for evacuation
[2024-08-29T23:16:08.687+0800] GC(1874)   Pre Evacuate Collection Set: 0.2ms
[2024-08-29T23:16:08.687+0800] GC(1874)   Merge Heap Roots: 0.1ms
[2024-08-29T23:16:08.687+0800] GC(1874)   Evacuate Collection Set: 0.3ms
[2024-08-29T23:16:08.687+0800] GC(1874)   Post Evacuate Collection Set: 0.2ms
[2024-08-29T23:16:08.687+0800] GC(1874)   Other: 0.1ms
[2024-08-29T23:16:08.687+0800] GC(1874) Eden regions: 3->0(851)
[2024-08-29T23:16:08.687+0800] GC(1874) Survivor regions: 0->0(104)
[2024-08-29T23:16:08.687+0800] GC(1874) Old regions: 1->1
[2024-08-29T23:16:08.687+0800] GC(1874) Archive regions: 2->2
[2024-08-29T23:16:08.687+0800] GC(1874) Humongous regions: 1019->988
[2024-08-29T23:16:08.687+0800] GC(1874) Metaspace: 1630K(1792K)->1630K(1792K) NonClass: 1510K(1600K)->1510K(1600K) Class: 119K(192K)->119K(192K)
[2024-08-29T23:16:08.687+0800] GC(1874) Pause Young (Concurrent Start) (G1 Humongous Allocation) 1023M->989M(2048M) 0.991ms
[2024-08-29T23:16:08.687+0800] GC(1874) User=0.00s Sys=0.00s Real=0.00s
[2024-08-29T23:16:08.687+0800] GC(1875) Concurrent Mark Cycle
[2024-08-29T23:16:08.687+0800] GC(1875) Concurrent Clear Claimed Marks
[2024-08-29T23:16:08.687+0800] GC(1875) Concurrent Clear Claimed Marks 0.005ms
[2024-08-29T23:16:08.687+0800] GC(1875) Concurrent Scan Root Regions
[2024-08-29T23:16:08.687+0800] GC(1875) Concurrent Scan Root Regions 0.004ms
[2024-08-29T23:16:08.687+0800] GC(1875) Concurrent Mark
[2024-08-29T23:16:08.687+0800] GC(1875) Concurrent Mark From Roots
[2024-08-29T23:16:08.687+0800] GC(1875) Using 2 workers of 2 for marking
[2024-08-29T23:16:08.690+0800] GC(1875) Concurrent Mark From Roots 3.288ms
[2024-08-29T23:16:08.690+0800] GC(1875) Concurrent Preclean
[2024-08-29T23:16:08.690+0800] GC(1875) Concurrent Preclean 0.068ms
[2024-08-29T23:16:08.690+0800] GC(1875) Pause Remark
[2024-08-29T23:16:08.691+0800] GC(1875) Pause Remark 1002M->1002M(2048M) 0.977ms
[2024-08-29T23:16:08.691+0800] GC(1875) User=0.00s Sys=0.00s Real=0.00s
[2024-08-29T23:16:08.691+0800] GC(1875) Concurrent Mark 4.538ms
[2024-08-29T23:16:08.691+0800] GC(1875) Concurrent Rebuild Remembered Sets
[2024-08-29T23:16:08.691+0800] GC(1875) Concurrent Rebuild Remembered Sets 0.004ms
[2024-08-29T23:16:08.691+0800] GC(1875) Pause Cleanup
[2024-08-29T23:16:08.691+0800] GC(1875) Pause Cleanup 1002M->1002M(2048M) 0.011ms
[2024-08-29T23:16:08.691+0800] GC(1875) User=0.00s Sys=0.00s Real=0.00s
[2024-08-29T23:16:08.691+0800] GC(1875) Concurrent Cleanup for Next Mark
[2024-08-29T23:16:08.695+0800] GC(1875) Concurrent Cleanup for Next Mark 3.889ms
[2024-08-29T23:16:08.695+0800] GC(1875) Concurrent Mark Cycle 8.669ms
[2024-08-29T23:16:08.697+0800] GC(1876) Pause Young (Concurrent Start) (G1 Humongous Allocation)
[2024-08-29T23:16:08.697+0800] GC(1876) Using 8 workers of 8 for evacuation
[2024-08-29T23:16:08.698+0800] GC(1876)   Pre Evacuate Collection Set: 0.2ms
[2024-08-29T23:16:08.698+0800] GC(1876)   Merge Heap Roots: 0.1ms
[2024-08-29T23:16:08.698+0800] GC(1876)   Evacuate Collection Set: 0.3ms
[2024-08-29T23:16:08.698+0800] GC(1876)   Post Evacuate Collection Set: 0.3ms
[2024-08-29T23:16:08.698+0800] GC(1876)   Other: 0.1ms
[2024-08-29T23:16:08.698+0800] GC(1876) Eden regions: 3->0(858)
[2024-08-29T23:16:08.698+0800] GC(1876) Survivor regions: 0->0(107)
[2024-08-29T23:16:08.698+0800] GC(1876) Old regions: 1->1
[2024-08-29T23:16:08.698+0800] GC(1876) Archive regions: 2->2
[2024-08-29T23:16:08.698+0800] GC(1876) Humongous regions: 1009->981
[2024-08-29T23:16:08.698+0800] GC(1876) Metaspace: 1630K(1792K)->1630K(1792K) NonClass: 1510K(1600K)->1510K(1600K) Class: 119K(192K)->119K(192K)
[2024-08-29T23:16:08.698+0800] GC(1876) Pause Young (Concurrent Start) (G1 Humongous Allocation) 1013M->982M(2048M) 1.085ms
[2024-08-29T23:16:08.698+0800] GC(1876) User=0.00s Sys=0.01s Real=0.00s
[2024-08-29T23:16:08.698+0800] GC(1877) Concurrent Mark Cycle
[2024-08-29T23:16:08.698+0800] GC(1877) Concurrent Clear Claimed Marks
[2024-08-29T23:16:08.698+0800] GC(1877) Concurrent Clear Claimed Marks 0.005ms
[2024-08-29T23:16:08.698+0800] GC(1877) Concurrent Scan Root Regions
[2024-08-29T23:16:08.698+0800] GC(1877) Concurrent Scan Root Regions 0.004ms
[2024-08-29T23:16:08.698+0800] GC(1877) Concurrent Mark
[2024-08-29T23:16:08.698+0800] GC(1877) Concurrent Mark From Roots
[2024-08-29T23:16:08.698+0800] GC(1877) Using 2 workers of 2 for marking
[2024-08-29T23:16:08.700+0800] GC(1877) Concurrent Mark From Roots 2.377ms
[2024-08-29T23:16:08.700+0800] GC(1877) Concurrent Preclean
[2024-08-29T23:16:08.700+0800] GC(1877) Concurrent Preclean 0.068ms
[2024-08-29T23:16:08.700+0800] GC(1877) Pause Remark
[2024-08-29T23:16:08.702+0800] GC(1877) Pause Remark 997M->997M(2048M) 1.193ms
[2024-08-29T23:16:08.702+0800] GC(1877) User=0.00s Sys=0.00s Real=0.00s
[2024-08-29T23:16:08.702+0800] GC(1877) Concurrent Mark 3.777ms
[2024-08-29T23:16:08.702+0800] GC(1877) Concurrent Rebuild Remembered Sets
[2024-08-29T23:16:08.702+0800] GC(1877) Concurrent Rebuild Remembered Sets 0.005ms
[2024-08-29T23:16:08.703+0800] GC(1877) Pause Cleanup
[2024-08-29T23:16:08.703+0800] GC(1877) Pause Cleanup 1002M->1002M(2048M) 0.020ms
[2024-08-29T23:16:08.703+0800] GC(1877) User=0.00s Sys=0.00s Real=0.00s
[2024-08-29T23:16:08.703+0800] GC(1877) Concurrent Cleanup for Next Mark
[2024-08-29T23:16:08.708+0800] GC(1877) Concurrent Cleanup for Next Mark 5.637ms
[2024-08-29T23:16:08.709+0800] GC(1877) Concurrent Mark Cycle 10.709ms
[2024-08-29T23:16:08.711+0800] GC(1878) Pause Young (Concurrent Start) (G1 Humongous Allocation)
[2024-08-29T23:16:08.711+0800] GC(1878) Using 8 workers of 8 for evacuation
[2024-08-29T23:16:08.712+0800] GC(1878)   Pre Evacuate Collection Set: 0.2ms
[2024-08-29T23:16:08.712+0800] GC(1878)   Merge Heap Roots: 0.1ms
[2024-08-29T23:16:08.712+0800] GC(1878)   Evacuate Collection Set: 0.3ms
[2024-08-29T23:16:08.712+0800] GC(1878)   Post Evacuate Collection Set: 0.3ms
[2024-08-29T23:16:08.712+0800] GC(1878)   Other: 0.2ms
[2024-08-29T23:16:08.712+0800] GC(1878) Eden regions: 4->0(827)
[2024-08-29T23:16:08.712+0800] GC(1878) Survivor regions: 0->0(108)
[2024-08-29T23:16:08.712+0800] GC(1878) Old regions: 1->1
[2024-08-29T23:16:08.712+0800] GC(1878) Archive regions: 2->2
[2024-08-29T23:16:08.712+0800] GC(1878) Humongous regions: 1024->1012
[2024-08-29T23:16:08.712+0800] GC(1878) Metaspace: 1630K(1792K)->1630K(1792K) NonClass: 1510K(1600K)->1510K(1600K) Class: 119K(192K)->119K(192K)
[2024-08-29T23:16:08.712+0800] GC(1878) Pause Young (Concurrent Start) (G1 Humongous Allocation) 1028M->1013M(2048M) 1.104ms
[2024-08-29T23:16:08.712+0800] GC(1878) User=0.00s Sys=0.00s Real=0.00s
[2024-08-29T23:16:08.712+0800] GC(1879) Concurrent Mark Cycle
[2024-08-29T23:16:08.712+0800] GC(1879) Concurrent Clear Claimed Marks
[2024-08-29T23:16:08.712+0800] GC(1879) Concurrent Clear Claimed Marks 0.005ms
[2024-08-29T23:16:08.712+0800] GC(1879) Concurrent Scan Root Regions
[2024-08-29T23:16:08.712+0800] GC(1879) Concurrent Scan Root Regions 0.004ms
[2024-08-29T23:16:08.712+0800] GC(1879) Concurrent Mark
[2024-08-29T23:16:08.712+0800] GC(1879) Concurrent Mark From Roots
[2024-08-29T23:16:08.712+0800] GC(1879) Using 2 workers of 2 for marking
[2024-08-29T23:16:08.714+0800] GC(1879) Concurrent Mark From Roots 2.495ms
[2024-08-29T23:16:08.714+0800] GC(1879) Concurrent Preclean
[2024-08-29T23:16:08.715+0800] GC(1879) Concurrent Preclean 0.082ms
[2024-08-29T23:16:08.715+0800] GC(1879) Pause Remark
[2024-08-29T23:16:08.715+0800] GC(1879) Pause Remark 1027M->1027M(2048M) 0.832ms
[2024-08-29T23:16:08.715+0800] GC(1879) User=0.00s Sys=0.00s Real=0.00s
[2024-08-29T23:16:08.715+0800] GC(1879) Concurrent Mark 3.556ms
[2024-08-29T23:16:08.716+0800] GC(1879) Concurrent Rebuild Remembered Sets
[2024-08-29T23:16:08.716+0800] GC(1879) Concurrent Rebuild Remembered Sets 0.005ms
[2024-08-29T23:16:08.717+0800] GC(1879) Pause Cleanup
[2024-08-29T23:16:08.717+0800] GC(1879) Pause Cleanup 1031M->1031M(2048M) 0.018ms
[2024-08-29T23:16:08.717+0800] GC(1879) User=0.00s Sys=0.00s Real=0.00s
[2024-08-29T23:16:08.717+0800] GC(1879) Concurrent Cleanup for Next Mark
[2024-08-29T23:16:08.721+0800] GC(1879) Concurrent Cleanup for Next Mark 3.996ms
[2024-08-29T23:16:08.721+0800] GC(1879) Concurrent Mark Cycle 8.967ms
[2024-08-29T23:16:08.722+0800] GC(1880) Pause Young (Concurrent Start) (G1 Humongous Allocation)
[2024-08-29T23:16:08.722+0800] GC(1880) Using 8 workers of 8 for evacuation
[2024-08-29T23:16:08.723+0800] GC(1880)   Pre Evacuate Collection Set: 0.2ms
[2024-08-29T23:16:08.723+0800] GC(1880)   Merge Heap Roots: 0.1ms
[2024-08-29T23:16:08.723+0800] GC(1880)   Evacuate Collection Set: 0.3ms
[2024-08-29T23:16:08.723+0800] GC(1880)   Post Evacuate Collection Set: 0.2ms
[2024-08-29T23:16:08.723+0800] GC(1880)   Other: 0.1ms
[2024-08-29T23:16:08.723+0800] GC(1880) Eden regions: 3->0(834)
[2024-08-29T23:16:08.723+0800] GC(1880) Survivor regions: 0->0(104)
[2024-08-29T23:16:08.723+0800] GC(1880) Old regions: 1->1
[2024-08-29T23:16:08.723+0800] GC(1880) Archive regions: 2->2
[2024-08-29T23:16:08.723+0800] GC(1880) Humongous regions: 1035->1005
[2024-08-29T23:16:08.723+0800] GC(1880) Metaspace: 1630K(1792K)->1630K(1792K) NonClass: 1510K(1600K)->1510K(1600K) Class: 119K(192K)->119K(192K)
[2024-08-29T23:16:08.723+0800] GC(1880) Pause Young (Concurrent Start) (G1 Humongous Allocation) 1039M->1006M(2048M) 0.996ms
[2024-08-29T23:16:08.723+0800] GC(1880) User=0.01s Sys=0.00s Real=0.01s
[2024-08-29T23:16:08.723+0800] GC(1881) Concurrent Mark Cycle
[2024-08-29T23:16:08.723+0800] GC(1881) Concurrent Clear Claimed Marks
[2024-08-29T23:16:08.723+0800] GC(1881) Concurrent Clear Claimed Marks 0.005ms
[2024-08-29T23:16:08.723+0800] GC(1881) Concurrent Scan Root Regions
[2024-08-29T23:16:08.723+0800] GC(1881) Concurrent Scan Root Regions 0.004ms
[2024-08-29T23:16:08.723+0800] GC(1881) Concurrent Mark
[2024-08-29T23:16:08.723+0800] GC(1881) Concurrent Mark From Roots
[2024-08-29T23:16:08.723+0800] GC(1881) Using 2 workers of 2 for marking
[2024-08-29T23:16:08.725+0800] GC(1881) Concurrent Mark From Roots 2.108ms
[2024-08-29T23:16:08.725+0800] GC(1881) Concurrent Preclean
[2024-08-29T23:16:08.725+0800] GC(1881) Concurrent Preclean 0.081ms
[2024-08-29T23:16:08.725+0800] GC(1881) Pause Remark
[2024-08-29T23:16:08.726+0800] GC(1881) Pause Remark 1012M->1012M(2048M) 0.927ms
[2024-08-29T23:16:08.726+0800] GC(1881) User=0.00s Sys=0.00s Real=0.00s
[2024-08-29T23:16:08.726+0800] GC(1881) Concurrent Mark 3.275ms
[2024-08-29T23:16:08.726+0800] GC(1881) Concurrent Rebuild Remembered Sets
[2024-08-29T23:16:08.726+0800] GC(1881) Concurrent Rebuild Remembered Sets 0.006ms
[2024-08-29T23:16:08.726+0800] GC(1881) Pause Cleanup
[2024-08-29T23:16:08.726+0800] GC(1881) Pause Cleanup 1012M->1012M(2048M) 0.013ms
[2024-08-29T23:16:08.726+0800] GC(1881) User=0.00s Sys=0.00s Real=0.00s
[2024-08-29T23:16:08.726+0800] GC(1881) Concurrent Cleanup for Next Mark
[2024-08-29T23:16:08.730+0800] GC(1881) Concurrent Cleanup for Next Mark 3.809ms
[2024-08-29T23:16:08.730+0800] GC(1881) Concurrent Mark Cycle 7.262ms
[2024-08-29T23:16:08.731+0800] GC(1882) Pause Young (Concurrent Start) (G1 Humongous Allocation)
[2024-08-29T23:16:08.731+0800] GC(1882) Using 8 workers of 8 for evacuation
[2024-08-29T23:16:08.732+0800] GC(1882)   Pre Evacuate Collection Set: 0.2ms
[2024-08-29T23:16:08.732+0800] GC(1882)   Merge Heap Roots: 0.1ms
[2024-08-29T23:16:08.732+0800] GC(1882)   Evacuate Collection Set: 0.2ms
[2024-08-29T23:16:08.732+0800] GC(1882)   Post Evacuate Collection Set: 0.2ms
[2024-08-29T23:16:08.732+0800] GC(1882)   Other: 0.1ms
[2024-08-29T23:16:08.732+0800] GC(1882) Eden regions: 4->0(848)
[2024-08-29T23:16:08.732+0800] GC(1882) Survivor regions: 0->0(105)
[2024-08-29T23:16:08.732+0800] GC(1882) Old regions: 1->1
[2024-08-29T23:16:08.732+0800] GC(1882) Archive regions: 2->2
[2024-08-29T23:16:08.732+0800] GC(1882) Humongous regions: 1019->991
[2024-08-29T23:16:08.732+0800] GC(1882) Metaspace: 1630K(1792K)->1630K(1792K) NonClass: 1510K(1600K)->1510K(1600K) Class: 119K(192K)->119K(192K)
[2024-08-29T23:16:08.732+0800] GC(1882) Pause Young (Concurrent Start) (G1 Humongous Allocation) 1023M->992M(2048M) 0.833ms
[2024-08-29T23:16:08.732+0800] GC(1882) User=0.00s Sys=0.00s Real=0.00s
[2024-08-29T23:16:08.732+0800] GC(1883) Concurrent Mark Cycle
[2024-08-29T23:16:08.732+0800] GC(1883) Concurrent Clear Claimed Marks
[2024-08-29T23:16:08.732+0800] GC(1883) Concurrent Clear Claimed Marks 0.005ms
[2024-08-29T23:16:08.732+0800] GC(1883) Concurrent Scan Root Regions
[2024-08-29T23:16:08.732+0800] GC(1883) Concurrent Scan Root Regions 0.004ms
[2024-08-29T23:16:08.732+0800] GC(1883) Concurrent Mark
[2024-08-29T23:16:08.732+0800] GC(1883) Concurrent Mark From Roots
[2024-08-29T23:16:08.732+0800] GC(1883) Using 2 workers of 2 for marking
[2024-08-29T23:16:08.734+0800] GC(1883) Concurrent Mark From Roots 1.960ms
[2024-08-29T23:16:08.734+0800] GC(1883) Concurrent Preclean
[2024-08-29T23:16:08.734+0800] GC(1883) Concurrent Preclean 0.093ms
[2024-08-29T23:16:08.734+0800] GC(1883) Pause Remark
[2024-08-29T23:16:08.735+0800] GC(1883) Pause Remark 999M->999M(2048M) 0.967ms
[2024-08-29T23:16:08.735+0800] GC(1883) User=0.01s Sys=0.00s Real=0.00s
[2024-08-29T23:16:08.735+0800] GC(1883) Concurrent Mark 3.131ms
[2024-08-29T23:16:08.735+0800] GC(1883) Concurrent Rebuild Remembered Sets
[2024-08-29T23:16:08.735+0800] GC(1883) Concurrent Rebuild Remembered Sets 0.004ms
[2024-08-29T23:16:08.735+0800] GC(1883) Pause Cleanup
[2024-08-29T23:16:08.735+0800] GC(1883) Pause Cleanup 999M->999M(2048M) 0.010ms
[2024-08-29T23:16:08.735+0800] GC(1883) User=0.00s Sys=0.00s Real=0.00s
[2024-08-29T23:16:08.735+0800] GC(1883) Concurrent Cleanup for Next Mark
[2024-08-29T23:16:08.740+0800] GC(1883) Concurrent Cleanup for Next Mark 4.673ms
[2024-08-29T23:16:08.740+0800] GC(1883) Concurrent Mark Cycle 8.012ms
[2024-08-29T23:16:08.745+0800] GC(1884) Pause Young (Concurrent Start) (G1 Humongous Allocation)
[2024-08-29T23:16:08.745+0800] GC(1884) Using 8 workers of 8 for evacuation
[2024-08-29T23:16:08.746+0800] GC(1884)   Pre Evacuate Collection Set: 0.4ms
[2024-08-29T23:16:08.746+0800] GC(1884)   Merge Heap Roots: 0.2ms
[2024-08-29T23:16:08.746+0800] GC(1884)   Evacuate Collection Set: 0.4ms
[2024-08-29T23:16:08.746+0800] GC(1884)   Post Evacuate Collection Set: 0.3ms
[2024-08-29T23:16:08.746+0800] GC(1884)   Other: 0.2ms
[2024-08-29T23:16:08.746+0800] GC(1884) Eden regions: 3->0(850)
[2024-08-29T23:16:08.746+0800] GC(1884) Survivor regions: 0->0(106)
[2024-08-29T23:16:08.746+0800] GC(1884) Old regions: 1->1
[2024-08-29T23:16:08.746+0800] GC(1884) Archive regions: 2->2
[2024-08-29T23:16:08.746+0800] GC(1884) Humongous regions: 1010->989
[2024-08-29T23:16:08.746+0800] GC(1884) Metaspace: 1630K(1792K)->1630K(1792K) NonClass: 1510K(1600K)->1510K(1600K) Class: 119K(192K)->119K(192K)
[2024-08-29T23:16:08.746+0800] GC(1884) Pause Young (Concurrent Start) (G1 Humongous Allocation) 1014M->990M(2048M) 1.456ms
[2024-08-29T23:16:08.746+0800] GC(1884) User=0.00s Sys=0.00s Real=0.00s
[2024-08-29T23:16:08.746+0800] GC(1885) Concurrent Mark Cycle
[2024-08-29T23:16:08.746+0800] GC(1885) Concurrent Clear Claimed Marks
[2024-08-29T23:16:08.746+0800] GC(1885) Concurrent Clear Claimed Marks 0.005ms
[2024-08-29T23:16:08.746+0800] GC(1885) Concurrent Scan Root Regions
[2024-08-29T23:16:08.746+0800] GC(1885) Concurrent Scan Root Regions 0.004ms
[2024-08-29T23:16:08.746+0800] GC(1885) Concurrent Mark
[2024-08-29T23:16:08.746+0800] GC(1885) Concurrent Mark From Roots
[2024-08-29T23:16:08.746+0800] GC(1885) Using 2 workers of 2 for marking
[2024-08-29T23:16:08.749+0800] GC(1885) Concurrent Mark From Roots 3.073ms
[2024-08-29T23:16:08.749+0800] GC(1885) Concurrent Preclean
[2024-08-29T23:16:08.750+0800] GC(1885) Concurrent Preclean 0.082ms
[2024-08-29T23:16:08.750+0800] GC(1885) Pause Remark
[2024-08-29T23:16:08.751+0800] GC(1885) Pause Remark 1018M->1018M(2048M) 0.935ms
[2024-08-29T23:16:08.751+0800] GC(1885) User=0.00s Sys=0.00s Real=0.00s
[2024-08-29T23:16:08.751+0800] GC(1885) Concurrent Mark 4.258ms
[2024-08-29T23:16:08.751+0800] GC(1885) Concurrent Rebuild Remembered Sets
[2024-08-29T23:16:08.751+0800] GC(1885) Concurrent Rebuild Remembered Sets 0.005ms
[2024-08-29T23:16:08.752+0800] GC(1885) Pause Cleanup
[2024-08-29T23:16:08.752+0800] GC(1885) Pause Cleanup 1021M->1021M(2048M) 0.017ms
[2024-08-29T23:16:08.752+0800] GC(1885) User=0.00s Sys=0.00s Real=0.00s
[2024-08-29T23:16:08.752+0800] GC(1885) Concurrent Cleanup for Next Mark
[2024-08-29T23:16:08.757+0800] GC(1885) Concurrent Cleanup for Next Mark 4.726ms
[2024-08-29T23:16:08.757+0800] GC(1885) Concurrent Mark Cycle 10.470ms
[2024-08-29T23:16:08.759+0800] GC(1886) Pause Young (Concurrent Start) (G1 Humongous Allocation)
[2024-08-29T23:16:08.759+0800] GC(1886) Using 8 workers of 8 for evacuation
[2024-08-29T23:16:08.760+0800] GC(1886)   Pre Evacuate Collection Set: 0.2ms
[2024-08-29T23:16:08.760+0800] GC(1886)   Merge Heap Roots: 0.1ms
[2024-08-29T23:16:08.760+0800] GC(1886)   Evacuate Collection Set: 0.4ms
[2024-08-29T23:16:08.760+0800] GC(1886)   Post Evacuate Collection Set: 0.3ms
[2024-08-29T23:16:08.760+0800] GC(1886)   Other: 0.1ms
[2024-08-29T23:16:08.760+0800] GC(1886) Eden regions: 4->0(824)
[2024-08-29T23:16:08.760+0800] GC(1886) Survivor regions: 0->0(107)
[2024-08-29T23:16:08.760+0800] GC(1886) Old regions: 1->1
[2024-08-29T23:16:08.760+0800] GC(1886) Archive regions: 2->2
[2024-08-29T23:16:08.760+0800] GC(1886) Humongous regions: 1035->1015
[2024-08-29T23:16:08.760+0800] GC(1886) Metaspace: 1630K(1792K)->1630K(1792K) NonClass: 1510K(1600K)->1510K(1600K) Class: 119K(192K)->119K(192K)
[2024-08-29T23:16:08.760+0800] GC(1886) Pause Young (Concurrent Start) (G1 Humongous Allocation) 1040M->1016M(2048M) 1.217ms
[2024-08-29T23:16:08.760+0800] GC(1886) User=0.00s Sys=0.00s Real=0.00s
[2024-08-29T23:16:08.760+0800] GC(1887) Concurrent Mark Cycle
[2024-08-29T23:16:08.760+0800] GC(1887) Concurrent Clear Claimed Marks
[2024-08-29T23:16:08.760+0800] GC(1887) Concurrent Clear Claimed Marks 0.005ms
[2024-08-29T23:16:08.760+0800] GC(1887) Concurrent Scan Root Regions
[2024-08-29T23:16:08.760+0800] GC(1887) Concurrent Scan Root Regions 0.004ms
[2024-08-29T23:16:08.760+0800] GC(1887) Concurrent Mark
[2024-08-29T23:16:08.760+0800] GC(1887) Concurrent Mark From Roots
[2024-08-29T23:16:08.760+0800] GC(1887) Using 2 workers of 2 for marking
[2024-08-29T23:16:08.763+0800] GC(1887) Concurrent Mark From Roots 2.716ms
[2024-08-29T23:16:08.763+0800] GC(1887) Concurrent Preclean
[2024-08-29T23:16:08.763+0800] GC(1887) Concurrent Preclean 0.067ms
[2024-08-29T23:16:08.763+0800] GC(1887) Pause Remark
[2024-08-29T23:16:08.764+0800] GC(1887) Pause Remark 1033M->1033M(2048M) 0.827ms
[2024-08-29T23:16:08.764+0800] GC(1887) User=0.00s Sys=0.00s Real=0.00s
[2024-08-29T23:16:08.764+0800] GC(1887) Concurrent Mark 3.720ms
[2024-08-29T23:16:08.764+0800] GC(1887) Concurrent Rebuild Remembered Sets
[2024-08-29T23:16:08.764+0800] GC(1887) Concurrent Rebuild Remembered Sets 0.004ms
[2024-08-29T23:16:08.764+0800] GC(1887) Pause Cleanup
[2024-08-29T23:16:08.764+0800] GC(1887) Pause Cleanup 1033M->1033M(2048M) 0.013ms
[2024-08-29T23:16:08.764+0800] GC(1887) User=0.00s Sys=0.00s Real=0.00s
[2024-08-29T23:16:08.764+0800] GC(1887) Concurrent Cleanup for Next Mark
[2024-08-29T23:16:08.769+0800] GC(1887) Concurrent Cleanup for Next Mark 4.876ms
[2024-08-29T23:16:08.769+0800] GC(1887) Concurrent Mark Cycle 8.904ms
[2024-08-29T23:16:08.771+0800] GC(1888) Pause Young (Concurrent Start) (G1 Humongous Allocation)
[2024-08-29T23:16:08.771+0800] GC(1888) Using 8 workers of 8 for evacuation
[2024-08-29T23:16:08.772+0800] GC(1888)   Pre Evacuate Collection Set: 0.3ms
[2024-08-29T23:16:08.772+0800] GC(1888)   Merge Heap Roots: 0.1ms
[2024-08-29T23:16:08.772+0800] GC(1888)   Evacuate Collection Set: 0.4ms
[2024-08-29T23:16:08.772+0800] GC(1888)   Post Evacuate Collection Set: 0.3ms
[2024-08-29T23:16:08.772+0800] GC(1888)   Other: 0.1ms
[2024-08-29T23:16:08.772+0800] GC(1888) Eden regions: 4->0(837)
[2024-08-29T23:16:08.772+0800] GC(1888) Survivor regions: 0->0(103)
[2024-08-29T23:16:08.772+0800] GC(1888) Old regions: 1->1
[2024-08-29T23:16:08.772+0800] GC(1888) Archive regions: 2->2
[2024-08-29T23:16:08.772+0800] GC(1888) Humongous regions: 1049->1002
[2024-08-29T23:16:08.772+0800] GC(1888) Metaspace: 1630K(1792K)->1630K(1792K) NonClass: 1510K(1600K)->1510K(1600K) Class: 119K(192K)->119K(192K)
[2024-08-29T23:16:08.772+0800] GC(1888) Pause Young (Concurrent Start) (G1 Humongous Allocation) 1054M->1003M(2048M) 1.238ms
[2024-08-29T23:16:08.772+0800] GC(1888) User=0.01s Sys=0.00s Real=0.00s
[2024-08-29T23:16:08.772+0800] GC(1889) Concurrent Mark Cycle
[2024-08-29T23:16:08.772+0800] GC(1889) Concurrent Clear Claimed Marks
[2024-08-29T23:16:08.772+0800] GC(1889) Concurrent Clear Claimed Marks 0.005ms
[2024-08-29T23:16:08.772+0800] GC(1889) Concurrent Scan Root Regions
[2024-08-29T23:16:08.772+0800] GC(1889) Concurrent Scan Root Regions 0.004ms
[2024-08-29T23:16:08.772+0800] GC(1889) Concurrent Mark
[2024-08-29T23:16:08.772+0800] GC(1889) Concurrent Mark From Roots
[2024-08-29T23:16:08.772+0800] GC(1889) Using 2 workers of 2 for marking
[2024-08-29T23:16:08.774+0800] GC(1889) Concurrent Mark From Roots 2.171ms
[2024-08-29T23:16:08.774+0800] GC(1889) Concurrent Preclean
[2024-08-29T23:16:08.774+0800] GC(1889) Concurrent Preclean 0.066ms
[2024-08-29T23:16:08.774+0800] GC(1889) Pause Remark
[2024-08-29T23:16:08.776+0800] GC(1889) Pause Remark 1011M->1011M(2048M) 1.495ms
[2024-08-29T23:16:08.776+0800] GC(1889) User=0.00s Sys=0.01s Real=0.00s
[2024-08-29T23:16:08.776+0800] GC(1889) Concurrent Mark 3.891ms
[2024-08-29T23:16:08.776+0800] GC(1889) Concurrent Rebuild Remembered Sets
[2024-08-29T23:16:08.776+0800] GC(1889) Concurrent Rebuild Remembered Sets 0.005ms
[2024-08-29T23:16:08.777+0800] GC(1889) Pause Cleanup
[2024-08-29T23:16:08.777+0800] GC(1889) Pause Cleanup 1015M->1015M(2048M) 0.013ms
[2024-08-29T23:16:08.777+0800] GC(1889) User=0.00s Sys=0.00s Real=0.00s
[2024-08-29T23:16:08.777+0800] GC(1889) Concurrent Cleanup for Next Mark
[2024-08-29T23:16:08.780+0800] GC(1889) Concurrent Cleanup for Next Mark 3.688ms
[2024-08-29T23:16:08.780+0800] GC(1889) Concurrent Mark Cycle 8.467ms
[2024-08-29T23:16:08.781+0800] GC(1890) Pause Young (Concurrent Start) (G1 Humongous Allocation)
[2024-08-29T23:16:08.781+0800] GC(1890) Using 8 workers of 8 for evacuation
[2024-08-29T23:16:08.782+0800] GC(1890)   Pre Evacuate Collection Set: 0.2ms
[2024-08-29T23:16:08.782+0800] GC(1890)   Merge Heap Roots: 0.1ms
[2024-08-29T23:16:08.782+0800] GC(1890)   Evacuate Collection Set: 0.4ms
[2024-08-29T23:16:08.782+0800] GC(1890)   Post Evacuate Collection Set: 0.2ms
[2024-08-29T23:16:08.782+0800] GC(1890)   Other: 0.1ms
[2024-08-29T23:16:08.782+0800] GC(1890) Eden regions: 4->0(838)
[2024-08-29T23:16:08.782+0800] GC(1890) Survivor regions: 0->0(105)
[2024-08-29T23:16:08.782+0800] GC(1890) Old regions: 1->1
[2024-08-29T23:16:08.782+0800] GC(1890) Archive regions: 2->2
[2024-08-29T23:16:08.782+0800] GC(1890) Humongous regions: 1021->1001
[2024-08-29T23:16:08.782+0800] GC(1890) Metaspace: 1630K(1792K)->1630K(1792K) NonClass: 1510K(1600K)->1510K(1600K) Class: 119K(192K)->119K(192K)
[2024-08-29T23:16:08.782+0800] GC(1890) Pause Young (Concurrent Start) (G1 Humongous Allocation) 1025M->1002M(2048M) 1.168ms
[2024-08-29T23:16:08.782+0800] GC(1890) User=0.00s Sys=0.00s Real=0.00s
[2024-08-29T23:16:08.782+0800] GC(1891) Concurrent Mark Cycle
[2024-08-29T23:16:08.782+0800] GC(1891) Concurrent Clear Claimed Marks
[2024-08-29T23:16:08.782+0800] GC(1891) Concurrent Clear Claimed Marks 0.005ms
[2024-08-29T23:16:08.782+0800] GC(1891) Concurrent Scan Root Regions
[2024-08-29T23:16:08.782+0800] GC(1891) Concurrent Scan Root Regions 0.004ms
[2024-08-29T23:16:08.782+0800] GC(1891) Concurrent Mark
[2024-08-29T23:16:08.782+0800] GC(1891) Concurrent Mark From Roots
[2024-08-29T23:16:08.782+0800] GC(1891) Using 2 workers of 2 for marking
[2024-08-29T23:16:08.785+0800] GC(1891) Concurrent Mark From Roots 3.079ms
[2024-08-29T23:16:08.785+0800] GC(1891) Concurrent Preclean
[2024-08-29T23:16:08.785+0800] GC(1891) Concurrent Preclean 0.069ms
[2024-08-29T23:16:08.785+0800] GC(1891) Pause Remark
[2024-08-29T23:16:08.787+0800] GC(1891) Pause Remark 1023M->1023M(2048M) 1.182ms
[2024-08-29T23:16:08.787+0800] GC(1891) User=0.00s Sys=0.01s Real=0.00s
[2024-08-29T23:16:08.787+0800] GC(1891) Concurrent Mark 4.613ms
[2024-08-29T23:16:08.787+0800] GC(1891) Concurrent Rebuild Remembered Sets
[2024-08-29T23:16:08.787+0800] GC(1891) Concurrent Rebuild Remembered Sets 0.005ms
[2024-08-29T23:16:08.788+0800] GC(1891) Pause Cleanup
[2024-08-29T23:16:08.788+0800] GC(1891) Pause Cleanup 1028M->1028M(2048M) 0.018ms
[2024-08-29T23:16:08.788+0800] GC(1891) User=0.00s Sys=0.00s Real=0.00s
[2024-08-29T23:16:08.788+0800] GC(1891) Concurrent Cleanup for Next Mark
[2024-08-29T23:16:08.793+0800] GC(1891) Concurrent Cleanup for Next Mark 5.104ms
[2024-08-29T23:16:08.793+0800] GC(1891) Concurrent Mark Cycle 10.916ms
[2024-08-29T23:16:08.795+0800] GC(1892) Pause Young (Concurrent Start) (G1 Humongous Allocation)
[2024-08-29T23:16:08.795+0800] GC(1892) Using 8 workers of 8 for evacuation
[2024-08-29T23:16:08.796+0800] GC(1892)   Pre Evacuate Collection Set: 0.3ms
[2024-08-29T23:16:08.796+0800] GC(1892)   Merge Heap Roots: 0.1ms
[2024-08-29T23:16:08.796+0800] GC(1892)   Evacuate Collection Set: 0.4ms
[2024-08-29T23:16:08.796+0800] GC(1892)   Post Evacuate Collection Set: 0.2ms
[2024-08-29T23:16:08.796+0800] GC(1892)   Other: 0.1ms
[2024-08-29T23:16:08.796+0800] GC(1892) Eden regions: 4->0(822)
[2024-08-29T23:16:08.796+0800] GC(1892) Survivor regions: 0->0(105)
[2024-08-29T23:16:08.796+0800] GC(1892) Old regions: 1->1
[2024-08-29T23:16:08.796+0800] GC(1892) Archive regions: 2->2
[2024-08-29T23:16:08.796+0800] GC(1892) Humongous regions: 1046->1017
[2024-08-29T23:16:08.796+0800] GC(1892) Metaspace: 1630K(1792K)->1630K(1792K) NonClass: 1510K(1600K)->1510K(1600K) Class: 119K(192K)->119K(192K)
[2024-08-29T23:16:08.796+0800] GC(1892) Pause Young (Concurrent Start) (G1 Humongous Allocation) 1050M->1018M(2048M) 1.215ms
[2024-08-29T23:16:08.796+0800] GC(1892) User=0.00s Sys=0.00s Real=0.00s
[2024-08-29T23:16:08.796+0800] GC(1893) Concurrent Mark Cycle
[2024-08-29T23:16:08.796+0800] GC(1893) Concurrent Clear Claimed Marks
[2024-08-29T23:16:08.796+0800] GC(1893) Concurrent Clear Claimed Marks 0.005ms
[2024-08-29T23:16:08.796+0800] GC(1893) Concurrent Scan Root Regions
[2024-08-29T23:16:08.796+0800] GC(1893) Concurrent Scan Root Regions 0.004ms
[2024-08-29T23:16:08.796+0800] GC(1893) Concurrent Mark
[2024-08-29T23:16:08.796+0800] GC(1893) Concurrent Mark From Roots
[2024-08-29T23:16:08.796+0800] GC(1893) Using 2 workers of 2 for marking
[2024-08-29T23:16:08.799+0800] GC(1893) Concurrent Mark From Roots 2.964ms
[2024-08-29T23:16:08.799+0800] GC(1893) Concurrent Preclean
[2024-08-29T23:16:08.799+0800] GC(1893) Concurrent Preclean 0.067ms
[2024-08-29T23:16:08.799+0800] GC(1893) Pause Remark
[2024-08-29T23:16:08.800+0800] GC(1893) Pause Remark 1038M->1038M(2048M) 1.054ms
[2024-08-29T23:16:08.800+0800] GC(1893) User=0.00s Sys=0.00s Real=0.00s
[2024-08-29T23:16:08.800+0800] GC(1893) Concurrent Mark 4.242ms
[2024-08-29T23:16:08.800+0800] GC(1893) Concurrent Rebuild Remembered Sets
[2024-08-29T23:16:08.800+0800] GC(1893) Concurrent Rebuild Remembered Sets 0.005ms
[2024-08-29T23:16:08.801+0800] GC(1893) Pause Cleanup
[2024-08-29T23:16:08.801+0800] GC(1893) Pause Cleanup 1042M->1042M(2048M) 0.019ms
[2024-08-29T23:16:08.801+0800] GC(1893) User=0.00s Sys=0.00s Real=0.00s
[2024-08-29T23:16:08.801+0800] GC(1893) Concurrent Cleanup for Next Mark
[2024-08-29T23:16:08.806+0800] GC(1893) Concurrent Cleanup for Next Mark 4.947ms
[2024-08-29T23:16:08.806+0800] GC(1893) Concurrent Mark Cycle 9.828ms
[2024-08-29T23:16:08.810+0800] GC(1894) Pause Young (Concurrent Start) (G1 Humongous Allocation)
[2024-08-29T23:16:08.810+0800] GC(1894) Using 8 workers of 8 for evacuation
[2024-08-29T23:16:08.811+0800] GC(1894)   Pre Evacuate Collection Set: 0.3ms
[2024-08-29T23:16:08.811+0800] GC(1894)   Merge Heap Roots: 0.2ms
[2024-08-29T23:16:08.811+0800] GC(1894)   Evacuate Collection Set: 0.3ms
[2024-08-29T23:16:08.811+0800] GC(1894)   Post Evacuate Collection Set: 0.2ms
[2024-08-29T23:16:08.811+0800] GC(1894)   Other: 0.2ms
[2024-08-29T23:16:08.811+0800] GC(1894) Eden regions: 4->0(802)
[2024-08-29T23:16:08.811+0800] GC(1894) Survivor regions: 0->0(103)
[2024-08-29T23:16:08.811+0800] GC(1894) Old regions: 1->1
[2024-08-29T23:16:08.811+0800] GC(1894) Archive regions: 2->2
[2024-08-29T23:16:08.811+0800] GC(1894) Humongous regions: 1057->1037
[2024-08-29T23:16:08.811+0800] GC(1894) Metaspace: 1630K(1792K)->1630K(1792K) NonClass: 1510K(1600K)->1510K(1600K) Class: 119K(192K)->119K(192K)
[2024-08-29T23:16:08.811+0800] GC(1894) Pause Young (Concurrent Start) (G1 Humongous Allocation) 1062M->1038M(2048M) 1.280ms
[2024-08-29T23:16:08.811+0800] GC(1894) User=0.00s Sys=0.00s Real=0.00s
[2024-08-29T23:16:08.811+0800] GC(1895) Concurrent Mark Cycle
[2024-08-29T23:16:08.811+0800] GC(1895) Concurrent Clear Claimed Marks
[2024-08-29T23:16:08.811+0800] GC(1895) Concurrent Clear Claimed Marks 0.005ms
[2024-08-29T23:16:08.811+0800] GC(1895) Concurrent Scan Root Regions
[2024-08-29T23:16:08.811+0800] GC(1895) Concurrent Scan Root Regions 0.004ms
[2024-08-29T23:16:08.811+0800] GC(1895) Concurrent Mark
[2024-08-29T23:16:08.811+0800] GC(1895) Concurrent Mark From Roots
[2024-08-29T23:16:08.811+0800] GC(1895) Using 2 workers of 2 for marking
[2024-08-29T23:16:08.814+0800] GC(1895) Concurrent Mark From Roots 3.123ms
[2024-08-29T23:16:08.814+0800] GC(1895) Concurrent Preclean
[2024-08-29T23:16:08.814+0800] GC(1895) Concurrent Preclean 0.084ms
[2024-08-29T23:16:08.815+0800] GC(1895) Pause Remark
[2024-08-29T23:16:08.816+0800] GC(1895) Pause Remark 1059M->1059M(2048M) 1.238ms
[2024-08-29T23:16:08.816+0800] GC(1895) User=0.01s Sys=0.01s Real=0.00s
[2024-08-29T23:16:08.816+0800] GC(1895) Concurrent Mark 4.635ms
[2024-08-29T23:16:08.816+0800] GC(1895) Concurrent Rebuild Remembered Sets
[2024-08-29T23:16:08.816+0800] GC(1895) Concurrent Rebuild Remembered Sets 0.005ms
[2024-08-29T23:16:08.817+0800] GC(1895) Pause Cleanup
[2024-08-29T23:16:08.817+0800] GC(1895) Pause Cleanup 1062M->1062M(2048M) 0.021ms
[2024-08-29T23:16:08.817+0800] GC(1895) User=0.00s Sys=0.00s Real=0.00s
[2024-08-29T23:16:08.817+0800] GC(1895) Concurrent Cleanup for Next Mark
[2024-08-29T23:16:08.821+0800] GC(1895) Concurrent Cleanup for Next Mark 4.233ms
[2024-08-29T23:16:08.821+0800] GC(1895) Concurrent Mark Cycle 9.968ms
[2024-08-29T23:16:08.822+0800] GC(1896) Pause Young (Concurrent Start) (G1 Humongous Allocation)
[2024-08-29T23:16:08.822+0800] GC(1896) Using 8 workers of 8 for evacuation
[2024-08-29T23:16:08.823+0800] GC(1896)   Pre Evacuate Collection Set: 0.3ms
[2024-08-29T23:16:08.823+0800] GC(1896)   Merge Heap Roots: 0.1ms
[2024-08-29T23:16:08.823+0800] GC(1896)   Evacuate Collection Set: 0.3ms
[2024-08-29T23:16:08.823+0800] GC(1896)   Post Evacuate Collection Set: 0.3ms
[2024-08-29T23:16:08.823+0800] GC(1896)   Other: 0.1ms
[2024-08-29T23:16:08.823+0800] GC(1896) Eden regions: 4->0(796)
[2024-08-29T23:16:08.823+0800] GC(1896) Survivor regions: 0->0(101)
[2024-08-29T23:16:08.823+0800] GC(1896) Old regions: 1->1
[2024-08-29T23:16:08.823+0800] GC(1896) Archive regions: 2->2
[2024-08-29T23:16:08.823+0800] GC(1896) Humongous regions: 1073->1043
[2024-08-29T23:16:08.823+0800] GC(1896) Metaspace: 1630K(1792K)->1630K(1792K) NonClass: 1510K(1600K)->1510K(1600K) Class: 119K(192K)->119K(192K)
[2024-08-29T23:16:08.823+0800] GC(1896) Pause Young (Concurrent Start) (G1 Humongous Allocation) 1078M->1044M(2048M) 1.103ms
[2024-08-29T23:16:08.823+0800] GC(1896) User=0.00s Sys=0.00s Real=0.01s
[2024-08-29T23:16:08.823+0800] GC(1897) Concurrent Mark Cycle
[2024-08-29T23:16:08.823+0800] GC(1897) Concurrent Clear Claimed Marks
[2024-08-29T23:16:08.823+0800] GC(1897) Concurrent Clear Claimed Marks 0.005ms
[2024-08-29T23:16:08.823+0800] GC(1897) Concurrent Scan Root Regions
[2024-08-29T23:16:08.823+0800] GC(1897) Concurrent Scan Root Regions 0.004ms
[2024-08-29T23:16:08.823+0800] GC(1897) Concurrent Mark
[2024-08-29T23:16:08.823+0800] GC(1897) Concurrent Mark From Roots
[2024-08-29T23:16:08.823+0800] GC(1897) Using 2 workers of 2 for marking
[2024-08-29T23:16:08.825+0800] GC(1897) Concurrent Mark From Roots 2.305ms
[2024-08-29T23:16:08.825+0800] GC(1897) Concurrent Preclean
[2024-08-29T23:16:08.825+0800] GC(1897) Concurrent Preclean 0.065ms
[2024-08-29T23:16:08.825+0800] GC(1897) Pause Remark
[2024-08-29T23:16:08.826+0800] GC(1897) Pause Remark 1054M->1054M(2048M) 0.937ms
[2024-08-29T23:16:08.826+0800] GC(1897) User=0.01s Sys=0.00s Real=0.00s
[2024-08-29T23:16:08.826+0800] GC(1897) Concurrent Mark 3.497ms
[2024-08-29T23:16:08.826+0800] GC(1897) Concurrent Rebuild Remembered Sets
[2024-08-29T23:16:08.826+0800] GC(1897) Concurrent Rebuild Remembered Sets 0.006ms
[2024-08-29T23:16:08.827+0800] GC(1897) Pause Cleanup
[2024-08-29T23:16:08.827+0800] GC(1897) Pause Cleanup 1057M->1057M(2048M) 0.015ms
[2024-08-29T23:16:08.827+0800] GC(1897) User=0.00s Sys=0.00s Real=0.00s
[2024-08-29T23:16:08.827+0800] GC(1897) Concurrent Cleanup for Next Mark
[2024-08-29T23:16:08.833+0800] GC(1897) Concurrent Cleanup for Next Mark 5.969ms
[2024-08-29T23:16:08.833+0800] GC(1897) Concurrent Mark Cycle 9.848ms
[2024-08-29T23:16:08.835+0800] GC(1898) Pause Young (Concurrent Start) (G1 Humongous Allocation)
[2024-08-29T23:16:08.835+0800] GC(1898) Using 8 workers of 8 for evacuation
[2024-08-29T23:16:08.836+0800] GC(1898)   Pre Evacuate Collection Set: 0.2ms
[2024-08-29T23:16:08.836+0800] GC(1898)   Merge Heap Roots: 0.2ms
[2024-08-29T23:16:08.836+0800] GC(1898)   Evacuate Collection Set: 0.4ms
[2024-08-29T23:16:08.836+0800] GC(1898)   Post Evacuate Collection Set: 0.2ms
[2024-08-29T23:16:08.836+0800] GC(1898)   Other: 0.1ms
[2024-08-29T23:16:08.836+0800] GC(1898) Eden regions: 4->0(795)
[2024-08-29T23:16:08.836+0800] GC(1898) Survivor regions: 0->0(100)
[2024-08-29T23:16:08.836+0800] GC(1898) Old regions: 1->1
[2024-08-29T23:16:08.836+0800] GC(1898) Archive regions: 2->2
[2024-08-29T23:16:08.836+0800] GC(1898) Humongous regions: 1077->1044
[2024-08-29T23:16:08.836+0800] GC(1898) Metaspace: 1630K(1792K)->1630K(1792K) NonClass: 1510K(1600K)->1510K(1600K) Class: 119K(192K)->119K(192K)
[2024-08-29T23:16:08.836+0800] GC(1898) Pause Young (Concurrent Start) (G1 Humongous Allocation) 1082M->1045M(2048M) 1.309ms
[2024-08-29T23:16:08.836+0800] GC(1898) User=0.00s Sys=0.01s Real=0.00s
[2024-08-29T23:16:08.836+0800] GC(1899) Concurrent Mark Cycle
[2024-08-29T23:16:08.836+0800] GC(1899) Concurrent Clear Claimed Marks
[2024-08-29T23:16:08.836+0800] GC(1899) Concurrent Clear Claimed Marks 0.023ms
[2024-08-29T23:16:08.836+0800] GC(1899) Concurrent Scan Root Regions
[2024-08-29T23:16:08.836+0800] GC(1899) Concurrent Scan Root Regions 0.004ms
[2024-08-29T23:16:08.836+0800] GC(1899) Concurrent Mark
[2024-08-29T23:16:08.836+0800] GC(1899) Concurrent Mark From Roots
[2024-08-29T23:16:08.836+0800] GC(1899) Using 2 workers of 2 for marking
[2024-08-29T23:16:08.838+0800] GC(1899) Concurrent Mark From Roots 2.075ms
[2024-08-29T23:16:08.838+0800] GC(1899) Concurrent Preclean
[2024-08-29T23:16:08.838+0800] GC(1899) Concurrent Preclean 0.083ms
[2024-08-29T23:16:08.838+0800] GC(1899) Pause Remark
[2024-08-29T23:16:08.839+0800] GC(1899) Pause Remark 1050M->1050M(2048M) 0.922ms
[2024-08-29T23:16:08.839+0800] GC(1899) User=0.00s Sys=0.00s Real=0.00s
[2024-08-29T23:16:08.840+0800] GC(1899) Concurrent Mark 3.245ms
[2024-08-29T23:16:08.840+0800] GC(1899) Concurrent Rebuild Remembered Sets
[2024-08-29T23:16:08.840+0800] GC(1899) Concurrent Rebuild Remembered Sets 0.007ms
[2024-08-29T23:16:08.840+0800] GC(1899) Pause Cleanup
[2024-08-29T23:16:08.840+0800] GC(1899) Pause Cleanup 1051M->1051M(2048M) 0.014ms
[2024-08-29T23:16:08.840+0800] GC(1899) User=0.00s Sys=0.00s Real=0.00s
[2024-08-29T23:16:08.840+0800] GC(1899) Concurrent Cleanup for Next Mark
[2024-08-29T23:16:08.844+0800] GC(1899) Concurrent Cleanup for Next Mark 4.643ms
[2024-08-29T23:16:08.844+0800] GC(1899) Concurrent Mark Cycle 8.296ms
[2024-08-29T23:16:08.845+0800] GC(1900) Pause Young (Concurrent Start) (G1 Humongous Allocation)
[2024-08-29T23:16:08.845+0800] GC(1900) Using 8 workers of 8 for evacuation
[2024-08-29T23:16:08.846+0800] GC(1900)   Pre Evacuate Collection Set: 0.2ms
[2024-08-29T23:16:08.846+0800] GC(1900)   Merge Heap Roots: 0.1ms
[2024-08-29T23:16:08.846+0800] GC(1900)   Evacuate Collection Set: 0.2ms
[2024-08-29T23:16:08.846+0800] GC(1900)   Post Evacuate Collection Set: 0.3ms
[2024-08-29T23:16:08.846+0800] GC(1900)   Other: 0.1ms
[2024-08-29T23:16:08.846+0800] GC(1900) Eden regions: 3->0(799)
[2024-08-29T23:16:08.846+0800] GC(1900) Survivor regions: 0->0(100)
[2024-08-29T23:16:08.846+0800] GC(1900) Old regions: 1->1
[2024-08-29T23:16:08.846+0800] GC(1900) Archive regions: 2->2
[2024-08-29T23:16:08.846+0800] GC(1900) Humongous regions: 1067->1040
[2024-08-29T23:16:08.846+0800] GC(1900) Metaspace: 1630K(1792K)->1630K(1792K) NonClass: 1510K(1600K)->1510K(1600K) Class: 119K(192K)->119K(192K)
[2024-08-29T23:16:08.846+0800] GC(1900) Pause Young (Concurrent Start) (G1 Humongous Allocation) 1071M->1041M(2048M) 0.945ms
[2024-08-29T23:16:08.846+0800] GC(1900) User=0.00s Sys=0.00s Real=0.00s
[2024-08-29T23:16:08.846+0800] GC(1901) Concurrent Mark Cycle
[2024-08-29T23:16:08.846+0800] GC(1901) Concurrent Clear Claimed Marks
[2024-08-29T23:16:08.846+0800] GC(1901) Concurrent Clear Claimed Marks 0.005ms
[2024-08-29T23:16:08.846+0800] GC(1901) Concurrent Scan Root Regions
[2024-08-29T23:16:08.846+0800] GC(1901) Concurrent Scan Root Regions 0.004ms
[2024-08-29T23:16:08.846+0800] GC(1901) Concurrent Mark
[2024-08-29T23:16:08.846+0800] GC(1901) Concurrent Mark From Roots
[2024-08-29T23:16:08.846+0800] GC(1901) Using 2 workers of 2 for marking
[2024-08-29T23:16:08.848+0800] GC(1901) Concurrent Mark From Roots 2.313ms
[2024-08-29T23:16:08.848+0800] GC(1901) Concurrent Preclean
[2024-08-29T23:16:08.848+0800] GC(1901) Concurrent Preclean 0.067ms
[2024-08-29T23:16:08.848+0800] GC(1901) Pause Remark
[2024-08-29T23:16:08.849+0800] GC(1901) Pause Remark 1049M->1049M(2048M) 0.779ms
[2024-08-29T23:16:08.849+0800] GC(1901) User=0.00s Sys=0.00s Real=0.00s
[2024-08-29T23:16:08.849+0800] GC(1901) Concurrent Mark 3.291ms
[2024-08-29T23:16:08.849+0800] GC(1901) Concurrent Rebuild Remembered Sets
[2024-08-29T23:16:08.849+0800] GC(1901) Concurrent Rebuild Remembered Sets 0.005ms
[2024-08-29T23:16:08.850+0800] GC(1901) Pause Cleanup
[2024-08-29T23:16:08.850+0800] GC(1901) Pause Cleanup 1053M->1053M(2048M) 0.015ms
[2024-08-29T23:16:08.850+0800] GC(1901) User=0.00s Sys=0.00s Real=0.00s
[2024-08-29T23:16:08.850+0800] GC(1901) Concurrent Cleanup for Next Mark
[2024-08-29T23:16:08.855+0800] GC(1901) Concurrent Cleanup for Next Mark 5.123ms
[2024-08-29T23:16:08.855+0800] GC(1901) Concurrent Mark Cycle 9.268ms
[2024-08-29T23:16:08.859+0800] GC(1902) Pause Young (Concurrent Start) (G1 Humongous Allocation)
[2024-08-29T23:16:08.859+0800] GC(1902) Using 8 workers of 8 for evacuation
[2024-08-29T23:16:08.860+0800] GC(1902)   Pre Evacuate Collection Set: 0.3ms
[2024-08-29T23:16:08.860+0800] GC(1902)   Merge Heap Roots: 0.2ms
[2024-08-29T23:16:08.860+0800] GC(1902)   Evacuate Collection Set: 0.4ms
[2024-08-29T23:16:08.860+0800] GC(1902)   Post Evacuate Collection Set: 0.3ms
[2024-08-29T23:16:08.860+0800] GC(1902)   Other: 0.2ms
[2024-08-29T23:16:08.860+0800] GC(1902) Eden regions: 4->0(792)
[2024-08-29T23:16:08.860+0800] GC(1902) Survivor regions: 0->0(100)
[2024-08-29T23:16:08.860+0800] GC(1902) Old regions: 1->1
[2024-08-29T23:16:08.860+0800] GC(1902) Archive regions: 2->2
[2024-08-29T23:16:08.860+0800] GC(1902) Humongous regions: 1077->1047
[2024-08-29T23:16:08.860+0800] GC(1902) Metaspace: 1630K(1792K)->1630K(1792K) NonClass: 1510K(1600K)->1510K(1600K) Class: 119K(192K)->119K(192K)
[2024-08-29T23:16:08.860+0800] GC(1902) Pause Young (Concurrent Start) (G1 Humongous Allocation) 1082M->1048M(2048M) 1.451ms
[2024-08-29T23:16:08.860+0800] GC(1902) User=0.00s Sys=0.01s Real=0.00s
[2024-08-29T23:16:08.860+0800] GC(1903) Concurrent Mark Cycle
[2024-08-29T23:16:08.860+0800] GC(1903) Concurrent Clear Claimed Marks
[2024-08-29T23:16:08.860+0800] GC(1903) Concurrent Clear Claimed Marks 0.005ms
[2024-08-29T23:16:08.860+0800] GC(1903) Concurrent Scan Root Regions
[2024-08-29T23:16:08.860+0800] GC(1903) Concurrent Scan Root Regions 0.004ms
[2024-08-29T23:16:08.860+0800] GC(1903) Concurrent Mark
[2024-08-29T23:16:08.860+0800] GC(1903) Concurrent Mark From Roots
[2024-08-29T23:16:08.860+0800] GC(1903) Using 2 workers of 2 for marking
[2024-08-29T23:16:08.863+0800] GC(1903) Concurrent Mark From Roots 2.959ms
[2024-08-29T23:16:08.863+0800] GC(1903) Concurrent Preclean
[2024-08-29T23:16:08.863+0800] GC(1903) Concurrent Preclean 0.103ms
[2024-08-29T23:16:08.865+0800] GC(1903) Pause Remark
[2024-08-29T23:16:08.866+0800] GC(1903) Pause Remark 1069M->1069M(2048M) 0.898ms
[2024-08-29T23:16:08.866+0800] GC(1903) User=0.00s Sys=0.00s Real=0.00s
[2024-08-29T23:16:08.866+0800] GC(1903) Concurrent Mark 5.381ms
[2024-08-29T23:16:08.866+0800] GC(1903) Concurrent Rebuild Remembered Sets
[2024-08-29T23:16:08.866+0800] GC(1903) Concurrent Rebuild Remembered Sets 0.004ms
[2024-08-29T23:16:08.867+0800] GC(1903) Pause Cleanup
[2024-08-29T23:16:08.867+0800] GC(1903) Pause Cleanup 1075M->1075M(2048M) 0.021ms
[2024-08-29T23:16:08.867+0800] GC(1903) User=0.00s Sys=0.00s Real=0.00s
[2024-08-29T23:16:08.867+0800] GC(1903) Concurrent Cleanup for Next Mark
[2024-08-29T23:16:08.870+0800] GC(1903) Concurrent Cleanup for Next Mark 3.669ms
[2024-08-29T23:16:08.871+0800] GC(1903) Concurrent Mark Cycle 10.202ms
[2024-08-29T23:16:08.873+0800] GC(1904) Pause Young (Concurrent Start) (G1 Humongous Allocation)
[2024-08-29T23:16:08.873+0800] GC(1904) Using 8 workers of 8 for evacuation
[2024-08-29T23:16:08.874+0800] GC(1904)   Pre Evacuate Collection Set: 0.4ms
[2024-08-29T23:16:08.874+0800] GC(1904)   Merge Heap Roots: 0.1ms
[2024-08-29T23:16:08.874+0800] GC(1904)   Evacuate Collection Set: 0.4ms
[2024-08-29T23:16:08.874+0800] GC(1904)   Post Evacuate Collection Set: 0.2ms
[2024-08-29T23:16:08.874+0800] GC(1904)   Other: 0.1ms
[2024-08-29T23:16:08.874+0800] GC(1904) Eden regions: 4->0(787)
[2024-08-29T23:16:08.874+0800] GC(1904) Survivor regions: 0->0(99)
[2024-08-29T23:16:08.874+0800] GC(1904) Old regions: 1->1
[2024-08-29T23:16:08.874+0800] GC(1904) Archive regions: 2->2
[2024-08-29T23:16:08.874+0800] GC(1904) Humongous regions: 1077->1052
[2024-08-29T23:16:08.874+0800] GC(1904) Metaspace: 1630K(1792K)->1630K(1792K) NonClass: 1510K(1600K)->1510K(1600K) Class: 119K(192K)->119K(192K)
[2024-08-29T23:16:08.874+0800] GC(1904) Pause Young (Concurrent Start) (G1 Humongous Allocation) 1082M->1053M(2048M) 1.274ms
[2024-08-29T23:16:08.874+0800] GC(1904) User=0.00s Sys=0.00s Real=0.00s
[2024-08-29T23:16:08.874+0800] GC(1905) Concurrent Mark Cycle
[2024-08-29T23:16:08.874+0800] GC(1905) Concurrent Clear Claimed Marks
[2024-08-29T23:16:08.874+0800] GC(1905) Concurrent Clear Claimed Marks 0.005ms
[2024-08-29T23:16:08.874+0800] GC(1905) Concurrent Scan Root Regions
[2024-08-29T23:16:08.874+0800] GC(1905) Concurrent Scan Root Regions 0.004ms
[2024-08-29T23:16:08.874+0800] GC(1905) Concurrent Mark
[2024-08-29T23:16:08.874+0800] GC(1905) Concurrent Mark From Roots
[2024-08-29T23:16:08.874+0800] GC(1905) Using 2 workers of 2 for marking
[2024-08-29T23:16:08.876+0800] GC(1905) Concurrent Mark From Roots 2.124ms
[2024-08-29T23:16:08.876+0800] GC(1905) Concurrent Preclean
[2024-08-29T23:16:08.876+0800] GC(1905) Concurrent Preclean 0.082ms
[2024-08-29T23:16:08.876+0800] GC(1905) Pause Remark
[2024-08-29T23:16:08.878+0800] GC(1905) Pause Remark 1062M->1062M(2048M) 1.611ms
[2024-08-29T23:16:08.878+0800] GC(1905) User=0.00s Sys=0.00s Real=0.00s
[2024-08-29T23:16:08.878+0800] GC(1905) Concurrent Mark 3.941ms
[2024-08-29T23:16:08.878+0800] GC(1905) Concurrent Rebuild Remembered Sets
[2024-08-29T23:16:08.878+0800] GC(1905) Concurrent Rebuild Remembered Sets 0.004ms
[2024-08-29T23:16:08.879+0800] GC(1905) Pause Cleanup
[2024-08-29T23:16:08.879+0800] GC(1905) Pause Cleanup 1064M->1064M(2048M) 0.018ms
[2024-08-29T23:16:08.879+0800] GC(1905) User=0.00s Sys=0.00s Real=0.00s
[2024-08-29T23:16:08.879+0800] GC(1905) Concurrent Cleanup for Next Mark
[2024-08-29T23:16:08.883+0800] GC(1905) Concurrent Cleanup for Next Mark 4.013ms
[2024-08-29T23:16:08.883+0800] GC(1905) Concurrent Mark Cycle 8.751ms
[2024-08-29T23:16:08.885+0800] GC(1906) Pause Young (Concurrent Start) (G1 Humongous Allocation)
[2024-08-29T23:16:08.885+0800] GC(1906) Using 8 workers of 8 for evacuation
[2024-08-29T23:16:08.886+0800] GC(1906)   Pre Evacuate Collection Set: 0.3ms
[2024-08-29T23:16:08.886+0800] GC(1906)   Merge Heap Roots: 0.1ms
[2024-08-29T23:16:08.886+0800] GC(1906)   Evacuate Collection Set: 0.3ms
[2024-08-29T23:16:08.886+0800] GC(1906)   Post Evacuate Collection Set: 0.3ms
[2024-08-29T23:16:08.886+0800] GC(1906)   Other: 0.1ms
[2024-08-29T23:16:08.886+0800] GC(1906) Eden regions: 4->0(782)
[2024-08-29T23:16:08.886+0800] GC(1906) Survivor regions: 0->0(99)
[2024-08-29T23:16:08.886+0800] GC(1906) Old regions: 1->1
[2024-08-29T23:16:08.886+0800] GC(1906) Archive regions: 2->2
[2024-08-29T23:16:08.886+0800] GC(1906) Humongous regions: 1078->1057
[2024-08-29T23:16:08.886+0800] GC(1906) Metaspace: 1630K(1792K)->1630K(1792K) NonClass: 1510K(1600K)->1510K(1600K) Class: 119K(192K)->119K(192K)
[2024-08-29T23:16:08.886+0800] GC(1906) Pause Young (Concurrent Start) (G1 Humongous Allocation) 1082M->1058M(2048M) 1.162ms
[2024-08-29T23:16:08.886+0800] GC(1906) User=0.01s Sys=0.00s Real=0.00s
[2024-08-29T23:16:08.886+0800] GC(1907) Concurrent Mark Cycle
[2024-08-29T23:16:08.886+0800] GC(1907) Concurrent Clear Claimed Marks
[2024-08-29T23:16:08.886+0800] GC(1907) Concurrent Clear Claimed Marks 0.005ms
[2024-08-29T23:16:08.886+0800] GC(1907) Concurrent Scan Root Regions
[2024-08-29T23:16:08.886+0800] GC(1907) Concurrent Scan Root Regions 0.004ms
[2024-08-29T23:16:08.886+0800] GC(1907) Concurrent Mark
[2024-08-29T23:16:08.886+0800] GC(1907) Concurrent Mark From Roots
[2024-08-29T23:16:08.886+0800] GC(1907) Using 2 workers of 2 for marking
[2024-08-29T23:16:08.889+0800] GC(1907) Concurrent Mark From Roots 3.108ms
[2024-08-29T23:16:08.889+0800] GC(1907) Concurrent Preclean
[2024-08-29T23:16:08.889+0800] GC(1907) Concurrent Preclean 0.067ms
[2024-08-29T23:16:08.889+0800] GC(1907) Pause Remark
[2024-08-29T23:16:08.890+0800] GC(1907) Pause Remark 1074M->1074M(2048M) 1.010ms
[2024-08-29T23:16:08.890+0800] GC(1907) User=0.00s Sys=0.00s Real=0.00s
[2024-08-29T23:16:08.890+0800] GC(1907) Concurrent Mark 4.302ms
[2024-08-29T23:16:08.890+0800] GC(1907) Concurrent Rebuild Remembered Sets
[2024-08-29T23:16:08.890+0800] GC(1907) Concurrent Rebuild Remembered Sets 0.004ms
[2024-08-29T23:16:08.892+0800] GC(1907) Pause Cleanup
[2024-08-29T23:16:08.892+0800] GC(1907) Pause Cleanup 1084M->1084M(2048M) 0.015ms
[2024-08-29T23:16:08.892+0800] GC(1907) User=0.00s Sys=0.00s Real=0.00s
[2024-08-29T23:16:08.892+0800] GC(1907) Concurrent Cleanup for Next Mark
[2024-08-29T23:16:08.896+0800] GC(1907) Concurrent Cleanup for Next Mark 4.080ms
[2024-08-29T23:16:08.896+0800] GC(1907) Concurrent Mark Cycle 9.966ms
[2024-08-29T23:16:08.896+0800] GC(1908) Pause Young (Concurrent Start) (G1 Humongous Allocation)
[2024-08-29T23:16:08.896+0800] GC(1908) Using 8 workers of 8 for evacuation
[2024-08-29T23:16:08.897+0800] GC(1908)   Pre Evacuate Collection Set: 0.2ms
[2024-08-29T23:16:08.897+0800] GC(1908)   Merge Heap Roots: 0.1ms
[2024-08-29T23:16:08.897+0800] GC(1908)   Evacuate Collection Set: 0.3ms
[2024-08-29T23:16:08.897+0800] GC(1908)   Post Evacuate Collection Set: 0.2ms
[2024-08-29T23:16:08.897+0800] GC(1908)   Other: 0.1ms
[2024-08-29T23:16:08.897+0800] GC(1908) Eden regions: 4->0(777)
[2024-08-29T23:16:08.897+0800] GC(1908) Survivor regions: 0->0(98)
[2024-08-29T23:16:08.897+0800] GC(1908) Old regions: 1->1
[2024-08-29T23:16:08.897+0800] GC(1908) Archive regions: 2->2
[2024-08-29T23:16:08.897+0800] GC(1908) Humongous regions: 1083->1062
[2024-08-29T23:16:08.897+0800] GC(1908) Metaspace: 1630K(1792K)->1630K(1792K) NonClass: 1510K(1600K)->1510K(1600K) Class: 119K(192K)->119K(192K)
[2024-08-29T23:16:08.897+0800] GC(1908) Pause Young (Concurrent Start) (G1 Humongous Allocation) 1088M->1063M(2048M) 0.975ms
[2024-08-29T23:16:08.897+0800] GC(1908) User=0.01s Sys=0.00s Real=0.00s
[2024-08-29T23:16:08.897+0800] GC(1909) Concurrent Mark Cycle
[2024-08-29T23:16:08.897+0800] GC(1909) Concurrent Clear Claimed Marks
[2024-08-29T23:16:08.897+0800] GC(1909) Concurrent Clear Claimed Marks 0.005ms
[2024-08-29T23:16:08.897+0800] GC(1909) Concurrent Scan Root Regions
[2024-08-29T23:16:08.897+0800] GC(1909) Concurrent Scan Root Regions 0.004ms
[2024-08-29T23:16:08.897+0800] GC(1909) Concurrent Mark
[2024-08-29T23:16:08.897+0800] GC(1909) Concurrent Mark From Roots
[2024-08-29T23:16:08.897+0800] GC(1909) Using 2 workers of 2 for marking
[2024-08-29T23:16:08.899+0800] GC(1909) Concurrent Mark From Roots 2.281ms
[2024-08-29T23:16:08.899+0800] GC(1909) Concurrent Preclean
[2024-08-29T23:16:08.900+0800] GC(1909) Concurrent Preclean 0.083ms
[2024-08-29T23:16:08.900+0800] GC(1909) Pause Remark
[2024-08-29T23:16:08.901+0800] GC(1909) Pause Remark 1076M->1076M(2048M) 0.931ms
[2024-08-29T23:16:08.901+0800] GC(1909) User=0.00s Sys=0.01s Real=0.00s
[2024-08-29T23:16:08.901+0800] GC(1909) Concurrent Mark 3.452ms
[2024-08-29T23:16:08.901+0800] GC(1909) Concurrent Rebuild Remembered Sets
[2024-08-29T23:16:08.901+0800] GC(1909) Concurrent Rebuild Remembered Sets 0.006ms
[2024-08-29T23:16:08.901+0800] GC(1909) Pause Cleanup
[2024-08-29T23:16:08.901+0800] GC(1909) Pause Cleanup 1076M->1076M(2048M) 0.010ms
[2024-08-29T23:16:08.901+0800] GC(1909) User=0.00s Sys=0.00s Real=0.00s
[2024-08-29T23:16:08.901+0800] GC(1909) Concurrent Cleanup for Next Mark
[2024-08-29T23:16:08.905+0800] GC(1909) Concurrent Cleanup for Next Mark 4.002ms
[2024-08-29T23:16:08.905+0800] GC(1909) Concurrent Mark Cycle 7.682ms
[2024-08-29T23:16:08.906+0800] GC(1910) Pause Young (Concurrent Start) (G1 Humongous Allocation)
[2024-08-29T23:16:08.906+0800] GC(1910) Using 8 workers of 8 for evacuation
[2024-08-29T23:16:08.907+0800] GC(1910)   Pre Evacuate Collection Set: 0.3ms
[2024-08-29T23:16:08.907+0800] GC(1910)   Merge Heap Roots: 0.1ms
[2024-08-29T23:16:08.907+0800] GC(1910)   Evacuate Collection Set: 0.4ms
[2024-08-29T23:16:08.907+0800] GC(1910)   Post Evacuate Collection Set: 0.3ms
[2024-08-29T23:16:08.907+0800] GC(1910)   Other: 0.1ms
[2024-08-29T23:16:08.907+0800] GC(1910) Eden regions: 4->0(775)
[2024-08-29T23:16:08.907+0800] GC(1910) Survivor regions: 0->0(98)
[2024-08-29T23:16:08.907+0800] GC(1910) Old regions: 1->1
[2024-08-29T23:16:08.907+0800] GC(1910) Archive regions: 2->2
[2024-08-29T23:16:08.907+0800] GC(1910) Humongous regions: 1083->1064
[2024-08-29T23:16:08.907+0800] GC(1910) Metaspace: 1630K(1792K)->1630K(1792K) NonClass: 1510K(1600K)->1510K(1600K) Class: 119K(192K)->119K(192K)
[2024-08-29T23:16:08.907+0800] GC(1910) Pause Young (Concurrent Start) (G1 Humongous Allocation) 1087M->1065M(2048M) 1.179ms
[2024-08-29T23:16:08.907+0800] GC(1910) User=0.00s Sys=0.00s Real=0.00s
[2024-08-29T23:16:08.907+0800] GC(1911) Concurrent Mark Cycle
[2024-08-29T23:16:08.907+0800] GC(1911) Concurrent Clear Claimed Marks
[2024-08-29T23:16:08.907+0800] GC(1911) Concurrent Clear Claimed Marks 0.019ms
[2024-08-29T23:16:08.907+0800] GC(1911) Concurrent Scan Root Regions
[2024-08-29T23:16:08.907+0800] GC(1911) Concurrent Scan Root Regions 0.004ms
[2024-08-29T23:16:08.907+0800] GC(1911) Concurrent Mark
[2024-08-29T23:16:08.907+0800] GC(1911) Concurrent Mark From Roots
[2024-08-29T23:16:08.907+0800] GC(1911) Using 2 workers of 2 for marking
[2024-08-29T23:16:08.909+0800] GC(1911) Concurrent Mark From Roots 2.367ms
[2024-08-29T23:16:08.909+0800] GC(1911) Concurrent Preclean
[2024-08-29T23:16:08.910+0800] GC(1911) Concurrent Preclean 0.111ms
[2024-08-29T23:16:08.910+0800] GC(1911) Pause Remark
[2024-08-29T23:16:08.911+0800] GC(1911) Pause Remark 1082M->1082M(2048M) 1.222ms
[2024-08-29T23:16:08.911+0800] GC(1911) User=0.00s Sys=0.00s Real=0.00s
[2024-08-29T23:16:08.911+0800] GC(1911) Concurrent Mark 3.827ms
[2024-08-29T23:16:08.911+0800] GC(1911) Concurrent Rebuild Remembered Sets
[2024-08-29T23:16:08.911+0800] GC(1911) Concurrent Rebuild Remembered Sets 0.004ms
[2024-08-29T23:16:08.911+0800] GC(1911) Pause Cleanup
[2024-08-29T23:16:08.911+0800] GC(1911) Pause Cleanup 1082M->1082M(2048M) 0.010ms
[2024-08-29T23:16:08.911+0800] GC(1911) User=0.00s Sys=0.00s Real=0.00s
[2024-08-29T23:16:08.911+0800] GC(1911) Concurrent Cleanup for Next Mark
[2024-08-29T23:16:08.915+0800] GC(1911) Concurrent Cleanup for Next Mark 3.687ms
[2024-08-29T23:16:08.915+0800] GC(1911) Concurrent Mark Cycle 7.695ms
[2024-08-29T23:16:08.916+0800] GC(1912) Pause Young (Concurrent Start) (G1 Humongous Allocation)
[2024-08-29T23:16:08.916+0800] GC(1912) Using 8 workers of 8 for evacuation
[2024-08-29T23:16:08.917+0800] GC(1912)   Pre Evacuate Collection Set: 0.2ms
[2024-08-29T23:16:08.917+0800] GC(1912)   Merge Heap Roots: 0.1ms
[2024-08-29T23:16:08.917+0800] GC(1912)   Evacuate Collection Set: 0.5ms
[2024-08-29T23:16:08.917+0800] GC(1912)   Post Evacuate Collection Set: 0.3ms
[2024-08-29T23:16:08.917+0800] GC(1912)   Other: 0.1ms
[2024-08-29T23:16:08.917+0800] GC(1912) Eden regions: 4->0(776)
[2024-08-29T23:16:08.917+0800] GC(1912) Survivor regions: 0->0(97)
[2024-08-29T23:16:08.917+0800] GC(1912) Old regions: 1->1
[2024-08-29T23:16:08.917+0800] GC(1912) Archive regions: 2->2
[2024-08-29T23:16:08.917+0800] GC(1912) Humongous regions: 1083->1063
[2024-08-29T23:16:08.917+0800] GC(1912) Metaspace: 1630K(1792K)->1630K(1792K) NonClass: 1510K(1600K)->1510K(1600K) Class: 119K(192K)->119K(192K)
[2024-08-29T23:16:08.917+0800] GC(1912) Pause Young (Concurrent Start) (G1 Humongous Allocation) 1087M->1064M(2048M) 1.251ms
[2024-08-29T23:16:08.917+0800] GC(1912) User=0.00s Sys=0.00s Real=0.00s
[2024-08-29T23:16:08.917+0800] GC(1913) Concurrent Mark Cycle
[2024-08-29T23:16:08.917+0800] GC(1913) Concurrent Clear Claimed Marks
[2024-08-29T23:16:08.917+0800] GC(1913) Concurrent Clear Claimed Marks 0.005ms
[2024-08-29T23:16:08.917+0800] GC(1913) Concurrent Scan Root Regions
[2024-08-29T23:16:08.917+0800] GC(1913) Concurrent Scan Root Regions 0.004ms
[2024-08-29T23:16:08.917+0800] GC(1913) Concurrent Mark
[2024-08-29T23:16:08.917+0800] GC(1913) Concurrent Mark From Roots
[2024-08-29T23:16:08.917+0800] GC(1913) Using 2 workers of 2 for marking
[2024-08-29T23:16:08.919+0800] GC(1913) Concurrent Mark From Roots 2.053ms
[2024-08-29T23:16:08.919+0800] GC(1913) Concurrent Preclean
[2024-08-29T23:16:08.919+0800] GC(1913) Concurrent Preclean 0.081ms
[2024-08-29T23:16:08.919+0800] GC(1913) Pause Remark
[2024-08-29T23:16:08.920+0800] GC(1913) Pause Remark 1075M->1075M(2048M) 0.983ms
[2024-08-29T23:16:08.920+0800] GC(1913) User=0.01s Sys=0.00s Real=0.00s
[2024-08-29T23:16:08.920+0800] GC(1913) Concurrent Mark 3.248ms
[2024-08-29T23:16:08.920+0800] GC(1913) Concurrent Rebuild Remembered Sets
[2024-08-29T23:16:08.920+0800] GC(1913) Concurrent Rebuild Remembered Sets 0.004ms
[2024-08-29T23:16:08.920+0800] GC(1913) Pause Cleanup
[2024-08-29T23:16:08.920+0800] GC(1913) Pause Cleanup 1075M->1075M(2048M) 0.010ms
[2024-08-29T23:16:08.920+0800] GC(1913) User=0.00s Sys=0.00s Real=0.00s
[2024-08-29T23:16:08.920+0800] GC(1913) Concurrent Cleanup for Next Mark
[2024-08-29T23:16:08.924+0800] GC(1913) Concurrent Cleanup for Next Mark 3.756ms
[2024-08-29T23:16:08.924+0800] GC(1913) Concurrent Mark Cycle 7.188ms
[2024-08-29T23:16:08.926+0800] GC(1914) Pause Young (Concurrent Start) (G1 Humongous Allocation)
[2024-08-29T23:16:08.926+0800] GC(1914) Using 8 workers of 8 for evacuation
[2024-08-29T23:16:08.927+0800] GC(1914)   Pre Evacuate Collection Set: 0.3ms
[2024-08-29T23:16:08.927+0800] GC(1914)   Merge Heap Roots: 0.1ms
[2024-08-29T23:16:08.927+0800] GC(1914)   Evacuate Collection Set: 0.3ms
[2024-08-29T23:16:08.927+0800] GC(1914)   Post Evacuate Collection Set: 0.3ms
[2024-08-29T23:16:08.927+0800] GC(1914)   Other: 0.1ms
[2024-08-29T23:16:08.927+0800] GC(1914) Eden regions: 3->0(786)
[2024-08-29T23:16:08.927+0800] GC(1914) Survivor regions: 0->0(97)
[2024-08-29T23:16:08.927+0800] GC(1914) Old regions: 1->1
[2024-08-29T23:16:08.927+0800] GC(1914) Archive regions: 2->2
[2024-08-29T23:16:08.927+0800] GC(1914) Humongous regions: 1078->1053
[2024-08-29T23:16:08.927+0800] GC(1914) Metaspace: 1630K(1792K)->1630K(1792K) NonClass: 1510K(1600K)->1510K(1600K) Class: 119K(192K)->119K(192K)
[2024-08-29T23:16:08.927+0800] GC(1914) Pause Young (Concurrent Start) (G1 Humongous Allocation) 1082M->1054M(2048M) 1.127ms
[2024-08-29T23:16:08.927+0800] GC(1914) User=0.01s Sys=0.01s Real=0.00s
[2024-08-29T23:16:08.927+0800] GC(1915) Concurrent Mark Cycle
[2024-08-29T23:16:08.927+0800] GC(1915) Concurrent Clear Claimed Marks
[2024-08-29T23:16:08.927+0800] GC(1915) Concurrent Clear Claimed Marks 0.005ms
[2024-08-29T23:16:08.927+0800] GC(1915) Concurrent Scan Root Regions
[2024-08-29T23:16:08.927+0800] GC(1915) Concurrent Scan Root Regions 0.004ms
[2024-08-29T23:16:08.927+0800] GC(1915) Concurrent Mark
[2024-08-29T23:16:08.927+0800] GC(1915) Concurrent Mark From Roots
[2024-08-29T23:16:08.927+0800] GC(1915) Using 2 workers of 2 for marking
[2024-08-29T23:16:08.929+0800] GC(1915) Concurrent Mark From Roots 2.348ms
[2024-08-29T23:16:08.929+0800] GC(1915) Concurrent Preclean
[2024-08-29T23:16:08.929+0800] GC(1915) Concurrent Preclean 0.068ms
[2024-08-29T23:16:08.929+0800] GC(1915) Pause Remark
[2024-08-29T23:16:08.930+0800] GC(1915) Pause Remark 1069M->1069M(2048M) 0.978ms
[2024-08-29T23:16:08.930+0800] GC(1915) User=0.00s Sys=0.00s Real=0.00s
[2024-08-29T23:16:08.930+0800] GC(1915) Concurrent Mark 3.507ms
[2024-08-29T23:16:08.931+0800] GC(1915) Concurrent Rebuild Remembered Sets
[2024-08-29T23:16:08.931+0800] GC(1915) Concurrent Rebuild Remembered Sets 0.005ms
[2024-08-29T23:16:08.931+0800] GC(1915) Pause Cleanup
[2024-08-29T23:16:08.931+0800] GC(1915) Pause Cleanup 1069M->1069M(2048M) 0.012ms
[2024-08-29T23:16:08.931+0800] GC(1915) User=0.00s Sys=0.00s Real=0.00s
[2024-08-29T23:16:08.931+0800] GC(1915) Concurrent Cleanup for Next Mark
[2024-08-29T23:16:08.934+0800] GC(1915) Concurrent Cleanup for Next Mark 3.268ms
[2024-08-29T23:16:08.934+0800] GC(1915) Concurrent Mark Cycle 6.982ms
[2024-08-29T23:16:08.935+0800] GC(1916) Pause Young (Concurrent Start) (G1 Humongous Allocation)
[2024-08-29T23:16:08.935+0800] GC(1916) Using 8 workers of 8 for evacuation
[2024-08-29T23:16:08.936+0800] GC(1916)   Pre Evacuate Collection Set: 0.2ms
[2024-08-29T23:16:08.936+0800] GC(1916)   Merge Heap Roots: 0.1ms
[2024-08-29T23:16:08.936+0800] GC(1916)   Evacuate Collection Set: 0.3ms
[2024-08-29T23:16:08.936+0800] GC(1916)   Post Evacuate Collection Set: 0.3ms
[2024-08-29T23:16:08.936+0800] GC(1916)   Other: 0.1ms
[2024-08-29T23:16:08.936+0800] GC(1916) Eden regions: 3->0(801)
[2024-08-29T23:16:08.936+0800] GC(1916) Survivor regions: 0->0(99)
[2024-08-29T23:16:08.936+0800] GC(1916) Old regions: 1->1
[2024-08-29T23:16:08.936+0800] GC(1916) Archive regions: 2->2
[2024-08-29T23:16:08.936+0800] GC(1916) Humongous regions: 1066->1038
[2024-08-29T23:16:08.936+0800] GC(1916) Metaspace: 1630K(1792K)->1630K(1792K) NonClass: 1510K(1600K)->1510K(1600K) Class: 119K(192K)->119K(192K)
[2024-08-29T23:16:08.936+0800] GC(1916) Pause Young (Concurrent Start) (G1 Humongous Allocation) 1070M->1039M(2048M) 1.011ms
[2024-08-29T23:16:08.936+0800] GC(1916) User=0.00s Sys=0.00s Real=0.00s
[2024-08-29T23:16:08.936+0800] GC(1917) Concurrent Mark Cycle
[2024-08-29T23:16:08.936+0800] GC(1917) Concurrent Clear Claimed Marks
[2024-08-29T23:16:08.936+0800] GC(1917) Concurrent Clear Claimed Marks 0.005ms
[2024-08-29T23:16:08.936+0800] GC(1917) Concurrent Scan Root Regions
[2024-08-29T23:16:08.936+0800] GC(1917) Concurrent Scan Root Regions 0.004ms
[2024-08-29T23:16:08.936+0800] GC(1917) Concurrent Mark
[2024-08-29T23:16:08.936+0800] GC(1917) Concurrent Mark From Roots
[2024-08-29T23:16:08.936+0800] GC(1917) Using 2 workers of 2 for marking
[2024-08-29T23:16:08.938+0800] GC(1917) Concurrent Mark From Roots 2.020ms
[2024-08-29T23:16:08.938+0800] GC(1917) Concurrent Preclean
[2024-08-29T23:16:08.938+0800] GC(1917) Concurrent Preclean 0.082ms
[2024-08-29T23:16:08.938+0800] GC(1917) Pause Remark
[2024-08-29T23:16:08.939+0800] GC(1917) Pause Remark 1048M->1048M(2048M) 0.929ms
[2024-08-29T23:16:08.939+0800] GC(1917) User=0.00s Sys=0.01s Real=0.00s
[2024-08-29T23:16:08.939+0800] GC(1917) Concurrent Mark 3.156ms
[2024-08-29T23:16:08.939+0800] GC(1917) Concurrent Rebuild Remembered Sets
[2024-08-29T23:16:08.939+0800] GC(1917) Concurrent Rebuild Remembered Sets 0.004ms
[2024-08-29T23:16:08.940+0800] GC(1917) Pause Cleanup
[2024-08-29T23:16:08.940+0800] GC(1917) Pause Cleanup 1056M->1056M(2048M) 0.010ms
[2024-08-29T23:16:08.940+0800] GC(1917) User=0.00s Sys=0.00s Real=0.00s
[2024-08-29T23:16:08.940+0800] GC(1917) Concurrent Cleanup for Next Mark
[2024-08-29T23:16:08.944+0800] GC(1917) Concurrent Cleanup for Next Mark 4.380ms
[2024-08-29T23:16:08.944+0800] GC(1917) Concurrent Mark Cycle 8.268ms
[2024-08-29T23:16:08.944+0800] GC(1918) Pause Young (Concurrent Start) (G1 Humongous Allocation)
[2024-08-29T23:16:08.944+0800] GC(1918) Using 8 workers of 8 for evacuation
[2024-08-29T23:16:08.945+0800] GC(1918)   Pre Evacuate Collection Set: 0.2ms
[2024-08-29T23:16:08.945+0800] GC(1918)   Merge Heap Roots: 0.1ms
[2024-08-29T23:16:08.945+0800] GC(1918)   Evacuate Collection Set: 0.3ms
[2024-08-29T23:16:08.945+0800] GC(1918)   Post Evacuate Collection Set: 0.2ms
[2024-08-29T23:16:08.945+0800] GC(1918)   Other: 0.1ms
[2024-08-29T23:16:08.945+0800] GC(1918) Eden regions: 4->0(798)
[2024-08-29T23:16:08.945+0800] GC(1918) Survivor regions: 0->0(101)
[2024-08-29T23:16:08.945+0800] GC(1918) Old regions: 1->1
[2024-08-29T23:16:08.945+0800] GC(1918) Archive regions: 2->2
[2024-08-29T23:16:08.945+0800] GC(1918) Humongous regions: 1061->1041
[2024-08-29T23:16:08.945+0800] GC(1918) Metaspace: 1630K(1792K)->1630K(1792K) NonClass: 1510K(1600K)->1510K(1600K) Class: 119K(192K)->119K(192K)
[2024-08-29T23:16:08.945+0800] GC(1918) Pause Young (Concurrent Start) (G1 Humongous Allocation) 1065M->1042M(2048M) 1.017ms
[2024-08-29T23:16:08.945+0800] GC(1918) User=0.00s Sys=0.00s Real=0.00s
[2024-08-29T23:16:08.945+0800] GC(1919) Concurrent Mark Cycle
[2024-08-29T23:16:08.945+0800] GC(1919) Concurrent Clear Claimed Marks
[2024-08-29T23:16:08.945+0800] GC(1919) Concurrent Clear Claimed Marks 0.019ms
[2024-08-29T23:16:08.945+0800] GC(1919) Concurrent Scan Root Regions
[2024-08-29T23:16:08.945+0800] GC(1919) Concurrent Scan Root Regions 0.004ms
[2024-08-29T23:16:08.945+0800] GC(1919) Concurrent Mark
[2024-08-29T23:16:08.945+0800] GC(1919) Concurrent Mark From Roots
[2024-08-29T23:16:08.945+0800] GC(1919) Using 2 workers of 2 for marking
[2024-08-29T23:16:08.948+0800] GC(1919) Concurrent Mark From Roots 2.855ms
[2024-08-29T23:16:08.948+0800] GC(1919) Concurrent Preclean
[2024-08-29T23:16:08.948+0800] GC(1919) Concurrent Preclean 0.085ms
[2024-08-29T23:16:08.948+0800] GC(1919) Pause Remark
[2024-08-29T23:16:08.949+0800] GC(1919) Pause Remark 1067M->1067M(2048M) 0.953ms
[2024-08-29T23:16:08.949+0800] GC(1919) User=0.00s Sys=0.00s Real=0.00s
[2024-08-29T23:16:08.949+0800] GC(1919) Concurrent Mark 4.048ms
[2024-08-29T23:16:08.949+0800] GC(1919) Concurrent Rebuild Remembered Sets
[2024-08-29T23:16:08.949+0800] GC(1919) Concurrent Rebuild Remembered Sets 0.004ms
[2024-08-29T23:16:08.949+0800] GC(1919) Pause Cleanup
[2024-08-29T23:16:08.949+0800] GC(1919) Pause Cleanup 1067M->1067M(2048M) 0.012ms
[2024-08-29T23:16:08.949+0800] GC(1919) User=0.00s Sys=0.00s Real=0.00s
[2024-08-29T23:16:08.949+0800] GC(1919) Concurrent Cleanup for Next Mark
[2024-08-29T23:16:08.953+0800] GC(1919) Concurrent Cleanup for Next Mark 3.701ms
[2024-08-29T23:16:08.953+0800] GC(1919) Concurrent Mark Cycle 7.921ms
[2024-08-29T23:16:08.953+0800] GC(1920) Pause Young (Concurrent Start) (G1 Humongous Allocation)
[2024-08-29T23:16:08.953+0800] GC(1920) Using 8 workers of 8 for evacuation
[2024-08-29T23:16:08.954+0800] GC(1920)   Pre Evacuate Collection Set: 0.2ms
[2024-08-29T23:16:08.954+0800] GC(1920)   Merge Heap Roots: 0.1ms
[2024-08-29T23:16:08.954+0800] GC(1920)   Evacuate Collection Set: 0.2ms
[2024-08-29T23:16:08.954+0800] GC(1920)   Post Evacuate Collection Set: 0.2ms
[2024-08-29T23:16:08.954+0800] GC(1920)   Other: 0.1ms
[2024-08-29T23:16:08.954+0800] GC(1920) Eden regions: 4->0(785)
[2024-08-29T23:16:08.954+0800] GC(1920) Survivor regions: 0->0(100)
[2024-08-29T23:16:08.954+0800] GC(1920) Old regions: 1->1
[2024-08-29T23:16:08.954+0800] GC(1920) Archive regions: 2->2
[2024-08-29T23:16:08.954+0800] GC(1920) Humongous regions: 1067->1054
[2024-08-29T23:16:08.954+0800] GC(1920) Metaspace: 1630K(1792K)->1630K(1792K) NonClass: 1510K(1600K)->1510K(1600K) Class: 119K(192K)->119K(192K)
[2024-08-29T23:16:08.954+0800] GC(1920) Pause Young (Concurrent Start) (G1 Humongous Allocation) 1071M->1055M(2048M) 0.845ms
[2024-08-29T23:16:08.954+0800] GC(1920) User=0.00s Sys=0.00s Real=0.00s
[2024-08-29T23:16:08.954+0800] GC(1921) Concurrent Mark Cycle
[2024-08-29T23:16:08.954+0800] GC(1921) Concurrent Clear Claimed Marks
[2024-08-29T23:16:08.954+0800] GC(1921) Concurrent Clear Claimed Marks 0.398ms
[2024-08-29T23:16:08.954+0800] GC(1921) Concurrent Scan Root Regions
[2024-08-29T23:16:08.955+0800] GC(1921) Concurrent Scan Root Regions 0.004ms
[2024-08-29T23:16:08.955+0800] GC(1921) Concurrent Mark
[2024-08-29T23:16:08.955+0800] GC(1921) Concurrent Mark From Roots
[2024-08-29T23:16:08.955+0800] GC(1921) Using 2 workers of 2 for marking
[2024-08-29T23:16:08.957+0800] GC(1921) Concurrent Mark From Roots 2.174ms
[2024-08-29T23:16:08.957+0800] GC(1921) Concurrent Preclean
[2024-08-29T23:16:08.957+0800] GC(1921) Concurrent Preclean 0.065ms
[2024-08-29T23:16:08.957+0800] GC(1921) Pause Remark
[2024-08-29T23:16:08.958+0800] GC(1921) Pause Remark 1064M->1064M(2048M) 0.764ms
[2024-08-29T23:16:08.958+0800] GC(1921) User=0.00s Sys=0.01s Real=0.00s
[2024-08-29T23:16:08.958+0800] GC(1921) Concurrent Mark 3.122ms
[2024-08-29T23:16:08.958+0800] GC(1921) Concurrent Rebuild Remembered Sets
[2024-08-29T23:16:08.958+0800] GC(1921) Concurrent Rebuild Remembered Sets 0.004ms
[2024-08-29T23:16:08.958+0800] GC(1921) Pause Cleanup
[2024-08-29T23:16:08.958+0800] GC(1921) Pause Cleanup 1064M->1064M(2048M) 0.009ms
[2024-08-29T23:16:08.958+0800] GC(1921) User=0.00s Sys=0.00s Real=0.00s
[2024-08-29T23:16:08.958+0800] GC(1921) Concurrent Cleanup for Next Mark
[2024-08-29T23:16:08.962+0800] GC(1921) Concurrent Cleanup for Next Mark 4.757ms
[2024-08-29T23:16:08.963+0800] GC(1921) Concurrent Mark Cycle 8.432ms
[2024-08-29T23:16:08.963+0800] GC(1922) Pause Young (Concurrent Start) (G1 Humongous Allocation)
[2024-08-29T23:16:08.963+0800] GC(1922) Using 8 workers of 8 for evacuation
[2024-08-29T23:16:08.965+0800] GC(1922)   Pre Evacuate Collection Set: 0.2ms
[2024-08-29T23:16:08.965+0800] GC(1922)   Merge Heap Roots: 0.1ms
[2024-08-29T23:16:08.965+0800] GC(1922)   Evacuate Collection Set: 0.5ms
[2024-08-29T23:16:08.965+0800] GC(1922)   Post Evacuate Collection Set: 0.3ms
[2024-08-29T23:16:08.965+0800] GC(1922)   Other: 0.1ms
[2024-08-29T23:16:08.965+0800] GC(1922) Eden regions: 4->0(789)
[2024-08-29T23:16:08.965+0800] GC(1922) Survivor regions: 0->0(99)
[2024-08-29T23:16:08.965+0800] GC(1922) Old regions: 1->1
[2024-08-29T23:16:08.965+0800] GC(1922) Archive regions: 2->2
[2024-08-29T23:16:08.965+0800] GC(1922) Humongous regions: 1077->1050
[2024-08-29T23:16:08.965+0800] GC(1922) Metaspace: 1630K(1792K)->1630K(1792K) NonClass: 1510K(1600K)->1510K(1600K) Class: 119K(192K)->119K(192K)
[2024-08-29T23:16:08.965+0800] GC(1922) Pause Young (Concurrent Start) (G1 Humongous Allocation) 1081M->1051M(2048M) 1.307ms
[2024-08-29T23:16:08.965+0800] GC(1922) User=0.00s Sys=0.00s Real=0.00s
[2024-08-29T23:16:08.965+0800] GC(1923) Concurrent Mark Cycle
[2024-08-29T23:16:08.965+0800] GC(1923) Concurrent Clear Claimed Marks
[2024-08-29T23:16:08.965+0800] GC(1923) Concurrent Clear Claimed Marks 0.006ms
[2024-08-29T23:16:08.965+0800] GC(1923) Concurrent Scan Root Regions
[2024-08-29T23:16:08.965+0800] GC(1923) Concurrent Scan Root Regions 0.005ms
[2024-08-29T23:16:08.965+0800] GC(1923) Concurrent Mark
[2024-08-29T23:16:08.965+0800] GC(1923) Concurrent Mark From Roots
[2024-08-29T23:16:08.965+0800] GC(1923) Using 2 workers of 2 for marking
[2024-08-29T23:16:08.967+0800] GC(1923) Concurrent Mark From Roots 2.179ms
[2024-08-29T23:16:08.967+0800] GC(1923) Concurrent Preclean
[2024-08-29T23:16:08.967+0800] GC(1923) Concurrent Preclean 0.067ms
[2024-08-29T23:16:08.967+0800] GC(1923) Pause Remark
[2024-08-29T23:16:08.968+0800] GC(1923) Pause Remark 1062M->1062M(2048M) 0.799ms
[2024-08-29T23:16:08.968+0800] GC(1923) User=0.00s Sys=0.00s Real=0.00s
[2024-08-29T23:16:08.968+0800] GC(1923) Concurrent Mark 3.160ms
[2024-08-29T23:16:08.968+0800] GC(1923) Concurrent Rebuild Remembered Sets
[2024-08-29T23:16:08.968+0800] GC(1923) Concurrent Rebuild Remembered Sets 0.004ms
[2024-08-29T23:16:08.968+0800] GC(1923) Pause Cleanup
[2024-08-29T23:16:08.968+0800] GC(1923) Pause Cleanup 1063M->1063M(2048M) 0.013ms
[2024-08-29T23:16:08.968+0800] GC(1923) User=0.00s Sys=0.00s Real=0.00s
[2024-08-29T23:16:08.968+0800] GC(1923) Concurrent Cleanup for Next Mark
[2024-08-29T23:16:08.973+0800] GC(1923) Concurrent Cleanup for Next Mark 4.439ms
[2024-08-29T23:16:08.973+0800] GC(1923) Concurrent Mark Cycle 8.128ms
[2024-08-29T23:16:08.974+0800] GC(1924) Pause Young (Concurrent Start) (G1 Humongous Allocation)
[2024-08-29T23:16:08.974+0800] GC(1924) Using 8 workers of 8 for evacuation
[2024-08-29T23:16:08.976+0800] GC(1924)   Pre Evacuate Collection Set: 0.2ms
[2024-08-29T23:16:08.976+0800] GC(1924)   Merge Heap Roots: 0.1ms
[2024-08-29T23:16:08.976+0800] GC(1924)   Evacuate Collection Set: 0.9ms
[2024-08-29T23:16:08.976+0800] GC(1924)   Post Evacuate Collection Set: 0.3ms
[2024-08-29T23:16:08.976+0800] GC(1924)   Other: 0.1ms
[2024-08-29T23:16:08.976+0800] GC(1924) Eden regions: 4->0(792)
[2024-08-29T23:16:08.976+0800] GC(1924) Survivor regions: 0->0(99)
[2024-08-29T23:16:08.976+0800] GC(1924) Old regions: 1->1
[2024-08-29T23:16:08.976+0800] GC(1924) Archive regions: 2->2
[2024-08-29T23:16:08.976+0800] GC(1924) Humongous regions: 1068->1047
[2024-08-29T23:16:08.976+0800] GC(1924) Metaspace: 1630K(1792K)->1630K(1792K) NonClass: 1510K(1600K)->1510K(1600K) Class: 119K(192K)->119K(192K)
[2024-08-29T23:16:08.976+0800] GC(1924) Pause Young (Concurrent Start) (G1 Humongous Allocation) 1072M->1048M(2048M) 1.690ms
[2024-08-29T23:16:08.976+0800] GC(1924) User=0.00s Sys=0.00s Real=0.00s
[2024-08-29T23:16:08.976+0800] GC(1925) Concurrent Mark Cycle
[2024-08-29T23:16:08.976+0800] GC(1925) Concurrent Clear Claimed Marks
[2024-08-29T23:16:08.976+0800] GC(1925) Concurrent Clear Claimed Marks 0.005ms
[2024-08-29T23:16:08.976+0800] GC(1925) Concurrent Scan Root Regions
[2024-08-29T23:16:08.976+0800] GC(1925) Concurrent Scan Root Regions 0.004ms
[2024-08-29T23:16:08.976+0800] GC(1925) Concurrent Mark
[2024-08-29T23:16:08.976+0800] GC(1925) Concurrent Mark From Roots
[2024-08-29T23:16:08.976+0800] GC(1925) Using 2 workers of 2 for marking
[2024-08-29T23:16:08.980+0800] GC(1925) Concurrent Mark From Roots 3.755ms
[2024-08-29T23:16:08.980+0800] GC(1925) Concurrent Preclean
[2024-08-29T23:16:08.980+0800] GC(1925) Concurrent Preclean 0.066ms
[2024-08-29T23:16:08.980+0800] GC(1925) Pause Remark
[2024-08-29T23:16:08.981+0800] GC(1925) Pause Remark 1068M->1068M(2048M) 0.816ms
[2024-08-29T23:16:08.981+0800] GC(1925) User=0.01s Sys=0.00s Real=0.00s
[2024-08-29T23:16:08.981+0800] GC(1925) Concurrent Mark 4.744ms
[2024-08-29T23:16:08.981+0800] GC(1925) Concurrent Rebuild Remembered Sets
[2024-08-29T23:16:08.981+0800] GC(1925) Concurrent Rebuild Remembered Sets 0.005ms
[2024-08-29T23:16:08.981+0800] GC(1925) Pause Cleanup
[2024-08-29T23:16:08.981+0800] GC(1925) Pause Cleanup 1068M->1068M(2048M) 0.009ms
[2024-08-29T23:16:08.981+0800] GC(1925) User=0.00s Sys=0.00s Real=0.00s
[2024-08-29T23:16:08.981+0800] GC(1925) Concurrent Cleanup for Next Mark
[2024-08-29T23:16:08.985+0800] GC(1925) Concurrent Cleanup for Next Mark 3.664ms
[2024-08-29T23:16:08.985+0800] GC(1925) Concurrent Mark Cycle 8.568ms
[2024-08-29T23:16:08.987+0800] GC(1926) Pause Young (Concurrent Start) (G1 Humongous Allocation)
[2024-08-29T23:16:08.987+0800] GC(1926) Using 8 workers of 8 for evacuation
[2024-08-29T23:16:08.988+0800] GC(1926)   Pre Evacuate Collection Set: 0.4ms
[2024-08-29T23:16:08.988+0800] GC(1926)   Merge Heap Roots: 0.1ms
[2024-08-29T23:16:08.988+0800] GC(1926)   Evacuate Collection Set: 0.5ms
[2024-08-29T23:16:08.988+0800] GC(1926)   Post Evacuate Collection Set: 0.4ms
[2024-08-29T23:16:08.988+0800] GC(1926)   Other: 0.1ms
[2024-08-29T23:16:08.988+0800] GC(1926) Eden regions: 3->0(798)
[2024-08-29T23:16:08.988+0800] GC(1926) Survivor regions: 0->0(99)
[2024-08-29T23:16:08.988+0800] GC(1926) Old regions: 1->1
[2024-08-29T23:16:08.988+0800] GC(1926) Archive regions: 2->2
[2024-08-29T23:16:08.988+0800] GC(1926) Humongous regions: 1069->1041
[2024-08-29T23:16:08.988+0800] GC(1926) Metaspace: 1630K(1792K)->1630K(1792K) NonClass: 1510K(1600K)->1510K(1600K) Class: 119K(192K)->119K(192K)
[2024-08-29T23:16:08.988+0800] GC(1926) Pause Young (Concurrent Start) (G1 Humongous Allocation) 1073M->1042M(2048M) 1.543ms
[2024-08-29T23:16:08.988+0800] GC(1926) User=0.01s Sys=0.00s Real=0.00s
[2024-08-29T23:16:08.988+0800] GC(1927) Concurrent Mark Cycle
[2024-08-29T23:16:08.988+0800] GC(1927) Concurrent Clear Claimed Marks
[2024-08-29T23:16:08.988+0800] GC(1927) Concurrent Clear Claimed Marks 0.006ms
[2024-08-29T23:16:08.988+0800] GC(1927) Concurrent Scan Root Regions
[2024-08-29T23:16:08.988+0800] GC(1927) Concurrent Scan Root Regions 0.004ms
[2024-08-29T23:16:08.988+0800] GC(1927) Concurrent Mark
[2024-08-29T23:16:08.988+0800] GC(1927) Concurrent Mark From Roots
[2024-08-29T23:16:08.988+0800] GC(1927) Using 2 workers of 2 for marking
[2024-08-29T23:16:08.990+0800] GC(1927) Concurrent Mark From Roots 2.214ms
[2024-08-29T23:16:08.990+0800] GC(1927) Concurrent Preclean
[2024-08-29T23:16:08.991+0800] GC(1927) Concurrent Preclean 0.082ms
[2024-08-29T23:16:08.991+0800] GC(1927) Pause Remark
[2024-08-29T23:16:08.992+0800] GC(1927) Pause Remark 1056M->1056M(2048M) 0.804ms
[2024-08-29T23:16:08.992+0800] GC(1927) User=0.00s Sys=0.00s Real=0.00s
[2024-08-29T23:16:08.992+0800] GC(1927) Concurrent Mark 4.089ms
[2024-08-29T23:16:08.992+0800] GC(1927) Concurrent Rebuild Remembered Sets
[2024-08-29T23:16:08.992+0800] GC(1927) Concurrent Rebuild Remembered Sets 0.005ms
[2024-08-29T23:16:08.992+0800] GC(1927) Pause Cleanup
[2024-08-29T23:16:08.992+0800] GC(1927) Pause Cleanup 1056M->1056M(2048M) 0.010ms
[2024-08-29T23:16:08.992+0800] GC(1927) User=0.00s Sys=0.00s Real=0.00s
[2024-08-29T23:16:08.992+0800] GC(1927) Concurrent Cleanup for Next Mark
[2024-08-29T23:16:08.997+0800] GC(1927) Concurrent Cleanup for Next Mark 4.114ms
[2024-08-29T23:16:08.997+0800] GC(1927) Concurrent Mark Cycle 8.393ms
[2024-08-29T23:16:08.997+0800] GC(1928) Pause Young (Concurrent Start) (G1 Humongous Allocation)
[2024-08-29T23:16:08.997+0800] GC(1928) Using 8 workers of 8 for evacuation
[2024-08-29T23:16:08.998+0800] GC(1928)   Pre Evacuate Collection Set: 0.1ms
[2024-08-29T23:16:08.998+0800] GC(1928)   Merge Heap Roots: 0.1ms
[2024-08-29T23:16:08.998+0800] GC(1928)   Evacuate Collection Set: 0.3ms
[2024-08-29T23:16:08.998+0800] GC(1928)   Post Evacuate Collection Set: 0.3ms
[2024-08-29T23:16:08.998+0800] GC(1928)   Other: 0.1ms
[2024-08-29T23:16:08.998+0800] GC(1928) Eden regions: 4->0(797)
[2024-08-29T23:16:08.998+0800] GC(1928) Survivor regions: 0->0(100)
[2024-08-29T23:16:08.998+0800] GC(1928) Old regions: 1->1
[2024-08-29T23:16:08.998+0800] GC(1928) Archive regions: 2->2
[2024-08-29T23:16:08.998+0800] GC(1928) Humongous regions: 1062->1042
[2024-08-29T23:16:08.998+0800] GC(1928) Metaspace: 1630K(1792K)->1630K(1792K) NonClass: 1510K(1600K)->1510K(1600K) Class: 119K(192K)->119K(192K)
[2024-08-29T23:16:08.998+0800] GC(1928) Pause Young (Concurrent Start) (G1 Humongous Allocation) 1067M->1043M(2048M) 1.075ms
[2024-08-29T23:16:08.998+0800] GC(1928) User=0.00s Sys=0.00s Real=0.00s
[2024-08-29T23:16:08.998+0800] GC(1929) Concurrent Mark Cycle
[2024-08-29T23:16:08.998+0800] GC(1929) Concurrent Clear Claimed Marks
[2024-08-29T23:16:08.998+0800] GC(1929) Concurrent Clear Claimed Marks 0.005ms
[2024-08-29T23:16:08.998+0800] GC(1929) Concurrent Scan Root Regions
[2024-08-29T23:16:08.998+0800] GC(1929) Concurrent Scan Root Regions 0.004ms
[2024-08-29T23:16:08.998+0800] GC(1929) Concurrent Mark
[2024-08-29T23:16:08.998+0800] GC(1929) Concurrent Mark From Roots
[2024-08-29T23:16:08.998+0800] GC(1929) Using 2 workers of 2 for marking
[2024-08-29T23:16:09.000+0800] GC(1929) Concurrent Mark From Roots 2.084ms
[2024-08-29T23:16:09.000+0800] GC(1929) Concurrent Preclean
[2024-08-29T23:16:09.000+0800] GC(1929) Concurrent Preclean 0.108ms
[2024-08-29T23:16:09.001+0800] GC(1929) Pause Remark
[2024-08-29T23:16:09.002+0800] GC(1929) Pause Remark 1050M->1050M(2048M) 0.722ms
[2024-08-29T23:16:09.002+0800] GC(1929) User=0.00s Sys=0.01s Real=0.00s
[2024-08-29T23:16:09.002+0800] GC(1929) Concurrent Mark 4.025ms
[2024-08-29T23:16:09.002+0800] GC(1929) Concurrent Rebuild Remembered Sets
[2024-08-29T23:16:09.002+0800] GC(1929) Concurrent Rebuild Remembered Sets 0.004ms
[2024-08-29T23:16:09.002+0800] GC(1929) Pause Cleanup
[2024-08-29T23:16:09.002+0800] GC(1929) Pause Cleanup 1050M->1050M(2048M) 0.010ms
[2024-08-29T23:16:09.002+0800] GC(1929) User=0.00s Sys=0.00s Real=0.00s
[2024-08-29T23:16:09.002+0800] GC(1929) Concurrent Cleanup for Next Mark
[2024-08-29T23:16:09.006+0800] GC(1929) Concurrent Cleanup for Next Mark 3.752ms
[2024-08-29T23:16:09.006+0800] GC(1929) Concurrent Mark Cycle 8.017ms
[2024-08-29T23:16:09.008+0800] GC(1930) Pause Young (Concurrent Start) (G1 Humongous Allocation)
[2024-08-29T23:16:09.008+0800] GC(1930) Using 8 workers of 8 for evacuation
[2024-08-29T23:16:09.010+0800] GC(1930)   Pre Evacuate Collection Set: 0.3ms
[2024-08-29T23:16:09.010+0800] GC(1930)   Merge Heap Roots: 0.1ms
[2024-08-29T23:16:09.010+0800] GC(1930)   Evacuate Collection Set: 0.4ms
[2024-08-29T23:16:09.010+0800] GC(1930)   Post Evacuate Collection Set: 0.3ms
[2024-08-29T23:16:09.010+0800] GC(1930)   Other: 0.3ms
[2024-08-29T23:16:09.010+0800] GC(1930) Eden regions: 3->0(832)
[2024-08-29T23:16:09.010+0800] GC(1930) Survivor regions: 0->0(100)
[2024-08-29T23:16:09.010+0800] GC(1930) Old regions: 1->1
[2024-08-29T23:16:09.010+0800] GC(1930) Archive regions: 2->2
[2024-08-29T23:16:09.010+0800] GC(1930) Humongous regions: 1054->1007
[2024-08-29T23:16:09.010+0800] GC(1930) Metaspace: 1630K(1792K)->1630K(1792K) NonClass: 1510K(1600K)->1510K(1600K) Class: 119K(192K)->119K(192K)
[2024-08-29T23:16:09.010+0800] GC(1930) Pause Young (Concurrent Start) (G1 Humongous Allocation) 1058M->1008M(2048M) 1.380ms
[2024-08-29T23:16:09.010+0800] GC(1930) User=0.00s Sys=0.00s Real=0.00s
[2024-08-29T23:16:09.010+0800] GC(1931) Concurrent Mark Cycle
[2024-08-29T23:16:09.010+0800] GC(1931) Concurrent Clear Claimed Marks
[2024-08-29T23:16:09.010+0800] GC(1931) Concurrent Clear Claimed Marks 0.021ms
[2024-08-29T23:16:09.010+0800] GC(1931) Concurrent Scan Root Regions
[2024-08-29T23:16:09.010+0800] GC(1931) Concurrent Scan Root Regions 0.004ms
[2024-08-29T23:16:09.010+0800] GC(1931) Concurrent Mark
[2024-08-29T23:16:09.010+0800] GC(1931) Concurrent Mark From Roots
[2024-08-29T23:16:09.010+0800] GC(1931) Using 2 workers of 2 for marking
[2024-08-29T23:16:09.012+0800] GC(1931) Concurrent Mark From Roots 2.104ms
[2024-08-29T23:16:09.012+0800] GC(1931) Concurrent Preclean
[2024-08-29T23:16:09.012+0800] GC(1931) Concurrent Preclean 0.083ms
[2024-08-29T23:16:09.012+0800] GC(1931) Pause Remark
[2024-08-29T23:16:09.013+0800] GC(1931) Pause Remark 1015M->1015M(2048M) 0.928ms
[2024-08-29T23:16:09.013+0800] GC(1931) User=0.00s Sys=0.00s Real=0.01s
[2024-08-29T23:16:09.013+0800] GC(1931) Concurrent Mark 3.263ms
[2024-08-29T23:16:09.013+0800] GC(1931) Concurrent Rebuild Remembered Sets
[2024-08-29T23:16:09.013+0800] GC(1931) Concurrent Rebuild Remembered Sets 0.005ms
[2024-08-29T23:16:09.014+0800] GC(1931) Pause Cleanup
[2024-08-29T23:16:09.014+0800] GC(1931) Pause Cleanup 1019M->1019M(2048M) 0.016ms
[2024-08-29T23:16:09.014+0800] GC(1931) User=0.00s Sys=0.00s Real=0.00s
[2024-08-29T23:16:09.014+0800] GC(1931) Concurrent Cleanup for Next Mark
[2024-08-29T23:16:09.018+0800] GC(1931) Concurrent Cleanup for Next Mark 3.843ms
[2024-08-29T23:16:09.018+0800] GC(1931) Concurrent Mark Cycle 8.471ms
[2024-08-29T23:16:09.020+0800] GC(1932) Pause Young (Concurrent Start) (G1 Humongous Allocation)
[2024-08-29T23:16:09.020+0800] GC(1932) Using 8 workers of 8 for evacuation
[2024-08-29T23:16:09.021+0800] GC(1932)   Pre Evacuate Collection Set: 0.3ms
[2024-08-29T23:16:09.021+0800] GC(1932)   Merge Heap Roots: 0.1ms
[2024-08-29T23:16:09.021+0800] GC(1932)   Evacuate Collection Set: 0.4ms
[2024-08-29T23:16:09.021+0800] GC(1932)   Post Evacuate Collection Set: 0.3ms
[2024-08-29T23:16:09.021+0800] GC(1932)   Other: 0.2ms
[2024-08-29T23:16:09.021+0800] GC(1932) Eden regions: 4->0(851)
[2024-08-29T23:16:09.021+0800] GC(1932) Survivor regions: 0->0(104)
[2024-08-29T23:16:09.021+0800] GC(1932) Old regions: 1->1
[2024-08-29T23:16:09.021+0800] GC(1932) Archive regions: 2->2
[2024-08-29T23:16:09.021+0800] GC(1932) Humongous regions: 1021->988
[2024-08-29T23:16:09.021+0800] GC(1932) Metaspace: 1630K(1792K)->1630K(1792K) NonClass: 1510K(1600K)->1510K(1600K) Class: 119K(192K)->119K(192K)
[2024-08-29T23:16:09.021+0800] GC(1932) Pause Young (Concurrent Start) (G1 Humongous Allocation) 1025M->989M(2048M) 1.208ms
[2024-08-29T23:16:09.021+0800] GC(1932) User=0.00s Sys=0.00s Real=0.00s
[2024-08-29T23:16:09.021+0800] GC(1933) Concurrent Mark Cycle
[2024-08-29T23:16:09.021+0800] GC(1933) Concurrent Clear Claimed Marks
[2024-08-29T23:16:09.021+0800] GC(1933) Concurrent Clear Claimed Marks 0.005ms
[2024-08-29T23:16:09.021+0800] GC(1933) Concurrent Scan Root Regions
[2024-08-29T23:16:09.021+0800] GC(1933) Concurrent Scan Root Regions 0.004ms
[2024-08-29T23:16:09.021+0800] GC(1933) Concurrent Mark
[2024-08-29T23:16:09.021+0800] GC(1933) Concurrent Mark From Roots
[2024-08-29T23:16:09.021+0800] GC(1933) Using 2 workers of 2 for marking
[2024-08-29T23:16:09.024+0800] GC(1933) Concurrent Mark From Roots 2.720ms
[2024-08-29T23:16:09.024+0800] GC(1933) Concurrent Preclean
[2024-08-29T23:16:09.024+0800] GC(1933) Concurrent Preclean 0.088ms
[2024-08-29T23:16:09.024+0800] GC(1933) Pause Remark
[2024-08-29T23:16:09.025+0800] GC(1933) Pause Remark 1018M->1018M(2048M) 0.862ms
[2024-08-29T23:16:09.025+0800] GC(1933) User=0.00s Sys=0.00s Real=0.00s
[2024-08-29T23:16:09.025+0800] GC(1933) Concurrent Mark 4.250ms
[2024-08-29T23:16:09.025+0800] GC(1933) Concurrent Rebuild Remembered Sets
[2024-08-29T23:16:09.025+0800] GC(1933) Concurrent Rebuild Remembered Sets 0.006ms
[2024-08-29T23:16:09.026+0800] GC(1933) Pause Cleanup
[2024-08-29T23:16:09.026+0800] GC(1933) Pause Cleanup 1021M->1021M(2048M) 0.024ms
[2024-08-29T23:16:09.026+0800] GC(1933) User=0.00s Sys=0.00s Real=0.00s
[2024-08-29T23:16:09.026+0800] GC(1933) Concurrent Cleanup for Next Mark
[2024-08-29T23:16:09.029+0800] GC(1933) Concurrent Cleanup for Next Mark 3.072ms
[2024-08-29T23:16:09.029+0800] GC(1933) Concurrent Mark Cycle 8.520ms
[2024-08-29T23:16:09.031+0800] GC(1934) Pause Young (Concurrent Start) (G1 Humongous Allocation)
[2024-08-29T23:16:09.031+0800] GC(1934) Using 8 workers of 8 for evacuation
[2024-08-29T23:16:09.032+0800] GC(1934)   Pre Evacuate Collection Set: 0.3ms
[2024-08-29T23:16:09.032+0800] GC(1934)   Merge Heap Roots: 0.1ms
[2024-08-29T23:16:09.032+0800] GC(1934)   Evacuate Collection Set: 0.3ms
[2024-08-29T23:16:09.032+0800] GC(1934)   Post Evacuate Collection Set: 0.3ms
[2024-08-29T23:16:09.032+0800] GC(1934)   Other: 0.1ms
[2024-08-29T23:16:09.032+0800] GC(1934) Eden regions: 4->0(855)
[2024-08-29T23:16:09.032+0800] GC(1934) Survivor regions: 0->0(107)
[2024-08-29T23:16:09.032+0800] GC(1934) Old regions: 1->1
[2024-08-29T23:16:09.032+0800] GC(1934) Archive regions: 2->2
[2024-08-29T23:16:09.032+0800] GC(1934) Humongous regions: 1017->984
[2024-08-29T23:16:09.032+0800] GC(1934) Metaspace: 1630K(1792K)->1630K(1792K) NonClass: 1510K(1600K)->1510K(1600K) Class: 119K(192K)->119K(192K)
[2024-08-29T23:16:09.032+0800] GC(1934) Pause Young (Concurrent Start) (G1 Humongous Allocation) 1021M->985M(2048M) 1.216ms
[2024-08-29T23:16:09.033+0800] GC(1934) User=0.00s Sys=0.01s Real=0.01s
[2024-08-29T23:16:09.033+0800] GC(1935) Concurrent Mark Cycle
[2024-08-29T23:16:09.033+0800] GC(1935) Concurrent Clear Claimed Marks
[2024-08-29T23:16:09.033+0800] GC(1935) Concurrent Clear Claimed Marks 0.005ms
[2024-08-29T23:16:09.033+0800] GC(1935) Concurrent Scan Root Regions
[2024-08-29T23:16:09.033+0800] GC(1935) Concurrent Scan Root Regions 0.004ms
[2024-08-29T23:16:09.033+0800] GC(1935) Concurrent Mark
[2024-08-29T23:16:09.033+0800] GC(1935) Concurrent Mark From Roots
[2024-08-29T23:16:09.033+0800] GC(1935) Using 2 workers of 2 for marking
[2024-08-29T23:16:09.035+0800] GC(1935) Concurrent Mark From Roots 2.512ms
[2024-08-29T23:16:09.035+0800] GC(1935) Concurrent Preclean
[2024-08-29T23:16:09.035+0800] GC(1935) Concurrent Preclean 0.098ms
[2024-08-29T23:16:09.036+0800] GC(1935) Pause Remark
[2024-08-29T23:16:09.037+0800] GC(1935) Pause Remark 1005M->1005M(2048M) 0.837ms
[2024-08-29T23:16:09.037+0800] GC(1935) User=0.00s Sys=0.00s Real=0.00s
[2024-08-29T23:16:09.037+0800] GC(1935) Concurrent Mark 4.552ms
[2024-08-29T23:16:09.037+0800] GC(1935) Concurrent Rebuild Remembered Sets
[2024-08-29T23:16:09.037+0800] GC(1935) Concurrent Rebuild Remembered Sets 0.005ms
[2024-08-29T23:16:09.038+0800] GC(1935) Pause Cleanup
[2024-08-29T23:16:09.038+0800] GC(1935) Pause Cleanup 1007M->1007M(2048M) 0.016ms
[2024-08-29T23:16:09.038+0800] GC(1935) User=0.00s Sys=0.00s Real=0.00s
[2024-08-29T23:16:09.038+0800] GC(1935) Concurrent Cleanup for Next Mark
[2024-08-29T23:16:09.043+0800] GC(1935) Concurrent Cleanup for Next Mark 4.370ms
[2024-08-29T23:16:09.043+0800] GC(1935) Concurrent Mark Cycle 10.231ms
[2024-08-29T23:16:09.043+0800] GC(1936) Pause Young (Concurrent Start) (G1 Humongous Allocation)
[2024-08-29T23:16:09.043+0800] GC(1936) Using 8 workers of 8 for evacuation
[2024-08-29T23:16:09.044+0800] GC(1936)   Pre Evacuate Collection Set: 0.2ms
[2024-08-29T23:16:09.044+0800] GC(1936)   Merge Heap Roots: 0.1ms
[2024-08-29T23:16:09.044+0800] GC(1936)   Evacuate Collection Set: 0.3ms
[2024-08-29T23:16:09.044+0800] GC(1936)   Post Evacuate Collection Set: 0.2ms
[2024-08-29T23:16:09.044+0800] GC(1936)   Other: 0.1ms
[2024-08-29T23:16:09.044+0800] GC(1936) Eden regions: 4->0(843)
[2024-08-29T23:16:09.044+0800] GC(1936) Survivor regions: 0->0(107)
[2024-08-29T23:16:09.044+0800] GC(1936) Old regions: 1->1
[2024-08-29T23:16:09.044+0800] GC(1936) Archive regions: 2->2
[2024-08-29T23:16:09.044+0800] GC(1936) Humongous regions: 1020->996
[2024-08-29T23:16:09.044+0800] GC(1936) Metaspace: 1630K(1792K)->1630K(1792K) NonClass: 1510K(1600K)->1510K(1600K) Class: 119K(192K)->119K(192K)
[2024-08-29T23:16:09.044+0800] GC(1936) Pause Young (Concurrent Start) (G1 Humongous Allocation) 1025M->997M(2048M) 1.044ms
[2024-08-29T23:16:09.044+0800] GC(1936) User=0.00s Sys=0.00s Real=0.00s
[2024-08-29T23:16:09.044+0800] GC(1937) Concurrent Mark Cycle
[2024-08-29T23:16:09.044+0800] GC(1937) Concurrent Clear Claimed Marks
[2024-08-29T23:16:09.044+0800] GC(1937) Concurrent Clear Claimed Marks 0.029ms
[2024-08-29T23:16:09.044+0800] GC(1937) Concurrent Scan Root Regions
[2024-08-29T23:16:09.044+0800] GC(1937) Concurrent Scan Root Regions 0.004ms
[2024-08-29T23:16:09.044+0800] GC(1937) Concurrent Mark
[2024-08-29T23:16:09.044+0800] GC(1937) Concurrent Mark From Roots
[2024-08-29T23:16:09.044+0800] GC(1937) Using 2 workers of 2 for marking
[2024-08-29T23:16:09.047+0800] GC(1937) Concurrent Mark From Roots 2.532ms
[2024-08-29T23:16:09.047+0800] GC(1937) Concurrent Preclean
[2024-08-29T23:16:09.047+0800] GC(1937) Concurrent Preclean 0.088ms
[2024-08-29T23:16:09.048+0800] GC(1937) Pause Remark
[2024-08-29T23:16:09.049+0800] GC(1937) Pause Remark 1020M->1020M(2048M) 0.924ms
[2024-08-29T23:16:09.049+0800] GC(1937) User=0.00s Sys=0.00s Real=0.00s
[2024-08-29T23:16:09.049+0800] GC(1937) Concurrent Mark 4.814ms
[2024-08-29T23:16:09.049+0800] GC(1937) Concurrent Rebuild Remembered Sets
[2024-08-29T23:16:09.049+0800] GC(1937) Concurrent Rebuild Remembered Sets 0.004ms
[2024-08-29T23:16:09.049+0800] GC(1937) Pause Cleanup
[2024-08-29T23:16:09.049+0800] GC(1937) Pause Cleanup 1020M->1020M(2048M) 0.010ms
[2024-08-29T23:16:09.049+0800] GC(1937) User=0.00s Sys=0.00s Real=0.00s
[2024-08-29T23:16:09.049+0800] GC(1937) Concurrent Cleanup for Next Mark
[2024-08-29T23:16:09.055+0800] GC(1937) Concurrent Cleanup for Next Mark 5.515ms
[2024-08-29T23:16:09.055+0800] GC(1937) Concurrent Mark Cycle 10.576ms
[2024-08-29T23:16:09.055+0800] GC(1938) Pause Young (Concurrent Start) (G1 Humongous Allocation)
[2024-08-29T23:16:09.055+0800] GC(1938) Using 8 workers of 8 for evacuation
[2024-08-29T23:16:09.056+0800] GC(1938)   Pre Evacuate Collection Set: 0.2ms
[2024-08-29T23:16:09.056+0800] GC(1938)   Merge Heap Roots: 0.1ms
[2024-08-29T23:16:09.056+0800] GC(1938)   Evacuate Collection Set: 0.3ms
[2024-08-29T23:16:09.056+0800] GC(1938)   Post Evacuate Collection Set: 0.3ms
[2024-08-29T23:16:09.056+0800] GC(1938)   Other: 0.1ms
[2024-08-29T23:16:09.056+0800] GC(1938) Eden regions: 4->0(824)
[2024-08-29T23:16:09.056+0800] GC(1938) Survivor regions: 0->0(106)
[2024-08-29T23:16:09.056+0800] GC(1938) Old regions: 1->1
[2024-08-29T23:16:09.056+0800] GC(1938) Archive regions: 2->2
[2024-08-29T23:16:09.056+0800] GC(1938) Humongous regions: 1036->1015
[2024-08-29T23:16:09.056+0800] GC(1938) Metaspace: 1630K(1792K)->1630K(1792K) NonClass: 1510K(1600K)->1510K(1600K) Class: 119K(192K)->119K(192K)
[2024-08-29T23:16:09.056+0800] GC(1938) Pause Young (Concurrent Start) (G1 Humongous Allocation) 1041M->1016M(2048M) 1.037ms
[2024-08-29T23:16:09.056+0800] GC(1938) User=0.00s Sys=0.00s Real=0.00s
[2024-08-29T23:16:09.056+0800] GC(1939) Concurrent Mark Cycle
[2024-08-29T23:16:09.056+0800] GC(1939) Concurrent Clear Claimed Marks
[2024-08-29T23:16:09.056+0800] GC(1939) Concurrent Clear Claimed Marks 0.005ms
[2024-08-29T23:16:09.056+0800] GC(1939) Concurrent Scan Root Regions
[2024-08-29T23:16:09.056+0800] GC(1939) Concurrent Scan Root Regions 0.004ms
[2024-08-29T23:16:09.056+0800] GC(1939) Concurrent Mark
[2024-08-29T23:16:09.056+0800] GC(1939) Concurrent Mark From Roots
[2024-08-29T23:16:09.056+0800] GC(1939) Using 2 workers of 2 for marking
[2024-08-29T23:16:09.059+0800] GC(1939) Concurrent Mark From Roots 2.849ms
[2024-08-29T23:16:09.059+0800] GC(1939) Concurrent Preclean
[2024-08-29T23:16:09.059+0800] GC(1939) Concurrent Preclean 0.082ms
[2024-08-29T23:16:09.059+0800] GC(1939) Pause Remark
[2024-08-29T23:16:09.060+0800] GC(1939) Pause Remark 1027M->1027M(2048M) 0.888ms
[2024-08-29T23:16:09.060+0800] GC(1939) User=0.00s Sys=0.00s Real=0.00s
[2024-08-29T23:16:09.060+0800] GC(1939) Concurrent Mark 3.946ms
[2024-08-29T23:16:09.060+0800] GC(1939) Concurrent Rebuild Remembered Sets
[2024-08-29T23:16:09.060+0800] GC(1939) Concurrent Rebuild Remembered Sets 0.004ms
[2024-08-29T23:16:09.060+0800] GC(1939) Pause Cleanup
[2024-08-29T23:16:09.060+0800] GC(1939) Pause Cleanup 1027M->1027M(2048M) 0.013ms
[2024-08-29T23:16:09.060+0800] GC(1939) User=0.00s Sys=0.00s Real=0.00s
[2024-08-29T23:16:09.060+0800] GC(1939) Concurrent Cleanup for Next Mark
[2024-08-29T23:16:09.064+0800] GC(1939) Concurrent Cleanup for Next Mark 3.670ms
[2024-08-29T23:16:09.064+0800] GC(1939) Concurrent Mark Cycle 7.801ms
[2024-08-29T23:16:09.064+0800] GC(1940) Pause Young (Concurrent Start) (G1 Humongous Allocation)
[2024-08-29T23:16:09.064+0800] GC(1940) Using 8 workers of 8 for evacuation
[2024-08-29T23:16:09.065+0800] GC(1940)   Pre Evacuate Collection Set: 0.2ms
[2024-08-29T23:16:09.065+0800] GC(1940)   Merge Heap Roots: 0.1ms
[2024-08-29T23:16:09.065+0800] GC(1940)   Evacuate Collection Set: 0.2ms
[2024-08-29T23:16:09.065+0800] GC(1940)   Post Evacuate Collection Set: 0.3ms
[2024-08-29T23:16:09.065+0800] GC(1940)   Other: 0.1ms
[2024-08-29T23:16:09.065+0800] GC(1940) Eden regions: 3->0(832)
[2024-08-29T23:16:09.065+0800] GC(1940) Survivor regions: 0->0(103)
[2024-08-29T23:16:09.065+0800] GC(1940) Old regions: 1->1
[2024-08-29T23:16:09.065+0800] GC(1940) Archive regions: 2->2
[2024-08-29T23:16:09.065+0800] GC(1940) Humongous regions: 1030->1007
[2024-08-29T23:16:09.065+0800] GC(1940) Metaspace: 1630K(1792K)->1630K(1792K) NonClass: 1510K(1600K)->1510K(1600K) Class: 119K(192K)->119K(192K)
[2024-08-29T23:16:09.065+0800] GC(1940) Pause Young (Concurrent Start) (G1 Humongous Allocation) 1034M->1008M(2048M) 0.815ms
[2024-08-29T23:16:09.065+0800] GC(1940) User=0.01s Sys=0.00s Real=0.00s
[2024-08-29T23:16:09.065+0800] GC(1941) Concurrent Mark Cycle
[2024-08-29T23:16:09.065+0800] GC(1941) Concurrent Clear Claimed Marks
[2024-08-29T23:16:09.065+0800] GC(1941) Concurrent Clear Claimed Marks 0.005ms
[2024-08-29T23:16:09.065+0800] GC(1941) Concurrent Scan Root Regions
[2024-08-29T23:16:09.065+0800] GC(1941) Concurrent Scan Root Regions 0.004ms
[2024-08-29T23:16:09.065+0800] GC(1941) Concurrent Mark
[2024-08-29T23:16:09.065+0800] GC(1941) Concurrent Mark From Roots
[2024-08-29T23:16:09.065+0800] GC(1941) Using 2 workers of 2 for marking
[2024-08-29T23:16:09.067+0800] GC(1941) Concurrent Mark From Roots 1.880ms
[2024-08-29T23:16:09.067+0800] GC(1941) Concurrent Preclean
[2024-08-29T23:16:09.067+0800] GC(1941) Concurrent Preclean 0.080ms
[2024-08-29T23:16:09.067+0800] GC(1941) Pause Remark
[2024-08-29T23:16:09.068+0800] GC(1941) Pause Remark 1013M->1013M(2048M) 1.200ms
[2024-08-29T23:16:09.068+0800] GC(1941) User=0.00s Sys=0.00s Real=0.00s
[2024-08-29T23:16:09.068+0800] GC(1941) Concurrent Mark 3.317ms
[2024-08-29T23:16:09.068+0800] GC(1941) Concurrent Rebuild Remembered Sets
[2024-08-29T23:16:09.068+0800] GC(1941) Concurrent Rebuild Remembered Sets 0.005ms
[2024-08-29T23:16:09.069+0800] GC(1941) Pause Cleanup
[2024-08-29T23:16:09.069+0800] GC(1941) Pause Cleanup 1019M->1019M(2048M) 0.014ms
[2024-08-29T23:16:09.069+0800] GC(1941) User=0.00s Sys=0.00s Real=0.00s
[2024-08-29T23:16:09.069+0800] GC(1941) Concurrent Cleanup for Next Mark
[2024-08-29T23:16:09.073+0800] GC(1941) Concurrent Cleanup for Next Mark 3.436ms
[2024-08-29T23:16:09.073+0800] GC(1941) Concurrent Mark Cycle 7.678ms
[2024-08-29T23:16:09.073+0800] GC(1942) Pause Young (Concurrent Start) (G1 Humongous Allocation)
[2024-08-29T23:16:09.073+0800] GC(1942) Using 8 workers of 8 for evacuation
[2024-08-29T23:16:09.074+0800] GC(1942)   Pre Evacuate Collection Set: 0.2ms
[2024-08-29T23:16:09.074+0800] GC(1942)   Merge Heap Roots: 0.1ms
[2024-08-29T23:16:09.074+0800] GC(1942)   Evacuate Collection Set: 0.3ms
[2024-08-29T23:16:09.074+0800] GC(1942)   Post Evacuate Collection Set: 0.3ms
[2024-08-29T23:16:09.074+0800] GC(1942)   Other: 0.1ms
[2024-08-29T23:16:09.074+0800] GC(1942) Eden regions: 4->0(844)
[2024-08-29T23:16:09.074+0800] GC(1942) Survivor regions: 0->0(104)
[2024-08-29T23:16:09.074+0800] GC(1942) Old regions: 1->1
[2024-08-29T23:16:09.074+0800] GC(1942) Archive regions: 2->2
[2024-08-29T23:16:09.074+0800] GC(1942) Humongous regions: 1024->995
[2024-08-29T23:16:09.074+0800] GC(1942) Metaspace: 1630K(1792K)->1630K(1792K) NonClass: 1510K(1600K)->1510K(1600K) Class: 119K(192K)->119K(192K)
[2024-08-29T23:16:09.074+0800] GC(1942) Pause Young (Concurrent Start) (G1 Humongous Allocation) 1028M->996M(2048M) 1.100ms
[2024-08-29T23:16:09.074+0800] GC(1942) User=0.00s Sys=0.00s Real=0.00s
[2024-08-29T23:16:09.074+0800] GC(1943) Concurrent Mark Cycle
[2024-08-29T23:16:09.074+0800] GC(1943) Concurrent Clear Claimed Marks
[2024-08-29T23:16:09.074+0800] GC(1943) Concurrent Clear Claimed Marks 0.005ms
[2024-08-29T23:16:09.074+0800] GC(1943) Concurrent Scan Root Regions
[2024-08-29T23:16:09.074+0800] GC(1943) Concurrent Scan Root Regions 0.004ms
[2024-08-29T23:16:09.074+0800] GC(1943) Concurrent Mark
[2024-08-29T23:16:09.074+0800] GC(1943) Concurrent Mark From Roots
[2024-08-29T23:16:09.074+0800] GC(1943) Using 2 workers of 2 for marking
[2024-08-29T23:16:09.077+0800] GC(1943) Concurrent Mark From Roots 2.066ms
[2024-08-29T23:16:09.077+0800] GC(1943) Concurrent Preclean
[2024-08-29T23:16:09.077+0800] GC(1943) Concurrent Preclean 0.084ms
[2024-08-29T23:16:09.077+0800] GC(1943) Pause Remark
[2024-08-29T23:16:09.078+0800] GC(1943) Pause Remark 1006M->1006M(2048M) 0.926ms
[2024-08-29T23:16:09.078+0800] GC(1943) User=0.00s Sys=0.00s Real=0.00s
[2024-08-29T23:16:09.078+0800] GC(1943) Concurrent Mark 3.220ms
[2024-08-29T23:16:09.078+0800] GC(1943) Concurrent Rebuild Remembered Sets
[2024-08-29T23:16:09.078+0800] GC(1943) Concurrent Rebuild Remembered Sets 0.005ms
[2024-08-29T23:16:09.078+0800] GC(1943) Pause Cleanup
[2024-08-29T23:16:09.078+0800] GC(1943) Pause Cleanup 1007M->1007M(2048M) 0.014ms
[2024-08-29T23:16:09.078+0800] GC(1943) User=0.00s Sys=0.00s Real=0.00s
[2024-08-29T23:16:09.078+0800] GC(1943) Concurrent Cleanup for Next Mark
[2024-08-29T23:16:09.082+0800] GC(1943) Concurrent Cleanup for Next Mark 4.102ms
[2024-08-29T23:16:09.082+0800] GC(1943) Concurrent Mark Cycle 8.011ms
[2024-08-29T23:16:09.084+0800] GC(1944) Pause Young (Concurrent Start) (G1 Humongous Allocation)
[2024-08-29T23:16:09.084+0800] GC(1944) Using 8 workers of 8 for evacuation
[2024-08-29T23:16:09.085+0800] GC(1944)   Pre Evacuate Collection Set: 0.2ms
[2024-08-29T23:16:09.085+0800] GC(1944)   Merge Heap Roots: 0.1ms
[2024-08-29T23:16:09.085+0800] GC(1944)   Evacuate Collection Set: 0.3ms
[2024-08-29T23:16:09.085+0800] GC(1944)   Post Evacuate Collection Set: 0.2ms
[2024-08-29T23:16:09.085+0800] GC(1944)   Other: 0.1ms
[2024-08-29T23:16:09.085+0800] GC(1944) Eden regions: 3->0(846)
[2024-08-29T23:16:09.085+0800] GC(1944) Survivor regions: 0->0(106)
[2024-08-29T23:16:09.085+0800] GC(1944) Old regions: 1->1
[2024-08-29T23:16:09.085+0800] GC(1944) Archive regions: 2->2
[2024-08-29T23:16:09.085+0800] GC(1944) Humongous regions: 1012->993
[2024-08-29T23:16:09.085+0800] GC(1944) Metaspace: 1630K(1792K)->1630K(1792K) NonClass: 1510K(1600K)->1510K(1600K) Class: 119K(192K)->119K(192K)
[2024-08-29T23:16:09.085+0800] GC(1944) Pause Young (Concurrent Start) (G1 Humongous Allocation) 1016M->994M(2048M) 0.908ms
[2024-08-29T23:16:09.085+0800] GC(1944) User=0.01s Sys=0.00s Real=0.00s
[2024-08-29T23:16:09.085+0800] GC(1945) Concurrent Mark Cycle
[2024-08-29T23:16:09.085+0800] GC(1945) Concurrent Clear Claimed Marks
[2024-08-29T23:16:09.085+0800] GC(1945) Concurrent Clear Claimed Marks 0.006ms
[2024-08-29T23:16:09.085+0800] GC(1945) Concurrent Scan Root Regions
[2024-08-29T23:16:09.085+0800] GC(1945) Concurrent Scan Root Regions 0.004ms
[2024-08-29T23:16:09.085+0800] GC(1945) Concurrent Mark
[2024-08-29T23:16:09.085+0800] GC(1945) Concurrent Mark From Roots
[2024-08-29T23:16:09.085+0800] GC(1945) Using 2 workers of 2 for marking
[2024-08-29T23:16:09.088+0800] GC(1945) Concurrent Mark From Roots 2.586ms
[2024-08-29T23:16:09.088+0800] GC(1945) Concurrent Preclean
[2024-08-29T23:16:09.088+0800] GC(1945) Concurrent Preclean 0.067ms
[2024-08-29T23:16:09.088+0800] GC(1945) Pause Remark
[2024-08-29T23:16:09.089+0800] GC(1945) Pause Remark 1010M->1010M(2048M) 0.888ms
[2024-08-29T23:16:09.089+0800] GC(1945) User=0.00s Sys=0.00s Real=0.00s
[2024-08-29T23:16:09.089+0800] GC(1945) Concurrent Mark 3.657ms
[2024-08-29T23:16:09.089+0800] GC(1945) Concurrent Rebuild Remembered Sets
[2024-08-29T23:16:09.089+0800] GC(1945) Concurrent Rebuild Remembered Sets 0.004ms
[2024-08-29T23:16:09.089+0800] GC(1945) Pause Cleanup
[2024-08-29T23:16:09.089+0800] GC(1945) Pause Cleanup 1010M->1010M(2048M) 0.011ms
[2024-08-29T23:16:09.089+0800] GC(1945) User=0.00s Sys=0.00s Real=0.00s
[2024-08-29T23:16:09.089+0800] GC(1945) Concurrent Cleanup for Next Mark
[2024-08-29T23:16:09.093+0800] GC(1945) Concurrent Cleanup for Next Mark 3.509ms
[2024-08-29T23:16:09.093+0800] GC(1945) Concurrent Mark Cycle 7.378ms
[2024-08-29T23:16:09.093+0800] GC(1946) Pause Young (Concurrent Start) (G1 Humongous Allocation)
[2024-08-29T23:16:09.093+0800] GC(1946) Using 8 workers of 8 for evacuation
[2024-08-29T23:16:09.094+0800] GC(1946)   Pre Evacuate Collection Set: 0.2ms
[2024-08-29T23:16:09.094+0800] GC(1946)   Merge Heap Roots: 0.1ms
[2024-08-29T23:16:09.094+0800] GC(1946)   Evacuate Collection Set: 0.3ms
[2024-08-29T23:16:09.094+0800] GC(1946)   Post Evacuate Collection Set: 0.3ms
[2024-08-29T23:16:09.094+0800] GC(1946)   Other: 0.1ms
[2024-08-29T23:16:09.094+0800] GC(1946) Eden regions: 3->0(857)
[2024-08-29T23:16:09.094+0800] GC(1946) Survivor regions: 0->0(106)
[2024-08-29T23:16:09.094+0800] GC(1946) Old regions: 1->1
[2024-08-29T23:16:09.094+0800] GC(1946) Archive regions: 2->2
[2024-08-29T23:16:09.094+0800] GC(1946) Humongous regions: 1012->982
[2024-08-29T23:16:09.094+0800] GC(1946) Metaspace: 1630K(1792K)->1630K(1792K) NonClass: 1510K(1600K)->1510K(1600K) Class: 119K(192K)->119K(192K)
[2024-08-29T23:16:09.094+0800] GC(1946) Pause Young (Concurrent Start) (G1 Humongous Allocation) 1016M->983M(2048M) 0.984ms
[2024-08-29T23:16:09.094+0800] GC(1946) User=0.00s Sys=0.00s Real=0.00s
[2024-08-29T23:16:09.094+0800] GC(1947) Concurrent Mark Cycle
[2024-08-29T23:16:09.094+0800] GC(1947) Concurrent Clear Claimed Marks
[2024-08-29T23:16:09.094+0800] GC(1947) Concurrent Clear Claimed Marks 0.005ms
[2024-08-29T23:16:09.094+0800] GC(1947) Concurrent Scan Root Regions
[2024-08-29T23:16:09.094+0800] GC(1947) Concurrent Scan Root Regions 0.004ms
[2024-08-29T23:16:09.094+0800] GC(1947) Concurrent Mark
[2024-08-29T23:16:09.094+0800] GC(1947) Concurrent Mark From Roots
[2024-08-29T23:16:09.094+0800] GC(1947) Using 2 workers of 2 for marking
[2024-08-29T23:16:09.097+0800] GC(1947) Concurrent Mark From Roots 2.392ms
[2024-08-29T23:16:09.097+0800] GC(1947) Concurrent Preclean
[2024-08-29T23:16:09.097+0800] GC(1947) Concurrent Preclean 0.068ms
[2024-08-29T23:16:09.097+0800] GC(1947) Pause Remark
[2024-08-29T23:16:09.098+0800] GC(1947) Pause Remark 998M->998M(2048M) 0.845ms
[2024-08-29T23:16:09.098+0800] GC(1947) User=0.00s Sys=0.00s Real=0.00s
[2024-08-29T23:16:09.098+0800] GC(1947) Concurrent Mark 3.444ms
[2024-08-29T23:16:09.098+0800] GC(1947) Concurrent Rebuild Remembered Sets
[2024-08-29T23:16:09.098+0800] GC(1947) Concurrent Rebuild Remembered Sets 0.005ms
[2024-08-29T23:16:09.098+0800] GC(1947) Pause Cleanup
[2024-08-29T23:16:09.098+0800] GC(1947) Pause Cleanup 1001M->1001M(2048M) 0.012ms
[2024-08-29T23:16:09.098+0800] GC(1947) User=0.00s Sys=0.00s Real=0.00s
[2024-08-29T23:16:09.098+0800] GC(1947) Concurrent Cleanup for Next Mark
[2024-08-29T23:16:09.103+0800] GC(1947) Concurrent Cleanup for Next Mark 4.712ms
[2024-08-29T23:16:09.103+0800] GC(1947) Concurrent Mark Cycle 8.812ms
[2024-08-29T23:16:09.104+0800] GC(1948) Pause Young (Concurrent Start) (G1 Humongous Allocation)
[2024-08-29T23:16:09.104+0800] GC(1948) Using 8 workers of 8 for evacuation
[2024-08-29T23:16:09.105+0800] GC(1948)   Pre Evacuate Collection Set: 0.2ms
[2024-08-29T23:16:09.105+0800] GC(1948)   Merge Heap Roots: 0.1ms
[2024-08-29T23:16:09.105+0800] GC(1948)   Evacuate Collection Set: 0.3ms
[2024-08-29T23:16:09.105+0800] GC(1948)   Post Evacuate Collection Set: 0.3ms
[2024-08-29T23:16:09.105+0800] GC(1948)   Other: 0.1ms
[2024-08-29T23:16:09.105+0800] GC(1948) Eden regions: 3->0(833)
[2024-08-29T23:16:09.105+0800] GC(1948) Survivor regions: 0->0(108)
[2024-08-29T23:16:09.105+0800] GC(1948) Old regions: 1->1
[2024-08-29T23:16:09.105+0800] GC(1948) Archive regions: 2->2
[2024-08-29T23:16:09.105+0800] GC(1948) Humongous regions: 1015->1006
[2024-08-29T23:16:09.105+0800] GC(1948) Metaspace: 1630K(1792K)->1630K(1792K) NonClass: 1510K(1600K)->1510K(1600K) Class: 119K(192K)->119K(192K)
[2024-08-29T23:16:09.105+0800] GC(1948) Pause Young (Concurrent Start) (G1 Humongous Allocation) 1019M->1007M(2048M) 1.138ms
[2024-08-29T23:16:09.105+0800] GC(1948) User=0.00s Sys=0.00s Real=0.00s
[2024-08-29T23:16:09.105+0800] GC(1949) Concurrent Mark Cycle
[2024-08-29T23:16:09.105+0800] GC(1949) Concurrent Clear Claimed Marks
[2024-08-29T23:16:09.105+0800] GC(1949) Concurrent Clear Claimed Marks 0.005ms
[2024-08-29T23:16:09.105+0800] GC(1949) Concurrent Scan Root Regions
[2024-08-29T23:16:09.105+0800] GC(1949) Concurrent Scan Root Regions 0.004ms
[2024-08-29T23:16:09.105+0800] GC(1949) Concurrent Mark
[2024-08-29T23:16:09.105+0800] GC(1949) Concurrent Mark From Roots
[2024-08-29T23:16:09.105+0800] GC(1949) Using 2 workers of 2 for marking
[2024-08-29T23:16:09.108+0800] GC(1949) Concurrent Mark From Roots 2.780ms
[2024-08-29T23:16:09.108+0800] GC(1949) Concurrent Preclean
[2024-08-29T23:16:09.108+0800] GC(1949) Concurrent Preclean 0.071ms
[2024-08-29T23:16:09.108+0800] GC(1949) Pause Remark
[2024-08-29T23:16:09.109+0800] GC(1949) Pause Remark 1022M->1022M(2048M) 0.863ms
[2024-08-29T23:16:09.109+0800] GC(1949) User=0.00s Sys=0.00s Real=0.00s
[2024-08-29T23:16:09.109+0800] GC(1949) Concurrent Mark 3.897ms
[2024-08-29T23:16:09.109+0800] GC(1949) Concurrent Rebuild Remembered Sets
[2024-08-29T23:16:09.109+0800] GC(1949) Concurrent Rebuild Remembered Sets 0.005ms
[2024-08-29T23:16:09.110+0800] GC(1949) Pause Cleanup
[2024-08-29T23:16:09.110+0800] GC(1949) Pause Cleanup 1024M->1024M(2048M) 0.011ms
[2024-08-29T23:16:09.110+0800] GC(1949) User=0.00s Sys=0.00s Real=0.00s
[2024-08-29T23:16:09.110+0800] GC(1949) Concurrent Cleanup for Next Mark
[2024-08-29T23:16:09.114+0800] GC(1949) Concurrent Cleanup for Next Mark 3.811ms
[2024-08-29T23:16:09.114+0800] GC(1949) Concurrent Mark Cycle 8.693ms
[2024-08-29T23:16:09.114+0800] GC(1950) Pause Young (Concurrent Start) (G1 Humongous Allocation)
[2024-08-29T23:16:09.114+0800] GC(1950) Using 8 workers of 8 for evacuation
[2024-08-29T23:16:09.115+0800] GC(1950)   Pre Evacuate Collection Set: 0.2ms
[2024-08-29T23:16:09.115+0800] GC(1950)   Merge Heap Roots: 0.1ms
[2024-08-29T23:16:09.115+0800] GC(1950)   Evacuate Collection Set: 0.4ms
[2024-08-29T23:16:09.115+0800] GC(1950)   Post Evacuate Collection Set: 0.3ms
[2024-08-29T23:16:09.115+0800] GC(1950)   Other: 0.1ms
[2024-08-29T23:16:09.115+0800] GC(1950) Eden regions: 4->0(844)
[2024-08-29T23:16:09.115+0800] GC(1950) Survivor regions: 0->0(105)
[2024-08-29T23:16:09.115+0800] GC(1950) Old regions: 1->1
[2024-08-29T23:16:09.115+0800] GC(1950) Archive regions: 2->2
[2024-08-29T23:16:09.115+0800] GC(1950) Humongous regions: 1020->995
[2024-08-29T23:16:09.115+0800] GC(1950) Metaspace: 1630K(1792K)->1630K(1792K) NonClass: 1510K(1600K)->1510K(1600K) Class: 119K(192K)->119K(192K)
[2024-08-29T23:16:09.115+0800] GC(1950) Pause Young (Concurrent Start) (G1 Humongous Allocation) 1025M->996M(2048M) 1.148ms
[2024-08-29T23:16:09.115+0800] GC(1950) User=0.00s Sys=0.00s Real=0.00s
[2024-08-29T23:16:09.116+0800] GC(1951) Concurrent Mark Cycle
[2024-08-29T23:16:09.116+0800] GC(1951) Concurrent Clear Claimed Marks
[2024-08-29T23:16:09.116+0800] GC(1951) Concurrent Clear Claimed Marks 0.006ms
[2024-08-29T23:16:09.116+0800] GC(1951) Concurrent Scan Root Regions
[2024-08-29T23:16:09.116+0800] GC(1951) Concurrent Scan Root Regions 0.006ms
[2024-08-29T23:16:09.116+0800] GC(1951) Concurrent Mark
[2024-08-29T23:16:09.116+0800] GC(1951) Concurrent Mark From Roots
[2024-08-29T23:16:09.116+0800] GC(1951) Using 2 workers of 2 for marking
[2024-08-29T23:16:09.119+0800] GC(1951) Concurrent Mark From Roots 3.023ms
[2024-08-29T23:16:09.119+0800] GC(1951) Concurrent Preclean
[2024-08-29T23:16:09.119+0800] GC(1951) Concurrent Preclean 0.084ms
[2024-08-29T23:16:09.119+0800] GC(1951) Pause Remark
[2024-08-29T23:16:09.120+0800] GC(1951) Pause Remark 1009M->1009M(2048M) 0.817ms
[2024-08-29T23:16:09.120+0800] GC(1951) User=0.00s Sys=0.00s Real=0.00s
[2024-08-29T23:16:09.120+0800] GC(1951) Concurrent Mark 4.099ms
[2024-08-29T23:16:09.120+0800] GC(1951) Concurrent Rebuild Remembered Sets
[2024-08-29T23:16:09.120+0800] GC(1951) Concurrent Rebuild Remembered Sets 0.006ms
[2024-08-29T23:16:09.120+0800] GC(1951) Pause Cleanup
[2024-08-29T23:16:09.120+0800] GC(1951) Pause Cleanup 1011M->1011M(2048M) 0.012ms
[2024-08-29T23:16:09.120+0800] GC(1951) User=0.00s Sys=0.00s Real=0.00s
[2024-08-29T23:16:09.120+0800] GC(1951) Concurrent Cleanup for Next Mark
[2024-08-29T23:16:09.125+0800] GC(1951) Concurrent Cleanup for Next Mark 4.379ms
[2024-08-29T23:16:09.125+0800] GC(1951) Concurrent Mark Cycle 9.239ms
[2024-08-29T23:16:09.126+0800] GC(1952) Pause Young (Concurrent Start) (G1 Humongous Allocation)
[2024-08-29T23:16:09.126+0800] GC(1952) Using 8 workers of 8 for evacuation
[2024-08-29T23:16:09.128+0800] GC(1952)   Pre Evacuate Collection Set: 0.2ms
[2024-08-29T23:16:09.128+0800] GC(1952)   Merge Heap Roots: 0.1ms
[2024-08-29T23:16:09.128+0800] GC(1952)   Evacuate Collection Set: 0.5ms
[2024-08-29T23:16:09.128+0800] GC(1952)   Post Evacuate Collection Set: 0.2ms
[2024-08-29T23:16:09.128+0800] GC(1952)   Other: 0.1ms
[2024-08-29T23:16:09.128+0800] GC(1952) Eden regions: 3->0(852)
[2024-08-29T23:16:09.128+0800] GC(1952) Survivor regions: 0->0(106)
[2024-08-29T23:16:09.128+0800] GC(1952) Old regions: 1->1
[2024-08-29T23:16:09.128+0800] GC(1952) Archive regions: 2->2
[2024-08-29T23:16:09.128+0800] GC(1952) Humongous regions: 1021->987
[2024-08-29T23:16:09.128+0800] GC(1952) Metaspace: 1630K(1792K)->1630K(1792K) NonClass: 1510K(1600K)->1510K(1600K) Class: 119K(192K)->119K(192K)
[2024-08-29T23:16:09.128+0800] GC(1952) Pause Young (Concurrent Start) (G1 Humongous Allocation) 1025M->988M(2048M) 1.231ms
[2024-08-29T23:16:09.128+0800] GC(1952) User=0.00s Sys=0.00s Real=0.00s
[2024-08-29T23:16:09.128+0800] GC(1953) Concurrent Mark Cycle
[2024-08-29T23:16:09.128+0800] GC(1953) Concurrent Clear Claimed Marks
[2024-08-29T23:16:09.128+0800] GC(1953) Concurrent Clear Claimed Marks 0.005ms
[2024-08-29T23:16:09.128+0800] GC(1953) Concurrent Scan Root Regions
[2024-08-29T23:16:09.128+0800] GC(1953) Concurrent Scan Root Regions 0.004ms
[2024-08-29T23:16:09.128+0800] GC(1953) Concurrent Mark
[2024-08-29T23:16:09.128+0800] GC(1953) Concurrent Mark From Roots
[2024-08-29T23:16:09.128+0800] GC(1953) Using 2 workers of 2 for marking
[2024-08-29T23:16:09.131+0800] GC(1953) Concurrent Mark From Roots 2.856ms
[2024-08-29T23:16:09.131+0800] GC(1953) Concurrent Preclean
[2024-08-29T23:16:09.131+0800] GC(1953) Concurrent Preclean 0.065ms
[2024-08-29T23:16:09.131+0800] GC(1953) Pause Remark
[2024-08-29T23:16:09.132+0800] GC(1953) Pause Remark 1008M->1008M(2048M) 1.018ms
[2024-08-29T23:16:09.132+0800] GC(1953) User=0.00s Sys=0.00s Real=0.00s
[2024-08-29T23:16:09.132+0800] GC(1953) Concurrent Mark 4.060ms
[2024-08-29T23:16:09.132+0800] GC(1953) Concurrent Rebuild Remembered Sets
[2024-08-29T23:16:09.132+0800] GC(1953) Concurrent Rebuild Remembered Sets 0.006ms
[2024-08-29T23:16:09.132+0800] GC(1953) Pause Cleanup
[2024-08-29T23:16:09.132+0800] GC(1953) Pause Cleanup 1013M->1013M(2048M) 0.010ms
[2024-08-29T23:16:09.132+0800] GC(1953) User=0.00s Sys=0.00s Real=0.00s
[2024-08-29T23:16:09.132+0800] GC(1953) Concurrent Cleanup for Next Mark
[2024-08-29T23:16:09.136+0800] GC(1953) Concurrent Cleanup for Next Mark 4.084ms
[2024-08-29T23:16:09.136+0800] GC(1953) Concurrent Mark Cycle 8.661ms
[2024-08-29T23:16:09.139+0800] GC(1954) Pause Young (Concurrent Start) (G1 Humongous Allocation)
[2024-08-29T23:16:09.139+0800] GC(1954) Using 8 workers of 8 for evacuation
[2024-08-29T23:16:09.141+0800] GC(1954)   Pre Evacuate Collection Set: 0.3ms
[2024-08-29T23:16:09.141+0800] GC(1954)   Merge Heap Roots: 0.1ms
[2024-08-29T23:16:09.141+0800] GC(1954)   Evacuate Collection Set: 0.4ms
[2024-08-29T23:16:09.141+0800] GC(1954)   Post Evacuate Collection Set: 0.3ms
[2024-08-29T23:16:09.141+0800] GC(1954)   Other: 0.2ms
[2024-08-29T23:16:09.141+0800] GC(1954) Eden regions: 4->0(832)
[2024-08-29T23:16:09.141+0800] GC(1954) Survivor regions: 0->1(107)
[2024-08-29T23:16:09.141+0800] GC(1954) Old regions: 1->1
[2024-08-29T23:16:09.141+0800] GC(1954) Archive regions: 2->2
[2024-08-29T23:16:09.141+0800] GC(1954) Humongous regions: 1021->1006
[2024-08-29T23:16:09.141+0800] GC(1954) Metaspace: 1630K(1792K)->1630K(1792K) NonClass: 1510K(1600K)->1510K(1600K) Class: 119K(192K)->119K(192K)
[2024-08-29T23:16:09.141+0800] GC(1954) Pause Young (Concurrent Start) (G1 Humongous Allocation) 1025M->1007M(2048M) 1.363ms
[2024-08-29T23:16:09.141+0800] GC(1954) User=0.00s Sys=0.01s Real=0.00s
[2024-08-29T23:16:09.141+0800] GC(1955) Concurrent Mark Cycle
[2024-08-29T23:16:09.141+0800] GC(1955) Concurrent Clear Claimed Marks
[2024-08-29T23:16:09.141+0800] GC(1955) Concurrent Clear Claimed Marks 0.005ms
[2024-08-29T23:16:09.141+0800] GC(1955) Concurrent Scan Root Regions
[2024-08-29T23:16:09.141+0800] GC(1955) Concurrent Scan Root Regions 0.070ms
[2024-08-29T23:16:09.141+0800] GC(1955) Concurrent Mark
[2024-08-29T23:16:09.141+0800] GC(1955) Concurrent Mark From Roots
[2024-08-29T23:16:09.141+0800] GC(1955) Using 2 workers of 2 for marking
[2024-08-29T23:16:09.143+0800] GC(1955) Concurrent Mark From Roots 2.335ms
[2024-08-29T23:16:09.143+0800] GC(1955) Concurrent Preclean
[2024-08-29T23:16:09.143+0800] GC(1955) Concurrent Preclean 0.093ms
[2024-08-29T23:16:09.144+0800] GC(1955) Pause Remark
[2024-08-29T23:16:09.145+0800] GC(1955) Pause Remark 1021M->1021M(2048M) 0.915ms
[2024-08-29T23:16:09.145+0800] GC(1955) User=0.00s Sys=0.00s Real=0.00s
[2024-08-29T23:16:09.145+0800] GC(1955) Concurrent Mark 4.449ms
[2024-08-29T23:16:09.145+0800] GC(1955) Concurrent Rebuild Remembered Sets
[2024-08-29T23:16:09.145+0800] GC(1955) Concurrent Rebuild Remembered Sets 0.006ms
[2024-08-29T23:16:09.146+0800] GC(1955) Pause Cleanup
[2024-08-29T23:16:09.146+0800] GC(1955) Pause Cleanup 1021M->1021M(2048M) 0.017ms
[2024-08-29T23:16:09.146+0800] GC(1955) User=0.00s Sys=0.00s Real=0.00s
[2024-08-29T23:16:09.146+0800] GC(1955) Concurrent Cleanup for Next Mark
[2024-08-29T23:16:09.149+0800] GC(1955) Concurrent Cleanup for Next Mark 3.529ms
[2024-08-29T23:16:09.149+0800] GC(1955) Concurrent Mark Cycle 8.450ms
[2024-08-29T23:16:09.149+0800] GC(1956) Pause Young (Concurrent Start) (G1 Humongous Allocation)
[2024-08-29T23:16:09.149+0800] GC(1956) Using 8 workers of 8 for evacuation
[2024-08-29T23:16:09.150+0800] GC(1956)   Pre Evacuate Collection Set: 0.2ms
[2024-08-29T23:16:09.150+0800] GC(1956)   Merge Heap Roots: 0.1ms
[2024-08-29T23:16:09.150+0800] GC(1956)   Evacuate Collection Set: 0.2ms
[2024-08-29T23:16:09.150+0800] GC(1956)   Post Evacuate Collection Set: 0.3ms
[2024-08-29T23:16:09.150+0800] GC(1956)   Other: 0.2ms
[2024-08-29T23:16:09.150+0800] GC(1956) Eden regions: 4->0(844)
[2024-08-29T23:16:09.150+0800] GC(1956) Survivor regions: 1->0(105)
[2024-08-29T23:16:09.150+0800] GC(1956) Old regions: 1->1
[2024-08-29T23:16:09.150+0800] GC(1956) Archive regions: 2->2
[2024-08-29T23:16:09.150+0800] GC(1956) Humongous regions: 1021->995
[2024-08-29T23:16:09.150+0800] GC(1956) Metaspace: 1630K(1792K)->1630K(1792K) NonClass: 1510K(1600K)->1510K(1600K) Class: 119K(192K)->119K(192K)
[2024-08-29T23:16:09.150+0800] GC(1956) Pause Young (Concurrent Start) (G1 Humongous Allocation) 1026M->996M(2048M) 0.984ms
[2024-08-29T23:16:09.150+0800] GC(1956) User=0.00s Sys=0.00s Real=0.00s
[2024-08-29T23:16:09.150+0800] GC(1957) Concurrent Mark Cycle
[2024-08-29T23:16:09.151+0800] GC(1957) Concurrent Clear Claimed Marks
[2024-08-29T23:16:09.151+0800] GC(1957) Concurrent Clear Claimed Marks 0.370ms
[2024-08-29T23:16:09.151+0800] GC(1957) Concurrent Scan Root Regions
[2024-08-29T23:16:09.151+0800] GC(1957) Concurrent Scan Root Regions 0.004ms
[2024-08-29T23:16:09.151+0800] GC(1957) Concurrent Mark
[2024-08-29T23:16:09.151+0800] GC(1957) Concurrent Mark From Roots
[2024-08-29T23:16:09.151+0800] GC(1957) Using 2 workers of 2 for marking
[2024-08-29T23:16:09.153+0800] GC(1957) Concurrent Mark From Roots 1.956ms
[2024-08-29T23:16:09.153+0800] GC(1957) Concurrent Preclean
[2024-08-29T23:16:09.153+0800] GC(1957) Concurrent Preclean 0.081ms
[2024-08-29T23:16:09.153+0800] GC(1957) Pause Remark
[2024-08-29T23:16:09.154+0800] GC(1957) Pause Remark 1005M->1005M(2048M) 0.871ms
[2024-08-29T23:16:09.154+0800] GC(1957) User=0.00s Sys=0.00s Real=0.00s
[2024-08-29T23:16:09.154+0800] GC(1957) Concurrent Mark 3.072ms
[2024-08-29T23:16:09.154+0800] GC(1957) Concurrent Rebuild Remembered Sets
[2024-08-29T23:16:09.154+0800] GC(1957) Concurrent Rebuild Remembered Sets 0.004ms
[2024-08-29T23:16:09.154+0800] GC(1957) Pause Cleanup
[2024-08-29T23:16:09.154+0800] GC(1957) Pause Cleanup 1008M->1008M(2048M) 0.014ms
[2024-08-29T23:16:09.154+0800] GC(1957) User=0.00s Sys=0.00s Real=0.00s
[2024-08-29T23:16:09.154+0800] GC(1957) Concurrent Cleanup for Next Mark
[2024-08-29T23:16:09.158+0800] GC(1957) Concurrent Cleanup for Next Mark 3.306ms
[2024-08-29T23:16:09.158+0800] GC(1957) Concurrent Mark Cycle 7.348ms
[2024-08-29T23:16:09.158+0800] GC(1958) Pause Young (Concurrent Start) (G1 Humongous Allocation)
[2024-08-29T23:16:09.158+0800] GC(1958) Using 8 workers of 8 for evacuation
[2024-08-29T23:16:09.159+0800] GC(1958)   Pre Evacuate Collection Set: 0.2ms
[2024-08-29T23:16:09.159+0800] GC(1958)   Merge Heap Roots: 0.1ms
[2024-08-29T23:16:09.159+0800] GC(1958)   Evacuate Collection Set: 0.4ms
[2024-08-29T23:16:09.159+0800] GC(1958)   Post Evacuate Collection Set: 0.3ms
[2024-08-29T23:16:09.159+0800] GC(1958)   Other: 0.1ms
[2024-08-29T23:16:09.159+0800] GC(1958) Eden regions: 3->0(864)
[2024-08-29T23:16:09.159+0800] GC(1958) Survivor regions: 0->0(106)
[2024-08-29T23:16:09.159+0800] GC(1958) Old regions: 1->1
[2024-08-29T23:16:09.159+0800] GC(1958) Archive regions: 2->2
[2024-08-29T23:16:09.159+0800] GC(1958) Humongous regions: 1005->975
[2024-08-29T23:16:09.159+0800] GC(1958) Metaspace: 1630K(1792K)->1630K(1792K) NonClass: 1510K(1600K)->1510K(1600K) Class: 119K(192K)->119K(192K)
[2024-08-29T23:16:09.159+0800] GC(1958) Pause Young (Concurrent Start) (G1 Humongous Allocation) 1009M->976M(2048M) 1.157ms
[2024-08-29T23:16:09.159+0800] GC(1958) User=0.00s Sys=0.00s Real=0.00s
[2024-08-29T23:16:09.160+0800] GC(1959) Concurrent Mark Cycle
[2024-08-29T23:16:09.160+0800] GC(1959) Concurrent Clear Claimed Marks
[2024-08-29T23:16:09.160+0800] GC(1959) Concurrent Clear Claimed Marks 0.006ms
[2024-08-29T23:16:09.160+0800] GC(1959) Concurrent Scan Root Regions
[2024-08-29T23:16:09.160+0800] GC(1959) Concurrent Scan Root Regions 0.004ms
[2024-08-29T23:16:09.160+0800] GC(1959) Concurrent Mark
[2024-08-29T23:16:09.160+0800] GC(1959) Concurrent Mark From Roots
[2024-08-29T23:16:09.160+0800] GC(1959) Using 2 workers of 2 for marking
[2024-08-29T23:16:09.162+0800] GC(1959) Concurrent Mark From Roots 2.303ms
[2024-08-29T23:16:09.162+0800] GC(1959) Concurrent Preclean
[2024-08-29T23:16:09.162+0800] GC(1959) Concurrent Preclean 0.086ms
[2024-08-29T23:16:09.163+0800] GC(1959) Pause Remark
[2024-08-29T23:16:09.164+0800] GC(1959) Pause Remark 994M->994M(2048M) 1.188ms
[2024-08-29T23:16:09.164+0800] GC(1959) User=0.00s Sys=0.00s Real=0.00s
[2024-08-29T23:16:09.165+0800] GC(1959) Concurrent Mark 5.013ms
[2024-08-29T23:16:09.165+0800] GC(1959) Concurrent Rebuild Remembered Sets
[2024-08-29T23:16:09.165+0800] GC(1959) Concurrent Rebuild Remembered Sets 0.005ms
[2024-08-29T23:16:09.165+0800] GC(1959) Pause Cleanup
[2024-08-29T23:16:09.165+0800] GC(1959) Pause Cleanup 999M->999M(2048M) 0.011ms
[2024-08-29T23:16:09.165+0800] GC(1959) User=0.00s Sys=0.00s Real=0.00s
[2024-08-29T23:16:09.165+0800] GC(1959) Concurrent Cleanup for Next Mark
[2024-08-29T23:16:09.170+0800] GC(1959) Concurrent Cleanup for Next Mark 4.149ms
[2024-08-29T23:16:09.170+0800] GC(1959) Concurrent Mark Cycle 10.030ms
[2024-08-29T23:16:09.170+0800] GC(1960) Pause Young (Concurrent Start) (G1 Humongous Allocation)
[2024-08-29T23:16:09.170+0800] GC(1960) Using 8 workers of 8 for evacuation
[2024-08-29T23:16:09.171+0800] GC(1960)   Pre Evacuate Collection Set: 0.2ms
[2024-08-29T23:16:09.171+0800] GC(1960)   Merge Heap Roots: 0.1ms
[2024-08-29T23:16:09.171+0800] GC(1960)   Evacuate Collection Set: 0.3ms
[2024-08-29T23:16:09.171+0800] GC(1960)   Post Evacuate Collection Set: 0.2ms
[2024-08-29T23:16:09.171+0800] GC(1960)   Other: 0.1ms
[2024-08-29T23:16:09.171+0800] GC(1960) Eden regions: 4->0(867)
[2024-08-29T23:16:09.171+0800] GC(1960) Survivor regions: 0->0(108)
[2024-08-29T23:16:09.171+0800] GC(1960) Old regions: 1->1
[2024-08-29T23:16:09.171+0800] GC(1960) Archive regions: 2->2
[2024-08-29T23:16:09.171+0800] GC(1960) Humongous regions: 1010->972
[2024-08-29T23:16:09.171+0800] GC(1960) Metaspace: 1630K(1792K)->1630K(1792K) NonClass: 1510K(1600K)->1510K(1600K) Class: 119K(192K)->119K(192K)
[2024-08-29T23:16:09.171+0800] GC(1960) Pause Young (Concurrent Start) (G1 Humongous Allocation) 1014M->973M(2048M) 0.981ms
[2024-08-29T23:16:09.171+0800] GC(1960) User=0.00s Sys=0.01s Real=0.00s
[2024-08-29T23:16:09.171+0800] GC(1961) Concurrent Mark Cycle
[2024-08-29T23:16:09.171+0800] GC(1961) Concurrent Clear Claimed Marks
[2024-08-29T23:16:09.171+0800] GC(1961) Concurrent Clear Claimed Marks 0.008ms
[2024-08-29T23:16:09.171+0800] GC(1961) Concurrent Scan Root Regions
[2024-08-29T23:16:09.171+0800] GC(1961) Concurrent Scan Root Regions 0.004ms
[2024-08-29T23:16:09.171+0800] GC(1961) Concurrent Mark
[2024-08-29T23:16:09.171+0800] GC(1961) Concurrent Mark From Roots
[2024-08-29T23:16:09.171+0800] GC(1961) Using 2 workers of 2 for marking
[2024-08-29T23:16:09.174+0800] GC(1961) Concurrent Mark From Roots 2.228ms
[2024-08-29T23:16:09.174+0800] GC(1961) Concurrent Preclean
[2024-08-29T23:16:09.174+0800] GC(1961) Concurrent Preclean 0.071ms
[2024-08-29T23:16:09.174+0800] GC(1961) Pause Remark
[2024-08-29T23:16:09.174+0800] GC(1961) Pause Remark 980M->980M(2048M) 0.750ms
[2024-08-29T23:16:09.174+0800] GC(1961) User=0.00s Sys=0.00s Real=0.00s
[2024-08-29T23:16:09.175+0800] GC(1961) Concurrent Mark 3.183ms
[2024-08-29T23:16:09.175+0800] GC(1961) Concurrent Rebuild Remembered Sets
[2024-08-29T23:16:09.175+0800] GC(1961) Concurrent Rebuild Remembered Sets 0.005ms
[2024-08-29T23:16:09.175+0800] GC(1961) Pause Cleanup
[2024-08-29T23:16:09.175+0800] GC(1961) Pause Cleanup 980M->980M(2048M) 0.011ms
[2024-08-29T23:16:09.175+0800] GC(1961) User=0.00s Sys=0.00s Real=0.00s
[2024-08-29T23:16:09.175+0800] GC(1961) Concurrent Cleanup for Next Mark
[2024-08-29T23:16:09.180+0800] GC(1961) Concurrent Cleanup for Next Mark 5.199ms
[2024-08-29T23:16:09.180+0800] GC(1961) Concurrent Mark Cycle 8.580ms
[2024-08-29T23:16:09.180+0800] GC(1962) Pause Young (Concurrent Start) (G1 Humongous Allocation)
[2024-08-29T23:16:09.180+0800] GC(1962) Using 8 workers of 8 for evacuation
[2024-08-29T23:16:09.181+0800] GC(1962)   Pre Evacuate Collection Set: 0.2ms
[2024-08-29T23:16:09.181+0800] GC(1962)   Merge Heap Roots: 0.1ms
[2024-08-29T23:16:09.181+0800] GC(1962)   Evacuate Collection Set: 0.4ms
[2024-08-29T23:16:09.181+0800] GC(1962)   Post Evacuate Collection Set: 0.3ms
[2024-08-29T23:16:09.181+0800] GC(1962)   Other: 0.1ms
[2024-08-29T23:16:09.181+0800] GC(1962) Eden regions: 4->0(865)
[2024-08-29T23:16:09.181+0800] GC(1962) Survivor regions: 0->0(109)
[2024-08-29T23:16:09.181+0800] GC(1962) Old regions: 1->1
[2024-08-29T23:16:09.181+0800] GC(1962) Archive regions: 2->2
[2024-08-29T23:16:09.181+0800] GC(1962) Humongous regions: 993->974
[2024-08-29T23:16:09.181+0800] GC(1962) Metaspace: 1630K(1792K)->1630K(1792K) NonClass: 1510K(1600K)->1510K(1600K) Class: 119K(192K)->119K(192K)
[2024-08-29T23:16:09.181+0800] GC(1962) Pause Young (Concurrent Start) (G1 Humongous Allocation) 997M->975M(2048M) 1.157ms
[2024-08-29T23:16:09.182+0800] GC(1962) User=0.00s Sys=0.00s Real=0.00s
[2024-08-29T23:16:09.182+0800] GC(1963) Concurrent Mark Cycle
[2024-08-29T23:16:09.182+0800] GC(1963) Concurrent Clear Claimed Marks
[2024-08-29T23:16:09.182+0800] GC(1963) Concurrent Clear Claimed Marks 0.005ms
[2024-08-29T23:16:09.182+0800] GC(1963) Concurrent Scan Root Regions
[2024-08-29T23:16:09.182+0800] GC(1963) Concurrent Scan Root Regions 0.004ms
[2024-08-29T23:16:09.182+0800] GC(1963) Concurrent Mark
[2024-08-29T23:16:09.182+0800] GC(1963) Concurrent Mark From Roots
[2024-08-29T23:16:09.182+0800] GC(1963) Using 2 workers of 2 for marking
[2024-08-29T23:16:09.184+0800] GC(1963) Concurrent Mark From Roots 2.085ms
[2024-08-29T23:16:09.184+0800] GC(1963) Concurrent Preclean
[2024-08-29T23:16:09.184+0800] GC(1963) Concurrent Preclean 0.086ms
[2024-08-29T23:16:09.184+0800] GC(1963) Pause Remark
[2024-08-29T23:16:09.185+0800] GC(1963) Pause Remark 981M->981M(2048M) 0.850ms
[2024-08-29T23:16:09.185+0800] GC(1963) User=0.00s Sys=0.00s Real=0.00s
[2024-08-29T23:16:09.185+0800] GC(1963) Concurrent Mark 3.138ms
[2024-08-29T23:16:09.185+0800] GC(1963) Concurrent Rebuild Remembered Sets
[2024-08-29T23:16:09.185+0800] GC(1963) Concurrent Rebuild Remembered Sets 0.005ms
[2024-08-29T23:16:09.185+0800] GC(1963) Pause Cleanup
[2024-08-29T23:16:09.185+0800] GC(1963) Pause Cleanup 983M->983M(2048M) 0.010ms
[2024-08-29T23:16:09.185+0800] GC(1963) User=0.00s Sys=0.00s Real=0.00s
[2024-08-29T23:16:09.185+0800] GC(1963) Concurrent Cleanup for Next Mark
[2024-08-29T23:16:09.188+0800] GC(1963) Concurrent Cleanup for Next Mark 3.423ms
[2024-08-29T23:16:09.188+0800] GC(1963) Concurrent Mark Cycle 6.802ms
[2024-08-29T23:16:09.189+0800] GC(1964) Pause Young (Concurrent Start) (G1 Humongous Allocation)
[2024-08-29T23:16:09.189+0800] GC(1964) Using 8 workers of 8 for evacuation
[2024-08-29T23:16:09.190+0800] GC(1964)   Pre Evacuate Collection Set: 0.2ms
[2024-08-29T23:16:09.190+0800] GC(1964)   Merge Heap Roots: 0.1ms
[2024-08-29T23:16:09.190+0800] GC(1964)   Evacuate Collection Set: 0.3ms
[2024-08-29T23:16:09.190+0800] GC(1964)   Post Evacuate Collection Set: 0.3ms
[2024-08-29T23:16:09.190+0800] GC(1964)   Other: 0.1ms
[2024-08-29T23:16:09.190+0800] GC(1964) Eden regions: 3->0(879)
[2024-08-29T23:16:09.190+0800] GC(1964) Survivor regions: 0->0(109)
[2024-08-29T23:16:09.190+0800] GC(1964) Old regions: 1->1
[2024-08-29T23:16:09.190+0800] GC(1964) Archive regions: 2->2
[2024-08-29T23:16:09.190+0800] GC(1964) Humongous regions: 983->960
[2024-08-29T23:16:09.190+0800] GC(1964) Metaspace: 1630K(1792K)->1630K(1792K) NonClass: 1510K(1600K)->1510K(1600K) Class: 119K(192K)->119K(192K)
[2024-08-29T23:16:09.190+0800] GC(1964) Pause Young (Concurrent Start) (G1 Humongous Allocation) 987M->961M(2048M) 0.972ms
[2024-08-29T23:16:09.190+0800] GC(1964) User=0.00s Sys=0.00s Real=0.00s
[2024-08-29T23:16:09.190+0800] GC(1965) Concurrent Mark Cycle
[2024-08-29T23:16:09.190+0800] GC(1965) Concurrent Clear Claimed Marks
[2024-08-29T23:16:09.190+0800] GC(1965) Concurrent Clear Claimed Marks 0.005ms
[2024-08-29T23:16:09.190+0800] GC(1965) Concurrent Scan Root Regions
[2024-08-29T23:16:09.190+0800] GC(1965) Concurrent Scan Root Regions 0.004ms
[2024-08-29T23:16:09.190+0800] GC(1965) Concurrent Mark
[2024-08-29T23:16:09.190+0800] GC(1965) Concurrent Mark From Roots
[2024-08-29T23:16:09.190+0800] GC(1965) Using 2 workers of 2 for marking
[2024-08-29T23:16:09.194+0800] GC(1965) Concurrent Mark From Roots 3.434ms
[2024-08-29T23:16:09.194+0800] GC(1965) Concurrent Preclean
[2024-08-29T23:16:09.194+0800] GC(1965) Concurrent Preclean 0.079ms
[2024-08-29T23:16:09.195+0800] GC(1965) Pause Remark
[2024-08-29T23:16:09.196+0800] GC(1965) Pause Remark 984M->984M(2048M) 1.029ms
[2024-08-29T23:16:09.196+0800] GC(1965) User=0.00s Sys=0.01s Real=0.00s
[2024-08-29T23:16:09.196+0800] GC(1965) Concurrent Mark 6.021ms
[2024-08-29T23:16:09.196+0800] GC(1965) Concurrent Rebuild Remembered Sets
[2024-08-29T23:16:09.196+0800] GC(1965) Concurrent Rebuild Remembered Sets 0.006ms
[2024-08-29T23:16:09.197+0800] GC(1965) Pause Cleanup
[2024-08-29T23:16:09.197+0800] GC(1965) Pause Cleanup 985M->985M(2048M) 0.015ms
[2024-08-29T23:16:09.197+0800] GC(1965) User=0.00s Sys=0.00s Real=0.00s
[2024-08-29T23:16:09.197+0800] GC(1965) Concurrent Cleanup for Next Mark
[2024-08-29T23:16:09.202+0800] GC(1965) Concurrent Cleanup for Next Mark 4.989ms
[2024-08-29T23:16:09.202+0800] GC(1965) Concurrent Mark Cycle 12.063ms
[2024-08-29T23:16:09.203+0800] GC(1966) Pause Young (Concurrent Start) (G1 Humongous Allocation)
[2024-08-29T23:16:09.203+0800] GC(1966) Using 8 workers of 8 for evacuation
[2024-08-29T23:16:09.204+0800] GC(1966)   Pre Evacuate Collection Set: 0.2ms
[2024-08-29T23:16:09.204+0800] GC(1966)   Merge Heap Roots: 0.1ms
[2024-08-29T23:16:09.204+0800] GC(1966)   Evacuate Collection Set: 0.3ms
[2024-08-29T23:16:09.204+0800] GC(1966)   Post Evacuate Collection Set: 0.3ms
[2024-08-29T23:16:09.204+0800] GC(1966)   Other: 0.1ms
[2024-08-29T23:16:09.204+0800] GC(1966) Eden regions: 3->0(857)
[2024-08-29T23:16:09.204+0800] GC(1966) Survivor regions: 0->0(110)
[2024-08-29T23:16:09.204+0800] GC(1966) Old regions: 1->1
[2024-08-29T23:16:09.204+0800] GC(1966) Archive regions: 2->2
[2024-08-29T23:16:09.204+0800] GC(1966) Humongous regions: 999->982
[2024-08-29T23:16:09.204+0800] GC(1966) Metaspace: 1630K(1792K)->1630K(1792K) NonClass: 1510K(1600K)->1510K(1600K) Class: 119K(192K)->119K(192K)
[2024-08-29T23:16:09.204+0800] GC(1966) Pause Young (Concurrent Start) (G1 Humongous Allocation) 1003M->983M(2048M) 1.131ms
[2024-08-29T23:16:09.204+0800] GC(1966) User=0.00s Sys=0.00s Real=0.00s
[2024-08-29T23:16:09.205+0800] GC(1967) Concurrent Mark Cycle
[2024-08-29T23:16:09.205+0800] GC(1967) Concurrent Clear Claimed Marks
[2024-08-29T23:16:09.205+0800] GC(1967) Concurrent Clear Claimed Marks 0.005ms
[2024-08-29T23:16:09.205+0800] GC(1967) Concurrent Scan Root Regions
[2024-08-29T23:16:09.205+0800] GC(1967) Concurrent Scan Root Regions 0.004ms
[2024-08-29T23:16:09.205+0800] GC(1967) Concurrent Mark
[2024-08-29T23:16:09.205+0800] GC(1967) Concurrent Mark From Roots
[2024-08-29T23:16:09.205+0800] GC(1967) Using 2 workers of 2 for marking
[2024-08-29T23:16:09.207+0800] GC(1967) Concurrent Mark From Roots 2.229ms
[2024-08-29T23:16:09.207+0800] GC(1967) Concurrent Preclean
[2024-08-29T23:16:09.207+0800] GC(1967) Concurrent Preclean 0.087ms
[2024-08-29T23:16:09.207+0800] GC(1967) Pause Remark
[2024-08-29T23:16:09.208+0800] GC(1967) Pause Remark 994M->994M(2048M) 0.914ms
[2024-08-29T23:16:09.208+0800] GC(1967) User=0.00s Sys=0.00s Real=0.00s
[2024-08-29T23:16:09.208+0800] GC(1967) Concurrent Mark 3.339ms
[2024-08-29T23:16:09.208+0800] GC(1967) Concurrent Rebuild Remembered Sets
[2024-08-29T23:16:09.208+0800] GC(1967) Concurrent Rebuild Remembered Sets 0.005ms
[2024-08-29T23:16:09.209+0800] GC(1967) Pause Cleanup
[2024-08-29T23:16:09.209+0800] GC(1967) Pause Cleanup 999M->999M(2048M) 0.024ms
[2024-08-29T23:16:09.209+0800] GC(1967) User=0.00s Sys=0.00s Real=0.00s
[2024-08-29T23:16:09.209+0800] GC(1967) Concurrent Cleanup for Next Mark
[2024-08-29T23:16:09.215+0800] GC(1967) Concurrent Cleanup for Next Mark 5.267ms
[2024-08-29T23:16:09.215+0800] GC(1967) Concurrent Mark Cycle 10.286ms
[2024-08-29T23:16:09.217+0800] GC(1968) Pause Young (Concurrent Start) (G1 Humongous Allocation)
[2024-08-29T23:16:09.217+0800] GC(1968) Using 8 workers of 8 for evacuation
[2024-08-29T23:16:09.218+0800] GC(1968)   Pre Evacuate Collection Set: 0.2ms
[2024-08-29T23:16:09.218+0800] GC(1968)   Merge Heap Roots: 0.1ms
[2024-08-29T23:16:09.218+0800] GC(1968)   Evacuate Collection Set: 0.3ms
[2024-08-29T23:16:09.218+0800] GC(1968)   Post Evacuate Collection Set: 0.3ms
[2024-08-29T23:16:09.219+0800] GC(1968)   Other: 0.1ms
[2024-08-29T23:16:09.219+0800] GC(1968) Eden regions: 4->0(854)
[2024-08-29T23:16:09.219+0800] GC(1968) Survivor regions: 0->0(108)
[2024-08-29T23:16:09.219+0800] GC(1968) Old regions: 1->1
[2024-08-29T23:16:09.219+0800] GC(1968) Archive regions: 2->2
[2024-08-29T23:16:09.219+0800] GC(1968) Humongous regions: 1015->985
[2024-08-29T23:16:09.219+0800] GC(1968) Metaspace: 1630K(1792K)->1630K(1792K) NonClass: 1510K(1600K)->1510K(1600K) Class: 119K(192K)->119K(192K)
[2024-08-29T23:16:09.219+0800] GC(1968) Pause Young (Concurrent Start) (G1 Humongous Allocation) 1019M->986M(2048M) 1.107ms
[2024-08-29T23:16:09.219+0800] GC(1968) User=0.00s Sys=0.00s Real=0.00s
[2024-08-29T23:16:09.219+0800] GC(1969) Concurrent Mark Cycle
[2024-08-29T23:16:09.219+0800] GC(1969) Concurrent Clear Claimed Marks
[2024-08-29T23:16:09.219+0800] GC(1969) Concurrent Clear Claimed Marks 0.005ms
[2024-08-29T23:16:09.219+0800] GC(1969) Concurrent Scan Root Regions
[2024-08-29T23:16:09.219+0800] GC(1969) Concurrent Scan Root Regions 0.004ms
[2024-08-29T23:16:09.219+0800] GC(1969) Concurrent Mark
[2024-08-29T23:16:09.219+0800] GC(1969) Concurrent Mark From Roots
[2024-08-29T23:16:09.219+0800] GC(1969) Using 2 workers of 2 for marking
[2024-08-29T23:16:09.222+0800] GC(1969) Concurrent Mark From Roots 3.496ms
[2024-08-29T23:16:09.222+0800] GC(1969) Concurrent Preclean
[2024-08-29T23:16:09.222+0800] GC(1969) Concurrent Preclean 0.091ms
[2024-08-29T23:16:09.222+0800] GC(1969) Pause Remark
[2024-08-29T23:16:09.223+0800] GC(1969) Pause Remark 1009M->1009M(2048M) 0.901ms
[2024-08-29T23:16:09.223+0800] GC(1969) User=0.01s Sys=0.01s Real=0.01s
[2024-08-29T23:16:09.223+0800] GC(1969) Concurrent Mark 4.601ms
[2024-08-29T23:16:09.223+0800] GC(1969) Concurrent Rebuild Remembered Sets
[2024-08-29T23:16:09.223+0800] GC(1969) Concurrent Rebuild Remembered Sets 0.004ms
[2024-08-29T23:16:09.224+0800] GC(1969) Pause Cleanup
[2024-08-29T23:16:09.224+0800] GC(1969) Pause Cleanup 1012M->1012M(2048M) 0.019ms
[2024-08-29T23:16:09.224+0800] GC(1969) User=0.00s Sys=0.00s Real=0.00s
[2024-08-29T23:16:09.224+0800] GC(1969) Concurrent Cleanup for Next Mark
[2024-08-29T23:16:09.229+0800] GC(1969) Concurrent Cleanup for Next Mark 4.635ms
[2024-08-29T23:16:09.229+0800] GC(1969) Concurrent Mark Cycle 10.570ms
[2024-08-29T23:16:09.230+0800] GC(1970) Pause Young (Concurrent Start) (G1 Humongous Allocation)
[2024-08-29T23:16:09.230+0800] GC(1970) Using 8 workers of 8 for evacuation
[2024-08-29T23:16:09.232+0800] GC(1970)   Pre Evacuate Collection Set: 0.2ms
[2024-08-29T23:16:09.232+0800] GC(1970)   Merge Heap Roots: 0.1ms
[2024-08-29T23:16:09.232+0800] GC(1970)   Evacuate Collection Set: 0.3ms
[2024-08-29T23:16:09.232+0800] GC(1970)   Post Evacuate Collection Set: 0.3ms
[2024-08-29T23:16:09.232+0800] GC(1970)   Other: 0.1ms
[2024-08-29T23:16:09.232+0800] GC(1970) Eden regions: 4->0(841)
[2024-08-29T23:16:09.232+0800] GC(1970) Survivor regions: 0->0(107)
[2024-08-29T23:16:09.232+0800] GC(1970) Old regions: 1->1
[2024-08-29T23:16:09.232+0800] GC(1970) Archive regions: 2->2
[2024-08-29T23:16:09.232+0800] GC(1970) Humongous regions: 1021->998
[2024-08-29T23:16:09.232+0800] GC(1970) Metaspace: 1630K(1792K)->1630K(1792K) NonClass: 1510K(1600K)->1510K(1600K) Class: 119K(192K)->119K(192K)
[2024-08-29T23:16:09.232+0800] GC(1970) Pause Young (Concurrent Start) (G1 Humongous Allocation) 1026M->999M(2048M) 1.140ms
[2024-08-29T23:16:09.232+0800] GC(1970) User=0.00s Sys=0.00s Real=0.00s
[2024-08-29T23:16:09.232+0800] GC(1971) Concurrent Mark Cycle
[2024-08-29T23:16:09.232+0800] GC(1971) Concurrent Clear Claimed Marks
[2024-08-29T23:16:09.232+0800] GC(1971) Concurrent Clear Claimed Marks 0.005ms
[2024-08-29T23:16:09.232+0800] GC(1971) Concurrent Scan Root Regions
[2024-08-29T23:16:09.232+0800] GC(1971) Concurrent Scan Root Regions 0.004ms
[2024-08-29T23:16:09.232+0800] GC(1971) Concurrent Mark
[2024-08-29T23:16:09.232+0800] GC(1971) Concurrent Mark From Roots
[2024-08-29T23:16:09.232+0800] GC(1971) Using 2 workers of 2 for marking
[2024-08-29T23:16:09.234+0800] GC(1971) Concurrent Mark From Roots 2.063ms
[2024-08-29T23:16:09.234+0800] GC(1971) Concurrent Preclean
[2024-08-29T23:16:09.234+0800] GC(1971) Concurrent Preclean 0.088ms
[2024-08-29T23:16:09.234+0800] GC(1971) Pause Remark
[2024-08-29T23:16:09.235+0800] GC(1971) Pause Remark 1002M->1002M(2048M) 0.912ms
[2024-08-29T23:16:09.235+0800] GC(1971) User=0.00s Sys=0.00s Real=0.00s
[2024-08-29T23:16:09.235+0800] GC(1971) Concurrent Mark 3.163ms
[2024-08-29T23:16:09.235+0800] GC(1971) Concurrent Rebuild Remembered Sets
[2024-08-29T23:16:09.235+0800] GC(1971) Concurrent Rebuild Remembered Sets 0.004ms
[2024-08-29T23:16:09.235+0800] GC(1971) Pause Cleanup
[2024-08-29T23:16:09.235+0800] GC(1971) Pause Cleanup 1002M->1002M(2048M) 0.006ms
[2024-08-29T23:16:09.235+0800] GC(1971) User=0.00s Sys=0.00s Real=0.00s
[2024-08-29T23:16:09.235+0800] GC(1971) Concurrent Cleanup for Next Mark
[2024-08-29T23:16:09.238+0800] GC(1971) Concurrent Cleanup for Next Mark 3.448ms
[2024-08-29T23:16:09.238+0800] GC(1971) Concurrent Mark Cycle 6.764ms
[2024-08-29T23:16:09.240+0800] GC(1972) Pause Young (Concurrent Start) (G1 Humongous Allocation)
[2024-08-29T23:16:09.241+0800] GC(1972) Using 8 workers of 8 for evacuation
[2024-08-29T23:16:09.242+0800] GC(1972)   Pre Evacuate Collection Set: 0.2ms
[2024-08-29T23:16:09.242+0800] GC(1972)   Merge Heap Roots: 0.1ms
[2024-08-29T23:16:09.242+0800] GC(1972)   Evacuate Collection Set: 0.4ms
[2024-08-29T23:16:09.242+0800] GC(1972)   Post Evacuate Collection Set: 0.6ms
[2024-08-29T23:16:09.242+0800] GC(1972)   Other: 0.2ms
[2024-08-29T23:16:09.242+0800] GC(1972) Eden regions: 4->0(860)
[2024-08-29T23:16:09.242+0800] GC(1972) Survivor regions: 0->0(106)
[2024-08-29T23:16:09.242+0800] GC(1972) Old regions: 1->1
[2024-08-29T23:16:09.242+0800] GC(1972) Archive regions: 2->2
[2024-08-29T23:16:09.242+0800] GC(1972) Humongous regions: 1006->979
[2024-08-29T23:16:09.242+0800] GC(1972) Metaspace: 1630K(1792K)->1630K(1792K) NonClass: 1510K(1600K)->1510K(1600K) Class: 119K(192K)->119K(192K)
[2024-08-29T23:16:09.242+0800] GC(1972) Pause Young (Concurrent Start) (G1 Humongous Allocation) 1010M->980M(2048M) 1.582ms
[2024-08-29T23:16:09.242+0800] GC(1972) User=0.00s Sys=0.00s Real=0.00s
[2024-08-29T23:16:09.242+0800] GC(1973) Concurrent Mark Cycle
[2024-08-29T23:16:09.242+0800] GC(1973) Concurrent Clear Claimed Marks
[2024-08-29T23:16:09.242+0800] GC(1973) Concurrent Clear Claimed Marks 0.006ms
[2024-08-29T23:16:09.242+0800] GC(1973) Concurrent Scan Root Regions
[2024-08-29T23:16:09.242+0800] GC(1973) Concurrent Scan Root Regions 0.005ms
[2024-08-29T23:16:09.242+0800] GC(1973) Concurrent Mark
[2024-08-29T23:16:09.242+0800] GC(1973) Concurrent Mark From Roots
[2024-08-29T23:16:09.242+0800] GC(1973) Using 2 workers of 2 for marking
[2024-08-29T23:16:09.246+0800] GC(1973) Concurrent Mark From Roots 3.814ms
[2024-08-29T23:16:09.246+0800] GC(1973) Concurrent Preclean
[2024-08-29T23:16:09.246+0800] GC(1973) Concurrent Preclean 0.090ms
[2024-08-29T23:16:09.246+0800] GC(1973) Pause Remark
[2024-08-29T23:16:09.247+0800] GC(1973) Pause Remark 1003M->1003M(2048M) 0.957ms
[2024-08-29T23:16:09.247+0800] GC(1973) User=0.00s Sys=0.00s Real=0.00s
[2024-08-29T23:16:09.247+0800] GC(1973) Concurrent Mark 5.009ms
[2024-08-29T23:16:09.247+0800] GC(1973) Concurrent Rebuild Remembered Sets
[2024-08-29T23:16:09.247+0800] GC(1973) Concurrent Rebuild Remembered Sets 0.004ms
[2024-08-29T23:16:09.247+0800] GC(1973) Pause Cleanup
[2024-08-29T23:16:09.247+0800] GC(1973) Pause Cleanup 1006M->1006M(2048M) 0.019ms
[2024-08-29T23:16:09.247+0800] GC(1973) User=0.00s Sys=0.00s Real=0.00s
[2024-08-29T23:16:09.247+0800] GC(1973) Concurrent Cleanup for Next Mark
[2024-08-29T23:16:09.251+0800] GC(1973) Concurrent Cleanup for Next Mark 3.472ms
[2024-08-29T23:16:09.251+0800] GC(1973) Concurrent Mark Cycle 8.893ms
[2024-08-29T23:16:09.252+0800] GC(1974) Pause Young (Concurrent Start) (G1 Humongous Allocation)
[2024-08-29T23:16:09.252+0800] GC(1974) Using 8 workers of 8 for evacuation
[2024-08-29T23:16:09.254+0800] GC(1974)   Pre Evacuate Collection Set: 0.3ms
[2024-08-29T23:16:09.254+0800] GC(1974)   Merge Heap Roots: 0.1ms
[2024-08-29T23:16:09.254+0800] GC(1974)   Evacuate Collection Set: 0.5ms
[2024-08-29T23:16:09.254+0800] GC(1974)   Post Evacuate Collection Set: 0.3ms
[2024-08-29T23:16:09.254+0800] GC(1974)   Other: 0.1ms
[2024-08-29T23:16:09.254+0800] GC(1974) Eden regions: 4->0(856)
[2024-08-29T23:16:09.254+0800] GC(1974) Survivor regions: 0->0(108)
[2024-08-29T23:16:09.254+0800] GC(1974) Old regions: 1->1
[2024-08-29T23:16:09.254+0800] GC(1974) Archive regions: 2->2
[2024-08-29T23:16:09.254+0800] GC(1974) Humongous regions: 1003->983
[2024-08-29T23:16:09.254+0800] GC(1974) Metaspace: 1630K(1792K)->1630K(1792K) NonClass: 1510K(1600K)->1510K(1600K) Class: 119K(192K)->119K(192K)
[2024-08-29T23:16:09.254+0800] GC(1974) Pause Young (Concurrent Start) (G1 Humongous Allocation) 1008M->984M(2048M) 1.341ms
[2024-08-29T23:16:09.254+0800] GC(1974) User=0.00s Sys=0.00s Real=0.00s
[2024-08-29T23:16:09.254+0800] GC(1975) Concurrent Mark Cycle
[2024-08-29T23:16:09.254+0800] GC(1975) Concurrent Clear Claimed Marks
[2024-08-29T23:16:09.254+0800] GC(1975) Concurrent Clear Claimed Marks 0.028ms
[2024-08-29T23:16:09.254+0800] GC(1975) Concurrent Scan Root Regions
[2024-08-29T23:16:09.254+0800] GC(1975) Concurrent Scan Root Regions 0.004ms
[2024-08-29T23:16:09.254+0800] GC(1975) Concurrent Mark
[2024-08-29T23:16:09.254+0800] GC(1975) Concurrent Mark From Roots
[2024-08-29T23:16:09.254+0800] GC(1975) Using 2 workers of 2 for marking
[2024-08-29T23:16:09.257+0800] GC(1975) Concurrent Mark From Roots 2.756ms
[2024-08-29T23:16:09.257+0800] GC(1975) Concurrent Preclean
[2024-08-29T23:16:09.257+0800] GC(1975) Concurrent Preclean 0.088ms
[2024-08-29T23:16:09.257+0800] GC(1975) Pause Remark
[2024-08-29T23:16:09.258+0800] GC(1975) Pause Remark 993M->993M(2048M) 1.216ms
[2024-08-29T23:16:09.258+0800] GC(1975) User=0.00s Sys=0.00s Real=0.00s
[2024-08-29T23:16:09.258+0800] GC(1975) Concurrent Mark 4.210ms
[2024-08-29T23:16:09.258+0800] GC(1975) Concurrent Rebuild Remembered Sets
[2024-08-29T23:16:09.258+0800] GC(1975) Concurrent Rebuild Remembered Sets 0.005ms
[2024-08-29T23:16:09.258+0800] GC(1975) Pause Cleanup
[2024-08-29T23:16:09.258+0800] GC(1975) Pause Cleanup 994M->994M(2048M) 0.011ms
[2024-08-29T23:16:09.258+0800] GC(1975) User=0.00s Sys=0.00s Real=0.00s
[2024-08-29T23:16:09.258+0800] GC(1975) Concurrent Cleanup for Next Mark
[2024-08-29T23:16:09.262+0800] GC(1975) Concurrent Cleanup for Next Mark 4.222ms
[2024-08-29T23:16:09.262+0800] GC(1975) Concurrent Mark Cycle 8.632ms
[2024-08-29T23:16:09.263+0800] GC(1976) Pause Young (Concurrent Start) (G1 Humongous Allocation)
[2024-08-29T23:16:09.263+0800] GC(1976) Using 8 workers of 8 for evacuation
[2024-08-29T23:16:09.264+0800] GC(1976)   Pre Evacuate Collection Set: 0.2ms
[2024-08-29T23:16:09.264+0800] GC(1976)   Merge Heap Roots: 0.1ms
[2024-08-29T23:16:09.264+0800] GC(1976)   Evacuate Collection Set: 0.3ms
[2024-08-29T23:16:09.264+0800] GC(1976)   Post Evacuate Collection Set: 0.3ms
[2024-08-29T23:16:09.264+0800] GC(1976)   Other: 0.1ms
[2024-08-29T23:16:09.264+0800] GC(1976) Eden regions: 3->0(855)
[2024-08-29T23:16:09.264+0800] GC(1976) Survivor regions: 0->0(107)
[2024-08-29T23:16:09.264+0800] GC(1976) Old regions: 1->1
[2024-08-29T23:16:09.264+0800] GC(1976) Archive regions: 2->2
[2024-08-29T23:16:09.264+0800] GC(1976) Humongous regions: 1002->984
[2024-08-29T23:16:09.264+0800] GC(1976) Metaspace: 1630K(1792K)->1630K(1792K) NonClass: 1510K(1600K)->1510K(1600K) Class: 119K(192K)->119K(192K)
[2024-08-29T23:16:09.264+0800] GC(1976) Pause Young (Concurrent Start) (G1 Humongous Allocation) 1006M->985M(2048M) 1.070ms
[2024-08-29T23:16:09.264+0800] GC(1976) User=0.01s Sys=0.00s Real=0.00s
[2024-08-29T23:16:09.265+0800] GC(1977) Concurrent Mark Cycle
[2024-08-29T23:16:09.265+0800] GC(1977) Concurrent Clear Claimed Marks
[2024-08-29T23:16:09.265+0800] GC(1977) Concurrent Clear Claimed Marks 0.006ms
[2024-08-29T23:16:09.265+0800] GC(1977) Concurrent Scan Root Regions
[2024-08-29T23:16:09.265+0800] GC(1977) Concurrent Scan Root Regions 0.004ms
[2024-08-29T23:16:09.265+0800] GC(1977) Concurrent Mark
[2024-08-29T23:16:09.265+0800] GC(1977) Concurrent Mark From Roots
[2024-08-29T23:16:09.265+0800] GC(1977) Using 2 workers of 2 for marking
[2024-08-29T23:16:09.267+0800] GC(1977) Concurrent Mark From Roots 2.259ms
[2024-08-29T23:16:09.267+0800] GC(1977) Concurrent Preclean
[2024-08-29T23:16:09.267+0800] GC(1977) Concurrent Preclean 0.088ms
[2024-08-29T23:16:09.267+0800] GC(1977) Pause Remark
[2024-08-29T23:16:09.268+0800] GC(1977) Pause Remark 994M->994M(2048M) 0.881ms
[2024-08-29T23:16:09.268+0800] GC(1977) User=0.00s Sys=0.00s Real=0.00s
[2024-08-29T23:16:09.268+0800] GC(1977) Concurrent Mark 3.371ms
[2024-08-29T23:16:09.268+0800] GC(1977) Concurrent Rebuild Remembered Sets
[2024-08-29T23:16:09.268+0800] GC(1977) Concurrent Rebuild Remembered Sets 0.005ms
[2024-08-29T23:16:09.268+0800] GC(1977) Pause Cleanup
[2024-08-29T23:16:09.268+0800] GC(1977) Pause Cleanup 995M->995M(2048M) 0.010ms
[2024-08-29T23:16:09.268+0800] GC(1977) User=0.00s Sys=0.00s Real=0.00s
[2024-08-29T23:16:09.268+0800] GC(1977) Concurrent Cleanup for Next Mark
[2024-08-29T23:16:09.271+0800] GC(1977) Concurrent Cleanup for Next Mark 3.353ms
[2024-08-29T23:16:09.271+0800] GC(1977) Concurrent Mark Cycle 6.884ms
[2024-08-29T23:16:09.274+0800] GC(1978) Pause Young (Concurrent Start) (G1 Humongous Allocation)
[2024-08-29T23:16:09.274+0800] GC(1978) Using 8 workers of 8 for evacuation
[2024-08-29T23:16:09.275+0800] GC(1978)   Pre Evacuate Collection Set: 0.2ms
[2024-08-29T23:16:09.275+0800] GC(1978)   Merge Heap Roots: 0.1ms
[2024-08-29T23:16:09.275+0800] GC(1978)   Evacuate Collection Set: 0.2ms
[2024-08-29T23:16:09.275+0800] GC(1978)   Post Evacuate Collection Set: 0.3ms
[2024-08-29T23:16:09.275+0800] GC(1978)   Other: 0.1ms
[2024-08-29T23:16:09.275+0800] GC(1978) Eden regions: 3->0(874)
[2024-08-29T23:16:09.275+0800] GC(1978) Survivor regions: 0->0(107)
[2024-08-29T23:16:09.275+0800] GC(1978) Old regions: 1->1
[2024-08-29T23:16:09.275+0800] GC(1978) Archive regions: 2->2
[2024-08-29T23:16:09.275+0800] GC(1978) Humongous regions: 993->965
[2024-08-29T23:16:09.275+0800] GC(1978) Metaspace: 1630K(1792K)->1630K(1792K) NonClass: 1510K(1600K)->1510K(1600K) Class: 119K(192K)->119K(192K)
[2024-08-29T23:16:09.275+0800] GC(1978) Pause Young (Concurrent Start) (G1 Humongous Allocation) 997M->966M(2048M) 0.858ms
[2024-08-29T23:16:09.275+0800] GC(1978) User=0.00s Sys=0.00s Real=0.00s
[2024-08-29T23:16:09.275+0800] GC(1979) Concurrent Mark Cycle
[2024-08-29T23:16:09.275+0800] GC(1979) Concurrent Clear Claimed Marks
[2024-08-29T23:16:09.275+0800] GC(1979) Concurrent Clear Claimed Marks 0.006ms
[2024-08-29T23:16:09.275+0800] GC(1979) Concurrent Scan Root Regions
[2024-08-29T23:16:09.275+0800] GC(1979) Concurrent Scan Root Regions 0.004ms
[2024-08-29T23:16:09.275+0800] GC(1979) Concurrent Mark
[2024-08-29T23:16:09.275+0800] GC(1979) Concurrent Mark From Roots
[2024-08-29T23:16:09.275+0800] GC(1979) Using 2 workers of 2 for marking
[2024-08-29T23:16:09.277+0800] GC(1979) Concurrent Mark From Roots 1.910ms
[2024-08-29T23:16:09.277+0800] GC(1979) Concurrent Preclean
[2024-08-29T23:16:09.277+0800] GC(1979) Concurrent Preclean 0.097ms
[2024-08-29T23:16:09.278+0800] GC(1979) Pause Remark
[2024-08-29T23:16:09.279+0800] GC(1979) Pause Remark 979M->979M(2048M) 1.097ms
[2024-08-29T23:16:09.280+0800] GC(1979) User=0.00s Sys=0.00s Real=0.00s
[2024-08-29T23:16:09.280+0800] GC(1979) Concurrent Mark 4.164ms
[2024-08-29T23:16:09.280+0800] GC(1979) Concurrent Rebuild Remembered Sets
[2024-08-29T23:16:09.280+0800] GC(1979) Concurrent Rebuild Remembered Sets 0.005ms
[2024-08-29T23:16:09.280+0800] GC(1979) Pause Cleanup
[2024-08-29T23:16:09.280+0800] GC(1979) Pause Cleanup 980M->980M(2048M) 0.013ms
[2024-08-29T23:16:09.280+0800] GC(1979) User=0.00s Sys=0.00s Real=0.00s
[2024-08-29T23:16:09.280+0800] GC(1979) Concurrent Cleanup for Next Mark
[2024-08-29T23:16:09.285+0800] GC(1979) Concurrent Cleanup for Next Mark 4.820ms
[2024-08-29T23:16:09.285+0800] GC(1979) Concurrent Mark Cycle 9.254ms
[2024-08-29T23:16:09.286+0800] GC(1980) Pause Young (Concurrent Start) (G1 Humongous Allocation)
[2024-08-29T23:16:09.286+0800] GC(1980) Using 8 workers of 8 for evacuation
[2024-08-29T23:16:09.287+0800] GC(1980)   Pre Evacuate Collection Set: 0.2ms
[2024-08-29T23:16:09.287+0800] GC(1980)   Merge Heap Roots: 0.1ms
[2024-08-29T23:16:09.287+0800] GC(1980)   Evacuate Collection Set: 0.3ms
[2024-08-29T23:16:09.287+0800] GC(1980)   Post Evacuate Collection Set: 0.3ms
[2024-08-29T23:16:09.287+0800] GC(1980)   Other: 0.1ms
[2024-08-29T23:16:09.287+0800] GC(1980) Eden regions: 4->0(864)
[2024-08-29T23:16:09.288+0800] GC(1980) Survivor regions: 0->0(110)
[2024-08-29T23:16:09.288+0800] GC(1980) Old regions: 1->1
[2024-08-29T23:16:09.288+0800] GC(1980) Archive regions: 2->2
[2024-08-29T23:16:09.288+0800] GC(1980) Humongous regions: 999->975
[2024-08-29T23:16:09.288+0800] GC(1980) Metaspace: 1630K(1792K)->1630K(1792K) NonClass: 1510K(1600K)->1510K(1600K) Class: 119K(192K)->119K(192K)
[2024-08-29T23:16:09.288+0800] GC(1980) Pause Young (Concurrent Start) (G1 Humongous Allocation) 1003M->976M(2048M) 1.084ms
[2024-08-29T23:16:09.288+0800] GC(1980) User=0.00s Sys=0.00s Real=0.00s
[2024-08-29T23:16:09.288+0800] GC(1981) Concurrent Mark Cycle
[2024-08-29T23:16:09.288+0800] GC(1981) Concurrent Clear Claimed Marks
[2024-08-29T23:16:09.288+0800] GC(1981) Concurrent Clear Claimed Marks 0.006ms
[2024-08-29T23:16:09.288+0800] GC(1981) Concurrent Scan Root Regions
[2024-08-29T23:16:09.288+0800] GC(1981) Concurrent Scan Root Regions 0.004ms
[2024-08-29T23:16:09.288+0800] GC(1981) Concurrent Mark
[2024-08-29T23:16:09.288+0800] GC(1981) Concurrent Mark From Roots
[2024-08-29T23:16:09.288+0800] GC(1981) Using 2 workers of 2 for marking
[2024-08-29T23:16:09.291+0800] GC(1981) Concurrent Mark From Roots 3.182ms
[2024-08-29T23:16:09.291+0800] GC(1981) Concurrent Preclean
[2024-08-29T23:16:09.291+0800] GC(1981) Concurrent Preclean 0.096ms
[2024-08-29T23:16:09.291+0800] GC(1981) Pause Remark
[2024-08-29T23:16:09.292+0800] GC(1981) Pause Remark 995M->995M(2048M) 1.068ms
[2024-08-29T23:16:09.292+0800] GC(1981) User=0.00s Sys=0.00s Real=0.00s
[2024-08-29T23:16:09.292+0800] GC(1981) Concurrent Mark 4.500ms
[2024-08-29T23:16:09.292+0800] GC(1981) Concurrent Rebuild Remembered Sets
[2024-08-29T23:16:09.292+0800] GC(1981) Concurrent Rebuild Remembered Sets 0.005ms
[2024-08-29T23:16:09.292+0800] GC(1981) Pause Cleanup
[2024-08-29T23:16:09.292+0800] GC(1981) Pause Cleanup 995M->995M(2048M) 0.010ms
[2024-08-29T23:16:09.292+0800] GC(1981) User=0.00s Sys=0.00s Real=0.00s
[2024-08-29T23:16:09.292+0800] GC(1981) Concurrent Cleanup for Next Mark
[2024-08-29T23:16:09.298+0800] GC(1981) Concurrent Cleanup for Next Mark 5.754ms
[2024-08-29T23:16:09.298+0800] GC(1981) Concurrent Mark Cycle 10.457ms
[2024-08-29T23:16:09.298+0800] GC(1982) Pause Young (Concurrent Start) (G1 Humongous Allocation)
[2024-08-29T23:16:09.298+0800] GC(1982) Using 8 workers of 8 for evacuation
[2024-08-29T23:16:09.299+0800] GC(1982)   Pre Evacuate Collection Set: 0.2ms
[2024-08-29T23:16:09.300+0800] GC(1982)   Merge Heap Roots: 0.1ms
[2024-08-29T23:16:09.300+0800] GC(1982)   Evacuate Collection Set: 0.3ms
[2024-08-29T23:16:09.300+0800] GC(1982)   Post Evacuate Collection Set: 0.3ms
[2024-08-29T23:16:09.300+0800] GC(1982)   Other: 0.1ms
[2024-08-29T23:16:09.300+0800] GC(1982) Eden regions: 4->0(847)
[2024-08-29T23:16:09.300+0800] GC(1982) Survivor regions: 0->0(108)
[2024-08-29T23:16:09.300+0800] GC(1982) Old regions: 1->1
[2024-08-29T23:16:09.300+0800] GC(1982) Archive regions: 2->2
[2024-08-29T23:16:09.300+0800] GC(1982) Humongous regions: 1018->992
[2024-08-29T23:16:09.300+0800] GC(1982) Metaspace: 1630K(1792K)->1630K(1792K) NonClass: 1510K(1600K)->1510K(1600K) Class: 119K(192K)->119K(192K)
[2024-08-29T23:16:09.300+0800] GC(1982) Pause Young (Concurrent Start) (G1 Humongous Allocation) 1022M->993M(2048M) 1.115ms
[2024-08-29T23:16:09.300+0800] GC(1982) User=0.00s Sys=0.00s Real=0.00s
[2024-08-29T23:16:09.300+0800] GC(1983) Concurrent Mark Cycle
[2024-08-29T23:16:09.300+0800] GC(1983) Concurrent Clear Claimed Marks
[2024-08-29T23:16:09.300+0800] GC(1983) Concurrent Clear Claimed Marks 0.006ms
[2024-08-29T23:16:09.300+0800] GC(1983) Concurrent Scan Root Regions
[2024-08-29T23:16:09.300+0800] GC(1983) Concurrent Scan Root Regions 0.004ms
[2024-08-29T23:16:09.300+0800] GC(1983) Concurrent Mark
[2024-08-29T23:16:09.300+0800] GC(1983) Concurrent Mark From Roots
[2024-08-29T23:16:09.300+0800] GC(1983) Using 2 workers of 2 for marking
[2024-08-29T23:16:09.302+0800] GC(1983) Concurrent Mark From Roots 2.367ms
[2024-08-29T23:16:09.302+0800] GC(1983) Concurrent Preclean
[2024-08-29T23:16:09.302+0800] GC(1983) Concurrent Preclean 0.070ms
[2024-08-29T23:16:09.302+0800] GC(1983) Pause Remark
[2024-08-29T23:16:09.303+0800] GC(1983) Pause Remark 1004M->1004M(2048M) 1.104ms
[2024-08-29T23:16:09.303+0800] GC(1983) User=0.00s Sys=0.00s Real=0.01s
[2024-08-29T23:16:09.303+0800] GC(1983) Concurrent Mark 3.714ms
[2024-08-29T23:16:09.303+0800] GC(1983) Concurrent Rebuild Remembered Sets
[2024-08-29T23:16:09.303+0800] GC(1983) Concurrent Rebuild Remembered Sets 0.008ms
[2024-08-29T23:16:09.304+0800] GC(1983) Pause Cleanup
[2024-08-29T23:16:09.304+0800] GC(1983) Pause Cleanup 1008M->1008M(2048M) 0.035ms
[2024-08-29T23:16:09.304+0800] GC(1983) User=0.00s Sys=0.00s Real=0.00s
[2024-08-29T23:16:09.305+0800] GC(1983) Concurrent Cleanup for Next Mark
[2024-08-29T23:16:09.309+0800] GC(1983) Concurrent Cleanup for Next Mark 4.374ms
[2024-08-29T23:16:09.309+0800] GC(1983) Concurrent Mark Cycle 9.329ms
[2024-08-29T23:16:09.309+0800] GC(1984) Pause Young (Concurrent Start) (G1 Humongous Allocation)
[2024-08-29T23:16:09.309+0800] GC(1984) Using 8 workers of 8 for evacuation
[2024-08-29T23:16:09.310+0800] GC(1984)   Pre Evacuate Collection Set: 0.2ms
[2024-08-29T23:16:09.310+0800] GC(1984)   Merge Heap Roots: 0.1ms
[2024-08-29T23:16:09.310+0800] GC(1984)   Evacuate Collection Set: 0.3ms
[2024-08-29T23:16:09.310+0800] GC(1984)   Post Evacuate Collection Set: 0.3ms
[2024-08-29T23:16:09.310+0800] GC(1984)   Other: 0.1ms
[2024-08-29T23:16:09.310+0800] GC(1984) Eden regions: 4->0(835)
[2024-08-29T23:16:09.310+0800] GC(1984) Survivor regions: 0->0(106)
[2024-08-29T23:16:09.310+0800] GC(1984) Old regions: 1->1
[2024-08-29T23:16:09.310+0800] GC(1984) Archive regions: 2->2
[2024-08-29T23:16:09.310+0800] GC(1984) Humongous regions: 1019->1004
[2024-08-29T23:16:09.310+0800] GC(1984) Metaspace: 1630K(1792K)->1630K(1792K) NonClass: 1510K(1600K)->1510K(1600K) Class: 119K(192K)->119K(192K)
[2024-08-29T23:16:09.310+0800] GC(1984) Pause Young (Concurrent Start) (G1 Humongous Allocation) 1023M->1005M(2048M) 1.099ms
[2024-08-29T23:16:09.310+0800] GC(1984) User=0.00s Sys=0.00s Real=0.00s
[2024-08-29T23:16:09.310+0800] GC(1985) Concurrent Mark Cycle
[2024-08-29T23:16:09.310+0800] GC(1985) Concurrent Clear Claimed Marks
[2024-08-29T23:16:09.310+0800] GC(1985) Concurrent Clear Claimed Marks 0.019ms
[2024-08-29T23:16:09.310+0800] GC(1985) Concurrent Scan Root Regions
[2024-08-29T23:16:09.310+0800] GC(1985) Concurrent Scan Root Regions 0.004ms
[2024-08-29T23:16:09.310+0800] GC(1985) Concurrent Mark
[2024-08-29T23:16:09.310+0800] GC(1985) Concurrent Mark From Roots
[2024-08-29T23:16:09.310+0800] GC(1985) Using 2 workers of 2 for marking
[2024-08-29T23:16:09.313+0800] GC(1985) Concurrent Mark From Roots 2.665ms
[2024-08-29T23:16:09.313+0800] GC(1985) Concurrent Preclean
[2024-08-29T23:16:09.313+0800] GC(1985) Concurrent Preclean 0.088ms
[2024-08-29T23:16:09.313+0800] GC(1985) Pause Remark
[2024-08-29T23:16:09.314+0800] GC(1985) Pause Remark 1023M->1023M(2048M) 0.968ms
[2024-08-29T23:16:09.314+0800] GC(1985) User=0.00s Sys=0.00s Real=0.00s
[2024-08-29T23:16:09.314+0800] GC(1985) Concurrent Mark 3.889ms
[2024-08-29T23:16:09.314+0800] GC(1985) Concurrent Rebuild Remembered Sets
[2024-08-29T23:16:09.314+0800] GC(1985) Concurrent Rebuild Remembered Sets 0.005ms
[2024-08-29T23:16:09.314+0800] GC(1985) Pause Cleanup
[2024-08-29T23:16:09.314+0800] GC(1985) Pause Cleanup 1026M->1026M(2048M) 0.019ms
[2024-08-29T23:16:09.314+0800] GC(1985) User=0.00s Sys=0.00s Real=0.00s
[2024-08-29T23:16:09.315+0800] GC(1985) Concurrent Cleanup for Next Mark
[2024-08-29T23:16:09.319+0800] GC(1985) Concurrent Cleanup for Next Mark 4.111ms
[2024-08-29T23:16:09.319+0800] GC(1985) Concurrent Mark Cycle 8.498ms
[2024-08-29T23:16:09.320+0800] GC(1986) Pause Young (Concurrent Start) (G1 Humongous Allocation)
[2024-08-29T23:16:09.321+0800] GC(1986) Using 8 workers of 8 for evacuation
[2024-08-29T23:16:09.321+0800] GC(1986)   Pre Evacuate Collection Set: 0.2ms
[2024-08-29T23:16:09.321+0800] GC(1986)   Merge Heap Roots: 0.1ms
[2024-08-29T23:16:09.321+0800] GC(1986)   Evacuate Collection Set: 0.3ms
[2024-08-29T23:16:09.321+0800] GC(1986)   Post Evacuate Collection Set: 0.3ms
[2024-08-29T23:16:09.321+0800] GC(1986)   Other: 0.1ms
[2024-08-29T23:16:09.321+0800] GC(1986) Eden regions: 4->0(833)
[2024-08-29T23:16:09.321+0800] GC(1986) Survivor regions: 0->0(105)
[2024-08-29T23:16:09.321+0800] GC(1986) Old regions: 1->1
[2024-08-29T23:16:09.321+0800] GC(1986) Archive regions: 2->2
[2024-08-29T23:16:09.321+0800] GC(1986) Humongous regions: 1030->1006
[2024-08-29T23:16:09.321+0800] GC(1986) Metaspace: 1630K(1792K)->1630K(1792K) NonClass: 1510K(1600K)->1510K(1600K) Class: 119K(192K)->119K(192K)
[2024-08-29T23:16:09.321+0800] GC(1986) Pause Young (Concurrent Start) (G1 Humongous Allocation) 1035M->1007M(2048M) 1.011ms
[2024-08-29T23:16:09.321+0800] GC(1986) User=0.00s Sys=0.00s Real=0.00s
[2024-08-29T23:16:09.322+0800] GC(1987) Concurrent Mark Cycle
[2024-08-29T23:16:09.322+0800] GC(1987) Concurrent Clear Claimed Marks
[2024-08-29T23:16:09.322+0800] GC(1987) Concurrent Clear Claimed Marks 0.006ms
[2024-08-29T23:16:09.322+0800] GC(1987) Concurrent Scan Root Regions
[2024-08-29T23:16:09.322+0800] GC(1987) Concurrent Scan Root Regions 0.004ms
[2024-08-29T23:16:09.322+0800] GC(1987) Concurrent Mark
[2024-08-29T23:16:09.322+0800] GC(1987) Concurrent Mark From Roots
[2024-08-29T23:16:09.322+0800] GC(1987) Using 2 workers of 2 for marking
[2024-08-29T23:16:09.324+0800] GC(1987) Concurrent Mark From Roots 2.163ms
[2024-08-29T23:16:09.324+0800] GC(1987) Concurrent Preclean
[2024-08-29T23:16:09.324+0800] GC(1987) Concurrent Preclean 0.070ms
[2024-08-29T23:16:09.324+0800] GC(1987) Pause Remark
[2024-08-29T23:16:09.325+0800] GC(1987) Pause Remark 1015M->1015M(2048M) 0.935ms
[2024-08-29T23:16:09.325+0800] GC(1987) User=0.00s Sys=0.00s Real=0.00s
[2024-08-29T23:16:09.325+0800] GC(1987) Concurrent Mark 3.302ms
[2024-08-29T23:16:09.325+0800] GC(1987) Concurrent Rebuild Remembered Sets
[2024-08-29T23:16:09.325+0800] GC(1987) Concurrent Rebuild Remembered Sets 0.005ms
[2024-08-29T23:16:09.325+0800] GC(1987) Pause Cleanup
[2024-08-29T23:16:09.325+0800] GC(1987) Pause Cleanup 1019M->1019M(2048M) 0.010ms
[2024-08-29T23:16:09.325+0800] GC(1987) User=0.00s Sys=0.00s Real=0.00s
[2024-08-29T23:16:09.325+0800] GC(1987) Concurrent Cleanup for Next Mark
[2024-08-29T23:16:09.329+0800] GC(1987) Concurrent Cleanup for Next Mark 3.477ms
[2024-08-29T23:16:09.329+0800] GC(1987) Concurrent Mark Cycle 7.129ms
[2024-08-29T23:16:09.329+0800] GC(1988) Pause Young (Concurrent Start) (G1 Humongous Allocation)
[2024-08-29T23:16:09.330+0800] GC(1988) Using 8 workers of 8 for evacuation
[2024-08-29T23:16:09.330+0800] GC(1988)   Pre Evacuate Collection Set: 0.1ms
[2024-08-29T23:16:09.330+0800] GC(1988)   Merge Heap Roots: 0.1ms
[2024-08-29T23:16:09.330+0800] GC(1988)   Evacuate Collection Set: 0.3ms
[2024-08-29T23:16:09.330+0800] GC(1988)   Post Evacuate Collection Set: 0.3ms
[2024-08-29T23:16:09.330+0800] GC(1988)   Other: 0.1ms
[2024-08-29T23:16:09.330+0800] GC(1988) Eden regions: 4->0(841)
[2024-08-29T23:16:09.330+0800] GC(1988) Survivor regions: 0->0(105)
[2024-08-29T23:16:09.330+0800] GC(1988) Old regions: 1->1
[2024-08-29T23:16:09.330+0800] GC(1988) Archive regions: 2->2
[2024-08-29T23:16:09.330+0800] GC(1988) Humongous regions: 1021->998
[2024-08-29T23:16:09.330+0800] GC(1988) Metaspace: 1630K(1792K)->1630K(1792K) NonClass: 1510K(1600K)->1510K(1600K) Class: 119K(192K)->119K(192K)
[2024-08-29T23:16:09.330+0800] GC(1988) Pause Young (Concurrent Start) (G1 Humongous Allocation) 1026M->999M(2048M) 0.922ms
[2024-08-29T23:16:09.330+0800] GC(1988) User=0.00s Sys=0.00s Real=0.00s
[2024-08-29T23:16:09.330+0800] GC(1989) Concurrent Mark Cycle
[2024-08-29T23:16:09.330+0800] GC(1989) Concurrent Clear Claimed Marks
[2024-08-29T23:16:09.330+0800] GC(1989) Concurrent Clear Claimed Marks 0.005ms
[2024-08-29T23:16:09.330+0800] GC(1989) Concurrent Scan Root Regions
[2024-08-29T23:16:09.330+0800] GC(1989) Concurrent Scan Root Regions 0.004ms
[2024-08-29T23:16:09.330+0800] GC(1989) Concurrent Mark
[2024-08-29T23:16:09.330+0800] GC(1989) Concurrent Mark From Roots
[2024-08-29T23:16:09.330+0800] GC(1989) Using 2 workers of 2 for marking
[2024-08-29T23:16:09.333+0800] GC(1989) Concurrent Mark From Roots 2.222ms
[2024-08-29T23:16:09.333+0800] GC(1989) Concurrent Preclean
[2024-08-29T23:16:09.333+0800] GC(1989) Concurrent Preclean 0.069ms
[2024-08-29T23:16:09.333+0800] GC(1989) Pause Remark
[2024-08-29T23:16:09.334+0800] GC(1989) Pause Remark 1008M->1008M(2048M) 0.993ms
[2024-08-29T23:16:09.334+0800] GC(1989) User=0.00s Sys=0.00s Real=0.00s
[2024-08-29T23:16:09.334+0800] GC(1989) Concurrent Mark 3.420ms
[2024-08-29T23:16:09.334+0800] GC(1989) Concurrent Rebuild Remembered Sets
[2024-08-29T23:16:09.334+0800] GC(1989) Concurrent Rebuild Remembered Sets 0.005ms
[2024-08-29T23:16:09.334+0800] GC(1989) Pause Cleanup
[2024-08-29T23:16:09.334+0800] GC(1989) Pause Cleanup 1012M->1012M(2048M) 0.017ms
[2024-08-29T23:16:09.334+0800] GC(1989) User=0.00s Sys=0.00s Real=0.00s
[2024-08-29T23:16:09.334+0800] GC(1989) Concurrent Cleanup for Next Mark
[2024-08-29T23:16:09.339+0800] GC(1989) Concurrent Cleanup for Next Mark 4.552ms
[2024-08-29T23:16:09.339+0800] GC(1989) Concurrent Mark Cycle 8.671ms
[2024-08-29T23:16:09.339+0800] GC(1990) Pause Young (Concurrent Start) (G1 Humongous Allocation)
[2024-08-29T23:16:09.339+0800] GC(1990) Using 8 workers of 8 for evacuation
[2024-08-29T23:16:09.340+0800] GC(1990)   Pre Evacuate Collection Set: 0.2ms
[2024-08-29T23:16:09.340+0800] GC(1990)   Merge Heap Roots: 0.1ms
[2024-08-29T23:16:09.340+0800] GC(1990)   Evacuate Collection Set: 0.3ms
[2024-08-29T23:16:09.340+0800] GC(1990)   Post Evacuate Collection Set: 0.2ms
[2024-08-29T23:16:09.340+0800] GC(1990)   Other: 0.1ms
[2024-08-29T23:16:09.340+0800] GC(1990) Eden regions: 4->0(835)
[2024-08-29T23:16:09.340+0800] GC(1990) Survivor regions: 0->0(106)
[2024-08-29T23:16:09.340+0800] GC(1990) Old regions: 1->1
[2024-08-29T23:16:09.340+0800] GC(1990) Archive regions: 2->2
[2024-08-29T23:16:09.340+0800] GC(1990) Humongous regions: 1021->1004
[2024-08-29T23:16:09.340+0800] GC(1990) Metaspace: 1630K(1792K)->1630K(1792K) NonClass: 1510K(1600K)->1510K(1600K) Class: 119K(192K)->119K(192K)
[2024-08-29T23:16:09.340+0800] GC(1990) Pause Young (Concurrent Start) (G1 Humongous Allocation) 1026M->1005M(2048M) 1.032ms
[2024-08-29T23:16:09.340+0800] GC(1990) User=0.01s Sys=0.00s Real=0.00s
[2024-08-29T23:16:09.340+0800] GC(1991) Concurrent Mark Cycle
[2024-08-29T23:16:09.340+0800] GC(1991) Concurrent Clear Claimed Marks
[2024-08-29T23:16:09.340+0800] GC(1991) Concurrent Clear Claimed Marks 0.021ms
[2024-08-29T23:16:09.340+0800] GC(1991) Concurrent Scan Root Regions
[2024-08-29T23:16:09.340+0800] GC(1991) Concurrent Scan Root Regions 0.004ms
[2024-08-29T23:16:09.340+0800] GC(1991) Concurrent Mark
[2024-08-29T23:16:09.340+0800] GC(1991) Concurrent Mark From Roots
[2024-08-29T23:16:09.340+0800] GC(1991) Using 2 workers of 2 for marking
[2024-08-29T23:16:09.344+0800] GC(1991) Concurrent Mark From Roots 3.451ms
[2024-08-29T23:16:09.344+0800] GC(1991) Concurrent Preclean
[2024-08-29T23:16:09.344+0800] GC(1991) Concurrent Preclean 0.088ms
[2024-08-29T23:16:09.344+0800] GC(1991) Pause Remark
[2024-08-29T23:16:09.345+0800] GC(1991) Pause Remark 1038M->1038M(2048M) 0.961ms
[2024-08-29T23:16:09.345+0800] GC(1991) User=0.00s Sys=0.00s Real=0.00s
[2024-08-29T23:16:09.345+0800] GC(1991) Concurrent Mark 4.654ms
[2024-08-29T23:16:09.345+0800] GC(1991) Concurrent Rebuild Remembered Sets
[2024-08-29T23:16:09.345+0800] GC(1991) Concurrent Rebuild Remembered Sets 0.005ms
[2024-08-29T23:16:09.345+0800] GC(1991) Pause Cleanup
[2024-08-29T23:16:09.345+0800] GC(1991) Pause Cleanup 1042M->1042M(2048M) 0.016ms
[2024-08-29T23:16:09.345+0800] GC(1991) User=0.00s Sys=0.00s Real=0.00s
[2024-08-29T23:16:09.345+0800] GC(1991) Concurrent Cleanup for Next Mark
[2024-08-29T23:16:09.349+0800] GC(1991) Concurrent Cleanup for Next Mark 3.446ms
[2024-08-29T23:16:09.349+0800] GC(1991) Concurrent Mark Cycle 8.679ms
[2024-08-29T23:16:09.349+0800] GC(1992) Pause Young (Concurrent Start) (G1 Humongous Allocation)
[2024-08-29T23:16:09.349+0800] GC(1992) Using 8 workers of 8 for evacuation
[2024-08-29T23:16:09.350+0800] GC(1992)   Pre Evacuate Collection Set: 0.2ms
[2024-08-29T23:16:09.350+0800] GC(1992)   Merge Heap Roots: 0.1ms
[2024-08-29T23:16:09.350+0800] GC(1992)   Evacuate Collection Set: 0.2ms
[2024-08-29T23:16:09.350+0800] GC(1992)   Post Evacuate Collection Set: 0.2ms
[2024-08-29T23:16:09.350+0800] GC(1992)   Other: 0.1ms
[2024-08-29T23:16:09.350+0800] GC(1992) Eden regions: 4->0(814)
[2024-08-29T23:16:09.350+0800] GC(1992) Survivor regions: 0->0(105)
[2024-08-29T23:16:09.350+0800] GC(1992) Old regions: 1->1
[2024-08-29T23:16:09.350+0800] GC(1992) Archive regions: 2->2
[2024-08-29T23:16:09.350+0800] GC(1992) Humongous regions: 1038->1025
[2024-08-29T23:16:09.350+0800] GC(1992) Metaspace: 1630K(1792K)->1630K(1792K) NonClass: 1510K(1600K)->1510K(1600K) Class: 119K(192K)->119K(192K)
[2024-08-29T23:16:09.350+0800] GC(1992) Pause Young (Concurrent Start) (G1 Humongous Allocation) 1043M->1026M(2048M) 0.938ms
[2024-08-29T23:16:09.350+0800] GC(1992) User=0.00s Sys=0.00s Real=0.00s
[2024-08-29T23:16:09.350+0800] GC(1993) Concurrent Mark Cycle
[2024-08-29T23:16:09.350+0800] GC(1993) Concurrent Clear Claimed Marks
[2024-08-29T23:16:09.350+0800] GC(1993) Concurrent Clear Claimed Marks 0.006ms
[2024-08-29T23:16:09.350+0800] GC(1993) Concurrent Scan Root Regions
[2024-08-29T23:16:09.350+0800] GC(1993) Concurrent Scan Root Regions 0.004ms
[2024-08-29T23:16:09.350+0800] GC(1993) Concurrent Mark
[2024-08-29T23:16:09.350+0800] GC(1993) Concurrent Mark From Roots
[2024-08-29T23:16:09.350+0800] GC(1993) Using 2 workers of 2 for marking
[2024-08-29T23:16:09.353+0800] GC(1993) Concurrent Mark From Roots 2.684ms
[2024-08-29T23:16:09.353+0800] GC(1993) Concurrent Preclean
[2024-08-29T23:16:09.353+0800] GC(1993) Concurrent Preclean 0.073ms
[2024-08-29T23:16:09.353+0800] GC(1993) Pause Remark
[2024-08-29T23:16:09.354+0800] GC(1993) Pause Remark 1043M->1043M(2048M) 0.888ms
[2024-08-29T23:16:09.354+0800] GC(1993) User=0.00s Sys=0.00s Real=0.00s
[2024-08-29T23:16:09.354+0800] GC(1993) Concurrent Mark 3.804ms
[2024-08-29T23:16:09.354+0800] GC(1993) Concurrent Rebuild Remembered Sets
[2024-08-29T23:16:09.354+0800] GC(1993) Concurrent Rebuild Remembered Sets 0.005ms
[2024-08-29T23:16:09.354+0800] GC(1993) Pause Cleanup
[2024-08-29T23:16:09.354+0800] GC(1993) Pause Cleanup 1048M->1048M(2048M) 0.016ms
[2024-08-29T23:16:09.354+0800] GC(1993) User=0.00s Sys=0.00s Real=0.00s
[2024-08-29T23:16:09.355+0800] GC(1993) Concurrent Cleanup for Next Mark
[2024-08-29T23:16:09.358+0800] GC(1993) Concurrent Cleanup for Next Mark 3.559ms
[2024-08-29T23:16:09.358+0800] GC(1993) Concurrent Mark Cycle 8.099ms
[2024-08-29T23:16:09.358+0800] GC(1994) Pause Young (Concurrent Start) (G1 Humongous Allocation)
[2024-08-29T23:16:09.358+0800] GC(1994) Using 8 workers of 8 for evacuation
[2024-08-29T23:16:09.360+0800] GC(1994)   Pre Evacuate Collection Set: 0.2ms
[2024-08-29T23:16:09.360+0800] GC(1994)   Merge Heap Roots: 0.1ms
[2024-08-29T23:16:09.360+0800] GC(1994)   Evacuate Collection Set: 0.3ms
[2024-08-29T23:16:09.360+0800] GC(1994)   Post Evacuate Collection Set: 0.4ms
[2024-08-29T23:16:09.360+0800] GC(1994)   Other: 0.1ms
[2024-08-29T23:16:09.360+0800] GC(1994) Eden regions: 4->0(807)
[2024-08-29T23:16:09.360+0800] GC(1994) Survivor regions: 0->0(102)
[2024-08-29T23:16:09.360+0800] GC(1994) Old regions: 1->1
[2024-08-29T23:16:09.360+0800] GC(1994) Archive regions: 2->2
[2024-08-29T23:16:09.360+0800] GC(1994) Humongous regions: 1049->1032
[2024-08-29T23:16:09.360+0800] GC(1994) Metaspace: 1630K(1792K)->1630K(1792K) NonClass: 1510K(1600K)->1510K(1600K) Class: 119K(192K)->119K(192K)
[2024-08-29T23:16:09.360+0800] GC(1994) Pause Young (Concurrent Start) (G1 Humongous Allocation) 1054M->1033M(2048M) 1.182ms
[2024-08-29T23:16:09.360+0800] GC(1994) User=0.00s Sys=0.00s Real=0.00s
[2024-08-29T23:16:09.360+0800] GC(1995) Concurrent Mark Cycle
[2024-08-29T23:16:09.360+0800] GC(1995) Concurrent Clear Claimed Marks
[2024-08-29T23:16:09.360+0800] GC(1995) Concurrent Clear Claimed Marks 0.006ms
[2024-08-29T23:16:09.360+0800] GC(1995) Concurrent Scan Root Regions
[2024-08-29T23:16:09.360+0800] GC(1995) Concurrent Scan Root Regions 0.004ms
[2024-08-29T23:16:09.360+0800] GC(1995) Concurrent Mark
[2024-08-29T23:16:09.360+0800] GC(1995) Concurrent Mark From Roots
[2024-08-29T23:16:09.360+0800] GC(1995) Using 2 workers of 2 for marking
[2024-08-29T23:16:09.362+0800] GC(1995) Concurrent Mark From Roots 2.404ms
[2024-08-29T23:16:09.362+0800] GC(1995) Concurrent Preclean
[2024-08-29T23:16:09.362+0800] GC(1995) Concurrent Preclean 0.076ms
[2024-08-29T23:16:09.362+0800] GC(1995) Pause Remark
[2024-08-29T23:16:09.363+0800] GC(1995) Pause Remark 1044M->1044M(2048M) 0.964ms
[2024-08-29T23:16:09.363+0800] GC(1995) User=0.00s Sys=0.01s Real=0.01s
[2024-08-29T23:16:09.363+0800] GC(1995) Concurrent Mark 3.597ms
[2024-08-29T23:16:09.363+0800] GC(1995) Concurrent Rebuild Remembered Sets
[2024-08-29T23:16:09.363+0800] GC(1995) Concurrent Rebuild Remembered Sets 0.005ms
[2024-08-29T23:16:09.363+0800] GC(1995) Pause Cleanup
[2024-08-29T23:16:09.363+0800] GC(1995) Pause Cleanup 1044M->1044M(2048M) 0.016ms
[2024-08-29T23:16:09.363+0800] GC(1995) User=0.00s Sys=0.00s Real=0.00s
[2024-08-29T23:16:09.363+0800] GC(1995) Concurrent Cleanup for Next Mark
[2024-08-29T23:16:09.367+0800] GC(1995) Concurrent Cleanup for Next Mark 3.319ms
[2024-08-29T23:16:09.367+0800] GC(1995) Concurrent Mark Cycle 7.153ms
[2024-08-29T23:16:09.368+0800] GC(1996) Pause Young (Concurrent Start) (G1 Humongous Allocation)
[2024-08-29T23:16:09.368+0800] GC(1996) Using 8 workers of 8 for evacuation
[2024-08-29T23:16:09.369+0800] GC(1996)   Pre Evacuate Collection Set: 0.2ms
[2024-08-29T23:16:09.369+0800] GC(1996)   Merge Heap Roots: 0.1ms
[2024-08-29T23:16:09.369+0800] GC(1996)   Evacuate Collection Set: 0.3ms
[2024-08-29T23:16:09.369+0800] GC(1996)   Post Evacuate Collection Set: 0.2ms
[2024-08-29T23:16:09.369+0800] GC(1996)   Other: 0.1ms
[2024-08-29T23:16:09.369+0800] GC(1996) Eden regions: 3->0(829)
[2024-08-29T23:16:09.369+0800] GC(1996) Survivor regions: 0->0(101)
[2024-08-29T23:16:09.369+0800] GC(1996) Old regions: 1->1
[2024-08-29T23:16:09.369+0800] GC(1996) Archive regions: 2->2
[2024-08-29T23:16:09.369+0800] GC(1996) Humongous regions: 1040->1010
[2024-08-29T23:16:09.369+0800] GC(1996) Metaspace: 1630K(1792K)->1630K(1792K) NonClass: 1510K(1600K)->1510K(1600K) Class: 119K(192K)->119K(192K)
[2024-08-29T23:16:09.369+0800] GC(1996) Pause Young (Concurrent Start) (G1 Humongous Allocation) 1044M->1011M(2048M) 1.030ms
[2024-08-29T23:16:09.369+0800] GC(1996) User=0.00s Sys=0.00s Real=0.00s
[2024-08-29T23:16:09.369+0800] GC(1997) Concurrent Mark Cycle
[2024-08-29T23:16:09.369+0800] GC(1997) Concurrent Clear Claimed Marks
[2024-08-29T23:16:09.369+0800] GC(1997) Concurrent Clear Claimed Marks 0.006ms
[2024-08-29T23:16:09.369+0800] GC(1997) Concurrent Scan Root Regions
[2024-08-29T23:16:09.369+0800] GC(1997) Concurrent Scan Root Regions 0.004ms
[2024-08-29T23:16:09.369+0800] GC(1997) Concurrent Mark
[2024-08-29T23:16:09.369+0800] GC(1997) Concurrent Mark From Roots
[2024-08-29T23:16:09.369+0800] GC(1997) Using 2 workers of 2 for marking
[2024-08-29T23:16:09.371+0800] GC(1997) Concurrent Mark From Roots 2.068ms
[2024-08-29T23:16:09.371+0800] GC(1997) Concurrent Preclean
[2024-08-29T23:16:09.371+0800] GC(1997) Concurrent Preclean 0.091ms
[2024-08-29T23:16:09.371+0800] GC(1997) Pause Remark
[2024-08-29T23:16:09.372+0800] GC(1997) Pause Remark 1017M->1017M(2048M) 0.880ms
[2024-08-29T23:16:09.372+0800] GC(1997) User=0.00s Sys=0.00s Real=0.00s
[2024-08-29T23:16:09.372+0800] GC(1997) Concurrent Mark 3.225ms
[2024-08-29T23:16:09.372+0800] GC(1997) Concurrent Rebuild Remembered Sets
[2024-08-29T23:16:09.372+0800] GC(1997) Concurrent Rebuild Remembered Sets 0.005ms
[2024-08-29T23:16:09.372+0800] GC(1997) Pause Cleanup
[2024-08-29T23:16:09.372+0800] GC(1997) Pause Cleanup 1021M->1021M(2048M) 0.019ms
[2024-08-29T23:16:09.372+0800] GC(1997) User=0.00s Sys=0.00s Real=0.00s
[2024-08-29T23:16:09.373+0800] GC(1997) Concurrent Cleanup for Next Mark
[2024-08-29T23:16:09.378+0800] GC(1997) Concurrent Cleanup for Next Mark 5.364ms
[2024-08-29T23:16:09.378+0800] GC(1997) Concurrent Mark Cycle 9.230ms
[2024-08-29T23:16:09.380+0800] GC(1998) Pause Young (Concurrent Start) (G1 Humongous Allocation)
[2024-08-29T23:16:09.380+0800] GC(1998) Using 8 workers of 8 for evacuation
[2024-08-29T23:16:09.382+0800] GC(1998)   Pre Evacuate Collection Set: 0.2ms
[2024-08-29T23:16:09.382+0800] GC(1998)   Merge Heap Roots: 0.2ms
[2024-08-29T23:16:09.382+0800] GC(1998)   Evacuate Collection Set: 0.4ms
[2024-08-29T23:16:09.382+0800] GC(1998)   Post Evacuate Collection Set: 0.4ms
[2024-08-29T23:16:09.382+0800] GC(1998)   Other: 0.1ms
[2024-08-29T23:16:09.382+0800] GC(1998) Eden regions: 4->0(842)
[2024-08-29T23:16:09.382+0800] GC(1998) Survivor regions: 0->0(104)
[2024-08-29T23:16:09.382+0800] GC(1998) Old regions: 1->1
[2024-08-29T23:16:09.382+0800] GC(1998) Archive regions: 2->2
[2024-08-29T23:16:09.382+0800] GC(1998) Humongous regions: 1038->997
[2024-08-29T23:16:09.382+0800] GC(1998) Metaspace: 1630K(1792K)->1630K(1792K) NonClass: 1510K(1600K)->1510K(1600K) Class: 119K(192K)->119K(192K)
[2024-08-29T23:16:09.382+0800] GC(1998) Pause Young (Concurrent Start) (G1 Humongous Allocation) 1042M->998M(2048M) 1.473ms
[2024-08-29T23:16:09.382+0800] GC(1998) User=0.00s Sys=0.00s Real=0.00s
[2024-08-29T23:16:09.382+0800] GC(1999) Concurrent Mark Cycle
[2024-08-29T23:16:09.382+0800] GC(1999) Concurrent Clear Claimed Marks
[2024-08-29T23:16:09.382+0800] GC(1999) Concurrent Clear Claimed Marks 0.005ms
[2024-08-29T23:16:09.382+0800] GC(1999) Concurrent Scan Root Regions
[2024-08-29T23:16:09.382+0800] GC(1999) Concurrent Scan Root Regions 0.004ms
[2024-08-29T23:16:09.382+0800] GC(1999) Concurrent Mark
[2024-08-29T23:16:09.382+0800] GC(1999) Concurrent Mark From Roots
[2024-08-29T23:16:09.382+0800] GC(1999) Using 2 workers of 2 for marking
[2024-08-29T23:16:09.385+0800] GC(1999) Concurrent Mark From Roots 3.368ms
[2024-08-29T23:16:09.385+0800] GC(1999) Concurrent Preclean
[2024-08-29T23:16:09.386+0800] GC(1999) Concurrent Preclean 0.085ms
[2024-08-29T23:16:09.386+0800] GC(1999) Pause Remark
[2024-08-29T23:16:09.386+0800] GC(1999) Pause Remark 1015M->1015M(2048M) 0.913ms
[2024-08-29T23:16:09.386+0800] GC(1999) User=0.00s Sys=0.01s Real=0.00s
[2024-08-29T23:16:09.387+0800] GC(1999) Concurrent Mark 4.540ms
[2024-08-29T23:16:09.387+0800] GC(1999) Concurrent Rebuild Remembered Sets
[2024-08-29T23:16:09.387+0800] GC(1999) Concurrent Rebuild Remembered Sets 0.006ms
[2024-08-29T23:16:09.387+0800] GC(1999) Pause Cleanup
[2024-08-29T23:16:09.387+0800] GC(1999) Pause Cleanup 1018M->1018M(2048M) 0.019ms
[2024-08-29T23:16:09.387+0800] GC(1999) User=0.00s Sys=0.00s Real=0.00s
[2024-08-29T23:16:09.388+0800] GC(1999) Concurrent Cleanup for Next Mark
[2024-08-29T23:16:09.392+0800] GC(1999) Concurrent Cleanup for Next Mark 4.595ms
[2024-08-29T23:16:09.392+0800] GC(1999) Concurrent Mark Cycle 10.192ms
[2024-08-29T23:16:09.392+0800] GC(2000) Pause Young (Concurrent Start) (G1 Humongous Allocation)
[2024-08-29T23:16:09.392+0800] GC(2000) Using 8 workers of 8 for evacuation
[2024-08-29T23:16:09.394+0800] GC(2000)   Pre Evacuate Collection Set: 0.2ms
[2024-08-29T23:16:09.394+0800] GC(2000)   Merge Heap Roots: 0.1ms
[2024-08-29T23:16:09.394+0800] GC(2000)   Evacuate Collection Set: 0.4ms
[2024-08-29T23:16:09.394+0800] GC(2000)   Post Evacuate Collection Set: 0.7ms
[2024-08-29T23:16:09.394+0800] GC(2000)   Other: 0.1ms
[2024-08-29T23:16:09.394+0800] GC(2000) Eden regions: 4->0(820)
[2024-08-29T23:16:09.394+0800] GC(2000) Survivor regions: 0->0(106)
[2024-08-29T23:16:09.394+0800] GC(2000) Old regions: 1->1
[2024-08-29T23:16:09.394+0800] GC(2000) Archive regions: 2->2
[2024-08-29T23:16:09.394+0800] GC(2000) Humongous regions: 1034->1019
[2024-08-29T23:16:09.394+0800] GC(2000) Metaspace: 1630K(1792K)->1630K(1792K) NonClass: 1510K(1600K)->1510K(1600K) Class: 119K(192K)->119K(192K)
[2024-08-29T23:16:09.394+0800] GC(2000) Pause Young (Concurrent Start) (G1 Humongous Allocation) 1039M->1020M(2048M) 1.626ms
[2024-08-29T23:16:09.394+0800] GC(2000) User=0.01s Sys=0.00s Real=0.00s
[2024-08-29T23:16:09.394+0800] GC(2001) Concurrent Mark Cycle
[2024-08-29T23:16:09.394+0800] GC(2001) Concurrent Clear Claimed Marks
[2024-08-29T23:16:09.394+0800] GC(2001) Concurrent Clear Claimed Marks 0.006ms
[2024-08-29T23:16:09.394+0800] GC(2001) Concurrent Scan Root Regions
[2024-08-29T23:16:09.394+0800] GC(2001) Concurrent Scan Root Regions 0.004ms
[2024-08-29T23:16:09.394+0800] GC(2001) Concurrent Mark
[2024-08-29T23:16:09.394+0800] GC(2001) Concurrent Mark From Roots
[2024-08-29T23:16:09.394+0800] GC(2001) Using 2 workers of 2 for marking
[2024-08-29T23:16:09.397+0800] GC(2001) Concurrent Mark From Roots 3.029ms
[2024-08-29T23:16:09.397+0800] GC(2001) Concurrent Preclean
[2024-08-29T23:16:09.397+0800] GC(2001) Concurrent Preclean 0.074ms
[2024-08-29T23:16:09.397+0800] GC(2001) Pause Remark
[2024-08-29T23:16:09.398+0800] GC(2001) Pause Remark 1039M->1039M(2048M) 0.939ms
[2024-08-29T23:16:09.398+0800] GC(2001) User=0.00s Sys=0.00s Real=0.00s
[2024-08-29T23:16:09.398+0800] GC(2001) Concurrent Mark 4.213ms
[2024-08-29T23:16:09.398+0800] GC(2001) Concurrent Rebuild Remembered Sets
[2024-08-29T23:16:09.398+0800] GC(2001) Concurrent Rebuild Remembered Sets 0.008ms
[2024-08-29T23:16:09.399+0800] GC(2001) Pause Cleanup
[2024-08-29T23:16:09.399+0800] GC(2001) Pause Cleanup 1042M->1042M(2048M) 0.022ms
[2024-08-29T23:16:09.399+0800] GC(2001) User=0.00s Sys=0.00s Real=0.00s
[2024-08-29T23:16:09.400+0800] GC(2001) Concurrent Cleanup for Next Mark
[2024-08-29T23:16:09.404+0800] GC(2001) Concurrent Cleanup for Next Mark 3.953ms
[2024-08-29T23:16:09.404+0800] GC(2001) Concurrent Mark Cycle 9.496ms
[2024-08-29T23:16:09.406+0800] GC(2002) Pause Young (Concurrent Start) (G1 Humongous Allocation)
[2024-08-29T23:16:09.406+0800] GC(2002) Using 8 workers of 8 for evacuation
[2024-08-29T23:16:09.408+0800] GC(2002)   Pre Evacuate Collection Set: 0.4ms
[2024-08-29T23:16:09.408+0800] GC(2002)   Merge Heap Roots: 0.1ms
[2024-08-29T23:16:09.408+0800] GC(2002)   Evacuate Collection Set: 0.4ms
[2024-08-29T23:16:09.408+0800] GC(2002)   Post Evacuate Collection Set: 0.4ms
[2024-08-29T23:16:09.408+0800] GC(2002)   Other: 0.1ms
[2024-08-29T23:16:09.408+0800] GC(2002) Eden regions: 3->0(844)
[2024-08-29T23:16:09.408+0800] GC(2002) Survivor regions: 0->0(103)
[2024-08-29T23:16:09.408+0800] GC(2002) Old regions: 1->1
[2024-08-29T23:16:09.408+0800] GC(2002) Archive regions: 2->2
[2024-08-29T23:16:09.408+0800] GC(2002) Humongous regions: 1045->995
[2024-08-29T23:16:09.408+0800] GC(2002) Metaspace: 1630K(1792K)->1630K(1792K) NonClass: 1510K(1600K)->1510K(1600K) Class: 119K(192K)->119K(192K)
[2024-08-29T23:16:09.408+0800] GC(2002) Pause Young (Concurrent Start) (G1 Humongous Allocation) 1049M->996M(2048M) 1.438ms
[2024-08-29T23:16:09.408+0800] GC(2002) User=0.00s Sys=0.00s Real=0.00s
[2024-08-29T23:16:09.408+0800] GC(2003) Concurrent Mark Cycle
[2024-08-29T23:16:09.408+0800] GC(2003) Concurrent Clear Claimed Marks
[2024-08-29T23:16:09.408+0800] GC(2003) Concurrent Clear Claimed Marks 0.005ms
[2024-08-29T23:16:09.408+0800] GC(2003) Concurrent Scan Root Regions
[2024-08-29T23:16:09.408+0800] GC(2003) Concurrent Scan Root Regions 0.004ms
[2024-08-29T23:16:09.408+0800] GC(2003) Concurrent Mark
[2024-08-29T23:16:09.408+0800] GC(2003) Concurrent Mark From Roots
[2024-08-29T23:16:09.408+0800] GC(2003) Using 2 workers of 2 for marking
[2024-08-29T23:16:09.412+0800] GC(2003) Concurrent Mark From Roots 3.970ms
[2024-08-29T23:16:09.412+0800] GC(2003) Concurrent Preclean
[2024-08-29T23:16:09.412+0800] GC(2003) Concurrent Preclean 0.087ms
[2024-08-29T23:16:09.412+0800] GC(2003) Pause Remark
[2024-08-29T23:16:09.413+0800] GC(2003) Pause Remark 1020M->1020M(2048M) 0.869ms
[2024-08-29T23:16:09.413+0800] GC(2003) User=0.00s Sys=0.01s Real=0.01s
[2024-08-29T23:16:09.413+0800] GC(2003) Concurrent Mark 5.058ms
[2024-08-29T23:16:09.413+0800] GC(2003) Concurrent Rebuild Remembered Sets
[2024-08-29T23:16:09.413+0800] GC(2003) Concurrent Rebuild Remembered Sets 0.004ms
[2024-08-29T23:16:09.413+0800] GC(2003) Pause Cleanup
[2024-08-29T23:16:09.413+0800] GC(2003) Pause Cleanup 1020M->1020M(2048M) 0.010ms
[2024-08-29T23:16:09.413+0800] GC(2003) User=0.00s Sys=0.00s Real=0.00s
[2024-08-29T23:16:09.413+0800] GC(2003) Concurrent Cleanup for Next Mark
[2024-08-29T23:16:09.417+0800] GC(2003) Concurrent Cleanup for Next Mark 3.583ms
[2024-08-29T23:16:09.417+0800] GC(2003) Concurrent Mark Cycle 8.806ms
[2024-08-29T23:16:09.417+0800] GC(2004) Pause Young (Concurrent Start) (G1 Humongous Allocation)
[2024-08-29T23:16:09.418+0800] GC(2004) Using 8 workers of 8 for evacuation
[2024-08-29T23:16:09.418+0800] GC(2004)   Pre Evacuate Collection Set: 0.2ms
[2024-08-29T23:16:09.418+0800] GC(2004)   Merge Heap Roots: 0.1ms
[2024-08-29T23:16:09.418+0800] GC(2004)   Evacuate Collection Set: 0.3ms
[2024-08-29T23:16:09.418+0800] GC(2004)   Post Evacuate Collection Set: 0.3ms
[2024-08-29T23:16:09.418+0800] GC(2004)   Other: 0.1ms
[2024-08-29T23:16:09.418+0800] GC(2004) Eden regions: 3->0(854)
[2024-08-29T23:16:09.418+0800] GC(2004) Survivor regions: 0->0(106)
[2024-08-29T23:16:09.418+0800] GC(2004) Old regions: 1->1
[2024-08-29T23:16:09.418+0800] GC(2004) Archive regions: 2->2
[2024-08-29T23:16:09.418+0800] GC(2004) Humongous regions: 1016->985
[2024-08-29T23:16:09.418+0800] GC(2004) Metaspace: 1630K(1792K)->1630K(1792K) NonClass: 1510K(1600K)->1510K(1600K) Class: 119K(192K)->119K(192K)
[2024-08-29T23:16:09.418+0800] GC(2004) Pause Young (Concurrent Start) (G1 Humongous Allocation) 1020M->986M(2048M) 0.998ms
[2024-08-29T23:16:09.418+0800] GC(2004) User=0.00s Sys=0.00s Real=0.00s
[2024-08-29T23:16:09.419+0800] GC(2005) Concurrent Mark Cycle
[2024-08-29T23:16:09.419+0800] GC(2005) Concurrent Clear Claimed Marks
[2024-08-29T23:16:09.419+0800] GC(2005) Concurrent Clear Claimed Marks 0.005ms
[2024-08-29T23:16:09.419+0800] GC(2005) Concurrent Scan Root Regions
[2024-08-29T23:16:09.419+0800] GC(2005) Concurrent Scan Root Regions 0.004ms
[2024-08-29T23:16:09.419+0800] GC(2005) Concurrent Mark
[2024-08-29T23:16:09.419+0800] GC(2005) Concurrent Mark From Roots
[2024-08-29T23:16:09.419+0800] GC(2005) Using 2 workers of 2 for marking
[2024-08-29T23:16:09.422+0800] GC(2005) Concurrent Mark From Roots 3.738ms
[2024-08-29T23:16:09.422+0800] GC(2005) Concurrent Preclean
[2024-08-29T23:16:09.422+0800] GC(2005) Concurrent Preclean 0.071ms
[2024-08-29T23:16:09.422+0800] GC(2005) Pause Remark
[2024-08-29T23:16:09.423+0800] GC(2005) Pause Remark 1016M->1016M(2048M) 0.879ms
[2024-08-29T23:16:09.423+0800] GC(2005) User=0.00s Sys=0.00s Real=0.00s
[2024-08-29T23:16:09.423+0800] GC(2005) Concurrent Mark 4.874ms
[2024-08-29T23:16:09.423+0800] GC(2005) Concurrent Rebuild Remembered Sets
[2024-08-29T23:16:09.423+0800] GC(2005) Concurrent Rebuild Remembered Sets 0.007ms
[2024-08-29T23:16:09.424+0800] GC(2005) Pause Cleanup
[2024-08-29T23:16:09.424+0800] GC(2005) Pause Cleanup 1020M->1020M(2048M) 0.018ms
[2024-08-29T23:16:09.424+0800] GC(2005) User=0.00s Sys=0.00s Real=0.00s
[2024-08-29T23:16:09.425+0800] GC(2005) Concurrent Cleanup for Next Mark
[2024-08-29T23:16:09.429+0800] GC(2005) Concurrent Cleanup for Next Mark 4.767ms
[2024-08-29T23:16:09.429+0800] GC(2005) Concurrent Mark Cycle 10.788ms
[2024-08-29T23:16:09.430+0800] GC(2006) Pause Young (Concurrent Start) (G1 Humongous Allocation)
[2024-08-29T23:16:09.431+0800] GC(2006) Using 8 workers of 8 for evacuation
[2024-08-29T23:16:09.432+0800] GC(2006)   Pre Evacuate Collection Set: 0.2ms
[2024-08-29T23:16:09.432+0800] GC(2006)   Merge Heap Roots: 0.1ms
[2024-08-29T23:16:09.432+0800] GC(2006)   Evacuate Collection Set: 0.4ms
[2024-08-29T23:16:09.432+0800] GC(2006)   Post Evacuate Collection Set: 0.8ms
[2024-08-29T23:16:09.432+0800] GC(2006)   Other: 0.1ms
[2024-08-29T23:16:09.432+0800] GC(2006) Eden regions: 4->0(826)
[2024-08-29T23:16:09.432+0800] GC(2006) Survivor regions: 0->0(107)
[2024-08-29T23:16:09.432+0800] GC(2006) Old regions: 1->1
[2024-08-29T23:16:09.432+0800] GC(2006) Archive regions: 2->2
[2024-08-29T23:16:09.432+0800] GC(2006) Humongous regions: 1034->1013
[2024-08-29T23:16:09.432+0800] GC(2006) Metaspace: 1630K(1792K)->1630K(1792K) NonClass: 1510K(1600K)->1510K(1600K) Class: 119K(192K)->119K(192K)
[2024-08-29T23:16:09.432+0800] GC(2006) Pause Young (Concurrent Start) (G1 Humongous Allocation) 1038M->1014M(2048M) 1.743ms
[2024-08-29T23:16:09.432+0800] GC(2006) User=0.00s Sys=0.00s Real=0.00s
[2024-08-29T23:16:09.432+0800] GC(2007) Concurrent Mark Cycle
[2024-08-29T23:16:09.432+0800] GC(2007) Concurrent Clear Claimed Marks
[2024-08-29T23:16:09.432+0800] GC(2007) Concurrent Clear Claimed Marks 0.006ms
[2024-08-29T23:16:09.432+0800] GC(2007) Concurrent Scan Root Regions
[2024-08-29T23:16:09.432+0800] GC(2007) Concurrent Scan Root Regions 0.004ms
[2024-08-29T23:16:09.432+0800] GC(2007) Concurrent Mark
[2024-08-29T23:16:09.432+0800] GC(2007) Concurrent Mark From Roots
[2024-08-29T23:16:09.432+0800] GC(2007) Using 2 workers of 2 for marking
[2024-08-29T23:16:09.435+0800] GC(2007) Concurrent Mark From Roots 2.831ms
[2024-08-29T23:16:09.435+0800] GC(2007) Concurrent Preclean
[2024-08-29T23:16:09.435+0800] GC(2007) Concurrent Preclean 0.091ms
[2024-08-29T23:16:09.435+0800] GC(2007) Pause Remark
[2024-08-29T23:16:09.436+0800] GC(2007) Pause Remark 1036M->1036M(2048M) 1.002ms
[2024-08-29T23:16:09.436+0800] GC(2007) User=0.00s Sys=0.01s Real=0.00s
[2024-08-29T23:16:09.436+0800] GC(2007) Concurrent Mark 4.106ms
[2024-08-29T23:16:09.436+0800] GC(2007) Concurrent Rebuild Remembered Sets
[2024-08-29T23:16:09.436+0800] GC(2007) Concurrent Rebuild Remembered Sets 0.006ms
[2024-08-29T23:16:09.437+0800] GC(2007) Pause Cleanup
[2024-08-29T23:16:09.437+0800] GC(2007) Pause Cleanup 1036M->1036M(2048M) 0.011ms
[2024-08-29T23:16:09.437+0800] GC(2007) User=0.00s Sys=0.00s Real=0.00s
[2024-08-29T23:16:09.437+0800] GC(2007) Concurrent Cleanup for Next Mark
[2024-08-29T23:16:09.440+0800] GC(2007) Concurrent Cleanup for Next Mark 3.390ms
[2024-08-29T23:16:09.440+0800] GC(2007) Concurrent Mark Cycle 7.691ms
[2024-08-29T23:16:09.440+0800] GC(2008) Pause Young (Concurrent Start) (G1 Humongous Allocation)
[2024-08-29T23:16:09.441+0800] GC(2008) Using 8 workers of 8 for evacuation
[2024-08-29T23:16:09.441+0800] GC(2008)   Pre Evacuate Collection Set: 0.2ms
[2024-08-29T23:16:09.441+0800] GC(2008)   Merge Heap Roots: 0.1ms
[2024-08-29T23:16:09.441+0800] GC(2008)   Evacuate Collection Set: 0.2ms
[2024-08-29T23:16:09.441+0800] GC(2008)   Post Evacuate Collection Set: 0.3ms
[2024-08-29T23:16:09.441+0800] GC(2008)   Other: 0.1ms
[2024-08-29T23:16:09.441+0800] GC(2008) Eden regions: 3->0(829)
[2024-08-29T23:16:09.441+0800] GC(2008) Survivor regions: 0->0(104)
[2024-08-29T23:16:09.441+0800] GC(2008) Old regions: 1->1
[2024-08-29T23:16:09.441+0800] GC(2008) Archive regions: 2->2
[2024-08-29T23:16:09.441+0800] GC(2008) Humongous regions: 1034->1010
[2024-08-29T23:16:09.441+0800] GC(2008) Metaspace: 1630K(1792K)->1630K(1792K) NonClass: 1510K(1600K)->1510K(1600K) Class: 119K(192K)->119K(192K)
[2024-08-29T23:16:09.441+0800] GC(2008) Pause Young (Concurrent Start) (G1 Humongous Allocation) 1038M->1011M(2048M) 0.908ms
[2024-08-29T23:16:09.441+0800] GC(2008) User=0.00s Sys=0.00s Real=0.00s
[2024-08-29T23:16:09.441+0800] GC(2009) Concurrent Mark Cycle
[2024-08-29T23:16:09.441+0800] GC(2009) Concurrent Clear Claimed Marks
[2024-08-29T23:16:09.441+0800] GC(2009) Concurrent Clear Claimed Marks 0.005ms
[2024-08-29T23:16:09.441+0800] GC(2009) Concurrent Scan Root Regions
[2024-08-29T23:16:09.442+0800] GC(2009) Concurrent Scan Root Regions 0.004ms
[2024-08-29T23:16:09.442+0800] GC(2009) Concurrent Mark
[2024-08-29T23:16:09.442+0800] GC(2009) Concurrent Mark From Roots
[2024-08-29T23:16:09.442+0800] GC(2009) Using 2 workers of 2 for marking
[2024-08-29T23:16:09.443+0800] GC(2009) Concurrent Mark From Roots 1.909ms
[2024-08-29T23:16:09.443+0800] GC(2009) Concurrent Preclean
[2024-08-29T23:16:09.444+0800] GC(2009) Concurrent Preclean 0.095ms
[2024-08-29T23:16:09.444+0800] GC(2009) Pause Remark
[2024-08-29T23:16:09.445+0800] GC(2009) Pause Remark 1018M->1018M(2048M) 0.943ms
[2024-08-29T23:16:09.445+0800] GC(2009) User=0.00s Sys=0.00s Real=0.00s
[2024-08-29T23:16:09.445+0800] GC(2009) Concurrent Mark 3.113ms
[2024-08-29T23:16:09.445+0800] GC(2009) Concurrent Rebuild Remembered Sets
[2024-08-29T23:16:09.445+0800] GC(2009) Concurrent Rebuild Remembered Sets 0.005ms
[2024-08-29T23:16:09.445+0800] GC(2009) Pause Cleanup
[2024-08-29T23:16:09.445+0800] GC(2009) Pause Cleanup 1025M->1025M(2048M) 0.022ms
[2024-08-29T23:16:09.445+0800] GC(2009) User=0.00s Sys=0.00s Real=0.00s
[2024-08-29T23:16:09.446+0800] GC(2009) Concurrent Cleanup for Next Mark
[2024-08-29T23:16:09.451+0800] GC(2009) Concurrent Cleanup for Next Mark 5.878ms
[2024-08-29T23:16:09.452+0800] GC(2009) Concurrent Mark Cycle 10.051ms
[2024-08-29T23:16:09.453+0800] GC(2010) Pause Young (Concurrent Start) (G1 Humongous Allocation)
[2024-08-29T23:16:09.453+0800] GC(2010) Using 8 workers of 8 for evacuation
[2024-08-29T23:16:09.454+0800] GC(2010)   Pre Evacuate Collection Set: 0.2ms
[2024-08-29T23:16:09.454+0800] GC(2010)   Merge Heap Roots: 0.1ms
[2024-08-29T23:16:09.454+0800] GC(2010)   Evacuate Collection Set: 0.3ms
[2024-08-29T23:16:09.454+0800] GC(2010)   Post Evacuate Collection Set: 0.3ms
[2024-08-29T23:16:09.454+0800] GC(2010)   Other: 0.2ms
[2024-08-29T23:16:09.454+0800] GC(2010) Eden regions: 3->0(820)
[2024-08-29T23:16:09.454+0800] GC(2010) Survivor regions: 0->0(104)
[2024-08-29T23:16:09.454+0800] GC(2010) Old regions: 1->1
[2024-08-29T23:16:09.454+0800] GC(2010) Archive regions: 2->2
[2024-08-29T23:16:09.454+0800] GC(2010) Humongous regions: 1043->1019
[2024-08-29T23:16:09.454+0800] GC(2010) Metaspace: 1630K(1792K)->1630K(1792K) NonClass: 1510K(1600K)->1510K(1600K) Class: 119K(192K)->119K(192K)
[2024-08-29T23:16:09.454+0800] GC(2010) Pause Young (Concurrent Start) (G1 Humongous Allocation) 1047M->1020M(2048M) 1.229ms
[2024-08-29T23:16:09.454+0800] GC(2010) User=0.00s Sys=0.00s Real=0.00s
[2024-08-29T23:16:09.454+0800] GC(2011) Concurrent Mark Cycle
[2024-08-29T23:16:09.454+0800] GC(2011) Concurrent Clear Claimed Marks
[2024-08-29T23:16:09.454+0800] GC(2011) Concurrent Clear Claimed Marks 0.006ms
[2024-08-29T23:16:09.454+0800] GC(2011) Concurrent Scan Root Regions
[2024-08-29T23:16:09.454+0800] GC(2011) Concurrent Scan Root Regions 0.004ms
[2024-08-29T23:16:09.454+0800] GC(2011) Concurrent Mark
[2024-08-29T23:16:09.454+0800] GC(2011) Concurrent Mark From Roots
[2024-08-29T23:16:09.454+0800] GC(2011) Using 2 workers of 2 for marking
[2024-08-29T23:16:09.457+0800] GC(2011) Concurrent Mark From Roots 2.968ms
[2024-08-29T23:16:09.457+0800] GC(2011) Concurrent Preclean
[2024-08-29T23:16:09.457+0800] GC(2011) Concurrent Preclean 0.087ms
[2024-08-29T23:16:09.457+0800] GC(2011) Pause Remark
[2024-08-29T23:16:09.458+0800] GC(2011) Pause Remark 1033M->1033M(2048M) 1.081ms
[2024-08-29T23:16:09.458+0800] GC(2011) User=0.00s Sys=0.01s Real=0.00s
[2024-08-29T23:16:09.458+0800] GC(2011) Concurrent Mark 4.286ms
[2024-08-29T23:16:09.458+0800] GC(2011) Concurrent Rebuild Remembered Sets
[2024-08-29T23:16:09.458+0800] GC(2011) Concurrent Rebuild Remembered Sets 0.005ms
[2024-08-29T23:16:09.459+0800] GC(2011) Pause Cleanup
[2024-08-29T23:16:09.459+0800] GC(2011) Pause Cleanup 1037M->1037M(2048M) 0.020ms
[2024-08-29T23:16:09.459+0800] GC(2011) User=0.00s Sys=0.00s Real=0.00s
[2024-08-29T23:16:09.460+0800] GC(2011) Concurrent Cleanup for Next Mark
[2024-08-29T23:16:09.464+0800] GC(2011) Concurrent Cleanup for Next Mark 4.521ms
[2024-08-29T23:16:09.464+0800] GC(2011) Concurrent Mark Cycle 10.286ms
[2024-08-29T23:16:09.466+0800] GC(2012) Pause Young (Concurrent Start) (G1 Humongous Allocation)
[2024-08-29T23:16:09.466+0800] GC(2012) Using 8 workers of 8 for evacuation
[2024-08-29T23:16:09.467+0800] GC(2012)   Pre Evacuate Collection Set: 0.2ms
[2024-08-29T23:16:09.467+0800] GC(2012)   Merge Heap Roots: 0.1ms
[2024-08-29T23:16:09.467+0800] GC(2012)   Evacuate Collection Set: 0.7ms
[2024-08-29T23:16:09.467+0800] GC(2012)   Post Evacuate Collection Set: 0.3ms
[2024-08-29T23:16:09.467+0800] GC(2012)   Other: 0.1ms
[2024-08-29T23:16:09.467+0800] GC(2012) Eden regions: 4->0(825)
[2024-08-29T23:16:09.467+0800] GC(2012) Survivor regions: 0->0(103)
[2024-08-29T23:16:09.467+0800] GC(2012) Old regions: 1->1
[2024-08-29T23:16:09.467+0800] GC(2012) Archive regions: 2->2
[2024-08-29T23:16:09.467+0800] GC(2012) Humongous regions: 1043->1014
[2024-08-29T23:16:09.467+0800] GC(2012) Metaspace: 1630K(1792K)->1630K(1792K) NonClass: 1510K(1600K)->1510K(1600K) Class: 119K(192K)->119K(192K)
[2024-08-29T23:16:09.467+0800] GC(2012) Pause Young (Concurrent Start) (G1 Humongous Allocation) 1047M->1015M(2048M) 1.540ms
[2024-08-29T23:16:09.467+0800] GC(2012) User=0.01s Sys=0.00s Real=0.00s
[2024-08-29T23:16:09.467+0800] GC(2013) Concurrent Mark Cycle
[2024-08-29T23:16:09.467+0800] GC(2013) Concurrent Clear Claimed Marks
[2024-08-29T23:16:09.467+0800] GC(2013) Concurrent Clear Claimed Marks 0.006ms
[2024-08-29T23:16:09.467+0800] GC(2013) Concurrent Scan Root Regions
[2024-08-29T23:16:09.467+0800] GC(2013) Concurrent Scan Root Regions 0.004ms
[2024-08-29T23:16:09.467+0800] GC(2013) Concurrent Mark
[2024-08-29T23:16:09.467+0800] GC(2013) Concurrent Mark From Roots
[2024-08-29T23:16:09.467+0800] GC(2013) Using 2 workers of 2 for marking
[2024-08-29T23:16:09.470+0800] GC(2013) Concurrent Mark From Roots 2.866ms
[2024-08-29T23:16:09.470+0800] GC(2013) Concurrent Preclean
[2024-08-29T23:16:09.470+0800] GC(2013) Concurrent Preclean 0.076ms
[2024-08-29T23:16:09.470+0800] GC(2013) Pause Remark
[2024-08-29T23:16:09.471+0800] GC(2013) Pause Remark 1037M->1037M(2048M) 0.968ms
[2024-08-29T23:16:09.471+0800] GC(2013) User=0.00s Sys=0.00s Real=0.00s
[2024-08-29T23:16:09.471+0800] GC(2013) Concurrent Mark 4.131ms
[2024-08-29T23:16:09.471+0800] GC(2013) Concurrent Rebuild Remembered Sets
[2024-08-29T23:16:09.471+0800] GC(2013) Concurrent Rebuild Remembered Sets 0.007ms
[2024-08-29T23:16:09.472+0800] GC(2013) Pause Cleanup
[2024-08-29T23:16:09.472+0800] GC(2013) Pause Cleanup 1042M->1042M(2048M) 0.013ms
[2024-08-29T23:16:09.472+0800] GC(2013) User=0.00s Sys=0.00s Real=0.00s
[2024-08-29T23:16:09.472+0800] GC(2013) Concurrent Cleanup for Next Mark
[2024-08-29T23:16:09.476+0800] GC(2013) Concurrent Cleanup for Next Mark 4.407ms
[2024-08-29T23:16:09.476+0800] GC(2013) Concurrent Mark Cycle 9.290ms
[2024-08-29T23:16:09.478+0800] GC(2014) Pause Young (Concurrent Start) (G1 Humongous Allocation)
[2024-08-29T23:16:09.478+0800] GC(2014) Using 8 workers of 8 for evacuation
[2024-08-29T23:16:09.479+0800] GC(2014)   Pre Evacuate Collection Set: 0.2ms
[2024-08-29T23:16:09.479+0800] GC(2014)   Merge Heap Roots: 0.1ms
[2024-08-29T23:16:09.479+0800] GC(2014)   Evacuate Collection Set: 0.3ms
[2024-08-29T23:16:09.479+0800] GC(2014)   Post Evacuate Collection Set: 0.3ms
[2024-08-29T23:16:09.479+0800] GC(2014)   Other: 0.1ms
[2024-08-29T23:16:09.479+0800] GC(2014) Eden regions: 4->0(825)
[2024-08-29T23:16:09.479+0800] GC(2014) Survivor regions: 0->0(104)
[2024-08-29T23:16:09.479+0800] GC(2014) Old regions: 1->1
[2024-08-29T23:16:09.479+0800] GC(2014) Archive regions: 2->2
[2024-08-29T23:16:09.479+0800] GC(2014) Humongous regions: 1049->1014
[2024-08-29T23:16:09.479+0800] GC(2014) Metaspace: 1630K(1792K)->1630K(1792K) NonClass: 1510K(1600K)->1510K(1600K) Class: 119K(192K)->119K(192K)
[2024-08-29T23:16:09.479+0800] GC(2014) Pause Young (Concurrent Start) (G1 Humongous Allocation) 1053M->1015M(2048M) 1.148ms
[2024-08-29T23:16:09.479+0800] GC(2014) User=0.00s Sys=0.00s Real=0.00s
[2024-08-29T23:16:09.479+0800] GC(2015) Concurrent Mark Cycle
[2024-08-29T23:16:09.479+0800] GC(2015) Concurrent Clear Claimed Marks
[2024-08-29T23:16:09.479+0800] GC(2015) Concurrent Clear Claimed Marks 0.007ms
[2024-08-29T23:16:09.479+0800] GC(2015) Concurrent Scan Root Regions
[2024-08-29T23:16:09.479+0800] GC(2015) Concurrent Scan Root Regions 0.004ms
[2024-08-29T23:16:09.479+0800] GC(2015) Concurrent Mark
[2024-08-29T23:16:09.479+0800] GC(2015) Concurrent Mark From Roots
[2024-08-29T23:16:09.479+0800] GC(2015) Using 2 workers of 2 for marking
[2024-08-29T23:16:09.482+0800] GC(2015) Concurrent Mark From Roots 2.641ms
[2024-08-29T23:16:09.482+0800] GC(2015) Concurrent Preclean
[2024-08-29T23:16:09.482+0800] GC(2015) Concurrent Preclean 0.096ms
[2024-08-29T23:16:09.483+0800] GC(2015) Pause Remark
[2024-08-29T23:16:09.484+0800] GC(2015) Pause Remark 1038M->1038M(2048M) 1.142ms
[2024-08-29T23:16:09.484+0800] GC(2015) User=0.00s Sys=0.00s Real=0.00s
[2024-08-29T23:16:09.484+0800] GC(2015) Concurrent Mark 4.998ms
[2024-08-29T23:16:09.484+0800] GC(2015) Concurrent Rebuild Remembered Sets
[2024-08-29T23:16:09.484+0800] GC(2015) Concurrent Rebuild Remembered Sets 0.005ms
[2024-08-29T23:16:09.484+0800] GC(2015) Pause Cleanup
[2024-08-29T23:16:09.484+0800] GC(2015) Pause Cleanup 1039M->1039M(2048M) 0.012ms
[2024-08-29T23:16:09.484+0800] GC(2015) User=0.00s Sys=0.00s Real=0.00s
[2024-08-29T23:16:09.484+0800] GC(2015) Concurrent Cleanup for Next Mark
[2024-08-29T23:16:09.488+0800] GC(2015) Concurrent Cleanup for Next Mark 3.964ms
[2024-08-29T23:16:09.488+0800] GC(2015) Concurrent Mark Cycle 9.156ms
[2024-08-29T23:16:09.489+0800] GC(2016) Pause Young (Concurrent Start) (G1 Humongous Allocation)
[2024-08-29T23:16:09.489+0800] GC(2016) Using 8 workers of 8 for evacuation
[2024-08-29T23:16:09.490+0800] GC(2016)   Pre Evacuate Collection Set: 0.2ms
[2024-08-29T23:16:09.490+0800] GC(2016)   Merge Heap Roots: 0.1ms
[2024-08-29T23:16:09.490+0800] GC(2016)   Evacuate Collection Set: 0.3ms
[2024-08-29T23:16:09.490+0800] GC(2016)   Post Evacuate Collection Set: 0.3ms
[2024-08-29T23:16:09.490+0800] GC(2016)   Other: 0.1ms
[2024-08-29T23:16:09.490+0800] GC(2016) Eden regions: 4->0(821)
[2024-08-29T23:16:09.490+0800] GC(2016) Survivor regions: 0->0(104)
[2024-08-29T23:16:09.490+0800] GC(2016) Old regions: 1->1
[2024-08-29T23:16:09.490+0800] GC(2016) Archive regions: 2->2
[2024-08-29T23:16:09.490+0800] GC(2016) Humongous regions: 1042->1018
[2024-08-29T23:16:09.490+0800] GC(2016) Metaspace: 1630K(1792K)->1630K(1792K) NonClass: 1510K(1600K)->1510K(1600K) Class: 119K(192K)->119K(192K)
[2024-08-29T23:16:09.490+0800] GC(2016) Pause Young (Concurrent Start) (G1 Humongous Allocation) 1047M->1019M(2048M) 1.232ms
[2024-08-29T23:16:09.490+0800] GC(2016) User=0.00s Sys=0.00s Real=0.00s
[2024-08-29T23:16:09.490+0800] GC(2017) Concurrent Mark Cycle
[2024-08-29T23:16:09.490+0800] GC(2017) Concurrent Clear Claimed Marks
[2024-08-29T23:16:09.490+0800] GC(2017) Concurrent Clear Claimed Marks 0.006ms
[2024-08-29T23:16:09.490+0800] GC(2017) Concurrent Scan Root Regions
[2024-08-29T23:16:09.490+0800] GC(2017) Concurrent Scan Root Regions 0.004ms
[2024-08-29T23:16:09.490+0800] GC(2017) Concurrent Mark
[2024-08-29T23:16:09.490+0800] GC(2017) Concurrent Mark From Roots
[2024-08-29T23:16:09.490+0800] GC(2017) Using 2 workers of 2 for marking
[2024-08-29T23:16:09.493+0800] GC(2017) Concurrent Mark From Roots 2.830ms
[2024-08-29T23:16:09.493+0800] GC(2017) Concurrent Preclean
[2024-08-29T23:16:09.493+0800] GC(2017) Concurrent Preclean 0.119ms
[2024-08-29T23:16:09.493+0800] GC(2017) Pause Remark
[2024-08-29T23:16:09.495+0800] GC(2017) Pause Remark 1035M->1035M(2048M) 1.305ms
[2024-08-29T23:16:09.495+0800] GC(2017) User=0.00s Sys=0.00s Real=0.00s
[2024-08-29T23:16:09.495+0800] GC(2017) Concurrent Mark 4.469ms
[2024-08-29T23:16:09.495+0800] GC(2017) Concurrent Rebuild Remembered Sets
[2024-08-29T23:16:09.495+0800] GC(2017) Concurrent Rebuild Remembered Sets 0.005ms
[2024-08-29T23:16:09.495+0800] GC(2017) Pause Cleanup
[2024-08-29T23:16:09.495+0800] GC(2017) Pause Cleanup 1035M->1035M(2048M) 0.017ms
[2024-08-29T23:16:09.495+0800] GC(2017) User=0.00s Sys=0.00s Real=0.00s
[2024-08-29T23:16:09.495+0800] GC(2017) Concurrent Cleanup for Next Mark
[2024-08-29T23:16:09.500+0800] GC(2017) Concurrent Cleanup for Next Mark 4.900ms
[2024-08-29T23:16:09.500+0800] GC(2017) Concurrent Mark Cycle 9.596ms
[2024-08-29T23:16:09.501+0800] GC(2018) Pause Young (Concurrent Start) (G1 Humongous Allocation)
[2024-08-29T23:16:09.501+0800] GC(2018) Using 8 workers of 8 for evacuation
[2024-08-29T23:16:09.502+0800] GC(2018)   Pre Evacuate Collection Set: 0.2ms
[2024-08-29T23:16:09.502+0800] GC(2018)   Merge Heap Roots: 0.1ms
[2024-08-29T23:16:09.502+0800] GC(2018)   Evacuate Collection Set: 0.4ms
[2024-08-29T23:16:09.502+0800] GC(2018)   Post Evacuate Collection Set: 0.3ms
[2024-08-29T23:16:09.502+0800] GC(2018)   Other: 0.2ms
[2024-08-29T23:16:09.502+0800] GC(2018) Eden regions: 4->0(817)
[2024-08-29T23:16:09.502+0800] GC(2018) Survivor regions: 0->1(103)
[2024-08-29T23:16:09.502+0800] GC(2018) Old regions: 1->1
[2024-08-29T23:16:09.502+0800] GC(2018) Archive regions: 2->2
[2024-08-29T23:16:09.502+0800] GC(2018) Humongous regions: 1047->1021
[2024-08-29T23:16:09.502+0800] GC(2018) Metaspace: 1630K(1792K)->1630K(1792K) NonClass: 1510K(1600K)->1510K(1600K) Class: 119K(192K)->119K(192K)
[2024-08-29T23:16:09.502+0800] GC(2018) Pause Young (Concurrent Start) (G1 Humongous Allocation) 1051M->1022M(2048M) 1.241ms
[2024-08-29T23:16:09.502+0800] GC(2018) User=0.00s Sys=0.00s Real=0.00s
[2024-08-29T23:16:09.502+0800] GC(2019) Concurrent Mark Cycle
[2024-08-29T23:16:09.502+0800] GC(2019) Concurrent Clear Claimed Marks
[2024-08-29T23:16:09.502+0800] GC(2019) Concurrent Clear Claimed Marks 0.009ms
[2024-08-29T23:16:09.502+0800] GC(2019) Concurrent Scan Root Regions
[2024-08-29T23:16:09.502+0800] GC(2019) Concurrent Scan Root Regions 0.102ms
[2024-08-29T23:16:09.502+0800] GC(2019) Concurrent Mark
[2024-08-29T23:16:09.502+0800] GC(2019) Concurrent Mark From Roots
[2024-08-29T23:16:09.502+0800] GC(2019) Using 2 workers of 2 for marking
[2024-08-29T23:16:09.505+0800] GC(2019) Concurrent Mark From Roots 2.829ms
[2024-08-29T23:16:09.505+0800] GC(2019) Concurrent Preclean
[2024-08-29T23:16:09.505+0800] GC(2019) Concurrent Preclean 0.083ms
[2024-08-29T23:16:09.505+0800] GC(2019) Pause Remark
[2024-08-29T23:16:09.506+0800] GC(2019) Pause Remark 1032M->1032M(2048M) 0.975ms
[2024-08-29T23:16:09.506+0800] GC(2019) User=0.00s Sys=0.00s Real=0.00s
[2024-08-29T23:16:09.506+0800] GC(2019) Concurrent Mark 4.076ms
[2024-08-29T23:16:09.506+0800] GC(2019) Concurrent Rebuild Remembered Sets
[2024-08-29T23:16:09.506+0800] GC(2019) Concurrent Rebuild Remembered Sets 0.006ms
[2024-08-29T23:16:09.507+0800] GC(2019) Pause Cleanup
[2024-08-29T23:16:09.507+0800] GC(2019) Pause Cleanup 1036M->1036M(2048M) 0.019ms
[2024-08-29T23:16:09.507+0800] GC(2019) User=0.00s Sys=0.00s Real=0.00s
[2024-08-29T23:16:09.507+0800] GC(2019) Concurrent Cleanup for Next Mark
[2024-08-29T23:16:09.511+0800] GC(2019) Concurrent Cleanup for Next Mark 3.681ms
[2024-08-29T23:16:09.511+0800] GC(2019) Concurrent Mark Cycle 8.712ms
[2024-08-29T23:16:09.511+0800] GC(2020) Pause Young (Concurrent Start) (G1 Humongous Allocation)
[2024-08-29T23:16:09.511+0800] GC(2020) Using 8 workers of 8 for evacuation
[2024-08-29T23:16:09.512+0800] GC(2020)   Pre Evacuate Collection Set: 0.3ms
[2024-08-29T23:16:09.512+0800] GC(2020)   Merge Heap Roots: 0.1ms
[2024-08-29T23:16:09.512+0800] GC(2020)   Evacuate Collection Set: 0.4ms
[2024-08-29T23:16:09.512+0800] GC(2020)   Post Evacuate Collection Set: 0.3ms
[2024-08-29T23:16:09.512+0800] GC(2020)   Other: 0.2ms
[2024-08-29T23:16:09.512+0800] GC(2020) Eden regions: 4->0(831)
[2024-08-29T23:16:09.512+0800] GC(2020) Survivor regions: 1->0(103)
[2024-08-29T23:16:09.512+0800] GC(2020) Old regions: 1->1
[2024-08-29T23:16:09.512+0800] GC(2020) Archive regions: 2->2
[2024-08-29T23:16:09.512+0800] GC(2020) Humongous regions: 1034->1008
[2024-08-29T23:16:09.512+0800] GC(2020) Metaspace: 1630K(1792K)->1630K(1792K) NonClass: 1510K(1600K)->1510K(1600K) Class: 119K(192K)->119K(192K)
[2024-08-29T23:16:09.512+0800] GC(2020) Pause Young (Concurrent Start) (G1 Humongous Allocation) 1039M->1009M(2048M) 1.326ms
[2024-08-29T23:16:09.512+0800] GC(2020) User=0.00s Sys=0.00s Real=0.00s
[2024-08-29T23:16:09.512+0800] GC(2021) Concurrent Mark Cycle
[2024-08-29T23:16:09.513+0800] GC(2021) Concurrent Clear Claimed Marks
[2024-08-29T23:16:09.513+0800] GC(2021) Concurrent Clear Claimed Marks 0.007ms
[2024-08-29T23:16:09.513+0800] GC(2021) Concurrent Scan Root Regions
[2024-08-29T23:16:09.513+0800] GC(2021) Concurrent Scan Root Regions 0.004ms
[2024-08-29T23:16:09.513+0800] GC(2021) Concurrent Mark
[2024-08-29T23:16:09.513+0800] GC(2021) Concurrent Mark From Roots
[2024-08-29T23:16:09.513+0800] GC(2021) Using 2 workers of 2 for marking
[2024-08-29T23:16:09.515+0800] GC(2021) Concurrent Mark From Roots 2.744ms
[2024-08-29T23:16:09.515+0800] GC(2021) Concurrent Preclean
[2024-08-29T23:16:09.515+0800] GC(2021) Concurrent Preclean 0.081ms
[2024-08-29T23:16:09.515+0800] GC(2021) Pause Remark
[2024-08-29T23:16:09.516+0800] GC(2021) Pause Remark 1023M->1023M(2048M) 1.017ms
[2024-08-29T23:16:09.516+0800] GC(2021) User=0.00s Sys=0.00s Real=0.00s
[2024-08-29T23:16:09.517+0800] GC(2021) Concurrent Mark 4.005ms
[2024-08-29T23:16:09.517+0800] GC(2021) Concurrent Rebuild Remembered Sets
[2024-08-29T23:16:09.517+0800] GC(2021) Concurrent Rebuild Remembered Sets 0.007ms
[2024-08-29T23:16:09.517+0800] GC(2021) Pause Cleanup
[2024-08-29T23:16:09.517+0800] GC(2021) Pause Cleanup 1025M->1025M(2048M) 0.041ms
[2024-08-29T23:16:09.517+0800] GC(2021) User=0.00s Sys=0.00s Real=0.00s
[2024-08-29T23:16:09.517+0800] GC(2021) Concurrent Cleanup for Next Mark
[2024-08-29T23:16:09.520+0800] GC(2021) Concurrent Cleanup for Next Mark 3.080ms
[2024-08-29T23:16:09.520+0800] GC(2021) Concurrent Mark Cycle 7.567ms
[2024-08-29T23:16:09.522+0800] GC(2022) Pause Young (Concurrent Start) (G1 Humongous Allocation)
[2024-08-29T23:16:09.522+0800] GC(2022) Using 8 workers of 8 for evacuation
[2024-08-29T23:16:09.523+0800] GC(2022)   Pre Evacuate Collection Set: 0.2ms
[2024-08-29T23:16:09.523+0800] GC(2022)   Merge Heap Roots: 0.1ms
[2024-08-29T23:16:09.523+0800] GC(2022)   Evacuate Collection Set: 0.5ms
[2024-08-29T23:16:09.523+0800] GC(2022)   Post Evacuate Collection Set: 0.3ms
[2024-08-29T23:16:09.523+0800] GC(2022)   Other: 0.1ms
[2024-08-29T23:16:09.523+0800] GC(2022) Eden regions: 3->0(845)
[2024-08-29T23:16:09.523+0800] GC(2022) Survivor regions: 0->0(104)
[2024-08-29T23:16:09.523+0800] GC(2022) Old regions: 1->1
[2024-08-29T23:16:09.523+0800] GC(2022) Archive regions: 2->2
[2024-08-29T23:16:09.523+0800] GC(2022) Humongous regions: 1021->994
[2024-08-29T23:16:09.523+0800] GC(2022) Metaspace: 1630K(1792K)->1630K(1792K) NonClass: 1510K(1600K)->1510K(1600K) Class: 119K(192K)->119K(192K)
[2024-08-29T23:16:09.523+0800] GC(2022) Pause Young (Concurrent Start) (G1 Humongous Allocation) 1025M->995M(2048M) 1.359ms
[2024-08-29T23:16:09.523+0800] GC(2022) User=0.00s Sys=0.01s Real=0.01s
[2024-08-29T23:16:09.523+0800] GC(2023) Concurrent Mark Cycle
[2024-08-29T23:16:09.523+0800] GC(2023) Concurrent Clear Claimed Marks
[2024-08-29T23:16:09.523+0800] GC(2023) Concurrent Clear Claimed Marks 0.007ms
[2024-08-29T23:16:09.523+0800] GC(2023) Concurrent Scan Root Regions
[2024-08-29T23:16:09.523+0800] GC(2023) Concurrent Scan Root Regions 0.004ms
[2024-08-29T23:16:09.523+0800] GC(2023) Concurrent Mark
[2024-08-29T23:16:09.523+0800] GC(2023) Concurrent Mark From Roots
[2024-08-29T23:16:09.523+0800] GC(2023) Using 2 workers of 2 for marking
[2024-08-29T23:16:09.526+0800] GC(2023) Concurrent Mark From Roots 2.952ms
[2024-08-29T23:16:09.526+0800] GC(2023) Concurrent Preclean
[2024-08-29T23:16:09.526+0800] GC(2023) Concurrent Preclean 0.080ms
[2024-08-29T23:16:09.526+0800] GC(2023) Pause Remark
[2024-08-29T23:16:09.528+0800] GC(2023) Pause Remark 1008M->1008M(2048M) 1.088ms
[2024-08-29T23:16:09.528+0800] GC(2023) User=0.01s Sys=0.00s Real=0.00s
[2024-08-29T23:16:09.528+0800] GC(2023) Concurrent Mark 4.286ms
[2024-08-29T23:16:09.528+0800] GC(2023) Concurrent Rebuild Remembered Sets
[2024-08-29T23:16:09.528+0800] GC(2023) Concurrent Rebuild Remembered Sets 0.005ms
[2024-08-29T23:16:09.528+0800] GC(2023) Pause Cleanup
[2024-08-29T23:16:09.528+0800] GC(2023) Pause Cleanup 1008M->1008M(2048M) 0.014ms
[2024-08-29T23:16:09.528+0800] GC(2023) User=0.00s Sys=0.00s Real=0.00s
[2024-08-29T23:16:09.528+0800] GC(2023) Concurrent Cleanup for Next Mark
[2024-08-29T23:16:09.531+0800] GC(2023) Concurrent Cleanup for Next Mark 3.378ms
[2024-08-29T23:16:09.531+0800] GC(2023) Concurrent Mark Cycle 8.105ms
[2024-08-29T23:16:09.532+0800] GC(2024) Pause Young (Concurrent Start) (G1 Humongous Allocation)
[2024-08-29T23:16:09.532+0800] GC(2024) Using 8 workers of 8 for evacuation
[2024-08-29T23:16:09.533+0800] GC(2024)   Pre Evacuate Collection Set: 0.1ms
[2024-08-29T23:16:09.533+0800] GC(2024)   Merge Heap Roots: 0.1ms
[2024-08-29T23:16:09.533+0800] GC(2024)   Evacuate Collection Set: 0.3ms
[2024-08-29T23:16:09.533+0800] GC(2024)   Post Evacuate Collection Set: 0.3ms
[2024-08-29T23:16:09.533+0800] GC(2024)   Other: 0.1ms
[2024-08-29T23:16:09.533+0800] GC(2024) Eden regions: 3->0(857)
[2024-08-29T23:16:09.533+0800] GC(2024) Survivor regions: 0->0(106)
[2024-08-29T23:16:09.533+0800] GC(2024) Old regions: 1->1
[2024-08-29T23:16:09.533+0800] GC(2024) Archive regions: 2->2
[2024-08-29T23:16:09.533+0800] GC(2024) Humongous regions: 1008->982
[2024-08-29T23:16:09.533+0800] GC(2024) Metaspace: 1630K(1792K)->1630K(1792K) NonClass: 1510K(1600K)->1510K(1600K) Class: 119K(192K)->119K(192K)
[2024-08-29T23:16:09.533+0800] GC(2024) Pause Young (Concurrent Start) (G1 Humongous Allocation) 1012M->983M(2048M) 1.050ms
[2024-08-29T23:16:09.533+0800] GC(2024) User=0.00s Sys=0.00s Real=0.01s
[2024-08-29T23:16:09.533+0800] GC(2025) Concurrent Mark Cycle
[2024-08-29T23:16:09.533+0800] GC(2025) Concurrent Clear Claimed Marks
[2024-08-29T23:16:09.533+0800] GC(2025) Concurrent Clear Claimed Marks 0.006ms
[2024-08-29T23:16:09.533+0800] GC(2025) Concurrent Scan Root Regions
[2024-08-29T23:16:09.533+0800] GC(2025) Concurrent Scan Root Regions 0.004ms
[2024-08-29T23:16:09.533+0800] GC(2025) Concurrent Mark
[2024-08-29T23:16:09.533+0800] GC(2025) Concurrent Mark From Roots
[2024-08-29T23:16:09.533+0800] GC(2025) Using 2 workers of 2 for marking
[2024-08-29T23:16:09.535+0800] GC(2025) Concurrent Mark From Roots 2.410ms
[2024-08-29T23:16:09.535+0800] GC(2025) Concurrent Preclean
[2024-08-29T23:16:09.536+0800] GC(2025) Concurrent Preclean 0.097ms
[2024-08-29T23:16:09.536+0800] GC(2025) Pause Remark
[2024-08-29T23:16:09.537+0800] GC(2025) Pause Remark 992M->992M(2048M) 1.056ms
[2024-08-29T23:16:09.537+0800] GC(2025) User=0.00s Sys=0.00s Real=0.00s
[2024-08-29T23:16:09.537+0800] GC(2025) Concurrent Mark 3.726ms
[2024-08-29T23:16:09.537+0800] GC(2025) Concurrent Rebuild Remembered Sets
[2024-08-29T23:16:09.537+0800] GC(2025) Concurrent Rebuild Remembered Sets 0.006ms
[2024-08-29T23:16:09.538+0800] GC(2025) Pause Cleanup
[2024-08-29T23:16:09.538+0800] GC(2025) Pause Cleanup 994M->994M(2048M) 0.024ms
[2024-08-29T23:16:09.538+0800] GC(2025) User=0.00s Sys=0.00s Real=0.00s
[2024-08-29T23:16:09.538+0800] GC(2025) Concurrent Cleanup for Next Mark
[2024-08-29T23:16:09.542+0800] GC(2025) Concurrent Cleanup for Next Mark 4.206ms
[2024-08-29T23:16:09.542+0800] GC(2025) Concurrent Mark Cycle 9.202ms
[2024-08-29T23:16:09.543+0800] GC(2026) Pause Young (Concurrent Start) (G1 Humongous Allocation)
[2024-08-29T23:16:09.543+0800] GC(2026) Using 8 workers of 8 for evacuation
[2024-08-29T23:16:09.544+0800] GC(2026)   Pre Evacuate Collection Set: 0.2ms
[2024-08-29T23:16:09.544+0800] GC(2026)   Merge Heap Roots: 0.1ms
[2024-08-29T23:16:09.544+0800] GC(2026)   Evacuate Collection Set: 0.3ms
[2024-08-29T23:16:09.544+0800] GC(2026)   Post Evacuate Collection Set: 0.3ms
[2024-08-29T23:16:09.544+0800] GC(2026)   Other: 0.1ms
[2024-08-29T23:16:09.544+0800] GC(2026) Eden regions: 3->0(874)
[2024-08-29T23:16:09.544+0800] GC(2026) Survivor regions: 0->0(108)
[2024-08-29T23:16:09.544+0800] GC(2026) Old regions: 1->1
[2024-08-29T23:16:09.544+0800] GC(2026) Archive regions: 2->2
[2024-08-29T23:16:09.544+0800] GC(2026) Humongous regions: 995->965
[2024-08-29T23:16:09.544+0800] GC(2026) Metaspace: 1630K(1792K)->1630K(1792K) NonClass: 1510K(1600K)->1510K(1600K) Class: 119K(192K)->119K(192K)
[2024-08-29T23:16:09.544+0800] GC(2026) Pause Young (Concurrent Start) (G1 Humongous Allocation) 999M->966M(2048M) 1.025ms
[2024-08-29T23:16:09.544+0800] GC(2026) User=0.00s Sys=0.00s Real=0.00s
[2024-08-29T23:16:09.544+0800] GC(2027) Concurrent Mark Cycle
[2024-08-29T23:16:09.544+0800] GC(2027) Concurrent Clear Claimed Marks
[2024-08-29T23:16:09.544+0800] GC(2027) Concurrent Clear Claimed Marks 0.006ms
[2024-08-29T23:16:09.544+0800] GC(2027) Concurrent Scan Root Regions
[2024-08-29T23:16:09.544+0800] GC(2027) Concurrent Scan Root Regions 0.004ms
[2024-08-29T23:16:09.544+0800] GC(2027) Concurrent Mark
[2024-08-29T23:16:09.544+0800] GC(2027) Concurrent Mark From Roots
[2024-08-29T23:16:09.544+0800] GC(2027) Using 2 workers of 2 for marking
[2024-08-29T23:16:09.547+0800] GC(2027) Concurrent Mark From Roots 3.248ms
[2024-08-29T23:16:09.547+0800] GC(2027) Concurrent Preclean
[2024-08-29T23:16:09.547+0800] GC(2027) Concurrent Preclean 0.074ms
[2024-08-29T23:16:09.547+0800] GC(2027) Pause Remark
[2024-08-29T23:16:09.548+0800] GC(2027) Pause Remark 984M->984M(2048M) 0.906ms
[2024-08-29T23:16:09.548+0800] GC(2027) User=0.00s Sys=0.00s Real=0.00s
[2024-08-29T23:16:09.548+0800] GC(2027) Concurrent Mark 4.408ms
[2024-08-29T23:16:09.548+0800] GC(2027) Concurrent Rebuild Remembered Sets
[2024-08-29T23:16:09.548+0800] GC(2027) Concurrent Rebuild Remembered Sets 0.005ms
[2024-08-29T23:16:09.548+0800] GC(2027) Pause Cleanup
[2024-08-29T23:16:09.548+0800] GC(2027) Pause Cleanup 984M->984M(2048M) 0.012ms
[2024-08-29T23:16:09.549+0800] GC(2027) User=0.00s Sys=0.00s Real=0.00s
[2024-08-29T23:16:09.549+0800] GC(2027) Concurrent Cleanup for Next Mark
[2024-08-29T23:16:09.553+0800] GC(2027) Concurrent Cleanup for Next Mark 4.860ms
[2024-08-29T23:16:09.553+0800] GC(2027) Concurrent Mark Cycle 9.531ms
[2024-08-29T23:16:09.555+0800] GC(2028) Pause Young (Concurrent Start) (G1 Humongous Allocation)
[2024-08-29T23:16:09.555+0800] GC(2028) Using 8 workers of 8 for evacuation
[2024-08-29T23:16:09.557+0800] GC(2028)   Pre Evacuate Collection Set: 0.3ms
[2024-08-29T23:16:09.557+0800] GC(2028)   Merge Heap Roots: 0.1ms
[2024-08-29T23:16:09.557+0800] GC(2028)   Evacuate Collection Set: 0.7ms
[2024-08-29T23:16:09.557+0800] GC(2028)   Post Evacuate Collection Set: 0.4ms
[2024-08-29T23:16:09.557+0800] GC(2028)   Other: 0.1ms
[2024-08-29T23:16:09.557+0800] GC(2028) Eden regions: 4->0(874)
[2024-08-29T23:16:09.557+0800] GC(2028) Survivor regions: 0->0(110)
[2024-08-29T23:16:09.557+0800] GC(2028) Old regions: 1->1
[2024-08-29T23:16:09.557+0800] GC(2028) Archive regions: 2->2
[2024-08-29T23:16:09.557+0800] GC(2028) Humongous regions: 1000->965
[2024-08-29T23:16:09.557+0800] GC(2028) Metaspace: 1630K(1792K)->1630K(1792K) NonClass: 1510K(1600K)->1510K(1600K) Class: 119K(192K)->119K(192K)
[2024-08-29T23:16:09.557+0800] GC(2028) Pause Young (Concurrent Start) (G1 Humongous Allocation) 1004M->966M(2048M) 1.744ms
[2024-08-29T23:16:09.557+0800] GC(2028) User=0.00s Sys=0.00s Real=0.00s
[2024-08-29T23:16:09.557+0800] GC(2029) Concurrent Mark Cycle
[2024-08-29T23:16:09.557+0800] GC(2029) Concurrent Clear Claimed Marks
[2024-08-29T23:16:09.557+0800] GC(2029) Concurrent Clear Claimed Marks 0.006ms
[2024-08-29T23:16:09.557+0800] GC(2029) Concurrent Scan Root Regions
[2024-08-29T23:16:09.557+0800] GC(2029) Concurrent Scan Root Regions 0.004ms
[2024-08-29T23:16:09.557+0800] GC(2029) Concurrent Mark
[2024-08-29T23:16:09.557+0800] GC(2029) Concurrent Mark From Roots
[2024-08-29T23:16:09.557+0800] GC(2029) Using 2 workers of 2 for marking
[2024-08-29T23:16:09.560+0800] GC(2029) Concurrent Mark From Roots 3.464ms
[2024-08-29T23:16:09.560+0800] GC(2029) Concurrent Preclean
[2024-08-29T23:16:09.560+0800] GC(2029) Concurrent Preclean 0.075ms
[2024-08-29T23:16:09.560+0800] GC(2029) Pause Remark
[2024-08-29T23:16:09.561+0800] GC(2029) Pause Remark 1002M->1002M(2048M) 1.063ms
[2024-08-29T23:16:09.561+0800] GC(2029) User=0.00s Sys=0.01s Real=0.00s
[2024-08-29T23:16:09.562+0800] GC(2029) Concurrent Mark 4.802ms
[2024-08-29T23:16:09.562+0800] GC(2029) Concurrent Rebuild Remembered Sets
[2024-08-29T23:16:09.562+0800] GC(2029) Concurrent Rebuild Remembered Sets 0.005ms
[2024-08-29T23:16:09.562+0800] GC(2029) Pause Cleanup
[2024-08-29T23:16:09.562+0800] GC(2029) Pause Cleanup 1004M->1004M(2048M) 0.016ms
[2024-08-29T23:16:09.562+0800] GC(2029) User=0.00s Sys=0.00s Real=0.00s
[2024-08-29T23:16:09.562+0800] GC(2029) Concurrent Cleanup for Next Mark
[2024-08-29T23:16:09.566+0800] GC(2029) Concurrent Cleanup for Next Mark 3.660ms
[2024-08-29T23:16:09.566+0800] GC(2029) Concurrent Mark Cycle 8.889ms
[2024-08-29T23:16:09.566+0800] GC(2030) Pause Young (Concurrent Start) (G1 Humongous Allocation)
[2024-08-29T23:16:09.566+0800] GC(2030) Using 8 workers of 8 for evacuation
[2024-08-29T23:16:09.567+0800] GC(2030)   Pre Evacuate Collection Set: 0.2ms
[2024-08-29T23:16:09.567+0800] GC(2030)   Merge Heap Roots: 0.1ms
[2024-08-29T23:16:09.567+0800] GC(2030)   Evacuate Collection Set: 0.4ms
[2024-08-29T23:16:09.567+0800] GC(2030)   Post Evacuate Collection Set: 0.3ms
[2024-08-29T23:16:09.567+0800] GC(2030)   Other: 0.1ms
[2024-08-29T23:16:09.567+0800] GC(2030) Eden regions: 4->0(848)
[2024-08-29T23:16:09.567+0800] GC(2030) Survivor regions: 0->0(110)
[2024-08-29T23:16:09.567+0800] GC(2030) Old regions: 1->1
[2024-08-29T23:16:09.567+0800] GC(2030) Archive regions: 2->2
[2024-08-29T23:16:09.567+0800] GC(2030) Humongous regions: 1005->991
[2024-08-29T23:16:09.567+0800] GC(2030) Metaspace: 1630K(1792K)->1630K(1792K) NonClass: 1510K(1600K)->1510K(1600K) Class: 119K(192K)->119K(192K)
[2024-08-29T23:16:09.567+0800] GC(2030) Pause Young (Concurrent Start) (G1 Humongous Allocation) 1009M->992M(2048M) 1.131ms
[2024-08-29T23:16:09.567+0800] GC(2030) User=0.00s Sys=0.00s Real=0.00s
[2024-08-29T23:16:09.567+0800] GC(2031) Concurrent Mark Cycle
[2024-08-29T23:16:09.567+0800] GC(2031) Concurrent Clear Claimed Marks
[2024-08-29T23:16:09.567+0800] GC(2031) Concurrent Clear Claimed Marks 0.006ms
[2024-08-29T23:16:09.567+0800] GC(2031) Concurrent Scan Root Regions
[2024-08-29T23:16:09.567+0800] GC(2031) Concurrent Scan Root Regions 0.004ms
[2024-08-29T23:16:09.567+0800] GC(2031) Concurrent Mark
[2024-08-29T23:16:09.567+0800] GC(2031) Concurrent Mark From Roots
[2024-08-29T23:16:09.567+0800] GC(2031) Using 2 workers of 2 for marking
[2024-08-29T23:16:09.571+0800] GC(2031) Concurrent Mark From Roots 3.422ms
[2024-08-29T23:16:09.571+0800] GC(2031) Concurrent Preclean
[2024-08-29T23:16:09.571+0800] GC(2031) Concurrent Preclean 0.091ms
[2024-08-29T23:16:09.571+0800] GC(2031) Pause Remark
[2024-08-29T23:16:09.572+0800] GC(2031) Pause Remark 1015M->1015M(2048M) 0.969ms
[2024-08-29T23:16:09.572+0800] GC(2031) User=0.00s Sys=0.01s Real=0.00s
[2024-08-29T23:16:09.572+0800] GC(2031) Concurrent Mark 4.612ms
[2024-08-29T23:16:09.572+0800] GC(2031) Concurrent Rebuild Remembered Sets
[2024-08-29T23:16:09.572+0800] GC(2031) Concurrent Rebuild Remembered Sets 0.005ms
[2024-08-29T23:16:09.572+0800] GC(2031) Pause Cleanup
[2024-08-29T23:16:09.572+0800] GC(2031) Pause Cleanup 1015M->1015M(2048M) 0.010ms
[2024-08-29T23:16:09.572+0800] GC(2031) User=0.00s Sys=0.00s Real=0.00s
[2024-08-29T23:16:09.572+0800] GC(2031) Concurrent Cleanup for Next Mark
[2024-08-29T23:16:09.577+0800] GC(2031) Concurrent Cleanup for Next Mark 5.117ms
[2024-08-29T23:16:09.577+0800] GC(2031) Concurrent Mark Cycle 9.940ms
[2024-08-29T23:16:09.578+0800] GC(2032) Pause Young (Concurrent Start) (G1 Humongous Allocation)
[2024-08-29T23:16:09.578+0800] GC(2032) Using 8 workers of 8 for evacuation
[2024-08-29T23:16:09.579+0800] GC(2032)   Pre Evacuate Collection Set: 0.2ms
[2024-08-29T23:16:09.579+0800] GC(2032)   Merge Heap Roots: 0.1ms
[2024-08-29T23:16:09.579+0800] GC(2032)   Evacuate Collection Set: 0.3ms
[2024-08-29T23:16:09.579+0800] GC(2032)   Post Evacuate Collection Set: 0.2ms
[2024-08-29T23:16:09.579+0800] GC(2032)   Other: 0.1ms
[2024-08-29T23:16:09.579+0800] GC(2032) Eden regions: 4->0(826)
[2024-08-29T23:16:09.579+0800] GC(2032) Survivor regions: 0->0(106)
[2024-08-29T23:16:09.579+0800] GC(2032) Old regions: 1->1
[2024-08-29T23:16:09.579+0800] GC(2032) Archive regions: 2->2
[2024-08-29T23:16:09.579+0800] GC(2032) Humongous regions: 1027->1013
[2024-08-29T23:16:09.579+0800] GC(2032) Metaspace: 1630K(1792K)->1630K(1792K) NonClass: 1510K(1600K)->1510K(1600K) Class: 119K(192K)->119K(192K)
[2024-08-29T23:16:09.579+0800] GC(2032) Pause Young (Concurrent Start) (G1 Humongous Allocation) 1031M->1014M(2048M) 1.039ms
[2024-08-29T23:16:09.579+0800] GC(2032) User=0.01s Sys=0.00s Real=0.00s
[2024-08-29T23:16:09.579+0800] GC(2033) Concurrent Mark Cycle
[2024-08-29T23:16:09.579+0800] GC(2033) Concurrent Clear Claimed Marks
[2024-08-29T23:16:09.579+0800] GC(2033) Concurrent Clear Claimed Marks 0.006ms
[2024-08-29T23:16:09.579+0800] GC(2033) Concurrent Scan Root Regions
[2024-08-29T23:16:09.579+0800] GC(2033) Concurrent Scan Root Regions 0.004ms
[2024-08-29T23:16:09.579+0800] GC(2033) Concurrent Mark
[2024-08-29T23:16:09.579+0800] GC(2033) Concurrent Mark From Roots
[2024-08-29T23:16:09.579+0800] GC(2033) Using 2 workers of 2 for marking
[2024-08-29T23:16:09.581+0800] GC(2033) Concurrent Mark From Roots 2.342ms
[2024-08-29T23:16:09.581+0800] GC(2033) Concurrent Preclean
[2024-08-29T23:16:09.581+0800] GC(2033) Concurrent Preclean 0.090ms
[2024-08-29T23:16:09.582+0800] GC(2033) Pause Remark
[2024-08-29T23:16:09.583+0800] GC(2033) Pause Remark 1024M->1024M(2048M) 1.079ms
[2024-08-29T23:16:09.583+0800] GC(2033) User=0.00s Sys=0.00s Real=0.01s
[2024-08-29T23:16:09.583+0800] GC(2033) Concurrent Mark 3.671ms
[2024-08-29T23:16:09.583+0800] GC(2033) Concurrent Rebuild Remembered Sets
[2024-08-29T23:16:09.583+0800] GC(2033) Concurrent Rebuild Remembered Sets 0.005ms
[2024-08-29T23:16:09.583+0800] GC(2033) Pause Cleanup
[2024-08-29T23:16:09.583+0800] GC(2033) Pause Cleanup 1024M->1024M(2048M) 0.010ms
[2024-08-29T23:16:09.583+0800] GC(2033) User=0.00s Sys=0.00s Real=0.00s
[2024-08-29T23:16:09.583+0800] GC(2033) Concurrent Cleanup for Next Mark
[2024-08-29T23:16:09.587+0800] GC(2033) Concurrent Cleanup for Next Mark 3.851ms
[2024-08-29T23:16:09.587+0800] GC(2033) Concurrent Mark Cycle 7.734ms
[2024-08-29T23:16:09.588+0800] GC(2034) Pause Young (Concurrent Start) (G1 Humongous Allocation)
[2024-08-29T23:16:09.588+0800] GC(2034) Using 8 workers of 8 for evacuation
[2024-08-29T23:16:09.589+0800] GC(2034)   Pre Evacuate Collection Set: 0.2ms
[2024-08-29T23:16:09.589+0800] GC(2034)   Merge Heap Roots: 0.1ms
[2024-08-29T23:16:09.589+0800] GC(2034)   Evacuate Collection Set: 0.3ms
[2024-08-29T23:16:09.589+0800] GC(2034)   Post Evacuate Collection Set: 0.3ms
[2024-08-29T23:16:09.589+0800] GC(2034)   Other: 0.2ms
[2024-08-29T23:16:09.589+0800] GC(2034) Eden regions: 3->0(840)
[2024-08-29T23:16:09.589+0800] GC(2034) Survivor regions: 0->0(104)
[2024-08-29T23:16:09.589+0800] GC(2034) Old regions: 1->1
[2024-08-29T23:16:09.589+0800] GC(2034) Archive regions: 2->2
[2024-08-29T23:16:09.589+0800] GC(2034) Humongous regions: 1028->999
[2024-08-29T23:16:09.589+0800] GC(2034) Metaspace: 1630K(1792K)->1630K(1792K) NonClass: 1510K(1600K)->1510K(1600K) Class: 119K(192K)->119K(192K)
[2024-08-29T23:16:09.589+0800] GC(2034) Pause Young (Concurrent Start) (G1 Humongous Allocation) 1032M->1000M(2048M) 1.123ms
[2024-08-29T23:16:09.589+0800] GC(2034) User=0.00s Sys=0.00s Real=0.00s
[2024-08-29T23:16:09.589+0800] GC(2035) Concurrent Mark Cycle
[2024-08-29T23:16:09.589+0800] GC(2035) Concurrent Clear Claimed Marks
[2024-08-29T23:16:09.589+0800] GC(2035) Concurrent Clear Claimed Marks 0.006ms
[2024-08-29T23:16:09.589+0800] GC(2035) Concurrent Scan Root Regions
[2024-08-29T23:16:09.589+0800] GC(2035) Concurrent Scan Root Regions 0.004ms
[2024-08-29T23:16:09.589+0800] GC(2035) Concurrent Mark
[2024-08-29T23:16:09.589+0800] GC(2035) Concurrent Mark From Roots
[2024-08-29T23:16:09.589+0800] GC(2035) Using 2 workers of 2 for marking
[2024-08-29T23:16:09.592+0800] GC(2035) Concurrent Mark From Roots 2.797ms
[2024-08-29T23:16:09.592+0800] GC(2035) Concurrent Preclean
[2024-08-29T23:16:09.592+0800] GC(2035) Concurrent Preclean 0.090ms
[2024-08-29T23:16:09.592+0800] GC(2035) Pause Remark
[2024-08-29T23:16:09.593+0800] GC(2035) Pause Remark 1019M->1019M(2048M) 1.041ms
[2024-08-29T23:16:09.594+0800] GC(2035) User=0.00s Sys=0.00s Real=0.00s
[2024-08-29T23:16:09.594+0800] GC(2035) Concurrent Mark 4.083ms
[2024-08-29T23:16:09.594+0800] GC(2035) Concurrent Rebuild Remembered Sets
[2024-08-29T23:16:09.594+0800] GC(2035) Concurrent Rebuild Remembered Sets 0.005ms
[2024-08-29T23:16:09.594+0800] GC(2035) Pause Cleanup
[2024-08-29T23:16:09.594+0800] GC(2035) Pause Cleanup 1022M->1022M(2048M) 0.013ms
[2024-08-29T23:16:09.594+0800] GC(2035) User=0.00s Sys=0.00s Real=0.00s
[2024-08-29T23:16:09.594+0800] GC(2035) Concurrent Cleanup for Next Mark
[2024-08-29T23:16:09.597+0800] GC(2035) Concurrent Cleanup for Next Mark 3.276ms
[2024-08-29T23:16:09.597+0800] GC(2035) Concurrent Mark Cycle 7.818ms
[2024-08-29T23:16:09.599+0800] GC(2036) Pause Young (Concurrent Start) (G1 Humongous Allocation)
[2024-08-29T23:16:09.599+0800] GC(2036) Using 8 workers of 8 for evacuation
[2024-08-29T23:16:09.600+0800] GC(2036)   Pre Evacuate Collection Set: 0.3ms
[2024-08-29T23:16:09.600+0800] GC(2036)   Merge Heap Roots: 0.2ms
[2024-08-29T23:16:09.600+0800] GC(2036)   Evacuate Collection Set: 0.5ms
[2024-08-29T23:16:09.600+0800] GC(2036)   Post Evacuate Collection Set: 0.4ms
[2024-08-29T23:16:09.600+0800] GC(2036)   Other: 0.1ms
[2024-08-29T23:16:09.600+0800] GC(2036) Eden regions: 4->0(855)
[2024-08-29T23:16:09.600+0800] GC(2036) Survivor regions: 0->0(105)
[2024-08-29T23:16:09.600+0800] GC(2036) Old regions: 1->1
[2024-08-29T23:16:09.600+0800] GC(2036) Archive regions: 2->2
[2024-08-29T23:16:09.600+0800] GC(2036) Humongous regions: 1018->984
[2024-08-29T23:16:09.600+0800] GC(2036) Metaspace: 1630K(1792K)->1630K(1792K) NonClass: 1510K(1600K)->1510K(1600K) Class: 119K(192K)->119K(192K)
[2024-08-29T23:16:09.600+0800] GC(2036) Pause Young (Concurrent Start) (G1 Humongous Allocation) 1022M->985M(2048M) 1.508ms
[2024-08-29T23:16:09.600+0800] GC(2036) User=0.01s Sys=0.00s Real=0.00s
[2024-08-29T23:16:09.600+0800] GC(2037) Concurrent Mark Cycle
[2024-08-29T23:16:09.600+0800] GC(2037) Concurrent Clear Claimed Marks
[2024-08-29T23:16:09.601+0800] GC(2037) Concurrent Clear Claimed Marks 0.021ms
[2024-08-29T23:16:09.601+0800] GC(2037) Concurrent Scan Root Regions
[2024-08-29T23:16:09.601+0800] GC(2037) Concurrent Scan Root Regions 0.004ms
[2024-08-29T23:16:09.601+0800] GC(2037) Concurrent Mark
[2024-08-29T23:16:09.601+0800] GC(2037) Concurrent Mark From Roots
[2024-08-29T23:16:09.601+0800] GC(2037) Using 2 workers of 2 for marking
[2024-08-29T23:16:09.603+0800] GC(2037) Concurrent Mark From Roots 2.191ms
[2024-08-29T23:16:09.603+0800] GC(2037) Concurrent Preclean
[2024-08-29T23:16:09.603+0800] GC(2037) Concurrent Preclean 0.100ms
[2024-08-29T23:16:09.603+0800] GC(2037) Pause Remark
[2024-08-29T23:16:09.604+0800] GC(2037) Pause Remark 991M->991M(2048M) 0.761ms
[2024-08-29T23:16:09.604+0800] GC(2037) User=0.00s Sys=0.00s Real=0.00s
[2024-08-29T23:16:09.604+0800] GC(2037) Concurrent Mark 3.183ms
[2024-08-29T23:16:09.604+0800] GC(2037) Concurrent Rebuild Remembered Sets
[2024-08-29T23:16:09.604+0800] GC(2037) Concurrent Rebuild Remembered Sets 0.006ms
[2024-08-29T23:16:09.604+0800] GC(2037) Pause Cleanup
[2024-08-29T23:16:09.604+0800] GC(2037) Pause Cleanup 991M->991M(2048M) 0.017ms
[2024-08-29T23:16:09.604+0800] GC(2037) User=0.00s Sys=0.00s Real=0.00s
[2024-08-29T23:16:09.604+0800] GC(2037) Concurrent Cleanup for Next Mark
[2024-08-29T23:16:09.610+0800] GC(2037) Concurrent Cleanup for Next Mark 5.547ms
[2024-08-29T23:16:09.610+0800] GC(2037) Concurrent Mark Cycle 9.189ms
[2024-08-29T23:16:09.610+0800] GC(2038) Pause Young (Concurrent Start) (G1 Humongous Allocation)
[2024-08-29T23:16:09.610+0800] GC(2038) Using 8 workers of 8 for evacuation
[2024-08-29T23:16:09.611+0800] GC(2038)   Pre Evacuate Collection Set: 0.2ms
[2024-08-29T23:16:09.611+0800] GC(2038)   Merge Heap Roots: 0.1ms
[2024-08-29T23:16:09.611+0800] GC(2038)   Evacuate Collection Set: 0.4ms
[2024-08-29T23:16:09.611+0800] GC(2038)   Post Evacuate Collection Set: 0.3ms
[2024-08-29T23:16:09.611+0800] GC(2038)   Other: 0.1ms
[2024-08-29T23:16:09.611+0800] GC(2038) Eden regions: 4->0(853)
[2024-08-29T23:16:09.611+0800] GC(2038) Survivor regions: 0->0(107)
[2024-08-29T23:16:09.611+0800] GC(2038) Old regions: 1->1
[2024-08-29T23:16:09.611+0800] GC(2038) Archive regions: 2->2
[2024-08-29T23:16:09.611+0800] GC(2038) Humongous regions: 1012->986
[2024-08-29T23:16:09.611+0800] GC(2038) Metaspace: 1630K(1792K)->1630K(1792K) NonClass: 1510K(1600K)->1510K(1600K) Class: 119K(192K)->119K(192K)
[2024-08-29T23:16:09.611+0800] GC(2038) Pause Young (Concurrent Start) (G1 Humongous Allocation) 1017M->987M(2048M) 1.194ms
[2024-08-29T23:16:09.611+0800] GC(2038) User=0.00s Sys=0.01s Real=0.00s
[2024-08-29T23:16:09.611+0800] GC(2039) Concurrent Mark Cycle
[2024-08-29T23:16:09.611+0800] GC(2039) Concurrent Clear Claimed Marks
[2024-08-29T23:16:09.611+0800] GC(2039) Concurrent Clear Claimed Marks 0.005ms
[2024-08-29T23:16:09.611+0800] GC(2039) Concurrent Scan Root Regions
[2024-08-29T23:16:09.611+0800] GC(2039) Concurrent Scan Root Regions 0.004ms
[2024-08-29T23:16:09.611+0800] GC(2039) Concurrent Mark
[2024-08-29T23:16:09.611+0800] GC(2039) Concurrent Mark From Roots
[2024-08-29T23:16:09.611+0800] GC(2039) Using 2 workers of 2 for marking
[2024-08-29T23:16:09.614+0800] GC(2039) Concurrent Mark From Roots 2.570ms
[2024-08-29T23:16:09.614+0800] GC(2039) Concurrent Preclean
[2024-08-29T23:16:09.614+0800] GC(2039) Concurrent Preclean 0.110ms
[2024-08-29T23:16:09.615+0800] GC(2039) Pause Remark
[2024-08-29T23:16:09.616+0800] GC(2039) Pause Remark 1007M->1007M(2048M) 1.557ms
[2024-08-29T23:16:09.616+0800] GC(2039) User=0.00s Sys=0.00s Real=0.00s
[2024-08-29T23:16:09.617+0800] GC(2039) Concurrent Mark 5.353ms
[2024-08-29T23:16:09.617+0800] GC(2039) Concurrent Rebuild Remembered Sets
[2024-08-29T23:16:09.617+0800] GC(2039) Concurrent Rebuild Remembered Sets 0.005ms
[2024-08-29T23:16:09.617+0800] GC(2039) Pause Cleanup
[2024-08-29T23:16:09.617+0800] GC(2039) Pause Cleanup 1011M->1011M(2048M) 0.012ms
[2024-08-29T23:16:09.617+0800] GC(2039) User=0.00s Sys=0.00s Real=0.00s
[2024-08-29T23:16:09.617+0800] GC(2039) Concurrent Cleanup for Next Mark
[2024-08-29T23:16:09.622+0800] GC(2039) Concurrent Cleanup for Next Mark 5.003ms
[2024-08-29T23:16:09.622+0800] GC(2039) Concurrent Mark Cycle 10.835ms
[2024-08-29T23:16:09.623+0800] GC(2040) Pause Young (Concurrent Start) (G1 Humongous Allocation)
[2024-08-29T23:16:09.623+0800] GC(2040) Using 8 workers of 8 for evacuation
[2024-08-29T23:16:09.624+0800] GC(2040)   Pre Evacuate Collection Set: 0.2ms
[2024-08-29T23:16:09.624+0800] GC(2040)   Merge Heap Roots: 0.1ms
[2024-08-29T23:16:09.624+0800] GC(2040)   Evacuate Collection Set: 0.2ms
[2024-08-29T23:16:09.624+0800] GC(2040)   Post Evacuate Collection Set: 0.3ms
[2024-08-29T23:16:09.624+0800] GC(2040)   Other: 0.1ms
[2024-08-29T23:16:09.624+0800] GC(2040) Eden regions: 4->0(839)
[2024-08-29T23:16:09.624+0800] GC(2040) Survivor regions: 0->0(107)
[2024-08-29T23:16:09.624+0800] GC(2040) Old regions: 1->1
[2024-08-29T23:16:09.624+0800] GC(2040) Archive regions: 2->2
[2024-08-29T23:16:09.624+0800] GC(2040) Humongous regions: 1021->1000
[2024-08-29T23:16:09.624+0800] GC(2040) Metaspace: 1630K(1792K)->1630K(1792K) NonClass: 1510K(1600K)->1510K(1600K) Class: 119K(192K)->119K(192K)
[2024-08-29T23:16:09.624+0800] GC(2040) Pause Young (Concurrent Start) (G1 Humongous Allocation) 1026M->1001M(2048M) 0.959ms
[2024-08-29T23:16:09.624+0800] GC(2040) User=0.00s Sys=0.01s Real=0.00s
[2024-08-29T23:16:09.624+0800] GC(2041) Concurrent Mark Cycle
[2024-08-29T23:16:09.624+0800] GC(2041) Concurrent Clear Claimed Marks
[2024-08-29T23:16:09.624+0800] GC(2041) Concurrent Clear Claimed Marks 0.005ms
[2024-08-29T23:16:09.624+0800] GC(2041) Concurrent Scan Root Regions
[2024-08-29T23:16:09.624+0800] GC(2041) Concurrent Scan Root Regions 0.004ms
[2024-08-29T23:16:09.624+0800] GC(2041) Concurrent Mark
[2024-08-29T23:16:09.624+0800] GC(2041) Concurrent Mark From Roots
[2024-08-29T23:16:09.624+0800] GC(2041) Using 2 workers of 2 for marking
[2024-08-29T23:16:09.626+0800] GC(2041) Concurrent Mark From Roots 2.093ms
[2024-08-29T23:16:09.626+0800] GC(2041) Concurrent Preclean
[2024-08-29T23:16:09.626+0800] GC(2041) Concurrent Preclean 0.085ms
[2024-08-29T23:16:09.626+0800] GC(2041) Pause Remark
[2024-08-29T23:16:09.627+0800] GC(2041) Pause Remark 1008M->1008M(2048M) 1.091ms
[2024-08-29T23:16:09.627+0800] GC(2041) User=0.00s Sys=0.00s Real=0.00s
[2024-08-29T23:16:09.627+0800] GC(2041) Concurrent Mark 3.433ms
[2024-08-29T23:16:09.627+0800] GC(2041) Concurrent Rebuild Remembered Sets
[2024-08-29T23:16:09.627+0800] GC(2041) Concurrent Rebuild Remembered Sets 0.007ms
[2024-08-29T23:16:09.628+0800] GC(2041) Pause Cleanup
[2024-08-29T23:16:09.628+0800] GC(2041) Pause Cleanup 1012M->1012M(2048M) 0.013ms
[2024-08-29T23:16:09.628+0800] GC(2041) User=0.00s Sys=0.00s Real=0.00s
[2024-08-29T23:16:09.628+0800] GC(2041) Concurrent Cleanup for Next Mark
[2024-08-29T23:16:09.632+0800] GC(2041) Concurrent Cleanup for Next Mark 4.189ms
[2024-08-29T23:16:09.632+0800] GC(2041) Concurrent Mark Cycle 8.312ms
[2024-08-29T23:16:09.633+0800] GC(2042) Pause Young (Concurrent Start) (G1 Humongous Allocation)
[2024-08-29T23:16:09.633+0800] GC(2042) Using 8 workers of 8 for evacuation
[2024-08-29T23:16:09.634+0800] GC(2042)   Pre Evacuate Collection Set: 0.3ms
[2024-08-29T23:16:09.634+0800] GC(2042)   Merge Heap Roots: 0.1ms
[2024-08-29T23:16:09.634+0800] GC(2042)   Evacuate Collection Set: 0.3ms
[2024-08-29T23:16:09.634+0800] GC(2042)   Post Evacuate Collection Set: 0.3ms
[2024-08-29T23:16:09.634+0800] GC(2042)   Other: 0.1ms
[2024-08-29T23:16:09.634+0800] GC(2042) Eden regions: 3->0(844)
[2024-08-29T23:16:09.634+0800] GC(2042) Survivor regions: 0->0(105)
[2024-08-29T23:16:09.634+0800] GC(2042) Old regions: 1->1
[2024-08-29T23:16:09.634+0800] GC(2042) Archive regions: 2->2
[2024-08-29T23:16:09.634+0800] GC(2042) Humongous regions: 1020->995
[2024-08-29T23:16:09.634+0800] GC(2042) Metaspace: 1630K(1792K)->1630K(1792K) NonClass: 1510K(1600K)->1510K(1600K) Class: 119K(192K)->119K(192K)
[2024-08-29T23:16:09.634+0800] GC(2042) Pause Young (Concurrent Start) (G1 Humongous Allocation) 1024M->996M(2048M) 1.231ms
[2024-08-29T23:16:09.634+0800] GC(2042) User=0.00s Sys=0.00s Real=0.00s
[2024-08-29T23:16:09.634+0800] GC(2043) Concurrent Mark Cycle
[2024-08-29T23:16:09.634+0800] GC(2043) Concurrent Clear Claimed Marks
[2024-08-29T23:16:09.634+0800] GC(2043) Concurrent Clear Claimed Marks 0.006ms
[2024-08-29T23:16:09.634+0800] GC(2043) Concurrent Scan Root Regions
[2024-08-29T23:16:09.634+0800] GC(2043) Concurrent Scan Root Regions 0.004ms
[2024-08-29T23:16:09.634+0800] GC(2043) Concurrent Mark
[2024-08-29T23:16:09.634+0800] GC(2043) Concurrent Mark From Roots
[2024-08-29T23:16:09.634+0800] GC(2043) Using 2 workers of 2 for marking
[2024-08-29T23:16:09.637+0800] GC(2043) Concurrent Mark From Roots 2.919ms
[2024-08-29T23:16:09.637+0800] GC(2043) Concurrent Preclean
[2024-08-29T23:16:09.637+0800] GC(2043) Concurrent Preclean 0.073ms
[2024-08-29T23:16:09.637+0800] GC(2043) Pause Remark
[2024-08-29T23:16:09.638+0800] GC(2043) Pause Remark 1008M->1008M(2048M) 0.964ms
[2024-08-29T23:16:09.638+0800] GC(2043) User=0.00s Sys=0.01s Real=0.00s
[2024-08-29T23:16:09.638+0800] GC(2043) Concurrent Mark 4.163ms
[2024-08-29T23:16:09.638+0800] GC(2043) Concurrent Rebuild Remembered Sets
[2024-08-29T23:16:09.638+0800] GC(2043) Concurrent Rebuild Remembered Sets 0.005ms
[2024-08-29T23:16:09.639+0800] GC(2043) Pause Cleanup
[2024-08-29T23:16:09.639+0800] GC(2043) Pause Cleanup 1012M->1012M(2048M) 0.015ms
[2024-08-29T23:16:09.639+0800] GC(2043) User=0.00s Sys=0.00s Real=0.00s
[2024-08-29T23:16:09.639+0800] GC(2043) Concurrent Cleanup for Next Mark
[2024-08-29T23:16:09.642+0800] GC(2043) Concurrent Cleanup for Next Mark 3.373ms
[2024-08-29T23:16:09.642+0800] GC(2043) Concurrent Mark Cycle 8.157ms
[2024-08-29T23:16:09.643+0800] GC(2044) Pause Young (Concurrent Start) (G1 Humongous Allocation)
[2024-08-29T23:16:09.643+0800] GC(2044) Using 8 workers of 8 for evacuation
[2024-08-29T23:16:09.644+0800] GC(2044)   Pre Evacuate Collection Set: 0.2ms
[2024-08-29T23:16:09.644+0800] GC(2044)   Merge Heap Roots: 0.1ms
[2024-08-29T23:16:09.644+0800] GC(2044)   Evacuate Collection Set: 0.4ms
[2024-08-29T23:16:09.644+0800] GC(2044)   Post Evacuate Collection Set: 0.2ms
[2024-08-29T23:16:09.644+0800] GC(2044)   Other: 0.1ms
[2024-08-29T23:16:09.644+0800] GC(2044) Eden regions: 4->0(854)
[2024-08-29T23:16:09.644+0800] GC(2044) Survivor regions: 0->0(106)
[2024-08-29T23:16:09.644+0800] GC(2044) Old regions: 1->1
[2024-08-29T23:16:09.644+0800] GC(2044) Archive regions: 2->2
[2024-08-29T23:16:09.644+0800] GC(2044) Humongous regions: 1012->985
[2024-08-29T23:16:09.644+0800] GC(2044) Metaspace: 1630K(1792K)->1630K(1792K) NonClass: 1510K(1600K)->1510K(1600K) Class: 119K(192K)->119K(192K)
[2024-08-29T23:16:09.644+0800] GC(2044) Pause Young (Concurrent Start) (G1 Humongous Allocation) 1017M->986M(2048M) 1.037ms
[2024-08-29T23:16:09.644+0800] GC(2044) User=0.00s Sys=0.00s Real=0.00s
[2024-08-29T23:16:09.644+0800] GC(2045) Concurrent Mark Cycle
[2024-08-29T23:16:09.644+0800] GC(2045) Concurrent Clear Claimed Marks
[2024-08-29T23:16:09.644+0800] GC(2045) Concurrent Clear Claimed Marks 0.006ms
[2024-08-29T23:16:09.644+0800] GC(2045) Concurrent Scan Root Regions
[2024-08-29T23:16:09.644+0800] GC(2045) Concurrent Scan Root Regions 0.004ms
[2024-08-29T23:16:09.644+0800] GC(2045) Concurrent Mark
[2024-08-29T23:16:09.644+0800] GC(2045) Concurrent Mark From Roots
[2024-08-29T23:16:09.644+0800] GC(2045) Using 2 workers of 2 for marking
[2024-08-29T23:16:09.647+0800] GC(2045) Concurrent Mark From Roots 2.512ms
[2024-08-29T23:16:09.647+0800] GC(2045) Concurrent Preclean
[2024-08-29T23:16:09.647+0800] GC(2045) Concurrent Preclean 0.087ms
[2024-08-29T23:16:09.647+0800] GC(2045) Pause Remark
[2024-08-29T23:16:09.648+0800] GC(2045) Pause Remark 1000M->1000M(2048M) 1.274ms
[2024-08-29T23:16:09.648+0800] GC(2045) User=0.00s Sys=0.00s Real=0.00s
[2024-08-29T23:16:09.648+0800] GC(2045) Concurrent Mark 4.082ms
[2024-08-29T23:16:09.648+0800] GC(2045) Concurrent Rebuild Remembered Sets
[2024-08-29T23:16:09.648+0800] GC(2045) Concurrent Rebuild Remembered Sets 0.007ms
[2024-08-29T23:16:09.649+0800] GC(2045) Pause Cleanup
[2024-08-29T23:16:09.649+0800] GC(2045) Pause Cleanup 1005M->1005M(2048M) 0.017ms
[2024-08-29T23:16:09.649+0800] GC(2045) User=0.00s Sys=0.00s Real=0.00s
[2024-08-29T23:16:09.649+0800] GC(2045) Concurrent Cleanup for Next Mark
[2024-08-29T23:16:09.654+0800] GC(2045) Concurrent Cleanup for Next Mark 5.447ms
[2024-08-29T23:16:09.654+0800] GC(2045) Concurrent Mark Cycle 10.506ms
[2024-08-29T23:16:09.656+0800] GC(2046) Pause Young (Concurrent Start) (G1 Humongous Allocation)
[2024-08-29T23:16:09.656+0800] GC(2046) Using 8 workers of 8 for evacuation
[2024-08-29T23:16:09.657+0800] GC(2046)   Pre Evacuate Collection Set: 0.3ms
[2024-08-29T23:16:09.657+0800] GC(2046)   Merge Heap Roots: 0.1ms
[2024-08-29T23:16:09.657+0800] GC(2046)   Evacuate Collection Set: 0.4ms
[2024-08-29T23:16:09.657+0800] GC(2046)   Post Evacuate Collection Set: 0.4ms
[2024-08-29T23:16:09.657+0800] GC(2046)   Other: 0.1ms
[2024-08-29T23:16:09.657+0800] GC(2046) Eden regions: 3->0(863)
[2024-08-29T23:16:09.657+0800] GC(2046) Survivor regions: 0->0(107)
[2024-08-29T23:16:09.657+0800] GC(2046) Old regions: 1->1
[2024-08-29T23:16:09.657+0800] GC(2046) Archive regions: 2->2
[2024-08-29T23:16:09.657+0800] GC(2046) Humongous regions: 1018->976
[2024-08-29T23:16:09.657+0800] GC(2046) Metaspace: 1630K(1792K)->1630K(1792K) NonClass: 1510K(1600K)->1510K(1600K) Class: 119K(192K)->119K(192K)
[2024-08-29T23:16:09.657+0800] GC(2046) Pause Young (Concurrent Start) (G1 Humongous Allocation) 1022M->977M(2048M) 1.434ms
[2024-08-29T23:16:09.657+0800] GC(2046) User=0.01s Sys=0.01s Real=0.00s
[2024-08-29T23:16:09.657+0800] GC(2047) Concurrent Mark Cycle
[2024-08-29T23:16:09.657+0800] GC(2047) Concurrent Clear Claimed Marks
[2024-08-29T23:16:09.657+0800] GC(2047) Concurrent Clear Claimed Marks 0.006ms
[2024-08-29T23:16:09.657+0800] GC(2047) Concurrent Scan Root Regions
[2024-08-29T23:16:09.657+0800] GC(2047) Concurrent Scan Root Regions 0.004ms
[2024-08-29T23:16:09.657+0800] GC(2047) Concurrent Mark
[2024-08-29T23:16:09.657+0800] GC(2047) Concurrent Mark From Roots
[2024-08-29T23:16:09.657+0800] GC(2047) Using 2 workers of 2 for marking
[2024-08-29T23:16:09.660+0800] GC(2047) Concurrent Mark From Roots 2.192ms
[2024-08-29T23:16:09.660+0800] GC(2047) Concurrent Preclean
[2024-08-29T23:16:09.660+0800] GC(2047) Concurrent Preclean 0.085ms
[2024-08-29T23:16:09.660+0800] GC(2047) Pause Remark
[2024-08-29T23:16:09.661+0800] GC(2047) Pause Remark 984M->984M(2048M) 1.171ms
[2024-08-29T23:16:09.661+0800] GC(2047) User=0.00s Sys=0.00s Real=0.00s
[2024-08-29T23:16:09.661+0800] GC(2047) Concurrent Mark 3.587ms
[2024-08-29T23:16:09.661+0800] GC(2047) Concurrent Rebuild Remembered Sets
[2024-08-29T23:16:09.661+0800] GC(2047) Concurrent Rebuild Remembered Sets 0.005ms
[2024-08-29T23:16:09.661+0800] GC(2047) Pause Cleanup
[2024-08-29T23:16:09.661+0800] GC(2047) Pause Cleanup 984M->984M(2048M) 0.010ms
[2024-08-29T23:16:09.661+0800] GC(2047) User=0.00s Sys=0.00s Real=0.00s
[2024-08-29T23:16:09.661+0800] GC(2047) Concurrent Cleanup for Next Mark
[2024-08-29T23:16:09.668+0800] GC(2047) Concurrent Cleanup for Next Mark 6.333ms
[2024-08-29T23:16:09.668+0800] GC(2047) Concurrent Mark Cycle 10.137ms
[2024-08-29T23:16:09.668+0800] GC(2048) Pause Young (Concurrent Start) (G1 Humongous Allocation)
[2024-08-29T23:16:09.668+0800] GC(2048) Using 8 workers of 8 for evacuation
[2024-08-29T23:16:09.669+0800] GC(2048)   Pre Evacuate Collection Set: 0.4ms
[2024-08-29T23:16:09.669+0800] GC(2048)   Merge Heap Roots: 0.1ms
[2024-08-29T23:16:09.669+0800] GC(2048)   Evacuate Collection Set: 0.4ms
[2024-08-29T23:16:09.669+0800] GC(2048)   Post Evacuate Collection Set: 0.3ms
[2024-08-29T23:16:09.669+0800] GC(2048)   Other: 0.3ms
[2024-08-29T23:16:09.669+0800] GC(2048) Eden regions: 4->0(865)
[2024-08-29T23:16:09.669+0800] GC(2048) Survivor regions: 0->0(108)
[2024-08-29T23:16:09.669+0800] GC(2048) Old regions: 1->1
[2024-08-29T23:16:09.669+0800] GC(2048) Archive regions: 2->2
[2024-08-29T23:16:09.669+0800] GC(2048) Humongous regions: 1013->974
[2024-08-29T23:16:09.669+0800] GC(2048) Metaspace: 1630K(1792K)->1630K(1792K) NonClass: 1510K(1600K)->1510K(1600K) Class: 119K(192K)->119K(192K)
[2024-08-29T23:16:09.669+0800] GC(2048) Pause Young (Concurrent Start) (G1 Humongous Allocation) 1017M->975M(2048M) 1.443ms
[2024-08-29T23:16:09.669+0800] GC(2048) User=0.00s Sys=0.00s Real=0.00s
[2024-08-29T23:16:09.669+0800] GC(2049) Concurrent Mark Cycle
[2024-08-29T23:16:09.670+0800] GC(2049) Concurrent Clear Claimed Marks
[2024-08-29T23:16:09.670+0800] GC(2049) Concurrent Clear Claimed Marks 0.006ms
[2024-08-29T23:16:09.670+0800] GC(2049) Concurrent Scan Root Regions
[2024-08-29T23:16:09.670+0800] GC(2049) Concurrent Scan Root Regions 0.004ms
[2024-08-29T23:16:09.670+0800] GC(2049) Concurrent Mark
[2024-08-29T23:16:09.670+0800] GC(2049) Concurrent Mark From Roots
[2024-08-29T23:16:09.670+0800] GC(2049) Using 2 workers of 2 for marking
[2024-08-29T23:16:09.672+0800] GC(2049) Concurrent Mark From Roots 2.626ms
[2024-08-29T23:16:09.672+0800] GC(2049) Concurrent Preclean
[2024-08-29T23:16:09.672+0800] GC(2049) Concurrent Preclean 0.083ms
[2024-08-29T23:16:09.672+0800] GC(2049) Pause Remark
[2024-08-29T23:16:09.673+0800] GC(2049) Pause Remark 989M->989M(2048M) 0.887ms
[2024-08-29T23:16:09.673+0800] GC(2049) User=0.00s Sys=0.01s Real=0.01s
[2024-08-29T23:16:09.673+0800] GC(2049) Concurrent Mark 3.749ms
[2024-08-29T23:16:09.673+0800] GC(2049) Concurrent Rebuild Remembered Sets
[2024-08-29T23:16:09.673+0800] GC(2049) Concurrent Rebuild Remembered Sets 0.005ms
[2024-08-29T23:16:09.674+0800] GC(2049) Pause Cleanup
[2024-08-29T23:16:09.674+0800] GC(2049) Pause Cleanup 994M->994M(2048M) 0.016ms
[2024-08-29T23:16:09.674+0800] GC(2049) User=0.00s Sys=0.00s Real=0.00s
[2024-08-29T23:16:09.674+0800] GC(2049) Concurrent Cleanup for Next Mark
[2024-08-29T23:16:09.680+0800] GC(2049) Concurrent Cleanup for Next Mark 5.550ms
[2024-08-29T23:16:09.680+0800] GC(2049) Concurrent Mark Cycle 10.084ms
[2024-08-29T23:16:09.681+0800] GC(2050) Pause Young (Concurrent Start) (G1 Humongous Allocation)
[2024-08-29T23:16:09.681+0800] GC(2050) Using 8 workers of 8 for evacuation
[2024-08-29T23:16:09.682+0800] GC(2050)   Pre Evacuate Collection Set: 0.2ms
[2024-08-29T23:16:09.682+0800] GC(2050)   Merge Heap Roots: 0.1ms
[2024-08-29T23:16:09.682+0800] GC(2050)   Evacuate Collection Set: 0.4ms
[2024-08-29T23:16:09.682+0800] GC(2050)   Post Evacuate Collection Set: 0.3ms
[2024-08-29T23:16:09.682+0800] GC(2050)   Other: 0.1ms
[2024-08-29T23:16:09.682+0800] GC(2050) Eden regions: 3->0(848)
[2024-08-29T23:16:09.682+0800] GC(2050) Survivor regions: 0->0(109)
[2024-08-29T23:16:09.682+0800] GC(2050) Old regions: 1->1
[2024-08-29T23:16:09.682+0800] GC(2050) Archive regions: 2->2
[2024-08-29T23:16:09.682+0800] GC(2050) Humongous regions: 1011->991
[2024-08-29T23:16:09.682+0800] GC(2050) Metaspace: 1630K(1792K)->1630K(1792K) NonClass: 1510K(1600K)->1510K(1600K) Class: 119K(192K)->119K(192K)
[2024-08-29T23:16:09.682+0800] GC(2050) Pause Young (Concurrent Start) (G1 Humongous Allocation) 1015M->992M(2048M) 1.237ms
[2024-08-29T23:16:09.682+0800] GC(2050) User=0.00s Sys=0.00s Real=0.00s
[2024-08-29T23:16:09.682+0800] GC(2051) Concurrent Mark Cycle
[2024-08-29T23:16:09.682+0800] GC(2051) Concurrent Clear Claimed Marks
[2024-08-29T23:16:09.682+0800] GC(2051) Concurrent Clear Claimed Marks 0.005ms
[2024-08-29T23:16:09.682+0800] GC(2051) Concurrent Scan Root Regions
[2024-08-29T23:16:09.682+0800] GC(2051) Concurrent Scan Root Regions 0.004ms
[2024-08-29T23:16:09.682+0800] GC(2051) Concurrent Mark
[2024-08-29T23:16:09.682+0800] GC(2051) Concurrent Mark From Roots
[2024-08-29T23:16:09.682+0800] GC(2051) Using 2 workers of 2 for marking
[2024-08-29T23:16:09.685+0800] GC(2051) Concurrent Mark From Roots 2.416ms
[2024-08-29T23:16:09.685+0800] GC(2051) Concurrent Preclean
[2024-08-29T23:16:09.685+0800] GC(2051) Concurrent Preclean 0.088ms
[2024-08-29T23:16:09.685+0800] GC(2051) Pause Remark
[2024-08-29T23:16:09.686+0800] GC(2051) Pause Remark 994M->994M(2048M) 0.805ms
[2024-08-29T23:16:09.686+0800] GC(2051) User=0.00s Sys=0.00s Real=0.00s
[2024-08-29T23:16:09.686+0800] GC(2051) Concurrent Mark 3.478ms
[2024-08-29T23:16:09.686+0800] GC(2051) Concurrent Rebuild Remembered Sets
[2024-08-29T23:16:09.686+0800] GC(2051) Concurrent Rebuild Remembered Sets 0.005ms
[2024-08-29T23:16:09.686+0800] GC(2051) Pause Cleanup
[2024-08-29T23:16:09.686+0800] GC(2051) Pause Cleanup 994M->994M(2048M) 0.010ms
[2024-08-29T23:16:09.686+0800] GC(2051) User=0.00s Sys=0.00s Real=0.00s
[2024-08-29T23:16:09.686+0800] GC(2051) Concurrent Cleanup for Next Mark
[2024-08-29T23:16:09.690+0800] GC(2051) Concurrent Cleanup for Next Mark 4.432ms
[2024-08-29T23:16:09.690+0800] GC(2051) Concurrent Mark Cycle 8.154ms
[2024-08-29T23:16:09.694+0800] GC(2052) Pause Young (Concurrent Start) (G1 Humongous Allocation)
[2024-08-29T23:16:09.694+0800] GC(2052) Using 8 workers of 8 for evacuation
[2024-08-29T23:16:09.695+0800] GC(2052)   Pre Evacuate Collection Set: 0.2ms
[2024-08-29T23:16:09.695+0800] GC(2052)   Merge Heap Roots: 0.1ms
[2024-08-29T23:16:09.695+0800] GC(2052)   Evacuate Collection Set: 0.3ms
[2024-08-29T23:16:09.695+0800] GC(2052)   Post Evacuate Collection Set: 0.3ms
[2024-08-29T23:16:09.695+0800] GC(2052)   Other: 0.1ms
[2024-08-29T23:16:09.695+0800] GC(2052) Eden regions: 4->0(863)
[2024-08-29T23:16:09.695+0800] GC(2052) Survivor regions: 0->0(106)
[2024-08-29T23:16:09.695+0800] GC(2052) Old regions: 1->1
[2024-08-29T23:16:09.695+0800] GC(2052) Archive regions: 2->2
[2024-08-29T23:16:09.695+0800] GC(2052) Humongous regions: 1008->976
[2024-08-29T23:16:09.695+0800] GC(2052) Metaspace: 1630K(1792K)->1630K(1792K) NonClass: 1510K(1600K)->1510K(1600K) Class: 119K(192K)->119K(192K)
[2024-08-29T23:16:09.695+0800] GC(2052) Pause Young (Concurrent Start) (G1 Humongous Allocation) 1012M->977M(2048M) 1.170ms
[2024-08-29T23:16:09.695+0800] GC(2052) User=0.00s Sys=0.01s Real=0.00s
[2024-08-29T23:16:09.695+0800] GC(2053) Concurrent Mark Cycle
[2024-08-29T23:16:09.695+0800] GC(2053) Concurrent Clear Claimed Marks
[2024-08-29T23:16:09.695+0800] GC(2053) Concurrent Clear Claimed Marks 0.006ms
[2024-08-29T23:16:09.695+0800] GC(2053) Concurrent Scan Root Regions
[2024-08-29T23:16:09.695+0800] GC(2053) Concurrent Scan Root Regions 0.004ms
[2024-08-29T23:16:09.695+0800] GC(2053) Concurrent Mark
[2024-08-29T23:16:09.695+0800] GC(2053) Concurrent Mark From Roots
[2024-08-29T23:16:09.695+0800] GC(2053) Using 2 workers of 2 for marking
[2024-08-29T23:16:09.698+0800] GC(2053) Concurrent Mark From Roots 2.348ms
[2024-08-29T23:16:09.698+0800] GC(2053) Concurrent Preclean
[2024-08-29T23:16:09.698+0800] GC(2053) Concurrent Preclean 0.089ms
[2024-08-29T23:16:09.699+0800] GC(2053) Pause Remark
[2024-08-29T23:16:09.700+0800] GC(2053) Pause Remark 992M->992M(2048M) 1.288ms
[2024-08-29T23:16:09.700+0800] GC(2053) User=0.00s Sys=0.00s Real=0.00s
[2024-08-29T23:16:09.700+0800] GC(2053) Concurrent Mark 5.119ms
[2024-08-29T23:16:09.700+0800] GC(2053) Concurrent Rebuild Remembered Sets
[2024-08-29T23:16:09.700+0800] GC(2053) Concurrent Rebuild Remembered Sets 0.006ms
[2024-08-29T23:16:09.700+0800] GC(2053) Pause Cleanup
[2024-08-29T23:16:09.700+0800] GC(2053) Pause Cleanup 993M->993M(2048M) 0.016ms
[2024-08-29T23:16:09.700+0800] GC(2053) User=0.00s Sys=0.00s Real=0.00s
[2024-08-29T23:16:09.700+0800] GC(2053) Concurrent Cleanup for Next Mark
[2024-08-29T23:16:09.704+0800] GC(2053) Concurrent Cleanup for Next Mark 3.987ms
[2024-08-29T23:16:09.705+0800] GC(2053) Concurrent Mark Cycle 9.399ms
[2024-08-29T23:16:09.706+0800] GC(2054) Pause Young (Concurrent Start) (G1 Humongous Allocation)
[2024-08-29T23:16:09.706+0800] GC(2054) Using 8 workers of 8 for evacuation
[2024-08-29T23:16:09.707+0800] GC(2054)   Pre Evacuate Collection Set: 0.2ms
[2024-08-29T23:16:09.707+0800] GC(2054)   Merge Heap Roots: 0.1ms
[2024-08-29T23:16:09.707+0800] GC(2054)   Evacuate Collection Set: 0.5ms
[2024-08-29T23:16:09.707+0800] GC(2054)   Post Evacuate Collection Set: 0.3ms
[2024-08-29T23:16:09.707+0800] GC(2054)   Other: 0.2ms
[2024-08-29T23:16:09.707+0800] GC(2054) Eden regions: 3->0(866)
[2024-08-29T23:16:09.707+0800] GC(2054) Survivor regions: 0->0(108)
[2024-08-29T23:16:09.707+0800] GC(2054) Old regions: 1->1
[2024-08-29T23:16:09.707+0800] GC(2054) Archive regions: 2->2
[2024-08-29T23:16:09.707+0800] GC(2054) Humongous regions: 1000->973
[2024-08-29T23:16:09.707+0800] GC(2054) Metaspace: 1630K(1792K)->1630K(1792K) NonClass: 1510K(1600K)->1510K(1600K) Class: 119K(192K)->119K(192K)
[2024-08-29T23:16:09.707+0800] GC(2054) Pause Young (Concurrent Start) (G1 Humongous Allocation) 1004M->974M(2048M) 1.374ms
[2024-08-29T23:16:09.707+0800] GC(2054) User=0.00s Sys=0.00s Real=0.00s
[2024-08-29T23:16:09.707+0800] GC(2055) Concurrent Mark Cycle
[2024-08-29T23:16:09.707+0800] GC(2055) Concurrent Clear Claimed Marks
[2024-08-29T23:16:09.707+0800] GC(2055) Concurrent Clear Claimed Marks 0.007ms
[2024-08-29T23:16:09.707+0800] GC(2055) Concurrent Scan Root Regions
[2024-08-29T23:16:09.707+0800] GC(2055) Concurrent Scan Root Regions 0.004ms
[2024-08-29T23:16:09.707+0800] GC(2055) Concurrent Mark
[2024-08-29T23:16:09.707+0800] GC(2055) Concurrent Mark From Roots
[2024-08-29T23:16:09.707+0800] GC(2055) Using 2 workers of 2 for marking
[2024-08-29T23:16:09.710+0800] GC(2055) Concurrent Mark From Roots 2.547ms
[2024-08-29T23:16:09.710+0800] GC(2055) Concurrent Preclean
[2024-08-29T23:16:09.710+0800] GC(2055) Concurrent Preclean 0.073ms
[2024-08-29T23:16:09.710+0800] GC(2055) Pause Remark
[2024-08-29T23:16:09.711+0800] GC(2055) Pause Remark 986M->986M(2048M) 0.959ms
[2024-08-29T23:16:09.711+0800] GC(2055) User=0.00s Sys=0.00s Real=0.00s
[2024-08-29T23:16:09.711+0800] GC(2055) Concurrent Mark 3.725ms
[2024-08-29T23:16:09.711+0800] GC(2055) Concurrent Rebuild Remembered Sets
[2024-08-29T23:16:09.711+0800] GC(2055) Concurrent Rebuild Remembered Sets 0.005ms
[2024-08-29T23:16:09.711+0800] GC(2055) Pause Cleanup
[2024-08-29T23:16:09.711+0800] GC(2055) Pause Cleanup 986M->986M(2048M) 0.011ms
[2024-08-29T23:16:09.711+0800] GC(2055) User=0.00s Sys=0.00s Real=0.00s
[2024-08-29T23:16:09.711+0800] GC(2055) Concurrent Cleanup for Next Mark
[2024-08-29T23:16:09.715+0800] GC(2055) Concurrent Cleanup for Next Mark 3.997ms
[2024-08-29T23:16:09.715+0800] GC(2055) Concurrent Mark Cycle 7.949ms
[2024-08-29T23:16:09.720+0800] GC(2056) Pause Young (Concurrent Start) (G1 Humongous Allocation)
[2024-08-29T23:16:09.720+0800] GC(2056) Using 8 workers of 8 for evacuation
[2024-08-29T23:16:09.721+0800] GC(2056)   Pre Evacuate Collection Set: 0.4ms
[2024-08-29T23:16:09.721+0800] GC(2056)   Merge Heap Roots: 0.1ms
[2024-08-29T23:16:09.721+0800] GC(2056)   Evacuate Collection Set: 0.4ms
[2024-08-29T23:16:09.721+0800] GC(2056)   Post Evacuate Collection Set: 0.3ms
[2024-08-29T23:16:09.721+0800] GC(2056)   Other: 0.2ms
[2024-08-29T23:16:09.721+0800] GC(2056) Eden regions: 4->0(885)
[2024-08-29T23:16:09.721+0800] GC(2056) Survivor regions: 0->0(109)
[2024-08-29T23:16:09.721+0800] GC(2056) Old regions: 1->1
[2024-08-29T23:16:09.721+0800] GC(2056) Archive regions: 2->2
[2024-08-29T23:16:09.721+0800] GC(2056) Humongous regions: 995->954
[2024-08-29T23:16:09.722+0800] GC(2056) Metaspace: 1630K(1792K)->1630K(1792K) NonClass: 1510K(1600K)->1510K(1600K) Class: 119K(192K)->119K(192K)
[2024-08-29T23:16:09.722+0800] GC(2056) Pause Young (Concurrent Start) (G1 Humongous Allocation) 999M->955M(2048M) 1.461ms
[2024-08-29T23:16:09.722+0800] GC(2056) User=0.00s Sys=0.00s Real=0.00s
[2024-08-29T23:16:09.722+0800] GC(2057) Concurrent Mark Cycle
[2024-08-29T23:16:09.722+0800] GC(2057) Concurrent Clear Claimed Marks
[2024-08-29T23:16:09.722+0800] GC(2057) Concurrent Clear Claimed Marks 0.006ms
[2024-08-29T23:16:09.722+0800] GC(2057) Concurrent Scan Root Regions
[2024-08-29T23:16:09.722+0800] GC(2057) Concurrent Scan Root Regions 0.004ms
[2024-08-29T23:16:09.722+0800] GC(2057) Concurrent Mark
[2024-08-29T23:16:09.722+0800] GC(2057) Concurrent Mark From Roots
[2024-08-29T23:16:09.722+0800] GC(2057) Using 2 workers of 2 for marking
[2024-08-29T23:16:09.724+0800] GC(2057) Concurrent Mark From Roots 2.145ms
[2024-08-29T23:16:09.724+0800] GC(2057) Concurrent Preclean
[2024-08-29T23:16:09.724+0800] GC(2057) Concurrent Preclean 0.101ms
[2024-08-29T23:16:09.724+0800] GC(2057) Pause Remark
[2024-08-29T23:16:09.725+0800] GC(2057) Pause Remark 962M->962M(2048M) 1.110ms
[2024-08-29T23:16:09.725+0800] GC(2057) User=0.00s Sys=0.00s Real=0.00s
[2024-08-29T23:16:09.725+0800] GC(2057) Concurrent Mark 3.494ms
[2024-08-29T23:16:09.725+0800] GC(2057) Concurrent Rebuild Remembered Sets
[2024-08-29T23:16:09.725+0800] GC(2057) Concurrent Rebuild Remembered Sets 0.006ms
[2024-08-29T23:16:09.726+0800] GC(2057) Pause Cleanup
[2024-08-29T23:16:09.726+0800] GC(2057) Pause Cleanup 964M->964M(2048M) 0.017ms
[2024-08-29T23:16:09.726+0800] GC(2057) User=0.00s Sys=0.00s Real=0.00s
[2024-08-29T23:16:09.726+0800] GC(2057) Concurrent Cleanup for Next Mark
[2024-08-29T23:16:09.731+0800] GC(2057) Concurrent Cleanup for Next Mark 4.600ms
[2024-08-29T23:16:09.731+0800] GC(2057) Concurrent Mark Cycle 9.063ms
[2024-08-29T23:16:09.732+0800] GC(2058) Pause Young (Concurrent Start) (G1 Humongous Allocation)
[2024-08-29T23:16:09.732+0800] GC(2058) Using 8 workers of 8 for evacuation
[2024-08-29T23:16:09.733+0800] GC(2058)   Pre Evacuate Collection Set: 0.3ms
[2024-08-29T23:16:09.733+0800] GC(2058)   Merge Heap Roots: 0.1ms
[2024-08-29T23:16:09.733+0800] GC(2058)   Evacuate Collection Set: 0.3ms
[2024-08-29T23:16:09.733+0800] GC(2058)   Post Evacuate Collection Set: 0.3ms
[2024-08-29T23:16:09.733+0800] GC(2058)   Other: 0.2ms
[2024-08-29T23:16:09.733+0800] GC(2058) Eden regions: 4->0(882)
[2024-08-29T23:16:09.733+0800] GC(2058) Survivor regions: 0->0(111)
[2024-08-29T23:16:09.733+0800] GC(2058) Old regions: 1->1
[2024-08-29T23:16:09.733+0800] GC(2058) Archive regions: 2->2
[2024-08-29T23:16:09.733+0800] GC(2058) Humongous regions: 978->957
[2024-08-29T23:16:09.733+0800] GC(2058) Metaspace: 1630K(1792K)->1630K(1792K) NonClass: 1510K(1600K)->1510K(1600K) Class: 119K(192K)->119K(192K)
[2024-08-29T23:16:09.733+0800] GC(2058) Pause Young (Concurrent Start) (G1 Humongous Allocation) 982M->958M(2048M) 1.186ms
[2024-08-29T23:16:09.733+0800] GC(2058) User=0.00s Sys=0.00s Real=0.01s
[2024-08-29T23:16:09.733+0800] GC(2059) Concurrent Mark Cycle
[2024-08-29T23:16:09.733+0800] GC(2059) Concurrent Clear Claimed Marks
[2024-08-29T23:16:09.733+0800] GC(2059) Concurrent Clear Claimed Marks 0.006ms
[2024-08-29T23:16:09.733+0800] GC(2059) Concurrent Scan Root Regions
[2024-08-29T23:16:09.733+0800] GC(2059) Concurrent Scan Root Regions 0.004ms
[2024-08-29T23:16:09.733+0800] GC(2059) Concurrent Mark
[2024-08-29T23:16:09.733+0800] GC(2059) Concurrent Mark From Roots
[2024-08-29T23:16:09.733+0800] GC(2059) Using 2 workers of 2 for marking
[2024-08-29T23:16:09.736+0800] GC(2059) Concurrent Mark From Roots 2.246ms
[2024-08-29T23:16:09.736+0800] GC(2059) Concurrent Preclean
[2024-08-29T23:16:09.736+0800] GC(2059) Concurrent Preclean 0.090ms
[2024-08-29T23:16:09.736+0800] GC(2059) Pause Remark
[2024-08-29T23:16:09.737+0800] GC(2059) Pause Remark 967M->967M(2048M) 0.926ms
[2024-08-29T23:16:09.737+0800] GC(2059) User=0.00s Sys=0.01s Real=0.00s
[2024-08-29T23:16:09.737+0800] GC(2059) Concurrent Mark 3.456ms
[2024-08-29T23:16:09.737+0800] GC(2059) Concurrent Rebuild Remembered Sets
[2024-08-29T23:16:09.737+0800] GC(2059) Concurrent Rebuild Remembered Sets 0.005ms
[2024-08-29T23:16:09.738+0800] GC(2059) Pause Cleanup
[2024-08-29T23:16:09.738+0800] GC(2059) Pause Cleanup 973M->973M(2048M) 0.020ms
[2024-08-29T23:16:09.738+0800] GC(2059) User=0.00s Sys=0.00s Real=0.00s
[2024-08-29T23:16:09.738+0800] GC(2059) Concurrent Cleanup for Next Mark
[2024-08-29T23:16:09.742+0800] GC(2059) Concurrent Cleanup for Next Mark 4.138ms
[2024-08-29T23:16:09.742+0800] GC(2059) Concurrent Mark Cycle 8.931ms
[2024-08-29T23:16:09.744+0800] GC(2060) Pause Young (Concurrent Start) (G1 Humongous Allocation)
[2024-08-29T23:16:09.744+0800] GC(2060) Using 8 workers of 8 for evacuation
[2024-08-29T23:16:09.745+0800] GC(2060)   Pre Evacuate Collection Set: 0.4ms
[2024-08-29T23:16:09.745+0800] GC(2060)   Merge Heap Roots: 0.1ms
[2024-08-29T23:16:09.745+0800] GC(2060)   Evacuate Collection Set: 0.3ms
[2024-08-29T23:16:09.745+0800] GC(2060)   Post Evacuate Collection Set: 0.3ms
[2024-08-29T23:16:09.745+0800] GC(2060)   Other: 0.1ms
[2024-08-29T23:16:09.745+0800] GC(2060) Eden regions: 3->0(877)
[2024-08-29T23:16:09.745+0800] GC(2060) Survivor regions: 0->0(111)
[2024-08-29T23:16:09.745+0800] GC(2060) Old regions: 1->1
[2024-08-29T23:16:09.745+0800] GC(2060) Archive regions: 2->2
[2024-08-29T23:16:09.745+0800] GC(2060) Humongous regions: 984->962
[2024-08-29T23:16:09.745+0800] GC(2060) Metaspace: 1630K(1792K)->1630K(1792K) NonClass: 1510K(1600K)->1510K(1600K) Class: 119K(192K)->119K(192K)
[2024-08-29T23:16:09.745+0800] GC(2060) Pause Young (Concurrent Start) (G1 Humongous Allocation) 988M->963M(2048M) 1.364ms
[2024-08-29T23:16:09.745+0800] GC(2060) User=0.01s Sys=0.00s Real=0.00s
[2024-08-29T23:16:09.745+0800] GC(2061) Concurrent Mark Cycle
[2024-08-29T23:16:09.745+0800] GC(2061) Concurrent Clear Claimed Marks
[2024-08-29T23:16:09.745+0800] GC(2061) Concurrent Clear Claimed Marks 0.006ms
[2024-08-29T23:16:09.745+0800] GC(2061) Concurrent Scan Root Regions
[2024-08-29T23:16:09.745+0800] GC(2061) Concurrent Scan Root Regions 0.004ms
[2024-08-29T23:16:09.745+0800] GC(2061) Concurrent Mark
[2024-08-29T23:16:09.745+0800] GC(2061) Concurrent Mark From Roots
[2024-08-29T23:16:09.745+0800] GC(2061) Using 2 workers of 2 for marking
[2024-08-29T23:16:09.748+0800] GC(2061) Concurrent Mark From Roots 2.389ms
[2024-08-29T23:16:09.748+0800] GC(2061) Concurrent Preclean
[2024-08-29T23:16:09.748+0800] GC(2061) Concurrent Preclean 0.114ms
[2024-08-29T23:16:09.748+0800] GC(2061) Pause Remark
[2024-08-29T23:16:09.750+0800] GC(2061) Pause Remark 975M->975M(2048M) 1.270ms
[2024-08-29T23:16:09.750+0800] GC(2061) User=0.00s Sys=0.00s Real=0.00s
[2024-08-29T23:16:09.750+0800] GC(2061) Concurrent Mark 4.249ms
[2024-08-29T23:16:09.750+0800] GC(2061) Concurrent Rebuild Remembered Sets
[2024-08-29T23:16:09.750+0800] GC(2061) Concurrent Rebuild Remembered Sets 0.006ms
[2024-08-29T23:16:09.751+0800] GC(2061) Pause Cleanup
[2024-08-29T23:16:09.751+0800] GC(2061) Pause Cleanup 977M->977M(2048M) 0.015ms
[2024-08-29T23:16:09.751+0800] GC(2061) User=0.00s Sys=0.00s Real=0.00s
[2024-08-29T23:16:09.751+0800] GC(2061) Concurrent Cleanup for Next Mark
[2024-08-29T23:16:09.754+0800] GC(2061) Concurrent Cleanup for Next Mark 3.855ms
[2024-08-29T23:16:09.755+0800] GC(2061) Concurrent Mark Cycle 9.138ms
[2024-08-29T23:16:09.759+0800] GC(2062) Pause Young (Concurrent Start) (G1 Humongous Allocation)
[2024-08-29T23:16:09.759+0800] GC(2062) Using 8 workers of 8 for evacuation
[2024-08-29T23:16:09.760+0800] GC(2062)   Pre Evacuate Collection Set: 0.2ms
[2024-08-29T23:16:09.760+0800] GC(2062)   Merge Heap Roots: 0.1ms
[2024-08-29T23:16:09.760+0800] GC(2062)   Evacuate Collection Set: 0.4ms
[2024-08-29T23:16:09.760+0800] GC(2062)   Post Evacuate Collection Set: 0.2ms
[2024-08-29T23:16:09.760+0800] GC(2062)   Other: 0.2ms
[2024-08-29T23:16:09.760+0800] GC(2062) Eden regions: 4->0(891)
[2024-08-29T23:16:09.760+0800] GC(2062) Survivor regions: 0->0(110)
[2024-08-29T23:16:09.760+0800] GC(2062) Old regions: 1->1
[2024-08-29T23:16:09.760+0800] GC(2062) Archive regions: 2->2
[2024-08-29T23:16:09.760+0800] GC(2062) Humongous regions: 983->948
[2024-08-29T23:16:09.760+0800] GC(2062) Metaspace: 1630K(1792K)->1630K(1792K) NonClass: 1510K(1600K)->1510K(1600K) Class: 119K(192K)->119K(192K)
[2024-08-29T23:16:09.760+0800] GC(2062) Pause Young (Concurrent Start) (G1 Humongous Allocation) 987M->949M(2048M) 1.273ms
[2024-08-29T23:16:09.760+0800] GC(2062) User=0.00s Sys=0.00s Real=0.00s
[2024-08-29T23:16:09.760+0800] GC(2063) Concurrent Mark Cycle
[2024-08-29T23:16:09.760+0800] GC(2063) Concurrent Clear Claimed Marks
[2024-08-29T23:16:09.760+0800] GC(2063) Concurrent Clear Claimed Marks 0.005ms
[2024-08-29T23:16:09.760+0800] GC(2063) Concurrent Scan Root Regions
[2024-08-29T23:16:09.760+0800] GC(2063) Concurrent Scan Root Regions 0.004ms
[2024-08-29T23:16:09.760+0800] GC(2063) Concurrent Mark
[2024-08-29T23:16:09.760+0800] GC(2063) Concurrent Mark From Roots
[2024-08-29T23:16:09.760+0800] GC(2063) Using 2 workers of 2 for marking
[2024-08-29T23:16:09.764+0800] GC(2063) Concurrent Mark From Roots 3.826ms
[2024-08-29T23:16:09.764+0800] GC(2063) Concurrent Preclean
[2024-08-29T23:16:09.764+0800] GC(2063) Concurrent Preclean 0.091ms
[2024-08-29T23:16:09.764+0800] GC(2063) Pause Remark
[2024-08-29T23:16:09.765+0800] GC(2063) Pause Remark 960M->960M(2048M) 0.998ms
[2024-08-29T23:16:09.765+0800] GC(2063) User=0.00s Sys=0.00s Real=0.00s
[2024-08-29T23:16:09.765+0800] GC(2063) Concurrent Mark 5.002ms
[2024-08-29T23:16:09.765+0800] GC(2063) Concurrent Rebuild Remembered Sets
[2024-08-29T23:16:09.765+0800] GC(2063) Concurrent Rebuild Remembered Sets 0.004ms
[2024-08-29T23:16:09.765+0800] GC(2063) Pause Cleanup
[2024-08-29T23:16:09.765+0800] GC(2063) Pause Cleanup 960M->960M(2048M) 0.006ms
[2024-08-29T23:16:09.765+0800] GC(2063) User=0.00s Sys=0.00s Real=0.00s
[2024-08-29T23:16:09.765+0800] GC(2063) Concurrent Cleanup for Next Mark
[2024-08-29T23:16:09.768+0800] GC(2063) Concurrent Cleanup for Next Mark 3.079ms
[2024-08-29T23:16:09.768+0800] GC(2063) Concurrent Mark Cycle 8.203ms
[2024-08-29T23:16:09.770+0800] GC(2064) Pause Young (Concurrent Start) (G1 Humongous Allocation)
[2024-08-29T23:16:09.770+0800] GC(2064) Using 8 workers of 8 for evacuation
[2024-08-29T23:16:09.771+0800] GC(2064)   Pre Evacuate Collection Set: 0.4ms
[2024-08-29T23:16:09.771+0800] GC(2064)   Merge Heap Roots: 0.2ms
[2024-08-29T23:16:09.771+0800] GC(2064)   Evacuate Collection Set: 0.3ms
[2024-08-29T23:16:09.771+0800] GC(2064)   Post Evacuate Collection Set: 0.3ms
[2024-08-29T23:16:09.771+0800] GC(2064)   Other: 0.1ms
[2024-08-29T23:16:09.771+0800] GC(2064) Eden regions: 4->0(906)
[2024-08-29T23:16:09.771+0800] GC(2064) Survivor regions: 0->0(112)
[2024-08-29T23:16:09.771+0800] GC(2064) Old regions: 1->1
[2024-08-29T23:16:09.771+0800] GC(2064) Archive regions: 2->2
[2024-08-29T23:16:09.771+0800] GC(2064) Humongous regions: 956->933
[2024-08-29T23:16:09.771+0800] GC(2064) Metaspace: 1630K(1792K)->1630K(1792K) NonClass: 1510K(1600K)->1510K(1600K) Class: 119K(192K)->119K(192K)
[2024-08-29T23:16:09.771+0800] GC(2064) Pause Young (Concurrent Start) (G1 Humongous Allocation) 960M->934M(2048M) 1.324ms
[2024-08-29T23:16:09.771+0800] GC(2064) User=0.00s Sys=0.00s Real=0.00s
[2024-08-29T23:16:09.771+0800] GC(2065) Concurrent Mark Cycle
[2024-08-29T23:16:09.771+0800] GC(2065) Concurrent Clear Claimed Marks
[2024-08-29T23:16:09.771+0800] GC(2065) Concurrent Clear Claimed Marks 0.005ms
[2024-08-29T23:16:09.771+0800] GC(2065) Concurrent Scan Root Regions
[2024-08-29T23:16:09.771+0800] GC(2065) Concurrent Scan Root Regions 0.004ms
[2024-08-29T23:16:09.771+0800] GC(2065) Concurrent Mark
[2024-08-29T23:16:09.771+0800] GC(2065) Concurrent Mark From Roots
[2024-08-29T23:16:09.771+0800] GC(2065) Using 2 workers of 2 for marking
[2024-08-29T23:16:09.774+0800] GC(2065) Concurrent Mark From Roots 3.058ms
[2024-08-29T23:16:09.774+0800] GC(2065) Concurrent Preclean
[2024-08-29T23:16:09.774+0800] GC(2065) Concurrent Preclean 0.092ms
[2024-08-29T23:16:09.774+0800] GC(2065) Pause Remark
[2024-08-29T23:16:09.775+0800] GC(2065) Pause Remark 953M->953M(2048M) 0.972ms
[2024-08-29T23:16:09.775+0800] GC(2065) User=0.00s Sys=0.01s Real=0.00s
[2024-08-29T23:16:09.775+0800] GC(2065) Concurrent Mark 4.356ms
[2024-08-29T23:16:09.776+0800] GC(2065) Concurrent Rebuild Remembered Sets
[2024-08-29T23:16:09.776+0800] GC(2065) Concurrent Rebuild Remembered Sets 0.036ms
[2024-08-29T23:16:09.776+0800] GC(2065) Pause Cleanup
[2024-08-29T23:16:09.776+0800] GC(2065) Pause Cleanup 954M->954M(2048M) 0.007ms
[2024-08-29T23:16:09.776+0800] GC(2065) User=0.00s Sys=0.00s Real=0.00s
[2024-08-29T23:16:09.776+0800] GC(2065) Concurrent Cleanup for Next Mark
[2024-08-29T23:16:09.779+0800] GC(2065) Concurrent Cleanup for Next Mark 3.751ms
[2024-08-29T23:16:09.779+0800] GC(2065) Concurrent Mark Cycle 8.340ms
[2024-08-29T23:16:09.782+0800] GC(2066) Pause Young (Concurrent Start) (G1 Humongous Allocation)
[2024-08-29T23:16:09.782+0800] GC(2066) Using 8 workers of 8 for evacuation
[2024-08-29T23:16:09.783+0800] GC(2066)   Pre Evacuate Collection Set: 0.3ms
[2024-08-29T23:16:09.783+0800] GC(2066)   Merge Heap Roots: 0.1ms
[2024-08-29T23:16:09.783+0800] GC(2066)   Evacuate Collection Set: 0.3ms
[2024-08-29T23:16:09.783+0800] GC(2066)   Post Evacuate Collection Set: 0.2ms
[2024-08-29T23:16:09.783+0800] GC(2066)   Other: 0.1ms
[2024-08-29T23:16:09.783+0800] GC(2066) Eden regions: 4->0(918)
[2024-08-29T23:16:09.783+0800] GC(2066) Survivor regions: 0->0(114)
[2024-08-29T23:16:09.783+0800] GC(2066) Old regions: 1->1
[2024-08-29T23:16:09.783+0800] GC(2066) Archive regions: 2->2
[2024-08-29T23:16:09.783+0800] GC(2066) Humongous regions: 956->921
[2024-08-29T23:16:09.783+0800] GC(2066) Metaspace: 1630K(1792K)->1630K(1792K) NonClass: 1510K(1600K)->1510K(1600K) Class: 119K(192K)->119K(192K)
[2024-08-29T23:16:09.783+0800] GC(2066) Pause Young (Concurrent Start) (G1 Humongous Allocation) 961M->922M(2048M) 1.032ms
[2024-08-29T23:16:09.783+0800] GC(2066) User=0.00s Sys=0.00s Real=0.01s
[2024-08-29T23:16:09.783+0800] GC(2067) Concurrent Mark Cycle
[2024-08-29T23:16:09.783+0800] GC(2067) Concurrent Clear Claimed Marks
[2024-08-29T23:16:09.783+0800] GC(2067) Concurrent Clear Claimed Marks 0.005ms
[2024-08-29T23:16:09.783+0800] GC(2067) Concurrent Scan Root Regions
[2024-08-29T23:16:09.783+0800] GC(2067) Concurrent Scan Root Regions 0.004ms
[2024-08-29T23:16:09.783+0800] GC(2067) Concurrent Mark
[2024-08-29T23:16:09.783+0800] GC(2067) Concurrent Mark From Roots
[2024-08-29T23:16:09.783+0800] GC(2067) Using 2 workers of 2 for marking
[2024-08-29T23:16:09.785+0800] GC(2067) Concurrent Mark From Roots 2.399ms
[2024-08-29T23:16:09.785+0800] GC(2067) Concurrent Preclean
[2024-08-29T23:16:09.785+0800] GC(2067) Concurrent Preclean 0.091ms
[2024-08-29T23:16:09.785+0800] GC(2067) Pause Remark
[2024-08-29T23:16:09.787+0800] GC(2067) Pause Remark 933M->933M(2048M) 1.779ms
[2024-08-29T23:16:09.787+0800] GC(2067) User=0.00s Sys=0.01s Real=0.00s
[2024-08-29T23:16:09.787+0800] GC(2067) Concurrent Mark 4.495ms
[2024-08-29T23:16:09.787+0800] GC(2067) Concurrent Rebuild Remembered Sets
[2024-08-29T23:16:09.787+0800] GC(2067) Concurrent Rebuild Remembered Sets 0.005ms
[2024-08-29T23:16:09.788+0800] GC(2067) Pause Cleanup
[2024-08-29T23:16:09.788+0800] GC(2067) Pause Cleanup 937M->937M(2048M) 0.011ms
[2024-08-29T23:16:09.788+0800] GC(2067) User=0.00s Sys=0.00s Real=0.00s
[2024-08-29T23:16:09.788+0800] GC(2067) Concurrent Cleanup for Next Mark
[2024-08-29T23:16:09.791+0800] GC(2067) Concurrent Cleanup for Next Mark 3.849ms
[2024-08-29T23:16:09.792+0800] GC(2067) Concurrent Mark Cycle 8.715ms
[2024-08-29T23:16:09.792+0800] GC(2068) Pause Young (Concurrent Start) (G1 Humongous Allocation)
[2024-08-29T23:16:09.792+0800] GC(2068) Using 8 workers of 8 for evacuation
[2024-08-29T23:16:09.793+0800] GC(2068)   Pre Evacuate Collection Set: 0.3ms
[2024-08-29T23:16:09.793+0800] GC(2068)   Merge Heap Roots: 0.1ms
[2024-08-29T23:16:09.793+0800] GC(2068)   Evacuate Collection Set: 0.2ms
[2024-08-29T23:16:09.793+0800] GC(2068)   Post Evacuate Collection Set: 0.3ms
[2024-08-29T23:16:09.793+0800] GC(2068)   Other: 0.1ms
[2024-08-29T23:16:09.793+0800] GC(2068) Eden regions: 3->0(918)
[2024-08-29T23:16:09.793+0800] GC(2068) Survivor regions: 0->0(115)
[2024-08-29T23:16:09.793+0800] GC(2068) Old regions: 1->1
[2024-08-29T23:16:09.793+0800] GC(2068) Archive regions: 2->2
[2024-08-29T23:16:09.793+0800] GC(2068) Humongous regions: 941->921
[2024-08-29T23:16:09.793+0800] GC(2068) Metaspace: 1630K(1792K)->1630K(1792K) NonClass: 1510K(1600K)->1510K(1600K) Class: 119K(192K)->119K(192K)
[2024-08-29T23:16:09.793+0800] GC(2068) Pause Young (Concurrent Start) (G1 Humongous Allocation) 945M->922M(2048M) 1.109ms
[2024-08-29T23:16:09.793+0800] GC(2068) User=0.00s Sys=0.00s Real=0.01s
[2024-08-29T23:16:09.793+0800] GC(2069) Concurrent Mark Cycle
[2024-08-29T23:16:09.793+0800] GC(2069) Concurrent Clear Claimed Marks
[2024-08-29T23:16:09.793+0800] GC(2069) Concurrent Clear Claimed Marks 0.006ms
[2024-08-29T23:16:09.793+0800] GC(2069) Concurrent Scan Root Regions
[2024-08-29T23:16:09.793+0800] GC(2069) Concurrent Scan Root Regions 0.004ms
[2024-08-29T23:16:09.793+0800] GC(2069) Concurrent Mark
[2024-08-29T23:16:09.793+0800] GC(2069) Concurrent Mark From Roots
[2024-08-29T23:16:09.793+0800] GC(2069) Using 2 workers of 2 for marking
[2024-08-29T23:16:09.795+0800] GC(2069) Concurrent Mark From Roots 2.305ms
[2024-08-29T23:16:09.795+0800] GC(2069) Concurrent Preclean
[2024-08-29T23:16:09.796+0800] GC(2069) Concurrent Preclean 0.114ms
[2024-08-29T23:16:09.796+0800] GC(2069) Pause Remark
[2024-08-29T23:16:09.797+0800] GC(2069) Pause Remark 926M->926M(2048M) 1.022ms
[2024-08-29T23:16:09.797+0800] GC(2069) User=0.00s Sys=0.00s Real=0.00s
[2024-08-29T23:16:09.797+0800] GC(2069) Concurrent Mark 3.631ms
[2024-08-29T23:16:09.797+0800] GC(2069) Concurrent Rebuild Remembered Sets
[2024-08-29T23:16:09.797+0800] GC(2069) Concurrent Rebuild Remembered Sets 0.007ms
[2024-08-29T23:16:09.797+0800] GC(2069) Pause Cleanup
[2024-08-29T23:16:09.797+0800] GC(2069) Pause Cleanup 928M->928M(2048M) 0.012ms
[2024-08-29T23:16:09.797+0800] GC(2069) User=0.00s Sys=0.00s Real=0.00s
[2024-08-29T23:16:09.797+0800] GC(2069) Concurrent Cleanup for Next Mark
[2024-08-29T23:16:09.802+0800] GC(2069) Concurrent Cleanup for Next Mark 4.656ms
[2024-08-29T23:16:09.802+0800] GC(2069) Concurrent Mark Cycle 8.577ms
[2024-08-29T23:16:09.802+0800] GC(2070) Pause Young (Concurrent Start) (G1 Humongous Allocation)
[2024-08-29T23:16:09.802+0800] GC(2070) Using 8 workers of 8 for evacuation
[2024-08-29T23:16:09.803+0800] GC(2070)   Pre Evacuate Collection Set: 0.3ms
[2024-08-29T23:16:09.803+0800] GC(2070)   Merge Heap Roots: 0.1ms
[2024-08-29T23:16:09.803+0800] GC(2070)   Evacuate Collection Set: 0.3ms
[2024-08-29T23:16:09.803+0800] GC(2070)   Post Evacuate Collection Set: 0.2ms
[2024-08-29T23:16:09.803+0800] GC(2070)   Other: 0.1ms
[2024-08-29T23:16:09.803+0800] GC(2070) Eden regions: 4->0(928)
[2024-08-29T23:16:09.803+0800] GC(2070) Survivor regions: 0->0(115)
[2024-08-29T23:16:09.803+0800] GC(2070) Old regions: 1->1
[2024-08-29T23:16:09.803+0800] GC(2070) Archive regions: 2->2
[2024-08-29T23:16:09.803+0800] GC(2070) Humongous regions: 940->911
[2024-08-29T23:16:09.803+0800] GC(2070) Metaspace: 1630K(1792K)->1630K(1792K) NonClass: 1510K(1600K)->1510K(1600K) Class: 119K(192K)->119K(192K)
[2024-08-29T23:16:09.803+0800] GC(2070) Pause Young (Concurrent Start) (G1 Humongous Allocation) 944M->912M(2048M) 0.995ms
[2024-08-29T23:16:09.803+0800] GC(2070) User=0.00s Sys=0.01s Real=0.01s
[2024-08-29T23:16:09.803+0800] GC(2071) Concurrent Undo Cycle
[2024-08-29T23:16:09.803+0800] GC(2071) Concurrent Cleanup for Next Mark
[2024-08-29T23:16:09.807+0800] GC(2071) Concurrent Cleanup for Next Mark 3.741ms
[2024-08-29T23:16:09.807+0800] GC(2071) Concurrent Undo Cycle 3.782ms
[2024-08-29T23:16:09.809+0800] GC(2072) Pause Young (Concurrent Start) (G1 Humongous Allocation)
[2024-08-29T23:16:09.809+0800] GC(2072) Using 8 workers of 8 for evacuation
[2024-08-29T23:16:09.811+0800] GC(2072)   Pre Evacuate Collection Set: 0.2ms
[2024-08-29T23:16:09.811+0800] GC(2072)   Merge Heap Roots: 0.1ms
[2024-08-29T23:16:09.811+0800] GC(2072)   Evacuate Collection Set: 0.8ms
[2024-08-29T23:16:09.811+0800] GC(2072)   Post Evacuate Collection Set: 0.3ms
[2024-08-29T23:16:09.811+0800] GC(2072)   Other: 0.1ms
[2024-08-29T23:16:09.811+0800] GC(2072) Eden regions: 3->0(940)
[2024-08-29T23:16:09.811+0800] GC(2072) Survivor regions: 0->0(116)
[2024-08-29T23:16:09.811+0800] GC(2072) Old regions: 1->1
[2024-08-29T23:16:09.811+0800] GC(2072) Archive regions: 2->2
[2024-08-29T23:16:09.811+0800] GC(2072) Humongous regions: 917->899
[2024-08-29T23:16:09.811+0800] GC(2072) Metaspace: 1630K(1792K)->1630K(1792K) NonClass: 1510K(1600K)->1510K(1600K) Class: 119K(192K)->119K(192K)
[2024-08-29T23:16:09.811+0800] GC(2072) Pause Young (Concurrent Start) (G1 Humongous Allocation) 920M->900M(2048M) 1.611ms
[2024-08-29T23:16:09.811+0800] GC(2072) User=0.00s Sys=0.00s Real=0.00s
[2024-08-29T23:16:09.811+0800] GC(2073) Concurrent Undo Cycle
[2024-08-29T23:16:09.811+0800] GC(2073) Concurrent Cleanup for Next Mark
[2024-08-29T23:16:09.817+0800] GC(2073) Concurrent Cleanup for Next Mark 5.803ms
[2024-08-29T23:16:09.817+0800] GC(2073) Concurrent Undo Cycle 5.887ms
[2024-08-29T23:16:09.819+0800] GC(2074) Pause Young (Concurrent Start) (G1 Humongous Allocation)
[2024-08-29T23:16:09.819+0800] GC(2074) Using 8 workers of 8 for evacuation
[2024-08-29T23:16:09.821+0800] GC(2074)   Pre Evacuate Collection Set: 0.3ms
[2024-08-29T23:16:09.821+0800] GC(2074)   Merge Heap Roots: 0.2ms
[2024-08-29T23:16:09.821+0800] GC(2074)   Evacuate Collection Set: 0.6ms
[2024-08-29T23:16:09.821+0800] GC(2074)   Post Evacuate Collection Set: 0.3ms
[2024-08-29T23:16:09.821+0800] GC(2074)   Other: 0.2ms
[2024-08-29T23:16:09.821+0800] GC(2074) Eden regions: 3->0(933)
[2024-08-29T23:16:09.821+0800] GC(2074) Survivor regions: 0->0(118)
[2024-08-29T23:16:09.821+0800] GC(2074) Old regions: 1->1
[2024-08-29T23:16:09.821+0800] GC(2074) Archive regions: 2->2
[2024-08-29T23:16:09.821+0800] GC(2074) Humongous regions: 918->906
[2024-08-29T23:16:09.821+0800] GC(2074) Metaspace: 1630K(1792K)->1630K(1792K) NonClass: 1510K(1600K)->1510K(1600K) Class: 119K(192K)->119K(192K)
[2024-08-29T23:16:09.821+0800] GC(2074) Pause Young (Concurrent Start) (G1 Humongous Allocation) 922M->907M(2048M) 1.527ms
[2024-08-29T23:16:09.821+0800] GC(2074) User=0.00s Sys=0.01s Real=0.00s
[2024-08-29T23:16:09.821+0800] GC(2075) Concurrent Undo Cycle
[2024-08-29T23:16:09.821+0800] GC(2075) Concurrent Cleanup for Next Mark
[2024-08-29T23:16:09.827+0800] GC(2075) Concurrent Cleanup for Next Mark 5.617ms
[2024-08-29T23:16:09.827+0800] GC(2075) Concurrent Undo Cycle 5.702ms
[2024-08-29T23:16:09.827+0800] GC(2076) Pause Young (Concurrent Start) (G1 Humongous Allocation)
[2024-08-29T23:16:09.827+0800] GC(2076) Using 8 workers of 8 for evacuation
[2024-08-29T23:16:09.828+0800] GC(2076)   Pre Evacuate Collection Set: 0.3ms
[2024-08-29T23:16:09.828+0800] GC(2076)   Merge Heap Roots: 0.1ms
[2024-08-29T23:16:09.828+0800] GC(2076)   Evacuate Collection Set: 0.4ms
[2024-08-29T23:16:09.828+0800] GC(2076)   Post Evacuate Collection Set: 0.3ms
[2024-08-29T23:16:09.828+0800] GC(2076)   Other: 0.2ms
[2024-08-29T23:16:09.828+0800] GC(2076) Eden regions: 3->0(919)
[2024-08-29T23:16:09.828+0800] GC(2076) Survivor regions: 0->0(117)
[2024-08-29T23:16:09.829+0800] GC(2076) Old regions: 1->1
[2024-08-29T23:16:09.829+0800] GC(2076) Archive regions: 2->2
[2024-08-29T23:16:09.829+0800] GC(2076) Humongous regions: 927->920
[2024-08-29T23:16:09.829+0800] GC(2076) Metaspace: 1630K(1792K)->1630K(1792K) NonClass: 1510K(1600K)->1510K(1600K) Class: 119K(192K)->119K(192K)
[2024-08-29T23:16:09.829+0800] GC(2076) Pause Young (Concurrent Start) (G1 Humongous Allocation) 930M->921M(2048M) 1.230ms
[2024-08-29T23:16:09.829+0800] GC(2076) User=0.00s Sys=0.00s Real=0.00s
[2024-08-29T23:16:09.829+0800] GC(2077) Concurrent Mark Cycle
[2024-08-29T23:16:09.829+0800] GC(2077) Concurrent Clear Claimed Marks
[2024-08-29T23:16:09.829+0800] GC(2077) Concurrent Clear Claimed Marks 0.006ms
[2024-08-29T23:16:09.829+0800] GC(2077) Concurrent Scan Root Regions
[2024-08-29T23:16:09.829+0800] GC(2077) Concurrent Scan Root Regions 0.004ms
[2024-08-29T23:16:09.829+0800] GC(2077) Concurrent Mark
[2024-08-29T23:16:09.829+0800] GC(2077) Concurrent Mark From Roots
[2024-08-29T23:16:09.829+0800] GC(2077) Using 2 workers of 2 for marking
[2024-08-29T23:16:09.832+0800] GC(2077) Concurrent Mark From Roots 3.021ms
[2024-08-29T23:16:09.832+0800] GC(2077) Concurrent Preclean
[2024-08-29T23:16:09.832+0800] GC(2077) Concurrent Preclean 0.075ms
[2024-08-29T23:16:09.832+0800] GC(2077) Pause Remark
[2024-08-29T23:16:09.833+0800] GC(2077) Pause Remark 942M->942M(2048M) 1.192ms
[2024-08-29T23:16:09.833+0800] GC(2077) User=0.01s Sys=0.00s Real=0.01s
[2024-08-29T23:16:09.833+0800] GC(2077) Concurrent Mark 4.465ms
[2024-08-29T23:16:09.833+0800] GC(2077) Concurrent Rebuild Remembered Sets
[2024-08-29T23:16:09.833+0800] GC(2077) Concurrent Rebuild Remembered Sets 0.005ms
[2024-08-29T23:16:09.834+0800] GC(2077) Pause Cleanup
[2024-08-29T23:16:09.834+0800] GC(2077) Pause Cleanup 947M->947M(2048M) 0.017ms
[2024-08-29T23:16:09.834+0800] GC(2077) User=0.00s Sys=0.00s Real=0.00s
[2024-08-29T23:16:09.834+0800] GC(2077) Concurrent Cleanup for Next Mark
[2024-08-29T23:16:09.838+0800] GC(2077) Concurrent Cleanup for Next Mark 3.818ms
[2024-08-29T23:16:09.838+0800] GC(2077) Concurrent Mark Cycle 9.517ms
[2024-08-29T23:16:09.839+0800] GC(2078) Pause Young (Concurrent Start) (G1 Humongous Allocation)
[2024-08-29T23:16:09.839+0800] GC(2078) Using 8 workers of 8 for evacuation
[2024-08-29T23:16:09.840+0800] GC(2078)   Pre Evacuate Collection Set: 0.2ms
[2024-08-29T23:16:09.841+0800] GC(2078)   Merge Heap Roots: 0.1ms
[2024-08-29T23:16:09.841+0800] GC(2078)   Evacuate Collection Set: 0.5ms
[2024-08-29T23:16:09.841+0800] GC(2078)   Post Evacuate Collection Set: 0.4ms
[2024-08-29T23:16:09.841+0800] GC(2078)   Other: 0.2ms
[2024-08-29T23:16:09.841+0800] GC(2078) Eden regions: 3->0(919)
[2024-08-29T23:16:09.841+0800] GC(2078) Survivor regions: 0->0(115)
[2024-08-29T23:16:09.841+0800] GC(2078) Old regions: 1->1
[2024-08-29T23:16:09.841+0800] GC(2078) Archive regions: 2->2
[2024-08-29T23:16:09.841+0800] GC(2078) Humongous regions: 951->920
[2024-08-29T23:16:09.841+0800] GC(2078) Metaspace: 1630K(1792K)->1630K(1792K) NonClass: 1510K(1600K)->1510K(1600K) Class: 119K(192K)->119K(192K)
[2024-08-29T23:16:09.841+0800] GC(2078) Pause Young (Concurrent Start) (G1 Humongous Allocation) 955M->921M(2048M) 1.412ms
[2024-08-29T23:16:09.841+0800] GC(2078) User=0.00s Sys=0.00s Real=0.00s
[2024-08-29T23:16:09.841+0800] GC(2079) Concurrent Mark Cycle
[2024-08-29T23:16:09.841+0800] GC(2079) Concurrent Clear Claimed Marks
[2024-08-29T23:16:09.841+0800] GC(2079) Concurrent Clear Claimed Marks 0.005ms
[2024-08-29T23:16:09.841+0800] GC(2079) Concurrent Scan Root Regions
[2024-08-29T23:16:09.841+0800] GC(2079) Concurrent Scan Root Regions 0.004ms
[2024-08-29T23:16:09.841+0800] GC(2079) Concurrent Mark
[2024-08-29T23:16:09.841+0800] GC(2079) Concurrent Mark From Roots
[2024-08-29T23:16:09.841+0800] GC(2079) Using 2 workers of 2 for marking
[2024-08-29T23:16:09.843+0800] GC(2079) Concurrent Mark From Roots 2.805ms
[2024-08-29T23:16:09.844+0800] GC(2079) Concurrent Preclean
[2024-08-29T23:16:09.844+0800] GC(2079) Concurrent Preclean 0.079ms
[2024-08-29T23:16:09.844+0800] GC(2079) Pause Remark
[2024-08-29T23:16:09.845+0800] GC(2079) Pause Remark 939M->939M(2048M) 1.004ms
[2024-08-29T23:16:09.845+0800] GC(2079) User=0.00s Sys=0.00s Real=0.00s
[2024-08-29T23:16:09.845+0800] GC(2079) Concurrent Mark 4.092ms
[2024-08-29T23:16:09.845+0800] GC(2079) Concurrent Rebuild Remembered Sets
[2024-08-29T23:16:09.845+0800] GC(2079) Concurrent Rebuild Remembered Sets 0.005ms
[2024-08-29T23:16:09.845+0800] GC(2079) Pause Cleanup
[2024-08-29T23:16:09.845+0800] GC(2079) Pause Cleanup 939M->939M(2048M) 0.015ms
[2024-08-29T23:16:09.845+0800] GC(2079) User=0.00s Sys=0.00s Real=0.00s
[2024-08-29T23:16:09.845+0800] GC(2079) Concurrent Cleanup for Next Mark
[2024-08-29T23:16:09.849+0800] GC(2079) Concurrent Cleanup for Next Mark 4.088ms
[2024-08-29T23:16:09.849+0800] GC(2079) Concurrent Mark Cycle 8.392ms
[2024-08-29T23:16:09.849+0800] GC(2080) Pause Young (Concurrent Start) (G1 Humongous Allocation)
[2024-08-29T23:16:09.849+0800] GC(2080) Using 8 workers of 8 for evacuation
[2024-08-29T23:16:09.850+0800] GC(2080)   Pre Evacuate Collection Set: 0.2ms
[2024-08-29T23:16:09.850+0800] GC(2080)   Merge Heap Roots: 0.1ms
[2024-08-29T23:16:09.850+0800] GC(2080)   Evacuate Collection Set: 0.3ms
[2024-08-29T23:16:09.850+0800] GC(2080)   Post Evacuate Collection Set: 0.3ms
[2024-08-29T23:16:09.850+0800] GC(2080)   Other: 0.1ms
[2024-08-29T23:16:09.850+0800] GC(2080) Eden regions: 4->0(938)
[2024-08-29T23:16:09.850+0800] GC(2080) Survivor regions: 0->0(115)
[2024-08-29T23:16:09.850+0800] GC(2080) Old regions: 1->1
[2024-08-29T23:16:09.850+0800] GC(2080) Archive regions: 2->2
[2024-08-29T23:16:09.850+0800] GC(2080) Humongous regions: 940->901
[2024-08-29T23:16:09.850+0800] GC(2080) Metaspace: 1630K(1792K)->1630K(1792K) NonClass: 1510K(1600K)->1510K(1600K) Class: 119K(192K)->119K(192K)
[2024-08-29T23:16:09.850+0800] GC(2080) Pause Young (Concurrent Start) (G1 Humongous Allocation) 944M->902M(2048M) 1.099ms
[2024-08-29T23:16:09.850+0800] GC(2080) User=0.00s Sys=0.00s Real=0.00s
[2024-08-29T23:16:09.850+0800] GC(2081) Concurrent Undo Cycle
[2024-08-29T23:16:09.850+0800] GC(2081) Concurrent Cleanup for Next Mark
[2024-08-29T23:16:09.856+0800] GC(2081) Concurrent Cleanup for Next Mark 5.112ms
[2024-08-29T23:16:09.856+0800] GC(2081) Concurrent Undo Cycle 5.315ms
[2024-08-29T23:16:09.857+0800] GC(2082) Pause Young (Concurrent Start) (G1 Humongous Allocation)
[2024-08-29T23:16:09.857+0800] GC(2082) Using 8 workers of 8 for evacuation
[2024-08-29T23:16:09.859+0800] GC(2082)   Pre Evacuate Collection Set: 0.3ms
[2024-08-29T23:16:09.859+0800] GC(2082)   Merge Heap Roots: 0.1ms
[2024-08-29T23:16:09.859+0800] GC(2082)   Evacuate Collection Set: 0.4ms
[2024-08-29T23:16:09.859+0800] GC(2082)   Post Evacuate Collection Set: 0.5ms
[2024-08-29T23:16:09.859+0800] GC(2082)   Other: 0.1ms
[2024-08-29T23:16:09.859+0800] GC(2082) Eden regions: 3->0(934)
[2024-08-29T23:16:09.859+0800] GC(2082) Survivor regions: 0->0(118)
[2024-08-29T23:16:09.859+0800] GC(2082) Old regions: 1->1
[2024-08-29T23:16:09.859+0800] GC(2082) Archive regions: 2->2
[2024-08-29T23:16:09.859+0800] GC(2082) Humongous regions: 919->905
[2024-08-29T23:16:09.859+0800] GC(2082) Metaspace: 1630K(1792K)->1630K(1792K) NonClass: 1510K(1600K)->1510K(1600K) Class: 119K(192K)->119K(192K)
[2024-08-29T23:16:09.859+0800] GC(2082) Pause Young (Concurrent Start) (G1 Humongous Allocation) 923M->906M(2048M) 1.478ms
[2024-08-29T23:16:09.859+0800] GC(2082) User=0.00s Sys=0.01s Real=0.00s
[2024-08-29T23:16:09.859+0800] GC(2083) Concurrent Undo Cycle
[2024-08-29T23:16:09.859+0800] GC(2083) Concurrent Cleanup for Next Mark
[2024-08-29T23:16:09.863+0800] GC(2083) Concurrent Cleanup for Next Mark 4.699ms
[2024-08-29T23:16:09.864+0800] GC(2083) Concurrent Undo Cycle 4.778ms
[2024-08-29T23:16:09.868+0800] GC(2084) Pause Young (Concurrent Start) (G1 Humongous Allocation)
[2024-08-29T23:16:09.868+0800] GC(2084) Using 8 workers of 8 for evacuation
[2024-08-29T23:16:09.869+0800] GC(2084)   Pre Evacuate Collection Set: 0.2ms
[2024-08-29T23:16:09.869+0800] GC(2084)   Merge Heap Roots: 0.1ms
[2024-08-29T23:16:09.869+0800] GC(2084)   Evacuate Collection Set: 0.4ms
[2024-08-29T23:16:09.869+0800] GC(2084)   Post Evacuate Collection Set: 0.3ms
[2024-08-29T23:16:09.869+0800] GC(2084)   Other: 0.1ms
[2024-08-29T23:16:09.869+0800] GC(2084) Eden regions: 4->0(952)
[2024-08-29T23:16:09.869+0800] GC(2084) Survivor regions: 0->0(117)
[2024-08-29T23:16:09.869+0800] GC(2084) Old regions: 1->1
[2024-08-29T23:16:09.869+0800] GC(2084) Archive regions: 2->2
[2024-08-29T23:16:09.869+0800] GC(2084) Humongous regions: 919->887
[2024-08-29T23:16:09.869+0800] GC(2084) Metaspace: 1630K(1792K)->1630K(1792K) NonClass: 1510K(1600K)->1510K(1600K) Class: 119K(192K)->119K(192K)
[2024-08-29T23:16:09.869+0800] GC(2084) Pause Young (Concurrent Start) (G1 Humongous Allocation) 924M->888M(2048M) 1.231ms
[2024-08-29T23:16:09.869+0800] GC(2084) User=0.00s Sys=0.00s Real=0.00s
[2024-08-29T23:16:09.870+0800] GC(2085) Concurrent Undo Cycle
[2024-08-29T23:16:09.870+0800] GC(2085) Concurrent Cleanup for Next Mark
[2024-08-29T23:16:09.874+0800] GC(2085) Concurrent Cleanup for Next Mark 4.673ms
[2024-08-29T23:16:09.874+0800] GC(2085) Concurrent Undo Cycle 4.752ms
[2024-08-29T23:16:09.885+0800] GC(2086) Pause Young (Concurrent Start) (G1 Humongous Allocation)
[2024-08-29T23:16:09.885+0800] GC(2086) Using 8 workers of 8 for evacuation
[2024-08-29T23:16:09.886+0800] GC(2086)   Pre Evacuate Collection Set: 0.2ms
[2024-08-29T23:16:09.886+0800] GC(2086)   Merge Heap Roots: 0.1ms
[2024-08-29T23:16:09.886+0800] GC(2086)   Evacuate Collection Set: 0.3ms
[2024-08-29T23:16:09.886+0800] GC(2086)   Post Evacuate Collection Set: 0.3ms
[2024-08-29T23:16:09.886+0800] GC(2086)   Other: 0.2ms
[2024-08-29T23:16:09.886+0800] GC(2086) Eden regions: 4->0(947)
[2024-08-29T23:16:09.886+0800] GC(2086) Survivor regions: 0->0(119)
[2024-08-29T23:16:09.886+0800] GC(2086) Old regions: 1->1
[2024-08-29T23:16:09.886+0800] GC(2086) Archive regions: 2->2
[2024-08-29T23:16:09.886+0800] GC(2086) Humongous regions: 919->892
[2024-08-29T23:16:09.886+0800] GC(2086) Metaspace: 1630K(1792K)->1630K(1792K) NonClass: 1510K(1600K)->1510K(1600K) Class: 119K(192K)->119K(192K)
[2024-08-29T23:16:09.886+0800] GC(2086) Pause Young (Concurrent Start) (G1 Humongous Allocation) 924M->893M(2048M) 1.227ms
[2024-08-29T23:16:09.886+0800] GC(2086) User=0.00s Sys=0.00s Real=0.00s
[2024-08-29T23:16:09.887+0800] GC(2087) Concurrent Undo Cycle
[2024-08-29T23:16:09.887+0800] GC(2087) Concurrent Cleanup for Next Mark
[2024-08-29T23:16:09.893+0800] GC(2087) Concurrent Cleanup for Next Mark 6.143ms
[2024-08-29T23:16:09.893+0800] GC(2087) Concurrent Undo Cycle 6.339ms
[2024-08-29T23:16:09.897+0800] GC(2088) Pause Young (Concurrent Start) (G1 Humongous Allocation)
[2024-08-29T23:16:09.897+0800] GC(2088) Using 8 workers of 8 for evacuation
[2024-08-29T23:16:09.898+0800] GC(2088)   Pre Evacuate Collection Set: 0.3ms
[2024-08-29T23:16:09.898+0800] GC(2088)   Merge Heap Roots: 0.1ms
[2024-08-29T23:16:09.898+0800] GC(2088)   Evacuate Collection Set: 0.4ms
[2024-08-29T23:16:09.898+0800] GC(2088)   Post Evacuate Collection Set: 0.3ms
[2024-08-29T23:16:09.898+0800] GC(2088)   Other: 0.1ms
[2024-08-29T23:16:09.898+0800] GC(2088) Eden regions: 3->0(946)
[2024-08-29T23:16:09.898+0800] GC(2088) Survivor regions: 0->0(119)
[2024-08-29T23:16:09.898+0800] GC(2088) Old regions: 1->1
[2024-08-29T23:16:09.898+0800] GC(2088) Archive regions: 2->2
[2024-08-29T23:16:09.898+0800] GC(2088) Humongous regions: 916->893
[2024-08-29T23:16:09.899+0800] GC(2088) Metaspace: 1630K(1792K)->1630K(1792K) NonClass: 1510K(1600K)->1510K(1600K) Class: 119K(192K)->119K(192K)
[2024-08-29T23:16:09.899+0800] GC(2088) Pause Young (Concurrent Start) (G1 Humongous Allocation) 920M->894M(2048M) 1.281ms
[2024-08-29T23:16:09.899+0800] GC(2088) User=0.00s Sys=0.00s Real=0.00s
[2024-08-29T23:16:09.899+0800] GC(2089) Concurrent Undo Cycle
[2024-08-29T23:16:09.899+0800] GC(2089) Concurrent Cleanup for Next Mark
[2024-08-29T23:16:09.904+0800] GC(2089) Concurrent Cleanup for Next Mark 4.922ms
[2024-08-29T23:16:09.904+0800] GC(2089) Concurrent Undo Cycle 5.081ms
[2024-08-29T23:16:09.907+0800] GC(2090) Pause Young (Concurrent Start) (G1 Humongous Allocation)
[2024-08-29T23:16:09.907+0800] GC(2090) Using 8 workers of 8 for evacuation
[2024-08-29T23:16:09.909+0800] GC(2090)   Pre Evacuate Collection Set: 0.4ms
[2024-08-29T23:16:09.909+0800] GC(2090)   Merge Heap Roots: 0.1ms
[2024-08-29T23:16:09.909+0800] GC(2090)   Evacuate Collection Set: 0.4ms
[2024-08-29T23:16:09.909+0800] GC(2090)   Post Evacuate Collection Set: 0.3ms
[2024-08-29T23:16:09.909+0800] GC(2090)   Other: 0.3ms
[2024-08-29T23:16:09.909+0800] GC(2090) Eden regions: 4->0(928)
[2024-08-29T23:16:09.909+0800] GC(2090) Survivor regions: 0->0(119)
[2024-08-29T23:16:09.909+0800] GC(2090) Old regions: 1->1
[2024-08-29T23:16:09.909+0800] GC(2090) Archive regions: 2->2
[2024-08-29T23:16:09.909+0800] GC(2090) Humongous regions: 919->911
[2024-08-29T23:16:09.909+0800] GC(2090) Metaspace: 1630K(1792K)->1630K(1792K) NonClass: 1510K(1600K)->1510K(1600K) Class: 119K(192K)->119K(192K)
[2024-08-29T23:16:09.909+0800] GC(2090) Pause Young (Concurrent Start) (G1 Humongous Allocation) 924M->912M(2048M) 1.587ms
[2024-08-29T23:16:09.909+0800] GC(2090) User=0.00s Sys=0.00s Real=0.00s
[2024-08-29T23:16:09.909+0800] GC(2091) Concurrent Undo Cycle
[2024-08-29T23:16:09.909+0800] GC(2091) Concurrent Cleanup for Next Mark
[2024-08-29T23:16:09.916+0800] GC(2091) Concurrent Cleanup for Next Mark 7.377ms
[2024-08-29T23:16:09.917+0800] GC(2091) Concurrent Undo Cycle 7.541ms
[2024-08-29T23:16:09.917+0800] GC(2092) Pause Young (Concurrent Start) (G1 Humongous Allocation)
[2024-08-29T23:16:09.917+0800] GC(2092) Using 8 workers of 8 for evacuation
[2024-08-29T23:16:09.918+0800] GC(2092)   Pre Evacuate Collection Set: 0.2ms
[2024-08-29T23:16:09.918+0800] GC(2092)   Merge Heap Roots: 0.1ms
[2024-08-29T23:16:09.918+0800] GC(2092)   Evacuate Collection Set: 0.3ms
[2024-08-29T23:16:09.918+0800] GC(2092)   Post Evacuate Collection Set: 0.3ms
[2024-08-29T23:16:09.918+0800] GC(2092)   Other: 0.1ms
[2024-08-29T23:16:09.918+0800] GC(2092) Eden regions: 4->0(911)
[2024-08-29T23:16:09.918+0800] GC(2092) Survivor regions: 0->0(116)
[2024-08-29T23:16:09.918+0800] GC(2092) Old regions: 1->1
[2024-08-29T23:16:09.918+0800] GC(2092) Archive regions: 2->2
[2024-08-29T23:16:09.918+0800] GC(2092) Humongous regions: 947->928
[2024-08-29T23:16:09.918+0800] GC(2092) Metaspace: 1630K(1792K)->1630K(1792K) NonClass: 1510K(1600K)->1510K(1600K) Class: 119K(192K)->119K(192K)
[2024-08-29T23:16:09.918+0800] GC(2092) Pause Young (Concurrent Start) (G1 Humongous Allocation) 952M->929M(2048M) 1.147ms
[2024-08-29T23:16:09.918+0800] GC(2092) User=0.01s Sys=0.01s Real=0.00s
[2024-08-29T23:16:09.918+0800] GC(2093) Concurrent Mark Cycle
[2024-08-29T23:16:09.918+0800] GC(2093) Concurrent Clear Claimed Marks
[2024-08-29T23:16:09.918+0800] GC(2093) Concurrent Clear Claimed Marks 0.007ms
[2024-08-29T23:16:09.918+0800] GC(2093) Concurrent Scan Root Regions
[2024-08-29T23:16:09.918+0800] GC(2093) Concurrent Scan Root Regions 0.004ms
[2024-08-29T23:16:09.918+0800] GC(2093) Concurrent Mark
[2024-08-29T23:16:09.918+0800] GC(2093) Concurrent Mark From Roots
[2024-08-29T23:16:09.918+0800] GC(2093) Using 2 workers of 2 for marking
[2024-08-29T23:16:09.921+0800] GC(2093) Concurrent Mark From Roots 2.805ms
[2024-08-29T23:16:09.921+0800] GC(2093) Concurrent Preclean
[2024-08-29T23:16:09.921+0800] GC(2093) Concurrent Preclean 0.083ms
[2024-08-29T23:16:09.921+0800] GC(2093) Pause Remark
[2024-08-29T23:16:09.922+0800] GC(2093) Pause Remark 949M->949M(2048M) 1.236ms
[2024-08-29T23:16:09.922+0800] GC(2093) User=0.00s Sys=0.00s Real=0.01s
[2024-08-29T23:16:09.923+0800] GC(2093) Concurrent Mark 4.766ms
[2024-08-29T23:16:09.923+0800] GC(2093) Concurrent Rebuild Remembered Sets
[2024-08-29T23:16:09.923+0800] GC(2093) Concurrent Rebuild Remembered Sets 0.006ms
[2024-08-29T23:16:09.923+0800] GC(2093) Pause Cleanup
[2024-08-29T23:16:09.923+0800] GC(2093) Pause Cleanup 949M->949M(2048M) 0.018ms
[2024-08-29T23:16:09.923+0800] GC(2093) User=0.00s Sys=0.00s Real=0.00s
[2024-08-29T23:16:09.923+0800] GC(2093) Concurrent Cleanup for Next Mark
[2024-08-29T23:16:09.928+0800] GC(2093) Concurrent Cleanup for Next Mark 5.197ms
[2024-08-29T23:16:09.928+0800] GC(2093) Concurrent Mark Cycle 10.322ms
[2024-08-29T23:16:09.929+0800] GC(2094) Pause Young (Concurrent Start) (G1 Humongous Allocation)
[2024-08-29T23:16:09.929+0800] GC(2094) Using 8 workers of 8 for evacuation
[2024-08-29T23:16:09.931+0800] GC(2094)   Pre Evacuate Collection Set: 0.3ms
[2024-08-29T23:16:09.931+0800] GC(2094)   Merge Heap Roots: 0.1ms
[2024-08-29T23:16:09.931+0800] GC(2094)   Evacuate Collection Set: 0.4ms
[2024-08-29T23:16:09.931+0800] GC(2094)   Post Evacuate Collection Set: 0.3ms
[2024-08-29T23:16:09.931+0800] GC(2094)   Other: 0.2ms
[2024-08-29T23:16:09.931+0800] GC(2094) Eden regions: 4->0(899)
[2024-08-29T23:16:09.931+0800] GC(2094) Survivor regions: 0->0(114)
[2024-08-29T23:16:09.931+0800] GC(2094) Old regions: 1->1
[2024-08-29T23:16:09.931+0800] GC(2094) Archive regions: 2->2
[2024-08-29T23:16:09.931+0800] GC(2094) Humongous regions: 964->940
[2024-08-29T23:16:09.931+0800] GC(2094) Metaspace: 1630K(1792K)->1630K(1792K) NonClass: 1510K(1600K)->1510K(1600K) Class: 119K(192K)->119K(192K)
[2024-08-29T23:16:09.931+0800] GC(2094) Pause Young (Concurrent Start) (G1 Humongous Allocation) 968M->941M(2048M) 1.402ms
[2024-08-29T23:16:09.931+0800] GC(2094) User=0.00s Sys=0.00s Real=0.00s
[2024-08-29T23:16:09.931+0800] GC(2095) Concurrent Mark Cycle
[2024-08-29T23:16:09.931+0800] GC(2095) Concurrent Clear Claimed Marks
[2024-08-29T23:16:09.931+0800] GC(2095) Concurrent Clear Claimed Marks 0.007ms
[2024-08-29T23:16:09.931+0800] GC(2095) Concurrent Scan Root Regions
[2024-08-29T23:16:09.931+0800] GC(2095) Concurrent Scan Root Regions 0.004ms
[2024-08-29T23:16:09.931+0800] GC(2095) Concurrent Mark
[2024-08-29T23:16:09.931+0800] GC(2095) Concurrent Mark From Roots
[2024-08-29T23:16:09.931+0800] GC(2095) Using 2 workers of 2 for marking
[2024-08-29T23:16:09.934+0800] GC(2095) Concurrent Mark From Roots 2.877ms
[2024-08-29T23:16:09.934+0800] GC(2095) Concurrent Preclean
[2024-08-29T23:16:09.934+0800] GC(2095) Concurrent Preclean 0.082ms
[2024-08-29T23:16:09.934+0800] GC(2095) Pause Remark
[2024-08-29T23:16:09.935+0800] GC(2095) Pause Remark 958M->958M(2048M) 0.845ms
[2024-08-29T23:16:09.935+0800] GC(2095) User=0.00s Sys=0.00s Real=0.00s
[2024-08-29T23:16:09.935+0800] GC(2095) Concurrent Mark 3.993ms
[2024-08-29T23:16:09.935+0800] GC(2095) Concurrent Rebuild Remembered Sets
[2024-08-29T23:16:09.935+0800] GC(2095) Concurrent Rebuild Remembered Sets 0.006ms
[2024-08-29T23:16:09.935+0800] GC(2095) Pause Cleanup
[2024-08-29T23:16:09.935+0800] GC(2095) Pause Cleanup 958M->958M(2048M) 0.016ms
[2024-08-29T23:16:09.935+0800] GC(2095) User=0.00s Sys=0.00s Real=0.00s
[2024-08-29T23:16:09.935+0800] GC(2095) Concurrent Cleanup for Next Mark
[2024-08-29T23:16:09.940+0800] GC(2095) Concurrent Cleanup for Next Mark 4.867ms
[2024-08-29T23:16:09.940+0800] GC(2095) Concurrent Mark Cycle 9.094ms
[2024-08-29T23:16:09.941+0800] GC(2096) Pause Young (Concurrent Start) (G1 Humongous Allocation)
[2024-08-29T23:16:09.941+0800] GC(2096) Using 8 workers of 8 for evacuation
[2024-08-29T23:16:09.942+0800] GC(2096)   Pre Evacuate Collection Set: 0.3ms
[2024-08-29T23:16:09.942+0800] GC(2096)   Merge Heap Roots: 0.1ms
[2024-08-29T23:16:09.942+0800] GC(2096)   Evacuate Collection Set: 0.3ms
[2024-08-29T23:16:09.942+0800] GC(2096)   Post Evacuate Collection Set: 0.3ms
[2024-08-29T23:16:09.942+0800] GC(2096)   Other: 0.1ms
[2024-08-29T23:16:09.942+0800] GC(2096) Eden regions: 4->0(887)
[2024-08-29T23:16:09.942+0800] GC(2096) Survivor regions: 0->1(113)
[2024-08-29T23:16:09.942+0800] GC(2096) Old regions: 1->1
[2024-08-29T23:16:09.942+0800] GC(2096) Archive regions: 2->2
[2024-08-29T23:16:09.942+0800] GC(2096) Humongous regions: 967->951
[2024-08-29T23:16:09.942+0800] GC(2096) Metaspace: 1630K(1792K)->1630K(1792K) NonClass: 1510K(1600K)->1510K(1600K) Class: 119K(192K)->119K(192K)
[2024-08-29T23:16:09.942+0800] GC(2096) Pause Young (Concurrent Start) (G1 Humongous Allocation) 971M->952M(2048M) 1.148ms
[2024-08-29T23:16:09.942+0800] GC(2096) User=0.01s Sys=0.00s Real=0.00s
[2024-08-29T23:16:09.942+0800] GC(2097) Concurrent Mark Cycle
[2024-08-29T23:16:09.942+0800] GC(2097) Concurrent Clear Claimed Marks
[2024-08-29T23:16:09.942+0800] GC(2097) Concurrent Clear Claimed Marks 0.025ms
[2024-08-29T23:16:09.942+0800] GC(2097) Concurrent Scan Root Regions
[2024-08-29T23:16:09.943+0800] GC(2097) Concurrent Scan Root Regions 0.788ms
[2024-08-29T23:16:09.943+0800] GC(2097) Concurrent Mark
[2024-08-29T23:16:09.943+0800] GC(2097) Concurrent Mark From Roots
[2024-08-29T23:16:09.943+0800] GC(2097) Using 2 workers of 2 for marking
[2024-08-29T23:16:09.946+0800] GC(2097) Concurrent Mark From Roots 2.596ms
[2024-08-29T23:16:09.946+0800] GC(2097) Concurrent Preclean
[2024-08-29T23:16:09.946+0800] GC(2097) Concurrent Preclean 0.081ms
[2024-08-29T23:16:09.946+0800] GC(2097) Pause Remark
[2024-08-29T23:16:09.947+0800] GC(2097) Pause Remark 970M->970M(2048M) 1.354ms
[2024-08-29T23:16:09.947+0800] GC(2097) User=0.01s Sys=0.00s Real=0.00s
[2024-08-29T23:16:09.948+0800] GC(2097) Concurrent Mark 4.241ms
[2024-08-29T23:16:09.948+0800] GC(2097) Concurrent Rebuild Remembered Sets
[2024-08-29T23:16:09.948+0800] GC(2097) Concurrent Rebuild Remembered Sets 0.053ms
[2024-08-29T23:16:09.948+0800] GC(2097) Pause Cleanup
[2024-08-29T23:16:09.948+0800] GC(2097) Pause Cleanup 974M->974M(2048M) 0.015ms
[2024-08-29T23:16:09.948+0800] GC(2097) User=0.00s Sys=0.00s Real=0.00s
[2024-08-29T23:16:09.948+0800] GC(2097) Concurrent Cleanup for Next Mark
[2024-08-29T23:16:09.952+0800] GC(2097) Concurrent Cleanup for Next Mark 3.434ms
[2024-08-29T23:16:09.952+0800] GC(2097) Concurrent Mark Cycle 9.349ms
[2024-08-29T23:16:09.952+0800] GC(2098) Pause Young (Concurrent Start) (G1 Humongous Allocation)
[2024-08-29T23:16:09.952+0800] GC(2098) Using 8 workers of 8 for evacuation
[2024-08-29T23:16:09.954+0800] GC(2098)   Pre Evacuate Collection Set: 0.2ms
[2024-08-29T23:16:09.954+0800] GC(2098)   Merge Heap Roots: 0.1ms
[2024-08-29T23:16:09.954+0800] GC(2098)   Evacuate Collection Set: 0.7ms
[2024-08-29T23:16:09.954+0800] GC(2098)   Post Evacuate Collection Set: 0.4ms
[2024-08-29T23:16:09.954+0800] GC(2098)   Other: 0.1ms
[2024-08-29T23:16:09.954+0800] GC(2098) Eden regions: 3->0(894)
[2024-08-29T23:16:09.954+0800] GC(2098) Survivor regions: 1->0(111)
[2024-08-29T23:16:09.954+0800] GC(2098) Old regions: 1->1
[2024-08-29T23:16:09.954+0800] GC(2098) Archive regions: 2->2
[2024-08-29T23:16:09.954+0800] GC(2098) Humongous regions: 973->945
[2024-08-29T23:16:09.954+0800] GC(2098) Metaspace: 1630K(1792K)->1630K(1792K) NonClass: 1510K(1600K)->1510K(1600K) Class: 119K(192K)->119K(192K)
[2024-08-29T23:16:09.954+0800] GC(2098) Pause Young (Concurrent Start) (G1 Humongous Allocation) 977M->946M(2048M) 1.698ms
[2024-08-29T23:16:09.954+0800] GC(2098) User=0.00s Sys=0.01s Real=0.01s
[2024-08-29T23:16:09.954+0800] GC(2099) Concurrent Mark Cycle
[2024-08-29T23:16:09.954+0800] GC(2099) Concurrent Clear Claimed Marks
[2024-08-29T23:16:09.954+0800] GC(2099) Concurrent Clear Claimed Marks 0.007ms
[2024-08-29T23:16:09.954+0800] GC(2099) Concurrent Scan Root Regions
[2024-08-29T23:16:09.954+0800] GC(2099) Concurrent Scan Root Regions 0.005ms
[2024-08-29T23:16:09.954+0800] GC(2099) Concurrent Mark
[2024-08-29T23:16:09.954+0800] GC(2099) Concurrent Mark From Roots
[2024-08-29T23:16:09.954+0800] GC(2099) Using 2 workers of 2 for marking
[2024-08-29T23:16:09.957+0800] GC(2099) Concurrent Mark From Roots 3.314ms
[2024-08-29T23:16:09.957+0800] GC(2099) Concurrent Preclean
[2024-08-29T23:16:09.958+0800] GC(2099) Concurrent Preclean 0.105ms
[2024-08-29T23:16:09.958+0800] GC(2099) Pause Remark
[2024-08-29T23:16:09.959+0800] GC(2099) Pause Remark 969M->969M(2048M) 1.124ms
[2024-08-29T23:16:09.959+0800] GC(2099) User=0.01s Sys=0.00s Real=0.00s
[2024-08-29T23:16:09.959+0800] GC(2099) Concurrent Mark 4.730ms
[2024-08-29T23:16:09.959+0800] GC(2099) Concurrent Rebuild Remembered Sets
[2024-08-29T23:16:09.959+0800] GC(2099) Concurrent Rebuild Remembered Sets 0.006ms
[2024-08-29T23:16:09.959+0800] GC(2099) Pause Cleanup
[2024-08-29T23:16:09.959+0800] GC(2099) Pause Cleanup 969M->969M(2048M) 0.018ms
[2024-08-29T23:16:09.959+0800] GC(2099) User=0.00s Sys=0.00s Real=0.00s
[2024-08-29T23:16:09.959+0800] GC(2099) Concurrent Cleanup for Next Mark
[2024-08-29T23:16:09.964+0800] GC(2099) Concurrent Cleanup for Next Mark 5.494ms
[2024-08-29T23:16:09.965+0800] GC(2099) Concurrent Mark Cycle 10.526ms
[2024-08-29T23:16:09.967+0800] GC(2100) Pause Young (Concurrent Start) (G1 Humongous Allocation)
[2024-08-29T23:16:09.967+0800] GC(2100) Using 8 workers of 8 for evacuation
[2024-08-29T23:16:09.969+0800] GC(2100)   Pre Evacuate Collection Set: 0.3ms
[2024-08-29T23:16:09.969+0800] GC(2100)   Merge Heap Roots: 0.1ms
[2024-08-29T23:16:09.969+0800] GC(2100)   Evacuate Collection Set: 0.4ms
[2024-08-29T23:16:09.969+0800] GC(2100)   Post Evacuate Collection Set: 0.6ms
[2024-08-29T23:16:09.969+0800] GC(2100)   Other: 0.2ms
[2024-08-29T23:16:09.969+0800] GC(2100) Eden regions: 4->0(879)
[2024-08-29T23:16:09.969+0800] GC(2100) Survivor regions: 0->1(112)
[2024-08-29T23:16:09.969+0800] GC(2100) Old regions: 1->1
[2024-08-29T23:16:09.969+0800] GC(2100) Archive regions: 2->2
[2024-08-29T23:16:09.969+0800] GC(2100) Humongous regions: 984->959
[2024-08-29T23:16:09.969+0800] GC(2100) Metaspace: 1630K(1792K)->1630K(1792K) NonClass: 1510K(1600K)->1510K(1600K) Class: 119K(192K)->119K(192K)
[2024-08-29T23:16:09.969+0800] GC(2100) Pause Young (Concurrent Start) (G1 Humongous Allocation) 988M->960M(2048M) 1.629ms
[2024-08-29T23:16:09.969+0800] GC(2100) User=0.01s Sys=0.00s Real=0.00s
[2024-08-29T23:16:09.969+0800] GC(2101) Concurrent Mark Cycle
[2024-08-29T23:16:09.969+0800] GC(2101) Concurrent Clear Claimed Marks
[2024-08-29T23:16:09.969+0800] GC(2101) Concurrent Clear Claimed Marks 0.011ms
[2024-08-29T23:16:09.969+0800] GC(2101) Concurrent Scan Root Regions
[2024-08-29T23:16:09.969+0800] GC(2101) Concurrent Scan Root Regions 0.098ms
[2024-08-29T23:16:09.969+0800] GC(2101) Concurrent Mark
[2024-08-29T23:16:09.969+0800] GC(2101) Concurrent Mark From Roots
[2024-08-29T23:16:09.969+0800] GC(2101) Using 2 workers of 2 for marking
[2024-08-29T23:16:09.972+0800] GC(2101) Concurrent Mark From Roots 2.892ms
[2024-08-29T23:16:09.972+0800] GC(2101) Concurrent Preclean
[2024-08-29T23:16:09.972+0800] GC(2101) Concurrent Preclean 0.088ms
[2024-08-29T23:16:09.972+0800] GC(2101) Pause Remark
[2024-08-29T23:16:09.973+0800] GC(2101) Pause Remark 972M->972M(2048M) 1.098ms
[2024-08-29T23:16:09.974+0800] GC(2101) User=0.00s Sys=0.00s Real=0.00s
[2024-08-29T23:16:09.974+0800] GC(2101) Concurrent Mark 4.329ms
[2024-08-29T23:16:09.974+0800] GC(2101) Concurrent Rebuild Remembered Sets
[2024-08-29T23:16:09.974+0800] GC(2101) Concurrent Rebuild Remembered Sets 0.006ms
[2024-08-29T23:16:09.974+0800] GC(2101) Pause Cleanup
[2024-08-29T23:16:09.974+0800] GC(2101) Pause Cleanup 978M->978M(2048M) 0.041ms
[2024-08-29T23:16:09.974+0800] GC(2101) User=0.00s Sys=0.00s Real=0.00s
[2024-08-29T23:16:09.974+0800] GC(2101) Concurrent Cleanup for Next Mark
[2024-08-29T23:16:09.978+0800] GC(2101) Concurrent Cleanup for Next Mark 4.069ms
[2024-08-29T23:16:09.978+0800] GC(2101) Concurrent Mark Cycle 9.306ms
[2024-08-29T23:16:09.979+0800] GC(2102) Pause Young (Concurrent Start) (G1 Humongous Allocation)
[2024-08-29T23:16:09.979+0800] GC(2102) Using 8 workers of 8 for evacuation
[2024-08-29T23:16:09.981+0800] GC(2102)   Pre Evacuate Collection Set: 0.2ms
[2024-08-29T23:16:09.981+0800] GC(2102)   Merge Heap Roots: 0.1ms
[2024-08-29T23:16:09.981+0800] GC(2102)   Evacuate Collection Set: 0.5ms
[2024-08-29T23:16:09.981+0800] GC(2102)   Post Evacuate Collection Set: 0.3ms
[2024-08-29T23:16:09.981+0800] GC(2102)   Other: 0.1ms
[2024-08-29T23:16:09.981+0800] GC(2102) Eden regions: 4->0(875)
[2024-08-29T23:16:09.981+0800] GC(2102) Survivor regions: 1->0(110)
[2024-08-29T23:16:09.981+0800] GC(2102) Old regions: 1->1
[2024-08-29T23:16:09.981+0800] GC(2102) Archive regions: 2->2
[2024-08-29T23:16:09.981+0800] GC(2102) Humongous regions: 985->964
[2024-08-29T23:16:09.981+0800] GC(2102) Metaspace: 1630K(1792K)->1630K(1792K) NonClass: 1510K(1600K)->1510K(1600K) Class: 119K(192K)->119K(192K)
[2024-08-29T23:16:09.981+0800] GC(2102) Pause Young (Concurrent Start) (G1 Humongous Allocation) 990M->965M(2048M) 1.411ms
[2024-08-29T23:16:09.981+0800] GC(2102) User=0.00s Sys=0.00s Real=0.00s
[2024-08-29T23:16:09.981+0800] GC(2103) Concurrent Mark Cycle
[2024-08-29T23:16:09.981+0800] GC(2103) Concurrent Clear Claimed Marks
[2024-08-29T23:16:09.981+0800] GC(2103) Concurrent Clear Claimed Marks 0.008ms
[2024-08-29T23:16:09.981+0800] GC(2103) Concurrent Scan Root Regions
[2024-08-29T23:16:09.981+0800] GC(2103) Concurrent Scan Root Regions 0.005ms
[2024-08-29T23:16:09.981+0800] GC(2103) Concurrent Mark
[2024-08-29T23:16:09.981+0800] GC(2103) Concurrent Mark From Roots
[2024-08-29T23:16:09.981+0800] GC(2103) Using 2 workers of 2 for marking
[2024-08-29T23:16:09.985+0800] GC(2103) Concurrent Mark From Roots 4.411ms
[2024-08-29T23:16:09.985+0800] GC(2103) Concurrent Preclean
[2024-08-29T23:16:09.986+0800] GC(2103) Concurrent Preclean 0.085ms
[2024-08-29T23:16:09.986+0800] GC(2103) Pause Remark
[2024-08-29T23:16:09.987+0800] GC(2103) Pause Remark 982M->982M(2048M) 1.073ms
[2024-08-29T23:16:09.987+0800] GC(2103) User=0.00s Sys=0.00s Real=0.00s
[2024-08-29T23:16:09.987+0800] GC(2103) Concurrent Mark 5.782ms
[2024-08-29T23:16:09.987+0800] GC(2103) Concurrent Rebuild Remembered Sets
[2024-08-29T23:16:09.987+0800] GC(2103) Concurrent Rebuild Remembered Sets 0.006ms
[2024-08-29T23:16:09.987+0800] GC(2103) Pause Cleanup
[2024-08-29T23:16:09.987+0800] GC(2103) Pause Cleanup 985M->985M(2048M) 0.019ms
[2024-08-29T23:16:09.987+0800] GC(2103) User=0.00s Sys=0.00s Real=0.00s
[2024-08-29T23:16:09.987+0800] GC(2103) Concurrent Cleanup for Next Mark
[2024-08-29T23:16:09.991+0800] GC(2103) Concurrent Cleanup for Next Mark 3.782ms
[2024-08-29T23:16:09.991+0800] GC(2103) Concurrent Mark Cycle 10.406ms
[2024-08-29T23:16:09.991+0800] GC(2104) Pause Young (Concurrent Start) (G1 Humongous Allocation)
[2024-08-29T23:16:09.991+0800] GC(2104) Using 8 workers of 8 for evacuation
[2024-08-29T23:16:09.993+0800] GC(2104)   Pre Evacuate Collection Set: 0.3ms
[2024-08-29T23:16:09.993+0800] GC(2104)   Merge Heap Roots: 0.1ms
[2024-08-29T23:16:09.993+0800] GC(2104)   Evacuate Collection Set: 0.3ms
[2024-08-29T23:16:09.993+0800] GC(2104)   Post Evacuate Collection Set: 0.3ms
[2024-08-29T23:16:09.993+0800] GC(2104)   Other: 0.1ms
[2024-08-29T23:16:09.993+0800] GC(2104) Eden regions: 4->0(887)
[2024-08-29T23:16:09.993+0800] GC(2104) Survivor regions: 0->0(110)
[2024-08-29T23:16:09.993+0800] GC(2104) Old regions: 1->1
[2024-08-29T23:16:09.993+0800] GC(2104) Archive regions: 2->2
[2024-08-29T23:16:09.993+0800] GC(2104) Humongous regions: 987->952
[2024-08-29T23:16:09.993+0800] GC(2104) Metaspace: 1630K(1792K)->1630K(1792K) NonClass: 1510K(1600K)->1510K(1600K) Class: 119K(192K)->119K(192K)
[2024-08-29T23:16:09.993+0800] GC(2104) Pause Young (Concurrent Start) (G1 Humongous Allocation) 991M->953M(2048M) 1.229ms
[2024-08-29T23:16:09.993+0800] GC(2104) User=0.01s Sys=0.00s Real=0.01s
[2024-08-29T23:16:09.993+0800] GC(2105) Concurrent Mark Cycle
[2024-08-29T23:16:09.993+0800] GC(2105) Concurrent Clear Claimed Marks
[2024-08-29T23:16:09.993+0800] GC(2105) Concurrent Clear Claimed Marks 0.006ms
[2024-08-29T23:16:09.993+0800] GC(2105) Concurrent Scan Root Regions
[2024-08-29T23:16:09.993+0800] GC(2105) Concurrent Scan Root Regions 0.004ms
[2024-08-29T23:16:09.993+0800] GC(2105) Concurrent Mark
[2024-08-29T23:16:09.993+0800] GC(2105) Concurrent Mark From Roots
[2024-08-29T23:16:09.993+0800] GC(2105) Using 2 workers of 2 for marking
[2024-08-29T23:16:09.995+0800] GC(2105) Concurrent Mark From Roots 2.545ms
[2024-08-29T23:16:09.995+0800] GC(2105) Concurrent Preclean
[2024-08-29T23:16:09.995+0800] GC(2105) Concurrent Preclean 0.141ms
[2024-08-29T23:16:09.996+0800] GC(2105) Pause Remark
[2024-08-29T23:16:09.997+0800] GC(2105) Pause Remark 959M->959M(2048M) 0.985ms
[2024-08-29T23:16:09.997+0800] GC(2105) User=0.00s Sys=0.00s Real=0.00s
[2024-08-29T23:16:09.997+0800] GC(2105) Concurrent Mark 3.830ms
[2024-08-29T23:16:09.997+0800] GC(2105) Concurrent Rebuild Remembered Sets
[2024-08-29T23:16:09.997+0800] GC(2105) Concurrent Rebuild Remembered Sets 0.006ms
[2024-08-29T23:16:09.997+0800] GC(2105) Pause Cleanup
[2024-08-29T23:16:09.997+0800] GC(2105) Pause Cleanup 959M->959M(2048M) 0.012ms
[2024-08-29T23:16:09.997+0800] GC(2105) User=0.00s Sys=0.00s Real=0.00s
[2024-08-29T23:16:09.997+0800] GC(2105) Concurrent Cleanup for Next Mark
[2024-08-29T23:16:10.003+0800] GC(2105) Concurrent Cleanup for Next Mark 6.220ms
[2024-08-29T23:16:10.003+0800] GC(2105) Concurrent Mark Cycle 10.316ms
[2024-08-29T23:16:10.003+0800] GC(2106) Pause Young (Concurrent Start) (G1 Humongous Allocation)
[2024-08-29T23:16:10.003+0800] GC(2106) Using 8 workers of 8 for evacuation
[2024-08-29T23:16:10.005+0800] GC(2106)   Pre Evacuate Collection Set: 0.2ms
[2024-08-29T23:16:10.005+0800] GC(2106)   Merge Heap Roots: 0.1ms
[2024-08-29T23:16:10.005+0800] GC(2106)   Evacuate Collection Set: 0.5ms
[2024-08-29T23:16:10.005+0800] GC(2106)   Post Evacuate Collection Set: 0.4ms
[2024-08-29T23:16:10.005+0800] GC(2106)   Other: 0.1ms
[2024-08-29T23:16:10.005+0800] GC(2106) Eden regions: 4->0(884)
[2024-08-29T23:16:10.005+0800] GC(2106) Survivor regions: 0->0(111)
[2024-08-29T23:16:10.005+0800] GC(2106) Old regions: 1->1
[2024-08-29T23:16:10.005+0800] GC(2106) Archive regions: 2->2
[2024-08-29T23:16:10.005+0800] GC(2106) Humongous regions: 977->955
[2024-08-29T23:16:10.005+0800] GC(2106) Metaspace: 1630K(1792K)->1630K(1792K) NonClass: 1510K(1600K)->1510K(1600K) Class: 119K(192K)->119K(192K)
[2024-08-29T23:16:10.005+0800] GC(2106) Pause Young (Concurrent Start) (G1 Humongous Allocation) 982M->956M(2048M) 1.390ms
[2024-08-29T23:16:10.005+0800] GC(2106) User=0.01s Sys=0.00s Real=0.00s
[2024-08-29T23:16:10.005+0800] GC(2107) Concurrent Mark Cycle
[2024-08-29T23:16:10.005+0800] GC(2107) Concurrent Clear Claimed Marks
[2024-08-29T23:16:10.005+0800] GC(2107) Concurrent Clear Claimed Marks 0.007ms
[2024-08-29T23:16:10.005+0800] GC(2107) Concurrent Scan Root Regions
[2024-08-29T23:16:10.005+0800] GC(2107) Concurrent Scan Root Regions 0.004ms
[2024-08-29T23:16:10.005+0800] GC(2107) Concurrent Mark
[2024-08-29T23:16:10.005+0800] GC(2107) Concurrent Mark From Roots
[2024-08-29T23:16:10.005+0800] GC(2107) Using 2 workers of 2 for marking
[2024-08-29T23:16:10.007+0800] GC(2107) Concurrent Mark From Roots 2.642ms
[2024-08-29T23:16:10.007+0800] GC(2107) Concurrent Preclean
[2024-08-29T23:16:10.008+0800] GC(2107) Concurrent Preclean 0.086ms
[2024-08-29T23:16:10.008+0800] GC(2107) Pause Remark
[2024-08-29T23:16:10.009+0800] GC(2107) Pause Remark 966M->966M(2048M) 0.982ms
[2024-08-29T23:16:10.009+0800] GC(2107) User=0.01s Sys=0.00s Real=0.00s
[2024-08-29T23:16:10.009+0800] GC(2107) Concurrent Mark 3.920ms
[2024-08-29T23:16:10.009+0800] GC(2107) Concurrent Rebuild Remembered Sets
[2024-08-29T23:16:10.009+0800] GC(2107) Concurrent Rebuild Remembered Sets 0.007ms
[2024-08-29T23:16:10.009+0800] GC(2107) Pause Cleanup
[2024-08-29T23:16:10.009+0800] GC(2107) Pause Cleanup 968M->968M(2048M) 0.018ms
[2024-08-29T23:16:10.009+0800] GC(2107) User=0.00s Sys=0.00s Real=0.00s
[2024-08-29T23:16:10.009+0800] GC(2107) Concurrent Cleanup for Next Mark
[2024-08-29T23:16:10.013+0800] GC(2107) Concurrent Cleanup for Next Mark 3.822ms
[2024-08-29T23:16:10.013+0800] GC(2107) Concurrent Mark Cycle 8.674ms
[2024-08-29T23:16:10.014+0800] GC(2108) Pause Young (Concurrent Start) (G1 Humongous Allocation)
[2024-08-29T23:16:10.014+0800] GC(2108) Using 8 workers of 8 for evacuation
[2024-08-29T23:16:10.016+0800] GC(2108)   Pre Evacuate Collection Set: 0.2ms
[2024-08-29T23:16:10.016+0800] GC(2108)   Merge Heap Roots: 0.1ms
[2024-08-29T23:16:10.016+0800] GC(2108)   Evacuate Collection Set: 0.4ms
[2024-08-29T23:16:10.016+0800] GC(2108)   Post Evacuate Collection Set: 0.4ms
[2024-08-29T23:16:10.016+0800] GC(2108)   Other: 0.1ms
[2024-08-29T23:16:10.016+0800] GC(2108) Eden regions: 4->0(897)
[2024-08-29T23:16:10.016+0800] GC(2108) Survivor regions: 0->0(111)
[2024-08-29T23:16:10.016+0800] GC(2108) Old regions: 1->1
[2024-08-29T23:16:10.016+0800] GC(2108) Archive regions: 2->2
[2024-08-29T23:16:10.016+0800] GC(2108) Humongous regions: 972->942
[2024-08-29T23:16:10.016+0800] GC(2108) Metaspace: 1630K(1792K)->1630K(1792K) NonClass: 1510K(1600K)->1510K(1600K) Class: 119K(192K)->119K(192K)
[2024-08-29T23:16:10.016+0800] GC(2108) Pause Young (Concurrent Start) (G1 Humongous Allocation) 976M->943M(2048M) 1.306ms
[2024-08-29T23:16:10.016+0800] GC(2108) User=0.00s Sys=0.01s Real=0.00s
[2024-08-29T23:16:10.016+0800] GC(2109) Concurrent Mark Cycle
[2024-08-29T23:16:10.016+0800] GC(2109) Concurrent Clear Claimed Marks
[2024-08-29T23:16:10.016+0800] GC(2109) Concurrent Clear Claimed Marks 0.009ms
[2024-08-29T23:16:10.016+0800] GC(2109) Concurrent Scan Root Regions
[2024-08-29T23:16:10.016+0800] GC(2109) Concurrent Scan Root Regions 0.006ms
[2024-08-29T23:16:10.016+0800] GC(2109) Concurrent Mark
[2024-08-29T23:16:10.016+0800] GC(2109) Concurrent Mark From Roots
[2024-08-29T23:16:10.016+0800] GC(2109) Using 2 workers of 2 for marking
[2024-08-29T23:16:10.020+0800] GC(2109) Concurrent Mark From Roots 3.708ms
[2024-08-29T23:16:10.020+0800] GC(2109) Concurrent Preclean
[2024-08-29T23:16:10.020+0800] GC(2109) Concurrent Preclean 0.125ms
[2024-08-29T23:16:10.020+0800] GC(2109) Pause Remark
[2024-08-29T23:16:10.022+0800] GC(2109) Pause Remark 970M->970M(2048M) 1.148ms
[2024-08-29T23:16:10.022+0800] GC(2109) User=0.01s Sys=0.00s Real=0.00s
[2024-08-29T23:16:10.022+0800] GC(2109) Concurrent Mark 5.768ms
[2024-08-29T23:16:10.022+0800] GC(2109) Concurrent Rebuild Remembered Sets
[2024-08-29T23:16:10.022+0800] GC(2109) Concurrent Rebuild Remembered Sets 0.006ms
[2024-08-29T23:16:10.022+0800] GC(2109) Pause Cleanup
[2024-08-29T23:16:10.022+0800] GC(2109) Pause Cleanup 975M->975M(2048M) 0.022ms
[2024-08-29T23:16:10.022+0800] GC(2109) User=0.00s Sys=0.00s Real=0.00s
[2024-08-29T23:16:10.023+0800] GC(2109) Concurrent Cleanup for Next Mark
[2024-08-29T23:16:10.027+0800] GC(2109) Concurrent Cleanup for Next Mark 4.537ms
[2024-08-29T23:16:10.027+0800] GC(2109) Concurrent Mark Cycle 11.307ms
[2024-08-29T23:16:10.033+0800] GC(2110) Pause Young (Concurrent Start) (G1 Humongous Allocation)
[2024-08-29T23:16:10.033+0800] GC(2110) Using 8 workers of 8 for evacuation
[2024-08-29T23:16:10.034+0800] GC(2110)   Pre Evacuate Collection Set: 0.3ms
[2024-08-29T23:16:10.034+0800] GC(2110)   Merge Heap Roots: 0.1ms
[2024-08-29T23:16:10.034+0800] GC(2110)   Evacuate Collection Set: 0.3ms
[2024-08-29T23:16:10.034+0800] GC(2110)   Post Evacuate Collection Set: 0.3ms
[2024-08-29T23:16:10.034+0800] GC(2110)   Other: 0.2ms
[2024-08-29T23:16:10.034+0800] GC(2110) Eden regions: 4->0(893)
[2024-08-29T23:16:10.034+0800] GC(2110) Survivor regions: 0->0(113)
[2024-08-29T23:16:10.034+0800] GC(2110) Old regions: 1->1
[2024-08-29T23:16:10.034+0800] GC(2110) Archive regions: 2->2
[2024-08-29T23:16:10.034+0800] GC(2110) Humongous regions: 983->946
[2024-08-29T23:16:10.034+0800] GC(2110) Metaspace: 1630K(1792K)->1630K(1792K) NonClass: 1510K(1600K)->1510K(1600K) Class: 119K(192K)->119K(192K)
[2024-08-29T23:16:10.034+0800] GC(2110) Pause Young (Concurrent Start) (G1 Humongous Allocation) 987M->947M(2048M) 1.272ms
[2024-08-29T23:16:10.034+0800] GC(2110) User=0.00s Sys=0.00s Real=0.00s
[2024-08-29T23:16:10.034+0800] GC(2111) Concurrent Mark Cycle
[2024-08-29T23:16:10.034+0800] GC(2111) Concurrent Clear Claimed Marks
[2024-08-29T23:16:10.034+0800] GC(2111) Concurrent Clear Claimed Marks 0.008ms
[2024-08-29T23:16:10.034+0800] GC(2111) Concurrent Scan Root Regions
[2024-08-29T23:16:10.034+0800] GC(2111) Concurrent Scan Root Regions 0.004ms
[2024-08-29T23:16:10.034+0800] GC(2111) Concurrent Mark
[2024-08-29T23:16:10.034+0800] GC(2111) Concurrent Mark From Roots
[2024-08-29T23:16:10.034+0800] GC(2111) Using 2 workers of 2 for marking
[2024-08-29T23:16:10.037+0800] GC(2111) Concurrent Mark From Roots 2.720ms
[2024-08-29T23:16:10.037+0800] GC(2111) Concurrent Preclean
[2024-08-29T23:16:10.037+0800] GC(2111) Concurrent Preclean 0.082ms
[2024-08-29T23:16:10.037+0800] GC(2111) Pause Remark
[2024-08-29T23:16:10.038+0800] GC(2111) Pause Remark 963M->963M(2048M) 1.176ms
[2024-08-29T23:16:10.038+0800] GC(2111) User=0.00s Sys=0.00s Real=0.00s
[2024-08-29T23:16:10.038+0800] GC(2111) Concurrent Mark 4.135ms
[2024-08-29T23:16:10.038+0800] GC(2111) Concurrent Rebuild Remembered Sets
[2024-08-29T23:16:10.038+0800] GC(2111) Concurrent Rebuild Remembered Sets 0.006ms
[2024-08-29T23:16:10.038+0800] GC(2111) Pause Cleanup
[2024-08-29T23:16:10.038+0800] GC(2111) Pause Cleanup 963M->963M(2048M) 0.016ms
[2024-08-29T23:16:10.038+0800] GC(2111) User=0.00s Sys=0.00s Real=0.00s
[2024-08-29T23:16:10.038+0800] GC(2111) Concurrent Cleanup for Next Mark
[2024-08-29T23:16:10.043+0800] GC(2111) Concurrent Cleanup for Next Mark 4.421ms
[2024-08-29T23:16:10.043+0800] GC(2111) Concurrent Mark Cycle 8.808ms
[2024-08-29T23:16:10.043+0800] GC(2112) Pause Young (Concurrent Start) (G1 Humongous Allocation)
[2024-08-29T23:16:10.043+0800] GC(2112) Using 8 workers of 8 for evacuation
[2024-08-29T23:16:10.044+0800] GC(2112)   Pre Evacuate Collection Set: 0.2ms
[2024-08-29T23:16:10.044+0800] GC(2112)   Merge Heap Roots: 0.1ms
[2024-08-29T23:16:10.044+0800] GC(2112)   Evacuate Collection Set: 0.6ms
[2024-08-29T23:16:10.044+0800] GC(2112)   Post Evacuate Collection Set: 0.3ms
[2024-08-29T23:16:10.044+0800] GC(2112)   Other: 0.2ms
[2024-08-29T23:16:10.044+0800] GC(2112) Eden regions: 4->0(884)
[2024-08-29T23:16:10.044+0800] GC(2112) Survivor regions: 0->0(112)
[2024-08-29T23:16:10.045+0800] GC(2112) Old regions: 1->1
[2024-08-29T23:16:10.045+0800] GC(2112) Archive regions: 2->2
[2024-08-29T23:16:10.045+0800] GC(2112) Humongous regions: 973->955
[2024-08-29T23:16:10.045+0800] GC(2112) Metaspace: 1630K(1792K)->1630K(1792K) NonClass: 1510K(1600K)->1510K(1600K) Class: 119K(192K)->119K(192K)
[2024-08-29T23:16:10.045+0800] GC(2112) Pause Young (Concurrent Start) (G1 Humongous Allocation) 977M->956M(2048M) 1.436ms
[2024-08-29T23:16:10.045+0800] GC(2112) User=0.00s Sys=0.00s Real=0.00s
[2024-08-29T23:16:10.045+0800] GC(2113) Concurrent Mark Cycle
[2024-08-29T23:16:10.045+0800] GC(2113) Concurrent Clear Claimed Marks
[2024-08-29T23:16:10.045+0800] GC(2113) Concurrent Clear Claimed Marks 0.007ms
[2024-08-29T23:16:10.045+0800] GC(2113) Concurrent Scan Root Regions
[2024-08-29T23:16:10.045+0800] GC(2113) Concurrent Scan Root Regions 0.004ms
[2024-08-29T23:16:10.045+0800] GC(2113) Concurrent Mark
[2024-08-29T23:16:10.045+0800] GC(2113) Concurrent Mark From Roots
[2024-08-29T23:16:10.045+0800] GC(2113) Using 2 workers of 2 for marking
[2024-08-29T23:16:10.048+0800] GC(2113) Concurrent Mark From Roots 3.073ms
[2024-08-29T23:16:10.048+0800] GC(2113) Concurrent Preclean
[2024-08-29T23:16:10.048+0800] GC(2113) Concurrent Preclean 0.140ms
[2024-08-29T23:16:10.048+0800] GC(2113) Pause Remark
[2024-08-29T23:16:10.049+0800] GC(2113) Pause Remark 973M->973M(2048M) 1.072ms
[2024-08-29T23:16:10.050+0800] GC(2113) User=0.00s Sys=0.00s Real=0.00s
[2024-08-29T23:16:10.050+0800] GC(2113) Concurrent Mark 4.979ms
[2024-08-29T23:16:10.050+0800] GC(2113) Concurrent Rebuild Remembered Sets
[2024-08-29T23:16:10.050+0800] GC(2113) Concurrent Rebuild Remembered Sets 0.006ms
[2024-08-29T23:16:10.050+0800] GC(2113) Pause Cleanup
[2024-08-29T23:16:10.050+0800] GC(2113) Pause Cleanup 975M->975M(2048M) 0.018ms
[2024-08-29T23:16:10.050+0800] GC(2113) User=0.00s Sys=0.00s Real=0.00s
[2024-08-29T23:16:10.051+0800] GC(2113) Concurrent Cleanup for Next Mark
[2024-08-29T23:16:10.054+0800] GC(2113) Concurrent Cleanup for Next Mark 3.971ms
[2024-08-29T23:16:10.055+0800] GC(2113) Concurrent Mark Cycle 9.962ms
[2024-08-29T23:16:10.055+0800] GC(2114) Pause Young (Concurrent Start) (G1 Humongous Allocation)
[2024-08-29T23:16:10.056+0800] GC(2114) Using 8 workers of 8 for evacuation
[2024-08-29T23:16:10.057+0800] GC(2114)   Pre Evacuate Collection Set: 0.2ms
[2024-08-29T23:16:10.057+0800] GC(2114)   Merge Heap Roots: 0.1ms
[2024-08-29T23:16:10.057+0800] GC(2114)   Evacuate Collection Set: 0.5ms
[2024-08-29T23:16:10.057+0800] GC(2114)   Post Evacuate Collection Set: 0.3ms
[2024-08-29T23:16:10.057+0800] GC(2114)   Other: 0.2ms
[2024-08-29T23:16:10.057+0800] GC(2114) Eden regions: 4->0(884)
[2024-08-29T23:16:10.057+0800] GC(2114) Survivor regions: 0->0(111)
[2024-08-29T23:16:10.057+0800] GC(2114) Old regions: 1->1
[2024-08-29T23:16:10.057+0800] GC(2114) Archive regions: 2->2
[2024-08-29T23:16:10.057+0800] GC(2114) Humongous regions: 980->955
[2024-08-29T23:16:10.057+0800] GC(2114) Metaspace: 1630K(1792K)->1630K(1792K) NonClass: 1510K(1600K)->1510K(1600K) Class: 119K(192K)->119K(192K)
[2024-08-29T23:16:10.057+0800] GC(2114) Pause Young (Concurrent Start) (G1 Humongous Allocation) 984M->956M(2048M) 1.434ms
[2024-08-29T23:16:10.057+0800] GC(2114) User=0.00s Sys=0.00s Real=0.00s
[2024-08-29T23:16:10.057+0800] GC(2115) Concurrent Mark Cycle
[2024-08-29T23:16:10.057+0800] GC(2115) Concurrent Clear Claimed Marks
[2024-08-29T23:16:10.057+0800] GC(2115) Concurrent Clear Claimed Marks 0.007ms
[2024-08-29T23:16:10.057+0800] GC(2115) Concurrent Scan Root Regions
[2024-08-29T23:16:10.057+0800] GC(2115) Concurrent Scan Root Regions 0.005ms
[2024-08-29T23:16:10.057+0800] GC(2115) Concurrent Mark
[2024-08-29T23:16:10.057+0800] GC(2115) Concurrent Mark From Roots
[2024-08-29T23:16:10.057+0800] GC(2115) Using 2 workers of 2 for marking
[2024-08-29T23:16:10.060+0800] GC(2115) Concurrent Mark From Roots 3.058ms
[2024-08-29T23:16:10.060+0800] GC(2115) Concurrent Preclean
[2024-08-29T23:16:10.060+0800] GC(2115) Concurrent Preclean 0.082ms
[2024-08-29T23:16:10.060+0800] GC(2115) Pause Remark
[2024-08-29T23:16:10.061+0800] GC(2115) Pause Remark 972M->972M(2048M) 1.041ms
[2024-08-29T23:16:10.061+0800] GC(2115) User=0.01s Sys=0.00s Real=0.00s
[2024-08-29T23:16:10.061+0800] GC(2115) Concurrent Mark 4.318ms
[2024-08-29T23:16:10.061+0800] GC(2115) Concurrent Rebuild Remembered Sets
[2024-08-29T23:16:10.061+0800] GC(2115) Concurrent Rebuild Remembered Sets 0.005ms
[2024-08-29T23:16:10.061+0800] GC(2115) Pause Cleanup
[2024-08-29T23:16:10.061+0800] GC(2115) Pause Cleanup 972M->972M(2048M) 0.019ms
[2024-08-29T23:16:10.061+0800] GC(2115) User=0.00s Sys=0.00s Real=0.00s
[2024-08-29T23:16:10.061+0800] GC(2115) Concurrent Cleanup for Next Mark
[2024-08-29T23:16:10.066+0800] GC(2115) Concurrent Cleanup for Next Mark 4.789ms
[2024-08-29T23:16:10.066+0800] GC(2115) Concurrent Mark Cycle 9.376ms
