[2024-08-29T23:17:12.223+0800] Min heap equals to max heap, disabling ShenandoahUncommit
[2024-08-29T23:17:12.226+0800] Heuristics ergonomically sets -XX:+ExplicitGCInvokesConcurrent
[2024-08-29T23:17:12.226+0800] Heuristics ergonomically sets -XX:+ShenandoahImplicitGCInvokesConcurrent
[2024-08-29T23:17:12.226+0800] Using Shenandoah
[2024-08-29T23:17:12.227+0800] Pacer for Idle. Initial: 41943K, Alloc Tax Rate: 1.0x
[2024-08-29T23:17:12.228+0800] Version: 17.0.12+7 (release)
[2024-08-29T23:17:12.228+0800] CPUs: 8 total, 8 available
[2024-08-29T23:17:12.228+0800] Memory: 7894M
[2024-08-29T23:17:12.228+0800] Large Page Support: Disabled
[2024-08-29T23:17:12.228+0800] NUMA Support: Disabled
[2024-08-29T23:17:12.228+0800] Compressed Oops: Enabled (32-bit)
[2024-08-29T23:17:12.228+0800] Heap Min Capacity: 2G
[2024-08-29T23:17:12.228+0800] Heap Initial Capacity: 2G
[2024-08-29T23:17:12.228+0800] Heap Max Capacity: 2G
[2024-08-29T23:17:12.228+0800] Pre-touch: Disabled
[2024-08-29T23:17:12.228+0800] Mode: Snapshot-At-The-Beginning (SATB)
[2024-08-29T23:17:12.228+0800] Heuristics: Adaptive
[2024-08-29T23:17:12.228+0800] Heap Region Count: 2048
[2024-08-29T23:17:12.228+0800] Heap Region Size: 1M
[2024-08-29T23:17:12.228+0800] TLAB Size Max: 1M
[2024-08-29T23:17:12.228+0800] Humongous Object Threshold: 1M
[2024-08-29T23:17:12.228+0800] Parallel Workers: 4
[2024-08-29T23:17:12.228+0800] Concurrent Workers: 2
[2024-08-29T23:17:12.235+0800] CDS archive(s) mapped at: [0x00007e0cd3000000-0x00007e0cd3bc7000-0x00007e0cd3bc7000), size 12349440, SharedBaseAddress: 0x00007e0cd3000000, ArchiveRelocationMode: 1.
[2024-08-29T23:17:12.235+0800] Compressed class space mapped at: 0x00007e0cd4000000-0x00007e0d14000000, reserved size: 1073741824
[2024-08-29T23:17:12.235+0800] Narrow klass base: 0x00007e0cd3000000, Narrow klass shift: 0, Narrow klass range: 0x100000000
[2024-08-29T23:17:12.568+0800] Trigger: Learning 1 of 5. Free (1430M) is below initial threshold (1433M)
[2024-08-29T23:17:12.568+0800] Free: 1430M, Max: 1024K regular, 1430M humongous, Frag: 0% external, 0% internal; Reserve: 103M, Max: 1024K
[2024-08-29T23:17:12.568+0800] GC(0) Concurrent reset
[2024-08-29T23:17:12.568+0800] GC(0) Using 2 of 4 workers for concurrent reset
[2024-08-29T23:17:12.568+0800] GC(0) Pacer for Reset. Non-Taxable: 2048M
[2024-08-29T23:17:12.568+0800] GC(0) Concurrent reset 0.472ms
[2024-08-29T23:17:12.570+0800] GC(0) Pause Init Mark (unload classes)
[2024-08-29T23:17:12.571+0800] GC(0) Using 4 of 4 workers for init marking
[2024-08-29T23:17:12.571+0800] GC(0) Pacer for Mark. Expected Live: 204M, Free: 1427M, Non-Taxable: 142M, Alloc Tax Rate: 0.2x
[2024-08-29T23:17:12.571+0800] GC(0) Pause Init Mark (unload classes) 0.787ms
[2024-08-29T23:17:12.571+0800] GC(0) Concurrent marking roots
[2024-08-29T23:17:12.571+0800] GC(0) Using 2 of 4 workers for concurrent marking roots
[2024-08-29T23:17:12.572+0800] GC(0) Concurrent marking roots 0.758ms
[2024-08-29T23:17:12.572+0800] GC(0) Concurrent marking (unload classes)
[2024-08-29T23:17:12.572+0800] GC(0) Using 2 of 4 workers for concurrent marking
[2024-08-29T23:17:12.578+0800] GC(0) Concurrent marking (unload classes) 6.256ms
[2024-08-29T23:17:12.579+0800] GC(0) Pause Final Mark (unload classes)
[2024-08-29T23:17:12.579+0800] GC(0) Using 4 of 4 workers for final marking
[2024-08-29T23:17:12.579+0800] GC(0) Collectable Garbage: 388M (97%), Immediate: 388M (97%), CSet: 0B (0%)
[2024-08-29T23:17:12.579+0800] GC(0) Pause Final Mark (unload classes) 0.411ms
[2024-08-29T23:17:12.579+0800] GC(0) Concurrent weak references
[2024-08-29T23:17:12.579+0800] GC(0) Using 2 of 4 workers for concurrent weak references
[2024-08-29T23:17:12.579+0800] GC(0) Encountered references: Soft: 178, Weak: 364, Final: 0, Phantom: 59
[2024-08-29T23:17:12.579+0800] GC(0) Discovered  references: Soft: 0, Weak: 191, Final: 0, Phantom: 59
[2024-08-29T23:17:12.579+0800] GC(0) Enqueued    references: Soft: 0, Weak: 67, Final: 0, Phantom: 54
[2024-08-29T23:17:12.579+0800] GC(0) Concurrent weak references 0.161ms
[2024-08-29T23:17:12.579+0800] GC(0) Concurrent weak roots
[2024-08-29T23:17:12.579+0800] GC(0) Using 2 of 4 workers for concurrent weak root
[2024-08-29T23:17:12.583+0800] GC(0) Concurrent weak roots 4.035ms
[2024-08-29T23:17:12.584+0800] GC(0) Concurrent cleanup
[2024-08-29T23:17:12.584+0800] GC(0) Concurrent cleanup 475M->86M(2048M) 0.079ms
[2024-08-29T23:17:12.584+0800] GC(0) Free: 1847M, Max: 1024K regular, 1394M humongous, Frag: 25% external, 0% internal; Reserve: 103M, Max: 1024K
[2024-08-29T23:17:12.584+0800] GC(0) Concurrent class unloading
[2024-08-29T23:17:12.584+0800] GC(0) Using 2 of 4 workers for concurrent class unloading
[2024-08-29T23:17:12.585+0800] GC(0) Concurrent class unloading 1.838ms
[2024-08-29T23:17:12.586+0800] GC(0) Pause Final Roots
[2024-08-29T23:17:12.586+0800] GC(0) Pause Final Roots 0.028ms
[2024-08-29T23:17:12.587+0800] Free: 1843M, Max: 1024K regular, 1394M humongous, Frag: 25% external, 0% internal; Reserve: 103M, Max: 1024K
[2024-08-29T23:17:12.587+0800] 
[2024-08-29T23:17:12.587+0800] All times are wall-clock times, except per-root-class counters, that are sum over
[2024-08-29T23:17:12.587+0800] all workers. Dividing the <total> over the root stage time estimates parallelism.
[2024-08-29T23:17:12.587+0800] 
[2024-08-29T23:17:12.587+0800] Concurrent Reset                    487 us
[2024-08-29T23:17:12.587+0800] Pause Init Mark (G)                2966 us
[2024-08-29T23:17:12.587+0800] Pause Init Mark (N)                 796 us
[2024-08-29T23:17:12.587+0800]   Update Region States               52 us
[2024-08-29T23:17:12.587+0800] Concurrent Mark Roots               778 us, parallelism: 1.72x
[2024-08-29T23:17:12.587+0800]   CMR: <total>                     1336 us
[2024-08-29T23:17:12.587+0800]   CMR: Thread Roots                 256 us, workers (us): 233,  23, ---, ---, 
[2024-08-29T23:17:12.587+0800]   CMR: VM Strong Roots              769 us, workers (us): 444, 325, ---, ---, 
[2024-08-29T23:17:12.587+0800]   CMR: CLDG Roots                   310 us, workers (us): ---, 310, ---, ---, 
[2024-08-29T23:17:12.587+0800] Concurrent Marking                 6334 us
[2024-08-29T23:17:12.587+0800] Pause Final Mark (G)                887 us
[2024-08-29T23:17:12.587+0800] Pause Final Mark (N)                421 us
[2024-08-29T23:17:12.587+0800]   Finish Mark                       178 us
[2024-08-29T23:17:12.587+0800]   Update Region States               85 us
[2024-08-29T23:17:12.587+0800]   Choose Collection Set              89 us
[2024-08-29T23:17:12.587+0800]   Rebuild Free Set                    8 us
[2024-08-29T23:17:12.587+0800] Concurrent Weak References          182 us, parallelism: 0.24x
[2024-08-29T23:17:12.587+0800]   CWRF: <total>                      43 us
[2024-08-29T23:17:12.587+0800]   CWRF: Weak References              43 us, workers (us):  14,  29, ---, ---, 
[2024-08-29T23:17:12.587+0800] Concurrent Weak Roots              4101 us
[2024-08-29T23:17:12.587+0800]   Roots                             272 us, parallelism: 0.88x
[2024-08-29T23:17:12.587+0800]     CWR: <total>                    240 us
[2024-08-29T23:17:12.587+0800]     CWR: Code Cache Roots           142 us, workers (us):  64,  78, ---, ---, 
[2024-08-29T23:17:12.587+0800]     CWR: VM Weak Roots               94 us, workers (us):  80,  13, ---, ---, 
[2024-08-29T23:17:12.587+0800]     CWR: CLDG Roots                   4 us, workers (us):   4, ---, ---, ---, 
[2024-08-29T23:17:12.587+0800]   Rendezvous                       3724 us
[2024-08-29T23:17:12.587+0800] Concurrent Cleanup                   88 us
[2024-08-29T23:17:12.587+0800] Concurrent Class Unloading         1867 us
[2024-08-29T23:17:12.587+0800]   Unlink Stale                      292 us
[2024-08-29T23:17:12.587+0800]     System Dictionary                 5 us
[2024-08-29T23:17:12.587+0800]     Weak Class Links                  0 us
[2024-08-29T23:17:12.587+0800]     Code Roots                      286 us
[2024-08-29T23:17:12.587+0800]   Rendezvous                       1410 us
[2024-08-29T23:17:12.587+0800]   Purge Unlinked                    123 us
[2024-08-29T23:17:12.587+0800]     Code Roots                      106 us
[2024-08-29T23:17:12.587+0800]     CLDG                             16 us
[2024-08-29T23:17:12.587+0800]     Exception Caches                  0 us
[2024-08-29T23:17:12.587+0800] Pause Final Roots (G)              1020 us
[2024-08-29T23:17:12.587+0800] Pause Final Roots (N)                36 us
[2024-08-29T23:17:12.587+0800] 
[2024-08-29T23:17:12.587+0800] Allocation pacing accrued:
[2024-08-29T23:17:12.587+0800]       0 of   359 ms (  0.0%): <total>
[2024-08-29T23:17:12.587+0800]       0 of   359 ms (  0.0%): <average total>
[2024-08-29T23:17:12.587+0800] 
[2024-08-29T23:17:12.587+0800] Metaspace: 1206K(1408K)->1224K(1408K) NonClass: 1088K(1216K)->1105K(1216K) Class: 118K(192K)->118K(192K)
[2024-08-29T23:17:12.587+0800] Pacer for Idle. Initial: 41943K, Alloc Tax Rate: 1.0x
[2024-08-29T23:17:12.777+0800] Trigger: Learning 2 of 5. Free (1433M) is below initial threshold (1433M)
[2024-08-29T23:17:12.777+0800] Free: 1428M, Max: 1024K regular, 1394M humongous, Frag: 3% external, 0% internal; Reserve: 103M, Max: 1024K
[2024-08-29T23:17:12.777+0800] GC(1) Concurrent reset
[2024-08-29T23:17:12.777+0800] GC(1) Using 2 of 4 workers for concurrent reset
[2024-08-29T23:17:12.777+0800] GC(1) Pacer for Reset. Non-Taxable: 2048M
[2024-08-29T23:17:12.778+0800] GC(1) Concurrent reset 0.861ms
[2024-08-29T23:17:12.779+0800] GC(1) Pause Init Mark (unload classes)
[2024-08-29T23:17:12.779+0800] GC(1) Using 4 of 4 workers for init marking
[2024-08-29T23:17:12.779+0800] GC(1) Pacer for Mark. Expected Live: 50667K, Free: 1421M, Non-Taxable: 142M, Alloc Tax Rate: 0.0x
[2024-08-29T23:17:12.779+0800] GC(1) Pause Init Mark (unload classes) 0.182ms
[2024-08-29T23:17:12.779+0800] GC(1) Concurrent marking roots
[2024-08-29T23:17:12.779+0800] GC(1) Using 2 of 4 workers for concurrent marking roots
[2024-08-29T23:17:12.780+0800] GC(1) Concurrent marking roots 0.229ms
[2024-08-29T23:17:12.780+0800] GC(1) Concurrent marking (unload classes)
[2024-08-29T23:17:12.780+0800] GC(1) Using 2 of 4 workers for concurrent marking
[2024-08-29T23:17:12.782+0800] GC(1) Concurrent marking (unload classes) 2.708ms
[2024-08-29T23:17:12.782+0800] GC(1) Pause Final Mark (unload classes)
[2024-08-29T23:17:12.782+0800] GC(1) Using 4 of 4 workers for final marking
[2024-08-29T23:17:12.783+0800] GC(1) Collectable Garbage: 416M (97%), Immediate: 416M (97%), CSet: 0B (0%)
[2024-08-29T23:17:12.783+0800] GC(1) Pause Final Mark (unload classes) 0.290ms
[2024-08-29T23:17:12.783+0800] GC(1) Concurrent weak references
[2024-08-29T23:17:12.783+0800] GC(1) Using 2 of 4 workers for concurrent weak references
[2024-08-29T23:17:12.783+0800] GC(1) Encountered references: Soft: 178, Weak: 297, Final: 0, Phantom: 5
[2024-08-29T23:17:12.783+0800] GC(1) Discovered  references: Soft: 0, Weak: 142, Final: 0, Phantom: 5
[2024-08-29T23:17:12.783+0800] GC(1) Enqueued    references: Soft: 0, Weak: 0, Final: 0, Phantom: 0
[2024-08-29T23:17:12.783+0800] GC(1) Concurrent weak references 0.076ms
[2024-08-29T23:17:12.783+0800] GC(1) Concurrent weak roots
[2024-08-29T23:17:12.783+0800] GC(1) Using 2 of 4 workers for concurrent weak root
[2024-08-29T23:17:12.783+0800] GC(1) Concurrent weak roots 0.204ms
[2024-08-29T23:17:12.783+0800] GC(1) Concurrent cleanup
[2024-08-29T23:17:12.783+0800] GC(1) Concurrent cleanup 460M->44M(2048M) 0.058ms
[2024-08-29T23:17:12.783+0800] GC(1) Free: 1895M, Max: 1024K regular, 1424M humongous, Frag: 25% external, 0% internal; Reserve: 103M, Max: 1024K
[2024-08-29T23:17:12.783+0800] GC(1) Concurrent class unloading
[2024-08-29T23:17:12.783+0800] GC(1) Using 2 of 4 workers for concurrent class unloading
[2024-08-29T23:17:12.784+0800] GC(1) Concurrent class unloading 0.383ms
[2024-08-29T23:17:12.784+0800] GC(1) Pause Final Roots
[2024-08-29T23:17:12.784+0800] GC(1) Pause Final Roots 0.014ms
[2024-08-29T23:17:12.784+0800] Free: 1895M, Max: 1024K regular, 1424M humongous, Frag: 25% external, 0% internal; Reserve: 103M, Max: 1024K
[2024-08-29T23:17:12.784+0800] 
[2024-08-29T23:17:12.784+0800] All times are wall-clock times, except per-root-class counters, that are sum over
[2024-08-29T23:17:12.784+0800] all workers. Dividing the <total> over the root stage time estimates parallelism.
[2024-08-29T23:17:12.784+0800] 
[2024-08-29T23:17:12.784+0800] Concurrent Reset                    883 us
[2024-08-29T23:17:12.784+0800] Pause Init Mark (G)                1163 us
[2024-08-29T23:17:12.784+0800] Pause Init Mark (N)                 190 us
[2024-08-29T23:17:12.784+0800]   Update Region States              115 us
[2024-08-29T23:17:12.784+0800] Concurrent Mark Roots               243 us, parallelism: 0.88x
[2024-08-29T23:17:12.784+0800]   CMR: <total>                      215 us
[2024-08-29T23:17:12.784+0800]   CMR: Thread Roots                 148 us, workers (us):  43, 105, ---, ---, 
[2024-08-29T23:17:12.784+0800]   CMR: VM Strong Roots                8 us, workers (us):   6,   2, ---, ---, 
[2024-08-29T23:17:12.784+0800]   CMR: CLDG Roots                    59 us, workers (us):  59, ---, ---, ---, 
[2024-08-29T23:17:12.784+0800] Concurrent Marking                 2725 us
[2024-08-29T23:17:12.784+0800] Pause Final Mark (G)                361 us
[2024-08-29T23:17:12.784+0800] Pause Final Mark (N)                296 us
[2024-08-29T23:17:12.784+0800]   Finish Mark                       130 us
[2024-08-29T23:17:12.784+0800]   Update Region States               55 us
[2024-08-29T23:17:12.784+0800]   Choose Collection Set              76 us
[2024-08-29T23:17:12.784+0800]   Rebuild Free Set                    6 us
[2024-08-29T23:17:12.784+0800] Concurrent Weak References           82 us, parallelism: 0.16x
[2024-08-29T23:17:12.784+0800]   CWRF: <total>                      13 us
[2024-08-29T23:17:12.784+0800]   CWRF: Weak References              13 us, workers (us):  12,   1, ---, ---, 
[2024-08-29T23:17:12.784+0800] Concurrent Weak Roots               215 us
[2024-08-29T23:17:12.784+0800]   Roots                             140 us, parallelism: 1.19x
[2024-08-29T23:17:12.784+0800]     CWR: <total>                    167 us
[2024-08-29T23:17:12.784+0800]     CWR: Code Cache Roots           121 us, workers (us):  61,  60, ---, ---, 
[2024-08-29T23:17:12.784+0800]     CWR: VM Weak Roots               44 us, workers (us):  26,  18, ---, ---, 
[2024-08-29T23:17:12.784+0800]     CWR: CLDG Roots                   2 us, workers (us):   2, ---, ---, ---, 
[2024-08-29T23:17:12.784+0800]   Rendezvous                         54 us
[2024-08-29T23:17:12.784+0800] Concurrent Cleanup                   64 us
[2024-08-29T23:17:12.784+0800] Concurrent Class Unloading          396 us
[2024-08-29T23:17:12.784+0800]   Unlink Stale                      246 us
[2024-08-29T23:17:12.784+0800]     System Dictionary                 2 us
[2024-08-29T23:17:12.784+0800]     Weak Class Links                  0 us
[2024-08-29T23:17:12.784+0800]     Code Roots                      243 us
[2024-08-29T23:17:12.784+0800]   Rendezvous                         61 us
[2024-08-29T23:17:12.784+0800]   Purge Unlinked                     66 us
[2024-08-29T23:17:12.784+0800]     Code Roots                       56 us
[2024-08-29T23:17:12.784+0800]     CLDG                             10 us
[2024-08-29T23:17:12.784+0800]     Exception Caches                  0 us
[2024-08-29T23:17:12.784+0800] Pause Final Roots (G)                78 us
[2024-08-29T23:17:12.784+0800] Pause Final Roots (N)                21 us
[2024-08-29T23:17:12.784+0800] 
[2024-08-29T23:17:12.784+0800] Allocation pacing accrued:
[2024-08-29T23:17:12.784+0800]       0 of   197 ms (  0.0%): <total>
[2024-08-29T23:17:12.784+0800]       0 of   197 ms (  0.0%): <average total>
[2024-08-29T23:17:12.784+0800] 
[2024-08-29T23:17:12.784+0800] Metaspace: 1291K(1472K)->1291K(1472K) NonClass: 1173K(1280K)->1173K(1280K) Class: 118K(192K)->118K(192K)
[2024-08-29T23:17:12.784+0800] Pacer for Idle. Initial: 41943K, Alloc Tax Rate: 1.0x
[2024-08-29T23:17:12.989+0800] Trigger: Learning 3 of 5. Free (1433M) is below initial threshold (1433M)
[2024-08-29T23:17:12.989+0800] Free: 1433M, Max: 1024K regular, 1424M humongous, Frag: 1% external, 0% internal; Reserve: 103M, Max: 1024K
[2024-08-29T23:17:12.989+0800] GC(2) Concurrent reset
[2024-08-29T23:17:12.989+0800] GC(2) Using 2 of 4 workers for concurrent reset
[2024-08-29T23:17:12.989+0800] GC(2) Pacer for Reset. Non-Taxable: 2048M
[2024-08-29T23:17:12.989+0800] GC(2) Concurrent reset 0.498ms
[2024-08-29T23:17:12.989+0800] GC(2) Pause Init Mark (unload classes)
[2024-08-29T23:17:12.989+0800] GC(2) Using 4 of 4 workers for init marking
[2024-08-29T23:17:12.990+0800] GC(2) Pacer for Mark. Expected Live: 35185K, Free: 1433M, Non-Taxable: 143M, Alloc Tax Rate: 0.0x
[2024-08-29T23:17:12.990+0800] GC(2) Pause Init Mark (unload classes) 0.073ms
[2024-08-29T23:17:12.990+0800] GC(2) Concurrent marking roots
[2024-08-29T23:17:12.990+0800] GC(2) Using 2 of 4 workers for concurrent marking roots
[2024-08-29T23:17:12.990+0800] GC(2) Concurrent marking roots 0.233ms
[2024-08-29T23:17:12.990+0800] GC(2) Concurrent marking (unload classes)
[2024-08-29T23:17:12.990+0800] GC(2) Using 2 of 4 workers for concurrent marking
[2024-08-29T23:17:12.992+0800] GC(2) Concurrent marking (unload classes) 1.840ms
[2024-08-29T23:17:12.992+0800] GC(2) Pause Final Mark (unload classes)
[2024-08-29T23:17:12.992+0800] GC(2) Using 4 of 4 workers for final marking
[2024-08-29T23:17:12.992+0800] GC(2) Collectable Garbage: 422M (97%), Immediate: 422M (97%), CSet: 0B (0%)
[2024-08-29T23:17:12.992+0800] GC(2) Pause Final Mark (unload classes) 0.346ms
[2024-08-29T23:17:12.992+0800] GC(2) Concurrent weak references
[2024-08-29T23:17:12.992+0800] GC(2) Using 2 of 4 workers for concurrent weak references
[2024-08-29T23:17:12.992+0800] GC(2) Encountered references: Soft: 178, Weak: 297, Final: 0, Phantom: 5
[2024-08-29T23:17:12.992+0800] GC(2) Discovered  references: Soft: 0, Weak: 142, Final: 0, Phantom: 5
[2024-08-29T23:17:12.992+0800] GC(2) Enqueued    references: Soft: 0, Weak: 0, Final: 0, Phantom: 0
[2024-08-29T23:17:12.992+0800] GC(2) Concurrent weak references 0.095ms
[2024-08-29T23:17:12.992+0800] GC(2) Concurrent weak roots
[2024-08-29T23:17:12.992+0800] GC(2) Using 2 of 4 workers for concurrent weak root
[2024-08-29T23:17:12.992+0800] GC(2) Concurrent weak roots 0.269ms
[2024-08-29T23:17:12.993+0800] GC(2) Concurrent cleanup
[2024-08-29T23:17:12.993+0800] GC(2) Concurrent cleanup 440M->17M(2048M) 0.095ms
[2024-08-29T23:17:12.993+0800] GC(2) Free: 1927M, Max: 1024K regular, 1424M humongous, Frag: 27% external, 0% internal; Reserve: 103M, Max: 1024K
[2024-08-29T23:17:12.993+0800] GC(2) Concurrent class unloading
[2024-08-29T23:17:12.993+0800] GC(2) Using 2 of 4 workers for concurrent class unloading
[2024-08-29T23:17:12.993+0800] GC(2) Concurrent class unloading 0.499ms
[2024-08-29T23:17:12.993+0800] GC(2) Pause Final Roots
[2024-08-29T23:17:12.993+0800] GC(2) Pause Final Roots 0.013ms
[2024-08-29T23:17:12.993+0800] Free: 1926M, Max: 1024K regular, 1424M humongous, Frag: 27% external, 0% internal; Reserve: 103M, Max: 1024K
[2024-08-29T23:17:12.993+0800] 
[2024-08-29T23:17:12.993+0800] All times are wall-clock times, except per-root-class counters, that are sum over
[2024-08-29T23:17:12.993+0800] all workers. Dividing the <total> over the root stage time estimates parallelism.
[2024-08-29T23:17:12.993+0800] 
[2024-08-29T23:17:12.993+0800] Concurrent Reset                    545 us
[2024-08-29T23:17:12.993+0800] Pause Init Mark (G)                 179 us
[2024-08-29T23:17:12.993+0800] Pause Init Mark (N)                  79 us
[2024-08-29T23:17:12.993+0800]   Update Region States               40 us
[2024-08-29T23:17:12.993+0800] Concurrent Mark Roots               243 us, parallelism: 1.11x
[2024-08-29T23:17:12.993+0800]   CMR: <total>                      270 us
[2024-08-29T23:17:12.993+0800]   CMR: Thread Roots                 230 us, workers (us):  89, 141, ---, ---, 
[2024-08-29T23:17:12.993+0800]   CMR: VM Strong Roots                4 us, workers (us):   4,   0, ---, ---, 
[2024-08-29T23:17:12.993+0800]   CMR: CLDG Roots                    36 us, workers (us):  36, ---, ---, ---, 
[2024-08-29T23:17:12.993+0800] Concurrent Marking                 1879 us
[2024-08-29T23:17:12.993+0800] Pause Final Mark (G)                428 us
[2024-08-29T23:17:12.993+0800] Pause Final Mark (N)                354 us
[2024-08-29T23:17:12.993+0800]   Finish Mark                       132 us
[2024-08-29T23:17:12.993+0800]   Update Region States               82 us
[2024-08-29T23:17:12.993+0800]   Choose Collection Set              94 us
[2024-08-29T23:17:12.993+0800]   Rebuild Free Set                    8 us
[2024-08-29T23:17:12.993+0800] Concurrent Weak References          101 us, parallelism: 0.09x
[2024-08-29T23:17:12.993+0800]   CWRF: <total>                       9 us
[2024-08-29T23:17:12.993+0800]   CWRF: Weak References               9 us, workers (us):   9,   0, ---, ---, 
[2024-08-29T23:17:12.993+0800] Concurrent Weak Roots               289 us
[2024-08-29T23:17:12.993+0800]   Roots                             178 us, parallelism: 1.20x
[2024-08-29T23:17:12.993+0800]     CWR: <total>                    214 us
[2024-08-29T23:17:12.993+0800]     CWR: Code Cache Roots           166 us, workers (us):  77,  88, ---, ---, 
[2024-08-29T23:17:12.993+0800]     CWR: VM Weak Roots               45 us, workers (us):  31,  14, ---, ---, 
[2024-08-29T23:17:12.993+0800]     CWR: CLDG Roots                   3 us, workers (us):   3, ---, ---, ---, 
[2024-08-29T23:17:12.993+0800]   Rendezvous                         80 us
[2024-08-29T23:17:12.993+0800] Concurrent Cleanup                  105 us
[2024-08-29T23:17:12.993+0800] Concurrent Class Unloading          510 us
[2024-08-29T23:17:12.993+0800]   Unlink Stale                      358 us
[2024-08-29T23:17:12.993+0800]     System Dictionary                 3 us
[2024-08-29T23:17:12.993+0800]     Weak Class Links                  0 us
[2024-08-29T23:17:12.993+0800]     Code Roots                      354 us
[2024-08-29T23:17:12.993+0800]   Rendezvous                         63 us
[2024-08-29T23:17:12.993+0800]   Purge Unlinked                     65 us
[2024-08-29T23:17:12.993+0800]     Code Roots                       60 us
[2024-08-29T23:17:12.993+0800]     CLDG                              4 us
[2024-08-29T23:17:12.993+0800]     Exception Caches                  0 us
[2024-08-29T23:17:12.993+0800] Pause Final Roots (G)                94 us
[2024-08-29T23:17:12.993+0800] Pause Final Roots (N)                21 us
[2024-08-29T23:17:12.993+0800] 
[2024-08-29T23:17:12.993+0800] Allocation pacing accrued:
[2024-08-29T23:17:12.993+0800]       0 of   210 ms (  0.0%): <total>
[2024-08-29T23:17:12.993+0800]       0 of   210 ms (  0.0%): <average total>
[2024-08-29T23:17:12.994+0800] 
[2024-08-29T23:17:12.994+0800] Metaspace: 1346K(1536K)->1346K(1536K) NonClass: 1228K(1344K)->1228K(1344K) Class: 118K(192K)->118K(192K)
[2024-08-29T23:17:12.994+0800] Pacer for Idle. Initial: 41943K, Alloc Tax Rate: 1.0x
[2024-08-29T23:17:13.188+0800] Trigger: Learning 4 of 5. Free (1428M) is below initial threshold (1433M)
[2024-08-29T23:17:13.188+0800] Free: 1428M, Max: 1024K regular, 1424M humongous, Frag: 1% external, 0% internal; Reserve: 103M, Max: 1024K
[2024-08-29T23:17:13.188+0800] GC(3) Concurrent reset
[2024-08-29T23:17:13.188+0800] GC(3) Using 2 of 4 workers for concurrent reset
[2024-08-29T23:17:13.188+0800] GC(3) Pacer for Reset. Non-Taxable: 2048M
[2024-08-29T23:17:13.188+0800] GC(3) Concurrent reset 0.375ms
[2024-08-29T23:17:13.190+0800] GC(3) Pause Init Mark (unload classes)
[2024-08-29T23:17:13.190+0800] GC(3) Using 4 of 4 workers for init marking
[2024-08-29T23:17:13.190+0800] GC(3) Pacer for Mark. Expected Live: 25234K, Free: 1428M, Non-Taxable: 142M, Alloc Tax Rate: 0.0x
[2024-08-29T23:17:13.190+0800] GC(3) Pause Init Mark (unload classes) 0.090ms
[2024-08-29T23:17:13.190+0800] GC(3) Concurrent marking roots
[2024-08-29T23:17:13.190+0800] GC(3) Using 2 of 4 workers for concurrent marking roots
[2024-08-29T23:17:13.191+0800] GC(3) Concurrent marking roots 0.464ms
[2024-08-29T23:17:13.191+0800] GC(3) Concurrent marking (unload classes)
[2024-08-29T23:17:13.191+0800] GC(3) Using 2 of 4 workers for concurrent marking
[2024-08-29T23:17:13.196+0800] GC(3) Concurrent marking (unload classes) 5.285ms
[2024-08-29T23:17:13.196+0800] GC(3) Pause Final Mark (unload classes)
[2024-08-29T23:17:13.196+0800] GC(3) Using 4 of 4 workers for final marking
[2024-08-29T23:17:13.197+0800] GC(3) Collectable Garbage: 348M (95%), Immediate: 348M (95%), CSet: 0B (0%)
[2024-08-29T23:17:13.197+0800] GC(3) Pause Final Mark (unload classes) 0.350ms
[2024-08-29T23:17:13.197+0800] GC(3) Concurrent weak references
[2024-08-29T23:17:13.197+0800] GC(3) Using 2 of 4 workers for concurrent weak references
[2024-08-29T23:17:13.197+0800] GC(3) Encountered references: Soft: 178, Weak: 297, Final: 0, Phantom: 5
[2024-08-29T23:17:13.197+0800] GC(3) Discovered  references: Soft: 0, Weak: 117, Final: 0, Phantom: 5
[2024-08-29T23:17:13.197+0800] GC(3) Enqueued    references: Soft: 0, Weak: 0, Final: 0, Phantom: 0
[2024-08-29T23:17:13.197+0800] GC(3) Concurrent weak references 0.100ms
[2024-08-29T23:17:13.197+0800] GC(3) Concurrent weak roots
[2024-08-29T23:17:13.197+0800] GC(3) Using 2 of 4 workers for concurrent weak root
[2024-08-29T23:17:13.197+0800] GC(3) Concurrent weak roots 0.241ms
[2024-08-29T23:17:13.197+0800] GC(3) Concurrent cleanup
[2024-08-29T23:17:13.197+0800] GC(3) Concurrent cleanup 463M->118M(2048M) 0.083ms
[2024-08-29T23:17:13.197+0800] GC(3) Free: 1813M, Max: 1024K regular, 1407M humongous, Frag: 23% external, 0% internal; Reserve: 103M, Max: 1024K
[2024-08-29T23:17:13.197+0800] GC(3) Concurrent class unloading
[2024-08-29T23:17:13.197+0800] GC(3) Using 2 of 4 workers for concurrent class unloading
[2024-08-29T23:17:13.198+0800] GC(3) Concurrent class unloading 0.696ms
[2024-08-29T23:17:13.198+0800] GC(3) Pause Final Roots
[2024-08-29T23:17:13.198+0800] GC(3) Pause Final Roots 0.013ms
[2024-08-29T23:17:13.198+0800] Free: 1810M, Max: 1024K regular, 1407M humongous, Frag: 23% external, 0% internal; Reserve: 103M, Max: 1024K
[2024-08-29T23:17:13.198+0800] 
[2024-08-29T23:17:13.198+0800] All times are wall-clock times, except per-root-class counters, that are sum over
[2024-08-29T23:17:13.198+0800] all workers. Dividing the <total> over the root stage time estimates parallelism.
[2024-08-29T23:17:13.198+0800] 
[2024-08-29T23:17:13.198+0800] Concurrent Reset                    405 us
[2024-08-29T23:17:13.198+0800] Pause Init Mark (G)                2060 us
[2024-08-29T23:17:13.198+0800] Pause Init Mark (N)                  96 us
[2024-08-29T23:17:13.198+0800]   Update Region States               42 us
[2024-08-29T23:17:13.198+0800] Concurrent Mark Roots               491 us, parallelism: 0.76x
[2024-08-29T23:17:13.198+0800]   CMR: <total>                      374 us
[2024-08-29T23:17:13.198+0800]   CMR: Thread Roots                 261 us, workers (us):  85, 176, ---, ---, 
[2024-08-29T23:17:13.198+0800]   CMR: VM Strong Roots               20 us, workers (us):  19,   0, ---, ---, 
[2024-08-29T23:17:13.198+0800]   CMR: CLDG Roots                    93 us, workers (us):  93, ---, ---, ---, 
[2024-08-29T23:17:13.198+0800] Concurrent Marking                 5352 us
[2024-08-29T23:17:13.198+0800] Pause Final Mark (G)                445 us
[2024-08-29T23:17:13.198+0800] Pause Final Mark (N)                359 us
[2024-08-29T23:17:13.198+0800]   Finish Mark                       176 us
[2024-08-29T23:17:13.198+0800]   Update Region States               54 us
[2024-08-29T23:17:13.198+0800]   Choose Collection Set              83 us
[2024-08-29T23:17:13.198+0800]   Rebuild Free Set                    8 us
[2024-08-29T23:17:13.198+0800] Concurrent Weak References          107 us, parallelism: 0.18x
[2024-08-29T23:17:13.198+0800]   CWRF: <total>                      20 us
[2024-08-29T23:17:13.198+0800]   CWRF: Weak References              20 us, workers (us):  20,   0, ---, ---, 
[2024-08-29T23:17:13.198+0800] Concurrent Weak Roots               251 us
[2024-08-29T23:17:13.198+0800]   Roots                             170 us, parallelism: 1.06x
[2024-08-29T23:17:13.198+0800]     CWR: <total>                    181 us
[2024-08-29T23:17:13.198+0800]     CWR: Code Cache Roots           128 us, workers (us):  53,  75, ---, ---, 
[2024-08-29T23:17:13.198+0800]     CWR: VM Weak Roots               49 us, workers (us):  32,  18, ---, ---, 
[2024-08-29T23:17:13.198+0800]     CWR: CLDG Roots                   4 us, workers (us):   4, ---, ---, ---, 
[2024-08-29T23:17:13.198+0800]   Rendezvous                         60 us
[2024-08-29T23:17:13.198+0800] Concurrent Cleanup                   93 us
[2024-08-29T23:17:13.198+0800] Concurrent Class Unloading          714 us
[2024-08-29T23:17:13.198+0800]   Unlink Stale                      511 us
[2024-08-29T23:17:13.198+0800]     System Dictionary                 4 us
[2024-08-29T23:17:13.198+0800]     Weak Class Links                  0 us
[2024-08-29T23:17:13.198+0800]     Code Roots                      506 us
[2024-08-29T23:17:13.198+0800]   Rendezvous                         92 us
[2024-08-29T23:17:13.198+0800]   Purge Unlinked                     81 us
[2024-08-29T23:17:13.198+0800]     Code Roots                       78 us
[2024-08-29T23:17:13.198+0800]     CLDG                              2 us
[2024-08-29T23:17:13.198+0800]     Exception Caches                  0 us
[2024-08-29T23:17:13.198+0800] Pause Final Roots (G)                88 us
[2024-08-29T23:17:13.198+0800] Pause Final Roots (N)                20 us
[2024-08-29T23:17:13.198+0800] 
[2024-08-29T23:17:13.198+0800] Allocation pacing accrued:
[2024-08-29T23:17:13.198+0800]       0 of   205 ms (  0.0%): <total>
[2024-08-29T23:17:13.198+0800]       0 of   205 ms (  0.0%): <average total>
[2024-08-29T23:17:13.198+0800] 
[2024-08-29T23:17:13.198+0800] Metaspace: 1379K(1536K)->1379K(1536K) NonClass: 1261K(1344K)->1261K(1344K) Class: 118K(192K)->118K(192K)
[2024-08-29T23:17:13.198+0800] Pacer for Idle. Initial: 41943K, Alloc Tax Rate: 1.0x
[2024-08-29T23:17:13.355+0800] Trigger: Learning 5 of 5. Free (1431M) is below initial threshold (1433M)
[2024-08-29T23:17:13.355+0800] Free: 1423M, Max: 1024K regular, 1407M humongous, Frag: 2% external, 0% internal; Reserve: 103M, Max: 1024K
[2024-08-29T23:17:13.355+0800] GC(4) Concurrent reset
[2024-08-29T23:17:13.355+0800] GC(4) Using 2 of 4 workers for concurrent reset
[2024-08-29T23:17:13.355+0800] GC(4) Pacer for Reset. Non-Taxable: 2048M
[2024-08-29T23:17:13.357+0800] GC(4) Concurrent reset 2.028ms
[2024-08-29T23:17:13.358+0800] GC(4) Pause Init Mark (unload classes)
[2024-08-29T23:17:13.358+0800] GC(4) Using 4 of 4 workers for init marking
[2024-08-29T23:17:13.358+0800] GC(4) Pacer for Mark. Expected Live: 39767K, Free: 1422M, Non-Taxable: 142M, Alloc Tax Rate: 0.0x
[2024-08-29T23:17:13.358+0800] GC(4) Pause Init Mark (unload classes) 0.153ms
[2024-08-29T23:17:13.358+0800] GC(4) Concurrent marking roots
[2024-08-29T23:17:13.358+0800] GC(4) Using 2 of 4 workers for concurrent marking roots
[2024-08-29T23:17:13.359+0800] GC(4) Concurrent marking roots 1.230ms
[2024-08-29T23:17:13.359+0800] GC(4) Concurrent marking (unload classes)
[2024-08-29T23:17:13.359+0800] GC(4) Using 2 of 4 workers for concurrent marking
[2024-08-29T23:17:13.365+0800] GC(4) Concurrent marking (unload classes) 5.344ms
[2024-08-29T23:17:13.365+0800] GC(4) Pause Final Mark (unload classes)
[2024-08-29T23:17:13.365+0800] GC(4) Using 4 of 4 workers for final marking
[2024-08-29T23:17:13.365+0800] GC(4) Collectable Garbage: 350M (94%), Immediate: 350M (94%), CSet: 0B (0%)
[2024-08-29T23:17:13.365+0800] GC(4) Pause Final Mark (unload classes) 0.431ms
[2024-08-29T23:17:13.366+0800] GC(4) Concurrent weak references
[2024-08-29T23:17:13.366+0800] GC(4) Using 2 of 4 workers for concurrent weak references
[2024-08-29T23:17:13.366+0800] GC(4) Encountered references: Soft: 178, Weak: 297, Final: 0, Phantom: 5
[2024-08-29T23:17:13.366+0800] GC(4) Discovered  references: Soft: 0, Weak: 142, Final: 0, Phantom: 5
[2024-08-29T23:17:13.366+0800] GC(4) Enqueued    references: Soft: 0, Weak: 0, Final: 0, Phantom: 0
[2024-08-29T23:17:13.366+0800] GC(4) Concurrent weak references 0.441ms
[2024-08-29T23:17:13.366+0800] GC(4) Concurrent weak roots
[2024-08-29T23:17:13.366+0800] GC(4) Using 2 of 4 workers for concurrent weak root
[2024-08-29T23:17:13.367+0800] GC(4) Concurrent weak roots 0.801ms
[2024-08-29T23:17:13.367+0800] GC(4) Concurrent cleanup
[2024-08-29T23:17:13.367+0800] GC(4) Concurrent cleanup 473M->123M(2048M) 0.078ms
[2024-08-29T23:17:13.367+0800] GC(4) Free: 1803M, Max: 1024K regular, 1395M humongous, Frag: 23% external, 0% internal; Reserve: 103M, Max: 1024K
[2024-08-29T23:17:13.367+0800] GC(4) Concurrent class unloading
[2024-08-29T23:17:13.367+0800] GC(4) Using 2 of 4 workers for concurrent class unloading
[2024-08-29T23:17:13.368+0800] GC(4) Concurrent class unloading 0.758ms
[2024-08-29T23:17:13.369+0800] GC(4) Pause Final Roots
[2024-08-29T23:17:13.369+0800] GC(4) Pause Final Roots 0.018ms
[2024-08-29T23:17:13.369+0800] Free: 1798M, Max: 1024K regular, 1395M humongous, Frag: 23% external, 0% internal; Reserve: 103M, Max: 1024K
[2024-08-29T23:17:13.369+0800] 
[2024-08-29T23:17:13.369+0800] All times are wall-clock times, except per-root-class counters, that are sum over
[2024-08-29T23:17:13.369+0800] all workers. Dividing the <total> over the root stage time estimates parallelism.
[2024-08-29T23:17:13.369+0800] 
[2024-08-29T23:17:13.369+0800] Concurrent Reset                   2073 us
[2024-08-29T23:17:13.369+0800] Pause Init Mark (G)                 576 us
[2024-08-29T23:17:13.369+0800] Pause Init Mark (N)                 159 us
[2024-08-29T23:17:13.369+0800]   Update Region States               95 us
[2024-08-29T23:17:13.369+0800] Concurrent Mark Roots              1277 us, parallelism: 0.70x
[2024-08-29T23:17:13.369+0800]   CMR: <total>                      897 us
[2024-08-29T23:17:13.369+0800]   CMR: Thread Roots                 759 us, workers (us): 294, 464, ---, ---, 
[2024-08-29T23:17:13.369+0800]   CMR: VM Strong Roots                8 us, workers (us):   7,   0, ---, ---, 
[2024-08-29T23:17:13.369+0800]   CMR: CLDG Roots                   131 us, workers (us): 131, ---, ---, ---, 
[2024-08-29T23:17:13.369+0800] Concurrent Marking                 5447 us
[2024-08-29T23:17:13.369+0800] Pause Final Mark (G)               1304 us
[2024-08-29T23:17:13.369+0800] Pause Final Mark (N)                444 us
[2024-08-29T23:17:13.369+0800]   Finish Mark                       200 us
[2024-08-29T23:17:13.369+0800]   Update Region States               85 us
[2024-08-29T23:17:13.369+0800]   Choose Collection Set              94 us
[2024-08-29T23:17:13.369+0800]   Rebuild Free Set                   10 us
[2024-08-29T23:17:13.369+0800] Concurrent Weak References          456 us, parallelism: 0.19x
[2024-08-29T23:17:13.369+0800]   CWRF: <total>                      87 us
[2024-08-29T23:17:13.369+0800]   CWRF: Weak References              87 us, workers (us):  62,  25, ---, ---, 
[2024-08-29T23:17:13.369+0800] Concurrent Weak Roots               864 us
[2024-08-29T23:17:13.369+0800]   Roots                             347 us, parallelism: 0.76x
[2024-08-29T23:17:13.369+0800]     CWR: <total>                    266 us
[2024-08-29T23:17:13.369+0800]     CWR: Code Cache Roots           182 us, workers (us):  73, 109, ---, ---, 
[2024-08-29T23:17:13.369+0800]     CWR: VM Weak Roots               79 us, workers (us):  63,  16, ---, ---, 
[2024-08-29T23:17:13.369+0800]     CWR: CLDG Roots                   4 us, workers (us):   4, ---, ---, ---, 
[2024-08-29T23:17:13.369+0800]   Rendezvous                        436 us
[2024-08-29T23:17:13.369+0800] Concurrent Cleanup                   86 us
[2024-08-29T23:17:13.369+0800] Concurrent Class Unloading          784 us
[2024-08-29T23:17:13.369+0800]   Unlink Stale                      475 us
[2024-08-29T23:17:13.369+0800]     System Dictionary                 4 us
[2024-08-29T23:17:13.369+0800]     Weak Class Links                  0 us
[2024-08-29T23:17:13.369+0800]     Code Roots                      469 us
[2024-08-29T23:17:13.369+0800]   Rendezvous                         94 us
[2024-08-29T23:17:13.369+0800]   Purge Unlinked                    176 us
[2024-08-29T23:17:13.369+0800]     Code Roots                      160 us
[2024-08-29T23:17:13.369+0800]     CLDG                             16 us
[2024-08-29T23:17:13.369+0800]     Exception Caches                  0 us
[2024-08-29T23:17:13.369+0800] Pause Final Roots (G)               390 us
[2024-08-29T23:17:13.369+0800] Pause Final Roots (N)                27 us
[2024-08-29T23:17:13.369+0800] 
[2024-08-29T23:17:13.369+0800] Allocation pacing accrued:
[2024-08-29T23:17:13.369+0800]       0 of   171 ms (  0.0%): <total>
[2024-08-29T23:17:13.369+0800]       0 of   171 ms (  0.0%): <average total>
[2024-08-29T23:17:13.369+0800] 
[2024-08-29T23:17:13.369+0800] Metaspace: 1387K(1536K)->1387K(1536K) NonClass: 1269K(1344K)->1269K(1344K) Class: 118K(192K)->118K(192K)
[2024-08-29T23:17:13.369+0800] Pacer for Idle. Initial: 41943K, Alloc Tax Rate: 1.0x
[2024-08-29T23:17:14.102+0800] Trigger: Free (198M) is below minimum threshold (204M)
[2024-08-29T23:17:14.102+0800] Free: 198M, Max: 1024K regular, 198M humongous, Frag: 0% external, 0% internal; Reserve: 103M, Max: 1024K
[2024-08-29T23:17:14.102+0800] GC(5) Concurrent reset
[2024-08-29T23:17:14.102+0800] GC(5) Using 2 of 4 workers for concurrent reset
[2024-08-29T23:17:14.102+0800] GC(5) Pacer for Reset. Non-Taxable: 2048M
[2024-08-29T23:17:14.103+0800] GC(5) Concurrent reset 1.350ms
[2024-08-29T23:17:14.108+0800] GC(5) Pause Init Mark (unload classes)
[2024-08-29T23:17:14.108+0800] GC(5) Using 4 of 4 workers for init marking
[2024-08-29T23:17:14.108+0800] GC(5) Pacer for Mark. Expected Live: 48401K, Free: 194M, Non-Taxable: 19866K, Alloc Tax Rate: 0.3x
[2024-08-29T23:17:14.108+0800] GC(5) Pause Init Mark (unload classes) 0.185ms
[2024-08-29T23:17:14.108+0800] GC(5) Concurrent marking roots
[2024-08-29T23:17:14.108+0800] GC(5) Using 2 of 4 workers for concurrent marking roots
[2024-08-29T23:17:14.111+0800] GC(5) Concurrent marking roots 3.424ms
[2024-08-29T23:17:14.111+0800] GC(5) Concurrent marking (unload classes)
[2024-08-29T23:17:14.111+0800] GC(5) Using 2 of 4 workers for concurrent marking
[2024-08-29T23:17:14.115+0800] GC(5) Concurrent marking (unload classes) 3.946ms
[2024-08-29T23:17:14.115+0800] GC(5) Pause Final Mark (unload classes)
[2024-08-29T23:17:14.115+0800] GC(5) Using 4 of 4 workers for final marking
[2024-08-29T23:17:14.116+0800] GC(5) Collectable Garbage: 1334M (98%), Immediate: 1334M (98%), CSet: 0B (0%)
[2024-08-29T23:17:14.116+0800] GC(5) Pause Final Mark (unload classes) 0.698ms
[2024-08-29T23:17:14.116+0800] GC(5) Concurrent weak references
[2024-08-29T23:17:14.116+0800] GC(5) Using 2 of 4 workers for concurrent weak references
[2024-08-29T23:17:14.116+0800] GC(5) Encountered references: Soft: 178, Weak: 297, Final: 0, Phantom: 5
[2024-08-29T23:17:14.116+0800] GC(5) Discovered  references: Soft: 0, Weak: 142, Final: 0, Phantom: 5
[2024-08-29T23:17:14.116+0800] GC(5) Enqueued    references: Soft: 0, Weak: 0, Final: 0, Phantom: 0
[2024-08-29T23:17:14.116+0800] GC(5) Concurrent weak references 0.141ms
[2024-08-29T23:17:14.116+0800] GC(5) Concurrent weak roots
[2024-08-29T23:17:14.116+0800] GC(5) Using 2 of 4 workers for concurrent weak root
[2024-08-29T23:17:14.118+0800] GC(5) Concurrent weak roots 1.662ms
[2024-08-29T23:17:14.118+0800] GC(5) Concurrent cleanup
[2024-08-29T23:17:14.118+0800] GC(5) Concurrent cleanup 1514M->180M(2048M) 0.132ms
[2024-08-29T23:17:14.118+0800] GC(5) Free: 1739M, Max: 1024K regular, 883M humongous, Frag: 50% external, 0% internal; Reserve: 103M, Max: 1024K
[2024-08-29T23:17:14.118+0800] GC(5) Concurrent class unloading
[2024-08-29T23:17:14.118+0800] GC(5) Using 2 of 4 workers for concurrent class unloading
[2024-08-29T23:17:14.120+0800] GC(5) Concurrent class unloading 1.493ms
[2024-08-29T23:17:14.121+0800] GC(5) Pause Final Roots
[2024-08-29T23:17:14.121+0800] GC(5) Pause Final Roots 0.036ms
[2024-08-29T23:17:14.121+0800] Free: 1730M, Max: 1024K regular, 883M humongous, Frag: 49% external, 0% internal; Reserve: 103M, Max: 1024K
[2024-08-29T23:17:14.121+0800] 
[2024-08-29T23:17:14.121+0800] All times are wall-clock times, except per-root-class counters, that are sum over
[2024-08-29T23:17:14.121+0800] all workers. Dividing the <total> over the root stage time estimates parallelism.
[2024-08-29T23:17:14.121+0800] 
[2024-08-29T23:17:14.121+0800] Concurrent Reset                   1409 us
[2024-08-29T23:17:14.121+0800] Pause Init Mark (G)                4414 us
[2024-08-29T23:17:14.121+0800] Pause Init Mark (N)                 194 us
[2024-08-29T23:17:14.121+0800]   Update Region States              111 us
[2024-08-29T23:17:14.121+0800] Concurrent Mark Roots              3460 us, parallelism: 0.56x
[2024-08-29T23:17:14.121+0800]   CMR: <total>                     1932 us
[2024-08-29T23:17:14.121+0800]   CMR: Thread Roots                1860 us, workers (us):  65, 1795, ---, ---, 
[2024-08-29T23:17:14.121+0800]   CMR: VM Strong Roots                8 us, workers (us):   7,   0, ---, ---, 
[2024-08-29T23:17:14.121+0800]   CMR: CLDG Roots                    64 us, workers (us):  64, ---, ---, ---, 
[2024-08-29T23:17:14.121+0800] Concurrent Marking                 3970 us
[2024-08-29T23:17:14.121+0800] Pause Final Mark (G)                837 us
[2024-08-29T23:17:14.121+0800] Pause Final Mark (N)                708 us
[2024-08-29T23:17:14.121+0800]   Finish Mark                       340 us
[2024-08-29T23:17:14.121+0800]   Update Region States               77 us
[2024-08-29T23:17:14.121+0800]   Choose Collection Set             240 us
[2024-08-29T23:17:14.121+0800]   Rebuild Free Set                   11 us
[2024-08-29T23:17:14.121+0800] Concurrent Weak References          150 us, parallelism: 0.11x
[2024-08-29T23:17:14.121+0800]   CWRF: <total>                      17 us
[2024-08-29T23:17:14.121+0800]   CWRF: Weak References              17 us, workers (us):  17,   0, ---, ---, 
[2024-08-29T23:17:14.121+0800] Concurrent Weak Roots              1684 us
[2024-08-29T23:17:14.121+0800]   Roots                             260 us, parallelism: 1.11x
[2024-08-29T23:17:14.121+0800]     CWR: <total>                    289 us
[2024-08-29T23:17:14.121+0800]     CWR: Code Cache Roots           228 us, workers (us): 143,  85, ---, ---, 
[2024-08-29T23:17:14.121+0800]     CWR: VM Weak Roots               59 us, workers (us):  45,  13, ---, ---, 
[2024-08-29T23:17:14.121+0800]     CWR: CLDG Roots                   3 us, workers (us): ---,   3, ---, ---, 
[2024-08-29T23:17:14.121+0800]   Rendezvous                       1385 us
[2024-08-29T23:17:14.121+0800] Concurrent Cleanup                  140 us
[2024-08-29T23:17:14.121+0800] Concurrent Class Unloading         1515 us
[2024-08-29T23:17:14.121+0800]   Unlink Stale                     1257 us
[2024-08-29T23:17:14.121+0800]     System Dictionary                 4 us
[2024-08-29T23:17:14.121+0800]     Weak Class Links                  0 us
[2024-08-29T23:17:14.121+0800]     Code Roots                     1252 us
[2024-08-29T23:17:14.121+0800]   Rendezvous                         97 us
[2024-08-29T23:17:14.121+0800]   Purge Unlinked                    124 us
[2024-08-29T23:17:14.121+0800]     Code Roots                      111 us
[2024-08-29T23:17:14.121+0800]     CLDG                             13 us
[2024-08-29T23:17:14.121+0800]     Exception Caches                  0 us
[2024-08-29T23:17:14.121+0800] Pause Final Roots (G)              1140 us
[2024-08-29T23:17:14.121+0800] Pause Final Roots (N)                44 us
[2024-08-29T23:17:14.121+0800] Pacing                             5846 us
[2024-08-29T23:17:14.121+0800] 
[2024-08-29T23:17:14.121+0800] Allocation pacing accrued:
[2024-08-29T23:17:14.121+0800]       3 of   752 ms (  0.4%): Thread-0
[2024-08-29T23:17:14.121+0800]       3 of   752 ms (  0.4%): Thread-5
[2024-08-29T23:17:14.121+0800]       6 of   752 ms (  0.8%): <total>
[2024-08-29T23:17:14.121+0800]       0 of   752 ms (  0.0%): <average total>
[2024-08-29T23:17:14.121+0800]       3 of   752 ms (  0.4%): <average non-zero>
[2024-08-29T23:17:14.121+0800] 
[2024-08-29T23:17:14.121+0800] Metaspace: 1440K(1600K)->1440K(1600K) NonClass: 1321K(1408K)->1321K(1408K) Class: 118K(192K)->118K(192K)
[2024-08-29T23:17:14.121+0800] Pacer for Idle. Initial: 41943K, Alloc Tax Rate: 1.0x
[2024-08-29T23:17:14.762+0800] Trigger: Free (200M) is below minimum threshold (204M)
[2024-08-29T23:17:14.762+0800] Free: 195M, Max: 1024K regular, 167M humongous, Frag: 15% external, 2% internal; Reserve: 103M, Max: 1024K
[2024-08-29T23:17:14.762+0800] GC(6) Concurrent reset
[2024-08-29T23:17:14.762+0800] GC(6) Using 2 of 4 workers for concurrent reset
[2024-08-29T23:17:14.762+0800] GC(6) Pacer for Reset. Non-Taxable: 2048M
[2024-08-29T23:17:14.764+0800] GC(6) Concurrent reset 2.155ms
[2024-08-29T23:17:14.764+0800] GC(6) Pause Init Mark (unload classes)
[2024-08-29T23:17:14.764+0800] GC(6) Using 4 of 4 workers for init marking
[2024-08-29T23:17:14.764+0800] GC(6) Pacer for Mark. Expected Live: 66876K, Free: 191M, Non-Taxable: 19563K, Alloc Tax Rate: 0.4x
[2024-08-29T23:17:14.764+0800] GC(6) Pause Init Mark (unload classes) 0.089ms
[2024-08-29T23:17:14.764+0800] GC(6) Concurrent marking roots
[2024-08-29T23:17:14.764+0800] GC(6) Using 2 of 4 workers for concurrent marking roots
[2024-08-29T23:17:14.764+0800] GC(6) Concurrent marking roots 0.190ms
[2024-08-29T23:17:14.764+0800] GC(6) Concurrent marking (unload classes)
[2024-08-29T23:17:14.764+0800] GC(6) Using 2 of 4 workers for concurrent marking
[2024-08-29T23:17:14.767+0800] GC(6) Concurrent marking (unload classes) 2.413ms
[2024-08-29T23:17:14.767+0800] GC(6) Pause Final Mark (unload classes)
[2024-08-29T23:17:14.767+0800] GC(6) Using 4 of 4 workers for final marking
[2024-08-29T23:17:14.767+0800] GC(6) Collectable Garbage: 1356M (98%), Immediate: 1356M (98%), CSet: 0B (0%)
[2024-08-29T23:17:14.767+0800] GC(6) Pause Final Mark (unload classes) 0.381ms
[2024-08-29T23:17:14.767+0800] GC(6) Concurrent weak references
[2024-08-29T23:17:14.767+0800] GC(6) Using 2 of 4 workers for concurrent weak references
[2024-08-29T23:17:14.767+0800] GC(6) Encountered references: Soft: 178, Weak: 297, Final: 0, Phantom: 5
[2024-08-29T23:17:14.767+0800] GC(6) Discovered  references: Soft: 0, Weak: 142, Final: 0, Phantom: 5
[2024-08-29T23:17:14.767+0800] GC(6) Enqueued    references: Soft: 0, Weak: 0, Final: 0, Phantom: 0
[2024-08-29T23:17:14.767+0800] GC(6) Concurrent weak references 0.066ms
[2024-08-29T23:17:14.767+0800] GC(6) Concurrent weak roots
[2024-08-29T23:17:14.767+0800] GC(6) Using 2 of 4 workers for concurrent weak root
[2024-08-29T23:17:14.768+0800] GC(6) Concurrent weak roots 1.000ms
[2024-08-29T23:17:14.768+0800] GC(6) Concurrent cleanup
[2024-08-29T23:17:14.769+0800] GC(6) Concurrent cleanup 1517M->161M(2048M) 0.106ms
[2024-08-29T23:17:14.769+0800] GC(6) Free: 1758M, Max: 1024K regular, 395M humongous, Frag: 78% external, 0% internal; Reserve: 103M, Max: 1024K
[2024-08-29T23:17:14.769+0800] GC(6) Concurrent class unloading
[2024-08-29T23:17:14.769+0800] GC(6) Using 2 of 4 workers for concurrent class unloading
[2024-08-29T23:17:14.771+0800] GC(6) Concurrent class unloading 2.344ms
[2024-08-29T23:17:14.771+0800] GC(6) Pause Final Roots
[2024-08-29T23:17:14.771+0800] GC(6) Pause Final Roots 0.019ms
[2024-08-29T23:17:14.771+0800] Free: 1744M, Max: 1024K regular, 395M humongous, Frag: 78% external, 0% internal; Reserve: 103M, Max: 1024K
[2024-08-29T23:17:14.771+0800] 
[2024-08-29T23:17:14.771+0800] All times are wall-clock times, except per-root-class counters, that are sum over
[2024-08-29T23:17:14.771+0800] all workers. Dividing the <total> over the root stage time estimates parallelism.
[2024-08-29T23:17:14.771+0800] 
[2024-08-29T23:17:14.771+0800] Concurrent Reset                   2195 us
[2024-08-29T23:17:14.772+0800] Pause Init Mark (G)                 195 us
[2024-08-29T23:17:14.772+0800] Pause Init Mark (N)                  94 us
[2024-08-29T23:17:14.772+0800]   Update Region States               41 us
[2024-08-29T23:17:14.772+0800] Concurrent Mark Roots               202 us, parallelism: 1.05x
[2024-08-29T23:17:14.772+0800]   CMR: <total>                      212 us
[2024-08-29T23:17:14.772+0800]   CMR: Thread Roots                 170 us, workers (us):  68, 102, ---, ---, 
[2024-08-29T23:17:14.772+0800]   CMR: VM Strong Roots                4 us, workers (us):   4,   0, ---, ---, 
[2024-08-29T23:17:14.772+0800]   CMR: CLDG Roots                    38 us, workers (us):  38, ---, ---, ---, 
[2024-08-29T23:17:14.772+0800] Concurrent Marking                 2432 us
[2024-08-29T23:17:14.772+0800] Pause Final Mark (G)                476 us
[2024-08-29T23:17:14.772+0800] Pause Final Mark (N)                388 us
[2024-08-29T23:17:14.772+0800]   Finish Mark                        97 us
[2024-08-29T23:17:14.772+0800]   Update Region States               46 us
[2024-08-29T23:17:14.772+0800]   Choose Collection Set             208 us
[2024-08-29T23:17:14.772+0800]   Rebuild Free Set                    7 us
[2024-08-29T23:17:14.772+0800] Concurrent Weak References           71 us, parallelism: 0.09x
[2024-08-29T23:17:14.772+0800]   CWRF: <total>                       7 us
[2024-08-29T23:17:14.772+0800]   CWRF: Weak References               7 us, workers (us):   7,   0, ---, ---, 
[2024-08-29T23:17:14.772+0800] Concurrent Weak Roots              1019 us
[2024-08-29T23:17:14.772+0800]   Roots                             264 us, parallelism: 1.00x
[2024-08-29T23:17:14.772+0800]     CWR: <total>                    263 us
[2024-08-29T23:17:14.772+0800]     CWR: Code Cache Roots           211 us, workers (us): 149,  62, ---, ---, 
[2024-08-29T23:17:14.772+0800]     CWR: VM Weak Roots               50 us, workers (us):  49,   0, ---, ---, 
[2024-08-29T23:17:14.772+0800]     CWR: CLDG Roots                   2 us, workers (us):   2, ---, ---, ---, 
[2024-08-29T23:17:14.772+0800]   Rendezvous                        725 us
[2024-08-29T23:17:14.772+0800] Concurrent Cleanup                  113 us
[2024-08-29T23:17:14.772+0800] Concurrent Class Unloading         2362 us
[2024-08-29T23:17:14.772+0800]   Unlink Stale                      615 us
[2024-08-29T23:17:14.772+0800]     System Dictionary                 3 us
[2024-08-29T23:17:14.772+0800]     Weak Class Links                  0 us
[2024-08-29T23:17:14.772+0800]     Code Roots                      611 us
[2024-08-29T23:17:14.772+0800]   Rendezvous                       1494 us
[2024-08-29T23:17:14.772+0800]   Purge Unlinked                    223 us
[2024-08-29T23:17:14.772+0800]     Code Roots                      208 us
[2024-08-29T23:17:14.772+0800]     CLDG                             14 us
[2024-08-29T23:17:14.772+0800]     Exception Caches                  0 us
[2024-08-29T23:17:14.772+0800] Pause Final Roots (G)               541 us
[2024-08-29T23:17:14.772+0800] Pause Final Roots (N)                25 us
[2024-08-29T23:17:14.772+0800] 
[2024-08-29T23:17:14.772+0800] Allocation pacing accrued:
[2024-08-29T23:17:14.772+0800]       0 of   651 ms (  0.0%): <total>
[2024-08-29T23:17:14.772+0800]       0 of   651 ms (  0.0%): <average total>
[2024-08-29T23:17:14.772+0800] 
[2024-08-29T23:17:14.772+0800] Metaspace: 1459K(1664K)->1459K(1664K) NonClass: 1340K(1472K)->1340K(1472K) Class: 118K(192K)->118K(192K)
[2024-08-29T23:17:14.772+0800] Pacer for Idle. Initial: 41943K, Alloc Tax Rate: 1.0x
[2024-08-29T23:17:15.408+0800] Trigger: Free (204M) is below minimum threshold (204M)
[2024-08-29T23:17:15.408+0800] Free: 198M, Max: 1024K regular, 162M humongous, Frag: 19% external, 0% internal; Reserve: 103M, Max: 1024K
[2024-08-29T23:17:15.408+0800] GC(7) Concurrent reset
[2024-08-29T23:17:15.408+0800] GC(7) Using 2 of 4 workers for concurrent reset
[2024-08-29T23:17:15.408+0800] GC(7) Pacer for Reset. Non-Taxable: 2048M
[2024-08-29T23:17:15.410+0800] GC(7) Concurrent reset 2.105ms
[2024-08-29T23:17:15.411+0800] GC(7) Pause Init Mark (unload classes)
[2024-08-29T23:17:15.411+0800] GC(7) Using 4 of 4 workers for init marking
[2024-08-29T23:17:15.411+0800] GC(7) Pacer for Mark. Expected Live: 88592K, Free: 193M, Non-Taxable: 19785K, Alloc Tax Rate: 0.5x
[2024-08-29T23:17:15.411+0800] GC(7) Pause Init Mark (unload classes) 0.184ms
[2024-08-29T23:17:15.411+0800] GC(7) Concurrent marking roots
[2024-08-29T23:17:15.411+0800] GC(7) Using 2 of 4 workers for concurrent marking roots
[2024-08-29T23:17:15.411+0800] GC(7) Concurrent marking roots 0.261ms
[2024-08-29T23:17:15.411+0800] GC(7) Concurrent marking (unload classes)
[2024-08-29T23:17:15.411+0800] GC(7) Using 2 of 4 workers for concurrent marking
[2024-08-29T23:17:15.413+0800] GC(7) Concurrent marking (unload classes) 1.718ms
[2024-08-29T23:17:15.413+0800] GC(7) Pause Final Mark (unload classes)
[2024-08-29T23:17:15.413+0800] GC(7) Using 4 of 4 workers for final marking
[2024-08-29T23:17:15.414+0800] GC(7) Collectable Garbage: 1394M (98%), Immediate: 1394M (98%), CSet: 0B (0%)
[2024-08-29T23:17:15.414+0800] GC(7) Pause Final Mark (unload classes) 0.790ms
[2024-08-29T23:17:15.414+0800] GC(7) Concurrent weak references
[2024-08-29T23:17:15.414+0800] GC(7) Using 2 of 4 workers for concurrent weak references
[2024-08-29T23:17:15.414+0800] GC(7) Encountered references: Soft: 178, Weak: 297, Final: 0, Phantom: 5
[2024-08-29T23:17:15.414+0800] GC(7) Discovered  references: Soft: 0, Weak: 111, Final: 0, Phantom: 5
[2024-08-29T23:17:15.414+0800] GC(7) Enqueued    references: Soft: 0, Weak: 0, Final: 0, Phantom: 0
[2024-08-29T23:17:15.414+0800] GC(7) Concurrent weak references 0.095ms
[2024-08-29T23:17:15.414+0800] GC(7) Concurrent weak roots
[2024-08-29T23:17:15.414+0800] GC(7) Using 2 of 4 workers for concurrent weak root
[2024-08-29T23:17:15.416+0800] GC(7) Concurrent weak roots 1.692ms
[2024-08-29T23:17:15.416+0800] GC(7) Concurrent cleanup
[2024-08-29T23:17:15.416+0800] GC(7) Concurrent cleanup 1519M->125M(2048M) 0.087ms
[2024-08-29T23:17:15.416+0800] GC(7) Free: 1803M, Max: 1024K regular, 433M humongous, Frag: 76% external, 0% internal; Reserve: 103M, Max: 1024K
[2024-08-29T23:17:15.416+0800] GC(7) Concurrent class unloading
[2024-08-29T23:17:15.416+0800] GC(7) Using 2 of 4 workers for concurrent class unloading
[2024-08-29T23:17:15.417+0800] GC(7) Concurrent class unloading 1.113ms
[2024-08-29T23:17:15.417+0800] GC(7) Pause Final Roots
[2024-08-29T23:17:15.417+0800] GC(7) Pause Final Roots 0.015ms
[2024-08-29T23:17:15.417+0800] Free: 1797M, Max: 1024K regular, 433M humongous, Frag: 76% external, 0% internal; Reserve: 103M, Max: 1024K
[2024-08-29T23:17:15.417+0800] 
[2024-08-29T23:17:15.417+0800] All times are wall-clock times, except per-root-class counters, that are sum over
[2024-08-29T23:17:15.417+0800] all workers. Dividing the <total> over the root stage time estimates parallelism.
[2024-08-29T23:17:15.417+0800] 
[2024-08-29T23:17:15.417+0800] Concurrent Reset                   2160 us
[2024-08-29T23:17:15.417+0800] Pause Init Mark (G)                 922 us
[2024-08-29T23:17:15.417+0800] Pause Init Mark (N)                 190 us
[2024-08-29T23:17:15.417+0800]   Update Region States              115 us
[2024-08-29T23:17:15.417+0800] Concurrent Mark Roots               275 us, parallelism: 1.08x
[2024-08-29T23:17:15.417+0800]   CMR: <total>                      298 us
[2024-08-29T23:17:15.417+0800]   CMR: Thread Roots                 196 us, workers (us):  53, 143, ---, ---, 
[2024-08-29T23:17:15.417+0800]   CMR: VM Strong Roots               16 us, workers (us):  11,   5, ---, ---, 
[2024-08-29T23:17:15.417+0800]   CMR: CLDG Roots                    86 us, workers (us):  86, ---, ---, ---, 
[2024-08-29T23:17:15.417+0800] Concurrent Marking                 1739 us
[2024-08-29T23:17:15.417+0800] Pause Final Mark (G)                886 us
[2024-08-29T23:17:15.417+0800] Pause Final Mark (N)                798 us
[2024-08-29T23:17:15.417+0800]   Finish Mark                       470 us
[2024-08-29T23:17:15.417+0800]   Update Region States               76 us
[2024-08-29T23:17:15.417+0800]   Choose Collection Set             214 us
[2024-08-29T23:17:15.417+0800]   Rebuild Free Set                    6 us
[2024-08-29T23:17:15.417+0800] Concurrent Weak References          101 us, parallelism: 0.10x
[2024-08-29T23:17:15.417+0800]   CWRF: <total>                      10 us
[2024-08-29T23:17:15.417+0800]   CWRF: Weak References              10 us, workers (us):   9,   1, ---, ---, 
[2024-08-29T23:17:15.417+0800] Concurrent Weak Roots              1710 us
[2024-08-29T23:17:15.417+0800]   Roots                             268 us, parallelism: 0.79x
[2024-08-29T23:17:15.417+0800]     CWR: <total>                    211 us
[2024-08-29T23:17:15.417+0800]     CWR: Code Cache Roots           168 us, workers (us): 168,   0, ---, ---, 
[2024-08-29T23:17:15.417+0800]     CWR: VM Weak Roots               41 us, workers (us):  41,   0, ---, ---, 
[2024-08-29T23:17:15.417+0800]     CWR: CLDG Roots                   2 us, workers (us):   2, ---, ---, ---, 
[2024-08-29T23:17:15.417+0800]   Rendezvous                       1415 us
[2024-08-29T23:17:15.417+0800] Concurrent Cleanup                   92 us
[2024-08-29T23:17:15.417+0800] Concurrent Class Unloading         1134 us
[2024-08-29T23:17:15.418+0800]   Unlink Stale                      878 us
[2024-08-29T23:17:15.418+0800]     System Dictionary                 3 us
[2024-08-29T23:17:15.418+0800]     Weak Class Links                  0 us
[2024-08-29T23:17:15.418+0800]     Code Roots                      874 us
[2024-08-29T23:17:15.418+0800]   Rendezvous                        113 us
[2024-08-29T23:17:15.418+0800]   Purge Unlinked                    112 us
[2024-08-29T23:17:15.418+0800]     Code Roots                      107 us
[2024-08-29T23:17:15.418+0800]     CLDG                              5 us
[2024-08-29T23:17:15.418+0800]     Exception Caches                  0 us
[2024-08-29T23:17:15.418+0800] Pause Final Roots (G)               474 us
[2024-08-29T23:17:15.418+0800] Pause Final Roots (N)                22 us
[2024-08-29T23:17:15.418+0800] 
[2024-08-29T23:17:15.418+0800] Allocation pacing accrued:
[2024-08-29T23:17:15.418+0800]       0 of   646 ms (  0.0%): <total>
[2024-08-29T23:17:15.418+0800]       0 of   646 ms (  0.0%): <average total>
[2024-08-29T23:17:15.418+0800] 
[2024-08-29T23:17:15.418+0800] Metaspace: 1496K(1664K)->1496K(1664K) NonClass: 1378K(1472K)->1378K(1472K) Class: 118K(192K)->118K(192K)
[2024-08-29T23:17:15.418+0800] Pacer for Idle. Initial: 41943K, Alloc Tax Rate: 1.0x
[2024-08-29T23:17:16.073+0800] Trigger: Free (201M) is below minimum threshold (204M)
[2024-08-29T23:17:16.073+0800] Free: 201M, Max: 1024K regular, 172M humongous, Frag: 15% external, 0% internal; Reserve: 103M, Max: 1024K
[2024-08-29T23:17:16.073+0800] GC(8) Concurrent reset
[2024-08-29T23:17:16.073+0800] GC(8) Using 2 of 4 workers for concurrent reset
[2024-08-29T23:17:16.073+0800] GC(8) Pacer for Reset. Non-Taxable: 2048M
[2024-08-29T23:17:16.074+0800] GC(8) Concurrent reset 0.676ms
[2024-08-29T23:17:16.074+0800] GC(8) Pause Init Mark (unload classes)
[2024-08-29T23:17:16.074+0800] GC(8) Using 4 of 4 workers for init marking
[2024-08-29T23:17:16.075+0800] GC(8) Pacer for Mark. Expected Live: 101M, Free: 197M, Non-Taxable: 20184K, Alloc Tax Rate: 0.6x
[2024-08-29T23:17:16.075+0800] GC(8) Pause Init Mark (unload classes) 0.232ms
[2024-08-29T23:17:16.075+0800] GC(8) Concurrent marking roots
[2024-08-29T23:17:16.075+0800] GC(8) Using 2 of 4 workers for concurrent marking roots
[2024-08-29T23:17:16.075+0800] GC(8) Concurrent marking roots 0.390ms
[2024-08-29T23:17:16.075+0800] GC(8) Concurrent marking (unload classes)
[2024-08-29T23:17:16.075+0800] GC(8) Using 2 of 4 workers for concurrent marking
[2024-08-29T23:17:16.079+0800] GC(8) Concurrent marking (unload classes) 3.683ms
[2024-08-29T23:17:16.079+0800] GC(8) Pause Final Mark (unload classes)
[2024-08-29T23:17:16.079+0800] GC(8) Using 4 of 4 workers for final marking
[2024-08-29T23:17:16.080+0800] GC(8) Collectable Garbage: 1415M (98%), Immediate: 1415M (98%), CSet: 0B (0%)
[2024-08-29T23:17:16.080+0800] GC(8) Pause Final Mark (unload classes) 0.675ms
[2024-08-29T23:17:16.080+0800] GC(8) Concurrent weak references
[2024-08-29T23:17:16.080+0800] GC(8) Using 2 of 4 workers for concurrent weak references
[2024-08-29T23:17:16.080+0800] GC(8) Encountered references: Soft: 178, Weak: 297, Final: 0, Phantom: 5
[2024-08-29T23:17:16.080+0800] GC(8) Discovered  references: Soft: 0, Weak: 121, Final: 0, Phantom: 3
[2024-08-29T23:17:16.080+0800] GC(8) Enqueued    references: Soft: 0, Weak: 0, Final: 0, Phantom: 0
[2024-08-29T23:17:16.080+0800] GC(8) Concurrent weak references 0.081ms
[2024-08-29T23:17:16.080+0800] GC(8) Concurrent weak roots
[2024-08-29T23:17:16.080+0800] GC(8) Using 2 of 4 workers for concurrent weak root
[2024-08-29T23:17:16.081+0800] GC(8) Concurrent weak roots 1.311ms
[2024-08-29T23:17:16.081+0800] GC(8) Concurrent cleanup
[2024-08-29T23:17:16.081+0800] GC(8) Concurrent cleanup 1523M->107M(2048M) 0.095ms
[2024-08-29T23:17:16.081+0800] GC(8) Free: 1824M, Max: 1024K regular, 470M humongous, Frag: 75% external, 0% internal; Reserve: 103M, Max: 1024K
[2024-08-29T23:17:16.081+0800] GC(8) Concurrent class unloading
[2024-08-29T23:17:16.081+0800] GC(8) Using 2 of 4 workers for concurrent class unloading
[2024-08-29T23:17:16.082+0800] GC(8) Concurrent class unloading 1.122ms
[2024-08-29T23:17:16.082+0800] GC(8) Pause Final Roots
[2024-08-29T23:17:16.082+0800] GC(8) Pause Final Roots 0.016ms
[2024-08-29T23:17:16.082+0800] Free: 1824M, Max: 1024K regular, 470M humongous, Frag: 75% external, 0% internal; Reserve: 103M, Max: 1024K
[2024-08-29T23:17:16.082+0800] 
[2024-08-29T23:17:16.082+0800] All times are wall-clock times, except per-root-class counters, that are sum over
[2024-08-29T23:17:16.082+0800] all workers. Dividing the <total> over the root stage time estimates parallelism.
[2024-08-29T23:17:16.082+0800] 
[2024-08-29T23:17:16.082+0800] Concurrent Reset                    696 us
[2024-08-29T23:17:16.083+0800] Pause Init Mark (G)                1118 us
[2024-08-29T23:17:16.083+0800] Pause Init Mark (N)                 240 us
[2024-08-29T23:17:16.083+0800]   Update Region States              137 us
[2024-08-29T23:17:16.083+0800] Concurrent Mark Roots               402 us, parallelism: 0.80x
[2024-08-29T23:17:16.083+0800]   CMR: <total>                      320 us
[2024-08-29T23:17:16.083+0800]   CMR: Thread Roots                 239 us, workers (us): 239,   0, ---, ---, 
[2024-08-29T23:17:16.083+0800]   CMR: VM Strong Roots                8 us, workers (us):   8,   0, ---, ---, 
[2024-08-29T23:17:16.083+0800]   CMR: CLDG Roots                    73 us, workers (us):  73, ---, ---, ---, 
[2024-08-29T23:17:16.083+0800] Concurrent Marking                 3751 us
[2024-08-29T23:17:16.083+0800] Pause Final Mark (G)                750 us
[2024-08-29T23:17:16.083+0800] Pause Final Mark (N)                683 us
[2024-08-29T23:17:16.083+0800]   Finish Mark                       111 us
[2024-08-29T23:17:16.083+0800]   Update Region States               88 us
[2024-08-29T23:17:16.083+0800]   Choose Collection Set             434 us
[2024-08-29T23:17:16.083+0800]   Rebuild Free Set                    8 us
[2024-08-29T23:17:16.083+0800] Concurrent Weak References           86 us, parallelism: 0.30x
[2024-08-29T23:17:16.083+0800]   CWRF: <total>                      26 us
[2024-08-29T23:17:16.083+0800]   CWRF: Weak References              26 us, workers (us):  24,   3, ---, ---, 
[2024-08-29T23:17:16.083+0800] Concurrent Weak Roots              1332 us
[2024-08-29T23:17:16.083+0800]   Roots                             317 us, parallelism: 1.39x
[2024-08-29T23:17:16.083+0800]     CWR: <total>                    441 us
[2024-08-29T23:17:16.083+0800]     CWR: Code Cache Roots           355 us, workers (us): 136, 218, ---, ---, 
[2024-08-29T23:17:16.083+0800]     CWR: VM Weak Roots               81 us, workers (us):  44,  36, ---, ---, 
[2024-08-29T23:17:16.083+0800]     CWR: CLDG Roots                   5 us, workers (us):   5, ---, ---, ---, 
[2024-08-29T23:17:16.083+0800]   Rendezvous                        963 us
[2024-08-29T23:17:16.083+0800] Concurrent Cleanup                  101 us
[2024-08-29T23:17:16.083+0800] Concurrent Class Unloading         1141 us
[2024-08-29T23:17:16.083+0800]   Unlink Stale                      960 us
[2024-08-29T23:17:16.083+0800]     System Dictionary                 4 us
[2024-08-29T23:17:16.083+0800]     Weak Class Links                  0 us
[2024-08-29T23:17:16.083+0800]     Code Roots                      955 us
[2024-08-29T23:17:16.083+0800]   Rendezvous                         72 us
[2024-08-29T23:17:16.083+0800]   Purge Unlinked                     79 us
[2024-08-29T23:17:16.083+0800]     Code Roots                       65 us
[2024-08-29T23:17:16.083+0800]     CLDG                             13 us
[2024-08-29T23:17:16.083+0800]     Exception Caches                  0 us
[2024-08-29T23:17:16.083+0800] Pause Final Roots (G)               119 us
[2024-08-29T23:17:16.083+0800] Pause Final Roots (N)                24 us
[2024-08-29T23:17:16.083+0800] 
[2024-08-29T23:17:16.083+0800] Allocation pacing accrued:
[2024-08-29T23:17:16.083+0800]       0 of   665 ms (  0.0%): <total>
[2024-08-29T23:17:16.083+0800]       0 of   665 ms (  0.0%): <average total>
[2024-08-29T23:17:16.083+0800] 
[2024-08-29T23:17:16.083+0800] Metaspace: 1550K(1728K)->1550K(1728K) NonClass: 1431K(1536K)->1431K(1536K) Class: 118K(192K)->118K(192K)
[2024-08-29T23:17:16.083+0800] Pacer for Idle. Initial: 41943K, Alloc Tax Rate: 1.0x
[2024-08-29T23:17:16.776+0800] Trigger: Free (198M) is below minimum threshold (204M)
[2024-08-29T23:17:16.776+0800] Free: 198M, Max: 1024K regular, 169M humongous, Frag: 15% external, 0% internal; Reserve: 103M, Max: 1024K
[2024-08-29T23:17:16.776+0800] GC(9) Concurrent reset
[2024-08-29T23:17:16.776+0800] GC(9) Using 2 of 4 workers for concurrent reset
[2024-08-29T23:17:16.776+0800] GC(9) Pacer for Reset. Non-Taxable: 2048M
[2024-08-29T23:17:16.777+0800] GC(9) Concurrent reset 0.926ms
[2024-08-29T23:17:16.777+0800] GC(9) Pause Init Mark (unload classes)
[2024-08-29T23:17:16.777+0800] GC(9) Using 4 of 4 workers for init marking
[2024-08-29T23:17:16.777+0800] GC(9) Pacer for Mark. Expected Live: 99642K, Free: 196M, Non-Taxable: 20112K, Alloc Tax Rate: 0.6x
[2024-08-29T23:17:16.777+0800] GC(9) Pause Init Mark (unload classes) 0.146ms
[2024-08-29T23:17:16.777+0800] GC(9) Concurrent marking roots
[2024-08-29T23:17:16.777+0800] GC(9) Using 2 of 4 workers for concurrent marking roots
[2024-08-29T23:17:16.778+0800] GC(9) Concurrent marking roots 0.237ms
[2024-08-29T23:17:16.778+0800] GC(9) Concurrent marking (unload classes)
[2024-08-29T23:17:16.778+0800] GC(9) Using 2 of 4 workers for concurrent marking
[2024-08-29T23:17:16.779+0800] GC(9) Concurrent marking (unload classes) 1.223ms
[2024-08-29T23:17:16.779+0800] GC(9) Pause Final Mark (unload classes)
[2024-08-29T23:17:16.779+0800] GC(9) Using 4 of 4 workers for final marking
[2024-08-29T23:17:16.780+0800] GC(9) Collectable Garbage: 1444M (97%), Immediate: 1444M (97%), CSet: 0B (0%)
[2024-08-29T23:17:16.780+0800] GC(9) Pause Final Mark (unload classes) 0.628ms
[2024-08-29T23:17:16.780+0800] GC(9) Concurrent weak references
[2024-08-29T23:17:16.780+0800] GC(9) Using 2 of 4 workers for concurrent weak references
[2024-08-29T23:17:16.780+0800] GC(9) Encountered references: Soft: 178, Weak: 297, Final: 0, Phantom: 5
[2024-08-29T23:17:16.780+0800] GC(9) Discovered  references: Soft: 0, Weak: 142, Final: 0, Phantom: 3
[2024-08-29T23:17:16.780+0800] GC(9) Enqueued    references: Soft: 0, Weak: 0, Final: 0, Phantom: 0
[2024-08-29T23:17:16.780+0800] GC(9) Concurrent weak references 0.102ms
[2024-08-29T23:17:16.780+0800] GC(9) Concurrent weak roots
[2024-08-29T23:17:16.780+0800] GC(9) Using 2 of 4 workers for concurrent weak root
[2024-08-29T23:17:16.780+0800] GC(9) Concurrent weak roots 0.366ms
[2024-08-29T23:17:16.780+0800] GC(9) Concurrent cleanup
[2024-08-29T23:17:16.780+0800] GC(9) Concurrent cleanup 1497M->53M(2048M) 0.111ms
[2024-08-29T23:17:16.780+0800] GC(9) Free: 1889M, Max: 1024K regular, 639M humongous, Frag: 67% external, 0% internal; Reserve: 103M, Max: 1024K
[2024-08-29T23:17:16.780+0800] GC(9) Concurrent class unloading
[2024-08-29T23:17:16.780+0800] GC(9) Using 2 of 4 workers for concurrent class unloading
[2024-08-29T23:17:16.781+0800] GC(9) Concurrent class unloading 0.693ms
[2024-08-29T23:17:16.781+0800] GC(9) Pause Final Roots
[2024-08-29T23:17:16.781+0800] GC(9) Pause Final Roots 0.012ms
[2024-08-29T23:17:16.781+0800] Free: 1889M, Max: 1024K regular, 639M humongous, Frag: 67% external, 0% internal; Reserve: 103M, Max: 1024K
[2024-08-29T23:17:16.781+0800] 
[2024-08-29T23:17:16.781+0800] All times are wall-clock times, except per-root-class counters, that are sum over
[2024-08-29T23:17:16.781+0800] all workers. Dividing the <total> over the root stage time estimates parallelism.
[2024-08-29T23:17:16.781+0800] 
[2024-08-29T23:17:16.781+0800] Concurrent Reset                    946 us
[2024-08-29T23:17:16.781+0800] Pause Init Mark (G)                 255 us
[2024-08-29T23:17:16.781+0800] Pause Init Mark (N)                 151 us
[2024-08-29T23:17:16.781+0800]   Update Region States               99 us
[2024-08-29T23:17:16.781+0800] Concurrent Mark Roots               248 us, parallelism: 1.02x
[2024-08-29T23:17:16.781+0800]   CMR: <total>                      255 us
[2024-08-29T23:17:16.781+0800]   CMR: Thread Roots                 207 us, workers (us):  89, 118, ---, ---, 
[2024-08-29T23:17:16.781+0800]   CMR: VM Strong Roots                4 us, workers (us):   3,   0, ---, ---, 
[2024-08-29T23:17:16.781+0800]   CMR: CLDG Roots                    44 us, workers (us):  44, ---, ---, ---, 
[2024-08-29T23:17:16.781+0800] Concurrent Marking                 1237 us
[2024-08-29T23:17:16.781+0800] Pause Final Mark (G)                779 us
[2024-08-29T23:17:16.781+0800] Pause Final Mark (N)                635 us
[2024-08-29T23:17:16.781+0800]   Finish Mark                       240 us
[2024-08-29T23:17:16.781+0800]   Update Region States              107 us
[2024-08-29T23:17:16.781+0800]   Choose Collection Set             229 us
[2024-08-29T23:17:16.781+0800]   Rebuild Free Set                    7 us
[2024-08-29T23:17:16.781+0800] Concurrent Weak References          108 us, parallelism: 0.12x
[2024-08-29T23:17:16.781+0800]   CWRF: <total>                      13 us
[2024-08-29T23:17:16.781+0800]   CWRF: Weak References              13 us, workers (us):  13,   0, ---, ---, 
[2024-08-29T23:17:16.781+0800] Concurrent Weak Roots               377 us
[2024-08-29T23:17:16.781+0800]   Roots                             292 us, parallelism: 1.39x
[2024-08-29T23:17:16.781+0800]     CWR: <total>                    404 us
[2024-08-29T23:17:16.781+0800]     CWR: Code Cache Roots           334 us, workers (us): 136, 198, ---, ---, 
[2024-08-29T23:17:16.781+0800]     CWR: VM Weak Roots               67 us, workers (us):  40,  27, ---, ---, 
[2024-08-29T23:17:16.781+0800]     CWR: CLDG Roots                   3 us, workers (us): ---,   3, ---, ---, 
[2024-08-29T23:17:16.781+0800]   Rendezvous                         65 us
[2024-08-29T23:17:16.781+0800] Concurrent Cleanup                  116 us
[2024-08-29T23:17:16.781+0800] Concurrent Class Unloading          710 us
[2024-08-29T23:17:16.781+0800]   Unlink Stale                      596 us
[2024-08-29T23:17:16.781+0800]     System Dictionary                 2 us
[2024-08-29T23:17:16.781+0800]     Weak Class Links                  0 us
[2024-08-29T23:17:16.781+0800]     Code Roots                      593 us
[2024-08-29T23:17:16.781+0800]   Rendezvous                         54 us
[2024-08-29T23:17:16.781+0800]   Purge Unlinked                     34 us
[2024-08-29T23:17:16.781+0800]     Code Roots                       31 us
[2024-08-29T23:17:16.781+0800]     CLDG                              2 us
[2024-08-29T23:17:16.781+0800]     Exception Caches                  0 us
[2024-08-29T23:17:16.781+0800] Pause Final Roots (G)                81 us
[2024-08-29T23:17:16.781+0800] Pause Final Roots (N)                18 us
[2024-08-29T23:17:16.781+0800] 
[2024-08-29T23:17:16.781+0800] Allocation pacing accrued:
[2024-08-29T23:17:16.781+0800]       0 of   699 ms (  0.0%): <total>
[2024-08-29T23:17:16.781+0800]       0 of   699 ms (  0.0%): <average total>
[2024-08-29T23:17:16.781+0800] 
[2024-08-29T23:17:16.781+0800] Metaspace: 1569K(1728K)->1569K(1728K) NonClass: 1450K(1536K)->1450K(1536K) Class: 119K(192K)->119K(192K)
[2024-08-29T23:17:16.781+0800] Pacer for Idle. Initial: 41943K, Alloc Tax Rate: 1.0x
[2024-08-29T23:17:17.436+0800] Trigger: Free (204M) is below minimum threshold (204M)
[2024-08-29T23:17:17.436+0800] Free: 204M, Max: 1024K regular, 172M humongous, Frag: 16% external, 0% internal; Reserve: 103M, Max: 1024K
[2024-08-29T23:17:17.436+0800] GC(10) Concurrent reset
[2024-08-29T23:17:17.436+0800] GC(10) Using 2 of 4 workers for concurrent reset
[2024-08-29T23:17:17.436+0800] GC(10) Pacer for Reset. Non-Taxable: 2048M
[2024-08-29T23:17:17.436+0800] GC(10) Concurrent reset 0.440ms
[2024-08-29T23:17:17.437+0800] GC(10) Pause Init Mark (unload classes)
[2024-08-29T23:17:17.437+0800] GC(10) Using 4 of 4 workers for init marking
[2024-08-29T23:17:17.437+0800] GC(10) Pacer for Mark. Expected Live: 86213K, Free: 195M, Non-Taxable: 19975K, Alloc Tax Rate: 0.5x
[2024-08-29T23:17:17.437+0800] GC(10) Pause Init Mark (unload classes) 0.123ms
[2024-08-29T23:17:17.437+0800] GC(10) Concurrent marking roots
[2024-08-29T23:17:17.437+0800] GC(10) Using 2 of 4 workers for concurrent marking roots
[2024-08-29T23:17:17.437+0800] GC(10) Concurrent marking roots 0.192ms
[2024-08-29T23:17:17.437+0800] GC(10) Concurrent marking (unload classes)
[2024-08-29T23:17:17.437+0800] GC(10) Using 2 of 4 workers for concurrent marking
[2024-08-29T23:17:17.439+0800] GC(10) Concurrent marking (unload classes) 1.520ms
[2024-08-29T23:17:17.439+0800] GC(10) Pause Final Mark (unload classes)
[2024-08-29T23:17:17.439+0800] GC(10) Using 4 of 4 workers for final marking
[2024-08-29T23:17:17.440+0800] GC(10) Collectable Garbage: 1407M (97%), Immediate: 1407M (97%), CSet: 0B (0%)
[2024-08-29T23:17:17.440+0800] GC(10) Pause Final Mark (unload classes) 0.482ms
[2024-08-29T23:17:17.440+0800] GC(10) Concurrent weak references
[2024-08-29T23:17:17.440+0800] GC(10) Using 2 of 4 workers for concurrent weak references
[2024-08-29T23:17:17.440+0800] GC(10) Encountered references: Soft: 178, Weak: 297, Final: 0, Phantom: 5
[2024-08-29T23:17:17.440+0800] GC(10) Discovered  references: Soft: 0, Weak: 142, Final: 0, Phantom: 5
[2024-08-29T23:17:17.440+0800] GC(10) Enqueued    references: Soft: 0, Weak: 0, Final: 0, Phantom: 0
[2024-08-29T23:17:17.440+0800] GC(10) Concurrent weak references 0.090ms
[2024-08-29T23:17:17.440+0800] GC(10) Concurrent weak roots
[2024-08-29T23:17:17.440+0800] GC(10) Using 2 of 4 workers for concurrent weak root
[2024-08-29T23:17:17.440+0800] GC(10) Concurrent weak roots 0.300ms
[2024-08-29T23:17:17.440+0800] GC(10) Concurrent cleanup
[2024-08-29T23:17:17.440+0800] GC(10) Concurrent cleanup 1507M->101M(2048M) 0.104ms
[2024-08-29T23:17:17.440+0800] GC(10) Free: 1832M, Max: 1024K regular, 517M humongous, Frag: 72% external, 0% internal; Reserve: 103M, Max: 1024K
[2024-08-29T23:17:17.440+0800] GC(10) Concurrent class unloading
[2024-08-29T23:17:17.440+0800] GC(10) Using 2 of 4 workers for concurrent class unloading
[2024-08-29T23:17:17.442+0800] GC(10) Concurrent class unloading 1.492ms
[2024-08-29T23:17:17.442+0800] GC(10) Pause Final Roots
[2024-08-29T23:17:17.442+0800] GC(10) Pause Final Roots 0.012ms
[2024-08-29T23:17:17.442+0800] Free: 1817M, Max: 1024K regular, 517M humongous, Frag: 72% external, 0% internal; Reserve: 103M, Max: 1024K
[2024-08-29T23:17:17.442+0800] 
[2024-08-29T23:17:17.442+0800] All times are wall-clock times, except per-root-class counters, that are sum over
[2024-08-29T23:17:17.442+0800] all workers. Dividing the <total> over the root stage time estimates parallelism.
[2024-08-29T23:17:17.442+0800] 
[2024-08-29T23:17:17.442+0800] Concurrent Reset                    479 us
[2024-08-29T23:17:17.442+0800] Pause Init Mark (G)                1090 us
[2024-08-29T23:17:17.443+0800] Pause Init Mark (N)                 130 us
[2024-08-29T23:17:17.443+0800]   Update Region States               65 us
[2024-08-29T23:17:17.443+0800] Concurrent Mark Roots               206 us, parallelism: 1.02x
[2024-08-29T23:17:17.443+0800]   CMR: <total>                      210 us
[2024-08-29T23:17:17.443+0800]   CMR: Thread Roots                 166 us, workers (us):  68,  98, ---, ---, 
[2024-08-29T23:17:17.443+0800]   CMR: VM Strong Roots                5 us, workers (us):   5,   0, ---, ---, 
[2024-08-29T23:17:17.443+0800]   CMR: CLDG Roots                    39 us, workers (us):  39, ---, ---, ---, 
[2024-08-29T23:17:17.443+0800] Concurrent Marking                 1539 us
[2024-08-29T23:17:17.443+0800] Pause Final Mark (G)                628 us
[2024-08-29T23:17:17.443+0800] Pause Final Mark (N)                493 us
[2024-08-29T23:17:17.443+0800]   Finish Mark                       130 us
[2024-08-29T23:17:17.443+0800]   Update Region States               85 us
[2024-08-29T23:17:17.443+0800]   Choose Collection Set             232 us
[2024-08-29T23:17:17.443+0800]   Rebuild Free Set                    9 us
[2024-08-29T23:17:17.443+0800] Concurrent Weak References           98 us, parallelism: 0.09x
[2024-08-29T23:17:17.443+0800]   CWRF: <total>                       8 us
[2024-08-29T23:17:17.443+0800]   CWRF: Weak References               8 us, workers (us):   7,   1, ---, ---, 
[2024-08-29T23:17:17.443+0800] Concurrent Weak Roots               313 us
[2024-08-29T23:17:17.443+0800]   Roots                             214 us, parallelism: 1.30x
[2024-08-29T23:17:17.443+0800]     CWR: <total>                    279 us
[2024-08-29T23:17:17.443+0800]     CWR: Code Cache Roots           222 us, workers (us):  95, 127, ---, ---, 
[2024-08-29T23:17:17.443+0800]     CWR: VM Weak Roots               55 us, workers (us):  31,  23, ---, ---, 
[2024-08-29T23:17:17.443+0800]     CWR: CLDG Roots                   3 us, workers (us):   3, ---, ---, ---, 
[2024-08-29T23:17:17.443+0800]   Rendezvous                         72 us
[2024-08-29T23:17:17.443+0800] Concurrent Cleanup                  110 us
[2024-08-29T23:17:17.443+0800] Concurrent Class Unloading         1508 us
[2024-08-29T23:17:17.443+0800]   Unlink Stale                      543 us
[2024-08-29T23:17:17.443+0800]     System Dictionary                 2 us
[2024-08-29T23:17:17.443+0800]     Weak Class Links                  0 us
[2024-08-29T23:17:17.443+0800]     Code Roots                      540 us
[2024-08-29T23:17:17.443+0800]   Rendezvous                        865 us
[2024-08-29T23:17:17.443+0800]   Purge Unlinked                     72 us
[2024-08-29T23:17:17.443+0800]     Code Roots                       61 us
[2024-08-29T23:17:17.443+0800]     CLDG                             11 us
[2024-08-29T23:17:17.443+0800]     Exception Caches                  0 us
[2024-08-29T23:17:17.443+0800] Pause Final Roots (G)               705 us
[2024-08-29T23:17:17.443+0800] Pause Final Roots (N)                18 us
[2024-08-29T23:17:17.443+0800] 
[2024-08-29T23:17:17.443+0800] Allocation pacing accrued:
[2024-08-29T23:17:17.443+0800]       0 of   661 ms (  0.0%): <total>
[2024-08-29T23:17:17.443+0800]       0 of   661 ms (  0.0%): <average total>
[2024-08-29T23:17:17.443+0800] 
[2024-08-29T23:17:17.443+0800] Metaspace: 1604K(1792K)->1604K(1792K) NonClass: 1485K(1600K)->1485K(1600K) Class: 119K(192K)->119K(192K)
[2024-08-29T23:17:17.443+0800] Pacer for Idle. Initial: 41943K, Alloc Tax Rate: 1.0x
[2024-08-29T23:17:18.116+0800] Trigger: Free (199M) is below minimum threshold (204M)
[2024-08-29T23:17:18.116+0800] Free: 199M, Max: 1024K regular, 172M humongous, Frag: 14% external, 0% internal; Reserve: 103M, Max: 1024K
[2024-08-29T23:17:18.116+0800] GC(11) Concurrent reset
[2024-08-29T23:17:18.116+0800] GC(11) Using 2 of 4 workers for concurrent reset
[2024-08-29T23:17:18.116+0800] GC(11) Pacer for Reset. Non-Taxable: 2048M
[2024-08-29T23:17:18.117+0800] GC(11) Concurrent reset 0.625ms
[2024-08-29T23:17:18.118+0800] GC(11) Pause Init Mark (unload classes)
[2024-08-29T23:17:18.118+0800] GC(11) Using 4 of 4 workers for init marking
[2024-08-29T23:17:18.118+0800] GC(11) Pacer for Mark. Expected Live: 70668K, Free: 199M, Non-Taxable: 20407K, Alloc Tax Rate: 0.4x
[2024-08-29T23:17:18.118+0800] GC(11) Pause Init Mark (unload classes) 0.099ms
[2024-08-29T23:17:18.118+0800] GC(11) Concurrent marking roots
[2024-08-29T23:17:18.118+0800] GC(11) Using 2 of 4 workers for concurrent marking roots
[2024-08-29T23:17:18.118+0800] GC(11) Concurrent marking roots 0.418ms
[2024-08-29T23:17:18.118+0800] GC(11) Concurrent marking (unload classes)
[2024-08-29T23:17:18.118+0800] GC(11) Using 2 of 4 workers for concurrent marking
[2024-08-29T23:17:18.120+0800] GC(11) Concurrent marking (unload classes) 2.195ms
[2024-08-29T23:17:18.121+0800] GC(11) Pause Final Mark (unload classes)
[2024-08-29T23:17:18.121+0800] GC(11) Using 4 of 4 workers for final marking
[2024-08-29T23:17:18.121+0800] GC(11) Collectable Garbage: 1376M (97%), Immediate: 1376M (97%), CSet: 0B (0%)
[2024-08-29T23:17:18.121+0800] GC(11) Pause Final Mark (unload classes) 0.481ms
[2024-08-29T23:17:18.121+0800] GC(11) Concurrent weak references
[2024-08-29T23:17:18.121+0800] GC(11) Using 2 of 4 workers for concurrent weak references
[2024-08-29T23:17:18.121+0800] GC(11) Encountered references: Soft: 178, Weak: 297, Final: 0, Phantom: 5
[2024-08-29T23:17:18.121+0800] GC(11) Discovered  references: Soft: 0, Weak: 80, Final: 0, Phantom: 3
[2024-08-29T23:17:18.121+0800] GC(11) Enqueued    references: Soft: 0, Weak: 0, Final: 0, Phantom: 0
[2024-08-29T23:17:18.121+0800] GC(11) Concurrent weak references 0.059ms
[2024-08-29T23:17:18.121+0800] GC(11) Concurrent weak roots
[2024-08-29T23:17:18.121+0800] GC(11) Using 2 of 4 workers for concurrent weak root
[2024-08-29T23:17:18.122+0800] GC(11) Concurrent weak roots 0.398ms
[2024-08-29T23:17:18.122+0800] GC(11) Concurrent cleanup
[2024-08-29T23:17:18.122+0800] GC(11) Concurrent cleanup 1517M->141M(2048M) 0.102ms
[2024-08-29T23:17:18.122+0800] GC(11) Free: 1784M, Max: 1024K regular, 239M humongous, Frag: 87% external, 0% internal; Reserve: 103M, Max: 1024K
[2024-08-29T23:17:18.122+0800] GC(11) Concurrent class unloading
[2024-08-29T23:17:18.122+0800] GC(11) Using 2 of 4 workers for concurrent class unloading
[2024-08-29T23:17:18.122+0800] GC(11) Concurrent class unloading 0.826ms
[2024-08-29T23:17:18.124+0800] GC(11) Pause Final Roots
[2024-08-29T23:17:18.124+0800] GC(11) Pause Final Roots 0.019ms
[2024-08-29T23:17:18.124+0800] Free: 1777M, Max: 1024K regular, 239M humongous, Frag: 87% external, 0% internal; Reserve: 103M, Max: 1024K
[2024-08-29T23:17:18.124+0800] 
[2024-08-29T23:17:18.124+0800] All times are wall-clock times, except per-root-class counters, that are sum over
[2024-08-29T23:17:18.124+0800] all workers. Dividing the <total> over the root stage time estimates parallelism.
[2024-08-29T23:17:18.124+0800] 
[2024-08-29T23:17:18.124+0800] Concurrent Reset                    669 us
[2024-08-29T23:17:18.124+0800] Pause Init Mark (G)                 940 us
[2024-08-29T23:17:18.124+0800] Pause Init Mark (N)                 107 us
[2024-08-29T23:17:18.124+0800]   Update Region States               55 us
[2024-08-29T23:17:18.124+0800] Concurrent Mark Roots               434 us, parallelism: 0.74x
[2024-08-29T23:17:18.124+0800]   CMR: <total>                      322 us
[2024-08-29T23:17:18.124+0800]   CMR: Thread Roots                 238 us, workers (us): 238,   0, ---, ---, 
[2024-08-29T23:17:18.124+0800]   CMR: VM Strong Roots                8 us, workers (us):   7,   0, ---, ---, 
[2024-08-29T23:17:18.124+0800]   CMR: CLDG Roots                    75 us, workers (us):  75, ---, ---, ---, 
[2024-08-29T23:17:18.124+0800] Concurrent Marking                 2232 us
[2024-08-29T23:17:18.124+0800] Pause Final Mark (G)                540 us
[2024-08-29T23:17:18.124+0800] Pause Final Mark (N)                488 us
[2024-08-29T23:17:18.124+0800]   Finish Mark                       160 us
[2024-08-29T23:17:18.124+0800]   Update Region States               54 us
[2024-08-29T23:17:18.124+0800]   Choose Collection Set             226 us
[2024-08-29T23:17:18.124+0800]   Rebuild Free Set                    8 us
[2024-08-29T23:17:18.124+0800] Concurrent Weak References           65 us, parallelism: 0.10x
[2024-08-29T23:17:18.124+0800]   CWRF: <total>                       6 us
[2024-08-29T23:17:18.124+0800]   CWRF: Weak References               6 us, workers (us):   6,   0, ---, ---, 
[2024-08-29T23:17:18.124+0800] Concurrent Weak Roots               416 us
[2024-08-29T23:17:18.124+0800]   Roots                             360 us, parallelism: 0.85x
[2024-08-29T23:17:18.124+0800]     CWR: <total>                    306 us
[2024-08-29T23:17:18.124+0800]     CWR: Code Cache Roots           255 us, workers (us): 201,  54, ---, ---, 
[2024-08-29T23:17:18.124+0800]     CWR: VM Weak Roots               50 us, workers (us):  49,   1, ---, ---, 
[2024-08-29T23:17:18.124+0800]     CWR: CLDG Roots                   2 us, workers (us):   2, ---, ---, ---, 
[2024-08-29T23:17:18.124+0800]   Rendezvous                         27 us
[2024-08-29T23:17:18.124+0800] Concurrent Cleanup                  109 us
[2024-08-29T23:17:18.124+0800] Concurrent Class Unloading          848 us
[2024-08-29T23:17:18.124+0800]   Unlink Stale                      529 us
[2024-08-29T23:17:18.124+0800]     System Dictionary                 2 us
[2024-08-29T23:17:18.124+0800]     Weak Class Links                  0 us
[2024-08-29T23:17:18.124+0800]     Code Roots                      526 us
[2024-08-29T23:17:18.124+0800]   Rendezvous                         33 us
[2024-08-29T23:17:18.124+0800]   Purge Unlinked                    251 us
[2024-08-29T23:17:18.124+0800]     Code Roots                      235 us
[2024-08-29T23:17:18.124+0800]     CLDG                             16 us
[2024-08-29T23:17:18.124+0800]     Exception Caches                  0 us
[2024-08-29T23:17:18.124+0800] Pause Final Roots (G)              1181 us
[2024-08-29T23:17:18.124+0800] Pause Final Roots (N)                26 us
[2024-08-29T23:17:18.124+0800] 
[2024-08-29T23:17:18.124+0800] Allocation pacing accrued:
[2024-08-29T23:17:18.124+0800]       0 of   681 ms (  0.0%): <total>
[2024-08-29T23:17:18.124+0800]       0 of   681 ms (  0.0%): <average total>
[2024-08-29T23:17:18.124+0800] 
[2024-08-29T23:17:18.124+0800] Metaspace: 1605K(1792K)->1605K(1792K) NonClass: 1486K(1600K)->1486K(1600K) Class: 119K(192K)->119K(192K)
[2024-08-29T23:17:18.124+0800] Pacer for Idle. Initial: 41943K, Alloc Tax Rate: 1.0x
[2024-08-29T23:17:18.776+0800] Trigger: Free (204M) is below minimum threshold (204M)
[2024-08-29T23:17:18.777+0800] Free: 200M, Max: 1024K regular, 172M humongous, Frag: 14% external, 0% internal; Reserve: 103M, Max: 1024K
[2024-08-29T23:17:18.777+0800] GC(12) Concurrent reset
[2024-08-29T23:17:18.777+0800] GC(12) Using 2 of 4 workers for concurrent reset
[2024-08-29T23:17:18.777+0800] GC(12) Pacer for Reset. Non-Taxable: 2048M
[2024-08-29T23:17:18.778+0800] GC(12) Concurrent reset 1.390ms
[2024-08-29T23:17:18.778+0800] GC(12) Pause Init Mark (unload classes)
[2024-08-29T23:17:18.778+0800] GC(12) Using 4 of 4 workers for init marking
[2024-08-29T23:17:18.778+0800] GC(12) Pacer for Mark. Expected Live: 62577K, Free: 200M, Non-Taxable: 20488K, Alloc Tax Rate: 0.4x
[2024-08-29T23:17:18.778+0800] GC(12) Pause Init Mark (unload classes) 0.092ms
[2024-08-29T23:17:18.778+0800] GC(12) Concurrent marking roots
[2024-08-29T23:17:18.778+0800] GC(12) Using 2 of 4 workers for concurrent marking roots
[2024-08-29T23:17:18.779+0800] GC(12) Concurrent marking roots 0.253ms
[2024-08-29T23:17:18.779+0800] GC(12) Concurrent marking (unload classes)
[2024-08-29T23:17:18.779+0800] GC(12) Using 2 of 4 workers for concurrent marking
[2024-08-29T23:17:18.781+0800] GC(12) Concurrent marking (unload classes) 2.269ms
[2024-08-29T23:17:18.781+0800] GC(12) Pause Final Mark (unload classes)
[2024-08-29T23:17:18.781+0800] GC(12) Using 4 of 4 workers for final marking
[2024-08-29T23:17:18.781+0800] GC(12) Collectable Garbage: 1416M (97%), Immediate: 1416M (97%), CSet: 0B (0%)
[2024-08-29T23:17:18.781+0800] GC(12) Pause Final Mark (unload classes) 0.407ms
[2024-08-29T23:17:18.781+0800] GC(12) Concurrent weak references
[2024-08-29T23:17:18.782+0800] GC(12) Using 2 of 4 workers for concurrent weak references
[2024-08-29T23:17:18.782+0800] GC(12) Encountered references: Soft: 178, Weak: 297, Final: 0, Phantom: 5
[2024-08-29T23:17:18.782+0800] GC(12) Discovered  references: Soft: 0, Weak: 142, Final: 0, Phantom: 3
[2024-08-29T23:17:18.782+0800] GC(12) Enqueued    references: Soft: 0, Weak: 0, Final: 0, Phantom: 0
[2024-08-29T23:17:18.782+0800] GC(12) Concurrent weak references 0.108ms
[2024-08-29T23:17:18.782+0800] GC(12) Concurrent weak roots
[2024-08-29T23:17:18.782+0800] GC(12) Using 2 of 4 workers for concurrent weak root
[2024-08-29T23:17:18.782+0800] GC(12) Concurrent weak roots 0.286ms
[2024-08-29T23:17:18.782+0800] GC(12) Concurrent cleanup
[2024-08-29T23:17:18.782+0800] GC(12) Concurrent cleanup 1502M->85M(2048M) 0.104ms
[2024-08-29T23:17:18.782+0800] GC(12) Free: 1854M, Max: 1024K regular, 622M humongous, Frag: 67% external, 0% internal; Reserve: 103M, Max: 1024K
[2024-08-29T23:17:18.782+0800] GC(12) Concurrent class unloading
[2024-08-29T23:17:18.782+0800] GC(12) Using 2 of 4 workers for concurrent class unloading
[2024-08-29T23:17:18.783+0800] GC(12) Concurrent class unloading 1.045ms
[2024-08-29T23:17:18.783+0800] GC(12) Pause Final Roots
[2024-08-29T23:17:18.783+0800] GC(12) Pause Final Roots 0.013ms
[2024-08-29T23:17:18.783+0800] Free: 1845M, Max: 1024K regular, 622M humongous, Frag: 67% external, 0% internal; Reserve: 103M, Max: 1024K
[2024-08-29T23:17:18.783+0800] 
[2024-08-29T23:17:18.783+0800] All times are wall-clock times, except per-root-class counters, that are sum over
[2024-08-29T23:17:18.783+0800] all workers. Dividing the <total> over the root stage time estimates parallelism.
[2024-08-29T23:17:18.783+0800] 
[2024-08-29T23:17:18.783+0800] Concurrent Reset                   1420 us
[2024-08-29T23:17:18.783+0800] Pause Init Mark (G)                 244 us
[2024-08-29T23:17:18.783+0800] Pause Init Mark (N)                  98 us
[2024-08-29T23:17:18.783+0800]   Update Region States               54 us
[2024-08-29T23:17:18.783+0800] Concurrent Mark Roots               265 us, parallelism: 1.05x
[2024-08-29T23:17:18.783+0800]   CMR: <total>                      279 us
[2024-08-29T23:17:18.783+0800]   CMR: Thread Roots                 201 us, workers (us):  76, 125, ---, ---, 
[2024-08-29T23:17:18.783+0800]   CMR: VM Strong Roots                7 us, workers (us):   6,   0, ---, ---, 
[2024-08-29T23:17:18.783+0800]   CMR: CLDG Roots                    71 us, workers (us):  71, ---, ---, ---, 
[2024-08-29T23:17:18.783+0800] Concurrent Marking                 2302 us
[2024-08-29T23:17:18.783+0800] Pause Final Mark (G)                515 us
[2024-08-29T23:17:18.783+0800] Pause Final Mark (N)                414 us
[2024-08-29T23:17:18.783+0800]   Finish Mark                        94 us
[2024-08-29T23:17:18.783+0800]   Update Region States               52 us
[2024-08-29T23:17:18.783+0800]   Choose Collection Set             227 us
[2024-08-29T23:17:18.783+0800]   Rebuild Free Set                    8 us
[2024-08-29T23:17:18.783+0800] Concurrent Weak References          114 us, parallelism: 0.08x
[2024-08-29T23:17:18.783+0800]   CWRF: <total>                      10 us
[2024-08-29T23:17:18.783+0800]   CWRF: Weak References              10 us, workers (us):   8,   2, ---, ---, 
[2024-08-29T23:17:18.783+0800] Concurrent Weak Roots               311 us
[2024-08-29T23:17:18.783+0800]   Roots                             207 us, parallelism: 1.26x
[2024-08-29T23:17:18.783+0800]     CWR: <total>                    260 us
[2024-08-29T23:17:18.783+0800]     CWR: Code Cache Roots           211 us, workers (us): 116,  96, ---, ---, 
[2024-08-29T23:17:18.783+0800]     CWR: VM Weak Roots               46 us, workers (us):  28,  18, ---, ---, 
[2024-08-29T23:17:18.783+0800]     CWR: CLDG Roots                   2 us, workers (us):   2, ---, ---, ---, 
[2024-08-29T23:17:18.783+0800]   Rendezvous                         68 us
[2024-08-29T23:17:18.783+0800] Concurrent Cleanup                  110 us
[2024-08-29T23:17:18.783+0800] Concurrent Class Unloading         1063 us
[2024-08-29T23:17:18.783+0800]   Unlink Stale                      663 us
[2024-08-29T23:17:18.783+0800]     System Dictionary                 2 us
[2024-08-29T23:17:18.783+0800]     Weak Class Links                  0 us
[2024-08-29T23:17:18.783+0800]     Code Roots                      660 us
[2024-08-29T23:17:18.783+0800]   Rendezvous                        308 us
[2024-08-29T23:17:18.783+0800]   Purge Unlinked                     63 us
[2024-08-29T23:17:18.783+0800]     Code Roots                       59 us
[2024-08-29T23:17:18.783+0800]     CLDG                              3 us
[2024-08-29T23:17:18.783+0800]     Exception Caches                  0 us
[2024-08-29T23:17:18.783+0800] Pause Final Roots (G)                82 us
[2024-08-29T23:17:18.783+0800] Pause Final Roots (N)                19 us
[2024-08-29T23:17:18.783+0800] 
[2024-08-29T23:17:18.783+0800] Allocation pacing accrued:
[2024-08-29T23:17:18.783+0800]       0 of   659 ms (  0.0%): <total>
[2024-08-29T23:17:18.783+0800]       0 of   659 ms (  0.0%): <average total>
[2024-08-29T23:17:18.783+0800] 
[2024-08-29T23:17:18.783+0800] Metaspace: 1637K(1792K)->1637K(1792K) NonClass: 1518K(1600K)->1518K(1600K) Class: 119K(192K)->119K(192K)
[2024-08-29T23:17:18.783+0800] Pacer for Idle. Initial: 41943K, Alloc Tax Rate: 1.0x
[2024-08-29T23:17:19.485+0800] Trigger: Free (201M) is below minimum threshold (204M)
[2024-08-29T23:17:19.485+0800] Free: 201M, Max: 1024K regular, 172M humongous, Frag: 15% external, 0% internal; Reserve: 103M, Max: 1024K
[2024-08-29T23:17:19.485+0800] GC(13) Concurrent reset
[2024-08-29T23:17:19.485+0800] GC(13) Using 2 of 4 workers for concurrent reset
[2024-08-29T23:17:19.485+0800] GC(13) Pacer for Reset. Non-Taxable: 2048M
[2024-08-29T23:17:19.486+0800] GC(13) Concurrent reset 0.442ms
[2024-08-29T23:17:19.486+0800] GC(13) Pause Init Mark (unload classes)
[2024-08-29T23:17:19.486+0800] GC(13) Using 4 of 4 workers for init marking
[2024-08-29T23:17:19.486+0800] GC(13) Pacer for Mark. Expected Live: 53051K, Free: 201M, Non-Taxable: 20599K, Alloc Tax Rate: 0.3x
[2024-08-29T23:17:19.486+0800] GC(13) Pause Init Mark (unload classes) 0.149ms
[2024-08-29T23:17:19.486+0800] GC(13) Concurrent marking roots
[2024-08-29T23:17:19.486+0800] GC(13) Using 2 of 4 workers for concurrent marking roots
[2024-08-29T23:17:19.486+0800] GC(13) Concurrent marking roots 0.218ms
[2024-08-29T23:17:19.486+0800] GC(13) Concurrent marking (unload classes)
[2024-08-29T23:17:19.486+0800] GC(13) Using 2 of 4 workers for concurrent marking
[2024-08-29T23:17:19.488+0800] GC(13) Concurrent marking (unload classes) 1.965ms
[2024-08-29T23:17:19.489+0800] GC(13) Pause Final Mark (unload classes)
[2024-08-29T23:17:19.489+0800] GC(13) Using 4 of 4 workers for final marking
[2024-08-29T23:17:19.490+0800] GC(13) Collectable Garbage: 1445M (97%), Immediate: 1445M (97%), CSet: 0B (0%)
[2024-08-29T23:17:19.490+0800] GC(13) Pause Final Mark (unload classes) 0.768ms
[2024-08-29T23:17:19.490+0800] GC(13) Concurrent weak references
[2024-08-29T23:17:19.490+0800] GC(13) Using 2 of 4 workers for concurrent weak references
[2024-08-29T23:17:19.490+0800] GC(13) Encountered references: Soft: 178, Weak: 297, Final: 0, Phantom: 5
[2024-08-29T23:17:19.490+0800] GC(13) Discovered  references: Soft: 0, Weak: 123, Final: 0, Phantom: 5
[2024-08-29T23:17:19.490+0800] GC(13) Enqueued    references: Soft: 0, Weak: 0, Final: 0, Phantom: 0
[2024-08-29T23:17:19.490+0800] GC(13) Concurrent weak references 0.098ms
[2024-08-29T23:17:19.490+0800] GC(13) Concurrent weak roots
[2024-08-29T23:17:19.490+0800] GC(13) Using 2 of 4 workers for concurrent weak root
[2024-08-29T23:17:19.490+0800] GC(13) Concurrent weak roots 0.325ms
[2024-08-29T23:17:19.490+0800] GC(13) Concurrent cleanup
[2024-08-29T23:17:19.490+0800] GC(13) Concurrent cleanup 1501M->56M(2048M) 0.158ms
[2024-08-29T23:17:19.491+0800] GC(13) Free: 1884M, Max: 1024K regular, 639M humongous, Frag: 67% external, 0% internal; Reserve: 103M, Max: 1024K
[2024-08-29T23:17:19.491+0800] GC(13) Concurrent class unloading
[2024-08-29T23:17:19.491+0800] GC(13) Using 2 of 4 workers for concurrent class unloading
[2024-08-29T23:17:19.491+0800] GC(13) Concurrent class unloading 0.707ms
[2024-08-29T23:17:19.492+0800] GC(13) Pause Final Roots
[2024-08-29T23:17:19.492+0800] GC(13) Pause Final Roots 0.020ms
[2024-08-29T23:17:19.492+0800] Free: 1883M, Max: 1024K regular, 639M humongous, Frag: 67% external, 0% internal; Reserve: 103M, Max: 1024K
[2024-08-29T23:17:19.492+0800] 
[2024-08-29T23:17:19.492+0800] All times are wall-clock times, except per-root-class counters, that are sum over
[2024-08-29T23:17:19.492+0800] all workers. Dividing the <total> over the root stage time estimates parallelism.
[2024-08-29T23:17:19.492+0800] 
[2024-08-29T23:17:19.492+0800] Concurrent Reset                    467 us
[2024-08-29T23:17:19.492+0800] Pause Init Mark (G)                 238 us
[2024-08-29T23:17:19.492+0800] Pause Init Mark (N)                 158 us
[2024-08-29T23:17:19.492+0800]   Update Region States              111 us
[2024-08-29T23:17:19.492+0800] Concurrent Mark Roots               232 us, parallelism: 1.24x
[2024-08-29T23:17:19.492+0800]   CMR: <total>                      288 us
[2024-08-29T23:17:19.492+0800]   CMR: Thread Roots                 236 us, workers (us): 101, 135, ---, ---, 
[2024-08-29T23:17:19.492+0800]   CMR: VM Strong Roots                6 us, workers (us):   5,   1, ---, ---, 
[2024-08-29T23:17:19.492+0800]   CMR: CLDG Roots                    46 us, workers (us):  46, ---, ---, ---, 
[2024-08-29T23:17:19.492+0800] Concurrent Marking                 1984 us
[2024-08-29T23:17:19.492+0800] Pause Final Mark (G)               1629 us
[2024-08-29T23:17:19.492+0800] Pause Final Mark (N)                776 us
[2024-08-29T23:17:19.492+0800]   Finish Mark                       407 us
[2024-08-29T23:17:19.492+0800]   Update Region States               72 us
[2024-08-29T23:17:19.492+0800]   Choose Collection Set             255 us
[2024-08-29T23:17:19.492+0800]   Rebuild Free Set                    9 us
[2024-08-29T23:17:19.492+0800] Concurrent Weak References          104 us, parallelism: 0.09x
[2024-08-29T23:17:19.492+0800]   CWRF: <total>                      10 us
[2024-08-29T23:17:19.492+0800]   CWRF: Weak References              10 us, workers (us):  10,   0, ---, ---, 
[2024-08-29T23:17:19.492+0800] Concurrent Weak Roots               334 us
[2024-08-29T23:17:19.492+0800]   Roots                             287 us, parallelism: 1.58x
[2024-08-29T23:17:19.492+0800]     CWR: <total>                    453 us
[2024-08-29T23:17:19.492+0800]     CWR: Code Cache Roots           373 us, workers (us): 195, 178, ---, ---, 
[2024-08-29T23:17:19.492+0800]     CWR: VM Weak Roots               76 us, workers (us):  43,  32, ---, ---, 
[2024-08-29T23:17:19.492+0800]     CWR: CLDG Roots                   4 us, workers (us): ---,   4, ---, ---, 
[2024-08-29T23:17:19.492+0800]   Rendezvous                         28 us
[2024-08-29T23:17:19.492+0800] Concurrent Cleanup                  184 us
[2024-08-29T23:17:19.492+0800] Concurrent Class Unloading          723 us
[2024-08-29T23:17:19.492+0800]   Unlink Stale                      589 us
[2024-08-29T23:17:19.492+0800]     System Dictionary                 2 us
[2024-08-29T23:17:19.492+0800]     Weak Class Links                  0 us
[2024-08-29T23:17:19.492+0800]     Code Roots                      586 us
[2024-08-29T23:17:19.492+0800]   Rendezvous                         32 us
[2024-08-29T23:17:19.492+0800]   Purge Unlinked                     74 us
[2024-08-29T23:17:19.492+0800]     Code Roots                       53 us
[2024-08-29T23:17:19.492+0800]     CLDG                             20 us
[2024-08-29T23:17:19.492+0800]     Exception Caches                  0 us
[2024-08-29T23:17:19.492+0800] Pause Final Roots (G)               785 us
[2024-08-29T23:17:19.492+0800] Pause Final Roots (N)                28 us
[2024-08-29T23:17:19.492+0800] 
[2024-08-29T23:17:19.492+0800] Allocation pacing accrued:
[2024-08-29T23:17:19.492+0800]       0 of   709 ms (  0.0%): <total>
[2024-08-29T23:17:19.492+0800]       0 of   709 ms (  0.0%): <average total>
[2024-08-29T23:17:19.492+0800] 
[2024-08-29T23:17:19.492+0800] Metaspace: 1637K(1792K)->1637K(1792K) NonClass: 1518K(1600K)->1518K(1600K) Class: 119K(192K)->119K(192K)
[2024-08-29T23:17:19.492+0800] Pacer for Idle. Initial: 41943K, Alloc Tax Rate: 1.0x
[2024-08-29T23:17:20.159+0800] Trigger: Free (201M) is below minimum threshold (204M)
[2024-08-29T23:17:20.159+0800] Free: 201M, Max: 1024K regular, 172M humongous, Frag: 15% external, 0% internal; Reserve: 103M, Max: 1024K
[2024-08-29T23:17:20.159+0800] GC(14) Concurrent reset
[2024-08-29T23:17:20.159+0800] GC(14) Using 2 of 4 workers for concurrent reset
[2024-08-29T23:17:20.159+0800] GC(14) Pacer for Reset. Non-Taxable: 2048M
[2024-08-29T23:17:20.160+0800] GC(14) Concurrent reset 0.388ms
[2024-08-29T23:17:20.160+0800] GC(14) Pause Init Mark (unload classes)
[2024-08-29T23:17:20.160+0800] GC(14) Using 4 of 4 workers for init marking
[2024-08-29T23:17:20.160+0800] GC(14) Pacer for Mark. Expected Live: 42307K, Free: 200M, Non-Taxable: 20507K, Alloc Tax Rate: 0.3x
[2024-08-29T23:17:20.160+0800] GC(14) Pause Init Mark (unload classes) 0.104ms
[2024-08-29T23:17:20.160+0800] GC(14) Concurrent marking roots
[2024-08-29T23:17:20.160+0800] GC(14) Using 2 of 4 workers for concurrent marking roots
[2024-08-29T23:17:20.160+0800] GC(14) Concurrent marking roots 0.205ms
[2024-08-29T23:17:20.160+0800] GC(14) Concurrent marking (unload classes)
[2024-08-29T23:17:20.160+0800] GC(14) Using 2 of 4 workers for concurrent marking
[2024-08-29T23:17:20.162+0800] GC(14) Concurrent marking (unload classes) 2.158ms
[2024-08-29T23:17:20.162+0800] GC(14) Pause Final Mark (unload classes)
[2024-08-29T23:17:20.162+0800] GC(14) Using 4 of 4 workers for final marking
[2024-08-29T23:17:20.163+0800] GC(14) Collectable Garbage: 1448M (97%), Immediate: 1448M (97%), CSet: 0B (0%)
[2024-08-29T23:17:20.163+0800] GC(14) Pause Final Mark (unload classes) 0.454ms
[2024-08-29T23:17:20.163+0800] GC(14) Concurrent weak references
[2024-08-29T23:17:20.163+0800] GC(14) Using 2 of 4 workers for concurrent weak references
[2024-08-29T23:17:20.163+0800] GC(14) Encountered references: Soft: 178, Weak: 297, Final: 0, Phantom: 5
[2024-08-29T23:17:20.163+0800] GC(14) Discovered  references: Soft: 0, Weak: 142, Final: 0, Phantom: 5
[2024-08-29T23:17:20.163+0800] GC(14) Enqueued    references: Soft: 0, Weak: 0, Final: 0, Phantom: 0
[2024-08-29T23:17:20.163+0800] GC(14) Concurrent weak references 0.115ms
[2024-08-29T23:17:20.163+0800] GC(14) Concurrent weak roots
[2024-08-29T23:17:20.163+0800] GC(14) Using 2 of 4 workers for concurrent weak root
[2024-08-29T23:17:20.164+0800] GC(14) Concurrent weak roots 0.613ms
[2024-08-29T23:17:20.164+0800] GC(14) Concurrent cleanup
[2024-08-29T23:17:20.164+0800] GC(14) Concurrent cleanup 1514M->65M(2048M) 0.141ms
[2024-08-29T23:17:20.164+0800] GC(14) Free: 1875M, Max: 1024K regular, 639M humongous, Frag: 66% external, 0% internal; Reserve: 103M, Max: 1024K
[2024-08-29T23:17:20.164+0800] GC(14) Concurrent class unloading
[2024-08-29T23:17:20.164+0800] GC(14) Using 2 of 4 workers for concurrent class unloading
[2024-08-29T23:17:20.165+0800] GC(14) Concurrent class unloading 0.917ms
[2024-08-29T23:17:20.165+0800] GC(14) Pause Final Roots
[2024-08-29T23:17:20.165+0800] GC(14) Pause Final Roots 0.014ms
[2024-08-29T23:17:20.165+0800] Free: 1875M, Max: 1024K regular, 639M humongous, Frag: 66% external, 0% internal; Reserve: 103M, Max: 1024K
[2024-08-29T23:17:20.165+0800] 
[2024-08-29T23:17:20.165+0800] All times are wall-clock times, except per-root-class counters, that are sum over
[2024-08-29T23:17:20.165+0800] all workers. Dividing the <total> over the root stage time estimates parallelism.
[2024-08-29T23:17:20.165+0800] 
[2024-08-29T23:17:20.165+0800] Concurrent Reset                    408 us
[2024-08-29T23:17:20.165+0800] Pause Init Mark (G)                 254 us
[2024-08-29T23:17:20.165+0800] Pause Init Mark (N)                 113 us
[2024-08-29T23:17:20.165+0800]   Update Region States               46 us
[2024-08-29T23:17:20.165+0800] Concurrent Mark Roots               215 us, parallelism: 1.03x
[2024-08-29T23:17:20.165+0800]   CMR: <total>                      222 us
[2024-08-29T23:17:20.165+0800]   CMR: Thread Roots                 182 us, workers (us):  78, 104, ---, ---, 
[2024-08-29T23:17:20.165+0800]   CMR: VM Strong Roots                4 us, workers (us):   4,   0, ---, ---, 
[2024-08-29T23:17:20.165+0800]   CMR: CLDG Roots                    36 us, workers (us):  36, ---, ---, ---, 
[2024-08-29T23:17:20.165+0800] Concurrent Marking                 2176 us
[2024-08-29T23:17:20.165+0800] Pause Final Mark (G)                564 us
[2024-08-29T23:17:20.165+0800] Pause Final Mark (N)                462 us
[2024-08-29T23:17:20.165+0800]   Finish Mark                       131 us
[2024-08-29T23:17:20.165+0800]   Update Region States               64 us
[2024-08-29T23:17:20.165+0800]   Choose Collection Set             224 us
[2024-08-29T23:17:20.165+0800]   Rebuild Free Set                    8 us
[2024-08-29T23:17:20.165+0800] Concurrent Weak References          122 us, parallelism: 0.12x
[2024-08-29T23:17:20.165+0800]   CWRF: <total>                      14 us
[2024-08-29T23:17:20.165+0800]   CWRF: Weak References              14 us, workers (us):  12,   3, ---, ---, 
[2024-08-29T23:17:20.165+0800] Concurrent Weak Roots               627 us
[2024-08-29T23:17:20.165+0800]   Roots                             531 us, parallelism: 0.94x
[2024-08-29T23:17:20.165+0800]     CWR: <total>                    502 us
[2024-08-29T23:17:20.165+0800]     CWR: Code Cache Roots           423 us, workers (us): 351,  72, ---, ---, 
[2024-08-29T23:17:20.165+0800]     CWR: VM Weak Roots               75 us, workers (us):  74,   1, ---, ---, 
[2024-08-29T23:17:20.165+0800]     CWR: CLDG Roots                   4 us, workers (us):   4, ---, ---, ---, 
[2024-08-29T23:17:20.165+0800]   Rendezvous                         69 us
[2024-08-29T23:17:20.165+0800] Concurrent Cleanup                  147 us
[2024-08-29T23:17:20.165+0800] Concurrent Class Unloading          933 us
[2024-08-29T23:17:20.165+0800]   Unlink Stale                      756 us
[2024-08-29T23:17:20.165+0800]     System Dictionary                 2 us
[2024-08-29T23:17:20.165+0800]     Weak Class Links                  0 us
[2024-08-29T23:17:20.165+0800]     Code Roots                      752 us
[2024-08-29T23:17:20.165+0800]   Rendezvous                         65 us
[2024-08-29T23:17:20.165+0800]   Purge Unlinked                     84 us
[2024-08-29T23:17:20.165+0800]     Code Roots                       70 us
[2024-08-29T23:17:20.165+0800]     CLDG                             13 us
[2024-08-29T23:17:20.165+0800]     Exception Caches                  0 us
[2024-08-29T23:17:20.165+0800] Pause Final Roots (G)                86 us
[2024-08-29T23:17:20.165+0800] Pause Final Roots (N)                21 us
[2024-08-29T23:17:20.165+0800] 
[2024-08-29T23:17:20.165+0800] Allocation pacing accrued:
[2024-08-29T23:17:20.165+0800]       0 of   673 ms (  0.0%): <total>
[2024-08-29T23:17:20.165+0800]       0 of   673 ms (  0.0%): <average total>
[2024-08-29T23:17:20.165+0800] 
[2024-08-29T23:17:20.165+0800] Metaspace: 1637K(1792K)->1637K(1792K) NonClass: 1518K(1600K)->1518K(1600K) Class: 119K(192K)->119K(192K)
[2024-08-29T23:17:20.165+0800] Pacer for Idle. Initial: 41943K, Alloc Tax Rate: 1.0x
[2024-08-29T23:17:20.850+0800] Trigger: Free (204M) is below minimum threshold (204M)
[2024-08-29T23:17:20.850+0800] Free: 204M, Max: 1024K regular, 172M humongous, Frag: 16% external, 0% internal; Reserve: 103M, Max: 1024K
[2024-08-29T23:17:20.850+0800] GC(15) Concurrent reset
[2024-08-29T23:17:20.850+0800] GC(15) Using 2 of 4 workers for concurrent reset
[2024-08-29T23:17:20.850+0800] GC(15) Pacer for Reset. Non-Taxable: 2048M
[2024-08-29T23:17:20.851+0800] GC(15) Concurrent reset 0.472ms
[2024-08-29T23:17:20.851+0800] GC(15) Pause Init Mark (unload classes)
[2024-08-29T23:17:20.851+0800] GC(15) Using 4 of 4 workers for init marking
[2024-08-29T23:17:20.852+0800] GC(15) Pacer for Mark. Expected Live: 41500K, Free: 204M, Non-Taxable: 20913K, Alloc Tax Rate: 0.2x
[2024-08-29T23:17:20.852+0800] GC(15) Pause Init Mark (unload classes) 0.132ms
[2024-08-29T23:17:20.852+0800] GC(15) Concurrent marking roots
[2024-08-29T23:17:20.852+0800] GC(15) Using 2 of 4 workers for concurrent marking roots
[2024-08-29T23:17:20.852+0800] GC(15) Concurrent marking roots 0.166ms
[2024-08-29T23:17:20.852+0800] GC(15) Concurrent marking (unload classes)
[2024-08-29T23:17:20.852+0800] GC(15) Using 2 of 4 workers for concurrent marking
[2024-08-29T23:17:20.853+0800] GC(15) Concurrent marking (unload classes) 1.539ms
[2024-08-29T23:17:20.853+0800] GC(15) Pause Final Mark (unload classes)
[2024-08-29T23:17:20.853+0800] GC(15) Using 4 of 4 workers for final marking
[2024-08-29T23:17:20.854+0800] GC(15) Collectable Garbage: 1404M (97%), Immediate: 1404M (97%), CSet: 0B (0%)
[2024-08-29T23:17:20.854+0800] GC(15) Pause Final Mark (unload classes) 0.717ms
[2024-08-29T23:17:20.854+0800] GC(15) Concurrent weak references
[2024-08-29T23:17:20.854+0800] GC(15) Using 2 of 4 workers for concurrent weak references
[2024-08-29T23:17:20.854+0800] GC(15) Encountered references: Soft: 178, Weak: 297, Final: 0, Phantom: 5
[2024-08-29T23:17:20.854+0800] GC(15) Discovered  references: Soft: 0, Weak: 115, Final: 0, Phantom: 5
[2024-08-29T23:17:20.854+0800] GC(15) Enqueued    references: Soft: 0, Weak: 0, Final: 0, Phantom: 0
[2024-08-29T23:17:20.854+0800] GC(15) Concurrent weak references 0.122ms
[2024-08-29T23:17:20.854+0800] GC(15) Concurrent weak roots
[2024-08-29T23:17:20.854+0800] GC(15) Using 2 of 4 workers for concurrent weak root
[2024-08-29T23:17:20.855+0800] GC(15) Concurrent weak roots 0.350ms
[2024-08-29T23:17:20.855+0800] GC(15) Concurrent cleanup
[2024-08-29T23:17:20.855+0800] GC(15) Concurrent cleanup 1477M->72M(2048M) 0.105ms
[2024-08-29T23:17:20.855+0800] GC(15) Free: 1865M, Max: 1024K regular, 639M humongous, Frag: 66% external, 0% internal; Reserve: 103M, Max: 1024K
[2024-08-29T23:17:20.855+0800] GC(15) Concurrent class unloading
[2024-08-29T23:17:20.855+0800] GC(15) Using 2 of 4 workers for concurrent class unloading
[2024-08-29T23:17:20.856+0800] GC(15) Concurrent class unloading 1.556ms
[2024-08-29T23:17:20.856+0800] GC(15) Pause Final Roots
[2024-08-29T23:17:20.856+0800] GC(15) Pause Final Roots 0.022ms
[2024-08-29T23:17:20.857+0800] Free: 1855M, Max: 1024K regular, 639M humongous, Frag: 66% external, 0% internal; Reserve: 103M, Max: 1024K
[2024-08-29T23:17:20.857+0800] 
[2024-08-29T23:17:20.857+0800] All times are wall-clock times, except per-root-class counters, that are sum over
[2024-08-29T23:17:20.857+0800] all workers. Dividing the <total> over the root stage time estimates parallelism.
[2024-08-29T23:17:20.857+0800] 
[2024-08-29T23:17:20.857+0800] Concurrent Reset                    551 us
[2024-08-29T23:17:20.857+0800] Pause Init Mark (G)                 925 us
[2024-08-29T23:17:20.857+0800] Pause Init Mark (N)                 138 us
[2024-08-29T23:17:20.857+0800]   Update Region States               92 us
[2024-08-29T23:17:20.857+0800] Concurrent Mark Roots               176 us, parallelism: 1.28x
[2024-08-29T23:17:20.857+0800]   CMR: <total>                      226 us
[2024-08-29T23:17:20.857+0800]   CMR: Thread Roots                 180 us, workers (us):  73, 107, ---, ---, 
[2024-08-29T23:17:20.857+0800]   CMR: VM Strong Roots                5 us, workers (us):   4,   0, ---, ---, 
[2024-08-29T23:17:20.857+0800]   CMR: CLDG Roots                    41 us, workers (us):  41, ---, ---, ---, 
[2024-08-29T23:17:20.857+0800] Concurrent Marking                 1567 us
[2024-08-29T23:17:20.857+0800] Pause Final Mark (G)                807 us
[2024-08-29T23:17:20.857+0800] Pause Final Mark (N)                728 us
[2024-08-29T23:17:20.857+0800]   Finish Mark                       405 us
[2024-08-29T23:17:20.857+0800]   Update Region States               42 us
[2024-08-29T23:17:20.857+0800]   Choose Collection Set             223 us
[2024-08-29T23:17:20.857+0800]   Rebuild Free Set                   10 us
[2024-08-29T23:17:20.857+0800] Concurrent Weak References          128 us, parallelism: 0.08x
[2024-08-29T23:17:20.857+0800]   CWRF: <total>                      11 us
[2024-08-29T23:17:20.857+0800]   CWRF: Weak References              11 us, workers (us):   9,   1, ---, ---, 
[2024-08-29T23:17:20.857+0800] Concurrent Weak Roots               367 us
[2024-08-29T23:17:20.857+0800]   Roots                             272 us, parallelism: 1.38x
[2024-08-29T23:17:20.857+0800]     CWR: <total>                    376 us
[2024-08-29T23:17:20.857+0800]     CWR: Code Cache Roots           286 us, workers (us): 128, 158, ---, ---, 
[2024-08-29T23:17:20.857+0800]     CWR: VM Weak Roots               47 us, workers (us):  35,  13, ---, ---, 
[2024-08-29T23:17:20.857+0800]     CWR: CLDG Roots                  43 us, workers (us):  43, ---, ---, ---, 
[2024-08-29T23:17:20.857+0800]   Rendezvous                         66 us
[2024-08-29T23:17:20.857+0800] Concurrent Cleanup                  111 us
[2024-08-29T23:17:20.857+0800] Concurrent Class Unloading         1579 us
[2024-08-29T23:17:20.857+0800]   Unlink Stale                      686 us
[2024-08-29T23:17:20.857+0800]     System Dictionary                 3 us
[2024-08-29T23:17:20.857+0800]     Weak Class Links                  0 us
[2024-08-29T23:17:20.857+0800]     Code Roots                      683 us
[2024-08-29T23:17:20.857+0800]   Rendezvous                        547 us
[2024-08-29T23:17:20.857+0800]   Purge Unlinked                    311 us
[2024-08-29T23:17:20.857+0800]     Code Roots                      306 us
[2024-08-29T23:17:20.857+0800]     CLDG                              3 us
[2024-08-29T23:17:20.857+0800]     Exception Caches                  0 us
[2024-08-29T23:17:20.857+0800] Pause Final Roots (G)               115 us
[2024-08-29T23:17:20.857+0800] Pause Final Roots (N)                31 us
[2024-08-29T23:17:20.857+0800] 
[2024-08-29T23:17:20.857+0800] Allocation pacing accrued:
[2024-08-29T23:17:20.857+0800]       0 of   692 ms (  0.0%): <total>
[2024-08-29T23:17:20.857+0800]       0 of   692 ms (  0.0%): <average total>
[2024-08-29T23:17:20.857+0800] 
[2024-08-29T23:17:20.857+0800] Metaspace: 1648K(1792K)->1648K(1792K) NonClass: 1529K(1600K)->1529K(1600K) Class: 119K(192K)->119K(192K)
[2024-08-29T23:17:20.857+0800] Pacer for Idle. Initial: 41943K, Alloc Tax Rate: 1.0x
[2024-08-29T23:17:21.536+0800] Trigger: Free (202M) is below minimum threshold (204M)
[2024-08-29T23:17:21.536+0800] Free: 202M, Max: 1024K regular, 172M humongous, Frag: 15% external, 0% internal; Reserve: 103M, Max: 1024K
[2024-08-29T23:17:21.536+0800] GC(16) Concurrent reset
[2024-08-29T23:17:21.536+0800] GC(16) Using 2 of 4 workers for concurrent reset
[2024-08-29T23:17:21.536+0800] GC(16) Pacer for Reset. Non-Taxable: 2048M
[2024-08-29T23:17:21.537+0800] GC(16) Concurrent reset 0.388ms
[2024-08-29T23:17:21.537+0800] GC(16) Pause Init Mark (unload classes)
[2024-08-29T23:17:21.537+0800] GC(16) Using 4 of 4 workers for init marking
[2024-08-29T23:17:21.537+0800] GC(16) Pacer for Mark. Expected Live: 34524K, Free: 202M, Non-Taxable: 20704K, Alloc Tax Rate: 0.2x
[2024-08-29T23:17:21.537+0800] GC(16) Pause Init Mark (unload classes) 0.068ms
[2024-08-29T23:17:21.537+0800] GC(16) Concurrent marking roots
[2024-08-29T23:17:21.537+0800] GC(16) Using 2 of 4 workers for concurrent marking roots
[2024-08-29T23:17:21.537+0800] GC(16) Concurrent marking roots 0.191ms
[2024-08-29T23:17:21.537+0800] GC(16) Concurrent marking (unload classes)
[2024-08-29T23:17:21.537+0800] GC(16) Using 2 of 4 workers for concurrent marking
[2024-08-29T23:17:21.538+0800] GC(16) Concurrent marking (unload classes) 1.281ms
[2024-08-29T23:17:21.538+0800] GC(16) Pause Final Mark (unload classes)
[2024-08-29T23:17:21.539+0800] GC(16) Using 4 of 4 workers for final marking
[2024-08-29T23:17:21.539+0800] GC(16) Collectable Garbage: 1398M (97%), Immediate: 1398M (97%), CSet: 0B (0%)
[2024-08-29T23:17:21.539+0800] GC(16) Pause Final Mark (unload classes) 0.465ms
[2024-08-29T23:17:21.539+0800] GC(16) Concurrent weak references
[2024-08-29T23:17:21.539+0800] GC(16) Using 2 of 4 workers for concurrent weak references
[2024-08-29T23:17:21.539+0800] GC(16) Encountered references: Soft: 178, Weak: 297, Final: 0, Phantom: 5
[2024-08-29T23:17:21.539+0800] GC(16) Discovered  references: Soft: 0, Weak: 116, Final: 0, Phantom: 5
[2024-08-29T23:17:21.539+0800] GC(16) Enqueued    references: Soft: 0, Weak: 0, Final: 0, Phantom: 0
[2024-08-29T23:17:21.539+0800] GC(16) Concurrent weak references 0.076ms
[2024-08-29T23:17:21.539+0800] GC(16) Concurrent weak roots
[2024-08-29T23:17:21.539+0800] GC(16) Using 2 of 4 workers for concurrent weak root
[2024-08-29T23:17:21.539+0800] GC(16) Concurrent weak roots 0.309ms
[2024-08-29T23:17:21.539+0800] GC(16) Concurrent cleanup
[2024-08-29T23:17:21.540+0800] GC(16) Concurrent cleanup 1492M->94M(2048M) 0.143ms
[2024-08-29T23:17:21.540+0800] GC(16) Free: 1842M, Max: 1024K regular, 639M humongous, Frag: 66% external, 0% internal; Reserve: 103M, Max: 1024K
[2024-08-29T23:17:21.540+0800] GC(16) Concurrent class unloading
[2024-08-29T23:17:21.540+0800] GC(16) Using 2 of 4 workers for concurrent class unloading
[2024-08-29T23:17:21.540+0800] GC(16) Concurrent class unloading 0.839ms
[2024-08-29T23:17:21.540+0800] GC(16) Pause Final Roots
[2024-08-29T23:17:21.540+0800] GC(16) Pause Final Roots 0.007ms
[2024-08-29T23:17:21.540+0800] Free: 1838M, Max: 1024K regular, 639M humongous, Frag: 66% external, 0% internal; Reserve: 103M, Max: 1024K
[2024-08-29T23:17:21.541+0800] 
[2024-08-29T23:17:21.541+0800] All times are wall-clock times, except per-root-class counters, that are sum over
[2024-08-29T23:17:21.541+0800] all workers. Dividing the <total> over the root stage time estimates parallelism.
[2024-08-29T23:17:21.541+0800] 
[2024-08-29T23:17:21.541+0800] Concurrent Reset                    403 us
[2024-08-29T23:17:21.541+0800] Pause Init Mark (G)                 118 us
[2024-08-29T23:17:21.541+0800] Pause Init Mark (N)                  74 us
[2024-08-29T23:17:21.541+0800]   Update Region States               42 us
[2024-08-29T23:17:21.541+0800] Concurrent Mark Roots               201 us, parallelism: 1.19x
[2024-08-29T23:17:21.541+0800]   CMR: <total>                      239 us
[2024-08-29T23:17:21.541+0800]   CMR: Thread Roots                 188 us, workers (us):  72, 116, ---, ---, 
[2024-08-29T23:17:21.541+0800]   CMR: VM Strong Roots                5 us, workers (us):   4,   0, ---, ---, 
[2024-08-29T23:17:21.541+0800]   CMR: CLDG Roots                    47 us, workers (us):  47, ---, ---, ---, 
[2024-08-29T23:17:21.541+0800] Concurrent Marking                 1298 us
[2024-08-29T23:17:21.541+0800] Pause Final Mark (G)                557 us
[2024-08-29T23:17:21.541+0800] Pause Final Mark (N)                473 us
[2024-08-29T23:17:21.541+0800]   Finish Mark                       161 us
[2024-08-29T23:17:21.541+0800]   Update Region States               53 us
[2024-08-29T23:17:21.541+0800]   Choose Collection Set             211 us
[2024-08-29T23:17:21.541+0800]   Rebuild Free Set                   10 us
[2024-08-29T23:17:21.541+0800] Concurrent Weak References           83 us, parallelism: 0.08x
[2024-08-29T23:17:21.541+0800]   CWRF: <total>                       6 us
[2024-08-29T23:17:21.541+0800]   CWRF: Weak References               6 us, workers (us):   6,   0, ---, ---, 
[2024-08-29T23:17:21.541+0800] Concurrent Weak Roots               326 us
[2024-08-29T23:17:21.541+0800]   Roots                             265 us, parallelism: 1.36x
[2024-08-29T23:17:21.541+0800]     CWR: <total>                    360 us
[2024-08-29T23:17:21.541+0800]     CWR: Code Cache Roots           310 us, workers (us): 165, 145, ---, ---, 
[2024-08-29T23:17:21.541+0800]     CWR: VM Weak Roots               48 us, workers (us):  34,  14, ---, ---, 
[2024-08-29T23:17:21.541+0800]     CWR: CLDG Roots                   2 us, workers (us): ---,   2, ---, ---, 
[2024-08-29T23:17:21.541+0800]   Rendezvous                         32 us
[2024-08-29T23:17:21.541+0800] Concurrent Cleanup                  151 us
[2024-08-29T23:17:21.541+0800] Concurrent Class Unloading          854 us
[2024-08-29T23:17:21.541+0800]   Unlink Stale                      719 us
[2024-08-29T23:17:21.541+0800]     System Dictionary                 3 us
[2024-08-29T23:17:21.541+0800]     Weak Class Links                  0 us
[2024-08-29T23:17:21.541+0800]     Code Roots                      716 us
[2024-08-29T23:17:21.541+0800]   Rendezvous                         19 us
[2024-08-29T23:17:21.541+0800]   Purge Unlinked                     88 us
[2024-08-29T23:17:21.541+0800]     Code Roots                       76 us
[2024-08-29T23:17:21.541+0800]     CLDG                             12 us
[2024-08-29T23:17:21.541+0800]     Exception Caches                  0 us
[2024-08-29T23:17:21.541+0800] Pause Final Roots (G)                32 us
[2024-08-29T23:17:21.541+0800] Pause Final Roots (N)                12 us
[2024-08-29T23:17:21.541+0800] 
[2024-08-29T23:17:21.541+0800] Allocation pacing accrued:
[2024-08-29T23:17:21.541+0800]       0 of   684 ms (  0.0%): <total>
[2024-08-29T23:17:21.541+0800]       0 of   684 ms (  0.0%): <average total>
[2024-08-29T23:17:21.541+0800] 
[2024-08-29T23:17:21.541+0800] Metaspace: 1648K(1792K)->1648K(1792K) NonClass: 1529K(1600K)->1529K(1600K) Class: 119K(192K)->119K(192K)
[2024-08-29T23:17:21.541+0800] Pacer for Idle. Initial: 41943K, Alloc Tax Rate: 1.0x
[2024-08-29T23:17:22.194+0800] Trigger: Free (198M) is below minimum threshold (204M)
[2024-08-29T23:17:22.195+0800] Free: 198M, Max: 1024K regular, 172M humongous, Frag: 14% external, 0% internal; Reserve: 103M, Max: 1024K
[2024-08-29T23:17:22.195+0800] GC(17) Concurrent reset
[2024-08-29T23:17:22.195+0800] GC(17) Using 2 of 4 workers for concurrent reset
[2024-08-29T23:17:22.195+0800] GC(17) Pacer for Reset. Non-Taxable: 2048M
[2024-08-29T23:17:22.195+0800] GC(17) Concurrent reset 0.489ms
[2024-08-29T23:17:22.195+0800] GC(17) Pause Init Mark (unload classes)
[2024-08-29T23:17:22.195+0800] GC(17) Using 4 of 4 workers for init marking
[2024-08-29T23:17:22.195+0800] GC(17) Pacer for Mark. Expected Live: 28535K, Free: 198M, Non-Taxable: 20302K, Alloc Tax Rate: 0.2x
[2024-08-29T23:17:22.195+0800] GC(17) Pause Init Mark (unload classes) 0.080ms
[2024-08-29T23:17:22.195+0800] GC(17) Concurrent marking roots
[2024-08-29T23:17:22.195+0800] GC(17) Using 2 of 4 workers for concurrent marking roots
[2024-08-29T23:17:22.196+0800] GC(17) Concurrent marking roots 0.318ms
[2024-08-29T23:17:22.196+0800] GC(17) Concurrent marking (unload classes)
[2024-08-29T23:17:22.196+0800] GC(17) Using 2 of 4 workers for concurrent marking
[2024-08-29T23:17:22.197+0800] GC(17) Concurrent marking (unload classes) 1.888ms
[2024-08-29T23:17:22.198+0800] GC(17) Pause Final Mark (unload classes)
[2024-08-29T23:17:22.198+0800] GC(17) Using 4 of 4 workers for final marking
[2024-08-29T23:17:22.199+0800] GC(17) Collectable Garbage: 1347M (97%), Immediate: 1347M (97%), CSet: 0B (0%)
[2024-08-29T23:17:22.199+0800] GC(17) Pause Final Mark (unload classes) 0.553ms
[2024-08-29T23:17:22.199+0800] GC(17) Concurrent weak references
[2024-08-29T23:17:22.199+0800] GC(17) Using 2 of 4 workers for concurrent weak references
[2024-08-29T23:17:22.199+0800] GC(17) Encountered references: Soft: 178, Weak: 297, Final: 0, Phantom: 5
[2024-08-29T23:17:22.199+0800] GC(17) Discovered  references: Soft: 0, Weak: 113, Final: 0, Phantom: 5
[2024-08-29T23:17:22.199+0800] GC(17) Enqueued    references: Soft: 0, Weak: 0, Final: 0, Phantom: 0
[2024-08-29T23:17:22.199+0800] GC(17) Concurrent weak references 0.111ms
[2024-08-29T23:17:22.199+0800] GC(17) Concurrent weak roots
[2024-08-29T23:17:22.199+0800] GC(17) Using 2 of 4 workers for concurrent weak root
[2024-08-29T23:17:22.202+0800] GC(17) Concurrent weak roots 2.889ms
[2024-08-29T23:17:22.202+0800] GC(17) Concurrent cleanup
[2024-08-29T23:17:22.202+0800] GC(17) Concurrent cleanup 1538M->191M(2048M) 0.108ms
[2024-08-29T23:17:22.202+0800] GC(17) Free: 1734M, Max: 1024K regular, 466M humongous, Frag: 74% external, 0% internal; Reserve: 103M, Max: 1024K
[2024-08-29T23:17:22.202+0800] GC(17) Concurrent class unloading
[2024-08-29T23:17:22.202+0800] GC(17) Using 2 of 4 workers for concurrent class unloading
[2024-08-29T23:17:22.207+0800] GC(17) Concurrent class unloading 4.783ms
[2024-08-29T23:17:22.207+0800] GC(17) Pause Final Roots
[2024-08-29T23:17:22.207+0800] GC(17) Pause Final Roots 0.018ms
[2024-08-29T23:17:22.207+0800] Free: 1729M, Max: 1024K regular, 466M humongous, Frag: 74% external, 0% internal; Reserve: 103M, Max: 1024K
[2024-08-29T23:17:22.207+0800] 
[2024-08-29T23:17:22.207+0800] All times are wall-clock times, except per-root-class counters, that are sum over
[2024-08-29T23:17:22.207+0800] all workers. Dividing the <total> over the root stage time estimates parallelism.
[2024-08-29T23:17:22.207+0800] 
[2024-08-29T23:17:22.207+0800] Concurrent Reset                    508 us
[2024-08-29T23:17:22.207+0800] Pause Init Mark (G)                 181 us
[2024-08-29T23:17:22.207+0800] Pause Init Mark (N)                  86 us
[2024-08-29T23:17:22.207+0800]   Update Region States               44 us
[2024-08-29T23:17:22.207+0800] Concurrent Mark Roots               339 us, parallelism: 1.10x
[2024-08-29T23:17:22.207+0800]   CMR: <total>                      372 us
[2024-08-29T23:17:22.207+0800]   CMR: Thread Roots                 312 us, workers (us): 131, 181, ---, ---, 
[2024-08-29T23:17:22.207+0800]   CMR: VM Strong Roots                4 us, workers (us):   4,   0, ---, ---, 
[2024-08-29T23:17:22.207+0800]   CMR: CLDG Roots                    55 us, workers (us):  55, ---, ---, ---, 
[2024-08-29T23:17:22.207+0800] Concurrent Marking                 1908 us
[2024-08-29T23:17:22.207+0800] Pause Final Mark (G)               1457 us
[2024-08-29T23:17:22.207+0800] Pause Final Mark (N)                562 us
[2024-08-29T23:17:22.207+0800]   Finish Mark                       202 us
[2024-08-29T23:17:22.207+0800]   Update Region States               85 us
[2024-08-29T23:17:22.207+0800]   Choose Collection Set             231 us
[2024-08-29T23:17:22.207+0800]   Rebuild Free Set                    9 us
[2024-08-29T23:17:22.207+0800] Concurrent Weak References          165 us, parallelism: 0.13x
[2024-08-29T23:17:22.207+0800]   CWRF: <total>                      22 us
[2024-08-29T23:17:22.207+0800]   CWRF: Weak References              22 us, workers (us):  22,   0, ---, ---, 
[2024-08-29T23:17:22.207+0800] Concurrent Weak Roots              2930 us
[2024-08-29T23:17:22.207+0800]   Roots                            1044 us, parallelism: 0.86x
[2024-08-29T23:17:22.207+0800]     CWR: <total>                    896 us
[2024-08-29T23:17:22.207+0800]     CWR: Code Cache Roots           740 us, workers (us): 409, 330, ---, ---, 
[2024-08-29T23:17:22.207+0800]     CWR: VM Weak Roots              150 us, workers (us): 149,   1, ---, ---, 
[2024-08-29T23:17:22.207+0800]     CWR: CLDG Roots                   7 us, workers (us):   7, ---, ---, ---, 
[2024-08-29T23:17:22.207+0800]   Rendezvous                       1820 us
[2024-08-29T23:17:22.207+0800] Concurrent Cleanup                  116 us
[2024-08-29T23:17:22.207+0800] Concurrent Class Unloading         4804 us
[2024-08-29T23:17:22.207+0800]   Unlink Stale                     1025 us
[2024-08-29T23:17:22.207+0800]     System Dictionary                 4 us
[2024-08-29T23:17:22.207+0800]     Weak Class Links                  0 us
[2024-08-29T23:17:22.207+0800]     Code Roots                     1020 us
[2024-08-29T23:17:22.207+0800]   Rendezvous                       3667 us
[2024-08-29T23:17:22.207+0800]   Purge Unlinked                     77 us
[2024-08-29T23:17:22.207+0800]     Code Roots                       72 us
[2024-08-29T23:17:22.207+0800]     CLDG                              5 us
[2024-08-29T23:17:22.207+0800]     Exception Caches                  0 us
[2024-08-29T23:17:22.207+0800] Pause Final Roots (G)               112 us
[2024-08-29T23:17:22.207+0800] Pause Final Roots (N)                26 us
[2024-08-29T23:17:22.207+0800] 
[2024-08-29T23:17:22.207+0800] Allocation pacing accrued:
[2024-08-29T23:17:22.207+0800]       0 of   667 ms (  0.0%): <total>
[2024-08-29T23:17:22.207+0800]       0 of   667 ms (  0.0%): <average total>
[2024-08-29T23:17:22.207+0800] 
[2024-08-29T23:17:22.207+0800] Metaspace: 1648K(1792K)->1648K(1792K) NonClass: 1529K(1600K)->1529K(1600K) Class: 119K(192K)->119K(192K)
[2024-08-29T23:17:22.207+0800] Pacer for Idle. Initial: 41943K, Alloc Tax Rate: 1.0x
[2024-08-29T23:17:22.816+0800] Trigger: Free (199M) is below minimum threshold (204M)
[2024-08-29T23:17:22.816+0800] Free: 197M, Max: 1024K regular, 153M humongous, Frag: 23% external, 0% internal; Reserve: 103M, Max: 1024K
[2024-08-29T23:17:22.816+0800] GC(18) Concurrent reset
[2024-08-29T23:17:22.816+0800] GC(18) Using 2 of 4 workers for concurrent reset
[2024-08-29T23:17:22.816+0800] GC(18) Pacer for Reset. Non-Taxable: 2048M
[2024-08-29T23:17:22.817+0800] GC(18) Concurrent reset 0.854ms
[2024-08-29T23:17:22.817+0800] GC(18) Pause Init Mark (unload classes)
[2024-08-29T23:17:22.817+0800] GC(18) Using 4 of 4 workers for init marking
[2024-08-29T23:17:22.817+0800] GC(18) Pacer for Mark. Expected Live: 45486K, Free: 197M, Non-Taxable: 20212K, Alloc Tax Rate: 0.3x
[2024-08-29T23:17:22.818+0800] GC(18) Pause Init Mark (unload classes) 0.086ms
[2024-08-29T23:17:22.818+0800] GC(18) Concurrent marking roots
[2024-08-29T23:17:22.818+0800] GC(18) Using 2 of 4 workers for concurrent marking roots
[2024-08-29T23:17:22.818+0800] GC(18) Concurrent marking roots 0.192ms
[2024-08-29T23:17:22.818+0800] GC(18) Concurrent marking (unload classes)
[2024-08-29T23:17:22.818+0800] GC(18) Using 2 of 4 workers for concurrent marking
[2024-08-29T23:17:22.820+0800] GC(18) Concurrent marking (unload classes) 1.843ms
[2024-08-29T23:17:22.820+0800] GC(18) Pause Final Mark (unload classes)
[2024-08-29T23:17:22.820+0800] GC(18) Using 4 of 4 workers for final marking
[2024-08-29T23:17:22.820+0800] GC(18) Collectable Garbage: 1330M (97%), Immediate: 1330M (97%), CSet: 0B (0%)
[2024-08-29T23:17:22.820+0800] GC(18) Pause Final Mark (unload classes) 0.457ms
[2024-08-29T23:17:22.820+0800] GC(18) Concurrent weak references
[2024-08-29T23:17:22.820+0800] GC(18) Using 2 of 4 workers for concurrent weak references
[2024-08-29T23:17:22.820+0800] GC(18) Encountered references: Soft: 178, Weak: 297, Final: 0, Phantom: 5
[2024-08-29T23:17:22.820+0800] GC(18) Discovered  references: Soft: 0, Weak: 104, Final: 0, Phantom: 5
[2024-08-29T23:17:22.820+0800] GC(18) Enqueued    references: Soft: 0, Weak: 0, Final: 0, Phantom: 0
[2024-08-29T23:17:22.820+0800] GC(18) Concurrent weak references 0.102ms
[2024-08-29T23:17:22.820+0800] GC(18) Concurrent weak roots
[2024-08-29T23:17:22.820+0800] GC(18) Using 2 of 4 workers for concurrent weak root
[2024-08-29T23:17:22.821+0800] GC(18) Concurrent weak roots 0.306ms
[2024-08-29T23:17:22.821+0800] GC(18) Concurrent cleanup
[2024-08-29T23:17:22.821+0800] GC(18) Concurrent cleanup 1512M->181M(2048M) 0.101ms
[2024-08-29T23:17:22.821+0800] GC(18) Free: 1737M, Max: 1024K regular, 246M humongous, Frag: 86% external, 0% internal; Reserve: 103M, Max: 1024K
[2024-08-29T23:17:22.821+0800] GC(18) Concurrent class unloading
[2024-08-29T23:17:22.821+0800] GC(18) Using 2 of 4 workers for concurrent class unloading
[2024-08-29T23:17:22.821+0800] GC(18) Concurrent class unloading 0.754ms
[2024-08-29T23:17:22.822+0800] GC(18) Pause Final Roots
[2024-08-29T23:17:22.822+0800] GC(18) Pause Final Roots 0.015ms
[2024-08-29T23:17:22.822+0800] Free: 1737M, Max: 1024K regular, 246M humongous, Frag: 86% external, 0% internal; Reserve: 103M, Max: 1024K
[2024-08-29T23:17:22.822+0800] 
[2024-08-29T23:17:22.822+0800] All times are wall-clock times, except per-root-class counters, that are sum over
[2024-08-29T23:17:22.822+0800] all workers. Dividing the <total> over the root stage time estimates parallelism.
[2024-08-29T23:17:22.822+0800] 
[2024-08-29T23:17:22.822+0800] Concurrent Reset                    883 us
[2024-08-29T23:17:22.822+0800] Pause Init Mark (G)                 217 us
[2024-08-29T23:17:22.822+0800] Pause Init Mark (N)                  92 us
[2024-08-29T23:17:22.822+0800]   Update Region States               43 us
[2024-08-29T23:17:22.822+0800] Concurrent Mark Roots               203 us, parallelism: 0.90x
[2024-08-29T23:17:22.822+0800]   CMR: <total>                      183 us
[2024-08-29T23:17:22.822+0800]   CMR: Thread Roots                 148 us, workers (us):  59,  89, ---, ---, 
[2024-08-29T23:17:22.822+0800]   CMR: VM Strong Roots                5 us, workers (us):   3,   2, ---, ---, 
[2024-08-29T23:17:22.822+0800]   CMR: CLDG Roots                    30 us, workers (us):  30, ---, ---, ---, 
[2024-08-29T23:17:22.822+0800] Concurrent Marking                 1861 us
[2024-08-29T23:17:22.822+0800] Pause Final Mark (G)                533 us
[2024-08-29T23:17:22.822+0800] Pause Final Mark (N)                464 us
[2024-08-29T23:17:22.822+0800]   Finish Mark                       125 us
[2024-08-29T23:17:22.822+0800]   Update Region States               52 us
[2024-08-29T23:17:22.822+0800]   Choose Collection Set             244 us
[2024-08-29T23:17:22.822+0800]   Rebuild Free Set                   10 us
[2024-08-29T23:17:22.822+0800] Concurrent Weak References          108 us, parallelism: 0.06x
[2024-08-29T23:17:22.822+0800]   CWRF: <total>                       7 us
[2024-08-29T23:17:22.822+0800]   CWRF: Weak References               7 us, workers (us):   6,   0, ---, ---, 
[2024-08-29T23:17:22.822+0800] Concurrent Weak Roots               320 us
[2024-08-29T23:17:22.822+0800]   Roots                             226 us, parallelism: 1.36x
[2024-08-29T23:17:22.822+0800]     CWR: <total>                    308 us
[2024-08-29T23:17:22.822+0800]     CWR: Code Cache Roots           253 us, workers (us): 132, 121, ---, ---, 
[2024-08-29T23:17:22.822+0800]     CWR: VM Weak Roots               53 us, workers (us):  32,  21, ---, ---, 
[2024-08-29T23:17:22.822+0800]     CWR: CLDG Roots                   2 us, workers (us): ---,   2, ---, ---, 
[2024-08-29T23:17:22.822+0800]   Rendezvous                         69 us
[2024-08-29T23:17:22.822+0800] Concurrent Cleanup                  107 us
[2024-08-29T23:17:22.822+0800] Concurrent Class Unloading          769 us
[2024-08-29T23:17:22.822+0800]   Unlink Stale                      596 us
[2024-08-29T23:17:22.822+0800]     System Dictionary                 3 us
[2024-08-29T23:17:22.822+0800]     Weak Class Links                  0 us
[2024-08-29T23:17:22.822+0800]     Code Roots                      592 us
[2024-08-29T23:17:22.822+0800]   Rendezvous                         69 us
[2024-08-29T23:17:22.822+0800]   Purge Unlinked                     77 us
[2024-08-29T23:17:22.822+0800]     Code Roots                       65 us
[2024-08-29T23:17:22.822+0800]     CLDG                             11 us
[2024-08-29T23:17:22.822+0800]     Exception Caches                  0 us
[2024-08-29T23:17:22.822+0800] Pause Final Roots (G)                96 us
[2024-08-29T23:17:22.822+0800] Pause Final Roots (N)                22 us
[2024-08-29T23:17:22.822+0800] 
[2024-08-29T23:17:22.822+0800] Allocation pacing accrued:
[2024-08-29T23:17:22.822+0800]       0 of   614 ms (  0.0%): <total>
[2024-08-29T23:17:22.822+0800]       0 of   614 ms (  0.0%): <average total>
[2024-08-29T23:17:22.822+0800] 
[2024-08-29T23:17:22.822+0800] Metaspace: 1648K(1792K)->1648K(1792K) NonClass: 1529K(1600K)->1529K(1600K) Class: 119K(192K)->119K(192K)
[2024-08-29T23:17:22.822+0800] Pacer for Idle. Initial: 41943K, Alloc Tax Rate: 1.0x
[2024-08-29T23:17:23.426+0800] Trigger: Free (204M) is below minimum threshold (204M)
[2024-08-29T23:17:23.426+0800] Free: 204M, Max: 1024K regular, 172M humongous, Frag: 16% external, 1% internal; Reserve: 103M, Max: 1024K
[2024-08-29T23:17:23.426+0800] GC(19) Concurrent reset
[2024-08-29T23:17:23.426+0800] GC(19) Using 2 of 4 workers for concurrent reset
[2024-08-29T23:17:23.426+0800] GC(19) Pacer for Reset. Non-Taxable: 2048M
[2024-08-29T23:17:23.427+0800] GC(19) Concurrent reset 1.140ms
[2024-08-29T23:17:23.427+0800] GC(19) Pause Init Mark (unload classes)
[2024-08-29T23:17:23.427+0800] GC(19) Using 4 of 4 workers for init marking
[2024-08-29T23:17:23.427+0800] GC(19) Pacer for Mark. Expected Live: 73057K, Free: 204M, Non-Taxable: 20935K, Alloc Tax Rate: 0.4x
[2024-08-29T23:17:23.427+0800] GC(19) Pause Init Mark (unload classes) 0.091ms
[2024-08-29T23:17:23.427+0800] GC(19) Concurrent marking roots
[2024-08-29T23:17:23.427+0800] GC(19) Using 2 of 4 workers for concurrent marking roots
[2024-08-29T23:17:23.428+0800] GC(19) Concurrent marking roots 0.164ms
[2024-08-29T23:17:23.428+0800] GC(19) Concurrent marking (unload classes)
[2024-08-29T23:17:23.428+0800] GC(19) Using 2 of 4 workers for concurrent marking
[2024-08-29T23:17:23.429+0800] GC(19) Concurrent marking (unload classes) 1.520ms
[2024-08-29T23:17:23.429+0800] GC(19) Pause Final Mark (unload classes)
[2024-08-29T23:17:23.429+0800] GC(19) Using 4 of 4 workers for final marking
[2024-08-29T23:17:23.429+0800] GC(19) Collectable Garbage: 1339M (97%), Immediate: 1339M (97%), CSet: 0B (0%)
[2024-08-29T23:17:23.430+0800] GC(19) Pause Final Mark (unload classes) 0.404ms
[2024-08-29T23:17:23.430+0800] GC(19) Concurrent weak references
[2024-08-29T23:17:23.430+0800] GC(19) Using 2 of 4 workers for concurrent weak references
[2024-08-29T23:17:23.430+0800] GC(19) Encountered references: Soft: 178, Weak: 297, Final: 0, Phantom: 5
[2024-08-29T23:17:23.430+0800] GC(19) Discovered  references: Soft: 0, Weak: 111, Final: 0, Phantom: 5
[2024-08-29T23:17:23.430+0800] GC(19) Enqueued    references: Soft: 0, Weak: 0, Final: 0, Phantom: 0
[2024-08-29T23:17:23.430+0800] GC(19) Concurrent weak references 0.102ms
[2024-08-29T23:17:23.430+0800] GC(19) Concurrent weak roots
[2024-08-29T23:17:23.430+0800] GC(19) Using 2 of 4 workers for concurrent weak root
[2024-08-29T23:17:23.430+0800] GC(19) Concurrent weak roots 0.762ms
[2024-08-29T23:17:23.431+0800] GC(19) Concurrent cleanup
[2024-08-29T23:17:23.431+0800] GC(19) Concurrent cleanup 1507M->168M(2048M) 0.087ms
[2024-08-29T23:17:23.431+0800] GC(19) Free: 1758M, Max: 1024K regular, 246M humongous, Frag: 87% external, 0% internal; Reserve: 103M, Max: 1024K
[2024-08-29T23:17:23.431+0800] GC(19) Concurrent class unloading
[2024-08-29T23:17:23.431+0800] GC(19) Using 2 of 4 workers for concurrent class unloading
[2024-08-29T23:17:23.431+0800] GC(19) Concurrent class unloading 0.857ms
[2024-08-29T23:17:23.432+0800] GC(19) Pause Final Roots
[2024-08-29T23:17:23.432+0800] GC(19) Pause Final Roots 0.018ms
[2024-08-29T23:17:23.432+0800] Free: 1753M, Max: 1024K regular, 246M humongous, Frag: 86% external, 0% internal; Reserve: 103M, Max: 1024K
[2024-08-29T23:17:23.432+0800] 
[2024-08-29T23:17:23.432+0800] All times are wall-clock times, except per-root-class counters, that are sum over
[2024-08-29T23:17:23.432+0800] all workers. Dividing the <total> over the root stage time estimates parallelism.
[2024-08-29T23:17:23.432+0800] 
[2024-08-29T23:17:23.432+0800] Concurrent Reset                   1159 us
[2024-08-29T23:17:23.432+0800] Pause Init Mark (G)                 240 us
[2024-08-29T23:17:23.432+0800] Pause Init Mark (N)                  96 us
[2024-08-29T23:17:23.432+0800]   Update Region States               52 us
[2024-08-29T23:17:23.432+0800] Concurrent Mark Roots               174 us, parallelism: 1.15x
[2024-08-29T23:17:23.432+0800]   CMR: <total>                      199 us
[2024-08-29T23:17:23.432+0800]   CMR: Thread Roots                 154 us, workers (us):  59,  95, ---, ---, 
[2024-08-29T23:17:23.432+0800]   CMR: VM Strong Roots                4 us, workers (us):   4,   0, ---, ---, 
[2024-08-29T23:17:23.432+0800]   CMR: CLDG Roots                    41 us, workers (us):  41, ---, ---, ---, 
[2024-08-29T23:17:23.432+0800] Concurrent Marking                 1536 us
[2024-08-29T23:17:23.432+0800] Pause Final Mark (G)                553 us
[2024-08-29T23:17:23.432+0800] Pause Final Mark (N)                414 us
[2024-08-29T23:17:23.432+0800]   Finish Mark                       115 us
[2024-08-29T23:17:23.432+0800]   Update Region States               44 us
[2024-08-29T23:17:23.432+0800]   Choose Collection Set             215 us
[2024-08-29T23:17:23.432+0800]   Rebuild Free Set                    9 us
[2024-08-29T23:17:23.432+0800] Concurrent Weak References          110 us, parallelism: 0.18x
[2024-08-29T23:17:23.432+0800]   CWRF: <total>                      20 us
[2024-08-29T23:17:23.432+0800]   CWRF: Weak References              20 us, workers (us):  17,   2, ---, ---, 
[2024-08-29T23:17:23.432+0800] Concurrent Weak Roots               777 us
[2024-08-29T23:17:23.432+0800]   Roots                             688 us, parallelism: 0.73x
[2024-08-29T23:17:23.432+0800]     CWR: <total>                    499 us
[2024-08-29T23:17:23.432+0800]     CWR: Code Cache Roots           418 us, workers (us): 311, 107, ---, ---, 
[2024-08-29T23:17:23.432+0800]     CWR: VM Weak Roots               77 us, workers (us):  77,   1, ---, ---, 
[2024-08-29T23:17:23.432+0800]     CWR: CLDG Roots                   4 us, workers (us):   4, ---, ---, ---, 
[2024-08-29T23:17:23.432+0800]   Rendezvous                         61 us
[2024-08-29T23:17:23.432+0800] Concurrent Cleanup                   92 us
[2024-08-29T23:17:23.432+0800] Concurrent Class Unloading          875 us
[2024-08-29T23:17:23.432+0800]   Unlink Stale                      689 us
[2024-08-29T23:17:23.432+0800]     System Dictionary                 2 us
[2024-08-29T23:17:23.432+0800]     Weak Class Links                  0 us
[2024-08-29T23:17:23.432+0800]     Code Roots                      686 us
[2024-08-29T23:17:23.432+0800]   Rendezvous                         79 us
[2024-08-29T23:17:23.432+0800]   Purge Unlinked                     80 us
[2024-08-29T23:17:23.432+0800]     Code Roots                       69 us
[2024-08-29T23:17:23.432+0800]     CLDG                             10 us
[2024-08-29T23:17:23.432+0800]     Exception Caches                  0 us
[2024-08-29T23:17:23.432+0800] Pause Final Roots (G)               444 us
[2024-08-29T23:17:23.432+0800] Pause Final Roots (N)                27 us
[2024-08-29T23:17:23.432+0800] 
[2024-08-29T23:17:23.432+0800] Allocation pacing accrued:
[2024-08-29T23:17:23.432+0800]       0 of   610 ms (  0.0%): <total>
[2024-08-29T23:17:23.432+0800]       0 of   610 ms (  0.0%): <average total>
[2024-08-29T23:17:23.432+0800] 
[2024-08-29T23:17:23.432+0800] Metaspace: 1648K(1792K)->1648K(1792K) NonClass: 1529K(1600K)->1529K(1600K) Class: 119K(192K)->119K(192K)
[2024-08-29T23:17:23.432+0800] Pacer for Idle. Initial: 41943K, Alloc Tax Rate: 1.0x
[2024-08-29T23:17:24.024+0800] Trigger: Free (200M) is below minimum threshold (204M)
[2024-08-29T23:17:24.024+0800] Free: 195M, Max: 1024K regular, 172M humongous, Frag: 12% external, 0% internal; Reserve: 103M, Max: 1024K
[2024-08-29T23:17:24.024+0800] GC(20) Concurrent reset
[2024-08-29T23:17:24.024+0800] GC(20) Using 2 of 4 workers for concurrent reset
[2024-08-29T23:17:24.024+0800] GC(20) Pacer for Reset. Non-Taxable: 2048M
[2024-08-29T23:17:24.025+0800] GC(20) Concurrent reset 1.059ms
[2024-08-29T23:17:24.025+0800] GC(20) Pause Init Mark (unload classes)
[2024-08-29T23:17:24.025+0800] GC(20) Using 4 of 4 workers for init marking
[2024-08-29T23:17:24.025+0800] GC(20) Pacer for Mark. Expected Live: 95382K, Free: 195M, Non-Taxable: 20008K, Alloc Tax Rate: 0.6x
[2024-08-29T23:17:24.025+0800] GC(20) Pause Init Mark (unload classes) 0.092ms
[2024-08-29T23:17:24.025+0800] GC(20) Concurrent marking roots
[2024-08-29T23:17:24.025+0800] GC(20) Using 2 of 4 workers for concurrent marking roots
[2024-08-29T23:17:24.025+0800] GC(20) Concurrent marking roots 0.217ms
[2024-08-29T23:17:24.025+0800] GC(20) Concurrent marking (unload classes)
[2024-08-29T23:17:24.025+0800] GC(20) Using 2 of 4 workers for concurrent marking
[2024-08-29T23:17:24.027+0800] GC(20) Concurrent marking (unload classes) 1.831ms
[2024-08-29T23:17:24.027+0800] GC(20) Pause Final Mark (unload classes)
[2024-08-29T23:17:24.027+0800] GC(20) Using 4 of 4 workers for final marking
[2024-08-29T23:17:24.028+0800] GC(20) Collectable Garbage: 1296M (97%), Immediate: 1296M (97%), CSet: 0B (0%)
[2024-08-29T23:17:24.028+0800] GC(20) Pause Final Mark (unload classes) 0.390ms
[2024-08-29T23:17:24.028+0800] GC(20) Concurrent weak references
[2024-08-29T23:17:24.028+0800] GC(20) Using 2 of 4 workers for concurrent weak references
[2024-08-29T23:17:24.028+0800] GC(20) Encountered references: Soft: 178, Weak: 297, Final: 0, Phantom: 5
[2024-08-29T23:17:24.028+0800] GC(20) Discovered  references: Soft: 0, Weak: 113, Final: 0, Phantom: 5
[2024-08-29T23:17:24.028+0800] GC(20) Enqueued    references: Soft: 0, Weak: 0, Final: 0, Phantom: 0
[2024-08-29T23:17:24.028+0800] GC(20) Concurrent weak references 0.141ms
[2024-08-29T23:17:24.028+0800] GC(20) Concurrent weak roots
[2024-08-29T23:17:24.028+0800] GC(20) Using 2 of 4 workers for concurrent weak root
[2024-08-29T23:17:24.028+0800] GC(20) Concurrent weak roots 0.302ms
[2024-08-29T23:17:24.028+0800] GC(20) Concurrent cleanup
[2024-08-29T23:17:24.028+0800] GC(20) Concurrent cleanup 1517M->220M(2048M) 0.083ms
[2024-08-29T23:17:24.028+0800] GC(20) Free: 1696M, Max: 1024K regular, 246M humongous, Frag: 86% external, 0% internal; Reserve: 103M, Max: 1024K
[2024-08-29T23:17:24.028+0800] GC(20) Concurrent class unloading
[2024-08-29T23:17:24.028+0800] GC(20) Using 2 of 4 workers for concurrent class unloading
[2024-08-29T23:17:24.029+0800] GC(20) Concurrent class unloading 0.781ms
[2024-08-29T23:17:24.029+0800] GC(20) Pause Final Roots
[2024-08-29T23:17:24.029+0800] GC(20) Pause Final Roots 0.013ms
[2024-08-29T23:17:24.029+0800] Free: 1693M, Max: 1024K regular, 246M humongous, Frag: 86% external, 0% internal; Reserve: 103M, Max: 1024K
[2024-08-29T23:17:24.029+0800] 
[2024-08-29T23:17:24.029+0800] All times are wall-clock times, except per-root-class counters, that are sum over
[2024-08-29T23:17:24.029+0800] all workers. Dividing the <total> over the root stage time estimates parallelism.
[2024-08-29T23:17:24.029+0800] 
[2024-08-29T23:17:24.029+0800] Concurrent Reset                   1083 us
[2024-08-29T23:17:24.029+0800] Pause Init Mark (G)                 178 us
[2024-08-29T23:17:24.029+0800] Pause Init Mark (N)                  97 us
[2024-08-29T23:17:24.029+0800]   Update Region States               61 us
[2024-08-29T23:17:24.029+0800] Concurrent Mark Roots               229 us, parallelism: 0.91x
[2024-08-29T23:17:24.029+0800]   CMR: <total>                      209 us
[2024-08-29T23:17:24.029+0800]   CMR: Thread Roots                 162 us, workers (us):  62, 100, ---, ---, 
[2024-08-29T23:17:24.029+0800]   CMR: VM Strong Roots                5 us, workers (us):   4,   0, ---, ---, 
[2024-08-29T23:17:24.029+0800]   CMR: CLDG Roots                    42 us, workers (us):  42, ---, ---, ---, 
[2024-08-29T23:17:24.029+0800] Concurrent Marking                 1847 us
[2024-08-29T23:17:24.029+0800] Pause Final Mark (G)                555 us
[2024-08-29T23:17:24.029+0800] Pause Final Mark (N)                396 us
[2024-08-29T23:17:24.029+0800]   Finish Mark                       143 us
[2024-08-29T23:17:24.029+0800]   Update Region States               35 us
[2024-08-29T23:17:24.029+0800]   Choose Collection Set             184 us
[2024-08-29T23:17:24.029+0800]   Rebuild Free Set                    7 us
[2024-08-29T23:17:24.029+0800] Concurrent Weak References          146 us, parallelism: 0.04x
[2024-08-29T23:17:24.029+0800]   CWRF: <total>                       6 us
[2024-08-29T23:17:24.029+0800]   CWRF: Weak References               6 us, workers (us):   6,   0, ---, ---, 
[2024-08-29T23:17:24.029+0800] Concurrent Weak Roots               313 us
[2024-08-29T23:17:24.029+0800]   Roots                             225 us, parallelism: 1.34x
[2024-08-29T23:17:24.029+0800]     CWR: <total>                    301 us
[2024-08-29T23:17:24.029+0800]     CWR: Code Cache Roots           253 us, workers (us): 129, 123, ---, ---, 
[2024-08-29T23:17:24.029+0800]     CWR: VM Weak Roots               47 us, workers (us):  31,  16, ---, ---, 
[2024-08-29T23:17:24.029+0800]     CWR: CLDG Roots                   2 us, workers (us): ---,   2, ---, ---, 
[2024-08-29T23:17:24.029+0800]   Rendezvous                         67 us
[2024-08-29T23:17:24.029+0800] Concurrent Cleanup                  101 us
[2024-08-29T23:17:24.029+0800] Concurrent Class Unloading          795 us
[2024-08-29T23:17:24.029+0800]   Unlink Stale                      646 us
[2024-08-29T23:17:24.029+0800]     System Dictionary                 2 us
[2024-08-29T23:17:24.029+0800]     Weak Class Links                  0 us
[2024-08-29T23:17:24.029+0800]     Code Roots                      644 us
[2024-08-29T23:17:24.029+0800]   Rendezvous                         54 us
[2024-08-29T23:17:24.029+0800]   Purge Unlinked                     71 us
[2024-08-29T23:17:24.029+0800]     Code Roots                       61 us
[2024-08-29T23:17:24.029+0800]     CLDG                              9 us
[2024-08-29T23:17:24.029+0800]     Exception Caches                  0 us
[2024-08-29T23:17:24.029+0800] Pause Final Roots (G)                74 us
[2024-08-29T23:17:24.029+0800] Pause Final Roots (N)                19 us
[2024-08-29T23:17:24.029+0800] 
[2024-08-29T23:17:24.029+0800] Allocation pacing accrued:
[2024-08-29T23:17:24.029+0800]       0 of   597 ms (  0.0%): <total>
[2024-08-29T23:17:24.029+0800]       0 of   597 ms (  0.0%): <average total>
[2024-08-29T23:17:24.029+0800] 
[2024-08-29T23:17:24.029+0800] Metaspace: 1648K(1792K)->1648K(1792K) NonClass: 1529K(1600K)->1529K(1600K) Class: 119K(192K)->119K(192K)
[2024-08-29T23:17:24.029+0800] Pacer for Idle. Initial: 41943K, Alloc Tax Rate: 1.0x
[2024-08-29T23:17:24.672+0800] Trigger: Free (198M) is below minimum threshold (204M)
[2024-08-29T23:17:24.672+0800] Free: 194M, Max: 1024K regular, 172M humongous, Frag: 11% external, 2% internal; Reserve: 103M, Max: 1024K
[2024-08-29T23:17:24.672+0800] GC(21) Concurrent reset
[2024-08-29T23:17:24.672+0800] GC(21) Using 2 of 4 workers for concurrent reset
[2024-08-29T23:17:24.672+0800] GC(21) Pacer for Reset. Non-Taxable: 2048M
[2024-08-29T23:17:24.674+0800] GC(21) Concurrent reset 1.603ms
[2024-08-29T23:17:24.674+0800] GC(21) Pause Init Mark (unload classes)
[2024-08-29T23:17:24.674+0800] GC(21) Using 4 of 4 workers for init marking
[2024-08-29T23:17:24.674+0800] GC(21) Pacer for Mark. Expected Live: 123M, Free: 188M, Non-Taxable: 19295K, Alloc Tax Rate: 0.8x
[2024-08-29T23:17:24.674+0800] GC(21) Pause Init Mark (unload classes) 0.105ms
[2024-08-29T23:17:24.674+0800] GC(21) Concurrent marking roots
[2024-08-29T23:17:24.674+0800] GC(21) Using 2 of 4 workers for concurrent marking roots
[2024-08-29T23:17:24.674+0800] GC(21) Concurrent marking roots 0.229ms
[2024-08-29T23:17:24.674+0800] GC(21) Concurrent marking (unload classes)
[2024-08-29T23:17:24.674+0800] GC(21) Using 2 of 4 workers for concurrent marking
[2024-08-29T23:17:24.677+0800] GC(21) Concurrent marking (unload classes) 2.265ms
[2024-08-29T23:17:24.677+0800] GC(21) Pause Final Mark (unload classes)
[2024-08-29T23:17:24.677+0800] GC(21) Using 4 of 4 workers for final marking
[2024-08-29T23:17:24.677+0800] GC(21) Collectable Garbage: 1374M (97%), Immediate: 1374M (97%), CSet: 0B (0%)
[2024-08-29T23:17:24.677+0800] GC(21) Pause Final Mark (unload classes) 0.437ms
[2024-08-29T23:17:24.677+0800] GC(21) Concurrent weak references
[2024-08-29T23:17:24.677+0800] GC(21) Using 2 of 4 workers for concurrent weak references
[2024-08-29T23:17:24.677+0800] GC(21) Encountered references: Soft: 178, Weak: 297, Final: 0, Phantom: 5
[2024-08-29T23:17:24.677+0800] GC(21) Discovered  references: Soft: 0, Weak: 123, Final: 0, Phantom: 5
[2024-08-29T23:17:24.677+0800] GC(21) Enqueued    references: Soft: 0, Weak: 0, Final: 0, Phantom: 0
[2024-08-29T23:17:24.677+0800] GC(21) Concurrent weak references 0.090ms
[2024-08-29T23:17:24.677+0800] GC(21) Concurrent weak roots
[2024-08-29T23:17:24.677+0800] GC(21) Using 2 of 4 workers for concurrent weak root
[2024-08-29T23:17:24.678+0800] GC(21) Concurrent weak roots 0.283ms
[2024-08-29T23:17:24.678+0800] GC(21) Concurrent cleanup
[2024-08-29T23:17:24.678+0800] GC(21) Concurrent cleanup 1520M->146M(2048M) 0.093ms
[2024-08-29T23:17:24.678+0800] GC(21) Free: 1785M, Max: 1024K regular, 246M humongous, Frag: 87% external, 0% internal; Reserve: 103M, Max: 1024K
[2024-08-29T23:17:24.678+0800] GC(21) Concurrent class unloading
[2024-08-29T23:17:24.678+0800] GC(21) Using 2 of 4 workers for concurrent class unloading
[2024-08-29T23:17:24.679+0800] GC(21) Concurrent class unloading 1.678ms
[2024-08-29T23:17:24.679+0800] GC(21) Pause Final Roots
[2024-08-29T23:17:24.679+0800] GC(21) Pause Final Roots 0.015ms
[2024-08-29T23:17:24.679+0800] Free: 1774M, Max: 1024K regular, 246M humongous, Frag: 87% external, 0% internal; Reserve: 103M, Max: 1024K
[2024-08-29T23:17:24.680+0800] 
[2024-08-29T23:17:24.680+0800] All times are wall-clock times, except per-root-class counters, that are sum over
[2024-08-29T23:17:24.680+0800] all workers. Dividing the <total> over the root stage time estimates parallelism.
[2024-08-29T23:17:24.680+0800] 
[2024-08-29T23:17:24.680+0800] Concurrent Reset                   1628 us
[2024-08-29T23:17:24.680+0800] Pause Init Mark (G)                 188 us
[2024-08-29T23:17:24.680+0800] Pause Init Mark (N)                 111 us
[2024-08-29T23:17:24.680+0800]   Update Region States               58 us
[2024-08-29T23:17:24.680+0800] Concurrent Mark Roots               243 us, parallelism: 1.00x
[2024-08-29T23:17:24.680+0800]   CMR: <total>                      244 us
[2024-08-29T23:17:24.680+0800]   CMR: Thread Roots                 189 us, workers (us):  68, 121, ---, ---, 
[2024-08-29T23:17:24.680+0800]   CMR: VM Strong Roots                5 us, workers (us):   4,   0, ---, ---, 
[2024-08-29T23:17:24.680+0800]   CMR: CLDG Roots                    49 us, workers (us):  49, ---, ---, ---, 
[2024-08-29T23:17:24.680+0800] Concurrent Marking                 2283 us
[2024-08-29T23:17:24.680+0800] Pause Final Mark (G)                523 us
[2024-08-29T23:17:24.680+0800] Pause Final Mark (N)                444 us
[2024-08-29T23:17:24.680+0800]   Finish Mark                        98 us
[2024-08-29T23:17:24.680+0800]   Update Region States               79 us
[2024-08-29T23:17:24.680+0800]   Choose Collection Set             227 us
[2024-08-29T23:17:24.680+0800]   Rebuild Free Set                    9 us
[2024-08-29T23:17:24.680+0800] Concurrent Weak References           96 us, parallelism: 0.06x
[2024-08-29T23:17:24.680+0800]   CWRF: <total>                       6 us
[2024-08-29T23:17:24.680+0800]   CWRF: Weak References               6 us, workers (us):   6,   0, ---, ---, 
[2024-08-29T23:17:24.680+0800] Concurrent Weak Roots               297 us
[2024-08-29T23:17:24.680+0800]   Roots                             208 us, parallelism: 1.30x
[2024-08-29T23:17:24.680+0800]     CWR: <total>                    270 us
[2024-08-29T23:17:24.680+0800]     CWR: Code Cache Roots           223 us, workers (us): 102, 120, ---, ---, 
[2024-08-29T23:17:24.680+0800]     CWR: VM Weak Roots               46 us, workers (us):  30,  15, ---, ---, 
[2024-08-29T23:17:24.680+0800]     CWR: CLDG Roots                   2 us, workers (us):   2, ---, ---, ---, 
[2024-08-29T23:17:24.680+0800]   Rendezvous                         65 us
[2024-08-29T23:17:24.680+0800] Concurrent Cleanup                   99 us
[2024-08-29T23:17:24.680+0800] Concurrent Class Unloading         1696 us
[2024-08-29T23:17:24.680+0800]   Unlink Stale                      706 us
[2024-08-29T23:17:24.680+0800]     System Dictionary                 2 us
[2024-08-29T23:17:24.680+0800]     Weak Class Links                  0 us
[2024-08-29T23:17:24.680+0800]     Code Roots                      703 us
[2024-08-29T23:17:24.680+0800]   Rendezvous                        877 us
[2024-08-29T23:17:24.680+0800]   Purge Unlinked                     83 us
[2024-08-29T23:17:24.680+0800]     Code Roots                       73 us
[2024-08-29T23:17:24.680+0800]     CLDG                             10 us
[2024-08-29T23:17:24.680+0800]     Exception Caches                  0 us
[2024-08-29T23:17:24.680+0800] Pause Final Roots (G)                89 us
[2024-08-29T23:17:24.680+0800] Pause Final Roots (N)                22 us
[2024-08-29T23:17:24.680+0800] 
[2024-08-29T23:17:24.680+0800] Allocation pacing accrued:
[2024-08-29T23:17:24.680+0800]       0 of   650 ms (  0.0%): <total>
[2024-08-29T23:17:24.680+0800]       0 of   650 ms (  0.0%): <average total>
[2024-08-29T23:17:24.680+0800] 
[2024-08-29T23:17:24.680+0800] Metaspace: 1648K(1792K)->1648K(1792K) NonClass: 1529K(1600K)->1529K(1600K) Class: 119K(192K)->119K(192K)
[2024-08-29T23:17:24.680+0800] Pacer for Idle. Initial: 41943K, Alloc Tax Rate: 1.0x
[2024-08-29T23:17:25.356+0800] Trigger: Free (203M) is below minimum threshold (204M)
[2024-08-29T23:17:25.356+0800] Free: 203M, Max: 1024K regular, 164M humongous, Frag: 20% external, 0% internal; Reserve: 103M, Max: 1024K
[2024-08-29T23:17:25.356+0800] GC(22) Concurrent reset
[2024-08-29T23:17:25.357+0800] GC(22) Using 2 of 4 workers for concurrent reset
[2024-08-29T23:17:25.357+0800] GC(22) Pacer for Reset. Non-Taxable: 2048M
[2024-08-29T23:17:25.358+0800] GC(22) Concurrent reset 1.129ms
[2024-08-29T23:17:25.358+0800] GC(22) Pause Init Mark (unload classes)
[2024-08-29T23:17:25.358+0800] GC(22) Using 4 of 4 workers for init marking
[2024-08-29T23:17:25.358+0800] GC(22) Pacer for Mark. Expected Live: 130M, Free: 203M, Non-Taxable: 20831K, Alloc Tax Rate: 0.8x
[2024-08-29T23:17:25.358+0800] GC(22) Pause Init Mark (unload classes) 0.124ms
[2024-08-29T23:17:25.358+0800] GC(22) Concurrent marking roots
[2024-08-29T23:17:25.358+0800] GC(22) Using 2 of 4 workers for concurrent marking roots
[2024-08-29T23:17:25.358+0800] GC(22) Concurrent marking roots 0.224ms
[2024-08-29T23:17:25.358+0800] GC(22) Concurrent marking (unload classes)
[2024-08-29T23:17:25.358+0800] GC(22) Using 2 of 4 workers for concurrent marking
[2024-08-29T23:17:25.360+0800] GC(22) Concurrent marking (unload classes) 1.444ms
[2024-08-29T23:17:25.360+0800] GC(22) Pause Final Mark (unload classes)
[2024-08-29T23:17:25.360+0800] GC(22) Using 4 of 4 workers for final marking
[2024-08-29T23:17:25.360+0800] GC(22) Collectable Garbage: 1369M (97%), Immediate: 1369M (97%), CSet: 0B (0%)
[2024-08-29T23:17:25.360+0800] GC(22) Pause Final Mark (unload classes) 0.460ms
[2024-08-29T23:17:25.360+0800] GC(22) Concurrent weak references
[2024-08-29T23:17:25.360+0800] GC(22) Using 2 of 4 workers for concurrent weak references
[2024-08-29T23:17:25.360+0800] GC(22) Encountered references: Soft: 178, Weak: 297, Final: 0, Phantom: 5
[2024-08-29T23:17:25.360+0800] GC(22) Discovered  references: Soft: 0, Weak: 113, Final: 0, Phantom: 5
[2024-08-29T23:17:25.360+0800] GC(22) Enqueued    references: Soft: 0, Weak: 0, Final: 0, Phantom: 0
[2024-08-29T23:17:25.360+0800] GC(22) Concurrent weak references 0.118ms
[2024-08-29T23:17:25.360+0800] GC(22) Concurrent weak roots
[2024-08-29T23:17:25.360+0800] GC(22) Using 2 of 4 workers for concurrent weak root
[2024-08-29T23:17:25.361+0800] GC(22) Concurrent weak roots 0.266ms
[2024-08-29T23:17:25.361+0800] GC(22) Concurrent cleanup
[2024-08-29T23:17:25.361+0800] GC(22) Concurrent cleanup 1492M->123M(2048M) 0.102ms
[2024-08-29T23:17:25.361+0800] GC(22) Free: 1808M, Max: 1024K regular, 467M humongous, Frag: 75% external, 0% internal; Reserve: 103M, Max: 1024K
[2024-08-29T23:17:25.361+0800] GC(22) Concurrent class unloading
[2024-08-29T23:17:25.361+0800] GC(22) Using 2 of 4 workers for concurrent class unloading
[2024-08-29T23:17:25.361+0800] GC(22) Concurrent class unloading 0.750ms
[2024-08-29T23:17:25.361+0800] GC(22) Pause Final Roots
[2024-08-29T23:17:25.361+0800] GC(22) Pause Final Roots 0.014ms
[2024-08-29T23:17:25.362+0800] Free: 1808M, Max: 1024K regular, 467M humongous, Frag: 75% external, 0% internal; Reserve: 103M, Max: 1024K
[2024-08-29T23:17:25.362+0800] 
[2024-08-29T23:17:25.362+0800] All times are wall-clock times, except per-root-class counters, that are sum over
[2024-08-29T23:17:25.362+0800] all workers. Dividing the <total> over the root stage time estimates parallelism.
[2024-08-29T23:17:25.362+0800] 
[2024-08-29T23:17:25.362+0800] Concurrent Reset                   1152 us
[2024-08-29T23:17:25.362+0800] Pause Init Mark (G)                 214 us
[2024-08-29T23:17:25.362+0800] Pause Init Mark (N)                 131 us
[2024-08-29T23:17:25.362+0800]   Update Region States               71 us
[2024-08-29T23:17:25.362+0800] Concurrent Mark Roots               235 us, parallelism: 1.09x
[2024-08-29T23:17:25.362+0800]   CMR: <total>                      257 us
[2024-08-29T23:17:25.362+0800]   CMR: Thread Roots                 214 us, workers (us):  93, 120, ---, ---, 
[2024-08-29T23:17:25.362+0800]   CMR: VM Strong Roots                5 us, workers (us):   4,   0, ---, ---, 
[2024-08-29T23:17:25.362+0800]   CMR: CLDG Roots                    38 us, workers (us):  38, ---, ---, ---, 
[2024-08-29T23:17:25.362+0800] Concurrent Marking                 1461 us
[2024-08-29T23:17:25.362+0800] Pause Final Mark (G)                552 us
[2024-08-29T23:17:25.362+0800] Pause Final Mark (N)                467 us
[2024-08-29T23:17:25.362+0800]   Finish Mark                       152 us
[2024-08-29T23:17:25.362+0800]   Update Region States               57 us
[2024-08-29T23:17:25.362+0800]   Choose Collection Set             216 us
[2024-08-29T23:17:25.362+0800]   Rebuild Free Set                    9 us
[2024-08-29T23:17:25.362+0800] Concurrent Weak References          124 us, parallelism: 0.05x
[2024-08-29T23:17:25.362+0800]   CWRF: <total>                       6 us
[2024-08-29T23:17:25.362+0800]   CWRF: Weak References               6 us, workers (us):   6,   0, ---, ---, 
[2024-08-29T23:17:25.362+0800] Concurrent Weak Roots               280 us
[2024-08-29T23:17:25.362+0800]   Roots                             198 us, parallelism: 1.56x
[2024-08-29T23:17:25.362+0800]     CWR: <total>                    309 us
[2024-08-29T23:17:25.362+0800]     CWR: Code Cache Roots           262 us, workers (us): 138, 124, ---, ---, 
[2024-08-29T23:17:25.362+0800]     CWR: VM Weak Roots               45 us, workers (us):  25,  20, ---, ---, 
[2024-08-29T23:17:25.362+0800]     CWR: CLDG Roots                   2 us, workers (us): ---,   2, ---, ---, 
[2024-08-29T23:17:25.362+0800]   Rendezvous                         57 us
[2024-08-29T23:17:25.362+0800] Concurrent Cleanup                  109 us
[2024-08-29T23:17:25.362+0800] Concurrent Class Unloading          767 us
[2024-08-29T23:17:25.362+0800]   Unlink Stale                      624 us
[2024-08-29T23:17:25.362+0800]     System Dictionary                 2 us
[2024-08-29T23:17:25.362+0800]     Weak Class Links                  0 us
[2024-08-29T23:17:25.362+0800]     Code Roots                      621 us
[2024-08-29T23:17:25.362+0800]   Rendezvous                         59 us
[2024-08-29T23:17:25.362+0800]   Purge Unlinked                     54 us
[2024-08-29T23:17:25.362+0800]     Code Roots                       43 us
[2024-08-29T23:17:25.362+0800]     CLDG                             11 us
[2024-08-29T23:17:25.362+0800]     Exception Caches                  0 us
[2024-08-29T23:17:25.362+0800] Pause Final Roots (G)                82 us
[2024-08-29T23:17:25.362+0800] Pause Final Roots (N)                20 us
[2024-08-29T23:17:25.362+0800] 
[2024-08-29T23:17:25.362+0800] Allocation pacing accrued:
[2024-08-29T23:17:25.362+0800]       0 of   682 ms (  0.0%): <total>
[2024-08-29T23:17:25.362+0800]       0 of   682 ms (  0.0%): <average total>
[2024-08-29T23:17:25.362+0800] 
[2024-08-29T23:17:25.362+0800] Metaspace: 1648K(1792K)->1648K(1792K) NonClass: 1529K(1600K)->1529K(1600K) Class: 119K(192K)->119K(192K)
[2024-08-29T23:17:25.362+0800] Pacer for Idle. Initial: 41943K, Alloc Tax Rate: 1.0x
[2024-08-29T23:17:26.052+0800] Trigger: Free (195M) is below minimum threshold (204M)
[2024-08-29T23:17:26.052+0800] Free: 195M, Max: 1024K regular, 172M humongous, Frag: 12% external, 0% internal; Reserve: 103M, Max: 1024K
[2024-08-29T23:17:26.052+0800] GC(23) Concurrent reset
[2024-08-29T23:17:26.052+0800] GC(23) Using 2 of 4 workers for concurrent reset
[2024-08-29T23:17:26.052+0800] GC(23) Pacer for Reset. Non-Taxable: 2048M
[2024-08-29T23:17:26.052+0800] GC(23) Concurrent reset 0.588ms
[2024-08-29T23:17:26.052+0800] GC(23) Pause Init Mark (unload classes)
[2024-08-29T23:17:26.052+0800] GC(23) Using 4 of 4 workers for init marking
[2024-08-29T23:17:26.052+0800] GC(23) Pacer for Mark. Expected Live: 124M, Free: 195M, Non-Taxable: 19968K, Alloc Tax Rate: 0.8x
[2024-08-29T23:17:26.052+0800] GC(23) Pause Init Mark (unload classes) 0.107ms
[2024-08-29T23:17:26.052+0800] GC(23) Concurrent marking roots
[2024-08-29T23:17:26.052+0800] GC(23) Using 2 of 4 workers for concurrent marking roots
[2024-08-29T23:17:26.053+0800] GC(23) Concurrent marking roots 0.213ms
[2024-08-29T23:17:26.053+0800] GC(23) Concurrent marking (unload classes)
[2024-08-29T23:17:26.053+0800] GC(23) Using 2 of 4 workers for concurrent marking
[2024-08-29T23:17:26.054+0800] GC(23) Concurrent marking (unload classes) 1.392ms
[2024-08-29T23:17:26.054+0800] GC(23) Pause Final Mark (unload classes)
[2024-08-29T23:17:26.054+0800] GC(23) Using 4 of 4 workers for final marking
[2024-08-29T23:17:26.055+0800] GC(23) Collectable Garbage: 1426M (97%), Immediate: 1426M (97%), CSet: 0B (0%)
[2024-08-29T23:17:26.055+0800] GC(23) Pause Final Mark (unload classes) 0.468ms
[2024-08-29T23:17:26.055+0800] GC(23) Concurrent weak references
[2024-08-29T23:17:26.055+0800] GC(23) Using 2 of 4 workers for concurrent weak references
[2024-08-29T23:17:26.055+0800] GC(23) Encountered references: Soft: 178, Weak: 297, Final: 0, Phantom: 5
[2024-08-29T23:17:26.055+0800] GC(23) Discovered  references: Soft: 0, Weak: 113, Final: 0, Phantom: 3
[2024-08-29T23:17:26.055+0800] GC(23) Enqueued    references: Soft: 0, Weak: 0, Final: 0, Phantom: 0
[2024-08-29T23:17:26.055+0800] GC(23) Concurrent weak references 0.108ms
[2024-08-29T23:17:26.055+0800] GC(23) Concurrent weak roots
[2024-08-29T23:17:26.055+0800] GC(23) Using 2 of 4 workers for concurrent weak root
[2024-08-29T23:17:26.055+0800] GC(23) Concurrent weak roots 0.334ms
[2024-08-29T23:17:26.055+0800] GC(23) Concurrent cleanup
[2024-08-29T23:17:26.055+0800] GC(23) Concurrent cleanup 1523M->96M(2048M) 0.101ms
[2024-08-29T23:17:26.055+0800] GC(23) Free: 1841M, Max: 1024K regular, 560M humongous, Frag: 70% external, 0% internal; Reserve: 103M, Max: 1024K
[2024-08-29T23:17:26.055+0800] GC(23) Concurrent class unloading
[2024-08-29T23:17:26.055+0800] GC(23) Using 2 of 4 workers for concurrent class unloading
[2024-08-29T23:17:26.056+0800] GC(23) Concurrent class unloading 1.025ms
[2024-08-29T23:17:26.056+0800] GC(23) Pause Final Roots
[2024-08-29T23:17:26.056+0800] GC(23) Pause Final Roots 0.018ms
[2024-08-29T23:17:26.056+0800] Free: 1837M, Max: 1024K regular, 560M humongous, Frag: 70% external, 0% internal; Reserve: 103M, Max: 1024K
[2024-08-29T23:17:26.056+0800] 
[2024-08-29T23:17:26.056+0800] All times are wall-clock times, except per-root-class counters, that are sum over
[2024-08-29T23:17:26.056+0800] all workers. Dividing the <total> over the root stage time estimates parallelism.
[2024-08-29T23:17:26.056+0800] 
[2024-08-29T23:17:26.056+0800] Concurrent Reset                    606 us
[2024-08-29T23:17:26.056+0800] Pause Init Mark (G)                 195 us
[2024-08-29T23:17:26.056+0800] Pause Init Mark (N)                 114 us
[2024-08-29T23:17:26.056+0800]   Update Region States               68 us
[2024-08-29T23:17:26.056+0800] Concurrent Mark Roots               225 us, parallelism: 0.94x
[2024-08-29T23:17:26.056+0800]   CMR: <total>                      210 us
[2024-08-29T23:17:26.056+0800]   CMR: Thread Roots                 174 us, workers (us):  77,  97, ---, ---, 
[2024-08-29T23:17:26.056+0800]   CMR: VM Strong Roots                4 us, workers (us):   3,   0, ---, ---, 
[2024-08-29T23:17:26.056+0800]   CMR: CLDG Roots                    33 us, workers (us):  33, ---, ---, ---, 
[2024-08-29T23:17:26.056+0800] Concurrent Marking                 1413 us
[2024-08-29T23:17:26.056+0800] Pause Final Mark (G)                576 us
[2024-08-29T23:17:26.056+0800] Pause Final Mark (N)                476 us
[2024-08-29T23:17:26.057+0800]   Finish Mark                       137 us
[2024-08-29T23:17:26.057+0800]   Update Region States               84 us
[2024-08-29T23:17:26.057+0800]   Choose Collection Set             214 us
[2024-08-29T23:17:26.057+0800]   Rebuild Free Set                    9 us
[2024-08-29T23:17:26.057+0800] Concurrent Weak References          114 us, parallelism: 0.06x
[2024-08-29T23:17:26.057+0800]   CWRF: <total>                       6 us
[2024-08-29T23:17:26.057+0800]   CWRF: Weak References               6 us, workers (us):   6,   0, ---, ---, 
[2024-08-29T23:17:26.057+0800] Concurrent Weak Roots               346 us
[2024-08-29T23:17:26.057+0800]   Roots                             262 us, parallelism: 1.42x
[2024-08-29T23:17:26.057+0800]     CWR: <total>                    373 us
[2024-08-29T23:17:26.057+0800]     CWR: Code Cache Roots           295 us, workers (us): 138, 156, ---, ---, 
[2024-08-29T23:17:26.057+0800]     CWR: VM Weak Roots               76 us, workers (us):  41,  35, ---, ---, 
[2024-08-29T23:17:26.057+0800]     CWR: CLDG Roots                   3 us, workers (us):   3, ---, ---, ---, 
[2024-08-29T23:17:26.057+0800]   Rendezvous                         61 us
[2024-08-29T23:17:26.057+0800] Concurrent Cleanup                  107 us
[2024-08-29T23:17:26.057+0800] Concurrent Class Unloading         1043 us
[2024-08-29T23:17:26.057+0800]   Unlink Stale                      861 us
[2024-08-29T23:17:26.057+0800]     System Dictionary                 2 us
[2024-08-29T23:17:26.057+0800]     Weak Class Links                  0 us
[2024-08-29T23:17:26.057+0800]     Code Roots                      858 us
[2024-08-29T23:17:26.057+0800]   Rendezvous                         69 us
[2024-08-29T23:17:26.057+0800]   Purge Unlinked                     84 us
[2024-08-29T23:17:26.057+0800]     Code Roots                       72 us
[2024-08-29T23:17:26.057+0800]     CLDG                             11 us
[2024-08-29T23:17:26.057+0800]     Exception Caches                  0 us
[2024-08-29T23:17:26.057+0800] Pause Final Roots (G)                72 us
[2024-08-29T23:17:26.057+0800] Pause Final Roots (N)                26 us
[2024-08-29T23:17:26.057+0800] 
[2024-08-29T23:17:26.057+0800] Allocation pacing accrued:
[2024-08-29T23:17:26.057+0800]       0 of   695 ms (  0.0%): <total>
[2024-08-29T23:17:26.057+0800]       0 of   695 ms (  0.0%): <average total>
[2024-08-29T23:17:26.057+0800] 
[2024-08-29T23:17:26.057+0800] Metaspace: 1648K(1792K)->1648K(1792K) NonClass: 1529K(1600K)->1529K(1600K) Class: 119K(192K)->119K(192K)
[2024-08-29T23:17:26.057+0800] Pacer for Idle. Initial: 41943K, Alloc Tax Rate: 1.0x
[2024-08-29T23:17:26.762+0800] Trigger: Free (202M) is below minimum threshold (204M)
[2024-08-29T23:17:26.762+0800] Free: 202M, Max: 1024K regular, 172M humongous, Frag: 15% external, 0% internal; Reserve: 103M, Max: 1024K
[2024-08-29T23:17:26.762+0800] GC(24) Concurrent reset
[2024-08-29T23:17:26.762+0800] GC(24) Using 2 of 4 workers for concurrent reset
[2024-08-29T23:17:26.762+0800] GC(24) Pacer for Reset. Non-Taxable: 2048M
[2024-08-29T23:17:26.762+0800] GC(24) Concurrent reset 0.528ms
[2024-08-29T23:17:26.762+0800] GC(24) Pause Init Mark (unload classes)
[2024-08-29T23:17:26.762+0800] GC(24) Using 4 of 4 workers for init marking
[2024-08-29T23:17:26.763+0800] GC(24) Pacer for Mark. Expected Live: 106M, Free: 202M, Non-Taxable: 20707K, Alloc Tax Rate: 0.6x
[2024-08-29T23:17:26.763+0800] GC(24) Pause Init Mark (unload classes) 0.082ms
[2024-08-29T23:17:26.763+0800] GC(24) Concurrent marking roots
[2024-08-29T23:17:26.763+0800] GC(24) Using 2 of 4 workers for concurrent marking roots
[2024-08-29T23:17:26.763+0800] GC(24) Concurrent marking roots 0.212ms
[2024-08-29T23:17:26.763+0800] GC(24) Concurrent marking (unload classes)
[2024-08-29T23:17:26.763+0800] GC(24) Using 2 of 4 workers for concurrent marking
[2024-08-29T23:17:26.764+0800] GC(24) Concurrent marking (unload classes) 1.288ms
[2024-08-29T23:17:26.764+0800] GC(24) Pause Final Mark (unload classes)
[2024-08-29T23:17:26.764+0800] GC(24) Using 4 of 4 workers for final marking
[2024-08-29T23:17:26.765+0800] GC(24) Collectable Garbage: 1418M (97%), Immediate: 1418M (97%), CSet: 0B (0%)
[2024-08-29T23:17:26.765+0800] GC(24) Pause Final Mark (unload classes) 0.469ms
[2024-08-29T23:17:26.765+0800] GC(24) Concurrent weak references
[2024-08-29T23:17:26.765+0800] GC(24) Using 2 of 4 workers for concurrent weak references
[2024-08-29T23:17:26.765+0800] GC(24) Encountered references: Soft: 178, Weak: 297, Final: 0, Phantom: 5
[2024-08-29T23:17:26.765+0800] GC(24) Discovered  references: Soft: 0, Weak: 113, Final: 0, Phantom: 5
[2024-08-29T23:17:26.765+0800] GC(24) Enqueued    references: Soft: 0, Weak: 0, Final: 0, Phantom: 0
[2024-08-29T23:17:26.765+0800] GC(24) Concurrent weak references 0.110ms
[2024-08-29T23:17:26.765+0800] GC(24) Concurrent weak roots
[2024-08-29T23:17:26.765+0800] GC(24) Using 2 of 4 workers for concurrent weak root
[2024-08-29T23:17:26.765+0800] GC(24) Concurrent weak roots 0.457ms
[2024-08-29T23:17:26.765+0800] GC(24) Concurrent cleanup
[2024-08-29T23:17:26.765+0800] GC(24) Concurrent cleanup 1503M->84M(2048M) 0.101ms
[2024-08-29T23:17:26.765+0800] GC(24) Free: 1850M, Max: 1024K regular, 588M humongous, Frag: 69% external, 0% internal; Reserve: 103M, Max: 1024K
[2024-08-29T23:17:26.765+0800] GC(24) Concurrent class unloading
[2024-08-29T23:17:26.765+0800] GC(24) Using 2 of 4 workers for concurrent class unloading
[2024-08-29T23:17:26.767+0800] GC(24) Concurrent class unloading 1.883ms
[2024-08-29T23:17:26.769+0800] GC(24) Pause Final Roots
[2024-08-29T23:17:26.769+0800] GC(24) Pause Final Roots 0.024ms
[2024-08-29T23:17:26.769+0800] Free: 1830M, Max: 1024K regular, 588M humongous, Frag: 68% external, 0% internal; Reserve: 103M, Max: 1024K
[2024-08-29T23:17:26.769+0800] 
[2024-08-29T23:17:26.769+0800] All times are wall-clock times, except per-root-class counters, that are sum over
[2024-08-29T23:17:26.769+0800] all workers. Dividing the <total> over the root stage time estimates parallelism.
[2024-08-29T23:17:26.769+0800] 
[2024-08-29T23:17:26.769+0800] Concurrent Reset                    549 us
[2024-08-29T23:17:26.769+0800] Pause Init Mark (G)                 221 us
[2024-08-29T23:17:26.769+0800] Pause Init Mark (N)                  88 us
[2024-08-29T23:17:26.769+0800]   Update Region States               40 us
[2024-08-29T23:17:26.769+0800] Concurrent Mark Roots               225 us, parallelism: 0.97x
[2024-08-29T23:17:26.769+0800]   CMR: <total>                      217 us
[2024-08-29T23:17:26.769+0800]   CMR: Thread Roots                 180 us, workers (us):  75, 104, ---, ---, 
[2024-08-29T23:17:26.769+0800]   CMR: VM Strong Roots                4 us, workers (us):   4,   0, ---, ---, 
[2024-08-29T23:17:26.769+0800]   CMR: CLDG Roots                    33 us, workers (us):  33, ---, ---, ---, 
[2024-08-29T23:17:26.769+0800] Concurrent Marking                 1303 us
[2024-08-29T23:17:26.769+0800] Pause Final Mark (G)                591 us
[2024-08-29T23:17:26.769+0800] Pause Final Mark (N)                491 us
[2024-08-29T23:17:26.769+0800]   Finish Mark                       143 us
[2024-08-29T23:17:26.769+0800]   Update Region States               82 us
[2024-08-29T23:17:26.769+0800]   Choose Collection Set             216 us
[2024-08-29T23:17:26.769+0800]   Rebuild Free Set                    8 us
[2024-08-29T23:17:26.769+0800] Concurrent Weak References          116 us, parallelism: 0.06x
[2024-08-29T23:17:26.769+0800]   CWRF: <total>                       7 us
[2024-08-29T23:17:26.769+0800]   CWRF: Weak References               7 us, workers (us):   7,   0, ---, ---, 
[2024-08-29T23:17:26.769+0800] Concurrent Weak Roots               470 us
[2024-08-29T23:17:26.769+0800]   Roots                             359 us, parallelism: 1.52x
[2024-08-29T23:17:26.770+0800]     CWR: <total>                    548 us
[2024-08-29T23:17:26.770+0800]     CWR: Code Cache Roots           464 us, workers (us): 213, 251, ---, ---, 
[2024-08-29T23:17:26.770+0800]     CWR: VM Weak Roots               81 us, workers (us):  45,  36, ---, ---, 
[2024-08-29T23:17:26.770+0800]     CWR: CLDG Roots                   3 us, workers (us):   3, ---, ---, ---, 
[2024-08-29T23:17:26.770+0800]   Rendezvous                         86 us
[2024-08-29T23:17:26.770+0800] Concurrent Cleanup                  107 us
[2024-08-29T23:17:26.770+0800] Concurrent Class Unloading         1909 us
[2024-08-29T23:17:26.770+0800]   Unlink Stale                      627 us
[2024-08-29T23:17:26.770+0800]     System Dictionary                 3 us
[2024-08-29T23:17:26.770+0800]     Weak Class Links                  0 us
[2024-08-29T23:17:26.770+0800]     Code Roots                      624 us
[2024-08-29T23:17:26.770+0800]   Rendezvous                       1148 us
[2024-08-29T23:17:26.770+0800]   Purge Unlinked                     95 us
[2024-08-29T23:17:26.770+0800]     Code Roots                       80 us
[2024-08-29T23:17:26.770+0800]     CLDG                             15 us
[2024-08-29T23:17:26.770+0800]     Exception Caches                  0 us
[2024-08-29T23:17:26.770+0800] Pause Final Roots (G)              1963 us
[2024-08-29T23:17:26.770+0800] Pause Final Roots (N)                32 us
[2024-08-29T23:17:26.770+0800] 
[2024-08-29T23:17:26.770+0800] Allocation pacing accrued:
[2024-08-29T23:17:26.770+0800]       0 of   713 ms (  0.0%): <total>
[2024-08-29T23:17:26.770+0800]       0 of   713 ms (  0.0%): <average total>
[2024-08-29T23:17:26.770+0800] 
[2024-08-29T23:17:26.770+0800] Metaspace: 1648K(1792K)->1648K(1792K) NonClass: 1529K(1600K)->1529K(1600K) Class: 119K(192K)->119K(192K)
[2024-08-29T23:17:26.770+0800] Pacer for Idle. Initial: 41943K, Alloc Tax Rate: 1.0x
[2024-08-29T23:17:27.438+0800] Trigger: Free (199M) is below minimum threshold (204M)
[2024-08-29T23:17:27.438+0800] Free: 199M, Max: 1024K regular, 172M humongous, Frag: 14% external, 0% internal; Reserve: 103M, Max: 1024K
[2024-08-29T23:17:27.438+0800] GC(25) Concurrent reset
[2024-08-29T23:17:27.438+0800] GC(25) Using 2 of 4 workers for concurrent reset
[2024-08-29T23:17:27.438+0800] GC(25) Pacer for Reset. Non-Taxable: 2048M
[2024-08-29T23:17:27.439+0800] GC(25) Concurrent reset 0.474ms
[2024-08-29T23:17:27.440+0800] GC(25) Pause Init Mark (unload classes)
[2024-08-29T23:17:27.440+0800] GC(25) Using 4 of 4 workers for init marking
[2024-08-29T23:17:27.440+0800] GC(25) Pacer for Mark. Expected Live: 91680K, Free: 194M, Non-Taxable: 19898K, Alloc Tax Rate: 0.6x
[2024-08-29T23:17:27.440+0800] GC(25) Pause Init Mark (unload classes) 0.085ms
[2024-08-29T23:17:27.440+0800] GC(25) Concurrent marking roots
[2024-08-29T23:17:27.440+0800] GC(25) Using 2 of 4 workers for concurrent marking roots
[2024-08-29T23:17:27.441+0800] GC(25) Concurrent marking roots 0.208ms
[2024-08-29T23:17:27.441+0800] GC(25) Concurrent marking (unload classes)
[2024-08-29T23:17:27.441+0800] GC(25) Using 2 of 4 workers for concurrent marking
[2024-08-29T23:17:27.443+0800] GC(25) Concurrent marking (unload classes) 2.226ms
[2024-08-29T23:17:27.443+0800] GC(25) Pause Final Mark (unload classes)
[2024-08-29T23:17:27.443+0800] GC(25) Using 4 of 4 workers for final marking
[2024-08-29T23:17:27.443+0800] GC(25) Collectable Garbage: 1282M (96%), Immediate: 1282M (96%), CSet: 0B (0%)
[2024-08-29T23:17:27.443+0800] GC(25) Pause Final Mark (unload classes) 0.365ms
[2024-08-29T23:17:27.443+0800] GC(25) Concurrent weak references
[2024-08-29T23:17:27.443+0800] GC(25) Using 2 of 4 workers for concurrent weak references
[2024-08-29T23:17:27.443+0800] GC(25) Encountered references: Soft: 178, Weak: 297, Final: 0, Phantom: 5
[2024-08-29T23:17:27.443+0800] GC(25) Discovered  references: Soft: 0, Weak: 240, Final: 0, Phantom: 5
[2024-08-29T23:17:27.443+0800] GC(25) Enqueued    references: Soft: 0, Weak: 0, Final: 0, Phantom: 0
[2024-08-29T23:17:27.443+0800] GC(25) Concurrent weak references 0.074ms
[2024-08-29T23:17:27.443+0800] GC(25) Concurrent weak roots
[2024-08-29T23:17:27.443+0800] GC(25) Using 2 of 4 workers for concurrent weak root
[2024-08-29T23:17:27.444+0800] GC(25) Concurrent weak roots 0.414ms
[2024-08-29T23:17:27.444+0800] GC(25) Concurrent cleanup
[2024-08-29T23:17:27.444+0800] GC(25) Concurrent cleanup 1495M->213M(2048M) 0.102ms
[2024-08-29T23:17:27.444+0800] GC(25) Free: 1704M, Max: 1024K regular, 246M humongous, Frag: 86% external, 0% internal; Reserve: 103M, Max: 1024K
[2024-08-29T23:17:27.444+0800] GC(25) Concurrent class unloading
[2024-08-29T23:17:27.444+0800] GC(25) Using 2 of 4 workers for concurrent class unloading
[2024-08-29T23:17:27.446+0800] GC(25) Concurrent class unloading 2.359ms
[2024-08-29T23:17:27.446+0800] GC(25) Pause Final Roots
[2024-08-29T23:17:27.446+0800] GC(25) Pause Final Roots 0.016ms
[2024-08-29T23:17:27.446+0800] Free: 1693M, Max: 1024K regular, 246M humongous, Frag: 86% external, 0% internal; Reserve: 103M, Max: 1024K
[2024-08-29T23:17:27.446+0800] 
[2024-08-29T23:17:27.446+0800] All times are wall-clock times, except per-root-class counters, that are sum over
[2024-08-29T23:17:27.446+0800] all workers. Dividing the <total> over the root stage time estimates parallelism.
[2024-08-29T23:17:27.446+0800] 
[2024-08-29T23:17:27.446+0800] Concurrent Reset                    500 us
[2024-08-29T23:17:27.447+0800] Pause Init Mark (G)                1456 us
[2024-08-29T23:17:27.447+0800] Pause Init Mark (N)                  92 us
[2024-08-29T23:17:27.447+0800]   Update Region States               38 us
[2024-08-29T23:17:27.447+0800] Concurrent Mark Roots               222 us, parallelism: 0.87x
[2024-08-29T23:17:27.447+0800]   CMR: <total>                      194 us
[2024-08-29T23:17:27.447+0800]   CMR: Thread Roots                 146 us, workers (us):  68,  78, ---, ---, 
[2024-08-29T23:17:27.447+0800]   CMR: VM Strong Roots                6 us, workers (us):   6,   0, ---, ---, 
[2024-08-29T23:17:27.447+0800]   CMR: CLDG Roots                    42 us, workers (us):  42, ---, ---, ---, 
[2024-08-29T23:17:27.447+0800] Concurrent Marking                 2249 us
[2024-08-29T23:17:27.447+0800] Pause Final Mark (G)                430 us
[2024-08-29T23:17:27.447+0800] Pause Final Mark (N)                373 us
[2024-08-29T23:17:27.447+0800]   Finish Mark                        76 us
[2024-08-29T23:17:27.447+0800]   Update Region States               32 us
[2024-08-29T23:17:27.447+0800]   Choose Collection Set             226 us
[2024-08-29T23:17:27.447+0800]   Rebuild Free Set                   11 us
[2024-08-29T23:17:27.447+0800] Concurrent Weak References           80 us, parallelism: 0.11x
[2024-08-29T23:17:27.447+0800]   CWRF: <total>                       9 us
[2024-08-29T23:17:27.447+0800]   CWRF: Weak References               9 us, workers (us):   9,   0, ---, ---, 
[2024-08-29T23:17:27.447+0800] Concurrent Weak Roots               427 us
[2024-08-29T23:17:27.447+0800]   Roots                             378 us, parallelism: 0.78x
[2024-08-29T23:17:27.447+0800]     CWR: <total>                    295 us
[2024-08-29T23:17:27.447+0800]     CWR: Code Cache Roots           251 us, workers (us): 250,   0, ---, ---, 
[2024-08-29T23:17:27.447+0800]     CWR: VM Weak Roots               43 us, workers (us):  42,   1, ---, ---, 
[2024-08-29T23:17:27.447+0800]     CWR: CLDG Roots                   2 us, workers (us):   2, ---, ---, ---, 
[2024-08-29T23:17:27.447+0800]   Rendezvous                         26 us
[2024-08-29T23:17:27.447+0800] Concurrent Cleanup                  108 us
[2024-08-29T23:17:27.447+0800] Concurrent Class Unloading         2393 us
[2024-08-29T23:17:27.447+0800]   Unlink Stale                      796 us
[2024-08-29T23:17:27.447+0800]     System Dictionary                 2 us
[2024-08-29T23:17:27.447+0800]     Weak Class Links                  0 us
[2024-08-29T23:17:27.447+0800]     Code Roots                      793 us
[2024-08-29T23:17:27.447+0800]   Rendezvous                       1490 us
[2024-08-29T23:17:27.447+0800]   Purge Unlinked                     62 us
[2024-08-29T23:17:27.447+0800]     Code Roots                       48 us
[2024-08-29T23:17:27.447+0800]     CLDG                             13 us
[2024-08-29T23:17:27.447+0800]     Exception Caches                  0 us
[2024-08-29T23:17:27.447+0800] Pause Final Roots (G)                94 us
[2024-08-29T23:17:27.447+0800] Pause Final Roots (N)                23 us
[2024-08-29T23:17:27.447+0800] 
[2024-08-29T23:17:27.447+0800] Allocation pacing accrued:
[2024-08-29T23:17:27.447+0800]       0 of   677 ms (  0.0%): <total>
[2024-08-29T23:17:27.447+0800]       0 of   677 ms (  0.0%): <average total>
[2024-08-29T23:17:27.447+0800] 
[2024-08-29T23:17:27.447+0800] Metaspace: 1648K(1792K)->1648K(1792K) NonClass: 1529K(1600K)->1529K(1600K) Class: 119K(192K)->119K(192K)
[2024-08-29T23:17:27.447+0800] Pacer for Idle. Initial: 41943K, Alloc Tax Rate: 1.0x
[2024-08-29T23:17:28.057+0800] Trigger: Free (199M) is below minimum threshold (204M)
[2024-08-29T23:17:28.057+0800] Free: 199M, Max: 1024K regular, 172M humongous, Frag: 14% external, 0% internal; Reserve: 103M, Max: 1024K
[2024-08-29T23:17:28.057+0800] GC(26) Concurrent reset
[2024-08-29T23:17:28.057+0800] GC(26) Using 2 of 4 workers for concurrent reset
[2024-08-29T23:17:28.058+0800] GC(26) Pacer for Reset. Non-Taxable: 2048M
[2024-08-29T23:17:28.059+0800] GC(26) Concurrent reset 1.377ms
[2024-08-29T23:17:28.059+0800] GC(26) Pause Init Mark (unload classes)
[2024-08-29T23:17:28.059+0800] GC(26) Using 4 of 4 workers for init marking
[2024-08-29T23:17:28.059+0800] GC(26) Pacer for Mark. Expected Live: 88900K, Free: 194M, Non-Taxable: 19904K, Alloc Tax Rate: 0.5x
[2024-08-29T23:17:28.059+0800] GC(26) Pause Init Mark (unload classes) 0.128ms
[2024-08-29T23:17:28.059+0800] GC(26) Concurrent marking roots
[2024-08-29T23:17:28.059+0800] GC(26) Using 2 of 4 workers for concurrent marking roots
[2024-08-29T23:17:28.060+0800] GC(26) Concurrent marking roots 0.192ms
[2024-08-29T23:17:28.060+0800] GC(26) Concurrent marking (unload classes)
[2024-08-29T23:17:28.060+0800] GC(26) Using 2 of 4 workers for concurrent marking
[2024-08-29T23:17:28.061+0800] GC(26) Concurrent marking (unload classes) 1.825ms
[2024-08-29T23:17:28.062+0800] GC(26) Pause Final Mark (unload classes)
[2024-08-29T23:17:28.062+0800] GC(26) Using 4 of 4 workers for final marking
[2024-08-29T23:17:28.062+0800] GC(26) Collectable Garbage: 1280M (96%), Immediate: 1280M (96%), CSet: 0B (0%)
[2024-08-29T23:17:28.062+0800] GC(26) Pause Final Mark (unload classes) 0.422ms
[2024-08-29T23:17:28.062+0800] GC(26) Concurrent weak references
[2024-08-29T23:17:28.062+0800] GC(26) Using 2 of 4 workers for concurrent weak references
[2024-08-29T23:17:28.062+0800] GC(26) Encountered references: Soft: 178, Weak: 297, Final: 0, Phantom: 5
[2024-08-29T23:17:28.062+0800] GC(26) Discovered  references: Soft: 0, Weak: 99, Final: 0, Phantom: 5
[2024-08-29T23:17:28.062+0800] GC(26) Enqueued    references: Soft: 0, Weak: 0, Final: 0, Phantom: 0
[2024-08-29T23:17:28.062+0800] GC(26) Concurrent weak references 0.088ms
[2024-08-29T23:17:28.062+0800] GC(26) Concurrent weak roots
[2024-08-29T23:17:28.062+0800] GC(26) Using 2 of 4 workers for concurrent weak root
[2024-08-29T23:17:28.062+0800] GC(26) Concurrent weak roots 0.334ms
[2024-08-29T23:17:28.062+0800] GC(26) Concurrent cleanup
[2024-08-29T23:17:28.063+0800] GC(26) Concurrent cleanup 1508M->228M(2048M) 0.098ms
[2024-08-29T23:17:28.063+0800] GC(26) Free: 1689M, Max: 1024K regular, 246M humongous, Frag: 86% external, 0% internal; Reserve: 103M, Max: 1024K
[2024-08-29T23:17:28.063+0800] GC(26) Concurrent class unloading
[2024-08-29T23:17:28.063+0800] GC(26) Using 2 of 4 workers for concurrent class unloading
[2024-08-29T23:17:28.064+0800] GC(26) Concurrent class unloading 1.803ms
[2024-08-29T23:17:28.065+0800] GC(26) Pause Final Roots
[2024-08-29T23:17:28.065+0800] GC(26) Pause Final Roots 0.019ms
[2024-08-29T23:17:28.065+0800] Free: 1682M, Max: 1024K regular, 246M humongous, Frag: 86% external, 0% internal; Reserve: 103M, Max: 1024K
[2024-08-29T23:17:28.065+0800] 
[2024-08-29T23:17:28.065+0800] All times are wall-clock times, except per-root-class counters, that are sum over
[2024-08-29T23:17:28.065+0800] all workers. Dividing the <total> over the root stage time estimates parallelism.
[2024-08-29T23:17:28.065+0800] 
[2024-08-29T23:17:28.065+0800] Concurrent Reset                   1407 us
[2024-08-29T23:17:28.065+0800] Pause Init Mark (G)                 554 us
[2024-08-29T23:17:28.065+0800] Pause Init Mark (N)                 136 us
[2024-08-29T23:17:28.065+0800]   Update Region States               61 us
[2024-08-29T23:17:28.065+0800] Concurrent Mark Roots               204 us, parallelism: 1.21x
[2024-08-29T23:17:28.065+0800]   CMR: <total>                      247 us
[2024-08-29T23:17:28.065+0800]   CMR: Thread Roots                 196 us, workers (us):  80, 116, ---, ---, 
[2024-08-29T23:17:28.065+0800]   CMR: VM Strong Roots                5 us, workers (us):   5,   0, ---, ---, 
[2024-08-29T23:17:28.065+0800]   CMR: CLDG Roots                    45 us, workers (us):  45, ---, ---, ---, 
[2024-08-29T23:17:28.065+0800] Concurrent Marking                 1866 us
[2024-08-29T23:17:28.065+0800] Pause Final Mark (G)                529 us
[2024-08-29T23:17:28.065+0800] Pause Final Mark (N)                432 us
[2024-08-29T23:17:28.065+0800]   Finish Mark                       142 us
[2024-08-29T23:17:28.065+0800]   Update Region States               49 us
[2024-08-29T23:17:28.065+0800]   Choose Collection Set             196 us
[2024-08-29T23:17:28.065+0800]   Rebuild Free Set                   10 us
[2024-08-29T23:17:28.065+0800] Concurrent Weak References           94 us, parallelism: 0.07x
[2024-08-29T23:17:28.065+0800]   CWRF: <total>                       7 us
[2024-08-29T23:17:28.065+0800]   CWRF: Weak References               7 us, workers (us):   7,   0, ---, ---, 
[2024-08-29T23:17:28.065+0800] Concurrent Weak Roots               353 us
[2024-08-29T23:17:28.065+0800]   Roots                             233 us, parallelism: 1.34x
[2024-08-29T23:17:28.065+0800]     CWR: <total>                    313 us
[2024-08-29T23:17:28.065+0800]     CWR: Code Cache Roots           263 us, workers (us): 124, 139, ---, ---, 
[2024-08-29T23:17:28.065+0800]     CWR: VM Weak Roots               47 us, workers (us):  33,  14, ---, ---, 
[2024-08-29T23:17:28.065+0800]     CWR: CLDG Roots                   2 us, workers (us):   2, ---, ---, ---, 
[2024-08-29T23:17:28.065+0800]   Rendezvous                         90 us
[2024-08-29T23:17:28.065+0800] Concurrent Cleanup                  105 us
[2024-08-29T23:17:28.065+0800] Concurrent Class Unloading         1826 us
[2024-08-29T23:17:28.065+0800]   Unlink Stale                      550 us
[2024-08-29T23:17:28.065+0800]     System Dictionary                 2 us
[2024-08-29T23:17:28.065+0800]     Weak Class Links                  0 us
[2024-08-29T23:17:28.065+0800]     Code Roots                      547 us
[2024-08-29T23:17:28.065+0800]   Rendezvous                       1137 us
[2024-08-29T23:17:28.065+0800]   Purge Unlinked                    103 us
[2024-08-29T23:17:28.065+0800]     Code Roots                       88 us
[2024-08-29T23:17:28.065+0800]     CLDG                             15 us
[2024-08-29T23:17:28.065+0800]     Exception Caches                  0 us
[2024-08-29T23:17:28.065+0800] Pause Final Roots (G)               481 us
[2024-08-29T23:17:28.065+0800] Pause Final Roots (N)                28 us
[2024-08-29T23:17:28.065+0800] 
[2024-08-29T23:17:28.065+0800] Allocation pacing accrued:
[2024-08-29T23:17:28.065+0800]       0 of   618 ms (  0.0%): <total>
[2024-08-29T23:17:28.065+0800]       0 of   618 ms (  0.0%): <average total>
[2024-08-29T23:17:28.065+0800] 
[2024-08-29T23:17:28.065+0800] Metaspace: 1648K(1792K)->1648K(1792K) NonClass: 1529K(1600K)->1529K(1600K) Class: 119K(192K)->119K(192K)
[2024-08-29T23:17:28.065+0800] Pacer for Idle. Initial: 41943K, Alloc Tax Rate: 1.0x
[2024-08-29T23:17:28.687+0800] Trigger: Free (195M) is below minimum threshold (204M)
[2024-08-29T23:17:28.687+0800] Free: 195M, Max: 1024K regular, 172M humongous, Frag: 12% external, 0% internal; Reserve: 103M, Max: 1024K
[2024-08-29T23:17:28.687+0800] GC(27) Concurrent reset
[2024-08-29T23:17:28.687+0800] GC(27) Using 2 of 4 workers for concurrent reset
[2024-08-29T23:17:28.687+0800] GC(27) Pacer for Reset. Non-Taxable: 2048M
[2024-08-29T23:17:28.689+0800] GC(27) Concurrent reset 1.147ms
[2024-08-29T23:17:28.689+0800] GC(27) Pause Init Mark (unload classes)
[2024-08-29T23:17:28.689+0800] GC(27) Using 4 of 4 workers for init marking
[2024-08-29T23:17:28.689+0800] GC(27) Pacer for Mark. Expected Live: 103M, Free: 195M, Non-Taxable: 20021K, Alloc Tax Rate: 0.6x
[2024-08-29T23:17:28.689+0800] GC(27) Pause Init Mark (unload classes) 0.092ms
[2024-08-29T23:17:28.689+0800] GC(27) Concurrent marking roots
[2024-08-29T23:17:28.689+0800] GC(27) Using 2 of 4 workers for concurrent marking roots
[2024-08-29T23:17:28.689+0800] GC(27) Concurrent marking roots 0.233ms
[2024-08-29T23:17:28.689+0800] GC(27) Concurrent marking (unload classes)
[2024-08-29T23:17:28.689+0800] GC(27) Using 2 of 4 workers for concurrent marking
[2024-08-29T23:17:28.691+0800] GC(27) Concurrent marking (unload classes) 2.012ms
[2024-08-29T23:17:28.691+0800] GC(27) Pause Final Mark (unload classes)
[2024-08-29T23:17:28.691+0800] GC(27) Using 4 of 4 workers for final marking
[2024-08-29T23:17:28.692+0800] GC(27) Collectable Garbage: 1267M (96%), Immediate: 1267M (96%), CSet: 0B (0%)
[2024-08-29T23:17:28.692+0800] GC(27) Pause Final Mark (unload classes) 0.766ms
[2024-08-29T23:17:28.692+0800] GC(27) Concurrent weak references
[2024-08-29T23:17:28.692+0800] GC(27) Using 2 of 4 workers for concurrent weak references
[2024-08-29T23:17:28.693+0800] GC(27) Encountered references: Soft: 178, Weak: 297, Final: 0, Phantom: 5
[2024-08-29T23:17:28.693+0800] GC(27) Discovered  references: Soft: 0, Weak: 113, Final: 0, Phantom: 5
[2024-08-29T23:17:28.693+0800] GC(27) Enqueued    references: Soft: 0, Weak: 0, Final: 0, Phantom: 0
[2024-08-29T23:17:28.693+0800] GC(27) Concurrent weak references 0.632ms
[2024-08-29T23:17:28.693+0800] GC(27) Concurrent weak roots
[2024-08-29T23:17:28.693+0800] GC(27) Using 2 of 4 workers for concurrent weak root
[2024-08-29T23:17:28.694+0800] GC(27) Concurrent weak roots 1.574ms
[2024-08-29T23:17:28.694+0800] GC(27) Concurrent cleanup
[2024-08-29T23:17:28.694+0800] GC(27) Concurrent cleanup 1533M->265M(2048M) 0.108ms
[2024-08-29T23:17:28.694+0800] GC(27) Free: 1646M, Max: 1024K regular, 246M humongous, Frag: 86% external, 0% internal; Reserve: 103M, Max: 1024K
[2024-08-29T23:17:28.694+0800] GC(27) Concurrent class unloading
[2024-08-29T23:17:28.694+0800] GC(27) Using 2 of 4 workers for concurrent class unloading
[2024-08-29T23:17:28.696+0800] GC(27) Concurrent class unloading 1.595ms
[2024-08-29T23:17:28.696+0800] GC(27) Pause Final Roots
[2024-08-29T23:17:28.696+0800] GC(27) Pause Final Roots 0.016ms
[2024-08-29T23:17:28.696+0800] Free: 1645M, Max: 1024K regular, 246M humongous, Frag: 86% external, 0% internal; Reserve: 103M, Max: 1024K
[2024-08-29T23:17:28.696+0800] 
[2024-08-29T23:17:28.696+0800] All times are wall-clock times, except per-root-class counters, that are sum over
[2024-08-29T23:17:28.696+0800] all workers. Dividing the <total> over the root stage time estimates parallelism.
[2024-08-29T23:17:28.696+0800] 
[2024-08-29T23:17:28.696+0800] Concurrent Reset                   1166 us
[2024-08-29T23:17:28.696+0800] Pause Init Mark (G)                 200 us
[2024-08-29T23:17:28.696+0800] Pause Init Mark (N)                  98 us
[2024-08-29T23:17:28.696+0800]   Update Region States               52 us
[2024-08-29T23:17:28.696+0800] Concurrent Mark Roots               244 us, parallelism: 1.08x
[2024-08-29T23:17:28.696+0800]   CMR: <total>                      263 us
[2024-08-29T23:17:28.696+0800]   CMR: Thread Roots                 212 us, workers (us):  87, 125, ---, ---, 
[2024-08-29T23:17:28.696+0800]   CMR: VM Strong Roots                5 us, workers (us):   5,   0, ---, ---, 
[2024-08-29T23:17:28.696+0800]   CMR: CLDG Roots                    46 us, workers (us):  46, ---, ---, ---, 
[2024-08-29T23:17:28.696+0800] Concurrent Marking                 2065 us
[2024-08-29T23:17:28.696+0800] Pause Final Mark (G)                897 us
[2024-08-29T23:17:28.696+0800] Pause Final Mark (N)                788 us
[2024-08-29T23:17:28.696+0800]   Finish Mark                       446 us
[2024-08-29T23:17:28.696+0800]   Update Region States               58 us
[2024-08-29T23:17:28.696+0800]   Choose Collection Set             207 us
[2024-08-29T23:17:28.696+0800]   Rebuild Free Set                    9 us
[2024-08-29T23:17:28.696+0800] Concurrent Weak References          639 us, parallelism: 0.03x
[2024-08-29T23:17:28.696+0800]   CWRF: <total>                      19 us
[2024-08-29T23:17:28.696+0800]   CWRF: Weak References              19 us, workers (us):  19,   0, ---, ---, 
[2024-08-29T23:17:28.696+0800] Concurrent Weak Roots              1596 us
[2024-08-29T23:17:28.696+0800]   Roots                             392 us, parallelism: 1.56x
[2024-08-29T23:17:28.696+0800]     CWR: <total>                    611 us
[2024-08-29T23:17:28.696+0800]     CWR: Code Cache Roots           504 us, workers (us): 249, 254, ---, ---, 
[2024-08-29T23:17:28.696+0800]     CWR: VM Weak Roots              102 us, workers (us):  54,  48, ---, ---, 
[2024-08-29T23:17:28.696+0800]     CWR: CLDG Roots                   5 us, workers (us):   5, ---, ---, ---, 
[2024-08-29T23:17:28.696+0800]   Rendezvous                       1169 us
[2024-08-29T23:17:28.696+0800] Concurrent Cleanup                  116 us
[2024-08-29T23:17:28.696+0800] Concurrent Class Unloading         1611 us
[2024-08-29T23:17:28.696+0800]   Unlink Stale                     1441 us
[2024-08-29T23:17:28.696+0800]     System Dictionary                 3 us
[2024-08-29T23:17:28.696+0800]     Weak Class Links                  0 us
[2024-08-29T23:17:28.696+0800]     Code Roots                     1436 us
[2024-08-29T23:17:28.696+0800]   Rendezvous                         85 us
[2024-08-29T23:17:28.696+0800]   Purge Unlinked                     57 us
[2024-08-29T23:17:28.696+0800]     Code Roots                       44 us
[2024-08-29T23:17:28.696+0800]     CLDG                             12 us
[2024-08-29T23:17:28.696+0800]     Exception Caches                  0 us
[2024-08-29T23:17:28.696+0800] Pause Final Roots (G)                95 us
[2024-08-29T23:17:28.696+0800] Pause Final Roots (N)                24 us
[2024-08-29T23:17:28.696+0800] 
[2024-08-29T23:17:28.696+0800] Allocation pacing accrued:
[2024-08-29T23:17:28.696+0800]       0 of   631 ms (  0.0%): <total>
[2024-08-29T23:17:28.696+0800]       0 of   631 ms (  0.0%): <average total>
[2024-08-29T23:17:28.696+0800] 
[2024-08-29T23:17:28.696+0800] Metaspace: 1648K(1792K)->1648K(1792K) NonClass: 1529K(1600K)->1529K(1600K) Class: 119K(192K)->119K(192K)
[2024-08-29T23:17:28.696+0800] Pacer for Idle. Initial: 41943K, Alloc Tax Rate: 1.0x
[2024-08-29T23:17:29.285+0800] Trigger: Free (204M) is below minimum threshold (204M)
[2024-08-29T23:17:29.285+0800] Free: 204M, Max: 1024K regular, 154M humongous, Frag: 25% external, 0% internal; Reserve: 103M, Max: 1024K
[2024-08-29T23:17:29.285+0800] GC(28) Concurrent reset
[2024-08-29T23:17:29.285+0800] GC(28) Using 2 of 4 workers for concurrent reset
[2024-08-29T23:17:29.285+0800] GC(28) Pacer for Reset. Non-Taxable: 2048M
[2024-08-29T23:17:29.287+0800] GC(28) Concurrent reset 1.400ms
[2024-08-29T23:17:29.287+0800] GC(28) Pause Init Mark (unload classes)
[2024-08-29T23:17:29.287+0800] GC(28) Using 4 of 4 workers for init marking
[2024-08-29T23:17:29.287+0800] GC(28) Pacer for Mark. Expected Live: 126M, Free: 201M, Non-Taxable: 20592K, Alloc Tax Rate: 0.8x
[2024-08-29T23:17:29.287+0800] GC(28) Pause Init Mark (unload classes) 0.085ms
[2024-08-29T23:17:29.287+0800] GC(28) Concurrent marking roots
[2024-08-29T23:17:29.287+0800] GC(28) Using 2 of 4 workers for concurrent marking roots
[2024-08-29T23:17:29.287+0800] GC(28) Concurrent marking roots 0.231ms
[2024-08-29T23:17:29.287+0800] GC(28) Concurrent marking (unload classes)
[2024-08-29T23:17:29.287+0800] GC(28) Using 2 of 4 workers for concurrent marking
[2024-08-29T23:17:29.290+0800] GC(28) Concurrent marking (unload classes) 2.972ms
[2024-08-29T23:17:29.291+0800] GC(28) Pause Final Mark (unload classes)
[2024-08-29T23:17:29.291+0800] GC(28) Using 4 of 4 workers for final marking
[2024-08-29T23:17:29.292+0800] GC(28) Collectable Garbage: 1254M (96%), Immediate: 1254M (96%), CSet: 0B (0%)
[2024-08-29T23:17:29.292+0800] GC(28) Pause Final Mark (unload classes) 0.527ms
[2024-08-29T23:17:29.292+0800] GC(28) Concurrent weak references
[2024-08-29T23:17:29.292+0800] GC(28) Using 2 of 4 workers for concurrent weak references
[2024-08-29T23:17:29.292+0800] GC(28) Encountered references: Soft: 178, Weak: 297, Final: 0, Phantom: 5
[2024-08-29T23:17:29.292+0800] GC(28) Discovered  references: Soft: 0, Weak: 103, Final: 0, Phantom: 5
[2024-08-29T23:17:29.292+0800] GC(28) Enqueued    references: Soft: 0, Weak: 0, Final: 0, Phantom: 0
[2024-08-29T23:17:29.292+0800] GC(28) Concurrent weak references 0.143ms
[2024-08-29T23:17:29.292+0800] GC(28) Concurrent weak roots
[2024-08-29T23:17:29.292+0800] GC(28) Using 2 of 4 workers for concurrent weak root
[2024-08-29T23:17:29.293+0800] GC(28) Concurrent weak roots 1.279ms
[2024-08-29T23:17:29.293+0800] GC(28) Concurrent cleanup
[2024-08-29T23:17:29.293+0800] GC(28) Concurrent cleanup 1512M->259M(2048M) 0.105ms
[2024-08-29T23:17:29.293+0800] GC(28) Free: 1652M, Max: 1024K regular, 172M humongous, Frag: 90% external, 0% internal; Reserve: 103M, Max: 1024K
[2024-08-29T23:17:29.293+0800] GC(28) Concurrent class unloading
[2024-08-29T23:17:29.293+0800] GC(28) Using 2 of 4 workers for concurrent class unloading
[2024-08-29T23:17:29.294+0800] GC(28) Concurrent class unloading 0.809ms
[2024-08-29T23:17:29.294+0800] GC(28) Pause Final Roots
[2024-08-29T23:17:29.294+0800] GC(28) Pause Final Roots 0.015ms
[2024-08-29T23:17:29.294+0800] Free: 1652M, Max: 1024K regular, 172M humongous, Frag: 90% external, 0% internal; Reserve: 103M, Max: 1024K
[2024-08-29T23:17:29.294+0800] 
[2024-08-29T23:17:29.294+0800] All times are wall-clock times, except per-root-class counters, that are sum over
[2024-08-29T23:17:29.294+0800] all workers. Dividing the <total> over the root stage time estimates parallelism.
[2024-08-29T23:17:29.294+0800] 
[2024-08-29T23:17:29.294+0800] Concurrent Reset                   1434 us
[2024-08-29T23:17:29.294+0800] Pause Init Mark (G)                 225 us
[2024-08-29T23:17:29.294+0800] Pause Init Mark (N)                  92 us
[2024-08-29T23:17:29.294+0800]   Update Region States               45 us
[2024-08-29T23:17:29.294+0800] Concurrent Mark Roots               243 us, parallelism: 1.08x
[2024-08-29T23:17:29.294+0800]   CMR: <total>                      262 us
[2024-08-29T23:17:29.294+0800]   CMR: Thread Roots                 212 us, workers (us):  84, 128, ---, ---, 
[2024-08-29T23:17:29.294+0800]   CMR: VM Strong Roots                5 us, workers (us):   5,   0, ---, ---, 
[2024-08-29T23:17:29.294+0800]   CMR: CLDG Roots                    45 us, workers (us):  45, ---, ---, ---, 
[2024-08-29T23:17:29.294+0800] Concurrent Marking                 2992 us
[2024-08-29T23:17:29.294+0800] Pause Final Mark (G)               1570 us
[2024-08-29T23:17:29.294+0800] Pause Final Mark (N)                535 us
[2024-08-29T23:17:29.294+0800]   Finish Mark                       174 us
[2024-08-29T23:17:29.294+0800]   Update Region States               93 us
[2024-08-29T23:17:29.294+0800]   Choose Collection Set             218 us
[2024-08-29T23:17:29.294+0800]   Rebuild Free Set                   11 us
[2024-08-29T23:17:29.294+0800] Concurrent Weak References          151 us, parallelism: 0.08x
[2024-08-29T23:17:29.294+0800]   CWRF: <total>                      12 us
[2024-08-29T23:17:29.294+0800]   CWRF: Weak References              12 us, workers (us):   9,   2, ---, ---, 
[2024-08-29T23:17:29.294+0800] Concurrent Weak Roots              1319 us
[2024-08-29T23:17:29.294+0800]   Roots                             263 us, parallelism: 1.36x
[2024-08-29T23:17:29.294+0800]     CWR: <total>                    358 us
[2024-08-29T23:17:29.294+0800]     CWR: Code Cache Roots           301 us, workers (us): 155, 146, ---, ---, 
[2024-08-29T23:17:29.294+0800]     CWR: VM Weak Roots               55 us, workers (us):  36,  20, ---, ---, 
[2024-08-29T23:17:29.294+0800]     CWR: CLDG Roots                   2 us, workers (us): ---,   2, ---, ---, 
[2024-08-29T23:17:29.294+0800]   Rendezvous                       1002 us
[2024-08-29T23:17:29.294+0800] Concurrent Cleanup                  112 us
[2024-08-29T23:17:29.294+0800] Concurrent Class Unloading          826 us
[2024-08-29T23:17:29.294+0800]   Unlink Stale                      639 us
[2024-08-29T23:17:29.294+0800]     System Dictionary                 3 us
[2024-08-29T23:17:29.294+0800]     Weak Class Links                  0 us
[2024-08-29T23:17:29.294+0800]     Code Roots                      635 us
[2024-08-29T23:17:29.294+0800]   Rendezvous                         69 us
[2024-08-29T23:17:29.294+0800]   Purge Unlinked                     89 us
[2024-08-29T23:17:29.294+0800]     Code Roots                       77 us
[2024-08-29T23:17:29.294+0800]     CLDG                             11 us
[2024-08-29T23:17:29.294+0800]     Exception Caches                  0 us
[2024-08-29T23:17:29.294+0800] Pause Final Roots (G)                91 us
[2024-08-29T23:17:29.294+0800] Pause Final Roots (N)                22 us
[2024-08-29T23:17:29.294+0800] 
[2024-08-29T23:17:29.294+0800] Allocation pacing accrued:
[2024-08-29T23:17:29.294+0800]       0 of   598 ms (  0.0%): <total>
[2024-08-29T23:17:29.294+0800]       0 of   598 ms (  0.0%): <average total>
[2024-08-29T23:17:29.294+0800] 
[2024-08-29T23:17:29.294+0800] Metaspace: 1648K(1792K)->1648K(1792K) NonClass: 1529K(1600K)->1529K(1600K) Class: 119K(192K)->119K(192K)
[2024-08-29T23:17:29.294+0800] Pacer for Idle. Initial: 41943K, Alloc Tax Rate: 1.0x
[2024-08-29T23:17:29.864+0800] Trigger: Free (194M) is below minimum threshold (204M)
[2024-08-29T23:17:29.864+0800] Free: 194M, Max: 1024K regular, 172M humongous, Frag: 12% external, 0% internal; Reserve: 103M, Max: 1024K
[2024-08-29T23:17:29.864+0800] GC(29) Concurrent reset
[2024-08-29T23:17:29.864+0800] GC(29) Using 2 of 4 workers for concurrent reset
[2024-08-29T23:17:29.864+0800] GC(29) Pacer for Reset. Non-Taxable: 2048M
[2024-08-29T23:17:29.868+0800] GC(29) Concurrent reset 3.387ms
[2024-08-29T23:17:29.868+0800] GC(29) Pause Init Mark (unload classes)
[2024-08-29T23:17:29.868+0800] GC(29) Using 4 of 4 workers for init marking
[2024-08-29T23:17:29.868+0800] GC(29) Pacer for Mark. Expected Live: 156M, Free: 177M, Non-Taxable: 18154K, Alloc Tax Rate: 1.1x
[2024-08-29T23:17:29.868+0800] GC(29) Pause Init Mark (unload classes) 0.183ms
[2024-08-29T23:17:29.869+0800] GC(29) Concurrent marking roots
[2024-08-29T23:17:29.869+0800] GC(29) Using 2 of 4 workers for concurrent marking roots
[2024-08-29T23:17:29.869+0800] GC(29) Concurrent marking roots 0.295ms
[2024-08-29T23:17:29.869+0800] GC(29) Concurrent marking (unload classes)
[2024-08-29T23:17:29.869+0800] GC(29) Using 2 of 4 workers for concurrent marking
[2024-08-29T23:17:29.871+0800] GC(29) Concurrent marking (unload classes) 1.745ms
[2024-08-29T23:17:29.871+0800] GC(29) Pause Final Mark (unload classes)
[2024-08-29T23:17:29.871+0800] GC(29) Using 4 of 4 workers for final marking
[2024-08-29T23:17:29.871+0800] GC(29) Collectable Garbage: 1237M (96%), Immediate: 1237M (96%), CSet: 0B (0%)
[2024-08-29T23:17:29.871+0800] GC(29) Pause Final Mark (unload classes) 0.408ms
[2024-08-29T23:17:29.871+0800] GC(29) Concurrent weak references
[2024-08-29T23:17:29.871+0800] GC(29) Using 2 of 4 workers for concurrent weak references
[2024-08-29T23:17:29.871+0800] GC(29) Encountered references: Soft: 178, Weak: 297, Final: 0, Phantom: 5
[2024-08-29T23:17:29.871+0800] GC(29) Discovered  references: Soft: 0, Weak: 113, Final: 0, Phantom: 3
[2024-08-29T23:17:29.871+0800] GC(29) Enqueued    references: Soft: 0, Weak: 0, Final: 0, Phantom: 0
[2024-08-29T23:17:29.871+0800] GC(29) Concurrent weak references 0.108ms
[2024-08-29T23:17:29.871+0800] GC(29) Concurrent weak roots
[2024-08-29T23:17:29.871+0800] GC(29) Using 2 of 4 workers for concurrent weak root
[2024-08-29T23:17:29.872+0800] GC(29) Concurrent weak roots 0.850ms
[2024-08-29T23:17:29.872+0800] GC(29) Concurrent cleanup
[2024-08-29T23:17:29.872+0800] GC(29) Concurrent cleanup 1516M->278M(2048M) 0.122ms
[2024-08-29T23:17:29.872+0800] GC(29) Free: 1627M, Max: 1024K regular, 179M humongous, Frag: 89% external, 0% internal; Reserve: 103M, Max: 1024K
[2024-08-29T23:17:29.872+0800] GC(29) Concurrent class unloading
[2024-08-29T23:17:29.872+0800] GC(29) Using 2 of 4 workers for concurrent class unloading
[2024-08-29T23:17:29.874+0800] GC(29) Concurrent class unloading 1.935ms
[2024-08-29T23:17:29.875+0800] GC(29) Pause Final Roots
[2024-08-29T23:17:29.875+0800] GC(29) Pause Final Roots 0.024ms
[2024-08-29T23:17:29.875+0800] Free: 1615M, Max: 1024K regular, 179M humongous, Frag: 89% external, 0% internal; Reserve: 103M, Max: 1024K
[2024-08-29T23:17:29.875+0800] 
[2024-08-29T23:17:29.875+0800] All times are wall-clock times, except per-root-class counters, that are sum over
[2024-08-29T23:17:29.875+0800] all workers. Dividing the <total> over the root stage time estimates parallelism.
[2024-08-29T23:17:29.875+0800] 
[2024-08-29T23:17:29.875+0800] Concurrent Reset                   3445 us
[2024-08-29T23:17:29.875+0800] Pause Init Mark (G)                 751 us
[2024-08-29T23:17:29.875+0800] Pause Init Mark (N)                 192 us
[2024-08-29T23:17:29.875+0800]   Update Region States              113 us
[2024-08-29T23:17:29.875+0800] Concurrent Mark Roots               311 us, parallelism: 1.01x
[2024-08-29T23:17:29.875+0800]   CMR: <total>                      315 us
[2024-08-29T23:17:29.875+0800]   CMR: Thread Roots                 211 us, workers (us):  63, 149, ---, ---, 
[2024-08-29T23:17:29.875+0800]   CMR: VM Strong Roots               12 us, workers (us):  11,   1, ---, ---, 
[2024-08-29T23:17:29.875+0800]   CMR: CLDG Roots                    93 us, workers (us):  93, ---, ---, ---, 
[2024-08-29T23:17:29.875+0800] Concurrent Marking                 1767 us
[2024-08-29T23:17:29.875+0800] Pause Final Mark (G)                520 us
[2024-08-29T23:17:29.875+0800] Pause Final Mark (N)                415 us
[2024-08-29T23:17:29.875+0800]   Finish Mark                       106 us
[2024-08-29T23:17:29.875+0800]   Update Region States               56 us
[2024-08-29T23:17:29.875+0800]   Choose Collection Set             208 us
[2024-08-29T23:17:29.875+0800]   Rebuild Free Set                   10 us
[2024-08-29T23:17:29.875+0800] Concurrent Weak References          115 us, parallelism: 0.06x
[2024-08-29T23:17:29.875+0800]   CWRF: <total>                       7 us
[2024-08-29T23:17:29.875+0800]   CWRF: Weak References               7 us, workers (us):   7,   0, ---, ---, 
[2024-08-29T23:17:29.875+0800] Concurrent Weak Roots               868 us
[2024-08-29T23:17:29.875+0800]   Roots                             583 us, parallelism: 0.88x
[2024-08-29T23:17:29.875+0800]     CWR: <total>                    515 us
[2024-08-29T23:17:29.875+0800]     CWR: Code Cache Roots           423 us, workers (us): 423,   0, ---, ---, 
[2024-08-29T23:17:29.875+0800]     CWR: VM Weak Roots               88 us, workers (us):  87,   0, ---, ---, 
[2024-08-29T23:17:29.875+0800]     CWR: CLDG Roots                   5 us, workers (us):   5, ---, ---, ---, 
[2024-08-29T23:17:29.875+0800]   Rendezvous                        256 us
[2024-08-29T23:17:29.875+0800] Concurrent Cleanup                  128 us
[2024-08-29T23:17:29.875+0800] Concurrent Class Unloading         1952 us
[2024-08-29T23:17:29.875+0800]   Unlink Stale                      675 us
[2024-08-29T23:17:29.875+0800]     System Dictionary                 3 us
[2024-08-29T23:17:29.875+0800]     Weak Class Links                  0 us
[2024-08-29T23:17:29.875+0800]     Code Roots                      670 us
[2024-08-29T23:17:29.875+0800]   Rendezvous                       1170 us
[2024-08-29T23:17:29.875+0800]   Purge Unlinked                     79 us
[2024-08-29T23:17:29.875+0800]     Code Roots                       77 us
[2024-08-29T23:17:29.875+0800]     CLDG                              2 us
[2024-08-29T23:17:29.875+0800]     Exception Caches                  0 us
[2024-08-29T23:17:29.875+0800] Pause Final Roots (G)               956 us
[2024-08-29T23:17:29.875+0800] Pause Final Roots (N)                33 us
[2024-08-29T23:17:29.875+0800] 
[2024-08-29T23:17:29.875+0800] Allocation pacing accrued:
[2024-08-29T23:17:29.875+0800]       0 of   581 ms (  0.0%): <total>
[2024-08-29T23:17:29.875+0800]       0 of   581 ms (  0.0%): <average total>
[2024-08-29T23:17:29.875+0800] 
[2024-08-29T23:17:29.875+0800] Metaspace: 1648K(1792K)->1648K(1792K) NonClass: 1529K(1600K)->1529K(1600K) Class: 119K(192K)->119K(192K)
[2024-08-29T23:17:29.875+0800] Pacer for Idle. Initial: 41943K, Alloc Tax Rate: 1.0x
[2024-08-29T23:17:30.475+0800] Trigger: Free (196M) is below minimum threshold (204M)
[2024-08-29T23:17:30.475+0800] Free: 191M, Max: 1024K regular, 154M humongous, Frag: 20% external, 0% internal; Reserve: 103M, Max: 1024K
[2024-08-29T23:17:30.475+0800] GC(30) Concurrent reset
[2024-08-29T23:17:30.475+0800] GC(30) Using 2 of 4 workers for concurrent reset
[2024-08-29T23:17:30.475+0800] GC(30) Pacer for Reset. Non-Taxable: 2048M
[2024-08-29T23:17:30.477+0800] GC(30) Concurrent reset 2.098ms
[2024-08-29T23:17:30.478+0800] GC(30) Pause Init Mark (unload classes)
[2024-08-29T23:17:30.478+0800] GC(30) Using 4 of 4 workers for init marking
[2024-08-29T23:17:30.478+0800] GC(30) Pacer for Mark. Expected Live: 193M, Free: 180M, Non-Taxable: 18479K, Alloc Tax Rate: 1.3x
[2024-08-29T23:17:30.478+0800] GC(30) Pause Init Mark (unload classes) 0.203ms
[2024-08-29T23:17:30.478+0800] GC(30) Concurrent marking roots
[2024-08-29T23:17:30.478+0800] GC(30) Using 2 of 4 workers for concurrent marking roots
[2024-08-29T23:17:30.478+0800] GC(30) Concurrent marking roots 0.304ms
[2024-08-29T23:17:30.478+0800] GC(30) Concurrent marking (unload classes)
[2024-08-29T23:17:30.478+0800] GC(30) Using 2 of 4 workers for concurrent marking
[2024-08-29T23:17:30.481+0800] GC(30) Concurrent marking (unload classes) 2.736ms
[2024-08-29T23:17:30.481+0800] GC(30) Pause Final Mark (unload classes)
[2024-08-29T23:17:30.481+0800] GC(30) Using 4 of 4 workers for final marking
[2024-08-29T23:17:30.482+0800] GC(30) Collectable Garbage: 1306M (96%), Immediate: 1306M (96%), CSet: 0B (0%)
[2024-08-29T23:17:30.482+0800] GC(30) Pause Final Mark (unload classes) 0.760ms
[2024-08-29T23:17:30.482+0800] GC(30) Concurrent weak references
[2024-08-29T23:17:30.482+0800] GC(30) Using 2 of 4 workers for concurrent weak references
[2024-08-29T23:17:30.482+0800] GC(30) Encountered references: Soft: 178, Weak: 297, Final: 0, Phantom: 5
[2024-08-29T23:17:30.482+0800] GC(30) Discovered  references: Soft: 0, Weak: 139, Final: 0, Phantom: 5
[2024-08-29T23:17:30.482+0800] GC(30) Enqueued    references: Soft: 0, Weak: 0, Final: 0, Phantom: 0
[2024-08-29T23:17:30.482+0800] GC(30) Concurrent weak references 0.128ms
[2024-08-29T23:17:30.482+0800] GC(30) Concurrent weak roots
[2024-08-29T23:17:30.482+0800] GC(30) Using 2 of 4 workers for concurrent weak root
[2024-08-29T23:17:30.483+0800] GC(30) Concurrent weak roots 0.610ms
[2024-08-29T23:17:30.483+0800] GC(30) Concurrent cleanup
[2024-08-29T23:17:30.483+0800] GC(30) Concurrent cleanup 1523M->217M(2048M) 0.086ms
[2024-08-29T23:17:30.483+0800] GC(30) Free: 1694M, Max: 1024K regular, 246M humongous, Frag: 86% external, 0% internal; Reserve: 103M, Max: 1024K
[2024-08-29T23:17:30.483+0800] GC(30) Concurrent class unloading
[2024-08-29T23:17:30.483+0800] GC(30) Using 2 of 4 workers for concurrent class unloading
[2024-08-29T23:17:30.485+0800] GC(30) Concurrent class unloading 2.287ms
[2024-08-29T23:17:30.486+0800] GC(30) Pause Final Roots
[2024-08-29T23:17:30.487+0800] GC(30) Pause Final Roots 0.028ms
[2024-08-29T23:17:30.487+0800] Free: 1668M, Max: 1024K regular, 246M humongous, Frag: 86% external, 0% internal; Reserve: 103M, Max: 1024K
[2024-08-29T23:17:30.487+0800] 
[2024-08-29T23:17:30.487+0800] All times are wall-clock times, except per-root-class counters, that are sum over
[2024-08-29T23:17:30.487+0800] all workers. Dividing the <total> over the root stage time estimates parallelism.
[2024-08-29T23:17:30.487+0800] 
[2024-08-29T23:17:30.487+0800] Concurrent Reset                   2137 us
[2024-08-29T23:17:30.487+0800] Pause Init Mark (G)                 999 us
[2024-08-29T23:17:30.487+0800] Pause Init Mark (N)                 209 us
[2024-08-29T23:17:30.487+0800]   Update Region States              131 us
[2024-08-29T23:17:30.487+0800] Concurrent Mark Roots               317 us, parallelism: 0.96x
[2024-08-29T23:17:30.487+0800]   CMR: <total>                      306 us
[2024-08-29T23:17:30.487+0800]   CMR: Thread Roots                 220 us, workers (us):  80, 140, ---, ---, 
[2024-08-29T23:17:30.487+0800]   CMR: VM Strong Roots               10 us, workers (us):   9,   0, ---, ---, 
[2024-08-29T23:17:30.487+0800]   CMR: CLDG Roots                    76 us, workers (us):  76, ---, ---, ---, 
[2024-08-29T23:17:30.487+0800] Concurrent Marking                 2770 us
[2024-08-29T23:17:30.487+0800] Pause Final Mark (G)                877 us
[2024-08-29T23:17:30.487+0800] Pause Final Mark (N)                769 us
[2024-08-29T23:17:30.487+0800]   Finish Mark                       288 us
[2024-08-29T23:17:30.487+0800]   Update Region States              133 us
[2024-08-29T23:17:30.487+0800]   Choose Collection Set             296 us
[2024-08-29T23:17:30.487+0800]   Rebuild Free Set                   11 us
[2024-08-29T23:17:30.487+0800] Concurrent Weak References          134 us, parallelism: 0.15x
[2024-08-29T23:17:30.487+0800]   CWRF: <total>                      20 us
[2024-08-29T23:17:30.487+0800]   CWRF: Weak References              20 us, workers (us):  20,   0, ---, ---, 
[2024-08-29T23:17:30.487+0800] Concurrent Weak Roots               634 us
[2024-08-29T23:17:30.487+0800]   Roots                             216 us, parallelism: 1.31x
[2024-08-29T23:17:30.487+0800]     CWR: <total>                    283 us
[2024-08-29T23:17:30.487+0800]     CWR: Code Cache Roots           215 us, workers (us): 110, 105, ---, ---, 
[2024-08-29T23:17:30.487+0800]     CWR: VM Weak Roots               65 us, workers (us):  38,  28, ---, ---, 
[2024-08-29T23:17:30.487+0800]     CWR: CLDG Roots                   3 us, workers (us):   3, ---, ---, ---, 
[2024-08-29T23:17:30.487+0800]   Rendezvous                        384 us
[2024-08-29T23:17:30.487+0800] Concurrent Cleanup                   91 us
[2024-08-29T23:17:30.487+0800] Concurrent Class Unloading         2493 us
[2024-08-29T23:17:30.487+0800]   Unlink Stale                      569 us
[2024-08-29T23:17:30.487+0800]     System Dictionary                 4 us
[2024-08-29T23:17:30.487+0800]     Weak Class Links                  0 us
[2024-08-29T23:17:30.487+0800]     Code Roots                      564 us
[2024-08-29T23:17:30.487+0800]   Rendezvous                       1390 us
[2024-08-29T23:17:30.487+0800]   Purge Unlinked                    312 us
[2024-08-29T23:17:30.487+0800]     Code Roots                      265 us
[2024-08-29T23:17:30.487+0800]     CLDG                             46 us
[2024-08-29T23:17:30.487+0800]     Exception Caches                  1 us
[2024-08-29T23:17:30.487+0800] Pause Final Roots (G)              1284 us
[2024-08-29T23:17:30.487+0800] Pause Final Roots (N)                38 us
[2024-08-29T23:17:30.487+0800] 
[2024-08-29T23:17:30.487+0800] Allocation pacing accrued:
[2024-08-29T23:17:30.487+0800]       0 of   612 ms (  0.0%): <total>
[2024-08-29T23:17:30.487+0800]       0 of   612 ms (  0.0%): <average total>
[2024-08-29T23:17:30.487+0800] 
[2024-08-29T23:17:30.487+0800] Metaspace: 1648K(1792K)->1648K(1792K) NonClass: 1529K(1600K)->1529K(1600K) Class: 119K(192K)->119K(192K)
[2024-08-29T23:17:30.487+0800] Pacer for Idle. Initial: 41943K, Alloc Tax Rate: 1.0x
[2024-08-29T23:17:31.085+0800] Trigger: Free (203M) is below minimum threshold (204M)
[2024-08-29T23:17:31.085+0800] Free: 203M, Max: 1024K regular, 172M humongous, Frag: 16% external, 0% internal; Reserve: 103M, Max: 1024K
[2024-08-29T23:17:31.085+0800] GC(31) Concurrent reset
[2024-08-29T23:17:31.085+0800] GC(31) Using 2 of 4 workers for concurrent reset
[2024-08-29T23:17:31.085+0800] GC(31) Pacer for Reset. Non-Taxable: 2048M
[2024-08-29T23:17:31.086+0800] GC(31) Concurrent reset 1.024ms
[2024-08-29T23:17:31.086+0800] GC(31) Pause Init Mark (unload classes)
[2024-08-29T23:17:31.086+0800] GC(31) Using 4 of 4 workers for init marking
[2024-08-29T23:17:31.086+0800] GC(31) Pacer for Mark. Expected Live: 193M, Free: 201M, Non-Taxable: 20595K, Alloc Tax Rate: 1.2x
[2024-08-29T23:17:31.086+0800] GC(31) Pause Init Mark (unload classes) 0.085ms
[2024-08-29T23:17:31.086+0800] GC(31) Concurrent marking roots
[2024-08-29T23:17:31.086+0800] GC(31) Using 2 of 4 workers for concurrent marking roots
[2024-08-29T23:17:31.087+0800] GC(31) Concurrent marking roots 0.284ms
[2024-08-29T23:17:31.087+0800] GC(31) Concurrent marking (unload classes)
[2024-08-29T23:17:31.087+0800] GC(31) Using 2 of 4 workers for concurrent marking
[2024-08-29T23:17:31.088+0800] GC(31) Concurrent marking (unload classes) 1.926ms
[2024-08-29T23:17:31.089+0800] GC(31) Pause Final Mark (unload classes)
[2024-08-29T23:17:31.089+0800] GC(31) Using 4 of 4 workers for final marking
[2024-08-29T23:17:31.089+0800] GC(31) Collectable Garbage: 1184M (96%), Immediate: 1184M (96%), CSet: 0B (0%)
[2024-08-29T23:17:31.089+0800] GC(31) Pause Final Mark (unload classes) 0.566ms
[2024-08-29T23:17:31.089+0800] GC(31) Concurrent weak references
[2024-08-29T23:17:31.089+0800] GC(31) Using 2 of 4 workers for concurrent weak references
[2024-08-29T23:17:31.089+0800] GC(31) Encountered references: Soft: 178, Weak: 297, Final: 0, Phantom: 5
[2024-08-29T23:17:31.089+0800] GC(31) Discovered  references: Soft: 0, Weak: 113, Final: 0, Phantom: 3
[2024-08-29T23:17:31.089+0800] GC(31) Enqueued    references: Soft: 0, Weak: 0, Final: 0, Phantom: 0
[2024-08-29T23:17:31.089+0800] GC(31) Concurrent weak references 0.238ms
[2024-08-29T23:17:31.089+0800] GC(31) Concurrent weak roots
[2024-08-29T23:17:31.089+0800] GC(31) Using 2 of 4 workers for concurrent weak root
[2024-08-29T23:17:31.090+0800] GC(31) Concurrent weak roots 0.430ms
[2024-08-29T23:17:31.090+0800] GC(31) Concurrent cleanup
[2024-08-29T23:17:31.090+0800] GC(31) Concurrent cleanup 1502M->317M(2048M) 0.101ms
[2024-08-29T23:17:31.090+0800] GC(31) Free: 1582M, Max: 1024K regular, 246M humongous, Frag: 85% external, 0% internal; Reserve: 103M, Max: 1024K
[2024-08-29T23:17:31.090+0800] GC(31) Concurrent class unloading
[2024-08-29T23:17:31.090+0800] GC(31) Using 2 of 4 workers for concurrent class unloading
[2024-08-29T23:17:31.091+0800] GC(31) Concurrent class unloading 0.863ms
[2024-08-29T23:17:31.091+0800] GC(31) Pause Final Roots
[2024-08-29T23:17:31.091+0800] GC(31) Pause Final Roots 0.019ms
[2024-08-29T23:17:31.091+0800] Free: 1582M, Max: 1024K regular, 246M humongous, Frag: 85% external, 0% internal; Reserve: 103M, Max: 1024K
[2024-08-29T23:17:31.091+0800] 
[2024-08-29T23:17:31.091+0800] All times are wall-clock times, except per-root-class counters, that are sum over
[2024-08-29T23:17:31.091+0800] all workers. Dividing the <total> over the root stage time estimates parallelism.
[2024-08-29T23:17:31.091+0800] 
[2024-08-29T23:17:31.091+0800] Concurrent Reset                   1061 us
[2024-08-29T23:17:31.091+0800] Pause Init Mark (G)                 205 us
[2024-08-29T23:17:31.091+0800] Pause Init Mark (N)                  92 us
[2024-08-29T23:17:31.091+0800]   Update Region States               47 us
[2024-08-29T23:17:31.091+0800] Concurrent Mark Roots               301 us, parallelism: 0.67x
[2024-08-29T23:17:31.091+0800]   CMR: <total>                      200 us
[2024-08-29T23:17:31.091+0800]   CMR: Thread Roots                 151 us, workers (us):  73,  78, ---, ---, 
[2024-08-29T23:17:31.091+0800]   CMR: VM Strong Roots                5 us, workers (us):   5,   0, ---, ---, 
[2024-08-29T23:17:31.091+0800]   CMR: CLDG Roots                    44 us, workers (us):  44, ---, ---, ---, 
[2024-08-29T23:17:31.091+0800] Concurrent Marking                 1945 us
[2024-08-29T23:17:31.091+0800] Pause Final Mark (G)                727 us
[2024-08-29T23:17:31.091+0800] Pause Final Mark (N)                576 us
[2024-08-29T23:17:31.091+0800]   Finish Mark                       173 us
[2024-08-29T23:17:31.091+0800]   Update Region States               43 us
[2024-08-29T23:17:31.091+0800]   Choose Collection Set             308 us
[2024-08-29T23:17:31.091+0800]   Rebuild Free Set                   14 us
[2024-08-29T23:17:31.091+0800] Concurrent Weak References          249 us, parallelism: 0.04x
[2024-08-29T23:17:31.091+0800]   CWRF: <total>                      11 us
[2024-08-29T23:17:31.091+0800]   CWRF: Weak References              11 us, workers (us):  11,   0, ---, ---, 
[2024-08-29T23:17:31.091+0800] Concurrent Weak Roots               448 us
[2024-08-29T23:17:31.091+0800]   Roots                             331 us, parallelism: 1.04x
[2024-08-29T23:17:31.091+0800]     CWR: <total>                    344 us
[2024-08-29T23:17:31.091+0800]     CWR: Code Cache Roots           283 us, workers (us): 142, 141, ---, ---, 
[2024-08-29T23:17:31.091+0800]     CWR: VM Weak Roots               58 us, workers (us):  51,   7, ---, ---, 
[2024-08-29T23:17:31.091+0800]     CWR: CLDG Roots                   3 us, workers (us): ---,   3, ---, ---, 
[2024-08-29T23:17:31.091+0800]   Rendezvous                         86 us
[2024-08-29T23:17:31.091+0800] Concurrent Cleanup                  108 us
[2024-08-29T23:17:31.091+0800] Concurrent Class Unloading          893 us
[2024-08-29T23:17:31.091+0800]   Unlink Stale                      651 us
[2024-08-29T23:17:31.091+0800]     System Dictionary                 3 us
[2024-08-29T23:17:31.091+0800]     Weak Class Links                  0 us
[2024-08-29T23:17:31.091+0800]     Code Roots                      648 us
[2024-08-29T23:17:31.091+0800]   Rendezvous                         68 us
[2024-08-29T23:17:31.091+0800]   Purge Unlinked                    132 us
[2024-08-29T23:17:31.091+0800]     Code Roots                      118 us
[2024-08-29T23:17:31.091+0800]     CLDG                             13 us
[2024-08-29T23:17:31.091+0800]     Exception Caches                  0 us
[2024-08-29T23:17:31.091+0800] Pause Final Roots (G)                95 us
[2024-08-29T23:17:31.091+0800] Pause Final Roots (N)                27 us
[2024-08-29T23:17:31.091+0800] 
[2024-08-29T23:17:31.091+0800] Allocation pacing accrued:
[2024-08-29T23:17:31.091+0800]       0 of   604 ms (  0.0%): <total>
[2024-08-29T23:17:31.091+0800]       0 of   604 ms (  0.0%): <average total>
[2024-08-29T23:17:31.091+0800] 
[2024-08-29T23:17:31.091+0800] Metaspace: 1648K(1792K)->1648K(1792K) NonClass: 1529K(1600K)->1529K(1600K) Class: 119K(192K)->119K(192K)
[2024-08-29T23:17:31.091+0800] Pacer for Idle. Initial: 41943K, Alloc Tax Rate: 1.0x
[2024-08-29T23:17:31.666+0800] Trigger: Free (204M) is below minimum threshold (204M)
[2024-08-29T23:17:31.666+0800] Free: 204M, Max: 1024K regular, 172M humongous, Frag: 16% external, 2% internal; Reserve: 103M, Max: 1024K
[2024-08-29T23:17:31.666+0800] GC(32) Concurrent reset
[2024-08-29T23:17:31.666+0800] GC(32) Using 2 of 4 workers for concurrent reset
[2024-08-29T23:17:31.666+0800] GC(32) Pacer for Reset. Non-Taxable: 2048M
[2024-08-29T23:17:31.669+0800] GC(32) Concurrent reset 2.750ms
[2024-08-29T23:17:31.669+0800] GC(32) Pause Init Mark (unload classes)
[2024-08-29T23:17:31.669+0800] GC(32) Using 4 of 4 workers for init marking
[2024-08-29T23:17:31.669+0800] GC(32) Pacer for Mark. Expected Live: 213M, Free: 192M, Non-Taxable: 19742K, Alloc Tax Rate: 1.4x
[2024-08-29T23:17:31.669+0800] GC(32) Pause Init Mark (unload classes) 0.158ms
[2024-08-29T23:17:31.670+0800] GC(32) Concurrent marking roots
[2024-08-29T23:17:31.670+0800] GC(32) Using 2 of 4 workers for concurrent marking roots
[2024-08-29T23:17:31.670+0800] GC(32) Concurrent marking roots 0.513ms
[2024-08-29T23:17:31.670+0800] GC(32) Concurrent marking (unload classes)
[2024-08-29T23:17:31.670+0800] GC(32) Using 2 of 4 workers for concurrent marking
[2024-08-29T23:17:31.673+0800] GC(32) Concurrent marking (unload classes) 2.877ms
[2024-08-29T23:17:31.673+0800] GC(32) Pause Final Mark (unload classes)
[2024-08-29T23:17:31.673+0800] GC(32) Using 4 of 4 workers for final marking
[2024-08-29T23:17:31.674+0800] GC(32) Collectable Garbage: 1190M (96%), Immediate: 1190M (96%), CSet: 0B (0%)
[2024-08-29T23:17:31.674+0800] GC(32) Pause Final Mark (unload classes) 0.645ms
[2024-08-29T23:17:31.674+0800] GC(32) Concurrent weak references
[2024-08-29T23:17:31.674+0800] GC(32) Using 2 of 4 workers for concurrent weak references
[2024-08-29T23:17:31.674+0800] GC(32) Encountered references: Soft: 178, Weak: 297, Final: 0, Phantom: 5
[2024-08-29T23:17:31.674+0800] GC(32) Discovered  references: Soft: 0, Weak: 94, Final: 0, Phantom: 3
[2024-08-29T23:17:31.674+0800] GC(32) Enqueued    references: Soft: 0, Weak: 0, Final: 0, Phantom: 0
[2024-08-29T23:17:31.674+0800] GC(32) Concurrent weak references 0.295ms
[2024-08-29T23:17:31.674+0800] GC(32) Concurrent weak roots
[2024-08-29T23:17:31.674+0800] GC(32) Using 2 of 4 workers for concurrent weak root
[2024-08-29T23:17:31.675+0800] GC(32) Concurrent weak roots 0.538ms
[2024-08-29T23:17:31.675+0800] GC(32) Concurrent cleanup
[2024-08-29T23:17:31.675+0800] GC(32) Concurrent cleanup 1518M->334M(2048M) 0.147ms
[2024-08-29T23:17:31.675+0800] GC(32) Free: 1564M, Max: 1024K regular, 165M humongous, Frag: 90% external, 0% internal; Reserve: 103M, Max: 1024K
[2024-08-29T23:17:31.675+0800] GC(32) Concurrent class unloading
[2024-08-29T23:17:31.675+0800] GC(32) Using 2 of 4 workers for concurrent class unloading
[2024-08-29T23:17:31.677+0800] GC(32) Concurrent class unloading 2.068ms
[2024-08-29T23:17:31.678+0800] GC(32) Pause Final Roots
[2024-08-29T23:17:31.678+0800] GC(32) Pause Final Roots 0.028ms
[2024-08-29T23:17:31.678+0800] Free: 1549M, Max: 1024K regular, 165M humongous, Frag: 90% external, 0% internal; Reserve: 103M, Max: 1024K
[2024-08-29T23:17:31.678+0800] 
[2024-08-29T23:17:31.678+0800] All times are wall-clock times, except per-root-class counters, that are sum over
[2024-08-29T23:17:31.678+0800] all workers. Dividing the <total> over the root stage time estimates parallelism.
[2024-08-29T23:17:31.678+0800] 
[2024-08-29T23:17:31.678+0800] Concurrent Reset                   2797 us
[2024-08-29T23:17:31.678+0800] Pause Init Mark (G)                 430 us
[2024-08-29T23:17:31.678+0800] Pause Init Mark (N)                 169 us
[2024-08-29T23:17:31.678+0800]   Update Region States              101 us
[2024-08-29T23:17:31.678+0800] Concurrent Mark Roots               529 us, parallelism: 0.81x
[2024-08-29T23:17:31.678+0800]   CMR: <total>                      429 us
[2024-08-29T23:17:31.678+0800]   CMR: Thread Roots                 310 us, workers (us): 254,  56, ---, ---, 
[2024-08-29T23:17:31.678+0800]   CMR: VM Strong Roots               10 us, workers (us):   9,   0, ---, ---, 
[2024-08-29T23:17:31.678+0800]   CMR: CLDG Roots                   109 us, workers (us): 109, ---, ---, ---, 
[2024-08-29T23:17:31.678+0800] Concurrent Marking                 2936 us
[2024-08-29T23:17:31.678+0800] Pause Final Mark (G)                926 us
[2024-08-29T23:17:31.678+0800] Pause Final Mark (N)                654 us
[2024-08-29T23:17:31.678+0800]   Finish Mark                       180 us
[2024-08-29T23:17:31.678+0800]   Update Region States              182 us
[2024-08-29T23:17:31.678+0800]   Choose Collection Set             243 us
[2024-08-29T23:17:31.678+0800]   Rebuild Free Set                   10 us
[2024-08-29T23:17:31.678+0800] Concurrent Weak References          302 us, parallelism: 0.08x
[2024-08-29T23:17:31.678+0800]   CWRF: <total>                      23 us
[2024-08-29T23:17:31.678+0800]   CWRF: Weak References              23 us, workers (us):  23,   0, ---, ---, 
[2024-08-29T23:17:31.678+0800] Concurrent Weak Roots               561 us
[2024-08-29T23:17:31.678+0800]   Roots                             495 us, parallelism: 0.87x
[2024-08-29T23:17:31.678+0800]     CWR: <total>                    430 us
[2024-08-29T23:17:31.678+0800]     CWR: Code Cache Roots           353 us, workers (us): 353,   0, ---, ---, 
[2024-08-29T23:17:31.678+0800]     CWR: VM Weak Roots               72 us, workers (us):  71,   1, ---, ---, 
[2024-08-29T23:17:31.678+0800]     CWR: CLDG Roots                   4 us, workers (us):   4, ---, ---, ---, 
[2024-08-29T23:17:31.678+0800]   Rendezvous                         31 us
[2024-08-29T23:17:31.678+0800] Concurrent Cleanup                  164 us
[2024-08-29T23:17:31.678+0800] Concurrent Class Unloading         2112 us
[2024-08-29T23:17:31.678+0800]   Unlink Stale                     1139 us
[2024-08-29T23:17:31.678+0800]     System Dictionary                 5 us
[2024-08-29T23:17:31.678+0800]     Weak Class Links                  0 us
[2024-08-29T23:17:31.678+0800]     Code Roots                     1132 us
[2024-08-29T23:17:31.678+0800]   Rendezvous                        684 us
[2024-08-29T23:17:31.678+0800]   Purge Unlinked                    171 us
[2024-08-29T23:17:31.678+0800]     Code Roots                      151 us
[2024-08-29T23:17:31.678+0800]     CLDG                             20 us
[2024-08-29T23:17:31.678+0800]     Exception Caches                  0 us
[2024-08-29T23:17:31.678+0800] Pause Final Roots (G)               913 us
[2024-08-29T23:17:31.678+0800] Pause Final Roots (N)                40 us
[2024-08-29T23:17:31.678+0800] 
[2024-08-29T23:17:31.678+0800] Allocation pacing accrued:
[2024-08-29T23:17:31.678+0800]       0 of   587 ms (  0.0%): <total>
[2024-08-29T23:17:31.678+0800]       0 of   587 ms (  0.0%): <average total>
[2024-08-29T23:17:31.678+0800] 
[2024-08-29T23:17:31.678+0800] Metaspace: 1648K(1792K)->1648K(1792K) NonClass: 1529K(1600K)->1529K(1600K) Class: 119K(192K)->119K(192K)
[2024-08-29T23:17:31.679+0800] Pacer for Idle. Initial: 41943K, Alloc Tax Rate: 1.0x
[2024-08-29T23:17:32.278+0800] Trigger: Free (202M) is below minimum threshold (204M)
[2024-08-29T23:17:32.279+0800] Free: 202M, Max: 1024K regular, 165M humongous, Frag: 19% external, 0% internal; Reserve: 103M, Max: 1024K
[2024-08-29T23:17:32.279+0800] GC(33) Concurrent reset
[2024-08-29T23:17:32.279+0800] GC(33) Using 2 of 4 workers for concurrent reset
[2024-08-29T23:17:32.279+0800] GC(33) Pacer for Reset. Non-Taxable: 2048M
[2024-08-29T23:17:32.285+0800] GC(33) Concurrent reset 5.927ms
[2024-08-29T23:17:32.286+0800] GC(33) Pause Init Mark (unload classes)
[2024-08-29T23:17:32.286+0800] GC(33) Using 4 of 4 workers for init marking
[2024-08-29T23:17:32.288+0800] GC(33) Pacer for Mark. Expected Live: 226M, Free: 183M, Non-Taxable: 18746K, Alloc Tax Rate: 1.5x
[2024-08-29T23:17:32.288+0800] GC(33) Pause Init Mark (unload classes) 2.065ms
[2024-08-29T23:17:32.288+0800] GC(33) Concurrent marking roots
[2024-08-29T23:17:32.288+0800] GC(33) Using 2 of 4 workers for concurrent marking roots
[2024-08-29T23:17:32.289+0800] GC(33) Concurrent marking roots 0.680ms
[2024-08-29T23:17:32.289+0800] GC(33) Concurrent marking (unload classes)
[2024-08-29T23:17:32.289+0800] GC(33) Using 2 of 4 workers for concurrent marking
[2024-08-29T23:17:32.306+0800] GC(33) Concurrent marking (unload classes) 16.708ms
[2024-08-29T23:17:32.308+0800] GC(33) Pause Final Mark (unload classes)
[2024-08-29T23:17:32.308+0800] GC(33) Using 4 of 4 workers for final marking
[2024-08-29T23:17:32.309+0800] GC(33) Collectable Garbage: 1298M (96%), Immediate: 1298M (96%), CSet: 0B (0%)
[2024-08-29T23:17:32.309+0800] GC(33) Pause Final Mark (unload classes) 1.036ms
[2024-08-29T23:17:32.309+0800] GC(33) Concurrent weak references
[2024-08-29T23:17:32.309+0800] GC(33) Using 2 of 4 workers for concurrent weak references
[2024-08-29T23:17:32.309+0800] GC(33) Encountered references: Soft: 178, Weak: 297, Final: 0, Phantom: 5
[2024-08-29T23:17:32.309+0800] GC(33) Discovered  references: Soft: 0, Weak: 21, Final: 0, Phantom: 4
[2024-08-29T23:17:32.310+0800] GC(33) Enqueued    references: Soft: 0, Weak: 0, Final: 0, Phantom: 0
[2024-08-29T23:17:32.310+0800] GC(33) Concurrent weak references 0.648ms
[2024-08-29T23:17:32.310+0800] GC(33) Concurrent weak roots
[2024-08-29T23:17:32.310+0800] GC(33) Using 2 of 4 workers for concurrent weak root
[2024-08-29T23:17:32.317+0800] GC(33) Concurrent weak roots 7.878ms
[2024-08-29T23:17:32.318+0800] GC(33) Concurrent cleanup
[2024-08-29T23:17:32.318+0800] GC(33) Concurrent cleanup 1573M->275M(2048M) 0.310ms
[2024-08-29T23:17:32.318+0800] GC(33) Free: 1632M, Max: 1024K regular, 246M humongous, Frag: 85% external, 0% internal; Reserve: 103M, Max: 1024K
[2024-08-29T23:17:32.318+0800] GC(33) Concurrent class unloading
[2024-08-29T23:17:32.318+0800] GC(33) Using 2 of 4 workers for concurrent class unloading
[2024-08-29T23:17:32.324+0800] GC(33) Concurrent class unloading 6.113ms
[2024-08-29T23:17:32.324+0800] GC(33) Pause Final Roots
[2024-08-29T23:17:32.324+0800] GC(33) Pause Final Roots 0.035ms
[2024-08-29T23:17:32.325+0800] Free: 1623M, Max: 1024K regular, 246M humongous, Frag: 85% external, 0% internal; Reserve: 103M, Max: 1024K
[2024-08-29T23:17:32.325+0800] 
[2024-08-29T23:17:32.325+0800] All times are wall-clock times, except per-root-class counters, that are sum over
[2024-08-29T23:17:32.325+0800] all workers. Dividing the <total> over the root stage time estimates parallelism.
[2024-08-29T23:17:32.325+0800] 
[2024-08-29T23:17:32.325+0800] Concurrent Reset                   6128 us
[2024-08-29T23:17:32.325+0800] Pause Init Mark (G)                3333 us
[2024-08-29T23:17:32.325+0800] Pause Init Mark (N)                2161 us
[2024-08-29T23:17:32.325+0800]   Update Region States             1971 us
[2024-08-29T23:17:32.325+0800] Concurrent Mark Roots               763 us, parallelism: 1.25x
[2024-08-29T23:17:32.325+0800]   CMR: <total>                      954 us
[2024-08-29T23:17:32.325+0800]   CMR: Thread Roots                 745 us, workers (us): 420, 325, ---, ---, 
[2024-08-29T23:17:32.325+0800]   CMR: VM Strong Roots               37 us, workers (us):  35,   3, ---, ---, 
[2024-08-29T23:17:32.325+0800]   CMR: CLDG Roots                   171 us, workers (us): ---, 171, ---, ---, 
[2024-08-29T23:17:32.325+0800] Concurrent Marking                16851 us
[2024-08-29T23:17:32.325+0800] Pause Final Mark (G)               3215 us
[2024-08-29T23:17:32.325+0800] Pause Final Mark (N)               1054 us
[2024-08-29T23:17:32.325+0800]   Finish Mark                       268 us
[2024-08-29T23:17:32.325+0800]   Update Region States               79 us
[2024-08-29T23:17:32.325+0800]   Choose Collection Set             563 us
[2024-08-29T23:17:32.325+0800]   Rebuild Free Set                   20 us
[2024-08-29T23:17:32.325+0800] Concurrent Weak References          663 us, parallelism: 0.03x
[2024-08-29T23:17:32.325+0800]   CWRF: <total>                      17 us
[2024-08-29T23:17:32.325+0800]   CWRF: Weak References              17 us, workers (us):   8,   9, ---, ---, 
[2024-08-29T23:17:32.325+0800] Concurrent Weak Roots              8047 us
[2024-08-29T23:17:32.325+0800]   Roots                            1237 us, parallelism: 0.70x
[2024-08-29T23:17:32.325+0800]     CWR: <total>                    868 us
[2024-08-29T23:17:32.325+0800]     CWR: Code Cache Roots           753 us, workers (us): 753,   0, ---, ---, 
[2024-08-29T23:17:32.325+0800]     CWR: VM Weak Roots              108 us, workers (us): 107,   1, ---, ---, 
[2024-08-29T23:17:32.325+0800]     CWR: CLDG Roots                   7 us, workers (us):   7, ---, ---, ---, 
[2024-08-29T23:17:32.325+0800]   Rendezvous                       6532 us
[2024-08-29T23:17:32.325+0800] Concurrent Cleanup                  364 us
[2024-08-29T23:17:32.325+0800] Concurrent Class Unloading         6216 us
[2024-08-29T23:17:32.325+0800]   Unlink Stale                     2583 us
[2024-08-29T23:17:32.325+0800]     System Dictionary                14 us
[2024-08-29T23:17:32.325+0800]     Weak Class Links                  0 us
[2024-08-29T23:17:32.325+0800]     Code Roots                     2565 us
[2024-08-29T23:17:32.325+0800]   Rendezvous                       3041 us
[2024-08-29T23:17:32.325+0800]   Purge Unlinked                    440 us
[2024-08-29T23:17:32.325+0800]     Code Roots                      388 us
[2024-08-29T23:17:32.325+0800]     CLDG                             51 us
[2024-08-29T23:17:32.326+0800]     Exception Caches                  0 us
[2024-08-29T23:17:32.326+0800] Pause Final Roots (G)               397 us
[2024-08-29T23:17:32.326+0800] Pause Final Roots (N)                69 us
[2024-08-29T23:17:32.326+0800] 
[2024-08-29T23:17:32.326+0800] Allocation pacing accrued:
[2024-08-29T23:17:32.326+0800]       0 of   647 ms (  0.0%): <total>
[2024-08-29T23:17:32.326+0800]       0 of   647 ms (  0.0%): <average total>
[2024-08-29T23:17:32.326+0800] 
[2024-08-29T23:17:32.326+0800] Metaspace: 1648K(1792K)->1648K(1792K) NonClass: 1529K(1600K)->1529K(1600K) Class: 119K(192K)->119K(192K)
[2024-08-29T23:17:32.326+0800] Pacer for Idle. Initial: 41943K, Alloc Tax Rate: 1.0x
[2024-08-29T23:17:32.930+0800] Trigger: Average GC time (60.70 ms) is above the time for average allocation rate (2162 MB/s) to deplete free headroom (127M) (margin of error = 1.80)
[2024-08-29T23:17:32.930+0800] Free headroom: 229M (free) - 102M (spike) - 0B (penalties) = 127M
[2024-08-29T23:17:32.930+0800] Free: 229M, Max: 1024K regular, 123M humongous, Frag: 47% external, 0% internal; Reserve: 103M, Max: 1024K
[2024-08-29T23:17:32.930+0800] GC(34) Concurrent reset
[2024-08-29T23:17:32.930+0800] GC(34) Using 2 of 4 workers for concurrent reset
[2024-08-29T23:17:32.930+0800] GC(34) Pacer for Reset. Non-Taxable: 2048M
[2024-08-29T23:17:32.931+0800] GC(34) Concurrent reset 0.971ms
[2024-08-29T23:17:32.931+0800] GC(34) Pause Init Mark (unload classes)
[2024-08-29T23:17:32.931+0800] GC(34) Using 4 of 4 workers for init marking
[2024-08-29T23:17:32.932+0800] GC(34) Pacer for Mark. Expected Live: 223M, Free: 229M, Non-Taxable: 23491K, Alloc Tax Rate: 1.2x
[2024-08-29T23:17:32.932+0800] GC(34) Pause Init Mark (unload classes) 0.079ms
[2024-08-29T23:17:32.932+0800] GC(34) Concurrent marking roots
[2024-08-29T23:17:32.932+0800] GC(34) Using 2 of 4 workers for concurrent marking roots
[2024-08-29T23:17:32.932+0800] GC(34) Concurrent marking roots 0.202ms
[2024-08-29T23:17:32.932+0800] GC(34) Concurrent marking (unload classes)
[2024-08-29T23:17:32.932+0800] GC(34) Using 2 of 4 workers for concurrent marking
[2024-08-29T23:17:32.936+0800] GC(34) Concurrent marking (unload classes) 4.198ms
[2024-08-29T23:17:32.936+0800] GC(34) Pause Final Mark (unload classes)
[2024-08-29T23:17:32.936+0800] GC(34) Using 4 of 4 workers for final marking
[2024-08-29T23:17:32.936+0800] GC(34) Collectable Garbage: 1297M (96%), Immediate: 1297M (96%), CSet: 0B (0%)
[2024-08-29T23:17:32.936+0800] GC(34) Pause Final Mark (unload classes) 0.393ms
[2024-08-29T23:17:32.937+0800] GC(34) Concurrent weak references
[2024-08-29T23:17:32.937+0800] GC(34) Using 2 of 4 workers for concurrent weak references
[2024-08-29T23:17:32.937+0800] GC(34) Encountered references: Soft: 178, Weak: 297, Final: 0, Phantom: 5
[2024-08-29T23:17:32.937+0800] GC(34) Discovered  references: Soft: 0, Weak: 139, Final: 0, Phantom: 5
[2024-08-29T23:17:32.937+0800] GC(34) Enqueued    references: Soft: 0, Weak: 0, Final: 0, Phantom: 0
[2024-08-29T23:17:32.937+0800] GC(34) Concurrent weak references 0.145ms
[2024-08-29T23:17:32.937+0800] GC(34) Concurrent weak roots
[2024-08-29T23:17:32.937+0800] GC(34) Using 2 of 4 workers for concurrent weak root
[2024-08-29T23:17:32.937+0800] GC(34) Concurrent weak roots 0.772ms
[2024-08-29T23:17:32.937+0800] GC(34) Concurrent cleanup
[2024-08-29T23:17:32.938+0800] GC(34) Concurrent cleanup 1494M->197M(2048M) 0.089ms
[2024-08-29T23:17:32.938+0800] GC(34) Free: 1724M, Max: 1024K regular, 238M humongous, Frag: 87% external, 0% internal; Reserve: 103M, Max: 1024K
[2024-08-29T23:17:32.938+0800] GC(34) Concurrent class unloading
[2024-08-29T23:17:32.938+0800] GC(34) Using 2 of 4 workers for concurrent class unloading
[2024-08-29T23:17:32.939+0800] GC(34) Concurrent class unloading 1.007ms
[2024-08-29T23:17:32.939+0800] GC(34) Pause Final Roots
[2024-08-29T23:17:32.939+0800] GC(34) Pause Final Roots 0.016ms
[2024-08-29T23:17:32.939+0800] Free: 1723M, Max: 1024K regular, 238M humongous, Frag: 87% external, 0% internal; Reserve: 103M, Max: 1024K
[2024-08-29T23:17:32.939+0800] 
[2024-08-29T23:17:32.939+0800] All times are wall-clock times, except per-root-class counters, that are sum over
[2024-08-29T23:17:32.939+0800] all workers. Dividing the <total> over the root stage time estimates parallelism.
[2024-08-29T23:17:32.939+0800] 
[2024-08-29T23:17:32.939+0800] Concurrent Reset                   1004 us
[2024-08-29T23:17:32.939+0800] Pause Init Mark (G)                 171 us
[2024-08-29T23:17:32.939+0800] Pause Init Mark (N)                  84 us
[2024-08-29T23:17:32.939+0800]   Update Region States               33 us
[2024-08-29T23:17:32.939+0800] Concurrent Mark Roots               212 us, parallelism: 1.09x
[2024-08-29T23:17:32.939+0800]   CMR: <total>                      230 us
[2024-08-29T23:17:32.939+0800]   CMR: Thread Roots                 188 us, workers (us):  78, 110, ---, ---, 
[2024-08-29T23:17:32.939+0800]   CMR: VM Strong Roots                5 us, workers (us):   5,   0, ---, ---, 
[2024-08-29T23:17:32.939+0800]   CMR: CLDG Roots                    37 us, workers (us):  37, ---, ---, ---, 
[2024-08-29T23:17:32.939+0800] Concurrent Marking                 4233 us
[2024-08-29T23:17:32.939+0800] Pause Final Mark (G)                518 us
[2024-08-29T23:17:32.939+0800] Pause Final Mark (N)                399 us
[2024-08-29T23:17:32.939+0800]   Finish Mark                       111 us
[2024-08-29T23:17:32.939+0800]   Update Region States               50 us
[2024-08-29T23:17:32.939+0800]   Choose Collection Set             194 us
[2024-08-29T23:17:32.939+0800]   Rebuild Free Set                    8 us
[2024-08-29T23:17:32.939+0800] Concurrent Weak References          151 us, parallelism: 0.11x
[2024-08-29T23:17:32.939+0800]   CWRF: <total>                      16 us
[2024-08-29T23:17:32.939+0800]   CWRF: Weak References              16 us, workers (us):  16,   0, ---, ---, 
[2024-08-29T23:17:32.939+0800] Concurrent Weak Roots               786 us
[2024-08-29T23:17:32.939+0800]   Roots                             681 us, parallelism: 0.99x
[2024-08-29T23:17:32.939+0800]     CWR: <total>                    673 us
[2024-08-29T23:17:32.939+0800]     CWR: Code Cache Roots           614 us, workers (us): 478, 135, ---, ---, 
[2024-08-29T23:17:32.939+0800]     CWR: VM Weak Roots               54 us, workers (us):  53,   1, ---, ---, 
[2024-08-29T23:17:32.939+0800]     CWR: CLDG Roots                   5 us, workers (us):   5, ---, ---, ---, 
[2024-08-29T23:17:32.939+0800]   Rendezvous                         78 us
[2024-08-29T23:17:32.939+0800] Concurrent Cleanup                   96 us
[2024-08-29T23:17:32.939+0800] Concurrent Class Unloading         1029 us
[2024-08-29T23:17:32.939+0800]   Unlink Stale                      832 us
[2024-08-29T23:17:32.939+0800]     System Dictionary                 3 us
[2024-08-29T23:17:32.939+0800]     Weak Class Links                  0 us
[2024-08-29T23:17:32.939+0800]     Code Roots                      828 us
[2024-08-29T23:17:32.939+0800]   Rendezvous                         74 us
[2024-08-29T23:17:32.939+0800]   Purge Unlinked                     91 us
[2024-08-29T23:17:32.939+0800]     Code Roots                       80 us
[2024-08-29T23:17:32.939+0800]     CLDG                             11 us
[2024-08-29T23:17:32.939+0800]     Exception Caches                  0 us
[2024-08-29T23:17:32.939+0800] Pause Final Roots (G)               366 us
[2024-08-29T23:17:32.939+0800] Pause Final Roots (N)                22 us
[2024-08-29T23:17:32.939+0800] 
[2024-08-29T23:17:32.939+0800] Allocation pacing accrued:
[2024-08-29T23:17:32.939+0800]       0 of   614 ms (  0.0%): <total>
[2024-08-29T23:17:32.939+0800]       0 of   614 ms (  0.0%): <average total>
[2024-08-29T23:17:32.939+0800] 
[2024-08-29T23:17:32.939+0800] Metaspace: 1648K(1792K)->1648K(1792K) NonClass: 1529K(1600K)->1529K(1600K) Class: 119K(192K)->119K(192K)
[2024-08-29T23:17:32.939+0800] Pacer for Idle. Initial: 41943K, Alloc Tax Rate: 1.0x
[2024-08-29T23:17:33.556+0800] Trigger: Average GC time (47.06 ms) is above the time for average allocation rate (2401 MB/s) to deplete free headroom (108M) (margin of error = 1.78)
[2024-08-29T23:17:33.556+0800] Free headroom: 210M (free) - 102M (spike) - 0B (penalties) = 108M
[2024-08-29T23:17:33.556+0800] Free: 210M, Max: 1024K regular, 172M humongous, Frag: 19% external, 0% internal; Reserve: 103M, Max: 1024K
[2024-08-29T23:17:33.556+0800] GC(35) Concurrent reset
[2024-08-29T23:17:33.556+0800] GC(35) Using 2 of 4 workers for concurrent reset
[2024-08-29T23:17:33.556+0800] GC(35) Pacer for Reset. Non-Taxable: 2048M
[2024-08-29T23:17:33.557+0800] GC(35) Concurrent reset 0.814ms
[2024-08-29T23:17:33.557+0800] GC(35) Pause Init Mark (unload classes)
[2024-08-29T23:17:33.557+0800] GC(35) Using 4 of 4 workers for init marking
[2024-08-29T23:17:33.557+0800] GC(35) Pacer for Mark. Expected Live: 204M, Free: 210M, Non-Taxable: 21554K, Alloc Tax Rate: 1.2x
[2024-08-29T23:17:33.557+0800] GC(35) Pause Init Mark (unload classes) 0.124ms
[2024-08-29T23:17:33.557+0800] GC(35) Concurrent marking roots
[2024-08-29T23:17:33.557+0800] GC(35) Using 2 of 4 workers for concurrent marking roots
[2024-08-29T23:17:33.558+0800] GC(35) Concurrent marking roots 0.261ms
[2024-08-29T23:17:33.558+0800] GC(35) Concurrent marking (unload classes)
[2024-08-29T23:17:33.558+0800] GC(35) Using 2 of 4 workers for concurrent marking
[2024-08-29T23:17:33.559+0800] GC(35) Concurrent marking (unload classes) 1.551ms
[2024-08-29T23:17:33.559+0800] GC(35) Pause Final Mark (unload classes)
[2024-08-29T23:17:33.559+0800] GC(35) Using 4 of 4 workers for final marking
[2024-08-29T23:17:33.560+0800] GC(35) Collectable Garbage: 1242M (96%), Immediate: 1242M (96%), CSet: 0B (0%)
[2024-08-29T23:17:33.560+0800] GC(35) Pause Final Mark (unload classes) 0.411ms
[2024-08-29T23:17:33.560+0800] GC(35) Concurrent weak references
[2024-08-29T23:17:33.560+0800] GC(35) Using 2 of 4 workers for concurrent weak references
[2024-08-29T23:17:33.560+0800] GC(35) Encountered references: Soft: 178, Weak: 297, Final: 0, Phantom: 5
[2024-08-29T23:17:33.560+0800] GC(35) Discovered  references: Soft: 0, Weak: 140, Final: 0, Phantom: 3
[2024-08-29T23:17:33.560+0800] GC(35) Enqueued    references: Soft: 0, Weak: 0, Final: 0, Phantom: 0
[2024-08-29T23:17:33.560+0800] GC(35) Concurrent weak references 0.054ms
[2024-08-29T23:17:33.560+0800] GC(35) Concurrent weak roots
[2024-08-29T23:17:33.560+0800] GC(35) Using 2 of 4 workers for concurrent weak root
[2024-08-29T23:17:33.562+0800] GC(35) Concurrent weak roots 1.706ms
[2024-08-29T23:17:33.562+0800] GC(35) Concurrent cleanup
[2024-08-29T23:17:33.562+0800] GC(35) Concurrent cleanup 1516M->274M(2048M) 0.091ms
[2024-08-29T23:17:33.562+0800] GC(35) Free: 1636M, Max: 1024K regular, 246M humongous, Frag: 85% external, 0% internal; Reserve: 103M, Max: 1024K
[2024-08-29T23:17:33.562+0800] GC(35) Concurrent class unloading
[2024-08-29T23:17:33.562+0800] GC(35) Using 2 of 4 workers for concurrent class unloading
[2024-08-29T23:17:33.563+0800] GC(35) Concurrent class unloading 1.742ms
[2024-08-29T23:17:33.564+0800] GC(35) Pause Final Roots
[2024-08-29T23:17:33.564+0800] GC(35) Pause Final Roots 0.021ms
[2024-08-29T23:17:33.564+0800] Free: 1625M, Max: 1024K regular, 246M humongous, Frag: 85% external, 0% internal; Reserve: 103M, Max: 1024K
[2024-08-29T23:17:33.565+0800] 
[2024-08-29T23:17:33.565+0800] All times are wall-clock times, except per-root-class counters, that are sum over
[2024-08-29T23:17:33.565+0800] all workers. Dividing the <total> over the root stage time estimates parallelism.
[2024-08-29T23:17:33.565+0800] 
[2024-08-29T23:17:33.565+0800] Concurrent Reset                    829 us
[2024-08-29T23:17:33.565+0800] Pause Init Mark (G)                 183 us
[2024-08-29T23:17:33.565+0800] Pause Init Mark (N)                 129 us
[2024-08-29T23:17:33.565+0800]   Update Region States               76 us
[2024-08-29T23:17:33.565+0800] Concurrent Mark Roots               273 us, parallelism: 0.62x
[2024-08-29T23:17:33.565+0800]   CMR: <total>                      170 us
[2024-08-29T23:17:33.565+0800]   CMR: Thread Roots                 132 us, workers (us): 132,   0, ---, ---, 
[2024-08-29T23:17:33.565+0800]   CMR: VM Strong Roots                4 us, workers (us):   3,   0, ---, ---, 
[2024-08-29T23:17:33.565+0800]   CMR: CLDG Roots                    35 us, workers (us):  35, ---, ---, ---, 
[2024-08-29T23:17:33.565+0800] Concurrent Marking                 1568 us
[2024-08-29T23:17:33.565+0800] Pause Final Mark (G)                465 us
[2024-08-29T23:17:33.565+0800] Pause Final Mark (N)                417 us
[2024-08-29T23:17:33.565+0800]   Finish Mark                       112 us
[2024-08-29T23:17:33.565+0800]   Update Region States               35 us
[2024-08-29T23:17:33.565+0800]   Choose Collection Set             180 us
[2024-08-29T23:17:33.565+0800]   Rebuild Free Set                    8 us
[2024-08-29T23:17:33.565+0800] Concurrent Weak References           59 us, parallelism: 0.12x
[2024-08-29T23:17:33.565+0800]   CWRF: <total>                       7 us
[2024-08-29T23:17:33.565+0800]   CWRF: Weak References               7 us, workers (us):   7,   0, ---, ---, 
[2024-08-29T23:17:33.565+0800] Concurrent Weak Roots              1738 us
[2024-08-29T23:17:33.565+0800]   Roots                             368 us, parallelism: 0.82x
[2024-08-29T23:17:33.565+0800]     CWR: <total>                    301 us
[2024-08-29T23:17:33.565+0800]     CWR: Code Cache Roots           256 us, workers (us): 256,   0, ---, ---, 
[2024-08-29T23:17:33.565+0800]     CWR: VM Weak Roots               43 us, workers (us):  43,   0, ---, ---, 
[2024-08-29T23:17:33.565+0800]     CWR: CLDG Roots                   2 us, workers (us):   2, ---, ---, ---, 
[2024-08-29T23:17:33.565+0800]   Rendezvous                       1327 us
[2024-08-29T23:17:33.565+0800] Concurrent Cleanup                   98 us
[2024-08-29T23:17:33.565+0800] Concurrent Class Unloading         1769 us
[2024-08-29T23:17:33.565+0800]   Unlink Stale                     1529 us
[2024-08-29T23:17:33.565+0800]     System Dictionary                 7 us
[2024-08-29T23:17:33.565+0800]     Weak Class Links                  0 us
[2024-08-29T23:17:33.565+0800]     Code Roots                     1521 us
[2024-08-29T23:17:33.565+0800]   Rendezvous                         74 us
[2024-08-29T23:17:33.565+0800]   Purge Unlinked                    126 us
[2024-08-29T23:17:33.565+0800]     Code Roots                      107 us
[2024-08-29T23:17:33.565+0800]     CLDG                             18 us
[2024-08-29T23:17:33.565+0800]     Exception Caches                  0 us
[2024-08-29T23:17:33.565+0800] Pause Final Roots (G)              1016 us
[2024-08-29T23:17:33.565+0800] Pause Final Roots (N)                28 us
[2024-08-29T23:17:33.565+0800] 
[2024-08-29T23:17:33.565+0800] Allocation pacing accrued:
[2024-08-29T23:17:33.565+0800]       0 of   626 ms (  0.0%): <total>
[2024-08-29T23:17:33.565+0800]       0 of   626 ms (  0.0%): <average total>
[2024-08-29T23:17:33.565+0800] 
[2024-08-29T23:17:33.565+0800] Metaspace: 1648K(1792K)->1648K(1792K) NonClass: 1529K(1600K)->1529K(1600K) Class: 119K(192K)->119K(192K)
[2024-08-29T23:17:33.565+0800] Pacer for Idle. Initial: 41943K, Alloc Tax Rate: 1.0x
[2024-08-29T23:17:34.111+0800] Trigger: Free (201M) is below minimum threshold (204M)
[2024-08-29T23:17:34.112+0800] Free: 201M, Max: 1024K regular, 172M humongous, Frag: 15% external, 0% internal; Reserve: 103M, Max: 1024K
[2024-08-29T23:17:34.112+0800] GC(36) Concurrent reset
[2024-08-29T23:17:34.112+0800] GC(36) Using 2 of 4 workers for concurrent reset
[2024-08-29T23:17:34.112+0800] GC(36) Pacer for Reset. Non-Taxable: 2048M
[2024-08-29T23:17:34.113+0800] GC(36) Concurrent reset 1.542ms
[2024-08-29T23:17:34.113+0800] GC(36) Pause Init Mark (unload classes)
[2024-08-29T23:17:34.113+0800] GC(36) Using 4 of 4 workers for init marking
[2024-08-29T23:17:34.113+0800] GC(36) Pacer for Mark. Expected Live: 212M, Free: 197M, Non-Taxable: 20174K, Alloc Tax Rate: 1.3x
[2024-08-29T23:17:34.113+0800] GC(36) Pause Init Mark (unload classes) 0.098ms
[2024-08-29T23:17:34.113+0800] GC(36) Concurrent marking roots
[2024-08-29T23:17:34.113+0800] GC(36) Using 2 of 4 workers for concurrent marking roots
[2024-08-29T23:17:34.114+0800] GC(36) Concurrent marking roots 0.442ms
[2024-08-29T23:17:34.114+0800] GC(36) Concurrent marking (unload classes)
[2024-08-29T23:17:34.114+0800] GC(36) Using 2 of 4 workers for concurrent marking
[2024-08-29T23:17:34.117+0800] GC(36) Concurrent marking (unload classes) 3.358ms
[2024-08-29T23:17:34.117+0800] GC(36) Pause Final Mark (unload classes)
[2024-08-29T23:17:34.117+0800] GC(36) Using 4 of 4 workers for final marking
[2024-08-29T23:17:34.118+0800] GC(36) Collectable Garbage: 1092M (96%), Immediate: 1092M (96%), CSet: 0B (0%)
[2024-08-29T23:17:34.118+0800] GC(36) Pause Final Mark (unload classes) 0.515ms
[2024-08-29T23:17:34.118+0800] GC(36) Concurrent weak references
[2024-08-29T23:17:34.118+0800] GC(36) Using 2 of 4 workers for concurrent weak references
[2024-08-29T23:17:34.118+0800] GC(36) Encountered references: Soft: 178, Weak: 297, Final: 0, Phantom: 5
[2024-08-29T23:17:34.118+0800] GC(36) Discovered  references: Soft: 0, Weak: 64, Final: 0, Phantom: 3
[2024-08-29T23:17:34.118+0800] GC(36) Enqueued    references: Soft: 0, Weak: 0, Final: 0, Phantom: 0
[2024-08-29T23:17:34.118+0800] GC(36) Concurrent weak references 0.157ms
[2024-08-29T23:17:34.118+0800] GC(36) Concurrent weak roots
[2024-08-29T23:17:34.118+0800] GC(36) Using 2 of 4 workers for concurrent weak root
[2024-08-29T23:17:34.118+0800] GC(36) Concurrent weak roots 0.391ms
[2024-08-29T23:17:34.118+0800] GC(36) Concurrent cleanup
[2024-08-29T23:17:34.119+0800] GC(36) Concurrent cleanup 1544M->452M(2048M) 0.096ms
[2024-08-29T23:17:34.119+0800] GC(36) Free: 1434M, Max: 1024K regular, 159M humongous, Frag: 89% external, 0% internal; Reserve: 103M, Max: 1024K
[2024-08-29T23:17:34.119+0800] GC(36) Concurrent class unloading
[2024-08-29T23:17:34.119+0800] GC(36) Using 2 of 4 workers for concurrent class unloading
[2024-08-29T23:17:34.119+0800] GC(36) Concurrent class unloading 0.684ms
[2024-08-29T23:17:34.119+0800] GC(36) Pause Final Roots
[2024-08-29T23:17:34.119+0800] GC(36) Pause Final Roots 0.011ms
[2024-08-29T23:17:34.119+0800] Free: 1434M, Max: 1024K regular, 159M humongous, Frag: 89% external, 0% internal; Reserve: 103M, Max: 1024K
[2024-08-29T23:17:34.119+0800] 
[2024-08-29T23:17:34.119+0800] All times are wall-clock times, except per-root-class counters, that are sum over
[2024-08-29T23:17:34.119+0800] all workers. Dividing the <total> over the root stage time estimates parallelism.
[2024-08-29T23:17:34.119+0800] 
[2024-08-29T23:17:34.119+0800] Concurrent Reset                   1568 us
[2024-08-29T23:17:34.119+0800] Pause Init Mark (G)                 205 us
[2024-08-29T23:17:34.119+0800] Pause Init Mark (N)                 104 us
[2024-08-29T23:17:34.119+0800]   Update Region States               63 us
[2024-08-29T23:17:34.119+0800] Concurrent Mark Roots               453 us, parallelism: 0.54x
[2024-08-29T23:17:34.119+0800]   CMR: <total>                      244 us
[2024-08-29T23:17:34.119+0800]   CMR: Thread Roots                 163 us, workers (us): 163,   0, ---, ---, 
[2024-08-29T23:17:34.119+0800]   CMR: VM Strong Roots                6 us, workers (us):   6,   0, ---, ---, 
[2024-08-29T23:17:34.119+0800]   CMR: CLDG Roots                    75 us, workers (us):  75, ---, ---, ---, 
[2024-08-29T23:17:34.119+0800] Concurrent Marking                 3403 us
[2024-08-29T23:17:34.119+0800] Pause Final Mark (G)                666 us
[2024-08-29T23:17:34.119+0800] Pause Final Mark (N)                528 us
[2024-08-29T23:17:34.119+0800]   Finish Mark                       221 us
[2024-08-29T23:17:34.119+0800]   Update Region States               59 us
[2024-08-29T23:17:34.119+0800]   Choose Collection Set             181 us
[2024-08-29T23:17:34.119+0800]   Rebuild Free Set                   25 us
[2024-08-29T23:17:34.119+0800] Concurrent Weak References          163 us, parallelism: 0.09x
[2024-08-29T23:17:34.119+0800]   CWRF: <total>                      14 us
[2024-08-29T23:17:34.119+0800]   CWRF: Weak References              14 us, workers (us):  12,   2, ---, ---, 
[2024-08-29T23:17:34.119+0800] Concurrent Weak Roots               406 us
[2024-08-29T23:17:34.119+0800]   Roots                             324 us, parallelism: 1.16x
[2024-08-29T23:17:34.119+0800]     CWR: <total>                    377 us
[2024-08-29T23:17:34.119+0800]     CWR: Code Cache Roots           297 us, workers (us): 159, 137, ---, ---, 
[2024-08-29T23:17:34.119+0800]     CWR: VM Weak Roots               75 us, workers (us):  74,   1, ---, ---, 
[2024-08-29T23:17:34.119+0800]     CWR: CLDG Roots                   5 us, workers (us):   5, ---, ---, ---, 
[2024-08-29T23:17:34.119+0800]   Rendezvous                         57 us
[2024-08-29T23:17:34.119+0800] Concurrent Cleanup                  101 us
[2024-08-29T23:17:34.119+0800] Concurrent Class Unloading          694 us
[2024-08-29T23:17:34.119+0800]   Unlink Stale                      541 us
[2024-08-29T23:17:34.119+0800]     System Dictionary                 2 us
[2024-08-29T23:17:34.119+0800]     Weak Class Links                  0 us
[2024-08-29T23:17:34.119+0800]     Code Roots                      538 us
[2024-08-29T23:17:34.119+0800]   Rendezvous                         56 us
[2024-08-29T23:17:34.119+0800]   Purge Unlinked                     76 us
[2024-08-29T23:17:34.120+0800]     Code Roots                       66 us
[2024-08-29T23:17:34.120+0800]     CLDG                             10 us
[2024-08-29T23:17:34.120+0800]     Exception Caches                  0 us
[2024-08-29T23:17:34.120+0800] Pause Final Roots (G)                71 us
[2024-08-29T23:17:34.120+0800] Pause Final Roots (N)                16 us
[2024-08-29T23:17:34.120+0800] 
[2024-08-29T23:17:34.120+0800] Allocation pacing accrued:
[2024-08-29T23:17:34.120+0800]       0 of   555 ms (  0.0%): <total>
[2024-08-29T23:17:34.120+0800]       0 of   555 ms (  0.0%): <average total>
[2024-08-29T23:17:34.120+0800] 
[2024-08-29T23:17:34.120+0800] Metaspace: 1648K(1792K)->1648K(1792K) NonClass: 1529K(1600K)->1529K(1600K) Class: 119K(192K)->119K(192K)
[2024-08-29T23:17:34.120+0800] Pacer for Idle. Initial: 41943K, Alloc Tax Rate: 1.0x
[2024-08-29T23:17:34.620+0800] Trigger: Free (198M) is below minimum threshold (204M)
[2024-08-29T23:17:34.620+0800] Free: 198M, Max: 1024K regular, 159M humongous, Frag: 19% external, 3% internal; Reserve: 103M, Max: 1024K
[2024-08-29T23:17:34.620+0800] GC(37) Concurrent reset
[2024-08-29T23:17:34.620+0800] GC(37) Using 2 of 4 workers for concurrent reset
[2024-08-29T23:17:34.620+0800] GC(37) Pacer for Reset. Non-Taxable: 2048M
[2024-08-29T23:17:34.623+0800] GC(37) Concurrent reset 2.789ms
[2024-08-29T23:17:34.624+0800] GC(37) Pause Init Mark (unload classes)
[2024-08-29T23:17:34.624+0800] GC(37) Using 4 of 4 workers for init marking
[2024-08-29T23:17:34.624+0800] GC(37) Pacer for Mark. Expected Live: 234M, Free: 194M, Non-Taxable: 19899K, Alloc Tax Rate: 1.5x
[2024-08-29T23:17:34.624+0800] GC(37) Pause Init Mark (unload classes) 0.108ms
[2024-08-29T23:17:34.625+0800] GC(37) Concurrent marking roots
[2024-08-29T23:17:34.625+0800] GC(37) Using 2 of 4 workers for concurrent marking roots
[2024-08-29T23:17:34.625+0800] GC(37) Concurrent marking roots 0.251ms
[2024-08-29T23:17:34.625+0800] GC(37) Concurrent marking (unload classes)
[2024-08-29T23:17:34.625+0800] GC(37) Using 2 of 4 workers for concurrent marking
[2024-08-29T23:17:34.628+0800] GC(37) Concurrent marking (unload classes) 2.727ms
[2024-08-29T23:17:34.628+0800] GC(37) Pause Final Mark (unload classes)
[2024-08-29T23:17:34.628+0800] GC(37) Using 4 of 4 workers for final marking
[2024-08-29T23:17:34.628+0800] GC(37) Collectable Garbage: 1077M (96%), Immediate: 1077M (96%), CSet: 0B (0%)
[2024-08-29T23:17:34.628+0800] GC(37) Pause Final Mark (unload classes) 0.500ms
[2024-08-29T23:17:34.628+0800] GC(37) Concurrent weak references
[2024-08-29T23:17:34.628+0800] GC(37) Using 2 of 4 workers for concurrent weak references
[2024-08-29T23:17:34.628+0800] GC(37) Encountered references: Soft: 178, Weak: 297, Final: 0, Phantom: 5
[2024-08-29T23:17:34.628+0800] GC(37) Discovered  references: Soft: 0, Weak: 122, Final: 0, Phantom: 5
[2024-08-29T23:17:34.628+0800] GC(37) Enqueued    references: Soft: 0, Weak: 0, Final: 0, Phantom: 0
[2024-08-29T23:17:34.628+0800] GC(37) Concurrent weak references 0.131ms
[2024-08-29T23:17:34.628+0800] GC(37) Concurrent weak roots
[2024-08-29T23:17:34.628+0800] GC(37) Using 2 of 4 workers for concurrent weak root
[2024-08-29T23:17:34.629+0800] GC(37) Concurrent weak roots 1.099ms
[2024-08-29T23:17:34.629+0800] GC(37) Concurrent cleanup
[2024-08-29T23:17:34.629+0800] GC(37) Concurrent cleanup 1524M->446M(2048M) 0.080ms
[2024-08-29T23:17:34.629+0800] GC(37) Free: 1426M, Max: 1024K regular, 172M humongous, Frag: 88% external, 0% internal; Reserve: 103M, Max: 1024K
[2024-08-29T23:17:34.629+0800] GC(37) Concurrent class unloading
[2024-08-29T23:17:34.629+0800] GC(37) Using 2 of 4 workers for concurrent class unloading
[2024-08-29T23:17:34.630+0800] GC(37) Concurrent class unloading 0.776ms
[2024-08-29T23:17:34.630+0800] GC(37) Pause Final Roots
[2024-08-29T23:17:34.630+0800] GC(37) Pause Final Roots 0.023ms
[2024-08-29T23:17:34.630+0800] Free: 1425M, Max: 1024K regular, 172M humongous, Frag: 88% external, 0% internal; Reserve: 103M, Max: 1024K
[2024-08-29T23:17:34.630+0800] 
[2024-08-29T23:17:34.630+0800] All times are wall-clock times, except per-root-class counters, that are sum over
[2024-08-29T23:17:34.630+0800] all workers. Dividing the <total> over the root stage time estimates parallelism.
[2024-08-29T23:17:34.630+0800] 
[2024-08-29T23:17:34.630+0800] Concurrent Reset                   2823 us
[2024-08-29T23:17:34.630+0800] Pause Init Mark (G)                1220 us
[2024-08-29T23:17:34.630+0800] Pause Init Mark (N)                 114 us
[2024-08-29T23:17:34.630+0800]   Update Region States               59 us
[2024-08-29T23:17:34.630+0800] Concurrent Mark Roots               265 us, parallelism: 1.01x
[2024-08-29T23:17:34.630+0800]   CMR: <total>                      268 us
[2024-08-29T23:17:34.630+0800]   CMR: Thread Roots                 177 us, workers (us):  46, 131, ---, ---, 
[2024-08-29T23:17:34.630+0800]   CMR: VM Strong Roots               12 us, workers (us):   9,   3, ---, ---, 
[2024-08-29T23:17:34.630+0800]   CMR: CLDG Roots                    80 us, workers (us):  80, ---, ---, ---, 
[2024-08-29T23:17:34.630+0800] Concurrent Marking                 2759 us
[2024-08-29T23:17:34.630+0800] Pause Final Mark (G)                597 us
[2024-08-29T23:17:34.630+0800] Pause Final Mark (N)                507 us
[2024-08-29T23:17:34.630+0800]   Finish Mark                       136 us
[2024-08-29T23:17:34.630+0800]   Update Region States              125 us
[2024-08-29T23:17:34.631+0800]   Choose Collection Set             203 us
[2024-08-29T23:17:34.631+0800]   Rebuild Free Set                    8 us
[2024-08-29T23:17:34.631+0800] Concurrent Weak References          138 us, parallelism: 0.10x
[2024-08-29T23:17:34.631+0800]   CWRF: <total>                      13 us
[2024-08-29T23:17:34.631+0800]   CWRF: Weak References              13 us, workers (us):  13,   0, ---, ---, 
[2024-08-29T23:17:34.631+0800] Concurrent Weak Roots              1114 us
[2024-08-29T23:17:34.631+0800]   Roots                             285 us, parallelism: 1.40x
[2024-08-29T23:17:34.631+0800]     CWR: <total>                    399 us
[2024-08-29T23:17:34.631+0800]     CWR: Code Cache Roots           280 us, workers (us): 130, 149, ---, ---, 
[2024-08-29T23:17:34.631+0800]     CWR: VM Weak Roots              116 us, workers (us):  63,  53, ---, ---, 
[2024-08-29T23:17:34.631+0800]     CWR: CLDG Roots                   4 us, workers (us): ---,   4, ---, ---, 
[2024-08-29T23:17:34.631+0800]   Rendezvous                        802 us
[2024-08-29T23:17:34.631+0800] Concurrent Cleanup                   86 us
[2024-08-29T23:17:34.631+0800] Concurrent Class Unloading          786 us
[2024-08-29T23:17:34.631+0800]   Unlink Stale                      646 us
[2024-08-29T23:17:34.631+0800]     System Dictionary                 2 us
[2024-08-29T23:17:34.631+0800]     Weak Class Links                  0 us
[2024-08-29T23:17:34.631+0800]     Code Roots                      643 us
[2024-08-29T23:17:34.631+0800]   Rendezvous                         61 us
[2024-08-29T23:17:34.631+0800]   Purge Unlinked                     59 us
[2024-08-29T23:17:34.631+0800]     Code Roots                       56 us
[2024-08-29T23:17:34.631+0800]     CLDG                              2 us
[2024-08-29T23:17:34.631+0800]     Exception Caches                  0 us
[2024-08-29T23:17:34.631+0800] Pause Final Roots (G)               108 us
[2024-08-29T23:17:34.631+0800] Pause Final Roots (N)                29 us
[2024-08-29T23:17:34.631+0800] 
[2024-08-29T23:17:34.631+0800] Allocation pacing accrued:
[2024-08-29T23:17:34.631+0800]       0 of   511 ms (  0.0%): <total>
[2024-08-29T23:17:34.631+0800]       0 of   511 ms (  0.0%): <average total>
[2024-08-29T23:17:34.631+0800] 
[2024-08-29T23:17:34.631+0800] Metaspace: 1648K(1792K)->1648K(1792K) NonClass: 1529K(1600K)->1529K(1600K) Class: 119K(192K)->119K(192K)
[2024-08-29T23:17:34.631+0800] Pacer for Idle. Initial: 41943K, Alloc Tax Rate: 1.0x
[2024-08-29T23:17:35.131+0800] Trigger: Free (192M) is below minimum threshold (204M)
[2024-08-29T23:17:35.131+0800] Free: 192M, Max: 1024K regular, 167M humongous, Frag: 14% external, 0% internal; Reserve: 103M, Max: 1024K
[2024-08-29T23:17:35.131+0800] GC(38) Concurrent reset
[2024-08-29T23:17:35.131+0800] GC(38) Using 2 of 4 workers for concurrent reset
[2024-08-29T23:17:35.131+0800] GC(38) Pacer for Reset. Non-Taxable: 2048M
[2024-08-29T23:17:35.133+0800] GC(38) Concurrent reset 2.317ms
[2024-08-29T23:17:35.133+0800] GC(38) Pause Init Mark (unload classes)
[2024-08-29T23:17:35.133+0800] GC(38) Using 4 of 4 workers for init marking
[2024-08-29T23:17:35.134+0800] GC(38) Pacer for Mark. Expected Live: 258M, Free: 192M, Non-Taxable: 19675K, Alloc Tax Rate: 1.6x
[2024-08-29T23:17:35.134+0800] GC(38) Pause Init Mark (unload classes) 0.094ms
[2024-08-29T23:17:35.134+0800] GC(38) Concurrent marking roots
[2024-08-29T23:17:35.134+0800] GC(38) Using 2 of 4 workers for concurrent marking roots
[2024-08-29T23:17:35.134+0800] GC(38) Concurrent marking roots 0.184ms
[2024-08-29T23:17:35.134+0800] GC(38) Concurrent marking (unload classes)
[2024-08-29T23:17:35.134+0800] GC(38) Using 2 of 4 workers for concurrent marking
[2024-08-29T23:17:35.137+0800] GC(38) Concurrent marking (unload classes) 3.482ms
[2024-08-29T23:17:35.138+0800] GC(38) Pause Final Mark (unload classes)
[2024-08-29T23:17:35.138+0800] GC(38) Using 4 of 4 workers for final marking
[2024-08-29T23:17:35.139+0800] GC(38) Collectable Garbage: 1060M (96%), Immediate: 1060M (96%), CSet: 0B (0%)
[2024-08-29T23:17:35.139+0800] GC(38) Pause Final Mark (unload classes) 0.453ms
[2024-08-29T23:17:35.139+0800] GC(38) Concurrent weak references
[2024-08-29T23:17:35.139+0800] GC(38) Using 2 of 4 workers for concurrent weak references
[2024-08-29T23:17:35.139+0800] GC(38) Encountered references: Soft: 178, Weak: 297, Final: 0, Phantom: 5
[2024-08-29T23:17:35.139+0800] GC(38) Discovered  references: Soft: 0, Weak: 119, Final: 0, Phantom: 5
[2024-08-29T23:17:35.139+0800] GC(38) Enqueued    references: Soft: 0, Weak: 0, Final: 0, Phantom: 0
[2024-08-29T23:17:35.139+0800] GC(38) Concurrent weak references 0.127ms
[2024-08-29T23:17:35.139+0800] GC(38) Concurrent weak roots
[2024-08-29T23:17:35.139+0800] GC(38) Using 2 of 4 workers for concurrent weak root
[2024-08-29T23:17:35.139+0800] GC(38) Concurrent weak roots 0.362ms
[2024-08-29T23:17:35.139+0800] GC(38) Concurrent cleanup
[2024-08-29T23:17:35.139+0800] GC(38) Concurrent cleanup 1521M->461M(2048M) 0.095ms
[2024-08-29T23:17:35.139+0800] GC(38) Free: 1415M, Max: 1024K regular, 167M humongous, Frag: 89% external, 0% internal; Reserve: 103M, Max: 1024K
[2024-08-29T23:17:35.139+0800] GC(38) Concurrent class unloading
[2024-08-29T23:17:35.139+0800] GC(38) Using 2 of 4 workers for concurrent class unloading
[2024-08-29T23:17:35.140+0800] GC(38) Concurrent class unloading 0.780ms
[2024-08-29T23:17:35.141+0800] GC(38) Pause Final Roots
[2024-08-29T23:17:35.141+0800] GC(38) Pause Final Roots 0.014ms
[2024-08-29T23:17:35.141+0800] Free: 1409M, Max: 1024K regular, 167M humongous, Frag: 89% external, 0% internal; Reserve: 103M, Max: 1024K
[2024-08-29T23:17:35.141+0800] 
[2024-08-29T23:17:35.141+0800] All times are wall-clock times, except per-root-class counters, that are sum over
[2024-08-29T23:17:35.141+0800] all workers. Dividing the <total> over the root stage time estimates parallelism.
[2024-08-29T23:17:35.141+0800] 
[2024-08-29T23:17:35.141+0800] Concurrent Reset                   2349 us
[2024-08-29T23:17:35.141+0800] Pause Init Mark (G)                 184 us
[2024-08-29T23:17:35.141+0800] Pause Init Mark (N)                 101 us
[2024-08-29T23:17:35.141+0800]   Update Region States               53 us
[2024-08-29T23:17:35.141+0800] Concurrent Mark Roots               194 us, parallelism: 1.23x
[2024-08-29T23:17:35.141+0800]   CMR: <total>                      238 us
[2024-08-29T23:17:35.141+0800]   CMR: Thread Roots                 190 us, workers (us):  76, 114, ---, ---, 
[2024-08-29T23:17:35.141+0800]   CMR: VM Strong Roots                5 us, workers (us):   5,   0, ---, ---, 
[2024-08-29T23:17:35.141+0800]   CMR: CLDG Roots                    43 us, workers (us):  43, ---, ---, ---, 
[2024-08-29T23:17:35.141+0800] Concurrent Marking                 3527 us
[2024-08-29T23:17:35.141+0800] Pause Final Mark (G)               1460 us
[2024-08-29T23:17:35.141+0800] Pause Final Mark (N)                463 us
[2024-08-29T23:17:35.141+0800]   Finish Mark                       154 us
[2024-08-29T23:17:35.141+0800]   Update Region States               63 us
[2024-08-29T23:17:35.141+0800]   Choose Collection Set             192 us
[2024-08-29T23:17:35.141+0800]   Rebuild Free Set                   12 us
[2024-08-29T23:17:35.141+0800] Concurrent Weak References          135 us, parallelism: 0.10x
[2024-08-29T23:17:35.141+0800]   CWRF: <total>                      13 us
[2024-08-29T23:17:35.141+0800]   CWRF: Weak References              13 us, workers (us):  11,   3, ---, ---, 
[2024-08-29T23:17:35.141+0800] Concurrent Weak Roots               376 us
[2024-08-29T23:17:35.141+0800]   Roots                             267 us, parallelism: 1.37x
[2024-08-29T23:17:35.141+0800]     CWR: <total>                    368 us
[2024-08-29T23:17:35.141+0800]     CWR: Code Cache Roots           313 us, workers (us): 154, 159, ---, ---, 
[2024-08-29T23:17:35.141+0800]     CWR: VM Weak Roots               52 us, workers (us):  35,  17, ---, ---, 
[2024-08-29T23:17:35.141+0800]     CWR: CLDG Roots                   3 us, workers (us): ---,   3, ---, ---, 
[2024-08-29T23:17:35.141+0800]   Rendezvous                         80 us
[2024-08-29T23:17:35.141+0800] Concurrent Cleanup                  101 us
[2024-08-29T23:17:35.141+0800] Concurrent Class Unloading          795 us
[2024-08-29T23:17:35.141+0800]   Unlink Stale                      622 us
[2024-08-29T23:17:35.141+0800]     System Dictionary                 3 us
[2024-08-29T23:17:35.141+0800]     Weak Class Links                  0 us
[2024-08-29T23:17:35.141+0800]     Code Roots                      618 us
[2024-08-29T23:17:35.141+0800]   Rendezvous                         76 us
[2024-08-29T23:17:35.141+0800]   Purge Unlinked                     70 us
[2024-08-29T23:17:35.141+0800]     Code Roots                       66 us
[2024-08-29T23:17:35.141+0800]     CLDG                              3 us
[2024-08-29T23:17:35.141+0800]     Exception Caches                  0 us
[2024-08-29T23:17:35.141+0800] Pause Final Roots (G)               458 us
[2024-08-29T23:17:35.141+0800] Pause Final Roots (N)                21 us
[2024-08-29T23:17:35.141+0800] 
[2024-08-29T23:17:35.141+0800] Allocation pacing accrued:
[2024-08-29T23:17:35.141+0800]       0 of   510 ms (  0.0%): <total>
[2024-08-29T23:17:35.141+0800]       0 of   510 ms (  0.0%): <average total>
[2024-08-29T23:17:35.141+0800] 
[2024-08-29T23:17:35.141+0800] Metaspace: 1648K(1792K)->1648K(1792K) NonClass: 1529K(1600K)->1529K(1600K) Class: 119K(192K)->119K(192K)
[2024-08-29T23:17:35.141+0800] Pacer for Idle. Initial: 41943K, Alloc Tax Rate: 1.0x
[2024-08-29T23:17:35.650+0800] Trigger: Free (190M) is below minimum threshold (204M)
[2024-08-29T23:17:35.650+0800] Free: 190M, Max: 1024K regular, 167M humongous, Frag: 13% external, 0% internal; Reserve: 103M, Max: 1024K
[2024-08-29T23:17:35.650+0800] GC(39) Concurrent reset
[2024-08-29T23:17:35.650+0800] GC(39) Using 2 of 4 workers for concurrent reset
[2024-08-29T23:17:35.650+0800] GC(39) Pacer for Reset. Non-Taxable: 2048M
[2024-08-29T23:17:35.653+0800] GC(39) Concurrent reset 2.830ms
[2024-08-29T23:17:35.653+0800] GC(39) Pause Init Mark (unload classes)
[2024-08-29T23:17:35.653+0800] GC(39) Using 4 of 4 workers for init marking
[2024-08-29T23:17:35.653+0800] GC(39) Pacer for Mark. Expected Live: 302M, Free: 189M, Non-Taxable: 19386K, Alloc Tax Rate: 2.0x
[2024-08-29T23:17:35.653+0800] GC(39) Pause Init Mark (unload classes) 0.092ms
[2024-08-29T23:17:35.653+0800] GC(39) Concurrent marking roots
[2024-08-29T23:17:35.653+0800] GC(39) Using 2 of 4 workers for concurrent marking roots
[2024-08-29T23:17:35.653+0800] GC(39) Concurrent marking roots 0.224ms
[2024-08-29T23:17:35.653+0800] GC(39) Concurrent marking (unload classes)
[2024-08-29T23:17:35.653+0800] GC(39) Using 2 of 4 workers for concurrent marking
[2024-08-29T23:17:35.655+0800] GC(39) Concurrent marking (unload classes) 1.822ms
[2024-08-29T23:17:35.655+0800] GC(39) Pause Final Mark (unload classes)
[2024-08-29T23:17:35.655+0800] GC(39) Using 4 of 4 workers for final marking
[2024-08-29T23:17:35.655+0800] GC(39) Collectable Garbage: 1076M (96%), Immediate: 1076M (96%), CSet: 0B (0%)
[2024-08-29T23:17:35.655+0800] GC(39) Pause Final Mark (unload classes) 0.401ms
[2024-08-29T23:17:35.655+0800] GC(39) Concurrent weak references
[2024-08-29T23:17:35.655+0800] GC(39) Using 2 of 4 workers for concurrent weak references
[2024-08-29T23:17:35.655+0800] GC(39) Encountered references: Soft: 178, Weak: 297, Final: 0, Phantom: 5
[2024-08-29T23:17:35.655+0800] GC(39) Discovered  references: Soft: 0, Weak: 116, Final: 0, Phantom: 5
[2024-08-29T23:17:35.655+0800] GC(39) Enqueued    references: Soft: 0, Weak: 0, Final: 0, Phantom: 0
[2024-08-29T23:17:35.655+0800] GC(39) Concurrent weak references 0.090ms
[2024-08-29T23:17:35.655+0800] GC(39) Concurrent weak roots
[2024-08-29T23:17:35.655+0800] GC(39) Using 2 of 4 workers for concurrent weak root
[2024-08-29T23:17:35.657+0800] GC(39) Concurrent weak roots 1.025ms
[2024-08-29T23:17:35.657+0800] GC(39) Concurrent cleanup
[2024-08-29T23:17:35.657+0800] GC(39) Concurrent cleanup 1525M->449M(2048M) 0.110ms
[2024-08-29T23:17:35.657+0800] GC(39) Free: 1430M, Max: 1024K regular, 159M humongous, Frag: 89% external, 0% internal; Reserve: 103M, Max: 1024K
[2024-08-29T23:17:35.657+0800] GC(39) Concurrent class unloading
[2024-08-29T23:17:35.657+0800] GC(39) Using 2 of 4 workers for concurrent class unloading
[2024-08-29T23:17:35.659+0800] GC(39) Concurrent class unloading 2.089ms
[2024-08-29T23:17:35.659+0800] GC(39) Pause Final Roots
[2024-08-29T23:17:35.659+0800] GC(39) Pause Final Roots 0.015ms
[2024-08-29T23:17:35.659+0800] Free: 1428M, Max: 1024K regular, 159M humongous, Frag: 89% external, 0% internal; Reserve: 103M, Max: 1024K
[2024-08-29T23:17:35.659+0800] 
[2024-08-29T23:17:35.659+0800] All times are wall-clock times, except per-root-class counters, that are sum over
[2024-08-29T23:17:35.659+0800] all workers. Dividing the <total> over the root stage time estimates parallelism.
[2024-08-29T23:17:35.659+0800] 
[2024-08-29T23:17:35.659+0800] Concurrent Reset                   2872 us
[2024-08-29T23:17:35.659+0800] Pause Init Mark (G)                 190 us
[2024-08-29T23:17:35.659+0800] Pause Init Mark (N)                  99 us
[2024-08-29T23:17:35.659+0800]   Update Region States               51 us
[2024-08-29T23:17:35.659+0800] Concurrent Mark Roots               236 us, parallelism: 1.02x
[2024-08-29T23:17:35.659+0800]   CMR: <total>                      240 us
[2024-08-29T23:17:35.659+0800]   CMR: Thread Roots                 192 us, workers (us):  81, 111, ---, ---, 
[2024-08-29T23:17:35.659+0800]   CMR: VM Strong Roots                5 us, workers (us):   5,   0, ---, ---, 
[2024-08-29T23:17:35.659+0800]   CMR: CLDG Roots                    43 us, workers (us):  43, ---, ---, ---, 
[2024-08-29T23:17:35.659+0800] Concurrent Marking                 1839 us
[2024-08-29T23:17:35.659+0800] Pause Final Mark (G)                503 us
[2024-08-29T23:17:35.659+0800] Pause Final Mark (N)                408 us
[2024-08-29T23:17:35.659+0800]   Finish Mark                       155 us
[2024-08-29T23:17:35.659+0800]   Update Region States               42 us
[2024-08-29T23:17:35.659+0800]   Choose Collection Set             156 us
[2024-08-29T23:17:35.659+0800]   Rebuild Free Set                   10 us
[2024-08-29T23:17:35.659+0800] Concurrent Weak References           96 us, parallelism: 0.06x
[2024-08-29T23:17:35.659+0800]   CWRF: <total>                       6 us
[2024-08-29T23:17:35.659+0800]   CWRF: Weak References               6 us, workers (us):   6,   0, ---, ---, 
[2024-08-29T23:17:35.659+0800] Concurrent Weak Roots              1041 us
[2024-08-29T23:17:35.659+0800]   Roots                             443 us, parallelism: 1.49x
[2024-08-29T23:17:35.659+0800]     CWR: <total>                    660 us
[2024-08-29T23:17:35.659+0800]     CWR: Code Cache Roots           612 us, workers (us): 331, 281, ---, ---, 
[2024-08-29T23:17:35.659+0800]     CWR: VM Weak Roots               45 us, workers (us):  35,  10, ---, ---, 
[2024-08-29T23:17:35.659+0800]     CWR: CLDG Roots                   2 us, workers (us):   2, ---, ---, ---, 
[2024-08-29T23:17:35.659+0800]   Rendezvous                        570 us
[2024-08-29T23:17:35.659+0800] Concurrent Cleanup                  119 us
[2024-08-29T23:17:35.659+0800] Concurrent Class Unloading         2108 us
[2024-08-29T23:17:35.659+0800]   Unlink Stale                      887 us
[2024-08-29T23:17:35.659+0800]     System Dictionary                 3 us
[2024-08-29T23:17:35.659+0800]     Weak Class Links                  0 us
[2024-08-29T23:17:35.659+0800]     Code Roots                      882 us
[2024-08-29T23:17:35.659+0800]   Rendezvous                       1084 us
[2024-08-29T23:17:35.659+0800]   Purge Unlinked                    106 us
[2024-08-29T23:17:35.659+0800]     Code Roots                       91 us
[2024-08-29T23:17:35.659+0800]     CLDG                             14 us
[2024-08-29T23:17:35.659+0800]     Exception Caches                  0 us
[2024-08-29T23:17:35.659+0800] Pause Final Roots (G)                98 us
[2024-08-29T23:17:35.659+0800] Pause Final Roots (N)                22 us
[2024-08-29T23:17:35.659+0800] 
[2024-08-29T23:17:35.659+0800] Allocation pacing accrued:
[2024-08-29T23:17:35.659+0800]       0 of   518 ms (  0.0%): <total>
[2024-08-29T23:17:35.659+0800]       0 of   518 ms (  0.0%): <average total>
[2024-08-29T23:17:35.659+0800] 
[2024-08-29T23:17:35.659+0800] Metaspace: 1648K(1792K)->1648K(1792K) NonClass: 1529K(1600K)->1529K(1600K) Class: 119K(192K)->119K(192K)
[2024-08-29T23:17:35.659+0800] Pacer for Idle. Initial: 41943K, Alloc Tax Rate: 1.0x
[2024-08-29T23:17:36.149+0800] Trigger: Free (204M) is below minimum threshold (204M)
[2024-08-29T23:17:36.149+0800] Free: 201M, Max: 1024K regular, 159M humongous, Frag: 21% external, 1% internal; Reserve: 103M, Max: 1024K
[2024-08-29T23:17:36.149+0800] GC(40) Concurrent reset
[2024-08-29T23:17:36.150+0800] GC(40) Using 2 of 4 workers for concurrent reset
[2024-08-29T23:17:36.150+0800] GC(40) Pacer for Reset. Non-Taxable: 2048M
[2024-08-29T23:17:36.152+0800] GC(40) Concurrent reset 2.251ms
[2024-08-29T23:17:36.152+0800] GC(40) Pause Init Mark (unload classes)
[2024-08-29T23:17:36.152+0800] GC(40) Using 4 of 4 workers for init marking
[2024-08-29T23:17:36.152+0800] GC(40) Pacer for Mark. Expected Live: 353M, Free: 198M, Non-Taxable: 20344K, Alloc Tax Rate: 2.2x
[2024-08-29T23:17:36.152+0800] GC(40) Pause Init Mark (unload classes) 0.128ms
[2024-08-29T23:17:36.152+0800] GC(40) Concurrent marking roots
[2024-08-29T23:17:36.152+0800] GC(40) Using 2 of 4 workers for concurrent marking roots
[2024-08-29T23:17:36.153+0800] GC(40) Concurrent marking roots 0.380ms
[2024-08-29T23:17:36.153+0800] GC(40) Concurrent marking (unload classes)
[2024-08-29T23:17:36.153+0800] GC(40) Using 2 of 4 workers for concurrent marking
[2024-08-29T23:17:36.155+0800] GC(40) Concurrent marking (unload classes) 1.839ms
[2024-08-29T23:17:36.155+0800] GC(40) Pause Final Mark (unload classes)
[2024-08-29T23:17:36.155+0800] GC(40) Using 4 of 4 workers for final marking
[2024-08-29T23:17:36.155+0800] GC(40) Collectable Garbage: 974M (95%), Immediate: 974M (95%), CSet: 0B (0%)
[2024-08-29T23:17:36.155+0800] GC(40) Pause Final Mark (unload classes) 0.582ms
[2024-08-29T23:17:36.155+0800] GC(40) Concurrent weak references
[2024-08-29T23:17:36.155+0800] GC(40) Using 2 of 4 workers for concurrent weak references
[2024-08-29T23:17:36.155+0800] GC(40) Encountered references: Soft: 178, Weak: 297, Final: 0, Phantom: 5
[2024-08-29T23:17:36.155+0800] GC(40) Discovered  references: Soft: 0, Weak: 87, Final: 0, Phantom: 3
[2024-08-29T23:17:36.155+0800] GC(40) Enqueued    references: Soft: 0, Weak: 0, Final: 0, Phantom: 0
[2024-08-29T23:17:36.155+0800] GC(40) Concurrent weak references 0.133ms
[2024-08-29T23:17:36.155+0800] GC(40) Concurrent weak roots
[2024-08-29T23:17:36.155+0800] GC(40) Using 2 of 4 workers for concurrent weak root
[2024-08-29T23:17:36.156+0800] GC(40) Concurrent weak roots 0.665ms
[2024-08-29T23:17:36.156+0800] GC(40) Concurrent cleanup
[2024-08-29T23:17:36.156+0800] GC(40) Concurrent cleanup 1517M->545M(2048M) 0.148ms
[2024-08-29T23:17:36.156+0800] GC(40) Free: 1316M, Max: 1024K regular, 172M humongous, Frag: 87% external, 0% internal; Reserve: 103M, Max: 1024K
[2024-08-29T23:17:36.156+0800] GC(40) Concurrent class unloading
[2024-08-29T23:17:36.156+0800] GC(40) Using 2 of 4 workers for concurrent class unloading
[2024-08-29T23:17:36.158+0800] GC(40) Concurrent class unloading 1.331ms
[2024-08-29T23:17:36.158+0800] GC(40) Pause Final Roots
[2024-08-29T23:17:36.158+0800] GC(40) Pause Final Roots 0.015ms
[2024-08-29T23:17:36.158+0800] Free: 1314M, Max: 1024K regular, 172M humongous, Frag: 87% external, 0% internal; Reserve: 103M, Max: 1024K
[2024-08-29T23:17:36.158+0800] 
[2024-08-29T23:17:36.158+0800] All times are wall-clock times, except per-root-class counters, that are sum over
[2024-08-29T23:17:36.158+0800] all workers. Dividing the <total> over the root stage time estimates parallelism.
[2024-08-29T23:17:36.158+0800] 
[2024-08-29T23:17:36.158+0800] Concurrent Reset                   2310 us
[2024-08-29T23:17:36.158+0800] Pause Init Mark (G)                 576 us
[2024-08-29T23:17:36.158+0800] Pause Init Mark (N)                 134 us
[2024-08-29T23:17:36.158+0800]   Update Region States               85 us
[2024-08-29T23:17:36.158+0800] Concurrent Mark Roots               394 us, parallelism: 0.68x
[2024-08-29T23:17:36.158+0800]   CMR: <total>                      267 us
[2024-08-29T23:17:36.158+0800]   CMR: Thread Roots                 189 us, workers (us): 189,   0, ---, ---, 
[2024-08-29T23:17:36.158+0800]   CMR: VM Strong Roots                7 us, workers (us):   7,   0, ---, ---, 
[2024-08-29T23:17:36.158+0800]   CMR: CLDG Roots                    70 us, workers (us):  70, ---, ---, ---, 
[2024-08-29T23:17:36.158+0800] Concurrent Marking                 1858 us
[2024-08-29T23:17:36.158+0800] Pause Final Mark (G)                687 us
[2024-08-29T23:17:36.158+0800] Pause Final Mark (N)                590 us
[2024-08-29T23:17:36.158+0800]   Finish Mark                       313 us
[2024-08-29T23:17:36.158+0800]   Update Region States               41 us
[2024-08-29T23:17:36.158+0800]   Choose Collection Set             191 us
[2024-08-29T23:17:36.158+0800]   Rebuild Free Set                   11 us
[2024-08-29T23:17:36.158+0800] Concurrent Weak References          141 us, parallelism: 0.04x
[2024-08-29T23:17:36.158+0800]   CWRF: <total>                       6 us
[2024-08-29T23:17:36.158+0800]   CWRF: Weak References               6 us, workers (us):   6,   0, ---, ---, 
[2024-08-29T23:17:36.158+0800] Concurrent Weak Roots               680 us
[2024-08-29T23:17:36.158+0800]   Roots                             546 us, parallelism: 1.07x
[2024-08-29T23:17:36.158+0800]     CWR: <total>                    584 us
[2024-08-29T23:17:36.158+0800]     CWR: Code Cache Roots           474 us, workers (us): 353, 122, ---, ---, 
[2024-08-29T23:17:36.158+0800]     CWR: VM Weak Roots              105 us, workers (us): 105,   1, ---, ---, 
[2024-08-29T23:17:36.158+0800]     CWR: CLDG Roots                   4 us, workers (us):   4, ---, ---, ---, 
[2024-08-29T23:17:36.158+0800]   Rendezvous                        105 us
[2024-08-29T23:17:36.158+0800] Concurrent Cleanup                  208 us
[2024-08-29T23:17:36.158+0800] Concurrent Class Unloading         1349 us
[2024-08-29T23:17:36.158+0800]   Unlink Stale                     1152 us
[2024-08-29T23:17:36.158+0800]     System Dictionary                 7 us
[2024-08-29T23:17:36.158+0800]     Weak Class Links                  1 us
[2024-08-29T23:17:36.158+0800]     Code Roots                     1143 us
[2024-08-29T23:17:36.158+0800]   Rendezvous                         71 us
[2024-08-29T23:17:36.158+0800]   Purge Unlinked                     85 us
[2024-08-29T23:17:36.158+0800]     Code Roots                       74 us
[2024-08-29T23:17:36.158+0800]     CLDG                             11 us
[2024-08-29T23:17:36.158+0800]     Exception Caches                  0 us
[2024-08-29T23:17:36.158+0800] Pause Final Roots (G)                84 us
[2024-08-29T23:17:36.158+0800] Pause Final Roots (N)                22 us
[2024-08-29T23:17:36.158+0800] 
[2024-08-29T23:17:36.158+0800] Allocation pacing accrued:
[2024-08-29T23:17:36.158+0800]       0 of   499 ms (  0.0%): <total>
[2024-08-29T23:17:36.158+0800]       0 of   499 ms (  0.0%): <average total>
[2024-08-29T23:17:36.158+0800] 
[2024-08-29T23:17:36.158+0800] Metaspace: 1648K(1792K)->1648K(1792K) NonClass: 1529K(1600K)->1529K(1600K) Class: 119K(192K)->119K(192K)
[2024-08-29T23:17:36.158+0800] Pacer for Idle. Initial: 41943K, Alloc Tax Rate: 1.0x
[2024-08-29T23:17:36.639+0800] Trigger: Free (199M) is below minimum threshold (204M)
[2024-08-29T23:17:36.640+0800] Free: 197M, Max: 1024K regular, 172M humongous, Frag: 13% external, 0% internal; Reserve: 103M, Max: 1024K
[2024-08-29T23:17:36.640+0800] GC(41) Concurrent reset
[2024-08-29T23:17:36.640+0800] GC(41) Using 2 of 4 workers for concurrent reset
[2024-08-29T23:17:36.640+0800] GC(41) Pacer for Reset. Non-Taxable: 2048M
[2024-08-29T23:17:36.643+0800] GC(41) Concurrent reset 3.046ms
[2024-08-29T23:17:36.643+0800] GC(41) Pause Init Mark (unload classes)
[2024-08-29T23:17:36.643+0800] GC(41) Using 4 of 4 workers for init marking
[2024-08-29T23:17:36.643+0800] GC(41) Pacer for Mark. Expected Live: 409M, Free: 192M, Non-Taxable: 19683K, Alloc Tax Rate: 2.6x
[2024-08-29T23:17:36.643+0800] GC(41) Pause Init Mark (unload classes) 0.095ms
[2024-08-29T23:17:36.643+0800] GC(41) Concurrent marking roots
[2024-08-29T23:17:36.643+0800] GC(41) Using 2 of 4 workers for concurrent marking roots
[2024-08-29T23:17:36.643+0800] GC(41) Concurrent marking roots 0.227ms
[2024-08-29T23:17:36.643+0800] GC(41) Concurrent marking (unload classes)
[2024-08-29T23:17:36.643+0800] GC(41) Using 2 of 4 workers for concurrent marking
[2024-08-29T23:17:36.646+0800] GC(41) Concurrent marking (unload classes) 2.537ms
[2024-08-29T23:17:36.647+0800] GC(41) Pause Final Mark (unload classes)
[2024-08-29T23:17:36.647+0800] GC(41) Using 4 of 4 workers for final marking
[2024-08-29T23:17:36.647+0800] GC(41) Collectable Garbage: 1037M (95%), Immediate: 1037M (95%), CSet: 0B (0%)
[2024-08-29T23:17:36.647+0800] GC(41) Pause Final Mark (unload classes) 0.506ms
[2024-08-29T23:17:36.647+0800] GC(41) Concurrent weak references
[2024-08-29T23:17:36.647+0800] GC(41) Using 2 of 4 workers for concurrent weak references
[2024-08-29T23:17:36.647+0800] GC(41) Encountered references: Soft: 178, Weak: 297, Final: 0, Phantom: 5
[2024-08-29T23:17:36.647+0800] GC(41) Discovered  references: Soft: 0, Weak: 142, Final: 0, Phantom: 5
[2024-08-29T23:17:36.647+0800] GC(41) Enqueued    references: Soft: 0, Weak: 0, Final: 0, Phantom: 0
[2024-08-29T23:17:36.647+0800] GC(41) Concurrent weak references 0.125ms
[2024-08-29T23:17:36.647+0800] GC(41) Concurrent weak roots
[2024-08-29T23:17:36.647+0800] GC(41) Using 2 of 4 workers for concurrent weak root
[2024-08-29T23:17:36.648+0800] GC(41) Concurrent weak roots 0.463ms
[2024-08-29T23:17:36.648+0800] GC(41) Concurrent cleanup
[2024-08-29T23:17:36.648+0800] GC(41) Concurrent cleanup 1521M->483M(2048M) 0.095ms
[2024-08-29T23:17:36.648+0800] GC(41) Free: 1387M, Max: 1024K regular, 172M humongous, Frag: 88% external, 0% internal; Reserve: 103M, Max: 1024K
[2024-08-29T23:17:36.648+0800] GC(41) Concurrent class unloading
[2024-08-29T23:17:36.648+0800] GC(41) Using 2 of 4 workers for concurrent class unloading
[2024-08-29T23:17:36.650+0800] GC(41) Concurrent class unloading 1.595ms
[2024-08-29T23:17:36.650+0800] GC(41) Pause Final Roots
[2024-08-29T23:17:36.650+0800] GC(41) Pause Final Roots 0.017ms
[2024-08-29T23:17:36.650+0800] Free: 1377M, Max: 1024K regular, 172M humongous, Frag: 88% external, 0% internal; Reserve: 103M, Max: 1024K
[2024-08-29T23:17:36.650+0800] 
[2024-08-29T23:17:36.650+0800] All times are wall-clock times, except per-root-class counters, that are sum over
[2024-08-29T23:17:36.650+0800] all workers. Dividing the <total> over the root stage time estimates parallelism.
[2024-08-29T23:17:36.650+0800] 
[2024-08-29T23:17:36.650+0800] Concurrent Reset                   3083 us
[2024-08-29T23:17:36.650+0800] Pause Init Mark (G)                 183 us
[2024-08-29T23:17:36.650+0800] Pause Init Mark (N)                 100 us
[2024-08-29T23:17:36.650+0800]   Update Region States               59 us
[2024-08-29T23:17:36.650+0800] Concurrent Mark Roots               238 us, parallelism: 1.15x
[2024-08-29T23:17:36.650+0800]   CMR: <total>                      274 us
[2024-08-29T23:17:36.650+0800]   CMR: Thread Roots                 218 us, workers (us):  89, 129, ---, ---, 
[2024-08-29T23:17:36.650+0800]   CMR: VM Strong Roots                8 us, workers (us):   8,   0, ---, ---, 
[2024-08-29T23:17:36.650+0800]   CMR: CLDG Roots                    48 us, workers (us):  48, ---, ---, ---, 
[2024-08-29T23:17:36.650+0800] Concurrent Marking                 2584 us
[2024-08-29T23:17:36.650+0800] Pause Final Mark (G)               1485 us
[2024-08-29T23:17:36.650+0800] Pause Final Mark (N)                513 us
[2024-08-29T23:17:36.650+0800]   Finish Mark                       135 us
[2024-08-29T23:17:36.650+0800]   Update Region States               65 us
[2024-08-29T23:17:36.650+0800]   Choose Collection Set             264 us
[2024-08-29T23:17:36.650+0800]   Rebuild Free Set                    9 us
[2024-08-29T23:17:36.650+0800] Concurrent Weak References          131 us, parallelism: 0.20x
[2024-08-29T23:17:36.650+0800]   CWRF: <total>                      26 us
[2024-08-29T23:17:36.650+0800]   CWRF: Weak References              26 us, workers (us):  26,   0, ---, ---, 
[2024-08-29T23:17:36.650+0800] Concurrent Weak Roots               505 us
[2024-08-29T23:17:36.650+0800]   Roots                             236 us, parallelism: 1.61x
[2024-08-29T23:17:36.650+0800]     CWR: <total>                    380 us
[2024-08-29T23:17:36.650+0800]     CWR: Code Cache Roots           316 us, workers (us): 157, 160, ---, ---, 
[2024-08-29T23:17:36.650+0800]     CWR: VM Weak Roots               60 us, workers (us):  38,  22, ---, ---, 
[2024-08-29T23:17:36.650+0800]     CWR: CLDG Roots                   4 us, workers (us):   4, ---, ---, ---, 
[2024-08-29T23:17:36.650+0800]   Rendezvous                        217 us
[2024-08-29T23:17:36.650+0800] Concurrent Cleanup                  106 us
[2024-08-29T23:17:36.650+0800] Concurrent Class Unloading         1627 us
[2024-08-29T23:17:36.650+0800]   Unlink Stale                      781 us
[2024-08-29T23:17:36.650+0800]     System Dictionary                 4 us
[2024-08-29T23:17:36.650+0800]     Weak Class Links                  0 us
[2024-08-29T23:17:36.650+0800]     Code Roots                      775 us
[2024-08-29T23:17:36.650+0800]   Rendezvous                        696 us
[2024-08-29T23:17:36.650+0800]   Purge Unlinked                    104 us
[2024-08-29T23:17:36.650+0800]     Code Roots                       92 us
[2024-08-29T23:17:36.650+0800]     CLDG                             12 us
[2024-08-29T23:17:36.650+0800]     Exception Caches                  0 us
[2024-08-29T23:17:36.650+0800] Pause Final Roots (G)                97 us
[2024-08-29T23:17:36.650+0800] Pause Final Roots (N)                25 us
[2024-08-29T23:17:36.650+0800] 
[2024-08-29T23:17:36.650+0800] Allocation pacing accrued:
[2024-08-29T23:17:36.650+0800]       0 of   492 ms (  0.0%): <total>
[2024-08-29T23:17:36.650+0800]       0 of   492 ms (  0.0%): <average total>
[2024-08-29T23:17:36.650+0800] 
[2024-08-29T23:17:36.650+0800] Metaspace: 1648K(1792K)->1648K(1792K) NonClass: 1529K(1600K)->1529K(1600K) Class: 119K(192K)->119K(192K)
[2024-08-29T23:17:36.650+0800] Pacer for Idle. Initial: 41943K, Alloc Tax Rate: 1.0x
[2024-08-29T23:17:37.112+0800] Trigger: Free (199M) is below minimum threshold (204M)
[2024-08-29T23:17:37.112+0800] Free: 199M, Max: 1024K regular, 172M humongous, Frag: 14% external, 0% internal; Reserve: 103M, Max: 1024K
[2024-08-29T23:17:37.112+0800] GC(42) Concurrent reset
[2024-08-29T23:17:37.112+0800] GC(42) Using 2 of 4 workers for concurrent reset
[2024-08-29T23:17:37.112+0800] GC(42) Pacer for Reset. Non-Taxable: 2048M
[2024-08-29T23:17:37.116+0800] GC(42) Concurrent reset 3.533ms
[2024-08-29T23:17:37.116+0800] GC(42) Pause Init Mark (unload classes)
[2024-08-29T23:17:37.116+0800] GC(42) Using 4 of 4 workers for init marking
[2024-08-29T23:17:37.116+0800] GC(42) Pacer for Mark. Expected Live: 419M, Free: 191M, Non-Taxable: 19564K, Alloc Tax Rate: 2.7x
[2024-08-29T23:17:37.116+0800] GC(42) Pause Init Mark (unload classes) 0.115ms
[2024-08-29T23:17:37.116+0800] GC(42) Concurrent marking roots
[2024-08-29T23:17:37.116+0800] GC(42) Using 2 of 4 workers for concurrent marking roots
[2024-08-29T23:17:37.116+0800] GC(42) Concurrent marking roots 0.221ms
[2024-08-29T23:17:37.116+0800] GC(42) Concurrent marking (unload classes)
[2024-08-29T23:17:37.116+0800] GC(42) Using 2 of 4 workers for concurrent marking
[2024-08-29T23:17:37.118+0800] GC(42) Concurrent marking (unload classes) 1.474ms
[2024-08-29T23:17:37.118+0800] GC(42) Pause Final Mark (unload classes)
[2024-08-29T23:17:37.118+0800] GC(42) Using 4 of 4 workers for final marking
[2024-08-29T23:17:37.118+0800] GC(42) Collectable Garbage: 1009M (95%), Immediate: 1009M (95%), CSet: 0B (0%)
[2024-08-29T23:17:37.118+0800] GC(42) Pause Final Mark (unload classes) 0.371ms
[2024-08-29T23:17:37.118+0800] GC(42) Concurrent weak references
[2024-08-29T23:17:37.118+0800] GC(42) Using 2 of 4 workers for concurrent weak references
[2024-08-29T23:17:37.118+0800] GC(42) Encountered references: Soft: 178, Weak: 297, Final: 0, Phantom: 5
[2024-08-29T23:17:37.118+0800] GC(42) Discovered  references: Soft: 0, Weak: 114, Final: 0, Phantom: 5
[2024-08-29T23:17:37.118+0800] GC(42) Enqueued    references: Soft: 0, Weak: 0, Final: 0, Phantom: 0
[2024-08-29T23:17:37.118+0800] GC(42) Concurrent weak references 0.091ms
[2024-08-29T23:17:37.118+0800] GC(42) Concurrent weak roots
[2024-08-29T23:17:37.118+0800] GC(42) Using 2 of 4 workers for concurrent weak root
[2024-08-29T23:17:37.119+0800] GC(42) Concurrent weak roots 0.297ms
[2024-08-29T23:17:37.119+0800] GC(42) Concurrent cleanup
[2024-08-29T23:17:37.119+0800] GC(42) Concurrent cleanup 1510M->500M(2048M) 0.080ms
[2024-08-29T23:17:37.119+0800] GC(42) Free: 1370M, Max: 1024K regular, 172M humongous, Frag: 88% external, 0% internal; Reserve: 103M, Max: 1024K
[2024-08-29T23:17:37.119+0800] GC(42) Concurrent class unloading
[2024-08-29T23:17:37.119+0800] GC(42) Using 2 of 4 workers for concurrent class unloading
[2024-08-29T23:17:37.120+0800] GC(42) Concurrent class unloading 0.754ms
[2024-08-29T23:17:37.120+0800] GC(42) Pause Final Roots
[2024-08-29T23:17:37.120+0800] GC(42) Pause Final Roots 0.012ms
[2024-08-29T23:17:37.120+0800] Free: 1369M, Max: 1024K regular, 172M humongous, Frag: 88% external, 0% internal; Reserve: 103M, Max: 1024K
[2024-08-29T23:17:37.120+0800] 
[2024-08-29T23:17:37.120+0800] All times are wall-clock times, except per-root-class counters, that are sum over
[2024-08-29T23:17:37.120+0800] all workers. Dividing the <total> over the root stage time estimates parallelism.
[2024-08-29T23:17:37.120+0800] 
[2024-08-29T23:17:37.120+0800] Concurrent Reset                   3592 us
[2024-08-29T23:17:37.120+0800] Pause Init Mark (G)                 260 us
[2024-08-29T23:17:37.120+0800] Pause Init Mark (N)                 122 us
[2024-08-29T23:17:37.120+0800]   Update Region States               75 us
[2024-08-29T23:17:37.120+0800] Concurrent Mark Roots               235 us, parallelism: 1.02x
[2024-08-29T23:17:37.120+0800]   CMR: <total>                      239 us
[2024-08-29T23:17:37.120+0800]   CMR: Thread Roots                 188 us, workers (us):  72, 115, ---, ---, 
[2024-08-29T23:17:37.120+0800]   CMR: VM Strong Roots                6 us, workers (us):   5,   0, ---, ---, 
[2024-08-29T23:17:37.120+0800]   CMR: CLDG Roots                    46 us, workers (us):  46, ---, ---, ---, 
[2024-08-29T23:17:37.120+0800] Concurrent Marking                 1489 us
[2024-08-29T23:17:37.120+0800] Pause Final Mark (G)                420 us
[2024-08-29T23:17:37.120+0800] Pause Final Mark (N)                377 us
[2024-08-29T23:17:37.120+0800]   Finish Mark                       127 us
[2024-08-29T23:17:37.120+0800]   Update Region States               43 us
[2024-08-29T23:17:37.120+0800]   Choose Collection Set             152 us
[2024-08-29T23:17:37.120+0800]   Rebuild Free Set                    9 us
[2024-08-29T23:17:37.120+0800] Concurrent Weak References           97 us, parallelism: 0.06x
[2024-08-29T23:17:37.120+0800]   CWRF: <total>                       6 us
[2024-08-29T23:17:37.120+0800]   CWRF: Weak References               6 us, workers (us):   6,   0, ---, ---, 
[2024-08-29T23:17:37.120+0800] Concurrent Weak Roots               307 us
[2024-08-29T23:17:37.120+0800]   Roots                             235 us, parallelism: 1.44x
[2024-08-29T23:17:37.120+0800]     CWR: <total>                    337 us
[2024-08-29T23:17:37.120+0800]     CWR: Code Cache Roots           291 us, workers (us): 146, 145, ---, ---, 
[2024-08-29T23:17:37.120+0800]     CWR: VM Weak Roots               45 us, workers (us):  34,  11, ---, ---, 
[2024-08-29T23:17:37.120+0800]     CWR: CLDG Roots                   2 us, workers (us):   2, ---, ---, ---, 
[2024-08-29T23:17:37.120+0800]   Rendezvous                         52 us
[2024-08-29T23:17:37.120+0800] Concurrent Cleanup                   86 us
[2024-08-29T23:17:37.120+0800] Concurrent Class Unloading          768 us
[2024-08-29T23:17:37.120+0800]   Unlink Stale                      636 us
[2024-08-29T23:17:37.120+0800]     System Dictionary                 2 us
[2024-08-29T23:17:37.120+0800]     Weak Class Links                  0 us
[2024-08-29T23:17:37.120+0800]     Code Roots                      633 us
[2024-08-29T23:17:37.120+0800]   Rendezvous                         38 us
[2024-08-29T23:17:37.120+0800]   Purge Unlinked                     70 us
[2024-08-29T23:17:37.120+0800]     Code Roots                       59 us
[2024-08-29T23:17:37.120+0800]     CLDG                             10 us
[2024-08-29T23:17:37.120+0800]     Exception Caches                  0 us
[2024-08-29T23:17:37.120+0800] Pause Final Roots (G)                71 us
[2024-08-29T23:17:37.120+0800] Pause Final Roots (N)                18 us
[2024-08-29T23:17:37.120+0800] 
[2024-08-29T23:17:37.120+0800] Allocation pacing accrued:
[2024-08-29T23:17:37.120+0800]       0 of   470 ms (  0.0%): <total>
[2024-08-29T23:17:37.120+0800]       0 of   470 ms (  0.0%): <average total>
[2024-08-29T23:17:37.120+0800] 
[2024-08-29T23:17:37.120+0800] Metaspace: 1648K(1792K)->1648K(1792K) NonClass: 1529K(1600K)->1529K(1600K) Class: 119K(192K)->119K(192K)
[2024-08-29T23:17:37.120+0800] Pacer for Idle. Initial: 41943K, Alloc Tax Rate: 1.0x
[2024-08-29T23:17:37.581+0800] Trigger: Free (204M) is below minimum threshold (204M)
[2024-08-29T23:17:37.582+0800] Free: 204M, Max: 1024K regular, 172M humongous, Frag: 16% external, 0% internal; Reserve: 103M, Max: 1024K
[2024-08-29T23:17:37.582+0800] GC(43) Concurrent reset
[2024-08-29T23:17:37.582+0800] GC(43) Using 2 of 4 workers for concurrent reset
[2024-08-29T23:17:37.582+0800] GC(43) Pacer for Reset. Non-Taxable: 2048M
[2024-08-29T23:17:37.584+0800] GC(43) Concurrent reset 2.546ms
[2024-08-29T23:17:37.585+0800] GC(43) Pause Init Mark (unload classes)
[2024-08-29T23:17:37.585+0800] GC(43) Using 4 of 4 workers for init marking
[2024-08-29T23:17:37.585+0800] GC(43) Pacer for Mark. Expected Live: 432M, Free: 197M, Non-Taxable: 20214K, Alloc Tax Rate: 2.7x
[2024-08-29T23:17:37.585+0800] GC(43) Pause Init Mark (unload classes) 0.106ms
[2024-08-29T23:17:37.585+0800] GC(43) Concurrent marking roots
[2024-08-29T23:17:37.586+0800] GC(43) Using 2 of 4 workers for concurrent marking roots
[2024-08-29T23:17:37.586+0800] GC(43) Concurrent marking roots 0.609ms
[2024-08-29T23:17:37.586+0800] GC(43) Concurrent marking (unload classes)
[2024-08-29T23:17:37.586+0800] GC(43) Using 2 of 4 workers for concurrent marking
[2024-08-29T23:17:37.588+0800] GC(43) Concurrent marking (unload classes) 1.958ms
[2024-08-29T23:17:37.588+0800] GC(43) Pause Final Mark (unload classes)
[2024-08-29T23:17:37.588+0800] GC(43) Using 4 of 4 workers for final marking
[2024-08-29T23:17:37.588+0800] GC(43) Collectable Garbage: 956M (95%), Immediate: 956M (95%), CSet: 0B (0%)
[2024-08-29T23:17:37.589+0800] GC(43) Pause Final Mark (unload classes) 0.385ms
[2024-08-29T23:17:37.589+0800] GC(43) Concurrent weak references
[2024-08-29T23:17:37.589+0800] GC(43) Using 2 of 4 workers for concurrent weak references
[2024-08-29T23:17:37.589+0800] GC(43) Encountered references: Soft: 178, Weak: 297, Final: 0, Phantom: 5
[2024-08-29T23:17:37.589+0800] GC(43) Discovered  references: Soft: 0, Weak: 70, Final: 0, Phantom: 5
[2024-08-29T23:17:37.589+0800] GC(43) Enqueued    references: Soft: 0, Weak: 0, Final: 0, Phantom: 0
[2024-08-29T23:17:37.589+0800] GC(43) Concurrent weak references 0.252ms
[2024-08-29T23:17:37.589+0800] GC(43) Concurrent weak roots
[2024-08-29T23:17:37.589+0800] GC(43) Using 2 of 4 workers for concurrent weak root
[2024-08-29T23:17:37.590+0800] GC(43) Concurrent weak roots 1.003ms
[2024-08-29T23:17:37.590+0800] GC(43) Concurrent cleanup
[2024-08-29T23:17:37.590+0800] GC(43) Concurrent cleanup 1515M->559M(2048M) 0.091ms
[2024-08-29T23:17:37.590+0800] GC(43) Free: 1300M, Max: 1024K regular, 172M humongous, Frag: 87% external, 1% internal; Reserve: 103M, Max: 1024K
[2024-08-29T23:17:37.590+0800] GC(43) Concurrent class unloading
[2024-08-29T23:17:37.590+0800] GC(43) Using 2 of 4 workers for concurrent class unloading
[2024-08-29T23:17:37.592+0800] GC(43) Concurrent class unloading 1.760ms
[2024-08-29T23:17:37.592+0800] GC(43) Pause Final Roots
[2024-08-29T23:17:37.592+0800] GC(43) Pause Final Roots 0.018ms
[2024-08-29T23:17:37.592+0800] Free: 1298M, Max: 1024K regular, 172M humongous, Frag: 87% external, 1% internal; Reserve: 103M, Max: 1024K
[2024-08-29T23:17:37.592+0800] 
[2024-08-29T23:17:37.592+0800] All times are wall-clock times, except per-root-class counters, that are sum over
[2024-08-29T23:17:37.592+0800] all workers. Dividing the <total> over the root stage time estimates parallelism.
[2024-08-29T23:17:37.592+0800] 
[2024-08-29T23:17:37.592+0800] Concurrent Reset                   2593 us
[2024-08-29T23:17:37.592+0800] Pause Init Mark (G)                1316 us
[2024-08-29T23:17:37.592+0800] Pause Init Mark (N)                 113 us
[2024-08-29T23:17:37.592+0800]   Update Region States               57 us
[2024-08-29T23:17:37.592+0800] Concurrent Mark Roots               620 us, parallelism: 0.40x
[2024-08-29T23:17:37.592+0800]   CMR: <total>                      249 us
[2024-08-29T23:17:37.592+0800]   CMR: Thread Roots                 163 us, workers (us):  88,  76, ---, ---, 
[2024-08-29T23:17:37.592+0800]   CMR: VM Strong Roots                9 us, workers (us):   9,   0, ---, ---, 
[2024-08-29T23:17:37.592+0800]   CMR: CLDG Roots                    76 us, workers (us):  76, ---, ---, ---, 
[2024-08-29T23:17:37.592+0800] Concurrent Marking                 1978 us
[2024-08-29T23:17:37.592+0800] Pause Final Mark (G)                464 us
[2024-08-29T23:17:37.592+0800] Pause Final Mark (N)                393 us
[2024-08-29T23:17:37.592+0800]   Finish Mark                       136 us
[2024-08-29T23:17:37.592+0800]   Update Region States               57 us
[2024-08-29T23:17:37.592+0800]   Choose Collection Set             157 us
[2024-08-29T23:17:37.592+0800]   Rebuild Free Set                   10 us
[2024-08-29T23:17:37.592+0800] Concurrent Weak References          258 us, parallelism: 0.02x
[2024-08-29T23:17:37.592+0800]   CWRF: <total>                       5 us
[2024-08-29T23:17:37.592+0800]   CWRF: Weak References               5 us, workers (us):   5,   0, ---, ---, 
[2024-08-29T23:17:37.592+0800] Concurrent Weak Roots              1020 us
[2024-08-29T23:17:37.592+0800]   Roots                             308 us, parallelism: 1.43x
[2024-08-29T23:17:37.592+0800]     CWR: <total>                    440 us
[2024-08-29T23:17:37.592+0800]     CWR: Code Cache Roots           375 us, workers (us): 187, 188, ---, ---, 
[2024-08-29T23:17:37.592+0800]     CWR: VM Weak Roots               63 us, workers (us):  50,  12, ---, ---, 
[2024-08-29T23:17:37.592+0800]     CWR: CLDG Roots                   2 us, workers (us):   2, ---, ---, ---, 
[2024-08-29T23:17:37.592+0800]   Rendezvous                        683 us
[2024-08-29T23:17:37.592+0800] Concurrent Cleanup                   97 us
[2024-08-29T23:17:37.592+0800] Concurrent Class Unloading         1777 us
[2024-08-29T23:17:37.592+0800]   Unlink Stale                      678 us
[2024-08-29T23:17:37.592+0800]     System Dictionary                 2 us
[2024-08-29T23:17:37.592+0800]     Weak Class Links                  0 us
[2024-08-29T23:17:37.592+0800]     Code Roots                      675 us
[2024-08-29T23:17:37.592+0800]   Rendezvous                        974 us
[2024-08-29T23:17:37.592+0800]   Purge Unlinked                     96 us
[2024-08-29T23:17:37.592+0800]     Code Roots                       83 us
[2024-08-29T23:17:37.592+0800]     CLDG                             13 us
[2024-08-29T23:17:37.592+0800]     Exception Caches                  0 us
[2024-08-29T23:17:37.592+0800] Pause Final Roots (G)               156 us
[2024-08-29T23:17:37.592+0800] Pause Final Roots (N)                26 us
[2024-08-29T23:17:37.592+0800] 
[2024-08-29T23:17:37.592+0800] Allocation pacing accrued:
[2024-08-29T23:17:37.592+0800]       0 of   472 ms (  0.0%): <total>
[2024-08-29T23:17:37.592+0800]       0 of   472 ms (  0.0%): <average total>
[2024-08-29T23:17:37.592+0800] 
[2024-08-29T23:17:37.592+0800] Metaspace: 1648K(1792K)->1648K(1792K) NonClass: 1529K(1600K)->1529K(1600K) Class: 119K(192K)->119K(192K)
[2024-08-29T23:17:37.592+0800] Pacer for Idle. Initial: 41943K, Alloc Tax Rate: 1.0x
[2024-08-29T23:17:38.019+0800] Trigger: Free (202M) is below minimum threshold (204M)
[2024-08-29T23:17:38.019+0800] Free: 202M, Max: 1024K regular, 167M humongous, Frag: 17% external, 4% internal; Reserve: 103M, Max: 1024K
[2024-08-29T23:17:38.019+0800] GC(44) Concurrent reset
[2024-08-29T23:17:38.019+0800] GC(44) Using 2 of 4 workers for concurrent reset
[2024-08-29T23:17:38.019+0800] GC(44) Pacer for Reset. Non-Taxable: 2048M
[2024-08-29T23:17:38.021+0800] GC(44) Concurrent reset 2.310ms
[2024-08-29T23:17:38.023+0800] GC(44) Pause Init Mark (unload classes)
[2024-08-29T23:17:38.023+0800] GC(44) Using 4 of 4 workers for init marking
[2024-08-29T23:17:38.023+0800] GC(44) Pacer for Mark. Expected Live: 451M, Free: 198M, Non-Taxable: 20374K, Alloc Tax Rate: 2.8x
[2024-08-29T23:17:38.023+0800] GC(44) Pause Init Mark (unload classes) 0.107ms
[2024-08-29T23:17:38.023+0800] GC(44) Concurrent marking roots
[2024-08-29T23:17:38.023+0800] GC(44) Using 2 of 4 workers for concurrent marking roots
[2024-08-29T23:17:38.023+0800] GC(44) Concurrent marking roots 0.221ms
[2024-08-29T23:17:38.023+0800] GC(44) Concurrent marking (unload classes)
[2024-08-29T23:17:38.023+0800] GC(44) Using 2 of 4 workers for concurrent marking
[2024-08-29T23:17:38.024+0800] GC(44) Concurrent marking (unload classes) 1.545ms
[2024-08-29T23:17:38.025+0800] GC(44) Pause Final Mark (unload classes)
[2024-08-29T23:17:38.025+0800] GC(44) Using 4 of 4 workers for final marking
[2024-08-29T23:17:38.025+0800] GC(44) Collectable Garbage: 927M (95%), Immediate: 927M (95%), CSet: 0B (0%)
[2024-08-29T23:17:38.025+0800] GC(44) Pause Final Mark (unload classes) 0.360ms
[2024-08-29T23:17:38.025+0800] GC(44) Concurrent weak references
[2024-08-29T23:17:38.025+0800] GC(44) Using 2 of 4 workers for concurrent weak references
[2024-08-29T23:17:38.025+0800] GC(44) Encountered references: Soft: 178, Weak: 297, Final: 0, Phantom: 5
[2024-08-29T23:17:38.025+0800] GC(44) Discovered  references: Soft: 0, Weak: 113, Final: 0, Phantom: 3
[2024-08-29T23:17:38.025+0800] GC(44) Enqueued    references: Soft: 0, Weak: 0, Final: 0, Phantom: 0
[2024-08-29T23:17:38.025+0800] GC(44) Concurrent weak references 0.088ms
[2024-08-29T23:17:38.025+0800] GC(44) Concurrent weak roots
[2024-08-29T23:17:38.025+0800] GC(44) Using 2 of 4 workers for concurrent weak root
[2024-08-29T23:17:38.026+0800] GC(44) Concurrent weak roots 0.389ms
[2024-08-29T23:17:38.026+0800] GC(44) Concurrent cleanup
[2024-08-29T23:17:38.026+0800] GC(44) Concurrent cleanup 1509M->581M(2048M) 0.090ms
[2024-08-29T23:17:38.026+0800] GC(44) Free: 1278M, Max: 1024K regular, 163M humongous, Frag: 88% external, 1% internal; Reserve: 103M, Max: 1024K
[2024-08-29T23:17:38.026+0800] GC(44) Concurrent class unloading
[2024-08-29T23:17:38.026+0800] GC(44) Using 2 of 4 workers for concurrent class unloading
[2024-08-29T23:17:38.027+0800] GC(44) Concurrent class unloading 1.042ms
[2024-08-29T23:17:38.027+0800] GC(44) Pause Final Roots
[2024-08-29T23:17:38.027+0800] GC(44) Pause Final Roots 0.014ms
[2024-08-29T23:17:38.027+0800] Free: 1270M, Max: 1024K regular, 163M humongous, Frag: 88% external, 1% internal; Reserve: 103M, Max: 1024K
[2024-08-29T23:17:38.027+0800] 
[2024-08-29T23:17:38.027+0800] All times are wall-clock times, except per-root-class counters, that are sum over
[2024-08-29T23:17:38.027+0800] all workers. Dividing the <total> over the root stage time estimates parallelism.
[2024-08-29T23:17:38.027+0800] 
[2024-08-29T23:17:38.027+0800] Concurrent Reset                   2351 us
[2024-08-29T23:17:38.027+0800] Pause Init Mark (G)                1222 us
[2024-08-29T23:17:38.027+0800] Pause Init Mark (N)                 113 us
[2024-08-29T23:17:38.027+0800]   Update Region States               66 us
[2024-08-29T23:17:38.027+0800] Concurrent Mark Roots               234 us, parallelism: 0.87x
[2024-08-29T23:17:38.027+0800]   CMR: <total>                      205 us
[2024-08-29T23:17:38.027+0800]   CMR: Thread Roots                 156 us, workers (us):  57,  99, ---, ---, 
[2024-08-29T23:17:38.027+0800]   CMR: VM Strong Roots                5 us, workers (us):   5,   0, ---, ---, 
[2024-08-29T23:17:38.027+0800]   CMR: CLDG Roots                    43 us, workers (us):  43, ---, ---, ---, 
[2024-08-29T23:17:38.027+0800] Concurrent Marking                 1566 us
[2024-08-29T23:17:38.027+0800] Pause Final Mark (G)                912 us
[2024-08-29T23:17:38.027+0800] Pause Final Mark (N)                368 us
[2024-08-29T23:17:38.027+0800]   Finish Mark                       125 us
[2024-08-29T23:17:38.027+0800]   Update Region States               50 us
[2024-08-29T23:17:38.027+0800]   Choose Collection Set             149 us
[2024-08-29T23:17:38.027+0800]   Rebuild Free Set                   10 us
[2024-08-29T23:17:38.027+0800] Concurrent Weak References           94 us, parallelism: 0.12x
[2024-08-29T23:17:38.027+0800]   CWRF: <total>                      11 us
[2024-08-29T23:17:38.027+0800]   CWRF: Weak References              11 us, workers (us):  11,   0, ---, ---, 
[2024-08-29T23:17:38.027+0800] Concurrent Weak Roots               401 us
[2024-08-29T23:17:38.027+0800]   Roots                             313 us, parallelism: 1.59x
[2024-08-29T23:17:38.027+0800]     CWR: <total>                    497 us
[2024-08-29T23:17:38.027+0800]     CWR: Code Cache Roots           413 us, workers (us): 203, 210, ---, ---, 
[2024-08-29T23:17:38.027+0800]     CWR: VM Weak Roots               81 us, workers (us):  46,  34, ---, ---, 
[2024-08-29T23:17:38.027+0800]     CWR: CLDG Roots                   4 us, workers (us): ---,   4, ---, ---, 
[2024-08-29T23:17:38.027+0800]   Rendezvous                         65 us
[2024-08-29T23:17:38.027+0800] Concurrent Cleanup                   96 us
[2024-08-29T23:17:38.027+0800] Concurrent Class Unloading         1059 us
[2024-08-29T23:17:38.027+0800]   Unlink Stale                      894 us
[2024-08-29T23:17:38.027+0800]     System Dictionary                 3 us
[2024-08-29T23:17:38.027+0800]     Weak Class Links                  0 us
[2024-08-29T23:17:38.027+0800]     Code Roots                      890 us
[2024-08-29T23:17:38.027+0800]   Rendezvous                         71 us
[2024-08-29T23:17:38.027+0800]   Purge Unlinked                     65 us
[2024-08-29T23:17:38.027+0800]     Code Roots                       52 us
[2024-08-29T23:17:38.027+0800]     CLDG                             12 us
[2024-08-29T23:17:38.027+0800]     Exception Caches                  0 us
[2024-08-29T23:17:38.027+0800] Pause Final Roots (G)                86 us
[2024-08-29T23:17:38.027+0800] Pause Final Roots (N)                20 us
[2024-08-29T23:17:38.027+0800] 
[2024-08-29T23:17:38.027+0800] Allocation pacing accrued:
[2024-08-29T23:17:38.027+0800]       0 of   435 ms (  0.0%): <total>
[2024-08-29T23:17:38.027+0800]       0 of   435 ms (  0.0%): <average total>
[2024-08-29T23:17:38.027+0800] 
[2024-08-29T23:17:38.027+0800] Metaspace: 1648K(1792K)->1648K(1792K) NonClass: 1529K(1600K)->1529K(1600K) Class: 119K(192K)->119K(192K)
[2024-08-29T23:17:38.027+0800] Pacer for Idle. Initial: 41943K, Alloc Tax Rate: 1.0x
[2024-08-29T23:17:38.462+0800] Trigger: Free (202M) is below minimum threshold (204M)
[2024-08-29T23:17:38.462+0800] Free: 198M, Max: 1024K regular, 163M humongous, Frag: 18% external, 1% internal; Reserve: 103M, Max: 1024K
[2024-08-29T23:17:38.463+0800] GC(45) Concurrent reset
[2024-08-29T23:17:38.463+0800] GC(45) Using 2 of 4 workers for concurrent reset
[2024-08-29T23:17:38.463+0800] GC(45) Pacer for Reset. Non-Taxable: 2048M
[2024-08-29T23:17:38.465+0800] GC(45) Concurrent reset 2.674ms
[2024-08-29T23:17:38.465+0800] GC(45) Pause Init Mark (unload classes)
[2024-08-29T23:17:38.465+0800] GC(45) Using 4 of 4 workers for init marking
[2024-08-29T23:17:38.465+0800] GC(45) Pacer for Mark. Expected Live: 479M, Free: 196M, Non-Taxable: 20169K, Alloc Tax Rate: 3.0x
[2024-08-29T23:17:38.465+0800] GC(45) Pause Init Mark (unload classes) 0.098ms
[2024-08-29T23:17:38.465+0800] GC(45) Concurrent marking roots
[2024-08-29T23:17:38.465+0800] GC(45) Using 2 of 4 workers for concurrent marking roots
[2024-08-29T23:17:38.466+0800] GC(45) Concurrent marking roots 0.253ms
[2024-08-29T23:17:38.466+0800] GC(45) Concurrent marking (unload classes)
[2024-08-29T23:17:38.466+0800] GC(45) Using 2 of 4 workers for concurrent marking
[2024-08-29T23:17:38.469+0800] GC(45) Concurrent marking (unload classes) 3.101ms
[2024-08-29T23:17:38.469+0800] GC(45) Pause Final Mark (unload classes)
[2024-08-29T23:17:38.469+0800] GC(45) Using 4 of 4 workers for final marking
[2024-08-29T23:17:38.469+0800] GC(45) Collectable Garbage: 886M (95%), Immediate: 886M (95%), CSet: 0B (0%)
[2024-08-29T23:17:38.469+0800] GC(45) Pause Final Mark (unload classes) 0.582ms
[2024-08-29T23:17:38.470+0800] GC(45) Concurrent weak references
[2024-08-29T23:17:38.470+0800] GC(45) Using 2 of 4 workers for concurrent weak references
[2024-08-29T23:17:38.470+0800] GC(45) Encountered references: Soft: 178, Weak: 297, Final: 0, Phantom: 5
[2024-08-29T23:17:38.470+0800] GC(45) Discovered  references: Soft: 0, Weak: 117, Final: 0, Phantom: 3
[2024-08-29T23:17:38.470+0800] GC(45) Enqueued    references: Soft: 0, Weak: 0, Final: 0, Phantom: 0
[2024-08-29T23:17:38.470+0800] GC(45) Concurrent weak references 0.099ms
[2024-08-29T23:17:38.470+0800] GC(45) Concurrent weak roots
[2024-08-29T23:17:38.470+0800] GC(45) Using 2 of 4 workers for concurrent weak root
[2024-08-29T23:17:38.470+0800] GC(45) Concurrent weak roots 0.469ms
[2024-08-29T23:17:38.470+0800] GC(45) Concurrent cleanup
[2024-08-29T23:17:38.470+0800] GC(45) Concurrent cleanup 1529M->642M(2048M) 0.089ms
[2024-08-29T23:17:38.470+0800] GC(45) Free: 1210M, Max: 1024K regular, 156M humongous, Frag: 88% external, 0% internal; Reserve: 103M, Max: 1024K
[2024-08-29T23:17:38.470+0800] GC(45) Concurrent class unloading
[2024-08-29T23:17:38.470+0800] GC(45) Using 2 of 4 workers for concurrent class unloading
[2024-08-29T23:17:38.471+0800] GC(45) Concurrent class unloading 0.742ms
[2024-08-29T23:17:38.471+0800] GC(45) Pause Final Roots
[2024-08-29T23:17:38.471+0800] GC(45) Pause Final Roots 0.014ms
[2024-08-29T23:17:38.471+0800] Free: 1210M, Max: 1024K regular, 156M humongous, Frag: 88% external, 0% internal; Reserve: 103M, Max: 1024K
[2024-08-29T23:17:38.471+0800] 
[2024-08-29T23:17:38.471+0800] All times are wall-clock times, except per-root-class counters, that are sum over
[2024-08-29T23:17:38.471+0800] all workers. Dividing the <total> over the root stage time estimates parallelism.
[2024-08-29T23:17:38.471+0800] 
[2024-08-29T23:17:38.471+0800] Concurrent Reset                   2703 us
[2024-08-29T23:17:38.471+0800] Pause Init Mark (G)                 188 us
[2024-08-29T23:17:38.471+0800] Pause Init Mark (N)                 105 us
[2024-08-29T23:17:38.471+0800]   Update Region States               57 us
[2024-08-29T23:17:38.471+0800] Concurrent Mark Roots               262 us, parallelism: 0.78x
[2024-08-29T23:17:38.471+0800]   CMR: <total>                      205 us
[2024-08-29T23:17:38.471+0800]   CMR: Thread Roots                 159 us, workers (us): 159,   0, ---, ---, 
[2024-08-29T23:17:38.471+0800]   CMR: VM Strong Roots                5 us, workers (us):   4,   0, ---, ---, 
[2024-08-29T23:17:38.471+0800]   CMR: CLDG Roots                    41 us, workers (us):  41, ---, ---, ---, 
[2024-08-29T23:17:38.471+0800] Concurrent Marking                 3142 us
[2024-08-29T23:17:38.471+0800] Pause Final Mark (G)                699 us
[2024-08-29T23:17:38.471+0800] Pause Final Mark (N)                592 us
[2024-08-29T23:17:38.471+0800]   Finish Mark                       321 us
[2024-08-29T23:17:38.471+0800]   Update Region States               58 us
[2024-08-29T23:17:38.471+0800]   Choose Collection Set             160 us
[2024-08-29T23:17:38.471+0800]   Rebuild Free Set                   12 us
[2024-08-29T23:17:38.471+0800] Concurrent Weak References          107 us, parallelism: 0.11x
[2024-08-29T23:17:38.471+0800]   CWRF: <total>                      12 us
[2024-08-29T23:17:38.471+0800]   CWRF: Weak References              12 us, workers (us):  10,   2, ---, ---, 
[2024-08-29T23:17:38.471+0800] Concurrent Weak Roots               484 us
[2024-08-29T23:17:38.471+0800]   Roots                             392 us, parallelism: 0.82x
[2024-08-29T23:17:38.471+0800]     CWR: <total>                    323 us
[2024-08-29T23:17:38.471+0800]     CWR: Code Cache Roots           244 us, workers (us): 244,   0, ---, ---, 
[2024-08-29T23:17:38.471+0800]     CWR: VM Weak Roots               76 us, workers (us):  75,   0, ---, ---, 
[2024-08-29T23:17:38.471+0800]     CWR: CLDG Roots                   4 us, workers (us):   4, ---, ---, ---, 
[2024-08-29T23:17:38.471+0800]   Rendezvous                         62 us
[2024-08-29T23:17:38.471+0800] Concurrent Cleanup                   96 us
[2024-08-29T23:17:38.471+0800] Concurrent Class Unloading          758 us
[2024-08-29T23:17:38.471+0800]   Unlink Stale                      590 us
[2024-08-29T23:17:38.471+0800]     System Dictionary                 2 us
[2024-08-29T23:17:38.471+0800]     Weak Class Links                  0 us
[2024-08-29T23:17:38.471+0800]     Code Roots                      587 us
[2024-08-29T23:17:38.471+0800]   Rendezvous                         61 us
[2024-08-29T23:17:38.471+0800]   Purge Unlinked                     79 us
[2024-08-29T23:17:38.471+0800]     Code Roots                       66 us
[2024-08-29T23:17:38.471+0800]     CLDG                             12 us
[2024-08-29T23:17:38.471+0800]     Exception Caches                  0 us
[2024-08-29T23:17:38.471+0800] Pause Final Roots (G)                83 us
[2024-08-29T23:17:38.471+0800] Pause Final Roots (N)                21 us
[2024-08-29T23:17:38.471+0800] 
[2024-08-29T23:17:38.471+0800] Allocation pacing accrued:
[2024-08-29T23:17:38.471+0800]       0 of   444 ms (  0.0%): <total>
[2024-08-29T23:17:38.471+0800]       0 of   444 ms (  0.0%): <average total>
[2024-08-29T23:17:38.471+0800] 
[2024-08-29T23:17:38.471+0800] Metaspace: 1648K(1792K)->1648K(1792K) NonClass: 1529K(1600K)->1529K(1600K) Class: 119K(192K)->119K(192K)
[2024-08-29T23:17:38.471+0800] Pacer for Idle. Initial: 41943K, Alloc Tax Rate: 1.0x
[2024-08-29T23:17:38.878+0800] Trigger: Free (202M) is below minimum threshold (204M)
[2024-08-29T23:17:38.878+0800] Free: 202M, Max: 1024K regular, 156M humongous, Frag: 23% external, 1% internal; Reserve: 103M, Max: 1024K
[2024-08-29T23:17:38.878+0800] GC(46) Concurrent reset
[2024-08-29T23:17:38.878+0800] GC(46) Using 2 of 4 workers for concurrent reset
[2024-08-29T23:17:38.878+0800] GC(46) Pacer for Reset. Non-Taxable: 2048M
[2024-08-29T23:17:38.881+0800] GC(46) Concurrent reset 2.867ms
[2024-08-29T23:17:38.881+0800] GC(46) Pause Init Mark (unload classes)
[2024-08-29T23:17:38.881+0800] GC(46) Using 4 of 4 workers for init marking
[2024-08-29T23:17:38.882+0800] GC(46) Pacer for Mark. Expected Live: 498M, Free: 199M, Non-Taxable: 20474K, Alloc Tax Rate: 3.0x
[2024-08-29T23:17:38.882+0800] GC(46) Pause Init Mark (unload classes) 0.112ms
[2024-08-29T23:17:38.882+0800] GC(46) Concurrent marking roots
[2024-08-29T23:17:38.882+0800] GC(46) Using 2 of 4 workers for concurrent marking roots
[2024-08-29T23:17:38.882+0800] GC(46) Concurrent marking roots 0.226ms
[2024-08-29T23:17:38.882+0800] GC(46) Concurrent marking (unload classes)
[2024-08-29T23:17:38.882+0800] GC(46) Using 2 of 4 workers for concurrent marking
[2024-08-29T23:17:38.883+0800] GC(46) Concurrent marking (unload classes) 1.463ms
[2024-08-29T23:17:38.883+0800] GC(46) Pause Final Mark (unload classes)
[2024-08-29T23:17:38.883+0800] GC(46) Using 4 of 4 workers for final marking
[2024-08-29T23:17:38.884+0800] GC(46) Collectable Garbage: 852M (95%), Immediate: 852M (95%), CSet: 0B (0%)
[2024-08-29T23:17:38.884+0800] GC(46) Pause Final Mark (unload classes) 0.338ms
[2024-08-29T23:17:38.884+0800] GC(46) Concurrent weak references
[2024-08-29T23:17:38.884+0800] GC(46) Using 2 of 4 workers for concurrent weak references
[2024-08-29T23:17:38.884+0800] GC(46) Encountered references: Soft: 178, Weak: 297, Final: 0, Phantom: 5
[2024-08-29T23:17:38.884+0800] GC(46) Discovered  references: Soft: 0, Weak: 113, Final: 0, Phantom: 5
[2024-08-29T23:17:38.884+0800] GC(46) Enqueued    references: Soft: 0, Weak: 0, Final: 0, Phantom: 0
[2024-08-29T23:17:38.884+0800] GC(46) Concurrent weak references 0.065ms
[2024-08-29T23:17:38.884+0800] GC(46) Concurrent weak roots
[2024-08-29T23:17:38.884+0800] GC(46) Using 2 of 4 workers for concurrent weak root
[2024-08-29T23:17:38.884+0800] GC(46) Concurrent weak roots 0.502ms
[2024-08-29T23:17:38.884+0800] GC(46) Concurrent cleanup
[2024-08-29T23:17:38.884+0800] GC(46) Concurrent cleanup 1505M->653M(2048M) 0.078ms
[2024-08-29T23:17:38.884+0800] GC(46) Free: 1196M, Max: 1024K regular, 172M humongous, Frag: 86% external, 0% internal; Reserve: 103M, Max: 1024K
[2024-08-29T23:17:38.884+0800] GC(46) Concurrent class unloading
[2024-08-29T23:17:38.884+0800] GC(46) Using 2 of 4 workers for concurrent class unloading
[2024-08-29T23:17:38.885+0800] GC(46) Concurrent class unloading 0.870ms
[2024-08-29T23:17:38.885+0800] GC(46) Pause Final Roots
[2024-08-29T23:17:38.885+0800] GC(46) Pause Final Roots 0.013ms
[2024-08-29T23:17:38.885+0800] Free: 1194M, Max: 1024K regular, 172M humongous, Frag: 86% external, 0% internal; Reserve: 103M, Max: 1024K
[2024-08-29T23:17:38.885+0800] 
[2024-08-29T23:17:38.885+0800] All times are wall-clock times, except per-root-class counters, that are sum over
[2024-08-29T23:17:38.885+0800] all workers. Dividing the <total> over the root stage time estimates parallelism.
[2024-08-29T23:17:38.885+0800] 
[2024-08-29T23:17:38.885+0800] Concurrent Reset                   2943 us
[2024-08-29T23:17:38.885+0800] Pause Init Mark (G)                 161 us
[2024-08-29T23:17:38.885+0800] Pause Init Mark (N)                 119 us
[2024-08-29T23:17:38.885+0800]   Update Region States               67 us
[2024-08-29T23:17:38.885+0800] Concurrent Mark Roots               238 us, parallelism: 1.27x
[2024-08-29T23:17:38.885+0800]   CMR: <total>                      303 us
[2024-08-29T23:17:38.885+0800]   CMR: Thread Roots                 246 us, workers (us):  99, 147, ---, ---, 
[2024-08-29T23:17:38.885+0800]   CMR: VM Strong Roots                6 us, workers (us):   5,   0, ---, ---, 
[2024-08-29T23:17:38.885+0800]   CMR: CLDG Roots                    52 us, workers (us):  52, ---, ---, ---, 
[2024-08-29T23:17:38.885+0800] Concurrent Marking                 1479 us
[2024-08-29T23:17:38.885+0800] Pause Final Mark (G)                412 us
[2024-08-29T23:17:38.885+0800] Pause Final Mark (N)                345 us
[2024-08-29T23:17:38.885+0800]   Finish Mark                       115 us
[2024-08-29T23:17:38.885+0800]   Update Region States               53 us
[2024-08-29T23:17:38.885+0800]   Choose Collection Set             134 us
[2024-08-29T23:17:38.885+0800]   Rebuild Free Set                    9 us
[2024-08-29T23:17:38.885+0800] Concurrent Weak References           70 us, parallelism: 0.08x
[2024-08-29T23:17:38.885+0800]   CWRF: <total>                       5 us
[2024-08-29T23:17:38.885+0800]   CWRF: Weak References               5 us, workers (us):   5,   0, ---, ---, 
[2024-08-29T23:17:38.885+0800] Concurrent Weak Roots               516 us
[2024-08-29T23:17:38.885+0800]   Roots                             430 us, parallelism: 1.33x
[2024-08-29T23:17:38.885+0800]     CWR: <total>                    573 us
[2024-08-29T23:17:38.885+0800]     CWR: Code Cache Roots           521 us, workers (us): 222, 299, ---, ---, 
[2024-08-29T23:17:38.885+0800]     CWR: VM Weak Roots               50 us, workers (us):  32,  18, ---, ---, 
[2024-08-29T23:17:38.886+0800]     CWR: CLDG Roots                   2 us, workers (us): ---,   2, ---, ---, 
[2024-08-29T23:17:38.886+0800]   Rendezvous                         62 us
[2024-08-29T23:17:38.886+0800] Concurrent Cleanup                   85 us
[2024-08-29T23:17:38.886+0800] Concurrent Class Unloading          888 us
[2024-08-29T23:17:38.886+0800]   Unlink Stale                      676 us
[2024-08-29T23:17:38.886+0800]     System Dictionary                 2 us
[2024-08-29T23:17:38.886+0800]     Weak Class Links                  0 us
[2024-08-29T23:17:38.886+0800]     Code Roots                      673 us
[2024-08-29T23:17:38.886+0800]   Rendezvous                        108 us
[2024-08-29T23:17:38.886+0800]   Purge Unlinked                     75 us
[2024-08-29T23:17:38.886+0800]     Code Roots                       65 us
[2024-08-29T23:17:38.886+0800]     CLDG                             10 us
[2024-08-29T23:17:38.886+0800]     Exception Caches                  0 us
[2024-08-29T23:17:38.886+0800] Pause Final Roots (G)                81 us
[2024-08-29T23:17:38.886+0800] Pause Final Roots (N)                20 us
[2024-08-29T23:17:38.886+0800] 
[2024-08-29T23:17:38.886+0800] Allocation pacing accrued:
[2024-08-29T23:17:38.886+0800]       0 of   414 ms (  0.0%): <total>
[2024-08-29T23:17:38.886+0800]       0 of   414 ms (  0.0%): <average total>
[2024-08-29T23:17:38.886+0800] 
[2024-08-29T23:17:38.886+0800] Metaspace: 1648K(1792K)->1648K(1792K) NonClass: 1529K(1600K)->1529K(1600K) Class: 119K(192K)->119K(192K)
[2024-08-29T23:17:38.886+0800] Pacer for Idle. Initial: 41943K, Alloc Tax Rate: 1.0x
[2024-08-29T23:17:39.292+0800] Trigger: Free (195M) is below minimum threshold (204M)
[2024-08-29T23:17:39.292+0800] Free: 195M, Max: 1024K regular, 167M humongous, Frag: 15% external, 1% internal; Reserve: 103M, Max: 1024K
[2024-08-29T23:17:39.292+0800] GC(47) Concurrent reset
[2024-08-29T23:17:39.293+0800] GC(47) Using 2 of 4 workers for concurrent reset
[2024-08-29T23:17:39.293+0800] GC(47) Pacer for Reset. Non-Taxable: 2048M
[2024-08-29T23:17:39.296+0800] GC(47) Concurrent reset 3.704ms
[2024-08-29T23:17:39.296+0800] GC(47) Pause Init Mark (unload classes)
[2024-08-29T23:17:39.296+0800] GC(47) Using 4 of 4 workers for init marking
[2024-08-29T23:17:39.296+0800] GC(47) Pacer for Mark. Expected Live: 533M, Free: 186M, Non-Taxable: 19141K, Alloc Tax Rate: 3.5x
[2024-08-29T23:17:39.296+0800] GC(47) Pause Init Mark (unload classes) 0.119ms
[2024-08-29T23:17:39.296+0800] GC(47) Concurrent marking roots
[2024-08-29T23:17:39.296+0800] GC(47) Using 2 of 4 workers for concurrent marking roots
[2024-08-29T23:17:39.297+0800] GC(47) Concurrent marking roots 0.229ms
[2024-08-29T23:17:39.297+0800] GC(47) Concurrent marking (unload classes)
[2024-08-29T23:17:39.297+0800] GC(47) Using 2 of 4 workers for concurrent marking
[2024-08-29T23:17:39.299+0800] GC(47) Concurrent marking (unload classes) 1.796ms
[2024-08-29T23:17:39.299+0800] GC(47) Pause Final Mark (unload classes)
[2024-08-29T23:17:39.299+0800] GC(47) Using 4 of 4 workers for final marking
[2024-08-29T23:17:39.299+0800] GC(47) Collectable Garbage: 915M (95%), Immediate: 915M (95%), CSet: 0B (0%)
[2024-08-29T23:17:39.299+0800] GC(47) Pause Final Mark (unload classes) 0.595ms
[2024-08-29T23:17:39.299+0800] GC(47) Concurrent weak references
[2024-08-29T23:17:39.299+0800] GC(47) Using 2 of 4 workers for concurrent weak references
[2024-08-29T23:17:39.299+0800] GC(47) Encountered references: Soft: 178, Weak: 297, Final: 0, Phantom: 5
[2024-08-29T23:17:39.299+0800] GC(47) Discovered  references: Soft: 0, Weak: 113, Final: 0, Phantom: 3
[2024-08-29T23:17:39.299+0800] GC(47) Enqueued    references: Soft: 0, Weak: 0, Final: 0, Phantom: 0
[2024-08-29T23:17:39.299+0800] GC(47) Concurrent weak references 0.107ms
[2024-08-29T23:17:39.299+0800] GC(47) Concurrent weak roots
[2024-08-29T23:17:39.299+0800] GC(47) Using 2 of 4 workers for concurrent weak root
[2024-08-29T23:17:39.300+0800] GC(47) Concurrent weak roots 0.486ms
[2024-08-29T23:17:39.300+0800] GC(47) Concurrent cleanup
[2024-08-29T23:17:39.300+0800] GC(47) Concurrent cleanup 1521M->606M(2048M) 0.090ms
[2024-08-29T23:17:39.300+0800] GC(47) Free: 1242M, Max: 1024K regular, 158M humongous, Frag: 88% external, 0% internal; Reserve: 103M, Max: 1024K
[2024-08-29T23:17:39.300+0800] GC(47) Concurrent class unloading
[2024-08-29T23:17:39.300+0800] GC(47) Using 2 of 4 workers for concurrent class unloading
[2024-08-29T23:17:39.301+0800] GC(47) Concurrent class unloading 1.412ms
[2024-08-29T23:17:39.301+0800] GC(47) Pause Final Roots
[2024-08-29T23:17:39.301+0800] GC(47) Pause Final Roots 0.015ms
[2024-08-29T23:17:39.302+0800] Free: 1236M, Max: 1024K regular, 158M humongous, Frag: 88% external, 0% internal; Reserve: 103M, Max: 1024K
[2024-08-29T23:17:39.302+0800] 
[2024-08-29T23:17:39.302+0800] All times are wall-clock times, except per-root-class counters, that are sum over
[2024-08-29T23:17:39.302+0800] all workers. Dividing the <total> over the root stage time estimates parallelism.
[2024-08-29T23:17:39.302+0800] 
[2024-08-29T23:17:39.302+0800] Concurrent Reset                   3741 us
[2024-08-29T23:17:39.302+0800] Pause Init Mark (G)                 223 us
[2024-08-29T23:17:39.302+0800] Pause Init Mark (N)                 126 us
[2024-08-29T23:17:39.302+0800]   Update Region States               70 us
[2024-08-29T23:17:39.302+0800] Concurrent Mark Roots               240 us, parallelism: 1.04x
[2024-08-29T23:17:39.302+0800]   CMR: <total>                      249 us
[2024-08-29T23:17:39.302+0800]   CMR: Thread Roots                 189 us, workers (us):  70, 119, ---, ---, 
[2024-08-29T23:17:39.302+0800]   CMR: VM Strong Roots                6 us, workers (us):   5,   0, ---, ---, 
[2024-08-29T23:17:39.302+0800]   CMR: CLDG Roots                    54 us, workers (us):  54, ---, ---, ---, 
[2024-08-29T23:17:39.302+0800] Concurrent Marking                 1813 us
[2024-08-29T23:17:39.302+0800] Pause Final Mark (G)                691 us
[2024-08-29T23:17:39.302+0800] Pause Final Mark (N)                615 us
[2024-08-29T23:17:39.302+0800]   Finish Mark                       333 us
[2024-08-29T23:17:39.302+0800]   Update Region States               74 us
[2024-08-29T23:17:39.302+0800]   Choose Collection Set             154 us
[2024-08-29T23:17:39.302+0800]   Rebuild Free Set                   10 us
[2024-08-29T23:17:39.302+0800] Concurrent Weak References          114 us, parallelism: 0.06x
[2024-08-29T23:17:39.302+0800]   CWRF: <total>                       7 us
[2024-08-29T23:17:39.302+0800]   CWRF: Weak References               7 us, workers (us):   7,   0, ---, ---, 
[2024-08-29T23:17:39.302+0800] Concurrent Weak Roots               504 us
[2024-08-29T23:17:39.302+0800]   Roots                             407 us, parallelism: 0.84x
[2024-08-29T23:17:39.302+0800]     CWR: <total>                    342 us
[2024-08-29T23:17:39.302+0800]     CWR: Code Cache Roots           265 us, workers (us): 265,   0, ---, ---, 
[2024-08-29T23:17:39.302+0800]     CWR: VM Weak Roots               64 us, workers (us):  63,   0, ---, ---, 
[2024-08-29T23:17:39.302+0800]     CWR: CLDG Roots                  13 us, workers (us):  13, ---, ---, ---, 
[2024-08-29T23:17:39.302+0800]   Rendezvous                         67 us
[2024-08-29T23:17:39.302+0800] Concurrent Cleanup                  120 us
[2024-08-29T23:17:39.302+0800] Concurrent Class Unloading         1430 us
[2024-08-29T23:17:39.302+0800]   Unlink Stale                      604 us
[2024-08-29T23:17:39.302+0800]     System Dictionary                 2 us
[2024-08-29T23:17:39.302+0800]     Weak Class Links                  0 us
[2024-08-29T23:17:39.302+0800]     Code Roots                      601 us
[2024-08-29T23:17:39.302+0800]   Rendezvous                        719 us
[2024-08-29T23:17:39.302+0800]   Purge Unlinked                     77 us
[2024-08-29T23:17:39.302+0800]     Code Roots                       72 us
[2024-08-29T23:17:39.302+0800]     CLDG                              4 us
[2024-08-29T23:17:39.302+0800]     Exception Caches                  0 us
[2024-08-29T23:17:39.302+0800] Pause Final Roots (G)                98 us
[2024-08-29T23:17:39.302+0800] Pause Final Roots (N)                23 us
[2024-08-29T23:17:39.302+0800] 
[2024-08-29T23:17:39.302+0800] Allocation pacing accrued:
[2024-08-29T23:17:39.302+0800]       0 of   416 ms (  0.0%): <total>
[2024-08-29T23:17:39.302+0800]       0 of   416 ms (  0.0%): <average total>
[2024-08-29T23:17:39.302+0800] 
[2024-08-29T23:17:39.302+0800] Metaspace: 1648K(1792K)->1648K(1792K) NonClass: 1529K(1600K)->1529K(1600K) Class: 119K(192K)->119K(192K)
[2024-08-29T23:17:39.302+0800] Pacer for Idle. Initial: 41943K, Alloc Tax Rate: 1.0x
[2024-08-29T23:17:39.709+0800] Trigger: Free (194M) is below minimum threshold (204M)
[2024-08-29T23:17:39.710+0800] Free: 194M, Max: 1024K regular, 158M humongous, Frag: 19% external, 0% internal; Reserve: 103M, Max: 1024K
[2024-08-29T23:17:39.710+0800] GC(48) Concurrent reset
[2024-08-29T23:17:39.710+0800] GC(48) Using 2 of 4 workers for concurrent reset
[2024-08-29T23:17:39.710+0800] GC(48) Pacer for Reset. Non-Taxable: 2048M
[2024-08-29T23:17:39.712+0800] GC(48) Concurrent reset 2.404ms
[2024-08-29T23:17:39.712+0800] GC(48) Pause Init Mark (unload classes)
[2024-08-29T23:17:39.712+0800] GC(48) Using 4 of 4 workers for init marking
[2024-08-29T23:17:39.712+0800] GC(48) Pacer for Mark. Expected Live: 553M, Free: 192M, Non-Taxable: 19669K, Alloc Tax Rate: 3.5x
[2024-08-29T23:17:39.712+0800] GC(48) Pause Init Mark (unload classes) 0.174ms
[2024-08-29T23:17:39.712+0800] GC(48) Concurrent marking roots
[2024-08-29T23:17:39.712+0800] GC(48) Using 2 of 4 workers for concurrent marking roots
[2024-08-29T23:17:39.713+0800] GC(48) Concurrent marking roots 0.451ms
[2024-08-29T23:17:39.713+0800] GC(48) Concurrent marking (unload classes)
[2024-08-29T23:17:39.713+0800] GC(48) Using 2 of 4 workers for concurrent marking
[2024-08-29T23:17:39.715+0800] GC(48) Concurrent marking (unload classes) 1.943ms
[2024-08-29T23:17:39.715+0800] GC(48) Pause Final Mark (unload classes)
[2024-08-29T23:17:39.715+0800] GC(48) Using 4 of 4 workers for final marking
[2024-08-29T23:17:39.715+0800] GC(48) Collectable Garbage: 760M (94%), Immediate: 760M (94%), CSet: 0B (0%)
[2024-08-29T23:17:39.715+0800] GC(48) Pause Final Mark (unload classes) 0.559ms
[2024-08-29T23:17:39.715+0800] GC(48) Concurrent weak references
[2024-08-29T23:17:39.715+0800] GC(48) Using 2 of 4 workers for concurrent weak references
[2024-08-29T23:17:39.715+0800] GC(48) Encountered references: Soft: 178, Weak: 297, Final: 0, Phantom: 5
[2024-08-29T23:17:39.716+0800] GC(48) Discovered  references: Soft: 0, Weak: 66, Final: 0, Phantom: 3
[2024-08-29T23:17:39.716+0800] GC(48) Enqueued    references: Soft: 0, Weak: 0, Final: 0, Phantom: 0
[2024-08-29T23:17:39.716+0800] GC(48) Concurrent weak references 0.100ms
[2024-08-29T23:17:39.716+0800] GC(48) Concurrent weak roots
[2024-08-29T23:17:39.716+0800] GC(48) Using 2 of 4 workers for concurrent weak root
[2024-08-29T23:17:39.716+0800] GC(48) Concurrent weak roots 0.381ms
[2024-08-29T23:17:39.716+0800] GC(48) Concurrent cleanup
[2024-08-29T23:17:39.716+0800] GC(48) Concurrent cleanup 1516M->756M(2048M) 0.099ms
[2024-08-29T23:17:39.716+0800] GC(48) Free: 1074M, Max: 1024K regular, 158M humongous, Frag: 86% external, 1% internal; Reserve: 103M, Max: 1024K
[2024-08-29T23:17:39.716+0800] GC(48) Concurrent class unloading
[2024-08-29T23:17:39.716+0800] GC(48) Using 2 of 4 workers for concurrent class unloading
[2024-08-29T23:17:39.717+0800] GC(48) Concurrent class unloading 0.958ms
[2024-08-29T23:17:39.717+0800] GC(48) Pause Final Roots
[2024-08-29T23:17:39.717+0800] GC(48) Pause Final Roots 0.017ms
[2024-08-29T23:17:39.717+0800] Free: 1074M, Max: 1024K regular, 158M humongous, Frag: 86% external, 1% internal; Reserve: 103M, Max: 1024K
[2024-08-29T23:17:39.717+0800] 
[2024-08-29T23:17:39.717+0800] All times are wall-clock times, except per-root-class counters, that are sum over
[2024-08-29T23:17:39.717+0800] all workers. Dividing the <total> over the root stage time estimates parallelism.
[2024-08-29T23:17:39.717+0800] 
[2024-08-29T23:17:39.717+0800] Concurrent Reset                   2432 us
[2024-08-29T23:17:39.717+0800] Pause Init Mark (G)                 336 us
[2024-08-29T23:17:39.717+0800] Pause Init Mark (N)                 182 us
[2024-08-29T23:17:39.717+0800]   Update Region States               90 us
[2024-08-29T23:17:39.717+0800] Concurrent Mark Roots               466 us, parallelism: 0.61x
[2024-08-29T23:17:39.717+0800]   CMR: <total>                      285 us
[2024-08-29T23:17:39.717+0800]   CMR: Thread Roots                 189 us, workers (us): 189,   0, ---, ---, 
[2024-08-29T23:17:39.717+0800]   CMR: VM Strong Roots                9 us, workers (us):   9,   0, ---, ---, 
[2024-08-29T23:17:39.717+0800]   CMR: CLDG Roots                    87 us, workers (us):  87, ---, ---, ---, 
[2024-08-29T23:17:39.717+0800] Concurrent Marking                 1962 us
[2024-08-29T23:17:39.717+0800] Pause Final Mark (G)                670 us
[2024-08-29T23:17:39.717+0800] Pause Final Mark (N)                567 us
[2024-08-29T23:17:39.717+0800]   Finish Mark                       338 us
[2024-08-29T23:17:39.717+0800]   Update Region States               47 us
[2024-08-29T23:17:39.717+0800]   Choose Collection Set             137 us
[2024-08-29T23:17:39.717+0800]   Rebuild Free Set                   10 us
[2024-08-29T23:17:39.717+0800] Concurrent Weak References          109 us, parallelism: 0.04x
[2024-08-29T23:17:39.717+0800]   CWRF: <total>                       4 us
[2024-08-29T23:17:39.717+0800]   CWRF: Weak References               4 us, workers (us):   4,   0, ---, ---, 
[2024-08-29T23:17:39.717+0800] Concurrent Weak Roots               397 us
[2024-08-29T23:17:39.717+0800]   Roots                             256 us, parallelism: 1.43x
[2024-08-29T23:17:39.717+0800]     CWR: <total>                    366 us
[2024-08-29T23:17:39.717+0800]     CWR: Code Cache Roots           316 us, workers (us): 153, 164, ---, ---, 
[2024-08-29T23:17:39.717+0800]     CWR: VM Weak Roots               47 us, workers (us):  31,  16, ---, ---, 
[2024-08-29T23:17:39.717+0800]     CWR: CLDG Roots                   2 us, workers (us):   2, ---, ---, ---, 
[2024-08-29T23:17:39.717+0800]   Rendezvous                        111 us
[2024-08-29T23:17:39.717+0800] Concurrent Cleanup                  108 us
[2024-08-29T23:17:39.717+0800] Concurrent Class Unloading          978 us
[2024-08-29T23:17:39.717+0800]   Unlink Stale                      753 us
[2024-08-29T23:17:39.717+0800]     System Dictionary                 2 us
[2024-08-29T23:17:39.717+0800]     Weak Class Links                  0 us
[2024-08-29T23:17:39.717+0800]     Code Roots                      750 us
[2024-08-29T23:17:39.717+0800]   Rendezvous                         96 us
[2024-08-29T23:17:39.717+0800]   Purge Unlinked                     96 us
[2024-08-29T23:17:39.717+0800]     Code Roots                       82 us
[2024-08-29T23:17:39.717+0800]     CLDG                             13 us
[2024-08-29T23:17:39.717+0800]     Exception Caches                  0 us
[2024-08-29T23:17:39.717+0800] Pause Final Roots (G)               101 us
[2024-08-29T23:17:39.717+0800] Pause Final Roots (N)                24 us
[2024-08-29T23:17:39.717+0800] 
[2024-08-29T23:17:39.717+0800] Allocation pacing accrued:
[2024-08-29T23:17:39.717+0800]       0 of   416 ms (  0.0%): <total>
[2024-08-29T23:17:39.717+0800]       0 of   416 ms (  0.0%): <average total>
[2024-08-29T23:17:39.717+0800] 
[2024-08-29T23:17:39.717+0800] Metaspace: 1648K(1792K)->1648K(1792K) NonClass: 1529K(1600K)->1529K(1600K) Class: 119K(192K)->119K(192K)
[2024-08-29T23:17:39.717+0800] Pacer for Idle. Initial: 41943K, Alloc Tax Rate: 1.0x
[2024-08-29T23:17:40.042+0800] Trigger: Free (199M) is below minimum threshold (204M)
[2024-08-29T23:17:40.042+0800] Free: 199M, Max: 1024K regular, 148M humongous, Frag: 25% external, 6% internal; Reserve: 103M, Max: 1024K
[2024-08-29T23:17:40.042+0800] GC(49) Concurrent reset
[2024-08-29T23:17:40.042+0800] GC(49) Using 2 of 4 workers for concurrent reset
[2024-08-29T23:17:40.042+0800] GC(49) Pacer for Reset. Non-Taxable: 2048M
[2024-08-29T23:17:40.046+0800] GC(49) Concurrent reset 3.904ms
[2024-08-29T23:17:40.047+0800] GC(49) Pause Init Mark (unload classes)
[2024-08-29T23:17:40.047+0800] GC(49) Using 4 of 4 workers for init marking
[2024-08-29T23:17:40.047+0800] GC(49) Pacer for Mark. Expected Live: 594M, Free: 186M, Non-Taxable: 19061K, Alloc Tax Rate: 3.9x
[2024-08-29T23:17:40.047+0800] GC(49) Pause Init Mark (unload classes) 0.192ms
[2024-08-29T23:17:40.048+0800] GC(49) Concurrent marking roots
[2024-08-29T23:17:40.048+0800] GC(49) Using 2 of 4 workers for concurrent marking roots
[2024-08-29T23:17:40.048+0800] GC(49) Concurrent marking roots 0.245ms
[2024-08-29T23:17:40.048+0800] GC(49) Concurrent marking (unload classes)
[2024-08-29T23:17:40.048+0800] GC(49) Using 2 of 4 workers for concurrent marking
[2024-08-29T23:17:40.050+0800] GC(49) Concurrent marking (unload classes) 1.796ms
[2024-08-29T23:17:40.050+0800] GC(49) Pause Final Mark (unload classes)
[2024-08-29T23:17:40.050+0800] GC(49) Using 4 of 4 workers for final marking
[2024-08-29T23:17:40.050+0800] GC(49) Collectable Garbage: 707M (94%), Immediate: 707M (94%), CSet: 0B (0%)
[2024-08-29T23:17:40.050+0800] GC(49) Pause Final Mark (unload classes) 0.590ms
[2024-08-29T23:17:40.050+0800] GC(49) Concurrent weak references
[2024-08-29T23:17:40.050+0800] GC(49) Using 2 of 4 workers for concurrent weak references
[2024-08-29T23:17:40.050+0800] GC(49) Encountered references: Soft: 178, Weak: 297, Final: 0, Phantom: 5
[2024-08-29T23:17:40.050+0800] GC(49) Discovered  references: Soft: 0, Weak: 142, Final: 0, Phantom: 5
[2024-08-29T23:17:40.050+0800] GC(49) Enqueued    references: Soft: 0, Weak: 0, Final: 0, Phantom: 0
[2024-08-29T23:17:40.050+0800] GC(49) Concurrent weak references 0.091ms
[2024-08-29T23:17:40.050+0800] GC(49) Concurrent weak roots
[2024-08-29T23:17:40.050+0800] GC(49) Using 2 of 4 workers for concurrent weak root
[2024-08-29T23:17:40.051+0800] GC(49) Concurrent weak roots 0.408ms
[2024-08-29T23:17:40.051+0800] GC(49) Concurrent cleanup
[2024-08-29T23:17:40.051+0800] GC(49) Concurrent cleanup 1519M->811M(2048M) 0.088ms
[2024-08-29T23:17:40.051+0800] GC(49) Free: 1011M, Max: 1024K regular, 139M humongous, Frag: 87% external, 1% internal; Reserve: 103M, Max: 1024K
[2024-08-29T23:17:40.051+0800] GC(49) Concurrent class unloading
[2024-08-29T23:17:40.051+0800] GC(49) Using 2 of 4 workers for concurrent class unloading
[2024-08-29T23:17:40.052+0800] GC(49) Concurrent class unloading 1.094ms
[2024-08-29T23:17:40.052+0800] GC(49) Pause Final Roots
[2024-08-29T23:17:40.052+0800] GC(49) Pause Final Roots 0.014ms
[2024-08-29T23:17:40.052+0800] Free: 1011M, Max: 1024K regular, 139M humongous, Frag: 87% external, 1% internal; Reserve: 103M, Max: 1024K
[2024-08-29T23:17:40.052+0800] 
[2024-08-29T23:17:40.052+0800] All times are wall-clock times, except per-root-class counters, that are sum over
[2024-08-29T23:17:40.052+0800] all workers. Dividing the <total> over the root stage time estimates parallelism.
[2024-08-29T23:17:40.052+0800] 
[2024-08-29T23:17:40.052+0800] Concurrent Reset                   3949 us
[2024-08-29T23:17:40.052+0800] Pause Init Mark (G)                1593 us
[2024-08-29T23:17:40.052+0800] Pause Init Mark (N)                 201 us
[2024-08-29T23:17:40.052+0800]   Update Region States              125 us
[2024-08-29T23:17:40.052+0800] Concurrent Mark Roots               260 us, parallelism: 1.05x
[2024-08-29T23:17:40.052+0800]   CMR: <total>                      274 us
[2024-08-29T23:17:40.052+0800]   CMR: Thread Roots                 196 us, workers (us):  64, 132, ---, ---, 
[2024-08-29T23:17:40.052+0800]   CMR: VM Strong Roots                6 us, workers (us):   6,   0, ---, ---, 
[2024-08-29T23:17:40.052+0800]   CMR: CLDG Roots                    72 us, workers (us):  72, ---, ---, ---, 
[2024-08-29T23:17:40.052+0800] Concurrent Marking                 1829 us
[2024-08-29T23:17:40.052+0800] Pause Final Mark (G)                682 us
[2024-08-29T23:17:40.052+0800] Pause Final Mark (N)                598 us
[2024-08-29T23:17:40.052+0800]   Finish Mark                       349 us
[2024-08-29T23:17:40.052+0800]   Update Region States               76 us
[2024-08-29T23:17:40.052+0800]   Choose Collection Set             123 us
[2024-08-29T23:17:40.052+0800]   Rebuild Free Set                   10 us
[2024-08-29T23:17:40.052+0800] Concurrent Weak References           99 us, parallelism: 0.11x
[2024-08-29T23:17:40.052+0800]   CWRF: <total>                      11 us
[2024-08-29T23:17:40.052+0800]   CWRF: Weak References              11 us, workers (us):  11,   0, ---, ---, 
[2024-08-29T23:17:40.052+0800] Concurrent Weak Roots               440 us
[2024-08-29T23:17:40.052+0800]   Roots                             330 us, parallelism: 0.77x
[2024-08-29T23:17:40.052+0800]     CWR: <total>                    253 us
[2024-08-29T23:17:40.052+0800]     CWR: Code Cache Roots           204 us, workers (us): 204,   0, ---, ---, 
[2024-08-29T23:17:40.052+0800]     CWR: VM Weak Roots               47 us, workers (us):  47,   0, ---, ---, 
[2024-08-29T23:17:40.052+0800]     CWR: CLDG Roots                   3 us, workers (us):   3, ---, ---, ---, 
[2024-08-29T23:17:40.052+0800]   Rendezvous                         64 us
[2024-08-29T23:17:40.052+0800] Concurrent Cleanup                   95 us
[2024-08-29T23:17:40.052+0800] Concurrent Class Unloading         1110 us
[2024-08-29T23:17:40.052+0800]   Unlink Stale                      946 us
[2024-08-29T23:17:40.052+0800]     System Dictionary                 2 us
[2024-08-29T23:17:40.052+0800]     Weak Class Links                  0 us
[2024-08-29T23:17:40.052+0800]     Code Roots                      943 us
[2024-08-29T23:17:40.052+0800]   Rendezvous                         64 us
[2024-08-29T23:17:40.052+0800]   Purge Unlinked                     72 us
[2024-08-29T23:17:40.052+0800]     Code Roots                       68 us
[2024-08-29T23:17:40.052+0800]     CLDG                              4 us
[2024-08-29T23:17:40.052+0800]     Exception Caches                  0 us
[2024-08-29T23:17:40.052+0800] Pause Final Roots (G)                83 us
[2024-08-29T23:17:40.052+0800] Pause Final Roots (N)                20 us
[2024-08-29T23:17:40.052+0800] 
[2024-08-29T23:17:40.052+0800] Allocation pacing accrued:
[2024-08-29T23:17:40.052+0800]       0 of   335 ms (  0.0%): <total>
[2024-08-29T23:17:40.052+0800]       0 of   335 ms (  0.0%): <average total>
[2024-08-29T23:17:40.052+0800] 
[2024-08-29T23:17:40.052+0800] Metaspace: 1648K(1792K)->1648K(1792K) NonClass: 1529K(1600K)->1529K(1600K) Class: 119K(192K)->119K(192K)
[2024-08-29T23:17:40.052+0800] Pacer for Idle. Initial: 41943K, Alloc Tax Rate: 1.0x
[2024-08-29T23:17:40.395+0800] Trigger: Free (203M) is below minimum threshold (204M)
[2024-08-29T23:17:40.395+0800] Free: 202M, Max: 1024K regular, 139M humongous, Frag: 32% external, 0% internal; Reserve: 103M, Max: 1024K
[2024-08-29T23:17:40.395+0800] GC(50) Concurrent reset
[2024-08-29T23:17:40.395+0800] GC(50) Using 2 of 4 workers for concurrent reset
[2024-08-29T23:17:40.395+0800] GC(50) Pacer for Reset. Non-Taxable: 2048M
[2024-08-29T23:17:40.400+0800] GC(50) Concurrent reset 4.596ms
[2024-08-29T23:17:40.400+0800] GC(50) Pause Init Mark (unload classes)
[2024-08-29T23:17:40.400+0800] GC(50) Using 4 of 4 workers for init marking
[2024-08-29T23:17:40.400+0800] GC(50) Pacer for Mark. Expected Live: 641M, Free: 192M, Non-Taxable: 19697K, Alloc Tax Rate: 4.1x
[2024-08-29T23:17:40.400+0800] GC(50) Pause Init Mark (unload classes) 0.103ms
[2024-08-29T23:17:40.400+0800] GC(50) Concurrent marking roots
[2024-08-29T23:17:40.400+0800] GC(50) Using 2 of 4 workers for concurrent marking roots
[2024-08-29T23:17:40.400+0800] GC(50) Concurrent marking roots 0.262ms
[2024-08-29T23:17:40.400+0800] GC(50) Concurrent marking (unload classes)
[2024-08-29T23:17:40.400+0800] GC(50) Using 2 of 4 workers for concurrent marking
[2024-08-29T23:17:40.403+0800] GC(50) Concurrent marking (unload classes) 2.513ms
[2024-08-29T23:17:40.403+0800] GC(50) Pause Final Mark (unload classes)
[2024-08-29T23:17:40.403+0800] GC(50) Using 4 of 4 workers for final marking
[2024-08-29T23:17:40.403+0800] GC(50) Collectable Garbage: 780M (94%), Immediate: 780M (94%), CSet: 0B (0%)
[2024-08-29T23:17:40.403+0800] GC(50) Pause Final Mark (unload classes) 0.381ms
[2024-08-29T23:17:40.403+0800] GC(50) Concurrent weak references
[2024-08-29T23:17:40.403+0800] GC(50) Using 2 of 4 workers for concurrent weak references
[2024-08-29T23:17:40.404+0800] GC(50) Encountered references: Soft: 178, Weak: 297, Final: 0, Phantom: 5
[2024-08-29T23:17:40.404+0800] GC(50) Discovered  references: Soft: 0, Weak: 72, Final: 0, Phantom: 5
[2024-08-29T23:17:40.404+0800] GC(50) Enqueued    references: Soft: 0, Weak: 0, Final: 0, Phantom: 0
[2024-08-29T23:17:40.404+0800] GC(50) Concurrent weak references 0.090ms
[2024-08-29T23:17:40.404+0800] GC(50) Concurrent weak roots
[2024-08-29T23:17:40.404+0800] GC(50) Using 2 of 4 workers for concurrent weak root
[2024-08-29T23:17:40.404+0800] GC(50) Concurrent weak roots 0.347ms
[2024-08-29T23:17:40.404+0800] GC(50) Concurrent cleanup
[2024-08-29T23:17:40.404+0800] GC(50) Concurrent cleanup 1520M->740M(2048M) 0.108ms
[2024-08-29T23:17:40.404+0800] GC(50) Free: 1092M, Max: 1024K regular, 153M humongous, Frag: 86% external, 1% internal; Reserve: 103M, Max: 1024K
[2024-08-29T23:17:40.404+0800] GC(50) Concurrent class unloading
[2024-08-29T23:17:40.404+0800] GC(50) Using 2 of 4 workers for concurrent class unloading
[2024-08-29T23:17:40.406+0800] GC(50) Concurrent class unloading 2.180ms
[2024-08-29T23:17:40.407+0800] GC(50) Pause Final Roots
[2024-08-29T23:17:40.407+0800] GC(50) Pause Final Roots 0.021ms
[2024-08-29T23:17:40.407+0800] Free: 1078M, Max: 1024K regular, 153M humongous, Frag: 86% external, 1% internal; Reserve: 103M, Max: 1024K
[2024-08-29T23:17:40.407+0800] 
[2024-08-29T23:17:40.407+0800] All times are wall-clock times, except per-root-class counters, that are sum over
[2024-08-29T23:17:40.407+0800] all workers. Dividing the <total> over the root stage time estimates parallelism.
[2024-08-29T23:17:40.407+0800] 
[2024-08-29T23:17:40.407+0800] Concurrent Reset                   4643 us
[2024-08-29T23:17:40.407+0800] Pause Init Mark (G)                 202 us
[2024-08-29T23:17:40.407+0800] Pause Init Mark (N)                 110 us
[2024-08-29T23:17:40.407+0800]   Update Region States               45 us
[2024-08-29T23:17:40.407+0800] Concurrent Mark Roots               274 us, parallelism: 1.00x
[2024-08-29T23:17:40.407+0800]   CMR: <total>                      275 us
[2024-08-29T23:17:40.407+0800]   CMR: Thread Roots                 221 us, workers (us): 112, 109, ---, ---, 
[2024-08-29T23:17:40.407+0800]   CMR: VM Strong Roots                5 us, workers (us):   5,   0, ---, ---, 
[2024-08-29T23:17:40.407+0800]   CMR: CLDG Roots                    49 us, workers (us):  49, ---, ---, ---, 
[2024-08-29T23:17:40.407+0800] Concurrent Marking                 2537 us
[2024-08-29T23:17:40.407+0800] Pause Final Mark (G)                770 us
[2024-08-29T23:17:40.407+0800] Pause Final Mark (N)                388 us
[2024-08-29T23:17:40.407+0800]   Finish Mark                       144 us
[2024-08-29T23:17:40.407+0800]   Update Region States               62 us
[2024-08-29T23:17:40.407+0800]   Choose Collection Set             138 us
[2024-08-29T23:17:40.407+0800]   Rebuild Free Set                   11 us
[2024-08-29T23:17:40.407+0800] Concurrent Weak References           97 us, parallelism: 0.07x
[2024-08-29T23:17:40.407+0800]   CWRF: <total>                       7 us
[2024-08-29T23:17:40.407+0800]   CWRF: Weak References               7 us, workers (us):   6,   0, ---, ---, 
[2024-08-29T23:17:40.407+0800] Concurrent Weak Roots               366 us
[2024-08-29T23:17:40.407+0800]   Roots                             252 us, parallelism: 1.40x
[2024-08-29T23:17:40.407+0800]     CWR: <total>                    354 us
[2024-08-29T23:17:40.407+0800]     CWR: Code Cache Roots           298 us, workers (us): 145, 152, ---, ---, 
[2024-08-29T23:17:40.407+0800]     CWR: VM Weak Roots               54 us, workers (us):  31,  22, ---, ---, 
[2024-08-29T23:17:40.407+0800]     CWR: CLDG Roots                   2 us, workers (us): ---,   2, ---, ---, 
[2024-08-29T23:17:40.407+0800]   Rendezvous                         82 us
[2024-08-29T23:17:40.407+0800] Concurrent Cleanup                  116 us
[2024-08-29T23:17:40.407+0800] Concurrent Class Unloading         2234 us
[2024-08-29T23:17:40.407+0800]   Unlink Stale                     1051 us
[2024-08-29T23:17:40.407+0800]     System Dictionary                 3 us
[2024-08-29T23:17:40.407+0800]     Weak Class Links                  0 us
[2024-08-29T23:17:40.407+0800]     Code Roots                     1047 us
[2024-08-29T23:17:40.407+0800]   Rendezvous                         85 us
[2024-08-29T23:17:40.407+0800]   Purge Unlinked                   1028 us
[2024-08-29T23:17:40.407+0800]     Code Roots                     1011 us
[2024-08-29T23:17:40.407+0800]     CLDG                             17 us
[2024-08-29T23:17:40.407+0800]     Exception Caches                  0 us
[2024-08-29T23:17:40.407+0800] Pause Final Roots (G)               872 us
[2024-08-29T23:17:40.407+0800] Pause Final Roots (N)                29 us
[2024-08-29T23:17:40.407+0800] 
[2024-08-29T23:17:40.407+0800] Allocation pacing accrued:
[2024-08-29T23:17:40.407+0800]       0 of   355 ms (  0.0%): <total>
[2024-08-29T23:17:40.407+0800]       0 of   355 ms (  0.0%): <average total>
[2024-08-29T23:17:40.407+0800] 
[2024-08-29T23:17:40.407+0800] Metaspace: 1648K(1792K)->1648K(1792K) NonClass: 1529K(1600K)->1529K(1600K) Class: 119K(192K)->119K(192K)
[2024-08-29T23:17:40.407+0800] Pacer for Idle. Initial: 41943K, Alloc Tax Rate: 1.0x
[2024-08-29T23:17:40.740+0800] Trigger: Free (204M) is below minimum threshold (204M)
[2024-08-29T23:17:40.740+0800] Free: 199M, Max: 1024K regular, 148M humongous, Frag: 25% external, 3% internal; Reserve: 103M, Max: 1024K
[2024-08-29T23:17:40.740+0800] GC(51) Concurrent reset
[2024-08-29T23:17:40.740+0800] GC(51) Using 2 of 4 workers for concurrent reset
[2024-08-29T23:17:40.740+0800] GC(51) Pacer for Reset. Non-Taxable: 2048M
[2024-08-29T23:17:40.745+0800] GC(51) Concurrent reset 4.396ms
[2024-08-29T23:17:40.745+0800] GC(51) Pause Init Mark (unload classes)
[2024-08-29T23:17:40.745+0800] GC(51) Using 4 of 4 workers for init marking
[2024-08-29T23:17:40.745+0800] GC(51) Pacer for Mark. Expected Live: 661M, Free: 189M, Non-Taxable: 19373K, Alloc Tax Rate: 4.3x
[2024-08-29T23:17:40.745+0800] GC(51) Pause Init Mark (unload classes) 0.177ms
[2024-08-29T23:17:40.745+0800] GC(51) Concurrent marking roots
[2024-08-29T23:17:40.745+0800] GC(51) Using 2 of 4 workers for concurrent marking roots
[2024-08-29T23:17:40.745+0800] GC(51) Concurrent marking roots 0.209ms
[2024-08-29T23:17:40.745+0800] GC(51) Concurrent marking (unload classes)
[2024-08-29T23:17:40.745+0800] GC(51) Using 2 of 4 workers for concurrent marking
[2024-08-29T23:17:40.747+0800] GC(51) Concurrent marking (unload classes) 2.115ms
[2024-08-29T23:17:40.747+0800] GC(51) Pause Final Mark (unload classes)
[2024-08-29T23:17:40.747+0800] GC(51) Using 4 of 4 workers for final marking
[2024-08-29T23:17:40.748+0800] GC(51) Collectable Garbage: 718M (93%), Immediate: 718M (93%), CSet: 0B (0%)
[2024-08-29T23:17:40.748+0800] GC(51) Pause Final Mark (unload classes) 0.344ms
[2024-08-29T23:17:40.748+0800] GC(51) Concurrent weak references
[2024-08-29T23:17:40.748+0800] GC(51) Using 2 of 4 workers for concurrent weak references
[2024-08-29T23:17:40.748+0800] GC(51) Encountered references: Soft: 178, Weak: 297, Final: 0, Phantom: 5
[2024-08-29T23:17:40.748+0800] GC(51) Discovered  references: Soft: 0, Weak: 111, Final: 0, Phantom: 5
[2024-08-29T23:17:40.748+0800] GC(51) Enqueued    references: Soft: 0, Weak: 0, Final: 0, Phantom: 0
[2024-08-29T23:17:40.748+0800] GC(51) Concurrent weak references 0.116ms
[2024-08-29T23:17:40.748+0800] GC(51) Concurrent weak roots
[2024-08-29T23:17:40.748+0800] GC(51) Using 2 of 4 workers for concurrent weak root
[2024-08-29T23:17:40.749+0800] GC(51) Concurrent weak roots 1.220ms
[2024-08-29T23:17:40.749+0800] GC(51) Concurrent cleanup
[2024-08-29T23:17:40.749+0800] GC(51) Concurrent cleanup 1519M->800M(2048M) 0.125ms
[2024-08-29T23:17:40.749+0800] GC(51) Free: 1024M, Max: 1024K regular, 143M humongous, Frag: 86% external, 1% internal; Reserve: 103M, Max: 1024K
[2024-08-29T23:17:40.749+0800] GC(51) Concurrent class unloading
[2024-08-29T23:17:40.749+0800] GC(51) Using 2 of 4 workers for concurrent class unloading
[2024-08-29T23:17:40.750+0800] GC(51) Concurrent class unloading 0.923ms
[2024-08-29T23:17:40.750+0800] GC(51) Pause Final Roots
[2024-08-29T23:17:40.750+0800] GC(51) Pause Final Roots 0.016ms
[2024-08-29T23:17:40.750+0800] Free: 1023M, Max: 1024K regular, 143M humongous, Frag: 86% external, 1% internal; Reserve: 103M, Max: 1024K
[2024-08-29T23:17:40.750+0800] 
[2024-08-29T23:17:40.750+0800] All times are wall-clock times, except per-root-class counters, that are sum over
[2024-08-29T23:17:40.750+0800] all workers. Dividing the <total> over the root stage time estimates parallelism.
[2024-08-29T23:17:40.750+0800] 
[2024-08-29T23:17:40.750+0800] Concurrent Reset                   4461 us
[2024-08-29T23:17:40.750+0800] Pause Init Mark (G)                 292 us
[2024-08-29T23:17:40.750+0800] Pause Init Mark (N)                 185 us
[2024-08-29T23:17:40.750+0800]   Update Region States              127 us
[2024-08-29T23:17:40.750+0800] Concurrent Mark Roots               220 us, parallelism: 1.25x
[2024-08-29T23:17:40.750+0800]   CMR: <total>                      276 us
[2024-08-29T23:17:40.750+0800]   CMR: Thread Roots                 229 us, workers (us):  97, 132, ---, ---, 
[2024-08-29T23:17:40.750+0800]   CMR: VM Strong Roots                5 us, workers (us):   5,   0, ---, ---, 
[2024-08-29T23:17:40.750+0800]   CMR: CLDG Roots                    42 us, workers (us):  42, ---, ---, ---, 
[2024-08-29T23:17:40.750+0800] Concurrent Marking                 2153 us
[2024-08-29T23:17:40.750+0800] Pause Final Mark (G)                424 us
[2024-08-29T23:17:40.750+0800] Pause Final Mark (N)                352 us
[2024-08-29T23:17:40.750+0800]   Finish Mark                       131 us
[2024-08-29T23:17:40.750+0800]   Update Region States               43 us
[2024-08-29T23:17:40.750+0800]   Choose Collection Set             128 us
[2024-08-29T23:17:40.750+0800]   Rebuild Free Set                   11 us
[2024-08-29T23:17:40.750+0800] Concurrent Weak References          123 us, parallelism: 0.07x
[2024-08-29T23:17:40.750+0800]   CWRF: <total>                       9 us
[2024-08-29T23:17:40.750+0800]   CWRF: Weak References               9 us, workers (us):   9,   0, ---, ---, 
[2024-08-29T23:17:40.751+0800] Concurrent Weak Roots              1273 us
[2024-08-29T23:17:40.751+0800]   Roots                             403 us, parallelism: 1.10x
[2024-08-29T23:17:40.751+0800]     CWR: <total>                    444 us
[2024-08-29T23:17:40.751+0800]     CWR: Code Cache Roots           393 us, workers (us): 148, 244, ---, ---, 
[2024-08-29T23:17:40.751+0800]     CWR: VM Weak Roots               49 us, workers (us):  27,  22, ---, ---, 
[2024-08-29T23:17:40.751+0800]     CWR: CLDG Roots                   2 us, workers (us): ---,   2, ---, ---, 
[2024-08-29T23:17:40.751+0800]   Rendezvous                        805 us
[2024-08-29T23:17:40.751+0800] Concurrent Cleanup                  138 us
[2024-08-29T23:17:40.751+0800] Concurrent Class Unloading          938 us
[2024-08-29T23:17:40.751+0800]   Unlink Stale                      749 us
[2024-08-29T23:17:40.751+0800]     System Dictionary                 3 us
[2024-08-29T23:17:40.751+0800]     Weak Class Links                  0 us
[2024-08-29T23:17:40.751+0800]     Code Roots                      745 us
[2024-08-29T23:17:40.751+0800]   Rendezvous                         69 us
[2024-08-29T23:17:40.751+0800]   Purge Unlinked                     91 us
[2024-08-29T23:17:40.751+0800]     Code Roots                       78 us
[2024-08-29T23:17:40.751+0800]     CLDG                             12 us
[2024-08-29T23:17:40.751+0800]     Exception Caches                  0 us
[2024-08-29T23:17:40.751+0800] Pause Final Roots (G)                92 us
[2024-08-29T23:17:40.751+0800] Pause Final Roots (N)                23 us
[2024-08-29T23:17:40.751+0800] 
[2024-08-29T23:17:40.751+0800] Allocation pacing accrued:
[2024-08-29T23:17:40.751+0800]       0 of   343 ms (  0.0%): <total>
[2024-08-29T23:17:40.751+0800]       0 of   343 ms (  0.0%): <average total>
[2024-08-29T23:17:40.751+0800] 
[2024-08-29T23:17:40.751+0800] Metaspace: 1648K(1792K)->1648K(1792K) NonClass: 1529K(1600K)->1529K(1600K) Class: 119K(192K)->119K(192K)
[2024-08-29T23:17:40.751+0800] Pacer for Idle. Initial: 41943K, Alloc Tax Rate: 1.0x
[2024-08-29T23:17:41.060+0800] Trigger: Free (203M) is below minimum threshold (204M)
[2024-08-29T23:17:41.060+0800] Free: 203M, Max: 1024K regular, 143M humongous, Frag: 30% external, 1% internal; Reserve: 103M, Max: 1024K
[2024-08-29T23:17:41.060+0800] GC(52) Concurrent reset
[2024-08-29T23:17:41.060+0800] GC(52) Using 2 of 4 workers for concurrent reset
[2024-08-29T23:17:41.060+0800] GC(52) Pacer for Reset. Non-Taxable: 2048M
[2024-08-29T23:17:41.064+0800] GC(52) Concurrent reset 4.652ms
[2024-08-29T23:17:41.065+0800] GC(52) Pause Init Mark (unload classes)
[2024-08-29T23:17:41.065+0800] GC(52) Using 4 of 4 workers for init marking
[2024-08-29T23:17:41.065+0800] GC(52) Pacer for Mark. Expected Live: 688M, Free: 188M, Non-Taxable: 19261K, Alloc Tax Rate: 4.5x
[2024-08-29T23:17:41.065+0800] GC(52) Pause Init Mark (unload classes) 0.128ms
[2024-08-29T23:17:41.065+0800] GC(52) Concurrent marking roots
[2024-08-29T23:17:41.065+0800] GC(52) Using 2 of 4 workers for concurrent marking roots
[2024-08-29T23:17:41.065+0800] GC(52) Concurrent marking roots 0.256ms
[2024-08-29T23:17:41.065+0800] GC(52) Concurrent marking (unload classes)
[2024-08-29T23:17:41.065+0800] GC(52) Using 2 of 4 workers for concurrent marking
[2024-08-29T23:17:41.067+0800] GC(52) Concurrent marking (unload classes) 2.319ms
[2024-08-29T23:17:41.068+0800] GC(52) Pause Final Mark (unload classes)
[2024-08-29T23:17:41.068+0800] GC(52) Using 4 of 4 workers for final marking
[2024-08-29T23:17:41.068+0800] GC(52) Collectable Garbage: 635M (93%), Immediate: 635M (93%), CSet: 0B (0%)
[2024-08-29T23:17:41.068+0800] GC(52) Pause Final Mark (unload classes) 0.350ms
[2024-08-29T23:17:41.068+0800] GC(52) Concurrent weak references
[2024-08-29T23:17:41.068+0800] GC(52) Using 2 of 4 workers for concurrent weak references
[2024-08-29T23:17:41.068+0800] GC(52) Encountered references: Soft: 178, Weak: 297, Final: 0, Phantom: 5
[2024-08-29T23:17:41.068+0800] GC(52) Discovered  references: Soft: 0, Weak: 140, Final: 0, Phantom: 5
[2024-08-29T23:17:41.068+0800] GC(52) Enqueued    references: Soft: 0, Weak: 0, Final: 0, Phantom: 0
[2024-08-29T23:17:41.068+0800] GC(52) Concurrent weak references 0.097ms
[2024-08-29T23:17:41.068+0800] GC(52) Concurrent weak roots
[2024-08-29T23:17:41.068+0800] GC(52) Using 2 of 4 workers for concurrent weak root
[2024-08-29T23:17:41.069+0800] GC(52) Concurrent weak roots 0.961ms
[2024-08-29T23:17:41.069+0800] GC(52) Concurrent cleanup
[2024-08-29T23:17:41.069+0800] GC(52) Concurrent cleanup 1509M->874M(2048M) 0.067ms
[2024-08-29T23:17:41.069+0800] GC(52) Free: 931M, Max: 1024K regular, 143M humongous, Frag: 85% external, 1% internal; Reserve: 103M, Max: 1024K
[2024-08-29T23:17:41.069+0800] GC(52) Concurrent class unloading
[2024-08-29T23:17:41.069+0800] GC(52) Using 2 of 4 workers for concurrent class unloading
[2024-08-29T23:17:41.071+0800] GC(52) Concurrent class unloading 1.498ms
[2024-08-29T23:17:41.071+0800] GC(52) Pause Final Roots
[2024-08-29T23:17:41.071+0800] GC(52) Pause Final Roots 0.060ms
[2024-08-29T23:17:41.072+0800] Free: 917M, Max: 1024K regular, 143M humongous, Frag: 85% external, 1% internal; Reserve: 103M, Max: 1024K
[2024-08-29T23:17:41.072+0800] 
[2024-08-29T23:17:41.072+0800] All times are wall-clock times, except per-root-class counters, that are sum over
[2024-08-29T23:17:41.072+0800] all workers. Dividing the <total> over the root stage time estimates parallelism.
[2024-08-29T23:17:41.072+0800] 
[2024-08-29T23:17:41.072+0800] Concurrent Reset                   4778 us
[2024-08-29T23:17:41.072+0800] Pause Init Mark (G)                 295 us
[2024-08-29T23:17:41.072+0800] Pause Init Mark (N)                 135 us
[2024-08-29T23:17:41.072+0800]   Update Region States               82 us
[2024-08-29T23:17:41.072+0800] Concurrent Mark Roots               270 us, parallelism: 1.19x
[2024-08-29T23:17:41.072+0800]   CMR: <total>                      321 us
[2024-08-29T23:17:41.072+0800]   CMR: Thread Roots                 254 us, workers (us): 102, 153, ---, ---, 
[2024-08-29T23:17:41.072+0800]   CMR: VM Strong Roots                8 us, workers (us):   8,   0, ---, ---, 
[2024-08-29T23:17:41.072+0800]   CMR: CLDG Roots                    59 us, workers (us):  59, ---, ---, ---, 
[2024-08-29T23:17:41.072+0800] Concurrent Marking                 2353 us
[2024-08-29T23:17:41.072+0800] Pause Final Mark (G)                468 us
[2024-08-29T23:17:41.072+0800] Pause Final Mark (N)                367 us
[2024-08-29T23:17:41.072+0800]   Finish Mark                       119 us
[2024-08-29T23:17:41.072+0800]   Update Region States               67 us
[2024-08-29T23:17:41.072+0800]   Choose Collection Set             130 us
[2024-08-29T23:17:41.072+0800]   Rebuild Free Set                    9 us
[2024-08-29T23:17:41.072+0800] Concurrent Weak References          103 us, parallelism: 0.32x
[2024-08-29T23:17:41.072+0800]   CWRF: <total>                      33 us
[2024-08-29T23:17:41.072+0800]   CWRF: Weak References              33 us, workers (us):  30,   4, ---, ---, 
[2024-08-29T23:17:41.072+0800] Concurrent Weak Roots               981 us
[2024-08-29T23:17:41.072+0800]   Roots                             820 us, parallelism: 1.16x
[2024-08-29T23:17:41.072+0800]     CWR: <total>                    950 us
[2024-08-29T23:17:41.072+0800]     CWR: Code Cache Roots           808 us, workers (us): 498, 310, ---, ---, 
[2024-08-29T23:17:41.072+0800]     CWR: VM Weak Roots              136 us, workers (us): 136,   1, ---, ---, 
[2024-08-29T23:17:41.072+0800]     CWR: CLDG Roots                   6 us, workers (us):   6, ---, ---, ---, 
[2024-08-29T23:17:41.072+0800]   Rendezvous                        129 us
[2024-08-29T23:17:41.072+0800] Concurrent Cleanup                   73 us
[2024-08-29T23:17:41.072+0800] Concurrent Class Unloading         1532 us
[2024-08-29T23:17:41.072+0800]   Unlink Stale                      606 us
[2024-08-29T23:17:41.072+0800]     System Dictionary                 3 us
[2024-08-29T23:17:41.072+0800]     Weak Class Links                  0 us
[2024-08-29T23:17:41.072+0800]     Code Roots                      603 us
[2024-08-29T23:17:41.072+0800]   Rendezvous                        760 us
[2024-08-29T23:17:41.072+0800]   Purge Unlinked                    106 us
[2024-08-29T23:17:41.072+0800]     Code Roots                       93 us
[2024-08-29T23:17:41.072+0800]     CLDG                             12 us
[2024-08-29T23:17:41.072+0800]     Exception Caches                  0 us
[2024-08-29T23:17:41.072+0800] Pause Final Roots (G)               910 us
[2024-08-29T23:17:41.072+0800] Pause Final Roots (N)                82 us
[2024-08-29T23:17:41.072+0800] 
[2024-08-29T23:17:41.072+0800] Allocation pacing accrued:
[2024-08-29T23:17:41.072+0800]       0 of   321 ms (  0.0%): <total>
[2024-08-29T23:17:41.072+0800]       0 of   321 ms (  0.0%): <average total>
[2024-08-29T23:17:41.072+0800] 
[2024-08-29T23:17:41.072+0800] Metaspace: 1648K(1792K)->1648K(1792K) NonClass: 1529K(1600K)->1529K(1600K) Class: 119K(192K)->119K(192K)
[2024-08-29T23:17:41.072+0800] Pacer for Idle. Initial: 41943K, Alloc Tax Rate: 1.0x
[2024-08-29T23:17:41.382+0800] Trigger: Free (203M) is below minimum threshold (204M)
[2024-08-29T23:17:41.382+0800] Free: 203M, Max: 1024K regular, 143M humongous, Frag: 30% external, 3% internal; Reserve: 103M, Max: 1024K
[2024-08-29T23:17:41.382+0800] GC(53) Concurrent reset
[2024-08-29T23:17:41.382+0800] GC(53) Using 2 of 4 workers for concurrent reset
[2024-08-29T23:17:41.382+0800] GC(53) Pacer for Reset. Non-Taxable: 2048M
[2024-08-29T23:17:41.387+0800] GC(53) Concurrent reset 4.648ms
[2024-08-29T23:17:41.387+0800] GC(53) Pause Init Mark (unload classes)
[2024-08-29T23:17:41.387+0800] GC(53) Using 4 of 4 workers for init marking
[2024-08-29T23:17:41.387+0800] GC(53) Pacer for Mark. Expected Live: 742M, Free: 193M, Non-Taxable: 19829K, Alloc Tax Rate: 4.7x
[2024-08-29T23:17:41.387+0800] GC(53) Pause Init Mark (unload classes) 0.094ms
[2024-08-29T23:17:41.387+0800] GC(53) Concurrent marking roots
[2024-08-29T23:17:41.387+0800] GC(53) Using 2 of 4 workers for concurrent marking roots
[2024-08-29T23:17:41.387+0800] GC(53) Concurrent marking roots 0.268ms
[2024-08-29T23:17:41.387+0800] GC(53) Concurrent marking (unload classes)
[2024-08-29T23:17:41.388+0800] GC(53) Using 2 of 4 workers for concurrent marking
[2024-08-29T23:17:41.390+0800] GC(53) Concurrent marking (unload classes) 2.102ms
[2024-08-29T23:17:41.390+0800] GC(53) Pause Final Mark (unload classes)
[2024-08-29T23:17:41.390+0800] GC(53) Using 4 of 4 workers for final marking
[2024-08-29T23:17:41.390+0800] GC(53) Collectable Garbage: 624M (93%), Immediate: 624M (93%), CSet: 0B (0%)
[2024-08-29T23:17:41.390+0800] GC(53) Pause Final Mark (unload classes) 0.272ms
[2024-08-29T23:17:41.390+0800] GC(53) Concurrent weak references
[2024-08-29T23:17:41.390+0800] GC(53) Using 2 of 4 workers for concurrent weak references
[2024-08-29T23:17:41.390+0800] GC(53) Encountered references: Soft: 178, Weak: 297, Final: 0, Phantom: 5
[2024-08-29T23:17:41.390+0800] GC(53) Discovered  references: Soft: 0, Weak: 142, Final: 0, Phantom: 5
[2024-08-29T23:17:41.390+0800] GC(53) Enqueued    references: Soft: 0, Weak: 0, Final: 0, Phantom: 0
[2024-08-29T23:17:41.390+0800] GC(53) Concurrent weak references 0.097ms
[2024-08-29T23:17:41.390+0800] GC(53) Concurrent weak roots
[2024-08-29T23:17:41.390+0800] GC(53) Using 2 of 4 workers for concurrent weak root
[2024-08-29T23:17:41.390+0800] GC(53) Concurrent weak roots 0.318ms
[2024-08-29T23:17:41.390+0800] GC(53) Concurrent cleanup
[2024-08-29T23:17:41.390+0800] GC(53) Concurrent cleanup 1504M->880M(2048M) 0.066ms
[2024-08-29T23:17:41.390+0800] GC(53) Free: 931M, Max: 1024K regular, 157M humongous, Frag: 84% external, 2% internal; Reserve: 103M, Max: 1024K
[2024-08-29T23:17:41.390+0800] GC(53) Concurrent class unloading
[2024-08-29T23:17:41.390+0800] GC(53) Using 2 of 4 workers for concurrent class unloading
[2024-08-29T23:17:41.392+0800] GC(53) Concurrent class unloading 1.530ms
[2024-08-29T23:17:41.392+0800] GC(53) Pause Final Roots
[2024-08-29T23:17:41.392+0800] GC(53) Pause Final Roots 0.016ms
[2024-08-29T23:17:41.392+0800] Free: 926M, Max: 1024K regular, 157M humongous, Frag: 83% external, 2% internal; Reserve: 103M, Max: 1024K
[2024-08-29T23:17:41.392+0800] 
[2024-08-29T23:17:41.392+0800] All times are wall-clock times, except per-root-class counters, that are sum over
[2024-08-29T23:17:41.392+0800] all workers. Dividing the <total> over the root stage time estimates parallelism.
[2024-08-29T23:17:41.392+0800] 
[2024-08-29T23:17:41.392+0800] Concurrent Reset                   4713 us
[2024-08-29T23:17:41.392+0800] Pause Init Mark (G)                 184 us
[2024-08-29T23:17:41.392+0800] Pause Init Mark (N)                  99 us
[2024-08-29T23:17:41.392+0800]   Update Region States               54 us
[2024-08-29T23:17:41.392+0800] Concurrent Mark Roots               288 us, parallelism: 1.19x
[2024-08-29T23:17:41.392+0800]   CMR: <total>                      342 us
[2024-08-29T23:17:41.392+0800]   CMR: Thread Roots                 272 us, workers (us): 166, 106, ---, ---, 
[2024-08-29T23:17:41.392+0800]   CMR: VM Strong Roots                6 us, workers (us):   6,   0, ---, ---, 
[2024-08-29T23:17:41.392+0800]   CMR: CLDG Roots                    64 us, workers (us): ---,  64, ---, ---, 
[2024-08-29T23:17:41.392+0800] Concurrent Marking                 2135 us
[2024-08-29T23:17:41.392+0800] Pause Final Mark (G)                341 us
[2024-08-29T23:17:41.392+0800] Pause Final Mark (N)                278 us
[2024-08-29T23:17:41.392+0800]   Finish Mark                        77 us
[2024-08-29T23:17:41.392+0800]   Update Region States               46 us
[2024-08-29T23:17:41.392+0800]   Choose Collection Set             116 us
[2024-08-29T23:17:41.392+0800]   Rebuild Free Set                    8 us
[2024-08-29T23:17:41.392+0800] Concurrent Weak References          102 us, parallelism: 0.16x
[2024-08-29T23:17:41.392+0800]   CWRF: <total>                      16 us
[2024-08-29T23:17:41.392+0800]   CWRF: Weak References              16 us, workers (us):  16,   0, ---, ---, 
[2024-08-29T23:17:41.392+0800] Concurrent Weak Roots               331 us
[2024-08-29T23:17:41.392+0800]   Roots                             231 us, parallelism: 1.45x
[2024-08-29T23:17:41.392+0800]     CWR: <total>                    335 us
[2024-08-29T23:17:41.392+0800]     CWR: Code Cache Roots           284 us, workers (us): 140, 144, ---, ---, 
[2024-08-29T23:17:41.392+0800]     CWR: VM Weak Roots               48 us, workers (us):  24,  24, ---, ---, 
[2024-08-29T23:17:41.392+0800]     CWR: CLDG Roots                   3 us, workers (us):   3, ---, ---, ---, 
[2024-08-29T23:17:41.392+0800]   Rendezvous                         65 us
[2024-08-29T23:17:41.392+0800] Concurrent Cleanup                   71 us
[2024-08-29T23:17:41.392+0800] Concurrent Class Unloading         1546 us
[2024-08-29T23:17:41.392+0800]   Unlink Stale                      589 us
[2024-08-29T23:17:41.392+0800]     System Dictionary                 2 us
[2024-08-29T23:17:41.392+0800]     Weak Class Links                  0 us
[2024-08-29T23:17:41.392+0800]     Code Roots                      586 us
[2024-08-29T23:17:41.392+0800]   Rendezvous                        857 us
[2024-08-29T23:17:41.392+0800]   Purge Unlinked                     74 us
[2024-08-29T23:17:41.392+0800]     Code Roots                       62 us
[2024-08-29T23:17:41.392+0800]     CLDG                             11 us
[2024-08-29T23:17:41.392+0800]     Exception Caches                  0 us
[2024-08-29T23:17:41.393+0800] Pause Final Roots (G)               162 us
[2024-08-29T23:17:41.393+0800] Pause Final Roots (N)                24 us
[2024-08-29T23:17:41.393+0800] 
[2024-08-29T23:17:41.393+0800] Allocation pacing accrued:
[2024-08-29T23:17:41.393+0800]       0 of   321 ms (  0.0%): <total>
[2024-08-29T23:17:41.393+0800]       0 of   321 ms (  0.0%): <average total>
[2024-08-29T23:17:41.393+0800] 
[2024-08-29T23:17:41.393+0800] Metaspace: 1648K(1792K)->1648K(1792K) NonClass: 1529K(1600K)->1529K(1600K) Class: 119K(192K)->119K(192K)
[2024-08-29T23:17:41.393+0800] Pacer for Idle. Initial: 41943K, Alloc Tax Rate: 1.0x
[2024-08-29T23:17:41.680+0800] Trigger: Free (201M) is below minimum threshold (204M)
[2024-08-29T23:17:41.681+0800] Free: 201M, Max: 1024K regular, 157M humongous, Frag: 22% external, 3% internal; Reserve: 103M, Max: 1024K
[2024-08-29T23:17:41.681+0800] GC(54) Concurrent reset
[2024-08-29T23:17:41.681+0800] GC(54) Using 2 of 4 workers for concurrent reset
[2024-08-29T23:17:41.681+0800] GC(54) Pacer for Reset. Non-Taxable: 2048M
[2024-08-29T23:17:41.686+0800] GC(54) Concurrent reset 4.883ms
[2024-08-29T23:17:41.687+0800] GC(54) Pause Init Mark (unload classes)
[2024-08-29T23:17:41.687+0800] GC(54) Using 4 of 4 workers for init marking
[2024-08-29T23:17:41.687+0800] GC(54) Pacer for Mark. Expected Live: 766M, Free: 188M, Non-Taxable: 19296K, Alloc Tax Rate: 5.0x
[2024-08-29T23:17:41.687+0800] GC(54) Pause Init Mark (unload classes) 0.152ms
[2024-08-29T23:17:41.687+0800] GC(54) Concurrent marking roots
[2024-08-29T23:17:41.687+0800] GC(54) Using 2 of 4 workers for concurrent marking roots
[2024-08-29T23:17:41.687+0800] GC(54) Concurrent marking roots 0.268ms
[2024-08-29T23:17:41.687+0800] GC(54) Concurrent marking (unload classes)
[2024-08-29T23:17:41.687+0800] GC(54) Using 2 of 4 workers for concurrent marking
[2024-08-29T23:17:41.689+0800] GC(54) Concurrent marking (unload classes) 2.087ms
[2024-08-29T23:17:41.690+0800] GC(54) Pause Final Mark (unload classes)
[2024-08-29T23:17:41.690+0800] GC(54) Using 4 of 4 workers for final marking
[2024-08-29T23:17:41.691+0800] GC(54) Collectable Garbage: 634M (93%), Immediate: 634M (93%), CSet: 0B (0%)
[2024-08-29T23:17:41.691+0800] GC(54) Pause Final Mark (unload classes) 0.407ms
[2024-08-29T23:17:41.691+0800] GC(54) Concurrent weak references
[2024-08-29T23:17:41.691+0800] GC(54) Using 2 of 4 workers for concurrent weak references
[2024-08-29T23:17:41.691+0800] GC(54) Encountered references: Soft: 178, Weak: 297, Final: 0, Phantom: 5
[2024-08-29T23:17:41.691+0800] GC(54) Discovered  references: Soft: 0, Weak: 142, Final: 0, Phantom: 5
[2024-08-29T23:17:41.691+0800] GC(54) Enqueued    references: Soft: 0, Weak: 0, Final: 0, Phantom: 0
[2024-08-29T23:17:41.691+0800] GC(54) Concurrent weak references 0.172ms
[2024-08-29T23:17:41.691+0800] GC(54) Concurrent weak roots
[2024-08-29T23:17:41.691+0800] GC(54) Using 2 of 4 workers for concurrent weak root
[2024-08-29T23:17:41.692+0800] GC(54) Concurrent weak roots 1.150ms
[2024-08-29T23:17:41.692+0800] GC(54) Concurrent cleanup
[2024-08-29T23:17:41.692+0800] GC(54) Concurrent cleanup 1528M->894M(2048M) 0.082ms
[2024-08-29T23:17:41.692+0800] GC(54) Free: 906M, Max: 1024K regular, 133M humongous, Frag: 86% external, 0% internal; Reserve: 103M, Max: 1024K
[2024-08-29T23:17:41.692+0800] GC(54) Concurrent class unloading
[2024-08-29T23:17:41.692+0800] GC(54) Using 2 of 4 workers for concurrent class unloading
[2024-08-29T23:17:41.694+0800] GC(54) Concurrent class unloading 1.794ms
[2024-08-29T23:17:41.694+0800] GC(54) Pause Final Roots
[2024-08-29T23:17:41.694+0800] GC(54) Pause Final Roots 0.018ms
[2024-08-29T23:17:41.694+0800] Free: 902M, Max: 1024K regular, 133M humongous, Frag: 86% external, 0% internal; Reserve: 103M, Max: 1024K
[2024-08-29T23:17:41.694+0800] 
[2024-08-29T23:17:41.694+0800] All times are wall-clock times, except per-root-class counters, that are sum over
[2024-08-29T23:17:41.694+0800] all workers. Dividing the <total> over the root stage time estimates parallelism.
[2024-08-29T23:17:41.694+0800] 
[2024-08-29T23:17:41.694+0800] Concurrent Reset                   4990 us
[2024-08-29T23:17:41.694+0800] Pause Init Mark (G)                1339 us
[2024-08-29T23:17:41.694+0800] Pause Init Mark (N)                 158 us
[2024-08-29T23:17:41.694+0800]   Update Region States               56 us
[2024-08-29T23:17:41.694+0800] Concurrent Mark Roots               282 us, parallelism: 0.99x
[2024-08-29T23:17:41.694+0800]   CMR: <total>                      280 us
[2024-08-29T23:17:41.694+0800]   CMR: Thread Roots                 176 us, workers (us):  47, 129, ---, ---, 
[2024-08-29T23:17:41.694+0800]   CMR: VM Strong Roots                8 us, workers (us):   7,   0, ---, ---, 
[2024-08-29T23:17:41.694+0800]   CMR: CLDG Roots                    96 us, workers (us):  96, ---, ---, ---, 
[2024-08-29T23:17:41.694+0800] Concurrent Marking                 2166 us
[2024-08-29T23:17:41.694+0800] Pause Final Mark (G)               1412 us
[2024-08-29T23:17:41.694+0800] Pause Final Mark (N)                416 us
[2024-08-29T23:17:41.694+0800]   Finish Mark                       185 us
[2024-08-29T23:17:41.694+0800]   Update Region States               52 us
[2024-08-29T23:17:41.694+0800]   Choose Collection Set             117 us
[2024-08-29T23:17:41.694+0800]   Rebuild Free Set                   11 us
[2024-08-29T23:17:41.694+0800] Concurrent Weak References          180 us, parallelism: 0.12x
[2024-08-29T23:17:41.694+0800]   CWRF: <total>                      21 us
[2024-08-29T23:17:41.694+0800]   CWRF: Weak References              21 us, workers (us):  21,   0, ---, ---, 
[2024-08-29T23:17:41.694+0800] Concurrent Weak Roots              1168 us
[2024-08-29T23:17:41.694+0800]   Roots                             481 us, parallelism: 1.25x
[2024-08-29T23:17:41.694+0800]     CWR: <total>                    601 us
[2024-08-29T23:17:41.694+0800]     CWR: Code Cache Roots           471 us, workers (us): 252, 219, ---, ---, 
[2024-08-29T23:17:41.694+0800]     CWR: VM Weak Roots              125 us, workers (us): 124,   1, ---, ---, 
[2024-08-29T23:17:41.694+0800]     CWR: CLDG Roots                   6 us, workers (us):   6, ---, ---, ---, 
[2024-08-29T23:17:41.694+0800]   Rendezvous                        654 us
[2024-08-29T23:17:41.694+0800] Concurrent Cleanup                   89 us
[2024-08-29T23:17:41.694+0800] Concurrent Class Unloading         1814 us
[2024-08-29T23:17:41.694+0800]   Unlink Stale                      673 us
[2024-08-29T23:17:41.694+0800]     System Dictionary                 3 us
[2024-08-29T23:17:41.694+0800]     Weak Class Links                  0 us
[2024-08-29T23:17:41.694+0800]     Code Roots                      669 us
[2024-08-29T23:17:41.694+0800]   Rendezvous                       1017 us
[2024-08-29T23:17:41.694+0800]   Purge Unlinked                     92 us
[2024-08-29T23:17:41.694+0800]     Code Roots                       78 us
[2024-08-29T23:17:41.694+0800]     CLDG                             14 us
[2024-08-29T23:17:41.694+0800]     Exception Caches                  0 us
[2024-08-29T23:17:41.694+0800] Pause Final Roots (G)               104 us
[2024-08-29T23:17:41.695+0800] Pause Final Roots (N)                27 us
[2024-08-29T23:17:41.695+0800] 
[2024-08-29T23:17:41.695+0800] Allocation pacing accrued:
[2024-08-29T23:17:41.695+0800]       0 of   302 ms (  0.0%): <total>
[2024-08-29T23:17:41.695+0800]       0 of   302 ms (  0.0%): <average total>
[2024-08-29T23:17:41.695+0800] 
[2024-08-29T23:17:41.695+0800] Metaspace: 1648K(1792K)->1648K(1792K) NonClass: 1529K(1600K)->1529K(1600K) Class: 119K(192K)->119K(192K)
[2024-08-29T23:17:41.695+0800] Pacer for Idle. Initial: 41943K, Alloc Tax Rate: 1.0x
[2024-08-29T23:17:41.992+0800] Trigger: Free (199M) is below minimum threshold (204M)
[2024-08-29T23:17:41.993+0800] Free: 199M, Max: 1024K regular, 133M humongous, Frag: 34% external, 0% internal; Reserve: 103M, Max: 1024K
[2024-08-29T23:17:41.993+0800] GC(55) Concurrent reset
[2024-08-29T23:17:41.993+0800] GC(55) Using 2 of 4 workers for concurrent reset
[2024-08-29T23:17:41.993+0800] GC(55) Pacer for Reset. Non-Taxable: 2048M
[2024-08-29T23:17:42.000+0800] GC(55) Concurrent reset 7.333ms
[2024-08-29T23:17:42.001+0800] GC(55) Pause Init Mark (unload classes)
[2024-08-29T23:17:42.001+0800] GC(55) Using 4 of 4 workers for init marking
[2024-08-29T23:17:42.001+0800] GC(55) Pacer for Mark. Expected Live: 779M, Free: 160M, Non-Taxable: 16410K, Alloc Tax Rate: 5.9x
[2024-08-29T23:17:42.001+0800] GC(55) Pause Init Mark (unload classes) 0.154ms
[2024-08-29T23:17:42.001+0800] GC(55) Concurrent marking roots
[2024-08-29T23:17:42.001+0800] GC(55) Using 2 of 4 workers for concurrent marking roots
[2024-08-29T23:17:42.001+0800] GC(55) Concurrent marking roots 0.215ms
[2024-08-29T23:17:42.001+0800] GC(55) Concurrent marking (unload classes)
[2024-08-29T23:17:42.001+0800] GC(55) Using 2 of 4 workers for concurrent marking
[2024-08-29T23:17:42.006+0800] GC(55) Concurrent marking (unload classes) 4.974ms
[2024-08-29T23:17:42.006+0800] GC(55) Pause Final Mark (unload classes)
[2024-08-29T23:17:42.006+0800] GC(55) Using 4 of 4 workers for final marking
[2024-08-29T23:17:42.007+0800] GC(55) Collectable Garbage: 693M (93%), Immediate: 693M (93%), CSet: 0B (0%)
[2024-08-29T23:17:42.007+0800] GC(55) Pause Final Mark (unload classes) 0.340ms
[2024-08-29T23:17:42.007+0800] GC(55) Concurrent weak references
[2024-08-29T23:17:42.007+0800] GC(55) Using 2 of 4 workers for concurrent weak references
[2024-08-29T23:17:42.007+0800] GC(55) Encountered references: Soft: 178, Weak: 297, Final: 0, Phantom: 5
[2024-08-29T23:17:42.007+0800] GC(55) Discovered  references: Soft: 0, Weak: 113, Final: 0, Phantom: 3
[2024-08-29T23:17:42.007+0800] GC(55) Enqueued    references: Soft: 0, Weak: 0, Final: 0, Phantom: 0
[2024-08-29T23:17:42.007+0800] GC(55) Concurrent weak references 0.098ms
[2024-08-29T23:17:42.007+0800] GC(55) Concurrent weak roots
[2024-08-29T23:17:42.007+0800] GC(55) Using 2 of 4 workers for concurrent weak root
[2024-08-29T23:17:42.007+0800] GC(55) Concurrent weak roots 0.262ms
[2024-08-29T23:17:42.007+0800] GC(55) Concurrent cleanup
[2024-08-29T23:17:42.007+0800] GC(55) Concurrent cleanup 1552M->859M(2048M) 0.144ms
[2024-08-29T23:17:42.007+0800] GC(55) Free: 961M, Max: 1024K regular, 118M humongous, Frag: 88% external, 2% internal; Reserve: 103M, Max: 1024K
[2024-08-29T23:17:42.007+0800] GC(55) Concurrent class unloading
[2024-08-29T23:17:42.007+0800] GC(55) Using 2 of 4 workers for concurrent class unloading
[2024-08-29T23:17:42.008+0800] GC(55) Concurrent class unloading 0.891ms
[2024-08-29T23:17:42.008+0800] GC(55) Pause Final Roots
[2024-08-29T23:17:42.008+0800] GC(55) Pause Final Roots 0.006ms
[2024-08-29T23:17:42.008+0800] Free: 961M, Max: 1024K regular, 118M humongous, Frag: 88% external, 2% internal; Reserve: 103M, Max: 1024K
[2024-08-29T23:17:42.008+0800] 
[2024-08-29T23:17:42.008+0800] All times are wall-clock times, except per-root-class counters, that are sum over
[2024-08-29T23:17:42.008+0800] all workers. Dividing the <total> over the root stage time estimates parallelism.
[2024-08-29T23:17:42.008+0800] 
[2024-08-29T23:17:42.008+0800] Concurrent Reset                   7525 us
[2024-08-29T23:17:42.008+0800] Pause Init Mark (G)                 863 us
[2024-08-29T23:17:42.008+0800] Pause Init Mark (N)                 161 us
[2024-08-29T23:17:42.008+0800]   Update Region States               90 us
[2024-08-29T23:17:42.008+0800] Concurrent Mark Roots               232 us, parallelism: 1.03x
[2024-08-29T23:17:42.008+0800]   CMR: <total>                      238 us
[2024-08-29T23:17:42.008+0800]   CMR: Thread Roots                 179 us, workers (us):  69, 110, ---, ---, 
[2024-08-29T23:17:42.008+0800]   CMR: VM Strong Roots                6 us, workers (us):   6,   0, ---, ---, 
[2024-08-29T23:17:42.008+0800]   CMR: CLDG Roots                    52 us, workers (us):  52, ---, ---, ---, 
[2024-08-29T23:17:42.008+0800] Concurrent Marking                 4995 us
[2024-08-29T23:17:42.008+0800] Pause Final Mark (G)                366 us
[2024-08-29T23:17:42.008+0800] Pause Final Mark (N)                346 us
[2024-08-29T23:17:42.008+0800]   Finish Mark                       118 us
[2024-08-29T23:17:42.008+0800]   Update Region States               79 us
[2024-08-29T23:17:42.008+0800]   Choose Collection Set             120 us
[2024-08-29T23:17:42.008+0800]   Rebuild Free Set                    9 us
[2024-08-29T23:17:42.008+0800] Concurrent Weak References          103 us, parallelism: 0.09x
[2024-08-29T23:17:42.008+0800]   CWRF: <total>                       9 us
[2024-08-29T23:17:42.008+0800]   CWRF: Weak References               9 us, workers (us):   9,   0, ---, ---, 
[2024-08-29T23:17:42.008+0800] Concurrent Weak Roots               270 us
[2024-08-29T23:17:42.008+0800]   Roots                             235 us, parallelism: 1.49x
[2024-08-29T23:17:42.008+0800]     CWR: <total>                    349 us
[2024-08-29T23:17:42.008+0800]     CWR: Code Cache Roots           297 us, workers (us): 149, 148, ---, ---, 
[2024-08-29T23:17:42.008+0800]     CWR: VM Weak Roots               50 us, workers (us):  28,  22, ---, ---, 
[2024-08-29T23:17:42.008+0800]     CWR: CLDG Roots                   2 us, workers (us): ---,   2, ---, ---, 
[2024-08-29T23:17:42.008+0800]   Rendezvous                         18 us
[2024-08-29T23:17:42.008+0800] Concurrent Cleanup                  153 us
[2024-08-29T23:17:42.008+0800] Concurrent Class Unloading          908 us
[2024-08-29T23:17:42.008+0800]   Unlink Stale                      738 us
[2024-08-29T23:17:42.008+0800]     System Dictionary                 3 us
[2024-08-29T23:17:42.008+0800]     Weak Class Links                  0 us
[2024-08-29T23:17:42.008+0800]     Code Roots                      734 us
[2024-08-29T23:17:42.008+0800]   Rendezvous                         20 us
[2024-08-29T23:17:42.008+0800]   Purge Unlinked                    120 us
[2024-08-29T23:17:42.008+0800]     Code Roots                      107 us
[2024-08-29T23:17:42.008+0800]     CLDG                             12 us
[2024-08-29T23:17:42.008+0800]     Exception Caches                  0 us
[2024-08-29T23:17:42.008+0800] Pause Final Roots (G)                33 us
[2024-08-29T23:17:42.008+0800] Pause Final Roots (N)                11 us
[2024-08-29T23:17:42.008+0800] 
[2024-08-29T23:17:42.008+0800] Allocation pacing accrued:
[2024-08-29T23:17:42.008+0800]       0 of   314 ms (  0.0%): <total>
[2024-08-29T23:17:42.008+0800]       0 of   314 ms (  0.0%): <average total>
[2024-08-29T23:17:42.008+0800] 
[2024-08-29T23:17:42.008+0800] Metaspace: 1648K(1792K)->1648K(1792K) NonClass: 1529K(1600K)->1529K(1600K) Class: 119K(192K)->119K(192K)
[2024-08-29T23:17:42.008+0800] Pacer for Idle. Initial: 41943K, Alloc Tax Rate: 1.0x
[2024-08-29T23:17:42.305+0800] Trigger: Free (202M) is below minimum threshold (204M)
[2024-08-29T23:17:42.306+0800] Free: 197M, Max: 1024K regular, 118M humongous, Frag: 39% external, 7% internal; Reserve: 103M, Max: 1024K
[2024-08-29T23:17:42.306+0800] GC(56) Concurrent reset
[2024-08-29T23:17:42.306+0800] GC(56) Using 2 of 4 workers for concurrent reset
[2024-08-29T23:17:42.306+0800] GC(56) Pacer for Reset. Non-Taxable: 2048M
[2024-08-29T23:17:42.309+0800] GC(56) Concurrent reset 3.526ms
[2024-08-29T23:17:42.310+0800] GC(56) Pause Init Mark (unload classes)
[2024-08-29T23:17:42.310+0800] GC(56) Using 4 of 4 workers for init marking
[2024-08-29T23:17:42.310+0800] GC(56) Pacer for Mark. Expected Live: 803M, Free: 194M, Non-Taxable: 19964K, Alloc Tax Rate: 5.0x
[2024-08-29T23:17:42.310+0800] GC(56) Pause Init Mark (unload classes) 0.157ms
[2024-08-29T23:17:42.310+0800] GC(56) Concurrent marking roots
[2024-08-29T23:17:42.310+0800] GC(56) Using 2 of 4 workers for concurrent marking roots
[2024-08-29T23:17:42.310+0800] GC(56) Concurrent marking roots 0.622ms
[2024-08-29T23:17:42.310+0800] GC(56) Concurrent marking (unload classes)
[2024-08-29T23:17:42.310+0800] GC(56) Using 2 of 4 workers for concurrent marking
[2024-08-29T23:17:42.314+0800] GC(56) Concurrent marking (unload classes) 3.790ms
[2024-08-29T23:17:42.314+0800] GC(56) Pause Final Mark (unload classes)
[2024-08-29T23:17:42.314+0800] GC(56) Using 4 of 4 workers for final marking
[2024-08-29T23:17:42.315+0800] GC(56) Collectable Garbage: 634M (93%), Immediate: 634M (93%), CSet: 0B (0%)
[2024-08-29T23:17:42.315+0800] GC(56) Pause Final Mark (unload classes) 0.531ms
[2024-08-29T23:17:42.315+0800] GC(56) Concurrent weak references
[2024-08-29T23:17:42.315+0800] GC(56) Using 2 of 4 workers for concurrent weak references
[2024-08-29T23:17:42.315+0800] GC(56) Encountered references: Soft: 178, Weak: 297, Final: 0, Phantom: 5
[2024-08-29T23:17:42.315+0800] GC(56) Discovered  references: Soft: 0, Weak: 129, Final: 0, Phantom: 3
[2024-08-29T23:17:42.315+0800] GC(56) Enqueued    references: Soft: 0, Weak: 0, Final: 0, Phantom: 0
[2024-08-29T23:17:42.315+0800] GC(56) Concurrent weak references 0.196ms
[2024-08-29T23:17:42.315+0800] GC(56) Concurrent weak roots
[2024-08-29T23:17:42.315+0800] GC(56) Using 2 of 4 workers for concurrent weak root
[2024-08-29T23:17:42.316+0800] GC(56) Concurrent weak roots 0.476ms
[2024-08-29T23:17:42.316+0800] GC(56) Concurrent cleanup
[2024-08-29T23:17:42.316+0800] GC(56) Concurrent cleanup 1531M->897M(2048M) 0.068ms
[2024-08-29T23:17:42.316+0800] GC(56) Free: 920M, Max: 1024K regular, 130M humongous, Frag: 86% external, 1% internal; Reserve: 103M, Max: 1024K
[2024-08-29T23:17:42.316+0800] GC(56) Concurrent class unloading
[2024-08-29T23:17:42.316+0800] GC(56) Using 2 of 4 workers for concurrent class unloading
[2024-08-29T23:17:42.317+0800] GC(56) Concurrent class unloading 1.455ms
[2024-08-29T23:17:42.318+0800] GC(56) Pause Final Roots
[2024-08-29T23:17:42.318+0800] GC(56) Pause Final Roots 0.017ms
[2024-08-29T23:17:42.318+0800] Free: 917M, Max: 1024K regular, 130M humongous, Frag: 86% external, 1% internal; Reserve: 103M, Max: 1024K
[2024-08-29T23:17:42.318+0800] 
[2024-08-29T23:17:42.318+0800] All times are wall-clock times, except per-root-class counters, that are sum over
[2024-08-29T23:17:42.318+0800] all workers. Dividing the <total> over the root stage time estimates parallelism.
[2024-08-29T23:17:42.318+0800] 
[2024-08-29T23:17:42.318+0800] Concurrent Reset                   3624 us
[2024-08-29T23:17:42.318+0800] Pause Init Mark (G)                 611 us
[2024-08-29T23:17:42.318+0800] Pause Init Mark (N)                 164 us
[2024-08-29T23:17:42.318+0800]   Update Region States               92 us
[2024-08-29T23:17:42.318+0800] Concurrent Mark Roots               652 us, parallelism: 0.26x
[2024-08-29T23:17:42.318+0800]   CMR: <total>                      170 us
[2024-08-29T23:17:42.318+0800]   CMR: Thread Roots                 120 us, workers (us): 120,   0, ---, ---, 
[2024-08-29T23:17:42.318+0800]   CMR: VM Strong Roots                5 us, workers (us):   5,   0, ---, ---, 
[2024-08-29T23:17:42.318+0800]   CMR: CLDG Roots                    45 us, workers (us):  45, ---, ---, ---, 
[2024-08-29T23:17:42.318+0800] Concurrent Marking                 3833 us
[2024-08-29T23:17:42.318+0800] Pause Final Mark (G)                898 us
[2024-08-29T23:17:42.318+0800] Pause Final Mark (N)                539 us
[2024-08-29T23:17:42.318+0800]   Finish Mark                       278 us
[2024-08-29T23:17:42.318+0800]   Update Region States               73 us
[2024-08-29T23:17:42.318+0800]   Choose Collection Set             136 us
[2024-08-29T23:17:42.318+0800]   Rebuild Free Set                    9 us
[2024-08-29T23:17:42.318+0800] Concurrent Weak References          202 us, parallelism: 0.11x
[2024-08-29T23:17:42.318+0800]   CWRF: <total>                      21 us
[2024-08-29T23:17:42.318+0800]   CWRF: Weak References              21 us, workers (us):  21,   0, ---, ---, 
[2024-08-29T23:17:42.318+0800] Concurrent Weak Roots               490 us
[2024-08-29T23:17:42.318+0800]   Roots                             381 us, parallelism: 1.43x
[2024-08-29T23:17:42.318+0800]     CWR: <total>                    545 us
[2024-08-29T23:17:42.318+0800]     CWR: Code Cache Roots           480 us, workers (us): 212, 268, ---, ---, 
[2024-08-29T23:17:42.318+0800]     CWR: VM Weak Roots               62 us, workers (us):  34,  28, ---, ---, 
[2024-08-29T23:17:42.318+0800]     CWR: CLDG Roots                   3 us, workers (us):   3, ---, ---, ---, 
[2024-08-29T23:17:42.318+0800]   Rendezvous                         84 us
[2024-08-29T23:17:42.318+0800] Concurrent Cleanup                   73 us
[2024-08-29T23:17:42.318+0800] Concurrent Class Unloading         1478 us
[2024-08-29T23:17:42.318+0800]   Unlink Stale                     1266 us
[2024-08-29T23:17:42.318+0800]     System Dictionary                 4 us
[2024-08-29T23:17:42.318+0800]     Weak Class Links                  0 us
[2024-08-29T23:17:42.318+0800]     Code Roots                     1261 us
[2024-08-29T23:17:42.318+0800]   Rendezvous                         82 us
[2024-08-29T23:17:42.318+0800]   Purge Unlinked                     77 us
[2024-08-29T23:17:42.318+0800]     Code Roots                       65 us
[2024-08-29T23:17:42.318+0800]     CLDG                             12 us
[2024-08-29T23:17:42.318+0800]     Exception Caches                  0 us
[2024-08-29T23:17:42.318+0800] Pause Final Roots (G)               106 us
[2024-08-29T23:17:42.318+0800] Pause Final Roots (N)                25 us
[2024-08-29T23:17:42.318+0800] 
[2024-08-29T23:17:42.318+0800] Allocation pacing accrued:
[2024-08-29T23:17:42.318+0800]       0 of   309 ms (  0.0%): <total>
[2024-08-29T23:17:42.318+0800]       0 of   309 ms (  0.0%): <average total>
[2024-08-29T23:17:42.318+0800] 
[2024-08-29T23:17:42.318+0800] Metaspace: 1648K(1792K)->1648K(1792K) NonClass: 1529K(1600K)->1529K(1600K) Class: 119K(192K)->119K(192K)
[2024-08-29T23:17:42.318+0800] Pacer for Idle. Initial: 41943K, Alloc Tax Rate: 1.0x
[2024-08-29T23:17:42.591+0800] Trigger: Free (200M) is below minimum threshold (204M)
[2024-08-29T23:17:42.591+0800] Free: 200M, Max: 1024K regular, 130M humongous, Frag: 35% external, 2% internal; Reserve: 103M, Max: 1024K
[2024-08-29T23:17:42.591+0800] GC(57) Concurrent reset
[2024-08-29T23:17:42.591+0800] GC(57) Using 2 of 4 workers for concurrent reset
[2024-08-29T23:17:42.591+0800] GC(57) Pacer for Reset. Non-Taxable: 2048M
[2024-08-29T23:17:42.594+0800] GC(57) Concurrent reset 3.056ms
[2024-08-29T23:17:42.594+0800] GC(57) Pause Init Mark (unload classes)
[2024-08-29T23:17:42.594+0800] GC(57) Using 4 of 4 workers for init marking
[2024-08-29T23:17:42.594+0800] GC(57) Pacer for Mark. Expected Live: 821M, Free: 200M, Non-Taxable: 20567K, Alloc Tax Rate: 5.0x
[2024-08-29T23:17:42.594+0800] GC(57) Pause Init Mark (unload classes) 0.091ms
[2024-08-29T23:17:42.594+0800] GC(57) Concurrent marking roots
[2024-08-29T23:17:42.594+0800] GC(57) Using 2 of 4 workers for concurrent marking roots
[2024-08-29T23:17:42.595+0800] GC(57) Concurrent marking roots 0.222ms
[2024-08-29T23:17:42.595+0800] GC(57) Concurrent marking (unload classes)
[2024-08-29T23:17:42.595+0800] GC(57) Using 2 of 4 workers for concurrent marking
[2024-08-29T23:17:42.597+0800] GC(57) Concurrent marking (unload classes) 2.605ms
[2024-08-29T23:17:42.598+0800] GC(57) Pause Final Mark (unload classes)
[2024-08-29T23:17:42.598+0800] GC(57) Using 4 of 4 workers for final marking
[2024-08-29T23:17:42.599+0800] GC(57) Collectable Garbage: 646M (93%), Immediate: 646M (93%), CSet: 0B (0%)
[2024-08-29T23:17:42.599+0800] GC(57) Pause Final Mark (unload classes) 0.355ms
[2024-08-29T23:17:42.599+0800] GC(57) Concurrent weak references
[2024-08-29T23:17:42.599+0800] GC(57) Using 2 of 4 workers for concurrent weak references
[2024-08-29T23:17:42.599+0800] GC(57) Encountered references: Soft: 178, Weak: 297, Final: 0, Phantom: 5
[2024-08-29T23:17:42.599+0800] GC(57) Discovered  references: Soft: 0, Weak: 114, Final: 0, Phantom: 5
[2024-08-29T23:17:42.599+0800] GC(57) Enqueued    references: Soft: 0, Weak: 0, Final: 0, Phantom: 0
[2024-08-29T23:17:42.599+0800] GC(57) Concurrent weak references 0.304ms
[2024-08-29T23:17:42.599+0800] GC(57) Concurrent weak roots
[2024-08-29T23:17:42.599+0800] GC(57) Using 2 of 4 workers for concurrent weak root
[2024-08-29T23:17:42.599+0800] GC(57) Concurrent weak roots 0.386ms
[2024-08-29T23:17:42.599+0800] GC(57) Concurrent cleanup
[2024-08-29T23:17:42.599+0800] GC(57) Concurrent cleanup 1524M->877M(2048M) 0.077ms
[2024-08-29T23:17:42.599+0800] GC(57) Free: 935M, Max: 1024K regular, 142M humongous, Frag: 85% external, 1% internal; Reserve: 103M, Max: 1024K
[2024-08-29T23:17:42.599+0800] GC(57) Concurrent class unloading
[2024-08-29T23:17:42.599+0800] GC(57) Using 2 of 4 workers for concurrent class unloading
[2024-08-29T23:17:42.601+0800] GC(57) Concurrent class unloading 1.616ms
[2024-08-29T23:17:42.601+0800] GC(57) Pause Final Roots
[2024-08-29T23:17:42.601+0800] GC(57) Pause Final Roots 0.015ms
[2024-08-29T23:17:42.601+0800] Free: 931M, Max: 1024K regular, 142M humongous, Frag: 85% external, 1% internal; Reserve: 103M, Max: 1024K
[2024-08-29T23:17:42.601+0800] 
[2024-08-29T23:17:42.601+0800] All times are wall-clock times, except per-root-class counters, that are sum over
[2024-08-29T23:17:42.601+0800] all workers. Dividing the <total> over the root stage time estimates parallelism.
[2024-08-29T23:17:42.601+0800] 
[2024-08-29T23:17:42.601+0800] Concurrent Reset                   3097 us
[2024-08-29T23:17:42.601+0800] Pause Init Mark (G)                 188 us
[2024-08-29T23:17:42.601+0800] Pause Init Mark (N)                  98 us
[2024-08-29T23:17:42.601+0800]   Update Region States               52 us
[2024-08-29T23:17:42.601+0800] Concurrent Mark Roots               236 us, parallelism: 1.08x
[2024-08-29T23:17:42.601+0800]   CMR: <total>                      254 us
[2024-08-29T23:17:42.601+0800]   CMR: Thread Roots                 184 us, workers (us):  61, 123, ---, ---, 
[2024-08-29T23:17:42.601+0800]   CMR: VM Strong Roots                5 us, workers (us):   5,   0, ---, ---, 
[2024-08-29T23:17:42.601+0800]   CMR: CLDG Roots                    65 us, workers (us):  65, ---, ---, ---, 
[2024-08-29T23:17:42.601+0800] Concurrent Marking                 2623 us
[2024-08-29T23:17:42.601+0800] Pause Final Mark (G)               1343 us
[2024-08-29T23:17:42.601+0800] Pause Final Mark (N)                362 us
[2024-08-29T23:17:42.601+0800]   Finish Mark                       144 us
[2024-08-29T23:17:42.601+0800]   Update Region States               52 us
[2024-08-29T23:17:42.601+0800]   Choose Collection Set             111 us
[2024-08-29T23:17:42.601+0800]   Rebuild Free Set                    8 us
[2024-08-29T23:17:42.601+0800] Concurrent Weak References          309 us, parallelism: 0.07x
[2024-08-29T23:17:42.601+0800]   CWRF: <total>                      21 us
[2024-08-29T23:17:42.601+0800]   CWRF: Weak References              21 us, workers (us):  21,   0, ---, ---, 
[2024-08-29T23:17:42.601+0800] Concurrent Weak Roots               399 us
[2024-08-29T23:17:42.601+0800]   Roots                             296 us, parallelism: 1.47x
[2024-08-29T23:17:42.601+0800]     CWR: <total>                    435 us
[2024-08-29T23:17:42.601+0800]     CWR: Code Cache Roots           312 us, workers (us): 171, 142, ---, ---, 
[2024-08-29T23:17:42.601+0800]     CWR: VM Weak Roots              119 us, workers (us):  64,  56, ---, ---, 
[2024-08-29T23:17:42.601+0800]     CWR: CLDG Roots                   3 us, workers (us):   3, ---, ---, ---, 
[2024-08-29T23:17:42.601+0800]   Rendezvous                         79 us
[2024-08-29T23:17:42.601+0800] Concurrent Cleanup                   82 us
[2024-08-29T23:17:42.601+0800] Concurrent Class Unloading         1634 us
[2024-08-29T23:17:42.601+0800]   Unlink Stale                     1402 us
[2024-08-29T23:17:42.601+0800]     System Dictionary                 2 us
[2024-08-29T23:17:42.601+0800]     Weak Class Links                  0 us
[2024-08-29T23:17:42.601+0800]     Code Roots                     1399 us
[2024-08-29T23:17:42.601+0800]   Rendezvous                         81 us
[2024-08-29T23:17:42.601+0800]   Purge Unlinked                    122 us
[2024-08-29T23:17:42.601+0800]     Code Roots                      109 us
[2024-08-29T23:17:42.601+0800]     CLDG                             12 us
[2024-08-29T23:17:42.601+0800]     Exception Caches                  0 us
[2024-08-29T23:17:42.601+0800] Pause Final Roots (G)                90 us
[2024-08-29T23:17:42.601+0800] Pause Final Roots (N)                23 us
[2024-08-29T23:17:42.601+0800] 
[2024-08-29T23:17:42.601+0800] Allocation pacing accrued:
[2024-08-29T23:17:42.601+0800]       0 of   284 ms (  0.0%): <total>
[2024-08-29T23:17:42.601+0800]       0 of   284 ms (  0.0%): <average total>
[2024-08-29T23:17:42.601+0800] 
[2024-08-29T23:17:42.601+0800] Metaspace: 1648K(1792K)->1648K(1792K) NonClass: 1529K(1600K)->1529K(1600K) Class: 119K(192K)->119K(192K)
[2024-08-29T23:17:42.601+0800] Pacer for Idle. Initial: 41943K, Alloc Tax Rate: 1.0x
[2024-08-29T23:17:42.883+0800] Trigger: Free (201M) is below minimum threshold (204M)
[2024-08-29T23:17:42.883+0800] Free: 201M, Max: 1024K regular, 142M humongous, Frag: 30% external, 0% internal; Reserve: 103M, Max: 1024K
[2024-08-29T23:17:42.883+0800] GC(58) Concurrent reset
[2024-08-29T23:17:42.883+0800] GC(58) Using 2 of 4 workers for concurrent reset
[2024-08-29T23:17:42.883+0800] GC(58) Pacer for Reset. Non-Taxable: 2048M
[2024-08-29T23:17:42.888+0800] GC(58) Concurrent reset 4.749ms
[2024-08-29T23:17:42.888+0800] GC(58) Pause Init Mark (unload classes)
[2024-08-29T23:17:42.888+0800] GC(58) Using 4 of 4 workers for init marking
[2024-08-29T23:17:42.888+0800] GC(58) Pacer for Mark. Expected Live: 820M, Free: 188M, Non-Taxable: 19321K, Alloc Tax Rate: 5.3x
[2024-08-29T23:17:42.888+0800] GC(58) Pause Init Mark (unload classes) 0.129ms
[2024-08-29T23:17:42.888+0800] GC(58) Concurrent marking roots
[2024-08-29T23:17:42.888+0800] GC(58) Using 2 of 4 workers for concurrent marking roots
[2024-08-29T23:17:42.888+0800] GC(58) Concurrent marking roots 0.313ms
[2024-08-29T23:17:42.888+0800] GC(58) Concurrent marking (unload classes)
[2024-08-29T23:17:42.888+0800] GC(58) Using 2 of 4 workers for concurrent marking
[2024-08-29T23:17:42.890+0800] GC(58) Concurrent marking (unload classes) 1.740ms
[2024-08-29T23:17:42.890+0800] GC(58) Pause Final Mark (unload classes)
[2024-08-29T23:17:42.890+0800] GC(58) Using 4 of 4 workers for final marking
[2024-08-29T23:17:42.891+0800] GC(58) Collectable Garbage: 601M (93%), Immediate: 601M (93%), CSet: 0B (0%)
[2024-08-29T23:17:42.891+0800] GC(58) Pause Final Mark (unload classes) 0.545ms
[2024-08-29T23:17:42.891+0800] GC(58) Concurrent weak references
[2024-08-29T23:17:42.891+0800] GC(58) Using 2 of 4 workers for concurrent weak references
[2024-08-29T23:17:42.891+0800] GC(58) Encountered references: Soft: 178, Weak: 297, Final: 0, Phantom: 5
[2024-08-29T23:17:42.891+0800] GC(58) Discovered  references: Soft: 0, Weak: 114, Final: 0, Phantom: 5
[2024-08-29T23:17:42.891+0800] GC(58) Enqueued    references: Soft: 0, Weak: 0, Final: 0, Phantom: 0
[2024-08-29T23:17:42.891+0800] GC(58) Concurrent weak references 0.100ms
[2024-08-29T23:17:42.891+0800] GC(58) Concurrent weak roots
[2024-08-29T23:17:42.891+0800] GC(58) Using 2 of 4 workers for concurrent weak root
[2024-08-29T23:17:42.891+0800] GC(58) Concurrent weak roots 0.687ms
[2024-08-29T23:17:42.891+0800] GC(58) Concurrent cleanup
[2024-08-29T23:17:42.892+0800] GC(58) Concurrent cleanup 1515M->914M(2048M) 0.073ms
[2024-08-29T23:17:42.892+0800] GC(58) Free: 888M, Max: 1024K regular, 124M humongous, Frag: 86% external, 2% internal; Reserve: 103M, Max: 1024K
[2024-08-29T23:17:42.892+0800] GC(58) Concurrent class unloading
[2024-08-29T23:17:42.892+0800] GC(58) Using 2 of 4 workers for concurrent class unloading
[2024-08-29T23:17:42.892+0800] GC(58) Concurrent class unloading 0.746ms
[2024-08-29T23:17:42.894+0800] GC(58) Pause Final Roots
[2024-08-29T23:17:42.894+0800] GC(58) Pause Final Roots 0.020ms
[2024-08-29T23:17:42.894+0800] Free: 881M, Max: 1024K regular, 124M humongous, Frag: 86% external, 2% internal; Reserve: 103M, Max: 1024K
[2024-08-29T23:17:42.894+0800] 
[2024-08-29T23:17:42.894+0800] All times are wall-clock times, except per-root-class counters, that are sum over
[2024-08-29T23:17:42.894+0800] all workers. Dividing the <total> over the root stage time estimates parallelism.
[2024-08-29T23:17:42.894+0800] 
[2024-08-29T23:17:42.894+0800] Concurrent Reset                   4809 us
[2024-08-29T23:17:42.894+0800] Pause Init Mark (G)                 253 us
[2024-08-29T23:17:42.894+0800] Pause Init Mark (N)                 158 us
[2024-08-29T23:17:42.894+0800]   Update Region States               84 us
[2024-08-29T23:17:42.894+0800] Concurrent Mark Roots               326 us, parallelism: 1.20x
[2024-08-29T23:17:42.894+0800]   CMR: <total>                      392 us
[2024-08-29T23:17:42.894+0800]   CMR: Thread Roots                 330 us, workers (us): 128, 202, ---, ---, 
[2024-08-29T23:17:42.894+0800]   CMR: VM Strong Roots                7 us, workers (us):   7,   0, ---, ---, 
[2024-08-29T23:17:42.894+0800]   CMR: CLDG Roots                    54 us, workers (us):  54, ---, ---, ---, 
[2024-08-29T23:17:42.894+0800] Concurrent Marking                 1761 us
[2024-08-29T23:17:42.894+0800] Pause Final Mark (G)                620 us
[2024-08-29T23:17:42.894+0800] Pause Final Mark (N)                555 us
[2024-08-29T23:17:42.894+0800]   Finish Mark                       281 us
[2024-08-29T23:17:42.894+0800]   Update Region States              104 us
[2024-08-29T23:17:42.894+0800]   Choose Collection Set             121 us
[2024-08-29T23:17:42.894+0800]   Rebuild Free Set                   13 us
[2024-08-29T23:17:42.894+0800] Concurrent Weak References          106 us, parallelism: 0.06x
[2024-08-29T23:17:42.894+0800]   CWRF: <total>                       7 us
[2024-08-29T23:17:42.894+0800]   CWRF: Weak References               7 us, workers (us):   6,   0, ---, ---, 
[2024-08-29T23:17:42.894+0800] Concurrent Weak Roots               717 us
[2024-08-29T23:17:42.894+0800]   Roots                             615 us, parallelism: 0.82x
[2024-08-29T23:17:42.894+0800]     CWR: <total>                    506 us
[2024-08-29T23:17:42.894+0800]     CWR: Code Cache Roots           451 us, workers (us): 450,   0, ---, ---, 
[2024-08-29T23:17:42.894+0800]     CWR: VM Weak Roots               52 us, workers (us):  51,   0, ---, ---, 
[2024-08-29T23:17:42.894+0800]     CWR: CLDG Roots                   4 us, workers (us):   4, ---, ---, ---, 
[2024-08-29T23:17:42.894+0800]   Rendezvous                         61 us
[2024-08-29T23:17:42.894+0800] Concurrent Cleanup                   79 us
[2024-08-29T23:17:42.894+0800] Concurrent Class Unloading          758 us
[2024-08-29T23:17:42.894+0800]   Unlink Stale                      623 us
[2024-08-29T23:17:42.894+0800]     System Dictionary                 3 us
[2024-08-29T23:17:42.894+0800]     Weak Class Links                  0 us
[2024-08-29T23:17:42.894+0800]     Code Roots                      620 us
[2024-08-29T23:17:42.894+0800]   Rendezvous                         52 us
[2024-08-29T23:17:42.894+0800]   Purge Unlinked                     61 us
[2024-08-29T23:17:42.894+0800]     Code Roots                       58 us
[2024-08-29T23:17:42.894+0800]     CLDG                              3 us
[2024-08-29T23:17:42.894+0800]     Exception Caches                  0 us
[2024-08-29T23:17:42.894+0800] Pause Final Roots (G)              1327 us
[2024-08-29T23:17:42.894+0800] Pause Final Roots (N)                27 us
[2024-08-29T23:17:42.894+0800] 
[2024-08-29T23:17:42.894+0800] Allocation pacing accrued:
[2024-08-29T23:17:42.894+0800]       0 of   293 ms (  0.0%): <total>
[2024-08-29T23:17:42.894+0800]       0 of   293 ms (  0.0%): <average total>
[2024-08-29T23:17:42.894+0800] 
[2024-08-29T23:17:42.894+0800] Metaspace: 1648K(1792K)->1648K(1792K) NonClass: 1529K(1600K)->1529K(1600K) Class: 119K(192K)->119K(192K)
[2024-08-29T23:17:42.894+0800] Pacer for Idle. Initial: 41943K, Alloc Tax Rate: 1.0x
[2024-08-29T23:17:43.208+0800] Trigger: Free (197M) is below minimum threshold (204M)
[2024-08-29T23:17:43.208+0800] Free: 194M, Max: 1024K regular, 124M humongous, Frag: 36% external, 4% internal; Reserve: 103M, Max: 1024K
[2024-08-29T23:17:43.208+0800] GC(59) Concurrent reset
[2024-08-29T23:17:43.208+0800] GC(59) Using 2 of 4 workers for concurrent reset
[2024-08-29T23:17:43.208+0800] GC(59) Pacer for Reset. Non-Taxable: 2048M
[2024-08-29T23:17:43.213+0800] GC(59) Concurrent reset 5.026ms
[2024-08-29T23:17:43.216+0800] GC(59) Pause Init Mark (unload classes)
[2024-08-29T23:17:43.216+0800] GC(59) Using 4 of 4 workers for init marking
[2024-08-29T23:17:43.216+0800] GC(59) Pacer for Mark. Expected Live: 827M, Free: 174M, Non-Taxable: 17879K, Alloc Tax Rate: 5.8x
[2024-08-29T23:17:43.216+0800] GC(59) Pause Init Mark (unload classes) 0.106ms
[2024-08-29T23:17:43.216+0800] GC(59) Concurrent marking roots
[2024-08-29T23:17:43.216+0800] GC(59) Using 2 of 4 workers for concurrent marking roots
[2024-08-29T23:17:43.216+0800] GC(59) Concurrent marking roots 0.317ms
[2024-08-29T23:17:43.216+0800] GC(59) Concurrent marking (unload classes)
[2024-08-29T23:17:43.216+0800] GC(59) Using 2 of 4 workers for concurrent marking
[2024-08-29T23:17:43.220+0800] GC(59) Concurrent marking (unload classes) 3.667ms
[2024-08-29T23:17:43.220+0800] GC(59) Pause Final Mark (unload classes)
[2024-08-29T23:17:43.220+0800] GC(59) Using 4 of 4 workers for final marking
[2024-08-29T23:17:43.220+0800] GC(59) Collectable Garbage: 724M (93%), Immediate: 724M (93%), CSet: 0B (0%)
[2024-08-29T23:17:43.221+0800] GC(59) Pause Final Mark (unload classes) 0.374ms
[2024-08-29T23:17:43.221+0800] GC(59) Concurrent weak references
[2024-08-29T23:17:43.221+0800] GC(59) Using 2 of 4 workers for concurrent weak references
[2024-08-29T23:17:43.221+0800] GC(59) Encountered references: Soft: 178, Weak: 297, Final: 0, Phantom: 5
[2024-08-29T23:17:43.221+0800] GC(59) Discovered  references: Soft: 0, Weak: 142, Final: 0, Phantom: 5
[2024-08-29T23:17:43.221+0800] GC(59) Enqueued    references: Soft: 0, Weak: 0, Final: 0, Phantom: 0
[2024-08-29T23:17:43.221+0800] GC(59) Concurrent weak references 0.118ms
[2024-08-29T23:17:43.221+0800] GC(59) Concurrent weak roots
[2024-08-29T23:17:43.221+0800] GC(59) Using 2 of 4 workers for concurrent weak root
[2024-08-29T23:17:43.221+0800] GC(59) Concurrent weak roots 0.362ms
[2024-08-29T23:17:43.221+0800] GC(59) Concurrent cleanup
[2024-08-29T23:17:43.221+0800] GC(59) Concurrent cleanup 1532M->808M(2048M) 0.083ms
[2024-08-29T23:17:43.221+0800] GC(59) Free: 1012M, Max: 1024K regular, 102M humongous, Frag: 90% external, 1% internal; Reserve: 103M, Max: 1024K
[2024-08-29T23:17:43.221+0800] GC(59) Concurrent class unloading
[2024-08-29T23:17:43.221+0800] GC(59) Using 2 of 4 workers for concurrent class unloading
[2024-08-29T23:17:43.223+0800] GC(59) Concurrent class unloading 1.550ms
[2024-08-29T23:17:43.223+0800] GC(59) Pause Final Roots
[2024-08-29T23:17:43.223+0800] GC(59) Pause Final Roots 0.015ms
[2024-08-29T23:17:43.223+0800] Free: 1004M, Max: 1024K regular, 102M humongous, Frag: 90% external, 1% internal; Reserve: 103M, Max: 1024K
[2024-08-29T23:17:43.223+0800] 
[2024-08-29T23:17:43.223+0800] All times are wall-clock times, except per-root-class counters, that are sum over
[2024-08-29T23:17:43.223+0800] all workers. Dividing the <total> over the root stage time estimates parallelism.
[2024-08-29T23:17:43.223+0800] 
[2024-08-29T23:17:43.223+0800] Concurrent Reset                   5095 us
[2024-08-29T23:17:43.223+0800] Pause Init Mark (G)                3069 us
[2024-08-29T23:17:43.223+0800] Pause Init Mark (N)                 114 us
[2024-08-29T23:17:43.223+0800]   Update Region States               54 us
[2024-08-29T23:17:43.223+0800] Concurrent Mark Roots               336 us, parallelism: 1.00x
[2024-08-29T23:17:43.223+0800]   CMR: <total>                      337 us
[2024-08-29T23:17:43.223+0800]   CMR: Thread Roots                 234 us, workers (us):  76, 158, ---, ---, 
[2024-08-29T23:17:43.223+0800]   CMR: VM Strong Roots                9 us, workers (us):   9,   0, ---, ---, 
[2024-08-29T23:17:43.223+0800]   CMR: CLDG Roots                    94 us, workers (us):  94, ---, ---, ---, 
[2024-08-29T23:17:43.223+0800] Concurrent Marking                 3688 us
[2024-08-29T23:17:43.223+0800] Pause Final Mark (G)                445 us
[2024-08-29T23:17:43.223+0800] Pause Final Mark (N)                381 us
[2024-08-29T23:17:43.223+0800]   Finish Mark                       154 us
[2024-08-29T23:17:43.223+0800]   Update Region States               51 us
[2024-08-29T23:17:43.223+0800]   Choose Collection Set             132 us
[2024-08-29T23:17:43.223+0800]   Rebuild Free Set                   11 us
[2024-08-29T23:17:43.223+0800] Concurrent Weak References          124 us, parallelism: 0.08x
[2024-08-29T23:17:43.223+0800]   CWRF: <total>                      10 us
[2024-08-29T23:17:43.223+0800]   CWRF: Weak References              10 us, workers (us):  10,   0, ---, ---, 
[2024-08-29T23:17:43.223+0800] Concurrent Weak Roots               374 us
[2024-08-29T23:17:43.223+0800]   Roots                             289 us, parallelism: 1.41x
[2024-08-29T23:17:43.223+0800]     CWR: <total>                    407 us
[2024-08-29T23:17:43.223+0800]     CWR: Code Cache Roots           287 us, workers (us): 140, 147, ---, ---, 
[2024-08-29T23:17:43.223+0800]     CWR: VM Weak Roots              107 us, workers (us):  42,  65, ---, ---, 
[2024-08-29T23:17:43.223+0800]     CWR: CLDG Roots                  13 us, workers (us):  13, ---, ---, ---, 
[2024-08-29T23:17:43.223+0800]   Rendezvous                         61 us
[2024-08-29T23:17:43.223+0800] Concurrent Cleanup                   90 us
[2024-08-29T23:17:43.223+0800] Concurrent Class Unloading         1567 us
[2024-08-29T23:17:43.223+0800]   Unlink Stale                      763 us
[2024-08-29T23:17:43.223+0800]     System Dictionary                 2 us
[2024-08-29T23:17:43.223+0800]     Weak Class Links                  0 us
[2024-08-29T23:17:43.223+0800]     Code Roots                      760 us
[2024-08-29T23:17:43.223+0800]   Rendezvous                        697 us
[2024-08-29T23:17:43.223+0800]   Purge Unlinked                     77 us
[2024-08-29T23:17:43.223+0800]     Code Roots                       74 us
[2024-08-29T23:17:43.223+0800]     CLDG                              3 us
[2024-08-29T23:17:43.223+0800]     Exception Caches                  0 us
[2024-08-29T23:17:43.223+0800] Pause Final Roots (G)                86 us
[2024-08-29T23:17:43.223+0800] Pause Final Roots (N)                21 us
[2024-08-29T23:17:43.223+0800] Pacing                            10313 us
[2024-08-29T23:17:43.223+0800] 
[2024-08-29T23:17:43.223+0800] Allocation pacing accrued:
[2024-08-29T23:17:43.223+0800]       5 of   329 ms (  1.6%): Thread-0
[2024-08-29T23:17:43.223+0800]       5 of   329 ms (  1.5%): Thread-3
[2024-08-29T23:17:43.223+0800]      10 of   329 ms (  3.1%): <total>
[2024-08-29T23:17:43.223+0800]       1 of   329 ms (  0.2%): <average total>
[2024-08-29T23:17:43.223+0800]       5 of   329 ms (  1.6%): <average non-zero>
[2024-08-29T23:17:43.223+0800] 
[2024-08-29T23:17:43.223+0800] Metaspace: 1648K(1792K)->1648K(1792K) NonClass: 1529K(1600K)->1529K(1600K) Class: 119K(192K)->119K(192K)
[2024-08-29T23:17:43.223+0800] Pacer for Idle. Initial: 41943K, Alloc Tax Rate: 1.0x
[2024-08-29T23:17:43.528+0800] Trigger: Free (203M) is below minimum threshold (204M)
[2024-08-29T23:17:43.529+0800] Free: 203M, Max: 1024K regular, 102M humongous, Frag: 50% external, 0% internal; Reserve: 103M, Max: 1024K
[2024-08-29T23:17:43.529+0800] GC(60) Concurrent reset
[2024-08-29T23:17:43.529+0800] GC(60) Using 2 of 4 workers for concurrent reset
[2024-08-29T23:17:43.529+0800] GC(60) Pacer for Reset. Non-Taxable: 2048M
[2024-08-29T23:17:43.532+0800] GC(60) Concurrent reset 2.898ms
[2024-08-29T23:17:43.533+0800] GC(60) Pause Init Mark (unload classes)
[2024-08-29T23:17:43.533+0800] GC(60) Using 4 of 4 workers for init marking
[2024-08-29T23:17:43.533+0800] GC(60) Pacer for Mark. Expected Live: 811M, Free: 191M, Non-Taxable: 19621K, Alloc Tax Rate: 5.2x
[2024-08-29T23:17:43.533+0800] GC(60) Pause Init Mark (unload classes) 0.106ms
[2024-08-29T23:17:43.533+0800] GC(60) Concurrent marking roots
[2024-08-29T23:17:43.533+0800] GC(60) Using 2 of 4 workers for concurrent marking roots
[2024-08-29T23:17:43.533+0800] GC(60) Concurrent marking roots 0.233ms
[2024-08-29T23:17:43.533+0800] GC(60) Concurrent marking (unload classes)
[2024-08-29T23:17:43.533+0800] GC(60) Using 2 of 4 workers for concurrent marking
[2024-08-29T23:17:43.535+0800] GC(60) Concurrent marking (unload classes) 1.815ms
[2024-08-29T23:17:43.535+0800] GC(60) Pause Final Mark (unload classes)
[2024-08-29T23:17:43.535+0800] GC(60) Using 4 of 4 workers for final marking
[2024-08-29T23:17:43.536+0800] GC(60) Collectable Garbage: 683M (93%), Immediate: 683M (93%), CSet: 0B (0%)
[2024-08-29T23:17:43.536+0800] GC(60) Pause Final Mark (unload classes) 0.296ms
[2024-08-29T23:17:43.536+0800] GC(60) Concurrent weak references
[2024-08-29T23:17:43.536+0800] GC(60) Using 2 of 4 workers for concurrent weak references
[2024-08-29T23:17:43.536+0800] GC(60) Encountered references: Soft: 178, Weak: 297, Final: 0, Phantom: 5
[2024-08-29T23:17:43.536+0800] GC(60) Discovered  references: Soft: 0, Weak: 116, Final: 0, Phantom: 5
[2024-08-29T23:17:43.536+0800] GC(60) Enqueued    references: Soft: 0, Weak: 0, Final: 0, Phantom: 0
[2024-08-29T23:17:43.536+0800] GC(60) Concurrent weak references 0.106ms
[2024-08-29T23:17:43.536+0800] GC(60) Concurrent weak roots
[2024-08-29T23:17:43.536+0800] GC(60) Using 2 of 4 workers for concurrent weak root
[2024-08-29T23:17:43.537+0800] GC(60) Concurrent weak roots 0.804ms
[2024-08-29T23:17:43.537+0800] GC(60) Concurrent cleanup
[2024-08-29T23:17:43.537+0800] GC(60) Concurrent cleanup 1518M->834M(2048M) 0.095ms
[2024-08-29T23:17:43.537+0800] GC(60) Free: 981M, Max: 1024K regular, 102M humongous, Frag: 90% external, 1% internal; Reserve: 103M, Max: 1024K
[2024-08-29T23:17:43.537+0800] GC(60) Concurrent class unloading
[2024-08-29T23:17:43.537+0800] GC(60) Using 2 of 4 workers for concurrent class unloading
[2024-08-29T23:17:43.538+0800] GC(60) Concurrent class unloading 0.802ms
[2024-08-29T23:17:43.538+0800] GC(60) Pause Final Roots
[2024-08-29T23:17:43.538+0800] GC(60) Pause Final Roots 0.014ms
[2024-08-29T23:17:43.538+0800] Free: 981M, Max: 1024K regular, 102M humongous, Frag: 90% external, 1% internal; Reserve: 103M, Max: 1024K
[2024-08-29T23:17:43.538+0800] 
[2024-08-29T23:17:43.538+0800] All times are wall-clock times, except per-root-class counters, that are sum over
[2024-08-29T23:17:43.538+0800] all workers. Dividing the <total> over the root stage time estimates parallelism.
[2024-08-29T23:17:43.538+0800] 
[2024-08-29T23:17:43.538+0800] Concurrent Reset                   3011 us
[2024-08-29T23:17:43.538+0800] Pause Init Mark (G)                1505 us
[2024-08-29T23:17:43.538+0800] Pause Init Mark (N)                 113 us
[2024-08-29T23:17:43.538+0800]   Update Region States               56 us
[2024-08-29T23:17:43.538+0800] Concurrent Mark Roots               249 us, parallelism: 0.90x
[2024-08-29T23:17:43.538+0800]   CMR: <total>                      224 us
[2024-08-29T23:17:43.538+0800]   CMR: Thread Roots                 171 us, workers (us):  62, 109, ---, ---, 
[2024-08-29T23:17:43.538+0800]   CMR: VM Strong Roots                7 us, workers (us):   7,   0, ---, ---, 
[2024-08-29T23:17:43.538+0800]   CMR: CLDG Roots                    45 us, workers (us):  45, ---, ---, ---, 
[2024-08-29T23:17:43.538+0800] Concurrent Marking                 1831 us
[2024-08-29T23:17:43.538+0800] Pause Final Mark (G)                411 us
[2024-08-29T23:17:43.538+0800] Pause Final Mark (N)                303 us
[2024-08-29T23:17:43.538+0800]   Finish Mark                        88 us
[2024-08-29T23:17:43.538+0800]   Update Region States               51 us
[2024-08-29T23:17:43.538+0800]   Choose Collection Set             122 us
[2024-08-29T23:17:43.538+0800]   Rebuild Free Set                   10 us
[2024-08-29T23:17:43.538+0800] Concurrent Weak References          114 us, parallelism: 0.05x
[2024-08-29T23:17:43.538+0800]   CWRF: <total>                       6 us
[2024-08-29T23:17:43.538+0800]   CWRF: Weak References               6 us, workers (us):   6,   0, ---, ---, 
[2024-08-29T23:17:43.538+0800] Concurrent Weak Roots               820 us
[2024-08-29T23:17:43.538+0800]   Roots                             465 us, parallelism: 1.02x
[2024-08-29T23:17:43.538+0800]     CWR: <total>                    476 us
[2024-08-29T23:17:43.538+0800]     CWR: Code Cache Roots           403 us, workers (us): 309,  94, ---, ---, 
[2024-08-29T23:17:43.538+0800]     CWR: VM Weak Roots               69 us, workers (us):  69,   1, ---, ---, 
[2024-08-29T23:17:43.538+0800]     CWR: CLDG Roots                   4 us, workers (us):   4, ---, ---, ---, 
[2024-08-29T23:17:43.538+0800]   Rendezvous                        326 us
[2024-08-29T23:17:43.538+0800] Concurrent Cleanup                  101 us
[2024-08-29T23:17:43.538+0800] Concurrent Class Unloading          817 us
[2024-08-29T23:17:43.538+0800]   Unlink Stale                      623 us
[2024-08-29T23:17:43.538+0800]     System Dictionary                 2 us
[2024-08-29T23:17:43.538+0800]     Weak Class Links                  0 us
[2024-08-29T23:17:43.538+0800]     Code Roots                      620 us
[2024-08-29T23:17:43.538+0800]   Rendezvous                         83 us
[2024-08-29T23:17:43.538+0800]   Purge Unlinked                     84 us
[2024-08-29T23:17:43.538+0800]     Code Roots                       71 us
[2024-08-29T23:17:43.538+0800]     CLDG                             12 us
[2024-08-29T23:17:43.538+0800]     Exception Caches                  0 us
[2024-08-29T23:17:43.538+0800] Pause Final Roots (G)                90 us
[2024-08-29T23:17:43.538+0800] Pause Final Roots (N)                22 us
[2024-08-29T23:17:43.538+0800] 
[2024-08-29T23:17:43.538+0800] Allocation pacing accrued:
[2024-08-29T23:17:43.538+0800]       0 of   315 ms (  0.0%): <total>
[2024-08-29T23:17:43.538+0800]       0 of   315 ms (  0.0%): <average total>
[2024-08-29T23:17:43.538+0800] 
[2024-08-29T23:17:43.538+0800] Metaspace: 1648K(1792K)->1648K(1792K) NonClass: 1529K(1600K)->1529K(1600K) Class: 119K(192K)->119K(192K)
[2024-08-29T23:17:43.538+0800] Pacer for Idle. Initial: 41943K, Alloc Tax Rate: 1.0x
[2024-08-29T23:17:43.847+0800] Trigger: Free (194M) is below minimum threshold (204M)
[2024-08-29T23:17:43.847+0800] Free: 194M, Max: 1024K regular, 102M humongous, Frag: 48% external, 0% internal; Reserve: 103M, Max: 1024K
[2024-08-29T23:17:43.847+0800] GC(61) Concurrent reset
[2024-08-29T23:17:43.847+0800] GC(61) Using 2 of 4 workers for concurrent reset
[2024-08-29T23:17:43.847+0800] GC(61) Pacer for Reset. Non-Taxable: 2048M
[2024-08-29T23:17:43.852+0800] GC(61) Concurrent reset 4.518ms
[2024-08-29T23:17:43.852+0800] GC(61) Pause Init Mark (unload classes)
[2024-08-29T23:17:43.852+0800] GC(61) Using 4 of 4 workers for init marking
[2024-08-29T23:17:43.853+0800] GC(61) Pacer for Mark. Expected Live: 807M, Free: 179M, Non-Taxable: 18369K, Alloc Tax Rate: 5.5x
[2024-08-29T23:17:43.853+0800] GC(61) Pause Init Mark (unload classes) 0.110ms
[2024-08-29T23:17:43.853+0800] GC(61) Concurrent marking roots
[2024-08-29T23:17:43.853+0800] GC(61) Using 2 of 4 workers for concurrent marking roots
[2024-08-29T23:17:43.853+0800] GC(61) Concurrent marking roots 0.318ms
[2024-08-29T23:17:43.853+0800] GC(61) Concurrent marking (unload classes)
[2024-08-29T23:17:43.853+0800] GC(61) Using 2 of 4 workers for concurrent marking
[2024-08-29T23:17:43.855+0800] GC(61) Concurrent marking (unload classes) 1.714ms
[2024-08-29T23:17:43.855+0800] GC(61) Pause Final Mark (unload classes)
[2024-08-29T23:17:43.855+0800] GC(61) Using 4 of 4 workers for final marking
[2024-08-29T23:17:43.855+0800] GC(61) Collectable Garbage: 661M (93%), Immediate: 661M (93%), CSet: 0B (0%)
[2024-08-29T23:17:43.855+0800] GC(61) Pause Final Mark (unload classes) 0.350ms
[2024-08-29T23:17:43.855+0800] GC(61) Concurrent weak references
[2024-08-29T23:17:43.855+0800] GC(61) Using 2 of 4 workers for concurrent weak references
[2024-08-29T23:17:43.855+0800] GC(61) Encountered references: Soft: 178, Weak: 297, Final: 0, Phantom: 5
[2024-08-29T23:17:43.855+0800] GC(61) Discovered  references: Soft: 0, Weak: 113, Final: 0, Phantom: 5
[2024-08-29T23:17:43.855+0800] GC(61) Enqueued    references: Soft: 0, Weak: 0, Final: 0, Phantom: 0
[2024-08-29T23:17:43.855+0800] GC(61) Concurrent weak references 0.105ms
[2024-08-29T23:17:43.855+0800] GC(61) Concurrent weak roots
[2024-08-29T23:17:43.855+0800] GC(61) Using 2 of 4 workers for concurrent weak root
[2024-08-29T23:17:43.856+0800] GC(61) Concurrent weak roots 0.352ms
[2024-08-29T23:17:43.856+0800] GC(61) Concurrent cleanup
[2024-08-29T23:17:43.856+0800] GC(61) Concurrent cleanup 1521M->860M(2048M) 0.083ms
[2024-08-29T23:17:43.856+0800] GC(61) Free: 947M, Max: 1024K regular, 107M humongous, Frag: 89% external, 2% internal; Reserve: 103M, Max: 1024K
[2024-08-29T23:17:43.856+0800] GC(61) Concurrent class unloading
[2024-08-29T23:17:43.856+0800] GC(61) Using 2 of 4 workers for concurrent class unloading
[2024-08-29T23:17:43.857+0800] GC(61) Concurrent class unloading 0.750ms
[2024-08-29T23:17:43.857+0800] GC(61) Pause Final Roots
[2024-08-29T23:17:43.857+0800] GC(61) Pause Final Roots 0.013ms
[2024-08-29T23:17:43.857+0800] Free: 947M, Max: 1024K regular, 107M humongous, Frag: 89% external, 2% internal; Reserve: 103M, Max: 1024K
[2024-08-29T23:17:43.857+0800] 
[2024-08-29T23:17:43.857+0800] All times are wall-clock times, except per-root-class counters, that are sum over
[2024-08-29T23:17:43.857+0800] all workers. Dividing the <total> over the root stage time estimates parallelism.
[2024-08-29T23:17:43.857+0800] 
[2024-08-29T23:17:43.857+0800] Concurrent Reset                   4616 us
[2024-08-29T23:17:43.857+0800] Pause Init Mark (G)                 737 us
[2024-08-29T23:17:43.857+0800] Pause Init Mark (N)                 117 us
[2024-08-29T23:17:43.857+0800]   Update Region States               68 us
[2024-08-29T23:17:43.857+0800] Concurrent Mark Roots               331 us, parallelism: 1.01x
[2024-08-29T23:17:43.857+0800]   CMR: <total>                      335 us
[2024-08-29T23:17:43.857+0800]   CMR: Thread Roots                 196 us, workers (us):  44, 152, ---, ---, 
[2024-08-29T23:17:43.857+0800]   CMR: VM Strong Roots               23 us, workers (us):  17,   6, ---, ---, 
[2024-08-29T23:17:43.857+0800]   CMR: CLDG Roots                   116 us, workers (us): 116, ---, ---, ---, 
[2024-08-29T23:17:43.857+0800] Concurrent Marking                 1733 us
[2024-08-29T23:17:43.857+0800] Pause Final Mark (G)                431 us
[2024-08-29T23:17:43.857+0800] Pause Final Mark (N)                358 us
[2024-08-29T23:17:43.857+0800]   Finish Mark                       133 us
[2024-08-29T23:17:43.857+0800]   Update Region States               58 us
[2024-08-29T23:17:43.857+0800]   Choose Collection Set             122 us
[2024-08-29T23:17:43.857+0800]   Rebuild Free Set                   11 us
[2024-08-29T23:17:43.857+0800] Concurrent Weak References          112 us, parallelism: 0.05x
[2024-08-29T23:17:43.857+0800]   CWRF: <total>                       6 us
[2024-08-29T23:17:43.857+0800]   CWRF: Weak References               6 us, workers (us):   6,   0, ---, ---, 
[2024-08-29T23:17:43.857+0800] Concurrent Weak Roots               369 us
[2024-08-29T23:17:43.857+0800]   Roots                             252 us, parallelism: 1.39x
[2024-08-29T23:17:43.857+0800]     CWR: <total>                    350 us
[2024-08-29T23:17:43.857+0800]     CWR: Code Cache Roots           297 us, workers (us): 147, 150, ---, ---, 
[2024-08-29T23:17:43.857+0800]     CWR: VM Weak Roots               50 us, workers (us):  30,  20, ---, ---, 
[2024-08-29T23:17:43.857+0800]     CWR: CLDG Roots                   2 us, workers (us):   2, ---, ---, ---, 
[2024-08-29T23:17:43.857+0800]   Rendezvous                         87 us
[2024-08-29T23:17:43.857+0800] Concurrent Cleanup                   90 us
[2024-08-29T23:17:43.857+0800] Concurrent Class Unloading          767 us
[2024-08-29T23:17:43.857+0800]   Unlink Stale                      613 us
[2024-08-29T23:17:43.857+0800]     System Dictionary                 3 us
[2024-08-29T23:17:43.857+0800]     Weak Class Links                  0 us
[2024-08-29T23:17:43.857+0800]     Code Roots                      610 us
[2024-08-29T23:17:43.857+0800]   Rendezvous                         44 us
[2024-08-29T23:17:43.857+0800]   Purge Unlinked                     80 us
[2024-08-29T23:17:43.857+0800]     Code Roots                       67 us
[2024-08-29T23:17:43.857+0800]     CLDG                             12 us
[2024-08-29T23:17:43.857+0800]     Exception Caches                  0 us
[2024-08-29T23:17:43.857+0800] Pause Final Roots (G)                82 us
[2024-08-29T23:17:43.857+0800] Pause Final Roots (N)                20 us
[2024-08-29T23:17:43.857+0800] 
[2024-08-29T23:17:43.857+0800] Allocation pacing accrued:
[2024-08-29T23:17:43.857+0800]       0 of   319 ms (  0.0%): <total>
[2024-08-29T23:17:43.857+0800]       0 of   319 ms (  0.0%): <average total>
[2024-08-29T23:17:43.857+0800] 
[2024-08-29T23:17:43.857+0800] Metaspace: 1648K(1792K)->1648K(1792K) NonClass: 1529K(1600K)->1529K(1600K) Class: 119K(192K)->119K(192K)
[2024-08-29T23:17:43.857+0800] Pacer for Idle. Initial: 41943K, Alloc Tax Rate: 1.0x
[2024-08-29T23:17:44.136+0800] Trigger: Free (201M) is below minimum threshold (204M)
[2024-08-29T23:17:44.136+0800] Free: 201M, Max: 1024K regular, 107M humongous, Frag: 46% external, 5% internal; Reserve: 103M, Max: 1024K
[2024-08-29T23:17:44.136+0800] GC(62) Concurrent reset
[2024-08-29T23:17:44.136+0800] GC(62) Using 2 of 4 workers for concurrent reset
[2024-08-29T23:17:44.136+0800] GC(62) Pacer for Reset. Non-Taxable: 2048M
[2024-08-29T23:17:44.140+0800] GC(62) Concurrent reset 3.428ms
[2024-08-29T23:17:44.140+0800] GC(62) Pause Init Mark (unload classes)
[2024-08-29T23:17:44.140+0800] GC(62) Using 4 of 4 workers for init marking
[2024-08-29T23:17:44.140+0800] GC(62) Pacer for Mark. Expected Live: 800M, Free: 201M, Non-Taxable: 20671K, Alloc Tax Rate: 4.8x
[2024-08-29T23:17:44.140+0800] GC(62) Pause Init Mark (unload classes) 0.102ms
[2024-08-29T23:17:44.140+0800] GC(62) Concurrent marking roots
[2024-08-29T23:17:44.140+0800] GC(62) Using 2 of 4 workers for concurrent marking roots
[2024-08-29T23:17:44.140+0800] GC(62) Concurrent marking roots 0.216ms
[2024-08-29T23:17:44.140+0800] GC(62) Concurrent marking (unload classes)
[2024-08-29T23:17:44.140+0800] GC(62) Using 2 of 4 workers for concurrent marking
[2024-08-29T23:17:44.143+0800] GC(62) Concurrent marking (unload classes) 2.272ms
[2024-08-29T23:17:44.143+0800] GC(62) Pause Final Mark (unload classes)
[2024-08-29T23:17:44.143+0800] GC(62) Using 4 of 4 workers for final marking
[2024-08-29T23:17:44.143+0800] GC(62) Collectable Garbage: 569M (92%), Immediate: 569M (92%), CSet: 0B (0%)
[2024-08-29T23:17:44.143+0800] GC(62) Pause Final Mark (unload classes) 0.337ms
[2024-08-29T23:17:44.143+0800] GC(62) Concurrent weak references
[2024-08-29T23:17:44.143+0800] GC(62) Using 2 of 4 workers for concurrent weak references
[2024-08-29T23:17:44.143+0800] GC(62) Encountered references: Soft: 178, Weak: 297, Final: 0, Phantom: 5
[2024-08-29T23:17:44.143+0800] GC(62) Discovered  references: Soft: 0, Weak: 113, Final: 0, Phantom: 5
[2024-08-29T23:17:44.143+0800] GC(62) Enqueued    references: Soft: 0, Weak: 0, Final: 0, Phantom: 0
[2024-08-29T23:17:44.143+0800] GC(62) Concurrent weak references 0.100ms
[2024-08-29T23:17:44.143+0800] GC(62) Concurrent weak roots
[2024-08-29T23:17:44.143+0800] GC(62) Using 2 of 4 workers for concurrent weak root
[2024-08-29T23:17:44.143+0800] GC(62) Concurrent weak roots 0.356ms
[2024-08-29T23:17:44.143+0800] GC(62) Concurrent cleanup
[2024-08-29T23:17:44.144+0800] GC(62) Concurrent cleanup 1518M->949M(2048M) 0.079ms
[2024-08-29T23:17:44.144+0800] GC(62) Free: 853M, Max: 1024K regular, 144M humongous, Frag: 84% external, 2% internal; Reserve: 103M, Max: 1024K
[2024-08-29T23:17:44.144+0800] GC(62) Concurrent class unloading
[2024-08-29T23:17:44.144+0800] GC(62) Using 2 of 4 workers for concurrent class unloading
[2024-08-29T23:17:44.146+0800] GC(62) Concurrent class unloading 2.293ms
[2024-08-29T23:17:44.146+0800] GC(62) Pause Final Roots
[2024-08-29T23:17:44.146+0800] GC(62) Pause Final Roots 0.016ms
[2024-08-29T23:17:44.146+0800] Free: 842M, Max: 1024K regular, 144M humongous, Frag: 83% external, 2% internal; Reserve: 103M, Max: 1024K
[2024-08-29T23:17:44.146+0800] 
[2024-08-29T23:17:44.146+0800] All times are wall-clock times, except per-root-class counters, that are sum over
[2024-08-29T23:17:44.146+0800] all workers. Dividing the <total> over the root stage time estimates parallelism.
[2024-08-29T23:17:44.146+0800] 
[2024-08-29T23:17:44.146+0800] Concurrent Reset                   3474 us
[2024-08-29T23:17:44.146+0800] Pause Init Mark (G)                 209 us
[2024-08-29T23:17:44.146+0800] Pause Init Mark (N)                 109 us
[2024-08-29T23:17:44.146+0800]   Update Region States               44 us
[2024-08-29T23:17:44.146+0800] Concurrent Mark Roots               227 us, parallelism: 1.05x
[2024-08-29T23:17:44.146+0800]   CMR: <total>                      238 us
[2024-08-29T23:17:44.146+0800]   CMR: Thread Roots                 191 us, workers (us):  77, 115, ---, ---, 
[2024-08-29T23:17:44.146+0800]   CMR: VM Strong Roots                5 us, workers (us):   4,   0, ---, ---, 
[2024-08-29T23:17:44.146+0800]   CMR: CLDG Roots                    42 us, workers (us):  42, ---, ---, ---, 
[2024-08-29T23:17:44.146+0800] Concurrent Marking                 2291 us
[2024-08-29T23:17:44.146+0800] Pause Final Mark (G)                408 us
[2024-08-29T23:17:44.146+0800] Pause Final Mark (N)                344 us
[2024-08-29T23:17:44.146+0800]   Finish Mark                       150 us
[2024-08-29T23:17:44.146+0800]   Update Region States               45 us
[2024-08-29T23:17:44.146+0800]   Choose Collection Set             107 us
[2024-08-29T23:17:44.146+0800]   Rebuild Free Set                   11 us
[2024-08-29T23:17:44.146+0800] Concurrent Weak References          106 us, parallelism: 0.06x
[2024-08-29T23:17:44.146+0800]   CWRF: <total>                       6 us
[2024-08-29T23:17:44.146+0800]   CWRF: Weak References               6 us, workers (us):   6,   0, ---, ---, 
[2024-08-29T23:17:44.146+0800] Concurrent Weak Roots               372 us
[2024-08-29T23:17:44.146+0800]   Roots                             261 us, parallelism: 1.38x
[2024-08-29T23:17:44.146+0800]     CWR: <total>                    362 us
[2024-08-29T23:17:44.146+0800]     CWR: Code Cache Roots           309 us, workers (us): 151, 158, ---, ---, 
[2024-08-29T23:17:44.146+0800]     CWR: VM Weak Roots               51 us, workers (us):  30,  20, ---, ---, 
[2024-08-29T23:17:44.146+0800]     CWR: CLDG Roots                   3 us, workers (us):   3, ---, ---, ---, 
[2024-08-29T23:17:44.146+0800]   Rendezvous                         83 us
[2024-08-29T23:17:44.146+0800] Concurrent Cleanup                   85 us
[2024-08-29T23:17:44.146+0800] Concurrent Class Unloading         2313 us
[2024-08-29T23:17:44.146+0800]   Unlink Stale                      866 us
[2024-08-29T23:17:44.146+0800]     System Dictionary                 3 us
[2024-08-29T23:17:44.146+0800]     Weak Class Links                  0 us
[2024-08-29T23:17:44.146+0800]     Code Roots                      862 us
[2024-08-29T23:17:44.146+0800]   Rendezvous                       1303 us
[2024-08-29T23:17:44.146+0800]   Purge Unlinked                    112 us
[2024-08-29T23:17:44.146+0800]     Code Roots                       96 us
[2024-08-29T23:17:44.146+0800]     CLDG                             15 us
[2024-08-29T23:17:44.146+0800]     Exception Caches                  0 us
[2024-08-29T23:17:44.146+0800] Pause Final Roots (G)               100 us
[2024-08-29T23:17:44.146+0800] Pause Final Roots (N)                24 us
[2024-08-29T23:17:44.146+0800] 
[2024-08-29T23:17:44.146+0800] Allocation pacing accrued:
[2024-08-29T23:17:44.146+0800]       0 of   289 ms (  0.0%): <total>
[2024-08-29T23:17:44.146+0800]       0 of   289 ms (  0.0%): <average total>
[2024-08-29T23:17:44.146+0800] 
[2024-08-29T23:17:44.146+0800] Metaspace: 1648K(1792K)->1648K(1792K) NonClass: 1529K(1600K)->1529K(1600K) Class: 119K(192K)->119K(192K)
[2024-08-29T23:17:44.146+0800] Pacer for Idle. Initial: 41943K, Alloc Tax Rate: 1.0x
[2024-08-29T23:17:44.374+0800] Trigger: Free (198M) is below minimum threshold (204M)
[2024-08-29T23:17:44.374+0800] Free: 194M, Max: 1024K regular, 129M humongous, Frag: 34% external, 3% internal; Reserve: 103M, Max: 1024K
[2024-08-29T23:17:44.374+0800] GC(63) Concurrent reset
[2024-08-29T23:17:44.374+0800] GC(63) Using 2 of 4 workers for concurrent reset
[2024-08-29T23:17:44.374+0800] GC(63) Pacer for Reset. Non-Taxable: 2048M
[2024-08-29T23:17:44.379+0800] GC(63) Concurrent reset 4.915ms
[2024-08-29T23:17:44.379+0800] GC(63) Pause Init Mark (unload classes)
[2024-08-29T23:17:44.379+0800] GC(63) Using 4 of 4 workers for init marking
[2024-08-29T23:17:44.379+0800] GC(63) Pacer for Mark. Expected Live: 815M, Free: 179M, Non-Taxable: 18374K, Alloc Tax Rate: 5.6x
[2024-08-29T23:17:44.379+0800] GC(63) Pause Init Mark (unload classes) 0.132ms
[2024-08-29T23:17:44.380+0800] GC(63) Concurrent marking roots
[2024-08-29T23:17:44.380+0800] GC(63) Using 2 of 4 workers for concurrent marking roots
[2024-08-29T23:17:44.380+0800] GC(63) Concurrent marking roots 0.185ms
[2024-08-29T23:17:44.380+0800] GC(63) Concurrent marking (unload classes)
[2024-08-29T23:17:44.380+0800] GC(63) Using 2 of 4 workers for concurrent marking
[2024-08-29T23:17:44.385+0800] GC(63) Concurrent marking (unload classes) 5.007ms
[2024-08-29T23:17:44.385+0800] GC(63) Pause Final Mark (unload classes)
[2024-08-29T23:17:44.385+0800] GC(63) Using 4 of 4 workers for final marking
[2024-08-29T23:17:44.385+0800] GC(63) Collectable Garbage: 519M (91%), Immediate: 519M (91%), CSet: 0B (0%)
[2024-08-29T23:17:44.385+0800] GC(63) Pause Final Mark (unload classes) 0.386ms
[2024-08-29T23:17:44.385+0800] GC(63) Concurrent weak references
[2024-08-29T23:17:44.385+0800] GC(63) Using 2 of 4 workers for concurrent weak references
[2024-08-29T23:17:44.385+0800] GC(63) Encountered references: Soft: 178, Weak: 297, Final: 0, Phantom: 5
[2024-08-29T23:17:44.385+0800] GC(63) Discovered  references: Soft: 0, Weak: 142, Final: 0, Phantom: 5
[2024-08-29T23:17:44.385+0800] GC(63) Enqueued    references: Soft: 0, Weak: 0, Final: 0, Phantom: 0
[2024-08-29T23:17:44.385+0800] GC(63) Concurrent weak references 0.136ms
[2024-08-29T23:17:44.385+0800] GC(63) Concurrent weak roots
[2024-08-29T23:17:44.385+0800] GC(63) Using 2 of 4 workers for concurrent weak root
[2024-08-29T23:17:44.390+0800] GC(63) Concurrent weak roots 4.728ms
[2024-08-29T23:17:44.390+0800] GC(63) Concurrent cleanup
[2024-08-29T23:17:44.390+0800] GC(63) Concurrent cleanup 1559M->1039M(2048M) 0.071ms
[2024-08-29T23:17:44.390+0800] GC(63) Free: 747M, Max: 1024K regular, 94208K humongous, Frag: 88% external, 1% internal; Reserve: 103M, Max: 1024K
[2024-08-29T23:17:44.390+0800] GC(63) Concurrent class unloading
[2024-08-29T23:17:44.390+0800] GC(63) Using 2 of 4 workers for concurrent class unloading
[2024-08-29T23:17:44.391+0800] GC(63) Concurrent class unloading 0.882ms
[2024-08-29T23:17:44.391+0800] GC(63) Pause Final Roots
[2024-08-29T23:17:44.391+0800] GC(63) Pause Final Roots 0.011ms
[2024-08-29T23:17:44.391+0800] Free: 747M, Max: 1024K regular, 94208K humongous, Frag: 88% external, 1% internal; Reserve: 103M, Max: 1024K
[2024-08-29T23:17:44.391+0800] 
[2024-08-29T23:17:44.391+0800] All times are wall-clock times, except per-root-class counters, that are sum over
[2024-08-29T23:17:44.391+0800] all workers. Dividing the <total> over the root stage time estimates parallelism.
[2024-08-29T23:17:44.391+0800] 
[2024-08-29T23:17:44.391+0800] Concurrent Reset                   5023 us
[2024-08-29T23:17:44.391+0800] Pause Init Mark (G)                 516 us
[2024-08-29T23:17:44.391+0800] Pause Init Mark (N)                 139 us
[2024-08-29T23:17:44.391+0800]   Update Region States               83 us
[2024-08-29T23:17:44.391+0800] Concurrent Mark Roots               197 us, parallelism: 1.01x
[2024-08-29T23:17:44.391+0800]   CMR: <total>                      198 us
[2024-08-29T23:17:44.391+0800]   CMR: Thread Roots                 149 us, workers (us):  54,  95, ---, ---, 
[2024-08-29T23:17:44.391+0800]   CMR: VM Strong Roots                5 us, workers (us):   5,   0, ---, ---, 
[2024-08-29T23:17:44.391+0800]   CMR: CLDG Roots                    43 us, workers (us):  43, ---, ---, ---, 
[2024-08-29T23:17:44.391+0800] Concurrent Marking                 5038 us
[2024-08-29T23:17:44.391+0800] Pause Final Mark (G)                467 us
[2024-08-29T23:17:44.391+0800] Pause Final Mark (N)                394 us
[2024-08-29T23:17:44.391+0800]   Finish Mark                       159 us
[2024-08-29T23:17:44.391+0800]   Update Region States               84 us
[2024-08-29T23:17:44.391+0800]   Choose Collection Set             105 us
[2024-08-29T23:17:44.391+0800]   Rebuild Free Set                   10 us
[2024-08-29T23:17:44.391+0800] Concurrent Weak References          143 us, parallelism: 0.17x
[2024-08-29T23:17:44.391+0800]   CWRF: <total>                      24 us
[2024-08-29T23:17:44.391+0800]   CWRF: Weak References              24 us, workers (us):  21,   3, ---, ---, 
[2024-08-29T23:17:44.391+0800] Concurrent Weak Roots              4745 us
[2024-08-29T23:17:44.391+0800]   Roots                             300 us, parallelism: 1.61x
[2024-08-29T23:17:44.391+0800]     CWR: <total>                    484 us
[2024-08-29T23:17:44.391+0800]     CWR: Code Cache Roots           387 us, workers (us): 192, 195, ---, ---, 
[2024-08-29T23:17:44.391+0800]     CWR: VM Weak Roots               94 us, workers (us):  51,  42, ---, ---, 
[2024-08-29T23:17:44.391+0800]     CWR: CLDG Roots                   3 us, workers (us): ---,   3, ---, ---, 
[2024-08-29T23:17:44.391+0800]   Rendezvous                       4416 us
[2024-08-29T23:17:44.391+0800] Concurrent Cleanup                   77 us
[2024-08-29T23:17:44.391+0800] Concurrent Class Unloading          899 us
[2024-08-29T23:17:44.391+0800]   Unlink Stale                      743 us
[2024-08-29T23:17:44.391+0800]     System Dictionary                 3 us
[2024-08-29T23:17:44.391+0800]     Weak Class Links                  0 us
[2024-08-29T23:17:44.391+0800]     Code Roots                      739 us
[2024-08-29T23:17:44.391+0800]   Rendezvous                         70 us
[2024-08-29T23:17:44.391+0800]   Purge Unlinked                     57 us
[2024-08-29T23:17:44.391+0800]     Code Roots                       46 us
[2024-08-29T23:17:44.391+0800]     CLDG                             11 us
[2024-08-29T23:17:44.391+0800]     Exception Caches                  0 us
[2024-08-29T23:17:44.391+0800] Pause Final Roots (G)                73 us
[2024-08-29T23:17:44.391+0800] Pause Final Roots (N)                16 us
[2024-08-29T23:17:44.391+0800] 
[2024-08-29T23:17:44.391+0800] Allocation pacing accrued:
[2024-08-29T23:17:44.391+0800]       0 of   245 ms (  0.0%): <total>
[2024-08-29T23:17:44.391+0800]       0 of   245 ms (  0.0%): <average total>
[2024-08-29T23:17:44.391+0800] 
[2024-08-29T23:17:44.391+0800] Metaspace: 1648K(1792K)->1648K(1792K) NonClass: 1529K(1600K)->1529K(1600K) Class: 119K(192K)->119K(192K)
[2024-08-29T23:17:44.391+0800] Pacer for Idle. Initial: 41943K, Alloc Tax Rate: 1.0x
[2024-08-29T23:17:44.630+0800] Trigger: Free (200M) is below minimum threshold (204M)
[2024-08-29T23:17:44.630+0800] Free: 200M, Max: 1024K regular, 94208K humongous, Frag: 54% external, 1% internal; Reserve: 103M, Max: 1024K
[2024-08-29T23:17:44.630+0800] GC(64) Concurrent reset
[2024-08-29T23:17:44.630+0800] GC(64) Using 2 of 4 workers for concurrent reset
[2024-08-29T23:17:44.630+0800] GC(64) Pacer for Reset. Non-Taxable: 2048M
[2024-08-29T23:17:44.635+0800] GC(64) Concurrent reset 4.864ms
[2024-08-29T23:17:44.635+0800] GC(64) Pause Init Mark (unload classes)
[2024-08-29T23:17:44.635+0800] GC(64) Using 4 of 4 workers for init marking
[2024-08-29T23:17:44.635+0800] GC(64) Pacer for Mark. Expected Live: 833M, Free: 186M, Non-Taxable: 19112K, Alloc Tax Rate: 5.5x
[2024-08-29T23:17:44.635+0800] GC(64) Pause Init Mark (unload classes) 0.090ms
[2024-08-29T23:17:44.635+0800] GC(64) Concurrent marking roots
[2024-08-29T23:17:44.635+0800] GC(64) Using 2 of 4 workers for concurrent marking roots
[2024-08-29T23:17:44.635+0800] GC(64) Concurrent marking roots 0.252ms
[2024-08-29T23:17:44.636+0800] GC(64) Concurrent marking (unload classes)
[2024-08-29T23:17:44.636+0800] GC(64) Using 2 of 4 workers for concurrent marking
[2024-08-29T23:17:44.637+0800] GC(64) Concurrent marking (unload classes) 1.674ms
[2024-08-29T23:17:44.637+0800] GC(64) Pause Final Mark (unload classes)
[2024-08-29T23:17:44.637+0800] GC(64) Using 4 of 4 workers for final marking
[2024-08-29T23:17:44.638+0800] GC(64) Collectable Garbage: 522M (91%), Immediate: 522M (91%), CSet: 0B (0%)
[2024-08-29T23:17:44.638+0800] GC(64) Pause Final Mark (unload classes) 0.376ms
[2024-08-29T23:17:44.638+0800] GC(64) Concurrent weak references
[2024-08-29T23:17:44.638+0800] GC(64) Using 2 of 4 workers for concurrent weak references
[2024-08-29T23:17:44.638+0800] GC(64) Encountered references: Soft: 178, Weak: 297, Final: 0, Phantom: 5
[2024-08-29T23:17:44.638+0800] GC(64) Discovered  references: Soft: 0, Weak: 116, Final: 0, Phantom: 5
[2024-08-29T23:17:44.638+0800] GC(64) Enqueued    references: Soft: 0, Weak: 0, Final: 0, Phantom: 0
[2024-08-29T23:17:44.638+0800] GC(64) Concurrent weak references 0.101ms
[2024-08-29T23:17:44.638+0800] GC(64) Concurrent weak roots
[2024-08-29T23:17:44.638+0800] GC(64) Using 2 of 4 workers for concurrent weak root
[2024-08-29T23:17:44.638+0800] GC(64) Concurrent weak roots 0.335ms
[2024-08-29T23:17:44.638+0800] GC(64) Concurrent cleanup
[2024-08-29T23:17:44.638+0800] GC(64) Concurrent cleanup 1518M->995M(2048M) 0.075ms
[2024-08-29T23:17:44.638+0800] GC(64) Free: 793M, Max: 1024K regular, 94208K humongous, Frag: 89% external, 1% internal; Reserve: 103M, Max: 1024K
[2024-08-29T23:17:44.638+0800] GC(64) Concurrent class unloading
[2024-08-29T23:17:44.638+0800] GC(64) Using 2 of 4 workers for concurrent class unloading
[2024-08-29T23:17:44.639+0800] GC(64) Concurrent class unloading 0.827ms
[2024-08-29T23:17:44.640+0800] GC(64) Pause Final Roots
[2024-08-29T23:17:44.640+0800] GC(64) Pause Final Roots 0.024ms
[2024-08-29T23:17:44.640+0800] Free: 785M, Max: 1024K regular, 94208K humongous, Frag: 89% external, 1% internal; Reserve: 103M, Max: 1024K
[2024-08-29T23:17:44.640+0800] 
[2024-08-29T23:17:44.640+0800] All times are wall-clock times, except per-root-class counters, that are sum over
[2024-08-29T23:17:44.640+0800] all workers. Dividing the <total> over the root stage time estimates parallelism.
[2024-08-29T23:17:44.640+0800] 
[2024-08-29T23:17:44.640+0800] Concurrent Reset                   4923 us
[2024-08-29T23:17:44.640+0800] Pause Init Mark (G)                 189 us
[2024-08-29T23:17:44.640+0800] Pause Init Mark (N)                  96 us
[2024-08-29T23:17:44.640+0800]   Update Region States               45 us
[2024-08-29T23:17:44.640+0800] Concurrent Mark Roots               272 us, parallelism: 1.11x
[2024-08-29T23:17:44.640+0800]   CMR: <total>                      304 us
[2024-08-29T23:17:44.640+0800]   CMR: Thread Roots                 252 us, workers (us): 109, 143, ---, ---, 
[2024-08-29T23:17:44.640+0800]   CMR: VM Strong Roots                6 us, workers (us):   5,   0, ---, ---, 
[2024-08-29T23:17:44.640+0800]   CMR: CLDG Roots                    46 us, workers (us):  46, ---, ---, ---, 
[2024-08-29T23:17:44.640+0800] Concurrent Marking                 1695 us
[2024-08-29T23:17:44.640+0800] Pause Final Mark (G)                452 us
[2024-08-29T23:17:44.640+0800] Pause Final Mark (N)                383 us
[2024-08-29T23:17:44.640+0800]   Finish Mark                       197 us
[2024-08-29T23:17:44.640+0800]   Update Region States               42 us
[2024-08-29T23:17:44.640+0800]   Choose Collection Set             101 us
[2024-08-29T23:17:44.640+0800]   Rebuild Free Set                   10 us
[2024-08-29T23:17:44.640+0800] Concurrent Weak References          108 us, parallelism: 0.05x
[2024-08-29T23:17:44.640+0800]   CWRF: <total>                       6 us
[2024-08-29T23:17:44.640+0800]   CWRF: Weak References               6 us, workers (us):   6,   0, ---, ---, 
[2024-08-29T23:17:44.640+0800] Concurrent Weak Roots               346 us
[2024-08-29T23:17:44.640+0800]   Roots                             247 us, parallelism: 1.44x
[2024-08-29T23:17:44.640+0800]     CWR: <total>                    356 us
[2024-08-29T23:17:44.640+0800]     CWR: Code Cache Roots           306 us, workers (us): 154, 152, ---, ---, 
[2024-08-29T23:17:44.640+0800]     CWR: VM Weak Roots               49 us, workers (us):  30,  19, ---, ---, 
[2024-08-29T23:17:44.640+0800]     CWR: CLDG Roots                   2 us, workers (us):   2, ---, ---, ---, 
[2024-08-29T23:17:44.640+0800]   Rendezvous                         77 us
[2024-08-29T23:17:44.640+0800] Concurrent Cleanup                   81 us
[2024-08-29T23:17:44.640+0800] Concurrent Class Unloading          842 us
[2024-08-29T23:17:44.640+0800]   Unlink Stale                      650 us
[2024-08-29T23:17:44.640+0800]     System Dictionary                 2 us
[2024-08-29T23:17:44.640+0800]     Weak Class Links                  0 us
[2024-08-29T23:17:44.640+0800]     Code Roots                      647 us
[2024-08-29T23:17:44.640+0800]   Rendezvous                         67 us
[2024-08-29T23:17:44.640+0800]   Purge Unlinked                     84 us
[2024-08-29T23:17:44.640+0800]     Code Roots                       71 us
[2024-08-29T23:17:44.640+0800]     CLDG                             12 us
[2024-08-29T23:17:44.641+0800]     Exception Caches                  0 us
[2024-08-29T23:17:44.641+0800] Pause Final Roots (G)              1204 us
[2024-08-29T23:17:44.641+0800] Pause Final Roots (N)                34 us
[2024-08-29T23:17:44.641+0800] 
[2024-08-29T23:17:44.641+0800] Allocation pacing accrued:
[2024-08-29T23:17:44.641+0800]       0 of   249 ms (  0.0%): <total>
[2024-08-29T23:17:44.641+0800]       0 of   249 ms (  0.0%): <average total>
[2024-08-29T23:17:44.641+0800] 
[2024-08-29T23:17:44.641+0800] Metaspace: 1648K(1792K)->1648K(1792K) NonClass: 1529K(1600K)->1529K(1600K) Class: 119K(192K)->119K(192K)
[2024-08-29T23:17:44.641+0800] Pacer for Idle. Initial: 41943K, Alloc Tax Rate: 1.0x
[2024-08-29T23:17:44.879+0800] Trigger: Free (201M) is below minimum threshold (204M)
[2024-08-29T23:17:44.879+0800] Free: 201M, Max: 1024K regular, 94208K humongous, Frag: 55% external, 1% internal; Reserve: 103M, Max: 1024K
[2024-08-29T23:17:44.879+0800] GC(65) Concurrent reset
[2024-08-29T23:17:44.879+0800] GC(65) Using 2 of 4 workers for concurrent reset
[2024-08-29T23:17:44.879+0800] GC(65) Pacer for Reset. Non-Taxable: 2048M
[2024-08-29T23:17:44.884+0800] GC(65) Concurrent reset 4.898ms
[2024-08-29T23:17:44.884+0800] GC(65) Pause Init Mark (unload classes)
[2024-08-29T23:17:44.884+0800] GC(65) Using 4 of 4 workers for init marking
[2024-08-29T23:17:44.884+0800] GC(65) Pacer for Mark. Expected Live: 872M, Free: 190M, Non-Taxable: 19498K, Alloc Tax Rate: 5.6x
[2024-08-29T23:17:44.884+0800] GC(65) Pause Init Mark (unload classes) 0.086ms
[2024-08-29T23:17:44.885+0800] GC(65) Concurrent marking roots
[2024-08-29T23:17:44.885+0800] GC(65) Using 2 of 4 workers for concurrent marking roots
[2024-08-29T23:17:44.885+0800] GC(65) Concurrent marking roots 0.202ms
[2024-08-29T23:17:44.885+0800] GC(65) Concurrent marking (unload classes)
[2024-08-29T23:17:44.885+0800] GC(65) Using 2 of 4 workers for concurrent marking
[2024-08-29T23:17:44.887+0800] GC(65) Concurrent marking (unload classes) 2.700ms
[2024-08-29T23:17:44.888+0800] GC(65) Pause Final Mark (unload classes)
[2024-08-29T23:17:44.888+0800] GC(65) Using 4 of 4 workers for final marking
[2024-08-29T23:17:44.888+0800] GC(65) Collectable Garbage: 507M (91%), Immediate: 507M (91%), CSet: 0B (0%)
[2024-08-29T23:17:44.888+0800] GC(65) Pause Final Mark (unload classes) 0.355ms
[2024-08-29T23:17:44.888+0800] GC(65) Concurrent weak references
[2024-08-29T23:17:44.888+0800] GC(65) Using 2 of 4 workers for concurrent weak references
[2024-08-29T23:17:44.888+0800] GC(65) Encountered references: Soft: 178, Weak: 297, Final: 0, Phantom: 5
[2024-08-29T23:17:44.888+0800] GC(65) Discovered  references: Soft: 0, Weak: 121, Final: 0, Phantom: 3
[2024-08-29T23:17:44.888+0800] GC(65) Enqueued    references: Soft: 0, Weak: 0, Final: 0, Phantom: 0
[2024-08-29T23:17:44.888+0800] GC(65) Concurrent weak references 0.078ms
[2024-08-29T23:17:44.888+0800] GC(65) Concurrent weak roots
[2024-08-29T23:17:44.888+0800] GC(65) Using 2 of 4 workers for concurrent weak root
[2024-08-29T23:17:44.888+0800] GC(65) Concurrent weak roots 0.283ms
[2024-08-29T23:17:44.888+0800] GC(65) Concurrent cleanup
[2024-08-29T23:17:44.888+0800] GC(65) Concurrent cleanup 1519M->1012M(2048M) 0.064ms
[2024-08-29T23:17:44.888+0800] GC(65) Free: 785M, Max: 1024K regular, 98304K humongous, Frag: 88% external, 1% internal; Reserve: 103M, Max: 1024K
[2024-08-29T23:17:44.888+0800] GC(65) Concurrent class unloading
[2024-08-29T23:17:44.888+0800] GC(65) Using 2 of 4 workers for concurrent class unloading
[2024-08-29T23:17:44.890+0800] GC(65) Concurrent class unloading 1.270ms
[2024-08-29T23:17:44.890+0800] GC(65) Pause Final Roots
[2024-08-29T23:17:44.890+0800] GC(65) Pause Final Roots 0.006ms
[2024-08-29T23:17:44.890+0800] Free: 778M, Max: 1024K regular, 98304K humongous, Frag: 88% external, 1% internal; Reserve: 103M, Max: 1024K
[2024-08-29T23:17:44.890+0800] 
[2024-08-29T23:17:44.890+0800] All times are wall-clock times, except per-root-class counters, that are sum over
[2024-08-29T23:17:44.890+0800] all workers. Dividing the <total> over the root stage time estimates parallelism.
[2024-08-29T23:17:44.890+0800] 
[2024-08-29T23:17:44.890+0800] Concurrent Reset                   4958 us
[2024-08-29T23:17:44.890+0800] Pause Init Mark (G)                 202 us
[2024-08-29T23:17:44.890+0800] Pause Init Mark (N)                  91 us
[2024-08-29T23:17:44.890+0800]   Update Region States               37 us
[2024-08-29T23:17:44.890+0800] Concurrent Mark Roots               212 us, parallelism: 1.29x
[2024-08-29T23:17:44.890+0800]   CMR: <total>                      273 us
[2024-08-29T23:17:44.890+0800]   CMR: Thread Roots                 204 us, workers (us):  73, 131, ---, ---, 
[2024-08-29T23:17:44.890+0800]   CMR: VM Strong Roots                7 us, workers (us):   6,   0, ---, ---, 
[2024-08-29T23:17:44.890+0800]   CMR: CLDG Roots                    62 us, workers (us):  62, ---, ---, ---, 
[2024-08-29T23:17:44.890+0800] Concurrent Marking                 2750 us
[2024-08-29T23:17:44.890+0800] Pause Final Mark (G)                425 us
[2024-08-29T23:17:44.890+0800] Pause Final Mark (N)                362 us
[2024-08-29T23:17:44.890+0800]   Finish Mark                        88 us
[2024-08-29T23:17:44.890+0800]   Update Region States              116 us
[2024-08-29T23:17:44.890+0800]   Choose Collection Set             120 us
[2024-08-29T23:17:44.890+0800]   Rebuild Free Set                   10 us
[2024-08-29T23:17:44.890+0800] Concurrent Weak References           83 us, parallelism: 0.13x
[2024-08-29T23:17:44.890+0800]   CWRF: <total>                      11 us
[2024-08-29T23:17:44.890+0800]   CWRF: Weak References              11 us, workers (us):   9,   1, ---, ---, 
[2024-08-29T23:17:44.890+0800] Concurrent Weak Roots               297 us
[2024-08-29T23:17:44.890+0800]   Roots                             247 us, parallelism: 1.41x
[2024-08-29T23:17:44.890+0800]     CWR: <total>                    348 us
[2024-08-29T23:17:44.890+0800]     CWR: Code Cache Roots           288 us, workers (us): 151, 137, ---, ---, 
[2024-08-29T23:17:44.890+0800]     CWR: VM Weak Roots               58 us, workers (us):  32,  25, ---, ---, 
[2024-08-29T23:17:44.890+0800]     CWR: CLDG Roots                   3 us, workers (us): ---,   3, ---, ---, 
[2024-08-29T23:17:44.890+0800]   Rendezvous                         28 us
[2024-08-29T23:17:44.890+0800] Concurrent Cleanup                   70 us
[2024-08-29T23:17:44.890+0800] Concurrent Class Unloading         1292 us
[2024-08-29T23:17:44.890+0800]   Unlink Stale                      694 us
[2024-08-29T23:17:44.890+0800]     System Dictionary                 2 us
[2024-08-29T23:17:44.890+0800]     Weak Class Links                  0 us
[2024-08-29T23:17:44.890+0800]     Code Roots                      691 us
[2024-08-29T23:17:44.890+0800]   Rendezvous                        489 us
[2024-08-29T23:17:44.890+0800]   Purge Unlinked                     78 us
[2024-08-29T23:17:44.890+0800]     Code Roots                       67 us
[2024-08-29T23:17:44.890+0800]     CLDG                             10 us
[2024-08-29T23:17:44.890+0800]     Exception Caches                  0 us
[2024-08-29T23:17:44.890+0800] Pause Final Roots (G)                30 us
[2024-08-29T23:17:44.890+0800] Pause Final Roots (N)                11 us
[2024-08-29T23:17:44.890+0800] 
[2024-08-29T23:17:44.890+0800] Allocation pacing accrued:
[2024-08-29T23:17:44.890+0800]       0 of   249 ms (  0.0%): <total>
[2024-08-29T23:17:44.890+0800]       0 of   249 ms (  0.0%): <average total>
[2024-08-29T23:17:44.890+0800] 
[2024-08-29T23:17:44.890+0800] Metaspace: 1648K(1792K)->1648K(1792K) NonClass: 1529K(1600K)->1529K(1600K) Class: 119K(192K)->119K(192K)
[2024-08-29T23:17:44.890+0800] Pacer for Idle. Initial: 41943K, Alloc Tax Rate: 1.0x
[2024-08-29T23:17:45.127+0800] Trigger: Free (204M) is below minimum threshold (204M)
[2024-08-29T23:17:45.127+0800] Free: 197M, Max: 1024K regular, 98304K humongous, Frag: 51% external, 3% internal; Reserve: 103M, Max: 1024K
[2024-08-29T23:17:45.127+0800] GC(66) Concurrent reset
[2024-08-29T23:17:45.127+0800] GC(66) Using 2 of 4 workers for concurrent reset
[2024-08-29T23:17:45.127+0800] GC(66) Pacer for Reset. Non-Taxable: 2048M
[2024-08-29T23:17:45.133+0800] GC(66) Concurrent reset 5.738ms
[2024-08-29T23:17:45.133+0800] GC(66) Pause Init Mark (unload classes)
[2024-08-29T23:17:45.133+0800] GC(66) Using 4 of 4 workers for init marking
[2024-08-29T23:17:45.133+0800] GC(66) Pacer for Mark. Expected Live: 908M, Free: 183M, Non-Taxable: 18752K, Alloc Tax Rate: 6.1x
[2024-08-29T23:17:45.133+0800] GC(66) Pause Init Mark (unload classes) 0.090ms
[2024-08-29T23:17:45.133+0800] GC(66) Concurrent marking roots
[2024-08-29T23:17:45.133+0800] GC(66) Using 2 of 4 workers for concurrent marking roots
[2024-08-29T23:17:45.133+0800] GC(66) Concurrent marking roots 0.250ms
[2024-08-29T23:17:45.133+0800] GC(66) Concurrent marking (unload classes)
[2024-08-29T23:17:45.133+0800] GC(66) Using 2 of 4 workers for concurrent marking
[2024-08-29T23:17:45.137+0800] GC(66) Concurrent marking (unload classes) 3.510ms
[2024-08-29T23:17:45.137+0800] GC(66) Pause Final Mark (unload classes)
[2024-08-29T23:17:45.137+0800] GC(66) Using 4 of 4 workers for final marking
[2024-08-29T23:17:45.137+0800] GC(66) Collectable Garbage: 506M (91%), Immediate: 506M (91%), CSet: 0B (0%)
[2024-08-29T23:17:45.137+0800] GC(66) Pause Final Mark (unload classes) 0.280ms
[2024-08-29T23:17:45.137+0800] GC(66) Concurrent weak references
[2024-08-29T23:17:45.137+0800] GC(66) Using 2 of 4 workers for concurrent weak references
[2024-08-29T23:17:45.137+0800] GC(66) Encountered references: Soft: 178, Weak: 297, Final: 0, Phantom: 5
[2024-08-29T23:17:45.137+0800] GC(66) Discovered  references: Soft: 0, Weak: 140, Final: 0, Phantom: 5
[2024-08-29T23:17:45.137+0800] GC(66) Enqueued    references: Soft: 0, Weak: 0, Final: 0, Phantom: 0
[2024-08-29T23:17:45.137+0800] GC(66) Concurrent weak references 0.073ms
[2024-08-29T23:17:45.137+0800] GC(66) Concurrent weak roots
[2024-08-29T23:17:45.137+0800] GC(66) Using 2 of 4 workers for concurrent weak root
[2024-08-29T23:17:45.138+0800] GC(66) Concurrent weak roots 0.313ms
[2024-08-29T23:17:45.138+0800] GC(66) Concurrent cleanup
[2024-08-29T23:17:45.138+0800] GC(66) Concurrent cleanup 1542M->1035M(2048M) 0.072ms
[2024-08-29T23:17:45.138+0800] GC(66) Free: 751M, Max: 1024K regular, 109M humongous, Frag: 86% external, 1% internal; Reserve: 103M, Max: 1024K
[2024-08-29T23:17:45.138+0800] GC(66) Concurrent class unloading
[2024-08-29T23:17:45.138+0800] GC(66) Using 2 of 4 workers for concurrent class unloading
[2024-08-29T23:17:45.138+0800] GC(66) Concurrent class unloading 0.633ms
[2024-08-29T23:17:45.138+0800] GC(66) Pause Final Roots
[2024-08-29T23:17:45.138+0800] GC(66) Pause Final Roots 0.016ms
[2024-08-29T23:17:45.138+0800] Free: 751M, Max: 1024K regular, 109M humongous, Frag: 86% external, 1% internal; Reserve: 103M, Max: 1024K
[2024-08-29T23:17:45.139+0800] 
[2024-08-29T23:17:45.139+0800] All times are wall-clock times, except per-root-class counters, that are sum over
[2024-08-29T23:17:45.139+0800] all workers. Dividing the <total> over the root stage time estimates parallelism.
[2024-08-29T23:17:45.139+0800] 
[2024-08-29T23:17:45.139+0800] Concurrent Reset                   5790 us
[2024-08-29T23:17:45.139+0800] Pause Init Mark (G)                 136 us
[2024-08-29T23:17:45.139+0800] Pause Init Mark (N)                  96 us
[2024-08-29T23:17:45.139+0800]   Update Region States               44 us
[2024-08-29T23:17:45.139+0800] Concurrent Mark Roots               263 us, parallelism: 1.24x
[2024-08-29T23:17:45.139+0800]   CMR: <total>                      326 us
[2024-08-29T23:17:45.139+0800]   CMR: Thread Roots                 259 us, workers (us): 101, 158, ---, ---, 
[2024-08-29T23:17:45.139+0800]   CMR: VM Strong Roots                6 us, workers (us):   6,   0, ---, ---, 
[2024-08-29T23:17:45.139+0800]   CMR: CLDG Roots                    61 us, workers (us):  61, ---, ---, ---, 
[2024-08-29T23:17:45.139+0800] Concurrent Marking                 3549 us
[2024-08-29T23:17:45.139+0800] Pause Final Mark (G)                356 us
[2024-08-29T23:17:45.139+0800] Pause Final Mark (N)                287 us
[2024-08-29T23:17:45.139+0800]   Finish Mark                        96 us
[2024-08-29T23:17:45.139+0800]   Update Region States               58 us
[2024-08-29T23:17:45.139+0800]   Choose Collection Set              93 us
[2024-08-29T23:17:45.139+0800]   Rebuild Free Set                    9 us
[2024-08-29T23:17:45.139+0800] Concurrent Weak References           79 us, parallelism: 0.25x
[2024-08-29T23:17:45.139+0800]   CWRF: <total>                      19 us
[2024-08-29T23:17:45.139+0800]   CWRF: Weak References              19 us, workers (us):  17,   2, ---, ---, 
[2024-08-29T23:17:45.139+0800] Concurrent Weak Roots               326 us
[2024-08-29T23:17:45.139+0800]   Roots                             236 us, parallelism: 1.44x
[2024-08-29T23:17:45.139+0800]     CWR: <total>                    341 us
[2024-08-29T23:17:45.139+0800]     CWR: Code Cache Roots           284 us, workers (us): 137, 147, ---, ---, 
[2024-08-29T23:17:45.139+0800]     CWR: VM Weak Roots               54 us, workers (us):  33,  21, ---, ---, 
[2024-08-29T23:17:45.139+0800]     CWR: CLDG Roots                   3 us, workers (us): ---,   3, ---, ---, 
[2024-08-29T23:17:45.139+0800]   Rendezvous                         66 us
[2024-08-29T23:17:45.139+0800] Concurrent Cleanup                   80 us
[2024-08-29T23:17:45.139+0800] Concurrent Class Unloading          646 us
[2024-08-29T23:17:45.139+0800]   Unlink Stale                      513 us
[2024-08-29T23:17:45.139+0800]     System Dictionary                 2 us
[2024-08-29T23:17:45.139+0800]     Weak Class Links                  0 us
[2024-08-29T23:17:45.139+0800]     Code Roots                      510 us
[2024-08-29T23:17:45.139+0800]   Rendezvous                         50 us
[2024-08-29T23:17:45.139+0800]   Purge Unlinked                     60 us
[2024-08-29T23:17:45.139+0800]     Code Roots                       58 us
[2024-08-29T23:17:45.139+0800]     CLDG                              2 us
[2024-08-29T23:17:45.139+0800]     Exception Caches                  0 us
[2024-08-29T23:17:45.139+0800] Pause Final Roots (G)               105 us
[2024-08-29T23:17:45.139+0800] Pause Final Roots (N)                23 us
[2024-08-29T23:17:45.139+0800] 
[2024-08-29T23:17:45.139+0800] Allocation pacing accrued:
[2024-08-29T23:17:45.139+0800]       0 of   249 ms (  0.0%): <total>
[2024-08-29T23:17:45.139+0800]       0 of   249 ms (  0.0%): <average total>
[2024-08-29T23:17:45.139+0800] 
[2024-08-29T23:17:45.139+0800] Metaspace: 1648K(1792K)->1648K(1792K) NonClass: 1529K(1600K)->1529K(1600K) Class: 119K(192K)->119K(192K)
[2024-08-29T23:17:45.139+0800] Pacer for Idle. Initial: 41943K, Alloc Tax Rate: 1.0x
[2024-08-29T23:17:45.360+0800] Trigger: Free (202M) is below minimum threshold (204M)
[2024-08-29T23:17:45.360+0800] Free: 202M, Max: 1024K regular, 109M humongous, Frag: 47% external, 0% internal; Reserve: 103M, Max: 1024K
[2024-08-29T23:17:45.360+0800] GC(67) Concurrent reset
[2024-08-29T23:17:45.360+0800] GC(67) Using 2 of 4 workers for concurrent reset
[2024-08-29T23:17:45.360+0800] GC(67) Pacer for Reset. Non-Taxable: 2048M
[2024-08-29T23:17:45.366+0800] GC(67) Concurrent reset 5.324ms
[2024-08-29T23:17:45.367+0800] GC(67) Pause Init Mark (unload classes)
[2024-08-29T23:17:45.367+0800] GC(67) Using 4 of 4 workers for init marking
[2024-08-29T23:17:45.367+0800] GC(67) Pacer for Mark. Expected Live: 942M, Free: 189M, Non-Taxable: 19420K, Alloc Tax Rate: 6.1x
[2024-08-29T23:17:45.367+0800] GC(67) Pause Init Mark (unload classes) 0.287ms
[2024-08-29T23:17:45.367+0800] GC(67) Concurrent marking roots
[2024-08-29T23:17:45.367+0800] GC(67) Using 2 of 4 workers for concurrent marking roots
[2024-08-29T23:17:45.367+0800] GC(67) Concurrent marking roots 0.230ms
[2024-08-29T23:17:45.367+0800] GC(67) Concurrent marking (unload classes)
[2024-08-29T23:17:45.367+0800] GC(67) Using 2 of 4 workers for concurrent marking
[2024-08-29T23:17:45.369+0800] GC(67) Concurrent marking (unload classes) 1.918ms
[2024-08-29T23:17:45.369+0800] GC(67) Pause Final Mark (unload classes)
[2024-08-29T23:17:45.369+0800] GC(67) Using 4 of 4 workers for final marking
[2024-08-29T23:17:45.370+0800] GC(67) Collectable Garbage: 482M (91%), Immediate: 482M (91%), CSet: 0B (0%)
[2024-08-29T23:17:45.370+0800] GC(67) Pause Final Mark (unload classes) 0.492ms
[2024-08-29T23:17:45.370+0800] GC(67) Concurrent weak references
[2024-08-29T23:17:45.370+0800] GC(67) Using 2 of 4 workers for concurrent weak references
[2024-08-29T23:17:45.370+0800] GC(67) Encountered references: Soft: 178, Weak: 297, Final: 0, Phantom: 5
[2024-08-29T23:17:45.370+0800] GC(67) Discovered  references: Soft: 0, Weak: 113, Final: 0, Phantom: 3
[2024-08-29T23:17:45.370+0800] GC(67) Enqueued    references: Soft: 0, Weak: 0, Final: 0, Phantom: 0
[2024-08-29T23:17:45.370+0800] GC(67) Concurrent weak references 0.104ms
[2024-08-29T23:17:45.370+0800] GC(67) Concurrent weak roots
[2024-08-29T23:17:45.370+0800] GC(67) Using 2 of 4 workers for concurrent weak root
[2024-08-29T23:17:45.370+0800] GC(67) Concurrent weak roots 0.238ms
[2024-08-29T23:17:45.370+0800] GC(67) Concurrent cleanup
[2024-08-29T23:17:45.370+0800] GC(67) Concurrent cleanup 1525M->1042M(2048M) 0.062ms
[2024-08-29T23:17:45.370+0800] GC(67) Free: 743M, Max: 1024K regular, 121M humongous, Frag: 84% external, 1% internal; Reserve: 103M, Max: 1024K
[2024-08-29T23:17:45.370+0800] GC(67) Concurrent class unloading
[2024-08-29T23:17:45.370+0800] GC(67) Using 2 of 4 workers for concurrent class unloading
[2024-08-29T23:17:45.371+0800] GC(67) Concurrent class unloading 0.620ms
[2024-08-29T23:17:45.371+0800] GC(67) Pause Final Roots
[2024-08-29T23:17:45.371+0800] GC(67) Pause Final Roots 0.011ms
[2024-08-29T23:17:45.371+0800] Free: 743M, Max: 1024K regular, 121M humongous, Frag: 84% external, 1% internal; Reserve: 103M, Max: 1024K
[2024-08-29T23:17:45.371+0800] 
[2024-08-29T23:17:45.371+0800] All times are wall-clock times, except per-root-class counters, that are sum over
[2024-08-29T23:17:45.371+0800] all workers. Dividing the <total> over the root stage time estimates parallelism.
[2024-08-29T23:17:45.371+0800] 
[2024-08-29T23:17:45.371+0800] Concurrent Reset                   5496 us
[2024-08-29T23:17:45.371+0800] Pause Init Mark (G)                1109 us
[2024-08-29T23:17:45.371+0800] Pause Init Mark (N)                 294 us
[2024-08-29T23:17:45.371+0800]   Update Region States              235 us
[2024-08-29T23:17:45.371+0800] Concurrent Mark Roots               242 us, parallelism: 1.19x
[2024-08-29T23:17:45.371+0800]   CMR: <total>                      289 us
[2024-08-29T23:17:45.371+0800]   CMR: Thread Roots                 199 us, workers (us):  61, 137, ---, ---, 
[2024-08-29T23:17:45.371+0800]   CMR: VM Strong Roots               13 us, workers (us):  13,   0, ---, ---, 
[2024-08-29T23:17:45.371+0800]   CMR: CLDG Roots                    77 us, workers (us):  77, ---, ---, ---, 
[2024-08-29T23:17:45.371+0800] Concurrent Marking                 1950 us
[2024-08-29T23:17:45.371+0800] Pause Final Mark (G)                648 us
[2024-08-29T23:17:45.371+0800] Pause Final Mark (N)                500 us
[2024-08-29T23:17:45.371+0800]   Finish Mark                       317 us
[2024-08-29T23:17:45.371+0800]   Update Region States               50 us
[2024-08-29T23:17:45.371+0800]   Choose Collection Set              93 us
[2024-08-29T23:17:45.371+0800]   Rebuild Free Set                    9 us
[2024-08-29T23:17:45.371+0800] Concurrent Weak References          110 us, parallelism: 0.07x
[2024-08-29T23:17:45.371+0800]   CWRF: <total>                       8 us
[2024-08-29T23:17:45.371+0800]   CWRF: Weak References               8 us, workers (us):   7,   0, ---, ---, 
[2024-08-29T23:17:45.371+0800] Concurrent Weak Roots               248 us
[2024-08-29T23:17:45.371+0800]   Roots                             166 us, parallelism: 1.55x
[2024-08-29T23:17:45.371+0800]     CWR: <total>                    257 us
[2024-08-29T23:17:45.371+0800]     CWR: Code Cache Roots           211 us, workers (us): 113,  98, ---, ---, 
[2024-08-29T23:17:45.371+0800]     CWR: VM Weak Roots               44 us, workers (us):  25,  19, ---, ---, 
[2024-08-29T23:17:45.371+0800]     CWR: CLDG Roots                   2 us, workers (us): ---,   2, ---, ---, 
[2024-08-29T23:17:45.371+0800]   Rendezvous                         62 us
[2024-08-29T23:17:45.371+0800] Concurrent Cleanup                   67 us
[2024-08-29T23:17:45.371+0800] Concurrent Class Unloading          632 us
[2024-08-29T23:17:45.371+0800]   Unlink Stale                      503 us
[2024-08-29T23:17:45.371+0800]     System Dictionary                 2 us
[2024-08-29T23:17:45.371+0800]     Weak Class Links                  0 us
[2024-08-29T23:17:45.371+0800]     Code Roots                      500 us
[2024-08-29T23:17:45.371+0800]   Rendezvous                         65 us
[2024-08-29T23:17:45.371+0800]   Purge Unlinked                     42 us
[2024-08-29T23:17:45.371+0800]     Code Roots                       30 us
[2024-08-29T23:17:45.371+0800]     CLDG                             11 us
[2024-08-29T23:17:45.371+0800]     Exception Caches                  0 us
[2024-08-29T23:17:45.371+0800] Pause Final Roots (G)                70 us
[2024-08-29T23:17:45.371+0800] Pause Final Roots (N)                17 us
[2024-08-29T23:17:45.371+0800] 
[2024-08-29T23:17:45.371+0800] Allocation pacing accrued:
[2024-08-29T23:17:45.371+0800]       0 of   233 ms (  0.0%): <total>
[2024-08-29T23:17:45.371+0800]       0 of   233 ms (  0.0%): <average total>
[2024-08-29T23:17:45.371+0800] 
[2024-08-29T23:17:45.371+0800] Metaspace: 1648K(1792K)->1648K(1792K) NonClass: 1529K(1600K)->1529K(1600K) Class: 119K(192K)->119K(192K)
[2024-08-29T23:17:45.371+0800] Pacer for Idle. Initial: 41943K, Alloc Tax Rate: 1.0x
[2024-08-29T23:17:45.559+0800] Trigger: Free (204M) is below minimum threshold (204M)
[2024-08-29T23:17:45.559+0800] Free: 204M, Max: 1024K regular, 121M humongous, Frag: 41% external, 0% internal; Reserve: 103M, Max: 1024K
[2024-08-29T23:17:45.559+0800] GC(68) Concurrent reset
[2024-08-29T23:17:45.559+0800] GC(68) Using 2 of 4 workers for concurrent reset
[2024-08-29T23:17:45.559+0800] GC(68) Pacer for Reset. Non-Taxable: 2048M
[2024-08-29T23:17:45.565+0800] GC(68) Concurrent reset 5.623ms
[2024-08-29T23:17:45.565+0800] GC(68) Pause Init Mark (unload classes)
[2024-08-29T23:17:45.565+0800] GC(68) Using 4 of 4 workers for init marking
[2024-08-29T23:17:45.565+0800] GC(68) Pacer for Mark. Expected Live: 961M, Free: 189M, Non-Taxable: 19416K, Alloc Tax Rate: 6.2x
[2024-08-29T23:17:45.565+0800] GC(68) Pause Init Mark (unload classes) 0.108ms
[2024-08-29T23:17:45.565+0800] GC(68) Concurrent marking roots
[2024-08-29T23:17:45.565+0800] GC(68) Using 2 of 4 workers for concurrent marking roots
[2024-08-29T23:17:45.565+0800] GC(68) Concurrent marking roots 0.331ms
[2024-08-29T23:17:45.565+0800] GC(68) Concurrent marking (unload classes)
[2024-08-29T23:17:45.565+0800] GC(68) Using 2 of 4 workers for concurrent marking
[2024-08-29T23:17:45.568+0800] GC(68) Concurrent marking (unload classes) 2.480ms
[2024-08-29T23:17:45.569+0800] GC(68) Pause Final Mark (unload classes)
[2024-08-29T23:17:45.569+0800] GC(68) Using 4 of 4 workers for final marking
[2024-08-29T23:17:45.569+0800] GC(68) Adaptive CSet Selection. Target Free: 290M, Actual Free: 648M, Max CSet: 87381K, Min Garbage: 0B
[2024-08-29T23:17:45.569+0800] GC(68) Collectable Garbage: 415M (99%), Immediate: 368M (88%), CSet: 47499K (11%)
[2024-08-29T23:17:45.569+0800] GC(68) Pacer for Evacuation. Used CSet: 51200K, Free: 615M, Non-Taxable: 63034K, Alloc Tax Rate: 1.1x
[2024-08-29T23:17:45.569+0800] GC(68) Pause Final Mark (unload classes) 0.333ms
[2024-08-29T23:17:45.569+0800] GC(68) Concurrent thread roots
[2024-08-29T23:17:45.569+0800] GC(68) Using 2 of 4 workers for Concurrent thread roots
[2024-08-29T23:17:45.569+0800] GC(68) Concurrent thread roots 0.239ms
[2024-08-29T23:17:45.569+0800] GC(68) Concurrent weak references
[2024-08-29T23:17:45.569+0800] GC(68) Using 2 of 4 workers for concurrent weak references
[2024-08-29T23:17:45.570+0800] GC(68) Encountered references: Soft: 178, Weak: 297, Final: 0, Phantom: 5
[2024-08-29T23:17:45.570+0800] GC(68) Discovered  references: Soft: 0, Weak: 113, Final: 0, Phantom: 3
[2024-08-29T23:17:45.570+0800] GC(68) Enqueued    references: Soft: 0, Weak: 0, Final: 0, Phantom: 0
[2024-08-29T23:17:45.570+0800] GC(68) Concurrent weak references 0.113ms
[2024-08-29T23:17:45.570+0800] GC(68) Concurrent weak roots
[2024-08-29T23:17:45.570+0800] GC(68) Using 2 of 4 workers for concurrent weak root
[2024-08-29T23:17:45.571+0800] GC(68) Concurrent weak roots 1.427ms
[2024-08-29T23:17:45.571+0800] GC(68) Concurrent cleanup
[2024-08-29T23:17:45.571+0800] GC(68) Concurrent cleanup 1535M->1166M(2048M) 0.070ms
[2024-08-29T23:17:45.571+0800] GC(68) Free: 603M, Max: 1024K regular, 121M humongous, Frag: 80% external, 1% internal; Reserve: 102M, Max: 1024K
[2024-08-29T23:17:45.571+0800] GC(68) Concurrent class unloading
[2024-08-29T23:17:45.571+0800] GC(68) Using 2 of 4 workers for concurrent class unloading
[2024-08-29T23:17:45.572+0800] GC(68) Concurrent class unloading 0.922ms
[2024-08-29T23:17:45.572+0800] GC(68) Concurrent strong roots
[2024-08-29T23:17:45.572+0800] GC(68) Using 2 of 4 workers for concurrent strong root
[2024-08-29T23:17:45.572+0800] GC(68) Concurrent strong roots 0.379ms
[2024-08-29T23:17:45.572+0800] GC(68) Concurrent evacuation
[2024-08-29T23:17:45.572+0800] GC(68) Using 2 of 4 workers for concurrent evacuation
[2024-08-29T23:17:45.574+0800] GC(68) Concurrent evacuation 1.826ms
[2024-08-29T23:17:45.575+0800] GC(68) Pause Init Update Refs
[2024-08-29T23:17:45.575+0800] GC(68) Pacer for Update Refs. Used: 1177M, Free: 596M, Non-Taxable: 61126K, Alloc Tax Rate: 2.4x
[2024-08-29T23:17:45.575+0800] GC(68) Pause Init Update Refs 0.024ms
[2024-08-29T23:17:45.575+0800] GC(68) Concurrent update references
[2024-08-29T23:17:45.575+0800] GC(68) Using 2 of 4 workers for concurrent reference update
[2024-08-29T23:17:45.578+0800] GC(68) Concurrent update references 2.437ms
[2024-08-29T23:17:45.578+0800] GC(68) Concurrent update thread roots
[2024-08-29T23:17:45.578+0800] GC(68) Concurrent update thread roots 0.249ms
[2024-08-29T23:17:45.578+0800] GC(68) Pause Final Update Refs
[2024-08-29T23:17:45.578+0800] GC(68) Using 4 of 4 workers for final reference update
[2024-08-29T23:17:45.578+0800] GC(68) Pause Final Update Refs 0.100ms
[2024-08-29T23:17:45.578+0800] GC(68) Concurrent cleanup
[2024-08-29T23:17:45.578+0800] GC(68) Concurrent cleanup 1181M->1131M(2048M) 0.068ms
[2024-08-29T23:17:45.578+0800] Free: 637M, Max: 1024K regular, 115M humongous, Frag: 82% external, 1% internal; Reserve: 103M, Max: 1024K
[2024-08-29T23:17:45.578+0800] 
[2024-08-29T23:17:45.578+0800] All times are wall-clock times, except per-root-class counters, that are sum over
[2024-08-29T23:17:45.578+0800] all workers. Dividing the <total> over the root stage time estimates parallelism.
[2024-08-29T23:17:45.578+0800] 
[2024-08-29T23:17:45.578+0800] Concurrent Reset                   5676 us
[2024-08-29T23:17:45.578+0800] Pause Init Mark (G)                 207 us
[2024-08-29T23:17:45.578+0800] Pause Init Mark (N)                 115 us
[2024-08-29T23:17:45.578+0800]   Update Region States               67 us
[2024-08-29T23:17:45.578+0800] Concurrent Mark Roots               342 us, parallelism: 0.69x
[2024-08-29T23:17:45.578+0800]   CMR: <total>                      237 us
[2024-08-29T23:17:45.578+0800]   CMR: Thread Roots                 189 us, workers (us): 189,   0, ---, ---, 
[2024-08-29T23:17:45.578+0800]   CMR: VM Strong Roots                5 us, workers (us):   5,   0, ---, ---, 
[2024-08-29T23:17:45.578+0800]   CMR: CLDG Roots                    42 us, workers (us):  42, ---, ---, ---, 
[2024-08-29T23:17:45.578+0800] Concurrent Marking                 2523 us
[2024-08-29T23:17:45.578+0800] Pause Final Mark (G)               1456 us
[2024-08-29T23:17:45.578+0800] Pause Final Mark (N)                339 us
[2024-08-29T23:17:45.578+0800]   Finish Mark                       130 us
[2024-08-29T23:17:45.578+0800]   Update Region States               57 us
[2024-08-29T23:17:45.578+0800]   Choose Collection Set             100 us
[2024-08-29T23:17:45.578+0800]   Rebuild Free Set                    9 us
[2024-08-29T23:17:45.578+0800] Concurrent Thread Roots             253 us, parallelism: 0.59x
[2024-08-29T23:17:45.578+0800]   CTR: <total>                      150 us
[2024-08-29T23:17:45.578+0800]   CTR: Thread Roots                 150 us, workers (us): 150,   0, ---, ---, 
[2024-08-29T23:17:45.578+0800] Concurrent Weak References          118 us, parallelism: 0.21x
[2024-08-29T23:17:45.578+0800]   CWRF: <total>                      24 us
[2024-08-29T23:17:45.578+0800]   CWRF: Weak References              24 us, workers (us):  21,   3, ---, ---, 
[2024-08-29T23:17:45.578+0800] Concurrent Weak Roots              1442 us
[2024-08-29T23:17:45.578+0800]   Roots                             548 us, parallelism: 0.87x
[2024-08-29T23:17:45.578+0800]     CWR: <total>                    480 us
[2024-08-29T23:17:45.578+0800]     CWR: Code Cache Roots           244 us, workers (us): 244,   0, ---, ---, 
[2024-08-29T23:17:45.578+0800]     CWR: VM Weak Roots              233 us, workers (us): 233,   0, ---, ---, 
[2024-08-29T23:17:45.578+0800]     CWR: CLDG Roots                   3 us, workers (us):   3, ---, ---, ---, 
[2024-08-29T23:17:45.578+0800]   Rendezvous                        856 us
[2024-08-29T23:17:45.578+0800] Concurrent Cleanup                   77 us
[2024-08-29T23:17:45.578+0800] Concurrent Class Unloading          938 us
[2024-08-29T23:17:45.578+0800]   Unlink Stale                      750 us
[2024-08-29T23:17:45.578+0800]     System Dictionary                 2 us
[2024-08-29T23:17:45.578+0800]     Weak Class Links                  0 us
[2024-08-29T23:17:45.578+0800]     Code Roots                      747 us
[2024-08-29T23:17:45.578+0800]   Rendezvous                         69 us
[2024-08-29T23:17:45.578+0800]   Purge Unlinked                     91 us
[2024-08-29T23:17:45.578+0800]     Code Roots                       78 us
[2024-08-29T23:17:45.578+0800]     CLDG                             13 us
[2024-08-29T23:17:45.578+0800]     Exception Caches                  0 us
[2024-08-29T23:17:45.578+0800] Concurrent Strong Roots             418 us, parallelism: 0.76x
[2024-08-29T23:17:45.578+0800]   CSR: <total>                      318 us
[2024-08-29T23:17:45.578+0800]   CSR: VM Strong Roots               27 us, workers (us):  17,  10, ---, ---, 
[2024-08-29T23:17:45.578+0800]   CSR: CLDG Roots                   291 us, workers (us): 291, ---, ---, ---, 
[2024-08-29T23:17:45.578+0800] Concurrent Evacuation              1846 us
[2024-08-29T23:17:45.578+0800] Pause Init Update Refs (G)          820 us
[2024-08-29T23:17:45.578+0800] Pause Init Update Refs (N)           29 us
[2024-08-29T23:17:45.578+0800]   Manage GCLABs                       3 us
[2024-08-29T23:17:45.578+0800] Concurrent Update Refs             2486 us
[2024-08-29T23:17:45.578+0800] Concurrent Update Thread Roots      263 us
[2024-08-29T23:17:45.578+0800] Pause Final Update Refs (G)         173 us
[2024-08-29T23:17:45.578+0800] Pause Final Update Refs (N)         109 us
[2024-08-29T23:17:45.578+0800]   Update Region States               69 us
[2024-08-29T23:17:45.578+0800]   Trash Collection Set                2 us
[2024-08-29T23:17:45.578+0800]   Rebuild Free Set                    8 us
[2024-08-29T23:17:45.578+0800] Concurrent Cleanup                   75 us
[2024-08-29T23:17:45.578+0800] 
[2024-08-29T23:17:45.578+0800] Allocation pacing accrued:
[2024-08-29T23:17:45.578+0800]       0 of   207 ms (  0.0%): <total>
[2024-08-29T23:17:45.578+0800]       0 of   207 ms (  0.0%): <average total>
[2024-08-29T23:17:45.578+0800] 
[2024-08-29T23:17:45.579+0800] Metaspace: 1648K(1792K)->1648K(1792K) NonClass: 1529K(1600K)->1529K(1600K) Class: 119K(192K)->119K(192K)
[2024-08-29T23:17:45.579+0800] Pacer for Idle. Initial: 41943K, Alloc Tax Rate: 1.0x
[2024-08-29T23:17:45.733+0800] Trigger: Free (200M) is below minimum threshold (204M)
[2024-08-29T23:17:45.733+0800] Free: 200M, Max: 1024K regular, 115M humongous, Frag: 43% external, 0% internal; Reserve: 103M, Max: 1024K
[2024-08-29T23:17:45.733+0800] GC(69) Concurrent reset
[2024-08-29T23:17:45.733+0800] GC(69) Using 2 of 4 workers for concurrent reset
[2024-08-29T23:17:45.733+0800] GC(69) Pacer for Reset. Non-Taxable: 2048M
[2024-08-29T23:17:45.737+0800] GC(69) Concurrent reset 4.725ms
[2024-08-29T23:17:45.738+0800] GC(69) Pause Init Mark (unload classes)
[2024-08-29T23:17:45.738+0800] GC(69) Using 4 of 4 workers for init marking
[2024-08-29T23:17:45.738+0800] GC(69) Pacer for Mark. Expected Live: 990M, Free: 197M, Non-Taxable: 20253K, Alloc Tax Rate: 6.1x
[2024-08-29T23:17:45.738+0800] GC(69) Pause Init Mark (unload classes) 0.134ms
[2024-08-29T23:17:45.738+0800] GC(69) Concurrent marking roots
[2024-08-29T23:17:45.738+0800] GC(69) Using 2 of 4 workers for concurrent marking roots
[2024-08-29T23:17:45.738+0800] GC(69) Concurrent marking roots 0.341ms
[2024-08-29T23:17:45.738+0800] GC(69) Concurrent marking (unload classes)
[2024-08-29T23:17:45.738+0800] GC(69) Using 2 of 4 workers for concurrent marking
[2024-08-29T23:17:45.741+0800] GC(69) Concurrent marking (unload classes) 2.617ms
[2024-08-29T23:17:45.741+0800] GC(69) Pause Final Mark (unload classes)
[2024-08-29T23:17:45.741+0800] GC(69) Using 4 of 4 workers for final marking
[2024-08-29T23:17:45.741+0800] GC(69) Collectable Garbage: 371M (99%), Immediate: 371M (99%), CSet: 0B (0%)
[2024-08-29T23:17:45.741+0800] GC(69) Pause Final Mark (unload classes) 0.275ms
[2024-08-29T23:17:45.741+0800] GC(69) Concurrent weak references
[2024-08-29T23:17:45.741+0800] GC(69) Using 2 of 4 workers for concurrent weak references
[2024-08-29T23:17:45.741+0800] GC(69) Encountered references: Soft: 178, Weak: 297, Final: 0, Phantom: 5
[2024-08-29T23:17:45.741+0800] GC(69) Discovered  references: Soft: 0, Weak: 103, Final: 0, Phantom: 5
[2024-08-29T23:17:45.741+0800] GC(69) Enqueued    references: Soft: 0, Weak: 0, Final: 0, Phantom: 0
[2024-08-29T23:17:45.741+0800] GC(69) Concurrent weak references 0.088ms
[2024-08-29T23:17:45.741+0800] GC(69) Concurrent weak roots
[2024-08-29T23:17:45.741+0800] GC(69) Using 2 of 4 workers for concurrent weak root
[2024-08-29T23:17:45.742+0800] GC(69) Concurrent weak roots 0.323ms
[2024-08-29T23:17:45.742+0800] GC(69) Concurrent cleanup
[2024-08-29T23:17:45.742+0800] GC(69) Concurrent cleanup 1516M->1148M(2048M) 0.084ms
[2024-08-29T23:17:45.742+0800] GC(69) Free: 618M, Max: 1024K regular, 124M humongous, Frag: 80% external, 2% internal; Reserve: 103M, Max: 1024K
[2024-08-29T23:17:45.742+0800] GC(69) Concurrent class unloading
[2024-08-29T23:17:45.742+0800] GC(69) Using 2 of 4 workers for concurrent class unloading
[2024-08-29T23:17:45.743+0800] GC(69) Concurrent class unloading 1.146ms
[2024-08-29T23:17:45.743+0800] GC(69) Pause Final Roots
[2024-08-29T23:17:45.743+0800] GC(69) Pause Final Roots 0.015ms
[2024-08-29T23:17:45.743+0800] Free: 618M, Max: 1024K regular, 124M humongous, Frag: 80% external, 2% internal; Reserve: 103M, Max: 1024K
[2024-08-29T23:17:45.743+0800] 
[2024-08-29T23:17:45.743+0800] All times are wall-clock times, except per-root-class counters, that are sum over
[2024-08-29T23:17:45.743+0800] all workers. Dividing the <total> over the root stage time estimates parallelism.
[2024-08-29T23:17:45.743+0800] 
[2024-08-29T23:17:45.743+0800] Concurrent Reset                   4774 us
[2024-08-29T23:17:45.743+0800] Pause Init Mark (G)                 228 us
[2024-08-29T23:17:45.743+0800] Pause Init Mark (N)                 141 us
[2024-08-29T23:17:45.743+0800]   Update Region States               70 us
[2024-08-29T23:17:45.743+0800] Concurrent Mark Roots               361 us, parallelism: 1.30x
[2024-08-29T23:17:45.743+0800]   CMR: <total>                      470 us
[2024-08-29T23:17:45.743+0800]   CMR: Thread Roots                 251 us, workers (us):  74, 177, ---, ---, 
[2024-08-29T23:17:45.743+0800]   CMR: VM Strong Roots              115 us, workers (us):  62,  53, ---, ---, 
[2024-08-29T23:17:45.743+0800]   CMR: CLDG Roots                   104 us, workers (us): 104, ---, ---, ---, 
[2024-08-29T23:17:45.743+0800] Concurrent Marking                 2636 us
[2024-08-29T23:17:45.743+0800] Pause Final Mark (G)                351 us
[2024-08-29T23:17:45.743+0800] Pause Final Mark (N)                282 us
[2024-08-29T23:17:45.743+0800]   Finish Mark                       118 us
[2024-08-29T23:17:45.743+0800]   Update Region States               45 us
[2024-08-29T23:17:45.743+0800]   Choose Collection Set              77 us
[2024-08-29T23:17:45.743+0800]   Rebuild Free Set                    9 us
[2024-08-29T23:17:45.743+0800] Concurrent Weak References           95 us, parallelism: 0.04x
[2024-08-29T23:17:45.743+0800]   CWRF: <total>                       4 us
[2024-08-29T23:17:45.743+0800]   CWRF: Weak References               4 us, workers (us):   4,   0, ---, ---, 
[2024-08-29T23:17:45.743+0800] Concurrent Weak Roots               339 us
[2024-08-29T23:17:45.743+0800]   Roots                             232 us, parallelism: 1.43x
[2024-08-29T23:17:45.743+0800]     CWR: <total>                    332 us
[2024-08-29T23:17:45.743+0800]     CWR: Code Cache Roots           282 us, workers (us): 141, 141, ---, ---, 
[2024-08-29T23:17:45.743+0800]     CWR: VM Weak Roots               48 us, workers (us):  29,  20, ---, ---, 
[2024-08-29T23:17:45.743+0800]     CWR: CLDG Roots                   2 us, workers (us):   2, ---, ---, ---, 
[2024-08-29T23:17:45.743+0800]   Rendezvous                         80 us
[2024-08-29T23:17:45.743+0800] Concurrent Cleanup                   93 us
[2024-08-29T23:17:45.743+0800] Concurrent Class Unloading         1165 us
[2024-08-29T23:17:45.743+0800]   Unlink Stale                      959 us
[2024-08-29T23:17:45.743+0800]     System Dictionary                 3 us
[2024-08-29T23:17:45.743+0800]     Weak Class Links                  0 us
[2024-08-29T23:17:45.743+0800]     Code Roots                      955 us
[2024-08-29T23:17:45.743+0800]   Rendezvous                         87 us
[2024-08-29T23:17:45.743+0800]   Purge Unlinked                     88 us
[2024-08-29T23:17:45.743+0800]     Code Roots                       73 us
[2024-08-29T23:17:45.743+0800]     CLDG                             14 us
[2024-08-29T23:17:45.743+0800]     Exception Caches                  0 us
[2024-08-29T23:17:45.743+0800] Pause Final Roots (G)                89 us
[2024-08-29T23:17:45.743+0800] Pause Final Roots (N)                22 us
[2024-08-29T23:17:45.743+0800] 
[2024-08-29T23:17:45.743+0800] Allocation pacing accrued:
[2024-08-29T23:17:45.743+0800]       0 of   165 ms (  0.0%): <total>
[2024-08-29T23:17:45.743+0800]       0 of   165 ms (  0.0%): <average total>
[2024-08-29T23:17:45.743+0800] 
[2024-08-29T23:17:45.743+0800] Metaspace: 1648K(1792K)->1648K(1792K) NonClass: 1529K(1600K)->1529K(1600K) Class: 119K(192K)->119K(192K)
[2024-08-29T23:17:45.743+0800] Pacer for Idle. Initial: 41943K, Alloc Tax Rate: 1.0x
[2024-08-29T23:17:45.902+0800] Trigger: Free (203M) is below minimum threshold (204M)
[2024-08-29T23:17:45.902+0800] Free: 200M, Max: 1024K regular, 124M humongous, Frag: 38% external, 0% internal; Reserve: 103M, Max: 1024K
[2024-08-29T23:17:45.902+0800] GC(70) Concurrent reset
[2024-08-29T23:17:45.902+0800] GC(70) Using 2 of 4 workers for concurrent reset
[2024-08-29T23:17:45.902+0800] GC(70) Pacer for Reset. Non-Taxable: 2048M
[2024-08-29T23:17:45.906+0800] GC(70) Concurrent reset 4.135ms
[2024-08-29T23:17:45.907+0800] GC(70) Pause Init Mark (unload classes)
[2024-08-29T23:17:45.907+0800] GC(70) Using 4 of 4 workers for init marking
[2024-08-29T23:17:45.907+0800] GC(70) Pacer for Mark. Expected Live: 1027M, Free: 200M, Non-Taxable: 20483K, Alloc Tax Rate: 6.3x
[2024-08-29T23:17:45.907+0800] GC(70) Pause Init Mark (unload classes) 0.079ms
[2024-08-29T23:17:45.907+0800] GC(70) Concurrent marking roots
[2024-08-29T23:17:45.907+0800] GC(70) Using 2 of 4 workers for concurrent marking roots
[2024-08-29T23:17:45.907+0800] GC(70) Concurrent marking roots 0.211ms
[2024-08-29T23:17:45.907+0800] GC(70) Concurrent marking (unload classes)
[2024-08-29T23:17:45.907+0800] GC(70) Using 2 of 4 workers for concurrent marking
[2024-08-29T23:17:45.908+0800] GC(70) Concurrent marking (unload classes) 1.615ms
[2024-08-29T23:17:45.908+0800] GC(70) Pause Final Mark (unload classes)
[2024-08-29T23:17:45.908+0800] GC(70) Using 4 of 4 workers for final marking
[2024-08-29T23:17:45.909+0800] GC(70) Collectable Garbage: 354M (98%), Immediate: 354M (98%), CSet: 0B (0%)
[2024-08-29T23:17:45.909+0800] GC(70) Pause Final Mark (unload classes) 0.300ms
[2024-08-29T23:17:45.909+0800] GC(70) Concurrent weak references
[2024-08-29T23:17:45.909+0800] GC(70) Using 2 of 4 workers for concurrent weak references
[2024-08-29T23:17:45.909+0800] GC(70) Encountered references: Soft: 178, Weak: 297, Final: 0, Phantom: 5
[2024-08-29T23:17:45.909+0800] GC(70) Discovered  references: Soft: 0, Weak: 113, Final: 0, Phantom: 5
[2024-08-29T23:17:45.909+0800] GC(70) Enqueued    references: Soft: 0, Weak: 0, Final: 0, Phantom: 0
[2024-08-29T23:17:45.909+0800] GC(70) Concurrent weak references 0.071ms
[2024-08-29T23:17:45.909+0800] GC(70) Concurrent weak roots
[2024-08-29T23:17:45.909+0800] GC(70) Using 2 of 4 workers for concurrent weak root
[2024-08-29T23:17:45.909+0800] GC(70) Concurrent weak roots 0.281ms
[2024-08-29T23:17:45.909+0800] GC(70) Concurrent cleanup
[2024-08-29T23:17:45.909+0800] GC(70) Concurrent cleanup 1507M->1153M(2048M) 0.069ms
[2024-08-29T23:17:45.909+0800] GC(70) Free: 611M, Max: 1024K regular, 134M humongous, Frag: 78% external, 2% internal; Reserve: 103M, Max: 1024K
[2024-08-29T23:17:45.909+0800] GC(70) Concurrent class unloading
[2024-08-29T23:17:45.909+0800] GC(70) Using 2 of 4 workers for concurrent class unloading
[2024-08-29T23:17:45.911+0800] GC(70) Concurrent class unloading 1.972ms
[2024-08-29T23:17:45.911+0800] GC(70) Pause Final Roots
[2024-08-29T23:17:45.911+0800] GC(70) Pause Final Roots 0.015ms
[2024-08-29T23:17:45.911+0800] Free: 603M, Max: 1024K regular, 134M humongous, Frag: 78% external, 2% internal; Reserve: 103M, Max: 1024K
[2024-08-29T23:17:45.911+0800] 
[2024-08-29T23:17:45.911+0800] All times are wall-clock times, except per-root-class counters, that are sum over
[2024-08-29T23:17:45.911+0800] all workers. Dividing the <total> over the root stage time estimates parallelism.
[2024-08-29T23:17:45.911+0800] 
[2024-08-29T23:17:45.911+0800] Concurrent Reset                   4207 us
[2024-08-29T23:17:45.911+0800] Pause Init Mark (G)                 144 us
[2024-08-29T23:17:45.911+0800] Pause Init Mark (N)                  86 us
[2024-08-29T23:17:45.911+0800]   Update Region States               46 us
[2024-08-29T23:17:45.911+0800] Concurrent Mark Roots               223 us, parallelism: 1.16x
[2024-08-29T23:17:45.911+0800]   CMR: <total>                      258 us
[2024-08-29T23:17:45.911+0800]   CMR: Thread Roots                 211 us, workers (us):  86, 125, ---, ---, 
[2024-08-29T23:17:45.911+0800]   CMR: VM Strong Roots                4 us, workers (us):   3,   0, ---, ---, 
[2024-08-29T23:17:45.911+0800]   CMR: CLDG Roots                    44 us, workers (us):  44, ---, ---, ---, 
[2024-08-29T23:17:45.911+0800] Concurrent Marking                 1633 us
[2024-08-29T23:17:45.911+0800] Pause Final Mark (G)                340 us
[2024-08-29T23:17:45.911+0800] Pause Final Mark (N)                307 us
[2024-08-29T23:17:45.912+0800]   Finish Mark                       143 us
[2024-08-29T23:17:45.912+0800]   Update Region States               59 us
[2024-08-29T23:17:45.912+0800]   Choose Collection Set              74 us
[2024-08-29T23:17:45.912+0800]   Rebuild Free Set                    9 us
[2024-08-29T23:17:45.912+0800] Concurrent Weak References           76 us, parallelism: 0.05x
[2024-08-29T23:17:45.912+0800]   CWRF: <total>                       4 us
[2024-08-29T23:17:45.912+0800]   CWRF: Weak References               4 us, workers (us):   4,   0, ---, ---, 
[2024-08-29T23:17:45.912+0800] Concurrent Weak Roots               293 us
[2024-08-29T23:17:45.912+0800]   Roots                             239 us, parallelism: 1.37x
[2024-08-29T23:17:45.912+0800]     CWR: <total>                    328 us
[2024-08-29T23:17:45.912+0800]     CWR: Code Cache Roots           281 us, workers (us): 144, 137, ---, ---, 
[2024-08-29T23:17:45.912+0800]     CWR: VM Weak Roots               45 us, workers (us):  29,  16, ---, ---, 
[2024-08-29T23:17:45.912+0800]     CWR: CLDG Roots                   2 us, workers (us): ---,   2, ---, ---, 
[2024-08-29T23:17:45.912+0800]   Rendezvous                         32 us
[2024-08-29T23:17:45.912+0800] Concurrent Cleanup                   75 us
[2024-08-29T23:17:45.912+0800] Concurrent Class Unloading         1994 us
[2024-08-29T23:17:45.912+0800]   Unlink Stale                     1579 us
[2024-08-29T23:17:45.912+0800]     System Dictionary                 2 us
[2024-08-29T23:17:45.912+0800]     Weak Class Links                  0 us
[2024-08-29T23:17:45.912+0800]     Code Roots                     1576 us
[2024-08-29T23:17:45.912+0800]   Rendezvous                        298 us
[2024-08-29T23:17:45.912+0800]   Purge Unlinked                     83 us
[2024-08-29T23:17:45.912+0800]     Code Roots                       71 us
[2024-08-29T23:17:45.912+0800]     CLDG                             12 us
[2024-08-29T23:17:45.912+0800]     Exception Caches                  0 us
[2024-08-29T23:17:45.912+0800] Pause Final Roots (G)               110 us
[2024-08-29T23:17:45.912+0800] Pause Final Roots (N)                22 us
[2024-08-29T23:17:45.912+0800] 
[2024-08-29T23:17:45.912+0800] Allocation pacing accrued:
[2024-08-29T23:17:45.912+0800]       0 of   168 ms (  0.0%): <total>
[2024-08-29T23:17:45.912+0800]       0 of   168 ms (  0.0%): <average total>
[2024-08-29T23:17:45.912+0800] 
[2024-08-29T23:17:45.912+0800] Metaspace: 1648K(1792K)->1648K(1792K) NonClass: 1529K(1600K)->1529K(1600K) Class: 119K(192K)->119K(192K)
[2024-08-29T23:17:45.912+0800] Pacer for Idle. Initial: 41943K, Alloc Tax Rate: 1.0x
[2024-08-29T23:17:46.078+0800] Trigger: Free (201M) is below minimum threshold (204M)
[2024-08-29T23:17:46.078+0800] Free: 201M, Max: 1024K regular, 134M humongous, Frag: 33% external, 1% internal; Reserve: 103M, Max: 1024K
[2024-08-29T23:17:46.078+0800] GC(71) Concurrent reset
[2024-08-29T23:17:46.078+0800] GC(71) Using 2 of 4 workers for concurrent reset
[2024-08-29T23:17:46.078+0800] GC(71) Pacer for Reset. Non-Taxable: 2048M
[2024-08-29T23:17:46.082+0800] GC(71) Concurrent reset 4.332ms
[2024-08-29T23:17:46.082+0800] GC(71) Pause Init Mark (unload classes)
[2024-08-29T23:17:46.082+0800] GC(71) Using 4 of 4 workers for init marking
[2024-08-29T23:17:46.082+0800] GC(71) Pacer for Mark. Expected Live: 1065M, Free: 196M, Non-Taxable: 20074K, Alloc Tax Rate: 6.6x
[2024-08-29T23:17:46.082+0800] GC(71) Pause Init Mark (unload classes) 0.094ms
[2024-08-29T23:17:46.083+0800] GC(71) Concurrent marking roots
[2024-08-29T23:17:46.083+0800] GC(71) Using 2 of 4 workers for concurrent marking roots
[2024-08-29T23:17:46.083+0800] GC(71) Concurrent marking roots 0.233ms
[2024-08-29T23:17:46.083+0800] GC(71) Concurrent marking (unload classes)
[2024-08-29T23:17:46.083+0800] GC(71) Using 2 of 4 workers for concurrent marking
[2024-08-29T23:17:46.084+0800] GC(71) Concurrent marking (unload classes) 1.545ms
[2024-08-29T23:17:46.084+0800] GC(71) Pause Final Mark (unload classes)
[2024-08-29T23:17:46.084+0800] GC(71) Using 4 of 4 workers for final marking
[2024-08-29T23:17:46.085+0800] GC(71) Collectable Garbage: 369M (98%), Immediate: 369M (98%), CSet: 0B (0%)
[2024-08-29T23:17:46.085+0800] GC(71) Pause Final Mark (unload classes) 0.271ms
[2024-08-29T23:17:46.085+0800] GC(71) Concurrent weak references
[2024-08-29T23:17:46.085+0800] GC(71) Using 2 of 4 workers for concurrent weak references
[2024-08-29T23:17:46.085+0800] GC(71) Encountered references: Soft: 178, Weak: 297, Final: 0, Phantom: 5
[2024-08-29T23:17:46.085+0800] GC(71) Discovered  references: Soft: 0, Weak: 113, Final: 0, Phantom: 5
[2024-08-29T23:17:46.085+0800] GC(71) Enqueued    references: Soft: 0, Weak: 0, Final: 0, Phantom: 0
[2024-08-29T23:17:46.085+0800] GC(71) Concurrent weak references 0.100ms
[2024-08-29T23:17:46.085+0800] GC(71) Concurrent weak roots
[2024-08-29T23:17:46.085+0800] GC(71) Using 2 of 4 workers for concurrent weak root
[2024-08-29T23:17:46.085+0800] GC(71) Concurrent weak roots 0.329ms
[2024-08-29T23:17:46.085+0800] GC(71) Concurrent cleanup
[2024-08-29T23:17:46.085+0800] GC(71) Concurrent cleanup 1512M->1143M(2048M) 0.087ms
[2024-08-29T23:17:46.085+0800] GC(71) Free: 627M, Max: 1024K regular, 142M humongous, Frag: 78% external, 2% internal; Reserve: 103M, Max: 1024K
[2024-08-29T23:17:46.085+0800] GC(71) Concurrent class unloading
[2024-08-29T23:17:46.085+0800] GC(71) Using 2 of 4 workers for concurrent class unloading
[2024-08-29T23:17:46.087+0800] GC(71) Concurrent class unloading 2.012ms
[2024-08-29T23:17:46.088+0800] GC(71) Pause Final Roots
[2024-08-29T23:17:46.088+0800] GC(71) Pause Final Roots 0.023ms
[2024-08-29T23:17:46.088+0800] Free: 617M, Max: 1024K regular, 142M humongous, Frag: 77% external, 1% internal; Reserve: 103M, Max: 1024K
[2024-08-29T23:17:46.088+0800] 
[2024-08-29T23:17:46.088+0800] All times are wall-clock times, except per-root-class counters, that are sum over
[2024-08-29T23:17:46.088+0800] all workers. Dividing the <total> over the root stage time estimates parallelism.
[2024-08-29T23:17:46.088+0800] 
[2024-08-29T23:17:46.088+0800] Concurrent Reset                   4406 us
[2024-08-29T23:17:46.088+0800] Pause Init Mark (G)                 195 us
[2024-08-29T23:17:46.088+0800] Pause Init Mark (N)                 101 us
[2024-08-29T23:17:46.088+0800]   Update Region States               48 us
[2024-08-29T23:17:46.088+0800] Concurrent Mark Roots               245 us, parallelism: 1.01x
[2024-08-29T23:17:46.088+0800]   CMR: <total>                      247 us
[2024-08-29T23:17:46.088+0800]   CMR: Thread Roots                 195 us, workers (us):  78, 117, ---, ---, 
[2024-08-29T23:17:46.088+0800]   CMR: VM Strong Roots                4 us, workers (us):   4,   0, ---, ---, 
[2024-08-29T23:17:46.088+0800]   CMR: CLDG Roots                    48 us, workers (us):  48, ---, ---, ---, 
[2024-08-29T23:17:46.088+0800] Concurrent Marking                 1566 us
[2024-08-29T23:17:46.088+0800] Pause Final Mark (G)                377 us
[2024-08-29T23:17:46.088+0800] Pause Final Mark (N)                278 us
[2024-08-29T23:17:46.088+0800]   Finish Mark                        99 us
[2024-08-29T23:17:46.088+0800]   Update Region States               60 us
[2024-08-29T23:17:46.088+0800]   Choose Collection Set              74 us
[2024-08-29T23:17:46.088+0800]   Rebuild Free Set                    9 us
[2024-08-29T23:17:46.088+0800] Concurrent Weak References          107 us, parallelism: 0.03x
[2024-08-29T23:17:46.088+0800]   CWRF: <total>                       4 us
[2024-08-29T23:17:46.088+0800]   CWRF: Weak References               4 us, workers (us):   3,   0, ---, ---, 
[2024-08-29T23:17:46.088+0800] Concurrent Weak Roots               342 us
[2024-08-29T23:17:46.088+0800]   Roots                             254 us, parallelism: 1.37x
[2024-08-29T23:17:46.088+0800]     CWR: <total>                    348 us
[2024-08-29T23:17:46.088+0800]     CWR: Code Cache Roots           300 us, workers (us): 146, 154, ---, ---, 
[2024-08-29T23:17:46.088+0800]     CWR: VM Weak Roots               46 us, workers (us):  31,  15, ---, ---, 
[2024-08-29T23:17:46.088+0800]     CWR: CLDG Roots                   2 us, workers (us): ---,   2, ---, ---, 
[2024-08-29T23:17:46.088+0800]   Rendezvous                         62 us
[2024-08-29T23:17:46.088+0800] Concurrent Cleanup                   94 us
[2024-08-29T23:17:46.088+0800] Concurrent Class Unloading         2031 us
[2024-08-29T23:17:46.088+0800]   Unlink Stale                      950 us
[2024-08-29T23:17:46.088+0800]     System Dictionary                 3 us
[2024-08-29T23:17:46.088+0800]     Weak Class Links                  0 us
[2024-08-29T23:17:46.088+0800]     Code Roots                      947 us
[2024-08-29T23:17:46.088+0800]   Rendezvous                        963 us
[2024-08-29T23:17:46.088+0800]   Purge Unlinked                     73 us
[2024-08-29T23:17:46.088+0800]     Code Roots                       60 us
[2024-08-29T23:17:46.088+0800]     CLDG                             12 us
[2024-08-29T23:17:46.088+0800]     Exception Caches                  0 us
[2024-08-29T23:17:46.088+0800] Pause Final Roots (G)               889 us
[2024-08-29T23:17:46.088+0800] Pause Final Roots (N)                31 us
[2024-08-29T23:17:46.088+0800] 
[2024-08-29T23:17:46.088+0800] Allocation pacing accrued:
[2024-08-29T23:17:46.088+0800]       0 of   177 ms (  0.0%): <total>
[2024-08-29T23:17:46.088+0800]       0 of   177 ms (  0.0%): <average total>
[2024-08-29T23:17:46.088+0800] 
[2024-08-29T23:17:46.088+0800] Metaspace: 1648K(1792K)->1648K(1792K) NonClass: 1529K(1600K)->1529K(1600K) Class: 119K(192K)->119K(192K)
[2024-08-29T23:17:46.088+0800] Pacer for Idle. Initial: 41943K, Alloc Tax Rate: 1.0x
[2024-08-29T23:17:46.237+0800] Trigger: Free (202M) is below minimum threshold (204M)
[2024-08-29T23:17:46.237+0800] Free: 199M, Max: 1024K regular, 142M humongous, Frag: 29% external, 0% internal; Reserve: 103M, Max: 1024K
[2024-08-29T23:17:46.237+0800] GC(72) Concurrent reset
[2024-08-29T23:17:46.237+0800] GC(72) Using 2 of 4 workers for concurrent reset
[2024-08-29T23:17:46.237+0800] GC(72) Pacer for Reset. Non-Taxable: 2048M
[2024-08-29T23:17:46.242+0800] GC(72) Concurrent reset 5.082ms
[2024-08-29T23:17:46.242+0800] GC(72) Pause Init Mark (unload classes)
[2024-08-29T23:17:46.242+0800] GC(72) Using 4 of 4 workers for init marking
[2024-08-29T23:17:46.242+0800] GC(72) Pacer for Mark. Expected Live: 1097M, Free: 192M, Non-Taxable: 19741K, Alloc Tax Rate: 7.0x
[2024-08-29T23:17:46.242+0800] GC(72) Pause Init Mark (unload classes) 0.113ms
[2024-08-29T23:17:46.242+0800] GC(72) Concurrent marking roots
[2024-08-29T23:17:46.242+0800] GC(72) Using 2 of 4 workers for concurrent marking roots
[2024-08-29T23:17:46.242+0800] GC(72) Concurrent marking roots 0.211ms
[2024-08-29T23:17:46.242+0800] GC(72) Concurrent marking (unload classes)
[2024-08-29T23:17:46.242+0800] GC(72) Using 2 of 4 workers for concurrent marking
[2024-08-29T23:17:46.244+0800] GC(72) Concurrent marking (unload classes) 1.407ms
[2024-08-29T23:17:46.244+0800] GC(72) Pause Final Mark (unload classes)
[2024-08-29T23:17:46.244+0800] GC(72) Using 4 of 4 workers for final marking
[2024-08-29T23:17:46.244+0800] GC(72) Collectable Garbage: 294M (97%), Immediate: 294M (97%), CSet: 0B (0%)
[2024-08-29T23:17:46.244+0800] GC(72) Pause Final Mark (unload classes) 0.293ms
[2024-08-29T23:17:46.244+0800] GC(72) Concurrent weak references
[2024-08-29T23:17:46.244+0800] GC(72) Using 2 of 4 workers for concurrent weak references
[2024-08-29T23:17:46.244+0800] GC(72) Encountered references: Soft: 178, Weak: 297, Final: 0, Phantom: 5
[2024-08-29T23:17:46.244+0800] GC(72) Discovered  references: Soft: 0, Weak: 113, Final: 0, Phantom: 5
[2024-08-29T23:17:46.244+0800] GC(72) Enqueued    references: Soft: 0, Weak: 0, Final: 0, Phantom: 0
[2024-08-29T23:17:46.244+0800] GC(72) Concurrent weak references 0.085ms
[2024-08-29T23:17:46.244+0800] GC(72) Concurrent weak roots
[2024-08-29T23:17:46.244+0800] GC(72) Using 2 of 4 workers for concurrent weak root
[2024-08-29T23:17:46.245+0800] GC(72) Concurrent weak roots 0.350ms
[2024-08-29T23:17:46.245+0800] GC(72) Concurrent cleanup
[2024-08-29T23:17:46.245+0800] GC(72) Concurrent cleanup 1511M->1216M(2048M) 0.068ms
[2024-08-29T23:17:46.245+0800] GC(72) Free: 533M, Max: 1024K regular, 152M humongous, Frag: 72% external, 3% internal; Reserve: 103M, Max: 1024K
[2024-08-29T23:17:46.245+0800] GC(72) Concurrent class unloading
[2024-08-29T23:17:46.245+0800] GC(72) Using 2 of 4 workers for concurrent class unloading
[2024-08-29T23:17:46.246+0800] GC(72) Concurrent class unloading 0.850ms
[2024-08-29T23:17:46.247+0800] GC(72) Pause Final Roots
[2024-08-29T23:17:46.247+0800] GC(72) Pause Final Roots 0.021ms
[2024-08-29T23:17:46.247+0800] Free: 523M, Max: 1024K regular, 152M humongous, Frag: 71% external, 3% internal; Reserve: 103M, Max: 1024K
[2024-08-29T23:17:46.247+0800] 
[2024-08-29T23:17:46.247+0800] All times are wall-clock times, except per-root-class counters, that are sum over
[2024-08-29T23:17:46.247+0800] all workers. Dividing the <total> over the root stage time estimates parallelism.
[2024-08-29T23:17:46.247+0800] 
[2024-08-29T23:17:46.247+0800] Concurrent Reset                   5131 us
[2024-08-29T23:17:46.247+0800] Pause Init Mark (G)                 213 us
[2024-08-29T23:17:46.247+0800] Pause Init Mark (N)                 120 us
[2024-08-29T23:17:46.247+0800]   Update Region States               69 us
[2024-08-29T23:17:46.247+0800] Concurrent Mark Roots               225 us, parallelism: 0.98x
[2024-08-29T23:17:46.247+0800]   CMR: <total>                      221 us
[2024-08-29T23:17:46.247+0800]   CMR: Thread Roots                 181 us, workers (us):  76, 105, ---, ---, 
[2024-08-29T23:17:46.247+0800]   CMR: VM Strong Roots                4 us, workers (us):   3,   0, ---, ---, 
[2024-08-29T23:17:46.247+0800]   CMR: CLDG Roots                    36 us, workers (us):  36, ---, ---, ---, 
[2024-08-29T23:17:46.247+0800] Concurrent Marking                 1425 us
[2024-08-29T23:17:46.247+0800] Pause Final Mark (G)                371 us
[2024-08-29T23:17:46.247+0800] Pause Final Mark (N)                301 us
[2024-08-29T23:17:46.247+0800]   Finish Mark                       151 us
[2024-08-29T23:17:46.247+0800]   Update Region States               46 us
[2024-08-29T23:17:46.247+0800]   Choose Collection Set              63 us
[2024-08-29T23:17:46.247+0800]   Rebuild Free Set                    8 us
[2024-08-29T23:17:46.247+0800] Concurrent Weak References           92 us, parallelism: 0.04x
[2024-08-29T23:17:46.247+0800]   CWRF: <total>                       3 us
[2024-08-29T23:17:46.247+0800]   CWRF: Weak References               3 us, workers (us):   3,   0, ---, ---, 
[2024-08-29T23:17:46.247+0800] Concurrent Weak Roots               369 us
[2024-08-29T23:17:46.247+0800]   Roots                             257 us, parallelism: 1.39x
[2024-08-29T23:17:46.247+0800]     CWR: <total>                    357 us
[2024-08-29T23:17:46.247+0800]     CWR: Code Cache Roots           309 us, workers (us): 151, 159, ---, ---, 
[2024-08-29T23:17:46.247+0800]     CWR: VM Weak Roots               46 us, workers (us):  31,  14, ---, ---, 
[2024-08-29T23:17:46.247+0800]     CWR: CLDG Roots                   2 us, workers (us):   2, ---, ---, ---, 
[2024-08-29T23:17:46.247+0800]   Rendezvous                         79 us
[2024-08-29T23:17:46.247+0800] Concurrent Cleanup                   75 us
[2024-08-29T23:17:46.247+0800] Concurrent Class Unloading          867 us
[2024-08-29T23:17:46.247+0800]   Unlink Stale                      695 us
[2024-08-29T23:17:46.247+0800]     System Dictionary                 2 us
[2024-08-29T23:17:46.247+0800]     Weak Class Links                  0 us
[2024-08-29T23:17:46.247+0800]     Code Roots                      692 us
[2024-08-29T23:17:46.247+0800]   Rendezvous                         62 us
[2024-08-29T23:17:46.247+0800]   Purge Unlinked                     80 us
[2024-08-29T23:17:46.247+0800]     Code Roots                       68 us
[2024-08-29T23:17:46.247+0800]     CLDG                             12 us
[2024-08-29T23:17:46.247+0800]     Exception Caches                  0 us
[2024-08-29T23:17:46.247+0800] Pause Final Roots (G)              1136 us
[2024-08-29T23:17:46.247+0800] Pause Final Roots (N)                29 us
[2024-08-29T23:17:46.247+0800] 
[2024-08-29T23:17:46.247+0800] Allocation pacing accrued:
[2024-08-29T23:17:46.247+0800]       0 of   159 ms (  0.0%): <total>
[2024-08-29T23:17:46.247+0800]       0 of   159 ms (  0.0%): <average total>
[2024-08-29T23:17:46.247+0800] 
[2024-08-29T23:17:46.247+0800] Metaspace: 1648K(1792K)->1648K(1792K) NonClass: 1529K(1600K)->1529K(1600K) Class: 119K(192K)->119K(192K)
[2024-08-29T23:17:46.247+0800] Pacer for Idle. Initial: 41943K, Alloc Tax Rate: 1.0x
[2024-08-29T23:17:46.400+0800] Trigger: Free (202M) is below minimum threshold (204M)
[2024-08-29T23:17:46.400+0800] Free: 202M, Max: 1024K regular, 152M humongous, Frag: 25% external, 0% internal; Reserve: 103M, Max: 1024K
[2024-08-29T23:17:46.400+0800] GC(73) Concurrent reset
[2024-08-29T23:17:46.400+0800] GC(73) Using 2 of 4 workers for concurrent reset
[2024-08-29T23:17:46.400+0800] GC(73) Pacer for Reset. Non-Taxable: 2048M
[2024-08-29T23:17:46.405+0800] GC(73) Concurrent reset 5.665ms
[2024-08-29T23:17:46.406+0800] GC(73) Pause Init Mark (unload classes)
[2024-08-29T23:17:46.406+0800] GC(73) Using 4 of 4 workers for init marking
[2024-08-29T23:17:46.406+0800] GC(73) Pacer for Mark. Expected Live: 1142M, Free: 193M, Non-Taxable: 19859K, Alloc Tax Rate: 7.2x
[2024-08-29T23:17:46.406+0800] GC(73) Pause Init Mark (unload classes) 0.132ms
[2024-08-29T23:17:46.406+0800] GC(73) Concurrent marking roots
[2024-08-29T23:17:46.406+0800] GC(73) Using 2 of 4 workers for concurrent marking roots
[2024-08-29T23:17:46.406+0800] GC(73) Concurrent marking roots 0.200ms
[2024-08-29T23:17:46.406+0800] GC(73) Concurrent marking (unload classes)
[2024-08-29T23:17:46.406+0800] GC(73) Using 2 of 4 workers for concurrent marking
[2024-08-29T23:17:46.408+0800] GC(73) Concurrent marking (unload classes) 1.637ms
[2024-08-29T23:17:46.408+0800] GC(73) Pause Final Mark (unload classes)
[2024-08-29T23:17:46.408+0800] GC(73) Using 4 of 4 workers for final marking
[2024-08-29T23:17:46.408+0800] GC(73) Collectable Garbage: 395M (98%), Immediate: 395M (98%), CSet: 0B (0%)
[2024-08-29T23:17:46.408+0800] GC(73) Pause Final Mark (unload classes) 0.274ms
[2024-08-29T23:17:46.408+0800] GC(73) Concurrent weak references
[2024-08-29T23:17:46.408+0800] GC(73) Using 2 of 4 workers for concurrent weak references
[2024-08-29T23:17:46.408+0800] GC(73) Encountered references: Soft: 178, Weak: 297, Final: 0, Phantom: 5
[2024-08-29T23:17:46.408+0800] GC(73) Discovered  references: Soft: 0, Weak: 113, Final: 0, Phantom: 5
[2024-08-29T23:17:46.408+0800] GC(73) Enqueued    references: Soft: 0, Weak: 0, Final: 0, Phantom: 0
[2024-08-29T23:17:46.408+0800] GC(73) Concurrent weak references 0.088ms
[2024-08-29T23:17:46.408+0800] GC(73) Concurrent weak roots
[2024-08-29T23:17:46.408+0800] GC(73) Using 2 of 4 workers for concurrent weak root
[2024-08-29T23:17:46.409+0800] GC(73) Concurrent weak roots 0.722ms
[2024-08-29T23:17:46.409+0800] GC(73) Concurrent cleanup
[2024-08-29T23:17:46.409+0800] GC(73) Concurrent cleanup 1510M->1114M(2048M) 0.073ms
[2024-08-29T23:17:46.409+0800] GC(73) Free: 651M, Max: 1024K regular, 148M humongous, Frag: 78% external, 1% internal; Reserve: 103M, Max: 1024K
[2024-08-29T23:17:46.409+0800] GC(73) Concurrent class unloading
[2024-08-29T23:17:46.409+0800] GC(73) Using 2 of 4 workers for concurrent class unloading
[2024-08-29T23:17:46.410+0800] GC(73) Concurrent class unloading 1.027ms
[2024-08-29T23:17:46.410+0800] GC(73) Pause Final Roots
[2024-08-29T23:17:46.410+0800] GC(73) Pause Final Roots 0.014ms
[2024-08-29T23:17:46.410+0800] Free: 645M, Max: 1024K regular, 148M humongous, Frag: 77% external, 1% internal; Reserve: 103M, Max: 1024K
[2024-08-29T23:17:46.410+0800] 
[2024-08-29T23:17:46.410+0800] All times are wall-clock times, except per-root-class counters, that are sum over
[2024-08-29T23:17:46.410+0800] all workers. Dividing the <total> over the root stage time estimates parallelism.
[2024-08-29T23:17:46.410+0800] 
[2024-08-29T23:17:46.410+0800] Concurrent Reset                   5724 us
[2024-08-29T23:17:46.410+0800] Pause Init Mark (G)                 554 us
[2024-08-29T23:17:46.410+0800] Pause Init Mark (N)                 139 us
[2024-08-29T23:17:46.410+0800]   Update Region States               72 us
[2024-08-29T23:17:46.410+0800] Concurrent Mark Roots               210 us, parallelism: 0.97x
[2024-08-29T23:17:46.410+0800]   CMR: <total>                      204 us
[2024-08-29T23:17:46.410+0800]   CMR: Thread Roots                 164 us, workers (us):  67,  97, ---, ---, 
[2024-08-29T23:17:46.410+0800]   CMR: VM Strong Roots                4 us, workers (us):   4,   0, ---, ---, 
[2024-08-29T23:17:46.411+0800]   CMR: CLDG Roots                    36 us, workers (us):  36, ---, ---, ---, 
[2024-08-29T23:17:46.411+0800] Concurrent Marking                 1655 us
[2024-08-29T23:17:46.411+0800] Pause Final Mark (G)                349 us
[2024-08-29T23:17:46.411+0800] Pause Final Mark (N)                281 us
[2024-08-29T23:17:46.411+0800]   Finish Mark                       114 us
[2024-08-29T23:17:46.411+0800]   Update Region States               48 us
[2024-08-29T23:17:46.411+0800]   Choose Collection Set              79 us
[2024-08-29T23:17:46.411+0800]   Rebuild Free Set                    9 us
[2024-08-29T23:17:46.411+0800] Concurrent Weak References           94 us, parallelism: 0.04x
[2024-08-29T23:17:46.411+0800]   CWRF: <total>                       4 us
[2024-08-29T23:17:46.411+0800]   CWRF: Weak References               4 us, workers (us):   4,   0, ---, ---, 
[2024-08-29T23:17:46.411+0800] Concurrent Weak Roots               757 us
[2024-08-29T23:17:46.411+0800]   Roots                             241 us, parallelism: 1.35x
[2024-08-29T23:17:46.411+0800]     CWR: <total>                    326 us
[2024-08-29T23:17:46.411+0800]     CWR: Code Cache Roots           279 us, workers (us): 139, 139, ---, ---, 
[2024-08-29T23:17:46.411+0800]     CWR: VM Weak Roots               45 us, workers (us):  29,  17, ---, ---, 
[2024-08-29T23:17:46.411+0800]     CWR: CLDG Roots                   2 us, workers (us): ---,   2, ---, ---, 
[2024-08-29T23:17:46.411+0800]   Rendezvous                        469 us
[2024-08-29T23:17:46.411+0800] Concurrent Cleanup                   80 us
[2024-08-29T23:17:46.411+0800] Concurrent Class Unloading         1066 us
[2024-08-29T23:17:46.411+0800]   Unlink Stale                      874 us
[2024-08-29T23:17:46.411+0800]     System Dictionary                 3 us
[2024-08-29T23:17:46.411+0800]     Weak Class Links                  0 us
[2024-08-29T23:17:46.411+0800]     Code Roots                      870 us
[2024-08-29T23:17:46.411+0800]   Rendezvous                         61 us
[2024-08-29T23:17:46.411+0800]   Purge Unlinked                     81 us
[2024-08-29T23:17:46.411+0800]     Code Roots                       69 us
[2024-08-29T23:17:46.411+0800]     CLDG                             12 us
[2024-08-29T23:17:46.411+0800]     Exception Caches                  0 us
[2024-08-29T23:17:46.411+0800] Pause Final Roots (G)               103 us
[2024-08-29T23:17:46.411+0800] Pause Final Roots (N)                21 us
[2024-08-29T23:17:46.411+0800] 
[2024-08-29T23:17:46.411+0800] Allocation pacing accrued:
[2024-08-29T23:17:46.411+0800]       0 of   164 ms (  0.0%): <total>
[2024-08-29T23:17:46.411+0800]       0 of   164 ms (  0.0%): <average total>
[2024-08-29T23:17:46.411+0800] 
[2024-08-29T23:17:46.411+0800] Metaspace: 1648K(1792K)->1648K(1792K) NonClass: 1529K(1600K)->1529K(1600K) Class: 119K(192K)->119K(192K)
[2024-08-29T23:17:46.411+0800] Pacer for Idle. Initial: 41943K, Alloc Tax Rate: 1.0x
[2024-08-29T23:17:46.573+0800] Trigger: Free (200M) is below minimum threshold (204M)
[2024-08-29T23:17:46.573+0800] Free: 197M, Max: 1024K regular, 148M humongous, Frag: 24% external, 5% internal; Reserve: 103M, Max: 1024K
[2024-08-29T23:17:46.573+0800] GC(74) Concurrent reset
[2024-08-29T23:17:46.573+0800] GC(74) Using 2 of 4 workers for concurrent reset
[2024-08-29T23:17:46.573+0800] GC(74) Pacer for Reset. Non-Taxable: 2048M
[2024-08-29T23:17:46.578+0800] GC(74) Concurrent reset 5.166ms
[2024-08-29T23:17:46.578+0800] GC(74) Pause Init Mark (unload classes)
[2024-08-29T23:17:46.578+0800] GC(74) Using 4 of 4 workers for init marking
[2024-08-29T23:17:46.578+0800] GC(74) Pacer for Mark. Expected Live: 1142M, Free: 187M, Non-Taxable: 19184K, Alloc Tax Rate: 7.5x
[2024-08-29T23:17:46.578+0800] GC(74) Pause Init Mark (unload classes) 0.098ms
[2024-08-29T23:17:46.578+0800] GC(74) Concurrent marking roots
[2024-08-29T23:17:46.578+0800] GC(74) Using 2 of 4 workers for concurrent marking roots
[2024-08-29T23:17:46.579+0800] GC(74) Concurrent marking roots 0.217ms
[2024-08-29T23:17:46.579+0800] GC(74) Concurrent marking (unload classes)
[2024-08-29T23:17:46.579+0800] GC(74) Using 2 of 4 workers for concurrent marking
[2024-08-29T23:17:46.580+0800] GC(74) Concurrent marking (unload classes) 1.282ms
[2024-08-29T23:17:46.581+0800] GC(74) Pause Final Mark (unload classes)
[2024-08-29T23:17:46.581+0800] GC(74) Using 4 of 4 workers for final marking
[2024-08-29T23:17:46.581+0800] GC(74) Collectable Garbage: 383M (98%), Immediate: 383M (98%), CSet: 0B (0%)
[2024-08-29T23:17:46.581+0800] GC(74) Pause Final Mark (unload classes) 0.304ms
[2024-08-29T23:17:46.581+0800] GC(74) Concurrent weak references
[2024-08-29T23:17:46.581+0800] GC(74) Using 2 of 4 workers for concurrent weak references
[2024-08-29T23:17:46.581+0800] GC(74) Encountered references: Soft: 178, Weak: 297, Final: 0, Phantom: 5
[2024-08-29T23:17:46.581+0800] GC(74) Discovered  references: Soft: 0, Weak: 113, Final: 0, Phantom: 5
[2024-08-29T23:17:46.581+0800] GC(74) Enqueued    references: Soft: 0, Weak: 0, Final: 0, Phantom: 0
[2024-08-29T23:17:46.581+0800] GC(74) Concurrent weak references 0.146ms
[2024-08-29T23:17:46.581+0800] GC(74) Concurrent weak roots
[2024-08-29T23:17:46.581+0800] GC(74) Using 2 of 4 workers for concurrent weak root
[2024-08-29T23:17:46.583+0800] GC(74) Concurrent weak roots 1.253ms
[2024-08-29T23:17:46.583+0800] GC(74) Concurrent cleanup
[2024-08-29T23:17:46.583+0800] GC(74) Concurrent cleanup 1523M->1139M(2048M) 0.092ms
[2024-08-29T23:17:46.583+0800] GC(74) Free: 619M, Max: 1024K regular, 131M humongous, Frag: 79% external, 1% internal; Reserve: 103M, Max: 1024K
[2024-08-29T23:17:46.583+0800] GC(74) Concurrent class unloading
[2024-08-29T23:17:46.583+0800] GC(74) Using 2 of 4 workers for concurrent class unloading
[2024-08-29T23:17:46.584+0800] GC(74) Concurrent class unloading 0.822ms
[2024-08-29T23:17:46.584+0800] GC(74) Pause Final Roots
[2024-08-29T23:17:46.584+0800] GC(74) Pause Final Roots 0.018ms
[2024-08-29T23:17:46.584+0800] Free: 607M, Max: 1024K regular, 131M humongous, Frag: 79% external, 1% internal; Reserve: 103M, Max: 1024K
[2024-08-29T23:17:46.585+0800] 
[2024-08-29T23:17:46.585+0800] All times are wall-clock times, except per-root-class counters, that are sum over
[2024-08-29T23:17:46.585+0800] all workers. Dividing the <total> over the root stage time estimates parallelism.
[2024-08-29T23:17:46.585+0800] 
[2024-08-29T23:17:46.585+0800] Concurrent Reset                   5279 us
[2024-08-29T23:17:46.585+0800] Pause Init Mark (G)                 305 us
[2024-08-29T23:17:46.585+0800] Pause Init Mark (N)                 105 us
[2024-08-29T23:17:46.585+0800]   Update Region States               53 us
[2024-08-29T23:17:46.585+0800] Concurrent Mark Roots               228 us, parallelism: 1.00x
[2024-08-29T23:17:46.585+0800]   CMR: <total>                      229 us
[2024-08-29T23:17:46.585+0800]   CMR: Thread Roots                 192 us, workers (us):  82, 111, ---, ---, 
[2024-08-29T23:17:46.585+0800]   CMR: VM Strong Roots                4 us, workers (us):   3,   0, ---, ---, 
[2024-08-29T23:17:46.585+0800]   CMR: CLDG Roots                    33 us, workers (us):  33, ---, ---, ---, 
[2024-08-29T23:17:46.585+0800] Concurrent Marking                 1306 us
[2024-08-29T23:17:46.585+0800] Pause Final Mark (G)               1234 us
[2024-08-29T23:17:46.585+0800] Pause Final Mark (N)                314 us
[2024-08-29T23:17:46.585+0800]   Finish Mark                       133 us
[2024-08-29T23:17:46.585+0800]   Update Region States               39 us
[2024-08-29T23:17:46.585+0800]   Choose Collection Set              84 us
[2024-08-29T23:17:46.585+0800]   Rebuild Free Set                   11 us
[2024-08-29T23:17:46.585+0800] Concurrent Weak References          154 us, parallelism: 0.03x
[2024-08-29T23:17:46.585+0800]   CWRF: <total>                       5 us
[2024-08-29T23:17:46.585+0800]   CWRF: Weak References               5 us, workers (us):   5,   0, ---, ---, 
[2024-08-29T23:17:46.585+0800] Concurrent Weak Roots              1306 us
[2024-08-29T23:17:46.585+0800]   Roots                             479 us, parallelism: 1.44x
[2024-08-29T23:17:46.585+0800]     CWR: <total>                    693 us
[2024-08-29T23:17:46.585+0800]     CWR: Code Cache Roots           565 us, workers (us): 295, 270, ---, ---, 
[2024-08-29T23:17:46.585+0800]     CWR: VM Weak Roots              123 us, workers (us):  90,  33, ---, ---, 
[2024-08-29T23:17:46.585+0800]     CWR: CLDG Roots                   4 us, workers (us): ---,   4, ---, ---, 
[2024-08-29T23:17:46.585+0800]   Rendezvous                        759 us
[2024-08-29T23:17:46.585+0800] Concurrent Cleanup                  102 us
[2024-08-29T23:17:46.585+0800] Concurrent Class Unloading          841 us
[2024-08-29T23:17:46.585+0800]   Unlink Stale                      619 us
[2024-08-29T23:17:46.585+0800]     System Dictionary                 3 us
[2024-08-29T23:17:46.585+0800]     Weak Class Links                  0 us
[2024-08-29T23:17:46.585+0800]     Code Roots                      615 us
[2024-08-29T23:17:46.585+0800]   Rendezvous                         93 us
[2024-08-29T23:17:46.585+0800]   Purge Unlinked                     94 us
[2024-08-29T23:17:46.585+0800]     Code Roots                       79 us
[2024-08-29T23:17:46.585+0800]     CLDG                             15 us
[2024-08-29T23:17:46.585+0800]     Exception Caches                  0 us
[2024-08-29T23:17:46.585+0800] Pause Final Roots (G)               862 us
[2024-08-29T23:17:46.585+0800] Pause Final Roots (N)                27 us
[2024-08-29T23:17:46.585+0800] 
[2024-08-29T23:17:46.585+0800] Allocation pacing accrued:
[2024-08-29T23:17:46.585+0800]       0 of   174 ms (  0.0%): <total>
[2024-08-29T23:17:46.585+0800]       0 of   174 ms (  0.0%): <average total>
[2024-08-29T23:17:46.585+0800] 
[2024-08-29T23:17:46.585+0800] Metaspace: 1650K(1792K)->1650K(1792K) NonClass: 1530K(1600K)->1530K(1600K) Class: 119K(192K)->119K(192K)
[2024-08-29T23:17:46.585+0800] Pacer for Idle. Initial: 41943K, Alloc Tax Rate: 1.0x
[2024-08-29T23:17:46.749+0800] Trigger: Free (204M) is below minimum threshold (204M)
[2024-08-29T23:17:46.749+0800] Free: 204M, Max: 1024K regular, 131M humongous, Frag: 36% external, 2% internal; Reserve: 103M, Max: 1024K
[2024-08-29T23:17:46.749+0800] GC(75) Concurrent reset
[2024-08-29T23:17:46.749+0800] GC(75) Using 2 of 4 workers for concurrent reset
[2024-08-29T23:17:46.749+0800] GC(75) Pacer for Reset. Non-Taxable: 2048M
[2024-08-29T23:17:46.754+0800] GC(75) Concurrent reset 5.274ms
[2024-08-29T23:17:46.755+0800] GC(75) Pause Init Mark (unload classes)
[2024-08-29T23:17:46.755+0800] GC(75) Using 4 of 4 workers for init marking
[2024-08-29T23:17:46.755+0800] GC(75) Pacer for Mark. Expected Live: 1140M, Free: 191M, Non-Taxable: 19620K, Alloc Tax Rate: 7.3x
[2024-08-29T23:17:46.755+0800] GC(75) Pause Init Mark (unload classes) 0.105ms
[2024-08-29T23:17:46.755+0800] GC(75) Concurrent marking roots
[2024-08-29T23:17:46.755+0800] GC(75) Using 2 of 4 workers for concurrent marking roots
[2024-08-29T23:17:46.756+0800] GC(75) Concurrent marking roots 0.368ms
[2024-08-29T23:17:46.756+0800] GC(75) Concurrent marking (unload classes)
[2024-08-29T23:17:46.756+0800] GC(75) Using 2 of 4 workers for concurrent marking
[2024-08-29T23:17:46.757+0800] GC(75) Concurrent marking (unload classes) 1.426ms
[2024-08-29T23:17:46.757+0800] GC(75) Pause Final Mark (unload classes)
[2024-08-29T23:17:46.757+0800] GC(75) Using 4 of 4 workers for final marking
[2024-08-29T23:17:46.758+0800] GC(75) Collectable Garbage: 384M (97%), Immediate: 384M (97%), CSet: 0B (0%)
[2024-08-29T23:17:46.758+0800] GC(75) Pause Final Mark (unload classes) 0.499ms
[2024-08-29T23:17:46.758+0800] GC(75) Concurrent weak references
[2024-08-29T23:17:46.758+0800] GC(75) Using 2 of 4 workers for concurrent weak references
[2024-08-29T23:17:46.758+0800] GC(75) Encountered references: Soft: 178, Weak: 297, Final: 0, Phantom: 5
[2024-08-29T23:17:46.758+0800] GC(75) Discovered  references: Soft: 0, Weak: 64, Final: 0, Phantom: 3
[2024-08-29T23:17:46.758+0800] GC(75) Enqueued    references: Soft: 0, Weak: 0, Final: 0, Phantom: 0
[2024-08-29T23:17:46.758+0800] GC(75) Concurrent weak references 0.098ms
[2024-08-29T23:17:46.758+0800] GC(75) Concurrent weak roots
[2024-08-29T23:17:46.758+0800] GC(75) Using 2 of 4 workers for concurrent weak root
[2024-08-29T23:17:46.759+0800] GC(75) Concurrent weak roots 0.920ms
[2024-08-29T23:17:46.759+0800] GC(75) Concurrent cleanup
[2024-08-29T23:17:46.759+0800] GC(75) Concurrent cleanup 1513M->1128M(2048M) 0.078ms
[2024-08-29T23:17:46.759+0800] GC(75) Free: 632M, Max: 1024K regular, 136M humongous, Frag: 79% external, 1% internal; Reserve: 103M, Max: 1024K
[2024-08-29T23:17:46.759+0800] GC(75) Concurrent class unloading
[2024-08-29T23:17:46.759+0800] GC(75) Using 2 of 4 workers for concurrent class unloading
[2024-08-29T23:17:46.761+0800] GC(75) Concurrent class unloading 1.775ms
[2024-08-29T23:17:46.761+0800] GC(75) Pause Final Roots
[2024-08-29T23:17:46.761+0800] GC(75) Pause Final Roots 0.015ms
[2024-08-29T23:17:46.761+0800] Free: 626M, Max: 1024K regular, 136M humongous, Frag: 79% external, 1% internal; Reserve: 103M, Max: 1024K
[2024-08-29T23:17:46.761+0800] 
[2024-08-29T23:17:46.761+0800] All times are wall-clock times, except per-root-class counters, that are sum over
[2024-08-29T23:17:46.761+0800] all workers. Dividing the <total> over the root stage time estimates parallelism.
[2024-08-29T23:17:46.761+0800] 
[2024-08-29T23:17:46.761+0800] Concurrent Reset                   5333 us
[2024-08-29T23:17:46.761+0800] Pause Init Mark (G)                1009 us
[2024-08-29T23:17:46.761+0800] Pause Init Mark (N)                 112 us
[2024-08-29T23:17:46.761+0800]   Update Region States               61 us
[2024-08-29T23:17:46.761+0800] Concurrent Mark Roots               414 us, parallelism: 0.62x
[2024-08-29T23:17:46.761+0800]   CMR: <total>                      255 us
[2024-08-29T23:17:46.761+0800]   CMR: Thread Roots                 185 us, workers (us): 185,   0, ---, ---, 
[2024-08-29T23:17:46.761+0800]   CMR: VM Strong Roots                5 us, workers (us):   5,   0, ---, ---, 
[2024-08-29T23:17:46.761+0800]   CMR: CLDG Roots                    65 us, workers (us):  65, ---, ---, ---, 
[2024-08-29T23:17:46.761+0800] Concurrent Marking                 1443 us
[2024-08-29T23:17:46.761+0800] Pause Final Mark (G)                573 us
[2024-08-29T23:17:46.761+0800] Pause Final Mark (N)                509 us
[2024-08-29T23:17:46.761+0800]   Finish Mark                       338 us
[2024-08-29T23:17:46.761+0800]   Update Region States               40 us
[2024-08-29T23:17:46.761+0800]   Choose Collection Set              84 us
[2024-08-29T23:17:46.761+0800]   Rebuild Free Set                   10 us
[2024-08-29T23:17:46.761+0800] Concurrent Weak References          104 us, parallelism: 0.02x
[2024-08-29T23:17:46.761+0800]   CWRF: <total>                       2 us
[2024-08-29T23:17:46.761+0800]   CWRF: Weak References               2 us, workers (us):   2,   0, ---, ---, 
[2024-08-29T23:17:46.761+0800] Concurrent Weak Roots               937 us
[2024-08-29T23:17:46.761+0800]   Roots                             336 us, parallelism: 1.47x
[2024-08-29T23:17:46.761+0800]     CWR: <total>                    492 us
[2024-08-29T23:17:46.761+0800]     CWR: Code Cache Roots           423 us, workers (us): 189, 233, ---, ---, 
[2024-08-29T23:17:46.761+0800]     CWR: VM Weak Roots               66 us, workers (us):  40,  26, ---, ---, 
[2024-08-29T23:17:46.761+0800]     CWR: CLDG Roots                   3 us, workers (us):   3, ---, ---, ---, 
[2024-08-29T23:17:46.761+0800]   Rendezvous                        572 us
[2024-08-29T23:17:46.761+0800] Concurrent Cleanup                   85 us
[2024-08-29T23:17:46.761+0800] Concurrent Class Unloading         1794 us
[2024-08-29T23:17:46.761+0800]   Unlink Stale                      716 us
[2024-08-29T23:17:46.761+0800]     System Dictionary                 3 us
[2024-08-29T23:17:46.761+0800]     Weak Class Links                  0 us
[2024-08-29T23:17:46.761+0800]     Code Roots                      712 us
[2024-08-29T23:17:46.761+0800]   Rendezvous                        947 us
[2024-08-29T23:17:46.761+0800]   Purge Unlinked                     86 us
[2024-08-29T23:17:46.761+0800]     Code Roots                       74 us
[2024-08-29T23:17:46.761+0800]     CLDG                             12 us
[2024-08-29T23:17:46.761+0800]     Exception Caches                  0 us
[2024-08-29T23:17:46.761+0800] Pause Final Roots (G)                90 us
[2024-08-29T23:17:46.761+0800] Pause Final Roots (N)                21 us
[2024-08-29T23:17:46.761+0800] 
[2024-08-29T23:17:46.761+0800] Allocation pacing accrued:
[2024-08-29T23:17:46.761+0800]       0 of   176 ms (  0.0%): <total>
[2024-08-29T23:17:46.761+0800]       0 of   176 ms (  0.0%): <average total>
[2024-08-29T23:17:46.761+0800] 
[2024-08-29T23:17:46.761+0800] Metaspace: 1650K(1792K)->1650K(1792K) NonClass: 1530K(1600K)->1530K(1600K) Class: 119K(192K)->119K(192K)
[2024-08-29T23:17:46.761+0800] Pacer for Idle. Initial: 41943K, Alloc Tax Rate: 1.0x
[2024-08-29T23:17:46.941+0800] Trigger: Free (201M) is below minimum threshold (204M)
[2024-08-29T23:17:46.941+0800] Free: 201M, Max: 1024K regular, 136M humongous, Frag: 32% external, 0% internal; Reserve: 103M, Max: 1024K
[2024-08-29T23:17:46.941+0800] GC(76) Concurrent reset
[2024-08-29T23:17:46.941+0800] GC(76) Using 2 of 4 workers for concurrent reset
[2024-08-29T23:17:46.941+0800] GC(76) Pacer for Reset. Non-Taxable: 2048M
[2024-08-29T23:17:46.945+0800] GC(76) Concurrent reset 4.018ms
[2024-08-29T23:17:46.945+0800] GC(76) Pause Init Mark (unload classes)
[2024-08-29T23:17:46.945+0800] GC(76) Using 4 of 4 workers for init marking
[2024-08-29T23:17:46.945+0800] GC(76) Pacer for Mark. Expected Live: 1134M, Free: 201M, Non-Taxable: 20594K, Alloc Tax Rate: 6.9x
[2024-08-29T23:17:46.945+0800] GC(76) Pause Init Mark (unload classes) 0.181ms
[2024-08-29T23:17:46.946+0800] GC(76) Concurrent marking roots
[2024-08-29T23:17:46.946+0800] GC(76) Using 2 of 4 workers for concurrent marking roots
[2024-08-29T23:17:46.946+0800] GC(76) Concurrent marking roots 0.213ms
[2024-08-29T23:17:46.946+0800] GC(76) Concurrent marking (unload classes)
[2024-08-29T23:17:46.946+0800] GC(76) Using 2 of 4 workers for concurrent marking
[2024-08-29T23:17:46.948+0800] GC(76) Concurrent marking (unload classes) 2.684ms
[2024-08-29T23:17:46.950+0800] GC(76) Pause Final Mark (unload classes)
[2024-08-29T23:17:46.950+0800] GC(76) Using 4 of 4 workers for final marking
[2024-08-29T23:17:46.950+0800] GC(76) Collectable Garbage: 458M (98%), Immediate: 458M (98%), CSet: 0B (0%)
[2024-08-29T23:17:46.950+0800] GC(76) Pause Final Mark (unload classes) 0.374ms
[2024-08-29T23:17:46.950+0800] GC(76) Concurrent weak references
[2024-08-29T23:17:46.950+0800] GC(76) Using 2 of 4 workers for concurrent weak references
[2024-08-29T23:17:46.950+0800] GC(76) Encountered references: Soft: 178, Weak: 297, Final: 0, Phantom: 5
[2024-08-29T23:17:46.950+0800] GC(76) Discovered  references: Soft: 0, Weak: 139, Final: 0, Phantom: 2
[2024-08-29T23:17:46.950+0800] GC(76) Enqueued    references: Soft: 0, Weak: 0, Final: 0, Phantom: 0
[2024-08-29T23:17:46.950+0800] GC(76) Concurrent weak references 0.123ms
[2024-08-29T23:17:46.950+0800] GC(76) Concurrent weak roots
[2024-08-29T23:17:46.950+0800] GC(76) Using 2 of 4 workers for concurrent weak root
[2024-08-29T23:17:46.951+0800] GC(76) Concurrent weak roots 0.313ms
[2024-08-29T23:17:46.951+0800] GC(76) Concurrent cleanup
[2024-08-29T23:17:46.951+0800] GC(76) Concurrent cleanup 1515M->1061M(2048M) 0.091ms
[2024-08-29T23:17:46.951+0800] GC(76) Free: 707M, Max: 1024K regular, 140M humongous, Frag: 81% external, 2% internal; Reserve: 103M, Max: 1024K
[2024-08-29T23:17:46.951+0800] GC(76) Concurrent class unloading
[2024-08-29T23:17:46.951+0800] GC(76) Using 2 of 4 workers for concurrent class unloading
[2024-08-29T23:17:46.953+0800] GC(76) Concurrent class unloading 1.770ms
[2024-08-29T23:17:46.953+0800] GC(76) Pause Final Roots
[2024-08-29T23:17:46.953+0800] GC(76) Pause Final Roots 0.014ms
[2024-08-29T23:17:46.953+0800] Free: 706M, Max: 1024K regular, 140M humongous, Frag: 81% external, 2% internal; Reserve: 103M, Max: 1024K
[2024-08-29T23:17:46.953+0800] 
[2024-08-29T23:17:46.953+0800] All times are wall-clock times, except per-root-class counters, that are sum over
[2024-08-29T23:17:46.953+0800] all workers. Dividing the <total> over the root stage time estimates parallelism.
[2024-08-29T23:17:46.953+0800] 
[2024-08-29T23:17:46.953+0800] Concurrent Reset                   4074 us
[2024-08-29T23:17:46.953+0800] Pause Init Mark (G)                 454 us
[2024-08-29T23:17:46.953+0800] Pause Init Mark (N)                 190 us
[2024-08-29T23:17:46.953+0800]   Update Region States              110 us
[2024-08-29T23:17:46.953+0800] Concurrent Mark Roots               227 us, parallelism: 1.18x
[2024-08-29T23:17:46.953+0800]   CMR: <total>                      268 us
[2024-08-29T23:17:46.953+0800]   CMR: Thread Roots                 211 us, workers (us):  83, 128, ---, ---, 
[2024-08-29T23:17:46.953+0800]   CMR: VM Strong Roots                4 us, workers (us):   3,   0, ---, ---, 
[2024-08-29T23:17:46.953+0800]   CMR: CLDG Roots                    54 us, workers (us):  54, ---, ---, ---, 
[2024-08-29T23:17:46.953+0800] Concurrent Marking                 2711 us
[2024-08-29T23:17:46.953+0800] Pause Final Mark (G)               1822 us
[2024-08-29T23:17:46.953+0800] Pause Final Mark (N)                382 us
[2024-08-29T23:17:46.953+0800]   Finish Mark                       181 us
[2024-08-29T23:17:46.953+0800]   Update Region States               47 us
[2024-08-29T23:17:46.953+0800]   Choose Collection Set              96 us
[2024-08-29T23:17:46.953+0800]   Rebuild Free Set                    8 us
[2024-08-29T23:17:46.953+0800] Concurrent Weak References          132 us, parallelism: 0.04x
[2024-08-29T23:17:46.953+0800]   CWRF: <total>                       5 us
[2024-08-29T23:17:46.953+0800]   CWRF: Weak References               5 us, workers (us):   5,   0, ---, ---, 
[2024-08-29T23:17:46.953+0800] Concurrent Weak Roots               336 us
[2024-08-29T23:17:46.953+0800]   Roots                             224 us, parallelism: 1.63x
[2024-08-29T23:17:46.953+0800]     CWR: <total>                    365 us
[2024-08-29T23:17:46.953+0800]     CWR: Code Cache Roots           311 us, workers (us): 157, 154, ---, ---, 
[2024-08-29T23:17:46.953+0800]     CWR: VM Weak Roots               51 us, workers (us):  30,  22, ---, ---, 
[2024-08-29T23:17:46.953+0800]     CWR: CLDG Roots                   3 us, workers (us):   3, ---, ---, ---, 
[2024-08-29T23:17:46.953+0800]   Rendezvous                         72 us
[2024-08-29T23:17:46.953+0800] Concurrent Cleanup                  101 us
[2024-08-29T23:17:46.953+0800] Concurrent Class Unloading         1786 us
[2024-08-29T23:17:46.953+0800]   Unlink Stale                      735 us
[2024-08-29T23:17:46.953+0800]     System Dictionary                 3 us
[2024-08-29T23:17:46.953+0800]     Weak Class Links                  0 us
[2024-08-29T23:17:46.953+0800]     Code Roots                      732 us
[2024-08-29T23:17:46.953+0800]   Rendezvous                        957 us
[2024-08-29T23:17:46.953+0800]   Purge Unlinked                     62 us
[2024-08-29T23:17:46.953+0800]     Code Roots                       50 us
[2024-08-29T23:17:46.953+0800]     CLDG                             11 us
[2024-08-29T23:17:46.953+0800]     Exception Caches                  0 us
[2024-08-29T23:17:46.953+0800] Pause Final Roots (G)                81 us
[2024-08-29T23:17:46.953+0800] Pause Final Roots (N)                20 us
[2024-08-29T23:17:46.953+0800] 
[2024-08-29T23:17:46.953+0800] Allocation pacing accrued:
[2024-08-29T23:17:46.953+0800]       0 of   192 ms (  0.0%): <total>
[2024-08-29T23:17:46.953+0800]       0 of   192 ms (  0.0%): <average total>
[2024-08-29T23:17:46.953+0800] 
[2024-08-29T23:17:46.953+0800] Metaspace: 1650K(1792K)->1650K(1792K) NonClass: 1530K(1600K)->1530K(1600K) Class: 119K(192K)->119K(192K)
[2024-08-29T23:17:46.953+0800] Pacer for Idle. Initial: 41943K, Alloc Tax Rate: 1.0x
[2024-08-29T23:17:47.131+0800] Trigger: Free (202M) is below minimum threshold (204M)
[2024-08-29T23:17:47.131+0800] Free: 202M, Max: 1024K regular, 140M humongous, Frag: 31% external, 0% internal; Reserve: 103M, Max: 1024K
[2024-08-29T23:17:47.131+0800] GC(77) Concurrent reset
[2024-08-29T23:17:47.131+0800] GC(77) Using 2 of 4 workers for concurrent reset
[2024-08-29T23:17:47.131+0800] GC(77) Pacer for Reset. Non-Taxable: 2048M
[2024-08-29T23:17:47.135+0800] GC(77) Concurrent reset 3.958ms
[2024-08-29T23:17:47.135+0800] GC(77) Pause Init Mark (unload classes)
[2024-08-29T23:17:47.135+0800] GC(77) Using 4 of 4 workers for init marking
[2024-08-29T23:17:47.135+0800] GC(77) Pacer for Mark. Expected Live: 1114M, Free: 200M, Non-Taxable: 20571K, Alloc Tax Rate: 6.8x
[2024-08-29T23:17:47.135+0800] GC(77) Pause Init Mark (unload classes) 0.137ms
[2024-08-29T23:17:47.135+0800] GC(77) Concurrent marking roots
[2024-08-29T23:17:47.135+0800] GC(77) Using 2 of 4 workers for concurrent marking roots
[2024-08-29T23:17:47.135+0800] GC(77) Concurrent marking roots 0.224ms
[2024-08-29T23:17:47.135+0800] GC(77) Concurrent marking (unload classes)
[2024-08-29T23:17:47.135+0800] GC(77) Using 2 of 4 workers for concurrent marking
[2024-08-29T23:17:47.137+0800] GC(77) Concurrent marking (unload classes) 1.607ms
[2024-08-29T23:17:47.137+0800] GC(77) Pause Final Mark (unload classes)
[2024-08-29T23:17:47.137+0800] GC(77) Using 4 of 4 workers for final marking
[2024-08-29T23:17:47.137+0800] GC(77) Collectable Garbage: 309M (97%), Immediate: 309M (97%), CSet: 0B (0%)
[2024-08-29T23:17:47.137+0800] GC(77) Pause Final Mark (unload classes) 0.281ms
[2024-08-29T23:17:47.137+0800] GC(77) Concurrent weak references
[2024-08-29T23:17:47.137+0800] GC(77) Using 2 of 4 workers for concurrent weak references
[2024-08-29T23:17:47.137+0800] GC(77) Encountered references: Soft: 178, Weak: 297, Final: 0, Phantom: 5
[2024-08-29T23:17:47.137+0800] GC(77) Discovered  references: Soft: 0, Weak: 113, Final: 0, Phantom: 3
[2024-08-29T23:17:47.137+0800] GC(77) Enqueued    references: Soft: 0, Weak: 0, Final: 0, Phantom: 0
[2024-08-29T23:17:47.137+0800] GC(77) Concurrent weak references 0.097ms
[2024-08-29T23:17:47.137+0800] GC(77) Concurrent weak roots
[2024-08-29T23:17:47.137+0800] GC(77) Using 2 of 4 workers for concurrent weak root
[2024-08-29T23:17:47.139+0800] GC(77) Concurrent weak roots 1.475ms
[2024-08-29T23:17:47.139+0800] GC(77) Concurrent cleanup
[2024-08-29T23:17:47.139+0800] GC(77) Concurrent cleanup 1504M->1194M(2048M) 0.068ms
[2024-08-29T23:17:47.139+0800] GC(77) Free: 557M, Max: 1024K regular, 148M humongous, Frag: 74% external, 3% internal; Reserve: 103M, Max: 1024K
[2024-08-29T23:17:47.139+0800] GC(77) Concurrent class unloading
[2024-08-29T23:17:47.139+0800] GC(77) Using 2 of 4 workers for concurrent class unloading
[2024-08-29T23:17:47.140+0800] GC(77) Concurrent class unloading 0.979ms
[2024-08-29T23:17:47.140+0800] GC(77) Pause Final Roots
[2024-08-29T23:17:47.140+0800] GC(77) Pause Final Roots 0.019ms
[2024-08-29T23:17:47.140+0800] Free: 555M, Max: 1024K regular, 148M humongous, Frag: 74% external, 3% internal; Reserve: 103M, Max: 1024K
[2024-08-29T23:17:47.140+0800] 
[2024-08-29T23:17:47.140+0800] All times are wall-clock times, except per-root-class counters, that are sum over
[2024-08-29T23:17:47.140+0800] all workers. Dividing the <total> over the root stage time estimates parallelism.
[2024-08-29T23:17:47.140+0800] 
[2024-08-29T23:17:47.140+0800] Concurrent Reset                   3999 us
[2024-08-29T23:17:47.140+0800] Pause Init Mark (G)                 277 us
[2024-08-29T23:17:47.140+0800] Pause Init Mark (N)                 149 us
[2024-08-29T23:17:47.140+0800]   Update Region States               66 us
[2024-08-29T23:17:47.140+0800] Concurrent Mark Roots               235 us, parallelism: 1.04x
[2024-08-29T23:17:47.140+0800]   CMR: <total>                      244 us
[2024-08-29T23:17:47.140+0800]   CMR: Thread Roots                 209 us, workers (us):  90, 119, ---, ---, 
[2024-08-29T23:17:47.140+0800]   CMR: VM Strong Roots                4 us, workers (us):   3,   0, ---, ---, 
[2024-08-29T23:17:47.140+0800]   CMR: CLDG Roots                    32 us, workers (us):  32, ---, ---, ---, 
[2024-08-29T23:17:47.140+0800] Concurrent Marking                 1626 us
[2024-08-29T23:17:47.140+0800] Pause Final Mark (G)                379 us
[2024-08-29T23:17:47.140+0800] Pause Final Mark (N)                289 us
[2024-08-29T23:17:47.140+0800]   Finish Mark                       116 us
[2024-08-29T23:17:47.140+0800]   Update Region States               62 us
[2024-08-29T23:17:47.140+0800]   Choose Collection Set              70 us
[2024-08-29T23:17:47.140+0800]   Rebuild Free Set                    9 us
[2024-08-29T23:17:47.140+0800] Concurrent Weak References          103 us, parallelism: 0.04x
[2024-08-29T23:17:47.140+0800]   CWRF: <total>                       4 us
[2024-08-29T23:17:47.140+0800]   CWRF: Weak References               4 us, workers (us):   4,   0, ---, ---, 
[2024-08-29T23:17:47.140+0800] Concurrent Weak Roots              1491 us
[2024-08-29T23:17:47.140+0800]   Roots                             276 us, parallelism: 1.39x
[2024-08-29T23:17:47.140+0800]     CWR: <total>                    383 us
[2024-08-29T23:17:47.140+0800]     CWR: Code Cache Roots           334 us, workers (us): 154, 180, ---, ---, 
[2024-08-29T23:17:47.140+0800]     CWR: VM Weak Roots               46 us, workers (us):  27,  19, ---, ---, 
[2024-08-29T23:17:47.140+0800]     CWR: CLDG Roots                   2 us, workers (us): ---,   2, ---, ---, 
[2024-08-29T23:17:47.140+0800]   Rendezvous                       1188 us
[2024-08-29T23:17:47.140+0800] Concurrent Cleanup                   74 us
[2024-08-29T23:17:47.140+0800] Concurrent Class Unloading          996 us
[2024-08-29T23:17:47.140+0800]   Unlink Stale                      802 us
[2024-08-29T23:17:47.140+0800]     System Dictionary                 2 us
[2024-08-29T23:17:47.140+0800]     Weak Class Links                  0 us
[2024-08-29T23:17:47.140+0800]     Code Roots                      799 us
[2024-08-29T23:17:47.140+0800]   Rendezvous                         72 us
[2024-08-29T23:17:47.140+0800]   Purge Unlinked                     94 us
[2024-08-29T23:17:47.140+0800]     Code Roots                       81 us
[2024-08-29T23:17:47.140+0800]     CLDG                             12 us
[2024-08-29T23:17:47.140+0800]     Exception Caches                  0 us
[2024-08-29T23:17:47.140+0800] Pause Final Roots (G)                99 us
[2024-08-29T23:17:47.140+0800] Pause Final Roots (N)                28 us
[2024-08-29T23:17:47.140+0800] 
[2024-08-29T23:17:47.140+0800] Allocation pacing accrued:
[2024-08-29T23:17:47.140+0800]       0 of   187 ms (  0.0%): <total>
[2024-08-29T23:17:47.140+0800]       0 of   187 ms (  0.0%): <average total>
[2024-08-29T23:17:47.140+0800] 
[2024-08-29T23:17:47.141+0800] Metaspace: 1650K(1792K)->1650K(1792K) NonClass: 1530K(1600K)->1530K(1600K) Class: 119K(192K)->119K(192K)
[2024-08-29T23:17:47.141+0800] Pacer for Idle. Initial: 41943K, Alloc Tax Rate: 1.0x
[2024-08-29T23:17:47.301+0800] Trigger: Free (196M) is below minimum threshold (204M)
[2024-08-29T23:17:47.301+0800] Free: 196M, Max: 1024K regular, 148M humongous, Frag: 23% external, 8% internal; Reserve: 103M, Max: 1024K
[2024-08-29T23:17:47.301+0800] GC(78) Concurrent reset
[2024-08-29T23:17:47.301+0800] GC(78) Using 2 of 4 workers for concurrent reset
[2024-08-29T23:17:47.301+0800] GC(78) Pacer for Reset. Non-Taxable: 2048M
[2024-08-29T23:17:47.306+0800] GC(78) Concurrent reset 5.282ms
[2024-08-29T23:17:47.306+0800] GC(78) Pause Init Mark (unload classes)
[2024-08-29T23:17:47.306+0800] GC(78) Using 4 of 4 workers for init marking
[2024-08-29T23:17:47.306+0800] GC(78) Pacer for Mark. Expected Live: 1106M, Free: 184M, Non-Taxable: 18845K, Alloc Tax Rate: 7.3x
[2024-08-29T23:17:47.306+0800] GC(78) Pause Init Mark (unload classes) 0.122ms
[2024-08-29T23:17:47.306+0800] GC(78) Concurrent marking roots
[2024-08-29T23:17:47.306+0800] GC(78) Using 2 of 4 workers for concurrent marking roots
[2024-08-29T23:17:47.307+0800] GC(78) Concurrent marking roots 0.221ms
[2024-08-29T23:17:47.307+0800] GC(78) Concurrent marking (unload classes)
[2024-08-29T23:17:47.307+0800] GC(78) Using 2 of 4 workers for concurrent marking
[2024-08-29T23:17:47.309+0800] GC(78) Concurrent marking (unload classes) 2.134ms
[2024-08-29T23:17:47.309+0800] GC(78) Pause Final Mark (unload classes)
[2024-08-29T23:17:47.309+0800] GC(78) Using 4 of 4 workers for final marking
[2024-08-29T23:17:47.309+0800] GC(78) Collectable Garbage: 353M (97%), Immediate: 353M (97%), CSet: 0B (0%)
[2024-08-29T23:17:47.309+0800] GC(78) Pause Final Mark (unload classes) 0.308ms
[2024-08-29T23:17:47.309+0800] GC(78) Concurrent weak references
[2024-08-29T23:17:47.309+0800] GC(78) Using 2 of 4 workers for concurrent weak references
[2024-08-29T23:17:47.309+0800] GC(78) Encountered references: Soft: 178, Weak: 297, Final: 0, Phantom: 5
[2024-08-29T23:17:47.309+0800] GC(78) Discovered  references: Soft: 0, Weak: 142, Final: 0, Phantom: 5
[2024-08-29T23:17:47.309+0800] GC(78) Enqueued    references: Soft: 0, Weak: 0, Final: 0, Phantom: 0
[2024-08-29T23:17:47.309+0800] GC(78) Concurrent weak references 0.114ms
[2024-08-29T23:17:47.309+0800] GC(78) Concurrent weak roots
[2024-08-29T23:17:47.309+0800] GC(78) Using 2 of 4 workers for concurrent weak root
[2024-08-29T23:17:47.311+0800] GC(78) Concurrent weak roots 1.232ms
[2024-08-29T23:17:47.311+0800] GC(78) Concurrent cleanup
[2024-08-29T23:17:47.311+0800] GC(78) Concurrent cleanup 1522M->1168M(2048M) 0.069ms
[2024-08-29T23:17:47.311+0800] GC(78) Free: 584M, Max: 1024K regular, 133M humongous, Frag: 78% external, 2% internal; Reserve: 103M, Max: 1024K
[2024-08-29T23:17:47.311+0800] GC(78) Concurrent class unloading
[2024-08-29T23:17:47.311+0800] GC(78) Using 2 of 4 workers for concurrent class unloading
[2024-08-29T23:17:47.311+0800] GC(78) Concurrent class unloading 0.756ms
[2024-08-29T23:17:47.312+0800] GC(78) Pause Final Roots
[2024-08-29T23:17:47.312+0800] GC(78) Pause Final Roots 0.016ms
[2024-08-29T23:17:47.312+0800] Free: 578M, Max: 1024K regular, 133M humongous, Frag: 77% external, 2% internal; Reserve: 103M, Max: 1024K
[2024-08-29T23:17:47.312+0800] 
[2024-08-29T23:17:47.312+0800] All times are wall-clock times, except per-root-class counters, that are sum over
[2024-08-29T23:17:47.312+0800] all workers. Dividing the <total> over the root stage time estimates parallelism.
[2024-08-29T23:17:47.312+0800] 
[2024-08-29T23:17:47.312+0800] Concurrent Reset                   5380 us
[2024-08-29T23:17:47.312+0800] Pause Init Mark (G)                 282 us
[2024-08-29T23:17:47.312+0800] Pause Init Mark (N)                 131 us
[2024-08-29T23:17:47.312+0800]   Update Region States               70 us
[2024-08-29T23:17:47.312+0800] Concurrent Mark Roots               232 us, parallelism: 0.86x
[2024-08-29T23:17:47.312+0800]   CMR: <total>                      199 us
[2024-08-29T23:17:47.312+0800]   CMR: Thread Roots                 159 us, workers (us):  63,  96, ---, ---, 
[2024-08-29T23:17:47.312+0800]   CMR: VM Strong Roots                5 us, workers (us):   4,   0, ---, ---, 
[2024-08-29T23:17:47.312+0800]   CMR: CLDG Roots                    36 us, workers (us):  36, ---, ---, ---, 
[2024-08-29T23:17:47.312+0800] Concurrent Marking                 2176 us
[2024-08-29T23:17:47.312+0800] Pause Final Mark (G)                400 us
[2024-08-29T23:17:47.312+0800] Pause Final Mark (N)                315 us
[2024-08-29T23:17:47.312+0800]   Finish Mark                       147 us
[2024-08-29T23:17:47.312+0800]   Update Region States               42 us
[2024-08-29T23:17:47.312+0800]   Choose Collection Set              80 us
[2024-08-29T23:17:47.312+0800]   Rebuild Free Set                    9 us
[2024-08-29T23:17:47.312+0800] Concurrent Weak References          122 us, parallelism: 0.04x
[2024-08-29T23:17:47.312+0800]   CWRF: <total>                       5 us
[2024-08-29T23:17:47.312+0800]   CWRF: Weak References               5 us, workers (us):   5,   0, ---, ---, 
[2024-08-29T23:17:47.312+0800] Concurrent Weak Roots              1248 us
[2024-08-29T23:17:47.312+0800]   Roots                             245 us, parallelism: 1.20x
[2024-08-29T23:17:47.312+0800]     CWR: <total>                    293 us
[2024-08-29T23:17:47.312+0800]     CWR: Code Cache Roots           242 us, workers (us): 130, 112, ---, ---, 
[2024-08-29T23:17:47.312+0800]     CWR: VM Weak Roots               48 us, workers (us):  42,   7, ---, ---, 
[2024-08-29T23:17:47.312+0800]     CWR: CLDG Roots                   2 us, workers (us):   2, ---, ---, ---, 
[2024-08-29T23:17:47.312+0800]   Rendezvous                        973 us
[2024-08-29T23:17:47.312+0800] Concurrent Cleanup                   76 us
[2024-08-29T23:17:47.312+0800] Concurrent Class Unloading          774 us
[2024-08-29T23:17:47.312+0800]   Unlink Stale                      596 us
[2024-08-29T23:17:47.312+0800]     System Dictionary                 3 us
[2024-08-29T23:17:47.312+0800]     Weak Class Links                  0 us
[2024-08-29T23:17:47.312+0800]     Code Roots                      592 us
[2024-08-29T23:17:47.312+0800]   Rendezvous                         74 us
[2024-08-29T23:17:47.312+0800]   Purge Unlinked                     73 us
[2024-08-29T23:17:47.312+0800]     Code Roots                       69 us
[2024-08-29T23:17:47.312+0800]     CLDG                              4 us
[2024-08-29T23:17:47.312+0800]     Exception Caches                  0 us
[2024-08-29T23:17:47.312+0800] Pause Final Roots (G)               566 us
[2024-08-29T23:17:47.312+0800] Pause Final Roots (N)                23 us
[2024-08-29T23:17:47.312+0800] 
[2024-08-29T23:17:47.312+0800] Allocation pacing accrued:
[2024-08-29T23:17:47.312+0800]       0 of   172 ms (  0.0%): <total>
[2024-08-29T23:17:47.312+0800]       0 of   172 ms (  0.0%): <average total>
[2024-08-29T23:17:47.312+0800] 
[2024-08-29T23:17:47.312+0800] Metaspace: 1650K(1792K)->1650K(1792K) NonClass: 1530K(1600K)->1530K(1600K) Class: 119K(192K)->119K(192K)
[2024-08-29T23:17:47.312+0800] Pacer for Idle. Initial: 41943K, Alloc Tax Rate: 1.0x
[2024-08-29T23:17:47.452+0800] Trigger: Free (203M) is below minimum threshold (204M)
[2024-08-29T23:17:47.452+0800] Free: 203M, Max: 1024K regular, 133M humongous, Frag: 34% external, 4% internal; Reserve: 103M, Max: 1024K
[2024-08-29T23:17:47.452+0800] GC(79) Concurrent reset
[2024-08-29T23:17:47.452+0800] GC(79) Using 2 of 4 workers for concurrent reset
[2024-08-29T23:17:47.452+0800] GC(79) Pacer for Reset. Non-Taxable: 2048M
[2024-08-29T23:17:47.457+0800] GC(79) Concurrent reset 4.843ms
[2024-08-29T23:17:47.458+0800] GC(79) Pause Init Mark (unload classes)
[2024-08-29T23:17:47.458+0800] GC(79) Using 4 of 4 workers for init marking
[2024-08-29T23:17:47.458+0800] GC(79) Pacer for Mark. Expected Live: 1116M, Free: 189M, Non-Taxable: 19427K, Alloc Tax Rate: 7.2x
[2024-08-29T23:17:47.458+0800] GC(79) Pause Init Mark (unload classes) 0.112ms
[2024-08-29T23:17:47.459+0800] GC(79) Concurrent marking roots
[2024-08-29T23:17:47.459+0800] GC(79) Using 2 of 4 workers for concurrent marking roots
[2024-08-29T23:17:47.459+0800] GC(79) Concurrent marking roots 0.241ms
[2024-08-29T23:17:47.459+0800] GC(79) Concurrent marking (unload classes)
[2024-08-29T23:17:47.459+0800] GC(79) Using 2 of 4 workers for concurrent marking
[2024-08-29T23:17:47.461+0800] GC(79) Concurrent marking (unload classes) 2.314ms
[2024-08-29T23:17:47.462+0800] GC(79) Pause Final Mark (unload classes)
[2024-08-29T23:17:47.462+0800] GC(79) Using 4 of 4 workers for final marking
[2024-08-29T23:17:47.462+0800] GC(79) Collectable Garbage: 282M (96%), Immediate: 282M (96%), CSet: 0B (0%)
[2024-08-29T23:17:47.462+0800] GC(79) Pause Final Mark (unload classes) 0.331ms
[2024-08-29T23:17:47.462+0800] GC(79) Concurrent weak references
[2024-08-29T23:17:47.462+0800] GC(79) Using 2 of 4 workers for concurrent weak references
[2024-08-29T23:17:47.462+0800] GC(79) Encountered references: Soft: 178, Weak: 297, Final: 0, Phantom: 5
[2024-08-29T23:17:47.462+0800] GC(79) Discovered  references: Soft: 0, Weak: 113, Final: 0, Phantom: 3
[2024-08-29T23:17:47.462+0800] GC(79) Enqueued    references: Soft: 0, Weak: 0, Final: 0, Phantom: 0
[2024-08-29T23:17:47.462+0800] GC(79) Concurrent weak references 0.137ms
[2024-08-29T23:17:47.462+0800] GC(79) Concurrent weak roots
[2024-08-29T23:17:47.462+0800] GC(79) Using 2 of 4 workers for concurrent weak root
[2024-08-29T23:17:47.463+0800] GC(79) Concurrent weak roots 0.341ms
[2024-08-29T23:17:47.463+0800] GC(79) Concurrent cleanup
[2024-08-29T23:17:47.463+0800] GC(79) Concurrent cleanup 1523M->1240M(2048M) 0.060ms
[2024-08-29T23:17:47.463+0800] GC(79) Free: 507M, Max: 1024K regular, 133M humongous, Frag: 74% external, 2% internal; Reserve: 103M, Max: 1024K
[2024-08-29T23:17:47.463+0800] GC(79) Concurrent class unloading
[2024-08-29T23:17:47.463+0800] GC(79) Using 2 of 4 workers for concurrent class unloading
[2024-08-29T23:17:47.464+0800] GC(79) Concurrent class unloading 0.767ms
[2024-08-29T23:17:47.465+0800] GC(79) Pause Final Roots
[2024-08-29T23:17:47.465+0800] GC(79) Pause Final Roots 0.018ms
[2024-08-29T23:17:47.465+0800] Free: 499M, Max: 1024K regular, 133M humongous, Frag: 74% external, 2% internal; Reserve: 103M, Max: 1024K
[2024-08-29T23:17:47.465+0800] 
[2024-08-29T23:17:47.465+0800] All times are wall-clock times, except per-root-class counters, that are sum over
[2024-08-29T23:17:47.465+0800] all workers. Dividing the <total> over the root stage time estimates parallelism.
[2024-08-29T23:17:47.465+0800] 
[2024-08-29T23:17:47.465+0800] Concurrent Reset                   5037 us
[2024-08-29T23:17:47.465+0800] Pause Init Mark (G)                1042 us
[2024-08-29T23:17:47.465+0800] Pause Init Mark (N)                 118 us
[2024-08-29T23:17:47.465+0800]   Update Region States               65 us
[2024-08-29T23:17:47.465+0800] Concurrent Mark Roots               251 us, parallelism: 0.84x
[2024-08-29T23:17:47.465+0800]   CMR: <total>                      210 us
[2024-08-29T23:17:47.465+0800]   CMR: Thread Roots                 159 us, workers (us):  77,  82, ---, ---, 
[2024-08-29T23:17:47.465+0800]   CMR: VM Strong Roots                5 us, workers (us):   5,   0, ---, ---, 
[2024-08-29T23:17:47.465+0800]   CMR: CLDG Roots                    46 us, workers (us):  46, ---, ---, ---, 
[2024-08-29T23:17:47.465+0800] Concurrent Marking                 2331 us
[2024-08-29T23:17:47.465+0800] Pause Final Mark (G)               1249 us
[2024-08-29T23:17:47.465+0800] Pause Final Mark (N)                338 us
[2024-08-29T23:17:47.465+0800]   Finish Mark                       154 us
[2024-08-29T23:17:47.465+0800]   Update Region States               46 us
[2024-08-29T23:17:47.465+0800]   Choose Collection Set              74 us
[2024-08-29T23:17:47.465+0800]   Rebuild Free Set                    9 us
[2024-08-29T23:17:47.465+0800] Concurrent Weak References          143 us, parallelism: 0.03x
[2024-08-29T23:17:47.465+0800]   CWRF: <total>                       4 us
[2024-08-29T23:17:47.465+0800]   CWRF: Weak References               4 us, workers (us):   4,   0, ---, ---, 
[2024-08-29T23:17:47.465+0800] Concurrent Weak Roots               351 us
[2024-08-29T23:17:47.465+0800]   Roots                             255 us, parallelism: 1.44x
[2024-08-29T23:17:47.465+0800]     CWR: <total>                    366 us
[2024-08-29T23:17:47.465+0800]     CWR: Code Cache Roots           313 us, workers (us): 153, 160, ---, ---, 
[2024-08-29T23:17:47.465+0800]     CWR: VM Weak Roots               51 us, workers (us):  31,  21, ---, ---, 
[2024-08-29T23:17:47.465+0800]     CWR: CLDG Roots                   2 us, workers (us): ---,   2, ---, ---, 
[2024-08-29T23:17:47.465+0800]   Rendezvous                         75 us
[2024-08-29T23:17:47.465+0800] Concurrent Cleanup                   66 us
[2024-08-29T23:17:47.465+0800] Concurrent Class Unloading          810 us
[2024-08-29T23:17:47.465+0800]   Unlink Stale                      604 us
[2024-08-29T23:17:47.465+0800]     System Dictionary                 3 us
[2024-08-29T23:17:47.465+0800]     Weak Class Links                  0 us
[2024-08-29T23:17:47.465+0800]     Code Roots                      601 us
[2024-08-29T23:17:47.465+0800]   Rendezvous                         58 us
[2024-08-29T23:17:47.465+0800]   Purge Unlinked                     94 us
[2024-08-29T23:17:47.465+0800]     Code Roots                       83 us
[2024-08-29T23:17:47.465+0800]     CLDG                             10 us
[2024-08-29T23:17:47.465+0800]     Exception Caches                  0 us
[2024-08-29T23:17:47.465+0800] Pause Final Roots (G)              1200 us
[2024-08-29T23:17:47.465+0800] Pause Final Roots (N)                27 us
[2024-08-29T23:17:47.465+0800] 
[2024-08-29T23:17:47.465+0800] Allocation pacing accrued:
[2024-08-29T23:17:47.465+0800]       0 of   153 ms (  0.0%): <total>
[2024-08-29T23:17:47.465+0800]       0 of   153 ms (  0.0%): <average total>
[2024-08-29T23:17:47.465+0800] 
[2024-08-29T23:17:47.465+0800] Metaspace: 1650K(1792K)->1650K(1792K) NonClass: 1530K(1600K)->1530K(1600K) Class: 119K(192K)->119K(192K)
[2024-08-29T23:17:47.466+0800] Pacer for Idle. Initial: 41943K, Alloc Tax Rate: 1.0x
[2024-08-29T23:17:47.583+0800] Trigger: Free (202M) is below minimum threshold (204M)
[2024-08-29T23:17:47.583+0800] Free: 202M, Max: 1024K regular, 133M humongous, Frag: 34% external, 1% internal; Reserve: 103M, Max: 1024K
[2024-08-29T23:17:47.583+0800] GC(80) Concurrent reset
[2024-08-29T23:17:47.583+0800] GC(80) Using 2 of 4 workers for concurrent reset
[2024-08-29T23:17:47.583+0800] GC(80) Pacer for Reset. Non-Taxable: 2048M
[2024-08-29T23:17:47.589+0800] GC(80) Concurrent reset 5.225ms
[2024-08-29T23:17:47.589+0800] GC(80) Pause Init Mark (unload classes)
[2024-08-29T23:17:47.589+0800] GC(80) Using 4 of 4 workers for init marking
[2024-08-29T23:17:47.589+0800] GC(80) Pacer for Mark. Expected Live: 1135M, Free: 195M, Non-Taxable: 20007K, Alloc Tax Rate: 7.1x
[2024-08-29T23:17:47.589+0800] GC(80) Pause Init Mark (unload classes) 0.087ms
[2024-08-29T23:17:47.589+0800] GC(80) Concurrent marking roots
[2024-08-29T23:17:47.589+0800] GC(80) Using 2 of 4 workers for concurrent marking roots
[2024-08-29T23:17:47.589+0800] GC(80) Concurrent marking roots 0.221ms
[2024-08-29T23:17:47.589+0800] GC(80) Concurrent marking (unload classes)
[2024-08-29T23:17:47.589+0800] GC(80) Using 2 of 4 workers for concurrent marking
[2024-08-29T23:17:47.591+0800] GC(80) Concurrent marking (unload classes) 1.396ms
[2024-08-29T23:17:47.591+0800] GC(80) Pause Final Mark (unload classes)
[2024-08-29T23:17:47.591+0800] GC(80) Using 4 of 4 workers for final marking
[2024-08-29T23:17:47.591+0800] GC(80) Collectable Garbage: 257M (95%), Immediate: 257M (95%), CSet: 0B (0%)
[2024-08-29T23:17:47.591+0800] GC(80) Pause Final Mark (unload classes) 0.288ms
[2024-08-29T23:17:47.591+0800] GC(80) Concurrent weak references
[2024-08-29T23:17:47.591+0800] GC(80) Using 2 of 4 workers for concurrent weak references
[2024-08-29T23:17:47.591+0800] GC(80) Encountered references: Soft: 178, Weak: 297, Final: 0, Phantom: 5
[2024-08-29T23:17:47.591+0800] GC(80) Discovered  references: Soft: 0, Weak: 111, Final: 0, Phantom: 3
[2024-08-29T23:17:47.591+0800] GC(80) Enqueued    references: Soft: 0, Weak: 0, Final: 0, Phantom: 0
[2024-08-29T23:17:47.591+0800] GC(80) Concurrent weak references 0.064ms
[2024-08-29T23:17:47.591+0800] GC(80) Concurrent weak roots
[2024-08-29T23:17:47.591+0800] GC(80) Using 2 of 4 workers for concurrent weak root
[2024-08-29T23:17:47.592+0800] GC(80) Concurrent weak roots 0.355ms
[2024-08-29T23:17:47.592+0800] GC(80) Concurrent cleanup
[2024-08-29T23:17:47.592+0800] GC(80) Concurrent cleanup 1504M->1246M(2048M) 0.065ms
[2024-08-29T23:17:47.592+0800] GC(80) Free: 495M, Max: 1024K regular, 133M humongous, Frag: 73% external, 2% internal; Reserve: 103M, Max: 1024K
[2024-08-29T23:17:47.592+0800] GC(80) Concurrent class unloading
[2024-08-29T23:17:47.592+0800] GC(80) Using 2 of 4 workers for concurrent class unloading
[2024-08-29T23:17:47.593+0800] GC(80) Concurrent class unloading 1.332ms
[2024-08-29T23:17:47.593+0800] GC(80) Pause Final Roots
[2024-08-29T23:17:47.593+0800] GC(80) Pause Final Roots 0.017ms
[2024-08-29T23:17:47.593+0800] Free: 495M, Max: 1024K regular, 133M humongous, Frag: 73% external, 2% internal; Reserve: 103M, Max: 1024K
[2024-08-29T23:17:47.593+0800] 
[2024-08-29T23:17:47.593+0800] All times are wall-clock times, except per-root-class counters, that are sum over
[2024-08-29T23:17:47.593+0800] all workers. Dividing the <total> over the root stage time estimates parallelism.
[2024-08-29T23:17:47.593+0800] 
[2024-08-29T23:17:47.593+0800] Concurrent Reset                   5306 us
[2024-08-29T23:17:47.593+0800] Pause Init Mark (G)                 197 us
[2024-08-29T23:17:47.593+0800] Pause Init Mark (N)                  93 us
[2024-08-29T23:17:47.593+0800]   Update Region States               45 us
[2024-08-29T23:17:47.593+0800] Concurrent Mark Roots               236 us, parallelism: 0.94x
[2024-08-29T23:17:47.593+0800]   CMR: <total>                      223 us
[2024-08-29T23:17:47.593+0800]   CMR: Thread Roots                 188 us, workers (us):  81, 107, ---, ---, 
[2024-08-29T23:17:47.593+0800]   CMR: VM Strong Roots                3 us, workers (us):   3,   0, ---, ---, 
[2024-08-29T23:17:47.593+0800]   CMR: CLDG Roots                    32 us, workers (us):  32, ---, ---, ---, 
[2024-08-29T23:17:47.593+0800] Concurrent Marking                 1414 us
[2024-08-29T23:17:47.593+0800] Pause Final Mark (G)                527 us
[2024-08-29T23:17:47.593+0800] Pause Final Mark (N)                295 us
[2024-08-29T23:17:47.593+0800]   Finish Mark                       153 us
[2024-08-29T23:17:47.593+0800]   Update Region States               42 us
[2024-08-29T23:17:47.593+0800]   Choose Collection Set              59 us
[2024-08-29T23:17:47.593+0800]   Rebuild Free Set                    9 us
[2024-08-29T23:17:47.593+0800] Concurrent Weak References           70 us, parallelism: 0.05x
[2024-08-29T23:17:47.593+0800]   CWRF: <total>                       4 us
[2024-08-29T23:17:47.593+0800]   CWRF: Weak References               4 us, workers (us):   4,   0, ---, ---, 
[2024-08-29T23:17:47.593+0800] Concurrent Weak Roots               371 us
[2024-08-29T23:17:47.593+0800]   Roots                             276 us, parallelism: 1.48x
[2024-08-29T23:17:47.593+0800]     CWR: <total>                    408 us
[2024-08-29T23:17:47.593+0800]     CWR: Code Cache Roots           359 us, workers (us): 176, 182, ---, ---, 
[2024-08-29T23:17:47.593+0800]     CWR: VM Weak Roots               48 us, workers (us):  28,  20, ---, ---, 
[2024-08-29T23:17:47.593+0800]     CWR: CLDG Roots                   2 us, workers (us):   2, ---, ---, ---, 
[2024-08-29T23:17:47.593+0800]   Rendezvous                         68 us
[2024-08-29T23:17:47.593+0800] Concurrent Cleanup                   72 us
[2024-08-29T23:17:47.593+0800] Concurrent Class Unloading         1349 us
[2024-08-29T23:17:47.593+0800]   Unlink Stale                     1158 us
[2024-08-29T23:17:47.593+0800]     System Dictionary                 2 us
[2024-08-29T23:17:47.593+0800]     Weak Class Links                  0 us
[2024-08-29T23:17:47.593+0800]     Code Roots                     1155 us
[2024-08-29T23:17:47.593+0800]   Rendezvous                         74 us
[2024-08-29T23:17:47.593+0800]   Purge Unlinked                     89 us
[2024-08-29T23:17:47.593+0800]     Code Roots                       76 us
[2024-08-29T23:17:47.593+0800]     CLDG                             12 us
[2024-08-29T23:17:47.593+0800]     Exception Caches                  0 us
[2024-08-29T23:17:47.593+0800] Pause Final Roots (G)                94 us
[2024-08-29T23:17:47.593+0800] Pause Final Roots (N)                24 us
[2024-08-29T23:17:47.593+0800] 
[2024-08-29T23:17:47.593+0800] Allocation pacing accrued:
[2024-08-29T23:17:47.593+0800]       0 of   128 ms (  0.0%): <total>
[2024-08-29T23:17:47.593+0800]       0 of   128 ms (  0.0%): <average total>
[2024-08-29T23:17:47.593+0800] 
[2024-08-29T23:17:47.593+0800] Metaspace: 1650K(1792K)->1650K(1792K) NonClass: 1530K(1600K)->1530K(1600K) Class: 119K(192K)->119K(192K)
[2024-08-29T23:17:47.593+0800] Pacer for Idle. Initial: 41943K, Alloc Tax Rate: 1.0x
[2024-08-29T23:17:47.729+0800] Trigger: Free (202M) is below minimum threshold (204M)
[2024-08-29T23:17:47.729+0800] Free: 196M, Max: 1024K regular, 133M humongous, Frag: 31% external, 5% internal; Reserve: 103M, Max: 1024K
[2024-08-29T23:17:47.729+0800] GC(81) Concurrent reset
[2024-08-29T23:17:47.729+0800] GC(81) Using 2 of 4 workers for concurrent reset
[2024-08-29T23:17:47.729+0800] GC(81) Pacer for Reset. Non-Taxable: 2048M
[2024-08-29T23:17:47.735+0800] GC(81) Concurrent reset 5.853ms
[2024-08-29T23:17:47.735+0800] GC(81) Pause Init Mark (unload classes)
[2024-08-29T23:17:47.735+0800] GC(81) Using 4 of 4 workers for init marking
[2024-08-29T23:17:47.735+0800] GC(81) Pacer for Mark. Expected Live: 1159M, Free: 182M, Non-Taxable: 18709K, Alloc Tax Rate: 7.8x
[2024-08-29T23:17:47.735+0800] GC(81) Pause Init Mark (unload classes) 0.106ms
[2024-08-29T23:17:47.735+0800] GC(81) Concurrent marking roots
[2024-08-29T23:17:47.735+0800] GC(81) Using 2 of 4 workers for concurrent marking roots
[2024-08-29T23:17:47.736+0800] GC(81) Concurrent marking roots 0.220ms
[2024-08-29T23:17:47.736+0800] GC(81) Concurrent marking (unload classes)
[2024-08-29T23:17:47.736+0800] GC(81) Using 2 of 4 workers for concurrent marking
[2024-08-29T23:17:47.737+0800] GC(81) Concurrent marking (unload classes) 1.659ms
[2024-08-29T23:17:47.737+0800] GC(81) Pause Final Mark (unload classes)
[2024-08-29T23:17:47.737+0800] GC(81) Using 4 of 4 workers for final marking
[2024-08-29T23:17:47.738+0800] GC(81) Collectable Garbage: 335M (96%), Immediate: 335M (96%), CSet: 0B (0%)
[2024-08-29T23:17:47.738+0800] GC(81) Pause Final Mark (unload classes) 0.264ms
[2024-08-29T23:17:47.738+0800] GC(81) Concurrent weak references
[2024-08-29T23:17:47.738+0800] GC(81) Using 2 of 4 workers for concurrent weak references
[2024-08-29T23:17:47.738+0800] GC(81) Encountered references: Soft: 178, Weak: 297, Final: 0, Phantom: 5
[2024-08-29T23:17:47.738+0800] GC(81) Discovered  references: Soft: 0, Weak: 104, Final: 0, Phantom: 5
[2024-08-29T23:17:47.738+0800] GC(81) Enqueued    references: Soft: 0, Weak: 0, Final: 0, Phantom: 0
[2024-08-29T23:17:47.738+0800] GC(81) Concurrent weak references 0.064ms
[2024-08-29T23:17:47.738+0800] GC(81) Concurrent weak roots
[2024-08-29T23:17:47.738+0800] GC(81) Using 2 of 4 workers for concurrent weak root
[2024-08-29T23:17:47.738+0800] GC(81) Concurrent weak roots 0.268ms
[2024-08-29T23:17:47.738+0800] GC(81) Concurrent cleanup
[2024-08-29T23:17:47.738+0800] GC(81) Concurrent cleanup 1515M->1179M(2048M) 0.086ms
[2024-08-29T23:17:47.738+0800] GC(81) Free: 573M, Max: 1024K regular, 122M humongous, Frag: 79% external, 2% internal; Reserve: 103M, Max: 1024K
[2024-08-29T23:17:47.738+0800] GC(81) Concurrent class unloading
[2024-08-29T23:17:47.738+0800] GC(81) Using 2 of 4 workers for concurrent class unloading
[2024-08-29T23:17:47.739+0800] GC(81) Concurrent class unloading 1.011ms
[2024-08-29T23:17:47.739+0800] GC(81) Pause Final Roots
[2024-08-29T23:17:47.739+0800] GC(81) Pause Final Roots 0.012ms
[2024-08-29T23:17:47.739+0800] Free: 568M, Max: 1024K regular, 122M humongous, Frag: 79% external, 2% internal; Reserve: 103M, Max: 1024K
[2024-08-29T23:17:47.739+0800] 
[2024-08-29T23:17:47.739+0800] All times are wall-clock times, except per-root-class counters, that are sum over
[2024-08-29T23:17:47.739+0800] all workers. Dividing the <total> over the root stage time estimates parallelism.
[2024-08-29T23:17:47.739+0800] 
[2024-08-29T23:17:47.739+0800] Concurrent Reset                   5918 us
[2024-08-29T23:17:47.739+0800] Pause Init Mark (G)                 260 us
[2024-08-29T23:17:47.739+0800] Pause Init Mark (N)                 132 us
[2024-08-29T23:17:47.739+0800]   Update Region States               64 us
[2024-08-29T23:17:47.739+0800] Concurrent Mark Roots               234 us, parallelism: 1.05x
[2024-08-29T23:17:47.739+0800]   CMR: <total>                      244 us
[2024-08-29T23:17:47.739+0800]   CMR: Thread Roots                 200 us, workers (us):  83, 117, ---, ---, 
[2024-08-29T23:17:47.739+0800]   CMR: VM Strong Roots                4 us, workers (us):   4,   0, ---, ---, 
[2024-08-29T23:17:47.739+0800]   CMR: CLDG Roots                    40 us, workers (us):  40, ---, ---, ---, 
[2024-08-29T23:17:47.739+0800] Concurrent Marking                 1703 us
[2024-08-29T23:17:47.739+0800] Pause Final Mark (G)                344 us
[2024-08-29T23:17:47.739+0800] Pause Final Mark (N)                271 us
[2024-08-29T23:17:47.739+0800]   Finish Mark                       116 us
[2024-08-29T23:17:47.739+0800]   Update Region States               42 us
[2024-08-29T23:17:47.739+0800]   Choose Collection Set              69 us
[2024-08-29T23:17:47.739+0800]   Rebuild Free Set                    9 us
[2024-08-29T23:17:47.739+0800] Concurrent Weak References           70 us, parallelism: 0.05x
[2024-08-29T23:17:47.739+0800]   CWRF: <total>                       3 us
[2024-08-29T23:17:47.739+0800]   CWRF: Weak References               3 us, workers (us):   3,   0, ---, ---, 
[2024-08-29T23:17:47.739+0800] Concurrent Weak Roots               279 us
[2024-08-29T23:17:47.739+0800]   Roots                             197 us, parallelism: 1.60x
[2024-08-29T23:17:47.739+0800]     CWR: <total>                    314 us
[2024-08-29T23:17:47.739+0800]     CWR: Code Cache Roots           269 us, workers (us): 130, 139, ---, ---, 
[2024-08-29T23:17:47.739+0800]     CWR: VM Weak Roots               44 us, workers (us):  26,  17, ---, ---, 
[2024-08-29T23:17:47.739+0800]     CWR: CLDG Roots                   2 us, workers (us):   2, ---, ---, ---, 
[2024-08-29T23:17:47.739+0800]   Rendezvous                         60 us
[2024-08-29T23:17:47.739+0800] Concurrent Cleanup                   96 us
[2024-08-29T23:17:47.739+0800] Concurrent Class Unloading         1026 us
[2024-08-29T23:17:47.739+0800]   Unlink Stale                      540 us
[2024-08-29T23:17:47.739+0800]     System Dictionary                 2 us
[2024-08-29T23:17:47.739+0800]     Weak Class Links                  0 us
[2024-08-29T23:17:47.739+0800]     Code Roots                      537 us
[2024-08-29T23:17:47.740+0800]   Rendezvous                        404 us
[2024-08-29T23:17:47.740+0800]   Purge Unlinked                     55 us
[2024-08-29T23:17:47.740+0800]     Code Roots                       51 us
[2024-08-29T23:17:47.740+0800]     CLDG                              3 us
[2024-08-29T23:17:47.740+0800]     Exception Caches                  0 us
[2024-08-29T23:17:47.740+0800] Pause Final Roots (G)                77 us
[2024-08-29T23:17:47.740+0800] Pause Final Roots (N)                18 us
[2024-08-29T23:17:47.740+0800] 
[2024-08-29T23:17:47.740+0800] Allocation pacing accrued:
[2024-08-29T23:17:47.740+0800]       0 of   146 ms (  0.0%): <total>
[2024-08-29T23:17:47.740+0800]       0 of   146 ms (  0.0%): <average total>
[2024-08-29T23:17:47.740+0800] 
[2024-08-29T23:17:47.740+0800] Metaspace: 1650K(1792K)->1650K(1792K) NonClass: 1530K(1600K)->1530K(1600K) Class: 119K(192K)->119K(192K)
[2024-08-29T23:17:47.740+0800] Pacer for Idle. Initial: 41943K, Alloc Tax Rate: 1.0x
[2024-08-29T23:17:47.865+0800] Trigger: Free (204M) is below minimum threshold (204M)
[2024-08-29T23:17:47.865+0800] Free: 204M, Max: 1024K regular, 122M humongous, Frag: 40% external, 3% internal; Reserve: 103M, Max: 1024K
[2024-08-29T23:17:47.865+0800] GC(82) Concurrent reset
[2024-08-29T23:17:47.865+0800] GC(82) Using 2 of 4 workers for concurrent reset
[2024-08-29T23:17:47.865+0800] GC(82) Pacer for Reset. Non-Taxable: 2048M
[2024-08-29T23:17:47.871+0800] GC(82) Concurrent reset 5.705ms
[2024-08-29T23:17:47.871+0800] GC(82) Pause Init Mark (unload classes)
[2024-08-29T23:17:47.871+0800] GC(82) Using 4 of 4 workers for init marking
[2024-08-29T23:17:47.871+0800] GC(82) Pacer for Mark. Expected Live: 1185M, Free: 189M, Non-Taxable: 19362K, Alloc Tax Rate: 7.7x
[2024-08-29T23:17:47.871+0800] GC(82) Pause Init Mark (unload classes) 0.109ms
[2024-08-29T23:17:47.871+0800] GC(82) Concurrent marking roots
[2024-08-29T23:17:47.871+0800] GC(82) Using 2 of 4 workers for concurrent marking roots
[2024-08-29T23:17:47.872+0800] GC(82) Concurrent marking roots 0.283ms
[2024-08-29T23:17:47.872+0800] GC(82) Concurrent marking (unload classes)
[2024-08-29T23:17:47.872+0800] GC(82) Using 2 of 4 workers for concurrent marking
[2024-08-29T23:17:47.874+0800] GC(82) Concurrent marking (unload classes) 1.863ms
[2024-08-29T23:17:47.874+0800] GC(82) Pause Final Mark (unload classes)
[2024-08-29T23:17:47.874+0800] GC(82) Using 4 of 4 workers for final marking
[2024-08-29T23:17:47.874+0800] GC(82) Collectable Garbage: 281M (95%), Immediate: 281M (95%), CSet: 0B (0%)
[2024-08-29T23:17:47.874+0800] GC(82) Pause Final Mark (unload classes) 0.292ms
[2024-08-29T23:17:47.874+0800] GC(82) Concurrent weak references
[2024-08-29T23:17:47.874+0800] GC(82) Using 2 of 4 workers for concurrent weak references
[2024-08-29T23:17:47.874+0800] GC(82) Encountered references: Soft: 178, Weak: 297, Final: 0, Phantom: 5
[2024-08-29T23:17:47.874+0800] GC(82) Discovered  references: Soft: 0, Weak: 104, Final: 0, Phantom: 3
[2024-08-29T23:17:47.874+0800] GC(82) Enqueued    references: Soft: 0, Weak: 0, Final: 0, Phantom: 0
[2024-08-29T23:17:47.874+0800] GC(82) Concurrent weak references 0.116ms
[2024-08-29T23:17:47.874+0800] GC(82) Concurrent weak roots
[2024-08-29T23:17:47.874+0800] GC(82) Using 2 of 4 workers for concurrent weak root
[2024-08-29T23:17:47.874+0800] GC(82) Concurrent weak roots 0.370ms
[2024-08-29T23:17:47.874+0800] GC(82) Concurrent cleanup
[2024-08-29T23:17:47.875+0800] GC(82) Concurrent cleanup 1515M->1233M(2048M) 0.067ms
[2024-08-29T23:17:47.875+0800] GC(82) Free: 513M, Max: 1024K regular, 114M humongous, Frag: 78% external, 3% internal; Reserve: 103M, Max: 1024K
[2024-08-29T23:17:47.875+0800] GC(82) Concurrent class unloading
[2024-08-29T23:17:47.875+0800] GC(82) Using 2 of 4 workers for concurrent class unloading
[2024-08-29T23:17:47.876+0800] GC(82) Concurrent class unloading 1.255ms
[2024-08-29T23:17:47.876+0800] GC(82) Pause Final Roots
[2024-08-29T23:17:47.876+0800] GC(82) Pause Final Roots 0.014ms
[2024-08-29T23:17:47.876+0800] Free: 507M, Max: 1024K regular, 114M humongous, Frag: 78% external, 3% internal; Reserve: 103M, Max: 1024K
[2024-08-29T23:17:47.876+0800] 
[2024-08-29T23:17:47.876+0800] All times are wall-clock times, except per-root-class counters, that are sum over
[2024-08-29T23:17:47.876+0800] all workers. Dividing the <total> over the root stage time estimates parallelism.
[2024-08-29T23:17:47.876+0800] 
[2024-08-29T23:17:47.876+0800] Concurrent Reset                   5814 us
[2024-08-29T23:17:47.876+0800] Pause Init Mark (G)                 289 us
[2024-08-29T23:17:47.876+0800] Pause Init Mark (N)                 117 us
[2024-08-29T23:17:47.876+0800]   Update Region States               55 us
[2024-08-29T23:17:47.876+0800] Concurrent Mark Roots               295 us, parallelism: 0.61x
[2024-08-29T23:17:47.876+0800]   CMR: <total>                      181 us
[2024-08-29T23:17:47.876+0800]   CMR: Thread Roots                 146 us, workers (us): 146,   0, ---, ---, 
[2024-08-29T23:17:47.876+0800]   CMR: VM Strong Roots                4 us, workers (us):   4,   0, ---, ---, 
[2024-08-29T23:17:47.876+0800]   CMR: CLDG Roots                    32 us, workers (us):  32, ---, ---, ---, 
[2024-08-29T23:17:47.876+0800] Concurrent Marking                 1884 us
[2024-08-29T23:17:47.876+0800] Pause Final Mark (G)                361 us
[2024-08-29T23:17:47.876+0800] Pause Final Mark (N)                299 us
[2024-08-29T23:17:47.876+0800]   Finish Mark                       150 us
[2024-08-29T23:17:47.876+0800]   Update Region States               41 us
[2024-08-29T23:17:47.876+0800]   Choose Collection Set              63 us
[2024-08-29T23:17:47.876+0800]   Rebuild Free Set                    8 us
[2024-08-29T23:17:47.876+0800] Concurrent Weak References          122 us, parallelism: 0.03x
[2024-08-29T23:17:47.876+0800]   CWRF: <total>                       4 us
[2024-08-29T23:17:47.876+0800]   CWRF: Weak References               4 us, workers (us):   4,   0, ---, ---, 
[2024-08-29T23:17:47.876+0800] Concurrent Weak Roots               385 us
[2024-08-29T23:17:47.876+0800]   Roots                             272 us, parallelism: 1.37x
[2024-08-29T23:17:47.876+0800]     CWR: <total>                    373 us
[2024-08-29T23:17:47.876+0800]     CWR: Code Cache Roots           320 us, workers (us): 153, 166, ---, ---, 
[2024-08-29T23:17:47.876+0800]     CWR: VM Weak Roots               51 us, workers (us):  34,  17, ---, ---, 
[2024-08-29T23:17:47.876+0800]     CWR: CLDG Roots                   3 us, workers (us): ---,   3, ---, ---, 
[2024-08-29T23:17:47.876+0800]   Rendezvous                         87 us
[2024-08-29T23:17:47.876+0800] Concurrent Cleanup                   73 us
[2024-08-29T23:17:47.876+0800] Concurrent Class Unloading         1273 us
[2024-08-29T23:17:47.876+0800]   Unlink Stale                      658 us
[2024-08-29T23:17:47.876+0800]     System Dictionary                 3 us
[2024-08-29T23:17:47.876+0800]     Weak Class Links                  0 us
[2024-08-29T23:17:47.876+0800]     Code Roots                      655 us
[2024-08-29T23:17:47.876+0800]   Rendezvous                        501 us
[2024-08-29T23:17:47.876+0800]   Purge Unlinked                     84 us
[2024-08-29T23:17:47.876+0800]     Code Roots                       72 us
[2024-08-29T23:17:47.876+0800]     CLDG                             12 us
[2024-08-29T23:17:47.876+0800]     Exception Caches                  0 us
[2024-08-29T23:17:47.876+0800] Pause Final Roots (G)                89 us
[2024-08-29T23:17:47.876+0800] Pause Final Roots (N)                21 us
[2024-08-29T23:17:47.876+0800] 
[2024-08-29T23:17:47.876+0800] Allocation pacing accrued:
[2024-08-29T23:17:47.876+0800]       0 of   137 ms (  0.0%): <total>
[2024-08-29T23:17:47.876+0800]       0 of   137 ms (  0.0%): <average total>
[2024-08-29T23:17:47.876+0800] 
[2024-08-29T23:17:47.876+0800] Metaspace: 1650K(1792K)->1650K(1792K) NonClass: 1530K(1600K)->1530K(1600K) Class: 119K(192K)->119K(192K)
[2024-08-29T23:17:47.876+0800] Pacer for Idle. Initial: 41943K, Alloc Tax Rate: 1.0x
[2024-08-29T23:17:48.020+0800] Trigger: Free (201M) is below minimum threshold (204M)
[2024-08-29T23:17:48.020+0800] Free: 201M, Max: 1024K regular, 114M humongous, Frag: 43% external, 1% internal; Reserve: 103M, Max: 1024K
[2024-08-29T23:17:48.020+0800] GC(83) Concurrent reset
[2024-08-29T23:17:48.020+0800] GC(83) Using 2 of 4 workers for concurrent reset
[2024-08-29T23:17:48.020+0800] GC(83) Pacer for Reset. Non-Taxable: 2048M
[2024-08-29T23:17:48.025+0800] GC(83) Concurrent reset 5.340ms
[2024-08-29T23:17:48.027+0800] GC(83) Pause Init Mark (unload classes)
[2024-08-29T23:17:48.027+0800] GC(83) Using 4 of 4 workers for init marking
[2024-08-29T23:17:48.027+0800] GC(83) Pacer for Mark. Expected Live: 1194M, Free: 186M, Non-Taxable: 19103K, Alloc Tax Rate: 7.8x
[2024-08-29T23:17:48.027+0800] GC(83) Pause Init Mark (unload classes) 0.121ms
[2024-08-29T23:17:48.027+0800] GC(83) Concurrent marking roots
[2024-08-29T23:17:48.027+0800] GC(83) Using 2 of 4 workers for concurrent marking roots
[2024-08-29T23:17:48.027+0800] GC(83) Concurrent marking roots 0.227ms
[2024-08-29T23:17:48.027+0800] GC(83) Concurrent marking (unload classes)
[2024-08-29T23:17:48.027+0800] GC(83) Using 2 of 4 workers for concurrent marking
[2024-08-29T23:17:48.028+0800] GC(83) Concurrent marking (unload classes) 1.394ms
[2024-08-29T23:17:48.028+0800] GC(83) Pause Final Mark (unload classes)
[2024-08-29T23:17:48.028+0800] GC(83) Using 4 of 4 workers for final marking
[2024-08-29T23:17:48.029+0800] GC(83) Collectable Garbage: 387M (96%), Immediate: 387M (96%), CSet: 0B (0%)
[2024-08-29T23:17:48.029+0800] GC(83) Pause Final Mark (unload classes) 0.305ms
[2024-08-29T23:17:48.029+0800] GC(83) Concurrent weak references
[2024-08-29T23:17:48.029+0800] GC(83) Using 2 of 4 workers for concurrent weak references
[2024-08-29T23:17:48.029+0800] GC(83) Encountered references: Soft: 178, Weak: 297, Final: 0, Phantom: 5
[2024-08-29T23:17:48.029+0800] GC(83) Discovered  references: Soft: 0, Weak: 113, Final: 0, Phantom: 5
[2024-08-29T23:17:48.029+0800] GC(83) Enqueued    references: Soft: 0, Weak: 0, Final: 0, Phantom: 0
[2024-08-29T23:17:48.029+0800] GC(83) Concurrent weak references 0.089ms
[2024-08-29T23:17:48.029+0800] GC(83) Concurrent weak roots
[2024-08-29T23:17:48.029+0800] GC(83) Using 2 of 4 workers for concurrent weak root
[2024-08-29T23:17:48.029+0800] GC(83) Concurrent weak roots 0.269ms
[2024-08-29T23:17:48.029+0800] GC(83) Concurrent cleanup
[2024-08-29T23:17:48.029+0800] GC(83) Concurrent cleanup 1507M->1123M(2048M) 0.074ms
[2024-08-29T23:17:48.029+0800] GC(83) Free: 635M, Max: 1024K regular, 114M humongous, Frag: 82% external, 2% internal; Reserve: 103M, Max: 1024K
[2024-08-29T23:17:48.029+0800] GC(83) Concurrent class unloading
[2024-08-29T23:17:48.029+0800] GC(83) Using 2 of 4 workers for concurrent class unloading
[2024-08-29T23:17:48.030+0800] GC(83) Concurrent class unloading 0.813ms
[2024-08-29T23:17:48.030+0800] GC(83) Pause Final Roots
[2024-08-29T23:17:48.030+0800] GC(83) Pause Final Roots 0.028ms
[2024-08-29T23:17:48.030+0800] Free: 635M, Max: 1024K regular, 114M humongous, Frag: 82% external, 2% internal; Reserve: 103M, Max: 1024K
[2024-08-29T23:17:48.030+0800] 
[2024-08-29T23:17:48.030+0800] All times are wall-clock times, except per-root-class counters, that are sum over
[2024-08-29T23:17:48.030+0800] all workers. Dividing the <total> over the root stage time estimates parallelism.
[2024-08-29T23:17:48.030+0800] 
[2024-08-29T23:17:48.030+0800] Concurrent Reset                   5495 us
[2024-08-29T23:17:48.030+0800] Pause Init Mark (G)                1254 us
[2024-08-29T23:17:48.030+0800] Pause Init Mark (N)                 131 us
[2024-08-29T23:17:48.030+0800]   Update Region States               59 us
[2024-08-29T23:17:48.030+0800] Concurrent Mark Roots               239 us, parallelism: 1.02x
[2024-08-29T23:17:48.030+0800]   CMR: <total>                      244 us
[2024-08-29T23:17:48.030+0800]   CMR: Thread Roots                 184 us, workers (us):  69, 115, ---, ---, 
[2024-08-29T23:17:48.030+0800]   CMR: VM Strong Roots                7 us, workers (us):   6,   0, ---, ---, 
[2024-08-29T23:17:48.030+0800]   CMR: CLDG Roots                    54 us, workers (us):  54, ---, ---, ---, 
[2024-08-29T23:17:48.030+0800] Concurrent Marking                 1410 us
[2024-08-29T23:17:48.030+0800] Pause Final Mark (G)                376 us
[2024-08-29T23:17:48.030+0800] Pause Final Mark (N)                312 us
[2024-08-29T23:17:48.030+0800]   Finish Mark                       152 us
[2024-08-29T23:17:48.030+0800]   Update Region States               56 us
[2024-08-29T23:17:48.030+0800]   Choose Collection Set              69 us
[2024-08-29T23:17:48.030+0800]   Rebuild Free Set                    8 us
[2024-08-29T23:17:48.030+0800] Concurrent Weak References           95 us, parallelism: 0.03x
[2024-08-29T23:17:48.030+0800]   CWRF: <total>                       3 us
[2024-08-29T23:17:48.030+0800]   CWRF: Weak References               3 us, workers (us):   3,   0, ---, ---, 
[2024-08-29T23:17:48.030+0800] Concurrent Weak Roots               286 us
[2024-08-29T23:17:48.030+0800]   Roots                             203 us, parallelism: 1.60x
[2024-08-29T23:17:48.030+0800]     CWR: <total>                    326 us
[2024-08-29T23:17:48.030+0800]     CWR: Code Cache Roots           278 us, workers (us): 151, 128, ---, ---, 
[2024-08-29T23:17:48.030+0800]     CWR: VM Weak Roots               46 us, workers (us):  26,  20, ---, ---, 
[2024-08-29T23:17:48.030+0800]     CWR: CLDG Roots                   2 us, workers (us): ---,   2, ---, ---, 
[2024-08-29T23:17:48.030+0800]   Rendezvous                         56 us
[2024-08-29T23:17:48.030+0800] Concurrent Cleanup                   82 us
[2024-08-29T23:17:48.030+0800] Concurrent Class Unloading          843 us
[2024-08-29T23:17:48.030+0800]   Unlink Stale                      680 us
[2024-08-29T23:17:48.030+0800]     System Dictionary                 2 us
[2024-08-29T23:17:48.030+0800]     Weak Class Links                  0 us
[2024-08-29T23:17:48.030+0800]     Code Roots                      678 us
[2024-08-29T23:17:48.030+0800]   Rendezvous                         53 us
[2024-08-29T23:17:48.030+0800]   Purge Unlinked                     70 us
[2024-08-29T23:17:48.030+0800]     Code Roots                       67 us
[2024-08-29T23:17:48.030+0800]     CLDG                              3 us
[2024-08-29T23:17:48.030+0800]     Exception Caches                  0 us
[2024-08-29T23:17:48.030+0800] Pause Final Roots (G)                93 us
[2024-08-29T23:17:48.030+0800] Pause Final Roots (N)                35 us
[2024-08-29T23:17:48.030+0800] 
[2024-08-29T23:17:48.030+0800] Allocation pacing accrued:
[2024-08-29T23:17:48.030+0800]       0 of   154 ms (  0.0%): <total>
[2024-08-29T23:17:48.030+0800]       0 of   154 ms (  0.0%): <average total>
[2024-08-29T23:17:48.030+0800] 
[2024-08-29T23:17:48.030+0800] Metaspace: 1650K(1792K)->1650K(1792K) NonClass: 1530K(1600K)->1530K(1600K) Class: 119K(192K)->119K(192K)
[2024-08-29T23:17:48.030+0800] Pacer for Idle. Initial: 41943K, Alloc Tax Rate: 1.0x
[2024-08-29T23:17:48.213+0800] Trigger: Free (199M) is below minimum threshold (204M)
[2024-08-29T23:17:48.214+0800] Free: 199M, Max: 1024K regular, 114M humongous, Frag: 43% external, 0% internal; Reserve: 103M, Max: 1024K
[2024-08-29T23:17:48.214+0800] GC(84) Concurrent reset
[2024-08-29T23:17:48.214+0800] GC(84) Using 2 of 4 workers for concurrent reset
[2024-08-29T23:17:48.214+0800] GC(84) Pacer for Reset. Non-Taxable: 2048M
[2024-08-29T23:17:48.219+0800] GC(84) Concurrent reset 5.859ms
[2024-08-29T23:17:48.220+0800] GC(84) Pause Init Mark (unload classes)
[2024-08-29T23:17:48.220+0800] GC(84) Using 4 of 4 workers for init marking
[2024-08-29T23:17:48.220+0800] GC(84) Pacer for Mark. Expected Live: 1186M, Free: 185M, Non-Taxable: 19037K, Alloc Tax Rate: 7.8x
[2024-08-29T23:17:48.220+0800] GC(84) Pause Init Mark (unload classes) 0.086ms
[2024-08-29T23:17:48.220+0800] GC(84) Concurrent marking roots
[2024-08-29T23:17:48.220+0800] GC(84) Using 2 of 4 workers for concurrent marking roots
[2024-08-29T23:17:48.220+0800] GC(84) Concurrent marking roots 0.210ms
[2024-08-29T23:17:48.220+0800] GC(84) Concurrent marking (unload classes)
[2024-08-29T23:17:48.220+0800] GC(84) Using 2 of 4 workers for concurrent marking
[2024-08-29T23:17:48.222+0800] GC(84) Concurrent marking (unload classes) 1.765ms
[2024-08-29T23:17:48.222+0800] GC(84) Pause Final Mark (unload classes)
[2024-08-29T23:17:48.222+0800] GC(84) Using 4 of 4 workers for final marking
[2024-08-29T23:17:48.222+0800] GC(84) Collectable Garbage: 430M (97%), Immediate: 430M (97%), CSet: 0B (0%)
[2024-08-29T23:17:48.222+0800] GC(84) Pause Final Mark (unload classes) 0.301ms
[2024-08-29T23:17:48.222+0800] GC(84) Concurrent weak references
[2024-08-29T23:17:48.222+0800] GC(84) Using 2 of 4 workers for concurrent weak references
[2024-08-29T23:17:48.222+0800] GC(84) Encountered references: Soft: 178, Weak: 297, Final: 0, Phantom: 5
[2024-08-29T23:17:48.222+0800] GC(84) Discovered  references: Soft: 0, Weak: 113, Final: 0, Phantom: 3
[2024-08-29T23:17:48.222+0800] GC(84) Enqueued    references: Soft: 0, Weak: 0, Final: 0, Phantom: 0
[2024-08-29T23:17:48.222+0800] GC(84) Concurrent weak references 0.096ms
[2024-08-29T23:17:48.222+0800] GC(84) Concurrent weak roots
[2024-08-29T23:17:48.222+0800] GC(84) Using 2 of 4 workers for concurrent weak root
[2024-08-29T23:17:48.222+0800] GC(84) Concurrent weak roots 0.335ms
[2024-08-29T23:17:48.222+0800] GC(84) Concurrent cleanup
[2024-08-29T23:17:48.223+0800] GC(84) Concurrent cleanup 1512M->1082M(2048M) 0.072ms
[2024-08-29T23:17:48.223+0800] GC(84) Free: 678M, Max: 1024K regular, 118M humongous, Frag: 83% external, 3% internal; Reserve: 103M, Max: 1024K
[2024-08-29T23:17:48.223+0800] GC(84) Concurrent class unloading
[2024-08-29T23:17:48.223+0800] GC(84) Using 2 of 4 workers for concurrent class unloading
[2024-08-29T23:17:48.223+0800] GC(84) Concurrent class unloading 0.797ms
[2024-08-29T23:17:48.223+0800] GC(84) Pause Final Roots
[2024-08-29T23:17:48.223+0800] GC(84) Pause Final Roots 0.016ms
[2024-08-29T23:17:48.224+0800] Free: 678M, Max: 1024K regular, 118M humongous, Frag: 83% external, 3% internal; Reserve: 103M, Max: 1024K
[2024-08-29T23:17:48.224+0800] 
[2024-08-29T23:17:48.224+0800] All times are wall-clock times, except per-root-class counters, that are sum over
[2024-08-29T23:17:48.224+0800] all workers. Dividing the <total> over the root stage time estimates parallelism.
[2024-08-29T23:17:48.224+0800] 
[2024-08-29T23:17:48.224+0800] Concurrent Reset                   5935 us
[2024-08-29T23:17:48.224+0800] Pause Init Mark (G)                 177 us
[2024-08-29T23:17:48.224+0800] Pause Init Mark (N)                  93 us
[2024-08-29T23:17:48.224+0800]   Update Region States               44 us
[2024-08-29T23:17:48.224+0800] Concurrent Mark Roots               221 us, parallelism: 0.99x
[2024-08-29T23:17:48.224+0800]   CMR: <total>                      219 us
[2024-08-29T23:17:48.224+0800]   CMR: Thread Roots                 184 us, workers (us):  81, 102, ---, ---, 
[2024-08-29T23:17:48.224+0800]   CMR: VM Strong Roots                3 us, workers (us):   3,   0, ---, ---, 
[2024-08-29T23:17:48.224+0800]   CMR: CLDG Roots                    32 us, workers (us):  32, ---, ---, ---, 
[2024-08-29T23:17:48.224+0800] Concurrent Marking                 1784 us
[2024-08-29T23:17:48.224+0800] Pause Final Mark (G)                378 us
[2024-08-29T23:17:48.224+0800] Pause Final Mark (N)                308 us
[2024-08-29T23:17:48.224+0800]   Finish Mark                       139 us
[2024-08-29T23:17:48.224+0800]   Update Region States               42 us
[2024-08-29T23:17:48.224+0800]   Choose Collection Set              85 us
[2024-08-29T23:17:48.224+0800]   Rebuild Free Set                    9 us
[2024-08-29T23:17:48.224+0800] Concurrent Weak References          102 us, parallelism: 0.03x
[2024-08-29T23:17:48.224+0800]   CWRF: <total>                       3 us
[2024-08-29T23:17:48.224+0800]   CWRF: Weak References               3 us, workers (us):   3,   0, ---, ---, 
[2024-08-29T23:17:48.224+0800] Concurrent Weak Roots               347 us
[2024-08-29T23:17:48.224+0800]   Roots                             262 us, parallelism: 1.34x
[2024-08-29T23:17:48.224+0800]     CWR: <total>                    352 us
[2024-08-29T23:17:48.224+0800]     CWR: Code Cache Roots           300 us, workers (us): 147, 154, ---, ---, 
[2024-08-29T23:17:48.224+0800]     CWR: VM Weak Roots               50 us, workers (us):  30,  19, ---, ---, 
[2024-08-29T23:17:48.224+0800]     CWR: CLDG Roots                   2 us, workers (us):   2, ---, ---, ---, 
[2024-08-29T23:17:48.224+0800]   Rendezvous                         62 us
[2024-08-29T23:17:48.224+0800] Concurrent Cleanup                   78 us
[2024-08-29T23:17:48.224+0800] Concurrent Class Unloading          813 us
[2024-08-29T23:17:48.224+0800]   Unlink Stale                      634 us
[2024-08-29T23:17:48.224+0800]     System Dictionary                 2 us
[2024-08-29T23:17:48.224+0800]     Weak Class Links                  0 us
[2024-08-29T23:17:48.224+0800]     Code Roots                      631 us
[2024-08-29T23:17:48.224+0800]   Rendezvous                         62 us
[2024-08-29T23:17:48.224+0800]   Purge Unlinked                     89 us
[2024-08-29T23:17:48.224+0800]     Code Roots                       76 us
[2024-08-29T23:17:48.224+0800]     CLDG                             12 us
[2024-08-29T23:17:48.224+0800]     Exception Caches                  0 us
[2024-08-29T23:17:48.224+0800] Pause Final Roots (G)                92 us
[2024-08-29T23:17:48.224+0800] Pause Final Roots (N)                23 us
[2024-08-29T23:17:48.224+0800] 
[2024-08-29T23:17:48.224+0800] Allocation pacing accrued:
[2024-08-29T23:17:48.224+0800]       0 of   193 ms (  0.0%): <total>
[2024-08-29T23:17:48.224+0800]       0 of   193 ms (  0.0%): <average total>
[2024-08-29T23:17:48.224+0800] 
[2024-08-29T23:17:48.224+0800] Metaspace: 1650K(1792K)->1650K(1792K) NonClass: 1530K(1600K)->1530K(1600K) Class: 119K(192K)->119K(192K)
[2024-08-29T23:17:48.224+0800] Pacer for Idle. Initial: 41943K, Alloc Tax Rate: 1.0x
[2024-08-29T23:17:48.411+0800] Trigger: Free (203M) is below minimum threshold (204M)
[2024-08-29T23:17:48.411+0800] Free: 199M, Max: 1024K regular, 118M humongous, Frag: 40% external, 5% internal; Reserve: 103M, Max: 1024K
[2024-08-29T23:17:48.411+0800] GC(85) Concurrent reset
[2024-08-29T23:17:48.411+0800] GC(85) Using 2 of 4 workers for concurrent reset
[2024-08-29T23:17:48.411+0800] GC(85) Pacer for Reset. Non-Taxable: 2048M
[2024-08-29T23:17:48.417+0800] GC(85) Concurrent reset 5.841ms
[2024-08-29T23:17:48.418+0800] GC(85) Pause Init Mark (unload classes)
[2024-08-29T23:17:48.418+0800] GC(85) Using 4 of 4 workers for init marking
[2024-08-29T23:17:48.418+0800] GC(85) Pacer for Mark. Expected Live: 1154M, Free: 183M, Non-Taxable: 18748K, Alloc Tax Rate: 7.7x
[2024-08-29T23:17:48.418+0800] GC(85) Pause Init Mark (unload classes) 0.128ms
[2024-08-29T23:17:48.418+0800] GC(85) Concurrent marking roots
[2024-08-29T23:17:48.418+0800] GC(85) Using 2 of 4 workers for concurrent marking roots
[2024-08-29T23:17:48.418+0800] GC(85) Concurrent marking roots 0.230ms
[2024-08-29T23:17:48.418+0800] GC(85) Concurrent marking (unload classes)
[2024-08-29T23:17:48.418+0800] GC(85) Using 2 of 4 workers for concurrent marking
[2024-08-29T23:17:48.420+0800] GC(85) Concurrent marking (unload classes) 1.876ms
[2024-08-29T23:17:48.420+0800] GC(85) Pause Final Mark (unload classes)
[2024-08-29T23:17:48.420+0800] GC(85) Using 4 of 4 workers for final marking
[2024-08-29T23:17:48.420+0800] GC(85) Collectable Garbage: 413M (96%), Immediate: 413M (96%), CSet: 0B (0%)
[2024-08-29T23:17:48.420+0800] GC(85) Pause Final Mark (unload classes) 0.317ms
[2024-08-29T23:17:48.420+0800] GC(85) Concurrent weak references
[2024-08-29T23:17:48.420+0800] GC(85) Using 2 of 4 workers for concurrent weak references
[2024-08-29T23:17:48.420+0800] GC(85) Encountered references: Soft: 178, Weak: 297, Final: 0, Phantom: 5
[2024-08-29T23:17:48.420+0800] GC(85) Discovered  references: Soft: 0, Weak: 113, Final: 0, Phantom: 5
[2024-08-29T23:17:48.420+0800] GC(85) Enqueued    references: Soft: 0, Weak: 0, Final: 0, Phantom: 0
[2024-08-29T23:17:48.420+0800] GC(85) Concurrent weak references 0.070ms
[2024-08-29T23:17:48.420+0800] GC(85) Concurrent weak roots
[2024-08-29T23:17:48.420+0800] GC(85) Using 2 of 4 workers for concurrent weak root
[2024-08-29T23:17:48.421+0800] GC(85) Concurrent weak roots 0.312ms
[2024-08-29T23:17:48.421+0800] GC(85) Concurrent cleanup
[2024-08-29T23:17:48.421+0800] GC(85) Concurrent cleanup 1515M->1101M(2048M) 0.090ms
[2024-08-29T23:17:48.421+0800] GC(85) Free: 661M, Max: 1024K regular, 133M humongous, Frag: 80% external, 2% internal; Reserve: 103M, Max: 1024K
[2024-08-29T23:17:48.421+0800] GC(85) Concurrent class unloading
[2024-08-29T23:17:48.421+0800] GC(85) Using 2 of 4 workers for concurrent class unloading
[2024-08-29T23:17:48.422+0800] GC(85) Concurrent class unloading 0.721ms
[2024-08-29T23:17:48.422+0800] GC(85) Pause Final Roots
[2024-08-29T23:17:48.422+0800] GC(85) Pause Final Roots 0.018ms
[2024-08-29T23:17:48.422+0800] Free: 660M, Max: 1024K regular, 133M humongous, Frag: 80% external, 2% internal; Reserve: 103M, Max: 1024K
[2024-08-29T23:17:48.422+0800] 
[2024-08-29T23:17:48.422+0800] All times are wall-clock times, except per-root-class counters, that are sum over
[2024-08-29T23:17:48.422+0800] all workers. Dividing the <total> over the root stage time estimates parallelism.
[2024-08-29T23:17:48.422+0800] 
[2024-08-29T23:17:48.422+0800] Concurrent Reset                   5937 us
[2024-08-29T23:17:48.422+0800] Pause Init Mark (G)                 969 us
[2024-08-29T23:17:48.422+0800] Pause Init Mark (N)                 135 us
[2024-08-29T23:17:48.422+0800]   Update Region States               72 us
[2024-08-29T23:17:48.422+0800] Concurrent Mark Roots               241 us, parallelism: 0.94x
[2024-08-29T23:17:48.422+0800]   CMR: <total>                      226 us
[2024-08-29T23:17:48.422+0800]   CMR: Thread Roots                 181 us, workers (us):  76, 105, ---, ---, 
[2024-08-29T23:17:48.422+0800]   CMR: VM Strong Roots                4 us, workers (us):   4,   0, ---, ---, 
[2024-08-29T23:17:48.422+0800]   CMR: CLDG Roots                    40 us, workers (us):  40, ---, ---, ---, 
[2024-08-29T23:17:48.422+0800] Concurrent Marking                 1919 us
[2024-08-29T23:17:48.422+0800] Pause Final Mark (G)                347 us
[2024-08-29T23:17:48.422+0800] Pause Final Mark (N)                324 us
[2024-08-29T23:17:48.422+0800]   Finish Mark                       143 us
[2024-08-29T23:17:48.422+0800]   Update Region States               62 us
[2024-08-29T23:17:48.422+0800]   Choose Collection Set              84 us
[2024-08-29T23:17:48.422+0800]   Rebuild Free Set                    9 us
[2024-08-29T23:17:48.422+0800] Concurrent Weak References           76 us, parallelism: 0.06x
[2024-08-29T23:17:48.422+0800]   CWRF: <total>                       4 us
[2024-08-29T23:17:48.422+0800]   CWRF: Weak References               4 us, workers (us):   4,   0, ---, ---, 
[2024-08-29T23:17:48.422+0800] Concurrent Weak Roots               331 us
[2024-08-29T23:17:48.422+0800]   Roots                             275 us, parallelism: 1.38x
[2024-08-29T23:17:48.422+0800]     CWR: <total>                    379 us
[2024-08-29T23:17:48.422+0800]     CWR: Code Cache Roots           325 us, workers (us): 161, 164, ---, ---, 
[2024-08-29T23:17:48.422+0800]     CWR: VM Weak Roots               51 us, workers (us):  41,  10, ---, ---, 
[2024-08-29T23:17:48.422+0800]     CWR: CLDG Roots                   2 us, workers (us):   2, ---, ---, ---, 
[2024-08-29T23:17:48.422+0800]   Rendezvous                         27 us
[2024-08-29T23:17:48.422+0800] Concurrent Cleanup                   99 us
[2024-08-29T23:17:48.422+0800] Concurrent Class Unloading          738 us
[2024-08-29T23:17:48.422+0800]   Unlink Stale                      599 us
[2024-08-29T23:17:48.422+0800]     System Dictionary                 3 us
[2024-08-29T23:17:48.422+0800]     Weak Class Links                  0 us
[2024-08-29T23:17:48.422+0800]     Code Roots                      595 us
[2024-08-29T23:17:48.422+0800]   Rendezvous                         20 us
[2024-08-29T23:17:48.422+0800]   Purge Unlinked                     87 us
[2024-08-29T23:17:48.422+0800]     Code Roots                       75 us
[2024-08-29T23:17:48.422+0800]     CLDG                             12 us
[2024-08-29T23:17:48.422+0800]     Exception Caches                  0 us
[2024-08-29T23:17:48.422+0800] Pause Final Roots (G)                49 us
[2024-08-29T23:17:48.422+0800] Pause Final Roots (N)                26 us
[2024-08-29T23:17:48.422+0800] 
[2024-08-29T23:17:48.422+0800] Allocation pacing accrued:
[2024-08-29T23:17:48.422+0800]       0 of   198 ms (  0.0%): <total>
[2024-08-29T23:17:48.422+0800]       0 of   198 ms (  0.0%): <average total>
[2024-08-29T23:17:48.422+0800] 
[2024-08-29T23:17:48.422+0800] Metaspace: 1650K(1792K)->1650K(1792K) NonClass: 1530K(1600K)->1530K(1600K) Class: 119K(192K)->119K(192K)
[2024-08-29T23:17:48.422+0800] Pacer for Idle. Initial: 41943K, Alloc Tax Rate: 1.0x
[2024-08-29T23:17:48.627+0800] Trigger: Free (204M) is below minimum threshold (204M)
[2024-08-29T23:17:48.627+0800] Free: 204M, Max: 1024K regular, 133M humongous, Frag: 35% external, 1% internal; Reserve: 103M, Max: 1024K
[2024-08-29T23:17:48.627+0800] GC(86) Concurrent reset
[2024-08-29T23:17:48.627+0800] GC(86) Using 2 of 4 workers for concurrent reset
[2024-08-29T23:17:48.627+0800] GC(86) Pacer for Reset. Non-Taxable: 2048M
[2024-08-29T23:17:48.633+0800] GC(86) Concurrent reset 5.143ms
[2024-08-29T23:17:48.633+0800] GC(86) Pause Init Mark (unload classes)
[2024-08-29T23:17:48.633+0800] GC(86) Using 4 of 4 workers for init marking
[2024-08-29T23:17:48.633+0800] GC(86) Pacer for Mark. Expected Live: 1124M, Free: 192M, Non-Taxable: 19706K, Alloc Tax Rate: 7.1x
[2024-08-29T23:17:48.633+0800] GC(86) Pause Init Mark (unload classes) 0.076ms
[2024-08-29T23:17:48.633+0800] GC(86) Concurrent marking roots
[2024-08-29T23:17:48.633+0800] GC(86) Using 2 of 4 workers for concurrent marking roots
[2024-08-29T23:17:48.633+0800] GC(86) Concurrent marking roots 0.211ms
[2024-08-29T23:17:48.633+0800] GC(86) Concurrent marking (unload classes)
[2024-08-29T23:17:48.633+0800] GC(86) Using 2 of 4 workers for concurrent marking
[2024-08-29T23:17:48.634+0800] GC(86) Concurrent marking (unload classes) 1.288ms
[2024-08-29T23:17:48.634+0800] GC(86) Pause Final Mark (unload classes)
[2024-08-29T23:17:48.634+0800] GC(86) Using 4 of 4 workers for final marking
[2024-08-29T23:17:48.635+0800] GC(86) Collectable Garbage: 434M (97%), Immediate: 434M (97%), CSet: 0B (0%)
[2024-08-29T23:17:48.635+0800] GC(86) Pause Final Mark (unload classes) 0.338ms
[2024-08-29T23:17:48.635+0800] GC(86) Concurrent weak references
[2024-08-29T23:17:48.635+0800] GC(86) Using 2 of 4 workers for concurrent weak references
[2024-08-29T23:17:48.635+0800] GC(86) Encountered references: Soft: 178, Weak: 297, Final: 0, Phantom: 5
[2024-08-29T23:17:48.635+0800] GC(86) Discovered  references: Soft: 0, Weak: 113, Final: 0, Phantom: 3
[2024-08-29T23:17:48.635+0800] GC(86) Enqueued    references: Soft: 0, Weak: 0, Final: 0, Phantom: 0
[2024-08-29T23:17:48.635+0800] GC(86) Concurrent weak references 0.138ms
[2024-08-29T23:17:48.635+0800] GC(86) Concurrent weak roots
[2024-08-29T23:17:48.635+0800] GC(86) Using 2 of 4 workers for concurrent weak root
[2024-08-29T23:17:48.635+0800] GC(86) Concurrent weak roots 0.379ms
[2024-08-29T23:17:48.635+0800] GC(86) Concurrent cleanup
[2024-08-29T23:17:48.635+0800] GC(86) Concurrent cleanup 1505M->1070M(2048M) 0.090ms
[2024-08-29T23:17:48.635+0800] GC(86) Free: 700M, Max: 1024K regular, 133M humongous, Frag: 81% external, 3% internal; Reserve: 103M, Max: 1024K
[2024-08-29T23:17:48.635+0800] GC(86) Concurrent class unloading
[2024-08-29T23:17:48.635+0800] GC(86) Using 2 of 4 workers for concurrent class unloading
[2024-08-29T23:17:48.636+0800] GC(86) Concurrent class unloading 0.932ms
[2024-08-29T23:17:48.636+0800] GC(86) Pause Final Roots
[2024-08-29T23:17:48.636+0800] GC(86) Pause Final Roots 0.016ms
[2024-08-29T23:17:48.636+0800] Free: 700M, Max: 1024K regular, 133M humongous, Frag: 81% external, 3% internal; Reserve: 103M, Max: 1024K
[2024-08-29T23:17:48.636+0800] 
[2024-08-29T23:17:48.636+0800] All times are wall-clock times, except per-root-class counters, that are sum over
[2024-08-29T23:17:48.636+0800] all workers. Dividing the <total> over the root stage time estimates parallelism.
[2024-08-29T23:17:48.636+0800] 
[2024-08-29T23:17:48.636+0800] Concurrent Reset                   5184 us
[2024-08-29T23:17:48.636+0800] Pause Init Mark (G)                 177 us
[2024-08-29T23:17:48.636+0800] Pause Init Mark (N)                  83 us
[2024-08-29T23:17:48.637+0800]   Update Region States               38 us
[2024-08-29T23:17:48.637+0800] Concurrent Mark Roots               222 us, parallelism: 1.00x
[2024-08-29T23:17:48.637+0800]   CMR: <total>                      222 us
[2024-08-29T23:17:48.637+0800]   CMR: Thread Roots                 186 us, workers (us):  80, 106, ---, ---, 
[2024-08-29T23:17:48.637+0800]   CMR: VM Strong Roots                4 us, workers (us):   4,   0, ---, ---, 
[2024-08-29T23:17:48.637+0800]   CMR: CLDG Roots                    32 us, workers (us):  32, ---, ---, ---, 
[2024-08-29T23:17:48.637+0800] Concurrent Marking                 1303 us
[2024-08-29T23:17:48.637+0800] Pause Final Mark (G)                438 us
[2024-08-29T23:17:48.637+0800] Pause Final Mark (N)                346 us
[2024-08-29T23:17:48.637+0800]   Finish Mark                       156 us
[2024-08-29T23:17:48.637+0800]   Update Region States               57 us
[2024-08-29T23:17:48.637+0800]   Choose Collection Set              91 us
[2024-08-29T23:17:48.637+0800]   Rebuild Free Set                    9 us
[2024-08-29T23:17:48.637+0800] Concurrent Weak References          146 us, parallelism: 0.03x
[2024-08-29T23:17:48.637+0800]   CWRF: <total>                       4 us
[2024-08-29T23:17:48.637+0800]   CWRF: Weak References               4 us, workers (us):   4,   0, ---, ---, 
[2024-08-29T23:17:48.637+0800] Concurrent Weak Roots               399 us
[2024-08-29T23:17:48.637+0800]   Roots                             272 us, parallelism: 1.38x
[2024-08-29T23:17:48.637+0800]     CWR: <total>                    375 us
[2024-08-29T23:17:48.637+0800]     CWR: Code Cache Roots           325 us, workers (us): 166, 159, ---, ---, 
[2024-08-29T23:17:48.637+0800]     CWR: VM Weak Roots               49 us, workers (us):  34,  15, ---, ---, 
[2024-08-29T23:17:48.637+0800]     CWR: CLDG Roots                   2 us, workers (us):   2, ---, ---, ---, 
[2024-08-29T23:17:48.637+0800]   Rendezvous                         93 us
[2024-08-29T23:17:48.637+0800] Concurrent Cleanup                   97 us
[2024-08-29T23:17:48.637+0800] Concurrent Class Unloading          949 us
[2024-08-29T23:17:48.637+0800]   Unlink Stale                      725 us
[2024-08-29T23:17:48.637+0800]     System Dictionary                 3 us
[2024-08-29T23:17:48.637+0800]     Weak Class Links                  0 us
[2024-08-29T23:17:48.637+0800]     Code Roots                      722 us
[2024-08-29T23:17:48.637+0800]   Rendezvous                         64 us
[2024-08-29T23:17:48.637+0800]   Purge Unlinked                    131 us
[2024-08-29T23:17:48.637+0800]     Code Roots                      118 us
[2024-08-29T23:17:48.637+0800]     CLDG                             12 us
[2024-08-29T23:17:48.637+0800]     Exception Caches                  0 us
[2024-08-29T23:17:48.637+0800] Pause Final Roots (G)               139 us
[2024-08-29T23:17:48.637+0800] Pause Final Roots (N)                24 us
[2024-08-29T23:17:48.637+0800] 
[2024-08-29T23:17:48.637+0800] Allocation pacing accrued:
[2024-08-29T23:17:48.637+0800]       0 of   215 ms (  0.0%): <total>
[2024-08-29T23:17:48.637+0800]       0 of   215 ms (  0.0%): <average total>
[2024-08-29T23:17:48.637+0800] 
[2024-08-29T23:17:48.637+0800] Metaspace: 1650K(1792K)->1650K(1792K) NonClass: 1530K(1600K)->1530K(1600K) Class: 119K(192K)->119K(192K)
[2024-08-29T23:17:48.637+0800] Pacer for Idle. Initial: 41943K, Alloc Tax Rate: 1.0x
[2024-08-29T23:17:48.865+0800] Trigger: Free (202M) is below minimum threshold (204M)
[2024-08-29T23:17:48.865+0800] Free: 202M, Max: 1024K regular, 133M humongous, Frag: 34% external, 0% internal; Reserve: 103M, Max: 1024K
[2024-08-29T23:17:48.865+0800] GC(87) Concurrent reset
[2024-08-29T23:17:48.865+0800] GC(87) Using 2 of 4 workers for concurrent reset
[2024-08-29T23:17:48.865+0800] GC(87) Pacer for Reset. Non-Taxable: 2048M
[2024-08-29T23:17:48.870+0800] GC(87) Concurrent reset 4.405ms
[2024-08-29T23:17:48.871+0800] GC(87) Pause Init Mark (unload classes)
[2024-08-29T23:17:48.871+0800] GC(87) Using 4 of 4 workers for init marking
[2024-08-29T23:17:48.871+0800] GC(87) Pacer for Mark. Expected Live: 1103M, Free: 191M, Non-Taxable: 19573K, Alloc Tax Rate: 7.1x
[2024-08-29T23:17:48.871+0800] GC(87) Pause Init Mark (unload classes) 0.105ms
[2024-08-29T23:17:48.871+0800] GC(87) Concurrent marking roots
[2024-08-29T23:17:48.871+0800] GC(87) Using 2 of 4 workers for concurrent marking roots
[2024-08-29T23:17:48.872+0800] GC(87) Concurrent marking roots 0.336ms
[2024-08-29T23:17:48.872+0800] GC(87) Concurrent marking (unload classes)
[2024-08-29T23:17:48.872+0800] GC(87) Using 2 of 4 workers for concurrent marking
[2024-08-29T23:17:48.874+0800] GC(87) Concurrent marking (unload classes) 1.857ms
[2024-08-29T23:17:48.874+0800] GC(87) Pause Final Mark (unload classes)
[2024-08-29T23:17:48.874+0800] GC(87) Using 4 of 4 workers for final marking
[2024-08-29T23:17:48.874+0800] GC(87) Collectable Garbage: 487M (97%), Immediate: 487M (97%), CSet: 0B (0%)
[2024-08-29T23:17:48.874+0800] GC(87) Pause Final Mark (unload classes) 0.477ms
[2024-08-29T23:17:48.874+0800] GC(87) Concurrent weak references
[2024-08-29T23:17:48.875+0800] GC(87) Using 2 of 4 workers for concurrent weak references
[2024-08-29T23:17:48.875+0800] GC(87) Encountered references: Soft: 178, Weak: 297, Final: 0, Phantom: 5
[2024-08-29T23:17:48.875+0800] GC(87) Discovered  references: Soft: 0, Weak: 113, Final: 0, Phantom: 3
[2024-08-29T23:17:48.875+0800] GC(87) Enqueued    references: Soft: 0, Weak: 0, Final: 0, Phantom: 0
[2024-08-29T23:17:48.875+0800] GC(87) Concurrent weak references 0.088ms
[2024-08-29T23:17:48.875+0800] GC(87) Concurrent weak roots
[2024-08-29T23:17:48.875+0800] GC(87) Using 2 of 4 workers for concurrent weak root
[2024-08-29T23:17:48.876+0800] GC(87) Concurrent weak roots 1.509ms
[2024-08-29T23:17:48.876+0800] GC(87) Concurrent cleanup
[2024-08-29T23:17:48.876+0800] GC(87) Concurrent cleanup 1530M->1043M(2048M) 0.075ms
[2024-08-29T23:17:48.876+0800] GC(87) Free: 732M, Max: 1024K regular, 149M humongous, Frag: 80% external, 0% internal; Reserve: 103M, Max: 1024K
[2024-08-29T23:17:48.876+0800] GC(87) Concurrent class unloading
[2024-08-29T23:17:48.876+0800] GC(87) Using 2 of 4 workers for concurrent class unloading
[2024-08-29T23:17:48.877+0800] GC(87) Concurrent class unloading 0.830ms
[2024-08-29T23:17:48.877+0800] GC(87) Pause Final Roots
[2024-08-29T23:17:48.877+0800] GC(87) Pause Final Roots 0.008ms
[2024-08-29T23:17:48.877+0800] Free: 728M, Max: 1024K regular, 149M humongous, Frag: 80% external, 0% internal; Reserve: 103M, Max: 1024K
[2024-08-29T23:17:48.877+0800] 
[2024-08-29T23:17:48.877+0800] All times are wall-clock times, except per-root-class counters, that are sum over
[2024-08-29T23:17:48.877+0800] all workers. Dividing the <total> over the root stage time estimates parallelism.
[2024-08-29T23:17:48.877+0800] 
[2024-08-29T23:17:48.877+0800] Concurrent Reset                   4478 us
[2024-08-29T23:17:48.877+0800] Pause Init Mark (G)                1539 us
[2024-08-29T23:17:48.877+0800] Pause Init Mark (N)                 113 us
[2024-08-29T23:17:48.877+0800]   Update Region States               51 us
[2024-08-29T23:17:48.877+0800] Concurrent Mark Roots               356 us, parallelism: 1.04x
[2024-08-29T23:17:48.877+0800]   CMR: <total>                      371 us
[2024-08-29T23:17:48.877+0800]   CMR: Thread Roots                 252 us, workers (us): 103, 149, ---, ---, 
[2024-08-29T23:17:48.877+0800]   CMR: VM Strong Roots                8 us, workers (us):   7,   1, ---, ---, 
[2024-08-29T23:17:48.877+0800]   CMR: CLDG Roots                   111 us, workers (us): 111, ---, ---, ---, 
[2024-08-29T23:17:48.877+0800] Concurrent Marking                 1878 us
[2024-08-29T23:17:48.877+0800] Pause Final Mark (G)                952 us
[2024-08-29T23:17:48.877+0800] Pause Final Mark (N)                499 us
[2024-08-29T23:17:48.877+0800]   Finish Mark                       314 us
[2024-08-29T23:17:48.877+0800]   Update Region States               38 us
[2024-08-29T23:17:48.877+0800]   Choose Collection Set              99 us
[2024-08-29T23:17:48.877+0800]   Rebuild Free Set                    9 us
[2024-08-29T23:17:48.877+0800] Concurrent Weak References           97 us, parallelism: 0.04x
[2024-08-29T23:17:48.877+0800]   CWRF: <total>                       4 us
[2024-08-29T23:17:48.877+0800]   CWRF: Weak References               4 us, workers (us):   4,   0, ---, ---, 
[2024-08-29T23:17:48.877+0800] Concurrent Weak Roots              1528 us
[2024-08-29T23:17:48.877+0800]   Roots                             530 us, parallelism: 1.26x
[2024-08-29T23:17:48.877+0800]     CWR: <total>                    666 us
[2024-08-29T23:17:48.877+0800]     CWR: Code Cache Roots           578 us, workers (us): 259, 319, ---, ---, 
[2024-08-29T23:17:48.877+0800]     CWR: VM Weak Roots               85 us, workers (us):  69,  16, ---, ---, 
[2024-08-29T23:17:48.877+0800]     CWR: CLDG Roots                   3 us, workers (us): ---,   3, ---, ---, 
[2024-08-29T23:17:48.877+0800]   Rendezvous                        962 us
[2024-08-29T23:17:48.877+0800] Concurrent Cleanup                   82 us
[2024-08-29T23:17:48.877+0800] Concurrent Class Unloading          845 us
[2024-08-29T23:17:48.877+0800]   Unlink Stale                      709 us
[2024-08-29T23:17:48.877+0800]     System Dictionary                 3 us
[2024-08-29T23:17:48.877+0800]     Weak Class Links                  0 us
[2024-08-29T23:17:48.877+0800]     Code Roots                      704 us
[2024-08-29T23:17:48.877+0800]   Rendezvous                         23 us
[2024-08-29T23:17:48.877+0800]   Purge Unlinked                     87 us
[2024-08-29T23:17:48.877+0800]     Code Roots                       71 us
[2024-08-29T23:17:48.877+0800]     CLDG                             16 us
[2024-08-29T23:17:48.877+0800]     Exception Caches                  0 us
[2024-08-29T23:17:48.877+0800] Pause Final Roots (G)                91 us
[2024-08-29T23:17:48.877+0800] Pause Final Roots (N)                30 us
[2024-08-29T23:17:48.877+0800] 
[2024-08-29T23:17:48.877+0800] Allocation pacing accrued:
[2024-08-29T23:17:48.877+0800]       0 of   241 ms (  0.0%): <total>
[2024-08-29T23:17:48.877+0800]       0 of   241 ms (  0.0%): <average total>
[2024-08-29T23:17:48.877+0800] 
[2024-08-29T23:17:48.877+0800] Metaspace: 1650K(1792K)->1650K(1792K) NonClass: 1530K(1600K)->1530K(1600K) Class: 119K(192K)->119K(192K)
[2024-08-29T23:17:48.877+0800] Pacer for Idle. Initial: 41943K, Alloc Tax Rate: 1.0x
[2024-08-29T23:17:49.127+0800] Trigger: Free (201M) is below minimum threshold (204M)
[2024-08-29T23:17:49.127+0800] Free: 201M, Max: 1024K regular, 149M humongous, Frag: 26% external, 0% internal; Reserve: 103M, Max: 1024K
[2024-08-29T23:17:49.127+0800] GC(88) Concurrent reset
[2024-08-29T23:17:49.127+0800] GC(88) Using 2 of 4 workers for concurrent reset
[2024-08-29T23:17:49.127+0800] GC(88) Pacer for Reset. Non-Taxable: 2048M
[2024-08-29T23:17:49.132+0800] GC(88) Concurrent reset 5.093ms
[2024-08-29T23:17:49.132+0800] GC(88) Pause Init Mark (unload classes)
[2024-08-29T23:17:49.132+0800] GC(88) Using 4 of 4 workers for init marking
[2024-08-29T23:17:49.132+0800] GC(88) Pacer for Mark. Expected Live: 1060M, Free: 191M, Non-Taxable: 19573K, Alloc Tax Rate: 6.8x
[2024-08-29T23:17:49.132+0800] GC(88) Pause Init Mark (unload classes) 0.103ms
[2024-08-29T23:17:49.132+0800] GC(88) Concurrent marking roots
[2024-08-29T23:17:49.132+0800] GC(88) Using 2 of 4 workers for concurrent marking roots
[2024-08-29T23:17:49.133+0800] GC(88) Concurrent marking roots 0.253ms
[2024-08-29T23:17:49.133+0800] GC(88) Concurrent marking (unload classes)
[2024-08-29T23:17:49.133+0800] GC(88) Using 2 of 4 workers for concurrent marking
[2024-08-29T23:17:49.134+0800] GC(88) Concurrent marking (unload classes) 1.634ms
[2024-08-29T23:17:49.134+0800] GC(88) Pause Final Mark (unload classes)
[2024-08-29T23:17:49.134+0800] GC(88) Using 4 of 4 workers for final marking
[2024-08-29T23:17:49.135+0800] GC(88) Collectable Garbage: 564M (97%), Immediate: 564M (97%), CSet: 0B (0%)
[2024-08-29T23:17:49.135+0800] GC(88) Pause Final Mark (unload classes) 0.326ms
[2024-08-29T23:17:49.135+0800] GC(88) Concurrent weak references
[2024-08-29T23:17:49.135+0800] GC(88) Using 2 of 4 workers for concurrent weak references
[2024-08-29T23:17:49.135+0800] GC(88) Encountered references: Soft: 178, Weak: 297, Final: 0, Phantom: 5
[2024-08-29T23:17:49.135+0800] GC(88) Discovered  references: Soft: 0, Weak: 103, Final: 0, Phantom: 5
[2024-08-29T23:17:49.135+0800] GC(88) Enqueued    references: Soft: 0, Weak: 0, Final: 0, Phantom: 0
[2024-08-29T23:17:49.135+0800] GC(88) Concurrent weak references 0.112ms
[2024-08-29T23:17:49.135+0800] GC(88) Concurrent weak roots
[2024-08-29T23:17:49.135+0800] GC(88) Using 2 of 4 workers for concurrent weak root
[2024-08-29T23:17:49.135+0800] GC(88) Concurrent weak roots 0.483ms
[2024-08-29T23:17:49.135+0800] GC(88) Concurrent cleanup
[2024-08-29T23:17:49.135+0800] GC(88) Concurrent cleanup 1512M->947M(2048M) 0.084ms
[2024-08-29T23:17:49.135+0800] GC(88) Free: 845M, Max: 1024K regular, 145M humongous, Frag: 83% external, 2% internal; Reserve: 103M, Max: 1024K
[2024-08-29T23:17:49.135+0800] GC(88) Concurrent class unloading
[2024-08-29T23:17:49.135+0800] GC(88) Using 2 of 4 workers for concurrent class unloading
[2024-08-29T23:17:49.137+0800] GC(88) Concurrent class unloading 1.511ms
[2024-08-29T23:17:49.138+0800] GC(88) Pause Final Roots
[2024-08-29T23:17:49.138+0800] GC(88) Pause Final Roots 0.017ms
[2024-08-29T23:17:49.138+0800] Free: 834M, Max: 1024K regular, 145M humongous, Frag: 83% external, 2% internal; Reserve: 103M, Max: 1024K
[2024-08-29T23:17:49.138+0800] 
[2024-08-29T23:17:49.138+0800] All times are wall-clock times, except per-root-class counters, that are sum over
[2024-08-29T23:17:49.138+0800] all workers. Dividing the <total> over the root stage time estimates parallelism.
[2024-08-29T23:17:49.138+0800] 
[2024-08-29T23:17:49.138+0800] Concurrent Reset                   5146 us
[2024-08-29T23:17:49.138+0800] Pause Init Mark (G)                 203 us
[2024-08-29T23:17:49.138+0800] Pause Init Mark (N)                 110 us
[2024-08-29T23:17:49.138+0800]   Update Region States               61 us
[2024-08-29T23:17:49.138+0800] Concurrent Mark Roots               267 us, parallelism: 0.93x
[2024-08-29T23:17:49.138+0800]   CMR: <total>                      249 us
[2024-08-29T23:17:49.138+0800]   CMR: Thread Roots                 213 us, workers (us): 108, 105, ---, ---, 
[2024-08-29T23:17:49.138+0800]   CMR: VM Strong Roots                4 us, workers (us):   4,   0, ---, ---, 
[2024-08-29T23:17:49.138+0800]   CMR: CLDG Roots                    32 us, workers (us):  32, ---, ---, ---, 
[2024-08-29T23:17:49.138+0800] Concurrent Marking                 1651 us
[2024-08-29T23:17:49.138+0800] Pause Final Mark (G)                419 us
[2024-08-29T23:17:49.138+0800] Pause Final Mark (N)                334 us
[2024-08-29T23:17:49.138+0800]   Finish Mark                       121 us
[2024-08-29T23:17:49.138+0800]   Update Region States               71 us
[2024-08-29T23:17:49.138+0800]   Choose Collection Set              99 us
[2024-08-29T23:17:49.138+0800]   Rebuild Free Set                    9 us
[2024-08-29T23:17:49.138+0800] Concurrent Weak References          118 us, parallelism: 0.03x
[2024-08-29T23:17:49.138+0800]   CWRF: <total>                       3 us
[2024-08-29T23:17:49.138+0800]   CWRF: Weak References               3 us, workers (us):   3,   0, ---, ---, 
[2024-08-29T23:17:49.138+0800] Concurrent Weak Roots               499 us
[2024-08-29T23:17:49.138+0800]   Roots                             395 us, parallelism: 0.82x
[2024-08-29T23:17:49.138+0800]     CWR: <total>                    323 us
[2024-08-29T23:17:49.138+0800]     CWR: Code Cache Roots           272 us, workers (us): 272,   0, ---, ---, 
[2024-08-29T23:17:49.138+0800]     CWR: VM Weak Roots               49 us, workers (us):  48,   0, ---, ---, 
[2024-08-29T23:17:49.138+0800]     CWR: CLDG Roots                   2 us, workers (us):   2, ---, ---, ---, 
[2024-08-29T23:17:49.138+0800]   Rendezvous                         75 us
[2024-08-29T23:17:49.138+0800] Concurrent Cleanup                   90 us
[2024-08-29T23:17:49.138+0800] Concurrent Class Unloading         1532 us
[2024-08-29T23:17:49.138+0800]   Unlink Stale                      739 us
[2024-08-29T23:17:49.138+0800]     System Dictionary                 2 us
[2024-08-29T23:17:49.138+0800]     Weak Class Links                  0 us
[2024-08-29T23:17:49.138+0800]     Code Roots                      736 us
[2024-08-29T23:17:49.138+0800]   Rendezvous                        659 us
[2024-08-29T23:17:49.138+0800]   Purge Unlinked                     99 us
[2024-08-29T23:17:49.138+0800]     Code Roots                       84 us
[2024-08-29T23:17:49.138+0800]     CLDG                             15 us
[2024-08-29T23:17:49.138+0800]     Exception Caches                  0 us
[2024-08-29T23:17:49.138+0800] Pause Final Roots (G)               953 us
[2024-08-29T23:17:49.138+0800] Pause Final Roots (N)                24 us
[2024-08-29T23:17:49.138+0800] 
[2024-08-29T23:17:49.138+0800] Allocation pacing accrued:
[2024-08-29T23:17:49.138+0800]       0 of   261 ms (  0.0%): <total>
[2024-08-29T23:17:49.138+0800]       0 of   261 ms (  0.0%): <average total>
[2024-08-29T23:17:49.138+0800] 
[2024-08-29T23:17:49.138+0800] Metaspace: 1650K(1792K)->1650K(1792K) NonClass: 1530K(1600K)->1530K(1600K) Class: 119K(192K)->119K(192K)
[2024-08-29T23:17:49.138+0800] Pacer for Idle. Initial: 41943K, Alloc Tax Rate: 1.0x
[2024-08-29T23:17:49.428+0800] Trigger: Free (199M) is below minimum threshold (204M)
[2024-08-29T23:17:49.428+0800] Free: 199M, Max: 1024K regular, 145M humongous, Frag: 27% external, 0% internal; Reserve: 103M, Max: 1024K
[2024-08-29T23:17:49.428+0800] GC(89) Concurrent reset
[2024-08-29T23:17:49.428+0800] GC(89) Using 2 of 4 workers for concurrent reset
[2024-08-29T23:17:49.428+0800] GC(89) Pacer for Reset. Non-Taxable: 2048M
[2024-08-29T23:17:49.432+0800] GC(89) Concurrent reset 3.655ms
[2024-08-29T23:17:49.432+0800] GC(89) Pause Init Mark (unload classes)
[2024-08-29T23:17:49.432+0800] GC(89) Using 4 of 4 workers for init marking
[2024-08-29T23:17:49.432+0800] GC(89) Pacer for Mark. Expected Live: 1025M, Free: 199M, Non-Taxable: 20404K, Alloc Tax Rate: 6.3x
[2024-08-29T23:17:49.432+0800] GC(89) Pause Init Mark (unload classes) 0.082ms
[2024-08-29T23:17:49.432+0800] GC(89) Concurrent marking roots
[2024-08-29T23:17:49.432+0800] GC(89) Using 2 of 4 workers for concurrent marking roots
[2024-08-29T23:17:49.432+0800] GC(89) Concurrent marking roots 0.225ms
[2024-08-29T23:17:49.432+0800] GC(89) Concurrent marking (unload classes)
[2024-08-29T23:17:49.432+0800] GC(89) Using 2 of 4 workers for concurrent marking
[2024-08-29T23:17:49.435+0800] GC(89) Concurrent marking (unload classes) 2.441ms
[2024-08-29T23:17:49.435+0800] GC(89) Pause Final Mark (unload classes)
[2024-08-29T23:17:49.435+0800] GC(89) Using 4 of 4 workers for final marking
[2024-08-29T23:17:49.435+0800] GC(89) Collectable Garbage: 599M (97%), Immediate: 599M (97%), CSet: 0B (0%)
[2024-08-29T23:17:49.435+0800] GC(89) Pause Final Mark (unload classes) 0.354ms
[2024-08-29T23:17:49.435+0800] GC(89) Concurrent weak references
[2024-08-29T23:17:49.435+0800] GC(89) Using 2 of 4 workers for concurrent weak references
[2024-08-29T23:17:49.436+0800] GC(89) Encountered references: Soft: 178, Weak: 297, Final: 0, Phantom: 5
[2024-08-29T23:17:49.436+0800] GC(89) Discovered  references: Soft: 0, Weak: 142, Final: 0, Phantom: 5
[2024-08-29T23:17:49.436+0800] GC(89) Enqueued    references: Soft: 0, Weak: 0, Final: 0, Phantom: 0
[2024-08-29T23:17:49.436+0800] GC(89) Concurrent weak references 0.104ms
[2024-08-29T23:17:49.436+0800] GC(89) Concurrent weak roots
[2024-08-29T23:17:49.436+0800] GC(89) Using 2 of 4 workers for concurrent weak root
[2024-08-29T23:17:49.436+0800] GC(89) Concurrent weak roots 0.495ms
[2024-08-29T23:17:49.436+0800] GC(89) Concurrent cleanup
[2024-08-29T23:17:49.436+0800] GC(89) Concurrent cleanup 1508M->908M(2048M) 0.079ms
[2024-08-29T23:17:49.436+0800] GC(89) Free: 887M, Max: 1024K regular, 142M humongous, Frag: 84% external, 0% internal; Reserve: 103M, Max: 1024K
[2024-08-29T23:17:49.436+0800] GC(89) Concurrent class unloading
[2024-08-29T23:17:49.436+0800] GC(89) Using 2 of 4 workers for concurrent class unloading
[2024-08-29T23:17:49.438+0800] GC(89) Concurrent class unloading 1.913ms
[2024-08-29T23:17:49.438+0800] GC(89) Pause Final Roots
[2024-08-29T23:17:49.438+0800] GC(89) Pause Final Roots 0.025ms
[2024-08-29T23:17:49.438+0800] Free: 881M, Max: 1024K regular, 142M humongous, Frag: 84% external, 0% internal; Reserve: 103M, Max: 1024K
[2024-08-29T23:17:49.438+0800] 
[2024-08-29T23:17:49.438+0800] All times are wall-clock times, except per-root-class counters, that are sum over
[2024-08-29T23:17:49.438+0800] all workers. Dividing the <total> over the root stage time estimates parallelism.
[2024-08-29T23:17:49.438+0800] 
[2024-08-29T23:17:49.438+0800] Concurrent Reset                   3698 us
[2024-08-29T23:17:49.438+0800] Pause Init Mark (G)                 182 us
[2024-08-29T23:17:49.438+0800] Pause Init Mark (N)                  88 us
[2024-08-29T23:17:49.438+0800]   Update Region States               45 us
[2024-08-29T23:17:49.438+0800] Concurrent Mark Roots               261 us, parallelism: 0.92x
[2024-08-29T23:17:49.438+0800]   CMR: <total>                      241 us
[2024-08-29T23:17:49.438+0800]   CMR: Thread Roots                 205 us, workers (us):  90, 116, ---, ---, 
[2024-08-29T23:17:49.438+0800]   CMR: VM Strong Roots                4 us, workers (us):   3,   0, ---, ---, 
[2024-08-29T23:17:49.438+0800]   CMR: CLDG Roots                    32 us, workers (us):  32, ---, ---, ---, 
[2024-08-29T23:17:49.438+0800] Concurrent Marking                 2465 us
[2024-08-29T23:17:49.438+0800] Pause Final Mark (G)                465 us
[2024-08-29T23:17:49.438+0800] Pause Final Mark (N)                361 us
[2024-08-29T23:17:49.438+0800]   Finish Mark                       152 us
[2024-08-29T23:17:49.438+0800]   Update Region States               59 us
[2024-08-29T23:17:49.438+0800]   Choose Collection Set             108 us
[2024-08-29T23:17:49.438+0800]   Rebuild Free Set                   10 us
[2024-08-29T23:17:49.438+0800] Concurrent Weak References          110 us, parallelism: 0.05x
[2024-08-29T23:17:49.438+0800]   CWRF: <total>                       5 us
[2024-08-29T23:17:49.438+0800]   CWRF: Weak References               5 us, workers (us):   5,   0, ---, ---, 
[2024-08-29T23:17:49.439+0800] Concurrent Weak Roots               509 us
[2024-08-29T23:17:49.439+0800]   Roots                             419 us, parallelism: 1.22x
[2024-08-29T23:17:49.439+0800]     CWR: <total>                    511 us
[2024-08-29T23:17:49.439+0800]     CWR: Code Cache Roots           434 us, workers (us): 241, 192, ---, ---, 
[2024-08-29T23:17:49.439+0800]     CWR: VM Weak Roots               74 us, workers (us):  73,   1, ---, ---, 
[2024-08-29T23:17:49.439+0800]     CWR: CLDG Roots                   4 us, workers (us):   4, ---, ---, ---, 
[2024-08-29T23:17:49.439+0800]   Rendezvous                         64 us
[2024-08-29T23:17:49.439+0800] Concurrent Cleanup                   86 us
[2024-08-29T23:17:49.439+0800] Concurrent Class Unloading         1945 us
[2024-08-29T23:17:49.439+0800]   Unlink Stale                      619 us
[2024-08-29T23:17:49.439+0800]     System Dictionary                 2 us
[2024-08-29T23:17:49.439+0800]     Weak Class Links                  0 us
[2024-08-29T23:17:49.439+0800]     Code Roots                      616 us
[2024-08-29T23:17:49.439+0800]   Rendezvous                       1149 us
[2024-08-29T23:17:49.439+0800]   Purge Unlinked                    130 us
[2024-08-29T23:17:49.439+0800]     Code Roots                      109 us
[2024-08-29T23:17:49.439+0800]     CLDG                             21 us
[2024-08-29T23:17:49.439+0800]     Exception Caches                  0 us
[2024-08-29T23:17:49.439+0800] Pause Final Roots (G)               147 us
[2024-08-29T23:17:49.439+0800] Pause Final Roots (N)                37 us
[2024-08-29T23:17:49.439+0800] 
[2024-08-29T23:17:49.439+0800] Allocation pacing accrued:
[2024-08-29T23:17:49.439+0800]       0 of   301 ms (  0.0%): <total>
[2024-08-29T23:17:49.439+0800]       0 of   301 ms (  0.0%): <average total>
[2024-08-29T23:17:49.439+0800] 
[2024-08-29T23:17:49.439+0800] Metaspace: 1650K(1792K)->1650K(1792K) NonClass: 1530K(1600K)->1530K(1600K) Class: 119K(192K)->119K(192K)
[2024-08-29T23:17:49.439+0800] Pacer for Idle. Initial: 41943K, Alloc Tax Rate: 1.0x
[2024-08-29T23:17:49.697+0800] Trigger: Free (203M) is below minimum threshold (204M)
[2024-08-29T23:17:49.697+0800] Free: 203M, Max: 1024K regular, 142M humongous, Frag: 31% external, 0% internal; Reserve: 103M, Max: 1024K
[2024-08-29T23:17:49.697+0800] GC(90) Concurrent reset
[2024-08-29T23:17:49.697+0800] GC(90) Using 2 of 4 workers for concurrent reset
[2024-08-29T23:17:49.697+0800] GC(90) Pacer for Reset. Non-Taxable: 2048M
[2024-08-29T23:17:49.701+0800] GC(90) Concurrent reset 3.980ms
[2024-08-29T23:17:49.702+0800] GC(90) Pause Init Mark (unload classes)
[2024-08-29T23:17:49.702+0800] GC(90) Using 4 of 4 workers for init marking
[2024-08-29T23:17:49.702+0800] GC(90) Pacer for Mark. Expected Live: 989M, Free: 188M, Non-Taxable: 19252K, Alloc Tax Rate: 6.4x
[2024-08-29T23:17:49.702+0800] GC(90) Pause Init Mark (unload classes) 0.116ms
[2024-08-29T23:17:49.702+0800] GC(90) Concurrent marking roots
[2024-08-29T23:17:49.702+0800] GC(90) Using 2 of 4 workers for concurrent marking roots
[2024-08-29T23:17:49.703+0800] GC(90) Concurrent marking roots 0.288ms
[2024-08-29T23:17:49.703+0800] GC(90) Concurrent marking (unload classes)
[2024-08-29T23:17:49.703+0800] GC(90) Using 2 of 4 workers for concurrent marking
[2024-08-29T23:17:49.704+0800] GC(90) Concurrent marking (unload classes) 1.574ms
[2024-08-29T23:17:49.704+0800] GC(90) Pause Final Mark (unload classes)
[2024-08-29T23:17:49.704+0800] GC(90) Using 4 of 4 workers for final marking
[2024-08-29T23:17:49.705+0800] GC(90) Collectable Garbage: 537M (97%), Immediate: 537M (97%), CSet: 0B (0%)
[2024-08-29T23:17:49.705+0800] GC(90) Pause Final Mark (unload classes) 0.324ms
[2024-08-29T23:17:49.705+0800] GC(90) Concurrent weak references
[2024-08-29T23:17:49.705+0800] GC(90) Using 2 of 4 workers for concurrent weak references
[2024-08-29T23:17:49.705+0800] GC(90) Encountered references: Soft: 178, Weak: 297, Final: 0, Phantom: 5
[2024-08-29T23:17:49.705+0800] GC(90) Discovered  references: Soft: 0, Weak: 113, Final: 0, Phantom: 3
[2024-08-29T23:17:49.705+0800] GC(90) Enqueued    references: Soft: 0, Weak: 0, Final: 0, Phantom: 0
[2024-08-29T23:17:49.705+0800] GC(90) Concurrent weak references 0.438ms
[2024-08-29T23:17:49.705+0800] GC(90) Concurrent weak roots
[2024-08-29T23:17:49.705+0800] GC(90) Using 2 of 4 workers for concurrent weak root
[2024-08-29T23:17:49.706+0800] GC(90) Concurrent weak roots 0.448ms
[2024-08-29T23:17:49.706+0800] GC(90) Concurrent cleanup
[2024-08-29T23:17:49.706+0800] GC(90) Concurrent cleanup 1514M->977M(2048M) 0.086ms
[2024-08-29T23:17:49.706+0800] GC(90) Free: 805M, Max: 1024K regular, 133M humongous, Frag: 84% external, 1% internal; Reserve: 103M, Max: 1024K
[2024-08-29T23:17:49.706+0800] GC(90) Concurrent class unloading
[2024-08-29T23:17:49.706+0800] GC(90) Using 2 of 4 workers for concurrent class unloading
[2024-08-29T23:17:49.707+0800] GC(90) Concurrent class unloading 1.588ms
[2024-08-29T23:17:49.707+0800] GC(90) Pause Final Roots
[2024-08-29T23:17:49.707+0800] GC(90) Pause Final Roots 0.013ms
[2024-08-29T23:17:49.707+0800] Free: 798M, Max: 1024K regular, 133M humongous, Frag: 84% external, 1% internal; Reserve: 103M, Max: 1024K
[2024-08-29T23:17:49.708+0800] 
[2024-08-29T23:17:49.708+0800] All times are wall-clock times, except per-root-class counters, that are sum over
[2024-08-29T23:17:49.708+0800] all workers. Dividing the <total> over the root stage time estimates parallelism.
[2024-08-29T23:17:49.708+0800] 
[2024-08-29T23:17:49.708+0800] Concurrent Reset                   4110 us
[2024-08-29T23:17:49.708+0800] Pause Init Mark (G)                 960 us
[2024-08-29T23:17:49.708+0800] Pause Init Mark (N)                 123 us
[2024-08-29T23:17:49.708+0800]   Update Region States               70 us
[2024-08-29T23:17:49.708+0800] Concurrent Mark Roots               307 us, parallelism: 0.92x
[2024-08-29T23:17:49.708+0800]   CMR: <total>                      283 us
[2024-08-29T23:17:49.708+0800]   CMR: Thread Roots                 216 us, workers (us):  79, 136, ---, ---, 
[2024-08-29T23:17:49.708+0800]   CMR: VM Strong Roots                7 us, workers (us):   7,   0, ---, ---, 
[2024-08-29T23:17:49.708+0800]   CMR: CLDG Roots                    60 us, workers (us):  60, ---, ---, ---, 
[2024-08-29T23:17:49.708+0800] Concurrent Marking                 1593 us
[2024-08-29T23:17:49.708+0800] Pause Final Mark (G)                401 us
[2024-08-29T23:17:49.708+0800] Pause Final Mark (N)                331 us
[2024-08-29T23:17:49.708+0800]   Finish Mark                       127 us
[2024-08-29T23:17:49.708+0800]   Update Region States               62 us
[2024-08-29T23:17:49.708+0800]   Choose Collection Set              98 us
[2024-08-29T23:17:49.708+0800]   Rebuild Free Set                    9 us
[2024-08-29T23:17:49.708+0800] Concurrent Weak References          445 us, parallelism: 0.01x
[2024-08-29T23:17:49.708+0800]   CWRF: <total>                       4 us
[2024-08-29T23:17:49.708+0800]   CWRF: Weak References               4 us, workers (us):   3,   0, ---, ---, 
[2024-08-29T23:17:49.708+0800] Concurrent Weak Roots               465 us
[2024-08-29T23:17:49.708+0800]   Roots                             349 us, parallelism: 1.33x
[2024-08-29T23:17:49.708+0800]     CWR: <total>                    462 us
[2024-08-29T23:17:49.708+0800]     CWR: Code Cache Roots           410 us, workers (us): 175, 235, ---, ---, 
[2024-08-29T23:17:49.708+0800]     CWR: VM Weak Roots               50 us, workers (us):  29,  20, ---, ---, 
[2024-08-29T23:17:49.708+0800]     CWR: CLDG Roots                   2 us, workers (us): ---,   2, ---, ---, 
[2024-08-29T23:17:49.708+0800]   Rendezvous                         87 us
[2024-08-29T23:17:49.708+0800] Concurrent Cleanup                   92 us
[2024-08-29T23:17:49.708+0800] Concurrent Class Unloading         1604 us
[2024-08-29T23:17:49.708+0800]   Unlink Stale                      792 us
[2024-08-29T23:17:49.708+0800]     System Dictionary                 2 us
[2024-08-29T23:17:49.708+0800]     Weak Class Links                  0 us
[2024-08-29T23:17:49.708+0800]     Code Roots                      789 us
[2024-08-29T23:17:49.708+0800]   Rendezvous                        710 us
[2024-08-29T23:17:49.708+0800]   Purge Unlinked                     75 us
[2024-08-29T23:17:49.708+0800]     Code Roots                       72 us
[2024-08-29T23:17:49.708+0800]     CLDG                              2 us
[2024-08-29T23:17:49.708+0800]     Exception Caches                  0 us
[2024-08-29T23:17:49.708+0800] Pause Final Roots (G)                95 us
[2024-08-29T23:17:49.708+0800] Pause Final Roots (N)                20 us
[2024-08-29T23:17:49.708+0800] 
[2024-08-29T23:17:49.708+0800] Allocation pacing accrued:
[2024-08-29T23:17:49.708+0800]       0 of   269 ms (  0.0%): <total>
[2024-08-29T23:17:49.708+0800]       0 of   269 ms (  0.0%): <average total>
[2024-08-29T23:17:49.708+0800] 
[2024-08-29T23:17:49.708+0800] Metaspace: 1650K(1792K)->1650K(1792K) NonClass: 1530K(1600K)->1530K(1600K) Class: 119K(192K)->119K(192K)
[2024-08-29T23:17:49.708+0800] Pacer for Idle. Initial: 41943K, Alloc Tax Rate: 1.0x
[2024-08-29T23:17:49.958+0800] Trigger: Free (200M) is below minimum threshold (204M)
[2024-08-29T23:17:49.958+0800] Free: 200M, Max: 1024K regular, 133M humongous, Frag: 34% external, 0% internal; Reserve: 103M, Max: 1024K
[2024-08-29T23:17:49.958+0800] GC(91) Concurrent reset
[2024-08-29T23:17:49.958+0800] GC(91) Using 2 of 4 workers for concurrent reset
[2024-08-29T23:17:49.958+0800] GC(91) Pacer for Reset. Non-Taxable: 2048M
[2024-08-29T23:17:49.962+0800] GC(91) Concurrent reset 3.785ms
[2024-08-29T23:17:49.962+0800] GC(91) Pause Init Mark (unload classes)
[2024-08-29T23:17:49.962+0800] GC(91) Using 4 of 4 workers for init marking
[2024-08-29T23:17:49.962+0800] GC(91) Pacer for Mark. Expected Live: 964M, Free: 196M, Non-Taxable: 20081K, Alloc Tax Rate: 6.0x
[2024-08-29T23:17:49.962+0800] GC(91) Pause Init Mark (unload classes) 0.106ms
[2024-08-29T23:17:49.962+0800] GC(91) Concurrent marking roots
[2024-08-29T23:17:49.962+0800] GC(91) Using 2 of 4 workers for concurrent marking roots
[2024-08-29T23:17:49.963+0800] GC(91) Concurrent marking roots 0.315ms
[2024-08-29T23:17:49.963+0800] GC(91) Concurrent marking (unload classes)
[2024-08-29T23:17:49.963+0800] GC(91) Using 2 of 4 workers for concurrent marking
[2024-08-29T23:17:49.965+0800] GC(91) Concurrent marking (unload classes) 2.242ms
[2024-08-29T23:17:49.965+0800] GC(91) Pause Final Mark (unload classes)
[2024-08-29T23:17:49.965+0800] GC(91) Using 4 of 4 workers for final marking
[2024-08-29T23:17:49.965+0800] GC(91) Collectable Garbage: 513M (97%), Immediate: 513M (97%), CSet: 0B (0%)
[2024-08-29T23:17:49.965+0800] GC(91) Pause Final Mark (unload classes) 0.305ms
[2024-08-29T23:17:49.965+0800] GC(91) Concurrent weak references
[2024-08-29T23:17:49.965+0800] GC(91) Using 2 of 4 workers for concurrent weak references
[2024-08-29T23:17:49.965+0800] GC(91) Encountered references: Soft: 178, Weak: 297, Final: 0, Phantom: 5
[2024-08-29T23:17:49.965+0800] GC(91) Discovered  references: Soft: 0, Weak: 64, Final: 0, Phantom: 3
[2024-08-29T23:17:49.965+0800] GC(91) Enqueued    references: Soft: 0, Weak: 0, Final: 0, Phantom: 0
[2024-08-29T23:17:49.965+0800] GC(91) Concurrent weak references 0.055ms
[2024-08-29T23:17:49.965+0800] GC(91) Concurrent weak roots
[2024-08-29T23:17:49.965+0800] GC(91) Using 2 of 4 workers for concurrent weak root
[2024-08-29T23:17:49.966+0800] GC(91) Concurrent weak roots 0.313ms
[2024-08-29T23:17:49.966+0800] GC(91) Concurrent cleanup
[2024-08-29T23:17:49.966+0800] GC(91) Concurrent cleanup 1501M->987M(2048M) 0.076ms
[2024-08-29T23:17:49.966+0800] GC(91) Free: 788M, Max: 1024K regular, 128M humongous, Frag: 84% external, 0% internal; Reserve: 103M, Max: 1024K
[2024-08-29T23:17:49.966+0800] GC(91) Concurrent class unloading
[2024-08-29T23:17:49.966+0800] GC(91) Using 2 of 4 workers for concurrent class unloading
[2024-08-29T23:17:49.968+0800] GC(91) Concurrent class unloading 2.231ms
[2024-08-29T23:17:49.969+0800] GC(91) Pause Final Roots
[2024-08-29T23:17:49.969+0800] GC(91) Pause Final Roots 0.019ms
[2024-08-29T23:17:49.969+0800] Free: 771M, Max: 1024K regular, 128M humongous, Frag: 84% external, 0% internal; Reserve: 103M, Max: 1024K
[2024-08-29T23:17:49.969+0800] 
[2024-08-29T23:17:49.969+0800] All times are wall-clock times, except per-root-class counters, that are sum over
[2024-08-29T23:17:49.969+0800] all workers. Dividing the <total> over the root stage time estimates parallelism.
[2024-08-29T23:17:49.969+0800] 
[2024-08-29T23:17:49.969+0800] Concurrent Reset                   3832 us
[2024-08-29T23:17:49.969+0800] Pause Init Mark (G)                 154 us
[2024-08-29T23:17:49.969+0800] Pause Init Mark (N)                 113 us
[2024-08-29T23:17:49.969+0800]   Update Region States               58 us
[2024-08-29T23:17:49.969+0800] Concurrent Mark Roots               327 us, parallelism: 0.64x
[2024-08-29T23:17:49.969+0800]   CMR: <total>                      209 us
[2024-08-29T23:17:49.969+0800]   CMR: Thread Roots                 162 us, workers (us): 162,   0, ---, ---, 
[2024-08-29T23:17:49.969+0800]   CMR: VM Strong Roots               10 us, workers (us):   9,   1, ---, ---, 
[2024-08-29T23:17:49.969+0800]   CMR: CLDG Roots                    38 us, workers (us):  38, ---, ---, ---, 
[2024-08-29T23:17:49.969+0800] Concurrent Marking                 2264 us
[2024-08-29T23:17:49.969+0800] Pause Final Mark (G)                348 us
[2024-08-29T23:17:49.969+0800] Pause Final Mark (N)                311 us
[2024-08-29T23:17:49.969+0800]   Finish Mark                       132 us
[2024-08-29T23:17:49.969+0800]   Update Region States               46 us
[2024-08-29T23:17:49.969+0800]   Choose Collection Set              99 us
[2024-08-29T23:17:49.969+0800]   Rebuild Free Set                   10 us
[2024-08-29T23:17:49.969+0800] Concurrent Weak References           60 us, parallelism: 0.04x
[2024-08-29T23:17:49.969+0800]   CWRF: <total>                       3 us
[2024-08-29T23:17:49.969+0800]   CWRF: Weak References               3 us, workers (us):   3,   0, ---, ---, 
[2024-08-29T23:17:49.969+0800] Concurrent Weak Roots               324 us
[2024-08-29T23:17:49.969+0800]   Roots                             261 us, parallelism: 1.36x
[2024-08-29T23:17:49.969+0800]     CWR: <total>                    355 us
[2024-08-29T23:17:49.969+0800]     CWR: Code Cache Roots           300 us, workers (us): 158, 142, ---, ---, 
[2024-08-29T23:17:49.969+0800]     CWR: VM Weak Roots               52 us, workers (us):  30,  22, ---, ---, 
[2024-08-29T23:17:49.969+0800]     CWR: CLDG Roots                   3 us, workers (us): ---,   3, ---, ---, 
[2024-08-29T23:17:49.969+0800]   Rendezvous                         42 us
[2024-08-29T23:17:49.969+0800] Concurrent Cleanup                   82 us
[2024-08-29T23:17:49.969+0800] Concurrent Class Unloading         2259 us
[2024-08-29T23:17:49.969+0800]   Unlink Stale                     1193 us
[2024-08-29T23:17:49.969+0800]     System Dictionary                 2 us
[2024-08-29T23:17:49.969+0800]     Weak Class Links                  0 us
[2024-08-29T23:17:49.969+0800]     Code Roots                     1190 us
[2024-08-29T23:17:49.969+0800]   Rendezvous                        947 us
[2024-08-29T23:17:49.969+0800]   Purge Unlinked                     80 us
[2024-08-29T23:17:49.969+0800]     Code Roots                       75 us
[2024-08-29T23:17:49.969+0800]     CLDG                              4 us
[2024-08-29T23:17:49.969+0800]     Exception Caches                  0 us
[2024-08-29T23:17:49.969+0800] Pause Final Roots (G)               958 us
[2024-08-29T23:17:49.969+0800] Pause Final Roots (N)                28 us
[2024-08-29T23:17:49.969+0800] 
[2024-08-29T23:17:49.969+0800] Allocation pacing accrued:
[2024-08-29T23:17:49.969+0800]       0 of   261 ms (  0.0%): <total>
[2024-08-29T23:17:49.969+0800]       0 of   261 ms (  0.0%): <average total>
[2024-08-29T23:17:49.969+0800] 
[2024-08-29T23:17:49.969+0800] Metaspace: 1650K(1792K)->1650K(1792K) NonClass: 1530K(1600K)->1530K(1600K) Class: 119K(192K)->119K(192K)
[2024-08-29T23:17:49.969+0800] Pacer for Idle. Initial: 41943K, Alloc Tax Rate: 1.0x
[2024-08-29T23:17:50.199+0800] Trigger: Free (202M) is below minimum threshold (204M)
[2024-08-29T23:17:50.199+0800] Free: 198M, Max: 1024K regular, 128M humongous, Frag: 36% external, 0% internal; Reserve: 103M, Max: 1024K
[2024-08-29T23:17:50.199+0800] GC(92) Concurrent reset
[2024-08-29T23:17:50.199+0800] GC(92) Using 2 of 4 workers for concurrent reset
[2024-08-29T23:17:50.199+0800] GC(92) Pacer for Reset. Non-Taxable: 2048M
[2024-08-29T23:17:50.204+0800] GC(92) Concurrent reset 5.112ms
[2024-08-29T23:17:50.204+0800] GC(92) Pause Init Mark (unload classes)
[2024-08-29T23:17:50.204+0800] GC(92) Using 4 of 4 workers for init marking
[2024-08-29T23:17:50.204+0800] GC(92) Pacer for Mark. Expected Live: 946M, Free: 186M, Non-Taxable: 19119K, Alloc Tax Rate: 6.2x
[2024-08-29T23:17:50.204+0800] GC(92) Pause Init Mark (unload classes) 0.108ms
[2024-08-29T23:17:50.205+0800] GC(92) Concurrent marking roots
[2024-08-29T23:17:50.205+0800] GC(92) Using 2 of 4 workers for concurrent marking roots
[2024-08-29T23:17:50.205+0800] GC(92) Concurrent marking roots 0.201ms
[2024-08-29T23:17:50.205+0800] GC(92) Concurrent marking (unload classes)
[2024-08-29T23:17:50.205+0800] GC(92) Using 2 of 4 workers for concurrent marking
[2024-08-29T23:17:50.207+0800] GC(92) Concurrent marking (unload classes) 2.025ms
[2024-08-29T23:17:50.207+0800] GC(92) Pause Final Mark (unload classes)
[2024-08-29T23:17:50.207+0800] GC(92) Using 4 of 4 workers for final marking
[2024-08-29T23:17:50.207+0800] GC(92) Collectable Garbage: 527M (97%), Immediate: 527M (97%), CSet: 0B (0%)
[2024-08-29T23:17:50.207+0800] GC(92) Pause Final Mark (unload classes) 0.278ms
[2024-08-29T23:17:50.207+0800] GC(92) Concurrent weak references
[2024-08-29T23:17:50.207+0800] GC(92) Using 2 of 4 workers for concurrent weak references
[2024-08-29T23:17:50.208+0800] GC(92) Encountered references: Soft: 178, Weak: 297, Final: 0, Phantom: 5
[2024-08-29T23:17:50.208+0800] GC(92) Discovered  references: Soft: 0, Weak: 113, Final: 0, Phantom: 5
[2024-08-29T23:17:50.208+0800] GC(92) Enqueued    references: Soft: 0, Weak: 0, Final: 0, Phantom: 0
[2024-08-29T23:17:50.208+0800] GC(92) Concurrent weak references 0.090ms
[2024-08-29T23:17:50.208+0800] GC(92) Concurrent weak roots
[2024-08-29T23:17:50.208+0800] GC(92) Using 2 of 4 workers for concurrent weak root
[2024-08-29T23:17:50.208+0800] GC(92) Concurrent weak roots 0.307ms
[2024-08-29T23:17:50.208+0800] GC(92) Concurrent cleanup
[2024-08-29T23:17:50.208+0800] GC(92) Concurrent cleanup 1528M->1001M(2048M) 0.076ms
[2024-08-29T23:17:50.208+0800] GC(92) Free: 783M, Max: 1024K regular, 123M humongous, Frag: 85% external, 2% internal; Reserve: 103M, Max: 1024K
[2024-08-29T23:17:50.208+0800] GC(92) Concurrent class unloading
[2024-08-29T23:17:50.208+0800] GC(92) Using 2 of 4 workers for concurrent class unloading
[2024-08-29T23:17:50.209+0800] GC(92) Concurrent class unloading 0.826ms
[2024-08-29T23:17:50.209+0800] GC(92) Pause Final Roots
[2024-08-29T23:17:50.209+0800] GC(92) Pause Final Roots 0.012ms
[2024-08-29T23:17:50.209+0800] Free: 782M, Max: 1024K regular, 123M humongous, Frag: 85% external, 2% internal; Reserve: 103M, Max: 1024K
[2024-08-29T23:17:50.209+0800] 
[2024-08-29T23:17:50.209+0800] All times are wall-clock times, except per-root-class counters, that are sum over
[2024-08-29T23:17:50.209+0800] all workers. Dividing the <total> over the root stage time estimates parallelism.
[2024-08-29T23:17:50.209+0800] 
[2024-08-29T23:17:50.209+0800] Concurrent Reset                   5166 us
[2024-08-29T23:17:50.209+0800] Pause Init Mark (G)                 630 us
[2024-08-29T23:17:50.209+0800] Pause Init Mark (N)                 115 us
[2024-08-29T23:17:50.209+0800]   Update Region States               66 us
[2024-08-29T23:17:50.209+0800] Concurrent Mark Roots               213 us, parallelism: 1.06x
[2024-08-29T23:17:50.209+0800]   CMR: <total>                      226 us
[2024-08-29T23:17:50.209+0800]   CMR: Thread Roots                 178 us, workers (us):  69, 109, ---, ---, 
[2024-08-29T23:17:50.209+0800]   CMR: VM Strong Roots                4 us, workers (us):   4,   0, ---, ---, 
[2024-08-29T23:17:50.209+0800]   CMR: CLDG Roots                    44 us, workers (us):  44, ---, ---, ---, 
[2024-08-29T23:17:50.209+0800] Concurrent Marking                 2046 us
[2024-08-29T23:17:50.209+0800] Pause Final Mark (G)                375 us
[2024-08-29T23:17:50.209+0800] Pause Final Mark (N)                285 us
[2024-08-29T23:17:50.209+0800]   Finish Mark                       102 us
[2024-08-29T23:17:50.209+0800]   Update Region States               44 us
[2024-08-29T23:17:50.209+0800]   Choose Collection Set              98 us
[2024-08-29T23:17:50.209+0800]   Rebuild Free Set                    9 us
[2024-08-29T23:17:50.209+0800] Concurrent Weak References           96 us, parallelism: 0.04x
[2024-08-29T23:17:50.209+0800]   CWRF: <total>                       4 us
[2024-08-29T23:17:50.209+0800]   CWRF: Weak References               4 us, workers (us):   4,   0, ---, ---, 
[2024-08-29T23:17:50.209+0800] Concurrent Weak Roots               319 us
[2024-08-29T23:17:50.209+0800]   Roots                             221 us, parallelism: 1.61x
[2024-08-29T23:17:50.209+0800]     CWR: <total>                    355 us
[2024-08-29T23:17:50.209+0800]     CWR: Code Cache Roots           308 us, workers (us): 158, 150, ---, ---, 
[2024-08-29T23:17:50.209+0800]     CWR: VM Weak Roots               45 us, workers (us):  27,  18, ---, ---, 
[2024-08-29T23:17:50.209+0800]     CWR: CLDG Roots                   3 us, workers (us):   3, ---, ---, ---, 
[2024-08-29T23:17:50.209+0800]   Rendezvous                         75 us
[2024-08-29T23:17:50.209+0800] Concurrent Cleanup                   82 us
[2024-08-29T23:17:50.209+0800] Concurrent Class Unloading          855 us
[2024-08-29T23:17:50.209+0800]   Unlink Stale                      736 us
[2024-08-29T23:17:50.209+0800]     System Dictionary                 3 us
[2024-08-29T23:17:50.209+0800]     Weak Class Links                  0 us
[2024-08-29T23:17:50.209+0800]     Code Roots                      732 us
[2024-08-29T23:17:50.209+0800]   Rendezvous                         48 us
[2024-08-29T23:17:50.209+0800]   Purge Unlinked                     30 us
[2024-08-29T23:17:50.209+0800]     Code Roots                       26 us
[2024-08-29T23:17:50.209+0800]     CLDG                              3 us
[2024-08-29T23:17:50.209+0800]     Exception Caches                  0 us
[2024-08-29T23:17:50.209+0800] Pause Final Roots (G)                84 us
[2024-08-29T23:17:50.209+0800] Pause Final Roots (N)                18 us
[2024-08-29T23:17:50.209+0800] 
[2024-08-29T23:17:50.209+0800] Allocation pacing accrued:
[2024-08-29T23:17:50.209+0800]       0 of   240 ms (  0.0%): <total>
[2024-08-29T23:17:50.209+0800]       0 of   240 ms (  0.0%): <average total>
[2024-08-29T23:17:50.209+0800] 
[2024-08-29T23:17:50.209+0800] Metaspace: 1650K(1792K)->1650K(1792K) NonClass: 1530K(1600K)->1530K(1600K) Class: 119K(192K)->119K(192K)
[2024-08-29T23:17:50.209+0800] Pacer for Idle. Initial: 41943K, Alloc Tax Rate: 1.0x
[2024-08-29T23:17:50.437+0800] Trigger: Free (202M) is below minimum threshold (204M)
[2024-08-29T23:17:50.437+0800] Free: 202M, Max: 1024K regular, 123M humongous, Frag: 39% external, 1% internal; Reserve: 103M, Max: 1024K
[2024-08-29T23:17:50.437+0800] GC(93) Concurrent reset
[2024-08-29T23:17:50.437+0800] GC(93) Using 2 of 4 workers for concurrent reset
[2024-08-29T23:17:50.437+0800] GC(93) Pacer for Reset. Non-Taxable: 2048M
[2024-08-29T23:17:50.441+0800] GC(93) Concurrent reset 4.047ms
[2024-08-29T23:17:50.442+0800] GC(93) Pause Init Mark (unload classes)
[2024-08-29T23:17:50.442+0800] GC(93) Using 4 of 4 workers for init marking
[2024-08-29T23:17:50.442+0800] GC(93) Pacer for Mark. Expected Live: 938M, Free: 198M, Non-Taxable: 20348K, Alloc Tax Rate: 5.8x
[2024-08-29T23:17:50.442+0800] GC(93) Pause Init Mark (unload classes) 0.120ms
[2024-08-29T23:17:50.442+0800] GC(93) Concurrent marking roots
[2024-08-29T23:17:50.442+0800] GC(93) Using 2 of 4 workers for concurrent marking roots
[2024-08-29T23:17:50.443+0800] GC(93) Concurrent marking roots 0.280ms
[2024-08-29T23:17:50.443+0800] GC(93) Concurrent marking (unload classes)
[2024-08-29T23:17:50.443+0800] GC(93) Using 2 of 4 workers for concurrent marking
[2024-08-29T23:17:50.445+0800] GC(93) Concurrent marking (unload classes) 2.561ms
[2024-08-29T23:17:50.445+0800] GC(93) Pause Final Mark (unload classes)
[2024-08-29T23:17:50.445+0800] GC(93) Using 4 of 4 workers for final marking
[2024-08-29T23:17:50.446+0800] GC(93) Collectable Garbage: 455M (97%), Immediate: 455M (97%), CSet: 0B (0%)
[2024-08-29T23:17:50.446+0800] GC(93) Pause Final Mark (unload classes) 0.292ms
[2024-08-29T23:17:50.446+0800] GC(93) Concurrent weak references
[2024-08-29T23:17:50.446+0800] GC(93) Using 2 of 4 workers for concurrent weak references
[2024-08-29T23:17:50.446+0800] GC(93) Encountered references: Soft: 178, Weak: 297, Final: 0, Phantom: 5
[2024-08-29T23:17:50.446+0800] GC(93) Discovered  references: Soft: 0, Weak: 103, Final: 0, Phantom: 3
[2024-08-29T23:17:50.446+0800] GC(93) Enqueued    references: Soft: 0, Weak: 0, Final: 0, Phantom: 0
[2024-08-29T23:17:50.446+0800] GC(93) Concurrent weak references 0.072ms
[2024-08-29T23:17:50.446+0800] GC(93) Concurrent weak roots
[2024-08-29T23:17:50.446+0800] GC(93) Using 2 of 4 workers for concurrent weak root
[2024-08-29T23:17:50.446+0800] GC(93) Concurrent weak roots 0.374ms
[2024-08-29T23:17:50.446+0800] GC(93) Concurrent cleanup
[2024-08-29T23:17:50.446+0800] GC(93) Concurrent cleanup 1500M->1045M(2048M) 0.073ms
[2024-08-29T23:17:50.446+0800] GC(93) Free: 730M, Max: 1024K regular, 128M humongous, Frag: 83% external, 2% internal; Reserve: 103M, Max: 1024K
[2024-08-29T23:17:50.446+0800] GC(93) Concurrent class unloading
[2024-08-29T23:17:50.446+0800] GC(93) Using 2 of 4 workers for concurrent class unloading
[2024-08-29T23:17:50.447+0800] GC(93) Concurrent class unloading 0.799ms
[2024-08-29T23:17:50.447+0800] GC(93) Pause Final Roots
[2024-08-29T23:17:50.447+0800] GC(93) Pause Final Roots 0.011ms
[2024-08-29T23:17:50.447+0800] Free: 729M, Max: 1024K regular, 128M humongous, Frag: 83% external, 2% internal; Reserve: 103M, Max: 1024K
[2024-08-29T23:17:50.447+0800] 
[2024-08-29T23:17:50.447+0800] All times are wall-clock times, except per-root-class counters, that are sum over
[2024-08-29T23:17:50.447+0800] all workers. Dividing the <total> over the root stage time estimates parallelism.
[2024-08-29T23:17:50.447+0800] 
[2024-08-29T23:17:50.447+0800] Concurrent Reset                   4148 us
[2024-08-29T23:17:50.447+0800] Pause Init Mark (G)                 889 us
[2024-08-29T23:17:50.447+0800] Pause Init Mark (N)                 128 us
[2024-08-29T23:17:50.447+0800]   Update Region States               74 us
[2024-08-29T23:17:50.447+0800] Concurrent Mark Roots               291 us, parallelism: 0.76x
[2024-08-29T23:17:50.447+0800]   CMR: <total>                      222 us
[2024-08-29T23:17:50.447+0800]   CMR: Thread Roots                 159 us, workers (us): 159,   0, ---, ---, 
[2024-08-29T23:17:50.447+0800]   CMR: VM Strong Roots                4 us, workers (us):   4,   0, ---, ---, 
[2024-08-29T23:17:50.447+0800]   CMR: CLDG Roots                    59 us, workers (us):  59, ---, ---, ---, 
[2024-08-29T23:17:50.447+0800] Concurrent Marking                 2587 us
[2024-08-29T23:17:50.447+0800] Pause Final Mark (G)                355 us
[2024-08-29T23:17:50.447+0800] Pause Final Mark (N)                300 us
[2024-08-29T23:17:50.447+0800]   Finish Mark                       114 us
[2024-08-29T23:17:50.447+0800]   Update Region States               50 us
[2024-08-29T23:17:50.447+0800]   Choose Collection Set              97 us
[2024-08-29T23:17:50.447+0800]   Rebuild Free Set                   12 us
[2024-08-29T23:17:50.447+0800] Concurrent Weak References           79 us, parallelism: 0.04x
[2024-08-29T23:17:50.447+0800]   CWRF: <total>                       3 us
[2024-08-29T23:17:50.447+0800]   CWRF: Weak References               3 us, workers (us):   3,   0, ---, ---, 
[2024-08-29T23:17:50.447+0800] Concurrent Weak Roots               382 us
[2024-08-29T23:17:50.447+0800]   Roots                             340 us, parallelism: 0.93x
[2024-08-29T23:17:50.447+0800]     CWR: <total>                    317 us
[2024-08-29T23:17:50.447+0800]     CWR: Code Cache Roots           263 us, workers (us): 263,   0, ---, ---, 
[2024-08-29T23:17:50.447+0800]     CWR: VM Weak Roots               51 us, workers (us):  51,   0, ---, ---, 
[2024-08-29T23:17:50.447+0800]     CWR: CLDG Roots                   3 us, workers (us):   3, ---, ---, ---, 
[2024-08-29T23:17:50.447+0800]   Rendezvous                         22 us
[2024-08-29T23:17:50.447+0800] Concurrent Cleanup                   79 us
[2024-08-29T23:17:50.447+0800] Concurrent Class Unloading          835 us
[2024-08-29T23:17:50.447+0800]   Unlink Stale                      681 us
[2024-08-29T23:17:50.447+0800]     System Dictionary                 3 us
[2024-08-29T23:17:50.447+0800]     Weak Class Links                  0 us
[2024-08-29T23:17:50.447+0800]     Code Roots                      677 us
[2024-08-29T23:17:50.447+0800]   Rendezvous                         26 us
[2024-08-29T23:17:50.447+0800]   Purge Unlinked                     51 us
[2024-08-29T23:17:50.447+0800]     Code Roots                       33 us
[2024-08-29T23:17:50.447+0800]     CLDG                             17 us
[2024-08-29T23:17:50.447+0800]     Exception Caches                  0 us
[2024-08-29T23:17:50.447+0800] Pause Final Roots (G)                53 us
[2024-08-29T23:17:50.447+0800] Pause Final Roots (N)                18 us
[2024-08-29T23:17:50.447+0800] 
[2024-08-29T23:17:50.447+0800] Allocation pacing accrued:
[2024-08-29T23:17:50.447+0800]       0 of   238 ms (  0.0%): <total>
[2024-08-29T23:17:50.447+0800]       0 of   238 ms (  0.0%): <average total>
[2024-08-29T23:17:50.447+0800] 
[2024-08-29T23:17:50.447+0800] Metaspace: 1650K(1792K)->1650K(1792K) NonClass: 1530K(1600K)->1530K(1600K) Class: 119K(192K)->119K(192K)
[2024-08-29T23:17:50.447+0800] Pacer for Idle. Initial: 41943K, Alloc Tax Rate: 1.0x
[2024-08-29T23:17:50.656+0800] Trigger: Free (196M) is below minimum threshold (204M)
[2024-08-29T23:17:50.656+0800] Free: 196M, Max: 1024K regular, 128M humongous, Frag: 35% external, 5% internal; Reserve: 103M, Max: 1024K
[2024-08-29T23:17:50.656+0800] GC(94) Concurrent reset
[2024-08-29T23:17:50.656+0800] GC(94) Using 2 of 4 workers for concurrent reset
[2024-08-29T23:17:50.656+0800] GC(94) Pacer for Reset. Non-Taxable: 2048M
[2024-08-29T23:17:50.662+0800] GC(94) Concurrent reset 5.518ms
[2024-08-29T23:17:50.663+0800] GC(94) Pause Init Mark (unload classes)
[2024-08-29T23:17:50.663+0800] GC(94) Using 4 of 4 workers for init marking
[2024-08-29T23:17:50.663+0800] GC(94) Pacer for Mark. Expected Live: 957M, Free: 179M, Non-Taxable: 18400K, Alloc Tax Rate: 6.5x
[2024-08-29T23:17:50.663+0800] GC(94) Pause Init Mark (unload classes) 0.108ms
[2024-08-29T23:17:50.663+0800] GC(94) Concurrent marking roots
[2024-08-29T23:17:50.663+0800] GC(94) Using 2 of 4 workers for concurrent marking roots
[2024-08-29T23:17:50.663+0800] GC(94) Concurrent marking roots 0.224ms
[2024-08-29T23:17:50.663+0800] GC(94) Concurrent marking (unload classes)
[2024-08-29T23:17:50.663+0800] GC(94) Using 2 of 4 workers for concurrent marking
[2024-08-29T23:17:50.665+0800] GC(94) Concurrent marking (unload classes) 1.959ms
[2024-08-29T23:17:50.665+0800] GC(94) Pause Final Mark (unload classes)
[2024-08-29T23:17:50.665+0800] GC(94) Using 4 of 4 workers for final marking
[2024-08-29T23:17:50.666+0800] GC(94) Collectable Garbage: 368M (96%), Immediate: 368M (96%), CSet: 0B (0%)
[2024-08-29T23:17:50.666+0800] GC(94) Pause Final Mark (unload classes) 0.514ms
[2024-08-29T23:17:50.666+0800] GC(94) Concurrent weak references
[2024-08-29T23:17:50.666+0800] GC(94) Using 2 of 4 workers for concurrent weak references
[2024-08-29T23:17:50.666+0800] GC(94) Encountered references: Soft: 178, Weak: 297, Final: 0, Phantom: 5
[2024-08-29T23:17:50.666+0800] GC(94) Discovered  references: Soft: 0, Weak: 99, Final: 0, Phantom: 5
[2024-08-29T23:17:50.666+0800] GC(94) Enqueued    references: Soft: 0, Weak: 0, Final: 0, Phantom: 0
[2024-08-29T23:17:50.666+0800] GC(94) Concurrent weak references 0.093ms
[2024-08-29T23:17:50.666+0800] GC(94) Concurrent weak roots
[2024-08-29T23:17:50.666+0800] GC(94) Using 2 of 4 workers for concurrent weak root
[2024-08-29T23:17:50.666+0800] GC(94) Concurrent weak roots 0.431ms
[2024-08-29T23:17:50.666+0800] GC(94) Concurrent cleanup
[2024-08-29T23:17:50.667+0800] GC(94) Concurrent cleanup 1524M->1155M(2048M) 0.085ms
[2024-08-29T23:17:50.667+0800] GC(94) Free: 610M, Max: 1024K regular, 123M humongous, Frag: 80% external, 3% internal; Reserve: 103M, Max: 1024K
[2024-08-29T23:17:50.667+0800] GC(94) Concurrent class unloading
[2024-08-29T23:17:50.667+0800] GC(94) Using 2 of 4 workers for concurrent class unloading
[2024-08-29T23:17:50.667+0800] GC(94) Concurrent class unloading 0.796ms
[2024-08-29T23:17:50.667+0800] GC(94) Pause Final Roots
[2024-08-29T23:17:50.667+0800] GC(94) Pause Final Roots 0.017ms
[2024-08-29T23:17:50.667+0800] Free: 610M, Max: 1024K regular, 123M humongous, Frag: 80% external, 3% internal; Reserve: 103M, Max: 1024K
[2024-08-29T23:17:50.667+0800] 
[2024-08-29T23:17:50.667+0800] All times are wall-clock times, except per-root-class counters, that are sum over
[2024-08-29T23:17:50.667+0800] all workers. Dividing the <total> over the root stage time estimates parallelism.
[2024-08-29T23:17:50.667+0800] 
[2024-08-29T23:17:50.667+0800] Concurrent Reset                   5619 us
[2024-08-29T23:17:50.667+0800] Pause Init Mark (G)                1348 us
[2024-08-29T23:17:50.667+0800] Pause Init Mark (N)                 115 us
[2024-08-29T23:17:50.668+0800]   Update Region States               44 us
[2024-08-29T23:17:50.668+0800] Concurrent Mark Roots               239 us, parallelism: 0.85x
[2024-08-29T23:17:50.668+0800]   CMR: <total>                      204 us
[2024-08-29T23:17:50.668+0800]   CMR: Thread Roots                 162 us, workers (us):  67,  95, ---, ---, 
[2024-08-29T23:17:50.668+0800]   CMR: VM Strong Roots                5 us, workers (us):   4,   0, ---, ---, 
[2024-08-29T23:17:50.668+0800]   CMR: CLDG Roots                    37 us, workers (us):  37, ---, ---, ---, 
[2024-08-29T23:17:50.668+0800] Concurrent Marking                 2002 us
[2024-08-29T23:17:50.668+0800] Pause Final Mark (G)                591 us
[2024-08-29T23:17:50.668+0800] Pause Final Mark (N)                522 us
[2024-08-29T23:17:50.668+0800]   Finish Mark                       313 us
[2024-08-29T23:17:50.668+0800]   Update Region States               64 us
[2024-08-29T23:17:50.668+0800]   Choose Collection Set             100 us
[2024-08-29T23:17:50.668+0800]   Rebuild Free Set                   11 us
[2024-08-29T23:17:50.668+0800] Concurrent Weak References          113 us, parallelism: 0.03x
[2024-08-29T23:17:50.668+0800]   CWRF: <total>                       3 us
[2024-08-29T23:17:50.668+0800]   CWRF: Weak References               3 us, workers (us):   3,   0, ---, ---, 
[2024-08-29T23:17:50.668+0800] Concurrent Weak Roots               447 us
[2024-08-29T23:17:50.668+0800]   Roots                             351 us, parallelism: 0.82x
[2024-08-29T23:17:50.668+0800]     CWR: <total>                    289 us
[2024-08-29T23:17:50.668+0800]     CWR: Code Cache Roots           243 us, workers (us): 243,   0, ---, ---, 
[2024-08-29T23:17:50.668+0800]     CWR: VM Weak Roots               43 us, workers (us):  43,   0, ---, ---, 
[2024-08-29T23:17:50.668+0800]     CWR: CLDG Roots                   2 us, workers (us):   2, ---, ---, ---, 
[2024-08-29T23:17:50.668+0800]   Rendezvous                         68 us
[2024-08-29T23:17:50.668+0800] Concurrent Cleanup                   93 us
[2024-08-29T23:17:50.668+0800] Concurrent Class Unloading          811 us
[2024-08-29T23:17:50.668+0800]   Unlink Stale                      634 us
[2024-08-29T23:17:50.668+0800]     System Dictionary                 3 us
[2024-08-29T23:17:50.668+0800]     Weak Class Links                  0 us
[2024-08-29T23:17:50.668+0800]     Code Roots                      631 us
[2024-08-29T23:17:50.668+0800]   Rendezvous                         67 us
[2024-08-29T23:17:50.668+0800]   Purge Unlinked                     83 us
[2024-08-29T23:17:50.668+0800]     Code Roots                       70 us
[2024-08-29T23:17:50.668+0800]     CLDG                             13 us
[2024-08-29T23:17:50.668+0800]     Exception Caches                  0 us
[2024-08-29T23:17:50.668+0800] Pause Final Roots (G)                93 us
[2024-08-29T23:17:50.668+0800] Pause Final Roots (N)                24 us
[2024-08-29T23:17:50.668+0800] 
[2024-08-29T23:17:50.668+0800] Allocation pacing accrued:
[2024-08-29T23:17:50.668+0800]       0 of   220 ms (  0.0%): <total>
[2024-08-29T23:17:50.668+0800]       0 of   220 ms (  0.0%): <average total>
[2024-08-29T23:17:50.668+0800] 
[2024-08-29T23:17:50.668+0800] Metaspace: 1650K(1792K)->1650K(1792K) NonClass: 1530K(1600K)->1530K(1600K) Class: 119K(192K)->119K(192K)
[2024-08-29T23:17:50.668+0800] Pacer for Idle. Initial: 41943K, Alloc Tax Rate: 1.0x
[2024-08-29T23:17:50.828+0800] Trigger: Free (201M) is below minimum threshold (204M)
[2024-08-29T23:17:50.828+0800] Free: 201M, Max: 1024K regular, 123M humongous, Frag: 39% external, 1% internal; Reserve: 103M, Max: 1024K
[2024-08-29T23:17:50.828+0800] GC(95) Concurrent reset
[2024-08-29T23:17:50.828+0800] GC(95) Using 2 of 4 workers for concurrent reset
[2024-08-29T23:17:50.828+0800] GC(95) Pacer for Reset. Non-Taxable: 2048M
[2024-08-29T23:17:50.836+0800] GC(95) Concurrent reset 7.622ms
[2024-08-29T23:17:50.837+0800] GC(95) Pause Init Mark (unload classes)
[2024-08-29T23:17:50.837+0800] GC(95) Using 4 of 4 workers for init marking
[2024-08-29T23:17:50.837+0800] GC(95) Pacer for Mark. Expected Live: 1008M, Free: 166M, Non-Taxable: 16999K, Alloc Tax Rate: 7.4x
[2024-08-29T23:17:50.837+0800] GC(95) Pause Init Mark (unload classes) 0.107ms
[2024-08-29T23:17:50.838+0800] GC(95) Concurrent marking roots
[2024-08-29T23:17:50.838+0800] GC(95) Using 2 of 4 workers for concurrent marking roots
[2024-08-29T23:17:50.838+0800] GC(95) Concurrent marking roots 0.204ms
[2024-08-29T23:17:50.838+0800] GC(95) Concurrent marking (unload classes)
[2024-08-29T23:17:50.838+0800] GC(95) Using 2 of 4 workers for concurrent marking
[2024-08-29T23:17:50.840+0800] GC(95) Concurrent marking (unload classes) 2.252ms
[2024-08-29T23:17:50.840+0800] GC(95) Pause Final Mark (unload classes)
[2024-08-29T23:17:50.840+0800] GC(95) Using 4 of 4 workers for final marking
[2024-08-29T23:17:50.840+0800] GC(95) Collectable Garbage: 334M (96%), Immediate: 334M (96%), CSet: 0B (0%)
[2024-08-29T23:17:50.840+0800] GC(95) Pause Final Mark (unload classes) 0.217ms
[2024-08-29T23:17:50.840+0800] GC(95) Concurrent weak references
[2024-08-29T23:17:50.840+0800] GC(95) Using 2 of 4 workers for concurrent weak references
[2024-08-29T23:17:50.840+0800] GC(95) Encountered references: Soft: 178, Weak: 297, Final: 0, Phantom: 5
[2024-08-29T23:17:50.840+0800] GC(95) Discovered  references: Soft: 0, Weak: 142, Final: 0, Phantom: 5
[2024-08-29T23:17:50.840+0800] GC(95) Enqueued    references: Soft: 0, Weak: 0, Final: 0, Phantom: 0
[2024-08-29T23:17:50.840+0800] GC(95) Concurrent weak references 0.084ms
[2024-08-29T23:17:50.840+0800] GC(95) Concurrent weak roots
[2024-08-29T23:17:50.840+0800] GC(95) Using 2 of 4 workers for concurrent weak root
[2024-08-29T23:17:50.841+0800] GC(95) Concurrent weak roots 0.304ms
[2024-08-29T23:17:50.841+0800] GC(95) Concurrent cleanup
[2024-08-29T23:17:50.841+0800] GC(95) Concurrent cleanup 1543M->1209M(2048M) 0.057ms
[2024-08-29T23:17:50.841+0800] GC(95) Free: 555M, Max: 1024K regular, 114M humongous, Frag: 80% external, 3% internal; Reserve: 103M, Max: 1024K
[2024-08-29T23:17:50.841+0800] GC(95) Concurrent class unloading
[2024-08-29T23:17:50.841+0800] GC(95) Using 2 of 4 workers for concurrent class unloading
[2024-08-29T23:17:50.842+0800] GC(95) Concurrent class unloading 0.821ms
[2024-08-29T23:17:50.842+0800] GC(95) Pause Final Roots
[2024-08-29T23:17:50.842+0800] GC(95) Pause Final Roots 0.012ms
[2024-08-29T23:17:50.842+0800] Free: 547M, Max: 1024K regular, 114M humongous, Frag: 79% external, 3% internal; Reserve: 103M, Max: 1024K
[2024-08-29T23:17:50.842+0800] 
[2024-08-29T23:17:50.842+0800] All times are wall-clock times, except per-root-class counters, that are sum over
[2024-08-29T23:17:50.842+0800] all workers. Dividing the <total> over the root stage time estimates parallelism.
[2024-08-29T23:17:50.842+0800] 
[2024-08-29T23:17:50.842+0800] Concurrent Reset                   7731 us
[2024-08-29T23:17:50.842+0800] Pause Init Mark (G)                1335 us
[2024-08-29T23:17:50.842+0800] Pause Init Mark (N)                 112 us
[2024-08-29T23:17:50.842+0800]   Update Region States               64 us
[2024-08-29T23:17:50.842+0800] Concurrent Mark Roots               217 us, parallelism: 0.85x
[2024-08-29T23:17:50.842+0800]   CMR: <total>                      183 us
[2024-08-29T23:17:50.842+0800]   CMR: Thread Roots                 129 us, workers (us):  46,  83, ---, ---, 
[2024-08-29T23:17:50.842+0800]   CMR: VM Strong Roots                4 us, workers (us):   4,   0, ---, ---, 
[2024-08-29T23:17:50.842+0800]   CMR: CLDG Roots                    50 us, workers (us):  50, ---, ---, ---, 
[2024-08-29T23:17:50.842+0800] Concurrent Marking                 2289 us
[2024-08-29T23:17:50.842+0800] Pause Final Mark (G)                290 us
[2024-08-29T23:17:50.843+0800] Pause Final Mark (N)                223 us
[2024-08-29T23:17:50.843+0800]   Finish Mark                        67 us
[2024-08-29T23:17:50.843+0800]   Update Region States               40 us
[2024-08-29T23:17:50.843+0800]   Choose Collection Set              65 us
[2024-08-29T23:17:50.843+0800]   Rebuild Free Set                    7 us
[2024-08-29T23:17:50.843+0800] Concurrent Weak References           89 us, parallelism: 0.05x
[2024-08-29T23:17:50.843+0800]   CWRF: <total>                       5 us
[2024-08-29T23:17:50.843+0800]   CWRF: Weak References               5 us, workers (us):   5,   0, ---, ---, 
[2024-08-29T23:17:50.843+0800] Concurrent Weak Roots               316 us
[2024-08-29T23:17:50.843+0800]   Roots                             243 us, parallelism: 1.39x
[2024-08-29T23:17:50.843+0800]     CWR: <total>                    337 us
[2024-08-29T23:17:50.843+0800]     CWR: Code Cache Roots           292 us, workers (us): 151, 141, ---, ---, 
[2024-08-29T23:17:50.843+0800]     CWR: VM Weak Roots               43 us, workers (us):  27,  16, ---, ---, 
[2024-08-29T23:17:50.843+0800]     CWR: CLDG Roots                   2 us, workers (us):   2, ---, ---, ---, 
[2024-08-29T23:17:50.843+0800]   Rendezvous                         51 us
[2024-08-29T23:17:50.843+0800] Concurrent Cleanup                   63 us
[2024-08-29T23:17:50.843+0800] Concurrent Class Unloading          838 us
[2024-08-29T23:17:50.843+0800]   Unlink Stale                      676 us
[2024-08-29T23:17:50.843+0800]     System Dictionary                 3 us
[2024-08-29T23:17:50.843+0800]     Weak Class Links                  0 us
[2024-08-29T23:17:50.843+0800]     Code Roots                      673 us
[2024-08-29T23:17:50.843+0800]   Rendezvous                         61 us
[2024-08-29T23:17:50.843+0800]   Purge Unlinked                     74 us
[2024-08-29T23:17:50.843+0800]     Code Roots                       63 us
[2024-08-29T23:17:50.843+0800]     CLDG                             10 us
[2024-08-29T23:17:50.843+0800]     Exception Caches                  0 us
[2024-08-29T23:17:50.843+0800] Pause Final Roots (G)               749 us
[2024-08-29T23:17:50.843+0800] Pause Final Roots (N)                17 us
[2024-08-29T23:17:50.843+0800] 
[2024-08-29T23:17:50.843+0800] Allocation pacing accrued:
[2024-08-29T23:17:50.843+0800]       0 of   175 ms (  0.0%): <total>
[2024-08-29T23:17:50.843+0800]       0 of   175 ms (  0.0%): <average total>
[2024-08-29T23:17:50.843+0800] 
[2024-08-29T23:17:50.843+0800] Metaspace: 1650K(1792K)->1650K(1792K) NonClass: 1530K(1600K)->1530K(1600K) Class: 119K(192K)->119K(192K)
[2024-08-29T23:17:50.843+0800] Pacer for Idle. Initial: 41943K, Alloc Tax Rate: 1.0x
[2024-08-29T23:17:50.987+0800] Trigger: Free (198M) is below minimum threshold (204M)
[2024-08-29T23:17:50.987+0800] Free: 198M, Max: 1024K regular, 104M humongous, Frag: 48% external, 2% internal; Reserve: 103M, Max: 1024K
[2024-08-29T23:17:50.987+0800] GC(96) Concurrent reset
[2024-08-29T23:17:50.987+0800] GC(96) Using 2 of 4 workers for concurrent reset
[2024-08-29T23:17:50.987+0800] GC(96) Pacer for Reset. Non-Taxable: 2048M
[2024-08-29T23:17:50.993+0800] GC(96) Concurrent reset 6.507ms
[2024-08-29T23:17:50.995+0800] GC(96) Pause Init Mark (unload classes)
[2024-08-29T23:17:50.995+0800] GC(96) Using 4 of 4 workers for init marking
[2024-08-29T23:17:50.995+0800] GC(96) Pacer for Mark. Expected Live: 1055M, Free: 182M, Non-Taxable: 18737K, Alloc Tax Rate: 7.0x
[2024-08-29T23:17:50.995+0800] GC(96) Pause Init Mark (unload classes) 0.106ms
[2024-08-29T23:17:50.995+0800] GC(96) Concurrent marking roots
[2024-08-29T23:17:50.995+0800] GC(96) Using 2 of 4 workers for concurrent marking roots
[2024-08-29T23:17:50.995+0800] GC(96) Concurrent marking roots 0.227ms
[2024-08-29T23:17:50.995+0800] GC(96) Concurrent marking (unload classes)
[2024-08-29T23:17:50.995+0800] GC(96) Using 2 of 4 workers for concurrent marking
[2024-08-29T23:17:50.997+0800] GC(96) Concurrent marking (unload classes) 1.436ms
[2024-08-29T23:17:50.997+0800] GC(96) Pause Final Mark (unload classes)
[2024-08-29T23:17:50.997+0800] GC(96) Using 4 of 4 workers for final marking
[2024-08-29T23:17:50.997+0800] GC(96) Collectable Garbage: 332M (95%), Immediate: 332M (95%), CSet: 0B (0%)
[2024-08-29T23:17:50.997+0800] GC(96) Pause Final Mark (unload classes) 0.201ms
[2024-08-29T23:17:50.997+0800] GC(96) Concurrent weak references
[2024-08-29T23:17:50.997+0800] GC(96) Using 2 of 4 workers for concurrent weak references
[2024-08-29T23:17:50.997+0800] GC(96) Encountered references: Soft: 178, Weak: 297, Final: 0, Phantom: 5
[2024-08-29T23:17:50.997+0800] GC(96) Discovered  references: Soft: 0, Weak: 123, Final: 0, Phantom: 5
[2024-08-29T23:17:50.997+0800] GC(96) Enqueued    references: Soft: 0, Weak: 0, Final: 0, Phantom: 0
[2024-08-29T23:17:50.997+0800] GC(96) Concurrent weak references 0.083ms
[2024-08-29T23:17:50.997+0800] GC(96) Concurrent weak roots
[2024-08-29T23:17:50.997+0800] GC(96) Using 2 of 4 workers for concurrent weak root
[2024-08-29T23:17:50.997+0800] GC(96) Concurrent weak roots 0.288ms
[2024-08-29T23:17:50.997+0800] GC(96) Concurrent cleanup
[2024-08-29T23:17:50.997+0800] GC(96) Concurrent cleanup 1535M->1202M(2048M) 0.056ms
[2024-08-29T23:17:50.997+0800] GC(96) Free: 558M, Max: 1024K regular, 96256K humongous, Frag: 83% external, 2% internal; Reserve: 103M, Max: 1024K
[2024-08-29T23:17:50.997+0800] GC(96) Concurrent class unloading
[2024-08-29T23:17:50.997+0800] GC(96) Using 2 of 4 workers for concurrent class unloading
[2024-08-29T23:17:50.998+0800] GC(96) Concurrent class unloading 0.934ms
[2024-08-29T23:17:50.998+0800] GC(96) Pause Final Roots
[2024-08-29T23:17:50.998+0800] GC(96) Pause Final Roots 0.011ms
[2024-08-29T23:17:50.998+0800] Free: 554M, Max: 1024K regular, 96256K humongous, Frag: 83% external, 2% internal; Reserve: 103M, Max: 1024K
[2024-08-29T23:17:50.998+0800] 
[2024-08-29T23:17:50.998+0800] All times are wall-clock times, except per-root-class counters, that are sum over
[2024-08-29T23:17:50.998+0800] all workers. Dividing the <total> over the root stage time estimates parallelism.
[2024-08-29T23:17:50.998+0800] 
[2024-08-29T23:17:50.998+0800] Concurrent Reset                   6635 us
[2024-08-29T23:17:50.998+0800] Pause Init Mark (G)                1312 us
[2024-08-29T23:17:50.998+0800] Pause Init Mark (N)                 113 us
[2024-08-29T23:17:50.998+0800]   Update Region States               59 us
[2024-08-29T23:17:50.998+0800] Concurrent Mark Roots               243 us, parallelism: 0.73x
[2024-08-29T23:17:50.998+0800]   CMR: <total>                      178 us
[2024-08-29T23:17:50.998+0800]   CMR: Thread Roots                 145 us, workers (us):  60,  85, ---, ---, 
[2024-08-29T23:17:50.998+0800]   CMR: VM Strong Roots                3 us, workers (us):   3,   0, ---, ---, 
[2024-08-29T23:17:50.998+0800]   CMR: CLDG Roots                    29 us, workers (us):  29, ---, ---, ---, 
[2024-08-29T23:17:50.998+0800] Concurrent Marking                 1452 us
[2024-08-29T23:17:50.998+0800] Pause Final Mark (G)                274 us
[2024-08-29T23:17:50.998+0800] Pause Final Mark (N)                207 us
[2024-08-29T23:17:50.998+0800]   Finish Mark                        83 us
[2024-08-29T23:17:50.998+0800]   Update Region States               32 us
[2024-08-29T23:17:50.998+0800]   Choose Collection Set              58 us
[2024-08-29T23:17:50.999+0800]   Rebuild Free Set                    7 us
[2024-08-29T23:17:50.999+0800] Concurrent Weak References           90 us, parallelism: 0.04x
[2024-08-29T23:17:50.999+0800]   CWRF: <total>                       4 us
[2024-08-29T23:17:50.999+0800]   CWRF: Weak References               4 us, workers (us):   3,   0, ---, ---, 
[2024-08-29T23:17:50.999+0800] Concurrent Weak Roots               298 us
[2024-08-29T23:17:50.999+0800]   Roots                             223 us, parallelism: 1.45x
[2024-08-29T23:17:50.999+0800]     CWR: <total>                    323 us
[2024-08-29T23:17:50.999+0800]     CWR: Code Cache Roots           282 us, workers (us): 142, 141, ---, ---, 
[2024-08-29T23:17:50.999+0800]     CWR: VM Weak Roots               40 us, workers (us):  26,  14, ---, ---, 
[2024-08-29T23:17:50.999+0800]     CWR: CLDG Roots                   2 us, workers (us): ---,   2, ---, ---, 
[2024-08-29T23:17:50.999+0800]   Rendezvous                         54 us
[2024-08-29T23:17:50.999+0800] Concurrent Cleanup                   61 us
[2024-08-29T23:17:50.999+0800] Concurrent Class Unloading          948 us
[2024-08-29T23:17:50.999+0800]   Unlink Stale                      805 us
[2024-08-29T23:17:50.999+0800]     System Dictionary                 2 us
[2024-08-29T23:17:50.999+0800]     Weak Class Links                  0 us
[2024-08-29T23:17:50.999+0800]     Code Roots                      802 us
[2024-08-29T23:17:50.999+0800]   Rendezvous                         55 us
[2024-08-29T23:17:50.999+0800]   Purge Unlinked                     64 us
[2024-08-29T23:17:50.999+0800]     Code Roots                       60 us
[2024-08-29T23:17:50.999+0800]     CLDG                              4 us
[2024-08-29T23:17:50.999+0800]     Exception Caches                  0 us
[2024-08-29T23:17:50.999+0800] Pause Final Roots (G)                83 us
[2024-08-29T23:17:50.999+0800] Pause Final Roots (N)                16 us
[2024-08-29T23:17:50.999+0800] 
[2024-08-29T23:17:50.999+0800] Allocation pacing accrued:
[2024-08-29T23:17:50.999+0800]       0 of   156 ms (  0.0%): <total>
[2024-08-29T23:17:50.999+0800]       0 of   156 ms (  0.0%): <average total>
[2024-08-29T23:17:50.999+0800] 
[2024-08-29T23:17:50.999+0800] Metaspace: 1650K(1792K)->1650K(1792K) NonClass: 1530K(1600K)->1530K(1600K) Class: 119K(192K)->119K(192K)
[2024-08-29T23:17:50.999+0800] Pacer for Idle. Initial: 41943K, Alloc Tax Rate: 1.0x
[2024-08-29T23:17:51.144+0800] Trigger: Free (198M) is below minimum threshold (204M)
[2024-08-29T23:17:51.145+0800] Free: 198M, Max: 1024K regular, 96256K humongous, Frag: 53% external, 0% internal; Reserve: 103M, Max: 1024K
[2024-08-29T23:17:51.145+0800] GC(97) Concurrent reset
[2024-08-29T23:17:51.145+0800] GC(97) Using 2 of 4 workers for concurrent reset
[2024-08-29T23:17:51.145+0800] GC(97) Pacer for Reset. Non-Taxable: 2048M
[2024-08-29T23:17:51.151+0800] GC(97) Concurrent reset 6.295ms
[2024-08-29T23:17:51.151+0800] GC(97) Pause Init Mark (unload classes)
[2024-08-29T23:17:51.151+0800] GC(97) Using 4 of 4 workers for init marking
[2024-08-29T23:17:51.151+0800] GC(97) Pacer for Mark. Expected Live: 1098M, Free: 186M, Non-Taxable: 19048K, Alloc Tax Rate: 7.2x
[2024-08-29T23:17:51.151+0800] GC(97) Pause Init Mark (unload classes) 0.118ms
[2024-08-29T23:17:51.151+0800] GC(97) Concurrent marking roots
[2024-08-29T23:17:51.151+0800] GC(97) Using 2 of 4 workers for concurrent marking roots
[2024-08-29T23:17:51.151+0800] GC(97) Concurrent marking roots 0.207ms
[2024-08-29T23:17:51.151+0800] GC(97) Concurrent marking (unload classes)
[2024-08-29T23:17:51.151+0800] GC(97) Using 2 of 4 workers for concurrent marking
[2024-08-29T23:17:51.153+0800] GC(97) Concurrent marking (unload classes) 1.445ms
[2024-08-29T23:17:51.153+0800] GC(97) Pause Final Mark (unload classes)
[2024-08-29T23:17:51.153+0800] GC(97) Using 4 of 4 workers for final marking
[2024-08-29T23:17:51.153+0800] GC(97) Collectable Garbage: 316M (95%), Immediate: 316M (95%), CSet: 0B (0%)
[2024-08-29T23:17:51.153+0800] GC(97) Pause Final Mark (unload classes) 0.290ms
[2024-08-29T23:17:51.153+0800] GC(97) Concurrent weak references
[2024-08-29T23:17:51.153+0800] GC(97) Using 2 of 4 workers for concurrent weak references
[2024-08-29T23:17:51.153+0800] GC(97) Encountered references: Soft: 178, Weak: 297, Final: 0, Phantom: 5
[2024-08-29T23:17:51.153+0800] GC(97) Discovered  references: Soft: 0, Weak: 124, Final: 0, Phantom: 3
[2024-08-29T23:17:51.153+0800] GC(97) Enqueued    references: Soft: 0, Weak: 0, Final: 0, Phantom: 0
[2024-08-29T23:17:51.153+0800] GC(97) Concurrent weak references 0.085ms
[2024-08-29T23:17:51.153+0800] GC(97) Concurrent weak roots
[2024-08-29T23:17:51.153+0800] GC(97) Using 2 of 4 workers for concurrent weak root
[2024-08-29T23:17:51.154+0800] GC(97) Concurrent weak roots 0.456ms
[2024-08-29T23:17:51.154+0800] GC(97) Concurrent cleanup
[2024-08-29T23:17:51.154+0800] GC(97) Concurrent cleanup 1520M->1203M(2048M) 0.067ms
[2024-08-29T23:17:51.154+0800] GC(97) Free: 555M, Max: 1024K regular, 96256K humongous, Frag: 83% external, 3% internal; Reserve: 103M, Max: 1024K
[2024-08-29T23:17:51.154+0800] GC(97) Concurrent class unloading
[2024-08-29T23:17:51.154+0800] GC(97) Using 2 of 4 workers for concurrent class unloading
[2024-08-29T23:17:51.155+0800] GC(97) Concurrent class unloading 0.802ms
[2024-08-29T23:17:51.155+0800] GC(97) Pause Final Roots
[2024-08-29T23:17:51.155+0800] GC(97) Pause Final Roots 0.013ms
[2024-08-29T23:17:51.155+0800] Free: 555M, Max: 1024K regular, 96256K humongous, Frag: 83% external, 3% internal; Reserve: 103M, Max: 1024K
[2024-08-29T23:17:51.155+0800] 
[2024-08-29T23:17:51.155+0800] All times are wall-clock times, except per-root-class counters, that are sum over
[2024-08-29T23:17:51.155+0800] all workers. Dividing the <total> over the root stage time estimates parallelism.
[2024-08-29T23:17:51.155+0800] 
[2024-08-29T23:17:51.155+0800] Concurrent Reset                   6344 us
[2024-08-29T23:17:51.155+0800] Pause Init Mark (G)                 224 us
[2024-08-29T23:17:51.155+0800] Pause Init Mark (N)                 125 us
[2024-08-29T23:17:51.155+0800]   Update Region States               74 us
[2024-08-29T23:17:51.155+0800] Concurrent Mark Roots               217 us, parallelism: 1.05x
[2024-08-29T23:17:51.155+0800]   CMR: <total>                      227 us
[2024-08-29T23:17:51.155+0800]   CMR: Thread Roots                 192 us, workers (us):  84, 109, ---, ---, 
[2024-08-29T23:17:51.155+0800]   CMR: VM Strong Roots                3 us, workers (us):   3,   0, ---, ---, 
[2024-08-29T23:17:51.155+0800]   CMR: CLDG Roots                    32 us, workers (us):  32, ---, ---, ---, 
[2024-08-29T23:17:51.155+0800] Concurrent Marking                 1469 us
[2024-08-29T23:17:51.155+0800] Pause Final Mark (G)                402 us
[2024-08-29T23:17:51.155+0800] Pause Final Mark (N)                297 us
[2024-08-29T23:17:51.155+0800]   Finish Mark                       126 us
[2024-08-29T23:17:51.155+0800]   Update Region States               64 us
[2024-08-29T23:17:51.155+0800]   Choose Collection Set              67 us
[2024-08-29T23:17:51.155+0800]   Rebuild Free Set                    9 us
[2024-08-29T23:17:51.155+0800] Concurrent Weak References           91 us, parallelism: 0.04x
[2024-08-29T23:17:51.155+0800]   CWRF: <total>                       4 us
[2024-08-29T23:17:51.155+0800]   CWRF: Weak References               4 us, workers (us):   4,   0, ---, ---, 
[2024-08-29T23:17:51.155+0800] Concurrent Weak Roots               471 us
[2024-08-29T23:17:51.155+0800]   Roots                             381 us, parallelism: 1.58x
[2024-08-29T23:17:51.155+0800]     CWR: <total>                    603 us
[2024-08-29T23:17:51.155+0800]     CWR: Code Cache Roots           522 us, workers (us): 253, 269, ---, ---, 
[2024-08-29T23:17:51.155+0800]     CWR: VM Weak Roots               77 us, workers (us):  43,  33, ---, ---, 
[2024-08-29T23:17:51.155+0800]     CWR: CLDG Roots                   4 us, workers (us): ---,   4, ---, ---, 
[2024-08-29T23:17:51.155+0800]   Rendezvous                         62 us
[2024-08-29T23:17:51.155+0800] Concurrent Cleanup                   73 us
[2024-08-29T23:17:51.155+0800] Concurrent Class Unloading          817 us
[2024-08-29T23:17:51.155+0800]   Unlink Stale                      646 us
[2024-08-29T23:17:51.155+0800]     System Dictionary                 2 us
[2024-08-29T23:17:51.155+0800]     Weak Class Links                  0 us
[2024-08-29T23:17:51.155+0800]     Code Roots                      643 us
[2024-08-29T23:17:51.155+0800]   Rendezvous                         68 us
[2024-08-29T23:17:51.155+0800]   Purge Unlinked                     76 us
[2024-08-29T23:17:51.155+0800]     Code Roots                       65 us
[2024-08-29T23:17:51.155+0800]     CLDG                             11 us
[2024-08-29T23:17:51.155+0800]     Exception Caches                  0 us
[2024-08-29T23:17:51.155+0800] Pause Final Roots (G)                84 us
[2024-08-29T23:17:51.155+0800] Pause Final Roots (N)                20 us
[2024-08-29T23:17:51.155+0800] 
[2024-08-29T23:17:51.155+0800] Allocation pacing accrued:
[2024-08-29T23:17:51.155+0800]       0 of   156 ms (  0.0%): <total>
[2024-08-29T23:17:51.155+0800]       0 of   156 ms (  0.0%): <average total>
[2024-08-29T23:17:51.155+0800] 
[2024-08-29T23:17:51.155+0800] Metaspace: 1650K(1792K)->1650K(1792K) NonClass: 1530K(1600K)->1530K(1600K) Class: 119K(192K)->119K(192K)
[2024-08-29T23:17:51.155+0800] Pacer for Idle. Initial: 41943K, Alloc Tax Rate: 1.0x
[2024-08-29T23:17:51.284+0800] Trigger: Free (204M) is below minimum threshold (204M)
[2024-08-29T23:17:51.284+0800] Free: 204M, Max: 1024K regular, 96256K humongous, Frag: 53% external, 7% internal; Reserve: 103M, Max: 1024K
[2024-08-29T23:17:51.284+0800] GC(98) Concurrent reset
[2024-08-29T23:17:51.284+0800] GC(98) Using 2 of 4 workers for concurrent reset
[2024-08-29T23:17:51.284+0800] GC(98) Pacer for Reset. Non-Taxable: 2048M
[2024-08-29T23:17:51.290+0800] GC(98) Concurrent reset 5.616ms
[2024-08-29T23:17:51.290+0800] GC(98) Pause Init Mark (unload classes)
[2024-08-29T23:17:51.290+0800] GC(98) Using 4 of 4 workers for init marking
[2024-08-29T23:17:51.290+0800] GC(98) Pacer for Mark. Expected Live: 1141M, Free: 196M, Non-Taxable: 20074K, Alloc Tax Rate: 7.1x
[2024-08-29T23:17:51.290+0800] GC(98) Pause Init Mark (unload classes) 0.111ms
[2024-08-29T23:17:51.290+0800] GC(98) Concurrent marking roots
[2024-08-29T23:17:51.290+0800] GC(98) Using 2 of 4 workers for concurrent marking roots
[2024-08-29T23:17:51.290+0800] GC(98) Concurrent marking roots 0.197ms
[2024-08-29T23:17:51.290+0800] GC(98) Concurrent marking (unload classes)
[2024-08-29T23:17:51.290+0800] GC(98) Using 2 of 4 workers for concurrent marking
[2024-08-29T23:17:51.292+0800] GC(98) Concurrent marking (unload classes) 1.360ms
[2024-08-29T23:17:51.292+0800] GC(98) Pause Final Mark (unload classes)
[2024-08-29T23:17:51.292+0800] GC(98) Using 4 of 4 workers for final marking
[2024-08-29T23:17:51.292+0800] GC(98) Collectable Garbage: 286M (94%), Immediate: 286M (94%), CSet: 0B (0%)
[2024-08-29T23:17:51.292+0800] GC(98) Pause Final Mark (unload classes) 0.247ms
[2024-08-29T23:17:51.292+0800] GC(98) Concurrent weak references
[2024-08-29T23:17:51.292+0800] GC(98) Using 2 of 4 workers for concurrent weak references
[2024-08-29T23:17:51.292+0800] GC(98) Encountered references: Soft: 178, Weak: 297, Final: 0, Phantom: 5
[2024-08-29T23:17:51.292+0800] GC(98) Discovered  references: Soft: 0, Weak: 117, Final: 0, Phantom: 3
[2024-08-29T23:17:51.292+0800] GC(98) Enqueued    references: Soft: 0, Weak: 0, Final: 0, Phantom: 0
[2024-08-29T23:17:51.292+0800] GC(98) Concurrent weak references 0.094ms
[2024-08-29T23:17:51.292+0800] GC(98) Concurrent weak roots
[2024-08-29T23:17:51.292+0800] GC(98) Using 2 of 4 workers for concurrent weak root
[2024-08-29T23:17:51.293+0800] GC(98) Concurrent weak roots 0.522ms
[2024-08-29T23:17:51.293+0800] GC(98) Concurrent cleanup
[2024-08-29T23:17:51.293+0800] GC(98) Concurrent cleanup 1520M->1233M(2048M) 0.056ms
[2024-08-29T23:17:51.293+0800] GC(98) Free: 523M, Max: 1024K regular, 96256K humongous, Frag: 82% external, 2% internal; Reserve: 103M, Max: 1024K
[2024-08-29T23:17:51.293+0800] GC(98) Concurrent class unloading
[2024-08-29T23:17:51.293+0800] GC(98) Using 2 of 4 workers for concurrent class unloading
[2024-08-29T23:17:51.294+0800] GC(98) Concurrent class unloading 1.477ms
[2024-08-29T23:17:51.294+0800] GC(98) Pause Final Roots
[2024-08-29T23:17:51.294+0800] GC(98) Pause Final Roots 0.012ms
[2024-08-29T23:17:51.294+0800] Free: 521M, Max: 1024K regular, 96256K humongous, Frag: 82% external, 2% internal; Reserve: 103M, Max: 1024K
[2024-08-29T23:17:51.294+0800] 
[2024-08-29T23:17:51.294+0800] All times are wall-clock times, except per-root-class counters, that are sum over
[2024-08-29T23:17:51.294+0800] all workers. Dividing the <total> over the root stage time estimates parallelism.
[2024-08-29T23:17:51.294+0800] 
[2024-08-29T23:17:51.294+0800] Concurrent Reset                   5683 us
[2024-08-29T23:17:51.294+0800] Pause Init Mark (G)                 208 us
[2024-08-29T23:17:51.294+0800] Pause Init Mark (N)                 118 us
[2024-08-29T23:17:51.294+0800]   Update Region States               66 us
[2024-08-29T23:17:51.294+0800] Concurrent Mark Roots               207 us, parallelism: 1.06x
[2024-08-29T23:17:51.294+0800]   CMR: <total>                      219 us
[2024-08-29T23:17:51.294+0800]   CMR: Thread Roots                 183 us, workers (us):  74, 109, ---, ---, 
[2024-08-29T23:17:51.294+0800]   CMR: VM Strong Roots                4 us, workers (us):   3,   0, ---, ---, 
[2024-08-29T23:17:51.294+0800]   CMR: CLDG Roots                    32 us, workers (us):  32, ---, ---, ---, 
[2024-08-29T23:17:51.294+0800] Concurrent Marking                 1378 us
[2024-08-29T23:17:51.294+0800] Pause Final Mark (G)                324 us
[2024-08-29T23:17:51.294+0800] Pause Final Mark (N)                253 us
[2024-08-29T23:17:51.294+0800]   Finish Mark                       106 us
[2024-08-29T23:17:51.294+0800]   Update Region States               54 us
[2024-08-29T23:17:51.294+0800]   Choose Collection Set              59 us
[2024-08-29T23:17:51.294+0800]   Rebuild Free Set                    7 us
[2024-08-29T23:17:51.294+0800] Concurrent Weak References          102 us, parallelism: 0.03x
[2024-08-29T23:17:51.294+0800]   CWRF: <total>                       3 us
[2024-08-29T23:17:51.294+0800]   CWRF: Weak References               3 us, workers (us):   3,   0, ---, ---, 
[2024-08-29T23:17:51.294+0800] Concurrent Weak Roots               536 us
[2024-08-29T23:17:51.294+0800]   Roots                             412 us, parallelism: 1.05x
[2024-08-29T23:17:51.294+0800]     CWR: <total>                    433 us
[2024-08-29T23:17:51.294+0800]     CWR: Code Cache Roots           366 us, workers (us): 275,  90, ---, ---, 
[2024-08-29T23:17:51.294+0800]     CWR: VM Weak Roots               64 us, workers (us):  64,   1, ---, ---, 
[2024-08-29T23:17:51.294+0800]     CWR: CLDG Roots                   3 us, workers (us):   3, ---, ---, ---, 
[2024-08-29T23:17:51.294+0800]   Rendezvous                         72 us
[2024-08-29T23:17:51.294+0800] Concurrent Cleanup                   61 us
[2024-08-29T23:17:51.294+0800] Concurrent Class Unloading         1492 us
[2024-08-29T23:17:51.294+0800]   Unlink Stale                      806 us
[2024-08-29T23:17:51.294+0800]     System Dictionary                 2 us
[2024-08-29T23:17:51.294+0800]     Weak Class Links                  0 us
[2024-08-29T23:17:51.294+0800]     Code Roots                      803 us
[2024-08-29T23:17:51.294+0800]   Rendezvous                        589 us
[2024-08-29T23:17:51.294+0800]   Purge Unlinked                     73 us
[2024-08-29T23:17:51.294+0800]     Code Roots                       62 us
[2024-08-29T23:17:51.294+0800]     CLDG                             10 us
[2024-08-29T23:17:51.294+0800]     Exception Caches                  0 us
[2024-08-29T23:17:51.294+0800] Pause Final Roots (G)                73 us
[2024-08-29T23:17:51.294+0800] Pause Final Roots (N)                18 us
[2024-08-29T23:17:51.294+0800] 
[2024-08-29T23:17:51.294+0800] Allocation pacing accrued:
[2024-08-29T23:17:51.294+0800]       0 of   139 ms (  0.0%): <total>
[2024-08-29T23:17:51.294+0800]       0 of   139 ms (  0.0%): <average total>
[2024-08-29T23:17:51.294+0800] 
[2024-08-29T23:17:51.294+0800] Metaspace: 1650K(1792K)->1650K(1792K) NonClass: 1530K(1600K)->1530K(1600K) Class: 119K(192K)->119K(192K)
[2024-08-29T23:17:51.294+0800] Pacer for Idle. Initial: 41943K, Alloc Tax Rate: 1.0x
[2024-08-29T23:17:51.428+0800] Trigger: Free (200M) is below minimum threshold (204M)
[2024-08-29T23:17:51.428+0800] Free: 195M, Max: 1024K regular, 96256K humongous, Frag: 52% external, 4% internal; Reserve: 103M, Max: 1024K
[2024-08-29T23:17:51.428+0800] GC(99) Concurrent reset
[2024-08-29T23:17:51.428+0800] GC(99) Using 2 of 4 workers for concurrent reset
[2024-08-29T23:17:51.428+0800] GC(99) Pacer for Reset. Non-Taxable: 2048M
[2024-08-29T23:17:51.435+0800] GC(99) Concurrent reset 7.520ms
[2024-08-29T23:17:51.435+0800] GC(99) Pause Init Mark (unload classes)
[2024-08-29T23:17:51.435+0800] GC(99) Using 4 of 4 workers for init marking
[2024-08-29T23:17:51.435+0800] GC(99) Pacer for Mark. Expected Live: 1179M, Free: 172M, Non-Taxable: 17616K, Alloc Tax Rate: 8.4x
[2024-08-29T23:17:51.435+0800] GC(99) Pause Init Mark (unload classes) 0.089ms
[2024-08-29T23:17:51.436+0800] GC(99) Concurrent marking roots
[2024-08-29T23:17:51.436+0800] GC(99) Using 2 of 4 workers for concurrent marking roots
[2024-08-29T23:17:51.436+0800] GC(99) Concurrent marking roots 0.183ms
[2024-08-29T23:17:51.436+0800] GC(99) Concurrent marking (unload classes)
[2024-08-29T23:17:51.436+0800] GC(99) Using 2 of 4 workers for concurrent marking
[2024-08-29T23:17:51.437+0800] GC(99) Concurrent marking (unload classes) 1.337ms
[2024-08-29T23:17:51.437+0800] GC(99) Pause Final Mark (unload classes)
[2024-08-29T23:17:51.437+0800] GC(99) Using 4 of 4 workers for final marking
[2024-08-29T23:17:51.437+0800] GC(99) Collectable Garbage: 247M (94%), Immediate: 247M (94%), CSet: 0B (0%)
[2024-08-29T23:17:51.437+0800] GC(99) Pause Final Mark (unload classes) 0.282ms
[2024-08-29T23:17:51.437+0800] GC(99) Concurrent weak references
[2024-08-29T23:17:51.437+0800] GC(99) Using 2 of 4 workers for concurrent weak references
[2024-08-29T23:17:51.438+0800] GC(99) Encountered references: Soft: 178, Weak: 297, Final: 0, Phantom: 5
[2024-08-29T23:17:51.438+0800] GC(99) Discovered  references: Soft: 0, Weak: 113, Final: 0, Phantom: 3
[2024-08-29T23:17:51.438+0800] GC(99) Enqueued    references: Soft: 0, Weak: 0, Final: 0, Phantom: 0
[2024-08-29T23:17:51.438+0800] GC(99) Concurrent weak references 0.074ms
[2024-08-29T23:17:51.438+0800] GC(99) Concurrent weak roots
[2024-08-29T23:17:51.438+0800] GC(99) Using 2 of 4 workers for concurrent weak root
[2024-08-29T23:17:51.438+0800] GC(99) Concurrent weak roots 0.335ms
[2024-08-29T23:17:51.438+0800] GC(99) Concurrent cleanup
[2024-08-29T23:17:51.438+0800] GC(99) Concurrent cleanup 1537M->1289M(2048M) 0.066ms
[2024-08-29T23:17:51.438+0800] GC(99) Free: 469M, Max: 1024K regular, 96256K humongous, Frag: 80% external, 3% internal; Reserve: 103M, Max: 1024K
[2024-08-29T23:17:51.438+0800] GC(99) Concurrent class unloading
[2024-08-29T23:17:51.438+0800] GC(99) Using 2 of 4 workers for concurrent class unloading
[2024-08-29T23:17:51.439+0800] GC(99) Concurrent class unloading 1.107ms
[2024-08-29T23:17:51.439+0800] GC(99) Pause Final Roots
[2024-08-29T23:17:51.439+0800] GC(99) Pause Final Roots 0.015ms
[2024-08-29T23:17:51.439+0800] Free: 468M, Max: 1024K regular, 96256K humongous, Frag: 80% external, 3% internal; Reserve: 103M, Max: 1024K
[2024-08-29T23:17:51.439+0800] 
[2024-08-29T23:17:51.439+0800] All times are wall-clock times, except per-root-class counters, that are sum over
[2024-08-29T23:17:51.439+0800] all workers. Dividing the <total> over the root stage time estimates parallelism.
[2024-08-29T23:17:51.439+0800] 
[2024-08-29T23:17:51.439+0800] Concurrent Reset                   7586 us
[2024-08-29T23:17:51.439+0800] Pause Init Mark (G)                 184 us
[2024-08-29T23:17:51.439+0800] Pause Init Mark (N)                  96 us
[2024-08-29T23:17:51.439+0800]   Update Region States               45 us
[2024-08-29T23:17:51.439+0800] Concurrent Mark Roots               194 us, parallelism: 1.12x
[2024-08-29T23:17:51.439+0800]   CMR: <total>                      218 us
[2024-08-29T23:17:51.439+0800]   CMR: Thread Roots                 183 us, workers (us):  79, 104, ---, ---, 
[2024-08-29T23:17:51.439+0800]   CMR: VM Strong Roots                3 us, workers (us):   3,   0, ---, ---, 
[2024-08-29T23:17:51.439+0800]   CMR: CLDG Roots                    31 us, workers (us):  31, ---, ---, ---, 
[2024-08-29T23:17:51.439+0800] Concurrent Marking                 1355 us
[2024-08-29T23:17:51.439+0800] Pause Final Mark (G)                406 us
[2024-08-29T23:17:51.439+0800] Pause Final Mark (N)                289 us
[2024-08-29T23:17:51.439+0800]   Finish Mark                       146 us
[2024-08-29T23:17:51.439+0800]   Update Region States               42 us
[2024-08-29T23:17:51.439+0800]   Choose Collection Set              59 us
[2024-08-29T23:17:51.439+0800]   Rebuild Free Set                    8 us
[2024-08-29T23:17:51.439+0800] Concurrent Weak References           80 us, parallelism: 0.05x
[2024-08-29T23:17:51.439+0800]   CWRF: <total>                       4 us
[2024-08-29T23:17:51.439+0800]   CWRF: Weak References               4 us, workers (us):   4,   0, ---, ---, 
[2024-08-29T23:17:51.439+0800] Concurrent Weak Roots               348 us
[2024-08-29T23:17:51.439+0800]   Roots                             259 us, parallelism: 1.33x
[2024-08-29T23:17:51.439+0800]     CWR: <total>                    344 us
[2024-08-29T23:17:51.439+0800]     CWR: Code Cache Roots           296 us, workers (us): 145, 151, ---, ---, 
[2024-08-29T23:17:51.439+0800]     CWR: VM Weak Roots               46 us, workers (us):  31,  15, ---, ---, 
[2024-08-29T23:17:51.439+0800]     CWR: CLDG Roots                   2 us, workers (us):   2, ---, ---, ---, 
[2024-08-29T23:17:51.439+0800]   Rendezvous                         64 us
[2024-08-29T23:17:51.439+0800] Concurrent Cleanup                   72 us
[2024-08-29T23:17:51.439+0800] Concurrent Class Unloading         1125 us
[2024-08-29T23:17:51.439+0800]   Unlink Stale                      947 us
[2024-08-29T23:17:51.439+0800]     System Dictionary                 2 us
[2024-08-29T23:17:51.439+0800]     Weak Class Links                  0 us
[2024-08-29T23:17:51.439+0800]     Code Roots                      944 us
[2024-08-29T23:17:51.439+0800]   Rendezvous                         67 us
[2024-08-29T23:17:51.439+0800]   Purge Unlinked                     82 us
[2024-08-29T23:17:51.439+0800]     Code Roots                       69 us
[2024-08-29T23:17:51.439+0800]     CLDG                             12 us
[2024-08-29T23:17:51.439+0800]     Exception Caches                  0 us
[2024-08-29T23:17:51.439+0800] Pause Final Roots (G)                86 us
[2024-08-29T23:17:51.439+0800] Pause Final Roots (N)                23 us
[2024-08-29T23:17:51.439+0800] 
[2024-08-29T23:17:51.439+0800] Allocation pacing accrued:
[2024-08-29T23:17:51.439+0800]       0 of   145 ms (  0.0%): <total>
[2024-08-29T23:17:51.439+0800]       0 of   145 ms (  0.0%): <average total>
[2024-08-29T23:17:51.439+0800] 
[2024-08-29T23:17:51.439+0800] Metaspace: 1650K(1792K)->1650K(1792K) NonClass: 1530K(1600K)->1530K(1600K) Class: 119K(192K)->119K(192K)
[2024-08-29T23:17:51.440+0800] Pacer for Idle. Initial: 41943K, Alloc Tax Rate: 1.0x
[2024-08-29T23:17:51.562+0800] Trigger: Free (202M) is below minimum threshold (204M)
[2024-08-29T23:17:51.562+0800] Free: 202M, Max: 1024K regular, 96256K humongous, Frag: 53% external, 6% internal; Reserve: 103M, Max: 1024K
[2024-08-29T23:17:51.562+0800] GC(100) Concurrent reset
[2024-08-29T23:17:51.562+0800] GC(100) Using 2 of 4 workers for concurrent reset
[2024-08-29T23:17:51.562+0800] GC(100) Pacer for Reset. Non-Taxable: 2048M
[2024-08-29T23:17:51.568+0800] GC(100) Concurrent reset 5.731ms
[2024-08-29T23:17:51.568+0800] GC(100) Pause Init Mark (unload classes)
[2024-08-29T23:17:51.568+0800] GC(100) Using 4 of 4 workers for init marking
[2024-08-29T23:17:51.568+0800] GC(100) Pacer for Mark. Expected Live: 1207M, Free: 191M, Non-Taxable: 19632K, Alloc Tax Rate: 7.7x
[2024-08-29T23:17:51.568+0800] GC(100) Pause Init Mark (unload classes) 0.089ms
[2024-08-29T23:17:51.568+0800] GC(100) Concurrent marking roots
[2024-08-29T23:17:51.568+0800] GC(100) Using 2 of 4 workers for concurrent marking roots
[2024-08-29T23:17:51.568+0800] GC(100) Concurrent marking roots 0.225ms
[2024-08-29T23:17:51.568+0800] GC(100) Concurrent marking (unload classes)
[2024-08-29T23:17:51.568+0800] GC(100) Using 2 of 4 workers for concurrent marking
[2024-08-29T23:17:51.571+0800] GC(100) Concurrent marking (unload classes) 2.604ms
[2024-08-29T23:17:51.572+0800] GC(100) Pause Final Mark (unload classes)
[2024-08-29T23:17:51.572+0800] GC(100) Using 4 of 4 workers for final marking
[2024-08-29T23:17:51.572+0800] GC(100) Collectable Garbage: 301M (94%), Immediate: 301M (94%), CSet: 0B (0%)
[2024-08-29T23:17:51.572+0800] GC(100) Pause Final Mark (unload classes) 0.333ms
[2024-08-29T23:17:51.572+0800] GC(100) Concurrent weak references
[2024-08-29T23:17:51.572+0800] GC(100) Using 2 of 4 workers for concurrent weak references
[2024-08-29T23:17:51.572+0800] GC(100) Encountered references: Soft: 178, Weak: 297, Final: 0, Phantom: 5
[2024-08-29T23:17:51.572+0800] GC(100) Discovered  references: Soft: 0, Weak: 113, Final: 0, Phantom: 3
[2024-08-29T23:17:51.572+0800] GC(100) Enqueued    references: Soft: 0, Weak: 0, Final: 0, Phantom: 0
[2024-08-29T23:17:51.572+0800] GC(100) Concurrent weak references 0.092ms
[2024-08-29T23:17:51.572+0800] GC(100) Concurrent weak roots
[2024-08-29T23:17:51.572+0800] GC(100) Using 2 of 4 workers for concurrent weak root
[2024-08-29T23:17:51.575+0800] GC(100) Concurrent weak roots 2.245ms
[2024-08-29T23:17:51.575+0800] GC(100) Concurrent cleanup
[2024-08-29T23:17:51.575+0800] GC(100) Concurrent cleanup 1544M->1242M(2048M) 0.073ms
[2024-08-29T23:17:51.575+0800] GC(100) Free: 518M, Max: 1024K regular, 96256K humongous, Frag: 82% external, 2% internal; Reserve: 103M, Max: 1024K
[2024-08-29T23:17:51.575+0800] GC(100) Concurrent class unloading
[2024-08-29T23:17:51.575+0800] GC(100) Using 2 of 4 workers for concurrent class unloading
[2024-08-29T23:17:51.576+0800] GC(100) Concurrent class unloading 0.930ms
[2024-08-29T23:17:51.577+0800] GC(100) Pause Final Roots
[2024-08-29T23:17:51.577+0800] GC(100) Pause Final Roots 0.021ms
[2024-08-29T23:17:51.577+0800] Free: 515M, Max: 1024K regular, 96256K humongous, Frag: 82% external, 2% internal; Reserve: 103M, Max: 1024K
[2024-08-29T23:17:51.577+0800] 
[2024-08-29T23:17:51.577+0800] All times are wall-clock times, except per-root-class counters, that are sum over
[2024-08-29T23:17:51.577+0800] all workers. Dividing the <total> over the root stage time estimates parallelism.
[2024-08-29T23:17:51.577+0800] 
[2024-08-29T23:17:51.577+0800] Concurrent Reset                   5786 us
[2024-08-29T23:17:51.577+0800] Pause Init Mark (G)                 187 us
[2024-08-29T23:17:51.577+0800] Pause Init Mark (N)                  96 us
[2024-08-29T23:17:51.577+0800]   Update Region States               45 us
[2024-08-29T23:17:51.577+0800] Concurrent Mark Roots               237 us, parallelism: 1.02x
[2024-08-29T23:17:51.577+0800]   CMR: <total>                      242 us
[2024-08-29T23:17:51.577+0800]   CMR: Thread Roots                 206 us, workers (us):  89, 117, ---, ---, 
[2024-08-29T23:17:51.577+0800]   CMR: VM Strong Roots                4 us, workers (us):   3,   0, ---, ---, 
[2024-08-29T23:17:51.577+0800]   CMR: CLDG Roots                    33 us, workers (us):  33, ---, ---, ---, 
[2024-08-29T23:17:51.577+0800] Concurrent Marking                 2640 us
[2024-08-29T23:17:51.577+0800] Pause Final Mark (G)               1543 us
[2024-08-29T23:17:51.577+0800] Pause Final Mark (N)                342 us
[2024-08-29T23:17:51.577+0800]   Finish Mark                       163 us
[2024-08-29T23:17:51.577+0800]   Update Region States               51 us
[2024-08-29T23:17:51.577+0800]   Choose Collection Set              77 us
[2024-08-29T23:17:51.577+0800]   Rebuild Free Set                   11 us
[2024-08-29T23:17:51.577+0800] Concurrent Weak References           99 us, parallelism: 0.06x
[2024-08-29T23:17:51.577+0800]   CWRF: <total>                       6 us
[2024-08-29T23:17:51.577+0800]   CWRF: Weak References               6 us, workers (us):   6,   0, ---, ---, 
[2024-08-29T23:17:51.577+0800] Concurrent Weak Roots              2265 us
[2024-08-29T23:17:51.577+0800]   Roots                             880 us, parallelism: 1.69x
[2024-08-29T23:17:51.577+0800]     CWR: <total>                   1483 us
[2024-08-29T23:17:51.577+0800]     CWR: Code Cache Roots          1365 us, workers (us): 735, 630, ---, ---, 
[2024-08-29T23:17:51.577+0800]     CWR: VM Weak Roots              115 us, workers (us):  60,  55, ---, ---, 
[2024-08-29T23:17:51.577+0800]     CWR: CLDG Roots                   3 us, workers (us): ---,   3, ---, ---, 
[2024-08-29T23:17:51.577+0800]   Rendezvous                       1353 us
[2024-08-29T23:17:51.577+0800] Concurrent Cleanup                   80 us
[2024-08-29T23:17:51.577+0800] Concurrent Class Unloading          953 us
[2024-08-29T23:17:51.577+0800]   Unlink Stale                      725 us
[2024-08-29T23:17:51.577+0800]     System Dictionary                 3 us
[2024-08-29T23:17:51.577+0800]     Weak Class Links                  0 us
[2024-08-29T23:17:51.577+0800]     Code Roots                      721 us
[2024-08-29T23:17:51.577+0800]   Rendezvous                        104 us
[2024-08-29T23:17:51.577+0800]   Purge Unlinked                     88 us
[2024-08-29T23:17:51.577+0800]     Code Roots                       82 us
[2024-08-29T23:17:51.577+0800]     CLDG                              6 us
[2024-08-29T23:17:51.577+0800]     Exception Caches                  0 us
[2024-08-29T23:17:51.577+0800] Pause Final Roots (G)              1021 us
[2024-08-29T23:17:51.577+0800] Pause Final Roots (N)                28 us
[2024-08-29T23:17:51.577+0800] 
[2024-08-29T23:17:51.577+0800] Allocation pacing accrued:
[2024-08-29T23:17:51.577+0800]       0 of   138 ms (  0.0%): <total>
[2024-08-29T23:17:51.577+0800]       0 of   138 ms (  0.0%): <average total>
[2024-08-29T23:17:51.577+0800] 
[2024-08-29T23:17:51.577+0800] Metaspace: 1650K(1792K)->1650K(1792K) NonClass: 1530K(1600K)->1530K(1600K) Class: 119K(192K)->119K(192K)
[2024-08-29T23:17:51.577+0800] Pacer for Idle. Initial: 41943K, Alloc Tax Rate: 1.0x
[2024-08-29T23:17:51.720+0800] Trigger: Free (200M) is below minimum threshold (204M)
[2024-08-29T23:17:51.720+0800] Free: 200M, Max: 1024K regular, 96256K humongous, Frag: 53% external, 2% internal; Reserve: 103M, Max: 1024K
[2024-08-29T23:17:51.720+0800] GC(101) Concurrent reset
[2024-08-29T23:17:51.720+0800] GC(101) Using 2 of 4 workers for concurrent reset
[2024-08-29T23:17:51.720+0800] GC(101) Pacer for Reset. Non-Taxable: 2048M
[2024-08-29T23:17:51.725+0800] GC(101) Concurrent reset 4.848ms
[2024-08-29T23:17:51.726+0800] GC(101) Pause Init Mark (unload classes)
[2024-08-29T23:17:51.726+0800] GC(101) Using 4 of 4 workers for init marking
[2024-08-29T23:17:51.726+0800] GC(101) Pacer for Mark. Expected Live: 1211M, Free: 192M, Non-Taxable: 19661K, Alloc Tax Rate: 7.7x
[2024-08-29T23:17:51.726+0800] GC(101) Pause Init Mark (unload classes) 0.101ms
[2024-08-29T23:17:51.726+0800] GC(101) Concurrent marking roots
[2024-08-29T23:17:51.726+0800] GC(101) Using 2 of 4 workers for concurrent marking roots
[2024-08-29T23:17:51.726+0800] GC(101) Concurrent marking roots 0.200ms
[2024-08-29T23:17:51.726+0800] GC(101) Concurrent marking (unload classes)
[2024-08-29T23:17:51.726+0800] GC(101) Using 2 of 4 workers for concurrent marking
[2024-08-29T23:17:51.728+0800] GC(101) Concurrent marking (unload classes) 1.512ms
[2024-08-29T23:17:51.728+0800] GC(101) Pause Final Mark (unload classes)
[2024-08-29T23:17:51.728+0800] GC(101) Using 4 of 4 workers for final marking
[2024-08-29T23:17:51.728+0800] GC(101) Collectable Garbage: 310M (95%), Immediate: 310M (95%), CSet: 0B (0%)
[2024-08-29T23:17:51.728+0800] GC(101) Pause Final Mark (unload classes) 0.295ms
[2024-08-29T23:17:51.728+0800] GC(101) Concurrent weak references
[2024-08-29T23:17:51.728+0800] GC(101) Using 2 of 4 workers for concurrent weak references
[2024-08-29T23:17:51.728+0800] GC(101) Encountered references: Soft: 178, Weak: 297, Final: 0, Phantom: 5
[2024-08-29T23:17:51.728+0800] GC(101) Discovered  references: Soft: 0, Weak: 113, Final: 0, Phantom: 5
[2024-08-29T23:17:51.728+0800] GC(101) Enqueued    references: Soft: 0, Weak: 0, Final: 0, Phantom: 0
[2024-08-29T23:17:51.728+0800] GC(101) Concurrent weak references 0.106ms
[2024-08-29T23:17:51.728+0800] GC(101) Concurrent weak roots
[2024-08-29T23:17:51.728+0800] GC(101) Using 2 of 4 workers for concurrent weak root
[2024-08-29T23:17:51.729+0800] GC(101) Concurrent weak roots 0.467ms
[2024-08-29T23:17:51.729+0800] GC(101) Concurrent cleanup
[2024-08-29T23:17:51.729+0800] GC(101) Concurrent cleanup 1529M->1219M(2048M) 0.067ms
[2024-08-29T23:17:51.729+0800] GC(101) Free: 544M, Max: 1024K regular, 96256K humongous, Frag: 83% external, 2% internal; Reserve: 103M, Max: 1024K
[2024-08-29T23:17:51.729+0800] GC(101) Concurrent class unloading
[2024-08-29T23:17:51.729+0800] GC(101) Using 2 of 4 workers for concurrent class unloading
[2024-08-29T23:17:51.729+0800] GC(101) Concurrent class unloading 0.852ms
[2024-08-29T23:17:51.730+0800] GC(101) Pause Final Roots
[2024-08-29T23:17:51.730+0800] GC(101) Pause Final Roots 0.008ms
[2024-08-29T23:17:51.730+0800] Free: 544M, Max: 1024K regular, 96256K humongous, Frag: 83% external, 2% internal; Reserve: 103M, Max: 1024K
[2024-08-29T23:17:51.730+0800] 
[2024-08-29T23:17:51.730+0800] All times are wall-clock times, except per-root-class counters, that are sum over
[2024-08-29T23:17:51.730+0800] all workers. Dividing the <total> over the root stage time estimates parallelism.
[2024-08-29T23:17:51.730+0800] 
[2024-08-29T23:17:51.730+0800] Concurrent Reset                   4943 us
[2024-08-29T23:17:51.730+0800] Pause Init Mark (G)                1007 us
[2024-08-29T23:17:51.730+0800] Pause Init Mark (N)                 107 us
[2024-08-29T23:17:51.730+0800]   Update Region States               53 us
[2024-08-29T23:17:51.730+0800] Concurrent Mark Roots               212 us, parallelism: 0.96x
[2024-08-29T23:17:51.730+0800]   CMR: <total>                      203 us
[2024-08-29T23:17:51.730+0800]   CMR: Thread Roots                 160 us, workers (us):  66,  94, ---, ---, 
[2024-08-29T23:17:51.730+0800]   CMR: VM Strong Roots                5 us, workers (us):   5,   0, ---, ---, 
[2024-08-29T23:17:51.730+0800]   CMR: CLDG Roots                    38 us, workers (us):  38, ---, ---, ---, 
[2024-08-29T23:17:51.730+0800] Concurrent Marking                 1531 us
[2024-08-29T23:17:51.730+0800] Pause Final Mark (G)                346 us
[2024-08-29T23:17:51.730+0800] Pause Final Mark (N)                302 us
[2024-08-29T23:17:51.730+0800]   Finish Mark                       154 us
[2024-08-29T23:17:51.730+0800]   Update Region States               49 us
[2024-08-29T23:17:51.730+0800]   Choose Collection Set              68 us
[2024-08-29T23:17:51.730+0800]   Rebuild Free Set                    9 us
[2024-08-29T23:17:51.730+0800] Concurrent Weak References          112 us, parallelism: 0.04x
[2024-08-29T23:17:51.730+0800]   CWRF: <total>                       5 us
[2024-08-29T23:17:51.730+0800]   CWRF: Weak References               5 us, workers (us):   5,   0, ---, ---, 
[2024-08-29T23:17:51.730+0800] Concurrent Weak Roots               481 us
[2024-08-29T23:17:51.730+0800]   Roots                             413 us, parallelism: 1.58x
[2024-08-29T23:17:51.730+0800]     CWR: <total>                    651 us
[2024-08-29T23:17:51.730+0800]     CWR: Code Cache Roots           565 us, workers (us): 275, 290, ---, ---, 
[2024-08-29T23:17:51.730+0800]     CWR: VM Weak Roots               83 us, workers (us):  51,  32, ---, ---, 
[2024-08-29T23:17:51.730+0800]     CWR: CLDG Roots                   3 us, workers (us):   3, ---, ---, ---, 
[2024-08-29T23:17:51.730+0800]   Rendezvous                         44 us
[2024-08-29T23:17:51.730+0800] Concurrent Cleanup                   73 us
[2024-08-29T23:17:51.730+0800] Concurrent Class Unloading          871 us
[2024-08-29T23:17:51.730+0800]   Unlink Stale                      713 us
[2024-08-29T23:17:51.730+0800]     System Dictionary                 3 us
[2024-08-29T23:17:51.730+0800]     Weak Class Links                  0 us
[2024-08-29T23:17:51.730+0800]     Code Roots                      710 us
[2024-08-29T23:17:51.730+0800]   Rendezvous                         31 us
[2024-08-29T23:17:51.730+0800]   Purge Unlinked                     96 us
[2024-08-29T23:17:51.730+0800]     Code Roots                       80 us
[2024-08-29T23:17:51.730+0800]     CLDG                             15 us
[2024-08-29T23:17:51.730+0800]     Exception Caches                  0 us
[2024-08-29T23:17:51.730+0800] Pause Final Roots (G)                40 us
[2024-08-29T23:17:51.730+0800] Pause Final Roots (N)                14 us
[2024-08-29T23:17:51.730+0800] 
[2024-08-29T23:17:51.730+0800] Allocation pacing accrued:
[2024-08-29T23:17:51.730+0800]       0 of   153 ms (  0.0%): <total>
[2024-08-29T23:17:51.730+0800]       0 of   153 ms (  0.0%): <average total>
[2024-08-29T23:17:51.730+0800] 
[2024-08-29T23:17:51.730+0800] Metaspace: 1650K(1792K)->1650K(1792K) NonClass: 1530K(1600K)->1530K(1600K) Class: 119K(192K)->119K(192K)
[2024-08-29T23:17:51.730+0800] Pacer for Idle. Initial: 41943K, Alloc Tax Rate: 1.0x
[2024-08-29T23:17:51.868+0800] Trigger: Free (197M) is below minimum threshold (204M)
[2024-08-29T23:17:51.869+0800] Free: 197M, Max: 1024K regular, 96256K humongous, Frag: 53% external, 1% internal; Reserve: 103M, Max: 1024K
[2024-08-29T23:17:51.869+0800] GC(102) Concurrent reset
[2024-08-29T23:17:51.869+0800] GC(102) Using 2 of 4 workers for concurrent reset
[2024-08-29T23:17:51.869+0800] GC(102) Pacer for Reset. Non-Taxable: 2048M
[2024-08-29T23:17:51.874+0800] GC(102) Concurrent reset 5.327ms
[2024-08-29T23:17:51.874+0800] GC(102) Pause Init Mark (unload classes)
[2024-08-29T23:17:51.874+0800] GC(102) Using 4 of 4 workers for init marking
[2024-08-29T23:17:51.874+0800] GC(102) Pacer for Mark. Expected Live: 1214M, Free: 188M, Non-Taxable: 19292K, Alloc Tax Rate: 7.9x
[2024-08-29T23:17:51.874+0800] GC(102) Pause Init Mark (unload classes) 0.090ms
[2024-08-29T23:17:51.874+0800] GC(102) Concurrent marking roots
[2024-08-29T23:17:51.874+0800] GC(102) Using 2 of 4 workers for concurrent marking roots
[2024-08-29T23:17:51.874+0800] GC(102) Concurrent marking roots 0.197ms
[2024-08-29T23:17:51.874+0800] GC(102) Concurrent marking (unload classes)
[2024-08-29T23:17:51.874+0800] GC(102) Using 2 of 4 workers for concurrent marking
[2024-08-29T23:17:51.877+0800] GC(102) Concurrent marking (unload classes) 3.100ms
[2024-08-29T23:17:51.878+0800] GC(102) Pause Final Mark (unload classes)
[2024-08-29T23:17:51.878+0800] GC(102) Using 4 of 4 workers for final marking
[2024-08-29T23:17:51.879+0800] GC(102) Collectable Garbage: 346M (95%), Immediate: 346M (95%), CSet: 0B (0%)
[2024-08-29T23:17:51.879+0800] GC(102) Pause Final Mark (unload classes) 0.335ms
[2024-08-29T23:17:51.879+0800] GC(102) Concurrent weak references
[2024-08-29T23:17:51.879+0800] GC(102) Using 2 of 4 workers for concurrent weak references
[2024-08-29T23:17:51.879+0800] GC(102) Encountered references: Soft: 178, Weak: 297, Final: 0, Phantom: 5
[2024-08-29T23:17:51.879+0800] GC(102) Discovered  references: Soft: 0, Weak: 114, Final: 0, Phantom: 5
[2024-08-29T23:17:51.879+0800] GC(102) Enqueued    references: Soft: 0, Weak: 0, Final: 0, Phantom: 0
[2024-08-29T23:17:51.879+0800] GC(102) Concurrent weak references 0.625ms
[2024-08-29T23:17:51.879+0800] GC(102) Concurrent weak roots
[2024-08-29T23:17:51.879+0800] GC(102) Using 2 of 4 workers for concurrent weak root
[2024-08-29T23:17:51.880+0800] GC(102) Concurrent weak roots 0.628ms
[2024-08-29T23:17:51.880+0800] GC(102) Concurrent cleanup
[2024-08-29T23:17:51.880+0800] GC(102) Concurrent cleanup 1548M->1201M(2048M) 0.069ms
[2024-08-29T23:17:51.880+0800] GC(102) Free: 557M, Max: 1024K regular, 96256K humongous, Frag: 84% external, 2% internal; Reserve: 103M, Max: 1024K
[2024-08-29T23:17:51.880+0800] GC(102) Concurrent class unloading
[2024-08-29T23:17:51.880+0800] GC(102) Using 2 of 4 workers for concurrent class unloading
[2024-08-29T23:17:51.881+0800] GC(102) Concurrent class unloading 0.901ms
[2024-08-29T23:17:51.881+0800] GC(102) Pause Final Roots
[2024-08-29T23:17:51.881+0800] GC(102) Pause Final Roots 0.015ms
[2024-08-29T23:17:51.881+0800] Free: 557M, Max: 1024K regular, 96256K humongous, Frag: 84% external, 2% internal; Reserve: 103M, Max: 1024K
[2024-08-29T23:17:51.881+0800] 
[2024-08-29T23:17:51.881+0800] All times are wall-clock times, except per-root-class counters, that are sum over
[2024-08-29T23:17:51.881+0800] all workers. Dividing the <total> over the root stage time estimates parallelism.
[2024-08-29T23:17:51.881+0800] 
[2024-08-29T23:17:51.881+0800] Concurrent Reset                   5386 us
[2024-08-29T23:17:51.881+0800] Pause Init Mark (G)                 177 us
[2024-08-29T23:17:51.881+0800] Pause Init Mark (N)                  98 us
[2024-08-29T23:17:51.881+0800]   Update Region States               44 us
[2024-08-29T23:17:51.881+0800] Concurrent Mark Roots               209 us, parallelism: 1.29x
[2024-08-29T23:17:51.881+0800]   CMR: <total>                      269 us
[2024-08-29T23:17:51.881+0800]   CMR: Thread Roots                 234 us, workers (us): 103, 131, ---, ---, 
[2024-08-29T23:17:51.881+0800]   CMR: VM Strong Roots                4 us, workers (us):   3,   0, ---, ---, 
[2024-08-29T23:17:51.881+0800]   CMR: CLDG Roots                    31 us, workers (us):  31, ---, ---, ---, 
[2024-08-29T23:17:51.881+0800] Concurrent Marking                 3124 us
[2024-08-29T23:17:51.881+0800] Pause Final Mark (G)               1367 us
[2024-08-29T23:17:51.881+0800] Pause Final Mark (N)                346 us
[2024-08-29T23:17:51.881+0800]   Finish Mark                       143 us
[2024-08-29T23:17:51.881+0800]   Update Region States               67 us
[2024-08-29T23:17:51.881+0800]   Choose Collection Set              83 us
[2024-08-29T23:17:51.881+0800]   Rebuild Free Set                    9 us
[2024-08-29T23:17:51.881+0800] Concurrent Weak References          673 us, parallelism: 0.01x
[2024-08-29T23:17:51.881+0800]   CWRF: <total>                       8 us
[2024-08-29T23:17:51.881+0800]   CWRF: Weak References               8 us, workers (us):   8,   0, ---, ---, 
[2024-08-29T23:17:51.881+0800] Concurrent Weak Roots               644 us
[2024-08-29T23:17:51.881+0800]   Roots                             385 us, parallelism: 1.31x
[2024-08-29T23:17:51.881+0800]     CWR: <total>                    503 us
[2024-08-29T23:17:51.881+0800]     CWR: Code Cache Roots           384 us, workers (us): 198, 185, ---, ---, 
[2024-08-29T23:17:51.881+0800]     CWR: VM Weak Roots              114 us, workers (us):  99,  15, ---, ---, 
[2024-08-29T23:17:51.881+0800]     CWR: CLDG Roots                   6 us, workers (us):   6, ---, ---, ---, 
[2024-08-29T23:17:51.881+0800]   Rendezvous                        226 us
[2024-08-29T23:17:51.881+0800] Concurrent Cleanup                   76 us
[2024-08-29T23:17:51.881+0800] Concurrent Class Unloading          918 us
[2024-08-29T23:17:51.881+0800]   Unlink Stale                      766 us
[2024-08-29T23:17:51.881+0800]     System Dictionary                 3 us
[2024-08-29T23:17:51.881+0800]     Weak Class Links                  0 us
[2024-08-29T23:17:51.881+0800]     Code Roots                      763 us
[2024-08-29T23:17:51.881+0800]   Rendezvous                         58 us
[2024-08-29T23:17:51.881+0800]   Purge Unlinked                     66 us
[2024-08-29T23:17:51.881+0800]     Code Roots                       53 us
[2024-08-29T23:17:51.881+0800]     CLDG                             12 us
[2024-08-29T23:17:51.881+0800]     Exception Caches                  0 us
[2024-08-29T23:17:51.881+0800] Pause Final Roots (G)                86 us
[2024-08-29T23:17:51.882+0800] Pause Final Roots (N)                22 us
[2024-08-29T23:17:51.882+0800] 
[2024-08-29T23:17:51.882+0800] Allocation pacing accrued:
[2024-08-29T23:17:51.882+0800]       0 of   152 ms (  0.0%): <total>
[2024-08-29T23:17:51.882+0800]       0 of   152 ms (  0.0%): <average total>
[2024-08-29T23:17:51.882+0800] 
[2024-08-29T23:17:51.882+0800] Metaspace: 1650K(1792K)->1650K(1792K) NonClass: 1530K(1600K)->1530K(1600K) Class: 119K(192K)->119K(192K)
[2024-08-29T23:17:51.882+0800] Pacer for Idle. Initial: 41943K, Alloc Tax Rate: 1.0x
[2024-08-29T23:17:52.020+0800] Trigger: Free (203M) is below minimum threshold (204M)
[2024-08-29T23:17:52.020+0800] Free: 203M, Max: 1024K regular, 96256K humongous, Frag: 53% external, 4% internal; Reserve: 103M, Max: 1024K
[2024-08-29T23:17:52.020+0800] GC(103) Concurrent reset
[2024-08-29T23:17:52.020+0800] GC(103) Using 2 of 4 workers for concurrent reset
[2024-08-29T23:17:52.020+0800] GC(103) Pacer for Reset. Non-Taxable: 2048M
[2024-08-29T23:17:52.027+0800] GC(103) Concurrent reset 6.969ms
[2024-08-29T23:17:52.027+0800] GC(103) Pause Init Mark (unload classes)
[2024-08-29T23:17:52.028+0800] GC(103) Using 4 of 4 workers for init marking
[2024-08-29T23:17:52.028+0800] GC(103) Pacer for Mark. Expected Live: 1208M, Free: 178M, Non-Taxable: 18275K, Alloc Tax Rate: 8.3x
[2024-08-29T23:17:52.028+0800] GC(103) Pause Init Mark (unload classes) 0.109ms
[2024-08-29T23:17:52.028+0800] GC(103) Concurrent marking roots
[2024-08-29T23:17:52.028+0800] GC(103) Using 2 of 4 workers for concurrent marking roots
[2024-08-29T23:17:52.028+0800] GC(103) Concurrent marking roots 0.219ms
[2024-08-29T23:17:52.028+0800] GC(103) Concurrent marking (unload classes)
[2024-08-29T23:17:52.028+0800] GC(103) Using 2 of 4 workers for concurrent marking
[2024-08-29T23:17:52.030+0800] GC(103) Concurrent marking (unload classes) 1.636ms
[2024-08-29T23:17:52.030+0800] GC(103) Pause Final Mark (unload classes)
[2024-08-29T23:17:52.030+0800] GC(103) Using 4 of 4 workers for final marking
[2024-08-29T23:17:52.030+0800] GC(103) Collectable Garbage: 324M (95%), Immediate: 324M (95%), CSet: 0B (0%)
[2024-08-29T23:17:52.030+0800] GC(103) Pause Final Mark (unload classes) 0.251ms
[2024-08-29T23:17:52.030+0800] GC(103) Concurrent weak references
[2024-08-29T23:17:52.030+0800] GC(103) Using 2 of 4 workers for concurrent weak references
[2024-08-29T23:17:52.030+0800] GC(103) Encountered references: Soft: 178, Weak: 297, Final: 0, Phantom: 5
[2024-08-29T23:17:52.030+0800] GC(103) Discovered  references: Soft: 0, Weak: 142, Final: 0, Phantom: 5
[2024-08-29T23:17:52.030+0800] GC(103) Enqueued    references: Soft: 0, Weak: 0, Final: 0, Phantom: 0
[2024-08-29T23:17:52.030+0800] GC(103) Concurrent weak references 0.095ms
[2024-08-29T23:17:52.030+0800] GC(103) Concurrent weak roots
[2024-08-29T23:17:52.030+0800] GC(103) Using 2 of 4 workers for concurrent weak root
[2024-08-29T23:17:52.030+0800] GC(103) Concurrent weak roots 0.341ms
[2024-08-29T23:17:52.030+0800] GC(103) Concurrent cleanup
[2024-08-29T23:17:52.030+0800] GC(103) Concurrent cleanup 1526M->1201M(2048M) 0.068ms
[2024-08-29T23:17:52.030+0800] GC(103) Free: 552M, Max: 1024K regular, 121M humongous, Frag: 78% external, 2% internal; Reserve: 103M, Max: 1024K
[2024-08-29T23:17:52.030+0800] GC(103) Concurrent class unloading
[2024-08-29T23:17:52.030+0800] GC(103) Using 2 of 4 workers for concurrent class unloading
[2024-08-29T23:17:52.032+0800] GC(103) Concurrent class unloading 1.214ms
[2024-08-29T23:17:52.032+0800] GC(103) Pause Final Roots
[2024-08-29T23:17:52.032+0800] GC(103) Pause Final Roots 0.020ms
[2024-08-29T23:17:52.032+0800] Free: 540M, Max: 1024K regular, 121M humongous, Frag: 78% external, 2% internal; Reserve: 103M, Max: 1024K
[2024-08-29T23:17:52.032+0800] 
[2024-08-29T23:17:52.032+0800] All times are wall-clock times, except per-root-class counters, that are sum over
[2024-08-29T23:17:52.032+0800] all workers. Dividing the <total> over the root stage time estimates parallelism.
[2024-08-29T23:17:52.032+0800] 
[2024-08-29T23:17:52.032+0800] Concurrent Reset                   7053 us
[2024-08-29T23:17:52.032+0800] Pause Init Mark (G)                 212 us
[2024-08-29T23:17:52.032+0800] Pause Init Mark (N)                 116 us
[2024-08-29T23:17:52.032+0800]   Update Region States               65 us
[2024-08-29T23:17:52.032+0800] Concurrent Mark Roots               230 us, parallelism: 1.02x
[2024-08-29T23:17:52.032+0800]   CMR: <total>                      236 us
[2024-08-29T23:17:52.032+0800]   CMR: Thread Roots                 196 us, workers (us):  85, 111, ---, ---, 
[2024-08-29T23:17:52.032+0800]   CMR: VM Strong Roots                5 us, workers (us):   4,   0, ---, ---, 
[2024-08-29T23:17:52.032+0800]   CMR: CLDG Roots                    35 us, workers (us):  35, ---, ---, ---, 
[2024-08-29T23:17:52.032+0800] Concurrent Marking                 1654 us
[2024-08-29T23:17:52.032+0800] Pause Final Mark (G)                327 us
[2024-08-29T23:17:52.032+0800] Pause Final Mark (N)                259 us
[2024-08-29T23:17:52.032+0800]   Finish Mark                       108 us
[2024-08-29T23:17:52.032+0800]   Update Region States               40 us
[2024-08-29T23:17:52.032+0800]   Choose Collection Set              68 us
[2024-08-29T23:17:52.032+0800]   Rebuild Free Set                    9 us
[2024-08-29T23:17:52.032+0800] Concurrent Weak References          101 us, parallelism: 0.04x
[2024-08-29T23:17:52.032+0800]   CWRF: <total>                       4 us
[2024-08-29T23:17:52.032+0800]   CWRF: Weak References               4 us, workers (us):   4,   0, ---, ---, 
[2024-08-29T23:17:52.032+0800] Concurrent Weak Roots               353 us
[2024-08-29T23:17:52.032+0800]   Roots                             267 us, parallelism: 1.45x
[2024-08-29T23:17:52.032+0800]     CWR: <total>                    387 us
[2024-08-29T23:17:52.032+0800]     CWR: Code Cache Roots           339 us, workers (us): 175, 164, ---, ---, 
[2024-08-29T23:17:52.032+0800]     CWR: VM Weak Roots               46 us, workers (us):  28,  18, ---, ---, 
[2024-08-29T23:17:52.032+0800]     CWR: CLDG Roots                   2 us, workers (us):   2, ---, ---, ---, 
[2024-08-29T23:17:52.032+0800]   Rendezvous                         63 us
[2024-08-29T23:17:52.032+0800] Concurrent Cleanup                   74 us
[2024-08-29T23:17:52.032+0800] Concurrent Class Unloading         1235 us
[2024-08-29T23:17:52.032+0800]   Unlink Stale                      660 us
[2024-08-29T23:17:52.033+0800]     System Dictionary                 2 us
[2024-08-29T23:17:52.033+0800]     Weak Class Links                  0 us
[2024-08-29T23:17:52.033+0800]     Code Roots                      657 us
[2024-08-29T23:17:52.033+0800]   Rendezvous                        355 us
[2024-08-29T23:17:52.033+0800]   Purge Unlinked                    185 us
[2024-08-29T23:17:52.033+0800]     Code Roots                      166 us
[2024-08-29T23:17:52.033+0800]     CLDG                             19 us
[2024-08-29T23:17:52.033+0800]     Exception Caches                  0 us
[2024-08-29T23:17:52.033+0800] Pause Final Roots (G)               630 us
[2024-08-29T23:17:52.033+0800] Pause Final Roots (N)                29 us
[2024-08-29T23:17:52.033+0800] 
[2024-08-29T23:17:52.033+0800] Allocation pacing accrued:
[2024-08-29T23:17:52.033+0800]       0 of   151 ms (  0.0%): <total>
[2024-08-29T23:17:52.033+0800]       0 of   151 ms (  0.0%): <average total>
[2024-08-29T23:17:52.033+0800] 
[2024-08-29T23:17:52.033+0800] Metaspace: 1650K(1792K)->1650K(1792K) NonClass: 1530K(1600K)->1530K(1600K) Class: 119K(192K)->119K(192K)
[2024-08-29T23:17:52.033+0800] Pacer for Idle. Initial: 41943K, Alloc Tax Rate: 1.0x
[2024-08-29T23:17:52.174+0800] Trigger: Free (201M) is below minimum threshold (204M)
[2024-08-29T23:17:52.174+0800] Free: 201M, Max: 1024K regular, 121M humongous, Frag: 40% external, 2% internal; Reserve: 103M, Max: 1024K
[2024-08-29T23:17:52.174+0800] GC(104) Concurrent reset
[2024-08-29T23:17:52.174+0800] GC(104) Using 2 of 4 workers for concurrent reset
[2024-08-29T23:17:52.174+0800] GC(104) Pacer for Reset. Non-Taxable: 2048M
[2024-08-29T23:17:52.179+0800] GC(104) Concurrent reset 4.756ms
[2024-08-29T23:17:52.179+0800] GC(104) Pause Init Mark (unload classes)
[2024-08-29T23:17:52.179+0800] GC(104) Using 4 of 4 workers for init marking
[2024-08-29T23:17:52.179+0800] GC(104) Pacer for Mark. Expected Live: 1204M, Free: 193M, Non-Taxable: 19853K, Alloc Tax Rate: 7.6x
[2024-08-29T23:17:52.179+0800] GC(104) Pause Init Mark (unload classes) 0.113ms
[2024-08-29T23:17:52.179+0800] GC(104) Concurrent marking roots
[2024-08-29T23:17:52.179+0800] GC(104) Using 2 of 4 workers for concurrent marking roots
[2024-08-29T23:17:52.179+0800] GC(104) Concurrent marking roots 0.210ms
[2024-08-29T23:17:52.179+0800] GC(104) Concurrent marking (unload classes)
[2024-08-29T23:17:52.179+0800] GC(104) Using 2 of 4 workers for concurrent marking
[2024-08-29T23:17:52.181+0800] GC(104) Concurrent marking (unload classes) 1.833ms
[2024-08-29T23:17:52.181+0800] GC(104) Pause Final Mark (unload classes)
[2024-08-29T23:17:52.181+0800] GC(104) Using 4 of 4 workers for final marking
[2024-08-29T23:17:52.181+0800] GC(104) Collectable Garbage: 321M (95%), Immediate: 321M (95%), CSet: 0B (0%)
[2024-08-29T23:17:52.181+0800] GC(104) Pause Final Mark (unload classes) 0.256ms
[2024-08-29T23:17:52.181+0800] GC(104) Concurrent weak references
[2024-08-29T23:17:52.181+0800] GC(104) Using 2 of 4 workers for concurrent weak references
[2024-08-29T23:17:52.181+0800] GC(104) Encountered references: Soft: 178, Weak: 297, Final: 0, Phantom: 5
[2024-08-29T23:17:52.181+0800] GC(104) Discovered  references: Soft: 0, Weak: 142, Final: 0, Phantom: 5
[2024-08-29T23:17:52.181+0800] GC(104) Enqueued    references: Soft: 0, Weak: 0, Final: 0, Phantom: 0
[2024-08-29T23:17:52.181+0800] GC(104) Concurrent weak references 0.074ms
[2024-08-29T23:17:52.181+0800] GC(104) Concurrent weak roots
[2024-08-29T23:17:52.181+0800] GC(104) Using 2 of 4 workers for concurrent weak root
[2024-08-29T23:17:52.182+0800] GC(104) Concurrent weak roots 0.304ms
[2024-08-29T23:17:52.182+0800] GC(104) Concurrent cleanup
[2024-08-29T23:17:52.182+0800] GC(104) Concurrent cleanup 1517M->1195M(2048M) 0.068ms
[2024-08-29T23:17:52.182+0800] GC(104) Free: 559M, Max: 1024K regular, 121M humongous, Frag: 79% external, 2% internal; Reserve: 103M, Max: 1024K
[2024-08-29T23:17:52.182+0800] GC(104) Concurrent class unloading
[2024-08-29T23:17:52.182+0800] GC(104) Using 2 of 4 workers for concurrent class unloading
[2024-08-29T23:17:52.183+0800] GC(104) Concurrent class unloading 0.883ms
[2024-08-29T23:17:52.183+0800] GC(104) Pause Final Roots
[2024-08-29T23:17:52.183+0800] GC(104) Pause Final Roots 0.015ms
[2024-08-29T23:17:52.183+0800] Free: 557M, Max: 1024K regular, 121M humongous, Frag: 79% external, 2% internal; Reserve: 103M, Max: 1024K
[2024-08-29T23:17:52.183+0800] 
[2024-08-29T23:17:52.183+0800] All times are wall-clock times, except per-root-class counters, that are sum over
[2024-08-29T23:17:52.183+0800] all workers. Dividing the <total> over the root stage time estimates parallelism.
[2024-08-29T23:17:52.183+0800] 
[2024-08-29T23:17:52.183+0800] Concurrent Reset                   4842 us
[2024-08-29T23:17:52.183+0800] Pause Init Mark (G)                 212 us
[2024-08-29T23:17:52.183+0800] Pause Init Mark (N)                 120 us
[2024-08-29T23:17:52.183+0800]   Update Region States               70 us
[2024-08-29T23:17:52.183+0800] Concurrent Mark Roots               221 us, parallelism: 1.02x
[2024-08-29T23:17:52.183+0800]   CMR: <total>                      226 us
[2024-08-29T23:17:52.183+0800]   CMR: Thread Roots                 189 us, workers (us):  77, 112, ---, ---, 
[2024-08-29T23:17:52.183+0800]   CMR: VM Strong Roots                4 us, workers (us):   3,   0, ---, ---, 
[2024-08-29T23:17:52.183+0800]   CMR: CLDG Roots                    33 us, workers (us):  33, ---, ---, ---, 
[2024-08-29T23:17:52.183+0800] Concurrent Marking                 1850 us
[2024-08-29T23:17:52.183+0800] Pause Final Mark (G)                326 us
[2024-08-29T23:17:52.183+0800] Pause Final Mark (N)                264 us
[2024-08-29T23:17:52.183+0800]   Finish Mark                       108 us
[2024-08-29T23:17:52.183+0800]   Update Region States               48 us
[2024-08-29T23:17:52.183+0800]   Choose Collection Set              66 us
[2024-08-29T23:17:52.183+0800]   Rebuild Free Set                    9 us
[2024-08-29T23:17:52.183+0800] Concurrent Weak References           80 us, parallelism: 0.05x
[2024-08-29T23:17:52.183+0800]   CWRF: <total>                       4 us
[2024-08-29T23:17:52.183+0800]   CWRF: Weak References               4 us, workers (us):   4,   0, ---, ---, 
[2024-08-29T23:17:52.183+0800] Concurrent Weak Roots               315 us
[2024-08-29T23:17:52.183+0800]   Roots                             232 us, parallelism: 1.59x
[2024-08-29T23:17:52.183+0800]     CWR: <total>                    368 us
[2024-08-29T23:17:52.183+0800]     CWR: Code Cache Roots           319 us, workers (us): 164, 154, ---, ---, 
[2024-08-29T23:17:52.183+0800]     CWR: VM Weak Roots               47 us, workers (us):  25,  22, ---, ---, 
[2024-08-29T23:17:52.183+0800]     CWR: CLDG Roots                   2 us, workers (us):   2, ---, ---, ---, 
[2024-08-29T23:17:52.183+0800]   Rendezvous                         61 us
[2024-08-29T23:17:52.183+0800] Concurrent Cleanup                   74 us
[2024-08-29T23:17:52.183+0800] Concurrent Class Unloading          898 us
[2024-08-29T23:17:52.183+0800]   Unlink Stale                      754 us
[2024-08-29T23:17:52.183+0800]     System Dictionary                 2 us
[2024-08-29T23:17:52.183+0800]     Weak Class Links                  0 us
[2024-08-29T23:17:52.183+0800]     Code Roots                      751 us
[2024-08-29T23:17:52.183+0800]   Rendezvous                         73 us
[2024-08-29T23:17:52.183+0800]   Purge Unlinked                     45 us
[2024-08-29T23:17:52.183+0800]     Code Roots                       32 us
[2024-08-29T23:17:52.183+0800]     CLDG                             13 us
[2024-08-29T23:17:52.183+0800]     Exception Caches                  0 us
[2024-08-29T23:17:52.183+0800] Pause Final Roots (G)                88 us
[2024-08-29T23:17:52.183+0800] Pause Final Roots (N)                23 us
[2024-08-29T23:17:52.183+0800] 
[2024-08-29T23:17:52.183+0800] Allocation pacing accrued:
[2024-08-29T23:17:52.183+0800]       0 of   151 ms (  0.0%): <total>
[2024-08-29T23:17:52.183+0800]       0 of   151 ms (  0.0%): <average total>
[2024-08-29T23:17:52.183+0800] 
[2024-08-29T23:17:52.183+0800] Metaspace: 1650K(1792K)->1650K(1792K) NonClass: 1530K(1600K)->1530K(1600K) Class: 119K(192K)->119K(192K)
[2024-08-29T23:17:52.183+0800] Pacer for Idle. Initial: 41943K, Alloc Tax Rate: 1.0x
[2024-08-29T23:17:52.356+0800] Trigger: Free (198M) is below minimum threshold (204M)
[2024-08-29T23:17:52.356+0800] Free: 198M, Max: 1024K regular, 121M humongous, Frag: 39% external, 4% internal; Reserve: 103M, Max: 1024K
[2024-08-29T23:17:52.356+0800] GC(105) Concurrent reset
[2024-08-29T23:17:52.357+0800] GC(105) Using 2 of 4 workers for concurrent reset
[2024-08-29T23:17:52.357+0800] GC(105) Pacer for Reset. Non-Taxable: 2048M
[2024-08-29T23:17:52.364+0800] GC(105) Concurrent reset 7.491ms
[2024-08-29T23:17:52.364+0800] GC(105) Pause Init Mark (unload classes)
[2024-08-29T23:17:52.364+0800] GC(105) Using 4 of 4 workers for init marking
[2024-08-29T23:17:52.364+0800] GC(105) Pacer for Mark. Expected Live: 1183M, Free: 173M, Non-Taxable: 17813K, Alloc Tax Rate: 8.3x
[2024-08-29T23:17:52.364+0800] GC(105) Pause Init Mark (unload classes) 0.104ms
[2024-08-29T23:17:52.364+0800] GC(105) Concurrent marking roots
[2024-08-29T23:17:52.364+0800] GC(105) Using 2 of 4 workers for concurrent marking roots
[2024-08-29T23:17:52.364+0800] GC(105) Concurrent marking roots 0.189ms
[2024-08-29T23:17:52.364+0800] GC(105) Concurrent marking (unload classes)
[2024-08-29T23:17:52.365+0800] GC(105) Using 2 of 4 workers for concurrent marking
[2024-08-29T23:17:52.366+0800] GC(105) Concurrent marking (unload classes) 1.224ms
[2024-08-29T23:17:52.366+0800] GC(105) Pause Final Mark (unload classes)
[2024-08-29T23:17:52.366+0800] GC(105) Using 4 of 4 workers for final marking
[2024-08-29T23:17:52.366+0800] GC(105) Collectable Garbage: 347M (95%), Immediate: 347M (95%), CSet: 0B (0%)
[2024-08-29T23:17:52.366+0800] GC(105) Pause Final Mark (unload classes) 0.222ms
[2024-08-29T23:17:52.366+0800] GC(105) Concurrent weak references
[2024-08-29T23:17:52.366+0800] GC(105) Using 2 of 4 workers for concurrent weak references
[2024-08-29T23:17:52.366+0800] GC(105) Encountered references: Soft: 178, Weak: 297, Final: 0, Phantom: 5
[2024-08-29T23:17:52.366+0800] GC(105) Discovered  references: Soft: 0, Weak: 114, Final: 0, Phantom: 5
[2024-08-29T23:17:52.366+0800] GC(105) Enqueued    references: Soft: 0, Weak: 0, Final: 0, Phantom: 0
[2024-08-29T23:17:52.366+0800] GC(105) Concurrent weak references 0.067ms
[2024-08-29T23:17:52.366+0800] GC(105) Concurrent weak roots
[2024-08-29T23:17:52.366+0800] GC(105) Using 2 of 4 workers for concurrent weak root
[2024-08-29T23:17:52.367+0800] GC(105) Concurrent weak roots 0.316ms
[2024-08-29T23:17:52.367+0800] GC(105) Concurrent cleanup
[2024-08-29T23:17:52.367+0800] GC(105) Concurrent cleanup 1522M->1175M(2048M) 0.058ms
[2024-08-29T23:17:52.367+0800] GC(105) Free: 579M, Max: 1024K regular, 116M humongous, Frag: 80% external, 2% internal; Reserve: 103M, Max: 1024K
[2024-08-29T23:17:52.367+0800] GC(105) Concurrent class unloading
[2024-08-29T23:17:52.367+0800] GC(105) Using 2 of 4 workers for concurrent class unloading
[2024-08-29T23:17:52.367+0800] GC(105) Concurrent class unloading 0.772ms
[2024-08-29T23:17:52.368+0800] GC(105) Pause Final Roots
[2024-08-29T23:17:52.368+0800] GC(105) Pause Final Roots 0.014ms
[2024-08-29T23:17:52.368+0800] Free: 568M, Max: 1024K regular, 116M humongous, Frag: 80% external, 2% internal; Reserve: 103M, Max: 1024K
[2024-08-29T23:17:52.368+0800] 
[2024-08-29T23:17:52.368+0800] All times are wall-clock times, except per-root-class counters, that are sum over
[2024-08-29T23:17:52.368+0800] all workers. Dividing the <total> over the root stage time estimates parallelism.
[2024-08-29T23:17:52.368+0800] 
[2024-08-29T23:17:52.368+0800] Concurrent Reset                   7573 us
[2024-08-29T23:17:52.368+0800] Pause Init Mark (G)                 210 us
[2024-08-29T23:17:52.368+0800] Pause Init Mark (N)                 109 us
[2024-08-29T23:17:52.368+0800]   Update Region States               66 us
[2024-08-29T23:17:52.368+0800] Concurrent Mark Roots               202 us, parallelism: 0.98x
[2024-08-29T23:17:52.368+0800]   CMR: <total>                      198 us
[2024-08-29T23:17:52.368+0800]   CMR: Thread Roots                 164 us, workers (us):  67,  97, ---, ---, 
[2024-08-29T23:17:52.368+0800]   CMR: VM Strong Roots                3 us, workers (us):   3,   0, ---, ---, 
[2024-08-29T23:17:52.368+0800]   CMR: CLDG Roots                    31 us, workers (us):  31, ---, ---, ---, 
[2024-08-29T23:17:52.368+0800] Concurrent Marking                 1237 us
[2024-08-29T23:17:52.368+0800] Pause Final Mark (G)                425 us
[2024-08-29T23:17:52.368+0800] Pause Final Mark (N)                229 us
[2024-08-29T23:17:52.368+0800]   Finish Mark                        92 us
[2024-08-29T23:17:52.368+0800]   Update Region States               33 us
[2024-08-29T23:17:52.368+0800]   Choose Collection Set              68 us
[2024-08-29T23:17:52.368+0800]   Rebuild Free Set                    7 us
[2024-08-29T23:17:52.368+0800] Concurrent Weak References           72 us, parallelism: 0.04x
[2024-08-29T23:17:52.368+0800]   CWRF: <total>                       3 us
[2024-08-29T23:17:52.368+0800]   CWRF: Weak References               3 us, workers (us):   3,   0, ---, ---, 
[2024-08-29T23:17:52.368+0800] Concurrent Weak Roots               328 us
[2024-08-29T23:17:52.368+0800]   Roots                             241 us, parallelism: 1.33x
[2024-08-29T23:17:52.368+0800]     CWR: <total>                    320 us
[2024-08-29T23:17:52.368+0800]     CWR: Code Cache Roots           276 us, workers (us): 140, 135, ---, ---, 
[2024-08-29T23:17:52.368+0800]     CWR: VM Weak Roots               42 us, workers (us):  29,  14, ---, ---, 
[2024-08-29T23:17:52.368+0800]     CWR: CLDG Roots                   2 us, workers (us):   2, ---, ---, ---, 
[2024-08-29T23:17:52.369+0800]   Rendezvous                         65 us
[2024-08-29T23:17:52.369+0800] Concurrent Cleanup                   63 us
[2024-08-29T23:17:52.369+0800] Concurrent Class Unloading          796 us
[2024-08-29T23:17:52.369+0800]   Unlink Stale                      550 us
[2024-08-29T23:17:52.369+0800]     System Dictionary                 2 us
[2024-08-29T23:17:52.369+0800]     Weak Class Links                  0 us
[2024-08-29T23:17:52.369+0800]     Code Roots                      548 us
[2024-08-29T23:17:52.369+0800]   Rendezvous                        145 us
[2024-08-29T23:17:52.369+0800]   Purge Unlinked                     67 us
[2024-08-29T23:17:52.369+0800]     Code Roots                       63 us
[2024-08-29T23:17:52.369+0800]     CLDG                              4 us
[2024-08-29T23:17:52.369+0800]     Exception Caches                  0 us
[2024-08-29T23:17:52.369+0800] Pause Final Roots (G)               909 us
[2024-08-29T23:17:52.369+0800] Pause Final Roots (N)                20 us
[2024-08-29T23:17:52.369+0800] 
[2024-08-29T23:17:52.369+0800] Allocation pacing accrued:
[2024-08-29T23:17:52.369+0800]       0 of   186 ms (  0.0%): <total>
[2024-08-29T23:17:52.369+0800]       0 of   186 ms (  0.0%): <average total>
[2024-08-29T23:17:52.369+0800] 
[2024-08-29T23:17:52.369+0800] Metaspace: 1651K(1792K)->1651K(1792K) NonClass: 1531K(1600K)->1531K(1600K) Class: 119K(192K)->119K(192K)
[2024-08-29T23:17:52.369+0800] Pacer for Idle. Initial: 41943K, Alloc Tax Rate: 1.0x
[2024-08-29T23:17:52.524+0800] Trigger: Free (199M) is below minimum threshold (204M)
[2024-08-29T23:17:52.524+0800] Free: 199M, Max: 1024K regular, 116M humongous, Frag: 41% external, 5% internal; Reserve: 103M, Max: 1024K
[2024-08-29T23:17:52.524+0800] GC(106) Concurrent reset
[2024-08-29T23:17:52.524+0800] GC(106) Using 2 of 4 workers for concurrent reset
[2024-08-29T23:17:52.524+0800] GC(106) Pacer for Reset. Non-Taxable: 2048M
[2024-08-29T23:17:52.532+0800] GC(106) Concurrent reset 7.527ms
[2024-08-29T23:17:52.532+0800] GC(106) Pause Init Mark (unload classes)
[2024-08-29T23:17:52.532+0800] GC(106) Using 4 of 4 workers for init marking
[2024-08-29T23:17:52.532+0800] GC(106) Pacer for Mark. Expected Live: 1173M, Free: 164M, Non-Taxable: 16876K, Alloc Tax Rate: 8.7x
[2024-08-29T23:17:52.532+0800] GC(106) Pause Init Mark (unload classes) 0.089ms
[2024-08-29T23:17:52.532+0800] GC(106) Concurrent marking roots
[2024-08-29T23:17:52.532+0800] GC(106) Using 2 of 4 workers for concurrent marking roots
[2024-08-29T23:17:52.532+0800] GC(106) Concurrent marking roots 0.244ms
[2024-08-29T23:17:52.532+0800] GC(106) Concurrent marking (unload classes)
[2024-08-29T23:17:52.532+0800] GC(106) Using 2 of 4 workers for concurrent marking
[2024-08-29T23:17:52.533+0800] GC(106) Concurrent marking (unload classes) 1.322ms
[2024-08-29T23:17:52.533+0800] GC(106) Pause Final Mark (unload classes)
[2024-08-29T23:17:52.533+0800] GC(106) Using 4 of 4 workers for final marking
[2024-08-29T23:17:52.534+0800] GC(106) Collectable Garbage: 366M (95%), Immediate: 366M (95%), CSet: 0B (0%)
[2024-08-29T23:17:52.534+0800] GC(106) Pause Final Mark (unload classes) 0.282ms
[2024-08-29T23:17:52.534+0800] GC(106) Concurrent weak references
[2024-08-29T23:17:52.534+0800] GC(106) Using 2 of 4 workers for concurrent weak references
[2024-08-29T23:17:52.534+0800] GC(106) Encountered references: Soft: 178, Weak: 297, Final: 0, Phantom: 5
[2024-08-29T23:17:52.534+0800] GC(106) Discovered  references: Soft: 0, Weak: 114, Final: 0, Phantom: 3
[2024-08-29T23:17:52.534+0800] GC(106) Enqueued    references: Soft: 0, Weak: 0, Final: 0, Phantom: 0
[2024-08-29T23:17:52.534+0800] GC(106) Concurrent weak references 0.106ms
[2024-08-29T23:17:52.534+0800] GC(106) Concurrent weak roots
[2024-08-29T23:17:52.534+0800] GC(106) Using 2 of 4 workers for concurrent weak root
[2024-08-29T23:17:52.534+0800] GC(106) Concurrent weak roots 0.330ms
[2024-08-29T23:17:52.534+0800] GC(106) Concurrent cleanup
[2024-08-29T23:17:52.534+0800] GC(106) Concurrent cleanup 1537M->1171M(2048M) 0.069ms
[2024-08-29T23:17:52.534+0800] GC(106) Free: 583M, Max: 1024K regular, 100352K humongous, Frag: 84% external, 1% internal; Reserve: 103M, Max: 1024K
[2024-08-29T23:17:52.534+0800] GC(106) Concurrent class unloading
[2024-08-29T23:17:52.534+0800] GC(106) Using 2 of 4 workers for concurrent class unloading
[2024-08-29T23:17:52.535+0800] GC(106) Concurrent class unloading 0.783ms
[2024-08-29T23:17:52.535+0800] GC(106) Pause Final Roots
[2024-08-29T23:17:52.535+0800] GC(106) Pause Final Roots 0.012ms
[2024-08-29T23:17:52.535+0800] Free: 582M, Max: 1024K regular, 100352K humongous, Frag: 84% external, 1% internal; Reserve: 103M, Max: 1024K
[2024-08-29T23:17:52.535+0800] 
[2024-08-29T23:17:52.535+0800] All times are wall-clock times, except per-root-class counters, that are sum over
[2024-08-29T23:17:52.535+0800] all workers. Dividing the <total> over the root stage time estimates parallelism.
[2024-08-29T23:17:52.535+0800] 
[2024-08-29T23:17:52.535+0800] Concurrent Reset                   7664 us
[2024-08-29T23:17:52.535+0800] Pause Init Mark (G)                 192 us
[2024-08-29T23:17:52.535+0800] Pause Init Mark (N)                  96 us
[2024-08-29T23:17:52.535+0800]   Update Region States               46 us
[2024-08-29T23:17:52.535+0800] Concurrent Mark Roots               259 us, parallelism: 1.10x
[2024-08-29T23:17:52.535+0800]   CMR: <total>                      285 us
[2024-08-29T23:17:52.535+0800]   CMR: Thread Roots                 223 us, workers (us):  84, 140, ---, ---, 
[2024-08-29T23:17:52.535+0800]   CMR: VM Strong Roots                4 us, workers (us):   4,   0, ---, ---, 
[2024-08-29T23:17:52.535+0800]   CMR: CLDG Roots                    57 us, workers (us):  57, ---, ---, ---, 
[2024-08-29T23:17:52.535+0800] Concurrent Marking                 1341 us
[2024-08-29T23:17:52.535+0800] Pause Final Mark (G)                370 us
[2024-08-29T23:17:52.535+0800] Pause Final Mark (N)                289 us
[2024-08-29T23:17:52.535+0800]   Finish Mark                       136 us
[2024-08-29T23:17:52.535+0800]   Update Region States               41 us
[2024-08-29T23:17:52.535+0800]   Choose Collection Set              70 us
[2024-08-29T23:17:52.535+0800]   Rebuild Free Set                    9 us
[2024-08-29T23:17:52.535+0800] Concurrent Weak References          113 us, parallelism: 0.03x
[2024-08-29T23:17:52.535+0800]   CWRF: <total>                       3 us
[2024-08-29T23:17:52.535+0800]   CWRF: Weak References               3 us, workers (us):   3,   0, ---, ---, 
[2024-08-29T23:17:52.535+0800] Concurrent Weak Roots               342 us
[2024-08-29T23:17:52.535+0800]   Roots                             258 us, parallelism: 1.40x
[2024-08-29T23:17:52.535+0800]     CWR: <total>                    361 us
[2024-08-29T23:17:52.535+0800]     CWR: Code Cache Roots           313 us, workers (us): 151, 162, ---, ---, 
[2024-08-29T23:17:52.535+0800]     CWR: VM Weak Roots               46 us, workers (us):  28,  18, ---, ---, 
[2024-08-29T23:17:52.535+0800]     CWR: CLDG Roots                   2 us, workers (us): ---,   2, ---, ---, 
[2024-08-29T23:17:52.535+0800]   Rendezvous                         61 us
[2024-08-29T23:17:52.535+0800] Concurrent Cleanup                   75 us
[2024-08-29T23:17:52.535+0800] Concurrent Class Unloading          798 us
[2024-08-29T23:17:52.535+0800]   Unlink Stale                      649 us
[2024-08-29T23:17:52.535+0800]     System Dictionary                 2 us
[2024-08-29T23:17:52.535+0800]     Weak Class Links                  0 us
[2024-08-29T23:17:52.535+0800]     Code Roots                      646 us
[2024-08-29T23:17:52.535+0800]   Rendezvous                         54 us
[2024-08-29T23:17:52.535+0800]   Purge Unlinked                     68 us
[2024-08-29T23:17:52.535+0800]     Code Roots                       64 us
[2024-08-29T23:17:52.535+0800]     CLDG                              3 us
[2024-08-29T23:17:52.535+0800]     Exception Caches                  0 us
[2024-08-29T23:17:52.535+0800] Pause Final Roots (G)                75 us
[2024-08-29T23:17:52.535+0800] Pause Final Roots (N)                18 us
[2024-08-29T23:17:52.535+0800] 
[2024-08-29T23:17:52.535+0800] Allocation pacing accrued:
[2024-08-29T23:17:52.535+0800]       0 of   167 ms (  0.0%): <total>
[2024-08-29T23:17:52.535+0800]       0 of   167 ms (  0.0%): <average total>
[2024-08-29T23:17:52.535+0800] 
[2024-08-29T23:17:52.536+0800] Metaspace: 1651K(1792K)->1651K(1792K) NonClass: 1531K(1600K)->1531K(1600K) Class: 119K(192K)->119K(192K)
[2024-08-29T23:17:52.536+0800] Pacer for Idle. Initial: 41943K, Alloc Tax Rate: 1.0x
[2024-08-29T23:17:52.692+0800] Trigger: Free (203M) is below minimum threshold (204M)
[2024-08-29T23:17:52.692+0800] Free: 203M, Max: 1024K regular, 100352K humongous, Frag: 52% external, 1% internal; Reserve: 103M, Max: 1024K
[2024-08-29T23:17:52.692+0800] GC(107) Concurrent reset
[2024-08-29T23:17:52.692+0800] GC(107) Using 2 of 4 workers for concurrent reset
[2024-08-29T23:17:52.692+0800] GC(107) Pacer for Reset. Non-Taxable: 2048M
[2024-08-29T23:17:52.697+0800] GC(107) Concurrent reset 5.152ms
[2024-08-29T23:17:52.697+0800] GC(107) Pause Init Mark (unload classes)
[2024-08-29T23:17:52.697+0800] GC(107) Using 4 of 4 workers for init marking
[2024-08-29T23:17:52.697+0800] GC(107) Pacer for Mark. Expected Live: 1165M, Free: 199M, Non-Taxable: 20405K, Alloc Tax Rate: 7.1x
[2024-08-29T23:17:52.697+0800] GC(107) Pause Init Mark (unload classes) 0.084ms
[2024-08-29T23:17:52.697+0800] GC(107) Concurrent marking roots
[2024-08-29T23:17:52.697+0800] GC(107) Using 2 of 4 workers for concurrent marking roots
[2024-08-29T23:17:52.697+0800] GC(107) Concurrent marking roots 0.205ms
[2024-08-29T23:17:52.697+0800] GC(107) Concurrent marking (unload classes)
[2024-08-29T23:17:52.697+0800] GC(107) Using 2 of 4 workers for concurrent marking
[2024-08-29T23:17:52.699+0800] GC(107) Concurrent marking (unload classes) 1.996ms
[2024-08-29T23:17:52.699+0800] GC(107) Pause Final Mark (unload classes)
[2024-08-29T23:17:52.699+0800] GC(107) Using 4 of 4 workers for final marking
[2024-08-29T23:17:52.700+0800] GC(107) Collectable Garbage: 370M (95%), Immediate: 370M (95%), CSet: 0B (0%)
[2024-08-29T23:17:52.700+0800] GC(107) Pause Final Mark (unload classes) 0.347ms
[2024-08-29T23:17:52.700+0800] GC(107) Concurrent weak references
[2024-08-29T23:17:52.700+0800] GC(107) Using 2 of 4 workers for concurrent weak references
[2024-08-29T23:17:52.700+0800] GC(107) Encountered references: Soft: 178, Weak: 297, Final: 0, Phantom: 5
[2024-08-29T23:17:52.700+0800] GC(107) Discovered  references: Soft: 0, Weak: 119, Final: 0, Phantom: 3
[2024-08-29T23:17:52.700+0800] GC(107) Enqueued    references: Soft: 0, Weak: 0, Final: 0, Phantom: 0
[2024-08-29T23:17:52.700+0800] GC(107) Concurrent weak references 0.101ms
[2024-08-29T23:17:52.700+0800] GC(107) Concurrent weak roots
[2024-08-29T23:17:52.700+0800] GC(107) Using 2 of 4 workers for concurrent weak root
[2024-08-29T23:17:52.700+0800] GC(107) Concurrent weak roots 0.307ms
[2024-08-29T23:17:52.700+0800] GC(107) Concurrent cleanup
[2024-08-29T23:17:52.700+0800] GC(107) Concurrent cleanup 1508M->1137M(2048M) 0.069ms
[2024-08-29T23:17:52.700+0800] GC(107) Free: 619M, Max: 1024K regular, 103M humongous, Frag: 84% external, 1% internal; Reserve: 103M, Max: 1024K
[2024-08-29T23:17:52.700+0800] GC(107) Concurrent class unloading
[2024-08-29T23:17:52.700+0800] GC(107) Using 2 of 4 workers for concurrent class unloading
[2024-08-29T23:17:52.701+0800] GC(107) Concurrent class unloading 1.070ms
[2024-08-29T23:17:52.701+0800] GC(107) Pause Final Roots
[2024-08-29T23:17:52.701+0800] GC(107) Pause Final Roots 0.018ms
[2024-08-29T23:17:52.701+0800] Free: 612M, Max: 1024K regular, 103M humongous, Frag: 84% external, 1% internal; Reserve: 103M, Max: 1024K
[2024-08-29T23:17:52.701+0800] 
[2024-08-29T23:17:52.701+0800] All times are wall-clock times, except per-root-class counters, that are sum over
[2024-08-29T23:17:52.701+0800] all workers. Dividing the <total> over the root stage time estimates parallelism.
[2024-08-29T23:17:52.701+0800] 
[2024-08-29T23:17:52.701+0800] Concurrent Reset                   5213 us
[2024-08-29T23:17:52.702+0800] Pause Init Mark (G)                 178 us
[2024-08-29T23:17:52.702+0800] Pause Init Mark (N)                  91 us
[2024-08-29T23:17:52.702+0800]   Update Region States               44 us
[2024-08-29T23:17:52.702+0800] Concurrent Mark Roots               216 us, parallelism: 1.02x
[2024-08-29T23:17:52.702+0800]   CMR: <total>                      219 us
[2024-08-29T23:17:52.702+0800]   CMR: Thread Roots                 185 us, workers (us):  83, 102, ---, ---, 
[2024-08-29T23:17:52.702+0800]   CMR: VM Strong Roots                4 us, workers (us):   4,   0, ---, ---, 
[2024-08-29T23:17:52.702+0800]   CMR: CLDG Roots                    30 us, workers (us):  30, ---, ---, ---, 
[2024-08-29T23:17:52.702+0800] Concurrent Marking                 2035 us
[2024-08-29T23:17:52.702+0800] Pause Final Mark (G)                421 us
[2024-08-29T23:17:52.702+0800] Pause Final Mark (N)                354 us
[2024-08-29T23:17:52.702+0800]   Finish Mark                       166 us
[2024-08-29T23:17:52.702+0800]   Update Region States               61 us
[2024-08-29T23:17:52.702+0800]   Choose Collection Set              83 us
[2024-08-29T23:17:52.702+0800]   Rebuild Free Set                   10 us
[2024-08-29T23:17:52.702+0800] Concurrent Weak References          107 us, parallelism: 0.04x
[2024-08-29T23:17:52.702+0800]   CWRF: <total>                       4 us
[2024-08-29T23:17:52.702+0800]   CWRF: Weak References               4 us, workers (us):   4,   0, ---, ---, 
[2024-08-29T23:17:52.702+0800] Concurrent Weak Roots               318 us
[2024-08-29T23:17:52.702+0800]   Roots                             234 us, parallelism: 1.29x
[2024-08-29T23:17:52.702+0800]     CWR: <total>                    301 us
[2024-08-29T23:17:52.702+0800]     CWR: Code Cache Roots           249 us, workers (us): 110, 139, ---, ---, 
[2024-08-29T23:17:52.702+0800]     CWR: VM Weak Roots               50 us, workers (us):  30,  19, ---, ---, 
[2024-08-29T23:17:52.702+0800]     CWR: CLDG Roots                   2 us, workers (us):   2, ---, ---, ---, 
[2024-08-29T23:17:52.702+0800]   Rendezvous                         61 us
[2024-08-29T23:17:52.702+0800] Concurrent Cleanup                   76 us
[2024-08-29T23:17:52.702+0800] Concurrent Class Unloading         1087 us
[2024-08-29T23:17:52.702+0800]   Unlink Stale                      903 us
[2024-08-29T23:17:52.702+0800]     System Dictionary                 2 us
[2024-08-29T23:17:52.702+0800]     Weak Class Links                  0 us
[2024-08-29T23:17:52.702+0800]     Code Roots                      900 us
[2024-08-29T23:17:52.702+0800]   Rendezvous                         70 us
[2024-08-29T23:17:52.702+0800]   Purge Unlinked                     85 us
[2024-08-29T23:17:52.702+0800]     Code Roots                       73 us
[2024-08-29T23:17:52.702+0800]     CLDG                             12 us
[2024-08-29T23:17:52.702+0800]     Exception Caches                  0 us
[2024-08-29T23:17:52.702+0800] Pause Final Roots (G)                94 us
[2024-08-29T23:17:52.702+0800] Pause Final Roots (N)                24 us
[2024-08-29T23:17:52.702+0800] 
[2024-08-29T23:17:52.702+0800] Allocation pacing accrued:
[2024-08-29T23:17:52.702+0800]       0 of   166 ms (  0.0%): <total>
[2024-08-29T23:17:52.702+0800]       0 of   166 ms (  0.0%): <average total>
[2024-08-29T23:17:52.702+0800] 
[2024-08-29T23:17:52.702+0800] Metaspace: 1651K(1792K)->1651K(1792K) NonClass: 1531K(1600K)->1531K(1600K) Class: 119K(192K)->119K(192K)
[2024-08-29T23:17:52.702+0800] Pacer for Idle. Initial: 41943K, Alloc Tax Rate: 1.0x
[2024-08-29T23:17:52.869+0800] Trigger: Free (200M) is below minimum threshold (204M)
[2024-08-29T23:17:52.870+0800] Free: 198M, Max: 1024K regular, 103M humongous, Frag: 48% external, 0% internal; Reserve: 103M, Max: 1024K
[2024-08-29T23:17:52.870+0800] GC(108) Concurrent reset
[2024-08-29T23:17:52.870+0800] GC(108) Using 2 of 4 workers for concurrent reset
[2024-08-29T23:17:52.870+0800] GC(108) Pacer for Reset. Non-Taxable: 2048M
[2024-08-29T23:17:52.877+0800] GC(108) Concurrent reset 6.904ms
[2024-08-29T23:17:52.877+0800] GC(108) Pause Init Mark (unload classes)
[2024-08-29T23:17:52.877+0800] GC(108) Using 4 of 4 workers for init marking
[2024-08-29T23:17:52.877+0800] GC(108) Pacer for Mark. Expected Live: 1155M, Free: 172M, Non-Taxable: 17686K, Alloc Tax Rate: 8.2x
[2024-08-29T23:17:52.877+0800] GC(108) Pause Init Mark (unload classes) 0.109ms
[2024-08-29T23:17:52.878+0800] GC(108) Concurrent marking roots
[2024-08-29T23:17:52.878+0800] GC(108) Using 2 of 4 workers for concurrent marking roots
[2024-08-29T23:17:52.878+0800] GC(108) Concurrent marking roots 0.200ms
[2024-08-29T23:17:52.878+0800] GC(108) Concurrent marking (unload classes)
[2024-08-29T23:17:52.878+0800] GC(108) Using 2 of 4 workers for concurrent marking
[2024-08-29T23:17:52.879+0800] GC(108) Concurrent marking (unload classes) 1.420ms
[2024-08-29T23:17:52.879+0800] GC(108) Pause Final Mark (unload classes)
[2024-08-29T23:17:52.879+0800] GC(108) Using 4 of 4 workers for final marking
[2024-08-29T23:17:52.879+0800] GC(108) Collectable Garbage: 366M (95%), Immediate: 366M (95%), CSet: 0B (0%)
[2024-08-29T23:17:52.880+0800] GC(108) Pause Final Mark (unload classes) 0.263ms
[2024-08-29T23:17:52.880+0800] GC(108) Concurrent weak references
[2024-08-29T23:17:52.880+0800] GC(108) Using 2 of 4 workers for concurrent weak references
[2024-08-29T23:17:52.880+0800] GC(108) Encountered references: Soft: 178, Weak: 297, Final: 0, Phantom: 5
[2024-08-29T23:17:52.880+0800] GC(108) Discovered  references: Soft: 0, Weak: 116, Final: 0, Phantom: 5
[2024-08-29T23:17:52.880+0800] GC(108) Enqueued    references: Soft: 0, Weak: 0, Final: 0, Phantom: 0
[2024-08-29T23:17:52.880+0800] GC(108) Concurrent weak references 0.055ms
[2024-08-29T23:17:52.880+0800] GC(108) Concurrent weak roots
[2024-08-29T23:17:52.880+0800] GC(108) Using 2 of 4 workers for concurrent weak root
[2024-08-29T23:17:52.880+0800] GC(108) Concurrent weak roots 0.296ms
[2024-08-29T23:17:52.880+0800] GC(108) Concurrent cleanup
[2024-08-29T23:17:52.880+0800] GC(108) Concurrent cleanup 1521M->1154M(2048M) 0.070ms
[2024-08-29T23:17:52.880+0800] GC(108) Free: 606M, Max: 1024K regular, 103M humongous, Frag: 83% external, 2% internal; Reserve: 103M, Max: 1024K
[2024-08-29T23:17:52.880+0800] GC(108) Concurrent class unloading
[2024-08-29T23:17:52.880+0800] GC(108) Using 2 of 4 workers for concurrent class unloading
[2024-08-29T23:17:52.881+0800] GC(108) Concurrent class unloading 0.939ms
[2024-08-29T23:17:52.881+0800] GC(108) Pause Final Roots
[2024-08-29T23:17:52.881+0800] GC(108) Pause Final Roots 0.014ms
[2024-08-29T23:17:52.881+0800] Free: 606M, Max: 1024K regular, 103M humongous, Frag: 83% external, 2% internal; Reserve: 103M, Max: 1024K
[2024-08-29T23:17:52.881+0800] 
[2024-08-29T23:17:52.881+0800] All times are wall-clock times, except per-root-class counters, that are sum over
[2024-08-29T23:17:52.881+0800] all workers. Dividing the <total> over the root stage time estimates parallelism.
[2024-08-29T23:17:52.881+0800] 
[2024-08-29T23:17:52.881+0800] Concurrent Reset                   7013 us
[2024-08-29T23:17:52.881+0800] Pause Init Mark (G)                 917 us
[2024-08-29T23:17:52.881+0800] Pause Init Mark (N)                 116 us
[2024-08-29T23:17:52.881+0800]   Update Region States               62 us
[2024-08-29T23:17:52.881+0800] Concurrent Mark Roots               216 us, parallelism: 0.88x
[2024-08-29T23:17:52.881+0800]   CMR: <total>                      190 us
[2024-08-29T23:17:52.881+0800]   CMR: Thread Roots                 152 us, workers (us):  61,  91, ---, ---, 
[2024-08-29T23:17:52.881+0800]   CMR: VM Strong Roots                5 us, workers (us):   5,   0, ---, ---, 
[2024-08-29T23:17:52.881+0800]   CMR: CLDG Roots                    33 us, workers (us):  33, ---, ---, ---, 
[2024-08-29T23:17:52.881+0800] Concurrent Marking                 1454 us
[2024-08-29T23:17:52.881+0800] Pause Final Mark (G)                343 us
[2024-08-29T23:17:52.881+0800] Pause Final Mark (N)                270 us
[2024-08-29T23:17:52.881+0800]   Finish Mark                       122 us
[2024-08-29T23:17:52.881+0800]   Update Region States               33 us
[2024-08-29T23:17:52.881+0800]   Choose Collection Set              75 us
[2024-08-29T23:17:52.881+0800]   Rebuild Free Set                    9 us
[2024-08-29T23:17:52.881+0800] Concurrent Weak References           62 us, parallelism: 0.07x
[2024-08-29T23:17:52.881+0800]   CWRF: <total>                       5 us
[2024-08-29T23:17:52.881+0800]   CWRF: Weak References               5 us, workers (us):   5,   0, ---, ---, 
[2024-08-29T23:17:52.881+0800] Concurrent Weak Roots               307 us
[2024-08-29T23:17:52.881+0800]   Roots                             224 us, parallelism: 1.29x
[2024-08-29T23:17:52.881+0800]     CWR: <total>                    288 us
[2024-08-29T23:17:52.881+0800]     CWR: Code Cache Roots           242 us, workers (us): 106, 136, ---, ---, 
[2024-08-29T23:17:52.881+0800]     CWR: VM Weak Roots               44 us, workers (us):  28,  16, ---, ---, 
[2024-08-29T23:17:52.881+0800]     CWR: CLDG Roots                   2 us, workers (us):   2, ---, ---, ---, 
[2024-08-29T23:17:52.881+0800]   Rendezvous                         61 us
[2024-08-29T23:17:52.881+0800] Concurrent Cleanup                   77 us
[2024-08-29T23:17:52.881+0800] Concurrent Class Unloading          954 us
[2024-08-29T23:17:52.881+0800]   Unlink Stale                      778 us
[2024-08-29T23:17:52.881+0800]     System Dictionary                 2 us
[2024-08-29T23:17:52.881+0800]     Weak Class Links                  0 us
[2024-08-29T23:17:52.881+0800]     Code Roots                      775 us
[2024-08-29T23:17:52.881+0800]   Rendezvous                         66 us
[2024-08-29T23:17:52.881+0800]   Purge Unlinked                     83 us
[2024-08-29T23:17:52.881+0800]     Code Roots                       71 us
[2024-08-29T23:17:52.881+0800]     CLDG                             11 us
[2024-08-29T23:17:52.881+0800]     Exception Caches                  0 us
[2024-08-29T23:17:52.881+0800] Pause Final Roots (G)                87 us
[2024-08-29T23:17:52.881+0800] Pause Final Roots (N)                21 us
[2024-08-29T23:17:52.881+0800] 
[2024-08-29T23:17:52.881+0800] Allocation pacing accrued:
[2024-08-29T23:17:52.881+0800]       0 of   180 ms (  0.0%): <total>
[2024-08-29T23:17:52.881+0800]       0 of   180 ms (  0.0%): <average total>
[2024-08-29T23:17:52.881+0800] 
[2024-08-29T23:17:52.881+0800] Metaspace: 1651K(1792K)->1651K(1792K) NonClass: 1531K(1600K)->1531K(1600K) Class: 119K(192K)->119K(192K)
[2024-08-29T23:17:52.881+0800] Pacer for Idle. Initial: 41943K, Alloc Tax Rate: 1.0x
[2024-08-29T23:17:53.032+0800] Trigger: Free (202M) is below minimum threshold (204M)
[2024-08-29T23:17:53.032+0800] Free: 202M, Max: 1024K regular, 103M humongous, Frag: 49% external, 0% internal; Reserve: 103M, Max: 1024K
[2024-08-29T23:17:53.032+0800] GC(109) Concurrent reset
[2024-08-29T23:17:53.032+0800] GC(109) Using 2 of 4 workers for concurrent reset
[2024-08-29T23:17:53.032+0800] GC(109) Pacer for Reset. Non-Taxable: 2048M
[2024-08-29T23:17:53.037+0800] GC(109) Concurrent reset 4.440ms
[2024-08-29T23:17:53.037+0800] GC(109) Pause Init Mark (unload classes)
[2024-08-29T23:17:53.037+0800] GC(109) Using 4 of 4 workers for init marking
[2024-08-29T23:17:53.037+0800] GC(109) Pacer for Mark. Expected Live: 1145M, Free: 198M, Non-Taxable: 20284K, Alloc Tax Rate: 7.1x
[2024-08-29T23:17:53.037+0800] GC(109) Pause Init Mark (unload classes) 0.094ms
[2024-08-29T23:17:53.037+0800] GC(109) Concurrent marking roots
[2024-08-29T23:17:53.037+0800] GC(109) Using 2 of 4 workers for concurrent marking roots
[2024-08-29T23:17:53.037+0800] GC(109) Concurrent marking roots 0.215ms
[2024-08-29T23:17:53.037+0800] GC(109) Concurrent marking (unload classes)
[2024-08-29T23:17:53.037+0800] GC(109) Using 2 of 4 workers for concurrent marking
[2024-08-29T23:17:53.039+0800] GC(109) Concurrent marking (unload classes) 1.412ms
[2024-08-29T23:17:53.039+0800] GC(109) Pause Final Mark (unload classes)
[2024-08-29T23:17:53.039+0800] GC(109) Using 4 of 4 workers for final marking
[2024-08-29T23:17:53.039+0800] GC(109) Collectable Garbage: 313M (95%), Immediate: 313M (95%), CSet: 0B (0%)
[2024-08-29T23:17:53.039+0800] GC(109) Pause Final Mark (unload classes) 0.310ms
[2024-08-29T23:17:53.039+0800] GC(109) Concurrent weak references
[2024-08-29T23:17:53.039+0800] GC(109) Using 2 of 4 workers for concurrent weak references
[2024-08-29T23:17:53.039+0800] GC(109) Encountered references: Soft: 178, Weak: 297, Final: 0, Phantom: 5
[2024-08-29T23:17:53.039+0800] GC(109) Discovered  references: Soft: 0, Weak: 101, Final: 0, Phantom: 3
[2024-08-29T23:17:53.039+0800] GC(109) Enqueued    references: Soft: 0, Weak: 0, Final: 0, Phantom: 0
[2024-08-29T23:17:53.039+0800] GC(109) Concurrent weak references 0.150ms
[2024-08-29T23:17:53.039+0800] GC(109) Concurrent weak roots
[2024-08-29T23:17:53.039+0800] GC(109) Using 2 of 4 workers for concurrent weak root
[2024-08-29T23:17:53.040+0800] GC(109) Concurrent weak roots 0.339ms
[2024-08-29T23:17:53.040+0800] GC(109) Concurrent cleanup
[2024-08-29T23:17:53.040+0800] GC(109) Concurrent cleanup 1505M->1192M(2048M) 0.068ms
[2024-08-29T23:17:53.040+0800] GC(109) Free: 563M, Max: 1024K regular, 103M humongous, Frag: 82% external, 2% internal; Reserve: 103M, Max: 1024K
[2024-08-29T23:17:53.040+0800] GC(109) Concurrent class unloading
[2024-08-29T23:17:53.040+0800] GC(109) Using 2 of 4 workers for concurrent class unloading
[2024-08-29T23:17:53.041+0800] GC(109) Concurrent class unloading 0.766ms
[2024-08-29T23:17:53.041+0800] GC(109) Pause Final Roots
[2024-08-29T23:17:53.041+0800] GC(109) Pause Final Roots 0.014ms
[2024-08-29T23:17:53.041+0800] Free: 558M, Max: 1024K regular, 103M humongous, Frag: 82% external, 2% internal; Reserve: 103M, Max: 1024K
[2024-08-29T23:17:53.041+0800] 
[2024-08-29T23:17:53.041+0800] All times are wall-clock times, except per-root-class counters, that are sum over
[2024-08-29T23:17:53.041+0800] all workers. Dividing the <total> over the root stage time estimates parallelism.
[2024-08-29T23:17:53.041+0800] 
[2024-08-29T23:17:53.041+0800] Concurrent Reset                   4524 us
[2024-08-29T23:17:53.041+0800] Pause Init Mark (G)                 388 us
[2024-08-29T23:17:53.041+0800] Pause Init Mark (N)                 102 us
[2024-08-29T23:17:53.041+0800]   Update Region States               53 us
[2024-08-29T23:17:53.041+0800] Concurrent Mark Roots               257 us, parallelism: 0.86x
[2024-08-29T23:17:53.041+0800]   CMR: <total>                      221 us
[2024-08-29T23:17:53.041+0800]   CMR: Thread Roots                 186 us, workers (us):  81, 105, ---, ---, 
[2024-08-29T23:17:53.041+0800]   CMR: VM Strong Roots                4 us, workers (us):   3,   0, ---, ---, 
[2024-08-29T23:17:53.041+0800]   CMR: CLDG Roots                    32 us, workers (us):  32, ---, ---, ---, 
[2024-08-29T23:17:53.041+0800] Concurrent Marking                 1435 us
[2024-08-29T23:17:53.041+0800] Pause Final Mark (G)                427 us
[2024-08-29T23:17:53.041+0800] Pause Final Mark (N)                319 us
[2024-08-29T23:17:53.041+0800]   Finish Mark                       167 us
[2024-08-29T23:17:53.041+0800]   Update Region States               42 us
[2024-08-29T23:17:53.041+0800]   Choose Collection Set              68 us
[2024-08-29T23:17:53.041+0800]   Rebuild Free Set                    9 us
[2024-08-29T23:17:53.041+0800] Concurrent Weak References          158 us, parallelism: 0.02x
[2024-08-29T23:17:53.041+0800]   CWRF: <total>                       3 us
[2024-08-29T23:17:53.041+0800]   CWRF: Weak References               3 us, workers (us):   3,   0, ---, ---, 
[2024-08-29T23:17:53.041+0800] Concurrent Weak Roots               353 us
[2024-08-29T23:17:53.041+0800]   Roots                             257 us, parallelism: 1.40x
[2024-08-29T23:17:53.041+0800]     CWR: <total>                    359 us
[2024-08-29T23:17:53.041+0800]     CWR: Code Cache Roots           308 us, workers (us): 154, 154, ---, ---, 
[2024-08-29T23:17:53.041+0800]     CWR: VM Weak Roots               48 us, workers (us):  35,  14, ---, ---, 
[2024-08-29T23:17:53.041+0800]     CWR: CLDG Roots                   2 us, workers (us): ---,   2, ---, ---, 
[2024-08-29T23:17:53.041+0800]   Rendezvous                         68 us
[2024-08-29T23:17:53.041+0800] Concurrent Cleanup                   74 us
[2024-08-29T23:17:53.041+0800] Concurrent Class Unloading          782 us
[2024-08-29T23:17:53.041+0800]   Unlink Stale                      636 us
[2024-08-29T23:17:53.041+0800]     System Dictionary                 2 us
[2024-08-29T23:17:53.041+0800]     Weak Class Links                  0 us
[2024-08-29T23:17:53.041+0800]     Code Roots                      633 us
[2024-08-29T23:17:53.041+0800]   Rendezvous                         63 us
[2024-08-29T23:17:53.041+0800]   Purge Unlinked                     55 us
[2024-08-29T23:17:53.041+0800]     Code Roots                       41 us
[2024-08-29T23:17:53.041+0800]     CLDG                             13 us
[2024-08-29T23:17:53.041+0800]     Exception Caches                  0 us
[2024-08-29T23:17:53.041+0800] Pause Final Roots (G)               418 us
[2024-08-29T23:17:53.041+0800] Pause Final Roots (N)                20 us
[2024-08-29T23:17:53.041+0800] 
[2024-08-29T23:17:53.041+0800] Allocation pacing accrued:
[2024-08-29T23:17:53.041+0800]       0 of   160 ms (  0.0%): <total>
[2024-08-29T23:17:53.041+0800]       0 of   160 ms (  0.0%): <average total>
[2024-08-29T23:17:53.041+0800] 
[2024-08-29T23:17:53.041+0800] Metaspace: 1651K(1792K)->1651K(1792K) NonClass: 1531K(1600K)->1531K(1600K) Class: 119K(192K)->119K(192K)
[2024-08-29T23:17:53.041+0800] Pacer for Idle. Initial: 41943K, Alloc Tax Rate: 1.0x
[2024-08-29T23:17:53.203+0800] Trigger: Free (202M) is below minimum threshold (204M)
[2024-08-29T23:17:53.203+0800] Free: 202M, Max: 1024K regular, 103M humongous, Frag: 50% external, 0% internal; Reserve: 103M, Max: 1024K
[2024-08-29T23:17:53.203+0800] GC(110) Concurrent reset
[2024-08-29T23:17:53.203+0800] GC(110) Using 2 of 4 workers for concurrent reset
[2024-08-29T23:17:53.203+0800] GC(110) Pacer for Reset. Non-Taxable: 2048M
[2024-08-29T23:17:53.208+0800] GC(110) Concurrent reset 5.022ms
[2024-08-29T23:17:53.209+0800] GC(110) Pause Init Mark (unload classes)
[2024-08-29T23:17:53.209+0800] GC(110) Using 4 of 4 workers for init marking
[2024-08-29T23:17:53.209+0800] GC(110) Pacer for Mark. Expected Live: 1146M, Free: 197M, Non-Taxable: 20274K, Alloc Tax Rate: 7.1x
[2024-08-29T23:17:53.209+0800] GC(110) Pause Init Mark (unload classes) 0.107ms
[2024-08-29T23:17:53.209+0800] GC(110) Concurrent marking roots
[2024-08-29T23:17:53.209+0800] GC(110) Using 2 of 4 workers for concurrent marking roots
[2024-08-29T23:17:53.209+0800] GC(110) Concurrent marking roots 0.346ms
[2024-08-29T23:17:53.209+0800] GC(110) Concurrent marking (unload classes)
[2024-08-29T23:17:53.209+0800] GC(110) Using 2 of 4 workers for concurrent marking
[2024-08-29T23:17:53.211+0800] GC(110) Concurrent marking (unload classes) 2.348ms
[2024-08-29T23:17:53.212+0800] GC(110) Pause Final Mark (unload classes)
[2024-08-29T23:17:53.212+0800] GC(110) Using 4 of 4 workers for final marking
[2024-08-29T23:17:53.212+0800] GC(110) Collectable Garbage: 390M (96%), Immediate: 390M (96%), CSet: 0B (0%)
[2024-08-29T23:17:53.212+0800] GC(110) Pause Final Mark (unload classes) 0.394ms
[2024-08-29T23:17:53.212+0800] GC(110) Concurrent weak references
[2024-08-29T23:17:53.212+0800] GC(110) Using 2 of 4 workers for concurrent weak references
[2024-08-29T23:17:53.212+0800] GC(110) Encountered references: Soft: 178, Weak: 297, Final: 0, Phantom: 5
[2024-08-29T23:17:53.212+0800] GC(110) Discovered  references: Soft: 0, Weak: 142, Final: 0, Phantom: 5
[2024-08-29T23:17:53.212+0800] GC(110) Enqueued    references: Soft: 0, Weak: 0, Final: 0, Phantom: 0
[2024-08-29T23:17:53.212+0800] GC(110) Concurrent weak references 0.108ms
[2024-08-29T23:17:53.212+0800] GC(110) Concurrent weak roots
[2024-08-29T23:17:53.212+0800] GC(110) Using 2 of 4 workers for concurrent weak root
[2024-08-29T23:17:53.212+0800] GC(110) Concurrent weak roots 0.341ms
[2024-08-29T23:17:53.212+0800] GC(110) Concurrent cleanup
[2024-08-29T23:17:53.213+0800] GC(110) Concurrent cleanup 1521M->1131M(2048M) 0.072ms
[2024-08-29T23:17:53.213+0800] GC(110) Free: 641M, Max: 1024K regular, 106M humongous, Frag: 84% external, 2% internal; Reserve: 103M, Max: 1024K
[2024-08-29T23:17:53.213+0800] GC(110) Concurrent class unloading
[2024-08-29T23:17:53.213+0800] GC(110) Using 2 of 4 workers for concurrent class unloading
[2024-08-29T23:17:53.213+0800] GC(110) Concurrent class unloading 0.856ms
[2024-08-29T23:17:53.213+0800] GC(110) Pause Final Roots
[2024-08-29T23:17:53.213+0800] GC(110) Pause Final Roots 0.015ms
[2024-08-29T23:17:53.214+0800] Free: 640M, Max: 1024K regular, 106M humongous, Frag: 84% external, 2% internal; Reserve: 103M, Max: 1024K
[2024-08-29T23:17:53.214+0800] 
[2024-08-29T23:17:53.214+0800] All times are wall-clock times, except per-root-class counters, that are sum over
[2024-08-29T23:17:53.214+0800] all workers. Dividing the <total> over the root stage time estimates parallelism.
[2024-08-29T23:17:53.214+0800] 
[2024-08-29T23:17:53.214+0800] Concurrent Reset                   5072 us
[2024-08-29T23:17:53.214+0800] Pause Init Mark (G)                 221 us
[2024-08-29T23:17:53.214+0800] Pause Init Mark (N)                 117 us
[2024-08-29T23:17:53.214+0800]   Update Region States               45 us
[2024-08-29T23:17:53.214+0800] Concurrent Mark Roots               366 us, parallelism: 0.87x
[2024-08-29T23:17:53.214+0800]   CMR: <total>                      319 us
[2024-08-29T23:17:53.214+0800]   CMR: Thread Roots                 252 us, workers (us): 155,  97, ---, ---, 
[2024-08-29T23:17:53.214+0800]   CMR: VM Strong Roots                4 us, workers (us):   4,   0, ---, ---, 
[2024-08-29T23:17:53.214+0800]   CMR: CLDG Roots                    63 us, workers (us): ---,  63, ---, ---, 
[2024-08-29T23:17:53.214+0800] Concurrent Marking                 2374 us
[2024-08-29T23:17:53.214+0800] Pause Final Mark (G)                485 us
[2024-08-29T23:17:53.214+0800] Pause Final Mark (N)                401 us
[2024-08-29T23:17:53.214+0800]   Finish Mark                       210 us
[2024-08-29T23:17:53.214+0800]   Update Region States               69 us
[2024-08-29T23:17:53.214+0800]   Choose Collection Set              79 us
[2024-08-29T23:17:53.214+0800]   Rebuild Free Set                    9 us
[2024-08-29T23:17:53.214+0800] Concurrent Weak References          117 us, parallelism: 0.05x
[2024-08-29T23:17:53.214+0800]   CWRF: <total>                       6 us
[2024-08-29T23:17:53.214+0800]   CWRF: Weak References               6 us, workers (us):   6,   0, ---, ---, 
[2024-08-29T23:17:53.214+0800] Concurrent Weak Roots               359 us
[2024-08-29T23:17:53.214+0800]   Roots                             265 us, parallelism: 1.40x
[2024-08-29T23:17:53.214+0800]     CWR: <total>                    371 us
[2024-08-29T23:17:53.214+0800]     CWR: Code Cache Roots           320 us, workers (us): 153, 167, ---, ---, 
[2024-08-29T23:17:53.214+0800]     CWR: VM Weak Roots               49 us, workers (us):  31,  18, ---, ---, 
[2024-08-29T23:17:53.214+0800]     CWR: CLDG Roots                   3 us, workers (us): ---,   3, ---, ---, 
[2024-08-29T23:17:53.214+0800]   Rendezvous                         61 us
[2024-08-29T23:17:53.214+0800] Concurrent Cleanup                   78 us
[2024-08-29T23:17:53.214+0800] Concurrent Class Unloading          874 us
[2024-08-29T23:17:53.214+0800]   Unlink Stale                      669 us
[2024-08-29T23:17:53.214+0800]     System Dictionary                 2 us
[2024-08-29T23:17:53.214+0800]     Weak Class Links                  0 us
[2024-08-29T23:17:53.214+0800]     Code Roots                      666 us
[2024-08-29T23:17:53.214+0800]   Rendezvous                         84 us
[2024-08-29T23:17:53.214+0800]   Purge Unlinked                     91 us
[2024-08-29T23:17:53.214+0800]     Code Roots                       78 us
[2024-08-29T23:17:53.214+0800]     CLDG                             12 us
[2024-08-29T23:17:53.214+0800]     Exception Caches                  0 us
[2024-08-29T23:17:53.214+0800] Pause Final Roots (G)                93 us
[2024-08-29T23:17:53.214+0800] Pause Final Roots (N)                23 us
[2024-08-29T23:17:53.214+0800] 
[2024-08-29T23:17:53.214+0800] Allocation pacing accrued:
[2024-08-29T23:17:53.214+0800]       0 of   172 ms (  0.0%): <total>
[2024-08-29T23:17:53.214+0800]       0 of   172 ms (  0.0%): <average total>
[2024-08-29T23:17:53.214+0800] 
[2024-08-29T23:17:53.214+0800] Metaspace: 1651K(1792K)->1651K(1792K) NonClass: 1531K(1600K)->1531K(1600K) Class: 119K(192K)->119K(192K)
[2024-08-29T23:17:53.214+0800] Pacer for Idle. Initial: 41943K, Alloc Tax Rate: 1.0x
[2024-08-29T23:17:53.382+0800] Trigger: Free (202M) is below minimum threshold (204M)
[2024-08-29T23:17:53.382+0800] Free: 197M, Max: 1024K regular, 106M humongous, Frag: 45% external, 8% internal; Reserve: 103M, Max: 1024K
[2024-08-29T23:17:53.383+0800] GC(111) Concurrent reset
[2024-08-29T23:17:53.383+0800] GC(111) Using 2 of 4 workers for concurrent reset
[2024-08-29T23:17:53.383+0800] GC(111) Pacer for Reset. Non-Taxable: 2048M
[2024-08-29T23:17:53.387+0800] GC(111) Concurrent reset 4.738ms
[2024-08-29T23:17:53.387+0800] GC(111) Pause Init Mark (unload classes)
[2024-08-29T23:17:53.387+0800] GC(111) Using 4 of 4 workers for init marking
[2024-08-29T23:17:53.387+0800] GC(111) Pacer for Mark. Expected Live: 1134M, Free: 194M, Non-Taxable: 19891K, Alloc Tax Rate: 7.1x
[2024-08-29T23:17:53.387+0800] GC(111) Pause Init Mark (unload classes) 0.093ms
[2024-08-29T23:17:53.388+0800] GC(111) Concurrent marking roots
[2024-08-29T23:17:53.388+0800] GC(111) Using 2 of 4 workers for concurrent marking roots
[2024-08-29T23:17:53.388+0800] GC(111) Concurrent marking roots 0.217ms
[2024-08-29T23:17:53.388+0800] GC(111) Concurrent marking (unload classes)
[2024-08-29T23:17:53.388+0800] GC(111) Using 2 of 4 workers for concurrent marking
[2024-08-29T23:17:53.391+0800] GC(111) Concurrent marking (unload classes) 2.857ms
[2024-08-29T23:17:53.391+0800] GC(111) Pause Final Mark (unload classes)
[2024-08-29T23:17:53.391+0800] GC(111) Using 4 of 4 workers for final marking
[2024-08-29T23:17:53.391+0800] GC(111) Collectable Garbage: 378M (95%), Immediate: 378M (95%), CSet: 0B (0%)
[2024-08-29T23:17:53.391+0800] GC(111) Pause Final Mark (unload classes) 0.312ms
[2024-08-29T23:17:53.391+0800] GC(111) Concurrent weak references
[2024-08-29T23:17:53.391+0800] GC(111) Using 2 of 4 workers for concurrent weak references
[2024-08-29T23:17:53.391+0800] GC(111) Encountered references: Soft: 178, Weak: 297, Final: 0, Phantom: 5
[2024-08-29T23:17:53.391+0800] GC(111) Discovered  references: Soft: 0, Weak: 123, Final: 0, Phantom: 3
[2024-08-29T23:17:53.391+0800] GC(111) Enqueued    references: Soft: 0, Weak: 0, Final: 0, Phantom: 0
[2024-08-29T23:17:53.391+0800] GC(111) Concurrent weak references 0.107ms
[2024-08-29T23:17:53.391+0800] GC(111) Concurrent weak roots
[2024-08-29T23:17:53.391+0800] GC(111) Using 2 of 4 workers for concurrent weak root
[2024-08-29T23:17:53.392+0800] GC(111) Concurrent weak roots 0.711ms
[2024-08-29T23:17:53.392+0800] GC(111) Concurrent cleanup
[2024-08-29T23:17:53.392+0800] GC(111) Concurrent cleanup 1527M->1149M(2048M) 0.060ms
[2024-08-29T23:17:53.392+0800] GC(111) Free: 616M, Max: 1024K regular, 106M humongous, Frag: 83% external, 2% internal; Reserve: 103M, Max: 1024K
[2024-08-29T23:17:53.392+0800] GC(111) Concurrent class unloading
[2024-08-29T23:17:53.392+0800] GC(111) Using 2 of 4 workers for concurrent class unloading
[2024-08-29T23:17:53.393+0800] GC(111) Concurrent class unloading 1.172ms
[2024-08-29T23:17:53.394+0800] GC(111) Pause Final Roots
[2024-08-29T23:17:53.394+0800] GC(111) Pause Final Roots 0.025ms
[2024-08-29T23:17:53.394+0800] Free: 607M, Max: 1024K regular, 106M humongous, Frag: 83% external, 2% internal; Reserve: 103M, Max: 1024K
[2024-08-29T23:17:53.394+0800] 
[2024-08-29T23:17:53.394+0800] All times are wall-clock times, except per-root-class counters, that are sum over
[2024-08-29T23:17:53.394+0800] all workers. Dividing the <total> over the root stage time estimates parallelism.
[2024-08-29T23:17:53.394+0800] 
[2024-08-29T23:17:53.394+0800] Concurrent Reset                   4797 us
[2024-08-29T23:17:53.395+0800] Pause Init Mark (G)                 211 us
[2024-08-29T23:17:53.395+0800] Pause Init Mark (N)                 100 us
[2024-08-29T23:17:53.395+0800]   Update Region States               47 us
[2024-08-29T23:17:53.395+0800] Concurrent Mark Roots               226 us, parallelism: 1.05x
[2024-08-29T23:17:53.395+0800]   CMR: <total>                      237 us
[2024-08-29T23:17:53.395+0800]   CMR: Thread Roots                 190 us, workers (us):  81, 109, ---, ---, 
[2024-08-29T23:17:53.395+0800]   CMR: VM Strong Roots                4 us, workers (us):   4,   0, ---, ---, 
[2024-08-29T23:17:53.395+0800]   CMR: CLDG Roots                    43 us, workers (us):  43, ---, ---, ---, 
[2024-08-29T23:17:53.395+0800] Concurrent Marking                 2894 us
[2024-08-29T23:17:53.395+0800] Pause Final Mark (G)                402 us
[2024-08-29T23:17:53.395+0800] Pause Final Mark (N)                320 us
[2024-08-29T23:17:53.395+0800]   Finish Mark                       150 us
[2024-08-29T23:17:53.395+0800]   Update Region States               44 us
[2024-08-29T23:17:53.395+0800]   Choose Collection Set              85 us
[2024-08-29T23:17:53.395+0800]   Rebuild Free Set                    9 us
[2024-08-29T23:17:53.395+0800] Concurrent Weak References          114 us, parallelism: 0.05x
[2024-08-29T23:17:53.395+0800]   CWRF: <total>                       6 us
[2024-08-29T23:17:53.395+0800]   CWRF: Weak References               6 us, workers (us):   6,   0, ---, ---, 
[2024-08-29T23:17:53.395+0800] Concurrent Weak Roots               727 us
[2024-08-29T23:17:53.395+0800]   Roots                             632 us, parallelism: 1.70x
[2024-08-29T23:17:53.395+0800]     CWR: <total>                   1071 us
[2024-08-29T23:17:53.395+0800]     CWR: Code Cache Roots           989 us, workers (us): 474, 514, ---, ---, 
[2024-08-29T23:17:53.395+0800]     CWR: VM Weak Roots               80 us, workers (us):  44,  36, ---, ---, 
[2024-08-29T23:17:53.395+0800]     CWR: CLDG Roots                   3 us, workers (us):   3, ---, ---, ---, 
[2024-08-29T23:17:53.395+0800]   Rendezvous                         67 us
[2024-08-29T23:17:53.395+0800] Concurrent Cleanup                   66 us
[2024-08-29T23:17:53.395+0800] Concurrent Class Unloading         1188 us
[2024-08-29T23:17:53.395+0800]   Unlink Stale                      975 us
[2024-08-29T23:17:53.395+0800]     System Dictionary                 2 us
[2024-08-29T23:17:53.395+0800]     Weak Class Links                  0 us
[2024-08-29T23:17:53.395+0800]     Code Roots                      972 us
[2024-08-29T23:17:53.395+0800]   Rendezvous                        104 us
[2024-08-29T23:17:53.395+0800]   Purge Unlinked                     84 us
[2024-08-29T23:17:53.395+0800]     Code Roots                       81 us
[2024-08-29T23:17:53.395+0800]     CLDG                              3 us
[2024-08-29T23:17:53.395+0800]     Exception Caches                  0 us
[2024-08-29T23:17:53.395+0800] Pause Final Roots (G)              1271 us
[2024-08-29T23:17:53.395+0800] Pause Final Roots (N)                31 us
[2024-08-29T23:17:53.395+0800] 
[2024-08-29T23:17:53.395+0800] Allocation pacing accrued:
[2024-08-29T23:17:53.395+0800]       0 of   181 ms (  0.0%): <total>
[2024-08-29T23:17:53.395+0800]       0 of   181 ms (  0.0%): <average total>
[2024-08-29T23:17:53.395+0800] 
[2024-08-29T23:17:53.395+0800] Metaspace: 1651K(1792K)->1651K(1792K) NonClass: 1531K(1600K)->1531K(1600K) Class: 119K(192K)->119K(192K)
[2024-08-29T23:17:53.395+0800] Pacer for Idle. Initial: 41943K, Alloc Tax Rate: 1.0x
[2024-08-29T23:17:53.567+0800] Trigger: Free (200M) is below minimum threshold (204M)
[2024-08-29T23:17:53.567+0800] Free: 200M, Max: 1024K regular, 106M humongous, Frag: 47% external, 4% internal; Reserve: 103M, Max: 1024K
[2024-08-29T23:17:53.567+0800] GC(112) Concurrent reset
[2024-08-29T23:17:53.567+0800] GC(112) Using 2 of 4 workers for concurrent reset
[2024-08-29T23:17:53.567+0800] GC(112) Pacer for Reset. Non-Taxable: 2048M
[2024-08-29T23:17:53.572+0800] GC(112) Concurrent reset 4.983ms
[2024-08-29T23:17:53.573+0800] GC(112) Pause Init Mark (unload classes)
[2024-08-29T23:17:53.573+0800] GC(112) Using 4 of 4 workers for init marking
[2024-08-29T23:17:53.573+0800] GC(112) Pacer for Mark. Expected Live: 1127M, Free: 190M, Non-Taxable: 19529K, Alloc Tax Rate: 7.2x
[2024-08-29T23:17:53.573+0800] GC(112) Pause Init Mark (unload classes) 0.096ms
[2024-08-29T23:17:53.573+0800] GC(112) Concurrent marking roots
[2024-08-29T23:17:53.573+0800] GC(112) Using 2 of 4 workers for concurrent marking roots
[2024-08-29T23:17:53.573+0800] GC(112) Concurrent marking roots 0.189ms
[2024-08-29T23:17:53.573+0800] GC(112) Concurrent marking (unload classes)
[2024-08-29T23:17:53.573+0800] GC(112) Using 2 of 4 workers for concurrent marking
[2024-08-29T23:17:53.575+0800] GC(112) Concurrent marking (unload classes) 1.881ms
[2024-08-29T23:17:53.575+0800] GC(112) Pause Final Mark (unload classes)
[2024-08-29T23:17:53.575+0800] GC(112) Using 4 of 4 workers for final marking
[2024-08-29T23:17:53.575+0800] GC(112) Collectable Garbage: 388M (95%), Immediate: 388M (95%), CSet: 0B (0%)
[2024-08-29T23:17:53.575+0800] GC(112) Pause Final Mark (unload classes) 0.462ms
[2024-08-29T23:17:53.575+0800] GC(112) Concurrent weak references
[2024-08-29T23:17:53.575+0800] GC(112) Using 2 of 4 workers for concurrent weak references
[2024-08-29T23:17:53.575+0800] GC(112) Encountered references: Soft: 178, Weak: 297, Final: 0, Phantom: 5
[2024-08-29T23:17:53.575+0800] GC(112) Discovered  references: Soft: 0, Weak: 142, Final: 0, Phantom: 5
[2024-08-29T23:17:53.575+0800] GC(112) Enqueued    references: Soft: 0, Weak: 0, Final: 0, Phantom: 0
[2024-08-29T23:17:53.575+0800] GC(112) Concurrent weak references 0.072ms
[2024-08-29T23:17:53.575+0800] GC(112) Concurrent weak roots
[2024-08-29T23:17:53.575+0800] GC(112) Using 2 of 4 workers for concurrent weak root
[2024-08-29T23:17:53.576+0800] GC(112) Concurrent weak roots 0.285ms
[2024-08-29T23:17:53.576+0800] GC(112) Concurrent cleanup
[2024-08-29T23:17:53.576+0800] GC(112) Concurrent cleanup 1520M->1131M(2048M) 0.073ms
[2024-08-29T23:17:53.576+0800] GC(112) Free: 638M, Max: 1024K regular, 106M humongous, Frag: 84% external, 2% internal; Reserve: 103M, Max: 1024K
[2024-08-29T23:17:53.576+0800] GC(112) Concurrent class unloading
[2024-08-29T23:17:53.576+0800] GC(112) Using 2 of 4 workers for concurrent class unloading
[2024-08-29T23:17:53.576+0800] GC(112) Concurrent class unloading 0.624ms
[2024-08-29T23:17:53.576+0800] GC(112) Pause Final Roots
[2024-08-29T23:17:53.577+0800] GC(112) Pause Final Roots 0.013ms
[2024-08-29T23:17:53.577+0800] Free: 636M, Max: 1024K regular, 106M humongous, Frag: 84% external, 2% internal; Reserve: 103M, Max: 1024K
[2024-08-29T23:17:53.577+0800] 
[2024-08-29T23:17:53.577+0800] All times are wall-clock times, except per-root-class counters, that are sum over
[2024-08-29T23:17:53.577+0800] all workers. Dividing the <total> over the root stage time estimates parallelism.
[2024-08-29T23:17:53.577+0800] 
[2024-08-29T23:17:53.577+0800] Concurrent Reset                   5134 us
[2024-08-29T23:17:53.577+0800] Pause Init Mark (G)                 191 us
[2024-08-29T23:17:53.577+0800] Pause Init Mark (N)                 102 us
[2024-08-29T23:17:53.577+0800]   Update Region States               57 us
[2024-08-29T23:17:53.577+0800] Concurrent Mark Roots               202 us, parallelism: 1.21x
[2024-08-29T23:17:53.577+0800]   CMR: <total>                      245 us
[2024-08-29T23:17:53.577+0800]   CMR: Thread Roots                 195 us, workers (us):  80, 115, ---, ---, 
[2024-08-29T23:17:53.577+0800]   CMR: VM Strong Roots                5 us, workers (us):   5,   0, ---, ---, 
[2024-08-29T23:17:53.577+0800]   CMR: CLDG Roots                    45 us, workers (us):  45, ---, ---, ---, 
[2024-08-29T23:17:53.577+0800] Concurrent Marking                 1918 us
[2024-08-29T23:17:53.577+0800] Pause Final Mark (G)                540 us
[2024-08-29T23:17:53.577+0800] Pause Final Mark (N)                470 us
[2024-08-29T23:17:53.577+0800]   Finish Mark                       293 us
[2024-08-29T23:17:53.577+0800]   Update Region States               51 us
[2024-08-29T23:17:53.577+0800]   Choose Collection Set              87 us
[2024-08-29T23:17:53.577+0800]   Rebuild Free Set                    8 us
[2024-08-29T23:17:53.577+0800] Concurrent Weak References           78 us, parallelism: 0.07x
[2024-08-29T23:17:53.577+0800]   CWRF: <total>                       6 us
[2024-08-29T23:17:53.577+0800]   CWRF: Weak References               6 us, workers (us):   4,   1, ---, ---, 
[2024-08-29T23:17:53.577+0800] Concurrent Weak Roots               297 us
[2024-08-29T23:17:53.577+0800]   Roots                             208 us, parallelism: 1.44x
[2024-08-29T23:17:53.577+0800]     CWR: <total>                    300 us
[2024-08-29T23:17:53.577+0800]     CWR: Code Cache Roots           247 us, workers (us): 123, 125, ---, ---, 
[2024-08-29T23:17:53.577+0800]     CWR: VM Weak Roots               50 us, workers (us):  27,  23, ---, ---, 
[2024-08-29T23:17:53.577+0800]     CWR: CLDG Roots                   2 us, workers (us):   2, ---, ---, ---, 
[2024-08-29T23:17:53.577+0800]   Rendezvous                         65 us
[2024-08-29T23:17:53.577+0800] Concurrent Cleanup                   80 us
[2024-08-29T23:17:53.577+0800] Concurrent Class Unloading          637 us
[2024-08-29T23:17:53.577+0800]   Unlink Stale                      534 us
[2024-08-29T23:17:53.577+0800]     System Dictionary                 3 us
[2024-08-29T23:17:53.577+0800]     Weak Class Links                  0 us
[2024-08-29T23:17:53.577+0800]     Code Roots                      531 us
[2024-08-29T23:17:53.577+0800]   Rendezvous                         44 us
[2024-08-29T23:17:53.577+0800]   Purge Unlinked                     34 us
[2024-08-29T23:17:53.577+0800]     Code Roots                       31 us
[2024-08-29T23:17:53.577+0800]     CLDG                              3 us
[2024-08-29T23:17:53.577+0800]     Exception Caches                  0 us
[2024-08-29T23:17:53.577+0800] Pause Final Roots (G)                74 us
[2024-08-29T23:17:53.577+0800] Pause Final Roots (N)                19 us
[2024-08-29T23:17:53.577+0800] 
[2024-08-29T23:17:53.577+0800] Allocation pacing accrued:
[2024-08-29T23:17:53.577+0800]       0 of   182 ms (  0.0%): <total>
[2024-08-29T23:17:53.577+0800]       0 of   182 ms (  0.0%): <average total>
[2024-08-29T23:17:53.577+0800] 
[2024-08-29T23:17:53.577+0800] Metaspace: 1651K(1792K)->1651K(1792K) NonClass: 1531K(1600K)->1531K(1600K) Class: 119K(192K)->119K(192K)
[2024-08-29T23:17:53.577+0800] Pacer for Idle. Initial: 41943K, Alloc Tax Rate: 1.0x
[2024-08-29T23:17:53.754+0800] Trigger: Free (198M) is below minimum threshold (204M)
[2024-08-29T23:17:53.755+0800] Free: 198M, Max: 1024K regular, 106M humongous, Frag: 47% external, 0% internal; Reserve: 103M, Max: 1024K
[2024-08-29T23:17:53.755+0800] GC(113) Concurrent reset
[2024-08-29T23:17:53.755+0800] GC(113) Using 2 of 4 workers for concurrent reset
[2024-08-29T23:17:53.755+0800] GC(113) Pacer for Reset. Non-Taxable: 2048M
[2024-08-29T23:17:53.760+0800] GC(113) Concurrent reset 5.828ms
[2024-08-29T23:17:53.761+0800] GC(113) Pause Init Mark (unload classes)
[2024-08-29T23:17:53.761+0800] GC(113) Using 4 of 4 workers for init marking
[2024-08-29T23:17:53.761+0800] GC(113) Pacer for Mark. Expected Live: 1127M, Free: 182M, Non-Taxable: 18650K, Alloc Tax Rate: 7.6x
[2024-08-29T23:17:53.761+0800] GC(113) Pause Init Mark (unload classes) 0.115ms
[2024-08-29T23:17:53.761+0800] GC(113) Concurrent marking roots
[2024-08-29T23:17:53.761+0800] GC(113) Using 2 of 4 workers for concurrent marking roots
[2024-08-29T23:17:53.761+0800] GC(113) Concurrent marking roots 0.213ms
[2024-08-29T23:17:53.761+0800] GC(113) Concurrent marking (unload classes)
[2024-08-29T23:17:53.761+0800] GC(113) Using 2 of 4 workers for concurrent marking
[2024-08-29T23:17:53.764+0800] GC(113) Concurrent marking (unload classes) 2.937ms
[2024-08-29T23:17:53.764+0800] GC(113) Pause Final Mark (unload classes)
[2024-08-29T23:17:53.764+0800] GC(113) Using 4 of 4 workers for final marking
[2024-08-29T23:17:53.764+0800] GC(113) Collectable Garbage: 372M (95%), Immediate: 372M (95%), CSet: 0B (0%)
[2024-08-29T23:17:53.764+0800] GC(113) Pause Final Mark (unload classes) 0.232ms
[2024-08-29T23:17:53.764+0800] GC(113) Concurrent weak references
[2024-08-29T23:17:53.764+0800] GC(113) Using 2 of 4 workers for concurrent weak references
[2024-08-29T23:17:53.765+0800] GC(113) Encountered references: Soft: 178, Weak: 297, Final: 0, Phantom: 5
[2024-08-29T23:17:53.765+0800] GC(113) Discovered  references: Soft: 0, Weak: 113, Final: 0, Phantom: 5
[2024-08-29T23:17:53.765+0800] GC(113) Enqueued    references: Soft: 0, Weak: 0, Final: 0, Phantom: 0
[2024-08-29T23:17:53.765+0800] GC(113) Concurrent weak references 0.078ms
[2024-08-29T23:17:53.765+0800] GC(113) Concurrent weak roots
[2024-08-29T23:17:53.765+0800] GC(113) Using 2 of 4 workers for concurrent weak root
[2024-08-29T23:17:53.765+0800] GC(113) Concurrent weak roots 0.425ms
[2024-08-29T23:17:53.765+0800] GC(113) Concurrent cleanup
[2024-08-29T23:17:53.765+0800] GC(113) Concurrent cleanup 1537M->1165M(2048M) 0.059ms
[2024-08-29T23:17:53.765+0800] GC(113) Free: 602M, Max: 1024K regular, 106M humongous, Frag: 83% external, 2% internal; Reserve: 103M, Max: 1024K
[2024-08-29T23:17:53.765+0800] GC(113) Concurrent class unloading
[2024-08-29T23:17:53.765+0800] GC(113) Using 2 of 4 workers for concurrent class unloading
[2024-08-29T23:17:53.766+0800] GC(113) Concurrent class unloading 0.740ms
[2024-08-29T23:17:53.766+0800] GC(113) Pause Final Roots
[2024-08-29T23:17:53.766+0800] GC(113) Pause Final Roots 0.007ms
[2024-08-29T23:17:53.766+0800] Free: 602M, Max: 1024K regular, 106M humongous, Frag: 83% external, 2% internal; Reserve: 103M, Max: 1024K
[2024-08-29T23:17:53.766+0800] 
[2024-08-29T23:17:53.766+0800] All times are wall-clock times, except per-root-class counters, that are sum over
[2024-08-29T23:17:53.766+0800] all workers. Dividing the <total> over the root stage time estimates parallelism.
[2024-08-29T23:17:53.766+0800] 
[2024-08-29T23:17:53.766+0800] Concurrent Reset                   5922 us
[2024-08-29T23:17:53.766+0800] Pause Init Mark (G)                 473 us
[2024-08-29T23:17:53.766+0800] Pause Init Mark (N)                 121 us
[2024-08-29T23:17:53.766+0800]   Update Region States               42 us
[2024-08-29T23:17:53.766+0800] Concurrent Mark Roots               223 us, parallelism: 0.93x
[2024-08-29T23:17:53.766+0800]   CMR: <total>                      206 us
[2024-08-29T23:17:53.766+0800]   CMR: Thread Roots                 154 us, workers (us):  58,  96, ---, ---, 
[2024-08-29T23:17:53.766+0800]   CMR: VM Strong Roots                5 us, workers (us):   5,   0, ---, ---, 
[2024-08-29T23:17:53.766+0800]   CMR: CLDG Roots                    47 us, workers (us):  47, ---, ---, ---, 
[2024-08-29T23:17:53.766+0800] Concurrent Marking                 2966 us
[2024-08-29T23:17:53.766+0800] Pause Final Mark (G)                270 us
[2024-08-29T23:17:53.766+0800] Pause Final Mark (N)                239 us
[2024-08-29T23:17:53.766+0800]   Finish Mark                        85 us
[2024-08-29T23:17:53.766+0800]   Update Region States               41 us
[2024-08-29T23:17:53.766+0800]   Choose Collection Set              80 us
[2024-08-29T23:17:53.766+0800]   Rebuild Free Set                    9 us
[2024-08-29T23:17:53.766+0800] Concurrent Weak References           83 us, parallelism: 0.04x
[2024-08-29T23:17:53.766+0800]   CWRF: <total>                       4 us
[2024-08-29T23:17:53.766+0800]   CWRF: Weak References               4 us, workers (us):   4,   0, ---, ---, 
[2024-08-29T23:17:53.766+0800] Concurrent Weak Roots               433 us
[2024-08-29T23:17:53.766+0800]   Roots                             393 us, parallelism: 0.95x
[2024-08-29T23:17:53.766+0800]     CWR: <total>                    372 us
[2024-08-29T23:17:53.766+0800]     CWR: Code Cache Roots           327 us, workers (us): 326,   0, ---, ---, 
[2024-08-29T23:17:53.766+0800]     CWR: VM Weak Roots               43 us, workers (us):  43,   0, ---, ---, 
[2024-08-29T23:17:53.766+0800]     CWR: CLDG Roots                   2 us, workers (us):   2, ---, ---, ---, 
[2024-08-29T23:17:53.766+0800]   Rendezvous                         22 us
[2024-08-29T23:17:53.766+0800] Concurrent Cleanup                   64 us
[2024-08-29T23:17:53.766+0800] Concurrent Class Unloading          756 us
[2024-08-29T23:17:53.766+0800]   Unlink Stale                      685 us
[2024-08-29T23:17:53.766+0800]     System Dictionary                 2 us
[2024-08-29T23:17:53.766+0800]     Weak Class Links                  0 us
[2024-08-29T23:17:53.766+0800]     Code Roots                      683 us
[2024-08-29T23:17:53.766+0800]   Rendezvous                         19 us
[2024-08-29T23:17:53.766+0800]   Purge Unlinked                     27 us
[2024-08-29T23:17:53.766+0800]     Code Roots                       23 us
[2024-08-29T23:17:53.766+0800]     CLDG                              3 us
[2024-08-29T23:17:53.766+0800]     Exception Caches                  0 us
[2024-08-29T23:17:53.766+0800] Pause Final Roots (G)                40 us
[2024-08-29T23:17:53.766+0800] Pause Final Roots (N)                11 us
[2024-08-29T23:17:53.766+0800] 
[2024-08-29T23:17:53.766+0800] Allocation pacing accrued:
[2024-08-29T23:17:53.766+0800]       0 of   189 ms (  0.0%): <total>
[2024-08-29T23:17:53.766+0800]       0 of   189 ms (  0.0%): <average total>
[2024-08-29T23:17:53.766+0800] 
[2024-08-29T23:17:53.766+0800] Metaspace: 1651K(1792K)->1651K(1792K) NonClass: 1531K(1600K)->1531K(1600K) Class: 119K(192K)->119K(192K)
[2024-08-29T23:17:53.766+0800] Pacer for Idle. Initial: 41943K, Alloc Tax Rate: 1.0x
[2024-08-29T23:17:53.931+0800] Trigger: Free (194M) is below minimum threshold (204M)
[2024-08-29T23:17:53.931+0800] Free: 194M, Max: 1024K regular, 106M humongous, Frag: 46% external, 2% internal; Reserve: 103M, Max: 1024K
[2024-08-29T23:17:53.932+0800] GC(114) Concurrent reset
[2024-08-29T23:17:53.932+0800] GC(114) Using 2 of 4 workers for concurrent reset
[2024-08-29T23:17:53.932+0800] GC(114) Pacer for Reset. Non-Taxable: 2048M
[2024-08-29T23:17:53.936+0800] GC(114) Concurrent reset 4.767ms
[2024-08-29T23:17:53.936+0800] GC(114) Pause Init Mark (unload classes)
[2024-08-29T23:17:53.936+0800] GC(114) Using 4 of 4 workers for init marking
[2024-08-29T23:17:53.936+0800] GC(114) Pacer for Mark. Expected Live: 1125M, Free: 188M, Non-Taxable: 19318K, Alloc Tax Rate: 7.3x
[2024-08-29T23:17:53.936+0800] GC(114) Pause Init Mark (unload classes) 0.079ms
[2024-08-29T23:17:53.937+0800] GC(114) Concurrent marking roots
[2024-08-29T23:17:53.937+0800] GC(114) Using 2 of 4 workers for concurrent marking roots
[2024-08-29T23:17:53.937+0800] GC(114) Concurrent marking roots 0.194ms
[2024-08-29T23:17:53.937+0800] GC(114) Concurrent marking (unload classes)
[2024-08-29T23:17:53.937+0800] GC(114) Using 2 of 4 workers for concurrent marking
[2024-08-29T23:17:53.939+0800] GC(114) Concurrent marking (unload classes) 1.898ms
[2024-08-29T23:17:53.939+0800] GC(114) Pause Final Mark (unload classes)
[2024-08-29T23:17:53.939+0800] GC(114) Using 4 of 4 workers for final marking
[2024-08-29T23:17:53.939+0800] GC(114) Collectable Garbage: 419M (96%), Immediate: 419M (96%), CSet: 0B (0%)
[2024-08-29T23:17:53.939+0800] GC(114) Pause Final Mark (unload classes) 0.205ms
[2024-08-29T23:17:53.939+0800] GC(114) Concurrent weak references
[2024-08-29T23:17:53.939+0800] GC(114) Using 2 of 4 workers for concurrent weak references
[2024-08-29T23:17:53.939+0800] GC(114) Encountered references: Soft: 178, Weak: 297, Final: 0, Phantom: 5
[2024-08-29T23:17:53.939+0800] GC(114) Discovered  references: Soft: 0, Weak: 139, Final: 0, Phantom: 5
[2024-08-29T23:17:53.939+0800] GC(114) Enqueued    references: Soft: 0, Weak: 0, Final: 0, Phantom: 0
[2024-08-29T23:17:53.939+0800] GC(114) Concurrent weak references 0.098ms
[2024-08-29T23:17:53.939+0800] GC(114) Concurrent weak roots
[2024-08-29T23:17:53.939+0800] GC(114) Using 2 of 4 workers for concurrent weak root
[2024-08-29T23:17:53.941+0800] GC(114) Concurrent weak roots 1.553ms
[2024-08-29T23:17:53.941+0800] GC(114) Concurrent cleanup
[2024-08-29T23:17:53.941+0800] GC(114) Concurrent cleanup 1531M->1111M(2048M) 0.060ms
[2024-08-29T23:17:53.941+0800] GC(114) Free: 669M, Max: 1024K regular, 106M humongous, Frag: 85% external, 1% internal; Reserve: 103M, Max: 1024K
[2024-08-29T23:17:53.941+0800] GC(114) Concurrent class unloading
[2024-08-29T23:17:53.941+0800] GC(114) Using 2 of 4 workers for concurrent class unloading
[2024-08-29T23:17:53.942+0800] GC(114) Concurrent class unloading 1.178ms
[2024-08-29T23:17:53.942+0800] GC(114) Pause Final Roots
[2024-08-29T23:17:53.942+0800] GC(114) Pause Final Roots 0.012ms
[2024-08-29T23:17:53.942+0800] Free: 664M, Max: 1024K regular, 106M humongous, Frag: 84% external, 1% internal; Reserve: 103M, Max: 1024K
[2024-08-29T23:17:53.942+0800] 
[2024-08-29T23:17:53.942+0800] All times are wall-clock times, except per-root-class counters, that are sum over
[2024-08-29T23:17:53.942+0800] all workers. Dividing the <total> over the root stage time estimates parallelism.
[2024-08-29T23:17:53.942+0800] 
[2024-08-29T23:17:53.942+0800] Concurrent Reset                   4817 us
[2024-08-29T23:17:53.942+0800] Pause Init Mark (G)                 181 us
[2024-08-29T23:17:53.942+0800] Pause Init Mark (N)                  84 us
[2024-08-29T23:17:53.942+0800]   Update Region States               37 us
[2024-08-29T23:17:53.942+0800] Concurrent Mark Roots               204 us, parallelism: 0.99x
[2024-08-29T23:17:53.942+0800]   CMR: <total>                      202 us
[2024-08-29T23:17:53.942+0800]   CMR: Thread Roots                 169 us, workers (us):  71,  98, ---, ---, 
[2024-08-29T23:17:53.942+0800]   CMR: VM Strong Roots                4 us, workers (us):   4,   0, ---, ---, 
[2024-08-29T23:17:53.942+0800]   CMR: CLDG Roots                    29 us, workers (us):  29, ---, ---, ---, 
[2024-08-29T23:17:53.942+0800] Concurrent Marking                 1914 us
[2024-08-29T23:17:53.942+0800] Pause Final Mark (G)                270 us
[2024-08-29T23:17:53.942+0800] Pause Final Mark (N)                211 us
[2024-08-29T23:17:53.942+0800]   Finish Mark                        75 us
[2024-08-29T23:17:53.942+0800]   Update Region States               29 us
[2024-08-29T23:17:53.942+0800]   Choose Collection Set              72 us
[2024-08-29T23:17:53.942+0800]   Rebuild Free Set                    8 us
[2024-08-29T23:17:53.942+0800] Concurrent Weak References          105 us, parallelism: 0.03x
[2024-08-29T23:17:53.942+0800]   CWRF: <total>                       4 us
[2024-08-29T23:17:53.942+0800]   CWRF: Weak References               4 us, workers (us):   4,   0, ---, ---, 
[2024-08-29T23:17:53.942+0800] Concurrent Weak Roots              1567 us
[2024-08-29T23:17:53.942+0800]   Roots                             276 us, parallelism: 1.47x
[2024-08-29T23:17:53.942+0800]     CWR: <total>                    404 us
[2024-08-29T23:17:53.942+0800]     CWR: Code Cache Roots           361 us, workers (us): 184, 177, ---, ---, 
[2024-08-29T23:17:53.942+0800]     CWR: VM Weak Roots               42 us, workers (us):  27,  14, ---, ---, 
[2024-08-29T23:17:53.942+0800]     CWR: CLDG Roots                   2 us, workers (us):   2, ---, ---, ---, 
[2024-08-29T23:17:53.942+0800]   Rendezvous                       1265 us
[2024-08-29T23:17:53.942+0800] Concurrent Cleanup                   65 us
[2024-08-29T23:17:53.942+0800] Concurrent Class Unloading         1194 us
[2024-08-29T23:17:53.942+0800]   Unlink Stale                      932 us
[2024-08-29T23:17:53.942+0800]     System Dictionary                 2 us
[2024-08-29T23:17:53.942+0800]     Weak Class Links                  0 us
[2024-08-29T23:17:53.942+0800]     Code Roots                      928 us
[2024-08-29T23:17:53.942+0800]   Rendezvous                        147 us
[2024-08-29T23:17:53.942+0800]   Purge Unlinked                     89 us
[2024-08-29T23:17:53.942+0800]     Code Roots                       77 us
[2024-08-29T23:17:53.942+0800]     CLDG                             11 us
[2024-08-29T23:17:53.942+0800]     Exception Caches                  0 us
[2024-08-29T23:17:53.942+0800] Pause Final Roots (G)                67 us
[2024-08-29T23:17:53.942+0800] Pause Final Roots (N)                17 us
[2024-08-29T23:17:53.942+0800] 
[2024-08-29T23:17:53.942+0800] Allocation pacing accrued:
[2024-08-29T23:17:53.942+0800]       0 of   176 ms (  0.0%): <total>
[2024-08-29T23:17:53.942+0800]       0 of   176 ms (  0.0%): <average total>
[2024-08-29T23:17:53.942+0800] 
[2024-08-29T23:17:53.942+0800] Metaspace: 1651K(1792K)->1651K(1792K) NonClass: 1531K(1600K)->1531K(1600K) Class: 119K(192K)->119K(192K)
[2024-08-29T23:17:53.942+0800] Pacer for Idle. Initial: 41943K, Alloc Tax Rate: 1.0x
[2024-08-29T23:17:54.124+0800] Trigger: Free (203M) is below minimum threshold (204M)
[2024-08-29T23:17:54.124+0800] Free: 203M, Max: 1024K regular, 106M humongous, Frag: 48% external, 3% internal; Reserve: 103M, Max: 1024K
[2024-08-29T23:17:54.124+0800] GC(115) Concurrent reset
[2024-08-29T23:17:54.124+0800] GC(115) Using 2 of 4 workers for concurrent reset
[2024-08-29T23:17:54.124+0800] GC(115) Pacer for Reset. Non-Taxable: 2048M
[2024-08-29T23:17:54.128+0800] GC(115) Concurrent reset 4.156ms
[2024-08-29T23:17:54.128+0800] GC(115) Pause Init Mark (unload classes)
[2024-08-29T23:17:54.128+0800] GC(115) Using 4 of 4 workers for init marking
[2024-08-29T23:17:54.128+0800] GC(115) Pacer for Mark. Expected Live: 1108M, Free: 200M, Non-Taxable: 20579K, Alloc Tax Rate: 6.7x
[2024-08-29T23:17:54.128+0800] GC(115) Pause Init Mark (unload classes) 0.145ms
[2024-08-29T23:17:54.129+0800] GC(115) Concurrent marking roots
[2024-08-29T23:17:54.129+0800] GC(115) Using 2 of 4 workers for concurrent marking roots
[2024-08-29T23:17:54.129+0800] GC(115) Concurrent marking roots 0.233ms
[2024-08-29T23:17:54.129+0800] GC(115) Concurrent marking (unload classes)
[2024-08-29T23:17:54.129+0800] GC(115) Using 2 of 4 workers for concurrent marking
[2024-08-29T23:17:54.130+0800] GC(115) Concurrent marking (unload classes) 1.335ms
[2024-08-29T23:17:54.131+0800] GC(115) Pause Final Mark (unload classes)
[2024-08-29T23:17:54.131+0800] GC(115) Using 4 of 4 workers for final marking
[2024-08-29T23:17:54.131+0800] GC(115) Collectable Garbage: 391M (96%), Immediate: 391M (96%), CSet: 0B (0%)
[2024-08-29T23:17:54.131+0800] GC(115) Pause Final Mark (unload classes) 0.306ms
[2024-08-29T23:17:54.131+0800] GC(115) Concurrent weak references
[2024-08-29T23:17:54.131+0800] GC(115) Using 2 of 4 workers for concurrent weak references
[2024-08-29T23:17:54.131+0800] GC(115) Encountered references: Soft: 178, Weak: 297, Final: 0, Phantom: 5
[2024-08-29T23:17:54.131+0800] GC(115) Discovered  references: Soft: 0, Weak: 113, Final: 0, Phantom: 3
[2024-08-29T23:17:54.131+0800] GC(115) Enqueued    references: Soft: 0, Weak: 0, Final: 0, Phantom: 0
[2024-08-29T23:17:54.131+0800] GC(115) Concurrent weak references 0.133ms
[2024-08-29T23:17:54.131+0800] GC(115) Concurrent weak roots
[2024-08-29T23:17:54.131+0800] GC(115) Using 2 of 4 workers for concurrent weak root
[2024-08-29T23:17:54.132+0800] GC(115) Concurrent weak roots 0.335ms
[2024-08-29T23:17:54.132+0800] GC(115) Concurrent cleanup
[2024-08-29T23:17:54.132+0800] GC(115) Concurrent cleanup 1509M->1118M(2048M) 0.070ms
[2024-08-29T23:17:54.132+0800] GC(115) Free: 650M, Max: 1024K regular, 106M humongous, Frag: 84% external, 2% internal; Reserve: 103M, Max: 1024K
[2024-08-29T23:17:54.132+0800] GC(115) Concurrent class unloading
[2024-08-29T23:17:54.132+0800] GC(115) Using 2 of 4 workers for concurrent class unloading
[2024-08-29T23:17:54.133+0800] GC(115) Concurrent class unloading 1.329ms
[2024-08-29T23:17:54.133+0800] GC(115) Pause Final Roots
[2024-08-29T23:17:54.133+0800] GC(115) Pause Final Roots 0.014ms
[2024-08-29T23:17:54.133+0800] Free: 644M, Max: 1024K regular, 106M humongous, Frag: 84% external, 2% internal; Reserve: 103M, Max: 1024K
[2024-08-29T23:17:54.133+0800] 
[2024-08-29T23:17:54.133+0800] All times are wall-clock times, except per-root-class counters, that are sum over
[2024-08-29T23:17:54.133+0800] all workers. Dividing the <total> over the root stage time estimates parallelism.
[2024-08-29T23:17:54.133+0800] 
[2024-08-29T23:17:54.133+0800] Concurrent Reset                   4211 us
[2024-08-29T23:17:54.133+0800] Pause Init Mark (G)                 244 us
[2024-08-29T23:17:54.133+0800] Pause Init Mark (N)                 153 us
[2024-08-29T23:17:54.133+0800]   Update Region States              101 us
[2024-08-29T23:17:54.133+0800] Concurrent Mark Roots               245 us, parallelism: 1.03x
[2024-08-29T23:17:54.133+0800]   CMR: <total>                      253 us
[2024-08-29T23:17:54.133+0800]   CMR: Thread Roots                 215 us, workers (us):  95, 120, ---, ---, 
[2024-08-29T23:17:54.133+0800]   CMR: VM Strong Roots                4 us, workers (us):   3,   0, ---, ---, 
[2024-08-29T23:17:54.133+0800]   CMR: CLDG Roots                    34 us, workers (us):  34, ---, ---, ---, 
[2024-08-29T23:17:54.133+0800] Concurrent Marking                 1361 us
[2024-08-29T23:17:54.133+0800] Pause Final Mark (G)               1195 us
[2024-08-29T23:17:54.133+0800] Pause Final Mark (N)                313 us
[2024-08-29T23:17:54.134+0800]   Finish Mark                       118 us
[2024-08-29T23:17:54.134+0800]   Update Region States               62 us
[2024-08-29T23:17:54.134+0800]   Choose Collection Set              81 us
[2024-08-29T23:17:54.134+0800]   Rebuild Free Set                    9 us
[2024-08-29T23:17:54.134+0800] Concurrent Weak References          140 us, parallelism: 0.03x
[2024-08-29T23:17:54.134+0800]   CWRF: <total>                       4 us
[2024-08-29T23:17:54.134+0800]   CWRF: Weak References               4 us, workers (us):   4,   0, ---, ---, 
[2024-08-29T23:17:54.134+0800] Concurrent Weak Roots               346 us
[2024-08-29T23:17:54.134+0800]   Roots                             262 us, parallelism: 1.34x
[2024-08-29T23:17:54.134+0800]     CWR: <total>                    352 us
[2024-08-29T23:17:54.134+0800]     CWR: Code Cache Roots           300 us, workers (us): 139, 162, ---, ---, 
[2024-08-29T23:17:54.134+0800]     CWR: VM Weak Roots               49 us, workers (us):  35,  14, ---, ---, 
[2024-08-29T23:17:54.134+0800]     CWR: CLDG Roots                   3 us, workers (us): ---,   3, ---, ---, 
[2024-08-29T23:17:54.134+0800]   Rendezvous                         61 us
[2024-08-29T23:17:54.134+0800] Concurrent Cleanup                   77 us
[2024-08-29T23:17:54.134+0800] Concurrent Class Unloading         1348 us
[2024-08-29T23:17:54.134+0800]   Unlink Stale                     1168 us
[2024-08-29T23:17:54.134+0800]     System Dictionary                 3 us
[2024-08-29T23:17:54.134+0800]     Weak Class Links                  0 us
[2024-08-29T23:17:54.134+0800]     Code Roots                     1164 us
[2024-08-29T23:17:54.134+0800]   Rendezvous                         63 us
[2024-08-29T23:17:54.134+0800]   Purge Unlinked                     86 us
[2024-08-29T23:17:54.134+0800]     Code Roots                       72 us
[2024-08-29T23:17:54.134+0800]     CLDG                             14 us
[2024-08-29T23:17:54.134+0800]     Exception Caches                  0 us
[2024-08-29T23:17:54.134+0800] Pause Final Roots (G)                99 us
[2024-08-29T23:17:54.134+0800] Pause Final Roots (N)                35 us
[2024-08-29T23:17:54.134+0800] 
[2024-08-29T23:17:54.134+0800] Allocation pacing accrued:
[2024-08-29T23:17:54.134+0800]       0 of   192 ms (  0.0%): <total>
[2024-08-29T23:17:54.134+0800]       0 of   192 ms (  0.0%): <average total>
[2024-08-29T23:17:54.134+0800] 
[2024-08-29T23:17:54.134+0800] Metaspace: 1651K(1792K)->1651K(1792K) NonClass: 1531K(1600K)->1531K(1600K) Class: 119K(192K)->119K(192K)
[2024-08-29T23:17:54.134+0800] Pacer for Idle. Initial: 41943K, Alloc Tax Rate: 1.0x
[2024-08-29T23:17:54.322+0800] Trigger: Free (200M) is below minimum threshold (204M)
[2024-08-29T23:17:54.322+0800] Free: 196M, Max: 1024K regular, 106M humongous, Frag: 46% external, 3% internal; Reserve: 103M, Max: 1024K
[2024-08-29T23:17:54.322+0800] GC(116) Concurrent reset
[2024-08-29T23:17:54.322+0800] GC(116) Using 2 of 4 workers for concurrent reset
[2024-08-29T23:17:54.322+0800] GC(116) Pacer for Reset. Non-Taxable: 2048M
[2024-08-29T23:17:54.329+0800] GC(116) Concurrent reset 6.448ms
[2024-08-29T23:17:54.329+0800] GC(116) Pause Init Mark (unload classes)
[2024-08-29T23:17:54.329+0800] GC(116) Using 4 of 4 workers for init marking
[2024-08-29T23:17:54.329+0800] GC(116) Pacer for Mark. Expected Live: 1108M, Free: 182M, Non-Taxable: 18647K, Alloc Tax Rate: 7.4x
[2024-08-29T23:17:54.329+0800] GC(116) Pause Init Mark (unload classes) 0.097ms
[2024-08-29T23:17:54.329+0800] GC(116) Concurrent marking roots
[2024-08-29T23:17:54.329+0800] GC(116) Using 2 of 4 workers for concurrent marking roots
[2024-08-29T23:17:54.329+0800] GC(116) Concurrent marking roots 0.179ms
[2024-08-29T23:17:54.329+0800] GC(116) Concurrent marking (unload classes)
[2024-08-29T23:17:54.329+0800] GC(116) Using 2 of 4 workers for concurrent marking
[2024-08-29T23:17:54.331+0800] GC(116) Concurrent marking (unload classes) 1.998ms
[2024-08-29T23:17:54.331+0800] GC(116) Pause Final Mark (unload classes)
[2024-08-29T23:17:54.331+0800] GC(116) Using 4 of 4 workers for final marking
[2024-08-29T23:17:54.332+0800] GC(116) Collectable Garbage: 365M (95%), Immediate: 365M (95%), CSet: 0B (0%)
[2024-08-29T23:17:54.332+0800] GC(116) Pause Final Mark (unload classes) 0.271ms
[2024-08-29T23:17:54.332+0800] GC(116) Concurrent weak references
[2024-08-29T23:17:54.332+0800] GC(116) Using 2 of 4 workers for concurrent weak references
[2024-08-29T23:17:54.332+0800] GC(116) Encountered references: Soft: 178, Weak: 297, Final: 0, Phantom: 5
[2024-08-29T23:17:54.332+0800] GC(116) Discovered  references: Soft: 0, Weak: 117, Final: 0, Phantom: 5
[2024-08-29T23:17:54.332+0800] GC(116) Enqueued    references: Soft: 0, Weak: 0, Final: 0, Phantom: 0
[2024-08-29T23:17:54.332+0800] GC(116) Concurrent weak references 0.096ms
[2024-08-29T23:17:54.332+0800] GC(116) Concurrent weak roots
[2024-08-29T23:17:54.332+0800] GC(116) Using 2 of 4 workers for concurrent weak root
[2024-08-29T23:17:54.332+0800] GC(116) Concurrent weak roots 0.299ms
[2024-08-29T23:17:54.332+0800] GC(116) Concurrent cleanup
[2024-08-29T23:17:54.332+0800] GC(116) Concurrent cleanup 1526M->1164M(2048M) 0.075ms
[2024-08-29T23:17:54.332+0800] GC(116) Free: 597M, Max: 1024K regular, 101M humongous, Frag: 83% external, 2% internal; Reserve: 103M, Max: 1024K
[2024-08-29T23:17:54.332+0800] GC(116) Concurrent class unloading
[2024-08-29T23:17:54.332+0800] GC(116) Using 2 of 4 workers for concurrent class unloading
[2024-08-29T23:17:54.333+0800] GC(116) Concurrent class unloading 0.864ms
[2024-08-29T23:17:54.333+0800] GC(116) Pause Final Roots
[2024-08-29T23:17:54.333+0800] GC(116) Pause Final Roots 0.015ms
[2024-08-29T23:17:54.333+0800] Free: 596M, Max: 1024K regular, 101M humongous, Frag: 83% external, 2% internal; Reserve: 103M, Max: 1024K
[2024-08-29T23:17:54.333+0800] 
[2024-08-29T23:17:54.333+0800] All times are wall-clock times, except per-root-class counters, that are sum over
[2024-08-29T23:17:54.333+0800] all workers. Dividing the <total> over the root stage time estimates parallelism.
[2024-08-29T23:17:54.333+0800] 
[2024-08-29T23:17:54.333+0800] Concurrent Reset                   6562 us
[2024-08-29T23:17:54.333+0800] Pause Init Mark (G)                 251 us
[2024-08-29T23:17:54.333+0800] Pause Init Mark (N)                 105 us
[2024-08-29T23:17:54.333+0800]   Update Region States               47 us
[2024-08-29T23:17:54.333+0800] Concurrent Mark Roots               190 us, parallelism: 1.15x
[2024-08-29T23:17:54.333+0800]   CMR: <total>                      219 us
[2024-08-29T23:17:54.333+0800]   CMR: Thread Roots                 177 us, workers (us):  72, 105, ---, ---, 
[2024-08-29T23:17:54.333+0800]   CMR: VM Strong Roots                5 us, workers (us):   5,   0, ---, ---, 
[2024-08-29T23:17:54.333+0800]   CMR: CLDG Roots                    37 us, workers (us):  37, ---, ---, ---, 
[2024-08-29T23:17:54.333+0800] Concurrent Marking                 2040 us
[2024-08-29T23:17:54.333+0800] Pause Final Mark (G)                366 us
[2024-08-29T23:17:54.333+0800] Pause Final Mark (N)                280 us
[2024-08-29T23:17:54.333+0800]   Finish Mark                       123 us
[2024-08-29T23:17:54.333+0800]   Update Region States               32 us
[2024-08-29T23:17:54.333+0800]   Choose Collection Set              80 us
[2024-08-29T23:17:54.333+0800]   Rebuild Free Set                    9 us
[2024-08-29T23:17:54.333+0800] Concurrent Weak References          102 us, parallelism: 0.04x
[2024-08-29T23:17:54.333+0800]   CWRF: <total>                       4 us
[2024-08-29T23:17:54.333+0800]   CWRF: Weak References               4 us, workers (us):   4,   0, ---, ---, 
[2024-08-29T23:17:54.333+0800] Concurrent Weak Roots               311 us
[2024-08-29T23:17:54.333+0800]   Roots                             224 us, parallelism: 1.52x
[2024-08-29T23:17:54.333+0800]     CWR: <total>                    341 us
[2024-08-29T23:17:54.333+0800]     CWR: Code Cache Roots           290 us, workers (us): 152, 138, ---, ---, 
[2024-08-29T23:17:54.333+0800]     CWR: VM Weak Roots               49 us, workers (us):  34,  15, ---, ---, 
[2024-08-29T23:17:54.333+0800]     CWR: CLDG Roots                   3 us, workers (us): ---,   3, ---, ---, 
[2024-08-29T23:17:54.333+0800]   Rendezvous                         63 us
[2024-08-29T23:17:54.333+0800] Concurrent Cleanup                   81 us
[2024-08-29T23:17:54.333+0800] Concurrent Class Unloading          892 us
[2024-08-29T23:17:54.333+0800]   Unlink Stale                      759 us
[2024-08-29T23:17:54.333+0800]     System Dictionary                 3 us
[2024-08-29T23:17:54.333+0800]     Weak Class Links                  0 us
[2024-08-29T23:17:54.333+0800]     Code Roots                      756 us
[2024-08-29T23:17:54.333+0800]   Rendezvous                         40 us
[2024-08-29T23:17:54.333+0800]   Purge Unlinked                     53 us
[2024-08-29T23:17:54.333+0800]     Code Roots                       40 us
[2024-08-29T23:17:54.333+0800]     CLDG                             12 us
[2024-08-29T23:17:54.333+0800]     Exception Caches                  0 us
[2024-08-29T23:17:54.333+0800] Pause Final Roots (G)                82 us
[2024-08-29T23:17:54.333+0800] Pause Final Roots (N)                22 us
[2024-08-29T23:17:54.333+0800] 
[2024-08-29T23:17:54.333+0800] Allocation pacing accrued:
[2024-08-29T23:17:54.333+0800]       0 of   200 ms (  0.0%): <total>
[2024-08-29T23:17:54.333+0800]       0 of   200 ms (  0.0%): <average total>
[2024-08-29T23:17:54.333+0800] 
[2024-08-29T23:17:54.333+0800] Metaspace: 1651K(1792K)->1651K(1792K) NonClass: 1531K(1600K)->1531K(1600K) Class: 119K(192K)->119K(192K)
[2024-08-29T23:17:54.333+0800] Pacer for Idle. Initial: 41943K, Alloc Tax Rate: 1.0x
[2024-08-29T23:17:54.523+0800] Trigger: Free (185M) is below minimum threshold (204M)
[2024-08-29T23:17:54.524+0800] Free: 183M, Max: 1024K regular, 98304K humongous, Frag: 47% external, 6% internal; Reserve: 103M, Max: 1024K
[2024-08-29T23:17:54.524+0800] GC(117) Concurrent reset
[2024-08-29T23:17:54.524+0800] GC(117) Using 2 of 4 workers for concurrent reset
[2024-08-29T23:17:54.524+0800] GC(117) Pacer for Reset. Non-Taxable: 2048M
[2024-08-29T23:17:54.535+0800] GC(117) Concurrent reset 11.145ms
[2024-08-29T23:17:54.536+0800] GC(117) Pause Init Mark (unload classes)
[2024-08-29T23:17:54.536+0800] GC(117) Using 4 of 4 workers for init marking
[2024-08-29T23:17:54.536+0800] GC(117) Pacer for Mark. Expected Live: 1111M, Free: 167M, Non-Taxable: 17108K, Alloc Tax Rate: 8.1x
[2024-08-29T23:17:54.536+0800] GC(117) Pause Init Mark (unload classes) 0.467ms
[2024-08-29T23:17:54.537+0800] GC(117) Concurrent marking roots
[2024-08-29T23:17:54.537+0800] GC(117) Using 2 of 4 workers for concurrent marking roots
[2024-08-29T23:17:54.538+0800] GC(117) Concurrent marking roots 1.090ms
[2024-08-29T23:17:54.538+0800] GC(117) Concurrent marking (unload classes)
[2024-08-29T23:17:54.538+0800] GC(117) Using 2 of 4 workers for concurrent marking
[2024-08-29T23:17:54.544+0800] GC(117) Concurrent marking (unload classes) 5.411ms
[2024-08-29T23:17:54.544+0800] GC(117) Pause Final Mark (unload classes)
[2024-08-29T23:17:54.544+0800] GC(117) Using 4 of 4 workers for final marking
[2024-08-29T23:17:54.544+0800] GC(117) Collectable Garbage: 410M (96%), Immediate: 410M (96%), CSet: 0B (0%)
[2024-08-29T23:17:54.544+0800] GC(117) Pause Final Mark (unload classes) 0.485ms
[2024-08-29T23:17:54.544+0800] GC(117) Concurrent weak references
[2024-08-29T23:17:54.544+0800] GC(117) Using 2 of 4 workers for concurrent weak references
[2024-08-29T23:17:54.545+0800] GC(117) Encountered references: Soft: 178, Weak: 297, Final: 0, Phantom: 5
[2024-08-29T23:17:54.545+0800] GC(117) Discovered  references: Soft: 0, Weak: 142, Final: 0, Phantom: 5
[2024-08-29T23:17:54.545+0800] GC(117) Enqueued    references: Soft: 0, Weak: 0, Final: 0, Phantom: 0
[2024-08-29T23:17:54.545+0800] GC(117) Concurrent weak references 0.325ms
[2024-08-29T23:17:54.545+0800] GC(117) Concurrent weak roots
[2024-08-29T23:17:54.545+0800] GC(117) Using 2 of 4 workers for concurrent weak root
[2024-08-29T23:17:54.546+0800] GC(117) Concurrent weak roots 1.216ms
[2024-08-29T23:17:54.546+0800] GC(117) Concurrent cleanup
[2024-08-29T23:17:54.546+0800] GC(117) Concurrent cleanup 1554M->1144M(2048M) 0.100ms
[2024-08-29T23:17:54.546+0800] GC(117) Free: 616M, Max: 1024K regular, 88064K humongous, Frag: 86% external, 2% internal; Reserve: 103M, Max: 1024K
[2024-08-29T23:17:54.546+0800] GC(117) Concurrent class unloading
[2024-08-29T23:17:54.546+0800] GC(117) Using 2 of 4 workers for concurrent class unloading
[2024-08-29T23:17:54.550+0800] GC(117) Concurrent class unloading 3.763ms
[2024-08-29T23:17:54.550+0800] GC(117) Pause Final Roots
[2024-08-29T23:17:54.550+0800] GC(117) Pause Final Roots 0.024ms
[2024-08-29T23:17:54.550+0800] Free: 605M, Max: 1024K regular, 88064K humongous, Frag: 86% external, 2% internal; Reserve: 103M, Max: 1024K
[2024-08-29T23:17:54.550+0800] 
[2024-08-29T23:17:54.550+0800] All times are wall-clock times, except per-root-class counters, that are sum over
[2024-08-29T23:17:54.550+0800] all workers. Dividing the <total> over the root stage time estimates parallelism.
[2024-08-29T23:17:54.550+0800] 
[2024-08-29T23:17:54.550+0800] Concurrent Reset                  11650 us
[2024-08-29T23:17:54.550+0800] Pause Init Mark (G)                1560 us
[2024-08-29T23:17:54.550+0800] Pause Init Mark (N)                 479 us
[2024-08-29T23:17:54.550+0800]   Update Region States              200 us
[2024-08-29T23:17:54.550+0800] Concurrent Mark Roots              1149 us, parallelism: 0.46x
[2024-08-29T23:17:54.550+0800]   CMR: <total>                      531 us
[2024-08-29T23:17:54.550+0800]   CMR: Thread Roots                 415 us, workers (us): 202, 213, ---, ---, 
[2024-08-29T23:17:54.550+0800]   CMR: VM Strong Roots               11 us, workers (us):  10,   1, ---, ---, 
[2024-08-29T23:17:54.550+0800]   CMR: CLDG Roots                   105 us, workers (us): 105, ---, ---, ---, 
[2024-08-29T23:17:54.550+0800] Concurrent Marking                 5529 us
[2024-08-29T23:17:54.550+0800] Pause Final Mark (G)                619 us
[2024-08-29T23:17:54.550+0800] Pause Final Mark (N)                497 us
[2024-08-29T23:17:54.550+0800]   Finish Mark                       134 us
[2024-08-29T23:17:54.550+0800]   Update Region States              123 us
[2024-08-29T23:17:54.550+0800]   Choose Collection Set             162 us
[2024-08-29T23:17:54.550+0800]   Rebuild Free Set                   22 us
[2024-08-29T23:17:54.550+0800] Concurrent Weak References          336 us, parallelism: 0.09x
[2024-08-29T23:17:54.550+0800]   CWRF: <total>                      31 us
[2024-08-29T23:17:54.550+0800]   CWRF: Weak References              31 us, workers (us):  27,   4, ---, ---, 
[2024-08-29T23:17:54.551+0800] Concurrent Weak Roots              1249 us
[2024-08-29T23:17:54.551+0800]   Roots                            1090 us, parallelism: 0.89x
[2024-08-29T23:17:54.551+0800]     CWR: <total>                    975 us
[2024-08-29T23:17:54.551+0800]     CWR: Code Cache Roots           868 us, workers (us): 868,   0, ---, ---, 
[2024-08-29T23:17:54.551+0800]     CWR: VM Weak Roots               99 us, workers (us):  98,   1, ---, ---, 
[2024-08-29T23:17:54.551+0800]     CWR: CLDG Roots                   8 us, workers (us):   8, ---, ---, ---, 
[2024-08-29T23:17:54.551+0800]   Rendezvous                        108 us
[2024-08-29T23:17:54.551+0800] Concurrent Cleanup                  111 us
[2024-08-29T23:17:54.551+0800] Concurrent Class Unloading         3866 us
[2024-08-29T23:17:54.551+0800]   Unlink Stale                     2567 us
[2024-08-29T23:17:54.551+0800]     System Dictionary                 9 us
[2024-08-29T23:17:54.551+0800]     Weak Class Links                  1 us
[2024-08-29T23:17:54.551+0800]     Code Roots                     2556 us
[2024-08-29T23:17:54.551+0800]   Rendezvous                        982 us
[2024-08-29T23:17:54.551+0800]   Purge Unlinked                    193 us
[2024-08-29T23:17:54.551+0800]     Code Roots                      173 us
[2024-08-29T23:17:54.551+0800]     CLDG                             18 us
[2024-08-29T23:17:54.551+0800]     Exception Caches                  1 us
[2024-08-29T23:17:54.551+0800] Pause Final Roots (G)               200 us
[2024-08-29T23:17:54.551+0800] Pause Final Roots (N)                88 us
[2024-08-29T23:17:54.551+0800] 
[2024-08-29T23:17:54.551+0800] Allocation pacing accrued:
[2024-08-29T23:17:54.551+0800]       0 of   217 ms (  0.0%): <total>
[2024-08-29T23:17:54.551+0800]       0 of   217 ms (  0.0%): <average total>
[2024-08-29T23:17:54.551+0800] 
[2024-08-29T23:17:54.551+0800] Metaspace: 1651K(1792K)->1651K(1792K) NonClass: 1531K(1600K)->1531K(1600K) Class: 119K(192K)->119K(192K)
[2024-08-29T23:17:54.551+0800] Pacer for Idle. Initial: 41943K, Alloc Tax Rate: 1.0x
[2024-08-29T23:17:54.752+0800] Trigger: Free (201M) is below minimum threshold (204M)
[2024-08-29T23:17:54.752+0800] Free: 199M, Max: 1024K regular, 88064K humongous, Frag: 57% external, 1% internal; Reserve: 103M, Max: 1024K
[2024-08-29T23:17:54.752+0800] GC(118) Concurrent reset
[2024-08-29T23:17:54.752+0800] GC(118) Using 2 of 4 workers for concurrent reset
[2024-08-29T23:17:54.752+0800] GC(118) Pacer for Reset. Non-Taxable: 2048M
[2024-08-29T23:17:54.756+0800] GC(118) Concurrent reset 4.208ms
[2024-08-29T23:17:54.756+0800] GC(118) Pause Init Mark (unload classes)
[2024-08-29T23:17:54.756+0800] GC(118) Using 4 of 4 workers for init marking
[2024-08-29T23:17:54.756+0800] GC(118) Pacer for Mark. Expected Live: 1111M, Free: 192M, Non-Taxable: 19740K, Alloc Tax Rate: 7.0x
[2024-08-29T23:17:54.756+0800] GC(118) Pause Init Mark (unload classes) 0.100ms
[2024-08-29T23:17:54.756+0800] GC(118) Concurrent marking roots
[2024-08-29T23:17:54.756+0800] GC(118) Using 2 of 4 workers for concurrent marking roots
[2024-08-29T23:17:54.756+0800] GC(118) Concurrent marking roots 0.191ms
[2024-08-29T23:17:54.756+0800] GC(118) Concurrent marking (unload classes)
[2024-08-29T23:17:54.756+0800] GC(118) Using 2 of 4 workers for concurrent marking
[2024-08-29T23:17:54.759+0800] GC(118) Concurrent marking (unload classes) 2.248ms
[2024-08-29T23:17:54.760+0800] GC(118) Pause Final Mark (unload classes)
[2024-08-29T23:17:54.760+0800] GC(118) Using 4 of 4 workers for final marking
[2024-08-29T23:17:54.760+0800] GC(118) Collectable Garbage: 499M (97%), Immediate: 499M (97%), CSet: 0B (0%)
[2024-08-29T23:17:54.760+0800] GC(118) Pause Final Mark (unload classes) 0.295ms
[2024-08-29T23:17:54.760+0800] GC(118) Concurrent weak references
[2024-08-29T23:17:54.760+0800] GC(118) Using 2 of 4 workers for concurrent weak references
[2024-08-29T23:17:54.760+0800] GC(118) Encountered references: Soft: 178, Weak: 297, Final: 0, Phantom: 5
[2024-08-29T23:17:54.760+0800] GC(118) Discovered  references: Soft: 0, Weak: 111, Final: 0, Phantom: 5
[2024-08-29T23:17:54.760+0800] GC(118) Enqueued    references: Soft: 0, Weak: 0, Final: 0, Phantom: 0
[2024-08-29T23:17:54.760+0800] GC(118) Concurrent weak references 0.095ms
[2024-08-29T23:17:54.760+0800] GC(118) Concurrent weak roots
[2024-08-29T23:17:54.760+0800] GC(118) Using 2 of 4 workers for concurrent weak root
[2024-08-29T23:17:54.760+0800] GC(118) Concurrent weak roots 0.302ms
[2024-08-29T23:17:54.760+0800] GC(118) Concurrent cleanup
[2024-08-29T23:17:54.760+0800] GC(118) Concurrent cleanup 1506M->1006M(2048M) 0.063ms
[2024-08-29T23:17:54.760+0800] GC(118) Free: 768M, Max: 1024K regular, 88064K humongous, Frag: 89% external, 1% internal; Reserve: 103M, Max: 1024K
[2024-08-29T23:17:54.760+0800] GC(118) Concurrent class unloading
[2024-08-29T23:17:54.760+0800] GC(118) Using 2 of 4 workers for concurrent class unloading
[2024-08-29T23:17:54.761+0800] GC(118) Concurrent class unloading 1.009ms
[2024-08-29T23:17:54.762+0800] GC(118) Pause Final Roots
[2024-08-29T23:17:54.762+0800] GC(118) Pause Final Roots 0.013ms
[2024-08-29T23:17:54.762+0800] Free: 762M, Max: 1024K regular, 88064K humongous, Frag: 89% external, 1% internal; Reserve: 103M, Max: 1024K
[2024-08-29T23:17:54.762+0800] 
[2024-08-29T23:17:54.762+0800] All times are wall-clock times, except per-root-class counters, that are sum over
[2024-08-29T23:17:54.762+0800] all workers. Dividing the <total> over the root stage time estimates parallelism.
[2024-08-29T23:17:54.762+0800] 
[2024-08-29T23:17:54.762+0800] Concurrent Reset                   4277 us
[2024-08-29T23:17:54.762+0800] Pause Init Mark (G)                 202 us
[2024-08-29T23:17:54.762+0800] Pause Init Mark (N)                 106 us
[2024-08-29T23:17:54.762+0800]   Update Region States               63 us
[2024-08-29T23:17:54.762+0800] Concurrent Mark Roots               206 us, parallelism: 0.86x
[2024-08-29T23:17:54.762+0800]   CMR: <total>                      178 us
[2024-08-29T23:17:54.762+0800]   CMR: Thread Roots                 143 us, workers (us):  59,  84, ---, ---, 
[2024-08-29T23:17:54.762+0800]   CMR: VM Strong Roots                4 us, workers (us):   4,   0, ---, ---, 
[2024-08-29T23:17:54.762+0800]   CMR: CLDG Roots                    32 us, workers (us):  32, ---, ---, ---, 
[2024-08-29T23:17:54.762+0800] Concurrent Marking                 2269 us
[2024-08-29T23:17:54.762+0800] Pause Final Mark (G)               1273 us
[2024-08-29T23:17:54.762+0800] Pause Final Mark (N)                303 us
[2024-08-29T23:17:54.762+0800]   Finish Mark                       111 us
[2024-08-29T23:17:54.762+0800]   Update Region States               45 us
[2024-08-29T23:17:54.762+0800]   Choose Collection Set             101 us
[2024-08-29T23:17:54.762+0800]   Rebuild Free Set                    8 us
[2024-08-29T23:17:54.762+0800] Concurrent Weak References          100 us, parallelism: 0.04x
[2024-08-29T23:17:54.762+0800]   CWRF: <total>                       4 us
[2024-08-29T23:17:54.762+0800]   CWRF: Weak References               4 us, workers (us):   4,   0, ---, ---, 
[2024-08-29T23:17:54.762+0800] Concurrent Weak Roots               311 us
[2024-08-29T23:17:54.762+0800]   Roots                             276 us, parallelism: 1.54x
[2024-08-29T23:17:54.762+0800]     CWR: <total>                    423 us
[2024-08-29T23:17:54.762+0800]     CWR: Code Cache Roots           364 us, workers (us): 173, 191, ---, ---, 
[2024-08-29T23:17:54.762+0800]     CWR: VM Weak Roots               57 us, workers (us):  53,   4, ---, ---, 
[2024-08-29T23:17:54.762+0800]     CWR: CLDG Roots                   3 us, workers (us): ---,   3, ---, ---, 
[2024-08-29T23:17:54.762+0800]   Rendezvous                         17 us
[2024-08-29T23:17:54.762+0800] Concurrent Cleanup                   68 us
[2024-08-29T23:17:54.762+0800] Concurrent Class Unloading         1028 us
[2024-08-29T23:17:54.762+0800]   Unlink Stale                      872 us
[2024-08-29T23:17:54.762+0800]     System Dictionary                 2 us
[2024-08-29T23:17:54.762+0800]     Weak Class Links                  0 us
[2024-08-29T23:17:54.762+0800]     Code Roots                      870 us
[2024-08-29T23:17:54.762+0800]   Rendezvous                         67 us
[2024-08-29T23:17:54.762+0800]   Purge Unlinked                     60 us
[2024-08-29T23:17:54.762+0800]     Code Roots                       49 us
[2024-08-29T23:17:54.762+0800]     CLDG                             11 us
[2024-08-29T23:17:54.762+0800]     Exception Caches                  0 us
[2024-08-29T23:17:54.762+0800] Pause Final Roots (G)                55 us
[2024-08-29T23:17:54.762+0800] Pause Final Roots (N)                19 us
[2024-08-29T23:17:54.762+0800] 
[2024-08-29T23:17:54.762+0800] Allocation pacing accrued:
[2024-08-29T23:17:54.762+0800]       0 of   211 ms (  0.0%): <total>
[2024-08-29T23:17:54.762+0800]       0 of   211 ms (  0.0%): <average total>
[2024-08-29T23:17:54.762+0800] 
[2024-08-29T23:17:54.762+0800] Metaspace: 1651K(1792K)->1651K(1792K) NonClass: 1531K(1600K)->1531K(1600K) Class: 119K(192K)->119K(192K)
[2024-08-29T23:17:54.762+0800] Pacer for Idle. Initial: 41943K, Alloc Tax Rate: 1.0x
[2024-08-29T23:17:54.993+0800] Trigger: Free (201M) is below minimum threshold (204M)
[2024-08-29T23:17:54.993+0800] Free: 201M, Max: 1024K regular, 88064K humongous, Frag: 57% external, 0% internal; Reserve: 103M, Max: 1024K
[2024-08-29T23:17:54.993+0800] GC(119) Concurrent reset
[2024-08-29T23:17:54.993+0800] GC(119) Using 2 of 4 workers for concurrent reset
[2024-08-29T23:17:54.993+0800] GC(119) Pacer for Reset. Non-Taxable: 2048M
[2024-08-29T23:17:54.997+0800] GC(119) Concurrent reset 3.778ms
[2024-08-29T23:17:54.998+0800] GC(119) Pause Init Mark (unload classes)
[2024-08-29T23:17:54.998+0800] GC(119) Using 4 of 4 workers for init marking
[2024-08-29T23:17:54.998+0800] GC(119) Pacer for Mark. Expected Live: 1082M, Free: 199M, Non-Taxable: 20393K, Alloc Tax Rate: 6.6x
[2024-08-29T23:17:54.998+0800] GC(119) Pause Init Mark (unload classes) 0.123ms
[2024-08-29T23:17:54.999+0800] GC(119) Concurrent marking roots
[2024-08-29T23:17:54.999+0800] GC(119) Using 2 of 4 workers for concurrent marking roots
[2024-08-29T23:17:55.000+0800] GC(119) Concurrent marking roots 0.339ms
[2024-08-29T23:17:55.000+0800] GC(119) Concurrent marking (unload classes)
[2024-08-29T23:17:55.000+0800] GC(119) Using 2 of 4 workers for concurrent marking
[2024-08-29T23:17:55.002+0800] GC(119) Concurrent marking (unload classes) 2.652ms
[2024-08-29T23:17:55.002+0800] GC(119) Pause Final Mark (unload classes)
[2024-08-29T23:17:55.002+0800] GC(119) Using 4 of 4 workers for final marking
[2024-08-29T23:17:55.003+0800] GC(119) Collectable Garbage: 450M (97%), Immediate: 450M (97%), CSet: 0B (0%)
[2024-08-29T23:17:55.003+0800] GC(119) Pause Final Mark (unload classes) 0.443ms
[2024-08-29T23:17:55.003+0800] GC(119) Concurrent weak references
[2024-08-29T23:17:55.003+0800] GC(119) Using 2 of 4 workers for concurrent weak references
[2024-08-29T23:17:55.003+0800] GC(119) Encountered references: Soft: 178, Weak: 297, Final: 0, Phantom: 5
[2024-08-29T23:17:55.003+0800] GC(119) Discovered  references: Soft: 0, Weak: 142, Final: 0, Phantom: 5
[2024-08-29T23:17:55.003+0800] GC(119) Enqueued    references: Soft: 0, Weak: 0, Final: 0, Phantom: 0
[2024-08-29T23:17:55.003+0800] GC(119) Concurrent weak references 0.089ms
[2024-08-29T23:17:55.003+0800] GC(119) Concurrent weak roots
[2024-08-29T23:17:55.003+0800] GC(119) Using 2 of 4 workers for concurrent weak root
[2024-08-29T23:17:55.003+0800] GC(119) Concurrent weak roots 0.280ms
[2024-08-29T23:17:55.003+0800] GC(119) Concurrent cleanup
[2024-08-29T23:17:55.003+0800] GC(119) Concurrent cleanup 1526M->1076M(2048M) 0.063ms
[2024-08-29T23:17:55.003+0800] GC(119) Free: 700M, Max: 1024K regular, 88064K humongous, Frag: 88% external, 2% internal; Reserve: 103M, Max: 1024K
[2024-08-29T23:17:55.003+0800] GC(119) Concurrent class unloading
[2024-08-29T23:17:55.003+0800] GC(119) Using 2 of 4 workers for concurrent class unloading
[2024-08-29T23:17:55.004+0800] GC(119) Concurrent class unloading 0.672ms
[2024-08-29T23:17:55.004+0800] GC(119) Pause Final Roots
[2024-08-29T23:17:55.004+0800] GC(119) Pause Final Roots 0.012ms
[2024-08-29T23:17:55.004+0800] Free: 700M, Max: 1024K regular, 88064K humongous, Frag: 88% external, 2% internal; Reserve: 103M, Max: 1024K
[2024-08-29T23:17:55.004+0800] 
[2024-08-29T23:17:55.004+0800] All times are wall-clock times, except per-root-class counters, that are sum over
[2024-08-29T23:17:55.004+0800] all workers. Dividing the <total> over the root stage time estimates parallelism.
[2024-08-29T23:17:55.004+0800] 
[2024-08-29T23:17:55.004+0800] Concurrent Reset                   3844 us
[2024-08-29T23:17:55.004+0800] Pause Init Mark (G)                1905 us
[2024-08-29T23:17:55.004+0800] Pause Init Mark (N)                 130 us
[2024-08-29T23:17:55.004+0800]   Update Region States               74 us
[2024-08-29T23:17:55.004+0800] Concurrent Mark Roots               360 us, parallelism: 0.87x
[2024-08-29T23:17:55.004+0800]   CMR: <total>                      313 us
[2024-08-29T23:17:55.004+0800]   CMR: Thread Roots                 217 us, workers (us):  65, 152, ---, ---, 
[2024-08-29T23:17:55.004+0800]   CMR: VM Strong Roots                8 us, workers (us):   7,   0, ---, ---, 
[2024-08-29T23:17:55.004+0800]   CMR: CLDG Roots                    89 us, workers (us):  89, ---, ---, ---, 
[2024-08-29T23:17:55.004+0800] Concurrent Marking                 2671 us
[2024-08-29T23:17:55.004+0800] Pause Final Mark (G)                514 us
[2024-08-29T23:17:55.004+0800] Pause Final Mark (N)                450 us
[2024-08-29T23:17:55.004+0800]   Finish Mark                       185 us
[2024-08-29T23:17:55.004+0800]   Update Region States               93 us
[2024-08-29T23:17:55.004+0800]   Choose Collection Set             131 us
[2024-08-29T23:17:55.004+0800]   Rebuild Free Set                    9 us
[2024-08-29T23:17:55.004+0800] Concurrent Weak References           95 us, parallelism: 0.05x
[2024-08-29T23:17:55.004+0800]   CWRF: <total>                       5 us
[2024-08-29T23:17:55.004+0800]   CWRF: Weak References               5 us, workers (us):   5,   0, ---, ---, 
[2024-08-29T23:17:55.004+0800] Concurrent Weak Roots               289 us
[2024-08-29T23:17:55.004+0800]   Roots                             212 us, parallelism: 1.60x
[2024-08-29T23:17:55.004+0800]     CWR: <total>                    340 us
[2024-08-29T23:17:55.004+0800]     CWR: Code Cache Roots           294 us, workers (us): 150, 144, ---, ---, 
[2024-08-29T23:17:55.004+0800]     CWR: VM Weak Roots               43 us, workers (us):  26,  17, ---, ---, 
[2024-08-29T23:17:55.004+0800]     CWR: CLDG Roots                   2 us, workers (us):   2, ---, ---, ---, 
[2024-08-29T23:17:55.004+0800]   Rendezvous                         57 us
[2024-08-29T23:17:55.004+0800] Concurrent Cleanup                   69 us
[2024-08-29T23:17:55.004+0800] Concurrent Class Unloading          698 us
[2024-08-29T23:17:55.004+0800]   Unlink Stale                      573 us
[2024-08-29T23:17:55.004+0800]     System Dictionary                 2 us
[2024-08-29T23:17:55.004+0800]     Weak Class Links                  0 us
[2024-08-29T23:17:55.004+0800]     Code Roots                      570 us
[2024-08-29T23:17:55.004+0800]   Rendezvous                         52 us
[2024-08-29T23:17:55.004+0800]   Purge Unlinked                     38 us
[2024-08-29T23:17:55.004+0800]     Code Roots                       27 us
[2024-08-29T23:17:55.004+0800]     CLDG                             10 us
[2024-08-29T23:17:55.004+0800]     Exception Caches                  0 us
[2024-08-29T23:17:55.004+0800] Pause Final Roots (G)                68 us
[2024-08-29T23:17:55.004+0800] Pause Final Roots (N)                17 us
[2024-08-29T23:17:55.004+0800] 
[2024-08-29T23:17:55.004+0800] Allocation pacing accrued:
[2024-08-29T23:17:55.004+0800]       0 of   242 ms (  0.0%): <total>
[2024-08-29T23:17:55.004+0800]       0 of   242 ms (  0.0%): <average total>
[2024-08-29T23:17:55.004+0800] 
[2024-08-29T23:17:55.004+0800] Metaspace: 1651K(1792K)->1651K(1792K) NonClass: 1531K(1600K)->1531K(1600K) Class: 119K(192K)->119K(192K)
[2024-08-29T23:17:55.004+0800] Pacer for Idle. Initial: 41943K, Alloc Tax Rate: 1.0x
[2024-08-29T23:17:55.224+0800] Trigger: Free (198M) is below minimum threshold (204M)
[2024-08-29T23:17:55.224+0800] Free: 198M, Max: 1024K regular, 88064K humongous, Frag: 56% external, 5% internal; Reserve: 103M, Max: 1024K
[2024-08-29T23:17:55.224+0800] GC(120) Concurrent reset
[2024-08-29T23:17:55.224+0800] GC(120) Using 2 of 4 workers for concurrent reset
[2024-08-29T23:17:55.224+0800] GC(120) Pacer for Reset. Non-Taxable: 2048M
[2024-08-29T23:17:55.228+0800] GC(120) Concurrent reset 4.696ms
[2024-08-29T23:17:55.229+0800] GC(120) Pause Init Mark (unload classes)
[2024-08-29T23:17:55.229+0800] GC(120) Using 4 of 4 workers for init marking
[2024-08-29T23:17:55.229+0800] GC(120) Pacer for Mark. Expected Live: 1070M, Free: 191M, Non-Taxable: 19599K, Alloc Tax Rate: 6.8x
[2024-08-29T23:17:55.229+0800] GC(120) Pause Init Mark (unload classes) 0.095ms
[2024-08-29T23:17:55.229+0800] GC(120) Concurrent marking roots
[2024-08-29T23:17:55.229+0800] GC(120) Using 2 of 4 workers for concurrent marking roots
[2024-08-29T23:17:55.229+0800] GC(120) Concurrent marking roots 0.224ms
[2024-08-29T23:17:55.229+0800] GC(120) Concurrent marking (unload classes)
[2024-08-29T23:17:55.229+0800] GC(120) Using 2 of 4 workers for concurrent marking
[2024-08-29T23:17:55.230+0800] GC(120) Concurrent marking (unload classes) 1.311ms
[2024-08-29T23:17:55.230+0800] GC(120) Pause Final Mark (unload classes)
[2024-08-29T23:17:55.230+0800] GC(120) Using 4 of 4 workers for final marking
[2024-08-29T23:17:55.231+0800] GC(120) Collectable Garbage: 483M (97%), Immediate: 483M (97%), CSet: 0B (0%)
[2024-08-29T23:17:55.231+0800] GC(120) Pause Final Mark (unload classes) 0.329ms
[2024-08-29T23:17:55.231+0800] GC(120) Concurrent weak references
[2024-08-29T23:17:55.231+0800] GC(120) Using 2 of 4 workers for concurrent weak references
[2024-08-29T23:17:55.231+0800] GC(120) Encountered references: Soft: 178, Weak: 297, Final: 0, Phantom: 5
[2024-08-29T23:17:55.231+0800] GC(120) Discovered  references: Soft: 0, Weak: 113, Final: 0, Phantom: 5
[2024-08-29T23:17:55.231+0800] GC(120) Enqueued    references: Soft: 0, Weak: 0, Final: 0, Phantom: 0
[2024-08-29T23:17:55.231+0800] GC(120) Concurrent weak references 0.085ms
[2024-08-29T23:17:55.231+0800] GC(120) Concurrent weak roots
[2024-08-29T23:17:55.231+0800] GC(120) Using 2 of 4 workers for concurrent weak root
[2024-08-29T23:17:55.231+0800] GC(120) Concurrent weak roots 0.326ms
[2024-08-29T23:17:55.231+0800] GC(120) Concurrent cleanup
[2024-08-29T23:17:55.231+0800] GC(120) Concurrent cleanup 1508M->1024M(2048M) 0.092ms
[2024-08-29T23:17:55.231+0800] GC(120) Free: 755M, Max: 1024K regular, 113M humongous, Frag: 85% external, 2% internal; Reserve: 103M, Max: 1024K
[2024-08-29T23:17:55.231+0800] GC(120) Concurrent class unloading
[2024-08-29T23:17:55.231+0800] GC(120) Using 2 of 4 workers for concurrent class unloading
[2024-08-29T23:17:55.233+0800] GC(120) Concurrent class unloading 1.591ms
[2024-08-29T23:17:55.233+0800] GC(120) Pause Final Roots
[2024-08-29T23:17:55.233+0800] GC(120) Pause Final Roots 0.016ms
[2024-08-29T23:17:55.233+0800] Free: 745M, Max: 1024K regular, 113M humongous, Frag: 85% external, 2% internal; Reserve: 103M, Max: 1024K
[2024-08-29T23:17:55.233+0800] 
[2024-08-29T23:17:55.233+0800] All times are wall-clock times, except per-root-class counters, that are sum over
[2024-08-29T23:17:55.233+0800] all workers. Dividing the <total> over the root stage time estimates parallelism.
[2024-08-29T23:17:55.233+0800] 
[2024-08-29T23:17:55.233+0800] Concurrent Reset                   4760 us
[2024-08-29T23:17:55.233+0800] Pause Init Mark (G)                 254 us
[2024-08-29T23:17:55.233+0800] Pause Init Mark (N)                 102 us
[2024-08-29T23:17:55.233+0800]   Update Region States               53 us
[2024-08-29T23:17:55.233+0800] Concurrent Mark Roots               235 us, parallelism: 1.04x
[2024-08-29T23:17:55.233+0800]   CMR: <total>                      244 us
[2024-08-29T23:17:55.233+0800]   CMR: Thread Roots                 193 us, workers (us):  74, 119, ---, ---, 
[2024-08-29T23:17:55.233+0800]   CMR: VM Strong Roots                4 us, workers (us):   4,   0, ---, ---, 
[2024-08-29T23:17:55.233+0800]   CMR: CLDG Roots                    48 us, workers (us):  48, ---, ---, ---, 
[2024-08-29T23:17:55.233+0800] Concurrent Marking                 1328 us
[2024-08-29T23:17:55.233+0800] Pause Final Mark (G)                397 us
[2024-08-29T23:17:55.233+0800] Pause Final Mark (N)                336 us
[2024-08-29T23:17:55.233+0800]   Finish Mark                       144 us
[2024-08-29T23:17:55.233+0800]   Update Region States               55 us
[2024-08-29T23:17:55.233+0800]   Choose Collection Set              92 us
[2024-08-29T23:17:55.233+0800]   Rebuild Free Set                    9 us
[2024-08-29T23:17:55.233+0800] Concurrent Weak References           92 us, parallelism: 0.04x
[2024-08-29T23:17:55.233+0800]   CWRF: <total>                       3 us
[2024-08-29T23:17:55.233+0800]   CWRF: Weak References               3 us, workers (us):   3,   0, ---, ---, 
[2024-08-29T23:17:55.233+0800] Concurrent Weak Roots               339 us
[2024-08-29T23:17:55.233+0800]   Roots                             247 us, parallelism: 1.35x
[2024-08-29T23:17:55.233+0800]     CWR: <total>                    333 us
[2024-08-29T23:17:55.233+0800]     CWR: Code Cache Roots           283 us, workers (us): 141, 143, ---, ---, 
[2024-08-29T23:17:55.233+0800]     CWR: VM Weak Roots               47 us, workers (us):  31,  16, ---, ---, 
[2024-08-29T23:17:55.233+0800]     CWR: CLDG Roots                   3 us, workers (us): ---,   3, ---, ---, 
[2024-08-29T23:17:55.233+0800]   Rendezvous                         65 us
[2024-08-29T23:17:55.233+0800] Concurrent Cleanup                  100 us
[2024-08-29T23:17:55.233+0800] Concurrent Class Unloading         1611 us
[2024-08-29T23:17:55.233+0800]   Unlink Stale                     1419 us
[2024-08-29T23:17:55.233+0800]     System Dictionary                 3 us
[2024-08-29T23:17:55.233+0800]     Weak Class Links                  0 us
[2024-08-29T23:17:55.233+0800]     Code Roots                     1415 us
[2024-08-29T23:17:55.233+0800]   Rendezvous                         76 us
[2024-08-29T23:17:55.233+0800]   Purge Unlinked                     82 us
[2024-08-29T23:17:55.233+0800]     Code Roots                       71 us
[2024-08-29T23:17:55.233+0800]     CLDG                             11 us
[2024-08-29T23:17:55.233+0800]     Exception Caches                  0 us
[2024-08-29T23:17:55.233+0800] Pause Final Roots (G)                87 us
[2024-08-29T23:17:55.233+0800] Pause Final Roots (N)                22 us
[2024-08-29T23:17:55.233+0800] Pacing                             9193 us
[2024-08-29T23:17:55.233+0800] 
[2024-08-29T23:17:55.233+0800] Allocation pacing accrued:
[2024-08-29T23:17:55.233+0800]       9 of   229 ms (  4.0%): Thread-4
[2024-08-29T23:17:55.233+0800]       9 of   229 ms (  4.0%): <total>
[2024-08-29T23:17:55.233+0800]       0 of   229 ms (  0.2%): <average total>
[2024-08-29T23:17:55.233+0800]       9 of   229 ms (  4.0%): <average non-zero>
[2024-08-29T23:17:55.233+0800] 
[2024-08-29T23:17:55.233+0800] Metaspace: 1651K(1792K)->1651K(1792K) NonClass: 1531K(1600K)->1531K(1600K) Class: 119K(192K)->119K(192K)
[2024-08-29T23:17:55.233+0800] Pacer for Idle. Initial: 41943K, Alloc Tax Rate: 1.0x
[2024-08-29T23:17:55.455+0800] Trigger: Free (201M) is below minimum threshold (204M)
[2024-08-29T23:17:55.455+0800] Free: 196M, Max: 1024K regular, 113M humongous, Frag: 42% external, 5% internal; Reserve: 103M, Max: 1024K
[2024-08-29T23:17:55.455+0800] GC(121) Concurrent reset
[2024-08-29T23:17:55.455+0800] GC(121) Using 2 of 4 workers for concurrent reset
[2024-08-29T23:17:55.455+0800] GC(121) Pacer for Reset. Non-Taxable: 2048M
[2024-08-29T23:17:55.461+0800] GC(121) Concurrent reset 6.377ms
[2024-08-29T23:17:55.463+0800] GC(121) Pause Init Mark (unload classes)
[2024-08-29T23:17:55.463+0800] GC(121) Using 4 of 4 workers for init marking
[2024-08-29T23:17:55.463+0800] GC(121) Pacer for Mark. Expected Live: 1052M, Free: 175M, Non-Taxable: 17966K, Alloc Tax Rate: 7.3x
[2024-08-29T23:17:55.463+0800] GC(121) Pause Init Mark (unload classes) 0.147ms
[2024-08-29T23:17:55.463+0800] GC(121) Concurrent marking roots
[2024-08-29T23:17:55.463+0800] GC(121) Using 2 of 4 workers for concurrent marking roots
[2024-08-29T23:17:55.463+0800] GC(121) Concurrent marking roots 0.197ms
[2024-08-29T23:17:55.463+0800] GC(121) Concurrent marking (unload classes)
[2024-08-29T23:17:55.463+0800] GC(121) Using 2 of 4 workers for concurrent marking
[2024-08-29T23:17:55.464+0800] GC(121) Concurrent marking (unload classes) 1.314ms
[2024-08-29T23:17:55.466+0800] GC(121) Pause Final Mark (unload classes)
[2024-08-29T23:17:55.466+0800] GC(121) Using 4 of 4 workers for final marking
[2024-08-29T23:17:55.466+0800] GC(121) Collectable Garbage: 478M (97%), Immediate: 478M (97%), CSet: 0B (0%)
[2024-08-29T23:17:55.466+0800] GC(121) Pause Final Mark (unload classes) 0.264ms
[2024-08-29T23:17:55.466+0800] GC(121) Concurrent weak references
[2024-08-29T23:17:55.466+0800] GC(121) Using 2 of 4 workers for concurrent weak references
[2024-08-29T23:17:55.466+0800] GC(121) Encountered references: Soft: 178, Weak: 297, Final: 0, Phantom: 5
[2024-08-29T23:17:55.466+0800] GC(121) Discovered  references: Soft: 0, Weak: 123, Final: 0, Phantom: 5
[2024-08-29T23:17:55.466+0800] GC(121) Enqueued    references: Soft: 0, Weak: 0, Final: 0, Phantom: 0
[2024-08-29T23:17:55.466+0800] GC(121) Concurrent weak references 0.087ms
[2024-08-29T23:17:55.466+0800] GC(121) Concurrent weak roots
[2024-08-29T23:17:55.466+0800] GC(121) Using 2 of 4 workers for concurrent weak root
[2024-08-29T23:17:55.466+0800] GC(121) Concurrent weak roots 0.417ms
[2024-08-29T23:17:55.467+0800] GC(121) Concurrent cleanup
[2024-08-29T23:17:55.467+0800] GC(121) Concurrent cleanup 1529M->1050M(2048M) 0.078ms
[2024-08-29T23:17:55.467+0800] GC(121) Free: 726M, Max: 1024K regular, 108M humongous, Frag: 86% external, 1% internal; Reserve: 103M, Max: 1024K
[2024-08-29T23:17:55.467+0800] GC(121) Concurrent class unloading
[2024-08-29T23:17:55.467+0800] GC(121) Using 2 of 4 workers for concurrent class unloading
[2024-08-29T23:17:55.469+0800] GC(121) Concurrent class unloading 2.700ms
[2024-08-29T23:17:55.471+0800] GC(121) Pause Final Roots
[2024-08-29T23:17:55.471+0800] GC(121) Pause Final Roots 0.020ms
[2024-08-29T23:17:55.471+0800] Free: 704M, Max: 1024K regular, 108M humongous, Frag: 85% external, 1% internal; Reserve: 103M, Max: 1024K
[2024-08-29T23:17:55.471+0800] 
[2024-08-29T23:17:55.471+0800] All times are wall-clock times, except per-root-class counters, that are sum over
[2024-08-29T23:17:55.471+0800] all workers. Dividing the <total> over the root stage time estimates parallelism.
[2024-08-29T23:17:55.471+0800] 
[2024-08-29T23:17:55.471+0800] Concurrent Reset                   6451 us
[2024-08-29T23:17:55.471+0800] Pause Init Mark (G)                1632 us
[2024-08-29T23:17:55.471+0800] Pause Init Mark (N)                 152 us
[2024-08-29T23:17:55.471+0800]   Update Region States               82 us
[2024-08-29T23:17:55.471+0800] Concurrent Mark Roots               206 us, parallelism: 0.97x
[2024-08-29T23:17:55.471+0800]   CMR: <total>                      201 us
[2024-08-29T23:17:55.471+0800]   CMR: Thread Roots                 159 us, workers (us):  66,  93, ---, ---, 
[2024-08-29T23:17:55.471+0800]   CMR: VM Strong Roots                5 us, workers (us):   5,   0, ---, ---, 
[2024-08-29T23:17:55.471+0800]   CMR: CLDG Roots                    37 us, workers (us):  37, ---, ---, ---, 
[2024-08-29T23:17:55.471+0800] Concurrent Marking                 1342 us
[2024-08-29T23:17:55.471+0800] Pause Final Mark (G)               1582 us
[2024-08-29T23:17:55.471+0800] Pause Final Mark (N)                272 us
[2024-08-29T23:17:55.471+0800]   Finish Mark                        86 us
[2024-08-29T23:17:55.471+0800]   Update Region States               51 us
[2024-08-29T23:17:55.471+0800]   Choose Collection Set              91 us
[2024-08-29T23:17:55.471+0800]   Rebuild Free Set                    9 us
[2024-08-29T23:17:55.471+0800] Concurrent Weak References           94 us, parallelism: 0.05x
[2024-08-29T23:17:55.471+0800]   CWRF: <total>                       4 us
[2024-08-29T23:17:55.471+0800]   CWRF: Weak References               4 us, workers (us):   4,   0, ---, ---, 
[2024-08-29T23:17:55.471+0800] Concurrent Weak Roots               432 us
[2024-08-29T23:17:55.471+0800]   Roots                             345 us, parallelism: 1.53x
[2024-08-29T23:17:55.471+0800]     CWR: <total>                    527 us
[2024-08-29T23:17:55.471+0800]     CWR: Code Cache Roots           457 us, workers (us): 232, 224, ---, ---, 
[2024-08-29T23:17:55.471+0800]     CWR: VM Weak Roots               68 us, workers (us):  40,  27, ---, ---, 
[2024-08-29T23:17:55.471+0800]     CWR: CLDG Roots                   3 us, workers (us): ---,   3, ---, ---, 
[2024-08-29T23:17:55.471+0800]   Rendezvous                         61 us
[2024-08-29T23:17:55.471+0800] Concurrent Cleanup                   84 us
[2024-08-29T23:17:55.471+0800] Concurrent Class Unloading         2726 us
[2024-08-29T23:17:55.471+0800]   Unlink Stale                      612 us
[2024-08-29T23:17:55.471+0800]     System Dictionary                 2 us
[2024-08-29T23:17:55.471+0800]     Weak Class Links                  0 us
[2024-08-29T23:17:55.471+0800]     Code Roots                      609 us
[2024-08-29T23:17:55.471+0800]   Rendezvous                       1923 us
[2024-08-29T23:17:55.471+0800]   Purge Unlinked                    137 us
[2024-08-29T23:17:55.471+0800]     Code Roots                      125 us
[2024-08-29T23:17:55.471+0800]     CLDG                             12 us
[2024-08-29T23:17:55.471+0800]     Exception Caches                  0 us
[2024-08-29T23:17:55.471+0800] Pause Final Roots (G)              1610 us
[2024-08-29T23:17:55.471+0800] Pause Final Roots (N)                26 us
[2024-08-29T23:17:55.471+0800] 
[2024-08-29T23:17:55.471+0800] Allocation pacing accrued:
[2024-08-29T23:17:55.471+0800]       0 of   238 ms (  0.0%): <total>
[2024-08-29T23:17:55.471+0800]       0 of   238 ms (  0.0%): <average total>
[2024-08-29T23:17:55.471+0800] 
[2024-08-29T23:17:55.471+0800] Metaspace: 1651K(1792K)->1651K(1792K) NonClass: 1531K(1600K)->1531K(1600K) Class: 119K(192K)->119K(192K)
[2024-08-29T23:17:55.471+0800] Pacer for Idle. Initial: 41943K, Alloc Tax Rate: 1.0x
[2024-08-29T23:17:55.662+0800] Trigger: Free (197M) is below minimum threshold (204M)
[2024-08-29T23:17:55.662+0800] Free: 197M, Max: 1024K regular, 108M humongous, Frag: 45% external, 2% internal; Reserve: 103M, Max: 1024K
[2024-08-29T23:17:55.662+0800] GC(122) Concurrent reset
[2024-08-29T23:17:55.662+0800] GC(122) Using 2 of 4 workers for concurrent reset
[2024-08-29T23:17:55.662+0800] GC(122) Pacer for Reset. Non-Taxable: 2048M
[2024-08-29T23:17:55.668+0800] GC(122) Concurrent reset 6.163ms
[2024-08-29T23:17:55.668+0800] GC(122) Pause Init Mark (unload classes)
[2024-08-29T23:17:55.668+0800] GC(122) Using 4 of 4 workers for init marking
[2024-08-29T23:17:55.668+0800] GC(122) Pacer for Mark. Expected Live: 1030M, Free: 175M, Non-Taxable: 17998K, Alloc Tax Rate: 7.2x
[2024-08-29T23:17:55.668+0800] GC(122) Pause Init Mark (unload classes) 0.099ms
[2024-08-29T23:17:55.668+0800] GC(122) Concurrent marking roots
[2024-08-29T23:17:55.668+0800] GC(122) Using 2 of 4 workers for concurrent marking roots
[2024-08-29T23:17:55.669+0800] GC(122) Concurrent marking roots 0.183ms
[2024-08-29T23:17:55.669+0800] GC(122) Concurrent marking (unload classes)
[2024-08-29T23:17:55.669+0800] GC(122) Using 2 of 4 workers for concurrent marking
[2024-08-29T23:17:55.671+0800] GC(122) Concurrent marking (unload classes) 2.118ms
[2024-08-29T23:17:55.671+0800] GC(122) Pause Final Mark (unload classes)
[2024-08-29T23:17:55.671+0800] GC(122) Using 4 of 4 workers for final marking
[2024-08-29T23:17:55.671+0800] GC(122) Collectable Garbage: 430M (97%), Immediate: 430M (97%), CSet: 0B (0%)
[2024-08-29T23:17:55.671+0800] GC(122) Pause Final Mark (unload classes) 0.304ms
[2024-08-29T23:17:55.671+0800] GC(122) Concurrent weak references
[2024-08-29T23:17:55.671+0800] GC(122) Using 2 of 4 workers for concurrent weak references
[2024-08-29T23:17:55.671+0800] GC(122) Encountered references: Soft: 178, Weak: 297, Final: 0, Phantom: 5
[2024-08-29T23:17:55.671+0800] GC(122) Discovered  references: Soft: 0, Weak: 113, Final: 0, Phantom: 5
[2024-08-29T23:17:55.671+0800] GC(122) Enqueued    references: Soft: 0, Weak: 0, Final: 0, Phantom: 0
[2024-08-29T23:17:55.671+0800] GC(122) Concurrent weak references 0.091ms
[2024-08-29T23:17:55.671+0800] GC(122) Concurrent weak roots
[2024-08-29T23:17:55.671+0800] GC(122) Using 2 of 4 workers for concurrent weak root
[2024-08-29T23:17:55.672+0800] GC(122) Concurrent weak roots 0.273ms
[2024-08-29T23:17:55.672+0800] GC(122) Concurrent cleanup
[2024-08-29T23:17:55.672+0800] GC(122) Concurrent cleanup 1525M->1094M(2048M) 0.060ms
[2024-08-29T23:17:55.672+0800] GC(122) Free: 667M, Max: 1024K regular, 105M humongous, Frag: 85% external, 1% internal; Reserve: 103M, Max: 1024K
[2024-08-29T23:17:55.672+0800] GC(122) Concurrent class unloading
[2024-08-29T23:17:55.672+0800] GC(122) Using 2 of 4 workers for concurrent class unloading
[2024-08-29T23:17:55.673+0800] GC(122) Concurrent class unloading 1.419ms
[2024-08-29T23:17:55.673+0800] GC(122) Pause Final Roots
[2024-08-29T23:17:55.673+0800] GC(122) Pause Final Roots 0.013ms
[2024-08-29T23:17:55.673+0800] Free: 656M, Max: 1024K regular, 105M humongous, Frag: 84% external, 1% internal; Reserve: 103M, Max: 1024K
[2024-08-29T23:17:55.673+0800] 
[2024-08-29T23:17:55.673+0800] All times are wall-clock times, except per-root-class counters, that are sum over
[2024-08-29T23:17:55.673+0800] all workers. Dividing the <total> over the root stage time estimates parallelism.
[2024-08-29T23:17:55.673+0800] 
[2024-08-29T23:17:55.673+0800] Concurrent Reset                   6259 us
[2024-08-29T23:17:55.673+0800] Pause Init Mark (G)                 216 us
[2024-08-29T23:17:55.673+0800] Pause Init Mark (N)                 105 us
[2024-08-29T23:17:55.673+0800]   Update Region States               52 us
[2024-08-29T23:17:55.673+0800] Concurrent Mark Roots               193 us, parallelism: 1.04x
[2024-08-29T23:17:55.673+0800]   CMR: <total>                      201 us
[2024-08-29T23:17:55.673+0800]   CMR: Thread Roots                 167 us, workers (us):  69,  99, ---, ---, 
[2024-08-29T23:17:55.673+0800]   CMR: VM Strong Roots                4 us, workers (us):   4,   0, ---, ---, 
[2024-08-29T23:17:55.673+0800]   CMR: CLDG Roots                    29 us, workers (us):  29, ---, ---, ---, 
[2024-08-29T23:17:55.673+0800] Concurrent Marking                 2138 us
[2024-08-29T23:17:55.673+0800] Pause Final Mark (G)                407 us
[2024-08-29T23:17:55.673+0800] Pause Final Mark (N)                331 us
[2024-08-29T23:17:55.673+0800]   Finish Mark                       135 us
[2024-08-29T23:17:55.673+0800]   Update Region States               48 us
[2024-08-29T23:17:55.673+0800]   Choose Collection Set              87 us
[2024-08-29T23:17:55.673+0800]   Rebuild Free Set                   10 us
[2024-08-29T23:17:55.673+0800] Concurrent Weak References           97 us, parallelism: 0.05x
[2024-08-29T23:17:55.673+0800]   CWRF: <total>                       5 us
[2024-08-29T23:17:55.673+0800]   CWRF: Weak References               5 us, workers (us):   5,   0, ---, ---, 
[2024-08-29T23:17:55.673+0800] Concurrent Weak Roots               286 us
[2024-08-29T23:17:55.673+0800]   Roots                             200 us, parallelism: 1.60x
[2024-08-29T23:17:55.673+0800]     CWR: <total>                    319 us
[2024-08-29T23:17:55.673+0800]     CWR: Code Cache Roots           276 us, workers (us): 133, 143, ---, ---, 
[2024-08-29T23:17:55.673+0800]     CWR: VM Weak Roots               41 us, workers (us):  27,  14, ---, ---, 
[2024-08-29T23:17:55.673+0800]     CWR: CLDG Roots                   2 us, workers (us): ---,   2, ---, ---, 
[2024-08-29T23:17:55.673+0800]   Rendezvous                         64 us
[2024-08-29T23:17:55.673+0800] Concurrent Cleanup                   66 us
[2024-08-29T23:17:55.673+0800] Concurrent Class Unloading         1436 us
[2024-08-29T23:17:55.673+0800]   Unlink Stale                     1246 us
[2024-08-29T23:17:55.673+0800]     System Dictionary                 2 us
[2024-08-29T23:17:55.673+0800]     Weak Class Links                  0 us
[2024-08-29T23:17:55.673+0800]     Code Roots                     1243 us
[2024-08-29T23:17:55.673+0800]   Rendezvous                        123 us
[2024-08-29T23:17:55.673+0800]   Purge Unlinked                     40 us
[2024-08-29T23:17:55.673+0800]     Code Roots                       37 us
[2024-08-29T23:17:55.673+0800]     CLDG                              3 us
[2024-08-29T23:17:55.673+0800]     Exception Caches                  0 us
[2024-08-29T23:17:55.673+0800] Pause Final Roots (G)                92 us
[2024-08-29T23:17:55.673+0800] Pause Final Roots (N)                20 us
[2024-08-29T23:17:55.673+0800] 
[2024-08-29T23:17:55.673+0800] Allocation pacing accrued:
[2024-08-29T23:17:55.673+0800]       0 of   202 ms (  0.0%): <total>
[2024-08-29T23:17:55.673+0800]       0 of   202 ms (  0.0%): <average total>
[2024-08-29T23:17:55.673+0800] 
[2024-08-29T23:17:55.673+0800] Metaspace: 1651K(1792K)->1651K(1792K) NonClass: 1531K(1600K)->1531K(1600K) Class: 119K(192K)->119K(192K)
[2024-08-29T23:17:55.673+0800] Pacer for Idle. Initial: 41943K, Alloc Tax Rate: 1.0x
[2024-08-29T23:17:55.878+0800] Trigger: Free (201M) is below minimum threshold (204M)
[2024-08-29T23:17:55.878+0800] Free: 198M, Max: 1024K regular, 105M humongous, Frag: 47% external, 0% internal; Reserve: 103M, Max: 1024K
[2024-08-29T23:17:55.878+0800] GC(123) Concurrent reset
[2024-08-29T23:17:55.878+0800] GC(123) Using 2 of 4 workers for concurrent reset
[2024-08-29T23:17:55.878+0800] GC(123) Pacer for Reset. Non-Taxable: 2048M
[2024-08-29T23:17:55.886+0800] GC(123) Concurrent reset 8.140ms
[2024-08-29T23:17:55.887+0800] GC(123) Pause Init Mark (unload classes)
[2024-08-29T23:17:55.887+0800] GC(123) Using 4 of 4 workers for init marking
[2024-08-29T23:17:55.887+0800] GC(123) Pacer for Mark. Expected Live: 1025M, Free: 183M, Non-Taxable: 18760K, Alloc Tax Rate: 6.8x
[2024-08-29T23:17:55.887+0800] GC(123) Pause Init Mark (unload classes) 0.127ms
[2024-08-29T23:17:55.887+0800] GC(123) Concurrent marking roots
[2024-08-29T23:17:55.887+0800] GC(123) Using 2 of 4 workers for concurrent marking roots
[2024-08-29T23:17:55.887+0800] GC(123) Concurrent marking roots 0.226ms
[2024-08-29T23:17:55.887+0800] GC(123) Concurrent marking (unload classes)
[2024-08-29T23:17:55.887+0800] GC(123) Using 2 of 4 workers for concurrent marking
[2024-08-29T23:17:55.889+0800] GC(123) Concurrent marking (unload classes) 1.557ms
[2024-08-29T23:17:55.889+0800] GC(123) Pause Final Mark (unload classes)
[2024-08-29T23:17:55.889+0800] GC(123) Using 4 of 4 workers for final marking
[2024-08-29T23:17:55.889+0800] GC(123) Collectable Garbage: 486M (97%), Immediate: 486M (97%), CSet: 0B (0%)
[2024-08-29T23:17:55.889+0800] GC(123) Pause Final Mark (unload classes) 0.289ms
[2024-08-29T23:17:55.889+0800] GC(123) Concurrent weak references
[2024-08-29T23:17:55.889+0800] GC(123) Using 2 of 4 workers for concurrent weak references
[2024-08-29T23:17:55.889+0800] GC(123) Encountered references: Soft: 178, Weak: 297, Final: 0, Phantom: 5
[2024-08-29T23:17:55.889+0800] GC(123) Discovered  references: Soft: 0, Weak: 115, Final: 0, Phantom: 5
[2024-08-29T23:17:55.889+0800] GC(123) Enqueued    references: Soft: 0, Weak: 0, Final: 0, Phantom: 0
[2024-08-29T23:17:55.889+0800] GC(123) Concurrent weak references 0.125ms
[2024-08-29T23:17:55.889+0800] GC(123) Concurrent weak roots
[2024-08-29T23:17:55.889+0800] GC(123) Using 2 of 4 workers for concurrent weak root
[2024-08-29T23:17:55.889+0800] GC(123) Concurrent weak roots 0.417ms
[2024-08-29T23:17:55.889+0800] GC(123) Concurrent cleanup
[2024-08-29T23:17:55.890+0800] GC(123) Concurrent cleanup 1508M->1021M(2048M) 0.078ms
[2024-08-29T23:17:55.890+0800] GC(123) Free: 761M, Max: 1024K regular, 105M humongous, Frag: 87% external, 2% internal; Reserve: 103M, Max: 1024K
[2024-08-29T23:17:55.890+0800] GC(123) Concurrent class unloading
[2024-08-29T23:17:55.890+0800] GC(123) Using 2 of 4 workers for concurrent class unloading
[2024-08-29T23:17:55.890+0800] GC(123) Concurrent class unloading 0.724ms
[2024-08-29T23:17:55.890+0800] GC(123) Pause Final Roots
[2024-08-29T23:17:55.890+0800] GC(123) Pause Final Roots 0.012ms
[2024-08-29T23:17:55.890+0800] Free: 761M, Max: 1024K regular, 105M humongous, Frag: 87% external, 2% internal; Reserve: 103M, Max: 1024K
[2024-08-29T23:17:55.890+0800] 
[2024-08-29T23:17:55.890+0800] All times are wall-clock times, except per-root-class counters, that are sum over
[2024-08-29T23:17:55.890+0800] all workers. Dividing the <total> over the root stage time estimates parallelism.
[2024-08-29T23:17:55.890+0800] 
[2024-08-29T23:17:55.890+0800] Concurrent Reset                   8250 us
[2024-08-29T23:17:55.890+0800] Pause Init Mark (G)                 678 us
[2024-08-29T23:17:55.890+0800] Pause Init Mark (N)                 132 us
[2024-08-29T23:17:55.890+0800]   Update Region States               76 us
[2024-08-29T23:17:55.890+0800] Concurrent Mark Roots               236 us, parallelism: 1.05x
[2024-08-29T23:17:55.890+0800]   CMR: <total>                      248 us
[2024-08-29T23:17:55.890+0800]   CMR: Thread Roots                 190 us, workers (us):  78, 112, ---, ---, 
[2024-08-29T23:17:55.890+0800]   CMR: VM Strong Roots                5 us, workers (us):   5,   0, ---, ---, 
[2024-08-29T23:17:55.890+0800]   CMR: CLDG Roots                    53 us, workers (us):  53, ---, ---, ---, 
[2024-08-29T23:17:55.890+0800] Concurrent Marking                 1573 us
[2024-08-29T23:17:55.890+0800] Pause Final Mark (G)                352 us
[2024-08-29T23:17:55.891+0800] Pause Final Mark (N)                296 us
[2024-08-29T23:17:55.891+0800]   Finish Mark                       114 us
[2024-08-29T23:17:55.891+0800]   Update Region States               49 us
[2024-08-29T23:17:55.891+0800]   Choose Collection Set              86 us
[2024-08-29T23:17:55.891+0800]   Rebuild Free Set                    8 us
[2024-08-29T23:17:55.891+0800] Concurrent Weak References          131 us, parallelism: 0.03x
[2024-08-29T23:17:55.891+0800]   CWRF: <total>                       3 us
[2024-08-29T23:17:55.891+0800]   CWRF: Weak References               3 us, workers (us):   3,   0, ---, ---, 
[2024-08-29T23:17:55.891+0800] Concurrent Weak Roots               433 us
[2024-08-29T23:17:55.891+0800]   Roots                             271 us, parallelism: 1.19x
[2024-08-29T23:17:55.891+0800]     CWR: <total>                    323 us
[2024-08-29T23:17:55.891+0800]     CWR: Code Cache Roots           276 us, workers (us): 138, 138, ---, ---, 
[2024-08-29T23:17:55.891+0800]     CWR: VM Weak Roots               45 us, workers (us):  27,  18, ---, ---, 
[2024-08-29T23:17:55.891+0800]     CWR: CLDG Roots                   2 us, workers (us):   2, ---, ---, ---, 
[2024-08-29T23:17:55.891+0800]   Rendezvous                        135 us
[2024-08-29T23:17:55.891+0800] Concurrent Cleanup                   86 us
[2024-08-29T23:17:55.891+0800] Concurrent Class Unloading          734 us
[2024-08-29T23:17:55.891+0800]   Unlink Stale                      589 us
[2024-08-29T23:17:55.891+0800]     System Dictionary                 2 us
[2024-08-29T23:17:55.891+0800]     Weak Class Links                  0 us
[2024-08-29T23:17:55.891+0800]     Code Roots                      586 us
[2024-08-29T23:17:55.891+0800]   Rendezvous                         55 us
[2024-08-29T23:17:55.891+0800]   Purge Unlinked                     70 us
[2024-08-29T23:17:55.891+0800]     Code Roots                       59 us
[2024-08-29T23:17:55.891+0800]     CLDG                             10 us
[2024-08-29T23:17:55.891+0800]     Exception Caches                  0 us
[2024-08-29T23:17:55.891+0800] Pause Final Roots (G)                88 us
[2024-08-29T23:17:55.891+0800] Pause Final Roots (N)                18 us
[2024-08-29T23:17:55.891+0800] 
[2024-08-29T23:17:55.891+0800] Allocation pacing accrued:
[2024-08-29T23:17:55.891+0800]       0 of   217 ms (  0.0%): <total>
[2024-08-29T23:17:55.891+0800]       0 of   217 ms (  0.0%): <average total>
[2024-08-29T23:17:55.891+0800] 
[2024-08-29T23:17:55.891+0800] Metaspace: 1651K(1792K)->1651K(1792K) NonClass: 1531K(1600K)->1531K(1600K) Class: 119K(192K)->119K(192K)
[2024-08-29T23:17:55.891+0800] Pacer for Idle. Initial: 41943K, Alloc Tax Rate: 1.0x
[2024-08-29T23:17:56.111+0800] Trigger: Free (199M) is below minimum threshold (204M)
[2024-08-29T23:17:56.111+0800] Free: 197M, Max: 1024K regular, 105M humongous, Frag: 47% external, 4% internal; Reserve: 103M, Max: 1024K
[2024-08-29T23:17:56.111+0800] GC(124) Concurrent reset
[2024-08-29T23:17:56.111+0800] GC(124) Using 2 of 4 workers for concurrent reset
[2024-08-29T23:17:56.111+0800] GC(124) Pacer for Reset. Non-Taxable: 2048M
[2024-08-29T23:17:56.117+0800] GC(124) Concurrent reset 5.621ms
[2024-08-29T23:17:56.119+0800] GC(124) Pause Init Mark (unload classes)
[2024-08-29T23:17:56.119+0800] GC(124) Using 4 of 4 workers for init marking
[2024-08-29T23:17:56.120+0800] GC(124) Pacer for Mark. Expected Live: 1028M, Free: 185M, Non-Taxable: 19021K, Alloc Tax Rate: 6.8x
[2024-08-29T23:17:56.120+0800] GC(124) Pause Init Mark (unload classes) 0.239ms
[2024-08-29T23:17:56.120+0800] GC(124) Concurrent marking roots
[2024-08-29T23:17:56.120+0800] GC(124) Using 2 of 4 workers for concurrent marking roots
[2024-08-29T23:17:56.120+0800] GC(124) Concurrent marking roots 0.367ms
[2024-08-29T23:17:56.120+0800] GC(124) Concurrent marking (unload classes)
[2024-08-29T23:17:56.120+0800] GC(124) Using 2 of 4 workers for concurrent marking
[2024-08-29T23:17:56.122+0800] GC(124) Concurrent marking (unload classes) 1.790ms
[2024-08-29T23:17:56.122+0800] GC(124) Pause Final Mark (unload classes)
[2024-08-29T23:17:56.122+0800] GC(124) Using 4 of 4 workers for final marking
[2024-08-29T23:17:56.122+0800] GC(124) Collectable Garbage: 489M (97%), Immediate: 489M (97%), CSet: 0B (0%)
[2024-08-29T23:17:56.122+0800] GC(124) Pause Final Mark (unload classes) 0.344ms
[2024-08-29T23:17:56.122+0800] GC(124) Concurrent weak references
[2024-08-29T23:17:56.122+0800] GC(124) Using 2 of 4 workers for concurrent weak references
[2024-08-29T23:17:56.122+0800] GC(124) Encountered references: Soft: 178, Weak: 297, Final: 0, Phantom: 5
[2024-08-29T23:17:56.122+0800] GC(124) Discovered  references: Soft: 0, Weak: 64, Final: 0, Phantom: 3
[2024-08-29T23:17:56.122+0800] GC(124) Enqueued    references: Soft: 0, Weak: 0, Final: 0, Phantom: 0
[2024-08-29T23:17:56.122+0800] GC(124) Concurrent weak references 0.063ms
[2024-08-29T23:17:56.122+0800] GC(124) Concurrent weak roots
[2024-08-29T23:17:56.122+0800] GC(124) Using 2 of 4 workers for concurrent weak root
[2024-08-29T23:17:56.123+0800] GC(124) Concurrent weak roots 0.238ms
[2024-08-29T23:17:56.123+0800] GC(124) Concurrent cleanup
[2024-08-29T23:17:56.123+0800] GC(124) Concurrent cleanup 1527M->1037M(2048M) 0.062ms
[2024-08-29T23:17:56.123+0800] GC(124) Free: 746M, Max: 1024K regular, 108M humongous, Frag: 86% external, 1% internal; Reserve: 103M, Max: 1024K
[2024-08-29T23:17:56.123+0800] GC(124) Concurrent class unloading
[2024-08-29T23:17:56.123+0800] GC(124) Using 2 of 4 workers for concurrent class unloading
[2024-08-29T23:17:56.124+0800] GC(124) Concurrent class unloading 0.797ms
[2024-08-29T23:17:56.124+0800] GC(124) Pause Final Roots
[2024-08-29T23:17:56.124+0800] GC(124) Pause Final Roots 0.007ms
[2024-08-29T23:17:56.124+0800] Free: 746M, Max: 1024K regular, 108M humongous, Frag: 86% external, 1% internal; Reserve: 103M, Max: 1024K
[2024-08-29T23:17:56.124+0800] 
[2024-08-29T23:17:56.124+0800] All times are wall-clock times, except per-root-class counters, that are sum over
[2024-08-29T23:17:56.124+0800] all workers. Dividing the <total> over the root stage time estimates parallelism.
[2024-08-29T23:17:56.124+0800] 
[2024-08-29T23:17:56.124+0800] Concurrent Reset                   5883 us
[2024-08-29T23:17:56.124+0800] Pause Init Mark (G)                2482 us
[2024-08-29T23:17:56.124+0800] Pause Init Mark (N)                 254 us
[2024-08-29T23:17:56.124+0800]   Update Region States               78 us
[2024-08-29T23:17:56.124+0800] Concurrent Mark Roots               386 us, parallelism: 0.54x
[2024-08-29T23:17:56.124+0800]   CMR: <total>                      209 us
[2024-08-29T23:17:56.124+0800]   CMR: Thread Roots                 146 us, workers (us): 146,   0, ---, ---, 
[2024-08-29T23:17:56.124+0800]   CMR: VM Strong Roots                6 us, workers (us):   5,   1, ---, ---, 
[2024-08-29T23:17:56.124+0800]   CMR: CLDG Roots                    58 us, workers (us):  58, ---, ---, ---, 
[2024-08-29T23:17:56.124+0800] Concurrent Marking                 1836 us
[2024-08-29T23:17:56.124+0800] Pause Final Mark (G)                377 us
[2024-08-29T23:17:56.124+0800] Pause Final Mark (N)                351 us
[2024-08-29T23:17:56.124+0800]   Finish Mark                       163 us
[2024-08-29T23:17:56.124+0800]   Update Region States               60 us
[2024-08-29T23:17:56.124+0800]   Choose Collection Set              97 us
[2024-08-29T23:17:56.124+0800]   Rebuild Free Set                    8 us
[2024-08-29T23:17:56.124+0800] Concurrent Weak References           68 us, parallelism: 0.04x
[2024-08-29T23:17:56.124+0800]   CWRF: <total>                       3 us
[2024-08-29T23:17:56.124+0800]   CWRF: Weak References               3 us, workers (us):   3,   0, ---, ---, 
[2024-08-29T23:17:56.124+0800] Concurrent Weak Roots               246 us
[2024-08-29T23:17:56.124+0800]   Roots                             212 us, parallelism: 1.64x
[2024-08-29T23:17:56.124+0800]     CWR: <total>                    347 us
[2024-08-29T23:17:56.124+0800]     CWR: Code Cache Roots           299 us, workers (us): 148, 151, ---, ---, 
[2024-08-29T23:17:56.124+0800]     CWR: VM Weak Roots               45 us, workers (us):  29,  16, ---, ---, 
[2024-08-29T23:17:56.124+0800]     CWR: CLDG Roots                   3 us, workers (us):   3, ---, ---, ---, 
[2024-08-29T23:17:56.124+0800]   Rendezvous                         18 us
[2024-08-29T23:17:56.124+0800] Concurrent Cleanup                   67 us
[2024-08-29T23:17:56.124+0800] Concurrent Class Unloading          814 us
[2024-08-29T23:17:56.124+0800]   Unlink Stale                      711 us
[2024-08-29T23:17:56.124+0800]     System Dictionary                 2 us
[2024-08-29T23:17:56.124+0800]     Weak Class Links                  0 us
[2024-08-29T23:17:56.124+0800]     Code Roots                      708 us
[2024-08-29T23:17:56.124+0800]   Rendezvous                         24 us
[2024-08-29T23:17:56.124+0800]   Purge Unlinked                     53 us
[2024-08-29T23:17:56.124+0800]     Code Roots                       42 us
[2024-08-29T23:17:56.124+0800]     CLDG                             11 us
[2024-08-29T23:17:56.124+0800]     Exception Caches                  0 us
[2024-08-29T23:17:56.124+0800] Pause Final Roots (G)                31 us
[2024-08-29T23:17:56.124+0800] Pause Final Roots (N)                12 us
[2024-08-29T23:17:56.124+0800] 
[2024-08-29T23:17:56.124+0800] Allocation pacing accrued:
[2024-08-29T23:17:56.124+0800]       0 of   233 ms (  0.0%): <total>
[2024-08-29T23:17:56.124+0800]       0 of   233 ms (  0.0%): <average total>
[2024-08-29T23:17:56.124+0800] 
[2024-08-29T23:17:56.124+0800] Metaspace: 1651K(1792K)->1651K(1792K) NonClass: 1531K(1600K)->1531K(1600K) Class: 119K(192K)->119K(192K)
[2024-08-29T23:17:56.124+0800] Pacer for Idle. Initial: 41943K, Alloc Tax Rate: 1.0x
[2024-08-29T23:17:56.341+0800] Trigger: Free (204M) is below minimum threshold (204M)
[2024-08-29T23:17:56.342+0800] Free: 200M, Max: 1024K regular, 108M humongous, Frag: 46% external, 2% internal; Reserve: 103M, Max: 1024K
[2024-08-29T23:17:56.342+0800] GC(125) Concurrent reset
[2024-08-29T23:17:56.342+0800] GC(125) Using 2 of 4 workers for concurrent reset
[2024-08-29T23:17:56.342+0800] GC(125) Pacer for Reset. Non-Taxable: 2048M
[2024-08-29T23:17:56.348+0800] GC(125) Concurrent reset 6.650ms
[2024-08-29T23:17:56.349+0800] GC(125) Pause Init Mark (unload classes)
[2024-08-29T23:17:56.349+0800] GC(125) Using 4 of 4 workers for init marking
[2024-08-29T23:17:56.349+0800] GC(125) Pacer for Mark. Expected Live: 1025M, Free: 183M, Non-Taxable: 18811K, Alloc Tax Rate: 6.8x
[2024-08-29T23:17:56.349+0800] GC(125) Pause Init Mark (unload classes) 0.132ms
[2024-08-29T23:17:56.350+0800] GC(125) Concurrent marking roots
[2024-08-29T23:17:56.350+0800] GC(125) Using 2 of 4 workers for concurrent marking roots
[2024-08-29T23:17:56.350+0800] GC(125) Concurrent marking roots 0.319ms
[2024-08-29T23:17:56.350+0800] GC(125) Concurrent marking (unload classes)
[2024-08-29T23:17:56.350+0800] GC(125) Using 2 of 4 workers for concurrent marking
[2024-08-29T23:17:56.352+0800] GC(125) Concurrent marking (unload classes) 2.480ms
[2024-08-29T23:17:56.352+0800] GC(125) Pause Final Mark (unload classes)
[2024-08-29T23:17:56.352+0800] GC(125) Using 4 of 4 workers for final marking
[2024-08-29T23:17:56.353+0800] GC(125) Collectable Garbage: 428M (96%), Immediate: 428M (96%), CSet: 0B (0%)
[2024-08-29T23:17:56.353+0800] GC(125) Pause Final Mark (unload classes) 0.260ms
[2024-08-29T23:17:56.353+0800] GC(125) Concurrent weak references
[2024-08-29T23:17:56.353+0800] GC(125) Using 2 of 4 workers for concurrent weak references
[2024-08-29T23:17:56.353+0800] GC(125) Encountered references: Soft: 178, Weak: 297, Final: 0, Phantom: 5
[2024-08-29T23:17:56.353+0800] GC(125) Discovered  references: Soft: 0, Weak: 113, Final: 0, Phantom: 3
[2024-08-29T23:17:56.353+0800] GC(125) Enqueued    references: Soft: 0, Weak: 0, Final: 0, Phantom: 0
[2024-08-29T23:17:56.353+0800] GC(125) Concurrent weak references 0.066ms
[2024-08-29T23:17:56.353+0800] GC(125) Concurrent weak roots
[2024-08-29T23:17:56.353+0800] GC(125) Using 2 of 4 workers for concurrent weak root
[2024-08-29T23:17:56.353+0800] GC(125) Concurrent weak roots 0.718ms
[2024-08-29T23:17:56.354+0800] GC(125) Concurrent cleanup
[2024-08-29T23:17:56.354+0800] GC(125) Concurrent cleanup 1517M->1089M(2048M) 0.076ms
[2024-08-29T23:17:56.354+0800] GC(125) Free: 678M, Max: 1024K regular, 108M humongous, Frag: 84% external, 1% internal; Reserve: 103M, Max: 1024K
[2024-08-29T23:17:56.354+0800] GC(125) Concurrent class unloading
[2024-08-29T23:17:56.354+0800] GC(125) Using 2 of 4 workers for concurrent class unloading
[2024-08-29T23:17:56.355+0800] GC(125) Concurrent class unloading 1.315ms
[2024-08-29T23:17:56.355+0800] GC(125) Pause Final Roots
[2024-08-29T23:17:56.355+0800] GC(125) Pause Final Roots 0.016ms
[2024-08-29T23:17:56.355+0800] Free: 665M, Max: 1024K regular, 108M humongous, Frag: 84% external, 1% internal; Reserve: 103M, Max: 1024K
[2024-08-29T23:17:56.355+0800] 
[2024-08-29T23:17:56.355+0800] All times are wall-clock times, except per-root-class counters, that are sum over
[2024-08-29T23:17:56.355+0800] all workers. Dividing the <total> over the root stage time estimates parallelism.
[2024-08-29T23:17:56.355+0800] 
[2024-08-29T23:17:56.355+0800] Concurrent Reset                   6776 us
[2024-08-29T23:17:56.355+0800] Pause Init Mark (G)                1161 us
[2024-08-29T23:17:56.355+0800] Pause Init Mark (N)                 138 us
[2024-08-29T23:17:56.356+0800]   Update Region States               67 us
[2024-08-29T23:17:56.356+0800] Concurrent Mark Roots               332 us, parallelism: 0.67x
[2024-08-29T23:17:56.356+0800]   CMR: <total>                      222 us
[2024-08-29T23:17:56.356+0800]   CMR: Thread Roots                 168 us, workers (us): 168,   0, ---, ---, 
[2024-08-29T23:17:56.356+0800]   CMR: VM Strong Roots                5 us, workers (us):   5,   0, ---, ---, 
[2024-08-29T23:17:56.356+0800]   CMR: CLDG Roots                    49 us, workers (us):  49, ---, ---, ---, 
[2024-08-29T23:17:56.356+0800] Concurrent Marking                 2507 us
[2024-08-29T23:17:56.356+0800] Pause Final Mark (G)                311 us
[2024-08-29T23:17:56.356+0800] Pause Final Mark (N)                268 us
[2024-08-29T23:17:56.356+0800]   Finish Mark                        81 us
[2024-08-29T23:17:56.356+0800]   Update Region States               38 us
[2024-08-29T23:17:56.356+0800]   Choose Collection Set             110 us
[2024-08-29T23:17:56.356+0800]   Rebuild Free Set                    8 us
[2024-08-29T23:17:56.356+0800] Concurrent Weak References           72 us, parallelism: 0.10x
[2024-08-29T23:17:56.356+0800]   CWRF: <total>                       7 us
[2024-08-29T23:17:56.356+0800]   CWRF: Weak References               7 us, workers (us):   7,   0, ---, ---, 
[2024-08-29T23:17:56.356+0800] Concurrent Weak Roots               735 us
[2024-08-29T23:17:56.356+0800]   Roots                             654 us, parallelism: 0.90x
[2024-08-29T23:17:56.356+0800]     CWR: <total>                    590 us
[2024-08-29T23:17:56.356+0800]     CWR: Code Cache Roots           488 us, workers (us): 488,   0, ---, ---, 
[2024-08-29T23:17:56.356+0800]     CWR: VM Weak Roots               96 us, workers (us):  95,   0, ---, ---, 
[2024-08-29T23:17:56.356+0800]     CWR: CLDG Roots                   6 us, workers (us):   6, ---, ---, ---, 
[2024-08-29T23:17:56.356+0800]   Rendezvous                         54 us
[2024-08-29T23:17:56.356+0800] Concurrent Cleanup                   83 us
[2024-08-29T23:17:56.356+0800] Concurrent Class Unloading         1333 us
[2024-08-29T23:17:56.356+0800]   Unlink Stale                      536 us
[2024-08-29T23:17:56.356+0800]     System Dictionary                 2 us
[2024-08-29T23:17:56.356+0800]     Weak Class Links                  0 us
[2024-08-29T23:17:56.356+0800]     Code Roots                      533 us
[2024-08-29T23:17:56.356+0800]   Rendezvous                         77 us
[2024-08-29T23:17:56.356+0800]   Purge Unlinked                    691 us
[2024-08-29T23:17:56.356+0800]     Code Roots                      684 us
[2024-08-29T23:17:56.356+0800]     CLDG                              6 us
[2024-08-29T23:17:56.356+0800]     Exception Caches                  0 us
[2024-08-29T23:17:56.356+0800] Pause Final Roots (G)               488 us
[2024-08-29T23:17:56.356+0800] Pause Final Roots (N)                23 us
[2024-08-29T23:17:56.356+0800] 
[2024-08-29T23:17:56.356+0800] Allocation pacing accrued:
[2024-08-29T23:17:56.356+0800]       0 of   232 ms (  0.0%): <total>
[2024-08-29T23:17:56.356+0800]       0 of   232 ms (  0.0%): <average total>
[2024-08-29T23:17:56.356+0800] 
[2024-08-29T23:17:56.356+0800] Metaspace: 1651K(1792K)->1651K(1792K) NonClass: 1531K(1600K)->1531K(1600K) Class: 119K(192K)->119K(192K)
[2024-08-29T23:17:56.356+0800] Pacer for Idle. Initial: 41943K, Alloc Tax Rate: 1.0x
[2024-08-29T23:17:56.579+0800] Trigger: Free (203M) is below minimum threshold (204M)
[2024-08-29T23:17:56.579+0800] Free: 201M, Max: 1024K regular, 108M humongous, Frag: 46% external, 2% internal; Reserve: 103M, Max: 1024K
[2024-08-29T23:17:56.579+0800] GC(126) Concurrent reset
[2024-08-29T23:17:56.579+0800] GC(126) Using 2 of 4 workers for concurrent reset
[2024-08-29T23:17:56.579+0800] GC(126) Pacer for Reset. Non-Taxable: 2048M
[2024-08-29T23:17:56.588+0800] GC(126) Concurrent reset 8.841ms
[2024-08-29T23:17:56.588+0800] GC(126) Pause Init Mark (unload classes)
[2024-08-29T23:17:56.588+0800] GC(126) Using 4 of 4 workers for init marking
[2024-08-29T23:17:56.588+0800] GC(126) Pacer for Mark. Expected Live: 1036M, Free: 170M, Non-Taxable: 17444K, Alloc Tax Rate: 7.4x
[2024-08-29T23:17:56.588+0800] GC(126) Pause Init Mark (unload classes) 0.147ms
[2024-08-29T23:17:56.588+0800] GC(126) Concurrent marking roots
[2024-08-29T23:17:56.589+0800] GC(126) Using 2 of 4 workers for concurrent marking roots
[2024-08-29T23:17:56.589+0800] GC(126) Concurrent marking roots 0.330ms
[2024-08-29T23:17:56.589+0800] GC(126) Concurrent marking (unload classes)
[2024-08-29T23:17:56.589+0800] GC(126) Using 2 of 4 workers for concurrent marking
[2024-08-29T23:17:56.593+0800] GC(126) Concurrent marking (unload classes) 4.062ms
[2024-08-29T23:17:56.593+0800] GC(126) Pause Final Mark (unload classes)
[2024-08-29T23:17:56.593+0800] GC(126) Using 4 of 4 workers for final marking
[2024-08-29T23:17:56.594+0800] GC(126) Collectable Garbage: 501M (97%), Immediate: 501M (97%), CSet: 0B (0%)
[2024-08-29T23:17:56.594+0800] GC(126) Pause Final Mark (unload classes) 0.846ms
[2024-08-29T23:17:56.594+0800] GC(126) Concurrent weak references
[2024-08-29T23:17:56.594+0800] GC(126) Using 2 of 4 workers for concurrent weak references
[2024-08-29T23:17:56.594+0800] GC(126) Encountered references: Soft: 178, Weak: 297, Final: 0, Phantom: 5
[2024-08-29T23:17:56.594+0800] GC(126) Discovered  references: Soft: 0, Weak: 142, Final: 0, Phantom: 5
[2024-08-29T23:17:56.594+0800] GC(126) Enqueued    references: Soft: 0, Weak: 0, Final: 0, Phantom: 0
[2024-08-29T23:17:56.594+0800] GC(126) Concurrent weak references 0.209ms
[2024-08-29T23:17:56.594+0800] GC(126) Concurrent weak roots
[2024-08-29T23:17:56.594+0800] GC(126) Using 2 of 4 workers for concurrent weak root
[2024-08-29T23:17:56.595+0800] GC(126) Concurrent weak roots 0.595ms
[2024-08-29T23:17:56.595+0800] GC(126) Concurrent cleanup
[2024-08-29T23:17:56.595+0800] GC(126) Concurrent cleanup 1542M->1040M(2048M) 0.105ms
[2024-08-29T23:17:56.595+0800] GC(126) Free: 731M, Max: 1024K regular, 104M humongous, Frag: 86% external, 0% internal; Reserve: 103M, Max: 1024K
[2024-08-29T23:17:56.595+0800] GC(126) Concurrent class unloading
[2024-08-29T23:17:56.595+0800] GC(126) Using 2 of 4 workers for concurrent class unloading
[2024-08-29T23:17:56.596+0800] GC(126) Concurrent class unloading 1.396ms
[2024-08-29T23:17:56.597+0800] GC(126) Pause Final Roots
[2024-08-29T23:17:56.597+0800] GC(126) Pause Final Roots 0.022ms
[2024-08-29T23:17:56.597+0800] Free: 731M, Max: 1024K regular, 104M humongous, Frag: 86% external, 0% internal; Reserve: 103M, Max: 1024K
[2024-08-29T23:17:56.597+0800] 
[2024-08-29T23:17:56.597+0800] All times are wall-clock times, except per-root-class counters, that are sum over
[2024-08-29T23:17:56.597+0800] all workers. Dividing the <total> over the root stage time estimates parallelism.
[2024-08-29T23:17:56.597+0800] 
[2024-08-29T23:17:56.597+0800] Concurrent Reset                   8931 us
[2024-08-29T23:17:56.597+0800] Pause Init Mark (G)                 299 us
[2024-08-29T23:17:56.597+0800] Pause Init Mark (N)                 162 us
[2024-08-29T23:17:56.597+0800]   Update Region States               75 us
[2024-08-29T23:17:56.597+0800] Concurrent Mark Roots               353 us, parallelism: 0.89x
[2024-08-29T23:17:56.597+0800]   CMR: <total>                      316 us
[2024-08-29T23:17:56.597+0800]   CMR: Thread Roots                 271 us, workers (us): 132, 139, ---, ---, 
[2024-08-29T23:17:56.597+0800]   CMR: VM Strong Roots                5 us, workers (us):   4,   1, ---, ---, 
[2024-08-29T23:17:56.597+0800]   CMR: CLDG Roots                    40 us, workers (us):  40, ---, ---, ---, 
[2024-08-29T23:17:56.597+0800] Concurrent Marking                 4174 us
[2024-08-29T23:17:56.597+0800] Pause Final Mark (G)               1004 us
[2024-08-29T23:17:56.597+0800] Pause Final Mark (N)                866 us
[2024-08-29T23:17:56.597+0800]   Finish Mark                       409 us
[2024-08-29T23:17:56.597+0800]   Update Region States              142 us
[2024-08-29T23:17:56.597+0800]   Choose Collection Set             222 us
[2024-08-29T23:17:56.597+0800]   Rebuild Free Set                   19 us
[2024-08-29T23:17:56.597+0800] Concurrent Weak References          223 us, parallelism: 0.08x
[2024-08-29T23:17:56.597+0800]   CWRF: <total>                      19 us
[2024-08-29T23:17:56.597+0800]   CWRF: Weak References              19 us, workers (us):  19,   0, ---, ---, 
[2024-08-29T23:17:56.597+0800] Concurrent Weak Roots               640 us
[2024-08-29T23:17:56.597+0800]   Roots                             456 us, parallelism: 1.33x
[2024-08-29T23:17:56.597+0800]     CWR: <total>                    607 us
[2024-08-29T23:17:56.597+0800]     CWR: Code Cache Roots           500 us, workers (us): 236, 264, ---, ---, 
[2024-08-29T23:17:56.597+0800]     CWR: VM Weak Roots               98 us, workers (us):  86,  12, ---, ---, 
[2024-08-29T23:17:56.597+0800]     CWR: CLDG Roots                   9 us, workers (us): ---,   9, ---, ---, 
[2024-08-29T23:17:56.597+0800]   Rendezvous                         93 us
[2024-08-29T23:17:56.597+0800] Concurrent Cleanup                  114 us
[2024-08-29T23:17:56.597+0800] Concurrent Class Unloading         1434 us
[2024-08-29T23:17:56.597+0800]   Unlink Stale                     1124 us
[2024-08-29T23:17:56.597+0800]     System Dictionary                 5 us
[2024-08-29T23:17:56.597+0800]     Weak Class Links                  0 us
[2024-08-29T23:17:56.597+0800]     Code Roots                     1117 us
[2024-08-29T23:17:56.597+0800]   Rendezvous                        102 us
[2024-08-29T23:17:56.597+0800]   Purge Unlinked                    153 us
[2024-08-29T23:17:56.597+0800]     Code Roots                      128 us
[2024-08-29T23:17:56.597+0800]     CLDG                             23 us
[2024-08-29T23:17:56.597+0800]     Exception Caches                  0 us
[2024-08-29T23:17:56.597+0800] Pause Final Roots (G)               140 us
[2024-08-29T23:17:56.597+0800] Pause Final Roots (N)                32 us
[2024-08-29T23:17:56.597+0800] 
[2024-08-29T23:17:56.597+0800] Allocation pacing accrued:
[2024-08-29T23:17:56.597+0800]       0 of   241 ms (  0.0%): <total>
[2024-08-29T23:17:56.597+0800]       0 of   241 ms (  0.0%): <average total>
[2024-08-29T23:17:56.597+0800] 
[2024-08-29T23:17:56.597+0800] Metaspace: 1651K(1792K)->1651K(1792K) NonClass: 1531K(1600K)->1531K(1600K) Class: 119K(192K)->119K(192K)
[2024-08-29T23:17:56.597+0800] Pacer for Idle. Initial: 41943K, Alloc Tax Rate: 1.0x
[2024-08-29T23:17:56.838+0800] Trigger: Free (197M) is below minimum threshold (204M)
[2024-08-29T23:17:56.838+0800] Free: 197M, Max: 1024K regular, 104M humongous, Frag: 47% external, 0% internal; Reserve: 103M, Max: 1024K
[2024-08-29T23:17:56.838+0800] GC(127) Concurrent reset
[2024-08-29T23:17:56.838+0800] GC(127) Using 2 of 4 workers for concurrent reset
[2024-08-29T23:17:56.838+0800] GC(127) Pacer for Reset. Non-Taxable: 2048M
[2024-08-29T23:17:56.843+0800] GC(127) Concurrent reset 4.719ms
[2024-08-29T23:17:56.843+0800] GC(127) Pause Init Mark (unload classes)
[2024-08-29T23:17:56.843+0800] GC(127) Using 4 of 4 workers for init marking
[2024-08-29T23:17:56.843+0800] GC(127) Pacer for Mark. Expected Live: 1033M, Free: 190M, Non-Taxable: 19458K, Alloc Tax Rate: 6.6x
[2024-08-29T23:17:56.843+0800] GC(127) Pause Init Mark (unload classes) 0.102ms
[2024-08-29T23:17:56.843+0800] GC(127) Concurrent marking roots
[2024-08-29T23:17:56.843+0800] GC(127) Using 2 of 4 workers for concurrent marking roots
[2024-08-29T23:17:56.844+0800] GC(127) Concurrent marking roots 0.685ms
[2024-08-29T23:17:56.844+0800] GC(127) Concurrent marking (unload classes)
[2024-08-29T23:17:56.844+0800] GC(127) Using 2 of 4 workers for concurrent marking
[2024-08-29T23:17:56.846+0800] GC(127) Concurrent marking (unload classes) 2.193ms
[2024-08-29T23:17:56.846+0800] GC(127) Pause Final Mark (unload classes)
[2024-08-29T23:17:56.846+0800] GC(127) Using 4 of 4 workers for final marking
[2024-08-29T23:17:56.846+0800] GC(127) Collectable Garbage: 512M (97%), Immediate: 512M (97%), CSet: 0B (0%)
[2024-08-29T23:17:56.847+0800] GC(127) Pause Final Mark (unload classes) 0.286ms
[2024-08-29T23:17:56.847+0800] GC(127) Concurrent weak references
[2024-08-29T23:17:56.847+0800] GC(127) Using 2 of 4 workers for concurrent weak references
[2024-08-29T23:17:56.847+0800] GC(127) Encountered references: Soft: 178, Weak: 297, Final: 0, Phantom: 5
[2024-08-29T23:17:56.847+0800] GC(127) Discovered  references: Soft: 0, Weak: 72, Final: 0, Phantom: 3
[2024-08-29T23:17:56.847+0800] GC(127) Enqueued    references: Soft: 0, Weak: 0, Final: 0, Phantom: 0
[2024-08-29T23:17:56.847+0800] GC(127) Concurrent weak references 0.073ms
[2024-08-29T23:17:56.847+0800] GC(127) Concurrent weak roots
[2024-08-29T23:17:56.847+0800] GC(127) Using 2 of 4 workers for concurrent weak root
[2024-08-29T23:17:56.847+0800] GC(127) Concurrent weak roots 0.287ms
[2024-08-29T23:17:56.847+0800] GC(127) Concurrent cleanup
[2024-08-29T23:17:56.847+0800] GC(127) Concurrent cleanup 1518M->1005M(2048M) 0.063ms
[2024-08-29T23:17:56.847+0800] GC(127) Free: 771M, Max: 1024K regular, 104M humongous, Frag: 87% external, 2% internal; Reserve: 103M, Max: 1024K
[2024-08-29T23:17:56.847+0800] GC(127) Concurrent class unloading
[2024-08-29T23:17:56.847+0800] GC(127) Using 2 of 4 workers for concurrent class unloading
[2024-08-29T23:17:56.849+0800] GC(127) Concurrent class unloading 1.773ms
[2024-08-29T23:17:56.849+0800] GC(127) Pause Final Roots
[2024-08-29T23:17:56.849+0800] GC(127) Pause Final Roots 0.011ms
[2024-08-29T23:17:56.849+0800] Free: 765M, Max: 1024K regular, 104M humongous, Frag: 87% external, 2% internal; Reserve: 103M, Max: 1024K
[2024-08-29T23:17:56.849+0800] 
[2024-08-29T23:17:56.849+0800] All times are wall-clock times, except per-root-class counters, that are sum over
[2024-08-29T23:17:56.849+0800] all workers. Dividing the <total> over the root stage time estimates parallelism.
[2024-08-29T23:17:56.849+0800] 
[2024-08-29T23:17:56.849+0800] Concurrent Reset                   4763 us
[2024-08-29T23:17:56.849+0800] Pause Init Mark (G)                 192 us
[2024-08-29T23:17:56.849+0800] Pause Init Mark (N)                 109 us
[2024-08-29T23:17:56.849+0800]   Update Region States               63 us
[2024-08-29T23:17:56.849+0800] Concurrent Mark Roots               713 us, parallelism: 0.82x
[2024-08-29T23:17:56.849+0800]   CMR: <total>                      583 us
[2024-08-29T23:17:56.849+0800]   CMR: Thread Roots                 539 us, workers (us): 509,  30, ---, ---, 
[2024-08-29T23:17:56.849+0800]   CMR: VM Strong Roots                4 us, workers (us):   4,   0, ---, ---, 
[2024-08-29T23:17:56.849+0800]   CMR: CLDG Roots                    40 us, workers (us):  40, ---, ---, ---, 
[2024-08-29T23:17:56.849+0800] Concurrent Marking                 2212 us
[2024-08-29T23:17:56.849+0800] Pause Final Mark (G)                350 us
[2024-08-29T23:17:56.849+0800] Pause Final Mark (N)                294 us
[2024-08-29T23:17:56.849+0800]   Finish Mark                        95 us
[2024-08-29T23:17:56.849+0800]   Update Region States               42 us
[2024-08-29T23:17:56.849+0800]   Choose Collection Set             119 us
[2024-08-29T23:17:56.849+0800]   Rebuild Free Set                    8 us
[2024-08-29T23:17:56.849+0800] Concurrent Weak References           78 us, parallelism: 0.03x
[2024-08-29T23:17:56.849+0800]   CWRF: <total>                       2 us
[2024-08-29T23:17:56.849+0800]   CWRF: Weak References               2 us, workers (us):   2,   0, ---, ---, 
[2024-08-29T23:17:56.849+0800] Concurrent Weak Roots               297 us
[2024-08-29T23:17:56.849+0800]   Roots                             228 us, parallelism: 1.44x
[2024-08-29T23:17:56.849+0800]     CWR: <total>                    328 us
[2024-08-29T23:17:56.849+0800]     CWR: Code Cache Roots           285 us, workers (us): 136, 149, ---, ---, 
[2024-08-29T23:17:56.849+0800]     CWR: VM Weak Roots               41 us, workers (us):  25,  17, ---, ---, 
[2024-08-29T23:17:56.849+0800]     CWR: CLDG Roots                   2 us, workers (us): ---,   2, ---, ---, 
[2024-08-29T23:17:56.849+0800]   Rendezvous                         49 us
[2024-08-29T23:17:56.849+0800] Concurrent Cleanup                   68 us
[2024-08-29T23:17:56.849+0800] Concurrent Class Unloading         1810 us
[2024-08-29T23:17:56.849+0800]   Unlink Stale                      644 us
[2024-08-29T23:17:56.849+0800]     System Dictionary                 2 us
[2024-08-29T23:17:56.849+0800]     Weak Class Links                  0 us
[2024-08-29T23:17:56.849+0800]     Code Roots                      641 us
[2024-08-29T23:17:56.849+0800]   Rendezvous                       1028 us
[2024-08-29T23:17:56.849+0800]   Purge Unlinked                     91 us
[2024-08-29T23:17:56.849+0800]     Code Roots                       78 us
[2024-08-29T23:17:56.849+0800]     CLDG                             12 us
[2024-08-29T23:17:56.849+0800]     Exception Caches                  0 us
[2024-08-29T23:17:56.849+0800] Pause Final Roots (G)                71 us
[2024-08-29T23:17:56.849+0800] Pause Final Roots (N)                17 us
[2024-08-29T23:17:56.849+0800] 
[2024-08-29T23:17:56.849+0800] Allocation pacing accrued:
[2024-08-29T23:17:56.849+0800]       0 of   252 ms (  0.0%): <total>
[2024-08-29T23:17:56.849+0800]       0 of   252 ms (  0.0%): <average total>
[2024-08-29T23:17:56.849+0800] 
[2024-08-29T23:17:56.849+0800] Metaspace: 1651K(1792K)->1651K(1792K) NonClass: 1531K(1600K)->1531K(1600K) Class: 119K(192K)->119K(192K)
[2024-08-29T23:17:56.849+0800] Pacer for Idle. Initial: 41943K, Alloc Tax Rate: 1.0x
[2024-08-29T23:17:57.062+0800] Trigger: Free (201M) is below minimum threshold (204M)
[2024-08-29T23:17:57.063+0800] Free: 199M, Max: 1024K regular, 104M humongous, Frag: 48% external, 1% internal; Reserve: 103M, Max: 1024K
[2024-08-29T23:17:57.063+0800] GC(128) Concurrent reset
[2024-08-29T23:17:57.063+0800] GC(128) Using 2 of 4 workers for concurrent reset
[2024-08-29T23:17:57.063+0800] GC(128) Pacer for Reset. Non-Taxable: 2048M
[2024-08-29T23:17:57.068+0800] GC(128) Concurrent reset 5.640ms
[2024-08-29T23:17:57.068+0800] GC(128) Pause Init Mark (unload classes)
[2024-08-29T23:17:57.068+0800] GC(128) Using 4 of 4 workers for init marking
[2024-08-29T23:17:57.069+0800] GC(128) Pacer for Mark. Expected Live: 1012M, Free: 180M, Non-Taxable: 18488K, Alloc Tax Rate: 6.9x
[2024-08-29T23:17:57.069+0800] GC(128) Pause Init Mark (unload classes) 0.107ms
[2024-08-29T23:17:57.069+0800] GC(128) Concurrent marking roots
[2024-08-29T23:17:57.069+0800] GC(128) Using 2 of 4 workers for concurrent marking roots
[2024-08-29T23:17:57.069+0800] GC(128) Concurrent marking roots 0.458ms
[2024-08-29T23:17:57.069+0800] GC(128) Concurrent marking (unload classes)
[2024-08-29T23:17:57.069+0800] GC(128) Using 2 of 4 workers for concurrent marking
[2024-08-29T23:17:57.072+0800] GC(128) Concurrent marking (unload classes) 2.884ms
[2024-08-29T23:17:57.072+0800] GC(128) Pause Final Mark (unload classes)
[2024-08-29T23:17:57.072+0800] GC(128) Using 4 of 4 workers for final marking
[2024-08-29T23:17:57.072+0800] GC(128) Collectable Garbage: 475M (97%), Immediate: 475M (97%), CSet: 0B (0%)
[2024-08-29T23:17:57.072+0800] GC(128) Pause Final Mark (unload classes) 0.297ms
[2024-08-29T23:17:57.072+0800] GC(128) Concurrent weak references
[2024-08-29T23:17:57.072+0800] GC(128) Using 2 of 4 workers for concurrent weak references
[2024-08-29T23:17:57.072+0800] GC(128) Encountered references: Soft: 178, Weak: 297, Final: 0, Phantom: 5
[2024-08-29T23:17:57.072+0800] GC(128) Discovered  references: Soft: 0, Weak: 113, Final: 0, Phantom: 3
[2024-08-29T23:17:57.072+0800] GC(128) Enqueued    references: Soft: 0, Weak: 0, Final: 0, Phantom: 0
[2024-08-29T23:17:57.072+0800] GC(128) Concurrent weak references 0.078ms
[2024-08-29T23:17:57.072+0800] GC(128) Concurrent weak roots
[2024-08-29T23:17:57.072+0800] GC(128) Using 2 of 4 workers for concurrent weak root
[2024-08-29T23:17:57.073+0800] GC(128) Concurrent weak roots 0.269ms
[2024-08-29T23:17:57.073+0800] GC(128) Concurrent cleanup
[2024-08-29T23:17:57.073+0800] GC(128) Concurrent cleanup 1520M->1045M(2048M) 0.124ms
[2024-08-29T23:17:57.073+0800] GC(128) Free: 733M, Max: 1024K regular, 128M humongous, Frag: 83% external, 2% internal; Reserve: 103M, Max: 1024K
[2024-08-29T23:17:57.073+0800] GC(128) Concurrent class unloading
[2024-08-29T23:17:57.073+0800] GC(128) Using 2 of 4 workers for concurrent class unloading
[2024-08-29T23:17:57.074+0800] GC(128) Concurrent class unloading 0.804ms
[2024-08-29T23:17:57.074+0800] GC(128) Pause Final Roots
[2024-08-29T23:17:57.074+0800] GC(128) Pause Final Roots 0.019ms
[2024-08-29T23:17:57.074+0800] Free: 733M, Max: 1024K regular, 128M humongous, Frag: 83% external, 2% internal; Reserve: 103M, Max: 1024K
[2024-08-29T23:17:57.074+0800] 
[2024-08-29T23:17:57.074+0800] All times are wall-clock times, except per-root-class counters, that are sum over
[2024-08-29T23:17:57.074+0800] all workers. Dividing the <total> over the root stage time estimates parallelism.
[2024-08-29T23:17:57.074+0800] 
[2024-08-29T23:17:57.074+0800] Concurrent Reset                   5716 us
[2024-08-29T23:17:57.074+0800] Pause Init Mark (G)                 219 us
[2024-08-29T23:17:57.074+0800] Pause Init Mark (N)                 113 us
[2024-08-29T23:17:57.074+0800]   Update Region States               61 us
[2024-08-29T23:17:57.074+0800] Concurrent Mark Roots               470 us, parallelism: 0.57x
[2024-08-29T23:17:57.074+0800]   CMR: <total>                      270 us
[2024-08-29T23:17:57.074+0800]   CMR: Thread Roots                 233 us, workers (us): 108, 125, ---, ---, 
[2024-08-29T23:17:57.074+0800]   CMR: VM Strong Roots                4 us, workers (us):   3,   0, ---, ---, 
[2024-08-29T23:17:57.074+0800]   CMR: CLDG Roots                    33 us, workers (us):  33, ---, ---, ---, 
[2024-08-29T23:17:57.074+0800] Concurrent Marking                 2937 us
[2024-08-29T23:17:57.074+0800] Pause Final Mark (G)                350 us
[2024-08-29T23:17:57.074+0800] Pause Final Mark (N)                305 us
[2024-08-29T23:17:57.074+0800]   Finish Mark                        93 us
[2024-08-29T23:17:57.074+0800]   Update Region States               71 us
[2024-08-29T23:17:57.074+0800]   Choose Collection Set             100 us
[2024-08-29T23:17:57.074+0800]   Rebuild Free Set                   12 us
[2024-08-29T23:17:57.074+0800] Concurrent Weak References           85 us, parallelism: 0.04x
[2024-08-29T23:17:57.074+0800]   CWRF: <total>                       4 us
[2024-08-29T23:17:57.074+0800]   CWRF: Weak References               4 us, workers (us):   4,   0, ---, ---, 
[2024-08-29T23:17:57.074+0800] Concurrent Weak Roots               282 us
[2024-08-29T23:17:57.074+0800]   Roots                             232 us, parallelism: 1.34x
[2024-08-29T23:17:57.074+0800]     CWR: <total>                    310 us
[2024-08-29T23:17:57.074+0800]     CWR: Code Cache Roots           259 us, workers (us): 140, 120, ---, ---, 
[2024-08-29T23:17:57.074+0800]     CWR: VM Weak Roots               49 us, workers (us):  28,  21, ---, ---, 
[2024-08-29T23:17:57.074+0800]     CWR: CLDG Roots                   2 us, workers (us): ---,   2, ---, ---, 
[2024-08-29T23:17:57.074+0800]   Rendezvous                         24 us
[2024-08-29T23:17:57.074+0800] Concurrent Cleanup                  135 us
[2024-08-29T23:17:57.074+0800] Concurrent Class Unloading          822 us
[2024-08-29T23:17:57.074+0800]   Unlink Stale                      725 us
[2024-08-29T23:17:57.074+0800]     System Dictionary                 2 us
[2024-08-29T23:17:57.074+0800]     Weak Class Links                  0 us
[2024-08-29T23:17:57.074+0800]     Code Roots                      722 us
[2024-08-29T23:17:57.074+0800]   Rendezvous                         23 us
[2024-08-29T23:17:57.074+0800]   Purge Unlinked                     43 us
[2024-08-29T23:17:57.074+0800]     Code Roots                       40 us
[2024-08-29T23:17:57.074+0800]     CLDG                              2 us
[2024-08-29T23:17:57.074+0800]     Exception Caches                  0 us
[2024-08-29T23:17:57.074+0800] Pause Final Roots (G)               267 us
[2024-08-29T23:17:57.074+0800] Pause Final Roots (N)                28 us
[2024-08-29T23:17:57.074+0800] 
[2024-08-29T23:17:57.074+0800] Allocation pacing accrued:
[2024-08-29T23:17:57.074+0800]       0 of   225 ms (  0.0%): <total>
[2024-08-29T23:17:57.074+0800]       0 of   225 ms (  0.0%): <average total>
[2024-08-29T23:17:57.074+0800] 
[2024-08-29T23:17:57.074+0800] Metaspace: 1651K(1792K)->1651K(1792K) NonClass: 1531K(1600K)->1531K(1600K) Class: 119K(192K)->119K(192K)
[2024-08-29T23:17:57.074+0800] Pacer for Idle. Initial: 41943K, Alloc Tax Rate: 1.0x
[2024-08-29T23:17:57.280+0800] Trigger: Free (194M) is below minimum threshold (204M)
[2024-08-29T23:17:57.281+0800] Free: 194M, Max: 1024K regular, 128M humongous, Frag: 33% external, 5% internal; Reserve: 103M, Max: 1024K
[2024-08-29T23:17:57.281+0800] GC(129) Concurrent reset
[2024-08-29T23:17:57.281+0800] GC(129) Using 2 of 4 workers for concurrent reset
[2024-08-29T23:17:57.281+0800] GC(129) Pacer for Reset. Non-Taxable: 2048M
[2024-08-29T23:17:57.286+0800] GC(129) Concurrent reset 4.937ms
[2024-08-29T23:17:57.286+0800] GC(129) Pause Init Mark (unload classes)
[2024-08-29T23:17:57.286+0800] GC(129) Using 4 of 4 workers for init marking
[2024-08-29T23:17:57.286+0800] GC(129) Pacer for Mark. Expected Live: 1015M, Free: 194M, Non-Taxable: 19867K, Alloc Tax Rate: 6.4x
[2024-08-29T23:17:57.286+0800] GC(129) Pause Init Mark (unload classes) 0.102ms
[2024-08-29T23:17:57.286+0800] GC(129) Concurrent marking roots
[2024-08-29T23:17:57.286+0800] GC(129) Using 2 of 4 workers for concurrent marking roots
[2024-08-29T23:17:57.286+0800] GC(129) Concurrent marking roots 0.291ms
[2024-08-29T23:17:57.286+0800] GC(129) Concurrent marking (unload classes)
[2024-08-29T23:17:57.286+0800] GC(129) Using 2 of 4 workers for concurrent marking
[2024-08-29T23:17:57.288+0800] GC(129) Concurrent marking (unload classes) 2.324ms
[2024-08-29T23:17:57.289+0800] GC(129) Pause Final Mark (unload classes)
[2024-08-29T23:17:57.289+0800] GC(129) Using 4 of 4 workers for final marking
[2024-08-29T23:17:57.289+0800] GC(129) Collectable Garbage: 451M (97%), Immediate: 451M (97%), CSet: 0B (0%)
[2024-08-29T23:17:57.289+0800] GC(129) Pause Final Mark (unload classes) 0.326ms
[2024-08-29T23:17:57.289+0800] GC(129) Concurrent weak references
[2024-08-29T23:17:57.289+0800] GC(129) Using 2 of 4 workers for concurrent weak references
[2024-08-29T23:17:57.289+0800] GC(129) Encountered references: Soft: 178, Weak: 297, Final: 0, Phantom: 5
[2024-08-29T23:17:57.289+0800] GC(129) Discovered  references: Soft: 0, Weak: 69, Final: 0, Phantom: 3
[2024-08-29T23:17:57.289+0800] GC(129) Enqueued    references: Soft: 0, Weak: 0, Final: 0, Phantom: 0
[2024-08-29T23:17:57.289+0800] GC(129) Concurrent weak references 0.079ms
[2024-08-29T23:17:57.289+0800] GC(129) Concurrent weak roots
[2024-08-29T23:17:57.289+0800] GC(129) Using 2 of 4 workers for concurrent weak root
[2024-08-29T23:17:57.290+0800] GC(129) Concurrent weak roots 0.462ms
[2024-08-29T23:17:57.290+0800] GC(129) Concurrent cleanup
[2024-08-29T23:17:57.290+0800] GC(129) Concurrent cleanup 1515M->1063M(2048M) 0.068ms
[2024-08-29T23:17:57.290+0800] GC(129) Free: 708M, Max: 1024K regular, 136M humongous, Frag: 81% external, 1% internal; Reserve: 103M, Max: 1024K
[2024-08-29T23:17:57.290+0800] GC(129) Concurrent class unloading
[2024-08-29T23:17:57.290+0800] GC(129) Using 2 of 4 workers for concurrent class unloading
[2024-08-29T23:17:57.291+0800] GC(129) Concurrent class unloading 1.303ms
[2024-08-29T23:17:57.292+0800] GC(129) Pause Final Roots
[2024-08-29T23:17:57.292+0800] GC(129) Pause Final Roots 0.018ms
[2024-08-29T23:17:57.292+0800] Free: 704M, Max: 1024K regular, 136M humongous, Frag: 81% external, 1% internal; Reserve: 103M, Max: 1024K
[2024-08-29T23:17:57.292+0800] 
[2024-08-29T23:17:57.292+0800] All times are wall-clock times, except per-root-class counters, that are sum over
[2024-08-29T23:17:57.292+0800] all workers. Dividing the <total> over the root stage time estimates parallelism.
[2024-08-29T23:17:57.292+0800] 
[2024-08-29T23:17:57.292+0800] Concurrent Reset                   5014 us
[2024-08-29T23:17:57.292+0800] Pause Init Mark (G)                 156 us
[2024-08-29T23:17:57.292+0800] Pause Init Mark (N)                 109 us
[2024-08-29T23:17:57.292+0800]   Update Region States               48 us
[2024-08-29T23:17:57.292+0800] Concurrent Mark Roots               302 us, parallelism: 0.67x
[2024-08-29T23:17:57.292+0800]   CMR: <total>                      202 us
[2024-08-29T23:17:57.292+0800]   CMR: Thread Roots                 159 us, workers (us): 159,   0, ---, ---, 
[2024-08-29T23:17:57.292+0800]   CMR: VM Strong Roots                4 us, workers (us):   3,   0, ---, ---, 
[2024-08-29T23:17:57.292+0800]   CMR: CLDG Roots                    40 us, workers (us):  40, ---, ---, ---, 
[2024-08-29T23:17:57.292+0800] Concurrent Marking                 2349 us
[2024-08-29T23:17:57.292+0800] Pause Final Mark (G)                862 us
[2024-08-29T23:17:57.292+0800] Pause Final Mark (N)                334 us
[2024-08-29T23:17:57.292+0800]   Finish Mark                       126 us
[2024-08-29T23:17:57.292+0800]   Update Region States               59 us
[2024-08-29T23:17:57.292+0800]   Choose Collection Set             105 us
[2024-08-29T23:17:57.292+0800]   Rebuild Free Set                   10 us
[2024-08-29T23:17:57.292+0800] Concurrent Weak References           85 us, parallelism: 0.05x
[2024-08-29T23:17:57.292+0800]   CWRF: <total>                       5 us
[2024-08-29T23:17:57.292+0800]   CWRF: Weak References               5 us, workers (us):   4,   0, ---, ---, 
[2024-08-29T23:17:57.292+0800] Concurrent Weak Roots               475 us
[2024-08-29T23:17:57.292+0800]   Roots                             328 us, parallelism: 1.04x
[2024-08-29T23:17:57.292+0800]     CWR: <total>                    341 us
[2024-08-29T23:17:57.292+0800]     CWR: Code Cache Roots           289 us, workers (us): 137, 152, ---, ---, 
[2024-08-29T23:17:57.292+0800]     CWR: VM Weak Roots               49 us, workers (us):  49,   1, ---, ---, 
[2024-08-29T23:17:57.292+0800]     CWR: CLDG Roots                   3 us, workers (us):   3, ---, ---, ---, 
[2024-08-29T23:17:57.292+0800]   Rendezvous                        124 us
[2024-08-29T23:17:57.292+0800] Concurrent Cleanup                   74 us
[2024-08-29T23:17:57.292+0800] Concurrent Class Unloading         1319 us
[2024-08-29T23:17:57.292+0800]   Unlink Stale                     1159 us
[2024-08-29T23:17:57.292+0800]     System Dictionary                 3 us
[2024-08-29T23:17:57.292+0800]     Weak Class Links                  0 us
[2024-08-29T23:17:57.292+0800]     Code Roots                     1155 us
[2024-08-29T23:17:57.292+0800]   Rendezvous                         54 us
[2024-08-29T23:17:57.292+0800]   Purge Unlinked                     70 us
[2024-08-29T23:17:57.292+0800]     Code Roots                       67 us
[2024-08-29T23:17:57.292+0800]     CLDG                              3 us
[2024-08-29T23:17:57.292+0800]     Exception Caches                  0 us
[2024-08-29T23:17:57.292+0800] Pause Final Roots (G)               356 us
[2024-08-29T23:17:57.292+0800] Pause Final Roots (N)                26 us
[2024-08-29T23:17:57.292+0800] 
[2024-08-29T23:17:57.292+0800] Allocation pacing accrued:
[2024-08-29T23:17:57.292+0800]       0 of   218 ms (  0.0%): <total>
[2024-08-29T23:17:57.292+0800]       0 of   218 ms (  0.0%): <average total>
[2024-08-29T23:17:57.292+0800] 
[2024-08-29T23:17:57.292+0800] Metaspace: 1651K(1792K)->1651K(1792K) NonClass: 1531K(1600K)->1531K(1600K) Class: 119K(192K)->119K(192K)
[2024-08-29T23:17:57.292+0800] Pacer for Idle. Initial: 41943K, Alloc Tax Rate: 1.0x
[2024-08-29T23:17:57.527+0800] Trigger: Free (201M) is below minimum threshold (204M)
[2024-08-29T23:17:57.527+0800] Free: 196M, Max: 1024K regular, 136M humongous, Frag: 31% external, 0% internal; Reserve: 103M, Max: 1024K
[2024-08-29T23:17:57.528+0800] GC(130) Concurrent reset
[2024-08-29T23:17:57.528+0800] GC(130) Using 2 of 4 workers for concurrent reset
[2024-08-29T23:17:57.528+0800] GC(130) Pacer for Reset. Non-Taxable: 2048M
[2024-08-29T23:17:57.532+0800] GC(130) Concurrent reset 4.198ms
[2024-08-29T23:17:57.532+0800] GC(130) Pause Init Mark (unload classes)
[2024-08-29T23:17:57.532+0800] GC(130) Using 4 of 4 workers for init marking
[2024-08-29T23:17:57.532+0800] GC(130) Pacer for Mark. Expected Live: 1021M, Free: 192M, Non-Taxable: 19736K, Alloc Tax Rate: 6.5x
[2024-08-29T23:17:57.532+0800] GC(130) Pause Init Mark (unload classes) 0.115ms
[2024-08-29T23:17:57.532+0800] GC(130) Concurrent marking roots
[2024-08-29T23:17:57.532+0800] GC(130) Using 2 of 4 workers for concurrent marking roots
[2024-08-29T23:17:57.532+0800] GC(130) Concurrent marking roots 0.320ms
[2024-08-29T23:17:57.532+0800] GC(130) Concurrent marking (unload classes)
[2024-08-29T23:17:57.532+0800] GC(130) Using 2 of 4 workers for concurrent marking
[2024-08-29T23:17:57.534+0800] GC(130) Concurrent marking (unload classes) 1.862ms
[2024-08-29T23:17:57.534+0800] GC(130) Pause Final Mark (unload classes)
[2024-08-29T23:17:57.534+0800] GC(130) Using 4 of 4 workers for final marking
[2024-08-29T23:17:57.535+0800] GC(130) Collectable Garbage: 498M (97%), Immediate: 498M (97%), CSet: 0B (0%)
[2024-08-29T23:17:57.535+0800] GC(130) Pause Final Mark (unload classes) 0.611ms
[2024-08-29T23:17:57.535+0800] GC(130) Concurrent weak references
[2024-08-29T23:17:57.535+0800] GC(130) Using 2 of 4 workers for concurrent weak references
[2024-08-29T23:17:57.535+0800] GC(130) Encountered references: Soft: 178, Weak: 297, Final: 0, Phantom: 5
[2024-08-29T23:17:57.535+0800] GC(130) Discovered  references: Soft: 0, Weak: 115, Final: 0, Phantom: 3
[2024-08-29T23:17:57.535+0800] GC(130) Enqueued    references: Soft: 0, Weak: 0, Final: 0, Phantom: 0
[2024-08-29T23:17:57.535+0800] GC(130) Concurrent weak references 0.098ms
[2024-08-29T23:17:57.535+0800] GC(130) Concurrent weak roots
[2024-08-29T23:17:57.535+0800] GC(130) Using 2 of 4 workers for concurrent weak root
[2024-08-29T23:17:57.535+0800] GC(130) Concurrent weak roots 0.310ms
[2024-08-29T23:17:57.535+0800] GC(130) Concurrent cleanup
[2024-08-29T23:17:57.536+0800] GC(130) Concurrent cleanup 1508M->1009M(2048M) 0.075ms
[2024-08-29T23:17:57.536+0800] GC(130) Free: 781M, Max: 1024K regular, 136M humongous, Frag: 83% external, 3% internal; Reserve: 103M, Max: 1024K
[2024-08-29T23:17:57.536+0800] GC(130) Concurrent class unloading
[2024-08-29T23:17:57.536+0800] GC(130) Using 2 of 4 workers for concurrent class unloading
[2024-08-29T23:17:57.537+0800] GC(130) Concurrent class unloading 1.248ms
[2024-08-29T23:17:57.537+0800] GC(130) Pause Final Roots
[2024-08-29T23:17:57.537+0800] GC(130) Pause Final Roots 0.014ms
[2024-08-29T23:17:57.537+0800] Free: 779M, Max: 1024K regular, 136M humongous, Frag: 83% external, 3% internal; Reserve: 103M, Max: 1024K
[2024-08-29T23:17:57.537+0800] 
[2024-08-29T23:17:57.537+0800] All times are wall-clock times, except per-root-class counters, that are sum over
[2024-08-29T23:17:57.537+0800] all workers. Dividing the <total> over the root stage time estimates parallelism.
[2024-08-29T23:17:57.537+0800] 
[2024-08-29T23:17:57.537+0800] Concurrent Reset                   4243 us
[2024-08-29T23:17:57.537+0800] Pause Init Mark (G)                 214 us
[2024-08-29T23:17:57.537+0800] Pause Init Mark (N)                 121 us
[2024-08-29T23:17:57.537+0800]   Update Region States               73 us
[2024-08-29T23:17:57.537+0800] Concurrent Mark Roots               334 us, parallelism: 0.65x
[2024-08-29T23:17:57.537+0800]   CMR: <total>                      216 us
[2024-08-29T23:17:57.537+0800]   CMR: Thread Roots                 180 us, workers (us): 180,   0, ---, ---, 
[2024-08-29T23:17:57.537+0800]   CMR: VM Strong Roots                4 us, workers (us):   3,   0, ---, ---, 
[2024-08-29T23:17:57.537+0800]   CMR: CLDG Roots                    32 us, workers (us):  32, ---, ---, ---, 
[2024-08-29T23:17:57.537+0800] Concurrent Marking                 1900 us
[2024-08-29T23:17:57.537+0800] Pause Final Mark (G)                782 us
[2024-08-29T23:17:57.537+0800] Pause Final Mark (N)                620 us
[2024-08-29T23:17:57.537+0800]   Finish Mark                       413 us
[2024-08-29T23:17:57.537+0800]   Update Region States               42 us
[2024-08-29T23:17:57.537+0800]   Choose Collection Set             113 us
[2024-08-29T23:17:57.537+0800]   Rebuild Free Set                   10 us
[2024-08-29T23:17:57.537+0800] Concurrent Weak References          104 us, parallelism: 0.03x
[2024-08-29T23:17:57.537+0800]   CWRF: <total>                       4 us
[2024-08-29T23:17:57.537+0800]   CWRF: Weak References               4 us, workers (us):   4,   0, ---, ---, 
[2024-08-29T23:17:57.537+0800] Concurrent Weak Roots               325 us
[2024-08-29T23:17:57.537+0800]   Roots                             218 us, parallelism: 1.31x
[2024-08-29T23:17:57.537+0800]     CWR: <total>                    286 us
[2024-08-29T23:17:57.537+0800]     CWR: Code Cache Roots           235 us, workers (us): 127, 109, ---, ---, 
[2024-08-29T23:17:57.537+0800]     CWR: VM Weak Roots               48 us, workers (us):  33,  16, ---, ---, 
[2024-08-29T23:17:57.537+0800]     CWR: CLDG Roots                   2 us, workers (us): ---,   2, ---, ---, 
[2024-08-29T23:17:57.537+0800]   Rendezvous                         80 us
[2024-08-29T23:17:57.537+0800] Concurrent Cleanup                   81 us
[2024-08-29T23:17:57.537+0800] Concurrent Class Unloading         1263 us
[2024-08-29T23:17:57.537+0800]   Unlink Stale                     1098 us
[2024-08-29T23:17:57.537+0800]     System Dictionary                 3 us
[2024-08-29T23:17:57.537+0800]     Weak Class Links                  0 us
[2024-08-29T23:17:57.537+0800]     Code Roots                     1094 us
[2024-08-29T23:17:57.537+0800]   Rendezvous                         63 us
[2024-08-29T23:17:57.537+0800]   Purge Unlinked                     76 us
[2024-08-29T23:17:57.537+0800]     Code Roots                       63 us
[2024-08-29T23:17:57.537+0800]     CLDG                             12 us
[2024-08-29T23:17:57.537+0800]     Exception Caches                  0 us
[2024-08-29T23:17:57.537+0800] Pause Final Roots (G)                81 us
[2024-08-29T23:17:57.537+0800] Pause Final Roots (N)                20 us
[2024-08-29T23:17:57.537+0800] 
[2024-08-29T23:17:57.537+0800] Allocation pacing accrued:
[2024-08-29T23:17:57.537+0800]       0 of   245 ms (  0.0%): <total>
[2024-08-29T23:17:57.537+0800]       0 of   245 ms (  0.0%): <average total>
[2024-08-29T23:17:57.537+0800] 
[2024-08-29T23:17:57.537+0800] Metaspace: 1651K(1792K)->1651K(1792K) NonClass: 1531K(1600K)->1531K(1600K) Class: 119K(192K)->119K(192K)
[2024-08-29T23:17:57.537+0800] Pacer for Idle. Initial: 41943K, Alloc Tax Rate: 1.0x
[2024-08-29T23:17:57.787+0800] Trigger: Free (203M) is below minimum threshold (204M)
[2024-08-29T23:17:57.787+0800] Free: 200M, Max: 1024K regular, 136M humongous, Frag: 32% external, 0% internal; Reserve: 103M, Max: 1024K
[2024-08-29T23:17:57.787+0800] GC(131) Concurrent reset
[2024-08-29T23:17:57.787+0800] GC(131) Using 2 of 4 workers for concurrent reset
[2024-08-29T23:17:57.787+0800] GC(131) Pacer for Reset. Non-Taxable: 2048M
[2024-08-29T23:17:57.792+0800] GC(131) Concurrent reset 5.068ms
[2024-08-29T23:17:57.792+0800] GC(131) Pause Init Mark (unload classes)
[2024-08-29T23:17:57.792+0800] GC(131) Using 4 of 4 workers for init marking
[2024-08-29T23:17:57.792+0800] GC(131) Pacer for Mark. Expected Live: 1006M, Free: 192M, Non-Taxable: 19664K, Alloc Tax Rate: 6.4x
[2024-08-29T23:17:57.792+0800] GC(131) Pause Init Mark (unload classes) 0.139ms
[2024-08-29T23:17:57.793+0800] GC(131) Concurrent marking roots
[2024-08-29T23:17:57.793+0800] GC(131) Using 2 of 4 workers for concurrent marking roots
[2024-08-29T23:17:57.793+0800] GC(131) Concurrent marking roots 0.231ms
[2024-08-29T23:17:57.793+0800] GC(131) Concurrent marking (unload classes)
[2024-08-29T23:17:57.793+0800] GC(131) Using 2 of 4 workers for concurrent marking
[2024-08-29T23:17:57.794+0800] GC(131) Concurrent marking (unload classes) 1.736ms
[2024-08-29T23:17:57.795+0800] GC(131) Pause Final Mark (unload classes)
[2024-08-29T23:17:57.795+0800] GC(131) Using 4 of 4 workers for final marking
[2024-08-29T23:17:57.795+0800] GC(131) Collectable Garbage: 512M (97%), Immediate: 512M (97%), CSet: 0B (0%)
[2024-08-29T23:17:57.795+0800] GC(131) Pause Final Mark (unload classes) 0.514ms
[2024-08-29T23:17:57.795+0800] GC(131) Concurrent weak references
[2024-08-29T23:17:57.795+0800] GC(131) Using 2 of 4 workers for concurrent weak references
[2024-08-29T23:17:57.795+0800] GC(131) Encountered references: Soft: 178, Weak: 297, Final: 0, Phantom: 5
[2024-08-29T23:17:57.795+0800] GC(131) Discovered  references: Soft: 0, Weak: 119, Final: 0, Phantom: 3
[2024-08-29T23:17:57.795+0800] GC(131) Enqueued    references: Soft: 0, Weak: 0, Final: 0, Phantom: 0
[2024-08-29T23:17:57.795+0800] GC(131) Concurrent weak references 0.105ms
[2024-08-29T23:17:57.795+0800] GC(131) Concurrent weak roots
[2024-08-29T23:17:57.795+0800] GC(131) Using 2 of 4 workers for concurrent weak root
[2024-08-29T23:17:57.796+0800] GC(131) Concurrent weak roots 0.508ms
[2024-08-29T23:17:57.796+0800] GC(131) Concurrent cleanup
[2024-08-29T23:17:57.796+0800] GC(131) Concurrent cleanup 1506M->994M(2048M) 0.064ms
[2024-08-29T23:17:57.796+0800] GC(131) Free: 796M, Max: 1024K regular, 136M humongous, Frag: 83% external, 2% internal; Reserve: 103M, Max: 1024K
[2024-08-29T23:17:57.796+0800] GC(131) Concurrent class unloading
[2024-08-29T23:17:57.796+0800] GC(131) Using 2 of 4 workers for concurrent class unloading
[2024-08-29T23:17:57.798+0800] GC(131) Concurrent class unloading 1.730ms
[2024-08-29T23:17:57.798+0800] GC(131) Pause Final Roots
[2024-08-29T23:17:57.798+0800] GC(131) Pause Final Roots 0.016ms
[2024-08-29T23:17:57.798+0800] Free: 783M, Max: 1024K regular, 136M humongous, Frag: 83% external, 2% internal; Reserve: 103M, Max: 1024K
[2024-08-29T23:17:57.798+0800] 
[2024-08-29T23:17:57.798+0800] All times are wall-clock times, except per-root-class counters, that are sum over
[2024-08-29T23:17:57.798+0800] all workers. Dividing the <total> over the root stage time estimates parallelism.
[2024-08-29T23:17:57.798+0800] 
[2024-08-29T23:17:57.798+0800] Concurrent Reset                   5160 us
[2024-08-29T23:17:57.798+0800] Pause Init Mark (G)                 643 us
[2024-08-29T23:17:57.798+0800] Pause Init Mark (N)                 161 us
[2024-08-29T23:17:57.798+0800]   Update Region States               85 us
[2024-08-29T23:17:57.798+0800] Concurrent Mark Roots               241 us, parallelism: 1.06x
[2024-08-29T23:17:57.798+0800]   CMR: <total>                      256 us
[2024-08-29T23:17:57.798+0800]   CMR: Thread Roots                 209 us, workers (us):  89, 120, ---, ---, 
[2024-08-29T23:17:57.798+0800]   CMR: VM Strong Roots                6 us, workers (us):   6,   0, ---, ---, 
[2024-08-29T23:17:57.798+0800]   CMR: CLDG Roots                    41 us, workers (us):  41, ---, ---, ---, 
[2024-08-29T23:17:57.798+0800] Concurrent Marking                 1801 us
[2024-08-29T23:17:57.798+0800] Pause Final Mark (G)                600 us
[2024-08-29T23:17:57.798+0800] Pause Final Mark (N)                521 us
[2024-08-29T23:17:57.798+0800]   Finish Mark                       199 us
[2024-08-29T23:17:57.798+0800]   Update Region States               73 us
[2024-08-29T23:17:57.798+0800]   Choose Collection Set             118 us
[2024-08-29T23:17:57.798+0800]   Rebuild Free Set                   10 us
[2024-08-29T23:17:57.798+0800] Concurrent Weak References          112 us, parallelism: 0.06x
[2024-08-29T23:17:57.798+0800]   CWRF: <total>                       7 us
[2024-08-29T23:17:57.798+0800]   CWRF: Weak References               7 us, workers (us):   5,   2, ---, ---, 
[2024-08-29T23:17:57.798+0800] Concurrent Weak Roots               526 us
[2024-08-29T23:17:57.798+0800]   Roots                             437 us, parallelism: 1.03x
[2024-08-29T23:17:57.798+0800]     CWR: <total>                    449 us
[2024-08-29T23:17:57.798+0800]     CWR: Code Cache Roots           394 us, workers (us): 307,  87, ---, ---, 
[2024-08-29T23:17:57.798+0800]     CWR: VM Weak Roots               51 us, workers (us):  51,   1, ---, ---, 
[2024-08-29T23:17:57.798+0800]     CWR: CLDG Roots                   4 us, workers (us):   4, ---, ---, ---, 
[2024-08-29T23:17:57.798+0800]   Rendezvous                         59 us
[2024-08-29T23:17:57.798+0800] Concurrent Cleanup                   85 us
[2024-08-29T23:17:57.798+0800] Concurrent Class Unloading         1786 us
[2024-08-29T23:17:57.798+0800]   Unlink Stale                      927 us
[2024-08-29T23:17:57.798+0800]     System Dictionary                 2 us
[2024-08-29T23:17:57.798+0800]     Weak Class Links                  0 us
[2024-08-29T23:17:57.798+0800]     Code Roots                      923 us
[2024-08-29T23:17:57.798+0800]   Rendezvous                        538 us
[2024-08-29T23:17:57.798+0800]   Purge Unlinked                    253 us
[2024-08-29T23:17:57.798+0800]     Code Roots                      241 us
[2024-08-29T23:17:57.798+0800]     CLDG                             11 us
[2024-08-29T23:17:57.798+0800]     Exception Caches                  0 us
[2024-08-29T23:17:57.798+0800] Pause Final Roots (G)               115 us
[2024-08-29T23:17:57.798+0800] Pause Final Roots (N)                23 us
[2024-08-29T23:17:57.798+0800] 
[2024-08-29T23:17:57.798+0800] Allocation pacing accrued:
[2024-08-29T23:17:57.798+0800]       0 of   261 ms (  0.0%): <total>
[2024-08-29T23:17:57.798+0800]       0 of   261 ms (  0.0%): <average total>
[2024-08-29T23:17:57.798+0800] 
[2024-08-29T23:17:57.798+0800] Metaspace: 1651K(1792K)->1651K(1792K) NonClass: 1531K(1600K)->1531K(1600K) Class: 119K(192K)->119K(192K)
[2024-08-29T23:17:57.798+0800] Pacer for Idle. Initial: 41943K, Alloc Tax Rate: 1.0x
[2024-08-29T23:17:58.024+0800] Trigger: Free (201M) is below minimum threshold (204M)
[2024-08-29T23:17:58.024+0800] Free: 201M, Max: 1024K regular, 136M humongous, Frag: 31% external, 6% internal; Reserve: 103M, Max: 1024K
[2024-08-29T23:17:58.024+0800] GC(132) Concurrent reset
[2024-08-29T23:17:58.024+0800] GC(132) Using 2 of 4 workers for concurrent reset
[2024-08-29T23:17:58.024+0800] GC(132) Pacer for Reset. Non-Taxable: 2048M
[2024-08-29T23:17:58.029+0800] GC(132) Concurrent reset 5.023ms
[2024-08-29T23:17:58.029+0800] GC(132) Pause Init Mark (unload classes)
[2024-08-29T23:17:58.029+0800] GC(132) Using 4 of 4 workers for init marking
[2024-08-29T23:17:58.029+0800] GC(132) Pacer for Mark. Expected Live: 1000M, Free: 193M, Non-Taxable: 19792K, Alloc Tax Rate: 6.3x
[2024-08-29T23:17:58.029+0800] GC(132) Pause Init Mark (unload classes) 0.174ms
[2024-08-29T23:17:58.029+0800] GC(132) Concurrent marking roots
[2024-08-29T23:17:58.029+0800] GC(132) Using 2 of 4 workers for concurrent marking roots
[2024-08-29T23:17:58.030+0800] GC(132) Concurrent marking roots 0.234ms
[2024-08-29T23:17:58.030+0800] GC(132) Concurrent marking (unload classes)
[2024-08-29T23:17:58.030+0800] GC(132) Using 2 of 4 workers for concurrent marking
[2024-08-29T23:17:58.031+0800] GC(132) Concurrent marking (unload classes) 1.511ms
[2024-08-29T23:17:58.031+0800] GC(132) Pause Final Mark (unload classes)
[2024-08-29T23:17:58.031+0800] GC(132) Using 4 of 4 workers for final marking
[2024-08-29T23:17:58.031+0800] GC(132) Collectable Garbage: 475M (97%), Immediate: 475M (97%), CSet: 0B (0%)
[2024-08-29T23:17:58.031+0800] GC(132) Pause Final Mark (unload classes) 0.307ms
[2024-08-29T23:17:58.031+0800] GC(132) Concurrent weak references
[2024-08-29T23:17:58.031+0800] GC(132) Using 2 of 4 workers for concurrent weak references
[2024-08-29T23:17:58.032+0800] GC(132) Encountered references: Soft: 178, Weak: 297, Final: 0, Phantom: 5
[2024-08-29T23:17:58.032+0800] GC(132) Discovered  references: Soft: 0, Weak: 103, Final: 0, Phantom: 3
[2024-08-29T23:17:58.032+0800] GC(132) Enqueued    references: Soft: 0, Weak: 0, Final: 0, Phantom: 0
[2024-08-29T23:17:58.032+0800] GC(132) Concurrent weak references 0.060ms
[2024-08-29T23:17:58.032+0800] GC(132) Concurrent weak roots
[2024-08-29T23:17:58.032+0800] GC(132) Using 2 of 4 workers for concurrent weak root
[2024-08-29T23:17:58.034+0800] GC(132) Concurrent weak roots 2.140ms
[2024-08-29T23:17:58.034+0800] GC(132) Concurrent cleanup
[2024-08-29T23:17:58.034+0800] GC(132) Concurrent cleanup 1528M->1053M(2048M) 0.099ms
[2024-08-29T23:17:58.034+0800] GC(132) Free: 731M, Max: 1024K regular, 124M humongous, Frag: 83% external, 3% internal; Reserve: 103M, Max: 1024K
[2024-08-29T23:17:58.034+0800] GC(132) Concurrent class unloading
[2024-08-29T23:17:58.034+0800] GC(132) Using 2 of 4 workers for concurrent class unloading
[2024-08-29T23:17:58.036+0800] GC(132) Concurrent class unloading 2.210ms
[2024-08-29T23:17:58.037+0800] GC(132) Pause Final Roots
[2024-08-29T23:17:58.037+0800] GC(132) Pause Final Roots 0.017ms
[2024-08-29T23:17:58.037+0800] Free: 711M, Max: 1024K regular, 124M humongous, Frag: 83% external, 3% internal; Reserve: 103M, Max: 1024K
[2024-08-29T23:17:58.037+0800] 
[2024-08-29T23:17:58.037+0800] All times are wall-clock times, except per-root-class counters, that are sum over
[2024-08-29T23:17:58.037+0800] all workers. Dividing the <total> over the root stage time estimates parallelism.
[2024-08-29T23:17:58.037+0800] 
[2024-08-29T23:17:58.037+0800] Concurrent Reset                   5105 us
[2024-08-29T23:17:58.037+0800] Pause Init Mark (G)                 286 us
[2024-08-29T23:17:58.037+0800] Pause Init Mark (N)                 180 us
[2024-08-29T23:17:58.037+0800]   Update Region States              109 us
[2024-08-29T23:17:58.037+0800] Concurrent Mark Roots               250 us, parallelism: 1.03x
[2024-08-29T23:17:58.037+0800]   CMR: <total>                      259 us
[2024-08-29T23:17:58.037+0800]   CMR: Thread Roots                 217 us, workers (us): 100, 116, ---, ---, 
[2024-08-29T23:17:58.037+0800]   CMR: VM Strong Roots                4 us, workers (us):   4,   0, ---, ---, 
[2024-08-29T23:17:58.037+0800]   CMR: CLDG Roots                    37 us, workers (us):  37, ---, ---, ---, 
[2024-08-29T23:17:58.037+0800] Concurrent Marking                 1530 us
[2024-08-29T23:17:58.037+0800] Pause Final Mark (G)                381 us
[2024-08-29T23:17:58.037+0800] Pause Final Mark (N)                314 us
[2024-08-29T23:17:58.037+0800]   Finish Mark                       123 us
[2024-08-29T23:17:58.037+0800]   Update Region States               64 us
[2024-08-29T23:17:58.037+0800]   Choose Collection Set              89 us
[2024-08-29T23:17:58.037+0800]   Rebuild Free Set                    8 us
[2024-08-29T23:17:58.037+0800] Concurrent Weak References           65 us, parallelism: 0.05x
[2024-08-29T23:17:58.037+0800]   CWRF: <total>                       4 us
[2024-08-29T23:17:58.037+0800]   CWRF: Weak References               4 us, workers (us):   4,   0, ---, ---, 
[2024-08-29T23:17:58.037+0800] Concurrent Weak Roots              2165 us
[2024-08-29T23:17:58.037+0800]   Roots                             275 us, parallelism: 1.38x
[2024-08-29T23:17:58.037+0800]     CWR: <total>                    380 us
[2024-08-29T23:17:58.037+0800]     CWR: Code Cache Roots           332 us, workers (us): 138, 194, ---, ---, 
[2024-08-29T23:17:58.037+0800]     CWR: VM Weak Roots               45 us, workers (us):  27,  18, ---, ---, 
[2024-08-29T23:17:58.037+0800]     CWR: CLDG Roots                   3 us, workers (us): ---,   3, ---, ---, 
[2024-08-29T23:17:58.037+0800]   Rendezvous                       1854 us
[2024-08-29T23:17:58.037+0800] Concurrent Cleanup                  110 us
[2024-08-29T23:17:58.037+0800] Concurrent Class Unloading         2237 us
[2024-08-29T23:17:58.037+0800]   Unlink Stale                     1288 us
[2024-08-29T23:17:58.037+0800]     System Dictionary                 7 us
[2024-08-29T23:17:58.037+0800]     Weak Class Links                  0 us
[2024-08-29T23:17:58.037+0800]     Code Roots                     1279 us
[2024-08-29T23:17:58.037+0800]   Rendezvous                        392 us
[2024-08-29T23:17:58.037+0800]   Purge Unlinked                    519 us
[2024-08-29T23:17:58.037+0800]     Code Roots                      504 us
[2024-08-29T23:17:58.037+0800]     CLDG                             15 us
[2024-08-29T23:17:58.037+0800]     Exception Caches                  0 us
[2024-08-29T23:17:58.037+0800] Pause Final Roots (G)               791 us
[2024-08-29T23:17:58.037+0800] Pause Final Roots (N)                23 us
[2024-08-29T23:17:58.037+0800] 
[2024-08-29T23:17:58.037+0800] Allocation pacing accrued:
[2024-08-29T23:17:58.037+0800]       0 of   239 ms (  0.0%): <total>
[2024-08-29T23:17:58.037+0800]       0 of   239 ms (  0.0%): <average total>
[2024-08-29T23:17:58.037+0800] 
[2024-08-29T23:17:58.037+0800] Metaspace: 1651K(1792K)->1651K(1792K) NonClass: 1531K(1600K)->1531K(1600K) Class: 119K(192K)->119K(192K)
[2024-08-29T23:17:58.037+0800] Pacer for Idle. Initial: 41943K, Alloc Tax Rate: 1.0x
[2024-08-29T23:17:58.268+0800] Trigger: Free (204M) is below minimum threshold (204M)
[2024-08-29T23:17:58.268+0800] Free: 198M, Max: 1024K regular, 124M humongous, Frag: 37% external, 7% internal; Reserve: 103M, Max: 1024K
[2024-08-29T23:17:58.268+0800] GC(133) Concurrent reset
[2024-08-29T23:17:58.268+0800] GC(133) Using 2 of 4 workers for concurrent reset
[2024-08-29T23:17:58.268+0800] GC(133) Pacer for Reset. Non-Taxable: 2048M
[2024-08-29T23:17:58.274+0800] GC(133) Concurrent reset 5.865ms
[2024-08-29T23:17:58.274+0800] GC(133) Pause Init Mark (unload classes)
[2024-08-29T23:17:58.274+0800] GC(133) Using 4 of 4 workers for init marking
[2024-08-29T23:17:58.274+0800] GC(133) Pacer for Mark. Expected Live: 1010M, Free: 190M, Non-Taxable: 19524K, Alloc Tax Rate: 6.5x
[2024-08-29T23:17:58.274+0800] GC(133) Pause Init Mark (unload classes) 0.081ms
[2024-08-29T23:17:58.275+0800] GC(133) Concurrent marking roots
[2024-08-29T23:17:58.275+0800] GC(133) Using 2 of 4 workers for concurrent marking roots
[2024-08-29T23:17:58.275+0800] GC(133) Concurrent marking roots 0.152ms
[2024-08-29T23:17:58.275+0800] GC(133) Concurrent marking (unload classes)
[2024-08-29T23:17:58.275+0800] GC(133) Using 2 of 4 workers for concurrent marking
[2024-08-29T23:17:58.276+0800] GC(133) Concurrent marking (unload classes) 1.647ms
[2024-08-29T23:17:58.276+0800] GC(133) Pause Final Mark (unload classes)
[2024-08-29T23:17:58.276+0800] GC(133) Using 4 of 4 workers for final marking
[2024-08-29T23:17:58.277+0800] GC(133) Collectable Garbage: 464M (97%), Immediate: 464M (97%), CSet: 0B (0%)
[2024-08-29T23:17:58.277+0800] GC(133) Pause Final Mark (unload classes) 0.274ms
[2024-08-29T23:17:58.277+0800] GC(133) Concurrent weak references
[2024-08-29T23:17:58.277+0800] GC(133) Using 2 of 4 workers for concurrent weak references
[2024-08-29T23:17:58.277+0800] GC(133) Encountered references: Soft: 178, Weak: 297, Final: 0, Phantom: 5
[2024-08-29T23:17:58.277+0800] GC(133) Discovered  references: Soft: 0, Weak: 113, Final: 0, Phantom: 5
[2024-08-29T23:17:58.277+0800] GC(133) Enqueued    references: Soft: 0, Weak: 0, Final: 0, Phantom: 0
[2024-08-29T23:17:58.277+0800] GC(133) Concurrent weak references 0.055ms
[2024-08-29T23:17:58.277+0800] GC(133) Concurrent weak roots
[2024-08-29T23:17:58.277+0800] GC(133) Using 2 of 4 workers for concurrent weak root
[2024-08-29T23:17:58.277+0800] GC(133) Concurrent weak roots 0.286ms
[2024-08-29T23:17:58.277+0800] GC(133) Concurrent cleanup
[2024-08-29T23:17:58.277+0800] GC(133) Concurrent cleanup 1516M->1052M(2048M) 0.062ms
[2024-08-29T23:17:58.277+0800] GC(133) Free: 728M, Max: 1024K regular, 124M humongous, Frag: 83% external, 2% internal; Reserve: 103M, Max: 1024K
[2024-08-29T23:17:58.277+0800] GC(133) Concurrent class unloading
[2024-08-29T23:17:58.277+0800] GC(133) Using 2 of 4 workers for concurrent class unloading
[2024-08-29T23:17:58.278+0800] GC(133) Concurrent class unloading 1.166ms
[2024-08-29T23:17:58.278+0800] GC(133) Pause Final Roots
[2024-08-29T23:17:58.278+0800] GC(133) Pause Final Roots 0.016ms
[2024-08-29T23:17:58.278+0800] Free: 724M, Max: 1024K regular, 124M humongous, Frag: 83% external, 2% internal; Reserve: 103M, Max: 1024K
[2024-08-29T23:17:58.278+0800] 
[2024-08-29T23:17:58.278+0800] All times are wall-clock times, except per-root-class counters, that are sum over
[2024-08-29T23:17:58.278+0800] all workers. Dividing the <total> over the root stage time estimates parallelism.
[2024-08-29T23:17:58.278+0800] 
[2024-08-29T23:17:58.278+0800] Concurrent Reset                   5949 us
[2024-08-29T23:17:58.278+0800] Pause Init Mark (G)                 192 us
[2024-08-29T23:17:58.278+0800] Pause Init Mark (N)                  87 us
[2024-08-29T23:17:58.278+0800]   Update Region States               39 us
[2024-08-29T23:17:58.278+0800] Concurrent Mark Roots               161 us, parallelism: 1.17x
[2024-08-29T23:17:58.278+0800]   CMR: <total>                      189 us
[2024-08-29T23:17:58.278+0800]   CMR: Thread Roots                 154 us, workers (us):  67,  87, ---, ---, 
[2024-08-29T23:17:58.279+0800]   CMR: VM Strong Roots                4 us, workers (us):   3,   0, ---, ---, 
[2024-08-29T23:17:58.279+0800]   CMR: CLDG Roots                    31 us, workers (us):  31, ---, ---, ---, 
[2024-08-29T23:17:58.279+0800] Concurrent Marking                 1696 us
[2024-08-29T23:17:58.279+0800] Pause Final Mark (G)                331 us
[2024-08-29T23:17:58.279+0800] Pause Final Mark (N)                280 us
[2024-08-29T23:17:58.279+0800]   Finish Mark                       128 us
[2024-08-29T23:17:58.279+0800]   Update Region States               34 us
[2024-08-29T23:17:58.279+0800]   Choose Collection Set              82 us
[2024-08-29T23:17:58.279+0800]   Rebuild Free Set                    8 us
[2024-08-29T23:17:58.279+0800] Concurrent Weak References           60 us, parallelism: 0.06x
[2024-08-29T23:17:58.279+0800]   CWRF: <total>                       3 us
[2024-08-29T23:17:58.279+0800]   CWRF: Weak References               3 us, workers (us):   3,   0, ---, ---, 
[2024-08-29T23:17:58.279+0800] Concurrent Weak Roots               297 us
[2024-08-29T23:17:58.279+0800]   Roots                             221 us, parallelism: 1.36x
[2024-08-29T23:17:58.279+0800]     CWR: <total>                    301 us
[2024-08-29T23:17:58.279+0800]     CWR: Code Cache Roots           238 us, workers (us): 105, 133, ---, ---, 
[2024-08-29T23:17:58.279+0800]     CWR: VM Weak Roots               61 us, workers (us):  33,  28, ---, ---, 
[2024-08-29T23:17:58.279+0800]     CWR: CLDG Roots                   2 us, workers (us):   2, ---, ---, ---, 
[2024-08-29T23:17:58.279+0800]   Rendezvous                         55 us
[2024-08-29T23:17:58.279+0800] Concurrent Cleanup                   67 us
[2024-08-29T23:17:58.279+0800] Concurrent Class Unloading         1184 us
[2024-08-29T23:17:58.279+0800]   Unlink Stale                     1042 us
[2024-08-29T23:17:58.279+0800]     System Dictionary                 2 us
[2024-08-29T23:17:58.279+0800]     Weak Class Links                  0 us
[2024-08-29T23:17:58.279+0800]     Code Roots                     1040 us
[2024-08-29T23:17:58.279+0800]   Rendezvous                         60 us
[2024-08-29T23:17:58.279+0800]   Purge Unlinked                     53 us
[2024-08-29T23:17:58.279+0800]     Code Roots                       42 us
[2024-08-29T23:17:58.279+0800]     CLDG                             11 us
[2024-08-29T23:17:58.279+0800]     Exception Caches                  0 us
[2024-08-29T23:17:58.279+0800] Pause Final Roots (G)                91 us
[2024-08-29T23:17:58.279+0800] Pause Final Roots (N)                22 us
[2024-08-29T23:17:58.279+0800] 
[2024-08-29T23:17:58.279+0800] Allocation pacing accrued:
[2024-08-29T23:17:58.279+0800]       0 of   242 ms (  0.0%): <total>
[2024-08-29T23:17:58.279+0800]       0 of   242 ms (  0.0%): <average total>
[2024-08-29T23:17:58.279+0800] 
[2024-08-29T23:17:58.279+0800] Metaspace: 1651K(1792K)->1651K(1792K) NonClass: 1531K(1600K)->1531K(1600K) Class: 119K(192K)->119K(192K)
[2024-08-29T23:17:58.279+0800] Pacer for Idle. Initial: 41943K, Alloc Tax Rate: 1.0x
[2024-08-29T23:17:58.519+0800] Trigger: Free (204M) is below minimum threshold (204M)
[2024-08-29T23:17:58.519+0800] Free: 204M, Max: 1024K regular, 124M humongous, Frag: 39% external, 0% internal; Reserve: 103M, Max: 1024K
[2024-08-29T23:17:58.519+0800] GC(134) Concurrent reset
[2024-08-29T23:17:58.519+0800] GC(134) Using 2 of 4 workers for concurrent reset
[2024-08-29T23:17:58.519+0800] GC(134) Pacer for Reset. Non-Taxable: 2048M
[2024-08-29T23:17:58.524+0800] GC(134) Concurrent reset 4.796ms
[2024-08-29T23:17:58.524+0800] GC(134) Pause Init Mark (unload classes)
[2024-08-29T23:17:58.524+0800] GC(134) Using 4 of 4 workers for init marking
[2024-08-29T23:17:58.524+0800] GC(134) Pacer for Mark. Expected Live: 1014M, Free: 195M, Non-Taxable: 19985K, Alloc Tax Rate: 6.4x
[2024-08-29T23:17:58.524+0800] GC(134) Pause Init Mark (unload classes) 0.116ms
[2024-08-29T23:17:58.524+0800] GC(134) Concurrent marking roots
[2024-08-29T23:17:58.524+0800] GC(134) Using 2 of 4 workers for concurrent marking roots
[2024-08-29T23:17:58.524+0800] GC(134) Concurrent marking roots 0.204ms
[2024-08-29T23:17:58.524+0800] GC(134) Concurrent marking (unload classes)
[2024-08-29T23:17:58.524+0800] GC(134) Using 2 of 4 workers for concurrent marking
[2024-08-29T23:17:58.527+0800] GC(134) Concurrent marking (unload classes) 2.447ms
[2024-08-29T23:17:58.528+0800] GC(134) Pause Final Mark (unload classes)
[2024-08-29T23:17:58.528+0800] GC(134) Using 4 of 4 workers for final marking
[2024-08-29T23:17:58.528+0800] GC(134) Collectable Garbage: 502M (97%), Immediate: 502M (97%), CSet: 0B (0%)
[2024-08-29T23:17:58.529+0800] GC(134) Pause Final Mark (unload classes) 0.574ms
[2024-08-29T23:17:58.529+0800] GC(134) Concurrent weak references
[2024-08-29T23:17:58.529+0800] GC(134) Using 2 of 4 workers for concurrent weak references
[2024-08-29T23:17:58.529+0800] GC(134) Encountered references: Soft: 178, Weak: 297, Final: 0, Phantom: 5
[2024-08-29T23:17:58.529+0800] GC(134) Discovered  references: Soft: 0, Weak: 113, Final: 0, Phantom: 5
[2024-08-29T23:17:58.529+0800] GC(134) Enqueued    references: Soft: 0, Weak: 0, Final: 0, Phantom: 0
[2024-08-29T23:17:58.529+0800] GC(134) Concurrent weak references 0.119ms
[2024-08-29T23:17:58.529+0800] GC(134) Concurrent weak roots
[2024-08-29T23:17:58.529+0800] GC(134) Using 2 of 4 workers for concurrent weak root
[2024-08-29T23:17:58.530+0800] GC(134) Concurrent weak roots 1.246ms
[2024-08-29T23:17:58.530+0800] GC(134) Concurrent cleanup
[2024-08-29T23:17:58.530+0800] GC(134) Concurrent cleanup 1516M->1014M(2048M) 0.068ms
[2024-08-29T23:17:58.530+0800] GC(134) Free: 767M, Max: 1024K regular, 124M humongous, Frag: 84% external, 2% internal; Reserve: 103M, Max: 1024K
[2024-08-29T23:17:58.530+0800] GC(134) Concurrent class unloading
[2024-08-29T23:17:58.530+0800] GC(134) Using 2 of 4 workers for concurrent class unloading
[2024-08-29T23:17:58.532+0800] GC(134) Concurrent class unloading 1.649ms
[2024-08-29T23:17:58.532+0800] GC(134) Pause Final Roots
[2024-08-29T23:17:58.532+0800] GC(134) Pause Final Roots 0.027ms
[2024-08-29T23:17:58.532+0800] Free: 761M, Max: 1024K regular, 124M humongous, Frag: 84% external, 2% internal; Reserve: 103M, Max: 1024K
[2024-08-29T23:17:58.532+0800] 
[2024-08-29T23:17:58.532+0800] All times are wall-clock times, except per-root-class counters, that are sum over
[2024-08-29T23:17:58.532+0800] all workers. Dividing the <total> over the root stage time estimates parallelism.
[2024-08-29T23:17:58.532+0800] 
[2024-08-29T23:17:58.532+0800] Concurrent Reset                   4895 us
[2024-08-29T23:17:58.532+0800] Pause Init Mark (G)                 254 us
[2024-08-29T23:17:58.532+0800] Pause Init Mark (N)                 122 us
[2024-08-29T23:17:58.532+0800]   Update Region States               78 us
[2024-08-29T23:17:58.532+0800] Concurrent Mark Roots               214 us, parallelism: 1.25x
[2024-08-29T23:17:58.532+0800]   CMR: <total>                      268 us
[2024-08-29T23:17:58.532+0800]   CMR: Thread Roots                 208 us, workers (us):  81, 127, ---, ---, 
[2024-08-29T23:17:58.532+0800]   CMR: VM Strong Roots                6 us, workers (us):   5,   0, ---, ---, 
[2024-08-29T23:17:58.532+0800]   CMR: CLDG Roots                    55 us, workers (us):  55, ---, ---, ---, 
[2024-08-29T23:17:58.532+0800] Concurrent Marking                 2488 us
[2024-08-29T23:17:58.532+0800] Pause Final Mark (G)               1666 us
[2024-08-29T23:17:58.532+0800] Pause Final Mark (N)                592 us
[2024-08-29T23:17:58.532+0800]   Finish Mark                       164 us
[2024-08-29T23:17:58.532+0800]   Update Region States               83 us
[2024-08-29T23:17:58.532+0800]   Choose Collection Set             259 us
[2024-08-29T23:17:58.532+0800]   Rebuild Free Set                   12 us
[2024-08-29T23:17:58.532+0800] Concurrent Weak References          126 us, parallelism: 0.05x
[2024-08-29T23:17:58.532+0800]   CWRF: <total>                       6 us
[2024-08-29T23:17:58.532+0800]   CWRF: Weak References               6 us, workers (us):   6,   0, ---, ---, 
[2024-08-29T23:17:58.532+0800] Concurrent Weak Roots              1272 us
[2024-08-29T23:17:58.532+0800]   Roots                             312 us, parallelism: 1.56x
[2024-08-29T23:17:58.532+0800]     CWR: <total>                    487 us
[2024-08-29T23:17:58.532+0800]     CWR: Code Cache Roots           427 us, workers (us): 204, 223, ---, ---, 
[2024-08-29T23:17:58.532+0800]     CWR: VM Weak Roots               56 us, workers (us):  30,  26, ---, ---, 
[2024-08-29T23:17:58.532+0800]     CWR: CLDG Roots                   4 us, workers (us): ---,   4, ---, ---, 
[2024-08-29T23:17:58.532+0800]   Rendezvous                        921 us
[2024-08-29T23:17:58.532+0800] Concurrent Cleanup                   74 us
[2024-08-29T23:17:58.532+0800] Concurrent Class Unloading         1686 us
[2024-08-29T23:17:58.532+0800]   Unlink Stale                     1347 us
[2024-08-29T23:17:58.532+0800]     System Dictionary                 6 us
[2024-08-29T23:17:58.533+0800]     Weak Class Links                  0 us
[2024-08-29T23:17:58.533+0800]     Code Roots                     1339 us
[2024-08-29T23:17:58.533+0800]   Rendezvous                         90 us
[2024-08-29T23:17:58.533+0800]   Purge Unlinked                    201 us
[2024-08-29T23:17:58.533+0800]     Code Roots                      185 us
[2024-08-29T23:17:58.533+0800]     CLDG                             16 us
[2024-08-29T23:17:58.533+0800]     Exception Caches                  0 us
[2024-08-29T23:17:58.533+0800] Pause Final Roots (G)               353 us
[2024-08-29T23:17:58.533+0800] Pause Final Roots (N)                75 us
[2024-08-29T23:17:58.533+0800] 
[2024-08-29T23:17:58.533+0800] Allocation pacing accrued:
[2024-08-29T23:17:58.533+0800]       0 of   254 ms (  0.0%): <total>
[2024-08-29T23:17:58.533+0800]       0 of   254 ms (  0.0%): <average total>
[2024-08-29T23:17:58.533+0800] 
[2024-08-29T23:17:58.533+0800] Metaspace: 1651K(1792K)->1651K(1792K) NonClass: 1531K(1600K)->1531K(1600K) Class: 119K(192K)->119K(192K)
[2024-08-29T23:17:58.533+0800] Pacer for Idle. Initial: 41943K, Alloc Tax Rate: 1.0x
[2024-08-29T23:17:58.774+0800] Trigger: Free (201M) is below minimum threshold (204M)
[2024-08-29T23:17:58.774+0800] Free: 201M, Max: 1024K regular, 124M humongous, Frag: 39% external, 0% internal; Reserve: 103M, Max: 1024K
[2024-08-29T23:17:58.774+0800] GC(135) Concurrent reset
[2024-08-29T23:17:58.774+0800] GC(135) Using 2 of 4 workers for concurrent reset
[2024-08-29T23:17:58.774+0800] GC(135) Pacer for Reset. Non-Taxable: 2048M
[2024-08-29T23:17:58.782+0800] GC(135) Concurrent reset 7.472ms
[2024-08-29T23:17:58.783+0800] GC(135) Pause Init Mark (unload classes)
[2024-08-29T23:17:58.783+0800] GC(135) Using 4 of 4 workers for init marking
[2024-08-29T23:17:58.783+0800] GC(135) Pacer for Mark. Expected Live: 1002M, Free: 181M, Non-Taxable: 18634K, Alloc Tax Rate: 6.7x
[2024-08-29T23:17:58.783+0800] GC(135) Pause Init Mark (unload classes) 0.090ms
[2024-08-29T23:17:58.783+0800] GC(135) Concurrent marking roots
[2024-08-29T23:17:58.783+0800] GC(135) Using 2 of 4 workers for concurrent marking roots
[2024-08-29T23:17:58.783+0800] GC(135) Concurrent marking roots 0.222ms
[2024-08-29T23:17:58.783+0800] GC(135) Concurrent marking (unload classes)
[2024-08-29T23:17:58.783+0800] GC(135) Using 2 of 4 workers for concurrent marking
[2024-08-29T23:17:58.786+0800] GC(135) Concurrent marking (unload classes) 2.539ms
[2024-08-29T23:17:58.786+0800] GC(135) Pause Final Mark (unload classes)
[2024-08-29T23:17:58.786+0800] GC(135) Using 4 of 4 workers for final marking
[2024-08-29T23:17:58.786+0800] GC(135) Collectable Garbage: 504M (97%), Immediate: 504M (97%), CSet: 0B (0%)
[2024-08-29T23:17:58.786+0800] GC(135) Pause Final Mark (unload classes) 0.348ms
[2024-08-29T23:17:58.786+0800] GC(135) Concurrent weak references
[2024-08-29T23:17:58.786+0800] GC(135) Using 2 of 4 workers for concurrent weak references
[2024-08-29T23:17:58.786+0800] GC(135) Encountered references: Soft: 178, Weak: 297, Final: 0, Phantom: 5
[2024-08-29T23:17:58.786+0800] GC(135) Discovered  references: Soft: 0, Weak: 111, Final: 0, Phantom: 5
[2024-08-29T23:17:58.786+0800] GC(135) Enqueued    references: Soft: 0, Weak: 0, Final: 0, Phantom: 0
[2024-08-29T23:17:58.786+0800] GC(135) Concurrent weak references 0.089ms
[2024-08-29T23:17:58.786+0800] GC(135) Concurrent weak roots
[2024-08-29T23:17:58.786+0800] GC(135) Using 2 of 4 workers for concurrent weak root
[2024-08-29T23:17:58.787+0800] GC(135) Concurrent weak roots 0.314ms
[2024-08-29T23:17:58.787+0800] GC(135) Concurrent cleanup
[2024-08-29T23:17:58.787+0800] GC(135) Concurrent cleanup 1519M->1015M(2048M) 0.197ms
[2024-08-29T23:17:58.787+0800] GC(135) Free: 762M, Max: 1024K regular, 124M humongous, Frag: 84% external, 2% internal; Reserve: 103M, Max: 1024K
[2024-08-29T23:17:58.787+0800] GC(135) Concurrent class unloading
[2024-08-29T23:17:58.787+0800] GC(135) Using 2 of 4 workers for concurrent class unloading
[2024-08-29T23:17:58.788+0800] GC(135) Concurrent class unloading 1.318ms
[2024-08-29T23:17:58.788+0800] GC(135) Pause Final Roots
[2024-08-29T23:17:58.788+0800] GC(135) Pause Final Roots 0.015ms
[2024-08-29T23:17:58.788+0800] Free: 762M, Max: 1024K regular, 124M humongous, Frag: 84% external, 2% internal; Reserve: 103M, Max: 1024K
[2024-08-29T23:17:58.788+0800] 
[2024-08-29T23:17:58.788+0800] All times are wall-clock times, except per-root-class counters, that are sum over
[2024-08-29T23:17:58.788+0800] all workers. Dividing the <total> over the root stage time estimates parallelism.
[2024-08-29T23:17:58.788+0800] 
[2024-08-29T23:17:58.788+0800] Concurrent Reset                   7535 us
[2024-08-29T23:17:58.788+0800] Pause Init Mark (G)                1136 us
[2024-08-29T23:17:58.788+0800] Pause Init Mark (N)                  96 us
[2024-08-29T23:17:58.788+0800]   Update Region States               45 us
[2024-08-29T23:17:58.788+0800] Concurrent Mark Roots               238 us, parallelism: 0.94x
[2024-08-29T23:17:58.788+0800]   CMR: <total>                      223 us
[2024-08-29T23:17:58.788+0800]   CMR: Thread Roots                 170 us, workers (us):  62, 108, ---, ---, 
[2024-08-29T23:17:58.788+0800]   CMR: VM Strong Roots                6 us, workers (us):   6,   0, ---, ---, 
[2024-08-29T23:17:58.788+0800]   CMR: CLDG Roots                    47 us, workers (us):  47, ---, ---, ---, 
[2024-08-29T23:17:58.788+0800] Concurrent Marking                 2560 us
[2024-08-29T23:17:58.788+0800] Pause Final Mark (G)                433 us
[2024-08-29T23:17:58.788+0800] Pause Final Mark (N)                355 us
[2024-08-29T23:17:58.788+0800]   Finish Mark                       153 us
[2024-08-29T23:17:58.788+0800]   Update Region States               62 us
[2024-08-29T23:17:58.788+0800]   Choose Collection Set              98 us
[2024-08-29T23:17:58.788+0800]   Rebuild Free Set                    9 us
[2024-08-29T23:17:58.788+0800] Concurrent Weak References           97 us, parallelism: 0.04x
[2024-08-29T23:17:58.788+0800]   CWRF: <total>                       4 us
[2024-08-29T23:17:58.788+0800]   CWRF: Weak References               4 us, workers (us):   4,   0, ---, ---, 
[2024-08-29T23:17:58.788+0800] Concurrent Weak Roots               329 us
[2024-08-29T23:17:58.788+0800]   Roots                             234 us, parallelism: 1.37x
[2024-08-29T23:17:58.788+0800]     CWR: <total>                    320 us
[2024-08-29T23:17:58.788+0800]     CWR: Code Cache Roots           269 us, workers (us): 131, 138, ---, ---, 
[2024-08-29T23:17:58.788+0800]     CWR: VM Weak Roots               49 us, workers (us):  31,  18, ---, ---, 
[2024-08-29T23:17:58.788+0800]     CWR: CLDG Roots                   2 us, workers (us): ---,   2, ---, ---, 
[2024-08-29T23:17:58.788+0800]   Rendezvous                         67 us
[2024-08-29T23:17:58.788+0800] Concurrent Cleanup                  257 us
[2024-08-29T23:17:58.788+0800] Concurrent Class Unloading         1339 us
[2024-08-29T23:17:58.788+0800]   Unlink Stale                     1141 us
[2024-08-29T23:17:58.788+0800]     System Dictionary                 8 us
[2024-08-29T23:17:58.788+0800]     Weak Class Links                  0 us
[2024-08-29T23:17:58.788+0800]     Code Roots                     1131 us
[2024-08-29T23:17:58.788+0800]   Rendezvous                         77 us
[2024-08-29T23:17:58.788+0800]   Purge Unlinked                     82 us
[2024-08-29T23:17:58.788+0800]     Code Roots                       69 us
[2024-08-29T23:17:58.788+0800]     CLDG                             13 us
[2024-08-29T23:17:58.788+0800]     Exception Caches                  0 us
[2024-08-29T23:17:58.789+0800] Pause Final Roots (G)                81 us
[2024-08-29T23:17:58.789+0800] Pause Final Roots (N)                23 us
[2024-08-29T23:17:58.789+0800] 
[2024-08-29T23:17:58.789+0800] Allocation pacing accrued:
[2024-08-29T23:17:58.789+0800]       0 of   256 ms (  0.0%): <total>
[2024-08-29T23:17:58.789+0800]       0 of   256 ms (  0.0%): <average total>
[2024-08-29T23:17:58.789+0800] 
[2024-08-29T23:17:58.789+0800] Metaspace: 1651K(1792K)->1651K(1792K) NonClass: 1531K(1600K)->1531K(1600K) Class: 119K(192K)->119K(192K)
[2024-08-29T23:17:58.789+0800] Pacer for Idle. Initial: 41943K, Alloc Tax Rate: 1.0x
[2024-08-29T23:17:59.048+0800] Trigger: Free (192M) is below minimum threshold (204M)
[2024-08-29T23:17:59.048+0800] Free: 190M, Max: 1024K regular, 124M humongous, Frag: 34% external, 7% internal; Reserve: 103M, Max: 1024K
[2024-08-29T23:17:59.048+0800] GC(136) Concurrent reset
[2024-08-29T23:17:59.048+0800] GC(136) Using 2 of 4 workers for concurrent reset
[2024-08-29T23:17:59.048+0800] GC(136) Pacer for Reset. Non-Taxable: 2048M
[2024-08-29T23:17:59.053+0800] GC(136) Concurrent reset 4.755ms
[2024-08-29T23:17:59.054+0800] GC(136) Pause Init Mark (unload classes)
[2024-08-29T23:17:59.054+0800] GC(136) Using 4 of 4 workers for init marking
[2024-08-29T23:17:59.054+0800] GC(136) Pacer for Mark. Expected Live: 1002M, Free: 180M, Non-Taxable: 18444K, Alloc Tax Rate: 6.8x
[2024-08-29T23:17:59.054+0800] GC(136) Pause Init Mark (unload classes) 0.078ms
[2024-08-29T23:17:59.054+0800] GC(136) Concurrent marking roots
[2024-08-29T23:17:59.054+0800] GC(136) Using 2 of 4 workers for concurrent marking roots
[2024-08-29T23:17:59.054+0800] GC(136) Concurrent marking roots 0.188ms
[2024-08-29T23:17:59.054+0800] GC(136) Concurrent marking (unload classes)
[2024-08-29T23:17:59.054+0800] GC(136) Using 2 of 4 workers for concurrent marking
[2024-08-29T23:17:59.057+0800] GC(136) Concurrent marking (unload classes) 2.698ms
[2024-08-29T23:17:59.058+0800] GC(136) Pause Final Mark (unload classes)
[2024-08-29T23:17:59.058+0800] GC(136) Using 4 of 4 workers for final marking
[2024-08-29T23:17:59.058+0800] GC(136) Collectable Garbage: 626M (97%), Immediate: 626M (97%), CSet: 0B (0%)
[2024-08-29T23:17:59.058+0800] GC(136) Pause Final Mark (unload classes) 0.409ms
[2024-08-29T23:17:59.058+0800] GC(136) Concurrent weak references
[2024-08-29T23:17:59.059+0800] GC(136) Using 2 of 4 workers for concurrent weak references
[2024-08-29T23:17:59.059+0800] GC(136) Encountered references: Soft: 178, Weak: 297, Final: 0, Phantom: 5
[2024-08-29T23:17:59.059+0800] GC(136) Discovered  references: Soft: 0, Weak: 142, Final: 0, Phantom: 5
[2024-08-29T23:17:59.059+0800] GC(136) Enqueued    references: Soft: 0, Weak: 0, Final: 0, Phantom: 0
[2024-08-29T23:17:59.059+0800] GC(136) Concurrent weak references 0.091ms
[2024-08-29T23:17:59.059+0800] GC(136) Concurrent weak roots
[2024-08-29T23:17:59.059+0800] GC(136) Using 2 of 4 workers for concurrent weak root
[2024-08-29T23:17:59.060+0800] GC(136) Concurrent weak roots 1.609ms
[2024-08-29T23:17:59.060+0800] GC(136) Concurrent cleanup
[2024-08-29T23:17:59.060+0800] GC(136) Concurrent cleanup 1543M->916M(2048M) 0.114ms
[2024-08-29T23:17:59.060+0800] GC(136) Free: 882M, Max: 1024K regular, 106M humongous, Frag: 88% external, 1% internal; Reserve: 103M, Max: 1024K
[2024-08-29T23:17:59.060+0800] GC(136) Concurrent class unloading
[2024-08-29T23:17:59.060+0800] GC(136) Using 2 of 4 workers for concurrent class unloading
[2024-08-29T23:17:59.062+0800] GC(136) Concurrent class unloading 1.506ms
[2024-08-29T23:17:59.062+0800] GC(136) Pause Final Roots
[2024-08-29T23:17:59.062+0800] GC(136) Pause Final Roots 0.058ms
[2024-08-29T23:17:59.062+0800] Free: 877M, Max: 1024K regular, 106M humongous, Frag: 88% external, 1% internal; Reserve: 103M, Max: 1024K
[2024-08-29T23:17:59.062+0800] 
[2024-08-29T23:17:59.062+0800] All times are wall-clock times, except per-root-class counters, that are sum over
[2024-08-29T23:17:59.062+0800] all workers. Dividing the <total> over the root stage time estimates parallelism.
[2024-08-29T23:17:59.062+0800] 
[2024-08-29T23:17:59.062+0800] Concurrent Reset                   4847 us
[2024-08-29T23:17:59.062+0800] Pause Init Mark (G)                1002 us
[2024-08-29T23:17:59.062+0800] Pause Init Mark (N)                  84 us
[2024-08-29T23:17:59.062+0800]   Update Region States               36 us
[2024-08-29T23:17:59.062+0800] Concurrent Mark Roots               198 us, parallelism: 1.21x
[2024-08-29T23:17:59.062+0800]   CMR: <total>                      240 us
[2024-08-29T23:17:59.062+0800]   CMR: Thread Roots                 178 us, workers (us):  61, 117, ---, ---, 
[2024-08-29T23:17:59.062+0800]   CMR: VM Strong Roots                6 us, workers (us):   5,   0, ---, ---, 
[2024-08-29T23:17:59.062+0800]   CMR: CLDG Roots                    56 us, workers (us):  56, ---, ---, ---, 
[2024-08-29T23:17:59.062+0800] Concurrent Marking                 2729 us
[2024-08-29T23:17:59.062+0800] Pause Final Mark (G)               1443 us
[2024-08-29T23:17:59.062+0800] Pause Final Mark (N)                417 us
[2024-08-29T23:17:59.062+0800]   Finish Mark                       159 us
[2024-08-29T23:17:59.062+0800]   Update Region States               64 us
[2024-08-29T23:17:59.062+0800]   Choose Collection Set             141 us
[2024-08-29T23:17:59.062+0800]   Rebuild Free Set                   10 us
[2024-08-29T23:17:59.062+0800] Concurrent Weak References           98 us, parallelism: 0.17x
[2024-08-29T23:17:59.062+0800]   CWRF: <total>                      16 us
[2024-08-29T23:17:59.062+0800]   CWRF: Weak References              16 us, workers (us):  14,   3, ---, ---, 
[2024-08-29T23:17:59.062+0800] Concurrent Weak Roots              1667 us
[2024-08-29T23:17:59.062+0800]   Roots                             533 us, parallelism: 1.52x
[2024-08-29T23:17:59.062+0800]     CWR: <total>                    811 us
[2024-08-29T23:17:59.062+0800]     CWR: Code Cache Roots           711 us, workers (us): 335, 376, ---, ---, 
[2024-08-29T23:17:59.062+0800]     CWR: VM Weak Roots               92 us, workers (us):  51,  40, ---, ---, 
[2024-08-29T23:17:59.062+0800]     CWR: CLDG Roots                   9 us, workers (us): ---,   9, ---, ---, 
[2024-08-29T23:17:59.062+0800]   Rendezvous                       1062 us
[2024-08-29T23:17:59.062+0800] Concurrent Cleanup                  122 us
[2024-08-29T23:17:59.062+0800] Concurrent Class Unloading         1523 us
[2024-08-29T23:17:59.062+0800]   Unlink Stale                     1365 us
[2024-08-29T23:17:59.062+0800]     System Dictionary                14 us
[2024-08-29T23:17:59.062+0800]     Weak Class Links                  0 us
[2024-08-29T23:17:59.062+0800]     Code Roots                     1349 us
[2024-08-29T23:17:59.062+0800]   Rendezvous                         80 us
[2024-08-29T23:17:59.062+0800]   Purge Unlinked                     48 us
[2024-08-29T23:17:59.062+0800]     Code Roots                       36 us
[2024-08-29T23:17:59.062+0800]     CLDG                             12 us
[2024-08-29T23:17:59.062+0800]     Exception Caches                  0 us
[2024-08-29T23:17:59.062+0800] Pause Final Roots (G)               137 us
[2024-08-29T23:17:59.062+0800] Pause Final Roots (N)                67 us
[2024-08-29T23:17:59.062+0800] 
[2024-08-29T23:17:59.062+0800] Allocation pacing accrued:
[2024-08-29T23:17:59.062+0800]       0 of   274 ms (  0.0%): <total>
[2024-08-29T23:17:59.062+0800]       0 of   274 ms (  0.0%): <average total>
[2024-08-29T23:17:59.062+0800] 
[2024-08-29T23:17:59.062+0800] Metaspace: 1651K(1792K)->1651K(1792K) NonClass: 1531K(1600K)->1531K(1600K) Class: 119K(192K)->119K(192K)
[2024-08-29T23:17:59.062+0800] Pacer for Idle. Initial: 41943K, Alloc Tax Rate: 1.0x
[2024-08-29T23:17:59.348+0800] Trigger: Free (202M) is below minimum threshold (204M)
[2024-08-29T23:17:59.348+0800] Free: 202M, Max: 1024K regular, 106M humongous, Frag: 48% external, 0% internal; Reserve: 103M, Max: 1024K
[2024-08-29T23:17:59.348+0800] GC(137) Concurrent reset
[2024-08-29T23:17:59.348+0800] GC(137) Using 2 of 4 workers for concurrent reset
[2024-08-29T23:17:59.348+0800] GC(137) Pacer for Reset. Non-Taxable: 2048M
[2024-08-29T23:17:59.353+0800] GC(137) Concurrent reset 5.085ms
[2024-08-29T23:17:59.354+0800] GC(137) Pause Init Mark (unload classes)
[2024-08-29T23:17:59.354+0800] GC(137) Using 4 of 4 workers for init marking
[2024-08-29T23:17:59.354+0800] GC(137) Pacer for Mark. Expected Live: 981M, Free: 199M, Non-Taxable: 20397K, Alloc Tax Rate: 6.0x
[2024-08-29T23:17:59.354+0800] GC(137) Pause Init Mark (unload classes) 0.152ms
[2024-08-29T23:17:59.354+0800] GC(137) Concurrent marking roots
[2024-08-29T23:17:59.354+0800] GC(137) Using 2 of 4 workers for concurrent marking roots
[2024-08-29T23:17:59.354+0800] GC(137) Concurrent marking roots 0.404ms
[2024-08-29T23:17:59.354+0800] GC(137) Concurrent marking (unload classes)
[2024-08-29T23:17:59.354+0800] GC(137) Using 2 of 4 workers for concurrent marking
[2024-08-29T23:17:59.357+0800] GC(137) Concurrent marking (unload classes) 2.557ms
[2024-08-29T23:17:59.357+0800] GC(137) Pause Final Mark (unload classes)
[2024-08-29T23:17:59.357+0800] GC(137) Using 4 of 4 workers for final marking
[2024-08-29T23:17:59.357+0800] GC(137) Collectable Garbage: 595M (97%), Immediate: 595M (97%), CSet: 0B (0%)
[2024-08-29T23:17:59.358+0800] GC(137) Pause Final Mark (unload classes) 0.557ms
[2024-08-29T23:17:59.358+0800] GC(137) Concurrent weak references
[2024-08-29T23:17:59.358+0800] GC(137) Using 2 of 4 workers for concurrent weak references
[2024-08-29T23:17:59.358+0800] GC(137) Encountered references: Soft: 178, Weak: 297, Final: 0, Phantom: 5
[2024-08-29T23:17:59.358+0800] GC(137) Discovered  references: Soft: 0, Weak: 113, Final: 0, Phantom: 3
[2024-08-29T23:17:59.358+0800] GC(137) Enqueued    references: Soft: 0, Weak: 0, Final: 0, Phantom: 0
[2024-08-29T23:17:59.358+0800] GC(137) Concurrent weak references 0.121ms
[2024-08-29T23:17:59.358+0800] GC(137) Concurrent weak roots
[2024-08-29T23:17:59.358+0800] GC(137) Using 2 of 4 workers for concurrent weak root
[2024-08-29T23:17:59.358+0800] GC(137) Concurrent weak roots 0.359ms
[2024-08-29T23:17:59.358+0800] GC(137) Concurrent cleanup
[2024-08-29T23:17:59.358+0800] GC(137) Concurrent cleanup 1514M->919M(2048M) 0.066ms
[2024-08-29T23:17:59.358+0800] GC(137) Free: 889M, Max: 1024K regular, 109M humongous, Frag: 88% external, 2% internal; Reserve: 103M, Max: 1024K
[2024-08-29T23:17:59.358+0800] GC(137) Concurrent class unloading
[2024-08-29T23:17:59.358+0800] GC(137) Using 2 of 4 workers for concurrent class unloading
[2024-08-29T23:17:59.359+0800] GC(137) Concurrent class unloading 0.698ms
[2024-08-29T23:17:59.359+0800] GC(137) Pause Final Roots
[2024-08-29T23:17:59.359+0800] GC(137) Pause Final Roots 0.011ms
[2024-08-29T23:17:59.359+0800] Free: 882M, Max: 1024K regular, 109M humongous, Frag: 88% external, 2% internal; Reserve: 103M, Max: 1024K
[2024-08-29T23:17:59.359+0800] 
[2024-08-29T23:17:59.359+0800] All times are wall-clock times, except per-root-class counters, that are sum over
[2024-08-29T23:17:59.359+0800] all workers. Dividing the <total> over the root stage time estimates parallelism.
[2024-08-29T23:17:59.359+0800] 
[2024-08-29T23:17:59.359+0800] Concurrent Reset                   5246 us
[2024-08-29T23:17:59.359+0800] Pause Init Mark (G)                 310 us
[2024-08-29T23:17:59.359+0800] Pause Init Mark (N)                 161 us
[2024-08-29T23:17:59.359+0800]   Update Region States               76 us
[2024-08-29T23:17:59.359+0800] Concurrent Mark Roots               415 us, parallelism: 1.34x
[2024-08-29T23:17:59.359+0800]   CMR: <total>                      555 us
[2024-08-29T23:17:59.359+0800]   CMR: Thread Roots                 499 us, workers (us): 193, 306, ---, ---, 
[2024-08-29T23:17:59.359+0800]   CMR: VM Strong Roots                5 us, workers (us):   5,   0, ---, ---, 
[2024-08-29T23:17:59.359+0800]   CMR: CLDG Roots                    51 us, workers (us):  51, ---, ---, ---, 
[2024-08-29T23:17:59.359+0800] Concurrent Marking                 2642 us
[2024-08-29T23:17:59.359+0800] Pause Final Mark (G)                655 us
[2024-08-29T23:17:59.359+0800] Pause Final Mark (N)                566 us
[2024-08-29T23:17:59.359+0800]   Finish Mark                       215 us
[2024-08-29T23:17:59.359+0800]   Update Region States              109 us
[2024-08-29T23:17:59.359+0800]   Choose Collection Set             186 us
[2024-08-29T23:17:59.359+0800]   Rebuild Free Set                    9 us
[2024-08-29T23:17:59.359+0800] Concurrent Weak References          127 us, parallelism: 0.10x
[2024-08-29T23:17:59.359+0800]   CWRF: <total>                      13 us
[2024-08-29T23:17:59.359+0800]   CWRF: Weak References              13 us, workers (us):  13,   0, ---, ---, 
[2024-08-29T23:17:59.359+0800] Concurrent Weak Roots               373 us
[2024-08-29T23:17:59.359+0800]   Roots                             275 us, parallelism: 1.48x
[2024-08-29T23:17:59.359+0800]     CWR: <total>                    406 us
[2024-08-29T23:17:59.359+0800]     CWR: Code Cache Roots           347 us, workers (us): 168, 179, ---, ---, 
[2024-08-29T23:17:59.359+0800]     CWR: VM Weak Roots               52 us, workers (us):  31,  21, ---, ---, 
[2024-08-29T23:17:59.359+0800]     CWR: CLDG Roots                   6 us, workers (us): ---,   6, ---, ---, 
[2024-08-29T23:17:59.359+0800]   Rendezvous                         74 us
[2024-08-29T23:17:59.359+0800] Concurrent Cleanup                   72 us
[2024-08-29T23:17:59.359+0800] Concurrent Class Unloading          715 us
[2024-08-29T23:17:59.359+0800]   Unlink Stale                      561 us
[2024-08-29T23:17:59.359+0800]     System Dictionary                 2 us
[2024-08-29T23:17:59.359+0800]     Weak Class Links                  0 us
[2024-08-29T23:17:59.359+0800]     Code Roots                      558 us
[2024-08-29T23:17:59.359+0800]   Rendezvous                         77 us
[2024-08-29T23:17:59.359+0800]   Purge Unlinked                     50 us
[2024-08-29T23:17:59.359+0800]     Code Roots                       38 us
[2024-08-29T23:17:59.359+0800]     CLDG                             12 us
[2024-08-29T23:17:59.359+0800]     Exception Caches                  0 us
[2024-08-29T23:17:59.359+0800] Pause Final Roots (G)               286 us
[2024-08-29T23:17:59.359+0800] Pause Final Roots (N)                17 us
[2024-08-29T23:17:59.359+0800] 
[2024-08-29T23:17:59.359+0800] Allocation pacing accrued:
[2024-08-29T23:17:59.359+0800]       0 of   297 ms (  0.0%): <total>
[2024-08-29T23:17:59.359+0800]       0 of   297 ms (  0.0%): <average total>
[2024-08-29T23:17:59.359+0800] 
[2024-08-29T23:17:59.359+0800] Metaspace: 1651K(1792K)->1651K(1792K) NonClass: 1531K(1600K)->1531K(1600K) Class: 119K(192K)->119K(192K)
[2024-08-29T23:17:59.359+0800] Pacer for Idle. Initial: 41943K, Alloc Tax Rate: 1.0x
[2024-08-29T23:17:59.653+0800] Trigger: Free (201M) is below minimum threshold (204M)
[2024-08-29T23:17:59.653+0800] Free: 201M, Max: 1024K regular, 109M humongous, Frag: 46% external, 2% internal; Reserve: 103M, Max: 1024K
[2024-08-29T23:17:59.653+0800] GC(138) Concurrent reset
[2024-08-29T23:17:59.653+0800] GC(138) Using 2 of 4 workers for concurrent reset
[2024-08-29T23:17:59.653+0800] GC(138) Pacer for Reset. Non-Taxable: 2048M
[2024-08-29T23:17:59.657+0800] GC(138) Concurrent reset 4.649ms
[2024-08-29T23:17:59.658+0800] GC(138) Pause Init Mark (unload classes)
[2024-08-29T23:17:59.658+0800] GC(138) Using 4 of 4 workers for init marking
[2024-08-29T23:17:59.658+0800] GC(138) Pacer for Mark. Expected Live: 954M, Free: 192M, Non-Taxable: 19749K, Alloc Tax Rate: 6.1x
[2024-08-29T23:17:59.658+0800] GC(138) Pause Init Mark (unload classes) 0.166ms
[2024-08-29T23:17:59.658+0800] GC(138) Concurrent marking roots
[2024-08-29T23:17:59.658+0800] GC(138) Using 2 of 4 workers for concurrent marking roots
[2024-08-29T23:17:59.658+0800] GC(138) Concurrent marking roots 0.231ms
[2024-08-29T23:17:59.658+0800] GC(138) Concurrent marking (unload classes)
[2024-08-29T23:17:59.658+0800] GC(138) Using 2 of 4 workers for concurrent marking
[2024-08-29T23:17:59.660+0800] GC(138) Concurrent marking (unload classes) 1.836ms
[2024-08-29T23:17:59.660+0800] GC(138) Pause Final Mark (unload classes)
[2024-08-29T23:17:59.660+0800] GC(138) Using 4 of 4 workers for final marking
[2024-08-29T23:17:59.660+0800] GC(138) Collectable Garbage: 685M (98%), Immediate: 685M (98%), CSet: 0B (0%)
[2024-08-29T23:17:59.660+0800] GC(138) Pause Final Mark (unload classes) 0.439ms
[2024-08-29T23:17:59.660+0800] GC(138) Concurrent weak references
[2024-08-29T23:17:59.660+0800] GC(138) Using 2 of 4 workers for concurrent weak references
[2024-08-29T23:17:59.661+0800] GC(138) Encountered references: Soft: 178, Weak: 297, Final: 0, Phantom: 5
[2024-08-29T23:17:59.661+0800] GC(138) Discovered  references: Soft: 0, Weak: 113, Final: 0, Phantom: 5
[2024-08-29T23:17:59.661+0800] GC(138) Enqueued    references: Soft: 0, Weak: 0, Final: 0, Phantom: 0
[2024-08-29T23:17:59.661+0800] GC(138) Concurrent weak references 0.140ms
[2024-08-29T23:17:59.661+0800] GC(138) Concurrent weak roots
[2024-08-29T23:17:59.661+0800] GC(138) Using 2 of 4 workers for concurrent weak root
[2024-08-29T23:17:59.661+0800] GC(138) Concurrent weak roots 0.460ms
[2024-08-29T23:17:59.661+0800] GC(138) Concurrent cleanup
[2024-08-29T23:17:59.661+0800] GC(138) Concurrent cleanup 1518M->832M(2048M) 0.094ms
[2024-08-29T23:17:59.661+0800] GC(138) Free: 979M, Max: 1024K regular, 109M humongous, Frag: 89% external, 1% internal; Reserve: 103M, Max: 1024K
[2024-08-29T23:17:59.661+0800] GC(138) Concurrent class unloading
[2024-08-29T23:17:59.661+0800] GC(138) Using 2 of 4 workers for concurrent class unloading
[2024-08-29T23:17:59.662+0800] GC(138) Concurrent class unloading 0.961ms
[2024-08-29T23:17:59.664+0800] GC(138) Pause Final Roots
[2024-08-29T23:17:59.664+0800] GC(138) Pause Final Roots 0.029ms
[2024-08-29T23:17:59.664+0800] Free: 970M, Max: 1024K regular, 109M humongous, Frag: 89% external, 2% internal; Reserve: 103M, Max: 1024K
[2024-08-29T23:17:59.664+0800] 
[2024-08-29T23:17:59.664+0800] All times are wall-clock times, except per-root-class counters, that are sum over
[2024-08-29T23:17:59.664+0800] all workers. Dividing the <total> over the root stage time estimates parallelism.
[2024-08-29T23:17:59.664+0800] 
[2024-08-29T23:17:59.664+0800] Concurrent Reset                   4726 us
[2024-08-29T23:17:59.664+0800] Pause Init Mark (G)                 327 us
[2024-08-29T23:17:59.664+0800] Pause Init Mark (N)                 172 us
[2024-08-29T23:17:59.664+0800]   Update Region States               79 us
[2024-08-29T23:17:59.664+0800] Concurrent Mark Roots               244 us, parallelism: 1.00x
[2024-08-29T23:17:59.664+0800]   CMR: <total>                      246 us
[2024-08-29T23:17:59.664+0800]   CMR: Thread Roots                 197 us, workers (us):  72, 125, ---, ---, 
[2024-08-29T23:17:59.664+0800]   CMR: VM Strong Roots                5 us, workers (us):   4,   0, ---, ---, 
[2024-08-29T23:17:59.664+0800]   CMR: CLDG Roots                    44 us, workers (us):  44, ---, ---, ---, 
[2024-08-29T23:17:59.664+0800] Concurrent Marking                 1861 us
[2024-08-29T23:17:59.664+0800] Pause Final Mark (G)                603 us
[2024-08-29T23:17:59.664+0800] Pause Final Mark (N)                452 us
[2024-08-29T23:17:59.664+0800]   Finish Mark                       171 us
[2024-08-29T23:17:59.664+0800]   Update Region States               84 us
[2024-08-29T23:17:59.664+0800]   Choose Collection Set             134 us
[2024-08-29T23:17:59.664+0800]   Rebuild Free Set                   13 us
[2024-08-29T23:17:59.664+0800] Concurrent Weak References          147 us, parallelism: 0.04x
[2024-08-29T23:17:59.664+0800]   CWRF: <total>                       7 us
[2024-08-29T23:17:59.664+0800]   CWRF: Weak References               7 us, workers (us):   5,   2, ---, ---, 
[2024-08-29T23:17:59.664+0800] Concurrent Weak Roots               475 us
[2024-08-29T23:17:59.664+0800]   Roots                             374 us, parallelism: 1.47x
[2024-08-29T23:17:59.664+0800]     CWR: <total>                    552 us
[2024-08-29T23:17:59.664+0800]     CWR: Code Cache Roots           456 us, workers (us): 213, 243, ---, ---, 
[2024-08-29T23:17:59.664+0800]     CWR: VM Weak Roots               91 us, workers (us):  51,  40, ---, ---, 
[2024-08-29T23:17:59.664+0800]     CWR: CLDG Roots                   4 us, workers (us):   4, ---, ---, ---, 
[2024-08-29T23:17:59.664+0800]   Rendezvous                         73 us
[2024-08-29T23:17:59.664+0800] Concurrent Cleanup                  101 us
[2024-08-29T23:17:59.664+0800] Concurrent Class Unloading          983 us
[2024-08-29T23:17:59.664+0800]   Unlink Stale                      801 us
[2024-08-29T23:17:59.664+0800]     System Dictionary                 3 us
[2024-08-29T23:17:59.664+0800]     Weak Class Links                  0 us
[2024-08-29T23:17:59.664+0800]     Code Roots                      797 us
[2024-08-29T23:17:59.664+0800]   Rendezvous                         85 us
[2024-08-29T23:17:59.664+0800]   Purge Unlinked                     62 us
[2024-08-29T23:17:59.664+0800]     Code Roots                       49 us
[2024-08-29T23:17:59.664+0800]     CLDG                             13 us
[2024-08-29T23:17:59.664+0800]     Exception Caches                  0 us
[2024-08-29T23:17:59.664+0800] Pause Final Roots (G)              1540 us
[2024-08-29T23:17:59.664+0800] Pause Final Roots (N)                38 us
[2024-08-29T23:17:59.664+0800] 
[2024-08-29T23:17:59.664+0800] Allocation pacing accrued:
[2024-08-29T23:17:59.664+0800]       0 of   305 ms (  0.0%): <total>
[2024-08-29T23:17:59.664+0800]       0 of   305 ms (  0.0%): <average total>
[2024-08-29T23:17:59.664+0800] 
[2024-08-29T23:17:59.664+0800] Metaspace: 1651K(1792K)->1651K(1792K) NonClass: 1531K(1600K)->1531K(1600K) Class: 119K(192K)->119K(192K)
[2024-08-29T23:17:59.664+0800] Pacer for Idle. Initial: 41943K, Alloc Tax Rate: 1.0x
[2024-08-29T23:17:59.979+0800] Trigger: Free (202M) is below minimum threshold (204M)
[2024-08-29T23:17:59.979+0800] Free: 202M, Max: 1024K regular, 109M humongous, Frag: 46% external, 3% internal; Reserve: 103M, Max: 1024K
[2024-08-29T23:17:59.979+0800] GC(139) Concurrent reset
[2024-08-29T23:17:59.979+0800] GC(139) Using 2 of 4 workers for concurrent reset
[2024-08-29T23:17:59.979+0800] GC(139) Pacer for Reset. Non-Taxable: 2048M
[2024-08-29T23:17:59.985+0800] GC(139) Concurrent reset 5.622ms
[2024-08-29T23:17:59.986+0800] GC(139) Pause Init Mark (unload classes)
[2024-08-29T23:17:59.986+0800] GC(139) Using 4 of 4 workers for init marking
[2024-08-29T23:17:59.986+0800] GC(139) Pacer for Mark. Expected Live: 909M, Free: 182M, Non-Taxable: 18665K, Alloc Tax Rate: 6.1x
[2024-08-29T23:17:59.986+0800] GC(139) Pause Init Mark (unload classes) 0.126ms
[2024-08-29T23:17:59.986+0800] GC(139) Concurrent marking roots
[2024-08-29T23:17:59.986+0800] GC(139) Using 2 of 4 workers for concurrent marking roots
[2024-08-29T23:17:59.986+0800] GC(139) Concurrent marking roots 0.183ms
[2024-08-29T23:17:59.986+0800] GC(139) Concurrent marking (unload classes)
[2024-08-29T23:17:59.986+0800] GC(139) Using 2 of 4 workers for concurrent marking
[2024-08-29T23:17:59.988+0800] GC(139) Concurrent marking (unload classes) 1.420ms
[2024-08-29T23:17:59.988+0800] GC(139) Pause Final Mark (unload classes)
[2024-08-29T23:17:59.988+0800] GC(139) Using 4 of 4 workers for final marking
[2024-08-29T23:17:59.988+0800] GC(139) Collectable Garbage: 644M (97%), Immediate: 644M (97%), CSet: 0B (0%)
[2024-08-29T23:17:59.988+0800] GC(139) Pause Final Mark (unload classes) 0.343ms
[2024-08-29T23:17:59.988+0800] GC(139) Concurrent weak references
[2024-08-29T23:17:59.988+0800] GC(139) Using 2 of 4 workers for concurrent weak references
[2024-08-29T23:17:59.989+0800] GC(139) Encountered references: Soft: 178, Weak: 297, Final: 0, Phantom: 5
[2024-08-29T23:17:59.989+0800] GC(139) Discovered  references: Soft: 0, Weak: 111, Final: 0, Phantom: 5
[2024-08-29T23:17:59.989+0800] GC(139) Enqueued    references: Soft: 0, Weak: 0, Final: 0, Phantom: 0
[2024-08-29T23:17:59.989+0800] GC(139) Concurrent weak references 0.499ms
[2024-08-29T23:17:59.989+0800] GC(139) Concurrent weak roots
[2024-08-29T23:17:59.989+0800] GC(139) Using 2 of 4 workers for concurrent weak root
[2024-08-29T23:17:59.991+0800] GC(139) Concurrent weak roots 2.192ms
[2024-08-29T23:17:59.991+0800] GC(139) Concurrent cleanup
[2024-08-29T23:17:59.991+0800] GC(139) Concurrent cleanup 1531M->887M(2048M) 0.082ms
[2024-08-29T23:17:59.991+0800] GC(139) Free: 925M, Max: 1024K regular, 109M humongous, Frag: 89% external, 2% internal; Reserve: 103M, Max: 1024K
[2024-08-29T23:17:59.991+0800] GC(139) Concurrent class unloading
[2024-08-29T23:17:59.991+0800] GC(139) Using 2 of 4 workers for concurrent class unloading
[2024-08-29T23:17:59.993+0800] GC(139) Concurrent class unloading 1.965ms
[2024-08-29T23:17:59.993+0800] GC(139) Pause Final Roots
[2024-08-29T23:17:59.993+0800] GC(139) Pause Final Roots 0.015ms
[2024-08-29T23:17:59.993+0800] Free: 917M, Max: 1024K regular, 109M humongous, Frag: 89% external, 2% internal; Reserve: 103M, Max: 1024K
[2024-08-29T23:17:59.993+0800] 
[2024-08-29T23:17:59.993+0800] All times are wall-clock times, except per-root-class counters, that are sum over
[2024-08-29T23:17:59.993+0800] all workers. Dividing the <total> over the root stage time estimates parallelism.
[2024-08-29T23:17:59.993+0800] 
[2024-08-29T23:17:59.993+0800] Concurrent Reset                   5745 us
[2024-08-29T23:17:59.993+0800] Pause Init Mark (G)                1335 us
[2024-08-29T23:17:59.993+0800] Pause Init Mark (N)                 133 us
[2024-08-29T23:17:59.993+0800]   Update Region States               69 us
[2024-08-29T23:17:59.993+0800] Concurrent Mark Roots               195 us, parallelism: 0.78x
[2024-08-29T23:17:59.993+0800]   CMR: <total>                      153 us
[2024-08-29T23:17:59.993+0800]   CMR: Thread Roots                 118 us, workers (us):  46,  71, ---, ---, 
[2024-08-29T23:17:59.993+0800]   CMR: VM Strong Roots                4 us, workers (us):   3,   0, ---, ---, 
[2024-08-29T23:17:59.993+0800]   CMR: CLDG Roots                    31 us, workers (us):  31, ---, ---, ---, 
[2024-08-29T23:17:59.993+0800] Concurrent Marking                 1440 us
[2024-08-29T23:17:59.993+0800] Pause Final Mark (G)                416 us
[2024-08-29T23:17:59.993+0800] Pause Final Mark (N)                351 us
[2024-08-29T23:17:59.993+0800]   Finish Mark                       137 us
[2024-08-29T23:17:59.993+0800]   Update Region States               44 us
[2024-08-29T23:17:59.993+0800]   Choose Collection Set             113 us
[2024-08-29T23:17:59.993+0800]   Rebuild Free Set                    9 us
[2024-08-29T23:17:59.993+0800] Concurrent Weak References          506 us, parallelism: 0.01x
[2024-08-29T23:17:59.993+0800]   CWRF: <total>                       4 us
[2024-08-29T23:17:59.993+0800]   CWRF: Weak References               4 us, workers (us):   3,   0, ---, ---, 
[2024-08-29T23:17:59.993+0800] Concurrent Weak Roots              2235 us
[2024-08-29T23:17:59.993+0800]   Roots                             699 us, parallelism: 1.61x
[2024-08-29T23:17:59.993+0800]     CWR: <total>                   1125 us
[2024-08-29T23:17:59.993+0800]     CWR: Code Cache Roots          1060 us, workers (us): 539, 521, ---, ---, 
[2024-08-29T23:17:59.993+0800]     CWR: VM Weak Roots               62 us, workers (us):  48,  14, ---, ---, 
[2024-08-29T23:17:59.993+0800]     CWR: CLDG Roots                   2 us, workers (us):   2, ---, ---, ---, 
[2024-08-29T23:17:59.993+0800]   Rendezvous                       1481 us
[2024-08-29T23:17:59.993+0800] Concurrent Cleanup                   89 us
[2024-08-29T23:17:59.993+0800] Concurrent Class Unloading         1988 us
[2024-08-29T23:17:59.993+0800]   Unlink Stale                      902 us
[2024-08-29T23:17:59.993+0800]     System Dictionary                 3 us
[2024-08-29T23:17:59.993+0800]     Weak Class Links                  0 us
[2024-08-29T23:17:59.993+0800]     Code Roots                      897 us
[2024-08-29T23:17:59.993+0800]   Rendezvous                        945 us
[2024-08-29T23:17:59.993+0800]   Purge Unlinked                    106 us
[2024-08-29T23:17:59.993+0800]     Code Roots                       91 us
[2024-08-29T23:17:59.993+0800]     CLDG                             15 us
[2024-08-29T23:17:59.993+0800]     Exception Caches                  0 us
[2024-08-29T23:17:59.993+0800] Pause Final Roots (G)                90 us
[2024-08-29T23:17:59.993+0800] Pause Final Roots (N)                21 us
[2024-08-29T23:17:59.993+0800] 
[2024-08-29T23:17:59.993+0800] Allocation pacing accrued:
[2024-08-29T23:17:59.993+0800]       0 of   329 ms (  0.0%): <total>
[2024-08-29T23:17:59.993+0800]       0 of   329 ms (  0.0%): <average total>
[2024-08-29T23:17:59.993+0800] 
[2024-08-29T23:17:59.993+0800] Metaspace: 1651K(1792K)->1651K(1792K) NonClass: 1531K(1600K)->1531K(1600K) Class: 119K(192K)->119K(192K)
[2024-08-29T23:17:59.993+0800] Pacer for Idle. Initial: 41943K, Alloc Tax Rate: 1.0x
[2024-08-29T23:18:00.283+0800] Trigger: Free (202M) is below minimum threshold (204M)
[2024-08-29T23:18:00.283+0800] Free: 202M, Max: 1024K regular, 109M humongous, Frag: 46% external, 0% internal; Reserve: 103M, Max: 1024K
[2024-08-29T23:18:00.283+0800] GC(140) Concurrent reset
[2024-08-29T23:18:00.283+0800] GC(140) Using 2 of 4 workers for concurrent reset
[2024-08-29T23:18:00.283+0800] GC(140) Pacer for Reset. Non-Taxable: 2048M
[2024-08-29T23:18:00.287+0800] GC(140) Concurrent reset 4.017ms
[2024-08-29T23:18:00.287+0800] GC(140) Pause Init Mark (unload classes)
[2024-08-29T23:18:00.287+0800] GC(140) Using 4 of 4 workers for init marking
[2024-08-29T23:18:00.287+0800] GC(140) Pacer for Mark. Expected Live: 883M, Free: 192M, Non-Taxable: 19738K, Alloc Tax Rate: 5.6x
[2024-08-29T23:18:00.287+0800] GC(140) Pause Init Mark (unload classes) 0.084ms
[2024-08-29T23:18:00.287+0800] GC(140) Concurrent marking roots
[2024-08-29T23:18:00.287+0800] GC(140) Using 2 of 4 workers for concurrent marking roots
[2024-08-29T23:18:00.288+0800] GC(140) Concurrent marking roots 0.225ms
[2024-08-29T23:18:00.288+0800] GC(140) Concurrent marking (unload classes)
[2024-08-29T23:18:00.288+0800] GC(140) Using 2 of 4 workers for concurrent marking
[2024-08-29T23:18:00.289+0800] GC(140) Concurrent marking (unload classes) 1.185ms
[2024-08-29T23:18:00.289+0800] GC(140) Pause Final Mark (unload classes)
[2024-08-29T23:18:00.289+0800] GC(140) Using 4 of 4 workers for final marking
[2024-08-29T23:18:00.289+0800] GC(140) Collectable Garbage: 602M (98%), Immediate: 602M (98%), CSet: 0B (0%)
[2024-08-29T23:18:00.289+0800] GC(140) Pause Final Mark (unload classes) 0.377ms
[2024-08-29T23:18:00.289+0800] GC(140) Concurrent weak references
[2024-08-29T23:18:00.289+0800] GC(140) Using 2 of 4 workers for concurrent weak references
[2024-08-29T23:18:00.289+0800] GC(140) Encountered references: Soft: 178, Weak: 297, Final: 0, Phantom: 5
[2024-08-29T23:18:00.289+0800] GC(140) Discovered  references: Soft: 0, Weak: 113, Final: 0, Phantom: 5
[2024-08-29T23:18:00.289+0800] GC(140) Enqueued    references: Soft: 0, Weak: 0, Final: 0, Phantom: 0
[2024-08-29T23:18:00.289+0800] GC(140) Concurrent weak references 0.110ms
[2024-08-29T23:18:00.289+0800] GC(140) Concurrent weak roots
[2024-08-29T23:18:00.289+0800] GC(140) Using 2 of 4 workers for concurrent weak root
[2024-08-29T23:18:00.289+0800] GC(140) Concurrent weak roots 0.258ms
[2024-08-29T23:18:00.290+0800] GC(140) Concurrent cleanup
[2024-08-29T23:18:00.290+0800] GC(140) Concurrent cleanup 1501M->898M(2048M) 0.066ms
[2024-08-29T23:18:00.290+0800] GC(140) Free: 907M, Max: 1024K regular, 109M humongous, Frag: 88% external, 2% internal; Reserve: 103M, Max: 1024K
[2024-08-29T23:18:00.290+0800] GC(140) Concurrent class unloading
[2024-08-29T23:18:00.290+0800] GC(140) Using 2 of 4 workers for concurrent class unloading
[2024-08-29T23:18:00.291+0800] GC(140) Concurrent class unloading 1.135ms
[2024-08-29T23:18:00.291+0800] GC(140) Pause Final Roots
[2024-08-29T23:18:00.291+0800] GC(140) Pause Final Roots 0.006ms
[2024-08-29T23:18:00.291+0800] Free: 906M, Max: 1024K regular, 109M humongous, Frag: 88% external, 2% internal; Reserve: 103M, Max: 1024K
[2024-08-29T23:18:00.291+0800] 
[2024-08-29T23:18:00.291+0800] All times are wall-clock times, except per-root-class counters, that are sum over
[2024-08-29T23:18:00.291+0800] all workers. Dividing the <total> over the root stage time estimates parallelism.
[2024-08-29T23:18:00.291+0800] 
[2024-08-29T23:18:00.291+0800] Concurrent Reset                   4090 us
[2024-08-29T23:18:00.291+0800] Pause Init Mark (G)                 136 us
[2024-08-29T23:18:00.291+0800] Pause Init Mark (N)                  89 us
[2024-08-29T23:18:00.291+0800]   Update Region States               48 us
[2024-08-29T23:18:00.291+0800] Concurrent Mark Roots               241 us, parallelism: 0.94x
[2024-08-29T23:18:00.291+0800]   CMR: <total>                      227 us
[2024-08-29T23:18:00.291+0800]   CMR: Thread Roots                 192 us, workers (us): 102,  90, ---, ---, 
[2024-08-29T23:18:00.291+0800]   CMR: VM Strong Roots                4 us, workers (us):   4,   0, ---, ---, 
[2024-08-29T23:18:00.291+0800]   CMR: CLDG Roots                    31 us, workers (us):  31, ---, ---, ---, 
[2024-08-29T23:18:00.291+0800] Concurrent Marking                 1202 us
[2024-08-29T23:18:00.291+0800] Pause Final Mark (G)                406 us
[2024-08-29T23:18:00.291+0800] Pause Final Mark (N)                385 us
[2024-08-29T23:18:00.291+0800]   Finish Mark                       117 us
[2024-08-29T23:18:00.291+0800]   Update Region States               60 us
[2024-08-29T23:18:00.291+0800]   Choose Collection Set             177 us
[2024-08-29T23:18:00.291+0800]   Rebuild Free Set                    8 us
[2024-08-29T23:18:00.291+0800] Concurrent Weak References          115 us, parallelism: 0.03x
[2024-08-29T23:18:00.291+0800]   CWRF: <total>                       3 us
[2024-08-29T23:18:00.291+0800]   CWRF: Weak References               3 us, workers (us):   3,   0, ---, ---, 
[2024-08-29T23:18:00.291+0800] Concurrent Weak Roots               270 us
[2024-08-29T23:18:00.291+0800]   Roots                             231 us, parallelism: 1.40x
[2024-08-29T23:18:00.291+0800]     CWR: <total>                    322 us
[2024-08-29T23:18:00.291+0800]     CWR: Code Cache Roots           273 us, workers (us): 142, 131, ---, ---, 
[2024-08-29T23:18:00.291+0800]     CWR: VM Weak Roots               47 us, workers (us):  32,  15, ---, ---, 
[2024-08-29T23:18:00.291+0800]     CWR: CLDG Roots                   2 us, workers (us):   2, ---, ---, ---, 
[2024-08-29T23:18:00.291+0800]   Rendezvous                         19 us
[2024-08-29T23:18:00.291+0800] Concurrent Cleanup                   71 us
[2024-08-29T23:18:00.291+0800] Concurrent Class Unloading         1147 us
[2024-08-29T23:18:00.291+0800]   Unlink Stale                     1034 us
[2024-08-29T23:18:00.291+0800]     System Dictionary                 2 us
[2024-08-29T23:18:00.291+0800]     Weak Class Links                  0 us
[2024-08-29T23:18:00.291+0800]     Code Roots                     1032 us
[2024-08-29T23:18:00.291+0800]   Rendezvous                         21 us
[2024-08-29T23:18:00.291+0800]   Purge Unlinked                     70 us
[2024-08-29T23:18:00.291+0800]     Code Roots                       60 us
[2024-08-29T23:18:00.291+0800]     CLDG                             10 us
[2024-08-29T23:18:00.291+0800]     Exception Caches                  0 us
[2024-08-29T23:18:00.291+0800] Pause Final Roots (G)                37 us
[2024-08-29T23:18:00.291+0800] Pause Final Roots (N)                10 us
[2024-08-29T23:18:00.291+0800] 
[2024-08-29T23:18:00.291+0800] Allocation pacing accrued:
[2024-08-29T23:18:00.291+0800]       0 of   298 ms (  0.0%): <total>
[2024-08-29T23:18:00.291+0800]       0 of   298 ms (  0.0%): <average total>
[2024-08-29T23:18:00.291+0800] 
[2024-08-29T23:18:00.291+0800] Metaspace: 1651K(1792K)->1651K(1792K) NonClass: 1531K(1600K)->1531K(1600K) Class: 119K(192K)->119K(192K)
[2024-08-29T23:18:00.291+0800] Pacer for Idle. Initial: 41943K, Alloc Tax Rate: 1.0x
[2024-08-29T23:18:00.602+0800] Trigger: Free (204M) is below minimum threshold (204M)
[2024-08-29T23:18:00.602+0800] Free: 199M, Max: 1024K regular, 109M humongous, Frag: 45% external, 5% internal; Reserve: 103M, Max: 1024K
[2024-08-29T23:18:00.602+0800] GC(141) Concurrent reset
[2024-08-29T23:18:00.602+0800] GC(141) Using 2 of 4 workers for concurrent reset
[2024-08-29T23:18:00.602+0800] GC(141) Pacer for Reset. Non-Taxable: 2048M
[2024-08-29T23:18:00.607+0800] GC(141) Concurrent reset 5.223ms
[2024-08-29T23:18:00.608+0800] GC(141) Pause Init Mark (unload classes)
[2024-08-29T23:18:00.608+0800] GC(141) Using 4 of 4 workers for init marking
[2024-08-29T23:18:00.608+0800] GC(141) Pacer for Mark. Expected Live: 863M, Free: 186M, Non-Taxable: 19111K, Alloc Tax Rate: 5.7x
[2024-08-29T23:18:00.608+0800] GC(141) Pause Init Mark (unload classes) 0.120ms
[2024-08-29T23:18:00.608+0800] GC(141) Concurrent marking roots
[2024-08-29T23:18:00.608+0800] GC(141) Using 2 of 4 workers for concurrent marking roots
[2024-08-29T23:18:00.608+0800] GC(141) Concurrent marking roots 0.272ms
[2024-08-29T23:18:00.608+0800] GC(141) Concurrent marking (unload classes)
[2024-08-29T23:18:00.608+0800] GC(141) Using 2 of 4 workers for concurrent marking
[2024-08-29T23:18:00.610+0800] GC(141) Concurrent marking (unload classes) 1.642ms
[2024-08-29T23:18:00.610+0800] GC(141) Pause Final Mark (unload classes)
[2024-08-29T23:18:00.610+0800] GC(141) Using 4 of 4 workers for final marking
[2024-08-29T23:18:00.610+0800] GC(141) Collectable Garbage: 685M (98%), Immediate: 685M (98%), CSet: 0B (0%)
[2024-08-29T23:18:00.610+0800] GC(141) Pause Final Mark (unload classes) 0.292ms
[2024-08-29T23:18:00.610+0800] GC(141) Concurrent weak references
[2024-08-29T23:18:00.610+0800] GC(141) Using 2 of 4 workers for concurrent weak references
[2024-08-29T23:18:00.610+0800] GC(141) Encountered references: Soft: 178, Weak: 297, Final: 0, Phantom: 5
[2024-08-29T23:18:00.610+0800] GC(141) Discovered  references: Soft: 0, Weak: 114, Final: 0, Phantom: 5
[2024-08-29T23:18:00.610+0800] GC(141) Enqueued    references: Soft: 0, Weak: 0, Final: 0, Phantom: 0
[2024-08-29T23:18:00.610+0800] GC(141) Concurrent weak references 0.087ms
[2024-08-29T23:18:00.610+0800] GC(141) Concurrent weak roots
[2024-08-29T23:18:00.610+0800] GC(141) Using 2 of 4 workers for concurrent weak root
[2024-08-29T23:18:00.610+0800] GC(141) Concurrent weak roots 0.315ms
[2024-08-29T23:18:00.610+0800] GC(141) Concurrent cleanup
[2024-08-29T23:18:00.610+0800] GC(141) Concurrent cleanup 1521M->836M(2048M) 0.068ms
[2024-08-29T23:18:00.610+0800] GC(141) Free: 973M, Max: 1024K regular, 109M humongous, Frag: 89% external, 1% internal; Reserve: 103M, Max: 1024K
[2024-08-29T23:18:00.610+0800] GC(141) Concurrent class unloading
[2024-08-29T23:18:00.610+0800] GC(141) Using 2 of 4 workers for concurrent class unloading
[2024-08-29T23:18:00.612+0800] GC(141) Concurrent class unloading 1.553ms
[2024-08-29T23:18:00.612+0800] GC(141) Pause Final Roots
[2024-08-29T23:18:00.612+0800] GC(141) Pause Final Roots 0.012ms
[2024-08-29T23:18:00.612+0800] Free: 969M, Max: 1024K regular, 109M humongous, Frag: 89% external, 1% internal; Reserve: 103M, Max: 1024K
[2024-08-29T23:18:00.612+0800] 
[2024-08-29T23:18:00.612+0800] All times are wall-clock times, except per-root-class counters, that are sum over
[2024-08-29T23:18:00.612+0800] all workers. Dividing the <total> over the root stage time estimates parallelism.
[2024-08-29T23:18:00.612+0800] 
[2024-08-29T23:18:00.612+0800] Concurrent Reset                   5291 us
[2024-08-29T23:18:00.612+0800] Pause Init Mark (G)                 245 us
[2024-08-29T23:18:00.612+0800] Pause Init Mark (N)                 128 us
[2024-08-29T23:18:00.612+0800]   Update Region States               62 us
[2024-08-29T23:18:00.612+0800] Concurrent Mark Roots               285 us, parallelism: 0.75x
[2024-08-29T23:18:00.612+0800]   CMR: <total>                      215 us
[2024-08-29T23:18:00.612+0800]   CMR: Thread Roots                 182 us, workers (us):  99,  82, ---, ---, 
[2024-08-29T23:18:00.612+0800]   CMR: VM Strong Roots                4 us, workers (us):   3,   0, ---, ---, 
[2024-08-29T23:18:00.612+0800]   CMR: CLDG Roots                    30 us, workers (us):  30, ---, ---, ---, 
[2024-08-29T23:18:00.612+0800] Concurrent Marking                 1662 us
[2024-08-29T23:18:00.612+0800] Pause Final Mark (G)                352 us
[2024-08-29T23:18:00.612+0800] Pause Final Mark (N)                298 us
[2024-08-29T23:18:00.612+0800]   Finish Mark                        94 us
[2024-08-29T23:18:00.612+0800]   Update Region States               50 us
[2024-08-29T23:18:00.612+0800]   Choose Collection Set             115 us
[2024-08-29T23:18:00.612+0800]   Rebuild Free Set                    9 us
[2024-08-29T23:18:00.612+0800] Concurrent Weak References           93 us, parallelism: 0.04x
[2024-08-29T23:18:00.612+0800]   CWRF: <total>                       4 us
[2024-08-29T23:18:00.612+0800]   CWRF: Weak References               4 us, workers (us):   3,   0, ---, ---, 
[2024-08-29T23:18:00.612+0800] Concurrent Weak Roots               328 us
[2024-08-29T23:18:00.612+0800]   Roots                             228 us, parallelism: 1.51x
[2024-08-29T23:18:00.612+0800]     CWR: <total>                    343 us
[2024-08-29T23:18:00.612+0800]     CWR: Code Cache Roots           300 us, workers (us): 142, 159, ---, ---, 
[2024-08-29T23:18:00.612+0800]     CWR: VM Weak Roots               40 us, workers (us):  23,  18, ---, ---, 
[2024-08-29T23:18:00.612+0800]     CWR: CLDG Roots                   2 us, workers (us): ---,   2, ---, ---, 
[2024-08-29T23:18:00.612+0800]   Rendezvous                         77 us
[2024-08-29T23:18:00.612+0800] Concurrent Cleanup                   74 us
[2024-08-29T23:18:00.612+0800] Concurrent Class Unloading         1569 us
[2024-08-29T23:18:00.612+0800]   Unlink Stale                      671 us
[2024-08-29T23:18:00.612+0800]     System Dictionary                 2 us
[2024-08-29T23:18:00.612+0800]     Weak Class Links                  0 us
[2024-08-29T23:18:00.612+0800]     Code Roots                      668 us
[2024-08-29T23:18:00.612+0800]   Rendezvous                        809 us
[2024-08-29T23:18:00.612+0800]   Purge Unlinked                     64 us
[2024-08-29T23:18:00.612+0800]     Code Roots                       53 us
[2024-08-29T23:18:00.612+0800]     CLDG                             11 us
[2024-08-29T23:18:00.612+0800]     Exception Caches                  0 us
[2024-08-29T23:18:00.612+0800] Pause Final Roots (G)                72 us
[2024-08-29T23:18:00.612+0800] Pause Final Roots (N)                17 us
[2024-08-29T23:18:00.612+0800] 
[2024-08-29T23:18:00.612+0800] Allocation pacing accrued:
[2024-08-29T23:18:00.612+0800]       0 of   321 ms (  0.0%): <total>
[2024-08-29T23:18:00.612+0800]       0 of   321 ms (  0.0%): <average total>
[2024-08-29T23:18:00.612+0800] 
[2024-08-29T23:18:00.612+0800] Metaspace: 1651K(1792K)->1651K(1792K) NonClass: 1531K(1600K)->1531K(1600K) Class: 119K(192K)->119K(192K)
[2024-08-29T23:18:00.612+0800] Pacer for Idle. Initial: 41943K, Alloc Tax Rate: 1.0x
[2024-08-29T23:18:00.921+0800] Trigger: Free (200M) is below minimum threshold (204M)
[2024-08-29T23:18:00.921+0800] Free: 197M, Max: 1024K regular, 109M humongous, Frag: 45% external, 1% internal; Reserve: 103M, Max: 1024K
[2024-08-29T23:18:00.921+0800] GC(142) Concurrent reset
[2024-08-29T23:18:00.921+0800] GC(142) Using 2 of 4 workers for concurrent reset
[2024-08-29T23:18:00.921+0800] GC(142) Pacer for Reset. Non-Taxable: 2048M
[2024-08-29T23:18:00.926+0800] GC(142) Concurrent reset 5.531ms
[2024-08-29T23:18:00.927+0800] GC(142) Pause Init Mark (unload classes)
[2024-08-29T23:18:00.927+0800] GC(142) Using 4 of 4 workers for init marking
[2024-08-29T23:18:00.927+0800] GC(142) Pacer for Mark. Expected Live: 852M, Free: 180M, Non-Taxable: 18454K, Alloc Tax Rate: 5.8x
[2024-08-29T23:18:00.927+0800] GC(142) Pause Init Mark (unload classes) 0.104ms
[2024-08-29T23:18:00.927+0800] GC(142) Concurrent marking roots
[2024-08-29T23:18:00.927+0800] GC(142) Using 2 of 4 workers for concurrent marking roots
[2024-08-29T23:18:00.927+0800] GC(142) Concurrent marking roots 0.238ms
[2024-08-29T23:18:00.927+0800] GC(142) Concurrent marking (unload classes)
[2024-08-29T23:18:00.927+0800] GC(142) Using 2 of 4 workers for concurrent marking
[2024-08-29T23:18:00.928+0800] GC(142) Concurrent marking (unload classes) 1.375ms
[2024-08-29T23:18:00.928+0800] GC(142) Pause Final Mark (unload classes)
[2024-08-29T23:18:00.928+0800] GC(142) Using 4 of 4 workers for final marking
[2024-08-29T23:18:00.929+0800] GC(142) Collectable Garbage: 619M (98%), Immediate: 619M (98%), CSet: 0B (0%)
[2024-08-29T23:18:00.929+0800] GC(142) Pause Final Mark (unload classes) 0.419ms
[2024-08-29T23:18:00.929+0800] GC(142) Concurrent weak references
[2024-08-29T23:18:00.929+0800] GC(142) Using 2 of 4 workers for concurrent weak references
[2024-08-29T23:18:00.929+0800] GC(142) Encountered references: Soft: 178, Weak: 297, Final: 0, Phantom: 5
[2024-08-29T23:18:00.929+0800] GC(142) Discovered  references: Soft: 0, Weak: 111, Final: 0, Phantom: 3
[2024-08-29T23:18:00.929+0800] GC(142) Enqueued    references: Soft: 0, Weak: 0, Final: 0, Phantom: 0
[2024-08-29T23:18:00.929+0800] GC(142) Concurrent weak references 0.080ms
[2024-08-29T23:18:00.929+0800] GC(142) Concurrent weak roots
[2024-08-29T23:18:00.929+0800] GC(142) Using 2 of 4 workers for concurrent weak root
[2024-08-29T23:18:00.929+0800] GC(142) Concurrent weak roots 0.286ms
[2024-08-29T23:18:00.929+0800] GC(142) Concurrent cleanup
[2024-08-29T23:18:00.929+0800] GC(142) Concurrent cleanup 1519M->899M(2048M) 0.079ms
[2024-08-29T23:18:00.929+0800] GC(142) Free: 898M, Max: 1024K regular, 135M humongous, Frag: 85% external, 2% internal; Reserve: 103M, Max: 1024K
[2024-08-29T23:18:00.929+0800] GC(142) Concurrent class unloading
[2024-08-29T23:18:00.929+0800] GC(142) Using 2 of 4 workers for concurrent class unloading
[2024-08-29T23:18:00.930+0800] GC(142) Concurrent class unloading 0.840ms
[2024-08-29T23:18:00.931+0800] GC(142) Pause Final Roots
[2024-08-29T23:18:00.931+0800] GC(142) Pause Final Roots 0.024ms
[2024-08-29T23:18:00.931+0800] Free: 895M, Max: 1024K regular, 135M humongous, Frag: 85% external, 2% internal; Reserve: 103M, Max: 1024K
[2024-08-29T23:18:00.931+0800] 
[2024-08-29T23:18:00.931+0800] All times are wall-clock times, except per-root-class counters, that are sum over
[2024-08-29T23:18:00.931+0800] all workers. Dividing the <total> over the root stage time estimates parallelism.
[2024-08-29T23:18:00.931+0800] 
[2024-08-29T23:18:00.931+0800] Concurrent Reset                   5589 us
[2024-08-29T23:18:00.931+0800] Pause Init Mark (G)                 156 us
[2024-08-29T23:18:00.931+0800] Pause Init Mark (N)                 110 us
[2024-08-29T23:18:00.931+0800]   Update Region States               70 us
[2024-08-29T23:18:00.931+0800] Concurrent Mark Roots               250 us, parallelism: 1.33x
[2024-08-29T23:18:00.931+0800]   CMR: <total>                      332 us
[2024-08-29T23:18:00.931+0800]   CMR: Thread Roots                 290 us, workers (us): 129, 161, ---, ---, 
[2024-08-29T23:18:00.931+0800]   CMR: VM Strong Roots                4 us, workers (us):   4,   0, ---, ---, 
[2024-08-29T23:18:00.931+0800]   CMR: CLDG Roots                    38 us, workers (us):  38, ---, ---, ---, 
[2024-08-29T23:18:00.931+0800] Concurrent Marking                 1392 us
[2024-08-29T23:18:00.931+0800] Pause Final Mark (G)                460 us
[2024-08-29T23:18:00.931+0800] Pause Final Mark (N)                426 us
[2024-08-29T23:18:00.931+0800]   Finish Mark                       170 us
[2024-08-29T23:18:00.931+0800]   Update Region States               56 us
[2024-08-29T23:18:00.931+0800]   Choose Collection Set             113 us
[2024-08-29T23:18:00.931+0800]   Rebuild Free Set                   10 us
[2024-08-29T23:18:00.931+0800] Concurrent Weak References           86 us, parallelism: 0.04x
[2024-08-29T23:18:00.931+0800]   CWRF: <total>                       3 us
[2024-08-29T23:18:00.931+0800]   CWRF: Weak References               3 us, workers (us):   3,   0, ---, ---, 
[2024-08-29T23:18:00.931+0800] Concurrent Weak Roots               296 us
[2024-08-29T23:18:00.931+0800]   Roots                             251 us, parallelism: 1.39x
[2024-08-29T23:18:00.931+0800]     CWR: <total>                    350 us
[2024-08-29T23:18:00.931+0800]     CWR: Code Cache Roots           304 us, workers (us): 143, 161, ---, ---, 
[2024-08-29T23:18:00.931+0800]     CWR: VM Weak Roots               44 us, workers (us):  27,  17, ---, ---, 
[2024-08-29T23:18:00.931+0800]     CWR: CLDG Roots                   2 us, workers (us): ---,   2, ---, ---, 
[2024-08-29T23:18:00.931+0800]   Rendezvous                         24 us
[2024-08-29T23:18:00.931+0800] Concurrent Cleanup                   85 us
[2024-08-29T23:18:00.931+0800] Concurrent Class Unloading          860 us
[2024-08-29T23:18:00.931+0800]   Unlink Stale                      709 us
[2024-08-29T23:18:00.931+0800]     System Dictionary                 2 us
[2024-08-29T23:18:00.931+0800]     Weak Class Links                  0 us
[2024-08-29T23:18:00.931+0800]     Code Roots                      705 us
[2024-08-29T23:18:00.931+0800]   Rendezvous                         24 us
[2024-08-29T23:18:00.931+0800]   Purge Unlinked                     96 us
[2024-08-29T23:18:00.931+0800]     Code Roots                       81 us
[2024-08-29T23:18:00.931+0800]     CLDG                             14 us
[2024-08-29T23:18:00.931+0800]     Exception Caches                  0 us
[2024-08-29T23:18:00.931+0800] Pause Final Roots (G)               777 us
[2024-08-29T23:18:00.931+0800] Pause Final Roots (N)                34 us
[2024-08-29T23:18:00.931+0800] 
[2024-08-29T23:18:00.931+0800] Allocation pacing accrued:
[2024-08-29T23:18:00.931+0800]       0 of   319 ms (  0.0%): <total>
[2024-08-29T23:18:00.931+0800]       0 of   319 ms (  0.0%): <average total>
[2024-08-29T23:18:00.931+0800] 
[2024-08-29T23:18:00.931+0800] Metaspace: 1651K(1792K)->1651K(1792K) NonClass: 1531K(1600K)->1531K(1600K) Class: 119K(192K)->119K(192K)
[2024-08-29T23:18:00.931+0800] Pacer for Idle. Initial: 41943K, Alloc Tax Rate: 1.0x
[2024-08-29T23:18:01.195+0800] Trigger: Free (195M) is below minimum threshold (204M)
[2024-08-29T23:18:01.195+0800] Free: 190M, Max: 1024K regular, 135M humongous, Frag: 28% external, 3% internal; Reserve: 103M, Max: 1024K
[2024-08-29T23:18:01.195+0800] GC(143) Concurrent reset
[2024-08-29T23:18:01.195+0800] GC(143) Using 2 of 4 workers for concurrent reset
[2024-08-29T23:18:01.195+0800] GC(143) Pacer for Reset. Non-Taxable: 2048M
[2024-08-29T23:18:01.199+0800] GC(143) Concurrent reset 4.549ms
[2024-08-29T23:18:01.200+0800] GC(143) Pause Init Mark (unload classes)
[2024-08-29T23:18:01.200+0800] GC(143) Using 4 of 4 workers for init marking
[2024-08-29T23:18:01.200+0800] GC(143) Pacer for Mark. Expected Live: 850M, Free: 184M, Non-Taxable: 18863K, Alloc Tax Rate: 5.6x
[2024-08-29T23:18:01.200+0800] GC(143) Pause Init Mark (unload classes) 0.096ms
[2024-08-29T23:18:01.200+0800] GC(143) Concurrent marking roots
[2024-08-29T23:18:01.200+0800] GC(143) Using 2 of 4 workers for concurrent marking roots
[2024-08-29T23:18:01.200+0800] GC(143) Concurrent marking roots 0.256ms
[2024-08-29T23:18:01.200+0800] GC(143) Concurrent marking (unload classes)
[2024-08-29T23:18:01.200+0800] GC(143) Using 2 of 4 workers for concurrent marking
[2024-08-29T23:18:01.202+0800] GC(143) Concurrent marking (unload classes) 1.663ms
[2024-08-29T23:18:01.202+0800] GC(143) Pause Final Mark (unload classes)
[2024-08-29T23:18:01.202+0800] GC(143) Using 4 of 4 workers for final marking
[2024-08-29T23:18:01.202+0800] GC(143) Collectable Garbage: 573M (97%), Immediate: 573M (97%), CSet: 0B (0%)
[2024-08-29T23:18:01.202+0800] GC(143) Pause Final Mark (unload classes) 0.268ms
[2024-08-29T23:18:01.202+0800] GC(143) Concurrent weak references
[2024-08-29T23:18:01.202+0800] GC(143) Using 2 of 4 workers for concurrent weak references
[2024-08-29T23:18:01.202+0800] GC(143) Encountered references: Soft: 178, Weak: 297, Final: 0, Phantom: 5
[2024-08-29T23:18:01.202+0800] GC(143) Discovered  references: Soft: 0, Weak: 113, Final: 0, Phantom: 3
[2024-08-29T23:18:01.202+0800] GC(143) Enqueued    references: Soft: 0, Weak: 0, Final: 0, Phantom: 0
[2024-08-29T23:18:01.202+0800] GC(143) Concurrent weak references 0.075ms
[2024-08-29T23:18:01.202+0800] GC(143) Concurrent weak roots
[2024-08-29T23:18:01.202+0800] GC(143) Using 2 of 4 workers for concurrent weak root
[2024-08-29T23:18:01.203+0800] GC(143) Concurrent weak roots 0.786ms
[2024-08-29T23:18:01.203+0800] GC(143) Concurrent cleanup
[2024-08-29T23:18:01.203+0800] GC(143) Concurrent cleanup 1516M->942M(2048M) 0.074ms
[2024-08-29T23:18:01.203+0800] GC(143) Free: 852M, Max: 1024K regular, 146M humongous, Frag: 83% external, 1% internal; Reserve: 103M, Max: 1024K
[2024-08-29T23:18:01.203+0800] GC(143) Concurrent class unloading
[2024-08-29T23:18:01.203+0800] GC(143) Using 2 of 4 workers for concurrent class unloading
[2024-08-29T23:18:01.204+0800] GC(143) Concurrent class unloading 0.681ms
[2024-08-29T23:18:01.204+0800] GC(143) Pause Final Roots
[2024-08-29T23:18:01.204+0800] GC(143) Pause Final Roots 0.024ms
[2024-08-29T23:18:01.204+0800] Free: 850M, Max: 1024K regular, 146M humongous, Frag: 83% external, 1% internal; Reserve: 103M, Max: 1024K
[2024-08-29T23:18:01.204+0800] 
[2024-08-29T23:18:01.204+0800] All times are wall-clock times, except per-root-class counters, that are sum over
[2024-08-29T23:18:01.204+0800] all workers. Dividing the <total> over the root stage time estimates parallelism.
[2024-08-29T23:18:01.204+0800] 
[2024-08-29T23:18:01.204+0800] Concurrent Reset                   4630 us
[2024-08-29T23:18:01.204+0800] Pause Init Mark (G)                 202 us
[2024-08-29T23:18:01.204+0800] Pause Init Mark (N)                 103 us
[2024-08-29T23:18:01.204+0800]   Update Region States               51 us
[2024-08-29T23:18:01.204+0800] Concurrent Mark Roots               267 us, parallelism: 1.31x
[2024-08-29T23:18:01.204+0800]   CMR: <total>                      349 us
[2024-08-29T23:18:01.204+0800]   CMR: Thread Roots                 305 us, workers (us): 128, 177, ---, ---, 
[2024-08-29T23:18:01.204+0800]   CMR: VM Strong Roots                4 us, workers (us):   4,   0, ---, ---, 
[2024-08-29T23:18:01.204+0800]   CMR: CLDG Roots                    39 us, workers (us):  39, ---, ---, ---, 
[2024-08-29T23:18:01.204+0800] Concurrent Marking                 1699 us
[2024-08-29T23:18:01.204+0800] Pause Final Mark (G)                343 us
[2024-08-29T23:18:01.204+0800] Pause Final Mark (N)                275 us
[2024-08-29T23:18:01.204+0800]   Finish Mark                        98 us
[2024-08-29T23:18:01.204+0800]   Update Region States               36 us
[2024-08-29T23:18:01.204+0800]   Choose Collection Set             101 us
[2024-08-29T23:18:01.204+0800]   Rebuild Free Set                    8 us
[2024-08-29T23:18:01.204+0800] Concurrent Weak References           80 us, parallelism: 0.04x
[2024-08-29T23:18:01.204+0800]   CWRF: <total>                       3 us
[2024-08-29T23:18:01.204+0800]   CWRF: Weak References               3 us, workers (us):   3,   0, ---, ---, 
[2024-08-29T23:18:01.204+0800] Concurrent Weak Roots               815 us
[2024-08-29T23:18:01.204+0800]   Roots                             498 us, parallelism: 0.96x
[2024-08-29T23:18:01.204+0800]     CWR: <total>                    476 us
[2024-08-29T23:18:01.204+0800]     CWR: Code Cache Roots           430 us, workers (us): 430,   0, ---, ---, 
[2024-08-29T23:18:01.204+0800]     CWR: VM Weak Roots               44 us, workers (us):  44,   0, ---, ---, 
[2024-08-29T23:18:01.204+0800]     CWR: CLDG Roots                   2 us, workers (us):   2, ---, ---, ---, 
[2024-08-29T23:18:01.204+0800]   Rendezvous                        278 us
[2024-08-29T23:18:01.204+0800] Concurrent Cleanup                   79 us
[2024-08-29T23:18:01.204+0800] Concurrent Class Unloading          707 us
[2024-08-29T23:18:01.204+0800]   Unlink Stale                      577 us
[2024-08-29T23:18:01.204+0800]     System Dictionary                 3 us
[2024-08-29T23:18:01.204+0800]     Weak Class Links                  0 us
[2024-08-29T23:18:01.204+0800]     Code Roots                      574 us
[2024-08-29T23:18:01.204+0800]   Rendezvous                         51 us
[2024-08-29T23:18:01.204+0800]   Purge Unlinked                     43 us
[2024-08-29T23:18:01.204+0800]     Code Roots                       32 us
[2024-08-29T23:18:01.204+0800]     CLDG                             11 us
[2024-08-29T23:18:01.204+0800]     Exception Caches                  0 us
[2024-08-29T23:18:01.204+0800] Pause Final Roots (G)                83 us
[2024-08-29T23:18:01.204+0800] Pause Final Roots (N)                31 us
[2024-08-29T23:18:01.204+0800] 
[2024-08-29T23:18:01.204+0800] Allocation pacing accrued:
[2024-08-29T23:18:01.204+0800]       0 of   273 ms (  0.0%): <total>
[2024-08-29T23:18:01.204+0800]       0 of   273 ms (  0.0%): <average total>
[2024-08-29T23:18:01.204+0800] 
[2024-08-29T23:18:01.204+0800] Metaspace: 1651K(1792K)->1651K(1792K) NonClass: 1531K(1600K)->1531K(1600K) Class: 119K(192K)->119K(192K)
[2024-08-29T23:18:01.204+0800] Pacer for Idle. Initial: 41943K, Alloc Tax Rate: 1.0x
[2024-08-29T23:18:01.464+0800] Trigger: Free (195M) is below minimum threshold (204M)
[2024-08-29T23:18:01.464+0800] Free: 195M, Max: 1024K regular, 146M humongous, Frag: 25% external, 0% internal; Reserve: 103M, Max: 1024K
[2024-08-29T23:18:01.464+0800] GC(144) Concurrent reset
[2024-08-29T23:18:01.464+0800] GC(144) Using 2 of 4 workers for concurrent reset
[2024-08-29T23:18:01.464+0800] GC(144) Pacer for Reset. Non-Taxable: 2048M
[2024-08-29T23:18:01.469+0800] GC(144) Concurrent reset 5.327ms
[2024-08-29T23:18:01.469+0800] GC(144) Pause Init Mark (unload classes)
[2024-08-29T23:18:01.470+0800] GC(144) Using 4 of 4 workers for init marking
[2024-08-29T23:18:01.470+0800] GC(144) Pacer for Mark. Expected Live: 874M, Free: 179M, Non-Taxable: 18347K, Alloc Tax Rate: 6.0x
[2024-08-29T23:18:01.470+0800] GC(144) Pause Init Mark (unload classes) 0.118ms
[2024-08-29T23:18:01.470+0800] GC(144) Concurrent marking roots
[2024-08-29T23:18:01.470+0800] GC(144) Using 2 of 4 workers for concurrent marking roots
[2024-08-29T23:18:01.470+0800] GC(144) Concurrent marking roots 0.162ms
[2024-08-29T23:18:01.470+0800] GC(144) Concurrent marking (unload classes)
[2024-08-29T23:18:01.470+0800] GC(144) Using 2 of 4 workers for concurrent marking
[2024-08-29T23:18:01.471+0800] GC(144) Concurrent marking (unload classes) 1.664ms
[2024-08-29T23:18:01.472+0800] GC(144) Pause Final Mark (unload classes)
[2024-08-29T23:18:01.472+0800] GC(144) Using 4 of 4 workers for final marking
[2024-08-29T23:18:01.472+0800] GC(144) Collectable Garbage: 522M (97%), Immediate: 522M (97%), CSet: 0B (0%)
[2024-08-29T23:18:01.472+0800] GC(144) Pause Final Mark (unload classes) 0.445ms
[2024-08-29T23:18:01.472+0800] GC(144) Concurrent weak references
[2024-08-29T23:18:01.472+0800] GC(144) Using 2 of 4 workers for concurrent weak references
[2024-08-29T23:18:01.472+0800] GC(144) Encountered references: Soft: 178, Weak: 297, Final: 0, Phantom: 5
[2024-08-29T23:18:01.472+0800] GC(144) Discovered  references: Soft: 0, Weak: 113, Final: 0, Phantom: 5
[2024-08-29T23:18:01.472+0800] GC(144) Enqueued    references: Soft: 0, Weak: 0, Final: 0, Phantom: 0
[2024-08-29T23:18:01.472+0800] GC(144) Concurrent weak references 0.079ms
[2024-08-29T23:18:01.472+0800] GC(144) Concurrent weak roots
[2024-08-29T23:18:01.472+0800] GC(144) Using 2 of 4 workers for concurrent weak root
[2024-08-29T23:18:01.474+0800] GC(144) Concurrent weak roots 1.511ms
[2024-08-29T23:18:01.474+0800] GC(144) Concurrent cleanup
[2024-08-29T23:18:01.474+0800] GC(144) Concurrent cleanup 1531M->1009M(2048M) 0.077ms
[2024-08-29T23:18:01.474+0800] GC(144) Free: 770M, Max: 1024K regular, 133M humongous, Frag: 83% external, 2% internal; Reserve: 103M, Max: 1024K
[2024-08-29T23:18:01.474+0800] GC(144) Concurrent class unloading
[2024-08-29T23:18:01.474+0800] GC(144) Using 2 of 4 workers for concurrent class unloading
[2024-08-29T23:18:01.475+0800] GC(144) Concurrent class unloading 0.780ms
[2024-08-29T23:18:01.475+0800] GC(144) Pause Final Roots
[2024-08-29T23:18:01.475+0800] GC(144) Pause Final Roots 0.026ms
[2024-08-29T23:18:01.475+0800] Free: 770M, Max: 1024K regular, 133M humongous, Frag: 83% external, 2% internal; Reserve: 103M, Max: 1024K
[2024-08-29T23:18:01.475+0800] 
[2024-08-29T23:18:01.475+0800] All times are wall-clock times, except per-root-class counters, that are sum over
[2024-08-29T23:18:01.475+0800] all workers. Dividing the <total> over the root stage time estimates parallelism.
[2024-08-29T23:18:01.475+0800] 
[2024-08-29T23:18:01.475+0800] Concurrent Reset                   5425 us
[2024-08-29T23:18:01.475+0800] Pause Init Mark (G)                 257 us
[2024-08-29T23:18:01.475+0800] Pause Init Mark (N)                 125 us
[2024-08-29T23:18:01.475+0800]   Update Region States               46 us
[2024-08-29T23:18:01.475+0800] Concurrent Mark Roots               173 us, parallelism: 1.08x
[2024-08-29T23:18:01.475+0800]   CMR: <total>                      187 us
[2024-08-29T23:18:01.475+0800]   CMR: Thread Roots                 149 us, workers (us):  60,  89, ---, ---, 
[2024-08-29T23:18:01.475+0800]   CMR: VM Strong Roots                4 us, workers (us):   4,   0, ---, ---, 
[2024-08-29T23:18:01.475+0800]   CMR: CLDG Roots                    33 us, workers (us):  33, ---, ---, ---, 
[2024-08-29T23:18:01.475+0800] Concurrent Marking                 1681 us
[2024-08-29T23:18:01.475+0800] Pause Final Mark (G)                538 us
[2024-08-29T23:18:01.475+0800] Pause Final Mark (N)                452 us
[2024-08-29T23:18:01.475+0800]   Finish Mark                       233 us
[2024-08-29T23:18:01.475+0800]   Update Region States               83 us
[2024-08-29T23:18:01.475+0800]   Choose Collection Set              97 us
[2024-08-29T23:18:01.475+0800]   Rebuild Free Set                    8 us
[2024-08-29T23:18:01.475+0800] Concurrent Weak References           85 us, parallelism: 0.06x
[2024-08-29T23:18:01.475+0800]   CWRF: <total>                       5 us
[2024-08-29T23:18:01.475+0800]   CWRF: Weak References               5 us, workers (us):   5,   0, ---, ---, 
[2024-08-29T23:18:01.475+0800] Concurrent Weak Roots              1543 us
[2024-08-29T23:18:01.475+0800]   Roots                             639 us, parallelism: 0.89x
[2024-08-29T23:18:01.475+0800]     CWR: <total>                    566 us
[2024-08-29T23:18:01.475+0800]     CWR: Code Cache Roots           451 us, workers (us): 451,   0, ---, ---, 
[2024-08-29T23:18:01.475+0800]     CWR: VM Weak Roots              111 us, workers (us): 111,   0, ---, ---, 
[2024-08-29T23:18:01.475+0800]     CWR: CLDG Roots                   4 us, workers (us):   4, ---, ---, ---, 
[2024-08-29T23:18:01.475+0800]   Rendezvous                        863 us
[2024-08-29T23:18:01.475+0800] Concurrent Cleanup                   84 us
[2024-08-29T23:18:01.475+0800] Concurrent Class Unloading          796 us
[2024-08-29T23:18:01.475+0800]   Unlink Stale                      602 us
[2024-08-29T23:18:01.475+0800]     System Dictionary                 3 us
[2024-08-29T23:18:01.475+0800]     Weak Class Links                  0 us
[2024-08-29T23:18:01.475+0800]     Code Roots                      598 us
[2024-08-29T23:18:01.475+0800]   Rendezvous                         81 us
[2024-08-29T23:18:01.475+0800]   Purge Unlinked                     85 us
[2024-08-29T23:18:01.475+0800]     Code Roots                       74 us
[2024-08-29T23:18:01.475+0800]     CLDG                             10 us
[2024-08-29T23:18:01.475+0800]     Exception Caches                  0 us
[2024-08-29T23:18:01.475+0800] Pause Final Roots (G)               107 us
[2024-08-29T23:18:01.475+0800] Pause Final Roots (N)                34 us
[2024-08-29T23:18:01.475+0800] 
[2024-08-29T23:18:01.475+0800] Allocation pacing accrued:
[2024-08-29T23:18:01.475+0800]       0 of   271 ms (  0.0%): <total>
[2024-08-29T23:18:01.475+0800]       0 of   271 ms (  0.0%): <average total>
[2024-08-29T23:18:01.475+0800] 
[2024-08-29T23:18:01.475+0800] Metaspace: 1651K(1792K)->1651K(1792K) NonClass: 1531K(1600K)->1531K(1600K) Class: 119K(192K)->119K(192K)
[2024-08-29T23:18:01.475+0800] Pacer for Idle. Initial: 41943K, Alloc Tax Rate: 1.0x
[2024-08-29T23:18:01.723+0800] Trigger: Free (201M) is below minimum threshold (204M)
[2024-08-29T23:18:01.724+0800] Free: 197M, Max: 1024K regular, 133M humongous, Frag: 33% external, 0% internal; Reserve: 103M, Max: 1024K
[2024-08-29T23:18:01.724+0800] GC(145) Concurrent reset
[2024-08-29T23:18:01.724+0800] GC(145) Using 2 of 4 workers for concurrent reset
[2024-08-29T23:18:01.724+0800] GC(145) Pacer for Reset. Non-Taxable: 2048M
[2024-08-29T23:18:01.728+0800] GC(145) Concurrent reset 4.051ms
[2024-08-29T23:18:01.730+0800] GC(145) Pause Init Mark (unload classes)
[2024-08-29T23:18:01.730+0800] GC(145) Using 4 of 4 workers for init marking
[2024-08-29T23:18:01.730+0800] GC(145) Pacer for Mark. Expected Live: 898M, Free: 185M, Non-Taxable: 19031K, Alloc Tax Rate: 5.9x
[2024-08-29T23:18:01.730+0800] GC(145) Pause Init Mark (unload classes) 0.141ms
[2024-08-29T23:18:01.730+0800] GC(145) Concurrent marking roots
[2024-08-29T23:18:01.730+0800] GC(145) Using 2 of 4 workers for concurrent marking roots
[2024-08-29T23:18:01.730+0800] GC(145) Concurrent marking roots 0.274ms
[2024-08-29T23:18:01.730+0800] GC(145) Concurrent marking (unload classes)
[2024-08-29T23:18:01.730+0800] GC(145) Using 2 of 4 workers for concurrent marking
[2024-08-29T23:18:01.733+0800] GC(145) Concurrent marking (unload classes) 2.323ms
[2024-08-29T23:18:01.733+0800] GC(145) Pause Final Mark (unload classes)
[2024-08-29T23:18:01.733+0800] GC(145) Using 4 of 4 workers for final marking
[2024-08-29T23:18:01.733+0800] GC(145) Collectable Garbage: 458M (97%), Immediate: 458M (97%), CSet: 0B (0%)
[2024-08-29T23:18:01.733+0800] GC(145) Pause Final Mark (unload classes) 0.315ms
[2024-08-29T23:18:01.733+0800] GC(145) Concurrent weak references
[2024-08-29T23:18:01.733+0800] GC(145) Using 2 of 4 workers for concurrent weak references
[2024-08-29T23:18:01.733+0800] GC(145) Encountered references: Soft: 178, Weak: 297, Final: 0, Phantom: 5
[2024-08-29T23:18:01.733+0800] GC(145) Discovered  references: Soft: 0, Weak: 64, Final: 0, Phantom: 3
[2024-08-29T23:18:01.733+0800] GC(145) Enqueued    references: Soft: 0, Weak: 0, Final: 0, Phantom: 0
[2024-08-29T23:18:01.733+0800] GC(145) Concurrent weak references 0.060ms
[2024-08-29T23:18:01.733+0800] GC(145) Concurrent weak roots
[2024-08-29T23:18:01.733+0800] GC(145) Using 2 of 4 workers for concurrent weak root
[2024-08-29T23:18:01.734+0800] GC(145) Concurrent weak roots 0.372ms
[2024-08-29T23:18:01.734+0800] GC(145) Concurrent cleanup
[2024-08-29T23:18:01.734+0800] GC(145) Concurrent cleanup 1523M->1064M(2048M) 0.061ms
[2024-08-29T23:18:01.734+0800] GC(145) Free: 706M, Max: 1024K regular, 133M humongous, Frag: 81% external, 2% internal; Reserve: 103M, Max: 1024K
[2024-08-29T23:18:01.734+0800] GC(145) Concurrent class unloading
[2024-08-29T23:18:01.734+0800] GC(145) Using 2 of 4 workers for concurrent class unloading
[2024-08-29T23:18:01.736+0800] GC(145) Concurrent class unloading 2.284ms
[2024-08-29T23:18:01.737+0800] GC(145) Pause Final Roots
[2024-08-29T23:18:01.737+0800] GC(145) Pause Final Roots 0.014ms
[2024-08-29T23:18:01.737+0800] Free: 695M, Max: 1024K regular, 133M humongous, Frag: 81% external, 2% internal; Reserve: 103M, Max: 1024K
[2024-08-29T23:18:01.737+0800] 
[2024-08-29T23:18:01.737+0800] All times are wall-clock times, except per-root-class counters, that are sum over
[2024-08-29T23:18:01.737+0800] all workers. Dividing the <total> over the root stage time estimates parallelism.
[2024-08-29T23:18:01.737+0800] 
[2024-08-29T23:18:01.737+0800] Concurrent Reset                   4192 us
[2024-08-29T23:18:01.737+0800] Pause Init Mark (G)                2161 us
[2024-08-29T23:18:01.737+0800] Pause Init Mark (N)                 147 us
[2024-08-29T23:18:01.737+0800]   Update Region States               69 us
[2024-08-29T23:18:01.737+0800] Concurrent Mark Roots               287 us, parallelism: 0.73x
[2024-08-29T23:18:01.737+0800]   CMR: <total>                      209 us
[2024-08-29T23:18:01.737+0800]   CMR: Thread Roots                 146 us, workers (us): 146,   0, ---, ---, 
[2024-08-29T23:18:01.737+0800]   CMR: VM Strong Roots                6 us, workers (us):   6,   0, ---, ---, 
[2024-08-29T23:18:01.737+0800]   CMR: CLDG Roots                    57 us, workers (us):  57, ---, ---, ---, 
[2024-08-29T23:18:01.737+0800] Concurrent Marking                 2345 us
[2024-08-29T23:18:01.737+0800] Pause Final Mark (G)                426 us
[2024-08-29T23:18:01.737+0800] Pause Final Mark (N)                322 us
[2024-08-29T23:18:01.737+0800]   Finish Mark                       151 us
[2024-08-29T23:18:01.737+0800]   Update Region States               47 us
[2024-08-29T23:18:01.737+0800]   Choose Collection Set              87 us
[2024-08-29T23:18:01.737+0800]   Rebuild Free Set                    8 us
[2024-08-29T23:18:01.737+0800] Concurrent Weak References           65 us, parallelism: 0.05x
[2024-08-29T23:18:01.737+0800]   CWRF: <total>                       3 us
[2024-08-29T23:18:01.737+0800]   CWRF: Weak References               3 us, workers (us):   3,   0, ---, ---, 
[2024-08-29T23:18:01.737+0800] Concurrent Weak Roots               388 us
[2024-08-29T23:18:01.737+0800]   Roots                             310 us, parallelism: 1.55x
[2024-08-29T23:18:01.737+0800]     CWR: <total>                    479 us
[2024-08-29T23:18:01.737+0800]     CWR: Code Cache Roots           396 us, workers (us): 196, 200, ---, ---, 
[2024-08-29T23:18:01.737+0800]     CWR: VM Weak Roots               79 us, workers (us):  44,  36, ---, ---, 
[2024-08-29T23:18:01.737+0800]     CWR: CLDG Roots                   4 us, workers (us): ---,   4, ---, ---, 
[2024-08-29T23:18:01.737+0800]   Rendezvous                         52 us
[2024-08-29T23:18:01.737+0800] Concurrent Cleanup                   67 us
[2024-08-29T23:18:01.737+0800] Concurrent Class Unloading         2304 us
[2024-08-29T23:18:01.737+0800]   Unlink Stale                     1151 us
[2024-08-29T23:18:01.737+0800]     System Dictionary                 2 us
[2024-08-29T23:18:01.737+0800]     Weak Class Links                  0 us
[2024-08-29T23:18:01.737+0800]     Code Roots                     1148 us
[2024-08-29T23:18:01.737+0800]   Rendezvous                       1025 us
[2024-08-29T23:18:01.737+0800]   Purge Unlinked                     97 us
[2024-08-29T23:18:01.737+0800]     Code Roots                       83 us
[2024-08-29T23:18:01.737+0800]     CLDG                             14 us
[2024-08-29T23:18:01.737+0800]     Exception Caches                  0 us
[2024-08-29T23:18:01.737+0800] Pause Final Roots (G)              1226 us
[2024-08-29T23:18:01.737+0800] Pause Final Roots (N)                19 us
[2024-08-29T23:18:01.737+0800] 
[2024-08-29T23:18:01.737+0800] Allocation pacing accrued:
[2024-08-29T23:18:01.737+0800]       0 of   263 ms (  0.0%): <total>
[2024-08-29T23:18:01.737+0800]       0 of   263 ms (  0.0%): <average total>
[2024-08-29T23:18:01.737+0800] 
[2024-08-29T23:18:01.737+0800] Metaspace: 1651K(1792K)->1651K(1792K) NonClass: 1531K(1600K)->1531K(1600K) Class: 119K(192K)->119K(192K)
[2024-08-29T23:18:01.737+0800] Pacer for Idle. Initial: 41943K, Alloc Tax Rate: 1.0x
[2024-08-29T23:18:01.967+0800] Trigger: Free (196M) is below minimum threshold (204M)
[2024-08-29T23:18:01.968+0800] Free: 196M, Max: 1024K regular, 133M humongous, Frag: 32% external, 3% internal; Reserve: 103M, Max: 1024K
[2024-08-29T23:18:01.968+0800] GC(146) Concurrent reset
[2024-08-29T23:18:01.968+0800] GC(146) Using 2 of 4 workers for concurrent reset
[2024-08-29T23:18:01.968+0800] GC(146) Pacer for Reset. Non-Taxable: 2048M
[2024-08-29T23:18:01.975+0800] GC(146) Concurrent reset 7.760ms
[2024-08-29T23:18:01.976+0800] GC(146) Pause Init Mark (unload classes)
[2024-08-29T23:18:01.976+0800] GC(146) Using 4 of 4 workers for init marking
[2024-08-29T23:18:01.976+0800] GC(146) Pacer for Mark. Expected Live: 927M, Free: 172M, Non-Taxable: 17704K, Alloc Tax Rate: 6.6x
[2024-08-29T23:18:01.976+0800] GC(146) Pause Init Mark (unload classes) 0.090ms
[2024-08-29T23:18:01.976+0800] GC(146) Concurrent marking roots
[2024-08-29T23:18:01.976+0800] GC(146) Using 2 of 4 workers for concurrent marking roots
[2024-08-29T23:18:01.976+0800] GC(146) Concurrent marking roots 0.226ms
[2024-08-29T23:18:01.976+0800] GC(146) Concurrent marking (unload classes)
[2024-08-29T23:18:01.976+0800] GC(146) Using 2 of 4 workers for concurrent marking
[2024-08-29T23:18:01.978+0800] GC(146) Concurrent marking (unload classes) 1.744ms
[2024-08-29T23:18:01.978+0800] GC(146) Pause Final Mark (unload classes)
[2024-08-29T23:18:01.978+0800] GC(146) Using 4 of 4 workers for final marking
[2024-08-29T23:18:01.978+0800] GC(146) Collectable Garbage: 471M (96%), Immediate: 471M (96%), CSet: 0B (0%)
[2024-08-29T23:18:01.978+0800] GC(146) Pause Final Mark (unload classes) 0.261ms
[2024-08-29T23:18:01.978+0800] GC(146) Concurrent weak references
[2024-08-29T23:18:01.978+0800] GC(146) Using 2 of 4 workers for concurrent weak references
[2024-08-29T23:18:01.978+0800] GC(146) Encountered references: Soft: 178, Weak: 297, Final: 0, Phantom: 5
[2024-08-29T23:18:01.978+0800] GC(146) Discovered  references: Soft: 0, Weak: 142, Final: 0, Phantom: 5
[2024-08-29T23:18:01.978+0800] GC(146) Enqueued    references: Soft: 0, Weak: 0, Final: 0, Phantom: 0
[2024-08-29T23:18:01.978+0800] GC(146) Concurrent weak references 0.099ms
[2024-08-29T23:18:01.978+0800] GC(146) Concurrent weak roots
[2024-08-29T23:18:01.978+0800] GC(146) Using 2 of 4 workers for concurrent weak root
[2024-08-29T23:18:01.979+0800] GC(146) Concurrent weak roots 0.325ms
[2024-08-29T23:18:01.979+0800] GC(146) Concurrent cleanup
[2024-08-29T23:18:01.979+0800] GC(146) Concurrent cleanup 1527M->1056M(2048M) 0.086ms
[2024-08-29T23:18:01.979+0800] GC(146) Free: 723M, Max: 1024K regular, 120M humongous, Frag: 84% external, 2% internal; Reserve: 103M, Max: 1024K
[2024-08-29T23:18:01.979+0800] GC(146) Concurrent class unloading
[2024-08-29T23:18:01.979+0800] GC(146) Using 2 of 4 workers for concurrent class unloading
[2024-08-29T23:18:01.980+0800] GC(146) Concurrent class unloading 1.448ms
[2024-08-29T23:18:01.980+0800] GC(146) Pause Final Roots
[2024-08-29T23:18:01.980+0800] GC(146) Pause Final Roots 0.011ms
[2024-08-29T23:18:01.980+0800] Free: 721M, Max: 1024K regular, 120M humongous, Frag: 84% external, 2% internal; Reserve: 103M, Max: 1024K
[2024-08-29T23:18:01.980+0800] 
[2024-08-29T23:18:01.980+0800] All times are wall-clock times, except per-root-class counters, that are sum over
[2024-08-29T23:18:01.980+0800] all workers. Dividing the <total> over the root stage time estimates parallelism.
[2024-08-29T23:18:01.980+0800] 
[2024-08-29T23:18:01.980+0800] Concurrent Reset                   7864 us
[2024-08-29T23:18:01.980+0800] Pause Init Mark (G)                 384 us
[2024-08-29T23:18:01.980+0800] Pause Init Mark (N)                  96 us
[2024-08-29T23:18:01.980+0800]   Update Region States               41 us
[2024-08-29T23:18:01.980+0800] Concurrent Mark Roots               236 us, parallelism: 1.10x
[2024-08-29T23:18:01.980+0800]   CMR: <total>                      260 us
[2024-08-29T23:18:01.980+0800]   CMR: Thread Roots                 208 us, workers (us):  80, 127, ---, ---, 
[2024-08-29T23:18:01.980+0800]   CMR: VM Strong Roots                4 us, workers (us):   4,   0, ---, ---, 
[2024-08-29T23:18:01.980+0800]   CMR: CLDG Roots                    48 us, workers (us):  48, ---, ---, ---, 
[2024-08-29T23:18:01.980+0800] Concurrent Marking                 1776 us
[2024-08-29T23:18:01.980+0800] Pause Final Mark (G)                333 us
[2024-08-29T23:18:01.980+0800] Pause Final Mark (N)                267 us
[2024-08-29T23:18:01.980+0800]   Finish Mark                       112 us
[2024-08-29T23:18:01.980+0800]   Update Region States               34 us
[2024-08-29T23:18:01.980+0800]   Choose Collection Set              85 us
[2024-08-29T23:18:01.980+0800]   Rebuild Free Set                    8 us
[2024-08-29T23:18:01.980+0800] Concurrent Weak References          106 us, parallelism: 0.04x
[2024-08-29T23:18:01.980+0800]   CWRF: <total>                       4 us
[2024-08-29T23:18:01.980+0800]   CWRF: Weak References               4 us, workers (us):   4,   0, ---, ---, 
[2024-08-29T23:18:01.980+0800] Concurrent Weak Roots               361 us
[2024-08-29T23:18:01.980+0800]   Roots                             244 us, parallelism: 1.37x
[2024-08-29T23:18:01.980+0800]     CWR: <total>                    335 us
[2024-08-29T23:18:01.980+0800]     CWR: Code Cache Roots           287 us, workers (us): 154, 133, ---, ---, 
[2024-08-29T23:18:01.981+0800]     CWR: VM Weak Roots               46 us, workers (us):  30,  16, ---, ---, 
[2024-08-29T23:18:01.981+0800]     CWR: CLDG Roots                   2 us, workers (us): ---,   2, ---, ---, 
[2024-08-29T23:18:01.981+0800]   Rendezvous                         68 us
[2024-08-29T23:18:01.981+0800] Concurrent Cleanup                   94 us
[2024-08-29T23:18:01.981+0800] Concurrent Class Unloading         1466 us
[2024-08-29T23:18:01.981+0800]   Unlink Stale                     1180 us
[2024-08-29T23:18:01.981+0800]     System Dictionary                 3 us
[2024-08-29T23:18:01.981+0800]     Weak Class Links                  0 us
[2024-08-29T23:18:01.981+0800]     Code Roots                     1177 us
[2024-08-29T23:18:01.981+0800]   Rendezvous                         78 us
[2024-08-29T23:18:01.981+0800]   Purge Unlinked                    177 us
[2024-08-29T23:18:01.981+0800]     Code Roots                      173 us
[2024-08-29T23:18:01.981+0800]     CLDG                              4 us
[2024-08-29T23:18:01.981+0800]     Exception Caches                  0 us
[2024-08-29T23:18:01.981+0800] Pause Final Roots (G)               141 us
[2024-08-29T23:18:01.981+0800] Pause Final Roots (N)                16 us
[2024-08-29T23:18:01.981+0800] 
[2024-08-29T23:18:01.981+0800] Allocation pacing accrued:
[2024-08-29T23:18:01.981+0800]       0 of   243 ms (  0.0%): <total>
[2024-08-29T23:18:01.981+0800]       0 of   243 ms (  0.0%): <average total>
[2024-08-29T23:18:01.981+0800] 
[2024-08-29T23:18:01.981+0800] Metaspace: 1651K(1792K)->1651K(1792K) NonClass: 1531K(1600K)->1531K(1600K) Class: 119K(192K)->119K(192K)
[2024-08-29T23:18:01.981+0800] Pacer for Idle. Initial: 41943K, Alloc Tax Rate: 1.0x
[2024-08-29T23:18:02.203+0800] Trigger: Free (196M) is below minimum threshold (204M)
[2024-08-29T23:18:02.203+0800] Free: 191M, Max: 1024K regular, 120M humongous, Frag: 37% external, 1% internal; Reserve: 103M, Max: 1024K
[2024-08-29T23:18:02.204+0800] GC(147) Concurrent reset
[2024-08-29T23:18:02.204+0800] GC(147) Using 2 of 4 workers for concurrent reset
[2024-08-29T23:18:02.204+0800] GC(147) Pacer for Reset. Non-Taxable: 2048M
[2024-08-29T23:18:02.209+0800] GC(147) Concurrent reset 5.842ms
[2024-08-29T23:18:02.209+0800] GC(147) Pause Init Mark (unload classes)
[2024-08-29T23:18:02.209+0800] GC(147) Using 4 of 4 workers for init marking
[2024-08-29T23:18:02.210+0800] GC(147) Pacer for Mark. Expected Live: 971M, Free: 182M, Non-Taxable: 18649K, Alloc Tax Rate: 6.5x
[2024-08-29T23:18:02.210+0800] GC(147) Pause Init Mark (unload classes) 0.092ms
[2024-08-29T23:18:02.210+0800] GC(147) Concurrent marking roots
[2024-08-29T23:18:02.210+0800] GC(147) Using 2 of 4 workers for concurrent marking roots
[2024-08-29T23:18:02.210+0800] GC(147) Concurrent marking roots 0.176ms
[2024-08-29T23:18:02.210+0800] GC(147) Concurrent marking (unload classes)
[2024-08-29T23:18:02.210+0800] GC(147) Using 2 of 4 workers for concurrent marking
[2024-08-29T23:18:02.213+0800] GC(147) Concurrent marking (unload classes) 3.563ms
[2024-08-29T23:18:02.214+0800] GC(147) Pause Final Mark (unload classes)
[2024-08-29T23:18:02.214+0800] GC(147) Using 4 of 4 workers for final marking
[2024-08-29T23:18:02.215+0800] GC(147) Collectable Garbage: 493M (97%), Immediate: 493M (97%), CSet: 0B (0%)
[2024-08-29T23:18:02.215+0800] GC(147) Pause Final Mark (unload classes) 0.301ms
[2024-08-29T23:18:02.215+0800] GC(147) Concurrent weak references
[2024-08-29T23:18:02.215+0800] GC(147) Using 2 of 4 workers for concurrent weak references
[2024-08-29T23:18:02.215+0800] GC(147) Encountered references: Soft: 178, Weak: 297, Final: 0, Phantom: 5
[2024-08-29T23:18:02.215+0800] GC(147) Discovered  references: Soft: 0, Weak: 113, Final: 0, Phantom: 5
[2024-08-29T23:18:02.215+0800] GC(147) Enqueued    references: Soft: 0, Weak: 0, Final: 0, Phantom: 0
[2024-08-29T23:18:02.215+0800] GC(147) Concurrent weak references 0.091ms
[2024-08-29T23:18:02.215+0800] GC(147) Concurrent weak roots
[2024-08-29T23:18:02.215+0800] GC(147) Using 2 of 4 workers for concurrent weak root
[2024-08-29T23:18:02.216+0800] GC(147) Concurrent weak roots 0.769ms
[2024-08-29T23:18:02.216+0800] GC(147) Concurrent cleanup
[2024-08-29T23:18:02.216+0800] GC(147) Concurrent cleanup 1544M->1050M(2048M) 0.084ms
[2024-08-29T23:18:02.216+0800] GC(147) Free: 725M, Max: 1024K regular, 115M humongous, Frag: 84% external, 2% internal; Reserve: 103M, Max: 1024K
[2024-08-29T23:18:02.216+0800] GC(147) Concurrent class unloading
[2024-08-29T23:18:02.216+0800] GC(147) Using 2 of 4 workers for concurrent class unloading
[2024-08-29T23:18:02.218+0800] GC(147) Concurrent class unloading 1.887ms
[2024-08-29T23:18:02.218+0800] GC(147) Pause Final Roots
[2024-08-29T23:18:02.218+0800] GC(147) Pause Final Roots 0.018ms
[2024-08-29T23:18:02.218+0800] Free: 714M, Max: 1024K regular, 115M humongous, Frag: 84% external, 2% internal; Reserve: 103M, Max: 1024K
[2024-08-29T23:18:02.218+0800] 
[2024-08-29T23:18:02.218+0800] All times are wall-clock times, except per-root-class counters, that are sum over
[2024-08-29T23:18:02.218+0800] all workers. Dividing the <total> over the root stage time estimates parallelism.
[2024-08-29T23:18:02.218+0800] 
[2024-08-29T23:18:02.218+0800] Concurrent Reset                   5897 us
[2024-08-29T23:18:02.218+0800] Pause Init Mark (G)                 183 us
[2024-08-29T23:18:02.218+0800] Pause Init Mark (N)                  98 us
[2024-08-29T23:18:02.218+0800]   Update Region States               47 us
[2024-08-29T23:18:02.218+0800] Concurrent Mark Roots               185 us, parallelism: 1.02x
[2024-08-29T23:18:02.218+0800]   CMR: <total>                      188 us
[2024-08-29T23:18:02.218+0800]   CMR: Thread Roots                 154 us, workers (us):  64,  90, ---, ---, 
[2024-08-29T23:18:02.218+0800]   CMR: VM Strong Roots                4 us, workers (us):   3,   0, ---, ---, 
[2024-08-29T23:18:02.218+0800]   CMR: CLDG Roots                    30 us, workers (us):  30, ---, ---, ---, 
[2024-08-29T23:18:02.218+0800] Concurrent Marking                 3619 us
[2024-08-29T23:18:02.218+0800] Pause Final Mark (G)               1276 us
[2024-08-29T23:18:02.218+0800] Pause Final Mark (N)                308 us
[2024-08-29T23:18:02.218+0800]   Finish Mark                       117 us
[2024-08-29T23:18:02.218+0800]   Update Region States               57 us
[2024-08-29T23:18:02.218+0800]   Choose Collection Set              89 us
[2024-08-29T23:18:02.218+0800]   Rebuild Free Set                    8 us
[2024-08-29T23:18:02.218+0800] Concurrent Weak References           97 us, parallelism: 0.15x
[2024-08-29T23:18:02.218+0800]   CWRF: <total>                      15 us
[2024-08-29T23:18:02.218+0800]   CWRF: Weak References              15 us, workers (us):  11,   4, ---, ---, 
[2024-08-29T23:18:02.218+0800] Concurrent Weak Roots               791 us
[2024-08-29T23:18:02.218+0800]   Roots                             499 us, parallelism: 1.59x
[2024-08-29T23:18:02.218+0800]     CWR: <total>                    796 us
[2024-08-29T23:18:02.218+0800]     CWR: Code Cache Roots           669 us, workers (us): 324, 345, ---, ---, 
[2024-08-29T23:18:02.218+0800]     CWR: VM Weak Roots              116 us, workers (us):  65,  51, ---, ---, 
[2024-08-29T23:18:02.218+0800]     CWR: CLDG Roots                  11 us, workers (us): ---,  11, ---, ---, 
[2024-08-29T23:18:02.218+0800]   Rendezvous                        226 us
[2024-08-29T23:18:02.218+0800] Concurrent Cleanup                   91 us
[2024-08-29T23:18:02.218+0800] Concurrent Class Unloading         1933 us
[2024-08-29T23:18:02.218+0800]   Unlink Stale                     1010 us
[2024-08-29T23:18:02.218+0800]     System Dictionary                 3 us
[2024-08-29T23:18:02.218+0800]     Weak Class Links                  0 us
[2024-08-29T23:18:02.218+0800]     Code Roots                     1007 us
[2024-08-29T23:18:02.218+0800]   Rendezvous                        631 us
[2024-08-29T23:18:02.218+0800]   Purge Unlinked                    233 us
[2024-08-29T23:18:02.218+0800]     Code Roots                      220 us
[2024-08-29T23:18:02.218+0800]     CLDG                             12 us
[2024-08-29T23:18:02.218+0800]     Exception Caches                  0 us
[2024-08-29T23:18:02.218+0800] Pause Final Roots (G)               318 us
[2024-08-29T23:18:02.218+0800] Pause Final Roots (N)                27 us
[2024-08-29T23:18:02.218+0800] 
[2024-08-29T23:18:02.218+0800] Allocation pacing accrued:
[2024-08-29T23:18:02.218+0800]       0 of   238 ms (  0.0%): <total>
[2024-08-29T23:18:02.218+0800]       0 of   238 ms (  0.0%): <average total>
[2024-08-29T23:18:02.218+0800] 
[2024-08-29T23:18:02.218+0800] Metaspace: 1651K(1792K)->1651K(1792K) NonClass: 1531K(1600K)->1531K(1600K) Class: 119K(192K)->119K(192K)
[2024-08-29T23:18:02.218+0800] Pacer for Idle. Initial: 41943K, Alloc Tax Rate: 1.0x
[2024-08-29T23:18:02.445+0800] Trigger: Free (203M) is below minimum threshold (204M)
[2024-08-29T23:18:02.445+0800] Free: 199M, Max: 1024K regular, 115M humongous, Frag: 42% external, 5% internal; Reserve: 103M, Max: 1024K
[2024-08-29T23:18:02.445+0800] GC(148) Concurrent reset
[2024-08-29T23:18:02.445+0800] GC(148) Using 2 of 4 workers for concurrent reset
[2024-08-29T23:18:02.445+0800] GC(148) Pacer for Reset. Non-Taxable: 2048M
[2024-08-29T23:18:02.450+0800] GC(148) Concurrent reset 4.993ms
[2024-08-29T23:18:02.451+0800] GC(148) Pause Init Mark (unload classes)
[2024-08-29T23:18:02.451+0800] GC(148) Using 4 of 4 workers for init marking
[2024-08-29T23:18:02.451+0800] GC(148) Pacer for Mark. Expected Live: 995M, Free: 186M, Non-Taxable: 19111K, Alloc Tax Rate: 6.5x
[2024-08-29T23:18:02.451+0800] GC(148) Pause Init Mark (unload classes) 0.094ms
[2024-08-29T23:18:02.451+0800] GC(148) Concurrent marking roots
[2024-08-29T23:18:02.451+0800] GC(148) Using 2 of 4 workers for concurrent marking roots
[2024-08-29T23:18:02.451+0800] GC(148) Concurrent marking roots 0.241ms
[2024-08-29T23:18:02.451+0800] GC(148) Concurrent marking (unload classes)
[2024-08-29T23:18:02.451+0800] GC(148) Using 2 of 4 workers for concurrent marking
[2024-08-29T23:18:02.452+0800] GC(148) Concurrent marking (unload classes) 1.317ms
[2024-08-29T23:18:02.452+0800] GC(148) Pause Final Mark (unload classes)
[2024-08-29T23:18:02.452+0800] GC(148) Using 4 of 4 workers for final marking
[2024-08-29T23:18:02.453+0800] GC(148) Collectable Garbage: 562M (97%), Immediate: 562M (97%), CSet: 0B (0%)
[2024-08-29T23:18:02.453+0800] GC(148) Pause Final Mark (unload classes) 0.388ms
[2024-08-29T23:18:02.453+0800] GC(148) Concurrent weak references
[2024-08-29T23:18:02.453+0800] GC(148) Using 2 of 4 workers for concurrent weak references
[2024-08-29T23:18:02.453+0800] GC(148) Encountered references: Soft: 178, Weak: 297, Final: 0, Phantom: 5
[2024-08-29T23:18:02.453+0800] GC(148) Discovered  references: Soft: 0, Weak: 113, Final: 0, Phantom: 5
[2024-08-29T23:18:02.453+0800] GC(148) Enqueued    references: Soft: 0, Weak: 0, Final: 0, Phantom: 0
[2024-08-29T23:18:02.453+0800] GC(148) Concurrent weak references 0.083ms
[2024-08-29T23:18:02.453+0800] GC(148) Concurrent weak roots
[2024-08-29T23:18:02.453+0800] GC(148) Using 2 of 4 workers for concurrent weak root
[2024-08-29T23:18:02.453+0800] GC(148) Concurrent weak roots 0.328ms
[2024-08-29T23:18:02.453+0800] GC(148) Concurrent cleanup
[2024-08-29T23:18:02.453+0800] GC(148) Concurrent cleanup 1506M->943M(2048M) 0.078ms
[2024-08-29T23:18:02.453+0800] GC(148) Free: 841M, Max: 1024K regular, 120M humongous, Frag: 86% external, 2% internal; Reserve: 103M, Max: 1024K
[2024-08-29T23:18:02.453+0800] GC(148) Concurrent class unloading
[2024-08-29T23:18:02.453+0800] GC(148) Using 2 of 4 workers for concurrent class unloading
[2024-08-29T23:18:02.455+0800] GC(148) Concurrent class unloading 2.214ms
[2024-08-29T23:18:02.456+0800] GC(148) Pause Final Roots
[2024-08-29T23:18:02.456+0800] GC(148) Pause Final Roots 0.015ms
[2024-08-29T23:18:02.456+0800] Free: 831M, Max: 1024K regular, 120M humongous, Frag: 86% external, 2% internal; Reserve: 103M, Max: 1024K
[2024-08-29T23:18:02.456+0800] 
[2024-08-29T23:18:02.456+0800] All times are wall-clock times, except per-root-class counters, that are sum over
[2024-08-29T23:18:02.456+0800] all workers. Dividing the <total> over the root stage time estimates parallelism.
[2024-08-29T23:18:02.456+0800] 
[2024-08-29T23:18:02.456+0800] Concurrent Reset                   5041 us
[2024-08-29T23:18:02.456+0800] Pause Init Mark (G)                 195 us
[2024-08-29T23:18:02.456+0800] Pause Init Mark (N)                 101 us
[2024-08-29T23:18:02.456+0800]   Update Region States               46 us
[2024-08-29T23:18:02.456+0800] Concurrent Mark Roots               256 us, parallelism: 0.97x
[2024-08-29T23:18:02.456+0800]   CMR: <total>                      248 us
[2024-08-29T23:18:02.456+0800]   CMR: Thread Roots                 188 us, workers (us):  71, 117, ---, ---, 
[2024-08-29T23:18:02.456+0800]   CMR: VM Strong Roots                6 us, workers (us):   6,   0, ---, ---, 
[2024-08-29T23:18:02.456+0800]   CMR: CLDG Roots                    54 us, workers (us):  54, ---, ---, ---, 
[2024-08-29T23:18:02.456+0800] Concurrent Marking                 1334 us
[2024-08-29T23:18:02.456+0800] Pause Final Mark (G)                474 us
[2024-08-29T23:18:02.456+0800] Pause Final Mark (N)                397 us
[2024-08-29T23:18:02.456+0800]   Finish Mark                       202 us
[2024-08-29T23:18:02.456+0800]   Update Region States               43 us
[2024-08-29T23:18:02.456+0800]   Choose Collection Set             108 us
[2024-08-29T23:18:02.456+0800]   Rebuild Free Set                   10 us
[2024-08-29T23:18:02.456+0800] Concurrent Weak References           90 us, parallelism: 0.04x
[2024-08-29T23:18:02.456+0800]   CWRF: <total>                       4 us
[2024-08-29T23:18:02.456+0800]   CWRF: Weak References               4 us, workers (us):   4,   0, ---, ---, 
[2024-08-29T23:18:02.456+0800] Concurrent Weak Roots               352 us
[2024-08-29T23:18:02.456+0800]   Roots                             255 us, parallelism: 1.37x
[2024-08-29T23:18:02.456+0800]     CWR: <total>                    348 us
[2024-08-29T23:18:02.456+0800]     CWR: Code Cache Roots           294 us, workers (us): 135, 159, ---, ---, 
[2024-08-29T23:18:02.456+0800]     CWR: VM Weak Roots               51 us, workers (us):  31,  20, ---, ---, 
[2024-08-29T23:18:02.456+0800]     CWR: CLDG Roots                   3 us, workers (us):   3, ---, ---, ---, 
[2024-08-29T23:18:02.456+0800]   Rendezvous                         61 us
[2024-08-29T23:18:02.456+0800] Concurrent Cleanup                   85 us
[2024-08-29T23:18:02.456+0800] Concurrent Class Unloading         2234 us
[2024-08-29T23:18:02.456+0800]   Unlink Stale                     1080 us
[2024-08-29T23:18:02.456+0800]     System Dictionary                 3 us
[2024-08-29T23:18:02.456+0800]     Weak Class Links                  0 us
[2024-08-29T23:18:02.456+0800]     Code Roots                     1076 us
[2024-08-29T23:18:02.456+0800]   Rendezvous                       1036 us
[2024-08-29T23:18:02.456+0800]   Purge Unlinked                     87 us
[2024-08-29T23:18:02.456+0800]     Code Roots                       75 us
[2024-08-29T23:18:02.456+0800]     CLDG                             12 us
[2024-08-29T23:18:02.456+0800]     Exception Caches                  0 us
[2024-08-29T23:18:02.456+0800] Pause Final Roots (G)                83 us
[2024-08-29T23:18:02.456+0800] Pause Final Roots (N)                21 us
[2024-08-29T23:18:02.456+0800] 
[2024-08-29T23:18:02.456+0800] Allocation pacing accrued:
[2024-08-29T23:18:02.456+0800]       0 of   238 ms (  0.0%): <total>
[2024-08-29T23:18:02.456+0800]       0 of   238 ms (  0.0%): <average total>
[2024-08-29T23:18:02.456+0800] 
[2024-08-29T23:18:02.456+0800] Metaspace: 1651K(1792K)->1651K(1792K) NonClass: 1531K(1600K)->1531K(1600K) Class: 119K(192K)->119K(192K)
[2024-08-29T23:18:02.456+0800] Pacer for Idle. Initial: 41943K, Alloc Tax Rate: 1.0x
[2024-08-29T23:18:02.696+0800] Trigger: Free (203M) is below minimum threshold (204M)
[2024-08-29T23:18:02.696+0800] Free: 203M, Max: 1024K regular, 120M humongous, Frag: 40% external, 3% internal; Reserve: 103M, Max: 1024K
[2024-08-29T23:18:02.696+0800] GC(149) Concurrent reset
[2024-08-29T23:18:02.696+0800] GC(149) Using 2 of 4 workers for concurrent reset
[2024-08-29T23:18:02.696+0800] GC(149) Pacer for Reset. Non-Taxable: 2048M
[2024-08-29T23:18:02.702+0800] GC(149) Concurrent reset 5.436ms
[2024-08-29T23:18:02.703+0800] GC(149) Pause Init Mark (unload classes)
[2024-08-29T23:18:02.703+0800] GC(149) Using 4 of 4 workers for init marking
[2024-08-29T23:18:02.703+0800] GC(149) Pacer for Mark. Expected Live: 995M, Free: 187M, Non-Taxable: 19204K, Alloc Tax Rate: 6.5x
[2024-08-29T23:18:02.703+0800] GC(149) Pause Init Mark (unload classes) 0.177ms
[2024-08-29T23:18:02.703+0800] GC(149) Concurrent marking roots
[2024-08-29T23:18:02.703+0800] GC(149) Using 2 of 4 workers for concurrent marking roots
[2024-08-29T23:18:02.703+0800] GC(149) Concurrent marking roots 0.237ms
[2024-08-29T23:18:02.703+0800] GC(149) Concurrent marking (unload classes)
[2024-08-29T23:18:02.703+0800] GC(149) Using 2 of 4 workers for concurrent marking
[2024-08-29T23:18:02.705+0800] GC(149) Concurrent marking (unload classes) 1.828ms
[2024-08-29T23:18:02.705+0800] GC(149) Pause Final Mark (unload classes)
[2024-08-29T23:18:02.705+0800] GC(149) Using 4 of 4 workers for final marking
[2024-08-29T23:18:02.706+0800] GC(149) Collectable Garbage: 501M (97%), Immediate: 501M (97%), CSet: 0B (0%)
[2024-08-29T23:18:02.706+0800] GC(149) Pause Final Mark (unload classes) 0.571ms
[2024-08-29T23:18:02.706+0800] GC(149) Concurrent weak references
[2024-08-29T23:18:02.706+0800] GC(149) Using 2 of 4 workers for concurrent weak references
[2024-08-29T23:18:02.706+0800] GC(149) Encountered references: Soft: 178, Weak: 297, Final: 0, Phantom: 5
[2024-08-29T23:18:02.706+0800] GC(149) Discovered  references: Soft: 0, Weak: 113, Final: 0, Phantom: 5
[2024-08-29T23:18:02.706+0800] GC(149) Enqueued    references: Soft: 0, Weak: 0, Final: 0, Phantom: 0
[2024-08-29T23:18:02.706+0800] GC(149) Concurrent weak references 0.087ms
[2024-08-29T23:18:02.706+0800] GC(149) Concurrent weak roots
[2024-08-29T23:18:02.706+0800] GC(149) Using 2 of 4 workers for concurrent weak root
[2024-08-29T23:18:02.707+0800] GC(149) Concurrent weak roots 0.749ms
[2024-08-29T23:18:02.707+0800] GC(149) Concurrent cleanup
[2024-08-29T23:18:02.707+0800] GC(149) Concurrent cleanup 1495M->993M(2048M) 0.063ms
[2024-08-29T23:18:02.707+0800] GC(149) Free: 775M, Max: 1024K regular, 129M humongous, Frag: 84% external, 1% internal; Reserve: 103M, Max: 1024K
[2024-08-29T23:18:02.707+0800] GC(149) Concurrent class unloading
[2024-08-29T23:18:02.707+0800] GC(149) Using 2 of 4 workers for concurrent class unloading
[2024-08-29T23:18:02.708+0800] GC(149) Concurrent class unloading 0.820ms
[2024-08-29T23:18:02.708+0800] GC(149) Pause Final Roots
[2024-08-29T23:18:02.708+0800] GC(149) Pause Final Roots 0.013ms
[2024-08-29T23:18:02.708+0800] Free: 775M, Max: 1024K regular, 129M humongous, Frag: 84% external, 1% internal; Reserve: 103M, Max: 1024K
[2024-08-29T23:18:02.708+0800] 
[2024-08-29T23:18:02.708+0800] All times are wall-clock times, except per-root-class counters, that are sum over
[2024-08-29T23:18:02.708+0800] all workers. Dividing the <total> over the root stage time estimates parallelism.
[2024-08-29T23:18:02.708+0800] 
[2024-08-29T23:18:02.708+0800] Concurrent Reset                   5583 us
[2024-08-29T23:18:02.708+0800] Pause Init Mark (G)                1242 us
[2024-08-29T23:18:02.708+0800] Pause Init Mark (N)                 185 us
[2024-08-29T23:18:02.708+0800]   Update Region States               95 us
[2024-08-29T23:18:02.708+0800] Concurrent Mark Roots               251 us, parallelism: 1.29x
[2024-08-29T23:18:02.708+0800]   CMR: <total>                      324 us
[2024-08-29T23:18:02.708+0800]   CMR: Thread Roots                 269 us, workers (us): 114, 155, ---, ---, 
[2024-08-29T23:18:02.708+0800]   CMR: VM Strong Roots                5 us, workers (us):   5,   0, ---, ---, 
[2024-08-29T23:18:02.708+0800]   CMR: CLDG Roots                    50 us, workers (us):  50, ---, ---, ---, 
[2024-08-29T23:18:02.708+0800] Concurrent Marking                 1867 us
[2024-08-29T23:18:02.708+0800] Pause Final Mark (G)                641 us
[2024-08-29T23:18:02.708+0800] Pause Final Mark (N)                578 us
[2024-08-29T23:18:02.708+0800]   Finish Mark                       291 us
[2024-08-29T23:18:02.708+0800]   Update Region States               80 us
[2024-08-29T23:18:02.708+0800]   Choose Collection Set             164 us
[2024-08-29T23:18:02.708+0800]   Rebuild Free Set                   10 us
[2024-08-29T23:18:02.708+0800] Concurrent Weak References           92 us, parallelism: 0.05x
[2024-08-29T23:18:02.708+0800]   CWRF: <total>                       5 us
[2024-08-29T23:18:02.708+0800]   CWRF: Weak References               5 us, workers (us):   5,   0, ---, ---, 
[2024-08-29T23:18:02.708+0800] Concurrent Weak Roots               767 us
[2024-08-29T23:18:02.708+0800]   Roots                             645 us, parallelism: 0.96x
[2024-08-29T23:18:02.708+0800]     CWR: <total>                    616 us
[2024-08-29T23:18:02.708+0800]     CWR: Code Cache Roots           569 us, workers (us): 569,   0, ---, ---, 
[2024-08-29T23:18:02.708+0800]     CWR: VM Weak Roots               43 us, workers (us):  43,   1, ---, ---, 
[2024-08-29T23:18:02.708+0800]     CWR: CLDG Roots                   4 us, workers (us):   4, ---, ---, ---, 
[2024-08-29T23:18:02.708+0800]   Rendezvous                         94 us
[2024-08-29T23:18:02.708+0800] Concurrent Cleanup                   69 us
[2024-08-29T23:18:02.708+0800] Concurrent Class Unloading          836 us
[2024-08-29T23:18:02.708+0800]   Unlink Stale                      665 us
[2024-08-29T23:18:02.708+0800]     System Dictionary                 3 us
[2024-08-29T23:18:02.708+0800]     Weak Class Links                  0 us
[2024-08-29T23:18:02.708+0800]     Code Roots                      661 us
[2024-08-29T23:18:02.708+0800]   Rendezvous                         99 us
[2024-08-29T23:18:02.708+0800]   Purge Unlinked                     46 us
[2024-08-29T23:18:02.708+0800]     Code Roots                       34 us
[2024-08-29T23:18:02.708+0800]     CLDG                             12 us
[2024-08-29T23:18:02.708+0800]     Exception Caches                  0 us
[2024-08-29T23:18:02.708+0800] Pause Final Roots (G)               163 us
[2024-08-29T23:18:02.708+0800] Pause Final Roots (N)                20 us
[2024-08-29T23:18:02.708+0800] 
[2024-08-29T23:18:02.708+0800] Allocation pacing accrued:
[2024-08-29T23:18:02.708+0800]       0 of   252 ms (  0.0%): <total>
[2024-08-29T23:18:02.708+0800]       0 of   252 ms (  0.0%): <average total>
[2024-08-29T23:18:02.708+0800] 
[2024-08-29T23:18:02.708+0800] Metaspace: 1651K(1792K)->1651K(1792K) NonClass: 1531K(1600K)->1531K(1600K) Class: 119K(192K)->119K(192K)
[2024-08-29T23:18:02.708+0800] Pacer for Idle. Initial: 41943K, Alloc Tax Rate: 1.0x
[2024-08-29T23:18:02.950+0800] Trigger: Free (200M) is below minimum threshold (204M)
[2024-08-29T23:18:02.950+0800] Free: 200M, Max: 1024K regular, 129M humongous, Frag: 35% external, 1% internal; Reserve: 103M, Max: 1024K
[2024-08-29T23:18:02.950+0800] GC(150) Concurrent reset
[2024-08-29T23:18:02.950+0800] GC(150) Using 2 of 4 workers for concurrent reset
[2024-08-29T23:18:02.950+0800] GC(150) Pacer for Reset. Non-Taxable: 2048M
[2024-08-29T23:18:02.956+0800] GC(150) Concurrent reset 5.687ms
[2024-08-29T23:18:02.956+0800] GC(150) Pause Init Mark (unload classes)
[2024-08-29T23:18:02.956+0800] GC(150) Using 4 of 4 workers for init marking
[2024-08-29T23:18:02.956+0800] GC(150) Pacer for Mark. Expected Live: 996M, Free: 185M, Non-Taxable: 18989K, Alloc Tax Rate: 6.6x
[2024-08-29T23:18:02.956+0800] GC(150) Pause Init Mark (unload classes) 0.117ms
[2024-08-29T23:18:02.956+0800] GC(150) Concurrent marking roots
[2024-08-29T23:18:02.956+0800] GC(150) Using 2 of 4 workers for concurrent marking roots
[2024-08-29T23:18:02.957+0800] GC(150) Concurrent marking roots 0.327ms
[2024-08-29T23:18:02.957+0800] GC(150) Concurrent marking (unload classes)
[2024-08-29T23:18:02.957+0800] GC(150) Using 2 of 4 workers for concurrent marking
[2024-08-29T23:18:02.958+0800] GC(150) Concurrent marking (unload classes) 1.402ms
[2024-08-29T23:18:02.958+0800] GC(150) Pause Final Mark (unload classes)
[2024-08-29T23:18:02.958+0800] GC(150) Using 4 of 4 workers for final marking
[2024-08-29T23:18:02.958+0800] GC(150) Collectable Garbage: 439M (96%), Immediate: 439M (96%), CSet: 0B (0%)
[2024-08-29T23:18:02.958+0800] GC(150) Pause Final Mark (unload classes) 0.272ms
[2024-08-29T23:18:02.958+0800] GC(150) Concurrent weak references
[2024-08-29T23:18:02.959+0800] GC(150) Using 2 of 4 workers for concurrent weak references
[2024-08-29T23:18:02.959+0800] GC(150) Encountered references: Soft: 178, Weak: 297, Final: 0, Phantom: 5
[2024-08-29T23:18:02.959+0800] GC(150) Discovered  references: Soft: 0, Weak: 142, Final: 0, Phantom: 5
[2024-08-29T23:18:02.959+0800] GC(150) Enqueued    references: Soft: 0, Weak: 0, Final: 0, Phantom: 0
[2024-08-29T23:18:02.959+0800] GC(150) Concurrent weak references 0.098ms
[2024-08-29T23:18:02.959+0800] GC(150) Concurrent weak roots
[2024-08-29T23:18:02.959+0800] GC(150) Using 2 of 4 workers for concurrent weak root
[2024-08-29T23:18:02.959+0800] GC(150) Concurrent weak roots 0.315ms
[2024-08-29T23:18:02.959+0800] GC(150) Concurrent cleanup
[2024-08-29T23:18:02.959+0800] GC(150) Concurrent cleanup 1491M->1051M(2048M) 0.079ms
[2024-08-29T23:18:02.959+0800] GC(150) Free: 713M, Max: 1024K regular, 129M humongous, Frag: 82% external, 3% internal; Reserve: 103M, Max: 1024K
[2024-08-29T23:18:02.959+0800] GC(150) Concurrent class unloading
[2024-08-29T23:18:02.959+0800] GC(150) Using 2 of 4 workers for concurrent class unloading
[2024-08-29T23:18:02.960+0800] GC(150) Concurrent class unloading 0.960ms
[2024-08-29T23:18:02.960+0800] GC(150) Pause Final Roots
[2024-08-29T23:18:02.960+0800] GC(150) Pause Final Roots 0.016ms
[2024-08-29T23:18:02.960+0800] Free: 712M, Max: 1024K regular, 129M humongous, Frag: 82% external, 3% internal; Reserve: 103M, Max: 1024K
[2024-08-29T23:18:02.960+0800] 
[2024-08-29T23:18:02.960+0800] All times are wall-clock times, except per-root-class counters, that are sum over
[2024-08-29T23:18:02.960+0800] all workers. Dividing the <total> over the root stage time estimates parallelism.
[2024-08-29T23:18:02.960+0800] 
[2024-08-29T23:18:02.960+0800] Concurrent Reset                   5819 us
[2024-08-29T23:18:02.960+0800] Pause Init Mark (G)                 317 us
[2024-08-29T23:18:02.960+0800] Pause Init Mark (N)                 124 us
[2024-08-29T23:18:02.960+0800]   Update Region States               68 us
[2024-08-29T23:18:02.960+0800] Concurrent Mark Roots               343 us, parallelism: 0.67x
[2024-08-29T23:18:02.960+0800]   CMR: <total>                      230 us
[2024-08-29T23:18:02.960+0800]   CMR: Thread Roots                 183 us, workers (us):  83, 101, ---, ---, 
[2024-08-29T23:18:02.960+0800]   CMR: VM Strong Roots                5 us, workers (us):   4,   0, ---, ---, 
[2024-08-29T23:18:02.960+0800]   CMR: CLDG Roots                    42 us, workers (us):  42, ---, ---, ---, 
[2024-08-29T23:18:02.960+0800] Concurrent Marking                 1436 us
[2024-08-29T23:18:02.960+0800] Pause Final Mark (G)                369 us
[2024-08-29T23:18:02.960+0800] Pause Final Mark (N)                280 us
[2024-08-29T23:18:02.960+0800]   Finish Mark                        83 us
[2024-08-29T23:18:02.960+0800]   Update Region States               61 us
[2024-08-29T23:18:02.960+0800]   Choose Collection Set              95 us
[2024-08-29T23:18:02.960+0800]   Rebuild Free Set                    9 us
[2024-08-29T23:18:02.960+0800] Concurrent Weak References          104 us, parallelism: 0.04x
[2024-08-29T23:18:02.960+0800]   CWRF: <total>                       4 us
[2024-08-29T23:18:02.960+0800]   CWRF: Weak References               4 us, workers (us):   4,   0, ---, ---, 
[2024-08-29T23:18:02.960+0800] Concurrent Weak Roots               413 us
[2024-08-29T23:18:02.960+0800]   Roots                             246 us, parallelism: 1.38x
[2024-08-29T23:18:02.960+0800]     CWR: <total>                    340 us
[2024-08-29T23:18:02.960+0800]     CWR: Code Cache Roots           294 us, workers (us): 157, 137, ---, ---, 
[2024-08-29T23:18:02.960+0800]     CWR: VM Weak Roots               44 us, workers (us):  26,  18, ---, ---, 
[2024-08-29T23:18:02.960+0800]     CWR: CLDG Roots                   2 us, workers (us):   2, ---, ---, ---, 
[2024-08-29T23:18:02.960+0800]   Rendezvous                         58 us
[2024-08-29T23:18:02.960+0800] Concurrent Cleanup                   86 us
[2024-08-29T23:18:02.960+0800] Concurrent Class Unloading          979 us
[2024-08-29T23:18:02.960+0800]   Unlink Stale                      808 us
[2024-08-29T23:18:02.960+0800]     System Dictionary                 3 us
[2024-08-29T23:18:02.960+0800]     Weak Class Links                  0 us
[2024-08-29T23:18:02.960+0800]     Code Roots                      805 us
[2024-08-29T23:18:02.960+0800]   Rendezvous                         51 us
[2024-08-29T23:18:02.960+0800]   Purge Unlinked                     88 us
[2024-08-29T23:18:02.960+0800]     Code Roots                       74 us
[2024-08-29T23:18:02.960+0800]     CLDG                             13 us
[2024-08-29T23:18:02.960+0800]     Exception Caches                  0 us
[2024-08-29T23:18:02.960+0800] Pause Final Roots (G)                98 us
[2024-08-29T23:18:02.960+0800] Pause Final Roots (N)                24 us
[2024-08-29T23:18:02.960+0800] 
[2024-08-29T23:18:02.960+0800] Allocation pacing accrued:
[2024-08-29T23:18:02.960+0800]       0 of   252 ms (  0.0%): <total>
[2024-08-29T23:18:02.960+0800]       0 of   252 ms (  0.0%): <average total>
[2024-08-29T23:18:02.960+0800] 
[2024-08-29T23:18:02.960+0800] Metaspace: 1651K(1792K)->1651K(1792K) NonClass: 1531K(1600K)->1531K(1600K) Class: 119K(192K)->119K(192K)
[2024-08-29T23:18:02.960+0800] Pacer for Idle. Initial: 41943K, Alloc Tax Rate: 1.0x
[2024-08-29T23:18:03.163+0800] Trigger: Free (195M) is below minimum threshold (204M)
[2024-08-29T23:18:03.163+0800] Free: 195M, Max: 1024K regular, 129M humongous, Frag: 34% external, 1% internal; Reserve: 103M, Max: 1024K
[2024-08-29T23:18:03.163+0800] GC(151) Concurrent reset
[2024-08-29T23:18:03.163+0800] GC(151) Using 2 of 4 workers for concurrent reset
[2024-08-29T23:18:03.163+0800] GC(151) Pacer for Reset. Non-Taxable: 2048M
[2024-08-29T23:18:03.169+0800] GC(151) Concurrent reset 6.070ms
[2024-08-29T23:18:03.169+0800] GC(151) Pause Init Mark (unload classes)
[2024-08-29T23:18:03.169+0800] GC(151) Using 4 of 4 workers for init marking
[2024-08-29T23:18:03.169+0800] GC(151) Pacer for Mark. Expected Live: 996M, Free: 184M, Non-Taxable: 18919K, Alloc Tax Rate: 6.6x
[2024-08-29T23:18:03.169+0800] GC(151) Pause Init Mark (unload classes) 0.102ms
[2024-08-29T23:18:03.169+0800] GC(151) Concurrent marking roots
[2024-08-29T23:18:03.169+0800] GC(151) Using 2 of 4 workers for concurrent marking roots
[2024-08-29T23:18:03.169+0800] GC(151) Concurrent marking roots 0.314ms
[2024-08-29T23:18:03.169+0800] GC(151) Concurrent marking (unload classes)
[2024-08-29T23:18:03.169+0800] GC(151) Using 2 of 4 workers for concurrent marking
[2024-08-29T23:18:03.171+0800] GC(151) Concurrent marking (unload classes) 1.970ms
[2024-08-29T23:18:03.171+0800] GC(151) Pause Final Mark (unload classes)
[2024-08-29T23:18:03.172+0800] GC(151) Using 4 of 4 workers for final marking
[2024-08-29T23:18:03.172+0800] GC(151) Collectable Garbage: 390M (96%), Immediate: 390M (96%), CSet: 0B (0%)
[2024-08-29T23:18:03.172+0800] GC(151) Pause Final Mark (unload classes) 0.388ms
[2024-08-29T23:18:03.172+0800] GC(151) Concurrent weak references
[2024-08-29T23:18:03.172+0800] GC(151) Using 2 of 4 workers for concurrent weak references
[2024-08-29T23:18:03.172+0800] GC(151) Encountered references: Soft: 178, Weak: 297, Final: 0, Phantom: 5
[2024-08-29T23:18:03.172+0800] GC(151) Discovered  references: Soft: 0, Weak: 88, Final: 0, Phantom: 3
[2024-08-29T23:18:03.172+0800] GC(151) Enqueued    references: Soft: 0, Weak: 0, Final: 0, Phantom: 0
[2024-08-29T23:18:03.172+0800] GC(151) Concurrent weak references 0.171ms
[2024-08-29T23:18:03.172+0800] GC(151) Concurrent weak roots
[2024-08-29T23:18:03.172+0800] GC(151) Using 2 of 4 workers for concurrent weak root
[2024-08-29T23:18:03.173+0800] GC(151) Concurrent weak roots 0.333ms
[2024-08-29T23:18:03.173+0800] GC(151) Concurrent cleanup
[2024-08-29T23:18:03.173+0800] GC(151) Concurrent cleanup 1503M->1112M(2048M) 0.075ms
[2024-08-29T23:18:03.173+0800] GC(151) Free: 646M, Max: 1024K regular, 129M humongous, Frag: 80% external, 3% internal; Reserve: 103M, Max: 1024K
[2024-08-29T23:18:03.173+0800] GC(151) Concurrent class unloading
[2024-08-29T23:18:03.173+0800] GC(151) Using 2 of 4 workers for concurrent class unloading
[2024-08-29T23:18:03.175+0800] GC(151) Concurrent class unloading 2.025ms
[2024-08-29T23:18:03.175+0800] GC(151) Pause Final Roots
[2024-08-29T23:18:03.175+0800] GC(151) Pause Final Roots 0.016ms
[2024-08-29T23:18:03.175+0800] Free: 634M, Max: 1024K regular, 129M humongous, Frag: 80% external, 3% internal; Reserve: 103M, Max: 1024K
[2024-08-29T23:18:03.175+0800] 
[2024-08-29T23:18:03.175+0800] All times are wall-clock times, except per-root-class counters, that are sum over
[2024-08-29T23:18:03.175+0800] all workers. Dividing the <total> over the root stage time estimates parallelism.
[2024-08-29T23:18:03.175+0800] 
[2024-08-29T23:18:03.175+0800] Concurrent Reset                   6159 us
[2024-08-29T23:18:03.175+0800] Pause Init Mark (G)                 215 us
[2024-08-29T23:18:03.175+0800] Pause Init Mark (N)                 110 us
[2024-08-29T23:18:03.175+0800]   Update Region States               56 us
[2024-08-29T23:18:03.175+0800] Concurrent Mark Roots               330 us, parallelism: 0.61x
[2024-08-29T23:18:03.175+0800]   CMR: <total>                      201 us
[2024-08-29T23:18:03.175+0800]   CMR: Thread Roots                 161 us, workers (us): 161,   0, ---, ---, 
[2024-08-29T23:18:03.175+0800]   CMR: VM Strong Roots                5 us, workers (us):   5,   0, ---, ---, 
[2024-08-29T23:18:03.175+0800]   CMR: CLDG Roots                    35 us, workers (us):  35, ---, ---, ---, 
[2024-08-29T23:18:03.175+0800] Concurrent Marking                 2009 us
[2024-08-29T23:18:03.175+0800] Pause Final Mark (G)                570 us
[2024-08-29T23:18:03.175+0800] Pause Final Mark (N)                398 us
[2024-08-29T23:18:03.175+0800]   Finish Mark                       178 us
[2024-08-29T23:18:03.175+0800]   Update Region States               58 us
[2024-08-29T23:18:03.175+0800]   Choose Collection Set              90 us
[2024-08-29T23:18:03.175+0800]   Rebuild Free Set                   12 us
[2024-08-29T23:18:03.175+0800] Concurrent Weak References          178 us, parallelism: 0.02x
[2024-08-29T23:18:03.175+0800]   CWRF: <total>                       3 us
[2024-08-29T23:18:03.175+0800]   CWRF: Weak References               3 us, workers (us):   3,   0, ---, ---, 
[2024-08-29T23:18:03.175+0800] Concurrent Weak Roots               379 us
[2024-08-29T23:18:03.175+0800]   Roots                             241 us, parallelism: 1.29x
[2024-08-29T23:18:03.175+0800]     CWR: <total>                    310 us
[2024-08-29T23:18:03.175+0800]     CWR: Code Cache Roots           259 us, workers (us): 125, 135, ---, ---, 
[2024-08-29T23:18:03.175+0800]     CWR: VM Weak Roots               47 us, workers (us):  32,  15, ---, ---, 
[2024-08-29T23:18:03.175+0800]     CWR: CLDG Roots                   3 us, workers (us): ---,   3, ---, ---, 
[2024-08-29T23:18:03.175+0800]   Rendezvous                         64 us
[2024-08-29T23:18:03.175+0800] Concurrent Cleanup                   82 us
[2024-08-29T23:18:03.175+0800] Concurrent Class Unloading         2044 us
[2024-08-29T23:18:03.175+0800]   Unlink Stale                     1260 us
[2024-08-29T23:18:03.175+0800]     System Dictionary                 2 us
[2024-08-29T23:18:03.175+0800]     Weak Class Links                  0 us
[2024-08-29T23:18:03.175+0800]     Code Roots                     1257 us
[2024-08-29T23:18:03.175+0800]   Rendezvous                        672 us
[2024-08-29T23:18:03.175+0800]   Purge Unlinked                     80 us
[2024-08-29T23:18:03.175+0800]     Code Roots                       76 us
[2024-08-29T23:18:03.175+0800]     CLDG                              4 us
[2024-08-29T23:18:03.175+0800]     Exception Caches                  0 us
[2024-08-29T23:18:03.175+0800] Pause Final Roots (G)                96 us
[2024-08-29T23:18:03.175+0800] Pause Final Roots (N)                24 us
[2024-08-29T23:18:03.175+0800] 
[2024-08-29T23:18:03.175+0800] Allocation pacing accrued:
[2024-08-29T23:18:03.175+0800]       0 of   215 ms (  0.0%): <total>
[2024-08-29T23:18:03.175+0800]       0 of   215 ms (  0.0%): <average total>
[2024-08-29T23:18:03.175+0800] 
[2024-08-29T23:18:03.175+0800] Metaspace: 1652K(1856K)->1652K(1856K) NonClass: 1532K(1664K)->1532K(1664K) Class: 119K(192K)->119K(192K)
[2024-08-29T23:18:03.175+0800] Pacer for Idle. Initial: 41943K, Alloc Tax Rate: 1.0x
[2024-08-29T23:18:03.357+0800] Trigger: Free (199M) is below minimum threshold (204M)
[2024-08-29T23:18:03.357+0800] Free: 199M, Max: 1024K regular, 129M humongous, Frag: 35% external, 1% internal; Reserve: 103M, Max: 1024K
[2024-08-29T23:18:03.357+0800] GC(152) Concurrent reset
[2024-08-29T23:18:03.357+0800] GC(152) Using 2 of 4 workers for concurrent reset
[2024-08-29T23:18:03.357+0800] GC(152) Pacer for Reset. Non-Taxable: 2048M
[2024-08-29T23:18:03.361+0800] GC(152) Concurrent reset 4.426ms
[2024-08-29T23:18:03.363+0800] GC(152) Pause Init Mark (unload classes)
[2024-08-29T23:18:03.363+0800] GC(152) Using 4 of 4 workers for init marking
[2024-08-29T23:18:03.363+0800] GC(152) Pacer for Mark. Expected Live: 1009M, Free: 188M, Non-Taxable: 19259K, Alloc Tax Rate: 6.6x
[2024-08-29T23:18:03.363+0800] GC(152) Pause Init Mark (unload classes) 0.106ms
[2024-08-29T23:18:03.363+0800] GC(152) Concurrent marking roots
[2024-08-29T23:18:03.363+0800] GC(152) Using 2 of 4 workers for concurrent marking roots
[2024-08-29T23:18:03.363+0800] GC(152) Concurrent marking roots 0.180ms
[2024-08-29T23:18:03.363+0800] GC(152) Concurrent marking (unload classes)
[2024-08-29T23:18:03.363+0800] GC(152) Using 2 of 4 workers for concurrent marking
[2024-08-29T23:18:03.364+0800] GC(152) Concurrent marking (unload classes) 1.329ms
[2024-08-29T23:18:03.364+0800] GC(152) Pause Final Mark (unload classes)
[2024-08-29T23:18:03.364+0800] GC(152) Using 4 of 4 workers for final marking
[2024-08-29T23:18:03.365+0800] GC(152) Collectable Garbage: 380M (96%), Immediate: 380M (96%), CSet: 0B (0%)
[2024-08-29T23:18:03.365+0800] GC(152) Pause Final Mark (unload classes) 0.369ms
[2024-08-29T23:18:03.365+0800] GC(152) Concurrent weak references
[2024-08-29T23:18:03.365+0800] GC(152) Using 2 of 4 workers for concurrent weak references
[2024-08-29T23:18:03.365+0800] GC(152) Encountered references: Soft: 178, Weak: 297, Final: 0, Phantom: 5
[2024-08-29T23:18:03.365+0800] GC(152) Discovered  references: Soft: 0, Weak: 142, Final: 0, Phantom: 5
[2024-08-29T23:18:03.365+0800] GC(152) Enqueued    references: Soft: 0, Weak: 0, Final: 0, Phantom: 0
[2024-08-29T23:18:03.365+0800] GC(152) Concurrent weak references 0.116ms
[2024-08-29T23:18:03.365+0800] GC(152) Concurrent weak roots
[2024-08-29T23:18:03.365+0800] GC(152) Using 2 of 4 workers for concurrent weak root
[2024-08-29T23:18:03.366+0800] GC(152) Concurrent weak roots 0.780ms
[2024-08-29T23:18:03.366+0800] GC(152) Concurrent cleanup
[2024-08-29T23:18:03.366+0800] GC(152) Concurrent cleanup 1502M->1122M(2048M) 0.073ms
[2024-08-29T23:18:03.366+0800] GC(152) Free: 628M, Max: 1024K regular, 137M humongous, Frag: 78% external, 2% internal; Reserve: 103M, Max: 1024K
[2024-08-29T23:18:03.366+0800] GC(152) Concurrent class unloading
[2024-08-29T23:18:03.366+0800] GC(152) Using 2 of 4 workers for concurrent class unloading
[2024-08-29T23:18:03.367+0800] GC(152) Concurrent class unloading 0.819ms
[2024-08-29T23:18:03.367+0800] GC(152) Pause Final Roots
[2024-08-29T23:18:03.367+0800] GC(152) Pause Final Roots 0.013ms
[2024-08-29T23:18:03.367+0800] Free: 627M, Max: 1024K regular, 137M humongous, Frag: 78% external, 2% internal; Reserve: 103M, Max: 1024K
[2024-08-29T23:18:03.367+0800] 
[2024-08-29T23:18:03.367+0800] All times are wall-clock times, except per-root-class counters, that are sum over
[2024-08-29T23:18:03.367+0800] all workers. Dividing the <total> over the root stage time estimates parallelism.
[2024-08-29T23:18:03.367+0800] 
[2024-08-29T23:18:03.367+0800] Concurrent Reset                   4516 us
[2024-08-29T23:18:03.367+0800] Pause Init Mark (G)                1511 us
[2024-08-29T23:18:03.367+0800] Pause Init Mark (N)                 113 us
[2024-08-29T23:18:03.367+0800]   Update Region States               63 us
[2024-08-29T23:18:03.367+0800] Concurrent Mark Roots               192 us, parallelism: 1.00x
[2024-08-29T23:18:03.367+0800]   CMR: <total>                      193 us
[2024-08-29T23:18:03.367+0800]   CMR: Thread Roots                 141 us, workers (us):  53,  88, ---, ---, 
[2024-08-29T23:18:03.367+0800]   CMR: VM Strong Roots                4 us, workers (us):   4,   0, ---, ---, 
[2024-08-29T23:18:03.367+0800]   CMR: CLDG Roots                    48 us, workers (us):  48, ---, ---, ---, 
[2024-08-29T23:18:03.367+0800] Concurrent Marking                 1345 us
[2024-08-29T23:18:03.367+0800] Pause Final Mark (G)                513 us
[2024-08-29T23:18:03.367+0800] Pause Final Mark (N)                379 us
[2024-08-29T23:18:03.367+0800]   Finish Mark                       178 us
[2024-08-29T23:18:03.367+0800]   Update Region States               55 us
[2024-08-29T23:18:03.367+0800]   Choose Collection Set              98 us
[2024-08-29T23:18:03.367+0800]   Rebuild Free Set                   11 us
[2024-08-29T23:18:03.367+0800] Concurrent Weak References          124 us, parallelism: 0.04x
[2024-08-29T23:18:03.367+0800]   CWRF: <total>                       5 us
[2024-08-29T23:18:03.367+0800]   CWRF: Weak References               5 us, workers (us):   5,   0, ---, ---, 
[2024-08-29T23:18:03.367+0800] Concurrent Weak Roots               813 us
[2024-08-29T23:18:03.367+0800]   Roots                             672 us, parallelism: 1.07x
[2024-08-29T23:18:03.367+0800]     CWR: <total>                    721 us
[2024-08-29T23:18:03.367+0800]     CWR: Code Cache Roots           637 us, workers (us): 546,  90, ---, ---, 
[2024-08-29T23:18:03.367+0800]     CWR: VM Weak Roots               81 us, workers (us):  80,   1, ---, ---, 
[2024-08-29T23:18:03.367+0800]     CWR: CLDG Roots                   3 us, workers (us):   3, ---, ---, ---, 
[2024-08-29T23:18:03.367+0800]   Rendezvous                         93 us
[2024-08-29T23:18:03.367+0800] Concurrent Cleanup                   80 us
[2024-08-29T23:18:03.367+0800] Concurrent Class Unloading          837 us
[2024-08-29T23:18:03.367+0800]   Unlink Stale                      672 us
[2024-08-29T23:18:03.367+0800]     System Dictionary                 2 us
[2024-08-29T23:18:03.367+0800]     Weak Class Links                  0 us
[2024-08-29T23:18:03.367+0800]     Code Roots                      668 us
[2024-08-29T23:18:03.367+0800]   Rendezvous                         59 us
[2024-08-29T23:18:03.367+0800]   Purge Unlinked                     76 us
[2024-08-29T23:18:03.367+0800]     Code Roots                       63 us
[2024-08-29T23:18:03.367+0800]     CLDG                             13 us
[2024-08-29T23:18:03.367+0800]     Exception Caches                  0 us
[2024-08-29T23:18:03.367+0800] Pause Final Roots (G)                86 us
[2024-08-29T23:18:03.367+0800] Pause Final Roots (N)                19 us
[2024-08-29T23:18:03.367+0800] 
[2024-08-29T23:18:03.367+0800] Allocation pacing accrued:
[2024-08-29T23:18:03.367+0800]       0 of   192 ms (  0.0%): <total>
[2024-08-29T23:18:03.367+0800]       0 of   192 ms (  0.0%): <average total>
[2024-08-29T23:18:03.367+0800] 
[2024-08-29T23:18:03.367+0800] Metaspace: 1652K(1856K)->1652K(1856K) NonClass: 1532K(1664K)->1532K(1664K) Class: 119K(192K)->119K(192K)
[2024-08-29T23:18:03.367+0800] Pacer for Idle. Initial: 41943K, Alloc Tax Rate: 1.0x
[2024-08-29T23:18:03.519+0800] Trigger: Free (204M) is below minimum threshold (204M)
[2024-08-29T23:18:03.519+0800] Free: 204M, Max: 1024K regular, 137M humongous, Frag: 31% external, 7% internal; Reserve: 103M, Max: 1024K
[2024-08-29T23:18:03.519+0800] GC(153) Concurrent reset
[2024-08-29T23:18:03.519+0800] GC(153) Using 2 of 4 workers for concurrent reset
[2024-08-29T23:18:03.519+0800] GC(153) Pacer for Reset. Non-Taxable: 2048M
[2024-08-29T23:18:03.525+0800] GC(153) Concurrent reset 5.812ms
[2024-08-29T23:18:03.526+0800] GC(153) Pause Init Mark (unload classes)
[2024-08-29T23:18:03.526+0800] GC(153) Using 4 of 4 workers for init marking
[2024-08-29T23:18:03.526+0800] GC(153) Pacer for Mark. Expected Live: 1027M, Free: 186M, Non-Taxable: 19069K, Alloc Tax Rate: 6.7x
[2024-08-29T23:18:03.526+0800] GC(153) Pause Init Mark (unload classes) 0.091ms
[2024-08-29T23:18:03.526+0800] GC(153) Concurrent marking roots
[2024-08-29T23:18:03.526+0800] GC(153) Using 2 of 4 workers for concurrent marking roots
[2024-08-29T23:18:03.526+0800] GC(153) Concurrent marking roots 0.605ms
[2024-08-29T23:18:03.526+0800] GC(153) Concurrent marking (unload classes)
[2024-08-29T23:18:03.526+0800] GC(153) Using 2 of 4 workers for concurrent marking
[2024-08-29T23:18:03.529+0800] GC(153) Concurrent marking (unload classes) 2.259ms
[2024-08-29T23:18:03.530+0800] GC(153) Pause Final Mark (unload classes)
[2024-08-29T23:18:03.530+0800] GC(153) Using 4 of 4 workers for final marking
[2024-08-29T23:18:03.530+0800] GC(153) Collectable Garbage: 316M (95%), Immediate: 316M (95%), CSet: 0B (0%)
[2024-08-29T23:18:03.530+0800] GC(153) Pause Final Mark (unload classes) 0.267ms
[2024-08-29T23:18:03.530+0800] GC(153) Concurrent weak references
[2024-08-29T23:18:03.530+0800] GC(153) Using 2 of 4 workers for concurrent weak references
[2024-08-29T23:18:03.530+0800] GC(153) Encountered references: Soft: 178, Weak: 297, Final: 0, Phantom: 5
[2024-08-29T23:18:03.530+0800] GC(153) Discovered  references: Soft: 0, Weak: 113, Final: 0, Phantom: 5
[2024-08-29T23:18:03.530+0800] GC(153) Enqueued    references: Soft: 0, Weak: 0, Final: 0, Phantom: 0
[2024-08-29T23:18:03.530+0800] GC(153) Concurrent weak references 0.090ms
[2024-08-29T23:18:03.530+0800] GC(153) Concurrent weak roots
[2024-08-29T23:18:03.530+0800] GC(153) Using 2 of 4 workers for concurrent weak root
[2024-08-29T23:18:03.530+0800] GC(153) Concurrent weak roots 0.353ms
[2024-08-29T23:18:03.530+0800] GC(153) Concurrent cleanup
[2024-08-29T23:18:03.531+0800] GC(153) Concurrent cleanup 1519M->1203M(2048M) 0.069ms
[2024-08-29T23:18:03.531+0800] GC(153) Free: 536M, Max: 1024K regular, 114M humongous, Frag: 79% external, 2% internal; Reserve: 103M, Max: 1024K
[2024-08-29T23:18:03.531+0800] GC(153) Concurrent class unloading
[2024-08-29T23:18:03.531+0800] GC(153) Using 2 of 4 workers for concurrent class unloading
[2024-08-29T23:18:03.532+0800] GC(153) Concurrent class unloading 0.965ms
[2024-08-29T23:18:03.532+0800] GC(153) Pause Final Roots
[2024-08-29T23:18:03.532+0800] GC(153) Pause Final Roots 0.015ms
[2024-08-29T23:18:03.532+0800] Free: 533M, Max: 1024K regular, 114M humongous, Frag: 79% external, 2% internal; Reserve: 103M, Max: 1024K
[2024-08-29T23:18:03.532+0800] 
[2024-08-29T23:18:03.532+0800] All times are wall-clock times, except per-root-class counters, that are sum over
[2024-08-29T23:18:03.532+0800] all workers. Dividing the <total> over the root stage time estimates parallelism.
[2024-08-29T23:18:03.532+0800] 
[2024-08-29T23:18:03.532+0800] Concurrent Reset                   5923 us
[2024-08-29T23:18:03.532+0800] Pause Init Mark (G)                1105 us
[2024-08-29T23:18:03.532+0800] Pause Init Mark (N)                  98 us
[2024-08-29T23:18:03.532+0800]   Update Region States               46 us
[2024-08-29T23:18:03.532+0800] Concurrent Mark Roots               615 us, parallelism: 0.37x
[2024-08-29T23:18:03.532+0800]   CMR: <total>                      226 us
[2024-08-29T23:18:03.532+0800]   CMR: Thread Roots                 172 us, workers (us):  66, 107, ---, ---, 
[2024-08-29T23:18:03.532+0800]   CMR: VM Strong Roots                5 us, workers (us):   5,   0, ---, ---, 
[2024-08-29T23:18:03.532+0800]   CMR: CLDG Roots                    49 us, workers (us):  49, ---, ---, ---, 
[2024-08-29T23:18:03.532+0800] Concurrent Marking                 2284 us
[2024-08-29T23:18:03.532+0800] Pause Final Mark (G)               1280 us
[2024-08-29T23:18:03.532+0800] Pause Final Mark (N)                275 us
[2024-08-29T23:18:03.532+0800]   Finish Mark                       108 us
[2024-08-29T23:18:03.532+0800]   Update Region States               52 us
[2024-08-29T23:18:03.532+0800]   Choose Collection Set              67 us
[2024-08-29T23:18:03.532+0800]   Rebuild Free Set                    8 us
[2024-08-29T23:18:03.532+0800] Concurrent Weak References           97 us, parallelism: 0.04x
[2024-08-29T23:18:03.532+0800]   CWRF: <total>                       4 us
[2024-08-29T23:18:03.532+0800]   CWRF: Weak References               4 us, workers (us):   4,   0, ---, ---, 
[2024-08-29T23:18:03.532+0800] Concurrent Weak Roots               369 us
[2024-08-29T23:18:03.532+0800]   Roots                             257 us, parallelism: 1.38x
[2024-08-29T23:18:03.532+0800]     CWR: <total>                    355 us
[2024-08-29T23:18:03.532+0800]     CWR: Code Cache Roots           306 us, workers (us): 159, 147, ---, ---, 
[2024-08-29T23:18:03.532+0800]     CWR: VM Weak Roots               46 us, workers (us):  27,  19, ---, ---, 
[2024-08-29T23:18:03.532+0800]     CWR: CLDG Roots                   3 us, workers (us):   3, ---, ---, ---, 
[2024-08-29T23:18:03.532+0800]   Rendezvous                         84 us
[2024-08-29T23:18:03.532+0800] Concurrent Cleanup                   76 us
[2024-08-29T23:18:03.532+0800] Concurrent Class Unloading          998 us
[2024-08-29T23:18:03.532+0800]   Unlink Stale                      758 us
[2024-08-29T23:18:03.532+0800]     System Dictionary                 2 us
[2024-08-29T23:18:03.532+0800]     Weak Class Links                  0 us
[2024-08-29T23:18:03.532+0800]     Code Roots                      755 us
[2024-08-29T23:18:03.532+0800]   Rendezvous                        104 us
[2024-08-29T23:18:03.532+0800]   Purge Unlinked                     91 us
[2024-08-29T23:18:03.532+0800]     Code Roots                       78 us
[2024-08-29T23:18:03.532+0800]     CLDG                             13 us
[2024-08-29T23:18:03.532+0800]     Exception Caches                  0 us
[2024-08-29T23:18:03.532+0800] Pause Final Roots (G)                93 us
[2024-08-29T23:18:03.532+0800] Pause Final Roots (N)                22 us
[2024-08-29T23:18:03.532+0800] 
[2024-08-29T23:18:03.532+0800] Allocation pacing accrued:
[2024-08-29T23:18:03.532+0800]       0 of   165 ms (  0.0%): <total>
[2024-08-29T23:18:03.532+0800]       0 of   165 ms (  0.0%): <average total>
[2024-08-29T23:18:03.532+0800] 
[2024-08-29T23:18:03.532+0800] Metaspace: 1652K(1856K)->1652K(1856K) NonClass: 1532K(1664K)->1532K(1664K) Class: 119K(192K)->119K(192K)
[2024-08-29T23:18:03.532+0800] Pacer for Idle. Initial: 41943K, Alloc Tax Rate: 1.0x
[2024-08-29T23:18:03.670+0800] Trigger: Free (204M) is below minimum threshold (204M)
[2024-08-29T23:18:03.671+0800] Free: 204M, Max: 1024K regular, 114M humongous, Frag: 44% external, 2% internal; Reserve: 103M, Max: 1024K
[2024-08-29T23:18:03.671+0800] GC(154) Concurrent reset
[2024-08-29T23:18:03.671+0800] GC(154) Using 2 of 4 workers for concurrent reset
[2024-08-29T23:18:03.671+0800] GC(154) Pacer for Reset. Non-Taxable: 2048M
[2024-08-29T23:18:03.675+0800] GC(154) Concurrent reset 4.389ms
[2024-08-29T23:18:03.675+0800] GC(154) Pause Init Mark (unload classes)
[2024-08-29T23:18:03.675+0800] GC(154) Using 4 of 4 workers for init marking
[2024-08-29T23:18:03.675+0800] GC(154) Pacer for Mark. Expected Live: 1075M, Free: 200M, Non-Taxable: 20579K, Alloc Tax Rate: 6.5x
[2024-08-29T23:18:03.675+0800] GC(154) Pause Init Mark (unload classes) 0.073ms
[2024-08-29T23:18:03.675+0800] GC(154) Concurrent marking roots
[2024-08-29T23:18:03.675+0800] GC(154) Using 2 of 4 workers for concurrent marking roots
[2024-08-29T23:18:03.675+0800] GC(154) Concurrent marking roots 0.205ms
[2024-08-29T23:18:03.675+0800] GC(154) Concurrent marking (unload classes)
[2024-08-29T23:18:03.675+0800] GC(154) Using 2 of 4 workers for concurrent marking
[2024-08-29T23:18:03.677+0800] GC(154) Concurrent marking (unload classes) 1.543ms
[2024-08-29T23:18:03.677+0800] GC(154) Pause Final Mark (unload classes)
[2024-08-29T23:18:03.677+0800] GC(154) Using 4 of 4 workers for final marking
[2024-08-29T23:18:03.678+0800] GC(154) Collectable Garbage: 348M (96%), Immediate: 348M (96%), CSet: 0B (0%)
[2024-08-29T23:18:03.678+0800] GC(154) Pause Final Mark (unload classes) 0.541ms
[2024-08-29T23:18:03.678+0800] GC(154) Concurrent weak references
[2024-08-29T23:18:03.678+0800] GC(154) Using 2 of 4 workers for concurrent weak references
[2024-08-29T23:18:03.678+0800] GC(154) Encountered references: Soft: 178, Weak: 297, Final: 0, Phantom: 5
[2024-08-29T23:18:03.678+0800] GC(154) Discovered  references: Soft: 0, Weak: 113, Final: 0, Phantom: 5
[2024-08-29T23:18:03.678+0800] GC(154) Enqueued    references: Soft: 0, Weak: 0, Final: 0, Phantom: 0
[2024-08-29T23:18:03.678+0800] GC(154) Concurrent weak references 0.071ms
[2024-08-29T23:18:03.678+0800] GC(154) Concurrent weak roots
[2024-08-29T23:18:03.678+0800] GC(154) Using 2 of 4 workers for concurrent weak root
[2024-08-29T23:18:03.678+0800] GC(154) Concurrent weak roots 0.492ms
[2024-08-29T23:18:03.678+0800] GC(154) Concurrent cleanup
[2024-08-29T23:18:03.678+0800] GC(154) Concurrent cleanup 1498M->1150M(2048M) 0.081ms
[2024-08-29T23:18:03.678+0800] GC(154) Free: 596M, Max: 1024K regular, 114M humongous, Frag: 81% external, 1% internal; Reserve: 103M, Max: 1024K
[2024-08-29T23:18:03.678+0800] GC(154) Concurrent class unloading
[2024-08-29T23:18:03.678+0800] GC(154) Using 2 of 4 workers for concurrent class unloading
[2024-08-29T23:18:03.680+0800] GC(154) Concurrent class unloading 1.461ms
[2024-08-29T23:18:03.680+0800] GC(154) Pause Final Roots
[2024-08-29T23:18:03.680+0800] GC(154) Pause Final Roots 0.015ms
[2024-08-29T23:18:03.680+0800] Free: 590M, Max: 1024K regular, 114M humongous, Frag: 81% external, 1% internal; Reserve: 103M, Max: 1024K
[2024-08-29T23:18:03.680+0800] 
[2024-08-29T23:18:03.680+0800] All times are wall-clock times, except per-root-class counters, that are sum over
[2024-08-29T23:18:03.680+0800] all workers. Dividing the <total> over the root stage time estimates parallelism.
[2024-08-29T23:18:03.680+0800] 
[2024-08-29T23:18:03.680+0800] Concurrent Reset                   4455 us
[2024-08-29T23:18:03.680+0800] Pause Init Mark (G)                 152 us
[2024-08-29T23:18:03.680+0800] Pause Init Mark (N)                  80 us
[2024-08-29T23:18:03.680+0800]   Update Region States               41 us
[2024-08-29T23:18:03.680+0800] Concurrent Mark Roots               216 us, parallelism: 1.12x
[2024-08-29T23:18:03.680+0800]   CMR: <total>                      241 us
[2024-08-29T23:18:03.680+0800]   CMR: Thread Roots                 193 us, workers (us):  77, 116, ---, ---, 
[2024-08-29T23:18:03.680+0800]   CMR: VM Strong Roots                4 us, workers (us):   4,   0, ---, ---, 
[2024-08-29T23:18:03.680+0800]   CMR: CLDG Roots                    45 us, workers (us):  45, ---, ---, ---, 
[2024-08-29T23:18:03.680+0800] Concurrent Marking                 1563 us
[2024-08-29T23:18:03.680+0800] Pause Final Mark (G)                607 us
[2024-08-29T23:18:03.680+0800] Pause Final Mark (N)                552 us
[2024-08-29T23:18:03.680+0800]   Finish Mark                       353 us
[2024-08-29T23:18:03.680+0800]   Update Region States               78 us
[2024-08-29T23:18:03.680+0800]   Choose Collection Set              83 us
[2024-08-29T23:18:03.680+0800]   Rebuild Free Set                   11 us
[2024-08-29T23:18:03.680+0800] Concurrent Weak References           78 us, parallelism: 0.05x
[2024-08-29T23:18:03.680+0800]   CWRF: <total>                       4 us
[2024-08-29T23:18:03.680+0800]   CWRF: Weak References               4 us, workers (us):   4,   0, ---, ---, 
[2024-08-29T23:18:03.680+0800] Concurrent Weak Roots               503 us
[2024-08-29T23:18:03.680+0800]   Roots                             454 us, parallelism: 1.05x
[2024-08-29T23:18:03.680+0800]     CWR: <total>                    476 us
[2024-08-29T23:18:03.680+0800]     CWR: Code Cache Roots           397 us, workers (us): 306,  91, ---, ---, 
[2024-08-29T23:18:03.680+0800]     CWR: VM Weak Roots               76 us, workers (us):  75,   1, ---, ---, 
[2024-08-29T23:18:03.680+0800]     CWR: CLDG Roots                   3 us, workers (us):   3, ---, ---, ---, 
[2024-08-29T23:18:03.680+0800]   Rendezvous                         26 us
[2024-08-29T23:18:03.680+0800] Concurrent Cleanup                   90 us
[2024-08-29T23:18:03.680+0800] Concurrent Class Unloading         1488 us
[2024-08-29T23:18:03.680+0800]   Unlink Stale                     1326 us
[2024-08-29T23:18:03.680+0800]     System Dictionary                 2 us
[2024-08-29T23:18:03.680+0800]     Weak Class Links                  0 us
[2024-08-29T23:18:03.680+0800]     Code Roots                     1323 us
[2024-08-29T23:18:03.680+0800]   Rendezvous                         21 us
[2024-08-29T23:18:03.680+0800]   Purge Unlinked                     97 us
[2024-08-29T23:18:03.680+0800]     Code Roots                       80 us
[2024-08-29T23:18:03.680+0800]     CLDG                             16 us
[2024-08-29T23:18:03.680+0800]     Exception Caches                  0 us
[2024-08-29T23:18:03.680+0800] Pause Final Roots (G)                83 us
[2024-08-29T23:18:03.680+0800] Pause Final Roots (N)                21 us
[2024-08-29T23:18:03.680+0800] 
[2024-08-29T23:18:03.680+0800] Allocation pacing accrued:
[2024-08-29T23:18:03.680+0800]       0 of   148 ms (  0.0%): <total>
[2024-08-29T23:18:03.680+0800]       0 of   148 ms (  0.0%): <average total>
[2024-08-29T23:18:03.680+0800] 
[2024-08-29T23:18:03.680+0800] Metaspace: 1652K(1856K)->1652K(1856K) NonClass: 1532K(1664K)->1532K(1664K) Class: 119K(192K)->119K(192K)
[2024-08-29T23:18:03.680+0800] Pacer for Idle. Initial: 41943K, Alloc Tax Rate: 1.0x
[2024-08-29T23:18:03.855+0800] Trigger: Free (197M) is below minimum threshold (204M)
[2024-08-29T23:18:03.855+0800] Free: 194M, Max: 1024K regular, 114M humongous, Frag: 42% external, 0% internal; Reserve: 103M, Max: 1024K
[2024-08-29T23:18:03.855+0800] GC(155) Concurrent reset
[2024-08-29T23:18:03.855+0800] GC(155) Using 2 of 4 workers for concurrent reset
[2024-08-29T23:18:03.855+0800] GC(155) Pacer for Reset. Non-Taxable: 2048M
[2024-08-29T23:18:03.862+0800] GC(155) Concurrent reset 7.168ms
[2024-08-29T23:18:03.862+0800] GC(155) Pause Init Mark (unload classes)
[2024-08-29T23:18:03.862+0800] GC(155) Using 4 of 4 workers for init marking
[2024-08-29T23:18:03.862+0800] GC(155) Pacer for Mark. Expected Live: 1105M, Free: 175M, Non-Taxable: 18002K, Alloc Tax Rate: 7.7x
[2024-08-29T23:18:03.862+0800] GC(155) Pause Init Mark (unload classes) 0.083ms
[2024-08-29T23:18:03.862+0800] GC(155) Concurrent marking roots
[2024-08-29T23:18:03.862+0800] GC(155) Using 2 of 4 workers for concurrent marking roots
[2024-08-29T23:18:03.863+0800] GC(155) Concurrent marking roots 0.169ms
[2024-08-29T23:18:03.863+0800] GC(155) Concurrent marking (unload classes)
[2024-08-29T23:18:03.863+0800] GC(155) Using 2 of 4 workers for concurrent marking
[2024-08-29T23:18:03.864+0800] GC(155) Concurrent marking (unload classes) 1.643ms
[2024-08-29T23:18:03.864+0800] GC(155) Pause Final Mark (unload classes)
[2024-08-29T23:18:03.864+0800] GC(155) Using 4 of 4 workers for final marking
[2024-08-29T23:18:03.865+0800] GC(155) Collectable Garbage: 359M (96%), Immediate: 359M (96%), CSet: 0B (0%)
[2024-08-29T23:18:03.865+0800] GC(155) Pause Final Mark (unload classes) 0.273ms
[2024-08-29T23:18:03.865+0800] GC(155) Concurrent weak references
[2024-08-29T23:18:03.865+0800] GC(155) Using 2 of 4 workers for concurrent weak references
[2024-08-29T23:18:03.865+0800] GC(155) Encountered references: Soft: 178, Weak: 297, Final: 0, Phantom: 5
[2024-08-29T23:18:03.865+0800] GC(155) Discovered  references: Soft: 0, Weak: 118, Final: 0, Phantom: 3
[2024-08-29T23:18:03.865+0800] GC(155) Enqueued    references: Soft: 0, Weak: 0, Final: 0, Phantom: 0
[2024-08-29T23:18:03.865+0800] GC(155) Concurrent weak references 0.066ms
[2024-08-29T23:18:03.865+0800] GC(155) Concurrent weak roots
[2024-08-29T23:18:03.865+0800] GC(155) Using 2 of 4 workers for concurrent weak root
[2024-08-29T23:18:03.865+0800] GC(155) Concurrent weak roots 0.339ms
[2024-08-29T23:18:03.865+0800] GC(155) Concurrent cleanup
[2024-08-29T23:18:03.865+0800] GC(155) Concurrent cleanup 1505M->1145M(2048M) 0.069ms
[2024-08-29T23:18:03.865+0800] GC(155) Free: 599M, Max: 1024K regular, 114M humongous, Frag: 81% external, 2% internal; Reserve: 103M, Max: 1024K
[2024-08-29T23:18:03.865+0800] GC(155) Concurrent class unloading
[2024-08-29T23:18:03.865+0800] GC(155) Using 2 of 4 workers for concurrent class unloading
[2024-08-29T23:18:03.866+0800] GC(155) Concurrent class unloading 1.308ms
[2024-08-29T23:18:03.866+0800] GC(155) Pause Final Roots
[2024-08-29T23:18:03.867+0800] GC(155) Pause Final Roots 0.019ms
[2024-08-29T23:18:03.867+0800] Free: 598M, Max: 1024K regular, 114M humongous, Frag: 81% external, 2% internal; Reserve: 103M, Max: 1024K
[2024-08-29T23:18:03.867+0800] 
[2024-08-29T23:18:03.867+0800] All times are wall-clock times, except per-root-class counters, that are sum over
[2024-08-29T23:18:03.867+0800] all workers. Dividing the <total> over the root stage time estimates parallelism.
[2024-08-29T23:18:03.867+0800] 
[2024-08-29T23:18:03.867+0800] Concurrent Reset                   7224 us
[2024-08-29T23:18:03.867+0800] Pause Init Mark (G)                 190 us
[2024-08-29T23:18:03.867+0800] Pause Init Mark (N)                  90 us
[2024-08-29T23:18:03.867+0800]   Update Region States               39 us
[2024-08-29T23:18:03.867+0800] Concurrent Mark Roots               194 us, parallelism: 1.06x
[2024-08-29T23:18:03.867+0800]   CMR: <total>                      205 us
[2024-08-29T23:18:03.867+0800]   CMR: Thread Roots                 172 us, workers (us):  76,  96, ---, ---, 
[2024-08-29T23:18:03.867+0800]   CMR: VM Strong Roots                3 us, workers (us):   3,   0, ---, ---, 
[2024-08-29T23:18:03.867+0800]   CMR: CLDG Roots                    30 us, workers (us):  30, ---, ---, ---, 
[2024-08-29T23:18:03.867+0800] Concurrent Marking                 1663 us
[2024-08-29T23:18:03.867+0800] Pause Final Mark (G)                364 us
[2024-08-29T23:18:03.867+0800] Pause Final Mark (N)                292 us
[2024-08-29T23:18:03.867+0800]   Finish Mark                       120 us
[2024-08-29T23:18:03.867+0800]   Update Region States               48 us
[2024-08-29T23:18:03.867+0800]   Choose Collection Set              70 us
[2024-08-29T23:18:03.867+0800]   Rebuild Free Set                    9 us
[2024-08-29T23:18:03.867+0800] Concurrent Weak References           85 us, parallelism: 0.04x
[2024-08-29T23:18:03.867+0800]   CWRF: <total>                       4 us
[2024-08-29T23:18:03.867+0800]   CWRF: Weak References               4 us, workers (us):   4,   0, ---, ---, 
[2024-08-29T23:18:03.867+0800] Concurrent Weak Roots               351 us
[2024-08-29T23:18:03.867+0800]   Roots                             263 us, parallelism: 1.38x
[2024-08-29T23:18:03.867+0800]     CWR: <total>                    362 us
[2024-08-29T23:18:03.867+0800]     CWR: Code Cache Roots           313 us, workers (us): 146, 166, ---, ---, 
[2024-08-29T23:18:03.867+0800]     CWR: VM Weak Roots               48 us, workers (us):  31,  16, ---, ---, 
[2024-08-29T23:18:03.867+0800]     CWR: CLDG Roots                   2 us, workers (us): ---,   2, ---, ---, 
[2024-08-29T23:18:03.867+0800]   Rendezvous                         65 us
[2024-08-29T23:18:03.867+0800] Concurrent Cleanup                   75 us
[2024-08-29T23:18:03.867+0800] Concurrent Class Unloading         1325 us
[2024-08-29T23:18:03.867+0800]   Unlink Stale                     1169 us
[2024-08-29T23:18:03.867+0800]     System Dictionary                 2 us
[2024-08-29T23:18:03.867+0800]     Weak Class Links                  0 us
[2024-08-29T23:18:03.867+0800]     Code Roots                     1166 us
[2024-08-29T23:18:03.867+0800]   Rendezvous                         69 us
[2024-08-29T23:18:03.867+0800]   Purge Unlinked                     58 us
[2024-08-29T23:18:03.867+0800]     Code Roots                       46 us
[2024-08-29T23:18:03.867+0800]     CLDG                             12 us
[2024-08-29T23:18:03.867+0800]     Exception Caches                  0 us
[2024-08-29T23:18:03.867+0800] Pause Final Roots (G)               120 us
[2024-08-29T23:18:03.867+0800] Pause Final Roots (N)                28 us
[2024-08-29T23:18:03.867+0800] 
[2024-08-29T23:18:03.867+0800] Allocation pacing accrued:
[2024-08-29T23:18:03.867+0800]       0 of   187 ms (  0.0%): <total>
[2024-08-29T23:18:03.867+0800]       0 of   187 ms (  0.0%): <average total>
[2024-08-29T23:18:03.867+0800] 
[2024-08-29T23:18:03.867+0800] Metaspace: 1652K(1856K)->1652K(1856K) NonClass: 1532K(1664K)->1532K(1664K) Class: 119K(192K)->119K(192K)
[2024-08-29T23:18:03.867+0800] Pacer for Idle. Initial: 41943K, Alloc Tax Rate: 1.0x
[2024-08-29T23:18:04.052+0800] Trigger: Free (196M) is below minimum threshold (204M)
[2024-08-29T23:18:04.053+0800] Free: 192M, Max: 1024K regular, 114M humongous, Frag: 40% external, 3% internal; Reserve: 103M, Max: 1024K
[2024-08-29T23:18:04.053+0800] GC(156) Concurrent reset
[2024-08-29T23:18:04.053+0800] GC(156) Using 2 of 4 workers for concurrent reset
[2024-08-29T23:18:04.053+0800] GC(156) Pacer for Reset. Non-Taxable: 2048M
[2024-08-29T23:18:04.057+0800] GC(156) Concurrent reset 4.557ms
[2024-08-29T23:18:04.057+0800] GC(156) Pause Init Mark (unload classes)
[2024-08-29T23:18:04.057+0800] GC(156) Using 4 of 4 workers for init marking
[2024-08-29T23:18:04.057+0800] GC(156) Pacer for Mark. Expected Live: 1123M, Free: 190M, Non-Taxable: 19512K, Alloc Tax Rate: 7.2x
[2024-08-29T23:18:04.057+0800] GC(156) Pause Init Mark (unload classes) 0.110ms
[2024-08-29T23:18:04.057+0800] GC(156) Concurrent marking roots
[2024-08-29T23:18:04.058+0800] GC(156) Using 2 of 4 workers for concurrent marking roots
[2024-08-29T23:18:04.058+0800] GC(156) Concurrent marking roots 0.211ms
[2024-08-29T23:18:04.058+0800] GC(156) Concurrent marking (unload classes)
[2024-08-29T23:18:04.058+0800] GC(156) Using 2 of 4 workers for concurrent marking
[2024-08-29T23:18:04.059+0800] GC(156) Concurrent marking (unload classes) 1.568ms
[2024-08-29T23:18:04.059+0800] GC(156) Pause Final Mark (unload classes)
[2024-08-29T23:18:04.059+0800] GC(156) Using 4 of 4 workers for final marking
[2024-08-29T23:18:04.060+0800] GC(156) Collectable Garbage: 400M (96%), Immediate: 400M (96%), CSet: 0B (0%)
[2024-08-29T23:18:04.060+0800] GC(156) Pause Final Mark (unload classes) 0.377ms
[2024-08-29T23:18:04.060+0800] GC(156) Concurrent weak references
[2024-08-29T23:18:04.060+0800] GC(156) Using 2 of 4 workers for concurrent weak references
[2024-08-29T23:18:04.060+0800] GC(156) Encountered references: Soft: 178, Weak: 297, Final: 0, Phantom: 5
[2024-08-29T23:18:04.060+0800] GC(156) Discovered  references: Soft: 0, Weak: 118, Final: 0, Phantom: 5
[2024-08-29T23:18:04.060+0800] GC(156) Enqueued    references: Soft: 0, Weak: 0, Final: 0, Phantom: 0
[2024-08-29T23:18:04.060+0800] GC(156) Concurrent weak references 0.084ms
[2024-08-29T23:18:04.060+0800] GC(156) Concurrent weak roots
[2024-08-29T23:18:04.060+0800] GC(156) Using 2 of 4 workers for concurrent weak root
[2024-08-29T23:18:04.060+0800] GC(156) Concurrent weak roots 0.608ms
[2024-08-29T23:18:04.061+0800] GC(156) Concurrent cleanup
[2024-08-29T23:18:04.061+0800] GC(156) Concurrent cleanup 1502M->1102M(2048M) 0.098ms
[2024-08-29T23:18:04.061+0800] GC(156) Free: 655M, Max: 1024K regular, 114M humongous, Frag: 83% external, 1% internal; Reserve: 103M, Max: 1024K
[2024-08-29T23:18:04.061+0800] GC(156) Concurrent class unloading
[2024-08-29T23:18:04.061+0800] GC(156) Using 2 of 4 workers for concurrent class unloading
[2024-08-29T23:18:04.061+0800] GC(156) Concurrent class unloading 0.742ms
[2024-08-29T23:18:04.062+0800] GC(156) Pause Final Roots
[2024-08-29T23:18:04.062+0800] GC(156) Pause Final Roots 0.017ms
[2024-08-29T23:18:04.063+0800] Free: 646M, Max: 1024K regular, 114M humongous, Frag: 83% external, 1% internal; Reserve: 103M, Max: 1024K
[2024-08-29T23:18:04.063+0800] 
[2024-08-29T23:18:04.063+0800] All times are wall-clock times, except per-root-class counters, that are sum over
[2024-08-29T23:18:04.063+0800] all workers. Dividing the <total> over the root stage time estimates parallelism.
[2024-08-29T23:18:04.063+0800] 
[2024-08-29T23:18:04.063+0800] Concurrent Reset                   4623 us
[2024-08-29T23:18:04.063+0800] Pause Init Mark (G)                 251 us
[2024-08-29T23:18:04.063+0800] Pause Init Mark (N)                 117 us
[2024-08-29T23:18:04.063+0800]   Update Region States               66 us
[2024-08-29T23:18:04.063+0800] Concurrent Mark Roots               225 us, parallelism: 0.90x
[2024-08-29T23:18:04.063+0800]   CMR: <total>                      202 us
[2024-08-29T23:18:04.063+0800]   CMR: Thread Roots                 161 us, workers (us):  63,  98, ---, ---, 
[2024-08-29T23:18:04.063+0800]   CMR: VM Strong Roots                4 us, workers (us):   4,   0, ---, ---, 
[2024-08-29T23:18:04.063+0800]   CMR: CLDG Roots                    37 us, workers (us):  37, ---, ---, ---, 
[2024-08-29T23:18:04.063+0800] Concurrent Marking                 1601 us
[2024-08-29T23:18:04.063+0800] Pause Final Mark (G)                466 us
[2024-08-29T23:18:04.063+0800] Pause Final Mark (N)                386 us
[2024-08-29T23:18:04.063+0800]   Finish Mark                       201 us
[2024-08-29T23:18:04.063+0800]   Update Region States               59 us
[2024-08-29T23:18:04.063+0800]   Choose Collection Set              81 us
[2024-08-29T23:18:04.063+0800]   Rebuild Free Set                    9 us
[2024-08-29T23:18:04.063+0800] Concurrent Weak References           90 us, parallelism: 0.04x
[2024-08-29T23:18:04.063+0800]   CWRF: <total>                       4 us
[2024-08-29T23:18:04.063+0800]   CWRF: Weak References               4 us, workers (us):   4,   0, ---, ---, 
[2024-08-29T23:18:04.063+0800] Concurrent Weak Roots               630 us
[2024-08-29T23:18:04.063+0800]   Roots                             355 us, parallelism: 1.57x
[2024-08-29T23:18:04.063+0800]     CWR: <total>                    557 us
[2024-08-29T23:18:04.063+0800]     CWR: Code Cache Roots           481 us, workers (us): 226, 255, ---, ---, 
[2024-08-29T23:18:04.063+0800]     CWR: VM Weak Roots               74 us, workers (us):  41,  33, ---, ---, 
[2024-08-29T23:18:04.063+0800]     CWR: CLDG Roots                   2 us, workers (us): ---,   2, ---, ---, 
[2024-08-29T23:18:04.063+0800]   Rendezvous                        241 us
[2024-08-29T23:18:04.063+0800] Concurrent Cleanup                  125 us
[2024-08-29T23:18:04.063+0800] Concurrent Class Unloading          760 us
[2024-08-29T23:18:04.063+0800]   Unlink Stale                      603 us
[2024-08-29T23:18:04.063+0800]     System Dictionary                 3 us
[2024-08-29T23:18:04.063+0800]     Weak Class Links                  0 us
[2024-08-29T23:18:04.063+0800]     Code Roots                      600 us
[2024-08-29T23:18:04.063+0800]   Rendezvous                         61 us
[2024-08-29T23:18:04.063+0800]   Purge Unlinked                     63 us
[2024-08-29T23:18:04.063+0800]     Code Roots                       50 us
[2024-08-29T23:18:04.063+0800]     CLDG                             12 us
[2024-08-29T23:18:04.063+0800]     Exception Caches                  0 us
[2024-08-29T23:18:04.063+0800] Pause Final Roots (G)              1169 us
[2024-08-29T23:18:04.063+0800] Pause Final Roots (N)                23 us
[2024-08-29T23:18:04.063+0800] 
[2024-08-29T23:18:04.063+0800] Allocation pacing accrued:
[2024-08-29T23:18:04.063+0800]       0 of   196 ms (  0.0%): <total>
[2024-08-29T23:18:04.063+0800]       0 of   196 ms (  0.0%): <average total>
[2024-08-29T23:18:04.063+0800] 
[2024-08-29T23:18:04.063+0800] Metaspace: 1652K(1856K)->1652K(1856K) NonClass: 1532K(1664K)->1532K(1664K) Class: 119K(192K)->119K(192K)
[2024-08-29T23:18:04.063+0800] Pacer for Idle. Initial: 41943K, Alloc Tax Rate: 1.0x
[2024-08-29T23:18:04.248+0800] Trigger: Free (203M) is below minimum threshold (204M)
[2024-08-29T23:18:04.248+0800] Free: 196M, Max: 1024K regular, 114M humongous, Frag: 42% external, 2% internal; Reserve: 103M, Max: 1024K
[2024-08-29T23:18:04.248+0800] GC(157) Concurrent reset
[2024-08-29T23:18:04.248+0800] GC(157) Using 2 of 4 workers for concurrent reset
[2024-08-29T23:18:04.248+0800] GC(157) Pacer for Reset. Non-Taxable: 2048M
[2024-08-29T23:18:04.257+0800] GC(157) Concurrent reset 8.993ms
[2024-08-29T23:18:04.258+0800] GC(157) Pause Init Mark (unload classes)
[2024-08-29T23:18:04.258+0800] GC(157) Using 4 of 4 workers for init marking
[2024-08-29T23:18:04.258+0800] GC(157) Pacer for Mark. Expected Live: 1120M, Free: 166M, Non-Taxable: 17072K, Alloc Tax Rate: 8.2x
[2024-08-29T23:18:04.258+0800] GC(157) Pause Init Mark (unload classes) 0.145ms
[2024-08-29T23:18:04.258+0800] GC(157) Concurrent marking roots
[2024-08-29T23:18:04.258+0800] GC(157) Using 2 of 4 workers for concurrent marking roots
[2024-08-29T23:18:04.258+0800] GC(157) Concurrent marking roots 0.304ms
[2024-08-29T23:18:04.258+0800] GC(157) Concurrent marking (unload classes)
[2024-08-29T23:18:04.258+0800] GC(157) Using 2 of 4 workers for concurrent marking
[2024-08-29T23:18:04.260+0800] GC(157) Concurrent marking (unload classes) 1.562ms
[2024-08-29T23:18:04.260+0800] GC(157) Pause Final Mark (unload classes)
[2024-08-29T23:18:04.260+0800] GC(157) Using 4 of 4 workers for final marking
[2024-08-29T23:18:04.260+0800] GC(157) Collectable Garbage: 426M (96%), Immediate: 426M (96%), CSet: 0B (0%)
[2024-08-29T23:18:04.260+0800] GC(157) Pause Final Mark (unload classes) 0.483ms
[2024-08-29T23:18:04.260+0800] GC(157) Concurrent weak references
[2024-08-29T23:18:04.260+0800] GC(157) Using 2 of 4 workers for concurrent weak references
[2024-08-29T23:18:04.260+0800] GC(157) Encountered references: Soft: 178, Weak: 297, Final: 0, Phantom: 5
[2024-08-29T23:18:04.260+0800] GC(157) Discovered  references: Soft: 0, Weak: 95, Final: 0, Phantom: 3
[2024-08-29T23:18:04.260+0800] GC(157) Enqueued    references: Soft: 0, Weak: 0, Final: 0, Phantom: 0
[2024-08-29T23:18:04.260+0800] GC(157) Concurrent weak references 0.070ms
[2024-08-29T23:18:04.260+0800] GC(157) Concurrent weak roots
[2024-08-29T23:18:04.260+0800] GC(157) Using 2 of 4 workers for concurrent weak root
[2024-08-29T23:18:04.261+0800] GC(157) Concurrent weak roots 0.323ms
[2024-08-29T23:18:04.261+0800] GC(157) Concurrent cleanup
[2024-08-29T23:18:04.261+0800] GC(157) Concurrent cleanup 1526M->1099M(2048M) 0.060ms
[2024-08-29T23:18:04.261+0800] GC(157) Free: 668M, Max: 1024K regular, 101376K humongous, Frag: 86% external, 2% internal; Reserve: 103M, Max: 1024K
[2024-08-29T23:18:04.261+0800] GC(157) Concurrent class unloading
[2024-08-29T23:18:04.261+0800] GC(157) Using 2 of 4 workers for concurrent class unloading
[2024-08-29T23:18:04.261+0800] GC(157) Concurrent class unloading 0.702ms
[2024-08-29T23:18:04.261+0800] GC(157) Pause Final Roots
[2024-08-29T23:18:04.261+0800] GC(157) Pause Final Roots 0.012ms
[2024-08-29T23:18:04.261+0800] Free: 667M, Max: 1024K regular, 101376K humongous, Frag: 86% external, 2% internal; Reserve: 103M, Max: 1024K
[2024-08-29T23:18:04.262+0800] 
[2024-08-29T23:18:04.262+0800] All times are wall-clock times, except per-root-class counters, that are sum over
[2024-08-29T23:18:04.262+0800] all workers. Dividing the <total> over the root stage time estimates parallelism.
[2024-08-29T23:18:04.262+0800] 
[2024-08-29T23:18:04.262+0800] Concurrent Reset                   9169 us
[2024-08-29T23:18:04.262+0800] Pause Init Mark (G)                 808 us
[2024-08-29T23:18:04.262+0800] Pause Init Mark (N)                 152 us
[2024-08-29T23:18:04.262+0800]   Update Region States               95 us
[2024-08-29T23:18:04.262+0800] Concurrent Mark Roots               314 us, parallelism: 0.68x
[2024-08-29T23:18:04.262+0800]   CMR: <total>                      214 us
[2024-08-29T23:18:04.262+0800]   CMR: Thread Roots                 159 us, workers (us): 159,   0, ---, ---, 
[2024-08-29T23:18:04.262+0800]   CMR: VM Strong Roots                5 us, workers (us):   5,   0, ---, ---, 
[2024-08-29T23:18:04.262+0800]   CMR: CLDG Roots                    51 us, workers (us):  51, ---, ---, ---, 
[2024-08-29T23:18:04.262+0800] Concurrent Marking                 1578 us
[2024-08-29T23:18:04.262+0800] Pause Final Mark (G)                572 us
[2024-08-29T23:18:04.262+0800] Pause Final Mark (N)                490 us
[2024-08-29T23:18:04.262+0800]   Finish Mark                       220 us
[2024-08-29T23:18:04.262+0800]   Update Region States              150 us
[2024-08-29T23:18:04.262+0800]   Choose Collection Set              80 us
[2024-08-29T23:18:04.262+0800]   Rebuild Free Set                    7 us
[2024-08-29T23:18:04.262+0800] Concurrent Weak References           77 us, parallelism: 0.03x
[2024-08-29T23:18:04.262+0800]   CWRF: <total>                       3 us
[2024-08-29T23:18:04.262+0800]   CWRF: Weak References               3 us, workers (us):   3,   0, ---, ---, 
[2024-08-29T23:18:04.262+0800] Concurrent Weak Roots               337 us
[2024-08-29T23:18:04.262+0800]   Roots                             251 us, parallelism: 1.30x
[2024-08-29T23:18:04.262+0800]     CWR: <total>                    326 us
[2024-08-29T23:18:04.262+0800]     CWR: Code Cache Roots           281 us, workers (us): 148, 133, ---, ---, 
[2024-08-29T23:18:04.262+0800]     CWR: VM Weak Roots               42 us, workers (us):  25,  17, ---, ---, 
[2024-08-29T23:18:04.262+0800]     CWR: CLDG Roots                   2 us, workers (us):   2, ---, ---, ---, 
[2024-08-29T23:18:04.262+0800]   Rendezvous                         60 us
[2024-08-29T23:18:04.262+0800] Concurrent Cleanup                   66 us
[2024-08-29T23:18:04.262+0800] Concurrent Class Unloading          718 us
[2024-08-29T23:18:04.262+0800]   Unlink Stale                      564 us
[2024-08-29T23:18:04.262+0800]     System Dictionary                 2 us
[2024-08-29T23:18:04.262+0800]     Weak Class Links                  0 us
[2024-08-29T23:18:04.262+0800]     Code Roots                      561 us
[2024-08-29T23:18:04.262+0800]   Rendezvous                         60 us
[2024-08-29T23:18:04.262+0800]   Purge Unlinked                     69 us
[2024-08-29T23:18:04.262+0800]     Code Roots                       66 us
[2024-08-29T23:18:04.262+0800]     CLDG                              2 us
[2024-08-29T23:18:04.262+0800]     Exception Caches                  0 us
[2024-08-29T23:18:04.262+0800] Pause Final Roots (G)                76 us
[2024-08-29T23:18:04.262+0800] Pause Final Roots (N)                19 us
[2024-08-29T23:18:04.262+0800] 
[2024-08-29T23:18:04.262+0800] Allocation pacing accrued:
[2024-08-29T23:18:04.262+0800]       0 of   199 ms (  0.0%): <total>
[2024-08-29T23:18:04.262+0800]       0 of   199 ms (  0.0%): <average total>
[2024-08-29T23:18:04.262+0800] 
[2024-08-29T23:18:04.262+0800] Metaspace: 1652K(1856K)->1652K(1856K) NonClass: 1532K(1664K)->1532K(1664K) Class: 119K(192K)->119K(192K)
[2024-08-29T23:18:04.262+0800] Pacer for Idle. Initial: 41943K, Alloc Tax Rate: 1.0x
[2024-08-29T23:18:04.450+0800] Trigger: Free (200M) is below minimum threshold (204M)
[2024-08-29T23:18:04.450+0800] Free: 200M, Max: 1024K regular, 101376K humongous, Frag: 50% external, 5% internal; Reserve: 103M, Max: 1024K
[2024-08-29T23:18:04.450+0800] GC(158) Concurrent reset
[2024-08-29T23:18:04.450+0800] GC(158) Using 2 of 4 workers for concurrent reset
[2024-08-29T23:18:04.450+0800] GC(158) Pacer for Reset. Non-Taxable: 2048M
[2024-08-29T23:18:04.455+0800] GC(158) Concurrent reset 5.140ms
[2024-08-29T23:18:04.457+0800] GC(158) Pause Init Mark (unload classes)
[2024-08-29T23:18:04.457+0800] GC(158) Using 4 of 4 workers for init marking
[2024-08-29T23:18:04.457+0800] GC(158) Pacer for Mark. Expected Live: 1116M, Free: 186M, Non-Taxable: 19068K, Alloc Tax Rate: 7.3x
[2024-08-29T23:18:04.457+0800] GC(158) Pause Init Mark (unload classes) 0.089ms
[2024-08-29T23:18:04.457+0800] GC(158) Concurrent marking roots
[2024-08-29T23:18:04.457+0800] GC(158) Using 2 of 4 workers for concurrent marking roots
[2024-08-29T23:18:04.457+0800] GC(158) Concurrent marking roots 0.170ms
[2024-08-29T23:18:04.457+0800] GC(158) Concurrent marking (unload classes)
[2024-08-29T23:18:04.457+0800] GC(158) Using 2 of 4 workers for concurrent marking
[2024-08-29T23:18:04.458+0800] GC(158) Concurrent marking (unload classes) 1.349ms
[2024-08-29T23:18:04.458+0800] GC(158) Pause Final Mark (unload classes)
[2024-08-29T23:18:04.458+0800] GC(158) Using 4 of 4 workers for final marking
[2024-08-29T23:18:04.459+0800] GC(158) Collectable Garbage: 382M (95%), Immediate: 382M (95%), CSet: 0B (0%)
[2024-08-29T23:18:04.459+0800] GC(158) Pause Final Mark (unload classes) 0.644ms
[2024-08-29T23:18:04.459+0800] GC(158) Concurrent weak references
[2024-08-29T23:18:04.459+0800] GC(158) Using 2 of 4 workers for concurrent weak references
[2024-08-29T23:18:04.459+0800] GC(158) Encountered references: Soft: 178, Weak: 297, Final: 0, Phantom: 5
[2024-08-29T23:18:04.459+0800] GC(158) Discovered  references: Soft: 0, Weak: 113, Final: 0, Phantom: 5
[2024-08-29T23:18:04.459+0800] GC(158) Enqueued    references: Soft: 0, Weak: 0, Final: 0, Phantom: 0
[2024-08-29T23:18:04.459+0800] GC(158) Concurrent weak references 0.100ms
[2024-08-29T23:18:04.459+0800] GC(158) Concurrent weak roots
[2024-08-29T23:18:04.459+0800] GC(158) Using 2 of 4 workers for concurrent weak root
[2024-08-29T23:18:04.460+0800] GC(158) Concurrent weak roots 0.405ms
[2024-08-29T23:18:04.460+0800] GC(158) Concurrent cleanup
[2024-08-29T23:18:04.460+0800] GC(158) Concurrent cleanup 1508M->1126M(2048M) 0.061ms
[2024-08-29T23:18:04.460+0800] GC(158) Free: 625M, Max: 1024K regular, 96256K humongous, Frag: 85% external, 1% internal; Reserve: 103M, Max: 1024K
[2024-08-29T23:18:04.460+0800] GC(158) Concurrent class unloading
[2024-08-29T23:18:04.460+0800] GC(158) Using 2 of 4 workers for concurrent class unloading
[2024-08-29T23:18:04.460+0800] GC(158) Concurrent class unloading 0.810ms
[2024-08-29T23:18:04.461+0800] GC(158) Pause Final Roots
[2024-08-29T23:18:04.461+0800] GC(158) Pause Final Roots 0.026ms
[2024-08-29T23:18:04.461+0800] Free: 624M, Max: 1024K regular, 96256K humongous, Frag: 85% external, 1% internal; Reserve: 103M, Max: 1024K
[2024-08-29T23:18:04.461+0800] 
[2024-08-29T23:18:04.461+0800] All times are wall-clock times, except per-root-class counters, that are sum over
[2024-08-29T23:18:04.461+0800] all workers. Dividing the <total> over the root stage time estimates parallelism.
[2024-08-29T23:18:04.461+0800] 
[2024-08-29T23:18:04.461+0800] Concurrent Reset                   5206 us
[2024-08-29T23:18:04.461+0800] Pause Init Mark (G)                1201 us
[2024-08-29T23:18:04.461+0800] Pause Init Mark (N)                  96 us
[2024-08-29T23:18:04.461+0800]   Update Region States               45 us
[2024-08-29T23:18:04.461+0800] Concurrent Mark Roots               182 us, parallelism: 0.99x
[2024-08-29T23:18:04.461+0800]   CMR: <total>                      179 us
[2024-08-29T23:18:04.461+0800]   CMR: Thread Roots                 138 us, workers (us):  52,  86, ---, ---, 
[2024-08-29T23:18:04.461+0800]   CMR: VM Strong Roots                6 us, workers (us):   4,   2, ---, ---, 
[2024-08-29T23:18:04.461+0800]   CMR: CLDG Roots                    36 us, workers (us):  36, ---, ---, ---, 
[2024-08-29T23:18:04.461+0800] Concurrent Marking                 1364 us
[2024-08-29T23:18:04.461+0800] Pause Final Mark (G)                740 us
[2024-08-29T23:18:04.461+0800] Pause Final Mark (N)                650 us
[2024-08-29T23:18:04.461+0800]   Finish Mark                       152 us
[2024-08-29T23:18:04.461+0800]   Update Region States              350 us
[2024-08-29T23:18:04.461+0800]   Choose Collection Set             110 us
[2024-08-29T23:18:04.461+0800]   Rebuild Free Set                    8 us
[2024-08-29T23:18:04.461+0800] Concurrent Weak References          107 us, parallelism: 0.04x
[2024-08-29T23:18:04.461+0800]   CWRF: <total>                       5 us
[2024-08-29T23:18:04.461+0800]   CWRF: Weak References               5 us, workers (us):   4,   0, ---, ---, 
[2024-08-29T23:18:04.461+0800] Concurrent Weak Roots               421 us
[2024-08-29T23:18:04.461+0800]   Roots                             331 us, parallelism: 1.58x
[2024-08-29T23:18:04.461+0800]     CWR: <total>                    524 us
[2024-08-29T23:18:04.461+0800]     CWR: Code Cache Roots           442 us, workers (us): 222, 220, ---, ---, 
[2024-08-29T23:18:04.461+0800]     CWR: VM Weak Roots               79 us, workers (us):  44,  35, ---, ---, 
[2024-08-29T23:18:04.461+0800]     CWR: CLDG Roots                   2 us, workers (us):   2, ---, ---, ---, 
[2024-08-29T23:18:04.461+0800]   Rendezvous                         61 us
[2024-08-29T23:18:04.461+0800] Concurrent Cleanup                   67 us
[2024-08-29T23:18:04.461+0800] Concurrent Class Unloading          823 us
[2024-08-29T23:18:04.461+0800]   Unlink Stale                      659 us
[2024-08-29T23:18:04.461+0800]     System Dictionary                 2 us
[2024-08-29T23:18:04.461+0800]     Weak Class Links                  0 us
[2024-08-29T23:18:04.461+0800]     Code Roots                      656 us
[2024-08-29T23:18:04.461+0800]   Rendezvous                         72 us
[2024-08-29T23:18:04.461+0800]   Purge Unlinked                     69 us
[2024-08-29T23:18:04.461+0800]     Code Roots                       57 us
[2024-08-29T23:18:04.461+0800]     CLDG                             11 us
[2024-08-29T23:18:04.461+0800]     Exception Caches                  0 us
[2024-08-29T23:18:04.461+0800] Pause Final Roots (G)               109 us
[2024-08-29T23:18:04.461+0800] Pause Final Roots (N)                31 us
[2024-08-29T23:18:04.461+0800] 
[2024-08-29T23:18:04.461+0800] Allocation pacing accrued:
[2024-08-29T23:18:04.461+0800]       0 of   199 ms (  0.0%): <total>
[2024-08-29T23:18:04.461+0800]       0 of   199 ms (  0.0%): <average total>
[2024-08-29T23:18:04.461+0800] 
[2024-08-29T23:18:04.461+0800] Metaspace: 1652K(1856K)->1652K(1856K) NonClass: 1532K(1664K)->1532K(1664K) Class: 119K(192K)->119K(192K)
[2024-08-29T23:18:04.461+0800] Pacer for Idle. Initial: 41943K, Alloc Tax Rate: 1.0x
[2024-08-29T23:18:04.631+0800] Trigger: Free (202M) is below minimum threshold (204M)
[2024-08-29T23:18:04.631+0800] Free: 202M, Max: 1024K regular, 96256K humongous, Frag: 53% external, 3% internal; Reserve: 103M, Max: 1024K
[2024-08-29T23:18:04.631+0800] GC(159) Concurrent reset
[2024-08-29T23:18:04.631+0800] GC(159) Using 2 of 4 workers for concurrent reset
[2024-08-29T23:18:04.631+0800] GC(159) Pacer for Reset. Non-Taxable: 2048M
[2024-08-29T23:18:04.638+0800] GC(159) Concurrent reset 6.978ms
[2024-08-29T23:18:04.640+0800] GC(159) Pause Init Mark (unload classes)
[2024-08-29T23:18:04.640+0800] GC(159) Using 4 of 4 workers for init marking
[2024-08-29T23:18:04.640+0800] GC(159) Pacer for Mark. Expected Live: 1103M, Free: 187M, Non-Taxable: 19238K, Alloc Tax Rate: 7.2x
[2024-08-29T23:18:04.640+0800] GC(159) Pause Init Mark (unload classes) 0.299ms
[2024-08-29T23:18:04.640+0800] GC(159) Concurrent marking roots
[2024-08-29T23:18:04.640+0800] GC(159) Using 2 of 4 workers for concurrent marking roots
[2024-08-29T23:18:04.641+0800] GC(159) Concurrent marking roots 0.286ms
[2024-08-29T23:18:04.641+0800] GC(159) Concurrent marking (unload classes)
[2024-08-29T23:18:04.641+0800] GC(159) Using 2 of 4 workers for concurrent marking
[2024-08-29T23:18:04.643+0800] GC(159) Concurrent marking (unload classes) 2.024ms
[2024-08-29T23:18:04.643+0800] GC(159) Pause Final Mark (unload classes)
[2024-08-29T23:18:04.643+0800] GC(159) Using 4 of 4 workers for final marking
[2024-08-29T23:18:04.643+0800] GC(159) Collectable Garbage: 364M (95%), Immediate: 364M (95%), CSet: 0B (0%)
[2024-08-29T23:18:04.643+0800] GC(159) Pause Final Mark (unload classes) 0.320ms
[2024-08-29T23:18:04.643+0800] GC(159) Concurrent weak references
[2024-08-29T23:18:04.643+0800] GC(159) Using 2 of 4 workers for concurrent weak references
[2024-08-29T23:18:04.643+0800] GC(159) Encountered references: Soft: 178, Weak: 297, Final: 0, Phantom: 5
[2024-08-29T23:18:04.643+0800] GC(159) Discovered  references: Soft: 0, Weak: 90, Final: 0, Phantom: 3
[2024-08-29T23:18:04.643+0800] GC(159) Enqueued    references: Soft: 0, Weak: 0, Final: 0, Phantom: 0
[2024-08-29T23:18:04.643+0800] GC(159) Concurrent weak references 0.125ms
[2024-08-29T23:18:04.643+0800] GC(159) Concurrent weak roots
[2024-08-29T23:18:04.643+0800] GC(159) Using 2 of 4 workers for concurrent weak root
[2024-08-29T23:18:04.644+0800] GC(159) Concurrent weak roots 0.585ms
[2024-08-29T23:18:04.644+0800] GC(159) Concurrent cleanup
[2024-08-29T23:18:04.644+0800] GC(159) Concurrent cleanup 1513M->1148M(2048M) 0.061ms
[2024-08-29T23:18:04.644+0800] GC(159) Free: 610M, Max: 1024K regular, 96256K humongous, Frag: 85% external, 1% internal; Reserve: 103M, Max: 1024K
[2024-08-29T23:18:04.644+0800] GC(159) Concurrent class unloading
[2024-08-29T23:18:04.644+0800] GC(159) Using 2 of 4 workers for concurrent class unloading
[2024-08-29T23:18:04.645+0800] GC(159) Concurrent class unloading 1.208ms
[2024-08-29T23:18:04.645+0800] GC(159) Pause Final Roots
[2024-08-29T23:18:04.645+0800] GC(159) Pause Final Roots 0.010ms
[2024-08-29T23:18:04.645+0800] Free: 609M, Max: 1024K regular, 96256K humongous, Frag: 85% external, 1% internal; Reserve: 103M, Max: 1024K
[2024-08-29T23:18:04.645+0800] 
[2024-08-29T23:18:04.645+0800] All times are wall-clock times, except per-root-class counters, that are sum over
[2024-08-29T23:18:04.645+0800] all workers. Dividing the <total> over the root stage time estimates parallelism.
[2024-08-29T23:18:04.645+0800] 
[2024-08-29T23:18:04.645+0800] Concurrent Reset                   7143 us
[2024-08-29T23:18:04.645+0800] Pause Init Mark (G)                1857 us
[2024-08-29T23:18:04.645+0800] Pause Init Mark (N)                 306 us
[2024-08-29T23:18:04.645+0800]   Update Region States              197 us
[2024-08-29T23:18:04.645+0800] Concurrent Mark Roots               299 us, parallelism: 0.61x
[2024-08-29T23:18:04.645+0800]   CMR: <total>                      184 us
[2024-08-29T23:18:04.645+0800]   CMR: Thread Roots                 138 us, workers (us): 138,   0, ---, ---, 
[2024-08-29T23:18:04.645+0800]   CMR: VM Strong Roots                5 us, workers (us):   5,   0, ---, ---, 
[2024-08-29T23:18:04.645+0800]   CMR: CLDG Roots                    41 us, workers (us):  41, ---, ---, ---, 
[2024-08-29T23:18:04.645+0800] Concurrent Marking                 2103 us
[2024-08-29T23:18:04.645+0800] Pause Final Mark (G)                429 us
[2024-08-29T23:18:04.645+0800] Pause Final Mark (N)                327 us
[2024-08-29T23:18:04.645+0800]   Finish Mark                       141 us
[2024-08-29T23:18:04.645+0800]   Update Region States               65 us
[2024-08-29T23:18:04.645+0800]   Choose Collection Set              81 us
[2024-08-29T23:18:04.645+0800]   Rebuild Free Set                    7 us
[2024-08-29T23:18:04.645+0800] Concurrent Weak References          131 us, parallelism: 0.05x
[2024-08-29T23:18:04.645+0800]   CWRF: <total>                       7 us
[2024-08-29T23:18:04.645+0800]   CWRF: Weak References               7 us, workers (us):   7,   0, ---, ---, 
[2024-08-29T23:18:04.645+0800] Concurrent Weak Roots               603 us
[2024-08-29T23:18:04.645+0800]   Roots                             504 us, parallelism: 1.54x
[2024-08-29T23:18:04.646+0800]     CWR: <total>                    776 us
[2024-08-29T23:18:04.646+0800]     CWR: Code Cache Roots           649 us, workers (us): 347, 302, ---, ---, 
[2024-08-29T23:18:04.646+0800]     CWR: VM Weak Roots              121 us, workers (us): 112,   8, ---, ---, 
[2024-08-29T23:18:04.646+0800]     CWR: CLDG Roots                   6 us, workers (us):   6, ---, ---, ---, 
[2024-08-29T23:18:04.646+0800]   Rendezvous                         70 us
[2024-08-29T23:18:04.646+0800] Concurrent Cleanup                   66 us
[2024-08-29T23:18:04.646+0800] Concurrent Class Unloading         1223 us
[2024-08-29T23:18:04.646+0800]   Unlink Stale                     1099 us
[2024-08-29T23:18:04.646+0800]     System Dictionary                 4 us
[2024-08-29T23:18:04.646+0800]     Weak Class Links                  0 us
[2024-08-29T23:18:04.646+0800]     Code Roots                     1095 us
[2024-08-29T23:18:04.646+0800]   Rendezvous                         56 us
[2024-08-29T23:18:04.646+0800]   Purge Unlinked                     43 us
[2024-08-29T23:18:04.646+0800]     Code Roots                       31 us
[2024-08-29T23:18:04.646+0800]     CLDG                             11 us
[2024-08-29T23:18:04.646+0800]     Exception Caches                  0 us
[2024-08-29T23:18:04.646+0800] Pause Final Roots (G)               183 us
[2024-08-29T23:18:04.646+0800] Pause Final Roots (N)                16 us
[2024-08-29T23:18:04.646+0800] 
[2024-08-29T23:18:04.646+0800] Allocation pacing accrued:
[2024-08-29T23:18:04.646+0800]       0 of   185 ms (  0.0%): <total>
[2024-08-29T23:18:04.646+0800]       0 of   185 ms (  0.0%): <average total>
[2024-08-29T23:18:04.646+0800] 
[2024-08-29T23:18:04.646+0800] Metaspace: 1652K(1856K)->1652K(1856K) NonClass: 1532K(1664K)->1532K(1664K) Class: 119K(192K)->119K(192K)
[2024-08-29T23:18:04.646+0800] Pacer for Idle. Initial: 41943K, Alloc Tax Rate: 1.0x
[2024-08-29T23:18:04.817+0800] Trigger: Free (203M) is below minimum threshold (204M)
[2024-08-29T23:18:04.817+0800] Free: 203M, Max: 1024K regular, 96256K humongous, Frag: 54% external, 2% internal; Reserve: 103M, Max: 1024K
[2024-08-29T23:18:04.817+0800] GC(160) Concurrent reset
[2024-08-29T23:18:04.817+0800] GC(160) Using 2 of 4 workers for concurrent reset
[2024-08-29T23:18:04.817+0800] GC(160) Pacer for Reset. Non-Taxable: 2048M
[2024-08-29T23:18:04.825+0800] GC(160) Concurrent reset 7.910ms
[2024-08-29T23:18:04.826+0800] GC(160) Pause Init Mark (unload classes)
[2024-08-29T23:18:04.826+0800] GC(160) Using 4 of 4 workers for init marking
[2024-08-29T23:18:04.826+0800] GC(160) Pacer for Mark. Expected Live: 1102M, Free: 179M, Non-Taxable: 18335K, Alloc Tax Rate: 7.5x
[2024-08-29T23:18:04.826+0800] GC(160) Pause Init Mark (unload classes) 0.158ms
[2024-08-29T23:18:04.826+0800] GC(160) Concurrent marking roots
[2024-08-29T23:18:04.826+0800] GC(160) Using 2 of 4 workers for concurrent marking roots
[2024-08-29T23:18:04.826+0800] GC(160) Concurrent marking roots 0.271ms
[2024-08-29T23:18:04.826+0800] GC(160) Concurrent marking (unload classes)
[2024-08-29T23:18:04.826+0800] GC(160) Using 2 of 4 workers for concurrent marking
[2024-08-29T23:18:04.830+0800] GC(160) Concurrent marking (unload classes) 3.744ms
[2024-08-29T23:18:04.830+0800] GC(160) Pause Final Mark (unload classes)
[2024-08-29T23:18:04.830+0800] GC(160) Using 4 of 4 workers for final marking
[2024-08-29T23:18:04.830+0800] GC(160) Collectable Garbage: 394M (96%), Immediate: 394M (96%), CSet: 0B (0%)
[2024-08-29T23:18:04.830+0800] GC(160) Pause Final Mark (unload classes) 0.353ms
[2024-08-29T23:18:04.830+0800] GC(160) Concurrent weak references
[2024-08-29T23:18:04.830+0800] GC(160) Using 2 of 4 workers for concurrent weak references
[2024-08-29T23:18:04.830+0800] GC(160) Encountered references: Soft: 178, Weak: 297, Final: 0, Phantom: 5
[2024-08-29T23:18:04.830+0800] GC(160) Discovered  references: Soft: 0, Weak: 118, Final: 0, Phantom: 5
[2024-08-29T23:18:04.830+0800] GC(160) Enqueued    references: Soft: 0, Weak: 0, Final: 0, Phantom: 0
[2024-08-29T23:18:04.830+0800] GC(160) Concurrent weak references 0.125ms
[2024-08-29T23:18:04.830+0800] GC(160) Concurrent weak roots
[2024-08-29T23:18:04.830+0800] GC(160) Using 2 of 4 workers for concurrent weak root
[2024-08-29T23:18:04.831+0800] GC(160) Concurrent weak roots 0.448ms
[2024-08-29T23:18:04.831+0800] GC(160) Concurrent cleanup
[2024-08-29T23:18:04.831+0800] GC(160) Concurrent cleanup 1527M->1133M(2048M) 0.079ms
[2024-08-29T23:18:04.831+0800] GC(160) Free: 623M, Max: 1024K regular, 96256K humongous, Frag: 85% external, 2% internal; Reserve: 103M, Max: 1024K
[2024-08-29T23:18:04.831+0800] GC(160) Concurrent class unloading
[2024-08-29T23:18:04.831+0800] GC(160) Using 2 of 4 workers for concurrent class unloading
[2024-08-29T23:18:04.832+0800] GC(160) Concurrent class unloading 1.155ms
[2024-08-29T23:18:04.833+0800] GC(160) Pause Final Roots
[2024-08-29T23:18:04.833+0800] GC(160) Pause Final Roots 0.022ms
[2024-08-29T23:18:04.833+0800] Free: 618M, Max: 1024K regular, 96256K humongous, Frag: 85% external, 2% internal; Reserve: 103M, Max: 1024K
[2024-08-29T23:18:04.833+0800] 
[2024-08-29T23:18:04.833+0800] All times are wall-clock times, except per-root-class counters, that are sum over
[2024-08-29T23:18:04.833+0800] all workers. Dividing the <total> over the root stage time estimates parallelism.
[2024-08-29T23:18:04.833+0800] 
[2024-08-29T23:18:04.833+0800] Concurrent Reset                   8122 us
[2024-08-29T23:18:04.833+0800] Pause Init Mark (G)                 908 us
[2024-08-29T23:18:04.833+0800] Pause Init Mark (N)                 166 us
[2024-08-29T23:18:04.833+0800]   Update Region States               84 us
[2024-08-29T23:18:04.833+0800] Concurrent Mark Roots               285 us, parallelism: 0.89x
[2024-08-29T23:18:04.833+0800]   CMR: <total>                      253 us
[2024-08-29T23:18:04.833+0800]   CMR: Thread Roots                 196 us, workers (us):  77, 119, ---, ---, 
[2024-08-29T23:18:04.833+0800]   CMR: VM Strong Roots                8 us, workers (us):   6,   2, ---, ---, 
[2024-08-29T23:18:04.833+0800]   CMR: CLDG Roots                    49 us, workers (us):  49, ---, ---, ---, 
[2024-08-29T23:18:04.833+0800] Concurrent Marking                 3822 us
[2024-08-29T23:18:04.833+0800] Pause Final Mark (G)                450 us
[2024-08-29T23:18:04.833+0800] Pause Final Mark (N)                362 us
[2024-08-29T23:18:04.833+0800]   Finish Mark                       134 us
[2024-08-29T23:18:04.833+0800]   Update Region States               83 us
[2024-08-29T23:18:04.833+0800]   Choose Collection Set              93 us
[2024-08-29T23:18:04.833+0800]   Rebuild Free Set                    9 us
[2024-08-29T23:18:04.833+0800] Concurrent Weak References          135 us, parallelism: 0.09x
[2024-08-29T23:18:04.833+0800]   CWRF: <total>                      12 us
[2024-08-29T23:18:04.833+0800]   CWRF: Weak References              12 us, workers (us):  12,   0, ---, ---, 
[2024-08-29T23:18:04.833+0800] Concurrent Weak Roots               468 us
[2024-08-29T23:18:04.833+0800]   Roots                             321 us, parallelism: 1.37x
[2024-08-29T23:18:04.833+0800]     CWR: <total>                    441 us
[2024-08-29T23:18:04.833+0800]     CWR: Code Cache Roots           381 us, workers (us): 198, 183, ---, ---, 
[2024-08-29T23:18:04.833+0800]     CWR: VM Weak Roots               55 us, workers (us):  40,  16, ---, ---, 
[2024-08-29T23:18:04.833+0800]     CWR: CLDG Roots                   5 us, workers (us):   5, ---, ---, ---, 
[2024-08-29T23:18:04.833+0800]   Rendezvous                         90 us
[2024-08-29T23:18:04.833+0800] Concurrent Cleanup                   89 us
[2024-08-29T23:18:04.833+0800] Concurrent Class Unloading         1179 us
[2024-08-29T23:18:04.833+0800]   Unlink Stale                      958 us
[2024-08-29T23:18:04.833+0800]     System Dictionary                 4 us
[2024-08-29T23:18:04.833+0800]     Weak Class Links                  0 us
[2024-08-29T23:18:04.833+0800]     Code Roots                      954 us
[2024-08-29T23:18:04.833+0800]   Rendezvous                         81 us
[2024-08-29T23:18:04.833+0800]   Purge Unlinked                    103 us
[2024-08-29T23:18:04.833+0800]     Code Roots                       90 us
[2024-08-29T23:18:04.833+0800]     CLDG                             13 us
[2024-08-29T23:18:04.833+0800]     Exception Caches                  0 us
[2024-08-29T23:18:04.833+0800] Pause Final Roots (G)               383 us
[2024-08-29T23:18:04.833+0800] Pause Final Roots (N)                30 us
[2024-08-29T23:18:04.833+0800] 
[2024-08-29T23:18:04.833+0800] Allocation pacing accrued:
[2024-08-29T23:18:04.833+0800]       0 of   187 ms (  0.0%): <total>
[2024-08-29T23:18:04.833+0800]       0 of   187 ms (  0.0%): <average total>
[2024-08-29T23:18:04.833+0800] 
[2024-08-29T23:18:04.833+0800] Metaspace: 1653K(1856K)->1653K(1856K) NonClass: 1533K(1664K)->1533K(1664K) Class: 119K(192K)->119K(192K)
[2024-08-29T23:18:04.833+0800] Pacer for Idle. Initial: 41943K, Alloc Tax Rate: 1.0x
[2024-08-29T23:18:05.016+0800] Trigger: Free (199M) is below minimum threshold (204M)
[2024-08-29T23:18:05.016+0800] Free: 195M, Max: 1024K regular, 96256K humongous, Frag: 52% external, 3% internal; Reserve: 103M, Max: 1024K
[2024-08-29T23:18:05.016+0800] GC(161) Concurrent reset
[2024-08-29T23:18:05.016+0800] GC(161) Using 2 of 4 workers for concurrent reset
[2024-08-29T23:18:05.016+0800] GC(161) Pacer for Reset. Non-Taxable: 2048M
[2024-08-29T23:18:05.023+0800] GC(161) Concurrent reset 6.929ms
[2024-08-29T23:18:05.023+0800] GC(161) Pause Init Mark (unload classes)
[2024-08-29T23:18:05.023+0800] GC(161) Using 4 of 4 workers for init marking
[2024-08-29T23:18:05.023+0800] GC(161) Pacer for Mark. Expected Live: 1098M, Free: 179M, Non-Taxable: 18370K, Alloc Tax Rate: 7.5x
[2024-08-29T23:18:05.023+0800] GC(161) Pause Init Mark (unload classes) 0.124ms
[2024-08-29T23:18:05.023+0800] GC(161) Concurrent marking roots
[2024-08-29T23:18:05.023+0800] GC(161) Using 2 of 4 workers for concurrent marking roots
[2024-08-29T23:18:05.023+0800] GC(161) Concurrent marking roots 0.176ms
[2024-08-29T23:18:05.023+0800] GC(161) Concurrent marking (unload classes)
[2024-08-29T23:18:05.023+0800] GC(161) Using 2 of 4 workers for concurrent marking
[2024-08-29T23:18:05.026+0800] GC(161) Concurrent marking (unload classes) 2.430ms
[2024-08-29T23:18:05.026+0800] GC(161) Pause Final Mark (unload classes)
[2024-08-29T23:18:05.026+0800] GC(161) Using 4 of 4 workers for final marking
[2024-08-29T23:18:05.026+0800] GC(161) Collectable Garbage: 441M (96%), Immediate: 441M (96%), CSet: 0B (0%)
[2024-08-29T23:18:05.026+0800] GC(161) Pause Final Mark (unload classes) 0.288ms
[2024-08-29T23:18:05.026+0800] GC(161) Concurrent weak references
[2024-08-29T23:18:05.026+0800] GC(161) Using 2 of 4 workers for concurrent weak references
[2024-08-29T23:18:05.027+0800] GC(161) Encountered references: Soft: 178, Weak: 297, Final: 0, Phantom: 5
[2024-08-29T23:18:05.027+0800] GC(161) Discovered  references: Soft: 0, Weak: 113, Final: 0, Phantom: 3
[2024-08-29T23:18:05.027+0800] GC(161) Enqueued    references: Soft: 0, Weak: 0, Final: 0, Phantom: 0
[2024-08-29T23:18:05.027+0800] GC(161) Concurrent weak references 0.075ms
[2024-08-29T23:18:05.027+0800] GC(161) Concurrent weak roots
[2024-08-29T23:18:05.027+0800] GC(161) Using 2 of 4 workers for concurrent weak root
[2024-08-29T23:18:05.027+0800] GC(161) Concurrent weak roots 0.609ms
[2024-08-29T23:18:05.027+0800] GC(161) Concurrent cleanup
[2024-08-29T23:18:05.027+0800] GC(161) Concurrent cleanup 1526M->1084M(2048M) 0.073ms
[2024-08-29T23:18:05.027+0800] GC(161) Free: 685M, Max: 1024K regular, 96256K humongous, Frag: 87% external, 1% internal; Reserve: 103M, Max: 1024K
[2024-08-29T23:18:05.027+0800] GC(161) Concurrent class unloading
[2024-08-29T23:18:05.027+0800] GC(161) Using 2 of 4 workers for concurrent class unloading
[2024-08-29T23:18:05.028+0800] GC(161) Concurrent class unloading 0.841ms
[2024-08-29T23:18:05.028+0800] GC(161) Pause Final Roots
[2024-08-29T23:18:05.028+0800] GC(161) Pause Final Roots 0.013ms
[2024-08-29T23:18:05.028+0800] Free: 680M, Max: 1024K regular, 96256K humongous, Frag: 87% external, 1% internal; Reserve: 103M, Max: 1024K
[2024-08-29T23:18:05.028+0800] 
[2024-08-29T23:18:05.028+0800] All times are wall-clock times, except per-root-class counters, that are sum over
[2024-08-29T23:18:05.028+0800] all workers. Dividing the <total> over the root stage time estimates parallelism.
[2024-08-29T23:18:05.028+0800] 
[2024-08-29T23:18:05.028+0800] Concurrent Reset                   7002 us
[2024-08-29T23:18:05.028+0800] Pause Init Mark (G)                 250 us
[2024-08-29T23:18:05.028+0800] Pause Init Mark (N)                 132 us
[2024-08-29T23:18:05.028+0800]   Update Region States               70 us
[2024-08-29T23:18:05.028+0800] Concurrent Mark Roots               187 us, parallelism: 1.10x
[2024-08-29T23:18:05.028+0800]   CMR: <total>                      205 us
[2024-08-29T23:18:05.028+0800]   CMR: Thread Roots                 170 us, workers (us):  76,  95, ---, ---, 
[2024-08-29T23:18:05.028+0800]   CMR: VM Strong Roots                4 us, workers (us):   3,   0, ---, ---, 
[2024-08-29T23:18:05.028+0800]   CMR: CLDG Roots                    31 us, workers (us):  31, ---, ---, ---, 
[2024-08-29T23:18:05.028+0800] Concurrent Marking                 2457 us
[2024-08-29T23:18:05.028+0800] Pause Final Mark (G)                692 us
[2024-08-29T23:18:05.028+0800] Pause Final Mark (N)                296 us
[2024-08-29T23:18:05.028+0800]   Finish Mark                        98 us
[2024-08-29T23:18:05.028+0800]   Update Region States               61 us
[2024-08-29T23:18:05.028+0800]   Choose Collection Set              93 us
[2024-08-29T23:18:05.028+0800]   Rebuild Free Set                    9 us
[2024-08-29T23:18:05.028+0800] Concurrent Weak References           81 us, parallelism: 0.07x
[2024-08-29T23:18:05.028+0800]   CWRF: <total>                       5 us
[2024-08-29T23:18:05.028+0800]   CWRF: Weak References               5 us, workers (us):   5,   0, ---, ---, 
[2024-08-29T23:18:05.028+0800] Concurrent Weak Roots               623 us
[2024-08-29T23:18:05.028+0800]   Roots                             523 us, parallelism: 0.94x
[2024-08-29T23:18:05.028+0800]     CWR: <total>                    494 us
[2024-08-29T23:18:05.028+0800]     CWR: Code Cache Roots           402 us, workers (us): 306,  96, ---, ---, 
[2024-08-29T23:18:05.028+0800]     CWR: VM Weak Roots               88 us, workers (us):  88,   1, ---, ---, 
[2024-08-29T23:18:05.028+0800]     CWR: CLDG Roots                   3 us, workers (us):   3, ---, ---, ---, 
[2024-08-29T23:18:05.028+0800]   Rendezvous                         74 us
[2024-08-29T23:18:05.028+0800] Concurrent Cleanup                   80 us
[2024-08-29T23:18:05.028+0800] Concurrent Class Unloading          859 us
[2024-08-29T23:18:05.028+0800]   Unlink Stale                      689 us
[2024-08-29T23:18:05.028+0800]     System Dictionary                 3 us
[2024-08-29T23:18:05.028+0800]     Weak Class Links                  0 us
[2024-08-29T23:18:05.028+0800]     Code Roots                      685 us
[2024-08-29T23:18:05.028+0800]   Rendezvous                         58 us
[2024-08-29T23:18:05.028+0800]   Purge Unlinked                     82 us
[2024-08-29T23:18:05.028+0800]     Code Roots                       69 us
[2024-08-29T23:18:05.028+0800]     CLDG                             12 us
[2024-08-29T23:18:05.028+0800]     Exception Caches                  0 us
[2024-08-29T23:18:05.028+0800] Pause Final Roots (G)                83 us
[2024-08-29T23:18:05.028+0800] Pause Final Roots (N)                20 us
[2024-08-29T23:18:05.028+0800] 
[2024-08-29T23:18:05.028+0800] Allocation pacing accrued:
[2024-08-29T23:18:05.028+0800]       0 of   195 ms (  0.0%): <total>
[2024-08-29T23:18:05.028+0800]       0 of   195 ms (  0.0%): <average total>
[2024-08-29T23:18:05.028+0800] 
[2024-08-29T23:18:05.029+0800] Metaspace: 1653K(1856K)->1653K(1856K) NonClass: 1533K(1664K)->1533K(1664K) Class: 119K(192K)->119K(192K)
[2024-08-29T23:18:05.029+0800] Pacer for Idle. Initial: 41943K, Alloc Tax Rate: 1.0x
[2024-08-29T23:18:05.220+0800] Trigger: Free (199M) is below minimum threshold (204M)
[2024-08-29T23:18:05.220+0800] Free: 199M, Max: 1024K regular, 96256K humongous, Frag: 53% external, 0% internal; Reserve: 103M, Max: 1024K
[2024-08-29T23:18:05.220+0800] GC(162) Concurrent reset
[2024-08-29T23:18:05.220+0800] GC(162) Using 2 of 4 workers for concurrent reset
[2024-08-29T23:18:05.220+0800] GC(162) Pacer for Reset. Non-Taxable: 2048M
[2024-08-29T23:18:05.225+0800] GC(162) Concurrent reset 5.161ms
[2024-08-29T23:18:05.225+0800] GC(162) Pause Init Mark (unload classes)
[2024-08-29T23:18:05.225+0800] GC(162) Using 4 of 4 workers for init marking
[2024-08-29T23:18:05.225+0800] GC(162) Pacer for Mark. Expected Live: 1092M, Free: 187M, Non-Taxable: 19243K, Alloc Tax Rate: 7.1x
[2024-08-29T23:18:05.225+0800] GC(162) Pause Init Mark (unload classes) 0.098ms
[2024-08-29T23:18:05.226+0800] GC(162) Concurrent marking roots
[2024-08-29T23:18:05.226+0800] GC(162) Using 2 of 4 workers for concurrent marking roots
[2024-08-29T23:18:05.226+0800] GC(162) Concurrent marking roots 0.195ms
[2024-08-29T23:18:05.226+0800] GC(162) Concurrent marking (unload classes)
[2024-08-29T23:18:05.226+0800] GC(162) Using 2 of 4 workers for concurrent marking
[2024-08-29T23:18:05.228+0800] GC(162) Concurrent marking (unload classes) 1.838ms
[2024-08-29T23:18:05.228+0800] GC(162) Pause Final Mark (unload classes)
[2024-08-29T23:18:05.228+0800] GC(162) Using 4 of 4 workers for final marking
[2024-08-29T23:18:05.228+0800] GC(162) Collectable Garbage: 355M (96%), Immediate: 355M (96%), CSet: 0B (0%)
[2024-08-29T23:18:05.228+0800] GC(162) Pause Final Mark (unload classes) 0.282ms
[2024-08-29T23:18:05.228+0800] GC(162) Concurrent weak references
[2024-08-29T23:18:05.228+0800] GC(162) Using 2 of 4 workers for concurrent weak references
[2024-08-29T23:18:05.228+0800] GC(162) Encountered references: Soft: 178, Weak: 297, Final: 0, Phantom: 5
[2024-08-29T23:18:05.228+0800] GC(162) Discovered  references: Soft: 0, Weak: 116, Final: 0, Phantom: 3
[2024-08-29T23:18:05.228+0800] GC(162) Enqueued    references: Soft: 0, Weak: 0, Final: 0, Phantom: 0
[2024-08-29T23:18:05.228+0800] GC(162) Concurrent weak references 0.075ms
[2024-08-29T23:18:05.228+0800] GC(162) Concurrent weak roots
[2024-08-29T23:18:05.228+0800] GC(162) Using 2 of 4 workers for concurrent weak root
[2024-08-29T23:18:05.229+0800] GC(162) Concurrent weak roots 0.529ms
[2024-08-29T23:18:05.229+0800] GC(162) Concurrent cleanup
[2024-08-29T23:18:05.229+0800] GC(162) Concurrent cleanup 1516M->1161M(2048M) 0.070ms
[2024-08-29T23:18:05.229+0800] GC(162) Free: 593M, Max: 1024K regular, 96256K humongous, Frag: 85% external, 2% internal; Reserve: 103M, Max: 1024K
[2024-08-29T23:18:05.229+0800] GC(162) Concurrent class unloading
[2024-08-29T23:18:05.229+0800] GC(162) Using 2 of 4 workers for concurrent class unloading
[2024-08-29T23:18:05.230+0800] GC(162) Concurrent class unloading 1.377ms
[2024-08-29T23:18:05.230+0800] GC(162) Pause Final Roots
[2024-08-29T23:18:05.230+0800] GC(162) Pause Final Roots 0.013ms
[2024-08-29T23:18:05.230+0800] Free: 591M, Max: 1024K regular, 96256K humongous, Frag: 84% external, 2% internal; Reserve: 103M, Max: 1024K
[2024-08-29T23:18:05.230+0800] 
[2024-08-29T23:18:05.230+0800] All times are wall-clock times, except per-root-class counters, that are sum over
[2024-08-29T23:18:05.230+0800] all workers. Dividing the <total> over the root stage time estimates parallelism.
[2024-08-29T23:18:05.230+0800] 
[2024-08-29T23:18:05.230+0800] Concurrent Reset                   5335 us
[2024-08-29T23:18:05.230+0800] Pause Init Mark (G)                 233 us
[2024-08-29T23:18:05.230+0800] Pause Init Mark (N)                 105 us
[2024-08-29T23:18:05.230+0800]   Update Region States               51 us
[2024-08-29T23:18:05.230+0800] Concurrent Mark Roots               228 us, parallelism: 0.92x
[2024-08-29T23:18:05.230+0800]   CMR: <total>                      210 us
[2024-08-29T23:18:05.230+0800]   CMR: Thread Roots                 174 us, workers (us):  73, 101, ---, ---, 
[2024-08-29T23:18:05.230+0800]   CMR: VM Strong Roots                4 us, workers (us):   3,   0, ---, ---, 
[2024-08-29T23:18:05.230+0800]   CMR: CLDG Roots                    33 us, workers (us):  33, ---, ---, ---, 
[2024-08-29T23:18:05.230+0800] Concurrent Marking                 1858 us
[2024-08-29T23:18:05.230+0800] Pause Final Mark (G)                375 us
[2024-08-29T23:18:05.230+0800] Pause Final Mark (N)                289 us
[2024-08-29T23:18:05.230+0800]   Finish Mark                       112 us
[2024-08-29T23:18:05.230+0800]   Update Region States               64 us
[2024-08-29T23:18:05.230+0800]   Choose Collection Set              72 us
[2024-08-29T23:18:05.230+0800]   Rebuild Free Set                    9 us
[2024-08-29T23:18:05.230+0800] Concurrent Weak References           82 us, parallelism: 0.05x
[2024-08-29T23:18:05.230+0800]   CWRF: <total>                       4 us
[2024-08-29T23:18:05.230+0800]   CWRF: Weak References               4 us, workers (us):   4,   0, ---, ---, 
[2024-08-29T23:18:05.230+0800] Concurrent Weak Roots               546 us
[2024-08-29T23:18:05.230+0800]   Roots                             449 us, parallelism: 0.84x
[2024-08-29T23:18:05.230+0800]     CWR: <total>                    378 us
[2024-08-29T23:18:05.230+0800]     CWR: Code Cache Roots           292 us, workers (us): 292,   0, ---, ---, 
[2024-08-29T23:18:05.230+0800]     CWR: VM Weak Roots               83 us, workers (us):  82,   0, ---, ---, 
[2024-08-29T23:18:05.230+0800]     CWR: CLDG Roots                   4 us, workers (us):   4, ---, ---, ---, 
[2024-08-29T23:18:05.230+0800]   Rendezvous                         68 us
[2024-08-29T23:18:05.230+0800] Concurrent Cleanup                   94 us
[2024-08-29T23:18:05.230+0800] Concurrent Class Unloading         1396 us
[2024-08-29T23:18:05.230+0800]   Unlink Stale                     1218 us
[2024-08-29T23:18:05.230+0800]     System Dictionary                 2 us
[2024-08-29T23:18:05.230+0800]     Weak Class Links                  0 us
[2024-08-29T23:18:05.230+0800]     Code Roots                     1215 us
[2024-08-29T23:18:05.230+0800]   Rendezvous                         65 us
[2024-08-29T23:18:05.231+0800]   Purge Unlinked                     82 us
[2024-08-29T23:18:05.231+0800]     Code Roots                       69 us
[2024-08-29T23:18:05.231+0800]     CLDG                             12 us
[2024-08-29T23:18:05.231+0800]     Exception Caches                  0 us
[2024-08-29T23:18:05.231+0800] Pause Final Roots (G)                86 us
[2024-08-29T23:18:05.231+0800] Pause Final Roots (N)                19 us
[2024-08-29T23:18:05.231+0800] 
[2024-08-29T23:18:05.231+0800] Allocation pacing accrued:
[2024-08-29T23:18:05.231+0800]       0 of   202 ms (  0.0%): <total>
[2024-08-29T23:18:05.231+0800]       0 of   202 ms (  0.0%): <average total>
[2024-08-29T23:18:05.231+0800] 
[2024-08-29T23:18:05.231+0800] Metaspace: 1653K(1856K)->1653K(1856K) NonClass: 1533K(1664K)->1533K(1664K) Class: 119K(192K)->119K(192K)
[2024-08-29T23:18:05.231+0800] Pacer for Idle. Initial: 41943K, Alloc Tax Rate: 1.0x
[2024-08-29T23:18:05.380+0800] Trigger: Free (201M) is below minimum threshold (204M)
[2024-08-29T23:18:05.380+0800] Free: 201M, Max: 1024K regular, 96256K humongous, Frag: 54% external, 0% internal; Reserve: 103M, Max: 1024K
[2024-08-29T23:18:05.380+0800] GC(163) Concurrent reset
[2024-08-29T23:18:05.380+0800] GC(163) Using 2 of 4 workers for concurrent reset
[2024-08-29T23:18:05.380+0800] GC(163) Pacer for Reset. Non-Taxable: 2048M
[2024-08-29T23:18:05.387+0800] GC(163) Concurrent reset 7.138ms
[2024-08-29T23:18:05.387+0800] GC(163) Pause Init Mark (unload classes)
[2024-08-29T23:18:05.387+0800] GC(163) Using 4 of 4 workers for init marking
[2024-08-29T23:18:05.387+0800] GC(163) Pacer for Mark. Expected Live: 1104M, Free: 173M, Non-Taxable: 17792K, Alloc Tax Rate: 7.8x
[2024-08-29T23:18:05.387+0800] GC(163) Pause Init Mark (unload classes) 0.108ms
[2024-08-29T23:18:05.387+0800] GC(163) Concurrent marking roots
[2024-08-29T23:18:05.387+0800] GC(163) Using 2 of 4 workers for concurrent marking roots
[2024-08-29T23:18:05.387+0800] GC(163) Concurrent marking roots 0.236ms
[2024-08-29T23:18:05.387+0800] GC(163) Concurrent marking (unload classes)
[2024-08-29T23:18:05.387+0800] GC(163) Using 2 of 4 workers for concurrent marking
[2024-08-29T23:18:05.389+0800] GC(163) Concurrent marking (unload classes) 1.462ms
[2024-08-29T23:18:05.389+0800] GC(163) Pause Final Mark (unload classes)
[2024-08-29T23:18:05.389+0800] GC(163) Using 4 of 4 workers for final marking
[2024-08-29T23:18:05.389+0800] GC(163) Collectable Garbage: 317M (95%), Immediate: 317M (95%), CSet: 0B (0%)
[2024-08-29T23:18:05.389+0800] GC(163) Pause Final Mark (unload classes) 0.202ms
[2024-08-29T23:18:05.389+0800] GC(163) Concurrent weak references
[2024-08-29T23:18:05.389+0800] GC(163) Using 2 of 4 workers for concurrent weak references
[2024-08-29T23:18:05.389+0800] GC(163) Encountered references: Soft: 178, Weak: 297, Final: 0, Phantom: 5
[2024-08-29T23:18:05.389+0800] GC(163) Discovered  references: Soft: 0, Weak: 116, Final: 0, Phantom: 3
[2024-08-29T23:18:05.389+0800] GC(163) Enqueued    references: Soft: 0, Weak: 0, Final: 0, Phantom: 0
[2024-08-29T23:18:05.389+0800] GC(163) Concurrent weak references 0.150ms
[2024-08-29T23:18:05.389+0800] GC(163) Concurrent weak roots
[2024-08-29T23:18:05.389+0800] GC(163) Using 2 of 4 workers for concurrent weak root
[2024-08-29T23:18:05.390+0800] GC(163) Concurrent weak roots 0.458ms
[2024-08-29T23:18:05.390+0800] GC(163) Concurrent cleanup
[2024-08-29T23:18:05.390+0800] GC(163) Concurrent cleanup 1523M->1206M(2048M) 0.068ms
[2024-08-29T23:18:05.390+0800] GC(163) Free: 546M, Max: 1024K regular, 109M humongous, Frag: 80% external, 4% internal; Reserve: 103M, Max: 1024K
[2024-08-29T23:18:05.390+0800] GC(163) Concurrent class unloading
[2024-08-29T23:18:05.390+0800] GC(163) Using 2 of 4 workers for concurrent class unloading
[2024-08-29T23:18:05.391+0800] GC(163) Concurrent class unloading 0.842ms
[2024-08-29T23:18:05.391+0800] GC(163) Pause Final Roots
[2024-08-29T23:18:05.391+0800] GC(163) Pause Final Roots 0.012ms
[2024-08-29T23:18:05.391+0800] Free: 546M, Max: 1024K regular, 109M humongous, Frag: 80% external, 4% internal; Reserve: 103M, Max: 1024K
[2024-08-29T23:18:05.391+0800] 
[2024-08-29T23:18:05.391+0800] All times are wall-clock times, except per-root-class counters, that are sum over
[2024-08-29T23:18:05.391+0800] all workers. Dividing the <total> over the root stage time estimates parallelism.
[2024-08-29T23:18:05.391+0800] 
[2024-08-29T23:18:05.391+0800] Concurrent Reset                   7206 us
[2024-08-29T23:18:05.391+0800] Pause Init Mark (G)                 209 us
[2024-08-29T23:18:05.391+0800] Pause Init Mark (N)                 114 us
[2024-08-29T23:18:05.391+0800]   Update Region States               66 us
[2024-08-29T23:18:05.391+0800] Concurrent Mark Roots               258 us, parallelism: 1.08x
[2024-08-29T23:18:05.391+0800]   CMR: <total>                      279 us
[2024-08-29T23:18:05.391+0800]   CMR: Thread Roots                 241 us, workers (us): 107, 133, ---, ---, 
[2024-08-29T23:18:05.391+0800]   CMR: VM Strong Roots                5 us, workers (us):   4,   0, ---, ---, 
[2024-08-29T23:18:05.391+0800]   CMR: CLDG Roots                    34 us, workers (us):  34, ---, ---, ---, 
[2024-08-29T23:18:05.391+0800] Concurrent Marking                 1480 us
[2024-08-29T23:18:05.391+0800] Pause Final Mark (G)                273 us
[2024-08-29T23:18:05.391+0800] Pause Final Mark (N)                209 us
[2024-08-29T23:18:05.391+0800]   Finish Mark                        66 us
[2024-08-29T23:18:05.391+0800]   Update Region States               37 us
[2024-08-29T23:18:05.391+0800]   Choose Collection Set              66 us
[2024-08-29T23:18:05.391+0800]   Rebuild Free Set                    8 us
[2024-08-29T23:18:05.391+0800] Concurrent Weak References          157 us, parallelism: 0.02x
[2024-08-29T23:18:05.391+0800]   CWRF: <total>                       4 us
[2024-08-29T23:18:05.391+0800]   CWRF: Weak References               4 us, workers (us):   4,   0, ---, ---, 
[2024-08-29T23:18:05.391+0800] Concurrent Weak Roots               469 us
[2024-08-29T23:18:05.391+0800]   Roots                             386 us, parallelism: 0.83x
[2024-08-29T23:18:05.391+0800]     CWR: <total>                    321 us
[2024-08-29T23:18:05.391+0800]     CWR: Code Cache Roots           274 us, workers (us): 274,   0, ---, ---, 
[2024-08-29T23:18:05.391+0800]     CWR: VM Weak Roots               45 us, workers (us):  45,   0, ---, ---, 
[2024-08-29T23:18:05.391+0800]     CWR: CLDG Roots                   2 us, workers (us):   2, ---, ---, ---, 
[2024-08-29T23:18:05.391+0800]   Rendezvous                         60 us
[2024-08-29T23:18:05.391+0800] Concurrent Cleanup                   75 us
[2024-08-29T23:18:05.391+0800] Concurrent Class Unloading          859 us
[2024-08-29T23:18:05.391+0800]   Unlink Stale                      693 us
[2024-08-29T23:18:05.391+0800]     System Dictionary                 3 us
[2024-08-29T23:18:05.391+0800]     Weak Class Links                  0 us
[2024-08-29T23:18:05.391+0800]     Code Roots                      690 us
[2024-08-29T23:18:05.391+0800]   Rendezvous                         60 us
[2024-08-29T23:18:05.391+0800]   Purge Unlinked                     78 us
[2024-08-29T23:18:05.391+0800]     Code Roots                       65 us
[2024-08-29T23:18:05.391+0800]     CLDG                             12 us
[2024-08-29T23:18:05.391+0800]     Exception Caches                  0 us
[2024-08-29T23:18:05.391+0800] Pause Final Roots (G)                77 us
[2024-08-29T23:18:05.391+0800] Pause Final Roots (N)                18 us
[2024-08-29T23:18:05.391+0800] 
[2024-08-29T23:18:05.391+0800] Allocation pacing accrued:
[2024-08-29T23:18:05.391+0800]       0 of   161 ms (  0.0%): <total>
[2024-08-29T23:18:05.391+0800]       0 of   161 ms (  0.0%): <average total>
[2024-08-29T23:18:05.391+0800] 
[2024-08-29T23:18:05.391+0800] Metaspace: 1653K(1856K)->1653K(1856K) NonClass: 1533K(1664K)->1533K(1664K) Class: 119K(192K)->119K(192K)
[2024-08-29T23:18:05.391+0800] Pacer for Idle. Initial: 41943K, Alloc Tax Rate: 1.0x
[2024-08-29T23:18:05.530+0800] Trigger: Free (203M) is below minimum threshold (204M)
[2024-08-29T23:18:05.531+0800] Free: 203M, Max: 1024K regular, 109M humongous, Frag: 46% external, 5% internal; Reserve: 103M, Max: 1024K
[2024-08-29T23:18:05.531+0800] GC(164) Concurrent reset
[2024-08-29T23:18:05.531+0800] GC(164) Using 2 of 4 workers for concurrent reset
[2024-08-29T23:18:05.531+0800] GC(164) Pacer for Reset. Non-Taxable: 2048M
[2024-08-29T23:18:05.535+0800] GC(164) Concurrent reset 4.383ms
[2024-08-29T23:18:05.535+0800] GC(164) Pause Init Mark (unload classes)
[2024-08-29T23:18:05.535+0800] GC(164) Using 4 of 4 workers for init marking
[2024-08-29T23:18:05.535+0800] GC(164) Pacer for Mark. Expected Live: 1120M, Free: 202M, Non-Taxable: 20720K, Alloc Tax Rate: 6.8x
[2024-08-29T23:18:05.535+0800] GC(164) Pause Init Mark (unload classes) 0.096ms
[2024-08-29T23:18:05.535+0800] GC(164) Concurrent marking roots
[2024-08-29T23:18:05.535+0800] GC(164) Using 2 of 4 workers for concurrent marking roots
[2024-08-29T23:18:05.535+0800] GC(164) Concurrent marking roots 0.255ms
[2024-08-29T23:18:05.535+0800] GC(164) Concurrent marking (unload classes)
[2024-08-29T23:18:05.535+0800] GC(164) Using 2 of 4 workers for concurrent marking
[2024-08-29T23:18:05.539+0800] GC(164) Concurrent marking (unload classes) 3.111ms
[2024-08-29T23:18:05.539+0800] GC(164) Pause Final Mark (unload classes)
[2024-08-29T23:18:05.539+0800] GC(164) Using 4 of 4 workers for final marking
[2024-08-29T23:18:05.539+0800] GC(164) Collectable Garbage: 285M (94%), Immediate: 285M (94%), CSet: 0B (0%)
[2024-08-29T23:18:05.539+0800] GC(164) Pause Final Mark (unload classes) 0.292ms
[2024-08-29T23:18:05.539+0800] GC(164) Concurrent weak references
[2024-08-29T23:18:05.539+0800] GC(164) Using 2 of 4 workers for concurrent weak references
[2024-08-29T23:18:05.539+0800] GC(164) Encountered references: Soft: 178, Weak: 297, Final: 0, Phantom: 5
[2024-08-29T23:18:05.539+0800] GC(164) Discovered  references: Soft: 0, Weak: 139, Final: 0, Phantom: 5
[2024-08-29T23:18:05.539+0800] GC(164) Enqueued    references: Soft: 0, Weak: 0, Final: 0, Phantom: 0
[2024-08-29T23:18:05.539+0800] GC(164) Concurrent weak references 0.099ms
[2024-08-29T23:18:05.539+0800] GC(164) Concurrent weak roots
[2024-08-29T23:18:05.539+0800] GC(164) Using 2 of 4 workers for concurrent weak root
[2024-08-29T23:18:05.540+0800] GC(164) Concurrent weak roots 0.858ms
[2024-08-29T23:18:05.540+0800] GC(164) Concurrent cleanup
[2024-08-29T23:18:05.540+0800] GC(164) Concurrent cleanup 1513M->1228M(2048M) 0.067ms
[2024-08-29T23:18:05.540+0800] GC(164) Free: 524M, Max: 1024K regular, 109M humongous, Frag: 79% external, 2% internal; Reserve: 103M, Max: 1024K
[2024-08-29T23:18:05.540+0800] GC(164) Concurrent class unloading
[2024-08-29T23:18:05.540+0800] GC(164) Using 2 of 4 workers for concurrent class unloading
[2024-08-29T23:18:05.541+0800] GC(164) Concurrent class unloading 1.119ms
[2024-08-29T23:18:05.542+0800] GC(164) Pause Final Roots
[2024-08-29T23:18:05.542+0800] GC(164) Pause Final Roots 0.025ms
[2024-08-29T23:18:05.543+0800] Free: 506M, Max: 1024K regular, 109M humongous, Frag: 79% external, 3% internal; Reserve: 103M, Max: 1024K
[2024-08-29T23:18:05.544+0800] 
[2024-08-29T23:18:05.544+0800] All times are wall-clock times, except per-root-class counters, that are sum over
[2024-08-29T23:18:05.544+0800] all workers. Dividing the <total> over the root stage time estimates parallelism.
[2024-08-29T23:18:05.544+0800] 
[2024-08-29T23:18:05.544+0800] Concurrent Reset                   4442 us
[2024-08-29T23:18:05.544+0800] Pause Init Mark (G)                 199 us
[2024-08-29T23:18:05.544+0800] Pause Init Mark (N)                 105 us
[2024-08-29T23:18:05.544+0800]   Update Region States               48 us
[2024-08-29T23:18:05.544+0800] Concurrent Mark Roots               270 us, parallelism: 1.05x
[2024-08-29T23:18:05.544+0800]   CMR: <total>                      282 us
[2024-08-29T23:18:05.544+0800]   CMR: Thread Roots                 248 us, workers (us): 136, 112, ---, ---, 
[2024-08-29T23:18:05.544+0800]   CMR: VM Strong Roots                4 us, workers (us):   3,   0, ---, ---, 
[2024-08-29T23:18:05.544+0800]   CMR: CLDG Roots                    31 us, workers (us):  31, ---, ---, ---, 
[2024-08-29T23:18:05.544+0800] Concurrent Marking                 3144 us
[2024-08-29T23:18:05.544+0800] Pause Final Mark (G)                570 us
[2024-08-29T23:18:05.544+0800] Pause Final Mark (N)                300 us
[2024-08-29T23:18:05.544+0800]   Finish Mark                       139 us
[2024-08-29T23:18:05.544+0800]   Update Region States               47 us
[2024-08-29T23:18:05.544+0800]   Choose Collection Set              69 us
[2024-08-29T23:18:05.544+0800]   Rebuild Free Set                    9 us
[2024-08-29T23:18:05.544+0800] Concurrent Weak References          106 us, parallelism: 0.06x
[2024-08-29T23:18:05.544+0800]   CWRF: <total>                       6 us
[2024-08-29T23:18:05.544+0800]   CWRF: Weak References               6 us, workers (us):   6,   0, ---, ---, 
[2024-08-29T23:18:05.544+0800] Concurrent Weak Roots               875 us
[2024-08-29T23:18:05.544+0800]   Roots                             450 us, parallelism: 1.65x
[2024-08-29T23:18:05.544+0800]     CWR: <total>                    742 us
[2024-08-29T23:18:05.544+0800]     CWR: Code Cache Roots           692 us, workers (us): 384, 308, ---, ---, 
[2024-08-29T23:18:05.544+0800]     CWR: VM Weak Roots               48 us, workers (us):  27,  21, ---, ---, 
[2024-08-29T23:18:05.544+0800]     CWR: CLDG Roots                   2 us, workers (us):   2, ---, ---, ---, 
[2024-08-29T23:18:05.544+0800]   Rendezvous                        396 us
[2024-08-29T23:18:05.544+0800] Concurrent Cleanup                   74 us
[2024-08-29T23:18:05.544+0800] Concurrent Class Unloading         1150 us
[2024-08-29T23:18:05.544+0800]   Unlink Stale                      958 us
[2024-08-29T23:18:05.544+0800]     System Dictionary                 2 us
[2024-08-29T23:18:05.544+0800]     Weak Class Links                  0 us
[2024-08-29T23:18:05.544+0800]     Code Roots                      955 us
[2024-08-29T23:18:05.544+0800]   Rendezvous                         64 us
[2024-08-29T23:18:05.544+0800]   Purge Unlinked                     85 us
[2024-08-29T23:18:05.544+0800]     Code Roots                       55 us
[2024-08-29T23:18:05.544+0800]     CLDG                             29 us
[2024-08-29T23:18:05.544+0800]     Exception Caches                  0 us
[2024-08-29T23:18:05.544+0800] Pause Final Roots (G)              2054 us
[2024-08-29T23:18:05.544+0800] Pause Final Roots (N)                52 us
[2024-08-29T23:18:05.544+0800] 
[2024-08-29T23:18:05.544+0800] Allocation pacing accrued:
[2024-08-29T23:18:05.544+0800]       0 of   153 ms (  0.0%): <total>
[2024-08-29T23:18:05.544+0800]       0 of   153 ms (  0.0%): <average total>
[2024-08-29T23:18:05.544+0800] 
[2024-08-29T23:18:05.544+0800] Metaspace: 1653K(1856K)->1653K(1856K) NonClass: 1533K(1664K)->1533K(1664K) Class: 119K(192K)->119K(192K)
[2024-08-29T23:18:05.544+0800] Pacer for Idle. Initial: 41943K, Alloc Tax Rate: 1.0x
[2024-08-29T23:18:05.679+0800] Trigger: Free (196M) is below minimum threshold (204M)
[2024-08-29T23:18:05.679+0800] Free: 192M, Max: 1024K regular, 109M humongous, Frag: 43% external, 0% internal; Reserve: 103M, Max: 1024K
[2024-08-29T23:18:05.679+0800] GC(165) Concurrent reset
[2024-08-29T23:18:05.679+0800] GC(165) Using 2 of 4 workers for concurrent reset
[2024-08-29T23:18:05.679+0800] GC(165) Pacer for Reset. Non-Taxable: 2048M
[2024-08-29T23:18:05.686+0800] GC(165) Concurrent reset 7.229ms
[2024-08-29T23:18:05.687+0800] GC(165) Pause Init Mark (unload classes)
[2024-08-29T23:18:05.687+0800] GC(165) Using 4 of 4 workers for init marking
[2024-08-29T23:18:05.687+0800] GC(165) Pacer for Mark. Expected Live: 1134M, Free: 176M, Non-Taxable: 18038K, Alloc Tax Rate: 7.9x
[2024-08-29T23:18:05.687+0800] GC(165) Pause Init Mark (unload classes) 0.088ms
[2024-08-29T23:18:05.687+0800] GC(165) Concurrent marking roots
[2024-08-29T23:18:05.687+0800] GC(165) Using 2 of 4 workers for concurrent marking roots
[2024-08-29T23:18:05.687+0800] GC(165) Concurrent marking roots 0.321ms
[2024-08-29T23:18:05.687+0800] GC(165) Concurrent marking (unload classes)
[2024-08-29T23:18:05.687+0800] GC(165) Using 2 of 4 workers for concurrent marking
[2024-08-29T23:18:05.690+0800] GC(165) Concurrent marking (unload classes) 3.056ms
[2024-08-29T23:18:05.690+0800] GC(165) Pause Final Mark (unload classes)
[2024-08-29T23:18:05.690+0800] GC(165) Using 4 of 4 workers for final marking
[2024-08-29T23:18:05.690+0800] GC(165) Collectable Garbage: 296M (95%), Immediate: 296M (95%), CSet: 0B (0%)
[2024-08-29T23:18:05.691+0800] GC(165) Pause Final Mark (unload classes) 0.339ms
[2024-08-29T23:18:05.691+0800] GC(165) Concurrent weak references
[2024-08-29T23:18:05.691+0800] GC(165) Using 2 of 4 workers for concurrent weak references
[2024-08-29T23:18:05.691+0800] GC(165) Encountered references: Soft: 178, Weak: 297, Final: 0, Phantom: 5
[2024-08-29T23:18:05.691+0800] GC(165) Discovered  references: Soft: 0, Weak: 119, Final: 0, Phantom: 3
[2024-08-29T23:18:05.691+0800] GC(165) Enqueued    references: Soft: 0, Weak: 0, Final: 0, Phantom: 0
[2024-08-29T23:18:05.691+0800] GC(165) Concurrent weak references 0.084ms
[2024-08-29T23:18:05.691+0800] GC(165) Concurrent weak roots
[2024-08-29T23:18:05.691+0800] GC(165) Using 2 of 4 workers for concurrent weak root
[2024-08-29T23:18:05.691+0800] GC(165) Concurrent weak roots 0.360ms
[2024-08-29T23:18:05.691+0800] GC(165) Concurrent cleanup
[2024-08-29T23:18:05.691+0800] GC(165) Concurrent cleanup 1542M->1245M(2048M) 0.068ms
[2024-08-29T23:18:05.691+0800] GC(165) Free: 507M, Max: 1024K regular, 109M humongous, Frag: 79% external, 4% internal; Reserve: 103M, Max: 1024K
[2024-08-29T23:18:05.691+0800] GC(165) Concurrent class unloading
[2024-08-29T23:18:05.691+0800] GC(165) Using 2 of 4 workers for concurrent class unloading
[2024-08-29T23:18:05.692+0800] GC(165) Concurrent class unloading 0.842ms
[2024-08-29T23:18:05.693+0800] GC(165) Pause Final Roots
[2024-08-29T23:18:05.693+0800] GC(165) Pause Final Roots 0.019ms
[2024-08-29T23:18:05.693+0800] Free: 505M, Max: 1024K regular, 109M humongous, Frag: 79% external, 4% internal; Reserve: 103M, Max: 1024K
[2024-08-29T23:18:05.693+0800] 
[2024-08-29T23:18:05.693+0800] All times are wall-clock times, except per-root-class counters, that are sum over
[2024-08-29T23:18:05.693+0800] all workers. Dividing the <total> over the root stage time estimates parallelism.
[2024-08-29T23:18:05.693+0800] 
[2024-08-29T23:18:05.693+0800] Concurrent Reset                   7319 us
[2024-08-29T23:18:05.693+0800] Pause Init Mark (G)                 188 us
[2024-08-29T23:18:05.693+0800] Pause Init Mark (N)                  95 us
[2024-08-29T23:18:05.693+0800]   Update Region States               44 us
[2024-08-29T23:18:05.693+0800] Concurrent Mark Roots               333 us, parallelism: 0.64x
[2024-08-29T23:18:05.693+0800]   CMR: <total>                      214 us
[2024-08-29T23:18:05.693+0800]   CMR: Thread Roots                 163 us, workers (us): 163,   0, ---, ---, 
[2024-08-29T23:18:05.693+0800]   CMR: VM Strong Roots                5 us, workers (us):   5,   0, ---, ---, 
[2024-08-29T23:18:05.693+0800]   CMR: CLDG Roots                    45 us, workers (us):  45, ---, ---, ---, 
[2024-08-29T23:18:05.693+0800] Concurrent Marking                 3077 us
[2024-08-29T23:18:05.693+0800] Pause Final Mark (G)                412 us
[2024-08-29T23:18:05.693+0800] Pause Final Mark (N)                346 us
[2024-08-29T23:18:05.693+0800]   Finish Mark                       153 us
[2024-08-29T23:18:05.693+0800]   Update Region States               76 us
[2024-08-29T23:18:05.693+0800]   Choose Collection Set              72 us
[2024-08-29T23:18:05.693+0800]   Rebuild Free Set                    9 us
[2024-08-29T23:18:05.693+0800] Concurrent Weak References           90 us, parallelism: 0.05x
[2024-08-29T23:18:05.693+0800]   CWRF: <total>                       4 us
[2024-08-29T23:18:05.693+0800]   CWRF: Weak References               4 us, workers (us):   4,   0, ---, ---, 
[2024-08-29T23:18:05.693+0800] Concurrent Weak Roots               371 us
[2024-08-29T23:18:05.693+0800]   Roots                             282 us, parallelism: 1.41x
[2024-08-29T23:18:05.693+0800]     CWR: <total>                    399 us
[2024-08-29T23:18:05.693+0800]     CWR: Code Cache Roots           346 us, workers (us): 184, 162, ---, ---, 
[2024-08-29T23:18:05.693+0800]     CWR: VM Weak Roots               51 us, workers (us):  31,  19, ---, ---, 
[2024-08-29T23:18:05.693+0800]     CWR: CLDG Roots                   3 us, workers (us):   3, ---, ---, ---, 
[2024-08-29T23:18:05.693+0800]   Rendezvous                         66 us
[2024-08-29T23:18:05.693+0800] Concurrent Cleanup                   76 us
[2024-08-29T23:18:05.693+0800] Concurrent Class Unloading          860 us
[2024-08-29T23:18:05.693+0800]   Unlink Stale                      636 us
[2024-08-29T23:18:05.693+0800]     System Dictionary                 3 us
[2024-08-29T23:18:05.693+0800]     Weak Class Links                  0 us
[2024-08-29T23:18:05.693+0800]     Code Roots                      633 us
[2024-08-29T23:18:05.693+0800]   Rendezvous                         63 us
[2024-08-29T23:18:05.693+0800]   Purge Unlinked                    128 us
[2024-08-29T23:18:05.693+0800]     Code Roots                      112 us
[2024-08-29T23:18:05.693+0800]     CLDG                             16 us
[2024-08-29T23:18:05.693+0800]     Exception Caches                  0 us
[2024-08-29T23:18:05.693+0800] Pause Final Roots (G)              1062 us
[2024-08-29T23:18:05.693+0800] Pause Final Roots (N)                26 us
[2024-08-29T23:18:05.693+0800] 
[2024-08-29T23:18:05.693+0800] Allocation pacing accrued:
[2024-08-29T23:18:05.693+0800]       0 of   149 ms (  0.0%): <total>
[2024-08-29T23:18:05.693+0800]       0 of   149 ms (  0.0%): <average total>
[2024-08-29T23:18:05.693+0800] 
[2024-08-29T23:18:05.693+0800] Metaspace: 1653K(1856K)->1653K(1856K) NonClass: 1533K(1664K)->1533K(1664K) Class: 119K(192K)->119K(192K)
[2024-08-29T23:18:05.693+0800] Pacer for Idle. Initial: 41943K, Alloc Tax Rate: 1.0x
[2024-08-29T23:18:05.817+0800] Trigger: Free (202M) is below minimum threshold (204M)
[2024-08-29T23:18:05.817+0800] Free: 202M, Max: 1024K regular, 109M humongous, Frag: 45% external, 4% internal; Reserve: 103M, Max: 1024K
[2024-08-29T23:18:05.817+0800] GC(166) Concurrent reset
[2024-08-29T23:18:05.817+0800] GC(166) Using 2 of 4 workers for concurrent reset
[2024-08-29T23:18:05.817+0800] GC(166) Pacer for Reset. Non-Taxable: 2048M
[2024-08-29T23:18:05.823+0800] GC(166) Concurrent reset 5.770ms
[2024-08-29T23:18:05.824+0800] GC(166) Pause Init Mark (unload classes)
[2024-08-29T23:18:05.824+0800] GC(166) Using 4 of 4 workers for init marking
[2024-08-29T23:18:05.824+0800] GC(166) Pacer for Mark. Expected Live: 1156M, Free: 190M, Non-Taxable: 19534K, Alloc Tax Rate: 7.4x
[2024-08-29T23:18:05.824+0800] GC(166) Pause Init Mark (unload classes) 0.099ms
[2024-08-29T23:18:05.824+0800] GC(166) Concurrent marking roots
[2024-08-29T23:18:05.824+0800] GC(166) Using 2 of 4 workers for concurrent marking roots
[2024-08-29T23:18:05.824+0800] GC(166) Concurrent marking roots 0.256ms
[2024-08-29T23:18:05.824+0800] GC(166) Concurrent marking (unload classes)
[2024-08-29T23:18:05.824+0800] GC(166) Using 2 of 4 workers for concurrent marking
[2024-08-29T23:18:05.827+0800] GC(166) Concurrent marking (unload classes) 2.559ms
[2024-08-29T23:18:05.827+0800] GC(166) Pause Final Mark (unload classes)
[2024-08-29T23:18:05.827+0800] GC(166) Using 4 of 4 workers for final marking
[2024-08-29T23:18:05.827+0800] GC(166) Collectable Garbage: 286M (94%), Immediate: 286M (94%), CSet: 0B (0%)
[2024-08-29T23:18:05.827+0800] GC(166) Pause Final Mark (unload classes) 0.308ms
[2024-08-29T23:18:05.827+0800] GC(166) Concurrent weak references
[2024-08-29T23:18:05.827+0800] GC(166) Using 2 of 4 workers for concurrent weak references
[2024-08-29T23:18:05.827+0800] GC(166) Encountered references: Soft: 178, Weak: 297, Final: 0, Phantom: 5
[2024-08-29T23:18:05.827+0800] GC(166) Discovered  references: Soft: 0, Weak: 111, Final: 0, Phantom: 5
[2024-08-29T23:18:05.827+0800] GC(166) Enqueued    references: Soft: 0, Weak: 0, Final: 0, Phantom: 0
[2024-08-29T23:18:05.827+0800] GC(166) Concurrent weak references 0.112ms
[2024-08-29T23:18:05.827+0800] GC(166) Concurrent weak roots
[2024-08-29T23:18:05.827+0800] GC(166) Using 2 of 4 workers for concurrent weak root
[2024-08-29T23:18:05.828+0800] GC(166) Concurrent weak roots 0.457ms
[2024-08-29T23:18:05.828+0800] GC(166) Concurrent cleanup
[2024-08-29T23:18:05.828+0800] GC(166) Concurrent cleanup 1539M->1252M(2048M) 0.082ms
[2024-08-29T23:18:05.828+0800] GC(166) Free: 504M, Max: 1024K regular, 109M humongous, Frag: 79% external, 4% internal; Reserve: 103M, Max: 1024K
[2024-08-29T23:18:05.828+0800] GC(166) Concurrent class unloading
[2024-08-29T23:18:05.828+0800] GC(166) Using 2 of 4 workers for concurrent class unloading
[2024-08-29T23:18:05.829+0800] GC(166) Concurrent class unloading 0.867ms
[2024-08-29T23:18:05.830+0800] GC(166) Pause Final Roots
[2024-08-29T23:18:05.830+0800] GC(166) Pause Final Roots 0.019ms
[2024-08-29T23:18:05.830+0800] Free: 500M, Max: 1024K regular, 109M humongous, Frag: 78% external, 4% internal; Reserve: 103M, Max: 1024K
[2024-08-29T23:18:05.830+0800] 
[2024-08-29T23:18:05.830+0800] All times are wall-clock times, except per-root-class counters, that are sum over
[2024-08-29T23:18:05.830+0800] all workers. Dividing the <total> over the root stage time estimates parallelism.
[2024-08-29T23:18:05.830+0800] 
[2024-08-29T23:18:05.830+0800] Concurrent Reset                   5892 us
[2024-08-29T23:18:05.830+0800] Pause Init Mark (G)                1172 us
[2024-08-29T23:18:05.830+0800] Pause Init Mark (N)                 106 us
[2024-08-29T23:18:05.830+0800]   Update Region States               49 us
[2024-08-29T23:18:05.830+0800] Concurrent Mark Roots               272 us, parallelism: 0.86x
[2024-08-29T23:18:05.830+0800]   CMR: <total>                      234 us
[2024-08-29T23:18:05.830+0800]   CMR: Thread Roots                 178 us, workers (us):  63, 115, ---, ---, 
[2024-08-29T23:18:05.830+0800]   CMR: VM Strong Roots                6 us, workers (us):   5,   1, ---, ---, 
[2024-08-29T23:18:05.830+0800]   CMR: CLDG Roots                    50 us, workers (us):  50, ---, ---, ---, 
[2024-08-29T23:18:05.830+0800] Concurrent Marking                 2579 us
[2024-08-29T23:18:05.830+0800] Pause Final Mark (G)                397 us
[2024-08-29T23:18:05.830+0800] Pause Final Mark (N)                316 us
[2024-08-29T23:18:05.830+0800]   Finish Mark                       139 us
[2024-08-29T23:18:05.830+0800]   Update Region States               63 us
[2024-08-29T23:18:05.830+0800]   Choose Collection Set              71 us
[2024-08-29T23:18:05.830+0800]   Rebuild Free Set                    9 us
[2024-08-29T23:18:05.830+0800] Concurrent Weak References          120 us, parallelism: 0.04x
[2024-08-29T23:18:05.830+0800]   CWRF: <total>                       4 us
[2024-08-29T23:18:05.830+0800]   CWRF: Weak References               4 us, workers (us):   4,   0, ---, ---, 
[2024-08-29T23:18:05.830+0800] Concurrent Weak Roots               487 us
[2024-08-29T23:18:05.830+0800]   Roots                             358 us, parallelism: 1.41x
[2024-08-29T23:18:05.830+0800]     CWR: <total>                    504 us
[2024-08-29T23:18:05.830+0800]     CWR: Code Cache Roots           441 us, workers (us): 205, 237, ---, ---, 
[2024-08-29T23:18:05.830+0800]     CWR: VM Weak Roots               61 us, workers (us):  41,  20, ---, ---, 
[2024-08-29T23:18:05.830+0800]     CWR: CLDG Roots                   2 us, workers (us): ---,   2, ---, ---, 
[2024-08-29T23:18:05.830+0800]   Rendezvous                         84 us
[2024-08-29T23:18:05.830+0800] Concurrent Cleanup                   91 us
[2024-08-29T23:18:05.830+0800] Concurrent Class Unloading          883 us
[2024-08-29T23:18:05.830+0800]   Unlink Stale                      694 us
[2024-08-29T23:18:05.830+0800]     System Dictionary                 3 us
[2024-08-29T23:18:05.830+0800]     Weak Class Links                  0 us
[2024-08-29T23:18:05.830+0800]     Code Roots                      690 us
[2024-08-29T23:18:05.830+0800]   Rendezvous                         69 us
[2024-08-29T23:18:05.830+0800]   Purge Unlinked                     91 us
[2024-08-29T23:18:05.830+0800]     Code Roots                       78 us
[2024-08-29T23:18:05.830+0800]     CLDG                             13 us
[2024-08-29T23:18:05.830+0800]     Exception Caches                  0 us
[2024-08-29T23:18:05.830+0800] Pause Final Roots (G)              1051 us
[2024-08-29T23:18:05.830+0800] Pause Final Roots (N)                39 us
[2024-08-29T23:18:05.830+0800] 
[2024-08-29T23:18:05.830+0800] Allocation pacing accrued:
[2024-08-29T23:18:05.830+0800]       0 of   137 ms (  0.0%): <total>
[2024-08-29T23:18:05.830+0800]       0 of   137 ms (  0.0%): <average total>
[2024-08-29T23:18:05.830+0800] 
[2024-08-29T23:18:05.830+0800] Metaspace: 1653K(1856K)->1653K(1856K) NonClass: 1533K(1664K)->1533K(1664K) Class: 119K(192K)->119K(192K)
[2024-08-29T23:18:05.830+0800] Pacer for Idle. Initial: 41943K, Alloc Tax Rate: 1.0x
[2024-08-29T23:18:05.963+0800] Trigger: Free (202M) is below minimum threshold (204M)
[2024-08-29T23:18:05.964+0800] Free: 202M, Max: 1024K regular, 109M humongous, Frag: 46% external, 3% internal; Reserve: 103M, Max: 1024K
[2024-08-29T23:18:05.964+0800] GC(167) Concurrent reset
[2024-08-29T23:18:05.964+0800] GC(167) Using 2 of 4 workers for concurrent reset
[2024-08-29T23:18:05.964+0800] GC(167) Pacer for Reset. Non-Taxable: 2048M
[2024-08-29T23:18:05.970+0800] GC(167) Concurrent reset 6.639ms
[2024-08-29T23:18:05.972+0800] GC(167) Pause Init Mark (unload classes)
[2024-08-29T23:18:05.972+0800] GC(167) Using 4 of 4 workers for init marking
[2024-08-29T23:18:05.972+0800] GC(167) Pacer for Mark. Expected Live: 1188M, Free: 172M, Non-Taxable: 17694K, Alloc Tax Rate: 8.4x
[2024-08-29T23:18:05.972+0800] GC(167) Pause Init Mark (unload classes) 0.138ms
[2024-08-29T23:18:05.972+0800] GC(167) Concurrent marking roots
[2024-08-29T23:18:05.972+0800] GC(167) Using 2 of 4 workers for concurrent marking roots
[2024-08-29T23:18:05.973+0800] GC(167) Concurrent marking roots 0.310ms
[2024-08-29T23:18:05.973+0800] GC(167) Concurrent marking (unload classes)
[2024-08-29T23:18:05.973+0800] GC(167) Using 2 of 4 workers for concurrent marking
[2024-08-29T23:18:05.974+0800] GC(167) Concurrent marking (unload classes) 1.374ms
[2024-08-29T23:18:05.975+0800] GC(167) Pause Final Mark (unload classes)
[2024-08-29T23:18:05.975+0800] GC(167) Using 4 of 4 workers for final marking
[2024-08-29T23:18:05.975+0800] GC(167) Collectable Garbage: 312M (94%), Immediate: 312M (94%), CSet: 0B (0%)
[2024-08-29T23:18:05.975+0800] GC(167) Pause Final Mark (unload classes) 0.347ms
[2024-08-29T23:18:05.975+0800] GC(167) Concurrent weak references
[2024-08-29T23:18:05.975+0800] GC(167) Using 2 of 4 workers for concurrent weak references
[2024-08-29T23:18:05.975+0800] GC(167) Encountered references: Soft: 178, Weak: 297, Final: 0, Phantom: 5
[2024-08-29T23:18:05.976+0800] GC(167) Discovered  references: Soft: 0, Weak: 142, Final: 0, Phantom: 5
[2024-08-29T23:18:05.976+0800] GC(167) Enqueued    references: Soft: 0, Weak: 0, Final: 0, Phantom: 0
[2024-08-29T23:18:05.976+0800] GC(167) Concurrent weak references 0.109ms
[2024-08-29T23:18:05.976+0800] GC(167) Concurrent weak roots
[2024-08-29T23:18:05.976+0800] GC(167) Using 2 of 4 workers for concurrent weak root
[2024-08-29T23:18:05.976+0800] GC(167) Concurrent weak roots 0.346ms
[2024-08-29T23:18:05.976+0800] GC(167) Concurrent cleanup
[2024-08-29T23:18:05.976+0800] GC(167) Concurrent cleanup 1546M->1233M(2048M) 0.085ms
[2024-08-29T23:18:05.976+0800] GC(167) Free: 522M, Max: 1024K regular, 97280K humongous, Frag: 82% external, 2% internal; Reserve: 103M, Max: 1024K
[2024-08-29T23:18:05.976+0800] GC(167) Concurrent class unloading
[2024-08-29T23:18:05.976+0800] GC(167) Using 2 of 4 workers for concurrent class unloading
[2024-08-29T23:18:05.977+0800] GC(167) Concurrent class unloading 0.927ms
[2024-08-29T23:18:05.977+0800] GC(167) Pause Final Roots
[2024-08-29T23:18:05.977+0800] GC(167) Pause Final Roots 0.019ms
[2024-08-29T23:18:05.977+0800] Free: 519M, Max: 1024K regular, 97280K humongous, Frag: 82% external, 2% internal; Reserve: 103M, Max: 1024K
[2024-08-29T23:18:05.977+0800] 
[2024-08-29T23:18:05.977+0800] All times are wall-clock times, except per-root-class counters, that are sum over
[2024-08-29T23:18:05.977+0800] all workers. Dividing the <total> over the root stage time estimates parallelism.
[2024-08-29T23:18:05.977+0800] 
[2024-08-29T23:18:05.977+0800] Concurrent Reset                   6875 us
[2024-08-29T23:18:05.977+0800] Pause Init Mark (G)                1787 us
[2024-08-29T23:18:05.977+0800] Pause Init Mark (N)                 146 us
[2024-08-29T23:18:05.977+0800]   Update Region States               75 us
[2024-08-29T23:18:05.977+0800] Concurrent Mark Roots               326 us, parallelism: 0.90x
[2024-08-29T23:18:05.977+0800]   CMR: <total>                      294 us
[2024-08-29T23:18:05.977+0800]   CMR: Thread Roots                 203 us, workers (us):  88, 115, ---, ---, 
[2024-08-29T23:18:05.977+0800]   CMR: VM Strong Roots                7 us, workers (us):   6,   1, ---, ---, 
[2024-08-29T23:18:05.977+0800]   CMR: CLDG Roots                    83 us, workers (us):  83, ---, ---, ---, 
[2024-08-29T23:18:05.977+0800] Concurrent Marking                 1392 us
[2024-08-29T23:18:05.977+0800] Pause Final Mark (G)               1425 us
[2024-08-29T23:18:05.977+0800] Pause Final Mark (N)                356 us
[2024-08-29T23:18:05.977+0800]   Finish Mark                       175 us
[2024-08-29T23:18:05.977+0800]   Update Region States               61 us
[2024-08-29T23:18:05.977+0800]   Choose Collection Set              70 us
[2024-08-29T23:18:05.977+0800]   Rebuild Free Set                    9 us
[2024-08-29T23:18:05.977+0800] Concurrent Weak References          117 us, parallelism: 0.04x
[2024-08-29T23:18:05.977+0800]   CWRF: <total>                       4 us
[2024-08-29T23:18:05.977+0800]   CWRF: Weak References               4 us, workers (us):   4,   0, ---, ---, 
[2024-08-29T23:18:05.977+0800] Concurrent Weak Roots               360 us
[2024-08-29T23:18:05.977+0800]   Roots                             268 us, parallelism: 1.38x
[2024-08-29T23:18:05.977+0800]     CWR: <total>                    370 us
[2024-08-29T23:18:05.977+0800]     CWR: Code Cache Roots           318 us, workers (us): 149, 168, ---, ---, 
[2024-08-29T23:18:05.977+0800]     CWR: VM Weak Roots               50 us, workers (us):  30,  20, ---, ---, 
[2024-08-29T23:18:05.977+0800]     CWR: CLDG Roots                   2 us, workers (us): ---,   2, ---, ---, 
[2024-08-29T23:18:05.977+0800]   Rendezvous                         64 us
[2024-08-29T23:18:05.977+0800] Concurrent Cleanup                   95 us
[2024-08-29T23:18:05.977+0800] Concurrent Class Unloading          945 us
[2024-08-29T23:18:05.977+0800]   Unlink Stale                      756 us
[2024-08-29T23:18:05.977+0800]     System Dictionary                 3 us
[2024-08-29T23:18:05.977+0800]     Weak Class Links                  0 us
[2024-08-29T23:18:05.977+0800]     Code Roots                      753 us
[2024-08-29T23:18:05.977+0800]   Rendezvous                         62 us
[2024-08-29T23:18:05.977+0800]   Purge Unlinked                     97 us
[2024-08-29T23:18:05.977+0800]     Code Roots                       82 us
[2024-08-29T23:18:05.977+0800]     CLDG                             14 us
[2024-08-29T23:18:05.977+0800]     Exception Caches                  0 us
[2024-08-29T23:18:05.977+0800] Pause Final Roots (G)               113 us
[2024-08-29T23:18:05.977+0800] Pause Final Roots (N)                28 us
[2024-08-29T23:18:05.977+0800] 
[2024-08-29T23:18:05.977+0800] Allocation pacing accrued:
[2024-08-29T23:18:05.977+0800]       0 of   147 ms (  0.0%): <total>
[2024-08-29T23:18:05.977+0800]       0 of   147 ms (  0.0%): <average total>
[2024-08-29T23:18:05.977+0800] 
[2024-08-29T23:18:05.977+0800] Metaspace: 1653K(1856K)->1653K(1856K) NonClass: 1533K(1664K)->1533K(1664K) Class: 119K(192K)->119K(192K)
[2024-08-29T23:18:05.977+0800] Pacer for Idle. Initial: 41943K, Alloc Tax Rate: 1.0x
[2024-08-29T23:18:06.105+0800] Trigger: Free (202M) is below minimum threshold (204M)
[2024-08-29T23:18:06.105+0800] Free: 202M, Max: 1024K regular, 97280K humongous, Frag: 53% external, 5% internal; Reserve: 103M, Max: 1024K
[2024-08-29T23:18:06.105+0800] GC(168) Concurrent reset
[2024-08-29T23:18:06.105+0800] GC(168) Using 2 of 4 workers for concurrent reset
[2024-08-29T23:18:06.105+0800] GC(168) Pacer for Reset. Non-Taxable: 2048M
[2024-08-29T23:18:06.111+0800] GC(168) Concurrent reset 5.919ms
[2024-08-29T23:18:06.112+0800] GC(168) Pause Init Mark (unload classes)
[2024-08-29T23:18:06.112+0800] GC(168) Using 4 of 4 workers for init marking
[2024-08-29T23:18:06.112+0800] GC(168) Pacer for Mark. Expected Live: 1202M, Free: 188M, Non-Taxable: 19309K, Alloc Tax Rate: 7.8x
[2024-08-29T23:18:06.112+0800] GC(168) Pause Init Mark (unload classes) 0.095ms
[2024-08-29T23:18:06.112+0800] GC(168) Concurrent marking roots
[2024-08-29T23:18:06.112+0800] GC(168) Using 2 of 4 workers for concurrent marking roots
[2024-08-29T23:18:06.112+0800] GC(168) Concurrent marking roots 0.188ms
[2024-08-29T23:18:06.112+0800] GC(168) Concurrent marking (unload classes)
[2024-08-29T23:18:06.112+0800] GC(168) Using 2 of 4 workers for concurrent marking
[2024-08-29T23:18:06.114+0800] GC(168) Concurrent marking (unload classes) 1.865ms
[2024-08-29T23:18:06.114+0800] GC(168) Pause Final Mark (unload classes)
[2024-08-29T23:18:06.114+0800] GC(168) Using 4 of 4 workers for final marking
[2024-08-29T23:18:06.115+0800] GC(168) Collectable Garbage: 289M (94%), Immediate: 289M (94%), CSet: 0B (0%)
[2024-08-29T23:18:06.115+0800] GC(168) Pause Final Mark (unload classes) 0.239ms
[2024-08-29T23:18:06.115+0800] GC(168) Concurrent weak references
[2024-08-29T23:18:06.115+0800] GC(168) Using 2 of 4 workers for concurrent weak references
[2024-08-29T23:18:06.115+0800] GC(168) Encountered references: Soft: 178, Weak: 297, Final: 0, Phantom: 5
[2024-08-29T23:18:06.115+0800] GC(168) Discovered  references: Soft: 0, Weak: 113, Final: 0, Phantom: 5
[2024-08-29T23:18:06.115+0800] GC(168) Enqueued    references: Soft: 0, Weak: 0, Final: 0, Phantom: 0
[2024-08-29T23:18:06.115+0800] GC(168) Concurrent weak references 0.086ms
[2024-08-29T23:18:06.115+0800] GC(168) Concurrent weak roots
[2024-08-29T23:18:06.115+0800] GC(168) Using 2 of 4 workers for concurrent weak root
[2024-08-29T23:18:06.115+0800] GC(168) Concurrent weak roots 0.307ms
[2024-08-29T23:18:06.115+0800] GC(168) Concurrent cleanup
[2024-08-29T23:18:06.115+0800] GC(168) Concurrent cleanup 1521M->1232M(2048M) 0.055ms
[2024-08-29T23:18:06.115+0800] GC(168) Free: 518M, Max: 1024K regular, 97280K humongous, Frag: 82% external, 1% internal; Reserve: 103M, Max: 1024K
[2024-08-29T23:18:06.115+0800] GC(168) Concurrent class unloading
[2024-08-29T23:18:06.115+0800] GC(168) Using 2 of 4 workers for concurrent class unloading
[2024-08-29T23:18:06.116+0800] GC(168) Concurrent class unloading 0.662ms
[2024-08-29T23:18:06.116+0800] GC(168) Pause Final Roots
[2024-08-29T23:18:06.116+0800] GC(168) Pause Final Roots 0.030ms
[2024-08-29T23:18:06.116+0800] Free: 514M, Max: 1024K regular, 97280K humongous, Frag: 82% external, 2% internal; Reserve: 103M, Max: 1024K
[2024-08-29T23:18:06.116+0800] 
[2024-08-29T23:18:06.116+0800] All times are wall-clock times, except per-root-class counters, that are sum over
[2024-08-29T23:18:06.116+0800] all workers. Dividing the <total> over the root stage time estimates parallelism.
[2024-08-29T23:18:06.116+0800] 
[2024-08-29T23:18:06.116+0800] Concurrent Reset                   6022 us
[2024-08-29T23:18:06.116+0800] Pause Init Mark (G)                1008 us
[2024-08-29T23:18:06.116+0800] Pause Init Mark (N)                 101 us
[2024-08-29T23:18:06.116+0800]   Update Region States               48 us
[2024-08-29T23:18:06.116+0800] Concurrent Mark Roots               205 us, parallelism: 0.83x
[2024-08-29T23:18:06.116+0800]   CMR: <total>                      171 us
[2024-08-29T23:18:06.116+0800]   CMR: Thread Roots                 137 us, workers (us):  56,  81, ---, ---, 
[2024-08-29T23:18:06.116+0800]   CMR: VM Strong Roots                4 us, workers (us):   3,   0, ---, ---, 
[2024-08-29T23:18:06.116+0800]   CMR: CLDG Roots                    30 us, workers (us):  30, ---, ---, ---, 
[2024-08-29T23:18:06.116+0800] Concurrent Marking                 1882 us
[2024-08-29T23:18:06.116+0800] Pause Final Mark (G)                312 us
[2024-08-29T23:18:06.116+0800] Pause Final Mark (N)                245 us
[2024-08-29T23:18:06.116+0800]   Finish Mark                       100 us
[2024-08-29T23:18:06.116+0800]   Update Region States               43 us
[2024-08-29T23:18:06.116+0800]   Choose Collection Set              65 us
[2024-08-29T23:18:06.116+0800]   Rebuild Free Set                    8 us
[2024-08-29T23:18:06.116+0800] Concurrent Weak References           91 us, parallelism: 0.04x
[2024-08-29T23:18:06.116+0800]   CWRF: <total>                       4 us
[2024-08-29T23:18:06.116+0800]   CWRF: Weak References               4 us, workers (us):   4,   0, ---, ---, 
[2024-08-29T23:18:06.116+0800] Concurrent Weak Roots               317 us
[2024-08-29T23:18:06.116+0800]   Roots                             230 us, parallelism: 1.48x
[2024-08-29T23:18:06.116+0800]     CWR: <total>                    342 us
[2024-08-29T23:18:06.116+0800]     CWR: Code Cache Roots           293 us, workers (us): 146, 147, ---, ---, 
[2024-08-29T23:18:06.116+0800]     CWR: VM Weak Roots               47 us, workers (us):  28,  19, ---, ---, 
[2024-08-29T23:18:06.116+0800]     CWR: CLDG Roots                   2 us, workers (us):   2, ---, ---, ---, 
[2024-08-29T23:18:06.116+0800]   Rendezvous                         55 us
[2024-08-29T23:18:06.116+0800] Concurrent Cleanup                   61 us
[2024-08-29T23:18:06.116+0800] Concurrent Class Unloading          674 us
[2024-08-29T23:18:06.116+0800]   Unlink Stale                      546 us
[2024-08-29T23:18:06.116+0800]     System Dictionary                 2 us
[2024-08-29T23:18:06.116+0800]     Weak Class Links                  0 us
[2024-08-29T23:18:06.116+0800]     Code Roots                      543 us
[2024-08-29T23:18:06.116+0800]   Rendezvous                         48 us
[2024-08-29T23:18:06.116+0800]   Purge Unlinked                     59 us
[2024-08-29T23:18:06.116+0800]     Code Roots                       49 us
[2024-08-29T23:18:06.116+0800]     CLDG                             10 us
[2024-08-29T23:18:06.116+0800]     Exception Caches                  0 us
[2024-08-29T23:18:06.116+0800] Pause Final Roots (G)               359 us
[2024-08-29T23:18:06.116+0800] Pause Final Roots (N)                38 us
[2024-08-29T23:18:06.116+0800] 
[2024-08-29T23:18:06.116+0800] Allocation pacing accrued:
[2024-08-29T23:18:06.116+0800]       0 of   139 ms (  0.0%): <total>
[2024-08-29T23:18:06.116+0800]       0 of   139 ms (  0.0%): <average total>
[2024-08-29T23:18:06.116+0800] 
[2024-08-29T23:18:06.116+0800] Metaspace: 1653K(1856K)->1653K(1856K) NonClass: 1533K(1664K)->1533K(1664K) Class: 119K(192K)->119K(192K)
[2024-08-29T23:18:06.116+0800] Pacer for Idle. Initial: 41943K, Alloc Tax Rate: 1.0x
[2024-08-29T23:18:06.239+0800] Trigger: Free (195M) is below minimum threshold (204M)
[2024-08-29T23:18:06.239+0800] Free: 195M, Max: 1024K regular, 97280K humongous, Frag: 52% external, 1% internal; Reserve: 103M, Max: 1024K
[2024-08-29T23:18:06.239+0800] GC(169) Concurrent reset
[2024-08-29T23:18:06.239+0800] GC(169) Using 2 of 4 workers for concurrent reset
[2024-08-29T23:18:06.239+0800] GC(169) Pacer for Reset. Non-Taxable: 2048M
[2024-08-29T23:18:06.245+0800] GC(169) Concurrent reset 6.085ms
[2024-08-29T23:18:06.247+0800] GC(169) Pause Init Mark (unload classes)
[2024-08-29T23:18:06.247+0800] GC(169) Using 4 of 4 workers for init marking
[2024-08-29T23:18:06.247+0800] GC(169) Pacer for Mark. Expected Live: 1206M, Free: 171M, Non-Taxable: 17559K, Alloc Tax Rate: 8.6x
[2024-08-29T23:18:06.247+0800] GC(169) Pause Init Mark (unload classes) 0.146ms
[2024-08-29T23:18:06.247+0800] GC(169) Concurrent marking roots
[2024-08-29T23:18:06.247+0800] GC(169) Using 2 of 4 workers for concurrent marking roots
[2024-08-29T23:18:06.248+0800] GC(169) Concurrent marking roots 0.292ms
[2024-08-29T23:18:06.248+0800] GC(169) Concurrent marking (unload classes)
[2024-08-29T23:18:06.248+0800] GC(169) Using 2 of 4 workers for concurrent marking
[2024-08-29T23:18:06.249+0800] GC(169) Concurrent marking (unload classes) 1.457ms
[2024-08-29T23:18:06.250+0800] GC(169) Pause Final Mark (unload classes)
[2024-08-29T23:18:06.250+0800] GC(169) Using 4 of 4 workers for final marking
[2024-08-29T23:18:06.250+0800] GC(169) Collectable Garbage: 272M (93%), Immediate: 272M (93%), CSet: 0B (0%)
[2024-08-29T23:18:06.250+0800] GC(169) Pause Final Mark (unload classes) 0.266ms
[2024-08-29T23:18:06.250+0800] GC(169) Concurrent weak references
[2024-08-29T23:18:06.250+0800] GC(169) Using 2 of 4 workers for concurrent weak references
[2024-08-29T23:18:06.251+0800] GC(169) Encountered references: Soft: 178, Weak: 297, Final: 0, Phantom: 5
[2024-08-29T23:18:06.251+0800] GC(169) Discovered  references: Soft: 0, Weak: 142, Final: 0, Phantom: 5
[2024-08-29T23:18:06.251+0800] GC(169) Enqueued    references: Soft: 0, Weak: 0, Final: 0, Phantom: 0
[2024-08-29T23:18:06.251+0800] GC(169) Concurrent weak references 0.099ms
[2024-08-29T23:18:06.251+0800] GC(169) Concurrent weak roots
[2024-08-29T23:18:06.251+0800] GC(169) Using 2 of 4 workers for concurrent weak root
[2024-08-29T23:18:06.251+0800] GC(169) Concurrent weak roots 0.309ms
[2024-08-29T23:18:06.251+0800] GC(169) Concurrent cleanup
[2024-08-29T23:18:06.251+0800] GC(169) Concurrent cleanup 1533M->1260M(2048M) 0.056ms
[2024-08-29T23:18:06.251+0800] GC(169) Free: 488M, Max: 1024K regular, 97280K humongous, Frag: 81% external, 0% internal; Reserve: 103M, Max: 1024K
[2024-08-29T23:18:06.251+0800] GC(169) Concurrent class unloading
[2024-08-29T23:18:06.251+0800] GC(169) Using 2 of 4 workers for concurrent class unloading
[2024-08-29T23:18:06.252+0800] GC(169) Concurrent class unloading 0.674ms
[2024-08-29T23:18:06.252+0800] GC(169) Pause Final Roots
[2024-08-29T23:18:06.252+0800] GC(169) Pause Final Roots 0.015ms
[2024-08-29T23:18:06.252+0800] Free: 488M, Max: 1024K regular, 97280K humongous, Frag: 81% external, 0% internal; Reserve: 103M, Max: 1024K
[2024-08-29T23:18:06.252+0800] 
[2024-08-29T23:18:06.252+0800] All times are wall-clock times, except per-root-class counters, that are sum over
[2024-08-29T23:18:06.252+0800] all workers. Dividing the <total> over the root stage time estimates parallelism.
[2024-08-29T23:18:06.252+0800] 
[2024-08-29T23:18:06.252+0800] Concurrent Reset                   6222 us
[2024-08-29T23:18:06.252+0800] Pause Init Mark (G)                1967 us
[2024-08-29T23:18:06.252+0800] Pause Init Mark (N)                 154 us
[2024-08-29T23:18:06.252+0800]   Update Region States               65 us
[2024-08-29T23:18:06.252+0800] Concurrent Mark Roots               305 us, parallelism: 1.14x
[2024-08-29T23:18:06.252+0800]   CMR: <total>                      349 us
[2024-08-29T23:18:06.252+0800]   CMR: Thread Roots                 204 us, workers (us): 169,  35, ---, ---, 
[2024-08-29T23:18:06.252+0800]   CMR: VM Strong Roots               10 us, workers (us):  10,   1, ---, ---, 
[2024-08-29T23:18:06.252+0800]   CMR: CLDG Roots                   135 us, workers (us): ---, 135, ---, ---, 
[2024-08-29T23:18:06.252+0800] Concurrent Marking                 1477 us
[2024-08-29T23:18:06.252+0800] Pause Final Mark (G)               1211 us
[2024-08-29T23:18:06.252+0800] Pause Final Mark (N)                272 us
[2024-08-29T23:18:06.252+0800]   Finish Mark                       133 us
[2024-08-29T23:18:06.252+0800]   Update Region States               42 us
[2024-08-29T23:18:06.252+0800]   Choose Collection Set              57 us
[2024-08-29T23:18:06.252+0800]   Rebuild Free Set                    7 us
[2024-08-29T23:18:06.252+0800] Concurrent Weak References          104 us, parallelism: 0.05x
[2024-08-29T23:18:06.252+0800]   CWRF: <total>                       5 us
[2024-08-29T23:18:06.252+0800]   CWRF: Weak References               5 us, workers (us):   5,   0, ---, ---, 
[2024-08-29T23:18:06.252+0800] Concurrent Weak Roots               320 us
[2024-08-29T23:18:06.252+0800]   Roots                             244 us, parallelism: 1.37x
[2024-08-29T23:18:06.252+0800]     CWR: <total>                    335 us
[2024-08-29T23:18:06.252+0800]     CWR: Code Cache Roots           272 us, workers (us): 127, 145, ---, ---, 
[2024-08-29T23:18:06.252+0800]     CWR: VM Weak Roots               60 us, workers (us):  43,  18, ---, ---, 
[2024-08-29T23:18:06.252+0800]     CWR: CLDG Roots                   3 us, workers (us):   3, ---, ---, ---, 
[2024-08-29T23:18:06.252+0800]   Rendezvous                         55 us
[2024-08-29T23:18:06.252+0800] Concurrent Cleanup                   62 us
[2024-08-29T23:18:06.252+0800] Concurrent Class Unloading          687 us
[2024-08-29T23:18:06.252+0800]   Unlink Stale                      544 us
[2024-08-29T23:18:06.252+0800]     System Dictionary                 2 us
[2024-08-29T23:18:06.252+0800]     Weak Class Links                  0 us
[2024-08-29T23:18:06.252+0800]     Code Roots                      541 us
[2024-08-29T23:18:06.252+0800]   Rendezvous                         54 us
[2024-08-29T23:18:06.252+0800]   Purge Unlinked                     65 us
[2024-08-29T23:18:06.252+0800]     Code Roots                       54 us
[2024-08-29T23:18:06.252+0800]     CLDG                             11 us
[2024-08-29T23:18:06.252+0800]     Exception Caches                  0 us
[2024-08-29T23:18:06.252+0800] Pause Final Roots (G)                83 us
[2024-08-29T23:18:06.252+0800] Pause Final Roots (N)                22 us
[2024-08-29T23:18:06.252+0800] 
[2024-08-29T23:18:06.252+0800] Allocation pacing accrued:
[2024-08-29T23:18:06.252+0800]       0 of   136 ms (  0.0%): <total>
[2024-08-29T23:18:06.252+0800]       0 of   136 ms (  0.0%): <average total>
[2024-08-29T23:18:06.252+0800] 
[2024-08-29T23:18:06.252+0800] Metaspace: 1653K(1856K)->1653K(1856K) NonClass: 1533K(1664K)->1533K(1664K) Class: 119K(192K)->119K(192K)
[2024-08-29T23:18:06.252+0800] Pacer for Idle. Initial: 41943K, Alloc Tax Rate: 1.0x
[2024-08-29T23:18:06.375+0800] Trigger: Free (201M) is below minimum threshold (204M)
[2024-08-29T23:18:06.376+0800] Free: 201M, Max: 1024K regular, 97280K humongous, Frag: 53% external, 0% internal; Reserve: 103M, Max: 1024K
[2024-08-29T23:18:06.376+0800] GC(170) Concurrent reset
[2024-08-29T23:18:06.376+0800] GC(170) Using 2 of 4 workers for concurrent reset
[2024-08-29T23:18:06.376+0800] GC(170) Pacer for Reset. Non-Taxable: 2048M
[2024-08-29T23:18:06.383+0800] GC(170) Concurrent reset 7.179ms
[2024-08-29T23:18:06.384+0800] GC(170) Pause Init Mark (unload classes)
[2024-08-29T23:18:06.384+0800] GC(170) Using 4 of 4 workers for init marking
[2024-08-29T23:18:06.384+0800] GC(170) Pacer for Mark. Expected Live: 1215M, Free: 183M, Non-Taxable: 18747K, Alloc Tax Rate: 8.1x
[2024-08-29T23:18:06.384+0800] GC(170) Pause Init Mark (unload classes) 0.115ms
[2024-08-29T23:18:06.384+0800] GC(170) Concurrent marking roots
[2024-08-29T23:18:06.384+0800] GC(170) Using 2 of 4 workers for concurrent marking roots
[2024-08-29T23:18:06.385+0800] GC(170) Concurrent marking roots 0.231ms
[2024-08-29T23:18:06.385+0800] GC(170) Concurrent marking (unload classes)
[2024-08-29T23:18:06.385+0800] GC(170) Using 2 of 4 workers for concurrent marking
[2024-08-29T23:18:06.386+0800] GC(170) Concurrent marking (unload classes) 1.727ms
[2024-08-29T23:18:06.386+0800] GC(170) Pause Final Mark (unload classes)
[2024-08-29T23:18:06.386+0800] GC(170) Using 4 of 4 workers for final marking
[2024-08-29T23:18:06.387+0800] GC(170) Collectable Garbage: 279M (93%), Immediate: 279M (93%), CSet: 0B (0%)
[2024-08-29T23:18:06.387+0800] GC(170) Pause Final Mark (unload classes) 0.246ms
[2024-08-29T23:18:06.387+0800] GC(170) Concurrent weak references
[2024-08-29T23:18:06.387+0800] GC(170) Using 2 of 4 workers for concurrent weak references
[2024-08-29T23:18:06.387+0800] GC(170) Encountered references: Soft: 178, Weak: 297, Final: 0, Phantom: 5
[2024-08-29T23:18:06.387+0800] GC(170) Discovered  references: Soft: 0, Weak: 124, Final: 0, Phantom: 3
[2024-08-29T23:18:06.387+0800] GC(170) Enqueued    references: Soft: 0, Weak: 0, Final: 0, Phantom: 0
[2024-08-29T23:18:06.387+0800] GC(170) Concurrent weak references 0.121ms
[2024-08-29T23:18:06.387+0800] GC(170) Concurrent weak roots
[2024-08-29T23:18:06.387+0800] GC(170) Using 2 of 4 workers for concurrent weak root
[2024-08-29T23:18:06.387+0800] GC(170) Concurrent weak roots 0.255ms
[2024-08-29T23:18:06.387+0800] GC(170) Concurrent cleanup
[2024-08-29T23:18:06.387+0800] GC(170) Concurrent cleanup 1526M->1246M(2048M) 0.070ms
[2024-08-29T23:18:06.387+0800] GC(170) Free: 506M, Max: 1024K regular, 97280K humongous, Frag: 82% external, 1% internal; Reserve: 103M, Max: 1024K
[2024-08-29T23:18:06.387+0800] GC(170) Concurrent class unloading
[2024-08-29T23:18:06.387+0800] GC(170) Using 2 of 4 workers for concurrent class unloading
[2024-08-29T23:18:06.388+0800] GC(170) Concurrent class unloading 0.658ms
[2024-08-29T23:18:06.388+0800] GC(170) Pause Final Roots
[2024-08-29T23:18:06.388+0800] GC(170) Pause Final Roots 0.012ms
[2024-08-29T23:18:06.388+0800] Free: 506M, Max: 1024K regular, 97280K humongous, Frag: 82% external, 1% internal; Reserve: 103M, Max: 1024K
[2024-08-29T23:18:06.388+0800] 
[2024-08-29T23:18:06.388+0800] All times are wall-clock times, except per-root-class counters, that are sum over
[2024-08-29T23:18:06.388+0800] all workers. Dividing the <total> over the root stage time estimates parallelism.
[2024-08-29T23:18:06.388+0800] 
[2024-08-29T23:18:06.388+0800] Concurrent Reset                   7293 us
[2024-08-29T23:18:06.388+0800] Pause Init Mark (G)                1358 us
[2024-08-29T23:18:06.388+0800] Pause Init Mark (N)                 121 us
[2024-08-29T23:18:06.388+0800]   Update Region States               57 us
[2024-08-29T23:18:06.388+0800] Concurrent Mark Roots               241 us, parallelism: 0.86x
[2024-08-29T23:18:06.388+0800]   CMR: <total>                      208 us
[2024-08-29T23:18:06.388+0800]   CMR: Thread Roots                 152 us, workers (us):  54,  98, ---, ---, 
[2024-08-29T23:18:06.388+0800]   CMR: VM Strong Roots                5 us, workers (us):   5,   0, ---, ---, 
[2024-08-29T23:18:06.388+0800]   CMR: CLDG Roots                    51 us, workers (us):  51, ---, ---, ---, 
[2024-08-29T23:18:06.388+0800] Concurrent Marking                 1779 us
[2024-08-29T23:18:06.388+0800] Pause Final Mark (G)                324 us
[2024-08-29T23:18:06.388+0800] Pause Final Mark (N)                253 us
[2024-08-29T23:18:06.388+0800]   Finish Mark                       102 us
[2024-08-29T23:18:06.388+0800]   Update Region States               47 us
[2024-08-29T23:18:06.388+0800]   Choose Collection Set              58 us
[2024-08-29T23:18:06.388+0800]   Rebuild Free Set                    7 us
[2024-08-29T23:18:06.388+0800] Concurrent Weak References          126 us, parallelism: 0.03x
[2024-08-29T23:18:06.388+0800]   CWRF: <total>                       4 us
[2024-08-29T23:18:06.388+0800]   CWRF: Weak References               4 us, workers (us):   4,   0, ---, ---, 
[2024-08-29T23:18:06.388+0800] Concurrent Weak Roots               264 us
[2024-08-29T23:18:06.388+0800]   Roots                             196 us, parallelism: 1.43x
[2024-08-29T23:18:06.388+0800]     CWR: <total>                    281 us
[2024-08-29T23:18:06.388+0800]     CWR: Code Cache Roots           239 us, workers (us): 121, 118, ---, ---, 
[2024-08-29T23:18:06.388+0800]     CWR: VM Weak Roots               41 us, workers (us):  24,  16, ---, ---, 
[2024-08-29T23:18:06.388+0800]     CWR: CLDG Roots                   2 us, workers (us): ---,   2, ---, ---, 
[2024-08-29T23:18:06.388+0800]   Rendezvous                         49 us
[2024-08-29T23:18:06.388+0800] Concurrent Cleanup                   78 us
[2024-08-29T23:18:06.388+0800] Concurrent Class Unloading          672 us
[2024-08-29T23:18:06.388+0800]   Unlink Stale                      525 us
[2024-08-29T23:18:06.388+0800]     System Dictionary                 2 us
[2024-08-29T23:18:06.388+0800]     Weak Class Links                  0 us
[2024-08-29T23:18:06.388+0800]     Code Roots                      522 us
[2024-08-29T23:18:06.388+0800]   Rendezvous                         53 us
[2024-08-29T23:18:06.388+0800]   Purge Unlinked                     71 us
[2024-08-29T23:18:06.388+0800]     Code Roots                       61 us
[2024-08-29T23:18:06.388+0800]     CLDG                             10 us
[2024-08-29T23:18:06.388+0800]     Exception Caches                  0 us
[2024-08-29T23:18:06.388+0800] Pause Final Roots (G)                74 us
[2024-08-29T23:18:06.388+0800] Pause Final Roots (N)                18 us
[2024-08-29T23:18:06.388+0800] 
[2024-08-29T23:18:06.388+0800] Allocation pacing accrued:
[2024-08-29T23:18:06.388+0800]       0 of   136 ms (  0.0%): <total>
[2024-08-29T23:18:06.388+0800]       0 of   136 ms (  0.0%): <average total>
[2024-08-29T23:18:06.388+0800] 
[2024-08-29T23:18:06.388+0800] Metaspace: 1653K(1856K)->1653K(1856K) NonClass: 1533K(1664K)->1533K(1664K) Class: 119K(192K)->119K(192K)
[2024-08-29T23:18:06.388+0800] Pacer for Idle. Initial: 41943K, Alloc Tax Rate: 1.0x
[2024-08-29T23:18:06.517+0800] Trigger: Free (200M) is below minimum threshold (204M)
[2024-08-29T23:18:06.517+0800] Free: 196M, Max: 1024K regular, 97280K humongous, Frag: 52% external, 0% internal; Reserve: 103M, Max: 1024K
[2024-08-29T23:18:06.517+0800] GC(171) Concurrent reset
[2024-08-29T23:18:06.517+0800] GC(171) Using 2 of 4 workers for concurrent reset
[2024-08-29T23:18:06.517+0800] GC(171) Pacer for Reset. Non-Taxable: 2048M
[2024-08-29T23:18:06.524+0800] GC(171) Concurrent reset 6.775ms
[2024-08-29T23:18:06.524+0800] GC(171) Pause Init Mark (unload classes)
[2024-08-29T23:18:06.524+0800] GC(171) Using 4 of 4 workers for init marking
[2024-08-29T23:18:06.524+0800] GC(171) Pacer for Mark. Expected Live: 1217M, Free: 182M, Non-Taxable: 18644K, Alloc Tax Rate: 8.2x
[2024-08-29T23:18:06.524+0800] GC(171) Pause Init Mark (unload classes) 0.137ms
[2024-08-29T23:18:06.524+0800] GC(171) Concurrent marking roots
[2024-08-29T23:18:06.524+0800] GC(171) Using 2 of 4 workers for concurrent marking roots
[2024-08-29T23:18:06.525+0800] GC(171) Concurrent marking roots 0.212ms
[2024-08-29T23:18:06.525+0800] GC(171) Concurrent marking (unload classes)
[2024-08-29T23:18:06.525+0800] GC(171) Using 2 of 4 workers for concurrent marking
[2024-08-29T23:18:06.527+0800] GC(171) Concurrent marking (unload classes) 1.956ms
[2024-08-29T23:18:06.527+0800] GC(171) Pause Final Mark (unload classes)
[2024-08-29T23:18:06.527+0800] GC(171) Using 4 of 4 workers for final marking
[2024-08-29T23:18:06.527+0800] GC(171) Collectable Garbage: 301M (94%), Immediate: 301M (94%), CSet: 0B (0%)
[2024-08-29T23:18:06.527+0800] GC(171) Pause Final Mark (unload classes) 0.284ms
[2024-08-29T23:18:06.527+0800] GC(171) Concurrent weak references
[2024-08-29T23:18:06.527+0800] GC(171) Using 2 of 4 workers for concurrent weak references
[2024-08-29T23:18:06.527+0800] GC(171) Encountered references: Soft: 178, Weak: 297, Final: 0, Phantom: 5
[2024-08-29T23:18:06.527+0800] GC(171) Discovered  references: Soft: 0, Weak: 113, Final: 0, Phantom: 3
[2024-08-29T23:18:06.527+0800] GC(171) Enqueued    references: Soft: 0, Weak: 0, Final: 0, Phantom: 0
[2024-08-29T23:18:06.527+0800] GC(171) Concurrent weak references 0.127ms
[2024-08-29T23:18:06.527+0800] GC(171) Concurrent weak roots
[2024-08-29T23:18:06.527+0800] GC(171) Using 2 of 4 workers for concurrent weak root
[2024-08-29T23:18:06.527+0800] GC(171) Concurrent weak roots 0.303ms
[2024-08-29T23:18:06.528+0800] GC(171) Concurrent cleanup
[2024-08-29T23:18:06.528+0800] GC(171) Concurrent cleanup 1531M->1230M(2048M) 0.067ms
[2024-08-29T23:18:06.528+0800] GC(171) Free: 528M, Max: 1024K regular, 97280K humongous, Frag: 82% external, 2% internal; Reserve: 103M, Max: 1024K
[2024-08-29T23:18:06.528+0800] GC(171) Concurrent class unloading
[2024-08-29T23:18:06.528+0800] GC(171) Using 2 of 4 workers for concurrent class unloading
[2024-08-29T23:18:06.529+0800] GC(171) Concurrent class unloading 1.486ms
[2024-08-29T23:18:06.530+0800] GC(171) Pause Final Roots
[2024-08-29T23:18:06.530+0800] GC(171) Pause Final Roots 0.021ms
[2024-08-29T23:18:06.530+0800] Free: 507M, Max: 1024K regular, 97280K humongous, Frag: 82% external, 2% internal; Reserve: 103M, Max: 1024K
[2024-08-29T23:18:06.530+0800] 
[2024-08-29T23:18:06.530+0800] All times are wall-clock times, except per-root-class counters, that are sum over
[2024-08-29T23:18:06.530+0800] all workers. Dividing the <total> over the root stage time estimates parallelism.
[2024-08-29T23:18:06.530+0800] 
[2024-08-29T23:18:06.530+0800] Concurrent Reset                   6856 us
[2024-08-29T23:18:06.530+0800] Pause Init Mark (G)                 251 us
[2024-08-29T23:18:06.530+0800] Pause Init Mark (N)                 144 us
[2024-08-29T23:18:06.530+0800]   Update Region States               92 us
[2024-08-29T23:18:06.530+0800] Concurrent Mark Roots               223 us, parallelism: 1.04x
[2024-08-29T23:18:06.530+0800]   CMR: <total>                      232 us
[2024-08-29T23:18:06.530+0800]   CMR: Thread Roots                 156 us, workers (us):  48, 108, ---, ---, 
[2024-08-29T23:18:06.530+0800]   CMR: VM Strong Roots                5 us, workers (us):   5,   0, ---, ---, 
[2024-08-29T23:18:06.530+0800]   CMR: CLDG Roots                    70 us, workers (us):  70, ---, ---, ---, 
[2024-08-29T23:18:06.530+0800] Concurrent Marking                 1996 us
[2024-08-29T23:18:06.530+0800] Pause Final Mark (G)                361 us
[2024-08-29T23:18:06.530+0800] Pause Final Mark (N)                292 us
[2024-08-29T23:18:06.530+0800]   Finish Mark                       134 us
[2024-08-29T23:18:06.530+0800]   Update Region States               43 us
[2024-08-29T23:18:06.530+0800]   Choose Collection Set              69 us
[2024-08-29T23:18:06.530+0800]   Rebuild Free Set                    9 us
[2024-08-29T23:18:06.530+0800] Concurrent Weak References          133 us, parallelism: 0.02x
[2024-08-29T23:18:06.530+0800]   CWRF: <total>                       3 us
[2024-08-29T23:18:06.530+0800]   CWRF: Weak References               3 us, workers (us):   3,   0, ---, ---, 
[2024-08-29T23:18:06.530+0800] Concurrent Weak Roots               318 us
[2024-08-29T23:18:06.530+0800]   Roots                             227 us, parallelism: 1.31x
[2024-08-29T23:18:06.530+0800]     CWR: <total>                    297 us
[2024-08-29T23:18:06.531+0800]     CWR: Code Cache Roots           251 us, workers (us): 115, 136, ---, ---, 
[2024-08-29T23:18:06.531+0800]     CWR: VM Weak Roots               44 us, workers (us):  27,  17, ---, ---, 
[2024-08-29T23:18:06.531+0800]     CWR: CLDG Roots                   2 us, workers (us):   2, ---, ---, ---, 
[2024-08-29T23:18:06.531+0800]   Rendezvous                         65 us
[2024-08-29T23:18:06.531+0800] Concurrent Cleanup                   73 us
[2024-08-29T23:18:06.531+0800] Concurrent Class Unloading         1506 us
[2024-08-29T23:18:06.531+0800]   Unlink Stale                      652 us
[2024-08-29T23:18:06.531+0800]     System Dictionary                 2 us
[2024-08-29T23:18:06.531+0800]     Weak Class Links                  0 us
[2024-08-29T23:18:06.531+0800]     Code Roots                      649 us
[2024-08-29T23:18:06.531+0800]   Rendezvous                        720 us
[2024-08-29T23:18:06.531+0800]   Purge Unlinked                    103 us
[2024-08-29T23:18:06.531+0800]     Code Roots                       90 us
[2024-08-29T23:18:06.531+0800]     CLDG                             12 us
[2024-08-29T23:18:06.531+0800]     Exception Caches                  0 us
[2024-08-29T23:18:06.531+0800] Pause Final Roots (G)              1187 us
[2024-08-29T23:18:06.531+0800] Pause Final Roots (N)                27 us
[2024-08-29T23:18:06.531+0800] 
[2024-08-29T23:18:06.531+0800] Allocation pacing accrued:
[2024-08-29T23:18:06.531+0800]       0 of   142 ms (  0.0%): <total>
[2024-08-29T23:18:06.531+0800]       0 of   142 ms (  0.0%): <average total>
[2024-08-29T23:18:06.531+0800] 
[2024-08-29T23:18:06.531+0800] Metaspace: 1653K(1856K)->1653K(1856K) NonClass: 1533K(1664K)->1533K(1664K) Class: 119K(192K)->119K(192K)
[2024-08-29T23:18:06.531+0800] Pacer for Idle. Initial: 41943K, Alloc Tax Rate: 1.0x
[2024-08-29T23:18:06.656+0800] Trigger: Free (203M) is below minimum threshold (204M)
[2024-08-29T23:18:06.656+0800] Free: 203M, Max: 1024K regular, 97280K humongous, Frag: 53% external, 1% internal; Reserve: 103M, Max: 1024K
[2024-08-29T23:18:06.656+0800] GC(172) Concurrent reset
[2024-08-29T23:18:06.656+0800] GC(172) Using 2 of 4 workers for concurrent reset
[2024-08-29T23:18:06.656+0800] GC(172) Pacer for Reset. Non-Taxable: 2048M
[2024-08-29T23:18:06.663+0800] GC(172) Concurrent reset 7.546ms
[2024-08-29T23:18:06.664+0800] GC(172) Pause Init Mark (unload classes)
[2024-08-29T23:18:06.664+0800] GC(172) Using 4 of 4 workers for init marking
[2024-08-29T23:18:06.664+0800] GC(172) Pacer for Mark. Expected Live: 1216M, Free: 181M, Non-Taxable: 18579K, Alloc Tax Rate: 8.2x
[2024-08-29T23:18:06.664+0800] GC(172) Pause Init Mark (unload classes) 0.103ms
[2024-08-29T23:18:06.664+0800] GC(172) Concurrent marking roots
[2024-08-29T23:18:06.664+0800] GC(172) Using 2 of 4 workers for concurrent marking roots
[2024-08-29T23:18:06.664+0800] GC(172) Concurrent marking roots 0.221ms
[2024-08-29T23:18:06.664+0800] GC(172) Concurrent marking (unload classes)
[2024-08-29T23:18:06.664+0800] GC(172) Using 2 of 4 workers for concurrent marking
[2024-08-29T23:18:06.666+0800] GC(172) Concurrent marking (unload classes) 2.362ms
[2024-08-29T23:18:06.667+0800] GC(172) Pause Final Mark (unload classes)
[2024-08-29T23:18:06.667+0800] GC(172) Using 4 of 4 workers for final marking
[2024-08-29T23:18:06.667+0800] GC(172) Collectable Garbage: 312M (94%), Immediate: 312M (94%), CSet: 0B (0%)
[2024-08-29T23:18:06.667+0800] GC(172) Pause Final Mark (unload classes) 0.298ms
[2024-08-29T23:18:06.667+0800] GC(172) Concurrent weak references
[2024-08-29T23:18:06.667+0800] GC(172) Using 2 of 4 workers for concurrent weak references
[2024-08-29T23:18:06.667+0800] GC(172) Encountered references: Soft: 178, Weak: 297, Final: 0, Phantom: 5
[2024-08-29T23:18:06.667+0800] GC(172) Discovered  references: Soft: 0, Weak: 113, Final: 0, Phantom: 5
[2024-08-29T23:18:06.667+0800] GC(172) Enqueued    references: Soft: 0, Weak: 0, Final: 0, Phantom: 0
[2024-08-29T23:18:06.667+0800] GC(172) Concurrent weak references 0.087ms
[2024-08-29T23:18:06.667+0800] GC(172) Concurrent weak roots
[2024-08-29T23:18:06.667+0800] GC(172) Using 2 of 4 workers for concurrent weak root
[2024-08-29T23:18:06.668+0800] GC(172) Concurrent weak roots 0.410ms
[2024-08-29T23:18:06.668+0800] GC(172) Concurrent cleanup
[2024-08-29T23:18:06.668+0800] GC(172) Concurrent cleanup 1531M->1218M(2048M) 0.068ms
[2024-08-29T23:18:06.668+0800] GC(172) Free: 541M, Max: 1024K regular, 101M humongous, Frag: 82% external, 2% internal; Reserve: 103M, Max: 1024K
[2024-08-29T23:18:06.668+0800] GC(172) Concurrent class unloading
[2024-08-29T23:18:06.668+0800] GC(172) Using 2 of 4 workers for concurrent class unloading
[2024-08-29T23:18:06.668+0800] GC(172) Concurrent class unloading 0.852ms
[2024-08-29T23:18:06.669+0800] GC(172) Pause Final Roots
[2024-08-29T23:18:06.669+0800] GC(172) Pause Final Roots 0.015ms
[2024-08-29T23:18:06.669+0800] Free: 540M, Max: 1024K regular, 101M humongous, Frag: 82% external, 2% internal; Reserve: 103M, Max: 1024K
[2024-08-29T23:18:06.669+0800] 
[2024-08-29T23:18:06.669+0800] All times are wall-clock times, except per-root-class counters, that are sum over
[2024-08-29T23:18:06.669+0800] all workers. Dividing the <total> over the root stage time estimates parallelism.
[2024-08-29T23:18:06.669+0800] 
[2024-08-29T23:18:06.669+0800] Concurrent Reset                   7622 us
[2024-08-29T23:18:06.669+0800] Pause Init Mark (G)                 212 us
[2024-08-29T23:18:06.669+0800] Pause Init Mark (N)                 111 us
[2024-08-29T23:18:06.669+0800]   Update Region States               55 us
[2024-08-29T23:18:06.669+0800] Concurrent Mark Roots               234 us, parallelism: 0.98x
[2024-08-29T23:18:06.669+0800]   CMR: <total>                      229 us
[2024-08-29T23:18:06.669+0800]   CMR: Thread Roots                 174 us, workers (us):  66, 108, ---, ---, 
[2024-08-29T23:18:06.669+0800]   CMR: VM Strong Roots                4 us, workers (us):   4,   0, ---, ---, 
[2024-08-29T23:18:06.669+0800]   CMR: CLDG Roots                    51 us, workers (us):  51, ---, ---, ---, 
[2024-08-29T23:18:06.669+0800] Concurrent Marking                 2382 us
[2024-08-29T23:18:06.669+0800] Pause Final Mark (G)                722 us
[2024-08-29T23:18:06.669+0800] Pause Final Mark (N)                306 us
[2024-08-29T23:18:06.669+0800]   Finish Mark                       150 us
[2024-08-29T23:18:06.669+0800]   Update Region States               42 us
[2024-08-29T23:18:06.669+0800]   Choose Collection Set              68 us
[2024-08-29T23:18:06.669+0800]   Rebuild Free Set                    9 us
[2024-08-29T23:18:06.669+0800] Concurrent Weak References           94 us, parallelism: 0.05x
[2024-08-29T23:18:06.669+0800]   CWRF: <total>                       4 us
[2024-08-29T23:18:06.669+0800]   CWRF: Weak References               4 us, workers (us):   4,   0, ---, ---, 
[2024-08-29T23:18:06.669+0800] Concurrent Weak Roots               426 us
[2024-08-29T23:18:06.669+0800]   Roots                             312 us, parallelism: 1.46x
[2024-08-29T23:18:06.669+0800]     CWR: <total>                    456 us
[2024-08-29T23:18:06.669+0800]     CWR: Code Cache Roots           383 us, workers (us): 200, 183, ---, ---, 
[2024-08-29T23:18:06.669+0800]     CWR: VM Weak Roots               60 us, workers (us):  29,  31, ---, ---, 
[2024-08-29T23:18:06.669+0800]     CWR: CLDG Roots                  13 us, workers (us):  13, ---, ---, ---, 
[2024-08-29T23:18:06.669+0800]   Rendezvous                         86 us
[2024-08-29T23:18:06.669+0800] Concurrent Cleanup                   74 us
[2024-08-29T23:18:06.669+0800] Concurrent Class Unloading          882 us
[2024-08-29T23:18:06.669+0800]   Unlink Stale                      697 us
[2024-08-29T23:18:06.669+0800]     System Dictionary                 2 us
[2024-08-29T23:18:06.669+0800]     Weak Class Links                  0 us
[2024-08-29T23:18:06.669+0800]     Code Roots                      694 us
[2024-08-29T23:18:06.669+0800]   Rendezvous                         63 us
[2024-08-29T23:18:06.669+0800]   Purge Unlinked                     80 us
[2024-08-29T23:18:06.669+0800]     Code Roots                       68 us
[2024-08-29T23:18:06.669+0800]     CLDG                             12 us
[2024-08-29T23:18:06.669+0800]     Exception Caches                  0 us
[2024-08-29T23:18:06.669+0800] Pause Final Roots (G)                85 us
[2024-08-29T23:18:06.669+0800] Pause Final Roots (N)                22 us
[2024-08-29T23:18:06.669+0800] 
[2024-08-29T23:18:06.669+0800] Allocation pacing accrued:
[2024-08-29T23:18:06.669+0800]       0 of   138 ms (  0.0%): <total>
[2024-08-29T23:18:06.669+0800]       0 of   138 ms (  0.0%): <average total>
[2024-08-29T23:18:06.669+0800] 
[2024-08-29T23:18:06.669+0800] Metaspace: 1653K(1856K)->1653K(1856K) NonClass: 1533K(1664K)->1533K(1664K) Class: 119K(192K)->119K(192K)
[2024-08-29T23:18:06.669+0800] Pacer for Idle. Initial: 41943K, Alloc Tax Rate: 1.0x
[2024-08-29T23:18:06.812+0800] Trigger: Free (197M) is below minimum threshold (204M)
[2024-08-29T23:18:06.812+0800] Free: 192M, Max: 1024K regular, 101M humongous, Frag: 48% external, 0% internal; Reserve: 103M, Max: 1024K
[2024-08-29T23:18:06.812+0800] GC(173) Concurrent reset
[2024-08-29T23:18:06.812+0800] GC(173) Using 2 of 4 workers for concurrent reset
[2024-08-29T23:18:06.812+0800] GC(173) Pacer for Reset. Non-Taxable: 2048M
[2024-08-29T23:18:06.818+0800] GC(173) Concurrent reset 6.202ms
[2024-08-29T23:18:06.819+0800] GC(173) Pause Init Mark (unload classes)
[2024-08-29T23:18:06.819+0800] GC(173) Using 4 of 4 workers for init marking
[2024-08-29T23:18:06.819+0800] GC(173) Pacer for Mark. Expected Live: 1214M, Free: 176M, Non-Taxable: 18056K, Alloc Tax Rate: 8.4x
[2024-08-29T23:18:06.819+0800] GC(173) Pause Init Mark (unload classes) 0.499ms
[2024-08-29T23:18:06.819+0800] GC(173) Concurrent marking roots
[2024-08-29T23:18:06.820+0800] GC(173) Using 2 of 4 workers for concurrent marking roots
[2024-08-29T23:18:06.820+0800] GC(173) Concurrent marking roots 0.169ms
[2024-08-29T23:18:06.820+0800] GC(173) Concurrent marking (unload classes)
[2024-08-29T23:18:06.820+0800] GC(173) Using 2 of 4 workers for concurrent marking
[2024-08-29T23:18:06.821+0800] GC(173) Concurrent marking (unload classes) 1.358ms
[2024-08-29T23:18:06.822+0800] GC(173) Pause Final Mark (unload classes)
[2024-08-29T23:18:06.822+0800] GC(173) Using 4 of 4 workers for final marking
[2024-08-29T23:18:06.822+0800] GC(173) Collectable Garbage: 318M (95%), Immediate: 318M (95%), CSet: 0B (0%)
[2024-08-29T23:18:06.822+0800] GC(173) Pause Final Mark (unload classes) 0.314ms
[2024-08-29T23:18:06.822+0800] GC(173) Concurrent weak references
[2024-08-29T23:18:06.822+0800] GC(173) Using 2 of 4 workers for concurrent weak references
[2024-08-29T23:18:06.822+0800] GC(173) Encountered references: Soft: 178, Weak: 297, Final: 0, Phantom: 5
[2024-08-29T23:18:06.822+0800] GC(173) Discovered  references: Soft: 0, Weak: 113, Final: 0, Phantom: 5
[2024-08-29T23:18:06.822+0800] GC(173) Enqueued    references: Soft: 0, Weak: 0, Final: 0, Phantom: 0
[2024-08-29T23:18:06.822+0800] GC(173) Concurrent weak references 0.154ms
[2024-08-29T23:18:06.822+0800] GC(173) Concurrent weak roots
[2024-08-29T23:18:06.822+0800] GC(173) Using 2 of 4 workers for concurrent weak root
[2024-08-29T23:18:06.824+0800] GC(173) Concurrent weak roots 1.467ms
[2024-08-29T23:18:06.824+0800] GC(173) Concurrent cleanup
[2024-08-29T23:18:06.824+0800] GC(173) Concurrent cleanup 1546M->1227M(2048M) 0.068ms
[2024-08-29T23:18:06.824+0800] GC(173) Free: 532M, Max: 1024K regular, 105M humongous, Frag: 81% external, 2% internal; Reserve: 103M, Max: 1024K
[2024-08-29T23:18:06.824+0800] GC(173) Concurrent class unloading
[2024-08-29T23:18:06.824+0800] GC(173) Using 2 of 4 workers for concurrent class unloading
[2024-08-29T23:18:06.826+0800] GC(173) Concurrent class unloading 1.573ms
[2024-08-29T23:18:06.826+0800] GC(173) Pause Final Roots
[2024-08-29T23:18:06.826+0800] GC(173) Pause Final Roots 0.015ms
[2024-08-29T23:18:06.826+0800] Free: 532M, Max: 1024K regular, 105M humongous, Frag: 81% external, 2% internal; Reserve: 103M, Max: 1024K
[2024-08-29T23:18:06.826+0800] 
[2024-08-29T23:18:06.826+0800] All times are wall-clock times, except per-root-class counters, that are sum over
[2024-08-29T23:18:06.826+0800] all workers. Dividing the <total> over the root stage time estimates parallelism.
[2024-08-29T23:18:06.826+0800] 
[2024-08-29T23:18:06.826+0800] Concurrent Reset                   6298 us
[2024-08-29T23:18:06.826+0800] Pause Init Mark (G)                1069 us
[2024-08-29T23:18:06.826+0800] Pause Init Mark (N)                 509 us
[2024-08-29T23:18:06.826+0800]   Update Region States              433 us
[2024-08-29T23:18:06.826+0800] Concurrent Mark Roots               180 us, parallelism: 1.08x
[2024-08-29T23:18:06.826+0800]   CMR: <total>                      193 us
[2024-08-29T23:18:06.826+0800]   CMR: Thread Roots                 154 us, workers (us):  64,  90, ---, ---, 
[2024-08-29T23:18:06.826+0800]   CMR: VM Strong Roots                4 us, workers (us):   4,   0, ---, ---, 
[2024-08-29T23:18:06.826+0800]   CMR: CLDG Roots                    35 us, workers (us):  35, ---, ---, ---, 
[2024-08-29T23:18:06.826+0800] Concurrent Marking                 1378 us
[2024-08-29T23:18:06.826+0800] Pause Final Mark (G)               1246 us
[2024-08-29T23:18:06.826+0800] Pause Final Mark (N)                322 us
[2024-08-29T23:18:06.826+0800]   Finish Mark                       158 us
[2024-08-29T23:18:06.826+0800]   Update Region States               42 us
[2024-08-29T23:18:06.826+0800]   Choose Collection Set              69 us
[2024-08-29T23:18:06.826+0800]   Rebuild Free Set                    9 us
[2024-08-29T23:18:06.826+0800] Concurrent Weak References          162 us, parallelism: 0.03x
[2024-08-29T23:18:06.826+0800]   CWRF: <total>                       5 us
[2024-08-29T23:18:06.826+0800]   CWRF: Weak References               5 us, workers (us):   5,   0, ---, ---, 
[2024-08-29T23:18:06.826+0800] Concurrent Weak Roots              1485 us
[2024-08-29T23:18:06.826+0800]   Roots                             408 us, parallelism: 1.13x
[2024-08-29T23:18:06.826+0800]     CWR: <total>                    461 us
[2024-08-29T23:18:06.826+0800]     CWR: Code Cache Roots           384 us, workers (us): 198, 186, ---, ---, 
[2024-08-29T23:18:06.826+0800]     CWR: VM Weak Roots               74 us, workers (us):  73,   1, ---, ---, 
[2024-08-29T23:18:06.826+0800]     CWR: CLDG Roots                   3 us, workers (us):   3, ---, ---, ---, 
[2024-08-29T23:18:06.826+0800]   Rendezvous                       1045 us
[2024-08-29T23:18:06.826+0800] Concurrent Cleanup                   75 us
[2024-08-29T23:18:06.826+0800] Concurrent Class Unloading         1597 us
[2024-08-29T23:18:06.826+0800]   Unlink Stale                     1399 us
[2024-08-29T23:18:06.826+0800]     System Dictionary                 4 us
[2024-08-29T23:18:06.826+0800]     Weak Class Links                  0 us
[2024-08-29T23:18:06.826+0800]     Code Roots                     1394 us
[2024-08-29T23:18:06.826+0800]   Rendezvous                         80 us
[2024-08-29T23:18:06.826+0800]   Purge Unlinked                     82 us
[2024-08-29T23:18:06.826+0800]     Code Roots                       67 us
[2024-08-29T23:18:06.826+0800]     CLDG                             14 us
[2024-08-29T23:18:06.826+0800]     Exception Caches                  0 us
[2024-08-29T23:18:06.826+0800] Pause Final Roots (G)                91 us
[2024-08-29T23:18:06.826+0800] Pause Final Roots (N)                21 us
[2024-08-29T23:18:06.826+0800] 
[2024-08-29T23:18:06.826+0800] Allocation pacing accrued:
[2024-08-29T23:18:06.826+0800]       0 of   157 ms (  0.0%): <total>
[2024-08-29T23:18:06.826+0800]       0 of   157 ms (  0.0%): <average total>
[2024-08-29T23:18:06.826+0800] 
[2024-08-29T23:18:06.826+0800] Metaspace: 1653K(1856K)->1653K(1856K) NonClass: 1533K(1664K)->1533K(1664K) Class: 119K(192K)->119K(192K)
[2024-08-29T23:18:06.826+0800] Pacer for Idle. Initial: 41943K, Alloc Tax Rate: 1.0x
[2024-08-29T23:18:06.962+0800] Trigger: Free (197M) is below minimum threshold (204M)
[2024-08-29T23:18:06.963+0800] Free: 197M, Max: 1024K regular, 105M humongous, Frag: 46% external, 3% internal; Reserve: 103M, Max: 1024K
[2024-08-29T23:18:06.963+0800] GC(174) Concurrent reset
[2024-08-29T23:18:06.963+0800] GC(174) Using 2 of 4 workers for concurrent reset
[2024-08-29T23:18:06.963+0800] GC(174) Pacer for Reset. Non-Taxable: 2048M
[2024-08-29T23:18:06.968+0800] GC(174) Concurrent reset 5.626ms
[2024-08-29T23:18:06.968+0800] GC(174) Pause Init Mark (unload classes)
[2024-08-29T23:18:06.968+0800] GC(174) Using 4 of 4 workers for init marking
[2024-08-29T23:18:06.968+0800] GC(174) Pacer for Mark. Expected Live: 1212M, Free: 188M, Non-Taxable: 19261K, Alloc Tax Rate: 7.9x
[2024-08-29T23:18:06.968+0800] GC(174) Pause Init Mark (unload classes) 0.131ms
[2024-08-29T23:18:06.968+0800] GC(174) Concurrent marking roots
[2024-08-29T23:18:06.969+0800] GC(174) Using 2 of 4 workers for concurrent marking roots
[2024-08-29T23:18:06.969+0800] GC(174) Concurrent marking roots 0.221ms
[2024-08-29T23:18:06.969+0800] GC(174) Concurrent marking (unload classes)
[2024-08-29T23:18:06.969+0800] GC(174) Using 2 of 4 workers for concurrent marking
[2024-08-29T23:18:06.970+0800] GC(174) Concurrent marking (unload classes) 1.607ms
[2024-08-29T23:18:06.971+0800] GC(174) Pause Final Mark (unload classes)
[2024-08-29T23:18:06.971+0800] GC(174) Using 4 of 4 workers for final marking
[2024-08-29T23:18:06.971+0800] GC(174) Collectable Garbage: 282M (94%), Immediate: 282M (94%), CSet: 0B (0%)
[2024-08-29T23:18:06.971+0800] GC(174) Pause Final Mark (unload classes) 0.283ms
[2024-08-29T23:18:06.971+0800] GC(174) Concurrent weak references
[2024-08-29T23:18:06.971+0800] GC(174) Using 2 of 4 workers for concurrent weak references
[2024-08-29T23:18:06.971+0800] GC(174) Encountered references: Soft: 178, Weak: 297, Final: 0, Phantom: 5
[2024-08-29T23:18:06.971+0800] GC(174) Discovered  references: Soft: 0, Weak: 116, Final: 0, Phantom: 5
[2024-08-29T23:18:06.971+0800] GC(174) Enqueued    references: Soft: 0, Weak: 0, Final: 0, Phantom: 0
[2024-08-29T23:18:06.971+0800] GC(174) Concurrent weak references 0.087ms
[2024-08-29T23:18:06.971+0800] GC(174) Concurrent weak roots
[2024-08-29T23:18:06.971+0800] GC(174) Using 2 of 4 workers for concurrent weak root
[2024-08-29T23:18:06.972+0800] GC(174) Concurrent weak roots 0.323ms
[2024-08-29T23:18:06.972+0800] GC(174) Concurrent cleanup
[2024-08-29T23:18:06.972+0800] GC(174) Concurrent cleanup 1522M->1240M(2048M) 0.066ms
[2024-08-29T23:18:06.972+0800] GC(174) Free: 513M, Max: 1024K regular, 105M humongous, Frag: 80% external, 2% internal; Reserve: 103M, Max: 1024K
[2024-08-29T23:18:06.972+0800] GC(174) Concurrent class unloading
[2024-08-29T23:18:06.972+0800] GC(174) Using 2 of 4 workers for concurrent class unloading
[2024-08-29T23:18:06.973+0800] GC(174) Concurrent class unloading 0.860ms
[2024-08-29T23:18:06.973+0800] GC(174) Pause Final Roots
[2024-08-29T23:18:06.973+0800] GC(174) Pause Final Roots 0.019ms
[2024-08-29T23:18:06.973+0800] Free: 511M, Max: 1024K regular, 105M humongous, Frag: 80% external, 2% internal; Reserve: 103M, Max: 1024K
[2024-08-29T23:18:06.973+0800] 
[2024-08-29T23:18:06.973+0800] All times are wall-clock times, except per-root-class counters, that are sum over
[2024-08-29T23:18:06.973+0800] all workers. Dividing the <total> over the root stage time estimates parallelism.
[2024-08-29T23:18:06.973+0800] 
[2024-08-29T23:18:06.973+0800] Concurrent Reset                   5683 us
[2024-08-29T23:18:06.973+0800] Pause Init Mark (G)                 264 us
[2024-08-29T23:18:06.973+0800] Pause Init Mark (N)                 162 us
[2024-08-29T23:18:06.973+0800]   Update Region States               80 us
[2024-08-29T23:18:06.973+0800] Concurrent Mark Roots               233 us, parallelism: 0.96x
[2024-08-29T23:18:06.973+0800]   CMR: <total>                      225 us
[2024-08-29T23:18:06.973+0800]   CMR: Thread Roots                 175 us, workers (us):  66, 109, ---, ---, 
[2024-08-29T23:18:06.973+0800]   CMR: VM Strong Roots                4 us, workers (us):   4,   0, ---, ---, 
[2024-08-29T23:18:06.973+0800]   CMR: CLDG Roots                    45 us, workers (us):  45, ---, ---, ---, 
[2024-08-29T23:18:06.973+0800] Concurrent Marking                 1626 us
[2024-08-29T23:18:06.973+0800] Pause Final Mark (G)                938 us
[2024-08-29T23:18:06.973+0800] Pause Final Mark (N)                292 us
[2024-08-29T23:18:06.973+0800]   Finish Mark                       145 us
[2024-08-29T23:18:06.973+0800]   Update Region States               41 us
[2024-08-29T23:18:06.973+0800]   Choose Collection Set              63 us
[2024-08-29T23:18:06.973+0800]   Rebuild Free Set                    8 us
[2024-08-29T23:18:06.973+0800] Concurrent Weak References           93 us, parallelism: 0.04x
[2024-08-29T23:18:06.973+0800]   CWRF: <total>                       4 us
[2024-08-29T23:18:06.973+0800]   CWRF: Weak References               4 us, workers (us):   4,   0, ---, ---, 
[2024-08-29T23:18:06.973+0800] Concurrent Weak Roots               334 us
[2024-08-29T23:18:06.973+0800]   Roots                             247 us, parallelism: 1.43x
[2024-08-29T23:18:06.973+0800]     CWR: <total>                    354 us
[2024-08-29T23:18:06.973+0800]     CWR: Code Cache Roots           307 us, workers (us): 149, 158, ---, ---, 
[2024-08-29T23:18:06.973+0800]     CWR: VM Weak Roots               44 us, workers (us):  29,  15, ---, ---, 
[2024-08-29T23:18:06.973+0800]     CWR: CLDG Roots                   2 us, workers (us): ---,   2, ---, ---, 
[2024-08-29T23:18:06.973+0800]   Rendezvous                         63 us
[2024-08-29T23:18:06.973+0800] Concurrent Cleanup                   72 us
[2024-08-29T23:18:06.973+0800] Concurrent Class Unloading          875 us
[2024-08-29T23:18:06.973+0800]   Unlink Stale                      703 us
[2024-08-29T23:18:06.973+0800]     System Dictionary                 2 us
[2024-08-29T23:18:06.973+0800]     Weak Class Links                  0 us
[2024-08-29T23:18:06.973+0800]     Code Roots                      700 us
[2024-08-29T23:18:06.973+0800]   Rendezvous                         62 us
[2024-08-29T23:18:06.973+0800]   Purge Unlinked                     83 us
[2024-08-29T23:18:06.973+0800]     Code Roots                       71 us
[2024-08-29T23:18:06.973+0800]     CLDG                             12 us
[2024-08-29T23:18:06.973+0800]     Exception Caches                  0 us
[2024-08-29T23:18:06.973+0800] Pause Final Roots (G)               100 us
[2024-08-29T23:18:06.973+0800] Pause Final Roots (N)                28 us
[2024-08-29T23:18:06.973+0800] 
[2024-08-29T23:18:06.973+0800] Allocation pacing accrued:
[2024-08-29T23:18:06.973+0800]       0 of   147 ms (  0.0%): <total>
[2024-08-29T23:18:06.973+0800]       0 of   147 ms (  0.0%): <average total>
[2024-08-29T23:18:06.973+0800] 
[2024-08-29T23:18:06.973+0800] Metaspace: 1653K(1856K)->1653K(1856K) NonClass: 1533K(1664K)->1533K(1664K) Class: 119K(192K)->119K(192K)
[2024-08-29T23:18:06.973+0800] Pacer for Idle. Initial: 41943K, Alloc Tax Rate: 1.0x
[2024-08-29T23:18:07.102+0800] Trigger: Free (198M) is below minimum threshold (204M)
[2024-08-29T23:18:07.102+0800] Free: 195M, Max: 1024K regular, 105M humongous, Frag: 46% external, 1% internal; Reserve: 103M, Max: 1024K
[2024-08-29T23:18:07.102+0800] GC(175) Concurrent reset
[2024-08-29T23:18:07.102+0800] GC(175) Using 2 of 4 workers for concurrent reset
[2024-08-29T23:18:07.102+0800] GC(175) Pacer for Reset. Non-Taxable: 2048M
[2024-08-29T23:18:07.107+0800] GC(175) Concurrent reset 5.761ms
[2024-08-29T23:18:07.109+0800] GC(175) Pause Init Mark (unload classes)
[2024-08-29T23:18:07.109+0800] GC(175) Using 4 of 4 workers for init marking
[2024-08-29T23:18:07.109+0800] GC(175) Pacer for Mark. Expected Live: 1207M, Free: 187M, Non-Taxable: 19199K, Alloc Tax Rate: 7.9x
[2024-08-29T23:18:07.109+0800] GC(175) Pause Init Mark (unload classes) 0.106ms
[2024-08-29T23:18:07.109+0800] GC(175) Concurrent marking roots
[2024-08-29T23:18:07.109+0800] GC(175) Using 2 of 4 workers for concurrent marking roots
[2024-08-29T23:18:07.109+0800] GC(175) Concurrent marking roots 0.259ms
[2024-08-29T23:18:07.109+0800] GC(175) Concurrent marking (unload classes)
[2024-08-29T23:18:07.109+0800] GC(175) Using 2 of 4 workers for concurrent marking
[2024-08-29T23:18:07.112+0800] GC(175) Concurrent marking (unload classes) 2.560ms
[2024-08-29T23:18:07.113+0800] GC(175) Pause Final Mark (unload classes)
[2024-08-29T23:18:07.113+0800] GC(175) Using 4 of 4 workers for final marking
[2024-08-29T23:18:07.113+0800] GC(175) Collectable Garbage: 283M (94%), Immediate: 283M (94%), CSet: 0B (0%)
[2024-08-29T23:18:07.113+0800] GC(175) Pause Final Mark (unload classes) 0.330ms
[2024-08-29T23:18:07.113+0800] GC(175) Concurrent weak references
[2024-08-29T23:18:07.113+0800] GC(175) Using 2 of 4 workers for concurrent weak references
[2024-08-29T23:18:07.113+0800] GC(175) Encountered references: Soft: 178, Weak: 297, Final: 0, Phantom: 5
[2024-08-29T23:18:07.113+0800] GC(175) Discovered  references: Soft: 0, Weak: 142, Final: 0, Phantom: 5
[2024-08-29T23:18:07.113+0800] GC(175) Enqueued    references: Soft: 0, Weak: 0, Final: 0, Phantom: 0
[2024-08-29T23:18:07.113+0800] GC(175) Concurrent weak references 0.521ms
[2024-08-29T23:18:07.113+0800] GC(175) Concurrent weak roots
[2024-08-29T23:18:07.113+0800] GC(175) Using 2 of 4 workers for concurrent weak root
[2024-08-29T23:18:07.114+0800] GC(175) Concurrent weak roots 0.381ms
[2024-08-29T23:18:07.114+0800] GC(175) Concurrent cleanup
[2024-08-29T23:18:07.114+0800] GC(175) Concurrent cleanup 1527M->1243M(2048M) 0.074ms
[2024-08-29T23:18:07.114+0800] GC(175) Free: 508M, Max: 1024K regular, 105M humongous, Frag: 80% external, 3% internal; Reserve: 103M, Max: 1024K
[2024-08-29T23:18:07.114+0800] GC(175) Concurrent class unloading
[2024-08-29T23:18:07.114+0800] GC(175) Using 2 of 4 workers for concurrent class unloading
[2024-08-29T23:18:07.116+0800] GC(175) Concurrent class unloading 1.694ms
[2024-08-29T23:18:07.117+0800] GC(175) Pause Final Roots
[2024-08-29T23:18:07.117+0800] GC(175) Pause Final Roots 0.021ms
[2024-08-29T23:18:07.117+0800] Free: 501M, Max: 1024K regular, 105M humongous, Frag: 79% external, 3% internal; Reserve: 103M, Max: 1024K
[2024-08-29T23:18:07.117+0800] 
[2024-08-29T23:18:07.117+0800] All times are wall-clock times, except per-root-class counters, that are sum over
[2024-08-29T23:18:07.117+0800] all workers. Dividing the <total> over the root stage time estimates parallelism.
[2024-08-29T23:18:07.117+0800] 
[2024-08-29T23:18:07.117+0800] Concurrent Reset                   5869 us
[2024-08-29T23:18:07.117+0800] Pause Init Mark (G)                1160 us
[2024-08-29T23:18:07.117+0800] Pause Init Mark (N)                 114 us
[2024-08-29T23:18:07.117+0800]   Update Region States               57 us
[2024-08-29T23:18:07.117+0800] Concurrent Mark Roots               275 us, parallelism: 0.86x
[2024-08-29T23:18:07.117+0800]   CMR: <total>                      237 us
[2024-08-29T23:18:07.117+0800]   CMR: Thread Roots                 163 us, workers (us):  64,  99, ---, ---, 
[2024-08-29T23:18:07.117+0800]   CMR: VM Strong Roots                4 us, workers (us):   4,   0, ---, ---, 
[2024-08-29T23:18:07.117+0800]   CMR: CLDG Roots                    69 us, workers (us):  69, ---, ---, ---, 
[2024-08-29T23:18:07.117+0800] Concurrent Marking                 2580 us
[2024-08-29T23:18:07.117+0800] Pause Final Mark (G)               1363 us
[2024-08-29T23:18:07.117+0800] Pause Final Mark (N)                338 us
[2024-08-29T23:18:07.117+0800]   Finish Mark                       162 us
[2024-08-29T23:18:07.117+0800]   Update Region States               51 us
[2024-08-29T23:18:07.117+0800]   Choose Collection Set              77 us
[2024-08-29T23:18:07.117+0800]   Rebuild Free Set                   11 us
[2024-08-29T23:18:07.117+0800] Concurrent Weak References          529 us, parallelism: 0.01x
[2024-08-29T23:18:07.117+0800]   CWRF: <total>                       5 us
[2024-08-29T23:18:07.117+0800]   CWRF: Weak References               5 us, workers (us):   5,   0, ---, ---, 
[2024-08-29T23:18:07.117+0800] Concurrent Weak Roots               402 us
[2024-08-29T23:18:07.117+0800]   Roots                             333 us, parallelism: 1.30x
[2024-08-29T23:18:07.117+0800]     CWR: <total>                    434 us
[2024-08-29T23:18:07.117+0800]     CWR: Code Cache Roots           361 us, workers (us): 168, 193, ---, ---, 
[2024-08-29T23:18:07.117+0800]     CWR: VM Weak Roots               70 us, workers (us):  51,  20, ---, ---, 
[2024-08-29T23:18:07.117+0800]     CWR: CLDG Roots                   3 us, workers (us):   3, ---, ---, ---, 
[2024-08-29T23:18:07.117+0800]   Rendezvous                         35 us
[2024-08-29T23:18:07.117+0800] Concurrent Cleanup                   80 us
[2024-08-29T23:18:07.117+0800] Concurrent Class Unloading         1717 us
[2024-08-29T23:18:07.117+0800]   Unlink Stale                      690 us
[2024-08-29T23:18:07.117+0800]     System Dictionary                 2 us
[2024-08-29T23:18:07.117+0800]     Weak Class Links                  0 us
[2024-08-29T23:18:07.117+0800]     Code Roots                      687 us
[2024-08-29T23:18:07.117+0800]   Rendezvous                        899 us
[2024-08-29T23:18:07.117+0800]   Purge Unlinked                     93 us
[2024-08-29T23:18:07.117+0800]     Code Roots                       77 us
[2024-08-29T23:18:07.117+0800]     CLDG                             15 us
[2024-08-29T23:18:07.117+0800]     Exception Caches                  0 us
[2024-08-29T23:18:07.117+0800] Pause Final Roots (G)               936 us
[2024-08-29T23:18:07.117+0800] Pause Final Roots (N)                28 us
[2024-08-29T23:18:07.117+0800] 
[2024-08-29T23:18:07.117+0800] Allocation pacing accrued:
[2024-08-29T23:18:07.117+0800]       0 of   144 ms (  0.0%): <total>
[2024-08-29T23:18:07.117+0800]       0 of   144 ms (  0.0%): <average total>
[2024-08-29T23:18:07.117+0800] 
[2024-08-29T23:18:07.117+0800] Metaspace: 1653K(1856K)->1653K(1856K) NonClass: 1533K(1664K)->1533K(1664K) Class: 119K(192K)->119K(192K)
[2024-08-29T23:18:07.117+0800] Pacer for Idle. Initial: 41943K, Alloc Tax Rate: 1.0x
[2024-08-29T23:18:07.248+0800] Trigger: Free (203M) is below minimum threshold (204M)
[2024-08-29T23:18:07.248+0800] Free: 203M, Max: 1024K regular, 105M humongous, Frag: 47% external, 6% internal; Reserve: 103M, Max: 1024K
[2024-08-29T23:18:07.248+0800] GC(176) Concurrent reset
[2024-08-29T23:18:07.248+0800] GC(176) Using 2 of 4 workers for concurrent reset
[2024-08-29T23:18:07.248+0800] GC(176) Pacer for Reset. Non-Taxable: 2048M
[2024-08-29T23:18:07.254+0800] GC(176) Concurrent reset 5.752ms
[2024-08-29T23:18:07.255+0800] GC(176) Pause Init Mark (unload classes)
[2024-08-29T23:18:07.255+0800] GC(176) Using 4 of 4 workers for init marking
[2024-08-29T23:18:07.255+0800] GC(176) Pacer for Mark. Expected Live: 1205M, Free: 189M, Non-Taxable: 19394K, Alloc Tax Rate: 7.8x
[2024-08-29T23:18:07.255+0800] GC(176) Pause Init Mark (unload classes) 0.144ms
[2024-08-29T23:18:07.255+0800] GC(176) Concurrent marking roots
[2024-08-29T23:18:07.255+0800] GC(176) Using 2 of 4 workers for concurrent marking roots
[2024-08-29T23:18:07.255+0800] GC(176) Concurrent marking roots 0.402ms
[2024-08-29T23:18:07.255+0800] GC(176) Concurrent marking (unload classes)
[2024-08-29T23:18:07.255+0800] GC(176) Using 2 of 4 workers for concurrent marking
[2024-08-29T23:18:07.258+0800] GC(176) Concurrent marking (unload classes) 2.477ms
[2024-08-29T23:18:07.259+0800] GC(176) Pause Final Mark (unload classes)
[2024-08-29T23:18:07.259+0800] GC(176) Using 4 of 4 workers for final marking
[2024-08-29T23:18:07.259+0800] GC(176) Collectable Garbage: 271M (93%), Immediate: 271M (93%), CSet: 0B (0%)
[2024-08-29T23:18:07.259+0800] GC(176) Pause Final Mark (unload classes) 0.236ms
[2024-08-29T23:18:07.259+0800] GC(176) Concurrent weak references
[2024-08-29T23:18:07.259+0800] GC(176) Using 2 of 4 workers for concurrent weak references
[2024-08-29T23:18:07.259+0800] GC(176) Encountered references: Soft: 178, Weak: 297, Final: 0, Phantom: 5
[2024-08-29T23:18:07.259+0800] GC(176) Discovered  references: Soft: 0, Weak: 101, Final: 0, Phantom: 3
[2024-08-29T23:18:07.259+0800] GC(176) Enqueued    references: Soft: 0, Weak: 0, Final: 0, Phantom: 0
[2024-08-29T23:18:07.259+0800] GC(176) Concurrent weak references 0.071ms
[2024-08-29T23:18:07.259+0800] GC(176) Concurrent weak roots
[2024-08-29T23:18:07.259+0800] GC(176) Using 2 of 4 workers for concurrent weak root
[2024-08-29T23:18:07.259+0800] GC(176) Concurrent weak roots 0.343ms
[2024-08-29T23:18:07.259+0800] GC(176) Concurrent cleanup
[2024-08-29T23:18:07.259+0800] GC(176) Concurrent cleanup 1528M->1256M(2048M) 0.067ms
[2024-08-29T23:18:07.259+0800] GC(176) Free: 490M, Max: 1024K regular, 115M humongous, Frag: 77% external, 2% internal; Reserve: 103M, Max: 1024K
[2024-08-29T23:18:07.259+0800] GC(176) Concurrent class unloading
[2024-08-29T23:18:07.259+0800] GC(176) Using 2 of 4 workers for concurrent class unloading
[2024-08-29T23:18:07.261+0800] GC(176) Concurrent class unloading 1.234ms
[2024-08-29T23:18:07.261+0800] GC(176) Pause Final Roots
[2024-08-29T23:18:07.261+0800] GC(176) Pause Final Roots 0.011ms
[2024-08-29T23:18:07.261+0800] Free: 489M, Max: 1024K regular, 115M humongous, Frag: 77% external, 2% internal; Reserve: 103M, Max: 1024K
[2024-08-29T23:18:07.261+0800] 
[2024-08-29T23:18:07.261+0800] All times are wall-clock times, except per-root-class counters, that are sum over
[2024-08-29T23:18:07.261+0800] all workers. Dividing the <total> over the root stage time estimates parallelism.
[2024-08-29T23:18:07.261+0800] 
[2024-08-29T23:18:07.261+0800] Concurrent Reset                   5902 us
[2024-08-29T23:18:07.261+0800] Pause Init Mark (G)                 723 us
[2024-08-29T23:18:07.261+0800] Pause Init Mark (N)                 151 us
[2024-08-29T23:18:07.261+0800]   Update Region States               74 us
[2024-08-29T23:18:07.261+0800] Concurrent Mark Roots               420 us, parallelism: 0.51x
[2024-08-29T23:18:07.261+0800]   CMR: <total>                      215 us
[2024-08-29T23:18:07.261+0800]   CMR: Thread Roots                 156 us, workers (us): 156,   0, ---, ---, 
[2024-08-29T23:18:07.261+0800]   CMR: VM Strong Roots                8 us, workers (us):   7,   0, ---, ---, 
[2024-08-29T23:18:07.261+0800]   CMR: CLDG Roots                    51 us, workers (us):  51, ---, ---, ---, 
[2024-08-29T23:18:07.261+0800] Concurrent Marking                 2505 us
[2024-08-29T23:18:07.261+0800] Pause Final Mark (G)               1163 us
[2024-08-29T23:18:07.261+0800] Pause Final Mark (N)                243 us
[2024-08-29T23:18:07.261+0800]   Finish Mark                        80 us
[2024-08-29T23:18:07.261+0800]   Update Region States               59 us
[2024-08-29T23:18:07.261+0800]   Choose Collection Set              60 us
[2024-08-29T23:18:07.261+0800]   Rebuild Free Set                    9 us
[2024-08-29T23:18:07.261+0800] Concurrent Weak References           77 us, parallelism: 0.05x
[2024-08-29T23:18:07.261+0800]   CWRF: <total>                       4 us
[2024-08-29T23:18:07.261+0800]   CWRF: Weak References               4 us, workers (us):   4,   0, ---, ---, 
[2024-08-29T23:18:07.261+0800] Concurrent Weak Roots               355 us
[2024-08-29T23:18:07.261+0800]   Roots                             270 us, parallelism: 1.45x
[2024-08-29T23:18:07.261+0800]     CWR: <total>                    390 us
[2024-08-29T23:18:07.261+0800]     CWR: Code Cache Roots           313 us, workers (us): 162, 151, ---, ---, 
[2024-08-29T23:18:07.261+0800]     CWR: VM Weak Roots               75 us, workers (us):  43,  31, ---, ---, 
[2024-08-29T23:18:07.261+0800]     CWR: CLDG Roots                   2 us, workers (us):   2, ---, ---, ---, 
[2024-08-29T23:18:07.261+0800]   Rendezvous                         61 us
[2024-08-29T23:18:07.261+0800] Concurrent Cleanup                   73 us
[2024-08-29T23:18:07.261+0800] Concurrent Class Unloading         1273 us
[2024-08-29T23:18:07.261+0800]   Unlink Stale                     1073 us
[2024-08-29T23:18:07.261+0800]     System Dictionary                 2 us
[2024-08-29T23:18:07.261+0800]     Weak Class Links                  0 us
[2024-08-29T23:18:07.261+0800]     Code Roots                     1070 us
[2024-08-29T23:18:07.261+0800]   Rendezvous                         62 us
[2024-08-29T23:18:07.261+0800]   Purge Unlinked                     74 us
[2024-08-29T23:18:07.261+0800]     Code Roots                       69 us
[2024-08-29T23:18:07.261+0800]     CLDG                              4 us
[2024-08-29T23:18:07.261+0800]     Exception Caches                  0 us
[2024-08-29T23:18:07.261+0800] Pause Final Roots (G)                72 us
[2024-08-29T23:18:07.261+0800] Pause Final Roots (N)                17 us
[2024-08-29T23:18:07.261+0800] 
[2024-08-29T23:18:07.261+0800] Allocation pacing accrued:
[2024-08-29T23:18:07.261+0800]       0 of   144 ms (  0.0%): <total>
[2024-08-29T23:18:07.261+0800]       0 of   144 ms (  0.0%): <average total>
[2024-08-29T23:18:07.261+0800] 
[2024-08-29T23:18:07.261+0800] Metaspace: 1653K(1856K)->1653K(1856K) NonClass: 1533K(1664K)->1533K(1664K) Class: 119K(192K)->119K(192K)
[2024-08-29T23:18:07.261+0800] Pacer for Idle. Initial: 41943K, Alloc Tax Rate: 1.0x
[2024-08-29T23:18:07.394+0800] Trigger: Free (202M) is below minimum threshold (204M)
[2024-08-29T23:18:07.394+0800] Free: 202M, Max: 1024K regular, 115M humongous, Frag: 43% external, 1% internal; Reserve: 103M, Max: 1024K
[2024-08-29T23:18:07.394+0800] GC(177) Concurrent reset
[2024-08-29T23:18:07.394+0800] GC(177) Using 2 of 4 workers for concurrent reset
[2024-08-29T23:18:07.394+0800] GC(177) Pacer for Reset. Non-Taxable: 2048M
[2024-08-29T23:18:07.399+0800] GC(177) Concurrent reset 4.790ms
[2024-08-29T23:18:07.399+0800] GC(177) Pause Init Mark (unload classes)
[2024-08-29T23:18:07.399+0800] GC(177) Using 4 of 4 workers for init marking
[2024-08-29T23:18:07.399+0800] GC(177) Pacer for Mark. Expected Live: 1208M, Free: 197M, Non-Taxable: 20260K, Alloc Tax Rate: 7.5x
[2024-08-29T23:18:07.399+0800] GC(177) Pause Init Mark (unload classes) 0.121ms
[2024-08-29T23:18:07.399+0800] GC(177) Concurrent marking roots
[2024-08-29T23:18:07.399+0800] GC(177) Using 2 of 4 workers for concurrent marking roots
[2024-08-29T23:18:07.399+0800] GC(177) Concurrent marking roots 0.198ms
[2024-08-29T23:18:07.399+0800] GC(177) Concurrent marking (unload classes)
[2024-08-29T23:18:07.399+0800] GC(177) Using 2 of 4 workers for concurrent marking
[2024-08-29T23:18:07.401+0800] GC(177) Concurrent marking (unload classes) 1.716ms
[2024-08-29T23:18:07.401+0800] GC(177) Pause Final Mark (unload classes)
[2024-08-29T23:18:07.401+0800] GC(177) Using 4 of 4 workers for final marking
[2024-08-29T23:18:07.401+0800] GC(177) Collectable Garbage: 322M (95%), Immediate: 322M (95%), CSet: 0B (0%)
[2024-08-29T23:18:07.401+0800] GC(177) Pause Final Mark (unload classes) 0.297ms
[2024-08-29T23:18:07.401+0800] GC(177) Concurrent weak references
[2024-08-29T23:18:07.401+0800] GC(177) Using 2 of 4 workers for concurrent weak references
[2024-08-29T23:18:07.401+0800] GC(177) Encountered references: Soft: 178, Weak: 297, Final: 0, Phantom: 5
[2024-08-29T23:18:07.401+0800] GC(177) Discovered  references: Soft: 0, Weak: 113, Final: 0, Phantom: 5
[2024-08-29T23:18:07.401+0800] GC(177) Enqueued    references: Soft: 0, Weak: 0, Final: 0, Phantom: 0
[2024-08-29T23:18:07.401+0800] GC(177) Concurrent weak references 0.065ms
[2024-08-29T23:18:07.401+0800] GC(177) Concurrent weak roots
[2024-08-29T23:18:07.401+0800] GC(177) Using 2 of 4 workers for concurrent weak root
[2024-08-29T23:18:07.402+0800] GC(177) Concurrent weak roots 0.443ms
[2024-08-29T23:18:07.402+0800] GC(177) Concurrent cleanup
[2024-08-29T23:18:07.402+0800] GC(177) Concurrent cleanup 1506M->1184M(2048M) 0.057ms
[2024-08-29T23:18:07.402+0800] GC(177) Free: 569M, Max: 1024K regular, 130M humongous, Frag: 77% external, 2% internal; Reserve: 103M, Max: 1024K
[2024-08-29T23:18:07.402+0800] GC(177) Concurrent class unloading
[2024-08-29T23:18:07.402+0800] GC(177) Using 2 of 4 workers for concurrent class unloading
[2024-08-29T23:18:07.403+0800] GC(177) Concurrent class unloading 1.630ms
[2024-08-29T23:18:07.403+0800] GC(177) Pause Final Roots
[2024-08-29T23:18:07.403+0800] GC(177) Pause Final Roots 0.013ms
[2024-08-29T23:18:07.404+0800] Free: 558M, Max: 1024K regular, 130M humongous, Frag: 77% external, 1% internal; Reserve: 103M, Max: 1024K
[2024-08-29T23:18:07.404+0800] 
[2024-08-29T23:18:07.404+0800] All times are wall-clock times, except per-root-class counters, that are sum over
[2024-08-29T23:18:07.404+0800] all workers. Dividing the <total> over the root stage time estimates parallelism.
[2024-08-29T23:18:07.404+0800] 
[2024-08-29T23:18:07.404+0800] Concurrent Reset                   4843 us
[2024-08-29T23:18:07.404+0800] Pause Init Mark (G)                 261 us
[2024-08-29T23:18:07.404+0800] Pause Init Mark (N)                 127 us
[2024-08-29T23:18:07.404+0800]   Update Region States               80 us
[2024-08-29T23:18:07.404+0800] Concurrent Mark Roots               208 us, parallelism: 0.80x
[2024-08-29T23:18:07.404+0800]   CMR: <total>                      167 us
[2024-08-29T23:18:07.404+0800]   CMR: Thread Roots                 128 us, workers (us):  50,  77, ---, ---, 
[2024-08-29T23:18:07.404+0800]   CMR: VM Strong Roots                5 us, workers (us):   5,   0, ---, ---, 
[2024-08-29T23:18:07.404+0800]   CMR: CLDG Roots                    34 us, workers (us):  34, ---, ---, ---, 
[2024-08-29T23:18:07.404+0800] Concurrent Marking                 1737 us
[2024-08-29T23:18:07.404+0800] Pause Final Mark (G)                363 us
[2024-08-29T23:18:07.404+0800] Pause Final Mark (N)                303 us
[2024-08-29T23:18:07.404+0800]   Finish Mark                       117 us
[2024-08-29T23:18:07.404+0800]   Update Region States               51 us
[2024-08-29T23:18:07.404+0800]   Choose Collection Set              94 us
[2024-08-29T23:18:07.404+0800]   Rebuild Free Set                    8 us
[2024-08-29T23:18:07.404+0800] Concurrent Weak References           70 us, parallelism: 0.12x
[2024-08-29T23:18:07.404+0800]   CWRF: <total>                       9 us
[2024-08-29T23:18:07.404+0800]   CWRF: Weak References               9 us, workers (us):   8,   0, ---, ---, 
[2024-08-29T23:18:07.404+0800] Concurrent Weak Roots               456 us
[2024-08-29T23:18:07.404+0800]   Roots                             382 us, parallelism: 1.63x
[2024-08-29T23:18:07.404+0800]     CWR: <total>                    621 us
[2024-08-29T23:18:07.404+0800]     CWR: Code Cache Roots           509 us, workers (us): 255, 254, ---, ---, 
[2024-08-29T23:18:07.404+0800]     CWR: VM Weak Roots              109 us, workers (us):  58,  51, ---, ---, 
[2024-08-29T23:18:07.404+0800]     CWR: CLDG Roots                   4 us, workers (us): ---,   4, ---, ---, 
[2024-08-29T23:18:07.404+0800]   Rendezvous                         51 us
[2024-08-29T23:18:07.404+0800] Concurrent Cleanup                   62 us
[2024-08-29T23:18:07.404+0800] Concurrent Class Unloading         1649 us
[2024-08-29T23:18:07.404+0800]   Unlink Stale                      737 us
[2024-08-29T23:18:07.404+0800]     System Dictionary                 2 us
[2024-08-29T23:18:07.404+0800]     Weak Class Links                  0 us
[2024-08-29T23:18:07.404+0800]     Code Roots                      733 us
[2024-08-29T23:18:07.404+0800]   Rendezvous                        785 us
[2024-08-29T23:18:07.404+0800]   Purge Unlinked                     98 us
[2024-08-29T23:18:07.404+0800]     Code Roots                       87 us
[2024-08-29T23:18:07.404+0800]     CLDG                             11 us
[2024-08-29T23:18:07.404+0800]     Exception Caches                  0 us
[2024-08-29T23:18:07.404+0800] Pause Final Roots (G)                89 us
[2024-08-29T23:18:07.404+0800] Pause Final Roots (N)                19 us
[2024-08-29T23:18:07.404+0800] 
[2024-08-29T23:18:07.404+0800] Allocation pacing accrued:
[2024-08-29T23:18:07.404+0800]       0 of   143 ms (  0.0%): <total>
[2024-08-29T23:18:07.404+0800]       0 of   143 ms (  0.0%): <average total>
[2024-08-29T23:18:07.404+0800] 
[2024-08-29T23:18:07.404+0800] Metaspace: 1653K(1856K)->1653K(1856K) NonClass: 1533K(1664K)->1533K(1664K) Class: 119K(192K)->119K(192K)
[2024-08-29T23:18:07.404+0800] Pacer for Idle. Initial: 41943K, Alloc Tax Rate: 1.0x
[2024-08-29T23:18:07.569+0800] Trigger: Free (204M) is below minimum threshold (204M)
[2024-08-29T23:18:07.569+0800] Free: 204M, Max: 1024K regular, 130M humongous, Frag: 36% external, 4% internal; Reserve: 103M, Max: 1024K
[2024-08-29T23:18:07.569+0800] GC(178) Concurrent reset
[2024-08-29T23:18:07.569+0800] GC(178) Using 2 of 4 workers for concurrent reset
[2024-08-29T23:18:07.569+0800] GC(178) Pacer for Reset. Non-Taxable: 2048M
[2024-08-29T23:18:07.575+0800] GC(178) Concurrent reset 6.316ms
[2024-08-29T23:18:07.575+0800] GC(178) Pause Init Mark (unload classes)
[2024-08-29T23:18:07.575+0800] GC(178) Using 4 of 4 workers for init marking
[2024-08-29T23:18:07.575+0800] GC(178) Pacer for Mark. Expected Live: 1202M, Free: 197M, Non-Taxable: 20180K, Alloc Tax Rate: 7.5x
[2024-08-29T23:18:07.575+0800] GC(178) Pause Init Mark (unload classes) 0.159ms
[2024-08-29T23:18:07.576+0800] GC(178) Concurrent marking roots
[2024-08-29T23:18:07.576+0800] GC(178) Using 2 of 4 workers for concurrent marking roots
[2024-08-29T23:18:07.576+0800] GC(178) Concurrent marking roots 0.206ms
[2024-08-29T23:18:07.576+0800] GC(178) Concurrent marking (unload classes)
[2024-08-29T23:18:07.576+0800] GC(178) Using 2 of 4 workers for concurrent marking
[2024-08-29T23:18:07.578+0800] GC(178) Concurrent marking (unload classes) 1.489ms
[2024-08-29T23:18:07.578+0800] GC(178) Pause Final Mark (unload classes)
[2024-08-29T23:18:07.578+0800] GC(178) Using 4 of 4 workers for final marking
[2024-08-29T23:18:07.578+0800] GC(178) Collectable Garbage: 367M (96%), Immediate: 367M (96%), CSet: 0B (0%)
[2024-08-29T23:18:07.578+0800] GC(178) Pause Final Mark (unload classes) 0.368ms
[2024-08-29T23:18:07.578+0800] GC(178) Concurrent weak references
[2024-08-29T23:18:07.578+0800] GC(178) Using 2 of 4 workers for concurrent weak references
[2024-08-29T23:18:07.578+0800] GC(178) Encountered references: Soft: 178, Weak: 297, Final: 0, Phantom: 5
[2024-08-29T23:18:07.578+0800] GC(178) Discovered  references: Soft: 0, Weak: 113, Final: 0, Phantom: 5
[2024-08-29T23:18:07.578+0800] GC(178) Enqueued    references: Soft: 0, Weak: 0, Final: 0, Phantom: 0
[2024-08-29T23:18:07.578+0800] GC(178) Concurrent weak references 0.168ms
[2024-08-29T23:18:07.578+0800] GC(178) Concurrent weak roots
[2024-08-29T23:18:07.578+0800] GC(178) Using 2 of 4 workers for concurrent weak root
[2024-08-29T23:18:07.579+0800] GC(178) Concurrent weak roots 0.364ms
[2024-08-29T23:18:07.579+0800] GC(178) Concurrent cleanup
[2024-08-29T23:18:07.579+0800] GC(178) Concurrent cleanup 1500M->1133M(2048M) 0.089ms
[2024-08-29T23:18:07.579+0800] GC(178) Free: 621M, Max: 1024K regular, 122M humongous, Frag: 81% external, 1% internal; Reserve: 103M, Max: 1024K
[2024-08-29T23:18:07.579+0800] GC(178) Concurrent class unloading
[2024-08-29T23:18:07.579+0800] GC(178) Using 2 of 4 workers for concurrent class unloading
[2024-08-29T23:18:07.580+0800] GC(178) Concurrent class unloading 0.862ms
[2024-08-29T23:18:07.580+0800] GC(178) Pause Final Roots
[2024-08-29T23:18:07.580+0800] GC(178) Pause Final Roots 0.016ms
[2024-08-29T23:18:07.580+0800] Free: 620M, Max: 1024K regular, 122M humongous, Frag: 81% external, 1% internal; Reserve: 103M, Max: 1024K
[2024-08-29T23:18:07.580+0800] 
[2024-08-29T23:18:07.580+0800] All times are wall-clock times, except per-root-class counters, that are sum over
[2024-08-29T23:18:07.580+0800] all workers. Dividing the <total> over the root stage time estimates parallelism.
[2024-08-29T23:18:07.580+0800] 
[2024-08-29T23:18:07.580+0800] Concurrent Reset                   6393 us
[2024-08-29T23:18:07.580+0800] Pause Init Mark (G)                 604 us
[2024-08-29T23:18:07.580+0800] Pause Init Mark (N)                 166 us
[2024-08-29T23:18:07.580+0800]   Update Region States               94 us
[2024-08-29T23:18:07.580+0800] Concurrent Mark Roots               222 us, parallelism: 0.88x
[2024-08-29T23:18:07.580+0800]   CMR: <total>                      195 us
[2024-08-29T23:18:07.580+0800]   CMR: Thread Roots                 156 us, workers (us):  65,  92, ---, ---, 
[2024-08-29T23:18:07.580+0800]   CMR: VM Strong Roots                5 us, workers (us):   4,   0, ---, ---, 
[2024-08-29T23:18:07.580+0800]   CMR: CLDG Roots                    34 us, workers (us):  34, ---, ---, ---, 
[2024-08-29T23:18:07.580+0800] Concurrent Marking                 1509 us
[2024-08-29T23:18:07.580+0800] Pause Final Mark (G)                521 us
[2024-08-29T23:18:07.580+0800] Pause Final Mark (N)                376 us
[2024-08-29T23:18:07.580+0800]   Finish Mark                       192 us
[2024-08-29T23:18:07.580+0800]   Update Region States               60 us
[2024-08-29T23:18:07.580+0800]   Choose Collection Set              78 us
[2024-08-29T23:18:07.580+0800]   Rebuild Free Set                    9 us
[2024-08-29T23:18:07.580+0800] Concurrent Weak References          176 us, parallelism: 0.02x
[2024-08-29T23:18:07.580+0800]   CWRF: <total>                       4 us
[2024-08-29T23:18:07.580+0800]   CWRF: Weak References               4 us, workers (us):   4,   0, ---, ---, 
[2024-08-29T23:18:07.580+0800] Concurrent Weak Roots               383 us
[2024-08-29T23:18:07.580+0800]   Roots                             269 us, parallelism: 1.35x
[2024-08-29T23:18:07.580+0800]     CWR: <total>                    362 us
[2024-08-29T23:18:07.580+0800]     CWR: Code Cache Roots           314 us, workers (us): 162, 152, ---, ---, 
[2024-08-29T23:18:07.580+0800]     CWR: VM Weak Roots               45 us, workers (us):  28,  17, ---, ---, 
[2024-08-29T23:18:07.580+0800]     CWR: CLDG Roots                   2 us, workers (us):   2, ---, ---, ---, 
[2024-08-29T23:18:07.580+0800]   Rendezvous                         81 us
[2024-08-29T23:18:07.580+0800] Concurrent Cleanup                   98 us
[2024-08-29T23:18:07.580+0800] Concurrent Class Unloading          881 us
[2024-08-29T23:18:07.580+0800]   Unlink Stale                      636 us
[2024-08-29T23:18:07.580+0800]     System Dictionary                 2 us
[2024-08-29T23:18:07.580+0800]     Weak Class Links                  0 us
[2024-08-29T23:18:07.580+0800]     Code Roots                      633 us
[2024-08-29T23:18:07.580+0800]   Rendezvous                        108 us
[2024-08-29T23:18:07.580+0800]   Purge Unlinked                    105 us
[2024-08-29T23:18:07.580+0800]     Code Roots                       90 us
[2024-08-29T23:18:07.580+0800]     CLDG                             14 us
[2024-08-29T23:18:07.580+0800]     Exception Caches                  1 us
[2024-08-29T23:18:07.580+0800] Pause Final Roots (G)               336 us
[2024-08-29T23:18:07.580+0800] Pause Final Roots (N)                23 us
[2024-08-29T23:18:07.580+0800] 
[2024-08-29T23:18:07.580+0800] Allocation pacing accrued:
[2024-08-29T23:18:07.580+0800]       0 of   176 ms (  0.0%): <total>
[2024-08-29T23:18:07.580+0800]       0 of   176 ms (  0.0%): <average total>
[2024-08-29T23:18:07.580+0800] 
[2024-08-29T23:18:07.580+0800] Metaspace: 1653K(1856K)->1653K(1856K) NonClass: 1533K(1664K)->1533K(1664K) Class: 119K(192K)->119K(192K)
[2024-08-29T23:18:07.580+0800] Pacer for Idle. Initial: 41943K, Alloc Tax Rate: 1.0x
[2024-08-29T23:18:07.761+0800] Trigger: Free (201M) is below minimum threshold (204M)
[2024-08-29T23:18:07.761+0800] Free: 201M, Max: 1024K regular, 122M humongous, Frag: 39% external, 3% internal; Reserve: 103M, Max: 1024K
[2024-08-29T23:18:07.761+0800] GC(179) Concurrent reset
[2024-08-29T23:18:07.761+0800] GC(179) Using 2 of 4 workers for concurrent reset
[2024-08-29T23:18:07.761+0800] GC(179) Pacer for Reset. Non-Taxable: 2048M
[2024-08-29T23:18:07.765+0800] GC(179) Concurrent reset 3.829ms
[2024-08-29T23:18:07.765+0800] GC(179) Pause Init Mark (unload classes)
[2024-08-29T23:18:07.765+0800] GC(179) Using 4 of 4 workers for init marking
[2024-08-29T23:18:07.765+0800] GC(179) Pacer for Mark. Expected Live: 1185M, Free: 201M, Non-Taxable: 20624K, Alloc Tax Rate: 7.2x
[2024-08-29T23:18:07.765+0800] GC(179) Pause Init Mark (unload classes) 0.108ms
[2024-08-29T23:18:07.765+0800] GC(179) Concurrent marking roots
[2024-08-29T23:18:07.765+0800] GC(179) Using 2 of 4 workers for concurrent marking roots
[2024-08-29T23:18:07.765+0800] GC(179) Concurrent marking roots 0.219ms
[2024-08-29T23:18:07.765+0800] GC(179) Concurrent marking (unload classes)
[2024-08-29T23:18:07.765+0800] GC(179) Using 2 of 4 workers for concurrent marking
[2024-08-29T23:18:07.766+0800] GC(179) Concurrent marking (unload classes) 1.388ms
[2024-08-29T23:18:07.766+0800] GC(179) Pause Final Mark (unload classes)
[2024-08-29T23:18:07.766+0800] GC(179) Using 4 of 4 workers for final marking
[2024-08-29T23:18:07.767+0800] GC(179) Collectable Garbage: 392M (95%), Immediate: 392M (95%), CSet: 0B (0%)
[2024-08-29T23:18:07.767+0800] GC(179) Pause Final Mark (unload classes) 0.259ms
[2024-08-29T23:18:07.767+0800] GC(179) Concurrent weak references
[2024-08-29T23:18:07.767+0800] GC(179) Using 2 of 4 workers for concurrent weak references
[2024-08-29T23:18:07.767+0800] GC(179) Encountered references: Soft: 178, Weak: 297, Final: 0, Phantom: 5
[2024-08-29T23:18:07.767+0800] GC(179) Discovered  references: Soft: 0, Weak: 114, Final: 0, Phantom: 5
[2024-08-29T23:18:07.767+0800] GC(179) Enqueued    references: Soft: 0, Weak: 0, Final: 0, Phantom: 0
[2024-08-29T23:18:07.767+0800] GC(179) Concurrent weak references 0.138ms
[2024-08-29T23:18:07.767+0800] GC(179) Concurrent weak roots
[2024-08-29T23:18:07.767+0800] GC(179) Using 2 of 4 workers for concurrent weak root
[2024-08-29T23:18:07.769+0800] GC(179) Concurrent weak roots 1.689ms
[2024-08-29T23:18:07.769+0800] GC(179) Concurrent cleanup
[2024-08-29T23:18:07.769+0800] GC(179) Concurrent cleanup 1494M->1102M(2048M) 0.085ms
[2024-08-29T23:18:07.769+0800] GC(179) Free: 651M, Max: 1024K regular, 122M humongous, Frag: 82% external, 0% internal; Reserve: 103M, Max: 1024K
[2024-08-29T23:18:07.769+0800] GC(179) Concurrent class unloading
[2024-08-29T23:18:07.769+0800] GC(179) Using 2 of 4 workers for concurrent class unloading
[2024-08-29T23:18:07.770+0800] GC(179) Concurrent class unloading 0.926ms
[2024-08-29T23:18:07.770+0800] GC(179) Pause Final Roots
[2024-08-29T23:18:07.770+0800] GC(179) Pause Final Roots 0.015ms
[2024-08-29T23:18:07.770+0800] Free: 650M, Max: 1024K regular, 122M humongous, Frag: 82% external, 0% internal; Reserve: 103M, Max: 1024K
[2024-08-29T23:18:07.770+0800] 
[2024-08-29T23:18:07.770+0800] All times are wall-clock times, except per-root-class counters, that are sum over
[2024-08-29T23:18:07.770+0800] all workers. Dividing the <total> over the root stage time estimates parallelism.
[2024-08-29T23:18:07.770+0800] 
[2024-08-29T23:18:07.770+0800] Concurrent Reset                   3900 us
[2024-08-29T23:18:07.770+0800] Pause Init Mark (G)                 202 us
[2024-08-29T23:18:07.770+0800] Pause Init Mark (N)                 114 us
[2024-08-29T23:18:07.770+0800]   Update Region States               69 us
[2024-08-29T23:18:07.770+0800] Concurrent Mark Roots               230 us, parallelism: 1.05x
[2024-08-29T23:18:07.770+0800]   CMR: <total>                      241 us
[2024-08-29T23:18:07.770+0800]   CMR: Thread Roots                 188 us, workers (us):  75, 114, ---, ---, 
[2024-08-29T23:18:07.770+0800]   CMR: VM Strong Roots                4 us, workers (us):   4,   0, ---, ---, 
[2024-08-29T23:18:07.770+0800]   CMR: CLDG Roots                    49 us, workers (us):  49, ---, ---, ---, 
[2024-08-29T23:18:07.770+0800] Concurrent Marking                 1406 us
[2024-08-29T23:18:07.770+0800] Pause Final Mark (G)                342 us
[2024-08-29T23:18:07.770+0800] Pause Final Mark (N)                267 us
[2024-08-29T23:18:07.770+0800]   Finish Mark                       105 us
[2024-08-29T23:18:07.770+0800]   Update Region States               40 us
[2024-08-29T23:18:07.770+0800]   Choose Collection Set              82 us
[2024-08-29T23:18:07.770+0800]   Rebuild Free Set                    9 us
[2024-08-29T23:18:07.770+0800] Concurrent Weak References          145 us, parallelism: 0.04x
[2024-08-29T23:18:07.770+0800]   CWRF: <total>                       6 us
[2024-08-29T23:18:07.770+0800]   CWRF: Weak References               6 us, workers (us):   5,   0, ---, ---, 
[2024-08-29T23:18:07.770+0800] Concurrent Weak Roots              1710 us
[2024-08-29T23:18:07.770+0800]   Roots                             588 us, parallelism: 1.59x
[2024-08-29T23:18:07.770+0800]     CWR: <total>                    934 us
[2024-08-29T23:18:07.770+0800]     CWR: Code Cache Roots           820 us, workers (us): 380, 440, ---, ---, 
[2024-08-29T23:18:07.770+0800]     CWR: VM Weak Roots              110 us, workers (us):  59,  51, ---, ---, 
[2024-08-29T23:18:07.770+0800]     CWR: CLDG Roots                   5 us, workers (us): ---,   5, ---, ---, 
[2024-08-29T23:18:07.770+0800]   Rendezvous                       1089 us
[2024-08-29T23:18:07.770+0800] Concurrent Cleanup                   92 us
[2024-08-29T23:18:07.770+0800] Concurrent Class Unloading          950 us
[2024-08-29T23:18:07.770+0800]   Unlink Stale                      691 us
[2024-08-29T23:18:07.770+0800]     System Dictionary                 2 us
[2024-08-29T23:18:07.770+0800]     Weak Class Links                  0 us
[2024-08-29T23:18:07.770+0800]     Code Roots                      688 us
[2024-08-29T23:18:07.770+0800]   Rendezvous                         82 us
[2024-08-29T23:18:07.770+0800]   Purge Unlinked                    139 us
[2024-08-29T23:18:07.770+0800]     Code Roots                      122 us
[2024-08-29T23:18:07.770+0800]     CLDG                             16 us
[2024-08-29T23:18:07.770+0800]     Exception Caches                  0 us
[2024-08-29T23:18:07.770+0800] Pause Final Roots (G)               107 us
[2024-08-29T23:18:07.770+0800] Pause Final Roots (N)                22 us
[2024-08-29T23:18:07.770+0800] 
[2024-08-29T23:18:07.770+0800] Allocation pacing accrued:
[2024-08-29T23:18:07.770+0800]       0 of   190 ms (  0.0%): <total>
[2024-08-29T23:18:07.770+0800]       0 of   190 ms (  0.0%): <average total>
[2024-08-29T23:18:07.770+0800] 
[2024-08-29T23:18:07.770+0800] Metaspace: 1653K(1856K)->1653K(1856K) NonClass: 1533K(1664K)->1533K(1664K) Class: 119K(192K)->119K(192K)
[2024-08-29T23:18:07.770+0800] Pacer for Idle. Initial: 41943K, Alloc Tax Rate: 1.0x
[2024-08-29T23:18:07.944+0800] Trigger: Free (201M) is below minimum threshold (204M)
[2024-08-29T23:18:07.944+0800] Free: 201M, Max: 1024K regular, 122M humongous, Frag: 39% external, 0% internal; Reserve: 103M, Max: 1024K
[2024-08-29T23:18:07.944+0800] GC(180) Concurrent reset
[2024-08-29T23:18:07.944+0800] GC(180) Using 2 of 4 workers for concurrent reset
[2024-08-29T23:18:07.944+0800] GC(180) Pacer for Reset. Non-Taxable: 2048M
[2024-08-29T23:18:07.949+0800] GC(180) Concurrent reset 5.135ms
[2024-08-29T23:18:07.949+0800] GC(180) Pause Init Mark (unload classes)
[2024-08-29T23:18:07.949+0800] GC(180) Using 4 of 4 workers for init marking
[2024-08-29T23:18:07.949+0800] GC(180) Pacer for Mark. Expected Live: 1157M, Free: 186M, Non-Taxable: 19047K, Alloc Tax Rate: 7.6x
[2024-08-29T23:18:07.949+0800] GC(180) Pause Init Mark (unload classes) 0.113ms
[2024-08-29T23:18:07.949+0800] GC(180) Concurrent marking roots
[2024-08-29T23:18:07.949+0800] GC(180) Using 2 of 4 workers for concurrent marking roots
[2024-08-29T23:18:07.949+0800] GC(180) Concurrent marking roots 0.183ms
[2024-08-29T23:18:07.949+0800] GC(180) Concurrent marking (unload classes)
[2024-08-29T23:18:07.949+0800] GC(180) Using 2 of 4 workers for concurrent marking
[2024-08-29T23:18:07.951+0800] GC(180) Concurrent marking (unload classes) 2.034ms
[2024-08-29T23:18:07.951+0800] GC(180) Pause Final Mark (unload classes)
[2024-08-29T23:18:07.951+0800] GC(180) Using 4 of 4 workers for final marking
[2024-08-29T23:18:07.952+0800] GC(180) Collectable Garbage: 386M (96%), Immediate: 386M (96%), CSet: 0B (0%)
[2024-08-29T23:18:07.952+0800] GC(180) Pause Final Mark (unload classes) 0.269ms
[2024-08-29T23:18:07.952+0800] GC(180) Concurrent weak references
[2024-08-29T23:18:07.952+0800] GC(180) Using 2 of 4 workers for concurrent weak references
[2024-08-29T23:18:07.952+0800] GC(180) Encountered references: Soft: 178, Weak: 297, Final: 0, Phantom: 5
[2024-08-29T23:18:07.952+0800] GC(180) Discovered  references: Soft: 0, Weak: 113, Final: 0, Phantom: 5
[2024-08-29T23:18:07.952+0800] GC(180) Enqueued    references: Soft: 0, Weak: 0, Final: 0, Phantom: 0
[2024-08-29T23:18:07.952+0800] GC(180) Concurrent weak references 0.081ms
[2024-08-29T23:18:07.952+0800] GC(180) Concurrent weak roots
[2024-08-29T23:18:07.952+0800] GC(180) Using 2 of 4 workers for concurrent weak root
[2024-08-29T23:18:07.952+0800] GC(180) Concurrent weak roots 0.280ms
[2024-08-29T23:18:07.952+0800] GC(180) Concurrent cleanup
[2024-08-29T23:18:07.952+0800] GC(180) Concurrent cleanup 1509M->1122M(2048M) 0.059ms
[2024-08-29T23:18:07.952+0800] GC(180) Free: 631M, Max: 1024K regular, 122M humongous, Frag: 81% external, 1% internal; Reserve: 103M, Max: 1024K
[2024-08-29T23:18:07.952+0800] GC(180) Concurrent class unloading
[2024-08-29T23:18:07.952+0800] GC(180) Using 2 of 4 workers for concurrent class unloading
[2024-08-29T23:18:07.953+0800] GC(180) Concurrent class unloading 0.757ms
[2024-08-29T23:18:07.953+0800] GC(180) Pause Final Roots
[2024-08-29T23:18:07.953+0800] GC(180) Pause Final Roots 0.012ms
[2024-08-29T23:18:07.953+0800] Free: 626M, Max: 1024K regular, 122M humongous, Frag: 81% external, 1% internal; Reserve: 103M, Max: 1024K
[2024-08-29T23:18:07.953+0800] 
[2024-08-29T23:18:07.953+0800] All times are wall-clock times, except per-root-class counters, that are sum over
[2024-08-29T23:18:07.953+0800] all workers. Dividing the <total> over the root stage time estimates parallelism.
[2024-08-29T23:18:07.953+0800] 
[2024-08-29T23:18:07.953+0800] Concurrent Reset                   5199 us
[2024-08-29T23:18:07.953+0800] Pause Init Mark (G)                 215 us
[2024-08-29T23:18:07.953+0800] Pause Init Mark (N)                 119 us
[2024-08-29T23:18:07.953+0800]   Update Region States               71 us
[2024-08-29T23:18:07.953+0800] Concurrent Mark Roots               193 us, parallelism: 0.89x
[2024-08-29T23:18:07.953+0800]   CMR: <total>                      171 us
[2024-08-29T23:18:07.953+0800]   CMR: Thread Roots                 131 us, workers (us):  56,  75, ---, ---, 
[2024-08-29T23:18:07.953+0800]   CMR: VM Strong Roots                5 us, workers (us):   4,   0, ---, ---, 
[2024-08-29T23:18:07.953+0800]   CMR: CLDG Roots                    35 us, workers (us):  35, ---, ---, ---, 
[2024-08-29T23:18:07.953+0800] Concurrent Marking                 2064 us
[2024-08-29T23:18:07.953+0800] Pause Final Mark (G)                333 us
[2024-08-29T23:18:07.953+0800] Pause Final Mark (N)                275 us
[2024-08-29T23:18:07.953+0800]   Finish Mark                        97 us
[2024-08-29T23:18:07.953+0800]   Update Region States               71 us
[2024-08-29T23:18:07.953+0800]   Choose Collection Set              74 us
[2024-08-29T23:18:07.953+0800]   Rebuild Free Set                    7 us
[2024-08-29T23:18:07.953+0800] Concurrent Weak References           86 us, parallelism: 0.04x
[2024-08-29T23:18:07.953+0800]   CWRF: <total>                       4 us
[2024-08-29T23:18:07.953+0800]   CWRF: Weak References               4 us, workers (us):   4,   0, ---, ---, 
[2024-08-29T23:18:07.953+0800] Concurrent Weak Roots               290 us
[2024-08-29T23:18:07.953+0800]   Roots                             219 us, parallelism: 1.54x
[2024-08-29T23:18:07.953+0800]     CWR: <total>                    337 us
[2024-08-29T23:18:07.953+0800]     CWR: Code Cache Roots           291 us, workers (us): 143, 148, ---, ---, 
[2024-08-29T23:18:07.953+0800]     CWR: VM Weak Roots               44 us, workers (us):  26,  18, ---, ---, 
[2024-08-29T23:18:07.953+0800]     CWR: CLDG Roots                   2 us, workers (us):   2, ---, ---, ---, 
[2024-08-29T23:18:07.953+0800]   Rendezvous                         52 us
[2024-08-29T23:18:07.953+0800] Concurrent Cleanup                   64 us
[2024-08-29T23:18:07.953+0800] Concurrent Class Unloading          771 us
[2024-08-29T23:18:07.953+0800]   Unlink Stale                      622 us
[2024-08-29T23:18:07.953+0800]     System Dictionary                 2 us
[2024-08-29T23:18:07.953+0800]     Weak Class Links                  0 us
[2024-08-29T23:18:07.953+0800]     Code Roots                      619 us
[2024-08-29T23:18:07.953+0800]   Rendezvous                         53 us
[2024-08-29T23:18:07.953+0800]   Purge Unlinked                     55 us
[2024-08-29T23:18:07.953+0800]     Code Roots                       45 us
[2024-08-29T23:18:07.953+0800]     CLDG                             10 us
[2024-08-29T23:18:07.953+0800]     Exception Caches                  0 us
[2024-08-29T23:18:07.953+0800] Pause Final Roots (G)                72 us
[2024-08-29T23:18:07.953+0800] Pause Final Roots (N)                18 us
[2024-08-29T23:18:07.953+0800] 
[2024-08-29T23:18:07.953+0800] Allocation pacing accrued:
[2024-08-29T23:18:07.953+0800]       0 of   183 ms (  0.0%): <total>
[2024-08-29T23:18:07.953+0800]       0 of   183 ms (  0.0%): <average total>
[2024-08-29T23:18:07.953+0800] 
[2024-08-29T23:18:07.953+0800] Metaspace: 1653K(1856K)->1653K(1856K) NonClass: 1533K(1664K)->1533K(1664K) Class: 119K(192K)->119K(192K)
[2024-08-29T23:18:07.953+0800] Pacer for Idle. Initial: 41943K, Alloc Tax Rate: 1.0x
[2024-08-29T23:18:08.153+0800] Trigger: Free (196M) is below minimum threshold (204M)
[2024-08-29T23:18:08.153+0800] Free: 196M, Max: 1024K regular, 122M humongous, Frag: 38% external, 0% internal; Reserve: 103M, Max: 1024K
[2024-08-29T23:18:08.153+0800] GC(181) Concurrent reset
[2024-08-29T23:18:08.153+0800] GC(181) Using 2 of 4 workers for concurrent reset
[2024-08-29T23:18:08.153+0800] GC(181) Pacer for Reset. Non-Taxable: 2048M
[2024-08-29T23:18:08.161+0800] GC(181) Concurrent reset 7.749ms
[2024-08-29T23:18:08.161+0800] GC(181) Pause Init Mark (unload classes)
[2024-08-29T23:18:08.161+0800] GC(181) Using 4 of 4 workers for init marking
[2024-08-29T23:18:08.161+0800] GC(181) Pacer for Mark. Expected Live: 1134M, Free: 172M, Non-Taxable: 17626K, Alloc Tax Rate: 8.1x
[2024-08-29T23:18:08.161+0800] GC(181) Pause Init Mark (unload classes) 0.114ms
[2024-08-29T23:18:08.161+0800] GC(181) Concurrent marking roots
[2024-08-29T23:18:08.161+0800] GC(181) Using 2 of 4 workers for concurrent marking roots
[2024-08-29T23:18:08.162+0800] GC(181) Concurrent marking roots 0.252ms
[2024-08-29T23:18:08.162+0800] GC(181) Concurrent marking (unload classes)
[2024-08-29T23:18:08.162+0800] GC(181) Using 2 of 4 workers for concurrent marking
[2024-08-29T23:18:08.163+0800] GC(181) Concurrent marking (unload classes) 1.208ms
[2024-08-29T23:18:08.163+0800] GC(181) Pause Final Mark (unload classes)
[2024-08-29T23:18:08.163+0800] GC(181) Using 4 of 4 workers for final marking
[2024-08-29T23:18:08.163+0800] GC(181) Collectable Garbage: 481M (96%), Immediate: 481M (96%), CSet: 0B (0%)
[2024-08-29T23:18:08.163+0800] GC(181) Pause Final Mark (unload classes) 0.275ms
[2024-08-29T23:18:08.163+0800] GC(181) Concurrent weak references
[2024-08-29T23:18:08.163+0800] GC(181) Using 2 of 4 workers for concurrent weak references
[2024-08-29T23:18:08.163+0800] GC(181) Encountered references: Soft: 178, Weak: 297, Final: 0, Phantom: 5
[2024-08-29T23:18:08.163+0800] GC(181) Discovered  references: Soft: 0, Weak: 113, Final: 0, Phantom: 3
[2024-08-29T23:18:08.163+0800] GC(181) Enqueued    references: Soft: 0, Weak: 0, Final: 0, Phantom: 0
[2024-08-29T23:18:08.163+0800] GC(181) Concurrent weak references 0.088ms
[2024-08-29T23:18:08.163+0800] GC(181) Concurrent weak roots
[2024-08-29T23:18:08.163+0800] GC(181) Using 2 of 4 workers for concurrent weak root
[2024-08-29T23:18:08.164+0800] GC(181) Concurrent weak roots 0.501ms
[2024-08-29T23:18:08.164+0800] GC(181) Concurrent cleanup
[2024-08-29T23:18:08.164+0800] GC(181) Concurrent cleanup 1518M->1036M(2048M) 0.062ms
[2024-08-29T23:18:08.164+0800] GC(181) Free: 734M, Max: 1024K regular, 125M humongous, Frag: 83% external, 2% internal; Reserve: 103M, Max: 1024K
[2024-08-29T23:18:08.164+0800] GC(181) Concurrent class unloading
[2024-08-29T23:18:08.164+0800] GC(181) Using 2 of 4 workers for concurrent class unloading
[2024-08-29T23:18:08.165+0800] GC(181) Concurrent class unloading 1.584ms
[2024-08-29T23:18:08.166+0800] GC(181) Pause Final Roots
[2024-08-29T23:18:08.166+0800] GC(181) Pause Final Roots 0.007ms
[2024-08-29T23:18:08.166+0800] Free: 731M, Max: 1024K regular, 125M humongous, Frag: 83% external, 2% internal; Reserve: 103M, Max: 1024K
[2024-08-29T23:18:08.166+0800] 
[2024-08-29T23:18:08.166+0800] All times are wall-clock times, except per-root-class counters, that are sum over
[2024-08-29T23:18:08.166+0800] all workers. Dividing the <total> over the root stage time estimates parallelism.
[2024-08-29T23:18:08.166+0800] 
[2024-08-29T23:18:08.166+0800] Concurrent Reset                   7848 us
[2024-08-29T23:18:08.166+0800] Pause Init Mark (G)                 172 us
[2024-08-29T23:18:08.166+0800] Pause Init Mark (N)                 120 us
[2024-08-29T23:18:08.166+0800]   Update Region States               70 us
[2024-08-29T23:18:08.166+0800] Concurrent Mark Roots               263 us, parallelism: 0.64x
[2024-08-29T23:18:08.166+0800]   CMR: <total>                      168 us
[2024-08-29T23:18:08.166+0800]   CMR: Thread Roots                 135 us, workers (us): 135,   0, ---, ---, 
[2024-08-29T23:18:08.166+0800]   CMR: VM Strong Roots                4 us, workers (us):   4,   0, ---, ---, 
[2024-08-29T23:18:08.166+0800]   CMR: CLDG Roots                    29 us, workers (us):  29, ---, ---, ---, 
[2024-08-29T23:18:08.166+0800] Concurrent Marking                 1225 us
[2024-08-29T23:18:08.166+0800] Pause Final Mark (G)                301 us
[2024-08-29T23:18:08.166+0800] Pause Final Mark (N)                281 us
[2024-08-29T23:18:08.166+0800]   Finish Mark                       110 us
[2024-08-29T23:18:08.166+0800]   Update Region States               60 us
[2024-08-29T23:18:08.166+0800]   Choose Collection Set              84 us
[2024-08-29T23:18:08.166+0800]   Rebuild Free Set                    8 us
[2024-08-29T23:18:08.166+0800] Concurrent Weak References           93 us, parallelism: 0.04x
[2024-08-29T23:18:08.166+0800]   CWRF: <total>                       4 us
[2024-08-29T23:18:08.166+0800]   CWRF: Weak References               4 us, workers (us):   3,   0, ---, ---, 
[2024-08-29T23:18:08.166+0800] Concurrent Weak Roots               511 us
[2024-08-29T23:18:08.166+0800]   Roots                             469 us, parallelism: 1.63x
[2024-08-29T23:18:08.166+0800]     CWR: <total>                    763 us
[2024-08-29T23:18:08.166+0800]     CWR: Code Cache Roots           653 us, workers (us): 320, 333, ---, ---, 
[2024-08-29T23:18:08.166+0800]     CWR: VM Weak Roots              105 us, workers (us):  73,  32, ---, ---, 
[2024-08-29T23:18:08.166+0800]     CWR: CLDG Roots                   5 us, workers (us):   5, ---, ---, ---, 
[2024-08-29T23:18:08.166+0800]   Rendezvous                         23 us
[2024-08-29T23:18:08.166+0800] Concurrent Cleanup                   67 us
[2024-08-29T23:18:08.166+0800] Concurrent Class Unloading         1603 us
[2024-08-29T23:18:08.166+0800]   Unlink Stale                     1398 us
[2024-08-29T23:18:08.166+0800]     System Dictionary                 2 us
[2024-08-29T23:18:08.166+0800]     Weak Class Links                  0 us
[2024-08-29T23:18:08.166+0800]     Code Roots                     1395 us
[2024-08-29T23:18:08.166+0800]   Rendezvous                         29 us
[2024-08-29T23:18:08.166+0800]   Purge Unlinked                    147 us
[2024-08-29T23:18:08.166+0800]     Code Roots                      141 us
[2024-08-29T23:18:08.166+0800]     CLDG                              5 us
[2024-08-29T23:18:08.166+0800]     Exception Caches                  0 us
[2024-08-29T23:18:08.166+0800] Pause Final Roots (G)                44 us
[2024-08-29T23:18:08.166+0800] Pause Final Roots (N)                11 us
[2024-08-29T23:18:08.166+0800] 
[2024-08-29T23:18:08.166+0800] Allocation pacing accrued:
[2024-08-29T23:18:08.166+0800]       0 of   213 ms (  0.0%): <total>
[2024-08-29T23:18:08.166+0800]       0 of   213 ms (  0.0%): <average total>
[2024-08-29T23:18:08.166+0800] 
[2024-08-29T23:18:08.166+0800] Metaspace: 1653K(1856K)->1653K(1856K) NonClass: 1533K(1664K)->1533K(1664K) Class: 119K(192K)->119K(192K)
[2024-08-29T23:18:08.166+0800] Pacer for Idle. Initial: 41943K, Alloc Tax Rate: 1.0x
[2024-08-29T23:18:08.417+0800] Trigger: Free (200M) is below minimum threshold (204M)
[2024-08-29T23:18:08.418+0800] Free: 198M, Max: 1024K regular, 125M humongous, Frag: 37% external, 2% internal; Reserve: 103M, Max: 1024K
[2024-08-29T23:18:08.418+0800] GC(182) Concurrent reset
[2024-08-29T23:18:08.418+0800] GC(182) Using 2 of 4 workers for concurrent reset
[2024-08-29T23:18:08.418+0800] GC(182) Pacer for Reset. Non-Taxable: 2048M
[2024-08-29T23:18:08.423+0800] GC(182) Concurrent reset 5.142ms
[2024-08-29T23:18:08.425+0800] GC(182) Pause Init Mark (unload classes)
[2024-08-29T23:18:08.425+0800] GC(182) Using 4 of 4 workers for init marking
[2024-08-29T23:18:08.425+0800] GC(182) Pacer for Mark. Expected Live: 1092M, Free: 189M, Non-Taxable: 19448K, Alloc Tax Rate: 7.0x
[2024-08-29T23:18:08.425+0800] GC(182) Pause Init Mark (unload classes) 0.141ms
[2024-08-29T23:18:08.425+0800] GC(182) Concurrent marking roots
[2024-08-29T23:18:08.425+0800] GC(182) Using 2 of 4 workers for concurrent marking roots
[2024-08-29T23:18:08.425+0800] GC(182) Concurrent marking roots 0.439ms
[2024-08-29T23:18:08.425+0800] GC(182) Concurrent marking (unload classes)
[2024-08-29T23:18:08.425+0800] GC(182) Using 2 of 4 workers for concurrent marking
[2024-08-29T23:18:08.427+0800] GC(182) Concurrent marking (unload classes) 1.787ms
[2024-08-29T23:18:08.427+0800] GC(182) Pause Final Mark (unload classes)
[2024-08-29T23:18:08.427+0800] GC(182) Using 4 of 4 workers for final marking
[2024-08-29T23:18:08.427+0800] GC(182) Collectable Garbage: 625M (97%), Immediate: 625M (97%), CSet: 0B (0%)
[2024-08-29T23:18:08.427+0800] GC(182) Pause Final Mark (unload classes) 0.301ms
[2024-08-29T23:18:08.428+0800] GC(182) Concurrent weak references
[2024-08-29T23:18:08.428+0800] GC(182) Using 2 of 4 workers for concurrent weak references
[2024-08-29T23:18:08.428+0800] GC(182) Encountered references: Soft: 178, Weak: 297, Final: 0, Phantom: 5
[2024-08-29T23:18:08.428+0800] GC(182) Discovered  references: Soft: 0, Weak: 64, Final: 0, Phantom: 3
[2024-08-29T23:18:08.428+0800] GC(182) Enqueued    references: Soft: 0, Weak: 0, Final: 0, Phantom: 0
[2024-08-29T23:18:08.428+0800] GC(182) Concurrent weak references 0.584ms
[2024-08-29T23:18:08.428+0800] GC(182) Concurrent weak roots
[2024-08-29T23:18:08.428+0800] GC(182) Using 2 of 4 workers for concurrent weak root
[2024-08-29T23:18:08.430+0800] GC(182) Concurrent weak roots 1.580ms
[2024-08-29T23:18:08.430+0800] GC(182) Concurrent cleanup
[2024-08-29T23:18:08.430+0800] GC(182) Concurrent cleanup 1532M->906M(2048M) 0.084ms
[2024-08-29T23:18:08.430+0800] GC(182) Free: 893M, Max: 1024K regular, 130M humongous, Frag: 86% external, 1% internal; Reserve: 103M, Max: 1024K
[2024-08-29T23:18:08.430+0800] GC(182) Concurrent class unloading
[2024-08-29T23:18:08.430+0800] GC(182) Using 2 of 4 workers for concurrent class unloading
[2024-08-29T23:18:08.432+0800] GC(182) Concurrent class unloading 2.014ms
[2024-08-29T23:18:08.432+0800] GC(182) Pause Final Roots
[2024-08-29T23:18:08.432+0800] GC(182) Pause Final Roots 0.026ms
[2024-08-29T23:18:08.432+0800] Free: 888M, Max: 1024K regular, 130M humongous, Frag: 86% external, 1% internal; Reserve: 103M, Max: 1024K
[2024-08-29T23:18:08.432+0800] 
[2024-08-29T23:18:08.432+0800] All times are wall-clock times, except per-root-class counters, that are sum over
[2024-08-29T23:18:08.432+0800] all workers. Dividing the <total> over the root stage time estimates parallelism.
[2024-08-29T23:18:08.432+0800] 
[2024-08-29T23:18:08.432+0800] Concurrent Reset                   5192 us
[2024-08-29T23:18:08.432+0800] Pause Init Mark (G)                2044 us
[2024-08-29T23:18:08.432+0800] Pause Init Mark (N)                 148 us
[2024-08-29T23:18:08.432+0800]   Update Region States               70 us
[2024-08-29T23:18:08.432+0800] Concurrent Mark Roots               452 us, parallelism: 0.66x
[2024-08-29T23:18:08.432+0800]   CMR: <total>                      300 us
[2024-08-29T23:18:08.432+0800]   CMR: Thread Roots                 194 us, workers (us): 194,   0, ---, ---, 
[2024-08-29T23:18:08.432+0800]   CMR: VM Strong Roots                7 us, workers (us):   7,   0, ---, ---, 
[2024-08-29T23:18:08.432+0800]   CMR: CLDG Roots                    99 us, workers (us):  99, ---, ---, ---, 
[2024-08-29T23:18:08.432+0800] Concurrent Marking                 1803 us
[2024-08-29T23:18:08.432+0800] Pause Final Mark (G)                398 us
[2024-08-29T23:18:08.432+0800] Pause Final Mark (N)                308 us
[2024-08-29T23:18:08.432+0800]   Finish Mark                       117 us
[2024-08-29T23:18:08.432+0800]   Update Region States               52 us
[2024-08-29T23:18:08.432+0800]   Choose Collection Set             102 us
[2024-08-29T23:18:08.432+0800]   Rebuild Free Set                    8 us
[2024-08-29T23:18:08.432+0800] Concurrent Weak References          589 us, parallelism: 0.01x
[2024-08-29T23:18:08.432+0800]   CWRF: <total>                       3 us
[2024-08-29T23:18:08.432+0800]   CWRF: Weak References               3 us, workers (us):   3,   0, ---, ---, 
[2024-08-29T23:18:08.432+0800] Concurrent Weak Roots              1597 us
[2024-08-29T23:18:08.432+0800]   Roots                             406 us, parallelism: 1.53x
[2024-08-29T23:18:08.432+0800]     CWR: <total>                    621 us
[2024-08-29T23:18:08.432+0800]     CWR: Code Cache Roots           529 us, workers (us): 272, 257, ---, ---, 
[2024-08-29T23:18:08.432+0800]     CWR: VM Weak Roots               88 us, workers (us):  47,  41, ---, ---, 
[2024-08-29T23:18:08.432+0800]     CWR: CLDG Roots                   4 us, workers (us):   4, ---, ---, ---, 
[2024-08-29T23:18:08.432+0800]   Rendezvous                       1163 us
[2024-08-29T23:18:08.432+0800] Concurrent Cleanup                   91 us
[2024-08-29T23:18:08.432+0800] Concurrent Class Unloading         2040 us
[2024-08-29T23:18:08.432+0800]   Unlink Stale                     1291 us
[2024-08-29T23:18:08.432+0800]     System Dictionary                 2 us
[2024-08-29T23:18:08.432+0800]     Weak Class Links                  0 us
[2024-08-29T23:18:08.432+0800]     Code Roots                     1287 us
[2024-08-29T23:18:08.432+0800]   Rendezvous                        580 us
[2024-08-29T23:18:08.432+0800]   Purge Unlinked                    130 us
[2024-08-29T23:18:08.432+0800]     Code Roots                      112 us
[2024-08-29T23:18:08.432+0800]     CLDG                             17 us
[2024-08-29T23:18:08.432+0800]     Exception Caches                  0 us
[2024-08-29T23:18:08.432+0800] Pause Final Roots (G)               137 us
[2024-08-29T23:18:08.432+0800] Pause Final Roots (N)                38 us
[2024-08-29T23:18:08.432+0800] 
[2024-08-29T23:18:08.432+0800] Allocation pacing accrued:
[2024-08-29T23:18:08.432+0800]       0 of   267 ms (  0.0%): <total>
[2024-08-29T23:18:08.432+0800]       0 of   267 ms (  0.0%): <average total>
[2024-08-29T23:18:08.432+0800] 
[2024-08-29T23:18:08.432+0800] Metaspace: 1653K(1856K)->1653K(1856K) NonClass: 1533K(1664K)->1533K(1664K) Class: 119K(192K)->119K(192K)
[2024-08-29T23:18:08.432+0800] Pacer for Idle. Initial: 41943K, Alloc Tax Rate: 1.0x
[2024-08-29T23:18:08.688+0800] Trigger: Free (199M) is below minimum threshold (204M)
[2024-08-29T23:18:08.688+0800] Free: 199M, Max: 1024K regular, 130M humongous, Frag: 35% external, 1% internal; Reserve: 103M, Max: 1024K
[2024-08-29T23:18:08.688+0800] GC(183) Concurrent reset
[2024-08-29T23:18:08.688+0800] GC(183) Using 2 of 4 workers for concurrent reset
[2024-08-29T23:18:08.688+0800] GC(183) Pacer for Reset. Non-Taxable: 2048M
[2024-08-29T23:18:08.694+0800] GC(183) Concurrent reset 5.848ms
[2024-08-29T23:18:08.694+0800] GC(183) Pause Init Mark (unload classes)
[2024-08-29T23:18:08.694+0800] GC(183) Using 4 of 4 workers for init marking
[2024-08-29T23:18:08.694+0800] GC(183) Pacer for Mark. Expected Live: 1032M, Free: 178M, Non-Taxable: 18311K, Alloc Tax Rate: 7.1x
[2024-08-29T23:18:08.694+0800] GC(183) Pause Init Mark (unload classes) 0.107ms
[2024-08-29T23:18:08.694+0800] GC(183) Concurrent marking roots
[2024-08-29T23:18:08.694+0800] GC(183) Using 2 of 4 workers for concurrent marking roots
[2024-08-29T23:18:08.695+0800] GC(183) Concurrent marking roots 0.338ms
[2024-08-29T23:18:08.695+0800] GC(183) Concurrent marking (unload classes)
[2024-08-29T23:18:08.695+0800] GC(183) Using 2 of 4 workers for concurrent marking
[2024-08-29T23:18:08.696+0800] GC(183) Concurrent marking (unload classes) 1.782ms
[2024-08-29T23:18:08.696+0800] GC(183) Pause Final Mark (unload classes)
[2024-08-29T23:18:08.696+0800] GC(183) Using 4 of 4 workers for final marking
[2024-08-29T23:18:08.697+0800] GC(183) Collectable Garbage: 537M (97%), Immediate: 537M (97%), CSet: 0B (0%)
[2024-08-29T23:18:08.697+0800] GC(183) Pause Final Mark (unload classes) 0.306ms
[2024-08-29T23:18:08.697+0800] GC(183) Concurrent weak references
[2024-08-29T23:18:08.697+0800] GC(183) Using 2 of 4 workers for concurrent weak references
[2024-08-29T23:18:08.697+0800] GC(183) Encountered references: Soft: 178, Weak: 297, Final: 0, Phantom: 5
[2024-08-29T23:18:08.697+0800] GC(183) Discovered  references: Soft: 0, Weak: 113, Final: 0, Phantom: 5
[2024-08-29T23:18:08.697+0800] GC(183) Enqueued    references: Soft: 0, Weak: 0, Final: 0, Phantom: 0
[2024-08-29T23:18:08.697+0800] GC(183) Concurrent weak references 0.137ms
[2024-08-29T23:18:08.697+0800] GC(183) Concurrent weak roots
[2024-08-29T23:18:08.697+0800] GC(183) Using 2 of 4 workers for concurrent weak root
[2024-08-29T23:18:08.698+0800] GC(183) Concurrent weak roots 1.424ms
[2024-08-29T23:18:08.698+0800] GC(183) Concurrent cleanup
[2024-08-29T23:18:08.698+0800] GC(183) Concurrent cleanup 1537M->999M(2048M) 0.098ms
[2024-08-29T23:18:08.698+0800] GC(183) Free: 777M, Max: 1024K regular, 117M humongous, Frag: 85% external, 1% internal; Reserve: 103M, Max: 1024K
[2024-08-29T23:18:08.698+0800] GC(183) Concurrent class unloading
[2024-08-29T23:18:08.698+0800] GC(183) Using 2 of 4 workers for concurrent class unloading
[2024-08-29T23:18:08.700+0800] GC(183) Concurrent class unloading 1.219ms
[2024-08-29T23:18:08.700+0800] GC(183) Pause Final Roots
[2024-08-29T23:18:08.700+0800] GC(183) Pause Final Roots 0.014ms
[2024-08-29T23:18:08.700+0800] Free: 776M, Max: 1024K regular, 117M humongous, Frag: 85% external, 1% internal; Reserve: 103M, Max: 1024K
[2024-08-29T23:18:08.700+0800] 
[2024-08-29T23:18:08.700+0800] All times are wall-clock times, except per-root-class counters, that are sum over
[2024-08-29T23:18:08.700+0800] all workers. Dividing the <total> over the root stage time estimates parallelism.
[2024-08-29T23:18:08.700+0800] 
[2024-08-29T23:18:08.700+0800] Concurrent Reset                   5922 us
[2024-08-29T23:18:08.700+0800] Pause Init Mark (G)                 216 us
[2024-08-29T23:18:08.700+0800] Pause Init Mark (N)                 114 us
[2024-08-29T23:18:08.700+0800]   Update Region States               59 us
[2024-08-29T23:18:08.700+0800] Concurrent Mark Roots               358 us, parallelism: 0.89x
[2024-08-29T23:18:08.700+0800]   CMR: <total>                      319 us
[2024-08-29T23:18:08.700+0800]   CMR: Thread Roots                 254 us, workers (us):  63, 191, ---, ---, 
[2024-08-29T23:18:08.700+0800]   CMR: VM Strong Roots                6 us, workers (us):   5,   0, ---, ---, 
[2024-08-29T23:18:08.700+0800]   CMR: CLDG Roots                    60 us, workers (us):  60, ---, ---, ---, 
[2024-08-29T23:18:08.700+0800] Concurrent Marking                 1806 us
[2024-08-29T23:18:08.700+0800] Pause Final Mark (G)                389 us
[2024-08-29T23:18:08.700+0800] Pause Final Mark (N)                314 us
[2024-08-29T23:18:08.700+0800]   Finish Mark                       126 us
[2024-08-29T23:18:08.700+0800]   Update Region States               48 us
[2024-08-29T23:18:08.700+0800]   Choose Collection Set              98 us
[2024-08-29T23:18:08.700+0800]   Rebuild Free Set                    9 us
[2024-08-29T23:18:08.700+0800] Concurrent Weak References          143 us, parallelism: 0.03x
[2024-08-29T23:18:08.700+0800]   CWRF: <total>                       4 us
[2024-08-29T23:18:08.700+0800]   CWRF: Weak References               4 us, workers (us):   4,   0, ---, ---, 
[2024-08-29T23:18:08.700+0800] Concurrent Weak Roots              1448 us
[2024-08-29T23:18:08.700+0800]   Roots                             354 us, parallelism: 1.47x
[2024-08-29T23:18:08.700+0800]     CWR: <total>                    521 us
[2024-08-29T23:18:08.700+0800]     CWR: Code Cache Roots           440 us, workers (us): 209, 231, ---, ---, 
[2024-08-29T23:18:08.700+0800]     CWR: VM Weak Roots               78 us, workers (us):  43,  34, ---, ---, 
[2024-08-29T23:18:08.700+0800]     CWR: CLDG Roots                   3 us, workers (us): ---,   3, ---, ---, 
[2024-08-29T23:18:08.700+0800]   Rendezvous                       1058 us
[2024-08-29T23:18:08.700+0800] Concurrent Cleanup                  107 us
[2024-08-29T23:18:08.700+0800] Concurrent Class Unloading         1236 us
[2024-08-29T23:18:08.700+0800]   Unlink Stale                     1075 us
[2024-08-29T23:18:08.700+0800]     System Dictionary                 5 us
[2024-08-29T23:18:08.700+0800]     Weak Class Links                  0 us
[2024-08-29T23:18:08.700+0800]     Code Roots                     1068 us
[2024-08-29T23:18:08.700+0800]   Rendezvous                         45 us
[2024-08-29T23:18:08.700+0800]   Purge Unlinked                     85 us
[2024-08-29T23:18:08.700+0800]     Code Roots                       72 us
[2024-08-29T23:18:08.700+0800]     CLDG                             12 us
[2024-08-29T23:18:08.700+0800]     Exception Caches                  0 us
[2024-08-29T23:18:08.700+0800] Pause Final Roots (G)                79 us
[2024-08-29T23:18:08.700+0800] Pause Final Roots (N)                21 us
[2024-08-29T23:18:08.700+0800] 
[2024-08-29T23:18:08.700+0800] Allocation pacing accrued:
[2024-08-29T23:18:08.700+0800]       0 of   268 ms (  0.0%): <total>
[2024-08-29T23:18:08.700+0800]       0 of   268 ms (  0.0%): <average total>
[2024-08-29T23:18:08.700+0800] 
[2024-08-29T23:18:08.700+0800] Metaspace: 1653K(1856K)->1653K(1856K) NonClass: 1533K(1664K)->1533K(1664K) Class: 119K(192K)->119K(192K)
[2024-08-29T23:18:08.700+0800] Pacer for Idle. Initial: 41943K, Alloc Tax Rate: 1.0x
[2024-08-29T23:18:08.935+0800] Trigger: Free (204M) is below minimum threshold (204M)
[2024-08-29T23:18:08.935+0800] Free: 204M, Max: 1024K regular, 117M humongous, Frag: 42% external, 6% internal; Reserve: 103M, Max: 1024K
[2024-08-29T23:18:08.936+0800] GC(184) Concurrent reset
[2024-08-29T23:18:08.936+0800] GC(184) Using 2 of 4 workers for concurrent reset
[2024-08-29T23:18:08.936+0800] GC(184) Pacer for Reset. Non-Taxable: 2048M
[2024-08-29T23:18:08.941+0800] GC(184) Concurrent reset 5.084ms
[2024-08-29T23:18:08.941+0800] GC(184) Pause Init Mark (unload classes)
[2024-08-29T23:18:08.941+0800] GC(184) Using 4 of 4 workers for init marking
[2024-08-29T23:18:08.941+0800] GC(184) Pacer for Mark. Expected Live: 1002M, Free: 190M, Non-Taxable: 19497K, Alloc Tax Rate: 6.4x
[2024-08-29T23:18:08.941+0800] GC(184) Pause Init Mark (unload classes) 0.105ms
[2024-08-29T23:18:08.941+0800] GC(184) Concurrent marking roots
[2024-08-29T23:18:08.941+0800] GC(184) Using 2 of 4 workers for concurrent marking roots
[2024-08-29T23:18:08.941+0800] GC(184) Concurrent marking roots 0.170ms
[2024-08-29T23:18:08.941+0800] GC(184) Concurrent marking (unload classes)
[2024-08-29T23:18:08.941+0800] GC(184) Using 2 of 4 workers for concurrent marking
[2024-08-29T23:18:08.943+0800] GC(184) Concurrent marking (unload classes) 2.042ms
[2024-08-29T23:18:08.944+0800] GC(184) Pause Final Mark (unload classes)
[2024-08-29T23:18:08.944+0800] GC(184) Using 4 of 4 workers for final marking
[2024-08-29T23:18:08.945+0800] GC(184) Collectable Garbage: 595M (97%), Immediate: 595M (97%), CSet: 0B (0%)
[2024-08-29T23:18:08.945+0800] GC(184) Pause Final Mark (unload classes) 0.326ms
[2024-08-29T23:18:08.945+0800] GC(184) Concurrent weak references
[2024-08-29T23:18:08.945+0800] GC(184) Using 2 of 4 workers for concurrent weak references
[2024-08-29T23:18:08.945+0800] GC(184) Encountered references: Soft: 178, Weak: 297, Final: 0, Phantom: 5
[2024-08-29T23:18:08.945+0800] GC(184) Discovered  references: Soft: 0, Weak: 142, Final: 0, Phantom: 5
[2024-08-29T23:18:08.945+0800] GC(184) Enqueued    references: Soft: 0, Weak: 0, Final: 0, Phantom: 0
[2024-08-29T23:18:08.945+0800] GC(184) Concurrent weak references 0.085ms
[2024-08-29T23:18:08.945+0800] GC(184) Concurrent weak roots
[2024-08-29T23:18:08.945+0800] GC(184) Using 2 of 4 workers for concurrent weak root
[2024-08-29T23:18:08.945+0800] GC(184) Concurrent weak roots 0.288ms
[2024-08-29T23:18:08.945+0800] GC(184) Concurrent cleanup
[2024-08-29T23:18:08.945+0800] GC(184) Concurrent cleanup 1501M->906M(2048M) 0.082ms
[2024-08-29T23:18:08.945+0800] GC(184) Free: 874M, Max: 1024K regular, 117M humongous, Frag: 87% external, 1% internal; Reserve: 103M, Max: 1024K
[2024-08-29T23:18:08.945+0800] GC(184) Concurrent class unloading
[2024-08-29T23:18:08.945+0800] GC(184) Using 2 of 4 workers for concurrent class unloading
[2024-08-29T23:18:08.946+0800] GC(184) Concurrent class unloading 0.809ms
[2024-08-29T23:18:08.946+0800] GC(184) Pause Final Roots
[2024-08-29T23:18:08.946+0800] GC(184) Pause Final Roots 0.016ms
[2024-08-29T23:18:08.946+0800] Free: 874M, Max: 1024K regular, 117M humongous, Frag: 87% external, 1% internal; Reserve: 103M, Max: 1024K
[2024-08-29T23:18:08.946+0800] 
[2024-08-29T23:18:08.946+0800] All times are wall-clock times, except per-root-class counters, that are sum over
[2024-08-29T23:18:08.946+0800] all workers. Dividing the <total> over the root stage time estimates parallelism.
[2024-08-29T23:18:08.946+0800] 
[2024-08-29T23:18:08.946+0800] Concurrent Reset                   5148 us
[2024-08-29T23:18:08.946+0800] Pause Init Mark (G)                 425 us
[2024-08-29T23:18:08.946+0800] Pause Init Mark (N)                 111 us
[2024-08-29T23:18:08.946+0800]   Update Region States               62 us
[2024-08-29T23:18:08.946+0800] Concurrent Mark Roots               194 us, parallelism: 0.94x
[2024-08-29T23:18:08.946+0800]   CMR: <total>                      182 us
[2024-08-29T23:18:08.946+0800]   CMR: Thread Roots                 128 us, workers (us):  88,  40, ---, ---, 
[2024-08-29T23:18:08.946+0800]   CMR: VM Strong Roots                6 us, workers (us):   5,   1, ---, ---, 
[2024-08-29T23:18:08.946+0800]   CMR: CLDG Roots                    49 us, workers (us): ---,  49, ---, ---, 
[2024-08-29T23:18:08.946+0800] Concurrent Marking                 2061 us
[2024-08-29T23:18:08.946+0800] Pause Final Mark (G)               1313 us
[2024-08-29T23:18:08.946+0800] Pause Final Mark (N)                333 us
[2024-08-29T23:18:08.946+0800]   Finish Mark                       121 us
[2024-08-29T23:18:08.946+0800]   Update Region States               63 us
[2024-08-29T23:18:08.946+0800]   Choose Collection Set             108 us
[2024-08-29T23:18:08.946+0800]   Rebuild Free Set                    8 us
[2024-08-29T23:18:08.946+0800] Concurrent Weak References           92 us, parallelism: 0.05x
[2024-08-29T23:18:08.946+0800]   CWRF: <total>                       5 us
[2024-08-29T23:18:08.946+0800]   CWRF: Weak References               5 us, workers (us):   5,   0, ---, ---, 
[2024-08-29T23:18:08.946+0800] Concurrent Weak Roots               314 us
[2024-08-29T23:18:08.946+0800]   Roots                             212 us, parallelism: 1.47x
[2024-08-29T23:18:08.946+0800]     CWR: <total>                    312 us
[2024-08-29T23:18:08.946+0800]     CWR: Code Cache Roots           266 us, workers (us): 129, 138, ---, ---, 
[2024-08-29T23:18:08.946+0800]     CWR: VM Weak Roots               43 us, workers (us):  26,  18, ---, ---, 
[2024-08-29T23:18:08.946+0800]     CWR: CLDG Roots                   2 us, workers (us): ---,   2, ---, ---, 
[2024-08-29T23:18:08.946+0800]   Rendezvous                         64 us
[2024-08-29T23:18:08.946+0800] Concurrent Cleanup                   89 us
[2024-08-29T23:18:08.946+0800] Concurrent Class Unloading          824 us
[2024-08-29T23:18:08.946+0800]   Unlink Stale                      653 us
[2024-08-29T23:18:08.946+0800]     System Dictionary                 2 us
[2024-08-29T23:18:08.946+0800]     Weak Class Links                  0 us
[2024-08-29T23:18:08.946+0800]     Code Roots                      650 us
[2024-08-29T23:18:08.946+0800]   Rendezvous                         77 us
[2024-08-29T23:18:08.946+0800]   Purge Unlinked                     52 us
[2024-08-29T23:18:08.946+0800]     Code Roots                       41 us
[2024-08-29T23:18:08.946+0800]     CLDG                             11 us
[2024-08-29T23:18:08.946+0800]     Exception Caches                  0 us
[2024-08-29T23:18:08.946+0800] Pause Final Roots (G)               144 us
[2024-08-29T23:18:08.946+0800] Pause Final Roots (N)                23 us
[2024-08-29T23:18:08.946+0800] 
[2024-08-29T23:18:08.946+0800] Allocation pacing accrued:
[2024-08-29T23:18:08.946+0800]       0 of   246 ms (  0.0%): <total>
[2024-08-29T23:18:08.946+0800]       0 of   246 ms (  0.0%): <average total>
[2024-08-29T23:18:08.946+0800] 
[2024-08-29T23:18:08.946+0800] Metaspace: 1653K(1856K)->1653K(1856K) NonClass: 1533K(1664K)->1533K(1664K) Class: 119K(192K)->119K(192K)
[2024-08-29T23:18:08.946+0800] Pacer for Idle. Initial: 41943K, Alloc Tax Rate: 1.0x
[2024-08-29T23:18:09.245+0800] Trigger: Free (202M) is below minimum threshold (204M)
[2024-08-29T23:18:09.245+0800] Free: 202M, Max: 1024K regular, 117M humongous, Frag: 42% external, 0% internal; Reserve: 103M, Max: 1024K
[2024-08-29T23:18:09.245+0800] GC(185) Concurrent reset
[2024-08-29T23:18:09.245+0800] GC(185) Using 2 of 4 workers for concurrent reset
[2024-08-29T23:18:09.245+0800] GC(185) Pacer for Reset. Non-Taxable: 2048M
[2024-08-29T23:18:09.249+0800] GC(185) Concurrent reset 4.472ms
[2024-08-29T23:18:09.251+0800] GC(185) Pause Init Mark (unload classes)
[2024-08-29T23:18:09.251+0800] GC(185) Using 4 of 4 workers for init marking
[2024-08-29T23:18:09.251+0800] GC(185) Pacer for Mark. Expected Live: 963M, Free: 189M, Non-Taxable: 19365K, Alloc Tax Rate: 6.2x
[2024-08-29T23:18:09.251+0800] GC(185) Pause Init Mark (unload classes) 0.113ms
[2024-08-29T23:18:09.251+0800] GC(185) Concurrent marking roots
[2024-08-29T23:18:09.251+0800] GC(185) Using 2 of 4 workers for concurrent marking roots
[2024-08-29T23:18:09.251+0800] GC(185) Concurrent marking roots 0.389ms
[2024-08-29T23:18:09.251+0800] GC(185) Concurrent marking (unload classes)
[2024-08-29T23:18:09.251+0800] GC(185) Using 2 of 4 workers for concurrent marking
[2024-08-29T23:18:09.254+0800] GC(185) Concurrent marking (unload classes) 2.358ms
[2024-08-29T23:18:09.254+0800] GC(185) Pause Final Mark (unload classes)
[2024-08-29T23:18:09.254+0800] GC(185) Using 4 of 4 workers for final marking
[2024-08-29T23:18:09.254+0800] GC(185) Collectable Garbage: 623M (97%), Immediate: 623M (97%), CSet: 0B (0%)
[2024-08-29T23:18:09.254+0800] GC(185) Pause Final Mark (unload classes) 0.354ms
[2024-08-29T23:18:09.254+0800] GC(185) Concurrent weak references
[2024-08-29T23:18:09.254+0800] GC(185) Using 2 of 4 workers for concurrent weak references
[2024-08-29T23:18:09.254+0800] GC(185) Encountered references: Soft: 178, Weak: 297, Final: 0, Phantom: 5
[2024-08-29T23:18:09.254+0800] GC(185) Discovered  references: Soft: 0, Weak: 140, Final: 0, Phantom: 5
[2024-08-29T23:18:09.254+0800] GC(185) Enqueued    references: Soft: 0, Weak: 0, Final: 0, Phantom: 0
[2024-08-29T23:18:09.254+0800] GC(185) Concurrent weak references 0.121ms
[2024-08-29T23:18:09.254+0800] GC(185) Concurrent weak roots
[2024-08-29T23:18:09.254+0800] GC(185) Using 2 of 4 workers for concurrent weak root
[2024-08-29T23:18:09.255+0800] GC(185) Concurrent weak roots 0.588ms
[2024-08-29T23:18:09.255+0800] GC(185) Concurrent cleanup
[2024-08-29T23:18:09.255+0800] GC(185) Concurrent cleanup 1498M->874M(2048M) 0.079ms
[2024-08-29T23:18:09.255+0800] GC(185) Free: 915M, Max: 1024K regular, 122M humongous, Frag: 87% external, 2% internal; Reserve: 103M, Max: 1024K
[2024-08-29T23:18:09.255+0800] GC(185) Concurrent class unloading
[2024-08-29T23:18:09.255+0800] GC(185) Using 2 of 4 workers for concurrent class unloading
[2024-08-29T23:18:09.257+0800] GC(185) Concurrent class unloading 2.085ms
[2024-08-29T23:18:09.257+0800] GC(185) Pause Final Roots
[2024-08-29T23:18:09.257+0800] GC(185) Pause Final Roots 0.014ms
[2024-08-29T23:18:09.257+0800] Free: 900M, Max: 1024K regular, 122M humongous, Frag: 87% external, 2% internal; Reserve: 103M, Max: 1024K
[2024-08-29T23:18:09.257+0800] 
[2024-08-29T23:18:09.257+0800] All times are wall-clock times, except per-root-class counters, that are sum over
[2024-08-29T23:18:09.257+0800] all workers. Dividing the <total> over the root stage time estimates parallelism.
[2024-08-29T23:18:09.257+0800] 
[2024-08-29T23:18:09.257+0800] Concurrent Reset                   4594 us
[2024-08-29T23:18:09.257+0800] Pause Init Mark (G)                1455 us
[2024-08-29T23:18:09.257+0800] Pause Init Mark (N)                 120 us
[2024-08-29T23:18:09.257+0800]   Update Region States               60 us
[2024-08-29T23:18:09.257+0800] Concurrent Mark Roots               406 us, parallelism: 0.59x
[2024-08-29T23:18:09.257+0800]   CMR: <total>                      240 us
[2024-08-29T23:18:09.257+0800]   CMR: Thread Roots                 151 us, workers (us): 151,   0, ---, ---, 
[2024-08-29T23:18:09.257+0800]   CMR: VM Strong Roots                6 us, workers (us):   6,   0, ---, ---, 
[2024-08-29T23:18:09.257+0800]   CMR: CLDG Roots                    83 us, workers (us):  83, ---, ---, ---, 
[2024-08-29T23:18:09.257+0800] Concurrent Marking                 2417 us
[2024-08-29T23:18:09.257+0800] Pause Final Mark (G)                440 us
[2024-08-29T23:18:09.257+0800] Pause Final Mark (N)                361 us
[2024-08-29T23:18:09.257+0800]   Finish Mark                       149 us
[2024-08-29T23:18:09.257+0800]   Update Region States               57 us
[2024-08-29T23:18:09.257+0800]   Choose Collection Set             111 us
[2024-08-29T23:18:09.257+0800]   Rebuild Free Set                    9 us
[2024-08-29T23:18:09.257+0800] Concurrent Weak References          128 us, parallelism: 0.03x
[2024-08-29T23:18:09.257+0800]   CWRF: <total>                       4 us
[2024-08-29T23:18:09.257+0800]   CWRF: Weak References               4 us, workers (us):   4,   0, ---, ---, 
[2024-08-29T23:18:09.257+0800] Concurrent Weak Roots               606 us
[2024-08-29T23:18:09.257+0800]   Roots                             496 us, parallelism: 0.69x
[2024-08-29T23:18:09.257+0800]     CWR: <total>                    342 us
[2024-08-29T23:18:09.257+0800]     CWR: Code Cache Roots           296 us, workers (us): 296,   0, ---, ---, 
[2024-08-29T23:18:09.257+0800]     CWR: VM Weak Roots               44 us, workers (us):  43,   0, ---, ---, 
[2024-08-29T23:18:09.257+0800]     CWR: CLDG Roots                   2 us, workers (us):   2, ---, ---, ---, 
[2024-08-29T23:18:09.257+0800]   Rendezvous                         81 us
[2024-08-29T23:18:09.257+0800] Concurrent Cleanup                   86 us
[2024-08-29T23:18:09.257+0800] Concurrent Class Unloading         2123 us
[2024-08-29T23:18:09.257+0800]   Unlink Stale                      685 us
[2024-08-29T23:18:09.257+0800]     System Dictionary                 2 us
[2024-08-29T23:18:09.257+0800]     Weak Class Links                  0 us
[2024-08-29T23:18:09.257+0800]     Code Roots                      682 us
[2024-08-29T23:18:09.257+0800]   Rendezvous                       1216 us
[2024-08-29T23:18:09.257+0800]   Purge Unlinked                    172 us
[2024-08-29T23:18:09.257+0800]     Code Roots                      158 us
[2024-08-29T23:18:09.257+0800]     CLDG                             13 us
[2024-08-29T23:18:09.257+0800]     Exception Caches                  0 us
[2024-08-29T23:18:09.257+0800] Pause Final Roots (G)                77 us
[2024-08-29T23:18:09.257+0800] Pause Final Roots (N)                20 us
[2024-08-29T23:18:09.257+0800] 
[2024-08-29T23:18:09.257+0800] Allocation pacing accrued:
[2024-08-29T23:18:09.257+0800]       0 of   311 ms (  0.0%): <total>
[2024-08-29T23:18:09.257+0800]       0 of   311 ms (  0.0%): <average total>
[2024-08-29T23:18:09.257+0800] 
[2024-08-29T23:18:09.257+0800] Metaspace: 1653K(1856K)->1653K(1856K) NonClass: 1533K(1664K)->1533K(1664K) Class: 119K(192K)->119K(192K)
[2024-08-29T23:18:09.257+0800] Pacer for Idle. Initial: 41943K, Alloc Tax Rate: 1.0x
[2024-08-29T23:18:09.567+0800] Trigger: Free (201M) is below minimum threshold (204M)
[2024-08-29T23:18:09.567+0800] Free: 190M, Max: 1024K regular, 122M humongous, Frag: 36% external, 3% internal; Reserve: 103M, Max: 1024K
[2024-08-29T23:18:09.567+0800] GC(186) Concurrent reset
[2024-08-29T23:18:09.567+0800] GC(186) Using 2 of 4 workers for concurrent reset
[2024-08-29T23:18:09.567+0800] GC(186) Pacer for Reset. Non-Taxable: 2048M
[2024-08-29T23:18:09.572+0800] GC(186) Concurrent reset 4.667ms
[2024-08-29T23:18:09.572+0800] GC(186) Pause Init Mark (unload classes)
[2024-08-29T23:18:09.572+0800] GC(186) Using 4 of 4 workers for init marking
[2024-08-29T23:18:09.573+0800] GC(186) Pacer for Mark. Expected Live: 913M, Free: 181M, Non-Taxable: 18595K, Alloc Tax Rate: 6.1x
[2024-08-29T23:18:09.573+0800] GC(186) Pause Init Mark (unload classes) 0.110ms
[2024-08-29T23:18:09.573+0800] GC(186) Concurrent marking roots
[2024-08-29T23:18:09.573+0800] GC(186) Using 2 of 4 workers for concurrent marking roots
[2024-08-29T23:18:09.573+0800] GC(186) Concurrent marking roots 0.204ms
[2024-08-29T23:18:09.573+0800] GC(186) Concurrent marking (unload classes)
[2024-08-29T23:18:09.573+0800] GC(186) Using 2 of 4 workers for concurrent marking
[2024-08-29T23:18:09.575+0800] GC(186) Concurrent marking (unload classes) 1.948ms
[2024-08-29T23:18:09.575+0800] GC(186) Pause Final Mark (unload classes)
[2024-08-29T23:18:09.575+0800] GC(186) Using 4 of 4 workers for final marking
[2024-08-29T23:18:09.575+0800] GC(186) Collectable Garbage: 693M (98%), Immediate: 693M (98%), CSet: 0B (0%)
[2024-08-29T23:18:09.575+0800] GC(186) Pause Final Mark (unload classes) 0.358ms
[2024-08-29T23:18:09.575+0800] GC(186) Concurrent weak references
[2024-08-29T23:18:09.575+0800] GC(186) Using 2 of 4 workers for concurrent weak references
[2024-08-29T23:18:09.575+0800] GC(186) Encountered references: Soft: 178, Weak: 297, Final: 0, Phantom: 5
[2024-08-29T23:18:09.575+0800] GC(186) Discovered  references: Soft: 0, Weak: 102, Final: 0, Phantom: 5
[2024-08-29T23:18:09.575+0800] GC(186) Enqueued    references: Soft: 0, Weak: 0, Final: 0, Phantom: 0
[2024-08-29T23:18:09.575+0800] GC(186) Concurrent weak references 0.066ms
[2024-08-29T23:18:09.575+0800] GC(186) Concurrent weak roots
[2024-08-29T23:18:09.575+0800] GC(186) Using 2 of 4 workers for concurrent weak root
[2024-08-29T23:18:09.577+0800] GC(186) Concurrent weak roots 1.767ms
[2024-08-29T23:18:09.577+0800] GC(186) Concurrent cleanup
[2024-08-29T23:18:09.577+0800] GC(186) Concurrent cleanup 1517M->823M(2048M) 0.078ms
[2024-08-29T23:18:09.577+0800] GC(186) Free: 975M, Max: 1024K regular, 125M humongous, Frag: 88% external, 1% internal; Reserve: 103M, Max: 1024K
[2024-08-29T23:18:09.577+0800] GC(186) Concurrent class unloading
[2024-08-29T23:18:09.577+0800] GC(186) Using 2 of 4 workers for concurrent class unloading
[2024-08-29T23:18:09.578+0800] GC(186) Concurrent class unloading 0.961ms
[2024-08-29T23:18:09.579+0800] GC(186) Pause Final Roots
[2024-08-29T23:18:09.579+0800] GC(186) Pause Final Roots 0.016ms
[2024-08-29T23:18:09.579+0800] Free: 968M, Max: 1024K regular, 125M humongous, Frag: 87% external, 1% internal; Reserve: 103M, Max: 1024K
[2024-08-29T23:18:09.579+0800] 
[2024-08-29T23:18:09.579+0800] All times are wall-clock times, except per-root-class counters, that are sum over
[2024-08-29T23:18:09.579+0800] all workers. Dividing the <total> over the root stage time estimates parallelism.
[2024-08-29T23:18:09.579+0800] 
[2024-08-29T23:18:09.579+0800] Concurrent Reset                   4760 us
[2024-08-29T23:18:09.579+0800] Pause Init Mark (G)                 530 us
[2024-08-29T23:18:09.579+0800] Pause Init Mark (N)                 118 us
[2024-08-29T23:18:09.579+0800]   Update Region States               47 us
[2024-08-29T23:18:09.579+0800] Concurrent Mark Roots               213 us, parallelism: 1.10x
[2024-08-29T23:18:09.579+0800]   CMR: <total>                      235 us
[2024-08-29T23:18:09.579+0800]   CMR: Thread Roots                 182 us, workers (us):  71, 111, ---, ---, 
[2024-08-29T23:18:09.579+0800]   CMR: VM Strong Roots                4 us, workers (us):   4,   0, ---, ---, 
[2024-08-29T23:18:09.579+0800]   CMR: CLDG Roots                    49 us, workers (us):  49, ---, ---, ---, 
[2024-08-29T23:18:09.579+0800] Concurrent Marking                 1971 us
[2024-08-29T23:18:09.579+0800] Pause Final Mark (G)                427 us
[2024-08-29T23:18:09.579+0800] Pause Final Mark (N)                367 us
[2024-08-29T23:18:09.579+0800]   Finish Mark                       146 us
[2024-08-29T23:18:09.579+0800]   Update Region States               44 us
[2024-08-29T23:18:09.579+0800]   Choose Collection Set             143 us
[2024-08-29T23:18:09.579+0800]   Rebuild Free Set                   10 us
[2024-08-29T23:18:09.579+0800] Concurrent Weak References           72 us, parallelism: 0.06x
[2024-08-29T23:18:09.579+0800]   CWRF: <total>                       4 us
[2024-08-29T23:18:09.579+0800]   CWRF: Weak References               4 us, workers (us):   4,   0, ---, ---, 
[2024-08-29T23:18:09.579+0800] Concurrent Weak Roots              1787 us
[2024-08-29T23:18:09.579+0800]   Roots                             419 us, parallelism: 1.56x
[2024-08-29T23:18:09.579+0800]     CWR: <total>                    653 us
[2024-08-29T23:18:09.579+0800]     CWR: Code Cache Roots           569 us, workers (us): 278, 291, ---, ---, 
[2024-08-29T23:18:09.579+0800]     CWR: VM Weak Roots               81 us, workers (us):  48,  33, ---, ---, 
[2024-08-29T23:18:09.579+0800]     CWR: CLDG Roots                   3 us, workers (us):   3, ---, ---, ---, 
[2024-08-29T23:18:09.579+0800]   Rendezvous                       1337 us
[2024-08-29T23:18:09.579+0800] Concurrent Cleanup                   85 us
[2024-08-29T23:18:09.579+0800] Concurrent Class Unloading          978 us
[2024-08-29T23:18:09.579+0800]   Unlink Stale                      820 us
[2024-08-29T23:18:09.579+0800]     System Dictionary                 4 us
[2024-08-29T23:18:09.579+0800]     Weak Class Links                  0 us
[2024-08-29T23:18:09.579+0800]     Code Roots                      815 us
[2024-08-29T23:18:09.579+0800]   Rendezvous                         50 us
[2024-08-29T23:18:09.579+0800]   Purge Unlinked                     82 us
[2024-08-29T23:18:09.579+0800]     Code Roots                       70 us
[2024-08-29T23:18:09.579+0800]     CLDG                             12 us
[2024-08-29T23:18:09.579+0800]     Exception Caches                  0 us
[2024-08-29T23:18:09.579+0800] Pause Final Roots (G)               974 us
[2024-08-29T23:18:09.579+0800] Pause Final Roots (N)                23 us
[2024-08-29T23:18:09.579+0800] 
[2024-08-29T23:18:09.579+0800] Allocation pacing accrued:
[2024-08-29T23:18:09.579+0800]       0 of   322 ms (  0.0%): <total>
[2024-08-29T23:18:09.579+0800]       0 of   322 ms (  0.0%): <average total>
[2024-08-29T23:18:09.579+0800] 
[2024-08-29T23:18:09.579+0800] Metaspace: 1653K(1856K)->1653K(1856K) NonClass: 1533K(1664K)->1533K(1664K) Class: 119K(192K)->119K(192K)
[2024-08-29T23:18:09.579+0800] Pacer for Idle. Initial: 41943K, Alloc Tax Rate: 1.0x
[2024-08-29T23:18:09.910+0800] Trigger: Free (203M) is below minimum threshold (204M)
[2024-08-29T23:18:09.910+0800] Free: 199M, Max: 1024K regular, 125M humongous, Frag: 38% external, 0% internal; Reserve: 103M, Max: 1024K
[2024-08-29T23:18:09.910+0800] GC(187) Concurrent reset
[2024-08-29T23:18:09.910+0800] GC(187) Using 2 of 4 workers for concurrent reset
[2024-08-29T23:18:09.910+0800] GC(187) Pacer for Reset. Non-Taxable: 2048M
[2024-08-29T23:18:09.913+0800] GC(187) Concurrent reset 3.173ms
[2024-08-29T23:18:09.913+0800] GC(187) Pause Init Mark (unload classes)
[2024-08-29T23:18:09.913+0800] GC(187) Using 4 of 4 workers for init marking
[2024-08-29T23:18:09.913+0800] GC(187) Pacer for Mark. Expected Live: 868M, Free: 199M, Non-Taxable: 20451K, Alloc Tax Rate: 5.3x
[2024-08-29T23:18:09.913+0800] GC(187) Pause Init Mark (unload classes) 0.092ms
[2024-08-29T23:18:09.913+0800] GC(187) Concurrent marking roots
[2024-08-29T23:18:09.913+0800] GC(187) Using 2 of 4 workers for concurrent marking roots
[2024-08-29T23:18:09.913+0800] GC(187) Concurrent marking roots 0.150ms
[2024-08-29T23:18:09.913+0800] GC(187) Concurrent marking (unload classes)
[2024-08-29T23:18:09.913+0800] GC(187) Using 2 of 4 workers for concurrent marking
[2024-08-29T23:18:09.915+0800] GC(187) Concurrent marking (unload classes) 1.386ms
[2024-08-29T23:18:09.915+0800] GC(187) Pause Final Mark (unload classes)
[2024-08-29T23:18:09.915+0800] GC(187) Using 4 of 4 workers for final marking
[2024-08-29T23:18:09.915+0800] GC(187) Collectable Garbage: 665M (98%), Immediate: 665M (98%), CSet: 0B (0%)
[2024-08-29T23:18:09.915+0800] GC(187) Pause Final Mark (unload classes) 0.274ms
[2024-08-29T23:18:09.915+0800] GC(187) Concurrent weak references
[2024-08-29T23:18:09.915+0800] GC(187) Using 2 of 4 workers for concurrent weak references
[2024-08-29T23:18:09.915+0800] GC(187) Encountered references: Soft: 178, Weak: 297, Final: 0, Phantom: 5
[2024-08-29T23:18:09.915+0800] GC(187) Discovered  references: Soft: 0, Weak: 113, Final: 0, Phantom: 3
[2024-08-29T23:18:09.915+0800] GC(187) Enqueued    references: Soft: 0, Weak: 0, Final: 0, Phantom: 0
[2024-08-29T23:18:09.915+0800] GC(187) Concurrent weak references 0.035ms
[2024-08-29T23:18:09.915+0800] GC(187) Concurrent weak roots
[2024-08-29T23:18:09.915+0800] GC(187) Using 2 of 4 workers for concurrent weak root
[2024-08-29T23:18:09.915+0800] GC(187) Concurrent weak roots 0.244ms
[2024-08-29T23:18:09.915+0800] GC(187) Concurrent cleanup
[2024-08-29T23:18:09.915+0800] GC(187) Concurrent cleanup 1491M->825M(2048M) 0.069ms
[2024-08-29T23:18:09.915+0800] GC(187) Free: 986M, Max: 1024K regular, 125M humongous, Frag: 88% external, 2% internal; Reserve: 103M, Max: 1024K
[2024-08-29T23:18:09.915+0800] GC(187) Concurrent class unloading
[2024-08-29T23:18:09.915+0800] GC(187) Using 2 of 4 workers for concurrent class unloading
[2024-08-29T23:18:09.917+0800] GC(187) Concurrent class unloading 1.137ms
[2024-08-29T23:18:09.917+0800] GC(187) Pause Final Roots
[2024-08-29T23:18:09.917+0800] GC(187) Pause Final Roots 0.009ms
[2024-08-29T23:18:09.917+0800] Free: 985M, Max: 1024K regular, 125M humongous, Frag: 88% external, 2% internal; Reserve: 103M, Max: 1024K
[2024-08-29T23:18:09.917+0800] 
[2024-08-29T23:18:09.917+0800] All times are wall-clock times, except per-root-class counters, that are sum over
[2024-08-29T23:18:09.917+0800] all workers. Dividing the <total> over the root stage time estimates parallelism.
[2024-08-29T23:18:09.917+0800] 
[2024-08-29T23:18:09.917+0800] Concurrent Reset                   3212 us
[2024-08-29T23:18:09.917+0800] Pause Init Mark (G)                 194 us
[2024-08-29T23:18:09.917+0800] Pause Init Mark (N)                  98 us
[2024-08-29T23:18:09.917+0800]   Update Region States               58 us
[2024-08-29T23:18:09.917+0800] Concurrent Mark Roots               159 us, parallelism: 1.17x
[2024-08-29T23:18:09.917+0800]   CMR: <total>                      187 us
[2024-08-29T23:18:09.917+0800]   CMR: Thread Roots                 154 us, workers (us):  64,  90, ---, ---, 
[2024-08-29T23:18:09.917+0800]   CMR: VM Strong Roots                3 us, workers (us):   3,   0, ---, ---, 
[2024-08-29T23:18:09.917+0800]   CMR: CLDG Roots                    30 us, workers (us):  30, ---, ---, ---, 
[2024-08-29T23:18:09.917+0800] Concurrent Marking                 1401 us
[2024-08-29T23:18:09.917+0800] Pause Final Mark (G)                318 us
[2024-08-29T23:18:09.917+0800] Pause Final Mark (N)                293 us
[2024-08-29T23:18:09.917+0800]   Finish Mark                        89 us
[2024-08-29T23:18:09.917+0800]   Update Region States               51 us
[2024-08-29T23:18:09.917+0800]   Choose Collection Set             113 us
[2024-08-29T23:18:09.917+0800]   Rebuild Free Set                    8 us
[2024-08-29T23:18:09.917+0800] Concurrent Weak References           40 us, parallelism: 0.07x
[2024-08-29T23:18:09.917+0800]   CWRF: <total>                       3 us
[2024-08-29T23:18:09.917+0800]   CWRF: Weak References               3 us, workers (us):   3,   0, ---, ---, 
[2024-08-29T23:18:09.917+0800] Concurrent Weak Roots               252 us
[2024-08-29T23:18:09.917+0800]   Roots                             219 us, parallelism: 1.56x
[2024-08-29T23:18:09.917+0800]     CWR: <total>                    342 us
[2024-08-29T23:18:09.917+0800]     CWR: Code Cache Roots           299 us, workers (us): 146, 153, ---, ---, 
[2024-08-29T23:18:09.917+0800]     CWR: VM Weak Roots               41 us, workers (us):  21,  20, ---, ---, 
[2024-08-29T23:18:09.917+0800]     CWR: CLDG Roots                   2 us, workers (us): ---,   2, ---, ---, 
[2024-08-29T23:18:09.917+0800]   Rendezvous                         17 us
[2024-08-29T23:18:09.917+0800] Concurrent Cleanup                   74 us
[2024-08-29T23:18:09.917+0800] Concurrent Class Unloading         1149 us
[2024-08-29T23:18:09.917+0800]   Unlink Stale                     1068 us
[2024-08-29T23:18:09.917+0800]     System Dictionary                 2 us
[2024-08-29T23:18:09.917+0800]     Weak Class Links                  0 us
[2024-08-29T23:18:09.917+0800]     Code Roots                     1066 us
[2024-08-29T23:18:09.917+0800]   Rendezvous                         18 us
[2024-08-29T23:18:09.917+0800]   Purge Unlinked                     42 us
[2024-08-29T23:18:09.917+0800]     Code Roots                       31 us
[2024-08-29T23:18:09.917+0800]     CLDG                             10 us
[2024-08-29T23:18:09.917+0800]     Exception Caches                  0 us
[2024-08-29T23:18:09.917+0800] Pause Final Roots (G)                78 us
[2024-08-29T23:18:09.917+0800] Pause Final Roots (N)                14 us
[2024-08-29T23:18:09.917+0800] 
[2024-08-29T23:18:09.917+0800] Allocation pacing accrued:
[2024-08-29T23:18:09.917+0800]       0 of   338 ms (  0.0%): <total>
[2024-08-29T23:18:09.917+0800]       0 of   338 ms (  0.0%): <average total>
[2024-08-29T23:18:09.917+0800] 
[2024-08-29T23:18:09.917+0800] Metaspace: 1653K(1856K)->1653K(1856K) NonClass: 1533K(1664K)->1533K(1664K) Class: 119K(192K)->119K(192K)
[2024-08-29T23:18:09.917+0800] Pacer for Idle. Initial: 41943K, Alloc Tax Rate: 1.0x
[2024-08-29T23:18:10.214+0800] Trigger: Free (203M) is below minimum threshold (204M)
[2024-08-29T23:18:10.214+0800] Free: 203M, Max: 1024K regular, 125M humongous, Frag: 38% external, 1% internal; Reserve: 103M, Max: 1024K
[2024-08-29T23:18:10.214+0800] GC(188) Concurrent reset
[2024-08-29T23:18:10.215+0800] GC(188) Using 2 of 4 workers for concurrent reset
[2024-08-29T23:18:10.215+0800] GC(188) Pacer for Reset. Non-Taxable: 2048M
[2024-08-29T23:18:10.219+0800] GC(188) Concurrent reset 4.076ms
[2024-08-29T23:18:10.219+0800] GC(188) Pause Init Mark (unload classes)
[2024-08-29T23:18:10.219+0800] GC(188) Using 4 of 4 workers for init marking
[2024-08-29T23:18:10.220+0800] GC(188) Pacer for Mark. Expected Live: 857M, Free: 196M, Non-Taxable: 20159K, Alloc Tax Rate: 5.3x
[2024-08-29T23:18:10.220+0800] GC(188) Pause Init Mark (unload classes) 0.127ms
[2024-08-29T23:18:10.220+0800] GC(188) Concurrent marking roots
[2024-08-29T23:18:10.220+0800] GC(188) Using 2 of 4 workers for concurrent marking roots
[2024-08-29T23:18:10.220+0800] GC(188) Concurrent marking roots 0.232ms
[2024-08-29T23:18:10.220+0800] GC(188) Concurrent marking (unload classes)
[2024-08-29T23:18:10.220+0800] GC(188) Using 2 of 4 workers for concurrent marking
[2024-08-29T23:18:10.221+0800] GC(188) Concurrent marking (unload classes) 1.545ms
[2024-08-29T23:18:10.222+0800] GC(188) Pause Final Mark (unload classes)
[2024-08-29T23:18:10.222+0800] GC(188) Using 4 of 4 workers for final marking
[2024-08-29T23:18:10.223+0800] GC(188) Collectable Garbage: 635M (97%), Immediate: 635M (97%), CSet: 0B (0%)
[2024-08-29T23:18:10.223+0800] GC(188) Pause Final Mark (unload classes) 0.321ms
[2024-08-29T23:18:10.223+0800] GC(188) Concurrent weak references
[2024-08-29T23:18:10.223+0800] GC(188) Using 2 of 4 workers for concurrent weak references
[2024-08-29T23:18:10.223+0800] GC(188) Encountered references: Soft: 178, Weak: 297, Final: 0, Phantom: 5
[2024-08-29T23:18:10.223+0800] GC(188) Discovered  references: Soft: 0, Weak: 124, Final: 0, Phantom: 3
[2024-08-29T23:18:10.223+0800] GC(188) Enqueued    references: Soft: 0, Weak: 0, Final: 0, Phantom: 0
[2024-08-29T23:18:10.223+0800] GC(188) Concurrent weak references 0.071ms
[2024-08-29T23:18:10.223+0800] GC(188) Concurrent weak roots
[2024-08-29T23:18:10.223+0800] GC(188) Using 2 of 4 workers for concurrent weak root
[2024-08-29T23:18:10.223+0800] GC(188) Concurrent weak roots 0.359ms
[2024-08-29T23:18:10.223+0800] GC(188) Concurrent cleanup
[2024-08-29T23:18:10.223+0800] GC(188) Concurrent cleanup 1507M->872M(2048M) 0.082ms
[2024-08-29T23:18:10.223+0800] GC(188) Free: 926M, Max: 1024K regular, 125M humongous, Frag: 87% external, 0% internal; Reserve: 103M, Max: 1024K
[2024-08-29T23:18:10.223+0800] GC(188) Concurrent class unloading
[2024-08-29T23:18:10.223+0800] GC(188) Using 2 of 4 workers for concurrent class unloading
[2024-08-29T23:18:10.225+0800] GC(188) Concurrent class unloading 1.333ms
[2024-08-29T23:18:10.225+0800] GC(188) Pause Final Roots
[2024-08-29T23:18:10.225+0800] GC(188) Pause Final Roots 0.016ms
[2024-08-29T23:18:10.225+0800] Free: 922M, Max: 1024K regular, 125M humongous, Frag: 87% external, 0% internal; Reserve: 103M, Max: 1024K
[2024-08-29T23:18:10.225+0800] 
[2024-08-29T23:18:10.225+0800] All times are wall-clock times, except per-root-class counters, that are sum over
[2024-08-29T23:18:10.225+0800] all workers. Dividing the <total> over the root stage time estimates parallelism.
[2024-08-29T23:18:10.225+0800] 
[2024-08-29T23:18:10.225+0800] Concurrent Reset                   4129 us
[2024-08-29T23:18:10.225+0800] Pause Init Mark (G)                1013 us
[2024-08-29T23:18:10.225+0800] Pause Init Mark (N)                 134 us
[2024-08-29T23:18:10.225+0800]   Update Region States               74 us
[2024-08-29T23:18:10.225+0800] Concurrent Mark Roots               261 us, parallelism: 0.69x
[2024-08-29T23:18:10.225+0800]   CMR: <total>                      181 us
[2024-08-29T23:18:10.225+0800]   CMR: Thread Roots                 137 us, workers (us): 137,   0, ---, ---, 
[2024-08-29T23:18:10.225+0800]   CMR: VM Strong Roots                4 us, workers (us):   4,   0, ---, ---, 
[2024-08-29T23:18:10.225+0800]   CMR: CLDG Roots                    39 us, workers (us):  39, ---, ---, ---, 
[2024-08-29T23:18:10.225+0800] Concurrent Marking                 1570 us
[2024-08-29T23:18:10.225+0800] Pause Final Mark (G)               1367 us
[2024-08-29T23:18:10.225+0800] Pause Final Mark (N)                330 us
[2024-08-29T23:18:10.225+0800]   Finish Mark                       100 us
[2024-08-29T23:18:10.225+0800]   Update Region States               58 us
[2024-08-29T23:18:10.225+0800]   Choose Collection Set             115 us
[2024-08-29T23:18:10.225+0800]   Rebuild Free Set                   12 us
[2024-08-29T23:18:10.225+0800] Concurrent Weak References           78 us, parallelism: 0.07x
[2024-08-29T23:18:10.225+0800]   CWRF: <total>                       6 us
[2024-08-29T23:18:10.225+0800]   CWRF: Weak References               6 us, workers (us):   5,   0, ---, ---, 
[2024-08-29T23:18:10.225+0800] Concurrent Weak Roots               369 us
[2024-08-29T23:18:10.225+0800]   Roots                             322 us, parallelism: 1.63x
[2024-08-29T23:18:10.225+0800]     CWR: <total>                    524 us
[2024-08-29T23:18:10.225+0800]     CWR: Code Cache Roots           443 us, workers (us): 219, 224, ---, ---, 
[2024-08-29T23:18:10.225+0800]     CWR: VM Weak Roots               77 us, workers (us):  41,  36, ---, ---, 
[2024-08-29T23:18:10.225+0800]     CWR: CLDG Roots                   4 us, workers (us):   4, ---, ---, ---, 
[2024-08-29T23:18:10.225+0800]   Rendezvous                         25 us
[2024-08-29T23:18:10.225+0800] Concurrent Cleanup                  125 us
[2024-08-29T23:18:10.225+0800] Concurrent Class Unloading         1353 us
[2024-08-29T23:18:10.225+0800]   Unlink Stale                     1167 us
[2024-08-29T23:18:10.225+0800]     System Dictionary                 2 us
[2024-08-29T23:18:10.225+0800]     Weak Class Links                  0 us
[2024-08-29T23:18:10.225+0800]     Code Roots                     1164 us
[2024-08-29T23:18:10.225+0800]   Rendezvous                         72 us
[2024-08-29T23:18:10.225+0800]   Purge Unlinked                     81 us
[2024-08-29T23:18:10.225+0800]     Code Roots                       69 us
[2024-08-29T23:18:10.225+0800]     CLDG                             12 us
[2024-08-29T23:18:10.225+0800]     Exception Caches                  0 us
[2024-08-29T23:18:10.225+0800] Pause Final Roots (G)                89 us
[2024-08-29T23:18:10.225+0800] Pause Final Roots (N)                23 us
[2024-08-29T23:18:10.225+0800] 
[2024-08-29T23:18:10.225+0800] Allocation pacing accrued:
[2024-08-29T23:18:10.225+0800]       0 of   308 ms (  0.0%): <total>
[2024-08-29T23:18:10.225+0800]       0 of   308 ms (  0.0%): <average total>
[2024-08-29T23:18:10.225+0800] 
[2024-08-29T23:18:10.225+0800] Metaspace: 1653K(1856K)->1653K(1856K) NonClass: 1533K(1664K)->1533K(1664K) Class: 119K(192K)->119K(192K)
[2024-08-29T23:18:10.225+0800] Pacer for Idle. Initial: 41943K, Alloc Tax Rate: 1.0x
[2024-08-29T23:18:10.522+0800] Trigger: Free (200M) is below minimum threshold (204M)
[2024-08-29T23:18:10.522+0800] Free: 200M, Max: 1024K regular, 125M humongous, Frag: 38% external, 0% internal; Reserve: 103M, Max: 1024K
[2024-08-29T23:18:10.522+0800] GC(189) Concurrent reset
[2024-08-29T23:18:10.522+0800] GC(189) Using 2 of 4 workers for concurrent reset
[2024-08-29T23:18:10.522+0800] GC(189) Pacer for Reset. Non-Taxable: 2048M
[2024-08-29T23:18:10.527+0800] GC(189) Concurrent reset 5.033ms
[2024-08-29T23:18:10.527+0800] GC(189) Pause Init Mark (unload classes)
[2024-08-29T23:18:10.527+0800] GC(189) Using 4 of 4 workers for init marking
[2024-08-29T23:18:10.527+0800] GC(189) Pacer for Mark. Expected Live: 835M, Free: 190M, Non-Taxable: 19456K, Alloc Tax Rate: 5.4x
[2024-08-29T23:18:10.527+0800] GC(189) Pause Init Mark (unload classes) 0.108ms
[2024-08-29T23:18:10.527+0800] GC(189) Concurrent marking roots
[2024-08-29T23:18:10.527+0800] GC(189) Using 2 of 4 workers for concurrent marking roots
[2024-08-29T23:18:10.527+0800] GC(189) Concurrent marking roots 0.248ms
[2024-08-29T23:18:10.527+0800] GC(189) Concurrent marking (unload classes)
[2024-08-29T23:18:10.527+0800] GC(189) Using 2 of 4 workers for concurrent marking
[2024-08-29T23:18:10.529+0800] GC(189) Concurrent marking (unload classes) 1.459ms
[2024-08-29T23:18:10.529+0800] GC(189) Pause Final Mark (unload classes)
[2024-08-29T23:18:10.529+0800] GC(189) Using 4 of 4 workers for final marking
[2024-08-29T23:18:10.529+0800] GC(189) Collectable Garbage: 543M (97%), Immediate: 543M (97%), CSet: 0B (0%)
[2024-08-29T23:18:10.529+0800] GC(189) Pause Final Mark (unload classes) 0.413ms
[2024-08-29T23:18:10.529+0800] GC(189) Concurrent weak references
[2024-08-29T23:18:10.529+0800] GC(189) Using 2 of 4 workers for concurrent weak references
[2024-08-29T23:18:10.529+0800] GC(189) Encountered references: Soft: 178, Weak: 297, Final: 0, Phantom: 5
[2024-08-29T23:18:10.529+0800] GC(189) Discovered  references: Soft: 0, Weak: 92, Final: 0, Phantom: 3
[2024-08-29T23:18:10.529+0800] GC(189) Enqueued    references: Soft: 0, Weak: 0, Final: 0, Phantom: 0
[2024-08-29T23:18:10.529+0800] GC(189) Concurrent weak references 0.054ms
[2024-08-29T23:18:10.529+0800] GC(189) Concurrent weak roots
[2024-08-29T23:18:10.529+0800] GC(189) Using 2 of 4 workers for concurrent weak root
[2024-08-29T23:18:10.530+0800] GC(189) Concurrent weak roots 0.312ms
[2024-08-29T23:18:10.530+0800] GC(189) Concurrent cleanup
[2024-08-29T23:18:10.530+0800] GC(189) Concurrent cleanup 1504M->961M(2048M) 0.065ms
[2024-08-29T23:18:10.530+0800] GC(189) Free: 829M, Max: 1024K regular, 125M humongous, Frag: 85% external, 3% internal; Reserve: 103M, Max: 1024K
[2024-08-29T23:18:10.530+0800] GC(189) Concurrent class unloading
[2024-08-29T23:18:10.530+0800] GC(189) Using 2 of 4 workers for concurrent class unloading
[2024-08-29T23:18:10.531+0800] GC(189) Concurrent class unloading 1.385ms
[2024-08-29T23:18:10.531+0800] GC(189) Pause Final Roots
[2024-08-29T23:18:10.531+0800] GC(189) Pause Final Roots 0.016ms
[2024-08-29T23:18:10.531+0800] Free: 827M, Max: 1024K regular, 125M humongous, Frag: 85% external, 3% internal; Reserve: 103M, Max: 1024K
[2024-08-29T23:18:10.531+0800] 
[2024-08-29T23:18:10.531+0800] All times are wall-clock times, except per-root-class counters, that are sum over
[2024-08-29T23:18:10.531+0800] all workers. Dividing the <total> over the root stage time estimates parallelism.
[2024-08-29T23:18:10.531+0800] 
[2024-08-29T23:18:10.531+0800] Concurrent Reset                   5116 us
[2024-08-29T23:18:10.531+0800] Pause Init Mark (G)                 213 us
[2024-08-29T23:18:10.531+0800] Pause Init Mark (N)                 114 us
[2024-08-29T23:18:10.531+0800]   Update Region States               63 us
[2024-08-29T23:18:10.531+0800] Concurrent Mark Roots               257 us, parallelism: 0.66x
[2024-08-29T23:18:10.531+0800]   CMR: <total>                      169 us
[2024-08-29T23:18:10.531+0800]   CMR: Thread Roots                 136 us, workers (us): 136,   0, ---, ---, 
[2024-08-29T23:18:10.531+0800]   CMR: VM Strong Roots                4 us, workers (us):   4,   0, ---, ---, 
[2024-08-29T23:18:10.531+0800]   CMR: CLDG Roots                    29 us, workers (us):  29, ---, ---, ---, 
[2024-08-29T23:18:10.531+0800] Concurrent Marking                 1474 us
[2024-08-29T23:18:10.531+0800] Pause Final Mark (G)                472 us
[2024-08-29T23:18:10.531+0800] Pause Final Mark (N)                419 us
[2024-08-29T23:18:10.531+0800]   Finish Mark                       258 us
[2024-08-29T23:18:10.531+0800]   Update Region States               37 us
[2024-08-29T23:18:10.531+0800]   Choose Collection Set              89 us
[2024-08-29T23:18:10.531+0800]   Rebuild Free Set                    8 us
[2024-08-29T23:18:10.531+0800] Concurrent Weak References           59 us, parallelism: 0.04x
[2024-08-29T23:18:10.531+0800]   CWRF: <total>                       2 us
[2024-08-29T23:18:10.531+0800]   CWRF: Weak References               2 us, workers (us):   2,   0, ---, ---, 
[2024-08-29T23:18:10.531+0800] Concurrent Weak Roots               325 us
[2024-08-29T23:18:10.531+0800]   Roots                             258 us, parallelism: 1.42x
[2024-08-29T23:18:10.531+0800]     CWR: <total>                    366 us
[2024-08-29T23:18:10.531+0800]     CWR: Code Cache Roots           319 us, workers (us): 152, 167, ---, ---, 
[2024-08-29T23:18:10.531+0800]     CWR: VM Weak Roots               45 us, workers (us):  28,  17, ---, ---, 
[2024-08-29T23:18:10.531+0800]     CWR: CLDG Roots                   2 us, workers (us): ---,   2, ---, ---, 
[2024-08-29T23:18:10.531+0800]   Rendezvous                         45 us
[2024-08-29T23:18:10.531+0800] Concurrent Cleanup                   70 us
[2024-08-29T23:18:10.531+0800] Concurrent Class Unloading         1408 us
[2024-08-29T23:18:10.531+0800]   Unlink Stale                     1258 us
[2024-08-29T23:18:10.531+0800]     System Dictionary                 2 us
[2024-08-29T23:18:10.531+0800]     Weak Class Links                  0 us
[2024-08-29T23:18:10.531+0800]     Code Roots                     1255 us
[2024-08-29T23:18:10.531+0800]   Rendezvous                         53 us
[2024-08-29T23:18:10.531+0800]   Purge Unlinked                     64 us
[2024-08-29T23:18:10.531+0800]     Code Roots                       54 us
[2024-08-29T23:18:10.531+0800]     CLDG                             10 us
[2024-08-29T23:18:10.531+0800]     Exception Caches                  0 us
[2024-08-29T23:18:10.531+0800] Pause Final Roots (G)                84 us
[2024-08-29T23:18:10.531+0800] Pause Final Roots (N)                23 us
[2024-08-29T23:18:10.531+0800] 
[2024-08-29T23:18:10.531+0800] Allocation pacing accrued:
[2024-08-29T23:18:10.531+0800]       0 of   306 ms (  0.0%): <total>
[2024-08-29T23:18:10.531+0800]       0 of   306 ms (  0.0%): <average total>
[2024-08-29T23:18:10.531+0800] 
[2024-08-29T23:18:10.531+0800] Metaspace: 1653K(1856K)->1653K(1856K) NonClass: 1533K(1664K)->1533K(1664K) Class: 119K(192K)->119K(192K)
[2024-08-29T23:18:10.531+0800] Pacer for Idle. Initial: 41943K, Alloc Tax Rate: 1.0x
[2024-08-29T23:18:10.819+0800] Trigger: Free (192M) is below minimum threshold (204M)
[2024-08-29T23:18:10.819+0800] Free: 187M, Max: 1024K regular, 125M humongous, Frag: 33% external, 5% internal; Reserve: 103M, Max: 1024K
[2024-08-29T23:18:10.819+0800] GC(190) Concurrent reset
[2024-08-29T23:18:10.819+0800] GC(190) Using 2 of 4 workers for concurrent reset
[2024-08-29T23:18:10.819+0800] GC(190) Pacer for Reset. Non-Taxable: 2048M
[2024-08-29T23:18:10.824+0800] GC(190) Concurrent reset 5.011ms
[2024-08-29T23:18:10.825+0800] GC(190) Pause Init Mark (unload classes)
[2024-08-29T23:18:10.825+0800] GC(190) Using 4 of 4 workers for init marking
[2024-08-29T23:18:10.825+0800] GC(190) Pacer for Mark. Expected Live: 846M, Free: 177M, Non-Taxable: 18189K, Alloc Tax Rate: 5.8x
[2024-08-29T23:18:10.825+0800] GC(190) Pause Init Mark (unload classes) 0.127ms
[2024-08-29T23:18:10.825+0800] GC(190) Concurrent marking roots
[2024-08-29T23:18:10.825+0800] GC(190) Using 2 of 4 workers for concurrent marking roots
[2024-08-29T23:18:10.826+0800] GC(190) Concurrent marking roots 0.248ms
[2024-08-29T23:18:10.826+0800] GC(190) Concurrent marking (unload classes)
[2024-08-29T23:18:10.826+0800] GC(190) Using 2 of 4 workers for concurrent marking
[2024-08-29T23:18:10.828+0800] GC(190) Concurrent marking (unload classes) 2.415ms
[2024-08-29T23:18:10.828+0800] GC(190) Pause Final Mark (unload classes)
[2024-08-29T23:18:10.828+0800] GC(190) Using 4 of 4 workers for final marking
[2024-08-29T23:18:10.829+0800] GC(190) Collectable Garbage: 576M (97%), Immediate: 576M (97%), CSet: 0B (0%)
[2024-08-29T23:18:10.829+0800] GC(190) Pause Final Mark (unload classes) 0.388ms
[2024-08-29T23:18:10.829+0800] GC(190) Concurrent weak references
[2024-08-29T23:18:10.829+0800] GC(190) Using 2 of 4 workers for concurrent weak references
[2024-08-29T23:18:10.829+0800] GC(190) Encountered references: Soft: 178, Weak: 297, Final: 0, Phantom: 5
[2024-08-29T23:18:10.829+0800] GC(190) Discovered  references: Soft: 0, Weak: 240, Final: 0, Phantom: 5
[2024-08-29T23:18:10.829+0800] GC(190) Enqueued    references: Soft: 0, Weak: 0, Final: 0, Phantom: 0
[2024-08-29T23:18:10.829+0800] GC(190) Concurrent weak references 0.119ms
[2024-08-29T23:18:10.829+0800] GC(190) Concurrent weak roots
[2024-08-29T23:18:10.829+0800] GC(190) Using 2 of 4 workers for concurrent weak root
[2024-08-29T23:18:10.829+0800] GC(190) Concurrent weak roots 0.402ms
[2024-08-29T23:18:10.829+0800] GC(190) Concurrent cleanup
[2024-08-29T23:18:10.829+0800] GC(190) Concurrent cleanup 1520M->949M(2048M) 0.074ms
[2024-08-29T23:18:10.829+0800] GC(190) Free: 839M, Max: 1024K regular, 125M humongous, Frag: 85% external, 2% internal; Reserve: 103M, Max: 1024K
[2024-08-29T23:18:10.829+0800] GC(190) Concurrent class unloading
[2024-08-29T23:18:10.829+0800] GC(190) Using 2 of 4 workers for concurrent class unloading
[2024-08-29T23:18:10.830+0800] GC(190) Concurrent class unloading 1.045ms
[2024-08-29T23:18:10.830+0800] GC(190) Pause Final Roots
[2024-08-29T23:18:10.830+0800] GC(190) Pause Final Roots 0.013ms
[2024-08-29T23:18:10.830+0800] Free: 839M, Max: 1024K regular, 125M humongous, Frag: 85% external, 2% internal; Reserve: 103M, Max: 1024K
[2024-08-29T23:18:10.830+0800] 
[2024-08-29T23:18:10.830+0800] All times are wall-clock times, except per-root-class counters, that are sum over
[2024-08-29T23:18:10.830+0800] all workers. Dividing the <total> over the root stage time estimates parallelism.
[2024-08-29T23:18:10.830+0800] 
[2024-08-29T23:18:10.830+0800] Concurrent Reset                   5100 us
[2024-08-29T23:18:10.831+0800] Pause Init Mark (G)                 953 us
[2024-08-29T23:18:10.831+0800] Pause Init Mark (N)                 134 us
[2024-08-29T23:18:10.831+0800]   Update Region States               53 us
[2024-08-29T23:18:10.831+0800] Concurrent Mark Roots               264 us, parallelism: 0.86x
[2024-08-29T23:18:10.831+0800]   CMR: <total>                      226 us
[2024-08-29T23:18:10.831+0800]   CMR: Thread Roots                 161 us, workers (us):  52, 109, ---, ---, 
[2024-08-29T23:18:10.831+0800]   CMR: VM Strong Roots                6 us, workers (us):   6,   0, ---, ---, 
[2024-08-29T23:18:10.831+0800]   CMR: CLDG Roots                    59 us, workers (us):  59, ---, ---, ---, 
[2024-08-29T23:18:10.831+0800] Concurrent Marking                 2433 us
[2024-08-29T23:18:10.831+0800] Pause Final Mark (G)                510 us
[2024-08-29T23:18:10.831+0800] Pause Final Mark (N)                396 us
[2024-08-29T23:18:10.831+0800]   Finish Mark                       130 us
[2024-08-29T23:18:10.831+0800]   Update Region States              108 us
[2024-08-29T23:18:10.831+0800]   Choose Collection Set             113 us
[2024-08-29T23:18:10.831+0800]   Rebuild Free Set                   11 us
[2024-08-29T23:18:10.831+0800] Concurrent Weak References          127 us, parallelism: 0.07x
[2024-08-29T23:18:10.831+0800]   CWRF: <total>                       9 us
[2024-08-29T23:18:10.831+0800]   CWRF: Weak References               9 us, workers (us):   9,   0, ---, ---, 
[2024-08-29T23:18:10.831+0800] Concurrent Weak Roots               416 us
[2024-08-29T23:18:10.831+0800]   Roots                             312 us, parallelism: 1.51x
[2024-08-29T23:18:10.831+0800]     CWR: <total>                    472 us
[2024-08-29T23:18:10.831+0800]     CWR: Code Cache Roots           398 us, workers (us): 198, 200, ---, ---, 
[2024-08-29T23:18:10.831+0800]     CWR: VM Weak Roots               71 us, workers (us):  40,  31, ---, ---, 
[2024-08-29T23:18:10.831+0800]     CWR: CLDG Roots                   3 us, workers (us):   3, ---, ---, ---, 
[2024-08-29T23:18:10.831+0800]   Rendezvous                         78 us
[2024-08-29T23:18:10.831+0800] Concurrent Cleanup                   80 us
[2024-08-29T23:18:10.831+0800] Concurrent Class Unloading         1061 us
[2024-08-29T23:18:10.831+0800]   Unlink Stale                      773 us
[2024-08-29T23:18:10.831+0800]     System Dictionary                 2 us
[2024-08-29T23:18:10.831+0800]     Weak Class Links                  0 us
[2024-08-29T23:18:10.831+0800]     Code Roots                      770 us
[2024-08-29T23:18:10.831+0800]   Rendezvous                         71 us
[2024-08-29T23:18:10.831+0800]   Purge Unlinked                    190 us
[2024-08-29T23:18:10.831+0800]     Code Roots                      164 us
[2024-08-29T23:18:10.831+0800]     CLDG                             26 us
[2024-08-29T23:18:10.831+0800]     Exception Caches                  0 us
[2024-08-29T23:18:10.831+0800] Pause Final Roots (G)                76 us
[2024-08-29T23:18:10.831+0800] Pause Final Roots (N)                19 us
[2024-08-29T23:18:10.831+0800] 
[2024-08-29T23:18:10.831+0800] Allocation pacing accrued:
[2024-08-29T23:18:10.831+0800]       0 of   299 ms (  0.0%): <total>
[2024-08-29T23:18:10.831+0800]       0 of   299 ms (  0.0%): <average total>
[2024-08-29T23:18:10.831+0800] 
[2024-08-29T23:18:10.831+0800] Metaspace: 1653K(1856K)->1653K(1856K) NonClass: 1533K(1664K)->1533K(1664K) Class: 119K(192K)->119K(192K)
[2024-08-29T23:18:10.831+0800] Pacer for Idle. Initial: 41943K, Alloc Tax Rate: 1.0x
[2024-08-29T23:18:11.103+0800] Trigger: Free (203M) is below minimum threshold (204M)
[2024-08-29T23:18:11.103+0800] Free: 203M, Max: 1024K regular, 125M humongous, Frag: 36% external, 9% internal; Reserve: 103M, Max: 1024K
[2024-08-29T23:18:11.103+0800] GC(191) Concurrent reset
[2024-08-29T23:18:11.103+0800] GC(191) Using 2 of 4 workers for concurrent reset
[2024-08-29T23:18:11.103+0800] GC(191) Pacer for Reset. Non-Taxable: 2048M
[2024-08-29T23:18:11.108+0800] GC(191) Concurrent reset 4.536ms
[2024-08-29T23:18:11.109+0800] GC(191) Pause Init Mark (unload classes)
[2024-08-29T23:18:11.109+0800] GC(191) Using 4 of 4 workers for init marking
[2024-08-29T23:18:11.109+0800] GC(191) Pacer for Mark. Expected Live: 861M, Free: 189M, Non-Taxable: 19361K, Alloc Tax Rate: 5.6x
[2024-08-29T23:18:11.109+0800] GC(191) Pause Init Mark (unload classes) 0.140ms
[2024-08-29T23:18:11.109+0800] GC(191) Concurrent marking roots
[2024-08-29T23:18:11.109+0800] GC(191) Using 2 of 4 workers for concurrent marking roots
[2024-08-29T23:18:11.110+0800] GC(191) Concurrent marking roots 0.194ms
[2024-08-29T23:18:11.110+0800] GC(191) Concurrent marking (unload classes)
[2024-08-29T23:18:11.110+0800] GC(191) Using 2 of 4 workers for concurrent marking
[2024-08-29T23:18:11.111+0800] GC(191) Concurrent marking (unload classes) 1.354ms
[2024-08-29T23:18:11.111+0800] GC(191) Pause Final Mark (unload classes)
[2024-08-29T23:18:11.111+0800] GC(191) Using 4 of 4 workers for final marking
[2024-08-29T23:18:11.111+0800] GC(191) Collectable Garbage: 519M (97%), Immediate: 519M (97%), CSet: 0B (0%)
[2024-08-29T23:18:11.111+0800] GC(191) Pause Final Mark (unload classes) 0.287ms
[2024-08-29T23:18:11.111+0800] GC(191) Concurrent weak references
[2024-08-29T23:18:11.111+0800] GC(191) Using 2 of 4 workers for concurrent weak references
[2024-08-29T23:18:11.111+0800] GC(191) Encountered references: Soft: 178, Weak: 297, Final: 0, Phantom: 5
[2024-08-29T23:18:11.111+0800] GC(191) Discovered  references: Soft: 0, Weak: 142, Final: 0, Phantom: 5
[2024-08-29T23:18:11.111+0800] GC(191) Enqueued    references: Soft: 0, Weak: 0, Final: 0, Phantom: 0
[2024-08-29T23:18:11.111+0800] GC(191) Concurrent weak references 0.085ms
[2024-08-29T23:18:11.111+0800] GC(191) Concurrent weak roots
[2024-08-29T23:18:11.111+0800] GC(191) Using 2 of 4 workers for concurrent weak root
[2024-08-29T23:18:11.112+0800] GC(191) Concurrent weak roots 0.291ms
[2024-08-29T23:18:11.112+0800] GC(191) Concurrent cleanup
[2024-08-29T23:18:11.112+0800] GC(191) Concurrent cleanup 1504M->984M(2048M) 0.064ms
[2024-08-29T23:18:11.112+0800] GC(191) Free: 798M, Max: 1024K regular, 132M humongous, Frag: 84% external, 2% internal; Reserve: 103M, Max: 1024K
[2024-08-29T23:18:11.112+0800] GC(191) Concurrent class unloading
[2024-08-29T23:18:11.112+0800] GC(191) Using 2 of 4 workers for concurrent class unloading
[2024-08-29T23:18:11.112+0800] GC(191) Concurrent class unloading 0.726ms
[2024-08-29T23:18:11.113+0800] GC(191) Pause Final Roots
[2024-08-29T23:18:11.113+0800] GC(191) Pause Final Roots 0.011ms
[2024-08-29T23:18:11.113+0800] Free: 798M, Max: 1024K regular, 132M humongous, Frag: 84% external, 2% internal; Reserve: 103M, Max: 1024K
[2024-08-29T23:18:11.113+0800] 
[2024-08-29T23:18:11.113+0800] All times are wall-clock times, except per-root-class counters, that are sum over
[2024-08-29T23:18:11.113+0800] all workers. Dividing the <total> over the root stage time estimates parallelism.
[2024-08-29T23:18:11.113+0800] 
[2024-08-29T23:18:11.113+0800] Concurrent Reset                   4672 us
[2024-08-29T23:18:11.113+0800] Pause Init Mark (G)                1447 us
[2024-08-29T23:18:11.113+0800] Pause Init Mark (N)                 146 us
[2024-08-29T23:18:11.113+0800]   Update Region States               71 us
[2024-08-29T23:18:11.113+0800] Concurrent Mark Roots               206 us, parallelism: 0.78x
[2024-08-29T23:18:11.113+0800]   CMR: <total>                      161 us
[2024-08-29T23:18:11.113+0800]   CMR: Thread Roots                 119 us, workers (us):  59,  59, ---, ---, 
[2024-08-29T23:18:11.113+0800]   CMR: VM Strong Roots                5 us, workers (us):   5,   0, ---, ---, 
[2024-08-29T23:18:11.113+0800]   CMR: CLDG Roots                    38 us, workers (us):  38, ---, ---, ---, 
[2024-08-29T23:18:11.113+0800] Concurrent Marking                 1371 us
[2024-08-29T23:18:11.113+0800] Pause Final Mark (G)                369 us
[2024-08-29T23:18:11.113+0800] Pause Final Mark (N)                305 us
[2024-08-29T23:18:11.113+0800]   Finish Mark                       118 us
[2024-08-29T23:18:11.113+0800]   Update Region States               50 us
[2024-08-29T23:18:11.113+0800]   Choose Collection Set              90 us
[2024-08-29T23:18:11.113+0800]   Rebuild Free Set                    8 us
[2024-08-29T23:18:11.113+0800] Concurrent Weak References           91 us, parallelism: 0.04x
[2024-08-29T23:18:11.113+0800]   CWRF: <total>                       4 us
[2024-08-29T23:18:11.113+0800]   CWRF: Weak References               4 us, workers (us):   4,   0, ---, ---, 
[2024-08-29T23:18:11.113+0800] Concurrent Weak Roots               304 us
[2024-08-29T23:18:11.113+0800]   Roots                             226 us, parallelism: 1.40x
[2024-08-29T23:18:11.113+0800]     CWR: <total>                    316 us
[2024-08-29T23:18:11.113+0800]     CWR: Code Cache Roots           275 us, workers (us): 135, 139, ---, ---, 
[2024-08-29T23:18:11.113+0800]     CWR: VM Weak Roots               40 us, workers (us):  34,   6, ---, ---, 
[2024-08-29T23:18:11.113+0800]     CWR: CLDG Roots                   2 us, workers (us):   2, ---, ---, ---, 
[2024-08-29T23:18:11.113+0800]   Rendezvous                         55 us
[2024-08-29T23:18:11.113+0800] Concurrent Cleanup                   69 us
[2024-08-29T23:18:11.113+0800] Concurrent Class Unloading          739 us
[2024-08-29T23:18:11.113+0800]   Unlink Stale                      583 us
[2024-08-29T23:18:11.113+0800]     System Dictionary                 2 us
[2024-08-29T23:18:11.113+0800]     Weak Class Links                  0 us
[2024-08-29T23:18:11.113+0800]     Code Roots                      580 us
[2024-08-29T23:18:11.113+0800]   Rendezvous                         67 us
[2024-08-29T23:18:11.113+0800]   Purge Unlinked                     66 us
[2024-08-29T23:18:11.113+0800]     Code Roots                       55 us
[2024-08-29T23:18:11.113+0800]     CLDG                             10 us
[2024-08-29T23:18:11.113+0800]     Exception Caches                  0 us
[2024-08-29T23:18:11.113+0800] Pause Final Roots (G)                67 us
[2024-08-29T23:18:11.113+0800] Pause Final Roots (N)                16 us
[2024-08-29T23:18:11.113+0800] 
[2024-08-29T23:18:11.113+0800] Allocation pacing accrued:
[2024-08-29T23:18:11.113+0800]       0 of   282 ms (  0.0%): <total>
[2024-08-29T23:18:11.113+0800]       0 of   282 ms (  0.0%): <average total>
[2024-08-29T23:18:11.113+0800] 
[2024-08-29T23:18:11.113+0800] Metaspace: 1653K(1856K)->1653K(1856K) NonClass: 1533K(1664K)->1533K(1664K) Class: 119K(192K)->119K(192K)
[2024-08-29T23:18:11.113+0800] Pacer for Idle. Initial: 41943K, Alloc Tax Rate: 1.0x
[2024-08-29T23:18:11.352+0800] Trigger: Free (202M) is below minimum threshold (204M)
[2024-08-29T23:18:11.352+0800] Free: 202M, Max: 1024K regular, 132M humongous, Frag: 34% external, 5% internal; Reserve: 103M, Max: 1024K
[2024-08-29T23:18:11.352+0800] GC(192) Concurrent reset
[2024-08-29T23:18:11.352+0800] GC(192) Using 2 of 4 workers for concurrent reset
[2024-08-29T23:18:11.352+0800] GC(192) Pacer for Reset. Non-Taxable: 2048M
[2024-08-29T23:18:11.357+0800] GC(192) Concurrent reset 4.530ms
[2024-08-29T23:18:11.357+0800] GC(192) Pause Init Mark (unload classes)
[2024-08-29T23:18:11.357+0800] GC(192) Using 4 of 4 workers for init marking
[2024-08-29T23:18:11.357+0800] GC(192) Pacer for Mark. Expected Live: 896M, Free: 191M, Non-Taxable: 19576K, Alloc Tax Rate: 5.7x
[2024-08-29T23:18:11.357+0800] GC(192) Pause Init Mark (unload classes) 0.121ms
[2024-08-29T23:18:11.357+0800] GC(192) Concurrent marking roots
[2024-08-29T23:18:11.357+0800] GC(192) Using 2 of 4 workers for concurrent marking roots
[2024-08-29T23:18:11.358+0800] GC(192) Concurrent marking roots 0.217ms
[2024-08-29T23:18:11.358+0800] GC(192) Concurrent marking (unload classes)
[2024-08-29T23:18:11.358+0800] GC(192) Using 2 of 4 workers for concurrent marking
[2024-08-29T23:18:11.359+0800] GC(192) Concurrent marking (unload classes) 1.708ms
[2024-08-29T23:18:11.359+0800] GC(192) Pause Final Mark (unload classes)
[2024-08-29T23:18:11.359+0800] GC(192) Using 4 of 4 workers for final marking
[2024-08-29T23:18:11.360+0800] GC(192) Collectable Garbage: 529M (97%), Immediate: 529M (97%), CSet: 0B (0%)
[2024-08-29T23:18:11.360+0800] GC(192) Pause Final Mark (unload classes) 0.284ms
[2024-08-29T23:18:11.360+0800] GC(192) Concurrent weak references
[2024-08-29T23:18:11.360+0800] GC(192) Using 2 of 4 workers for concurrent weak references
[2024-08-29T23:18:11.360+0800] GC(192) Encountered references: Soft: 178, Weak: 297, Final: 0, Phantom: 5
[2024-08-29T23:18:11.360+0800] GC(192) Discovered  references: Soft: 0, Weak: 113, Final: 0, Phantom: 5
[2024-08-29T23:18:11.360+0800] GC(192) Enqueued    references: Soft: 0, Weak: 0, Final: 0, Phantom: 0
[2024-08-29T23:18:11.360+0800] GC(192) Concurrent weak references 0.087ms
[2024-08-29T23:18:11.360+0800] GC(192) Concurrent weak roots
[2024-08-29T23:18:11.360+0800] GC(192) Using 2 of 4 workers for concurrent weak root
[2024-08-29T23:18:11.360+0800] GC(192) Concurrent weak roots 0.258ms
[2024-08-29T23:18:11.360+0800] GC(192) Concurrent cleanup
[2024-08-29T23:18:11.360+0800] GC(192) Concurrent cleanup 1505M->975M(2048M) 0.080ms
[2024-08-29T23:18:11.360+0800] GC(192) Free: 808M, Max: 1024K regular, 127M humongous, Frag: 85% external, 1% internal; Reserve: 103M, Max: 1024K
[2024-08-29T23:18:11.360+0800] GC(192) Concurrent class unloading
[2024-08-29T23:18:11.360+0800] GC(192) Using 2 of 4 workers for concurrent class unloading
[2024-08-29T23:18:11.361+0800] GC(192) Concurrent class unloading 0.667ms
[2024-08-29T23:18:11.361+0800] GC(192) Pause Final Roots
[2024-08-29T23:18:11.361+0800] GC(192) Pause Final Roots 0.013ms
[2024-08-29T23:18:11.361+0800] Free: 807M, Max: 1024K regular, 127M humongous, Frag: 85% external, 1% internal; Reserve: 103M, Max: 1024K
[2024-08-29T23:18:11.361+0800] 
[2024-08-29T23:18:11.361+0800] All times are wall-clock times, except per-root-class counters, that are sum over
[2024-08-29T23:18:11.361+0800] all workers. Dividing the <total> over the root stage time estimates parallelism.
[2024-08-29T23:18:11.361+0800] 
[2024-08-29T23:18:11.361+0800] Concurrent Reset                   4636 us
[2024-08-29T23:18:11.361+0800] Pause Init Mark (G)                 468 us
[2024-08-29T23:18:11.361+0800] Pause Init Mark (N)                 128 us
[2024-08-29T23:18:11.361+0800]   Update Region States               75 us
[2024-08-29T23:18:11.361+0800] Concurrent Mark Roots               231 us, parallelism: 0.83x
[2024-08-29T23:18:11.361+0800]   CMR: <total>                      191 us
[2024-08-29T23:18:11.361+0800]   CMR: Thread Roots                 148 us, workers (us):  58,  91, ---, ---, 
[2024-08-29T23:18:11.361+0800]   CMR: VM Strong Roots                5 us, workers (us):   5,   0, ---, ---, 
[2024-08-29T23:18:11.361+0800]   CMR: CLDG Roots                    38 us, workers (us):  38, ---, ---, ---, 
[2024-08-29T23:18:11.361+0800] Concurrent Marking                 1726 us
[2024-08-29T23:18:11.361+0800] Pause Final Mark (G)                359 us
[2024-08-29T23:18:11.361+0800] Pause Final Mark (N)                291 us
[2024-08-29T23:18:11.361+0800]   Finish Mark                       104 us
[2024-08-29T23:18:11.361+0800]   Update Region States               57 us
[2024-08-29T23:18:11.361+0800]   Choose Collection Set              91 us
[2024-08-29T23:18:11.361+0800]   Rebuild Free Set                    8 us
[2024-08-29T23:18:11.361+0800] Concurrent Weak References           93 us, parallelism: 0.04x
[2024-08-29T23:18:11.361+0800]   CWRF: <total>                       3 us
[2024-08-29T23:18:11.361+0800]   CWRF: Weak References               3 us, workers (us):   3,   0, ---, ---, 
[2024-08-29T23:18:11.361+0800] Concurrent Weak Roots               269 us
[2024-08-29T23:18:11.361+0800]   Roots                             195 us, parallelism: 1.66x
[2024-08-29T23:18:11.361+0800]     CWR: <total>                    322 us
[2024-08-29T23:18:11.361+0800]     CWR: Code Cache Roots           277 us, workers (us): 140, 137, ---, ---, 
[2024-08-29T23:18:11.361+0800]     CWR: VM Weak Roots               43 us, workers (us):  24,  19, ---, ---, 
[2024-08-29T23:18:11.361+0800]     CWR: CLDG Roots                   2 us, workers (us): ---,   2, ---, ---, 
[2024-08-29T23:18:11.361+0800]   Rendezvous                         53 us
[2024-08-29T23:18:11.361+0800] Concurrent Cleanup                   89 us
[2024-08-29T23:18:11.361+0800] Concurrent Class Unloading          680 us
[2024-08-29T23:18:11.361+0800]   Unlink Stale                      566 us
[2024-08-29T23:18:11.361+0800]     System Dictionary                 2 us
[2024-08-29T23:18:11.361+0800]     Weak Class Links                  0 us
[2024-08-29T23:18:11.361+0800]     Code Roots                      563 us
[2024-08-29T23:18:11.361+0800]   Rendezvous                         35 us
[2024-08-29T23:18:11.361+0800]   Purge Unlinked                     56 us
[2024-08-29T23:18:11.361+0800]     Code Roots                       46 us
[2024-08-29T23:18:11.361+0800]     CLDG                             10 us
[2024-08-29T23:18:11.361+0800]     Exception Caches                  0 us
[2024-08-29T23:18:11.361+0800] Pause Final Roots (G)                72 us
[2024-08-29T23:18:11.361+0800] Pause Final Roots (N)                19 us
[2024-08-29T23:18:11.361+0800] 
[2024-08-29T23:18:11.361+0800] Allocation pacing accrued:
[2024-08-29T23:18:11.361+0800]       0 of   248 ms (  0.0%): <total>
[2024-08-29T23:18:11.361+0800]       0 of   248 ms (  0.0%): <average total>
[2024-08-29T23:18:11.361+0800] 
[2024-08-29T23:18:11.361+0800] Metaspace: 1653K(1856K)->1653K(1856K) NonClass: 1533K(1664K)->1533K(1664K) Class: 119K(192K)->119K(192K)
[2024-08-29T23:18:11.361+0800] Pacer for Idle. Initial: 41943K, Alloc Tax Rate: 1.0x
[2024-08-29T23:18:11.585+0800] Trigger: Free (201M) is below minimum threshold (204M)
[2024-08-29T23:18:11.585+0800] Free: 198M, Max: 1024K regular, 127M humongous, Frag: 36% external, 2% internal; Reserve: 103M, Max: 1024K
[2024-08-29T23:18:11.585+0800] GC(193) Concurrent reset
[2024-08-29T23:18:11.585+0800] GC(193) Using 2 of 4 workers for concurrent reset
[2024-08-29T23:18:11.585+0800] GC(193) Pacer for Reset. Non-Taxable: 2048M
[2024-08-29T23:18:11.589+0800] GC(193) Concurrent reset 4.317ms
[2024-08-29T23:18:11.590+0800] GC(193) Pause Init Mark (unload classes)
[2024-08-29T23:18:11.590+0800] GC(193) Using 4 of 4 workers for init marking
[2024-08-29T23:18:11.590+0800] GC(193) Pacer for Mark. Expected Live: 926M, Free: 190M, Non-Taxable: 19496K, Alloc Tax Rate: 5.9x
[2024-08-29T23:18:11.590+0800] GC(193) Pause Init Mark (unload classes) 0.118ms
[2024-08-29T23:18:11.590+0800] GC(193) Concurrent marking roots
[2024-08-29T23:18:11.590+0800] GC(193) Using 2 of 4 workers for concurrent marking roots
[2024-08-29T23:18:11.590+0800] GC(193) Concurrent marking roots 0.427ms
[2024-08-29T23:18:11.590+0800] GC(193) Concurrent marking (unload classes)
[2024-08-29T23:18:11.590+0800] GC(193) Using 2 of 4 workers for concurrent marking
[2024-08-29T23:18:11.593+0800] GC(193) Concurrent marking (unload classes) 2.121ms
[2024-08-29T23:18:11.593+0800] GC(193) Pause Final Mark (unload classes)
[2024-08-29T23:18:11.593+0800] GC(193) Using 4 of 4 workers for final marking
[2024-08-29T23:18:11.593+0800] GC(193) Collectable Garbage: 459M (96%), Immediate: 459M (96%), CSet: 0B (0%)
[2024-08-29T23:18:11.593+0800] GC(193) Pause Final Mark (unload classes) 0.345ms
[2024-08-29T23:18:11.593+0800] GC(193) Concurrent weak references
[2024-08-29T23:18:11.593+0800] GC(193) Using 2 of 4 workers for concurrent weak references
[2024-08-29T23:18:11.593+0800] GC(193) Encountered references: Soft: 178, Weak: 297, Final: 0, Phantom: 5
[2024-08-29T23:18:11.593+0800] GC(193) Discovered  references: Soft: 0, Weak: 83, Final: 0, Phantom: 3
[2024-08-29T23:18:11.593+0800] GC(193) Enqueued    references: Soft: 0, Weak: 0, Final: 0, Phantom: 0
[2024-08-29T23:18:11.593+0800] GC(193) Concurrent weak references 0.135ms
[2024-08-29T23:18:11.593+0800] GC(193) Concurrent weak roots
[2024-08-29T23:18:11.593+0800] GC(193) Using 2 of 4 workers for concurrent weak root
[2024-08-29T23:18:11.594+0800] GC(193) Concurrent weak roots 0.367ms
[2024-08-29T23:18:11.594+0800] GC(193) Concurrent cleanup
[2024-08-29T23:18:11.594+0800] GC(193) Concurrent cleanup 1522M->1063M(2048M) 0.073ms
[2024-08-29T23:18:11.594+0800] GC(193) Free: 714M, Max: 1024K regular, 127M humongous, Frag: 83% external, 0% internal; Reserve: 103M, Max: 1024K
[2024-08-29T23:18:11.594+0800] GC(193) Concurrent class unloading
[2024-08-29T23:18:11.594+0800] GC(193) Using 2 of 4 workers for concurrent class unloading
[2024-08-29T23:18:11.595+0800] GC(193) Concurrent class unloading 0.911ms
[2024-08-29T23:18:11.595+0800] GC(193) Pause Final Roots
[2024-08-29T23:18:11.595+0800] GC(193) Pause Final Roots 0.015ms
[2024-08-29T23:18:11.595+0800] Free: 711M, Max: 1024K regular, 127M humongous, Frag: 83% external, 0% internal; Reserve: 103M, Max: 1024K
[2024-08-29T23:18:11.595+0800] 
[2024-08-29T23:18:11.595+0800] All times are wall-clock times, except per-root-class counters, that are sum over
[2024-08-29T23:18:11.595+0800] all workers. Dividing the <total> over the root stage time estimates parallelism.
[2024-08-29T23:18:11.595+0800] 
[2024-08-29T23:18:11.595+0800] Concurrent Reset                   4411 us
[2024-08-29T23:18:11.595+0800] Pause Init Mark (G)                 610 us
[2024-08-29T23:18:11.595+0800] Pause Init Mark (N)                 125 us
[2024-08-29T23:18:11.595+0800]   Update Region States               70 us
[2024-08-29T23:18:11.595+0800] Concurrent Mark Roots               449 us, parallelism: 0.76x
[2024-08-29T23:18:11.595+0800]   CMR: <total>                      339 us
[2024-08-29T23:18:11.595+0800]   CMR: Thread Roots                 275 us, workers (us): 215,  60, ---, ---, 
[2024-08-29T23:18:11.595+0800]   CMR: VM Strong Roots                6 us, workers (us):   5,   1, ---, ---, 
[2024-08-29T23:18:11.595+0800]   CMR: CLDG Roots                    59 us, workers (us):  59, ---, ---, ---, 
[2024-08-29T23:18:11.595+0800] Concurrent Marking                 2164 us
[2024-08-29T23:18:11.595+0800] Pause Final Mark (G)                452 us
[2024-08-29T23:18:11.595+0800] Pause Final Mark (N)                353 us
[2024-08-29T23:18:11.595+0800]   Finish Mark                       146 us
[2024-08-29T23:18:11.595+0800]   Update Region States               62 us
[2024-08-29T23:18:11.595+0800]   Choose Collection Set             102 us
[2024-08-29T23:18:11.595+0800]   Rebuild Free Set                   10 us
[2024-08-29T23:18:11.595+0800] Concurrent Weak References          142 us, parallelism: 0.03x
[2024-08-29T23:18:11.595+0800]   CWRF: <total>                       4 us
[2024-08-29T23:18:11.595+0800]   CWRF: Weak References               4 us, workers (us):   4,   0, ---, ---, 
[2024-08-29T23:18:11.595+0800] Concurrent Weak Roots               382 us
[2024-08-29T23:18:11.595+0800]   Roots                             283 us, parallelism: 1.66x
[2024-08-29T23:18:11.595+0800]     CWR: <total>                    470 us
[2024-08-29T23:18:11.595+0800]     CWR: Code Cache Roots           395 us, workers (us): 203, 192, ---, ---, 
[2024-08-29T23:18:11.595+0800]     CWR: VM Weak Roots               72 us, workers (us):  40,  32, ---, ---, 
[2024-08-29T23:18:11.595+0800]     CWR: CLDG Roots                   3 us, workers (us):   3, ---, ---, ---, 
[2024-08-29T23:18:11.595+0800]   Rendezvous                         72 us
[2024-08-29T23:18:11.595+0800] Concurrent Cleanup                   80 us
[2024-08-29T23:18:11.595+0800] Concurrent Class Unloading          926 us
[2024-08-29T23:18:11.595+0800]   Unlink Stale                      722 us
[2024-08-29T23:18:11.595+0800]     System Dictionary                 2 us
[2024-08-29T23:18:11.595+0800]     Weak Class Links                  0 us
[2024-08-29T23:18:11.595+0800]     Code Roots                      718 us
[2024-08-29T23:18:11.595+0800]   Rendezvous                        127 us
[2024-08-29T23:18:11.595+0800]   Purge Unlinked                     51 us
[2024-08-29T23:18:11.595+0800]     Code Roots                       37 us
[2024-08-29T23:18:11.595+0800]     CLDG                             13 us
[2024-08-29T23:18:11.595+0800]     Exception Caches                  0 us
[2024-08-29T23:18:11.595+0800] Pause Final Roots (G)                89 us
[2024-08-29T23:18:11.595+0800] Pause Final Roots (N)                22 us
[2024-08-29T23:18:11.595+0800] 
[2024-08-29T23:18:11.595+0800] Allocation pacing accrued:
[2024-08-29T23:18:11.595+0800]       0 of   234 ms (  0.0%): <total>
[2024-08-29T23:18:11.595+0800]       0 of   234 ms (  0.0%): <average total>
[2024-08-29T23:18:11.595+0800] 
[2024-08-29T23:18:11.595+0800] Metaspace: 1653K(1856K)->1653K(1856K) NonClass: 1533K(1664K)->1533K(1664K) Class: 119K(192K)->119K(192K)
[2024-08-29T23:18:11.595+0800] Pacer for Idle. Initial: 41943K, Alloc Tax Rate: 1.0x
[2024-08-29T23:18:11.813+0800] Trigger: Free (199M) is below minimum threshold (204M)
[2024-08-29T23:18:11.813+0800] Free: 199M, Max: 1024K regular, 127M humongous, Frag: 36% external, 1% internal; Reserve: 103M, Max: 1024K
[2024-08-29T23:18:11.813+0800] GC(194) Concurrent reset
[2024-08-29T23:18:11.813+0800] GC(194) Using 2 of 4 workers for concurrent reset
[2024-08-29T23:18:11.813+0800] GC(194) Pacer for Reset. Non-Taxable: 2048M
[2024-08-29T23:18:11.818+0800] GC(194) Concurrent reset 5.273ms
[2024-08-29T23:18:11.818+0800] GC(194) Pause Init Mark (unload classes)
[2024-08-29T23:18:11.818+0800] GC(194) Using 4 of 4 workers for init marking
[2024-08-29T23:18:11.818+0800] GC(194) Pacer for Mark. Expected Live: 964M, Free: 185M, Non-Taxable: 18967K, Alloc Tax Rate: 6.4x
[2024-08-29T23:18:11.818+0800] GC(194) Pause Init Mark (unload classes) 0.128ms
[2024-08-29T23:18:11.818+0800] GC(194) Concurrent marking roots
[2024-08-29T23:18:11.818+0800] GC(194) Using 2 of 4 workers for concurrent marking roots
[2024-08-29T23:18:11.819+0800] GC(194) Concurrent marking roots 0.212ms
[2024-08-29T23:18:11.819+0800] GC(194) Concurrent marking (unload classes)
[2024-08-29T23:18:11.819+0800] GC(194) Using 2 of 4 workers for concurrent marking
[2024-08-29T23:18:11.820+0800] GC(194) Concurrent marking (unload classes) 1.651ms
[2024-08-29T23:18:11.820+0800] GC(194) Pause Final Mark (unload classes)
[2024-08-29T23:18:11.820+0800] GC(194) Using 4 of 4 workers for final marking
[2024-08-29T23:18:11.821+0800] GC(194) Collectable Garbage: 489M (97%), Immediate: 489M (97%), CSet: 0B (0%)
[2024-08-29T23:18:11.821+0800] GC(194) Pause Final Mark (unload classes) 0.330ms
[2024-08-29T23:18:11.821+0800] GC(194) Concurrent weak references
[2024-08-29T23:18:11.821+0800] GC(194) Using 2 of 4 workers for concurrent weak references
[2024-08-29T23:18:11.821+0800] GC(194) Encountered references: Soft: 178, Weak: 297, Final: 0, Phantom: 5
[2024-08-29T23:18:11.821+0800] GC(194) Discovered  references: Soft: 0, Weak: 113, Final: 0, Phantom: 3
[2024-08-29T23:18:11.821+0800] GC(194) Enqueued    references: Soft: 0, Weak: 0, Final: 0, Phantom: 0
[2024-08-29T23:18:11.821+0800] GC(194) Concurrent weak references 0.085ms
[2024-08-29T23:18:11.821+0800] GC(194) Concurrent weak roots
[2024-08-29T23:18:11.821+0800] GC(194) Using 2 of 4 workers for concurrent weak root
[2024-08-29T23:18:11.822+0800] GC(194) Concurrent weak roots 0.920ms
[2024-08-29T23:18:11.822+0800] GC(194) Concurrent cleanup
[2024-08-29T23:18:11.822+0800] GC(194) Concurrent cleanup 1528M->1039M(2048M) 0.086ms
[2024-08-29T23:18:11.822+0800] GC(194) Free: 745M, Max: 1024K regular, 115M humongous, Frag: 85% external, 2% internal; Reserve: 103M, Max: 1024K
[2024-08-29T23:18:11.822+0800] GC(194) Concurrent class unloading
[2024-08-29T23:18:11.822+0800] GC(194) Using 2 of 4 workers for concurrent class unloading
[2024-08-29T23:18:11.823+0800] GC(194) Concurrent class unloading 0.825ms
[2024-08-29T23:18:11.824+0800] GC(194) Pause Final Roots
[2024-08-29T23:18:11.824+0800] GC(194) Pause Final Roots 0.020ms
[2024-08-29T23:18:11.824+0800] Free: 741M, Max: 1024K regular, 115M humongous, Frag: 85% external, 2% internal; Reserve: 103M, Max: 1024K
[2024-08-29T23:18:11.824+0800] 
[2024-08-29T23:18:11.824+0800] All times are wall-clock times, except per-root-class counters, that are sum over
[2024-08-29T23:18:11.824+0800] all workers. Dividing the <total> over the root stage time estimates parallelism.
[2024-08-29T23:18:11.824+0800] 
[2024-08-29T23:18:11.824+0800] Concurrent Reset                   5348 us
[2024-08-29T23:18:11.824+0800] Pause Init Mark (G)                 235 us
[2024-08-29T23:18:11.824+0800] Pause Init Mark (N)                 134 us
[2024-08-29T23:18:11.824+0800]   Update Region States               68 us
[2024-08-29T23:18:11.824+0800] Concurrent Mark Roots               223 us, parallelism: 0.96x
[2024-08-29T23:18:11.824+0800]   CMR: <total>                      213 us
[2024-08-29T23:18:11.824+0800]   CMR: Thread Roots                 179 us, workers (us):  77, 101, ---, ---, 
[2024-08-29T23:18:11.824+0800]   CMR: VM Strong Roots                4 us, workers (us):   3,   0, ---, ---, 
[2024-08-29T23:18:11.824+0800]   CMR: CLDG Roots                    31 us, workers (us):  31, ---, ---, ---, 
[2024-08-29T23:18:11.824+0800] Concurrent Marking                 1667 us
[2024-08-29T23:18:11.824+0800] Pause Final Mark (G)                415 us
[2024-08-29T23:18:11.824+0800] Pause Final Mark (N)                341 us
[2024-08-29T23:18:11.824+0800]   Finish Mark                       151 us
[2024-08-29T23:18:11.824+0800]   Update Region States               36 us
[2024-08-29T23:18:11.824+0800]   Choose Collection Set              97 us
[2024-08-29T23:18:11.824+0800]   Rebuild Free Set                    9 us
[2024-08-29T23:18:11.824+0800] Concurrent Weak References           91 us, parallelism: 0.04x
[2024-08-29T23:18:11.824+0800]   CWRF: <total>                       4 us
[2024-08-29T23:18:11.824+0800]   CWRF: Weak References               4 us, workers (us):   3,   0, ---, ---, 
[2024-08-29T23:18:11.824+0800] Concurrent Weak Roots               962 us
[2024-08-29T23:18:11.824+0800]   Roots                             269 us, parallelism: 1.42x
[2024-08-29T23:18:11.824+0800]     CWR: <total>                    381 us
[2024-08-29T23:18:11.824+0800]     CWR: Code Cache Roots           315 us, workers (us): 157, 158, ---, ---, 
[2024-08-29T23:18:11.824+0800]     CWR: VM Weak Roots               64 us, workers (us):  36,  28, ---, ---, 
[2024-08-29T23:18:11.824+0800]     CWR: CLDG Roots                   3 us, workers (us):   3, ---, ---, ---, 
[2024-08-29T23:18:11.824+0800]   Rendezvous                        639 us
[2024-08-29T23:18:11.824+0800] Concurrent Cleanup                   93 us
[2024-08-29T23:18:11.824+0800] Concurrent Class Unloading          842 us
[2024-08-29T23:18:11.824+0800]   Unlink Stale                      583 us
[2024-08-29T23:18:11.824+0800]     System Dictionary                 2 us
[2024-08-29T23:18:11.824+0800]     Weak Class Links                  0 us
[2024-08-29T23:18:11.824+0800]     Code Roots                      580 us
[2024-08-29T23:18:11.824+0800]   Rendezvous                         80 us
[2024-08-29T23:18:11.824+0800]   Purge Unlinked                    150 us
[2024-08-29T23:18:11.824+0800]     Code Roots                      121 us
[2024-08-29T23:18:11.824+0800]     CLDG                             27 us
[2024-08-29T23:18:11.824+0800]     Exception Caches                  0 us
[2024-08-29T23:18:11.824+0800] Pause Final Roots (G)              1126 us
[2024-08-29T23:18:11.824+0800] Pause Final Roots (N)                29 us
[2024-08-29T23:18:11.824+0800] 
[2024-08-29T23:18:11.824+0800] Allocation pacing accrued:
[2024-08-29T23:18:11.824+0800]       0 of   229 ms (  0.0%): <total>
[2024-08-29T23:18:11.824+0800]       0 of   229 ms (  0.0%): <average total>
[2024-08-29T23:18:11.824+0800] 
[2024-08-29T23:18:11.824+0800] Metaspace: 1653K(1856K)->1653K(1856K) NonClass: 1533K(1664K)->1533K(1664K) Class: 119K(192K)->119K(192K)
[2024-08-29T23:18:11.824+0800] Pacer for Idle. Initial: 41943K, Alloc Tax Rate: 1.0x
[2024-08-29T23:18:12.062+0800] Trigger: Free (202M) is below minimum threshold (204M)
[2024-08-29T23:18:12.062+0800] Free: 202M, Max: 1024K regular, 115M humongous, Frag: 43% external, 4% internal; Reserve: 103M, Max: 1024K
[2024-08-29T23:18:12.062+0800] GC(195) Concurrent reset
[2024-08-29T23:18:12.063+0800] GC(195) Using 2 of 4 workers for concurrent reset
[2024-08-29T23:18:12.063+0800] GC(195) Pacer for Reset. Non-Taxable: 2048M
[2024-08-29T23:18:12.068+0800] GC(195) Concurrent reset 5.752ms
[2024-08-29T23:18:12.068+0800] GC(195) Pause Init Mark (unload classes)
[2024-08-29T23:18:12.068+0800] GC(195) Using 4 of 4 workers for init marking
[2024-08-29T23:18:12.068+0800] GC(195) Pacer for Mark. Expected Live: 979M, Free: 186M, Non-Taxable: 19095K, Alloc Tax Rate: 6.4x
[2024-08-29T23:18:12.068+0800] GC(195) Pause Init Mark (unload classes) 0.115ms
[2024-08-29T23:18:12.069+0800] GC(195) Concurrent marking roots
[2024-08-29T23:18:12.069+0800] GC(195) Using 2 of 4 workers for concurrent marking roots
[2024-08-29T23:18:12.069+0800] GC(195) Concurrent marking roots 0.201ms
[2024-08-29T23:18:12.069+0800] GC(195) Concurrent marking (unload classes)
[2024-08-29T23:18:12.069+0800] GC(195) Using 2 of 4 workers for concurrent marking
[2024-08-29T23:18:12.071+0800] GC(195) Concurrent marking (unload classes) 2.214ms
[2024-08-29T23:18:12.071+0800] GC(195) Pause Final Mark (unload classes)
[2024-08-29T23:18:12.071+0800] GC(195) Using 4 of 4 workers for final marking
[2024-08-29T23:18:12.071+0800] GC(195) Collectable Garbage: 520M (97%), Immediate: 520M (97%), CSet: 0B (0%)
[2024-08-29T23:18:12.071+0800] GC(195) Pause Final Mark (unload classes) 0.292ms
[2024-08-29T23:18:12.071+0800] GC(195) Concurrent weak references
[2024-08-29T23:18:12.071+0800] GC(195) Using 2 of 4 workers for concurrent weak references
[2024-08-29T23:18:12.071+0800] GC(195) Encountered references: Soft: 178, Weak: 297, Final: 0, Phantom: 5
[2024-08-29T23:18:12.071+0800] GC(195) Discovered  references: Soft: 0, Weak: 113, Final: 0, Phantom: 3
[2024-08-29T23:18:12.071+0800] GC(195) Enqueued    references: Soft: 0, Weak: 0, Final: 0, Phantom: 0
[2024-08-29T23:18:12.071+0800] GC(195) Concurrent weak references 0.090ms
[2024-08-29T23:18:12.071+0800] GC(195) Concurrent weak roots
[2024-08-29T23:18:12.071+0800] GC(195) Using 2 of 4 workers for concurrent weak root
[2024-08-29T23:18:12.072+0800] GC(195) Concurrent weak roots 0.343ms
[2024-08-29T23:18:12.072+0800] GC(195) Concurrent cleanup
[2024-08-29T23:18:12.072+0800] GC(195) Concurrent cleanup 1519M->998M(2048M) 0.093ms
[2024-08-29T23:18:12.072+0800] GC(195) Free: 790M, Max: 1024K regular, 115M humongous, Frag: 86% external, 2% internal; Reserve: 103M, Max: 1024K
[2024-08-29T23:18:12.072+0800] GC(195) Concurrent class unloading
[2024-08-29T23:18:12.072+0800] GC(195) Using 2 of 4 workers for concurrent class unloading
[2024-08-29T23:18:12.073+0800] GC(195) Concurrent class unloading 0.940ms
[2024-08-29T23:18:12.073+0800] GC(195) Pause Final Roots
[2024-08-29T23:18:12.073+0800] GC(195) Pause Final Roots 0.014ms
[2024-08-29T23:18:12.073+0800] Free: 782M, Max: 1024K regular, 115M humongous, Frag: 86% external, 2% internal; Reserve: 103M, Max: 1024K
[2024-08-29T23:18:12.073+0800] 
[2024-08-29T23:18:12.073+0800] All times are wall-clock times, except per-root-class counters, that are sum over
[2024-08-29T23:18:12.073+0800] all workers. Dividing the <total> over the root stage time estimates parallelism.
[2024-08-29T23:18:12.073+0800] 
[2024-08-29T23:18:12.073+0800] Concurrent Reset                   5810 us
[2024-08-29T23:18:12.073+0800] Pause Init Mark (G)                 211 us
[2024-08-29T23:18:12.073+0800] Pause Init Mark (N)                 122 us
[2024-08-29T23:18:12.073+0800]   Update Region States               66 us
[2024-08-29T23:18:12.073+0800] Concurrent Mark Roots               212 us, parallelism: 0.97x
[2024-08-29T23:18:12.073+0800]   CMR: <total>                      207 us
[2024-08-29T23:18:12.073+0800]   CMR: Thread Roots                 170 us, workers (us):  71,  99, ---, ---, 
[2024-08-29T23:18:12.073+0800]   CMR: VM Strong Roots                3 us, workers (us):   3,   0, ---, ---, 
[2024-08-29T23:18:12.073+0800]   CMR: CLDG Roots                    33 us, workers (us):  33, ---, ---, ---, 
[2024-08-29T23:18:12.073+0800] Concurrent Marking                 2233 us
[2024-08-29T23:18:12.073+0800] Pause Final Mark (G)                398 us
[2024-08-29T23:18:12.073+0800] Pause Final Mark (N)                300 us
[2024-08-29T23:18:12.073+0800]   Finish Mark                        83 us
[2024-08-29T23:18:12.073+0800]   Update Region States               64 us
[2024-08-29T23:18:12.073+0800]   Choose Collection Set             109 us
[2024-08-29T23:18:12.073+0800]   Rebuild Free Set                   10 us
[2024-08-29T23:18:12.073+0800] Concurrent Weak References           96 us, parallelism: 0.04x
[2024-08-29T23:18:12.073+0800]   CWRF: <total>                       3 us
[2024-08-29T23:18:12.073+0800]   CWRF: Weak References               3 us, workers (us):   3,   0, ---, ---, 
[2024-08-29T23:18:12.073+0800] Concurrent Weak Roots               356 us
[2024-08-29T23:18:12.073+0800]   Roots                             269 us, parallelism: 1.50x
[2024-08-29T23:18:12.073+0800]     CWR: <total>                    402 us
[2024-08-29T23:18:12.073+0800]     CWR: Code Cache Roots           346 us, workers (us): 173, 174, ---, ---, 
[2024-08-29T23:18:12.073+0800]     CWR: VM Weak Roots               53 us, workers (us):  31,  22, ---, ---, 
[2024-08-29T23:18:12.073+0800]     CWR: CLDG Roots                   2 us, workers (us):   2, ---, ---, ---, 
[2024-08-29T23:18:12.073+0800]   Rendezvous                         62 us
[2024-08-29T23:18:12.073+0800] Concurrent Cleanup                  103 us
[2024-08-29T23:18:12.073+0800] Concurrent Class Unloading          981 us
[2024-08-29T23:18:12.073+0800]   Unlink Stale                      805 us
[2024-08-29T23:18:12.073+0800]     System Dictionary                 2 us
[2024-08-29T23:18:12.073+0800]     Weak Class Links                  0 us
[2024-08-29T23:18:12.073+0800]     Code Roots                      802 us
[2024-08-29T23:18:12.073+0800]   Rendezvous                         22 us
[2024-08-29T23:18:12.073+0800]   Purge Unlinked                     89 us
[2024-08-29T23:18:12.073+0800]     Code Roots                       85 us
[2024-08-29T23:18:12.073+0800]     CLDG                              4 us
[2024-08-29T23:18:12.073+0800]     Exception Caches                  0 us
[2024-08-29T23:18:12.073+0800] Pause Final Roots (G)                87 us
[2024-08-29T23:18:12.073+0800] Pause Final Roots (N)                20 us
[2024-08-29T23:18:12.073+0800] 
[2024-08-29T23:18:12.073+0800] Allocation pacing accrued:
[2024-08-29T23:18:12.073+0800]       0 of   249 ms (  0.0%): <total>
[2024-08-29T23:18:12.073+0800]       0 of   249 ms (  0.0%): <average total>
[2024-08-29T23:18:12.073+0800] 
[2024-08-29T23:18:12.073+0800] Metaspace: 1653K(1856K)->1653K(1856K) NonClass: 1533K(1664K)->1533K(1664K) Class: 119K(192K)->119K(192K)
[2024-08-29T23:18:12.073+0800] Pacer for Idle. Initial: 41943K, Alloc Tax Rate: 1.0x
[2024-08-29T23:18:12.302+0800] Cancelling GC: Stopping VM
[2024-08-29T23:18:12.303+0800] Heap
[2024-08-29T23:18:12.303+0800] Shenandoah Heap
[2024-08-29T23:18:12.303+0800]  2048M max, 2048M soft max, 2048M committed, 1431M used
[2024-08-29T23:18:12.303+0800]  2048 x 1024K regions
[2024-08-29T23:18:12.303+0800] Status: cancelled
[2024-08-29T23:18:12.303+0800] Reserved region:
[2024-08-29T23:18:12.303+0800]  - [0x0000000080000000, 0x0000000100000000) 
[2024-08-29T23:18:12.303+0800] Collection set:
[2024-08-29T23:18:12.303+0800]  - map (vanilla): 0x0000000000010800
[2024-08-29T23:18:12.303+0800]  - map (biased):  0x0000000000010000
[2024-08-29T23:18:12.303+0800] 
[2024-08-29T23:18:12.303+0800]  Metaspace       used 1655K, committed 1856K, reserved 1114112K
[2024-08-29T23:18:12.303+0800]   class space    used 119K, committed 192K, reserved 1048576K
[2024-08-29T23:18:12.303+0800] 
[2024-08-29T23:18:12.303+0800] GC STATISTICS:
[2024-08-29T23:18:12.303+0800]   "(G)" (gross) pauses include VM time: time to notify and block threads, do the pre-
[2024-08-29T23:18:12.303+0800]         and post-safepoint housekeeping. Use -Xlog:safepoint+stats to dissect.
[2024-08-29T23:18:12.303+0800]   "(N)" (net) pauses are the times spent in the actual GC code.
[2024-08-29T23:18:12.303+0800]   "a" is average time for each phase, look at levels to see if average makes sense.
[2024-08-29T23:18:12.303+0800]   "lvls" are quantiles: 0% (minimum), 25%, 50% (median), 75%, 100% (maximum).
[2024-08-29T23:18:12.303+0800] 
[2024-08-29T23:18:12.303+0800]   All times are wall-clock times, except per-root-class counters, that are sum over
[2024-08-29T23:18:12.303+0800]   all workers. Dividing the <total> over the root stage time estimates parallelism.
[2024-08-29T23:18:12.303+0800] 
[2024-08-29T23:18:12.303+0800]   Pacing delays are measured from entering the pacing code till exiting it. Therefore,
[2024-08-29T23:18:12.303+0800]   observed pacing delays may be higher than the threshold when paced thread spent more
[2024-08-29T23:18:12.303+0800]   time in the pacing code. It usually happens when thread is de-scheduled while paced,
[2024-08-29T23:18:12.303+0800]   OS takes longer to unblock the thread, or JVM experiences an STW pause.
[2024-08-29T23:18:12.303+0800] 
[2024-08-29T23:18:12.303+0800]   Higher delay would prevent application outpacing the GC, but it will hide the GC latencies
[2024-08-29T23:18:12.303+0800]   from the STW pause times. Pacing affects the individual threads, and so it would also be
[2024-08-29T23:18:12.303+0800]   invisible to the usual profiling tools, but would add up to end-to-end application latency.
[2024-08-29T23:18:12.303+0800]   Raise max pacing delay with care.
[2024-08-29T23:18:12.303+0800] 
[2024-08-29T23:18:12.303+0800] Concurrent Reset               =    0.891 s (a =     4548 us) (n =   196) (lvls, us =      402,     3438,     4883,     5801,    11650)
[2024-08-29T23:18:12.303+0800] Pause Init Mark (G)            =    0.124 s (a =      634 us) (n =   196) (lvls, us =      117,      201,      258,      998,     4414)
[2024-08-29T23:18:12.303+0800] Pause Init Mark (N)            =    0.028 s (a =      142 us) (n =   196) (lvls, us =       74,      100,      113,      137,     2161)
[2024-08-29T23:18:12.303+0800]   Update Region States         =    0.015 s (a =       78 us) (n =   196) (lvls, us =       33,       48,       62,       74,     1971)
[2024-08-29T23:18:12.303+0800] Concurrent Mark Roots          =    0.059 s (a =      300 us) (n =   196) (lvls, us =      158,      217,      240,      299,     3460)
[2024-08-29T23:18:12.303+0800]   CMR: <total>                 =    0.053 s (a =      269 us) (n =   196) (lvls, us =      152,      207,      236,      273,     1932)
[2024-08-29T23:18:12.303+0800]   CMR: Thread Roots            =    0.041 s (a =      207 us) (n =   196) (lvls, us =      117,      160,      184,      209,     1860)
[2024-08-29T23:18:12.303+0800]   CMR: VM Strong Roots         =    0.002 s (a =       10 us) (n =   196) (lvls, us =        3,        4,        5,        6,      769)
[2024-08-29T23:18:12.303+0800]   CMR: CLDG Roots              =    0.010 s (a =       51 us) (n =   196) (lvls, us =       29,       35,       44,       55,      310)
[2024-08-29T23:18:12.303+0800] Concurrent Marking             =    0.436 s (a =     2226 us) (n =   196) (lvls, us =     1191,     1562,     1875,     2441,    16851)
[2024-08-29T23:18:12.303+0800] Pause Final Mark (G)           =    0.125 s (a =      636 us) (n =   196) (lvls, us =      268,      375,      465,      697,     3215)
[2024-08-29T23:18:12.303+0800] Pause Final Mark (N)           =    0.077 s (a =      391 us) (n =   196) (lvls, us =      207,      299,      350,      449,     1054)
[2024-08-29T23:18:12.303+0800]   Finish Mark                  =    0.031 s (a =      160 us) (n =   196) (lvls, us =       66,      113,      139,      170,      470)
[2024-08-29T23:18:12.303+0800]   Update Region States         =    0.012 s (a =       61 us) (n =   196) (lvls, us =       29,       44,       55,       64,      350)
[2024-08-29T23:18:12.303+0800]   Choose Collection Set        =    0.024 s (a =      123 us) (n =   196) (lvls, us =       57,       80,       98,      141,      563)
[2024-08-29T23:18:12.303+0800]   Rebuild Free Set             =    0.002 s (a =        9 us) (n =   196) (lvls, us =        6,        8,        9,       10,       25)
[2024-08-29T23:18:12.303+0800] Concurrent Thread Roots        =    0.000 s (a =      253 us) (n =     1) (lvls, us =      252,      252,      252,      252,      253)
[2024-08-29T23:18:12.303+0800]   CTR: <total>                 =    0.000 s (a =      150 us) (n =     1) (lvls, us =      148,      148,      148,      148,      150)
[2024-08-29T23:18:12.303+0800]   CTR: Thread Roots            =    0.000 s (a =      150 us) (n =     1) (lvls, us =      148,      148,      148,      148,      150)
[2024-08-29T23:18:12.303+0800] Concurrent Weak References     =    0.025 s (a =      130 us) (n =   196) (lvls, us =       40,       90,      104,      127,      673)
[2024-08-29T23:18:12.303+0800]   CWRF: <total>                =    0.002 s (a =        8 us) (n =   196) (lvls, us =        2,        4,        5,        9,       87)
[2024-08-29T23:18:12.303+0800]   CWRF: Weak References        =    0.002 s (a =        8 us) (n =   196) (lvls, us =        2,        4,        5,        9,       87)
[2024-08-29T23:18:12.303+0800] Concurrent Weak Roots          =    0.134 s (a =      686 us) (n =   196) (lvls, us =      215,      328,      398,      727,     8047)
[2024-08-29T23:18:12.303+0800]   Roots                        =    0.067 s (a =      340 us) (n =   196) (lvls, us =      139,      240,      273,      391,     1237)
[2024-08-29T23:18:12.303+0800]     CWR: <total>               =    0.085 s (a =      432 us) (n =   196) (lvls, us =      166,      326,      365,      486,     1483)
[2024-08-29T23:18:12.303+0800]     CWR: Code Cache Roots      =    0.072 s (a =      366 us) (n =   196) (lvls, us =      121,      277,      309,      408,     1365)
[2024-08-29T23:18:12.303+0800]     CWR: VM Weak Roots         =    0.012 s (a =       63 us) (n =   196) (lvls, us =       39,       46,       51,       75,      233)
[2024-08-29T23:18:12.303+0800]     CWR: CLDG Roots            =    0.001 s (a =        3 us) (n =   196) (lvls, us =        2,        2,        3,        3,       43)
[2024-08-29T23:18:12.303+0800]   Rendezvous                   =    0.061 s (a =      313 us) (n =   196) (lvls, us =       17,       60,       68,      109,     6532)
[2024-08-29T23:18:12.303+0800] Concurrent Cleanup             =    0.018 s (a =       92 us) (n =   196) (lvls, us =       61,       74,       85,      100,      364)
[2024-08-29T23:18:12.303+0800] Concurrent Class Unloading     =    0.247 s (a =     1260 us) (n =   196) (lvls, us =      395,      834,     1016,     1523,     6216)
[2024-08-29T23:18:12.303+0800]   Unlink Stale                 =    0.160 s (a =      817 us) (n =   196) (lvls, us =      244,      623,      711,      945,     2583)
[2024-08-29T23:18:12.303+0800]     System Dictionary          =    0.001 s (a =        3 us) (n =   196) (lvls, us =        2,        2,        2,        3,       14)
[2024-08-29T23:18:12.303+0800]     Weak Class Links           =    0.000 s (a =        0 us) (n =   196) (lvls, us =        0,        0,        0,        0,        1)
[2024-08-29T23:18:12.303+0800]     Code Roots                 =    0.159 s (a =      813 us) (n =   196) (lvls, us =      242,      621,      707,      943,     2565)
[2024-08-29T23:18:12.303+0800]   Rendezvous                   =    0.060 s (a =      306 us) (n =   196) (lvls, us =       18,       59,       72,      354,     3667)
[2024-08-29T23:18:12.304+0800]   Purge Unlinked               =    0.020 s (a =      102 us) (n =   196) (lvls, us =       27,       66,       82,       96,     1028)
[2024-08-29T23:18:12.304+0800]     Code Roots                 =    0.018 s (a =       90 us) (n =   196) (lvls, us =       23,       59,       71,       82,     1011)
[2024-08-29T23:18:12.304+0800]     CLDG                       =    0.002 s (a =       11 us) (n =   196) (lvls, us =        2,       10,       12,       13,       51)
[2024-08-29T23:18:12.304+0800]     Exception Caches           =    0.000 s (a =        0 us) (n =   196) (lvls, us =        0,        0,        0,        0,        1)
[2024-08-29T23:18:12.304+0800] Concurrent Strong Roots        =    0.000 s (a =      418 us) (n =     1) (lvls, us =      416,      416,      416,      416,      418)
[2024-08-29T23:18:12.304+0800]   CSR: <total>                 =    0.000 s (a =      318 us) (n =     1) (lvls, us =      316,      316,      316,      316,      318)
[2024-08-29T23:18:12.304+0800]   CSR: VM Strong Roots         =    0.000 s (a =       27 us) (n =     1) (lvls, us =       27,       27,       27,       27,       27)
[2024-08-29T23:18:12.304+0800]   CSR: CLDG Roots              =    0.000 s (a =      291 us) (n =     1) (lvls, us =      289,      289,      289,      289,      291)
[2024-08-29T23:18:12.304+0800] Concurrent Evacuation          =    0.002 s (a =     1846 us) (n =     1) (lvls, us =     1836,     1836,     1836,     1836,     1846)
[2024-08-29T23:18:12.304+0800] Pause Final Roots (G)          =    0.061 s (a =      315 us) (n =   195) (lvls, us =       30,       83,       94,      365,     2054)
[2024-08-29T23:18:12.304+0800] Pause Final Roots (N)          =    0.005 s (a =       25 us) (n =   195) (lvls, us =       10,       20,       22,       27,       88)
[2024-08-29T23:18:12.304+0800] Pause Init Update Refs (G)     =    0.001 s (a =      820 us) (n =     1) (lvls, us =      818,      818,      818,      818,      820)
[2024-08-29T23:18:12.304+0800] Pause Init Update Refs (N)     =    0.000 s (a =       29 us) (n =     1) (lvls, us =       29,       29,       29,       29,       29)
[2024-08-29T23:18:12.304+0800]   Manage GCLABs                =    0.000 s (a =        3 us) (n =     1) (lvls, us =        3,        3,        3,        3,        3)
[2024-08-29T23:18:12.304+0800] Concurrent Update Refs         =    0.002 s (a =     2486 us) (n =     1) (lvls, us =     2480,     2480,     2480,     2480,     2486)
[2024-08-29T23:18:12.304+0800] Concurrent Update Thread Roots =    0.000 s (a =      263 us) (n =     1) (lvls, us =      262,      262,      262,      262,      263)
[2024-08-29T23:18:12.304+0800] Pause Final Update Refs (G)    =    0.000 s (a =      173 us) (n =     1) (lvls, us =      172,      172,      172,      172,      173)
[2024-08-29T23:18:12.304+0800] Pause Final Update Refs (N)    =    0.000 s (a =      109 us) (n =     1) (lvls, us =      107,      107,      107,      107,      109)
[2024-08-29T23:18:12.304+0800]   Update Region States         =    0.000 s (a =       69 us) (n =     1) (lvls, us =       69,       69,       69,       69,       69)
[2024-08-29T23:18:12.304+0800]   Trash Collection Set         =    0.000 s (a =        2 us) (n =     1) (lvls, us =        2,        2,        2,        2,        2)
[2024-08-29T23:18:12.304+0800]   Rebuild Free Set             =    0.000 s (a =        8 us) (n =     1) (lvls, us =        8,        8,        8,        8,        8)
[2024-08-29T23:18:12.304+0800] Concurrent Cleanup             =    0.000 s (a =       75 us) (n =     1) (lvls, us =       75,       75,       75,       75,       75)
[2024-08-29T23:18:12.304+0800] Pacing                         =    0.025 s (a =      129 us) (n =   196) (lvls, us =        0,        0,        0,        0,    10313)
[2024-08-29T23:18:12.304+0800] 
[2024-08-29T23:18:12.304+0800] 
[2024-08-29T23:18:12.304+0800] Under allocation pressure, concurrent cycles may cancel, and either continue cycle
[2024-08-29T23:18:12.304+0800] under stop-the-world pause or result in stop-the-world Full GC. Increase heap size,
[2024-08-29T23:18:12.304+0800] tune GC heuristics, set more aggressive pacing delay, or lower allocation rate
[2024-08-29T23:18:12.304+0800] to avoid Degenerated and Full GC cycles.
[2024-08-29T23:18:12.304+0800] 
[2024-08-29T23:18:12.304+0800]   196 successful concurrent GCs
[2024-08-29T23:18:12.304+0800]       0 invoked explicitly
[2024-08-29T23:18:12.304+0800]       0 invoked implicitly
[2024-08-29T23:18:12.304+0800] 
[2024-08-29T23:18:12.304+0800]     0 Degenerated GCs
[2024-08-29T23:18:12.304+0800]       0 caused by allocation failure
[2024-08-29T23:18:12.304+0800]       0 upgraded to Full GC
[2024-08-29T23:18:12.304+0800] 
[2024-08-29T23:18:12.304+0800]     0 Full GCs
[2024-08-29T23:18:12.304+0800]       0 invoked explicitly
[2024-08-29T23:18:12.304+0800]       0 invoked implicitly
[2024-08-29T23:18:12.304+0800]       0 caused by allocation failure
[2024-08-29T23:18:12.304+0800]       0 upgraded from Degenerated GC
[2024-08-29T23:18:12.304+0800] 
[2024-08-29T23:18:12.304+0800] 
