[2024-08-29T23:14:10.345+0800] Using Parallel
[2024-08-29T23:14:10.350+0800] Version: 17.0.12+7 (release)
[2024-08-29T23:14:10.350+0800] CPUs: 8 total, 8 available
[2024-08-29T23:14:10.350+0800] Memory: 7894M
[2024-08-29T23:14:10.350+0800] Large Page Support: Disabled
[2024-08-29T23:14:10.350+0800] NUMA Support: Disabled
[2024-08-29T23:14:10.350+0800] Compressed Oops: Enabled (32-bit)
[2024-08-29T23:14:10.350+0800] Alignments: Space 512K, Generation 512K, Heap 2M
[2024-08-29T23:14:10.350+0800] Heap Min Capacity: 2G
[2024-08-29T23:14:10.350+0800] Heap Initial Capacity: 2G
[2024-08-29T23:14:10.350+0800] Heap Max Capacity: 2G
[2024-08-29T23:14:10.350+0800] Pre-touch: Disabled
[2024-08-29T23:14:10.350+0800] Parallel Workers: 8
[2024-08-29T23:14:10.357+0800] CDS archive(s) mapped at: [0x0000737077000000-0x0000737077bc7000-0x0000737077bc7000), size 12349440, SharedBaseAddress: 0x0000737077000000, ArchiveRelocationMode: 1.
[2024-08-29T23:14:10.357+0800] Compressed class space mapped at: 0x0000737078000000-0x00007370b8000000, reserved size: 1073741824
[2024-08-29T23:14:10.357+0800] Narrow klass base: 0x0000737077000000, Narrow klass shift: 0, Narrow klass range: 0x100000000
[2024-08-29T23:14:10.670+0800] GC(0) Pause Young (Allocation Failure)
[2024-08-29T23:14:10.677+0800] GC(0) PSYoungGen: 522006K(611840K)->25528K(611840K) Eden: 522006K(524800K)->0K(524800K) From: 0K(87040K)->25528K(87040K)
[2024-08-29T23:14:10.677+0800] GC(0) ParOldGen: 0K(1398272K)->8K(1398272K)
[2024-08-29T23:14:10.677+0800] GC(0) Metaspace: 1164K(1344K)->1164K(1344K) NonClass: 1045K(1152K)->1045K(1152K) Class: 118K(192K)->118K(192K)
[2024-08-29T23:14:10.677+0800] GC(0) Pause Young (Allocation Failure) 509M->24M(1963M) 7.030ms
[2024-08-29T23:14:10.677+0800] GC(0) User=0.02s Sys=0.02s Real=0.01s
[2024-08-29T23:14:10.903+0800] GC(1) Pause Young (Allocation Failure)
[2024-08-29T23:14:10.917+0800] GC(1) PSYoungGen: 546652K(611840K)->80141K(611840K) Eden: 521123K(524800K)->0K(524800K) From: 25528K(87040K)->80141K(87040K)
[2024-08-29T23:14:10.918+0800] GC(1) ParOldGen: 8K(1398272K)->16K(1398272K)
[2024-08-29T23:14:10.918+0800] GC(1) Metaspace: 1183K(1344K)->1183K(1344K) NonClass: 1064K(1152K)->1064K(1152K) Class: 118K(192K)->118K(192K)
[2024-08-29T23:14:10.918+0800] GC(1) Pause Young (Allocation Failure) 533M->78M(1963M) 14.975ms
[2024-08-29T23:14:10.918+0800] GC(1) User=0.03s Sys=0.08s Real=0.01s
[2024-08-29T23:14:11.144+0800] GC(2) Pause Young (Allocation Failure)
[2024-08-29T23:14:11.161+0800] GC(2) PSYoungGen: 604382K(611840K)->85152K(611840K) Eden: 524240K(524800K)->0K(524800K) From: 80141K(87040K)->85152K(87040K)
[2024-08-29T23:14:11.161+0800] GC(2) ParOldGen: 16K(1398272K)->5636K(1398272K)
[2024-08-29T23:14:11.161+0800] GC(2) Metaspace: 1230K(1408K)->1230K(1408K) NonClass: 1111K(1216K)->1111K(1216K) Class: 118K(192K)->118K(192K)
[2024-08-29T23:14:11.161+0800] GC(2) Pause Young (Allocation Failure) 590M->88M(1963M) 16.604ms
[2024-08-29T23:14:11.161+0800] GC(2) User=0.06s Sys=0.05s Real=0.01s
[2024-08-29T23:14:11.381+0800] GC(3) Pause Young (Allocation Failure)
[2024-08-29T23:14:11.407+0800] GC(3) PSYoungGen: 608525K(611840K)->86929K(611840K) Eden: 523373K(524800K)->0K(524800K) From: 85152K(87040K)->86929K(87040K)
[2024-08-29T23:14:11.407+0800] GC(3) ParOldGen: 5636K(1398272K)->70725K(1398272K)
[2024-08-29T23:14:11.407+0800] GC(3) Metaspace: 1293K(1472K)->1293K(1472K) NonClass: 1174K(1280K)->1174K(1280K) Class: 118K(192K)->118K(192K)
[2024-08-29T23:14:11.408+0800] GC(3) Pause Young (Allocation Failure) 599M->153M(1963M) 26.417ms
[2024-08-29T23:14:11.408+0800] GC(3) User=0.14s Sys=0.05s Real=0.03s
[2024-08-29T23:14:11.641+0800] GC(4) Pause Young (Allocation Failure)
[2024-08-29T23:14:11.662+0800] GC(4) PSYoungGen: 608129K(611840K)->87014K(611840K) Eden: 521199K(524800K)->0K(524800K) From: 86929K(87040K)->87014K(87040K)
[2024-08-29T23:14:11.662+0800] GC(4) ParOldGen: 70725K(1398272K)->110631K(1398272K)
[2024-08-29T23:14:11.662+0800] GC(4) Metaspace: 1370K(1536K)->1370K(1536K) NonClass: 1251K(1344K)->1251K(1344K) Class: 118K(192K)->118K(192K)
[2024-08-29T23:14:11.662+0800] GC(4) Pause Young (Allocation Failure) 662M->193M(1963M) 21.025ms
[2024-08-29T23:14:11.662+0800] GC(4) User=0.13s Sys=0.02s Real=0.02s
[2024-08-29T23:14:11.930+0800] GC(5) Pause Young (Allocation Failure)
[2024-08-29T23:14:11.944+0800] GC(5) PSYoungGen: 607546K(611840K)->83116K(547328K) Eden: 520532K(524800K)->0K(460288K) From: 87014K(87040K)->83116K(87040K)
[2024-08-29T23:14:11.944+0800] GC(5) ParOldGen: 110631K(1398272K)->110639K(1398272K)
[2024-08-29T23:14:11.944+0800] GC(5) Metaspace: 1371K(1536K)->1371K(1536K) NonClass: 1253K(1344K)->1253K(1344K) Class: 118K(192K)->118K(192K)
[2024-08-29T23:14:11.944+0800] GC(5) Pause Young (Allocation Failure) 701M->189M(1900M) 14.142ms
[2024-08-29T23:14:11.944+0800] GC(5) User=0.11s Sys=0.00s Real=0.02s
[2024-08-29T23:14:12.144+0800] GC(6) Pause Young (Allocation Failure)
[2024-08-29T23:14:12.167+0800] GC(6) PSYoungGen: 540930K(547328K)->118982K(579584K) Eden: 457813K(460288K)->0K(460288K) From: 83116K(87040K)->118982K(119296K)
[2024-08-29T23:14:12.167+0800] GC(6) ParOldGen: 110639K(1398272K)->120836K(1398272K)
[2024-08-29T23:14:12.167+0800] GC(6) Metaspace: 1390K(1536K)->1390K(1536K) NonClass: 1271K(1344K)->1271K(1344K) Class: 118K(192K)->118K(192K)
[2024-08-29T23:14:12.167+0800] GC(6) Pause Young (Allocation Failure) 636M->234M(1931M) 22.407ms
[2024-08-29T23:14:12.167+0800] GC(6) User=0.16s Sys=0.00s Real=0.02s
[2024-08-29T23:14:12.399+0800] GC(7) Pause Young (Allocation Failure)
[2024-08-29T23:14:12.414+0800] GC(7) PSYoungGen: 577366K(579584K)->52932K(548864K) Eden: 458383K(460288K)->0K(429568K) From: 118982K(119296K)->52932K(119296K)
[2024-08-29T23:14:12.414+0800] GC(7) ParOldGen: 120836K(1398272K)->120876K(1398272K)
[2024-08-29T23:14:12.414+0800] GC(7) Metaspace: 1406K(1600K)->1406K(1600K) NonClass: 1287K(1408K)->1287K(1408K) Class: 118K(192K)->118K(192K)
[2024-08-29T23:14:12.414+0800] GC(7) Pause Young (Allocation Failure) 681M->169M(1901M) 14.494ms
[2024-08-29T23:14:12.414+0800] GC(7) User=0.07s Sys=0.00s Real=0.02s
[2024-08-29T23:14:12.610+0800] GC(8) Pause Young (Allocation Failure)
[2024-08-29T23:14:12.620+0800] GC(8) PSYoungGen: 480957K(548864K)->57439K(564224K) Eden: 428024K(429568K)->0K(429568K) From: 52932K(119296K)->57439K(134656K)
[2024-08-29T23:14:12.620+0800] GC(8) ParOldGen: 120876K(1398272K)->120932K(1398272K)
[2024-08-29T23:14:12.620+0800] GC(8) Metaspace: 1419K(1600K)->1419K(1600K) NonClass: 1301K(1408K)->1301K(1408K) Class: 118K(192K)->118K(192K)
[2024-08-29T23:14:12.620+0800] GC(8) Pause Young (Allocation Failure) 587M->174M(1916M) 10.347ms
[2024-08-29T23:14:12.620+0800] GC(8) User=0.06s Sys=0.00s Real=0.01s
[2024-08-29T23:14:12.828+0800] GC(9) Pause Young (Allocation Failure)
[2024-08-29T23:14:12.833+0800] GC(9) PSYoungGen: 486170K(564224K)->21963K(560640K) Eden: 428730K(429568K)->0K(428544K) From: 57439K(134656K)->21963K(132096K)
[2024-08-29T23:14:12.833+0800] GC(9) ParOldGen: 120932K(1398272K)->120972K(1398272K)
[2024-08-29T23:14:12.833+0800] GC(9) Metaspace: 1433K(1600K)->1433K(1600K) NonClass: 1315K(1408K)->1315K(1408K) Class: 118K(192K)->118K(192K)
[2024-08-29T23:14:12.833+0800] GC(9) Pause Young (Allocation Failure) 592M->139M(1913M) 5.105ms
[2024-08-29T23:14:12.833+0800] GC(9) User=0.02s Sys=0.00s Real=0.01s
[2024-08-29T23:14:13.031+0800] GC(10) Pause Young (Allocation Failure)
[2024-08-29T23:14:13.040+0800] GC(10) PSYoungGen: 448951K(560640K)->53855K(563712K) Eden: 426988K(428544K)->0K(428544K) From: 21963K(132096K)->53855K(135168K)
[2024-08-29T23:14:13.040+0800] GC(10) ParOldGen: 120972K(1398272K)->120996K(1398272K)
[2024-08-29T23:14:13.040+0800] GC(10) Metaspace: 1454K(1664K)->1454K(1664K) NonClass: 1335K(1472K)->1335K(1472K) Class: 118K(192K)->118K(192K)
[2024-08-29T23:14:13.040+0800] GC(10) Pause Young (Allocation Failure) 556M->170M(1916M) 9.226ms
[2024-08-29T23:14:13.040+0800] GC(10) User=0.06s Sys=0.00s Real=0.01s
[2024-08-29T23:14:13.207+0800] GC(11) Pause Young (Allocation Failure)
[2024-08-29T23:14:13.229+0800] GC(11) PSYoungGen: 481494K(563712K)->126896K(536576K) Eden: 427639K(428544K)->0K(404992K) From: 53855K(135168K)->126896K(131584K)
[2024-08-29T23:14:13.229+0800] GC(11) ParOldGen: 120996K(1398272K)->121020K(1398272K)
[2024-08-29T23:14:13.229+0800] GC(11) Metaspace: 1456K(1664K)->1456K(1664K) NonClass: 1337K(1472K)->1337K(1472K) Class: 118K(192K)->118K(192K)
[2024-08-29T23:14:13.229+0800] GC(11) Pause Young (Allocation Failure) 588M->242M(1889M) 21.962ms
[2024-08-29T23:14:13.229+0800] GC(11) User=0.15s Sys=0.00s Real=0.02s
[2024-08-29T23:14:13.441+0800] GC(12) Pause Young (Allocation Failure)
[2024-08-29T23:14:13.448+0800] GC(12) PSYoungGen: 531361K(536576K)->34532K(551936K) Eden: 404464K(404992K)->0K(404992K) From: 126896K(131584K)->34532K(146944K)
[2024-08-29T23:14:13.448+0800] GC(12) ParOldGen: 121020K(1398272K)->121044K(1398272K)
[2024-08-29T23:14:13.448+0800] GC(12) Metaspace: 1459K(1664K)->1459K(1664K) NonClass: 1340K(1472K)->1340K(1472K) Class: 118K(192K)->118K(192K)
[2024-08-29T23:14:13.448+0800] GC(12) Pause Young (Allocation Failure) 637M->151M(1904M) 6.894ms
[2024-08-29T23:14:13.448+0800] GC(12) User=0.04s Sys=0.00s Real=0.01s
[2024-08-29T23:14:13.660+0800] GC(13) Pause Young (Allocation Failure)
[2024-08-29T23:14:13.663+0800] GC(13) PSYoungGen: 437257K(551936K)->4762K(545280K) Eden: 402725K(404992K)->0K(398848K) From: 34532K(146944K)->4762K(146432K)
[2024-08-29T23:14:13.663+0800] GC(13) ParOldGen: 121044K(1398272K)->121068K(1398272K)
[2024-08-29T23:14:13.663+0800] GC(13) Metaspace: 1472K(1664K)->1472K(1664K) NonClass: 1353K(1472K)->1353K(1472K) Class: 118K(192K)->118K(192K)
[2024-08-29T23:14:13.663+0800] GC(13) Pause Young (Allocation Failure) 545M->122M(1898M) 2.959ms
[2024-08-29T23:14:13.663+0800] GC(13) User=0.00s Sys=0.01s Real=0.01s
[2024-08-29T23:14:13.846+0800] GC(14) Pause Young (Allocation Failure)
[2024-08-29T23:14:13.851+0800] GC(14) PSYoungGen: 402574K(545280K)->22353K(548864K) Eden: 397811K(398848K)->0K(398848K) From: 4762K(146432K)->22353K(150016K)
[2024-08-29T23:14:13.851+0800] GC(14) ParOldGen: 121068K(1398272K)->121084K(1398272K)
[2024-08-29T23:14:13.851+0800] GC(14) Metaspace: 1480K(1664K)->1480K(1664K) NonClass: 1361K(1472K)->1361K(1472K) Class: 118K(192K)->118K(192K)
[2024-08-29T23:14:13.851+0800] GC(14) Pause Young (Allocation Failure) 511M->140M(1901M) 5.243ms
[2024-08-29T23:14:13.851+0800] GC(14) User=0.02s Sys=0.00s Real=0.00s
[2024-08-29T23:14:14.036+0800] GC(15) Pause Young (Allocation Failure)
[2024-08-29T23:14:14.045+0800] GC(15) PSYoungGen: 419229K(548864K)->51536K(558080K) Eden: 396875K(398848K)->0K(409600K) From: 22353K(150016K)->51536K(148480K)
[2024-08-29T23:14:14.045+0800] GC(15) ParOldGen: 121084K(1398272K)->121092K(1398272K)
[2024-08-29T23:14:14.045+0800] GC(15) Metaspace: 1489K(1664K)->1489K(1664K) NonClass: 1370K(1472K)->1370K(1472K) Class: 118K(192K)->118K(192K)
[2024-08-29T23:14:14.045+0800] GC(15) Pause Young (Allocation Failure) 527M->168M(1910M) 9.152ms
[2024-08-29T23:14:14.045+0800] GC(15) User=0.06s Sys=0.00s Real=0.01s
[2024-08-29T23:14:14.239+0800] GC(16) Pause Young (Allocation Failure)
[2024-08-29T23:14:14.252+0800] GC(16) PSYoungGen: 459328K(558080K)->68440K(550400K) Eden: 407791K(409600K)->0K(409600K) From: 51536K(148480K)->68440K(140800K)
[2024-08-29T23:14:14.252+0800] GC(16) ParOldGen: 121092K(1398272K)->121108K(1398272K)
[2024-08-29T23:14:14.252+0800] GC(16) Metaspace: 1490K(1664K)->1490K(1664K) NonClass: 1371K(1472K)->1371K(1472K) Class: 118K(192K)->118K(192K)
[2024-08-29T23:14:14.252+0800] GC(16) Pause Young (Allocation Failure) 566M->185M(1903M) 12.594ms
[2024-08-29T23:14:14.252+0800] GC(16) User=0.08s Sys=0.00s Real=0.01s
[2024-08-29T23:14:14.450+0800] GC(17) Pause Young (Allocation Failure)
[2024-08-29T23:14:14.467+0800] GC(17) PSYoungGen: 474792K(550400K)->91592K(554496K) Eden: 406351K(409600K)->0K(418304K) From: 68440K(140800K)->91592K(136192K)
[2024-08-29T23:14:14.467+0800] GC(17) ParOldGen: 121108K(1398272K)->122709K(1398272K)
[2024-08-29T23:14:14.467+0800] GC(17) Metaspace: 1492K(1664K)->1492K(1664K) NonClass: 1373K(1472K)->1373K(1472K) Class: 118K(192K)->118K(192K)
[2024-08-29T23:14:14.467+0800] GC(17) Pause Young (Allocation Failure) 581M->209M(1907M) 17.353ms
[2024-08-29T23:14:14.467+0800] GC(17) User=0.12s Sys=0.00s Real=0.02s
[2024-08-29T23:14:14.673+0800] GC(18) Pause Young (Allocation Failure)
[2024-08-29T23:14:14.688+0800] GC(18) PSYoungGen: 509201K(554496K)->81942K(558592K) Eden: 417608K(418304K)->0K(418304K) From: 91592K(136192K)->81942K(140288K)
[2024-08-29T23:14:14.688+0800] GC(18) ParOldGen: 122709K(1398272K)->122717K(1398272K)
[2024-08-29T23:14:14.688+0800] GC(18) Metaspace: 1554K(1728K)->1554K(1728K) NonClass: 1435K(1536K)->1435K(1536K) Class: 118K(192K)->118K(192K)
[2024-08-29T23:14:14.688+0800] GC(18) Pause Young (Allocation Failure) 617M->199M(1911M) 14.811ms
[2024-08-29T23:14:14.688+0800] GC(18) User=0.10s Sys=0.00s Real=0.01s
[2024-08-29T23:14:14.872+0800] GC(19) Pause Young (Allocation Failure)
[2024-08-29T23:14:14.884+0800] GC(19) PSYoungGen: 497840K(558592K)->60988K(565760K) Eden: 415897K(418304K)->0K(425984K) From: 81942K(140288K)->60988K(139776K)
[2024-08-29T23:14:14.884+0800] GC(19) ParOldGen: 122717K(1398272K)->122749K(1398272K)
[2024-08-29T23:14:14.884+0800] GC(19) Metaspace: 1556K(1728K)->1556K(1728K) NonClass: 1437K(1536K)->1437K(1536K) Class: 118K(192K)->118K(192K)
[2024-08-29T23:14:14.884+0800] GC(19) Pause Young (Allocation Failure) 606M->179M(1918M) 11.963ms
[2024-08-29T23:14:14.884+0800] GC(19) User=0.08s Sys=0.00s Real=0.02s
[2024-08-29T23:14:15.081+0800] GC(20) Pause Young (Allocation Failure)
[2024-08-29T23:14:15.095+0800] GC(20) PSYoungGen: 486905K(565760K)->82196K(559104K) Eden: 425916K(425984K)->0K(425984K) From: 60988K(139776K)->82196K(133120K)
[2024-08-29T23:14:15.095+0800] GC(20) ParOldGen: 122749K(1398272K)->122781K(1398272K)
[2024-08-29T23:14:15.095+0800] GC(20) Metaspace: 1556K(1728K)->1556K(1728K) NonClass: 1437K(1536K)->1437K(1536K) Class: 118K(192K)->118K(192K)
[2024-08-29T23:14:15.095+0800] GC(20) Pause Young (Allocation Failure) 595M->200M(1911M) 14.588ms
[2024-08-29T23:14:15.095+0800] GC(20) User=0.10s Sys=0.00s Real=0.02s
[2024-08-29T23:14:15.283+0800] GC(21) Pause Young (Allocation Failure)
[2024-08-29T23:14:15.297+0800] GC(21) PSYoungGen: 507025K(559104K)->81517K(567296K) Eden: 424829K(425984K)->0K(434688K) From: 82196K(133120K)->81517K(132608K)
[2024-08-29T23:14:15.297+0800] GC(21) ParOldGen: 122781K(1398272K)->122813K(1398272K)
[2024-08-29T23:14:15.297+0800] GC(21) Metaspace: 1556K(1728K)->1556K(1728K) NonClass: 1437K(1536K)->1437K(1536K) Class: 118K(192K)->118K(192K)
[2024-08-29T23:14:15.297+0800] GC(21) Pause Young (Allocation Failure) 615M->199M(1919M) 13.714ms
[2024-08-29T23:14:15.297+0800] GC(21) User=0.09s Sys=0.00s Real=0.01s
[2024-08-29T23:14:15.511+0800] GC(22) Pause Young (Allocation Failure)
[2024-08-29T23:14:15.535+0800] GC(22) PSYoungGen: 515319K(567296K)->130950K(565760K) Eden: 433802K(434688K)->0K(434688K) From: 81517K(132608K)->130950K(131072K)
[2024-08-29T23:14:15.535+0800] GC(22) ParOldGen: 122813K(1398272K)->134581K(1398272K)
[2024-08-29T23:14:15.535+0800] GC(22) Metaspace: 1562K(1728K)->1562K(1728K) NonClass: 1443K(1536K)->1443K(1536K) Class: 119K(192K)->119K(192K)
[2024-08-29T23:14:15.535+0800] GC(22) Pause Young (Allocation Failure) 623M->259M(1918M) 24.146ms
[2024-08-29T23:14:15.535+0800] GC(22) User=0.17s Sys=0.00s Real=0.03s
[2024-08-29T23:14:15.710+0800] GC(23) Pause Young (Allocation Failure)
[2024-08-29T23:14:15.737+0800] GC(23) PSYoungGen: 561858K(565760K)->132614K(506368K) Eden: 430907K(434688K)->0K(373248K) From: 130950K(131072K)->132614K(133120K)
[2024-08-29T23:14:15.737+0800] GC(23) ParOldGen: 134581K(1398272K)->171382K(1398272K)
[2024-08-29T23:14:15.737+0800] GC(23) Metaspace: 1566K(1728K)->1566K(1728K) NonClass: 1447K(1536K)->1447K(1536K) Class: 119K(192K)->119K(192K)
[2024-08-29T23:14:15.737+0800] GC(23) Pause Young (Allocation Failure) 680M->296M(1860M) 26.838ms
[2024-08-29T23:14:15.737+0800] GC(23) User=0.16s Sys=0.04s Real=0.03s
[2024-08-29T23:14:15.895+0800] GC(24) Pause Young (Allocation Failure)
[2024-08-29T23:14:15.922+0800] GC(24) PSYoungGen: 505056K(506368K)->142531K(516096K) Eden: 372441K(373248K)->0K(373248K) From: 132614K(133120K)->142531K(142848K)
[2024-08-29T23:14:15.922+0800] GC(24) ParOldGen: 171382K(1398272K)->187156K(1398272K)
[2024-08-29T23:14:15.922+0800] GC(24) Metaspace: 1566K(1728K)->1566K(1728K) NonClass: 1447K(1536K)->1447K(1536K) Class: 119K(192K)->119K(192K)
[2024-08-29T23:14:15.922+0800] GC(24) Pause Young (Allocation Failure) 660M->321M(1869M) 27.207ms
[2024-08-29T23:14:15.922+0800] GC(24) User=0.16s Sys=0.04s Real=0.02s
[2024-08-29T23:14:16.085+0800] GC(25) Pause Young (Allocation Failure)
[2024-08-29T23:14:16.161+0800] GC(25) PSYoungGen: 515679K(516096K)->177590K(471040K) Eden: 373148K(373248K)->0K(293376K) From: 142531K(142848K)->177590K(177664K)
[2024-08-29T23:14:16.161+0800] GC(25) ParOldGen: 187156K(1398272K)->324235K(1398272K)
[2024-08-29T23:14:16.161+0800] GC(25) Metaspace: 1573K(1728K)->1573K(1728K) NonClass: 1454K(1536K)->1454K(1536K) Class: 119K(192K)->119K(192K)
[2024-08-29T23:14:16.161+0800] GC(25) Pause Young (Allocation Failure) 686M->490M(1825M) 76.274ms
[2024-08-29T23:14:16.161+0800] GC(25) User=0.27s Sys=0.31s Real=0.07s
[2024-08-29T23:14:16.293+0800] GC(26) Pause Young (Allocation Failure)
[2024-08-29T23:14:16.365+0800] GC(26) PSYoungGen: 469776K(471040K)->153607K(447488K) Eden: 292185K(293376K)->0K(293376K) From: 177590K(177664K)->153607K(154112K)
[2024-08-29T23:14:16.365+0800] GC(26) ParOldGen: 324235K(1398272K)->470552K(1398272K)
[2024-08-29T23:14:16.365+0800] GC(26) Metaspace: 1573K(1728K)->1573K(1728K) NonClass: 1454K(1536K)->1454K(1536K) Class: 119K(192K)->119K(192K)
[2024-08-29T23:14:16.365+0800] GC(26) Pause Young (Allocation Failure) 775M->609M(1802M) 72.409ms
[2024-08-29T23:14:16.365+0800] GC(26) User=0.21s Sys=0.32s Real=0.07s
[2024-08-29T23:14:16.493+0800] GC(27) Pause Young (Allocation Failure)
[2024-08-29T23:14:16.534+0800] GC(27) PSYoungGen: 444416K(447488K)->168556K(457728K) Eden: 290808K(293376K)->0K(244224K) From: 153607K(154112K)->168556K(213504K)
[2024-08-29T23:14:16.534+0800] GC(27) ParOldGen: 470552K(1398272K)->511058K(1398272K)
[2024-08-29T23:14:16.534+0800] GC(27) Metaspace: 1574K(1728K)->1574K(1728K) NonClass: 1454K(1536K)->1454K(1536K) Class: 119K(192K)->119K(192K)
[2024-08-29T23:14:16.534+0800] GC(27) Pause Young (Allocation Failure) 893M->663M(1812M) 41.420ms
[2024-08-29T23:14:16.534+0800] GC(27) User=0.24s Sys=0.07s Real=0.04s
[2024-08-29T23:14:16.654+0800] GC(28) Pause Young (Allocation Failure)
[2024-08-29T23:14:16.688+0800] GC(28) PSYoungGen: 412644K(457728K)->111388K(471552K) Eden: 244087K(244224K)->0K(244224K) From: 168556K(213504K)->111388K(227328K)
[2024-08-29T23:14:16.689+0800] GC(28) ParOldGen: 511058K(1398272K)->565252K(1398272K)
[2024-08-29T23:14:16.689+0800] GC(28) Metaspace: 1603K(1792K)->1603K(1792K) NonClass: 1484K(1600K)->1484K(1600K) Class: 119K(192K)->119K(192K)
[2024-08-29T23:14:16.689+0800] GC(28) Pause Young (Allocation Failure) 902M->660M(1826M) 34.234ms
[2024-08-29T23:14:16.689+0800] GC(28) User=0.15s Sys=0.11s Real=0.03s
[2024-08-29T23:14:16.807+0800] GC(29) Pause Young (Allocation Failure)
[2024-08-29T23:14:16.835+0800] GC(29) PSYoungGen: 351699K(471552K)->108390K(493056K) Eden: 240310K(244224K)->0K(276480K) From: 111388K(227328K)->108390K(216576K)
[2024-08-29T23:14:16.835+0800] GC(29) ParOldGen: 565252K(1398272K)->606957K(1398272K)
[2024-08-29T23:14:16.835+0800] GC(29) Metaspace: 1603K(1792K)->1603K(1792K) NonClass: 1484K(1600K)->1484K(1600K) Class: 119K(192K)->119K(192K)
[2024-08-29T23:14:16.835+0800] GC(29) Pause Young (Allocation Failure) 895M->698M(1847M) 28.427ms
[2024-08-29T23:14:16.835+0800] GC(29) User=0.16s Sys=0.06s Real=0.03s
[2024-08-29T23:14:16.953+0800] GC(30) Pause Young (Allocation Failure)
[2024-08-29T23:14:16.986+0800] GC(30) PSYoungGen: 384090K(493056K)->153307K(482304K) Eden: 275699K(276480K)->0K(276480K) From: 108390K(216576K)->153307K(205824K)
[2024-08-29T23:14:16.986+0800] GC(30) ParOldGen: 606957K(1398272K)->636463K(1398272K)
[2024-08-29T23:14:16.986+0800] GC(30) Metaspace: 1603K(1792K)->1603K(1792K) NonClass: 1484K(1600K)->1484K(1600K) Class: 119K(192K)->119K(192K)
[2024-08-29T23:14:16.986+0800] GC(30) Pause Young (Allocation Failure) 967M->771M(1836M) 33.696ms
[2024-08-29T23:14:16.986+0800] GC(30) User=0.20s Sys=0.05s Real=0.03s
[2024-08-29T23:14:17.096+0800] GC(31) Pause Young (Allocation Failure)
[2024-08-29T23:14:17.142+0800] GC(31) PSYoungGen: 428217K(482304K)->154908K(474624K) Eden: 274910K(276480K)->0K(261632K) From: 153307K(205824K)->154908K(212992K)
[2024-08-29T23:14:17.142+0800] GC(31) ParOldGen: 636463K(1398272K)->704723K(1398272K)
[2024-08-29T23:14:17.142+0800] GC(31) Metaspace: 1603K(1792K)->1603K(1792K) NonClass: 1484K(1600K)->1484K(1600K) Class: 119K(192K)->119K(192K)
[2024-08-29T23:14:17.142+0800] GC(31) Pause Young (Allocation Failure) 1039M->839M(1829M) 46.053ms
[2024-08-29T23:14:17.142+0800] GC(31) User=0.20s Sys=0.14s Real=0.04s
[2024-08-29T23:14:17.282+0800] GC(32) Pause Young (Allocation Failure)
[2024-08-29T23:14:17.309+0800] GC(32) PSYoungGen: 412466K(474624K)->98764K(480256K) Eden: 257558K(261632K)->0K(261632K) From: 154908K(212992K)->98764K(218624K)
[2024-08-29T23:14:17.309+0800] GC(32) ParOldGen: 704723K(1398272K)->741670K(1398272K)
[2024-08-29T23:14:17.309+0800] GC(32) Metaspace: 1603K(1792K)->1603K(1792K) NonClass: 1484K(1600K)->1484K(1600K) Class: 119K(192K)->119K(192K)
[2024-08-29T23:14:17.309+0800] GC(32) Pause Young (Allocation Failure) 1091M->820M(1834M) 26.631ms
[2024-08-29T23:14:17.309+0800] GC(32) User=0.12s Sys=0.08s Real=0.03s
[2024-08-29T23:14:17.428+0800] GC(33) Pause Young (Allocation Failure)
[2024-08-29T23:14:17.455+0800] GC(33) PSYoungGen: 359418K(480256K)->121008K(495104K) Eden: 260654K(261632K)->0K(283648K) From: 98764K(218624K)->121008K(211456K)
[2024-08-29T23:14:17.456+0800] GC(33) ParOldGen: 741670K(1398272K)->756715K(1398272K)
[2024-08-29T23:14:17.456+0800] GC(33) Metaspace: 1603K(1792K)->1603K(1792K) NonClass: 1484K(1600K)->1484K(1600K) Class: 119K(192K)->119K(192K)
[2024-08-29T23:14:17.456+0800] GC(33) Pause Young (Allocation Failure) 1075M->857M(1849M) 27.175ms
[2024-08-29T23:14:17.456+0800] GC(33) User=0.17s Sys=0.02s Real=0.03s
[2024-08-29T23:14:17.595+0800] GC(34) Pause Young (Allocation Failure)
[2024-08-29T23:14:17.615+0800] GC(34) PSYoungGen: 404188K(495104K)->103994K(487424K) Eden: 283179K(283648K)->0K(283648K) From: 121008K(211456K)->103994K(203776K)
[2024-08-29T23:14:17.615+0800] GC(34) ParOldGen: 756715K(1398272K)->760228K(1398272K)
[2024-08-29T23:14:17.615+0800] GC(34) Metaspace: 1603K(1792K)->1603K(1792K) NonClass: 1484K(1600K)->1484K(1600K) Class: 119K(192K)->119K(192K)
[2024-08-29T23:14:17.615+0800] GC(34) Pause Young (Allocation Failure) 1133M->843M(1841M) 20.676ms
[2024-08-29T23:14:17.615+0800] GC(34) User=0.15s Sys=0.00s Real=0.02s
[2024-08-29T23:14:17.737+0800] GC(35) Pause Young (Allocation Failure)
[2024-08-29T23:14:17.769+0800] GC(35) PSYoungGen: 386973K(487424K)->143320K(496640K) Eden: 282978K(283648K)->0K(299520K) From: 103994K(203776K)->143320K(197120K)
[2024-08-29T23:14:17.769+0800] GC(35) ParOldGen: 760228K(1398272K)->770248K(1398272K)
[2024-08-29T23:14:17.769+0800] GC(35) Metaspace: 1603K(1792K)->1603K(1792K) NonClass: 1484K(1600K)->1484K(1600K) Class: 119K(192K)->119K(192K)
[2024-08-29T23:14:17.769+0800] GC(35) Pause Young (Allocation Failure) 1120M->892M(1850M) 32.116ms
[2024-08-29T23:14:17.769+0800] GC(35) User=0.22s Sys=0.03s Real=0.03s
[2024-08-29T23:14:17.886+0800] GC(36) Pause Young (Allocation Failure)
[2024-08-29T23:14:17.927+0800] GC(36) PSYoungGen: 439820K(496640K)->172856K(472576K) Eden: 296500K(299520K)->0K(299520K) From: 143320K(197120K)->172856K(173056K)
[2024-08-29T23:14:17.927+0800] GC(36) ParOldGen: 770248K(1398272K)->816854K(1398272K)
[2024-08-29T23:14:17.927+0800] GC(36) Metaspace: 1603K(1792K)->1603K(1792K) NonClass: 1484K(1600K)->1484K(1600K) Class: 119K(192K)->119K(192K)
[2024-08-29T23:14:17.927+0800] GC(36) Pause Young (Allocation Failure) 1181M->966M(1827M) 40.700ms
[2024-08-29T23:14:17.927+0800] GC(36) User=0.24s Sys=0.07s Real=0.04s
[2024-08-29T23:14:18.073+0800] GC(37) Pause Young (Allocation Failure)
[2024-08-29T23:14:18.099+0800] GC(37) PSYoungGen: 471493K(472576K)->127803K(494080K) Eden: 298636K(299520K)->0K(282112K) From: 172856K(173056K)->127803K(211968K)
[2024-08-29T23:14:18.099+0800] GC(37) ParOldGen: 816854K(1398272K)->846283K(1398272K)
[2024-08-29T23:14:18.099+0800] GC(37) Metaspace: 1603K(1792K)->1603K(1792K) NonClass: 1484K(1600K)->1484K(1600K) Class: 119K(192K)->119K(192K)
[2024-08-29T23:14:18.099+0800] GC(37) Pause Young (Allocation Failure) 1258M->951M(1848M) 26.303ms
[2024-08-29T23:14:18.099+0800] GC(37) User=0.15s Sys=0.04s Real=0.02s
[2024-08-29T23:14:18.221+0800] GC(38) Pause Young (Allocation Failure)
[2024-08-29T23:14:18.250+0800] GC(38) PSYoungGen: 408128K(494080K)->140453K(486912K) Eden: 280325K(282112K)->0K(282112K) From: 127803K(211968K)->140453K(204800K)
[2024-08-29T23:14:18.250+0800] GC(38) ParOldGen: 846283K(1398272K)->888817K(1398272K)
[2024-08-29T23:14:18.250+0800] GC(38) Metaspace: 1603K(1792K)->1603K(1792K) NonClass: 1484K(1600K)->1484K(1600K) Class: 119K(192K)->119K(192K)
[2024-08-29T23:14:18.250+0800] GC(38) Pause Young (Allocation Failure) 1225M->1005M(1841M) 29.479ms
[2024-08-29T23:14:18.250+0800] GC(38) User=0.16s Sys=0.07s Real=0.03s
[2024-08-29T23:14:18.387+0800] GC(39) Pause Young (Allocation Failure)
[2024-08-29T23:14:18.410+0800] GC(39) PSYoungGen: 420789K(486912K)->124841K(503808K) Eden: 280335K(282112K)->0K(301056K) From: 140453K(204800K)->124841K(202752K)
[2024-08-29T23:14:18.410+0800] GC(39) ParOldGen: 888817K(1398272K)->903930K(1398272K)
[2024-08-29T23:14:18.410+0800] GC(39) Metaspace: 1603K(1792K)->1603K(1792K) NonClass: 1484K(1600K)->1484K(1600K) Class: 119K(192K)->119K(192K)
[2024-08-29T23:14:18.410+0800] GC(39) Pause Young (Allocation Failure) 1278M->1004M(1857M) 22.862ms
[2024-08-29T23:14:18.410+0800] GC(39) User=0.13s Sys=0.03s Real=0.02s
[2024-08-29T23:14:18.549+0800] GC(40) Pause Young (Allocation Failure)
[2024-08-29T23:14:18.578+0800] GC(40) PSYoungGen: 425478K(503808K)->133610K(496128K) Eden: 300637K(301056K)->0K(301056K) From: 124841K(202752K)->133610K(195072K)
[2024-08-29T23:14:18.578+0800] GC(40) ParOldGen: 903930K(1398272K)->920128K(1398272K)
[2024-08-29T23:14:18.578+0800] GC(40) Metaspace: 1603K(1792K)->1603K(1792K) NonClass: 1484K(1600K)->1484K(1600K) Class: 119K(192K)->119K(192K)
[2024-08-29T23:14:18.578+0800] GC(40) Pause Young (Allocation Failure) 1298M->1029M(1850M) 29.621ms
[2024-08-29T23:14:18.578+0800] GC(40) User=0.18s Sys=0.03s Real=0.03s
[2024-08-29T23:14:18.707+0800] GC(41) Pause Young (Allocation Failure)
[2024-08-29T23:14:18.741+0800] GC(41) PSYoungGen: 433761K(496128K)->156012K(498176K) Eden: 300151K(301056K)->0K(306688K) From: 133610K(195072K)->156012K(191488K)
[2024-08-29T23:14:18.741+0800] GC(41) ParOldGen: 920128K(1398272K)->971549K(1398272K)
[2024-08-29T23:14:18.741+0800] GC(41) Metaspace: 1640K(1792K)->1640K(1792K) NonClass: 1520K(1600K)->1520K(1600K) Class: 119K(192K)->119K(192K)
[2024-08-29T23:14:18.741+0800] GC(41) Pause Young (Allocation Failure) 1322M->1101M(1852M) 33.986ms
[2024-08-29T23:14:18.741+0800] GC(41) User=0.19s Sys=0.07s Real=0.03s
[2024-08-29T23:14:18.878+0800] GC(42) Pause Young (Allocation Failure)
[2024-08-29T23:14:18.916+0800] GC(42) PSYoungGen: 460562K(498176K)->170475K(477184K) Eden: 304550K(306688K)->0K(306688K) From: 156012K(191488K)->170475K(170496K)
[2024-08-29T23:14:18.916+0800] GC(42) ParOldGen: 971549K(1398272K)->1022114K(1398272K)
[2024-08-29T23:14:18.916+0800] GC(42) Metaspace: 1641K(1792K)->1641K(1792K) NonClass: 1522K(1600K)->1522K(1600K) Class: 119K(192K)->119K(192K)
[2024-08-29T23:14:18.916+0800] GC(42) Pause Young (Allocation Failure) 1398M->1164M(1831M) 38.066ms
[2024-08-29T23:14:18.916+0800] GC(42) User=0.22s Sys=0.08s Real=0.04s
[2024-08-29T23:14:19.058+0800] GC(43) Pause Young (Allocation Failure)
[2024-08-29T23:14:19.096+0800] GC(43) PSYoungGen: 475736K(477184K)->158354K(489984K) Eden: 305260K(306688K)->0K(285184K) From: 170475K(170496K)->158354K(204800K)
[2024-08-29T23:14:19.096+0800] GC(43) ParOldGen: 1022114K(1398272K)->1088775K(1398272K)
[2024-08-29T23:14:19.096+0800] GC(43) Metaspace: 1641K(1792K)->1641K(1792K) NonClass: 1522K(1600K)->1522K(1600K) Class: 119K(192K)->119K(192K)
[2024-08-29T23:14:19.096+0800] GC(43) Pause Young (Allocation Failure) 1462M->1217M(1844M) 38.043ms
[2024-08-29T23:14:19.096+0800] GC(43) User=0.18s Sys=0.10s Real=0.04s
[2024-08-29T23:14:19.220+0800] GC(44) Pause Young (Allocation Failure)
[2024-08-29T23:14:19.258+0800] GC(44) PSYoungGen: 441668K(489984K)->153485K(492032K) Eden: 283314K(285184K)->0K(285184K) From: 158354K(204800K)->153485K(206848K)
[2024-08-29T23:14:19.258+0800] GC(44) ParOldGen: 1088775K(1398272K)->1153745K(1398272K)
[2024-08-29T23:14:19.258+0800] GC(44) Metaspace: 1641K(1792K)->1641K(1792K) NonClass: 1522K(1600K)->1522K(1600K) Class: 119K(192K)->119K(192K)
[2024-08-29T23:14:19.258+0800] GC(44) Pause Young (Allocation Failure) 1494M->1276M(1846M) 37.280ms
[2024-08-29T23:14:19.258+0800] GC(44) User=0.18s Sys=0.11s Real=0.04s
[2024-08-29T23:14:19.411+0800] GC(45) Pause Young (Allocation Failure)
[2024-08-29T23:14:19.444+0800] GC(45) PSYoungGen: 436716K(492032K)->148640K(495104K) Eden: 283231K(285184K)->0K(288768K) From: 153485K(206848K)->148640K(206336K)
[2024-08-29T23:14:19.444+0800] GC(45) ParOldGen: 1153745K(1398272K)->1203043K(1398272K)
[2024-08-29T23:14:19.444+0800] GC(45) Metaspace: 1641K(1792K)->1641K(1792K) NonClass: 1522K(1600K)->1522K(1600K) Class: 119K(192K)->119K(192K)
[2024-08-29T23:14:19.444+0800] GC(45) Pause Young (Allocation Failure) 1553M->1320M(1849M) 32.789ms
[2024-08-29T23:14:19.444+0800] GC(45) User=0.18s Sys=0.08s Real=0.04s
[2024-08-29T23:14:19.603+0800] GC(46) Pause Young (Allocation Failure)
[2024-08-29T23:14:19.628+0800] GC(46) PSYoungGen: 435596K(495104K)->120076K(492544K) Eden: 286956K(288768K)->0K(288768K) From: 148640K(206336K)->120076K(203776K)
[2024-08-29T23:14:19.628+0800] GC(46) ParOldGen: 1203043K(1398272K)->1220744K(1398272K)
[2024-08-29T23:14:19.628+0800] GC(46) Metaspace: 1641K(1792K)->1641K(1792K) NonClass: 1522K(1600K)->1522K(1600K) Class: 119K(192K)->119K(192K)
[2024-08-29T23:14:19.628+0800] GC(46) Pause Young (Allocation Failure) 1600M->1309M(1846M) 24.954ms
[2024-08-29T23:14:19.628+0800] GC(46) User=0.13s Sys=0.05s Real=0.02s
[2024-08-29T23:14:19.750+0800] GC(47) Pause Young (Allocation Failure)
[2024-08-29T23:14:19.775+0800] GC(47) PSYoungGen: 407962K(492544K)->145756K(501760K) Eden: 287885K(288768K)->0K(301568K) From: 120076K(203776K)->145756K(200192K)
[2024-08-29T23:14:19.775+0800] GC(47) ParOldGen: 1220744K(1398272K)->1235969K(1398272K)
[2024-08-29T23:14:19.775+0800] GC(47) Metaspace: 1641K(1792K)->1641K(1792K) NonClass: 1522K(1600K)->1522K(1600K) Class: 119K(192K)->119K(192K)
[2024-08-29T23:14:19.775+0800] GC(47) Pause Young (Allocation Failure) 1590M->1349M(1855M) 24.940ms
[2024-08-29T23:14:19.775+0800] GC(47) User=0.16s Sys=0.03s Real=0.03s
[2024-08-29T23:14:19.909+0800] GC(48) Pause Young (Allocation Failure)
[2024-08-29T23:14:19.941+0800] GC(48) PSYoungGen: 444449K(501760K)->162171K(463872K) Eden: 298693K(301568K)->0K(301568K) From: 145756K(200192K)->162171K(162304K)
[2024-08-29T23:14:19.941+0800] GC(48) ParOldGen: 1235969K(1398272K)->1264656K(1398272K)
[2024-08-29T23:14:19.941+0800] GC(48) Metaspace: 1641K(1792K)->1641K(1792K) NonClass: 1522K(1600K)->1522K(1600K) Class: 119K(192K)->119K(192K)
[2024-08-29T23:14:19.941+0800] GC(48) Pause Young (Allocation Failure) 1641M->1393M(1818M) 31.670ms
[2024-08-29T23:14:19.941+0800] GC(48) User=0.18s Sys=0.05s Real=0.03s
[2024-08-29T23:14:20.071+0800] GC(49) Pause Young (Allocation Failure)
[2024-08-29T23:14:20.121+0800] GC(49) PSYoungGen: 463440K(463872K)->199537K(466432K) Eden: 301268K(301568K)->0K(265728K) From: 162171K(162304K)->199537K(200704K)
[2024-08-29T23:14:20.121+0800] GC(49) ParOldGen: 1264656K(1398272K)->1321639K(1398272K)
[2024-08-29T23:14:20.121+0800] GC(49) Metaspace: 1641K(1792K)->1641K(1792K) NonClass: 1522K(1600K)->1522K(1600K) Class: 119K(192K)->119K(192K)
[2024-08-29T23:14:20.121+0800] GC(49) Pause Young (Allocation Failure) 1687M->1485M(1821M) 50.575ms
[2024-08-29T23:14:20.121+0800] GC(49) User=0.27s Sys=0.12s Real=0.05s
[2024-08-29T23:14:20.121+0800] GC(50) Pause Full (Ergonomics)
[2024-08-29T23:14:20.121+0800] GC(50) Marking Phase
[2024-08-29T23:14:20.133+0800] GC(50) Marking Phase 11.582ms
[2024-08-29T23:14:20.133+0800] GC(50) Summary Phase
[2024-08-29T23:14:20.133+0800] GC(50) Summary Phase 0.119ms
[2024-08-29T23:14:20.133+0800] GC(50) Adjust Roots
[2024-08-29T23:14:20.135+0800] GC(50) Adjust Roots 1.951ms
[2024-08-29T23:14:20.135+0800] GC(50) Compaction Phase
[2024-08-29T23:14:20.170+0800] GC(50) Compaction Phase 34.937ms
[2024-08-29T23:14:20.170+0800] GC(50) Post Compact
[2024-08-29T23:14:20.423+0800] GC(50) Post Compact 253.118ms
[2024-08-29T23:14:20.424+0800] GC(50) PSYoungGen: 199537K(466432K)->0K(482304K) Eden: 0K(265728K)->0K(265728K) From: 199537K(200704K)->0K(216576K)
[2024-08-29T23:14:20.424+0800] GC(50) ParOldGen: 1321639K(1398272K)->274563K(1398272K)
[2024-08-29T23:14:20.424+0800] GC(50) Metaspace: 1641K(1792K)->1641K(1792K) NonClass: 1522K(1600K)->1522K(1600K) Class: 119K(192K)->119K(192K)
[2024-08-29T23:14:20.424+0800] GC(50) Pause Full (Ergonomics) 1485M->268M(1836M) 302.182ms
[2024-08-29T23:14:20.424+0800] GC(50) User=0.21s Sys=0.34s Real=0.31s
[2024-08-29T23:14:20.516+0800] GC(51) Pause Young (Allocation Failure)
[2024-08-29T23:14:20.549+0800] GC(51) PSYoungGen: 263385K(482304K)->216297K(449536K) Eden: 263385K(265728K)->0K(232960K) From: 0K(216576K)->216297K(216576K)
[2024-08-29T23:14:20.549+0800] GC(51) ParOldGen: 274563K(1398272K)->274563K(1398272K)
[2024-08-29T23:14:20.549+0800] GC(51) Metaspace: 1641K(1792K)->1641K(1792K) NonClass: 1522K(1600K)->1522K(1600K) Class: 119K(192K)->119K(192K)
[2024-08-29T23:14:20.549+0800] GC(51) Pause Young (Allocation Failure) 525M->479M(1804M) 33.345ms
[2024-08-29T23:14:20.549+0800] GC(51) User=0.26s Sys=0.00s Real=0.03s
[2024-08-29T23:14:20.665+0800] GC(52) Pause Young (Allocation Failure)
[2024-08-29T23:14:20.709+0800] GC(52) PSYoungGen: 445511K(449536K)->159188K(465920K) Eden: 229213K(232960K)->0K(232960K) From: 216297K(216576K)->159188K(232960K)
[2024-08-29T23:14:20.709+0800] GC(52) ParOldGen: 274563K(1398272K)->396541K(1398272K)
[2024-08-29T23:14:20.709+0800] GC(52) Metaspace: 1641K(1792K)->1641K(1792K) NonClass: 1522K(1600K)->1522K(1600K) Class: 119K(192K)->119K(192K)
[2024-08-29T23:14:20.709+0800] GC(52) Pause Young (Allocation Failure) 703M->542M(1820M) 43.749ms
[2024-08-29T23:14:20.709+0800] GC(52) User=0.34s Sys=0.00s Real=0.04s
[2024-08-29T23:14:20.831+0800] GC(53) Pause Young (Allocation Failure)
[2024-08-29T23:14:20.869+0800] GC(53) PSYoungGen: 390137K(465920K)->163143K(473600K) Eden: 230948K(232960K)->0K(244224K) From: 159188K(232960K)->163143K(229376K)
[2024-08-29T23:14:20.869+0800] GC(53) ParOldGen: 396541K(1398272K)->476841K(1398272K)
[2024-08-29T23:14:20.869+0800] GC(53) Metaspace: 1641K(1792K)->1641K(1792K) NonClass: 1522K(1600K)->1522K(1600K) Class: 119K(192K)->119K(192K)
[2024-08-29T23:14:20.869+0800] GC(53) Pause Young (Allocation Failure) 768M->624M(1828M) 38.088ms
[2024-08-29T23:14:20.869+0800] GC(53) User=0.30s Sys=0.00s Real=0.04s
[2024-08-29T23:14:20.988+0800] GC(54) Pause Young (Allocation Failure)
[2024-08-29T23:14:21.028+0800] GC(54) PSYoungGen: 406339K(473600K)->168589K(469504K) Eden: 243196K(244224K)->0K(244224K) From: 163143K(229376K)->168589K(225280K)
[2024-08-29T23:14:21.028+0800] GC(54) ParOldGen: 476841K(1398272K)->539832K(1398272K)
[2024-08-29T23:14:21.028+0800] GC(54) Metaspace: 1641K(1792K)->1641K(1792K) NonClass: 1522K(1600K)->1522K(1600K) Class: 119K(192K)->119K(192K)
[2024-08-29T23:14:21.028+0800] GC(54) Pause Young (Allocation Failure) 862M->691M(1824M) 40.591ms
[2024-08-29T23:14:21.028+0800] GC(54) User=0.32s Sys=0.00s Real=0.04s
[2024-08-29T23:14:21.152+0800] GC(55) Pause Young (Allocation Failure)
[2024-08-29T23:14:21.188+0800] GC(55) PSYoungGen: 412243K(469504K)->145751K(480256K) Eden: 243653K(244224K)->0K(256512K) From: 168589K(225280K)->145751K(223744K)
[2024-08-29T23:14:21.189+0800] GC(55) ParOldGen: 539832K(1398272K)->586223K(1398272K)
[2024-08-29T23:14:21.189+0800] GC(55) Metaspace: 1641K(1792K)->1641K(1792K) NonClass: 1522K(1600K)->1522K(1600K) Class: 119K(192K)->119K(192K)
[2024-08-29T23:14:21.189+0800] GC(55) Pause Young (Allocation Failure) 929M->714M(1834M) 36.733ms
[2024-08-29T23:14:21.189+0800] GC(55) User=0.27s Sys=0.00s Real=0.04s
[2024-08-29T23:14:21.313+0800] GC(56) Pause Young (Allocation Failure)
[2024-08-29T23:14:21.351+0800] GC(56) PSYoungGen: 401784K(480256K)->163731K(475136K) Eden: 256032K(256512K)->0K(256512K) From: 145751K(223744K)->163731K(218624K)
[2024-08-29T23:14:21.351+0800] GC(56) ParOldGen: 586223K(1398272K)->632192K(1398272K)
[2024-08-29T23:14:21.351+0800] GC(56) Metaspace: 1643K(1792K)->1643K(1792K) NonClass: 1524K(1600K)->1524K(1600K) Class: 119K(192K)->119K(192K)
[2024-08-29T23:14:21.351+0800] GC(56) Pause Young (Allocation Failure) 964M->777M(1829M) 37.738ms
[2024-08-29T23:14:21.351+0800] GC(56) User=0.28s Sys=0.00s Real=0.03s
[2024-08-29T23:14:21.469+0800] GC(57) Pause Young (Allocation Failure)
[2024-08-29T23:14:21.511+0800] GC(57) PSYoungGen: 417782K(475136K)->169139K(484352K) Eden: 254051K(256512K)->0K(268800K) From: 163731K(218624K)->169139K(215552K)
[2024-08-29T23:14:21.511+0800] GC(57) ParOldGen: 632192K(1398272K)->711589K(1398272K)
[2024-08-29T23:14:21.512+0800] GC(57) Metaspace: 1643K(1792K)->1643K(1792K) NonClass: 1524K(1600K)->1524K(1600K) Class: 119K(192K)->119K(192K)
[2024-08-29T23:14:21.512+0800] GC(57) Pause Young (Allocation Failure) 1025M->860M(1838M) 42.971ms
[2024-08-29T23:14:21.512+0800] GC(57) User=0.33s Sys=0.00s Real=0.04s
[2024-08-29T23:14:21.651+0800] GC(58) Pause Young (Allocation Failure)
[2024-08-29T23:14:21.691+0800] GC(58) PSYoungGen: 433575K(484352K)->165134K(483328K) Eden: 264436K(268800K)->0K(268800K) From: 169139K(215552K)->165134K(214528K)
[2024-08-29T23:14:21.691+0800] GC(58) ParOldGen: 711589K(1398272K)->769810K(1398272K)
[2024-08-29T23:14:21.691+0800] GC(58) Metaspace: 1643K(1792K)->1643K(1792K) NonClass: 1524K(1600K)->1524K(1600K) Class: 119K(192K)->119K(192K)
[2024-08-29T23:14:21.691+0800] GC(58) Pause Young (Allocation Failure) 1118M->913M(1837M) 39.459ms
[2024-08-29T23:14:21.691+0800] GC(58) User=0.29s Sys=0.00s Real=0.04s
[2024-08-29T23:14:21.807+0800] GC(59) Pause Young (Allocation Failure)
[2024-08-29T23:14:21.851+0800] GC(59) PSYoungGen: 432814K(483328K)->188056K(475136K) Eden: 267679K(268800K)->0K(263680K) From: 165134K(214528K)->188056K(211456K)
[2024-08-29T23:14:21.851+0800] GC(59) ParOldGen: 769810K(1398272K)->834089K(1398272K)
[2024-08-29T23:14:21.851+0800] GC(59) Metaspace: 1643K(1792K)->1643K(1792K) NonClass: 1524K(1600K)->1524K(1600K) Class: 119K(192K)->119K(192K)
[2024-08-29T23:14:21.851+0800] GC(59) Pause Young (Allocation Failure) 1174M->998M(1829M) 44.038ms
[2024-08-29T23:14:21.851+0800] GC(59) User=0.34s Sys=0.00s Real=0.04s
[2024-08-29T23:14:21.955+0800] GC(60) Pause Young (Allocation Failure)
[2024-08-29T23:14:22.008+0800] GC(60) PSYoungGen: 451637K(475136K)->181100K(444928K) Eden: 263580K(263680K)->0K(263680K) From: 188056K(211456K)->181100K(181248K)
[2024-08-29T23:14:22.008+0800] GC(60) ParOldGen: 834089K(1398272K)->959462K(1398272K)
[2024-08-29T23:14:22.008+0800] GC(60) Metaspace: 1643K(1792K)->1643K(1792K) NonClass: 1524K(1600K)->1524K(1600K) Class: 119K(192K)->119K(192K)
[2024-08-29T23:14:22.008+0800] GC(60) Pause Young (Allocation Failure) 1255M->1113M(1800M) 52.477ms
[2024-08-29T23:14:22.008+0800] GC(60) User=0.37s Sys=0.00s Real=0.05s
[2024-08-29T23:14:22.155+0800] GC(61) Pause Young (Allocation Failure)
[2024-08-29T23:14:22.197+0800] GC(61) PSYoungGen: 441235K(444928K)->166147K(483840K) Eden: 260135K(263680K)->0K(264704K) From: 181100K(181248K)->166147K(219136K)
[2024-08-29T23:14:22.197+0800] GC(61) ParOldGen: 959462K(1398272K)->1030492K(1398272K)
[2024-08-29T23:14:22.197+0800] GC(61) Metaspace: 1643K(1792K)->1643K(1792K) NonClass: 1524K(1600K)->1524K(1600K) Class: 119K(192K)->119K(192K)
[2024-08-29T23:14:22.197+0800] GC(61) Pause Young (Allocation Failure) 1367M->1168M(1838M) 42.379ms
[2024-08-29T23:14:22.197+0800] GC(61) User=0.31s Sys=0.00s Real=0.04s
[2024-08-29T23:14:22.307+0800] GC(62) Pause Young (Allocation Failure)
[2024-08-29T23:14:22.359+0800] GC(62) PSYoungGen: 430316K(483840K)->200610K(465408K) Eden: 264168K(264704K)->0K(264704K) From: 166147K(219136K)->200610K(200704K)
[2024-08-29T23:14:22.359+0800] GC(62) ParOldGen: 1030492K(1398272K)->1124828K(1398272K)
[2024-08-29T23:14:22.359+0800] GC(62) Metaspace: 1643K(1792K)->1643K(1792K) NonClass: 1524K(1600K)->1524K(1600K) Class: 119K(192K)->119K(192K)
[2024-08-29T23:14:22.359+0800] GC(62) Pause Young (Allocation Failure) 1426M->1294M(1820M) 52.207ms
[2024-08-29T23:14:22.359+0800] GC(62) User=0.40s Sys=0.00s Real=0.05s
[2024-08-29T23:14:22.476+0800] GC(63) Pause Young (Allocation Failure)
[2024-08-29T23:14:22.531+0800] GC(63) PSYoungGen: 464117K(465408K)->187349K(472064K) Eden: 263507K(264704K)->0K(248320K) From: 200610K(200704K)->187349K(223744K)
[2024-08-29T23:14:22.531+0800] GC(63) ParOldGen: 1124828K(1398272K)->1245972K(1398272K)
[2024-08-29T23:14:22.531+0800] GC(63) Metaspace: 1643K(1792K)->1643K(1792K) NonClass: 1524K(1600K)->1524K(1600K) Class: 119K(192K)->119K(192K)
[2024-08-29T23:14:22.531+0800] GC(63) Pause Young (Allocation Failure) 1551M->1399M(1826M) 55.395ms
[2024-08-29T23:14:22.531+0800] GC(63) User=0.43s Sys=0.00s Real=0.05s
[2024-08-29T23:14:22.629+0800] GC(64) Pause Young (Allocation Failure)
[2024-08-29T23:14:23.260+0800] GC(64) Promotion failed
[2024-08-29T23:14:23.260+0800] GC(64) PSYoungGen: 431165K(472064K)->431165K(472064K) Eden: 243815K(248320K)->243815K(248320K) From: 187349K(223744K)->187349K(223744K)
[2024-08-29T23:14:23.260+0800] GC(64) ParOldGen: 1245972K(1398272K)->1397074K(1398272K)
[2024-08-29T23:14:23.260+0800] GC(64) Metaspace: 1643K(1792K)->1643K(1792K) NonClass: 1524K(1600K)->1524K(1600K) Class: 119K(192K)->119K(192K)
[2024-08-29T23:14:23.260+0800] GC(64) Pause Young (Allocation Failure) 1637M->1785M(1826M) 630.984ms
[2024-08-29T23:14:23.260+0800] GC(64) User=0.00s Sys=4.73s Real=0.63s
[2024-08-29T23:14:23.260+0800] GC(65) Pause Full (Ergonomics)
[2024-08-29T23:14:23.260+0800] GC(65) Marking Phase
[2024-08-29T23:14:23.273+0800] GC(65) Marking Phase 13.002ms
[2024-08-29T23:14:23.273+0800] GC(65) Summary Phase
[2024-08-29T23:14:23.273+0800] GC(65) Summary Phase 0.250ms
[2024-08-29T23:14:23.273+0800] GC(65) Adjust Roots
[2024-08-29T23:14:23.274+0800] GC(65) Adjust Roots 0.821ms
[2024-08-29T23:14:23.274+0800] GC(65) Compaction Phase
[2024-08-29T23:14:23.321+0800] GC(65) Compaction Phase 47.431ms
[2024-08-29T23:14:23.321+0800] GC(65) Post Compact
[2024-08-29T23:14:23.430+0800] GC(65) Post Compact 109.011ms
[2024-08-29T23:14:23.431+0800] GC(65) PSYoungGen: 431165K(472064K)->0K(473600K) Eden: 243815K(248320K)->0K(248320K) From: 187349K(223744K)->0K(225280K)
[2024-08-29T23:14:23.431+0800] GC(65) ParOldGen: 1397074K(1398272K)->460399K(1398272K)
[2024-08-29T23:14:23.431+0800] GC(65) Metaspace: 1643K(1792K)->1643K(1792K) NonClass: 1524K(1600K)->1524K(1600K) Class: 119K(192K)->119K(192K)
[2024-08-29T23:14:23.431+0800] GC(65) Pause Full (Ergonomics) 1785M->449M(1828M) 170.895ms
[2024-08-29T23:14:23.431+0800] GC(65) User=0.26s Sys=0.24s Real=0.17s
[2024-08-29T23:14:23.543+0800] GC(66) Pause Young (Allocation Failure)
[2024-08-29T23:14:23.574+0800] GC(66) PSYoungGen: 247920K(473600K)->170662K(478720K) Eden: 247920K(248320K)->0K(253440K) From: 0K(225280K)->170662K(225280K)
[2024-08-29T23:14:23.574+0800] GC(66) ParOldGen: 460399K(1398272K)->460399K(1398272K)
[2024-08-29T23:14:23.574+0800] GC(66) Metaspace: 1643K(1792K)->1643K(1792K) NonClass: 1524K(1600K)->1524K(1600K) Class: 119K(192K)->119K(192K)
[2024-08-29T23:14:23.574+0800] GC(66) Pause Young (Allocation Failure) 691M->616M(1833M) 30.944ms
[2024-08-29T23:14:23.574+0800] GC(66) User=0.23s Sys=0.00s Real=0.03s
[2024-08-29T23:14:23.678+0800] GC(67) Pause Young (Allocation Failure)
[2024-08-29T23:14:23.736+0800] GC(67) PSYoungGen: 423693K(478720K)->198762K(452608K) Eden: 253030K(253440K)->0K(253440K) From: 170662K(225280K)->198762K(199168K)
[2024-08-29T23:14:23.736+0800] GC(67) ParOldGen: 460399K(1398272K)->567435K(1398272K)
[2024-08-29T23:14:23.736+0800] GC(67) Metaspace: 1643K(1792K)->1643K(1792K) NonClass: 1524K(1600K)->1524K(1600K) Class: 119K(192K)->119K(192K)
[2024-08-29T23:14:23.736+0800] GC(67) Pause Young (Allocation Failure) 863M->748M(1807M) 58.793ms
[2024-08-29T23:14:23.737+0800] GC(67) User=0.45s Sys=0.00s Real=0.06s
[2024-08-29T23:14:23.834+0800] GC(68) Pause Young (Allocation Failure)
[2024-08-29T23:14:23.897+0800] GC(68) PSYoungGen: 449990K(452608K)->198327K(464384K) Eden: 251227K(253440K)->0K(238080K) From: 198762K(199168K)->198327K(226304K)
[2024-08-29T23:14:23.897+0800] GC(68) ParOldGen: 567435K(1398272K)->694147K(1398272K)
[2024-08-29T23:14:23.897+0800] GC(68) Metaspace: 1643K(1792K)->1643K(1792K) NonClass: 1524K(1600K)->1524K(1600K) Class: 119K(192K)->119K(192K)
[2024-08-29T23:14:23.897+0800] GC(68) Pause Young (Allocation Failure) 993M->871M(1819M) 62.758ms
[2024-08-29T23:14:23.897+0800] GC(68) User=0.49s Sys=0.00s Real=0.06s
[2024-08-29T23:14:23.996+0800] GC(69) Pause Young (Allocation Failure)
[2024-08-29T23:14:24.054+0800] GC(69) PSYoungGen: 434505K(464384K)->190272K(428544K) Eden: 236178K(238080K)->0K(238080K) From: 198327K(226304K)->190272K(190464K)
[2024-08-29T23:14:24.054+0800] GC(69) ParOldGen: 694147K(1398272K)->815957K(1398272K)
[2024-08-29T23:14:24.055+0800] GC(69) Metaspace: 1643K(1792K)->1643K(1792K) NonClass: 1524K(1600K)->1524K(1600K) Class: 119K(192K)->119K(192K)
[2024-08-29T23:14:24.055+0800] GC(69) Pause Young (Allocation Failure) 1102M->982M(1784M) 58.277ms
[2024-08-29T23:14:24.055+0800] GC(69) User=0.44s Sys=0.00s Real=0.06s
[2024-08-29T23:14:24.166+0800] GC(70) Pause Young (Allocation Failure)
[2024-08-29T23:14:24.223+0800] GC(70) PSYoungGen: 425465K(428544K)->179902K(472064K) Eden: 235192K(238080K)->0K(241152K) From: 190272K(190464K)->179902K(230912K)
[2024-08-29T23:14:24.224+0800] GC(70) ParOldGen: 815957K(1398272K)->956049K(1398272K)
[2024-08-29T23:14:24.224+0800] GC(70) Metaspace: 1643K(1792K)->1643K(1792K) NonClass: 1524K(1600K)->1524K(1600K) Class: 119K(192K)->119K(192K)
[2024-08-29T23:14:24.224+0800] GC(70) Pause Young (Allocation Failure) 1212M->1109M(1826M) 57.360ms
[2024-08-29T23:14:24.224+0800] GC(70) User=0.44s Sys=0.00s Real=0.06s
[2024-08-29T23:14:24.319+0800] GC(71) Pause Young (Allocation Failure)
[2024-08-29T23:14:24.374+0800] GC(71) PSYoungGen: 420666K(472064K)->202505K(443904K) Eden: 240763K(241152K)->0K(241152K) From: 179902K(230912K)->202505K(202752K)
[2024-08-29T23:14:24.374+0800] GC(71) ParOldGen: 956049K(1398272K)->1073601K(1398272K)
[2024-08-29T23:14:24.374+0800] GC(71) Metaspace: 1643K(1792K)->1643K(1792K) NonClass: 1524K(1600K)->1524K(1600K) Class: 119K(192K)->119K(192K)
[2024-08-29T23:14:24.374+0800] GC(71) Pause Young (Allocation Failure) 1344M->1246M(1799M) 55.413ms
[2024-08-29T23:14:24.374+0800] GC(71) User=0.42s Sys=0.00s Real=0.06s
[2024-08-29T23:14:24.483+0800] GC(72) Pause Young (Allocation Failure)
[2024-08-29T23:14:24.543+0800] GC(72) PSYoungGen: 441797K(443904K)->194088K(467456K) Eden: 239291K(241152K)->0K(236032K) From: 202505K(202752K)->194088K(231424K)
[2024-08-29T23:14:24.543+0800] GC(72) ParOldGen: 1073601K(1398272K)->1208636K(1398272K)
[2024-08-29T23:14:24.543+0800] GC(72) Metaspace: 1643K(1792K)->1643K(1792K) NonClass: 1524K(1600K)->1524K(1600K) Class: 119K(192K)->119K(192K)
[2024-08-29T23:14:24.543+0800] GC(72) Pause Young (Allocation Failure) 1479M->1369M(1822M) 59.680ms
[2024-08-29T23:14:24.543+0800] GC(72) User=0.46s Sys=0.00s Real=0.06s
[2024-08-29T23:14:24.543+0800] GC(73) Pause Full (Ergonomics)
[2024-08-29T23:14:24.543+0800] GC(73) Marking Phase
[2024-08-29T23:14:24.547+0800] GC(73) Marking Phase 3.923ms
[2024-08-29T23:14:24.547+0800] GC(73) Summary Phase
[2024-08-29T23:14:24.547+0800] GC(73) Summary Phase 0.115ms
[2024-08-29T23:14:24.547+0800] GC(73) Adjust Roots
[2024-08-29T23:14:24.548+0800] GC(73) Adjust Roots 1.256ms
[2024-08-29T23:14:24.548+0800] GC(73) Compaction Phase
[2024-08-29T23:14:24.622+0800] GC(73) Compaction Phase 73.684ms
[2024-08-29T23:14:24.622+0800] GC(73) Post Compact
[2024-08-29T23:14:24.634+0800] GC(73) Post Compact 11.286ms
[2024-08-29T23:14:24.634+0800] GC(73) PSYoungGen: 194088K(467456K)->0K(467456K) Eden: 0K(236032K)->0K(236032K) From: 194088K(231424K)->0K(231424K)
[2024-08-29T23:14:24.634+0800] GC(73) ParOldGen: 1208636K(1398272K)->564925K(1398272K)
[2024-08-29T23:14:24.634+0800] GC(73) Metaspace: 1643K(1792K)->1643K(1792K) NonClass: 1524K(1600K)->1524K(1600K) Class: 119K(192K)->119K(192K)
[2024-08-29T23:14:24.634+0800] GC(73) Pause Full (Ergonomics) 1369M->551M(1822M) 90.850ms
[2024-08-29T23:14:24.634+0800] GC(73) User=0.59s Sys=0.00s Real=0.09s
[2024-08-29T23:14:24.729+0800] GC(74) Pause Young (Allocation Failure)
[2024-08-29T23:14:24.765+0800] GC(74) PSYoungGen: 232228K(467456K)->197952K(464384K) Eden: 232228K(236032K)->0K(232960K) From: 0K(231424K)->197952K(231424K)
[2024-08-29T23:14:24.765+0800] GC(74) ParOldGen: 564925K(1398272K)->564925K(1398272K)
[2024-08-29T23:14:24.765+0800] GC(74) Metaspace: 1647K(1792K)->1647K(1792K) NonClass: 1528K(1600K)->1528K(1600K) Class: 119K(192K)->119K(192K)
[2024-08-29T23:14:24.766+0800] GC(74) Pause Young (Allocation Failure) 778M->744M(1819M) 36.184ms
[2024-08-29T23:14:24.766+0800] GC(74) User=0.27s Sys=0.00s Real=0.04s
[2024-08-29T23:14:24.855+0800] GC(75) Pause Young (Allocation Failure)
[2024-08-29T23:14:24.914+0800] GC(75) PSYoungGen: 428242K(464384K)->175688K(465920K) Eden: 230289K(232960K)->0K(232960K) From: 197952K(231424K)->175688K(232960K)
[2024-08-29T23:14:24.914+0800] GC(75) ParOldGen: 564925K(1398272K)->727305K(1398272K)
[2024-08-29T23:14:24.914+0800] GC(75) Metaspace: 1647K(1792K)->1647K(1792K) NonClass: 1528K(1600K)->1528K(1600K) Class: 119K(192K)->119K(192K)
[2024-08-29T23:14:24.914+0800] GC(75) Pause Young (Allocation Failure) 969M->881M(1820M) 58.933ms
[2024-08-29T23:14:24.914+0800] GC(75) User=0.45s Sys=0.00s Real=0.06s
[2024-08-29T23:14:24.992+0800] GC(76) Pause Young (Allocation Failure)
[2024-08-29T23:14:25.058+0800] GC(76) PSYoungGen: 405119K(465920K)->207368K(461824K) Eden: 229430K(232960K)->0K(232960K) From: 175688K(232960K)->207368K(228864K)
[2024-08-29T23:14:25.058+0800] GC(76) ParOldGen: 727305K(1398272K)->879085K(1398272K)
[2024-08-29T23:14:25.058+0800] GC(76) Metaspace: 1647K(1792K)->1647K(1792K) NonClass: 1528K(1600K)->1528K(1600K) Class: 119K(192K)->119K(192K)
[2024-08-29T23:14:25.058+0800] GC(76) Pause Young (Allocation Failure) 1105M->1060M(1816M) 66.227ms
[2024-08-29T23:14:25.058+0800] GC(76) User=0.51s Sys=0.00s Real=0.07s
[2024-08-29T23:14:25.174+0800] GC(77) Pause Young (Allocation Failure)
[2024-08-29T23:14:25.253+0800] GC(77) PSYoungGen: 439266K(461824K)->197485K(465920K) Eden: 231898K(232960K)->0K(232960K) From: 207368K(228864K)->197485K(232960K)
[2024-08-29T23:14:25.253+0800] GC(77) ParOldGen: 879085K(1398272K)->1101784K(1398272K)
[2024-08-29T23:14:25.253+0800] GC(77) Metaspace: 1647K(1792K)->1647K(1792K) NonClass: 1528K(1600K)->1528K(1600K) Class: 119K(192K)->119K(192K)
[2024-08-29T23:14:25.254+0800] GC(77) Pause Young (Allocation Failure) 1287M->1268M(1820M) 79.920ms
[2024-08-29T23:14:25.254+0800] GC(77) User=0.63s Sys=0.00s Real=0.08s
[2024-08-29T23:14:25.340+0800] GC(78) Pause Young (Allocation Failure)
[2024-08-29T23:14:25.403+0800] GC(78) PSYoungGen: 428415K(465920K)->199882K(465920K) Eden: 230930K(232960K)->0K(232960K) From: 197485K(232960K)->199882K(232960K)
[2024-08-29T23:14:25.403+0800] GC(78) ParOldGen: 1101784K(1398272K)->1271567K(1398272K)
[2024-08-29T23:14:25.403+0800] GC(78) Metaspace: 1647K(1792K)->1647K(1792K) NonClass: 1528K(1600K)->1528K(1600K) Class: 119K(192K)->119K(192K)
[2024-08-29T23:14:25.403+0800] GC(78) Pause Young (Allocation Failure) 1494M->1436M(1820M) 62.998ms
[2024-08-29T23:14:25.403+0800] GC(78) User=0.47s Sys=0.00s Real=0.07s
[2024-08-29T23:14:25.403+0800] GC(79) Pause Full (Ergonomics)
[2024-08-29T23:14:25.403+0800] GC(79) Marking Phase
[2024-08-29T23:14:25.406+0800] GC(79) Marking Phase 2.721ms
[2024-08-29T23:14:25.406+0800] GC(79) Summary Phase
[2024-08-29T23:14:25.406+0800] GC(79) Summary Phase 0.035ms
[2024-08-29T23:14:25.406+0800] GC(79) Adjust Roots
[2024-08-29T23:14:25.407+0800] GC(79) Adjust Roots 1.095ms
[2024-08-29T23:14:25.407+0800] GC(79) Compaction Phase
[2024-08-29T23:14:25.497+0800] GC(79) Compaction Phase 89.210ms
[2024-08-29T23:14:25.497+0800] GC(79) Post Compact
[2024-08-29T23:14:25.505+0800] GC(79) Post Compact 8.177ms
[2024-08-29T23:14:25.505+0800] GC(79) PSYoungGen: 199882K(465920K)->0K(465920K) Eden: 0K(232960K)->0K(232960K) From: 199882K(232960K)->0K(232960K)
[2024-08-29T23:14:25.505+0800] GC(79) ParOldGen: 1271567K(1398272K)->718702K(1398272K)
[2024-08-29T23:14:25.505+0800] GC(79) Metaspace: 1647K(1792K)->1647K(1792K) NonClass: 1528K(1600K)->1528K(1600K) Class: 119K(192K)->119K(192K)
[2024-08-29T23:14:25.505+0800] GC(79) Pause Full (Ergonomics) 1436M->701M(1820M) 101.783ms
[2024-08-29T23:14:25.505+0800] GC(79) User=0.72s Sys=0.00s Real=0.10s
[2024-08-29T23:14:25.592+0800] GC(80) Pause Young (Allocation Failure)
[2024-08-29T23:14:25.629+0800] GC(80) PSYoungGen: 232752K(465920K)->198982K(465920K) Eden: 232752K(232960K)->0K(232960K) From: 0K(232960K)->198982K(232960K)
[2024-08-29T23:14:25.629+0800] GC(80) ParOldGen: 718702K(1398272K)->718702K(1398272K)
[2024-08-29T23:14:25.629+0800] GC(80) Metaspace: 1647K(1792K)->1647K(1792K) NonClass: 1528K(1600K)->1528K(1600K) Class: 119K(192K)->119K(192K)
[2024-08-29T23:14:25.629+0800] GC(80) Pause Young (Allocation Failure) 929M->896M(1820M) 36.212ms
[2024-08-29T23:14:25.629+0800] GC(80) User=0.28s Sys=0.00s Real=0.04s
[2024-08-29T23:14:25.745+0800] GC(81) Pause Young (Allocation Failure)
[2024-08-29T23:14:25.790+0800] GC(81) PSYoungGen: 429960K(465920K)->162000K(465920K) Eden: 230977K(232960K)->0K(232960K) From: 198982K(232960K)->162000K(232960K)
[2024-08-29T23:14:25.790+0800] GC(81) ParOldGen: 718702K(1398272K)->835695K(1398272K)
[2024-08-29T23:14:25.790+0800] GC(81) Metaspace: 1647K(1792K)->1647K(1792K) NonClass: 1528K(1600K)->1528K(1600K) Class: 119K(192K)->119K(192K)
[2024-08-29T23:14:25.790+0800] GC(81) Pause Young (Allocation Failure) 1121M->974M(1820M) 44.297ms
[2024-08-29T23:14:25.790+0800] GC(81) User=0.34s Sys=0.00s Real=0.04s
[2024-08-29T23:14:25.912+0800] GC(82) Pause Young (Allocation Failure)
[2024-08-29T23:14:25.961+0800] GC(82) PSYoungGen: 393488K(465920K)->184788K(469504K) Eden: 231488K(232960K)->0K(236544K) From: 162000K(232960K)->184788K(232960K)
[2024-08-29T23:14:25.961+0800] GC(82) ParOldGen: 835695K(1398272K)->948251K(1398272K)
[2024-08-29T23:14:25.961+0800] GC(82) Metaspace: 1647K(1792K)->1647K(1792K) NonClass: 1528K(1600K)->1528K(1600K) Class: 119K(192K)->119K(192K)
[2024-08-29T23:14:25.961+0800] GC(82) Pause Young (Allocation Failure) 1200M->1106M(1824M) 49.554ms
[2024-08-29T23:14:25.961+0800] GC(82) User=0.37s Sys=0.00s Real=0.05s
[2024-08-29T23:14:26.070+0800] GC(83) Pause Young (Allocation Failure)
[2024-08-29T23:14:26.118+0800] GC(83) PSYoungGen: 419216K(469504K)->181108K(465920K) Eden: 234428K(236544K)->0K(236544K) From: 184788K(232960K)->181108K(229376K)
[2024-08-29T23:14:26.118+0800] GC(83) ParOldGen: 948251K(1398272K)->1062010K(1398272K)
[2024-08-29T23:14:26.118+0800] GC(83) Metaspace: 1647K(1792K)->1647K(1792K) NonClass: 1528K(1600K)->1528K(1600K) Class: 119K(192K)->119K(192K)
[2024-08-29T23:14:26.118+0800] GC(83) Pause Young (Allocation Failure) 1335M->1213M(1820M) 47.722ms
[2024-08-29T23:14:26.118+0800] GC(83) User=0.37s Sys=0.00s Real=0.05s
[2024-08-29T23:14:26.207+0800] GC(84) Pause Young (Allocation Failure)
[2024-08-29T23:14:26.268+0800] GC(84) PSYoungGen: 417036K(465920K)->199539K(471040K) Eden: 235928K(236544K)->0K(245248K) From: 181108K(229376K)->199539K(225792K)
[2024-08-29T23:14:26.268+0800] GC(84) ParOldGen: 1062010K(1398272K)->1209512K(1398272K)
[2024-08-29T23:14:26.268+0800] GC(84) Metaspace: 1647K(1792K)->1647K(1792K) NonClass: 1528K(1600K)->1528K(1600K) Class: 119K(192K)->119K(192K)
[2024-08-29T23:14:26.268+0800] GC(84) Pause Young (Allocation Failure) 1444M->1376M(1825M) 60.696ms
[2024-08-29T23:14:26.268+0800] GC(84) User=0.47s Sys=0.00s Real=0.06s
[2024-08-29T23:14:26.268+0800] GC(85) Pause Full (Ergonomics)
[2024-08-29T23:14:26.268+0800] GC(85) Marking Phase
[2024-08-29T23:14:26.271+0800] GC(85) Marking Phase 3.098ms
[2024-08-29T23:14:26.271+0800] GC(85) Summary Phase
[2024-08-29T23:14:26.271+0800] GC(85) Summary Phase 0.081ms
[2024-08-29T23:14:26.271+0800] GC(85) Adjust Roots
[2024-08-29T23:14:26.272+0800] GC(85) Adjust Roots 0.916ms
[2024-08-29T23:14:26.272+0800] GC(85) Compaction Phase
[2024-08-29T23:14:26.346+0800] GC(85) Compaction Phase 73.749ms
[2024-08-29T23:14:26.346+0800] GC(85) Post Compact
[2024-08-29T23:14:26.354+0800] GC(85) Post Compact 8.237ms
[2024-08-29T23:14:26.354+0800] GC(85) PSYoungGen: 199539K(471040K)->0K(472064K) Eden: 0K(245248K)->0K(245248K) From: 199539K(225792K)->0K(226816K)
[2024-08-29T23:14:26.354+0800] GC(85) ParOldGen: 1209512K(1398272K)->623013K(1398272K)
[2024-08-29T23:14:26.354+0800] GC(85) Metaspace: 1647K(1792K)->1647K(1792K) NonClass: 1528K(1600K)->1528K(1600K) Class: 119K(192K)->119K(192K)
[2024-08-29T23:14:26.354+0800] GC(85) Pause Full (Ergonomics) 1376M->608M(1826M) 86.634ms
[2024-08-29T23:14:26.354+0800] GC(85) User=0.60s Sys=0.00s Real=0.09s
[2024-08-29T23:14:26.459+0800] GC(86) Pause Young (Allocation Failure)
[2024-08-29T23:14:26.495+0800] GC(86) PSYoungGen: 244646K(472064K)->199910K(470016K) Eden: 244646K(245248K)->0K(243200K) From: 0K(226816K)->199910K(226816K)
[2024-08-29T23:14:26.495+0800] GC(86) ParOldGen: 623013K(1398272K)->623013K(1398272K)
[2024-08-29T23:14:26.495+0800] GC(86) Metaspace: 1647K(1792K)->1647K(1792K) NonClass: 1528K(1600K)->1528K(1600K) Class: 119K(192K)->119K(192K)
[2024-08-29T23:14:26.495+0800] GC(86) Pause Young (Allocation Failure) 847M->803M(1824M) 36.444ms
[2024-08-29T23:14:26.495+0800] GC(86) User=0.28s Sys=0.00s Real=0.04s
[2024-08-29T23:14:26.594+0800] GC(87) Pause Young (Allocation Failure)
[2024-08-29T23:14:26.653+0800] GC(87) PSYoungGen: 439940K(470016K)->182426K(471040K) Eden: 240029K(243200K)->0K(243200K) From: 199910K(226816K)->182426K(227840K)
[2024-08-29T23:14:26.653+0800] GC(87) ParOldGen: 623013K(1398272K)->766652K(1398272K)
[2024-08-29T23:14:26.653+0800] GC(87) Metaspace: 1647K(1792K)->1647K(1792K) NonClass: 1528K(1600K)->1528K(1600K) Class: 119K(192K)->119K(192K)
[2024-08-29T23:14:26.653+0800] GC(87) Pause Young (Allocation Failure) 1038M->926M(1825M) 59.571ms
[2024-08-29T23:14:26.653+0800] GC(87) User=0.46s Sys=0.00s Real=0.06s
[2024-08-29T23:14:26.766+0800] GC(88) Pause Young (Allocation Failure)
[2024-08-29T23:14:26.828+0800] GC(88) PSYoungGen: 422118K(471040K)->204083K(468992K) Eden: 239692K(243200K)->0K(244224K) From: 182426K(227840K)->204083K(224768K)
[2024-08-29T23:14:26.828+0800] GC(88) ParOldGen: 766652K(1398272K)->908403K(1398272K)
[2024-08-29T23:14:26.828+0800] GC(88) Metaspace: 1647K(1792K)->1647K(1792K) NonClass: 1528K(1600K)->1528K(1600K) Class: 119K(192K)->119K(192K)
[2024-08-29T23:14:26.828+0800] GC(88) Pause Young (Allocation Failure) 1160M->1086M(1823M) 62.344ms
[2024-08-29T23:14:26.828+0800] GC(88) User=0.49s Sys=0.00s Real=0.06s
[2024-08-29T23:14:26.949+0800] GC(89) Pause Young (Allocation Failure)
[2024-08-29T23:14:27.016+0800] GC(89) PSYoungGen: 444378K(468992K)->189539K(471552K) Eden: 240295K(244224K)->0K(244224K) From: 204083K(224768K)->189539K(227328K)
[2024-08-29T23:14:27.016+0800] GC(89) ParOldGen: 908403K(1398272K)->1017333K(1398272K)
[2024-08-29T23:14:27.016+0800] GC(89) Metaspace: 1647K(1792K)->1647K(1792K) NonClass: 1528K(1600K)->1528K(1600K) Class: 119K(192K)->119K(192K)
[2024-08-29T23:14:27.016+0800] GC(89) Pause Young (Allocation Failure) 1321M->1178M(1826M) 66.533ms
[2024-08-29T23:14:27.016+0800] GC(89) User=0.50s Sys=0.00s Real=0.07s
[2024-08-29T23:14:27.129+0800] GC(90) Pause Young (Allocation Failure)
[2024-08-29T23:14:27.183+0800] GC(90) PSYoungGen: 430045K(471552K)->188214K(478720K) Eden: 240505K(244224K)->0K(254976K) From: 189539K(227328K)->188214K(223744K)
[2024-08-29T23:14:27.183+0800] GC(90) ParOldGen: 1017333K(1398272K)->1124521K(1398272K)
[2024-08-29T23:14:27.183+0800] GC(90) Metaspace: 1647K(1792K)->1647K(1792K) NonClass: 1528K(1600K)->1528K(1600K) Class: 119K(192K)->119K(192K)
[2024-08-29T23:14:27.183+0800] GC(90) Pause Young (Allocation Failure) 1413M->1281M(1833M) 54.140ms
[2024-08-29T23:14:27.183+0800] GC(90) User=0.42s Sys=0.00s Real=0.06s
[2024-08-29T23:14:27.299+0800] GC(91) Pause Young (Allocation Failure)
[2024-08-29T23:14:27.364+0800] GC(91) PSYoungGen: 441380K(478720K)->205405K(475136K) Eden: 253165K(254976K)->0K(254976K) From: 188214K(223744K)->205405K(220160K)
[2024-08-29T23:14:27.365+0800] GC(91) ParOldGen: 1124521K(1398272K)->1246708K(1398272K)
[2024-08-29T23:14:27.365+0800] GC(91) Metaspace: 1647K(1792K)->1647K(1792K) NonClass: 1528K(1600K)->1528K(1600K) Class: 119K(192K)->119K(192K)
[2024-08-29T23:14:27.365+0800] GC(91) Pause Young (Allocation Failure) 1529M->1418M(1829M) 65.933ms
[2024-08-29T23:14:27.365+0800] GC(91) User=0.50s Sys=0.00s Real=0.07s
[2024-08-29T23:14:27.365+0800] GC(92) Pause Full (Ergonomics)
[2024-08-29T23:14:27.365+0800] GC(92) Marking Phase
[2024-08-29T23:14:27.368+0800] GC(92) Marking Phase 3.483ms
[2024-08-29T23:14:27.368+0800] GC(92) Summary Phase
[2024-08-29T23:14:27.368+0800] GC(92) Summary Phase 0.045ms
[2024-08-29T23:14:27.368+0800] GC(92) Adjust Roots
[2024-08-29T23:14:27.370+0800] GC(92) Adjust Roots 1.206ms
[2024-08-29T23:14:27.370+0800] GC(92) Compaction Phase
[2024-08-29T23:14:27.447+0800] GC(92) Compaction Phase 77.422ms
[2024-08-29T23:14:27.447+0800] GC(92) Post Compact
[2024-08-29T23:14:27.456+0800] GC(92) Post Compact 8.539ms
[2024-08-29T23:14:27.456+0800] GC(92) PSYoungGen: 205405K(475136K)->0K(475648K) Eden: 0K(254976K)->0K(252416K) From: 205405K(220160K)->0K(223232K)
[2024-08-29T23:14:27.456+0800] GC(92) ParOldGen: 1246708K(1398272K)->574953K(1398272K)
[2024-08-29T23:14:27.456+0800] GC(92) Metaspace: 1647K(1792K)->1647K(1792K) NonClass: 1528K(1600K)->1528K(1600K) Class: 119K(192K)->119K(192K)
[2024-08-29T23:14:27.456+0800] GC(92) Pause Full (Ergonomics) 1418M->561M(1830M) 91.145ms
[2024-08-29T23:14:27.456+0800] GC(92) User=0.63s Sys=0.00s Real=0.09s
[2024-08-29T23:14:27.568+0800] GC(93) Pause Young (Allocation Failure)
[2024-08-29T23:14:27.605+0800] GC(93) PSYoungGen: 250910K(475648K)->211651K(464384K) Eden: 250910K(252416K)->0K(252416K) From: 0K(223232K)->211651K(211968K)
[2024-08-29T23:14:27.606+0800] GC(93) ParOldGen: 574953K(1398272K)->574953K(1398272K)
[2024-08-29T23:14:27.606+0800] GC(93) Metaspace: 1647K(1792K)->1647K(1792K) NonClass: 1528K(1600K)->1528K(1600K) Class: 119K(192K)->119K(192K)
[2024-08-29T23:14:27.606+0800] GC(93) Pause Young (Allocation Failure) 806M->768M(1819M) 37.714ms
[2024-08-29T23:14:27.606+0800] GC(93) User=0.29s Sys=0.00s Real=0.04s
[2024-08-29T23:14:27.714+0800] GC(94) Pause Young (Allocation Failure)
[2024-08-29T23:14:27.775+0800] GC(94) PSYoungGen: 462384K(464384K)->191344K(474112K) Eden: 250732K(252416K)->0K(246272K) From: 211651K(211968K)->191344K(227840K)
[2024-08-29T23:14:27.775+0800] GC(94) ParOldGen: 574953K(1398272K)->717074K(1398272K)
[2024-08-29T23:14:27.775+0800] GC(94) Metaspace: 1647K(1792K)->1647K(1792K) NonClass: 1528K(1600K)->1528K(1600K) Class: 119K(192K)->119K(192K)
[2024-08-29T23:14:27.775+0800] GC(94) Pause Young (Allocation Failure) 1013M->887M(1828M) 61.368ms
[2024-08-29T23:14:27.775+0800] GC(94) User=0.47s Sys=0.00s Real=0.06s
[2024-08-29T23:14:27.891+0800] GC(95) Pause Young (Allocation Failure)
[2024-08-29T23:14:27.950+0800] GC(95) PSYoungGen: 437575K(474112K)->192597K(471040K) Eden: 246230K(246272K)->0K(246272K) From: 191344K(227840K)->192597K(224768K)
[2024-08-29T23:14:27.950+0800] GC(95) ParOldGen: 717074K(1398272K)->845728K(1398272K)
[2024-08-29T23:14:27.950+0800] GC(95) Metaspace: 1647K(1792K)->1647K(1792K) NonClass: 1528K(1600K)->1528K(1600K) Class: 119K(192K)->119K(192K)
[2024-08-29T23:14:27.950+0800] GC(95) Pause Young (Allocation Failure) 1127M->1013M(1825M) 58.969ms
[2024-08-29T23:14:27.950+0800] GC(95) User=0.45s Sys=0.00s Real=0.06s
[2024-08-29T23:14:28.060+0800] GC(96) Pause Young (Allocation Failure)
[2024-08-29T23:14:28.122+0800] GC(96) PSYoungGen: 436450K(471040K)->213301K(467968K) Eden: 243852K(246272K)->0K(246272K) From: 192597K(224768K)->213301K(221696K)
[2024-08-29T23:14:28.122+0800] GC(96) ParOldGen: 845728K(1398272K)->977361K(1398272K)
[2024-08-29T23:14:28.122+0800] GC(96) Metaspace: 1647K(1792K)->1647K(1792K) NonClass: 1528K(1600K)->1528K(1600K) Class: 119K(192K)->119K(192K)
[2024-08-29T23:14:28.122+0800] GC(96) Pause Young (Allocation Failure) 1252M->1162M(1822M) 61.605ms
[2024-08-29T23:14:28.122+0800] GC(96) User=0.48s Sys=0.00s Real=0.06s
[2024-08-29T23:14:28.226+0800] GC(97) Pause Young (Allocation Failure)
[2024-08-29T23:14:28.284+0800] GC(97) PSYoungGen: 458325K(467968K)->193879K(472576K) Eden: 245024K(246272K)->0K(246272K) From: 213301K(221696K)->193879K(226304K)
[2024-08-29T23:14:28.285+0800] GC(97) ParOldGen: 977361K(1398272K)->1127937K(1398272K)
[2024-08-29T23:14:28.285+0800] GC(97) Metaspace: 1647K(1792K)->1647K(1792K) NonClass: 1528K(1600K)->1528K(1600K) Class: 119K(192K)->119K(192K)
[2024-08-29T23:14:28.285+0800] GC(97) Pause Young (Allocation Failure) 1402M->1290M(1827M) 58.331ms
[2024-08-29T23:14:28.285+0800] GC(97) User=0.45s Sys=0.00s Real=0.06s
[2024-08-29T23:14:28.396+0800] GC(98) Pause Young (Allocation Failure)
[2024-08-29T23:14:28.450+0800] GC(98) PSYoungGen: 438001K(472576K)->184054K(476672K) Eden: 244122K(246272K)->0K(253440K) From: 193879K(226304K)->184054K(223232K)
[2024-08-29T23:14:28.450+0800] GC(98) ParOldGen: 1127937K(1398272K)->1251198K(1398272K)
[2024-08-29T23:14:28.450+0800] GC(98) Metaspace: 1647K(1792K)->1647K(1792K) NonClass: 1528K(1600K)->1528K(1600K) Class: 119K(192K)->119K(192K)
[2024-08-29T23:14:28.450+0800] GC(98) Pause Young (Allocation Failure) 1529M->1401M(1831M) 54.544ms
[2024-08-29T23:14:28.450+0800] GC(98) User=0.41s Sys=0.00s Real=0.05s
[2024-08-29T23:14:28.450+0800] GC(99) Pause Full (Ergonomics)
[2024-08-29T23:14:28.451+0800] GC(99) Marking Phase
[2024-08-29T23:14:28.454+0800] GC(99) Marking Phase 3.655ms
[2024-08-29T23:14:28.454+0800] GC(99) Summary Phase
[2024-08-29T23:14:28.454+0800] GC(99) Summary Phase 0.036ms
[2024-08-29T23:14:28.454+0800] GC(99) Adjust Roots
[2024-08-29T23:14:28.455+0800] GC(99) Adjust Roots 1.058ms
[2024-08-29T23:14:28.455+0800] GC(99) Compaction Phase
[2024-08-29T23:14:28.532+0800] GC(99) Compaction Phase 76.877ms
[2024-08-29T23:14:28.532+0800] GC(99) Post Compact
[2024-08-29T23:14:28.540+0800] GC(99) Post Compact 7.696ms
[2024-08-29T23:14:28.540+0800] GC(99) PSYoungGen: 184054K(476672K)->0K(475648K) Eden: 0K(253440K)->0K(253440K) From: 184054K(223232K)->0K(222208K)
[2024-08-29T23:14:28.540+0800] GC(99) ParOldGen: 1251198K(1398272K)->670879K(1398272K)
[2024-08-29T23:14:28.540+0800] GC(99) Metaspace: 1647K(1792K)->1647K(1792K) NonClass: 1528K(1600K)->1528K(1600K) Class: 119K(192K)->119K(192K)
[2024-08-29T23:14:28.540+0800] GC(99) Pause Full (Ergonomics) 1401M->655M(1830M) 89.840ms
[2024-08-29T23:14:28.540+0800] GC(99) User=0.61s Sys=0.00s Real=0.09s
[2024-08-29T23:14:28.649+0800] GC(100) Pause Young (Allocation Failure)
[2024-08-29T23:14:28.688+0800] GC(100) PSYoungGen: 252882K(475648K)->219160K(463360K) Eden: 252882K(253440K)->0K(241152K) From: 0K(222208K)->219160K(222208K)
[2024-08-29T23:14:28.688+0800] GC(100) ParOldGen: 670879K(1398272K)->675603K(1398272K)
[2024-08-29T23:14:28.688+0800] GC(100) Metaspace: 1647K(1792K)->1647K(1792K) NonClass: 1528K(1600K)->1528K(1600K) Class: 119K(192K)->119K(192K)
[2024-08-29T23:14:28.688+0800] GC(100) Pause Young (Allocation Failure) 902M->873M(1818M) 39.754ms
[2024-08-29T23:14:28.688+0800] GC(100) User=0.30s Sys=0.00s Real=0.04s
[2024-08-29T23:14:28.798+0800] GC(101) Pause Young (Allocation Failure)
[2024-08-29T23:14:28.852+0800] GC(101) PSYoungGen: 458790K(463360K)->190800K(470016K) Eden: 239629K(241152K)->0K(241152K) From: 219160K(222208K)->190800K(228864K)
[2024-08-29T23:14:28.852+0800] GC(101) ParOldGen: 675603K(1398272K)->803605K(1398272K)
[2024-08-29T23:14:28.852+0800] GC(101) Metaspace: 1647K(1792K)->1647K(1792K) NonClass: 1528K(1600K)->1528K(1600K) Class: 119K(192K)->119K(192K)
[2024-08-29T23:14:28.852+0800] GC(101) Pause Young (Allocation Failure) 1107M->971M(1824M) 53.975ms
[2024-08-29T23:14:28.852+0800] GC(101) User=0.43s Sys=0.00s Real=0.05s
[2024-08-29T23:14:28.959+0800] GC(102) Pause Young (Allocation Failure)
[2024-08-29T23:14:29.013+0800] GC(102) PSYoungGen: 428429K(470016K)->207427K(469504K) Eden: 237628K(241152K)->0K(243200K) From: 190800K(228864K)->207427K(226304K)
[2024-08-29T23:14:29.013+0800] GC(102) ParOldGen: 803605K(1398272K)->922156K(1398272K)
[2024-08-29T23:14:29.013+0800] GC(102) Metaspace: 1647K(1792K)->1647K(1792K) NonClass: 1528K(1600K)->1528K(1600K) Class: 119K(192K)->119K(192K)
[2024-08-29T23:14:29.013+0800] GC(102) Pause Young (Allocation Failure) 1203M->1103M(1824M) 54.085ms
[2024-08-29T23:14:29.013+0800] GC(102) User=0.42s Sys=0.00s Real=0.06s
[2024-08-29T23:14:29.134+0800] GC(103) Pause Young (Allocation Failure)
[2024-08-29T23:14:29.186+0800] GC(103) PSYoungGen: 449444K(469504K)->202548K(471040K) Eden: 242017K(243200K)->0K(243200K) From: 207427K(226304K)->202548K(227840K)
[2024-08-29T23:14:29.186+0800] GC(103) ParOldGen: 922156K(1398272K)->1044752K(1398272K)
[2024-08-29T23:14:29.186+0800] GC(103) Metaspace: 1647K(1792K)->1647K(1792K) NonClass: 1528K(1600K)->1528K(1600K) Class: 119K(192K)->119K(192K)
[2024-08-29T23:14:29.186+0800] GC(103) Pause Young (Allocation Failure) 1339M->1218M(1825M) 52.021ms
[2024-08-29T23:14:29.186+0800] GC(103) User=0.41s Sys=0.00s Real=0.05s
[2024-08-29T23:14:29.311+0800] GC(104) Pause Young (Allocation Failure)
[2024-08-29T23:14:29.366+0800] GC(104) PSYoungGen: 445029K(471040K)->200221K(474112K) Eden: 242481K(243200K)->0K(247296K) From: 202548K(227840K)->200221K(226816K)
[2024-08-29T23:14:29.366+0800] GC(104) ParOldGen: 1044752K(1398272K)->1190223K(1398272K)
[2024-08-29T23:14:29.366+0800] GC(104) Metaspace: 1647K(1792K)->1647K(1792K) NonClass: 1528K(1600K)->1528K(1600K) Class: 119K(192K)->119K(192K)
[2024-08-29T23:14:29.366+0800] GC(104) Pause Young (Allocation Failure) 1454M->1357M(1828M) 54.909ms
[2024-08-29T23:14:29.366+0800] GC(104) User=0.42s Sys=0.00s Real=0.06s
[2024-08-29T23:14:29.466+0800] GC(105) Pause Young (Allocation Failure)
[2024-08-29T23:14:29.520+0800] GC(105) PSYoungGen: 445943K(474112K)->207002K(472064K) Eden: 245721K(247296K)->0K(247296K) From: 200221K(226816K)->207002K(224768K)
[2024-08-29T23:14:29.520+0800] GC(105) ParOldGen: 1190223K(1398272K)->1323866K(1398272K)
[2024-08-29T23:14:29.520+0800] GC(105) Metaspace: 1647K(1792K)->1647K(1792K) NonClass: 1528K(1600K)->1528K(1600K) Class: 119K(192K)->119K(192K)
[2024-08-29T23:14:29.520+0800] GC(105) Pause Young (Allocation Failure) 1597M->1494M(1826M) 53.977ms
[2024-08-29T23:14:29.520+0800] GC(105) User=0.42s Sys=0.00s Real=0.05s
[2024-08-29T23:14:29.520+0800] GC(106) Pause Full (Ergonomics)
[2024-08-29T23:14:29.520+0800] GC(106) Marking Phase
[2024-08-29T23:14:29.522+0800] GC(106) Marking Phase 2.577ms
[2024-08-29T23:14:29.523+0800] GC(106) Summary Phase
[2024-08-29T23:14:29.523+0800] GC(106) Summary Phase 0.029ms
[2024-08-29T23:14:29.523+0800] GC(106) Adjust Roots
[2024-08-29T23:14:29.523+0800] GC(106) Adjust Roots 0.926ms
[2024-08-29T23:14:29.524+0800] GC(106) Compaction Phase
[2024-08-29T23:14:29.599+0800] GC(106) Compaction Phase 75.148ms
[2024-08-29T23:14:29.599+0800] GC(106) Post Compact
[2024-08-29T23:14:29.609+0800] GC(106) Post Compact 10.410ms
[2024-08-29T23:14:29.609+0800] GC(106) PSYoungGen: 207002K(472064K)->0K(473088K) Eden: 0K(247296K)->0K(247296K) From: 207002K(224768K)->0K(225792K)
[2024-08-29T23:14:29.609+0800] GC(106) ParOldGen: 1323866K(1398272K)->649069K(1398272K)
[2024-08-29T23:14:29.609+0800] GC(106) Metaspace: 1647K(1792K)->1647K(1792K) NonClass: 1528K(1600K)->1528K(1600K) Class: 119K(192K)->119K(192K)
[2024-08-29T23:14:29.609+0800] GC(106) Pause Full (Ergonomics) 1494M->633M(1827M) 89.496ms
[2024-08-29T23:14:29.609+0800] GC(106) User=0.61s Sys=0.00s Real=0.09s
[2024-08-29T23:14:29.718+0800] GC(107) Pause Young (Allocation Failure)
[2024-08-29T23:14:29.753+0800] GC(107) PSYoungGen: 247118K(473088K)->214799K(462336K) Eden: 247118K(247296K)->0K(247296K) From: 0K(225792K)->214799K(215040K)
[2024-08-29T23:14:29.753+0800] GC(107) ParOldGen: 649069K(1398272K)->649069K(1398272K)
[2024-08-29T23:14:29.753+0800] GC(107) Metaspace: 1647K(1792K)->1647K(1792K) NonClass: 1528K(1600K)->1528K(1600K) Class: 119K(192K)->119K(192K)
[2024-08-29T23:14:29.753+0800] GC(107) Pause Young (Allocation Failure) 875M->843M(1817M) 35.464ms
[2024-08-29T23:14:29.753+0800] GC(107) User=0.27s Sys=0.00s Real=0.04s
[2024-08-29T23:14:29.877+0800] GC(108) Pause Young (Allocation Failure)
[2024-08-29T23:14:29.932+0800] GC(108) PSYoungGen: 461297K(462336K)->183286K(470016K) Eden: 246498K(247296K)->0K(241152K) From: 214799K(215040K)->183286K(228864K)
[2024-08-29T23:14:29.932+0800] GC(108) ParOldGen: 649069K(1398272K)->801349K(1398272K)
[2024-08-29T23:14:29.932+0800] GC(108) Metaspace: 1647K(1792K)->1647K(1792K) NonClass: 1528K(1600K)->1528K(1600K) Class: 119K(192K)->119K(192K)
[2024-08-29T23:14:29.932+0800] GC(108) Pause Young (Allocation Failure) 1084M->961M(1824M) 55.648ms
[2024-08-29T23:14:29.932+0800] GC(108) User=0.43s Sys=0.00s Real=0.05s
[2024-08-29T23:14:30.034+0800] GC(109) Pause Young (Allocation Failure)
[2024-08-29T23:14:30.092+0800] GC(109) PSYoungGen: 423199K(470016K)->192325K(470016K) Eden: 239912K(241152K)->0K(241152K) From: 183286K(228864K)->192325K(228864K)
[2024-08-29T23:14:30.092+0800] GC(109) ParOldGen: 801349K(1398272K)->927133K(1398272K)
[2024-08-29T23:14:30.092+0800] GC(109) Metaspace: 1647K(1792K)->1647K(1792K) NonClass: 1528K(1600K)->1528K(1600K) Class: 119K(192K)->119K(192K)
[2024-08-29T23:14:30.092+0800] GC(109) Pause Young (Allocation Failure) 1195M->1093M(1824M) 57.673ms
[2024-08-29T23:14:30.092+0800] GC(109) User=0.44s Sys=0.00s Real=0.05s
[2024-08-29T23:14:30.202+0800] GC(110) Pause Young (Allocation Failure)
[2024-08-29T23:14:30.265+0800] GC(110) PSYoungGen: 431107K(470016K)->205364K(472064K) Eden: 238782K(241152K)->0K(244736K) From: 192325K(228864K)->205364K(227328K)
[2024-08-29T23:14:30.265+0800] GC(110) ParOldGen: 927133K(1398272K)->1059199K(1398272K)
[2024-08-29T23:14:30.265+0800] GC(110) Metaspace: 1647K(1792K)->1647K(1792K) NonClass: 1528K(1600K)->1528K(1600K) Class: 119K(192K)->119K(192K)
[2024-08-29T23:14:30.265+0800] GC(110) Pause Young (Allocation Failure) 1326M->1234M(1826M) 62.952ms
[2024-08-29T23:14:30.265+0800] GC(110) User=0.49s Sys=0.00s Real=0.07s
[2024-08-29T23:14:30.357+0800] GC(111) Pause Young (Allocation Failure)
[2024-08-29T23:14:30.426+0800] GC(111) PSYoungGen: 448163K(472064K)->209877K(454656K) Eden: 242799K(244736K)->0K(244736K) From: 205364K(227328K)->209877K(209920K)
[2024-08-29T23:14:30.427+0800] GC(111) ParOldGen: 1059199K(1398272K)->1221023K(1398272K)
[2024-08-29T23:14:30.427+0800] GC(111) Metaspace: 1647K(1792K)->1647K(1792K) NonClass: 1528K(1600K)->1528K(1600K) Class: 119K(192K)->119K(192K)
[2024-08-29T23:14:30.427+0800] GC(111) Pause Young (Allocation Failure) 1472M->1397M(1809M) 69.058ms
[2024-08-29T23:14:30.427+0800] GC(111) User=0.54s Sys=0.00s Real=0.07s
[2024-08-29T23:14:30.427+0800] GC(112) Pause Full (Ergonomics)
[2024-08-29T23:14:30.427+0800] GC(112) Marking Phase
[2024-08-29T23:14:30.430+0800] GC(112) Marking Phase 3.037ms
[2024-08-29T23:14:30.430+0800] GC(112) Summary Phase
[2024-08-29T23:14:30.430+0800] GC(112) Summary Phase 0.031ms
[2024-08-29T23:14:30.430+0800] GC(112) Adjust Roots
[2024-08-29T23:14:30.431+0800] GC(112) Adjust Roots 1.185ms
[2024-08-29T23:14:30.431+0800] GC(112) Compaction Phase
[2024-08-29T23:14:30.516+0800] GC(112) Compaction Phase 84.709ms
[2024-08-29T23:14:30.516+0800] GC(112) Post Compact
[2024-08-29T23:14:30.526+0800] GC(112) Post Compact 9.674ms
[2024-08-29T23:14:30.526+0800] GC(112) PSYoungGen: 209877K(454656K)->0K(470528K) Eden: 0K(244736K)->0K(242176K) From: 209877K(209920K)->0K(228352K)
[2024-08-29T23:14:30.526+0800] GC(112) ParOldGen: 1221023K(1398272K)->666389K(1398272K)
[2024-08-29T23:14:30.526+0800] GC(112) Metaspace: 1647K(1792K)->1647K(1792K) NonClass: 1528K(1600K)->1528K(1600K) Class: 119K(192K)->119K(192K)
[2024-08-29T23:14:30.526+0800] GC(112) Pause Full (Ergonomics) 1397M->650M(1825M) 99.148ms
[2024-08-29T23:14:30.526+0800] GC(112) User=0.68s Sys=0.00s Real=0.10s
[2024-08-29T23:14:30.619+0800] GC(113) Pause Young (Allocation Failure)
[2024-08-29T23:14:30.657+0800] GC(113) PSYoungGen: 239377K(470528K)->199655K(470528K) Eden: 239377K(242176K)->0K(242176K) From: 0K(228352K)->199655K(228352K)
[2024-08-29T23:14:30.657+0800] GC(113) ParOldGen: 666389K(1398272K)->666389K(1398272K)
[2024-08-29T23:14:30.657+0800] GC(113) Metaspace: 1647K(1792K)->1647K(1792K) NonClass: 1528K(1600K)->1528K(1600K) Class: 119K(192K)->119K(192K)
[2024-08-29T23:14:30.657+0800] GC(113) Pause Young (Allocation Failure) 884M->845M(1825M) 38.084ms
[2024-08-29T23:14:30.657+0800] GC(113) User=0.29s Sys=0.00s Real=0.04s
[2024-08-29T23:14:30.760+0800] GC(114) Pause Young (Allocation Failure)
[2024-08-29T23:14:30.821+0800] GC(114) PSYoungGen: 440113K(470528K)->215797K(466432K) Eden: 240458K(242176K)->0K(241152K) From: 199655K(228352K)->215797K(225280K)
[2024-08-29T23:14:30.822+0800] GC(114) ParOldGen: 666389K(1398272K)->814629K(1398272K)
[2024-08-29T23:14:30.822+0800] GC(114) Metaspace: 1647K(1792K)->1647K(1792K) NonClass: 1528K(1600K)->1528K(1600K) Class: 119K(192K)->119K(192K)
[2024-08-29T23:14:30.822+0800] GC(114) Pause Young (Allocation Failure) 1080M->1006M(1821M) 61.439ms
[2024-08-29T23:14:30.822+0800] GC(114) User=0.48s Sys=0.00s Real=0.06s
[2024-08-29T23:14:30.927+0800] GC(115) Pause Young (Allocation Failure)
[2024-08-29T23:14:30.979+0800] GC(115) PSYoungGen: 455944K(466432K)->195596K(470016K) Eden: 240146K(241152K)->0K(241152K) From: 215797K(225280K)->195596K(228864K)
[2024-08-29T23:14:30.979+0800] GC(115) ParOldGen: 814629K(1398272K)->953755K(1398272K)
[2024-08-29T23:14:30.979+0800] GC(115) Metaspace: 1647K(1792K)->1647K(1792K) NonClass: 1528K(1600K)->1528K(1600K) Class: 119K(192K)->119K(192K)
[2024-08-29T23:14:30.979+0800] GC(115) Pause Young (Allocation Failure) 1240M->1122M(1824M) 52.674ms
[2024-08-29T23:14:30.979+0800] GC(115) User=0.41s Sys=0.00s Real=0.05s
[2024-08-29T23:14:31.085+0800] GC(116) Pause Young (Allocation Failure)
[2024-08-29T23:14:31.140+0800] GC(116) PSYoungGen: 432607K(470016K)->208350K(471552K) Eden: 237010K(241152K)->0K(244224K) From: 195596K(228864K)->208350K(227328K)
[2024-08-29T23:14:31.141+0800] GC(116) ParOldGen: 953755K(1398272K)->1081997K(1398272K)
[2024-08-29T23:14:31.141+0800] GC(116) Metaspace: 1647K(1792K)->1647K(1792K) NonClass: 1528K(1600K)->1528K(1600K) Class: 119K(192K)->119K(192K)
[2024-08-29T23:14:31.141+0800] GC(116) Pause Young (Allocation Failure) 1353M->1260M(1826M) 55.211ms
[2024-08-29T23:14:31.141+0800] GC(116) User=0.43s Sys=0.00s Real=0.05s
[2024-08-29T23:14:31.234+0800] GC(117) Pause Young (Allocation Failure)
[2024-08-29T23:14:31.294+0800] GC(117) PSYoungGen: 449885K(471552K)->213798K(458240K) Eden: 241534K(244224K)->0K(244224K) From: 208350K(227328K)->213798K(214016K)
[2024-08-29T23:14:31.294+0800] GC(117) ParOldGen: 1081997K(1398272K)->1231742K(1398272K)
[2024-08-29T23:14:31.294+0800] GC(117) Metaspace: 1647K(1792K)->1647K(1792K) NonClass: 1528K(1600K)->1528K(1600K) Class: 119K(192K)->119K(192K)
[2024-08-29T23:14:31.294+0800] GC(117) Pause Young (Allocation Failure) 1495M->1411M(1813M) 60.862ms
[2024-08-29T23:14:31.295+0800] GC(117) User=0.47s Sys=0.00s Real=0.06s
[2024-08-29T23:14:31.295+0800] GC(118) Pause Full (Ergonomics)
[2024-08-29T23:14:31.295+0800] GC(118) Marking Phase
[2024-08-29T23:14:31.297+0800] GC(118) Marking Phase 2.828ms
[2024-08-29T23:14:31.297+0800] GC(118) Summary Phase
[2024-08-29T23:14:31.297+0800] GC(118) Summary Phase 0.039ms
[2024-08-29T23:14:31.297+0800] GC(118) Adjust Roots
[2024-08-29T23:14:31.299+0800] GC(118) Adjust Roots 1.352ms
[2024-08-29T23:14:31.299+0800] GC(118) Compaction Phase
[2024-08-29T23:14:31.381+0800] GC(118) Compaction Phase 82.314ms
[2024-08-29T23:14:31.381+0800] GC(118) Post Compact
[2024-08-29T23:14:31.388+0800] GC(118) Post Compact 7.192ms
[2024-08-29T23:14:31.389+0800] GC(118) PSYoungGen: 213798K(458240K)->0K(469504K) Eden: 0K(244224K)->0K(240128K) From: 213798K(214016K)->0K(229376K)
[2024-08-29T23:14:31.389+0800] GC(118) ParOldGen: 1231742K(1398272K)->747004K(1398272K)
[2024-08-29T23:14:31.389+0800] GC(118) Metaspace: 1647K(1792K)->1647K(1792K) NonClass: 1528K(1600K)->1528K(1600K) Class: 119K(192K)->119K(192K)
[2024-08-29T23:14:31.389+0800] GC(118) Pause Full (Ergonomics) 1411M->729M(1824M) 94.325ms
[2024-08-29T23:14:31.389+0800] GC(118) User=0.67s Sys=0.00s Real=0.09s
[2024-08-29T23:14:31.525+0800] GC(119) Pause Young (Allocation Failure)
[2024-08-29T23:14:31.559+0800] GC(119) PSYoungGen: 239757K(469504K)->172838K(413184K) Eden: 239757K(240128K)->0K(240128K) From: 0K(229376K)->172838K(173056K)
[2024-08-29T23:14:31.559+0800] GC(119) ParOldGen: 747004K(1398272K)->747004K(1398272K)
[2024-08-29T23:14:31.559+0800] GC(119) Metaspace: 1647K(1792K)->1647K(1792K) NonClass: 1528K(1600K)->1528K(1600K) Class: 119K(192K)->119K(192K)
[2024-08-29T23:14:31.559+0800] GC(119) Pause Young (Allocation Failure) 963M->898M(1769M) 34.677ms
[2024-08-29T23:14:31.559+0800] GC(119) User=0.27s Sys=0.00s Real=0.03s
[2024-08-29T23:14:31.669+0800] GC(120) Pause Young (Allocation Failure)
[2024-08-29T23:14:31.724+0800] GC(120) PSYoungGen: 412571K(413184K)->208182K(466944K) Eden: 239732K(240128K)->0K(235008K) From: 172838K(173056K)->208182K(231936K)
[2024-08-29T23:14:31.725+0800] GC(120) ParOldGen: 747004K(1398272K)->852040K(1398272K)
[2024-08-29T23:14:31.725+0800] GC(120) Metaspace: 1647K(1792K)->1647K(1792K) NonClass: 1528K(1600K)->1528K(1600K) Class: 119K(192K)->119K(192K)
[2024-08-29T23:14:31.725+0800] GC(120) Pause Young (Allocation Failure) 1132M->1035M(1821M) 56.004ms
[2024-08-29T23:14:31.725+0800] GC(120) User=0.43s Sys=0.00s Real=0.06s
[2024-08-29T23:14:31.831+0800] GC(121) Pause Young (Allocation Failure)
[2024-08-29T23:14:31.894+0800] GC(121) PSYoungGen: 443053K(466944K)->208799K(466944K) Eden: 234871K(235008K)->0K(235008K) From: 208182K(231936K)->208799K(231936K)
[2024-08-29T23:14:31.895+0800] GC(121) ParOldGen: 852040K(1398272K)->968479K(1398272K)
[2024-08-29T23:14:31.895+0800] GC(121) Metaspace: 1647K(1792K)->1647K(1792K) NonClass: 1528K(1600K)->1528K(1600K) Class: 119K(192K)->119K(192K)
[2024-08-29T23:14:31.895+0800] GC(121) Pause Young (Allocation Failure) 1264M->1149M(1821M) 63.928ms
[2024-08-29T23:14:31.895+0800] GC(121) User=0.50s Sys=0.00s Real=0.07s
[2024-08-29T23:14:31.998+0800] GC(122) Pause Young (Allocation Failure)
[2024-08-29T23:14:32.051+0800] GC(122) PSYoungGen: 443203K(466944K)->210730K(466432K) Eden: 234403K(235008K)->0K(235008K) From: 208799K(231936K)->210730K(231424K)
[2024-08-29T23:14:32.052+0800] GC(122) ParOldGen: 968479K(1398272K)->1083447K(1398272K)
[2024-08-29T23:14:32.052+0800] GC(122) Metaspace: 1647K(1792K)->1647K(1792K) NonClass: 1528K(1600K)->1528K(1600K) Class: 119K(192K)->119K(192K)
[2024-08-29T23:14:32.052+0800] GC(122) Pause Young (Allocation Failure) 1378M->1263M(1821M) 53.882ms
[2024-08-29T23:14:32.052+0800] GC(122) User=0.42s Sys=0.00s Real=0.05s
[2024-08-29T23:14:32.166+0800] GC(123) Pause Young (Allocation Failure)
[2024-08-29T23:14:32.218+0800] GC(123) PSYoungGen: 443060K(466432K)->187033K(466944K) Eden: 232329K(235008K)->0K(235008K) From: 210730K(231424K)->187033K(231936K)
[2024-08-29T23:14:32.218+0800] GC(123) ParOldGen: 1083447K(1398272K)->1211023K(1398272K)
[2024-08-29T23:14:32.218+0800] GC(123) Metaspace: 1647K(1792K)->1647K(1792K) NonClass: 1528K(1600K)->1528K(1600K) Class: 119K(192K)->119K(192K)
[2024-08-29T23:14:32.218+0800] GC(123) Pause Young (Allocation Failure) 1490M->1365M(1821M) 51.885ms
[2024-08-29T23:14:32.218+0800] GC(123) User=0.41s Sys=0.00s Real=0.05s
[2024-08-29T23:14:32.311+0800] GC(124) Pause Young (Allocation Failure)
[2024-08-29T23:14:32.365+0800] GC(124) PSYoungGen: 420695K(466944K)->195148K(468992K) Eden: 233662K(235008K)->0K(237056K) From: 187033K(231936K)->195148K(231936K)
[2024-08-29T23:14:32.365+0800] GC(124) ParOldGen: 1211023K(1398272K)->1331325K(1398272K)
[2024-08-29T23:14:32.365+0800] GC(124) Metaspace: 1647K(1792K)->1647K(1792K) NonClass: 1528K(1600K)->1528K(1600K) Class: 119K(192K)->119K(192K)
[2024-08-29T23:14:32.365+0800] GC(124) Pause Young (Allocation Failure) 1593M->1490M(1823M) 54.149ms
[2024-08-29T23:14:32.365+0800] GC(124) User=0.42s Sys=0.00s Real=0.06s
[2024-08-29T23:14:32.365+0800] GC(125) Pause Full (Ergonomics)
[2024-08-29T23:14:32.365+0800] GC(125) Marking Phase
[2024-08-29T23:14:32.368+0800] GC(125) Marking Phase 2.637ms
[2024-08-29T23:14:32.368+0800] GC(125) Summary Phase
[2024-08-29T23:14:32.368+0800] GC(125) Summary Phase 0.043ms
[2024-08-29T23:14:32.368+0800] GC(125) Adjust Roots
[2024-08-29T23:14:32.369+0800] GC(125) Adjust Roots 0.720ms
[2024-08-29T23:14:32.369+0800] GC(125) Compaction Phase
[2024-08-29T23:14:32.435+0800] GC(125) Compaction Phase 66.325ms
[2024-08-29T23:14:32.435+0800] GC(125) Post Compact
[2024-08-29T23:14:32.443+0800] GC(125) Post Compact 7.961ms
[2024-08-29T23:14:32.443+0800] GC(125) PSYoungGen: 195148K(468992K)->0K(466944K) Eden: 0K(237056K)->0K(237056K) From: 195148K(231936K)->0K(229888K)
[2024-08-29T23:14:32.443+0800] GC(125) ParOldGen: 1331325K(1398272K)->583703K(1398272K)
[2024-08-29T23:14:32.443+0800] GC(125) Metaspace: 1647K(1792K)->1647K(1792K) NonClass: 1528K(1600K)->1528K(1600K) Class: 119K(192K)->119K(192K)
[2024-08-29T23:14:32.443+0800] GC(125) Pause Full (Ergonomics) 1490M->570M(1821M) 78.035ms
[2024-08-29T23:14:32.443+0800] GC(125) User=0.54s Sys=0.00s Real=0.08s
[2024-08-29T23:14:32.537+0800] GC(126) Pause Young (Allocation Failure)
[2024-08-29T23:14:32.571+0800] GC(126) PSYoungGen: 232951K(466944K)->213173K(465920K) Eden: 232951K(237056K)->0K(236032K) From: 0K(229888K)->213173K(229888K)
[2024-08-29T23:14:32.571+0800] GC(126) ParOldGen: 583703K(1398272K)->583703K(1398272K)
[2024-08-29T23:14:32.571+0800] GC(126) Metaspace: 1647K(1792K)->1647K(1792K) NonClass: 1528K(1600K)->1528K(1600K) Class: 119K(192K)->119K(192K)
[2024-08-29T23:14:32.571+0800] GC(126) Pause Young (Allocation Failure) 797M->778M(1820M) 34.913ms
[2024-08-29T23:14:32.571+0800] GC(126) User=0.27s Sys=0.00s Real=0.03s
[2024-08-29T23:14:32.675+0800] GC(127) Pause Young (Allocation Failure)
[2024-08-29T23:14:32.734+0800] GC(127) PSYoungGen: 447181K(465920K)->187556K(467456K) Eden: 234007K(236032K)->0K(236032K) From: 213173K(229888K)->187556K(231424K)
[2024-08-29T23:14:32.734+0800] GC(127) ParOldGen: 583703K(1398272K)->743799K(1398272K)
[2024-08-29T23:14:32.734+0800] GC(127) Metaspace: 1647K(1792K)->1647K(1792K) NonClass: 1528K(1600K)->1528K(1600K) Class: 119K(192K)->119K(192K)
[2024-08-29T23:14:32.734+0800] GC(127) Pause Young (Allocation Failure) 1006M->909M(1822M) 59.463ms
[2024-08-29T23:14:32.734+0800] GC(127) User=0.46s Sys=0.00s Real=0.06s
[2024-08-29T23:14:32.823+0800] GC(128) Pause Young (Allocation Failure)
[2024-08-29T23:14:32.880+0800] GC(128) PSYoungGen: 419910K(467456K)->186598K(468480K) Eden: 232353K(236032K)->0K(237568K) From: 187556K(231424K)->186598K(230912K)
[2024-08-29T23:14:32.880+0800] GC(128) ParOldGen: 743799K(1398272K)->880094K(1398272K)
[2024-08-29T23:14:32.880+0800] GC(128) Metaspace: 1647K(1792K)->1647K(1792K) NonClass: 1528K(1600K)->1528K(1600K) Class: 119K(192K)->119K(192K)
[2024-08-29T23:14:32.880+0800] GC(128) Pause Young (Allocation Failure) 1136M->1041M(1823M) 56.934ms
[2024-08-29T23:14:32.880+0800] GC(128) User=0.45s Sys=0.00s Real=0.05s
[2024-08-29T23:14:33.004+0800] GC(129) Pause Young (Allocation Failure)
[2024-08-29T23:14:33.057+0800] GC(129) PSYoungGen: 423220K(468480K)->184477K(467968K) Eden: 236621K(237568K)->0K(237568K) From: 186598K(230912K)->184477K(230400K)
[2024-08-29T23:14:33.057+0800] GC(129) ParOldGen: 880094K(1398272K)->1016573K(1398272K)
[2024-08-29T23:14:33.057+0800] GC(129) Metaspace: 1647K(1792K)->1647K(1792K) NonClass: 1528K(1600K)->1528K(1600K) Class: 119K(192K)->119K(192K)
[2024-08-29T23:14:33.057+0800] GC(129) Pause Young (Allocation Failure) 1272M->1172M(1822M) 53.627ms
[2024-08-29T23:14:33.057+0800] GC(129) User=0.42s Sys=0.00s Real=0.05s
[2024-08-29T23:14:33.149+0800] GC(130) Pause Young (Allocation Failure)
[2024-08-29T23:14:33.209+0800] GC(130) PSYoungGen: 421520K(467968K)->209610K(466432K) Eden: 237043K(237568K)->0K(237056K) From: 184477K(230400K)->209610K(229376K)
[2024-08-29T23:14:33.209+0800] GC(130) ParOldGen: 1016573K(1398272K)->1164876K(1398272K)
[2024-08-29T23:14:33.209+0800] GC(130) Metaspace: 1647K(1792K)->1647K(1792K) NonClass: 1528K(1600K)->1528K(1600K) Class: 119K(192K)->119K(192K)
[2024-08-29T23:14:33.209+0800] GC(130) Pause Young (Allocation Failure) 1404M->1342M(1821M) 60.288ms
[2024-08-29T23:14:33.209+0800] GC(130) User=0.47s Sys=0.00s Real=0.06s
[2024-08-29T23:14:33.304+0800] GC(131) Pause Young (Allocation Failure)
[2024-08-29T23:14:33.365+0800] GC(131) PSYoungGen: 444871K(466432K)->221292K(458752K) Eden: 235261K(237056K)->0K(237056K) From: 209610K(229376K)->221292K(221696K)
[2024-08-29T23:14:33.365+0800] GC(131) ParOldGen: 1164876K(1398272K)->1319189K(1398272K)
[2024-08-29T23:14:33.366+0800] GC(131) Metaspace: 1647K(1792K)->1647K(1792K) NonClass: 1528K(1600K)->1528K(1600K) Class: 119K(192K)->119K(192K)
[2024-08-29T23:14:33.366+0800] GC(131) Pause Young (Allocation Failure) 1572M->1504M(1813M) 61.782ms
[2024-08-29T23:14:33.366+0800] GC(131) User=0.48s Sys=0.00s Real=0.06s
[2024-08-29T23:14:33.366+0800] GC(132) Pause Full (Ergonomics)
[2024-08-29T23:14:33.366+0800] GC(132) Marking Phase
[2024-08-29T23:14:33.368+0800] GC(132) Marking Phase 2.431ms
[2024-08-29T23:14:33.368+0800] GC(132) Summary Phase
[2024-08-29T23:14:33.368+0800] GC(132) Summary Phase 0.032ms
[2024-08-29T23:14:33.368+0800] GC(132) Adjust Roots
[2024-08-29T23:14:33.369+0800] GC(132) Adjust Roots 1.014ms
[2024-08-29T23:14:33.369+0800] GC(132) Compaction Phase
[2024-08-29T23:14:33.454+0800] GC(132) Compaction Phase 84.506ms
[2024-08-29T23:14:33.454+0800] GC(132) Post Compact
[2024-08-29T23:14:33.461+0800] GC(132) Post Compact 7.563ms
[2024-08-29T23:14:33.461+0800] GC(132) PSYoungGen: 221292K(458752K)->0K(465920K) Eden: 0K(237056K)->0K(232960K) From: 221292K(221696K)->0K(232960K)
[2024-08-29T23:14:33.461+0800] GC(132) ParOldGen: 1319189K(1398272K)->743026K(1398272K)
[2024-08-29T23:14:33.461+0800] GC(132) Metaspace: 1647K(1792K)->1647K(1792K) NonClass: 1528K(1600K)->1528K(1600K) Class: 119K(192K)->119K(192K)
[2024-08-29T23:14:33.462+0800] GC(132) Pause Full (Ergonomics) 1504M->725M(1820M) 95.869ms
[2024-08-29T23:14:33.462+0800] GC(132) User=0.69s Sys=0.00s Real=0.09s
[2024-08-29T23:14:33.551+0800] GC(133) Pause Young (Allocation Failure)
[2024-08-29T23:14:33.582+0800] GC(133) PSYoungGen: 231575K(465920K)->199838K(465920K) Eden: 231575K(232960K)->0K(232960K) From: 0K(232960K)->199838K(232960K)
[2024-08-29T23:14:33.582+0800] GC(133) ParOldGen: 743026K(1398272K)->743026K(1398272K)
[2024-08-29T23:14:33.582+0800] GC(133) Metaspace: 1647K(1792K)->1647K(1792K) NonClass: 1528K(1600K)->1528K(1600K) Class: 119K(192K)->119K(192K)
[2024-08-29T23:14:33.582+0800] GC(133) Pause Young (Allocation Failure) 951M->920M(1820M) 31.176ms
[2024-08-29T23:14:33.582+0800] GC(133) User=0.24s Sys=0.00s Real=0.03s
[2024-08-29T23:14:33.679+0800] GC(134) Pause Young (Allocation Failure)
[2024-08-29T23:14:33.736+0800] GC(134) PSYoungGen: 432730K(465920K)->197459K(468992K) Eden: 232891K(232960K)->0K(236032K) From: 199838K(232960K)->197459K(232960K)
[2024-08-29T23:14:33.736+0800] GC(134) ParOldGen: 743026K(1398272K)->895915K(1398272K)
[2024-08-29T23:14:33.736+0800] GC(134) Metaspace: 1647K(1792K)->1647K(1792K) NonClass: 1528K(1600K)->1528K(1600K) Class: 119K(192K)->119K(192K)
[2024-08-29T23:14:33.736+0800] GC(134) Pause Young (Allocation Failure) 1148M->1067M(1823M) 57.467ms
[2024-08-29T23:14:33.736+0800] GC(134) User=0.45s Sys=0.00s Real=0.06s
[2024-08-29T23:14:33.837+0800] GC(135) Pause Young (Allocation Failure)
[2024-08-29T23:14:33.891+0800] GC(135) PSYoungGen: 431971K(468992K)->184530K(465920K) Eden: 234511K(236032K)->0K(236032K) From: 197459K(232960K)->184530K(229888K)
[2024-08-29T23:14:33.891+0800] GC(135) ParOldGen: 895915K(1398272K)->1023614K(1398272K)
[2024-08-29T23:14:33.891+0800] GC(135) Metaspace: 1647K(1792K)->1647K(1792K) NonClass: 1528K(1600K)->1528K(1600K) Class: 119K(192K)->119K(192K)
[2024-08-29T23:14:33.892+0800] GC(135) Pause Young (Allocation Failure) 1296M->1179M(1820M) 54.155ms
[2024-08-29T23:14:33.892+0800] GC(135) User=0.42s Sys=0.00s Real=0.05s
[2024-08-29T23:14:33.992+0800] GC(136) Pause Young (Allocation Failure)
[2024-08-29T23:14:34.055+0800] GC(136) PSYoungGen: 420505K(465920K)->211454K(465920K) Eden: 235975K(236032K)->0K(236032K) From: 184530K(229888K)->211454K(229888K)
[2024-08-29T23:14:34.055+0800] GC(136) ParOldGen: 1023614K(1398272K)->1162567K(1398272K)
[2024-08-29T23:14:34.055+0800] GC(136) Metaspace: 1647K(1792K)->1647K(1792K) NonClass: 1528K(1600K)->1528K(1600K) Class: 119K(192K)->119K(192K)
[2024-08-29T23:14:34.055+0800] GC(136) Pause Young (Allocation Failure) 1410M->1341M(1820M) 63.212ms
[2024-08-29T23:14:34.055+0800] GC(136) User=0.50s Sys=0.00s Real=0.07s
[2024-08-29T23:14:34.148+0800] GC(137) Pause Young (Allocation Failure)
[2024-08-29T23:14:34.215+0800] GC(137) PSYoungGen: 447136K(465920K)->198037K(467456K) Eden: 235681K(236032K)->0K(236032K) From: 211454K(229888K)->198037K(231424K)
[2024-08-29T23:14:34.215+0800] GC(137) ParOldGen: 1162567K(1398272K)->1328486K(1398272K)
[2024-08-29T23:14:34.215+0800] GC(137) Metaspace: 1647K(1792K)->1647K(1792K) NonClass: 1528K(1600K)->1528K(1600K) Class: 119K(192K)->119K(192K)
[2024-08-29T23:14:34.215+0800] GC(137) Pause Young (Allocation Failure) 1571M->1490M(1822M) 67.316ms
[2024-08-29T23:14:34.215+0800] GC(137) User=0.52s Sys=0.00s Real=0.07s
[2024-08-29T23:14:34.216+0800] GC(138) Pause Full (Ergonomics)
[2024-08-29T23:14:34.216+0800] GC(138) Marking Phase
[2024-08-29T23:14:34.221+0800] GC(138) Marking Phase 5.510ms
[2024-08-29T23:14:34.221+0800] GC(138) Summary Phase
[2024-08-29T23:14:34.221+0800] GC(138) Summary Phase 0.052ms
[2024-08-29T23:14:34.221+0800] GC(138) Adjust Roots
[2024-08-29T23:14:34.222+0800] GC(138) Adjust Roots 1.079ms
[2024-08-29T23:14:34.222+0800] GC(138) Compaction Phase
[2024-08-29T23:14:34.302+0800] GC(138) Compaction Phase 79.509ms
[2024-08-29T23:14:34.302+0800] GC(138) Post Compact
[2024-08-29T23:14:34.309+0800] GC(138) Post Compact 7.505ms
[2024-08-29T23:14:34.310+0800] GC(138) PSYoungGen: 198037K(467456K)->0K(470016K) Eden: 0K(236032K)->0K(241152K) From: 198037K(231424K)->0K(228864K)
[2024-08-29T23:14:34.310+0800] GC(138) ParOldGen: 1328486K(1398272K)->745811K(1398272K)
[2024-08-29T23:14:34.310+0800] GC(138) Metaspace: 1647K(1792K)->1647K(1792K) NonClass: 1528K(1600K)->1528K(1600K) Class: 119K(192K)->119K(192K)
[2024-08-29T23:14:34.310+0800] GC(138) Pause Full (Ergonomics) 1490M->728M(1824M) 94.077ms
[2024-08-29T23:14:34.310+0800] GC(138) User=0.66s Sys=0.00s Real=0.09s
[2024-08-29T23:14:34.418+0800] GC(139) Pause Young (Allocation Failure)
[2024-08-29T23:14:34.454+0800] GC(139) PSYoungGen: 238646K(470016K)->200190K(470016K) Eden: 238646K(241152K)->0K(241152K) From: 0K(228864K)->200190K(228864K)
[2024-08-29T23:14:34.454+0800] GC(139) ParOldGen: 745811K(1398272K)->745811K(1398272K)
[2024-08-29T23:14:34.454+0800] GC(139) Metaspace: 1647K(1792K)->1647K(1792K) NonClass: 1528K(1600K)->1528K(1600K) Class: 119K(192K)->119K(192K)
[2024-08-29T23:14:34.454+0800] GC(139) Pause Young (Allocation Failure) 961M->923M(1824M) 36.490ms
[2024-08-29T23:14:34.454+0800] GC(139) User=0.28s Sys=0.00s Real=0.04s
[2024-08-29T23:14:34.551+0800] GC(140) Pause Young (Allocation Failure)
[2024-08-29T23:14:34.612+0800] GC(140) PSYoungGen: 440330K(470016K)->194704K(474624K) Eden: 240140K(241152K)->0K(248832K) From: 200190K(228864K)->194704K(225792K)
[2024-08-29T23:14:34.612+0800] GC(140) ParOldGen: 745811K(1398272K)->889574K(1398272K)
[2024-08-29T23:14:34.613+0800] GC(140) Metaspace: 1647K(1792K)->1647K(1792K) NonClass: 1528K(1600K)->1528K(1600K) Class: 119K(192K)->119K(192K)
[2024-08-29T23:14:34.613+0800] GC(140) Pause Young (Allocation Failure) 1158M->1058M(1829M) 61.161ms
[2024-08-29T23:14:34.613+0800] GC(140) User=0.47s Sys=0.00s Real=0.07s
[2024-08-29T23:14:34.733+0800] GC(141) Pause Young (Allocation Failure)
[2024-08-29T23:14:34.785+0800] GC(141) PSYoungGen: 441981K(474624K)->191837K(473088K) Eden: 247277K(248832K)->0K(248832K) From: 194704K(225792K)->191837K(224256K)
[2024-08-29T23:14:34.785+0800] GC(141) ParOldGen: 889574K(1398272K)->1021158K(1398272K)
[2024-08-29T23:14:34.785+0800] GC(141) Metaspace: 1647K(1792K)->1647K(1792K) NonClass: 1528K(1600K)->1528K(1600K) Class: 119K(192K)->119K(192K)
[2024-08-29T23:14:34.785+0800] GC(141) Pause Young (Allocation Failure) 1300M->1184M(1827M) 52.055ms
[2024-08-29T23:14:34.785+0800] GC(141) User=0.40s Sys=0.00s Real=0.05s
[2024-08-29T23:14:34.907+0800] GC(142) Pause Young (Allocation Failure)
[2024-08-29T23:14:34.959+0800] GC(142) PSYoungGen: 438690K(473088K)->185958K(476160K) Eden: 246853K(248832K)->0K(252928K) From: 191837K(224256K)->185958K(223232K)
[2024-08-29T23:14:34.959+0800] GC(142) ParOldGen: 1021158K(1398272K)->1154910K(1398272K)
[2024-08-29T23:14:34.959+0800] GC(142) Metaspace: 1647K(1792K)->1647K(1792K) NonClass: 1528K(1600K)->1528K(1600K) Class: 119K(192K)->119K(192K)
[2024-08-29T23:14:34.959+0800] GC(142) Pause Young (Allocation Failure) 1425M->1309M(1830M) 52.343ms
[2024-08-29T23:14:34.959+0800] GC(142) User=0.41s Sys=0.00s Real=0.05s
[2024-08-29T23:14:35.054+0800] GC(143) Pause Young (Allocation Failure)
[2024-08-29T23:14:35.108+0800] GC(143) PSYoungGen: 434866K(476160K)->205747K(475648K) Eden: 248908K(252928K)->0K(252928K) From: 185958K(223232K)->205747K(222720K)
[2024-08-29T23:14:35.108+0800] GC(143) ParOldGen: 1154910K(1398272K)->1284759K(1398272K)
[2024-08-29T23:14:35.108+0800] GC(143) Metaspace: 1647K(1792K)->1647K(1792K) NonClass: 1528K(1600K)->1528K(1600K) Class: 119K(192K)->119K(192K)
[2024-08-29T23:14:35.108+0800] GC(143) Pause Young (Allocation Failure) 1552M->1455M(1830M) 54.208ms
[2024-08-29T23:14:35.108+0800] GC(143) User=0.42s Sys=0.00s Real=0.05s
[2024-08-29T23:14:35.108+0800] GC(144) Pause Full (Ergonomics)
[2024-08-29T23:14:35.108+0800] GC(144) Marking Phase
[2024-08-29T23:14:35.110+0800] GC(144) Marking Phase 2.516ms
[2024-08-29T23:14:35.110+0800] GC(144) Summary Phase
[2024-08-29T23:14:35.110+0800] GC(144) Summary Phase 0.027ms
[2024-08-29T23:14:35.110+0800] GC(144) Adjust Roots
[2024-08-29T23:14:35.111+0800] GC(144) Adjust Roots 0.683ms
[2024-08-29T23:14:35.111+0800] GC(144) Compaction Phase
[2024-08-29T23:14:35.186+0800] GC(144) Compaction Phase 74.975ms
[2024-08-29T23:14:35.186+0800] GC(144) Post Compact
[2024-08-29T23:14:35.196+0800] GC(144) Post Compact 9.464ms
[2024-08-29T23:14:35.196+0800] GC(144) PSYoungGen: 205747K(475648K)->0K(475648K) Eden: 0K(252928K)->0K(252416K) From: 205747K(222720K)->0K(223232K)
[2024-08-29T23:14:35.196+0800] GC(144) ParOldGen: 1284759K(1398272K)->683331K(1398272K)
[2024-08-29T23:14:35.196+0800] GC(144) Metaspace: 1647K(1792K)->1647K(1792K) NonClass: 1528K(1600K)->1528K(1600K) Class: 119K(192K)->119K(192K)
[2024-08-29T23:14:35.196+0800] GC(144) Pause Full (Ergonomics) 1455M->667M(1830M) 88.109ms
[2024-08-29T23:14:35.196+0800] GC(144) User=0.61s Sys=0.00s Real=0.09s
[2024-08-29T23:14:35.318+0800] GC(145) Pause Young (Allocation Failure)
[2024-08-29T23:14:35.355+0800] GC(145) PSYoungGen: 250280K(475648K)->198205K(475648K) Eden: 250280K(252416K)->0K(252416K) From: 0K(223232K)->198205K(223232K)
[2024-08-29T23:14:35.355+0800] GC(145) ParOldGen: 683331K(1398272K)->683331K(1398272K)
[2024-08-29T23:14:35.356+0800] GC(145) Metaspace: 1647K(1792K)->1647K(1792K) NonClass: 1528K(1600K)->1528K(1600K) Class: 119K(192K)->119K(192K)
[2024-08-29T23:14:35.356+0800] GC(145) Pause Young (Allocation Failure) 911M->860M(1830M) 37.292ms
[2024-08-29T23:14:35.356+0800] GC(145) User=0.28s Sys=0.00s Real=0.04s
[2024-08-29T23:14:35.457+0800] GC(146) Pause Young (Allocation Failure)
[2024-08-29T23:14:35.518+0800] GC(146) PSYoungGen: 447162K(475648K)->218601K(466944K) Eden: 248956K(252416K)->0K(246272K) From: 198205K(223232K)->218601K(220672K)
[2024-08-29T23:14:35.519+0800] GC(146) ParOldGen: 683331K(1398272K)->840085K(1398272K)
[2024-08-29T23:14:35.519+0800] GC(146) Metaspace: 1647K(1792K)->1647K(1792K) NonClass: 1528K(1600K)->1528K(1600K) Class: 119K(192K)->119K(192K)
[2024-08-29T23:14:35.519+0800] GC(146) Pause Young (Allocation Failure) 1103M->1033M(1821M) 61.923ms
[2024-08-29T23:14:35.519+0800] GC(146) User=0.48s Sys=0.00s Real=0.06s
[2024-08-29T23:14:35.648+0800] GC(147) Pause Young (Allocation Failure)
[2024-08-29T23:14:35.710+0800] GC(147) PSYoungGen: 464581K(466944K)->208183K(454656K) Eden: 245979K(246272K)->0K(246272K) From: 218601K(220672K)->208183K(208384K)
[2024-08-29T23:14:35.710+0800] GC(147) ParOldGen: 840085K(1398272K)->959892K(1398272K)
[2024-08-29T23:14:35.710+0800] GC(147) Metaspace: 1647K(1792K)->1647K(1792K) NonClass: 1528K(1600K)->1528K(1600K) Class: 119K(192K)->119K(192K)
[2024-08-29T23:14:35.710+0800] GC(147) Pause Young (Allocation Failure) 1274M->1140M(1809M) 62.059ms
[2024-08-29T23:14:35.710+0800] GC(147) User=0.48s Sys=0.00s Real=0.06s
[2024-08-29T23:14:35.819+0800] GC(148) Pause Young (Allocation Failure)
[2024-08-29T23:14:35.880+0800] GC(148) PSYoungGen: 450978K(454656K)->176556K(468992K) Eden: 242794K(246272K)->0K(242176K) From: 208183K(208384K)->176556K(226816K)
[2024-08-29T23:14:35.880+0800] GC(148) ParOldGen: 959892K(1398272K)->1115623K(1398272K)
[2024-08-29T23:14:35.880+0800] GC(148) Metaspace: 1647K(1792K)->1647K(1792K) NonClass: 1528K(1600K)->1528K(1600K) Class: 119K(192K)->119K(192K)
[2024-08-29T23:14:35.880+0800] GC(148) Pause Young (Allocation Failure) 1377M->1261M(1823M) 61.315ms
[2024-08-29T23:14:35.880+0800] GC(148) User=0.48s Sys=0.00s Real=0.06s
[2024-08-29T23:14:35.985+0800] GC(149) Pause Young (Allocation Failure)
[2024-08-29T23:14:36.049+0800] GC(149) PSYoungGen: 416404K(468992K)->203335K(470528K) Eden: 239848K(242176K)->0K(242176K) From: 176556K(226816K)->203335K(228352K)
[2024-08-29T23:14:36.049+0800] GC(149) ParOldGen: 1115623K(1398272K)->1248923K(1398272K)
[2024-08-29T23:14:36.049+0800] GC(149) Metaspace: 1647K(1792K)->1647K(1792K) NonClass: 1528K(1600K)->1528K(1600K) Class: 119K(192K)->119K(192K)
[2024-08-29T23:14:36.049+0800] GC(149) Pause Young (Allocation Failure) 1496M->1418M(1825M) 63.629ms
[2024-08-29T23:14:36.049+0800] GC(149) User=0.48s Sys=0.00s Real=0.06s
[2024-08-29T23:14:36.049+0800] GC(150) Pause Full (Ergonomics)
[2024-08-29T23:14:36.049+0800] GC(150) Marking Phase
[2024-08-29T23:14:36.053+0800] GC(150) Marking Phase 4.216ms
[2024-08-29T23:14:36.053+0800] GC(150) Summary Phase
[2024-08-29T23:14:36.054+0800] GC(150) Summary Phase 0.095ms
[2024-08-29T23:14:36.054+0800] GC(150) Adjust Roots
[2024-08-29T23:14:36.055+0800] GC(150) Adjust Roots 1.604ms
[2024-08-29T23:14:36.055+0800] GC(150) Compaction Phase
[2024-08-29T23:14:36.142+0800] GC(150) Compaction Phase 86.890ms
[2024-08-29T23:14:36.142+0800] GC(150) Post Compact
[2024-08-29T23:14:36.155+0800] GC(150) Post Compact 12.893ms
[2024-08-29T23:14:36.155+0800] GC(150) PSYoungGen: 203335K(470528K)->0K(472064K) Eden: 0K(242176K)->0K(245248K) From: 203335K(228352K)->0K(226816K)
[2024-08-29T23:14:36.155+0800] GC(150) ParOldGen: 1248923K(1398272K)->675653K(1398272K)
[2024-08-29T23:14:36.155+0800] GC(150) Metaspace: 1647K(1792K)->1647K(1792K) NonClass: 1528K(1600K)->1528K(1600K) Class: 119K(192K)->119K(192K)
[2024-08-29T23:14:36.155+0800] GC(150) Pause Full (Ergonomics) 1418M->659M(1826M) 106.301ms
[2024-08-29T23:14:36.155+0800] GC(150) User=0.71s Sys=0.00s Real=0.11s
[2024-08-29T23:14:36.270+0800] GC(151) Pause Young (Allocation Failure)
[2024-08-29T23:14:36.303+0800] GC(151) PSYoungGen: 243134K(472064K)->197712K(472064K) Eden: 243134K(245248K)->0K(245248K) From: 0K(226816K)->197712K(226816K)
[2024-08-29T23:14:36.303+0800] GC(151) ParOldGen: 675653K(1398272K)->675653K(1398272K)
[2024-08-29T23:14:36.303+0800] GC(151) Metaspace: 1647K(1792K)->1647K(1792K) NonClass: 1528K(1600K)->1528K(1600K) Class: 119K(192K)->119K(192K)
[2024-08-29T23:14:36.303+0800] GC(151) Pause Young (Allocation Failure) 897M->852M(1826M) 33.109ms
[2024-08-29T23:14:36.303+0800] GC(151) User=0.25s Sys=0.00s Real=0.04s
[2024-08-29T23:14:36.417+0800] GC(152) Pause Young (Allocation Failure)
[2024-08-29T23:14:36.482+0800] GC(152) PSYoungGen: 441978K(472064K)->213824K(468480K) Eden: 244266K(245248K)->0K(244224K) From: 197712K(226816K)->213824K(224256K)
[2024-08-29T23:14:36.482+0800] GC(152) ParOldGen: 675653K(1398272K)->816091K(1398272K)
[2024-08-29T23:14:36.482+0800] GC(152) Metaspace: 1647K(1792K)->1647K(1792K) NonClass: 1528K(1600K)->1528K(1600K) Class: 119K(192K)->119K(192K)
[2024-08-29T23:14:36.482+0800] GC(152) Pause Young (Allocation Failure) 1091M->1005M(1823M) 64.926ms
[2024-08-29T23:14:36.482+0800] GC(152) User=0.50s Sys=0.00s Real=0.06s
[2024-08-29T23:14:36.587+0800] GC(153) Pause Young (Allocation Failure)
[2024-08-29T23:14:36.653+0800] GC(153) PSYoungGen: 456859K(468480K)->205115K(471552K) Eden: 243035K(244224K)->0K(244224K) From: 213824K(224256K)->205115K(227328K)
[2024-08-29T23:14:36.653+0800] GC(153) ParOldGen: 816091K(1398272K)->974929K(1398272K)
[2024-08-29T23:14:36.653+0800] GC(153) Metaspace: 1647K(1792K)->1647K(1792K) NonClass: 1528K(1600K)->1528K(1600K) Class: 119K(192K)->119K(192K)
[2024-08-29T23:14:36.653+0800] GC(153) Pause Young (Allocation Failure) 1243M->1152M(1826M) 65.649ms
[2024-08-29T23:14:36.653+0800] GC(153) User=0.51s Sys=0.00s Real=0.07s
[2024-08-29T23:14:36.757+0800] GC(154) Pause Young (Allocation Failure)
[2024-08-29T23:14:36.819+0800] GC(154) PSYoungGen: 449139K(471552K)->221455K(462336K) Eden: 244023K(244224K)->0K(236032K) From: 205115K(227328K)->221455K(226304K)
[2024-08-29T23:14:36.819+0800] GC(154) ParOldGen: 974929K(1398272K)->1125269K(1398272K)
[2024-08-29T23:14:36.819+0800] GC(154) Metaspace: 1647K(1792K)->1647K(1792K) NonClass: 1528K(1600K)->1528K(1600K) Class: 119K(192K)->119K(192K)
[2024-08-29T23:14:36.819+0800] GC(154) Pause Young (Allocation Failure) 1390M->1315M(1817M) 61.974ms
[2024-08-29T23:14:36.819+0800] GC(154) User=0.48s Sys=0.00s Real=0.06s
[2024-08-29T23:14:36.922+0800] GC(155) Pause Young (Allocation Failure)
[2024-08-29T23:14:36.982+0800] GC(155) PSYoungGen: 456361K(462336K)->188530K(467456K) Eden: 234905K(236032K)->0K(236032K) From: 221455K(226304K)->188530K(231424K)
[2024-08-29T23:14:36.982+0800] GC(155) ParOldGen: 1125269K(1398272K)->1288375K(1398272K)
[2024-08-29T23:14:36.982+0800] GC(155) Metaspace: 1647K(1792K)->1647K(1792K) NonClass: 1528K(1600K)->1528K(1600K) Class: 119K(192K)->119K(192K)
[2024-08-29T23:14:36.982+0800] GC(155) Pause Young (Allocation Failure) 1544M->1442M(1822M) 59.779ms
[2024-08-29T23:14:36.982+0800] GC(155) User=0.47s Sys=0.00s Real=0.06s
[2024-08-29T23:14:36.982+0800] GC(156) Pause Full (Ergonomics)
[2024-08-29T23:14:36.982+0800] GC(156) Marking Phase
[2024-08-29T23:14:36.985+0800] GC(156) Marking Phase 2.836ms
[2024-08-29T23:14:36.985+0800] GC(156) Summary Phase
[2024-08-29T23:14:36.985+0800] GC(156) Summary Phase 0.073ms
[2024-08-29T23:14:36.985+0800] GC(156) Adjust Roots
[2024-08-29T23:14:36.986+0800] GC(156) Adjust Roots 0.832ms
[2024-08-29T23:14:36.986+0800] GC(156) Compaction Phase
[2024-08-29T23:14:37.061+0800] GC(156) Compaction Phase 75.577ms
[2024-08-29T23:14:37.061+0800] GC(156) Post Compact
[2024-08-29T23:14:37.069+0800] GC(156) Post Compact 7.723ms
[2024-08-29T23:14:37.069+0800] GC(156) PSYoungGen: 188530K(467456K)->0K(467456K) Eden: 0K(236032K)->0K(236032K) From: 188530K(231424K)->0K(231424K)
[2024-08-29T23:14:37.069+0800] GC(156) ParOldGen: 1288375K(1398272K)->680211K(1398272K)
[2024-08-29T23:14:37.069+0800] GC(156) Metaspace: 1647K(1792K)->1647K(1792K) NonClass: 1528K(1600K)->1528K(1600K) Class: 119K(192K)->119K(192K)
[2024-08-29T23:14:37.069+0800] GC(156) Pause Full (Ergonomics) 1442M->664M(1822M) 87.449ms
[2024-08-29T23:14:37.069+0800] GC(156) User=0.61s Sys=0.00s Real=0.09s
[2024-08-29T23:14:37.186+0800] GC(157) Pause Young (Allocation Failure)
[2024-08-29T23:14:37.221+0800] GC(157) PSYoungGen: 235387K(467456K)->210100K(467456K) Eden: 235387K(236032K)->0K(236032K) From: 0K(231424K)->210100K(231424K)
[2024-08-29T23:14:37.221+0800] GC(157) ParOldGen: 680211K(1398272K)->680211K(1398272K)
[2024-08-29T23:14:37.221+0800] GC(157) Metaspace: 1647K(1792K)->1647K(1792K) NonClass: 1528K(1600K)->1528K(1600K) Class: 119K(192K)->119K(192K)
[2024-08-29T23:14:37.221+0800] GC(157) Pause Young (Allocation Failure) 894M->869M(1822M) 35.278ms
[2024-08-29T23:14:37.221+0800] GC(157) User=0.27s Sys=0.00s Real=0.03s
[2024-08-29T23:14:37.328+0800] GC(158) Pause Young (Allocation Failure)
[2024-08-29T23:14:37.386+0800] GC(158) PSYoungGen: 443252K(467456K)->191420K(468480K) Eden: 233151K(236032K)->0K(237056K) From: 210100K(231424K)->191420K(231424K)
[2024-08-29T23:14:37.386+0800] GC(158) ParOldGen: 680211K(1398272K)->818032K(1398272K)
[2024-08-29T23:14:37.386+0800] GC(158) Metaspace: 1647K(1792K)->1647K(1792K) NonClass: 1528K(1600K)->1528K(1600K) Class: 119K(192K)->119K(192K)
[2024-08-29T23:14:37.386+0800] GC(158) Pause Young (Allocation Failure) 1097M->985M(1823M) 58.326ms
[2024-08-29T23:14:37.386+0800] GC(158) User=0.45s Sys=0.00s Real=0.06s
[2024-08-29T23:14:37.499+0800] GC(159) Pause Young (Allocation Failure)
[2024-08-29T23:14:37.554+0800] GC(159) PSYoungGen: 427695K(468480K)->173251K(410624K) Eden: 236275K(237056K)->0K(237056K) From: 191420K(231424K)->173251K(173568K)
[2024-08-29T23:14:37.554+0800] GC(159) ParOldGen: 818032K(1398272K)->954275K(1398272K)
[2024-08-29T23:14:37.554+0800] GC(159) Metaspace: 1647K(1792K)->1647K(1792K) NonClass: 1528K(1600K)->1528K(1600K) Class: 119K(192K)->119K(192K)
[2024-08-29T23:14:37.554+0800] GC(159) Pause Young (Allocation Failure) 1216M->1101M(1766M) 55.306ms
[2024-08-29T23:14:37.554+0800] GC(159) User=0.43s Sys=0.00s Real=0.06s
[2024-08-29T23:14:37.654+0800] GC(160) Pause Young (Allocation Failure)
[2024-08-29T23:14:37.710+0800] GC(160) PSYoungGen: 410019K(410624K)->198587K(470016K) Eden: 236767K(237056K)->0K(237568K) From: 173251K(173568K)->198587K(232448K)
[2024-08-29T23:14:37.710+0800] GC(160) ParOldGen: 954275K(1398272K)->1084812K(1398272K)
[2024-08-29T23:14:37.710+0800] GC(160) Metaspace: 1647K(1792K)->1647K(1792K) NonClass: 1528K(1600K)->1528K(1600K) Class: 119K(192K)->119K(192K)
[2024-08-29T23:14:37.710+0800] GC(160) Pause Young (Allocation Failure) 1332M->1253M(1824M) 56.472ms
[2024-08-29T23:14:37.710+0800] GC(160) User=0.43s Sys=0.00s Real=0.05s
[2024-08-29T23:14:37.817+0800] GC(161) Pause Young (Allocation Failure)
[2024-08-29T23:14:37.875+0800] GC(161) PSYoungGen: 435052K(470016K)->207679K(466432K) Eden: 236465K(237568K)->0K(237568K) From: 198587K(232448K)->207679K(228864K)
[2024-08-29T23:14:37.876+0800] GC(161) ParOldGen: 1084812K(1398272K)->1241226K(1398272K)
[2024-08-29T23:14:37.876+0800] GC(161) Metaspace: 1647K(1792K)->1647K(1792K) NonClass: 1528K(1600K)->1528K(1600K) Class: 119K(192K)->119K(192K)
[2024-08-29T23:14:37.876+0800] GC(161) Pause Young (Allocation Failure) 1484M->1414M(1821M) 58.216ms
[2024-08-29T23:14:37.876+0800] GC(161) User=0.45s Sys=0.00s Real=0.06s
[2024-08-29T23:14:37.876+0800] GC(162) Pause Full (Ergonomics)
[2024-08-29T23:14:37.876+0800] GC(162) Marking Phase
[2024-08-29T23:14:37.878+0800] GC(162) Marking Phase 2.616ms
[2024-08-29T23:14:37.878+0800] GC(162) Summary Phase
[2024-08-29T23:14:37.878+0800] GC(162) Summary Phase 0.037ms
[2024-08-29T23:14:37.878+0800] GC(162) Adjust Roots
[2024-08-29T23:14:37.879+0800] GC(162) Adjust Roots 0.846ms
[2024-08-29T23:14:37.879+0800] GC(162) Compaction Phase
[2024-08-29T23:14:37.967+0800] GC(162) Compaction Phase 88.053ms
[2024-08-29T23:14:37.967+0800] GC(162) Post Compact
[2024-08-29T23:14:37.976+0800] GC(162) Post Compact 8.542ms
[2024-08-29T23:14:37.976+0800] GC(162) PSYoungGen: 207679K(466432K)->0K(469504K) Eden: 0K(237568K)->0K(240128K) From: 207679K(228864K)->0K(229376K)
[2024-08-29T23:14:37.976+0800] GC(162) ParOldGen: 1241226K(1398272K)->683683K(1398272K)
[2024-08-29T23:14:37.976+0800] GC(162) Metaspace: 1647K(1792K)->1647K(1792K) NonClass: 1528K(1600K)->1528K(1600K) Class: 119K(192K)->119K(192K)
[2024-08-29T23:14:37.976+0800] GC(162) Pause Full (Ergonomics) 1414M->667M(1824M) 100.580ms
[2024-08-29T23:14:37.976+0800] GC(162) User=0.71s Sys=0.00s Real=0.10s
[2024-08-29T23:14:38.087+0800] GC(163) Pause Young (Allocation Failure)
[2024-08-29T23:14:38.123+0800] GC(163) PSYoungGen: 238500K(469504K)->196202K(469504K) Eden: 238500K(240128K)->0K(240128K) From: 0K(229376K)->196202K(229376K)
[2024-08-29T23:14:38.123+0800] GC(163) ParOldGen: 683683K(1398272K)->683683K(1398272K)
[2024-08-29T23:14:38.123+0800] GC(163) Metaspace: 1647K(1792K)->1647K(1792K) NonClass: 1528K(1600K)->1528K(1600K) Class: 119K(192K)->119K(192K)
[2024-08-29T23:14:38.123+0800] GC(163) Pause Young (Allocation Failure) 900M->859M(1824M) 36.858ms
[2024-08-29T23:14:38.123+0800] GC(163) User=0.28s Sys=0.00s Real=0.04s
[2024-08-29T23:14:38.235+0800] GC(164) Pause Young (Allocation Failure)
[2024-08-29T23:14:38.292+0800] GC(164) PSYoungGen: 431787K(469504K)->186051K(472576K) Eden: 235585K(240128K)->0K(245760K) From: 196202K(229376K)->186051K(226816K)
[2024-08-29T23:14:38.292+0800] GC(164) ParOldGen: 683683K(1398272K)->849076K(1398272K)
[2024-08-29T23:14:38.292+0800] GC(164) Metaspace: 1647K(1792K)->1647K(1792K) NonClass: 1528K(1600K)->1528K(1600K) Class: 119K(192K)->119K(192K)
[2024-08-29T23:14:38.292+0800] GC(164) Pause Young (Allocation Failure) 1089M->1010M(1827M) 57.080ms
[2024-08-29T23:14:38.292+0800] GC(164) User=0.44s Sys=0.00s Real=0.05s
[2024-08-29T23:14:38.398+0800] GC(165) Pause Young (Allocation Failure)
[2024-08-29T23:14:38.458+0800] GC(165) PSYoungGen: 431494K(472576K)->214444K(460288K) Eden: 245442K(245760K)->0K(245760K) From: 186051K(226816K)->214444K(214528K)
[2024-08-29T23:14:38.458+0800] GC(165) ParOldGen: 849076K(1398272K)->985440K(1398272K)
[2024-08-29T23:14:38.458+0800] GC(165) Metaspace: 1647K(1792K)->1647K(1792K) NonClass: 1528K(1600K)->1528K(1600K) Class: 119K(192K)->119K(192K)
[2024-08-29T23:14:38.458+0800] GC(165) Pause Young (Allocation Failure) 1250M->1171M(1815M) 60.550ms
[2024-08-29T23:14:38.458+0800] GC(165) User=0.46s Sys=0.00s Real=0.06s
[2024-08-29T23:14:38.551+0800] GC(166) Pause Young (Allocation Failure)
[2024-08-29T23:14:38.616+0800] GC(166) PSYoungGen: 457180K(460288K)->206541K(469504K) Eden: 242736K(245760K)->0K(239616K) From: 214444K(214528K)->206541K(229888K)
[2024-08-29T23:14:38.616+0800] GC(166) ParOldGen: 985440K(1398272K)->1146501K(1398272K)
[2024-08-29T23:14:38.616+0800] GC(166) Metaspace: 1647K(1792K)->1647K(1792K) NonClass: 1528K(1600K)->1528K(1600K) Class: 119K(192K)->119K(192K)
[2024-08-29T23:14:38.616+0800] GC(166) Pause Young (Allocation Failure) 1408M->1321M(1824M) 64.794ms
[2024-08-29T23:14:38.616+0800] GC(166) User=0.50s Sys=0.00s Real=0.07s
[2024-08-29T23:14:38.698+0800] GC(167) Pause Young (Allocation Failure)
[2024-08-29T23:14:38.762+0800] GC(167) PSYoungGen: 443136K(469504K)->200998K(468992K) Eden: 236595K(239616K)->0K(239616K) From: 206541K(229888K)->200998K(229376K)
[2024-08-29T23:14:38.762+0800] GC(167) ParOldGen: 1146501K(1398272K)->1308168K(1398272K)
[2024-08-29T23:14:38.762+0800] GC(167) Metaspace: 1647K(1792K)->1647K(1792K) NonClass: 1528K(1600K)->1528K(1600K) Class: 119K(192K)->119K(192K)
[2024-08-29T23:14:38.762+0800] GC(167) Pause Young (Allocation Failure) 1552M->1473M(1823M) 63.763ms
[2024-08-29T23:14:38.762+0800] GC(167) User=0.49s Sys=0.00s Real=0.06s
[2024-08-29T23:14:38.762+0800] GC(168) Pause Full (Ergonomics)
[2024-08-29T23:14:38.762+0800] GC(168) Marking Phase
[2024-08-29T23:14:38.765+0800] GC(168) Marking Phase 2.576ms
[2024-08-29T23:14:38.765+0800] GC(168) Summary Phase
[2024-08-29T23:14:38.765+0800] GC(168) Summary Phase 0.031ms
[2024-08-29T23:14:38.765+0800] GC(168) Adjust Roots
[2024-08-29T23:14:38.766+0800] GC(168) Adjust Roots 0.898ms
[2024-08-29T23:14:38.766+0800] GC(168) Compaction Phase
[2024-08-29T23:14:38.857+0800] GC(168) Compaction Phase 90.785ms
[2024-08-29T23:14:38.857+0800] GC(168) Post Compact
[2024-08-29T23:14:38.864+0800] GC(168) Post Compact 7.746ms
[2024-08-29T23:14:38.865+0800] GC(168) PSYoungGen: 200998K(468992K)->0K(472064K) Eden: 0K(239616K)->0K(245248K) From: 200998K(229376K)->0K(226816K)
[2024-08-29T23:14:38.865+0800] GC(168) ParOldGen: 1308168K(1398272K)->826755K(1398272K)
[2024-08-29T23:14:38.865+0800] GC(168) Metaspace: 1647K(1792K)->1647K(1792K) NonClass: 1528K(1600K)->1528K(1600K) Class: 119K(192K)->119K(192K)
[2024-08-29T23:14:38.865+0800] GC(168) Pause Full (Ergonomics) 1473M->807M(1826M) 102.403ms
[2024-08-29T23:14:38.865+0800] GC(168) User=0.74s Sys=0.00s Real=0.11s
[2024-08-29T23:14:38.988+0800] GC(169) Pause Young (Allocation Failure)
[2024-08-29T23:14:39.023+0800] GC(169) PSYoungGen: 242689K(472064K)->198450K(472064K) Eden: 242689K(245248K)->0K(245248K) From: 0K(226816K)->198450K(226816K)
[2024-08-29T23:14:39.023+0800] GC(169) ParOldGen: 826755K(1398272K)->826755K(1398272K)
[2024-08-29T23:14:39.023+0800] GC(169) Metaspace: 1647K(1792K)->1647K(1792K) NonClass: 1528K(1600K)->1528K(1600K) Class: 119K(192K)->119K(192K)
[2024-08-29T23:14:39.023+0800] GC(169) Pause Young (Allocation Failure) 1044M->1001M(1826M) 34.952ms
[2024-08-29T23:14:39.023+0800] GC(169) User=0.27s Sys=0.00s Real=0.04s
[2024-08-29T23:14:39.140+0800] GC(170) Pause Young (Allocation Failure)
[2024-08-29T23:14:39.193+0800] GC(170) PSYoungGen: 439808K(472064K)->193223K(475648K) Eden: 241357K(245248K)->0K(251392K) From: 198450K(226816K)->193223K(224256K)
[2024-08-29T23:14:39.193+0800] GC(170) ParOldGen: 826755K(1398272K)->936781K(1398272K)
[2024-08-29T23:14:39.193+0800] GC(170) Metaspace: 1647K(1792K)->1647K(1792K) NonClass: 1528K(1600K)->1528K(1600K) Class: 119K(192K)->119K(192K)
[2024-08-29T23:14:39.193+0800] GC(170) Pause Young (Allocation Failure) 1236M->1103M(1830M) 53.379ms
[2024-08-29T23:14:39.193+0800] GC(170) User=0.40s Sys=0.00s Real=0.06s
[2024-08-29T23:14:39.290+0800] GC(171) Pause Young (Allocation Failure)
[2024-08-29T23:14:39.353+0800] GC(171) PSYoungGen: 441394K(475648K)->212430K(463872K) Eden: 248170K(251392K)->0K(251392K) From: 193223K(224256K)->212430K(212480K)
[2024-08-29T23:14:39.353+0800] GC(171) ParOldGen: 936781K(1398272K)->1103249K(1398272K)
[2024-08-29T23:14:39.353+0800] GC(171) Metaspace: 1647K(1792K)->1647K(1792K) NonClass: 1528K(1600K)->1528K(1600K) Class: 119K(192K)->119K(192K)
[2024-08-29T23:14:39.353+0800] GC(171) Pause Young (Allocation Failure) 1345M->1284M(1818M) 63.432ms
[2024-08-29T23:14:39.353+0800] GC(171) User=0.49s Sys=0.00s Real=0.07s
[2024-08-29T23:14:39.456+0800] GC(172) Pause Young (Allocation Failure)
[2024-08-29T23:14:39.521+0800] GC(172) PSYoungGen: 463697K(463872K)->219079K(464896K) Eden: 251267K(251392K)->0K(239104K) From: 212430K(212480K)->219079K(225792K)
[2024-08-29T23:14:39.521+0800] GC(172) ParOldGen: 1103249K(1398272K)->1262390K(1398272K)
[2024-08-29T23:14:39.521+0800] GC(172) Metaspace: 1647K(1792K)->1647K(1792K) NonClass: 1528K(1600K)->1528K(1600K) Class: 119K(192K)->119K(192K)
[2024-08-29T23:14:39.521+0800] GC(172) Pause Young (Allocation Failure) 1530M->1446M(1819M) 65.139ms
[2024-08-29T23:14:39.521+0800] GC(172) User=0.50s Sys=0.00s Real=0.06s
[2024-08-29T23:14:39.521+0800] GC(173) Pause Full (Ergonomics)
[2024-08-29T23:14:39.522+0800] GC(173) Marking Phase
[2024-08-29T23:14:39.524+0800] GC(173) Marking Phase 2.730ms
[2024-08-29T23:14:39.524+0800] GC(173) Summary Phase
[2024-08-29T23:14:39.524+0800] GC(173) Summary Phase 0.030ms
[2024-08-29T23:14:39.524+0800] GC(173) Adjust Roots
[2024-08-29T23:14:39.525+0800] GC(173) Adjust Roots 0.820ms
[2024-08-29T23:14:39.525+0800] GC(173) Compaction Phase
[2024-08-29T23:14:39.627+0800] GC(173) Compaction Phase 102.306ms
[2024-08-29T23:14:39.628+0800] GC(173) Post Compact
[2024-08-29T23:14:39.637+0800] GC(173) Post Compact 9.818ms
[2024-08-29T23:14:39.638+0800] GC(173) PSYoungGen: 219079K(464896K)->0K(468992K) Eden: 0K(239104K)->0K(239104K) From: 219079K(225792K)->0K(229888K)
[2024-08-29T23:14:39.638+0800] GC(173) ParOldGen: 1262390K(1398272K)->802318K(1398272K)
[2024-08-29T23:14:39.638+0800] GC(173) Metaspace: 1647K(1792K)->1647K(1792K) NonClass: 1528K(1600K)->1528K(1600K) Class: 119K(192K)->119K(192K)
[2024-08-29T23:14:39.638+0800] GC(173) Pause Full (Ergonomics) 1446M->783M(1823M) 116.141ms
[2024-08-29T23:14:39.638+0800] GC(173) User=0.82s Sys=0.00s Real=0.12s
[2024-08-29T23:14:39.754+0800] GC(174) Pause Young (Allocation Failure)
[2024-08-29T23:14:39.791+0800] GC(174) PSYoungGen: 238232K(468992K)->179147K(465920K) Eden: 238232K(239104K)->0K(236032K) From: 0K(229888K)->179147K(229888K)
[2024-08-29T23:14:39.791+0800] GC(174) ParOldGen: 802318K(1398272K)->802318K(1398272K)
[2024-08-29T23:14:39.791+0800] GC(174) Metaspace: 1647K(1792K)->1647K(1792K) NonClass: 1528K(1600K)->1528K(1600K) Class: 119K(192K)->119K(192K)
[2024-08-29T23:14:39.791+0800] GC(174) Pause Young (Allocation Failure) 1016M->958M(1820M) 37.342ms
[2024-08-29T23:14:39.791+0800] GC(174) User=0.27s Sys=0.00s Real=0.03s
[2024-08-29T23:14:39.906+0800] GC(175) Pause Young (Allocation Failure)
[2024-08-29T23:14:39.965+0800] GC(175) PSYoungGen: 412070K(465920K)->186010K(467456K) Eden: 232923K(236032K)->0K(236032K) From: 179147K(229888K)->186010K(231424K)
[2024-08-29T23:14:39.965+0800] GC(175) ParOldGen: 802318K(1398272K)->937593K(1398272K)
[2024-08-29T23:14:39.966+0800] GC(175) Metaspace: 1647K(1792K)->1647K(1792K) NonClass: 1528K(1600K)->1528K(1600K) Class: 119K(192K)->119K(192K)
[2024-08-29T23:14:39.966+0800] GC(175) Pause Young (Allocation Failure) 1185M->1097M(1822M) 59.299ms
[2024-08-29T23:14:39.966+0800] GC(175) User=0.46s Sys=0.00s Real=0.06s
[2024-08-29T23:14:40.084+0800] GC(176) Pause Young (Allocation Failure)
[2024-08-29T23:14:40.150+0800] GC(176) PSYoungGen: 421962K(467456K)->191883K(470528K) Eden: 235952K(236032K)->0K(240128K) From: 186010K(231424K)->191883K(230400K)
[2024-08-29T23:14:40.150+0800] GC(176) ParOldGen: 937593K(1398272K)->1085030K(1398272K)
[2024-08-29T23:14:40.150+0800] GC(176) Metaspace: 1647K(1792K)->1647K(1792K) NonClass: 1528K(1600K)->1528K(1600K) Class: 119K(192K)->119K(192K)
[2024-08-29T23:14:40.150+0800] GC(176) Pause Young (Allocation Failure) 1327M->1246M(1825M) 66.019ms
[2024-08-29T23:14:40.150+0800] GC(176) User=0.51s Sys=0.00s Real=0.06s
[2024-08-29T23:14:40.262+0800] GC(177) Pause Young (Allocation Failure)
[2024-08-29T23:14:40.322+0800] GC(177) PSYoungGen: 428800K(470528K)->186705K(468480K) Eden: 236917K(240128K)->0K(240128K) From: 191883K(230400K)->186705K(228352K)
[2024-08-29T23:14:40.322+0800] GC(177) ParOldGen: 1085030K(1398272K)->1219378K(1398272K)
[2024-08-29T23:14:40.322+0800] GC(177) Metaspace: 1647K(1792K)->1647K(1792K) NonClass: 1528K(1600K)->1528K(1600K) Class: 119K(192K)->119K(192K)
[2024-08-29T23:14:40.322+0800] GC(177) Pause Young (Allocation Failure) 1478M->1373M(1823M) 59.420ms
[2024-08-29T23:14:40.322+0800] GC(177) User=0.46s Sys=0.00s Real=0.06s
[2024-08-29T23:14:40.322+0800] GC(178) Pause Full (Ergonomics)
[2024-08-29T23:14:40.322+0800] GC(178) Marking Phase
[2024-08-29T23:14:40.325+0800] GC(178) Marking Phase 2.880ms
[2024-08-29T23:14:40.325+0800] GC(178) Summary Phase
[2024-08-29T23:14:40.325+0800] GC(178) Summary Phase 0.039ms
[2024-08-29T23:14:40.325+0800] GC(178) Adjust Roots
[2024-08-29T23:14:40.326+0800] GC(178) Adjust Roots 0.842ms
[2024-08-29T23:14:40.326+0800] GC(178) Compaction Phase
[2024-08-29T23:14:40.414+0800] GC(178) Compaction Phase 88.054ms
[2024-08-29T23:14:40.414+0800] GC(178) Post Compact
[2024-08-29T23:14:40.424+0800] GC(178) Post Compact 10.461ms
[2024-08-29T23:14:40.424+0800] GC(178) PSYoungGen: 186705K(468480K)->0K(471552K) Eden: 0K(240128K)->0K(244224K) From: 186705K(228352K)->0K(227328K)
[2024-08-29T23:14:40.425+0800] GC(178) ParOldGen: 1219378K(1398272K)->675798K(1398272K)
[2024-08-29T23:14:40.425+0800] GC(178) Metaspace: 1647K(1792K)->1647K(1792K) NonClass: 1528K(1600K)->1528K(1600K) Class: 119K(192K)->119K(192K)
[2024-08-29T23:14:40.425+0800] GC(178) Pause Full (Ergonomics) 1373M->659M(1826M) 102.798ms
[2024-08-29T23:14:40.425+0800] GC(178) User=0.71s Sys=0.00s Real=0.11s
[2024-08-29T23:14:40.534+0800] GC(179) Pause Young (Allocation Failure)
[2024-08-29T23:14:40.574+0800] GC(179) PSYoungGen: 242527K(471552K)->196985K(471552K) Eden: 242527K(244224K)->0K(244224K) From: 0K(227328K)->196985K(227328K)
[2024-08-29T23:14:40.574+0800] GC(179) ParOldGen: 675798K(1398272K)->675798K(1398272K)
[2024-08-29T23:14:40.574+0800] GC(179) Metaspace: 1647K(1792K)->1647K(1792K) NonClass: 1528K(1600K)->1528K(1600K) Class: 119K(192K)->119K(192K)
[2024-08-29T23:14:40.574+0800] GC(179) Pause Young (Allocation Failure) 896M->852M(1826M) 39.784ms
[2024-08-29T23:14:40.574+0800] GC(179) User=0.31s Sys=0.00s Real=0.04s
[2024-08-29T23:14:40.687+0800] GC(180) Pause Young (Allocation Failure)
[2024-08-29T23:14:40.760+0800] GC(180) PSYoungGen: 439385K(471552K)->191526K(476160K) Eden: 242400K(244224K)->0K(251904K) From: 196985K(227328K)->191526K(224256K)
[2024-08-29T23:14:40.760+0800] GC(180) ParOldGen: 675798K(1398272K)->822613K(1398272K)
[2024-08-29T23:14:40.760+0800] GC(180) Metaspace: 1647K(1792K)->1647K(1792K) NonClass: 1528K(1600K)->1528K(1600K) Class: 119K(192K)->119K(192K)
[2024-08-29T23:14:40.760+0800] GC(180) Pause Young (Allocation Failure) 1089M->990M(1830M) 73.137ms
[2024-08-29T23:14:40.760+0800] GC(180) User=0.56s Sys=0.00s Real=0.07s
[2024-08-29T23:14:40.885+0800] GC(181) Pause Young (Allocation Failure)
[2024-08-29T23:14:40.953+0800] GC(181) PSYoungGen: 441320K(476160K)->213167K(465408K) Eden: 249794K(251904K)->0K(251904K) From: 191526K(224256K)->213167K(213504K)
[2024-08-29T23:14:40.954+0800] GC(181) ParOldGen: 822613K(1398272K)->957186K(1398272K)
[2024-08-29T23:14:40.954+0800] GC(181) Metaspace: 1647K(1792K)->1647K(1792K) NonClass: 1528K(1600K)->1528K(1600K) Class: 119K(192K)->119K(192K)
[2024-08-29T23:14:40.954+0800] GC(181) Pause Young (Allocation Failure) 1234M->1142M(1820M) 69.014ms
[2024-08-29T23:14:40.954+0800] GC(181) User=0.54s Sys=0.00s Real=0.07s
[2024-08-29T23:14:41.064+0800] GC(182) Pause Young (Allocation Failure)
[2024-08-29T23:14:41.141+0800] GC(182) PSYoungGen: 464162K(465408K)->200683K(474624K) Eden: 250995K(251904K)->0K(248320K) From: 213167K(213504K)->200683K(226304K)
[2024-08-29T23:14:41.141+0800] GC(182) ParOldGen: 957186K(1398272K)->1117123K(1398272K)
[2024-08-29T23:14:41.141+0800] GC(182) Metaspace: 1647K(1792K)->1647K(1792K) NonClass: 1528K(1600K)->1528K(1600K) Class: 119K(192K)->119K(192K)
[2024-08-29T23:14:41.141+0800] GC(182) Pause Young (Allocation Failure) 1388M->1286M(1829M) 76.393ms
[2024-08-29T23:14:41.141+0800] GC(182) User=0.58s Sys=0.01s Real=0.07s
[2024-08-29T23:14:41.245+0800] GC(183) Pause Young (Allocation Failure)
[2024-08-29T23:14:41.315+0800] GC(183) PSYoungGen: 448906K(474624K)->210451K(472576K) Eden: 248223K(248320K)->0K(248320K) From: 200683K(226304K)->210451K(224256K)
[2024-08-29T23:14:41.315+0800] GC(183) ParOldGen: 1117123K(1398272K)->1292209K(1398272K)
[2024-08-29T23:14:41.315+0800] GC(183) Metaspace: 1647K(1792K)->1647K(1792K) NonClass: 1528K(1600K)->1528K(1600K) Class: 119K(192K)->119K(192K)
[2024-08-29T23:14:41.315+0800] GC(183) Pause Young (Allocation Failure) 1529M->1467M(1827M) 69.890ms
[2024-08-29T23:14:41.315+0800] GC(183) User=0.54s Sys=0.00s Real=0.07s
[2024-08-29T23:14:41.315+0800] GC(184) Pause Full (Ergonomics)
[2024-08-29T23:14:41.315+0800] GC(184) Marking Phase
[2024-08-29T23:14:41.319+0800] GC(184) Marking Phase 3.862ms
[2024-08-29T23:14:41.319+0800] GC(184) Summary Phase
[2024-08-29T23:14:41.319+0800] GC(184) Summary Phase 0.050ms
[2024-08-29T23:14:41.319+0800] GC(184) Adjust Roots
[2024-08-29T23:14:41.320+0800] GC(184) Adjust Roots 1.242ms
[2024-08-29T23:14:41.320+0800] GC(184) Compaction Phase
[2024-08-29T23:14:41.421+0800] GC(184) Compaction Phase 101.107ms
[2024-08-29T23:14:41.422+0800] GC(184) Post Compact
[2024-08-29T23:14:41.432+0800] GC(184) Post Compact 10.377ms
[2024-08-29T23:14:41.432+0800] GC(184) PSYoungGen: 210451K(472576K)->0K(472576K) Eden: 0K(248320K)->0K(246272K) From: 210451K(224256K)->0K(226304K)
[2024-08-29T23:14:41.432+0800] GC(184) ParOldGen: 1292209K(1398272K)->759166K(1398272K)
[2024-08-29T23:14:41.432+0800] GC(184) Metaspace: 1647K(1792K)->1647K(1792K) NonClass: 1528K(1600K)->1528K(1600K) Class: 119K(192K)->119K(192K)
[2024-08-29T23:14:41.432+0800] GC(184) Pause Full (Ergonomics) 1467M->741M(1827M) 117.151ms
[2024-08-29T23:14:41.432+0800] GC(184) User=0.82s Sys=0.00s Real=0.11s
[2024-08-29T23:14:41.571+0800] GC(185) Pause Young (Allocation Failure)
[2024-08-29T23:14:41.612+0800] GC(185) PSYoungGen: 244893K(472576K)->199646K(472576K) Eden: 244893K(246272K)->0K(246272K) From: 0K(226304K)->199646K(226304K)
[2024-08-29T23:14:41.612+0800] GC(185) ParOldGen: 759166K(1398272K)->759166K(1398272K)
[2024-08-29T23:14:41.612+0800] GC(185) Metaspace: 1647K(1792K)->1647K(1792K) NonClass: 1528K(1600K)->1528K(1600K) Class: 119K(192K)->119K(192K)
[2024-08-29T23:14:41.612+0800] GC(185) Pause Young (Allocation Failure) 980M->936M(1827M) 41.624ms
[2024-08-29T23:14:41.612+0800] GC(185) User=0.31s Sys=0.00s Real=0.04s
[2024-08-29T23:14:41.765+0800] GC(186) Pause Young (Allocation Failure)
[2024-08-29T23:14:41.820+0800] GC(186) PSYoungGen: 444199K(472576K)->169769K(470016K) Eden: 244552K(246272K)->0K(246272K) From: 199646K(226304K)->169769K(223744K)
[2024-08-29T23:14:41.820+0800] GC(186) ParOldGen: 759166K(1398272K)->882759K(1398272K)
[2024-08-29T23:14:41.820+0800] GC(186) Metaspace: 1647K(1792K)->1647K(1792K) NonClass: 1528K(1600K)->1528K(1600K) Class: 119K(192K)->119K(192K)
[2024-08-29T23:14:41.820+0800] GC(186) Pause Young (Allocation Failure) 1175M->1027M(1824M) 55.210ms
[2024-08-29T23:14:41.820+0800] GC(186) User=0.43s Sys=0.00s Real=0.05s
[2024-08-29T23:14:41.933+0800] GC(187) Pause Young (Allocation Failure)
[2024-08-29T23:14:41.997+0800] GC(187) PSYoungGen: 414475K(470016K)->209287K(455680K) Eden: 244705K(246272K)->0K(246272K) From: 169769K(223744K)->209287K(209408K)
[2024-08-29T23:14:41.997+0800] GC(187) ParOldGen: 882759K(1398272K)->1010919K(1398272K)
[2024-08-29T23:14:41.997+0800] GC(187) Metaspace: 1647K(1792K)->1647K(1792K) NonClass: 1528K(1600K)->1528K(1600K) Class: 119K(192K)->119K(192K)
[2024-08-29T23:14:41.997+0800] GC(187) Pause Young (Allocation Failure) 1266M->1191M(1810M) 64.819ms
[2024-08-29T23:14:41.997+0800] GC(187) User=0.50s Sys=0.00s Real=0.06s
[2024-08-29T23:14:42.141+0800] GC(188) Pause Young (Allocation Failure)
[2024-08-29T23:14:42.197+0800] GC(188) PSYoungGen: 454562K(455680K)->193054K(473088K) Eden: 245274K(246272K)->0K(244736K) From: 209287K(209408K)->193054K(228352K)
[2024-08-29T23:14:42.197+0800] GC(188) ParOldGen: 1010919K(1398272K)->1105830K(1398272K)
[2024-08-29T23:14:42.197+0800] GC(188) Metaspace: 1647K(1792K)->1647K(1792K) NonClass: 1528K(1600K)->1528K(1600K) Class: 119K(192K)->119K(192K)
[2024-08-29T23:14:42.197+0800] GC(188) Pause Young (Allocation Failure) 1431M->1268M(1827M) 55.841ms
[2024-08-29T23:14:42.197+0800] GC(188) User=0.44s Sys=0.00s Real=0.06s
[2024-08-29T23:14:42.310+0800] GC(189) Pause Young (Allocation Failure)
[2024-08-29T23:14:42.372+0800] GC(189) PSYoungGen: 436375K(473088K)->209658K(470528K) Eden: 243321K(244736K)->0K(244736K) From: 193054K(228352K)->209658K(225792K)
[2024-08-29T23:14:42.373+0800] GC(189) ParOldGen: 1105830K(1398272K)->1203752K(1398272K)
[2024-08-29T23:14:42.373+0800] GC(189) Metaspace: 1647K(1792K)->1647K(1792K) NonClass: 1528K(1600K)->1528K(1600K) Class: 119K(192K)->119K(192K)
[2024-08-29T23:14:42.373+0800] GC(189) Pause Young (Allocation Failure) 1506M->1380M(1825M) 62.439ms
[2024-08-29T23:14:42.373+0800] GC(189) User=0.48s Sys=0.00s Real=0.07s
[2024-08-29T23:14:42.492+0800] GC(190) Pause Young (Allocation Failure)
[2024-08-29T23:14:42.555+0800] GC(190) PSYoungGen: 452173K(470528K)->180518K(471040K) Eden: 242515K(244736K)->0K(243200K) From: 209658K(225792K)->180518K(227840K)
[2024-08-29T23:14:42.555+0800] GC(190) ParOldGen: 1203752K(1398272K)->1344760K(1398272K)
[2024-08-29T23:14:42.555+0800] GC(190) Metaspace: 1647K(1792K)->1647K(1792K) NonClass: 1528K(1600K)->1528K(1600K) Class: 119K(192K)->119K(192K)
[2024-08-29T23:14:42.555+0800] GC(190) Pause Young (Allocation Failure) 1617M->1489M(1825M) 63.293ms
[2024-08-29T23:14:42.555+0800] GC(190) User=0.48s Sys=0.00s Real=0.07s
[2024-08-29T23:14:42.555+0800] GC(191) Pause Full (Ergonomics)
[2024-08-29T23:14:42.555+0800] GC(191) Marking Phase
[2024-08-29T23:14:42.558+0800] GC(191) Marking Phase 3.166ms
[2024-08-29T23:14:42.558+0800] GC(191) Summary Phase
[2024-08-29T23:14:42.558+0800] GC(191) Summary Phase 0.059ms
[2024-08-29T23:14:42.558+0800] GC(191) Adjust Roots
[2024-08-29T23:14:42.559+0800] GC(191) Adjust Roots 0.940ms
[2024-08-29T23:14:42.559+0800] GC(191) Compaction Phase
[2024-08-29T23:14:42.623+0800] GC(191) Compaction Phase 64.092ms
[2024-08-29T23:14:42.623+0800] GC(191) Post Compact
[2024-08-29T23:14:42.634+0800] GC(191) Post Compact 10.684ms
[2024-08-29T23:14:42.634+0800] GC(191) PSYoungGen: 180518K(471040K)->0K(471040K) Eden: 0K(243200K)->0K(243200K) From: 180518K(227840K)->0K(227840K)
[2024-08-29T23:14:42.634+0800] GC(191) ParOldGen: 1344760K(1398272K)->528479K(1398272K)
[2024-08-29T23:14:42.634+0800] GC(191) Metaspace: 1647K(1792K)->1647K(1792K) NonClass: 1528K(1600K)->1528K(1600K) Class: 119K(192K)->119K(192K)
[2024-08-29T23:14:42.634+0800] GC(191) Pause Full (Ergonomics) 1489M->516M(1825M) 79.367ms
[2024-08-29T23:14:42.634+0800] GC(191) User=0.53s Sys=0.00s Real=0.08s
[2024-08-29T23:14:42.738+0800] GC(192) Pause Young (Allocation Failure)
[2024-08-29T23:14:42.775+0800] GC(192) PSYoungGen: 243109K(471040K)->206309K(470016K) Eden: 243109K(243200K)->0K(242176K) From: 0K(227840K)->206309K(227840K)
[2024-08-29T23:14:42.775+0800] GC(192) ParOldGen: 528479K(1398272K)->528479K(1398272K)
[2024-08-29T23:14:42.775+0800] GC(192) Metaspace: 1647K(1792K)->1647K(1792K) NonClass: 1528K(1600K)->1528K(1600K) Class: 119K(192K)->119K(192K)
[2024-08-29T23:14:42.775+0800] GC(192) Pause Young (Allocation Failure) 753M->717M(1824M) 37.047ms
[2024-08-29T23:14:42.775+0800] GC(192) User=0.29s Sys=0.00s Real=0.04s
[2024-08-29T23:14:42.888+0800] GC(193) Pause Young (Allocation Failure)
[2024-08-29T23:14:42.951+0800] GC(193) PSYoungGen: 448426K(470016K)->198191K(470528K) Eden: 242116K(242176K)->0K(242176K) From: 206309K(227840K)->198191K(228352K)
[2024-08-29T23:14:42.951+0800] GC(193) ParOldGen: 528479K(1398272K)->660527K(1398272K)
[2024-08-29T23:14:42.951+0800] GC(193) Metaspace: 1647K(1792K)->1647K(1792K) NonClass: 1528K(1600K)->1528K(1600K) Class: 119K(192K)->119K(192K)
[2024-08-29T23:14:42.951+0800] GC(193) Pause Young (Allocation Failure) 954M->838M(1825M) 63.100ms
[2024-08-29T23:14:42.951+0800] GC(193) User=0.48s Sys=0.00s Real=0.06s
[2024-08-29T23:14:43.061+0800] GC(194) Pause Young (Allocation Failure)
[2024-08-29T23:14:43.127+0800] GC(194) PSYoungGen: 440210K(470528K)->197665K(476160K) Eden: 242018K(242176K)->0K(250880K) From: 198191K(228352K)->197665K(225280K)
[2024-08-29T23:14:43.127+0800] GC(194) ParOldGen: 660527K(1398272K)->784151K(1398272K)
[2024-08-29T23:14:43.127+0800] GC(194) Metaspace: 1647K(1792K)->1647K(1792K) NonClass: 1528K(1600K)->1528K(1600K) Class: 119K(192K)->119K(192K)
[2024-08-29T23:14:43.127+0800] GC(194) Pause Young (Allocation Failure) 1074M->958M(1830M) 66.108ms
[2024-08-29T23:14:43.127+0800] GC(194) User=0.50s Sys=0.01s Real=0.07s
[2024-08-29T23:14:43.230+0800] GC(195) Pause Young (Allocation Failure)
[2024-08-29T23:14:43.308+0800] GC(195) PSYoungGen: 448177K(476160K)->213440K(464384K) Eden: 250511K(250880K)->0K(250880K) From: 197665K(225280K)->213440K(213504K)
[2024-08-29T23:14:43.309+0800] GC(195) ParOldGen: 784151K(1398272K)->942697K(1398272K)
[2024-08-29T23:14:43.309+0800] GC(195) Metaspace: 1647K(1792K)->1647K(1792K) NonClass: 1528K(1600K)->1528K(1600K) Class: 119K(192K)->119K(192K)
[2024-08-29T23:14:43.309+0800] GC(195) Pause Young (Allocation Failure) 1203M->1129M(1819M) 78.313ms
[2024-08-29T23:14:43.309+0800] GC(195) User=0.59s Sys=0.00s Real=0.08s
[2024-08-29T23:14:43.436+0800] GC(196) Pause Young (Allocation Failure)
[2024-08-29T23:14:43.503+0800] GC(196) PSYoungGen: 462921K(464384K)->201163K(474624K) Eden: 249481K(250880K)->0K(248832K) From: 213440K(213504K)->201163K(225792K)
[2024-08-29T23:14:43.504+0800] GC(196) ParOldGen: 942697K(1398272K)->1084311K(1398272K)
[2024-08-29T23:14:43.504+0800] GC(196) Metaspace: 1647K(1792K)->1647K(1792K) NonClass: 1528K(1600K)->1528K(1600K) Class: 119K(192K)->119K(192K)
[2024-08-29T23:14:43.504+0800] GC(196) Pause Young (Allocation Failure) 1372M->1255M(1829M) 67.562ms
[2024-08-29T23:14:43.504+0800] GC(196) User=0.51s Sys=0.00s Real=0.07s
[2024-08-29T23:14:43.613+0800] GC(197) Pause Young (Allocation Failure)
[2024-08-29T23:14:43.668+0800] GC(197) PSYoungGen: 448962K(474624K)->205366K(473088K) Eden: 247799K(248832K)->0K(248832K) From: 201163K(225792K)->205366K(224256K)
[2024-08-29T23:14:43.668+0800] GC(197) ParOldGen: 1084311K(1398272K)->1215056K(1398272K)
[2024-08-29T23:14:43.668+0800] GC(197) Metaspace: 1647K(1792K)->1647K(1792K) NonClass: 1528K(1600K)->1528K(1600K) Class: 119K(192K)->119K(192K)
[2024-08-29T23:14:43.668+0800] GC(197) Pause Young (Allocation Failure) 1497M->1387M(1827M) 55.142ms
[2024-08-29T23:14:43.668+0800] GC(197) User=0.43s Sys=0.00s Real=0.05s
[2024-08-29T23:14:43.668+0800] GC(198) Pause Full (Ergonomics)
[2024-08-29T23:14:43.668+0800] GC(198) Marking Phase
[2024-08-29T23:14:43.672+0800] GC(198) Marking Phase 3.939ms
[2024-08-29T23:14:43.672+0800] GC(198) Summary Phase
[2024-08-29T23:14:43.672+0800] GC(198) Summary Phase 0.032ms
[2024-08-29T23:14:43.672+0800] GC(198) Adjust Roots
[2024-08-29T23:14:43.673+0800] GC(198) Adjust Roots 0.865ms
[2024-08-29T23:14:43.673+0800] GC(198) Compaction Phase
[2024-08-29T23:14:43.740+0800] GC(198) Compaction Phase 66.537ms
[2024-08-29T23:14:43.740+0800] GC(198) Post Compact
[2024-08-29T23:14:43.749+0800] GC(198) Post Compact 9.334ms
[2024-08-29T23:14:43.749+0800] GC(198) PSYoungGen: 205366K(473088K)->0K(475136K) Eden: 0K(248832K)->0K(251392K) From: 205366K(224256K)->0K(223744K)
[2024-08-29T23:14:43.750+0800] GC(198) ParOldGen: 1215056K(1398272K)->610997K(1398272K)
[2024-08-29T23:14:43.750+0800] GC(198) Metaspace: 1647K(1792K)->1647K(1792K) NonClass: 1528K(1600K)->1528K(1600K) Class: 119K(192K)->119K(192K)
[2024-08-29T23:14:43.750+0800] GC(198) Pause Full (Ergonomics) 1387M->596M(1829M) 81.261ms
[2024-08-29T23:14:43.750+0800] GC(198) User=0.55s Sys=0.00s Real=0.08s
[2024-08-29T23:14:43.858+0800] GC(199) Pause Young (Allocation Failure)
[2024-08-29T23:14:43.898+0800] GC(199) PSYoungGen: 251158K(475136K)->197089K(475136K) Eden: 251158K(251392K)->0K(251392K) From: 0K(223744K)->197089K(223744K)
[2024-08-29T23:14:43.898+0800] GC(199) ParOldGen: 610997K(1398272K)->610997K(1398272K)
[2024-08-29T23:14:43.898+0800] GC(199) Metaspace: 1647K(1792K)->1647K(1792K) NonClass: 1528K(1600K)->1528K(1600K) Class: 119K(192K)->119K(192K)
[2024-08-29T23:14:43.898+0800] GC(199) Pause Young (Allocation Failure) 841M->789M(1829M) 39.972ms
[2024-08-29T23:14:43.898+0800] GC(199) User=0.30s Sys=0.00s Real=0.04s
[2024-08-29T23:14:44.016+0800] GC(200) Pause Young (Allocation Failure)
[2024-08-29T23:14:44.085+0800] GC(200) PSYoungGen: 447670K(475136K)->221793K(465408K) Eden: 250580K(251392K)->0K(243200K) From: 197089K(223744K)->221793K(222208K)
[2024-08-29T23:14:44.085+0800] GC(200) ParOldGen: 610997K(1398272K)->757972K(1398272K)
[2024-08-29T23:14:44.085+0800] GC(200) Metaspace: 1647K(1792K)->1647K(1792K) NonClass: 1528K(1600K)->1528K(1600K) Class: 119K(192K)->119K(192K)
[2024-08-29T23:14:44.085+0800] GC(200) Pause Young (Allocation Failure) 1033M->956M(1820M) 69.061ms
[2024-08-29T23:14:44.085+0800] GC(200) User=0.54s Sys=0.00s Real=0.07s
[2024-08-29T23:14:44.219+0800] GC(201) Pause Young (Allocation Failure)
[2024-08-29T23:14:44.281+0800] GC(201) PSYoungGen: 463753K(465408K)->184665K(428032K) Eden: 241959K(243200K)->0K(243200K) From: 221793K(222208K)->184665K(184832K)
[2024-08-29T23:14:44.281+0800] GC(201) ParOldGen: 757972K(1398272K)->911521K(1398272K)
[2024-08-29T23:14:44.281+0800] GC(201) Metaspace: 1647K(1792K)->1647K(1792K) NonClass: 1528K(1600K)->1528K(1600K) Class: 119K(192K)->119K(192K)
[2024-08-29T23:14:44.281+0800] GC(201) Pause Young (Allocation Failure) 1193M->1070M(1783M) 62.115ms
[2024-08-29T23:14:44.281+0800] GC(201) User=0.49s Sys=0.00s Real=0.06s
[2024-08-29T23:14:44.396+0800] GC(202) Pause Young (Allocation Failure)
[2024-08-29T23:14:44.447+0800] GC(202) PSYoungGen: 425136K(428032K)->209636K(469504K) Eden: 240470K(243200K)->0K(241152K) From: 184665K(184832K)->209636K(228352K)
[2024-08-29T23:14:44.447+0800] GC(202) ParOldGen: 911521K(1398272K)->1020790K(1398272K)
[2024-08-29T23:14:44.447+0800] GC(202) Metaspace: 1647K(1792K)->1647K(1792K) NonClass: 1528K(1600K)->1528K(1600K) Class: 119K(192K)->119K(192K)
[2024-08-29T23:14:44.447+0800] GC(202) Pause Young (Allocation Failure) 1305M->1201M(1824M) 51.389ms
[2024-08-29T23:14:44.447+0800] GC(202) User=0.39s Sys=0.00s Real=0.05s
[2024-08-29T23:14:44.550+0800] GC(203) Pause Young (Allocation Failure)
[2024-08-29T23:14:44.611+0800] GC(203) PSYoungGen: 447929K(469504K)->204780K(470016K) Eden: 238293K(241152K)->0K(241152K) From: 209636K(228352K)->204780K(228864K)
[2024-08-29T23:14:44.611+0800] GC(203) ParOldGen: 1020790K(1398272K)->1149252K(1398272K)
[2024-08-29T23:14:44.611+0800] GC(203) Metaspace: 1647K(1792K)->1647K(1792K) NonClass: 1528K(1600K)->1528K(1600K) Class: 119K(192K)->119K(192K)
[2024-08-29T23:14:44.611+0800] GC(203) Pause Young (Allocation Failure) 1434M->1322M(1824M) 61.015ms
[2024-08-29T23:14:44.611+0800] GC(203) User=0.47s Sys=0.00s Real=0.06s
[2024-08-29T23:14:44.720+0800] GC(204) Pause Young (Allocation Failure)
[2024-08-29T23:14:44.785+0800] GC(204) PSYoungGen: 445389K(470016K)->208648K(470528K) Eden: 240608K(241152K)->0K(243200K) From: 204780K(228864K)->208648K(227328K)
[2024-08-29T23:14:44.785+0800] GC(204) ParOldGen: 1149252K(1398272K)->1304679K(1398272K)
[2024-08-29T23:14:44.785+0800] GC(204) Metaspace: 1647K(1792K)->1647K(1792K) NonClass: 1528K(1600K)->1528K(1600K) Class: 119K(192K)->119K(192K)
[2024-08-29T23:14:44.785+0800] GC(204) Pause Young (Allocation Failure) 1557M->1477M(1825M) 65.672ms
[2024-08-29T23:14:44.785+0800] GC(204) User=0.51s Sys=0.00s Real=0.07s
[2024-08-29T23:14:44.785+0800] GC(205) Pause Full (Ergonomics)
[2024-08-29T23:14:44.785+0800] GC(205) Marking Phase
[2024-08-29T23:14:44.788+0800] GC(205) Marking Phase 2.882ms
[2024-08-29T23:14:44.788+0800] GC(205) Summary Phase
[2024-08-29T23:14:44.788+0800] GC(205) Summary Phase 0.027ms
[2024-08-29T23:14:44.788+0800] GC(205) Adjust Roots
[2024-08-29T23:14:44.789+0800] GC(205) Adjust Roots 0.896ms
[2024-08-29T23:14:44.789+0800] GC(205) Compaction Phase
[2024-08-29T23:14:44.868+0800] GC(205) Compaction Phase 78.893ms
[2024-08-29T23:14:44.868+0800] GC(205) Post Compact
[2024-08-29T23:14:44.878+0800] GC(205) Post Compact 9.781ms
[2024-08-29T23:14:44.878+0800] GC(205) PSYoungGen: 208648K(470528K)->0K(471040K) Eden: 0K(243200K)->0K(243200K) From: 208648K(227328K)->0K(227840K)
[2024-08-29T23:14:44.878+0800] GC(205) ParOldGen: 1304679K(1398272K)->638527K(1398272K)
[2024-08-29T23:14:44.878+0800] GC(205) Metaspace: 1647K(1792K)->1647K(1792K) NonClass: 1528K(1600K)->1528K(1600K) Class: 119K(192K)->119K(192K)
[2024-08-29T23:14:44.878+0800] GC(205) Pause Full (Ergonomics) 1477M->623M(1825M) 92.931ms
[2024-08-29T23:14:44.878+0800] GC(205) User=0.65s Sys=0.00s Real=0.09s
[2024-08-29T23:14:44.991+0800] GC(206) Pause Young (Allocation Failure)
[2024-08-29T23:14:45.023+0800] GC(206) PSYoungGen: 242983K(471040K)->206433K(472064K) Eden: 242983K(243200K)->0K(244224K) From: 0K(227840K)->206433K(227840K)
[2024-08-29T23:14:45.023+0800] GC(206) ParOldGen: 638527K(1398272K)->638527K(1398272K)
[2024-08-29T23:14:45.023+0800] GC(206) Metaspace: 1647K(1792K)->1647K(1792K) NonClass: 1528K(1600K)->1528K(1600K) Class: 119K(192K)->119K(192K)
[2024-08-29T23:14:45.023+0800] GC(206) Pause Young (Allocation Failure) 860M->825M(1826M) 32.282ms
[2024-08-29T23:14:45.023+0800] GC(206) User=0.25s Sys=0.00s Real=0.04s
[2024-08-29T23:14:45.152+0800] GC(207) Pause Young (Allocation Failure)
[2024-08-29T23:14:45.205+0800] GC(207) PSYoungGen: 450357K(472064K)->215499K(459776K) Eden: 243924K(244224K)->0K(244224K) From: 206433K(227840K)->215499K(215552K)
[2024-08-29T23:14:45.205+0800] GC(207) ParOldGen: 638527K(1398272K)->774806K(1398272K)
[2024-08-29T23:14:45.205+0800] GC(207) Metaspace: 1647K(1792K)->1647K(1792K) NonClass: 1528K(1600K)->1528K(1600K) Class: 119K(192K)->119K(192K)
[2024-08-29T23:14:45.205+0800] GC(207) Pause Young (Allocation Failure) 1063M->967M(1814M) 53.891ms
[2024-08-29T23:14:45.206+0800] GC(207) User=0.42s Sys=0.00s Real=0.06s
[2024-08-29T23:14:45.310+0800] GC(208) Pause Young (Allocation Failure)
[2024-08-29T23:14:45.361+0800] GC(208) PSYoungGen: 455385K(459776K)->186397K(468992K) Eden: 239885K(244224K)->0K(240128K) From: 215499K(215552K)->186397K(228864K)
[2024-08-29T23:14:45.361+0800] GC(208) ParOldGen: 774806K(1398272K)->925836K(1398272K)
[2024-08-29T23:14:45.361+0800] GC(208) Metaspace: 1647K(1792K)->1647K(1792K) NonClass: 1528K(1600K)->1528K(1600K) Class: 119K(192K)->119K(192K)
[2024-08-29T23:14:45.361+0800] GC(208) Pause Young (Allocation Failure) 1201M->1086M(1823M) 51.179ms
[2024-08-29T23:14:45.361+0800] GC(208) User=0.40s Sys=0.00s Real=0.05s
[2024-08-29T23:14:45.468+0800] GC(209) Pause Young (Allocation Failure)
[2024-08-29T23:14:45.525+0800] GC(209) PSYoungGen: 425194K(468992K)->194060K(469504K) Eden: 238797K(240128K)->0K(240128K) From: 186397K(228864K)->194060K(229376K)
[2024-08-29T23:14:45.525+0800] GC(209) ParOldGen: 925836K(1398272K)->1047485K(1398272K)
[2024-08-29T23:14:45.525+0800] GC(209) Metaspace: 1647K(1792K)->1647K(1792K) NonClass: 1528K(1600K)->1528K(1600K) Class: 119K(192K)->119K(192K)
[2024-08-29T23:14:45.525+0800] GC(209) Pause Young (Allocation Failure) 1319M->1212M(1824M) 57.264ms
[2024-08-29T23:14:45.525+0800] GC(209) User=0.45s Sys=0.00s Real=0.06s
[2024-08-29T23:14:45.620+0800] GC(210) Pause Young (Allocation Failure)
[2024-08-29T23:14:45.680+0800] GC(210) PSYoungGen: 433602K(469504K)->208771K(470528K) Eden: 239542K(240128K)->0K(242176K) From: 194060K(229376K)->208771K(228352K)
[2024-08-29T23:14:45.680+0800] GC(210) ParOldGen: 1047485K(1398272K)->1174865K(1398272K)
[2024-08-29T23:14:45.680+0800] GC(210) Metaspace: 1647K(1792K)->1647K(1792K) NonClass: 1528K(1600K)->1528K(1600K) Class: 119K(192K)->119K(192K)
[2024-08-29T23:14:45.680+0800] GC(210) Pause Young (Allocation Failure) 1446M->1351M(1825M) 60.336ms
[2024-08-29T23:14:45.680+0800] GC(210) User=0.47s Sys=0.00s Real=0.06s
[2024-08-29T23:14:45.803+0800] GC(211) Pause Young (Allocation Failure)
[2024-08-29T23:14:45.872+0800] GC(211) PSYoungGen: 450388K(470528K)->207430K(470528K) Eden: 241616K(242176K)->0K(242176K) From: 208771K(228352K)->207430K(228352K)
[2024-08-29T23:14:45.872+0800] GC(211) ParOldGen: 1174865K(1398272K)->1343696K(1398272K)
[2024-08-29T23:14:45.872+0800] GC(211) Metaspace: 1647K(1792K)->1647K(1792K) NonClass: 1528K(1600K)->1528K(1600K) Class: 119K(192K)->119K(192K)
[2024-08-29T23:14:45.872+0800] GC(211) Pause Young (Allocation Failure) 1587M->1514M(1825M) 69.375ms
[2024-08-29T23:14:45.872+0800] GC(211) User=0.54s Sys=0.00s Real=0.06s
[2024-08-29T23:14:45.872+0800] GC(212) Pause Full (Ergonomics)
[2024-08-29T23:14:45.872+0800] GC(212) Marking Phase
[2024-08-29T23:14:45.875+0800] GC(212) Marking Phase 2.962ms
[2024-08-29T23:14:45.875+0800] GC(212) Summary Phase
[2024-08-29T23:14:45.875+0800] GC(212) Summary Phase 0.046ms
[2024-08-29T23:14:45.875+0800] GC(212) Adjust Roots
[2024-08-29T23:14:45.876+0800] GC(212) Adjust Roots 1.139ms
[2024-08-29T23:14:45.876+0800] GC(212) Compaction Phase
[2024-08-29T23:14:45.967+0800] GC(212) Compaction Phase 91.104ms
[2024-08-29T23:14:45.968+0800] GC(212) Post Compact
[2024-08-29T23:14:45.977+0800] GC(212) Post Compact 9.436ms
[2024-08-29T23:14:45.977+0800] GC(212) PSYoungGen: 207430K(470528K)->0K(471040K) Eden: 0K(242176K)->0K(243200K) From: 207430K(228352K)->0K(227840K)
[2024-08-29T23:14:45.977+0800] GC(212) ParOldGen: 1343696K(1398272K)->731073K(1398272K)
[2024-08-29T23:14:45.977+0800] GC(212) Metaspace: 1647K(1792K)->1647K(1792K) NonClass: 1528K(1600K)->1528K(1600K) Class: 119K(192K)->119K(192K)
[2024-08-29T23:14:45.977+0800] GC(212) Pause Full (Ergonomics) 1514M->713M(1825M) 105.167ms
[2024-08-29T23:14:45.977+0800] GC(212) User=0.72s Sys=0.00s Real=0.11s
[2024-08-29T23:14:46.117+0800] GC(213) Pause Young (Allocation Failure)
[2024-08-29T23:14:46.150+0800] GC(213) PSYoungGen: 242661K(471040K)->194098K(471040K) Eden: 242661K(243200K)->0K(243200K) From: 0K(227840K)->194098K(227840K)
[2024-08-29T23:14:46.150+0800] GC(213) ParOldGen: 731073K(1398272K)->731073K(1398272K)
[2024-08-29T23:14:46.150+0800] GC(213) Metaspace: 1647K(1792K)->1647K(1792K) NonClass: 1528K(1600K)->1528K(1600K) Class: 119K(192K)->119K(192K)
[2024-08-29T23:14:46.150+0800] GC(213) Pause Young (Allocation Failure) 950M->903M(1825M) 33.582ms
[2024-08-29T23:14:46.150+0800] GC(213) User=0.25s Sys=0.00s Real=0.03s
[2024-08-29T23:14:46.284+0800] GC(214) Pause Young (Allocation Failure)
[2024-08-29T23:14:46.337+0800] GC(214) PSYoungGen: 435415K(471040K)->174352K(467968K) Eden: 241317K(243200K)->0K(241152K) From: 194098K(227840K)->174352K(226816K)
[2024-08-29T23:14:46.337+0800] GC(214) ParOldGen: 731073K(1398272K)->849405K(1398272K)
[2024-08-29T23:14:46.337+0800] GC(214) Metaspace: 1647K(1792K)->1647K(1792K) NonClass: 1528K(1600K)->1528K(1600K) Class: 119K(192K)->119K(192K)
[2024-08-29T23:14:46.337+0800] GC(214) Pause Young (Allocation Failure) 1139M->999M(1822M) 53.619ms
[2024-08-29T23:14:46.337+0800] GC(214) User=0.41s Sys=0.00s Real=0.05s
[2024-08-29T23:14:46.451+0800] GC(215) Pause Young (Allocation Failure)
[2024-08-29T23:14:46.501+0800] GC(215) PSYoungGen: 414425K(467968K)->182119K(470016K) Eden: 240073K(241152K)->0K(241152K) From: 174352K(226816K)->182119K(228864K)
[2024-08-29T23:14:46.501+0800] GC(215) ParOldGen: 849405K(1398272K)->957444K(1398272K)
[2024-08-29T23:14:46.501+0800] GC(215) Metaspace: 1647K(1792K)->1647K(1792K) NonClass: 1528K(1600K)->1528K(1600K) Class: 119K(192K)->119K(192K)
[2024-08-29T23:14:46.501+0800] GC(215) Pause Young (Allocation Failure) 1234M->1112M(1824M) 49.846ms
[2024-08-29T23:14:46.501+0800] GC(215) User=0.38s Sys=0.00s Real=0.05s
[2024-08-29T23:14:46.624+0800] GC(216) Pause Young (Allocation Failure)
[2024-08-29T23:14:46.682+0800] GC(216) PSYoungGen: 421417K(470016K)->193934K(472576K) Eden: 239297K(241152K)->0K(243712K) From: 182119K(228864K)->193934K(228864K)
[2024-08-29T23:14:46.682+0800] GC(216) ParOldGen: 957444K(1398272K)->1074141K(1398272K)
[2024-08-29T23:14:46.682+0800] GC(216) Metaspace: 1647K(1792K)->1647K(1792K) NonClass: 1528K(1600K)->1528K(1600K) Class: 119K(192K)->119K(192K)
[2024-08-29T23:14:46.682+0800] GC(216) Pause Young (Allocation Failure) 1346M->1238M(1827M) 57.628ms
[2024-08-29T23:14:46.682+0800] GC(216) User=0.45s Sys=0.00s Real=0.05s
[2024-08-29T23:14:46.791+0800] GC(217) Pause Young (Allocation Failure)
[2024-08-29T23:14:46.851+0800] GC(217) PSYoungGen: 436054K(472576K)->208469K(470016K) Eden: 242120K(243712K)->0K(243712K) From: 193934K(228864K)->208469K(226304K)
[2024-08-29T23:14:46.851+0800] GC(217) ParOldGen: 1074141K(1398272K)->1200783K(1398272K)
[2024-08-29T23:14:46.851+0800] GC(217) Metaspace: 1647K(1792K)->1647K(1792K) NonClass: 1528K(1600K)->1528K(1600K) Class: 119K(192K)->119K(192K)
[2024-08-29T23:14:46.851+0800] GC(217) Pause Young (Allocation Failure) 1474M->1376M(1824M) 60.006ms
[2024-08-29T23:14:46.851+0800] GC(217) User=0.46s Sys=0.00s Real=0.06s
[2024-08-29T23:14:46.972+0800] GC(218) Pause Young (Allocation Failure)
[2024-08-29T23:14:47.031+0800] GC(218) PSYoungGen: 448269K(470016K)->194236K(473600K) Eden: 239800K(243712K)->0K(246272K) From: 208469K(226304K)->194236K(227328K)
[2024-08-29T23:14:47.031+0800] GC(218) ParOldGen: 1200783K(1398272K)->1335457K(1398272K)
[2024-08-29T23:14:47.032+0800] GC(218) Metaspace: 1647K(1792K)->1647K(1792K) NonClass: 1528K(1600K)->1528K(1600K) Class: 119K(192K)->119K(192K)
[2024-08-29T23:14:47.032+0800] GC(218) Pause Young (Allocation Failure) 1610M->1493M(1828M) 59.474ms
[2024-08-29T23:14:47.032+0800] GC(218) User=0.47s Sys=0.00s Real=0.06s
[2024-08-29T23:14:47.032+0800] GC(219) Pause Full (Ergonomics)
[2024-08-29T23:14:47.032+0800] GC(219) Marking Phase
[2024-08-29T23:14:47.035+0800] GC(219) Marking Phase 3.027ms
[2024-08-29T23:14:47.035+0800] GC(219) Summary Phase
[2024-08-29T23:14:47.035+0800] GC(219) Summary Phase 0.041ms
[2024-08-29T23:14:47.035+0800] GC(219) Adjust Roots
[2024-08-29T23:14:47.036+0800] GC(219) Adjust Roots 1.001ms
[2024-08-29T23:14:47.036+0800] GC(219) Compaction Phase
[2024-08-29T23:14:47.108+0800] GC(219) Compaction Phase 71.817ms
[2024-08-29T23:14:47.108+0800] GC(219) Post Compact
[2024-08-29T23:14:47.117+0800] GC(219) Post Compact 8.979ms
[2024-08-29T23:14:47.117+0800] GC(219) PSYoungGen: 194236K(473600K)->0K(471552K) Eden: 0K(246272K)->0K(246272K) From: 194236K(227328K)->0K(225280K)
[2024-08-29T23:14:47.117+0800] GC(219) ParOldGen: 1335457K(1398272K)->603451K(1398272K)
[2024-08-29T23:14:47.117+0800] GC(219) Metaspace: 1647K(1792K)->1647K(1792K) NonClass: 1528K(1600K)->1528K(1600K) Class: 119K(192K)->119K(192K)
[2024-08-29T23:14:47.117+0800] GC(219) Pause Full (Ergonomics) 1493M->589M(1826M) 85.393ms
[2024-08-29T23:14:47.117+0800] GC(219) User=0.58s Sys=0.00s Real=0.09s
[2024-08-29T23:14:47.228+0800] GC(220) Pause Young (Allocation Failure)
[2024-08-29T23:14:47.264+0800] GC(220) PSYoungGen: 245989K(471552K)->219025K(463360K) Eden: 245989K(246272K)->0K(238080K) From: 0K(225280K)->219025K(225280K)
[2024-08-29T23:14:47.265+0800] GC(220) ParOldGen: 603451K(1398272K)->603451K(1398272K)
[2024-08-29T23:14:47.265+0800] GC(220) Metaspace: 1647K(1792K)->1647K(1792K) NonClass: 1528K(1600K)->1528K(1600K) Class: 119K(192K)->119K(192K)
[2024-08-29T23:14:47.265+0800] GC(220) Pause Young (Allocation Failure) 829M->803M(1818M) 36.505ms
[2024-08-29T23:14:47.265+0800] GC(220) User=0.28s Sys=0.00s Real=0.04s
[2024-08-29T23:14:47.370+0800] GC(221) Pause Young (Allocation Failure)
[2024-08-29T23:14:47.436+0800] GC(221) PSYoungGen: 453622K(463360K)->198487K(468480K) Eden: 234596K(238080K)->0K(238080K) From: 219025K(225280K)->198487K(230400K)
[2024-08-29T23:14:47.436+0800] GC(221) ParOldGen: 603451K(1398272K)->780655K(1398272K)
[2024-08-29T23:14:47.436+0800] GC(221) Metaspace: 1647K(1792K)->1647K(1792K) NonClass: 1528K(1600K)->1528K(1600K) Class: 119K(192K)->119K(192K)
[2024-08-29T23:14:47.436+0800] GC(221) Pause Young (Allocation Failure) 1032M->956M(1823M) 65.998ms
[2024-08-29T23:14:47.436+0800] GC(221) User=0.51s Sys=0.00s Real=0.07s
[2024-08-29T23:14:47.530+0800] GC(222) Pause Young (Allocation Failure)
[2024-08-29T23:14:47.593+0800] GC(222) PSYoungGen: 436182K(468480K)->204497K(472064K) Eden: 237694K(238080K)->0K(244224K) From: 198487K(230400K)->204497K(227840K)
[2024-08-29T23:14:47.593+0800] GC(222) ParOldGen: 780655K(1398272K)->928878K(1398272K)
[2024-08-29T23:14:47.593+0800] GC(222) Metaspace: 1647K(1792K)->1647K(1792K) NonClass: 1528K(1600K)->1528K(1600K) Class: 119K(192K)->119K(192K)
[2024-08-29T23:14:47.593+0800] GC(222) Pause Young (Allocation Failure) 1188M->1106M(1826M) 62.841ms
[2024-08-29T23:14:47.593+0800] GC(222) User=0.49s Sys=0.00s Real=0.07s
[2024-08-29T23:14:47.708+0800] GC(223) Pause Young (Allocation Failure)
[2024-08-29T23:14:47.779+0800] GC(223) PSYoungGen: 448197K(472064K)->200644K(471040K) Eden: 243699K(244224K)->0K(244224K) From: 204497K(227840K)->200644K(226816K)
[2024-08-29T23:14:47.780+0800] GC(223) ParOldGen: 928878K(1398272K)->1079562K(1398272K)
[2024-08-29T23:14:47.780+0800] GC(223) Metaspace: 1647K(1792K)->1647K(1792K) NonClass: 1528K(1600K)->1528K(1600K) Class: 119K(192K)->119K(192K)
[2024-08-29T23:14:47.780+0800] GC(223) Pause Young (Allocation Failure) 1344M->1250M(1825M) 71.567ms
[2024-08-29T23:14:47.780+0800] GC(223) User=0.56s Sys=0.00s Real=0.07s
[2024-08-29T23:14:47.902+0800] GC(224) Pause Young (Allocation Failure)
[2024-08-29T23:14:47.956+0800] GC(224) PSYoungGen: 444397K(471040K)->195598K(476160K) Eden: 243753K(244224K)->0K(251904K) From: 200644K(226816K)->195598K(224256K)
[2024-08-29T23:14:47.956+0800] GC(224) ParOldGen: 1079562K(1398272K)->1218572K(1398272K)
[2024-08-29T23:14:47.956+0800] GC(224) Metaspace: 1647K(1792K)->1647K(1792K) NonClass: 1528K(1600K)->1528K(1600K) Class: 119K(192K)->119K(192K)
[2024-08-29T23:14:47.956+0800] GC(224) Pause Young (Allocation Failure) 1488M->1381M(1830M) 53.743ms
[2024-08-29T23:14:47.956+0800] GC(224) User=0.42s Sys=0.00s Real=0.05s
[2024-08-29T23:14:47.956+0800] GC(225) Pause Full (Ergonomics)
[2024-08-29T23:14:47.956+0800] GC(225) Marking Phase
[2024-08-29T23:14:47.959+0800] GC(225) Marking Phase 2.655ms
[2024-08-29T23:14:47.959+0800] GC(225) Summary Phase
[2024-08-29T23:14:47.959+0800] GC(225) Summary Phase 0.029ms
[2024-08-29T23:14:47.959+0800] GC(225) Adjust Roots
[2024-08-29T23:14:47.960+0800] GC(225) Adjust Roots 1.002ms
[2024-08-29T23:14:47.960+0800] GC(225) Compaction Phase
[2024-08-29T23:14:48.036+0800] GC(225) Compaction Phase 76.085ms
[2024-08-29T23:14:48.036+0800] GC(225) Post Compact
[2024-08-29T23:14:48.044+0800] GC(225) Post Compact 7.574ms
[2024-08-29T23:14:48.044+0800] GC(225) PSYoungGen: 195598K(476160K)->0K(474624K) Eden: 0K(251904K)->0K(251904K) From: 195598K(224256K)->0K(222720K)
[2024-08-29T23:14:48.044+0800] GC(225) ParOldGen: 1218572K(1398272K)->678811K(1398272K)
[2024-08-29T23:14:48.044+0800] GC(225) Metaspace: 1647K(1792K)->1647K(1792K) NonClass: 1528K(1600K)->1528K(1600K) Class: 119K(192K)->119K(192K)
[2024-08-29T23:14:48.044+0800] GC(225) Pause Full (Ergonomics) 1381M->662M(1829M) 87.680ms
[2024-08-29T23:14:48.044+0800] GC(225) User=0.62s Sys=0.00s Real=0.09s
[2024-08-29T23:14:48.154+0800] GC(226) Pause Young (Allocation Failure)
[2024-08-29T23:14:48.192+0800] GC(226) PSYoungGen: 248245K(474624K)->221627K(464896K) Eden: 248245K(251904K)->0K(242176K) From: 0K(222720K)->221627K(222720K)
[2024-08-29T23:14:48.192+0800] GC(226) ParOldGen: 678811K(1398272K)->682409K(1398272K)
[2024-08-29T23:14:48.192+0800] GC(226) Metaspace: 1647K(1792K)->1647K(1792K) NonClass: 1528K(1600K)->1528K(1600K) Class: 119K(192K)->119K(192K)
[2024-08-29T23:14:48.192+0800] GC(226) Pause Young (Allocation Failure) 905M->882M(1819M) 38.357ms
[2024-08-29T23:14:48.192+0800] GC(226) User=0.29s Sys=0.00s Real=0.03s
[2024-08-29T23:14:48.310+0800] GC(227) Pause Young (Allocation Failure)
[2024-08-29T23:14:48.369+0800] GC(227) PSYoungGen: 461620K(464896K)->182290K(424960K) Eden: 239993K(242176K)->0K(242176K) From: 221627K(222720K)->182290K(182784K)
[2024-08-29T23:14:48.369+0800] GC(227) ParOldGen: 682409K(1398272K)->850934K(1398272K)
[2024-08-29T23:14:48.369+0800] GC(227) Metaspace: 1647K(1792K)->1647K(1792K) NonClass: 1528K(1600K)->1528K(1600K) Class: 119K(192K)->119K(192K)
[2024-08-29T23:14:48.369+0800] GC(227) Pause Young (Allocation Failure) 1117M->1009M(1780M) 59.862ms
[2024-08-29T23:14:48.369+0800] GC(227) User=0.47s Sys=0.00s Real=0.06s
[2024-08-29T23:14:48.476+0800] GC(228) Pause Young (Allocation Failure)
[2024-08-29T23:14:48.530+0800] GC(228) PSYoungGen: 423445K(424960K)->192596K(471552K) Eden: 241155K(242176K)->0K(242176K) From: 182290K(182784K)->192596K(229376K)
[2024-08-29T23:14:48.530+0800] GC(228) ParOldGen: 850934K(1398272K)->983239K(1398272K)
[2024-08-29T23:14:48.530+0800] GC(228) Metaspace: 1647K(1792K)->1647K(1792K) NonClass: 1528K(1600K)->1528K(1600K) Class: 119K(192K)->119K(192K)
[2024-08-29T23:14:48.530+0800] GC(228) Pause Young (Allocation Failure) 1244M->1148M(1826M) 54.407ms
[2024-08-29T23:14:48.530+0800] GC(228) User=0.43s Sys=0.00s Real=0.05s
[2024-08-29T23:14:48.644+0800] GC(229) Pause Young (Allocation Failure)
[2024-08-29T23:14:48.703+0800] GC(229) PSYoungGen: 432889K(471552K)->197597K(469504K) Eden: 240292K(242176K)->0K(242176K) From: 192596K(229376K)->197597K(227328K)
[2024-08-29T23:14:48.703+0800] GC(229) ParOldGen: 983239K(1398272K)->1100981K(1398272K)
[2024-08-29T23:14:48.703+0800] GC(229) Metaspace: 1647K(1792K)->1647K(1792K) NonClass: 1528K(1600K)->1528K(1600K) Class: 119K(192K)->119K(192K)
[2024-08-29T23:14:48.703+0800] GC(229) Pause Young (Allocation Failure) 1382M->1268M(1824M) 58.748ms
[2024-08-29T23:14:48.703+0800] GC(229) User=0.46s Sys=0.00s Real=0.06s
[2024-08-29T23:14:48.814+0800] GC(230) Pause Young (Allocation Failure)
[2024-08-29T23:14:48.874+0800] GC(230) PSYoungGen: 437727K(469504K)->191083K(475136K) Eden: 240129K(242176K)->0K(249856K) From: 197597K(227328K)->191083K(225280K)
[2024-08-29T23:14:48.874+0800] GC(230) ParOldGen: 1100981K(1398272K)->1241919K(1398272K)
[2024-08-29T23:14:48.874+0800] GC(230) Metaspace: 1647K(1792K)->1647K(1792K) NonClass: 1528K(1600K)->1528K(1600K) Class: 119K(192K)->119K(192K)
[2024-08-29T23:14:48.874+0800] GC(230) Pause Young (Allocation Failure) 1502M->1399M(1829M) 59.816ms
[2024-08-29T23:14:48.874+0800] GC(230) User=0.46s Sys=0.00s Real=0.06s
[2024-08-29T23:14:48.874+0800] GC(231) Pause Full (Ergonomics)
[2024-08-29T23:14:48.874+0800] GC(231) Marking Phase
[2024-08-29T23:14:48.878+0800] GC(231) Marking Phase 4.344ms
[2024-08-29T23:14:48.878+0800] GC(231) Summary Phase
[2024-08-29T23:14:48.878+0800] GC(231) Summary Phase 0.044ms
[2024-08-29T23:14:48.878+0800] GC(231) Adjust Roots
[2024-08-29T23:14:48.880+0800] GC(231) Adjust Roots 1.579ms
[2024-08-29T23:14:48.880+0800] GC(231) Compaction Phase
[2024-08-29T23:14:48.970+0800] GC(231) Compaction Phase 89.888ms
[2024-08-29T23:14:48.970+0800] GC(231) Post Compact
[2024-08-29T23:14:48.981+0800] GC(231) Post Compact 10.544ms
[2024-08-29T23:14:48.981+0800] GC(231) PSYoungGen: 191083K(475136K)->0K(473600K) Eden: 0K(249856K)->0K(249856K) From: 191083K(225280K)->0K(223744K)
[2024-08-29T23:14:48.981+0800] GC(231) ParOldGen: 1241919K(1398272K)->675690K(1398272K)
[2024-08-29T23:14:48.981+0800] GC(231) Metaspace: 1647K(1792K)->1647K(1792K) NonClass: 1528K(1600K)->1528K(1600K) Class: 119K(192K)->119K(192K)
[2024-08-29T23:14:48.981+0800] GC(231) Pause Full (Ergonomics) 1399M->659M(1828M) 107.159ms
[2024-08-29T23:14:48.981+0800] GC(231) User=0.73s Sys=0.00s Real=0.10s
[2024-08-29T23:14:49.090+0800] GC(232) Pause Young (Allocation Failure)
[2024-08-29T23:14:49.124+0800] GC(232) PSYoungGen: 248824K(473600K)->203735K(475648K) Eden: 248824K(249856K)->0K(251904K) From: 0K(223744K)->203735K(223744K)
[2024-08-29T23:14:49.124+0800] GC(232) ParOldGen: 675690K(1398272K)->675690K(1398272K)
[2024-08-29T23:14:49.124+0800] GC(232) Metaspace: 1647K(1792K)->1647K(1792K) NonClass: 1528K(1600K)->1528K(1600K) Class: 119K(192K)->119K(192K)
[2024-08-29T23:14:49.124+0800] GC(232) Pause Young (Allocation Failure) 902M->858M(1830M) 34.567ms
[2024-08-29T23:14:49.124+0800] GC(232) User=0.26s Sys=0.00s Real=0.04s
[2024-08-29T23:14:49.234+0800] GC(233) Pause Young (Allocation Failure)
[2024-08-29T23:14:49.293+0800] GC(233) PSYoungGen: 453949K(475648K)->198114K(475136K) Eden: 250213K(251904K)->0K(251904K) From: 203735K(223744K)->198114K(223232K)
[2024-08-29T23:14:49.293+0800] GC(233) ParOldGen: 675690K(1398272K)->816726K(1398272K)
[2024-08-29T23:14:49.293+0800] GC(233) Metaspace: 1647K(1792K)->1647K(1792K) NonClass: 1528K(1600K)->1528K(1600K) Class: 119K(192K)->119K(192K)
[2024-08-29T23:14:49.293+0800] GC(233) Pause Young (Allocation Failure) 1103M->991M(1829M) 59.434ms
[2024-08-29T23:14:49.293+0800] GC(233) User=0.44s Sys=0.00s Real=0.06s
[2024-08-29T23:14:49.413+0800] GC(234) Pause Young (Allocation Failure)
[2024-08-29T23:14:49.472+0800] GC(234) PSYoungGen: 448454K(475136K)->203361K(478208K) Eden: 250340K(251904K)->0K(257024K) From: 198114K(223232K)->203361K(221184K)
[2024-08-29T23:14:49.472+0800] GC(234) ParOldGen: 816726K(1398272K)->957885K(1398272K)
[2024-08-29T23:14:49.472+0800] GC(234) Metaspace: 1647K(1792K)->1647K(1792K) NonClass: 1528K(1600K)->1528K(1600K) Class: 119K(192K)->119K(192K)
[2024-08-29T23:14:49.472+0800] GC(234) Pause Young (Allocation Failure) 1235M->1134M(1832M) 59.085ms
[2024-08-29T23:14:49.472+0800] GC(234) User=0.45s Sys=0.00s Real=0.05s
[2024-08-29T23:14:49.595+0800] GC(235) Pause Young (Allocation Failure)
[2024-08-29T23:14:49.655+0800] GC(235) PSYoungGen: 458226K(478208K)->212238K(469504K) Eden: 254864K(257024K)->0K(257024K) From: 203361K(221184K)->212238K(212480K)
[2024-08-29T23:14:49.655+0800] GC(235) ParOldGen: 957885K(1398272K)->1087142K(1398272K)
[2024-08-29T23:14:49.655+0800] GC(235) Metaspace: 1647K(1792K)->1647K(1792K) NonClass: 1528K(1600K)->1528K(1600K) Class: 119K(192K)->119K(192K)
[2024-08-29T23:14:49.655+0800] GC(235) Pause Young (Allocation Failure) 1382M->1268M(1824M) 59.730ms
[2024-08-29T23:14:49.655+0800] GC(235) User=0.47s Sys=0.00s Real=0.06s
[2024-08-29T23:14:49.769+0800] GC(236) Pause Young (Allocation Failure)
[2024-08-29T23:14:49.834+0800] GC(236) PSYoungGen: 468932K(469504K)->212667K(471552K) Eden: 256693K(257024K)->0K(248320K) From: 212238K(212480K)->212667K(223232K)
[2024-08-29T23:14:49.834+0800] GC(236) ParOldGen: 1087142K(1398272K)->1226002K(1398272K)
[2024-08-29T23:14:49.835+0800] GC(236) Metaspace: 1647K(1792K)->1647K(1792K) NonClass: 1528K(1600K)->1528K(1600K) Class: 119K(192K)->119K(192K)
[2024-08-29T23:14:49.835+0800] GC(236) Pause Young (Allocation Failure) 1519M->1404M(1826M) 65.554ms
[2024-08-29T23:14:49.835+0800] GC(236) User=0.51s Sys=0.00s Real=0.07s
[2024-08-29T23:14:49.835+0800] GC(237) Pause Full (Ergonomics)
[2024-08-29T23:14:49.835+0800] GC(237) Marking Phase
[2024-08-29T23:14:49.838+0800] GC(237) Marking Phase 2.933ms
[2024-08-29T23:14:49.838+0800] GC(237) Summary Phase
[2024-08-29T23:14:49.838+0800] GC(237) Summary Phase 0.030ms
[2024-08-29T23:14:49.838+0800] GC(237) Adjust Roots
[2024-08-29T23:14:49.839+0800] GC(237) Adjust Roots 1.178ms
[2024-08-29T23:14:49.839+0800] GC(237) Compaction Phase
[2024-08-29T23:14:49.921+0800] GC(237) Compaction Phase 81.728ms
[2024-08-29T23:14:49.921+0800] GC(237) Post Compact
[2024-08-29T23:14:49.931+0800] GC(237) Post Compact 10.300ms
[2024-08-29T23:14:49.931+0800] GC(237) PSYoungGen: 212667K(471552K)->0K(473600K) Eden: 0K(248320K)->0K(248320K) From: 212667K(223232K)->0K(225280K)
[2024-08-29T23:14:49.931+0800] GC(237) ParOldGen: 1226002K(1398272K)->664359K(1398272K)
[2024-08-29T23:14:49.931+0800] GC(237) Metaspace: 1647K(1792K)->1647K(1792K) NonClass: 1528K(1600K)->1528K(1600K) Class: 119K(192K)->119K(192K)
[2024-08-29T23:14:49.931+0800] GC(237) Pause Full (Ergonomics) 1404M->648M(1828M) 96.773ms
[2024-08-29T23:14:49.931+0800] GC(237) User=0.66s Sys=0.00s Real=0.09s
[2024-08-29T23:14:50.065+0800] GC(238) Pause Young (Allocation Failure)
[2024-08-29T23:14:50.093+0800] GC(238) PSYoungGen: 246352K(473600K)->166978K(466432K) Eden: 246352K(248320K)->0K(241152K) From: 0K(225280K)->166978K(225280K)
[2024-08-29T23:14:50.093+0800] GC(238) ParOldGen: 664359K(1398272K)->664359K(1398272K)
[2024-08-29T23:14:50.093+0800] GC(238) Metaspace: 1647K(1792K)->1647K(1792K) NonClass: 1528K(1600K)->1528K(1600K) Class: 119K(192K)->119K(192K)
[2024-08-29T23:14:50.093+0800] GC(238) Pause Young (Allocation Failure) 889M->811M(1821M) 28.258ms
[2024-08-29T23:14:50.093+0800] GC(238) User=0.22s Sys=0.00s Real=0.03s
[2024-08-29T23:14:50.220+0800] GC(239) Pause Young (Allocation Failure)
[2024-08-29T23:14:50.267+0800] GC(239) PSYoungGen: 406662K(466432K)->178740K(420352K) Eden: 239684K(241152K)->0K(241152K) From: 166978K(225280K)->178740K(179200K)
[2024-08-29T23:14:50.267+0800] GC(239) ParOldGen: 664359K(1398272K)->773133K(1398272K)
[2024-08-29T23:14:50.267+0800] GC(239) Metaspace: 1647K(1792K)->1647K(1792K) NonClass: 1528K(1600K)->1528K(1600K) Class: 119K(192K)->119K(192K)
[2024-08-29T23:14:50.267+0800] GC(239) Pause Young (Allocation Failure) 1045M->929M(1776M) 47.714ms
[2024-08-29T23:14:50.267+0800] GC(239) User=0.37s Sys=0.00s Real=0.05s
[2024-08-29T23:14:50.382+0800] GC(240) Pause Young (Allocation Failure)
[2024-08-29T23:14:50.430+0800] GC(240) PSYoungGen: 419611K(420352K)->178463K(470016K) Eden: 240870K(241152K)->0K(240640K) From: 178740K(179200K)->178463K(229376K)
[2024-08-29T23:14:50.430+0800] GC(240) ParOldGen: 773133K(1398272K)->893767K(1398272K)
[2024-08-29T23:14:50.430+0800] GC(240) Metaspace: 1647K(1792K)->1647K(1792K) NonClass: 1528K(1600K)->1528K(1600K) Class: 119K(192K)->119K(192K)
[2024-08-29T23:14:50.430+0800] GC(240) Pause Young (Allocation Failure) 1164M->1047M(1824M) 48.727ms
[2024-08-29T23:14:50.430+0800] GC(240) User=0.38s Sys=0.00s Real=0.05s
[2024-08-29T23:14:50.526+0800] GC(241) Pause Young (Allocation Failure)
[2024-08-29T23:14:50.580+0800] GC(241) PSYoungGen: 416921K(470016K)->207380K(448512K) Eden: 238457K(240640K)->0K(240640K) From: 178463K(229376K)->207380K(207872K)
[2024-08-29T23:14:50.580+0800] GC(241) ParOldGen: 893767K(1398272K)->1002872K(1398272K)
[2024-08-29T23:14:50.580+0800] GC(241) Metaspace: 1647K(1792K)->1647K(1792K) NonClass: 1528K(1600K)->1528K(1600K) Class: 119K(192K)->119K(192K)
[2024-08-29T23:14:50.580+0800] GC(241) Pause Young (Allocation Failure) 1279M->1181M(1803M) 54.042ms
[2024-08-29T23:14:50.580+0800] GC(241) User=0.42s Sys=0.00s Real=0.05s
[2024-08-29T23:14:50.684+0800] GC(242) Pause Young (Allocation Failure)
[2024-08-29T23:14:50.737+0800] GC(242) PSYoungGen: 446911K(448512K)->199778K(470528K) Eden: 239530K(240640K)->0K(240128K) From: 207380K(207872K)->199778K(230400K)
[2024-08-29T23:14:50.737+0800] GC(242) ParOldGen: 1002872K(1398272K)->1130450K(1398272K)
[2024-08-29T23:14:50.737+0800] GC(242) Metaspace: 1647K(1792K)->1647K(1792K) NonClass: 1528K(1600K)->1528K(1600K) Class: 119K(192K)->119K(192K)
[2024-08-29T23:14:50.737+0800] GC(242) Pause Young (Allocation Failure) 1415M->1299M(1825M) 53.598ms
[2024-08-29T23:14:50.737+0800] GC(242) User=0.42s Sys=0.00s Real=0.05s
[2024-08-29T23:14:50.863+0800] GC(243) Pause Young (Allocation Failure)
[2024-08-29T23:14:50.921+0800] GC(243) PSYoungGen: 439496K(470528K)->172625K(468480K) Eden: 239718K(240128K)->0K(240128K) From: 199778K(230400K)->172625K(228352K)
[2024-08-29T23:14:50.921+0800] GC(243) ParOldGen: 1130450K(1398272K)->1251460K(1398272K)
[2024-08-29T23:14:50.921+0800] GC(243) Metaspace: 1647K(1792K)->1647K(1792K) NonClass: 1528K(1600K)->1528K(1600K) Class: 119K(192K)->119K(192K)
[2024-08-29T23:14:50.921+0800] GC(243) Pause Young (Allocation Failure) 1533M->1390M(1823M) 57.640ms
[2024-08-29T23:14:50.921+0800] GC(243) User=0.40s Sys=0.00s Real=0.05s
[2024-08-29T23:14:50.921+0800] GC(244) Pause Full (Ergonomics)
[2024-08-29T23:14:50.921+0800] GC(244) Marking Phase
[2024-08-29T23:14:50.925+0800] GC(244) Marking Phase 3.996ms
[2024-08-29T23:14:50.925+0800] GC(244) Summary Phase
[2024-08-29T23:14:50.925+0800] GC(244) Summary Phase 0.082ms
[2024-08-29T23:14:50.925+0800] GC(244) Adjust Roots
[2024-08-29T23:14:50.927+0800] GC(244) Adjust Roots 1.541ms
[2024-08-29T23:14:50.927+0800] GC(244) Compaction Phase
[2024-08-29T23:14:50.992+0800] GC(244) Compaction Phase 65.056ms
[2024-08-29T23:14:50.992+0800] GC(244) Post Compact
[2024-08-29T23:14:51.002+0800] GC(244) Post Compact 9.584ms
[2024-08-29T23:14:51.002+0800] GC(244) PSYoungGen: 172625K(468480K)->0K(469504K) Eden: 0K(240128K)->0K(240128K) From: 172625K(228352K)->0K(229376K)
[2024-08-29T23:14:51.002+0800] GC(244) ParOldGen: 1251460K(1398272K)->524348K(1398272K)
[2024-08-29T23:14:51.002+0800] GC(244) Metaspace: 1647K(1792K)->1647K(1792K) NonClass: 1528K(1600K)->1528K(1600K) Class: 119K(192K)->119K(192K)
[2024-08-29T23:14:51.002+0800] GC(244) Pause Full (Ergonomics) 1390M->512M(1824M) 80.870ms
[2024-08-29T23:14:51.002+0800] GC(244) User=0.53s Sys=0.01s Real=0.08s
[2024-08-29T23:14:51.099+0800] GC(245) Pause Young (Allocation Failure)
[2024-08-29T23:14:51.131+0800] GC(245) PSYoungGen: 240014K(469504K)->185524K(469504K) Eden: 240014K(240128K)->0K(240128K) From: 0K(229376K)->185524K(229376K)
[2024-08-29T23:14:51.131+0800] GC(245) ParOldGen: 524348K(1398272K)->524348K(1398272K)
[2024-08-29T23:14:51.131+0800] GC(245) Metaspace: 1647K(1792K)->1647K(1792K) NonClass: 1528K(1600K)->1528K(1600K) Class: 119K(192K)->119K(192K)
[2024-08-29T23:14:51.131+0800] GC(245) Pause Young (Allocation Failure) 746M->693M(1824M) 32.165ms
[2024-08-29T23:14:51.131+0800] GC(245) User=0.25s Sys=0.00s Real=0.03s
[2024-08-29T23:14:51.237+0800] GC(246) Pause Young (Allocation Failure)
[2024-08-29T23:14:51.297+0800] GC(246) PSYoungGen: 422318K(469504K)->209669K(466432K) Eden: 236794K(240128K)->0K(239104K) From: 185524K(229376K)->209669K(227328K)
[2024-08-29T23:14:51.297+0800] GC(246) ParOldGen: 524348K(1398272K)->654556K(1398272K)
[2024-08-29T23:14:51.297+0800] GC(246) Metaspace: 1647K(1792K)->1647K(1792K) NonClass: 1528K(1600K)->1528K(1600K) Class: 119K(192K)->119K(192K)
[2024-08-29T23:14:51.297+0800] GC(246) Pause Young (Allocation Failure) 924M->843M(1821M) 60.103ms
[2024-08-29T23:14:51.297+0800] GC(246) User=0.46s Sys=0.01s Real=0.06s
[2024-08-29T23:14:51.413+0800] GC(247) Pause Young (Allocation Failure)
[2024-08-29T23:14:51.464+0800] GC(247) PSYoungGen: 446885K(466432K)->180156K(468992K) Eden: 237215K(239104K)->0K(239104K) From: 209669K(227328K)->180156K(229888K)
[2024-08-29T23:14:51.464+0800] GC(247) ParOldGen: 654556K(1398272K)->782704K(1398272K)
[2024-08-29T23:14:51.464+0800] GC(247) Metaspace: 1647K(1792K)->1647K(1792K) NonClass: 1528K(1600K)->1528K(1600K) Class: 119K(192K)->119K(192K)
[2024-08-29T23:14:51.464+0800] GC(247) Pause Young (Allocation Failure) 1075M->940M(1823M) 51.122ms
[2024-08-29T23:14:51.464+0800] GC(247) User=0.40s Sys=0.00s Real=0.05s
[2024-08-29T23:14:51.567+0800] GC(248) Pause Young (Allocation Failure)
[2024-08-29T23:14:51.622+0800] GC(248) PSYoungGen: 415422K(468992K)->197466K(472064K) Eden: 235265K(239104K)->0K(243200K) From: 180156K(229888K)->197466K(228864K)
[2024-08-29T23:14:51.622+0800] GC(248) ParOldGen: 782704K(1398272K)->902938K(1398272K)
[2024-08-29T23:14:51.623+0800] GC(248) Metaspace: 1647K(1792K)->1647K(1792K) NonClass: 1528K(1600K)->1528K(1600K) Class: 119K(192K)->119K(192K)
[2024-08-29T23:14:51.623+0800] GC(248) Pause Young (Allocation Failure) 1170M->1074M(1826M) 55.533ms
[2024-08-29T23:14:51.623+0800] GC(248) User=0.43s Sys=0.00s Real=0.06s
[2024-08-29T23:14:51.728+0800] GC(249) Pause Young (Allocation Failure)
[2024-08-29T23:14:51.787+0800] GC(249) PSYoungGen: 440445K(472064K)->203863K(470016K) Eden: 242979K(243200K)->0K(243200K) From: 197466K(228864K)->203863K(226816K)
[2024-08-29T23:14:51.787+0800] GC(249) ParOldGen: 902938K(1398272K)->1034307K(1398272K)
[2024-08-29T23:14:51.787+0800] GC(249) Metaspace: 1647K(1792K)->1647K(1792K) NonClass: 1528K(1600K)->1528K(1600K) Class: 119K(192K)->119K(192K)
[2024-08-29T23:14:51.787+0800] GC(249) Pause Young (Allocation Failure) 1311M->1209M(1824M) 59.577ms
[2024-08-29T23:14:51.787+0800] GC(249) User=0.46s Sys=0.00s Real=0.06s
[2024-08-29T23:14:51.908+0800] GC(250) Pause Young (Allocation Failure)
[2024-08-29T23:14:51.962+0800] GC(250) PSYoungGen: 444597K(470016K)->185412K(473088K) Eden: 240733K(243200K)->0K(245760K) From: 203863K(226816K)->185412K(227328K)
[2024-08-29T23:14:51.962+0800] GC(250) ParOldGen: 1034307K(1398272K)->1164597K(1398272K)
[2024-08-29T23:14:51.962+0800] GC(250) Metaspace: 1647K(1792K)->1647K(1792K) NonClass: 1528K(1600K)->1528K(1600K) Class: 119K(192K)->119K(192K)
[2024-08-29T23:14:51.962+0800] GC(250) Pause Young (Allocation Failure) 1444M->1318M(1827M) 54.502ms
[2024-08-29T23:14:51.962+0800] GC(250) User=0.42s Sys=0.00s Real=0.05s
[2024-08-29T23:14:52.086+0800] GC(251) Pause Young (Allocation Failure)
[2024-08-29T23:14:52.135+0800] GC(251) PSYoungGen: 430955K(473088K)->181353K(471552K) Eden: 245543K(245760K)->0K(245760K) From: 185412K(227328K)->181353K(225792K)
[2024-08-29T23:14:52.135+0800] GC(251) ParOldGen: 1164597K(1398272K)->1281043K(1398272K)
[2024-08-29T23:14:52.135+0800] GC(251) Metaspace: 1647K(1792K)->1647K(1792K) NonClass: 1528K(1600K)->1528K(1600K) Class: 119K(192K)->119K(192K)
[2024-08-29T23:14:52.135+0800] GC(251) Pause Young (Allocation Failure) 1558M->1428M(1826M) 49.274ms
[2024-08-29T23:14:52.135+0800] GC(251) User=0.38s Sys=0.00s Real=0.05s
[2024-08-29T23:14:52.135+0800] GC(252) Pause Full (Ergonomics)
[2024-08-29T23:14:52.135+0800] GC(252) Marking Phase
[2024-08-29T23:14:52.138+0800] GC(252) Marking Phase 2.576ms
[2024-08-29T23:14:52.138+0800] GC(252) Summary Phase
[2024-08-29T23:14:52.138+0800] GC(252) Summary Phase 0.027ms
[2024-08-29T23:14:52.138+0800] GC(252) Adjust Roots
[2024-08-29T23:14:52.138+0800] GC(252) Adjust Roots 0.696ms
[2024-08-29T23:14:52.138+0800] GC(252) Compaction Phase
[2024-08-29T23:14:52.196+0800] GC(252) Compaction Phase 57.617ms
[2024-08-29T23:14:52.196+0800] GC(252) Post Compact
[2024-08-29T23:14:52.203+0800] GC(252) Post Compact 7.319ms
[2024-08-29T23:14:52.203+0800] GC(252) PSYoungGen: 181353K(471552K)->0K(474112K) Eden: 0K(245760K)->0K(249344K) From: 181353K(225792K)->0K(224768K)
[2024-08-29T23:14:52.203+0800] GC(252) ParOldGen: 1281043K(1398272K)->537674K(1398272K)
[2024-08-29T23:14:52.203+0800] GC(252) Metaspace: 1647K(1792K)->1647K(1792K) NonClass: 1528K(1600K)->1528K(1600K) Class: 119K(192K)->119K(192K)
[2024-08-29T23:14:52.204+0800] GC(252) Pause Full (Ergonomics) 1428M->525M(1828M) 68.582ms
[2024-08-29T23:14:52.204+0800] GC(252) User=0.48s Sys=0.00s Real=0.07s
[2024-08-29T23:14:52.331+0800] GC(253) Pause Young (Allocation Failure)
[2024-08-29T23:14:52.364+0800] GC(253) PSYoungGen: 247470K(474112K)->198973K(474112K) Eden: 247470K(249344K)->0K(249344K) From: 0K(224768K)->198973K(224768K)
[2024-08-29T23:14:52.364+0800] GC(253) ParOldGen: 537674K(1398272K)->537674K(1398272K)
[2024-08-29T23:14:52.364+0800] GC(253) Metaspace: 1647K(1792K)->1647K(1792K) NonClass: 1528K(1600K)->1528K(1600K) Class: 119K(192K)->119K(192K)
[2024-08-29T23:14:52.364+0800] GC(253) Pause Young (Allocation Failure) 766M->719M(1828M) 33.584ms
[2024-08-29T23:14:52.364+0800] GC(253) User=0.26s Sys=0.00s Real=0.04s
[2024-08-29T23:14:52.479+0800] GC(254) Pause Young (Allocation Failure)
[2024-08-29T23:14:52.537+0800] GC(254) PSYoungGen: 448182K(474112K)->204481K(473088K) Eden: 249209K(249344K)->0K(249344K) From: 198973K(224768K)->204481K(223744K)
[2024-08-29T23:14:52.537+0800] GC(254) ParOldGen: 537674K(1398272K)->685571K(1398272K)
[2024-08-29T23:14:52.537+0800] GC(254) Metaspace: 1647K(1792K)->1647K(1792K) NonClass: 1528K(1600K)->1528K(1600K) Class: 119K(192K)->119K(192K)
[2024-08-29T23:14:52.537+0800] GC(254) Pause Young (Allocation Failure) 962M->869M(1827M) 57.703ms
[2024-08-29T23:14:52.537+0800] GC(254) User=0.45s Sys=0.00s Real=0.06s
[2024-08-29T23:14:52.642+0800] GC(255) Pause Young (Allocation Failure)
[2024-08-29T23:14:52.699+0800] GC(255) PSYoungGen: 453412K(473088K)->208383K(457728K) Eden: 248931K(249344K)->0K(249344K) From: 204481K(223744K)->208383K(208384K)
[2024-08-29T23:14:52.699+0800] GC(255) ParOldGen: 685571K(1398272K)->818701K(1398272K)
[2024-08-29T23:14:52.699+0800] GC(255) Metaspace: 1647K(1792K)->1647K(1792K) NonClass: 1528K(1600K)->1528K(1600K) Class: 119K(192K)->119K(192K)
[2024-08-29T23:14:52.699+0800] GC(255) Pause Young (Allocation Failure) 1112M->1003M(1812M) 57.521ms
[2024-08-29T23:14:52.699+0800] GC(255) User=0.45s Sys=0.00s Real=0.06s
[2024-08-29T23:14:52.808+0800] GC(256) Pause Young (Allocation Failure)
[2024-08-29T23:14:52.862+0800] GC(256) PSYoungGen: 456259K(457728K)->196179K(474624K) Eden: 247876K(249344K)->0K(247296K) From: 208383K(208384K)->196179K(227328K)
[2024-08-29T23:14:52.862+0800] GC(256) ParOldGen: 818701K(1398272K)->962593K(1398272K)
[2024-08-29T23:14:52.862+0800] GC(256) Metaspace: 1647K(1792K)->1647K(1792K) NonClass: 1528K(1600K)->1528K(1600K) Class: 119K(192K)->119K(192K)
[2024-08-29T23:14:52.862+0800] GC(256) Pause Young (Allocation Failure) 1245M->1131M(1829M) 54.784ms
[2024-08-29T23:14:52.863+0800] GC(256) User=0.43s Sys=0.00s Real=0.06s
[2024-08-29T23:14:52.958+0800] GC(257) Pause Young (Allocation Failure)
[2024-08-29T23:14:53.024+0800] GC(257) PSYoungGen: 443423K(474624K)->217731K(465408K) Eden: 247244K(247296K)->0K(247296K) From: 196179K(227328K)->217731K(218112K)
[2024-08-29T23:14:53.024+0800] GC(257) ParOldGen: 962593K(1398272K)->1130151K(1398272K)
[2024-08-29T23:14:53.024+0800] GC(257) Metaspace: 1647K(1792K)->1647K(1792K) NonClass: 1528K(1600K)->1528K(1600K) Class: 119K(192K)->119K(192K)
[2024-08-29T23:14:53.024+0800] GC(257) Pause Young (Allocation Failure) 1373M->1316M(1820M) 66.003ms
[2024-08-29T23:14:53.024+0800] GC(257) User=0.51s Sys=0.00s Real=0.07s
[2024-08-29T23:14:53.125+0800] GC(258) Pause Young (Allocation Failure)
[2024-08-29T23:14:53.196+0800] GC(258) PSYoungGen: 463730K(465408K)->210581K(466432K) Eden: 245998K(247296K)->0K(237056K) From: 217731K(218112K)->210581K(229376K)
[2024-08-29T23:14:53.196+0800] GC(258) ParOldGen: 1130151K(1398272K)->1306814K(1398272K)
[2024-08-29T23:14:53.197+0800] GC(258) Metaspace: 1647K(1792K)->1647K(1792K) NonClass: 1528K(1600K)->1528K(1600K) Class: 119K(192K)->119K(192K)
[2024-08-29T23:14:53.197+0800] GC(258) Pause Young (Allocation Failure) 1556M->1481M(1821M) 71.262ms
[2024-08-29T23:14:53.197+0800] GC(258) User=0.55s Sys=0.00s Real=0.07s
[2024-08-29T23:14:53.197+0800] GC(259) Pause Full (Ergonomics)
[2024-08-29T23:14:53.197+0800] GC(259) Marking Phase
[2024-08-29T23:14:53.200+0800] GC(259) Marking Phase 3.690ms
[2024-08-29T23:14:53.200+0800] GC(259) Summary Phase
[2024-08-29T23:14:53.200+0800] GC(259) Summary Phase 0.037ms
[2024-08-29T23:14:53.200+0800] GC(259) Adjust Roots
[2024-08-29T23:14:53.202+0800] GC(259) Adjust Roots 1.118ms
[2024-08-29T23:14:53.202+0800] GC(259) Compaction Phase
[2024-08-29T23:14:53.297+0800] GC(259) Compaction Phase 94.825ms
[2024-08-29T23:14:53.297+0800] GC(259) Post Compact
[2024-08-29T23:14:53.309+0800] GC(259) Post Compact 11.791ms
[2024-08-29T23:14:53.309+0800] GC(259) PSYoungGen: 210581K(466432K)->0K(467968K) Eden: 0K(237056K)->0K(237056K) From: 210581K(229376K)->0K(230912K)
[2024-08-29T23:14:53.309+0800] GC(259) ParOldGen: 1306814K(1398272K)->768227K(1398272K)
[2024-08-29T23:14:53.309+0800] GC(259) Metaspace: 1647K(1792K)->1647K(1792K) NonClass: 1528K(1600K)->1528K(1600K) Class: 119K(192K)->119K(192K)
[2024-08-29T23:14:53.309+0800] GC(259) Pause Full (Ergonomics) 1481M->750M(1822M) 112.107ms
[2024-08-29T23:14:53.309+0800] GC(259) User=0.76s Sys=0.01s Real=0.11s
[2024-08-29T23:14:53.425+0800] GC(260) Pause Young (Allocation Failure)
[2024-08-29T23:14:53.460+0800] GC(260) PSYoungGen: 235221K(467968K)->200018K(470528K) Eden: 235221K(237056K)->0K(239616K) From: 0K(230912K)->200018K(230912K)
[2024-08-29T23:14:53.460+0800] GC(260) ParOldGen: 768227K(1398272K)->768227K(1398272K)
[2024-08-29T23:14:53.460+0800] GC(260) Metaspace: 1647K(1792K)->1647K(1792K) NonClass: 1528K(1600K)->1528K(1600K) Class: 119K(192K)->119K(192K)
[2024-08-29T23:14:53.460+0800] GC(260) Pause Young (Allocation Failure) 979M->945M(1825M) 35.585ms
[2024-08-29T23:14:53.460+0800] GC(260) User=0.27s Sys=0.00s Real=0.03s
[2024-08-29T23:14:53.572+0800] GC(261) Pause Young (Allocation Failure)
[2024-08-29T23:14:53.631+0800] GC(261) PSYoungGen: 436887K(470528K)->190096K(467968K) Eden: 236868K(239616K)->0K(239616K) From: 200018K(230912K)->190096K(228352K)
[2024-08-29T23:14:53.631+0800] GC(261) ParOldGen: 768227K(1398272K)->902222K(1398272K)
[2024-08-29T23:14:53.631+0800] GC(261) Metaspace: 1647K(1792K)->1647K(1792K) NonClass: 1528K(1600K)->1528K(1600K) Class: 119K(192K)->119K(192K)
[2024-08-29T23:14:53.631+0800] GC(261) Pause Young (Allocation Failure) 1176M->1066M(1822M) 59.160ms
[2024-08-29T23:14:53.631+0800] GC(261) User=0.46s Sys=0.00s Real=0.06s
[2024-08-29T23:14:53.736+0800] GC(262) Pause Young (Allocation Failure)
[2024-08-29T23:14:53.789+0800] GC(262) PSYoungGen: 428679K(467968K)->199085K(474624K) Eden: 238583K(239616K)->0K(247808K) From: 190096K(228352K)->199085K(226816K)
[2024-08-29T23:14:53.790+0800] GC(262) ParOldGen: 902222K(1398272K)->1024558K(1398272K)
[2024-08-29T23:14:53.790+0800] GC(262) Metaspace: 1647K(1792K)->1647K(1792K) NonClass: 1528K(1600K)->1528K(1600K) Class: 119K(192K)->119K(192K)
[2024-08-29T23:14:53.790+0800] GC(262) Pause Young (Allocation Failure) 1299M->1194M(1829M) 53.513ms
[2024-08-29T23:14:53.790+0800] GC(262) User=0.40s Sys=0.00s Real=0.05s
[2024-08-29T23:14:53.877+0800] GC(263) Pause Young (Allocation Failure)
[2024-08-29T23:14:53.943+0800] GC(263) PSYoungGen: 445792K(474624K)->223418K(471552K) Eden: 246706K(247808K)->0K(247808K) From: 199085K(226816K)->223418K(223744K)
[2024-08-29T23:14:53.943+0800] GC(263) ParOldGen: 1024558K(1398272K)->1167639K(1398272K)
[2024-08-29T23:14:53.943+0800] GC(263) Metaspace: 1647K(1792K)->1647K(1792K) NonClass: 1528K(1600K)->1528K(1600K) Class: 119K(192K)->119K(192K)
[2024-08-29T23:14:53.943+0800] GC(263) Pause Young (Allocation Failure) 1435M->1358M(1826M) 66.072ms
[2024-08-29T23:14:53.943+0800] GC(263) User=0.51s Sys=0.00s Real=0.07s
[2024-08-29T23:14:54.052+0800] GC(264) Pause Young (Allocation Failure)
[2024-08-29T23:14:54.113+0800] GC(264) PSYoungGen: 469875K(471552K)->207986K(465408K) Eden: 246456K(247808K)->0K(238080K) From: 223418K(223744K)->207986K(227328K)
[2024-08-29T23:14:54.113+0800] GC(264) ParOldGen: 1167639K(1398272K)->1339614K(1398272K)
[2024-08-29T23:14:54.113+0800] GC(264) Metaspace: 1647K(1792K)->1647K(1792K) NonClass: 1528K(1600K)->1528K(1600K) Class: 119K(192K)->119K(192K)
[2024-08-29T23:14:54.114+0800] GC(264) Pause Young (Allocation Failure) 1599M->1511M(1820M) 61.599ms
[2024-08-29T23:14:54.114+0800] GC(264) User=0.48s Sys=0.00s Real=0.07s
[2024-08-29T23:14:54.114+0800] GC(265) Pause Full (Ergonomics)
[2024-08-29T23:14:54.114+0800] GC(265) Marking Phase
[2024-08-29T23:14:54.116+0800] GC(265) Marking Phase 2.733ms
[2024-08-29T23:14:54.116+0800] GC(265) Summary Phase
[2024-08-29T23:14:54.116+0800] GC(265) Summary Phase 0.031ms
[2024-08-29T23:14:54.116+0800] GC(265) Adjust Roots
[2024-08-29T23:14:54.117+0800] GC(265) Adjust Roots 0.963ms
[2024-08-29T23:14:54.117+0800] GC(265) Compaction Phase
[2024-08-29T23:14:54.203+0800] GC(265) Compaction Phase 85.624ms
[2024-08-29T23:14:54.203+0800] GC(265) Post Compact
[2024-08-29T23:14:54.212+0800] GC(265) Post Compact 8.358ms
[2024-08-29T23:14:54.212+0800] GC(265) PSYoungGen: 207986K(465408K)->0K(468480K) Eden: 0K(238080K)->0K(238080K) From: 207986K(227328K)->0K(230400K)
[2024-08-29T23:14:54.212+0800] GC(265) ParOldGen: 1339614K(1398272K)->739552K(1398272K)
[2024-08-29T23:14:54.212+0800] GC(265) Metaspace: 1647K(1792K)->1647K(1792K) NonClass: 1528K(1600K)->1528K(1600K) Class: 119K(192K)->119K(192K)
[2024-08-29T23:14:54.212+0800] GC(265) Pause Full (Ergonomics) 1511M->722M(1823M) 98.115ms
[2024-08-29T23:14:54.212+0800] GC(265) User=0.70s Sys=0.00s Real=0.09s
[2024-08-29T23:14:54.324+0800] GC(266) Pause Young (Allocation Failure)
[2024-08-29T23:14:54.356+0800] GC(266) PSYoungGen: 236944K(468480K)->196760K(470528K) Eden: 236944K(238080K)->0K(240128K) From: 0K(230400K)->196760K(230400K)
[2024-08-29T23:14:54.356+0800] GC(266) ParOldGen: 739552K(1398272K)->739552K(1398272K)
[2024-08-29T23:14:54.356+0800] GC(266) Metaspace: 1647K(1792K)->1647K(1792K) NonClass: 1528K(1600K)->1528K(1600K) Class: 119K(192K)->119K(192K)
[2024-08-29T23:14:54.356+0800] GC(266) Pause Young (Allocation Failure) 953M->914M(1825M) 31.844ms
[2024-08-29T23:14:54.356+0800] GC(266) User=0.24s Sys=0.00s Real=0.03s
[2024-08-29T23:14:54.474+0800] GC(267) Pause Young (Allocation Failure)
[2024-08-29T23:14:54.529+0800] GC(267) PSYoungGen: 433851K(470528K)->184013K(468480K) Eden: 237090K(240128K)->0K(240128K) From: 196760K(230400K)->184013K(228352K)
[2024-08-29T23:14:54.529+0800] GC(267) ParOldGen: 739552K(1398272K)->885088K(1398272K)
[2024-08-29T23:14:54.530+0800] GC(267) Metaspace: 1647K(1792K)->1647K(1792K) NonClass: 1528K(1600K)->1528K(1600K) Class: 119K(192K)->119K(192K)
[2024-08-29T23:14:54.530+0800] GC(267) Pause Young (Allocation Failure) 1145M->1044M(1823M) 55.500ms
[2024-08-29T23:14:54.530+0800] GC(267) User=0.43s Sys=0.00s Real=0.05s
[2024-08-29T23:14:54.647+0800] GC(268) Pause Young (Allocation Failure)
[2024-08-29T23:14:54.703+0800] GC(268) PSYoungGen: 422817K(468480K)->191878K(471552K) Eden: 238803K(240128K)->0K(242688K) From: 184013K(228352K)->191878K(228864K)
[2024-08-29T23:14:54.703+0800] GC(268) ParOldGen: 885088K(1398272K)->1014921K(1398272K)
[2024-08-29T23:14:54.703+0800] GC(268) Metaspace: 1647K(1792K)->1647K(1792K) NonClass: 1528K(1600K)->1528K(1600K) Class: 119K(192K)->119K(192K)
[2024-08-29T23:14:54.703+0800] GC(268) Pause Young (Allocation Failure) 1277M->1178M(1826M) 56.257ms
[2024-08-29T23:14:54.703+0800] GC(268) User=0.43s Sys=0.00s Real=0.06s
[2024-08-29T23:14:54.825+0800] GC(269) Pause Young (Allocation Failure)
[2024-08-29T23:14:54.883+0800] GC(269) PSYoungGen: 433491K(471552K)->195870K(470016K) Eden: 241613K(242688K)->0K(242688K) From: 191878K(228864K)->195870K(227328K)
[2024-08-29T23:14:54.883+0800] GC(269) ParOldGen: 1014921K(1398272K)->1138567K(1398272K)
[2024-08-29T23:14:54.883+0800] GC(269) Metaspace: 1647K(1792K)->1647K(1792K) NonClass: 1528K(1600K)->1528K(1600K) Class: 119K(192K)->119K(192K)
[2024-08-29T23:14:54.883+0800] GC(269) Pause Young (Allocation Failure) 1414M->1303M(1824M) 58.815ms
[2024-08-29T23:14:54.883+0800] GC(269) User=0.45s Sys=0.00s Real=0.06s
[2024-08-29T23:14:54.992+0800] GC(270) Pause Young (Allocation Failure)
[2024-08-29T23:14:55.045+0800] GC(270) PSYoungGen: 437032K(470016K)->204429K(474624K) Eden: 241161K(242688K)->0K(249856K) From: 195870K(227328K)->204429K(224768K)
[2024-08-29T23:14:55.045+0800] GC(270) ParOldGen: 1138567K(1398272K)->1277433K(1398272K)
[2024-08-29T23:14:55.045+0800] GC(270) Metaspace: 1647K(1792K)->1647K(1792K) NonClass: 1528K(1600K)->1528K(1600K) Class: 119K(192K)->119K(192K)
[2024-08-29T23:14:55.045+0800] GC(270) Pause Young (Allocation Failure) 1538M->1447M(1829M) 53.449ms
[2024-08-29T23:14:55.045+0800] GC(270) User=0.41s Sys=0.00s Real=0.06s
[2024-08-29T23:14:55.045+0800] GC(271) Pause Full (Ergonomics)
[2024-08-29T23:14:55.045+0800] GC(271) Marking Phase
[2024-08-29T23:14:55.048+0800] GC(271) Marking Phase 2.456ms
[2024-08-29T23:14:55.048+0800] GC(271) Summary Phase
[2024-08-29T23:14:55.048+0800] GC(271) Summary Phase 0.027ms
[2024-08-29T23:14:55.048+0800] GC(271) Adjust Roots
[2024-08-29T23:14:55.048+0800] GC(271) Adjust Roots 0.658ms
[2024-08-29T23:14:55.048+0800] GC(271) Compaction Phase
[2024-08-29T23:14:55.113+0800] GC(271) Compaction Phase 64.898ms
[2024-08-29T23:14:55.113+0800] GC(271) Post Compact
[2024-08-29T23:14:55.121+0800] GC(271) Post Compact 7.525ms
[2024-08-29T23:14:55.121+0800] GC(271) PSYoungGen: 204429K(474624K)->0K(474112K) Eden: 0K(249856K)->0K(249856K) From: 204429K(224768K)->0K(224256K)
[2024-08-29T23:14:55.121+0800] GC(271) ParOldGen: 1277433K(1398272K)->631728K(1398272K)
[2024-08-29T23:14:55.121+0800] GC(271) Metaspace: 1647K(1792K)->1647K(1792K) NonClass: 1528K(1600K)->1528K(1600K) Class: 119K(192K)->119K(192K)
[2024-08-29T23:14:55.121+0800] GC(271) Pause Full (Ergonomics) 1447M->616M(1828M) 75.866ms
[2024-08-29T23:14:55.121+0800] GC(271) User=0.53s Sys=0.00s Real=0.07s
[2024-08-29T23:14:55.251+0800] GC(272) Pause Young (Allocation Failure)
[2024-08-29T23:14:55.284+0800] GC(272) PSYoungGen: 249546K(474112K)->180922K(473600K) Eden: 249546K(249856K)->0K(249344K) From: 0K(224256K)->180922K(224256K)
[2024-08-29T23:14:55.284+0800] GC(272) ParOldGen: 631728K(1398272K)->631728K(1398272K)
[2024-08-29T23:14:55.284+0800] GC(272) Metaspace: 1647K(1792K)->1647K(1792K) NonClass: 1528K(1600K)->1528K(1600K) Class: 119K(192K)->119K(192K)
[2024-08-29T23:14:55.284+0800] GC(272) Pause Young (Allocation Failure) 860M->793M(1828M) 33.195ms
[2024-08-29T23:14:55.284+0800] GC(272) User=0.25s Sys=0.00s Real=0.04s
[2024-08-29T23:14:55.417+0800] GC(273) Pause Young (Allocation Failure)
[2024-08-29T23:14:55.464+0800] GC(273) PSYoungGen: 430064K(473600K)->170761K(420352K) Eden: 249141K(249344K)->0K(249344K) From: 180922K(224256K)->170761K(171008K)
[2024-08-29T23:14:55.464+0800] GC(273) ParOldGen: 631728K(1398272K)->735405K(1398272K)
[2024-08-29T23:14:55.464+0800] GC(273) Metaspace: 1647K(1792K)->1647K(1792K) NonClass: 1528K(1600K)->1528K(1600K) Class: 119K(192K)->119K(192K)
[2024-08-29T23:14:55.464+0800] GC(273) Pause Young (Allocation Failure) 1036M->884M(1776M) 46.878ms
[2024-08-29T23:14:55.464+0800] GC(273) User=0.36s Sys=0.00s Real=0.05s
[2024-08-29T23:14:55.580+0800] GC(274) Pause Young (Allocation Failure)
[2024-08-29T23:14:55.630+0800] GC(274) PSYoungGen: 417998K(420352K)->199368K(473600K) Eden: 247236K(249344K)->0K(246784K) From: 170761K(171008K)->199368K(226816K)
[2024-08-29T23:14:55.630+0800] GC(274) ParOldGen: 735405K(1398272K)->812163K(1398272K)
[2024-08-29T23:14:55.630+0800] GC(274) Metaspace: 1647K(1792K)->1647K(1792K) NonClass: 1528K(1600K)->1528K(1600K) Class: 119K(192K)->119K(192K)
[2024-08-29T23:14:55.630+0800] GC(274) Pause Young (Allocation Failure) 1126M->987M(1828M) 49.514ms
[2024-08-29T23:14:55.630+0800] GC(274) User=0.37s Sys=0.00s Real=0.05s
[2024-08-29T23:14:55.730+0800] GC(275) Pause Young (Allocation Failure)
[2024-08-29T23:14:55.779+0800] GC(275) PSYoungGen: 444496K(473600K)->188063K(472064K) Eden: 245128K(246784K)->0K(246784K) From: 199368K(226816K)->188063K(225280K)
[2024-08-29T23:14:55.779+0800] GC(275) ParOldGen: 812163K(1398272K)->915417K(1398272K)
[2024-08-29T23:14:55.779+0800] GC(275) Metaspace: 1647K(1792K)->1647K(1792K) NonClass: 1528K(1600K)->1528K(1600K) Class: 119K(192K)->119K(192K)
[2024-08-29T23:14:55.779+0800] GC(275) Pause Young (Allocation Failure) 1227M->1077M(1826M) 48.988ms
[2024-08-29T23:14:55.779+0800] GC(275) User=0.38s Sys=0.00s Real=0.05s
[2024-08-29T23:14:55.910+0800] GC(276) Pause Young (Allocation Failure)
[2024-08-29T23:14:55.952+0800] GC(276) PSYoungGen: 434191K(472064K)->168951K(473088K) Eden: 246127K(246784K)->0K(249344K) From: 188063K(225280K)->168951K(223744K)
[2024-08-29T23:14:55.952+0800] GC(276) ParOldGen: 915417K(1398272K)->1018446K(1398272K)
[2024-08-29T23:14:55.952+0800] GC(276) Metaspace: 1647K(1792K)->1647K(1792K) NonClass: 1528K(1600K)->1528K(1600K) Class: 119K(192K)->119K(192K)
[2024-08-29T23:14:55.952+0800] GC(276) Pause Young (Allocation Failure) 1317M->1159M(1827M) 41.881ms
[2024-08-29T23:14:55.952+0800] GC(276) User=0.33s Sys=0.00s Real=0.04s
[2024-08-29T23:14:56.079+0800] GC(277) Pause Young (Allocation Failure)
[2024-08-29T23:14:56.118+0800] GC(277) PSYoungGen: 416904K(473088K)->168989K(418816K) Eden: 247952K(249344K)->0K(249344K) From: 168951K(223744K)->168989K(169472K)
[2024-08-29T23:14:56.118+0800] GC(277) ParOldGen: 1018446K(1398272K)->1100520K(1398272K)
[2024-08-29T23:14:56.118+0800] GC(277) Metaspace: 1647K(1792K)->1647K(1792K) NonClass: 1528K(1600K)->1528K(1600K) Class: 119K(192K)->119K(192K)
[2024-08-29T23:14:56.118+0800] GC(277) Pause Young (Allocation Failure) 1401M->1239M(1774M) 38.320ms
[2024-08-29T23:14:56.118+0800] GC(277) User=0.30s Sys=0.00s Real=0.04s
[2024-08-29T23:14:56.234+0800] GC(278) Pause Young (Allocation Failure)
[2024-08-29T23:14:56.272+0800] GC(278) PSYoungGen: 415551K(418816K)->165988K(472576K) Eden: 246561K(249344K)->0K(247296K) From: 168989K(169472K)->165988K(225280K)
[2024-08-29T23:14:56.272+0800] GC(278) ParOldGen: 1100520K(1398272K)->1183226K(1398272K)
[2024-08-29T23:14:56.272+0800] GC(278) Metaspace: 1647K(1792K)->1647K(1792K) NonClass: 1528K(1600K)->1528K(1600K) Class: 119K(192K)->119K(192K)
[2024-08-29T23:14:56.272+0800] GC(278) Pause Young (Allocation Failure) 1480M->1317M(1827M) 37.758ms
[2024-08-29T23:14:56.272+0800] GC(278) User=0.29s Sys=0.00s Real=0.03s
[2024-08-29T23:14:56.357+0800] GC(279) Pause Young (Allocation Failure)
[2024-08-29T23:14:56.405+0800] GC(279) PSYoungGen: 411967K(472576K)->200307K(448000K) Eden: 245979K(247296K)->0K(247296K) From: 165988K(225280K)->200307K(200704K)
[2024-08-29T23:14:56.405+0800] GC(279) ParOldGen: 1183226K(1398272K)->1298535K(1398272K)
[2024-08-29T23:14:56.405+0800] GC(279) Metaspace: 1647K(1792K)->1647K(1792K) NonClass: 1528K(1600K)->1528K(1600K) Class: 119K(192K)->119K(192K)
[2024-08-29T23:14:56.405+0800] GC(279) Pause Young (Allocation Failure) 1557M->1463M(1803M) 47.850ms
[2024-08-29T23:14:56.405+0800] GC(279) User=0.38s Sys=0.00s Real=0.05s
[2024-08-29T23:14:56.405+0800] GC(280) Pause Full (Ergonomics)
[2024-08-29T23:14:56.405+0800] GC(280) Marking Phase
[2024-08-29T23:14:56.407+0800] GC(280) Marking Phase 1.776ms
[2024-08-29T23:14:56.407+0800] GC(280) Summary Phase
[2024-08-29T23:14:56.407+0800] GC(280) Summary Phase 0.021ms
[2024-08-29T23:14:56.407+0800] GC(280) Adjust Roots
[2024-08-29T23:14:56.407+0800] GC(280) Adjust Roots 0.613ms
[2024-08-29T23:14:56.407+0800] GC(280) Compaction Phase
[2024-08-29T23:14:56.452+0800] GC(280) Compaction Phase 44.799ms
[2024-08-29T23:14:56.452+0800] GC(280) Post Compact
[2024-08-29T23:14:56.458+0800] GC(280) Post Compact 6.064ms
[2024-08-29T23:14:56.458+0800] GC(280) PSYoungGen: 200307K(448000K)->0K(472064K) Eden: 0K(247296K)->0K(245248K) From: 200307K(200704K)->0K(226816K)
[2024-08-29T23:14:56.458+0800] GC(280) ParOldGen: 1298535K(1398272K)->449953K(1398272K)
[2024-08-29T23:14:56.458+0800] GC(280) Metaspace: 1647K(1792K)->1647K(1792K) NonClass: 1528K(1600K)->1528K(1600K) Class: 119K(192K)->119K(192K)
[2024-08-29T23:14:56.458+0800] GC(280) Pause Full (Ergonomics) 1463M->439M(1826M) 53.519ms
[2024-08-29T23:14:56.458+0800] GC(280) User=0.35s Sys=0.01s Real=0.05s
[2024-08-29T23:14:56.555+0800] GC(281) Pause Young (Allocation Failure)
[2024-08-29T23:14:56.585+0800] GC(281) PSYoungGen: 243808K(472064K)->199964K(445440K) Eden: 243808K(245248K)->0K(245248K) From: 0K(226816K)->199964K(200192K)
[2024-08-29T23:14:56.585+0800] GC(281) ParOldGen: 449953K(1398272K)->449953K(1398272K)
[2024-08-29T23:14:56.585+0800] GC(281) Metaspace: 1647K(1792K)->1647K(1792K) NonClass: 1528K(1600K)->1528K(1600K) Class: 119K(192K)->119K(192K)
[2024-08-29T23:14:56.585+0800] GC(281) Pause Young (Allocation Failure) 677M->634M(1800M) 30.602ms
[2024-08-29T23:14:56.585+0800] GC(281) User=0.24s Sys=0.00s Real=0.03s
[2024-08-29T23:14:56.710+0800] GC(282) Pause Young (Allocation Failure)
[2024-08-29T23:14:56.751+0800] GC(282) PSYoungGen: 442717K(445440K)->182815K(474112K) Eden: 242752K(245248K)->0K(246784K) From: 199964K(200192K)->182815K(227328K)
[2024-08-29T23:14:56.751+0800] GC(282) ParOldGen: 449953K(1398272K)->539644K(1398272K)
[2024-08-29T23:14:56.751+0800] GC(282) Metaspace: 1647K(1792K)->1647K(1792K) NonClass: 1528K(1600K)->1528K(1600K) Class: 119K(192K)->119K(192K)
[2024-08-29T23:14:56.751+0800] GC(282) Pause Young (Allocation Failure) 871M->705M(1828M) 41.432ms
[2024-08-29T23:14:56.751+0800] GC(282) User=0.32s Sys=0.00s Real=0.04s
[2024-08-29T23:14:56.872+0800] GC(283) Pause Young (Allocation Failure)
[2024-08-29T23:14:56.911+0800] GC(283) PSYoungGen: 427101K(474112K)->156001K(471552K) Eden: 244286K(246784K)->0K(246784K) From: 182815K(227328K)->156001K(224768K)
[2024-08-29T23:14:56.911+0800] GC(283) ParOldGen: 539644K(1398272K)->631825K(1398272K)
[2024-08-29T23:14:56.911+0800] GC(283) Metaspace: 1647K(1792K)->1647K(1792K) NonClass: 1528K(1600K)->1528K(1600K) Class: 119K(192K)->119K(192K)
[2024-08-29T23:14:56.911+0800] GC(283) Pause Young (Allocation Failure) 944M->769M(1826M) 39.026ms
[2024-08-29T23:14:56.911+0800] GC(283) User=0.30s Sys=0.00s Real=0.04s
[2024-08-29T23:14:57.016+0800] GC(284) Pause Young (Allocation Failure)
[2024-08-29T23:14:57.065+0800] GC(284) PSYoungGen: 400050K(471552K)->184232K(475648K) Eden: 244048K(246784K)->0K(248832K) From: 156001K(224768K)->184232K(226816K)
[2024-08-29T23:14:57.065+0800] GC(284) ParOldGen: 631825K(1398272K)->739787K(1398272K)
[2024-08-29T23:14:57.065+0800] GC(284) Metaspace: 1647K(1792K)->1647K(1792K) NonClass: 1528K(1600K)->1528K(1600K) Class: 119K(192K)->119K(192K)
[2024-08-29T23:14:57.065+0800] GC(284) Pause Young (Allocation Failure) 1007M->902M(1830M) 49.195ms
[2024-08-29T23:14:57.065+0800] GC(284) User=0.39s Sys=0.00s Real=0.05s
[2024-08-29T23:14:57.180+0800] GC(285) Pause Young (Allocation Failure)
[2024-08-29T23:14:57.235+0800] GC(285) PSYoungGen: 428174K(475648K)->190348K(472064K) Eden: 243942K(248832K)->0K(248832K) From: 184232K(226816K)->190348K(223232K)
[2024-08-29T23:14:57.235+0800] GC(285) ParOldGen: 739787K(1398272K)->855223K(1398272K)
[2024-08-29T23:14:57.235+0800] GC(285) Metaspace: 1647K(1792K)->1647K(1792K) NonClass: 1528K(1600K)->1528K(1600K) Class: 119K(192K)->119K(192K)
[2024-08-29T23:14:57.235+0800] GC(285) Pause Young (Allocation Failure) 1140M->1021M(1826M) 54.979ms
[2024-08-29T23:14:57.235+0800] GC(285) User=0.43s Sys=0.00s Real=0.06s
[2024-08-29T23:14:57.349+0800] GC(286) Pause Young (Allocation Failure)
[2024-08-29T23:14:57.406+0800] GC(286) PSYoungGen: 437389K(472064K)->203787K(471552K) Eden: 247040K(248832K)->0K(250368K) From: 190348K(223232K)->203787K(221184K)
[2024-08-29T23:14:57.406+0800] GC(286) ParOldGen: 855223K(1398272K)->960727K(1398272K)
[2024-08-29T23:14:57.406+0800] GC(286) Metaspace: 1647K(1792K)->1647K(1792K) NonClass: 1528K(1600K)->1528K(1600K) Class: 119K(192K)->119K(192K)
[2024-08-29T23:14:57.406+0800] GC(286) Pause Young (Allocation Failure) 1262M->1137M(1826M) 57.172ms
[2024-08-29T23:14:57.406+0800] GC(286) User=0.44s Sys=0.00s Real=0.06s
[2024-08-29T23:14:57.521+0800] GC(287) Pause Young (Allocation Failure)
[2024-08-29T23:14:57.569+0800] GC(287) PSYoungGen: 451923K(471552K)->188594K(474624K) Eden: 248135K(250368K)->0K(250368K) From: 203787K(221184K)->188594K(224256K)
[2024-08-29T23:14:57.569+0800] GC(287) ParOldGen: 960727K(1398272K)->1090559K(1398272K)
[2024-08-29T23:14:57.569+0800] GC(287) Metaspace: 1647K(1792K)->1647K(1792K) NonClass: 1528K(1600K)->1528K(1600K) Class: 119K(192K)->119K(192K)
[2024-08-29T23:14:57.569+0800] GC(287) Pause Young (Allocation Failure) 1379M->1249M(1829M) 48.208ms
[2024-08-29T23:14:57.569+0800] GC(287) User=0.37s Sys=0.00s Real=0.05s
[2024-08-29T23:14:57.683+0800] GC(288) Pause Young (Allocation Failure)
[2024-08-29T23:14:57.727+0800] GC(288) PSYoungGen: 435170K(474624K)->191214K(480256K) Eden: 246576K(250368K)->0K(259584K) From: 188594K(224256K)->191214K(220672K)
[2024-08-29T23:14:57.727+0800] GC(288) ParOldGen: 1090559K(1398272K)->1193728K(1398272K)
[2024-08-29T23:14:57.727+0800] GC(288) Metaspace: 1647K(1792K)->1647K(1792K) NonClass: 1528K(1600K)->1528K(1600K) Class: 119K(192K)->119K(192K)
[2024-08-29T23:14:57.727+0800] GC(288) Pause Young (Allocation Failure) 1489M->1352M(1834M) 44.744ms
[2024-08-29T23:14:57.727+0800] GC(288) User=0.34s Sys=0.00s Real=0.04s
[2024-08-29T23:14:57.844+0800] GC(289) Pause Young (Allocation Failure)
[2024-08-29T23:14:57.901+0800] GC(289) PSYoungGen: 449681K(480256K)->199688K(478208K) Eden: 258467K(259584K)->0K(259584K) From: 191214K(220672K)->199688K(218624K)
[2024-08-29T23:14:57.901+0800] GC(289) ParOldGen: 1193728K(1398272K)->1301363K(1398272K)
[2024-08-29T23:14:57.901+0800] GC(289) Metaspace: 1647K(1792K)->1647K(1792K) NonClass: 1528K(1600K)->1528K(1600K) Class: 119K(192K)->119K(192K)
[2024-08-29T23:14:57.901+0800] GC(289) Pause Young (Allocation Failure) 1604M->1465M(1832M) 57.216ms
[2024-08-29T23:14:57.901+0800] GC(289) User=0.43s Sys=0.00s Real=0.05s
[2024-08-29T23:14:57.901+0800] GC(290) Pause Full (Ergonomics)
[2024-08-29T23:14:57.901+0800] GC(290) Marking Phase
[2024-08-29T23:14:57.905+0800] GC(290) Marking Phase 3.549ms
[2024-08-29T23:14:57.905+0800] GC(290) Summary Phase
[2024-08-29T23:14:57.905+0800] GC(290) Summary Phase 0.077ms
[2024-08-29T23:14:57.905+0800] GC(290) Adjust Roots
[2024-08-29T23:14:57.906+0800] GC(290) Adjust Roots 1.224ms
[2024-08-29T23:14:57.906+0800] GC(290) Compaction Phase
[2024-08-29T23:14:57.961+0800] GC(290) Compaction Phase 54.650ms
[2024-08-29T23:14:57.961+0800] GC(290) Post Compact
[2024-08-29T23:14:57.969+0800] GC(290) Post Compact 8.118ms
[2024-08-29T23:14:57.970+0800] GC(290) PSYoungGen: 199688K(478208K)->0K(478720K) Eden: 0K(259584K)->0K(258560K) From: 199688K(218624K)->0K(220160K)
[2024-08-29T23:14:57.970+0800] GC(290) ParOldGen: 1301363K(1398272K)->432923K(1398272K)
[2024-08-29T23:14:57.970+0800] GC(290) Metaspace: 1647K(1792K)->1647K(1792K) NonClass: 1528K(1600K)->1528K(1600K) Class: 119K(192K)->119K(192K)
[2024-08-29T23:14:57.970+0800] GC(290) Pause Full (Ergonomics) 1465M->422M(1833M) 68.270ms
[2024-08-29T23:14:57.970+0800] GC(290) User=0.45s Sys=0.00s Real=0.07s
[2024-08-29T23:14:58.111+0800] GC(291) Pause Young (Allocation Failure)
[2024-08-29T23:14:58.139+0800] GC(291) PSYoungGen: 255318K(478720K)->145794K(404480K) Eden: 255318K(258560K)->0K(258560K) From: 0K(220160K)->145794K(145920K)
[2024-08-29T23:14:58.139+0800] GC(291) ParOldGen: 432923K(1398272K)->432923K(1398272K)
[2024-08-29T23:14:58.139+0800] GC(291) Metaspace: 1647K(1792K)->1647K(1792K) NonClass: 1528K(1600K)->1528K(1600K) Class: 119K(192K)->119K(192K)
[2024-08-29T23:14:58.139+0800] GC(291) Pause Young (Allocation Failure) 672M->565M(1760M) 27.515ms
[2024-08-29T23:14:58.139+0800] GC(291) User=0.21s Sys=0.01s Real=0.03s
[2024-08-29T23:14:58.262+0800] GC(292) Pause Young (Allocation Failure)
[2024-08-29T23:14:58.311+0800] GC(292) PSYoungGen: 402948K(404480K)->210664K(463360K) Eden: 257154K(258560K)->0K(239104K) From: 145794K(145920K)->210664K(224256K)
[2024-08-29T23:14:58.311+0800] GC(292) ParOldGen: 432923K(1398272K)->506339K(1398272K)
[2024-08-29T23:14:58.311+0800] GC(292) Metaspace: 1647K(1792K)->1647K(1792K) NonClass: 1528K(1600K)->1528K(1600K) Class: 119K(192K)->119K(192K)
[2024-08-29T23:14:58.311+0800] GC(292) Pause Young (Allocation Failure) 816M->700M(1818M) 49.515ms
[2024-08-29T23:14:58.311+0800] GC(292) User=0.39s Sys=0.00s Real=0.05s
[2024-08-29T23:14:58.409+0800] GC(293) Pause Young (Allocation Failure)
[2024-08-29T23:14:58.462+0800] GC(293) PSYoungGen: 448938K(463360K)->176709K(468992K) Eden: 238273K(239104K)->0K(239104K) From: 210664K(224256K)->176709K(229888K)
[2024-08-29T23:14:58.462+0800] GC(293) ParOldGen: 506339K(1398272K)->640426K(1398272K)
[2024-08-29T23:14:58.462+0800] GC(293) Metaspace: 1647K(1792K)->1647K(1792K) NonClass: 1528K(1600K)->1528K(1600K) Class: 119K(192K)->119K(192K)
[2024-08-29T23:14:58.462+0800] GC(293) Pause Young (Allocation Failure) 932M->797M(1823M) 53.018ms
[2024-08-29T23:14:58.462+0800] GC(293) User=0.41s Sys=0.00s Real=0.06s
[2024-08-29T23:14:58.561+0800] GC(294) Pause Young (Allocation Failure)
[2024-08-29T23:14:58.611+0800] GC(294) PSYoungGen: 414299K(468992K)->185542K(475136K) Eden: 237589K(239104K)->0K(247296K) From: 176709K(229888K)->185542K(227840K)
[2024-08-29T23:14:58.611+0800] GC(294) ParOldGen: 640426K(1398272K)->737158K(1398272K)
[2024-08-29T23:14:58.611+0800] GC(294) Metaspace: 1647K(1792K)->1647K(1792K) NonClass: 1528K(1600K)->1528K(1600K) Class: 119K(192K)->119K(192K)
[2024-08-29T23:14:58.611+0800] GC(294) Pause Young (Allocation Failure) 1030M->901M(1829M) 50.018ms
[2024-08-29T23:14:58.611+0800] GC(294) User=0.39s Sys=0.00s Real=0.05s
[2024-08-29T23:14:58.732+0800] GC(295) Pause Young (Allocation Failure)
[2024-08-29T23:14:58.783+0800] GC(295) PSYoungGen: 428944K(475136K)->187668K(471040K) Eden: 243402K(247296K)->0K(247296K) From: 185542K(227840K)->187668K(223744K)
[2024-08-29T23:14:58.783+0800] GC(295) ParOldGen: 737158K(1398272K)->841401K(1398272K)
[2024-08-29T23:14:58.783+0800] GC(295) Metaspace: 1647K(1792K)->1647K(1792K) NonClass: 1528K(1600K)->1528K(1600K) Class: 119K(192K)->119K(192K)
[2024-08-29T23:14:58.783+0800] GC(295) Pause Young (Allocation Failure) 1138M->1004M(1825M) 50.789ms
[2024-08-29T23:14:58.783+0800] GC(295) User=0.39s Sys=0.00s Real=0.06s
[2024-08-29T23:14:58.897+0800] GC(296) Pause Young (Allocation Failure)
[2024-08-29T23:14:58.943+0800] GC(296) PSYoungGen: 433635K(471040K)->188999K(480768K) Eden: 245966K(247296K)->0K(260096K) From: 187668K(223744K)->188999K(220672K)
[2024-08-29T23:14:58.943+0800] GC(296) ParOldGen: 841401K(1398272K)->940393K(1398272K)
[2024-08-29T23:14:58.943+0800] GC(296) Metaspace: 1647K(1792K)->1647K(1792K) NonClass: 1528K(1600K)->1528K(1600K) Class: 119K(192K)->119K(192K)
[2024-08-29T23:14:58.944+0800] GC(296) Pause Young (Allocation Failure) 1245M->1102M(1835M) 46.237ms
[2024-08-29T23:14:58.944+0800] GC(296) User=0.35s Sys=0.01s Real=0.05s
[2024-08-29T23:14:59.072+0800] GC(297) Pause Young (Allocation Failure)
[2024-08-29T23:14:59.121+0800] GC(297) PSYoungGen: 445484K(480768K)->193482K(478208K) Eden: 256485K(260096K)->0K(260096K) From: 188999K(220672K)->193482K(218112K)
[2024-08-29T23:14:59.121+0800] GC(297) ParOldGen: 940393K(1398272K)->1029039K(1398272K)
[2024-08-29T23:14:59.121+0800] GC(297) Metaspace: 1647K(1792K)->1647K(1792K) NonClass: 1528K(1600K)->1528K(1600K) Class: 119K(192K)->119K(192K)
[2024-08-29T23:14:59.121+0800] GC(297) Pause Young (Allocation Failure) 1353M->1193M(1832M) 49.264ms
[2024-08-29T23:14:59.121+0800] GC(297) User=0.38s Sys=0.00s Real=0.05s
[2024-08-29T23:14:59.265+0800] GC(298) Pause Young (Allocation Failure)
[2024-08-29T23:14:59.311+0800] GC(298) PSYoungGen: 453416K(478208K)->184386K(483840K) Eden: 259933K(260096K)->0K(266240K) From: 193482K(218112K)->184386K(217600K)
[2024-08-29T23:14:59.311+0800] GC(298) ParOldGen: 1029039K(1398272K)->1112627K(1398272K)
[2024-08-29T23:14:59.311+0800] GC(298) Metaspace: 1647K(1792K)->1647K(1792K) NonClass: 1528K(1600K)->1528K(1600K) Class: 119K(192K)->119K(192K)
[2024-08-29T23:14:59.311+0800] GC(298) Pause Young (Allocation Failure) 1447M->1266M(1838M) 46.534ms
[2024-08-29T23:14:59.311+0800] GC(298) User=0.37s Sys=0.00s Real=0.04s
[2024-08-29T23:14:59.427+0800] GC(299) Pause Young (Allocation Failure)
[2024-08-29T23:14:59.478+0800] GC(299) PSYoungGen: 448330K(483840K)->196689K(481280K) Eden: 263944K(266240K)->0K(266240K) From: 184386K(217600K)->196689K(215040K)
[2024-08-29T23:14:59.478+0800] GC(299) ParOldGen: 1112627K(1398272K)->1200245K(1398272K)
[2024-08-29T23:14:59.478+0800] GC(299) Metaspace: 1647K(1792K)->1647K(1792K) NonClass: 1528K(1600K)->1528K(1600K) Class: 119K(192K)->119K(192K)
[2024-08-29T23:14:59.478+0800] GC(299) Pause Young (Allocation Failure) 1524M->1364M(1835M) 51.216ms
[2024-08-29T23:14:59.478+0800] GC(299) User=0.38s Sys=0.00s Real=0.05s
[2024-08-29T23:14:59.591+0800] GC(300) Pause Young (Allocation Failure)
[2024-08-29T23:14:59.641+0800] GC(300) PSYoungGen: 461763K(481280K)->182810K(484864K) Eden: 265073K(266240K)->0K(269312K) From: 196689K(215040K)->182810K(215552K)
[2024-08-29T23:14:59.641+0800] GC(300) ParOldGen: 1200245K(1398272K)->1329727K(1398272K)
[2024-08-29T23:14:59.641+0800] GC(300) Metaspace: 1647K(1792K)->1647K(1792K) NonClass: 1528K(1600K)->1528K(1600K) Class: 119K(192K)->119K(192K)
[2024-08-29T23:14:59.641+0800] GC(300) Pause Young (Allocation Failure) 1623M->1477M(1839M) 50.318ms
[2024-08-29T23:14:59.641+0800] GC(300) User=0.40s Sys=0.00s Real=0.05s
[2024-08-29T23:14:59.641+0800] GC(301) Pause Full (Ergonomics)
[2024-08-29T23:14:59.641+0800] GC(301) Marking Phase
[2024-08-29T23:14:59.644+0800] GC(301) Marking Phase 2.293ms
[2024-08-29T23:14:59.644+0800] GC(301) Summary Phase
[2024-08-29T23:14:59.644+0800] GC(301) Summary Phase 0.026ms
[2024-08-29T23:14:59.644+0800] GC(301) Adjust Roots
[2024-08-29T23:14:59.644+0800] GC(301) Adjust Roots 0.715ms
[2024-08-29T23:14:59.644+0800] GC(301) Compaction Phase
[2024-08-29T23:14:59.690+0800] GC(301) Compaction Phase 45.390ms
[2024-08-29T23:14:59.690+0800] GC(301) Post Compact
[2024-08-29T23:14:59.696+0800] GC(301) Post Compact 6.379ms
[2024-08-29T23:14:59.696+0800] GC(301) PSYoungGen: 182810K(484864K)->0K(483328K) Eden: 0K(269312K)->0K(269312K) From: 182810K(215552K)->0K(214016K)
[2024-08-29T23:14:59.696+0800] GC(301) ParOldGen: 1329727K(1398272K)->419687K(1398272K)
[2024-08-29T23:14:59.696+0800] GC(301) Metaspace: 1647K(1792K)->1647K(1792K) NonClass: 1528K(1600K)->1528K(1600K) Class: 119K(192K)->119K(192K)
[2024-08-29T23:14:59.696+0800] GC(301) Pause Full (Ergonomics) 1477M->409M(1837M) 55.099ms
[2024-08-29T23:14:59.696+0800] GC(301) User=0.36s Sys=0.00s Real=0.06s
[2024-08-29T23:14:59.813+0800] GC(302) Pause Young (Allocation Failure)
[2024-08-29T23:14:59.851+0800] GC(302) PSYoungGen: 268500K(483328K)->208371K(474624K) Eden: 268500K(269312K)->0K(260608K) From: 0K(214016K)->208371K(214016K)
[2024-08-29T23:14:59.851+0800] GC(302) ParOldGen: 419687K(1398272K)->419687K(1398272K)
[2024-08-29T23:14:59.851+0800] GC(302) Metaspace: 1647K(1792K)->1647K(1792K) NonClass: 1528K(1600K)->1528K(1600K) Class: 119K(192K)->119K(192K)
[2024-08-29T23:14:59.851+0800] GC(302) Pause Young (Allocation Failure) 672M->613M(1829M) 37.802ms
[2024-08-29T23:14:59.851+0800] GC(302) User=0.29s Sys=0.00s Real=0.03s
[2024-08-29T23:14:59.979+0800] GC(303) Pause Young (Allocation Failure)
[2024-08-29T23:15:00.042+0800] GC(303) PSYoungGen: 467852K(474624K)->209189K(470016K) Eden: 259481K(260608K)->0K(260608K) From: 208371K(214016K)->209189K(209408K)
[2024-08-29T23:15:00.042+0800] GC(303) ParOldGen: 419687K(1398272K)->560811K(1398272K)
[2024-08-29T23:15:00.042+0800] GC(303) Metaspace: 1647K(1792K)->1647K(1792K) NonClass: 1528K(1600K)->1528K(1600K) Class: 119K(192K)->119K(192K)
[2024-08-29T23:15:00.043+0800] GC(303) Pause Young (Allocation Failure) 866M->751M(1824M) 63.328ms
[2024-08-29T23:15:00.043+0800] GC(303) User=0.46s Sys=0.00s Real=0.07s
[2024-08-29T23:15:00.165+0800] GC(304) Pause Young (Allocation Failure)
[2024-08-29T23:15:00.222+0800] GC(304) PSYoungGen: 468347K(470016K)->199568K(475648K) Eden: 259158K(260608K)->0K(252416K) From: 209189K(209408K)->199568K(223232K)
[2024-08-29T23:15:00.222+0800] GC(304) ParOldGen: 560811K(1398272K)->676873K(1398272K)
[2024-08-29T23:15:00.222+0800] GC(304) Metaspace: 1647K(1792K)->1647K(1792K) NonClass: 1528K(1600K)->1528K(1600K) Class: 119K(192K)->119K(192K)
[2024-08-29T23:15:00.222+0800] GC(304) Pause Young (Allocation Failure) 1005M->855M(1830M) 56.359ms
[2024-08-29T23:15:00.222+0800] GC(304) User=0.44s Sys=0.00s Real=0.05s
[2024-08-29T23:15:00.346+0800] GC(305) Pause Young (Allocation Failure)
[2024-08-29T23:15:00.403+0800] GC(305) PSYoungGen: 450076K(475648K)->199050K(475648K) Eden: 250507K(252416K)->0K(252416K) From: 199568K(223232K)->199050K(223232K)
[2024-08-29T23:15:00.403+0800] GC(305) ParOldGen: 676873K(1398272K)->807161K(1398272K)
[2024-08-29T23:15:00.403+0800] GC(305) Metaspace: 1647K(1792K)->1647K(1792K) NonClass: 1528K(1600K)->1528K(1600K) Class: 119K(192K)->119K(192K)
[2024-08-29T23:15:00.403+0800] GC(305) Pause Young (Allocation Failure) 1100M->982M(1830M) 57.002ms
[2024-08-29T23:15:00.403+0800] GC(305) User=0.45s Sys=0.00s Real=0.06s
[2024-08-29T23:15:00.530+0800] GC(306) Pause Young (Allocation Failure)
[2024-08-29T23:15:00.574+0800] GC(306) PSYoungGen: 451253K(475648K)->168035K(474112K) Eden: 252202K(252416K)->0K(251392K) From: 199050K(223232K)->168035K(222720K)
[2024-08-29T23:15:00.574+0800] GC(306) ParOldGen: 807161K(1398272K)->916357K(1398272K)
[2024-08-29T23:15:00.574+0800] GC(306) Metaspace: 1647K(1792K)->1647K(1792K) NonClass: 1528K(1600K)->1528K(1600K) Class: 119K(192K)->119K(192K)
[2024-08-29T23:15:00.574+0800] GC(306) Pause Young (Allocation Failure) 1228M->1058M(1828M) 43.387ms
[2024-08-29T23:15:00.574+0800] GC(306) User=0.34s Sys=0.00s Real=0.05s
[2024-08-29T23:15:00.693+0800] GC(307) Pause Young (Allocation Failure)
[2024-08-29T23:15:00.740+0800] GC(307) PSYoungGen: 415212K(474112K)->169202K(420864K) Eden: 247177K(251392K)->0K(251392K) From: 168035K(222720K)->169202K(169472K)
[2024-08-29T23:15:00.740+0800] GC(307) ParOldGen: 916357K(1398272K)->1010130K(1398272K)
[2024-08-29T23:15:00.740+0800] GC(307) Metaspace: 1647K(1792K)->1647K(1792K) NonClass: 1528K(1600K)->1528K(1600K) Class: 119K(192K)->119K(192K)
[2024-08-29T23:15:00.740+0800] GC(307) Pause Young (Allocation Failure) 1300M->1151M(1776M) 46.931ms
[2024-08-29T23:15:00.740+0800] GC(307) User=0.35s Sys=0.00s Real=0.04s
[2024-08-29T23:15:00.868+0800] GC(308) Pause Young (Allocation Failure)
[2024-08-29T23:15:00.922+0800] GC(308) PSYoungGen: 419748K(420864K)->211190K(465408K) Eden: 250545K(251392K)->0K(241152K) From: 169202K(169472K)->211190K(224256K)
[2024-08-29T23:15:00.922+0800] GC(308) ParOldGen: 1010130K(1398272K)->1092018K(1398272K)
[2024-08-29T23:15:00.922+0800] GC(308) Metaspace: 1647K(1792K)->1647K(1792K) NonClass: 1528K(1600K)->1528K(1600K) Class: 119K(192K)->119K(192K)
[2024-08-29T23:15:00.923+0800] GC(308) Pause Young (Allocation Failure) 1396M->1272M(1820M) 55.082ms
[2024-08-29T23:15:00.923+0800] GC(308) User=0.42s Sys=0.00s Real=0.06s
[2024-08-29T23:15:01.039+0800] GC(309) Pause Young (Allocation Failure)
[2024-08-29T23:15:01.088+0800] GC(309) PSYoungGen: 450196K(465408K)->165312K(406528K) Eden: 239005K(241152K)->0K(241152K) From: 211190K(224256K)->165312K(165376K)
[2024-08-29T23:15:01.088+0800] GC(309) ParOldGen: 1092018K(1398272K)->1195048K(1398272K)
[2024-08-29T23:15:01.088+0800] GC(309) Metaspace: 1647K(1792K)->1647K(1792K) NonClass: 1528K(1600K)->1528K(1600K) Class: 119K(192K)->119K(192K)
[2024-08-29T23:15:01.089+0800] GC(309) Pause Young (Allocation Failure) 1506M->1328M(1762M) 49.120ms
[2024-08-29T23:15:01.089+0800] GC(309) User=0.37s Sys=0.00s Real=0.05s
[2024-08-29T23:15:01.183+0800] GC(310) Pause Young (Allocation Failure)
[2024-08-29T23:15:01.234+0800] GC(310) PSYoungGen: 404659K(406528K)->191215K(472064K) Eden: 239346K(241152K)->0K(242688K) From: 165312K(165376K)->191215K(229376K)
[2024-08-29T23:15:01.234+0800] GC(310) ParOldGen: 1195048K(1398272K)->1287189K(1398272K)
[2024-08-29T23:15:01.234+0800] GC(310) Metaspace: 1647K(1792K)->1647K(1792K) NonClass: 1528K(1600K)->1528K(1600K) Class: 119K(192K)->119K(192K)
[2024-08-29T23:15:01.234+0800] GC(310) Pause Young (Allocation Failure) 1562M->1443M(1826M) 50.331ms
[2024-08-29T23:15:01.234+0800] GC(310) User=0.39s Sys=0.00s Real=0.05s
[2024-08-29T23:15:01.234+0800] GC(311) Pause Full (Ergonomics)
[2024-08-29T23:15:01.234+0800] GC(311) Marking Phase
[2024-08-29T23:15:01.239+0800] GC(311) Marking Phase 4.924ms
[2024-08-29T23:15:01.239+0800] GC(311) Summary Phase
[2024-08-29T23:15:01.239+0800] GC(311) Summary Phase 0.037ms
[2024-08-29T23:15:01.239+0800] GC(311) Adjust Roots
[2024-08-29T23:15:01.240+0800] GC(311) Adjust Roots 1.174ms
[2024-08-29T23:15:01.240+0800] GC(311) Compaction Phase
[2024-08-29T23:15:01.287+0800] GC(311) Compaction Phase 46.898ms
[2024-08-29T23:15:01.287+0800] GC(311) Post Compact
[2024-08-29T23:15:01.295+0800] GC(311) Post Compact 7.867ms
[2024-08-29T23:15:01.295+0800] GC(311) PSYoungGen: 191215K(472064K)->0K(469504K) Eden: 0K(242688K)->0K(242688K) From: 191215K(229376K)->0K(226816K)
[2024-08-29T23:15:01.295+0800] GC(311) ParOldGen: 1287189K(1398272K)->421052K(1398272K)
[2024-08-29T23:15:01.295+0800] GC(311) Metaspace: 1647K(1792K)->1647K(1792K) NonClass: 1528K(1600K)->1528K(1600K) Class: 119K(192K)->119K(192K)
[2024-08-29T23:15:01.295+0800] GC(311) Pause Full (Ergonomics) 1443M->411M(1824M) 61.369ms
[2024-08-29T23:15:01.295+0800] GC(311) User=0.38s Sys=0.01s Real=0.06s
[2024-08-29T23:15:01.398+0800] GC(312) Pause Young (Allocation Failure)
[2024-08-29T23:15:01.429+0800] GC(312) PSYoungGen: 242370K(469504K)->165089K(472064K) Eden: 242370K(242688K)->0K(245248K) From: 0K(226816K)->165089K(226816K)
[2024-08-29T23:15:01.429+0800] GC(312) ParOldGen: 421052K(1398272K)->421052K(1398272K)
[2024-08-29T23:15:01.429+0800] GC(312) Metaspace: 1647K(1792K)->1647K(1792K) NonClass: 1528K(1600K)->1528K(1600K) Class: 119K(192K)->119K(192K)
[2024-08-29T23:15:01.429+0800] GC(312) Pause Young (Allocation Failure) 647M->572M(1826M) 30.473ms
[2024-08-29T23:15:01.429+0800] GC(312) User=0.23s Sys=0.00s Real=0.03s
[2024-08-29T23:15:01.533+0800] GC(313) Pause Young (Allocation Failure)
[2024-08-29T23:15:01.582+0800] GC(313) PSYoungGen: 408276K(472064K)->192312K(472064K) Eden: 243187K(245248K)->0K(245248K) From: 165089K(226816K)->192312K(226816K)
[2024-08-29T23:15:01.582+0800] GC(313) ParOldGen: 421052K(1398272K)->502064K(1398272K)
[2024-08-29T23:15:01.582+0800] GC(313) Metaspace: 1647K(1792K)->1647K(1792K) NonClass: 1528K(1600K)->1528K(1600K) Class: 119K(192K)->119K(192K)
[2024-08-29T23:15:01.582+0800] GC(313) Pause Young (Allocation Failure) 809M->678M(1826M) 49.342ms
[2024-08-29T23:15:01.582+0800] GC(313) User=0.38s Sys=0.00s Real=0.04s
[2024-08-29T23:15:01.703+0800] GC(314) Pause Young (Allocation Failure)
[2024-08-29T23:15:01.750+0800] GC(314) PSYoungGen: 436555K(472064K)->166874K(474112K) Eden: 244243K(245248K)->0K(249344K) From: 192312K(226816K)->166874K(224768K)
[2024-08-29T23:15:01.750+0800] GC(314) ParOldGen: 502064K(1398272K)->596825K(1398272K)
[2024-08-29T23:15:01.750+0800] GC(314) Metaspace: 1647K(1792K)->1647K(1792K) NonClass: 1528K(1600K)->1528K(1600K) Class: 119K(192K)->119K(192K)
[2024-08-29T23:15:01.750+0800] GC(314) Pause Young (Allocation Failure) 916M->745M(1828M) 47.626ms
[2024-08-29T23:15:01.750+0800] GC(314) User=0.36s Sys=0.00s Real=0.04s
[2024-08-29T23:15:01.881+0800] GC(315) Pause Young (Allocation Failure)
[2024-08-29T23:15:01.925+0800] GC(315) PSYoungGen: 412939K(474112K)->174561K(474112K) Eden: 246064K(249344K)->0K(249344K) From: 166874K(224768K)->174561K(224768K)
[2024-08-29T23:15:01.925+0800] GC(315) ParOldGen: 596825K(1398272K)->662362K(1398272K)
[2024-08-29T23:15:01.925+0800] GC(315) Metaspace: 1647K(1792K)->1647K(1792K) NonClass: 1528K(1600K)->1528K(1600K) Class: 119K(192K)->119K(192K)
[2024-08-29T23:15:01.925+0800] GC(315) Pause Young (Allocation Failure) 986M->817M(1828M) 43.747ms
[2024-08-29T23:15:01.925+0800] GC(315) User=0.34s Sys=0.01s Real=0.05s
[2024-08-29T23:15:02.055+0800] GC(316) Pause Young (Allocation Failure)
[2024-08-29T23:15:02.101+0800] GC(316) PSYoungGen: 423413K(474112K)->186020K(479744K) Eden: 248851K(249344K)->0K(257536K) From: 174561K(224768K)->186020K(222208K)
[2024-08-29T23:15:02.101+0800] GC(316) ParOldGen: 662362K(1398272K)->735150K(1398272K)
[2024-08-29T23:15:02.101+0800] GC(316) Metaspace: 1647K(1792K)->1647K(1792K) NonClass: 1528K(1600K)->1528K(1600K) Class: 119K(192K)->119K(192K)
[2024-08-29T23:15:02.102+0800] GC(316) Pause Young (Allocation Failure) 1060M->899M(1834M) 46.337ms
[2024-08-29T23:15:02.102+0800] GC(316) User=0.36s Sys=0.00s Real=0.04s
[2024-08-29T23:15:02.227+0800] GC(317) Pause Young (Allocation Failure)
[2024-08-29T23:15:02.272+0800] GC(317) PSYoungGen: 443060K(479744K)->150385K(476672K) Eden: 257040K(257536K)->0K(257536K) From: 186020K(222208K)->150385K(219136K)
[2024-08-29T23:15:02.272+0800] GC(317) ParOldGen: 735150K(1398272K)->835740K(1398272K)
[2024-08-29T23:15:02.272+0800] GC(317) Metaspace: 1647K(1792K)->1647K(1792K) NonClass: 1528K(1600K)->1528K(1600K) Class: 119K(192K)->119K(192K)
[2024-08-29T23:15:02.272+0800] GC(317) Pause Young (Allocation Failure) 1150M->963M(1831M) 45.292ms
[2024-08-29T23:15:02.272+0800] GC(317) User=0.35s Sys=0.00s Real=0.04s
[2024-08-29T23:15:02.384+0800] GC(318) Pause Young (Allocation Failure)
[2024-08-29T23:15:02.428+0800] GC(318) PSYoungGen: 407706K(476672K)->176157K(480768K) Eden: 257320K(257536K)->0K(259072K) From: 150385K(219136K)->176157K(221696K)
[2024-08-29T23:15:02.428+0800] GC(318) ParOldGen: 835740K(1398272K)->901864K(1398272K)
[2024-08-29T23:15:02.428+0800] GC(318) Metaspace: 1647K(1792K)->1647K(1792K) NonClass: 1528K(1600K)->1528K(1600K) Class: 119K(192K)->119K(192K)
[2024-08-29T23:15:02.428+0800] GC(318) Pause Young (Allocation Failure) 1214M->1052M(1835M) 44.091ms
[2024-08-29T23:15:02.428+0800] GC(318) User=0.34s Sys=0.00s Real=0.04s
[2024-08-29T23:15:02.535+0800] GC(319) Pause Young (Allocation Failure)
[2024-08-29T23:15:02.596+0800] GC(319) PSYoungGen: 434662K(480768K)->216095K(475648K) Eden: 258504K(259072K)->0K(259072K) From: 176157K(221696K)->216095K(216576K)
[2024-08-29T23:15:02.596+0800] GC(319) ParOldGen: 901864K(1398272K)->1012635K(1398272K)
[2024-08-29T23:15:02.596+0800] GC(319) Metaspace: 1647K(1792K)->1647K(1792K) NonClass: 1528K(1600K)->1528K(1600K) Class: 119K(192K)->119K(192K)
[2024-08-29T23:15:02.596+0800] GC(319) Pause Young (Allocation Failure) 1305M->1199M(1830M) 60.944ms
[2024-08-29T23:15:02.596+0800] GC(319) User=0.47s Sys=0.00s Real=0.06s
[2024-08-29T23:15:02.718+0800] GC(320) Pause Young (Allocation Failure)
[2024-08-29T23:15:02.776+0800] GC(320) PSYoungGen: 474170K(475648K)->189645K(470528K) Eden: 258074K(259072K)->0K(247296K) From: 216095K(216576K)->189645K(223232K)
[2024-08-29T23:15:02.776+0800] GC(320) ParOldGen: 1012635K(1398272K)->1133555K(1398272K)
[2024-08-29T23:15:02.776+0800] GC(320) Metaspace: 1647K(1792K)->1647K(1792K) NonClass: 1528K(1600K)->1528K(1600K) Class: 119K(192K)->119K(192K)
[2024-08-29T23:15:02.777+0800] GC(320) Pause Young (Allocation Failure) 1451M->1292M(1825M) 58.446ms
[2024-08-29T23:15:02.777+0800] GC(320) User=0.44s Sys=0.00s Real=0.06s
[2024-08-29T23:15:02.900+0800] GC(321) Pause Young (Allocation Failure)
[2024-08-29T23:15:02.953+0800] GC(321) PSYoungGen: 436067K(470528K)->164615K(473088K) Eden: 246421K(247296K)->0K(247296K) From: 189645K(223232K)->164615K(225792K)
[2024-08-29T23:15:02.953+0800] GC(321) ParOldGen: 1133555K(1398272K)->1248918K(1398272K)
[2024-08-29T23:15:02.953+0800] GC(321) Metaspace: 1647K(1792K)->1647K(1792K) NonClass: 1528K(1600K)->1528K(1600K) Class: 119K(192K)->119K(192K)
[2024-08-29T23:15:02.953+0800] GC(321) Pause Young (Allocation Failure) 1532M->1380M(1827M) 53.143ms
[2024-08-29T23:15:02.953+0800] GC(321) User=0.42s Sys=0.00s Real=0.06s
[2024-08-29T23:15:03.072+0800] GC(322) Pause Young (Allocation Failure)
[2024-08-29T23:15:03.114+0800] GC(322) PSYoungGen: 409920K(473088K)->185668K(477184K) Eden: 245305K(247296K)->0K(252416K) From: 164615K(225792K)->185668K(224768K)
[2024-08-29T23:15:03.114+0800] GC(322) ParOldGen: 1248918K(1398272K)->1331403K(1398272K)
[2024-08-29T23:15:03.114+0800] GC(322) Metaspace: 1647K(1792K)->1647K(1792K) NonClass: 1528K(1600K)->1528K(1600K) Class: 119K(192K)->119K(192K)
[2024-08-29T23:15:03.114+0800] GC(322) Pause Young (Allocation Failure) 1619M->1481M(1831M) 42.691ms
[2024-08-29T23:15:03.114+0800] GC(322) User=0.33s Sys=0.00s Real=0.05s
[2024-08-29T23:15:03.115+0800] GC(323) Pause Full (Ergonomics)
[2024-08-29T23:15:03.115+0800] GC(323) Marking Phase
[2024-08-29T23:15:03.117+0800] GC(323) Marking Phase 2.239ms
[2024-08-29T23:15:03.117+0800] GC(323) Summary Phase
[2024-08-29T23:15:03.117+0800] GC(323) Summary Phase 0.024ms
[2024-08-29T23:15:03.117+0800] GC(323) Adjust Roots
[2024-08-29T23:15:03.118+0800] GC(323) Adjust Roots 0.647ms
[2024-08-29T23:15:03.118+0800] GC(323) Compaction Phase
[2024-08-29T23:15:03.161+0800] GC(323) Compaction Phase 43.072ms
[2024-08-29T23:15:03.161+0800] GC(323) Post Compact
[2024-08-29T23:15:03.168+0800] GC(323) Post Compact 7.746ms
[2024-08-29T23:15:03.169+0800] GC(323) PSYoungGen: 185668K(477184K)->0K(474112K) Eden: 0K(252416K)->0K(252416K) From: 185668K(224768K)->0K(221696K)
[2024-08-29T23:15:03.169+0800] GC(323) ParOldGen: 1331403K(1398272K)->403161K(1398272K)
[2024-08-29T23:15:03.169+0800] GC(323) Metaspace: 1647K(1792K)->1647K(1792K) NonClass: 1528K(1600K)->1528K(1600K) Class: 119K(192K)->119K(192K)
[2024-08-29T23:15:03.169+0800] GC(323) Pause Full (Ergonomics) 1481M->393M(1828M) 54.097ms
[2024-08-29T23:15:03.169+0800] GC(323) User=0.36s Sys=0.00s Real=0.05s
[2024-08-29T23:15:03.274+0800] GC(324) Pause Young (Allocation Failure)
[2024-08-29T23:15:03.304+0800] GC(324) PSYoungGen: 250859K(474112K)->189672K(478208K) Eden: 250859K(252416K)->0K(256512K) From: 0K(221696K)->189672K(221696K)
[2024-08-29T23:15:03.304+0800] GC(324) ParOldGen: 403161K(1398272K)->403161K(1398272K)
[2024-08-29T23:15:03.304+0800] GC(324) Metaspace: 1647K(1792K)->1647K(1792K) NonClass: 1528K(1600K)->1528K(1600K) Class: 119K(192K)->119K(192K)
[2024-08-29T23:15:03.304+0800] GC(324) Pause Young (Allocation Failure) 638M->578M(1832M) 30.040ms
[2024-08-29T23:15:03.304+0800] GC(324) User=0.23s Sys=0.00s Real=0.03s
[2024-08-29T23:15:03.425+0800] GC(325) Pause Young (Allocation Failure)
[2024-08-29T23:15:03.469+0800] GC(325) PSYoungGen: 444643K(478208K)->201388K(458240K) Eden: 254970K(256512K)->0K(256512K) From: 189672K(221696K)->201388K(201728K)
[2024-08-29T23:15:03.469+0800] GC(325) ParOldGen: 403161K(1398272K)->489380K(1398272K)
[2024-08-29T23:15:03.469+0800] GC(325) Metaspace: 1647K(1792K)->1647K(1792K) NonClass: 1528K(1600K)->1528K(1600K) Class: 119K(192K)->119K(192K)
[2024-08-29T23:15:03.469+0800] GC(325) Pause Young (Allocation Failure) 827M->674M(1813M) 43.644ms
[2024-08-29T23:15:03.469+0800] GC(325) User=0.34s Sys=0.00s Real=0.04s
[2024-08-29T23:15:03.577+0800] GC(326) Pause Young (Allocation Failure)
[2024-08-29T23:15:03.624+0800] GC(326) PSYoungGen: 457812K(458240K)->194545K(475648K) Eden: 256424K(256512K)->0K(251904K) From: 201388K(201728K)->194545K(223744K)
[2024-08-29T23:15:03.624+0800] GC(326) ParOldGen: 489380K(1398272K)->605908K(1398272K)
[2024-08-29T23:15:03.624+0800] GC(326) Metaspace: 1647K(1792K)->1647K(1792K) NonClass: 1528K(1600K)->1528K(1600K) Class: 119K(192K)->119K(192K)
[2024-08-29T23:15:03.624+0800] GC(326) Pause Young (Allocation Failure) 924M->781M(1830M) 47.104ms
[2024-08-29T23:15:03.624+0800] GC(326) User=0.35s Sys=0.00s Real=0.05s
[2024-08-29T23:15:03.741+0800] GC(327) Pause Young (Allocation Failure)
[2024-08-29T23:15:03.786+0800] GC(327) PSYoungGen: 443291K(475648K)->197803K(475136K) Eden: 248746K(251904K)->0K(251904K) From: 194545K(223744K)->197803K(223232K)
[2024-08-29T23:15:03.786+0800] GC(327) ParOldGen: 605908K(1398272K)->707418K(1398272K)
[2024-08-29T23:15:03.786+0800] GC(327) Metaspace: 1647K(1792K)->1647K(1792K) NonClass: 1528K(1600K)->1528K(1600K) Class: 119K(192K)->119K(192K)
[2024-08-29T23:15:03.786+0800] GC(327) Pause Young (Allocation Failure) 1024M->884M(1829M) 44.863ms
[2024-08-29T23:15:03.786+0800] GC(327) User=0.35s Sys=0.00s Real=0.05s
[2024-08-29T23:15:03.917+0800] GC(328) Pause Young (Allocation Failure)
[2024-08-29T23:15:03.961+0800] GC(328) PSYoungGen: 448405K(475136K)->183288K(478208K) Eden: 250601K(251904K)->0K(254464K) From: 197803K(223232K)->183288K(223744K)
[2024-08-29T23:15:03.961+0800] GC(328) ParOldGen: 707418K(1398272K)->809819K(1398272K)
[2024-08-29T23:15:03.961+0800] GC(328) Metaspace: 1647K(1792K)->1647K(1792K) NonClass: 1528K(1600K)->1528K(1600K) Class: 119K(192K)->119K(192K)
[2024-08-29T23:15:03.961+0800] GC(328) Pause Young (Allocation Failure) 1128M->969M(1832M) 44.274ms
[2024-08-29T23:15:03.961+0800] GC(328) User=0.34s Sys=0.00s Real=0.04s
[2024-08-29T23:15:04.070+0800] GC(329) Pause Young (Allocation Failure)
[2024-08-29T23:15:04.118+0800] GC(329) PSYoungGen: 436452K(478208K)->186821K(475136K) Eden: 253163K(254464K)->0K(254464K) From: 183288K(223744K)->186821K(220672K)
[2024-08-29T23:15:04.118+0800] GC(329) ParOldGen: 809819K(1398272K)->922979K(1398272K)
[2024-08-29T23:15:04.118+0800] GC(329) Metaspace: 1647K(1792K)->1647K(1792K) NonClass: 1528K(1600K)->1528K(1600K) Class: 119K(192K)->119K(192K)
[2024-08-29T23:15:04.118+0800] GC(329) Pause Young (Allocation Failure) 1217M->1083M(1829M) 48.432ms
[2024-08-29T23:15:04.118+0800] GC(329) User=0.37s Sys=0.00s Real=0.05s
[2024-08-29T23:15:04.226+0800] GC(330) Pause Young (Allocation Failure)
[2024-08-29T23:15:04.270+0800] GC(330) PSYoungGen: 438463K(475136K)->185404K(484352K) Eden: 251642K(254464K)->0K(266752K) From: 186821K(220672K)->185404K(217600K)
[2024-08-29T23:15:04.270+0800] GC(330) ParOldGen: 922979K(1398272K)->1022743K(1398272K)
[2024-08-29T23:15:04.270+0800] GC(330) Metaspace: 1647K(1792K)->1647K(1792K) NonClass: 1528K(1600K)->1528K(1600K) Class: 119K(192K)->119K(192K)
[2024-08-29T23:15:04.270+0800] GC(330) Pause Young (Allocation Failure) 1329M->1179M(1838M) 43.861ms
[2024-08-29T23:15:04.270+0800] GC(330) User=0.34s Sys=0.00s Real=0.04s
[2024-08-29T23:15:04.399+0800] GC(331) Pause Young (Allocation Failure)
[2024-08-29T23:15:04.442+0800] GC(331) PSYoungGen: 450251K(484352K)->206533K(473600K) Eden: 264846K(266752K)->0K(266752K) From: 185404K(217600K)->206533K(206848K)
[2024-08-29T23:15:04.442+0800] GC(331) ParOldGen: 1022743K(1398272K)->1097099K(1398272K)
[2024-08-29T23:15:04.442+0800] GC(331) Metaspace: 1647K(1792K)->1647K(1792K) NonClass: 1528K(1600K)->1528K(1600K) Class: 119K(192K)->119K(192K)
[2024-08-29T23:15:04.442+0800] GC(331) Pause Young (Allocation Failure) 1438M->1273M(1828M) 42.685ms
[2024-08-29T23:15:04.442+0800] GC(331) User=0.34s Sys=0.00s Real=0.04s
[2024-08-29T23:15:04.560+0800] GC(332) Pause Young (Allocation Failure)
[2024-08-29T23:15:04.608+0800] GC(332) PSYoungGen: 473169K(473600K)->199157K(477696K) Eden: 266636K(266752K)->0K(258560K) From: 206533K(206848K)->199157K(219136K)
[2024-08-29T23:15:04.608+0800] GC(332) ParOldGen: 1097099K(1398272K)->1207366K(1398272K)
[2024-08-29T23:15:04.608+0800] GC(332) Metaspace: 1647K(1792K)->1647K(1792K) NonClass: 1528K(1600K)->1528K(1600K) Class: 119K(192K)->119K(192K)
[2024-08-29T23:15:04.608+0800] GC(332) Pause Young (Allocation Failure) 1533M->1373M(1832M) 48.179ms
[2024-08-29T23:15:04.608+0800] GC(332) User=0.37s Sys=0.00s Real=0.05s
[2024-08-29T23:15:04.730+0800] GC(333) Pause Young (Allocation Failure)
[2024-08-29T23:15:04.780+0800] GC(333) PSYoungGen: 457369K(477696K)->203100K(461824K) Eden: 258212K(258560K)->0K(258560K) From: 199157K(219136K)->203100K(203264K)
[2024-08-29T23:15:04.780+0800] GC(333) ParOldGen: 1207366K(1398272K)->1324976K(1398272K)
[2024-08-29T23:15:04.780+0800] GC(333) Metaspace: 1647K(1792K)->1647K(1792K) NonClass: 1528K(1600K)->1528K(1600K) Class: 119K(192K)->119K(192K)
[2024-08-29T23:15:04.780+0800] GC(333) Pause Young (Allocation Failure) 1625M->1492M(1816M) 49.901ms
[2024-08-29T23:15:04.780+0800] GC(333) User=0.39s Sys=0.00s Real=0.05s
[2024-08-29T23:15:04.780+0800] GC(334) Pause Full (Ergonomics)
[2024-08-29T23:15:04.780+0800] GC(334) Marking Phase
[2024-08-29T23:15:04.783+0800] GC(334) Marking Phase 2.901ms
[2024-08-29T23:15:04.783+0800] GC(334) Summary Phase
[2024-08-29T23:15:04.783+0800] GC(334) Summary Phase 0.035ms
[2024-08-29T23:15:04.783+0800] GC(334) Adjust Roots
[2024-08-29T23:15:04.784+0800] GC(334) Adjust Roots 1.099ms
[2024-08-29T23:15:04.784+0800] GC(334) Compaction Phase
[2024-08-29T23:15:04.834+0800] GC(334) Compaction Phase 49.550ms
[2024-08-29T23:15:04.834+0800] GC(334) Post Compact
[2024-08-29T23:15:04.842+0800] GC(334) Post Compact 8.176ms
[2024-08-29T23:15:04.842+0800] GC(334) PSYoungGen: 203100K(461824K)->0K(476672K) Eden: 0K(258560K)->0K(254464K) From: 203100K(203264K)->0K(222208K)
[2024-08-29T23:15:04.842+0800] GC(334) ParOldGen: 1324976K(1398272K)->464161K(1398272K)
[2024-08-29T23:15:04.842+0800] GC(334) Metaspace: 1647K(1792K)->1647K(1792K) NonClass: 1528K(1600K)->1528K(1600K) Class: 119K(192K)->119K(192K)
[2024-08-29T23:15:04.842+0800] GC(334) Pause Full (Ergonomics) 1492M->453M(1831M) 62.138ms
[2024-08-29T23:15:04.842+0800] GC(334) User=0.40s Sys=0.00s Real=0.06s
[2024-08-29T23:15:04.974+0800] GC(335) Pause Young (Allocation Failure)
[2024-08-29T23:15:05.001+0800] GC(335) PSYoungGen: 253408K(476672K)->177584K(476672K) Eden: 253408K(254464K)->0K(254464K) From: 0K(222208K)->177584K(222208K)
[2024-08-29T23:15:05.001+0800] GC(335) ParOldGen: 464161K(1398272K)->464161K(1398272K)
[2024-08-29T23:15:05.001+0800] GC(335) Metaspace: 1648K(1792K)->1648K(1792K) NonClass: 1528K(1600K)->1528K(1600K) Class: 119K(192K)->119K(192K)
[2024-08-29T23:15:05.001+0800] GC(335) Pause Young (Allocation Failure) 700M->626M(1831M) 27.285ms
[2024-08-29T23:15:05.001+0800] GC(335) User=0.21s Sys=0.00s Real=0.02s
[2024-08-29T23:15:05.119+0800] GC(336) Pause Young (Allocation Failure)
[2024-08-29T23:15:05.156+0800] GC(336) PSYoungGen: 429120K(476672K)->178156K(478720K) Eden: 251535K(254464K)->0K(257536K) From: 177584K(222208K)->178156K(221184K)
[2024-08-29T23:15:05.156+0800] GC(336) ParOldGen: 464161K(1398272K)->528413K(1398272K)
[2024-08-29T23:15:05.156+0800] GC(336) Metaspace: 1648K(1792K)->1648K(1792K) NonClass: 1529K(1600K)->1529K(1600K) Class: 119K(192K)->119K(192K)
[2024-08-29T23:15:05.156+0800] GC(336) Pause Young (Allocation Failure) 872M->690M(1833M) 36.688ms
[2024-08-29T23:15:05.156+0800] GC(336) User=0.28s Sys=0.00s Real=0.04s
[2024-08-29T23:15:05.277+0800] GC(337) Pause Young (Allocation Failure)
[2024-08-29T23:15:05.320+0800] GC(337) PSYoungGen: 433594K(478720K)->181140K(477696K) Eden: 255437K(257536K)->0K(257536K) From: 178156K(221184K)->181140K(220160K)
[2024-08-29T23:15:05.321+0800] GC(337) ParOldGen: 528413K(1398272K)->632147K(1398272K)
[2024-08-29T23:15:05.321+0800] GC(337) Metaspace: 1648K(1792K)->1648K(1792K) NonClass: 1529K(1600K)->1529K(1600K) Class: 119K(192K)->119K(192K)
[2024-08-29T23:15:05.321+0800] GC(337) Pause Young (Allocation Failure) 939M->794M(1832M) 43.568ms
[2024-08-29T23:15:05.321+0800] GC(337) User=0.34s Sys=0.00s Real=0.04s
[2024-08-29T23:15:05.462+0800] GC(338) Pause Young (Allocation Failure)
[2024-08-29T23:15:05.500+0800] GC(338) PSYoungGen: 434970K(477696K)->168588K(479744K) Eden: 253829K(257536K)->0K(261632K) From: 181140K(220160K)->168588K(218112K)
[2024-08-29T23:15:05.500+0800] GC(338) ParOldGen: 632147K(1398272K)->710056K(1398272K)
[2024-08-29T23:15:05.500+0800] GC(338) Metaspace: 1648K(1792K)->1648K(1792K) NonClass: 1529K(1600K)->1529K(1600K) Class: 119K(192K)->119K(192K)
[2024-08-29T23:15:05.500+0800] GC(338) Pause Young (Allocation Failure) 1042M->858M(1834M) 38.588ms
[2024-08-29T23:15:05.500+0800] GC(338) User=0.29s Sys=0.00s Real=0.04s
[2024-08-29T23:15:05.634+0800] GC(339) Pause Young (Allocation Failure)
[2024-08-29T23:15:05.675+0800] GC(339) PSYoungGen: 427605K(479744K)->183691K(480256K) Eden: 259016K(261632K)->0K(261632K) From: 168588K(218112K)->183691K(218624K)
[2024-08-29T23:15:05.675+0800] GC(339) ParOldGen: 710056K(1398272K)->792702K(1398272K)
[2024-08-29T23:15:05.675+0800] GC(339) Metaspace: 1650K(1792K)->1650K(1792K) NonClass: 1531K(1600K)->1531K(1600K) Class: 119K(192K)->119K(192K)
[2024-08-29T23:15:05.675+0800] GC(339) Pause Young (Allocation Failure) 1110M->953M(1834M) 41.111ms
[2024-08-29T23:15:05.675+0800] GC(339) User=0.32s Sys=0.00s Real=0.04s
[2024-08-29T23:15:05.806+0800] GC(340) Pause Young (Allocation Failure)
[2024-08-29T23:15:05.845+0800] GC(340) PSYoungGen: 445239K(480256K)->177979K(484864K) Eden: 261547K(261632K)->0K(269312K) From: 183691K(218624K)->177979K(215552K)
[2024-08-29T23:15:05.845+0800] GC(340) ParOldGen: 792702K(1398272K)->871268K(1398272K)
[2024-08-29T23:15:05.845+0800] GC(340) Metaspace: 1650K(1792K)->1650K(1792K) NonClass: 1531K(1600K)->1531K(1600K) Class: 119K(192K)->119K(192K)
[2024-08-29T23:15:05.845+0800] GC(340) Pause Young (Allocation Failure) 1208M->1024M(1839M) 39.451ms
[2024-08-29T23:15:05.845+0800] GC(340) User=0.30s Sys=0.00s Real=0.04s
[2024-08-29T23:15:05.965+0800] GC(341) Pause Young (Allocation Failure)
[2024-08-29T23:15:06.009+0800] GC(341) PSYoungGen: 447080K(484864K)->199227K(468992K) Eden: 269101K(269312K)->0K(269312K) From: 177979K(215552K)->199227K(199680K)
[2024-08-29T23:15:06.009+0800] GC(341) ParOldGen: 871268K(1398272K)->959181K(1398272K)
[2024-08-29T23:15:06.009+0800] GC(341) Metaspace: 1650K(1792K)->1650K(1792K) NonClass: 1531K(1600K)->1531K(1600K) Class: 119K(192K)->119K(192K)
[2024-08-29T23:15:06.009+0800] GC(341) Pause Young (Allocation Failure) 1287M->1131M(1823M) 44.139ms
[2024-08-29T23:15:06.009+0800] GC(341) User=0.35s Sys=0.00s Real=0.04s
[2024-08-29T23:15:06.123+0800] GC(342) Pause Young (Allocation Failure)
[2024-08-29T23:15:06.166+0800] GC(342) PSYoungGen: 466276K(468992K)->160059K(479232K) Eden: 267049K(269312K)->0K(262656K) From: 199227K(199680K)->160059K(216576K)
[2024-08-29T23:15:06.166+0800] GC(342) ParOldGen: 959181K(1398272K)->1073828K(1398272K)
[2024-08-29T23:15:06.166+0800] GC(342) Metaspace: 1650K(1792K)->1650K(1792K) NonClass: 1531K(1600K)->1531K(1600K) Class: 119K(192K)->119K(192K)
[2024-08-29T23:15:06.166+0800] GC(342) Pause Young (Allocation Failure) 1392M->1204M(1833M) 42.828ms
[2024-08-29T23:15:06.166+0800] GC(342) User=0.34s Sys=0.00s Real=0.04s
[2024-08-29T23:15:06.282+0800] GC(343) Pause Young (Allocation Failure)
[2024-08-29T23:15:06.323+0800] GC(343) PSYoungGen: 420742K(479232K)->184492K(480768K) Eden: 260683K(262656K)->0K(262656K) From: 160059K(216576K)->184492K(218112K)
[2024-08-29T23:15:06.323+0800] GC(343) ParOldGen: 1073828K(1398272K)->1151265K(1398272K)
[2024-08-29T23:15:06.323+0800] GC(343) Metaspace: 1650K(1792K)->1650K(1792K) NonClass: 1531K(1600K)->1531K(1600K) Class: 119K(192K)->119K(192K)
[2024-08-29T23:15:06.323+0800] GC(343) Pause Young (Allocation Failure) 1459M->1304M(1835M) 41.407ms
[2024-08-29T23:15:06.323+0800] GC(343) User=0.32s Sys=0.00s Real=0.05s
[2024-08-29T23:15:06.437+0800] GC(344) Pause Young (Allocation Failure)
[2024-08-29T23:15:06.486+0800] GC(344) PSYoungGen: 444085K(480768K)->188184K(485376K) Eden: 259593K(262656K)->0K(270848K) From: 184492K(218112K)->188184K(214528K)
[2024-08-29T23:15:06.486+0800] GC(344) ParOldGen: 1151265K(1398272K)->1238206K(1398272K)
[2024-08-29T23:15:06.486+0800] GC(344) Metaspace: 1650K(1792K)->1650K(1792K) NonClass: 1531K(1600K)->1531K(1600K) Class: 119K(192K)->119K(192K)
[2024-08-29T23:15:06.486+0800] GC(344) Pause Young (Allocation Failure) 1557M->1392M(1839M) 48.803ms
[2024-08-29T23:15:06.486+0800] GC(344) User=0.38s Sys=0.00s Real=0.05s
[2024-08-29T23:15:06.599+0800] GC(345) Pause Young (Allocation Failure)
[2024-08-29T23:15:06.652+0800] GC(345) PSYoungGen: 458000K(485376K)->187289K(484352K) Eden: 269815K(270848K)->0K(270848K) From: 188184K(214528K)->187289K(213504K)
[2024-08-29T23:15:06.652+0800] GC(345) ParOldGen: 1238206K(1398272K)->1355455K(1398272K)
[2024-08-29T23:15:06.652+0800] GC(345) Metaspace: 1650K(1792K)->1650K(1792K) NonClass: 1531K(1600K)->1531K(1600K) Class: 119K(192K)->119K(192K)
[2024-08-29T23:15:06.652+0800] GC(345) Pause Young (Allocation Failure) 1656M->1506M(1838M) 53.265ms
[2024-08-29T23:15:06.652+0800] GC(345) User=0.42s Sys=0.00s Real=0.05s
[2024-08-29T23:15:06.652+0800] GC(346) Pause Full (Ergonomics)
[2024-08-29T23:15:06.652+0800] GC(346) Marking Phase
[2024-08-29T23:15:06.656+0800] GC(346) Marking Phase 3.539ms
[2024-08-29T23:15:06.656+0800] GC(346) Summary Phase
[2024-08-29T23:15:06.656+0800] GC(346) Summary Phase 0.074ms
[2024-08-29T23:15:06.656+0800] GC(346) Adjust Roots
[2024-08-29T23:15:06.657+0800] GC(346) Adjust Roots 1.075ms
[2024-08-29T23:15:06.657+0800] GC(346) Compaction Phase
[2024-08-29T23:15:06.704+0800] GC(346) Compaction Phase 46.834ms
[2024-08-29T23:15:06.704+0800] GC(346) Post Compact
[2024-08-29T23:15:06.712+0800] GC(346) Post Compact 8.306ms
[2024-08-29T23:15:06.713+0800] GC(346) PSYoungGen: 187289K(484352K)->0K(487424K) Eden: 0K(270848K)->0K(275968K) From: 187289K(213504K)->0K(211456K)
[2024-08-29T23:15:06.713+0800] GC(346) ParOldGen: 1355455K(1398272K)->380057K(1398272K)
[2024-08-29T23:15:06.713+0800] GC(346) Metaspace: 1650K(1792K)->1650K(1792K) NonClass: 1531K(1600K)->1531K(1600K) Class: 119K(192K)->119K(192K)
[2024-08-29T23:15:06.713+0800] GC(346) Pause Full (Ergonomics) 1506M->371M(1841M) 60.434ms
[2024-08-29T23:15:06.713+0800] GC(346) User=0.38s Sys=0.00s Real=0.06s
[2024-08-29T23:15:06.818+0800] GC(347) Pause Young (Allocation Failure)
[2024-08-29T23:15:06.855+0800] GC(347) PSYoungGen: 274991K(487424K)->208597K(484864K) Eden: 274991K(275968K)->0K(275968K) From: 0K(211456K)->208597K(208896K)
[2024-08-29T23:15:06.855+0800] GC(347) ParOldGen: 380057K(1398272K)->380057K(1398272K)
[2024-08-29T23:15:06.855+0800] GC(347) Metaspace: 1650K(1792K)->1650K(1792K) NonClass: 1531K(1600K)->1531K(1600K) Class: 119K(192K)->119K(192K)
[2024-08-29T23:15:06.855+0800] GC(347) Pause Young (Allocation Failure) 639M->574M(1839M) 36.623ms
[2024-08-29T23:15:06.855+0800] GC(347) User=0.28s Sys=0.00s Real=0.04s
[2024-08-29T23:15:06.997+0800] GC(348) Pause Young (Allocation Failure)
[2024-08-29T23:15:07.044+0800] GC(348) PSYoungGen: 480569K(484864K)->169536K(477696K) Eden: 271972K(275968K)->0K(263680K) From: 208597K(208896K)->169536K(214016K)
[2024-08-29T23:15:07.044+0800] GC(348) ParOldGen: 380057K(1398272K)->492097K(1398272K)
[2024-08-29T23:15:07.044+0800] GC(348) Metaspace: 1650K(1792K)->1650K(1792K) NonClass: 1531K(1600K)->1531K(1600K) Class: 119K(192K)->119K(192K)
[2024-08-29T23:15:07.044+0800] GC(348) Pause Young (Allocation Failure) 840M->646M(1832M) 46.423ms
[2024-08-29T23:15:07.044+0800] GC(348) User=0.36s Sys=0.01s Real=0.05s
[2024-08-29T23:15:07.162+0800] GC(349) Pause Young (Allocation Failure)
[2024-08-29T23:15:07.205+0800] GC(349) PSYoungGen: 430633K(477696K)->186817K(481280K) Eden: 261096K(263680K)->0K(263680K) From: 169536K(214016K)->186817K(217600K)
[2024-08-29T23:15:07.205+0800] GC(349) ParOldGen: 492097K(1398272K)->584736K(1398272K)
[2024-08-29T23:15:07.205+0800] GC(349) Metaspace: 1650K(1792K)->1650K(1792K) NonClass: 1531K(1600K)->1531K(1600K) Class: 119K(192K)->119K(192K)
[2024-08-29T23:15:07.205+0800] GC(349) Pause Young (Allocation Failure) 901M->753M(1835M) 42.437ms
[2024-08-29T23:15:07.205+0800] GC(349) User=0.33s Sys=0.00s Real=0.05s
[2024-08-29T23:15:07.323+0800] GC(350) Pause Young (Allocation Failure)
[2024-08-29T23:15:07.373+0800] GC(350) PSYoungGen: 449492K(481280K)->205350K(474624K) Eden: 262675K(263680K)->0K(259584K) From: 186817K(217600K)->205350K(215040K)
[2024-08-29T23:15:07.373+0800] GC(350) ParOldGen: 584736K(1398272K)->708334K(1398272K)
[2024-08-29T23:15:07.373+0800] GC(350) Metaspace: 1650K(1792K)->1650K(1792K) NonClass: 1531K(1600K)->1531K(1600K) Class: 119K(192K)->119K(192K)
[2024-08-29T23:15:07.374+0800] GC(350) Pause Young (Allocation Failure) 1009M->892M(1829M) 50.106ms
[2024-08-29T23:15:07.374+0800] GC(350) User=0.39s Sys=0.00s Real=0.05s
[2024-08-29T23:15:07.518+0800] GC(351) Pause Young (Allocation Failure)
[2024-08-29T23:15:07.560+0800] GC(351) PSYoungGen: 464797K(474624K)->175792K(479232K) Eden: 259446K(259584K)->0K(259584K) From: 205350K(215040K)->175792K(219648K)
[2024-08-29T23:15:07.560+0800] GC(351) ParOldGen: 708334K(1398272K)->800655K(1398272K)
[2024-08-29T23:15:07.560+0800] GC(351) Metaspace: 1652K(1856K)->1652K(1856K) NonClass: 1532K(1664K)->1532K(1664K) Class: 119K(192K)->119K(192K)
[2024-08-29T23:15:07.560+0800] GC(351) Pause Young (Allocation Failure) 1145M->953M(1833M) 41.174ms
[2024-08-29T23:15:07.560+0800] GC(351) User=0.32s Sys=0.00s Real=0.04s
[2024-08-29T23:15:07.680+0800] GC(352) Pause Young (Allocation Failure)
[2024-08-29T23:15:07.723+0800] GC(352) PSYoungGen: 434924K(479232K)->180612K(482816K) Eden: 259131K(259584K)->0K(264704K) From: 175792K(219648K)->180612K(218112K)
[2024-08-29T23:15:07.723+0800] GC(352) ParOldGen: 800655K(1398272K)->900291K(1398272K)
[2024-08-29T23:15:07.723+0800] GC(352) Metaspace: 1652K(1856K)->1652K(1856K) NonClass: 1532K(1664K)->1532K(1664K) Class: 119K(192K)->119K(192K)
[2024-08-29T23:15:07.723+0800] GC(352) Pause Young (Allocation Failure) 1206M->1055M(1837M) 42.417ms
[2024-08-29T23:15:07.723+0800] GC(352) User=0.33s Sys=0.00s Real=0.05s
[2024-08-29T23:15:07.835+0800] GC(353) Pause Young (Allocation Failure)
[2024-08-29T23:15:07.884+0800] GC(353) PSYoungGen: 445307K(482816K)->207252K(472064K) Eden: 264695K(264704K)->0K(264704K) From: 180612K(218112K)->207252K(207360K)
[2024-08-29T23:15:07.884+0800] GC(353) ParOldGen: 900291K(1398272K)->1011758K(1398272K)
[2024-08-29T23:15:07.884+0800] GC(353) Metaspace: 1652K(1856K)->1652K(1856K) NonClass: 1532K(1664K)->1532K(1664K) Class: 119K(192K)->119K(192K)
[2024-08-29T23:15:07.884+0800] GC(353) Pause Young (Allocation Failure) 1314M->1190M(1826M) 49.128ms
[2024-08-29T23:15:07.884+0800] GC(353) User=0.38s Sys=0.00s Real=0.05s
[2024-08-29T23:15:07.983+0800] GC(354) Pause Young (Allocation Failure)
[2024-08-29T23:15:08.037+0800] GC(354) PSYoungGen: 469212K(472064K)->214713K(464384K) Eden: 261959K(264704K)->0K(243200K) From: 207252K(207360K)->214713K(221184K)
[2024-08-29T23:15:08.037+0800] GC(354) ParOldGen: 1011758K(1398272K)->1148712K(1398272K)
[2024-08-29T23:15:08.037+0800] GC(354) Metaspace: 1652K(1856K)->1652K(1856K) NonClass: 1532K(1664K)->1532K(1664K) Class: 119K(192K)->119K(192K)
[2024-08-29T23:15:08.037+0800] GC(354) Pause Young (Allocation Failure) 1446M->1331M(1819M) 53.804ms
[2024-08-29T23:15:08.037+0800] GC(354) User=0.42s Sys=0.00s Real=0.05s
[2024-08-29T23:15:08.135+0800] GC(355) Pause Young (Allocation Failure)
[2024-08-29T23:15:08.186+0800] GC(355) PSYoungGen: 457505K(464384K)->186931K(471040K) Eden: 242791K(243200K)->0K(243200K) From: 214713K(221184K)->186931K(227840K)
[2024-08-29T23:15:08.186+0800] GC(355) ParOldGen: 1148712K(1398272K)->1294900K(1398272K)
[2024-08-29T23:15:08.186+0800] GC(355) Metaspace: 1652K(1856K)->1652K(1856K) NonClass: 1532K(1664K)->1532K(1664K) Class: 119K(192K)->119K(192K)
[2024-08-29T23:15:08.186+0800] GC(355) Pause Young (Allocation Failure) 1568M->1447M(1825M) 51.023ms
[2024-08-29T23:15:08.186+0800] GC(355) User=0.40s Sys=0.00s Real=0.05s
[2024-08-29T23:15:08.186+0800] GC(356) Pause Full (Ergonomics)
[2024-08-29T23:15:08.186+0800] GC(356) Marking Phase
[2024-08-29T23:15:08.188+0800] GC(356) Marking Phase 1.905ms
[2024-08-29T23:15:08.188+0800] GC(356) Summary Phase
[2024-08-29T23:15:08.188+0800] GC(356) Summary Phase 0.021ms
[2024-08-29T23:15:08.188+0800] GC(356) Adjust Roots
[2024-08-29T23:15:08.189+0800] GC(356) Adjust Roots 0.671ms
[2024-08-29T23:15:08.189+0800] GC(356) Compaction Phase
[2024-08-29T23:15:08.243+0800] GC(356) Compaction Phase 53.703ms
[2024-08-29T23:15:08.243+0800] GC(356) Post Compact
[2024-08-29T23:15:08.249+0800] GC(356) Post Compact 6.392ms
[2024-08-29T23:15:08.249+0800] GC(356) PSYoungGen: 186931K(471040K)->0K(474112K) Eden: 0K(243200K)->0K(249344K) From: 186931K(227840K)->0K(224768K)
[2024-08-29T23:15:08.249+0800] GC(356) ParOldGen: 1294900K(1398272K)->522783K(1398272K)
[2024-08-29T23:15:08.249+0800] GC(356) Metaspace: 1652K(1856K)->1652K(1856K) NonClass: 1532K(1664K)->1532K(1664K) Class: 119K(192K)->119K(192K)
[2024-08-29T23:15:08.249+0800] GC(356) Pause Full (Ergonomics) 1447M->510M(1828M) 62.991ms
[2024-08-29T23:15:08.249+0800] GC(356) User=0.43s Sys=0.00s Real=0.06s
[2024-08-29T23:15:08.346+0800] GC(357) Pause Young (Allocation Failure)
[2024-08-29T23:15:08.380+0800] GC(357) PSYoungGen: 247650K(474112K)->208006K(457728K) Eden: 247650K(249344K)->0K(249344K) From: 0K(224768K)->208006K(208384K)
[2024-08-29T23:15:08.380+0800] GC(357) ParOldGen: 522783K(1398272K)->522783K(1398272K)
[2024-08-29T23:15:08.380+0800] GC(357) Metaspace: 1652K(1856K)->1652K(1856K) NonClass: 1532K(1664K)->1532K(1664K) Class: 119K(192K)->119K(192K)
[2024-08-29T23:15:08.380+0800] GC(357) Pause Young (Allocation Failure) 752M->713M(1812M) 33.518ms
[2024-08-29T23:15:08.380+0800] GC(357) User=0.26s Sys=0.00s Real=0.03s
[2024-08-29T23:15:08.504+0800] GC(358) Pause Young (Allocation Failure)
[2024-08-29T23:15:08.552+0800] GC(358) PSYoungGen: 455939K(457728K)->169221K(470016K) Eden: 247932K(249344K)->0K(242176K) From: 208006K(208384K)->169221K(227840K)
[2024-08-29T23:15:08.552+0800] GC(358) ParOldGen: 522783K(1398272K)->667474K(1398272K)
[2024-08-29T23:15:08.552+0800] GC(358) Metaspace: 1652K(1856K)->1652K(1856K) NonClass: 1532K(1664K)->1532K(1664K) Class: 119K(192K)->119K(192K)
[2024-08-29T23:15:08.552+0800] GC(358) Pause Young (Allocation Failure) 955M->817M(1824M) 47.532ms
[2024-08-29T23:15:08.552+0800] GC(358) User=0.36s Sys=0.00s Real=0.04s
[2024-08-29T23:15:08.666+0800] GC(359) Pause Young (Allocation Failure)
[2024-08-29T23:15:08.707+0800] GC(359) PSYoungGen: 409201K(470016K)->192730K(470528K) Eden: 239980K(242176K)->0K(242176K) From: 169221K(227840K)->192730K(228352K)
[2024-08-29T23:15:08.707+0800] GC(359) ParOldGen: 667474K(1398272K)->745277K(1398272K)
[2024-08-29T23:15:08.707+0800] GC(359) Metaspace: 1652K(1856K)->1652K(1856K) NonClass: 1532K(1664K)->1532K(1664K) Class: 119K(192K)->119K(192K)
[2024-08-29T23:15:08.707+0800] GC(359) Pause Young (Allocation Failure) 1051M->916M(1825M) 40.575ms
[2024-08-29T23:15:08.707+0800] GC(359) User=0.31s Sys=0.00s Real=0.04s
[2024-08-29T23:15:08.822+0800] GC(360) Pause Young (Allocation Failure)
[2024-08-29T23:15:08.869+0800] GC(360) PSYoungGen: 434808K(470528K)->207179K(467456K) Eden: 242077K(242176K)->0K(242176K) From: 192730K(228352K)->207179K(225280K)
[2024-08-29T23:15:08.869+0800] GC(360) ParOldGen: 745277K(1398272K)->848884K(1398272K)
[2024-08-29T23:15:08.869+0800] GC(360) Metaspace: 1652K(1856K)->1652K(1856K) NonClass: 1532K(1664K)->1532K(1664K) Class: 119K(192K)->119K(192K)
[2024-08-29T23:15:08.869+0800] GC(360) Pause Young (Allocation Failure) 1152M->1031M(1822M) 46.759ms
[2024-08-29T23:15:08.869+0800] GC(360) User=0.36s Sys=0.00s Real=0.05s
[2024-08-29T23:15:08.970+0800] GC(361) Pause Young (Allocation Failure)
[2024-08-29T23:15:09.017+0800] GC(361) PSYoungGen: 446595K(467456K)->200963K(470528K) Eden: 239416K(242176K)->0K(242176K) From: 207179K(225280K)->200963K(228352K)
[2024-08-29T23:15:09.017+0800] GC(361) ParOldGen: 848884K(1398272K)->956625K(1398272K)
[2024-08-29T23:15:09.017+0800] GC(361) Metaspace: 1652K(1856K)->1652K(1856K) NonClass: 1532K(1664K)->1532K(1664K) Class: 119K(192K)->119K(192K)
[2024-08-29T23:15:09.017+0800] GC(361) Pause Young (Allocation Failure) 1265M->1130M(1825M) 47.036ms
[2024-08-29T23:15:09.017+0800] GC(361) User=0.37s Sys=0.00s Real=0.05s
[2024-08-29T23:15:09.124+0800] GC(362) Pause Young (Allocation Failure)
[2024-08-29T23:15:09.174+0800] GC(362) PSYoungGen: 442433K(470528K)->208416K(465920K) Eden: 241469K(242176K)->0K(238080K) From: 200963K(228352K)->208416K(227840K)
[2024-08-29T23:15:09.174+0800] GC(362) ParOldGen: 956625K(1398272K)->1076422K(1398272K)
[2024-08-29T23:15:09.174+0800] GC(362) Metaspace: 1652K(1856K)->1652K(1856K) NonClass: 1532K(1664K)->1532K(1664K) Class: 119K(192K)->119K(192K)
[2024-08-29T23:15:09.174+0800] GC(362) Pause Young (Allocation Failure) 1366M->1254M(1820M) 50.124ms
[2024-08-29T23:15:09.174+0800] GC(362) User=0.39s Sys=0.00s Real=0.05s
[2024-08-29T23:15:09.270+0800] GC(363) Pause Young (Allocation Failure)
[2024-08-29T23:15:09.324+0800] GC(363) PSYoungGen: 444886K(465920K)->207121K(445440K) Eden: 236469K(238080K)->0K(238080K) From: 208416K(227840K)->207121K(207360K)
[2024-08-29T23:15:09.324+0800] GC(363) ParOldGen: 1076422K(1398272K)->1226222K(1398272K)
[2024-08-29T23:15:09.324+0800] GC(363) Metaspace: 1652K(1856K)->1652K(1856K) NonClass: 1532K(1664K)->1532K(1664K) Class: 119K(192K)->119K(192K)
[2024-08-29T23:15:09.324+0800] GC(363) Pause Young (Allocation Failure) 1485M->1399M(1800M) 53.944ms
[2024-08-29T23:15:09.324+0800] GC(363) User=0.42s Sys=0.00s Real=0.06s
[2024-08-29T23:15:09.324+0800] GC(364) Pause Full (Ergonomics)
[2024-08-29T23:15:09.324+0800] GC(364) Marking Phase
[2024-08-29T23:15:09.326+0800] GC(364) Marking Phase 2.289ms
[2024-08-29T23:15:09.326+0800] GC(364) Summary Phase
[2024-08-29T23:15:09.326+0800] GC(364) Summary Phase 0.021ms
[2024-08-29T23:15:09.326+0800] GC(364) Adjust Roots
[2024-08-29T23:15:09.327+0800] GC(364) Adjust Roots 0.543ms
[2024-08-29T23:15:09.327+0800] GC(364) Compaction Phase
[2024-08-29T23:15:09.383+0800] GC(364) Compaction Phase 56.133ms
[2024-08-29T23:15:09.383+0800] GC(364) Post Compact
[2024-08-29T23:15:09.388+0800] GC(364) Post Compact 5.246ms
[2024-08-29T23:15:09.388+0800] GC(364) PSYoungGen: 207121K(445440K)->0K(467456K) Eden: 0K(238080K)->0K(236032K) From: 207121K(207360K)->0K(231424K)
[2024-08-29T23:15:09.388+0800] GC(364) ParOldGen: 1226222K(1398272K)->544853K(1398272K)
[2024-08-29T23:15:09.388+0800] GC(364) Metaspace: 1652K(1856K)->1652K(1856K) NonClass: 1532K(1664K)->1532K(1664K) Class: 119K(192K)->119K(192K)
[2024-08-29T23:15:09.388+0800] GC(364) Pause Full (Ergonomics) 1399M->532M(1822M) 64.458ms
[2024-08-29T23:15:09.388+0800] GC(364) User=0.46s Sys=0.01s Real=0.06s
[2024-08-29T23:15:09.492+0800] GC(365) Pause Young (Allocation Failure)
[2024-08-29T23:15:09.520+0800] GC(365) PSYoungGen: 235489K(467456K)->180523K(467456K) Eden: 235489K(236032K)->0K(236032K) From: 0K(231424K)->180523K(231424K)
[2024-08-29T23:15:09.520+0800] GC(365) ParOldGen: 544853K(1398272K)->544853K(1398272K)
[2024-08-29T23:15:09.520+0800] GC(365) Metaspace: 1652K(1856K)->1652K(1856K) NonClass: 1532K(1664K)->1532K(1664K) Class: 119K(192K)->119K(192K)
[2024-08-29T23:15:09.520+0800] GC(365) Pause Young (Allocation Failure) 762M->708M(1822M) 28.349ms
[2024-08-29T23:15:09.520+0800] GC(365) User=0.21s Sys=0.00s Real=0.03s
[2024-08-29T23:15:09.619+0800] GC(366) Pause Young (Allocation Failure)
[2024-08-29T23:15:09.667+0800] GC(366) PSYoungGen: 412771K(467456K)->193927K(472064K) Eden: 232247K(236032K)->0K(241664K) From: 180523K(231424K)->193927K(230400K)
[2024-08-29T23:15:09.667+0800] GC(366) ParOldGen: 544853K(1398272K)->661475K(1398272K)
[2024-08-29T23:15:09.667+0800] GC(366) Metaspace: 1652K(1856K)->1652K(1856K) NonClass: 1532K(1664K)->1532K(1664K) Class: 119K(192K)->119K(192K)
[2024-08-29T23:15:09.667+0800] GC(366) Pause Young (Allocation Failure) 935M->835M(1826M) 48.140ms
[2024-08-29T23:15:09.667+0800] GC(366) User=0.37s Sys=0.00s Real=0.05s
[2024-08-29T23:15:09.791+0800] GC(367) Pause Young (Allocation Failure)
[2024-08-29T23:15:09.844+0800] GC(367) PSYoungGen: 434823K(472064K)->174191K(468480K) Eden: 240896K(241664K)->0K(241664K) From: 193927K(230400K)->174191K(226816K)
[2024-08-29T23:15:09.844+0800] GC(367) ParOldGen: 661475K(1398272K)->789478K(1398272K)
[2024-08-29T23:15:09.844+0800] GC(367) Metaspace: 1652K(1856K)->1652K(1856K) NonClass: 1532K(1664K)->1532K(1664K) Class: 119K(192K)->119K(192K)
[2024-08-29T23:15:09.844+0800] GC(367) Pause Young (Allocation Failure) 1070M->941M(1823M) 53.656ms
[2024-08-29T23:15:09.845+0800] GC(367) User=0.39s Sys=0.00s Real=0.06s
[2024-08-29T23:15:09.947+0800] GC(368) Pause Young (Allocation Failure)
[2024-08-29T23:15:09.996+0800] GC(368) PSYoungGen: 412208K(468480K)->172527K(472064K) Eden: 238017K(241664K)->0K(245248K) From: 174191K(226816K)->172527K(226816K)
[2024-08-29T23:15:09.996+0800] GC(368) ParOldGen: 789478K(1398272K)->879211K(1398272K)
[2024-08-29T23:15:09.996+0800] GC(368) Metaspace: 1652K(1856K)->1652K(1856K) NonClass: 1532K(1664K)->1532K(1664K) Class: 119K(192K)->119K(192K)
[2024-08-29T23:15:09.996+0800] GC(368) Pause Young (Allocation Failure) 1173M->1027M(1826M) 48.823ms
[2024-08-29T23:15:09.996+0800] GC(368) User=0.37s Sys=0.00s Real=0.05s
[2024-08-29T23:15:10.102+0800] GC(369) Pause Young (Allocation Failure)
[2024-08-29T23:15:10.145+0800] GC(369) PSYoungGen: 415743K(472064K)->191811K(472064K) Eden: 243215K(245248K)->0K(245248K) From: 172527K(226816K)->191811K(226816K)
[2024-08-29T23:15:10.145+0800] GC(369) ParOldGen: 879211K(1398272K)->962001K(1398272K)
[2024-08-29T23:15:10.145+0800] GC(369) Metaspace: 1652K(1856K)->1652K(1856K) NonClass: 1532K(1664K)->1532K(1664K) Class: 119K(192K)->119K(192K)
[2024-08-29T23:15:10.145+0800] GC(369) Pause Young (Allocation Failure) 1264M->1126M(1826M) 42.719ms
[2024-08-29T23:15:10.145+0800] GC(369) User=0.33s Sys=0.00s Real=0.05s
[2024-08-29T23:15:10.282+0800] GC(370) Pause Young (Allocation Failure)
[2024-08-29T23:15:10.319+0800] GC(370) PSYoungGen: 435125K(472064K)->148216K(466944K) Eden: 243314K(245248K)->0K(243200K) From: 191811K(226816K)->148216K(223744K)
[2024-08-29T23:15:10.319+0800] GC(370) ParOldGen: 962001K(1398272K)->1055447K(1398272K)
[2024-08-29T23:15:10.319+0800] GC(370) Metaspace: 1652K(1856K)->1652K(1856K) NonClass: 1532K(1664K)->1532K(1664K) Class: 119K(192K)->119K(192K)
[2024-08-29T23:15:10.319+0800] GC(370) Pause Young (Allocation Failure) 1364M->1175M(1821M) 36.887ms
[2024-08-29T23:15:10.319+0800] GC(370) User=0.28s Sys=0.00s Real=0.04s
[2024-08-29T23:15:10.417+0800] Heap
[2024-08-29T23:15:10.417+0800]  PSYoungGen      total 466944K, used 340735K [0x00000000d5580000, 0x0000000100000000, 0x0000000100000000)
[2024-08-29T23:15:10.417+0800]   eden space 243200K, 79% used [0x00000000d5580000,0x00000000e1181b28,0x00000000e4300000)
[2024-08-29T23:15:10.417+0800]   from space 223744K, 66% used [0x00000000f2580000,0x00000000fb63e2e0,0x0000000100000000)
[2024-08-29T23:15:10.417+0800]   to   space 227840K, 0% used [0x00000000e4300000,0x00000000e4300000,0x00000000f2180000)
[2024-08-29T23:15:10.417+0800]  ParOldGen       total 1398272K, used 1055447K [0x0000000080000000, 0x00000000d5580000, 0x00000000d5580000)
[2024-08-29T23:15:10.417+0800]   object space 1398272K, 75% used [0x0000000080000000,0x00000000c06b5c78,0x00000000d5580000)
[2024-08-29T23:15:10.417+0800]  Metaspace       used 1654K, committed 1856K, reserved 1114112K
[2024-08-29T23:15:10.417+0800]   class space    used 119K, committed 192K, reserved 1048576K
